{
  "Entries": [
    {
      "RequestUri": "https://management.azure.com/subscriptions/db1ab6f0-4769-4b27-930e-01e2ef9c123c?api-version=2019-11-01",
      "RequestMethod": "GET",
      "RequestHeaders": {
        "Accept": "application/json",
        "Authorization": "Sanitized",
        "User-Agent": "azsdk-net-ResourceManager/1.0.0-beta.2 (.NET Framework 4.8.4300.0; Microsoft Windows 10.0.19043 )",
        "x-ms-client-request-id": "07d589f3dea8f1abddda1843266e0d98",
        "x-ms-return-client-request-id": "true"
      },
      "RequestBody": null,
      "StatusCode": 200,
      "ResponseHeaders": {
        "Cache-Control": "no-cache",
        "Content-Length": "468",
        "Content-Type": "application/json; charset=utf-8",
        "Date": "Fri, 10 Sep 2021 07:12:23 GMT",
        "Expires": "-1",
        "Pragma": "no-cache",
        "Strict-Transport-Security": "max-age=31536000; includeSubDomains",
        "X-Content-Type-Options": "nosniff",
        "x-ms-correlation-request-id": "8d58f73a-a34f-4d7c-af6a-48d90b368d9c",
        "x-ms-ratelimit-remaining-subscription-reads": "11883",
        "x-ms-request-id": "8d58f73a-a34f-4d7c-af6a-48d90b368d9c",
        "x-ms-routing-request-id": "SOUTHEASTASIA:20210910T071223Z:8d58f73a-a34f-4d7c-af6a-48d90b368d9c"
      },
      "ResponseBody": {
        "id": "/subscriptions/db1ab6f0-4769-4b27-930e-01e2ef9c123c",
        "authorizationSource": "RoleBased",
        "managedByTenants": [],
        "tags": {
          "tagKey1": "tagValue1",
          "tagKey2": "tagValue2"
        },
        "subscriptionId": "db1ab6f0-4769-4b27-930e-01e2ef9c123c",
        "tenantId": "72f988bf-86f1-41af-91ab-2d7cd011db47",
        "displayName": ".NET Mgmt SDK Test with TTL = 1 Day",
        "state": "Enabled",
        "subscriptionPolicies": {
          "locationPlacementId": "Internal_2014-09-01",
          "quotaId": "Internal_2014-09-01",
          "spendingLimit": "Off"
        }
      }
    },
    {
      "RequestUri": "https://management.azure.com/subscriptions/db1ab6f0-4769-4b27-930e-01e2ef9c123c/resourcegroups/teststorageRG-8474?api-version=2019-10-01",
      "RequestMethod": "PUT",
      "RequestHeaders": {
        "Accept": "application/json",
        "Authorization": "Sanitized",
        "Content-Length": "44",
        "Content-Type": "application/json",
        "traceparent": "00-d1966168c83cf744af9e5efd207ec7ba-8670bf39ddddc248-00",
        "User-Agent": "azsdk-net-ResourceManager/1.0.0-beta.2 (.NET Framework 4.8.4300.0; Microsoft Windows 10.0.19043 )",
        "x-ms-client-request-id": "b243006b72fdfbe65fcfad03dd48b283",
        "x-ms-return-client-request-id": "true"
      },
      "RequestBody": {
        "location": "eastus2",
        "tags": {
          "test": "env"
        }
      },
      "StatusCode": 201,
      "ResponseHeaders": {
        "Cache-Control": "no-cache",
        "Content-Length": "256",
        "Content-Type": "application/json; charset=utf-8",
        "Date": "Fri, 10 Sep 2021 07:12:24 GMT",
        "Expires": "-1",
        "Pragma": "no-cache",
        "Strict-Transport-Security": "max-age=31536000; includeSubDomains",
        "X-Content-Type-Options": "nosniff",
        "x-ms-correlation-request-id": "2df2f08e-8e4e-4efa-bd75-6877ad4ea020",
        "x-ms-ratelimit-remaining-subscription-writes": "1195",
        "x-ms-request-id": "2df2f08e-8e4e-4efa-bd75-6877ad4ea020",
        "x-ms-routing-request-id": "SOUTHEASTASIA:20210910T071224Z:2df2f08e-8e4e-4efa-bd75-6877ad4ea020"
      },
      "ResponseBody": {
        "id": "/subscriptions/db1ab6f0-4769-4b27-930e-01e2ef9c123c/resourceGroups/teststorageRG-8474",
        "name": "teststorageRG-8474",
        "type": "Microsoft.Resources/resourceGroups",
        "location": "eastus2",
        "tags": {
          "test": "env"
        },
        "properties": {
          "provisioningState": "Succeeded"
        }
      }
    },
    {
      "RequestUri": "https://management.azure.com/subscriptions/db1ab6f0-4769-4b27-930e-01e2ef9c123c/resourceGroups/teststorageRG-8474/providers/Microsoft.EventHub/namespaces/namespace5364?api-version=2018-01-01-preview",
      "RequestMethod": "PUT",
      "RequestHeaders": {
        "Accept": "application/json",
        "Authorization": "Sanitized",
        "Content-Length": "48",
        "Content-Type": "application/json",
        "User-Agent": "azsdk-net-ResourceManager.EventHubs/1.0.0-alpha.20210910.1 (.NET Framework 4.8.4300.0; Microsoft Windows 10.0.19043 )",
        "x-ms-client-request-id": "01a0dd490f289b08de4532ba20807a5e",
        "x-ms-return-client-request-id": "true"
      },
      "RequestBody": {
        "tags": {},
        "location": "eastus2",
        "properties": {}
      },
      "StatusCode": 200,
      "ResponseHeaders": {
        "Cache-Control": "no-cache",
        "Content-Length": "676",
        "Content-Type": "application/json; charset=utf-8",
        "Date": "Fri, 10 Sep 2021 07:12:28 GMT",
        "Expires": "-1",
        "Pragma": "no-cache",
        "Server": [
          "Service-Bus-Resource-Provider/CH3",
          "Microsoft-HTTPAPI/2.0"
        ],
        "Server-SB": "Service-Bus-Resource-Provider/CH3",
        "Strict-Transport-Security": "max-age=31536000; includeSubDomains",
        "X-Content-Type-Options": "nosniff",
        "x-ms-client-request-id": "01a0dd490f289b08de4532ba20807a5e",
        "x-ms-correlation-request-id": "9a497a30-7a92-4847-88b3-f8dedd1f527e",
        "x-ms-ratelimit-remaining-subscription-resource-requests": "48",
        "x-ms-request-id": "d378d7df-65b7-417a-b265-6d302e1329a0_M7CH3_M7CH3",
        "x-ms-routing-request-id": "SOUTHEASTASIA:20210910T071228Z:9a497a30-7a92-4847-88b3-f8dedd1f527e"
      },
      "ResponseBody": {
        "sku": {
          "name": "Standard",
          "tier": "Standard",
          "capacity": 1
        },
        "id": "/subscriptions/db1ab6f0-4769-4b27-930e-01e2ef9c123c/resourceGroups/teststorageRG-8474/providers/Microsoft.EventHub/namespaces/namespace5364",
        "name": "namespace5364",
        "type": "Microsoft.EventHub/Namespaces",
        "location": "East US 2",
        "tags": {},
        "properties": {
          "zoneRedundant": false,
          "isAutoInflateEnabled": false,
          "maximumThroughputUnits": 0,
          "kafkaEnabled": true,
          "provisioningState": "Created",
          "metricId": "db1ab6f0-4769-4b27-930e-01e2ef9c123c:namespace5364",
          "createdAt": "2021-09-10T07:12:27.3Z",
          "updatedAt": "2021-09-10T07:12:27.3Z",
          "serviceBusEndpoint": "https://namespace5364.servicebus.windows.net:443/",
          "status": "Activating"
        }
      }
    },
    {
      "RequestUri": "https://management.azure.com/subscriptions/db1ab6f0-4769-4b27-930e-01e2ef9c123c/resourceGroups/teststorageRG-8474/providers/Microsoft.EventHub/namespaces/namespace5364?api-version=2018-01-01-preview",
      "RequestMethod": "GET",
      "RequestHeaders": {
        "Authorization": "Sanitized",
        "User-Agent": "azsdk-net-ResourceManager/1.0.0-beta.2 (.NET Framework 4.8.4300.0; Microsoft Windows 10.0.19043 )",
        "x-ms-client-request-id": "3025e9c0aff8f1423a171f2db4413f4e",
        "x-ms-return-client-request-id": "true"
      },
      "RequestBody": null,
      "StatusCode": 200,
      "ResponseHeaders": {
        "Cache-Control": "no-cache",
        "Content-Length": "676",
        "Content-Type": "application/json; charset=utf-8",
        "Date": "Fri, 10 Sep 2021 07:12:29 GMT",
        "Expires": "-1",
        "Pragma": "no-cache",
        "Server": [
          "Service-Bus-Resource-Provider/CH3",
          "Microsoft-HTTPAPI/2.0"
        ],
        "Server-SB": "Service-Bus-Resource-Provider/CH3",
        "Strict-Transport-Security": "max-age=31536000; includeSubDomains",
        "X-Content-Type-Options": "nosniff",
        "x-ms-client-request-id": "3025e9c0aff8f1423a171f2db4413f4e",
        "x-ms-correlation-request-id": "d10d7409-7c98-4e40-82e4-80e6e518abf7",
        "x-ms-ratelimit-remaining-subscription-reads": "11882",
        "x-ms-request-id": "6f0fb9a8-7b04-4b03-81f7-ec6b99d891ed_M7CH3_M7CH3",
        "x-ms-routing-request-id": "SOUTHEASTASIA:20210910T071230Z:d10d7409-7c98-4e40-82e4-80e6e518abf7"
      },
      "ResponseBody": {
        "sku": {
          "name": "Standard",
          "tier": "Standard",
          "capacity": 1
        },
        "id": "/subscriptions/db1ab6f0-4769-4b27-930e-01e2ef9c123c/resourceGroups/teststorageRG-8474/providers/Microsoft.EventHub/namespaces/namespace5364",
        "name": "namespace5364",
        "type": "Microsoft.EventHub/Namespaces",
        "location": "East US 2",
        "tags": {},
        "properties": {
          "zoneRedundant": false,
          "isAutoInflateEnabled": false,
          "maximumThroughputUnits": 0,
          "kafkaEnabled": true,
          "provisioningState": "Created",
          "metricId": "db1ab6f0-4769-4b27-930e-01e2ef9c123c:namespace5364",
          "createdAt": "2021-09-10T07:12:27.3Z",
          "updatedAt": "2021-09-10T07:12:27.3Z",
          "serviceBusEndpoint": "https://namespace5364.servicebus.windows.net:443/",
          "status": "Activating"
        }
      }
    },
    {
      "RequestUri": "https://management.azure.com/subscriptions/db1ab6f0-4769-4b27-930e-01e2ef9c123c/resourceGroups/teststorageRG-8474/providers/Microsoft.EventHub/namespaces/namespace5364?api-version=2018-01-01-preview",
      "RequestMethod": "GET",
      "RequestHeaders": {
        "Authorization": "Sanitized",
        "User-Agent": "azsdk-net-ResourceManager/1.0.0-beta.2 (.NET Framework 4.8.4300.0; Microsoft Windows 10.0.19043 )",
        "x-ms-client-request-id": "511ba4334d2453f1c7b1f5e0000aadde",
        "x-ms-return-client-request-id": "true"
      },
      "RequestBody": null,
      "StatusCode": 200,
      "ResponseHeaders": {
        "Cache-Control": "no-cache",
        "Content-Length": "676",
        "Content-Type": "application/json; charset=utf-8",
        "Date": "Fri, 10 Sep 2021 07:12:31 GMT",
        "Expires": "-1",
        "Pragma": "no-cache",
        "Server": [
          "Service-Bus-Resource-Provider/CH3",
          "Microsoft-HTTPAPI/2.0"
        ],
        "Server-SB": "Service-Bus-Resource-Provider/CH3",
        "Strict-Transport-Security": "max-age=31536000; includeSubDomains",
        "X-Content-Type-Options": "nosniff",
        "x-ms-client-request-id": "511ba4334d2453f1c7b1f5e0000aadde",
        "x-ms-correlation-request-id": "8569c880-5a2f-42b2-a071-5159d9651d97",
        "x-ms-ratelimit-remaining-subscription-reads": "11881",
        "x-ms-request-id": "e065286d-a39b-46be-8a16-b491dfa8a603_M7CH3_M7CH3",
        "x-ms-routing-request-id": "SOUTHEASTASIA:20210910T071231Z:8569c880-5a2f-42b2-a071-5159d9651d97"
      },
      "ResponseBody": {
        "sku": {
          "name": "Standard",
          "tier": "Standard",
          "capacity": 1
        },
        "id": "/subscriptions/db1ab6f0-4769-4b27-930e-01e2ef9c123c/resourceGroups/teststorageRG-8474/providers/Microsoft.EventHub/namespaces/namespace5364",
        "name": "namespace5364",
        "type": "Microsoft.EventHub/Namespaces",
        "location": "East US 2",
        "tags": {},
        "properties": {
          "zoneRedundant": false,
          "isAutoInflateEnabled": false,
          "maximumThroughputUnits": 0,
          "kafkaEnabled": true,
          "provisioningState": "Created",
          "metricId": "db1ab6f0-4769-4b27-930e-01e2ef9c123c:namespace5364",
          "createdAt": "2021-09-10T07:12:27.3Z",
          "updatedAt": "2021-09-10T07:12:27.3Z",
          "serviceBusEndpoint": "https://namespace5364.servicebus.windows.net:443/",
          "status": "Activating"
        }
      }
    },
    {
      "RequestUri": "https://management.azure.com/subscriptions/db1ab6f0-4769-4b27-930e-01e2ef9c123c/resourceGroups/teststorageRG-8474/providers/Microsoft.EventHub/namespaces/namespace5364?api-version=2018-01-01-preview",
      "RequestMethod": "GET",
      "RequestHeaders": {
        "Authorization": "Sanitized",
        "User-Agent": "azsdk-net-ResourceManager/1.0.0-beta.2 (.NET Framework 4.8.4300.0; Microsoft Windows 10.0.19043 )",
        "x-ms-client-request-id": "36facbb44a5b1266b49cfb33d5e93bc9",
        "x-ms-return-client-request-id": "true"
      },
      "RequestBody": null,
      "StatusCode": 200,
      "ResponseHeaders": {
        "Cache-Control": "no-cache",
        "Content-Length": "676",
        "Content-Type": "application/json; charset=utf-8",
        "Date": "Fri, 10 Sep 2021 07:12:32 GMT",
        "Expires": "-1",
        "Pragma": "no-cache",
        "Server": [
          "Service-Bus-Resource-Provider/CH3",
          "Microsoft-HTTPAPI/2.0"
        ],
        "Server-SB": "Service-Bus-Resource-Provider/CH3",
        "Strict-Transport-Security": "max-age=31536000; includeSubDomains",
        "X-Content-Type-Options": "nosniff",
        "x-ms-client-request-id": "36facbb44a5b1266b49cfb33d5e93bc9",
        "x-ms-correlation-request-id": "e9e5236e-a891-4054-8814-b89b840d6418",
        "x-ms-ratelimit-remaining-subscription-reads": "11880",
        "x-ms-request-id": "d6aacc96-fe24-4707-b1c3-83db6302f3e4_M7CH3_M7CH3",
        "x-ms-routing-request-id": "SOUTHEASTASIA:20210910T071232Z:e9e5236e-a891-4054-8814-b89b840d6418"
      },
      "ResponseBody": {
        "sku": {
          "name": "Standard",
          "tier": "Standard",
          "capacity": 1
        },
        "id": "/subscriptions/db1ab6f0-4769-4b27-930e-01e2ef9c123c/resourceGroups/teststorageRG-8474/providers/Microsoft.EventHub/namespaces/namespace5364",
        "name": "namespace5364",
        "type": "Microsoft.EventHub/Namespaces",
        "location": "East US 2",
        "tags": {},
        "properties": {
          "zoneRedundant": false,
          "isAutoInflateEnabled": false,
          "maximumThroughputUnits": 0,
          "kafkaEnabled": true,
          "provisioningState": "Created",
          "metricId": "db1ab6f0-4769-4b27-930e-01e2ef9c123c:namespace5364",
          "createdAt": "2021-09-10T07:12:27.3Z",
          "updatedAt": "2021-09-10T07:12:27.3Z",
          "serviceBusEndpoint": "https://namespace5364.servicebus.windows.net:443/",
          "status": "Activating"
        }
      }
    },
    {
      "RequestUri": "https://management.azure.com/subscriptions/db1ab6f0-4769-4b27-930e-01e2ef9c123c/resourceGroups/teststorageRG-8474/providers/Microsoft.EventHub/namespaces/namespace5364?api-version=2018-01-01-preview",
      "RequestMethod": "GET",
      "RequestHeaders": {
        "Authorization": "Sanitized",
        "User-Agent": "azsdk-net-ResourceManager/1.0.0-beta.2 (.NET Framework 4.8.4300.0; Microsoft Windows 10.0.19043 )",
        "x-ms-client-request-id": "48cabf093fe47241f8d16946b962f02f",
        "x-ms-return-client-request-id": "true"
      },
      "RequestBody": null,
      "StatusCode": 200,
      "ResponseHeaders": {
        "Cache-Control": "no-cache",
        "Content-Length": "676",
        "Content-Type": "application/json; charset=utf-8",
        "Date": "Fri, 10 Sep 2021 07:12:33 GMT",
        "Expires": "-1",
        "Pragma": "no-cache",
        "Server": [
          "Service-Bus-Resource-Provider/CH3",
          "Microsoft-HTTPAPI/2.0"
        ],
        "Server-SB": "Service-Bus-Resource-Provider/CH3",
        "Strict-Transport-Security": "max-age=31536000; includeSubDomains",
        "X-Content-Type-Options": "nosniff",
        "x-ms-client-request-id": "48cabf093fe47241f8d16946b962f02f",
        "x-ms-correlation-request-id": "94093205-1484-4156-a863-faf292efb307",
        "x-ms-ratelimit-remaining-subscription-reads": "11879",
        "x-ms-request-id": "0806fcc3-554c-4e6c-a76e-b1b7bae186f2_M7CH3_M7CH3",
        "x-ms-routing-request-id": "SOUTHEASTASIA:20210910T071234Z:94093205-1484-4156-a863-faf292efb307"
      },
      "ResponseBody": {
        "sku": {
          "name": "Standard",
          "tier": "Standard",
          "capacity": 1
        },
        "id": "/subscriptions/db1ab6f0-4769-4b27-930e-01e2ef9c123c/resourceGroups/teststorageRG-8474/providers/Microsoft.EventHub/namespaces/namespace5364",
        "name": "namespace5364",
        "type": "Microsoft.EventHub/Namespaces",
        "location": "East US 2",
        "tags": {},
        "properties": {
          "zoneRedundant": false,
          "isAutoInflateEnabled": false,
          "maximumThroughputUnits": 0,
          "kafkaEnabled": true,
          "provisioningState": "Created",
          "metricId": "db1ab6f0-4769-4b27-930e-01e2ef9c123c:namespace5364",
          "createdAt": "2021-09-10T07:12:27.3Z",
          "updatedAt": "2021-09-10T07:12:27.3Z",
          "serviceBusEndpoint": "https://namespace5364.servicebus.windows.net:443/",
          "status": "Activating"
        }
      }
    },
    {
      "RequestUri": "https://management.azure.com/subscriptions/db1ab6f0-4769-4b27-930e-01e2ef9c123c/resourceGroups/teststorageRG-8474/providers/Microsoft.EventHub/namespaces/namespace5364?api-version=2018-01-01-preview",
      "RequestMethod": "GET",
      "RequestHeaders": {
        "Authorization": "Sanitized",
        "User-Agent": "azsdk-net-ResourceManager/1.0.0-beta.2 (.NET Framework 4.8.4300.0; Microsoft Windows 10.0.19043 )",
        "x-ms-client-request-id": "e87941690847e8f33e089c8852bd7ddd",
        "x-ms-return-client-request-id": "true"
      },
      "RequestBody": null,
      "StatusCode": 200,
      "ResponseHeaders": {
        "Cache-Control": "no-cache",
        "Content-Length": "676",
        "Content-Type": "application/json; charset=utf-8",
        "Date": "Fri, 10 Sep 2021 07:12:35 GMT",
        "Expires": "-1",
        "Pragma": "no-cache",
        "Server": [
          "Service-Bus-Resource-Provider/CH3",
          "Microsoft-HTTPAPI/2.0"
        ],
        "Server-SB": "Service-Bus-Resource-Provider/CH3",
        "Strict-Transport-Security": "max-age=31536000; includeSubDomains",
        "X-Content-Type-Options": "nosniff",
        "x-ms-client-request-id": "e87941690847e8f33e089c8852bd7ddd",
        "x-ms-correlation-request-id": "96abc640-2eef-44fb-bee5-402f59347076",
        "x-ms-ratelimit-remaining-subscription-reads": "11878",
        "x-ms-request-id": "e1a37969-fa85-4139-8b76-5612691220fa_M7CH3_M7CH3",
        "x-ms-routing-request-id": "SOUTHEASTASIA:20210910T071235Z:96abc640-2eef-44fb-bee5-402f59347076"
      },
      "ResponseBody": {
        "sku": {
          "name": "Standard",
          "tier": "Standard",
          "capacity": 1
        },
        "id": "/subscriptions/db1ab6f0-4769-4b27-930e-01e2ef9c123c/resourceGroups/teststorageRG-8474/providers/Microsoft.EventHub/namespaces/namespace5364",
        "name": "namespace5364",
        "type": "Microsoft.EventHub/Namespaces",
        "location": "East US 2",
        "tags": {},
        "properties": {
          "zoneRedundant": false,
          "isAutoInflateEnabled": false,
          "maximumThroughputUnits": 0,
          "kafkaEnabled": true,
          "provisioningState": "Created",
          "metricId": "db1ab6f0-4769-4b27-930e-01e2ef9c123c:namespace5364",
          "createdAt": "2021-09-10T07:12:27.3Z",
          "updatedAt": "2021-09-10T07:12:27.3Z",
          "serviceBusEndpoint": "https://namespace5364.servicebus.windows.net:443/",
          "status": "Activating"
        }
      }
    },
    {
      "RequestUri": "https://management.azure.com/subscriptions/db1ab6f0-4769-4b27-930e-01e2ef9c123c/resourceGroups/teststorageRG-8474/providers/Microsoft.EventHub/namespaces/namespace5364?api-version=2018-01-01-preview",
      "RequestMethod": "GET",
      "RequestHeaders": {
        "Authorization": "Sanitized",
        "User-Agent": "azsdk-net-ResourceManager/1.0.0-beta.2 (.NET Framework 4.8.4300.0; Microsoft Windows 10.0.19043 )",
        "x-ms-client-request-id": "40d62c76644074fa8a873e89e0205952",
        "x-ms-return-client-request-id": "true"
      },
      "RequestBody": null,
      "StatusCode": 200,
      "ResponseHeaders": {
        "Cache-Control": "no-cache",
        "Content-Length": "676",
        "Content-Type": "application/json; charset=utf-8",
        "Date": "Fri, 10 Sep 2021 07:12:37 GMT",
        "Expires": "-1",
        "Pragma": "no-cache",
        "Server": [
          "Service-Bus-Resource-Provider/SN1",
          "Microsoft-HTTPAPI/2.0"
        ],
        "Server-SB": "Service-Bus-Resource-Provider/SN1",
        "Strict-Transport-Security": "max-age=31536000; includeSubDomains",
        "X-Content-Type-Options": "nosniff",
        "x-ms-client-request-id": "40d62c76644074fa8a873e89e0205952",
        "x-ms-correlation-request-id": "1b54183e-802e-4a16-a83e-632d0dd1ad7e",
        "x-ms-ratelimit-remaining-subscription-reads": "11877",
        "x-ms-request-id": "772c1228-e3e1-47b4-9c10-1d624faa7404_M4SN1_M4SN1",
        "x-ms-routing-request-id": "SOUTHEASTASIA:20210910T071237Z:1b54183e-802e-4a16-a83e-632d0dd1ad7e"
      },
      "ResponseBody": {
        "sku": {
          "name": "Standard",
          "tier": "Standard",
          "capacity": 1
        },
        "id": "/subscriptions/db1ab6f0-4769-4b27-930e-01e2ef9c123c/resourceGroups/teststorageRG-8474/providers/Microsoft.EventHub/namespaces/namespace5364",
        "name": "namespace5364",
        "type": "Microsoft.EventHub/Namespaces",
        "location": "East US 2",
        "tags": {},
        "properties": {
          "zoneRedundant": false,
          "isAutoInflateEnabled": false,
          "maximumThroughputUnits": 0,
          "kafkaEnabled": true,
          "provisioningState": "Created",
          "metricId": "db1ab6f0-4769-4b27-930e-01e2ef9c123c:namespace5364",
          "createdAt": "2021-09-10T07:12:27.3Z",
          "updatedAt": "2021-09-10T07:12:27.3Z",
          "serviceBusEndpoint": "https://namespace5364.servicebus.windows.net:443/",
          "status": "Activating"
        }
      }
    },
    {
      "RequestUri": "https://management.azure.com/subscriptions/db1ab6f0-4769-4b27-930e-01e2ef9c123c/resourceGroups/teststorageRG-8474/providers/Microsoft.EventHub/namespaces/namespace5364?api-version=2018-01-01-preview",
      "RequestMethod": "GET",
      "RequestHeaders": {
        "Authorization": "Sanitized",
        "User-Agent": "azsdk-net-ResourceManager/1.0.0-beta.2 (.NET Framework 4.8.4300.0; Microsoft Windows 10.0.19043 )",
        "x-ms-client-request-id": "94cacbab526f0182cce10adba2b9203a",
        "x-ms-return-client-request-id": "true"
      },
      "RequestBody": null,
      "StatusCode": 200,
      "ResponseHeaders": {
        "Cache-Control": "no-cache",
        "Content-Length": "676",
        "Content-Type": "application/json; charset=utf-8",
        "Date": "Fri, 10 Sep 2021 07:12:38 GMT",
        "Expires": "-1",
        "Pragma": "no-cache",
        "Server": [
          "Service-Bus-Resource-Provider/SN1",
          "Microsoft-HTTPAPI/2.0"
        ],
        "Server-SB": "Service-Bus-Resource-Provider/SN1",
        "Strict-Transport-Security": "max-age=31536000; includeSubDomains",
        "X-Content-Type-Options": "nosniff",
        "x-ms-client-request-id": "94cacbab526f0182cce10adba2b9203a",
        "x-ms-correlation-request-id": "811b8855-bdf2-44c1-8ef6-9ae7cb20207e",
        "x-ms-ratelimit-remaining-subscription-reads": "11876",
        "x-ms-request-id": "c981216e-cbed-4ac1-934c-ddfea1e740e0_M11SN1_M11SN1",
        "x-ms-routing-request-id": "SOUTHEASTASIA:20210910T071239Z:811b8855-bdf2-44c1-8ef6-9ae7cb20207e"
      },
      "ResponseBody": {
        "sku": {
          "name": "Standard",
          "tier": "Standard",
          "capacity": 1
        },
        "id": "/subscriptions/db1ab6f0-4769-4b27-930e-01e2ef9c123c/resourceGroups/teststorageRG-8474/providers/Microsoft.EventHub/namespaces/namespace5364",
        "name": "namespace5364",
        "type": "Microsoft.EventHub/Namespaces",
        "location": "East US 2",
        "tags": {},
        "properties": {
          "zoneRedundant": false,
          "isAutoInflateEnabled": false,
          "maximumThroughputUnits": 0,
          "kafkaEnabled": true,
          "provisioningState": "Created",
          "metricId": "db1ab6f0-4769-4b27-930e-01e2ef9c123c:namespace5364",
          "createdAt": "2021-09-10T07:12:27.3Z",
          "updatedAt": "2021-09-10T07:12:27.3Z",
          "serviceBusEndpoint": "https://namespace5364.servicebus.windows.net:443/",
          "status": "Activating"
        }
      }
    },
    {
      "RequestUri": "https://management.azure.com/subscriptions/db1ab6f0-4769-4b27-930e-01e2ef9c123c/resourceGroups/teststorageRG-8474/providers/Microsoft.EventHub/namespaces/namespace5364?api-version=2018-01-01-preview",
      "RequestMethod": "GET",
      "RequestHeaders": {
        "Authorization": "Sanitized",
        "User-Agent": "azsdk-net-ResourceManager/1.0.0-beta.2 (.NET Framework 4.8.4300.0; Microsoft Windows 10.0.19043 )",
        "x-ms-client-request-id": "8dcf8b53af8b04ef47055dbfc96a081d",
        "x-ms-return-client-request-id": "true"
      },
      "RequestBody": null,
      "StatusCode": 200,
      "ResponseHeaders": {
        "Cache-Control": "no-cache",
        "Content-Length": "676",
        "Content-Type": "application/json; charset=utf-8",
        "Date": "Fri, 10 Sep 2021 07:12:40 GMT",
        "Expires": "-1",
        "Pragma": "no-cache",
        "Server": [
          "Service-Bus-Resource-Provider/CH3",
          "Microsoft-HTTPAPI/2.0"
        ],
        "Server-SB": "Service-Bus-Resource-Provider/CH3",
        "Strict-Transport-Security": "max-age=31536000; includeSubDomains",
        "X-Content-Type-Options": "nosniff",
        "x-ms-client-request-id": "8dcf8b53af8b04ef47055dbfc96a081d",
        "x-ms-correlation-request-id": "0bf8559a-f672-4c22-b4e6-b763a96ff58d",
        "x-ms-ratelimit-remaining-subscription-reads": "11875",
        "x-ms-request-id": "257b96be-09c6-431e-bb93-388dbad2c762_M8CH3_M8CH3",
        "x-ms-routing-request-id": "SOUTHEASTASIA:20210910T071240Z:0bf8559a-f672-4c22-b4e6-b763a96ff58d"
      },
      "ResponseBody": {
        "sku": {
          "name": "Standard",
          "tier": "Standard",
          "capacity": 1
        },
        "id": "/subscriptions/db1ab6f0-4769-4b27-930e-01e2ef9c123c/resourceGroups/teststorageRG-8474/providers/Microsoft.EventHub/namespaces/namespace5364",
        "name": "namespace5364",
        "type": "Microsoft.EventHub/Namespaces",
        "location": "East US 2",
        "tags": {},
        "properties": {
          "zoneRedundant": false,
          "isAutoInflateEnabled": false,
          "maximumThroughputUnits": 0,
          "kafkaEnabled": true,
          "provisioningState": "Created",
          "metricId": "db1ab6f0-4769-4b27-930e-01e2ef9c123c:namespace5364",
          "createdAt": "2021-09-10T07:12:27.3Z",
          "updatedAt": "2021-09-10T07:12:27.3Z",
          "serviceBusEndpoint": "https://namespace5364.servicebus.windows.net:443/",
          "status": "Activating"
        }
      }
    },
    {
      "RequestUri": "https://management.azure.com/subscriptions/db1ab6f0-4769-4b27-930e-01e2ef9c123c/resourceGroups/teststorageRG-8474/providers/Microsoft.EventHub/namespaces/namespace5364?api-version=2018-01-01-preview",
      "RequestMethod": "GET",
      "RequestHeaders": {
        "Authorization": "Sanitized",
        "User-Agent": "azsdk-net-ResourceManager/1.0.0-beta.2 (.NET Framework 4.8.4300.0; Microsoft Windows 10.0.19043 )",
        "x-ms-client-request-id": "86dc4aaee9f3236da9d5745e5a1ed1d1",
        "x-ms-return-client-request-id": "true"
      },
      "RequestBody": null,
      "StatusCode": 200,
      "ResponseHeaders": {
        "Cache-Control": "no-cache",
        "Content-Length": "676",
        "Content-Type": "application/json; charset=utf-8",
        "Date": "Fri, 10 Sep 2021 07:12:41 GMT",
        "Expires": "-1",
        "Pragma": "no-cache",
        "Server": [
          "Service-Bus-Resource-Provider/SN1",
          "Microsoft-HTTPAPI/2.0"
        ],
        "Server-SB": "Service-Bus-Resource-Provider/SN1",
        "Strict-Transport-Security": "max-age=31536000; includeSubDomains",
        "X-Content-Type-Options": "nosniff",
        "x-ms-client-request-id": "86dc4aaee9f3236da9d5745e5a1ed1d1",
        "x-ms-correlation-request-id": "f254710d-05d8-4cbb-b942-5f4c74303d30",
        "x-ms-ratelimit-remaining-subscription-reads": "11874",
        "x-ms-request-id": "9f8ac0f7-8ac4-4a1c-8631-63d098a31a68_M11SN1_M11SN1",
        "x-ms-routing-request-id": "SOUTHEASTASIA:20210910T071241Z:f254710d-05d8-4cbb-b942-5f4c74303d30"
      },
      "ResponseBody": {
        "sku": {
          "name": "Standard",
          "tier": "Standard",
          "capacity": 1
        },
        "id": "/subscriptions/db1ab6f0-4769-4b27-930e-01e2ef9c123c/resourceGroups/teststorageRG-8474/providers/Microsoft.EventHub/namespaces/namespace5364",
        "name": "namespace5364",
        "type": "Microsoft.EventHub/Namespaces",
        "location": "East US 2",
        "tags": {},
        "properties": {
          "zoneRedundant": false,
          "isAutoInflateEnabled": false,
          "maximumThroughputUnits": 0,
          "kafkaEnabled": true,
          "provisioningState": "Created",
          "metricId": "db1ab6f0-4769-4b27-930e-01e2ef9c123c:namespace5364",
          "createdAt": "2021-09-10T07:12:27.3Z",
          "updatedAt": "2021-09-10T07:12:27.3Z",
          "serviceBusEndpoint": "https://namespace5364.servicebus.windows.net:443/",
          "status": "Activating"
        }
      }
    },
    {
      "RequestUri": "https://management.azure.com/subscriptions/db1ab6f0-4769-4b27-930e-01e2ef9c123c/resourceGroups/teststorageRG-8474/providers/Microsoft.EventHub/namespaces/namespace5364?api-version=2018-01-01-preview",
      "RequestMethod": "GET",
      "RequestHeaders": {
        "Authorization": "Sanitized",
        "User-Agent": "azsdk-net-ResourceManager/1.0.0-beta.2 (.NET Framework 4.8.4300.0; Microsoft Windows 10.0.19043 )",
        "x-ms-client-request-id": "55350366cc50fcc6dbc54d6af5c23761",
        "x-ms-return-client-request-id": "true"
      },
      "RequestBody": null,
      "StatusCode": 200,
      "ResponseHeaders": {
        "Cache-Control": "no-cache",
        "Content-Length": "676",
        "Content-Type": "application/json; charset=utf-8",
        "Date": "Fri, 10 Sep 2021 07:12:42 GMT",
        "Expires": "-1",
        "Pragma": "no-cache",
        "Server": [
          "Service-Bus-Resource-Provider/CH3",
          "Microsoft-HTTPAPI/2.0"
        ],
        "Server-SB": "Service-Bus-Resource-Provider/CH3",
        "Strict-Transport-Security": "max-age=31536000; includeSubDomains",
        "X-Content-Type-Options": "nosniff",
        "x-ms-client-request-id": "55350366cc50fcc6dbc54d6af5c23761",
        "x-ms-correlation-request-id": "5fefcede-ff96-4509-986f-31352a29f1f8",
        "x-ms-ratelimit-remaining-subscription-reads": "11873",
        "x-ms-request-id": "9e2357c0-13cb-49e0-9c8b-783c6c42df0d_M7CH3_M7CH3",
        "x-ms-routing-request-id": "SOUTHEASTASIA:20210910T071242Z:5fefcede-ff96-4509-986f-31352a29f1f8"
      },
      "ResponseBody": {
        "sku": {
          "name": "Standard",
          "tier": "Standard",
          "capacity": 1
        },
        "id": "/subscriptions/db1ab6f0-4769-4b27-930e-01e2ef9c123c/resourceGroups/teststorageRG-8474/providers/Microsoft.EventHub/namespaces/namespace5364",
        "name": "namespace5364",
        "type": "Microsoft.EventHub/Namespaces",
        "location": "East US 2",
        "tags": {},
        "properties": {
          "zoneRedundant": false,
          "isAutoInflateEnabled": false,
          "maximumThroughputUnits": 0,
          "kafkaEnabled": true,
          "provisioningState": "Created",
          "metricId": "db1ab6f0-4769-4b27-930e-01e2ef9c123c:namespace5364",
          "createdAt": "2021-09-10T07:12:27.3Z",
          "updatedAt": "2021-09-10T07:12:27.3Z",
          "serviceBusEndpoint": "https://namespace5364.servicebus.windows.net:443/",
          "status": "Activating"
        }
      }
    },
    {
      "RequestUri": "https://management.azure.com/subscriptions/db1ab6f0-4769-4b27-930e-01e2ef9c123c/resourceGroups/teststorageRG-8474/providers/Microsoft.EventHub/namespaces/namespace5364?api-version=2018-01-01-preview",
      "RequestMethod": "GET",
      "RequestHeaders": {
        "Authorization": "Sanitized",
        "User-Agent": "azsdk-net-ResourceManager/1.0.0-beta.2 (.NET Framework 4.8.4300.0; Microsoft Windows 10.0.19043 )",
        "x-ms-client-request-id": "582decd99adc6a461dace4b63b91aa28",
        "x-ms-return-client-request-id": "true"
      },
      "RequestBody": null,
      "StatusCode": 200,
      "ResponseHeaders": {
        "Cache-Control": "no-cache",
        "Content-Length": "676",
        "Content-Type": "application/json; charset=utf-8",
        "Date": "Fri, 10 Sep 2021 07:12:44 GMT",
        "Expires": "-1",
        "Pragma": "no-cache",
        "Server": [
          "Service-Bus-Resource-Provider/CH3",
          "Microsoft-HTTPAPI/2.0"
        ],
        "Server-SB": "Service-Bus-Resource-Provider/CH3",
        "Strict-Transport-Security": "max-age=31536000; includeSubDomains",
        "X-Content-Type-Options": "nosniff",
        "x-ms-client-request-id": "582decd99adc6a461dace4b63b91aa28",
        "x-ms-correlation-request-id": "37ac2310-c07e-4069-826a-7ca44672c091",
        "x-ms-ratelimit-remaining-subscription-reads": "11872",
        "x-ms-request-id": "ff653869-df9a-426b-b4ba-ab2318017931_M7CH3_M7CH3",
        "x-ms-routing-request-id": "SOUTHEASTASIA:20210910T071244Z:37ac2310-c07e-4069-826a-7ca44672c091"
      },
      "ResponseBody": {
        "sku": {
          "name": "Standard",
          "tier": "Standard",
          "capacity": 1
        },
        "id": "/subscriptions/db1ab6f0-4769-4b27-930e-01e2ef9c123c/resourceGroups/teststorageRG-8474/providers/Microsoft.EventHub/namespaces/namespace5364",
        "name": "namespace5364",
        "type": "Microsoft.EventHub/Namespaces",
        "location": "East US 2",
        "tags": {},
        "properties": {
          "zoneRedundant": false,
          "isAutoInflateEnabled": false,
          "maximumThroughputUnits": 0,
          "kafkaEnabled": true,
          "provisioningState": "Created",
          "metricId": "db1ab6f0-4769-4b27-930e-01e2ef9c123c:namespace5364",
          "createdAt": "2021-09-10T07:12:27.3Z",
          "updatedAt": "2021-09-10T07:12:27.3Z",
          "serviceBusEndpoint": "https://namespace5364.servicebus.windows.net:443/",
          "status": "Activating"
        }
      }
    },
    {
      "RequestUri": "https://management.azure.com/subscriptions/db1ab6f0-4769-4b27-930e-01e2ef9c123c/resourceGroups/teststorageRG-8474/providers/Microsoft.EventHub/namespaces/namespace5364?api-version=2018-01-01-preview",
      "RequestMethod": "GET",
      "RequestHeaders": {
        "Authorization": "Sanitized",
        "User-Agent": "azsdk-net-ResourceManager/1.0.0-beta.2 (.NET Framework 4.8.4300.0; Microsoft Windows 10.0.19043 )",
        "x-ms-client-request-id": "c5598c33b235e2cd84e0ab2d9b032ee6",
        "x-ms-return-client-request-id": "true"
      },
      "RequestBody": null,
      "StatusCode": 200,
      "ResponseHeaders": {
        "Cache-Control": "no-cache",
        "Content-Length": "676",
        "Content-Type": "application/json; charset=utf-8",
        "Date": "Fri, 10 Sep 2021 07:12:45 GMT",
        "Expires": "-1",
        "Pragma": "no-cache",
        "Server": [
          "Service-Bus-Resource-Provider/CH3",
          "Microsoft-HTTPAPI/2.0"
        ],
        "Server-SB": "Service-Bus-Resource-Provider/CH3",
        "Strict-Transport-Security": "max-age=31536000; includeSubDomains",
        "X-Content-Type-Options": "nosniff",
        "x-ms-client-request-id": "c5598c33b235e2cd84e0ab2d9b032ee6",
        "x-ms-correlation-request-id": "cf0e7a7f-cb78-43b5-b2b9-c4aa5bc8d920",
        "x-ms-ratelimit-remaining-subscription-reads": "11871",
        "x-ms-request-id": "58121795-1eac-41ca-acad-5fd65adb61f6_M7CH3_M7CH3",
        "x-ms-routing-request-id": "SOUTHEASTASIA:20210910T071245Z:cf0e7a7f-cb78-43b5-b2b9-c4aa5bc8d920"
      },
      "ResponseBody": {
        "sku": {
          "name": "Standard",
          "tier": "Standard",
          "capacity": 1
        },
        "id": "/subscriptions/db1ab6f0-4769-4b27-930e-01e2ef9c123c/resourceGroups/teststorageRG-8474/providers/Microsoft.EventHub/namespaces/namespace5364",
        "name": "namespace5364",
        "type": "Microsoft.EventHub/Namespaces",
        "location": "East US 2",
        "tags": {},
        "properties": {
          "zoneRedundant": false,
          "isAutoInflateEnabled": false,
          "maximumThroughputUnits": 0,
          "kafkaEnabled": true,
          "provisioningState": "Created",
          "metricId": "db1ab6f0-4769-4b27-930e-01e2ef9c123c:namespace5364",
          "createdAt": "2021-09-10T07:12:27.3Z",
          "updatedAt": "2021-09-10T07:12:27.3Z",
          "serviceBusEndpoint": "https://namespace5364.servicebus.windows.net:443/",
          "status": "Activating"
        }
      }
    },
    {
      "RequestUri": "https://management.azure.com/subscriptions/db1ab6f0-4769-4b27-930e-01e2ef9c123c/resourceGroups/teststorageRG-8474/providers/Microsoft.EventHub/namespaces/namespace5364?api-version=2018-01-01-preview",
      "RequestMethod": "GET",
      "RequestHeaders": {
        "Authorization": "Sanitized",
        "User-Agent": "azsdk-net-ResourceManager/1.0.0-beta.2 (.NET Framework 4.8.4300.0; Microsoft Windows 10.0.19043 )",
        "x-ms-client-request-id": "6d84129d78f1ccf4bcca37a3e80fc14a",
        "x-ms-return-client-request-id": "true"
      },
      "RequestBody": null,
      "StatusCode": 200,
      "ResponseHeaders": {
        "Cache-Control": "no-cache",
        "Content-Length": "676",
        "Content-Type": "application/json; charset=utf-8",
        "Date": "Fri, 10 Sep 2021 07:12:46 GMT",
        "Expires": "-1",
        "Pragma": "no-cache",
        "Server": [
          "Service-Bus-Resource-Provider/CH3",
          "Microsoft-HTTPAPI/2.0"
        ],
        "Server-SB": "Service-Bus-Resource-Provider/CH3",
        "Strict-Transport-Security": "max-age=31536000; includeSubDomains",
        "X-Content-Type-Options": "nosniff",
        "x-ms-client-request-id": "6d84129d78f1ccf4bcca37a3e80fc14a",
        "x-ms-correlation-request-id": "951ce6f4-006e-4831-a772-e92b17bc4eec",
        "x-ms-ratelimit-remaining-subscription-reads": "11870",
        "x-ms-request-id": "3c6f88fb-9139-46d8-b882-dc4fc92fcc9c_M8CH3_M8CH3",
        "x-ms-routing-request-id": "SOUTHEASTASIA:20210910T071246Z:951ce6f4-006e-4831-a772-e92b17bc4eec"
      },
      "ResponseBody": {
        "sku": {
          "name": "Standard",
          "tier": "Standard",
          "capacity": 1
        },
        "id": "/subscriptions/db1ab6f0-4769-4b27-930e-01e2ef9c123c/resourceGroups/teststorageRG-8474/providers/Microsoft.EventHub/namespaces/namespace5364",
        "name": "namespace5364",
        "type": "Microsoft.EventHub/Namespaces",
        "location": "East US 2",
        "tags": {},
        "properties": {
          "zoneRedundant": false,
          "isAutoInflateEnabled": false,
          "maximumThroughputUnits": 0,
          "kafkaEnabled": true,
          "provisioningState": "Created",
          "metricId": "db1ab6f0-4769-4b27-930e-01e2ef9c123c:namespace5364",
          "createdAt": "2021-09-10T07:12:27.3Z",
          "updatedAt": "2021-09-10T07:12:27.3Z",
          "serviceBusEndpoint": "https://namespace5364.servicebus.windows.net:443/",
          "status": "Activating"
        }
      }
    },
    {
      "RequestUri": "https://management.azure.com/subscriptions/db1ab6f0-4769-4b27-930e-01e2ef9c123c/resourceGroups/teststorageRG-8474/providers/Microsoft.EventHub/namespaces/namespace5364?api-version=2018-01-01-preview",
      "RequestMethod": "GET",
      "RequestHeaders": {
        "Authorization": "Sanitized",
        "User-Agent": "azsdk-net-ResourceManager/1.0.0-beta.2 (.NET Framework 4.8.4300.0; Microsoft Windows 10.0.19043 )",
        "x-ms-client-request-id": "6836241b7169262c1f4ad3fcef19ce1a",
        "x-ms-return-client-request-id": "true"
      },
      "RequestBody": null,
      "StatusCode": 200,
      "ResponseHeaders": {
        "Cache-Control": "no-cache",
        "Content-Length": "676",
        "Content-Type": "application/json; charset=utf-8",
        "Date": "Fri, 10 Sep 2021 07:12:47 GMT",
        "Expires": "-1",
        "Pragma": "no-cache",
        "Server": [
          "Service-Bus-Resource-Provider/CH3",
          "Microsoft-HTTPAPI/2.0"
        ],
        "Server-SB": "Service-Bus-Resource-Provider/CH3",
        "Strict-Transport-Security": "max-age=31536000; includeSubDomains",
        "X-Content-Type-Options": "nosniff",
        "x-ms-client-request-id": "6836241b7169262c1f4ad3fcef19ce1a",
        "x-ms-correlation-request-id": "96143baf-6431-459e-b468-eb999c939ee3",
        "x-ms-ratelimit-remaining-subscription-reads": "11869",
        "x-ms-request-id": "c1e6ad24-0b76-4dec-a700-eb295e3576f2_M8CH3_M8CH3",
        "x-ms-routing-request-id": "SOUTHEASTASIA:20210910T071248Z:96143baf-6431-459e-b468-eb999c939ee3"
      },
      "ResponseBody": {
        "sku": {
          "name": "Standard",
          "tier": "Standard",
          "capacity": 1
        },
        "id": "/subscriptions/db1ab6f0-4769-4b27-930e-01e2ef9c123c/resourceGroups/teststorageRG-8474/providers/Microsoft.EventHub/namespaces/namespace5364",
        "name": "namespace5364",
        "type": "Microsoft.EventHub/Namespaces",
        "location": "East US 2",
        "tags": {},
        "properties": {
          "zoneRedundant": false,
          "isAutoInflateEnabled": false,
          "maximumThroughputUnits": 0,
          "kafkaEnabled": true,
          "provisioningState": "Created",
          "metricId": "db1ab6f0-4769-4b27-930e-01e2ef9c123c:namespace5364",
          "createdAt": "2021-09-10T07:12:27.3Z",
          "updatedAt": "2021-09-10T07:12:27.3Z",
          "serviceBusEndpoint": "https://namespace5364.servicebus.windows.net:443/",
          "status": "Activating"
        }
      }
    },
    {
      "RequestUri": "https://management.azure.com/subscriptions/db1ab6f0-4769-4b27-930e-01e2ef9c123c/resourceGroups/teststorageRG-8474/providers/Microsoft.EventHub/namespaces/namespace5364?api-version=2018-01-01-preview",
      "RequestMethod": "GET",
      "RequestHeaders": {
        "Authorization": "Sanitized",
        "User-Agent": "azsdk-net-ResourceManager/1.0.0-beta.2 (.NET Framework 4.8.4300.0; Microsoft Windows 10.0.19043 )",
        "x-ms-client-request-id": "2818fd7d3d0cba37988d086a7a29fa74",
        "x-ms-return-client-request-id": "true"
      },
      "RequestBody": null,
      "StatusCode": 200,
      "ResponseHeaders": {
        "Cache-Control": "no-cache",
        "Content-Length": "676",
        "Content-Type": "application/json; charset=utf-8",
        "Date": "Fri, 10 Sep 2021 07:12:49 GMT",
        "Expires": "-1",
        "Pragma": "no-cache",
        "Server": [
          "Service-Bus-Resource-Provider/CH3",
          "Microsoft-HTTPAPI/2.0"
        ],
        "Server-SB": "Service-Bus-Resource-Provider/CH3",
        "Strict-Transport-Security": "max-age=31536000; includeSubDomains",
        "X-Content-Type-Options": "nosniff",
        "x-ms-client-request-id": "2818fd7d3d0cba37988d086a7a29fa74",
        "x-ms-correlation-request-id": "4e0db030-c26f-462b-8d13-de0921244d88",
        "x-ms-ratelimit-remaining-subscription-reads": "11868",
        "x-ms-request-id": "c9c5e607-4e2d-4f4a-b64b-f4c6367cccde_M7CH3_M7CH3",
        "x-ms-routing-request-id": "SOUTHEASTASIA:20210910T071249Z:4e0db030-c26f-462b-8d13-de0921244d88"
      },
      "ResponseBody": {
        "sku": {
          "name": "Standard",
          "tier": "Standard",
          "capacity": 1
        },
        "id": "/subscriptions/db1ab6f0-4769-4b27-930e-01e2ef9c123c/resourceGroups/teststorageRG-8474/providers/Microsoft.EventHub/namespaces/namespace5364",
        "name": "namespace5364",
        "type": "Microsoft.EventHub/Namespaces",
        "location": "East US 2",
        "tags": {},
        "properties": {
          "zoneRedundant": false,
          "isAutoInflateEnabled": false,
          "maximumThroughputUnits": 0,
          "kafkaEnabled": true,
          "provisioningState": "Created",
          "metricId": "db1ab6f0-4769-4b27-930e-01e2ef9c123c:namespace5364",
          "createdAt": "2021-09-10T07:12:27.3Z",
          "updatedAt": "2021-09-10T07:12:27.3Z",
          "serviceBusEndpoint": "https://namespace5364.servicebus.windows.net:443/",
          "status": "Activating"
        }
      }
    },
    {
      "RequestUri": "https://management.azure.com/subscriptions/db1ab6f0-4769-4b27-930e-01e2ef9c123c/resourceGroups/teststorageRG-8474/providers/Microsoft.EventHub/namespaces/namespace5364?api-version=2018-01-01-preview",
      "RequestMethod": "GET",
      "RequestHeaders": {
        "Authorization": "Sanitized",
        "User-Agent": "azsdk-net-ResourceManager/1.0.0-beta.2 (.NET Framework 4.8.4300.0; Microsoft Windows 10.0.19043 )",
        "x-ms-client-request-id": "7612601ec6cc2b7de55d4ea6a5f8dda3",
        "x-ms-return-client-request-id": "true"
      },
      "RequestBody": null,
      "StatusCode": 200,
      "ResponseHeaders": {
        "Cache-Control": "no-cache",
        "Content-Length": "676",
        "Content-Type": "application/json; charset=utf-8",
        "Date": "Fri, 10 Sep 2021 07:12:50 GMT",
        "Expires": "-1",
        "Pragma": "no-cache",
        "Server": [
          "Service-Bus-Resource-Provider/CH3",
          "Microsoft-HTTPAPI/2.0"
        ],
        "Server-SB": "Service-Bus-Resource-Provider/CH3",
        "Strict-Transport-Security": "max-age=31536000; includeSubDomains",
        "X-Content-Type-Options": "nosniff",
        "x-ms-client-request-id": "7612601ec6cc2b7de55d4ea6a5f8dda3",
        "x-ms-correlation-request-id": "d067093d-a72e-49e9-a788-cf7cea1d88fc",
        "x-ms-ratelimit-remaining-subscription-reads": "11867",
        "x-ms-request-id": "e400823c-85a5-47af-bbf8-3c918169b7b7_M7CH3_M7CH3",
        "x-ms-routing-request-id": "SOUTHEASTASIA:20210910T071250Z:d067093d-a72e-49e9-a788-cf7cea1d88fc"
      },
      "ResponseBody": {
        "sku": {
          "name": "Standard",
          "tier": "Standard",
          "capacity": 1
        },
        "id": "/subscriptions/db1ab6f0-4769-4b27-930e-01e2ef9c123c/resourceGroups/teststorageRG-8474/providers/Microsoft.EventHub/namespaces/namespace5364",
        "name": "namespace5364",
        "type": "Microsoft.EventHub/Namespaces",
        "location": "East US 2",
        "tags": {},
        "properties": {
          "zoneRedundant": false,
          "isAutoInflateEnabled": false,
          "maximumThroughputUnits": 0,
          "kafkaEnabled": true,
          "provisioningState": "Created",
          "metricId": "db1ab6f0-4769-4b27-930e-01e2ef9c123c:namespace5364",
          "createdAt": "2021-09-10T07:12:27.3Z",
          "updatedAt": "2021-09-10T07:12:27.3Z",
          "serviceBusEndpoint": "https://namespace5364.servicebus.windows.net:443/",
          "status": "Activating"
        }
      }
    },
    {
      "RequestUri": "https://management.azure.com/subscriptions/db1ab6f0-4769-4b27-930e-01e2ef9c123c/resourceGroups/teststorageRG-8474/providers/Microsoft.EventHub/namespaces/namespace5364?api-version=2018-01-01-preview",
      "RequestMethod": "GET",
      "RequestHeaders": {
        "Authorization": "Sanitized",
        "User-Agent": "azsdk-net-ResourceManager/1.0.0-beta.2 (.NET Framework 4.8.4300.0; Microsoft Windows 10.0.19043 )",
        "x-ms-client-request-id": "ea251dfb98f7dd3ded7cd0dc69c2acf5",
        "x-ms-return-client-request-id": "true"
      },
      "RequestBody": null,
      "StatusCode": 200,
      "ResponseHeaders": {
        "Cache-Control": "no-cache",
        "Content-Length": "676",
        "Content-Type": "application/json; charset=utf-8",
        "Date": "Fri, 10 Sep 2021 07:12:51 GMT",
        "Expires": "-1",
        "Pragma": "no-cache",
        "Server": [
          "Service-Bus-Resource-Provider/CH3",
          "Microsoft-HTTPAPI/2.0"
        ],
        "Server-SB": "Service-Bus-Resource-Provider/CH3",
        "Strict-Transport-Security": "max-age=31536000; includeSubDomains",
        "X-Content-Type-Options": "nosniff",
        "x-ms-client-request-id": "ea251dfb98f7dd3ded7cd0dc69c2acf5",
        "x-ms-correlation-request-id": "40e89426-a358-4625-8797-c5c71e3061ff",
        "x-ms-ratelimit-remaining-subscription-reads": "11866",
        "x-ms-request-id": "10e72714-8ad6-48c8-9379-a4dc953ffb46_M7CH3_M7CH3",
        "x-ms-routing-request-id": "SOUTHEASTASIA:20210910T071252Z:40e89426-a358-4625-8797-c5c71e3061ff"
      },
      "ResponseBody": {
        "sku": {
          "name": "Standard",
          "tier": "Standard",
          "capacity": 1
        },
        "id": "/subscriptions/db1ab6f0-4769-4b27-930e-01e2ef9c123c/resourceGroups/teststorageRG-8474/providers/Microsoft.EventHub/namespaces/namespace5364",
        "name": "namespace5364",
        "type": "Microsoft.EventHub/Namespaces",
        "location": "East US 2",
        "tags": {},
        "properties": {
          "zoneRedundant": false,
          "isAutoInflateEnabled": false,
          "maximumThroughputUnits": 0,
          "kafkaEnabled": true,
          "provisioningState": "Created",
          "metricId": "db1ab6f0-4769-4b27-930e-01e2ef9c123c:namespace5364",
          "createdAt": "2021-09-10T07:12:27.3Z",
          "updatedAt": "2021-09-10T07:12:27.3Z",
          "serviceBusEndpoint": "https://namespace5364.servicebus.windows.net:443/",
          "status": "Activating"
        }
      }
    },
    {
      "RequestUri": "https://management.azure.com/subscriptions/db1ab6f0-4769-4b27-930e-01e2ef9c123c/resourceGroups/teststorageRG-8474/providers/Microsoft.EventHub/namespaces/namespace5364?api-version=2018-01-01-preview",
      "RequestMethod": "GET",
      "RequestHeaders": {
        "Authorization": "Sanitized",
        "User-Agent": "azsdk-net-ResourceManager/1.0.0-beta.2 (.NET Framework 4.8.4300.0; Microsoft Windows 10.0.19043 )",
        "x-ms-client-request-id": "8edd5f4f5806b74e80ed42aeef90159f",
        "x-ms-return-client-request-id": "true"
      },
      "RequestBody": null,
      "StatusCode": 200,
      "ResponseHeaders": {
        "Cache-Control": "no-cache",
        "Content-Length": "676",
        "Content-Type": "application/json; charset=utf-8",
        "Date": "Fri, 10 Sep 2021 07:12:53 GMT",
        "Expires": "-1",
        "Pragma": "no-cache",
        "Server": [
          "Service-Bus-Resource-Provider/CH3",
          "Microsoft-HTTPAPI/2.0"
        ],
        "Server-SB": "Service-Bus-Resource-Provider/CH3",
        "Strict-Transport-Security": "max-age=31536000; includeSubDomains",
        "X-Content-Type-Options": "nosniff",
        "x-ms-client-request-id": "8edd5f4f5806b74e80ed42aeef90159f",
        "x-ms-correlation-request-id": "5476448b-4643-4726-b64f-7e6468cda22b",
        "x-ms-ratelimit-remaining-subscription-reads": "11865",
        "x-ms-request-id": "27eb446a-94e1-4400-a183-53c039fb315e_M8CH3_M8CH3",
        "x-ms-routing-request-id": "SOUTHEASTASIA:20210910T071253Z:5476448b-4643-4726-b64f-7e6468cda22b"
      },
      "ResponseBody": {
        "sku": {
          "name": "Standard",
          "tier": "Standard",
          "capacity": 1
        },
        "id": "/subscriptions/db1ab6f0-4769-4b27-930e-01e2ef9c123c/resourceGroups/teststorageRG-8474/providers/Microsoft.EventHub/namespaces/namespace5364",
        "name": "namespace5364",
        "type": "Microsoft.EventHub/Namespaces",
        "location": "East US 2",
        "tags": {},
        "properties": {
          "zoneRedundant": false,
          "isAutoInflateEnabled": false,
          "maximumThroughputUnits": 0,
          "kafkaEnabled": true,
          "provisioningState": "Created",
          "metricId": "db1ab6f0-4769-4b27-930e-01e2ef9c123c:namespace5364",
          "createdAt": "2021-09-10T07:12:27.3Z",
          "updatedAt": "2021-09-10T07:12:27.3Z",
          "serviceBusEndpoint": "https://namespace5364.servicebus.windows.net:443/",
          "status": "Activating"
        }
      }
    },
    {
      "RequestUri": "https://management.azure.com/subscriptions/db1ab6f0-4769-4b27-930e-01e2ef9c123c/resourceGroups/teststorageRG-8474/providers/Microsoft.EventHub/namespaces/namespace5364?api-version=2018-01-01-preview",
      "RequestMethod": "GET",
      "RequestHeaders": {
        "Authorization": "Sanitized",
        "User-Agent": "azsdk-net-ResourceManager/1.0.0-beta.2 (.NET Framework 4.8.4300.0; Microsoft Windows 10.0.19043 )",
        "x-ms-client-request-id": "5d6e64af1003857d23348950f5a0c223",
        "x-ms-return-client-request-id": "true"
      },
      "RequestBody": null,
      "StatusCode": 200,
      "ResponseHeaders": {
        "Cache-Control": "no-cache",
        "Content-Length": "676",
        "Content-Type": "application/json; charset=utf-8",
        "Date": "Fri, 10 Sep 2021 07:12:54 GMT",
        "Expires": "-1",
        "Pragma": "no-cache",
        "Server": [
          "Service-Bus-Resource-Provider/SN1",
          "Microsoft-HTTPAPI/2.0"
        ],
        "Server-SB": "Service-Bus-Resource-Provider/SN1",
        "Strict-Transport-Security": "max-age=31536000; includeSubDomains",
        "X-Content-Type-Options": "nosniff",
        "x-ms-client-request-id": "5d6e64af1003857d23348950f5a0c223",
        "x-ms-correlation-request-id": "13a83f92-6ca6-43a6-9d7e-27974cf9d484",
        "x-ms-ratelimit-remaining-subscription-reads": "11864",
        "x-ms-request-id": "0deeaade-009d-42cd-9eb4-8b203360cc09_M11SN1_M11SN1",
        "x-ms-routing-request-id": "SOUTHEASTASIA:20210910T071254Z:13a83f92-6ca6-43a6-9d7e-27974cf9d484"
      },
      "ResponseBody": {
        "sku": {
          "name": "Standard",
          "tier": "Standard",
          "capacity": 1
        },
        "id": "/subscriptions/db1ab6f0-4769-4b27-930e-01e2ef9c123c/resourceGroups/teststorageRG-8474/providers/Microsoft.EventHub/namespaces/namespace5364",
        "name": "namespace5364",
        "type": "Microsoft.EventHub/Namespaces",
        "location": "East US 2",
        "tags": {},
        "properties": {
          "zoneRedundant": false,
          "isAutoInflateEnabled": false,
          "maximumThroughputUnits": 0,
          "kafkaEnabled": true,
          "provisioningState": "Created",
          "metricId": "db1ab6f0-4769-4b27-930e-01e2ef9c123c:namespace5364",
          "createdAt": "2021-09-10T07:12:27.3Z",
          "updatedAt": "2021-09-10T07:12:27.3Z",
          "serviceBusEndpoint": "https://namespace5364.servicebus.windows.net:443/",
          "status": "Activating"
        }
      }
    },
    {
      "RequestUri": "https://management.azure.com/subscriptions/db1ab6f0-4769-4b27-930e-01e2ef9c123c/resourceGroups/teststorageRG-8474/providers/Microsoft.EventHub/namespaces/namespace5364?api-version=2018-01-01-preview",
      "RequestMethod": "GET",
      "RequestHeaders": {
        "Authorization": "Sanitized",
        "User-Agent": "azsdk-net-ResourceManager/1.0.0-beta.2 (.NET Framework 4.8.4300.0; Microsoft Windows 10.0.19043 )",
        "x-ms-client-request-id": "455758b14f1aa39dcf6e6a0a568eee5c",
        "x-ms-return-client-request-id": "true"
      },
      "RequestBody": null,
      "StatusCode": 200,
      "ResponseHeaders": {
        "Cache-Control": "no-cache",
        "Content-Length": "676",
        "Content-Type": "application/json; charset=utf-8",
        "Date": "Fri, 10 Sep 2021 07:12:55 GMT",
        "Expires": "-1",
        "Pragma": "no-cache",
        "Server": [
          "Service-Bus-Resource-Provider/CH3",
          "Microsoft-HTTPAPI/2.0"
        ],
        "Server-SB": "Service-Bus-Resource-Provider/CH3",
        "Strict-Transport-Security": "max-age=31536000; includeSubDomains",
        "X-Content-Type-Options": "nosniff",
        "x-ms-client-request-id": "455758b14f1aa39dcf6e6a0a568eee5c",
        "x-ms-correlation-request-id": "c76e89ac-2ad9-45c0-8c0a-41f8047ac174",
        "x-ms-ratelimit-remaining-subscription-reads": "11863",
        "x-ms-request-id": "bf9d7849-dec4-4469-8c1e-3ff8de89b8fa_M7CH3_M7CH3",
        "x-ms-routing-request-id": "SOUTHEASTASIA:20210910T071256Z:c76e89ac-2ad9-45c0-8c0a-41f8047ac174"
      },
      "ResponseBody": {
        "sku": {
          "name": "Standard",
          "tier": "Standard",
          "capacity": 1
        },
        "id": "/subscriptions/db1ab6f0-4769-4b27-930e-01e2ef9c123c/resourceGroups/teststorageRG-8474/providers/Microsoft.EventHub/namespaces/namespace5364",
        "name": "namespace5364",
        "type": "Microsoft.EventHub/Namespaces",
        "location": "East US 2",
        "tags": {},
        "properties": {
          "zoneRedundant": false,
          "isAutoInflateEnabled": false,
          "maximumThroughputUnits": 0,
          "kafkaEnabled": true,
          "provisioningState": "Created",
          "metricId": "db1ab6f0-4769-4b27-930e-01e2ef9c123c:namespace5364",
          "createdAt": "2021-09-10T07:12:27.3Z",
          "updatedAt": "2021-09-10T07:12:27.3Z",
          "serviceBusEndpoint": "https://namespace5364.servicebus.windows.net:443/",
          "status": "Activating"
        }
      }
    },
    {
      "RequestUri": "https://management.azure.com/subscriptions/db1ab6f0-4769-4b27-930e-01e2ef9c123c/resourceGroups/teststorageRG-8474/providers/Microsoft.EventHub/namespaces/namespace5364?api-version=2018-01-01-preview",
      "RequestMethod": "GET",
      "RequestHeaders": {
        "Authorization": "Sanitized",
        "User-Agent": "azsdk-net-ResourceManager/1.0.0-beta.2 (.NET Framework 4.8.4300.0; Microsoft Windows 10.0.19043 )",
        "x-ms-client-request-id": "042c30664f533ff1e2576ad1cefec2df",
        "x-ms-return-client-request-id": "true"
      },
      "RequestBody": null,
      "StatusCode": 200,
      "ResponseHeaders": {
        "Cache-Control": "no-cache",
        "Content-Length": "676",
        "Content-Type": "application/json; charset=utf-8",
        "Date": "Fri, 10 Sep 2021 07:12:57 GMT",
        "Expires": "-1",
        "Pragma": "no-cache",
        "Server": [
          "Service-Bus-Resource-Provider/CH3",
          "Microsoft-HTTPAPI/2.0"
        ],
        "Server-SB": "Service-Bus-Resource-Provider/CH3",
        "Strict-Transport-Security": "max-age=31536000; includeSubDomains",
        "X-Content-Type-Options": "nosniff",
        "x-ms-client-request-id": "042c30664f533ff1e2576ad1cefec2df",
        "x-ms-correlation-request-id": "680a6b85-dc3f-4b4d-8ea0-cc87f9439c45",
        "x-ms-ratelimit-remaining-subscription-reads": "11862",
        "x-ms-request-id": "ccb8108f-fcc1-4c76-97b5-292d960f7ceb_M7CH3_M7CH3",
        "x-ms-routing-request-id": "SOUTHEASTASIA:20210910T071257Z:680a6b85-dc3f-4b4d-8ea0-cc87f9439c45"
      },
      "ResponseBody": {
        "sku": {
          "name": "Standard",
          "tier": "Standard",
          "capacity": 1
        },
        "id": "/subscriptions/db1ab6f0-4769-4b27-930e-01e2ef9c123c/resourceGroups/teststorageRG-8474/providers/Microsoft.EventHub/namespaces/namespace5364",
        "name": "namespace5364",
        "type": "Microsoft.EventHub/Namespaces",
        "location": "East US 2",
        "tags": {},
        "properties": {
          "zoneRedundant": false,
          "isAutoInflateEnabled": false,
          "maximumThroughputUnits": 0,
          "kafkaEnabled": true,
          "provisioningState": "Created",
          "metricId": "db1ab6f0-4769-4b27-930e-01e2ef9c123c:namespace5364",
          "createdAt": "2021-09-10T07:12:27.3Z",
          "updatedAt": "2021-09-10T07:12:27.3Z",
          "serviceBusEndpoint": "https://namespace5364.servicebus.windows.net:443/",
          "status": "Activating"
        }
      }
    },
    {
      "RequestUri": "https://management.azure.com/subscriptions/db1ab6f0-4769-4b27-930e-01e2ef9c123c/resourceGroups/teststorageRG-8474/providers/Microsoft.EventHub/namespaces/namespace5364?api-version=2018-01-01-preview",
      "RequestMethod": "GET",
      "RequestHeaders": {
        "Authorization": "Sanitized",
        "User-Agent": "azsdk-net-ResourceManager/1.0.0-beta.2 (.NET Framework 4.8.4300.0; Microsoft Windows 10.0.19043 )",
        "x-ms-client-request-id": "96fd1e2ad0396085c7cb8d95a6722f94",
        "x-ms-return-client-request-id": "true"
      },
      "RequestBody": null,
      "StatusCode": 200,
      "ResponseHeaders": {
        "Cache-Control": "no-cache",
        "Content-Length": "676",
        "Content-Type": "application/json; charset=utf-8",
        "Date": "Fri, 10 Sep 2021 07:12:58 GMT",
        "Expires": "-1",
        "Pragma": "no-cache",
        "Server": [
          "Service-Bus-Resource-Provider/CH3",
          "Microsoft-HTTPAPI/2.0"
        ],
        "Server-SB": "Service-Bus-Resource-Provider/CH3",
        "Strict-Transport-Security": "max-age=31536000; includeSubDomains",
        "X-Content-Type-Options": "nosniff",
        "x-ms-client-request-id": "96fd1e2ad0396085c7cb8d95a6722f94",
        "x-ms-correlation-request-id": "bd654761-5b3f-4c21-bd2f-15cae773ab57",
        "x-ms-ratelimit-remaining-subscription-reads": "11861",
        "x-ms-request-id": "bfa9c196-e4c4-4290-9f65-85d3e03ba56a_M7CH3_M7CH3",
        "x-ms-routing-request-id": "SOUTHEASTASIA:20210910T071258Z:bd654761-5b3f-4c21-bd2f-15cae773ab57"
      },
      "ResponseBody": {
        "sku": {
          "name": "Standard",
          "tier": "Standard",
          "capacity": 1
        },
        "id": "/subscriptions/db1ab6f0-4769-4b27-930e-01e2ef9c123c/resourceGroups/teststorageRG-8474/providers/Microsoft.EventHub/namespaces/namespace5364",
        "name": "namespace5364",
        "type": "Microsoft.EventHub/Namespaces",
        "location": "East US 2",
        "tags": {},
        "properties": {
          "zoneRedundant": false,
          "isAutoInflateEnabled": false,
          "maximumThroughputUnits": 0,
          "kafkaEnabled": true,
          "provisioningState": "Created",
          "metricId": "db1ab6f0-4769-4b27-930e-01e2ef9c123c:namespace5364",
          "createdAt": "2021-09-10T07:12:27.3Z",
          "updatedAt": "2021-09-10T07:12:27.3Z",
          "serviceBusEndpoint": "https://namespace5364.servicebus.windows.net:443/",
          "status": "Activating"
        }
      }
    },
    {
      "RequestUri": "https://management.azure.com/subscriptions/db1ab6f0-4769-4b27-930e-01e2ef9c123c/resourceGroups/teststorageRG-8474/providers/Microsoft.EventHub/namespaces/namespace5364?api-version=2018-01-01-preview",
      "RequestMethod": "GET",
      "RequestHeaders": {
        "Authorization": "Sanitized",
        "User-Agent": "azsdk-net-ResourceManager/1.0.0-beta.2 (.NET Framework 4.8.4300.0; Microsoft Windows 10.0.19043 )",
        "x-ms-client-request-id": "c5ea2d46be7462cf671762c2e4ccd5d1",
        "x-ms-return-client-request-id": "true"
      },
      "RequestBody": null,
      "StatusCode": 200,
      "ResponseHeaders": {
        "Cache-Control": "no-cache",
        "Content-Length": "676",
        "Content-Type": "application/json; charset=utf-8",
        "Date": "Fri, 10 Sep 2021 07:12:59 GMT",
        "Expires": "-1",
        "Pragma": "no-cache",
        "Server": [
          "Service-Bus-Resource-Provider/CH3",
          "Microsoft-HTTPAPI/2.0"
        ],
        "Server-SB": "Service-Bus-Resource-Provider/CH3",
        "Strict-Transport-Security": "max-age=31536000; includeSubDomains",
        "X-Content-Type-Options": "nosniff",
        "x-ms-client-request-id": "c5ea2d46be7462cf671762c2e4ccd5d1",
        "x-ms-correlation-request-id": "3dfdacd1-03df-44af-ad96-d0472fb7cf3d",
        "x-ms-ratelimit-remaining-subscription-reads": "11860",
        "x-ms-request-id": "281fefd6-4de5-4c4a-8907-2e5a4c02173f_M7CH3_M7CH3",
        "x-ms-routing-request-id": "SOUTHEASTASIA:20210910T071300Z:3dfdacd1-03df-44af-ad96-d0472fb7cf3d"
      },
      "ResponseBody": {
        "sku": {
          "name": "Standard",
          "tier": "Standard",
          "capacity": 1
        },
        "id": "/subscriptions/db1ab6f0-4769-4b27-930e-01e2ef9c123c/resourceGroups/teststorageRG-8474/providers/Microsoft.EventHub/namespaces/namespace5364",
        "name": "namespace5364",
        "type": "Microsoft.EventHub/Namespaces",
        "location": "East US 2",
        "tags": {},
        "properties": {
          "zoneRedundant": false,
          "isAutoInflateEnabled": false,
          "maximumThroughputUnits": 0,
          "kafkaEnabled": true,
          "provisioningState": "Created",
          "metricId": "db1ab6f0-4769-4b27-930e-01e2ef9c123c:namespace5364",
          "createdAt": "2021-09-10T07:12:27.3Z",
          "updatedAt": "2021-09-10T07:12:27.3Z",
          "serviceBusEndpoint": "https://namespace5364.servicebus.windows.net:443/",
          "status": "Activating"
        }
      }
    },
    {
      "RequestUri": "https://management.azure.com/subscriptions/db1ab6f0-4769-4b27-930e-01e2ef9c123c/resourceGroups/teststorageRG-8474/providers/Microsoft.EventHub/namespaces/namespace5364?api-version=2018-01-01-preview",
      "RequestMethod": "GET",
      "RequestHeaders": {
        "Authorization": "Sanitized",
        "User-Agent": "azsdk-net-ResourceManager/1.0.0-beta.2 (.NET Framework 4.8.4300.0; Microsoft Windows 10.0.19043 )",
        "x-ms-client-request-id": "37df8aab58919523aacb3c88c15b996f",
        "x-ms-return-client-request-id": "true"
      },
      "RequestBody": null,
      "StatusCode": 200,
      "ResponseHeaders": {
        "Cache-Control": "no-cache",
        "Content-Length": "676",
        "Content-Type": "application/json; charset=utf-8",
        "Date": "Fri, 10 Sep 2021 07:13:01 GMT",
        "Expires": "-1",
        "Pragma": "no-cache",
        "Server": [
          "Service-Bus-Resource-Provider/CH3",
          "Microsoft-HTTPAPI/2.0"
        ],
        "Server-SB": "Service-Bus-Resource-Provider/CH3",
        "Strict-Transport-Security": "max-age=31536000; includeSubDomains",
        "X-Content-Type-Options": "nosniff",
        "x-ms-client-request-id": "37df8aab58919523aacb3c88c15b996f",
        "x-ms-correlation-request-id": "34533443-57d5-4ced-8e3f-3bd45e9c90b2",
        "x-ms-ratelimit-remaining-subscription-reads": "11859",
        "x-ms-request-id": "1e17ae08-67da-4170-8f2e-fe56cb68467b_M7CH3_M7CH3",
        "x-ms-routing-request-id": "SOUTHEASTASIA:20210910T071301Z:34533443-57d5-4ced-8e3f-3bd45e9c90b2"
      },
      "ResponseBody": {
        "sku": {
          "name": "Standard",
          "tier": "Standard",
          "capacity": 1
        },
        "id": "/subscriptions/db1ab6f0-4769-4b27-930e-01e2ef9c123c/resourceGroups/teststorageRG-8474/providers/Microsoft.EventHub/namespaces/namespace5364",
        "name": "namespace5364",
        "type": "Microsoft.EventHub/Namespaces",
        "location": "East US 2",
        "tags": {},
        "properties": {
          "zoneRedundant": false,
          "isAutoInflateEnabled": false,
          "maximumThroughputUnits": 0,
          "kafkaEnabled": true,
          "provisioningState": "Created",
          "metricId": "db1ab6f0-4769-4b27-930e-01e2ef9c123c:namespace5364",
          "createdAt": "2021-09-10T07:12:27.3Z",
          "updatedAt": "2021-09-10T07:12:27.3Z",
          "serviceBusEndpoint": "https://namespace5364.servicebus.windows.net:443/",
          "status": "Activating"
        }
      }
    },
    {
      "RequestUri": "https://management.azure.com/subscriptions/db1ab6f0-4769-4b27-930e-01e2ef9c123c/resourceGroups/teststorageRG-8474/providers/Microsoft.EventHub/namespaces/namespace5364?api-version=2018-01-01-preview",
      "RequestMethod": "GET",
      "RequestHeaders": {
        "Authorization": "Sanitized",
        "User-Agent": "azsdk-net-ResourceManager/1.0.0-beta.2 (.NET Framework 4.8.4300.0; Microsoft Windows 10.0.19043 )",
        "x-ms-client-request-id": "a18bd628fc146c6b4f9a2f216dc27cfb",
        "x-ms-return-client-request-id": "true"
      },
      "RequestBody": null,
      "StatusCode": 200,
      "ResponseHeaders": {
        "Cache-Control": "no-cache",
        "Content-Length": "676",
        "Content-Type": "application/json; charset=utf-8",
        "Date": "Fri, 10 Sep 2021 07:13:02 GMT",
        "Expires": "-1",
        "Pragma": "no-cache",
        "Server": [
          "Service-Bus-Resource-Provider/CH3",
          "Microsoft-HTTPAPI/2.0"
        ],
        "Server-SB": "Service-Bus-Resource-Provider/CH3",
        "Strict-Transport-Security": "max-age=31536000; includeSubDomains",
        "X-Content-Type-Options": "nosniff",
        "x-ms-client-request-id": "a18bd628fc146c6b4f9a2f216dc27cfb",
        "x-ms-correlation-request-id": "298788e2-0f19-4c4d-ab8f-05ad3658d51e",
        "x-ms-ratelimit-remaining-subscription-reads": "11858",
        "x-ms-request-id": "91a39bbf-204b-49b5-aa3c-11bcd9176650_M7CH3_M7CH3",
        "x-ms-routing-request-id": "SOUTHEASTASIA:20210910T071302Z:298788e2-0f19-4c4d-ab8f-05ad3658d51e"
      },
      "ResponseBody": {
        "sku": {
          "name": "Standard",
          "tier": "Standard",
          "capacity": 1
        },
        "id": "/subscriptions/db1ab6f0-4769-4b27-930e-01e2ef9c123c/resourceGroups/teststorageRG-8474/providers/Microsoft.EventHub/namespaces/namespace5364",
        "name": "namespace5364",
        "type": "Microsoft.EventHub/Namespaces",
        "location": "East US 2",
        "tags": {},
        "properties": {
          "zoneRedundant": false,
          "isAutoInflateEnabled": false,
          "maximumThroughputUnits": 0,
          "kafkaEnabled": true,
          "provisioningState": "Created",
          "metricId": "db1ab6f0-4769-4b27-930e-01e2ef9c123c:namespace5364",
          "createdAt": "2021-09-10T07:12:27.3Z",
          "updatedAt": "2021-09-10T07:12:27.3Z",
          "serviceBusEndpoint": "https://namespace5364.servicebus.windows.net:443/",
          "status": "Activating"
        }
      }
    },
    {
      "RequestUri": "https://management.azure.com/subscriptions/db1ab6f0-4769-4b27-930e-01e2ef9c123c/resourceGroups/teststorageRG-8474/providers/Microsoft.EventHub/namespaces/namespace5364?api-version=2018-01-01-preview",
      "RequestMethod": "GET",
      "RequestHeaders": {
        "Authorization": "Sanitized",
        "User-Agent": "azsdk-net-ResourceManager/1.0.0-beta.2 (.NET Framework 4.8.4300.0; Microsoft Windows 10.0.19043 )",
        "x-ms-client-request-id": "1be9bcf5f793ed030a541aa88147a10b",
        "x-ms-return-client-request-id": "true"
      },
      "RequestBody": null,
      "StatusCode": 200,
      "ResponseHeaders": {
        "Cache-Control": "no-cache",
        "Content-Length": "676",
        "Content-Type": "application/json; charset=utf-8",
        "Date": "Fri, 10 Sep 2021 07:13:03 GMT",
        "Expires": "-1",
        "Pragma": "no-cache",
        "Server": [
          "Service-Bus-Resource-Provider/CH3",
          "Microsoft-HTTPAPI/2.0"
        ],
        "Server-SB": "Service-Bus-Resource-Provider/CH3",
        "Strict-Transport-Security": "max-age=31536000; includeSubDomains",
        "X-Content-Type-Options": "nosniff",
        "x-ms-client-request-id": "1be9bcf5f793ed030a541aa88147a10b",
        "x-ms-correlation-request-id": "cd2bff23-a308-4970-9308-88183911e464",
        "x-ms-ratelimit-remaining-subscription-reads": "11857",
        "x-ms-request-id": "407512a3-024d-4616-8ebf-385a9f8d7327_M8CH3_M8CH3",
        "x-ms-routing-request-id": "SOUTHEASTASIA:20210910T071304Z:cd2bff23-a308-4970-9308-88183911e464"
      },
      "ResponseBody": {
        "sku": {
          "name": "Standard",
          "tier": "Standard",
          "capacity": 1
        },
        "id": "/subscriptions/db1ab6f0-4769-4b27-930e-01e2ef9c123c/resourceGroups/teststorageRG-8474/providers/Microsoft.EventHub/namespaces/namespace5364",
        "name": "namespace5364",
        "type": "Microsoft.EventHub/Namespaces",
        "location": "East US 2",
        "tags": {},
        "properties": {
          "zoneRedundant": false,
          "isAutoInflateEnabled": false,
          "maximumThroughputUnits": 0,
          "kafkaEnabled": true,
          "provisioningState": "Created",
          "metricId": "db1ab6f0-4769-4b27-930e-01e2ef9c123c:namespace5364",
          "createdAt": "2021-09-10T07:12:27.3Z",
          "updatedAt": "2021-09-10T07:12:27.3Z",
          "serviceBusEndpoint": "https://namespace5364.servicebus.windows.net:443/",
          "status": "Activating"
        }
      }
    },
    {
      "RequestUri": "https://management.azure.com/subscriptions/db1ab6f0-4769-4b27-930e-01e2ef9c123c/resourceGroups/teststorageRG-8474/providers/Microsoft.EventHub/namespaces/namespace5364?api-version=2018-01-01-preview",
      "RequestMethod": "GET",
      "RequestHeaders": {
        "Authorization": "Sanitized",
        "User-Agent": "azsdk-net-ResourceManager/1.0.0-beta.2 (.NET Framework 4.8.4300.0; Microsoft Windows 10.0.19043 )",
        "x-ms-client-request-id": "0e9af37e3440afbd1e73e8f6290127e8",
        "x-ms-return-client-request-id": "true"
      },
      "RequestBody": null,
      "StatusCode": 200,
      "ResponseHeaders": {
        "Cache-Control": "no-cache",
        "Content-Length": "676",
        "Content-Type": "application/json; charset=utf-8",
        "Date": "Fri, 10 Sep 2021 07:13:05 GMT",
        "Expires": "-1",
        "Pragma": "no-cache",
        "Server": [
          "Service-Bus-Resource-Provider/CH3",
          "Microsoft-HTTPAPI/2.0"
        ],
        "Server-SB": "Service-Bus-Resource-Provider/CH3",
        "Strict-Transport-Security": "max-age=31536000; includeSubDomains",
        "X-Content-Type-Options": "nosniff",
        "x-ms-client-request-id": "0e9af37e3440afbd1e73e8f6290127e8",
        "x-ms-correlation-request-id": "c0f3b13c-b3e1-442f-9ebe-c0242e8b8431",
        "x-ms-ratelimit-remaining-subscription-reads": "11856",
        "x-ms-request-id": "807d872a-71f4-416c-9128-b3d6da25e98b_M7CH3_M7CH3",
        "x-ms-routing-request-id": "SOUTHEASTASIA:20210910T071305Z:c0f3b13c-b3e1-442f-9ebe-c0242e8b8431"
      },
      "ResponseBody": {
        "sku": {
          "name": "Standard",
          "tier": "Standard",
          "capacity": 1
        },
        "id": "/subscriptions/db1ab6f0-4769-4b27-930e-01e2ef9c123c/resourceGroups/teststorageRG-8474/providers/Microsoft.EventHub/namespaces/namespace5364",
        "name": "namespace5364",
        "type": "Microsoft.EventHub/Namespaces",
        "location": "East US 2",
        "tags": {},
        "properties": {
          "zoneRedundant": false,
          "isAutoInflateEnabled": false,
          "maximumThroughputUnits": 0,
          "kafkaEnabled": true,
          "provisioningState": "Created",
          "metricId": "db1ab6f0-4769-4b27-930e-01e2ef9c123c:namespace5364",
          "createdAt": "2021-09-10T07:12:27.3Z",
          "updatedAt": "2021-09-10T07:12:27.3Z",
          "serviceBusEndpoint": "https://namespace5364.servicebus.windows.net:443/",
          "status": "Activating"
        }
      }
    },
    {
      "RequestUri": "https://management.azure.com/subscriptions/db1ab6f0-4769-4b27-930e-01e2ef9c123c/resourceGroups/teststorageRG-8474/providers/Microsoft.EventHub/namespaces/namespace5364?api-version=2018-01-01-preview",
      "RequestMethod": "GET",
      "RequestHeaders": {
        "Authorization": "Sanitized",
        "User-Agent": "azsdk-net-ResourceManager/1.0.0-beta.2 (.NET Framework 4.8.4300.0; Microsoft Windows 10.0.19043 )",
        "x-ms-client-request-id": "0492414f7d7130dcd39d96bfe2c3ea07",
        "x-ms-return-client-request-id": "true"
      },
      "RequestBody": null,
      "StatusCode": 200,
      "ResponseHeaders": {
        "Cache-Control": "no-cache",
        "Content-Length": "676",
        "Content-Type": "application/json; charset=utf-8",
        "Date": "Fri, 10 Sep 2021 07:13:06 GMT",
        "Expires": "-1",
        "Pragma": "no-cache",
        "Server": [
          "Service-Bus-Resource-Provider/SN1",
          "Microsoft-HTTPAPI/2.0"
        ],
        "Server-SB": "Service-Bus-Resource-Provider/SN1",
        "Strict-Transport-Security": "max-age=31536000; includeSubDomains",
        "X-Content-Type-Options": "nosniff",
        "x-ms-client-request-id": "0492414f7d7130dcd39d96bfe2c3ea07",
        "x-ms-correlation-request-id": "8c6ad2ec-1e5d-47f8-a765-86f85666c2b7",
        "x-ms-ratelimit-remaining-subscription-reads": "11855",
        "x-ms-request-id": "d512ff9f-888c-40b3-9039-daa5cc5c25c2_M11SN1_M11SN1",
        "x-ms-routing-request-id": "SOUTHEASTASIA:20210910T071306Z:8c6ad2ec-1e5d-47f8-a765-86f85666c2b7"
      },
      "ResponseBody": {
        "sku": {
          "name": "Standard",
          "tier": "Standard",
          "capacity": 1
        },
        "id": "/subscriptions/db1ab6f0-4769-4b27-930e-01e2ef9c123c/resourceGroups/teststorageRG-8474/providers/Microsoft.EventHub/namespaces/namespace5364",
        "name": "namespace5364",
        "type": "Microsoft.EventHub/Namespaces",
        "location": "East US 2",
        "tags": {},
        "properties": {
          "zoneRedundant": false,
          "isAutoInflateEnabled": false,
          "maximumThroughputUnits": 0,
          "kafkaEnabled": true,
          "provisioningState": "Created",
          "metricId": "db1ab6f0-4769-4b27-930e-01e2ef9c123c:namespace5364",
          "createdAt": "2021-09-10T07:12:27.3Z",
          "updatedAt": "2021-09-10T07:12:27.3Z",
          "serviceBusEndpoint": "https://namespace5364.servicebus.windows.net:443/",
          "status": "Activating"
        }
      }
    },
    {
      "RequestUri": "https://management.azure.com/subscriptions/db1ab6f0-4769-4b27-930e-01e2ef9c123c/resourceGroups/teststorageRG-8474/providers/Microsoft.EventHub/namespaces/namespace5364?api-version=2018-01-01-preview",
      "RequestMethod": "GET",
      "RequestHeaders": {
        "Authorization": "Sanitized",
        "User-Agent": "azsdk-net-ResourceManager/1.0.0-beta.2 (.NET Framework 4.8.4300.0; Microsoft Windows 10.0.19043 )",
        "x-ms-client-request-id": "7aa224f96e28c1baff3afc200f0cc408",
        "x-ms-return-client-request-id": "true"
      },
      "RequestBody": null,
      "StatusCode": 200,
      "ResponseHeaders": {
        "Cache-Control": "no-cache",
        "Content-Length": "676",
        "Content-Type": "application/json; charset=utf-8",
        "Date": "Fri, 10 Sep 2021 07:13:07 GMT",
        "Expires": "-1",
        "Pragma": "no-cache",
        "Server": [
          "Service-Bus-Resource-Provider/CH3",
          "Microsoft-HTTPAPI/2.0"
        ],
        "Server-SB": "Service-Bus-Resource-Provider/CH3",
        "Strict-Transport-Security": "max-age=31536000; includeSubDomains",
        "X-Content-Type-Options": "nosniff",
        "x-ms-client-request-id": "7aa224f96e28c1baff3afc200f0cc408",
        "x-ms-correlation-request-id": "f160c096-f214-4b40-ac84-b974d25a5993",
        "x-ms-ratelimit-remaining-subscription-reads": "11854",
        "x-ms-request-id": "5fc52eda-29b2-4274-85a1-3be5872bd3e6_M8CH3_M8CH3",
        "x-ms-routing-request-id": "SOUTHEASTASIA:20210910T071308Z:f160c096-f214-4b40-ac84-b974d25a5993"
      },
      "ResponseBody": {
        "sku": {
          "name": "Standard",
          "tier": "Standard",
          "capacity": 1
        },
        "id": "/subscriptions/db1ab6f0-4769-4b27-930e-01e2ef9c123c/resourceGroups/teststorageRG-8474/providers/Microsoft.EventHub/namespaces/namespace5364",
        "name": "namespace5364",
        "type": "Microsoft.EventHub/Namespaces",
        "location": "East US 2",
        "tags": {},
        "properties": {
          "zoneRedundant": false,
          "isAutoInflateEnabled": false,
          "maximumThroughputUnits": 0,
          "kafkaEnabled": true,
          "provisioningState": "Created",
          "metricId": "db1ab6f0-4769-4b27-930e-01e2ef9c123c:namespace5364",
          "createdAt": "2021-09-10T07:12:27.3Z",
          "updatedAt": "2021-09-10T07:12:27.3Z",
          "serviceBusEndpoint": "https://namespace5364.servicebus.windows.net:443/",
          "status": "Activating"
        }
      }
    },
    {
      "RequestUri": "https://management.azure.com/subscriptions/db1ab6f0-4769-4b27-930e-01e2ef9c123c/resourceGroups/teststorageRG-8474/providers/Microsoft.EventHub/namespaces/namespace5364?api-version=2018-01-01-preview",
      "RequestMethod": "GET",
      "RequestHeaders": {
        "Authorization": "Sanitized",
        "User-Agent": "azsdk-net-ResourceManager/1.0.0-beta.2 (.NET Framework 4.8.4300.0; Microsoft Windows 10.0.19043 )",
        "x-ms-client-request-id": "3f58322c9cb4019917693ba39dfdcc5b",
        "x-ms-return-client-request-id": "true"
      },
      "RequestBody": null,
      "StatusCode": 200,
      "ResponseHeaders": {
        "Cache-Control": "no-cache",
        "Content-Length": "676",
        "Content-Type": "application/json; charset=utf-8",
        "Date": "Fri, 10 Sep 2021 07:13:09 GMT",
        "Expires": "-1",
        "Pragma": "no-cache",
        "Server": [
          "Service-Bus-Resource-Provider/CH3",
          "Microsoft-HTTPAPI/2.0"
        ],
        "Server-SB": "Service-Bus-Resource-Provider/CH3",
        "Strict-Transport-Security": "max-age=31536000; includeSubDomains",
        "X-Content-Type-Options": "nosniff",
        "x-ms-client-request-id": "3f58322c9cb4019917693ba39dfdcc5b",
        "x-ms-correlation-request-id": "d9108108-dfb3-4cda-a8a8-4e8dd6e9cb79",
        "x-ms-ratelimit-remaining-subscription-reads": "11853",
        "x-ms-request-id": "e385385d-5716-4710-a69c-beceb35b73b0_M7CH3_M7CH3",
        "x-ms-routing-request-id": "SOUTHEASTASIA:20210910T071309Z:d9108108-dfb3-4cda-a8a8-4e8dd6e9cb79"
      },
      "ResponseBody": {
        "sku": {
          "name": "Standard",
          "tier": "Standard",
          "capacity": 1
        },
        "id": "/subscriptions/db1ab6f0-4769-4b27-930e-01e2ef9c123c/resourceGroups/teststorageRG-8474/providers/Microsoft.EventHub/namespaces/namespace5364",
        "name": "namespace5364",
        "type": "Microsoft.EventHub/Namespaces",
        "location": "East US 2",
        "tags": {},
        "properties": {
          "zoneRedundant": false,
          "isAutoInflateEnabled": false,
          "maximumThroughputUnits": 0,
          "kafkaEnabled": true,
          "provisioningState": "Created",
          "metricId": "db1ab6f0-4769-4b27-930e-01e2ef9c123c:namespace5364",
          "createdAt": "2021-09-10T07:12:27.3Z",
          "updatedAt": "2021-09-10T07:12:27.3Z",
          "serviceBusEndpoint": "https://namespace5364.servicebus.windows.net:443/",
          "status": "Activating"
        }
      }
    },
    {
      "RequestUri": "https://management.azure.com/subscriptions/db1ab6f0-4769-4b27-930e-01e2ef9c123c/resourceGroups/teststorageRG-8474/providers/Microsoft.EventHub/namespaces/namespace5364?api-version=2018-01-01-preview",
      "RequestMethod": "GET",
      "RequestHeaders": {
        "Authorization": "Sanitized",
        "User-Agent": "azsdk-net-ResourceManager/1.0.0-beta.2 (.NET Framework 4.8.4300.0; Microsoft Windows 10.0.19043 )",
        "x-ms-client-request-id": "04fde088ad5ee1bf87d1043780bc21c6",
        "x-ms-return-client-request-id": "true"
      },
      "RequestBody": null,
      "StatusCode": 200,
      "ResponseHeaders": {
        "Cache-Control": "no-cache",
        "Content-Length": "676",
        "Content-Type": "application/json; charset=utf-8",
        "Date": "Fri, 10 Sep 2021 07:13:10 GMT",
        "Expires": "-1",
        "Pragma": "no-cache",
        "Server": [
          "Service-Bus-Resource-Provider/CH3",
          "Microsoft-HTTPAPI/2.0"
        ],
        "Server-SB": "Service-Bus-Resource-Provider/CH3",
        "Strict-Transport-Security": "max-age=31536000; includeSubDomains",
        "X-Content-Type-Options": "nosniff",
        "x-ms-client-request-id": "04fde088ad5ee1bf87d1043780bc21c6",
        "x-ms-correlation-request-id": "0902216d-1d1f-4459-88a9-fc906013b437",
        "x-ms-ratelimit-remaining-subscription-reads": "11852",
        "x-ms-request-id": "34ef492a-7f48-4047-8acf-c73e05fad347_M7CH3_M7CH3",
        "x-ms-routing-request-id": "SOUTHEASTASIA:20210910T071310Z:0902216d-1d1f-4459-88a9-fc906013b437"
      },
      "ResponseBody": {
        "sku": {
          "name": "Standard",
          "tier": "Standard",
          "capacity": 1
        },
        "id": "/subscriptions/db1ab6f0-4769-4b27-930e-01e2ef9c123c/resourceGroups/teststorageRG-8474/providers/Microsoft.EventHub/namespaces/namespace5364",
        "name": "namespace5364",
        "type": "Microsoft.EventHub/Namespaces",
        "location": "East US 2",
        "tags": {},
        "properties": {
          "zoneRedundant": false,
          "isAutoInflateEnabled": false,
          "maximumThroughputUnits": 0,
          "kafkaEnabled": true,
          "provisioningState": "Created",
          "metricId": "db1ab6f0-4769-4b27-930e-01e2ef9c123c:namespace5364",
          "createdAt": "2021-09-10T07:12:27.3Z",
          "updatedAt": "2021-09-10T07:12:27.3Z",
          "serviceBusEndpoint": "https://namespace5364.servicebus.windows.net:443/",
          "status": "Activating"
        }
      }
    },
    {
      "RequestUri": "https://management.azure.com/subscriptions/db1ab6f0-4769-4b27-930e-01e2ef9c123c/resourceGroups/teststorageRG-8474/providers/Microsoft.EventHub/namespaces/namespace5364?api-version=2018-01-01-preview",
      "RequestMethod": "GET",
      "RequestHeaders": {
        "Authorization": "Sanitized",
        "User-Agent": "azsdk-net-ResourceManager/1.0.0-beta.2 (.NET Framework 4.8.4300.0; Microsoft Windows 10.0.19043 )",
        "x-ms-client-request-id": "af928ed9ab6a5c538aa163bf33172402",
        "x-ms-return-client-request-id": "true"
      },
      "RequestBody": null,
      "StatusCode": 200,
      "ResponseHeaders": {
        "Cache-Control": "no-cache",
        "Content-Length": "676",
        "Content-Type": "application/json; charset=utf-8",
        "Date": "Fri, 10 Sep 2021 07:13:11 GMT",
        "Expires": "-1",
        "Pragma": "no-cache",
        "Server": [
          "Service-Bus-Resource-Provider/CH3",
          "Microsoft-HTTPAPI/2.0"
        ],
        "Server-SB": "Service-Bus-Resource-Provider/CH3",
        "Strict-Transport-Security": "max-age=31536000; includeSubDomains",
        "X-Content-Type-Options": "nosniff",
        "x-ms-client-request-id": "af928ed9ab6a5c538aa163bf33172402",
        "x-ms-correlation-request-id": "e17375df-c1cc-4d54-9078-c47d4ca5ca54",
        "x-ms-ratelimit-remaining-subscription-reads": "11851",
        "x-ms-request-id": "5df61f97-6041-463c-b0cc-41ea12034de2_M8CH3_M8CH3",
        "x-ms-routing-request-id": "SOUTHEASTASIA:20210910T071312Z:e17375df-c1cc-4d54-9078-c47d4ca5ca54"
      },
      "ResponseBody": {
        "sku": {
          "name": "Standard",
          "tier": "Standard",
          "capacity": 1
        },
        "id": "/subscriptions/db1ab6f0-4769-4b27-930e-01e2ef9c123c/resourceGroups/teststorageRG-8474/providers/Microsoft.EventHub/namespaces/namespace5364",
        "name": "namespace5364",
        "type": "Microsoft.EventHub/Namespaces",
        "location": "East US 2",
        "tags": {},
        "properties": {
          "zoneRedundant": false,
          "isAutoInflateEnabled": false,
          "maximumThroughputUnits": 0,
          "kafkaEnabled": true,
          "provisioningState": "Created",
          "metricId": "db1ab6f0-4769-4b27-930e-01e2ef9c123c:namespace5364",
          "createdAt": "2021-09-10T07:12:27.3Z",
          "updatedAt": "2021-09-10T07:12:27.3Z",
          "serviceBusEndpoint": "https://namespace5364.servicebus.windows.net:443/",
          "status": "Activating"
        }
      }
    },
    {
      "RequestUri": "https://management.azure.com/subscriptions/db1ab6f0-4769-4b27-930e-01e2ef9c123c/resourceGroups/teststorageRG-8474/providers/Microsoft.EventHub/namespaces/namespace5364?api-version=2018-01-01-preview",
      "RequestMethod": "GET",
      "RequestHeaders": {
        "Authorization": "Sanitized",
        "User-Agent": "azsdk-net-ResourceManager/1.0.0-beta.2 (.NET Framework 4.8.4300.0; Microsoft Windows 10.0.19043 )",
        "x-ms-client-request-id": "2e97a16dbf0e7fa97377b7e39861805a",
        "x-ms-return-client-request-id": "true"
      },
      "RequestBody": null,
      "StatusCode": 200,
      "ResponseHeaders": {
        "Cache-Control": "no-cache",
        "Content-Length": "676",
        "Content-Type": "application/json; charset=utf-8",
        "Date": "Fri, 10 Sep 2021 07:13:13 GMT",
        "Expires": "-1",
        "Pragma": "no-cache",
        "Server": [
          "Service-Bus-Resource-Provider/CH3",
          "Microsoft-HTTPAPI/2.0"
        ],
        "Server-SB": "Service-Bus-Resource-Provider/CH3",
        "Strict-Transport-Security": "max-age=31536000; includeSubDomains",
        "X-Content-Type-Options": "nosniff",
        "x-ms-client-request-id": "2e97a16dbf0e7fa97377b7e39861805a",
        "x-ms-correlation-request-id": "445dced0-0cbc-4ffe-8e10-fae8fbf48d72",
        "x-ms-ratelimit-remaining-subscription-reads": "11850",
        "x-ms-request-id": "1fd1f80d-dcb4-4293-a6f6-1eaab8a136a2_M8CH3_M8CH3",
        "x-ms-routing-request-id": "SOUTHEASTASIA:20210910T071313Z:445dced0-0cbc-4ffe-8e10-fae8fbf48d72"
      },
      "ResponseBody": {
        "sku": {
          "name": "Standard",
          "tier": "Standard",
          "capacity": 1
        },
        "id": "/subscriptions/db1ab6f0-4769-4b27-930e-01e2ef9c123c/resourceGroups/teststorageRG-8474/providers/Microsoft.EventHub/namespaces/namespace5364",
        "name": "namespace5364",
        "type": "Microsoft.EventHub/Namespaces",
        "location": "East US 2",
        "tags": {},
        "properties": {
          "zoneRedundant": false,
          "isAutoInflateEnabled": false,
          "maximumThroughputUnits": 0,
          "kafkaEnabled": true,
          "provisioningState": "Created",
          "metricId": "db1ab6f0-4769-4b27-930e-01e2ef9c123c:namespace5364",
          "createdAt": "2021-09-10T07:12:27.3Z",
          "updatedAt": "2021-09-10T07:12:27.3Z",
          "serviceBusEndpoint": "https://namespace5364.servicebus.windows.net:443/",
          "status": "Activating"
        }
      }
    },
    {
      "RequestUri": "https://management.azure.com/subscriptions/db1ab6f0-4769-4b27-930e-01e2ef9c123c/resourceGroups/teststorageRG-8474/providers/Microsoft.EventHub/namespaces/namespace5364?api-version=2018-01-01-preview",
      "RequestMethod": "GET",
      "RequestHeaders": {
        "Authorization": "Sanitized",
        "User-Agent": "azsdk-net-ResourceManager/1.0.0-beta.2 (.NET Framework 4.8.4300.0; Microsoft Windows 10.0.19043 )",
        "x-ms-client-request-id": "0fc974471d6addf18da179bd4900ad70",
        "x-ms-return-client-request-id": "true"
      },
      "RequestBody": null,
      "StatusCode": 200,
      "ResponseHeaders": {
        "Cache-Control": "no-cache",
        "Content-Length": "676",
        "Content-Type": "application/json; charset=utf-8",
        "Date": "Fri, 10 Sep 2021 07:13:14 GMT",
        "Expires": "-1",
        "Pragma": "no-cache",
        "Server": [
          "Service-Bus-Resource-Provider/CH3",
          "Microsoft-HTTPAPI/2.0"
        ],
        "Server-SB": "Service-Bus-Resource-Provider/CH3",
        "Strict-Transport-Security": "max-age=31536000; includeSubDomains",
        "X-Content-Type-Options": "nosniff",
        "x-ms-client-request-id": "0fc974471d6addf18da179bd4900ad70",
        "x-ms-correlation-request-id": "130756b4-a0e1-467f-b261-05731e5ad132",
        "x-ms-ratelimit-remaining-subscription-reads": "11849",
        "x-ms-request-id": "aa2d3409-523c-4c97-8f81-97970e31702e_M7CH3_M7CH3",
        "x-ms-routing-request-id": "SOUTHEASTASIA:20210910T071314Z:130756b4-a0e1-467f-b261-05731e5ad132"
      },
      "ResponseBody": {
        "sku": {
          "name": "Standard",
          "tier": "Standard",
          "capacity": 1
        },
        "id": "/subscriptions/db1ab6f0-4769-4b27-930e-01e2ef9c123c/resourceGroups/teststorageRG-8474/providers/Microsoft.EventHub/namespaces/namespace5364",
        "name": "namespace5364",
        "type": "Microsoft.EventHub/Namespaces",
        "location": "East US 2",
        "tags": {},
        "properties": {
          "zoneRedundant": false,
          "isAutoInflateEnabled": false,
          "maximumThroughputUnits": 0,
          "kafkaEnabled": true,
          "provisioningState": "Created",
          "metricId": "db1ab6f0-4769-4b27-930e-01e2ef9c123c:namespace5364",
          "createdAt": "2021-09-10T07:12:27.3Z",
          "updatedAt": "2021-09-10T07:12:27.3Z",
          "serviceBusEndpoint": "https://namespace5364.servicebus.windows.net:443/",
          "status": "Activating"
        }
      }
    },
    {
      "RequestUri": "https://management.azure.com/subscriptions/db1ab6f0-4769-4b27-930e-01e2ef9c123c/resourceGroups/teststorageRG-8474/providers/Microsoft.EventHub/namespaces/namespace5364?api-version=2018-01-01-preview",
      "RequestMethod": "GET",
      "RequestHeaders": {
        "Authorization": "Sanitized",
        "User-Agent": "azsdk-net-ResourceManager/1.0.0-beta.2 (.NET Framework 4.8.4300.0; Microsoft Windows 10.0.19043 )",
        "x-ms-client-request-id": "dfc902acf32419b8e4133cf2f36fc429",
        "x-ms-return-client-request-id": "true"
      },
      "RequestBody": null,
      "StatusCode": 200,
      "ResponseHeaders": {
        "Cache-Control": "no-cache",
        "Content-Length": "676",
        "Content-Type": "application/json; charset=utf-8",
        "Date": "Fri, 10 Sep 2021 07:13:15 GMT",
        "Expires": "-1",
        "Pragma": "no-cache",
        "Server": [
          "Service-Bus-Resource-Provider/CH3",
          "Microsoft-HTTPAPI/2.0"
        ],
        "Server-SB": "Service-Bus-Resource-Provider/CH3",
        "Strict-Transport-Security": "max-age=31536000; includeSubDomains",
        "X-Content-Type-Options": "nosniff",
        "x-ms-client-request-id": "dfc902acf32419b8e4133cf2f36fc429",
        "x-ms-correlation-request-id": "9f98b90d-886c-453d-8d55-15eedaacb80b",
        "x-ms-ratelimit-remaining-subscription-reads": "11848",
        "x-ms-request-id": "65e4a3ac-cb58-42d5-81d9-3b2f6068df41_M7CH3_M7CH3",
        "x-ms-routing-request-id": "SOUTHEASTASIA:20210910T071316Z:9f98b90d-886c-453d-8d55-15eedaacb80b"
      },
      "ResponseBody": {
        "sku": {
          "name": "Standard",
          "tier": "Standard",
          "capacity": 1
        },
        "id": "/subscriptions/db1ab6f0-4769-4b27-930e-01e2ef9c123c/resourceGroups/teststorageRG-8474/providers/Microsoft.EventHub/namespaces/namespace5364",
        "name": "namespace5364",
        "type": "Microsoft.EventHub/Namespaces",
        "location": "East US 2",
        "tags": {},
        "properties": {
          "zoneRedundant": false,
          "isAutoInflateEnabled": false,
          "maximumThroughputUnits": 0,
          "kafkaEnabled": true,
          "provisioningState": "Created",
          "metricId": "db1ab6f0-4769-4b27-930e-01e2ef9c123c:namespace5364",
          "createdAt": "2021-09-10T07:12:27.3Z",
          "updatedAt": "2021-09-10T07:12:27.3Z",
          "serviceBusEndpoint": "https://namespace5364.servicebus.windows.net:443/",
          "status": "Activating"
        }
      }
    },
    {
      "RequestUri": "https://management.azure.com/subscriptions/db1ab6f0-4769-4b27-930e-01e2ef9c123c/resourceGroups/teststorageRG-8474/providers/Microsoft.EventHub/namespaces/namespace5364?api-version=2018-01-01-preview",
      "RequestMethod": "GET",
      "RequestHeaders": {
        "Authorization": "Sanitized",
        "User-Agent": "azsdk-net-ResourceManager/1.0.0-beta.2 (.NET Framework 4.8.4300.0; Microsoft Windows 10.0.19043 )",
        "x-ms-client-request-id": "bf770820144d5097afbaa06d45ec3672",
        "x-ms-return-client-request-id": "true"
      },
      "RequestBody": null,
      "StatusCode": 200,
      "ResponseHeaders": {
        "Cache-Control": "no-cache",
        "Content-Length": "676",
        "Content-Type": "application/json; charset=utf-8",
        "Date": "Fri, 10 Sep 2021 07:13:17 GMT",
        "Expires": "-1",
        "Pragma": "no-cache",
        "Server": [
          "Service-Bus-Resource-Provider/CH3",
          "Microsoft-HTTPAPI/2.0"
        ],
        "Server-SB": "Service-Bus-Resource-Provider/CH3",
        "Strict-Transport-Security": "max-age=31536000; includeSubDomains",
        "X-Content-Type-Options": "nosniff",
        "x-ms-client-request-id": "bf770820144d5097afbaa06d45ec3672",
        "x-ms-correlation-request-id": "2b4b70bd-ea9a-41d4-ae94-34b61815bd81",
        "x-ms-ratelimit-remaining-subscription-reads": "11847",
        "x-ms-request-id": "b7fb6bf9-e596-4423-9054-ac28395471ff_M7CH3_M7CH3",
        "x-ms-routing-request-id": "SOUTHEASTASIA:20210910T071317Z:2b4b70bd-ea9a-41d4-ae94-34b61815bd81"
      },
      "ResponseBody": {
        "sku": {
          "name": "Standard",
          "tier": "Standard",
          "capacity": 1
        },
        "id": "/subscriptions/db1ab6f0-4769-4b27-930e-01e2ef9c123c/resourceGroups/teststorageRG-8474/providers/Microsoft.EventHub/namespaces/namespace5364",
        "name": "namespace5364",
        "type": "Microsoft.EventHub/Namespaces",
        "location": "East US 2",
        "tags": {},
        "properties": {
          "zoneRedundant": false,
          "isAutoInflateEnabled": false,
          "maximumThroughputUnits": 0,
          "kafkaEnabled": true,
          "provisioningState": "Created",
          "metricId": "db1ab6f0-4769-4b27-930e-01e2ef9c123c:namespace5364",
          "createdAt": "2021-09-10T07:12:27.3Z",
          "updatedAt": "2021-09-10T07:12:27.3Z",
          "serviceBusEndpoint": "https://namespace5364.servicebus.windows.net:443/",
          "status": "Activating"
        }
      }
    },
    {
      "RequestUri": "https://management.azure.com/subscriptions/db1ab6f0-4769-4b27-930e-01e2ef9c123c/resourceGroups/teststorageRG-8474/providers/Microsoft.EventHub/namespaces/namespace5364?api-version=2018-01-01-preview",
      "RequestMethod": "GET",
      "RequestHeaders": {
        "Authorization": "Sanitized",
        "User-Agent": "azsdk-net-ResourceManager/1.0.0-beta.2 (.NET Framework 4.8.4300.0; Microsoft Windows 10.0.19043 )",
        "x-ms-client-request-id": "953647c9a1985436bbb02a57e0ffe91d",
        "x-ms-return-client-request-id": "true"
      },
      "RequestBody": null,
      "StatusCode": 200,
      "ResponseHeaders": {
        "Cache-Control": "no-cache",
        "Content-Length": "675",
        "Content-Type": "application/json; charset=utf-8",
        "Date": "Fri, 10 Sep 2021 07:13:18 GMT",
        "Expires": "-1",
        "Pragma": "no-cache",
        "Server": [
          "Service-Bus-Resource-Provider/CH3",
          "Microsoft-HTTPAPI/2.0"
        ],
        "Server-SB": "Service-Bus-Resource-Provider/CH3",
        "Strict-Transport-Security": "max-age=31536000; includeSubDomains",
        "X-Content-Type-Options": "nosniff",
        "x-ms-client-request-id": "953647c9a1985436bbb02a57e0ffe91d",
        "x-ms-correlation-request-id": "928fc688-399d-4f54-9768-ab43c0ac4908",
        "x-ms-ratelimit-remaining-subscription-reads": "11846",
        "x-ms-request-id": "726e601a-21af-4926-8c98-7a5e47a987da_M7CH3_M7CH3",
        "x-ms-routing-request-id": "SOUTHEASTASIA:20210910T071318Z:928fc688-399d-4f54-9768-ab43c0ac4908"
      },
      "ResponseBody": {
        "sku": {
          "name": "Standard",
          "tier": "Standard",
          "capacity": 1
        },
        "id": "/subscriptions/db1ab6f0-4769-4b27-930e-01e2ef9c123c/resourceGroups/teststorageRG-8474/providers/Microsoft.EventHub/namespaces/namespace5364",
        "name": "namespace5364",
        "type": "Microsoft.EventHub/Namespaces",
        "location": "East US 2",
        "tags": {},
        "properties": {
          "zoneRedundant": false,
          "isAutoInflateEnabled": false,
          "maximumThroughputUnits": 0,
          "kafkaEnabled": true,
          "provisioningState": "Succeeded",
          "metricId": "db1ab6f0-4769-4b27-930e-01e2ef9c123c:namespace5364",
          "createdAt": "2021-09-10T07:12:27.3Z",
          "updatedAt": "2021-09-10T07:13:17.72Z",
          "serviceBusEndpoint": "https://namespace5364.servicebus.windows.net:443/",
          "status": "Active"
        }
      }
    },
    {
      "RequestUri": "https://management.azure.com/subscriptions/db1ab6f0-4769-4b27-930e-01e2ef9c123c/resourceGroups/teststorageRG-8474/providers/Microsoft.EventHub/namespaces/namespace5364/eventhubs/eventhub2736?api-version=2018-01-01-preview",
      "RequestMethod": "PUT",
      "RequestHeaders": {
        "Accept": "application/json",
        "Authorization": "Sanitized",
        "Content-Length": "17",
        "Content-Type": "application/json",
        "User-Agent": "azsdk-net-ResourceManager.EventHubs/1.0.0-alpha.20210910.1 (.NET Framework 4.8.4300.0; Microsoft Windows 10.0.19043 )",
        "x-ms-client-request-id": "88409c5023ee6a98782f6a524bd3f8dd",
        "x-ms-return-client-request-id": "true"
      },
      "RequestBody": {
        "properties": {}
      },
      "StatusCode": 200,
      "ResponseHeaders": {
        "Cache-Control": "no-cache",
        "Content-Length": "453",
        "Content-Type": "application/json; charset=utf-8",
        "Date": "Fri, 10 Sep 2021 07:13:20 GMT",
        "Expires": "-1",
        "Pragma": "no-cache",
        "Server": [
          "Service-Bus-Resource-Provider/CH3",
          "Microsoft-HTTPAPI/2.0"
        ],
        "Server-SB": "Service-Bus-Resource-Provider/CH3",
        "Strict-Transport-Security": "max-age=31536000; includeSubDomains",
        "X-Content-Type-Options": "nosniff",
        "x-ms-client-request-id": "88409c5023ee6a98782f6a524bd3f8dd",
        "x-ms-correlation-request-id": "b0d64176-132c-49ec-935e-253ad0e47672",
        "x-ms-ratelimit-remaining-subscription-writes": "1194",
        "x-ms-request-id": "189be0ad-8466-49ce-88d3-3e90ef67121a_M7CH3_M7CH3",
        "x-ms-routing-request-id": "SOUTHEASTASIA:20210910T071321Z:b0d64176-132c-49ec-935e-253ad0e47672"
      },
      "ResponseBody": {
        "id": "/subscriptions/db1ab6f0-4769-4b27-930e-01e2ef9c123c/resourceGroups/teststorageRG-8474/providers/Microsoft.EventHub/namespaces/namespace5364/eventhubs/eventhub2736",
        "name": "eventhub2736",
        "type": "Microsoft.EventHub/Namespaces/EventHubs",
        "location": "East US 2",
        "properties": {
          "messageRetentionInDays": 7,
          "partitionCount": 4,
          "status": "Active",
          "createdAt": "2021-09-10T07:13:20.43Z",
          "updatedAt": "2021-09-10T07:13:20.71Z",
          "partitionIds": [
            "0",
            "1",
            "2",
            "3"
          ]
        }
      }
    },
    {
      "RequestUri": "https://management.azure.com/subscriptions/db1ab6f0-4769-4b27-930e-01e2ef9c123c/resourceGroups/teststorageRG-8474/providers/Microsoft.EventHub/namespaces/namespace5364/eventhubs/eventhub2736/authorizationRules/authorizationrule7630?api-version=2018-01-01-preview",
      "RequestMethod": "PUT",
      "RequestHeaders": {
        "Accept": "application/json",
        "Authorization": "Sanitized",
        "Content-Length": "43",
        "Content-Type": "application/json",
        "User-Agent": "azsdk-net-ResourceManager.EventHubs/1.0.0-alpha.20210910.1 (.NET Framework 4.8.4300.0; Microsoft Windows 10.0.19043 )",
        "x-ms-client-request-id": "2e39ac287f9023d2039ce94070b0d083",
        "x-ms-return-client-request-id": "true"
      },
      "RequestBody": {
        "properties": {
          "rights": [
            "Listen",
            "Send"
          ]
        }
      },
      "StatusCode": 200,
      "ResponseHeaders": {
        "Cache-Control": "no-cache",
        "Content-Length": "376",
        "Content-Type": "application/json; charset=utf-8",
        "Date": "Fri, 10 Sep 2021 07:13:21 GMT",
        "Expires": "-1",
        "Pragma": "no-cache",
        "Server": [
          "Service-Bus-Resource-Provider/CH3",
          "Microsoft-HTTPAPI/2.0"
        ],
        "Server-SB": "Service-Bus-Resource-Provider/CH3",
        "Strict-Transport-Security": "max-age=31536000; includeSubDomains",
        "X-Content-Type-Options": "nosniff",
        "x-ms-client-request-id": "2e39ac287f9023d2039ce94070b0d083",
        "x-ms-correlation-request-id": "cfc5b0e4-11dc-40e2-a0a2-72b8a6e0be63",
        "x-ms-ratelimit-remaining-subscription-writes": "1193",
        "x-ms-request-id": "e406d34a-1fc2-49b5-97b3-77532907bcaa_M7CH3_M7CH3",
        "x-ms-routing-request-id": "SOUTHEASTASIA:20210910T071322Z:cfc5b0e4-11dc-40e2-a0a2-72b8a6e0be63"
      },
      "ResponseBody": {
        "id": "/subscriptions/db1ab6f0-4769-4b27-930e-01e2ef9c123c/resourceGroups/teststorageRG-8474/providers/Microsoft.EventHub/namespaces/namespace5364/eventhubs/eventhub2736/authorizationRules/authorizationrule7630",
        "name": "authorizationrule7630",
        "type": "Microsoft.EventHub/Namespaces/EventHubs/AuthorizationRules",
        "location": "East US 2",
        "properties": {
          "rights": [
            "Listen",
            "Send"
          ]
        }
      }
    },
    {
      "RequestUri": "https://management.azure.com/subscriptions/db1ab6f0-4769-4b27-930e-01e2ef9c123c/resourceGroups/teststorageRG-8474/providers/Microsoft.EventHub/namespaces/namespace5364/eventhubs/eventhub2736/authorizationRules/authorizationrule7630?api-version=2018-01-01-preview",
      "RequestMethod": "GET",
      "RequestHeaders": {
        "Accept": "application/json",
        "Authorization": "Sanitized",
        "User-Agent": "azsdk-net-ResourceManager.EventHubs/1.0.0-alpha.20210910.1 (.NET Framework 4.8.4300.0; Microsoft Windows 10.0.19043 )",
        "x-ms-client-request-id": "f54ff48fdbea9e242a1f71cc0170dd32",
        "x-ms-return-client-request-id": "true"
      },
      "RequestBody": null,
      "StatusCode": 200,
      "ResponseHeaders": {
        "Cache-Control": "no-cache",
        "Content-Length": "376",
        "Content-Type": "application/json; charset=utf-8",
        "Date": "Fri, 10 Sep 2021 07:13:22 GMT",
        "Expires": "-1",
        "Pragma": "no-cache",
        "Server": [
          "Service-Bus-Resource-Provider/CH3",
          "Microsoft-HTTPAPI/2.0"
        ],
        "Server-SB": "Service-Bus-Resource-Provider/CH3",
        "Strict-Transport-Security": "max-age=31536000; includeSubDomains",
        "X-Content-Type-Options": "nosniff",
        "x-ms-client-request-id": "f54ff48fdbea9e242a1f71cc0170dd32",
        "x-ms-correlation-request-id": "0838e4b8-ca68-4551-b48b-8cef1c4d5090",
        "x-ms-ratelimit-remaining-subscription-reads": "11845",
        "x-ms-request-id": "314945e5-76a7-4b01-ac3e-c901f0079502_M7CH3_M7CH3",
        "x-ms-routing-request-id": "SOUTHEASTASIA:20210910T071322Z:0838e4b8-ca68-4551-b48b-8cef1c4d5090"
      },
      "ResponseBody": {
        "id": "/subscriptions/db1ab6f0-4769-4b27-930e-01e2ef9c123c/resourceGroups/teststorageRG-8474/providers/Microsoft.EventHub/namespaces/namespace5364/eventhubs/eventhub2736/authorizationRules/authorizationrule7630",
        "name": "authorizationrule7630",
        "type": "Microsoft.EventHub/Namespaces/EventHubs/AuthorizationRules",
        "location": "East US 2",
        "properties": {
          "rights": [
            "Listen",
            "Send"
          ]
        }
      }
    },
    {
      "RequestUri": "https://management.azure.com/subscriptions/db1ab6f0-4769-4b27-930e-01e2ef9c123c/resourceGroups/teststorageRG-8474/providers/Microsoft.EventHub/namespaces/namespace5364/eventhubs/eventhub2736/authorizationRules?api-version=2018-01-01-preview",
      "RequestMethod": "GET",
      "RequestHeaders": {
        "Accept": "application/json",
        "Authorization": "Sanitized",
        "User-Agent": "azsdk-net-ResourceManager.EventHubs/1.0.0-alpha.20210910.1 (.NET Framework 4.8.4300.0; Microsoft Windows 10.0.19043 )",
        "x-ms-client-request-id": "3dd61679aee41cc06e65eb86ae2a087e",
        "x-ms-return-client-request-id": "true"
      },
      "RequestBody": null,
      "StatusCode": 200,
      "ResponseHeaders": {
        "Cache-Control": "no-cache",
        "Content-Length": "388",
        "Content-Type": "application/json; charset=utf-8",
        "Date": "Fri, 10 Sep 2021 07:13:22 GMT",
        "Expires": "-1",
        "Pragma": "no-cache",
        "Server": [
          "Service-Bus-Resource-Provider/CH3",
          "Microsoft-HTTPAPI/2.0"
        ],
        "Server-SB": "Service-Bus-Resource-Provider/CH3",
        "Strict-Transport-Security": "max-age=31536000; includeSubDomains",
        "X-Content-Type-Options": "nosniff",
        "x-ms-client-request-id": "3dd61679aee41cc06e65eb86ae2a087e",
        "x-ms-correlation-request-id": "e59ca234-6032-43a6-ba58-64b03f8b26d7",
        "x-ms-ratelimit-remaining-subscription-reads": "11844",
        "x-ms-request-id": "4308ed75-0d25-4595-9063-1fdcab25e52c_M7CH3_M7CH3",
        "x-ms-routing-request-id": "SOUTHEASTASIA:20210910T071323Z:e59ca234-6032-43a6-ba58-64b03f8b26d7"
      },
      "ResponseBody": {
        "value": [
          {
            "id": "/subscriptions/db1ab6f0-4769-4b27-930e-01e2ef9c123c/resourceGroups/teststorageRG-8474/providers/Microsoft.EventHub/namespaces/namespace5364/eventhubs/eventhub2736/authorizationRules/authorizationrule7630",
            "name": "authorizationrule7630",
            "type": "Microsoft.EventHub/Namespaces/EventHubs/AuthorizationRules",
            "location": "East US 2",
            "properties": {
              "rights": [
                "Listen",
                "Send"
              ]
            }
          }
        ]
      }
    },
    {
      "RequestUri": "https://management.azure.com/subscriptions/db1ab6f0-4769-4b27-930e-01e2ef9c123c/resourceGroups/teststorageRG-8474/providers/Microsoft.EventHub/namespaces/namespace5364/eventhubs/eventhub2736/authorizationRules/authorizationrule7630?api-version=2018-01-01-preview",
      "RequestMethod": "PUT",
      "RequestHeaders": {
        "Accept": "application/json",
        "Authorization": "Sanitized",
        "Content-Length": "52",
        "Content-Type": "application/json",
        "User-Agent": "azsdk-net-ResourceManager.EventHubs/1.0.0-alpha.20210910.1 (.NET Framework 4.8.4300.0; Microsoft Windows 10.0.19043 )",
        "x-ms-client-request-id": "debbcf99e8a84ddf879a04710d052193",
        "x-ms-return-client-request-id": "true"
      },
      "RequestBody": {
        "properties": {
          "rights": [
            "Listen",
            "Send",
            "Manage"
          ]
        }
      },
      "StatusCode": 200,
      "ResponseHeaders": {
        "Cache-Control": "no-cache",
        "Content-Length": "385",
        "Content-Type": "application/json; charset=utf-8",
        "Date": "Fri, 10 Sep 2021 07:13:23 GMT",
        "Expires": "-1",
        "Pragma": "no-cache",
        "Server": [
          "Service-Bus-Resource-Provider/CH3",
          "Microsoft-HTTPAPI/2.0"
        ],
        "Server-SB": "Service-Bus-Resource-Provider/CH3",
        "Strict-Transport-Security": "max-age=31536000; includeSubDomains",
        "X-Content-Type-Options": "nosniff",
        "x-ms-client-request-id": "debbcf99e8a84ddf879a04710d052193",
        "x-ms-correlation-request-id": "6b296e20-f213-46a7-a0ef-015f5f0f2d71",
        "x-ms-ratelimit-remaining-subscription-writes": "1192",
        "x-ms-request-id": "c250f838-6e9e-41b6-8061-110551d6eb78_M7CH3_M7CH3",
        "x-ms-routing-request-id": "SOUTHEASTASIA:20210910T071323Z:6b296e20-f213-46a7-a0ef-015f5f0f2d71"
      },
      "ResponseBody": {
        "id": "/subscriptions/db1ab6f0-4769-4b27-930e-01e2ef9c123c/resourceGroups/teststorageRG-8474/providers/Microsoft.EventHub/namespaces/namespace5364/eventhubs/eventhub2736/authorizationRules/authorizationrule7630",
        "name": "authorizationrule7630",
        "type": "Microsoft.EventHub/Namespaces/EventHubs/AuthorizationRules",
        "location": "East US 2",
        "properties": {
          "rights": [
            "Listen",
            "Send",
            "Manage"
          ]
        }
      }
    },
    {
      "RequestUri": "https://management.azure.com/subscriptions/db1ab6f0-4769-4b27-930e-01e2ef9c123c/resourceGroups/teststorageRG-8474/providers/Microsoft.EventHub/namespaces/namespace5364/eventhubs/eventhub2736/authorizationRules/authorizationrule7630?api-version=2018-01-01-preview",
      "RequestMethod": "DELETE",
      "RequestHeaders": {
        "Accept": "application/json",
        "Authorization": "Sanitized",
        "User-Agent": "azsdk-net-ResourceManager.EventHubs/1.0.0-alpha.20210910.1 (.NET Framework 4.8.4300.0; Microsoft Windows 10.0.19043 )",
        "x-ms-client-request-id": "59c6b7bf93d9e19e34338684ef9df000",
        "x-ms-return-client-request-id": "true"
      },
      "RequestBody": null,
      "StatusCode": 200,
      "ResponseHeaders": {
        "Cache-Control": "no-cache",
        "Content-Length": "0",
        "Date": "Fri, 10 Sep 2021 07:13:24 GMT",
        "Expires": "-1",
        "Pragma": "no-cache",
        "Server": [
          "Service-Bus-Resource-Provider/CH3",
          "Microsoft-HTTPAPI/2.0"
        ],
        "Server-SB": "Service-Bus-Resource-Provider/CH3",
        "Strict-Transport-Security": "max-age=31536000; includeSubDomains",
        "X-Content-Type-Options": "nosniff",
        "x-ms-client-request-id": "59c6b7bf93d9e19e34338684ef9df000",
        "x-ms-correlation-request-id": "1fde92b7-6ffe-4bc5-8bdf-2d4316f5c96e",
        "x-ms-ratelimit-remaining-subscription-deletes": "14996",
        "x-ms-request-id": "ea71e90c-788b-4bf4-ae67-708b9e4ec97a_M7CH3_M7CH3",
        "x-ms-routing-request-id": "SOUTHEASTASIA:20210910T071324Z:1fde92b7-6ffe-4bc5-8bdf-2d4316f5c96e"
      },
      "ResponseBody": []
    },
    {
      "RequestUri": "https://management.azure.com/subscriptions/db1ab6f0-4769-4b27-930e-01e2ef9c123c/resourceGroups/teststorageRG-8474/providers/Microsoft.EventHub/namespaces/namespace5364/eventhubs/eventhub2736/authorizationRules/authorizationrule7630?api-version=2018-01-01-preview",
      "RequestMethod": "GET",
      "RequestHeaders": {
        "Accept": "application/json",
        "Authorization": "Sanitized",
        "User-Agent": "azsdk-net-ResourceManager.EventHubs/1.0.0-alpha.20210910.1 (.NET Framework 4.8.4300.0; Microsoft Windows 10.0.19043 )",
        "x-ms-client-request-id": "3233f217feb4918a3789b549aa4f0e68",
        "x-ms-return-client-request-id": "true"
      },
      "RequestBody": null,
      "StatusCode": 404,
      "ResponseHeaders": {
        "Cache-Control": "no-cache",
        "Content-Length": "154",
        "Content-Type": "application/json; charset=utf-8",
        "Date": "Fri, 10 Sep 2021 07:13:24 GMT",
        "Expires": "-1",
        "Pragma": "no-cache",
        "Server": [
          "Service-Bus-Resource-Provider/CH3",
          "Microsoft-HTTPAPI/2.0"
        ],
        "Server-SB": "Service-Bus-Resource-Provider/CH3",
        "Strict-Transport-Security": "max-age=31536000; includeSubDomains",
        "X-Content-Type-Options": "nosniff",
        "x-ms-client-request-id": "3233f217feb4918a3789b549aa4f0e68",
        "x-ms-correlation-request-id": "4d6f4dfe-1ee0-40ec-b121-82282bc41a27",
        "x-ms-ratelimit-remaining-subscription-reads": "11843",
        "x-ms-request-id": "c7ae6f21-d7fe-45d2-a0a0-dca223cb4fe6_M7CH3_M7CH3",
        "x-ms-routing-request-id": "SOUTHEASTASIA:20210910T071325Z:4d6f4dfe-1ee0-40ec-b121-82282bc41a27"
      },
      "ResponseBody": {
        "error": {
          "message": "The requested resource authorizationrule7630 does not exist. CorrelationId: 4d6f4dfe-1ee0-40ec-b121-82282bc41a27",
          "code": "NotFound"
        }
      }
    },
    {
      "RequestUri": "https://management.azure.com/subscriptions/db1ab6f0-4769-4b27-930e-01e2ef9c123c/resourceGroups/teststorageRG-8474/providers/Microsoft.EventHub/namespaces/namespace5364/eventhubs/eventhub2736/authorizationRules?api-version=2018-01-01-preview",
      "RequestMethod": "GET",
      "RequestHeaders": {
        "Accept": "application/json",
        "Authorization": "Sanitized",
        "User-Agent": "azsdk-net-ResourceManager.EventHubs/1.0.0-alpha.20210910.1 (.NET Framework 4.8.4300.0; Microsoft Windows 10.0.19043 )",
        "x-ms-client-request-id": "f6c75844ae6305a530daa975615a5dea",
        "x-ms-return-client-request-id": "true"
      },
      "RequestBody": null,
      "StatusCode": 200,
      "ResponseHeaders": {
        "Cache-Control": "no-cache",
        "Content-Length": "12",
        "Content-Type": "application/json; charset=utf-8",
        "Date": "Fri, 10 Sep 2021 07:13:25 GMT",
        "Expires": "-1",
        "Pragma": "no-cache",
        "Server": [
          "Service-Bus-Resource-Provider/CH3",
          "Microsoft-HTTPAPI/2.0"
        ],
        "Server-SB": "Service-Bus-Resource-Provider/CH3",
        "Strict-Transport-Security": "max-age=31536000; includeSubDomains",
        "X-Content-Type-Options": "nosniff",
        "x-ms-client-request-id": "f6c75844ae6305a530daa975615a5dea",
        "x-ms-correlation-request-id": "3c68e808-2a29-480d-8973-0cbdc10afb05",
        "x-ms-ratelimit-remaining-subscription-reads": "11842",
        "x-ms-request-id": "ad6272d8-1f6a-41b8-acc5-bf29567f2ddf_M7CH3_M7CH3",
        "x-ms-routing-request-id": "SOUTHEASTASIA:20210910T071325Z:3c68e808-2a29-480d-8973-0cbdc10afb05"
      },
      "ResponseBody": {
        "value": []
      }
    },
    {
      "RequestUri": "https://management.azure.com/subscriptions/db1ab6f0-4769-4b27-930e-01e2ef9c123c/resourceGroups/teststorageRG-8474/providers/Microsoft.EventHub/namespaces?api-version=2018-01-01-preview",
      "RequestMethod": "GET",
      "RequestHeaders": {
        "Accept": "application/json",
        "Authorization": "Sanitized",
        "User-Agent": "azsdk-net-ResourceManager.EventHubs/1.0.0-alpha.20210910.1 (.NET Framework 4.8.4300.0; Microsoft Windows 10.0.19043 )",
        "x-ms-client-request-id": "1b5903aaeed2c0de2d342250dd5536e5",
        "x-ms-return-client-request-id": "true"
      },
      "RequestBody": null,
      "StatusCode": 200,
      "ResponseHeaders": {
        "Cache-Control": "no-cache",
        "Content-Length": "687",
        "Content-Type": "application/json; charset=utf-8",
        "Date": "Fri, 10 Sep 2021 07:13:25 GMT",
        "Expires": "-1",
        "Pragma": "no-cache",
        "Server": [
          "Service-Bus-Resource-Provider/CH3",
          "Microsoft-HTTPAPI/2.0"
        ],
        "Server-SB": "Service-Bus-Resource-Provider/CH3",
        "Strict-Transport-Security": "max-age=31536000; includeSubDomains",
        "X-Content-Type-Options": "nosniff",
        "x-ms-client-request-id": "1b5903aaeed2c0de2d342250dd5536e5",
        "x-ms-correlation-request-id": "5e77d244-f8b7-4495-82da-c5c9d210b971",
        "x-ms-ratelimit-remaining-subscription-reads": "11841",
        "x-ms-request-id": "11c63907-b64d-43b3-8337-643e60982475_M7CH3_M7CH3",
        "x-ms-routing-request-id": "SOUTHEASTASIA:20210910T071325Z:5e77d244-f8b7-4495-82da-c5c9d210b971"
      },
      "ResponseBody": {
        "value": [
          {
            "sku": {
              "name": "Standard",
              "tier": "Standard",
              "capacity": 1
            },
            "id": "/subscriptions/db1ab6f0-4769-4b27-930e-01e2ef9c123c/resourceGroups/teststorageRG-8474/providers/Microsoft.EventHub/namespaces/namespace5364",
            "name": "namespace5364",
            "type": "Microsoft.EventHub/Namespaces",
            "location": "East US 2",
            "tags": {},
            "properties": {
              "zoneRedundant": false,
              "isAutoInflateEnabled": false,
              "maximumThroughputUnits": 0,
              "kafkaEnabled": true,
              "provisioningState": "Succeeded",
              "metricId": "db1ab6f0-4769-4b27-930e-01e2ef9c123c:namespace5364",
              "createdAt": "2021-09-10T07:12:27.3Z",
              "updatedAt": "2021-09-10T07:13:17.72Z",
              "serviceBusEndpoint": "https://namespace5364.servicebus.windows.net:443/",
              "status": "Active"
            }
          }
        ]
      }
    },
    {
      "RequestUri": "https://management.azure.com/subscriptions/db1ab6f0-4769-4b27-930e-01e2ef9c123c/resourceGroups/teststorageRG-8474/providers/Microsoft.EventHub/namespaces/namespace5364?api-version=2018-01-01-preview",
      "RequestMethod": "DELETE",
      "RequestHeaders": {
        "Accept": "application/json",
        "Authorization": "Sanitized",
        "User-Agent": "azsdk-net-ResourceManager.EventHubs/1.0.0-alpha.20210910.1 (.NET Framework 4.8.4300.0; Microsoft Windows 10.0.19043 )",
        "x-ms-client-request-id": "97401d24f9d6689c4d2d02da541530dc",
        "x-ms-return-client-request-id": "true"
      },
      "RequestBody": null,
      "StatusCode": 202,
      "ResponseHeaders": {
        "Cache-Control": "no-cache",
        "Content-Length": "0",
        "Date": "Fri, 10 Sep 2021 07:13:26 GMT",
        "Expires": "-1",
        "Location": "https://management.azure.com/subscriptions/db1ab6f0-4769-4b27-930e-01e2ef9c123c/resourceGroups/teststorageRG-8474/providers/Microsoft.EventHub/namespaces/namespace5364/operationresults/namespace5364?api-version=2018-01-01-preview",
        "Pragma": "no-cache",
        "Server": [
          "Service-Bus-Resource-Provider/CH3",
          "Microsoft-HTTPAPI/2.0"
        ],
        "Server-SB": "Service-Bus-Resource-Provider/CH3",
        "Strict-Transport-Security": "max-age=31536000; includeSubDomains",
        "X-Content-Type-Options": "nosniff",
        "x-ms-client-request-id": "97401d24f9d6689c4d2d02da541530dc",
        "x-ms-correlation-request-id": "7b99f0cf-e75a-496d-ab16-ae682f2fcfb0",
        "x-ms-ratelimit-remaining-subscription-deletes": "14995",
        "x-ms-request-id": "4c669eb6-9320-4fa7-b1fc-f61109dfcda6_M7CH3_M7CH3",
        "x-ms-routing-request-id": "SOUTHEASTASIA:20210910T071327Z:7b99f0cf-e75a-496d-ab16-ae682f2fcfb0"
      },
      "ResponseBody": []
    },
    {
      "RequestUri": "https://management.azure.com/subscriptions/db1ab6f0-4769-4b27-930e-01e2ef9c123c/resourceGroups/teststorageRG-8474/providers/Microsoft.EventHub/namespaces/namespace5364/operationresults/namespace5364?api-version=2018-01-01-preview",
      "RequestMethod": "GET",
      "RequestHeaders": {
        "Authorization": "Sanitized",
        "User-Agent": "azsdk-net-ResourceManager/1.0.0-beta.2 (.NET Framework 4.8.4300.0; Microsoft Windows 10.0.19043 )",
        "x-ms-client-request-id": "4351c4a3c51ab01366f1cda5ec046c18",
        "x-ms-return-client-request-id": "true"
      },
      "RequestBody": null,
      "StatusCode": 202,
      "ResponseHeaders": {
        "Cache-Control": "no-cache",
        "Content-Length": "678",
        "Content-Type": "application/json; charset=utf-8",
        "Date": "Fri, 10 Sep 2021 07:13:27 GMT",
        "Expires": "-1",
        "Location": "https://management.azure.com/subscriptions/db1ab6f0-4769-4b27-930e-01e2ef9c123c/resourceGroups/teststorageRG-8474/providers/Microsoft.EventHub/namespaces/namespace5364/operationresults/namespace5364?api-version=2018-01-01-preview",
        "Pragma": "no-cache",
        "Retry-After": "57",
        "Server": [
          "Service-Bus-Resource-Provider/CH3",
          "Microsoft-HTTPAPI/2.0"
        ],
        "Server-SB": "Service-Bus-Resource-Provider/CH3",
        "Strict-Transport-Security": "max-age=31536000; includeSubDomains",
        "X-Content-Type-Options": "nosniff",
        "x-ms-client-request-id": "4351c4a3c51ab01366f1cda5ec046c18",
        "x-ms-correlation-request-id": "237d7d6c-f6c6-45e2-a187-701841852e9e",
        "x-ms-ratelimit-remaining-subscription-reads": "11840",
        "x-ms-request-id": "0f4e06a3-8f9c-4ea2-86ae-6765067a18bc_M7CH3_M7CH3",
        "x-ms-routing-request-id": "SOUTHEASTASIA:20210910T071327Z:237d7d6c-f6c6-45e2-a187-701841852e9e"
      },
      "ResponseBody": {
        "sku": {
          "name": "Standard",
          "tier": "Standard",
          "capacity": 1
        },
        "id": "/subscriptions/db1ab6f0-4769-4b27-930e-01e2ef9c123c/resourceGroups/teststorageRG-8474/providers/Microsoft.EventHub/namespaces/namespace5364",
        "name": "namespace5364",
        "type": "Microsoft.EventHub/Namespaces",
        "location": "East US 2",
        "tags": {},
        "properties": {
          "zoneRedundant": false,
          "isAutoInflateEnabled": false,
          "maximumThroughputUnits": 0,
          "kafkaEnabled": true,
          "provisioningState": "Succeeded",
          "metricId": "db1ab6f0-4769-4b27-930e-01e2ef9c123c:namespace5364",
          "createdAt": "2021-09-10T07:12:27.3Z",
          "updatedAt": "2021-09-10T07:13:26.987Z",
          "serviceBusEndpoint": "https://namespace5364.servicebus.windows.net:443/",
          "status": "Removing"
        }
      }
    },
    {
      "RequestUri": "https://management.azure.com/subscriptions/db1ab6f0-4769-4b27-930e-01e2ef9c123c/resourceGroups/teststorageRG-8474/providers/Microsoft.EventHub/namespaces/namespace5364/operationresults/namespace5364?api-version=2018-01-01-preview",
      "RequestMethod": "GET",
      "RequestHeaders": {
        "Authorization": "Sanitized",
        "User-Agent": "azsdk-net-ResourceManager/1.0.0-beta.2 (.NET Framework 4.8.4300.0; Microsoft Windows 10.0.19043 )",
        "x-ms-client-request-id": "122346048fb630f087ea1dd02f6ddcf8",
        "x-ms-return-client-request-id": "true"
      },
      "RequestBody": null,
      "StatusCode": 202,
      "ResponseHeaders": {
        "Cache-Control": "no-cache",
        "Content-Length": "678",
        "Content-Type": "application/json; charset=utf-8",
        "Date": "Fri, 10 Sep 2021 07:13:28 GMT",
        "Expires": "-1",
        "Location": "https://management.azure.com/subscriptions/db1ab6f0-4769-4b27-930e-01e2ef9c123c/resourceGroups/teststorageRG-8474/providers/Microsoft.EventHub/namespaces/namespace5364/operationresults/namespace5364?api-version=2018-01-01-preview",
        "Pragma": "no-cache",
        "Retry-After": "55",
        "Server": [
          "Service-Bus-Resource-Provider/SN1",
          "Microsoft-HTTPAPI/2.0"
        ],
        "Server-SB": "Service-Bus-Resource-Provider/SN1",
        "Strict-Transport-Security": "max-age=31536000; includeSubDomains",
        "X-Content-Type-Options": "nosniff",
        "x-ms-client-request-id": "122346048fb630f087ea1dd02f6ddcf8",
        "x-ms-correlation-request-id": "5fb4d67c-f416-48ca-8891-43b524295709",
        "x-ms-ratelimit-remaining-subscription-reads": "11839",
        "x-ms-request-id": "5ac3d99a-6e43-4544-aa6b-6c131b4ba14e_M11SN1_M11SN1",
        "x-ms-routing-request-id": "SOUTHEASTASIA:20210910T071328Z:5fb4d67c-f416-48ca-8891-43b524295709"
      },
      "ResponseBody": {
        "sku": {
          "name": "Standard",
          "tier": "Standard",
          "capacity": 1
        },
        "id": "/subscriptions/db1ab6f0-4769-4b27-930e-01e2ef9c123c/resourceGroups/teststorageRG-8474/providers/Microsoft.EventHub/namespaces/namespace5364",
        "name": "namespace5364",
        "type": "Microsoft.EventHub/Namespaces",
        "location": "East US 2",
        "tags": {},
        "properties": {
          "zoneRedundant": false,
          "isAutoInflateEnabled": false,
          "maximumThroughputUnits": 0,
          "kafkaEnabled": true,
          "provisioningState": "Succeeded",
          "metricId": "db1ab6f0-4769-4b27-930e-01e2ef9c123c:namespace5364",
          "createdAt": "2021-09-10T07:12:27.3Z",
          "updatedAt": "2021-09-10T07:13:26.987Z",
          "serviceBusEndpoint": "https://namespace5364.servicebus.windows.net:443/",
          "status": "Removing"
        }
      }
    },
    {
      "RequestUri": "https://management.azure.com/subscriptions/db1ab6f0-4769-4b27-930e-01e2ef9c123c/resourceGroups/teststorageRG-8474/providers/Microsoft.EventHub/namespaces/namespace5364/operationresults/namespace5364?api-version=2018-01-01-preview",
      "RequestMethod": "GET",
      "RequestHeaders": {
        "Authorization": "Sanitized",
        "User-Agent": "azsdk-net-ResourceManager/1.0.0-beta.2 (.NET Framework 4.8.4300.0; Microsoft Windows 10.0.19043 )",
        "x-ms-client-request-id": "90362706ecc366c2b8ee400426f06975",
        "x-ms-return-client-request-id": "true"
      },
      "RequestBody": null,
      "StatusCode": 202,
      "ResponseHeaders": {
        "Cache-Control": "no-cache",
        "Content-Length": "678",
        "Content-Type": "application/json; charset=utf-8",
        "Date": "Fri, 10 Sep 2021 07:13:29 GMT",
        "Expires": "-1",
        "Location": "https://management.azure.com/subscriptions/db1ab6f0-4769-4b27-930e-01e2ef9c123c/resourceGroups/teststorageRG-8474/providers/Microsoft.EventHub/namespaces/namespace5364/operationresults/namespace5364?api-version=2018-01-01-preview",
        "Pragma": "no-cache",
        "Retry-After": "48",
        "Server": [
          "Service-Bus-Resource-Provider/CH3",
          "Microsoft-HTTPAPI/2.0"
        ],
        "Server-SB": "Service-Bus-Resource-Provider/CH3",
        "Strict-Transport-Security": "max-age=31536000; includeSubDomains",
        "X-Content-Type-Options": "nosniff",
        "x-ms-client-request-id": "90362706ecc366c2b8ee400426f06975",
        "x-ms-correlation-request-id": "5a640ba3-ee05-4992-83bc-9230f2a39ae7",
        "x-ms-ratelimit-remaining-subscription-reads": "11838",
        "x-ms-request-id": "00e55031-d110-4d66-81fe-8ce796a45057_M7CH3_M7CH3",
        "x-ms-routing-request-id": "SOUTHEASTASIA:20210910T071330Z:5a640ba3-ee05-4992-83bc-9230f2a39ae7"
      },
      "ResponseBody": {
        "sku": {
          "name": "Standard",
          "tier": "Standard",
          "capacity": 1
        },
        "id": "/subscriptions/db1ab6f0-4769-4b27-930e-01e2ef9c123c/resourceGroups/teststorageRG-8474/providers/Microsoft.EventHub/namespaces/namespace5364",
        "name": "namespace5364",
        "type": "Microsoft.EventHub/Namespaces",
        "location": "East US 2",
        "tags": {},
        "properties": {
          "zoneRedundant": false,
          "isAutoInflateEnabled": false,
          "maximumThroughputUnits": 0,
          "kafkaEnabled": true,
          "provisioningState": "Succeeded",
          "metricId": "db1ab6f0-4769-4b27-930e-01e2ef9c123c:namespace5364",
          "createdAt": "2021-09-10T07:12:27.3Z",
          "updatedAt": "2021-09-10T07:13:26.987Z",
          "serviceBusEndpoint": "https://namespace5364.servicebus.windows.net:443/",
          "status": "Removing"
        }
      }
    },
    {
      "RequestUri": "https://management.azure.com/subscriptions/db1ab6f0-4769-4b27-930e-01e2ef9c123c/resourceGroups/teststorageRG-8474/providers/Microsoft.EventHub/namespaces/namespace5364/operationresults/namespace5364?api-version=2018-01-01-preview",
      "RequestMethod": "GET",
      "RequestHeaders": {
        "Authorization": "Sanitized",
        "User-Agent": "azsdk-net-ResourceManager/1.0.0-beta.2 (.NET Framework 4.8.4300.0; Microsoft Windows 10.0.19043 )",
        "x-ms-client-request-id": "452ab19a15311425d420bb2fa84380f8",
        "x-ms-return-client-request-id": "true"
      },
      "RequestBody": null,
      "StatusCode": 202,
      "ResponseHeaders": {
        "Cache-Control": "no-cache",
        "Content-Length": "678",
        "Content-Type": "application/json; charset=utf-8",
        "Date": "Fri, 10 Sep 2021 07:13:31 GMT",
        "Expires": "-1",
        "Location": "https://management.azure.com/subscriptions/db1ab6f0-4769-4b27-930e-01e2ef9c123c/resourceGroups/teststorageRG-8474/providers/Microsoft.EventHub/namespaces/namespace5364/operationresults/namespace5364?api-version=2018-01-01-preview",
        "Pragma": "no-cache",
        "Retry-After": "40",
        "Server": [
          "Service-Bus-Resource-Provider/CH3",
          "Microsoft-HTTPAPI/2.0"
        ],
        "Server-SB": "Service-Bus-Resource-Provider/CH3",
        "Strict-Transport-Security": "max-age=31536000; includeSubDomains",
        "X-Content-Type-Options": "nosniff",
        "x-ms-client-request-id": "452ab19a15311425d420bb2fa84380f8",
        "x-ms-correlation-request-id": "d58a2076-09be-479c-801d-70b5f7afccf9",
        "x-ms-ratelimit-remaining-subscription-reads": "11837",
        "x-ms-request-id": "1576407b-d6ca-46ba-939d-d595af636c89_M7CH3_M7CH3",
        "x-ms-routing-request-id": "SOUTHEASTASIA:20210910T071331Z:d58a2076-09be-479c-801d-70b5f7afccf9"
      },
      "ResponseBody": {
        "sku": {
          "name": "Standard",
          "tier": "Standard",
          "capacity": 1
        },
        "id": "/subscriptions/db1ab6f0-4769-4b27-930e-01e2ef9c123c/resourceGroups/teststorageRG-8474/providers/Microsoft.EventHub/namespaces/namespace5364",
        "name": "namespace5364",
        "type": "Microsoft.EventHub/Namespaces",
        "location": "East US 2",
        "tags": {},
        "properties": {
          "zoneRedundant": false,
          "isAutoInflateEnabled": false,
          "maximumThroughputUnits": 0,
          "kafkaEnabled": true,
          "provisioningState": "Succeeded",
          "metricId": "db1ab6f0-4769-4b27-930e-01e2ef9c123c:namespace5364",
          "createdAt": "2021-09-10T07:12:27.3Z",
          "updatedAt": "2021-09-10T07:13:26.987Z",
          "serviceBusEndpoint": "https://namespace5364.servicebus.windows.net:443/",
          "status": "Removing"
        }
      }
    },
    {
      "RequestUri": "https://management.azure.com/subscriptions/db1ab6f0-4769-4b27-930e-01e2ef9c123c/resourceGroups/teststorageRG-8474/providers/Microsoft.EventHub/namespaces/namespace5364/operationresults/namespace5364?api-version=2018-01-01-preview",
      "RequestMethod": "GET",
      "RequestHeaders": {
        "Authorization": "Sanitized",
        "User-Agent": "azsdk-net-ResourceManager/1.0.0-beta.2 (.NET Framework 4.8.4300.0; Microsoft Windows 10.0.19043 )",
        "x-ms-client-request-id": "c49ed414dbcd175483bd5ac74feb0996",
        "x-ms-return-client-request-id": "true"
      },
      "RequestBody": null,
      "StatusCode": 202,
      "ResponseHeaders": {
        "Cache-Control": "no-cache",
        "Content-Length": "678",
        "Content-Type": "application/json; charset=utf-8",
        "Date": "Fri, 10 Sep 2021 07:13:32 GMT",
        "Expires": "-1",
        "Location": "https://management.azure.com/subscriptions/db1ab6f0-4769-4b27-930e-01e2ef9c123c/resourceGroups/teststorageRG-8474/providers/Microsoft.EventHub/namespaces/namespace5364/operationresults/namespace5364?api-version=2018-01-01-preview",
        "Pragma": "no-cache",
        "Retry-After": "56",
        "Server": [
          "Service-Bus-Resource-Provider/CH3",
          "Microsoft-HTTPAPI/2.0"
        ],
        "Server-SB": "Service-Bus-Resource-Provider/CH3",
        "Strict-Transport-Security": "max-age=31536000; includeSubDomains",
        "X-Content-Type-Options": "nosniff",
        "x-ms-client-request-id": "c49ed414dbcd175483bd5ac74feb0996",
        "x-ms-correlation-request-id": "9be8bf4e-c5b8-435b-9cb2-cc4b3974bf10",
        "x-ms-ratelimit-remaining-subscription-reads": "11836",
        "x-ms-request-id": "ceb31173-18f8-4e02-bcff-188e21d042f2_M7CH3_M7CH3",
        "x-ms-routing-request-id": "SOUTHEASTASIA:20210910T071333Z:9be8bf4e-c5b8-435b-9cb2-cc4b3974bf10"
      },
      "ResponseBody": {
        "sku": {
          "name": "Standard",
          "tier": "Standard",
          "capacity": 1
        },
        "id": "/subscriptions/db1ab6f0-4769-4b27-930e-01e2ef9c123c/resourceGroups/teststorageRG-8474/providers/Microsoft.EventHub/namespaces/namespace5364",
        "name": "namespace5364",
        "type": "Microsoft.EventHub/Namespaces",
        "location": "East US 2",
        "tags": {},
        "properties": {
          "zoneRedundant": false,
          "isAutoInflateEnabled": false,
          "maximumThroughputUnits": 0,
          "kafkaEnabled": true,
          "provisioningState": "Succeeded",
          "metricId": "db1ab6f0-4769-4b27-930e-01e2ef9c123c:namespace5364",
          "createdAt": "2021-09-10T07:12:27.3Z",
          "updatedAt": "2021-09-10T07:13:26.987Z",
          "serviceBusEndpoint": "https://namespace5364.servicebus.windows.net:443/",
          "status": "Removing"
        }
      }
    },
    {
      "RequestUri": "https://management.azure.com/subscriptions/db1ab6f0-4769-4b27-930e-01e2ef9c123c/resourceGroups/teststorageRG-8474/providers/Microsoft.EventHub/namespaces/namespace5364/operationresults/namespace5364?api-version=2018-01-01-preview",
      "RequestMethod": "GET",
      "RequestHeaders": {
        "Authorization": "Sanitized",
        "User-Agent": "azsdk-net-ResourceManager/1.0.0-beta.2 (.NET Framework 4.8.4300.0; Microsoft Windows 10.0.19043 )",
        "x-ms-client-request-id": "7e36a7819743f1c70222bca33093bd74",
        "x-ms-return-client-request-id": "true"
      },
      "RequestBody": null,
      "StatusCode": 202,
      "ResponseHeaders": {
        "Cache-Control": "no-cache",
        "Content-Length": "678",
        "Content-Type": "application/json; charset=utf-8",
        "Date": "Fri, 10 Sep 2021 07:13:33 GMT",
        "Expires": "-1",
        "Location": "https://management.azure.com/subscriptions/db1ab6f0-4769-4b27-930e-01e2ef9c123c/resourceGroups/teststorageRG-8474/providers/Microsoft.EventHub/namespaces/namespace5364/operationresults/namespace5364?api-version=2018-01-01-preview",
        "Pragma": "no-cache",
        "Retry-After": "43",
        "Server": [
          "Service-Bus-Resource-Provider/CH3",
          "Microsoft-HTTPAPI/2.0"
        ],
        "Server-SB": "Service-Bus-Resource-Provider/CH3",
        "Strict-Transport-Security": "max-age=31536000; includeSubDomains",
        "X-Content-Type-Options": "nosniff",
        "x-ms-client-request-id": "7e36a7819743f1c70222bca33093bd74",
        "x-ms-correlation-request-id": "87fcffb0-5416-4a5d-b296-8ffae4f6eaf0",
        "x-ms-ratelimit-remaining-subscription-reads": "11835",
        "x-ms-request-id": "cd1fde4c-c90f-483f-80f3-d7db6ae79d54_M7CH3_M7CH3",
        "x-ms-routing-request-id": "SOUTHEASTASIA:20210910T071334Z:87fcffb0-5416-4a5d-b296-8ffae4f6eaf0"
      },
      "ResponseBody": {
        "sku": {
          "name": "Standard",
          "tier": "Standard",
          "capacity": 1
        },
        "id": "/subscriptions/db1ab6f0-4769-4b27-930e-01e2ef9c123c/resourceGroups/teststorageRG-8474/providers/Microsoft.EventHub/namespaces/namespace5364",
        "name": "namespace5364",
        "type": "Microsoft.EventHub/Namespaces",
        "location": "East US 2",
        "tags": {},
        "properties": {
          "zoneRedundant": false,
          "isAutoInflateEnabled": false,
          "maximumThroughputUnits": 0,
          "kafkaEnabled": true,
          "provisioningState": "Succeeded",
          "metricId": "db1ab6f0-4769-4b27-930e-01e2ef9c123c:namespace5364",
          "createdAt": "2021-09-10T07:12:27.3Z",
          "updatedAt": "2021-09-10T07:13:26.987Z",
          "serviceBusEndpoint": "https://namespace5364.servicebus.windows.net:443/",
          "status": "Removing"
        }
      }
    },
    {
      "RequestUri": "https://management.azure.com/subscriptions/db1ab6f0-4769-4b27-930e-01e2ef9c123c/resourceGroups/teststorageRG-8474/providers/Microsoft.EventHub/namespaces/namespace5364/operationresults/namespace5364?api-version=2018-01-01-preview",
      "RequestMethod": "GET",
      "RequestHeaders": {
        "Authorization": "Sanitized",
        "User-Agent": "azsdk-net-ResourceManager/1.0.0-beta.2 (.NET Framework 4.8.4300.0; Microsoft Windows 10.0.19043 )",
        "x-ms-client-request-id": "51f0476da552bea85d12c173ba5dc4e8",
        "x-ms-return-client-request-id": "true"
      },
      "RequestBody": null,
      "StatusCode": 202,
      "ResponseHeaders": {
        "Cache-Control": "no-cache",
        "Content-Length": "678",
        "Content-Type": "application/json; charset=utf-8",
        "Date": "Fri, 10 Sep 2021 07:13:35 GMT",
        "Expires": "-1",
        "Location": "https://management.azure.com/subscriptions/db1ab6f0-4769-4b27-930e-01e2ef9c123c/resourceGroups/teststorageRG-8474/providers/Microsoft.EventHub/namespaces/namespace5364/operationresults/namespace5364?api-version=2018-01-01-preview",
        "Pragma": "no-cache",
        "Retry-After": "35",
        "Server": [
          "Service-Bus-Resource-Provider/CH3",
          "Microsoft-HTTPAPI/2.0"
        ],
        "Server-SB": "Service-Bus-Resource-Provider/CH3",
        "Strict-Transport-Security": "max-age=31536000; includeSubDomains",
        "X-Content-Type-Options": "nosniff",
        "x-ms-client-request-id": "51f0476da552bea85d12c173ba5dc4e8",
        "x-ms-correlation-request-id": "6fa4c685-34ca-4c9a-83d0-5043172a6461",
        "x-ms-ratelimit-remaining-subscription-reads": "11834",
        "x-ms-request-id": "b7499a4f-98b5-43a0-bcad-e9ea8a72de92_M8CH3_M8CH3",
        "x-ms-routing-request-id": "SOUTHEASTASIA:20210910T071335Z:6fa4c685-34ca-4c9a-83d0-5043172a6461"
      },
      "ResponseBody": {
        "sku": {
          "name": "Standard",
          "tier": "Standard",
          "capacity": 1
        },
        "id": "/subscriptions/db1ab6f0-4769-4b27-930e-01e2ef9c123c/resourceGroups/teststorageRG-8474/providers/Microsoft.EventHub/namespaces/namespace5364",
        "name": "namespace5364",
        "type": "Microsoft.EventHub/Namespaces",
        "location": "East US 2",
        "tags": {},
        "properties": {
          "zoneRedundant": false,
          "isAutoInflateEnabled": false,
          "maximumThroughputUnits": 0,
          "kafkaEnabled": true,
          "provisioningState": "Succeeded",
          "metricId": "db1ab6f0-4769-4b27-930e-01e2ef9c123c:namespace5364",
          "createdAt": "2021-09-10T07:12:27.3Z",
          "updatedAt": "2021-09-10T07:13:26.987Z",
          "serviceBusEndpoint": "https://namespace5364.servicebus.windows.net:443/",
          "status": "Removing"
        }
      }
    },
    {
      "RequestUri": "https://management.azure.com/subscriptions/db1ab6f0-4769-4b27-930e-01e2ef9c123c/resourceGroups/teststorageRG-8474/providers/Microsoft.EventHub/namespaces/namespace5364/operationresults/namespace5364?api-version=2018-01-01-preview",
      "RequestMethod": "GET",
      "RequestHeaders": {
        "Authorization": "Sanitized",
        "User-Agent": "azsdk-net-ResourceManager/1.0.0-beta.2 (.NET Framework 4.8.4300.0; Microsoft Windows 10.0.19043 )",
        "x-ms-client-request-id": "01ad2517020c7cb50dadc2ab1fb0e7f0",
        "x-ms-return-client-request-id": "true"
      },
      "RequestBody": null,
      "StatusCode": 202,
      "ResponseHeaders": {
        "Cache-Control": "no-cache",
        "Content-Length": "678",
        "Content-Type": "application/json; charset=utf-8",
        "Date": "Fri, 10 Sep 2021 07:14:02 GMT",
        "Expires": "-1",
        "Location": "https://management.azure.com/subscriptions/db1ab6f0-4769-4b27-930e-01e2ef9c123c/resourceGroups/teststorageRG-8474/providers/Microsoft.EventHub/namespaces/namespace5364/operationresults/namespace5364?api-version=2018-01-01-preview",
        "Pragma": "no-cache",
        "Retry-After": "41",
        "Server": [
          "Service-Bus-Resource-Provider/CH3",
          "Microsoft-HTTPAPI/2.0"
        ],
        "Server-SB": "Service-Bus-Resource-Provider/CH3",
        "Strict-Transport-Security": "max-age=31536000; includeSubDomains",
        "X-Content-Type-Options": "nosniff",
        "x-ms-client-request-id": "01ad2517020c7cb50dadc2ab1fb0e7f0",
        "x-ms-correlation-request-id": "12a5560b-9009-4672-99b2-73ed7d1b9852",
        "x-ms-ratelimit-remaining-subscription-reads": "11833",
        "x-ms-request-id": "baeb5279-b08f-4de0-964a-bb41278b70dc_M7CH3_M7CH3",
        "x-ms-routing-request-id": "SOUTHEASTASIA:20210910T071402Z:12a5560b-9009-4672-99b2-73ed7d1b9852"
      },
      "ResponseBody": {
        "sku": {
          "name": "Standard",
          "tier": "Standard",
          "capacity": 1
        },
        "id": "/subscriptions/db1ab6f0-4769-4b27-930e-01e2ef9c123c/resourceGroups/teststorageRG-8474/providers/Microsoft.EventHub/namespaces/namespace5364",
        "name": "namespace5364",
        "type": "Microsoft.EventHub/Namespaces",
        "location": "East US 2",
        "tags": {},
        "properties": {
          "zoneRedundant": false,
          "isAutoInflateEnabled": false,
          "maximumThroughputUnits": 0,
          "kafkaEnabled": true,
          "provisioningState": "Succeeded",
          "metricId": "db1ab6f0-4769-4b27-930e-01e2ef9c123c:namespace5364",
          "createdAt": "2021-09-10T07:12:27.3Z",
          "updatedAt": "2021-09-10T07:13:26.987Z",
          "serviceBusEndpoint": "https://namespace5364.servicebus.windows.net:443/",
          "status": "Removing"
        }
      }
    },
    {
      "RequestUri": "https://management.azure.com/subscriptions/db1ab6f0-4769-4b27-930e-01e2ef9c123c/resourceGroups/teststorageRG-8474/providers/Microsoft.EventHub/namespaces/namespace5364/operationresults/namespace5364?api-version=2018-01-01-preview",
      "RequestMethod": "GET",
      "RequestHeaders": {
        "Authorization": "Sanitized",
        "User-Agent": "azsdk-net-ResourceManager/1.0.0-beta.2 (.NET Framework 4.8.4300.0; Microsoft Windows 10.0.19043 )",
        "x-ms-client-request-id": "075ae500b8fbdc44ff772130d55436a5",
        "x-ms-return-client-request-id": "true"
      },
      "RequestBody": null,
      "StatusCode": 200,
      "ResponseHeaders": {
        "Cache-Control": "no-cache",
        "Content-Length": "0",
        "Date": "Fri, 10 Sep 2021 07:14:07 GMT",
        "Expires": "-1",
        "Pragma": "no-cache",
        "Server": [
          "Service-Bus-Resource-Provider/CH3",
          "Microsoft-HTTPAPI/2.0"
        ],
        "Server-SB": "Service-Bus-Resource-Provider/CH3",
        "Strict-Transport-Security": "max-age=31536000; includeSubDomains",
        "X-Content-Type-Options": "nosniff",
        "x-ms-client-request-id": "075ae500b8fbdc44ff772130d55436a5",
        "x-ms-correlation-request-id": "a4f0b75e-1e51-459c-b360-f1fe01f2bed2",
        "x-ms-ratelimit-remaining-subscription-reads": "11832",
        "x-ms-request-id": "3b27787e-7586-406c-b8d8-f5264cf0dd29_M7CH3_M7CH3",
        "x-ms-routing-request-id": "SOUTHEASTASIA:20210910T071408Z:a4f0b75e-1e51-459c-b360-f1fe01f2bed2"
      },
      "ResponseBody": []
    }
  ],
  "Variables": {
    "RandomSeed": "1092708745",
    "RESOURCE_MANAGER_URL": null,
    "SUBSCRIPTION_ID": "db1ab6f0-4769-4b27-930e-01e2ef9c123c"
  }
}