{
  "Entries": [
    {
      "RequestUri": "https://management.azure.com/subscriptions/db1ab6f0-4769-4b27-930e-01e2ef9c123c?api-version=2019-11-01",
      "RequestMethod": "GET",
      "RequestHeaders": {
        "Accept": "application/json",
        "Authorization": "Sanitized",
        "User-Agent": "azsdk-net-ResourceManager/1.0.0-beta.4 (.NET Framework 4.8.4300.0; Microsoft Windows 10.0.19043 )",
        "x-ms-client-request-id": "7499a4c60f3599b378a69e4df454bbd4",
        "x-ms-return-client-request-id": "true"
      },
      "RequestBody": null,
      "StatusCode": 200,
      "ResponseHeaders": {
        "Cache-Control": "no-cache",
        "Connection": "close",
        "Content-Length": "468",
        "Content-Type": "application/json; charset=utf-8",
        "Date": "Mon, 25 Oct 2021 02:06:11 GMT",
        "Expires": "-1",
        "Pragma": "no-cache",
        "Strict-Transport-Security": "max-age=31536000; includeSubDomains",
        "X-Content-Type-Options": "nosniff",
        "x-ms-correlation-request-id": "0302ce85-a0f3-46a9-99eb-c76f9ea55dc0",
        "x-ms-ratelimit-remaining-subscription-reads": "11791",
        "x-ms-request-id": "0302ce85-a0f3-46a9-99eb-c76f9ea55dc0",
        "x-ms-routing-request-id": "SOUTHEASTASIA:20211025T020611Z:0302ce85-a0f3-46a9-99eb-c76f9ea55dc0"
      },
      "ResponseBody": {
        "id": "/subscriptions/db1ab6f0-4769-4b27-930e-01e2ef9c123c",
        "authorizationSource": "RoleBased",
        "managedByTenants": [],
        "tags": {
          "tagKey1": "tagValue1",
          "tagKey2": "tagValue2"
        },
        "subscriptionId": "db1ab6f0-4769-4b27-930e-01e2ef9c123c",
        "tenantId": "72f988bf-86f1-41af-91ab-2d7cd011db47",
        "displayName": ".NET Mgmt SDK Test with TTL = 1 Day",
        "state": "Enabled",
        "subscriptionPolicies": {
          "locationPlacementId": "Internal_2014-09-01",
          "quotaId": "Internal_2014-09-01",
          "spendingLimit": "Off"
        }
      }
    },
    {
      "RequestUri": "https://management.azure.com/subscriptions/db1ab6f0-4769-4b27-930e-01e2ef9c123c/resourcegroups/testeventhubRG-7533?api-version=2019-10-01",
      "RequestMethod": "PUT",
      "RequestHeaders": {
        "Accept": "application/json",
        "Authorization": "Sanitized",
        "Content-Length": "44",
        "Content-Type": "application/json",
        "traceparent": "00-bef4cd98ddaf344293d72b5a7d043602-2659c825a178d249-00",
        "User-Agent": "azsdk-net-ResourceManager/1.0.0-beta.4 (.NET Framework 4.8.4300.0; Microsoft Windows 10.0.19043 )",
        "x-ms-client-request-id": "9c22c3d7eccaf102f19264c160ce7b20",
        "x-ms-return-client-request-id": "true"
      },
      "RequestBody": {
        "location": "eastus2",
        "tags": {
          "test": "env"
        }
      },
      "StatusCode": 201,
      "ResponseHeaders": {
        "Cache-Control": "no-cache",
        "Content-Length": "258",
        "Content-Type": "application/json; charset=utf-8",
        "Date": "Mon, 25 Oct 2021 02:06:14 GMT",
        "Expires": "-1",
        "Pragma": "no-cache",
        "Strict-Transport-Security": "max-age=31536000; includeSubDomains",
        "X-Content-Type-Options": "nosniff",
        "x-ms-correlation-request-id": "32d8b085-5b16-402b-8eed-904b4094f1ee",
        "x-ms-ratelimit-remaining-subscription-writes": "1199",
        "x-ms-request-id": "32d8b085-5b16-402b-8eed-904b4094f1ee",
        "x-ms-routing-request-id": "SOUTHEASTASIA:20211025T020614Z:32d8b085-5b16-402b-8eed-904b4094f1ee"
      },
      "ResponseBody": {
        "id": "/subscriptions/db1ab6f0-4769-4b27-930e-01e2ef9c123c/resourceGroups/testeventhubRG-7533",
        "name": "testeventhubRG-7533",
        "type": "Microsoft.Resources/resourceGroups",
        "location": "eastus2",
        "tags": {
          "test": "env"
        },
        "properties": {
          "provisioningState": "Succeeded"
        }
      }
    },
    {
      "RequestUri": "https://management.azure.com/subscriptions/db1ab6f0-4769-4b27-930e-01e2ef9c123c/providers/Microsoft.EventHub/checkNameAvailability?api-version=2021-06-01-preview",
      "RequestMethod": "POST",
      "RequestHeaders": {
        "Accept": "application/json",
        "Authorization": "Sanitized",
        "Content-Length": "32",
        "Content-Type": "application/json",
        "User-Agent": "azsdk-net-ResourceManager.EventHubs/1.0.0-alpha.20211025.1 (.NET Framework 4.8.4300.0; Microsoft Windows 10.0.19043 )",
        "x-ms-client-request-id": "ad1bd00e50724a57659aabcdd4f20fbb",
        "x-ms-return-client-request-id": "true"
      },
      "RequestBody": {
        "name": "testnamespacemgmt1126"
      },
      "StatusCode": 200,
      "ResponseHeaders": {
        "Cache-Control": "no-cache",
        "Content-Length": "53",
        "Content-Type": "application/json; charset=utf-8",
        "Date": "Mon, 25 Oct 2021 02:06:15 GMT",
        "Expires": "-1",
        "Pragma": "no-cache",
        "Server": [
          "Service-Bus-Resource-Provider/CH3",
          "Microsoft-HTTPAPI/2.0"
        ],
        "Server-SB": "Service-Bus-Resource-Provider/CH3",
        "Strict-Transport-Security": "max-age=31536000; includeSubDomains",
        "X-Content-Type-Options": "nosniff",
        "x-ms-client-request-id": "ad1bd00e50724a57659aabcdd4f20fbb",
        "x-ms-correlation-request-id": "f12e3966-c9ac-48cf-8579-197f02c66ce2",
        "x-ms-ratelimit-remaining-subscription-writes": "1199",
        "x-ms-request-id": "8eda1943-06a3-4104-9663-3bc7c36712df_M7CH3_M7CH3",
        "x-ms-routing-request-id": "SOUTHEASTASIA:20211025T020616Z:f12e3966-c9ac-48cf-8579-197f02c66ce2"
      },
      "ResponseBody": {
        "nameAvailable": true,
        "reason": "None",
        "message": null
      }
    },
    {
      "RequestUri": "https://management.azure.com/subscriptions/db1ab6f0-4769-4b27-930e-01e2ef9c123c/resourceGroups/testeventhubRG-7533/providers/Microsoft.EventHub/namespaces/testnamespacemgmt1126?api-version=2021-06-01-preview",
      "RequestMethod": "PUT",
      "RequestHeaders": {
        "Accept": "application/json",
        "Authorization": "Sanitized",
        "Content-Length": "48",
        "Content-Type": "application/json",
        "User-Agent": "azsdk-net-ResourceManager.EventHubs/1.0.0-alpha.20211025.1 (.NET Framework 4.8.4300.0; Microsoft Windows 10.0.19043 )",
        "x-ms-client-request-id": "53a0ee95fcba96b783437d4fd818d823",
        "x-ms-return-client-request-id": "true"
      },
      "RequestBody": {
        "tags": {},
        "location": "eastus2",
        "properties": {}
      },
      "StatusCode": 200,
      "ResponseHeaders": {
        "Cache-Control": "no-cache",
        "Content-Length": "736",
        "Content-Type": "application/json; charset=utf-8",
        "Date": "Mon, 25 Oct 2021 02:06:21 GMT",
        "Expires": "-1",
        "Pragma": "no-cache",
        "Server": [
          "Service-Bus-Resource-Provider/CH3",
          "Microsoft-HTTPAPI/2.0"
        ],
        "Server-SB": "Service-Bus-Resource-Provider/CH3",
        "Strict-Transport-Security": "max-age=31536000; includeSubDomains",
        "X-Content-Type-Options": "nosniff",
        "x-ms-client-request-id": "53a0ee95fcba96b783437d4fd818d823",
        "x-ms-correlation-request-id": "5b3b8d6c-666d-48f1-ad88-aeacf71afb51",
        "x-ms-ratelimit-remaining-subscription-resource-requests": "49",
        "x-ms-request-id": "0f583378-97e6-43dd-956d-1a5d93e2757d_M7CH3_M7CH3",
        "x-ms-routing-request-id": "SOUTHEASTASIA:20211025T020622Z:5b3b8d6c-666d-48f1-ad88-aeacf71afb51"
      },
      "ResponseBody": {
        "sku": {
          "name": "Standard",
          "tier": "Standard",
          "capacity": 1
        },
        "id": "/subscriptions/db1ab6f0-4769-4b27-930e-01e2ef9c123c/resourceGroups/testeventhubRG-7533/providers/Microsoft.EventHub/namespaces/testnamespacemgmt1126",
        "name": "testnamespacemgmt1126",
        "type": "Microsoft.EventHub/Namespaces",
        "location": "East US 2",
        "tags": {},
        "properties": {
          "disableLocalAuth": false,
          "zoneRedundant": false,
          "isAutoInflateEnabled": false,
          "maximumThroughputUnits": 0,
          "kafkaEnabled": true,
          "provisioningState": "Created",
          "metricId": "db1ab6f0-4769-4b27-930e-01e2ef9c123c:testnamespacemgmt1126",
          "createdAt": "2021-10-25T02:06:20.87Z",
          "updatedAt": "2021-10-25T02:06:20.87Z",
          "serviceBusEndpoint": "https://testnamespacemgmt1126.servicebus.windows.net:443/",
          "status": "Activating"
        }
      }
    },
    {
      "RequestUri": "https://management.azure.com/subscriptions/db1ab6f0-4769-4b27-930e-01e2ef9c123c/resourceGroups/testeventhubRG-7533/providers/Microsoft.EventHub/namespaces/testnamespacemgmt1126?api-version=2021-06-01-preview",
      "RequestMethod": "GET",
      "RequestHeaders": {
        "Authorization": "Sanitized",
        "User-Agent": "azsdk-net-ResourceManager/1.0.0-beta.4 (.NET Framework 4.8.4300.0; Microsoft Windows 10.0.19043 )",
        "x-ms-client-request-id": "dfca0554cddb125118842a2fd308724d",
        "x-ms-return-client-request-id": "true"
      },
      "RequestBody": null,
      "StatusCode": 200,
      "ResponseHeaders": {
        "Cache-Control": "no-cache",
        "Content-Length": "736",
        "Content-Type": "application/json; charset=utf-8",
        "Date": "Mon, 25 Oct 2021 02:06:23 GMT",
        "Expires": "-1",
        "Pragma": "no-cache",
        "Server": [
          "Service-Bus-Resource-Provider/CH3",
          "Microsoft-HTTPAPI/2.0"
        ],
        "Server-SB": "Service-Bus-Resource-Provider/CH3",
        "Strict-Transport-Security": "max-age=31536000; includeSubDomains",
        "X-Content-Type-Options": "nosniff",
        "x-ms-client-request-id": "dfca0554cddb125118842a2fd308724d",
        "x-ms-correlation-request-id": "880b9e02-d36f-4fed-a9bb-1595c227b865",
        "x-ms-ratelimit-remaining-subscription-reads": "11996",
        "x-ms-request-id": "354373a9-c060-4b33-9983-17df1a78ed1a_M11CH3_M11CH3",
        "x-ms-routing-request-id": "SOUTHEASTASIA:20211025T020623Z:880b9e02-d36f-4fed-a9bb-1595c227b865"
      },
      "ResponseBody": {
        "sku": {
          "name": "Standard",
          "tier": "Standard",
          "capacity": 1
        },
        "id": "/subscriptions/db1ab6f0-4769-4b27-930e-01e2ef9c123c/resourceGroups/testeventhubRG-7533/providers/Microsoft.EventHub/namespaces/testnamespacemgmt1126",
        "name": "testnamespacemgmt1126",
        "type": "Microsoft.EventHub/Namespaces",
        "location": "East US 2",
        "tags": {},
        "properties": {
          "disableLocalAuth": false,
          "zoneRedundant": false,
          "isAutoInflateEnabled": false,
          "maximumThroughputUnits": 0,
          "kafkaEnabled": true,
          "provisioningState": "Created",
          "metricId": "db1ab6f0-4769-4b27-930e-01e2ef9c123c:testnamespacemgmt1126",
          "createdAt": "2021-10-25T02:06:20.87Z",
          "updatedAt": "2021-10-25T02:06:20.87Z",
          "serviceBusEndpoint": "https://testnamespacemgmt1126.servicebus.windows.net:443/",
          "status": "Activating"
        }
      }
    },
    {
      "RequestUri": "https://management.azure.com/subscriptions/db1ab6f0-4769-4b27-930e-01e2ef9c123c/resourceGroups/testeventhubRG-7533/providers/Microsoft.EventHub/namespaces/testnamespacemgmt1126?api-version=2021-06-01-preview",
      "RequestMethod": "GET",
      "RequestHeaders": {
        "Authorization": "Sanitized",
        "User-Agent": "azsdk-net-ResourceManager/1.0.0-beta.4 (.NET Framework 4.8.4300.0; Microsoft Windows 10.0.19043 )",
        "x-ms-client-request-id": "eca188c224ac7d02882d886897653f5f",
        "x-ms-return-client-request-id": "true"
      },
      "RequestBody": null,
      "StatusCode": 200,
      "ResponseHeaders": {
        "Cache-Control": "no-cache",
        "Content-Length": "736",
        "Content-Type": "application/json; charset=utf-8",
        "Date": "Mon, 25 Oct 2021 02:06:25 GMT",
        "Expires": "-1",
        "Pragma": "no-cache",
        "Server": [
          "Service-Bus-Resource-Provider/CH3",
          "Microsoft-HTTPAPI/2.0"
        ],
        "Server-SB": "Service-Bus-Resource-Provider/CH3",
        "Strict-Transport-Security": "max-age=31536000; includeSubDomains",
        "X-Content-Type-Options": "nosniff",
        "x-ms-client-request-id": "eca188c224ac7d02882d886897653f5f",
        "x-ms-correlation-request-id": "9da9f626-d1ce-4597-928d-8c26980ca8c0",
        "x-ms-ratelimit-remaining-subscription-reads": "11995",
        "x-ms-request-id": "15a08a25-7bcd-4d2c-89ce-5c37aa142c63_M11CH3_M11CH3",
        "x-ms-routing-request-id": "SOUTHEASTASIA:20211025T020626Z:9da9f626-d1ce-4597-928d-8c26980ca8c0"
      },
      "ResponseBody": {
        "sku": {
          "name": "Standard",
          "tier": "Standard",
          "capacity": 1
        },
        "id": "/subscriptions/db1ab6f0-4769-4b27-930e-01e2ef9c123c/resourceGroups/testeventhubRG-7533/providers/Microsoft.EventHub/namespaces/testnamespacemgmt1126",
        "name": "testnamespacemgmt1126",
        "type": "Microsoft.EventHub/Namespaces",
        "location": "East US 2",
        "tags": {},
        "properties": {
          "disableLocalAuth": false,
          "zoneRedundant": false,
          "isAutoInflateEnabled": false,
          "maximumThroughputUnits": 0,
          "kafkaEnabled": true,
          "provisioningState": "Created",
          "metricId": "db1ab6f0-4769-4b27-930e-01e2ef9c123c:testnamespacemgmt1126",
          "createdAt": "2021-10-25T02:06:20.87Z",
          "updatedAt": "2021-10-25T02:06:20.87Z",
          "serviceBusEndpoint": "https://testnamespacemgmt1126.servicebus.windows.net:443/",
          "status": "Activating"
        }
      }
    },
    {
      "RequestUri": "https://management.azure.com/subscriptions/db1ab6f0-4769-4b27-930e-01e2ef9c123c/resourceGroups/testeventhubRG-7533/providers/Microsoft.EventHub/namespaces/testnamespacemgmt1126?api-version=2021-06-01-preview",
      "RequestMethod": "GET",
      "RequestHeaders": {
        "Authorization": "Sanitized",
        "User-Agent": "azsdk-net-ResourceManager/1.0.0-beta.4 (.NET Framework 4.8.4300.0; Microsoft Windows 10.0.19043 )",
        "x-ms-client-request-id": "d2fadd25f84d5f479634d234ed369ec2",
        "x-ms-return-client-request-id": "true"
      },
      "RequestBody": null,
      "StatusCode": 200,
      "ResponseHeaders": {
        "Cache-Control": "no-cache",
        "Content-Length": "736",
        "Content-Type": "application/json; charset=utf-8",
        "Date": "Mon, 25 Oct 2021 02:06:26 GMT",
        "Expires": "-1",
        "Pragma": "no-cache",
        "Server": [
          "Service-Bus-Resource-Provider/CH3",
          "Microsoft-HTTPAPI/2.0"
        ],
        "Server-SB": "Service-Bus-Resource-Provider/CH3",
        "Strict-Transport-Security": "max-age=31536000; includeSubDomains",
        "X-Content-Type-Options": "nosniff",
        "x-ms-client-request-id": "d2fadd25f84d5f479634d234ed369ec2",
        "x-ms-correlation-request-id": "7f2406d9-a929-437b-86d6-da86a823a1ef",
        "x-ms-ratelimit-remaining-subscription-reads": "11994",
        "x-ms-request-id": "866c6d7e-261c-492a-807c-018e017fdccc_M11CH3_M11CH3",
        "x-ms-routing-request-id": "SOUTHEASTASIA:20211025T020627Z:7f2406d9-a929-437b-86d6-da86a823a1ef"
      },
      "ResponseBody": {
        "sku": {
          "name": "Standard",
          "tier": "Standard",
          "capacity": 1
        },
        "id": "/subscriptions/db1ab6f0-4769-4b27-930e-01e2ef9c123c/resourceGroups/testeventhubRG-7533/providers/Microsoft.EventHub/namespaces/testnamespacemgmt1126",
        "name": "testnamespacemgmt1126",
        "type": "Microsoft.EventHub/Namespaces",
        "location": "East US 2",
        "tags": {},
        "properties": {
          "disableLocalAuth": false,
          "zoneRedundant": false,
          "isAutoInflateEnabled": false,
          "maximumThroughputUnits": 0,
          "kafkaEnabled": true,
          "provisioningState": "Created",
          "metricId": "db1ab6f0-4769-4b27-930e-01e2ef9c123c:testnamespacemgmt1126",
          "createdAt": "2021-10-25T02:06:20.87Z",
          "updatedAt": "2021-10-25T02:06:20.87Z",
          "serviceBusEndpoint": "https://testnamespacemgmt1126.servicebus.windows.net:443/",
          "status": "Activating"
        }
      }
    },
    {
      "RequestUri": "https://management.azure.com/subscriptions/db1ab6f0-4769-4b27-930e-01e2ef9c123c/resourceGroups/testeventhubRG-7533/providers/Microsoft.EventHub/namespaces/testnamespacemgmt1126?api-version=2021-06-01-preview",
      "RequestMethod": "GET",
      "RequestHeaders": {
        "Authorization": "Sanitized",
        "User-Agent": "azsdk-net-ResourceManager/1.0.0-beta.4 (.NET Framework 4.8.4300.0; Microsoft Windows 10.0.19043 )",
        "x-ms-client-request-id": "ce9017df308130f3034d56ae44e97bb3",
        "x-ms-return-client-request-id": "true"
      },
      "RequestBody": null,
      "StatusCode": 200,
      "ResponseHeaders": {
        "Cache-Control": "no-cache",
        "Content-Length": "736",
        "Content-Type": "application/json; charset=utf-8",
        "Date": "Mon, 25 Oct 2021 02:06:29 GMT",
        "Expires": "-1",
        "Pragma": "no-cache",
        "Server": [
          "Service-Bus-Resource-Provider/CH3",
          "Microsoft-HTTPAPI/2.0"
        ],
        "Server-SB": "Service-Bus-Resource-Provider/CH3",
        "Strict-Transport-Security": "max-age=31536000; includeSubDomains",
        "X-Content-Type-Options": "nosniff",
        "x-ms-client-request-id": "ce9017df308130f3034d56ae44e97bb3",
        "x-ms-correlation-request-id": "97bbdb3e-80c8-485f-8469-dd6ed8f14194",
        "x-ms-ratelimit-remaining-subscription-reads": "11993",
        "x-ms-request-id": "1fbf4d1f-3805-42a7-8ec7-7694b0ae35e8_M6CH3_M6CH3",
        "x-ms-routing-request-id": "SOUTHEASTASIA:20211025T020629Z:97bbdb3e-80c8-485f-8469-dd6ed8f14194"
      },
      "ResponseBody": {
        "sku": {
          "name": "Standard",
          "tier": "Standard",
          "capacity": 1
        },
        "id": "/subscriptions/db1ab6f0-4769-4b27-930e-01e2ef9c123c/resourceGroups/testeventhubRG-7533/providers/Microsoft.EventHub/namespaces/testnamespacemgmt1126",
        "name": "testnamespacemgmt1126",
        "type": "Microsoft.EventHub/Namespaces",
        "location": "East US 2",
        "tags": {},
        "properties": {
          "disableLocalAuth": false,
          "zoneRedundant": false,
          "isAutoInflateEnabled": false,
          "maximumThroughputUnits": 0,
          "kafkaEnabled": true,
          "provisioningState": "Created",
          "metricId": "db1ab6f0-4769-4b27-930e-01e2ef9c123c:testnamespacemgmt1126",
          "createdAt": "2021-10-25T02:06:20.87Z",
          "updatedAt": "2021-10-25T02:06:20.87Z",
          "serviceBusEndpoint": "https://testnamespacemgmt1126.servicebus.windows.net:443/",
          "status": "Activating"
        }
      }
    },
    {
      "RequestUri": "https://management.azure.com/subscriptions/db1ab6f0-4769-4b27-930e-01e2ef9c123c/resourceGroups/testeventhubRG-7533/providers/Microsoft.EventHub/namespaces/testnamespacemgmt1126?api-version=2021-06-01-preview",
      "RequestMethod": "GET",
      "RequestHeaders": {
        "Authorization": "Sanitized",
        "User-Agent": "azsdk-net-ResourceManager/1.0.0-beta.4 (.NET Framework 4.8.4300.0; Microsoft Windows 10.0.19043 )",
        "x-ms-client-request-id": "f609ca459f0dc9004141567851ce9051",
        "x-ms-return-client-request-id": "true"
      },
      "RequestBody": null,
      "StatusCode": 200,
      "ResponseHeaders": {
        "Cache-Control": "no-cache",
        "Content-Length": "736",
        "Content-Type": "application/json; charset=utf-8",
        "Date": "Mon, 25 Oct 2021 02:06:31 GMT",
        "Expires": "-1",
        "Pragma": "no-cache",
        "Server": [
          "Service-Bus-Resource-Provider/CH3",
          "Microsoft-HTTPAPI/2.0"
        ],
        "Server-SB": "Service-Bus-Resource-Provider/CH3",
        "Strict-Transport-Security": "max-age=31536000; includeSubDomains",
        "X-Content-Type-Options": "nosniff",
        "x-ms-client-request-id": "f609ca459f0dc9004141567851ce9051",
        "x-ms-correlation-request-id": "0fcc4f6b-32e6-4fd3-9952-169a61010d30",
        "x-ms-ratelimit-remaining-subscription-reads": "11992",
        "x-ms-request-id": "037b081a-98a3-4712-ad9d-dd7d8ce7ce15_M5CH3_M5CH3",
        "x-ms-routing-request-id": "SOUTHEASTASIA:20211025T020632Z:0fcc4f6b-32e6-4fd3-9952-169a61010d30"
      },
      "ResponseBody": {
        "sku": {
          "name": "Standard",
          "tier": "Standard",
          "capacity": 1
        },
        "id": "/subscriptions/db1ab6f0-4769-4b27-930e-01e2ef9c123c/resourceGroups/testeventhubRG-7533/providers/Microsoft.EventHub/namespaces/testnamespacemgmt1126",
        "name": "testnamespacemgmt1126",
        "type": "Microsoft.EventHub/Namespaces",
        "location": "East US 2",
        "tags": {},
        "properties": {
          "disableLocalAuth": false,
          "zoneRedundant": false,
          "isAutoInflateEnabled": false,
          "maximumThroughputUnits": 0,
          "kafkaEnabled": true,
          "provisioningState": "Created",
          "metricId": "db1ab6f0-4769-4b27-930e-01e2ef9c123c:testnamespacemgmt1126",
          "createdAt": "2021-10-25T02:06:20.87Z",
          "updatedAt": "2021-10-25T02:06:20.87Z",
          "serviceBusEndpoint": "https://testnamespacemgmt1126.servicebus.windows.net:443/",
          "status": "Activating"
        }
      }
    },
    {
      "RequestUri": "https://management.azure.com/subscriptions/db1ab6f0-4769-4b27-930e-01e2ef9c123c/resourceGroups/testeventhubRG-7533/providers/Microsoft.EventHub/namespaces/testnamespacemgmt1126?api-version=2021-06-01-preview",
      "RequestMethod": "GET",
      "RequestHeaders": {
        "Authorization": "Sanitized",
        "User-Agent": "azsdk-net-ResourceManager/1.0.0-beta.4 (.NET Framework 4.8.4300.0; Microsoft Windows 10.0.19043 )",
        "x-ms-client-request-id": "7f88c58e70d4f4ddeacacf00a1991bac",
        "x-ms-return-client-request-id": "true"
      },
      "RequestBody": null,
      "StatusCode": 200,
      "ResponseHeaders": {
        "Cache-Control": "no-cache",
        "Content-Length": "736",
        "Content-Type": "application/json; charset=utf-8",
        "Date": "Mon, 25 Oct 2021 02:06:33 GMT",
        "Expires": "-1",
        "Pragma": "no-cache",
        "Server": [
          "Service-Bus-Resource-Provider/SN1",
          "Microsoft-HTTPAPI/2.0"
        ],
        "Server-SB": "Service-Bus-Resource-Provider/SN1",
        "Strict-Transport-Security": "max-age=31536000; includeSubDomains",
        "X-Content-Type-Options": "nosniff",
        "x-ms-client-request-id": "7f88c58e70d4f4ddeacacf00a1991bac",
        "x-ms-correlation-request-id": "31698506-dea4-4326-b041-2e4da4905064",
        "x-ms-ratelimit-remaining-subscription-reads": "11991",
        "x-ms-request-id": "746b2f44-160c-495a-ba18-b003470da8bc_M4SN1_M4SN1",
        "x-ms-routing-request-id": "SOUTHEASTASIA:20211025T020634Z:31698506-dea4-4326-b041-2e4da4905064"
      },
      "ResponseBody": {
        "sku": {
          "name": "Standard",
          "tier": "Standard",
          "capacity": 1
        },
        "id": "/subscriptions/db1ab6f0-4769-4b27-930e-01e2ef9c123c/resourceGroups/testeventhubRG-7533/providers/Microsoft.EventHub/namespaces/testnamespacemgmt1126",
        "name": "testnamespacemgmt1126",
        "type": "Microsoft.EventHub/Namespaces",
        "location": "East US 2",
        "tags": {},
        "properties": {
          "disableLocalAuth": false,
          "zoneRedundant": false,
          "isAutoInflateEnabled": false,
          "maximumThroughputUnits": 0,
          "kafkaEnabled": true,
          "provisioningState": "Created",
          "metricId": "db1ab6f0-4769-4b27-930e-01e2ef9c123c:testnamespacemgmt1126",
          "createdAt": "2021-10-25T02:06:20.87Z",
          "updatedAt": "2021-10-25T02:06:20.87Z",
          "serviceBusEndpoint": "https://testnamespacemgmt1126.servicebus.windows.net:443/",
          "status": "Activating"
        }
      }
    },
    {
      "RequestUri": "https://management.azure.com/subscriptions/db1ab6f0-4769-4b27-930e-01e2ef9c123c/resourceGroups/testeventhubRG-7533/providers/Microsoft.EventHub/namespaces/testnamespacemgmt1126?api-version=2021-06-01-preview",
      "RequestMethod": "GET",
      "RequestHeaders": {
        "Authorization": "Sanitized",
        "User-Agent": "azsdk-net-ResourceManager/1.0.0-beta.4 (.NET Framework 4.8.4300.0; Microsoft Windows 10.0.19043 )",
        "x-ms-client-request-id": "22ee1fb8a82d40b517c68d40da7bde35",
        "x-ms-return-client-request-id": "true"
      },
      "RequestBody": null,
      "StatusCode": 200,
      "ResponseHeaders": {
        "Cache-Control": "no-cache",
        "Content-Length": "736",
        "Content-Type": "application/json; charset=utf-8",
        "Date": "Mon, 25 Oct 2021 02:06:36 GMT",
        "Expires": "-1",
        "Pragma": "no-cache",
        "Server": [
          "Service-Bus-Resource-Provider/SN1",
          "Microsoft-HTTPAPI/2.0"
        ],
        "Server-SB": "Service-Bus-Resource-Provider/SN1",
        "Strict-Transport-Security": "max-age=31536000; includeSubDomains",
        "X-Content-Type-Options": "nosniff",
        "x-ms-client-request-id": "22ee1fb8a82d40b517c68d40da7bde35",
        "x-ms-correlation-request-id": "de961e15-1ca5-44c0-a370-c145c2f1a8c4",
        "x-ms-ratelimit-remaining-subscription-reads": "11990",
        "x-ms-request-id": "181b19b1-9128-46a9-bc82-08d3210c0dd9_M3SN1_M3SN1",
        "x-ms-routing-request-id": "SOUTHEASTASIA:20211025T020636Z:de961e15-1ca5-44c0-a370-c145c2f1a8c4"
      },
      "ResponseBody": {
        "sku": {
          "name": "Standard",
          "tier": "Standard",
          "capacity": 1
        },
        "id": "/subscriptions/db1ab6f0-4769-4b27-930e-01e2ef9c123c/resourceGroups/testeventhubRG-7533/providers/Microsoft.EventHub/namespaces/testnamespacemgmt1126",
        "name": "testnamespacemgmt1126",
        "type": "Microsoft.EventHub/Namespaces",
        "location": "East US 2",
        "tags": {},
        "properties": {
          "disableLocalAuth": false,
          "zoneRedundant": false,
          "isAutoInflateEnabled": false,
          "maximumThroughputUnits": 0,
          "kafkaEnabled": true,
          "provisioningState": "Created",
          "metricId": "db1ab6f0-4769-4b27-930e-01e2ef9c123c:testnamespacemgmt1126",
          "createdAt": "2021-10-25T02:06:20.87Z",
          "updatedAt": "2021-10-25T02:06:20.87Z",
          "serviceBusEndpoint": "https://testnamespacemgmt1126.servicebus.windows.net:443/",
          "status": "Activating"
        }
      }
    },
    {
      "RequestUri": "https://management.azure.com/subscriptions/db1ab6f0-4769-4b27-930e-01e2ef9c123c/resourceGroups/testeventhubRG-7533/providers/Microsoft.EventHub/namespaces/testnamespacemgmt1126?api-version=2021-06-01-preview",
      "RequestMethod": "GET",
      "RequestHeaders": {
        "Authorization": "Sanitized",
        "User-Agent": "azsdk-net-ResourceManager/1.0.0-beta.4 (.NET Framework 4.8.4300.0; Microsoft Windows 10.0.19043 )",
        "x-ms-client-request-id": "7e1f05bcfb61d4deec140c43d0ff27a7",
        "x-ms-return-client-request-id": "true"
      },
      "RequestBody": null,
      "StatusCode": 200,
      "ResponseHeaders": {
        "Cache-Control": "no-cache",
        "Content-Length": "736",
        "Content-Type": "application/json; charset=utf-8",
        "Date": "Mon, 25 Oct 2021 02:06:38 GMT",
        "Expires": "-1",
        "Pragma": "no-cache",
        "Server": [
          "Service-Bus-Resource-Provider/SN1",
          "Microsoft-HTTPAPI/2.0"
        ],
        "Server-SB": "Service-Bus-Resource-Provider/SN1",
        "Strict-Transport-Security": "max-age=31536000; includeSubDomains",
        "X-Content-Type-Options": "nosniff",
        "x-ms-client-request-id": "7e1f05bcfb61d4deec140c43d0ff27a7",
        "x-ms-correlation-request-id": "a82d22d2-76e9-4051-9f3c-4423fadfb037",
        "x-ms-ratelimit-remaining-subscription-reads": "11989",
        "x-ms-request-id": "3e88b9e7-5cbc-477d-91d0-b1b1da960472_M8SN1_M8SN1",
        "x-ms-routing-request-id": "SOUTHEASTASIA:20211025T020639Z:a82d22d2-76e9-4051-9f3c-4423fadfb037"
      },
      "ResponseBody": {
        "sku": {
          "name": "Standard",
          "tier": "Standard",
          "capacity": 1
        },
        "id": "/subscriptions/db1ab6f0-4769-4b27-930e-01e2ef9c123c/resourceGroups/testeventhubRG-7533/providers/Microsoft.EventHub/namespaces/testnamespacemgmt1126",
        "name": "testnamespacemgmt1126",
        "type": "Microsoft.EventHub/Namespaces",
        "location": "East US 2",
        "tags": {},
        "properties": {
          "disableLocalAuth": false,
          "zoneRedundant": false,
          "isAutoInflateEnabled": false,
          "maximumThroughputUnits": 0,
          "kafkaEnabled": true,
          "provisioningState": "Created",
          "metricId": "db1ab6f0-4769-4b27-930e-01e2ef9c123c:testnamespacemgmt1126",
          "createdAt": "2021-10-25T02:06:20.87Z",
          "updatedAt": "2021-10-25T02:06:20.87Z",
          "serviceBusEndpoint": "https://testnamespacemgmt1126.servicebus.windows.net:443/",
          "status": "Activating"
        }
      }
    },
    {
      "RequestUri": "https://management.azure.com/subscriptions/db1ab6f0-4769-4b27-930e-01e2ef9c123c/resourceGroups/testeventhubRG-7533/providers/Microsoft.EventHub/namespaces/testnamespacemgmt1126?api-version=2021-06-01-preview",
      "RequestMethod": "GET",
      "RequestHeaders": {
        "Authorization": "Sanitized",
        "User-Agent": "azsdk-net-ResourceManager/1.0.0-beta.4 (.NET Framework 4.8.4300.0; Microsoft Windows 10.0.19043 )",
        "x-ms-client-request-id": "32bfa9266edfe6241047680de39d1a6e",
        "x-ms-return-client-request-id": "true"
      },
      "RequestBody": null,
      "StatusCode": 200,
      "ResponseHeaders": {
        "Cache-Control": "no-cache",
        "Content-Length": "736",
        "Content-Type": "application/json; charset=utf-8",
        "Date": "Mon, 25 Oct 2021 02:06:40 GMT",
        "Expires": "-1",
        "Pragma": "no-cache",
        "Server": [
          "Service-Bus-Resource-Provider/SN1",
          "Microsoft-HTTPAPI/2.0"
        ],
        "Server-SB": "Service-Bus-Resource-Provider/SN1",
        "Strict-Transport-Security": "max-age=31536000; includeSubDomains",
        "X-Content-Type-Options": "nosniff",
        "x-ms-client-request-id": "32bfa9266edfe6241047680de39d1a6e",
        "x-ms-correlation-request-id": "27158976-ee51-4ea3-aa53-a1a52295ee16",
        "x-ms-ratelimit-remaining-subscription-reads": "11988",
        "x-ms-request-id": "aa0fc3f3-7bce-4629-87e3-099c72ca436c_M3SN1_M3SN1",
        "x-ms-routing-request-id": "SOUTHEASTASIA:20211025T020641Z:27158976-ee51-4ea3-aa53-a1a52295ee16"
      },
      "ResponseBody": {
        "sku": {
          "name": "Standard",
          "tier": "Standard",
          "capacity": 1
        },
        "id": "/subscriptions/db1ab6f0-4769-4b27-930e-01e2ef9c123c/resourceGroups/testeventhubRG-7533/providers/Microsoft.EventHub/namespaces/testnamespacemgmt1126",
        "name": "testnamespacemgmt1126",
        "type": "Microsoft.EventHub/Namespaces",
        "location": "East US 2",
        "tags": {},
        "properties": {
          "disableLocalAuth": false,
          "zoneRedundant": false,
          "isAutoInflateEnabled": false,
          "maximumThroughputUnits": 0,
          "kafkaEnabled": true,
          "provisioningState": "Created",
          "metricId": "db1ab6f0-4769-4b27-930e-01e2ef9c123c:testnamespacemgmt1126",
          "createdAt": "2021-10-25T02:06:20.87Z",
          "updatedAt": "2021-10-25T02:06:20.87Z",
          "serviceBusEndpoint": "https://testnamespacemgmt1126.servicebus.windows.net:443/",
          "status": "Activating"
        }
      }
    },
    {
      "RequestUri": "https://management.azure.com/subscriptions/db1ab6f0-4769-4b27-930e-01e2ef9c123c/resourceGroups/testeventhubRG-7533/providers/Microsoft.EventHub/namespaces/testnamespacemgmt1126?api-version=2021-06-01-preview",
      "RequestMethod": "GET",
      "RequestHeaders": {
        "Authorization": "Sanitized",
        "User-Agent": "azsdk-net-ResourceManager/1.0.0-beta.4 (.NET Framework 4.8.4300.0; Microsoft Windows 10.0.19043 )",
        "x-ms-client-request-id": "9c449aeb9c7abd4b401935189b717017",
        "x-ms-return-client-request-id": "true"
      },
      "RequestBody": null,
      "StatusCode": 200,
      "ResponseHeaders": {
        "Cache-Control": "no-cache",
        "Content-Length": "736",
        "Content-Type": "application/json; charset=utf-8",
        "Date": "Mon, 25 Oct 2021 02:06:43 GMT",
        "Expires": "-1",
        "Pragma": "no-cache",
        "Server": [
          "Service-Bus-Resource-Provider/SN1",
          "Microsoft-HTTPAPI/2.0"
        ],
        "Server-SB": "Service-Bus-Resource-Provider/SN1",
        "Strict-Transport-Security": "max-age=31536000; includeSubDomains",
        "X-Content-Type-Options": "nosniff",
        "x-ms-client-request-id": "9c449aeb9c7abd4b401935189b717017",
        "x-ms-correlation-request-id": "d03e948b-7f2d-4454-8740-05f1a0f12637",
        "x-ms-ratelimit-remaining-subscription-reads": "11987",
        "x-ms-request-id": "ecfcee71-b3ab-49db-93de-c6ef4582683f_M10SN1_M10SN1",
        "x-ms-routing-request-id": "SOUTHEASTASIA:20211025T020643Z:d03e948b-7f2d-4454-8740-05f1a0f12637"
      },
      "ResponseBody": {
        "sku": {
          "name": "Standard",
          "tier": "Standard",
          "capacity": 1
        },
        "id": "/subscriptions/db1ab6f0-4769-4b27-930e-01e2ef9c123c/resourceGroups/testeventhubRG-7533/providers/Microsoft.EventHub/namespaces/testnamespacemgmt1126",
        "name": "testnamespacemgmt1126",
        "type": "Microsoft.EventHub/Namespaces",
        "location": "East US 2",
        "tags": {},
        "properties": {
          "disableLocalAuth": false,
          "zoneRedundant": false,
          "isAutoInflateEnabled": false,
          "maximumThroughputUnits": 0,
          "kafkaEnabled": true,
          "provisioningState": "Created",
          "metricId": "db1ab6f0-4769-4b27-930e-01e2ef9c123c:testnamespacemgmt1126",
          "createdAt": "2021-10-25T02:06:20.87Z",
          "updatedAt": "2021-10-25T02:06:20.87Z",
          "serviceBusEndpoint": "https://testnamespacemgmt1126.servicebus.windows.net:443/",
          "status": "Activating"
        }
      }
    },
    {
      "RequestUri": "https://management.azure.com/subscriptions/db1ab6f0-4769-4b27-930e-01e2ef9c123c/resourceGroups/testeventhubRG-7533/providers/Microsoft.EventHub/namespaces/testnamespacemgmt1126?api-version=2021-06-01-preview",
      "RequestMethod": "GET",
      "RequestHeaders": {
        "Authorization": "Sanitized",
        "User-Agent": "azsdk-net-ResourceManager/1.0.0-beta.4 (.NET Framework 4.8.4300.0; Microsoft Windows 10.0.19043 )",
        "x-ms-client-request-id": "3019e59fabbc4d56e0386e1993d0f14f",
        "x-ms-return-client-request-id": "true"
      },
      "RequestBody": null,
      "StatusCode": 200,
      "ResponseHeaders": {
        "Cache-Control": "no-cache",
        "Content-Length": "736",
        "Content-Type": "application/json; charset=utf-8",
        "Date": "Mon, 25 Oct 2021 02:06:45 GMT",
        "Expires": "-1",
        "Pragma": "no-cache",
        "Server": [
          "Service-Bus-Resource-Provider/SN1",
          "Microsoft-HTTPAPI/2.0"
        ],
        "Server-SB": "Service-Bus-Resource-Provider/SN1",
        "Strict-Transport-Security": "max-age=31536000; includeSubDomains",
        "X-Content-Type-Options": "nosniff",
        "x-ms-client-request-id": "3019e59fabbc4d56e0386e1993d0f14f",
        "x-ms-correlation-request-id": "2efc76af-33f7-4a55-9839-54c135fd141f",
        "x-ms-ratelimit-remaining-subscription-reads": "11986",
        "x-ms-request-id": "f2d8099c-2127-4d6e-86a8-eb89c20698cc_M4SN1_M4SN1",
        "x-ms-routing-request-id": "SOUTHEASTASIA:20211025T020646Z:2efc76af-33f7-4a55-9839-54c135fd141f"
      },
      "ResponseBody": {
        "sku": {
          "name": "Standard",
          "tier": "Standard",
          "capacity": 1
        },
        "id": "/subscriptions/db1ab6f0-4769-4b27-930e-01e2ef9c123c/resourceGroups/testeventhubRG-7533/providers/Microsoft.EventHub/namespaces/testnamespacemgmt1126",
        "name": "testnamespacemgmt1126",
        "type": "Microsoft.EventHub/Namespaces",
        "location": "East US 2",
        "tags": {},
        "properties": {
          "disableLocalAuth": false,
          "zoneRedundant": false,
          "isAutoInflateEnabled": false,
          "maximumThroughputUnits": 0,
          "kafkaEnabled": true,
          "provisioningState": "Created",
          "metricId": "db1ab6f0-4769-4b27-930e-01e2ef9c123c:testnamespacemgmt1126",
          "createdAt": "2021-10-25T02:06:20.87Z",
          "updatedAt": "2021-10-25T02:06:20.87Z",
          "serviceBusEndpoint": "https://testnamespacemgmt1126.servicebus.windows.net:443/",
          "status": "Activating"
        }
      }
    },
    {
      "RequestUri": "https://management.azure.com/subscriptions/db1ab6f0-4769-4b27-930e-01e2ef9c123c/resourceGroups/testeventhubRG-7533/providers/Microsoft.EventHub/namespaces/testnamespacemgmt1126?api-version=2021-06-01-preview",
      "RequestMethod": "GET",
      "RequestHeaders": {
        "Authorization": "Sanitized",
        "User-Agent": "azsdk-net-ResourceManager/1.0.0-beta.4 (.NET Framework 4.8.4300.0; Microsoft Windows 10.0.19043 )",
        "x-ms-client-request-id": "36589dfa8abb8a2d5e02f2c5390b4a9f",
        "x-ms-return-client-request-id": "true"
      },
      "RequestBody": null,
      "StatusCode": 200,
      "ResponseHeaders": {
        "Cache-Control": "no-cache",
        "Content-Length": "736",
        "Content-Type": "application/json; charset=utf-8",
        "Date": "Mon, 25 Oct 2021 02:06:47 GMT",
        "Expires": "-1",
        "Pragma": "no-cache",
        "Server": [
          "Service-Bus-Resource-Provider/SN1",
          "Microsoft-HTTPAPI/2.0"
        ],
        "Server-SB": "Service-Bus-Resource-Provider/SN1",
        "Strict-Transport-Security": "max-age=31536000; includeSubDomains",
        "X-Content-Type-Options": "nosniff",
        "x-ms-client-request-id": "36589dfa8abb8a2d5e02f2c5390b4a9f",
        "x-ms-correlation-request-id": "19a41a4b-1048-479d-a8b9-6d6413ceb281",
        "x-ms-ratelimit-remaining-subscription-reads": "11985",
        "x-ms-request-id": "1ae4cce5-7f05-4846-81db-180a3f294990_M8SN1_M8SN1",
        "x-ms-routing-request-id": "SOUTHEASTASIA:20211025T020648Z:19a41a4b-1048-479d-a8b9-6d6413ceb281"
      },
      "ResponseBody": {
        "sku": {
          "name": "Standard",
          "tier": "Standard",
          "capacity": 1
        },
        "id": "/subscriptions/db1ab6f0-4769-4b27-930e-01e2ef9c123c/resourceGroups/testeventhubRG-7533/providers/Microsoft.EventHub/namespaces/testnamespacemgmt1126",
        "name": "testnamespacemgmt1126",
        "type": "Microsoft.EventHub/Namespaces",
        "location": "East US 2",
        "tags": {},
        "properties": {
          "disableLocalAuth": false,
          "zoneRedundant": false,
          "isAutoInflateEnabled": false,
          "maximumThroughputUnits": 0,
          "kafkaEnabled": true,
          "provisioningState": "Created",
          "metricId": "db1ab6f0-4769-4b27-930e-01e2ef9c123c:testnamespacemgmt1126",
          "createdAt": "2021-10-25T02:06:20.87Z",
          "updatedAt": "2021-10-25T02:06:20.87Z",
          "serviceBusEndpoint": "https://testnamespacemgmt1126.servicebus.windows.net:443/",
          "status": "Activating"
        }
      }
    },
    {
      "RequestUri": "https://management.azure.com/subscriptions/db1ab6f0-4769-4b27-930e-01e2ef9c123c/resourceGroups/testeventhubRG-7533/providers/Microsoft.EventHub/namespaces/testnamespacemgmt1126?api-version=2021-06-01-preview",
      "RequestMethod": "GET",
      "RequestHeaders": {
        "Authorization": "Sanitized",
        "User-Agent": "azsdk-net-ResourceManager/1.0.0-beta.4 (.NET Framework 4.8.4300.0; Microsoft Windows 10.0.19043 )",
        "x-ms-client-request-id": "fd6e50d7e98440b243f6bb412e31296f",
        "x-ms-return-client-request-id": "true"
      },
      "RequestBody": null,
      "StatusCode": 200,
      "ResponseHeaders": {
        "Cache-Control": "no-cache",
        "Content-Length": "736",
        "Content-Type": "application/json; charset=utf-8",
        "Date": "Mon, 25 Oct 2021 02:06:50 GMT",
        "Expires": "-1",
        "Pragma": "no-cache",
        "Server": [
          "Service-Bus-Resource-Provider/SN1",
          "Microsoft-HTTPAPI/2.0"
        ],
        "Server-SB": "Service-Bus-Resource-Provider/SN1",
        "Strict-Transport-Security": "max-age=31536000; includeSubDomains",
        "X-Content-Type-Options": "nosniff",
        "x-ms-client-request-id": "fd6e50d7e98440b243f6bb412e31296f",
        "x-ms-correlation-request-id": "a2930a97-b0bc-4f8e-a723-1a4b760a2a58",
        "x-ms-ratelimit-remaining-subscription-reads": "11984",
        "x-ms-request-id": "a14804b0-9708-46d9-95c2-e90cfcca07fb_M10SN1_M10SN1",
        "x-ms-routing-request-id": "SOUTHEASTASIA:20211025T020650Z:a2930a97-b0bc-4f8e-a723-1a4b760a2a58"
      },
      "ResponseBody": {
        "sku": {
          "name": "Standard",
          "tier": "Standard",
          "capacity": 1
        },
        "id": "/subscriptions/db1ab6f0-4769-4b27-930e-01e2ef9c123c/resourceGroups/testeventhubRG-7533/providers/Microsoft.EventHub/namespaces/testnamespacemgmt1126",
        "name": "testnamespacemgmt1126",
        "type": "Microsoft.EventHub/Namespaces",
        "location": "East US 2",
        "tags": {},
        "properties": {
          "disableLocalAuth": false,
          "zoneRedundant": false,
          "isAutoInflateEnabled": false,
          "maximumThroughputUnits": 0,
          "kafkaEnabled": true,
          "provisioningState": "Created",
          "metricId": "db1ab6f0-4769-4b27-930e-01e2ef9c123c:testnamespacemgmt1126",
          "createdAt": "2021-10-25T02:06:20.87Z",
          "updatedAt": "2021-10-25T02:06:20.87Z",
          "serviceBusEndpoint": "https://testnamespacemgmt1126.servicebus.windows.net:443/",
          "status": "Activating"
        }
      }
    },
    {
      "RequestUri": "https://management.azure.com/subscriptions/db1ab6f0-4769-4b27-930e-01e2ef9c123c/resourceGroups/testeventhubRG-7533/providers/Microsoft.EventHub/namespaces/testnamespacemgmt1126?api-version=2021-06-01-preview",
      "RequestMethod": "GET",
      "RequestHeaders": {
        "Authorization": "Sanitized",
        "User-Agent": "azsdk-net-ResourceManager/1.0.0-beta.4 (.NET Framework 4.8.4300.0; Microsoft Windows 10.0.19043 )",
        "x-ms-client-request-id": "fe1ee6283a19145cb78ed2b9b89014d5",
        "x-ms-return-client-request-id": "true"
      },
      "RequestBody": null,
      "StatusCode": 200,
      "ResponseHeaders": {
        "Cache-Control": "no-cache",
        "Content-Length": "736",
        "Content-Type": "application/json; charset=utf-8",
        "Date": "Mon, 25 Oct 2021 02:06:52 GMT",
        "Expires": "-1",
        "Pragma": "no-cache",
        "Server": [
          "Service-Bus-Resource-Provider/SN1",
          "Microsoft-HTTPAPI/2.0"
        ],
        "Server-SB": "Service-Bus-Resource-Provider/SN1",
        "Strict-Transport-Security": "max-age=31536000; includeSubDomains",
        "X-Content-Type-Options": "nosniff",
        "x-ms-client-request-id": "fe1ee6283a19145cb78ed2b9b89014d5",
        "x-ms-correlation-request-id": "b38bebf4-9c55-496a-944d-d69f4f8b1863",
        "x-ms-ratelimit-remaining-subscription-reads": "11983",
        "x-ms-request-id": "79ed0caf-7087-448f-89e0-72a5f9d55729_M0SN1_M0SN1",
        "x-ms-routing-request-id": "SOUTHEASTASIA:20211025T020653Z:b38bebf4-9c55-496a-944d-d69f4f8b1863"
      },
      "ResponseBody": {
        "sku": {
          "name": "Standard",
          "tier": "Standard",
          "capacity": 1
        },
        "id": "/subscriptions/db1ab6f0-4769-4b27-930e-01e2ef9c123c/resourceGroups/testeventhubRG-7533/providers/Microsoft.EventHub/namespaces/testnamespacemgmt1126",
        "name": "testnamespacemgmt1126",
        "type": "Microsoft.EventHub/Namespaces",
        "location": "East US 2",
        "tags": {},
        "properties": {
          "disableLocalAuth": false,
          "zoneRedundant": false,
          "isAutoInflateEnabled": false,
          "maximumThroughputUnits": 0,
          "kafkaEnabled": true,
          "provisioningState": "Created",
          "metricId": "db1ab6f0-4769-4b27-930e-01e2ef9c123c:testnamespacemgmt1126",
          "createdAt": "2021-10-25T02:06:20.87Z",
          "updatedAt": "2021-10-25T02:06:20.87Z",
          "serviceBusEndpoint": "https://testnamespacemgmt1126.servicebus.windows.net:443/",
          "status": "Activating"
        }
      }
    },
    {
      "RequestUri": "https://management.azure.com/subscriptions/db1ab6f0-4769-4b27-930e-01e2ef9c123c/resourceGroups/testeventhubRG-7533/providers/Microsoft.EventHub/namespaces/testnamespacemgmt1126?api-version=2021-06-01-preview",
      "RequestMethod": "GET",
      "RequestHeaders": {
        "Authorization": "Sanitized",
        "User-Agent": "azsdk-net-ResourceManager/1.0.0-beta.4 (.NET Framework 4.8.4300.0; Microsoft Windows 10.0.19043 )",
        "x-ms-client-request-id": "4341ceedf46211caea17f2c4ceec5c2c",
        "x-ms-return-client-request-id": "true"
      },
      "RequestBody": null,
      "StatusCode": 200,
      "ResponseHeaders": {
        "Cache-Control": "no-cache",
        "Content-Length": "736",
        "Content-Type": "application/json; charset=utf-8",
        "Date": "Mon, 25 Oct 2021 02:06:54 GMT",
        "Expires": "-1",
        "Pragma": "no-cache",
        "Server": [
          "Service-Bus-Resource-Provider/SN1",
          "Microsoft-HTTPAPI/2.0"
        ],
        "Server-SB": "Service-Bus-Resource-Provider/SN1",
        "Strict-Transport-Security": "max-age=31536000; includeSubDomains",
        "X-Content-Type-Options": "nosniff",
        "x-ms-client-request-id": "4341ceedf46211caea17f2c4ceec5c2c",
        "x-ms-correlation-request-id": "928df834-bf12-4006-bbd4-96f4daf2716f",
        "x-ms-ratelimit-remaining-subscription-reads": "11982",
        "x-ms-request-id": "0ae6367c-85e7-494c-8790-9220758a40c3_M3SN1_M3SN1",
        "x-ms-routing-request-id": "SOUTHEASTASIA:20211025T020655Z:928df834-bf12-4006-bbd4-96f4daf2716f"
      },
      "ResponseBody": {
        "sku": {
          "name": "Standard",
          "tier": "Standard",
          "capacity": 1
        },
        "id": "/subscriptions/db1ab6f0-4769-4b27-930e-01e2ef9c123c/resourceGroups/testeventhubRG-7533/providers/Microsoft.EventHub/namespaces/testnamespacemgmt1126",
        "name": "testnamespacemgmt1126",
        "type": "Microsoft.EventHub/Namespaces",
        "location": "East US 2",
        "tags": {},
        "properties": {
          "disableLocalAuth": false,
          "zoneRedundant": false,
          "isAutoInflateEnabled": false,
          "maximumThroughputUnits": 0,
          "kafkaEnabled": true,
          "provisioningState": "Created",
          "metricId": "db1ab6f0-4769-4b27-930e-01e2ef9c123c:testnamespacemgmt1126",
          "createdAt": "2021-10-25T02:06:20.87Z",
          "updatedAt": "2021-10-25T02:06:20.87Z",
          "serviceBusEndpoint": "https://testnamespacemgmt1126.servicebus.windows.net:443/",
          "status": "Activating"
        }
      }
    },
    {
      "RequestUri": "https://management.azure.com/subscriptions/db1ab6f0-4769-4b27-930e-01e2ef9c123c/resourceGroups/testeventhubRG-7533/providers/Microsoft.EventHub/namespaces/testnamespacemgmt1126?api-version=2021-06-01-preview",
      "RequestMethod": "GET",
      "RequestHeaders": {
        "Authorization": "Sanitized",
        "User-Agent": "azsdk-net-ResourceManager/1.0.0-beta.4 (.NET Framework 4.8.4300.0; Microsoft Windows 10.0.19043 )",
        "x-ms-client-request-id": "539d82d84ced9d86f35945f516f987b3",
        "x-ms-return-client-request-id": "true"
      },
      "RequestBody": null,
      "StatusCode": 200,
      "ResponseHeaders": {
        "Cache-Control": "no-cache",
        "Content-Length": "736",
        "Content-Type": "application/json; charset=utf-8",
        "Date": "Mon, 25 Oct 2021 02:06:56 GMT",
        "Expires": "-1",
        "Pragma": "no-cache",
        "Server": [
          "Service-Bus-Resource-Provider/SN1",
          "Microsoft-HTTPAPI/2.0"
        ],
        "Server-SB": "Service-Bus-Resource-Provider/SN1",
        "Strict-Transport-Security": "max-age=31536000; includeSubDomains",
        "X-Content-Type-Options": "nosniff",
        "x-ms-client-request-id": "539d82d84ced9d86f35945f516f987b3",
        "x-ms-correlation-request-id": "61a1f3a4-3edf-4547-ad11-7a8dcb0d5b0d",
        "x-ms-ratelimit-remaining-subscription-reads": "11981",
        "x-ms-request-id": "89ce5c41-be6f-4cec-be0e-7b75e32326ce_M6SN1_M6SN1",
        "x-ms-routing-request-id": "SOUTHEASTASIA:20211025T020657Z:61a1f3a4-3edf-4547-ad11-7a8dcb0d5b0d"
      },
      "ResponseBody": {
        "sku": {
          "name": "Standard",
          "tier": "Standard",
          "capacity": 1
        },
        "id": "/subscriptions/db1ab6f0-4769-4b27-930e-01e2ef9c123c/resourceGroups/testeventhubRG-7533/providers/Microsoft.EventHub/namespaces/testnamespacemgmt1126",
        "name": "testnamespacemgmt1126",
        "type": "Microsoft.EventHub/Namespaces",
        "location": "East US 2",
        "tags": {},
        "properties": {
          "disableLocalAuth": false,
          "zoneRedundant": false,
          "isAutoInflateEnabled": false,
          "maximumThroughputUnits": 0,
          "kafkaEnabled": true,
          "provisioningState": "Created",
          "metricId": "db1ab6f0-4769-4b27-930e-01e2ef9c123c:testnamespacemgmt1126",
          "createdAt": "2021-10-25T02:06:20.87Z",
          "updatedAt": "2021-10-25T02:06:20.87Z",
          "serviceBusEndpoint": "https://testnamespacemgmt1126.servicebus.windows.net:443/",
          "status": "Activating"
        }
      }
    },
    {
      "RequestUri": "https://management.azure.com/subscriptions/db1ab6f0-4769-4b27-930e-01e2ef9c123c/resourceGroups/testeventhubRG-7533/providers/Microsoft.EventHub/namespaces/testnamespacemgmt1126?api-version=2021-06-01-preview",
      "RequestMethod": "GET",
      "RequestHeaders": {
        "Authorization": "Sanitized",
        "User-Agent": "azsdk-net-ResourceManager/1.0.0-beta.4 (.NET Framework 4.8.4300.0; Microsoft Windows 10.0.19043 )",
        "x-ms-client-request-id": "5f53e6e2e5f0340d1b0c1301489746cb",
        "x-ms-return-client-request-id": "true"
      },
      "RequestBody": null,
      "StatusCode": 200,
      "ResponseHeaders": {
        "Cache-Control": "no-cache",
        "Content-Length": "736",
        "Content-Type": "application/json; charset=utf-8",
        "Date": "Mon, 25 Oct 2021 02:06:58 GMT",
        "Expires": "-1",
        "Pragma": "no-cache",
        "Server": [
          "Service-Bus-Resource-Provider/SN1",
          "Microsoft-HTTPAPI/2.0"
        ],
        "Server-SB": "Service-Bus-Resource-Provider/SN1",
        "Strict-Transport-Security": "max-age=31536000; includeSubDomains",
        "X-Content-Type-Options": "nosniff",
        "x-ms-client-request-id": "5f53e6e2e5f0340d1b0c1301489746cb",
        "x-ms-correlation-request-id": "88b0d734-1637-449a-8a8d-4e417dd92df4",
        "x-ms-ratelimit-remaining-subscription-reads": "11980",
        "x-ms-request-id": "84f73eab-431c-4205-aae6-9cf7e2b6c145_M4SN1_M4SN1",
        "x-ms-routing-request-id": "SOUTHEASTASIA:20211025T020659Z:88b0d734-1637-449a-8a8d-4e417dd92df4"
      },
      "ResponseBody": {
        "sku": {
          "name": "Standard",
          "tier": "Standard",
          "capacity": 1
        },
        "id": "/subscriptions/db1ab6f0-4769-4b27-930e-01e2ef9c123c/resourceGroups/testeventhubRG-7533/providers/Microsoft.EventHub/namespaces/testnamespacemgmt1126",
        "name": "testnamespacemgmt1126",
        "type": "Microsoft.EventHub/Namespaces",
        "location": "East US 2",
        "tags": {},
        "properties": {
          "disableLocalAuth": false,
          "zoneRedundant": false,
          "isAutoInflateEnabled": false,
          "maximumThroughputUnits": 0,
          "kafkaEnabled": true,
          "provisioningState": "Created",
          "metricId": "db1ab6f0-4769-4b27-930e-01e2ef9c123c:testnamespacemgmt1126",
          "createdAt": "2021-10-25T02:06:20.87Z",
          "updatedAt": "2021-10-25T02:06:20.87Z",
          "serviceBusEndpoint": "https://testnamespacemgmt1126.servicebus.windows.net:443/",
          "status": "Activating"
        }
      }
    },
    {
      "RequestUri": "https://management.azure.com/subscriptions/db1ab6f0-4769-4b27-930e-01e2ef9c123c/resourceGroups/testeventhubRG-7533/providers/Microsoft.EventHub/namespaces/testnamespacemgmt1126?api-version=2021-06-01-preview",
      "RequestMethod": "GET",
      "RequestHeaders": {
        "Authorization": "Sanitized",
        "User-Agent": "azsdk-net-ResourceManager/1.0.0-beta.4 (.NET Framework 4.8.4300.0; Microsoft Windows 10.0.19043 )",
        "x-ms-client-request-id": "36e1a632c1f3a1e848a44f08aed5fbf1",
        "x-ms-return-client-request-id": "true"
      },
      "RequestBody": null,
      "StatusCode": 200,
      "ResponseHeaders": {
        "Cache-Control": "no-cache",
        "Content-Length": "736",
        "Content-Type": "application/json; charset=utf-8",
        "Date": "Mon, 25 Oct 2021 02:07:00 GMT",
        "Expires": "-1",
        "Pragma": "no-cache",
        "Server": [
          "Service-Bus-Resource-Provider/SN1",
          "Microsoft-HTTPAPI/2.0"
        ],
        "Server-SB": "Service-Bus-Resource-Provider/SN1",
        "Strict-Transport-Security": "max-age=31536000; includeSubDomains",
        "X-Content-Type-Options": "nosniff",
        "x-ms-client-request-id": "36e1a632c1f3a1e848a44f08aed5fbf1",
        "x-ms-correlation-request-id": "2ec60ca8-84e0-433a-997b-8d8e5328b09d",
        "x-ms-ratelimit-remaining-subscription-reads": "11979",
        "x-ms-request-id": "9b4e6342-3ca0-4e22-bdd0-0295c05bdfe6_M8SN1_M8SN1",
        "x-ms-routing-request-id": "SOUTHEASTASIA:20211025T020701Z:2ec60ca8-84e0-433a-997b-8d8e5328b09d"
      },
      "ResponseBody": {
        "sku": {
          "name": "Standard",
          "tier": "Standard",
          "capacity": 1
        },
        "id": "/subscriptions/db1ab6f0-4769-4b27-930e-01e2ef9c123c/resourceGroups/testeventhubRG-7533/providers/Microsoft.EventHub/namespaces/testnamespacemgmt1126",
        "name": "testnamespacemgmt1126",
        "type": "Microsoft.EventHub/Namespaces",
        "location": "East US 2",
        "tags": {},
        "properties": {
          "disableLocalAuth": false,
          "zoneRedundant": false,
          "isAutoInflateEnabled": false,
          "maximumThroughputUnits": 0,
          "kafkaEnabled": true,
          "provisioningState": "Created",
          "metricId": "db1ab6f0-4769-4b27-930e-01e2ef9c123c:testnamespacemgmt1126",
          "createdAt": "2021-10-25T02:06:20.87Z",
          "updatedAt": "2021-10-25T02:06:20.87Z",
          "serviceBusEndpoint": "https://testnamespacemgmt1126.servicebus.windows.net:443/",
          "status": "Activating"
        }
      }
    },
    {
      "RequestUri": "https://management.azure.com/subscriptions/db1ab6f0-4769-4b27-930e-01e2ef9c123c/resourceGroups/testeventhubRG-7533/providers/Microsoft.EventHub/namespaces/testnamespacemgmt1126?api-version=2021-06-01-preview",
      "RequestMethod": "GET",
      "RequestHeaders": {
        "Authorization": "Sanitized",
        "User-Agent": "azsdk-net-ResourceManager/1.0.0-beta.4 (.NET Framework 4.8.4300.0; Microsoft Windows 10.0.19043 )",
        "x-ms-client-request-id": "e8e23e8ffc98f23c746937e03884555c",
        "x-ms-return-client-request-id": "true"
      },
      "RequestBody": null,
      "StatusCode": 200,
      "ResponseHeaders": {
        "Cache-Control": "no-cache",
        "Content-Length": "736",
        "Content-Type": "application/json; charset=utf-8",
        "Date": "Mon, 25 Oct 2021 02:07:03 GMT",
        "Expires": "-1",
        "Pragma": "no-cache",
        "Server": [
          "Service-Bus-Resource-Provider/SN1",
          "Microsoft-HTTPAPI/2.0"
        ],
        "Server-SB": "Service-Bus-Resource-Provider/SN1",
        "Strict-Transport-Security": "max-age=31536000; includeSubDomains",
        "X-Content-Type-Options": "nosniff",
        "x-ms-client-request-id": "e8e23e8ffc98f23c746937e03884555c",
        "x-ms-correlation-request-id": "2a2f20ce-1811-4889-86c8-f0fa57375192",
        "x-ms-ratelimit-remaining-subscription-reads": "11978",
        "x-ms-request-id": "e79022da-3e47-469b-8182-c765f880f6a3_M4SN1_M4SN1",
        "x-ms-routing-request-id": "SOUTHEASTASIA:20211025T020704Z:2a2f20ce-1811-4889-86c8-f0fa57375192"
      },
      "ResponseBody": {
        "sku": {
          "name": "Standard",
          "tier": "Standard",
          "capacity": 1
        },
        "id": "/subscriptions/db1ab6f0-4769-4b27-930e-01e2ef9c123c/resourceGroups/testeventhubRG-7533/providers/Microsoft.EventHub/namespaces/testnamespacemgmt1126",
        "name": "testnamespacemgmt1126",
        "type": "Microsoft.EventHub/Namespaces",
        "location": "East US 2",
        "tags": {},
        "properties": {
          "disableLocalAuth": false,
          "zoneRedundant": false,
          "isAutoInflateEnabled": false,
          "maximumThroughputUnits": 0,
          "kafkaEnabled": true,
          "provisioningState": "Created",
          "metricId": "db1ab6f0-4769-4b27-930e-01e2ef9c123c:testnamespacemgmt1126",
          "createdAt": "2021-10-25T02:06:20.87Z",
          "updatedAt": "2021-10-25T02:06:20.87Z",
          "serviceBusEndpoint": "https://testnamespacemgmt1126.servicebus.windows.net:443/",
          "status": "Activating"
        }
      }
    },
    {
      "RequestUri": "https://management.azure.com/subscriptions/db1ab6f0-4769-4b27-930e-01e2ef9c123c/resourceGroups/testeventhubRG-7533/providers/Microsoft.EventHub/namespaces/testnamespacemgmt1126?api-version=2021-06-01-preview",
      "RequestMethod": "GET",
      "RequestHeaders": {
        "Authorization": "Sanitized",
        "User-Agent": "azsdk-net-ResourceManager/1.0.0-beta.4 (.NET Framework 4.8.4300.0; Microsoft Windows 10.0.19043 )",
        "x-ms-client-request-id": "70c27a13511720c0fdb2174b96048545",
        "x-ms-return-client-request-id": "true"
      },
      "RequestBody": null,
      "StatusCode": 200,
      "ResponseHeaders": {
        "Cache-Control": "no-cache",
        "Content-Length": "736",
        "Content-Type": "application/json; charset=utf-8",
        "Date": "Mon, 25 Oct 2021 02:07:05 GMT",
        "Expires": "-1",
        "Pragma": "no-cache",
        "Server": [
          "Service-Bus-Resource-Provider/SN1",
          "Microsoft-HTTPAPI/2.0"
        ],
        "Server-SB": "Service-Bus-Resource-Provider/SN1",
        "Strict-Transport-Security": "max-age=31536000; includeSubDomains",
        "X-Content-Type-Options": "nosniff",
        "x-ms-client-request-id": "70c27a13511720c0fdb2174b96048545",
        "x-ms-correlation-request-id": "1ddce936-52b2-4387-9315-ff1199d05c83",
        "x-ms-ratelimit-remaining-subscription-reads": "11977",
        "x-ms-request-id": "3333eb41-3efc-4f43-a4c8-e41d1f1a5396_M0SN1_M0SN1",
        "x-ms-routing-request-id": "SOUTHEASTASIA:20211025T020706Z:1ddce936-52b2-4387-9315-ff1199d05c83"
      },
      "ResponseBody": {
        "sku": {
          "name": "Standard",
          "tier": "Standard",
          "capacity": 1
        },
        "id": "/subscriptions/db1ab6f0-4769-4b27-930e-01e2ef9c123c/resourceGroups/testeventhubRG-7533/providers/Microsoft.EventHub/namespaces/testnamespacemgmt1126",
        "name": "testnamespacemgmt1126",
        "type": "Microsoft.EventHub/Namespaces",
        "location": "East US 2",
        "tags": {},
        "properties": {
          "disableLocalAuth": false,
          "zoneRedundant": false,
          "isAutoInflateEnabled": false,
          "maximumThroughputUnits": 0,
          "kafkaEnabled": true,
          "provisioningState": "Created",
          "metricId": "db1ab6f0-4769-4b27-930e-01e2ef9c123c:testnamespacemgmt1126",
          "createdAt": "2021-10-25T02:06:20.87Z",
          "updatedAt": "2021-10-25T02:06:20.87Z",
          "serviceBusEndpoint": "https://testnamespacemgmt1126.servicebus.windows.net:443/",
          "status": "Activating"
        }
      }
    },
    {
      "RequestUri": "https://management.azure.com/subscriptions/db1ab6f0-4769-4b27-930e-01e2ef9c123c/resourceGroups/testeventhubRG-7533/providers/Microsoft.EventHub/namespaces/testnamespacemgmt1126?api-version=2021-06-01-preview",
      "RequestMethod": "GET",
      "RequestHeaders": {
        "Authorization": "Sanitized",
        "User-Agent": "azsdk-net-ResourceManager/1.0.0-beta.4 (.NET Framework 4.8.4300.0; Microsoft Windows 10.0.19043 )",
        "x-ms-client-request-id": "097122115db436326aeec189890769c3",
        "x-ms-return-client-request-id": "true"
      },
      "RequestBody": null,
      "StatusCode": 200,
      "ResponseHeaders": {
        "Cache-Control": "no-cache",
        "Content-Length": "735",
        "Content-Type": "application/json; charset=utf-8",
        "Date": "Mon, 25 Oct 2021 02:07:07 GMT",
        "Expires": "-1",
        "Pragma": "no-cache",
        "Server": [
          "Service-Bus-Resource-Provider/SN1",
          "Microsoft-HTTPAPI/2.0"
        ],
        "Server-SB": "Service-Bus-Resource-Provider/SN1",
        "Strict-Transport-Security": "max-age=31536000; includeSubDomains",
        "X-Content-Type-Options": "nosniff",
        "x-ms-client-request-id": "097122115db436326aeec189890769c3",
        "x-ms-correlation-request-id": "41d3b33c-a0b8-47c6-ab43-f923a6cef5c4",
        "x-ms-ratelimit-remaining-subscription-reads": "11976",
        "x-ms-request-id": "36d69ad6-e520-409f-a315-324d09726d5d_M5SN1_M5SN1",
        "x-ms-routing-request-id": "SOUTHEASTASIA:20211025T020707Z:41d3b33c-a0b8-47c6-ab43-f923a6cef5c4"
      },
      "ResponseBody": {
        "sku": {
          "name": "Standard",
          "tier": "Standard",
          "capacity": 1
        },
        "id": "/subscriptions/db1ab6f0-4769-4b27-930e-01e2ef9c123c/resourceGroups/testeventhubRG-7533/providers/Microsoft.EventHub/namespaces/testnamespacemgmt1126",
        "name": "testnamespacemgmt1126",
        "type": "Microsoft.EventHub/Namespaces",
        "location": "East US 2",
        "tags": {},
        "properties": {
          "disableLocalAuth": false,
          "zoneRedundant": false,
          "isAutoInflateEnabled": false,
          "maximumThroughputUnits": 0,
          "kafkaEnabled": true,
          "provisioningState": "Succeeded",
          "metricId": "db1ab6f0-4769-4b27-930e-01e2ef9c123c:testnamespacemgmt1126",
          "createdAt": "2021-10-25T02:06:20.87Z",
          "updatedAt": "2021-10-25T02:07:06.997Z",
          "serviceBusEndpoint": "https://testnamespacemgmt1126.servicebus.windows.net:443/",
          "status": "Active"
        }
      }
    },
    {
      "RequestUri": "https://management.azure.com/subscriptions/db1ab6f0-4769-4b27-930e-01e2ef9c123c/resourceGroups/testeventhubRG-7533/providers/Microsoft.EventHub/namespaces/testnamespacemgmt1126/eventhubs/eventhub15935?api-version=2021-06-01-preview",
      "RequestMethod": "PUT",
      "RequestHeaders": {
        "Accept": "application/json",
        "Authorization": "Sanitized",
        "Content-Length": "17",
        "Content-Type": "application/json",
        "User-Agent": "azsdk-net-ResourceManager.EventHubs/1.0.0-alpha.20211025.1 (.NET Framework 4.8.4300.0; Microsoft Windows 10.0.19043 )",
        "x-ms-client-request-id": "8b1233f53ed9c17eeae6e4f05c70e3f2",
        "x-ms-return-client-request-id": "true"
      },
      "RequestBody": {
        "properties": {}
      },
      "StatusCode": 200,
      "ResponseHeaders": {
        "Cache-Control": "no-cache",
        "Content-Length": "466",
        "Content-Type": "application/json; charset=utf-8",
        "Date": "Mon, 25 Oct 2021 02:07:09 GMT",
        "Expires": "-1",
        "Pragma": "no-cache",
        "Server": [
          "Service-Bus-Resource-Provider/SN1",
          "Microsoft-HTTPAPI/2.0"
        ],
        "Server-SB": "Service-Bus-Resource-Provider/SN1",
        "Strict-Transport-Security": "max-age=31536000; includeSubDomains",
        "X-Content-Type-Options": "nosniff",
        "x-ms-client-request-id": "8b1233f53ed9c17eeae6e4f05c70e3f2",
        "x-ms-correlation-request-id": "33c80505-3cbb-46ed-8ef8-b9dc63b659b8",
        "x-ms-ratelimit-remaining-subscription-writes": "1198",
        "x-ms-request-id": "c3418312-f037-4746-946b-39a441c0728e_M2SN1_M2SN1",
        "x-ms-routing-request-id": "SOUTHEASTASIA:20211025T020710Z:33c80505-3cbb-46ed-8ef8-b9dc63b659b8"
      },
      "ResponseBody": {
        "id": "/subscriptions/db1ab6f0-4769-4b27-930e-01e2ef9c123c/resourceGroups/testeventhubRG-7533/providers/Microsoft.EventHub/namespaces/testnamespacemgmt1126/eventhubs/eventhub15935",
        "name": "eventhub15935",
        "type": "Microsoft.EventHub/Namespaces/EventHubs",
        "location": "East US 2",
        "properties": {
          "messageRetentionInDays": 7,
          "partitionCount": 4,
          "status": "Active",
          "createdAt": "2021-10-25T02:07:09.617Z",
          "updatedAt": "2021-10-25T02:07:09.817Z",
          "partitionIds": [
            "0",
            "1",
            "2",
            "3"
          ]
        }
      }
    },
    {
      "RequestUri": "https://management.azure.com/subscriptions/db1ab6f0-4769-4b27-930e-01e2ef9c123c/resourceGroups/testeventhubRG-7533/providers/Microsoft.EventHub/namespaces/testnamespacemgmt1126/eventhubs/eventhub29644?api-version=2021-06-01-preview",
      "RequestMethod": "PUT",
      "RequestHeaders": {
        "Accept": "application/json",
        "Authorization": "Sanitized",
        "Content-Length": "17",
        "Content-Type": "application/json",
        "User-Agent": "azsdk-net-ResourceManager.EventHubs/1.0.0-alpha.20211025.1 (.NET Framework 4.8.4300.0; Microsoft Windows 10.0.19043 )",
        "x-ms-client-request-id": "4b1215cfb5a78c4805298f3697f64953",
        "x-ms-return-client-request-id": "true"
      },
      "RequestBody": {
        "properties": {}
      },
      "StatusCode": 200,
      "ResponseHeaders": {
        "Cache-Control": "no-cache",
        "Content-Length": "465",
        "Content-Type": "application/json; charset=utf-8",
        "Date": "Mon, 25 Oct 2021 02:07:12 GMT",
        "Expires": "-1",
        "Pragma": "no-cache",
        "Server": [
          "Service-Bus-Resource-Provider/SN1",
          "Microsoft-HTTPAPI/2.0"
        ],
        "Server-SB": "Service-Bus-Resource-Provider/SN1",
        "Strict-Transport-Security": "max-age=31536000; includeSubDomains",
        "X-Content-Type-Options": "nosniff",
        "x-ms-client-request-id": "4b1215cfb5a78c4805298f3697f64953",
        "x-ms-correlation-request-id": "f044cd20-0f2c-46c8-81cd-16c5bbdb116b",
        "x-ms-ratelimit-remaining-subscription-writes": "1197",
        "x-ms-request-id": "ebc91709-b1a5-4382-94a5-db02b983bbec_M2SN1_M2SN1",
        "x-ms-routing-request-id": "SOUTHEASTASIA:20211025T020712Z:f044cd20-0f2c-46c8-81cd-16c5bbdb116b"
      },
      "ResponseBody": {
        "id": "/subscriptions/db1ab6f0-4769-4b27-930e-01e2ef9c123c/resourceGroups/testeventhubRG-7533/providers/Microsoft.EventHub/namespaces/testnamespacemgmt1126/eventhubs/eventhub29644",
        "name": "eventhub29644",
        "type": "Microsoft.EventHub/Namespaces/EventHubs",
        "location": "East US 2",
        "properties": {
          "messageRetentionInDays": 7,
          "partitionCount": 4,
          "status": "Active",
          "createdAt": "2021-10-25T02:07:12.06Z",
          "updatedAt": "2021-10-25T02:07:12.387Z",
          "partitionIds": [
            "0",
            "1",
            "2",
            "3"
          ]
        }
      }
    },
    {
      "RequestUri": "https://management.azure.com/subscriptions/db1ab6f0-4769-4b27-930e-01e2ef9c123c/resourceGroups/testeventhubRG-7533/providers/Microsoft.EventHub/namespaces/testnamespacemgmt1126/eventhubs?api-version=2021-06-01-preview",
      "RequestMethod": "GET",
      "RequestHeaders": {
        "Accept": "application/json",
        "Authorization": "Sanitized",
        "User-Agent": "azsdk-net-ResourceManager.EventHubs/1.0.0-alpha.20211025.1 (.NET Framework 4.8.4300.0; Microsoft Windows 10.0.19043 )",
        "x-ms-client-request-id": "520ea3fb863333498bf3724b51799151",
        "x-ms-return-client-request-id": "true"
      },
      "RequestBody": null,
      "StatusCode": 200,
      "ResponseHeaders": {
        "Cache-Control": "no-cache",
        "Content-Length": "940",
        "Content-Type": "application/json; charset=utf-8",
        "Date": "Mon, 25 Oct 2021 02:07:12 GMT",
        "Expires": "-1",
        "Pragma": "no-cache",
        "Server": [
          "Service-Bus-Resource-Provider/SN1",
          "Microsoft-HTTPAPI/2.0"
        ],
        "Server-SB": "Service-Bus-Resource-Provider/SN1",
        "Strict-Transport-Security": "max-age=31536000; includeSubDomains",
        "X-Content-Type-Options": "nosniff",
        "x-ms-client-request-id": "520ea3fb863333498bf3724b51799151",
        "x-ms-correlation-request-id": "2f7a4f31-2c26-459e-814e-67c2c5732abb",
        "x-ms-inline-count": "",
        "x-ms-ratelimit-remaining-subscription-reads": "11975",
        "x-ms-request-id": "811a3d8d-d5c9-48e3-a3f3-8d2a2b5f56a9_M2SN1_M2SN1",
        "x-ms-routing-request-id": "SOUTHEASTASIA:20211025T020713Z:2f7a4f31-2c26-459e-814e-67c2c5732abb"
      },
      "ResponseBody": {
        "value": [
          {
            "id": "/subscriptions/db1ab6f0-4769-4b27-930e-01e2ef9c123c/resourceGroups/testeventhubRG-7533/providers/Microsoft.EventHub/namespaces/testnamespacemgmt1126/eventhubs/eventhub15935",
            "name": "eventhub15935",
            "type": "Microsoft.EventHub/Namespaces/EventHubs",
            "location": "East US 2",
            "properties": {
              "messageRetentionInDays": 7,
              "partitionCount": 4,
              "status": "Active",
              "createdAt": "2021-10-25T02:07:09.617",
              "updatedAt": "2021-10-25T02:07:09.817",
              "partitionIds": [
                "0",
                "1",
                "2",
                "3"
              ]
            }
          },
          {
            "id": "/subscriptions/db1ab6f0-4769-4b27-930e-01e2ef9c123c/resourceGroups/testeventhubRG-7533/providers/Microsoft.EventHub/namespaces/testnamespacemgmt1126/eventhubs/eventhub29644",
            "name": "eventhub29644",
            "type": "Microsoft.EventHub/Namespaces/EventHubs",
            "location": "East US 2",
            "properties": {
              "messageRetentionInDays": 7,
              "partitionCount": 4,
              "status": "Active",
              "createdAt": "2021-10-25T02:07:12.06",
              "updatedAt": "2021-10-25T02:07:12.387",
              "partitionIds": [
                "0",
                "1",
                "2",
                "3"
              ]
            }
          }
        ]
      }
    },
    {
      "RequestUri": "https://management.azure.com/subscriptions/db1ab6f0-4769-4b27-930e-01e2ef9c123c/resourceGroups/testeventhubRG-7533/providers/Microsoft.EventHub/namespaces?api-version=2021-06-01-preview",
      "RequestMethod": "GET",
      "RequestHeaders": {
        "Accept": "application/json",
        "Authorization": "Sanitized",
        "User-Agent": "azsdk-net-ResourceManager.EventHubs/1.0.0-alpha.20211025.1 (.NET Framework 4.8.4300.0; Microsoft Windows 10.0.19043 )",
        "x-ms-client-request-id": "533897a604b03f4bea8685afae472af4",
        "x-ms-return-client-request-id": "true"
      },
      "RequestBody": null,
      "StatusCode": 200,
      "ResponseHeaders": {
        "Cache-Control": "no-cache",
        "Content-Length": "747",
        "Content-Type": "application/json; charset=utf-8",
        "Date": "Mon, 25 Oct 2021 02:07:13 GMT",
        "Expires": "-1",
        "Pragma": "no-cache",
        "Server": [
          "Service-Bus-Resource-Provider/SN1",
          "Microsoft-HTTPAPI/2.0"
        ],
        "Server-SB": "Service-Bus-Resource-Provider/SN1",
        "Strict-Transport-Security": "max-age=31536000; includeSubDomains",
        "X-Content-Type-Options": "nosniff",
        "x-ms-client-request-id": "533897a604b03f4bea8685afae472af4",
        "x-ms-correlation-request-id": "4fec0d9e-e80e-48e0-bd7c-65a294356a57",
        "x-ms-ratelimit-remaining-subscription-reads": "11974",
        "x-ms-request-id": "d09d10bf-d0e1-43e8-a834-9d05f1358f7c_M2SN1_M2SN1",
        "x-ms-routing-request-id": "SOUTHEASTASIA:20211025T020713Z:4fec0d9e-e80e-48e0-bd7c-65a294356a57"
      },
      "ResponseBody": {
        "value": [
          {
            "sku": {
              "name": "Standard",
              "tier": "Standard",
              "capacity": 1
            },
            "id": "/subscriptions/db1ab6f0-4769-4b27-930e-01e2ef9c123c/resourceGroups/testeventhubRG-7533/providers/Microsoft.EventHub/namespaces/testnamespacemgmt1126",
            "name": "testnamespacemgmt1126",
            "type": "Microsoft.EventHub/Namespaces",
            "location": "East US 2",
            "tags": {},
            "properties": {
              "disableLocalAuth": false,
              "zoneRedundant": false,
              "isAutoInflateEnabled": false,
              "maximumThroughputUnits": 0,
              "kafkaEnabled": true,
              "provisioningState": "Succeeded",
              "metricId": "db1ab6f0-4769-4b27-930e-01e2ef9c123c:testnamespacemgmt1126",
              "createdAt": "2021-10-25T02:06:20.87Z",
              "updatedAt": "2021-10-25T02:07:06.997Z",
              "serviceBusEndpoint": "https://testnamespacemgmt1126.servicebus.windows.net:443/",
              "status": "Active"
            }
          }
        ]
      }
    },
    {
      "RequestUri": "https://management.azure.com/subscriptions/db1ab6f0-4769-4b27-930e-01e2ef9c123c/resourceGroups/testeventhubRG-7533/providers/Microsoft.EventHub/namespaces/testnamespacemgmt1126?api-version=2021-06-01-preview",
      "RequestMethod": "DELETE",
      "RequestHeaders": {
        "Accept": "application/json",
        "Authorization": "Sanitized",
        "User-Agent": "azsdk-net-ResourceManager.EventHubs/1.0.0-alpha.20211025.1 (.NET Framework 4.8.4300.0; Microsoft Windows 10.0.19043 )",
        "x-ms-client-request-id": "b9f4919d906148beccdfc0b443fd3a8c",
        "x-ms-return-client-request-id": "true"
      },
      "RequestBody": null,
      "StatusCode": 202,
      "ResponseHeaders": {
        "Cache-Control": "no-cache",
        "Content-Length": "0",
        "Date": "Mon, 25 Oct 2021 02:07:14 GMT",
        "Expires": "-1",
        "Location": "https://management.azure.com/subscriptions/db1ab6f0-4769-4b27-930e-01e2ef9c123c/resourceGroups/testeventhubRG-7533/providers/Microsoft.EventHub/namespaces/testnamespacemgmt1126/operationresults/testnamespacemgmt1126?api-version=2021-06-01-preview",
        "Pragma": "no-cache",
        "Server": [
          "Service-Bus-Resource-Provider/SN1",
          "Microsoft-HTTPAPI/2.0"
        ],
        "Server-SB": "Service-Bus-Resource-Provider/SN1",
        "Strict-Transport-Security": "max-age=31536000; includeSubDomains",
        "X-Content-Type-Options": "nosniff",
        "x-ms-client-request-id": "b9f4919d906148beccdfc0b443fd3a8c",
        "x-ms-correlation-request-id": "714df532-644f-420f-b813-5d30dc1ef1f8",
        "x-ms-ratelimit-remaining-subscription-deletes": "14999",
        "x-ms-request-id": "d781fc5f-d5a4-40df-90d5-c8961015da34_M2SN1_M2SN1",
        "x-ms-routing-request-id": "SOUTHEASTASIA:20211025T020715Z:714df532-644f-420f-b813-5d30dc1ef1f8"
      },
      "ResponseBody": []
    },
    {
      "RequestUri": "https://management.azure.com/subscriptions/db1ab6f0-4769-4b27-930e-01e2ef9c123c/resourceGroups/testeventhubRG-7533/providers/Microsoft.EventHub/namespaces/testnamespacemgmt1126/operationresults/testnamespacemgmt1126?api-version=2021-06-01-preview",
      "RequestMethod": "GET",
      "RequestHeaders": {
        "Authorization": "Sanitized",
        "User-Agent": "azsdk-net-ResourceManager/1.0.0-beta.4 (.NET Framework 4.8.4300.0; Microsoft Windows 10.0.19043 )",
        "x-ms-client-request-id": "c0ad7dc8d88415efd8f086d14496fced",
        "x-ms-return-client-request-id": "true"
      },
      "RequestBody": null,
      "StatusCode": 202,
      "ResponseHeaders": {
        "Cache-Control": "no-cache",
        "Content-Length": "735",
        "Content-Type": "application/json; charset=utf-8",
        "Date": "Mon, 25 Oct 2021 02:07:14 GMT",
        "Expires": "-1",
        "Location": "https://management.azure.com/subscriptions/db1ab6f0-4769-4b27-930e-01e2ef9c123c/resourceGroups/testeventhubRG-7533/providers/Microsoft.EventHub/namespaces/testnamespacemgmt1126/operationresults/testnamespacemgmt1126?api-version=2021-06-01-preview",
        "Pragma": "no-cache",
        "Retry-After": "39",
        "Server": [
          "Service-Bus-Resource-Provider/SN1",
          "Microsoft-HTTPAPI/2.0"
        ],
        "Server-SB": "Service-Bus-Resource-Provider/SN1",
        "Strict-Transport-Security": "max-age=31536000; includeSubDomains",
        "X-Content-Type-Options": "nosniff",
        "x-ms-client-request-id": "c0ad7dc8d88415efd8f086d14496fced",
        "x-ms-correlation-request-id": "093e98cf-4f75-410b-912e-596f1a0cb043",
        "x-ms-ratelimit-remaining-subscription-reads": "11973",
        "x-ms-request-id": "f6a8e6c1-0f97-4b6b-ad4f-90f3a1cb577b_M2SN1_M2SN1",
        "x-ms-routing-request-id": "SOUTHEASTASIA:20211025T020715Z:093e98cf-4f75-410b-912e-596f1a0cb043"
      },
      "ResponseBody": {
        "sku": {
          "name": "Standard",
          "tier": "Standard",
          "capacity": 1
        },
        "id": "/subscriptions/db1ab6f0-4769-4b27-930e-01e2ef9c123c/resourceGroups/testeventhubRG-7533/providers/Microsoft.EventHub/namespaces/testnamespacemgmt1126",
        "name": "testnamespacemgmt1126",
        "type": "Microsoft.EventHub/Namespaces",
        "location": "East US 2",
        "tags": {},
        "properties": {
          "disableLocalAuth": false,
          "zoneRedundant": false,
          "isAutoInflateEnabled": false,
          "maximumThroughputUnits": 0,
          "kafkaEnabled": true,
          "provisioningState": "Succeeded",
          "metricId": "db1ab6f0-4769-4b27-930e-01e2ef9c123c:testnamespacemgmt1126",
          "createdAt": "2021-10-25T02:06:20.87Z",
          "updatedAt": "2021-10-25T02:07:15.1Z",
          "serviceBusEndpoint": "https://testnamespacemgmt1126.servicebus.windows.net:443/",
          "status": "Removing"
        }
      }
    },
    {
      "RequestUri": "https://management.azure.com/subscriptions/db1ab6f0-4769-4b27-930e-01e2ef9c123c/resourceGroups/testeventhubRG-7533/providers/Microsoft.EventHub/namespaces/testnamespacemgmt1126/operationresults/testnamespacemgmt1126?api-version=2021-06-01-preview",
      "RequestMethod": "GET",
      "RequestHeaders": {
        "Authorization": "Sanitized",
        "User-Agent": "azsdk-net-ResourceManager/1.0.0-beta.4 (.NET Framework 4.8.4300.0; Microsoft Windows 10.0.19043 )",
        "x-ms-client-request-id": "6f17f84b2ab7a737eefd619229124733",
        "x-ms-return-client-request-id": "true"
      },
      "RequestBody": null,
      "StatusCode": 202,
      "ResponseHeaders": {
        "Cache-Control": "no-cache",
        "Content-Length": "735",
        "Content-Type": "application/json; charset=utf-8",
        "Date": "Mon, 25 Oct 2021 02:07:16 GMT",
        "Expires": "-1",
        "Location": "https://management.azure.com/subscriptions/db1ab6f0-4769-4b27-930e-01e2ef9c123c/resourceGroups/testeventhubRG-7533/providers/Microsoft.EventHub/namespaces/testnamespacemgmt1126/operationresults/testnamespacemgmt1126?api-version=2021-06-01-preview",
        "Pragma": "no-cache",
        "Retry-After": "58",
        "Server": [
          "Service-Bus-Resource-Provider/SN1",
          "Microsoft-HTTPAPI/2.0"
        ],
        "Server-SB": "Service-Bus-Resource-Provider/SN1",
        "Strict-Transport-Security": "max-age=31536000; includeSubDomains",
        "X-Content-Type-Options": "nosniff",
        "x-ms-client-request-id": "6f17f84b2ab7a737eefd619229124733",
        "x-ms-correlation-request-id": "47788c7f-3f63-43c8-85a0-b26040e6b904",
        "x-ms-ratelimit-remaining-subscription-reads": "11972",
        "x-ms-request-id": "90c8cf07-a422-4d2e-ac55-097cb91553c4_M6SN1_M6SN1",
        "x-ms-routing-request-id": "SOUTHEASTASIA:20211025T020717Z:47788c7f-3f63-43c8-85a0-b26040e6b904"
      },
      "ResponseBody": {
        "sku": {
          "name": "Standard",
          "tier": "Standard",
          "capacity": 1
        },
        "id": "/subscriptions/db1ab6f0-4769-4b27-930e-01e2ef9c123c/resourceGroups/testeventhubRG-7533/providers/Microsoft.EventHub/namespaces/testnamespacemgmt1126",
        "name": "testnamespacemgmt1126",
        "type": "Microsoft.EventHub/Namespaces",
        "location": "East US 2",
        "tags": {},
        "properties": {
          "disableLocalAuth": false,
          "zoneRedundant": false,
          "isAutoInflateEnabled": false,
          "maximumThroughputUnits": 0,
          "kafkaEnabled": true,
          "provisioningState": "Succeeded",
          "metricId": "db1ab6f0-4769-4b27-930e-01e2ef9c123c:testnamespacemgmt1126",
          "createdAt": "2021-10-25T02:06:20.87Z",
          "updatedAt": "2021-10-25T02:07:15.1Z",
          "serviceBusEndpoint": "https://testnamespacemgmt1126.servicebus.windows.net:443/",
          "status": "Removing"
        }
      }
    },
    {
      "RequestUri": "https://management.azure.com/subscriptions/db1ab6f0-4769-4b27-930e-01e2ef9c123c/resourceGroups/testeventhubRG-7533/providers/Microsoft.EventHub/namespaces/testnamespacemgmt1126/operationresults/testnamespacemgmt1126?api-version=2021-06-01-preview",
      "RequestMethod": "GET",
      "RequestHeaders": {
        "Authorization": "Sanitized",
        "User-Agent": "azsdk-net-ResourceManager/1.0.0-beta.4 (.NET Framework 4.8.4300.0; Microsoft Windows 10.0.19043 )",
        "x-ms-client-request-id": "c5ec7c5a7a4fbf084f7a27cd6fd1b3c1",
        "x-ms-return-client-request-id": "true"
      },
      "RequestBody": null,
      "StatusCode": 202,
      "ResponseHeaders": {
        "Cache-Control": "no-cache",
        "Content-Length": "735",
        "Content-Type": "application/json; charset=utf-8",
        "Date": "Mon, 25 Oct 2021 02:07:17 GMT",
        "Expires": "-1",
        "Location": "https://management.azure.com/subscriptions/db1ab6f0-4769-4b27-930e-01e2ef9c123c/resourceGroups/testeventhubRG-7533/providers/Microsoft.EventHub/namespaces/testnamespacemgmt1126/operationresults/testnamespacemgmt1126?api-version=2021-06-01-preview",
        "Pragma": "no-cache",
        "Retry-After": "38",
        "Server": [
          "Service-Bus-Resource-Provider/SN1",
          "Microsoft-HTTPAPI/2.0"
        ],
        "Server-SB": "Service-Bus-Resource-Provider/SN1",
        "Strict-Transport-Security": "max-age=31536000; includeSubDomains",
        "X-Content-Type-Options": "nosniff",
        "x-ms-client-request-id": "c5ec7c5a7a4fbf084f7a27cd6fd1b3c1",
        "x-ms-correlation-request-id": "aae74246-39e8-4986-b8d7-19202c3b5eb7",
        "x-ms-ratelimit-remaining-subscription-reads": "11971",
        "x-ms-request-id": "fdca55e8-8513-4c71-a11c-7d36363317ac_M7SN1_M7SN1",
        "x-ms-routing-request-id": "SOUTHEASTASIA:20211025T020718Z:aae74246-39e8-4986-b8d7-19202c3b5eb7"
      },
      "ResponseBody": {
        "sku": {
          "name": "Standard",
          "tier": "Standard",
          "capacity": 1
        },
        "id": "/subscriptions/db1ab6f0-4769-4b27-930e-01e2ef9c123c/resourceGroups/testeventhubRG-7533/providers/Microsoft.EventHub/namespaces/testnamespacemgmt1126",
        "name": "testnamespacemgmt1126",
        "type": "Microsoft.EventHub/Namespaces",
        "location": "East US 2",
        "tags": {},
        "properties": {
          "disableLocalAuth": false,
          "zoneRedundant": false,
          "isAutoInflateEnabled": false,
          "maximumThroughputUnits": 0,
          "kafkaEnabled": true,
          "provisioningState": "Succeeded",
          "metricId": "db1ab6f0-4769-4b27-930e-01e2ef9c123c:testnamespacemgmt1126",
          "createdAt": "2021-10-25T02:06:20.87Z",
          "updatedAt": "2021-10-25T02:07:15.1Z",
          "serviceBusEndpoint": "https://testnamespacemgmt1126.servicebus.windows.net:443/",
          "status": "Removing"
        }
      }
    },
    {
      "RequestUri": "https://management.azure.com/subscriptions/db1ab6f0-4769-4b27-930e-01e2ef9c123c/resourceGroups/testeventhubRG-7533/providers/Microsoft.EventHub/namespaces/testnamespacemgmt1126/operationresults/testnamespacemgmt1126?api-version=2021-06-01-preview",
      "RequestMethod": "GET",
      "RequestHeaders": {
        "Authorization": "Sanitized",
        "User-Agent": "azsdk-net-ResourceManager/1.0.0-beta.4 (.NET Framework 4.8.4300.0; Microsoft Windows 10.0.19043 )",
        "x-ms-client-request-id": "08607ad314829d8b4605d287775decc6",
        "x-ms-return-client-request-id": "true"
      },
      "RequestBody": null,
      "StatusCode": 202,
      "ResponseHeaders": {
        "Cache-Control": "no-cache",
        "Content-Length": "735",
        "Content-Type": "application/json; charset=utf-8",
        "Date": "Mon, 25 Oct 2021 02:07:18 GMT",
        "Expires": "-1",
        "Location": "https://management.azure.com/subscriptions/db1ab6f0-4769-4b27-930e-01e2ef9c123c/resourceGroups/testeventhubRG-7533/providers/Microsoft.EventHub/namespaces/testnamespacemgmt1126/operationresults/testnamespacemgmt1126?api-version=2021-06-01-preview",
        "Pragma": "no-cache",
        "Retry-After": "51",
        "Server": [
          "Service-Bus-Resource-Provider/SN1",
          "Microsoft-HTTPAPI/2.0"
        ],
        "Server-SB": "Service-Bus-Resource-Provider/SN1",
        "Strict-Transport-Security": "max-age=31536000; includeSubDomains",
        "X-Content-Type-Options": "nosniff",
        "x-ms-client-request-id": "08607ad314829d8b4605d287775decc6",
        "x-ms-correlation-request-id": "5b4e5d9e-60b2-405f-bcdb-4eff3615f147",
        "x-ms-ratelimit-remaining-subscription-reads": "11970",
        "x-ms-request-id": "15af6c37-b5fe-4623-88c2-f82bab27d987_M7SN1_M7SN1",
        "x-ms-routing-request-id": "SOUTHEASTASIA:20211025T020719Z:5b4e5d9e-60b2-405f-bcdb-4eff3615f147"
      },
      "ResponseBody": {
        "sku": {
          "name": "Standard",
          "tier": "Standard",
          "capacity": 1
        },
        "id": "/subscriptions/db1ab6f0-4769-4b27-930e-01e2ef9c123c/resourceGroups/testeventhubRG-7533/providers/Microsoft.EventHub/namespaces/testnamespacemgmt1126",
        "name": "testnamespacemgmt1126",
        "type": "Microsoft.EventHub/Namespaces",
        "location": "East US 2",
        "tags": {},
        "properties": {
          "disableLocalAuth": false,
          "zoneRedundant": false,
          "isAutoInflateEnabled": false,
          "maximumThroughputUnits": 0,
          "kafkaEnabled": true,
          "provisioningState": "Succeeded",
          "metricId": "db1ab6f0-4769-4b27-930e-01e2ef9c123c:testnamespacemgmt1126",
          "createdAt": "2021-10-25T02:06:20.87Z",
          "updatedAt": "2021-10-25T02:07:15.1Z",
          "serviceBusEndpoint": "https://testnamespacemgmt1126.servicebus.windows.net:443/",
          "status": "Removing"
        }
      }
    },
    {
      "RequestUri": "https://management.azure.com/subscriptions/db1ab6f0-4769-4b27-930e-01e2ef9c123c/resourceGroups/testeventhubRG-7533/providers/Microsoft.EventHub/namespaces/testnamespacemgmt1126/operationresults/testnamespacemgmt1126?api-version=2021-06-01-preview",
      "RequestMethod": "GET",
      "RequestHeaders": {
        "Authorization": "Sanitized",
        "User-Agent": "azsdk-net-ResourceManager/1.0.0-beta.4 (.NET Framework 4.8.4300.0; Microsoft Windows 10.0.19043 )",
        "x-ms-client-request-id": "c77653a836aad19df057203d036a381c",
        "x-ms-return-client-request-id": "true"
      },
      "RequestBody": null,
      "StatusCode": 202,
      "ResponseHeaders": {
        "Cache-Control": "no-cache",
        "Content-Length": "735",
        "Content-Type": "application/json; charset=utf-8",
        "Date": "Mon, 25 Oct 2021 02:07:20 GMT",
        "Expires": "-1",
        "Location": "https://management.azure.com/subscriptions/db1ab6f0-4769-4b27-930e-01e2ef9c123c/resourceGroups/testeventhubRG-7533/providers/Microsoft.EventHub/namespaces/testnamespacemgmt1126/operationresults/testnamespacemgmt1126?api-version=2021-06-01-preview",
        "Pragma": "no-cache",
        "Retry-After": "49",
        "Server": [
          "Service-Bus-Resource-Provider/SN1",
          "Microsoft-HTTPAPI/2.0"
        ],
        "Server-SB": "Service-Bus-Resource-Provider/SN1",
        "Strict-Transport-Security": "max-age=31536000; includeSubDomains",
        "X-Content-Type-Options": "nosniff",
        "x-ms-client-request-id": "c77653a836aad19df057203d036a381c",
        "x-ms-correlation-request-id": "db7c2925-d288-4c5a-81d1-c9259196ee17",
        "x-ms-ratelimit-remaining-subscription-reads": "11969",
        "x-ms-request-id": "8a4c2aa8-d96f-460f-9d5e-fddd1cbb9671_M1SN1_M1SN1",
        "x-ms-routing-request-id": "SOUTHEASTASIA:20211025T020721Z:db7c2925-d288-4c5a-81d1-c9259196ee17"
      },
      "ResponseBody": {
        "sku": {
          "name": "Standard",
          "tier": "Standard",
          "capacity": 1
        },
        "id": "/subscriptions/db1ab6f0-4769-4b27-930e-01e2ef9c123c/resourceGroups/testeventhubRG-7533/providers/Microsoft.EventHub/namespaces/testnamespacemgmt1126",
        "name": "testnamespacemgmt1126",
        "type": "Microsoft.EventHub/Namespaces",
        "location": "East US 2",
        "tags": {},
        "properties": {
          "disableLocalAuth": false,
          "zoneRedundant": false,
          "isAutoInflateEnabled": false,
          "maximumThroughputUnits": 0,
          "kafkaEnabled": true,
          "provisioningState": "Succeeded",
          "metricId": "db1ab6f0-4769-4b27-930e-01e2ef9c123c:testnamespacemgmt1126",
          "createdAt": "2021-10-25T02:06:20.87Z",
          "updatedAt": "2021-10-25T02:07:15.1Z",
          "serviceBusEndpoint": "https://testnamespacemgmt1126.servicebus.windows.net:443/",
          "status": "Removing"
        }
      }
    },
    {
      "RequestUri": "https://management.azure.com/subscriptions/db1ab6f0-4769-4b27-930e-01e2ef9c123c/resourceGroups/testeventhubRG-7533/providers/Microsoft.EventHub/namespaces/testnamespacemgmt1126/operationresults/testnamespacemgmt1126?api-version=2021-06-01-preview",
      "RequestMethod": "GET",
      "RequestHeaders": {
        "Authorization": "Sanitized",
        "User-Agent": "azsdk-net-ResourceManager/1.0.0-beta.4 (.NET Framework 4.8.4300.0; Microsoft Windows 10.0.19043 )",
        "x-ms-client-request-id": "aebe9f493eb146b1f04e7f4aa88048f1",
        "x-ms-return-client-request-id": "true"
      },
      "RequestBody": null,
      "StatusCode": 202,
      "ResponseHeaders": {
        "Cache-Control": "no-cache",
        "Content-Length": "735",
        "Content-Type": "application/json; charset=utf-8",
        "Date": "Mon, 25 Oct 2021 02:07:21 GMT",
        "Expires": "-1",
        "Location": "https://management.azure.com/subscriptions/db1ab6f0-4769-4b27-930e-01e2ef9c123c/resourceGroups/testeventhubRG-7533/providers/Microsoft.EventHub/namespaces/testnamespacemgmt1126/operationresults/testnamespacemgmt1126?api-version=2021-06-01-preview",
        "Pragma": "no-cache",
        "Retry-After": "55",
        "Server": [
          "Service-Bus-Resource-Provider/SN1",
          "Microsoft-HTTPAPI/2.0"
        ],
        "Server-SB": "Service-Bus-Resource-Provider/SN1",
        "Strict-Transport-Security": "max-age=31536000; includeSubDomains",
        "X-Content-Type-Options": "nosniff",
        "x-ms-client-request-id": "aebe9f493eb146b1f04e7f4aa88048f1",
        "x-ms-correlation-request-id": "c0602c01-453f-42c6-a510-8ff05e701e54",
        "x-ms-ratelimit-remaining-subscription-reads": "11968",
        "x-ms-request-id": "877c971f-2268-4200-a878-c03b718f5b70_M4SN1_M4SN1",
        "x-ms-routing-request-id": "SOUTHEASTASIA:20211025T020722Z:c0602c01-453f-42c6-a510-8ff05e701e54"
      },
      "ResponseBody": {
        "sku": {
          "name": "Standard",
          "tier": "Standard",
          "capacity": 1
        },
        "id": "/subscriptions/db1ab6f0-4769-4b27-930e-01e2ef9c123c/resourceGroups/testeventhubRG-7533/providers/Microsoft.EventHub/namespaces/testnamespacemgmt1126",
        "name": "testnamespacemgmt1126",
        "type": "Microsoft.EventHub/Namespaces",
        "location": "East US 2",
        "tags": {},
        "properties": {
          "disableLocalAuth": false,
          "zoneRedundant": false,
          "isAutoInflateEnabled": false,
          "maximumThroughputUnits": 0,
          "kafkaEnabled": true,
          "provisioningState": "Succeeded",
          "metricId": "db1ab6f0-4769-4b27-930e-01e2ef9c123c:testnamespacemgmt1126",
          "createdAt": "2021-10-25T02:06:20.87Z",
          "updatedAt": "2021-10-25T02:07:15.1Z",
          "serviceBusEndpoint": "https://testnamespacemgmt1126.servicebus.windows.net:443/",
          "status": "Removing"
        }
      }
    },
    {
      "RequestUri": "https://management.azure.com/subscriptions/db1ab6f0-4769-4b27-930e-01e2ef9c123c/resourceGroups/testeventhubRG-7533/providers/Microsoft.EventHub/namespaces/testnamespacemgmt1126/operationresults/testnamespacemgmt1126?api-version=2021-06-01-preview",
      "RequestMethod": "GET",
      "RequestHeaders": {
        "Authorization": "Sanitized",
        "User-Agent": "azsdk-net-ResourceManager/1.0.0-beta.4 (.NET Framework 4.8.4300.0; Microsoft Windows 10.0.19043 )",
        "x-ms-client-request-id": "1c24608eec5b9c16dc8f182af34e9adc",
        "x-ms-return-client-request-id": "true"
      },
      "RequestBody": null,
      "StatusCode": 202,
      "ResponseHeaders": {
        "Cache-Control": "no-cache",
        "Content-Length": "735",
        "Content-Type": "application/json; charset=utf-8",
        "Date": "Mon, 25 Oct 2021 02:07:23 GMT",
        "Expires": "-1",
        "Location": "https://management.azure.com/subscriptions/db1ab6f0-4769-4b27-930e-01e2ef9c123c/resourceGroups/testeventhubRG-7533/providers/Microsoft.EventHub/namespaces/testnamespacemgmt1126/operationresults/testnamespacemgmt1126?api-version=2021-06-01-preview",
        "Pragma": "no-cache",
        "Retry-After": "55",
        "Server": [
          "Service-Bus-Resource-Provider/SN1",
          "Microsoft-HTTPAPI/2.0"
        ],
        "Server-SB": "Service-Bus-Resource-Provider/SN1",
        "Strict-Transport-Security": "max-age=31536000; includeSubDomains",
        "X-Content-Type-Options": "nosniff",
        "x-ms-client-request-id": "1c24608eec5b9c16dc8f182af34e9adc",
        "x-ms-correlation-request-id": "9a52783c-8010-49e1-8266-5a421f514ae3",
        "x-ms-ratelimit-remaining-subscription-reads": "11967",
        "x-ms-request-id": "78053816-c527-4c68-acaa-28cdac60cd09_M8SN1_M8SN1",
        "x-ms-routing-request-id": "SOUTHEASTASIA:20211025T020724Z:9a52783c-8010-49e1-8266-5a421f514ae3"
      },
      "ResponseBody": {
        "sku": {
          "name": "Standard",
          "tier": "Standard",
          "capacity": 1
        },
        "id": "/subscriptions/db1ab6f0-4769-4b27-930e-01e2ef9c123c/resourceGroups/testeventhubRG-7533/providers/Microsoft.EventHub/namespaces/testnamespacemgmt1126",
        "name": "testnamespacemgmt1126",
        "type": "Microsoft.EventHub/Namespaces",
        "location": "East US 2",
        "tags": {},
        "properties": {
          "disableLocalAuth": false,
          "zoneRedundant": false,
          "isAutoInflateEnabled": false,
          "maximumThroughputUnits": 0,
          "kafkaEnabled": true,
          "provisioningState": "Succeeded",
          "metricId": "db1ab6f0-4769-4b27-930e-01e2ef9c123c:testnamespacemgmt1126",
          "createdAt": "2021-10-25T02:06:20.87Z",
          "updatedAt": "2021-10-25T02:07:15.1Z",
          "serviceBusEndpoint": "https://testnamespacemgmt1126.servicebus.windows.net:443/",
          "status": "Removing"
        }
      }
    },
    {
      "RequestUri": "https://management.azure.com/subscriptions/db1ab6f0-4769-4b27-930e-01e2ef9c123c/resourceGroups/testeventhubRG-7533/providers/Microsoft.EventHub/namespaces/testnamespacemgmt1126/operationresults/testnamespacemgmt1126?api-version=2021-06-01-preview",
      "RequestMethod": "GET",
      "RequestHeaders": {
        "Authorization": "Sanitized",
        "User-Agent": "azsdk-net-ResourceManager/1.0.0-beta.4 (.NET Framework 4.8.4300.0; Microsoft Windows 10.0.19043 )",
        "x-ms-client-request-id": "d73db5cc3d9e6914a230d65bb753286f",
        "x-ms-return-client-request-id": "true"
      },
      "RequestBody": null,
      "StatusCode": 202,
      "ResponseHeaders": {
        "Cache-Control": "no-cache",
        "Content-Length": "735",
        "Content-Type": "application/json; charset=utf-8",
        "Date": "Mon, 25 Oct 2021 02:07:25 GMT",
        "Expires": "-1",
        "Location": "https://management.azure.com/subscriptions/db1ab6f0-4769-4b27-930e-01e2ef9c123c/resourceGroups/testeventhubRG-7533/providers/Microsoft.EventHub/namespaces/testnamespacemgmt1126/operationresults/testnamespacemgmt1126?api-version=2021-06-01-preview",
        "Pragma": "no-cache",
        "Retry-After": "35",
        "Server": [
          "Service-Bus-Resource-Provider/SN1",
          "Microsoft-HTTPAPI/2.0"
        ],
        "Server-SB": "Service-Bus-Resource-Provider/SN1",
        "Strict-Transport-Security": "max-age=31536000; includeSubDomains",
        "X-Content-Type-Options": "nosniff",
        "x-ms-client-request-id": "d73db5cc3d9e6914a230d65bb753286f",
        "x-ms-correlation-request-id": "727de55e-0809-4ed6-bda5-d93b2ce34393",
        "x-ms-ratelimit-remaining-subscription-reads": "11966",
        "x-ms-request-id": "5cf7a30d-3002-4f2c-b7d6-61942f0859ed_M1SN1_M1SN1",
        "x-ms-routing-request-id": "SOUTHEASTASIA:20211025T020726Z:727de55e-0809-4ed6-bda5-d93b2ce34393"
      },
      "ResponseBody": {
        "sku": {
          "name": "Standard",
          "tier": "Standard",
          "capacity": 1
        },
        "id": "/subscriptions/db1ab6f0-4769-4b27-930e-01e2ef9c123c/resourceGroups/testeventhubRG-7533/providers/Microsoft.EventHub/namespaces/testnamespacemgmt1126",
        "name": "testnamespacemgmt1126",
        "type": "Microsoft.EventHub/Namespaces",
        "location": "East US 2",
        "tags": {},
        "properties": {
          "disableLocalAuth": false,
          "zoneRedundant": false,
          "isAutoInflateEnabled": false,
          "maximumThroughputUnits": 0,
          "kafkaEnabled": true,
          "provisioningState": "Succeeded",
          "metricId": "db1ab6f0-4769-4b27-930e-01e2ef9c123c:testnamespacemgmt1126",
          "createdAt": "2021-10-25T02:06:20.87Z",
          "updatedAt": "2021-10-25T02:07:15.1Z",
          "serviceBusEndpoint": "https://testnamespacemgmt1126.servicebus.windows.net:443/",
          "status": "Removing"
        }
      }
    },
    {
      "RequestUri": "https://management.azure.com/subscriptions/db1ab6f0-4769-4b27-930e-01e2ef9c123c/resourceGroups/testeventhubRG-7533/providers/Microsoft.EventHub/namespaces/testnamespacemgmt1126/operationresults/testnamespacemgmt1126?api-version=2021-06-01-preview",
      "RequestMethod": "GET",
      "RequestHeaders": {
        "Authorization": "Sanitized",
        "User-Agent": "azsdk-net-ResourceManager/1.0.0-beta.4 (.NET Framework 4.8.4300.0; Microsoft Windows 10.0.19043 )",
        "x-ms-client-request-id": "a2af2f0e1c455dc18822d221268652a2",
        "x-ms-return-client-request-id": "true"
      },
      "RequestBody": null,
      "StatusCode": 202,
      "ResponseHeaders": {
        "Cache-Control": "no-cache",
        "Content-Length": "735",
        "Content-Type": "application/json; charset=utf-8",
        "Date": "Mon, 25 Oct 2021 02:07:27 GMT",
        "Expires": "-1",
        "Location": "https://management.azure.com/subscriptions/db1ab6f0-4769-4b27-930e-01e2ef9c123c/resourceGroups/testeventhubRG-7533/providers/Microsoft.EventHub/namespaces/testnamespacemgmt1126/operationresults/testnamespacemgmt1126?api-version=2021-06-01-preview",
        "Pragma": "no-cache",
        "Retry-After": "46",
        "Server": [
          "Service-Bus-Resource-Provider/SN1",
          "Microsoft-HTTPAPI/2.0"
        ],
        "Server-SB": "Service-Bus-Resource-Provider/SN1",
        "Strict-Transport-Security": "max-age=31536000; includeSubDomains",
        "X-Content-Type-Options": "nosniff",
        "x-ms-client-request-id": "a2af2f0e1c455dc18822d221268652a2",
        "x-ms-correlation-request-id": "f7673777-c599-40e7-8767-5a3ec3c06ee8",
        "x-ms-ratelimit-remaining-subscription-reads": "11965",
        "x-ms-request-id": "25f94843-e83b-4070-9c90-bd8e36d87f61_M11SN1_M11SN1",
        "x-ms-routing-request-id": "SOUTHEASTASIA:20211025T020728Z:f7673777-c599-40e7-8767-5a3ec3c06ee8"
      },
      "ResponseBody": {
        "sku": {
          "name": "Standard",
          "tier": "Standard",
          "capacity": 1
        },
        "id": "/subscriptions/db1ab6f0-4769-4b27-930e-01e2ef9c123c/resourceGroups/testeventhubRG-7533/providers/Microsoft.EventHub/namespaces/testnamespacemgmt1126",
        "name": "testnamespacemgmt1126",
        "type": "Microsoft.EventHub/Namespaces",
        "location": "East US 2",
        "tags": {},
        "properties": {
          "disableLocalAuth": false,
          "zoneRedundant": false,
          "isAutoInflateEnabled": false,
          "maximumThroughputUnits": 0,
          "kafkaEnabled": true,
          "provisioningState": "Succeeded",
          "metricId": "db1ab6f0-4769-4b27-930e-01e2ef9c123c:testnamespacemgmt1126",
          "createdAt": "2021-10-25T02:06:20.87Z",
          "updatedAt": "2021-10-25T02:07:15.1Z",
          "serviceBusEndpoint": "https://testnamespacemgmt1126.servicebus.windows.net:443/",
          "status": "Removing"
        }
      }
    },
    {
      "RequestUri": "https://management.azure.com/subscriptions/db1ab6f0-4769-4b27-930e-01e2ef9c123c/resourceGroups/testeventhubRG-7533/providers/Microsoft.EventHub/namespaces/testnamespacemgmt1126/operationresults/testnamespacemgmt1126?api-version=2021-06-01-preview",
      "RequestMethod": "GET",
      "RequestHeaders": {
        "Authorization": "Sanitized",
        "User-Agent": "azsdk-net-ResourceManager/1.0.0-beta.4 (.NET Framework 4.8.4300.0; Microsoft Windows 10.0.19043 )",
        "x-ms-client-request-id": "f37da2b4704250524cba7a2a15bbe589",
        "x-ms-return-client-request-id": "true"
      },
      "RequestBody": null,
      "StatusCode": 202,
      "ResponseHeaders": {
        "Cache-Control": "no-cache",
        "Content-Length": "735",
        "Content-Type": "application/json; charset=utf-8",
        "Date": "Mon, 25 Oct 2021 02:07:30 GMT",
        "Expires": "-1",
        "Location": "https://management.azure.com/subscriptions/db1ab6f0-4769-4b27-930e-01e2ef9c123c/resourceGroups/testeventhubRG-7533/providers/Microsoft.EventHub/namespaces/testnamespacemgmt1126/operationresults/testnamespacemgmt1126?api-version=2021-06-01-preview",
        "Pragma": "no-cache",
        "Retry-After": "47",
        "Server": [
          "Service-Bus-Resource-Provider/SN1",
          "Microsoft-HTTPAPI/2.0"
        ],
        "Server-SB": "Service-Bus-Resource-Provider/SN1",
        "Strict-Transport-Security": "max-age=31536000; includeSubDomains",
        "X-Content-Type-Options": "nosniff",
        "x-ms-client-request-id": "f37da2b4704250524cba7a2a15bbe589",
        "x-ms-correlation-request-id": "21e251e9-a61e-4305-ad7f-c66cb0c2575f",
        "x-ms-ratelimit-remaining-subscription-reads": "11964",
        "x-ms-request-id": "dc75e3ca-c7a6-468a-9003-e7f2196d571f_M3SN1_M3SN1",
        "x-ms-routing-request-id": "SOUTHEASTASIA:20211025T020731Z:21e251e9-a61e-4305-ad7f-c66cb0c2575f"
      },
      "ResponseBody": {
        "sku": {
          "name": "Standard",
          "tier": "Standard",
          "capacity": 1
        },
        "id": "/subscriptions/db1ab6f0-4769-4b27-930e-01e2ef9c123c/resourceGroups/testeventhubRG-7533/providers/Microsoft.EventHub/namespaces/testnamespacemgmt1126",
        "name": "testnamespacemgmt1126",
        "type": "Microsoft.EventHub/Namespaces",
        "location": "East US 2",
        "tags": {},
        "properties": {
          "disableLocalAuth": false,
          "zoneRedundant": false,
          "isAutoInflateEnabled": false,
          "maximumThroughputUnits": 0,
          "kafkaEnabled": true,
          "provisioningState": "Succeeded",
          "metricId": "db1ab6f0-4769-4b27-930e-01e2ef9c123c:testnamespacemgmt1126",
          "createdAt": "2021-10-25T02:06:20.87Z",
          "updatedAt": "2021-10-25T02:07:15.1Z",
          "serviceBusEndpoint": "https://testnamespacemgmt1126.servicebus.windows.net:443/",
          "status": "Removing"
        }
      }
    },
    {
      "RequestUri": "https://management.azure.com/subscriptions/db1ab6f0-4769-4b27-930e-01e2ef9c123c/resourceGroups/testeventhubRG-7533/providers/Microsoft.EventHub/namespaces/testnamespacemgmt1126/operationresults/testnamespacemgmt1126?api-version=2021-06-01-preview",
      "RequestMethod": "GET",
      "RequestHeaders": {
        "Authorization": "Sanitized",
        "User-Agent": "azsdk-net-ResourceManager/1.0.0-beta.4 (.NET Framework 4.8.4300.0; Microsoft Windows 10.0.19043 )",
        "x-ms-client-request-id": "c41ba866f79fb096f3e04e7c6af2431b",
        "x-ms-return-client-request-id": "true"
      },
      "RequestBody": null,
      "StatusCode": 202,
      "ResponseHeaders": {
        "Cache-Control": "no-cache",
        "Content-Length": "735",
        "Content-Type": "application/json; charset=utf-8",
        "Date": "Mon, 25 Oct 2021 02:07:31 GMT",
        "Expires": "-1",
        "Location": "https://management.azure.com/subscriptions/db1ab6f0-4769-4b27-930e-01e2ef9c123c/resourceGroups/testeventhubRG-7533/providers/Microsoft.EventHub/namespaces/testnamespacemgmt1126/operationresults/testnamespacemgmt1126?api-version=2021-06-01-preview",
        "Pragma": "no-cache",
        "Retry-After": "48",
        "Server": [
          "Service-Bus-Resource-Provider/SN1",
          "Microsoft-HTTPAPI/2.0"
        ],
        "Server-SB": "Service-Bus-Resource-Provider/SN1",
        "Strict-Transport-Security": "max-age=31536000; includeSubDomains",
        "X-Content-Type-Options": "nosniff",
        "x-ms-client-request-id": "c41ba866f79fb096f3e04e7c6af2431b",
        "x-ms-correlation-request-id": "0b516b55-ceaf-4450-b27f-a2d173d1b58f",
        "x-ms-ratelimit-remaining-subscription-reads": "11963",
        "x-ms-request-id": "e9feaeea-e956-4d6b-9420-e38b60b915e3_M3SN1_M3SN1",
        "x-ms-routing-request-id": "SOUTHEASTASIA:20211025T020732Z:0b516b55-ceaf-4450-b27f-a2d173d1b58f"
      },
      "ResponseBody": {
        "sku": {
          "name": "Standard",
          "tier": "Standard",
          "capacity": 1
        },
        "id": "/subscriptions/db1ab6f0-4769-4b27-930e-01e2ef9c123c/resourceGroups/testeventhubRG-7533/providers/Microsoft.EventHub/namespaces/testnamespacemgmt1126",
        "name": "testnamespacemgmt1126",
        "type": "Microsoft.EventHub/Namespaces",
        "location": "East US 2",
        "tags": {},
        "properties": {
          "disableLocalAuth": false,
          "zoneRedundant": false,
          "isAutoInflateEnabled": false,
          "maximumThroughputUnits": 0,
          "kafkaEnabled": true,
          "provisioningState": "Succeeded",
          "metricId": "db1ab6f0-4769-4b27-930e-01e2ef9c123c:testnamespacemgmt1126",
          "createdAt": "2021-10-25T02:06:20.87Z",
          "updatedAt": "2021-10-25T02:07:15.1Z",
          "serviceBusEndpoint": "https://testnamespacemgmt1126.servicebus.windows.net:443/",
          "status": "Removing"
        }
      }
    },
    {
      "RequestUri": "https://management.azure.com/subscriptions/db1ab6f0-4769-4b27-930e-01e2ef9c123c/resourceGroups/testeventhubRG-7533/providers/Microsoft.EventHub/namespaces/testnamespacemgmt1126/operationresults/testnamespacemgmt1126?api-version=2021-06-01-preview",
      "RequestMethod": "GET",
      "RequestHeaders": {
        "Authorization": "Sanitized",
        "User-Agent": "azsdk-net-ResourceManager/1.0.0-beta.4 (.NET Framework 4.8.4300.0; Microsoft Windows 10.0.19043 )",
        "x-ms-client-request-id": "14a734dd35d59d2ddc5e568aa29647cd",
        "x-ms-return-client-request-id": "true"
      },
      "RequestBody": null,
      "StatusCode": 202,
      "ResponseHeaders": {
        "Cache-Control": "no-cache",
        "Content-Length": "735",
        "Content-Type": "application/json; charset=utf-8",
        "Date": "Mon, 25 Oct 2021 02:07:33 GMT",
        "Expires": "-1",
        "Location": "https://management.azure.com/subscriptions/db1ab6f0-4769-4b27-930e-01e2ef9c123c/resourceGroups/testeventhubRG-7533/providers/Microsoft.EventHub/namespaces/testnamespacemgmt1126/operationresults/testnamespacemgmt1126?api-version=2021-06-01-preview",
        "Pragma": "no-cache",
        "Retry-After": "53",
        "Server": [
          "Service-Bus-Resource-Provider/SN1",
          "Microsoft-HTTPAPI/2.0"
        ],
        "Server-SB": "Service-Bus-Resource-Provider/SN1",
        "Strict-Transport-Security": "max-age=31536000; includeSubDomains",
        "X-Content-Type-Options": "nosniff",
        "x-ms-client-request-id": "14a734dd35d59d2ddc5e568aa29647cd",
        "x-ms-correlation-request-id": "e4d84122-dea7-4de0-966f-98e543adf030",
        "x-ms-ratelimit-remaining-subscription-reads": "11962",
        "x-ms-request-id": "4159a44b-7fe1-47dc-8f95-ea5dd49565a9_M7SN1_M7SN1",
        "x-ms-routing-request-id": "SOUTHEASTASIA:20211025T020734Z:e4d84122-dea7-4de0-966f-98e543adf030"
      },
      "ResponseBody": {
        "sku": {
          "name": "Standard",
          "tier": "Standard",
          "capacity": 1
        },
        "id": "/subscriptions/db1ab6f0-4769-4b27-930e-01e2ef9c123c/resourceGroups/testeventhubRG-7533/providers/Microsoft.EventHub/namespaces/testnamespacemgmt1126",
        "name": "testnamespacemgmt1126",
        "type": "Microsoft.EventHub/Namespaces",
        "location": "East US 2",
        "tags": {},
        "properties": {
          "disableLocalAuth": false,
          "zoneRedundant": false,
          "isAutoInflateEnabled": false,
          "maximumThroughputUnits": 0,
          "kafkaEnabled": true,
          "provisioningState": "Succeeded",
          "metricId": "db1ab6f0-4769-4b27-930e-01e2ef9c123c:testnamespacemgmt1126",
          "createdAt": "2021-10-25T02:06:20.87Z",
          "updatedAt": "2021-10-25T02:07:15.1Z",
          "serviceBusEndpoint": "https://testnamespacemgmt1126.servicebus.windows.net:443/",
          "status": "Removing"
        }
      }
    },
    {
      "RequestUri": "https://management.azure.com/subscriptions/db1ab6f0-4769-4b27-930e-01e2ef9c123c/resourceGroups/testeventhubRG-7533/providers/Microsoft.EventHub/namespaces/testnamespacemgmt1126/operationresults/testnamespacemgmt1126?api-version=2021-06-01-preview",
      "RequestMethod": "GET",
      "RequestHeaders": {
        "Authorization": "Sanitized",
        "User-Agent": "azsdk-net-ResourceManager/1.0.0-beta.4 (.NET Framework 4.8.4300.0; Microsoft Windows 10.0.19043 )",
        "x-ms-client-request-id": "7ebb483d8d6abc030bccff6221d6e559",
        "x-ms-return-client-request-id": "true"
      },
      "RequestBody": null,
      "StatusCode": 202,
      "ResponseHeaders": {
        "Cache-Control": "no-cache",
        "Content-Length": "735",
        "Content-Type": "application/json; charset=utf-8",
        "Date": "Mon, 25 Oct 2021 02:07:36 GMT",
        "Expires": "-1",
        "Location": "https://management.azure.com/subscriptions/db1ab6f0-4769-4b27-930e-01e2ef9c123c/resourceGroups/testeventhubRG-7533/providers/Microsoft.EventHub/namespaces/testnamespacemgmt1126/operationresults/testnamespacemgmt1126?api-version=2021-06-01-preview",
        "Pragma": "no-cache",
        "Retry-After": "51",
        "Server": [
          "Service-Bus-Resource-Provider/SN1",
          "Microsoft-HTTPAPI/2.0"
        ],
        "Server-SB": "Service-Bus-Resource-Provider/SN1",
        "Strict-Transport-Security": "max-age=31536000; includeSubDomains",
        "X-Content-Type-Options": "nosniff",
        "x-ms-client-request-id": "7ebb483d8d6abc030bccff6221d6e559",
        "x-ms-correlation-request-id": "172025f3-6416-4458-99d9-d38f1dde2b92",
        "x-ms-ratelimit-remaining-subscription-reads": "11961",
        "x-ms-request-id": "504a84b4-c50b-4b85-981a-e6b90972686b_M5SN1_M5SN1",
        "x-ms-routing-request-id": "SOUTHEASTASIA:20211025T020736Z:172025f3-6416-4458-99d9-d38f1dde2b92"
      },
      "ResponseBody": {
        "sku": {
          "name": "Standard",
          "tier": "Standard",
          "capacity": 1
        },
        "id": "/subscriptions/db1ab6f0-4769-4b27-930e-01e2ef9c123c/resourceGroups/testeventhubRG-7533/providers/Microsoft.EventHub/namespaces/testnamespacemgmt1126",
        "name": "testnamespacemgmt1126",
        "type": "Microsoft.EventHub/Namespaces",
        "location": "East US 2",
        "tags": {},
        "properties": {
          "disableLocalAuth": false,
          "zoneRedundant": false,
          "isAutoInflateEnabled": false,
          "maximumThroughputUnits": 0,
          "kafkaEnabled": true,
          "provisioningState": "Succeeded",
          "metricId": "db1ab6f0-4769-4b27-930e-01e2ef9c123c:testnamespacemgmt1126",
          "createdAt": "2021-10-25T02:06:20.87Z",
          "updatedAt": "2021-10-25T02:07:15.1Z",
          "serviceBusEndpoint": "https://testnamespacemgmt1126.servicebus.windows.net:443/",
          "status": "Removing"
        }
      }
    },
    {
      "RequestUri": "https://management.azure.com/subscriptions/db1ab6f0-4769-4b27-930e-01e2ef9c123c/resourceGroups/testeventhubRG-7533/providers/Microsoft.EventHub/namespaces/testnamespacemgmt1126/operationresults/testnamespacemgmt1126?api-version=2021-06-01-preview",
      "RequestMethod": "GET",
      "RequestHeaders": {
        "Authorization": "Sanitized",
        "User-Agent": "azsdk-net-ResourceManager/1.0.0-beta.4 (.NET Framework 4.8.4300.0; Microsoft Windows 10.0.19043 )",
        "x-ms-client-request-id": "e14d5e77d01330b37a7de840a10b0e5c",
        "x-ms-return-client-request-id": "true"
      },
      "RequestBody": null,
      "StatusCode": 202,
      "ResponseHeaders": {
        "Cache-Control": "no-cache",
        "Content-Length": "735",
        "Content-Type": "application/json; charset=utf-8",
        "Date": "Mon, 25 Oct 2021 02:07:38 GMT",
        "Expires": "-1",
        "Location": "https://management.azure.com/subscriptions/db1ab6f0-4769-4b27-930e-01e2ef9c123c/resourceGroups/testeventhubRG-7533/providers/Microsoft.EventHub/namespaces/testnamespacemgmt1126/operationresults/testnamespacemgmt1126?api-version=2021-06-01-preview",
        "Pragma": "no-cache",
        "Retry-After": "56",
        "Server": [
          "Service-Bus-Resource-Provider/SN1",
          "Microsoft-HTTPAPI/2.0"
        ],
        "Server-SB": "Service-Bus-Resource-Provider/SN1",
        "Strict-Transport-Security": "max-age=31536000; includeSubDomains",
        "X-Content-Type-Options": "nosniff",
        "x-ms-client-request-id": "e14d5e77d01330b37a7de840a10b0e5c",
        "x-ms-correlation-request-id": "2e040909-a69d-4a2e-a1da-54322a8db36a",
        "x-ms-ratelimit-remaining-subscription-reads": "11960",
        "x-ms-request-id": "63ead7ba-0d20-4657-bc40-8d95bb1c4496_M1SN1_M1SN1",
        "x-ms-routing-request-id": "SOUTHEASTASIA:20211025T020738Z:2e040909-a69d-4a2e-a1da-54322a8db36a"
      },
      "ResponseBody": {
        "sku": {
          "name": "Standard",
          "tier": "Standard",
          "capacity": 1
        },
        "id": "/subscriptions/db1ab6f0-4769-4b27-930e-01e2ef9c123c/resourceGroups/testeventhubRG-7533/providers/Microsoft.EventHub/namespaces/testnamespacemgmt1126",
        "name": "testnamespacemgmt1126",
        "type": "Microsoft.EventHub/Namespaces",
        "location": "East US 2",
        "tags": {},
        "properties": {
          "disableLocalAuth": false,
          "zoneRedundant": false,
          "isAutoInflateEnabled": false,
          "maximumThroughputUnits": 0,
          "kafkaEnabled": true,
          "provisioningState": "Succeeded",
          "metricId": "db1ab6f0-4769-4b27-930e-01e2ef9c123c:testnamespacemgmt1126",
          "createdAt": "2021-10-25T02:06:20.87Z",
          "updatedAt": "2021-10-25T02:07:15.1Z",
          "serviceBusEndpoint": "https://testnamespacemgmt1126.servicebus.windows.net:443/",
          "status": "Removing"
        }
      }
    },
    {
      "RequestUri": "https://management.azure.com/subscriptions/db1ab6f0-4769-4b27-930e-01e2ef9c123c/resourceGroups/testeventhubRG-7533/providers/Microsoft.EventHub/namespaces/testnamespacemgmt1126/operationresults/testnamespacemgmt1126?api-version=2021-06-01-preview",
      "RequestMethod": "GET",
      "RequestHeaders": {
        "Authorization": "Sanitized",
        "User-Agent": "azsdk-net-ResourceManager/1.0.0-beta.4 (.NET Framework 4.8.4300.0; Microsoft Windows 10.0.19043 )",
        "x-ms-client-request-id": "213f8198c43750b030ea090936cb7b06",
        "x-ms-return-client-request-id": "true"
      },
      "RequestBody": null,
      "StatusCode": 200,
      "ResponseHeaders": {
        "Cache-Control": "no-cache",
        "Content-Length": "0",
        "Date": "Mon, 25 Oct 2021 02:07:39 GMT",
        "Expires": "-1",
        "Pragma": "no-cache",
        "Server": [
          "Service-Bus-Resource-Provider/SN1",
          "Microsoft-HTTPAPI/2.0"
        ],
        "Server-SB": "Service-Bus-Resource-Provider/SN1",
        "Strict-Transport-Security": "max-age=31536000; includeSubDomains",
        "X-Content-Type-Options": "nosniff",
        "x-ms-client-request-id": "213f8198c43750b030ea090936cb7b06",
        "x-ms-correlation-request-id": "e0b05d41-2bc2-47cf-80c1-1ca824807c52",
        "x-ms-ratelimit-remaining-subscription-reads": "11959",
        "x-ms-request-id": "20018aea-0db8-491c-817a-4694b5e18e25_M1SN1_M1SN1",
        "x-ms-routing-request-id": "SOUTHEASTASIA:20211025T020740Z:e0b05d41-2bc2-47cf-80c1-1ca824807c52"
      },
      "ResponseBody": []
    }
  ],
  "Variables": {
    "RandomSeed": "80518505",
    "RESOURCE_MANAGER_URL": null,
    "SUBSCRIPTION_ID": "db1ab6f0-4769-4b27-930e-01e2ef9c123c"
  }
}