{
  "Entries": [
    {
      "RequestUri": "https://management.azure.com/subscriptions/db1ab6f0-4769-4b27-930e-01e2ef9c123c?api-version=2019-11-01",
      "RequestMethod": "GET",
      "RequestHeaders": {
        "Accept": "application/json",
        "Authorization": "Sanitized",
        "User-Agent": "azsdk-net-ResourceManager/1.0.0-beta.3 (.NET Framework 4.8.4300.0; Microsoft Windows 10.0.19043 )",
        "x-ms-client-request-id": "d64fb78257cc0d33c8c1327b9120338d",
        "x-ms-return-client-request-id": "true"
      },
      "RequestBody": null,
      "StatusCode": 200,
      "ResponseHeaders": {
        "Cache-Control": "no-cache",
        "Content-Length": "468",
        "Content-Type": "application/json; charset=utf-8",
        "Date": "Wed, 15 Sep 2021 08:58:02 GMT",
        "Expires": "-1",
        "Pragma": "no-cache",
        "Strict-Transport-Security": "max-age=31536000; includeSubDomains",
        "X-Content-Type-Options": "nosniff",
        "x-ms-correlation-request-id": "1edaca52-cf78-4772-b08c-14de325fd1fd",
        "x-ms-ratelimit-remaining-subscription-reads": "11899",
        "x-ms-request-id": "1edaca52-cf78-4772-b08c-14de325fd1fd",
        "x-ms-routing-request-id": "SOUTHEASTASIA:20210915T085803Z:1edaca52-cf78-4772-b08c-14de325fd1fd"
      },
      "ResponseBody": {
        "id": "/subscriptions/db1ab6f0-4769-4b27-930e-01e2ef9c123c",
        "authorizationSource": "RoleBased",
        "managedByTenants": [],
        "tags": {
          "tagKey1": "tagValue1",
          "tagKey2": "tagValue2"
        },
        "subscriptionId": "db1ab6f0-4769-4b27-930e-01e2ef9c123c",
        "tenantId": "72f988bf-86f1-41af-91ab-2d7cd011db47",
        "displayName": ".NET Mgmt SDK Test with TTL = 1 Day",
        "state": "Enabled",
        "subscriptionPolicies": {
          "locationPlacementId": "Internal_2014-09-01",
          "quotaId": "Internal_2014-09-01",
          "spendingLimit": "Off"
        }
      }
    },
    {
      "RequestUri": "https://management.azure.com/subscriptions/db1ab6f0-4769-4b27-930e-01e2ef9c123c/resourcegroups/testeventhubRG-8010?api-version=2019-10-01",
      "RequestMethod": "PUT",
      "RequestHeaders": {
        "Accept": "application/json",
        "Authorization": "Sanitized",
        "Content-Length": "44",
        "Content-Type": "application/json",
        "traceparent": "00-5e8ddc44685f8b4a92d78f60e31f3eba-947981d41b628248-00",
        "User-Agent": "azsdk-net-ResourceManager/1.0.0-beta.3 (.NET Framework 4.8.4300.0; Microsoft Windows 10.0.19043 )",
        "x-ms-client-request-id": "1c8a9cf45aec8126bd30d5519f58a143",
        "x-ms-return-client-request-id": "true"
      },
      "RequestBody": {
        "location": "eastus2",
        "tags": {
          "test": "env"
        }
      },
      "StatusCode": 201,
      "ResponseHeaders": {
        "Cache-Control": "no-cache",
        "Content-Length": "258",
        "Content-Type": "application/json; charset=utf-8",
        "Date": "Wed, 15 Sep 2021 08:58:03 GMT",
        "Expires": "-1",
        "Pragma": "no-cache",
        "Strict-Transport-Security": "max-age=31536000; includeSubDomains",
        "X-Content-Type-Options": "nosniff",
        "x-ms-correlation-request-id": "324bef7d-00db-4adf-9ad7-19c70f149db0",
        "x-ms-ratelimit-remaining-subscription-writes": "1192",
        "x-ms-request-id": "324bef7d-00db-4adf-9ad7-19c70f149db0",
        "x-ms-routing-request-id": "SOUTHEASTASIA:20210915T085804Z:324bef7d-00db-4adf-9ad7-19c70f149db0"
      },
      "ResponseBody": {
        "id": "/subscriptions/db1ab6f0-4769-4b27-930e-01e2ef9c123c/resourceGroups/testeventhubRG-8010",
        "name": "testeventhubRG-8010",
        "type": "Microsoft.Resources/resourceGroups",
        "location": "eastus2",
        "tags": {
          "test": "env"
        },
        "properties": {
          "provisioningState": "Succeeded"
        }
      }
    },
    {
      "RequestUri": "https://management.azure.com/subscriptions/db1ab6f0-4769-4b27-930e-01e2ef9c123c/providers/Microsoft.EventHub/checkNameAvailability?api-version=2018-01-01-preview",
      "RequestMethod": "POST",
      "RequestHeaders": {
        "Accept": "application/json",
        "Authorization": "Sanitized",
        "Content-Length": "32",
        "Content-Type": "application/json",
        "User-Agent": "azsdk-net-ResourceManager.EventHubs/1.0.0-alpha.20210915.1 (.NET Framework 4.8.4300.0; Microsoft Windows 10.0.19043 )",
        "x-ms-client-request-id": "36334f20de11808a7173efc709970742",
        "x-ms-return-client-request-id": "true"
      },
      "RequestBody": {
        "name": "testnamespacemgmt7165"
      },
      "StatusCode": 200,
      "ResponseHeaders": {
        "Cache-Control": "no-cache",
        "Content-Length": "53",
        "Content-Type": "application/json; charset=utf-8",
        "Date": "Wed, 15 Sep 2021 08:58:05 GMT",
        "Expires": "-1",
        "Pragma": "no-cache",
        "Server": [
          "Service-Bus-Resource-Provider/CH3",
          "Microsoft-HTTPAPI/2.0"
        ],
        "Server-SB": "Service-Bus-Resource-Provider/CH3",
        "Strict-Transport-Security": "max-age=31536000; includeSubDomains",
        "X-Content-Type-Options": "nosniff",
        "x-ms-client-request-id": "36334f20de11808a7173efc709970742",
        "x-ms-correlation-request-id": "7b13cea7-6549-4885-af6b-45057177a2e1",
        "x-ms-ratelimit-remaining-subscription-writes": "1194",
        "x-ms-request-id": "b366a981-8f62-45b9-ab33-87267d25ae27_M10CH3_M10CH3",
        "x-ms-routing-request-id": "SOUTHEASTASIA:20210915T085806Z:7b13cea7-6549-4885-af6b-45057177a2e1"
      },
      "ResponseBody": {
        "nameAvailable": true,
        "reason": "None",
        "message": null
      }
    },
    {
      "RequestUri": "https://management.azure.com/subscriptions/db1ab6f0-4769-4b27-930e-01e2ef9c123c/resourceGroups/testeventhubRG-8010/providers/Microsoft.EventHub/namespaces/testnamespacemgmt7165?api-version=2018-01-01-preview",
      "RequestMethod": "PUT",
      "RequestHeaders": {
        "Accept": "application/json",
        "Authorization": "Sanitized",
        "Content-Length": "48",
        "Content-Type": "application/json",
        "User-Agent": "azsdk-net-ResourceManager.EventHubs/1.0.0-alpha.20210915.1 (.NET Framework 4.8.4300.0; Microsoft Windows 10.0.19043 )",
        "x-ms-client-request-id": "37fa3094961f285d550e275ebc296891",
        "x-ms-return-client-request-id": "true"
      },
      "RequestBody": {
        "tags": {},
        "location": "eastus2",
        "properties": {}
      },
      "StatusCode": 200,
      "ResponseHeaders": {
        "Cache-Control": "no-cache",
        "Content-Length": "713",
        "Content-Type": "application/json; charset=utf-8",
        "Date": "Wed, 15 Sep 2021 08:58:10 GMT",
        "Expires": "-1",
        "Pragma": "no-cache",
        "Server": [
          "Service-Bus-Resource-Provider/CH3",
          "Microsoft-HTTPAPI/2.0"
        ],
        "Server-SB": "Service-Bus-Resource-Provider/CH3",
        "Strict-Transport-Security": "max-age=31536000; includeSubDomains",
        "X-Content-Type-Options": "nosniff",
        "x-ms-client-request-id": "37fa3094961f285d550e275ebc296891",
        "x-ms-correlation-request-id": "1a1e9a5f-52a7-4d1a-a68f-5b1c73f9af09",
        "x-ms-ratelimit-remaining-subscription-resource-requests": "47",
        "x-ms-request-id": "2d8019de-2a6d-4c32-81f2-77b03fc270d8_M0CH3_M0CH3",
        "x-ms-routing-request-id": "SOUTHEASTASIA:20210915T085810Z:1a1e9a5f-52a7-4d1a-a68f-5b1c73f9af09"
      },
      "ResponseBody": {
        "sku": {
          "name": "Standard",
          "tier": "Standard",
          "capacity": 1
        },
        "id": "/subscriptions/db1ab6f0-4769-4b27-930e-01e2ef9c123c/resourceGroups/testeventhubRG-8010/providers/Microsoft.EventHub/namespaces/testnamespacemgmt7165",
        "name": "testnamespacemgmt7165",
        "type": "Microsoft.EventHub/Namespaces",
        "location": "East US 2",
        "tags": {},
        "properties": {
          "zoneRedundant": false,
          "isAutoInflateEnabled": false,
          "maximumThroughputUnits": 0,
          "kafkaEnabled": true,
          "provisioningState": "Created",
          "metricId": "db1ab6f0-4769-4b27-930e-01e2ef9c123c:testnamespacemgmt7165",
          "createdAt": "2021-09-15T08:58:08.843Z",
          "updatedAt": "2021-09-15T08:58:08.843Z",
          "serviceBusEndpoint": "https://testnamespacemgmt7165.servicebus.windows.net:443/",
          "status": "Activating"
        }
      }
    },
    {
      "RequestUri": "https://management.azure.com/subscriptions/db1ab6f0-4769-4b27-930e-01e2ef9c123c/resourceGroups/testeventhubRG-8010/providers/Microsoft.EventHub/namespaces/testnamespacemgmt7165?api-version=2018-01-01-preview",
      "RequestMethod": "GET",
      "RequestHeaders": {
        "Authorization": "Sanitized",
        "User-Agent": "azsdk-net-ResourceManager/1.0.0-beta.3 (.NET Framework 4.8.4300.0; Microsoft Windows 10.0.19043 )",
        "x-ms-client-request-id": "270a0ece0ca78a3af20ae102b72cc447",
        "x-ms-return-client-request-id": "true"
      },
      "RequestBody": null,
      "StatusCode": 200,
      "ResponseHeaders": {
        "Cache-Control": "no-cache",
        "Content-Length": "713",
        "Content-Type": "application/json; charset=utf-8",
        "Date": "Wed, 15 Sep 2021 08:58:12 GMT",
        "Expires": "-1",
        "Pragma": "no-cache",
        "Server": [
          "Service-Bus-Resource-Provider/CH3",
          "Microsoft-HTTPAPI/2.0"
        ],
        "Server-SB": "Service-Bus-Resource-Provider/CH3",
        "Strict-Transport-Security": "max-age=31536000; includeSubDomains",
        "X-Content-Type-Options": "nosniff",
        "x-ms-client-request-id": "270a0ece0ca78a3af20ae102b72cc447",
        "x-ms-correlation-request-id": "503e35dc-8f2d-468f-8727-180f610918c8",
        "x-ms-ratelimit-remaining-subscription-reads": "11898",
        "x-ms-request-id": "c5d3ff90-5af1-4941-818e-193901d29abc_M11CH3_M11CH3",
        "x-ms-routing-request-id": "SOUTHEASTASIA:20210915T085812Z:503e35dc-8f2d-468f-8727-180f610918c8"
      },
      "ResponseBody": {
        "sku": {
          "name": "Standard",
          "tier": "Standard",
          "capacity": 1
        },
        "id": "/subscriptions/db1ab6f0-4769-4b27-930e-01e2ef9c123c/resourceGroups/testeventhubRG-8010/providers/Microsoft.EventHub/namespaces/testnamespacemgmt7165",
        "name": "testnamespacemgmt7165",
        "type": "Microsoft.EventHub/Namespaces",
        "location": "East US 2",
        "tags": {},
        "properties": {
          "zoneRedundant": false,
          "isAutoInflateEnabled": false,
          "maximumThroughputUnits": 0,
          "kafkaEnabled": true,
          "provisioningState": "Created",
          "metricId": "db1ab6f0-4769-4b27-930e-01e2ef9c123c:testnamespacemgmt7165",
          "createdAt": "2021-09-15T08:58:08.843Z",
          "updatedAt": "2021-09-15T08:58:08.843Z",
          "serviceBusEndpoint": "https://testnamespacemgmt7165.servicebus.windows.net:443/",
          "status": "Activating"
        }
      }
    },
    {
      "RequestUri": "https://management.azure.com/subscriptions/db1ab6f0-4769-4b27-930e-01e2ef9c123c/resourceGroups/testeventhubRG-8010/providers/Microsoft.EventHub/namespaces/testnamespacemgmt7165?api-version=2018-01-01-preview",
      "RequestMethod": "GET",
      "RequestHeaders": {
        "Authorization": "Sanitized",
        "User-Agent": "azsdk-net-ResourceManager/1.0.0-beta.3 (.NET Framework 4.8.4300.0; Microsoft Windows 10.0.19043 )",
        "x-ms-client-request-id": "d28f5d0b2397c8e84e3c37821b76f19b",
        "x-ms-return-client-request-id": "true"
      },
      "RequestBody": null,
      "StatusCode": 200,
      "ResponseHeaders": {
        "Cache-Control": "no-cache",
        "Content-Length": "713",
        "Content-Type": "application/json; charset=utf-8",
        "Date": "Wed, 15 Sep 2021 08:58:15 GMT",
        "Expires": "-1",
        "Pragma": "no-cache",
        "Server": [
          "Service-Bus-Resource-Provider/CH3",
          "Microsoft-HTTPAPI/2.0"
        ],
        "Server-SB": "Service-Bus-Resource-Provider/CH3",
        "Strict-Transport-Security": "max-age=31536000; includeSubDomains",
        "X-Content-Type-Options": "nosniff",
        "x-ms-client-request-id": "d28f5d0b2397c8e84e3c37821b76f19b",
        "x-ms-correlation-request-id": "1d93e767-9d54-4cbd-bedc-74e4165ecbb3",
        "x-ms-ratelimit-remaining-subscription-reads": "11897",
        "x-ms-request-id": "985c547e-11f3-4db1-a46d-cd0cded479d0_M7CH3_M7CH3",
        "x-ms-routing-request-id": "SOUTHEASTASIA:20210915T085815Z:1d93e767-9d54-4cbd-bedc-74e4165ecbb3"
      },
      "ResponseBody": {
        "sku": {
          "name": "Standard",
          "tier": "Standard",
          "capacity": 1
        },
        "id": "/subscriptions/db1ab6f0-4769-4b27-930e-01e2ef9c123c/resourceGroups/testeventhubRG-8010/providers/Microsoft.EventHub/namespaces/testnamespacemgmt7165",
        "name": "testnamespacemgmt7165",
        "type": "Microsoft.EventHub/Namespaces",
        "location": "East US 2",
        "tags": {},
        "properties": {
          "zoneRedundant": false,
          "isAutoInflateEnabled": false,
          "maximumThroughputUnits": 0,
          "kafkaEnabled": true,
          "provisioningState": "Created",
          "metricId": "db1ab6f0-4769-4b27-930e-01e2ef9c123c:testnamespacemgmt7165",
          "createdAt": "2021-09-15T08:58:08.843Z",
          "updatedAt": "2021-09-15T08:58:08.843Z",
          "serviceBusEndpoint": "https://testnamespacemgmt7165.servicebus.windows.net:443/",
          "status": "Activating"
        }
      }
    },
    {
      "RequestUri": "https://management.azure.com/subscriptions/db1ab6f0-4769-4b27-930e-01e2ef9c123c/resourceGroups/testeventhubRG-8010/providers/Microsoft.EventHub/namespaces/testnamespacemgmt7165?api-version=2018-01-01-preview",
      "RequestMethod": "GET",
      "RequestHeaders": {
        "Authorization": "Sanitized",
        "User-Agent": "azsdk-net-ResourceManager/1.0.0-beta.3 (.NET Framework 4.8.4300.0; Microsoft Windows 10.0.19043 )",
        "x-ms-client-request-id": "ad8f8e5b411f2be9fd75f14feae006d3",
        "x-ms-return-client-request-id": "true"
      },
      "RequestBody": null,
      "StatusCode": 200,
      "ResponseHeaders": {
        "Cache-Control": "no-cache",
        "Content-Length": "713",
        "Content-Type": "application/json; charset=utf-8",
        "Date": "Wed, 15 Sep 2021 08:58:17 GMT",
        "Expires": "-1",
        "Pragma": "no-cache",
        "Server": [
          "Service-Bus-Resource-Provider/CH3",
          "Microsoft-HTTPAPI/2.0"
        ],
        "Server-SB": "Service-Bus-Resource-Provider/CH3",
        "Strict-Transport-Security": "max-age=31536000; includeSubDomains",
        "X-Content-Type-Options": "nosniff",
        "x-ms-client-request-id": "ad8f8e5b411f2be9fd75f14feae006d3",
        "x-ms-correlation-request-id": "be888113-8089-41ee-9a72-6fb4bb379585",
        "x-ms-ratelimit-remaining-subscription-reads": "11896",
        "x-ms-request-id": "577b4958-9da5-48be-b7f0-b68908a2e4e3_M5CH3_M5CH3",
        "x-ms-routing-request-id": "SOUTHEASTASIA:20210915T085817Z:be888113-8089-41ee-9a72-6fb4bb379585"
      },
      "ResponseBody": {
        "sku": {
          "name": "Standard",
          "tier": "Standard",
          "capacity": 1
        },
        "id": "/subscriptions/db1ab6f0-4769-4b27-930e-01e2ef9c123c/resourceGroups/testeventhubRG-8010/providers/Microsoft.EventHub/namespaces/testnamespacemgmt7165",
        "name": "testnamespacemgmt7165",
        "type": "Microsoft.EventHub/Namespaces",
        "location": "East US 2",
        "tags": {},
        "properties": {
          "zoneRedundant": false,
          "isAutoInflateEnabled": false,
          "maximumThroughputUnits": 0,
          "kafkaEnabled": true,
          "provisioningState": "Created",
          "metricId": "db1ab6f0-4769-4b27-930e-01e2ef9c123c:testnamespacemgmt7165",
          "createdAt": "2021-09-15T08:58:08.843Z",
          "updatedAt": "2021-09-15T08:58:08.843Z",
          "serviceBusEndpoint": "https://testnamespacemgmt7165.servicebus.windows.net:443/",
          "status": "Activating"
        }
      }
    },
    {
      "RequestUri": "https://management.azure.com/subscriptions/db1ab6f0-4769-4b27-930e-01e2ef9c123c/resourceGroups/testeventhubRG-8010/providers/Microsoft.EventHub/namespaces/testnamespacemgmt7165?api-version=2018-01-01-preview",
      "RequestMethod": "GET",
      "RequestHeaders": {
        "Authorization": "Sanitized",
        "User-Agent": "azsdk-net-ResourceManager/1.0.0-beta.3 (.NET Framework 4.8.4300.0; Microsoft Windows 10.0.19043 )",
        "x-ms-client-request-id": "d9db32d7e12aab002642d96bd4b76e7b",
        "x-ms-return-client-request-id": "true"
      },
      "RequestBody": null,
      "StatusCode": 200,
      "ResponseHeaders": {
        "Cache-Control": "no-cache",
        "Content-Length": "713",
        "Content-Type": "application/json; charset=utf-8",
        "Date": "Wed, 15 Sep 2021 08:58:18 GMT",
        "Expires": "-1",
        "Pragma": "no-cache",
        "Server": [
          "Service-Bus-Resource-Provider/CH3",
          "Microsoft-HTTPAPI/2.0"
        ],
        "Server-SB": "Service-Bus-Resource-Provider/CH3",
        "Strict-Transport-Security": "max-age=31536000; includeSubDomains",
        "X-Content-Type-Options": "nosniff",
        "x-ms-client-request-id": "d9db32d7e12aab002642d96bd4b76e7b",
        "x-ms-correlation-request-id": "998002c8-c81c-4835-a479-9d1831bd3481",
        "x-ms-ratelimit-remaining-subscription-reads": "11895",
        "x-ms-request-id": "1c25009c-bde4-4608-9405-d0f8dbf9048e_M6CH3_M6CH3",
        "x-ms-routing-request-id": "SOUTHEASTASIA:20210915T085818Z:998002c8-c81c-4835-a479-9d1831bd3481"
      },
      "ResponseBody": {
        "sku": {
          "name": "Standard",
          "tier": "Standard",
          "capacity": 1
        },
        "id": "/subscriptions/db1ab6f0-4769-4b27-930e-01e2ef9c123c/resourceGroups/testeventhubRG-8010/providers/Microsoft.EventHub/namespaces/testnamespacemgmt7165",
        "name": "testnamespacemgmt7165",
        "type": "Microsoft.EventHub/Namespaces",
        "location": "East US 2",
        "tags": {},
        "properties": {
          "zoneRedundant": false,
          "isAutoInflateEnabled": false,
          "maximumThroughputUnits": 0,
          "kafkaEnabled": true,
          "provisioningState": "Created",
          "metricId": "db1ab6f0-4769-4b27-930e-01e2ef9c123c:testnamespacemgmt7165",
          "createdAt": "2021-09-15T08:58:08.843Z",
          "updatedAt": "2021-09-15T08:58:08.843Z",
          "serviceBusEndpoint": "https://testnamespacemgmt7165.servicebus.windows.net:443/",
          "status": "Activating"
        }
      }
    },
    {
      "RequestUri": "https://management.azure.com/subscriptions/db1ab6f0-4769-4b27-930e-01e2ef9c123c/resourceGroups/testeventhubRG-8010/providers/Microsoft.EventHub/namespaces/testnamespacemgmt7165?api-version=2018-01-01-preview",
      "RequestMethod": "GET",
      "RequestHeaders": {
        "Authorization": "Sanitized",
        "User-Agent": "azsdk-net-ResourceManager/1.0.0-beta.3 (.NET Framework 4.8.4300.0; Microsoft Windows 10.0.19043 )",
        "x-ms-client-request-id": "28a74619179cca287463d4213198dd6d",
        "x-ms-return-client-request-id": "true"
      },
      "RequestBody": null,
      "StatusCode": 200,
      "ResponseHeaders": {
        "Cache-Control": "no-cache",
        "Content-Length": "713",
        "Content-Type": "application/json; charset=utf-8",
        "Date": "Wed, 15 Sep 2021 08:58:21 GMT",
        "Expires": "-1",
        "Pragma": "no-cache",
        "Server": [
          "Service-Bus-Resource-Provider/CH3",
          "Microsoft-HTTPAPI/2.0"
        ],
        "Server-SB": "Service-Bus-Resource-Provider/CH3",
        "Strict-Transport-Security": "max-age=31536000; includeSubDomains",
        "X-Content-Type-Options": "nosniff",
        "x-ms-client-request-id": "28a74619179cca287463d4213198dd6d",
        "x-ms-correlation-request-id": "e5f86aec-5d6b-4687-8335-d79ef0e508b5",
        "x-ms-ratelimit-remaining-subscription-reads": "11894",
        "x-ms-request-id": "2a422a02-558e-4515-849f-d3497c5fe975_M11CH3_M11CH3",
        "x-ms-routing-request-id": "SOUTHEASTASIA:20210915T085821Z:e5f86aec-5d6b-4687-8335-d79ef0e508b5"
      },
      "ResponseBody": {
        "sku": {
          "name": "Standard",
          "tier": "Standard",
          "capacity": 1
        },
        "id": "/subscriptions/db1ab6f0-4769-4b27-930e-01e2ef9c123c/resourceGroups/testeventhubRG-8010/providers/Microsoft.EventHub/namespaces/testnamespacemgmt7165",
        "name": "testnamespacemgmt7165",
        "type": "Microsoft.EventHub/Namespaces",
        "location": "East US 2",
        "tags": {},
        "properties": {
          "zoneRedundant": false,
          "isAutoInflateEnabled": false,
          "maximumThroughputUnits": 0,
          "kafkaEnabled": true,
          "provisioningState": "Created",
          "metricId": "db1ab6f0-4769-4b27-930e-01e2ef9c123c:testnamespacemgmt7165",
          "createdAt": "2021-09-15T08:58:08.843Z",
          "updatedAt": "2021-09-15T08:58:08.843Z",
          "serviceBusEndpoint": "https://testnamespacemgmt7165.servicebus.windows.net:443/",
          "status": "Activating"
        }
      }
    },
    {
      "RequestUri": "https://management.azure.com/subscriptions/db1ab6f0-4769-4b27-930e-01e2ef9c123c/resourceGroups/testeventhubRG-8010/providers/Microsoft.EventHub/namespaces/testnamespacemgmt7165?api-version=2018-01-01-preview",
      "RequestMethod": "GET",
      "RequestHeaders": {
        "Authorization": "Sanitized",
        "User-Agent": "azsdk-net-ResourceManager/1.0.0-beta.3 (.NET Framework 4.8.4300.0; Microsoft Windows 10.0.19043 )",
        "x-ms-client-request-id": "e9aa6336179b79708ee487dc677e5645",
        "x-ms-return-client-request-id": "true"
      },
      "RequestBody": null,
      "StatusCode": 200,
      "ResponseHeaders": {
        "Cache-Control": "no-cache",
        "Content-Length": "713",
        "Content-Type": "application/json; charset=utf-8",
        "Date": "Wed, 15 Sep 2021 08:58:23 GMT",
        "Expires": "-1",
        "Pragma": "no-cache",
        "Server": [
          "Service-Bus-Resource-Provider/CH3",
          "Microsoft-HTTPAPI/2.0"
        ],
        "Server-SB": "Service-Bus-Resource-Provider/CH3",
        "Strict-Transport-Security": "max-age=31536000; includeSubDomains",
        "X-Content-Type-Options": "nosniff",
        "x-ms-client-request-id": "e9aa6336179b79708ee487dc677e5645",
        "x-ms-correlation-request-id": "86f1bc9e-a4a6-401d-b385-572cf713e3e7",
        "x-ms-ratelimit-remaining-subscription-reads": "11893",
        "x-ms-request-id": "163b4acc-df59-488e-9872-d84fa290c26d_M8CH3_M8CH3",
        "x-ms-routing-request-id": "SOUTHEASTASIA:20210915T085823Z:86f1bc9e-a4a6-401d-b385-572cf713e3e7"
      },
      "ResponseBody": {
        "sku": {
          "name": "Standard",
          "tier": "Standard",
          "capacity": 1
        },
        "id": "/subscriptions/db1ab6f0-4769-4b27-930e-01e2ef9c123c/resourceGroups/testeventhubRG-8010/providers/Microsoft.EventHub/namespaces/testnamespacemgmt7165",
        "name": "testnamespacemgmt7165",
        "type": "Microsoft.EventHub/Namespaces",
        "location": "East US 2",
        "tags": {},
        "properties": {
          "zoneRedundant": false,
          "isAutoInflateEnabled": false,
          "maximumThroughputUnits": 0,
          "kafkaEnabled": true,
          "provisioningState": "Created",
          "metricId": "db1ab6f0-4769-4b27-930e-01e2ef9c123c:testnamespacemgmt7165",
          "createdAt": "2021-09-15T08:58:08.843Z",
          "updatedAt": "2021-09-15T08:58:08.843Z",
          "serviceBusEndpoint": "https://testnamespacemgmt7165.servicebus.windows.net:443/",
          "status": "Activating"
        }
      }
    },
    {
      "RequestUri": "https://management.azure.com/subscriptions/db1ab6f0-4769-4b27-930e-01e2ef9c123c/resourceGroups/testeventhubRG-8010/providers/Microsoft.EventHub/namespaces/testnamespacemgmt7165?api-version=2018-01-01-preview",
      "RequestMethod": "GET",
      "RequestHeaders": {
        "Authorization": "Sanitized",
        "User-Agent": "azsdk-net-ResourceManager/1.0.0-beta.3 (.NET Framework 4.8.4300.0; Microsoft Windows 10.0.19043 )",
        "x-ms-client-request-id": "a4367607dd38c037091165c70ddf798d",
        "x-ms-return-client-request-id": "true"
      },
      "RequestBody": null,
      "StatusCode": 200,
      "ResponseHeaders": {
        "Cache-Control": "no-cache",
        "Content-Length": "713",
        "Content-Type": "application/json; charset=utf-8",
        "Date": "Wed, 15 Sep 2021 08:58:24 GMT",
        "Expires": "-1",
        "Pragma": "no-cache",
        "Server": [
          "Service-Bus-Resource-Provider/CH3",
          "Microsoft-HTTPAPI/2.0"
        ],
        "Server-SB": "Service-Bus-Resource-Provider/CH3",
        "Strict-Transport-Security": "max-age=31536000; includeSubDomains",
        "X-Content-Type-Options": "nosniff",
        "x-ms-client-request-id": "a4367607dd38c037091165c70ddf798d",
        "x-ms-correlation-request-id": "acd2581e-a22d-42d3-8702-b743711f2beb",
        "x-ms-ratelimit-remaining-subscription-reads": "11892",
        "x-ms-request-id": "b9b9a04f-045d-4f47-85d2-89c300885f9f_M8CH3_M8CH3",
        "x-ms-routing-request-id": "SOUTHEASTASIA:20210915T085824Z:acd2581e-a22d-42d3-8702-b743711f2beb"
      },
      "ResponseBody": {
        "sku": {
          "name": "Standard",
          "tier": "Standard",
          "capacity": 1
        },
        "id": "/subscriptions/db1ab6f0-4769-4b27-930e-01e2ef9c123c/resourceGroups/testeventhubRG-8010/providers/Microsoft.EventHub/namespaces/testnamespacemgmt7165",
        "name": "testnamespacemgmt7165",
        "type": "Microsoft.EventHub/Namespaces",
        "location": "East US 2",
        "tags": {},
        "properties": {
          "zoneRedundant": false,
          "isAutoInflateEnabled": false,
          "maximumThroughputUnits": 0,
          "kafkaEnabled": true,
          "provisioningState": "Created",
          "metricId": "db1ab6f0-4769-4b27-930e-01e2ef9c123c:testnamespacemgmt7165",
          "createdAt": "2021-09-15T08:58:08.843Z",
          "updatedAt": "2021-09-15T08:58:08.843Z",
          "serviceBusEndpoint": "https://testnamespacemgmt7165.servicebus.windows.net:443/",
          "status": "Activating"
        }
      }
    },
    {
      "RequestUri": "https://management.azure.com/subscriptions/db1ab6f0-4769-4b27-930e-01e2ef9c123c/resourceGroups/testeventhubRG-8010/providers/Microsoft.EventHub/namespaces/testnamespacemgmt7165?api-version=2018-01-01-preview",
      "RequestMethod": "GET",
      "RequestHeaders": {
        "Authorization": "Sanitized",
        "User-Agent": "azsdk-net-ResourceManager/1.0.0-beta.3 (.NET Framework 4.8.4300.0; Microsoft Windows 10.0.19043 )",
        "x-ms-client-request-id": "71356b65850c01dfd62e9ab7904c62f6",
        "x-ms-return-client-request-id": "true"
      },
      "RequestBody": null,
      "StatusCode": 200,
      "ResponseHeaders": {
        "Cache-Control": "no-cache",
        "Content-Length": "713",
        "Content-Type": "application/json; charset=utf-8",
        "Date": "Wed, 15 Sep 2021 08:58:26 GMT",
        "Expires": "-1",
        "Pragma": "no-cache",
        "Server": [
          "Service-Bus-Resource-Provider/CH3",
          "Microsoft-HTTPAPI/2.0"
        ],
        "Server-SB": "Service-Bus-Resource-Provider/CH3",
        "Strict-Transport-Security": "max-age=31536000; includeSubDomains",
        "X-Content-Type-Options": "nosniff",
        "x-ms-client-request-id": "71356b65850c01dfd62e9ab7904c62f6",
        "x-ms-correlation-request-id": "bc6baa97-f7f7-4761-bb72-3047ce2cd217",
        "x-ms-ratelimit-remaining-subscription-reads": "11891",
        "x-ms-request-id": "403192fb-84c9-4189-9a31-94ae5dbc444a_M8CH3_M8CH3",
        "x-ms-routing-request-id": "SOUTHEASTASIA:20210915T085826Z:bc6baa97-f7f7-4761-bb72-3047ce2cd217"
      },
      "ResponseBody": {
        "sku": {
          "name": "Standard",
          "tier": "Standard",
          "capacity": 1
        },
        "id": "/subscriptions/db1ab6f0-4769-4b27-930e-01e2ef9c123c/resourceGroups/testeventhubRG-8010/providers/Microsoft.EventHub/namespaces/testnamespacemgmt7165",
        "name": "testnamespacemgmt7165",
        "type": "Microsoft.EventHub/Namespaces",
        "location": "East US 2",
        "tags": {},
        "properties": {
          "zoneRedundant": false,
          "isAutoInflateEnabled": false,
          "maximumThroughputUnits": 0,
          "kafkaEnabled": true,
          "provisioningState": "Created",
          "metricId": "db1ab6f0-4769-4b27-930e-01e2ef9c123c:testnamespacemgmt7165",
          "createdAt": "2021-09-15T08:58:08.843Z",
          "updatedAt": "2021-09-15T08:58:08.843Z",
          "serviceBusEndpoint": "https://testnamespacemgmt7165.servicebus.windows.net:443/",
          "status": "Activating"
        }
      }
    },
    {
      "RequestUri": "https://management.azure.com/subscriptions/db1ab6f0-4769-4b27-930e-01e2ef9c123c/resourceGroups/testeventhubRG-8010/providers/Microsoft.EventHub/namespaces/testnamespacemgmt7165?api-version=2018-01-01-preview",
      "RequestMethod": "GET",
      "RequestHeaders": {
        "Authorization": "Sanitized",
        "User-Agent": "azsdk-net-ResourceManager/1.0.0-beta.3 (.NET Framework 4.8.4300.0; Microsoft Windows 10.0.19043 )",
        "x-ms-client-request-id": "bb1a8f0c396258352ce9df8ab2a86cae",
        "x-ms-return-client-request-id": "true"
      },
      "RequestBody": null,
      "StatusCode": 200,
      "ResponseHeaders": {
        "Cache-Control": "no-cache",
        "Content-Length": "713",
        "Content-Type": "application/json; charset=utf-8",
        "Date": "Wed, 15 Sep 2021 08:58:28 GMT",
        "Expires": "-1",
        "Pragma": "no-cache",
        "Server": [
          "Service-Bus-Resource-Provider/CH3",
          "Microsoft-HTTPAPI/2.0"
        ],
        "Server-SB": "Service-Bus-Resource-Provider/CH3",
        "Strict-Transport-Security": "max-age=31536000; includeSubDomains",
        "X-Content-Type-Options": "nosniff",
        "x-ms-client-request-id": "bb1a8f0c396258352ce9df8ab2a86cae",
        "x-ms-correlation-request-id": "0ce9f065-4e8a-4701-99cb-17da2c460aab",
        "x-ms-ratelimit-remaining-subscription-reads": "11890",
        "x-ms-request-id": "c77e9b7b-b6a6-46ae-a6a7-a95e44168959_M0CH3_M0CH3",
        "x-ms-routing-request-id": "SOUTHEASTASIA:20210915T085828Z:0ce9f065-4e8a-4701-99cb-17da2c460aab"
      },
      "ResponseBody": {
        "sku": {
          "name": "Standard",
          "tier": "Standard",
          "capacity": 1
        },
        "id": "/subscriptions/db1ab6f0-4769-4b27-930e-01e2ef9c123c/resourceGroups/testeventhubRG-8010/providers/Microsoft.EventHub/namespaces/testnamespacemgmt7165",
        "name": "testnamespacemgmt7165",
        "type": "Microsoft.EventHub/Namespaces",
        "location": "East US 2",
        "tags": {},
        "properties": {
          "zoneRedundant": false,
          "isAutoInflateEnabled": false,
          "maximumThroughputUnits": 0,
          "kafkaEnabled": true,
          "provisioningState": "Created",
          "metricId": "db1ab6f0-4769-4b27-930e-01e2ef9c123c:testnamespacemgmt7165",
          "createdAt": "2021-09-15T08:58:08.843Z",
          "updatedAt": "2021-09-15T08:58:08.843Z",
          "serviceBusEndpoint": "https://testnamespacemgmt7165.servicebus.windows.net:443/",
          "status": "Activating"
        }
      }
    },
    {
      "RequestUri": "https://management.azure.com/subscriptions/db1ab6f0-4769-4b27-930e-01e2ef9c123c/resourceGroups/testeventhubRG-8010/providers/Microsoft.EventHub/namespaces/testnamespacemgmt7165?api-version=2018-01-01-preview",
      "RequestMethod": "GET",
      "RequestHeaders": {
        "Authorization": "Sanitized",
        "User-Agent": "azsdk-net-ResourceManager/1.0.0-beta.3 (.NET Framework 4.8.4300.0; Microsoft Windows 10.0.19043 )",
        "x-ms-client-request-id": "fb76f96be54882389635cd0a427f30bc",
        "x-ms-return-client-request-id": "true"
      },
      "RequestBody": null,
      "StatusCode": 200,
      "ResponseHeaders": {
        "Cache-Control": "no-cache",
        "Content-Length": "713",
        "Content-Type": "application/json; charset=utf-8",
        "Date": "Wed, 15 Sep 2021 08:58:30 GMT",
        "Expires": "-1",
        "Pragma": "no-cache",
        "Server": [
          "Service-Bus-Resource-Provider/CH3",
          "Microsoft-HTTPAPI/2.0"
        ],
        "Server-SB": "Service-Bus-Resource-Provider/CH3",
        "Strict-Transport-Security": "max-age=31536000; includeSubDomains",
        "X-Content-Type-Options": "nosniff",
        "x-ms-client-request-id": "fb76f96be54882389635cd0a427f30bc",
        "x-ms-correlation-request-id": "b5e09c33-e3df-4899-93c0-53e09708291c",
        "x-ms-ratelimit-remaining-subscription-reads": "11889",
        "x-ms-request-id": "6d54fc05-ba91-4d0b-82d4-28688e6d7a87_M0CH3_M0CH3",
        "x-ms-routing-request-id": "SOUTHEASTASIA:20210915T085831Z:b5e09c33-e3df-4899-93c0-53e09708291c"
      },
      "ResponseBody": {
        "sku": {
          "name": "Standard",
          "tier": "Standard",
          "capacity": 1
        },
        "id": "/subscriptions/db1ab6f0-4769-4b27-930e-01e2ef9c123c/resourceGroups/testeventhubRG-8010/providers/Microsoft.EventHub/namespaces/testnamespacemgmt7165",
        "name": "testnamespacemgmt7165",
        "type": "Microsoft.EventHub/Namespaces",
        "location": "East US 2",
        "tags": {},
        "properties": {
          "zoneRedundant": false,
          "isAutoInflateEnabled": false,
          "maximumThroughputUnits": 0,
          "kafkaEnabled": true,
          "provisioningState": "Created",
          "metricId": "db1ab6f0-4769-4b27-930e-01e2ef9c123c:testnamespacemgmt7165",
          "createdAt": "2021-09-15T08:58:08.843Z",
          "updatedAt": "2021-09-15T08:58:08.843Z",
          "serviceBusEndpoint": "https://testnamespacemgmt7165.servicebus.windows.net:443/",
          "status": "Activating"
        }
      }
    },
    {
      "RequestUri": "https://management.azure.com/subscriptions/db1ab6f0-4769-4b27-930e-01e2ef9c123c/resourceGroups/testeventhubRG-8010/providers/Microsoft.EventHub/namespaces/testnamespacemgmt7165?api-version=2018-01-01-preview",
      "RequestMethod": "GET",
      "RequestHeaders": {
        "Authorization": "Sanitized",
        "User-Agent": "azsdk-net-ResourceManager/1.0.0-beta.3 (.NET Framework 4.8.4300.0; Microsoft Windows 10.0.19043 )",
        "x-ms-client-request-id": "7dba6eaebdc42c2b36dc4422a5554e2d",
        "x-ms-return-client-request-id": "true"
      },
      "RequestBody": null,
      "StatusCode": 200,
      "ResponseHeaders": {
        "Cache-Control": "no-cache",
        "Content-Length": "713",
        "Content-Type": "application/json; charset=utf-8",
        "Date": "Wed, 15 Sep 2021 08:58:33 GMT",
        "Expires": "-1",
        "Pragma": "no-cache",
        "Server": [
          "Service-Bus-Resource-Provider/CH3",
          "Microsoft-HTTPAPI/2.0"
        ],
        "Server-SB": "Service-Bus-Resource-Provider/CH3",
        "Strict-Transport-Security": "max-age=31536000; includeSubDomains",
        "X-Content-Type-Options": "nosniff",
        "x-ms-client-request-id": "7dba6eaebdc42c2b36dc4422a5554e2d",
        "x-ms-correlation-request-id": "3d465554-f2c9-4001-8ec2-92fb7fd8d482",
        "x-ms-ratelimit-remaining-subscription-reads": "11888",
        "x-ms-request-id": "c6f834ab-719d-4ba2-9526-96fa4bffc934_M8CH3_M8CH3",
        "x-ms-routing-request-id": "SOUTHEASTASIA:20210915T085833Z:3d465554-f2c9-4001-8ec2-92fb7fd8d482"
      },
      "ResponseBody": {
        "sku": {
          "name": "Standard",
          "tier": "Standard",
          "capacity": 1
        },
        "id": "/subscriptions/db1ab6f0-4769-4b27-930e-01e2ef9c123c/resourceGroups/testeventhubRG-8010/providers/Microsoft.EventHub/namespaces/testnamespacemgmt7165",
        "name": "testnamespacemgmt7165",
        "type": "Microsoft.EventHub/Namespaces",
        "location": "East US 2",
        "tags": {},
        "properties": {
          "zoneRedundant": false,
          "isAutoInflateEnabled": false,
          "maximumThroughputUnits": 0,
          "kafkaEnabled": true,
          "provisioningState": "Created",
          "metricId": "db1ab6f0-4769-4b27-930e-01e2ef9c123c:testnamespacemgmt7165",
          "createdAt": "2021-09-15T08:58:08.843Z",
          "updatedAt": "2021-09-15T08:58:08.843Z",
          "serviceBusEndpoint": "https://testnamespacemgmt7165.servicebus.windows.net:443/",
          "status": "Activating"
        }
      }
    },
    {
      "RequestUri": "https://management.azure.com/subscriptions/db1ab6f0-4769-4b27-930e-01e2ef9c123c/resourceGroups/testeventhubRG-8010/providers/Microsoft.EventHub/namespaces/testnamespacemgmt7165?api-version=2018-01-01-preview",
      "RequestMethod": "GET",
      "RequestHeaders": {
        "Authorization": "Sanitized",
        "User-Agent": "azsdk-net-ResourceManager/1.0.0-beta.3 (.NET Framework 4.8.4300.0; Microsoft Windows 10.0.19043 )",
        "x-ms-client-request-id": "964cebc267d627ad5697252d6b2b16ad",
        "x-ms-return-client-request-id": "true"
      },
      "RequestBody": null,
      "StatusCode": 200,
      "ResponseHeaders": {
        "Cache-Control": "no-cache",
        "Content-Length": "713",
        "Content-Type": "application/json; charset=utf-8",
        "Date": "Wed, 15 Sep 2021 08:58:35 GMT",
        "Expires": "-1",
        "Pragma": "no-cache",
        "Server": [
          "Service-Bus-Resource-Provider/CH3",
          "Microsoft-HTTPAPI/2.0"
        ],
        "Server-SB": "Service-Bus-Resource-Provider/CH3",
        "Strict-Transport-Security": "max-age=31536000; includeSubDomains",
        "X-Content-Type-Options": "nosniff",
        "x-ms-client-request-id": "964cebc267d627ad5697252d6b2b16ad",
        "x-ms-correlation-request-id": "1cdc3ccc-f30d-4ed8-8bcc-238799f87d97",
        "x-ms-ratelimit-remaining-subscription-reads": "11887",
        "x-ms-request-id": "e85d5e53-c08c-49c7-8a5a-80d6a03f0057_M5CH3_M5CH3",
        "x-ms-routing-request-id": "SOUTHEASTASIA:20210915T085835Z:1cdc3ccc-f30d-4ed8-8bcc-238799f87d97"
      },
      "ResponseBody": {
        "sku": {
          "name": "Standard",
          "tier": "Standard",
          "capacity": 1
        },
        "id": "/subscriptions/db1ab6f0-4769-4b27-930e-01e2ef9c123c/resourceGroups/testeventhubRG-8010/providers/Microsoft.EventHub/namespaces/testnamespacemgmt7165",
        "name": "testnamespacemgmt7165",
        "type": "Microsoft.EventHub/Namespaces",
        "location": "East US 2",
        "tags": {},
        "properties": {
          "zoneRedundant": false,
          "isAutoInflateEnabled": false,
          "maximumThroughputUnits": 0,
          "kafkaEnabled": true,
          "provisioningState": "Created",
          "metricId": "db1ab6f0-4769-4b27-930e-01e2ef9c123c:testnamespacemgmt7165",
          "createdAt": "2021-09-15T08:58:08.843Z",
          "updatedAt": "2021-09-15T08:58:08.843Z",
          "serviceBusEndpoint": "https://testnamespacemgmt7165.servicebus.windows.net:443/",
          "status": "Activating"
        }
      }
    },
    {
      "RequestUri": "https://management.azure.com/subscriptions/db1ab6f0-4769-4b27-930e-01e2ef9c123c/resourceGroups/testeventhubRG-8010/providers/Microsoft.EventHub/namespaces/testnamespacemgmt7165?api-version=2018-01-01-preview",
      "RequestMethod": "GET",
      "RequestHeaders": {
        "Authorization": "Sanitized",
        "User-Agent": "azsdk-net-ResourceManager/1.0.0-beta.3 (.NET Framework 4.8.4300.0; Microsoft Windows 10.0.19043 )",
        "x-ms-client-request-id": "43dc23b9eeeeadeace4ac56ca015dd41",
        "x-ms-return-client-request-id": "true"
      },
      "RequestBody": null,
      "StatusCode": 200,
      "ResponseHeaders": {
        "Cache-Control": "no-cache",
        "Content-Length": "713",
        "Content-Type": "application/json; charset=utf-8",
        "Date": "Wed, 15 Sep 2021 08:58:38 GMT",
        "Expires": "-1",
        "Pragma": "no-cache",
        "Server": [
          "Service-Bus-Resource-Provider/CH3",
          "Microsoft-HTTPAPI/2.0"
        ],
        "Server-SB": "Service-Bus-Resource-Provider/CH3",
        "Strict-Transport-Security": "max-age=31536000; includeSubDomains",
        "X-Content-Type-Options": "nosniff",
        "x-ms-client-request-id": "43dc23b9eeeeadeace4ac56ca015dd41",
        "x-ms-correlation-request-id": "91f28166-1c0b-41c6-976d-e2c204f20de1",
        "x-ms-ratelimit-remaining-subscription-reads": "11886",
        "x-ms-request-id": "a8267cfe-11de-4023-b512-4197d2caa237_M3CH3_M3CH3",
        "x-ms-routing-request-id": "SOUTHEASTASIA:20210915T085838Z:91f28166-1c0b-41c6-976d-e2c204f20de1"
      },
      "ResponseBody": {
        "sku": {
          "name": "Standard",
          "tier": "Standard",
          "capacity": 1
        },
        "id": "/subscriptions/db1ab6f0-4769-4b27-930e-01e2ef9c123c/resourceGroups/testeventhubRG-8010/providers/Microsoft.EventHub/namespaces/testnamespacemgmt7165",
        "name": "testnamespacemgmt7165",
        "type": "Microsoft.EventHub/Namespaces",
        "location": "East US 2",
        "tags": {},
        "properties": {
          "zoneRedundant": false,
          "isAutoInflateEnabled": false,
          "maximumThroughputUnits": 0,
          "kafkaEnabled": true,
          "provisioningState": "Created",
          "metricId": "db1ab6f0-4769-4b27-930e-01e2ef9c123c:testnamespacemgmt7165",
          "createdAt": "2021-09-15T08:58:08.843Z",
          "updatedAt": "2021-09-15T08:58:08.843Z",
          "serviceBusEndpoint": "https://testnamespacemgmt7165.servicebus.windows.net:443/",
          "status": "Activating"
        }
      }
    },
    {
      "RequestUri": "https://management.azure.com/subscriptions/db1ab6f0-4769-4b27-930e-01e2ef9c123c/resourceGroups/testeventhubRG-8010/providers/Microsoft.EventHub/namespaces/testnamespacemgmt7165?api-version=2018-01-01-preview",
      "RequestMethod": "GET",
      "RequestHeaders": {
        "Authorization": "Sanitized",
        "User-Agent": "azsdk-net-ResourceManager/1.0.0-beta.3 (.NET Framework 4.8.4300.0; Microsoft Windows 10.0.19043 )",
        "x-ms-client-request-id": "5647a0e69a3247e6c193262c98fec00b",
        "x-ms-return-client-request-id": "true"
      },
      "RequestBody": null,
      "StatusCode": 200,
      "ResponseHeaders": {
        "Cache-Control": "no-cache",
        "Content-Length": "713",
        "Content-Type": "application/json; charset=utf-8",
        "Date": "Wed, 15 Sep 2021 08:58:40 GMT",
        "Expires": "-1",
        "Pragma": "no-cache",
        "Server": [
          "Service-Bus-Resource-Provider/CH3",
          "Microsoft-HTTPAPI/2.0"
        ],
        "Server-SB": "Service-Bus-Resource-Provider/CH3",
        "Strict-Transport-Security": "max-age=31536000; includeSubDomains",
        "X-Content-Type-Options": "nosniff",
        "x-ms-client-request-id": "5647a0e69a3247e6c193262c98fec00b",
        "x-ms-correlation-request-id": "ffca89ed-c350-4012-a7d6-c844faebaf15",
        "x-ms-ratelimit-remaining-subscription-reads": "11885",
        "x-ms-request-id": "d9ee3b95-96bf-4294-a47e-3f6436779940_M6CH3_M6CH3",
        "x-ms-routing-request-id": "SOUTHEASTASIA:20210915T085840Z:ffca89ed-c350-4012-a7d6-c844faebaf15"
      },
      "ResponseBody": {
        "sku": {
          "name": "Standard",
          "tier": "Standard",
          "capacity": 1
        },
        "id": "/subscriptions/db1ab6f0-4769-4b27-930e-01e2ef9c123c/resourceGroups/testeventhubRG-8010/providers/Microsoft.EventHub/namespaces/testnamespacemgmt7165",
        "name": "testnamespacemgmt7165",
        "type": "Microsoft.EventHub/Namespaces",
        "location": "East US 2",
        "tags": {},
        "properties": {
          "zoneRedundant": false,
          "isAutoInflateEnabled": false,
          "maximumThroughputUnits": 0,
          "kafkaEnabled": true,
          "provisioningState": "Created",
          "metricId": "db1ab6f0-4769-4b27-930e-01e2ef9c123c:testnamespacemgmt7165",
          "createdAt": "2021-09-15T08:58:08.843Z",
          "updatedAt": "2021-09-15T08:58:08.843Z",
          "serviceBusEndpoint": "https://testnamespacemgmt7165.servicebus.windows.net:443/",
          "status": "Activating"
        }
      }
    },
    {
      "RequestUri": "https://management.azure.com/subscriptions/db1ab6f0-4769-4b27-930e-01e2ef9c123c/resourceGroups/testeventhubRG-8010/providers/Microsoft.EventHub/namespaces/testnamespacemgmt7165?api-version=2018-01-01-preview",
      "RequestMethod": "GET",
      "RequestHeaders": {
        "Authorization": "Sanitized",
        "User-Agent": "azsdk-net-ResourceManager/1.0.0-beta.3 (.NET Framework 4.8.4300.0; Microsoft Windows 10.0.19043 )",
        "x-ms-client-request-id": "816997c60b79d43f019fc88ba1418641",
        "x-ms-return-client-request-id": "true"
      },
      "RequestBody": null,
      "StatusCode": 200,
      "ResponseHeaders": {
        "Cache-Control": "no-cache",
        "Content-Length": "713",
        "Content-Type": "application/json; charset=utf-8",
        "Date": "Wed, 15 Sep 2021 08:58:42 GMT",
        "Expires": "-1",
        "Pragma": "no-cache",
        "Server": [
          "Service-Bus-Resource-Provider/CH3",
          "Microsoft-HTTPAPI/2.0"
        ],
        "Server-SB": "Service-Bus-Resource-Provider/CH3",
        "Strict-Transport-Security": "max-age=31536000; includeSubDomains",
        "X-Content-Type-Options": "nosniff",
        "x-ms-client-request-id": "816997c60b79d43f019fc88ba1418641",
        "x-ms-correlation-request-id": "9c45014f-1826-46c4-94e6-b2a1101129a8",
        "x-ms-ratelimit-remaining-subscription-reads": "11884",
        "x-ms-request-id": "f4180289-a3df-47a3-adb6-4c6f5b7bc4e7_M10CH3_M10CH3",
        "x-ms-routing-request-id": "SOUTHEASTASIA:20210915T085842Z:9c45014f-1826-46c4-94e6-b2a1101129a8"
      },
      "ResponseBody": {
        "sku": {
          "name": "Standard",
          "tier": "Standard",
          "capacity": 1
        },
        "id": "/subscriptions/db1ab6f0-4769-4b27-930e-01e2ef9c123c/resourceGroups/testeventhubRG-8010/providers/Microsoft.EventHub/namespaces/testnamespacemgmt7165",
        "name": "testnamespacemgmt7165",
        "type": "Microsoft.EventHub/Namespaces",
        "location": "East US 2",
        "tags": {},
        "properties": {
          "zoneRedundant": false,
          "isAutoInflateEnabled": false,
          "maximumThroughputUnits": 0,
          "kafkaEnabled": true,
          "provisioningState": "Created",
          "metricId": "db1ab6f0-4769-4b27-930e-01e2ef9c123c:testnamespacemgmt7165",
          "createdAt": "2021-09-15T08:58:08.843Z",
          "updatedAt": "2021-09-15T08:58:08.843Z",
          "serviceBusEndpoint": "https://testnamespacemgmt7165.servicebus.windows.net:443/",
          "status": "Activating"
        }
      }
    },
    {
      "RequestUri": "https://management.azure.com/subscriptions/db1ab6f0-4769-4b27-930e-01e2ef9c123c/resourceGroups/testeventhubRG-8010/providers/Microsoft.EventHub/namespaces/testnamespacemgmt7165?api-version=2018-01-01-preview",
      "RequestMethod": "GET",
      "RequestHeaders": {
        "Authorization": "Sanitized",
        "User-Agent": "azsdk-net-ResourceManager/1.0.0-beta.3 (.NET Framework 4.8.4300.0; Microsoft Windows 10.0.19043 )",
        "x-ms-client-request-id": "cb46e4babfe31e7b3c94825ac7bd14cf",
        "x-ms-return-client-request-id": "true"
      },
      "RequestBody": null,
      "StatusCode": 200,
      "ResponseHeaders": {
        "Cache-Control": "no-cache",
        "Content-Length": "713",
        "Content-Type": "application/json; charset=utf-8",
        "Date": "Wed, 15 Sep 2021 08:58:44 GMT",
        "Expires": "-1",
        "Pragma": "no-cache",
        "Server": [
          "Service-Bus-Resource-Provider/CH3",
          "Microsoft-HTTPAPI/2.0"
        ],
        "Server-SB": "Service-Bus-Resource-Provider/CH3",
        "Strict-Transport-Security": "max-age=31536000; includeSubDomains",
        "X-Content-Type-Options": "nosniff",
        "x-ms-client-request-id": "cb46e4babfe31e7b3c94825ac7bd14cf",
        "x-ms-correlation-request-id": "a95a2604-3bcb-42ad-b4dd-fd999a6ad550",
        "x-ms-ratelimit-remaining-subscription-reads": "11883",
        "x-ms-request-id": "2b56f27f-86fa-4887-94ac-7878f9f31bca_M10CH3_M10CH3",
        "x-ms-routing-request-id": "SOUTHEASTASIA:20210915T085845Z:a95a2604-3bcb-42ad-b4dd-fd999a6ad550"
      },
      "ResponseBody": {
        "sku": {
          "name": "Standard",
          "tier": "Standard",
          "capacity": 1
        },
        "id": "/subscriptions/db1ab6f0-4769-4b27-930e-01e2ef9c123c/resourceGroups/testeventhubRG-8010/providers/Microsoft.EventHub/namespaces/testnamespacemgmt7165",
        "name": "testnamespacemgmt7165",
        "type": "Microsoft.EventHub/Namespaces",
        "location": "East US 2",
        "tags": {},
        "properties": {
          "zoneRedundant": false,
          "isAutoInflateEnabled": false,
          "maximumThroughputUnits": 0,
          "kafkaEnabled": true,
          "provisioningState": "Created",
          "metricId": "db1ab6f0-4769-4b27-930e-01e2ef9c123c:testnamespacemgmt7165",
          "createdAt": "2021-09-15T08:58:08.843Z",
          "updatedAt": "2021-09-15T08:58:08.843Z",
          "serviceBusEndpoint": "https://testnamespacemgmt7165.servicebus.windows.net:443/",
          "status": "Activating"
        }
      }
    },
    {
      "RequestUri": "https://management.azure.com/subscriptions/db1ab6f0-4769-4b27-930e-01e2ef9c123c/resourceGroups/testeventhubRG-8010/providers/Microsoft.EventHub/namespaces/testnamespacemgmt7165?api-version=2018-01-01-preview",
      "RequestMethod": "GET",
      "RequestHeaders": {
        "Authorization": "Sanitized",
        "User-Agent": "azsdk-net-ResourceManager/1.0.0-beta.3 (.NET Framework 4.8.4300.0; Microsoft Windows 10.0.19043 )",
        "x-ms-client-request-id": "09a6b98a5babdbc861735593d25ba57f",
        "x-ms-return-client-request-id": "true"
      },
      "RequestBody": null,
      "StatusCode": 200,
      "ResponseHeaders": {
        "Cache-Control": "no-cache",
        "Content-Length": "713",
        "Content-Type": "application/json; charset=utf-8",
        "Date": "Wed, 15 Sep 2021 08:58:47 GMT",
        "Expires": "-1",
        "Pragma": "no-cache",
        "Server": [
          "Service-Bus-Resource-Provider/CH3",
          "Microsoft-HTTPAPI/2.0"
        ],
        "Server-SB": "Service-Bus-Resource-Provider/CH3",
        "Strict-Transport-Security": "max-age=31536000; includeSubDomains",
        "X-Content-Type-Options": "nosniff",
        "x-ms-client-request-id": "09a6b98a5babdbc861735593d25ba57f",
        "x-ms-correlation-request-id": "178b3026-cf38-46ed-bb46-0cb3bef229ab",
        "x-ms-ratelimit-remaining-subscription-reads": "11882",
        "x-ms-request-id": "e253cc80-4d41-4067-b6fc-a4e07cbad2f2_M3CH3_M3CH3",
        "x-ms-routing-request-id": "SOUTHEASTASIA:20210915T085847Z:178b3026-cf38-46ed-bb46-0cb3bef229ab"
      },
      "ResponseBody": {
        "sku": {
          "name": "Standard",
          "tier": "Standard",
          "capacity": 1
        },
        "id": "/subscriptions/db1ab6f0-4769-4b27-930e-01e2ef9c123c/resourceGroups/testeventhubRG-8010/providers/Microsoft.EventHub/namespaces/testnamespacemgmt7165",
        "name": "testnamespacemgmt7165",
        "type": "Microsoft.EventHub/Namespaces",
        "location": "East US 2",
        "tags": {},
        "properties": {
          "zoneRedundant": false,
          "isAutoInflateEnabled": false,
          "maximumThroughputUnits": 0,
          "kafkaEnabled": true,
          "provisioningState": "Created",
          "metricId": "db1ab6f0-4769-4b27-930e-01e2ef9c123c:testnamespacemgmt7165",
          "createdAt": "2021-09-15T08:58:08.843Z",
          "updatedAt": "2021-09-15T08:58:08.843Z",
          "serviceBusEndpoint": "https://testnamespacemgmt7165.servicebus.windows.net:443/",
          "status": "Activating"
        }
      }
    },
    {
      "RequestUri": "https://management.azure.com/subscriptions/db1ab6f0-4769-4b27-930e-01e2ef9c123c/resourceGroups/testeventhubRG-8010/providers/Microsoft.EventHub/namespaces/testnamespacemgmt7165?api-version=2018-01-01-preview",
      "RequestMethod": "GET",
      "RequestHeaders": {
        "Authorization": "Sanitized",
        "User-Agent": "azsdk-net-ResourceManager/1.0.0-beta.3 (.NET Framework 4.8.4300.0; Microsoft Windows 10.0.19043 )",
        "x-ms-client-request-id": "b472e50cf5b706271c4a45e488e40d44",
        "x-ms-return-client-request-id": "true"
      },
      "RequestBody": null,
      "StatusCode": 200,
      "ResponseHeaders": {
        "Cache-Control": "no-cache",
        "Content-Length": "713",
        "Content-Type": "application/json; charset=utf-8",
        "Date": "Wed, 15 Sep 2021 08:58:49 GMT",
        "Expires": "-1",
        "Pragma": "no-cache",
        "Server": [
          "Service-Bus-Resource-Provider/CH3",
          "Microsoft-HTTPAPI/2.0"
        ],
        "Server-SB": "Service-Bus-Resource-Provider/CH3",
        "Strict-Transport-Security": "max-age=31536000; includeSubDomains",
        "X-Content-Type-Options": "nosniff",
        "x-ms-client-request-id": "b472e50cf5b706271c4a45e488e40d44",
        "x-ms-correlation-request-id": "4d8c2c76-92c7-4d97-882f-8eb6ef310c29",
        "x-ms-ratelimit-remaining-subscription-reads": "11881",
        "x-ms-request-id": "7c9db9fc-595f-48cf-a726-3de24e60e4e0_M6CH3_M6CH3",
        "x-ms-routing-request-id": "SOUTHEASTASIA:20210915T085850Z:4d8c2c76-92c7-4d97-882f-8eb6ef310c29"
      },
      "ResponseBody": {
        "sku": {
          "name": "Standard",
          "tier": "Standard",
          "capacity": 1
        },
        "id": "/subscriptions/db1ab6f0-4769-4b27-930e-01e2ef9c123c/resourceGroups/testeventhubRG-8010/providers/Microsoft.EventHub/namespaces/testnamespacemgmt7165",
        "name": "testnamespacemgmt7165",
        "type": "Microsoft.EventHub/Namespaces",
        "location": "East US 2",
        "tags": {},
        "properties": {
          "zoneRedundant": false,
          "isAutoInflateEnabled": false,
          "maximumThroughputUnits": 0,
          "kafkaEnabled": true,
          "provisioningState": "Created",
          "metricId": "db1ab6f0-4769-4b27-930e-01e2ef9c123c:testnamespacemgmt7165",
          "createdAt": "2021-09-15T08:58:08.843Z",
          "updatedAt": "2021-09-15T08:58:08.843Z",
          "serviceBusEndpoint": "https://testnamespacemgmt7165.servicebus.windows.net:443/",
          "status": "Activating"
        }
      }
    },
    {
      "RequestUri": "https://management.azure.com/subscriptions/db1ab6f0-4769-4b27-930e-01e2ef9c123c/resourceGroups/testeventhubRG-8010/providers/Microsoft.EventHub/namespaces/testnamespacemgmt7165?api-version=2018-01-01-preview",
      "RequestMethod": "GET",
      "RequestHeaders": {
        "Authorization": "Sanitized",
        "User-Agent": "azsdk-net-ResourceManager/1.0.0-beta.3 (.NET Framework 4.8.4300.0; Microsoft Windows 10.0.19043 )",
        "x-ms-client-request-id": "e801f88a7d9b5f951c6b69706ae74ce1",
        "x-ms-return-client-request-id": "true"
      },
      "RequestBody": null,
      "StatusCode": 200,
      "ResponseHeaders": {
        "Cache-Control": "no-cache",
        "Content-Length": "713",
        "Content-Type": "application/json; charset=utf-8",
        "Date": "Wed, 15 Sep 2021 08:58:52 GMT",
        "Expires": "-1",
        "Pragma": "no-cache",
        "Server": [
          "Service-Bus-Resource-Provider/CH3",
          "Microsoft-HTTPAPI/2.0"
        ],
        "Server-SB": "Service-Bus-Resource-Provider/CH3",
        "Strict-Transport-Security": "max-age=31536000; includeSubDomains",
        "X-Content-Type-Options": "nosniff",
        "x-ms-client-request-id": "e801f88a7d9b5f951c6b69706ae74ce1",
        "x-ms-correlation-request-id": "6d3069a7-f9ff-4ef2-966c-25e5f5add500",
        "x-ms-ratelimit-remaining-subscription-reads": "11880",
        "x-ms-request-id": "ac889428-6daf-4e1a-adba-1b83cf1e6f6d_M10CH3_M10CH3",
        "x-ms-routing-request-id": "SOUTHEASTASIA:20210915T085852Z:6d3069a7-f9ff-4ef2-966c-25e5f5add500"
      },
      "ResponseBody": {
        "sku": {
          "name": "Standard",
          "tier": "Standard",
          "capacity": 1
        },
        "id": "/subscriptions/db1ab6f0-4769-4b27-930e-01e2ef9c123c/resourceGroups/testeventhubRG-8010/providers/Microsoft.EventHub/namespaces/testnamespacemgmt7165",
        "name": "testnamespacemgmt7165",
        "type": "Microsoft.EventHub/Namespaces",
        "location": "East US 2",
        "tags": {},
        "properties": {
          "zoneRedundant": false,
          "isAutoInflateEnabled": false,
          "maximumThroughputUnits": 0,
          "kafkaEnabled": true,
          "provisioningState": "Created",
          "metricId": "db1ab6f0-4769-4b27-930e-01e2ef9c123c:testnamespacemgmt7165",
          "createdAt": "2021-09-15T08:58:08.843Z",
          "updatedAt": "2021-09-15T08:58:08.843Z",
          "serviceBusEndpoint": "https://testnamespacemgmt7165.servicebus.windows.net:443/",
          "status": "Activating"
        }
      }
    },
    {
      "RequestUri": "https://management.azure.com/subscriptions/db1ab6f0-4769-4b27-930e-01e2ef9c123c/resourceGroups/testeventhubRG-8010/providers/Microsoft.EventHub/namespaces/testnamespacemgmt7165?api-version=2018-01-01-preview",
      "RequestMethod": "GET",
      "RequestHeaders": {
        "Authorization": "Sanitized",
        "User-Agent": "azsdk-net-ResourceManager/1.0.0-beta.3 (.NET Framework 4.8.4300.0; Microsoft Windows 10.0.19043 )",
        "x-ms-client-request-id": "e14e02ef604b9418929fec6016e3527c",
        "x-ms-return-client-request-id": "true"
      },
      "RequestBody": null,
      "StatusCode": 200,
      "ResponseHeaders": {
        "Cache-Control": "no-cache",
        "Content-Length": "713",
        "Content-Type": "application/json; charset=utf-8",
        "Date": "Wed, 15 Sep 2021 08:58:53 GMT",
        "Expires": "-1",
        "Pragma": "no-cache",
        "Server": [
          "Service-Bus-Resource-Provider/CH3",
          "Microsoft-HTTPAPI/2.0"
        ],
        "Server-SB": "Service-Bus-Resource-Provider/CH3",
        "Strict-Transport-Security": "max-age=31536000; includeSubDomains",
        "X-Content-Type-Options": "nosniff",
        "x-ms-client-request-id": "e14e02ef604b9418929fec6016e3527c",
        "x-ms-correlation-request-id": "533688db-11de-4b2e-bfe4-77fb8f1b88ab",
        "x-ms-ratelimit-remaining-subscription-reads": "11879",
        "x-ms-request-id": "9aeff73d-5699-4d5b-a5fa-9e4e49a5c5a7_M2CH3_M2CH3",
        "x-ms-routing-request-id": "SOUTHEASTASIA:20210915T085854Z:533688db-11de-4b2e-bfe4-77fb8f1b88ab"
      },
      "ResponseBody": {
        "sku": {
          "name": "Standard",
          "tier": "Standard",
          "capacity": 1
        },
        "id": "/subscriptions/db1ab6f0-4769-4b27-930e-01e2ef9c123c/resourceGroups/testeventhubRG-8010/providers/Microsoft.EventHub/namespaces/testnamespacemgmt7165",
        "name": "testnamespacemgmt7165",
        "type": "Microsoft.EventHub/Namespaces",
        "location": "East US 2",
        "tags": {},
        "properties": {
          "zoneRedundant": false,
          "isAutoInflateEnabled": false,
          "maximumThroughputUnits": 0,
          "kafkaEnabled": true,
          "provisioningState": "Created",
          "metricId": "db1ab6f0-4769-4b27-930e-01e2ef9c123c:testnamespacemgmt7165",
          "createdAt": "2021-09-15T08:58:08.843Z",
          "updatedAt": "2021-09-15T08:58:08.843Z",
          "serviceBusEndpoint": "https://testnamespacemgmt7165.servicebus.windows.net:443/",
          "status": "Activating"
        }
      }
    },
    {
      "RequestUri": "https://management.azure.com/subscriptions/db1ab6f0-4769-4b27-930e-01e2ef9c123c/resourceGroups/testeventhubRG-8010/providers/Microsoft.EventHub/namespaces/testnamespacemgmt7165?api-version=2018-01-01-preview",
      "RequestMethod": "GET",
      "RequestHeaders": {
        "Authorization": "Sanitized",
        "User-Agent": "azsdk-net-ResourceManager/1.0.0-beta.3 (.NET Framework 4.8.4300.0; Microsoft Windows 10.0.19043 )",
        "x-ms-client-request-id": "da091166bd598fe44f13984b8bb79c34",
        "x-ms-return-client-request-id": "true"
      },
      "RequestBody": null,
      "StatusCode": 200,
      "ResponseHeaders": {
        "Cache-Control": "no-cache",
        "Content-Length": "713",
        "Content-Type": "application/json; charset=utf-8",
        "Date": "Wed, 15 Sep 2021 08:58:55 GMT",
        "Expires": "-1",
        "Pragma": "no-cache",
        "Server": [
          "Service-Bus-Resource-Provider/CH3",
          "Microsoft-HTTPAPI/2.0"
        ],
        "Server-SB": "Service-Bus-Resource-Provider/CH3",
        "Strict-Transport-Security": "max-age=31536000; includeSubDomains",
        "X-Content-Type-Options": "nosniff",
        "x-ms-client-request-id": "da091166bd598fe44f13984b8bb79c34",
        "x-ms-correlation-request-id": "3696356f-36ab-43aa-b7eb-cbc4343e551d",
        "x-ms-ratelimit-remaining-subscription-reads": "11878",
        "x-ms-request-id": "15d92489-be65-4182-887c-f018512574bb_M10CH3_M10CH3",
        "x-ms-routing-request-id": "SOUTHEASTASIA:20210915T085856Z:3696356f-36ab-43aa-b7eb-cbc4343e551d"
      },
      "ResponseBody": {
        "sku": {
          "name": "Standard",
          "tier": "Standard",
          "capacity": 1
        },
        "id": "/subscriptions/db1ab6f0-4769-4b27-930e-01e2ef9c123c/resourceGroups/testeventhubRG-8010/providers/Microsoft.EventHub/namespaces/testnamespacemgmt7165",
        "name": "testnamespacemgmt7165",
        "type": "Microsoft.EventHub/Namespaces",
        "location": "East US 2",
        "tags": {},
        "properties": {
          "zoneRedundant": false,
          "isAutoInflateEnabled": false,
          "maximumThroughputUnits": 0,
          "kafkaEnabled": true,
          "provisioningState": "Created",
          "metricId": "db1ab6f0-4769-4b27-930e-01e2ef9c123c:testnamespacemgmt7165",
          "createdAt": "2021-09-15T08:58:08.843Z",
          "updatedAt": "2021-09-15T08:58:08.843Z",
          "serviceBusEndpoint": "https://testnamespacemgmt7165.servicebus.windows.net:443/",
          "status": "Activating"
        }
      }
    },
    {
      "RequestUri": "https://management.azure.com/subscriptions/db1ab6f0-4769-4b27-930e-01e2ef9c123c/resourceGroups/testeventhubRG-8010/providers/Microsoft.EventHub/namespaces/testnamespacemgmt7165?api-version=2018-01-01-preview",
      "RequestMethod": "GET",
      "RequestHeaders": {
        "Authorization": "Sanitized",
        "User-Agent": "azsdk-net-ResourceManager/1.0.0-beta.3 (.NET Framework 4.8.4300.0; Microsoft Windows 10.0.19043 )",
        "x-ms-client-request-id": "85f563fe2b9529f9df6c55fb90344838",
        "x-ms-return-client-request-id": "true"
      },
      "RequestBody": null,
      "StatusCode": 200,
      "ResponseHeaders": {
        "Cache-Control": "no-cache",
        "Content-Length": "713",
        "Content-Type": "application/json; charset=utf-8",
        "Date": "Wed, 15 Sep 2021 08:58:57 GMT",
        "Expires": "-1",
        "Pragma": "no-cache",
        "Server": [
          "Service-Bus-Resource-Provider/CH3",
          "Microsoft-HTTPAPI/2.0"
        ],
        "Server-SB": "Service-Bus-Resource-Provider/CH3",
        "Strict-Transport-Security": "max-age=31536000; includeSubDomains",
        "X-Content-Type-Options": "nosniff",
        "x-ms-client-request-id": "85f563fe2b9529f9df6c55fb90344838",
        "x-ms-correlation-request-id": "10c4820b-2d77-4eb0-befc-70dd702dc453",
        "x-ms-ratelimit-remaining-subscription-reads": "11877",
        "x-ms-request-id": "27cd32bc-3340-4f13-8d35-91bf491d1bd4_M7CH3_M7CH3",
        "x-ms-routing-request-id": "SOUTHEASTASIA:20210915T085857Z:10c4820b-2d77-4eb0-befc-70dd702dc453"
      },
      "ResponseBody": {
        "sku": {
          "name": "Standard",
          "tier": "Standard",
          "capacity": 1
        },
        "id": "/subscriptions/db1ab6f0-4769-4b27-930e-01e2ef9c123c/resourceGroups/testeventhubRG-8010/providers/Microsoft.EventHub/namespaces/testnamespacemgmt7165",
        "name": "testnamespacemgmt7165",
        "type": "Microsoft.EventHub/Namespaces",
        "location": "East US 2",
        "tags": {},
        "properties": {
          "zoneRedundant": false,
          "isAutoInflateEnabled": false,
          "maximumThroughputUnits": 0,
          "kafkaEnabled": true,
          "provisioningState": "Created",
          "metricId": "db1ab6f0-4769-4b27-930e-01e2ef9c123c:testnamespacemgmt7165",
          "createdAt": "2021-09-15T08:58:08.843Z",
          "updatedAt": "2021-09-15T08:58:08.843Z",
          "serviceBusEndpoint": "https://testnamespacemgmt7165.servicebus.windows.net:443/",
          "status": "Activating"
        }
      }
    },
    {
      "RequestUri": "https://management.azure.com/subscriptions/db1ab6f0-4769-4b27-930e-01e2ef9c123c/resourceGroups/testeventhubRG-8010/providers/Microsoft.EventHub/namespaces/testnamespacemgmt7165?api-version=2018-01-01-preview",
      "RequestMethod": "GET",
      "RequestHeaders": {
        "Authorization": "Sanitized",
        "User-Agent": "azsdk-net-ResourceManager/1.0.0-beta.3 (.NET Framework 4.8.4300.0; Microsoft Windows 10.0.19043 )",
        "x-ms-client-request-id": "590aec1872de31871dbf9137c7cc08db",
        "x-ms-return-client-request-id": "true"
      },
      "RequestBody": null,
      "StatusCode": 200,
      "ResponseHeaders": {
        "Cache-Control": "no-cache",
        "Content-Length": "713",
        "Content-Type": "application/json; charset=utf-8",
        "Date": "Wed, 15 Sep 2021 08:58:59 GMT",
        "Expires": "-1",
        "Pragma": "no-cache",
        "Server": [
          "Service-Bus-Resource-Provider/CH3",
          "Microsoft-HTTPAPI/2.0"
        ],
        "Server-SB": "Service-Bus-Resource-Provider/CH3",
        "Strict-Transport-Security": "max-age=31536000; includeSubDomains",
        "X-Content-Type-Options": "nosniff",
        "x-ms-client-request-id": "590aec1872de31871dbf9137c7cc08db",
        "x-ms-correlation-request-id": "bf083edd-af7d-473e-8cf4-4833f460d403",
        "x-ms-ratelimit-remaining-subscription-reads": "11876",
        "x-ms-request-id": "af46ba35-9db7-4ba7-9189-08e0dcbf435f_M0CH3_M0CH3",
        "x-ms-routing-request-id": "SOUTHEASTASIA:20210915T085859Z:bf083edd-af7d-473e-8cf4-4833f460d403"
      },
      "ResponseBody": {
        "sku": {
          "name": "Standard",
          "tier": "Standard",
          "capacity": 1
        },
        "id": "/subscriptions/db1ab6f0-4769-4b27-930e-01e2ef9c123c/resourceGroups/testeventhubRG-8010/providers/Microsoft.EventHub/namespaces/testnamespacemgmt7165",
        "name": "testnamespacemgmt7165",
        "type": "Microsoft.EventHub/Namespaces",
        "location": "East US 2",
        "tags": {},
        "properties": {
          "zoneRedundant": false,
          "isAutoInflateEnabled": false,
          "maximumThroughputUnits": 0,
          "kafkaEnabled": true,
          "provisioningState": "Created",
          "metricId": "db1ab6f0-4769-4b27-930e-01e2ef9c123c:testnamespacemgmt7165",
          "createdAt": "2021-09-15T08:58:08.843Z",
          "updatedAt": "2021-09-15T08:58:08.843Z",
          "serviceBusEndpoint": "https://testnamespacemgmt7165.servicebus.windows.net:443/",
          "status": "Activating"
        }
      }
    },
    {
      "RequestUri": "https://management.azure.com/subscriptions/db1ab6f0-4769-4b27-930e-01e2ef9c123c/resourceGroups/testeventhubRG-8010/providers/Microsoft.EventHub/namespaces/testnamespacemgmt7165?api-version=2018-01-01-preview",
      "RequestMethod": "GET",
      "RequestHeaders": {
        "Authorization": "Sanitized",
        "User-Agent": "azsdk-net-ResourceManager/1.0.0-beta.3 (.NET Framework 4.8.4300.0; Microsoft Windows 10.0.19043 )",
        "x-ms-client-request-id": "b262b802cdee3ae717dffaec67e9fe1b",
        "x-ms-return-client-request-id": "true"
      },
      "RequestBody": null,
      "StatusCode": 200,
      "ResponseHeaders": {
        "Cache-Control": "no-cache",
        "Content-Length": "713",
        "Content-Type": "application/json; charset=utf-8",
        "Date": "Wed, 15 Sep 2021 08:59:01 GMT",
        "Expires": "-1",
        "Pragma": "no-cache",
        "Server": [
          "Service-Bus-Resource-Provider/CH3",
          "Microsoft-HTTPAPI/2.0"
        ],
        "Server-SB": "Service-Bus-Resource-Provider/CH3",
        "Strict-Transport-Security": "max-age=31536000; includeSubDomains",
        "X-Content-Type-Options": "nosniff",
        "x-ms-client-request-id": "b262b802cdee3ae717dffaec67e9fe1b",
        "x-ms-correlation-request-id": "d9d84f72-6eac-42ba-8118-825569c56990",
        "x-ms-ratelimit-remaining-subscription-reads": "11875",
        "x-ms-request-id": "408afc8b-8738-44da-9db3-30a432c4874b_M9CH3_M9CH3",
        "x-ms-routing-request-id": "SOUTHEASTASIA:20210915T085902Z:d9d84f72-6eac-42ba-8118-825569c56990"
      },
      "ResponseBody": {
        "sku": {
          "name": "Standard",
          "tier": "Standard",
          "capacity": 1
        },
        "id": "/subscriptions/db1ab6f0-4769-4b27-930e-01e2ef9c123c/resourceGroups/testeventhubRG-8010/providers/Microsoft.EventHub/namespaces/testnamespacemgmt7165",
        "name": "testnamespacemgmt7165",
        "type": "Microsoft.EventHub/Namespaces",
        "location": "East US 2",
        "tags": {},
        "properties": {
          "zoneRedundant": false,
          "isAutoInflateEnabled": false,
          "maximumThroughputUnits": 0,
          "kafkaEnabled": true,
          "provisioningState": "Created",
          "metricId": "db1ab6f0-4769-4b27-930e-01e2ef9c123c:testnamespacemgmt7165",
          "createdAt": "2021-09-15T08:58:08.843Z",
          "updatedAt": "2021-09-15T08:58:08.843Z",
          "serviceBusEndpoint": "https://testnamespacemgmt7165.servicebus.windows.net:443/",
          "status": "Activating"
        }
      }
    },
    {
      "RequestUri": "https://management.azure.com/subscriptions/db1ab6f0-4769-4b27-930e-01e2ef9c123c/resourceGroups/testeventhubRG-8010/providers/Microsoft.EventHub/namespaces/testnamespacemgmt7165?api-version=2018-01-01-preview",
      "RequestMethod": "GET",
      "RequestHeaders": {
        "Authorization": "Sanitized",
        "User-Agent": "azsdk-net-ResourceManager/1.0.0-beta.3 (.NET Framework 4.8.4300.0; Microsoft Windows 10.0.19043 )",
        "x-ms-client-request-id": "9e3260ca43ad8b56dcc367d699c16212",
        "x-ms-return-client-request-id": "true"
      },
      "RequestBody": null,
      "StatusCode": 200,
      "ResponseHeaders": {
        "Cache-Control": "no-cache",
        "Content-Length": "711",
        "Content-Type": "application/json; charset=utf-8",
        "Date": "Wed, 15 Sep 2021 08:59:04 GMT",
        "Expires": "-1",
        "Pragma": "no-cache",
        "Server": [
          "Service-Bus-Resource-Provider/CH3",
          "Microsoft-HTTPAPI/2.0"
        ],
        "Server-SB": "Service-Bus-Resource-Provider/CH3",
        "Strict-Transport-Security": "max-age=31536000; includeSubDomains",
        "X-Content-Type-Options": "nosniff",
        "x-ms-client-request-id": "9e3260ca43ad8b56dcc367d699c16212",
        "x-ms-correlation-request-id": "83820625-2b86-4715-a7f7-f9a0279921a4",
        "x-ms-ratelimit-remaining-subscription-reads": "11874",
        "x-ms-request-id": "0cf2386c-9a0d-4712-b4dd-1c9bb3ea7d09_M3CH3_M3CH3",
        "x-ms-routing-request-id": "SOUTHEASTASIA:20210915T085904Z:83820625-2b86-4715-a7f7-f9a0279921a4"
      },
      "ResponseBody": {
        "sku": {
          "name": "Standard",
          "tier": "Standard",
          "capacity": 1
        },
        "id": "/subscriptions/db1ab6f0-4769-4b27-930e-01e2ef9c123c/resourceGroups/testeventhubRG-8010/providers/Microsoft.EventHub/namespaces/testnamespacemgmt7165",
        "name": "testnamespacemgmt7165",
        "type": "Microsoft.EventHub/Namespaces",
        "location": "East US 2",
        "tags": {},
        "properties": {
          "zoneRedundant": false,
          "isAutoInflateEnabled": false,
          "maximumThroughputUnits": 0,
          "kafkaEnabled": true,
          "provisioningState": "Succeeded",
          "metricId": "db1ab6f0-4769-4b27-930e-01e2ef9c123c:testnamespacemgmt7165",
          "createdAt": "2021-09-15T08:58:08.843Z",
          "updatedAt": "2021-09-15T08:59:02.207Z",
          "serviceBusEndpoint": "https://testnamespacemgmt7165.servicebus.windows.net:443/",
          "status": "Active"
        }
      }
    },
    {
      "RequestUri": "https://management.azure.com/subscriptions/db1ab6f0-4769-4b27-930e-01e2ef9c123c/resourceGroups/testeventhubRG-8010/providers/Microsoft.EventHub/namespaces/testnamespacemgmt7165/eventhubs/eventhub13074?api-version=2018-01-01-preview",
      "RequestMethod": "PUT",
      "RequestHeaders": {
        "Accept": "application/json",
        "Authorization": "Sanitized",
        "Content-Length": "17",
        "Content-Type": "application/json",
        "User-Agent": "azsdk-net-ResourceManager.EventHubs/1.0.0-alpha.20210915.1 (.NET Framework 4.8.4300.0; Microsoft Windows 10.0.19043 )",
        "x-ms-client-request-id": "96d2d8f94b4acf0541ff789aca34c076",
        "x-ms-return-client-request-id": "true"
      },
      "RequestBody": {
        "properties": {}
      },
      "StatusCode": 200,
      "ResponseHeaders": {
        "Cache-Control": "no-cache",
        "Content-Length": "465",
        "Content-Type": "application/json; charset=utf-8",
        "Date": "Wed, 15 Sep 2021 08:59:06 GMT",
        "Expires": "-1",
        "Pragma": "no-cache",
        "Server": [
          "Service-Bus-Resource-Provider/CH3",
          "Microsoft-HTTPAPI/2.0"
        ],
        "Server-SB": "Service-Bus-Resource-Provider/CH3",
        "Strict-Transport-Security": "max-age=31536000; includeSubDomains",
        "X-Content-Type-Options": "nosniff",
        "x-ms-client-request-id": "96d2d8f94b4acf0541ff789aca34c076",
        "x-ms-correlation-request-id": "d8e17e07-63cb-4aed-9f12-34115b613db4",
        "x-ms-ratelimit-remaining-subscription-writes": "1191",
        "x-ms-request-id": "31d7d9d8-1ac9-4779-b91b-89f0840948b7_M3CH3_M3CH3",
        "x-ms-routing-request-id": "SOUTHEASTASIA:20210915T085907Z:d8e17e07-63cb-4aed-9f12-34115b613db4"
      },
      "ResponseBody": {
        "id": "/subscriptions/db1ab6f0-4769-4b27-930e-01e2ef9c123c/resourceGroups/testeventhubRG-8010/providers/Microsoft.EventHub/namespaces/testnamespacemgmt7165/eventhubs/eventhub13074",
        "name": "eventhub13074",
        "type": "Microsoft.EventHub/Namespaces/EventHubs",
        "location": "East US 2",
        "properties": {
          "messageRetentionInDays": 7,
          "partitionCount": 4,
          "status": "Active",
          "createdAt": "2021-09-15T08:59:06.26Z",
          "updatedAt": "2021-09-15T08:59:06.463Z",
          "partitionIds": [
            "0",
            "1",
            "2",
            "3"
          ]
        }
      }
    },
    {
      "RequestUri": "https://management.azure.com/subscriptions/db1ab6f0-4769-4b27-930e-01e2ef9c123c/resourceGroups/testeventhubRG-8010/providers/Microsoft.EventHub/namespaces/testnamespacemgmt7165/eventhubs/eventhub23852?api-version=2018-01-01-preview",
      "RequestMethod": "PUT",
      "RequestHeaders": {
        "Accept": "application/json",
        "Authorization": "Sanitized",
        "Content-Length": "17",
        "Content-Type": "application/json",
        "User-Agent": "azsdk-net-ResourceManager.EventHubs/1.0.0-alpha.20210915.1 (.NET Framework 4.8.4300.0; Microsoft Windows 10.0.19043 )",
        "x-ms-client-request-id": "6999676dbf2ed662d52b6510a1567de7",
        "x-ms-return-client-request-id": "true"
      },
      "RequestBody": {
        "properties": {}
      },
      "StatusCode": 200,
      "ResponseHeaders": {
        "Cache-Control": "no-cache",
        "Content-Length": "465",
        "Content-Type": "application/json; charset=utf-8",
        "Date": "Wed, 15 Sep 2021 08:59:09 GMT",
        "Expires": "-1",
        "Pragma": "no-cache",
        "Server": [
          "Service-Bus-Resource-Provider/CH3",
          "Microsoft-HTTPAPI/2.0"
        ],
        "Server-SB": "Service-Bus-Resource-Provider/CH3",
        "Strict-Transport-Security": "max-age=31536000; includeSubDomains",
        "X-Content-Type-Options": "nosniff",
        "x-ms-client-request-id": "6999676dbf2ed662d52b6510a1567de7",
        "x-ms-correlation-request-id": "c6575ceb-8d66-495f-b020-df85fd03ae2c",
        "x-ms-ratelimit-remaining-subscription-writes": "1190",
        "x-ms-request-id": "75708b06-4e16-49de-8643-bb2f145fec84_M3CH3_M3CH3",
        "x-ms-routing-request-id": "SOUTHEASTASIA:20210915T085909Z:c6575ceb-8d66-495f-b020-df85fd03ae2c"
      },
      "ResponseBody": {
        "id": "/subscriptions/db1ab6f0-4769-4b27-930e-01e2ef9c123c/resourceGroups/testeventhubRG-8010/providers/Microsoft.EventHub/namespaces/testnamespacemgmt7165/eventhubs/eventhub23852",
        "name": "eventhub23852",
        "type": "Microsoft.EventHub/Namespaces/EventHubs",
        "location": "East US 2",
        "properties": {
          "messageRetentionInDays": 7,
          "partitionCount": 4,
          "status": "Active",
          "createdAt": "2021-09-15T08:59:08.467Z",
          "updatedAt": "2021-09-15T08:59:09.14Z",
          "partitionIds": [
            "0",
            "1",
            "2",
            "3"
          ]
        }
      }
    },
    {
      "RequestUri": "https://management.azure.com/subscriptions/db1ab6f0-4769-4b27-930e-01e2ef9c123c/resourceGroups/testeventhubRG-8010/providers/Microsoft.EventHub/namespaces/testnamespacemgmt7165/eventhubs?api-version=2018-01-01-preview",
      "RequestMethod": "GET",
      "RequestHeaders": {
        "Accept": "application/json",
        "Authorization": "Sanitized",
        "User-Agent": "azsdk-net-ResourceManager.EventHubs/1.0.0-alpha.20210915.1 (.NET Framework 4.8.4300.0; Microsoft Windows 10.0.19043 )",
        "x-ms-client-request-id": "26efed883348e71599dd02571341f832",
        "x-ms-return-client-request-id": "true"
      },
      "RequestBody": null,
      "StatusCode": 200,
      "ResponseHeaders": {
        "Cache-Control": "no-cache",
        "Content-Length": "939",
        "Content-Type": "application/json; charset=utf-8",
        "Date": "Wed, 15 Sep 2021 08:59:10 GMT",
        "Expires": "-1",
        "Pragma": "no-cache",
        "Server": [
          "Service-Bus-Resource-Provider/CH3",
          "Microsoft-HTTPAPI/2.0"
        ],
        "Server-SB": "Service-Bus-Resource-Provider/CH3",
        "Strict-Transport-Security": "max-age=31536000; includeSubDomains",
        "X-Content-Type-Options": "nosniff",
        "x-ms-client-request-id": "26efed883348e71599dd02571341f832",
        "x-ms-correlation-request-id": "14684ca6-6d63-4f0e-9c36-4074d6499d4f",
        "x-ms-inline-count": "",
        "x-ms-ratelimit-remaining-subscription-reads": "11873",
        "x-ms-request-id": "1c35cf7d-430d-47a9-a59b-f3dd6f93e0ea_M8CH3_M8CH3",
        "x-ms-routing-request-id": "SOUTHEASTASIA:20210915T085910Z:14684ca6-6d63-4f0e-9c36-4074d6499d4f"
      },
      "ResponseBody": {
        "value": [
          {
            "id": "/subscriptions/db1ab6f0-4769-4b27-930e-01e2ef9c123c/resourceGroups/testeventhubRG-8010/providers/Microsoft.EventHub/namespaces/testnamespacemgmt7165/eventhubs/eventhub13074",
            "name": "eventhub13074",
            "type": "Microsoft.EventHub/Namespaces/EventHubs",
            "location": "East US 2",
            "properties": {
              "messageRetentionInDays": 7,
              "partitionCount": 4,
              "status": "Active",
              "createdAt": "2021-09-15T08:59:06.26",
              "updatedAt": "2021-09-15T08:59:06.463",
              "partitionIds": [
                "0",
                "1",
                "2",
                "3"
              ]
            }
          },
          {
            "id": "/subscriptions/db1ab6f0-4769-4b27-930e-01e2ef9c123c/resourceGroups/testeventhubRG-8010/providers/Microsoft.EventHub/namespaces/testnamespacemgmt7165/eventhubs/eventhub23852",
            "name": "eventhub23852",
            "type": "Microsoft.EventHub/Namespaces/EventHubs",
            "location": "East US 2",
            "properties": {
              "messageRetentionInDays": 7,
              "partitionCount": 4,
              "status": "Active",
              "createdAt": "2021-09-15T08:59:08.467",
              "updatedAt": "2021-09-15T08:59:09.14",
              "partitionIds": [
                "0",
                "1",
                "2",
                "3"
              ]
            }
          }
        ]
      }
    },
    {
      "RequestUri": "https://management.azure.com/subscriptions/db1ab6f0-4769-4b27-930e-01e2ef9c123c/resourceGroups/testeventhubRG-8010/providers/Microsoft.EventHub/namespaces?api-version=2018-01-01-preview",
      "RequestMethod": "GET",
      "RequestHeaders": {
        "Accept": "application/json",
        "Authorization": "Sanitized",
        "User-Agent": "azsdk-net-ResourceManager.EventHubs/1.0.0-alpha.20210915.1 (.NET Framework 4.8.4300.0; Microsoft Windows 10.0.19043 )",
        "x-ms-client-request-id": "fa532315fa783a4c75fbc01ee5f42eea",
        "x-ms-return-client-request-id": "true"
      },
      "RequestBody": null,
      "StatusCode": 200,
      "ResponseHeaders": {
        "Cache-Control": "no-cache",
        "Content-Length": "723",
        "Content-Type": "application/json; charset=utf-8",
        "Date": "Wed, 15 Sep 2021 08:59:10 GMT",
        "Expires": "-1",
        "Pragma": "no-cache",
        "Server": [
          "Service-Bus-Resource-Provider/CH3",
          "Microsoft-HTTPAPI/2.0"
        ],
        "Server-SB": "Service-Bus-Resource-Provider/CH3",
        "Strict-Transport-Security": "max-age=31536000; includeSubDomains",
        "X-Content-Type-Options": "nosniff",
        "x-ms-client-request-id": "fa532315fa783a4c75fbc01ee5f42eea",
        "x-ms-correlation-request-id": "d0c4a546-2f08-41cf-bb08-598399e8f11c",
        "x-ms-ratelimit-remaining-subscription-reads": "11872",
        "x-ms-request-id": "80de2cc9-fc5c-4a8a-a54f-6ac93aa518f9_M8CH3_M8CH3",
        "x-ms-routing-request-id": "SOUTHEASTASIA:20210915T085910Z:d0c4a546-2f08-41cf-bb08-598399e8f11c"
      },
      "ResponseBody": {
        "value": [
          {
            "sku": {
              "name": "Standard",
              "tier": "Standard",
              "capacity": 1
            },
            "id": "/subscriptions/db1ab6f0-4769-4b27-930e-01e2ef9c123c/resourceGroups/testeventhubRG-8010/providers/Microsoft.EventHub/namespaces/testnamespacemgmt7165",
            "name": "testnamespacemgmt7165",
            "type": "Microsoft.EventHub/Namespaces",
            "location": "East US 2",
            "tags": {},
            "properties": {
              "zoneRedundant": false,
              "isAutoInflateEnabled": false,
              "maximumThroughputUnits": 0,
              "kafkaEnabled": true,
              "provisioningState": "Succeeded",
              "metricId": "db1ab6f0-4769-4b27-930e-01e2ef9c123c:testnamespacemgmt7165",
              "createdAt": "2021-09-15T08:58:08.843Z",
              "updatedAt": "2021-09-15T08:59:02.207Z",
              "serviceBusEndpoint": "https://testnamespacemgmt7165.servicebus.windows.net:443/",
              "status": "Active"
            }
          }
        ]
      }
    },
    {
      "RequestUri": "https://management.azure.com/subscriptions/db1ab6f0-4769-4b27-930e-01e2ef9c123c/resourceGroups/testeventhubRG-8010/providers/Microsoft.EventHub/namespaces/testnamespacemgmt7165?api-version=2018-01-01-preview",
      "RequestMethod": "DELETE",
      "RequestHeaders": {
        "Accept": "application/json",
        "Authorization": "Sanitized",
        "User-Agent": "azsdk-net-ResourceManager.EventHubs/1.0.0-alpha.20210915.1 (.NET Framework 4.8.4300.0; Microsoft Windows 10.0.19043 )",
        "x-ms-client-request-id": "dd1190819a44392e51b2d050bc0bc393",
        "x-ms-return-client-request-id": "true"
      },
      "RequestBody": null,
      "StatusCode": 202,
      "ResponseHeaders": {
        "Cache-Control": "no-cache",
        "Content-Length": "0",
        "Date": "Wed, 15 Sep 2021 08:59:12 GMT",
        "Expires": "-1",
        "Location": "https://management.azure.com/subscriptions/db1ab6f0-4769-4b27-930e-01e2ef9c123c/resourceGroups/testeventhubRG-8010/providers/Microsoft.EventHub/namespaces/testnamespacemgmt7165/operationresults/testnamespacemgmt7165?api-version=2018-01-01-preview",
        "Pragma": "no-cache",
        "Server": [
          "Service-Bus-Resource-Provider/CH3",
          "Microsoft-HTTPAPI/2.0"
        ],
        "Server-SB": "Service-Bus-Resource-Provider/CH3",
        "Strict-Transport-Security": "max-age=31536000; includeSubDomains",
        "X-Content-Type-Options": "nosniff",
        "x-ms-client-request-id": "dd1190819a44392e51b2d050bc0bc393",
        "x-ms-correlation-request-id": "0a5c1488-4784-448e-a405-18340cf75c64",
        "x-ms-ratelimit-remaining-subscription-deletes": "14992",
        "x-ms-request-id": "bba5b4d4-98d6-4420-b055-2809ed0876c5_M0CH3_M0CH3",
        "x-ms-routing-request-id": "SOUTHEASTASIA:20210915T085913Z:0a5c1488-4784-448e-a405-18340cf75c64"
      },
      "ResponseBody": []
    },
    {
      "RequestUri": "https://management.azure.com/subscriptions/db1ab6f0-4769-4b27-930e-01e2ef9c123c/resourceGroups/testeventhubRG-8010/providers/Microsoft.EventHub/namespaces/testnamespacemgmt7165/operationresults/testnamespacemgmt7165?api-version=2018-01-01-preview",
      "RequestMethod": "GET",
      "RequestHeaders": {
        "Authorization": "Sanitized",
        "User-Agent": "azsdk-net-ResourceManager/1.0.0-beta.3 (.NET Framework 4.8.4300.0; Microsoft Windows 10.0.19043 )",
        "x-ms-client-request-id": "82d517af1b2f7bedf51aa8c629fb7d6a",
        "x-ms-return-client-request-id": "true"
      },
      "RequestBody": null,
      "StatusCode": 202,
      "ResponseHeaders": {
        "Cache-Control": "no-cache",
        "Content-Length": "712",
        "Content-Type": "application/json; charset=utf-8",
        "Date": "Wed, 15 Sep 2021 08:59:13 GMT",
        "Expires": "-1",
        "Location": "https://management.azure.com/subscriptions/db1ab6f0-4769-4b27-930e-01e2ef9c123c/resourceGroups/testeventhubRG-8010/providers/Microsoft.EventHub/namespaces/testnamespacemgmt7165/operationresults/testnamespacemgmt7165?api-version=2018-01-01-preview",
        "Pragma": "no-cache",
        "Retry-After": "57",
        "Server": [
          "Service-Bus-Resource-Provider/CH3",
          "Microsoft-HTTPAPI/2.0"
        ],
        "Server-SB": "Service-Bus-Resource-Provider/CH3",
        "Strict-Transport-Security": "max-age=31536000; includeSubDomains",
        "X-Content-Type-Options": "nosniff",
        "x-ms-client-request-id": "82d517af1b2f7bedf51aa8c629fb7d6a",
        "x-ms-correlation-request-id": "64f4a105-05a3-4e2c-be05-a3da97e40b17",
        "x-ms-ratelimit-remaining-subscription-reads": "11871",
        "x-ms-request-id": "52fb477a-bc3c-43fb-a4af-5c4878a7f09d_M8CH3_M8CH3",
        "x-ms-routing-request-id": "SOUTHEASTASIA:20210915T085913Z:64f4a105-05a3-4e2c-be05-a3da97e40b17"
      },
      "ResponseBody": {
        "sku": {
          "name": "Standard",
          "tier": "Standard",
          "capacity": 1
        },
        "id": "/subscriptions/db1ab6f0-4769-4b27-930e-01e2ef9c123c/resourceGroups/testeventhubRG-8010/providers/Microsoft.EventHub/namespaces/testnamespacemgmt7165",
        "name": "testnamespacemgmt7165",
        "type": "Microsoft.EventHub/Namespaces",
        "location": "East US 2",
        "tags": {},
        "properties": {
          "zoneRedundant": false,
          "isAutoInflateEnabled": false,
          "maximumThroughputUnits": 0,
          "kafkaEnabled": true,
          "provisioningState": "Succeeded",
          "metricId": "db1ab6f0-4769-4b27-930e-01e2ef9c123c:testnamespacemgmt7165",
          "createdAt": "2021-09-15T08:58:08.843Z",
          "updatedAt": "2021-09-15T08:59:13.14Z",
          "serviceBusEndpoint": "https://testnamespacemgmt7165.servicebus.windows.net:443/",
          "status": "Removing"
        }
      }
    },
    {
      "RequestUri": "https://management.azure.com/subscriptions/db1ab6f0-4769-4b27-930e-01e2ef9c123c/resourceGroups/testeventhubRG-8010/providers/Microsoft.EventHub/namespaces/testnamespacemgmt7165/operationresults/testnamespacemgmt7165?api-version=2018-01-01-preview",
      "RequestMethod": "GET",
      "RequestHeaders": {
        "Authorization": "Sanitized",
        "User-Agent": "azsdk-net-ResourceManager/1.0.0-beta.3 (.NET Framework 4.8.4300.0; Microsoft Windows 10.0.19043 )",
        "x-ms-client-request-id": "b2ec2c38b0f9fee722833c8fe9e1c65a",
        "x-ms-return-client-request-id": "true"
      },
      "RequestBody": null,
      "StatusCode": 202,
      "ResponseHeaders": {
        "Cache-Control": "no-cache",
        "Connection": "close",
        "Content-Length": "712",
        "Content-Type": "application/json; charset=utf-8",
        "Date": "Wed, 15 Sep 2021 08:59:14 GMT",
        "Expires": "-1",
        "Location": "https://management.azure.com/subscriptions/db1ab6f0-4769-4b27-930e-01e2ef9c123c/resourceGroups/testeventhubRG-8010/providers/Microsoft.EventHub/namespaces/testnamespacemgmt7165/operationresults/testnamespacemgmt7165?api-version=2018-01-01-preview",
        "Pragma": "no-cache",
        "Retry-After": "54",
        "Server": [
          "Service-Bus-Resource-Provider/CH3",
          "Microsoft-HTTPAPI/2.0"
        ],
        "Server-SB": "Service-Bus-Resource-Provider/CH3",
        "Strict-Transport-Security": "max-age=31536000; includeSubDomains",
        "X-Content-Type-Options": "nosniff",
        "x-ms-client-request-id": "b2ec2c38b0f9fee722833c8fe9e1c65a",
        "x-ms-correlation-request-id": "9b522171-aedf-419c-908b-4cbb4ef731f0",
        "x-ms-ratelimit-remaining-subscription-reads": "11870",
        "x-ms-request-id": "abecc8fa-ae74-4b5b-ba85-c7d94ac89418_M0CH3_M0CH3",
        "x-ms-routing-request-id": "SOUTHEASTASIA:20210915T085915Z:9b522171-aedf-419c-908b-4cbb4ef731f0"
      },
      "ResponseBody": {
        "sku": {
          "name": "Standard",
          "tier": "Standard",
          "capacity": 1
        },
        "id": "/subscriptions/db1ab6f0-4769-4b27-930e-01e2ef9c123c/resourceGroups/testeventhubRG-8010/providers/Microsoft.EventHub/namespaces/testnamespacemgmt7165",
        "name": "testnamespacemgmt7165",
        "type": "Microsoft.EventHub/Namespaces",
        "location": "East US 2",
        "tags": {},
        "properties": {
          "zoneRedundant": false,
          "isAutoInflateEnabled": false,
          "maximumThroughputUnits": 0,
          "kafkaEnabled": true,
          "provisioningState": "Succeeded",
          "metricId": "db1ab6f0-4769-4b27-930e-01e2ef9c123c:testnamespacemgmt7165",
          "createdAt": "2021-09-15T08:58:08.843Z",
          "updatedAt": "2021-09-15T08:59:13.14Z",
          "serviceBusEndpoint": "https://testnamespacemgmt7165.servicebus.windows.net:443/",
          "status": "Removing"
        }
      }
    },
    {
      "RequestUri": "https://management.azure.com/subscriptions/db1ab6f0-4769-4b27-930e-01e2ef9c123c/resourceGroups/testeventhubRG-8010/providers/Microsoft.EventHub/namespaces/testnamespacemgmt7165/operationresults/testnamespacemgmt7165?api-version=2018-01-01-preview",
      "RequestMethod": "GET",
      "RequestHeaders": {
        "Authorization": "Sanitized",
        "User-Agent": "azsdk-net-ResourceManager/1.0.0-beta.3 (.NET Framework 4.8.4300.0; Microsoft Windows 10.0.19043 )",
        "x-ms-client-request-id": "a4a02cb140361663457f88e8daa864a5",
        "x-ms-return-client-request-id": "true"
      },
      "RequestBody": null,
      "StatusCode": 202,
      "ResponseHeaders": {
        "Cache-Control": "no-cache",
        "Content-Length": "712",
        "Content-Type": "application/json; charset=utf-8",
        "Date": "Wed, 15 Sep 2021 08:59:15 GMT",
        "Expires": "-1",
        "Location": "https://management.azure.com/subscriptions/db1ab6f0-4769-4b27-930e-01e2ef9c123c/resourceGroups/testeventhubRG-8010/providers/Microsoft.EventHub/namespaces/testnamespacemgmt7165/operationresults/testnamespacemgmt7165?api-version=2018-01-01-preview",
        "Pragma": "no-cache",
        "Retry-After": "43",
        "Server": [
          "Service-Bus-Resource-Provider/CH3",
          "Microsoft-HTTPAPI/2.0"
        ],
        "Server-SB": "Service-Bus-Resource-Provider/CH3",
        "Strict-Transport-Security": "max-age=31536000; includeSubDomains",
        "X-Content-Type-Options": "nosniff",
        "x-ms-client-request-id": "a4a02cb140361663457f88e8daa864a5",
        "x-ms-correlation-request-id": "2abdc508-871e-41af-91b5-2d11cfbcd95d",
        "x-ms-ratelimit-remaining-subscription-reads": "11994",
        "x-ms-request-id": "58dde1bf-a419-4e59-99ff-718b914edaa4_M10CH3_M10CH3",
        "x-ms-routing-request-id": "SOUTHEASTASIA:20210915T085916Z:2abdc508-871e-41af-91b5-2d11cfbcd95d"
      },
      "ResponseBody": {
        "sku": {
          "name": "Standard",
          "tier": "Standard",
          "capacity": 1
        },
        "id": "/subscriptions/db1ab6f0-4769-4b27-930e-01e2ef9c123c/resourceGroups/testeventhubRG-8010/providers/Microsoft.EventHub/namespaces/testnamespacemgmt7165",
        "name": "testnamespacemgmt7165",
        "type": "Microsoft.EventHub/Namespaces",
        "location": "East US 2",
        "tags": {},
        "properties": {
          "zoneRedundant": false,
          "isAutoInflateEnabled": false,
          "maximumThroughputUnits": 0,
          "kafkaEnabled": true,
          "provisioningState": "Succeeded",
          "metricId": "db1ab6f0-4769-4b27-930e-01e2ef9c123c:testnamespacemgmt7165",
          "createdAt": "2021-09-15T08:58:08.843Z",
          "updatedAt": "2021-09-15T08:59:13.14Z",
          "serviceBusEndpoint": "https://testnamespacemgmt7165.servicebus.windows.net:443/",
          "status": "Removing"
        }
      }
    },
    {
      "RequestUri": "https://management.azure.com/subscriptions/db1ab6f0-4769-4b27-930e-01e2ef9c123c/resourceGroups/testeventhubRG-8010/providers/Microsoft.EventHub/namespaces/testnamespacemgmt7165/operationresults/testnamespacemgmt7165?api-version=2018-01-01-preview",
      "RequestMethod": "GET",
      "RequestHeaders": {
        "Authorization": "Sanitized",
        "User-Agent": "azsdk-net-ResourceManager/1.0.0-beta.3 (.NET Framework 4.8.4300.0; Microsoft Windows 10.0.19043 )",
        "x-ms-client-request-id": "461446384e0affaa30d660acdf5e9113",
        "x-ms-return-client-request-id": "true"
      },
      "RequestBody": null,
      "StatusCode": 202,
      "ResponseHeaders": {
        "Cache-Control": "no-cache",
        "Content-Length": "712",
        "Content-Type": "application/json; charset=utf-8",
        "Date": "Wed, 15 Sep 2021 08:59:17 GMT",
        "Expires": "-1",
        "Location": "https://management.azure.com/subscriptions/db1ab6f0-4769-4b27-930e-01e2ef9c123c/resourceGroups/testeventhubRG-8010/providers/Microsoft.EventHub/namespaces/testnamespacemgmt7165/operationresults/testnamespacemgmt7165?api-version=2018-01-01-preview",
        "Pragma": "no-cache",
        "Retry-After": "41",
        "Server": [
          "Service-Bus-Resource-Provider/CH3",
          "Microsoft-HTTPAPI/2.0"
        ],
        "Server-SB": "Service-Bus-Resource-Provider/CH3",
        "Strict-Transport-Security": "max-age=31536000; includeSubDomains",
        "X-Content-Type-Options": "nosniff",
        "x-ms-client-request-id": "461446384e0affaa30d660acdf5e9113",
        "x-ms-correlation-request-id": "c7f35a12-e032-4840-b2a0-5bba5ec434f7",
        "x-ms-ratelimit-remaining-subscription-reads": "11993",
        "x-ms-request-id": "4dc74cd2-00d7-4ab6-a7b3-5d7d7b07ad2b_M2CH3_M2CH3",
        "x-ms-routing-request-id": "SOUTHEASTASIA:20210915T085917Z:c7f35a12-e032-4840-b2a0-5bba5ec434f7"
      },
      "ResponseBody": {
        "sku": {
          "name": "Standard",
          "tier": "Standard",
          "capacity": 1
        },
        "id": "/subscriptions/db1ab6f0-4769-4b27-930e-01e2ef9c123c/resourceGroups/testeventhubRG-8010/providers/Microsoft.EventHub/namespaces/testnamespacemgmt7165",
        "name": "testnamespacemgmt7165",
        "type": "Microsoft.EventHub/Namespaces",
        "location": "East US 2",
        "tags": {},
        "properties": {
          "zoneRedundant": false,
          "isAutoInflateEnabled": false,
          "maximumThroughputUnits": 0,
          "kafkaEnabled": true,
          "provisioningState": "Succeeded",
          "metricId": "db1ab6f0-4769-4b27-930e-01e2ef9c123c:testnamespacemgmt7165",
          "createdAt": "2021-09-15T08:58:08.843Z",
          "updatedAt": "2021-09-15T08:59:13.14Z",
          "serviceBusEndpoint": "https://testnamespacemgmt7165.servicebus.windows.net:443/",
          "status": "Removing"
        }
      }
    },
    {
      "RequestUri": "https://management.azure.com/subscriptions/db1ab6f0-4769-4b27-930e-01e2ef9c123c/resourceGroups/testeventhubRG-8010/providers/Microsoft.EventHub/namespaces/testnamespacemgmt7165/operationresults/testnamespacemgmt7165?api-version=2018-01-01-preview",
      "RequestMethod": "GET",
      "RequestHeaders": {
        "Authorization": "Sanitized",
        "User-Agent": "azsdk-net-ResourceManager/1.0.0-beta.3 (.NET Framework 4.8.4300.0; Microsoft Windows 10.0.19043 )",
        "x-ms-client-request-id": "fd144e54d85af734c8d56d7927fe2479",
        "x-ms-return-client-request-id": "true"
      },
      "RequestBody": null,
      "StatusCode": 202,
      "ResponseHeaders": {
        "Cache-Control": "no-cache",
        "Content-Length": "712",
        "Content-Type": "application/json; charset=utf-8",
        "Date": "Wed, 15 Sep 2021 08:59:18 GMT",
        "Expires": "-1",
        "Location": "https://management.azure.com/subscriptions/db1ab6f0-4769-4b27-930e-01e2ef9c123c/resourceGroups/testeventhubRG-8010/providers/Microsoft.EventHub/namespaces/testnamespacemgmt7165/operationresults/testnamespacemgmt7165?api-version=2018-01-01-preview",
        "Pragma": "no-cache",
        "Retry-After": "47",
        "Server": [
          "Service-Bus-Resource-Provider/CH3",
          "Microsoft-HTTPAPI/2.0"
        ],
        "Server-SB": "Service-Bus-Resource-Provider/CH3",
        "Strict-Transport-Security": "max-age=31536000; includeSubDomains",
        "X-Content-Type-Options": "nosniff",
        "x-ms-client-request-id": "fd144e54d85af734c8d56d7927fe2479",
        "x-ms-correlation-request-id": "d82b08bf-997d-469b-aef7-cc44b9e745b5",
        "x-ms-ratelimit-remaining-subscription-reads": "11992",
        "x-ms-request-id": "d464a61d-2ffd-405d-807e-36473606035d_M2CH3_M2CH3",
        "x-ms-routing-request-id": "SOUTHEASTASIA:20210915T085919Z:d82b08bf-997d-469b-aef7-cc44b9e745b5"
      },
      "ResponseBody": {
        "sku": {
          "name": "Standard",
          "tier": "Standard",
          "capacity": 1
        },
        "id": "/subscriptions/db1ab6f0-4769-4b27-930e-01e2ef9c123c/resourceGroups/testeventhubRG-8010/providers/Microsoft.EventHub/namespaces/testnamespacemgmt7165",
        "name": "testnamespacemgmt7165",
        "type": "Microsoft.EventHub/Namespaces",
        "location": "East US 2",
        "tags": {},
        "properties": {
          "zoneRedundant": false,
          "isAutoInflateEnabled": false,
          "maximumThroughputUnits": 0,
          "kafkaEnabled": true,
          "provisioningState": "Succeeded",
          "metricId": "db1ab6f0-4769-4b27-930e-01e2ef9c123c:testnamespacemgmt7165",
          "createdAt": "2021-09-15T08:58:08.843Z",
          "updatedAt": "2021-09-15T08:59:13.14Z",
          "serviceBusEndpoint": "https://testnamespacemgmt7165.servicebus.windows.net:443/",
          "status": "Removing"
        }
      }
    },
    {
      "RequestUri": "https://management.azure.com/subscriptions/db1ab6f0-4769-4b27-930e-01e2ef9c123c/resourceGroups/testeventhubRG-8010/providers/Microsoft.EventHub/namespaces/testnamespacemgmt7165/operationresults/testnamespacemgmt7165?api-version=2018-01-01-preview",
      "RequestMethod": "GET",
      "RequestHeaders": {
        "Authorization": "Sanitized",
        "User-Agent": "azsdk-net-ResourceManager/1.0.0-beta.3 (.NET Framework 4.8.4300.0; Microsoft Windows 10.0.19043 )",
        "x-ms-client-request-id": "a356961f7fcd634f81a1745fe0b737e6",
        "x-ms-return-client-request-id": "true"
      },
      "RequestBody": null,
      "StatusCode": 202,
      "ResponseHeaders": {
        "Cache-Control": "no-cache",
        "Content-Length": "712",
        "Content-Type": "application/json; charset=utf-8",
        "Date": "Wed, 15 Sep 2021 08:59:19 GMT",
        "Expires": "-1",
        "Location": "https://management.azure.com/subscriptions/db1ab6f0-4769-4b27-930e-01e2ef9c123c/resourceGroups/testeventhubRG-8010/providers/Microsoft.EventHub/namespaces/testnamespacemgmt7165/operationresults/testnamespacemgmt7165?api-version=2018-01-01-preview",
        "Pragma": "no-cache",
        "Retry-After": "31",
        "Server": [
          "Service-Bus-Resource-Provider/CH3",
          "Microsoft-HTTPAPI/2.0"
        ],
        "Server-SB": "Service-Bus-Resource-Provider/CH3",
        "Strict-Transport-Security": "max-age=31536000; includeSubDomains",
        "X-Content-Type-Options": "nosniff",
        "x-ms-client-request-id": "a356961f7fcd634f81a1745fe0b737e6",
        "x-ms-correlation-request-id": "302bcc8a-98a5-4d4b-b098-ba659b6ab530",
        "x-ms-ratelimit-remaining-subscription-reads": "11991",
        "x-ms-request-id": "213ce740-c0ae-48e3-9ed2-12186fab708c_M2CH3_M2CH3",
        "x-ms-routing-request-id": "SOUTHEASTASIA:20210915T085920Z:302bcc8a-98a5-4d4b-b098-ba659b6ab530"
      },
      "ResponseBody": {
        "sku": {
          "name": "Standard",
          "tier": "Standard",
          "capacity": 1
        },
        "id": "/subscriptions/db1ab6f0-4769-4b27-930e-01e2ef9c123c/resourceGroups/testeventhubRG-8010/providers/Microsoft.EventHub/namespaces/testnamespacemgmt7165",
        "name": "testnamespacemgmt7165",
        "type": "Microsoft.EventHub/Namespaces",
        "location": "East US 2",
        "tags": {},
        "properties": {
          "zoneRedundant": false,
          "isAutoInflateEnabled": false,
          "maximumThroughputUnits": 0,
          "kafkaEnabled": true,
          "provisioningState": "Succeeded",
          "metricId": "db1ab6f0-4769-4b27-930e-01e2ef9c123c:testnamespacemgmt7165",
          "createdAt": "2021-09-15T08:58:08.843Z",
          "updatedAt": "2021-09-15T08:59:13.14Z",
          "serviceBusEndpoint": "https://testnamespacemgmt7165.servicebus.windows.net:443/",
          "status": "Removing"
        }
      }
    },
    {
      "RequestUri": "https://management.azure.com/subscriptions/db1ab6f0-4769-4b27-930e-01e2ef9c123c/resourceGroups/testeventhubRG-8010/providers/Microsoft.EventHub/namespaces/testnamespacemgmt7165/operationresults/testnamespacemgmt7165?api-version=2018-01-01-preview",
      "RequestMethod": "GET",
      "RequestHeaders": {
        "Authorization": "Sanitized",
        "User-Agent": "azsdk-net-ResourceManager/1.0.0-beta.3 (.NET Framework 4.8.4300.0; Microsoft Windows 10.0.19043 )",
        "x-ms-client-request-id": "8c9475ee66945f4a111c7d34e030d831",
        "x-ms-return-client-request-id": "true"
      },
      "RequestBody": null,
      "StatusCode": 202,
      "ResponseHeaders": {
        "Cache-Control": "no-cache",
        "Content-Length": "712",
        "Content-Type": "application/json; charset=utf-8",
        "Date": "Wed, 15 Sep 2021 08:59:21 GMT",
        "Expires": "-1",
        "Location": "https://management.azure.com/subscriptions/db1ab6f0-4769-4b27-930e-01e2ef9c123c/resourceGroups/testeventhubRG-8010/providers/Microsoft.EventHub/namespaces/testnamespacemgmt7165/operationresults/testnamespacemgmt7165?api-version=2018-01-01-preview",
        "Pragma": "no-cache",
        "Retry-After": "41",
        "Server": [
          "Service-Bus-Resource-Provider/CH3",
          "Microsoft-HTTPAPI/2.0"
        ],
        "Server-SB": "Service-Bus-Resource-Provider/CH3",
        "Strict-Transport-Security": "max-age=31536000; includeSubDomains",
        "X-Content-Type-Options": "nosniff",
        "x-ms-client-request-id": "8c9475ee66945f4a111c7d34e030d831",
        "x-ms-correlation-request-id": "c8c5db6d-63aa-4887-8604-786f2696e837",
        "x-ms-ratelimit-remaining-subscription-reads": "11990",
        "x-ms-request-id": "b1f91adb-f173-4a84-9cce-71e0bc13a6e6_M10CH3_M10CH3",
        "x-ms-routing-request-id": "SOUTHEASTASIA:20210915T085921Z:c8c5db6d-63aa-4887-8604-786f2696e837"
      },
      "ResponseBody": {
        "sku": {
          "name": "Standard",
          "tier": "Standard",
          "capacity": 1
        },
        "id": "/subscriptions/db1ab6f0-4769-4b27-930e-01e2ef9c123c/resourceGroups/testeventhubRG-8010/providers/Microsoft.EventHub/namespaces/testnamespacemgmt7165",
        "name": "testnamespacemgmt7165",
        "type": "Microsoft.EventHub/Namespaces",
        "location": "East US 2",
        "tags": {},
        "properties": {
          "zoneRedundant": false,
          "isAutoInflateEnabled": false,
          "maximumThroughputUnits": 0,
          "kafkaEnabled": true,
          "provisioningState": "Succeeded",
          "metricId": "db1ab6f0-4769-4b27-930e-01e2ef9c123c:testnamespacemgmt7165",
          "createdAt": "2021-09-15T08:58:08.843Z",
          "updatedAt": "2021-09-15T08:59:13.14Z",
          "serviceBusEndpoint": "https://testnamespacemgmt7165.servicebus.windows.net:443/",
          "status": "Removing"
        }
      }
    },
    {
      "RequestUri": "https://management.azure.com/subscriptions/db1ab6f0-4769-4b27-930e-01e2ef9c123c/resourceGroups/testeventhubRG-8010/providers/Microsoft.EventHub/namespaces/testnamespacemgmt7165/operationresults/testnamespacemgmt7165?api-version=2018-01-01-preview",
      "RequestMethod": "GET",
      "RequestHeaders": {
        "Authorization": "Sanitized",
        "User-Agent": "azsdk-net-ResourceManager/1.0.0-beta.3 (.NET Framework 4.8.4300.0; Microsoft Windows 10.0.19043 )",
        "x-ms-client-request-id": "498ce6b1ed08d446feb07bb963d41711",
        "x-ms-return-client-request-id": "true"
      },
      "RequestBody": null,
      "StatusCode": 202,
      "ResponseHeaders": {
        "Cache-Control": "no-cache",
        "Content-Length": "712",
        "Content-Type": "application/json; charset=utf-8",
        "Date": "Wed, 15 Sep 2021 08:59:22 GMT",
        "Expires": "-1",
        "Location": "https://management.azure.com/subscriptions/db1ab6f0-4769-4b27-930e-01e2ef9c123c/resourceGroups/testeventhubRG-8010/providers/Microsoft.EventHub/namespaces/testnamespacemgmt7165/operationresults/testnamespacemgmt7165?api-version=2018-01-01-preview",
        "Pragma": "no-cache",
        "Retry-After": "40",
        "Server": [
          "Service-Bus-Resource-Provider/CH3",
          "Microsoft-HTTPAPI/2.0"
        ],
        "Server-SB": "Service-Bus-Resource-Provider/CH3",
        "Strict-Transport-Security": "max-age=31536000; includeSubDomains",
        "X-Content-Type-Options": "nosniff",
        "x-ms-client-request-id": "498ce6b1ed08d446feb07bb963d41711",
        "x-ms-correlation-request-id": "dca28f75-7462-47aa-ace4-f7b0c2844047",
        "x-ms-ratelimit-remaining-subscription-reads": "11989",
        "x-ms-request-id": "61651878-8574-482c-acfd-d984e48132c4_M0CH3_M0CH3",
        "x-ms-routing-request-id": "SOUTHEASTASIA:20210915T085922Z:dca28f75-7462-47aa-ace4-f7b0c2844047"
      },
      "ResponseBody": {
        "sku": {
          "name": "Standard",
          "tier": "Standard",
          "capacity": 1
        },
        "id": "/subscriptions/db1ab6f0-4769-4b27-930e-01e2ef9c123c/resourceGroups/testeventhubRG-8010/providers/Microsoft.EventHub/namespaces/testnamespacemgmt7165",
        "name": "testnamespacemgmt7165",
        "type": "Microsoft.EventHub/Namespaces",
        "location": "East US 2",
        "tags": {},
        "properties": {
          "zoneRedundant": false,
          "isAutoInflateEnabled": false,
          "maximumThroughputUnits": 0,
          "kafkaEnabled": true,
          "provisioningState": "Succeeded",
          "metricId": "db1ab6f0-4769-4b27-930e-01e2ef9c123c:testnamespacemgmt7165",
          "createdAt": "2021-09-15T08:58:08.843Z",
          "updatedAt": "2021-09-15T08:59:13.14Z",
          "serviceBusEndpoint": "https://testnamespacemgmt7165.servicebus.windows.net:443/",
          "status": "Removing"
        }
      }
    },
    {
      "RequestUri": "https://management.azure.com/subscriptions/db1ab6f0-4769-4b27-930e-01e2ef9c123c/resourceGroups/testeventhubRG-8010/providers/Microsoft.EventHub/namespaces/testnamespacemgmt7165/operationresults/testnamespacemgmt7165?api-version=2018-01-01-preview",
      "RequestMethod": "GET",
      "RequestHeaders": {
        "Authorization": "Sanitized",
        "User-Agent": "azsdk-net-ResourceManager/1.0.0-beta.3 (.NET Framework 4.8.4300.0; Microsoft Windows 10.0.19043 )",
        "x-ms-client-request-id": "b28b879e986ab9e54cf692b0021b8251",
        "x-ms-return-client-request-id": "true"
      },
      "RequestBody": null,
      "StatusCode": 202,
      "ResponseHeaders": {
        "Cache-Control": "no-cache",
        "Content-Length": "712",
        "Content-Type": "application/json; charset=utf-8",
        "Date": "Wed, 15 Sep 2021 08:59:23 GMT",
        "Expires": "-1",
        "Location": "https://management.azure.com/subscriptions/db1ab6f0-4769-4b27-930e-01e2ef9c123c/resourceGroups/testeventhubRG-8010/providers/Microsoft.EventHub/namespaces/testnamespacemgmt7165/operationresults/testnamespacemgmt7165?api-version=2018-01-01-preview",
        "Pragma": "no-cache",
        "Retry-After": "31",
        "Server": [
          "Service-Bus-Resource-Provider/CH3",
          "Microsoft-HTTPAPI/2.0"
        ],
        "Server-SB": "Service-Bus-Resource-Provider/CH3",
        "Strict-Transport-Security": "max-age=31536000; includeSubDomains",
        "X-Content-Type-Options": "nosniff",
        "x-ms-client-request-id": "b28b879e986ab9e54cf692b0021b8251",
        "x-ms-correlation-request-id": "913a3d51-f396-4537-97c6-9425faf39db7",
        "x-ms-ratelimit-remaining-subscription-reads": "11988",
        "x-ms-request-id": "55c35370-c3d8-4ab1-8058-78eb62732f58_M0CH3_M0CH3",
        "x-ms-routing-request-id": "SOUTHEASTASIA:20210915T085924Z:913a3d51-f396-4537-97c6-9425faf39db7"
      },
      "ResponseBody": {
        "sku": {
          "name": "Standard",
          "tier": "Standard",
          "capacity": 1
        },
        "id": "/subscriptions/db1ab6f0-4769-4b27-930e-01e2ef9c123c/resourceGroups/testeventhubRG-8010/providers/Microsoft.EventHub/namespaces/testnamespacemgmt7165",
        "name": "testnamespacemgmt7165",
        "type": "Microsoft.EventHub/Namespaces",
        "location": "East US 2",
        "tags": {},
        "properties": {
          "zoneRedundant": false,
          "isAutoInflateEnabled": false,
          "maximumThroughputUnits": 0,
          "kafkaEnabled": true,
          "provisioningState": "Succeeded",
          "metricId": "db1ab6f0-4769-4b27-930e-01e2ef9c123c:testnamespacemgmt7165",
          "createdAt": "2021-09-15T08:58:08.843Z",
          "updatedAt": "2021-09-15T08:59:13.14Z",
          "serviceBusEndpoint": "https://testnamespacemgmt7165.servicebus.windows.net:443/",
          "status": "Removing"
        }
      }
    },
    {
      "RequestUri": "https://management.azure.com/subscriptions/db1ab6f0-4769-4b27-930e-01e2ef9c123c/resourceGroups/testeventhubRG-8010/providers/Microsoft.EventHub/namespaces/testnamespacemgmt7165/operationresults/testnamespacemgmt7165?api-version=2018-01-01-preview",
      "RequestMethod": "GET",
      "RequestHeaders": {
        "Authorization": "Sanitized",
        "User-Agent": "azsdk-net-ResourceManager/1.0.0-beta.3 (.NET Framework 4.8.4300.0; Microsoft Windows 10.0.19043 )",
        "x-ms-client-request-id": "faad43c9ee2b00de2ec08ee3eb90fc3c",
        "x-ms-return-client-request-id": "true"
      },
      "RequestBody": null,
      "StatusCode": 202,
      "ResponseHeaders": {
        "Cache-Control": "no-cache",
        "Content-Length": "712",
        "Content-Type": "application/json; charset=utf-8",
        "Date": "Wed, 15 Sep 2021 08:59:25 GMT",
        "Expires": "-1",
        "Location": "https://management.azure.com/subscriptions/db1ab6f0-4769-4b27-930e-01e2ef9c123c/resourceGroups/testeventhubRG-8010/providers/Microsoft.EventHub/namespaces/testnamespacemgmt7165/operationresults/testnamespacemgmt7165?api-version=2018-01-01-preview",
        "Pragma": "no-cache",
        "Retry-After": "54",
        "Server": [
          "Service-Bus-Resource-Provider/CH3",
          "Microsoft-HTTPAPI/2.0"
        ],
        "Server-SB": "Service-Bus-Resource-Provider/CH3",
        "Strict-Transport-Security": "max-age=31536000; includeSubDomains",
        "X-Content-Type-Options": "nosniff",
        "x-ms-client-request-id": "faad43c9ee2b00de2ec08ee3eb90fc3c",
        "x-ms-correlation-request-id": "3786e566-0f87-4bfc-93a7-8f1e58855520",
        "x-ms-ratelimit-remaining-subscription-reads": "11987",
        "x-ms-request-id": "2953233a-148e-4115-b393-fe40644e2a15_M2CH3_M2CH3",
        "x-ms-routing-request-id": "SOUTHEASTASIA:20210915T085925Z:3786e566-0f87-4bfc-93a7-8f1e58855520"
      },
      "ResponseBody": {
        "sku": {
          "name": "Standard",
          "tier": "Standard",
          "capacity": 1
        },
        "id": "/subscriptions/db1ab6f0-4769-4b27-930e-01e2ef9c123c/resourceGroups/testeventhubRG-8010/providers/Microsoft.EventHub/namespaces/testnamespacemgmt7165",
        "name": "testnamespacemgmt7165",
        "type": "Microsoft.EventHub/Namespaces",
        "location": "East US 2",
        "tags": {},
        "properties": {
          "zoneRedundant": false,
          "isAutoInflateEnabled": false,
          "maximumThroughputUnits": 0,
          "kafkaEnabled": true,
          "provisioningState": "Succeeded",
          "metricId": "db1ab6f0-4769-4b27-930e-01e2ef9c123c:testnamespacemgmt7165",
          "createdAt": "2021-09-15T08:58:08.843Z",
          "updatedAt": "2021-09-15T08:59:13.14Z",
          "serviceBusEndpoint": "https://testnamespacemgmt7165.servicebus.windows.net:443/",
          "status": "Removing"
        }
      }
    },
    {
      "RequestUri": "https://management.azure.com/subscriptions/db1ab6f0-4769-4b27-930e-01e2ef9c123c/resourceGroups/testeventhubRG-8010/providers/Microsoft.EventHub/namespaces/testnamespacemgmt7165/operationresults/testnamespacemgmt7165?api-version=2018-01-01-preview",
      "RequestMethod": "GET",
      "RequestHeaders": {
        "Authorization": "Sanitized",
        "User-Agent": "azsdk-net-ResourceManager/1.0.0-beta.3 (.NET Framework 4.8.4300.0; Microsoft Windows 10.0.19043 )",
        "x-ms-client-request-id": "59966c0425a419c600d3fc115b95d1e2",
        "x-ms-return-client-request-id": "true"
      },
      "RequestBody": null,
      "StatusCode": 202,
      "ResponseHeaders": {
        "Cache-Control": "no-cache",
        "Content-Length": "712",
        "Content-Type": "application/json; charset=utf-8",
        "Date": "Wed, 15 Sep 2021 08:59:26 GMT",
        "Expires": "-1",
        "Location": "https://management.azure.com/subscriptions/db1ab6f0-4769-4b27-930e-01e2ef9c123c/resourceGroups/testeventhubRG-8010/providers/Microsoft.EventHub/namespaces/testnamespacemgmt7165/operationresults/testnamespacemgmt7165?api-version=2018-01-01-preview",
        "Pragma": "no-cache",
        "Retry-After": "44",
        "Server": [
          "Service-Bus-Resource-Provider/CH3",
          "Microsoft-HTTPAPI/2.0"
        ],
        "Server-SB": "Service-Bus-Resource-Provider/CH3",
        "Strict-Transport-Security": "max-age=31536000; includeSubDomains",
        "X-Content-Type-Options": "nosniff",
        "x-ms-client-request-id": "59966c0425a419c600d3fc115b95d1e2",
        "x-ms-correlation-request-id": "7c5ff453-e19f-4205-a68f-0f11419ddbde",
        "x-ms-ratelimit-remaining-subscription-reads": "11986",
        "x-ms-request-id": "ec167eaf-d775-4794-bd6d-8f6dd39ef82c_M10CH3_M10CH3",
        "x-ms-routing-request-id": "SOUTHEASTASIA:20210915T085926Z:7c5ff453-e19f-4205-a68f-0f11419ddbde"
      },
      "ResponseBody": {
        "sku": {
          "name": "Standard",
          "tier": "Standard",
          "capacity": 1
        },
        "id": "/subscriptions/db1ab6f0-4769-4b27-930e-01e2ef9c123c/resourceGroups/testeventhubRG-8010/providers/Microsoft.EventHub/namespaces/testnamespacemgmt7165",
        "name": "testnamespacemgmt7165",
        "type": "Microsoft.EventHub/Namespaces",
        "location": "East US 2",
        "tags": {},
        "properties": {
          "zoneRedundant": false,
          "isAutoInflateEnabled": false,
          "maximumThroughputUnits": 0,
          "kafkaEnabled": true,
          "provisioningState": "Succeeded",
          "metricId": "db1ab6f0-4769-4b27-930e-01e2ef9c123c:testnamespacemgmt7165",
          "createdAt": "2021-09-15T08:58:08.843Z",
          "updatedAt": "2021-09-15T08:59:13.14Z",
          "serviceBusEndpoint": "https://testnamespacemgmt7165.servicebus.windows.net:443/",
          "status": "Removing"
        }
      }
    },
    {
      "RequestUri": "https://management.azure.com/subscriptions/db1ab6f0-4769-4b27-930e-01e2ef9c123c/resourceGroups/testeventhubRG-8010/providers/Microsoft.EventHub/namespaces/testnamespacemgmt7165/operationresults/testnamespacemgmt7165?api-version=2018-01-01-preview",
      "RequestMethod": "GET",
      "RequestHeaders": {
        "Authorization": "Sanitized",
        "User-Agent": "azsdk-net-ResourceManager/1.0.0-beta.3 (.NET Framework 4.8.4300.0; Microsoft Windows 10.0.19043 )",
        "x-ms-client-request-id": "20f02a2d1d26b0e5a88b83aa0a02cebb",
        "x-ms-return-client-request-id": "true"
      },
      "RequestBody": null,
      "StatusCode": 202,
      "ResponseHeaders": {
        "Cache-Control": "no-cache",
        "Content-Length": "712",
        "Content-Type": "application/json; charset=utf-8",
        "Date": "Wed, 15 Sep 2021 08:59:27 GMT",
        "Expires": "-1",
        "Location": "https://management.azure.com/subscriptions/db1ab6f0-4769-4b27-930e-01e2ef9c123c/resourceGroups/testeventhubRG-8010/providers/Microsoft.EventHub/namespaces/testnamespacemgmt7165/operationresults/testnamespacemgmt7165?api-version=2018-01-01-preview",
        "Pragma": "no-cache",
        "Retry-After": "46",
        "Server": [
          "Service-Bus-Resource-Provider/CH3",
          "Microsoft-HTTPAPI/2.0"
        ],
        "Server-SB": "Service-Bus-Resource-Provider/CH3",
        "Strict-Transport-Security": "max-age=31536000; includeSubDomains",
        "X-Content-Type-Options": "nosniff",
        "x-ms-client-request-id": "20f02a2d1d26b0e5a88b83aa0a02cebb",
        "x-ms-correlation-request-id": "16777dcc-0cfb-4288-8071-bc8c22a04a3a",
        "x-ms-ratelimit-remaining-subscription-reads": "11985",
        "x-ms-request-id": "9c0163e0-fad0-4abb-bcf8-f155642e16ab_M2CH3_M2CH3",
        "x-ms-routing-request-id": "SOUTHEASTASIA:20210915T085928Z:16777dcc-0cfb-4288-8071-bc8c22a04a3a"
      },
      "ResponseBody": {
        "sku": {
          "name": "Standard",
          "tier": "Standard",
          "capacity": 1
        },
        "id": "/subscriptions/db1ab6f0-4769-4b27-930e-01e2ef9c123c/resourceGroups/testeventhubRG-8010/providers/Microsoft.EventHub/namespaces/testnamespacemgmt7165",
        "name": "testnamespacemgmt7165",
        "type": "Microsoft.EventHub/Namespaces",
        "location": "East US 2",
        "tags": {},
        "properties": {
          "zoneRedundant": false,
          "isAutoInflateEnabled": false,
          "maximumThroughputUnits": 0,
          "kafkaEnabled": true,
          "provisioningState": "Succeeded",
          "metricId": "db1ab6f0-4769-4b27-930e-01e2ef9c123c:testnamespacemgmt7165",
          "createdAt": "2021-09-15T08:58:08.843Z",
          "updatedAt": "2021-09-15T08:59:13.14Z",
          "serviceBusEndpoint": "https://testnamespacemgmt7165.servicebus.windows.net:443/",
          "status": "Removing"
        }
      }
    },
    {
      "RequestUri": "https://management.azure.com/subscriptions/db1ab6f0-4769-4b27-930e-01e2ef9c123c/resourceGroups/testeventhubRG-8010/providers/Microsoft.EventHub/namespaces/testnamespacemgmt7165/operationresults/testnamespacemgmt7165?api-version=2018-01-01-preview",
      "RequestMethod": "GET",
      "RequestHeaders": {
        "Authorization": "Sanitized",
        "User-Agent": "azsdk-net-ResourceManager/1.0.0-beta.3 (.NET Framework 4.8.4300.0; Microsoft Windows 10.0.19043 )",
        "x-ms-client-request-id": "95ab55fa2984a3ac7c94f958f1cca499",
        "x-ms-return-client-request-id": "true"
      },
      "RequestBody": null,
      "StatusCode": 202,
      "ResponseHeaders": {
        "Cache-Control": "no-cache",
        "Content-Length": "712",
        "Content-Type": "application/json; charset=utf-8",
        "Date": "Wed, 15 Sep 2021 08:59:28 GMT",
        "Expires": "-1",
        "Location": "https://management.azure.com/subscriptions/db1ab6f0-4769-4b27-930e-01e2ef9c123c/resourceGroups/testeventhubRG-8010/providers/Microsoft.EventHub/namespaces/testnamespacemgmt7165/operationresults/testnamespacemgmt7165?api-version=2018-01-01-preview",
        "Pragma": "no-cache",
        "Retry-After": "36",
        "Server": [
          "Service-Bus-Resource-Provider/CH3",
          "Microsoft-HTTPAPI/2.0"
        ],
        "Server-SB": "Service-Bus-Resource-Provider/CH3",
        "Strict-Transport-Security": "max-age=31536000; includeSubDomains",
        "X-Content-Type-Options": "nosniff",
        "x-ms-client-request-id": "95ab55fa2984a3ac7c94f958f1cca499",
        "x-ms-correlation-request-id": "cc6161f2-e0f1-46e8-a07e-5be4086a5988",
        "x-ms-ratelimit-remaining-subscription-reads": "11984",
        "x-ms-request-id": "f001bb04-9ca5-4cd9-9f25-aa530a36865b_M10CH3_M10CH3",
        "x-ms-routing-request-id": "SOUTHEASTASIA:20210915T085929Z:cc6161f2-e0f1-46e8-a07e-5be4086a5988"
      },
      "ResponseBody": {
        "sku": {
          "name": "Standard",
          "tier": "Standard",
          "capacity": 1
        },
        "id": "/subscriptions/db1ab6f0-4769-4b27-930e-01e2ef9c123c/resourceGroups/testeventhubRG-8010/providers/Microsoft.EventHub/namespaces/testnamespacemgmt7165",
        "name": "testnamespacemgmt7165",
        "type": "Microsoft.EventHub/Namespaces",
        "location": "East US 2",
        "tags": {},
        "properties": {
          "zoneRedundant": false,
          "isAutoInflateEnabled": false,
          "maximumThroughputUnits": 0,
          "kafkaEnabled": true,
          "provisioningState": "Succeeded",
          "metricId": "db1ab6f0-4769-4b27-930e-01e2ef9c123c:testnamespacemgmt7165",
          "createdAt": "2021-09-15T08:58:08.843Z",
          "updatedAt": "2021-09-15T08:59:13.14Z",
          "serviceBusEndpoint": "https://testnamespacemgmt7165.servicebus.windows.net:443/",
          "status": "Removing"
        }
      }
    },
    {
      "RequestUri": "https://management.azure.com/subscriptions/db1ab6f0-4769-4b27-930e-01e2ef9c123c/resourceGroups/testeventhubRG-8010/providers/Microsoft.EventHub/namespaces/testnamespacemgmt7165/operationresults/testnamespacemgmt7165?api-version=2018-01-01-preview",
      "RequestMethod": "GET",
      "RequestHeaders": {
        "Authorization": "Sanitized",
        "User-Agent": "azsdk-net-ResourceManager/1.0.0-beta.3 (.NET Framework 4.8.4300.0; Microsoft Windows 10.0.19043 )",
        "x-ms-client-request-id": "c1b5abeedba0e71587e5b019a21c0ffd",
        "x-ms-return-client-request-id": "true"
      },
      "RequestBody": null,
      "StatusCode": 202,
      "ResponseHeaders": {
        "Cache-Control": "no-cache",
        "Content-Length": "712",
        "Content-Type": "application/json; charset=utf-8",
        "Date": "Wed, 15 Sep 2021 08:59:30 GMT",
        "Expires": "-1",
        "Location": "https://management.azure.com/subscriptions/db1ab6f0-4769-4b27-930e-01e2ef9c123c/resourceGroups/testeventhubRG-8010/providers/Microsoft.EventHub/namespaces/testnamespacemgmt7165/operationresults/testnamespacemgmt7165?api-version=2018-01-01-preview",
        "Pragma": "no-cache",
        "Retry-After": "37",
        "Server": [
          "Service-Bus-Resource-Provider/CH3",
          "Microsoft-HTTPAPI/2.0"
        ],
        "Server-SB": "Service-Bus-Resource-Provider/CH3",
        "Strict-Transport-Security": "max-age=31536000; includeSubDomains",
        "X-Content-Type-Options": "nosniff",
        "x-ms-client-request-id": "c1b5abeedba0e71587e5b019a21c0ffd",
        "x-ms-correlation-request-id": "80c8101f-e3d3-45b2-a7d2-9d634834b70e",
        "x-ms-ratelimit-remaining-subscription-reads": "11983",
        "x-ms-request-id": "a2cf35c3-5dd0-4461-813c-c307c0ed8410_M0CH3_M0CH3",
        "x-ms-routing-request-id": "SOUTHEASTASIA:20210915T085930Z:80c8101f-e3d3-45b2-a7d2-9d634834b70e"
      },
      "ResponseBody": {
        "sku": {
          "name": "Standard",
          "tier": "Standard",
          "capacity": 1
        },
        "id": "/subscriptions/db1ab6f0-4769-4b27-930e-01e2ef9c123c/resourceGroups/testeventhubRG-8010/providers/Microsoft.EventHub/namespaces/testnamespacemgmt7165",
        "name": "testnamespacemgmt7165",
        "type": "Microsoft.EventHub/Namespaces",
        "location": "East US 2",
        "tags": {},
        "properties": {
          "zoneRedundant": false,
          "isAutoInflateEnabled": false,
          "maximumThroughputUnits": 0,
          "kafkaEnabled": true,
          "provisioningState": "Succeeded",
          "metricId": "db1ab6f0-4769-4b27-930e-01e2ef9c123c:testnamespacemgmt7165",
          "createdAt": "2021-09-15T08:58:08.843Z",
          "updatedAt": "2021-09-15T08:59:13.14Z",
          "serviceBusEndpoint": "https://testnamespacemgmt7165.servicebus.windows.net:443/",
          "status": "Removing"
        }
      }
    },
    {
      "RequestUri": "https://management.azure.com/subscriptions/db1ab6f0-4769-4b27-930e-01e2ef9c123c/resourceGroups/testeventhubRG-8010/providers/Microsoft.EventHub/namespaces/testnamespacemgmt7165/operationresults/testnamespacemgmt7165?api-version=2018-01-01-preview",
      "RequestMethod": "GET",
      "RequestHeaders": {
        "Authorization": "Sanitized",
        "User-Agent": "azsdk-net-ResourceManager/1.0.0-beta.3 (.NET Framework 4.8.4300.0; Microsoft Windows 10.0.19043 )",
        "x-ms-client-request-id": "051641053ce9045e7d4ca492238dbfdb",
        "x-ms-return-client-request-id": "true"
      },
      "RequestBody": null,
      "StatusCode": 202,
      "ResponseHeaders": {
        "Cache-Control": "no-cache",
        "Content-Length": "712",
        "Content-Type": "application/json; charset=utf-8",
        "Date": "Wed, 15 Sep 2021 08:59:31 GMT",
        "Expires": "-1",
        "Location": "https://management.azure.com/subscriptions/db1ab6f0-4769-4b27-930e-01e2ef9c123c/resourceGroups/testeventhubRG-8010/providers/Microsoft.EventHub/namespaces/testnamespacemgmt7165/operationresults/testnamespacemgmt7165?api-version=2018-01-01-preview",
        "Pragma": "no-cache",
        "Retry-After": "59",
        "Server": [
          "Service-Bus-Resource-Provider/CH3",
          "Microsoft-HTTPAPI/2.0"
        ],
        "Server-SB": "Service-Bus-Resource-Provider/CH3",
        "Strict-Transport-Security": "max-age=31536000; includeSubDomains",
        "X-Content-Type-Options": "nosniff",
        "x-ms-client-request-id": "051641053ce9045e7d4ca492238dbfdb",
        "x-ms-correlation-request-id": "d8fce27a-43bd-41a7-8bac-5cb4ac40b0e6",
        "x-ms-ratelimit-remaining-subscription-reads": "11982",
        "x-ms-request-id": "6b055950-0db7-4cf2-9f07-a927755090d6_M10CH3_M10CH3",
        "x-ms-routing-request-id": "SOUTHEASTASIA:20210915T085932Z:d8fce27a-43bd-41a7-8bac-5cb4ac40b0e6"
      },
      "ResponseBody": {
        "sku": {
          "name": "Standard",
          "tier": "Standard",
          "capacity": 1
        },
        "id": "/subscriptions/db1ab6f0-4769-4b27-930e-01e2ef9c123c/resourceGroups/testeventhubRG-8010/providers/Microsoft.EventHub/namespaces/testnamespacemgmt7165",
        "name": "testnamespacemgmt7165",
        "type": "Microsoft.EventHub/Namespaces",
        "location": "East US 2",
        "tags": {},
        "properties": {
          "zoneRedundant": false,
          "isAutoInflateEnabled": false,
          "maximumThroughputUnits": 0,
          "kafkaEnabled": true,
          "provisioningState": "Succeeded",
          "metricId": "db1ab6f0-4769-4b27-930e-01e2ef9c123c:testnamespacemgmt7165",
          "createdAt": "2021-09-15T08:58:08.843Z",
          "updatedAt": "2021-09-15T08:59:13.14Z",
          "serviceBusEndpoint": "https://testnamespacemgmt7165.servicebus.windows.net:443/",
          "status": "Removing"
        }
      }
    },
    {
      "RequestUri": "https://management.azure.com/subscriptions/db1ab6f0-4769-4b27-930e-01e2ef9c123c/resourceGroups/testeventhubRG-8010/providers/Microsoft.EventHub/namespaces/testnamespacemgmt7165/operationresults/testnamespacemgmt7165?api-version=2018-01-01-preview",
      "RequestMethod": "GET",
      "RequestHeaders": {
        "Authorization": "Sanitized",
        "User-Agent": "azsdk-net-ResourceManager/1.0.0-beta.3 (.NET Framework 4.8.4300.0; Microsoft Windows 10.0.19043 )",
        "x-ms-client-request-id": "5ebbeae60d4d1f1a40c40e9f7993015f",
        "x-ms-return-client-request-id": "true"
      },
      "RequestBody": null,
      "StatusCode": 202,
      "ResponseHeaders": {
        "Cache-Control": "no-cache",
        "Content-Length": "712",
        "Content-Type": "application/json; charset=utf-8",
        "Date": "Wed, 15 Sep 2021 08:59:32 GMT",
        "Expires": "-1",
        "Location": "https://management.azure.com/subscriptions/db1ab6f0-4769-4b27-930e-01e2ef9c123c/resourceGroups/testeventhubRG-8010/providers/Microsoft.EventHub/namespaces/testnamespacemgmt7165/operationresults/testnamespacemgmt7165?api-version=2018-01-01-preview",
        "Pragma": "no-cache",
        "Retry-After": "54",
        "Server": [
          "Service-Bus-Resource-Provider/CH3",
          "Microsoft-HTTPAPI/2.0"
        ],
        "Server-SB": "Service-Bus-Resource-Provider/CH3",
        "Strict-Transport-Security": "max-age=31536000; includeSubDomains",
        "X-Content-Type-Options": "nosniff",
        "x-ms-client-request-id": "5ebbeae60d4d1f1a40c40e9f7993015f",
        "x-ms-correlation-request-id": "8928ae44-7d3d-4708-840a-280d99e7d473",
        "x-ms-ratelimit-remaining-subscription-reads": "11981",
        "x-ms-request-id": "41db8fba-6c94-4762-8c31-b20d845e9a98_M10CH3_M10CH3",
        "x-ms-routing-request-id": "SOUTHEASTASIA:20210915T085933Z:8928ae44-7d3d-4708-840a-280d99e7d473"
      },
      "ResponseBody": {
        "sku": {
          "name": "Standard",
          "tier": "Standard",
          "capacity": 1
        },
        "id": "/subscriptions/db1ab6f0-4769-4b27-930e-01e2ef9c123c/resourceGroups/testeventhubRG-8010/providers/Microsoft.EventHub/namespaces/testnamespacemgmt7165",
        "name": "testnamespacemgmt7165",
        "type": "Microsoft.EventHub/Namespaces",
        "location": "East US 2",
        "tags": {},
        "properties": {
          "zoneRedundant": false,
          "isAutoInflateEnabled": false,
          "maximumThroughputUnits": 0,
          "kafkaEnabled": true,
          "provisioningState": "Succeeded",
          "metricId": "db1ab6f0-4769-4b27-930e-01e2ef9c123c:testnamespacemgmt7165",
          "createdAt": "2021-09-15T08:58:08.843Z",
          "updatedAt": "2021-09-15T08:59:13.14Z",
          "serviceBusEndpoint": "https://testnamespacemgmt7165.servicebus.windows.net:443/",
          "status": "Removing"
        }
      }
    },
    {
      "RequestUri": "https://management.azure.com/subscriptions/db1ab6f0-4769-4b27-930e-01e2ef9c123c/resourceGroups/testeventhubRG-8010/providers/Microsoft.EventHub/namespaces/testnamespacemgmt7165/operationresults/testnamespacemgmt7165?api-version=2018-01-01-preview",
      "RequestMethod": "GET",
      "RequestHeaders": {
        "Authorization": "Sanitized",
        "User-Agent": "azsdk-net-ResourceManager/1.0.0-beta.3 (.NET Framework 4.8.4300.0; Microsoft Windows 10.0.19043 )",
        "x-ms-client-request-id": "af53fb859fb6b2af4db143533783c3fa",
        "x-ms-return-client-request-id": "true"
      },
      "RequestBody": null,
      "StatusCode": 202,
      "ResponseHeaders": {
        "Cache-Control": "no-cache",
        "Content-Length": "712",
        "Content-Type": "application/json; charset=utf-8",
        "Date": "Wed, 15 Sep 2021 08:59:34 GMT",
        "Expires": "-1",
        "Location": "https://management.azure.com/subscriptions/db1ab6f0-4769-4b27-930e-01e2ef9c123c/resourceGroups/testeventhubRG-8010/providers/Microsoft.EventHub/namespaces/testnamespacemgmt7165/operationresults/testnamespacemgmt7165?api-version=2018-01-01-preview",
        "Pragma": "no-cache",
        "Retry-After": "40",
        "Server": [
          "Service-Bus-Resource-Provider/CH3",
          "Microsoft-HTTPAPI/2.0"
        ],
        "Server-SB": "Service-Bus-Resource-Provider/CH3",
        "Strict-Transport-Security": "max-age=31536000; includeSubDomains",
        "X-Content-Type-Options": "nosniff",
        "x-ms-client-request-id": "af53fb859fb6b2af4db143533783c3fa",
        "x-ms-correlation-request-id": "02ff2983-899a-47ac-bdcd-f9cc90148740",
        "x-ms-ratelimit-remaining-subscription-reads": "11980",
        "x-ms-request-id": "2754a0b6-be14-4ed2-9feb-4ec0df11fa8d_M10CH3_M10CH3",
        "x-ms-routing-request-id": "SOUTHEASTASIA:20210915T085934Z:02ff2983-899a-47ac-bdcd-f9cc90148740"
      },
      "ResponseBody": {
        "sku": {
          "name": "Standard",
          "tier": "Standard",
          "capacity": 1
        },
        "id": "/subscriptions/db1ab6f0-4769-4b27-930e-01e2ef9c123c/resourceGroups/testeventhubRG-8010/providers/Microsoft.EventHub/namespaces/testnamespacemgmt7165",
        "name": "testnamespacemgmt7165",
        "type": "Microsoft.EventHub/Namespaces",
        "location": "East US 2",
        "tags": {},
        "properties": {
          "zoneRedundant": false,
          "isAutoInflateEnabled": false,
          "maximumThroughputUnits": 0,
          "kafkaEnabled": true,
          "provisioningState": "Succeeded",
          "metricId": "db1ab6f0-4769-4b27-930e-01e2ef9c123c:testnamespacemgmt7165",
          "createdAt": "2021-09-15T08:58:08.843Z",
          "updatedAt": "2021-09-15T08:59:13.14Z",
          "serviceBusEndpoint": "https://testnamespacemgmt7165.servicebus.windows.net:443/",
          "status": "Removing"
        }
      }
    },
    {
      "RequestUri": "https://management.azure.com/subscriptions/db1ab6f0-4769-4b27-930e-01e2ef9c123c/resourceGroups/testeventhubRG-8010/providers/Microsoft.EventHub/namespaces/testnamespacemgmt7165/operationresults/testnamespacemgmt7165?api-version=2018-01-01-preview",
      "RequestMethod": "GET",
      "RequestHeaders": {
        "Authorization": "Sanitized",
        "User-Agent": "azsdk-net-ResourceManager/1.0.0-beta.3 (.NET Framework 4.8.4300.0; Microsoft Windows 10.0.19043 )",
        "x-ms-client-request-id": "b733d426b060f7b026f7c5252dbe8ae9",
        "x-ms-return-client-request-id": "true"
      },
      "RequestBody": null,
      "StatusCode": 200,
      "ResponseHeaders": {
        "Cache-Control": "no-cache",
        "Content-Length": "0",
        "Date": "Wed, 15 Sep 2021 08:59:35 GMT",
        "Expires": "-1",
        "Pragma": "no-cache",
        "Server": [
          "Service-Bus-Resource-Provider/CH3",
          "Microsoft-HTTPAPI/2.0"
        ],
        "Server-SB": "Service-Bus-Resource-Provider/CH3",
        "Strict-Transport-Security": "max-age=31536000; includeSubDomains",
        "X-Content-Type-Options": "nosniff",
        "x-ms-client-request-id": "b733d426b060f7b026f7c5252dbe8ae9",
        "x-ms-correlation-request-id": "d495dd3e-0e0e-46eb-8d7e-4a765b50a67d",
        "x-ms-ratelimit-remaining-subscription-reads": "11979",
        "x-ms-request-id": "b1051e6f-274e-4be4-a360-63947e1d1c85_M10CH3_M10CH3",
        "x-ms-routing-request-id": "SOUTHEASTASIA:20210915T085936Z:d495dd3e-0e0e-46eb-8d7e-4a765b50a67d"
      },
      "ResponseBody": []
    }
  ],
  "Variables": {
    "RandomSeed": "136683",
    "RESOURCE_MANAGER_URL": null,
    "SUBSCRIPTION_ID": "db1ab6f0-4769-4b27-930e-01e2ef9c123c"
  }
}