{
  "Entries": [
    {
      "RequestUri": "https://management.azure.com/subscriptions/db1ab6f0-4769-4b27-930e-01e2ef9c123c?api-version=2021-01-01",
      "RequestMethod": "GET",
      "RequestHeaders": {
        "Accept": "application/json",
        "Authorization": "Sanitized",
        "traceparent": "00-55a451ee3532884d9890ad7d2ed26fda-c7c54107eaaabf48-00",
        "User-Agent": [
          "azsdk-net-ResourceManager/1.0.0-alpha.20220120.1",
          "(.NET Core 3.1.22; Microsoft Windows 10.0.22000)"
        ],
        "x-ms-client-request-id": "5b1a248c52dfab230d49550e11e48ea9",
        "x-ms-return-client-request-id": "true"
      },
      "RequestBody": null,
      "StatusCode": 200,
      "ResponseHeaders": {
        "Cache-Control": "no-cache",
        "Content-Length": "468",
        "Content-Type": "application/json; charset=utf-8",
        "Date": "Fri, 21 Jan 2022 09:53:57 GMT",
        "Expires": "-1",
        "Pragma": "no-cache",
        "Strict-Transport-Security": "max-age=31536000; includeSubDomains",
        "X-Content-Type-Options": "nosniff",
        "x-ms-correlation-request-id": "2a19eb59-ee16-41b7-9a21-39bac14aab6a",
        "x-ms-ratelimit-remaining-subscription-reads": "11997",
        "x-ms-request-id": "2a19eb59-ee16-41b7-9a21-39bac14aab6a",
        "x-ms-routing-request-id": "SOUTHEASTASIA:20220121T095358Z:2a19eb59-ee16-41b7-9a21-39bac14aab6a"
      },
      "ResponseBody": {
        "id": "/subscriptions/db1ab6f0-4769-4b27-930e-01e2ef9c123c",
        "authorizationSource": "RoleBased",
        "managedByTenants": [],
        "tags": {
          "tagKey1": "tagValue1",
          "tagKey2": "tagValue2"
        },
        "subscriptionId": "db1ab6f0-4769-4b27-930e-01e2ef9c123c",
        "tenantId": "72f988bf-86f1-41af-91ab-2d7cd011db47",
        "displayName": ".NET Mgmt SDK Test with TTL = 1 Day",
        "state": "Enabled",
        "subscriptionPolicies": {
          "locationPlacementId": "Internal_2014-09-01",
          "quotaId": "Internal_2014-09-01",
          "spendingLimit": "Off"
        }
      }
    },
    {
      "RequestUri": "https://management.azure.com/subscriptions/db1ab6f0-4769-4b27-930e-01e2ef9c123c/resourcegroups/testRG-3575?api-version=2021-04-01",
      "RequestMethod": "PUT",
      "RequestHeaders": {
        "Accept": "application/json",
        "Authorization": "Sanitized",
        "Content-Length": "44",
        "Content-Type": "application/json",
        "User-Agent": [
          "azsdk-net-ResourceManager/1.0.0-alpha.20220120.1",
          "(.NET Core 3.1.22; Microsoft Windows 10.0.22000)"
        ],
        "x-ms-client-request-id": "1880248d42a6deb3d50e5647fef3dd05",
        "x-ms-return-client-request-id": "true"
      },
      "RequestBody": {
        "tags": {
          "test": "env"
        },
        "location": "eastus2"
      },
      "StatusCode": 201,
      "ResponseHeaders": {
        "Cache-Control": "no-cache",
        "Content-Length": "242",
        "Content-Type": "application/json; charset=utf-8",
        "Date": "Fri, 21 Jan 2022 09:53:58 GMT",
        "Expires": "-1",
        "Pragma": "no-cache",
        "Strict-Transport-Security": "max-age=31536000; includeSubDomains",
        "X-Content-Type-Options": "nosniff",
        "x-ms-correlation-request-id": "5ea6ff6b-6676-45b6-ba6f-ed699e3dbc93",
        "x-ms-ratelimit-remaining-subscription-writes": "1199",
        "x-ms-request-id": "5ea6ff6b-6676-45b6-ba6f-ed699e3dbc93",
        "x-ms-routing-request-id": "SOUTHEASTASIA:20220121T095358Z:5ea6ff6b-6676-45b6-ba6f-ed699e3dbc93"
      },
      "ResponseBody": {
        "id": "/subscriptions/db1ab6f0-4769-4b27-930e-01e2ef9c123c/resourceGroups/testRG-3575",
        "name": "testRG-3575",
        "type": "Microsoft.Resources/resourceGroups",
        "location": "eastus2",
        "tags": {
          "test": "env"
        },
        "properties": {
          "provisioningState": "Succeeded"
        }
      }
    },
    {
      "RequestUri": "https://management.azure.com/subscriptions/db1ab6f0-4769-4b27-930e-01e2ef9c123c/resourceGroups/testRG-3575/providers/microsoft.insights/activityLogAlerts/testActivityLogAlert5841?api-version=2017-04-01",
      "RequestMethod": "PUT",
      "RequestHeaders": {
        "Accept": "application/json",
        "Authorization": "Sanitized",
        "Content-Length": "217",
        "Content-Type": "application/json",
        "User-Agent": [
          "azsdk-net-ResourceManager.Monitor/1.0.0-alpha.20220121.1",
          "(.NET Core 3.1.22; Microsoft Windows 10.0.22000)"
        ],
        "x-ms-client-request-id": "7c444f65391d74e4a71b33c3a6f401c4",
        "x-ms-return-client-request-id": "true"
      },
      "RequestBody": {
        "tags": {},
        "location": "global",
        "properties": {
          "scopes": [
            "/subscriptions/db1ab6f0-4769-4b27-930e-01e2ef9c123c"
          ],
          "condition": {
            "allOf": [
              {
                "field": "category",
                "equals": "Administrative"
              },
              {
                "field": "level",
                "equals": "Error"
              }
            ]
          }
        }
      },
      "StatusCode": 201,
      "ResponseHeaders": {
        "Cache-Control": "no-cache",
        "Content-Length": "625",
        "Content-Type": "application/json; charset=utf-8",
        "Date": "Fri, 21 Jan 2022 09:54:05 GMT",
        "Expires": "-1",
        "Pragma": "no-cache",
        "Server": "Microsoft-IIS/10.0",
        "Strict-Transport-Security": "max-age=31536000; includeSubDomains",
        "X-Content-Type-Options": "nosniff",
        "x-ms-correlation-request-id": "33c2c637-9d53-49ed-ba15-2be6f9d83375",
        "x-ms-ratelimit-remaining-subscription-writes": "1198",
        "x-ms-request-id": "southeastasia_624aa26a3ee54c6bad6a3e4fefaf123c_637783556446040597",
        "x-ms-routing-request-id": "SOUTHEASTASIA:20220121T095405Z:33c2c637-9d53-49ed-ba15-2be6f9d83375"
      },
      "ResponseBody": {
        "id": "/subscriptions/db1ab6f0-4769-4b27-930e-01e2ef9c123c/resourceGroups/testRG-3575/providers/microsoft.insights/activityLogAlerts/testActivityLogAlert5841",
        "type": "Microsoft.Insights/ActivityLogAlerts",
        "name": "testActivityLogAlert5841",
        "location": "Global",
        "kind": null,
        "tags": {},
        "properties": {
          "scopes": [
            "/subscriptions/db1ab6f0-4769-4b27-930e-01e2ef9c123c"
          ],
          "condition": {
            "allOf": [
              {
                "field": "category",
                "equals": "Administrative",
                "containsAny": null,
                "odata.type": null
              },
              {
                "field": "level",
                "equals": "Error",
                "containsAny": null,
                "odata.type": null
              }
            ],
            "odata.type": null
          },
          "actions": null,
          "enabled": false,
          "description": null
        },
        "identity": null
      }
    },
    {
      "RequestUri": "https://management.azure.com/subscriptions/db1ab6f0-4769-4b27-930e-01e2ef9c123c/resourceGroups/testRG-3575/providers/microsoft.insights/activityLogAlerts/testActivityLogAlert2403?api-version=2017-04-01",
      "RequestMethod": "PUT",
      "RequestHeaders": {
        "Accept": "application/json",
        "Authorization": "Sanitized",
        "Content-Length": "217",
        "Content-Type": "application/json",
        "User-Agent": [
          "azsdk-net-ResourceManager.Monitor/1.0.0-alpha.20220121.1",
          "(.NET Core 3.1.22; Microsoft Windows 10.0.22000)"
        ],
        "x-ms-client-request-id": "81f10b97e2e67c660944cc640e567708",
        "x-ms-return-client-request-id": "true"
      },
      "RequestBody": {
        "tags": {},
        "location": "global",
        "properties": {
          "scopes": [
            "/subscriptions/db1ab6f0-4769-4b27-930e-01e2ef9c123c"
          ],
          "condition": {
            "allOf": [
              {
                "field": "category",
                "equals": "Administrative"
              },
              {
                "field": "level",
                "equals": "Error"
              }
            ]
          }
        }
      },
      "StatusCode": 201,
      "ResponseHeaders": {
        "Cache-Control": "no-cache",
        "Content-Length": "625",
        "Content-Type": "application/json; charset=utf-8",
        "Date": "Fri, 21 Jan 2022 09:54:08 GMT",
        "Expires": "-1",
        "Pragma": "no-cache",
        "Server": "Microsoft-IIS/10.0",
        "Strict-Transport-Security": "max-age=31536000; includeSubDomains",
        "X-Content-Type-Options": "nosniff",
        "x-ms-correlation-request-id": "27992770-51a7-45e8-a6df-887249828f1c",
        "x-ms-ratelimit-remaining-subscription-writes": "1197",
        "x-ms-request-id": "southeastasia_0264340a3d1f4179a65a414975c0d176_637783556476304805",
        "x-ms-routing-request-id": "SOUTHEASTASIA:20220121T095408Z:27992770-51a7-45e8-a6df-887249828f1c"
      },
      "ResponseBody": {
        "id": "/subscriptions/db1ab6f0-4769-4b27-930e-01e2ef9c123c/resourceGroups/testRG-3575/providers/microsoft.insights/activityLogAlerts/testActivityLogAlert2403",
        "type": "Microsoft.Insights/ActivityLogAlerts",
        "name": "testActivityLogAlert2403",
        "location": "Global",
        "kind": null,
        "tags": {},
        "properties": {
          "scopes": [
            "/subscriptions/db1ab6f0-4769-4b27-930e-01e2ef9c123c"
          ],
          "condition": {
            "allOf": [
              {
                "field": "category",
                "equals": "Administrative",
                "containsAny": null,
                "odata.type": null
              },
              {
                "field": "level",
                "equals": "Error",
                "containsAny": null,
                "odata.type": null
              }
            ],
            "odata.type": null
          },
          "actions": null,
          "enabled": false,
          "description": null
        },
        "identity": null
      }
    },
    {
      "RequestUri": "https://management.azure.com/subscriptions/db1ab6f0-4769-4b27-930e-01e2ef9c123c/resourceGroups/testRG-3575/providers/microsoft.insights/activityLogAlerts?api-version=2017-04-01",
      "RequestMethod": "GET",
      "RequestHeaders": {
        "Accept": "application/json",
        "Authorization": "Sanitized",
        "User-Agent": [
          "azsdk-net-ResourceManager.Monitor/1.0.0-alpha.20220121.1",
          "(.NET Core 3.1.22; Microsoft Windows 10.0.22000)"
        ],
        "x-ms-client-request-id": "653e7e9070829beaa4ff27801a2e1a55",
        "x-ms-return-client-request-id": "true"
      },
      "RequestBody": null,
      "StatusCode": 200,
      "ResponseHeaders": {
        "Cache-Control": "no-cache",
        "Content-Length": "1263",
        "Content-Type": "application/json; charset=utf-8",
        "Date": "Fri, 21 Jan 2022 09:54:08 GMT",
        "Expires": "-1",
        "Pragma": "no-cache",
        "Server": "Microsoft-IIS/10.0",
        "Strict-Transport-Security": "max-age=31536000; includeSubDomains",
        "Vary": "Accept-Encoding",
        "X-Content-Type-Options": "nosniff",
        "x-ms-correlation-request-id": "874fc64f-6a05-4b19-8c99-ec99dd14b6ad",
        "x-ms-ratelimit-remaining-subscription-reads": "11996",
        "x-ms-request-id": "southeastasia_dadf712f7d7f4434b334e236bac9b8a1_637783556489871182",
        "x-ms-routing-request-id": "SOUTHEASTASIA:20220121T095408Z:874fc64f-6a05-4b19-8c99-ec99dd14b6ad"
      },
      "ResponseBody": {
        "value": [
          {
            "id": "/subscriptions/db1ab6f0-4769-4b27-930e-01e2ef9c123c/resourceGroups/testRG-3575/providers/microsoft.insights/activityLogAlerts/testActivityLogAlert2403",
            "type": "Microsoft.Insights/ActivityLogAlerts",
            "name": "testActivityLogAlert2403",
            "location": "Global",
            "kind": null,
            "tags": {},
            "properties": {
              "scopes": [
                "/subscriptions/db1ab6f0-4769-4b27-930e-01e2ef9c123c"
              ],
              "condition": {
                "allOf": [
                  {
                    "field": "category",
                    "equals": "Administrative",
                    "containsAny": null,
                    "odata.type": null
                  },
                  {
                    "field": "level",
                    "equals": "Error",
                    "containsAny": null,
                    "odata.type": null
                  }
                ],
                "odata.type": null
              },
              "actions": null,
              "enabled": false,
              "description": null
            },
            "identity": null
          },
          {
            "id": "/subscriptions/db1ab6f0-4769-4b27-930e-01e2ef9c123c/resourceGroups/testRG-3575/providers/microsoft.insights/activityLogAlerts/testActivityLogAlert5841",
            "type": "Microsoft.Insights/ActivityLogAlerts",
            "name": "testActivityLogAlert5841",
            "location": "Global",
            "kind": null,
            "tags": {},
            "properties": {
              "scopes": [
                "/subscriptions/db1ab6f0-4769-4b27-930e-01e2ef9c123c"
              ],
              "condition": {
                "allOf": [
                  {
                    "field": "category",
                    "equals": "Administrative",
                    "containsAny": null,
                    "odata.type": null
                  },
                  {
                    "field": "level",
                    "equals": "Error",
                    "containsAny": null,
                    "odata.type": null
                  }
                ],
                "odata.type": null
              },
              "actions": null,
              "enabled": false,
              "description": null
            },
            "identity": null
          }
        ]
      }
    }
  ],
  "Variables": {
    "RandomSeed": "192168958",
    "RESOURCE_MANAGER_URL": null,
    "SUBSCRIPTION_ID": "db1ab6f0-4769-4b27-930e-01e2ef9c123c"
  }
}