{
  "Entries": [
    {
      "RequestUri": "https://management.azure.com/subscriptions/db1ab6f0-4769-4b27-930e-01e2ef9c123c?api-version=2021-01-01",
      "RequestMethod": "GET",
      "RequestHeaders": {
        "Accept": "application/json",
        "Authorization": "Sanitized",
        "Connection": "keep-alive",
        "traceparent": "00-370593185bc9dc429fe84dfd5fbc9d6a-49312ea844dcfc4b-00",
        "User-Agent": "azsdk-net-ResourceManager/1.3.2 (.NET Framework 4.8.9105.0; Microsoft Windows 10.0.22621 )",
        "x-ms-client-request-id": "2d4de416ffdf100b157aa9f4683466ff",
        "x-ms-return-client-request-id": "true"
      },
      "RequestBody": null,
      "StatusCode": 200,
      "ResponseHeaders": {
        "Cache-Control": "no-cache",
        "Content-Length": "747",
        "Content-Type": "application/json; charset=utf-8",
        "Date": "Tue, 15 Nov 2022 03:18:53 GMT",
        "Expires": "-1",
        "Pragma": "no-cache",
        "Strict-Transport-Security": "max-age=31536000; includeSubDomains",
        "X-Content-Type-Options": "nosniff",
        "x-ms-correlation-request-id": "73899254-accd-4bea-9cf9-5d34d3a41fb9",
        "x-ms-ratelimit-remaining-subscription-reads": "11999",
        "x-ms-request-id": "73899254-accd-4bea-9cf9-5d34d3a41fb9",
        "x-ms-routing-request-id": "SOUTHEASTASIA:20221115T031854Z:73899254-accd-4bea-9cf9-5d34d3a41fb9"
      },
      "ResponseBody": {
        "id": "/subscriptions/db1ab6f0-4769-4b27-930e-01e2ef9c123c",
        "authorizationSource": "RoleBased",
        "managedByTenants": [],
        "tags": {
          "TagKey-9823": "TagValue-566",
          "TagKey-3481": "TagValue-320",
          "TagKey-4926": "TagValue-1187",
          "TagKey-751": "TagValue-3921",
          "TagKey-1866": "TagValue-8559",
          "TagKey-3094": "TagValue-9190",
          "TagKey-2449": "TagValue-9",
          "TagKey-8379": "TagValue-164",
          "TagKey-7470": "TagValue-2205",
          "TagKey-4236": "TagValue-3698",
          "TagKey-5316": "TagValue-2725"
        },
        "subscriptionId": "db1ab6f0-4769-4b27-930e-01e2ef9c123c",
        "tenantId": "72f988bf-86f1-41af-91ab-2d7cd011db47",
        "displayName": ".NET Mgmt SDK Test with TTL = 1 Day",
        "state": "Enabled",
        "subscriptionPolicies": {
          "locationPlacementId": "Internal_2014-09-01",
          "quotaId": "Internal_2014-09-01",
          "spendingLimit": "Off"
        }
      }
    },
    {
      "RequestUri": "https://management.azure.com/subscriptions/db1ab6f0-4769-4b27-930e-01e2ef9c123c/resourcegroups/testRG-3379?api-version=2021-04-01",
      "RequestMethod": "PUT",
      "RequestHeaders": {
        "Accept": "application/json",
        "Authorization": "Sanitized",
        "Content-Length": "43",
        "Content-Type": "application/json",
        "traceparent": "00-63780233d3b97740b94f8712649e6d6c-6fa3eae102361d4a-00",
        "User-Agent": "azsdk-net-ResourceManager/1.3.2 (.NET Framework 4.8.9105.0; Microsoft Windows 10.0.22621 )",
        "x-ms-client-request-id": "85322656741b8bde3b2030ece378d8b8",
        "x-ms-return-client-request-id": "true"
      },
      "RequestBody": {
        "tags": {
          "test": "env"
        },
        "location": "eastus"
      },
      "StatusCode": 201,
      "ResponseHeaders": {
        "Cache-Control": "no-cache",
        "Content-Length": "241",
        "Content-Type": "application/json; charset=utf-8",
        "Date": "Tue, 15 Nov 2022 03:18:58 GMT",
        "Expires": "-1",
        "Pragma": "no-cache",
        "Strict-Transport-Security": "max-age=31536000; includeSubDomains",
        "X-Content-Type-Options": "nosniff",
        "x-ms-correlation-request-id": "25fbe557-42ff-41cc-8e91-e82182cf3c57",
        "x-ms-ratelimit-remaining-subscription-writes": "1199",
        "x-ms-request-id": "25fbe557-42ff-41cc-8e91-e82182cf3c57",
        "x-ms-routing-request-id": "SOUTHEASTASIA:20221115T031859Z:25fbe557-42ff-41cc-8e91-e82182cf3c57"
      },
      "ResponseBody": {
        "id": "/subscriptions/db1ab6f0-4769-4b27-930e-01e2ef9c123c/resourceGroups/testRG-3379",
        "name": "testRG-3379",
        "type": "Microsoft.Resources/resourceGroups",
        "location": "eastus",
        "tags": {
          "test": "env"
        },
        "properties": {
          "provisioningState": "Succeeded"
        }
      }
    },
    {
      "RequestUri": "https://management.azure.com/subscriptions/db1ab6f0-4769-4b27-930e-01e2ef9c123c/resourcegroups/testRG-3379/providers/Microsoft.OperationalInsights/workspaces/testRG-3379-ws?api-version=2022-10-01",
      "RequestMethod": "PUT",
      "RequestHeaders": {
        "Accept": "application/json",
        "Authorization": "Sanitized",
        "Content-Length": "176",
        "Content-Type": "application/json",
        "traceparent": "00-b5875ba264aaef49b5eeab503eb946d4-b1dd3b1c3169bc45-00",
        "User-Agent": "azsdk-net-ResourceManager.OperationalInsights/1.0.0-alpha.20221115.1 (.NET Framework 4.8.9105.0; Microsoft Windows 10.0.22621 )",
        "x-ms-client-request-id": "779fbd38cef1a02cd3644ec4e196133f",
        "x-ms-return-client-request-id": "true"
      },
      "RequestBody": {
        "tags": {},
        "location": "eastus",
        "properties": {
          "sku": {
            "name": "PerNode"
          },
          "retentionInDays": 30,
          "publicNetworkAccessForIngestion": "Enabled",
          "publicNetworkAccessForQuery": "Enabled"
        }
      },
      "StatusCode": 201,
      "ResponseHeaders": {
        "Cache-Control": "no-cache",
        "Content-Length": "1072",
        "Content-Type": "application/json",
        "Date": "Tue, 15 Nov 2022 03:19:08 GMT",
        "Pragma": "no-cache",
        "Server": [
          "Microsoft-IIS/10.0",
          "Microsoft-IIS/10.0"
        ],
        "Strict-Transport-Security": "max-age=31536000; includeSubDomains",
        "X-Content-Type-Options": "nosniff",
        "x-ms-client-request-id": "779fbd38cef1a02cd3644ec4e196133f",
        "x-ms-correlation-request-id": "4aee7384-b43b-4639-b14c-411c773c3893",
        "x-ms-ratelimit-remaining-subscription-writes": "1198",
        "x-ms-request-id": "bd2ed645-58ba-41ae-8b94-e324537d7be9",
        "x-ms-routing-request-id": "SOUTHEASTASIA:20221115T031908Z:4aee7384-b43b-4639-b14c-411c773c3893",
        "X-Powered-By": [
          "ASP.NET",
          "ASP.NET"
        ]
      },
      "ResponseBody": {
        "properties": {
          "source": "Azure",
          "customerId": "f2abe299-489d-4620-94fd-035e89fd1d4b",
          "provisioningState": "Creating",
          "sku": {
            "name": "pergb2018",
            "lastSkuUpdate": "Tue, 15 Nov 2022 03:19:07 GMT"
          },
          "retentionInDays": 30,
          "features": {
            "legacy": 0,
            "searchVersion": 1,
            "enableLogAccessUsingOnlyResourcePermissions": true
          },
          "workspaceCapping": {
            "dailyQuotaGb": -1.0,
            "quotaNextResetTime": "Tue, 15 Nov 2022 11:00:00 GMT",
            "dataIngestionStatus": "RespectQuota"
          },
          "publicNetworkAccessForIngestion": "Enabled",
          "publicNetworkAccessForQuery": "Enabled",
          "createdDate": "Tue, 15 Nov 2022 03:19:07 GMT",
          "modifiedDate": "Tue, 15 Nov 2022 03:19:07 GMT"
        },
        "id": "/subscriptions/db1ab6f0-4769-4b27-930e-01e2ef9c123c/resourcegroups/testrg-3379/providers/microsoft.operationalinsights/workspaces/testrg-3379-ws",
        "name": "testRG-3379-ws",
        "type": "Microsoft.OperationalInsights/workspaces",
        "location": "eastus",
        "tags": {}
      }
    },
    {
      "RequestUri": "https://management.azure.com/subscriptions/db1ab6f0-4769-4b27-930e-01e2ef9c123c/resourcegroups/testRG-3379/providers/Microsoft.OperationalInsights/workspaces/testRG-3379-ws?api-version=2022-10-01",
      "RequestMethod": "GET",
      "RequestHeaders": {
        "Authorization": "Sanitized",
        "traceparent": "00-b5875ba264aaef49b5eeab503eb946d4-8b82c4da8261b143-00",
        "User-Agent": "azsdk-net-ResourceManager/1.3.2 (.NET Framework 4.8.9105.0; Microsoft Windows 10.0.22621 )",
        "x-ms-client-request-id": "77303cd087c7881ef991b2b6251aa9a4",
        "x-ms-return-client-request-id": "true"
      },
      "RequestBody": null,
      "StatusCode": 200,
      "ResponseHeaders": {
        "Cache-Control": "no-cache",
        "Content-Length": "1073",
        "Content-Type": "application/json",
        "Date": "Tue, 15 Nov 2022 03:19:09 GMT",
        "Pragma": "no-cache",
        "Server": [
          "Microsoft-IIS/10.0",
          "Microsoft-IIS/10.0"
        ],
        "Strict-Transport-Security": "max-age=31536000; includeSubDomains",
        "X-Content-Type-Options": "nosniff",
        "x-ms-client-request-id": "77303cd087c7881ef991b2b6251aa9a4",
        "x-ms-correlation-request-id": "9b3c41b3-48df-4efa-ba27-589ff1c93bf5",
        "x-ms-ratelimit-remaining-subscription-reads": "11998",
        "x-ms-request-id": "b33d91a5-18cb-4d73-89f8-0e502416269b",
        "x-ms-routing-request-id": "SOUTHEASTASIA:20221115T031909Z:9b3c41b3-48df-4efa-ba27-589ff1c93bf5",
        "X-Powered-By": [
          "ASP.NET",
          "ASP.NET"
        ]
      },
      "ResponseBody": {
        "properties": {
          "source": "Azure",
          "customerId": "f2abe299-489d-4620-94fd-035e89fd1d4b",
          "provisioningState": "Succeeded",
          "sku": {
            "name": "pergb2018",
            "lastSkuUpdate": "Tue, 15 Nov 2022 03:19:07 GMT"
          },
          "retentionInDays": 30,
          "features": {
            "legacy": 0,
            "searchVersion": 1,
            "enableLogAccessUsingOnlyResourcePermissions": true
          },
          "workspaceCapping": {
            "dailyQuotaGb": -1.0,
            "quotaNextResetTime": "Tue, 15 Nov 2022 11:00:00 GMT",
            "dataIngestionStatus": "RespectQuota"
          },
          "publicNetworkAccessForIngestion": "Enabled",
          "publicNetworkAccessForQuery": "Enabled",
          "createdDate": "Tue, 15 Nov 2022 03:19:07 GMT",
          "modifiedDate": "Tue, 15 Nov 2022 03:19:08 GMT"
        },
        "id": "/subscriptions/db1ab6f0-4769-4b27-930e-01e2ef9c123c/resourcegroups/testrg-3379/providers/microsoft.operationalinsights/workspaces/testrg-3379-ws",
        "name": "testRG-3379-ws",
        "type": "Microsoft.OperationalInsights/workspaces",
        "location": "eastus",
        "tags": {}
      }
    },
    {
      "RequestUri": "https://management.azure.com/subscriptions/db1ab6f0-4769-4b27-930e-01e2ef9c123c/resourceGroups/testRG-3379/providers/Microsoft.OperationalInsights/workspaces/testRG-3379-ws/providers/Microsoft.SecurityInsights/onboardingStates/default?api-version=2022-08-01",
      "RequestMethod": "PUT",
      "RequestHeaders": {
        "Accept": "application/json",
        "Authorization": "Sanitized",
        "Content-Length": "43",
        "Content-Type": "application/json",
        "traceparent": "00-86dc43a05d13a148a966042e953aedc5-ab286176f9edb94f-00",
        "User-Agent": "azsdk-net-ResourceManager.SecurityInsights/1.0.0-alpha.20221115.1 (.NET Framework 4.8.9105.0; Microsoft Windows 10.0.22621 )",
        "x-ms-client-request-id": "9fc3f10c855fb206c22f074e2a4dc5ae",
        "x-ms-return-client-request-id": "true"
      },
      "RequestBody": {
        "properties": {
          "customerManagedKey": false
        }
      },
      "StatusCode": 201,
      "ResponseHeaders": {
        "Cache-Control": "no-cache",
        "Content-Length": "579",
        "Content-Type": "application/json; charset=utf-8",
        "Date": "Tue, 15 Nov 2022 03:19:17 GMT",
        "Expires": "-1",
        "Pragma": "no-cache",
        "Server": "Kestrel",
        "Strict-Transport-Security": "max-age=31536000; includeSubDomains",
        "X-Content-Type-Options": "nosniff",
        "x-ms-correlation-request-id": "5de6bdc0-413b-4ed1-8da7-2ddf559c0dc1",
        "x-ms-ratelimit-remaining-subscription-resource-requests": "11",
        "x-ms-request-id": "5de6bdc0-413b-4ed1-8da7-2ddf559c0dc1",
        "x-ms-routing-request-id": "SOUTHEASTASIA:20221115T031917Z:5de6bdc0-413b-4ed1-8da7-2ddf559c0dc1"
      },
      "ResponseBody": {
        "properties": {},
        "id": "/subscriptions/db1ab6f0-4769-4b27-930e-01e2ef9c123c/resourceGroups/testRG-3379/providers/Microsoft.OperationalInsights/workspaces/testRG-3379-ws/providers/Microsoft.SecurityInsights/onboardingStates/default",
        "name": "default",
        "type": "Microsoft.SecurityInsights/onboardingStates",
        "systemData": {
          "createdAt": "2022-11-15T03:19:10.1347189Z",
          "createdBy": "a1fc368b-7f40-4802-8fa1-260d3a6ec34b",
          "createdByType": "Application",
          "lastModifiedAt": "2022-11-15T03:19:10.1347189Z",
          "lastModifiedBy": "a1fc368b-7f40-4802-8fa1-260d3a6ec34b",
          "lastModifiedByType": "Application"
        }
      }
    },
    {
      "RequestUri": "https://management.azure.com/subscriptions/db1ab6f0-4769-4b27-930e-01e2ef9c123c/resourceGroups/testRG-3379/providers/Microsoft.OperationalInsights/workspaces/testRG-3379-ws/providers/Microsoft.SecurityInsights/alertRules/AlertRules-6850?api-version=2022-08-01",
      "RequestMethod": "PUT",
      "RequestHeaders": {
        "Accept": "application/json",
        "Authorization": "Sanitized",
        "Content-Length": "145",
        "Content-Type": "application/json",
        "traceparent": "00-95e29ce1814dda45b9da17f0b45344a4-dc288e93cd2f3844-00",
        "User-Agent": "azsdk-net-ResourceManager.SecurityInsights/1.0.0-alpha.20221115.1 (.NET Framework 4.8.9105.0; Microsoft Windows 10.0.22621 )",
        "x-ms-client-request-id": "789c65a526a059901fd2444a55f8ffd2",
        "x-ms-return-client-request-id": "true"
      },
      "RequestBody": {
        "kind": "MicrosoftSecurityIncidentCreation",
        "properties": {
          "productFilter": "Microsoft Cloud App Security",
          "displayName": "SDKTest",
          "enabled": true
        }
      },
      "StatusCode": 201,
      "ResponseHeaders": {
        "Cache-Control": "no-cache",
        "Content-Length": "663",
        "Content-Type": "application/json; charset=utf-8",
        "Date": "Tue, 15 Nov 2022 03:19:20 GMT",
        "Expires": "-1",
        "Pragma": "no-cache",
        "Server": "Kestrel",
        "Strict-Transport-Security": "max-age=31536000; includeSubDomains",
        "X-Content-Type-Options": "nosniff",
        "x-ms-correlation-request-id": "4e5f6c76-0e22-4c85-8b9f-5fa9c5f211c3",
        "x-ms-ratelimit-remaining-subscription-writes": "1197",
        "x-ms-request-id": "4e5f6c76-0e22-4c85-8b9f-5fa9c5f211c3",
        "x-ms-routing-request-id": "SOUTHEASTASIA:20221115T031920Z:4e5f6c76-0e22-4c85-8b9f-5fa9c5f211c3"
      },
      "ResponseBody": {
        "id": "/subscriptions/db1ab6f0-4769-4b27-930e-01e2ef9c123c/resourceGroups/testRG-3379/providers/Microsoft.OperationalInsights/workspaces/testRG-3379-ws/providers/Microsoft.SecurityInsights/alertRules/AlertRules-6850",
        "name": "AlertRules-6850",
        "etag": "\u002293009c6e-0000-0100-0000-637305380000\u0022",
        "type": "Microsoft.SecurityInsights/alertRules",
        "kind": "MicrosoftSecurityIncidentCreation",
        "properties": {
          "productFilter": "Microsoft Cloud App Security",
          "severitiesFilter": null,
          "displayNamesFilter": null,
          "displayNamesExcludeFilter": null,
          "displayName": "SDKTest",
          "enabled": true,
          "description": null,
          "alertRuleTemplateName": null,
          "lastModifiedUtc": "2022-11-15T03:19:20.4308853Z"
        }
      }
    },
    {
      "RequestUri": "https://management.azure.com/subscriptions/db1ab6f0-4769-4b27-930e-01e2ef9c123c/resourceGroups/testRG-3379/providers/Microsoft.OperationalInsights/workspaces/testRG-3379-ws/providers/Microsoft.SecurityInsights/alertRules/AlertRules-6850?api-version=2022-08-01",
      "RequestMethod": "GET",
      "RequestHeaders": {
        "Accept": "application/json",
        "Authorization": "Sanitized",
        "traceparent": "00-af775d9534e39641bbf6627576099df4-673c63667ddeff42-00",
        "User-Agent": "azsdk-net-ResourceManager.SecurityInsights/1.0.0-alpha.20221115.1 (.NET Framework 4.8.9105.0; Microsoft Windows 10.0.22621 )",
        "x-ms-client-request-id": "a29260e9354bb47d9780cf5daccc0383",
        "x-ms-return-client-request-id": "true"
      },
      "RequestBody": null,
      "StatusCode": 200,
      "ResponseHeaders": {
        "Cache-Control": "no-cache",
        "Content-Length": "663",
        "Content-Type": "application/json; charset=utf-8",
        "Date": "Tue, 15 Nov 2022 03:19:22 GMT",
        "Expires": "-1",
        "Pragma": "no-cache",
        "Server": "Kestrel",
        "Strict-Transport-Security": "max-age=31536000; includeSubDomains",
        "X-Content-Type-Options": "nosniff",
        "x-ms-correlation-request-id": "053cf5be-f255-49ba-880c-c8dae0781aa1",
        "x-ms-ratelimit-remaining-subscription-reads": "11997",
        "x-ms-request-id": "053cf5be-f255-49ba-880c-c8dae0781aa1",
        "x-ms-routing-request-id": "SOUTHEASTASIA:20221115T031923Z:053cf5be-f255-49ba-880c-c8dae0781aa1"
      },
      "ResponseBody": {
        "id": "/subscriptions/db1ab6f0-4769-4b27-930e-01e2ef9c123c/resourceGroups/testRG-3379/providers/Microsoft.OperationalInsights/workspaces/testRG-3379-ws/providers/Microsoft.SecurityInsights/alertRules/AlertRules-6850",
        "name": "AlertRules-6850",
        "etag": "\u002293009c6e-0000-0100-0000-637305380000\u0022",
        "type": "Microsoft.SecurityInsights/alertRules",
        "kind": "MicrosoftSecurityIncidentCreation",
        "properties": {
          "productFilter": "Microsoft Cloud App Security",
          "severitiesFilter": null,
          "displayNamesFilter": null,
          "displayNamesExcludeFilter": null,
          "displayName": "SDKTest",
          "enabled": true,
          "description": null,
          "alertRuleTemplateName": null,
          "lastModifiedUtc": "2022-11-15T03:19:20.4308853Z"
        }
      }
    },
    {
      "RequestUri": "https://management.azure.com/subscriptions/db1ab6f0-4769-4b27-930e-01e2ef9c123c/resourceGroups/testRG-3379/providers/Microsoft.OperationalInsights/workspaces/testRG-3379-ws/providers/Microsoft.SecurityInsights/alertRules/AlertRules-6850?api-version=2022-08-01",
      "RequestMethod": "PUT",
      "RequestHeaders": {
        "Accept": "application/json",
        "Authorization": "Sanitized",
        "Content-Length": "145",
        "Content-Type": "application/json",
        "traceparent": "00-6930de1d2a14264790541fa882cf4910-eb4e0eedac02fc4f-00",
        "User-Agent": "azsdk-net-ResourceManager.SecurityInsights/1.0.0-alpha.20221115.1 (.NET Framework 4.8.9105.0; Microsoft Windows 10.0.22621 )",
        "x-ms-client-request-id": "3f0326d9796f7923cf2ce7df7ee4b255",
        "x-ms-return-client-request-id": "true"
      },
      "RequestBody": {
        "kind": "MicrosoftSecurityIncidentCreation",
        "properties": {
          "productFilter": "Microsoft Cloud App Security",
          "displayName": "SDKTest",
          "enabled": true
        }
      },
      "StatusCode": 200,
      "ResponseHeaders": {
        "Cache-Control": "no-cache",
        "Content-Length": "663",
        "Content-Type": "application/json; charset=utf-8",
        "Date": "Tue, 15 Nov 2022 03:19:23 GMT",
        "Expires": "-1",
        "Pragma": "no-cache",
        "Server": "Kestrel",
        "Strict-Transport-Security": "max-age=31536000; includeSubDomains",
        "X-Content-Type-Options": "nosniff",
        "x-ms-correlation-request-id": "54f4ddb6-6f72-4624-ad34-7f6b5ab0d132",
        "x-ms-ratelimit-remaining-subscription-writes": "1196",
        "x-ms-request-id": "54f4ddb6-6f72-4624-ad34-7f6b5ab0d132",
        "x-ms-routing-request-id": "SOUTHEASTASIA:20221115T031923Z:54f4ddb6-6f72-4624-ad34-7f6b5ab0d132"
      },
      "ResponseBody": {
        "id": "/subscriptions/db1ab6f0-4769-4b27-930e-01e2ef9c123c/resourceGroups/testRG-3379/providers/Microsoft.OperationalInsights/workspaces/testRG-3379-ws/providers/Microsoft.SecurityInsights/alertRules/AlertRules-6850",
        "name": "AlertRules-6850",
        "etag": "\u00229300a36e-0000-0100-0000-6373053b0000\u0022",
        "type": "Microsoft.SecurityInsights/alertRules",
        "kind": "MicrosoftSecurityIncidentCreation",
        "properties": {
          "productFilter": "Microsoft Cloud App Security",
          "severitiesFilter": null,
          "displayNamesFilter": null,
          "displayNamesExcludeFilter": null,
          "displayName": "SDKTest",
          "enabled": true,
          "description": null,
          "alertRuleTemplateName": null,
          "lastModifiedUtc": "2022-11-15T03:19:23.7259929Z"
        }
      }
    },
    {
      "RequestUri": "https://management.azure.com/subscriptions/db1ab6f0-4769-4b27-930e-01e2ef9c123c/resourceGroups/testRG-3379/providers/Microsoft.OperationalInsights/workspaces/testRG-3379-ws/providers/Microsoft.SecurityInsights/alertRules/AlertRules-9112?api-version=2022-08-01",
      "RequestMethod": "PUT",
      "RequestHeaders": {
        "Accept": "application/json",
        "Authorization": "Sanitized",
        "Content-Length": "145",
        "Content-Type": "application/json",
        "traceparent": "00-849054a1b52f7a44a4959870b1fb5c7d-ab128819eecd5741-00",
        "User-Agent": "azsdk-net-ResourceManager.SecurityInsights/1.0.0-alpha.20221115.1 (.NET Framework 4.8.9105.0; Microsoft Windows 10.0.22621 )",
        "x-ms-client-request-id": "4edb7a2aa99f70a8e8e8e0205632ad52",
        "x-ms-return-client-request-id": "true"
      },
      "RequestBody": {
        "kind": "MicrosoftSecurityIncidentCreation",
        "properties": {
          "productFilter": "Microsoft Cloud App Security",
          "displayName": "SDKTest",
          "enabled": true
        }
      },
      "StatusCode": 201,
      "ResponseHeaders": {
        "Cache-Control": "no-cache",
        "Content-Length": "663",
        "Content-Type": "application/json; charset=utf-8",
        "Date": "Tue, 15 Nov 2022 03:19:24 GMT",
        "Expires": "-1",
        "Pragma": "no-cache",
        "Server": "Kestrel",
        "Strict-Transport-Security": "max-age=31536000; includeSubDomains",
        "X-Content-Type-Options": "nosniff",
        "x-ms-correlation-request-id": "d361d434-ab8b-4c9c-95a7-3b6c19a11f61",
        "x-ms-ratelimit-remaining-subscription-writes": "1195",
        "x-ms-request-id": "d361d434-ab8b-4c9c-95a7-3b6c19a11f61",
        "x-ms-routing-request-id": "SOUTHEASTASIA:20221115T031924Z:d361d434-ab8b-4c9c-95a7-3b6c19a11f61"
      },
      "ResponseBody": {
        "id": "/subscriptions/db1ab6f0-4769-4b27-930e-01e2ef9c123c/resourceGroups/testRG-3379/providers/Microsoft.OperationalInsights/workspaces/testRG-3379-ws/providers/Microsoft.SecurityInsights/alertRules/AlertRules-9112",
        "name": "AlertRules-9112",
        "etag": "\u00229300a86e-0000-0100-0000-6373053c0000\u0022",
        "type": "Microsoft.SecurityInsights/alertRules",
        "kind": "MicrosoftSecurityIncidentCreation",
        "properties": {
          "productFilter": "Microsoft Cloud App Security",
          "severitiesFilter": null,
          "displayNamesFilter": null,
          "displayNamesExcludeFilter": null,
          "displayName": "SDKTest",
          "enabled": true,
          "description": null,
          "alertRuleTemplateName": null,
          "lastModifiedUtc": "2022-11-15T03:19:24.3673135Z"
        }
      }
    },
    {
      "RequestUri": "https://management.azure.com/subscriptions/db1ab6f0-4769-4b27-930e-01e2ef9c123c/resourceGroups/testRG-3379/providers/Microsoft.OperationalInsights/workspaces/testRG-3379-ws/providers/Microsoft.SecurityInsights/alertRules/AlertRules-4385?api-version=2022-08-01",
      "RequestMethod": "PUT",
      "RequestHeaders": {
        "Accept": "application/json",
        "Authorization": "Sanitized",
        "Content-Length": "145",
        "Content-Type": "application/json",
        "traceparent": "00-eff9cdaa223188489021b2502d1ae8a8-41e87ce53e3b134c-00",
        "User-Agent": "azsdk-net-ResourceManager.SecurityInsights/1.0.0-alpha.20221115.1 (.NET Framework 4.8.9105.0; Microsoft Windows 10.0.22621 )",
        "x-ms-client-request-id": "2e70c0cfc0f56f633d19d31e4d9d35b2",
        "x-ms-return-client-request-id": "true"
      },
      "RequestBody": {
        "kind": "MicrosoftSecurityIncidentCreation",
        "properties": {
          "productFilter": "Microsoft Cloud App Security",
          "displayName": "SDKTest",
          "enabled": true
        }
      },
      "StatusCode": 201,
      "ResponseHeaders": {
        "Cache-Control": "no-cache",
        "Content-Length": "663",
        "Content-Type": "application/json; charset=utf-8",
        "Date": "Tue, 15 Nov 2022 03:19:24 GMT",
        "Expires": "-1",
        "Pragma": "no-cache",
        "Server": "Kestrel",
        "Strict-Transport-Security": "max-age=31536000; includeSubDomains",
        "X-Content-Type-Options": "nosniff",
        "x-ms-correlation-request-id": "52aa3f70-d61e-4971-8eed-62b4aad24d17",
        "x-ms-ratelimit-remaining-subscription-writes": "1194",
        "x-ms-request-id": "52aa3f70-d61e-4971-8eed-62b4aad24d17",
        "x-ms-routing-request-id": "SOUTHEASTASIA:20221115T031925Z:52aa3f70-d61e-4971-8eed-62b4aad24d17"
      },
      "ResponseBody": {
        "id": "/subscriptions/db1ab6f0-4769-4b27-930e-01e2ef9c123c/resourceGroups/testRG-3379/providers/Microsoft.OperationalInsights/workspaces/testRG-3379-ws/providers/Microsoft.SecurityInsights/alertRules/AlertRules-4385",
        "name": "AlertRules-4385",
        "etag": "\u00229300ad6e-0000-0100-0000-6373053d0000\u0022",
        "type": "Microsoft.SecurityInsights/alertRules",
        "kind": "MicrosoftSecurityIncidentCreation",
        "properties": {
          "productFilter": "Microsoft Cloud App Security",
          "severitiesFilter": null,
          "displayNamesFilter": null,
          "displayNamesExcludeFilter": null,
          "displayName": "SDKTest",
          "enabled": true,
          "description": null,
          "alertRuleTemplateName": null,
          "lastModifiedUtc": "2022-11-15T03:19:25.0782106Z"
        }
      }
    },
    {
      "RequestUri": "https://management.azure.com/subscriptions/db1ab6f0-4769-4b27-930e-01e2ef9c123c/resourceGroups/testRG-3379/providers/Microsoft.OperationalInsights/workspaces/testRG-3379-ws/providers/Microsoft.SecurityInsights/alertRules?api-version=2022-08-01",
      "RequestMethod": "GET",
      "RequestHeaders": {
        "Accept": "application/json",
        "Authorization": "Sanitized",
        "traceparent": "00-6d0a543cbb60b14a98f5c1b185114738-5a75c91169c6864e-00",
        "User-Agent": "azsdk-net-ResourceManager.SecurityInsights/1.0.0-alpha.20221115.1 (.NET Framework 4.8.9105.0; Microsoft Windows 10.0.22621 )",
        "x-ms-client-request-id": "313279ceb5f030e37e9356869903229d",
        "x-ms-return-client-request-id": "true"
      },
      "RequestBody": null,
      "StatusCode": 200,
      "ResponseHeaders": {
        "Cache-Control": "no-cache",
        "Content-Length": "4383",
        "Content-Type": "application/json; charset=utf-8",
        "Date": "Tue, 15 Nov 2022 03:19:25 GMT",
        "Expires": "-1",
        "Pragma": "no-cache",
        "Server": "Kestrel",
        "Strict-Transport-Security": "max-age=31536000; includeSubDomains",
        "X-Content-Type-Options": "nosniff",
        "x-ms-correlation-request-id": "1bb0507b-bb0c-4c50-8b98-a918626e598a",
        "x-ms-ratelimit-remaining-subscription-reads": "11996",
        "x-ms-request-id": "1bb0507b-bb0c-4c50-8b98-a918626e598a",
        "x-ms-routing-request-id": "SOUTHEASTASIA:20221115T031925Z:1bb0507b-bb0c-4c50-8b98-a918626e598a"
      },
      "ResponseBody": {
        "value": [
          {
            "id": "/subscriptions/db1ab6f0-4769-4b27-930e-01e2ef9c123c/resourceGroups/testRG-3379/providers/Microsoft.OperationalInsights/workspaces/testRG-3379-ws/providers/Microsoft.SecurityInsights/alertRules/BuiltInFusion",
            "name": "BuiltInFusion",
            "etag": "\u002293009b6e-0000-0100-0000-637305370000\u0022",
            "type": "Microsoft.SecurityInsights/alertRules",
            "kind": "Fusion",
            "properties": {
              "displayName": "Advanced Multistage Attack Detection",
              "description": "Microsoft Sentinel uses Fusion, a correlation engine based on scalable machine learning algorithms, to automatically detect multistage attacks by identifying combinations of anomalous behaviors and suspicious activities that are observed at various stages of the kill chain. On the basis of these discoveries, Azure Sentinel generates incidents that would otherwise be very difficult to catch. By design, these incidents are low-volume, high-fidelity, and high-severity, which is why this detection is turned ON by default.\n\nSince Fusion correlates multiple signals from various products to detect advanced multistage attacks, successful Fusion detections are presented as Fusion incidents on the Microsoft Sentinel Incidents page. This rule covers the following detections:\n- Fusion for emerging threats\n- Fusion for ransomware\n- Scenario-based Fusion detections (122 scenarios)\n\nTo enable these detections, we recommend you configure the following data connectors for best results:\n- Out-of-the-box anomaly detections\n- Azure Active Directory Identity Protection\n- Azure Defender\n- Azure Defender for IoT\n- Microsoft 365 Defender\n- Microsoft Cloud App Security    \n- Microsoft Defender for Endpoint\n- Microsoft Defender for Identity\n- Microsoft Defender for Office 365\n- Scheduled analytics rules, both built-in and those created by your security analysts. Analytics rules must contain kill-chain (tactics) and entity mapping information in order to be used by Fusion.\n\nFor the full description of each detection that is supported by Fusion, go to https://aka.ms/SentinelFusion.",
              "alertRuleTemplateName": "f71aba3d-28fb-450b-b192-4e76a83015c8",
              "tactics": [
                "Collection",
                "CommandAndControl",
                "CredentialAccess",
                "DefenseEvasion",
                "Discovery",
                "Execution",
                "Exfiltration",
                "Impact",
                "InitialAccess",
                "LateralMovement",
                "Persistence",
                "PrivilegeEscalation"
              ],
              "severity": "High",
              "enabled": true,
              "lastModifiedUtc": "2022-11-15T03:19:19.6373496Z"
            }
          },
          {
            "id": "/subscriptions/db1ab6f0-4769-4b27-930e-01e2ef9c123c/resourceGroups/testRG-3379/providers/Microsoft.OperationalInsights/workspaces/testRG-3379-ws/providers/Microsoft.SecurityInsights/alertRules/AlertRules-6850",
            "name": "AlertRules-6850",
            "etag": "\u00229300a36e-0000-0100-0000-6373053b0000\u0022",
            "type": "Microsoft.SecurityInsights/alertRules",
            "kind": "MicrosoftSecurityIncidentCreation",
            "properties": {
              "productFilter": "Microsoft Cloud App Security",
              "severitiesFilter": null,
              "displayNamesFilter": null,
              "displayNamesExcludeFilter": null,
              "displayName": "SDKTest",
              "enabled": true,
              "description": null,
              "alertRuleTemplateName": null,
              "lastModifiedUtc": "2022-11-15T03:19:23.7259929Z"
            }
          },
          {
            "id": "/subscriptions/db1ab6f0-4769-4b27-930e-01e2ef9c123c/resourceGroups/testRG-3379/providers/Microsoft.OperationalInsights/workspaces/testRG-3379-ws/providers/Microsoft.SecurityInsights/alertRules/AlertRules-9112",
            "name": "AlertRules-9112",
            "etag": "\u00229300a86e-0000-0100-0000-6373053c0000\u0022",
            "type": "Microsoft.SecurityInsights/alertRules",
            "kind": "MicrosoftSecurityIncidentCreation",
            "properties": {
              "productFilter": "Microsoft Cloud App Security",
              "severitiesFilter": null,
              "displayNamesFilter": null,
              "displayNamesExcludeFilter": null,
              "displayName": "SDKTest",
              "enabled": true,
              "description": null,
              "alertRuleTemplateName": null,
              "lastModifiedUtc": "2022-11-15T03:19:24.3673135Z"
            }
          },
          {
            "id": "/subscriptions/db1ab6f0-4769-4b27-930e-01e2ef9c123c/resourceGroups/testRG-3379/providers/Microsoft.OperationalInsights/workspaces/testRG-3379-ws/providers/Microsoft.SecurityInsights/alertRules/AlertRules-4385",
            "name": "AlertRules-4385",
            "etag": "\u00229300ad6e-0000-0100-0000-6373053d0000\u0022",
            "type": "Microsoft.SecurityInsights/alertRules",
            "kind": "MicrosoftSecurityIncidentCreation",
            "properties": {
              "productFilter": "Microsoft Cloud App Security",
              "severitiesFilter": null,
              "displayNamesFilter": null,
              "displayNamesExcludeFilter": null,
              "displayName": "SDKTest",
              "enabled": true,
              "description": null,
              "alertRuleTemplateName": null,
              "lastModifiedUtc": "2022-11-15T03:19:25.0782106Z"
            }
          }
        ]
      }
    },
    {
      "RequestUri": "https://management.azure.com/subscriptions/db1ab6f0-4769-4b27-930e-01e2ef9c123c/resourceGroups/testRG-3379/providers/Microsoft.OperationalInsights/workspaces/testRG-3379-ws/providers/Microsoft.SecurityInsights/alertRules/AlertRules-6850?api-version=2022-08-01",
      "RequestMethod": "GET",
      "RequestHeaders": {
        "Accept": "application/json",
        "Authorization": "Sanitized",
        "traceparent": "00-21faa12565483c488cfc8f0c2be3b563-6cf8c8662fba2a49-00",
        "User-Agent": "azsdk-net-ResourceManager.SecurityInsights/1.0.0-alpha.20221115.1 (.NET Framework 4.8.9105.0; Microsoft Windows 10.0.22621 )",
        "x-ms-client-request-id": "be10957f83746a60176c1086d689224a",
        "x-ms-return-client-request-id": "true"
      },
      "RequestBody": null,
      "StatusCode": 200,
      "ResponseHeaders": {
        "Cache-Control": "no-cache",
        "Content-Length": "663",
        "Content-Type": "application/json; charset=utf-8",
        "Date": "Tue, 15 Nov 2022 03:19:26 GMT",
        "Expires": "-1",
        "Pragma": "no-cache",
        "Server": "Kestrel",
        "Strict-Transport-Security": "max-age=31536000; includeSubDomains",
        "X-Content-Type-Options": "nosniff",
        "x-ms-correlation-request-id": "90c23cb4-0964-4acb-a442-5eab1ba046a1",
        "x-ms-ratelimit-remaining-subscription-reads": "11995",
        "x-ms-request-id": "90c23cb4-0964-4acb-a442-5eab1ba046a1",
        "x-ms-routing-request-id": "SOUTHEASTASIA:20221115T031926Z:90c23cb4-0964-4acb-a442-5eab1ba046a1"
      },
      "ResponseBody": {
        "id": "/subscriptions/db1ab6f0-4769-4b27-930e-01e2ef9c123c/resourceGroups/testRG-3379/providers/Microsoft.OperationalInsights/workspaces/testRG-3379-ws/providers/Microsoft.SecurityInsights/alertRules/AlertRules-6850",
        "name": "AlertRules-6850",
        "etag": "\u00229300a36e-0000-0100-0000-6373053b0000\u0022",
        "type": "Microsoft.SecurityInsights/alertRules",
        "kind": "MicrosoftSecurityIncidentCreation",
        "properties": {
          "productFilter": "Microsoft Cloud App Security",
          "severitiesFilter": null,
          "displayNamesFilter": null,
          "displayNamesExcludeFilter": null,
          "displayName": "SDKTest",
          "enabled": true,
          "description": null,
          "alertRuleTemplateName": null,
          "lastModifiedUtc": "2022-11-15T03:19:23.7259929Z"
        }
      }
    },
    {
      "RequestUri": "https://management.azure.com/subscriptions/db1ab6f0-4769-4b27-930e-01e2ef9c123c/resourceGroups/testRG-3379/providers/Microsoft.OperationalInsights/workspaces/testRG-3379-ws/providers/Microsoft.SecurityInsights/alertRules/AlertRules-68501?api-version=2022-08-01",
      "RequestMethod": "GET",
      "RequestHeaders": {
        "Accept": "application/json",
        "Authorization": "Sanitized",
        "traceparent": "00-749f300c9bc57d4a9e321772f3e67ec6-115549e936421d4e-00",
        "User-Agent": "azsdk-net-ResourceManager.SecurityInsights/1.0.0-alpha.20221115.1 (.NET Framework 4.8.9105.0; Microsoft Windows 10.0.22621 )",
        "x-ms-client-request-id": "dd512db37bff1a61dc3fb06169dcd63a",
        "x-ms-return-client-request-id": "true"
      },
      "RequestBody": null,
      "StatusCode": 404,
      "ResponseHeaders": {
        "Cache-Control": "no-cache",
        "Content-Length": "152",
        "Content-Type": "application/json; charset=utf-8",
        "Date": "Tue, 15 Nov 2022 03:19:26 GMT",
        "Expires": "-1",
        "Pragma": "no-cache",
        "Server": "Kestrel",
        "Strict-Transport-Security": "max-age=31536000; includeSubDomains",
        "X-Content-Type-Options": "nosniff",
        "x-ms-correlation-request-id": "b45a282d-d9e6-4bc4-b064-a2428eab235e",
        "x-ms-ratelimit-remaining-subscription-reads": "11994",
        "x-ms-request-id": "b45a282d-d9e6-4bc4-b064-a2428eab235e",
        "x-ms-routing-request-id": "SOUTHEASTASIA:20221115T031927Z:b45a282d-d9e6-4bc4-b064-a2428eab235e"
      },
      "ResponseBody": {
        "error": {
          "code": "NotFound",
          "message": "Cannot find rule with resource name \u0027AlertRules-68501\u0027 for workspaceId \u0027f2abe299-489d-4620-94fd-035e89fd1d4b\u0027."
        }
      }
    }
  ],
  "Variables": {
    "AZURE_AUTHORITY_HOST": "https://login.microsoftonline.com/",
    "RandomSeed": "600518422",
    "RESOURCE_MANAGER_URL": null,
    "SUBSCRIPTION_ID": "db1ab6f0-4769-4b27-930e-01e2ef9c123c"
  }
}
