{
  "Entries": [
    {
      "RequestUri": "https://management.azure.com/subscriptions/db1ab6f0-4769-4b27-930e-01e2ef9c123c?api-version=2021-01-01",
      "RequestMethod": "GET",
      "RequestHeaders": {
        "Accept": "application/json",
        "Authorization": "Sanitized",
        "Connection": "keep-alive",
        "traceparent": "00-63c41a685eb34b4bb41af32ffbb4bb1c-50ed31e51fb94e42-00",
        "User-Agent": "azsdk-net-ResourceManager/1.3.1 (.NET Framework 4.8.9075.0; Microsoft Windows 10.0.22621 )",
        "x-ms-client-request-id": "2fc656a7a02c7959fdeaf1ec4451935e",
        "x-ms-return-client-request-id": "true"
      },
      "RequestBody": null,
      "StatusCode": 200,
      "ResponseHeaders": {
        "Cache-Control": "no-cache",
        "Content-Length": "747",
        "Content-Type": "application/json; charset=utf-8",
        "Date": "Thu, 27 Oct 2022 07:53:32 GMT",
        "Expires": "-1",
        "Pragma": "no-cache",
        "Strict-Transport-Security": "max-age=31536000; includeSubDomains",
        "X-Content-Type-Options": "nosniff",
        "x-ms-correlation-request-id": "b897f0df-e0f2-4de1-9ca5-60620bd9d431",
        "x-ms-ratelimit-remaining-subscription-reads": "11996",
        "x-ms-request-id": "b897f0df-e0f2-4de1-9ca5-60620bd9d431",
        "x-ms-routing-request-id": "SOUTHEASTASIA:20221027T075333Z:b897f0df-e0f2-4de1-9ca5-60620bd9d431"
      },
      "ResponseBody": {
        "id": "/subscriptions/db1ab6f0-4769-4b27-930e-01e2ef9c123c",
        "authorizationSource": "RoleBased",
        "managedByTenants": [],
        "tags": {
          "TagKey-9823": "TagValue-566",
          "TagKey-3481": "TagValue-320",
          "TagKey-4926": "TagValue-1187",
          "TagKey-751": "TagValue-3921",
          "TagKey-1866": "TagValue-8559",
          "TagKey-3094": "TagValue-9190",
          "TagKey-2449": "TagValue-9",
          "TagKey-8379": "TagValue-164",
          "TagKey-7470": "TagValue-2205",
          "TagKey-4236": "TagValue-3698",
          "TagKey-5316": "TagValue-2725"
        },
        "subscriptionId": "db1ab6f0-4769-4b27-930e-01e2ef9c123c",
        "tenantId": "72f988bf-86f1-41af-91ab-2d7cd011db47",
        "displayName": ".NET Mgmt SDK Test with TTL = 1 Day",
        "state": "Enabled",
        "subscriptionPolicies": {
          "locationPlacementId": "Internal_2014-09-01",
          "quotaId": "Internal_2014-09-01",
          "spendingLimit": "Off"
        }
      }
    },
    {
      "RequestUri": "https://management.azure.com/subscriptions/db1ab6f0-4769-4b27-930e-01e2ef9c123c/resourcegroups/testRG-1225?api-version=2021-04-01",
      "RequestMethod": "PUT",
      "RequestHeaders": {
        "Accept": "application/json",
        "Authorization": "Sanitized",
        "Content-Length": "43",
        "Content-Type": "application/json",
        "traceparent": "00-31dcb5553590f04c93cfde9b92f08346-f124e39442356642-00",
        "User-Agent": "azsdk-net-ResourceManager/1.3.1 (.NET Framework 4.8.9075.0; Microsoft Windows 10.0.22621 )",
        "x-ms-client-request-id": "1f7fbe9abd163810ab562763d5c599ce",
        "x-ms-return-client-request-id": "true"
      },
      "RequestBody": {
        "tags": {
          "test": "env"
        },
        "location": "eastus"
      },
      "StatusCode": 201,
      "ResponseHeaders": {
        "Cache-Control": "no-cache",
        "Content-Length": "241",
        "Content-Type": "application/json; charset=utf-8",
        "Date": "Thu, 27 Oct 2022 07:53:35 GMT",
        "Expires": "-1",
        "Pragma": "no-cache",
        "Strict-Transport-Security": "max-age=31536000; includeSubDomains",
        "X-Content-Type-Options": "nosniff",
        "x-ms-correlation-request-id": "95acae88-2e47-490c-be3a-5535fb4a54f1",
        "x-ms-ratelimit-remaining-subscription-writes": "1199",
        "x-ms-request-id": "95acae88-2e47-490c-be3a-5535fb4a54f1",
        "x-ms-routing-request-id": "SOUTHEASTASIA:20221027T075336Z:95acae88-2e47-490c-be3a-5535fb4a54f1"
      },
      "ResponseBody": {
        "id": "/subscriptions/db1ab6f0-4769-4b27-930e-01e2ef9c123c/resourceGroups/testRG-1225",
        "name": "testRG-1225",
        "type": "Microsoft.Resources/resourceGroups",
        "location": "eastus",
        "tags": {
          "test": "env"
        },
        "properties": {
          "provisioningState": "Succeeded"
        }
      }
    },
    {
      "RequestUri": "https://management.azure.com/subscriptions/db1ab6f0-4769-4b27-930e-01e2ef9c123c/resourcegroups/testRG-1225/providers/Microsoft.OperationalInsights/workspaces/testRG-1225-ws?api-version=2022-10-01",
      "RequestMethod": "PUT",
      "RequestHeaders": {
        "Accept": "application/json",
        "Authorization": "Sanitized",
        "Content-Length": "176",
        "Content-Type": "application/json",
        "traceparent": "00-44687611c3a19245b257f87e2f11f751-82864ea9ce4d3642-00",
        "User-Agent": "azsdk-net-ResourceManager.OperationalInsights/1.0.0-alpha.20221019.1 (.NET Framework 4.8.9075.0; Microsoft Windows 10.0.22621 )",
        "x-ms-client-request-id": "2e1e21fe4e8d5924ca98731f2b31a430",
        "x-ms-return-client-request-id": "true"
      },
      "RequestBody": {
        "tags": {},
        "location": "eastus",
        "properties": {
          "sku": {
            "name": "PerNode"
          },
          "retentionInDays": 30,
          "publicNetworkAccessForIngestion": "Enabled",
          "publicNetworkAccessForQuery": "Enabled"
        }
      },
      "StatusCode": 201,
      "ResponseHeaders": {
        "Cache-Control": "no-cache",
        "Content-Length": "1072",
        "Content-Type": "application/json",
        "Date": "Thu, 27 Oct 2022 07:53:41 GMT",
        "Pragma": "no-cache",
        "Server": [
          "Microsoft-IIS/10.0",
          "Microsoft-IIS/10.0"
        ],
        "Strict-Transport-Security": "max-age=31536000; includeSubDomains",
        "X-Content-Type-Options": "nosniff",
        "x-ms-client-request-id": "2e1e21fe4e8d5924ca98731f2b31a430",
        "x-ms-correlation-request-id": "93306a6f-e07d-4d62-bd5c-a63723f69292",
        "x-ms-ratelimit-remaining-subscription-writes": "1198",
        "x-ms-request-id": "27bdc1c9-e5ae-40d3-be20-00c0d4346882",
        "x-ms-routing-request-id": "SOUTHEASTASIA:20221027T075342Z:93306a6f-e07d-4d62-bd5c-a63723f69292",
        "X-Powered-By": [
          "ASP.NET",
          "ASP.NET"
        ]
      },
      "ResponseBody": {
        "properties": {
          "source": "Azure",
          "customerId": "38155417-87db-4f6b-bc97-419e5579951a",
          "provisioningState": "Creating",
          "sku": {
            "name": "pergb2018",
            "lastSkuUpdate": "Thu, 27 Oct 2022 07:53:40 GMT"
          },
          "retentionInDays": 30,
          "features": {
            "legacy": 0,
            "searchVersion": 1,
            "enableLogAccessUsingOnlyResourcePermissions": true
          },
          "workspaceCapping": {
            "dailyQuotaGb": -1.0,
            "quotaNextResetTime": "Fri, 28 Oct 2022 05:00:00 GMT",
            "dataIngestionStatus": "RespectQuota"
          },
          "publicNetworkAccessForIngestion": "Enabled",
          "publicNetworkAccessForQuery": "Enabled",
          "createdDate": "Thu, 27 Oct 2022 07:53:40 GMT",
          "modifiedDate": "Thu, 27 Oct 2022 07:53:40 GMT"
        },
        "id": "/subscriptions/db1ab6f0-4769-4b27-930e-01e2ef9c123c/resourcegroups/testrg-1225/providers/microsoft.operationalinsights/workspaces/testrg-1225-ws",
        "name": "testRG-1225-ws",
        "type": "Microsoft.OperationalInsights/workspaces",
        "location": "eastus",
        "tags": {}
      }
    },
    {
      "RequestUri": "https://management.azure.com/subscriptions/db1ab6f0-4769-4b27-930e-01e2ef9c123c/resourcegroups/testRG-1225/providers/Microsoft.OperationalInsights/workspaces/testRG-1225-ws?api-version=2022-10-01",
      "RequestMethod": "GET",
      "RequestHeaders": {
        "Authorization": "Sanitized",
        "traceparent": "00-44687611c3a19245b257f87e2f11f751-6572aed598c88f4e-00",
        "User-Agent": "azsdk-net-ResourceManager/1.3.1 (.NET Framework 4.8.9075.0; Microsoft Windows 10.0.22621 )",
        "x-ms-client-request-id": "2f461e5830754c029926547e4af00c7a",
        "x-ms-return-client-request-id": "true"
      },
      "RequestBody": null,
      "StatusCode": 200,
      "ResponseHeaders": {
        "Cache-Control": "no-cache",
        "Content-Length": "1073",
        "Content-Type": "application/json",
        "Date": "Thu, 27 Oct 2022 07:53:42 GMT",
        "Pragma": "no-cache",
        "Server": [
          "Microsoft-IIS/10.0",
          "Microsoft-IIS/10.0"
        ],
        "Strict-Transport-Security": "max-age=31536000; includeSubDomains",
        "X-Content-Type-Options": "nosniff",
        "x-ms-client-request-id": "2f461e5830754c029926547e4af00c7a",
        "x-ms-correlation-request-id": "c5f5b9a1-ab92-4b02-809f-dc8e41580021",
        "x-ms-ratelimit-remaining-subscription-reads": "11995",
        "x-ms-request-id": "376f6df7-eb27-4267-9ee5-d71fc9ec295a",
        "x-ms-routing-request-id": "SOUTHEASTASIA:20221027T075342Z:c5f5b9a1-ab92-4b02-809f-dc8e41580021",
        "X-Powered-By": [
          "ASP.NET",
          "ASP.NET"
        ]
      },
      "ResponseBody": {
        "properties": {
          "source": "Azure",
          "customerId": "38155417-87db-4f6b-bc97-419e5579951a",
          "provisioningState": "Succeeded",
          "sku": {
            "name": "pergb2018",
            "lastSkuUpdate": "Thu, 27 Oct 2022 07:53:40 GMT"
          },
          "retentionInDays": 30,
          "features": {
            "legacy": 0,
            "searchVersion": 1,
            "enableLogAccessUsingOnlyResourcePermissions": true
          },
          "workspaceCapping": {
            "dailyQuotaGb": -1.0,
            "quotaNextResetTime": "Fri, 28 Oct 2022 05:00:00 GMT",
            "dataIngestionStatus": "RespectQuota"
          },
          "publicNetworkAccessForIngestion": "Enabled",
          "publicNetworkAccessForQuery": "Enabled",
          "createdDate": "Thu, 27 Oct 2022 07:53:40 GMT",
          "modifiedDate": "Thu, 27 Oct 2022 07:53:41 GMT"
        },
        "id": "/subscriptions/db1ab6f0-4769-4b27-930e-01e2ef9c123c/resourcegroups/testrg-1225/providers/microsoft.operationalinsights/workspaces/testrg-1225-ws",
        "name": "testRG-1225-ws",
        "type": "Microsoft.OperationalInsights/workspaces",
        "location": "eastus",
        "tags": {}
      }
    },
    {
      "RequestUri": "https://management.azure.com/subscriptions/db1ab6f0-4769-4b27-930e-01e2ef9c123c/resourceGroups/testRG-1225/providers/Microsoft.OperationalInsights/workspaces/testRG-1225-ws/providers/Microsoft.SecurityInsights/onboardingStates/default?api-version=2022-08-01-preview",
      "RequestMethod": "PUT",
      "RequestHeaders": {
        "Accept": "application/json",
        "Authorization": "Sanitized",
        "Content-Length": "43",
        "Content-Type": "application/json",
        "traceparent": "00-63351e06251a674385c2691071b37e1d-5e2c95cc4643fc44-00",
        "User-Agent": "azsdk-net-ResourceManager.SecurityInsights/1.0.0-alpha.20221025.1 (.NET Framework 4.8.9075.0; Microsoft Windows 10.0.22621 )",
        "x-ms-client-request-id": "8c98f6b137db195e91857895cdd927b5",
        "x-ms-return-client-request-id": "true"
      },
      "RequestBody": {
        "properties": {
          "customerManagedKey": false
        }
      },
      "StatusCode": 201,
      "ResponseHeaders": {
        "Cache-Control": "no-cache",
        "Content-Length": "579",
        "Content-Type": "application/json; charset=utf-8",
        "Date": "Thu, 27 Oct 2022 07:53:48 GMT",
        "Expires": "-1",
        "Pragma": "no-cache",
        "Server": "Kestrel",
        "Strict-Transport-Security": "max-age=31536000; includeSubDomains",
        "X-Content-Type-Options": "nosniff",
        "x-ms-correlation-request-id": "1d50166e-a619-45ec-993c-a474db502fdc",
        "x-ms-ratelimit-remaining-subscription-resource-requests": "11",
        "x-ms-request-id": "1d50166e-a619-45ec-993c-a474db502fdc",
        "x-ms-routing-request-id": "SOUTHEASTASIA:20221027T075349Z:1d50166e-a619-45ec-993c-a474db502fdc"
      },
      "ResponseBody": {
        "properties": {},
        "id": "/subscriptions/db1ab6f0-4769-4b27-930e-01e2ef9c123c/resourceGroups/testRG-1225/providers/Microsoft.OperationalInsights/workspaces/testRG-1225-ws/providers/Microsoft.SecurityInsights/onboardingStates/default",
        "name": "default",
        "type": "Microsoft.SecurityInsights/onboardingStates",
        "systemData": {
          "createdAt": "2022-10-27T07:53:43.4274003Z",
          "createdBy": "a1fc368b-7f40-4802-8fa1-260d3a6ec34b",
          "createdByType": "Application",
          "lastModifiedAt": "2022-10-27T07:53:43.4274003Z",
          "lastModifiedBy": "a1fc368b-7f40-4802-8fa1-260d3a6ec34b",
          "lastModifiedByType": "Application"
        }
      }
    },
    {
      "RequestUri": "https://management.azure.com/subscriptions/db1ab6f0-4769-4b27-930e-01e2ef9c123c/resourceGroups/testRG-1225/providers/Microsoft.OperationalInsights/workspaces/testRG-1225-ws/providers/Microsoft.SecurityInsights/incidents/testIncidents-8590?api-version=2022-08-01-preview",
      "RequestMethod": "PUT",
      "RequestHeaders": {
        "Accept": "application/json",
        "Authorization": "Sanitized",
        "Content-Length": "83",
        "Content-Type": "application/json",
        "traceparent": "00-bdff8c2e7362744cbd0336efd4eabc21-31512b24491f7a44-00",
        "User-Agent": "azsdk-net-ResourceManager.SecurityInsights/1.0.0-alpha.20221025.1 (.NET Framework 4.8.9075.0; Microsoft Windows 10.0.22621 )",
        "x-ms-client-request-id": "ea0dc74ebb74469b9ec74990114dc5ea",
        "x-ms-return-client-request-id": "true"
      },
      "RequestBody": {
        "properties": {
          "severity": "Low",
          "status": "Active",
          "title": "SDKCreateIncidentTest"
        }
      },
      "StatusCode": 201,
      "ResponseHeaders": {
        "Cache-Control": "no-cache",
        "Content-Length": "1166",
        "Content-Type": "application/json; charset=utf-8",
        "Date": "Thu, 27 Oct 2022 07:53:49 GMT",
        "Expires": "-1",
        "Pragma": "no-cache",
        "Server": "Kestrel",
        "Strict-Transport-Security": "max-age=31536000; includeSubDomains",
        "X-Content-Type-Options": "nosniff",
        "x-ms-correlation-request-id": "87b4996a-ba31-441f-bf0b-2384d81be3b7",
        "x-ms-ratelimit-remaining-subscription-resource-requests": "499",
        "x-ms-request-id": "87b4996a-ba31-441f-bf0b-2384d81be3b7",
        "x-ms-routing-request-id": "SOUTHEASTASIA:20221027T075350Z:87b4996a-ba31-441f-bf0b-2384d81be3b7"
      },
      "ResponseBody": {
        "id": "/subscriptions/db1ab6f0-4769-4b27-930e-01e2ef9c123c/resourceGroups/testRG-1225/providers/Microsoft.OperationalInsights/workspaces/testRG-1225-ws/providers/Microsoft.SecurityInsights/Incidents/testincidents-8590",
        "name": "testincidents-8590",
        "etag": "\u00221f00b870-0000-0100-0000-635a390e0000\u0022",
        "type": "Microsoft.SecurityInsights/Incidents",
        "properties": {
          "title": "SDKCreateIncidentTest",
          "severity": "Low",
          "status": "Active",
          "owner": {
            "objectId": null,
            "email": null,
            "assignedTo": null,
            "userPrincipalName": null,
            "ownerType": null
          },
          "labels": [],
          "lastModifiedTimeUtc": "2022-10-27T07:53:50.1528969Z",
          "createdTimeUtc": "2022-10-27T07:53:50.1528969Z",
          "incidentNumber": 1,
          "additionalData": {
            "alertsCount": 0,
            "bookmarksCount": 0,
            "commentsCount": 0,
            "alertProductNames": [],
            "tactics": [],
            "techniques": []
          },
          "relatedAnalyticRuleIds": [],
          "incidentUrl": "https://portal.azure.com/#asset/Microsoft_Azure_Security_Insights/Incident/subscriptions/db1ab6f0-4769-4b27-930e-01e2ef9c123c/resourceGroups/testRG-1225/providers/Microsoft.OperationalInsights/workspaces/testRG-1225-ws/providers/Microsoft.SecurityInsights/Incidents/testincidents-8590",
          "providerName": "Azure Sentinel",
          "providerIncidentId": "1"
        }
      }
    },
    {
      "RequestUri": "https://management.azure.com/subscriptions/db1ab6f0-4769-4b27-930e-01e2ef9c123c/resourceGroups/testRG-1225/providers/Microsoft.OperationalInsights/workspaces/testRG-1225-ws/providers/Microsoft.SecurityInsights/incidents/testincidents-8590?api-version=2022-08-01-preview",
      "RequestMethod": "GET",
      "RequestHeaders": {
        "Accept": "application/json",
        "Authorization": "Sanitized",
        "traceparent": "00-1f70aefea120e14c8bef9bf6016b675c-f0727afbecd58246-00",
        "User-Agent": "azsdk-net-ResourceManager.SecurityInsights/1.0.0-alpha.20221025.1 (.NET Framework 4.8.9075.0; Microsoft Windows 10.0.22621 )",
        "x-ms-client-request-id": "7d3a9905499abf202d9defb86c7ec0ff",
        "x-ms-return-client-request-id": "true"
      },
      "RequestBody": null,
      "StatusCode": 200,
      "ResponseHeaders": {
        "Cache-Control": "no-cache",
        "Content-Length": "1166",
        "Content-Type": "application/json; charset=utf-8",
        "Date": "Thu, 27 Oct 2022 07:53:50 GMT",
        "Expires": "-1",
        "Pragma": "no-cache",
        "Server": "Kestrel",
        "Strict-Transport-Security": "max-age=31536000; includeSubDomains",
        "X-Content-Type-Options": "nosniff",
        "x-ms-correlation-request-id": "2e0f465f-1189-4a2e-a5fe-3c518009dec1",
        "x-ms-ratelimit-remaining-subscription-reads": "11994",
        "x-ms-request-id": "2e0f465f-1189-4a2e-a5fe-3c518009dec1",
        "x-ms-routing-request-id": "SOUTHEASTASIA:20221027T075351Z:2e0f465f-1189-4a2e-a5fe-3c518009dec1"
      },
      "ResponseBody": {
        "id": "/subscriptions/db1ab6f0-4769-4b27-930e-01e2ef9c123c/resourceGroups/testRG-1225/providers/Microsoft.OperationalInsights/workspaces/testRG-1225-ws/providers/Microsoft.SecurityInsights/Incidents/testincidents-8590",
        "name": "testincidents-8590",
        "etag": "\u00221f00b870-0000-0100-0000-635a390e0000\u0022",
        "type": "Microsoft.SecurityInsights/Incidents",
        "properties": {
          "title": "SDKCreateIncidentTest",
          "severity": "Low",
          "status": "Active",
          "owner": {
            "objectId": null,
            "email": null,
            "assignedTo": null,
            "userPrincipalName": null,
            "ownerType": null
          },
          "labels": [],
          "lastModifiedTimeUtc": "2022-10-27T07:53:50.1528969Z",
          "createdTimeUtc": "2022-10-27T07:53:50.1528969Z",
          "incidentNumber": 1,
          "additionalData": {
            "alertsCount": 0,
            "bookmarksCount": 0,
            "commentsCount": 0,
            "alertProductNames": [],
            "tactics": [],
            "techniques": []
          },
          "relatedAnalyticRuleIds": [],
          "incidentUrl": "https://portal.azure.com/#asset/Microsoft_Azure_Security_Insights/Incident/subscriptions/db1ab6f0-4769-4b27-930e-01e2ef9c123c/resourceGroups/testRG-1225/providers/Microsoft.OperationalInsights/workspaces/testRG-1225-ws/providers/Microsoft.SecurityInsights/Incidents/testincidents-8590",
          "providerName": "Azure Sentinel",
          "providerIncidentId": "1"
        }
      }
    },
    {
      "RequestUri": "https://management.azure.com/subscriptions/db1ab6f0-4769-4b27-930e-01e2ef9c123c/resourceGroups/testRG-1225/providers/Microsoft.OperationalInsights/workspaces/testRG-1225-ws/providers/Microsoft.SecurityInsights/incidents/testincidents-8590?api-version=2022-08-01-preview",
      "RequestMethod": "DELETE",
      "RequestHeaders": {
        "Accept": "application/json",
        "Authorization": "Sanitized",
        "traceparent": "00-fda77eb549926347abf12cf055ad2110-792b673262598746-00",
        "User-Agent": "azsdk-net-ResourceManager.SecurityInsights/1.0.0-alpha.20221025.1 (.NET Framework 4.8.9075.0; Microsoft Windows 10.0.22621 )",
        "x-ms-client-request-id": "29fc0e9f90ff3b3cfd453d6f14888038",
        "x-ms-return-client-request-id": "true"
      },
      "RequestBody": null,
      "StatusCode": 200,
      "ResponseHeaders": {
        "Cache-Control": "no-cache",
        "Content-Length": "2",
        "Content-Type": "application/json; charset=utf-8",
        "Date": "Thu, 27 Oct 2022 07:53:50 GMT",
        "Expires": "-1",
        "Pragma": "no-cache",
        "Server": "Kestrel",
        "Strict-Transport-Security": "max-age=31536000; includeSubDomains",
        "X-Content-Type-Options": "nosniff",
        "x-ms-correlation-request-id": "d703d90f-23d7-4e84-847f-b845cce60e9d",
        "x-ms-ratelimit-remaining-subscription-deletes": "14998",
        "x-ms-request-id": "d703d90f-23d7-4e84-847f-b845cce60e9d",
        "x-ms-routing-request-id": "SOUTHEASTASIA:20221027T075351Z:d703d90f-23d7-4e84-847f-b845cce60e9d"
      },
      "ResponseBody": {}
    }
  ],
  "Variables": {
    "AZURE_AUTHORITY_HOST": "https://login.microsoftonline.com/",
    "RandomSeed": "1699719880",
    "RESOURCE_MANAGER_URL": null,
    "SUBSCRIPTION_ID": "db1ab6f0-4769-4b27-930e-01e2ef9c123c"
  }
}
