{
  "Entries": [
    {
      "RequestUri": "/subscriptions/0b1f6471-1bf0-4dda-aec3-cb9272f09590/providers/Microsoft.Network?api-version=2015-11-01",
      "EncodedRequestUri": "L3N1YnNjcmlwdGlvbnMvMGIxZjY0NzEtMWJmMC00ZGRhLWFlYzMtY2I5MjcyZjA5NTkwL3Byb3ZpZGVycy9NaWNyb3NvZnQuTmV0d29yaz9hcGktdmVyc2lvbj0yMDE1LTExLTAx",
      "RequestMethod": "GET",
      "RequestBody": "",
      "RequestHeaders": {
        "x-ms-client-request-id": [
          "9ca9fb6d-cc45-4891-a6a0-aa73ba8bce34"
        ],
        "accept-language": [
          "en-US"
        ],
        "User-Agent": [
          "Microsoft.Azure.Management.Resources.ResourceManagementClient/1.0.0-preview"
        ]
      },
      "ResponseBody": "{\r\n  \"id\": \"/subscriptions/0b1f6471-1bf0-4dda-aec3-cb9272f09590/providers/Microsoft.Network\",\r\n  \"namespace\": \"Microsoft.Network\",\r\n  \"authorization\": {\r\n    \"applicationId\": \"2cf9eb86-36b5-49dc-86ae-9a63135dfa8c\",\r\n    \"roleDefinitionId\": \"13ba9ab4-19f0-4804-adc4-14ece36cc7a1\"\r\n  },\r\n  \"resourceTypes\": [\r\n    {\r\n      \"resourceType\": \"virtualNetworks\",\r\n      \"locations\": [\r\n        \"West US\",\r\n        \"East US\",\r\n        \"North Europe\",\r\n        \"West Europe\",\r\n        \"East Asia\",\r\n        \"Southeast Asia\",\r\n        \"North Central US\",\r\n        \"South Central US\",\r\n        \"Central US\",\r\n        \"East US 2\",\r\n        \"Japan East\",\r\n        \"Japan West\",\r\n        \"Brazil South\",\r\n        \"Australia East\",\r\n        \"Australia Southeast\",\r\n        \"Central India\",\r\n        \"South India\",\r\n        \"Canada Central\",\r\n        \"Canada East\"\r\n      ],\r\n      \"apiVersions\": [\r\n        \"2017-03-01\",\r\n        \"2017-03-01\",\r\n        \"2015-06-15\",\r\n        \"2015-05-01-preview\",\r\n        \"2014-12-01-preview\"\r\n      ],\r\n      \"capabilities\": \"CrossResourceGroupResourceMove, CrossSubscriptionResourceMove\"\r\n    },\r\n    {\r\n      \"resourceType\": \"publicIPAddresses\",\r\n      \"locations\": [\r\n        \"West US\",\r\n        \"East US\",\r\n        \"North Europe\",\r\n        \"West Europe\",\r\n        \"East Asia\",\r\n        \"Southeast Asia\",\r\n        \"North Central US\",\r\n        \"South Central US\",\r\n        \"Central US\",\r\n        \"East US 2\",\r\n        \"Japan East\",\r\n        \"Japan West\",\r\n        \"Brazil South\",\r\n        \"Australia East\",\r\n        \"Australia Southeast\",\r\n        \"Central India\",\r\n        \"South India\",\r\n        \"Canada Central\",\r\n        \"Canada East\"\r\n      ],\r\n      \"apiVersions\": [\r\n        \"2017-03-01\",\r\n        \"2017-03-01\",\r\n        \"2015-06-15\",\r\n        \"2015-05-01-preview\",\r\n        \"2014-12-01-preview\"\r\n      ],\r\n      \"capabilities\": \"CrossResourceGroupResourceMove, CrossSubscriptionResourceMove\"\r\n    },\r\n    {\r\n      \"resourceType\": \"networkInterfaces\",\r\n      \"locations\": [\r\n        \"West US\",\r\n        \"East US\",\r\n        \"North Europe\",\r\n        \"West Europe\",\r\n        \"East Asia\",\r\n        \"Southeast Asia\",\r\n        \"North Central US\",\r\n        \"South Central US\",\r\n        \"Central US\",\r\n        \"East US 2\",\r\n        \"Japan East\",\r\n        \"Japan West\",\r\n        \"Brazil South\",\r\n        \"Australia East\",\r\n        \"Australia Southeast\",\r\n        \"Central India\",\r\n        \"South India\",\r\n        \"Canada Central\",\r\n        \"Canada East\"\r\n      ],\r\n      \"apiVersions\": [\r\n        \"2017-03-01\",\r\n        \"2017-03-01\",\r\n        \"2015-06-15\",\r\n        \"2015-05-01-preview\",\r\n        \"2014-12-01-preview\"\r\n      ],\r\n      \"capabilities\": \"CrossResourceGroupResourceMove, CrossSubscriptionResourceMove\"\r\n    },\r\n    {\r\n      \"resourceType\": \"loadBalancers\",\r\n      \"locations\": [\r\n        \"West US\",\r\n        \"East US\",\r\n        \"North Europe\",\r\n        \"West Europe\",\r\n        \"East Asia\",\r\n        \"Southeast Asia\",\r\n        \"North Central US\",\r\n        \"South Central US\",\r\n        \"Central US\",\r\n        \"East US 2\",\r\n        \"Japan East\",\r\n        \"Japan West\",\r\n        \"Brazil South\",\r\n        \"Australia East\",\r\n        \"Australia Southeast\",\r\n        \"Central India\",\r\n        \"South India\",\r\n        \"Canada Central\",\r\n        \"Canada East\"\r\n      ],\r\n      \"apiVersions\": [\r\n        \"2017-03-01\",\r\n        \"2017-03-01\",\r\n        \"2015-06-15\",\r\n        \"2015-05-01-preview\",\r\n        \"2014-12-01-preview\"\r\n      ],\r\n      \"capabilities\": \"CrossResourceGroupResourceMove, CrossSubscriptionResourceMove\"\r\n    },\r\n    {\r\n      \"resourceType\": \"networkSecurityGroups\",\r\n      \"locations\": [\r\n        \"West US\",\r\n        \"East US\",\r\n        \"North Europe\",\r\n        \"West Europe\",\r\n        \"East Asia\",\r\n        \"Southeast Asia\",\r\n        \"North Central US\",\r\n        \"South Central US\",\r\n        \"Central US\",\r\n        \"East US 2\",\r\n        \"Japan East\",\r\n        \"Japan West\",\r\n        \"Brazil South\",\r\n        \"Australia East\",\r\n        \"Australia Southeast\",\r\n        \"Central India\",\r\n        \"South India\",\r\n        \"Canada Central\",\r\n        \"Canada East\"\r\n      ],\r\n      \"apiVersions\": [\r\n        \"2017-03-01\",\r\n        \"2017-03-01\",\r\n        \"2015-06-15\",\r\n        \"2015-05-01-preview\",\r\n        \"2014-12-01-preview\"\r\n      ],\r\n      \"capabilities\": \"CrossResourceGroupResourceMove, CrossSubscriptionResourceMove\"\r\n    },\r\n    {\r\n      \"resourceType\": \"routeTables\",\r\n      \"locations\": [\r\n        \"West US\",\r\n        \"East US\",\r\n        \"North Europe\",\r\n        \"West Europe\",\r\n        \"East Asia\",\r\n        \"Southeast Asia\",\r\n        \"North Central US\",\r\n        \"South Central US\",\r\n        \"Central US\",\r\n        \"East US 2\",\r\n        \"Japan East\",\r\n        \"Japan West\",\r\n        \"Brazil South\",\r\n        \"Australia East\",\r\n        \"Australia Southeast\",\r\n        \"Central India\",\r\n        \"South India\",\r\n        \"Canada Central\",\r\n        \"Canada East\"\r\n      ],\r\n      \"apiVersions\": [\r\n        \"2017-03-01\",\r\n        \"2017-03-01\",\r\n        \"2015-06-15\",\r\n        \"2015-05-01-preview\",\r\n        \"2014-12-01-preview\"\r\n      ],\r\n      \"capabilities\": \"CrossResourceGroupResourceMove, CrossSubscriptionResourceMove\"\r\n    },\r\n    {\r\n      \"resourceType\": \"virtualNetworkGateways\",\r\n      \"locations\": [\r\n        \"West US\",\r\n        \"East US\",\r\n        \"North Europe\",\r\n        \"West Europe\",\r\n        \"East Asia\",\r\n        \"Southeast Asia\",\r\n        \"North Central US\",\r\n        \"South Central US\",\r\n        \"Central US\",\r\n        \"East US 2\",\r\n        \"Japan East\",\r\n        \"Japan West\",\r\n        \"Brazil South\",\r\n        \"Australia East\",\r\n        \"Australia Southeast\",\r\n        \"Central India\",\r\n        \"South India\",\r\n        \"Canada Central\",\r\n        \"Canada East\"\r\n      ],\r\n      \"apiVersions\": [\r\n        \"2017-03-01\",\r\n        \"2017-03-01\",\r\n        \"2015-06-15\",\r\n        \"2015-05-01-preview\",\r\n        \"2014-12-01-preview\"\r\n      ],\r\n      \"capabilities\": \"None\"\r\n    },\r\n    {\r\n      \"resourceType\": \"localNetworkGateways\",\r\n      \"locations\": [\r\n        \"West US\",\r\n        \"East US\",\r\n        \"North Europe\",\r\n        \"West Europe\",\r\n        \"East Asia\",\r\n        \"Southeast Asia\",\r\n        \"North Central US\",\r\n        \"South Central US\",\r\n        \"Central US\",\r\n        \"East US 2\",\r\n        \"Japan East\",\r\n        \"Japan West\",\r\n        \"Brazil South\",\r\n        \"Australia East\",\r\n        \"Australia Southeast\",\r\n        \"Central India\",\r\n        \"South India\",\r\n        \"Canada Central\",\r\n        \"Canada East\"\r\n      ],\r\n      \"apiVersions\": [\r\n        \"2017-03-01\",\r\n        \"2017-03-01\",\r\n        \"2015-06-15\",\r\n        \"2015-05-01-preview\",\r\n        \"2014-12-01-preview\"\r\n      ],\r\n      \"capabilities\": \"None\"\r\n    },\r\n    {\r\n      \"resourceType\": \"connections\",\r\n      \"locations\": [\r\n        \"West US\",\r\n        \"East US\",\r\n        \"North Europe\",\r\n        \"West Europe\",\r\n        \"East Asia\",\r\n        \"Southeast Asia\",\r\n        \"North Central US\",\r\n        \"South Central US\",\r\n        \"Central US\",\r\n        \"East US 2\",\r\n        \"Japan East\",\r\n        \"Japan West\",\r\n        \"Brazil South\",\r\n        \"Australia East\",\r\n        \"Australia Southeast\",\r\n        \"Central India\",\r\n        \"South India\",\r\n        \"Canada Central\",\r\n        \"Canada East\"\r\n      ],\r\n      \"apiVersions\": [\r\n        \"2017-03-01\",\r\n        \"2017-03-01\",\r\n        \"2015-06-15\",\r\n        \"2015-05-01-preview\",\r\n        \"2014-12-01-preview\"\r\n      ],\r\n      \"capabilities\": \"None\"\r\n    },\r\n    {\r\n      \"resourceType\": \"applicationGateways\",\r\n      \"locations\": [\r\n        \"West US\",\r\n        \"East US\",\r\n        \"North Europe\",\r\n        \"West Europe\",\r\n        \"East Asia\",\r\n        \"Southeast Asia\",\r\n        \"North Central US\",\r\n        \"South Central US\",\r\n        \"Central US\",\r\n        \"East US 2\",\r\n        \"Japan East\",\r\n        \"Japan West\",\r\n        \"Brazil South\",\r\n        \"Australia East\",\r\n        \"Australia Southeast\",\r\n        \"Central India\",\r\n        \"South India\",\r\n        \"Canada Central\",\r\n        \"Canada East\"\r\n      ],\r\n      \"apiVersions\": [\r\n        \"2017-03-01\",\r\n        \"2017-03-01\",\r\n        \"2015-06-15\",\r\n        \"2015-05-01-preview\",\r\n        \"2014-12-01-preview\"\r\n      ],\r\n      \"capabilities\": \"None\"\r\n    },\r\n    {\r\n      \"resourceType\": \"locations\",\r\n      \"locations\": [],\r\n      \"apiVersions\": [\r\n        \"2017-03-01\",\r\n        \"2017-03-01\",\r\n        \"2015-06-15\",\r\n        \"2015-05-01-preview\",\r\n        \"2014-12-01-preview\"\r\n      ]\r\n    },\r\n    {\r\n      \"resourceType\": \"locations/operations\",\r\n      \"locations\": [],\r\n      \"apiVersions\": [\r\n        \"2017-03-01\",\r\n        \"2017-03-01\",\r\n        \"2015-06-15\",\r\n        \"2015-05-01-preview\",\r\n        \"2014-12-01-preview\"\r\n      ]\r\n    },\r\n    {\r\n      \"resourceType\": \"locations/operationResults\",\r\n      \"locations\": [],\r\n      \"apiVersions\": [\r\n        \"2017-03-01\",\r\n        \"2017-03-01\",\r\n        \"2015-06-15\",\r\n        \"2015-05-01-preview\",\r\n        \"2014-12-01-preview\"\r\n      ]\r\n    },\r\n    {\r\n      \"resourceType\": \"locations/CheckDnsNameAvailability\",\r\n      \"locations\": [\r\n        \"West US\",\r\n        \"East US\",\r\n        \"North Europe\",\r\n        \"West Europe\",\r\n        \"East Asia\",\r\n        \"Southeast Asia\",\r\n        \"North Central US\",\r\n        \"South Central US\",\r\n        \"Central US\",\r\n        \"East US 2\",\r\n        \"Japan East\",\r\n        \"Japan West\",\r\n        \"Brazil South\",\r\n        \"Australia East\",\r\n        \"Australia Southeast\",\r\n        \"Central India\",\r\n        \"South India\",\r\n        \"Canada Central\",\r\n        \"Canada East\"\r\n      ],\r\n      \"apiVersions\": [\r\n        \"2017-03-01\",\r\n        \"2017-03-01\",\r\n        \"2015-06-15\",\r\n        \"2015-05-01-preview\",\r\n        \"2014-12-01-preview\"\r\n      ]\r\n    },\r\n    {\r\n      \"resourceType\": \"locations/usages\",\r\n      \"locations\": [\r\n        \"West US\",\r\n        \"East US\",\r\n        \"North Europe\",\r\n        \"West Europe\",\r\n        \"East Asia\",\r\n        \"Southeast Asia\",\r\n        \"North Central US\",\r\n        \"South Central US\",\r\n        \"Central US\",\r\n        \"East US 2\",\r\n        \"Japan East\",\r\n        \"Japan West\",\r\n        \"Brazil South\",\r\n        \"Australia East\",\r\n        \"Australia Southeast\",\r\n        \"Central India\",\r\n        \"South India\",\r\n        \"Canada Central\",\r\n        \"Canada East\"\r\n      ],\r\n      \"apiVersions\": [\r\n        \"2017-03-01\",\r\n        \"2017-03-01\",\r\n        \"2015-06-15\",\r\n        \"2015-05-01-preview\",\r\n        \"2014-12-01-preview\"\r\n      ]\r\n    },\r\n    {\r\n      \"resourceType\": \"operations\",\r\n      \"locations\": [],\r\n      \"apiVersions\": [\r\n        \"2017-03-01\",\r\n        \"2017-03-01\",\r\n        \"2015-06-15\",\r\n        \"2015-05-01-preview\",\r\n        \"2014-12-01-preview\"\r\n      ]\r\n    },\r\n    {\r\n      \"resourceType\": \"dnszones\",\r\n      \"locations\": [\r\n        \"global\"\r\n      ],\r\n      \"apiVersions\": [\r\n        \"2016-04-01\",\r\n        \"2015-05-04-preview\"\r\n      ],\r\n      \"capabilities\": \"CrossResourceGroupResourceMove, CrossSubscriptionResourceMove\"\r\n    },\r\n    {\r\n      \"resourceType\": \"dnszones/A\",\r\n      \"locations\": [\r\n        \"global\"\r\n      ],\r\n      \"apiVersions\": [\r\n        \"2016-04-01\",\r\n        \"2015-05-04-preview\"\r\n      ]\r\n    },\r\n    {\r\n      \"resourceType\": \"dnszones/AAAA\",\r\n      \"locations\": [\r\n        \"global\"\r\n      ],\r\n      \"apiVersions\": [\r\n        \"2016-04-01\",\r\n        \"2015-05-04-preview\"\r\n      ]\r\n    },\r\n    {\r\n      \"resourceType\": \"dnszones/CNAME\",\r\n      \"locations\": [\r\n        \"global\"\r\n      ],\r\n      \"apiVersions\": [\r\n        \"2016-04-01\",\r\n        \"2015-05-04-preview\"\r\n      ]\r\n    },\r\n    {\r\n      \"resourceType\": \"dnszones/PTR\",\r\n      \"locations\": [\r\n        \"global\"\r\n      ],\r\n      \"apiVersions\": [\r\n        \"2016-04-01\",\r\n        \"2015-05-04-preview\"\r\n      ]\r\n    },\r\n    {\r\n      \"resourceType\": \"dnszones/MX\",\r\n      \"locations\": [\r\n        \"global\"\r\n      ],\r\n      \"apiVersions\": [\r\n        \"2016-04-01\",\r\n        \"2015-05-04-preview\"\r\n      ]\r\n    },\r\n    {\r\n      \"resourceType\": \"dnszones/TXT\",\r\n      \"locations\": [\r\n        \"global\"\r\n      ],\r\n      \"apiVersions\": [\r\n        \"2016-04-01\",\r\n        \"2015-05-04-preview\"\r\n      ]\r\n    },\r\n    {\r\n      \"resourceType\": \"dnszones/SRV\",\r\n      \"locations\": [\r\n        \"global\"\r\n      ],\r\n      \"apiVersions\": [\r\n        \"2016-04-01\",\r\n        \"2015-05-04-preview\"\r\n      ]\r\n    },\r\n    {\r\n      \"resourceType\": \"trafficmanagerprofiles\",\r\n      \"locations\": [\r\n        \"global\"\r\n      ],\r\n      \"apiVersions\": [\r\n        \"2015-11-01\",\r\n        \"2015-04-28-preview\"\r\n      ],\r\n      \"capabilities\": \"CrossResourceGroupResourceMove, CrossSubscriptionResourceMove\"\r\n    },\r\n    {\r\n      \"resourceType\": \"checkTrafficManagerNameAvailability\",\r\n      \"locations\": [\r\n        \"global\"\r\n      ],\r\n      \"apiVersions\": [\r\n        \"2015-11-01\",\r\n        \"2015-04-28-preview\"\r\n      ]\r\n    },\r\n    {\r\n      \"resourceType\": \"expressRouteCircuits\",\r\n      \"locations\": [\r\n        \"West US\",\r\n        \"East US\",\r\n        \"North Europe\",\r\n        \"West Europe\",\r\n        \"East Asia\",\r\n        \"Southeast Asia\",\r\n        \"North Central US\",\r\n        \"South Central US\",\r\n        \"Central US\",\r\n        \"East US 2\",\r\n        \"Japan East\",\r\n        \"Japan West\",\r\n        \"Brazil South\",\r\n        \"Australia East\",\r\n        \"Australia Southeast\",\r\n        \"Central India\",\r\n        \"South India\",\r\n        \"Canada Central\",\r\n        \"Canada East\"\r\n      ],\r\n      \"apiVersions\": [\r\n        \"2017-03-01\",\r\n        \"2017-03-01\",\r\n        \"2015-06-15\",\r\n        \"2015-05-01-preview\",\r\n        \"2014-12-01-preview\"\r\n      ],\r\n      \"capabilities\": \"None\"\r\n    },\r\n    {\r\n      \"resourceType\": \"expressRouteServiceProviders\",\r\n      \"locations\": [],\r\n      \"apiVersions\": [\r\n        \"2017-03-01\",\r\n        \"2017-03-01\",\r\n        \"2015-06-15\",\r\n        \"2015-05-01-preview\",\r\n        \"2014-12-01-preview\"\r\n      ]\r\n    }\r\n  ],\r\n  \"registrationState\": \"Registered\"\r\n}",
      "ResponseHeaders": {
        "Content-Type": [
          "application/json; charset=utf-8"
        ],
        "Expires": [
          "-1"
        ],
        "Cache-Control": [
          "no-cache"
        ],
        "Date": [
          "Thu, 02 Jun 2016 22:11:13 GMT"
        ],
        "Pragma": [
          "no-cache"
        ],
        "Vary": [
          "Accept-Encoding"
        ],
        "x-ms-ratelimit-remaining-subscription-reads": [
          "14944"
        ],
        "x-ms-request-id": [
          "c681ff6d-c2f6-4ae7-a02f-9418a8e39012"
        ],
        "x-ms-correlation-request-id": [
          "c681ff6d-c2f6-4ae7-a02f-9418a8e39012"
        ],
        "x-ms-routing-request-id": [
          "WESTUS:20160602T221113Z:c681ff6d-c2f6-4ae7-a02f-9418a8e39012"
        ],
        "Strict-Transport-Security": [
          "max-age=31536000; includeSubDomains"
        ]
      },
      "StatusCode": 200
    },
    {
      "RequestUri": "/subscriptions/0b1f6471-1bf0-4dda-aec3-cb9272f09590/resourcegroups/csmrg25?api-version=2015-11-01",
      "EncodedRequestUri": "L3N1YnNjcmlwdGlvbnMvMGIxZjY0NzEtMWJmMC00ZGRhLWFlYzMtY2I5MjcyZjA5NTkwL3Jlc291cmNlZ3JvdXBzL2NzbXJnMjU/YXBpLXZlcnNpb249MjAxNS0xMS0wMQ==",
      "RequestMethod": "PUT",
      "RequestBody": "{\r\n  \"location\": \"West US\"\r\n}",
      "RequestHeaders": {
        "Content-Type": [
          "application/json; charset=utf-8"
        ],
        "Content-Length": [
          "29"
        ],
        "x-ms-client-request-id": [
          "80c927f1-9f01-4e34-a47f-248eaec4798e"
        ],
        "accept-language": [
          "en-US"
        ],
        "User-Agent": [
          "Microsoft.Azure.Management.Resources.ResourceManagementClient/1.0.0-preview"
        ]
      },
      "ResponseBody": "{\r\n  \"id\": \"/subscriptions/0b1f6471-1bf0-4dda-aec3-cb9272f09590/resourceGroups/csmrg25\",\r\n  \"name\": \"csmrg25\",\r\n  \"location\": \"westus\",\r\n  \"properties\": {\r\n    \"provisioningState\": \"Succeeded\"\r\n  }\r\n}",
      "ResponseHeaders": {
        "Content-Length": [
          "167"
        ],
        "Content-Type": [
          "application/json; charset=utf-8"
        ],
        "Expires": [
          "-1"
        ],
        "Cache-Control": [
          "no-cache"
        ],
        "Date": [
          "Thu, 02 Jun 2016 22:11:14 GMT"
        ],
        "Pragma": [
          "no-cache"
        ],
        "x-ms-ratelimit-remaining-subscription-writes": [
          "1198"
        ],
        "x-ms-request-id": [
          "6de74eb7-7944-4c2c-b7db-53f89c4db686"
        ],
        "x-ms-correlation-request-id": [
          "6de74eb7-7944-4c2c-b7db-53f89c4db686"
        ],
        "x-ms-routing-request-id": [
          "WESTUS:20160602T221114Z:6de74eb7-7944-4c2c-b7db-53f89c4db686"
        ],
        "Strict-Transport-Security": [
          "max-age=31536000; includeSubDomains"
        ]
      },
      "StatusCode": 201
    },
    {
      "RequestUri": "/subscriptions/0b1f6471-1bf0-4dda-aec3-cb9272f09590/resourceGroups/csmrg25/providers/Microsoft.Network/publicIPAddresses/azsmnet4721?api-version=2017-03-01",
      "EncodedRequestUri": "L3N1YnNjcmlwdGlvbnMvMGIxZjY0NzEtMWJmMC00ZGRhLWFlYzMtY2I5MjcyZjA5NTkwL3Jlc291cmNlR3JvdXBzL2NzbXJnMjUvcHJvdmlkZXJzL01pY3Jvc29mdC5OZXR3b3JrL3B1YmxpY0lQQWRkcmVzc2VzL2F6c21uZXQ0NzIxP2FwaS12ZXJzaW9uPTIwMTctMDMtMDE=",
      "RequestMethod": "PUT",
      "RequestBody": "{\r\n  \"location\": \"West US\",\r\n  \"tags\": {\r\n    \"key\": \"value\"\r\n  },\r\n  \"properties\": {\r\n    \"publicIPAllocationMethod\": \"Dynamic\",\r\n    \"dnsSettings\": {\r\n      \"domainNameLabel\": \"azsmnet6884\"\r\n    }\r\n  }\r\n}",
      "RequestHeaders": {
        "Content-Type": [
          "application/json; charset=utf-8"
        ],
        "Content-Length": [
          "206"
        ],
        "x-ms-client-request-id": [
          "e2ccca5c-3f79-4201-b4a4-f61666b87f04"
        ],
        "accept-language": [
          "en-US"
        ],
        "User-Agent": [
          "Microsoft.Azure.Management.Network.NetworkManagementClient/5.0.0-preview"
        ]
      },
      "ResponseBody": "{\r\n  \"name\": \"azsmnet4721\",\r\n  \"id\": \"/subscriptions/0b1f6471-1bf0-4dda-aec3-cb9272f09590/resourceGroups/csmrg25/providers/Microsoft.Network/publicIPAddresses/azsmnet4721\",\r\n  \"etag\": \"W/\\\"d4f5634b-c61a-43f8-9e8a-1730b50c5c06\\\"\",\r\n  \"type\": \"Microsoft.Network/publicIPAddresses\",\r\n  \"location\": \"westus\",\r\n  \"tags\": {\r\n    \"key\": \"value\"\r\n  },\r\n  \"properties\": {\r\n    \"provisioningState\": \"Updating\",\r\n    \"resourceGuid\": \"3ff45565-6752-4ef6-8945-fb5c4ff4643c\",\r\n    \"publicIPAddressVersion\": \"IPv4\",\r\n    \"publicIPAllocationMethod\": \"Dynamic\",\r\n    \"idleTimeoutInMinutes\": 4,\r\n    \"dnsSettings\": {\r\n      \"domainNameLabel\": \"azsmnet6884\",\r\n      \"fqdn\": \"azsmnet6884.westus.cloudapp.azure.com\"\r\n    }\r\n  }\r\n}",
      "ResponseHeaders": {
        "Content-Length": [
          "709"
        ],
        "Content-Type": [
          "application/json; charset=utf-8"
        ],
        "Expires": [
          "-1"
        ],
        "Cache-Control": [
          "no-cache"
        ],
        "Date": [
          "Thu, 02 Jun 2016 22:11:15 GMT"
        ],
        "Pragma": [
          "no-cache"
        ],
        "Retry-After": [
          "10"
        ],
        "Server": [
          "Microsoft-HTTPAPI/2.0",
          "Microsoft-HTTPAPI/2.0"
        ],
        "x-ms-request-id": [
          "3dad47db-7a5d-4764-b1a8-45e4c54ecb14"
        ],
        "Azure-AsyncOperation": [
          "https://management.azure.com/subscriptions/0b1f6471-1bf0-4dda-aec3-cb9272f09590/providers/Microsoft.Network/locations/westus/operations/3dad47db-7a5d-4764-b1a8-45e4c54ecb14?api-version=2017-03-01"
        ],
        "Strict-Transport-Security": [
          "max-age=31536000; includeSubDomains"
        ],
        "x-ms-ratelimit-remaining-subscription-writes": [
          "1199"
        ],
        "x-ms-correlation-request-id": [
          "3edd0d16-bc41-46b1-8257-2091e02ac337"
        ],
        "x-ms-routing-request-id": [
          "WESTUS:20160602T221116Z:3edd0d16-bc41-46b1-8257-2091e02ac337"
        ]
      },
      "StatusCode": 201
    },
    {
      "RequestUri": "/subscriptions/0b1f6471-1bf0-4dda-aec3-cb9272f09590/providers/Microsoft.Network/locations/westus/operations/3dad47db-7a5d-4764-b1a8-45e4c54ecb14?api-version=2017-03-01",
      "EncodedRequestUri": "L3N1YnNjcmlwdGlvbnMvMGIxZjY0NzEtMWJmMC00ZGRhLWFlYzMtY2I5MjcyZjA5NTkwL3Byb3ZpZGVycy9NaWNyb3NvZnQuTmV0d29yay9sb2NhdGlvbnMvd2VzdHVzL29wZXJhdGlvbnMvM2RhZDQ3ZGItN2E1ZC00NzY0LWIxYTgtNDVlNGM1NGVjYjE0P2FwaS12ZXJzaW9uPTIwMTctMDMtMDE=",
      "RequestMethod": "GET",
      "RequestBody": "",
      "RequestHeaders": {
        "User-Agent": [
          "Microsoft.Azure.Management.Network.NetworkManagementClient/5.0.0-preview"
        ]
      },
      "ResponseBody": "{\r\n  \"status\": \"Succeeded\"\r\n}",
      "ResponseHeaders": {
        "Content-Type": [
          "application/json; charset=utf-8"
        ],
        "Expires": [
          "-1"
        ],
        "Cache-Control": [
          "no-cache"
        ],
        "Date": [
          "Thu, 02 Jun 2016 22:11:46 GMT"
        ],
        "Pragma": [
          "no-cache"
        ],
        "Transfer-Encoding": [
          "chunked"
        ],
        "Server": [
          "Microsoft-HTTPAPI/2.0",
          "Microsoft-HTTPAPI/2.0"
        ],
        "Vary": [
          "Accept-Encoding"
        ],
        "x-ms-request-id": [
          "f95ae1fa-f266-4296-98c0-a9e014b7decc"
        ],
        "Strict-Transport-Security": [
          "max-age=31536000; includeSubDomains"
        ],
        "x-ms-ratelimit-remaining-subscription-reads": [
          "14927"
        ],
        "x-ms-correlation-request-id": [
          "ed9a911a-e066-4610-8e48-7f17c475e055"
        ],
        "x-ms-routing-request-id": [
          "WESTUS:20160602T221146Z:ed9a911a-e066-4610-8e48-7f17c475e055"
        ]
      },
      "StatusCode": 200
    },
    {
      "RequestUri": "/subscriptions/0b1f6471-1bf0-4dda-aec3-cb9272f09590/resourceGroups/csmrg25/providers/Microsoft.Network/publicIPAddresses/azsmnet4721?api-version=2017-03-01",
      "EncodedRequestUri": "L3N1YnNjcmlwdGlvbnMvMGIxZjY0NzEtMWJmMC00ZGRhLWFlYzMtY2I5MjcyZjA5NTkwL3Jlc291cmNlR3JvdXBzL2NzbXJnMjUvcHJvdmlkZXJzL01pY3Jvc29mdC5OZXR3b3JrL3B1YmxpY0lQQWRkcmVzc2VzL2F6c21uZXQ0NzIxP2FwaS12ZXJzaW9uPTIwMTctMDMtMDE=",
      "RequestMethod": "GET",
      "RequestBody": "",
      "RequestHeaders": {
        "User-Agent": [
          "Microsoft.Azure.Management.Network.NetworkManagementClient/5.0.0-preview"
        ]
      },
      "ResponseBody": "{\r\n  \"name\": \"azsmnet4721\",\r\n  \"id\": \"/subscriptions/0b1f6471-1bf0-4dda-aec3-cb9272f09590/resourceGroups/csmrg25/providers/Microsoft.Network/publicIPAddresses/azsmnet4721\",\r\n  \"etag\": \"W/\\\"d5d07579-a9a2-4724-a269-06a0da44c056\\\"\",\r\n  \"type\": \"Microsoft.Network/publicIPAddresses\",\r\n  \"location\": \"westus\",\r\n  \"tags\": {\r\n    \"key\": \"value\"\r\n  },\r\n  \"properties\": {\r\n    \"provisioningState\": \"Succeeded\",\r\n    \"resourceGuid\": \"3ff45565-6752-4ef6-8945-fb5c4ff4643c\",\r\n    \"publicIPAddressVersion\": \"IPv4\",\r\n    \"publicIPAllocationMethod\": \"Dynamic\",\r\n    \"idleTimeoutInMinutes\": 4,\r\n    \"dnsSettings\": {\r\n      \"domainNameLabel\": \"azsmnet6884\",\r\n      \"fqdn\": \"azsmnet6884.westus.cloudapp.azure.com\"\r\n    }\r\n  }\r\n}",
      "ResponseHeaders": {
        "Content-Type": [
          "application/json; charset=utf-8"
        ],
        "Expires": [
          "-1"
        ],
        "Cache-Control": [
          "no-cache"
        ],
        "Date": [
          "Thu, 02 Jun 2016 22:11:46 GMT"
        ],
        "Pragma": [
          "no-cache"
        ],
        "Transfer-Encoding": [
          "chunked"
        ],
        "ETag": [
          "W/\"d5d07579-a9a2-4724-a269-06a0da44c056\""
        ],
        "Server": [
          "Microsoft-HTTPAPI/2.0",
          "Microsoft-HTTPAPI/2.0"
        ],
        "Vary": [
          "Accept-Encoding"
        ],
        "x-ms-request-id": [
          "7cbe62a0-3676-4001-9bdf-20b025fde098"
        ],
        "Strict-Transport-Security": [
          "max-age=31536000; includeSubDomains"
        ],
        "x-ms-ratelimit-remaining-subscription-reads": [
          "14926"
        ],
        "x-ms-correlation-request-id": [
          "30fa310e-d42e-43ec-a2df-857729adbf2b"
        ],
        "x-ms-routing-request-id": [
          "WESTUS:20160602T221146Z:30fa310e-d42e-43ec-a2df-857729adbf2b"
        ]
      },
      "StatusCode": 200
    },
    {
      "RequestUri": "/subscriptions/0b1f6471-1bf0-4dda-aec3-cb9272f09590/resourceGroups/csmrg25/providers/Microsoft.Network/publicIPAddresses/azsmnet4721?api-version=2017-03-01",
      "EncodedRequestUri": "L3N1YnNjcmlwdGlvbnMvMGIxZjY0NzEtMWJmMC00ZGRhLWFlYzMtY2I5MjcyZjA5NTkwL3Jlc291cmNlR3JvdXBzL2NzbXJnMjUvcHJvdmlkZXJzL01pY3Jvc29mdC5OZXR3b3JrL3B1YmxpY0lQQWRkcmVzc2VzL2F6c21uZXQ0NzIxP2FwaS12ZXJzaW9uPTIwMTctMDMtMDE=",
      "RequestMethod": "GET",
      "RequestBody": "",
      "RequestHeaders": {
        "x-ms-client-request-id": [
          "86d994ec-cb4b-46c7-9a41-0e5116d92289"
        ],
        "accept-language": [
          "en-US"
        ],
        "User-Agent": [
          "Microsoft.Azure.Management.Network.NetworkManagementClient/5.0.0-preview"
        ]
      },
      "ResponseBody": "{\r\n  \"name\": \"azsmnet4721\",\r\n  \"id\": \"/subscriptions/0b1f6471-1bf0-4dda-aec3-cb9272f09590/resourceGroups/csmrg25/providers/Microsoft.Network/publicIPAddresses/azsmnet4721\",\r\n  \"etag\": \"W/\\\"d5d07579-a9a2-4724-a269-06a0da44c056\\\"\",\r\n  \"type\": \"Microsoft.Network/publicIPAddresses\",\r\n  \"location\": \"westus\",\r\n  \"tags\": {\r\n    \"key\": \"value\"\r\n  },\r\n  \"properties\": {\r\n    \"provisioningState\": \"Succeeded\",\r\n    \"resourceGuid\": \"3ff45565-6752-4ef6-8945-fb5c4ff4643c\",\r\n    \"publicIPAddressVersion\": \"IPv4\",\r\n    \"publicIPAllocationMethod\": \"Dynamic\",\r\n    \"idleTimeoutInMinutes\": 4,\r\n    \"dnsSettings\": {\r\n      \"domainNameLabel\": \"azsmnet6884\",\r\n      \"fqdn\": \"azsmnet6884.westus.cloudapp.azure.com\"\r\n    }\r\n  }\r\n}",
      "ResponseHeaders": {
        "Content-Type": [
          "application/json; charset=utf-8"
        ],
        "Expires": [
          "-1"
        ],
        "Cache-Control": [
          "no-cache"
        ],
        "Date": [
          "Thu, 02 Jun 2016 22:11:46 GMT"
        ],
        "Pragma": [
          "no-cache"
        ],
        "Transfer-Encoding": [
          "chunked"
        ],
        "ETag": [
          "W/\"d5d07579-a9a2-4724-a269-06a0da44c056\""
        ],
        "Server": [
          "Microsoft-HTTPAPI/2.0",
          "Microsoft-HTTPAPI/2.0"
        ],
        "Vary": [
          "Accept-Encoding"
        ],
        "x-ms-request-id": [
          "78a96e6b-f4dc-4407-871a-ce81f17bf181"
        ],
        "Strict-Transport-Security": [
          "max-age=31536000; includeSubDomains"
        ],
        "x-ms-ratelimit-remaining-subscription-reads": [
          "14925"
        ],
        "x-ms-correlation-request-id": [
          "4750e3a0-e1f7-4f9e-a294-ff14944d2a15"
        ],
        "x-ms-routing-request-id": [
          "WESTUS:20160602T221146Z:4750e3a0-e1f7-4f9e-a294-ff14944d2a15"
        ]
      },
      "StatusCode": 200
    },
    {
      "RequestUri": "/subscriptions/0b1f6471-1bf0-4dda-aec3-cb9272f09590/resourceGroups/csmrg25/providers/Microsoft.Network/virtualNetworks/azsmnet5244?api-version=2017-03-01",
      "EncodedRequestUri": "L3N1YnNjcmlwdGlvbnMvMGIxZjY0NzEtMWJmMC00ZGRhLWFlYzMtY2I5MjcyZjA5NTkwL3Jlc291cmNlR3JvdXBzL2NzbXJnMjUvcHJvdmlkZXJzL01pY3Jvc29mdC5OZXR3b3JrL3ZpcnR1YWxOZXR3b3Jrcy9henNtbmV0NTI0ND9hcGktdmVyc2lvbj0yMDE3LTAzLTAx",
      "RequestMethod": "PUT",
      "RequestBody": "{\r\n  \"location\": \"West US\",\r\n  \"properties\": {\r\n    \"addressSpace\": {\r\n      \"addressPrefixes\": [\r\n        \"10.0.0.0/16\"\r\n      ]\r\n    },\r\n    \"dhcpOptions\": {\r\n      \"dnsServers\": [\r\n        \"10.1.1.1\",\r\n        \"10.1.2.4\"\r\n      ]\r\n    },\r\n    \"subnets\": [\r\n      {\r\n        \"name\": \"azsmnet3892\",\r\n        \"properties\": {\r\n          \"addressPrefix\": \"10.0.0.0/24\"\r\n        }\r\n      }\r\n    ]\r\n  }\r\n}",
      "RequestHeaders": {
        "Content-Type": [
          "application/json; charset=utf-8"
        ],
        "Content-Length": [
          "401"
        ],
        "x-ms-client-request-id": [
          "7fbd704b-3dc7-446a-94b6-07683c394d70"
        ],
        "accept-language": [
          "en-US"
        ],
        "User-Agent": [
          "Microsoft.Azure.Management.Network.NetworkManagementClient/5.0.0-preview"
        ]
      },
      "ResponseBody": "{\r\n  \"name\": \"azsmnet5244\",\r\n  \"id\": \"/subscriptions/0b1f6471-1bf0-4dda-aec3-cb9272f09590/resourceGroups/csmrg25/providers/Microsoft.Network/virtualNetworks/azsmnet5244\",\r\n  \"etag\": \"W/\\\"a2b09180-ee2d-4cbc-8981-274b75ee3866\\\"\",\r\n  \"type\": \"Microsoft.Network/virtualNetworks\",\r\n  \"location\": \"westus\",\r\n  \"properties\": {\r\n    \"provisioningState\": \"Updating\",\r\n    \"resourceGuid\": \"9df18515-c098-496b-9db7-4a928286534b\",\r\n    \"addressSpace\": {\r\n      \"addressPrefixes\": [\r\n        \"10.0.0.0/16\"\r\n      ]\r\n    },\r\n    \"dhcpOptions\": {\r\n      \"dnsServers\": [\r\n        \"10.1.1.1\",\r\n        \"10.1.2.4\"\r\n      ]\r\n    },\r\n    \"subnets\": [\r\n      {\r\n        \"name\": \"azsmnet3892\",\r\n        \"id\": \"/subscriptions/0b1f6471-1bf0-4dda-aec3-cb9272f09590/resourceGroups/csmrg25/providers/Microsoft.Network/virtualNetworks/azsmnet5244/subnets/azsmnet3892\",\r\n        \"etag\": \"W/\\\"a2b09180-ee2d-4cbc-8981-274b75ee3866\\\"\",\r\n        \"properties\": {\r\n          \"provisioningState\": \"Updating\",\r\n          \"addressPrefix\": \"10.0.0.0/24\"\r\n        }\r\n      }\r\n    ]\r\n  }\r\n}",
      "ResponseHeaders": {
        "Content-Length": [
          "1049"
        ],
        "Content-Type": [
          "application/json; charset=utf-8"
        ],
        "Expires": [
          "-1"
        ],
        "Cache-Control": [
          "no-cache"
        ],
        "Date": [
          "Thu, 02 Jun 2016 22:11:47 GMT"
        ],
        "Pragma": [
          "no-cache"
        ],
        "Retry-After": [
          "10"
        ],
        "Server": [
          "Microsoft-HTTPAPI/2.0",
          "Microsoft-HTTPAPI/2.0"
        ],
        "x-ms-request-id": [
          "33b0df37-361c-4610-a62c-2d0bd11d537e"
        ],
        "Azure-AsyncOperation": [
          "https://management.azure.com/subscriptions/0b1f6471-1bf0-4dda-aec3-cb9272f09590/providers/Microsoft.Network/locations/westus/operations/33b0df37-361c-4610-a62c-2d0bd11d537e?api-version=2017-03-01"
        ],
        "Strict-Transport-Security": [
          "max-age=31536000; includeSubDomains"
        ],
        "x-ms-ratelimit-remaining-subscription-writes": [
          "1198"
        ],
        "x-ms-correlation-request-id": [
          "b1a4f76d-f778-4432-99aa-6290a2fdb367"
        ],
        "x-ms-routing-request-id": [
          "WESTUS:20160602T221147Z:b1a4f76d-f778-4432-99aa-6290a2fdb367"
        ]
      },
      "StatusCode": 201
    },
    {
      "RequestUri": "/subscriptions/0b1f6471-1bf0-4dda-aec3-cb9272f09590/providers/Microsoft.Network/locations/westus/operations/33b0df37-361c-4610-a62c-2d0bd11d537e?api-version=2017-03-01",
      "EncodedRequestUri": "L3N1YnNjcmlwdGlvbnMvMGIxZjY0NzEtMWJmMC00ZGRhLWFlYzMtY2I5MjcyZjA5NTkwL3Byb3ZpZGVycy9NaWNyb3NvZnQuTmV0d29yay9sb2NhdGlvbnMvd2VzdHVzL29wZXJhdGlvbnMvMzNiMGRmMzctMzYxYy00NjEwLWE2MmMtMmQwYmQxMWQ1MzdlP2FwaS12ZXJzaW9uPTIwMTctMDMtMDE=",
      "RequestMethod": "GET",
      "RequestBody": "",
      "RequestHeaders": {
        "User-Agent": [
          "Microsoft.Azure.Management.Network.NetworkManagementClient/5.0.0-preview"
        ]
      },
      "ResponseBody": "{\r\n  \"status\": \"Succeeded\"\r\n}",
      "ResponseHeaders": {
        "Content-Type": [
          "application/json; charset=utf-8"
        ],
        "Expires": [
          "-1"
        ],
        "Cache-Control": [
          "no-cache"
        ],
        "Date": [
          "Thu, 02 Jun 2016 22:12:16 GMT"
        ],
        "Pragma": [
          "no-cache"
        ],
        "Transfer-Encoding": [
          "chunked"
        ],
        "Server": [
          "Microsoft-HTTPAPI/2.0",
          "Microsoft-HTTPAPI/2.0"
        ],
        "Vary": [
          "Accept-Encoding"
        ],
        "x-ms-request-id": [
          "9cc3e1a4-b0ec-4385-9c8d-3e995ce1c792"
        ],
        "Strict-Transport-Security": [
          "max-age=31536000; includeSubDomains"
        ],
        "x-ms-ratelimit-remaining-subscription-reads": [
          "14924"
        ],
        "x-ms-correlation-request-id": [
          "a89ff352-4a11-4ab1-bcd9-11e42716149a"
        ],
        "x-ms-routing-request-id": [
          "WESTUS:20160602T221217Z:a89ff352-4a11-4ab1-bcd9-11e42716149a"
        ]
      },
      "StatusCode": 200
    },
    {
      "RequestUri": "/subscriptions/0b1f6471-1bf0-4dda-aec3-cb9272f09590/resourceGroups/csmrg25/providers/Microsoft.Network/virtualNetworks/azsmnet5244?api-version=2017-03-01",
      "EncodedRequestUri": "L3N1YnNjcmlwdGlvbnMvMGIxZjY0NzEtMWJmMC00ZGRhLWFlYzMtY2I5MjcyZjA5NTkwL3Jlc291cmNlR3JvdXBzL2NzbXJnMjUvcHJvdmlkZXJzL01pY3Jvc29mdC5OZXR3b3JrL3ZpcnR1YWxOZXR3b3Jrcy9henNtbmV0NTI0ND9hcGktdmVyc2lvbj0yMDE3LTAzLTAx",
      "RequestMethod": "GET",
      "RequestBody": "",
      "RequestHeaders": {
        "User-Agent": [
          "Microsoft.Azure.Management.Network.NetworkManagementClient/5.0.0-preview"
        ]
      },
      "ResponseBody": "{\r\n  \"name\": \"azsmnet5244\",\r\n  \"id\": \"/subscriptions/0b1f6471-1bf0-4dda-aec3-cb9272f09590/resourceGroups/csmrg25/providers/Microsoft.Network/virtualNetworks/azsmnet5244\",\r\n  \"etag\": \"W/\\\"5a5fcadf-85db-4412-ae2f-9f547c49ba15\\\"\",\r\n  \"type\": \"Microsoft.Network/virtualNetworks\",\r\n  \"location\": \"westus\",\r\n  \"properties\": {\r\n    \"provisioningState\": \"Succeeded\",\r\n    \"resourceGuid\": \"9df18515-c098-496b-9db7-4a928286534b\",\r\n    \"addressSpace\": {\r\n      \"addressPrefixes\": [\r\n        \"10.0.0.0/16\"\r\n      ]\r\n    },\r\n    \"dhcpOptions\": {\r\n      \"dnsServers\": [\r\n        \"10.1.1.1\",\r\n        \"10.1.2.4\"\r\n      ]\r\n    },\r\n    \"subnets\": [\r\n      {\r\n        \"name\": \"azsmnet3892\",\r\n        \"id\": \"/subscriptions/0b1f6471-1bf0-4dda-aec3-cb9272f09590/resourceGroups/csmrg25/providers/Microsoft.Network/virtualNetworks/azsmnet5244/subnets/azsmnet3892\",\r\n        \"etag\": \"W/\\\"5a5fcadf-85db-4412-ae2f-9f547c49ba15\\\"\",\r\n        \"properties\": {\r\n          \"provisioningState\": \"Succeeded\",\r\n          \"addressPrefix\": \"10.0.0.0/24\"\r\n        }\r\n      }\r\n    ]\r\n  }\r\n}",
      "ResponseHeaders": {
        "Content-Type": [
          "application/json; charset=utf-8"
        ],
        "Expires": [
          "-1"
        ],
        "Cache-Control": [
          "no-cache"
        ],
        "Date": [
          "Thu, 02 Jun 2016 22:12:17 GMT"
        ],
        "Pragma": [
          "no-cache"
        ],
        "Transfer-Encoding": [
          "chunked"
        ],
        "ETag": [
          "W/\"5a5fcadf-85db-4412-ae2f-9f547c49ba15\""
        ],
        "Server": [
          "Microsoft-HTTPAPI/2.0",
          "Microsoft-HTTPAPI/2.0"
        ],
        "Vary": [
          "Accept-Encoding"
        ],
        "x-ms-request-id": [
          "9f861a52-d4ee-48a9-9835-0d0f1a0d67bf"
        ],
        "Strict-Transport-Security": [
          "max-age=31536000; includeSubDomains"
        ],
        "x-ms-ratelimit-remaining-subscription-reads": [
          "14923"
        ],
        "x-ms-correlation-request-id": [
          "3d64edf4-5014-4f7e-874e-bdfb29a25391"
        ],
        "x-ms-routing-request-id": [
          "WESTUS:20160602T221217Z:3d64edf4-5014-4f7e-874e-bdfb29a25391"
        ]
      },
      "StatusCode": 200
    },
    {
      "RequestUri": "/subscriptions/0b1f6471-1bf0-4dda-aec3-cb9272f09590/resourceGroups/csmrg25/providers/Microsoft.Network/virtualNetworks/azsmnet5244?api-version=2017-03-01",
      "EncodedRequestUri": "L3N1YnNjcmlwdGlvbnMvMGIxZjY0NzEtMWJmMC00ZGRhLWFlYzMtY2I5MjcyZjA5NTkwL3Jlc291cmNlR3JvdXBzL2NzbXJnMjUvcHJvdmlkZXJzL01pY3Jvc29mdC5OZXR3b3JrL3ZpcnR1YWxOZXR3b3Jrcy9henNtbmV0NTI0ND9hcGktdmVyc2lvbj0yMDE3LTAzLTAx",
      "RequestMethod": "GET",
      "RequestBody": "",
      "RequestHeaders": {
        "x-ms-client-request-id": [
          "fb447507-abbc-47c7-878e-0300612d8b1a"
        ],
        "accept-language": [
          "en-US"
        ],
        "User-Agent": [
          "Microsoft.Azure.Management.Network.NetworkManagementClient/5.0.0-preview"
        ]
      },
      "ResponseBody": "{\r\n  \"name\": \"azsmnet5244\",\r\n  \"id\": \"/subscriptions/0b1f6471-1bf0-4dda-aec3-cb9272f09590/resourceGroups/csmrg25/providers/Microsoft.Network/virtualNetworks/azsmnet5244\",\r\n  \"etag\": \"W/\\\"5a5fcadf-85db-4412-ae2f-9f547c49ba15\\\"\",\r\n  \"type\": \"Microsoft.Network/virtualNetworks\",\r\n  \"location\": \"westus\",\r\n  \"properties\": {\r\n    \"provisioningState\": \"Succeeded\",\r\n    \"resourceGuid\": \"9df18515-c098-496b-9db7-4a928286534b\",\r\n    \"addressSpace\": {\r\n      \"addressPrefixes\": [\r\n        \"10.0.0.0/16\"\r\n      ]\r\n    },\r\n    \"dhcpOptions\": {\r\n      \"dnsServers\": [\r\n        \"10.1.1.1\",\r\n        \"10.1.2.4\"\r\n      ]\r\n    },\r\n    \"subnets\": [\r\n      {\r\n        \"name\": \"azsmnet3892\",\r\n        \"id\": \"/subscriptions/0b1f6471-1bf0-4dda-aec3-cb9272f09590/resourceGroups/csmrg25/providers/Microsoft.Network/virtualNetworks/azsmnet5244/subnets/azsmnet3892\",\r\n        \"etag\": \"W/\\\"5a5fcadf-85db-4412-ae2f-9f547c49ba15\\\"\",\r\n        \"properties\": {\r\n          \"provisioningState\": \"Succeeded\",\r\n          \"addressPrefix\": \"10.0.0.0/24\"\r\n        }\r\n      }\r\n    ]\r\n  }\r\n}",
      "ResponseHeaders": {
        "Content-Type": [
          "application/json; charset=utf-8"
        ],
        "Expires": [
          "-1"
        ],
        "Cache-Control": [
          "no-cache"
        ],
        "Date": [
          "Thu, 02 Jun 2016 22:12:17 GMT"
        ],
        "Pragma": [
          "no-cache"
        ],
        "Transfer-Encoding": [
          "chunked"
        ],
        "ETag": [
          "W/\"5a5fcadf-85db-4412-ae2f-9f547c49ba15\""
        ],
        "Server": [
          "Microsoft-HTTPAPI/2.0",
          "Microsoft-HTTPAPI/2.0"
        ],
        "Vary": [
          "Accept-Encoding"
        ],
        "x-ms-request-id": [
          "40b26ddd-23d1-4ee2-bb7e-c5cfebb8925a"
        ],
        "Strict-Transport-Security": [
          "max-age=31536000; includeSubDomains"
        ],
        "x-ms-ratelimit-remaining-subscription-reads": [
          "14922"
        ],
        "x-ms-correlation-request-id": [
          "b69ceb32-b785-4f53-970e-b20d020633d5"
        ],
        "x-ms-routing-request-id": [
          "WESTUS:20160602T221217Z:b69ceb32-b785-4f53-970e-b20d020633d5"
        ]
      },
      "StatusCode": 200
    },
    {
      "RequestUri": "/subscriptions/0b1f6471-1bf0-4dda-aec3-cb9272f09590/resourceGroups/csmrg25/providers/Microsoft.Network/networkInterfaces/azsmnet5338?api-version=2017-03-01",
      "EncodedRequestUri": "L3N1YnNjcmlwdGlvbnMvMGIxZjY0NzEtMWJmMC00ZGRhLWFlYzMtY2I5MjcyZjA5NTkwL3Jlc291cmNlR3JvdXBzL2NzbXJnMjUvcHJvdmlkZXJzL01pY3Jvc29mdC5OZXR3b3JrL25ldHdvcmtJbnRlcmZhY2VzL2F6c21uZXQ1MzM4P2FwaS12ZXJzaW9uPTIwMTctMDMtMDE=",
      "RequestMethod": "PUT",
      "RequestBody": "{\r\n  \"location\": \"West US\",\r\n  \"tags\": {\r\n    \"key\": \"value\"\r\n  },\r\n  \"properties\": {\r\n    \"ipConfigurations\": [\r\n      {\r\n        \"name\": \"ipconfig\",\r\n        \"properties\": {\r\n          \"privateIPAllocationMethod\": \"Dynamic\",\r\n          \"subnet\": {\r\n            \"id\": \"/subscriptions/0b1f6471-1bf0-4dda-aec3-cb9272f09590/resourceGroups/csmrg25/providers/Microsoft.Network/virtualNetworks/azsmnet5244/subnets/azsmnet3892\"\r\n          }\r\n        }\r\n      }\r\n    ]\r\n  }\r\n}",
      "RequestHeaders": {
        "Content-Type": [
          "application/json; charset=utf-8"
        ],
        "Content-Length": [
          "469"
        ],
        "x-ms-client-request-id": [
          "03da1eed-c72e-4560-afd4-af61ee1adfc7"
        ],
        "accept-language": [
          "en-US"
        ],
        "User-Agent": [
          "Microsoft.Azure.Management.Network.NetworkManagementClient/5.0.0-preview"
        ]
      },
      "ResponseBody": "{\r\n  \"name\": \"azsmnet5338\",\r\n  \"id\": \"/subscriptions/0b1f6471-1bf0-4dda-aec3-cb9272f09590/resourceGroups/csmrg25/providers/Microsoft.Network/networkInterfaces/azsmnet5338\",\r\n  \"etag\": \"W/\\\"96937ace-13d3-4c8e-b23a-e2ef2d0f046d\\\"\",\r\n  \"type\": \"Microsoft.Network/networkInterfaces\",\r\n  \"location\": \"westus\",\r\n  \"tags\": {\r\n    \"key\": \"value\"\r\n  },\r\n  \"properties\": {\r\n    \"provisioningState\": \"Succeeded\",\r\n    \"resourceGuid\": \"a0039943-18f4-4033-a04c-1b3c15f02e6d\",\r\n    \"ipConfigurations\": [\r\n      {\r\n        \"name\": \"ipconfig\",\r\n        \"id\": \"/subscriptions/0b1f6471-1bf0-4dda-aec3-cb9272f09590/resourceGroups/csmrg25/providers/Microsoft.Network/networkInterfaces/azsmnet5338/ipConfigurations/ipconfig\",\r\n        \"etag\": \"W/\\\"96937ace-13d3-4c8e-b23a-e2ef2d0f046d\\\"\",\r\n        \"properties\": {\r\n          \"provisioningState\": \"Succeeded\",\r\n          \"privateIPAddress\": \"10.0.0.4\",\r\n          \"privateIPAllocationMethod\": \"Dynamic\",\r\n          \"subnet\": {\r\n            \"id\": \"/subscriptions/0b1f6471-1bf0-4dda-aec3-cb9272f09590/resourceGroups/csmrg25/providers/Microsoft.Network/virtualNetworks/azsmnet5244/subnets/azsmnet3892\"\r\n          },\r\n          \"primary\": true,\r\n          \"privateIPAddressVersion\": \"IPv4\"\r\n        }\r\n      }\r\n    ],\r\n    \"dnsSettings\": {\r\n      \"dnsServers\": [],\r\n      \"appliedDnsServers\": [],\r\n      \"internalDomainNameSuffix\": \"cwc5dhmyybvuthnxjkjifbstjd.dx.internal.cloudapp.net\"\r\n    },\r\n    \"enableIPForwarding\": false\r\n  }\r\n}",
      "ResponseHeaders": {
        "Content-Length": [
          "1458"
        ],
        "Content-Type": [
          "application/json; charset=utf-8"
        ],
        "Expires": [
          "-1"
        ],
        "Cache-Control": [
          "no-cache"
        ],
        "Date": [
          "Thu, 02 Jun 2016 22:12:22 GMT"
        ],
        "Pragma": [
          "no-cache"
        ],
        "Server": [
          "Microsoft-HTTPAPI/2.0",
          "Microsoft-HTTPAPI/2.0"
        ],
        "x-ms-request-id": [
          "5cd1d728-5a6d-42ea-9e42-2cef079e7d37"
        ],
        "Azure-AsyncOperation": [
          "https://management.azure.com/subscriptions/0b1f6471-1bf0-4dda-aec3-cb9272f09590/providers/Microsoft.Network/locations/westus/operations/5cd1d728-5a6d-42ea-9e42-2cef079e7d37?api-version=2017-03-01"
        ],
        "Strict-Transport-Security": [
          "max-age=31536000; includeSubDomains"
        ],
        "x-ms-ratelimit-remaining-subscription-writes": [
          "1197"
        ],
        "x-ms-correlation-request-id": [
          "e4963c52-bfab-40f5-8ac8-a629c8e1af6a"
        ],
        "x-ms-routing-request-id": [
          "WESTUS:20160602T221223Z:e4963c52-bfab-40f5-8ac8-a629c8e1af6a"
        ]
      },
      "StatusCode": 201
    },
    {
      "RequestUri": "/subscriptions/0b1f6471-1bf0-4dda-aec3-cb9272f09590/resourceGroups/csmrg25/providers/Microsoft.Network/networkInterfaces/azsmnet5338?api-version=2017-03-01",
      "EncodedRequestUri": "L3N1YnNjcmlwdGlvbnMvMGIxZjY0NzEtMWJmMC00ZGRhLWFlYzMtY2I5MjcyZjA5NTkwL3Jlc291cmNlR3JvdXBzL2NzbXJnMjUvcHJvdmlkZXJzL01pY3Jvc29mdC5OZXR3b3JrL25ldHdvcmtJbnRlcmZhY2VzL2F6c21uZXQ1MzM4P2FwaS12ZXJzaW9uPTIwMTctMDMtMDE=",
      "RequestMethod": "PUT",
      "RequestBody": "{\r\n  \"etag\": \"W/\\\"96937ace-13d3-4c8e-b23a-e2ef2d0f046d\\\"\",\r\n  \"id\": \"/subscriptions/0b1f6471-1bf0-4dda-aec3-cb9272f09590/resourceGroups/csmrg25/providers/Microsoft.Network/networkInterfaces/azsmnet5338\",\r\n  \"location\": \"westus\",\r\n  \"tags\": {\r\n    \"key\": \"value\"\r\n  },\r\n  \"properties\": {\r\n    \"ipConfigurations\": [\r\n      {\r\n        \"name\": \"ipconfig\",\r\n        \"etag\": \"W/\\\"96937ace-13d3-4c8e-b23a-e2ef2d0f046d\\\"\",\r\n        \"id\": \"/subscriptions/0b1f6471-1bf0-4dda-aec3-cb9272f09590/resourceGroups/csmrg25/providers/Microsoft.Network/networkInterfaces/azsmnet5338/ipConfigurations/ipconfig\",\r\n        \"properties\": {\r\n          \"loadBalancerBackendAddressPools\": [\r\n            {\r\n              \"name\": \"azsmnet3325\",\r\n              \"etag\": \"W/\\\"7fdcc4dc-873e-4005-bf1a-68b732624f73\\\"\",\r\n              \"id\": \"/subscriptions/0b1f6471-1bf0-4dda-aec3-cb9272f09590/resourceGroups/csmrg25/providers/Microsoft.Network/loadBalancers/azsmnet3522/backendAddressPools/azsmnet3325\",\r\n              \"properties\": {\r\n                \"loadBalancingRules\": [\r\n                  {\r\n                    \"id\": \"/subscriptions/0b1f6471-1bf0-4dda-aec3-cb9272f09590/resourceGroups/csmrg25/providers/Microsoft.Network/loadBalancers/azsmnet3522/loadBalancingRules/azsmnet1645\"\r\n                  }\r\n                ],\r\n                \"provisioningState\": \"Succeeded\"\r\n              }\r\n            }\r\n          ],\r\n          \"loadBalancerInboundNatRules\": [\r\n            {\r\n              \"name\": \"azsmnet5822\",\r\n              \"etag\": \"W/\\\"7fdcc4dc-873e-4005-bf1a-68b732624f73\\\"\",\r\n              \"id\": \"/subscriptions/0b1f6471-1bf0-4dda-aec3-cb9272f09590/resourceGroups/csmrg25/providers/Microsoft.Network/loadBalancers/azsmnet3522/inboundNatRules/azsmnet5822\",\r\n              \"properties\": {\r\n                \"frontendIPConfiguration\": {\r\n                  \"id\": \"/subscriptions/0b1f6471-1bf0-4dda-aec3-cb9272f09590/resourceGroups/csmrg25/providers/Microsoft.Network/loadBalancers/azsmnet3522/frontendIPConfigurations/azsmnet9647\"\r\n                },\r\n                \"protocol\": \"Tcp\",\r\n                \"frontendPort\": 3389,\r\n                \"backendPort\": 3389,\r\n                \"idleTimeoutInMinutes\": 15,\r\n                \"enableFloatingIP\": false,\r\n                \"provisioningState\": \"Succeeded\"\r\n              }\r\n            }\r\n          ],\r\n          \"privateIPAddress\": \"10.0.0.4\",\r\n          \"privateIPAllocationMethod\": \"Dynamic\",\r\n          \"privateIPAddressVersion\": \"IPv4\",\r\n          \"subnet\": {\r\n            \"id\": \"/subscriptions/0b1f6471-1bf0-4dda-aec3-cb9272f09590/resourceGroups/csmrg25/providers/Microsoft.Network/virtualNetworks/azsmnet5244/subnets/azsmnet3892\"\r\n          },\r\n          \"provisioningState\": \"Succeeded\"\r\n        }\r\n      }\r\n    ],\r\n    \"dnsSettings\": {\r\n      \"dnsServers\": [],\r\n      \"appliedDnsServers\": [],\r\n      \"internalDomainNameSuffix\": \"cwc5dhmyybvuthnxjkjifbstjd.dx.internal.cloudapp.net\"\r\n    },\r\n    \"enableIPForwarding\": false,\r\n    \"resourceGuid\": \"a0039943-18f4-4033-a04c-1b3c15f02e6d\",\r\n    \"provisioningState\": \"Succeeded\"\r\n  }\r\n}",
      "RequestHeaders": {
        "Content-Type": [
          "application/json; charset=utf-8"
        ],
        "Content-Length": [
          "3063"
        ],
        "x-ms-client-request-id": [
          "4258ec50-8885-4a53-a900-dea8b7124642"
        ],
        "accept-language": [
          "en-US"
        ],
        "User-Agent": [
          "Microsoft.Azure.Management.Network.NetworkManagementClient/5.0.0-preview"
        ]
      },
      "ResponseBody": "{\r\n  \"name\": \"azsmnet5338\",\r\n  \"id\": \"/subscriptions/0b1f6471-1bf0-4dda-aec3-cb9272f09590/resourceGroups/csmrg25/providers/Microsoft.Network/networkInterfaces/azsmnet5338\",\r\n  \"etag\": \"W/\\\"9689e9f5-8434-4eee-b77b-10992d43d21f\\\"\",\r\n  \"type\": \"Microsoft.Network/networkInterfaces\",\r\n  \"location\": \"westus\",\r\n  \"tags\": {\r\n    \"key\": \"value\"\r\n  },\r\n  \"properties\": {\r\n    \"provisioningState\": \"Succeeded\",\r\n    \"resourceGuid\": \"a0039943-18f4-4033-a04c-1b3c15f02e6d\",\r\n    \"ipConfigurations\": [\r\n      {\r\n        \"name\": \"ipconfig\",\r\n        \"id\": \"/subscriptions/0b1f6471-1bf0-4dda-aec3-cb9272f09590/resourceGroups/csmrg25/providers/Microsoft.Network/networkInterfaces/azsmnet5338/ipConfigurations/ipconfig\",\r\n        \"etag\": \"W/\\\"9689e9f5-8434-4eee-b77b-10992d43d21f\\\"\",\r\n        \"properties\": {\r\n          \"provisioningState\": \"Succeeded\",\r\n          \"privateIPAddress\": \"10.0.0.4\",\r\n          \"privateIPAllocationMethod\": \"Dynamic\",\r\n          \"subnet\": {\r\n            \"id\": \"/subscriptions/0b1f6471-1bf0-4dda-aec3-cb9272f09590/resourceGroups/csmrg25/providers/Microsoft.Network/virtualNetworks/azsmnet5244/subnets/azsmnet3892\"\r\n          },\r\n          \"primary\": true,\r\n          \"privateIPAddressVersion\": \"IPv4\",\r\n          \"loadBalancerBackendAddressPools\": [\r\n            {\r\n              \"id\": \"/subscriptions/0b1f6471-1bf0-4dda-aec3-cb9272f09590/resourceGroups/csmrg25/providers/Microsoft.Network/loadBalancers/azsmnet3522/backendAddressPools/azsmnet3325\"\r\n            }\r\n          ],\r\n          \"loadBalancerInboundNatRules\": [\r\n            {\r\n              \"id\": \"/subscriptions/0b1f6471-1bf0-4dda-aec3-cb9272f09590/resourceGroups/csmrg25/providers/Microsoft.Network/loadBalancers/azsmnet3522/inboundNatRules/azsmnet5822\"\r\n            }\r\n          ]\r\n        }\r\n      }\r\n    ],\r\n    \"dnsSettings\": {\r\n      \"dnsServers\": [],\r\n      \"appliedDnsServers\": [],\r\n      \"internalDomainNameSuffix\": \"cwc5dhmyybvuthnxjkjifbstjd.dx.internal.cloudapp.net\"\r\n    },\r\n    \"enableIPForwarding\": false\r\n  }\r\n}",
      "ResponseHeaders": {
        "Content-Type": [
          "application/json; charset=utf-8"
        ],
        "Expires": [
          "-1"
        ],
        "Cache-Control": [
          "no-cache"
        ],
        "Date": [
          "Thu, 02 Jun 2016 22:12:26 GMT"
        ],
        "Pragma": [
          "no-cache"
        ],
        "Transfer-Encoding": [
          "chunked"
        ],
        "Server": [
          "Microsoft-HTTPAPI/2.0",
          "Microsoft-HTTPAPI/2.0"
        ],
        "Vary": [
          "Accept-Encoding"
        ],
        "x-ms-request-id": [
          "d42fc5c0-cca6-4177-bd4d-8308ba4890c1"
        ],
        "Azure-AsyncOperation": [
          "https://management.azure.com/subscriptions/0b1f6471-1bf0-4dda-aec3-cb9272f09590/providers/Microsoft.Network/locations/westus/operations/d42fc5c0-cca6-4177-bd4d-8308ba4890c1?api-version=2017-03-01"
        ],
        "Strict-Transport-Security": [
          "max-age=31536000; includeSubDomains"
        ],
        "x-ms-ratelimit-remaining-subscription-writes": [
          "1193"
        ],
        "x-ms-correlation-request-id": [
          "62f50f18-9d40-4816-ad00-e58eeccd52e3"
        ],
        "x-ms-routing-request-id": [
          "WESTUS:20160602T221227Z:62f50f18-9d40-4816-ad00-e58eeccd52e3"
        ]
      },
      "StatusCode": 200
    },
    {
      "RequestUri": "/subscriptions/0b1f6471-1bf0-4dda-aec3-cb9272f09590/resourceGroups/csmrg25/providers/Microsoft.Network/networkInterfaces/azsmnet5338?api-version=2017-03-01",
      "EncodedRequestUri": "L3N1YnNjcmlwdGlvbnMvMGIxZjY0NzEtMWJmMC00ZGRhLWFlYzMtY2I5MjcyZjA5NTkwL3Jlc291cmNlR3JvdXBzL2NzbXJnMjUvcHJvdmlkZXJzL01pY3Jvc29mdC5OZXR3b3JrL25ldHdvcmtJbnRlcmZhY2VzL2F6c21uZXQ1MzM4P2FwaS12ZXJzaW9uPTIwMTctMDMtMDE=",
      "RequestMethod": "GET",
      "RequestBody": "",
      "RequestHeaders": {
        "User-Agent": [
          "Microsoft.Azure.Management.Network.NetworkManagementClient/5.0.0-preview"
        ]
      },
      "ResponseBody": "{\r\n  \"name\": \"azsmnet5338\",\r\n  \"id\": \"/subscriptions/0b1f6471-1bf0-4dda-aec3-cb9272f09590/resourceGroups/csmrg25/providers/Microsoft.Network/networkInterfaces/azsmnet5338\",\r\n  \"etag\": \"W/\\\"96937ace-13d3-4c8e-b23a-e2ef2d0f046d\\\"\",\r\n  \"type\": \"Microsoft.Network/networkInterfaces\",\r\n  \"location\": \"westus\",\r\n  \"tags\": {\r\n    \"key\": \"value\"\r\n  },\r\n  \"properties\": {\r\n    \"provisioningState\": \"Succeeded\",\r\n    \"resourceGuid\": \"a0039943-18f4-4033-a04c-1b3c15f02e6d\",\r\n    \"ipConfigurations\": [\r\n      {\r\n        \"name\": \"ipconfig\",\r\n        \"id\": \"/subscriptions/0b1f6471-1bf0-4dda-aec3-cb9272f09590/resourceGroups/csmrg25/providers/Microsoft.Network/networkInterfaces/azsmnet5338/ipConfigurations/ipconfig\",\r\n        \"etag\": \"W/\\\"96937ace-13d3-4c8e-b23a-e2ef2d0f046d\\\"\",\r\n        \"properties\": {\r\n          \"provisioningState\": \"Succeeded\",\r\n          \"privateIPAddress\": \"10.0.0.4\",\r\n          \"privateIPAllocationMethod\": \"Dynamic\",\r\n          \"subnet\": {\r\n            \"id\": \"/subscriptions/0b1f6471-1bf0-4dda-aec3-cb9272f09590/resourceGroups/csmrg25/providers/Microsoft.Network/virtualNetworks/azsmnet5244/subnets/azsmnet3892\"\r\n          },\r\n          \"primary\": true,\r\n          \"privateIPAddressVersion\": \"IPv4\"\r\n        }\r\n      }\r\n    ],\r\n    \"dnsSettings\": {\r\n      \"dnsServers\": [],\r\n      \"appliedDnsServers\": [],\r\n      \"internalDomainNameSuffix\": \"cwc5dhmyybvuthnxjkjifbstjd.dx.internal.cloudapp.net\"\r\n    },\r\n    \"enableIPForwarding\": false\r\n  }\r\n}",
      "ResponseHeaders": {
        "Content-Type": [
          "application/json; charset=utf-8"
        ],
        "Expires": [
          "-1"
        ],
        "Cache-Control": [
          "no-cache"
        ],
        "Date": [
          "Thu, 02 Jun 2016 22:12:22 GMT"
        ],
        "Pragma": [
          "no-cache"
        ],
        "Transfer-Encoding": [
          "chunked"
        ],
        "ETag": [
          "W/\"96937ace-13d3-4c8e-b23a-e2ef2d0f046d\""
        ],
        "Server": [
          "Microsoft-HTTPAPI/2.0",
          "Microsoft-HTTPAPI/2.0"
        ],
        "Vary": [
          "Accept-Encoding"
        ],
        "x-ms-request-id": [
          "e37804ff-8c7f-4363-a822-b9f60c448366"
        ],
        "Strict-Transport-Security": [
          "max-age=31536000; includeSubDomains"
        ],
        "x-ms-ratelimit-remaining-subscription-reads": [
          "14921"
        ],
        "x-ms-correlation-request-id": [
          "445ebe06-e71f-4231-88d9-fa6f4b935009"
        ],
        "x-ms-routing-request-id": [
          "WESTUS:20160602T221223Z:445ebe06-e71f-4231-88d9-fa6f4b935009"
        ]
      },
      "StatusCode": 200
    },
    {
      "RequestUri": "/subscriptions/0b1f6471-1bf0-4dda-aec3-cb9272f09590/resourceGroups/csmrg25/providers/Microsoft.Network/networkInterfaces/azsmnet5338?api-version=2017-03-01",
      "EncodedRequestUri": "L3N1YnNjcmlwdGlvbnMvMGIxZjY0NzEtMWJmMC00ZGRhLWFlYzMtY2I5MjcyZjA5NTkwL3Jlc291cmNlR3JvdXBzL2NzbXJnMjUvcHJvdmlkZXJzL01pY3Jvc29mdC5OZXR3b3JrL25ldHdvcmtJbnRlcmZhY2VzL2F6c21uZXQ1MzM4P2FwaS12ZXJzaW9uPTIwMTctMDMtMDE=",
      "RequestMethod": "GET",
      "RequestBody": "",
      "RequestHeaders": {
        "x-ms-client-request-id": [
          "17fd5581-234e-41d5-8c7f-76ae8939d2c2"
        ],
        "accept-language": [
          "en-US"
        ],
        "User-Agent": [
          "Microsoft.Azure.Management.Network.NetworkManagementClient/5.0.0-preview"
        ]
      },
      "ResponseBody": "{\r\n  \"name\": \"azsmnet5338\",\r\n  \"id\": \"/subscriptions/0b1f6471-1bf0-4dda-aec3-cb9272f09590/resourceGroups/csmrg25/providers/Microsoft.Network/networkInterfaces/azsmnet5338\",\r\n  \"etag\": \"W/\\\"96937ace-13d3-4c8e-b23a-e2ef2d0f046d\\\"\",\r\n  \"type\": \"Microsoft.Network/networkInterfaces\",\r\n  \"location\": \"westus\",\r\n  \"tags\": {\r\n    \"key\": \"value\"\r\n  },\r\n  \"properties\": {\r\n    \"provisioningState\": \"Succeeded\",\r\n    \"resourceGuid\": \"a0039943-18f4-4033-a04c-1b3c15f02e6d\",\r\n    \"ipConfigurations\": [\r\n      {\r\n        \"name\": \"ipconfig\",\r\n        \"id\": \"/subscriptions/0b1f6471-1bf0-4dda-aec3-cb9272f09590/resourceGroups/csmrg25/providers/Microsoft.Network/networkInterfaces/azsmnet5338/ipConfigurations/ipconfig\",\r\n        \"etag\": \"W/\\\"96937ace-13d3-4c8e-b23a-e2ef2d0f046d\\\"\",\r\n        \"properties\": {\r\n          \"provisioningState\": \"Succeeded\",\r\n          \"privateIPAddress\": \"10.0.0.4\",\r\n          \"privateIPAllocationMethod\": \"Dynamic\",\r\n          \"subnet\": {\r\n            \"id\": \"/subscriptions/0b1f6471-1bf0-4dda-aec3-cb9272f09590/resourceGroups/csmrg25/providers/Microsoft.Network/virtualNetworks/azsmnet5244/subnets/azsmnet3892\"\r\n          },\r\n          \"primary\": true,\r\n          \"privateIPAddressVersion\": \"IPv4\"\r\n        }\r\n      }\r\n    ],\r\n    \"dnsSettings\": {\r\n      \"dnsServers\": [],\r\n      \"appliedDnsServers\": [],\r\n      \"internalDomainNameSuffix\": \"cwc5dhmyybvuthnxjkjifbstjd.dx.internal.cloudapp.net\"\r\n    },\r\n    \"enableIPForwarding\": false\r\n  }\r\n}",
      "ResponseHeaders": {
        "Content-Type": [
          "application/json; charset=utf-8"
        ],
        "Expires": [
          "-1"
        ],
        "Cache-Control": [
          "no-cache"
        ],
        "Date": [
          "Thu, 02 Jun 2016 22:12:22 GMT"
        ],
        "Pragma": [
          "no-cache"
        ],
        "Transfer-Encoding": [
          "chunked"
        ],
        "ETag": [
          "W/\"96937ace-13d3-4c8e-b23a-e2ef2d0f046d\""
        ],
        "Server": [
          "Microsoft-HTTPAPI/2.0",
          "Microsoft-HTTPAPI/2.0"
        ],
        "Vary": [
          "Accept-Encoding"
        ],
        "x-ms-request-id": [
          "c1fe7c31-754a-4902-b21c-3ec0e7158ae7"
        ],
        "Strict-Transport-Security": [
          "max-age=31536000; includeSubDomains"
        ],
        "x-ms-ratelimit-remaining-subscription-reads": [
          "14920"
        ],
        "x-ms-correlation-request-id": [
          "1b60434f-e1a5-47bd-84c6-ec06ef8fe5cb"
        ],
        "x-ms-routing-request-id": [
          "WESTUS:20160602T221223Z:1b60434f-e1a5-47bd-84c6-ec06ef8fe5cb"
        ]
      },
      "StatusCode": 200
    },
    {
      "RequestUri": "/subscriptions/0b1f6471-1bf0-4dda-aec3-cb9272f09590/resourceGroups/csmrg25/providers/Microsoft.Network/networkInterfaces/azsmnet5338?api-version=2017-03-01",
      "EncodedRequestUri": "L3N1YnNjcmlwdGlvbnMvMGIxZjY0NzEtMWJmMC00ZGRhLWFlYzMtY2I5MjcyZjA5NTkwL3Jlc291cmNlR3JvdXBzL2NzbXJnMjUvcHJvdmlkZXJzL01pY3Jvc29mdC5OZXR3b3JrL25ldHdvcmtJbnRlcmZhY2VzL2F6c21uZXQ1MzM4P2FwaS12ZXJzaW9uPTIwMTctMDMtMDE=",
      "RequestMethod": "GET",
      "RequestBody": "",
      "RequestHeaders": {
        "User-Agent": [
          "Microsoft.Azure.Management.Network.NetworkManagementClient/5.0.0-preview"
        ]
      },
      "ResponseBody": "{\r\n  \"name\": \"azsmnet5338\",\r\n  \"id\": \"/subscriptions/0b1f6471-1bf0-4dda-aec3-cb9272f09590/resourceGroups/csmrg25/providers/Microsoft.Network/networkInterfaces/azsmnet5338\",\r\n  \"etag\": \"W/\\\"9689e9f5-8434-4eee-b77b-10992d43d21f\\\"\",\r\n  \"type\": \"Microsoft.Network/networkInterfaces\",\r\n  \"location\": \"westus\",\r\n  \"tags\": {\r\n    \"key\": \"value\"\r\n  },\r\n  \"properties\": {\r\n    \"provisioningState\": \"Succeeded\",\r\n    \"resourceGuid\": \"a0039943-18f4-4033-a04c-1b3c15f02e6d\",\r\n    \"ipConfigurations\": [\r\n      {\r\n        \"name\": \"ipconfig\",\r\n        \"id\": \"/subscriptions/0b1f6471-1bf0-4dda-aec3-cb9272f09590/resourceGroups/csmrg25/providers/Microsoft.Network/networkInterfaces/azsmnet5338/ipConfigurations/ipconfig\",\r\n        \"etag\": \"W/\\\"9689e9f5-8434-4eee-b77b-10992d43d21f\\\"\",\r\n        \"properties\": {\r\n          \"provisioningState\": \"Succeeded\",\r\n          \"privateIPAddress\": \"10.0.0.4\",\r\n          \"privateIPAllocationMethod\": \"Dynamic\",\r\n          \"subnet\": {\r\n            \"id\": \"/subscriptions/0b1f6471-1bf0-4dda-aec3-cb9272f09590/resourceGroups/csmrg25/providers/Microsoft.Network/virtualNetworks/azsmnet5244/subnets/azsmnet3892\"\r\n          },\r\n          \"primary\": true,\r\n          \"privateIPAddressVersion\": \"IPv4\",\r\n          \"loadBalancerBackendAddressPools\": [\r\n            {\r\n              \"id\": \"/subscriptions/0b1f6471-1bf0-4dda-aec3-cb9272f09590/resourceGroups/csmrg25/providers/Microsoft.Network/loadBalancers/azsmnet3522/backendAddressPools/azsmnet3325\"\r\n            }\r\n          ],\r\n          \"loadBalancerInboundNatRules\": [\r\n            {\r\n              \"id\": \"/subscriptions/0b1f6471-1bf0-4dda-aec3-cb9272f09590/resourceGroups/csmrg25/providers/Microsoft.Network/loadBalancers/azsmnet3522/inboundNatRules/azsmnet5822\"\r\n            }\r\n          ]\r\n        }\r\n      }\r\n    ],\r\n    \"dnsSettings\": {\r\n      \"dnsServers\": [],\r\n      \"appliedDnsServers\": [],\r\n      \"internalDomainNameSuffix\": \"cwc5dhmyybvuthnxjkjifbstjd.dx.internal.cloudapp.net\"\r\n    },\r\n    \"enableIPForwarding\": false\r\n  }\r\n}",
      "ResponseHeaders": {
        "Content-Type": [
          "application/json; charset=utf-8"
        ],
        "Expires": [
          "-1"
        ],
        "Cache-Control": [
          "no-cache"
        ],
        "Date": [
          "Thu, 02 Jun 2016 22:12:26 GMT"
        ],
        "Pragma": [
          "no-cache"
        ],
        "Transfer-Encoding": [
          "chunked"
        ],
        "ETag": [
          "W/\"9689e9f5-8434-4eee-b77b-10992d43d21f\""
        ],
        "Server": [
          "Microsoft-HTTPAPI/2.0",
          "Microsoft-HTTPAPI/2.0"
        ],
        "Vary": [
          "Accept-Encoding"
        ],
        "x-ms-request-id": [
          "0c3e8b92-c107-4fd1-900b-840ce08216f1"
        ],
        "Strict-Transport-Security": [
          "max-age=31536000; includeSubDomains"
        ],
        "x-ms-ratelimit-remaining-subscription-reads": [
          "14913"
        ],
        "x-ms-correlation-request-id": [
          "90fd1174-127d-457d-b660-b7ea2ffae192"
        ],
        "x-ms-routing-request-id": [
          "WESTUS:20160602T221227Z:90fd1174-127d-457d-b660-b7ea2ffae192"
        ]
      },
      "StatusCode": 200
    },
    {
      "RequestUri": "/subscriptions/0b1f6471-1bf0-4dda-aec3-cb9272f09590/resourceGroups/csmrg25/providers/Microsoft.Network/networkInterfaces/azsmnet5338?api-version=2017-03-01",
      "EncodedRequestUri": "L3N1YnNjcmlwdGlvbnMvMGIxZjY0NzEtMWJmMC00ZGRhLWFlYzMtY2I5MjcyZjA5NTkwL3Jlc291cmNlR3JvdXBzL2NzbXJnMjUvcHJvdmlkZXJzL01pY3Jvc29mdC5OZXR3b3JrL25ldHdvcmtJbnRlcmZhY2VzL2F6c21uZXQ1MzM4P2FwaS12ZXJzaW9uPTIwMTctMDMtMDE=",
      "RequestMethod": "GET",
      "RequestBody": "",
      "RequestHeaders": {
        "x-ms-client-request-id": [
          "bdc4ebe3-7b39-4a85-bc8a-861db4bfdcac"
        ],
        "accept-language": [
          "en-US"
        ],
        "User-Agent": [
          "Microsoft.Azure.Management.Network.NetworkManagementClient/5.0.0-preview"
        ]
      },
      "ResponseBody": "{\r\n  \"name\": \"azsmnet5338\",\r\n  \"id\": \"/subscriptions/0b1f6471-1bf0-4dda-aec3-cb9272f09590/resourceGroups/csmrg25/providers/Microsoft.Network/networkInterfaces/azsmnet5338\",\r\n  \"etag\": \"W/\\\"9689e9f5-8434-4eee-b77b-10992d43d21f\\\"\",\r\n  \"type\": \"Microsoft.Network/networkInterfaces\",\r\n  \"location\": \"westus\",\r\n  \"tags\": {\r\n    \"key\": \"value\"\r\n  },\r\n  \"properties\": {\r\n    \"provisioningState\": \"Succeeded\",\r\n    \"resourceGuid\": \"a0039943-18f4-4033-a04c-1b3c15f02e6d\",\r\n    \"ipConfigurations\": [\r\n      {\r\n        \"name\": \"ipconfig\",\r\n        \"id\": \"/subscriptions/0b1f6471-1bf0-4dda-aec3-cb9272f09590/resourceGroups/csmrg25/providers/Microsoft.Network/networkInterfaces/azsmnet5338/ipConfigurations/ipconfig\",\r\n        \"etag\": \"W/\\\"9689e9f5-8434-4eee-b77b-10992d43d21f\\\"\",\r\n        \"properties\": {\r\n          \"provisioningState\": \"Succeeded\",\r\n          \"privateIPAddress\": \"10.0.0.4\",\r\n          \"privateIPAllocationMethod\": \"Dynamic\",\r\n          \"subnet\": {\r\n            \"id\": \"/subscriptions/0b1f6471-1bf0-4dda-aec3-cb9272f09590/resourceGroups/csmrg25/providers/Microsoft.Network/virtualNetworks/azsmnet5244/subnets/azsmnet3892\"\r\n          },\r\n          \"primary\": true,\r\n          \"privateIPAddressVersion\": \"IPv4\",\r\n          \"loadBalancerBackendAddressPools\": [\r\n            {\r\n              \"id\": \"/subscriptions/0b1f6471-1bf0-4dda-aec3-cb9272f09590/resourceGroups/csmrg25/providers/Microsoft.Network/loadBalancers/azsmnet3522/backendAddressPools/azsmnet3325\"\r\n            }\r\n          ],\r\n          \"loadBalancerInboundNatRules\": [\r\n            {\r\n              \"id\": \"/subscriptions/0b1f6471-1bf0-4dda-aec3-cb9272f09590/resourceGroups/csmrg25/providers/Microsoft.Network/loadBalancers/azsmnet3522/inboundNatRules/azsmnet5822\"\r\n            }\r\n          ]\r\n        }\r\n      }\r\n    ],\r\n    \"dnsSettings\": {\r\n      \"dnsServers\": [],\r\n      \"appliedDnsServers\": [],\r\n      \"internalDomainNameSuffix\": \"cwc5dhmyybvuthnxjkjifbstjd.dx.internal.cloudapp.net\"\r\n    },\r\n    \"enableIPForwarding\": false\r\n  }\r\n}",
      "ResponseHeaders": {
        "Content-Type": [
          "application/json; charset=utf-8"
        ],
        "Expires": [
          "-1"
        ],
        "Cache-Control": [
          "no-cache"
        ],
        "Date": [
          "Thu, 02 Jun 2016 22:12:28 GMT"
        ],
        "Pragma": [
          "no-cache"
        ],
        "Transfer-Encoding": [
          "chunked"
        ],
        "ETag": [
          "W/\"9689e9f5-8434-4eee-b77b-10992d43d21f\""
        ],
        "Server": [
          "Microsoft-HTTPAPI/2.0",
          "Microsoft-HTTPAPI/2.0"
        ],
        "Vary": [
          "Accept-Encoding"
        ],
        "x-ms-request-id": [
          "1e3d5f2d-8ea6-4336-8ef4-7ea2e5b3f77d"
        ],
        "Strict-Transport-Security": [
          "max-age=31536000; includeSubDomains"
        ],
        "x-ms-ratelimit-remaining-subscription-reads": [
          "14910"
        ],
        "x-ms-correlation-request-id": [
          "ee09e14c-7df9-4a28-ba55-a311c2eab9af"
        ],
        "x-ms-routing-request-id": [
          "WESTUS:20160602T221229Z:ee09e14c-7df9-4a28-ba55-a311c2eab9af"
        ]
      },
      "StatusCode": 200
    },
    {
      "RequestUri": "/subscriptions/0b1f6471-1bf0-4dda-aec3-cb9272f09590/resourceGroups/csmrg25/providers/Microsoft.Network/networkInterfaces/azsmnet5719?api-version=2017-03-01",
      "EncodedRequestUri": "L3N1YnNjcmlwdGlvbnMvMGIxZjY0NzEtMWJmMC00ZGRhLWFlYzMtY2I5MjcyZjA5NTkwL3Jlc291cmNlR3JvdXBzL2NzbXJnMjUvcHJvdmlkZXJzL01pY3Jvc29mdC5OZXR3b3JrL25ldHdvcmtJbnRlcmZhY2VzL2F6c21uZXQ1NzE5P2FwaS12ZXJzaW9uPTIwMTctMDMtMDE=",
      "RequestMethod": "PUT",
      "RequestBody": "{\r\n  \"location\": \"West US\",\r\n  \"tags\": {\r\n    \"key\": \"value\"\r\n  },\r\n  \"properties\": {\r\n    \"ipConfigurations\": [\r\n      {\r\n        \"name\": \"ipconfig\",\r\n        \"properties\": {\r\n          \"privateIPAllocationMethod\": \"Dynamic\",\r\n          \"subnet\": {\r\n            \"id\": \"/subscriptions/0b1f6471-1bf0-4dda-aec3-cb9272f09590/resourceGroups/csmrg25/providers/Microsoft.Network/virtualNetworks/azsmnet5244/subnets/azsmnet3892\"\r\n          }\r\n        }\r\n      }\r\n    ]\r\n  }\r\n}",
      "RequestHeaders": {
        "Content-Type": [
          "application/json; charset=utf-8"
        ],
        "Content-Length": [
          "469"
        ],
        "x-ms-client-request-id": [
          "978a7645-cbe8-4484-bb3e-85a8240a5328"
        ],
        "accept-language": [
          "en-US"
        ],
        "User-Agent": [
          "Microsoft.Azure.Management.Network.NetworkManagementClient/5.0.0-preview"
        ]
      },
      "ResponseBody": "{\r\n  \"name\": \"azsmnet5719\",\r\n  \"id\": \"/subscriptions/0b1f6471-1bf0-4dda-aec3-cb9272f09590/resourceGroups/csmrg25/providers/Microsoft.Network/networkInterfaces/azsmnet5719\",\r\n  \"etag\": \"W/\\\"df2e5d77-c323-4f7b-897f-e70ad4299002\\\"\",\r\n  \"type\": \"Microsoft.Network/networkInterfaces\",\r\n  \"location\": \"westus\",\r\n  \"tags\": {\r\n    \"key\": \"value\"\r\n  },\r\n  \"properties\": {\r\n    \"provisioningState\": \"Succeeded\",\r\n    \"resourceGuid\": \"d28a6a35-8d37-49a2-946c-37fe04f37acc\",\r\n    \"ipConfigurations\": [\r\n      {\r\n        \"name\": \"ipconfig\",\r\n        \"id\": \"/subscriptions/0b1f6471-1bf0-4dda-aec3-cb9272f09590/resourceGroups/csmrg25/providers/Microsoft.Network/networkInterfaces/azsmnet5719/ipConfigurations/ipconfig\",\r\n        \"etag\": \"W/\\\"df2e5d77-c323-4f7b-897f-e70ad4299002\\\"\",\r\n        \"properties\": {\r\n          \"provisioningState\": \"Succeeded\",\r\n          \"privateIPAddress\": \"10.0.0.5\",\r\n          \"privateIPAllocationMethod\": \"Dynamic\",\r\n          \"subnet\": {\r\n            \"id\": \"/subscriptions/0b1f6471-1bf0-4dda-aec3-cb9272f09590/resourceGroups/csmrg25/providers/Microsoft.Network/virtualNetworks/azsmnet5244/subnets/azsmnet3892\"\r\n          },\r\n          \"primary\": true,\r\n          \"privateIPAddressVersion\": \"IPv4\"\r\n        }\r\n      }\r\n    ],\r\n    \"dnsSettings\": {\r\n      \"dnsServers\": [],\r\n      \"appliedDnsServers\": [],\r\n      \"internalDomainNameSuffix\": \"cwc5dhmyybvuthnxjkjifbstjd.dx.internal.cloudapp.net\"\r\n    },\r\n    \"enableIPForwarding\": false\r\n  }\r\n}",
      "ResponseHeaders": {
        "Content-Length": [
          "1458"
        ],
        "Content-Type": [
          "application/json; charset=utf-8"
        ],
        "Expires": [
          "-1"
        ],
        "Cache-Control": [
          "no-cache"
        ],
        "Date": [
          "Thu, 02 Jun 2016 22:12:23 GMT"
        ],
        "Pragma": [
          "no-cache"
        ],
        "Server": [
          "Microsoft-HTTPAPI/2.0",
          "Microsoft-HTTPAPI/2.0"
        ],
        "x-ms-request-id": [
          "7efab2e5-175c-433e-9f27-b08984133322"
        ],
        "Azure-AsyncOperation": [
          "https://management.azure.com/subscriptions/0b1f6471-1bf0-4dda-aec3-cb9272f09590/providers/Microsoft.Network/locations/westus/operations/7efab2e5-175c-433e-9f27-b08984133322?api-version=2017-03-01"
        ],
        "Strict-Transport-Security": [
          "max-age=31536000; includeSubDomains"
        ],
        "x-ms-ratelimit-remaining-subscription-writes": [
          "1196"
        ],
        "x-ms-correlation-request-id": [
          "4ce6a94b-486b-40d6-99fd-a8ff825776b3"
        ],
        "x-ms-routing-request-id": [
          "WESTUS:20160602T221224Z:4ce6a94b-486b-40d6-99fd-a8ff825776b3"
        ]
      },
      "StatusCode": 201
    },
    {
      "RequestUri": "/subscriptions/0b1f6471-1bf0-4dda-aec3-cb9272f09590/resourceGroups/csmrg25/providers/Microsoft.Network/networkInterfaces/azsmnet5719?api-version=2017-03-01",
      "EncodedRequestUri": "L3N1YnNjcmlwdGlvbnMvMGIxZjY0NzEtMWJmMC00ZGRhLWFlYzMtY2I5MjcyZjA5NTkwL3Jlc291cmNlR3JvdXBzL2NzbXJnMjUvcHJvdmlkZXJzL01pY3Jvc29mdC5OZXR3b3JrL25ldHdvcmtJbnRlcmZhY2VzL2F6c21uZXQ1NzE5P2FwaS12ZXJzaW9uPTIwMTctMDMtMDE=",
      "RequestMethod": "PUT",
      "RequestBody": "{\r\n  \"etag\": \"W/\\\"df2e5d77-c323-4f7b-897f-e70ad4299002\\\"\",\r\n  \"id\": \"/subscriptions/0b1f6471-1bf0-4dda-aec3-cb9272f09590/resourceGroups/csmrg25/providers/Microsoft.Network/networkInterfaces/azsmnet5719\",\r\n  \"location\": \"westus\",\r\n  \"tags\": {\r\n    \"key\": \"value\"\r\n  },\r\n  \"properties\": {\r\n    \"ipConfigurations\": [\r\n      {\r\n        \"name\": \"ipconfig\",\r\n        \"etag\": \"W/\\\"df2e5d77-c323-4f7b-897f-e70ad4299002\\\"\",\r\n        \"id\": \"/subscriptions/0b1f6471-1bf0-4dda-aec3-cb9272f09590/resourceGroups/csmrg25/providers/Microsoft.Network/networkInterfaces/azsmnet5719/ipConfigurations/ipconfig\",\r\n        \"properties\": {\r\n          \"loadBalancerBackendAddressPools\": [\r\n            {\r\n              \"name\": \"azsmnet3325\",\r\n              \"etag\": \"W/\\\"7fdcc4dc-873e-4005-bf1a-68b732624f73\\\"\",\r\n              \"id\": \"/subscriptions/0b1f6471-1bf0-4dda-aec3-cb9272f09590/resourceGroups/csmrg25/providers/Microsoft.Network/loadBalancers/azsmnet3522/backendAddressPools/azsmnet3325\",\r\n              \"properties\": {\r\n                \"loadBalancingRules\": [\r\n                  {\r\n                    \"id\": \"/subscriptions/0b1f6471-1bf0-4dda-aec3-cb9272f09590/resourceGroups/csmrg25/providers/Microsoft.Network/loadBalancers/azsmnet3522/loadBalancingRules/azsmnet1645\"\r\n                  }\r\n                ],\r\n                \"provisioningState\": \"Succeeded\"\r\n              }\r\n            }\r\n          ],\r\n          \"privateIPAddress\": \"10.0.0.5\",\r\n          \"privateIPAllocationMethod\": \"Dynamic\",\r\n          \"privateIPAddressVersion\": \"IPv4\",\r\n          \"subnet\": {\r\n            \"id\": \"/subscriptions/0b1f6471-1bf0-4dda-aec3-cb9272f09590/resourceGroups/csmrg25/providers/Microsoft.Network/virtualNetworks/azsmnet5244/subnets/azsmnet3892\"\r\n          },\r\n          \"provisioningState\": \"Succeeded\"\r\n        }\r\n      }\r\n    ],\r\n    \"dnsSettings\": {\r\n      \"dnsServers\": [],\r\n      \"appliedDnsServers\": [],\r\n      \"internalDomainNameSuffix\": \"cwc5dhmyybvuthnxjkjifbstjd.dx.internal.cloudapp.net\"\r\n    },\r\n    \"enableIPForwarding\": false,\r\n    \"resourceGuid\": \"d28a6a35-8d37-49a2-946c-37fe04f37acc\",\r\n    \"provisioningState\": \"Succeeded\"\r\n  }\r\n}",
      "RequestHeaders": {
        "Content-Type": [
          "application/json; charset=utf-8"
        ],
        "Content-Length": [
          "2128"
        ],
        "x-ms-client-request-id": [
          "291f09ab-f4f2-4a0a-b4cd-929d0c10d581"
        ],
        "accept-language": [
          "en-US"
        ],
        "User-Agent": [
          "Microsoft.Azure.Management.Network.NetworkManagementClient/5.0.0-preview"
        ]
      },
      "ResponseBody": "{\r\n  \"name\": \"azsmnet5719\",\r\n  \"id\": \"/subscriptions/0b1f6471-1bf0-4dda-aec3-cb9272f09590/resourceGroups/csmrg25/providers/Microsoft.Network/networkInterfaces/azsmnet5719\",\r\n  \"etag\": \"W/\\\"8573d5f3-66fe-4251-8b9d-8fb209aa0d0d\\\"\",\r\n  \"type\": \"Microsoft.Network/networkInterfaces\",\r\n  \"location\": \"westus\",\r\n  \"tags\": {\r\n    \"key\": \"value\"\r\n  },\r\n  \"properties\": {\r\n    \"provisioningState\": \"Succeeded\",\r\n    \"resourceGuid\": \"d28a6a35-8d37-49a2-946c-37fe04f37acc\",\r\n    \"ipConfigurations\": [\r\n      {\r\n        \"name\": \"ipconfig\",\r\n        \"id\": \"/subscriptions/0b1f6471-1bf0-4dda-aec3-cb9272f09590/resourceGroups/csmrg25/providers/Microsoft.Network/networkInterfaces/azsmnet5719/ipConfigurations/ipconfig\",\r\n        \"etag\": \"W/\\\"8573d5f3-66fe-4251-8b9d-8fb209aa0d0d\\\"\",\r\n        \"properties\": {\r\n          \"provisioningState\": \"Succeeded\",\r\n          \"privateIPAddress\": \"10.0.0.5\",\r\n          \"privateIPAllocationMethod\": \"Dynamic\",\r\n          \"subnet\": {\r\n            \"id\": \"/subscriptions/0b1f6471-1bf0-4dda-aec3-cb9272f09590/resourceGroups/csmrg25/providers/Microsoft.Network/virtualNetworks/azsmnet5244/subnets/azsmnet3892\"\r\n          },\r\n          \"primary\": true,\r\n          \"privateIPAddressVersion\": \"IPv4\",\r\n          \"loadBalancerBackendAddressPools\": [\r\n            {\r\n              \"id\": \"/subscriptions/0b1f6471-1bf0-4dda-aec3-cb9272f09590/resourceGroups/csmrg25/providers/Microsoft.Network/loadBalancers/azsmnet3522/backendAddressPools/azsmnet3325\"\r\n            }\r\n          ]\r\n        }\r\n      }\r\n    ],\r\n    \"dnsSettings\": {\r\n      \"dnsServers\": [],\r\n      \"appliedDnsServers\": [],\r\n      \"internalDomainNameSuffix\": \"cwc5dhmyybvuthnxjkjifbstjd.dx.internal.cloudapp.net\"\r\n    },\r\n    \"enableIPForwarding\": false\r\n  }\r\n}",
      "ResponseHeaders": {
        "Content-Type": [
          "application/json; charset=utf-8"
        ],
        "Expires": [
          "-1"
        ],
        "Cache-Control": [
          "no-cache"
        ],
        "Date": [
          "Thu, 02 Jun 2016 22:12:27 GMT"
        ],
        "Pragma": [
          "no-cache"
        ],
        "Transfer-Encoding": [
          "chunked"
        ],
        "Server": [
          "Microsoft-HTTPAPI/2.0",
          "Microsoft-HTTPAPI/2.0"
        ],
        "Vary": [
          "Accept-Encoding"
        ],
        "x-ms-request-id": [
          "9b45499d-e838-4b4e-9ce1-01e6d473764c"
        ],
        "Azure-AsyncOperation": [
          "https://management.azure.com/subscriptions/0b1f6471-1bf0-4dda-aec3-cb9272f09590/providers/Microsoft.Network/locations/westus/operations/9b45499d-e838-4b4e-9ce1-01e6d473764c?api-version=2017-03-01"
        ],
        "Strict-Transport-Security": [
          "max-age=31536000; includeSubDomains"
        ],
        "x-ms-ratelimit-remaining-subscription-writes": [
          "1192"
        ],
        "x-ms-correlation-request-id": [
          "af65e1b6-e6e5-4489-8639-1ea556b1ee9e"
        ],
        "x-ms-routing-request-id": [
          "WESTUS:20160602T221228Z:af65e1b6-e6e5-4489-8639-1ea556b1ee9e"
        ]
      },
      "StatusCode": 200
    },
    {
      "RequestUri": "/subscriptions/0b1f6471-1bf0-4dda-aec3-cb9272f09590/resourceGroups/csmrg25/providers/Microsoft.Network/networkInterfaces/azsmnet5719?api-version=2017-03-01",
      "EncodedRequestUri": "L3N1YnNjcmlwdGlvbnMvMGIxZjY0NzEtMWJmMC00ZGRhLWFlYzMtY2I5MjcyZjA5NTkwL3Jlc291cmNlR3JvdXBzL2NzbXJnMjUvcHJvdmlkZXJzL01pY3Jvc29mdC5OZXR3b3JrL25ldHdvcmtJbnRlcmZhY2VzL2F6c21uZXQ1NzE5P2FwaS12ZXJzaW9uPTIwMTctMDMtMDE=",
      "RequestMethod": "GET",
      "RequestBody": "",
      "RequestHeaders": {
        "User-Agent": [
          "Microsoft.Azure.Management.Network.NetworkManagementClient/5.0.0-preview"
        ]
      },
      "ResponseBody": "{\r\n  \"name\": \"azsmnet5719\",\r\n  \"id\": \"/subscriptions/0b1f6471-1bf0-4dda-aec3-cb9272f09590/resourceGroups/csmrg25/providers/Microsoft.Network/networkInterfaces/azsmnet5719\",\r\n  \"etag\": \"W/\\\"df2e5d77-c323-4f7b-897f-e70ad4299002\\\"\",\r\n  \"type\": \"Microsoft.Network/networkInterfaces\",\r\n  \"location\": \"westus\",\r\n  \"tags\": {\r\n    \"key\": \"value\"\r\n  },\r\n  \"properties\": {\r\n    \"provisioningState\": \"Succeeded\",\r\n    \"resourceGuid\": \"d28a6a35-8d37-49a2-946c-37fe04f37acc\",\r\n    \"ipConfigurations\": [\r\n      {\r\n        \"name\": \"ipconfig\",\r\n        \"id\": \"/subscriptions/0b1f6471-1bf0-4dda-aec3-cb9272f09590/resourceGroups/csmrg25/providers/Microsoft.Network/networkInterfaces/azsmnet5719/ipConfigurations/ipconfig\",\r\n        \"etag\": \"W/\\\"df2e5d77-c323-4f7b-897f-e70ad4299002\\\"\",\r\n        \"properties\": {\r\n          \"provisioningState\": \"Succeeded\",\r\n          \"privateIPAddress\": \"10.0.0.5\",\r\n          \"privateIPAllocationMethod\": \"Dynamic\",\r\n          \"subnet\": {\r\n            \"id\": \"/subscriptions/0b1f6471-1bf0-4dda-aec3-cb9272f09590/resourceGroups/csmrg25/providers/Microsoft.Network/virtualNetworks/azsmnet5244/subnets/azsmnet3892\"\r\n          },\r\n          \"primary\": true,\r\n          \"privateIPAddressVersion\": \"IPv4\"\r\n        }\r\n      }\r\n    ],\r\n    \"dnsSettings\": {\r\n      \"dnsServers\": [],\r\n      \"appliedDnsServers\": [],\r\n      \"internalDomainNameSuffix\": \"cwc5dhmyybvuthnxjkjifbstjd.dx.internal.cloudapp.net\"\r\n    },\r\n    \"enableIPForwarding\": false\r\n  }\r\n}",
      "ResponseHeaders": {
        "Content-Type": [
          "application/json; charset=utf-8"
        ],
        "Expires": [
          "-1"
        ],
        "Cache-Control": [
          "no-cache"
        ],
        "Date": [
          "Thu, 02 Jun 2016 22:12:23 GMT"
        ],
        "Pragma": [
          "no-cache"
        ],
        "Transfer-Encoding": [
          "chunked"
        ],
        "ETag": [
          "W/\"df2e5d77-c323-4f7b-897f-e70ad4299002\""
        ],
        "Server": [
          "Microsoft-HTTPAPI/2.0",
          "Microsoft-HTTPAPI/2.0"
        ],
        "Vary": [
          "Accept-Encoding"
        ],
        "x-ms-request-id": [
          "e9f9d352-bdd7-4d66-85d1-66afb9e38834"
        ],
        "Strict-Transport-Security": [
          "max-age=31536000; includeSubDomains"
        ],
        "x-ms-ratelimit-remaining-subscription-reads": [
          "14919"
        ],
        "x-ms-correlation-request-id": [
          "775a0567-89e1-4f24-9113-6d6f81e5af37"
        ],
        "x-ms-routing-request-id": [
          "WESTUS:20160602T221224Z:775a0567-89e1-4f24-9113-6d6f81e5af37"
        ]
      },
      "StatusCode": 200
    },
    {
      "RequestUri": "/subscriptions/0b1f6471-1bf0-4dda-aec3-cb9272f09590/resourceGroups/csmrg25/providers/Microsoft.Network/networkInterfaces/azsmnet5719?api-version=2017-03-01",
      "EncodedRequestUri": "L3N1YnNjcmlwdGlvbnMvMGIxZjY0NzEtMWJmMC00ZGRhLWFlYzMtY2I5MjcyZjA5NTkwL3Jlc291cmNlR3JvdXBzL2NzbXJnMjUvcHJvdmlkZXJzL01pY3Jvc29mdC5OZXR3b3JrL25ldHdvcmtJbnRlcmZhY2VzL2F6c21uZXQ1NzE5P2FwaS12ZXJzaW9uPTIwMTctMDMtMDE=",
      "RequestMethod": "GET",
      "RequestBody": "",
      "RequestHeaders": {
        "x-ms-client-request-id": [
          "6882c370-3563-4978-ada0-6a34a2dbcdbb"
        ],
        "accept-language": [
          "en-US"
        ],
        "User-Agent": [
          "Microsoft.Azure.Management.Network.NetworkManagementClient/5.0.0-preview"
        ]
      },
      "ResponseBody": "{\r\n  \"name\": \"azsmnet5719\",\r\n  \"id\": \"/subscriptions/0b1f6471-1bf0-4dda-aec3-cb9272f09590/resourceGroups/csmrg25/providers/Microsoft.Network/networkInterfaces/azsmnet5719\",\r\n  \"etag\": \"W/\\\"df2e5d77-c323-4f7b-897f-e70ad4299002\\\"\",\r\n  \"type\": \"Microsoft.Network/networkInterfaces\",\r\n  \"location\": \"westus\",\r\n  \"tags\": {\r\n    \"key\": \"value\"\r\n  },\r\n  \"properties\": {\r\n    \"provisioningState\": \"Succeeded\",\r\n    \"resourceGuid\": \"d28a6a35-8d37-49a2-946c-37fe04f37acc\",\r\n    \"ipConfigurations\": [\r\n      {\r\n        \"name\": \"ipconfig\",\r\n        \"id\": \"/subscriptions/0b1f6471-1bf0-4dda-aec3-cb9272f09590/resourceGroups/csmrg25/providers/Microsoft.Network/networkInterfaces/azsmnet5719/ipConfigurations/ipconfig\",\r\n        \"etag\": \"W/\\\"df2e5d77-c323-4f7b-897f-e70ad4299002\\\"\",\r\n        \"properties\": {\r\n          \"provisioningState\": \"Succeeded\",\r\n          \"privateIPAddress\": \"10.0.0.5\",\r\n          \"privateIPAllocationMethod\": \"Dynamic\",\r\n          \"subnet\": {\r\n            \"id\": \"/subscriptions/0b1f6471-1bf0-4dda-aec3-cb9272f09590/resourceGroups/csmrg25/providers/Microsoft.Network/virtualNetworks/azsmnet5244/subnets/azsmnet3892\"\r\n          },\r\n          \"primary\": true,\r\n          \"privateIPAddressVersion\": \"IPv4\"\r\n        }\r\n      }\r\n    ],\r\n    \"dnsSettings\": {\r\n      \"dnsServers\": [],\r\n      \"appliedDnsServers\": [],\r\n      \"internalDomainNameSuffix\": \"cwc5dhmyybvuthnxjkjifbstjd.dx.internal.cloudapp.net\"\r\n    },\r\n    \"enableIPForwarding\": false\r\n  }\r\n}",
      "ResponseHeaders": {
        "Content-Type": [
          "application/json; charset=utf-8"
        ],
        "Expires": [
          "-1"
        ],
        "Cache-Control": [
          "no-cache"
        ],
        "Date": [
          "Thu, 02 Jun 2016 22:12:23 GMT"
        ],
        "Pragma": [
          "no-cache"
        ],
        "Transfer-Encoding": [
          "chunked"
        ],
        "ETag": [
          "W/\"df2e5d77-c323-4f7b-897f-e70ad4299002\""
        ],
        "Server": [
          "Microsoft-HTTPAPI/2.0",
          "Microsoft-HTTPAPI/2.0"
        ],
        "Vary": [
          "Accept-Encoding"
        ],
        "x-ms-request-id": [
          "82748a2a-356e-4a10-938d-02d057cee414"
        ],
        "Strict-Transport-Security": [
          "max-age=31536000; includeSubDomains"
        ],
        "x-ms-ratelimit-remaining-subscription-reads": [
          "14918"
        ],
        "x-ms-correlation-request-id": [
          "bca703ed-4964-4972-a32f-38e25e068e96"
        ],
        "x-ms-routing-request-id": [
          "WESTUS:20160602T221224Z:bca703ed-4964-4972-a32f-38e25e068e96"
        ]
      },
      "StatusCode": 200
    },
    {
      "RequestUri": "/subscriptions/0b1f6471-1bf0-4dda-aec3-cb9272f09590/resourceGroups/csmrg25/providers/Microsoft.Network/networkInterfaces/azsmnet5719?api-version=2017-03-01",
      "EncodedRequestUri": "L3N1YnNjcmlwdGlvbnMvMGIxZjY0NzEtMWJmMC00ZGRhLWFlYzMtY2I5MjcyZjA5NTkwL3Jlc291cmNlR3JvdXBzL2NzbXJnMjUvcHJvdmlkZXJzL01pY3Jvc29mdC5OZXR3b3JrL25ldHdvcmtJbnRlcmZhY2VzL2F6c21uZXQ1NzE5P2FwaS12ZXJzaW9uPTIwMTctMDMtMDE=",
      "RequestMethod": "GET",
      "RequestBody": "",
      "RequestHeaders": {
        "User-Agent": [
          "Microsoft.Azure.Management.Network.NetworkManagementClient/5.0.0-preview"
        ]
      },
      "ResponseBody": "{\r\n  \"name\": \"azsmnet5719\",\r\n  \"id\": \"/subscriptions/0b1f6471-1bf0-4dda-aec3-cb9272f09590/resourceGroups/csmrg25/providers/Microsoft.Network/networkInterfaces/azsmnet5719\",\r\n  \"etag\": \"W/\\\"8573d5f3-66fe-4251-8b9d-8fb209aa0d0d\\\"\",\r\n  \"type\": \"Microsoft.Network/networkInterfaces\",\r\n  \"location\": \"westus\",\r\n  \"tags\": {\r\n    \"key\": \"value\"\r\n  },\r\n  \"properties\": {\r\n    \"provisioningState\": \"Succeeded\",\r\n    \"resourceGuid\": \"d28a6a35-8d37-49a2-946c-37fe04f37acc\",\r\n    \"ipConfigurations\": [\r\n      {\r\n        \"name\": \"ipconfig\",\r\n        \"id\": \"/subscriptions/0b1f6471-1bf0-4dda-aec3-cb9272f09590/resourceGroups/csmrg25/providers/Microsoft.Network/networkInterfaces/azsmnet5719/ipConfigurations/ipconfig\",\r\n        \"etag\": \"W/\\\"8573d5f3-66fe-4251-8b9d-8fb209aa0d0d\\\"\",\r\n        \"properties\": {\r\n          \"provisioningState\": \"Succeeded\",\r\n          \"privateIPAddress\": \"10.0.0.5\",\r\n          \"privateIPAllocationMethod\": \"Dynamic\",\r\n          \"subnet\": {\r\n            \"id\": \"/subscriptions/0b1f6471-1bf0-4dda-aec3-cb9272f09590/resourceGroups/csmrg25/providers/Microsoft.Network/virtualNetworks/azsmnet5244/subnets/azsmnet3892\"\r\n          },\r\n          \"primary\": true,\r\n          \"privateIPAddressVersion\": \"IPv4\",\r\n          \"loadBalancerBackendAddressPools\": [\r\n            {\r\n              \"id\": \"/subscriptions/0b1f6471-1bf0-4dda-aec3-cb9272f09590/resourceGroups/csmrg25/providers/Microsoft.Network/loadBalancers/azsmnet3522/backendAddressPools/azsmnet3325\"\r\n            }\r\n          ]\r\n        }\r\n      }\r\n    ],\r\n    \"dnsSettings\": {\r\n      \"dnsServers\": [],\r\n      \"appliedDnsServers\": [],\r\n      \"internalDomainNameSuffix\": \"cwc5dhmyybvuthnxjkjifbstjd.dx.internal.cloudapp.net\"\r\n    },\r\n    \"enableIPForwarding\": false\r\n  }\r\n}",
      "ResponseHeaders": {
        "Content-Type": [
          "application/json; charset=utf-8"
        ],
        "Expires": [
          "-1"
        ],
        "Cache-Control": [
          "no-cache"
        ],
        "Date": [
          "Thu, 02 Jun 2016 22:12:27 GMT"
        ],
        "Pragma": [
          "no-cache"
        ],
        "Transfer-Encoding": [
          "chunked"
        ],
        "ETag": [
          "W/\"8573d5f3-66fe-4251-8b9d-8fb209aa0d0d\""
        ],
        "Server": [
          "Microsoft-HTTPAPI/2.0",
          "Microsoft-HTTPAPI/2.0"
        ],
        "Vary": [
          "Accept-Encoding"
        ],
        "x-ms-request-id": [
          "1cef1057-0d39-4184-b727-2afdaf1b41cc"
        ],
        "Strict-Transport-Security": [
          "max-age=31536000; includeSubDomains"
        ],
        "x-ms-ratelimit-remaining-subscription-reads": [
          "14912"
        ],
        "x-ms-correlation-request-id": [
          "4f80df98-321a-4aee-8b0f-7166a3aee2a9"
        ],
        "x-ms-routing-request-id": [
          "WESTUS:20160602T221228Z:4f80df98-321a-4aee-8b0f-7166a3aee2a9"
        ]
      },
      "StatusCode": 200
    },
    {
      "RequestUri": "/subscriptions/0b1f6471-1bf0-4dda-aec3-cb9272f09590/resourceGroups/csmrg25/providers/Microsoft.Network/networkInterfaces/azsmnet5719?api-version=2017-03-01",
      "EncodedRequestUri": "L3N1YnNjcmlwdGlvbnMvMGIxZjY0NzEtMWJmMC00ZGRhLWFlYzMtY2I5MjcyZjA5NTkwL3Jlc291cmNlR3JvdXBzL2NzbXJnMjUvcHJvdmlkZXJzL01pY3Jvc29mdC5OZXR3b3JrL25ldHdvcmtJbnRlcmZhY2VzL2F6c21uZXQ1NzE5P2FwaS12ZXJzaW9uPTIwMTctMDMtMDE=",
      "RequestMethod": "GET",
      "RequestBody": "",
      "RequestHeaders": {
        "x-ms-client-request-id": [
          "041dd4cc-dafb-4273-b8bc-595281bf0fee"
        ],
        "accept-language": [
          "en-US"
        ],
        "User-Agent": [
          "Microsoft.Azure.Management.Network.NetworkManagementClient/5.0.0-preview"
        ]
      },
      "ResponseBody": "{\r\n  \"name\": \"azsmnet5719\",\r\n  \"id\": \"/subscriptions/0b1f6471-1bf0-4dda-aec3-cb9272f09590/resourceGroups/csmrg25/providers/Microsoft.Network/networkInterfaces/azsmnet5719\",\r\n  \"etag\": \"W/\\\"8573d5f3-66fe-4251-8b9d-8fb209aa0d0d\\\"\",\r\n  \"type\": \"Microsoft.Network/networkInterfaces\",\r\n  \"location\": \"westus\",\r\n  \"tags\": {\r\n    \"key\": \"value\"\r\n  },\r\n  \"properties\": {\r\n    \"provisioningState\": \"Succeeded\",\r\n    \"resourceGuid\": \"d28a6a35-8d37-49a2-946c-37fe04f37acc\",\r\n    \"ipConfigurations\": [\r\n      {\r\n        \"name\": \"ipconfig\",\r\n        \"id\": \"/subscriptions/0b1f6471-1bf0-4dda-aec3-cb9272f09590/resourceGroups/csmrg25/providers/Microsoft.Network/networkInterfaces/azsmnet5719/ipConfigurations/ipconfig\",\r\n        \"etag\": \"W/\\\"8573d5f3-66fe-4251-8b9d-8fb209aa0d0d\\\"\",\r\n        \"properties\": {\r\n          \"provisioningState\": \"Succeeded\",\r\n          \"privateIPAddress\": \"10.0.0.5\",\r\n          \"privateIPAllocationMethod\": \"Dynamic\",\r\n          \"subnet\": {\r\n            \"id\": \"/subscriptions/0b1f6471-1bf0-4dda-aec3-cb9272f09590/resourceGroups/csmrg25/providers/Microsoft.Network/virtualNetworks/azsmnet5244/subnets/azsmnet3892\"\r\n          },\r\n          \"primary\": true,\r\n          \"privateIPAddressVersion\": \"IPv4\",\r\n          \"loadBalancerBackendAddressPools\": [\r\n            {\r\n              \"id\": \"/subscriptions/0b1f6471-1bf0-4dda-aec3-cb9272f09590/resourceGroups/csmrg25/providers/Microsoft.Network/loadBalancers/azsmnet3522/backendAddressPools/azsmnet3325\"\r\n            }\r\n          ]\r\n        }\r\n      }\r\n    ],\r\n    \"dnsSettings\": {\r\n      \"dnsServers\": [],\r\n      \"appliedDnsServers\": [],\r\n      \"internalDomainNameSuffix\": \"cwc5dhmyybvuthnxjkjifbstjd.dx.internal.cloudapp.net\"\r\n    },\r\n    \"enableIPForwarding\": false\r\n  }\r\n}",
      "ResponseHeaders": {
        "Content-Type": [
          "application/json; charset=utf-8"
        ],
        "Expires": [
          "-1"
        ],
        "Cache-Control": [
          "no-cache"
        ],
        "Date": [
          "Thu, 02 Jun 2016 22:12:28 GMT"
        ],
        "Pragma": [
          "no-cache"
        ],
        "Transfer-Encoding": [
          "chunked"
        ],
        "ETag": [
          "W/\"8573d5f3-66fe-4251-8b9d-8fb209aa0d0d\""
        ],
        "Server": [
          "Microsoft-HTTPAPI/2.0",
          "Microsoft-HTTPAPI/2.0"
        ],
        "Vary": [
          "Accept-Encoding"
        ],
        "x-ms-request-id": [
          "4d2ce192-a07f-4af3-af96-ae56058101bc"
        ],
        "Strict-Transport-Security": [
          "max-age=31536000; includeSubDomains"
        ],
        "x-ms-ratelimit-remaining-subscription-reads": [
          "14909"
        ],
        "x-ms-correlation-request-id": [
          "a58a58ff-7e02-43fc-9146-84d780b52a6d"
        ],
        "x-ms-routing-request-id": [
          "WESTUS:20160602T221229Z:a58a58ff-7e02-43fc-9146-84d780b52a6d"
        ]
      },
      "StatusCode": 200
    },
    {
      "RequestUri": "/subscriptions/0b1f6471-1bf0-4dda-aec3-cb9272f09590/resourceGroups/csmrg25/providers/Microsoft.Network/networkInterfaces/azsmnet3894?api-version=2017-03-01",
      "EncodedRequestUri": "L3N1YnNjcmlwdGlvbnMvMGIxZjY0NzEtMWJmMC00ZGRhLWFlYzMtY2I5MjcyZjA5NTkwL3Jlc291cmNlR3JvdXBzL2NzbXJnMjUvcHJvdmlkZXJzL01pY3Jvc29mdC5OZXR3b3JrL25ldHdvcmtJbnRlcmZhY2VzL2F6c21uZXQzODk0P2FwaS12ZXJzaW9uPTIwMTctMDMtMDE=",
      "RequestMethod": "PUT",
      "RequestBody": "{\r\n  \"location\": \"West US\",\r\n  \"tags\": {\r\n    \"key\": \"value\"\r\n  },\r\n  \"properties\": {\r\n    \"ipConfigurations\": [\r\n      {\r\n        \"name\": \"ipconfig\",\r\n        \"properties\": {\r\n          \"privateIPAllocationMethod\": \"Dynamic\",\r\n          \"subnet\": {\r\n            \"id\": \"/subscriptions/0b1f6471-1bf0-4dda-aec3-cb9272f09590/resourceGroups/csmrg25/providers/Microsoft.Network/virtualNetworks/azsmnet5244/subnets/azsmnet3892\"\r\n          }\r\n        }\r\n      }\r\n    ]\r\n  }\r\n}",
      "RequestHeaders": {
        "Content-Type": [
          "application/json; charset=utf-8"
        ],
        "Content-Length": [
          "469"
        ],
        "x-ms-client-request-id": [
          "92b2dfc5-462a-4423-a6f1-e0e02b915c81"
        ],
        "accept-language": [
          "en-US"
        ],
        "User-Agent": [
          "Microsoft.Azure.Management.Network.NetworkManagementClient/5.0.0-preview"
        ]
      },
      "ResponseBody": "{\r\n  \"name\": \"azsmnet3894\",\r\n  \"id\": \"/subscriptions/0b1f6471-1bf0-4dda-aec3-cb9272f09590/resourceGroups/csmrg25/providers/Microsoft.Network/networkInterfaces/azsmnet3894\",\r\n  \"etag\": \"W/\\\"c43bb5bd-1ea6-4664-b6ac-19d07a21344f\\\"\",\r\n  \"type\": \"Microsoft.Network/networkInterfaces\",\r\n  \"location\": \"westus\",\r\n  \"tags\": {\r\n    \"key\": \"value\"\r\n  },\r\n  \"properties\": {\r\n    \"provisioningState\": \"Succeeded\",\r\n    \"resourceGuid\": \"89c06edb-81d0-4104-9bc6-a1199e9ea01b\",\r\n    \"ipConfigurations\": [\r\n      {\r\n        \"name\": \"ipconfig\",\r\n        \"id\": \"/subscriptions/0b1f6471-1bf0-4dda-aec3-cb9272f09590/resourceGroups/csmrg25/providers/Microsoft.Network/networkInterfaces/azsmnet3894/ipConfigurations/ipconfig\",\r\n        \"etag\": \"W/\\\"c43bb5bd-1ea6-4664-b6ac-19d07a21344f\\\"\",\r\n        \"properties\": {\r\n          \"provisioningState\": \"Succeeded\",\r\n          \"privateIPAddress\": \"10.0.0.6\",\r\n          \"privateIPAllocationMethod\": \"Dynamic\",\r\n          \"subnet\": {\r\n            \"id\": \"/subscriptions/0b1f6471-1bf0-4dda-aec3-cb9272f09590/resourceGroups/csmrg25/providers/Microsoft.Network/virtualNetworks/azsmnet5244/subnets/azsmnet3892\"\r\n          },\r\n          \"primary\": true,\r\n          \"privateIPAddressVersion\": \"IPv4\"\r\n        }\r\n      }\r\n    ],\r\n    \"dnsSettings\": {\r\n      \"dnsServers\": [],\r\n      \"appliedDnsServers\": [],\r\n      \"internalDomainNameSuffix\": \"cwc5dhmyybvuthnxjkjifbstjd.dx.internal.cloudapp.net\"\r\n    },\r\n    \"enableIPForwarding\": false\r\n  }\r\n}",
      "ResponseHeaders": {
        "Content-Length": [
          "1458"
        ],
        "Content-Type": [
          "application/json; charset=utf-8"
        ],
        "Expires": [
          "-1"
        ],
        "Cache-Control": [
          "no-cache"
        ],
        "Date": [
          "Thu, 02 Jun 2016 22:12:24 GMT"
        ],
        "Pragma": [
          "no-cache"
        ],
        "Server": [
          "Microsoft-HTTPAPI/2.0",
          "Microsoft-HTTPAPI/2.0"
        ],
        "x-ms-request-id": [
          "278e7e1b-2137-4663-9235-2bad3fdfc102"
        ],
        "Azure-AsyncOperation": [
          "https://management.azure.com/subscriptions/0b1f6471-1bf0-4dda-aec3-cb9272f09590/providers/Microsoft.Network/locations/westus/operations/278e7e1b-2137-4663-9235-2bad3fdfc102?api-version=2017-03-01"
        ],
        "Strict-Transport-Security": [
          "max-age=31536000; includeSubDomains"
        ],
        "x-ms-ratelimit-remaining-subscription-writes": [
          "1195"
        ],
        "x-ms-correlation-request-id": [
          "1f98b8da-f3de-46c4-b939-1bf687a71d84"
        ],
        "x-ms-routing-request-id": [
          "WESTUS:20160602T221225Z:1f98b8da-f3de-46c4-b939-1bf687a71d84"
        ]
      },
      "StatusCode": 201
    },
    {
      "RequestUri": "/subscriptions/0b1f6471-1bf0-4dda-aec3-cb9272f09590/resourceGroups/csmrg25/providers/Microsoft.Network/networkInterfaces/azsmnet3894?api-version=2017-03-01",
      "EncodedRequestUri": "L3N1YnNjcmlwdGlvbnMvMGIxZjY0NzEtMWJmMC00ZGRhLWFlYzMtY2I5MjcyZjA5NTkwL3Jlc291cmNlR3JvdXBzL2NzbXJnMjUvcHJvdmlkZXJzL01pY3Jvc29mdC5OZXR3b3JrL25ldHdvcmtJbnRlcmZhY2VzL2F6c21uZXQzODk0P2FwaS12ZXJzaW9uPTIwMTctMDMtMDE=",
      "RequestMethod": "PUT",
      "RequestBody": "{\r\n  \"etag\": \"W/\\\"c43bb5bd-1ea6-4664-b6ac-19d07a21344f\\\"\",\r\n  \"id\": \"/subscriptions/0b1f6471-1bf0-4dda-aec3-cb9272f09590/resourceGroups/csmrg25/providers/Microsoft.Network/networkInterfaces/azsmnet3894\",\r\n  \"location\": \"westus\",\r\n  \"tags\": {\r\n    \"key\": \"value\"\r\n  },\r\n  \"properties\": {\r\n    \"ipConfigurations\": [\r\n      {\r\n        \"name\": \"ipconfig\",\r\n        \"etag\": \"W/\\\"c43bb5bd-1ea6-4664-b6ac-19d07a21344f\\\"\",\r\n        \"id\": \"/subscriptions/0b1f6471-1bf0-4dda-aec3-cb9272f09590/resourceGroups/csmrg25/providers/Microsoft.Network/networkInterfaces/azsmnet3894/ipConfigurations/ipconfig\",\r\n        \"properties\": {\r\n          \"loadBalancerInboundNatRules\": [\r\n            {\r\n              \"name\": \"azsmnet5381\",\r\n              \"etag\": \"W/\\\"7fdcc4dc-873e-4005-bf1a-68b732624f73\\\"\",\r\n              \"id\": \"/subscriptions/0b1f6471-1bf0-4dda-aec3-cb9272f09590/resourceGroups/csmrg25/providers/Microsoft.Network/loadBalancers/azsmnet3522/inboundNatRules/azsmnet5381\",\r\n              \"properties\": {\r\n                \"frontendIPConfiguration\": {\r\n                  \"id\": \"/subscriptions/0b1f6471-1bf0-4dda-aec3-cb9272f09590/resourceGroups/csmrg25/providers/Microsoft.Network/loadBalancers/azsmnet3522/frontendIPConfigurations/azsmnet9647\"\r\n                },\r\n                \"protocol\": \"Tcp\",\r\n                \"frontendPort\": 3390,\r\n                \"backendPort\": 3389,\r\n                \"idleTimeoutInMinutes\": 15,\r\n                \"enableFloatingIP\": false,\r\n                \"provisioningState\": \"Succeeded\"\r\n              }\r\n            }\r\n          ],\r\n          \"privateIPAddress\": \"10.0.0.6\",\r\n          \"privateIPAllocationMethod\": \"Dynamic\",\r\n          \"privateIPAddressVersion\": \"IPv4\",\r\n          \"subnet\": {\r\n            \"id\": \"/subscriptions/0b1f6471-1bf0-4dda-aec3-cb9272f09590/resourceGroups/csmrg25/providers/Microsoft.Network/virtualNetworks/azsmnet5244/subnets/azsmnet3892\"\r\n          },\r\n          \"provisioningState\": \"Succeeded\"\r\n        }\r\n      }\r\n    ],\r\n    \"dnsSettings\": {\r\n      \"dnsServers\": [],\r\n      \"appliedDnsServers\": [],\r\n      \"internalDomainNameSuffix\": \"cwc5dhmyybvuthnxjkjifbstjd.dx.internal.cloudapp.net\"\r\n    },\r\n    \"enableIPForwarding\": false,\r\n    \"resourceGuid\": \"89c06edb-81d0-4104-9bc6-a1199e9ea01b\",\r\n    \"provisioningState\": \"Succeeded\"\r\n  }\r\n}",
      "RequestHeaders": {
        "Content-Type": [
          "application/json; charset=utf-8"
        ],
        "Content-Length": [
          "2289"
        ],
        "x-ms-client-request-id": [
          "9cc96a23-f685-411c-94d6-56dd677bae34"
        ],
        "accept-language": [
          "en-US"
        ],
        "User-Agent": [
          "Microsoft.Azure.Management.Network.NetworkManagementClient/5.0.0-preview"
        ]
      },
      "ResponseBody": "{\r\n  \"name\": \"azsmnet3894\",\r\n  \"id\": \"/subscriptions/0b1f6471-1bf0-4dda-aec3-cb9272f09590/resourceGroups/csmrg25/providers/Microsoft.Network/networkInterfaces/azsmnet3894\",\r\n  \"etag\": \"W/\\\"9b527227-ea64-4eed-8b03-1c3e032d46e7\\\"\",\r\n  \"type\": \"Microsoft.Network/networkInterfaces\",\r\n  \"location\": \"westus\",\r\n  \"tags\": {\r\n    \"key\": \"value\"\r\n  },\r\n  \"properties\": {\r\n    \"provisioningState\": \"Succeeded\",\r\n    \"resourceGuid\": \"89c06edb-81d0-4104-9bc6-a1199e9ea01b\",\r\n    \"ipConfigurations\": [\r\n      {\r\n        \"name\": \"ipconfig\",\r\n        \"id\": \"/subscriptions/0b1f6471-1bf0-4dda-aec3-cb9272f09590/resourceGroups/csmrg25/providers/Microsoft.Network/networkInterfaces/azsmnet3894/ipConfigurations/ipconfig\",\r\n        \"etag\": \"W/\\\"9b527227-ea64-4eed-8b03-1c3e032d46e7\\\"\",\r\n        \"properties\": {\r\n          \"provisioningState\": \"Succeeded\",\r\n          \"privateIPAddress\": \"10.0.0.6\",\r\n          \"privateIPAllocationMethod\": \"Dynamic\",\r\n          \"subnet\": {\r\n            \"id\": \"/subscriptions/0b1f6471-1bf0-4dda-aec3-cb9272f09590/resourceGroups/csmrg25/providers/Microsoft.Network/virtualNetworks/azsmnet5244/subnets/azsmnet3892\"\r\n          },\r\n          \"primary\": true,\r\n          \"privateIPAddressVersion\": \"IPv4\",\r\n          \"loadBalancerInboundNatRules\": [\r\n            {\r\n              \"id\": \"/subscriptions/0b1f6471-1bf0-4dda-aec3-cb9272f09590/resourceGroups/csmrg25/providers/Microsoft.Network/loadBalancers/azsmnet3522/inboundNatRules/azsmnet5381\"\r\n            }\r\n          ]\r\n        }\r\n      }\r\n    ],\r\n    \"dnsSettings\": {\r\n      \"dnsServers\": [],\r\n      \"appliedDnsServers\": [],\r\n      \"internalDomainNameSuffix\": \"cwc5dhmyybvuthnxjkjifbstjd.dx.internal.cloudapp.net\"\r\n    },\r\n    \"enableIPForwarding\": false\r\n  }\r\n}",
      "ResponseHeaders": {
        "Content-Type": [
          "application/json; charset=utf-8"
        ],
        "Expires": [
          "-1"
        ],
        "Cache-Control": [
          "no-cache"
        ],
        "Date": [
          "Thu, 02 Jun 2016 22:12:28 GMT"
        ],
        "Pragma": [
          "no-cache"
        ],
        "Transfer-Encoding": [
          "chunked"
        ],
        "Server": [
          "Microsoft-HTTPAPI/2.0",
          "Microsoft-HTTPAPI/2.0"
        ],
        "Vary": [
          "Accept-Encoding"
        ],
        "x-ms-request-id": [
          "ede67ae0-aeba-49e6-90df-5a5b53c7f6ce"
        ],
        "Azure-AsyncOperation": [
          "https://management.azure.com/subscriptions/0b1f6471-1bf0-4dda-aec3-cb9272f09590/providers/Microsoft.Network/locations/westus/operations/ede67ae0-aeba-49e6-90df-5a5b53c7f6ce?api-version=2017-03-01"
        ],
        "Strict-Transport-Security": [
          "max-age=31536000; includeSubDomains"
        ],
        "x-ms-ratelimit-remaining-subscription-writes": [
          "1191"
        ],
        "x-ms-correlation-request-id": [
          "0433fa1d-eff3-43a1-ad33-045e75f0e29e"
        ],
        "x-ms-routing-request-id": [
          "WESTUS:20160602T221229Z:0433fa1d-eff3-43a1-ad33-045e75f0e29e"
        ]
      },
      "StatusCode": 200
    },
    {
      "RequestUri": "/subscriptions/0b1f6471-1bf0-4dda-aec3-cb9272f09590/resourceGroups/csmrg25/providers/Microsoft.Network/networkInterfaces/azsmnet3894?api-version=2017-03-01",
      "EncodedRequestUri": "L3N1YnNjcmlwdGlvbnMvMGIxZjY0NzEtMWJmMC00ZGRhLWFlYzMtY2I5MjcyZjA5NTkwL3Jlc291cmNlR3JvdXBzL2NzbXJnMjUvcHJvdmlkZXJzL01pY3Jvc29mdC5OZXR3b3JrL25ldHdvcmtJbnRlcmZhY2VzL2F6c21uZXQzODk0P2FwaS12ZXJzaW9uPTIwMTctMDMtMDE=",
      "RequestMethod": "GET",
      "RequestBody": "",
      "RequestHeaders": {
        "User-Agent": [
          "Microsoft.Azure.Management.Network.NetworkManagementClient/5.0.0-preview"
        ]
      },
      "ResponseBody": "{\r\n  \"name\": \"azsmnet3894\",\r\n  \"id\": \"/subscriptions/0b1f6471-1bf0-4dda-aec3-cb9272f09590/resourceGroups/csmrg25/providers/Microsoft.Network/networkInterfaces/azsmnet3894\",\r\n  \"etag\": \"W/\\\"c43bb5bd-1ea6-4664-b6ac-19d07a21344f\\\"\",\r\n  \"type\": \"Microsoft.Network/networkInterfaces\",\r\n  \"location\": \"westus\",\r\n  \"tags\": {\r\n    \"key\": \"value\"\r\n  },\r\n  \"properties\": {\r\n    \"provisioningState\": \"Succeeded\",\r\n    \"resourceGuid\": \"89c06edb-81d0-4104-9bc6-a1199e9ea01b\",\r\n    \"ipConfigurations\": [\r\n      {\r\n        \"name\": \"ipconfig\",\r\n        \"id\": \"/subscriptions/0b1f6471-1bf0-4dda-aec3-cb9272f09590/resourceGroups/csmrg25/providers/Microsoft.Network/networkInterfaces/azsmnet3894/ipConfigurations/ipconfig\",\r\n        \"etag\": \"W/\\\"c43bb5bd-1ea6-4664-b6ac-19d07a21344f\\\"\",\r\n        \"properties\": {\r\n          \"provisioningState\": \"Succeeded\",\r\n          \"privateIPAddress\": \"10.0.0.6\",\r\n          \"privateIPAllocationMethod\": \"Dynamic\",\r\n          \"subnet\": {\r\n            \"id\": \"/subscriptions/0b1f6471-1bf0-4dda-aec3-cb9272f09590/resourceGroups/csmrg25/providers/Microsoft.Network/virtualNetworks/azsmnet5244/subnets/azsmnet3892\"\r\n          },\r\n          \"primary\": true,\r\n          \"privateIPAddressVersion\": \"IPv4\"\r\n        }\r\n      }\r\n    ],\r\n    \"dnsSettings\": {\r\n      \"dnsServers\": [],\r\n      \"appliedDnsServers\": [],\r\n      \"internalDomainNameSuffix\": \"cwc5dhmyybvuthnxjkjifbstjd.dx.internal.cloudapp.net\"\r\n    },\r\n    \"enableIPForwarding\": false\r\n  }\r\n}",
      "ResponseHeaders": {
        "Content-Type": [
          "application/json; charset=utf-8"
        ],
        "Expires": [
          "-1"
        ],
        "Cache-Control": [
          "no-cache"
        ],
        "Date": [
          "Thu, 02 Jun 2016 22:12:24 GMT"
        ],
        "Pragma": [
          "no-cache"
        ],
        "Transfer-Encoding": [
          "chunked"
        ],
        "ETag": [
          "W/\"c43bb5bd-1ea6-4664-b6ac-19d07a21344f\""
        ],
        "Server": [
          "Microsoft-HTTPAPI/2.0",
          "Microsoft-HTTPAPI/2.0"
        ],
        "Vary": [
          "Accept-Encoding"
        ],
        "x-ms-request-id": [
          "9c0e6881-1755-4501-b13a-71ac30efb095"
        ],
        "Strict-Transport-Security": [
          "max-age=31536000; includeSubDomains"
        ],
        "x-ms-ratelimit-remaining-subscription-reads": [
          "14917"
        ],
        "x-ms-correlation-request-id": [
          "8647af61-5ae1-4af6-ae16-0ba354bb0549"
        ],
        "x-ms-routing-request-id": [
          "WESTUS:20160602T221225Z:8647af61-5ae1-4af6-ae16-0ba354bb0549"
        ]
      },
      "StatusCode": 200
    },
    {
      "RequestUri": "/subscriptions/0b1f6471-1bf0-4dda-aec3-cb9272f09590/resourceGroups/csmrg25/providers/Microsoft.Network/networkInterfaces/azsmnet3894?api-version=2017-03-01",
      "EncodedRequestUri": "L3N1YnNjcmlwdGlvbnMvMGIxZjY0NzEtMWJmMC00ZGRhLWFlYzMtY2I5MjcyZjA5NTkwL3Jlc291cmNlR3JvdXBzL2NzbXJnMjUvcHJvdmlkZXJzL01pY3Jvc29mdC5OZXR3b3JrL25ldHdvcmtJbnRlcmZhY2VzL2F6c21uZXQzODk0P2FwaS12ZXJzaW9uPTIwMTctMDMtMDE=",
      "RequestMethod": "GET",
      "RequestBody": "",
      "RequestHeaders": {
        "x-ms-client-request-id": [
          "54a32efc-8ed1-4ebd-a873-0f3778d903aa"
        ],
        "accept-language": [
          "en-US"
        ],
        "User-Agent": [
          "Microsoft.Azure.Management.Network.NetworkManagementClient/5.0.0-preview"
        ]
      },
      "ResponseBody": "{\r\n  \"name\": \"azsmnet3894\",\r\n  \"id\": \"/subscriptions/0b1f6471-1bf0-4dda-aec3-cb9272f09590/resourceGroups/csmrg25/providers/Microsoft.Network/networkInterfaces/azsmnet3894\",\r\n  \"etag\": \"W/\\\"c43bb5bd-1ea6-4664-b6ac-19d07a21344f\\\"\",\r\n  \"type\": \"Microsoft.Network/networkInterfaces\",\r\n  \"location\": \"westus\",\r\n  \"tags\": {\r\n    \"key\": \"value\"\r\n  },\r\n  \"properties\": {\r\n    \"provisioningState\": \"Succeeded\",\r\n    \"resourceGuid\": \"89c06edb-81d0-4104-9bc6-a1199e9ea01b\",\r\n    \"ipConfigurations\": [\r\n      {\r\n        \"name\": \"ipconfig\",\r\n        \"id\": \"/subscriptions/0b1f6471-1bf0-4dda-aec3-cb9272f09590/resourceGroups/csmrg25/providers/Microsoft.Network/networkInterfaces/azsmnet3894/ipConfigurations/ipconfig\",\r\n        \"etag\": \"W/\\\"c43bb5bd-1ea6-4664-b6ac-19d07a21344f\\\"\",\r\n        \"properties\": {\r\n          \"provisioningState\": \"Succeeded\",\r\n          \"privateIPAddress\": \"10.0.0.6\",\r\n          \"privateIPAllocationMethod\": \"Dynamic\",\r\n          \"subnet\": {\r\n            \"id\": \"/subscriptions/0b1f6471-1bf0-4dda-aec3-cb9272f09590/resourceGroups/csmrg25/providers/Microsoft.Network/virtualNetworks/azsmnet5244/subnets/azsmnet3892\"\r\n          },\r\n          \"primary\": true,\r\n          \"privateIPAddressVersion\": \"IPv4\"\r\n        }\r\n      }\r\n    ],\r\n    \"dnsSettings\": {\r\n      \"dnsServers\": [],\r\n      \"appliedDnsServers\": [],\r\n      \"internalDomainNameSuffix\": \"cwc5dhmyybvuthnxjkjifbstjd.dx.internal.cloudapp.net\"\r\n    },\r\n    \"enableIPForwarding\": false\r\n  }\r\n}",
      "ResponseHeaders": {
        "Content-Type": [
          "application/json; charset=utf-8"
        ],
        "Expires": [
          "-1"
        ],
        "Cache-Control": [
          "no-cache"
        ],
        "Date": [
          "Thu, 02 Jun 2016 22:12:24 GMT"
        ],
        "Pragma": [
          "no-cache"
        ],
        "Transfer-Encoding": [
          "chunked"
        ],
        "ETag": [
          "W/\"c43bb5bd-1ea6-4664-b6ac-19d07a21344f\""
        ],
        "Server": [
          "Microsoft-HTTPAPI/2.0",
          "Microsoft-HTTPAPI/2.0"
        ],
        "Vary": [
          "Accept-Encoding"
        ],
        "x-ms-request-id": [
          "df17b4b1-a28c-4364-82b6-f8c4bcfed860"
        ],
        "Strict-Transport-Security": [
          "max-age=31536000; includeSubDomains"
        ],
        "x-ms-ratelimit-remaining-subscription-reads": [
          "14916"
        ],
        "x-ms-correlation-request-id": [
          "9c5d2f95-20ab-4ef1-a6ff-6b233f823df1"
        ],
        "x-ms-routing-request-id": [
          "WESTUS:20160602T221225Z:9c5d2f95-20ab-4ef1-a6ff-6b233f823df1"
        ]
      },
      "StatusCode": 200
    },
    {
      "RequestUri": "/subscriptions/0b1f6471-1bf0-4dda-aec3-cb9272f09590/resourceGroups/csmrg25/providers/Microsoft.Network/networkInterfaces/azsmnet3894?api-version=2017-03-01",
      "EncodedRequestUri": "L3N1YnNjcmlwdGlvbnMvMGIxZjY0NzEtMWJmMC00ZGRhLWFlYzMtY2I5MjcyZjA5NTkwL3Jlc291cmNlR3JvdXBzL2NzbXJnMjUvcHJvdmlkZXJzL01pY3Jvc29mdC5OZXR3b3JrL25ldHdvcmtJbnRlcmZhY2VzL2F6c21uZXQzODk0P2FwaS12ZXJzaW9uPTIwMTctMDMtMDE=",
      "RequestMethod": "GET",
      "RequestBody": "",
      "RequestHeaders": {
        "User-Agent": [
          "Microsoft.Azure.Management.Network.NetworkManagementClient/5.0.0-preview"
        ]
      },
      "ResponseBody": "{\r\n  \"name\": \"azsmnet3894\",\r\n  \"id\": \"/subscriptions/0b1f6471-1bf0-4dda-aec3-cb9272f09590/resourceGroups/csmrg25/providers/Microsoft.Network/networkInterfaces/azsmnet3894\",\r\n  \"etag\": \"W/\\\"9b527227-ea64-4eed-8b03-1c3e032d46e7\\\"\",\r\n  \"type\": \"Microsoft.Network/networkInterfaces\",\r\n  \"location\": \"westus\",\r\n  \"tags\": {\r\n    \"key\": \"value\"\r\n  },\r\n  \"properties\": {\r\n    \"provisioningState\": \"Succeeded\",\r\n    \"resourceGuid\": \"89c06edb-81d0-4104-9bc6-a1199e9ea01b\",\r\n    \"ipConfigurations\": [\r\n      {\r\n        \"name\": \"ipconfig\",\r\n        \"id\": \"/subscriptions/0b1f6471-1bf0-4dda-aec3-cb9272f09590/resourceGroups/csmrg25/providers/Microsoft.Network/networkInterfaces/azsmnet3894/ipConfigurations/ipconfig\",\r\n        \"etag\": \"W/\\\"9b527227-ea64-4eed-8b03-1c3e032d46e7\\\"\",\r\n        \"properties\": {\r\n          \"provisioningState\": \"Succeeded\",\r\n          \"privateIPAddress\": \"10.0.0.6\",\r\n          \"privateIPAllocationMethod\": \"Dynamic\",\r\n          \"subnet\": {\r\n            \"id\": \"/subscriptions/0b1f6471-1bf0-4dda-aec3-cb9272f09590/resourceGroups/csmrg25/providers/Microsoft.Network/virtualNetworks/azsmnet5244/subnets/azsmnet3892\"\r\n          },\r\n          \"primary\": true,\r\n          \"privateIPAddressVersion\": \"IPv4\",\r\n          \"loadBalancerInboundNatRules\": [\r\n            {\r\n              \"id\": \"/subscriptions/0b1f6471-1bf0-4dda-aec3-cb9272f09590/resourceGroups/csmrg25/providers/Microsoft.Network/loadBalancers/azsmnet3522/inboundNatRules/azsmnet5381\"\r\n            }\r\n          ]\r\n        }\r\n      }\r\n    ],\r\n    \"dnsSettings\": {\r\n      \"dnsServers\": [],\r\n      \"appliedDnsServers\": [],\r\n      \"internalDomainNameSuffix\": \"cwc5dhmyybvuthnxjkjifbstjd.dx.internal.cloudapp.net\"\r\n    },\r\n    \"enableIPForwarding\": false\r\n  }\r\n}",
      "ResponseHeaders": {
        "Content-Type": [
          "application/json; charset=utf-8"
        ],
        "Expires": [
          "-1"
        ],
        "Cache-Control": [
          "no-cache"
        ],
        "Date": [
          "Thu, 02 Jun 2016 22:12:28 GMT"
        ],
        "Pragma": [
          "no-cache"
        ],
        "Transfer-Encoding": [
          "chunked"
        ],
        "ETag": [
          "W/\"9b527227-ea64-4eed-8b03-1c3e032d46e7\""
        ],
        "Server": [
          "Microsoft-HTTPAPI/2.0",
          "Microsoft-HTTPAPI/2.0"
        ],
        "Vary": [
          "Accept-Encoding"
        ],
        "x-ms-request-id": [
          "aa12e217-3275-47aa-b9e1-4a99e23d5c8a"
        ],
        "Strict-Transport-Security": [
          "max-age=31536000; includeSubDomains"
        ],
        "x-ms-ratelimit-remaining-subscription-reads": [
          "14911"
        ],
        "x-ms-correlation-request-id": [
          "72d899c9-be23-4d05-ad5d-5cf238005413"
        ],
        "x-ms-routing-request-id": [
          "WESTUS:20160602T221229Z:72d899c9-be23-4d05-ad5d-5cf238005413"
        ]
      },
      "StatusCode": 200
    },
    {
      "RequestUri": "/subscriptions/0b1f6471-1bf0-4dda-aec3-cb9272f09590/resourceGroups/csmrg25/providers/Microsoft.Network/networkInterfaces/azsmnet3894?api-version=2017-03-01",
      "EncodedRequestUri": "L3N1YnNjcmlwdGlvbnMvMGIxZjY0NzEtMWJmMC00ZGRhLWFlYzMtY2I5MjcyZjA5NTkwL3Jlc291cmNlR3JvdXBzL2NzbXJnMjUvcHJvdmlkZXJzL01pY3Jvc29mdC5OZXR3b3JrL25ldHdvcmtJbnRlcmZhY2VzL2F6c21uZXQzODk0P2FwaS12ZXJzaW9uPTIwMTctMDMtMDE=",
      "RequestMethod": "GET",
      "RequestBody": "",
      "RequestHeaders": {
        "x-ms-client-request-id": [
          "04f40ca0-7e3d-4ff9-b4cb-0ba8ed7bacb5"
        ],
        "accept-language": [
          "en-US"
        ],
        "User-Agent": [
          "Microsoft.Azure.Management.Network.NetworkManagementClient/5.0.0-preview"
        ]
      },
      "ResponseBody": "{\r\n  \"name\": \"azsmnet3894\",\r\n  \"id\": \"/subscriptions/0b1f6471-1bf0-4dda-aec3-cb9272f09590/resourceGroups/csmrg25/providers/Microsoft.Network/networkInterfaces/azsmnet3894\",\r\n  \"etag\": \"W/\\\"9b527227-ea64-4eed-8b03-1c3e032d46e7\\\"\",\r\n  \"type\": \"Microsoft.Network/networkInterfaces\",\r\n  \"location\": \"westus\",\r\n  \"tags\": {\r\n    \"key\": \"value\"\r\n  },\r\n  \"properties\": {\r\n    \"provisioningState\": \"Succeeded\",\r\n    \"resourceGuid\": \"89c06edb-81d0-4104-9bc6-a1199e9ea01b\",\r\n    \"ipConfigurations\": [\r\n      {\r\n        \"name\": \"ipconfig\",\r\n        \"id\": \"/subscriptions/0b1f6471-1bf0-4dda-aec3-cb9272f09590/resourceGroups/csmrg25/providers/Microsoft.Network/networkInterfaces/azsmnet3894/ipConfigurations/ipconfig\",\r\n        \"etag\": \"W/\\\"9b527227-ea64-4eed-8b03-1c3e032d46e7\\\"\",\r\n        \"properties\": {\r\n          \"provisioningState\": \"Succeeded\",\r\n          \"privateIPAddress\": \"10.0.0.6\",\r\n          \"privateIPAllocationMethod\": \"Dynamic\",\r\n          \"subnet\": {\r\n            \"id\": \"/subscriptions/0b1f6471-1bf0-4dda-aec3-cb9272f09590/resourceGroups/csmrg25/providers/Microsoft.Network/virtualNetworks/azsmnet5244/subnets/azsmnet3892\"\r\n          },\r\n          \"primary\": true,\r\n          \"privateIPAddressVersion\": \"IPv4\",\r\n          \"loadBalancerInboundNatRules\": [\r\n            {\r\n              \"id\": \"/subscriptions/0b1f6471-1bf0-4dda-aec3-cb9272f09590/resourceGroups/csmrg25/providers/Microsoft.Network/loadBalancers/azsmnet3522/inboundNatRules/azsmnet5381\"\r\n            }\r\n          ]\r\n        }\r\n      }\r\n    ],\r\n    \"dnsSettings\": {\r\n      \"dnsServers\": [],\r\n      \"appliedDnsServers\": [],\r\n      \"internalDomainNameSuffix\": \"cwc5dhmyybvuthnxjkjifbstjd.dx.internal.cloudapp.net\"\r\n    },\r\n    \"enableIPForwarding\": false\r\n  }\r\n}",
      "ResponseHeaders": {
        "Content-Type": [
          "application/json; charset=utf-8"
        ],
        "Expires": [
          "-1"
        ],
        "Cache-Control": [
          "no-cache"
        ],
        "Date": [
          "Thu, 02 Jun 2016 22:12:28 GMT"
        ],
        "Pragma": [
          "no-cache"
        ],
        "Transfer-Encoding": [
          "chunked"
        ],
        "ETag": [
          "W/\"9b527227-ea64-4eed-8b03-1c3e032d46e7\""
        ],
        "Server": [
          "Microsoft-HTTPAPI/2.0",
          "Microsoft-HTTPAPI/2.0"
        ],
        "Vary": [
          "Accept-Encoding"
        ],
        "x-ms-request-id": [
          "c55b0f12-d0d6-493f-821d-ad591593ba3e"
        ],
        "Strict-Transport-Security": [
          "max-age=31536000; includeSubDomains"
        ],
        "x-ms-ratelimit-remaining-subscription-reads": [
          "14908"
        ],
        "x-ms-correlation-request-id": [
          "25d3155f-aed9-447c-94c0-bfbd91fc7327"
        ],
        "x-ms-routing-request-id": [
          "WESTUS:20160602T221229Z:25d3155f-aed9-447c-94c0-bfbd91fc7327"
        ]
      },
      "StatusCode": 200
    },
    {
      "RequestUri": "/subscriptions/0b1f6471-1bf0-4dda-aec3-cb9272f09590/resourceGroups/csmrg25/providers/Microsoft.Network/loadBalancers/azsmnet3522?api-version=2017-03-01",
      "EncodedRequestUri": "L3N1YnNjcmlwdGlvbnMvMGIxZjY0NzEtMWJmMC00ZGRhLWFlYzMtY2I5MjcyZjA5NTkwL3Jlc291cmNlR3JvdXBzL2NzbXJnMjUvcHJvdmlkZXJzL01pY3Jvc29mdC5OZXR3b3JrL2xvYWRCYWxhbmNlcnMvYXpzbW5ldDM1MjI/YXBpLXZlcnNpb249MjAxNy0wMy0wMQ==",
      "RequestMethod": "PUT",
      "RequestBody": "{\r\n  \"location\": \"West US\",\r\n  \"properties\": {\r\n    \"frontendIPConfigurations\": [\r\n      {\r\n        \"name\": \"azsmnet9647\",\r\n        \"properties\": {\r\n          \"publicIPAddress\": {\r\n            \"id\": \"/subscriptions/0b1f6471-1bf0-4dda-aec3-cb9272f09590/resourceGroups/csmrg25/providers/Microsoft.Network/publicIPAddresses/azsmnet4721\"\r\n          }\r\n        }\r\n      }\r\n    ],\r\n    \"backendAddressPools\": [\r\n      {\r\n        \"name\": \"azsmnet3325\"\r\n      }\r\n    ],\r\n    \"loadBalancingRules\": [\r\n      {\r\n        \"name\": \"azsmnet1645\",\r\n        \"properties\": {\r\n          \"frontendIPConfiguration\": {\r\n            \"id\": \"/subscriptions/0b1f6471-1bf0-4dda-aec3-cb9272f09590/resourceGroups/csmrg25/providers/Microsoft.Network/loadBalancers/azsmnet3522/frontendIPConfigurations/azsmnet9647\"\r\n          },\r\n          \"backendAddressPool\": {\r\n            \"id\": \"/subscriptions/0b1f6471-1bf0-4dda-aec3-cb9272f09590/resourceGroups/csmrg25/providers/Microsoft.Network/loadBalancers/azsmnet3522/backendAddressPools/azsmnet3325\"\r\n          },\r\n          \"probe\": {\r\n            \"id\": \"/subscriptions/0b1f6471-1bf0-4dda-aec3-cb9272f09590/resourceGroups/csmrg25/providers/Microsoft.Network/loadBalancers/azsmnet3522/probes/azsmnet9912\"\r\n          },\r\n          \"protocol\": \"Tcp\",\r\n          \"frontendPort\": 80,\r\n          \"backendPort\": 80,\r\n          \"idleTimeoutInMinutes\": 15,\r\n          \"enableFloatingIP\": false\r\n        }\r\n      }\r\n    ],\r\n    \"probes\": [\r\n      {\r\n        \"name\": \"azsmnet9912\",\r\n        \"properties\": {\r\n          \"protocol\": \"Http\",\r\n          \"port\": 80,\r\n          \"intervalInSeconds\": 10,\r\n          \"numberOfProbes\": 2,\r\n          \"requestPath\": \"healthcheck.aspx\"\r\n        }\r\n      }\r\n    ],\r\n    \"inboundNatRules\": [\r\n      {\r\n        \"name\": \"azsmnet5822\",\r\n        \"properties\": {\r\n          \"frontendIPConfiguration\": {\r\n            \"id\": \"/subscriptions/0b1f6471-1bf0-4dda-aec3-cb9272f09590/resourceGroups/csmrg25/providers/Microsoft.Network/loadBalancers/azsmnet3522/frontendIPConfigurations/azsmnet9647\"\r\n          },\r\n          \"protocol\": \"Tcp\",\r\n          \"frontendPort\": 3389,\r\n          \"backendPort\": 3389,\r\n          \"idleTimeoutInMinutes\": 15,\r\n          \"enableFloatingIP\": false\r\n        }\r\n      },\r\n      {\r\n        \"name\": \"azsmnet5381\",\r\n        \"properties\": {\r\n          \"frontendIPConfiguration\": {\r\n            \"id\": \"/subscriptions/0b1f6471-1bf0-4dda-aec3-cb9272f09590/resourceGroups/csmrg25/providers/Microsoft.Network/loadBalancers/azsmnet3522/frontendIPConfigurations/azsmnet9647\"\r\n          },\r\n          \"protocol\": \"Tcp\",\r\n          \"frontendPort\": 3390,\r\n          \"backendPort\": 3389,\r\n          \"idleTimeoutInMinutes\": 15,\r\n          \"enableFloatingIP\": false\r\n        }\r\n      }\r\n    ]\r\n  }\r\n}",
      "RequestHeaders": {
        "Content-Type": [
          "application/json; charset=utf-8"
        ],
        "Content-Length": [
          "2744"
        ],
        "x-ms-client-request-id": [
          "4f7f8765-9b17-4d5c-82c4-50acb9ab3924"
        ],
        "accept-language": [
          "en-US"
        ],
        "User-Agent": [
          "Microsoft.Azure.Management.Network.NetworkManagementClient/5.0.0-preview"
        ]
      },
      "ResponseBody": "{\r\n  \"name\": \"azsmnet3522\",\r\n  \"id\": \"/subscriptions/0b1f6471-1bf0-4dda-aec3-cb9272f09590/resourceGroups/csmrg25/providers/Microsoft.Network/loadBalancers/azsmnet3522\",\r\n  \"etag\": \"W/\\\"7fdcc4dc-873e-4005-bf1a-68b732624f73\\\"\",\r\n  \"type\": \"Microsoft.Network/loadBalancers\",\r\n  \"location\": \"westus\",\r\n  \"properties\": {\r\n    \"provisioningState\": \"Succeeded\",\r\n    \"resourceGuid\": \"350ca240-548d-42e3-b2dc-a15b8da28a37\",\r\n    \"frontendIPConfigurations\": [\r\n      {\r\n        \"name\": \"azsmnet9647\",\r\n        \"id\": \"/subscriptions/0b1f6471-1bf0-4dda-aec3-cb9272f09590/resourceGroups/csmrg25/providers/Microsoft.Network/loadBalancers/azsmnet3522/frontendIPConfigurations/azsmnet9647\",\r\n        \"etag\": \"W/\\\"7fdcc4dc-873e-4005-bf1a-68b732624f73\\\"\",\r\n        \"properties\": {\r\n          \"provisioningState\": \"Succeeded\",\r\n          \"privateIPAllocationMethod\": \"Dynamic\",\r\n          \"publicIPAddress\": {\r\n            \"id\": \"/subscriptions/0b1f6471-1bf0-4dda-aec3-cb9272f09590/resourceGroups/csmrg25/providers/Microsoft.Network/publicIPAddresses/azsmnet4721\"\r\n          },\r\n          \"loadBalancingRules\": [\r\n            {\r\n              \"id\": \"/subscriptions/0b1f6471-1bf0-4dda-aec3-cb9272f09590/resourceGroups/csmrg25/providers/Microsoft.Network/loadBalancers/azsmnet3522/loadBalancingRules/azsmnet1645\"\r\n            }\r\n          ],\r\n          \"inboundNatRules\": [\r\n            {\r\n              \"id\": \"/subscriptions/0b1f6471-1bf0-4dda-aec3-cb9272f09590/resourceGroups/csmrg25/providers/Microsoft.Network/loadBalancers/azsmnet3522/inboundNatRules/azsmnet5822\"\r\n            },\r\n            {\r\n              \"id\": \"/subscriptions/0b1f6471-1bf0-4dda-aec3-cb9272f09590/resourceGroups/csmrg25/providers/Microsoft.Network/loadBalancers/azsmnet3522/inboundNatRules/azsmnet5381\"\r\n            }\r\n          ]\r\n        }\r\n      }\r\n    ],\r\n    \"backendAddressPools\": [\r\n      {\r\n        \"name\": \"azsmnet3325\",\r\n        \"id\": \"/subscriptions/0b1f6471-1bf0-4dda-aec3-cb9272f09590/resourceGroups/csmrg25/providers/Microsoft.Network/loadBalancers/azsmnet3522/backendAddressPools/azsmnet3325\",\r\n        \"etag\": \"W/\\\"7fdcc4dc-873e-4005-bf1a-68b732624f73\\\"\",\r\n        \"properties\": {\r\n          \"provisioningState\": \"Succeeded\",\r\n          \"loadBalancingRules\": [\r\n            {\r\n              \"id\": \"/subscriptions/0b1f6471-1bf0-4dda-aec3-cb9272f09590/resourceGroups/csmrg25/providers/Microsoft.Network/loadBalancers/azsmnet3522/loadBalancingRules/azsmnet1645\"\r\n            }\r\n          ]\r\n        }\r\n      }\r\n    ],\r\n    \"loadBalancingRules\": [\r\n      {\r\n        \"name\": \"azsmnet1645\",\r\n        \"id\": \"/subscriptions/0b1f6471-1bf0-4dda-aec3-cb9272f09590/resourceGroups/csmrg25/providers/Microsoft.Network/loadBalancers/azsmnet3522/loadBalancingRules/azsmnet1645\",\r\n        \"etag\": \"W/\\\"7fdcc4dc-873e-4005-bf1a-68b732624f73\\\"\",\r\n        \"properties\": {\r\n          \"provisioningState\": \"Succeeded\",\r\n          \"frontendIPConfiguration\": {\r\n            \"id\": \"/subscriptions/0b1f6471-1bf0-4dda-aec3-cb9272f09590/resourceGroups/csmrg25/providers/Microsoft.Network/loadBalancers/azsmnet3522/frontendIPConfigurations/azsmnet9647\"\r\n          },\r\n          \"frontendPort\": 80,\r\n          \"backendPort\": 80,\r\n          \"enableFloatingIP\": false,\r\n          \"idleTimeoutInMinutes\": 15,\r\n          \"protocol\": \"Tcp\",\r\n          \"loadDistribution\": \"Default\",\r\n          \"backendAddressPool\": {\r\n            \"id\": \"/subscriptions/0b1f6471-1bf0-4dda-aec3-cb9272f09590/resourceGroups/csmrg25/providers/Microsoft.Network/loadBalancers/azsmnet3522/backendAddressPools/azsmnet3325\"\r\n          },\r\n          \"probe\": {\r\n            \"id\": \"/subscriptions/0b1f6471-1bf0-4dda-aec3-cb9272f09590/resourceGroups/csmrg25/providers/Microsoft.Network/loadBalancers/azsmnet3522/probes/azsmnet9912\"\r\n          }\r\n        }\r\n      }\r\n    ],\r\n    \"probes\": [\r\n      {\r\n        \"name\": \"azsmnet9912\",\r\n        \"id\": \"/subscriptions/0b1f6471-1bf0-4dda-aec3-cb9272f09590/resourceGroups/csmrg25/providers/Microsoft.Network/loadBalancers/azsmnet3522/probes/azsmnet9912\",\r\n        \"etag\": \"W/\\\"7fdcc4dc-873e-4005-bf1a-68b732624f73\\\"\",\r\n        \"properties\": {\r\n          \"provisioningState\": \"Succeeded\",\r\n          \"protocol\": \"Http\",\r\n          \"port\": 80,\r\n          \"requestPath\": \"healthcheck.aspx\",\r\n          \"intervalInSeconds\": 10,\r\n          \"numberOfProbes\": 2,\r\n          \"loadBalancingRules\": [\r\n            {\r\n              \"id\": \"/subscriptions/0b1f6471-1bf0-4dda-aec3-cb9272f09590/resourceGroups/csmrg25/providers/Microsoft.Network/loadBalancers/azsmnet3522/loadBalancingRules/azsmnet1645\"\r\n            }\r\n          ]\r\n        }\r\n      }\r\n    ],\r\n    \"inboundNatRules\": [\r\n      {\r\n        \"name\": \"azsmnet5822\",\r\n        \"id\": \"/subscriptions/0b1f6471-1bf0-4dda-aec3-cb9272f09590/resourceGroups/csmrg25/providers/Microsoft.Network/loadBalancers/azsmnet3522/inboundNatRules/azsmnet5822\",\r\n        \"etag\": \"W/\\\"7fdcc4dc-873e-4005-bf1a-68b732624f73\\\"\",\r\n        \"properties\": {\r\n          \"provisioningState\": \"Succeeded\",\r\n          \"frontendIPConfiguration\": {\r\n            \"id\": \"/subscriptions/0b1f6471-1bf0-4dda-aec3-cb9272f09590/resourceGroups/csmrg25/providers/Microsoft.Network/loadBalancers/azsmnet3522/frontendIPConfigurations/azsmnet9647\"\r\n          },\r\n          \"frontendPort\": 3389,\r\n          \"backendPort\": 3389,\r\n          \"enableFloatingIP\": false,\r\n          \"idleTimeoutInMinutes\": 15,\r\n          \"protocol\": \"Tcp\"\r\n        }\r\n      },\r\n      {\r\n        \"name\": \"azsmnet5381\",\r\n        \"id\": \"/subscriptions/0b1f6471-1bf0-4dda-aec3-cb9272f09590/resourceGroups/csmrg25/providers/Microsoft.Network/loadBalancers/azsmnet3522/inboundNatRules/azsmnet5381\",\r\n        \"etag\": \"W/\\\"7fdcc4dc-873e-4005-bf1a-68b732624f73\\\"\",\r\n        \"properties\": {\r\n          \"provisioningState\": \"Succeeded\",\r\n          \"frontendIPConfiguration\": {\r\n            \"id\": \"/subscriptions/0b1f6471-1bf0-4dda-aec3-cb9272f09590/resourceGroups/csmrg25/providers/Microsoft.Network/loadBalancers/azsmnet3522/frontendIPConfigurations/azsmnet9647\"\r\n          },\r\n          \"frontendPort\": 3390,\r\n          \"backendPort\": 3389,\r\n          \"enableFloatingIP\": false,\r\n          \"idleTimeoutInMinutes\": 15,\r\n          \"protocol\": \"Tcp\"\r\n        }\r\n      }\r\n    ],\r\n    \"outboundNatRules\": [],\r\n    \"inboundNatPools\": []\r\n  }\r\n}",
      "ResponseHeaders": {
        "Content-Length": [
          "6257"
        ],
        "Content-Type": [
          "application/json; charset=utf-8"
        ],
        "Expires": [
          "-1"
        ],
        "Cache-Control": [
          "no-cache"
        ],
        "Date": [
          "Thu, 02 Jun 2016 22:12:25 GMT"
        ],
        "Pragma": [
          "no-cache"
        ],
        "Server": [
          "Microsoft-HTTPAPI/2.0",
          "Microsoft-HTTPAPI/2.0"
        ],
        "x-ms-request-id": [
          "f8b75ac4-426a-4583-9e9c-4676d5661dfd"
        ],
        "Azure-AsyncOperation": [
          "https://management.azure.com/subscriptions/0b1f6471-1bf0-4dda-aec3-cb9272f09590/providers/Microsoft.Network/locations/westus/operations/f8b75ac4-426a-4583-9e9c-4676d5661dfd?api-version=2017-03-01"
        ],
        "Strict-Transport-Security": [
          "max-age=31536000; includeSubDomains"
        ],
        "x-ms-ratelimit-remaining-subscription-writes": [
          "1194"
        ],
        "x-ms-correlation-request-id": [
          "b9a231eb-de7e-4eb7-a55d-6a1bbc1b61af"
        ],
        "x-ms-routing-request-id": [
          "WESTUS:20160602T221226Z:b9a231eb-de7e-4eb7-a55d-6a1bbc1b61af"
        ]
      },
      "StatusCode": 201
    },
    {
      "RequestUri": "/subscriptions/0b1f6471-1bf0-4dda-aec3-cb9272f09590/resourceGroups/csmrg25/providers/Microsoft.Network/loadBalancers/azsmnet3522?api-version=2017-03-01",
      "EncodedRequestUri": "L3N1YnNjcmlwdGlvbnMvMGIxZjY0NzEtMWJmMC00ZGRhLWFlYzMtY2I5MjcyZjA5NTkwL3Jlc291cmNlR3JvdXBzL2NzbXJnMjUvcHJvdmlkZXJzL01pY3Jvc29mdC5OZXR3b3JrL2xvYWRCYWxhbmNlcnMvYXpzbW5ldDM1MjI/YXBpLXZlcnNpb249MjAxNy0wMy0wMQ==",
      "RequestMethod": "GET",
      "RequestBody": "",
      "RequestHeaders": {
        "User-Agent": [
          "Microsoft.Azure.Management.Network.NetworkManagementClient/5.0.0-preview"
        ]
      },
      "ResponseBody": "{\r\n  \"name\": \"azsmnet3522\",\r\n  \"id\": \"/subscriptions/0b1f6471-1bf0-4dda-aec3-cb9272f09590/resourceGroups/csmrg25/providers/Microsoft.Network/loadBalancers/azsmnet3522\",\r\n  \"etag\": \"W/\\\"7fdcc4dc-873e-4005-bf1a-68b732624f73\\\"\",\r\n  \"type\": \"Microsoft.Network/loadBalancers\",\r\n  \"location\": \"westus\",\r\n  \"properties\": {\r\n    \"provisioningState\": \"Succeeded\",\r\n    \"resourceGuid\": \"350ca240-548d-42e3-b2dc-a15b8da28a37\",\r\n    \"frontendIPConfigurations\": [\r\n      {\r\n        \"name\": \"azsmnet9647\",\r\n        \"id\": \"/subscriptions/0b1f6471-1bf0-4dda-aec3-cb9272f09590/resourceGroups/csmrg25/providers/Microsoft.Network/loadBalancers/azsmnet3522/frontendIPConfigurations/azsmnet9647\",\r\n        \"etag\": \"W/\\\"7fdcc4dc-873e-4005-bf1a-68b732624f73\\\"\",\r\n        \"properties\": {\r\n          \"provisioningState\": \"Succeeded\",\r\n          \"privateIPAllocationMethod\": \"Dynamic\",\r\n          \"publicIPAddress\": {\r\n            \"id\": \"/subscriptions/0b1f6471-1bf0-4dda-aec3-cb9272f09590/resourceGroups/csmrg25/providers/Microsoft.Network/publicIPAddresses/azsmnet4721\"\r\n          },\r\n          \"loadBalancingRules\": [\r\n            {\r\n              \"id\": \"/subscriptions/0b1f6471-1bf0-4dda-aec3-cb9272f09590/resourceGroups/csmrg25/providers/Microsoft.Network/loadBalancers/azsmnet3522/loadBalancingRules/azsmnet1645\"\r\n            }\r\n          ],\r\n          \"inboundNatRules\": [\r\n            {\r\n              \"id\": \"/subscriptions/0b1f6471-1bf0-4dda-aec3-cb9272f09590/resourceGroups/csmrg25/providers/Microsoft.Network/loadBalancers/azsmnet3522/inboundNatRules/azsmnet5822\"\r\n            },\r\n            {\r\n              \"id\": \"/subscriptions/0b1f6471-1bf0-4dda-aec3-cb9272f09590/resourceGroups/csmrg25/providers/Microsoft.Network/loadBalancers/azsmnet3522/inboundNatRules/azsmnet5381\"\r\n            }\r\n          ]\r\n        }\r\n      }\r\n    ],\r\n    \"backendAddressPools\": [\r\n      {\r\n        \"name\": \"azsmnet3325\",\r\n        \"id\": \"/subscriptions/0b1f6471-1bf0-4dda-aec3-cb9272f09590/resourceGroups/csmrg25/providers/Microsoft.Network/loadBalancers/azsmnet3522/backendAddressPools/azsmnet3325\",\r\n        \"etag\": \"W/\\\"7fdcc4dc-873e-4005-bf1a-68b732624f73\\\"\",\r\n        \"properties\": {\r\n          \"provisioningState\": \"Succeeded\",\r\n          \"loadBalancingRules\": [\r\n            {\r\n              \"id\": \"/subscriptions/0b1f6471-1bf0-4dda-aec3-cb9272f09590/resourceGroups/csmrg25/providers/Microsoft.Network/loadBalancers/azsmnet3522/loadBalancingRules/azsmnet1645\"\r\n            }\r\n          ]\r\n        }\r\n      }\r\n    ],\r\n    \"loadBalancingRules\": [\r\n      {\r\n        \"name\": \"azsmnet1645\",\r\n        \"id\": \"/subscriptions/0b1f6471-1bf0-4dda-aec3-cb9272f09590/resourceGroups/csmrg25/providers/Microsoft.Network/loadBalancers/azsmnet3522/loadBalancingRules/azsmnet1645\",\r\n        \"etag\": \"W/\\\"7fdcc4dc-873e-4005-bf1a-68b732624f73\\\"\",\r\n        \"properties\": {\r\n          \"provisioningState\": \"Succeeded\",\r\n          \"frontendIPConfiguration\": {\r\n            \"id\": \"/subscriptions/0b1f6471-1bf0-4dda-aec3-cb9272f09590/resourceGroups/csmrg25/providers/Microsoft.Network/loadBalancers/azsmnet3522/frontendIPConfigurations/azsmnet9647\"\r\n          },\r\n          \"frontendPort\": 80,\r\n          \"backendPort\": 80,\r\n          \"enableFloatingIP\": false,\r\n          \"idleTimeoutInMinutes\": 15,\r\n          \"protocol\": \"Tcp\",\r\n          \"loadDistribution\": \"Default\",\r\n          \"backendAddressPool\": {\r\n            \"id\": \"/subscriptions/0b1f6471-1bf0-4dda-aec3-cb9272f09590/resourceGroups/csmrg25/providers/Microsoft.Network/loadBalancers/azsmnet3522/backendAddressPools/azsmnet3325\"\r\n          },\r\n          \"probe\": {\r\n            \"id\": \"/subscriptions/0b1f6471-1bf0-4dda-aec3-cb9272f09590/resourceGroups/csmrg25/providers/Microsoft.Network/loadBalancers/azsmnet3522/probes/azsmnet9912\"\r\n          }\r\n        }\r\n      }\r\n    ],\r\n    \"probes\": [\r\n      {\r\n        \"name\": \"azsmnet9912\",\r\n        \"id\": \"/subscriptions/0b1f6471-1bf0-4dda-aec3-cb9272f09590/resourceGroups/csmrg25/providers/Microsoft.Network/loadBalancers/azsmnet3522/probes/azsmnet9912\",\r\n        \"etag\": \"W/\\\"7fdcc4dc-873e-4005-bf1a-68b732624f73\\\"\",\r\n        \"properties\": {\r\n          \"provisioningState\": \"Succeeded\",\r\n          \"protocol\": \"Http\",\r\n          \"port\": 80,\r\n          \"requestPath\": \"healthcheck.aspx\",\r\n          \"intervalInSeconds\": 10,\r\n          \"numberOfProbes\": 2,\r\n          \"loadBalancingRules\": [\r\n            {\r\n              \"id\": \"/subscriptions/0b1f6471-1bf0-4dda-aec3-cb9272f09590/resourceGroups/csmrg25/providers/Microsoft.Network/loadBalancers/azsmnet3522/loadBalancingRules/azsmnet1645\"\r\n            }\r\n          ]\r\n        }\r\n      }\r\n    ],\r\n    \"inboundNatRules\": [\r\n      {\r\n        \"name\": \"azsmnet5822\",\r\n        \"id\": \"/subscriptions/0b1f6471-1bf0-4dda-aec3-cb9272f09590/resourceGroups/csmrg25/providers/Microsoft.Network/loadBalancers/azsmnet3522/inboundNatRules/azsmnet5822\",\r\n        \"etag\": \"W/\\\"7fdcc4dc-873e-4005-bf1a-68b732624f73\\\"\",\r\n        \"properties\": {\r\n          \"provisioningState\": \"Succeeded\",\r\n          \"frontendIPConfiguration\": {\r\n            \"id\": \"/subscriptions/0b1f6471-1bf0-4dda-aec3-cb9272f09590/resourceGroups/csmrg25/providers/Microsoft.Network/loadBalancers/azsmnet3522/frontendIPConfigurations/azsmnet9647\"\r\n          },\r\n          \"frontendPort\": 3389,\r\n          \"backendPort\": 3389,\r\n          \"enableFloatingIP\": false,\r\n          \"idleTimeoutInMinutes\": 15,\r\n          \"protocol\": \"Tcp\"\r\n        }\r\n      },\r\n      {\r\n        \"name\": \"azsmnet5381\",\r\n        \"id\": \"/subscriptions/0b1f6471-1bf0-4dda-aec3-cb9272f09590/resourceGroups/csmrg25/providers/Microsoft.Network/loadBalancers/azsmnet3522/inboundNatRules/azsmnet5381\",\r\n        \"etag\": \"W/\\\"7fdcc4dc-873e-4005-bf1a-68b732624f73\\\"\",\r\n        \"properties\": {\r\n          \"provisioningState\": \"Succeeded\",\r\n          \"frontendIPConfiguration\": {\r\n            \"id\": \"/subscriptions/0b1f6471-1bf0-4dda-aec3-cb9272f09590/resourceGroups/csmrg25/providers/Microsoft.Network/loadBalancers/azsmnet3522/frontendIPConfigurations/azsmnet9647\"\r\n          },\r\n          \"frontendPort\": 3390,\r\n          \"backendPort\": 3389,\r\n          \"enableFloatingIP\": false,\r\n          \"idleTimeoutInMinutes\": 15,\r\n          \"protocol\": \"Tcp\"\r\n        }\r\n      }\r\n    ],\r\n    \"outboundNatRules\": [],\r\n    \"inboundNatPools\": []\r\n  }\r\n}",
      "ResponseHeaders": {
        "Content-Type": [
          "application/json; charset=utf-8"
        ],
        "Expires": [
          "-1"
        ],
        "Cache-Control": [
          "no-cache"
        ],
        "Date": [
          "Thu, 02 Jun 2016 22:12:25 GMT"
        ],
        "Pragma": [
          "no-cache"
        ],
        "Transfer-Encoding": [
          "chunked"
        ],
        "ETag": [
          "W/\"7fdcc4dc-873e-4005-bf1a-68b732624f73\""
        ],
        "Server": [
          "Microsoft-HTTPAPI/2.0",
          "Microsoft-HTTPAPI/2.0"
        ],
        "Vary": [
          "Accept-Encoding"
        ],
        "x-ms-request-id": [
          "7490b311-1631-4f4a-a398-950cb45b0391"
        ],
        "Strict-Transport-Security": [
          "max-age=31536000; includeSubDomains"
        ],
        "x-ms-ratelimit-remaining-subscription-reads": [
          "14915"
        ],
        "x-ms-correlation-request-id": [
          "a90143a3-c708-4f5e-b9f7-9e808c8adfe4"
        ],
        "x-ms-routing-request-id": [
          "WESTUS:20160602T221226Z:a90143a3-c708-4f5e-b9f7-9e808c8adfe4"
        ]
      },
      "StatusCode": 200
    },
    {
      "RequestUri": "/subscriptions/0b1f6471-1bf0-4dda-aec3-cb9272f09590/resourceGroups/csmrg25/providers/Microsoft.Network/loadBalancers/azsmnet3522?api-version=2017-03-01",
      "EncodedRequestUri": "L3N1YnNjcmlwdGlvbnMvMGIxZjY0NzEtMWJmMC00ZGRhLWFlYzMtY2I5MjcyZjA5NTkwL3Jlc291cmNlR3JvdXBzL2NzbXJnMjUvcHJvdmlkZXJzL01pY3Jvc29mdC5OZXR3b3JrL2xvYWRCYWxhbmNlcnMvYXpzbW5ldDM1MjI/YXBpLXZlcnNpb249MjAxNy0wMy0wMQ==",
      "RequestMethod": "GET",
      "RequestBody": "",
      "RequestHeaders": {
        "x-ms-client-request-id": [
          "a6647fe9-3b82-4a84-825c-ea5e304b67a6"
        ],
        "accept-language": [
          "en-US"
        ],
        "User-Agent": [
          "Microsoft.Azure.Management.Network.NetworkManagementClient/5.0.0-preview"
        ]
      },
      "ResponseBody": "{\r\n  \"name\": \"azsmnet3522\",\r\n  \"id\": \"/subscriptions/0b1f6471-1bf0-4dda-aec3-cb9272f09590/resourceGroups/csmrg25/providers/Microsoft.Network/loadBalancers/azsmnet3522\",\r\n  \"etag\": \"W/\\\"7fdcc4dc-873e-4005-bf1a-68b732624f73\\\"\",\r\n  \"type\": \"Microsoft.Network/loadBalancers\",\r\n  \"location\": \"westus\",\r\n  \"properties\": {\r\n    \"provisioningState\": \"Succeeded\",\r\n    \"resourceGuid\": \"350ca240-548d-42e3-b2dc-a15b8da28a37\",\r\n    \"frontendIPConfigurations\": [\r\n      {\r\n        \"name\": \"azsmnet9647\",\r\n        \"id\": \"/subscriptions/0b1f6471-1bf0-4dda-aec3-cb9272f09590/resourceGroups/csmrg25/providers/Microsoft.Network/loadBalancers/azsmnet3522/frontendIPConfigurations/azsmnet9647\",\r\n        \"etag\": \"W/\\\"7fdcc4dc-873e-4005-bf1a-68b732624f73\\\"\",\r\n        \"properties\": {\r\n          \"provisioningState\": \"Succeeded\",\r\n          \"privateIPAllocationMethod\": \"Dynamic\",\r\n          \"publicIPAddress\": {\r\n            \"id\": \"/subscriptions/0b1f6471-1bf0-4dda-aec3-cb9272f09590/resourceGroups/csmrg25/providers/Microsoft.Network/publicIPAddresses/azsmnet4721\"\r\n          },\r\n          \"loadBalancingRules\": [\r\n            {\r\n              \"id\": \"/subscriptions/0b1f6471-1bf0-4dda-aec3-cb9272f09590/resourceGroups/csmrg25/providers/Microsoft.Network/loadBalancers/azsmnet3522/loadBalancingRules/azsmnet1645\"\r\n            }\r\n          ],\r\n          \"inboundNatRules\": [\r\n            {\r\n              \"id\": \"/subscriptions/0b1f6471-1bf0-4dda-aec3-cb9272f09590/resourceGroups/csmrg25/providers/Microsoft.Network/loadBalancers/azsmnet3522/inboundNatRules/azsmnet5822\"\r\n            },\r\n            {\r\n              \"id\": \"/subscriptions/0b1f6471-1bf0-4dda-aec3-cb9272f09590/resourceGroups/csmrg25/providers/Microsoft.Network/loadBalancers/azsmnet3522/inboundNatRules/azsmnet5381\"\r\n            }\r\n          ]\r\n        }\r\n      }\r\n    ],\r\n    \"backendAddressPools\": [\r\n      {\r\n        \"name\": \"azsmnet3325\",\r\n        \"id\": \"/subscriptions/0b1f6471-1bf0-4dda-aec3-cb9272f09590/resourceGroups/csmrg25/providers/Microsoft.Network/loadBalancers/azsmnet3522/backendAddressPools/azsmnet3325\",\r\n        \"etag\": \"W/\\\"7fdcc4dc-873e-4005-bf1a-68b732624f73\\\"\",\r\n        \"properties\": {\r\n          \"provisioningState\": \"Succeeded\",\r\n          \"loadBalancingRules\": [\r\n            {\r\n              \"id\": \"/subscriptions/0b1f6471-1bf0-4dda-aec3-cb9272f09590/resourceGroups/csmrg25/providers/Microsoft.Network/loadBalancers/azsmnet3522/loadBalancingRules/azsmnet1645\"\r\n            }\r\n          ]\r\n        }\r\n      }\r\n    ],\r\n    \"loadBalancingRules\": [\r\n      {\r\n        \"name\": \"azsmnet1645\",\r\n        \"id\": \"/subscriptions/0b1f6471-1bf0-4dda-aec3-cb9272f09590/resourceGroups/csmrg25/providers/Microsoft.Network/loadBalancers/azsmnet3522/loadBalancingRules/azsmnet1645\",\r\n        \"etag\": \"W/\\\"7fdcc4dc-873e-4005-bf1a-68b732624f73\\\"\",\r\n        \"properties\": {\r\n          \"provisioningState\": \"Succeeded\",\r\n          \"frontendIPConfiguration\": {\r\n            \"id\": \"/subscriptions/0b1f6471-1bf0-4dda-aec3-cb9272f09590/resourceGroups/csmrg25/providers/Microsoft.Network/loadBalancers/azsmnet3522/frontendIPConfigurations/azsmnet9647\"\r\n          },\r\n          \"frontendPort\": 80,\r\n          \"backendPort\": 80,\r\n          \"enableFloatingIP\": false,\r\n          \"idleTimeoutInMinutes\": 15,\r\n          \"protocol\": \"Tcp\",\r\n          \"loadDistribution\": \"Default\",\r\n          \"backendAddressPool\": {\r\n            \"id\": \"/subscriptions/0b1f6471-1bf0-4dda-aec3-cb9272f09590/resourceGroups/csmrg25/providers/Microsoft.Network/loadBalancers/azsmnet3522/backendAddressPools/azsmnet3325\"\r\n          },\r\n          \"probe\": {\r\n            \"id\": \"/subscriptions/0b1f6471-1bf0-4dda-aec3-cb9272f09590/resourceGroups/csmrg25/providers/Microsoft.Network/loadBalancers/azsmnet3522/probes/azsmnet9912\"\r\n          }\r\n        }\r\n      }\r\n    ],\r\n    \"probes\": [\r\n      {\r\n        \"name\": \"azsmnet9912\",\r\n        \"id\": \"/subscriptions/0b1f6471-1bf0-4dda-aec3-cb9272f09590/resourceGroups/csmrg25/providers/Microsoft.Network/loadBalancers/azsmnet3522/probes/azsmnet9912\",\r\n        \"etag\": \"W/\\\"7fdcc4dc-873e-4005-bf1a-68b732624f73\\\"\",\r\n        \"properties\": {\r\n          \"provisioningState\": \"Succeeded\",\r\n          \"protocol\": \"Http\",\r\n          \"port\": 80,\r\n          \"requestPath\": \"healthcheck.aspx\",\r\n          \"intervalInSeconds\": 10,\r\n          \"numberOfProbes\": 2,\r\n          \"loadBalancingRules\": [\r\n            {\r\n              \"id\": \"/subscriptions/0b1f6471-1bf0-4dda-aec3-cb9272f09590/resourceGroups/csmrg25/providers/Microsoft.Network/loadBalancers/azsmnet3522/loadBalancingRules/azsmnet1645\"\r\n            }\r\n          ]\r\n        }\r\n      }\r\n    ],\r\n    \"inboundNatRules\": [\r\n      {\r\n        \"name\": \"azsmnet5822\",\r\n        \"id\": \"/subscriptions/0b1f6471-1bf0-4dda-aec3-cb9272f09590/resourceGroups/csmrg25/providers/Microsoft.Network/loadBalancers/azsmnet3522/inboundNatRules/azsmnet5822\",\r\n        \"etag\": \"W/\\\"7fdcc4dc-873e-4005-bf1a-68b732624f73\\\"\",\r\n        \"properties\": {\r\n          \"provisioningState\": \"Succeeded\",\r\n          \"frontendIPConfiguration\": {\r\n            \"id\": \"/subscriptions/0b1f6471-1bf0-4dda-aec3-cb9272f09590/resourceGroups/csmrg25/providers/Microsoft.Network/loadBalancers/azsmnet3522/frontendIPConfigurations/azsmnet9647\"\r\n          },\r\n          \"frontendPort\": 3389,\r\n          \"backendPort\": 3389,\r\n          \"enableFloatingIP\": false,\r\n          \"idleTimeoutInMinutes\": 15,\r\n          \"protocol\": \"Tcp\"\r\n        }\r\n      },\r\n      {\r\n        \"name\": \"azsmnet5381\",\r\n        \"id\": \"/subscriptions/0b1f6471-1bf0-4dda-aec3-cb9272f09590/resourceGroups/csmrg25/providers/Microsoft.Network/loadBalancers/azsmnet3522/inboundNatRules/azsmnet5381\",\r\n        \"etag\": \"W/\\\"7fdcc4dc-873e-4005-bf1a-68b732624f73\\\"\",\r\n        \"properties\": {\r\n          \"provisioningState\": \"Succeeded\",\r\n          \"frontendIPConfiguration\": {\r\n            \"id\": \"/subscriptions/0b1f6471-1bf0-4dda-aec3-cb9272f09590/resourceGroups/csmrg25/providers/Microsoft.Network/loadBalancers/azsmnet3522/frontendIPConfigurations/azsmnet9647\"\r\n          },\r\n          \"frontendPort\": 3390,\r\n          \"backendPort\": 3389,\r\n          \"enableFloatingIP\": false,\r\n          \"idleTimeoutInMinutes\": 15,\r\n          \"protocol\": \"Tcp\"\r\n        }\r\n      }\r\n    ],\r\n    \"outboundNatRules\": [],\r\n    \"inboundNatPools\": []\r\n  }\r\n}",
      "ResponseHeaders": {
        "Content-Type": [
          "application/json; charset=utf-8"
        ],
        "Expires": [
          "-1"
        ],
        "Cache-Control": [
          "no-cache"
        ],
        "Date": [
          "Thu, 02 Jun 2016 22:12:25 GMT"
        ],
        "Pragma": [
          "no-cache"
        ],
        "Transfer-Encoding": [
          "chunked"
        ],
        "ETag": [
          "W/\"7fdcc4dc-873e-4005-bf1a-68b732624f73\""
        ],
        "Server": [
          "Microsoft-HTTPAPI/2.0",
          "Microsoft-HTTPAPI/2.0"
        ],
        "Vary": [
          "Accept-Encoding"
        ],
        "x-ms-request-id": [
          "97503f09-b930-4f1f-9676-ea400005d5aa"
        ],
        "Strict-Transport-Security": [
          "max-age=31536000; includeSubDomains"
        ],
        "x-ms-ratelimit-remaining-subscription-reads": [
          "14914"
        ],
        "x-ms-correlation-request-id": [
          "a371c48e-c189-4bff-b6e5-d68e3c96365f"
        ],
        "x-ms-routing-request-id": [
          "WESTUS:20160602T221226Z:a371c48e-c189-4bff-b6e5-d68e3c96365f"
        ]
      },
      "StatusCode": 200
    },
    {
      "RequestUri": "/subscriptions/0b1f6471-1bf0-4dda-aec3-cb9272f09590/resourceGroups/csmrg25/providers/Microsoft.Network/loadBalancers/azsmnet3522?api-version=2017-03-01",
      "EncodedRequestUri": "L3N1YnNjcmlwdGlvbnMvMGIxZjY0NzEtMWJmMC00ZGRhLWFlYzMtY2I5MjcyZjA5NTkwL3Jlc291cmNlR3JvdXBzL2NzbXJnMjUvcHJvdmlkZXJzL01pY3Jvc29mdC5OZXR3b3JrL2xvYWRCYWxhbmNlcnMvYXpzbW5ldDM1MjI/YXBpLXZlcnNpb249MjAxNy0wMy0wMQ==",
      "RequestMethod": "GET",
      "RequestBody": "",
      "RequestHeaders": {
        "x-ms-client-request-id": [
          "6ece5054-06fe-45b5-a840-6532a473d1eb"
        ],
        "accept-language": [
          "en-US"
        ],
        "User-Agent": [
          "Microsoft.Azure.Management.Network.NetworkManagementClient/5.0.0-preview"
        ]
      },
      "ResponseBody": "{\r\n  \"name\": \"azsmnet3522\",\r\n  \"id\": \"/subscriptions/0b1f6471-1bf0-4dda-aec3-cb9272f09590/resourceGroups/csmrg25/providers/Microsoft.Network/loadBalancers/azsmnet3522\",\r\n  \"etag\": \"W/\\\"eb4591c3-ba89-4b01-a0fa-a92e6d28b867\\\"\",\r\n  \"type\": \"Microsoft.Network/loadBalancers\",\r\n  \"location\": \"westus\",\r\n  \"properties\": {\r\n    \"provisioningState\": \"Succeeded\",\r\n    \"resourceGuid\": \"350ca240-548d-42e3-b2dc-a15b8da28a37\",\r\n    \"frontendIPConfigurations\": [\r\n      {\r\n        \"name\": \"azsmnet9647\",\r\n        \"id\": \"/subscriptions/0b1f6471-1bf0-4dda-aec3-cb9272f09590/resourceGroups/csmrg25/providers/Microsoft.Network/loadBalancers/azsmnet3522/frontendIPConfigurations/azsmnet9647\",\r\n        \"etag\": \"W/\\\"eb4591c3-ba89-4b01-a0fa-a92e6d28b867\\\"\",\r\n        \"properties\": {\r\n          \"provisioningState\": \"Succeeded\",\r\n          \"privateIPAllocationMethod\": \"Dynamic\",\r\n          \"publicIPAddress\": {\r\n            \"id\": \"/subscriptions/0b1f6471-1bf0-4dda-aec3-cb9272f09590/resourceGroups/csmrg25/providers/Microsoft.Network/publicIPAddresses/azsmnet4721\"\r\n          },\r\n          \"loadBalancingRules\": [\r\n            {\r\n              \"id\": \"/subscriptions/0b1f6471-1bf0-4dda-aec3-cb9272f09590/resourceGroups/csmrg25/providers/Microsoft.Network/loadBalancers/azsmnet3522/loadBalancingRules/azsmnet1645\"\r\n            }\r\n          ],\r\n          \"inboundNatRules\": [\r\n            {\r\n              \"id\": \"/subscriptions/0b1f6471-1bf0-4dda-aec3-cb9272f09590/resourceGroups/csmrg25/providers/Microsoft.Network/loadBalancers/azsmnet3522/inboundNatRules/azsmnet5822\"\r\n            },\r\n            {\r\n              \"id\": \"/subscriptions/0b1f6471-1bf0-4dda-aec3-cb9272f09590/resourceGroups/csmrg25/providers/Microsoft.Network/loadBalancers/azsmnet3522/inboundNatRules/azsmnet5381\"\r\n            }\r\n          ]\r\n        }\r\n      }\r\n    ],\r\n    \"backendAddressPools\": [\r\n      {\r\n        \"name\": \"azsmnet3325\",\r\n        \"id\": \"/subscriptions/0b1f6471-1bf0-4dda-aec3-cb9272f09590/resourceGroups/csmrg25/providers/Microsoft.Network/loadBalancers/azsmnet3522/backendAddressPools/azsmnet3325\",\r\n        \"etag\": \"W/\\\"eb4591c3-ba89-4b01-a0fa-a92e6d28b867\\\"\",\r\n        \"properties\": {\r\n          \"provisioningState\": \"Succeeded\",\r\n          \"backendIPConfigurations\": [\r\n            {\r\n              \"id\": \"/subscriptions/0b1f6471-1bf0-4dda-aec3-cb9272f09590/resourceGroups/csmrg25/providers/Microsoft.Network/networkInterfaces/azsmnet5338/ipConfigurations/ipconfig\"\r\n            },\r\n            {\r\n              \"id\": \"/subscriptions/0b1f6471-1bf0-4dda-aec3-cb9272f09590/resourceGroups/csmrg25/providers/Microsoft.Network/networkInterfaces/azsmnet5719/ipConfigurations/ipconfig\"\r\n            }\r\n          ],\r\n          \"loadBalancingRules\": [\r\n            {\r\n              \"id\": \"/subscriptions/0b1f6471-1bf0-4dda-aec3-cb9272f09590/resourceGroups/csmrg25/providers/Microsoft.Network/loadBalancers/azsmnet3522/loadBalancingRules/azsmnet1645\"\r\n            }\r\n          ]\r\n        }\r\n      }\r\n    ],\r\n    \"loadBalancingRules\": [\r\n      {\r\n        \"name\": \"azsmnet1645\",\r\n        \"id\": \"/subscriptions/0b1f6471-1bf0-4dda-aec3-cb9272f09590/resourceGroups/csmrg25/providers/Microsoft.Network/loadBalancers/azsmnet3522/loadBalancingRules/azsmnet1645\",\r\n        \"etag\": \"W/\\\"eb4591c3-ba89-4b01-a0fa-a92e6d28b867\\\"\",\r\n        \"properties\": {\r\n          \"provisioningState\": \"Succeeded\",\r\n          \"frontendIPConfiguration\": {\r\n            \"id\": \"/subscriptions/0b1f6471-1bf0-4dda-aec3-cb9272f09590/resourceGroups/csmrg25/providers/Microsoft.Network/loadBalancers/azsmnet3522/frontendIPConfigurations/azsmnet9647\"\r\n          },\r\n          \"frontendPort\": 80,\r\n          \"backendPort\": 80,\r\n          \"enableFloatingIP\": false,\r\n          \"idleTimeoutInMinutes\": 15,\r\n          \"protocol\": \"Tcp\",\r\n          \"loadDistribution\": \"Default\",\r\n          \"backendAddressPool\": {\r\n            \"id\": \"/subscriptions/0b1f6471-1bf0-4dda-aec3-cb9272f09590/resourceGroups/csmrg25/providers/Microsoft.Network/loadBalancers/azsmnet3522/backendAddressPools/azsmnet3325\"\r\n          },\r\n          \"probe\": {\r\n            \"id\": \"/subscriptions/0b1f6471-1bf0-4dda-aec3-cb9272f09590/resourceGroups/csmrg25/providers/Microsoft.Network/loadBalancers/azsmnet3522/probes/azsmnet9912\"\r\n          }\r\n        }\r\n      }\r\n    ],\r\n    \"probes\": [\r\n      {\r\n        \"name\": \"azsmnet9912\",\r\n        \"id\": \"/subscriptions/0b1f6471-1bf0-4dda-aec3-cb9272f09590/resourceGroups/csmrg25/providers/Microsoft.Network/loadBalancers/azsmnet3522/probes/azsmnet9912\",\r\n        \"etag\": \"W/\\\"eb4591c3-ba89-4b01-a0fa-a92e6d28b867\\\"\",\r\n        \"properties\": {\r\n          \"provisioningState\": \"Succeeded\",\r\n          \"protocol\": \"Http\",\r\n          \"port\": 80,\r\n          \"requestPath\": \"healthcheck.aspx\",\r\n          \"intervalInSeconds\": 10,\r\n          \"numberOfProbes\": 2,\r\n          \"loadBalancingRules\": [\r\n            {\r\n              \"id\": \"/subscriptions/0b1f6471-1bf0-4dda-aec3-cb9272f09590/resourceGroups/csmrg25/providers/Microsoft.Network/loadBalancers/azsmnet3522/loadBalancingRules/azsmnet1645\"\r\n            }\r\n          ]\r\n        }\r\n      }\r\n    ],\r\n    \"inboundNatRules\": [\r\n      {\r\n        \"name\": \"azsmnet5822\",\r\n        \"id\": \"/subscriptions/0b1f6471-1bf0-4dda-aec3-cb9272f09590/resourceGroups/csmrg25/providers/Microsoft.Network/loadBalancers/azsmnet3522/inboundNatRules/azsmnet5822\",\r\n        \"etag\": \"W/\\\"eb4591c3-ba89-4b01-a0fa-a92e6d28b867\\\"\",\r\n        \"properties\": {\r\n          \"provisioningState\": \"Succeeded\",\r\n          \"frontendIPConfiguration\": {\r\n            \"id\": \"/subscriptions/0b1f6471-1bf0-4dda-aec3-cb9272f09590/resourceGroups/csmrg25/providers/Microsoft.Network/loadBalancers/azsmnet3522/frontendIPConfigurations/azsmnet9647\"\r\n          },\r\n          \"frontendPort\": 3389,\r\n          \"backendPort\": 3389,\r\n          \"enableFloatingIP\": false,\r\n          \"idleTimeoutInMinutes\": 15,\r\n          \"protocol\": \"Tcp\",\r\n          \"backendIPConfiguration\": {\r\n            \"id\": \"/subscriptions/0b1f6471-1bf0-4dda-aec3-cb9272f09590/resourceGroups/csmrg25/providers/Microsoft.Network/networkInterfaces/azsmnet5338/ipConfigurations/ipconfig\"\r\n          }\r\n        }\r\n      },\r\n      {\r\n        \"name\": \"azsmnet5381\",\r\n        \"id\": \"/subscriptions/0b1f6471-1bf0-4dda-aec3-cb9272f09590/resourceGroups/csmrg25/providers/Microsoft.Network/loadBalancers/azsmnet3522/inboundNatRules/azsmnet5381\",\r\n        \"etag\": \"W/\\\"eb4591c3-ba89-4b01-a0fa-a92e6d28b867\\\"\",\r\n        \"properties\": {\r\n          \"provisioningState\": \"Succeeded\",\r\n          \"frontendIPConfiguration\": {\r\n            \"id\": \"/subscriptions/0b1f6471-1bf0-4dda-aec3-cb9272f09590/resourceGroups/csmrg25/providers/Microsoft.Network/loadBalancers/azsmnet3522/frontendIPConfigurations/azsmnet9647\"\r\n          },\r\n          \"frontendPort\": 3390,\r\n          \"backendPort\": 3389,\r\n          \"enableFloatingIP\": false,\r\n          \"idleTimeoutInMinutes\": 15,\r\n          \"protocol\": \"Tcp\",\r\n          \"backendIPConfiguration\": {\r\n            \"id\": \"/subscriptions/0b1f6471-1bf0-4dda-aec3-cb9272f09590/resourceGroups/csmrg25/providers/Microsoft.Network/networkInterfaces/azsmnet3894/ipConfigurations/ipconfig\"\r\n          }\r\n        }\r\n      }\r\n    ],\r\n    \"outboundNatRules\": [],\r\n    \"inboundNatPools\": []\r\n  }\r\n}",
      "ResponseHeaders": {
        "Content-Type": [
          "application/json; charset=utf-8"
        ],
        "Expires": [
          "-1"
        ],
        "Cache-Control": [
          "no-cache"
        ],
        "Date": [
          "Thu, 02 Jun 2016 22:12:29 GMT"
        ],
        "Pragma": [
          "no-cache"
        ],
        "Transfer-Encoding": [
          "chunked"
        ],
        "ETag": [
          "W/\"eb4591c3-ba89-4b01-a0fa-a92e6d28b867\""
        ],
        "Server": [
          "Microsoft-HTTPAPI/2.0",
          "Microsoft-HTTPAPI/2.0"
        ],
        "Vary": [
          "Accept-Encoding"
        ],
        "x-ms-request-id": [
          "a229e495-3ed9-4792-bdbd-468fbb9faa3f"
        ],
        "Strict-Transport-Security": [
          "max-age=31536000; includeSubDomains"
        ],
        "x-ms-ratelimit-remaining-subscription-reads": [
          "14907"
        ],
        "x-ms-correlation-request-id": [
          "e877dc6a-9a41-487c-86da-bf6a1e50f499"
        ],
        "x-ms-routing-request-id": [
          "WESTUS:20160602T221229Z:e877dc6a-9a41-487c-86da-bf6a1e50f499"
        ]
      },
      "StatusCode": 200
    },
    {
      "RequestUri": "/subscriptions/0b1f6471-1bf0-4dda-aec3-cb9272f09590/resourceGroups/csmrg25/providers/Microsoft.Network/loadBalancers/azsmnet3522?api-version=2017-03-01",
      "EncodedRequestUri": "L3N1YnNjcmlwdGlvbnMvMGIxZjY0NzEtMWJmMC00ZGRhLWFlYzMtY2I5MjcyZjA5NTkwL3Jlc291cmNlR3JvdXBzL2NzbXJnMjUvcHJvdmlkZXJzL01pY3Jvc29mdC5OZXR3b3JrL2xvYWRCYWxhbmNlcnMvYXpzbW5ldDM1MjI/YXBpLXZlcnNpb249MjAxNy0wMy0wMQ==",
      "RequestMethod": "DELETE",
      "RequestBody": "",
      "RequestHeaders": {
        "x-ms-client-request-id": [
          "e2cfb861-ca97-4f15-8a8f-6403fe236163"
        ],
        "accept-language": [
          "en-US"
        ],
        "User-Agent": [
          "Microsoft.Azure.Management.Network.NetworkManagementClient/5.0.0-preview"
        ]
      },
      "ResponseBody": "",
      "ResponseHeaders": {
        "Content-Length": [
          "0"
        ],
        "Expires": [
          "-1"
        ],
        "Cache-Control": [
          "no-cache"
        ],
        "Date": [
          "Thu, 02 Jun 2016 22:12:29 GMT"
        ],
        "Pragma": [
          "no-cache"
        ],
        "Location": [
          "https://management.azure.com/subscriptions/0b1f6471-1bf0-4dda-aec3-cb9272f09590/providers/Microsoft.Network/locations/westus/operationResults/892ddc33-a56a-451c-9f96-b4cf3dc159d9?api-version=2017-03-01"
        ],
        "Retry-After": [
          "10"
        ],
        "Server": [
          "Microsoft-HTTPAPI/2.0",
          "Microsoft-HTTPAPI/2.0"
        ],
        "x-ms-request-id": [
          "892ddc33-a56a-451c-9f96-b4cf3dc159d9"
        ],
        "Azure-AsyncOperation": [
          "https://management.azure.com/subscriptions/0b1f6471-1bf0-4dda-aec3-cb9272f09590/providers/Microsoft.Network/locations/westus/operations/892ddc33-a56a-451c-9f96-b4cf3dc159d9?api-version=2017-03-01"
        ],
        "Strict-Transport-Security": [
          "max-age=31536000; includeSubDomains"
        ],
        "x-ms-ratelimit-remaining-subscription-writes": [
          "1190"
        ],
        "x-ms-correlation-request-id": [
          "18213e0c-2c90-4fe9-a040-4fa387066e76"
        ],
        "x-ms-routing-request-id": [
          "WESTUS:20160602T221230Z:18213e0c-2c90-4fe9-a040-4fa387066e76"
        ]
      },
      "StatusCode": 202
    },
    {
      "RequestUri": "/subscriptions/0b1f6471-1bf0-4dda-aec3-cb9272f09590/providers/Microsoft.Network/locations/westus/operations/892ddc33-a56a-451c-9f96-b4cf3dc159d9?api-version=2017-03-01",
      "EncodedRequestUri": "L3N1YnNjcmlwdGlvbnMvMGIxZjY0NzEtMWJmMC00ZGRhLWFlYzMtY2I5MjcyZjA5NTkwL3Byb3ZpZGVycy9NaWNyb3NvZnQuTmV0d29yay9sb2NhdGlvbnMvd2VzdHVzL29wZXJhdGlvbnMvODkyZGRjMzMtYTU2YS00NTFjLTlmOTYtYjRjZjNkYzE1OWQ5P2FwaS12ZXJzaW9uPTIwMTctMDMtMDE=",
      "RequestMethod": "GET",
      "RequestBody": "",
      "RequestHeaders": {
        "User-Agent": [
          "Microsoft.Azure.Management.Network.NetworkManagementClient/5.0.0-preview"
        ]
      },
      "ResponseBody": "{\r\n  \"status\": \"Succeeded\"\r\n}",
      "ResponseHeaders": {
        "Content-Type": [
          "application/json; charset=utf-8"
        ],
        "Expires": [
          "-1"
        ],
        "Cache-Control": [
          "no-cache"
        ],
        "Date": [
          "Thu, 02 Jun 2016 22:13:00 GMT"
        ],
        "Pragma": [
          "no-cache"
        ],
        "Transfer-Encoding": [
          "chunked"
        ],
        "Server": [
          "Microsoft-HTTPAPI/2.0",
          "Microsoft-HTTPAPI/2.0"
        ],
        "Vary": [
          "Accept-Encoding"
        ],
        "x-ms-request-id": [
          "3384aeb6-cb44-4b95-8343-34b4e92bfff6"
        ],
        "Strict-Transport-Security": [
          "max-age=31536000; includeSubDomains"
        ],
        "x-ms-ratelimit-remaining-subscription-reads": [
          "14906"
        ],
        "x-ms-correlation-request-id": [
          "1b9e4ef5-dd0e-4226-a2d5-c5fd8019d715"
        ],
        "x-ms-routing-request-id": [
          "WESTUS:20160602T221300Z:1b9e4ef5-dd0e-4226-a2d5-c5fd8019d715"
        ]
      },
      "StatusCode": 200
    },
    {
      "RequestUri": "/subscriptions/0b1f6471-1bf0-4dda-aec3-cb9272f09590/resourceGroups/csmrg25/providers/Microsoft.Network/loadBalancers?api-version=2017-03-01",
      "EncodedRequestUri": "L3N1YnNjcmlwdGlvbnMvMGIxZjY0NzEtMWJmMC00ZGRhLWFlYzMtY2I5MjcyZjA5NTkwL3Jlc291cmNlR3JvdXBzL2NzbXJnMjUvcHJvdmlkZXJzL01pY3Jvc29mdC5OZXR3b3JrL2xvYWRCYWxhbmNlcnM/YXBpLXZlcnNpb249MjAxNy0wMy0wMQ==",
      "RequestMethod": "GET",
      "RequestBody": "",
      "RequestHeaders": {
        "x-ms-client-request-id": [
          "be2d1f93-92ac-45dd-9bc2-b6996413c1d5"
        ],
        "accept-language": [
          "en-US"
        ],
        "User-Agent": [
          "Microsoft.Azure.Management.Network.NetworkManagementClient/5.0.0-preview"
        ]
      },
      "ResponseBody": "{\r\n  \"value\": []\r\n}",
      "ResponseHeaders": {
        "Content-Type": [
          "application/json; charset=utf-8"
        ],
        "Expires": [
          "-1"
        ],
        "Cache-Control": [
          "no-cache"
        ],
        "Date": [
          "Thu, 02 Jun 2016 22:13:00 GMT"
        ],
        "Pragma": [
          "no-cache"
        ],
        "Vary": [
          "Accept-Encoding"
        ],
        "x-ms-ratelimit-remaining-subscription-reads": [
          "14905"
        ],
        "x-ms-request-id": [
          "c6d4e001-e98c-472c-a27d-bab6bbea4f57"
        ],
        "x-ms-correlation-request-id": [
          "c6d4e001-e98c-472c-a27d-bab6bbea4f57"
        ],
        "x-ms-routing-request-id": [
          "WESTUS:20160602T221300Z:c6d4e001-e98c-472c-a27d-bab6bbea4f57"
        ],
        "Strict-Transport-Security": [
          "max-age=31536000; includeSubDomains"
        ]
      },
      "StatusCode": 200
    },
    {
      "RequestUri": "/subscriptions/0b1f6471-1bf0-4dda-aec3-cb9272f09590/resourceGroups/csmrg25/providers/Microsoft.Network/networkInterfaces/azsmnet5338?api-version=2017-03-01",
      "EncodedRequestUri": "L3N1YnNjcmlwdGlvbnMvMGIxZjY0NzEtMWJmMC00ZGRhLWFlYzMtY2I5MjcyZjA5NTkwL3Jlc291cmNlR3JvdXBzL2NzbXJnMjUvcHJvdmlkZXJzL01pY3Jvc29mdC5OZXR3b3JrL25ldHdvcmtJbnRlcmZhY2VzL2F6c21uZXQ1MzM4P2FwaS12ZXJzaW9uPTIwMTctMDMtMDE=",
      "RequestMethod": "DELETE",
      "RequestBody": "",
      "RequestHeaders": {
        "x-ms-client-request-id": [
          "51543aee-bf4d-4b85-9446-49ec52106524"
        ],
        "accept-language": [
          "en-US"
        ],
        "User-Agent": [
          "Microsoft.Azure.Management.Network.NetworkManagementClient/5.0.0-preview"
        ]
      },
      "ResponseBody": "",
      "ResponseHeaders": {
        "Content-Length": [
          "0"
        ],
        "Expires": [
          "-1"
        ],
        "Cache-Control": [
          "no-cache"
        ],
        "Date": [
          "Thu, 02 Jun 2016 22:13:01 GMT"
        ],
        "Pragma": [
          "no-cache"
        ],
        "Location": [
          "https://management.azure.com/subscriptions/0b1f6471-1bf0-4dda-aec3-cb9272f09590/providers/Microsoft.Network/locations/westus/operationResults/d91d7f13-838b-49b3-a16c-9fc285b57bd1?api-version=2017-03-01"
        ],
        "Retry-After": [
          "10"
        ],
        "Server": [
          "Microsoft-HTTPAPI/2.0",
          "Microsoft-HTTPAPI/2.0"
        ],
        "x-ms-request-id": [
          "d91d7f13-838b-49b3-a16c-9fc285b57bd1"
        ],
        "Azure-AsyncOperation": [
          "https://management.azure.com/subscriptions/0b1f6471-1bf0-4dda-aec3-cb9272f09590/providers/Microsoft.Network/locations/westus/operations/d91d7f13-838b-49b3-a16c-9fc285b57bd1?api-version=2017-03-01"
        ],
        "Strict-Transport-Security": [
          "max-age=31536000; includeSubDomains"
        ],
        "x-ms-ratelimit-remaining-subscription-writes": [
          "1189"
        ],
        "x-ms-correlation-request-id": [
          "354dfb2b-1eda-422f-b778-7f02f2307532"
        ],
        "x-ms-routing-request-id": [
          "WESTUS:20160602T221301Z:354dfb2b-1eda-422f-b778-7f02f2307532"
        ]
      },
      "StatusCode": 202
    },
    {
      "RequestUri": "/subscriptions/0b1f6471-1bf0-4dda-aec3-cb9272f09590/providers/Microsoft.Network/locations/westus/operations/d91d7f13-838b-49b3-a16c-9fc285b57bd1?api-version=2017-03-01",
      "EncodedRequestUri": "L3N1YnNjcmlwdGlvbnMvMGIxZjY0NzEtMWJmMC00ZGRhLWFlYzMtY2I5MjcyZjA5NTkwL3Byb3ZpZGVycy9NaWNyb3NvZnQuTmV0d29yay9sb2NhdGlvbnMvd2VzdHVzL29wZXJhdGlvbnMvZDkxZDdmMTMtODM4Yi00OWIzLWExNmMtOWZjMjg1YjU3YmQxP2FwaS12ZXJzaW9uPTIwMTctMDMtMDE=",
      "RequestMethod": "GET",
      "RequestBody": "",
      "RequestHeaders": {
        "User-Agent": [
          "Microsoft.Azure.Management.Network.NetworkManagementClient/5.0.0-preview"
        ]
      },
      "ResponseBody": "{\r\n  \"status\": \"Succeeded\"\r\n}",
      "ResponseHeaders": {
        "Content-Type": [
          "application/json; charset=utf-8"
        ],
        "Expires": [
          "-1"
        ],
        "Cache-Control": [
          "no-cache"
        ],
        "Date": [
          "Thu, 02 Jun 2016 22:13:31 GMT"
        ],
        "Pragma": [
          "no-cache"
        ],
        "Transfer-Encoding": [
          "chunked"
        ],
        "Server": [
          "Microsoft-HTTPAPI/2.0",
          "Microsoft-HTTPAPI/2.0"
        ],
        "Vary": [
          "Accept-Encoding"
        ],
        "x-ms-request-id": [
          "0c71e414-5177-496d-b0d1-90a351f3b20c"
        ],
        "Strict-Transport-Security": [
          "max-age=31536000; includeSubDomains"
        ],
        "x-ms-ratelimit-remaining-subscription-reads": [
          "14904"
        ],
        "x-ms-correlation-request-id": [
          "e79d54d2-d364-4c8c-b017-96ea2078b73e"
        ],
        "x-ms-routing-request-id": [
          "WESTUS:20160602T221331Z:e79d54d2-d364-4c8c-b017-96ea2078b73e"
        ]
      },
      "StatusCode": 200
    },
    {
      "RequestUri": "/subscriptions/0b1f6471-1bf0-4dda-aec3-cb9272f09590/resourceGroups/csmrg25/providers/Microsoft.Network/networkInterfaces/azsmnet5719?api-version=2017-03-01",
      "EncodedRequestUri": "L3N1YnNjcmlwdGlvbnMvMGIxZjY0NzEtMWJmMC00ZGRhLWFlYzMtY2I5MjcyZjA5NTkwL3Jlc291cmNlR3JvdXBzL2NzbXJnMjUvcHJvdmlkZXJzL01pY3Jvc29mdC5OZXR3b3JrL25ldHdvcmtJbnRlcmZhY2VzL2F6c21uZXQ1NzE5P2FwaS12ZXJzaW9uPTIwMTctMDMtMDE=",
      "RequestMethod": "DELETE",
      "RequestBody": "",
      "RequestHeaders": {
        "x-ms-client-request-id": [
          "64d5cd85-de3f-47f6-9584-fba52cbb554a"
        ],
        "accept-language": [
          "en-US"
        ],
        "User-Agent": [
          "Microsoft.Azure.Management.Network.NetworkManagementClient/5.0.0-preview"
        ]
      },
      "ResponseBody": "",
      "ResponseHeaders": {
        "Content-Length": [
          "0"
        ],
        "Expires": [
          "-1"
        ],
        "Cache-Control": [
          "no-cache"
        ],
        "Date": [
          "Thu, 02 Jun 2016 22:13:31 GMT"
        ],
        "Pragma": [
          "no-cache"
        ],
        "Location": [
          "https://management.azure.com/subscriptions/0b1f6471-1bf0-4dda-aec3-cb9272f09590/providers/Microsoft.Network/locations/westus/operationResults/1a21769a-b229-45d2-a730-3d208ae11c57?api-version=2017-03-01"
        ],
        "Retry-After": [
          "10"
        ],
        "Server": [
          "Microsoft-HTTPAPI/2.0",
          "Microsoft-HTTPAPI/2.0"
        ],
        "x-ms-request-id": [
          "1a21769a-b229-45d2-a730-3d208ae11c57"
        ],
        "Azure-AsyncOperation": [
          "https://management.azure.com/subscriptions/0b1f6471-1bf0-4dda-aec3-cb9272f09590/providers/Microsoft.Network/locations/westus/operations/1a21769a-b229-45d2-a730-3d208ae11c57?api-version=2017-03-01"
        ],
        "Strict-Transport-Security": [
          "max-age=31536000; includeSubDomains"
        ],
        "x-ms-ratelimit-remaining-subscription-writes": [
          "1188"
        ],
        "x-ms-correlation-request-id": [
          "433a5d90-87b5-42a2-b613-771cf263ffa6"
        ],
        "x-ms-routing-request-id": [
          "WESTUS:20160602T221332Z:433a5d90-87b5-42a2-b613-771cf263ffa6"
        ]
      },
      "StatusCode": 202
    },
    {
      "RequestUri": "/subscriptions/0b1f6471-1bf0-4dda-aec3-cb9272f09590/providers/Microsoft.Network/locations/westus/operations/1a21769a-b229-45d2-a730-3d208ae11c57?api-version=2017-03-01",
      "EncodedRequestUri": "L3N1YnNjcmlwdGlvbnMvMGIxZjY0NzEtMWJmMC00ZGRhLWFlYzMtY2I5MjcyZjA5NTkwL3Byb3ZpZGVycy9NaWNyb3NvZnQuTmV0d29yay9sb2NhdGlvbnMvd2VzdHVzL29wZXJhdGlvbnMvMWEyMTc2OWEtYjIyOS00NWQyLWE3MzAtM2QyMDhhZTExYzU3P2FwaS12ZXJzaW9uPTIwMTctMDMtMDE=",
      "RequestMethod": "GET",
      "RequestBody": "",
      "RequestHeaders": {
        "User-Agent": [
          "Microsoft.Azure.Management.Network.NetworkManagementClient/5.0.0-preview"
        ]
      },
      "ResponseBody": "{\r\n  \"status\": \"Succeeded\"\r\n}",
      "ResponseHeaders": {
        "Content-Type": [
          "application/json; charset=utf-8"
        ],
        "Expires": [
          "-1"
        ],
        "Cache-Control": [
          "no-cache"
        ],
        "Date": [
          "Thu, 02 Jun 2016 22:14:02 GMT"
        ],
        "Pragma": [
          "no-cache"
        ],
        "Transfer-Encoding": [
          "chunked"
        ],
        "Server": [
          "Microsoft-HTTPAPI/2.0",
          "Microsoft-HTTPAPI/2.0"
        ],
        "Vary": [
          "Accept-Encoding"
        ],
        "x-ms-request-id": [
          "0a9a360b-5b2e-479e-a284-1a316b9649bf"
        ],
        "Strict-Transport-Security": [
          "max-age=31536000; includeSubDomains"
        ],
        "x-ms-ratelimit-remaining-subscription-reads": [
          "14903"
        ],
        "x-ms-correlation-request-id": [
          "6ee0b61c-23af-4732-8fb8-c85c6a6bc7ef"
        ],
        "x-ms-routing-request-id": [
          "WESTUS:20160602T221402Z:6ee0b61c-23af-4732-8fb8-c85c6a6bc7ef"
        ]
      },
      "StatusCode": 200
    },
    {
      "RequestUri": "/subscriptions/0b1f6471-1bf0-4dda-aec3-cb9272f09590/resourceGroups/csmrg25/providers/Microsoft.Network/networkInterfaces/azsmnet3894?api-version=2017-03-01",
      "EncodedRequestUri": "L3N1YnNjcmlwdGlvbnMvMGIxZjY0NzEtMWJmMC00ZGRhLWFlYzMtY2I5MjcyZjA5NTkwL3Jlc291cmNlR3JvdXBzL2NzbXJnMjUvcHJvdmlkZXJzL01pY3Jvc29mdC5OZXR3b3JrL25ldHdvcmtJbnRlcmZhY2VzL2F6c21uZXQzODk0P2FwaS12ZXJzaW9uPTIwMTctMDMtMDE=",
      "RequestMethod": "DELETE",
      "RequestBody": "",
      "RequestHeaders": {
        "x-ms-client-request-id": [
          "e67f6a24-57f5-45af-91c4-fe00b6e8ec83"
        ],
        "accept-language": [
          "en-US"
        ],
        "User-Agent": [
          "Microsoft.Azure.Management.Network.NetworkManagementClient/5.0.0-preview"
        ]
      },
      "ResponseBody": "",
      "ResponseHeaders": {
        "Content-Length": [
          "0"
        ],
        "Expires": [
          "-1"
        ],
        "Cache-Control": [
          "no-cache"
        ],
        "Date": [
          "Thu, 02 Jun 2016 22:14:02 GMT"
        ],
        "Pragma": [
          "no-cache"
        ],
        "Location": [
          "https://management.azure.com/subscriptions/0b1f6471-1bf0-4dda-aec3-cb9272f09590/providers/Microsoft.Network/locations/westus/operationResults/fd9fc03d-a4bb-43e4-9397-c11e79c53925?api-version=2017-03-01"
        ],
        "Retry-After": [
          "10"
        ],
        "Server": [
          "Microsoft-HTTPAPI/2.0",
          "Microsoft-HTTPAPI/2.0"
        ],
        "x-ms-request-id": [
          "fd9fc03d-a4bb-43e4-9397-c11e79c53925"
        ],
        "Azure-AsyncOperation": [
          "https://management.azure.com/subscriptions/0b1f6471-1bf0-4dda-aec3-cb9272f09590/providers/Microsoft.Network/locations/westus/operations/fd9fc03d-a4bb-43e4-9397-c11e79c53925?api-version=2017-03-01"
        ],
        "Strict-Transport-Security": [
          "max-age=31536000; includeSubDomains"
        ],
        "x-ms-ratelimit-remaining-subscription-writes": [
          "1187"
        ],
        "x-ms-correlation-request-id": [
          "e9146bdb-adec-45a4-938d-884d86fc3d41"
        ],
        "x-ms-routing-request-id": [
          "WESTUS:20160602T221402Z:e9146bdb-adec-45a4-938d-884d86fc3d41"
        ]
      },
      "StatusCode": 202
    },
    {
      "RequestUri": "/subscriptions/0b1f6471-1bf0-4dda-aec3-cb9272f09590/providers/Microsoft.Network/locations/westus/operations/fd9fc03d-a4bb-43e4-9397-c11e79c53925?api-version=2017-03-01",
      "EncodedRequestUri": "L3N1YnNjcmlwdGlvbnMvMGIxZjY0NzEtMWJmMC00ZGRhLWFlYzMtY2I5MjcyZjA5NTkwL3Byb3ZpZGVycy9NaWNyb3NvZnQuTmV0d29yay9sb2NhdGlvbnMvd2VzdHVzL29wZXJhdGlvbnMvZmQ5ZmMwM2QtYTRiYi00M2U0LTkzOTctYzExZTc5YzUzOTI1P2FwaS12ZXJzaW9uPTIwMTctMDMtMDE=",
      "RequestMethod": "GET",
      "RequestBody": "",
      "RequestHeaders": {
        "User-Agent": [
          "Microsoft.Azure.Management.Network.NetworkManagementClient/5.0.0-preview"
        ]
      },
      "ResponseBody": "{\r\n  \"status\": \"Succeeded\"\r\n}",
      "ResponseHeaders": {
        "Content-Type": [
          "application/json; charset=utf-8"
        ],
        "Expires": [
          "-1"
        ],
        "Cache-Control": [
          "no-cache"
        ],
        "Date": [
          "Thu, 02 Jun 2016 22:14:32 GMT"
        ],
        "Pragma": [
          "no-cache"
        ],
        "Transfer-Encoding": [
          "chunked"
        ],
        "Server": [
          "Microsoft-HTTPAPI/2.0",
          "Microsoft-HTTPAPI/2.0"
        ],
        "Vary": [
          "Accept-Encoding"
        ],
        "x-ms-request-id": [
          "233b1230-8c40-4564-87cc-55e580da7a7c"
        ],
        "Strict-Transport-Security": [
          "max-age=31536000; includeSubDomains"
        ],
        "x-ms-ratelimit-remaining-subscription-reads": [
          "14902"
        ],
        "x-ms-correlation-request-id": [
          "6d89b4b3-0e85-49b3-b23d-461ed45dbf74"
        ],
        "x-ms-routing-request-id": [
          "WESTUS:20160602T221433Z:6d89b4b3-0e85-49b3-b23d-461ed45dbf74"
        ]
      },
      "StatusCode": 200
    },
    {
      "RequestUri": "/subscriptions/0b1f6471-1bf0-4dda-aec3-cb9272f09590/resourceGroups/csmrg25/providers/Microsoft.Network/publicIPAddresses/azsmnet4721?api-version=2017-03-01",
      "EncodedRequestUri": "L3N1YnNjcmlwdGlvbnMvMGIxZjY0NzEtMWJmMC00ZGRhLWFlYzMtY2I5MjcyZjA5NTkwL3Jlc291cmNlR3JvdXBzL2NzbXJnMjUvcHJvdmlkZXJzL01pY3Jvc29mdC5OZXR3b3JrL3B1YmxpY0lQQWRkcmVzc2VzL2F6c21uZXQ0NzIxP2FwaS12ZXJzaW9uPTIwMTctMDMtMDE=",
      "RequestMethod": "DELETE",
      "RequestBody": "",
      "RequestHeaders": {
        "x-ms-client-request-id": [
          "7fd0879d-c51c-40f3-b327-0ef5009f7dd3"
        ],
        "accept-language": [
          "en-US"
        ],
        "User-Agent": [
          "Microsoft.Azure.Management.Network.NetworkManagementClient/5.0.0-preview"
        ]
      },
      "ResponseBody": "",
      "ResponseHeaders": {
        "Content-Length": [
          "0"
        ],
        "Expires": [
          "-1"
        ],
        "Cache-Control": [
          "no-cache"
        ],
        "Date": [
          "Thu, 02 Jun 2016 22:14:32 GMT"
        ],
        "Pragma": [
          "no-cache"
        ],
        "Location": [
          "https://management.azure.com/subscriptions/0b1f6471-1bf0-4dda-aec3-cb9272f09590/providers/Microsoft.Network/locations/westus/operationResults/5fbb2994-1d41-4726-ae24-018ff2a4399b?api-version=2017-03-01"
        ],
        "Retry-After": [
          "10"
        ],
        "Server": [
          "Microsoft-HTTPAPI/2.0",
          "Microsoft-HTTPAPI/2.0"
        ],
        "x-ms-request-id": [
          "5fbb2994-1d41-4726-ae24-018ff2a4399b"
        ],
        "Azure-AsyncOperation": [
          "https://management.azure.com/subscriptions/0b1f6471-1bf0-4dda-aec3-cb9272f09590/providers/Microsoft.Network/locations/westus/operations/5fbb2994-1d41-4726-ae24-018ff2a4399b?api-version=2017-03-01"
        ],
        "Strict-Transport-Security": [
          "max-age=31536000; includeSubDomains"
        ],
        "x-ms-ratelimit-remaining-subscription-writes": [
          "1186"
        ],
        "x-ms-correlation-request-id": [
          "fa082f13-6369-43cc-bd2b-4b6d79033951"
        ],
        "x-ms-routing-request-id": [
          "WESTUS:20160602T221433Z:fa082f13-6369-43cc-bd2b-4b6d79033951"
        ]
      },
      "StatusCode": 202
    },
    {
      "RequestUri": "/subscriptions/0b1f6471-1bf0-4dda-aec3-cb9272f09590/providers/Microsoft.Network/locations/westus/operations/5fbb2994-1d41-4726-ae24-018ff2a4399b?api-version=2017-03-01",
      "EncodedRequestUri": "L3N1YnNjcmlwdGlvbnMvMGIxZjY0NzEtMWJmMC00ZGRhLWFlYzMtY2I5MjcyZjA5NTkwL3Byb3ZpZGVycy9NaWNyb3NvZnQuTmV0d29yay9sb2NhdGlvbnMvd2VzdHVzL29wZXJhdGlvbnMvNWZiYjI5OTQtMWQ0MS00NzI2LWFlMjQtMDE4ZmYyYTQzOTliP2FwaS12ZXJzaW9uPTIwMTctMDMtMDE=",
      "RequestMethod": "GET",
      "RequestBody": "",
      "RequestHeaders": {
        "User-Agent": [
          "Microsoft.Azure.Management.Network.NetworkManagementClient/5.0.0-preview"
        ]
      },
      "ResponseBody": "{\r\n  \"status\": \"Succeeded\"\r\n}",
      "ResponseHeaders": {
        "Content-Type": [
          "application/json; charset=utf-8"
        ],
        "Expires": [
          "-1"
        ],
        "Cache-Control": [
          "no-cache"
        ],
        "Date": [
          "Thu, 02 Jun 2016 22:15:03 GMT"
        ],
        "Pragma": [
          "no-cache"
        ],
        "Transfer-Encoding": [
          "chunked"
        ],
        "Server": [
          "Microsoft-HTTPAPI/2.0",
          "Microsoft-HTTPAPI/2.0"
        ],
        "Vary": [
          "Accept-Encoding"
        ],
        "x-ms-request-id": [
          "47ff6ed6-8144-43e6-9939-d49eefe09d5a"
        ],
        "Strict-Transport-Security": [
          "max-age=31536000; includeSubDomains"
        ],
        "x-ms-ratelimit-remaining-subscription-reads": [
          "14901"
        ],
        "x-ms-correlation-request-id": [
          "b95e8fc1-7c54-44de-b082-330f4f935422"
        ],
        "x-ms-routing-request-id": [
          "WESTUS:20160602T221503Z:b95e8fc1-7c54-44de-b082-330f4f935422"
        ]
      },
      "StatusCode": 200
    }
  ],
  "Names": {
    "LoadBalancerApiNicAssociationTest": [
      "csmrg25",
      "azsmnet4721",
      "azsmnet6884",
      "azsmnet5244",
      "azsmnet3892",
      "azsmnet5338",
      "azsmnet5719",
      "azsmnet3894",
      "azsmnet3522",
      "azsmnet9647",
      "azsmnet3325",
      "azsmnet1645",
      "azsmnet9912",
      "azsmnet5822",
      "azsmnet5381"
    ]
  },
  "Variables": {
    "SubscriptionId": "0b1f6471-1bf0-4dda-aec3-cb9272f09590"
  }
}
