{
  "Entries": [
    {
      "RequestUri": "/subscriptions/45b60d85-fd72-427a-a708-f994d26e593e/resourcegroups/res6817?api-version=2015-11-01",
      "EncodedRequestUri": "L3N1YnNjcmlwdGlvbnMvNDViNjBkODUtZmQ3Mi00MjdhLWE3MDgtZjk5NGQyNmU1OTNlL3Jlc291cmNlZ3JvdXBzL3JlczY4MTc/YXBpLXZlcnNpb249MjAxNS0xMS0wMQ==",
      "RequestMethod": "PUT",
      "RequestBody": "{\r\n  \"location\": \"eastus2\"\r\n}",
      "RequestHeaders": {
        "x-ms-client-request-id": [
          "3fcda5a9-6636-49b6-a976-32d12d900c4a"
        ],
        "accept-language": [
          "en-US"
        ],
        "User-Agent": [
          "FxVersion/4.6.26328.01",
          "Microsoft.Azure.Management.Resources.ResourceManagementClient/1.0.0.0"
        ],
        "Content-Type": [
          "application/json; charset=utf-8"
        ],
        "Content-Length": [
          "29"
        ]
      },
      "ResponseHeaders": {
        "Cache-Control": [
          "no-cache"
        ],
        "Date": [
          "Wed, 31 Oct 2018 08:57:14 GMT"
        ],
        "Pragma": [
          "no-cache"
        ],
        "x-ms-ratelimit-remaining-subscription-writes": [
          "1199"
        ],
        "x-ms-request-id": [
          "823402c9-5dab-4fe5-aac4-94f512e8fccf"
        ],
        "x-ms-correlation-request-id": [
          "823402c9-5dab-4fe5-aac4-94f512e8fccf"
        ],
        "x-ms-routing-request-id": [
          "SOUTHEASTASIA:20181031T085715Z:823402c9-5dab-4fe5-aac4-94f512e8fccf"
        ],
        "Strict-Transport-Security": [
          "max-age=31536000; includeSubDomains"
        ],
        "X-Content-Type-Options": [
          "nosniff"
        ],
        "Content-Length": [
          "168"
        ],
        "Content-Type": [
          "application/json; charset=utf-8"
        ],
        "Expires": [
          "-1"
        ]
      },
      "ResponseBody": "{\r\n  \"id\": \"/subscriptions/45b60d85-fd72-427a-a708-f994d26e593e/resourceGroups/res6817\",\r\n  \"name\": \"res6817\",\r\n  \"location\": \"eastus2\",\r\n  \"properties\": {\r\n    \"provisioningState\": \"Succeeded\"\r\n  }\r\n}",
      "StatusCode": 201
    },
    {
      "RequestUri": "/subscriptions/45b60d85-fd72-427a-a708-f994d26e593e/resourceGroups/res6817/providers/Microsoft.Storage/storageAccounts/sto270?api-version=2018-07-01",
      "EncodedRequestUri": "L3N1YnNjcmlwdGlvbnMvNDViNjBkODUtZmQ3Mi00MjdhLWE3MDgtZjk5NGQyNmU1OTNlL3Jlc291cmNlR3JvdXBzL3JlczY4MTcvcHJvdmlkZXJzL01pY3Jvc29mdC5TdG9yYWdlL3N0b3JhZ2VBY2NvdW50cy9zdG8yNzA/YXBpLXZlcnNpb249MjAxOC0wNy0wMQ==",
      "RequestMethod": "PUT",
      "RequestBody": "{\r\n  \"sku\": {\r\n    \"name\": \"Standard_GRS\"\r\n  },\r\n  \"kind\": \"Storage\",\r\n  \"location\": \"eastus2(stage)\",\r\n  \"tags\": {\r\n    \"key1\": \"value1\",\r\n    \"key2\": \"value2\"\r\n  }\r\n}",
      "RequestHeaders": {
        "x-ms-client-request-id": [
          "1e7ba5fb-3e16-41bb-8ecb-c3c808f619fc"
        ],
        "accept-language": [
          "en-US"
        ],
        "User-Agent": [
          "FxVersion/4.6.26328.01",
          "Microsoft.Azure.Management.Storage.StorageManagementClient/9.1.0.0"
        ],
        "Content-Type": [
          "application/json; charset=utf-8"
        ],
        "Content-Length": [
          "168"
        ]
      },
      "ResponseHeaders": {
        "Cache-Control": [
          "no-cache"
        ],
        "Date": [
          "Wed, 31 Oct 2018 08:57:18 GMT"
        ],
        "Pragma": [
          "no-cache"
        ],
        "Location": [
          "https://management.azure.com/subscriptions/45b60d85-fd72-427a-a708-f994d26e593e/providers/Microsoft.Storage/locations/eastus2(stage)/asyncoperations/a15e162e-c983-4a90-b8ed-b9357ceff05a?monitor=true&api-version=2018-07-01"
        ],
        "Retry-After": [
          "17"
        ],
        "Server": [
          "Microsoft-Azure-Storage-Resource-Provider/1.0,Microsoft-HTTPAPI/2.0 Microsoft-HTTPAPI/2.0"
        ],
        "x-ms-request-id": [
          "a15e162e-c983-4a90-b8ed-b9357ceff05a"
        ],
        "Strict-Transport-Security": [
          "max-age=31536000; includeSubDomains"
        ],
        "x-ms-ratelimit-remaining-subscription-writes": [
          "1198"
        ],
        "x-ms-correlation-request-id": [
          "1bdbfe62-ea17-42f8-a92e-9dee18135cd5"
        ],
        "x-ms-routing-request-id": [
          "SOUTHEASTASIA:20181031T085719Z:1bdbfe62-ea17-42f8-a92e-9dee18135cd5"
        ],
        "X-Content-Type-Options": [
          "nosniff"
        ],
        "Content-Length": [
          "0"
        ],
        "Content-Type": [
          "text/plain; charset=utf-8"
        ],
        "Expires": [
          "-1"
        ]
      },
      "ResponseBody": "",
      "StatusCode": 202
    },
    {
      "RequestUri": "/subscriptions/45b60d85-fd72-427a-a708-f994d26e593e/providers/Microsoft.Storage/locations/eastus2(stage)/asyncoperations/a15e162e-c983-4a90-b8ed-b9357ceff05a?monitor=true&api-version=2018-07-01",
      "EncodedRequestUri": "L3N1YnNjcmlwdGlvbnMvNDViNjBkODUtZmQ3Mi00MjdhLWE3MDgtZjk5NGQyNmU1OTNlL3Byb3ZpZGVycy9NaWNyb3NvZnQuU3RvcmFnZS9sb2NhdGlvbnMvZWFzdHVzMihzdGFnZSkvYXN5bmNvcGVyYXRpb25zL2ExNWUxNjJlLWM5ODMtNGE5MC1iOGVkLWI5MzU3Y2VmZjA1YT9tb25pdG9yPXRydWUmYXBpLXZlcnNpb249MjAxOC0wNy0wMQ==",
      "RequestMethod": "GET",
      "RequestBody": "",
      "RequestHeaders": {
        "User-Agent": [
          "FxVersion/4.6.26328.01",
          "Microsoft.Azure.Management.Storage.StorageManagementClient/9.1.0.0"
        ]
      },
      "ResponseHeaders": {
        "Cache-Control": [
          "no-cache"
        ],
        "Date": [
          "Wed, 31 Oct 2018 08:57:35 GMT"
        ],
        "Pragma": [
          "no-cache"
        ],
        "Server": [
          "Microsoft-Azure-Storage-Resource-Provider/1.0,Microsoft-HTTPAPI/2.0 Microsoft-HTTPAPI/2.0"
        ],
        "x-ms-request-id": [
          "bb95344b-8605-4e7d-a2cf-a38fc70dcbaa"
        ],
        "Strict-Transport-Security": [
          "max-age=31536000; includeSubDomains"
        ],
        "x-ms-ratelimit-remaining-subscription-reads": [
          "11999"
        ],
        "x-ms-correlation-request-id": [
          "664035ae-0ef4-4816-9057-c10aaa1eb233"
        ],
        "x-ms-routing-request-id": [
          "SOUTHEASTASIA:20181031T085736Z:664035ae-0ef4-4816-9057-c10aaa1eb233"
        ],
        "X-Content-Type-Options": [
          "nosniff"
        ],
        "Content-Length": [
          "1116"
        ],
        "Content-Type": [
          "application/json"
        ],
        "Expires": [
          "-1"
        ]
      },
      "ResponseBody": "{\r\n  \"sku\": {\r\n    \"name\": \"Standard_GRS\",\r\n    \"tier\": \"Standard\"\r\n  },\r\n  \"kind\": \"Storage\",\r\n  \"id\": \"/subscriptions/45b60d85-fd72-427a-a708-f994d26e593e/resourceGroups/res6817/providers/Microsoft.Storage/storageAccounts/sto270\",\r\n  \"name\": \"sto270\",\r\n  \"type\": \"Microsoft.Storage/storageAccounts\",\r\n  \"location\": \"eastus2(stage)\",\r\n  \"tags\": {\r\n    \"key1\": \"value1\",\r\n    \"key2\": \"value2\"\r\n  },\r\n  \"properties\": {\r\n    \"networkAcls\": {\r\n      \"bypass\": \"AzureServices\",\r\n      \"virtualNetworkRules\": [],\r\n      \"ipRules\": [],\r\n      \"defaultAction\": \"Allow\"\r\n    },\r\n    \"supportsHttpsTrafficOnly\": false,\r\n    \"encryption\": {\r\n      \"services\": {\r\n        \"file\": {\r\n          \"enabled\": true,\r\n          \"lastEnabledTime\": \"2018-10-31T08:57:18.5239046Z\"\r\n        },\r\n        \"blob\": {\r\n          \"enabled\": true,\r\n          \"lastEnabledTime\": \"2018-10-31T08:57:18.5239046Z\"\r\n        }\r\n      },\r\n      \"keySource\": \"Microsoft.Storage\"\r\n    },\r\n    \"provisioningState\": \"Succeeded\",\r\n    \"creationTime\": \"2018-10-31T08:57:18.4301249Z\",\r\n    \"primaryEndpoints\": {\r\n      \"blob\": \"https://sto270.blob.core.windows.net/\",\r\n      \"queue\": \"https://sto270.queue.core.windows.net/\",\r\n      \"table\": \"https://sto270.table.core.windows.net/\",\r\n      \"file\": \"https://sto270.file.core.windows.net/\"\r\n    },\r\n    \"primaryLocation\": \"eastus2(stage)\",\r\n    \"statusOfPrimary\": \"available\",\r\n    \"secondaryLocation\": \"northcentralus(stage)\",\r\n    \"statusOfSecondary\": \"available\"\r\n  }\r\n}",
      "StatusCode": 200
    },
    {
      "RequestUri": "/subscriptions/45b60d85-fd72-427a-a708-f994d26e593e/resourceGroups/res6817/providers/Microsoft.Storage/storageAccounts/sto270/blobServices/default?api-version=2018-07-01",
      "EncodedRequestUri": "L3N1YnNjcmlwdGlvbnMvNDViNjBkODUtZmQ3Mi00MjdhLWE3MDgtZjk5NGQyNmU1OTNlL3Jlc291cmNlR3JvdXBzL3JlczY4MTcvcHJvdmlkZXJzL01pY3Jvc29mdC5TdG9yYWdlL3N0b3JhZ2VBY2NvdW50cy9zdG8yNzAvYmxvYlNlcnZpY2VzL2RlZmF1bHQ/YXBpLXZlcnNpb249MjAxOC0wNy0wMQ==",
      "RequestMethod": "GET",
      "RequestBody": "",
      "RequestHeaders": {
        "x-ms-client-request-id": [
          "a2fb00e6-272f-4e97-9182-6cf3f7d8f715"
        ],
        "accept-language": [
          "en-US"
        ],
        "User-Agent": [
          "FxVersion/4.6.26328.01",
          "Microsoft.Azure.Management.Storage.StorageManagementClient/9.1.0.0"
        ]
      },
      "ResponseHeaders": {
        "Cache-Control": [
          "no-cache"
        ],
        "Date": [
          "Wed, 31 Oct 2018 08:57:36 GMT"
        ],
        "Pragma": [
          "no-cache"
        ],
        "Server": [
          "Microsoft-Azure-Storage-Resource-Provider/1.0,Microsoft-HTTPAPI/2.0 Microsoft-HTTPAPI/2.0"
        ],
        "x-ms-request-id": [
          "70d144f5-907c-47ad-9e50-a86eec469eb6"
        ],
        "Strict-Transport-Security": [
          "max-age=31536000; includeSubDomains"
        ],
        "x-ms-ratelimit-remaining-subscription-reads": [
          "11998"
        ],
        "x-ms-correlation-request-id": [
          "5c3b6f39-2607-48cd-8b20-719f1d0ddd88"
        ],
        "x-ms-routing-request-id": [
          "SOUTHEASTASIA:20181031T085737Z:5c3b6f39-2607-48cd-8b20-719f1d0ddd88"
        ],
        "X-Content-Type-Options": [
          "nosniff"
        ],
        "Content-Length": [
          "309"
        ],
        "Content-Type": [
          "application/json"
        ],
        "Expires": [
          "-1"
        ]
      },
      "ResponseBody": "{\r\n  \"id\": \"/subscriptions/45b60d85-fd72-427a-a708-f994d26e593e/resourceGroups/res6817/providers/Microsoft.Storage/storageAccounts/sto270/blobServices/default\",\r\n  \"name\": \"default\",\r\n  \"type\": \"Microsoft.Storage/storageAccounts/blobServices\",\r\n  \"properties\": {\r\n    \"cors\": {\r\n      \"corsRules\": []\r\n    },\r\n    \"deleteRetentionPolicy\": {\r\n      \"enabled\": false\r\n    }\r\n  }\r\n}",
      "StatusCode": 200
    },
    {
      "RequestUri": "/subscriptions/45b60d85-fd72-427a-a708-f994d26e593e/resourceGroups/res6817/providers/Microsoft.Storage/storageAccounts/sto270/blobServices/default?api-version=2018-07-01",
      "EncodedRequestUri": "L3N1YnNjcmlwdGlvbnMvNDViNjBkODUtZmQ3Mi00MjdhLWE3MDgtZjk5NGQyNmU1OTNlL3Jlc291cmNlR3JvdXBzL3JlczY4MTcvcHJvdmlkZXJzL01pY3Jvc29mdC5TdG9yYWdlL3N0b3JhZ2VBY2NvdW50cy9zdG8yNzAvYmxvYlNlcnZpY2VzL2RlZmF1bHQ/YXBpLXZlcnNpb249MjAxOC0wNy0wMQ==",
      "RequestMethod": "GET",
      "RequestBody": "",
      "RequestHeaders": {
        "x-ms-client-request-id": [
          "b018de4e-392d-41ab-8d12-96cb2c920a61"
        ],
        "accept-language": [
          "en-US"
        ],
        "User-Agent": [
          "FxVersion/4.6.26328.01",
          "Microsoft.Azure.Management.Storage.StorageManagementClient/9.1.0.0"
        ]
      },
      "ResponseHeaders": {
        "Cache-Control": [
          "no-cache"
        ],
        "Date": [
          "Wed, 31 Oct 2018 08:57:37 GMT"
        ],
        "Pragma": [
          "no-cache"
        ],
        "Server": [
          "Microsoft-Azure-Storage-Resource-Provider/1.0,Microsoft-HTTPAPI/2.0 Microsoft-HTTPAPI/2.0"
        ],
        "x-ms-request-id": [
          "a64d5b10-7279-4bc7-b0cc-eeef42b64fb8"
        ],
        "Strict-Transport-Security": [
          "max-age=31536000; includeSubDomains"
        ],
        "x-ms-ratelimit-remaining-subscription-reads": [
          "11997"
        ],
        "x-ms-correlation-request-id": [
          "bf32e787-d52f-40d8-a46d-4d09a7cf9cf4"
        ],
        "x-ms-routing-request-id": [
          "SOUTHEASTASIA:20181031T085738Z:bf32e787-d52f-40d8-a46d-4d09a7cf9cf4"
        ],
        "X-Content-Type-Options": [
          "nosniff"
        ],
        "Content-Length": [
          "992"
        ],
        "Content-Type": [
          "application/json"
        ],
        "Expires": [
          "-1"
        ]
      },
      "ResponseBody": "{\r\n  \"id\": \"/subscriptions/45b60d85-fd72-427a-a708-f994d26e593e/resourceGroups/res6817/providers/Microsoft.Storage/storageAccounts/sto270/blobServices/default\",\r\n  \"name\": \"default\",\r\n  \"type\": \"Microsoft.Storage/storageAccounts/blobServices\",\r\n  \"properties\": {\r\n    \"cors\": {\r\n      \"corsRules\": [\r\n        {\r\n          \"allowedOrigins\": [\r\n            \"http://www.contoso.com\",\r\n            \"http://www.fabrikam.com\"\r\n          ],\r\n          \"allowedMethods\": [\r\n            \"GET\",\r\n            \"HEAD\",\r\n            \"POST\",\r\n            \"OPTIONS\",\r\n            \"MERGE\",\r\n            \"PUT\"\r\n          ],\r\n          \"maxAgeInSeconds\": 100,\r\n          \"exposedHeaders\": [\r\n            \"x-ms-meta-*\"\r\n          ],\r\n          \"allowedHeaders\": [\r\n            \"x-ms-meta-abc\",\r\n            \"x-ms-meta-data*\",\r\n            \"x-ms-meta-target*\"\r\n          ]\r\n        },\r\n        {\r\n          \"allowedOrigins\": [\r\n            \"*\"\r\n          ],\r\n          \"allowedMethods\": [\r\n            \"GET\"\r\n          ],\r\n          \"maxAgeInSeconds\": 2,\r\n          \"exposedHeaders\": [\r\n            \"*\"\r\n          ],\r\n          \"allowedHeaders\": [\r\n            \"*\"\r\n          ]\r\n        },\r\n        {\r\n          \"allowedOrigins\": [\r\n            \"http://www.abc23.com\",\r\n            \"https://www.fabrikam.com/*\"\r\n          ],\r\n          \"allowedMethods\": [\r\n            \"GET\",\r\n            \"PUT\",\r\n            \"CONNECT\"\r\n          ],\r\n          \"maxAgeInSeconds\": 2000,\r\n          \"exposedHeaders\": [\r\n            \"x-ms-meta-abc\",\r\n            \"x-ms-meta-data*\",\r\n            \"x -ms-meta-target*\"\r\n          ],\r\n          \"allowedHeaders\": [\r\n            \"x-ms-meta-12345675754564*\"\r\n          ]\r\n        }\r\n      ]\r\n    },\r\n    \"defaultServiceVersion\": \"2017-04-17\",\r\n    \"deleteRetentionPolicy\": {\r\n      \"enabled\": true,\r\n      \"days\": 300\r\n    }\r\n  }\r\n}",
      "StatusCode": 200
    },
    {
      "RequestUri": "/subscriptions/45b60d85-fd72-427a-a708-f994d26e593e/resourceGroups/res6817/providers/Microsoft.Storage/storageAccounts/sto270/blobServices/default?api-version=2018-07-01",
      "EncodedRequestUri": "L3N1YnNjcmlwdGlvbnMvNDViNjBkODUtZmQ3Mi00MjdhLWE3MDgtZjk5NGQyNmU1OTNlL3Jlc291cmNlR3JvdXBzL3JlczY4MTcvcHJvdmlkZXJzL01pY3Jvc29mdC5TdG9yYWdlL3N0b3JhZ2VBY2NvdW50cy9zdG8yNzAvYmxvYlNlcnZpY2VzL2RlZmF1bHQ/YXBpLXZlcnNpb249MjAxOC0wNy0wMQ==",
      "RequestMethod": "PUT",
      "RequestBody": "{\r\n  \"properties\": {\r\n    \"cors\": {\r\n      \"corsRules\": [\r\n        {\r\n          \"allowedOrigins\": [\r\n            \"http://www.contoso.com\",\r\n            \"http://www.fabrikam.com\"\r\n          ],\r\n          \"allowedMethods\": [\r\n            \"GET\",\r\n            \"HEAD\",\r\n            \"POST\",\r\n            \"OPTIONS\",\r\n            \"MERGE\",\r\n            \"PUT\"\r\n          ],\r\n          \"maxAgeInSeconds\": 100,\r\n          \"exposedHeaders\": [\r\n            \"x-ms-meta-*\"\r\n          ],\r\n          \"allowedHeaders\": [\r\n            \"x-ms-meta-abc\",\r\n            \"x-ms-meta-data*\",\r\n            \"x-ms-meta-target*\"\r\n          ]\r\n        },\r\n        {\r\n          \"allowedOrigins\": [\r\n            \"*\"\r\n          ],\r\n          \"allowedMethods\": [\r\n            \"GET\"\r\n          ],\r\n          \"maxAgeInSeconds\": 2,\r\n          \"exposedHeaders\": [\r\n            \"*\"\r\n          ],\r\n          \"allowedHeaders\": [\r\n            \"*\"\r\n          ]\r\n        },\r\n        {\r\n          \"allowedOrigins\": [\r\n            \"http://www.abc23.com\",\r\n            \"https://www.fabrikam.com/*\"\r\n          ],\r\n          \"allowedMethods\": [\r\n            \"GET\",\r\n            \"PUT\",\r\n            \"CONNECT\"\r\n          ],\r\n          \"maxAgeInSeconds\": 2000,\r\n          \"exposedHeaders\": [\r\n            \"x-ms-meta-abc\",\r\n            \"x-ms-meta-data*\",\r\n            \"x -ms-meta-target*\"\r\n          ],\r\n          \"allowedHeaders\": [\r\n            \"x-ms-meta-12345675754564*\"\r\n          ]\r\n        }\r\n      ]\r\n    },\r\n    \"defaultServiceVersion\": \"2017-04-17\",\r\n    \"deleteRetentionPolicy\": {\r\n      \"enabled\": true,\r\n      \"days\": 300\r\n    }\r\n  }\r\n}",
      "RequestHeaders": {
        "x-ms-client-request-id": [
          "7b515608-ebe3-4b13-aff7-909d6456ca5b"
        ],
        "accept-language": [
          "en-US"
        ],
        "User-Agent": [
          "FxVersion/4.6.26328.01",
          "Microsoft.Azure.Management.Storage.StorageManagementClient/9.1.0.0"
        ],
        "Content-Type": [
          "application/json; charset=utf-8"
        ],
        "Content-Length": [
          "1593"
        ]
      },
      "ResponseHeaders": {
        "Cache-Control": [
          "no-cache"
        ],
        "Date": [
          "Wed, 31 Oct 2018 08:57:37 GMT"
        ],
        "Pragma": [
          "no-cache"
        ],
        "Server": [
          "Microsoft-Azure-Storage-Resource-Provider/1.0,Microsoft-HTTPAPI/2.0 Microsoft-HTTPAPI/2.0"
        ],
        "x-ms-request-id": [
          "83a11f02-7cc3-439d-806f-5d9ac965442a"
        ],
        "Strict-Transport-Security": [
          "max-age=31536000; includeSubDomains"
        ],
        "x-ms-ratelimit-remaining-subscription-writes": [
          "1197"
        ],
        "x-ms-correlation-request-id": [
          "b52c2265-6531-4fda-866c-d6cbd4bdfd01"
        ],
        "x-ms-routing-request-id": [
          "SOUTHEASTASIA:20181031T085738Z:b52c2265-6531-4fda-866c-d6cbd4bdfd01"
        ],
        "X-Content-Type-Options": [
          "nosniff"
        ],
        "Content-Length": [
          "992"
        ],
        "Content-Type": [
          "application/json"
        ],
        "Expires": [
          "-1"
        ]
      },
      "ResponseBody": "{\r\n  \"id\": \"/subscriptions/45b60d85-fd72-427a-a708-f994d26e593e/resourceGroups/res6817/providers/Microsoft.Storage/storageAccounts/sto270/blobServices/default\",\r\n  \"name\": \"default\",\r\n  \"type\": \"Microsoft.Storage/storageAccounts/blobServices\",\r\n  \"properties\": {\r\n    \"cors\": {\r\n      \"corsRules\": [\r\n        {\r\n          \"allowedOrigins\": [\r\n            \"http://www.contoso.com\",\r\n            \"http://www.fabrikam.com\"\r\n          ],\r\n          \"allowedMethods\": [\r\n            \"GET\",\r\n            \"HEAD\",\r\n            \"POST\",\r\n            \"OPTIONS\",\r\n            \"MERGE\",\r\n            \"PUT\"\r\n          ],\r\n          \"maxAgeInSeconds\": 100,\r\n          \"exposedHeaders\": [\r\n            \"x-ms-meta-*\"\r\n          ],\r\n          \"allowedHeaders\": [\r\n            \"x-ms-meta-abc\",\r\n            \"x-ms-meta-data*\",\r\n            \"x-ms-meta-target*\"\r\n          ]\r\n        },\r\n        {\r\n          \"allowedOrigins\": [\r\n            \"*\"\r\n          ],\r\n          \"allowedMethods\": [\r\n            \"GET\"\r\n          ],\r\n          \"maxAgeInSeconds\": 2,\r\n          \"exposedHeaders\": [\r\n            \"*\"\r\n          ],\r\n          \"allowedHeaders\": [\r\n            \"*\"\r\n          ]\r\n        },\r\n        {\r\n          \"allowedOrigins\": [\r\n            \"http://www.abc23.com\",\r\n            \"https://www.fabrikam.com/*\"\r\n          ],\r\n          \"allowedMethods\": [\r\n            \"GET\",\r\n            \"PUT\",\r\n            \"CONNECT\"\r\n          ],\r\n          \"maxAgeInSeconds\": 2000,\r\n          \"exposedHeaders\": [\r\n            \"x-ms-meta-abc\",\r\n            \"x-ms-meta-data*\",\r\n            \"x -ms-meta-target*\"\r\n          ],\r\n          \"allowedHeaders\": [\r\n            \"x-ms-meta-12345675754564*\"\r\n          ]\r\n        }\r\n      ]\r\n    },\r\n    \"defaultServiceVersion\": \"2017-04-17\",\r\n    \"deleteRetentionPolicy\": {\r\n      \"enabled\": true,\r\n      \"days\": 300\r\n    }\r\n  }\r\n}",
      "StatusCode": 200
    },
    {
      "RequestUri": "/subscriptions/45b60d85-fd72-427a-a708-f994d26e593e/resourceGroups/res6817/providers/Microsoft.Storage/storageAccounts/sto270?api-version=2018-07-01",
      "EncodedRequestUri": "L3N1YnNjcmlwdGlvbnMvNDViNjBkODUtZmQ3Mi00MjdhLWE3MDgtZjk5NGQyNmU1OTNlL3Jlc291cmNlR3JvdXBzL3JlczY4MTcvcHJvdmlkZXJzL01pY3Jvc29mdC5TdG9yYWdlL3N0b3JhZ2VBY2NvdW50cy9zdG8yNzA/YXBpLXZlcnNpb249MjAxOC0wNy0wMQ==",
      "RequestMethod": "DELETE",
      "RequestBody": "",
      "RequestHeaders": {
        "x-ms-client-request-id": [
          "983d7ead-91c2-4028-8811-f99b8b38e333"
        ],
        "accept-language": [
          "en-US"
        ],
        "User-Agent": [
          "FxVersion/4.6.26328.01",
          "Microsoft.Azure.Management.Storage.StorageManagementClient/9.1.0.0"
        ]
      },
      "ResponseHeaders": {
        "Cache-Control": [
          "no-cache"
        ],
        "Date": [
          "Wed, 31 Oct 2018 08:57:40 GMT"
        ],
        "Pragma": [
          "no-cache"
        ],
        "Server": [
          "Microsoft-Azure-Storage-Resource-Provider/1.0,Microsoft-HTTPAPI/2.0 Microsoft-HTTPAPI/2.0"
        ],
        "x-ms-request-id": [
          "27facd74-ab14-425a-8dd0-a1d355496541"
        ],
        "Strict-Transport-Security": [
          "max-age=31536000; includeSubDomains"
        ],
        "x-ms-ratelimit-remaining-subscription-deletes": [
          "14999"
        ],
        "x-ms-correlation-request-id": [
          "5b1da5c0-f26a-4359-97a8-d2d0ab33c9ea"
        ],
        "x-ms-routing-request-id": [
          "SOUTHEASTASIA:20181031T085741Z:5b1da5c0-f26a-4359-97a8-d2d0ab33c9ea"
        ],
        "X-Content-Type-Options": [
          "nosniff"
        ],
        "Content-Length": [
          "0"
        ],
        "Content-Type": [
          "text/plain; charset=utf-8"
        ],
        "Expires": [
          "-1"
        ]
      },
      "ResponseBody": "",
      "StatusCode": 200
    },
    {
      "RequestUri": "/subscriptions/45b60d85-fd72-427a-a708-f994d26e593e/resourcegroups/res6817?api-version=2015-11-01",
      "EncodedRequestUri": "L3N1YnNjcmlwdGlvbnMvNDViNjBkODUtZmQ3Mi00MjdhLWE3MDgtZjk5NGQyNmU1OTNlL3Jlc291cmNlZ3JvdXBzL3JlczY4MTc/YXBpLXZlcnNpb249MjAxNS0xMS0wMQ==",
      "RequestMethod": "DELETE",
      "RequestBody": "",
      "RequestHeaders": {
        "x-ms-client-request-id": [
          "b66f204a-7e75-4b87-8476-de110df87815"
        ],
        "accept-language": [
          "en-US"
        ],
        "User-Agent": [
          "FxVersion/4.6.26328.01",
          "Microsoft.Azure.Management.Resources.ResourceManagementClient/1.0.0.0"
        ]
      },
      "ResponseHeaders": {
        "Cache-Control": [
          "no-cache"
        ],
        "Date": [
          "Wed, 31 Oct 2018 08:57:43 GMT"
        ],
        "Pragma": [
          "no-cache"
        ],
        "Location": [
          "https://management.azure.com/subscriptions/45b60d85-fd72-427a-a708-f994d26e593e/operationresults/eyJqb2JJZCI6IlJFU09VUkNFR1JPVVBERUxFVElPTkpPQi1SRVM2ODE3LUVBU1RVUzIiLCJqb2JMb2NhdGlvbiI6ImVhc3R1czIifQ?api-version=2015-11-01"
        ],
        "Retry-After": [
          "15"
        ],
        "x-ms-ratelimit-remaining-subscription-deletes": [
          "14998"
        ],
        "x-ms-request-id": [
          "caef2bf0-7f5b-4752-840b-e0c7976a187f"
        ],
        "x-ms-correlation-request-id": [
          "caef2bf0-7f5b-4752-840b-e0c7976a187f"
        ],
        "x-ms-routing-request-id": [
          "SOUTHEASTASIA:20181031T085744Z:caef2bf0-7f5b-4752-840b-e0c7976a187f"
        ],
        "Strict-Transport-Security": [
          "max-age=31536000; includeSubDomains"
        ],
        "X-Content-Type-Options": [
          "nosniff"
        ],
        "Content-Length": [
          "0"
        ],
        "Expires": [
          "-1"
        ]
      },
      "ResponseBody": "",
      "StatusCode": 202
    },
    {
      "RequestUri": "/subscriptions/45b60d85-fd72-427a-a708-f994d26e593e/operationresults/eyJqb2JJZCI6IlJFU09VUkNFR1JPVVBERUxFVElPTkpPQi1SRVM2ODE3LUVBU1RVUzIiLCJqb2JMb2NhdGlvbiI6ImVhc3R1czIifQ?api-version=2015-11-01",
      "EncodedRequestUri": "L3N1YnNjcmlwdGlvbnMvNDViNjBkODUtZmQ3Mi00MjdhLWE3MDgtZjk5NGQyNmU1OTNlL29wZXJhdGlvbnJlc3VsdHMvZXlKcWIySkpaQ0k2SWxKRlUwOVZVa05GUjFKUFZWQkVSVXhGVkVsUFRrcFBRaTFTUlZNMk9ERTNMVVZCVTFSVlV6SWlMQ0pxYjJKTWIyTmhkR2x2YmlJNkltVmhjM1IxY3pJaWZRP2FwaS12ZXJzaW9uPTIwMTUtMTEtMDE=",
      "RequestMethod": "GET",
      "RequestBody": "",
      "RequestHeaders": {
        "User-Agent": [
          "FxVersion/4.6.26328.01",
          "Microsoft.Azure.Management.Resources.ResourceManagementClient/1.0.0.0"
        ]
      },
      "ResponseHeaders": {
        "Cache-Control": [
          "no-cache"
        ],
        "Date": [
          "Wed, 31 Oct 2018 08:57:59 GMT"
        ],
        "Pragma": [
          "no-cache"
        ],
        "Location": [
          "https://management.azure.com/subscriptions/45b60d85-fd72-427a-a708-f994d26e593e/operationresults/eyJqb2JJZCI6IlJFU09VUkNFR1JPVVBERUxFVElPTkpPQi1SRVM2ODE3LUVBU1RVUzIiLCJqb2JMb2NhdGlvbiI6ImVhc3R1czIifQ?api-version=2015-11-01"
        ],
        "Retry-After": [
          "15"
        ],
        "x-ms-ratelimit-remaining-subscription-reads": [
          "11996"
        ],
        "x-ms-request-id": [
          "0a460020-8899-4cec-b8b8-5c65dfeb7b64"
        ],
        "x-ms-correlation-request-id": [
          "0a460020-8899-4cec-b8b8-5c65dfeb7b64"
        ],
        "x-ms-routing-request-id": [
          "SOUTHEASTASIA:20181031T085759Z:0a460020-8899-4cec-b8b8-5c65dfeb7b64"
        ],
        "Strict-Transport-Security": [
          "max-age=31536000; includeSubDomains"
        ],
        "X-Content-Type-Options": [
          "nosniff"
        ],
        "Content-Length": [
          "0"
        ],
        "Expires": [
          "-1"
        ]
      },
      "ResponseBody": "",
      "StatusCode": 202
    },
    {
      "RequestUri": "/subscriptions/45b60d85-fd72-427a-a708-f994d26e593e/operationresults/eyJqb2JJZCI6IlJFU09VUkNFR1JPVVBERUxFVElPTkpPQi1SRVM2ODE3LUVBU1RVUzIiLCJqb2JMb2NhdGlvbiI6ImVhc3R1czIifQ?api-version=2015-11-01",
      "EncodedRequestUri": "L3N1YnNjcmlwdGlvbnMvNDViNjBkODUtZmQ3Mi00MjdhLWE3MDgtZjk5NGQyNmU1OTNlL29wZXJhdGlvbnJlc3VsdHMvZXlKcWIySkpaQ0k2SWxKRlUwOVZVa05GUjFKUFZWQkVSVXhGVkVsUFRrcFBRaTFTUlZNMk9ERTNMVVZCVTFSVlV6SWlMQ0pxYjJKTWIyTmhkR2x2YmlJNkltVmhjM1IxY3pJaWZRP2FwaS12ZXJzaW9uPTIwMTUtMTEtMDE=",
      "RequestMethod": "GET",
      "RequestBody": "",
      "RequestHeaders": {
        "User-Agent": [
          "FxVersion/4.6.26328.01",
          "Microsoft.Azure.Management.Resources.ResourceManagementClient/1.0.0.0"
        ]
      },
      "ResponseHeaders": {
        "Cache-Control": [
          "no-cache"
        ],
        "Date": [
          "Wed, 31 Oct 2018 08:58:14 GMT"
        ],
        "Pragma": [
          "no-cache"
        ],
        "Location": [
          "https://management.azure.com/subscriptions/45b60d85-fd72-427a-a708-f994d26e593e/operationresults/eyJqb2JJZCI6IlJFU09VUkNFR1JPVVBERUxFVElPTkpPQi1SRVM2ODE3LUVBU1RVUzIiLCJqb2JMb2NhdGlvbiI6ImVhc3R1czIifQ?api-version=2015-11-01"
        ],
        "Retry-After": [
          "15"
        ],
        "x-ms-ratelimit-remaining-subscription-reads": [
          "11995"
        ],
        "x-ms-request-id": [
          "53f2583d-68d7-46a8-ba30-3e9acdf05149"
        ],
        "x-ms-correlation-request-id": [
          "53f2583d-68d7-46a8-ba30-3e9acdf05149"
        ],
        "x-ms-routing-request-id": [
          "SOUTHEASTASIA:20181031T085815Z:53f2583d-68d7-46a8-ba30-3e9acdf05149"
        ],
        "Strict-Transport-Security": [
          "max-age=31536000; includeSubDomains"
        ],
        "X-Content-Type-Options": [
          "nosniff"
        ],
        "Content-Length": [
          "0"
        ],
        "Expires": [
          "-1"
        ]
      },
      "ResponseBody": "",
      "StatusCode": 202
    },
    {
      "RequestUri": "/subscriptions/45b60d85-fd72-427a-a708-f994d26e593e/operationresults/eyJqb2JJZCI6IlJFU09VUkNFR1JPVVBERUxFVElPTkpPQi1SRVM2ODE3LUVBU1RVUzIiLCJqb2JMb2NhdGlvbiI6ImVhc3R1czIifQ?api-version=2015-11-01",
      "EncodedRequestUri": "L3N1YnNjcmlwdGlvbnMvNDViNjBkODUtZmQ3Mi00MjdhLWE3MDgtZjk5NGQyNmU1OTNlL29wZXJhdGlvbnJlc3VsdHMvZXlKcWIySkpaQ0k2SWxKRlUwOVZVa05GUjFKUFZWQkVSVXhGVkVsUFRrcFBRaTFTUlZNMk9ERTNMVVZCVTFSVlV6SWlMQ0pxYjJKTWIyTmhkR2x2YmlJNkltVmhjM1IxY3pJaWZRP2FwaS12ZXJzaW9uPTIwMTUtMTEtMDE=",
      "RequestMethod": "GET",
      "RequestBody": "",
      "RequestHeaders": {
        "User-Agent": [
          "FxVersion/4.6.26328.01",
          "Microsoft.Azure.Management.Resources.ResourceManagementClient/1.0.0.0"
        ]
      },
      "ResponseHeaders": {
        "Cache-Control": [
          "no-cache"
        ],
        "Date": [
          "Wed, 31 Oct 2018 08:58:30 GMT"
        ],
        "Pragma": [
          "no-cache"
        ],
        "x-ms-ratelimit-remaining-subscription-reads": [
          "11994"
        ],
        "x-ms-request-id": [
          "0b2a96ee-eacf-4e4f-ad33-071bc9732bb3"
        ],
        "x-ms-correlation-request-id": [
          "0b2a96ee-eacf-4e4f-ad33-071bc9732bb3"
        ],
        "x-ms-routing-request-id": [
          "SOUTHEASTASIA:20181031T085830Z:0b2a96ee-eacf-4e4f-ad33-071bc9732bb3"
        ],
        "Strict-Transport-Security": [
          "max-age=31536000; includeSubDomains"
        ],
        "X-Content-Type-Options": [
          "nosniff"
        ],
        "Content-Length": [
          "0"
        ],
        "Expires": [
          "-1"
        ]
      },
      "ResponseBody": "",
      "StatusCode": 200
    },
    {
      "RequestUri": "/subscriptions/45b60d85-fd72-427a-a708-f994d26e593e/operationresults/eyJqb2JJZCI6IlJFU09VUkNFR1JPVVBERUxFVElPTkpPQi1SRVM2ODE3LUVBU1RVUzIiLCJqb2JMb2NhdGlvbiI6ImVhc3R1czIifQ?api-version=2015-11-01",
      "EncodedRequestUri": "L3N1YnNjcmlwdGlvbnMvNDViNjBkODUtZmQ3Mi00MjdhLWE3MDgtZjk5NGQyNmU1OTNlL29wZXJhdGlvbnJlc3VsdHMvZXlKcWIySkpaQ0k2SWxKRlUwOVZVa05GUjFKUFZWQkVSVXhGVkVsUFRrcFBRaTFTUlZNMk9ERTNMVVZCVTFSVlV6SWlMQ0pxYjJKTWIyTmhkR2x2YmlJNkltVmhjM1IxY3pJaWZRP2FwaS12ZXJzaW9uPTIwMTUtMTEtMDE=",
      "RequestMethod": "GET",
      "RequestBody": "",
      "RequestHeaders": {
        "User-Agent": [
          "FxVersion/4.6.26328.01",
          "Microsoft.Azure.Management.Resources.ResourceManagementClient/1.0.0.0"
        ]
      },
      "ResponseHeaders": {
        "Cache-Control": [
          "no-cache"
        ],
        "Date": [
          "Wed, 31 Oct 2018 08:58:31 GMT"
        ],
        "Pragma": [
          "no-cache"
        ],
        "x-ms-ratelimit-remaining-subscription-reads": [
          "11993"
        ],
        "x-ms-request-id": [
          "0040d482-0dcb-44ac-b830-4e11002eef19"
        ],
        "x-ms-correlation-request-id": [
          "0040d482-0dcb-44ac-b830-4e11002eef19"
        ],
        "x-ms-routing-request-id": [
          "SOUTHEASTASIA:20181031T085831Z:0040d482-0dcb-44ac-b830-4e11002eef19"
        ],
        "Strict-Transport-Security": [
          "max-age=31536000; includeSubDomains"
        ],
        "X-Content-Type-Options": [
          "nosniff"
        ],
        "Content-Length": [
          "0"
        ],
        "Expires": [
          "-1"
        ]
      },
      "ResponseBody": "",
      "StatusCode": 200
    }
  ],
  "Names": {
    "CreateResourceGroup": [
      "res6817"
    ],
    "BlobServiceCorsTest": [
      "sto270"
    ]
  },
  "Variables": {
    "SubscriptionId": "45b60d85-fd72-427a-a708-f994d26e593e"
  }
}