{
  "Entries": [
    {
      "RequestUri": "/subscriptions/45b60d85-fd72-427a-a708-f994d26e593e/resourcegroups/res5903?api-version=2015-11-01",
      "EncodedRequestUri": "L3N1YnNjcmlwdGlvbnMvNDViNjBkODUtZmQ3Mi00MjdhLWE3MDgtZjk5NGQyNmU1OTNlL3Jlc291cmNlZ3JvdXBzL3JlczU5MDM/YXBpLXZlcnNpb249MjAxNS0xMS0wMQ==",
      "RequestMethod": "PUT",
      "RequestBody": "{\r\n  \"location\": \"eastus2\"\r\n}",
      "RequestHeaders": {
        "x-ms-client-request-id": [
          "c013534f-e599-45f7-bb40-7c39704fedd1"
        ],
        "accept-language": [
          "en-US"
        ],
        "User-Agent": [
          "FxVersion/4.6.26328.01",
          "Microsoft.Azure.Management.Resources.ResourceManagementClient/1.0.0.0"
        ],
        "Content-Type": [
          "application/json; charset=utf-8"
        ],
        "Content-Length": [
          "29"
        ]
      },
      "ResponseHeaders": {
        "Cache-Control": [
          "no-cache"
        ],
        "Date": [
          "Wed, 12 Sep 2018 10:29:00 GMT"
        ],
        "Pragma": [
          "no-cache"
        ],
        "x-ms-ratelimit-remaining-subscription-writes": [
          "1192"
        ],
        "x-ms-request-id": [
          "322f9d2a-d7a0-4586-9731-2197cf44979a"
        ],
        "x-ms-correlation-request-id": [
          "322f9d2a-d7a0-4586-9731-2197cf44979a"
        ],
        "x-ms-routing-request-id": [
          "SOUTHEASTASIA:20180912T102901Z:322f9d2a-d7a0-4586-9731-2197cf44979a"
        ],
        "Strict-Transport-Security": [
          "max-age=31536000; includeSubDomains"
        ],
        "X-Content-Type-Options": [
          "nosniff"
        ],
        "Content-Length": [
          "168"
        ],
        "Content-Type": [
          "application/json; charset=utf-8"
        ],
        "Expires": [
          "-1"
        ]
      },
      "ResponseBody": "{\r\n  \"id\": \"/subscriptions/45b60d85-fd72-427a-a708-f994d26e593e/resourceGroups/res5903\",\r\n  \"name\": \"res5903\",\r\n  \"location\": \"eastus2\",\r\n  \"properties\": {\r\n    \"provisioningState\": \"Succeeded\"\r\n  }\r\n}",
      "StatusCode": 201
    },
    {
      "RequestUri": "/subscriptions/45b60d85-fd72-427a-a708-f994d26e593e/resourceGroups/res5903/providers/Microsoft.Storage/storageAccounts/sto4387?api-version=2018-07-01",
      "EncodedRequestUri": "L3N1YnNjcmlwdGlvbnMvNDViNjBkODUtZmQ3Mi00MjdhLWE3MDgtZjk5NGQyNmU1OTNlL3Jlc291cmNlR3JvdXBzL3JlczU5MDMvcHJvdmlkZXJzL01pY3Jvc29mdC5TdG9yYWdlL3N0b3JhZ2VBY2NvdW50cy9zdG80Mzg3P2FwaS12ZXJzaW9uPTIwMTgtMDctMDE=",
      "RequestMethod": "PUT",
      "RequestBody": "{\r\n  \"sku\": {\r\n    \"name\": \"Standard_GRS\"\r\n  },\r\n  \"kind\": \"StorageV2\",\r\n  \"location\": \"eastus2(stage)\",\r\n  \"tags\": {\r\n    \"key1\": \"value1\",\r\n    \"key2\": \"value2\"\r\n  }\r\n}",
      "RequestHeaders": {
        "x-ms-client-request-id": [
          "a0a2771b-6347-4a41-a87c-3071402634e2"
        ],
        "accept-language": [
          "en-US"
        ],
        "User-Agent": [
          "FxVersion/4.6.26328.01",
          "Microsoft.Azure.Management.Storage.StorageManagementClient/8.1.0.0"
        ],
        "Content-Type": [
          "application/json; charset=utf-8"
        ],
        "Content-Length": [
          "170"
        ]
      },
      "ResponseHeaders": {
        "Cache-Control": [
          "no-cache"
        ],
        "Date": [
          "Wed, 12 Sep 2018 10:29:02 GMT"
        ],
        "Pragma": [
          "no-cache"
        ],
        "Location": [
          "https://management.azure.com/subscriptions/45b60d85-fd72-427a-a708-f994d26e593e/providers/Microsoft.Storage/locations/eastus2(stage)/asyncoperations/b6aa870e-9707-48bf-88df-715ecbbba19f?monitor=true&api-version=2018-07-01"
        ],
        "Retry-After": [
          "17"
        ],
        "Server": [
          "Microsoft-Azure-Storage-Resource-Provider/1.0,Microsoft-HTTPAPI/2.0 Microsoft-HTTPAPI/2.0"
        ],
        "x-ms-request-id": [
          "b6aa870e-9707-48bf-88df-715ecbbba19f"
        ],
        "Strict-Transport-Security": [
          "max-age=31536000; includeSubDomains"
        ],
        "x-ms-ratelimit-remaining-subscription-writes": [
          "1191"
        ],
        "x-ms-correlation-request-id": [
          "b73add1e-0434-42de-8e50-bc8d4adba2ad"
        ],
        "x-ms-routing-request-id": [
          "SOUTHEASTASIA:20180912T102903Z:b73add1e-0434-42de-8e50-bc8d4adba2ad"
        ],
        "X-Content-Type-Options": [
          "nosniff"
        ],
        "Content-Length": [
          "0"
        ],
        "Content-Type": [
          "text/plain; charset=utf-8"
        ],
        "Expires": [
          "-1"
        ]
      },
      "ResponseBody": "",
      "StatusCode": 202
    },
    {
      "RequestUri": "/subscriptions/45b60d85-fd72-427a-a708-f994d26e593e/providers/Microsoft.Storage/locations/eastus2(stage)/asyncoperations/b6aa870e-9707-48bf-88df-715ecbbba19f?monitor=true&api-version=2018-07-01",
      "EncodedRequestUri": "L3N1YnNjcmlwdGlvbnMvNDViNjBkODUtZmQ3Mi00MjdhLWE3MDgtZjk5NGQyNmU1OTNlL3Byb3ZpZGVycy9NaWNyb3NvZnQuU3RvcmFnZS9sb2NhdGlvbnMvZWFzdHVzMihzdGFnZSkvYXN5bmNvcGVyYXRpb25zL2I2YWE4NzBlLTk3MDctNDhiZi04OGRmLTcxNWVjYmJiYTE5Zj9tb25pdG9yPXRydWUmYXBpLXZlcnNpb249MjAxOC0wNy0wMQ==",
      "RequestMethod": "GET",
      "RequestBody": "",
      "RequestHeaders": {
        "User-Agent": [
          "FxVersion/4.6.26328.01",
          "Microsoft.Azure.Management.Storage.StorageManagementClient/8.1.0.0"
        ]
      },
      "ResponseHeaders": {
        "Cache-Control": [
          "no-cache"
        ],
        "Date": [
          "Wed, 12 Sep 2018 10:29:20 GMT"
        ],
        "Pragma": [
          "no-cache"
        ],
        "Server": [
          "Microsoft-Azure-Storage-Resource-Provider/1.0,Microsoft-HTTPAPI/2.0 Microsoft-HTTPAPI/2.0"
        ],
        "x-ms-request-id": [
          "12850937-d5a2-4c7e-bc00-968654f717fb"
        ],
        "Strict-Transport-Security": [
          "max-age=31536000; includeSubDomains"
        ],
        "x-ms-ratelimit-remaining-subscription-reads": [
          "11996"
        ],
        "x-ms-correlation-request-id": [
          "b9bdb000-9ada-4f8c-892b-38d8afe390e0"
        ],
        "x-ms-routing-request-id": [
          "SOUTHEASTASIA:20180912T102921Z:b9bdb000-9ada-4f8c-892b-38d8afe390e0"
        ],
        "X-Content-Type-Options": [
          "nosniff"
        ],
        "Content-Length": [
          "1254"
        ],
        "Content-Type": [
          "application/json"
        ],
        "Expires": [
          "-1"
        ]
      },
      "ResponseBody": "{\r\n  \"sku\": {\r\n    \"name\": \"Standard_GRS\",\r\n    \"tier\": \"Standard\"\r\n  },\r\n  \"kind\": \"StorageV2\",\r\n  \"id\": \"/subscriptions/45b60d85-fd72-427a-a708-f994d26e593e/resourceGroups/res5903/providers/Microsoft.Storage/storageAccounts/sto4387\",\r\n  \"name\": \"sto4387\",\r\n  \"type\": \"Microsoft.Storage/storageAccounts\",\r\n  \"location\": \"eastus2(stage)\",\r\n  \"tags\": {\r\n    \"key1\": \"value1\",\r\n    \"key2\": \"value2\"\r\n  },\r\n  \"properties\": {\r\n    \"networkAcls\": {\r\n      \"bypass\": \"AzureServices\",\r\n      \"virtualNetworkRules\": [],\r\n      \"ipRules\": [],\r\n      \"defaultAction\": \"Allow\"\r\n    },\r\n    \"trustedDirectories\": [\r\n      \"72f988bf-86f1-41af-91ab-2d7cd011db47\"\r\n    ],\r\n    \"supportsHttpsTrafficOnly\": false,\r\n    \"encryption\": {\r\n      \"services\": {\r\n        \"file\": {\r\n          \"enabled\": true,\r\n          \"lastEnabledTime\": \"2018-09-12T10:29:03.3045602Z\"\r\n        },\r\n        \"blob\": {\r\n          \"enabled\": true,\r\n          \"lastEnabledTime\": \"2018-09-12T10:29:03.3045602Z\"\r\n        }\r\n      },\r\n      \"keySource\": \"Microsoft.Storage\"\r\n    },\r\n    \"accessTier\": \"Hot\",\r\n    \"provisioningState\": \"Succeeded\",\r\n    \"creationTime\": \"2018-09-12T10:29:03.2577122Z\",\r\n    \"primaryEndpoints\": {\r\n      \"web\": \"https://sto4387.z1.web.core.windows.net/\",\r\n      \"blob\": \"https://sto4387.blob.core.windows.net/\",\r\n      \"queue\": \"https://sto4387.queue.core.windows.net/\",\r\n      \"table\": \"https://sto4387.table.core.windows.net/\",\r\n      \"file\": \"https://sto4387.file.core.windows.net/\"\r\n    },\r\n    \"primaryLocation\": \"eastus2(stage)\",\r\n    \"statusOfPrimary\": \"available\",\r\n    \"secondaryLocation\": \"northcentralus(stage)\",\r\n    \"statusOfSecondary\": \"available\"\r\n  }\r\n}",
      "StatusCode": 200
    },
    {
      "RequestUri": "/subscriptions/45b60d85-fd72-427a-a708-f994d26e593e/resourceGroups/res5903/providers/Microsoft.Storage/storageAccounts/sto4387/blobServices/default/containers/container4939?api-version=2018-07-01",
      "EncodedRequestUri": "L3N1YnNjcmlwdGlvbnMvNDViNjBkODUtZmQ3Mi00MjdhLWE3MDgtZjk5NGQyNmU1OTNlL3Jlc291cmNlR3JvdXBzL3JlczU5MDMvcHJvdmlkZXJzL01pY3Jvc29mdC5TdG9yYWdlL3N0b3JhZ2VBY2NvdW50cy9zdG80Mzg3L2Jsb2JTZXJ2aWNlcy9kZWZhdWx0L2NvbnRhaW5lcnMvY29udGFpbmVyNDkzOT9hcGktdmVyc2lvbj0yMDE4LTA3LTAx",
      "RequestMethod": "PUT",
      "RequestBody": "{}",
      "RequestHeaders": {
        "x-ms-client-request-id": [
          "9e6d023a-a7ae-47b3-a442-37bb2d1360d8"
        ],
        "accept-language": [
          "en-US"
        ],
        "User-Agent": [
          "FxVersion/4.6.26328.01",
          "Microsoft.Azure.Management.Storage.StorageManagementClient/8.1.0.0"
        ],
        "Content-Type": [
          "application/json; charset=utf-8"
        ],
        "Content-Length": [
          "2"
        ]
      },
      "ResponseHeaders": {
        "Cache-Control": [
          "no-cache"
        ],
        "Date": [
          "Wed, 12 Sep 2018 10:29:21 GMT"
        ],
        "Pragma": [
          "no-cache"
        ],
        "ETag": [
          "\"0x8D6189A9AA50103\""
        ],
        "Server": [
          "Microsoft-Azure-Storage-Resource-Provider/1.0,Microsoft-HTTPAPI/2.0 Microsoft-HTTPAPI/2.0"
        ],
        "x-ms-request-id": [
          "11de97c0-3b9d-4c3c-bb42-1f892069ba5d"
        ],
        "Strict-Transport-Security": [
          "max-age=31536000; includeSubDomains"
        ],
        "x-ms-ratelimit-remaining-subscription-writes": [
          "1190"
        ],
        "x-ms-correlation-request-id": [
          "4a2555bf-6162-46d9-a5a1-fad3c11060b9"
        ],
        "x-ms-routing-request-id": [
          "SOUTHEASTASIA:20180912T102921Z:4a2555bf-6162-46d9-a5a1-fad3c11060b9"
        ],
        "X-Content-Type-Options": [
          "nosniff"
        ],
        "Content-Length": [
          "271"
        ],
        "Content-Type": [
          "application/json"
        ],
        "Expires": [
          "-1"
        ]
      },
      "ResponseBody": "{\r\n  \"id\": \"/subscriptions/45b60d85-fd72-427a-a708-f994d26e593e/resourceGroups/res5903/providers/Microsoft.Storage/storageAccounts/sto4387/blobServices/default/containers/container4939\",\r\n  \"name\": \"container4939\",\r\n  \"type\": \"Microsoft.Storage/storageAccounts/blobServices/containers\"\r\n}",
      "StatusCode": 201
    },
    {
      "RequestUri": "/subscriptions/45b60d85-fd72-427a-a708-f994d26e593e/resourceGroups/res5903/providers/Microsoft.Storage/storageAccounts/sto4387/blobServices/default/containers/container4939?api-version=2018-07-01",
      "EncodedRequestUri": "L3N1YnNjcmlwdGlvbnMvNDViNjBkODUtZmQ3Mi00MjdhLWE3MDgtZjk5NGQyNmU1OTNlL3Jlc291cmNlR3JvdXBzL3JlczU5MDMvcHJvdmlkZXJzL01pY3Jvc29mdC5TdG9yYWdlL3N0b3JhZ2VBY2NvdW50cy9zdG80Mzg3L2Jsb2JTZXJ2aWNlcy9kZWZhdWx0L2NvbnRhaW5lcnMvY29udGFpbmVyNDkzOT9hcGktdmVyc2lvbj0yMDE4LTA3LTAx",
      "RequestMethod": "PATCH",
      "RequestBody": "{\r\n  \"properties\": {\r\n    \"publicAccess\": \"Container\",\r\n    \"metadata\": {\r\n      \"metadata\": \"true\"\r\n    }\r\n  }\r\n}",
      "RequestHeaders": {
        "x-ms-client-request-id": [
          "d58b204f-ed85-4337-9d1d-7cacdcf8c275"
        ],
        "accept-language": [
          "en-US"
        ],
        "User-Agent": [
          "FxVersion/4.6.26328.01",
          "Microsoft.Azure.Management.Storage.StorageManagementClient/8.1.0.0"
        ],
        "Content-Type": [
          "application/json; charset=utf-8"
        ],
        "Content-Length": [
          "114"
        ]
      },
      "ResponseHeaders": {
        "Cache-Control": [
          "no-cache"
        ],
        "Date": [
          "Wed, 12 Sep 2018 10:29:22 GMT"
        ],
        "Pragma": [
          "no-cache"
        ],
        "ETag": [
          "\"0x8D6189A9B052299\""
        ],
        "Server": [
          "Microsoft-Azure-Storage-Resource-Provider/1.0,Microsoft-HTTPAPI/2.0 Microsoft-HTTPAPI/2.0"
        ],
        "x-ms-request-id": [
          "92eae5c7-3f2e-4364-a8c1-6c2b1135deec"
        ],
        "Strict-Transport-Security": [
          "max-age=31536000; includeSubDomains"
        ],
        "x-ms-ratelimit-remaining-subscription-writes": [
          "1189"
        ],
        "x-ms-correlation-request-id": [
          "9ae6ff39-5099-41fe-ae6f-6bc57d476ceb"
        ],
        "x-ms-routing-request-id": [
          "SOUTHEASTASIA:20180912T102922Z:9ae6ff39-5099-41fe-ae6f-6bc57d476ceb"
        ],
        "X-Content-Type-Options": [
          "nosniff"
        ],
        "Content-Length": [
          "395"
        ],
        "Content-Type": [
          "application/json"
        ],
        "Expires": [
          "-1"
        ]
      },
      "ResponseBody": "{\r\n  \"id\": \"/subscriptions/45b60d85-fd72-427a-a708-f994d26e593e/resourceGroups/res5903/providers/Microsoft.Storage/storageAccounts/sto4387/blobServices/default/containers/container4939\",\r\n  \"name\": \"container4939\",\r\n  \"type\": \"Microsoft.Storage/storageAccounts/blobServices/containers\",\r\n  \"properties\": {\r\n    \"metadata\": {\r\n      \"metadata\": \"true\"\r\n    },\r\n    \"publicAccess\": \"Container\",\r\n    \"hasImmutabilityPolicy\": false,\r\n    \"hasLegalHold\": false\r\n  }\r\n}",
      "StatusCode": 200
    },
    {
      "RequestUri": "/subscriptions/45b60d85-fd72-427a-a708-f994d26e593e/resourceGroups/res5903/providers/Microsoft.Storage/storageAccounts/sto4387/blobServices/default/containers/container4444?api-version=2018-07-01",
      "EncodedRequestUri": "L3N1YnNjcmlwdGlvbnMvNDViNjBkODUtZmQ3Mi00MjdhLWE3MDgtZjk5NGQyNmU1OTNlL3Jlc291cmNlR3JvdXBzL3JlczU5MDMvcHJvdmlkZXJzL01pY3Jvc29mdC5TdG9yYWdlL3N0b3JhZ2VBY2NvdW50cy9zdG80Mzg3L2Jsb2JTZXJ2aWNlcy9kZWZhdWx0L2NvbnRhaW5lcnMvY29udGFpbmVyNDQ0ND9hcGktdmVyc2lvbj0yMDE4LTA3LTAx",
      "RequestMethod": "PUT",
      "RequestBody": "{}",
      "RequestHeaders": {
        "x-ms-client-request-id": [
          "41c9304a-e58c-4497-93a8-6e3f4ff765d0"
        ],
        "accept-language": [
          "en-US"
        ],
        "User-Agent": [
          "FxVersion/4.6.26328.01",
          "Microsoft.Azure.Management.Storage.StorageManagementClient/8.1.0.0"
        ],
        "Content-Type": [
          "application/json; charset=utf-8"
        ],
        "Content-Length": [
          "2"
        ]
      },
      "ResponseHeaders": {
        "Cache-Control": [
          "no-cache"
        ],
        "Date": [
          "Wed, 12 Sep 2018 10:29:22 GMT"
        ],
        "Pragma": [
          "no-cache"
        ],
        "ETag": [
          "\"0x8D6189A9B5C919A\""
        ],
        "Server": [
          "Microsoft-Azure-Storage-Resource-Provider/1.0,Microsoft-HTTPAPI/2.0 Microsoft-HTTPAPI/2.0"
        ],
        "x-ms-request-id": [
          "42cf0da7-f193-4b5a-b4bc-1c71337825c5"
        ],
        "Strict-Transport-Security": [
          "max-age=31536000; includeSubDomains"
        ],
        "x-ms-ratelimit-remaining-subscription-writes": [
          "1188"
        ],
        "x-ms-correlation-request-id": [
          "10ae1bea-0d42-4f28-af6b-487808ba2adc"
        ],
        "x-ms-routing-request-id": [
          "SOUTHEASTASIA:20180912T102923Z:10ae1bea-0d42-4f28-af6b-487808ba2adc"
        ],
        "X-Content-Type-Options": [
          "nosniff"
        ],
        "Content-Length": [
          "271"
        ],
        "Content-Type": [
          "application/json"
        ],
        "Expires": [
          "-1"
        ]
      },
      "ResponseBody": "{\r\n  \"id\": \"/subscriptions/45b60d85-fd72-427a-a708-f994d26e593e/resourceGroups/res5903/providers/Microsoft.Storage/storageAccounts/sto4387/blobServices/default/containers/container4444\",\r\n  \"name\": \"container4444\",\r\n  \"type\": \"Microsoft.Storage/storageAccounts/blobServices/containers\"\r\n}",
      "StatusCode": 201
    },
    {
      "RequestUri": "/subscriptions/45b60d85-fd72-427a-a708-f994d26e593e/resourceGroups/res5903/providers/Microsoft.Storage/storageAccounts/sto4387/listKeys?api-version=2018-07-01",
      "EncodedRequestUri": "L3N1YnNjcmlwdGlvbnMvNDViNjBkODUtZmQ3Mi00MjdhLWE3MDgtZjk5NGQyNmU1OTNlL3Jlc291cmNlR3JvdXBzL3JlczU5MDMvcHJvdmlkZXJzL01pY3Jvc29mdC5TdG9yYWdlL3N0b3JhZ2VBY2NvdW50cy9zdG80Mzg3L2xpc3RLZXlzP2FwaS12ZXJzaW9uPTIwMTgtMDctMDE=",
      "RequestMethod": "POST",
      "RequestBody": "",
      "RequestHeaders": {
        "x-ms-client-request-id": [
          "a27231eb-013d-4a8c-b8b2-5cfe85449974"
        ],
        "accept-language": [
          "en-US"
        ],
        "User-Agent": [
          "FxVersion/4.6.26328.01",
          "Microsoft.Azure.Management.Storage.StorageManagementClient/8.1.0.0"
        ]
      },
      "ResponseHeaders": {
        "Cache-Control": [
          "no-cache"
        ],
        "Date": [
          "Wed, 12 Sep 2018 10:29:22 GMT"
        ],
        "Pragma": [
          "no-cache"
        ],
        "Server": [
          "Microsoft-Azure-Storage-Resource-Provider/1.0,Microsoft-HTTPAPI/2.0 Microsoft-HTTPAPI/2.0"
        ],
        "x-ms-request-id": [
          "29d721e1-51aa-4978-b6ba-07ee9e92ea6d"
        ],
        "Strict-Transport-Security": [
          "max-age=31536000; includeSubDomains"
        ],
        "x-ms-ratelimit-remaining-subscription-writes": [
          "1187"
        ],
        "x-ms-correlation-request-id": [
          "e7659797-f90e-4592-8bc8-90a07b973bf3"
        ],
        "x-ms-routing-request-id": [
          "SOUTHEASTASIA:20180912T102923Z:e7659797-f90e-4592-8bc8-90a07b973bf3"
        ],
        "X-Content-Type-Options": [
          "nosniff"
        ],
        "Content-Length": [
          "288"
        ],
        "Content-Type": [
          "application/json"
        ],
        "Expires": [
          "-1"
        ]
      },
      "ResponseBody": "{\r\n  \"keys\": [\r\n    {\r\n      \"keyName\": \"key1\",\r\n      \"value\": \"f1mFqKyMcvTyU1q5I4NrCNI8yFE6vsu9G0kL2wf7Lu/lkLEpk+hhUzrqfhtkoImPQmQ4zM922wwYUzIEronnyw==\",\r\n      \"permissions\": \"FULL\"\r\n    },\r\n    {\r\n      \"keyName\": \"key2\",\r\n      \"value\": \"3A8/emTjPPq/oOMf9r8ow8qwNBgRhZEwLe+rWS8dfOHLnlkzIUDxG9J4sfuqMrkD3s5A8MM/0pGv6lyP6nzHvA==\",\r\n      \"permissions\": \"FULL\"\r\n    }\r\n  ]\r\n}",
      "StatusCode": 200
    },
    {
      "RequestUri": "/subscriptions/45b60d85-fd72-427a-a708-f994d26e593e/resourceGroups/res5903/providers/Microsoft.Storage/storageAccounts/sto4387/blobServices/default/containers?api-version=2018-07-01",
      "EncodedRequestUri": "L3N1YnNjcmlwdGlvbnMvNDViNjBkODUtZmQ3Mi00MjdhLWE3MDgtZjk5NGQyNmU1OTNlL3Jlc291cmNlR3JvdXBzL3JlczU5MDMvcHJvdmlkZXJzL01pY3Jvc29mdC5TdG9yYWdlL3N0b3JhZ2VBY2NvdW50cy9zdG80Mzg3L2Jsb2JTZXJ2aWNlcy9kZWZhdWx0L2NvbnRhaW5lcnM/YXBpLXZlcnNpb249MjAxOC0wNy0wMQ==",
      "RequestMethod": "GET",
      "RequestBody": "",
      "RequestHeaders": {
        "x-ms-client-request-id": [
          "45e8ceaf-36fa-4e8b-b69f-a21b97e1a3f1"
        ],
        "accept-language": [
          "en-US"
        ],
        "User-Agent": [
          "FxVersion/4.6.26328.01",
          "Microsoft.Azure.Management.Storage.StorageManagementClient/8.1.0.0"
        ]
      },
      "ResponseHeaders": {
        "Cache-Control": [
          "no-cache"
        ],
        "Date": [
          "Wed, 12 Sep 2018 10:29:23 GMT"
        ],
        "Pragma": [
          "no-cache"
        ],
        "Server": [
          "Microsoft-Azure-Storage-Resource-Provider/1.0,Microsoft-HTTPAPI/2.0 Microsoft-HTTPAPI/2.0"
        ],
        "x-ms-request-id": [
          "91841b1e-3ba4-4601-8c4e-7409d3193e62"
        ],
        "Strict-Transport-Security": [
          "max-age=31536000; includeSubDomains"
        ],
        "x-ms-ratelimit-remaining-subscription-reads": [
          "11995"
        ],
        "x-ms-correlation-request-id": [
          "c656a981-9be7-4a68-ba96-968ad160135a"
        ],
        "x-ms-routing-request-id": [
          "SOUTHEASTASIA:20180912T102923Z:c656a981-9be7-4a68-ba96-968ad160135a"
        ],
        "X-Content-Type-Options": [
          "nosniff"
        ],
        "Content-Length": [
          "998"
        ],
        "Content-Type": [
          "application/json"
        ],
        "Expires": [
          "-1"
        ]
      },
      "ResponseBody": "{\r\n  \"value\": [\r\n    {\r\n      \"id\": \"/subscriptions/45b60d85-fd72-427a-a708-f994d26e593e/resourceGroups/res5903/providers/Microsoft.Storage/storageAccounts/sto4387/blobServices/default/containers/container4444\",\r\n      \"name\": \"container4444\",\r\n      \"type\": \"Microsoft.Storage/storageAccounts/blobServices/containers\",\r\n      \"etag\": \"\\\"0x8D6189A9B5C919A\\\"\",\r\n      \"properties\": {\r\n        \"publicAccess\": \"None\",\r\n        \"leaseStatus\": \"Unlocked\",\r\n        \"leaseState\": \"Available\",\r\n        \"lastModifiedTime\": \"2018-09-12T10:29:23Z\",\r\n        \"hasImmutabilityPolicy\": false,\r\n        \"hasLegalHold\": false\r\n      }\r\n    },\r\n    {\r\n      \"id\": \"/subscriptions/45b60d85-fd72-427a-a708-f994d26e593e/resourceGroups/res5903/providers/Microsoft.Storage/storageAccounts/sto4387/blobServices/default/containers/container4939\",\r\n      \"name\": \"container4939\",\r\n      \"type\": \"Microsoft.Storage/storageAccounts/blobServices/containers\",\r\n      \"etag\": \"\\\"0x8D6189A9B052299\\\"\",\r\n      \"properties\": {\r\n        \"publicAccess\": \"Container\",\r\n        \"leaseStatus\": \"Unlocked\",\r\n        \"leaseState\": \"Available\",\r\n        \"lastModifiedTime\": \"2018-09-12T10:29:22Z\",\r\n        \"hasImmutabilityPolicy\": false,\r\n        \"hasLegalHold\": false\r\n      }\r\n    }\r\n  ]\r\n}",
      "StatusCode": 200
    },
    {
      "RequestUri": "/subscriptions/45b60d85-fd72-427a-a708-f994d26e593e/resourceGroups/res5903/providers/Microsoft.Storage/storageAccounts/sto4387?api-version=2018-07-01",
      "EncodedRequestUri": "L3N1YnNjcmlwdGlvbnMvNDViNjBkODUtZmQ3Mi00MjdhLWE3MDgtZjk5NGQyNmU1OTNlL3Jlc291cmNlR3JvdXBzL3JlczU5MDMvcHJvdmlkZXJzL01pY3Jvc29mdC5TdG9yYWdlL3N0b3JhZ2VBY2NvdW50cy9zdG80Mzg3P2FwaS12ZXJzaW9uPTIwMTgtMDctMDE=",
      "RequestMethod": "DELETE",
      "RequestBody": "",
      "RequestHeaders": {
        "x-ms-client-request-id": [
          "4659308c-2bc9-4707-bd12-cdca211d21f5"
        ],
        "accept-language": [
          "en-US"
        ],
        "User-Agent": [
          "FxVersion/4.6.26328.01",
          "Microsoft.Azure.Management.Storage.StorageManagementClient/8.1.0.0"
        ]
      },
      "ResponseHeaders": {
        "Cache-Control": [
          "no-cache"
        ],
        "Date": [
          "Wed, 12 Sep 2018 10:29:25 GMT"
        ],
        "Pragma": [
          "no-cache"
        ],
        "Server": [
          "Microsoft-Azure-Storage-Resource-Provider/1.0,Microsoft-HTTPAPI/2.0 Microsoft-HTTPAPI/2.0"
        ],
        "x-ms-request-id": [
          "da2e47fa-1865-4164-8f27-649ab5d10b67"
        ],
        "Strict-Transport-Security": [
          "max-age=31536000; includeSubDomains"
        ],
        "x-ms-ratelimit-remaining-subscription-deletes": [
          "14996"
        ],
        "x-ms-correlation-request-id": [
          "7edddd5b-a7d1-47aa-9a79-34780646e7b8"
        ],
        "x-ms-routing-request-id": [
          "SOUTHEASTASIA:20180912T102926Z:7edddd5b-a7d1-47aa-9a79-34780646e7b8"
        ],
        "X-Content-Type-Options": [
          "nosniff"
        ],
        "Content-Length": [
          "0"
        ],
        "Content-Type": [
          "text/plain; charset=utf-8"
        ],
        "Expires": [
          "-1"
        ]
      },
      "ResponseBody": "",
      "StatusCode": 200
    },
    {
      "RequestUri": "/subscriptions/45b60d85-fd72-427a-a708-f994d26e593e/resourcegroups/res5903?api-version=2015-11-01",
      "EncodedRequestUri": "L3N1YnNjcmlwdGlvbnMvNDViNjBkODUtZmQ3Mi00MjdhLWE3MDgtZjk5NGQyNmU1OTNlL3Jlc291cmNlZ3JvdXBzL3JlczU5MDM/YXBpLXZlcnNpb249MjAxNS0xMS0wMQ==",
      "RequestMethod": "DELETE",
      "RequestBody": "",
      "RequestHeaders": {
        "x-ms-client-request-id": [
          "dc180803-f34a-42a0-8f36-65d46a1a5fee"
        ],
        "accept-language": [
          "en-US"
        ],
        "User-Agent": [
          "FxVersion/4.6.25815.04",
          "Microsoft.Azure.Management.Resources.ResourceManagementClient/1.0.0.0"
        ]
      },
      "ResponseBody": "",
      "ResponseHeaders": {
        "Content-Length": [
          "0"
        ],
        "Expires": [
          "-1"
        ],
        "Cache-Control": [
          "no-cache"
        ],
        "Date": [
          "Thu, 24 May 2018 01:38:54 GMT"
        ],
        "Pragma": [
          "no-cache"
        ],
        "Location": [
          "https://management.azure.com/subscriptions/45b60d85-fd72-427a-a708-f994d26e593e/operationresults/eyJqb2JJZCI6IlJFU09VUkNFR1JPVVBERUxFVElPTkpPQi1SRVM4OTgzLUVBU1RVUzIiLCJqb2JMb2NhdGlvbiI6ImVhc3R1czIifQ?api-version=2015-11-01"
        ],
        "Retry-After": [
          "15"
        ],
        "x-ms-ratelimit-remaining-subscription-deletes": [
          "14997"
        ],
        "x-ms-request-id": [
          "490f7a41-df5d-4ffb-810a-ed68b7232f6e"
        ],
        "x-ms-correlation-request-id": [
          "490f7a41-df5d-4ffb-810a-ed68b7232f6e"
        ],
        "x-ms-routing-request-id": [
          "SOUTHEASTASIA:20180524T013855Z:490f7a41-df5d-4ffb-810a-ed68b7232f6e"
        ],
        "Strict-Transport-Security": [
          "max-age=31536000; includeSubDomains"
        ],
        "X-Content-Type-Options": [
          "nosniff"
        ]
      },
      "StatusCode": 202
    },
    {
      "RequestUri": "/subscriptions/45b60d85-fd72-427a-a708-f994d26e593e/operationresults/eyJqb2JJZCI6IlJFU09VUkNFR1JPVVBERUxFVElPTkpPQi1SRVM4OTgzLUVBU1RVUzIiLCJqb2JMb2NhdGlvbiI6ImVhc3R1czIifQ?api-version=2015-11-01",
      "EncodedRequestUri": "L3N1YnNjcmlwdGlvbnMvNDViNjBkODUtZmQ3Mi00MjdhLWE3MDgtZjk5NGQyNmU1OTNlL29wZXJhdGlvbnJlc3VsdHMvZXlKcWIySkpaQ0k2SWxKRlUwOVZVa05GUjFKUFZWQkVSVXhGVkVsUFRrcFBRaTFTUlZNNE9UZ3pMVVZCVTFSVlV6SWlMQ0pxYjJKTWIyTmhkR2x2YmlJNkltVmhjM1IxY3pJaWZRP2FwaS12ZXJzaW9uPTIwMTUtMTEtMDE=",
      "RequestMethod": "GET",
      "RequestBody": "",
      "RequestHeaders": {
        "User-Agent": [
          "FxVersion/4.6.25815.04",
          "Microsoft.Azure.Management.Resources.ResourceManagementClient/1.0.0.0"
        ]
      },
      "ResponseBody": "",
      "ResponseHeaders": {
        "Content-Length": [
          "0"
        ],
        "Expires": [
          "-1"
        ],
        "Cache-Control": [
          "no-cache"
        ],
        "Date": [
          "Thu, 24 May 2018 01:39:10 GMT"
        ],
        "Pragma": [
          "no-cache"
        ],
        "Location": [
          "https://management.azure.com/subscriptions/45b60d85-fd72-427a-a708-f994d26e593e/operationresults/eyJqb2JJZCI6IlJFU09VUkNFR1JPVVBERUxFVElPTkpPQi1SRVM4OTgzLUVBU1RVUzIiLCJqb2JMb2NhdGlvbiI6ImVhc3R1czIifQ?api-version=2015-11-01"
        ],
        "Retry-After": [
          "15"
        ],
        "x-ms-ratelimit-remaining-subscription-reads": [
          "14997"
        ],
        "x-ms-request-id": [
          "001bc9a6-f230-465b-b078-74d25707ec2c"
        ],
        "x-ms-correlation-request-id": [
          "001bc9a6-f230-465b-b078-74d25707ec2c"
        ],
        "x-ms-routing-request-id": [
          "SOUTHEASTASIA:20180524T013910Z:001bc9a6-f230-465b-b078-74d25707ec2c"
        ],
        "Strict-Transport-Security": [
          "max-age=31536000; includeSubDomains"
        ],
        "X-Content-Type-Options": [
          "nosniff"
        ]
      },
      "StatusCode": 202
    },
    {
      "RequestUri": "/subscriptions/45b60d85-fd72-427a-a708-f994d26e593e/operationresults/eyJqb2JJZCI6IlJFU09VUkNFR1JPVVBERUxFVElPTkpPQi1SRVM4OTgzLUVBU1RVUzIiLCJqb2JMb2NhdGlvbiI6ImVhc3R1czIifQ?api-version=2015-11-01",
      "EncodedRequestUri": "L3N1YnNjcmlwdGlvbnMvNDViNjBkODUtZmQ3Mi00MjdhLWE3MDgtZjk5NGQyNmU1OTNlL29wZXJhdGlvbnJlc3VsdHMvZXlKcWIySkpaQ0k2SWxKRlUwOVZVa05GUjFKUFZWQkVSVXhGVkVsUFRrcFBRaTFTUlZNNE9UZ3pMVVZCVTFSVlV6SWlMQ0pxYjJKTWIyTmhkR2x2YmlJNkltVmhjM1IxY3pJaWZRP2FwaS12ZXJzaW9uPTIwMTUtMTEtMDE=",
      "RequestMethod": "GET",
      "RequestBody": "",
      "RequestHeaders": {
        "User-Agent": [
          "FxVersion/4.6.25815.04",
          "Microsoft.Azure.Management.Resources.ResourceManagementClient/1.0.0.0"
        ]
      },
      "ResponseBody": "",
      "ResponseHeaders": {
        "Content-Length": [
          "0"
        ],
        "Expires": [
          "-1"
        ],
        "Cache-Control": [
          "no-cache"
        ],
        "Date": [
          "Thu, 24 May 2018 01:39:26 GMT"
        ],
        "Pragma": [
          "no-cache"
        ],
        "Location": [
          "https://management.azure.com/subscriptions/45b60d85-fd72-427a-a708-f994d26e593e/operationresults/eyJqb2JJZCI6IlJFU09VUkNFR1JPVVBERUxFVElPTkpPQi1SRVM4OTgzLUVBU1RVUzIiLCJqb2JMb2NhdGlvbiI6ImVhc3R1czIifQ?api-version=2015-11-01"
        ],
        "Retry-After": [
          "15"
        ],
        "x-ms-ratelimit-remaining-subscription-reads": [
          "14996"
        ],
        "x-ms-request-id": [
          "596c2fc1-6e40-4e4d-9032-f43be14baae2"
        ],
        "x-ms-correlation-request-id": [
          "596c2fc1-6e40-4e4d-9032-f43be14baae2"
        ],
        "x-ms-routing-request-id": [
          "SOUTHEASTASIA:20180524T013926Z:596c2fc1-6e40-4e4d-9032-f43be14baae2"
        ],
        "Strict-Transport-Security": [
          "max-age=31536000; includeSubDomains"
        ],
        "X-Content-Type-Options": [
          "nosniff"
        ]
      },
      "StatusCode": 202
    },
    {
      "RequestUri": "/subscriptions/45b60d85-fd72-427a-a708-f994d26e593e/operationresults/eyJqb2JJZCI6IlJFU09VUkNFR1JPVVBERUxFVElPTkpPQi1SRVM4OTgzLUVBU1RVUzIiLCJqb2JMb2NhdGlvbiI6ImVhc3R1czIifQ?api-version=2015-11-01",
      "EncodedRequestUri": "L3N1YnNjcmlwdGlvbnMvNDViNjBkODUtZmQ3Mi00MjdhLWE3MDgtZjk5NGQyNmU1OTNlL29wZXJhdGlvbnJlc3VsdHMvZXlKcWIySkpaQ0k2SWxKRlUwOVZVa05GUjFKUFZWQkVSVXhGVkVsUFRrcFBRaTFTUlZNNE9UZ3pMVVZCVTFSVlV6SWlMQ0pxYjJKTWIyTmhkR2x2YmlJNkltVmhjM1IxY3pJaWZRP2FwaS12ZXJzaW9uPTIwMTUtMTEtMDE=",
      "RequestMethod": "GET",
      "RequestBody": "",
      "RequestHeaders": {
        "User-Agent": [
          "FxVersion/4.6.25815.04",
          "Microsoft.Azure.Management.Resources.ResourceManagementClient/1.0.0.0"
        ]
      },
      "ResponseBody": "",
      "ResponseHeaders": {
        "Content-Length": [
          "0"
        ],
        "Expires": [
          "-1"
        ],
        "Cache-Control": [
          "no-cache"
        ],
        "Date": [
          "Thu, 24 May 2018 01:39:41 GMT"
        ],
        "Pragma": [
          "no-cache"
        ],
        "x-ms-ratelimit-remaining-subscription-reads": [
          "14995"
        ],
        "x-ms-request-id": [
          "230202dd-a31d-42d3-ae90-aa5d7f6a39e2"
        ],
        "x-ms-correlation-request-id": [
          "230202dd-a31d-42d3-ae90-aa5d7f6a39e2"
        ],
        "x-ms-routing-request-id": [
          "SOUTHEASTASIA:20180524T013941Z:230202dd-a31d-42d3-ae90-aa5d7f6a39e2"
        ],
        "Strict-Transport-Security": [
          "max-age=31536000; includeSubDomains"
        ],
        "X-Content-Type-Options": [
          "nosniff"
        ]
      },
      "StatusCode": 200
    },
    {
      "RequestUri": "/subscriptions/45b60d85-fd72-427a-a708-f994d26e593e/operationresults/eyJqb2JJZCI6IlJFU09VUkNFR1JPVVBERUxFVElPTkpPQi1SRVM4OTgzLUVBU1RVUzIiLCJqb2JMb2NhdGlvbiI6ImVhc3R1czIifQ?api-version=2015-11-01",
      "EncodedRequestUri": "L3N1YnNjcmlwdGlvbnMvNDViNjBkODUtZmQ3Mi00MjdhLWE3MDgtZjk5NGQyNmU1OTNlL29wZXJhdGlvbnJlc3VsdHMvZXlKcWIySkpaQ0k2SWxKRlUwOVZVa05GUjFKUFZWQkVSVXhGVkVsUFRrcFBRaTFTUlZNNE9UZ3pMVVZCVTFSVlV6SWlMQ0pxYjJKTWIyTmhkR2x2YmlJNkltVmhjM1IxY3pJaWZRP2FwaS12ZXJzaW9uPTIwMTUtMTEtMDE=",
      "RequestMethod": "GET",
      "RequestBody": "",
      "RequestHeaders": {
        "User-Agent": [
          "FxVersion/4.6.25815.04",
          "Microsoft.Azure.Management.Resources.ResourceManagementClient/1.0.0.0"
        ]
      },
      "ResponseBody": "",
      "ResponseHeaders": {
        "Content-Length": [
          "0"
        ],
        "Expires": [
          "-1"
        ],
        "Cache-Control": [
          "no-cache"
        ],
        "Date": [
          "Thu, 24 May 2018 01:39:41 GMT"
        ],
        "Pragma": [
          "no-cache"
        ],
        "x-ms-ratelimit-remaining-subscription-reads": [
          "14994"
        ],
        "x-ms-request-id": [
          "f8888988-f607-4334-b38a-fc1eb55bdc02"
        ],
        "x-ms-correlation-request-id": [
          "f8888988-f607-4334-b38a-fc1eb55bdc02"
        ],
        "x-ms-routing-request-id": [
          "SOUTHEASTASIA:20180524T013942Z:f8888988-f607-4334-b38a-fc1eb55bdc02"
        ],
        "Strict-Transport-Security": [
          "max-age=31536000; includeSubDomains"
        ],
        "X-Content-Type-Options": [
          "nosniff"
        ]
      },
      "StatusCode": 200
    }
  ],
  "Names": {
    "CreateResourceGroup": [
      "res5903"
    ],
    "BlobContainersListTest": [
      "sto4387",
      "container4939",
      "container4444"
    ]
  },
  "Variables": {
    "SubscriptionId": "45b60d85-fd72-427a-a708-f994d26e593e"
  }
}