{
  "Entries": [
    {
      "RequestUri": "https://management.azure.com/subscriptions/db1ab6f0-4769-4b27-930e-01e2ef9c123c?api-version=2021-01-01",
      "RequestMethod": "GET",
      "RequestHeaders": {
        "Accept": "application/json",
        "Authorization": "Sanitized",
        "traceparent": "00-4d8423ea05d888e37819cddff47bc306-1cf50652c8be323a-00",
        "User-Agent": "azsdk-net-ResourceManager/1.3.0-alpha.20220801.2 (.NET 6.0.8; Microsoft Windows 10.0.22000)",
        "x-ms-client-request-id": "5ab9791dd59a3b13774c62ebc4b6146e",
        "x-ms-return-client-request-id": "true"
      },
      "RequestBody": null,
      "StatusCode": 200,
      "ResponseHeaders": {
        "Cache-Control": "no-cache",
        "Content-Length": "747",
        "Content-Type": "application/json; charset=utf-8",
        "Date": "Wed, 10 Aug 2022 22:29:39 GMT",
        "Expires": "-1",
        "Pragma": "no-cache",
        "Strict-Transport-Security": "max-age=31536000; includeSubDomains",
        "X-Content-Type-Options": "nosniff",
        "x-ms-correlation-request-id": "2227a241-473e-4b92-b6ed-6c04b14fd9fd",
        "x-ms-ratelimit-remaining-subscription-reads": "11993",
        "x-ms-request-id": "2227a241-473e-4b92-b6ed-6c04b14fd9fd",
        "x-ms-routing-request-id": "WESTUS2:20220810T222939Z:2227a241-473e-4b92-b6ed-6c04b14fd9fd"
      },
      "ResponseBody": {
        "id": "/subscriptions/db1ab6f0-4769-4b27-930e-01e2ef9c123c",
        "authorizationSource": "RoleBased",
        "managedByTenants": [],
        "tags": {
          "TagKey-9823": "TagValue-566",
          "TagKey-3481": "TagValue-320",
          "TagKey-4926": "TagValue-1187",
          "TagKey-751": "TagValue-3921",
          "TagKey-1866": "TagValue-8559",
          "TagKey-3094": "TagValue-9190",
          "TagKey-2449": "TagValue-9",
          "TagKey-8379": "TagValue-164",
          "TagKey-7470": "TagValue-2205",
          "TagKey-4236": "TagValue-3698",
          "TagKey-5316": "TagValue-2725"
        },
        "subscriptionId": "db1ab6f0-4769-4b27-930e-01e2ef9c123c",
        "tenantId": "72f988bf-86f1-41af-91ab-2d7cd011db47",
        "displayName": ".NET Mgmt SDK Test with TTL = 1 Day",
        "state": "Enabled",
        "subscriptionPolicies": {
          "locationPlacementId": "Internal_2014-09-01",
          "quotaId": "Internal_2014-09-01",
          "spendingLimit": "Off"
        }
      }
    },
    {
      "RequestUri": "https://management.azure.com/subscriptions/db1ab6f0-4769-4b27-930e-01e2ef9c123c/resourcegroups/testRG-9603?api-version=2021-04-01",
      "RequestMethod": "PUT",
      "RequestHeaders": {
        "Accept": "application/json",
        "Authorization": "Sanitized",
        "Content-Length": "43",
        "Content-Type": "application/json",
        "traceparent": "00-1f4371ab7eedccc5d7388914fd516310-f6ebcb0706e4dcfa-00",
        "User-Agent": "azsdk-net-ResourceManager/1.3.0-alpha.20220801.2 (.NET 6.0.8; Microsoft Windows 10.0.22000)",
        "x-ms-client-request-id": "ad74d27aee3d4314c08d67dc04d0995e",
        "x-ms-return-client-request-id": "true"
      },
      "RequestBody": {
        "tags": {
          "test": "env"
        },
        "location": "eastus"
      },
      "StatusCode": 201,
      "ResponseHeaders": {
        "Cache-Control": "no-cache",
        "Content-Length": "241",
        "Content-Type": "application/json; charset=utf-8",
        "Date": "Wed, 10 Aug 2022 22:29:39 GMT",
        "Expires": "-1",
        "Pragma": "no-cache",
        "Strict-Transport-Security": "max-age=31536000; includeSubDomains",
        "X-Content-Type-Options": "nosniff",
        "x-ms-correlation-request-id": "f9f38846-504f-4834-83fa-0f5968165bb7",
        "x-ms-ratelimit-remaining-subscription-writes": "1196",
        "x-ms-request-id": "f9f38846-504f-4834-83fa-0f5968165bb7",
        "x-ms-routing-request-id": "WESTUS2:20220810T222940Z:f9f38846-504f-4834-83fa-0f5968165bb7"
      },
      "ResponseBody": {
        "id": "/subscriptions/db1ab6f0-4769-4b27-930e-01e2ef9c123c/resourceGroups/testRG-9603",
        "name": "testRG-9603",
        "type": "Microsoft.Resources/resourceGroups",
        "location": "eastus",
        "tags": {
          "test": "env"
        },
        "properties": {
          "provisioningState": "Succeeded"
        }
      }
    },
    {
      "RequestUri": "https://management.azure.com/subscriptions/db1ab6f0-4769-4b27-930e-01e2ef9c123c/resourceGroups/testRG-9603/providers/Microsoft.Compute/galleries/testGallery_1249?api-version=2022-01-03",
      "RequestMethod": "PUT",
      "RequestHeaders": {
        "Accept": "application/json",
        "Authorization": "Sanitized",
        "Content-Length": "47",
        "Content-Type": "application/json",
        "traceparent": "00-95b365c1ff5e7b692d2ab2f037ba02ca-6df93af1a4910c09-00",
        "User-Agent": "azsdk-net-ResourceManager.Compute/1.1.0-alpha.20220810.1 (.NET 6.0.8; Microsoft Windows 10.0.22000)",
        "x-ms-client-request-id": "8cf6d6b05350d47db199ce493daadc9e",
        "x-ms-return-client-request-id": "true"
      },
      "RequestBody": {
        "tags": {},
        "location": "eastus",
        "properties": {}
      },
      "StatusCode": 201,
      "ResponseHeaders": {
        "Azure-AsyncOperation": "https://management.azure.com/subscriptions/db1ab6f0-4769-4b27-930e-01e2ef9c123c/providers/Microsoft.Compute/locations/eastus/capsOperations/df261679-2a81-4151-a64f-467fe7b2fce2?api-version=2022-01-03",
        "Cache-Control": "no-cache",
        "Content-Length": "430",
        "Content-Type": "application/json; charset=utf-8",
        "Date": "Wed, 10 Aug 2022 22:29:40 GMT",
        "Expires": "-1",
        "Pragma": "no-cache",
        "Server": [
          "Microsoft-HTTPAPI/2.0",
          "Microsoft-HTTPAPI/2.0"
        ],
        "Strict-Transport-Security": "max-age=31536000; includeSubDomains",
        "X-Content-Type-Options": "nosniff",
        "x-ms-client-request-id": "8cf6d6b05350d47db199ce493daadc9e",
        "x-ms-correlation-request-id": "f45a0ebf-1835-4a92-b80a-6e2724902ec0",
        "x-ms-ratelimit-remaining-resource": "Microsoft.Compute/CreateUpdateGallery3Min;40,Microsoft.Compute/CreateUpdateGallery30Min;286",
        "x-ms-ratelimit-remaining-subscription-writes": "1195",
        "x-ms-request-id": "df261679-2a81-4151-a64f-467fe7b2fce2",
        "x-ms-routing-request-id": "WESTUS2:20220810T222941Z:f45a0ebf-1835-4a92-b80a-6e2724902ec0",
        "x-ms-served-by": "93349dd3-1a08-407f-a5f3-141bfca8f802_133024878041576459,93349dd3-1a08-407f-a5f3-141bfca8f802_133024878041576459"
      },
      "ResponseBody": {
        "name": "testGallery_1249",
        "id": "/subscriptions/db1ab6f0-4769-4b27-930e-01e2ef9c123c/resourceGroups/testRG-9603/providers/Microsoft.Compute/galleries/testGallery_1249",
        "type": "Microsoft.Compute/galleries",
        "location": "eastus",
        "tags": {},
        "properties": {
          "identifier": {
            "uniqueName": "db1ab6f0-4769-4b27-930e-01e2ef9c123c-TESTGALLERY_1249"
          },
          "provisioningState": "Creating"
        }
      }
    },
    {
      "RequestUri": "https://management.azure.com/subscriptions/db1ab6f0-4769-4b27-930e-01e2ef9c123c/providers/Microsoft.Compute/locations/eastus/capsOperations/df261679-2a81-4151-a64f-467fe7b2fce2?api-version=2022-01-03",
      "RequestMethod": "GET",
      "RequestHeaders": {
        "Authorization": "Sanitized",
        "traceparent": "00-95b365c1ff5e7b692d2ab2f037ba02ca-87696bdb528cd6f3-00",
        "User-Agent": "azsdk-net-ResourceManager/1.3.0-alpha.20220801.2 (.NET 6.0.8; Microsoft Windows 10.0.22000)",
        "x-ms-client-request-id": "3d066551937726e554a0fca41fca0616",
        "x-ms-return-client-request-id": "true"
      },
      "RequestBody": null,
      "StatusCode": 200,
      "ResponseHeaders": {
        "Cache-Control": "no-cache",
        "Content-Length": "184",
        "Content-Type": "application/json; charset=utf-8",
        "Date": "Wed, 10 Aug 2022 22:29:40 GMT",
        "Expires": "-1",
        "Pragma": "no-cache",
        "Server": [
          "Microsoft-HTTPAPI/2.0",
          "Microsoft-HTTPAPI/2.0"
        ],
        "Strict-Transport-Security": "max-age=31536000; includeSubDomains",
        "X-Content-Type-Options": "nosniff",
        "x-ms-client-request-id": "3d066551937726e554a0fca41fca0616",
        "x-ms-correlation-request-id": "9c3ab11c-de86-4260-bf6f-a37c7a4aff75",
        "x-ms-ratelimit-remaining-resource": "Microsoft.Compute/GetOperationStatus3Min;1113,Microsoft.Compute/GetOperationStatus30Min;4088",
        "x-ms-ratelimit-remaining-subscription-reads": "11992",
        "x-ms-request-id": "f3c7e46d-1e0a-4fd0-9ed4-d20e62a68962",
        "x-ms-routing-request-id": "WESTUS2:20220810T222941Z:9c3ab11c-de86-4260-bf6f-a37c7a4aff75",
        "x-ms-served-by": "93349dd3-1a08-407f-a5f3-141bfca8f802_133024878041576459,93349dd3-1a08-407f-a5f3-141bfca8f802_133024878041576459"
      },
      "ResponseBody": {
        "startTime": "2022-08-10T22:29:40.9179989\u002B00:00",
        "endTime": "2022-08-10T22:29:41.0117229\u002B00:00",
        "status": "Succeeded",
        "name": "df261679-2a81-4151-a64f-467fe7b2fce2"
      }
    },
    {
      "RequestUri": "https://management.azure.com/subscriptions/db1ab6f0-4769-4b27-930e-01e2ef9c123c/resourceGroups/testRG-9603/providers/Microsoft.Compute/galleries/testGallery_1249?api-version=2022-01-03",
      "RequestMethod": "GET",
      "RequestHeaders": {
        "Authorization": "Sanitized",
        "traceparent": "00-95b365c1ff5e7b692d2ab2f037ba02ca-2c4e621b42c1e579-00",
        "User-Agent": "azsdk-net-ResourceManager/1.3.0-alpha.20220801.2 (.NET 6.0.8; Microsoft Windows 10.0.22000)",
        "x-ms-client-request-id": "588dc8b0a5c340e19a2b46f93ff80016",
        "x-ms-return-client-request-id": "true"
      },
      "RequestBody": null,
      "StatusCode": 200,
      "ResponseHeaders": {
        "Cache-Control": "no-cache",
        "Content-Length": "431",
        "Content-Type": "application/json; charset=utf-8",
        "Date": "Wed, 10 Aug 2022 22:29:40 GMT",
        "Expires": "-1",
        "Pragma": "no-cache",
        "Server": [
          "Microsoft-HTTPAPI/2.0",
          "Microsoft-HTTPAPI/2.0"
        ],
        "Strict-Transport-Security": "max-age=31536000; includeSubDomains",
        "X-Content-Type-Options": "nosniff",
        "x-ms-client-request-id": "588dc8b0a5c340e19a2b46f93ff80016",
        "x-ms-correlation-request-id": "e6812fe6-2738-4e4d-aadf-6293e9d4e6b1",
        "x-ms-ratelimit-remaining-resource": "Microsoft.Compute/GetGallery3Min;288,Microsoft.Compute/GetGallery30Min;2421",
        "x-ms-ratelimit-remaining-subscription-reads": "11991",
        "x-ms-request-id": "8f763e25-0f54-4cb3-ab9b-33809591da26",
        "x-ms-routing-request-id": "WESTUS2:20220810T222941Z:e6812fe6-2738-4e4d-aadf-6293e9d4e6b1",
        "x-ms-served-by": "93349dd3-1a08-407f-a5f3-141bfca8f802_133024878041576459,93349dd3-1a08-407f-a5f3-141bfca8f802_133024878041576459"
      },
      "ResponseBody": {
        "name": "testGallery_1249",
        "id": "/subscriptions/db1ab6f0-4769-4b27-930e-01e2ef9c123c/resourceGroups/testRG-9603/providers/Microsoft.Compute/galleries/testGallery_1249",
        "type": "Microsoft.Compute/galleries",
        "location": "eastus",
        "tags": {},
        "properties": {
          "identifier": {
            "uniqueName": "db1ab6f0-4769-4b27-930e-01e2ef9c123c-TESTGALLERY_1249"
          },
          "provisioningState": "Succeeded"
        }
      }
    },
    {
      "RequestUri": "https://management.azure.com/subscriptions/db1ab6f0-4769-4b27-930e-01e2ef9c123c/resourceGroups/testRG-9603/providers/Microsoft.Compute/galleries/testGallery_1249?api-version=2022-01-03",
      "RequestMethod": "GET",
      "RequestHeaders": {
        "Accept": "application/json",
        "Authorization": "Sanitized",
        "traceparent": "00-afd59cc04f289b2e570cd30f962fc0c9-c897c56015b58cd8-00",
        "User-Agent": "azsdk-net-ResourceManager.Compute/1.1.0-alpha.20220810.1 (.NET 6.0.8; Microsoft Windows 10.0.22000)",
        "x-ms-client-request-id": "d7f83c519ea3bb26c6e69edd7398ab7b",
        "x-ms-return-client-request-id": "true"
      },
      "RequestBody": null,
      "StatusCode": 200,
      "ResponseHeaders": {
        "Cache-Control": "no-cache",
        "Content-Length": "431",
        "Content-Type": "application/json; charset=utf-8",
        "Date": "Wed, 10 Aug 2022 22:29:41 GMT",
        "Expires": "-1",
        "Pragma": "no-cache",
        "Server": [
          "Microsoft-HTTPAPI/2.0",
          "Microsoft-HTTPAPI/2.0"
        ],
        "Strict-Transport-Security": "max-age=31536000; includeSubDomains",
        "X-Content-Type-Options": "nosniff",
        "x-ms-client-request-id": "d7f83c519ea3bb26c6e69edd7398ab7b",
        "x-ms-correlation-request-id": "dff225b4-5bdf-40d3-b049-8882239922ae",
        "x-ms-ratelimit-remaining-resource": "Microsoft.Compute/GetGallery3Min;287,Microsoft.Compute/GetGallery30Min;2420",
        "x-ms-ratelimit-remaining-subscription-reads": "11990",
        "x-ms-request-id": "857adacc-bfc8-495b-b205-4863f23e4497",
        "x-ms-routing-request-id": "WESTUS2:20220810T222941Z:dff225b4-5bdf-40d3-b049-8882239922ae",
        "x-ms-served-by": "93349dd3-1a08-407f-a5f3-141bfca8f802_133024878041576459,93349dd3-1a08-407f-a5f3-141bfca8f802_133024878041576459"
      },
      "ResponseBody": {
        "name": "testGallery_1249",
        "id": "/subscriptions/db1ab6f0-4769-4b27-930e-01e2ef9c123c/resourceGroups/testRG-9603/providers/Microsoft.Compute/galleries/testGallery_1249",
        "type": "Microsoft.Compute/galleries",
        "location": "eastus",
        "tags": {},
        "properties": {
          "identifier": {
            "uniqueName": "db1ab6f0-4769-4b27-930e-01e2ef9c123c-TESTGALLERY_1249"
          },
          "provisioningState": "Succeeded"
        }
      }
    },
    {
      "RequestUri": "https://management.azure.com/subscriptions/db1ab6f0-4769-4b27-930e-01e2ef9c123c/resourceGroups/testRG-9603/providers/Microsoft.Compute/galleries/testGallery_1249?api-version=2022-01-03",
      "RequestMethod": "PATCH",
      "RequestHeaders": {
        "Accept": "application/json",
        "Authorization": "Sanitized",
        "Content-Length": "40",
        "Content-Type": "application/json",
        "traceparent": "00-afd59cc04f289b2e570cd30f962fc0c9-5ca67d69fba0a870-00",
        "User-Agent": "azsdk-net-ResourceManager.Compute/1.1.0-alpha.20220810.1 (.NET 6.0.8; Microsoft Windows 10.0.22000)",
        "x-ms-client-request-id": "0bd4fd4fef0cabce84c5a34c4dece75c",
        "x-ms-return-client-request-id": "true"
      },
      "RequestBody": {
        "tags": {
          "key": "value"
        },
        "properties": {}
      },
      "StatusCode": 200,
      "ResponseHeaders": {
        "Azure-AsyncOperation": "https://management.azure.com/subscriptions/db1ab6f0-4769-4b27-930e-01e2ef9c123c/providers/Microsoft.Compute/locations/eastus/capsOperations/d3aa2a83-68f3-49a2-a938-3bd722281768?api-version=2022-01-03",
        "Cache-Control": "no-cache",
        "Content-Length": "455",
        "Content-Type": "application/json; charset=utf-8",
        "Date": "Wed, 10 Aug 2022 22:29:41 GMT",
        "Expires": "-1",
        "Pragma": "no-cache",
        "Server": [
          "Microsoft-HTTPAPI/2.0",
          "Microsoft-HTTPAPI/2.0"
        ],
        "Strict-Transport-Security": "max-age=31536000; includeSubDomains",
        "X-Content-Type-Options": "nosniff",
        "x-ms-client-request-id": "0bd4fd4fef0cabce84c5a34c4dece75c",
        "x-ms-correlation-request-id": "3f8bdcee-99c8-4d52-b7bb-89680cd040b4",
        "x-ms-ratelimit-remaining-resource": "Microsoft.Compute/CreateUpdateGallery3Min;39,Microsoft.Compute/CreateUpdateGallery30Min;285",
        "x-ms-ratelimit-remaining-subscription-writes": "1194",
        "x-ms-request-id": "d3aa2a83-68f3-49a2-a938-3bd722281768",
        "x-ms-routing-request-id": "WESTUS2:20220810T222942Z:3f8bdcee-99c8-4d52-b7bb-89680cd040b4",
        "x-ms-served-by": "93349dd3-1a08-407f-a5f3-141bfca8f802_133024878041576459,93349dd3-1a08-407f-a5f3-141bfca8f802_133024878041576459"
      },
      "ResponseBody": {
        "name": "testGallery_1249",
        "id": "/subscriptions/db1ab6f0-4769-4b27-930e-01e2ef9c123c/resourceGroups/testRG-9603/providers/Microsoft.Compute/galleries/testGallery_1249",
        "type": "Microsoft.Compute/galleries",
        "location": "eastus",
        "tags": {
          "key": "value"
        },
        "properties": {
          "identifier": {
            "uniqueName": "db1ab6f0-4769-4b27-930e-01e2ef9c123c-TESTGALLERY_1249"
          },
          "provisioningState": "Succeeded"
        }
      }
    }
  ],
  "Variables": {
    "AZURE_AUTHORITY_HOST": "https://login.microsoftonline.com",
    "RandomSeed": "496198824",
    "RESOURCE_MANAGER_URL": null,
    "SUBSCRIPTION_ID": "db1ab6f0-4769-4b27-930e-01e2ef9c123c"
  }
}
