{
  "Entries": [
    {
      "RequestUri": "https://management.azure.com/subscriptions/db1ab6f0-4769-4b27-930e-01e2ef9c123c?api-version=2021-01-01",
      "RequestMethod": "GET",
      "RequestHeaders": {
        "Accept": "application/json",
        "Authorization": "Sanitized",
        "traceparent": "00-c1b8338bd80f6556b9a45698e0b0fce9-46279250f85cc966-00",
        "User-Agent": "azsdk-net-ResourceManager/1.3.1 (.NET 6.0.9; Microsoft Windows 10.0.22623)",
        "x-ms-client-request-id": "300d76e89f0ae57cbf8a446ecac189f8",
        "x-ms-return-client-request-id": "true"
      },
      "RequestBody": null,
      "StatusCode": 200,
      "ResponseHeaders": {
        "Cache-Control": "no-cache",
        "Content-Length": "747",
        "Content-Type": "application/json; charset=utf-8",
        "Date": "Mon, 03 Oct 2022 03:35:47 GMT",
        "Expires": "-1",
        "Pragma": "no-cache",
        "Strict-Transport-Security": "max-age=31536000; includeSubDomains",
        "X-Content-Type-Options": "nosniff",
        "x-ms-correlation-request-id": "1f39ece1-027b-4bdb-ae5a-f71a2d532872",
        "x-ms-ratelimit-remaining-subscription-reads": "11993",
        "x-ms-request-id": "1f39ece1-027b-4bdb-ae5a-f71a2d532872",
        "x-ms-routing-request-id": "JAPANEAST:20221003T033548Z:1f39ece1-027b-4bdb-ae5a-f71a2d532872"
      },
      "ResponseBody": {
        "id": "/subscriptions/db1ab6f0-4769-4b27-930e-01e2ef9c123c",
        "authorizationSource": "RoleBased",
        "managedByTenants": [],
        "tags": {
          "TagKey-9823": "TagValue-566",
          "TagKey-3481": "TagValue-320",
          "TagKey-4926": "TagValue-1187",
          "TagKey-751": "TagValue-3921",
          "TagKey-1866": "TagValue-8559",
          "TagKey-3094": "TagValue-9190",
          "TagKey-2449": "TagValue-9",
          "TagKey-8379": "TagValue-164",
          "TagKey-7470": "TagValue-2205",
          "TagKey-4236": "TagValue-3698",
          "TagKey-5316": "TagValue-2725"
        },
        "subscriptionId": "db1ab6f0-4769-4b27-930e-01e2ef9c123c",
        "tenantId": "72f988bf-86f1-41af-91ab-2d7cd011db47",
        "displayName": ".NET Mgmt SDK Test with TTL = 1 Day",
        "state": "Enabled",
        "subscriptionPolicies": {
          "locationPlacementId": "Internal_2014-09-01",
          "quotaId": "Internal_2014-09-01",
          "spendingLimit": "Off"
        }
      }
    },
    {
      "RequestUri": "https://management.azure.com/subscriptions/db1ab6f0-4769-4b27-930e-01e2ef9c123c/resourcegroups/testRG-3270?api-version=2021-04-01",
      "RequestMethod": "PUT",
      "RequestHeaders": {
        "Accept": "application/json",
        "Authorization": "Sanitized",
        "Content-Length": "43",
        "Content-Type": "application/json",
        "traceparent": "00-9b3bb279e3d6823f7421b2611592cbe1-aafc5f10b7d32835-00",
        "User-Agent": "azsdk-net-ResourceManager/1.3.1 (.NET 6.0.9; Microsoft Windows 10.0.22623)",
        "x-ms-client-request-id": "11dd3b39342c80dab807b1acf237479a",
        "x-ms-return-client-request-id": "true"
      },
      "RequestBody": {
        "tags": {
          "test": "env"
        },
        "location": "eastus"
      },
      "StatusCode": 201,
      "ResponseHeaders": {
        "Cache-Control": "no-cache",
        "Content-Length": "241",
        "Content-Type": "application/json; charset=utf-8",
        "Date": "Mon, 03 Oct 2022 03:35:49 GMT",
        "Expires": "-1",
        "Pragma": "no-cache",
        "Strict-Transport-Security": "max-age=31536000; includeSubDomains",
        "X-Content-Type-Options": "nosniff",
        "x-ms-correlation-request-id": "fe45c2e9-9543-4727-bd04-2d2d72e8cade",
        "x-ms-ratelimit-remaining-subscription-writes": "1196",
        "x-ms-request-id": "fe45c2e9-9543-4727-bd04-2d2d72e8cade",
        "x-ms-routing-request-id": "JAPANEAST:20221003T033550Z:fe45c2e9-9543-4727-bd04-2d2d72e8cade"
      },
      "ResponseBody": {
        "id": "/subscriptions/db1ab6f0-4769-4b27-930e-01e2ef9c123c/resourceGroups/testRG-3270",
        "name": "testRG-3270",
        "type": "Microsoft.Resources/resourceGroups",
        "location": "eastus",
        "tags": {
          "test": "env"
        },
        "properties": {
          "provisioningState": "Succeeded"
        }
      }
    },
    {
      "RequestUri": "https://management.azure.com/subscriptions/db1ab6f0-4769-4b27-930e-01e2ef9c123c/resourceGroups/testRG-3270/providers/Microsoft.Compute/galleries/testGallery_1239?api-version=2022-03-03",
      "RequestMethod": "PUT",
      "RequestHeaders": {
        "Accept": "application/json",
        "Authorization": "Sanitized",
        "Content-Length": "47",
        "Content-Type": "application/json",
        "traceparent": "00-265181f0055e2b2f87310ffae6266735-d366a9fdb021bd94-00",
        "User-Agent": "azsdk-net-ResourceManager.Compute/1.1.0-alpha.20221003.1 (.NET 6.0.9; Microsoft Windows 10.0.22623)",
        "x-ms-client-request-id": "181a3804f6eaffe81b3ae2a26b03e8e5",
        "x-ms-return-client-request-id": "true"
      },
      "RequestBody": {
        "tags": {},
        "location": "eastus",
        "properties": {}
      },
      "StatusCode": 201,
      "ResponseHeaders": {
        "Azure-AsyncOperation": "https://management.azure.com/subscriptions/db1ab6f0-4769-4b27-930e-01e2ef9c123c/providers/Microsoft.Compute/locations/eastus/capsOperations/fa5e2a9a-82c3-4636-b5f8-c7890b6c60c5?api-version=2022-03-03",
        "Cache-Control": "no-cache",
        "Content-Length": "430",
        "Content-Type": "application/json; charset=utf-8",
        "Date": "Mon, 03 Oct 2022 03:35:51 GMT",
        "Expires": "-1",
        "Pragma": "no-cache",
        "Server": [
          "Microsoft-HTTPAPI/2.0",
          "Microsoft-HTTPAPI/2.0"
        ],
        "Strict-Transport-Security": "max-age=31536000; includeSubDomains",
        "X-Content-Type-Options": "nosniff",
        "x-ms-client-request-id": "181a3804f6eaffe81b3ae2a26b03e8e5",
        "x-ms-correlation-request-id": "fe2f55fe-a18d-497e-82cc-448fdeec7fa7",
        "x-ms-ratelimit-remaining-resource": "Microsoft.Compute/CreateUpdateGallery3Min;46,Microsoft.Compute/CreateUpdateGallery30Min;296",
        "x-ms-ratelimit-remaining-subscription-writes": "1195",
        "x-ms-request-id": "fa5e2a9a-82c3-4636-b5f8-c7890b6c60c5",
        "x-ms-routing-request-id": "JAPANEAST:20221003T033552Z:fe2f55fe-a18d-497e-82cc-448fdeec7fa7",
        "x-ms-served-by": "93349dd3-1a08-407f-a5f3-141bfca8f802_132954984544377610,93349dd3-1a08-407f-a5f3-141bfca8f802_132954984544377610"
      },
      "ResponseBody": {
        "name": "testGallery_1239",
        "id": "/subscriptions/db1ab6f0-4769-4b27-930e-01e2ef9c123c/resourceGroups/testRG-3270/providers/Microsoft.Compute/galleries/testGallery_1239",
        "type": "Microsoft.Compute/galleries",
        "location": "eastus",
        "tags": {},
        "properties": {
          "identifier": {
            "uniqueName": "db1ab6f0-4769-4b27-930e-01e2ef9c123c-TESTGALLERY_1239"
          },
          "provisioningState": "Creating"
        }
      }
    },
    {
      "RequestUri": "https://management.azure.com/subscriptions/db1ab6f0-4769-4b27-930e-01e2ef9c123c/providers/Microsoft.Compute/locations/eastus/capsOperations/fa5e2a9a-82c3-4636-b5f8-c7890b6c60c5?api-version=2022-03-03",
      "RequestMethod": "GET",
      "RequestHeaders": {
        "Authorization": "Sanitized",
        "traceparent": "00-265181f0055e2b2f87310ffae6266735-df8a4e22a45a733a-00",
        "User-Agent": "azsdk-net-ResourceManager/1.3.1 (.NET 6.0.9; Microsoft Windows 10.0.22623)",
        "x-ms-client-request-id": "51bc302709de438452def5f1513815b4",
        "x-ms-return-client-request-id": "true"
      },
      "RequestBody": null,
      "StatusCode": 200,
      "ResponseHeaders": {
        "Cache-Control": "no-cache",
        "Content-Length": "183",
        "Content-Type": "application/json; charset=utf-8",
        "Date": "Mon, 03 Oct 2022 03:35:51 GMT",
        "Expires": "-1",
        "Pragma": "no-cache",
        "Server": [
          "Microsoft-HTTPAPI/2.0",
          "Microsoft-HTTPAPI/2.0"
        ],
        "Strict-Transport-Security": "max-age=31536000; includeSubDomains",
        "X-Content-Type-Options": "nosniff",
        "x-ms-client-request-id": "51bc302709de438452def5f1513815b4",
        "x-ms-correlation-request-id": "59def272-3c22-46cd-9a45-bc41d1666a97",
        "x-ms-ratelimit-remaining-resource": "Microsoft.Compute/GetOperationStatus3Min;1197,Microsoft.Compute/GetOperationStatus30Min;4196",
        "x-ms-ratelimit-remaining-subscription-reads": "11992",
        "x-ms-request-id": "73c48df3-825b-4241-944a-735dd8ec4be7",
        "x-ms-routing-request-id": "JAPANEAST:20221003T033552Z:59def272-3c22-46cd-9a45-bc41d1666a97",
        "x-ms-served-by": "93349dd3-1a08-407f-a5f3-141bfca8f802_132954984544377610,93349dd3-1a08-407f-a5f3-141bfca8f802_132954984544377610"
      },
      "ResponseBody": {
        "startTime": "2022-10-03T03:35:51.334818\u002B00:00",
        "endTime": "2022-10-03T03:35:51.4129723\u002B00:00",
        "status": "Succeeded",
        "name": "fa5e2a9a-82c3-4636-b5f8-c7890b6c60c5"
      }
    },
    {
      "RequestUri": "https://management.azure.com/subscriptions/db1ab6f0-4769-4b27-930e-01e2ef9c123c/resourceGroups/testRG-3270/providers/Microsoft.Compute/galleries/testGallery_1239?api-version=2022-03-03",
      "RequestMethod": "GET",
      "RequestHeaders": {
        "Authorization": "Sanitized",
        "traceparent": "00-265181f0055e2b2f87310ffae6266735-2e7440a3763c439f-00",
        "User-Agent": "azsdk-net-ResourceManager/1.3.1 (.NET 6.0.9; Microsoft Windows 10.0.22623)",
        "x-ms-client-request-id": "3adfcc1f33482dc6ef41c3600f73cb09",
        "x-ms-return-client-request-id": "true"
      },
      "RequestBody": null,
      "StatusCode": 200,
      "ResponseHeaders": {
        "Cache-Control": "no-cache",
        "Content-Length": "431",
        "Content-Type": "application/json; charset=utf-8",
        "Date": "Mon, 03 Oct 2022 03:35:52 GMT",
        "Expires": "-1",
        "Pragma": "no-cache",
        "Server": [
          "Microsoft-HTTPAPI/2.0",
          "Microsoft-HTTPAPI/2.0"
        ],
        "Strict-Transport-Security": "max-age=31536000; includeSubDomains",
        "X-Content-Type-Options": "nosniff",
        "x-ms-client-request-id": "3adfcc1f33482dc6ef41c3600f73cb09",
        "x-ms-correlation-request-id": "475e2780-a74e-41d6-90fd-a7be63485816",
        "x-ms-ratelimit-remaining-resource": "Microsoft.Compute/GetGallery3Min;343,Microsoft.Compute/GetGallery30Min;2488",
        "x-ms-ratelimit-remaining-subscription-reads": "11991",
        "x-ms-request-id": "3a967f53-b025-4b49-957a-58f10a967383",
        "x-ms-routing-request-id": "JAPANEAST:20221003T033552Z:475e2780-a74e-41d6-90fd-a7be63485816",
        "x-ms-served-by": "93349dd3-1a08-407f-a5f3-141bfca8f802_132954984544377610,93349dd3-1a08-407f-a5f3-141bfca8f802_132954984544377610"
      },
      "ResponseBody": {
        "name": "testGallery_1239",
        "id": "/subscriptions/db1ab6f0-4769-4b27-930e-01e2ef9c123c/resourceGroups/testRG-3270/providers/Microsoft.Compute/galleries/testGallery_1239",
        "type": "Microsoft.Compute/galleries",
        "location": "eastus",
        "tags": {},
        "properties": {
          "identifier": {
            "uniqueName": "db1ab6f0-4769-4b27-930e-01e2ef9c123c-TESTGALLERY_1239"
          },
          "provisioningState": "Succeeded"
        }
      }
    },
    {
      "RequestUri": "https://management.azure.com/subscriptions/db1ab6f0-4769-4b27-930e-01e2ef9c123c/resourceGroups/testRG-3270/providers/Microsoft.Compute/galleries/testGallery_1239/providers/Microsoft.Resources/tags/default?api-version=2021-04-01",
      "RequestMethod": "DELETE",
      "RequestHeaders": {
        "Accept": "application/json",
        "Authorization": "Sanitized",
        "traceparent": "00-93614b23af940a4fbed2fe38eb1b0f31-23a437a23d955cca-00",
        "User-Agent": "azsdk-net-ResourceManager/1.3.1 (.NET 6.0.9; Microsoft Windows 10.0.22623)",
        "x-ms-client-request-id": "3b7ad5a29746c40633acc1f6e157871d",
        "x-ms-return-client-request-id": "true"
      },
      "RequestBody": null,
      "StatusCode": 200,
      "ResponseHeaders": {
        "Cache-Control": "no-cache",
        "Content-Length": "0",
        "Date": "Mon, 03 Oct 2022 03:35:54 GMT",
        "Expires": "-1",
        "Pragma": "no-cache",
        "Strict-Transport-Security": "max-age=31536000; includeSubDomains",
        "X-Content-Type-Options": "nosniff",
        "x-ms-correlation-request-id": "d0deb9de-f7af-4e60-b8f5-3e1bec0ea390",
        "x-ms-ratelimit-remaining-subscription-deletes": "14998",
        "x-ms-request-id": "d0deb9de-f7af-4e60-b8f5-3e1bec0ea390",
        "x-ms-routing-request-id": "JAPANEAST:20221003T033554Z:d0deb9de-f7af-4e60-b8f5-3e1bec0ea390"
      },
      "ResponseBody": null
    },
    {
      "RequestUri": "https://management.azure.com/subscriptions/db1ab6f0-4769-4b27-930e-01e2ef9c123c/resourceGroups/testRG-3270/providers/Microsoft.Compute/galleries/testGallery_1239/providers/Microsoft.Resources/tags/default?api-version=2021-04-01",
      "RequestMethod": "GET",
      "RequestHeaders": {
        "Accept": "application/json",
        "Authorization": "Sanitized",
        "traceparent": "00-93614b23af940a4fbed2fe38eb1b0f31-5c749217583869c5-00",
        "User-Agent": "azsdk-net-ResourceManager/1.3.1 (.NET 6.0.9; Microsoft Windows 10.0.22623)",
        "x-ms-client-request-id": "675532745d33f3c46a8f619d462434de",
        "x-ms-return-client-request-id": "true"
      },
      "RequestBody": null,
      "StatusCode": 200,
      "ResponseHeaders": {
        "Cache-Control": "no-cache",
        "Content-Length": "261",
        "Content-Type": "application/json; charset=utf-8",
        "Date": "Mon, 03 Oct 2022 03:35:54 GMT",
        "Expires": "-1",
        "Pragma": "no-cache",
        "Strict-Transport-Security": "max-age=31536000; includeSubDomains",
        "X-Content-Type-Options": "nosniff",
        "x-ms-correlation-request-id": "a7d8d630-aefd-4595-8d9f-5220cb97567b",
        "x-ms-ratelimit-remaining-subscription-reads": "11990",
        "x-ms-request-id": "a7d8d630-aefd-4595-8d9f-5220cb97567b",
        "x-ms-routing-request-id": "JAPANEAST:20221003T033554Z:a7d8d630-aefd-4595-8d9f-5220cb97567b"
      },
      "ResponseBody": {
        "id": "/subscriptions/db1ab6f0-4769-4b27-930e-01e2ef9c123c/resourceGroups/testRG-3270/providers/Microsoft.Compute/galleries/testGallery_1239/providers/Microsoft.Resources/tags/default",
        "name": "default",
        "type": "Microsoft.Resources/tags",
        "properties": {
          "tags": {}
        }
      }
    },
    {
      "RequestUri": "https://management.azure.com/subscriptions/db1ab6f0-4769-4b27-930e-01e2ef9c123c/resourceGroups/testRG-3270/providers/Microsoft.Compute/galleries/testGallery_1239/providers/Microsoft.Resources/tags/default?api-version=2021-04-01",
      "RequestMethod": "PUT",
      "RequestHeaders": {
        "Accept": "application/json",
        "Authorization": "Sanitized",
        "Content-Length": "39",
        "Content-Type": "application/json",
        "traceparent": "00-93614b23af940a4fbed2fe38eb1b0f31-fd5680a81c688cbd-00",
        "User-Agent": "azsdk-net-ResourceManager/1.3.1 (.NET 6.0.9; Microsoft Windows 10.0.22623)",
        "x-ms-client-request-id": "7b4fec12dabd876dc51a079c71cf4b97",
        "x-ms-return-client-request-id": "true"
      },
      "RequestBody": {
        "properties": {
          "tags": {
            "key": "value"
          }
        }
      },
      "StatusCode": 200,
      "ResponseHeaders": {
        "Cache-Control": "no-cache",
        "Content-Length": "274",
        "Content-Type": "application/json; charset=utf-8",
        "Date": "Mon, 03 Oct 2022 03:35:56 GMT",
        "Expires": "-1",
        "Pragma": "no-cache",
        "Strict-Transport-Security": "max-age=31536000; includeSubDomains",
        "X-Content-Type-Options": "nosniff",
        "x-ms-correlation-request-id": "d302d1c1-f0fa-4e58-8cf6-c86f1ebfc30d",
        "x-ms-ratelimit-remaining-subscription-writes": "1194",
        "x-ms-request-id": "d302d1c1-f0fa-4e58-8cf6-c86f1ebfc30d",
        "x-ms-routing-request-id": "JAPANEAST:20221003T033556Z:d302d1c1-f0fa-4e58-8cf6-c86f1ebfc30d"
      },
      "ResponseBody": {
        "id": "/subscriptions/db1ab6f0-4769-4b27-930e-01e2ef9c123c/resourceGroups/testRG-3270/providers/Microsoft.Compute/galleries/testGallery_1239/providers/Microsoft.Resources/tags/default",
        "name": "default",
        "type": "Microsoft.Resources/tags",
        "properties": {
          "tags": {
            "key": "value"
          }
        }
      }
    },
    {
      "RequestUri": "https://management.azure.com/subscriptions/db1ab6f0-4769-4b27-930e-01e2ef9c123c/resourceGroups/testRG-3270/providers/Microsoft.Compute/galleries/testGallery_1239?api-version=2022-03-03",
      "RequestMethod": "GET",
      "RequestHeaders": {
        "Accept": "application/json",
        "Authorization": "Sanitized",
        "traceparent": "00-93614b23af940a4fbed2fe38eb1b0f31-988624c4c8202f17-00",
        "User-Agent": "azsdk-net-ResourceManager.Compute/1.1.0-alpha.20221003.1 (.NET 6.0.9; Microsoft Windows 10.0.22623)",
        "x-ms-client-request-id": "dceba5ba641e45d51087d0b735697e0f",
        "x-ms-return-client-request-id": "true"
      },
      "RequestBody": null,
      "StatusCode": 200,
      "ResponseHeaders": {
        "Cache-Control": "no-cache",
        "Content-Length": "455",
        "Content-Type": "application/json; charset=utf-8",
        "Date": "Mon, 03 Oct 2022 03:35:56 GMT",
        "Expires": "-1",
        "Pragma": "no-cache",
        "Server": [
          "Microsoft-HTTPAPI/2.0",
          "Microsoft-HTTPAPI/2.0"
        ],
        "Strict-Transport-Security": "max-age=31536000; includeSubDomains",
        "X-Content-Type-Options": "nosniff",
        "x-ms-client-request-id": "dceba5ba641e45d51087d0b735697e0f",
        "x-ms-correlation-request-id": "b1b68401-4cc0-4c14-b79b-381280b1dbeb",
        "x-ms-ratelimit-remaining-resource": "Microsoft.Compute/GetGallery3Min;340,Microsoft.Compute/GetGallery30Min;2485",
        "x-ms-ratelimit-remaining-subscription-reads": "11989",
        "x-ms-request-id": "e4b2f8f5-47b3-4436-9a18-592dc464b877",
        "x-ms-routing-request-id": "JAPANEAST:20221003T033557Z:b1b68401-4cc0-4c14-b79b-381280b1dbeb",
        "x-ms-served-by": "93349dd3-1a08-407f-a5f3-141bfca8f802_132954984544377610,93349dd3-1a08-407f-a5f3-141bfca8f802_132954984544377610"
      },
      "ResponseBody": {
        "name": "testGallery_1239",
        "id": "/subscriptions/db1ab6f0-4769-4b27-930e-01e2ef9c123c/resourceGroups/testRG-3270/providers/Microsoft.Compute/galleries/testGallery_1239",
        "type": "Microsoft.Compute/galleries",
        "location": "eastus",
        "tags": {
          "key": "value"
        },
        "properties": {
          "identifier": {
            "uniqueName": "db1ab6f0-4769-4b27-930e-01e2ef9c123c-TESTGALLERY_1239"
          },
          "provisioningState": "Succeeded"
        }
      }
    }
  ],
  "Variables": {
    "AZURE_AUTHORITY_HOST": "https://login.microsoftonline.com",
    "RandomSeed": "1531012401",
    "RESOURCE_MANAGER_URL": null,
    "SUBSCRIPTION_ID": "db1ab6f0-4769-4b27-930e-01e2ef9c123c"
  }
}
