{
  "Entries": [
    {
      "RequestUri": "https://management.azure.com/subscriptions/fbccad30-f0ed-4ac4-9497-93bf6141062f?api-version=2021-01-01",
      "RequestMethod": "GET",
      "RequestHeaders": {
        "Accept": "application/json",
        "Authorization": "Sanitized",
        "traceparent": "00-84f26ee96afa1098cc67c40c5afb0359-509a3efca95208c9-00",
        "User-Agent": "azsdk-net-ResourceManager/1.6.0 (.NET 6.0.18; Microsoft Windows 10.0.22621)",
        "x-ms-client-request-id": "7233f7b4abd3c1aa51254d76b28f3dd5",
        "x-ms-return-client-request-id": "true"
      },
      "RequestBody": null,
      "StatusCode": 200,
      "ResponseHeaders": {
        "Cache-Control": "no-cache",
        "Content-Length": "501",
        "Content-Type": "application/json; charset=utf-8",
        "Date": "Thu, 29 Jun 2023 20:08:32 GMT",
        "Expires": "-1",
        "Pragma": "no-cache",
        "Strict-Transport-Security": "max-age=31536000; includeSubDomains",
        "X-Content-Type-Options": "nosniff",
        "x-ms-correlation-request-id": "a1655d24-8b80-410d-ad98-c867c5311de2",
        "x-ms-ratelimit-remaining-subscription-reads": "11963",
        "x-ms-request-id": "a1655d24-8b80-410d-ad98-c867c5311de2",
        "x-ms-routing-request-id": "FRANCESOUTH:20230629T200833Z:a1655d24-8b80-410d-ad98-c867c5311de2"
      },
      "ResponseBody": {
        "id": "/subscriptions/fbccad30-f0ed-4ac4-9497-93bf6141062f",
        "authorizationSource": "RoleBased",
        "managedByTenants": [],
        "tags": {
          "NRMS9825974": "20220330",
          "NRMSBreakGlassAzureOnly": "286269898",
          "NRMS13179388": "20220808"
        },
        "subscriptionId": "fbccad30-f0ed-4ac4-9497-93bf6141062f",
        "tenantId": "72f988bf-86f1-41af-91ab-2d7cd011db47",
        "displayName": "Kusto_Dev_Kusto_Ilay_00",
        "state": "Enabled",
        "subscriptionPolicies": {
          "locationPlacementId": "Internal_2014-09-01",
          "quotaId": "Internal_2014-09-01",
          "spendingLimit": "Off"
        }
      }
    },
    {
      "RequestUri": "https://management.azure.com/subscriptions/fbccad30-f0ed-4ac4-9497-93bf6141062f/resourcegroups/CSharpSDKRG275?api-version=**",
      "RequestMethod": "GET",
      "RequestHeaders": {
        "Accept": "application/json",
        "Authorization": "Sanitized",
        "traceparent": "00-402b8084f33878d872fb784b39fbe745-2aa29fa0a09cd676-00",
        "User-Agent": "azsdk-net-ResourceManager/1.6.0 (.NET 6.0.18; Microsoft Windows 10.0.22621)",
        "x-ms-client-request-id": "d54a3038820b8f2d19e2d817b4bf9cc6",
        "x-ms-return-client-request-id": "true"
      },
      "RequestBody": null,
      "StatusCode": 200,
      "ResponseHeaders": {
        "Cache-Control": "no-cache",
        "Content-Length": "337",
        "Content-Type": "application/json; charset=utf-8",
        "Date": "Thu, 29 Jun 2023 20:08:32 GMT",
        "Expires": "-1",
        "Pragma": "no-cache",
        "Strict-Transport-Security": "max-age=31536000; includeSubDomains",
        "X-Content-Type-Options": "nosniff",
        "x-ms-correlation-request-id": "198a0739-a03d-44f8-8360-bed8857c25ec",
        "x-ms-ratelimit-remaining-subscription-reads": "11962",
        "x-ms-request-id": "198a0739-a03d-44f8-8360-bed8857c25ec",
        "x-ms-routing-request-id": "FRANCESOUTH:20230629T200833Z:198a0739-a03d-44f8-8360-bed8857c25ec"
      },
      "ResponseBody": {
        "id": "/subscriptions/fbccad30-f0ed-4ac4-9497-93bf6141062f/resourceGroups/CSharpSDKRG275",
        "name": "CSharpSDKRG275",
        "type": "Microsoft.Resources/resourceGroups",
        "location": "australiaeast",
        "tags": {
          "DeleteAfter": "2023-06-29T20:12:45.0225642Z",
          "Owners": "michaelshikh",
          "ServiceDirectory": "kusto"
        },
        "properties": {
          "provisioningState": "Succeeded"
        }
      }
    },
    {
      "RequestUri": "https://management.azure.com/subscriptions/fbccad30-f0ed-4ac4-9497-93bf6141062f/resourceGroups/CSharpSDKRG275/providers/Microsoft.Kusto/clusters/sdkCluster275?api-version=2023-05-02",
      "RequestMethod": "GET",
      "RequestHeaders": {
        "Accept": "application/json",
        "Authorization": "Sanitized",
        "traceparent": "00-2129b3075b0b0288e45100293000278d-a93c3cc92c543cac-00",
        "User-Agent": "azsdk-net-ResourceManager.Kusto/1.4.0-alpha.20230629.1 (.NET 6.0.18; Microsoft Windows 10.0.22621)",
        "x-ms-client-request-id": "eccea4e9d19be1056343bba9709d6904",
        "x-ms-return-client-request-id": "true"
      },
      "RequestBody": null,
      "StatusCode": 200,
      "ResponseHeaders": {
        "Cache-Control": "no-cache",
        "Content-Length": "2290",
        "Content-Type": "application/json; charset=utf-8",
        "Date": "Thu, 29 Jun 2023 20:08:33 GMT",
        "ETag": "\u00222023-06-29T19:35:44.6534612Z\u0022",
        "Expires": "-1",
        "Pragma": "no-cache",
        "Server": "Microsoft-HTTPAPI/2.0",
        "Strict-Transport-Security": "max-age=31536000; includeSubDomains",
        "X-Content-Type-Options": "nosniff",
        "x-ms-correlation-request-id": "83b0083a-301c-44ed-b558-2eead40a0b5d",
        "x-ms-ratelimit-remaining-subscription-resource-requests": "292",
        "x-ms-request-id": "30559fb5-a42b-478e-bc19-76ad2c78055b",
        "x-ms-routing-request-id": "FRANCESOUTH:20230629T200833Z:83b0083a-301c-44ed-b558-2eead40a0b5d"
      },
      "ResponseBody": {
        "id": "/subscriptions/fbccad30-f0ed-4ac4-9497-93bf6141062f/resourceGroups/CSharpSDKRG275/providers/Microsoft.Kusto/Clusters/sdkCluster275",
        "name": "sdkCluster275",
        "type": "Microsoft.Kusto/Clusters",
        "etag": "\u00222023-06-29T19:35:44.6534612Z\u0022",
        "location": "Australia East",
        "sku": {
          "name": "Standard_E2a_v4",
          "tier": "Standard",
          "capacity": 2
        },
        "tags": {},
        "properties": {
          "state": "Running",
          "stateReason": null,
          "uri": "https://sdkcluster275.australiaeast.dev.kusto.windows.net",
          "dataIngestionUri": "https://ingest-sdkcluster275.australiaeast.dev.kusto.windows.net",
          "trustedExternalTenants": [],
          "virtualNetworkConfiguration": null,
          "optimizedAutoscale": null,
          "enableDiskEncryption": false,
          "enableStreamingIngest": false,
          "keyVaultProperties": null,
          "languageExtensions": {
            "value": []
          },
          "enablePurge": null,
          "enableDoubleEncryption": false,
          "engineType": "V3",
          "acceptedAudiences": [],
          "restrictOutboundNetworkAccess": "Disabled",
          "allowedFqdnList": [],
          "publicNetworkAccess": "Enabled",
          "allowedIpRangeList": [],
          "enableAutoStop": true,
          "publicIPType": "IPv4",
          "virtualClusterGraduationProperties": null,
          "privateEndpointConnections": [
            {
              "name": "sdkPrivateEndpoint275-dc20dcd0-60a2-41fe-ab6a-a91f276d7650",
              "type": "Microsoft.Kusto/Clusters/privateEndpointConnections",
              "id": "/subscriptions/fbccad30-f0ed-4ac4-9497-93bf6141062f/resourceGroups/CSharpSDKRG275/providers/Microsoft.Kusto/Clusters/sdkCluster275/privateEndpointConnections/sdkPrivateEndpoint275-dc20dcd0-60a2-41fe-ab6a-a91f276d7650",
              "properties": {
                "provisioningState": "Succeeded",
                "groupId": "cluster",
                "privateEndpoint": {
                  "id": "/subscriptions/fbccad30-f0ed-4ac4-9497-93bf6141062f/resourceGroups/CSharpSDKRG275/providers/Microsoft.Network/privateEndpoints/sdkPrivateEndpoint275"
                },
                "privateLinkServiceConnectionState": {
                  "status": "Approved",
                  "description": "",
                  "actionsRequired": "None"
                }
              }
            }
          ],
          "migrationCluster": null,
          "provisioningState": "Succeeded"
        },
        "identity": {
          "principalId": "248b89d6-0e4e-4feb-a6da-492b52973868",
          "tenantId": "72f988bf-86f1-41af-91ab-2d7cd011db47",
          "type": "SystemAssigned, UserAssigned",
          "userAssignedIdentities": {
            "/subscriptions/fbccad30-f0ed-4ac4-9497-93bf6141062f/resourcegroups/CSharpSDKRG275/providers/Microsoft.ManagedIdentity/userAssignedIdentities/sdkUserAssignedIdentity275": {
              "principalId": "350beacb-08b0-4272-aa40-9fe463a5304c",
              "clientId": "771fdec6-d1e2-4987-8076-804f0a92960a"
            }
          }
        }
      }
    },
    {
      "RequestUri": "https://management.azure.com/subscriptions/fbccad30-f0ed-4ac4-9497-93bf6141062f/resourceGroups/CSharpSDKRG275/providers/Microsoft.Kusto/clusters/sdkCluster275/databases/sdkDatabase275?api-version=2023-05-02",
      "RequestMethod": "GET",
      "RequestHeaders": {
        "Accept": "application/json",
        "Authorization": "Sanitized",
        "traceparent": "00-c336f7d00a0fc6953a2167d45726a34c-ab021778068aadce-00",
        "User-Agent": "azsdk-net-ResourceManager.Kusto/1.4.0-alpha.20230629.1 (.NET 6.0.18; Microsoft Windows 10.0.22621)",
        "x-ms-client-request-id": "0beee062097431cfc9a458f1d3930c91",
        "x-ms-return-client-request-id": "true"
      },
      "RequestBody": null,
      "StatusCode": 200,
      "ResponseHeaders": {
        "Cache-Control": "no-cache",
        "Content-Length": "385",
        "Content-Type": "application/json; charset=utf-8",
        "Date": "Thu, 29 Jun 2023 20:08:33 GMT",
        "Expires": "-1",
        "Pragma": "no-cache",
        "Server": "Microsoft-HTTPAPI/2.0",
        "Strict-Transport-Security": "max-age=31536000; includeSubDomains",
        "X-Content-Type-Options": "nosniff",
        "x-ms-correlation-request-id": "a8da3edc-585f-43f4-b8a8-6288aaf22385",
        "x-ms-ratelimit-remaining-subscription-resource-requests": "281",
        "x-ms-request-id": "3dd7fec0-8a60-4b09-b4eb-4929e58821d8",
        "x-ms-routing-request-id": "FRANCESOUTH:20230629T200834Z:a8da3edc-585f-43f4-b8a8-6288aaf22385"
      },
      "ResponseBody": {
        "id": "/subscriptions/fbccad30-f0ed-4ac4-9497-93bf6141062f/resourceGroups/CSharpSDKRG275/providers/Microsoft.Kusto/Clusters/sdkCluster275/Databases/sdkDatabase275",
        "name": "sdkCluster275/sdkDatabase275",
        "type": "Microsoft.Kusto/Clusters/Databases",
        "location": "Australia East",
        "kind": "ReadWrite",
        "properties": {
          "statistics": {
            "size": 0.0
          },
          "isFollowed": false,
          "provisioningState": "Succeeded"
        }
      }
    },
    {
      "RequestUri": "https://management.azure.com/subscriptions/fbccad30-f0ed-4ac4-9497-93bf6141062f/resourceGroups/CSharpSDKRG275/providers/Microsoft.Kusto/clusters/sdkCluster275/databases/sdkDatabase275/dataConnections/sdkCosmosDbDataConnection2751?api-version=2023-05-02",
      "RequestMethod": "PUT",
      "RequestHeaders": {
        "Accept": "application/json",
        "Authorization": "Sanitized",
        "Content-Length": "540",
        "Content-Type": "application/json",
        "traceparent": "00-22a5e190426448f1441313d1b5915ef7-e28735de18389646-00",
        "User-Agent": "azsdk-net-ResourceManager.Kusto/1.4.0-alpha.20230629.1 (.NET 6.0.18; Microsoft Windows 10.0.22621)",
        "x-ms-client-request-id": "0d8d868950c0663a2b6871c7c7831e7c",
        "x-ms-return-client-request-id": "true"
      },
      "RequestBody": {
        "location": "australiaeast",
        "kind": "CosmosDb",
        "properties": {
          "tableName": "sdkScriptContentTable275",
          "managedIdentityResourceId": "/subscriptions/fbccad30-f0ed-4ac4-9497-93bf6141062f/resourceGroups/CSharpSDKRG275/providers/Microsoft.ManagedIdentity/userAssignedIdentities/sdkUserAssignedIdentity275",
          "cosmosDbAccountResourceId": "/subscriptions/fbccad30-f0ed-4ac4-9497-93bf6141062f/resourceGroups/CSharpSDKRG275/providers/Microsoft.DocumentDB/databaseAccounts/sdkcosmosdbaccount275",
          "cosmosDbDatabase": "mydb",
          "cosmosDbContainer": "mycontainer"
        }
      },
      "StatusCode": 201,
      "ResponseHeaders": {
        "Azure-AsyncOperation": "https://management.azure.com/subscriptions/fbccad30-f0ed-4ac4-9497-93bf6141062f/providers/Microsoft.Kusto/locations/australiaeast/operationResults/bf29656b-01a0-4934-977d-873f776ea1b6?api-version=2023-05-02",
        "Cache-Control": "no-cache",
        "Content-Length": "908",
        "Content-Type": "application/json; charset=utf-8",
        "Date": "Thu, 29 Jun 2023 20:08:34 GMT",
        "Expires": "-1",
        "Pragma": "no-cache",
        "Server": "Microsoft-HTTPAPI/2.0",
        "Strict-Transport-Security": "max-age=31536000; includeSubDomains",
        "X-Content-Type-Options": "nosniff",
        "x-ms-correlation-request-id": "97ad8ffd-d74a-4700-9fef-90abf3c26138",
        "x-ms-ratelimit-remaining-subscription-resource-requests": "199",
        "x-ms-request-id": "7b5ce11b-dd8d-427f-bf74-cca5ece7dd98",
        "x-ms-routing-request-id": "FRANCESOUTH:20230629T200835Z:97ad8ffd-d74a-4700-9fef-90abf3c26138"
      },
      "ResponseBody": {
        "id": "/subscriptions/fbccad30-f0ed-4ac4-9497-93bf6141062f/resourceGroups/CSharpSDKRG275/providers/Microsoft.Kusto/Clusters/sdkCluster275/Databases/sdkDatabase275/DataConnections/sdkCosmosDbDataConnection2751",
        "name": "sdkCluster275/sdkDatabase275/sdkCosmosDbDataConnection2751",
        "type": "Microsoft.Kusto/Clusters/Databases/DataConnections",
        "location": "australiaeast",
        "kind": "CosmosDb",
        "properties": {
          "tableName": "sdkScriptContentTable275",
          "managedIdentityResourceId": "/subscriptions/fbccad30-f0ed-4ac4-9497-93bf6141062f/resourceGroups/CSharpSDKRG275/providers/Microsoft.ManagedIdentity/userAssignedIdentities/sdkUserAssignedIdentity275",
          "cosmosDbAccountResourceId": "/subscriptions/fbccad30-f0ed-4ac4-9497-93bf6141062f/resourceGroups/CSharpSDKRG275/providers/Microsoft.DocumentDB/databaseAccounts/sdkcosmosdbaccount275",
          "cosmosDbDatabase": "mydb",
          "cosmosDbContainer": "mycontainer",
          "provisioningState": "Creating"
        }
      }
    },
    {
      "RequestUri": "https://management.azure.com/subscriptions/fbccad30-f0ed-4ac4-9497-93bf6141062f/providers/Microsoft.Kusto/locations/australiaeast/operationResults/bf29656b-01a0-4934-977d-873f776ea1b6?api-version=2023-05-02",
      "RequestMethod": "GET",
      "RequestHeaders": {
        "Authorization": "Sanitized",
        "traceparent": "00-22a5e190426448f1441313d1b5915ef7-d2710cec78d7ff05-00",
        "User-Agent": "azsdk-net-ResourceManager/1.6.0 (.NET 6.0.18; Microsoft Windows 10.0.22621)",
        "x-ms-client-request-id": "e92029365b101244a688e00b98076a46",
        "x-ms-return-client-request-id": "true"
      },
      "RequestBody": null,
      "StatusCode": 200,
      "ResponseHeaders": {
        "Cache-Control": "no-cache",
        "Content-Length": "478",
        "Content-Type": "application/json; charset=utf-8",
        "Date": "Thu, 29 Jun 2023 20:08:34 GMT",
        "Expires": "-1",
        "Pragma": "no-cache",
        "Server": "Microsoft-HTTPAPI/2.0",
        "Strict-Transport-Security": "max-age=31536000; includeSubDomains",
        "X-Content-Type-Options": "nosniff",
        "x-ms-correlation-request-id": "8dfb14d5-767b-4f30-a15b-5f7e43a6d551",
        "x-ms-operation-root-activity-id": "223b5ed7-fb2d-49fa-8fdc-4b984afff851",
        "x-ms-ratelimit-remaining-subscription-resource-requests": "236",
        "x-ms-request-id": "88b833f4-17c8-439b-92bb-1ad4bb233126",
        "x-ms-routing-request-id": "FRANCESOUTH:20230629T200835Z:8dfb14d5-767b-4f30-a15b-5f7e43a6d551"
      },
      "ResponseBody": {
        "id": "/subscriptions/fbccad30-f0ed-4ac4-9497-93bf6141062f/providers/Microsoft.Kusto/locations/australiaeast/operationresults/bf29656b-01a0-4934-977d-873f776ea1b6",
        "name": "bf29656b-01a0-4934-977d-873f776ea1b6",
        "status": "Running",
        "startTime": "2023-06-29T20:08:35.2016443Z",
        "endTime": "2023-06-29T20:08:35.2016443Z",
        "percentComplete": 0.5,
        "properties": {
          "operationKind": "DmServiceCosmosDbDataConnectionAddOrUpdateCommand",
          "provisioningState": "Running",
          "operationState": "InProgress"
        }
      }
    },
    {
      "RequestUri": "https://management.azure.com/subscriptions/fbccad30-f0ed-4ac4-9497-93bf6141062f/providers/Microsoft.Kusto/locations/australiaeast/operationResults/bf29656b-01a0-4934-977d-873f776ea1b6?api-version=2023-05-02",
      "RequestMethod": "GET",
      "RequestHeaders": {
        "Authorization": "Sanitized",
        "traceparent": "00-22a5e190426448f1441313d1b5915ef7-a326b61b8f71f368-00",
        "User-Agent": "azsdk-net-ResourceManager/1.6.0 (.NET 6.0.18; Microsoft Windows 10.0.22621)",
        "x-ms-client-request-id": "ff78dc8538def8c034ad38222d43ed18",
        "x-ms-return-client-request-id": "true"
      },
      "RequestBody": null,
      "StatusCode": 200,
      "ResponseHeaders": {
        "Cache-Control": "no-cache",
        "Content-Length": "478",
        "Content-Type": "application/json; charset=utf-8",
        "Date": "Thu, 29 Jun 2023 20:08:36 GMT",
        "Expires": "-1",
        "Pragma": "no-cache",
        "Server": "Microsoft-HTTPAPI/2.0",
        "Strict-Transport-Security": "max-age=31536000; includeSubDomains",
        "X-Content-Type-Options": "nosniff",
        "x-ms-correlation-request-id": "09ccd326-414a-4f09-afdf-b42f911385a1",
        "x-ms-operation-root-activity-id": "223b5ed7-fb2d-49fa-8fdc-4b984afff851",
        "x-ms-ratelimit-remaining-subscription-resource-requests": "235",
        "x-ms-request-id": "93ded04f-7d82-447b-bd1b-4f56d354fc26",
        "x-ms-routing-request-id": "FRANCESOUTH:20230629T200836Z:09ccd326-414a-4f09-afdf-b42f911385a1"
      },
      "ResponseBody": {
        "id": "/subscriptions/fbccad30-f0ed-4ac4-9497-93bf6141062f/providers/Microsoft.Kusto/locations/australiaeast/operationresults/bf29656b-01a0-4934-977d-873f776ea1b6",
        "name": "bf29656b-01a0-4934-977d-873f776ea1b6",
        "status": "Running",
        "startTime": "2023-06-29T20:08:35.2016443Z",
        "endTime": "2023-06-29T20:08:35.2016443Z",
        "percentComplete": 0.5,
        "properties": {
          "operationKind": "DmServiceCosmosDbDataConnectionAddOrUpdateCommand",
          "provisioningState": "Running",
          "operationState": "InProgress"
        }
      }
    },
    {
      "RequestUri": "https://management.azure.com/subscriptions/fbccad30-f0ed-4ac4-9497-93bf6141062f/providers/Microsoft.Kusto/locations/australiaeast/operationResults/bf29656b-01a0-4934-977d-873f776ea1b6?api-version=2023-05-02",
      "RequestMethod": "GET",
      "RequestHeaders": {
        "Authorization": "Sanitized",
        "traceparent": "00-22a5e190426448f1441313d1b5915ef7-37c9dbdff330fb19-00",
        "User-Agent": "azsdk-net-ResourceManager/1.6.0 (.NET 6.0.18; Microsoft Windows 10.0.22621)",
        "x-ms-client-request-id": "9e91a05935621d6b8fa22d49b04647ce",
        "x-ms-return-client-request-id": "true"
      },
      "RequestBody": null,
      "StatusCode": 200,
      "ResponseHeaders": {
        "Cache-Control": "no-cache",
        "Content-Length": "478",
        "Content-Type": "application/json; charset=utf-8",
        "Date": "Thu, 29 Jun 2023 20:08:37 GMT",
        "Expires": "-1",
        "Pragma": "no-cache",
        "Server": "Microsoft-HTTPAPI/2.0",
        "Strict-Transport-Security": "max-age=31536000; includeSubDomains",
        "X-Content-Type-Options": "nosniff",
        "x-ms-correlation-request-id": "5c5cbae7-812d-4082-8f8a-47c176226e7b",
        "x-ms-operation-root-activity-id": "223b5ed7-fb2d-49fa-8fdc-4b984afff851",
        "x-ms-ratelimit-remaining-subscription-resource-requests": "234",
        "x-ms-request-id": "b2a921dc-1c19-487d-8e4f-3db9c9d4739e",
        "x-ms-routing-request-id": "FRANCESOUTH:20230629T200838Z:5c5cbae7-812d-4082-8f8a-47c176226e7b"
      },
      "ResponseBody": {
        "id": "/subscriptions/fbccad30-f0ed-4ac4-9497-93bf6141062f/providers/Microsoft.Kusto/locations/australiaeast/operationresults/bf29656b-01a0-4934-977d-873f776ea1b6",
        "name": "bf29656b-01a0-4934-977d-873f776ea1b6",
        "status": "Running",
        "startTime": "2023-06-29T20:08:35.2016443Z",
        "endTime": "2023-06-29T20:08:35.2016443Z",
        "percentComplete": 0.5,
        "properties": {
          "operationKind": "DmServiceCosmosDbDataConnectionAddOrUpdateCommand",
          "provisioningState": "Running",
          "operationState": "InProgress"
        }
      }
    },
    {
      "RequestUri": "https://management.azure.com/subscriptions/fbccad30-f0ed-4ac4-9497-93bf6141062f/providers/Microsoft.Kusto/locations/australiaeast/operationResults/bf29656b-01a0-4934-977d-873f776ea1b6?api-version=2023-05-02",
      "RequestMethod": "GET",
      "RequestHeaders": {
        "Authorization": "Sanitized",
        "traceparent": "00-22a5e190426448f1441313d1b5915ef7-0a1751e4a422b01f-00",
        "User-Agent": "azsdk-net-ResourceManager/1.6.0 (.NET 6.0.18; Microsoft Windows 10.0.22621)",
        "x-ms-client-request-id": "9c71dc330f9afef26827b4632321e463",
        "x-ms-return-client-request-id": "true"
      },
      "RequestBody": null,
      "StatusCode": 200,
      "ResponseHeaders": {
        "Cache-Control": "no-cache",
        "Content-Length": "478",
        "Content-Type": "application/json; charset=utf-8",
        "Date": "Thu, 29 Jun 2023 20:08:38 GMT",
        "Expires": "-1",
        "Pragma": "no-cache",
        "Server": "Microsoft-HTTPAPI/2.0",
        "Strict-Transport-Security": "max-age=31536000; includeSubDomains",
        "X-Content-Type-Options": "nosniff",
        "x-ms-correlation-request-id": "1a329648-4763-4ba5-b61f-1392d25468af",
        "x-ms-operation-root-activity-id": "223b5ed7-fb2d-49fa-8fdc-4b984afff851",
        "x-ms-ratelimit-remaining-subscription-resource-requests": "233",
        "x-ms-request-id": "25eeb0b3-cef5-46d8-9983-1350cf0da580",
        "x-ms-routing-request-id": "FRANCESOUTH:20230629T200839Z:1a329648-4763-4ba5-b61f-1392d25468af"
      },
      "ResponseBody": {
        "id": "/subscriptions/fbccad30-f0ed-4ac4-9497-93bf6141062f/providers/Microsoft.Kusto/locations/australiaeast/operationresults/bf29656b-01a0-4934-977d-873f776ea1b6",
        "name": "bf29656b-01a0-4934-977d-873f776ea1b6",
        "status": "Running",
        "startTime": "2023-06-29T20:08:35.2016443Z",
        "endTime": "2023-06-29T20:08:35.2016443Z",
        "percentComplete": 0.5,
        "properties": {
          "operationKind": "DmServiceCosmosDbDataConnectionAddOrUpdateCommand",
          "provisioningState": "Running",
          "operationState": "InProgress"
        }
      }
    },
    {
      "RequestUri": "https://management.azure.com/subscriptions/fbccad30-f0ed-4ac4-9497-93bf6141062f/providers/Microsoft.Kusto/locations/australiaeast/operationResults/bf29656b-01a0-4934-977d-873f776ea1b6?api-version=2023-05-02",
      "RequestMethod": "GET",
      "RequestHeaders": {
        "Authorization": "Sanitized",
        "traceparent": "00-22a5e190426448f1441313d1b5915ef7-8dd407a44a5f84f3-00",
        "User-Agent": "azsdk-net-ResourceManager/1.6.0 (.NET 6.0.18; Microsoft Windows 10.0.22621)",
        "x-ms-client-request-id": "f7b2c79acc7550e4715b703b0a7748ee",
        "x-ms-return-client-request-id": "true"
      },
      "RequestBody": null,
      "StatusCode": 200,
      "ResponseHeaders": {
        "Cache-Control": "no-cache",
        "Content-Length": "478",
        "Content-Type": "application/json; charset=utf-8",
        "Date": "Thu, 29 Jun 2023 20:08:41 GMT",
        "Expires": "-1",
        "Pragma": "no-cache",
        "Server": "Microsoft-HTTPAPI/2.0",
        "Strict-Transport-Security": "max-age=31536000; includeSubDomains",
        "X-Content-Type-Options": "nosniff",
        "x-ms-correlation-request-id": "1c47f503-bc35-4af7-90db-faca4c5e22c0",
        "x-ms-operation-root-activity-id": "223b5ed7-fb2d-49fa-8fdc-4b984afff851",
        "x-ms-ratelimit-remaining-subscription-resource-requests": "232",
        "x-ms-request-id": "dae2aa65-9035-41d6-aea0-3ec968ac03df",
        "x-ms-routing-request-id": "FRANCESOUTH:20230629T200841Z:1c47f503-bc35-4af7-90db-faca4c5e22c0"
      },
      "ResponseBody": {
        "id": "/subscriptions/fbccad30-f0ed-4ac4-9497-93bf6141062f/providers/Microsoft.Kusto/locations/australiaeast/operationresults/bf29656b-01a0-4934-977d-873f776ea1b6",
        "name": "bf29656b-01a0-4934-977d-873f776ea1b6",
        "status": "Running",
        "startTime": "2023-06-29T20:08:35.2016443Z",
        "endTime": "2023-06-29T20:08:35.2016443Z",
        "percentComplete": 0.5,
        "properties": {
          "operationKind": "DmServiceCosmosDbDataConnectionAddOrUpdateCommand",
          "provisioningState": "Running",
          "operationState": "InProgress"
        }
      }
    },
    {
      "RequestUri": "https://management.azure.com/subscriptions/fbccad30-f0ed-4ac4-9497-93bf6141062f/providers/Microsoft.Kusto/locations/australiaeast/operationResults/bf29656b-01a0-4934-977d-873f776ea1b6?api-version=2023-05-02",
      "RequestMethod": "GET",
      "RequestHeaders": {
        "Authorization": "Sanitized",
        "traceparent": "00-22a5e190426448f1441313d1b5915ef7-4ed5f1f6523fca49-00",
        "User-Agent": "azsdk-net-ResourceManager/1.6.0 (.NET 6.0.18; Microsoft Windows 10.0.22621)",
        "x-ms-client-request-id": "50ef696550d24a7eae93353a8008f96e",
        "x-ms-return-client-request-id": "true"
      },
      "RequestBody": null,
      "StatusCode": 200,
      "ResponseHeaders": {
        "Cache-Control": "no-cache",
        "Content-Length": "478",
        "Content-Type": "application/json; charset=utf-8",
        "Date": "Thu, 29 Jun 2023 20:08:45 GMT",
        "Expires": "-1",
        "Pragma": "no-cache",
        "Server": "Microsoft-HTTPAPI/2.0",
        "Strict-Transport-Security": "max-age=31536000; includeSubDomains",
        "X-Content-Type-Options": "nosniff",
        "x-ms-correlation-request-id": "fb94b3c9-ec12-4655-94f8-73c6738c7eed",
        "x-ms-operation-root-activity-id": "223b5ed7-fb2d-49fa-8fdc-4b984afff851",
        "x-ms-ratelimit-remaining-subscription-resource-requests": "231",
        "x-ms-request-id": "753be7af-2e60-4558-a249-6a056c307c2e",
        "x-ms-routing-request-id": "FRANCESOUTH:20230629T200846Z:fb94b3c9-ec12-4655-94f8-73c6738c7eed"
      },
      "ResponseBody": {
        "id": "/subscriptions/fbccad30-f0ed-4ac4-9497-93bf6141062f/providers/Microsoft.Kusto/locations/australiaeast/operationresults/bf29656b-01a0-4934-977d-873f776ea1b6",
        "name": "bf29656b-01a0-4934-977d-873f776ea1b6",
        "status": "Running",
        "startTime": "2023-06-29T20:08:35.2016443Z",
        "endTime": "2023-06-29T20:08:35.2016443Z",
        "percentComplete": 0.5,
        "properties": {
          "operationKind": "DmServiceCosmosDbDataConnectionAddOrUpdateCommand",
          "provisioningState": "Running",
          "operationState": "InProgress"
        }
      }
    },
    {
      "RequestUri": "https://management.azure.com/subscriptions/fbccad30-f0ed-4ac4-9497-93bf6141062f/providers/Microsoft.Kusto/locations/australiaeast/operationResults/bf29656b-01a0-4934-977d-873f776ea1b6?api-version=2023-05-02",
      "RequestMethod": "GET",
      "RequestHeaders": {
        "Authorization": "Sanitized",
        "traceparent": "00-22a5e190426448f1441313d1b5915ef7-f8793719b1f7da53-00",
        "User-Agent": "azsdk-net-ResourceManager/1.6.0 (.NET 6.0.18; Microsoft Windows 10.0.22621)",
        "x-ms-client-request-id": "e8aecabd50946758f8202b3e9fb6f3f1",
        "x-ms-return-client-request-id": "true"
      },
      "RequestBody": null,
      "StatusCode": 200,
      "ResponseHeaders": {
        "Cache-Control": "no-cache",
        "Content-Length": "478",
        "Content-Type": "application/json; charset=utf-8",
        "Date": "Thu, 29 Jun 2023 20:08:53 GMT",
        "Expires": "-1",
        "Pragma": "no-cache",
        "Server": "Microsoft-HTTPAPI/2.0",
        "Strict-Transport-Security": "max-age=31536000; includeSubDomains",
        "X-Content-Type-Options": "nosniff",
        "x-ms-correlation-request-id": "be22a911-faf9-4067-a92f-b842a8026a3b",
        "x-ms-operation-root-activity-id": "223b5ed7-fb2d-49fa-8fdc-4b984afff851",
        "x-ms-ratelimit-remaining-subscription-resource-requests": "230",
        "x-ms-request-id": "ea3d7e09-bf9e-4f9d-a061-cc5f11724479",
        "x-ms-routing-request-id": "FRANCESOUTH:20230629T200854Z:be22a911-faf9-4067-a92f-b842a8026a3b"
      },
      "ResponseBody": {
        "id": "/subscriptions/fbccad30-f0ed-4ac4-9497-93bf6141062f/providers/Microsoft.Kusto/locations/australiaeast/operationresults/bf29656b-01a0-4934-977d-873f776ea1b6",
        "name": "bf29656b-01a0-4934-977d-873f776ea1b6",
        "status": "Running",
        "startTime": "2023-06-29T20:08:35.2016443Z",
        "endTime": "2023-06-29T20:08:35.2016443Z",
        "percentComplete": 0.5,
        "properties": {
          "operationKind": "DmServiceCosmosDbDataConnectionAddOrUpdateCommand",
          "provisioningState": "Running",
          "operationState": "InProgress"
        }
      }
    },
    {
      "RequestUri": "https://management.azure.com/subscriptions/fbccad30-f0ed-4ac4-9497-93bf6141062f/providers/Microsoft.Kusto/locations/australiaeast/operationResults/bf29656b-01a0-4934-977d-873f776ea1b6?api-version=2023-05-02",
      "RequestMethod": "GET",
      "RequestHeaders": {
        "Authorization": "Sanitized",
        "traceparent": "00-22a5e190426448f1441313d1b5915ef7-2dedf826a63b6cc2-00",
        "User-Agent": "azsdk-net-ResourceManager/1.6.0 (.NET 6.0.18; Microsoft Windows 10.0.22621)",
        "x-ms-client-request-id": "b9fdc6df93314991496749e296a9cf69",
        "x-ms-return-client-request-id": "true"
      },
      "RequestBody": null,
      "StatusCode": 200,
      "ResponseHeaders": {
        "Cache-Control": "no-cache",
        "Content-Length": "478",
        "Content-Type": "application/json; charset=utf-8",
        "Date": "Thu, 29 Jun 2023 20:09:10 GMT",
        "Expires": "-1",
        "Pragma": "no-cache",
        "Server": "Microsoft-HTTPAPI/2.0",
        "Strict-Transport-Security": "max-age=31536000; includeSubDomains",
        "X-Content-Type-Options": "nosniff",
        "x-ms-correlation-request-id": "b862e022-07ba-44cd-9d71-6815ed2f5047",
        "x-ms-operation-root-activity-id": "223b5ed7-fb2d-49fa-8fdc-4b984afff851",
        "x-ms-ratelimit-remaining-subscription-resource-requests": "229",
        "x-ms-request-id": "47284aab-a63f-422f-8bce-d82e04c1a9c3",
        "x-ms-routing-request-id": "FRANCESOUTH:20230629T200910Z:b862e022-07ba-44cd-9d71-6815ed2f5047"
      },
      "ResponseBody": {
        "id": "/subscriptions/fbccad30-f0ed-4ac4-9497-93bf6141062f/providers/Microsoft.Kusto/locations/australiaeast/operationresults/bf29656b-01a0-4934-977d-873f776ea1b6",
        "name": "bf29656b-01a0-4934-977d-873f776ea1b6",
        "status": "Running",
        "startTime": "2023-06-29T20:08:35.2016443Z",
        "endTime": "2023-06-29T20:08:35.2016443Z",
        "percentComplete": 0.5,
        "properties": {
          "operationKind": "DmServiceCosmosDbDataConnectionAddOrUpdateCommand",
          "provisioningState": "Running",
          "operationState": "InProgress"
        }
      }
    },
    {
      "RequestUri": "https://management.azure.com/subscriptions/fbccad30-f0ed-4ac4-9497-93bf6141062f/providers/Microsoft.Kusto/locations/australiaeast/operationResults/bf29656b-01a0-4934-977d-873f776ea1b6?api-version=2023-05-02",
      "RequestMethod": "GET",
      "RequestHeaders": {
        "Authorization": "Sanitized",
        "traceparent": "00-22a5e190426448f1441313d1b5915ef7-127d8ee092e5b971-00",
        "User-Agent": "azsdk-net-ResourceManager/1.6.0 (.NET 6.0.18; Microsoft Windows 10.0.22621)",
        "x-ms-client-request-id": "407e01625fc9155a118858b1253fabf7",
        "x-ms-return-client-request-id": "true"
      },
      "RequestBody": null,
      "StatusCode": 200,
      "ResponseHeaders": {
        "Cache-Control": "no-cache",
        "Content-Length": "481",
        "Content-Type": "application/json; charset=utf-8",
        "Date": "Thu, 29 Jun 2023 20:09:42 GMT",
        "Expires": "-1",
        "Pragma": "no-cache",
        "Server": "Microsoft-HTTPAPI/2.0",
        "Strict-Transport-Security": "max-age=31536000; includeSubDomains",
        "X-Content-Type-Options": "nosniff",
        "x-ms-correlation-request-id": "8881cd70-8e2f-422e-a50f-71850ce66eae",
        "x-ms-operation-root-activity-id": "223b5ed7-fb2d-49fa-8fdc-4b984afff851",
        "x-ms-ratelimit-remaining-subscription-resource-requests": "228",
        "x-ms-request-id": "aa66ddbd-1773-48df-8544-5e4e2d2109e3",
        "x-ms-routing-request-id": "FRANCESOUTH:20230629T200943Z:8881cd70-8e2f-422e-a50f-71850ce66eae"
      },
      "ResponseBody": {
        "id": "/subscriptions/fbccad30-f0ed-4ac4-9497-93bf6141062f/providers/Microsoft.Kusto/locations/australiaeast/operationresults/bf29656b-01a0-4934-977d-873f776ea1b6",
        "name": "bf29656b-01a0-4934-977d-873f776ea1b6",
        "status": "Succeeded",
        "startTime": "2023-06-29T20:08:35.2016443Z",
        "endTime": "2023-06-29T20:09:11.7614686Z",
        "percentComplete": 1.0,
        "properties": {
          "operationKind": "DmServiceCosmosDbDataConnectionAddOrUpdateCommand",
          "provisioningState": "Succeeded",
          "operationState": "Completed"
        }
      }
    },
    {
      "RequestUri": "https://management.azure.com/subscriptions/fbccad30-f0ed-4ac4-9497-93bf6141062f/resourceGroups/CSharpSDKRG275/providers/Microsoft.Kusto/clusters/sdkCluster275/databases/sdkDatabase275/dataConnections/sdkCosmosDbDataConnection2751?api-version=2023-05-02",
      "RequestMethod": "GET",
      "RequestHeaders": {
        "Authorization": "Sanitized",
        "traceparent": "00-22a5e190426448f1441313d1b5915ef7-fbc3c7760e2e9561-00",
        "User-Agent": "azsdk-net-ResourceManager/1.6.0 (.NET 6.0.18; Microsoft Windows 10.0.22621)",
        "x-ms-client-request-id": "b95b449f3f0a293c39649f2c0675d04f",
        "x-ms-return-client-request-id": "true"
      },
      "RequestBody": null,
      "StatusCode": 200,
      "ResponseHeaders": {
        "Cache-Control": "no-cache",
        "Content-Length": "1050",
        "Content-Type": "application/json; charset=utf-8",
        "Date": "Thu, 29 Jun 2023 20:09:42 GMT",
        "Expires": "-1",
        "Pragma": "no-cache",
        "Server": "Microsoft-HTTPAPI/2.0",
        "Strict-Transport-Security": "max-age=31536000; includeSubDomains",
        "X-Content-Type-Options": "nosniff",
        "x-ms-correlation-request-id": "ea873b7a-f12e-4198-a8cd-605ffb5557da",
        "x-ms-ratelimit-remaining-subscription-resource-requests": "299",
        "x-ms-request-id": "cc543046-4721-43e5-b884-d3bce7784bb2",
        "x-ms-routing-request-id": "FRANCESOUTH:20230629T200943Z:ea873b7a-f12e-4198-a8cd-605ffb5557da"
      },
      "ResponseBody": {
        "id": "/subscriptions/fbccad30-f0ed-4ac4-9497-93bf6141062f/resourceGroups/CSharpSDKRG275/providers/Microsoft.Kusto/Clusters/sdkCluster275/Databases/sdkDatabase275/DataConnections/sdkCosmosDbDataConnection2751",
        "name": "sdkCluster275/sdkDatabase275/sdkCosmosDbDataConnection2751",
        "type": "Microsoft.Kusto/Clusters/Databases/DataConnections",
        "location": "Australia East",
        "kind": "CosmosDb",
        "properties": {
          "tableName": "sdkScriptContentTable275",
          "mappingRuleName": null,
          "managedIdentityResourceId": "/subscriptions/fbccad30-f0ed-4ac4-9497-93bf6141062f/resourceGroups/CSharpSDKRG275/providers/Microsoft.ManagedIdentity/userAssignedIdentities/sdkUserAssignedIdentity275",
          "managedIdentityObjectId": "350beacb-08b0-4272-aa40-9fe463a5304c",
          "cosmosDbAccountResourceId": "/subscriptions/fbccad30-f0ed-4ac4-9497-93bf6141062f/resourceGroups/CSharpSDKRG275/providers/Microsoft.DocumentDB/databaseAccounts/sdkcosmosdbaccount275",
          "cosmosDbDatabase": "mydb",
          "cosmosDbContainer": "mycontainer",
          "retrievalStartDate": "2023-06-29T20:09:11.5365229Z",
          "provisioningState": "Succeeded"
        }
      }
    },
    {
      "RequestUri": "https://management.azure.com/subscriptions/fbccad30-f0ed-4ac4-9497-93bf6141062f/resourceGroups/CSharpSDKRG275/providers/Microsoft.Kusto/clusters/sdkCluster275/databases/sdkDatabase275/dataConnections/sdkCosmosDbDataConnection2751?api-version=2023-05-02",
      "RequestMethod": "PUT",
      "RequestHeaders": {
        "Accept": "application/json",
        "Authorization": "Sanitized",
        "Content-Length": "592",
        "Content-Type": "application/json",
        "traceparent": "00-2c5981ed4e7633e776dd582c96b31e7c-1621586bf58bf790-00",
        "User-Agent": "azsdk-net-ResourceManager.Kusto/1.4.0-alpha.20230629.1 (.NET 6.0.18; Microsoft Windows 10.0.22621)",
        "x-ms-client-request-id": "9ddcc151b3387f276ce8a7a83bdf230a",
        "x-ms-return-client-request-id": "true"
      },
      "RequestBody": {
        "location": "australiaeast",
        "kind": "CosmosDb",
        "properties": {
          "tableName": "sdkScriptContentTable275",
          "managedIdentityResourceId": "/subscriptions/fbccad30-f0ed-4ac4-9497-93bf6141062f/resourceGroups/CSharpSDKRG275/providers/Microsoft.ManagedIdentity/userAssignedIdentities/sdkUserAssignedIdentity275",
          "cosmosDbAccountResourceId": "/subscriptions/fbccad30-f0ed-4ac4-9497-93bf6141062f/resourceGroups/CSharpSDKRG275/providers/Microsoft.DocumentDB/databaseAccounts/sdkcosmosdbaccount275",
          "cosmosDbDatabase": "mydb",
          "cosmosDbContainer": "mycontainer",
          "retrievalStartDate": "0001-01-01T00:00:00.0000000Z"
        }
      },
      "StatusCode": 200,
      "ResponseHeaders": {
        "Azure-AsyncOperation": "https://management.azure.com/subscriptions/fbccad30-f0ed-4ac4-9497-93bf6141062f/providers/Microsoft.Kusto/locations/Australia East/operationResults/12e09eb7-965a-475b-837c-b4d28fb3e3a9?api-version=2023-05-02",
        "Cache-Control": "no-cache",
        "Content-Length": "961",
        "Content-Type": "application/json; charset=utf-8",
        "Date": "Thu, 29 Jun 2023 20:09:43 GMT",
        "Expires": "-1",
        "Pragma": "no-cache",
        "Server": "Microsoft-HTTPAPI/2.0",
        "Strict-Transport-Security": "max-age=31536000; includeSubDomains",
        "X-Content-Type-Options": "nosniff",
        "x-ms-correlation-request-id": "a22d9c2d-cd46-4a2a-be4e-bb132cfc09ee",
        "x-ms-ratelimit-remaining-subscription-resource-requests": "198",
        "x-ms-request-id": "308dc8f0-f19c-4a7f-a8da-e1b56a4d8810",
        "x-ms-routing-request-id": "FRANCESOUTH:20230629T200944Z:a22d9c2d-cd46-4a2a-be4e-bb132cfc09ee"
      },
      "ResponseBody": {
        "id": "/subscriptions/fbccad30-f0ed-4ac4-9497-93bf6141062f/resourceGroups/CSharpSDKRG275/providers/Microsoft.Kusto/Clusters/sdkCluster275/Databases/sdkDatabase275/DataConnections/sdkCosmosDbDataConnection2751",
        "name": "sdkCluster275/sdkDatabase275/sdkCosmosDbDataConnection2751",
        "type": "Microsoft.Kusto/Clusters/Databases/DataConnections",
        "location": "Australia East",
        "kind": "CosmosDb",
        "properties": {
          "tableName": "sdkScriptContentTable275",
          "managedIdentityResourceId": "/subscriptions/fbccad30-f0ed-4ac4-9497-93bf6141062f/resourceGroups/CSharpSDKRG275/providers/Microsoft.ManagedIdentity/userAssignedIdentities/sdkUserAssignedIdentity275",
          "cosmosDbAccountResourceId": "/subscriptions/fbccad30-f0ed-4ac4-9497-93bf6141062f/resourceGroups/CSharpSDKRG275/providers/Microsoft.DocumentDB/databaseAccounts/sdkcosmosdbaccount275",
          "cosmosDbDatabase": "mydb",
          "cosmosDbContainer": "mycontainer",
          "retrievalStartDate": "0001-01-01T00:00:00.0000000Z",
          "provisioningState": "Accepted"
        }
      }
    },
    {
      "RequestUri": "https://management.azure.com/subscriptions/fbccad30-f0ed-4ac4-9497-93bf6141062f/providers/Microsoft.Kusto/locations/Australia%20East/operationResults/12e09eb7-965a-475b-837c-b4d28fb3e3a9?api-version=2023-05-02",
      "RequestMethod": "GET",
      "RequestHeaders": {
        "Authorization": "Sanitized",
        "traceparent": "00-2c5981ed4e7633e776dd582c96b31e7c-e71448f93bf37712-00",
        "User-Agent": "azsdk-net-ResourceManager/1.6.0 (.NET 6.0.18; Microsoft Windows 10.0.22621)",
        "x-ms-client-request-id": "646009b80e62ebbf1cdc4d219793ee59",
        "x-ms-return-client-request-id": "true"
      },
      "RequestBody": null,
      "StatusCode": 200,
      "ResponseHeaders": {
        "Cache-Control": "no-cache",
        "Content-Length": "479",
        "Content-Type": "application/json; charset=utf-8",
        "Date": "Thu, 29 Jun 2023 20:09:44 GMT",
        "Expires": "-1",
        "Pragma": "no-cache",
        "Server": "Microsoft-HTTPAPI/2.0",
        "Strict-Transport-Security": "max-age=31536000; includeSubDomains",
        "X-Content-Type-Options": "nosniff",
        "x-ms-correlation-request-id": "61f06501-823d-4c6b-9ba0-fcc72abe5757",
        "x-ms-operation-root-activity-id": "5e11db23-30fd-460d-b327-948aadb96034",
        "x-ms-ratelimit-remaining-subscription-resource-requests": "227",
        "x-ms-request-id": "1c0d96a3-8450-416e-8340-fa8a2a5fd3b9",
        "x-ms-routing-request-id": "FRANCESOUTH:20230629T200944Z:61f06501-823d-4c6b-9ba0-fcc72abe5757"
      },
      "ResponseBody": {
        "id": "/subscriptions/fbccad30-f0ed-4ac4-9497-93bf6141062f/providers/Microsoft.Kusto/locations/Australia East/operationresults/12e09eb7-965a-475b-837c-b4d28fb3e3a9",
        "name": "12e09eb7-965a-475b-837c-b4d28fb3e3a9",
        "status": "Running",
        "startTime": "2023-06-29T20:09:44.5192788Z",
        "endTime": "2023-06-29T20:09:44.5192788Z",
        "percentComplete": 0.5,
        "properties": {
          "operationKind": "DmServiceCosmosDbDataConnectionAddOrUpdateCommand",
          "provisioningState": "Running",
          "operationState": "InProgress"
        }
      }
    },
    {
      "RequestUri": "https://management.azure.com/subscriptions/fbccad30-f0ed-4ac4-9497-93bf6141062f/providers/Microsoft.Kusto/locations/Australia%20East/operationResults/12e09eb7-965a-475b-837c-b4d28fb3e3a9?api-version=2023-05-02",
      "RequestMethod": "GET",
      "RequestHeaders": {
        "Authorization": "Sanitized",
        "traceparent": "00-2c5981ed4e7633e776dd582c96b31e7c-ce31deb08181c984-00",
        "User-Agent": "azsdk-net-ResourceManager/1.6.0 (.NET 6.0.18; Microsoft Windows 10.0.22621)",
        "x-ms-client-request-id": "b47095407d313b0163bad8e4acc2be3f",
        "x-ms-return-client-request-id": "true"
      },
      "RequestBody": null,
      "StatusCode": 200,
      "ResponseHeaders": {
        "Cache-Control": "no-cache",
        "Content-Length": "481",
        "Content-Type": "application/json; charset=utf-8",
        "Date": "Thu, 29 Jun 2023 20:09:45 GMT",
        "Expires": "-1",
        "Pragma": "no-cache",
        "Server": "Microsoft-HTTPAPI/2.0",
        "Strict-Transport-Security": "max-age=31536000; includeSubDomains",
        "X-Content-Type-Options": "nosniff",
        "x-ms-correlation-request-id": "87941ed7-420b-478f-82c8-745c0a127eb8",
        "x-ms-operation-root-activity-id": "5e11db23-30fd-460d-b327-948aadb96034",
        "x-ms-ratelimit-remaining-subscription-resource-requests": "226",
        "x-ms-request-id": "04f2d880-0208-494e-ae8f-de1d7845414b",
        "x-ms-routing-request-id": "FRANCESOUTH:20230629T200946Z:87941ed7-420b-478f-82c8-745c0a127eb8"
      },
      "ResponseBody": {
        "id": "/subscriptions/fbccad30-f0ed-4ac4-9497-93bf6141062f/providers/Microsoft.Kusto/locations/Australia East/operationresults/12e09eb7-965a-475b-837c-b4d28fb3e3a9",
        "name": "12e09eb7-965a-475b-837c-b4d28fb3e3a9",
        "status": "Succeeded",
        "startTime": "2023-06-29T20:09:44.5192788Z",
        "endTime": "2023-06-29T20:09:45.988081Z",
        "percentComplete": 1.0,
        "properties": {
          "operationKind": "DmServiceCosmosDbDataConnectionAddOrUpdateCommand",
          "provisioningState": "Succeeded",
          "operationState": "Completed"
        }
      }
    },
    {
      "RequestUri": "https://management.azure.com/subscriptions/fbccad30-f0ed-4ac4-9497-93bf6141062f/resourceGroups/CSharpSDKRG275/providers/Microsoft.Kusto/clusters/sdkCluster275/databases/sdkDatabase275/dataConnections/sdkCosmosDbDataConnection2751?api-version=2023-05-02",
      "RequestMethod": "GET",
      "RequestHeaders": {
        "Authorization": "Sanitized",
        "traceparent": "00-2c5981ed4e7633e776dd582c96b31e7c-74e6fea0a4bf3052-00",
        "User-Agent": "azsdk-net-ResourceManager/1.6.0 (.NET 6.0.18; Microsoft Windows 10.0.22621)",
        "x-ms-client-request-id": "32f00bd9bf7fada791583671c83c8a31",
        "x-ms-return-client-request-id": "true"
      },
      "RequestBody": null,
      "StatusCode": 200,
      "ResponseHeaders": {
        "Cache-Control": "no-cache",
        "Content-Length": "1042",
        "Content-Type": "application/json; charset=utf-8",
        "Date": "Thu, 29 Jun 2023 20:09:46 GMT",
        "Expires": "-1",
        "Pragma": "no-cache",
        "Server": "Microsoft-HTTPAPI/2.0",
        "Strict-Transport-Security": "max-age=31536000; includeSubDomains",
        "X-Content-Type-Options": "nosniff",
        "x-ms-correlation-request-id": "d3873d0e-d665-4c68-a6fd-9922d567170f",
        "x-ms-ratelimit-remaining-subscription-resource-requests": "298",
        "x-ms-request-id": "1a8fd4bb-847d-43da-9c3a-26201cd28e29",
        "x-ms-routing-request-id": "FRANCESOUTH:20230629T200947Z:d3873d0e-d665-4c68-a6fd-9922d567170f"
      },
      "ResponseBody": {
        "id": "/subscriptions/fbccad30-f0ed-4ac4-9497-93bf6141062f/resourceGroups/CSharpSDKRG275/providers/Microsoft.Kusto/Clusters/sdkCluster275/Databases/sdkDatabase275/DataConnections/sdkCosmosDbDataConnection2751",
        "name": "sdkCluster275/sdkDatabase275/sdkCosmosDbDataConnection2751",
        "type": "Microsoft.Kusto/Clusters/Databases/DataConnections",
        "location": "Australia East",
        "kind": "CosmosDb",
        "properties": {
          "tableName": "sdkScriptContentTable275",
          "mappingRuleName": null,
          "managedIdentityResourceId": "/subscriptions/fbccad30-f0ed-4ac4-9497-93bf6141062f/resourceGroups/CSharpSDKRG275/providers/Microsoft.ManagedIdentity/userAssignedIdentities/sdkUserAssignedIdentity275",
          "managedIdentityObjectId": "350beacb-08b0-4272-aa40-9fe463a5304c",
          "cosmosDbAccountResourceId": "/subscriptions/fbccad30-f0ed-4ac4-9497-93bf6141062f/resourceGroups/CSharpSDKRG275/providers/Microsoft.DocumentDB/databaseAccounts/sdkcosmosdbaccount275",
          "cosmosDbDatabase": "mydb",
          "cosmosDbContainer": "mycontainer",
          "retrievalStartDate": "0001-01-01T00:00:00Z",
          "provisioningState": "Succeeded"
        }
      }
    },
    {
      "RequestUri": "https://management.azure.com/subscriptions/fbccad30-f0ed-4ac4-9497-93bf6141062f/resourceGroups/CSharpSDKRG275/providers/Microsoft.Kusto/clusters/sdkCluster275/databases/sdkDatabase275/dataConnections/sdkCosmosDbDataConnection2751?api-version=2023-05-02",
      "RequestMethod": "GET",
      "RequestHeaders": {
        "Accept": "application/json",
        "Authorization": "Sanitized",
        "traceparent": "00-d36d6d9b4ca3be55ccc7fcf44f2be039-2ed8cf97bec6e48d-00",
        "User-Agent": "azsdk-net-ResourceManager.Kusto/1.4.0-alpha.20230629.1 (.NET 6.0.18; Microsoft Windows 10.0.22621)",
        "x-ms-client-request-id": "2b24ad655abd3b6b082401a836db3e59",
        "x-ms-return-client-request-id": "true"
      },
      "RequestBody": null,
      "StatusCode": 200,
      "ResponseHeaders": {
        "Cache-Control": "no-cache",
        "Content-Length": "1042",
        "Content-Type": "application/json; charset=utf-8",
        "Date": "Thu, 29 Jun 2023 20:09:46 GMT",
        "Expires": "-1",
        "Pragma": "no-cache",
        "Server": "Microsoft-HTTPAPI/2.0",
        "Strict-Transport-Security": "max-age=31536000; includeSubDomains",
        "X-Content-Type-Options": "nosniff",
        "x-ms-correlation-request-id": "3bd7467c-3820-422f-a37f-c593ee2d0d2d",
        "x-ms-ratelimit-remaining-subscription-resource-requests": "297",
        "x-ms-request-id": "38988989-5e09-45ed-b9cb-e7ec42ba8fa8",
        "x-ms-routing-request-id": "FRANCESOUTH:20230629T200947Z:3bd7467c-3820-422f-a37f-c593ee2d0d2d"
      },
      "ResponseBody": {
        "id": "/subscriptions/fbccad30-f0ed-4ac4-9497-93bf6141062f/resourceGroups/CSharpSDKRG275/providers/Microsoft.Kusto/Clusters/sdkCluster275/Databases/sdkDatabase275/DataConnections/sdkCosmosDbDataConnection2751",
        "name": "sdkCluster275/sdkDatabase275/sdkCosmosDbDataConnection2751",
        "type": "Microsoft.Kusto/Clusters/Databases/DataConnections",
        "location": "Australia East",
        "kind": "CosmosDb",
        "properties": {
          "tableName": "sdkScriptContentTable275",
          "mappingRuleName": null,
          "managedIdentityResourceId": "/subscriptions/fbccad30-f0ed-4ac4-9497-93bf6141062f/resourceGroups/CSharpSDKRG275/providers/Microsoft.ManagedIdentity/userAssignedIdentities/sdkUserAssignedIdentity275",
          "managedIdentityObjectId": "350beacb-08b0-4272-aa40-9fe463a5304c",
          "cosmosDbAccountResourceId": "/subscriptions/fbccad30-f0ed-4ac4-9497-93bf6141062f/resourceGroups/CSharpSDKRG275/providers/Microsoft.DocumentDB/databaseAccounts/sdkcosmosdbaccount275",
          "cosmosDbDatabase": "mydb",
          "cosmosDbContainer": "mycontainer",
          "retrievalStartDate": "0001-01-01T00:00:00Z",
          "provisioningState": "Succeeded"
        }
      }
    },
    {
      "RequestUri": "https://management.azure.com/subscriptions/fbccad30-f0ed-4ac4-9497-93bf6141062f/resourceGroups/CSharpSDKRG275/providers/Microsoft.Kusto/clusters/sdkCluster275/databases/sdkDatabase275/dataConnections?api-version=2023-05-02",
      "RequestMethod": "GET",
      "RequestHeaders": {
        "Accept": "application/json",
        "Authorization": "Sanitized",
        "traceparent": "00-368aedde04a5a8f45d2476830be788b1-1161c3c42589a3a8-00",
        "User-Agent": "azsdk-net-ResourceManager.Kusto/1.4.0-alpha.20230629.1 (.NET 6.0.18; Microsoft Windows 10.0.22621)",
        "x-ms-client-request-id": "8c480d1dbca380daedc222d9478f7226",
        "x-ms-return-client-request-id": "true"
      },
      "RequestBody": null,
      "StatusCode": 200,
      "ResponseHeaders": {
        "Cache-Control": "no-cache",
        "Content-Length": "1054",
        "Content-Type": "application/json; charset=utf-8",
        "Date": "Thu, 29 Jun 2023 20:09:47 GMT",
        "Expires": "-1",
        "Pragma": "no-cache",
        "Server": "Microsoft-HTTPAPI/2.0",
        "Strict-Transport-Security": "max-age=31536000; includeSubDomains",
        "X-Content-Type-Options": "nosniff",
        "x-ms-correlation-request-id": "d6de6a2e-609d-475c-9a0f-fd1158b52387",
        "x-ms-ratelimit-remaining-subscription-resource-requests": "296",
        "x-ms-request-id": "d0a149b3-3247-4d2f-9063-a91cf01d78d6",
        "x-ms-routing-request-id": "FRANCESOUTH:20230629T200948Z:d6de6a2e-609d-475c-9a0f-fd1158b52387"
      },
      "ResponseBody": {
        "value": [
          {
            "id": "/subscriptions/fbccad30-f0ed-4ac4-9497-93bf6141062f/resourceGroups/CSharpSDKRG275/providers/Microsoft.Kusto/Clusters/sdkCluster275/Databases/sdkDatabase275/DataConnections/sdkCosmosDbDataConnection2751",
            "name": "sdkCluster275/sdkDatabase275/sdkCosmosDbDataConnection2751",
            "type": "Microsoft.Kusto/Clusters/Databases/DataConnections",
            "location": "Australia East",
            "kind": "CosmosDb",
            "properties": {
              "tableName": "sdkScriptContentTable275",
              "mappingRuleName": null,
              "managedIdentityResourceId": "/subscriptions/fbccad30-f0ed-4ac4-9497-93bf6141062f/resourceGroups/CSharpSDKRG275/providers/Microsoft.ManagedIdentity/userAssignedIdentities/sdkUserAssignedIdentity275",
              "managedIdentityObjectId": "350beacb-08b0-4272-aa40-9fe463a5304c",
              "cosmosDbAccountResourceId": "/subscriptions/fbccad30-f0ed-4ac4-9497-93bf6141062f/resourceGroups/CSharpSDKRG275/providers/Microsoft.DocumentDB/databaseAccounts/sdkcosmosdbaccount275",
              "cosmosDbDatabase": "mydb",
              "cosmosDbContainer": "mycontainer",
              "retrievalStartDate": "0001-01-01T00:00:00Z",
              "provisioningState": "Succeeded"
            }
          }
        ]
      }
    },
    {
      "RequestUri": "https://management.azure.com/subscriptions/fbccad30-f0ed-4ac4-9497-93bf6141062f/resourceGroups/CSharpSDKRG275/providers/Microsoft.Kusto/clusters/sdkCluster275/databases/sdkDatabase275/dataConnections/sdkCosmosDbDataConnection2751?api-version=2023-05-02",
      "RequestMethod": "GET",
      "RequestHeaders": {
        "Accept": "application/json",
        "Authorization": "Sanitized",
        "traceparent": "00-23ebb75b16c808df4e35e9b8c8d93cb5-ff792f7cf29d9fc4-00",
        "User-Agent": "azsdk-net-ResourceManager.Kusto/1.4.0-alpha.20230629.1 (.NET 6.0.18; Microsoft Windows 10.0.22621)",
        "x-ms-client-request-id": "ff7ea62f939e7f819fb52a5bbefe77b6",
        "x-ms-return-client-request-id": "true"
      },
      "RequestBody": null,
      "StatusCode": 200,
      "ResponseHeaders": {
        "Cache-Control": "no-cache",
        "Content-Length": "1042",
        "Content-Type": "application/json; charset=utf-8",
        "Date": "Thu, 29 Jun 2023 20:09:47 GMT",
        "Expires": "-1",
        "Pragma": "no-cache",
        "Server": "Microsoft-HTTPAPI/2.0",
        "Strict-Transport-Security": "max-age=31536000; includeSubDomains",
        "X-Content-Type-Options": "nosniff",
        "x-ms-correlation-request-id": "fe58628e-9a01-4636-8644-c1d4f5aac2a8",
        "x-ms-ratelimit-remaining-subscription-resource-requests": "295",
        "x-ms-request-id": "5ce46938-c195-4468-a46f-6028992a2bfc",
        "x-ms-routing-request-id": "FRANCESOUTH:20230629T200948Z:fe58628e-9a01-4636-8644-c1d4f5aac2a8"
      },
      "ResponseBody": {
        "id": "/subscriptions/fbccad30-f0ed-4ac4-9497-93bf6141062f/resourceGroups/CSharpSDKRG275/providers/Microsoft.Kusto/Clusters/sdkCluster275/Databases/sdkDatabase275/DataConnections/sdkCosmosDbDataConnection2751",
        "name": "sdkCluster275/sdkDatabase275/sdkCosmosDbDataConnection2751",
        "type": "Microsoft.Kusto/Clusters/Databases/DataConnections",
        "location": "Australia East",
        "kind": "CosmosDb",
        "properties": {
          "tableName": "sdkScriptContentTable275",
          "mappingRuleName": null,
          "managedIdentityResourceId": "/subscriptions/fbccad30-f0ed-4ac4-9497-93bf6141062f/resourceGroups/CSharpSDKRG275/providers/Microsoft.ManagedIdentity/userAssignedIdentities/sdkUserAssignedIdentity275",
          "managedIdentityObjectId": "350beacb-08b0-4272-aa40-9fe463a5304c",
          "cosmosDbAccountResourceId": "/subscriptions/fbccad30-f0ed-4ac4-9497-93bf6141062f/resourceGroups/CSharpSDKRG275/providers/Microsoft.DocumentDB/databaseAccounts/sdkcosmosdbaccount275",
          "cosmosDbDatabase": "mydb",
          "cosmosDbContainer": "mycontainer",
          "retrievalStartDate": "0001-01-01T00:00:00Z",
          "provisioningState": "Succeeded"
        }
      }
    },
    {
      "RequestUri": "https://management.azure.com/subscriptions/fbccad30-f0ed-4ac4-9497-93bf6141062f/resourceGroups/CSharpSDKRG275/providers/Microsoft.Kusto/clusters/sdkCluster275/databases/sdkDatabase275/dataConnections/nonExistent?api-version=2023-05-02",
      "RequestMethod": "GET",
      "RequestHeaders": {
        "Accept": "application/json",
        "Authorization": "Sanitized",
        "traceparent": "00-2342912cac5dd13ea9b59ceae0e92696-81ff6d218202f888-00",
        "User-Agent": "azsdk-net-ResourceManager.Kusto/1.4.0-alpha.20230629.1 (.NET 6.0.18; Microsoft Windows 10.0.22621)",
        "x-ms-client-request-id": "ba53dc19fdf4a98dd3a33dfb3791f378",
        "x-ms-return-client-request-id": "true"
      },
      "RequestBody": null,
      "StatusCode": 404,
      "ResponseHeaders": {
        "Cache-Control": "no-cache",
        "Content-Length": "278",
        "Content-Type": "application/json; charset=utf-8",
        "Date": "Thu, 29 Jun 2023 20:09:48 GMT",
        "Expires": "-1",
        "Pragma": "no-cache",
        "Server": "Microsoft-HTTPAPI/2.0",
        "Strict-Transport-Security": "max-age=31536000; includeSubDomains",
        "X-Content-Type-Options": "nosniff",
        "x-ms-correlation-request-id": "5d328006-9f06-4512-9f16-ee3b293fa6bf",
        "x-ms-ratelimit-remaining-subscription-resource-requests": "294",
        "x-ms-request-id": "0787e312-7e07-404b-8a20-df8dc93cc1b9",
        "x-ms-routing-request-id": "FRANCESOUTH:20230629T200949Z:5d328006-9f06-4512-9f16-ee3b293fa6bf"
      },
      "ResponseBody": {
        "error": {
          "code": "ResourceNotFound",
          "message": "The resource with identifier \u0027/subscriptions/fbccad30-f0ed-4ac4-9497-93bf6141062f/resourceGroups/CSharpSDKRG275/providers/Microsoft.Kusto/Clusters/sdkCluster275/Databases/sdkDatabase275/DataConnections/nonExistent\u0027 is not found."
        }
      }
    },
    {
      "RequestUri": "https://management.azure.com/subscriptions/fbccad30-f0ed-4ac4-9497-93bf6141062f/resourceGroups/CSharpSDKRG275/providers/Microsoft.Kusto/clusters/sdkCluster275/databases/sdkDatabase275/dataConnections/sdkCosmosDbDataConnection2751?api-version=2023-05-02",
      "RequestMethod": "GET",
      "RequestHeaders": {
        "Accept": "application/json",
        "Authorization": "Sanitized",
        "traceparent": "00-1e6d56eb91ca5180f8fc6820c60bf2a2-62a8b10abd15fffc-00",
        "User-Agent": "azsdk-net-ResourceManager.Kusto/1.4.0-alpha.20230629.1 (.NET 6.0.18; Microsoft Windows 10.0.22621)",
        "x-ms-client-request-id": "8f79dab13e5d89bb8cc8ecee927ec1ef",
        "x-ms-return-client-request-id": "true"
      },
      "RequestBody": null,
      "StatusCode": 200,
      "ResponseHeaders": {
        "Cache-Control": "no-cache",
        "Content-Length": "1042",
        "Content-Type": "application/json; charset=utf-8",
        "Date": "Thu, 29 Jun 2023 20:09:49 GMT",
        "Expires": "-1",
        "Pragma": "no-cache",
        "Server": "Microsoft-HTTPAPI/2.0",
        "Strict-Transport-Security": "max-age=31536000; includeSubDomains",
        "X-Content-Type-Options": "nosniff",
        "x-ms-correlation-request-id": "556614e5-a09e-4837-b69f-2e3924007649",
        "x-ms-ratelimit-remaining-subscription-resource-requests": "293",
        "x-ms-request-id": "b9ca8b62-2e7a-4f74-a3bc-4964651978d0",
        "x-ms-routing-request-id": "FRANCESOUTH:20230629T200950Z:556614e5-a09e-4837-b69f-2e3924007649"
      },
      "ResponseBody": {
        "id": "/subscriptions/fbccad30-f0ed-4ac4-9497-93bf6141062f/resourceGroups/CSharpSDKRG275/providers/Microsoft.Kusto/Clusters/sdkCluster275/Databases/sdkDatabase275/DataConnections/sdkCosmosDbDataConnection2751",
        "name": "sdkCluster275/sdkDatabase275/sdkCosmosDbDataConnection2751",
        "type": "Microsoft.Kusto/Clusters/Databases/DataConnections",
        "location": "Australia East",
        "kind": "CosmosDb",
        "properties": {
          "tableName": "sdkScriptContentTable275",
          "mappingRuleName": null,
          "managedIdentityResourceId": "/subscriptions/fbccad30-f0ed-4ac4-9497-93bf6141062f/resourceGroups/CSharpSDKRG275/providers/Microsoft.ManagedIdentity/userAssignedIdentities/sdkUserAssignedIdentity275",
          "managedIdentityObjectId": "350beacb-08b0-4272-aa40-9fe463a5304c",
          "cosmosDbAccountResourceId": "/subscriptions/fbccad30-f0ed-4ac4-9497-93bf6141062f/resourceGroups/CSharpSDKRG275/providers/Microsoft.DocumentDB/databaseAccounts/sdkcosmosdbaccount275",
          "cosmosDbDatabase": "mydb",
          "cosmosDbContainer": "mycontainer",
          "retrievalStartDate": "0001-01-01T00:00:00Z",
          "provisioningState": "Succeeded"
        }
      }
    },
    {
      "RequestUri": "https://management.azure.com/subscriptions/fbccad30-f0ed-4ac4-9497-93bf6141062f/resourceGroups/CSharpSDKRG275/providers/Microsoft.Kusto/clusters/sdkCluster275/databases/sdkDatabase275/dataConnections/sdkCosmosDbDataConnection2751?api-version=2023-05-02",
      "RequestMethod": "DELETE",
      "RequestHeaders": {
        "Accept": "application/json",
        "Authorization": "Sanitized",
        "traceparent": "00-9204f9a291c69214a6104d767c94e167-a70242da6c88bd98-00",
        "User-Agent": "azsdk-net-ResourceManager.Kusto/1.4.0-alpha.20230629.1 (.NET 6.0.18; Microsoft Windows 10.0.22621)",
        "x-ms-client-request-id": "6bc06c4ab83c313119d42cfa5686480e",
        "x-ms-return-client-request-id": "true"
      },
      "RequestBody": null,
      "StatusCode": 202,
      "ResponseHeaders": {
        "Azure-AsyncOperation": "https://management.azure.com/subscriptions/fbccad30-f0ed-4ac4-9497-93bf6141062f/providers/Microsoft.Kusto/locations/Australia East/operationResults/09ad18a6-08ba-4e5f-ad5b-a99f325ea04e?api-version=2023-05-02",
        "Cache-Control": "no-cache",
        "Content-Length": "0",
        "Date": "Thu, 29 Jun 2023 20:09:49 GMT",
        "Expires": "-1",
        "Location": "https://management.azure.com/subscriptions/fbccad30-f0ed-4ac4-9497-93bf6141062f/providers/Microsoft.Kusto/locations/Australia%20East/operationResults/09ad18a6-08ba-4e5f-ad5b-a99f325ea04e?api-version=2023-05-02\u0026operationResultResponseType=Location",
        "Pragma": "no-cache",
        "Server": "Microsoft-HTTPAPI/2.0",
        "Strict-Transport-Security": "max-age=31536000; includeSubDomains",
        "X-Content-Type-Options": "nosniff",
        "x-ms-correlation-request-id": "9fb02c9b-bc5e-46bb-86e2-1525d4c2f339",
        "x-ms-ratelimit-remaining-subscription-deletes": "14991",
        "x-ms-request-id": "9fb02c9b-bc5e-46bb-86e2-1525d4c2f339",
        "x-ms-routing-request-id": "FRANCESOUTH:20230629T200950Z:9fb02c9b-bc5e-46bb-86e2-1525d4c2f339"
      },
      "ResponseBody": null
    },
    {
      "RequestUri": "https://management.azure.com/subscriptions/fbccad30-f0ed-4ac4-9497-93bf6141062f/providers/Microsoft.Kusto/locations/Australia%20East/operationResults/09ad18a6-08ba-4e5f-ad5b-a99f325ea04e?api-version=2023-05-02",
      "RequestMethod": "GET",
      "RequestHeaders": {
        "Authorization": "Sanitized",
        "traceparent": "00-9204f9a291c69214a6104d767c94e167-80a820d3d35027df-00",
        "User-Agent": "azsdk-net-ResourceManager/1.6.0 (.NET 6.0.18; Microsoft Windows 10.0.22621)",
        "x-ms-client-request-id": "cab04ee188d1f93ca947768811c03305",
        "x-ms-return-client-request-id": "true"
      },
      "RequestBody": null,
      "StatusCode": 200,
      "ResponseHeaders": {
        "Cache-Control": "no-cache",
        "Content-Length": "455",
        "Content-Type": "application/json; charset=utf-8",
        "Date": "Thu, 29 Jun 2023 20:09:50 GMT",
        "Expires": "-1",
        "Pragma": "no-cache",
        "Server": "Microsoft-HTTPAPI/2.0",
        "Strict-Transport-Security": "max-age=31536000; includeSubDomains",
        "X-Content-Type-Options": "nosniff",
        "x-ms-correlation-request-id": "fa491e36-8067-4a71-bebe-973083433681",
        "x-ms-operation-root-activity-id": "69090908-04a3-40ac-9d5f-617f5daf0cec",
        "x-ms-ratelimit-remaining-subscription-resource-requests": "225",
        "x-ms-request-id": "37225a14-a760-44e9-acb8-217f49b371ef",
        "x-ms-routing-request-id": "FRANCESOUTH:20230629T200951Z:fa491e36-8067-4a71-bebe-973083433681"
      },
      "ResponseBody": {
        "id": "/subscriptions/fbccad30-f0ed-4ac4-9497-93bf6141062f/providers/Microsoft.Kusto/locations/Australia East/operationresults/09ad18a6-08ba-4e5f-ad5b-a99f325ea04e",
        "name": "09ad18a6-08ba-4e5f-ad5b-a99f325ea04e",
        "status": "Running",
        "startTime": "2023-06-29T20:09:50.7538592Z",
        "endTime": "2023-06-29T20:09:50.7538592Z",
        "percentComplete": 0.5,
        "properties": {
          "operationKind": "DmServiceDataObtainerDrop",
          "provisioningState": "Running",
          "operationState": "InProgress"
        }
      }
    },
    {
      "RequestUri": "https://management.azure.com/subscriptions/fbccad30-f0ed-4ac4-9497-93bf6141062f/providers/Microsoft.Kusto/locations/Australia%20East/operationResults/09ad18a6-08ba-4e5f-ad5b-a99f325ea04e?api-version=2023-05-02",
      "RequestMethod": "GET",
      "RequestHeaders": {
        "Authorization": "Sanitized",
        "traceparent": "00-9204f9a291c69214a6104d767c94e167-1b666d4ee6978066-00",
        "User-Agent": "azsdk-net-ResourceManager/1.6.0 (.NET 6.0.18; Microsoft Windows 10.0.22621)",
        "x-ms-client-request-id": "e02dde80ded4626913e54a718905207a",
        "x-ms-return-client-request-id": "true"
      },
      "RequestBody": null,
      "StatusCode": 200,
      "ResponseHeaders": {
        "Cache-Control": "no-cache",
        "Content-Length": "458",
        "Content-Type": "application/json; charset=utf-8",
        "Date": "Thu, 29 Jun 2023 20:09:51 GMT",
        "Expires": "-1",
        "Pragma": "no-cache",
        "Server": "Microsoft-HTTPAPI/2.0",
        "Strict-Transport-Security": "max-age=31536000; includeSubDomains",
        "X-Content-Type-Options": "nosniff",
        "x-ms-correlation-request-id": "0466813c-e8e7-40b8-a6d6-72d468cb901c",
        "x-ms-operation-root-activity-id": "69090908-04a3-40ac-9d5f-617f5daf0cec",
        "x-ms-ratelimit-remaining-subscription-resource-requests": "224",
        "x-ms-request-id": "fafd0a53-24e9-4ff5-93d5-86a9dfb31dea",
        "x-ms-routing-request-id": "FRANCESOUTH:20230629T200952Z:0466813c-e8e7-40b8-a6d6-72d468cb901c"
      },
      "ResponseBody": {
        "id": "/subscriptions/fbccad30-f0ed-4ac4-9497-93bf6141062f/providers/Microsoft.Kusto/locations/Australia East/operationresults/09ad18a6-08ba-4e5f-ad5b-a99f325ea04e",
        "name": "09ad18a6-08ba-4e5f-ad5b-a99f325ea04e",
        "status": "Succeeded",
        "startTime": "2023-06-29T20:09:50.7538592Z",
        "endTime": "2023-06-29T20:09:51.8476643Z",
        "percentComplete": 1.0,
        "properties": {
          "operationKind": "DmServiceDataObtainerDrop",
          "provisioningState": "Succeeded",
          "operationState": "Completed"
        }
      }
    },
    {
      "RequestUri": "https://management.azure.com/subscriptions/fbccad30-f0ed-4ac4-9497-93bf6141062f/resourceGroups/CSharpSDKRG275/providers/Microsoft.Kusto/clusters/sdkCluster275/databases/sdkDatabase275/dataConnections/sdkCosmosDbDataConnection2751?api-version=2023-05-02",
      "RequestMethod": "GET",
      "RequestHeaders": {
        "Accept": "application/json",
        "Authorization": "Sanitized",
        "traceparent": "00-c79025fd450c7de4fe8ff2c040a46663-941ef651e5443670-00",
        "User-Agent": "azsdk-net-ResourceManager.Kusto/1.4.0-alpha.20230629.1 (.NET 6.0.18; Microsoft Windows 10.0.22621)",
        "x-ms-client-request-id": "0719d8bd7dd6393c75b03a3d72d0c860",
        "x-ms-return-client-request-id": "true"
      },
      "RequestBody": null,
      "StatusCode": 404,
      "ResponseHeaders": {
        "Cache-Control": "no-cache",
        "Content-Length": "296",
        "Content-Type": "application/json; charset=utf-8",
        "Date": "Thu, 29 Jun 2023 20:09:52 GMT",
        "Expires": "-1",
        "Pragma": "no-cache",
        "Server": "Microsoft-HTTPAPI/2.0",
        "Strict-Transport-Security": "max-age=31536000; includeSubDomains",
        "X-Content-Type-Options": "nosniff",
        "x-ms-correlation-request-id": "9191a25b-6a09-452c-a3b1-dd47187f4b8b",
        "x-ms-ratelimit-remaining-subscription-resource-requests": "292",
        "x-ms-request-id": "704d5ae6-e39b-4cfe-b6ec-61b2ae889e67",
        "x-ms-routing-request-id": "FRANCESOUTH:20230629T200953Z:9191a25b-6a09-452c-a3b1-dd47187f4b8b"
      },
      "ResponseBody": {
        "error": {
          "code": "ResourceNotFound",
          "message": "The resource with identifier \u0027/subscriptions/fbccad30-f0ed-4ac4-9497-93bf6141062f/resourceGroups/CSharpSDKRG275/providers/Microsoft.Kusto/Clusters/sdkCluster275/Databases/sdkDatabase275/DataConnections/sdkCosmosDbDataConnection2751\u0027 is not found."
        }
      }
    }
  ],
  "Variables": {
    "AZURE_AUTHORITY_HOST": "https://login.microsoftonline.com/",
    "CLUSTER_NAME": "sdkCluster275",
    "COSMOSDB_ACCOUNT_ID": "/subscriptions/fbccad30-f0ed-4ac4-9497-93bf6141062f/resourceGroups/CSharpSDKRG275/providers/Microsoft.DocumentDB/databaseAccounts/sdkcosmosdbaccount275",
    "COSMOSDB_CONTAINER_NAME": "mycontainer",
    "COSMOSDB_DATABASE_NAME": "mydb",
    "DATABASE_NAME": "sdkDatabase275",
    "ID": "275",
    "LOCATION": "australiaeast",
    "RandomSeed": "15794888",
    "RESOURCE_GROUP": "CSharpSDKRG275",
    "RESOURCE_MANAGER_URL": "https://management.azure.com/",
    "SUBSCRIPTION_ID": "fbccad30-f0ed-4ac4-9497-93bf6141062f",
    "TABLE_NAME": "sdkScriptContentTable275",
    "USER_ASSIGNED_IDENTITY_ID": "/subscriptions/fbccad30-f0ed-4ac4-9497-93bf6141062f/resourceGroups/CSharpSDKRG275/providers/Microsoft.ManagedIdentity/userAssignedIdentities/sdkUserAssignedIdentity275"
  }
}
