{
  "Entries": [
    {
      "RequestUri": "https://management.azure.com/subscriptions/e8257c73-24c5-4791-94dc-8b7901c90dbf?api-version=2021-01-01",
      "RequestMethod": "GET",
      "RequestHeaders": {
        "Accept": "application/json",
        "Authorization": "Sanitized",
        "traceparent": "00-75c0158c2252fd1c68a77e8dbd5b4168-0a6e51cbb63afb5f-00",
        "User-Agent": "azsdk-net-ResourceManager/1.3.2 (.NET 6.0.13; Microsoft Windows 10.0.22621)",
        "x-ms-client-request-id": "ceb1c240b560c7679af1b1aa916510e1",
        "x-ms-return-client-request-id": "true"
      },
      "RequestBody": null,
      "StatusCode": 200,
      "ResponseHeaders": {
        "Cache-Control": "no-cache",
        "Content-Length": "505",
        "Content-Type": "application/json; charset=utf-8",
        "Date": "Sun, 29 Jan 2023 10:40:37 GMT",
        "Expires": "-1",
        "Pragma": "no-cache",
        "Strict-Transport-Security": "max-age=31536000; includeSubDomains",
        "X-Content-Type-Options": "nosniff",
        "x-ms-correlation-request-id": "a0eefab6-2bf1-4c05-bef6-0d51d4e6c45e",
        "x-ms-ratelimit-remaining-subscription-reads": "11979",
        "x-ms-request-id": "a0eefab6-2bf1-4c05-bef6-0d51d4e6c45e",
        "x-ms-routing-request-id": "QATARCENTRAL:20230129T104038Z:a0eefab6-2bf1-4c05-bef6-0d51d4e6c45e"
      },
      "ResponseBody": {
        "id": "/subscriptions/e8257c73-24c5-4791-94dc-8b7901c90dbf",
        "authorizationSource": "Bypassed",
        "managedByTenants": [],
        "tags": {
          "NRMS9825974": "20220330",
          "NRMSBreakGlassAzureOnly": "286269898",
          "NRMS13179388": "20220808"
        },
        "subscriptionId": "e8257c73-24c5-4791-94dc-8b7901c90dbf",
        "tenantId": "72f988bf-86f1-41af-91ab-2d7cd011db47",
        "displayName": "Kusto_Dev_Kusto_Ilay_04_Test",
        "state": "Enabled",
        "subscriptionPolicies": {
          "locationPlacementId": "Internal_2014-09-01",
          "quotaId": "Internal_2014-09-01",
          "spendingLimit": "Off"
        }
      }
    },
    {
      "RequestUri": "https://management.azure.com/subscriptions/e8257c73-24c5-4791-94dc-8b7901c90dbf/resourcegroups/CSharpSDKRG645?api-version=2021-04-01",
      "RequestMethod": "GET",
      "RequestHeaders": {
        "Accept": "application/json",
        "Authorization": "Sanitized",
        "traceparent": "00-272812c9e6c0bd42345bfdef566534b6-8877799546fab945-00",
        "User-Agent": "azsdk-net-ResourceManager/1.3.2 (.NET 6.0.13; Microsoft Windows 10.0.22621)",
        "x-ms-client-request-id": "28a584932bc1a63a70d3433edfa3ce63",
        "x-ms-return-client-request-id": "true"
      },
      "RequestBody": null,
      "StatusCode": 200,
      "ResponseHeaders": {
        "Cache-Control": "no-cache",
        "Content-Length": "331",
        "Content-Type": "application/json; charset=utf-8",
        "Date": "Sun, 29 Jan 2023 10:40:37 GMT",
        "Expires": "-1",
        "Pragma": "no-cache",
        "Strict-Transport-Security": "max-age=31536000; includeSubDomains",
        "X-Content-Type-Options": "nosniff",
        "x-ms-correlation-request-id": "eafcff67-fbb6-4951-a72b-e7cf08d21a86",
        "x-ms-ratelimit-remaining-subscription-reads": "11978",
        "x-ms-request-id": "eafcff67-fbb6-4951-a72b-e7cf08d21a86",
        "x-ms-routing-request-id": "QATARCENTRAL:20230129T104038Z:eafcff67-fbb6-4951-a72b-e7cf08d21a86"
      },
      "ResponseBody": {
        "id": "/subscriptions/e8257c73-24c5-4791-94dc-8b7901c90dbf/resourceGroups/CSharpSDKRG645",
        "name": "CSharpSDKRG645",
        "type": "Microsoft.Resources/resourceGroups",
        "location": "eastus2",
        "tags": {
          "DeleteAfter": "2023-01-29T09:28:26.9035978Z",
          "Owners": "michaelshikh",
          "ServiceDirectory": "kusto"
        },
        "properties": {
          "provisioningState": "Succeeded"
        }
      }
    },
    {
      "RequestUri": "https://management.azure.com/subscriptions/e8257c73-24c5-4791-94dc-8b7901c90dbf/resourceGroups/CSharpSDKRG645/providers/Microsoft.Kusto/clusters/sdkCluster645?api-version=2022-12-29",
      "RequestMethod": "GET",
      "RequestHeaders": {
        "Accept": "application/json",
        "Authorization": "Sanitized",
        "traceparent": "00-1d0628a76246a5bba1250333e80c08e1-90041a2418e18976-00",
        "User-Agent": "azsdk-net-ResourceManager.Kusto/1.3.0-alpha.20230129.1 (.NET 6.0.13; Microsoft Windows 10.0.22621)",
        "x-ms-client-request-id": "eda78347f4ebbcdd403721d5b5721892",
        "x-ms-return-client-request-id": "true"
      },
      "RequestBody": null,
      "StatusCode": 200,
      "ResponseHeaders": {
        "Cache-Control": "no-cache",
        "Content-Length": "2241",
        "Content-Type": "application/json; charset=utf-8",
        "Date": "Sun, 29 Jan 2023 10:40:38 GMT",
        "ETag": "\u00222023-01-29T08:48:11.6252003Z\u0022",
        "Expires": "-1",
        "Pragma": "no-cache",
        "Server": "Microsoft-HTTPAPI/2.0",
        "Strict-Transport-Security": "max-age=31536000; includeSubDomains",
        "X-Content-Type-Options": "nosniff",
        "x-ms-correlation-request-id": "e2851b39-7d3e-40ce-976c-834d4139c4a6",
        "x-ms-ratelimit-remaining-subscription-resource-requests": "292",
        "x-ms-request-id": "375b7290-d18c-4090-b5e2-6e0e6d9a72e0",
        "x-ms-routing-request-id": "QATARCENTRAL:20230129T104038Z:e2851b39-7d3e-40ce-976c-834d4139c4a6"
      },
      "ResponseBody": {
        "id": "/subscriptions/e8257c73-24c5-4791-94dc-8b7901c90dbf/resourceGroups/CSharpSDKRG645/providers/Microsoft.Kusto/Clusters/sdkCluster645",
        "name": "sdkCluster645",
        "type": "Microsoft.Kusto/Clusters",
        "etag": "\u00222023-01-29T08:48:11.6252003Z\u0022",
        "location": "East US 2",
        "sku": {
          "name": "Standard_D13_v2",
          "tier": "Standard",
          "capacity": 2
        },
        "tags": {},
        "properties": {
          "state": "Running",
          "stateReason": null,
          "uri": "https://sdkcluster645.eastus2.kusto.windows.net",
          "dataIngestionUri": "https://ingest-sdkcluster645.eastus2.kusto.windows.net",
          "trustedExternalTenants": [],
          "virtualNetworkConfiguration": null,
          "optimizedAutoscale": null,
          "enableDiskEncryption": false,
          "enableStreamingIngest": false,
          "keyVaultProperties": null,
          "languageExtensions": {
            "value": []
          },
          "enablePurge": null,
          "enableDoubleEncryption": false,
          "engineType": "V3",
          "acceptedAudiences": [],
          "restrictOutboundNetworkAccess": "Disabled",
          "allowedFqdnList": [],
          "publicNetworkAccess": "Enabled",
          "allowedIpRangeList": [],
          "enableAutoStop": true,
          "publicIPType": "IPv4",
          "virtualClusterGraduationProperties": null,
          "privateEndpointConnections": [
            {
              "name": "sdkPrivateEndpoint645-e08a6398-e8da-4b13-9408-a444df8a8f03",
              "type": "Microsoft.Kusto/Clusters/privateEndpointConnections",
              "id": "/subscriptions/e8257c73-24c5-4791-94dc-8b7901c90dbf/resourceGroups/CSharpSDKRG645/providers/Microsoft.Kusto/Clusters/sdkCluster645/privateEndpointConnections/sdkPrivateEndpoint645-e08a6398-e8da-4b13-9408-a444df8a8f03",
              "properties": {
                "provisioningState": "Succeeded",
                "groupId": "cluster",
                "privateEndpoint": {
                  "id": "/subscriptions/e8257c73-24c5-4791-94dc-8b7901c90dbf/resourceGroups/CSharpSDKRG645/providers/Microsoft.Network/privateEndpoints/sdkPrivateEndpoint645"
                },
                "privateLinkServiceConnectionState": {
                  "status": "Approved",
                  "description": "",
                  "actionsRequired": "None"
                }
              }
            }
          ],
          "provisioningState": "Succeeded"
        },
        "identity": {
          "principalId": "d2195c8a-9f34-4c36-988d-b764e5d5a647",
          "tenantId": "72f988bf-86f1-41af-91ab-2d7cd011db47",
          "type": "SystemAssigned, UserAssigned",
          "userAssignedIdentities": {
            "/subscriptions/e8257c73-24c5-4791-94dc-8b7901c90dbf/resourcegroups/CSharpSDKRG645/providers/Microsoft.ManagedIdentity/userAssignedIdentities/sdkUserAssignedIdentity645": {
              "principalId": "b71237fc-a892-452d-9820-c84b86669ea0",
              "clientId": "e1cb78b7-44dc-4295-a700-9ba8b2a09a36"
            }
          }
        }
      }
    },
    {
      "RequestUri": "https://management.azure.com/subscriptions/e8257c73-24c5-4791-94dc-8b7901c90dbf/resourceGroups/CSharpSDKRG645/providers/Microsoft.Kusto/clusters/sdkCluster645/databases/sdkDatabase645?api-version=2022-12-29",
      "RequestMethod": "GET",
      "RequestHeaders": {
        "Accept": "application/json",
        "Authorization": "Sanitized",
        "traceparent": "00-2b9990ff8486018a74dd36005b7879ba-3252c73c85a51605-00",
        "User-Agent": "azsdk-net-ResourceManager.Kusto/1.3.0-alpha.20230129.1 (.NET 6.0.13; Microsoft Windows 10.0.22621)",
        "x-ms-client-request-id": "eddb2c5b8bc01577880b5d8d7228e8f6",
        "x-ms-return-client-request-id": "true"
      },
      "RequestBody": null,
      "StatusCode": 200,
      "ResponseHeaders": {
        "Cache-Control": "no-cache",
        "Content-Length": "380",
        "Content-Type": "application/json; charset=utf-8",
        "Date": "Sun, 29 Jan 2023 10:40:39 GMT",
        "Expires": "-1",
        "Pragma": "no-cache",
        "Server": "Microsoft-HTTPAPI/2.0",
        "Strict-Transport-Security": "max-age=31536000; includeSubDomains",
        "X-Content-Type-Options": "nosniff",
        "x-ms-correlation-request-id": "2c5240ed-d798-4cb6-9647-897a8ac95af2",
        "x-ms-ratelimit-remaining-subscription-resource-requests": "282",
        "x-ms-request-id": "6d6b1185-bce4-4e83-a671-f2ea6b5588e6",
        "x-ms-routing-request-id": "QATARCENTRAL:20230129T104039Z:2c5240ed-d798-4cb6-9647-897a8ac95af2"
      },
      "ResponseBody": {
        "id": "/subscriptions/e8257c73-24c5-4791-94dc-8b7901c90dbf/resourceGroups/CSharpSDKRG645/providers/Microsoft.Kusto/Clusters/sdkCluster645/Databases/sdkDatabase645",
        "name": "sdkCluster645/sdkDatabase645",
        "type": "Microsoft.Kusto/Clusters/Databases",
        "location": "East US 2",
        "kind": "ReadWrite",
        "properties": {
          "statistics": {
            "size": 0.0
          },
          "isFollowed": false,
          "provisioningState": "Succeeded"
        }
      }
    },
    {
      "RequestUri": "https://management.azure.com/subscriptions/e8257c73-24c5-4791-94dc-8b7901c90dbf/resourceGroups/CSharpSDKRG645/providers/Microsoft.Kusto/clusters/sdkCluster645/databases/sdkDatabase645/dataConnections/sdkEventHubDataConnection6450?api-version=2022-12-29",
      "RequestMethod": "PUT",
      "RequestHeaders": {
        "Accept": "application/json",
        "Authorization": "Sanitized",
        "Content-Length": "276",
        "Content-Type": "application/json",
        "traceparent": "00-6e7e0b9c1210635a8ee4f82d312c5968-03c21ae11493ab6b-00",
        "User-Agent": "azsdk-net-ResourceManager.Kusto/1.3.0-alpha.20230129.1 (.NET 6.0.13; Microsoft Windows 10.0.22621)",
        "x-ms-client-request-id": "0e624d2223be9ff5a6e9e88a0965f0fd",
        "x-ms-return-client-request-id": "true"
      },
      "RequestBody": {
        "location": "eastus2",
        "kind": "EventHub",
        "properties": {
          "eventHubResourceId": "/subscriptions/e8257c73-24c5-4791-94dc-8b7901c90dbf/resourceGroups/CSharpSDKRG645/providers/Microsoft.EventHub/namespaces/sdkEventHubNamespace645/eventhubs/sdkEventHub645",
          "consumerGroup": "$Default"
        }
      },
      "StatusCode": 201,
      "ResponseHeaders": {
        "Azure-AsyncOperation": "https://management.azure.com/subscriptions/e8257c73-24c5-4791-94dc-8b7901c90dbf/providers/Microsoft.Kusto/locations/eastus2/operationResults/3e14a572-ef4e-4c30-8ea6-33d35488c95f?api-version=2022-12-29",
        "Cache-Control": "no-cache",
        "Content-Length": "644",
        "Content-Type": "application/json; charset=utf-8",
        "Date": "Sun, 29 Jan 2023 10:40:42 GMT",
        "Expires": "-1",
        "Pragma": "no-cache",
        "Server": "Microsoft-HTTPAPI/2.0",
        "Strict-Transport-Security": "max-age=31536000; includeSubDomains",
        "X-Content-Type-Options": "nosniff",
        "x-ms-correlation-request-id": "436cd958-0601-4804-81ac-78bff520ded8",
        "x-ms-ratelimit-remaining-subscription-resource-requests": "187",
        "x-ms-request-id": "3f0e92c4-646e-4189-bf1d-35b7ca8d3d5c",
        "x-ms-routing-request-id": "QATARCENTRAL:20230129T104043Z:436cd958-0601-4804-81ac-78bff520ded8"
      },
      "ResponseBody": {
        "id": "/subscriptions/e8257c73-24c5-4791-94dc-8b7901c90dbf/resourceGroups/CSharpSDKRG645/providers/Microsoft.Kusto/Clusters/sdkCluster645/Databases/sdkDatabase645/DataConnections/sdkEventHubDataConnection6450",
        "name": "sdkCluster645/sdkDatabase645/sdkEventHubDataConnection6450",
        "type": "Microsoft.Kusto/Clusters/Databases/DataConnections",
        "location": "eastus2",
        "kind": "EventHub",
        "properties": {
          "eventHubResourceId": "/subscriptions/e8257c73-24c5-4791-94dc-8b7901c90dbf/resourceGroups/CSharpSDKRG645/providers/Microsoft.EventHub/namespaces/sdkEventHubNamespace645/eventhubs/sdkEventHub645",
          "consumerGroup": "$Default",
          "provisioningState": "Creating"
        }
      }
    },
    {
      "RequestUri": "https://management.azure.com/subscriptions/e8257c73-24c5-4791-94dc-8b7901c90dbf/providers/Microsoft.Kusto/locations/eastus2/operationResults/3e14a572-ef4e-4c30-8ea6-33d35488c95f?api-version=2022-12-29",
      "RequestMethod": "GET",
      "RequestHeaders": {
        "Authorization": "Sanitized",
        "traceparent": "00-6e7e0b9c1210635a8ee4f82d312c5968-e340450ea647574a-00",
        "User-Agent": "azsdk-net-ResourceManager/1.3.2 (.NET 6.0.13; Microsoft Windows 10.0.22621)",
        "x-ms-client-request-id": "67b22a4f0a1038d3373c46d7a3ec0b22",
        "x-ms-return-client-request-id": "true"
      },
      "RequestBody": null,
      "StatusCode": 200,
      "ResponseHeaders": {
        "Cache-Control": "no-cache",
        "Content-Length": "345",
        "Content-Type": "application/json; charset=utf-8",
        "Date": "Sun, 29 Jan 2023 10:40:42 GMT",
        "Expires": "-1",
        "Pragma": "no-cache",
        "Server": "Microsoft-HTTPAPI/2.0",
        "Strict-Transport-Security": "max-age=31536000; includeSubDomains",
        "X-Content-Type-Options": "nosniff",
        "x-ms-correlation-request-id": "7e97ec0f-d689-43dc-ba48-c94b19493b16",
        "x-ms-operation-root-activity-id": "8fbb9301-7360-4669-b027-825f24951b51",
        "x-ms-ratelimit-remaining-subscription-resource-requests": "215",
        "x-ms-request-id": "b3ef173d-f2e8-4d4d-bbff-3ae956cba7ac",
        "x-ms-routing-request-id": "QATARCENTRAL:20230129T104043Z:7e97ec0f-d689-43dc-ba48-c94b19493b16"
      },
      "ResponseBody": {
        "id": "/subscriptions/e8257c73-24c5-4791-94dc-8b7901c90dbf/providers/Microsoft.Kusto/locations/eastus2/operationresults/3e14a572-ef4e-4c30-8ea6-33d35488c95f",
        "name": "3e14a572-ef4e-4c30-8ea6-33d35488c95f",
        "status": "Running",
        "startTime": "2023-01-29T10:40:42.9349598Z",
        "endTime": "2023-01-29T10:40:42.9349598Z",
        "percentComplete": 0.5,
        "properties": {}
      }
    },
    {
      "RequestUri": "https://management.azure.com/subscriptions/e8257c73-24c5-4791-94dc-8b7901c90dbf/providers/Microsoft.Kusto/locations/eastus2/operationResults/3e14a572-ef4e-4c30-8ea6-33d35488c95f?api-version=2022-12-29",
      "RequestMethod": "GET",
      "RequestHeaders": {
        "Authorization": "Sanitized",
        "traceparent": "00-6e7e0b9c1210635a8ee4f82d312c5968-e9c9335374078c52-00",
        "User-Agent": "azsdk-net-ResourceManager/1.3.2 (.NET 6.0.13; Microsoft Windows 10.0.22621)",
        "x-ms-client-request-id": "c1d25f1a3545412eaaa6022cbd150756",
        "x-ms-return-client-request-id": "true"
      },
      "RequestBody": null,
      "StatusCode": 200,
      "ResponseHeaders": {
        "Cache-Control": "no-cache",
        "Content-Length": "345",
        "Content-Type": "application/json; charset=utf-8",
        "Date": "Sun, 29 Jan 2023 10:40:44 GMT",
        "Expires": "-1",
        "Pragma": "no-cache",
        "Server": "Microsoft-HTTPAPI/2.0",
        "Strict-Transport-Security": "max-age=31536000; includeSubDomains",
        "X-Content-Type-Options": "nosniff",
        "x-ms-correlation-request-id": "01feb05e-c9e0-49fc-9d31-22c6a832e070",
        "x-ms-operation-root-activity-id": "8fbb9301-7360-4669-b027-825f24951b51",
        "x-ms-ratelimit-remaining-subscription-resource-requests": "214",
        "x-ms-request-id": "80705443-f9b8-4be8-a987-6343859dcd1f",
        "x-ms-routing-request-id": "QATARCENTRAL:20230129T104044Z:01feb05e-c9e0-49fc-9d31-22c6a832e070"
      },
      "ResponseBody": {
        "id": "/subscriptions/e8257c73-24c5-4791-94dc-8b7901c90dbf/providers/Microsoft.Kusto/locations/eastus2/operationresults/3e14a572-ef4e-4c30-8ea6-33d35488c95f",
        "name": "3e14a572-ef4e-4c30-8ea6-33d35488c95f",
        "status": "Running",
        "startTime": "2023-01-29T10:40:42.9349598Z",
        "endTime": "2023-01-29T10:40:42.9349598Z",
        "percentComplete": 0.5,
        "properties": {}
      }
    },
    {
      "RequestUri": "https://management.azure.com/subscriptions/e8257c73-24c5-4791-94dc-8b7901c90dbf/providers/Microsoft.Kusto/locations/eastus2/operationResults/3e14a572-ef4e-4c30-8ea6-33d35488c95f?api-version=2022-12-29",
      "RequestMethod": "GET",
      "RequestHeaders": {
        "Authorization": "Sanitized",
        "traceparent": "00-6e7e0b9c1210635a8ee4f82d312c5968-7ec1f2e6a0705ba8-00",
        "User-Agent": "azsdk-net-ResourceManager/1.3.2 (.NET 6.0.13; Microsoft Windows 10.0.22621)",
        "x-ms-client-request-id": "df3bd09f89b3b0edddaa7b8b9acb181f",
        "x-ms-return-client-request-id": "true"
      },
      "RequestBody": null,
      "StatusCode": 200,
      "ResponseHeaders": {
        "Cache-Control": "no-cache",
        "Content-Length": "347",
        "Content-Type": "application/json; charset=utf-8",
        "Date": "Sun, 29 Jan 2023 10:40:46 GMT",
        "Expires": "-1",
        "Pragma": "no-cache",
        "Server": "Microsoft-HTTPAPI/2.0",
        "Strict-Transport-Security": "max-age=31536000; includeSubDomains",
        "X-Content-Type-Options": "nosniff",
        "x-ms-correlation-request-id": "82c90ad0-20b6-4a7a-a34a-baba4a594631",
        "x-ms-operation-root-activity-id": "8fbb9301-7360-4669-b027-825f24951b51",
        "x-ms-ratelimit-remaining-subscription-resource-requests": "213",
        "x-ms-request-id": "cd0e8ec7-1c49-4451-b379-ea6a1bbee5af",
        "x-ms-routing-request-id": "QATARCENTRAL:20230129T104046Z:82c90ad0-20b6-4a7a-a34a-baba4a594631"
      },
      "ResponseBody": {
        "id": "/subscriptions/e8257c73-24c5-4791-94dc-8b7901c90dbf/providers/Microsoft.Kusto/locations/eastus2/operationresults/3e14a572-ef4e-4c30-8ea6-33d35488c95f",
        "name": "3e14a572-ef4e-4c30-8ea6-33d35488c95f",
        "status": "Succeeded",
        "startTime": "2023-01-29T10:40:42.9349598Z",
        "endTime": "2023-01-29T10:40:45.0443037Z",
        "percentComplete": 1.0,
        "properties": {}
      }
    },
    {
      "RequestUri": "https://management.azure.com/subscriptions/e8257c73-24c5-4791-94dc-8b7901c90dbf/resourceGroups/CSharpSDKRG645/providers/Microsoft.Kusto/clusters/sdkCluster645/databases/sdkDatabase645/dataConnections/sdkEventHubDataConnection6450?api-version=2022-12-29",
      "RequestMethod": "GET",
      "RequestHeaders": {
        "Authorization": "Sanitized",
        "traceparent": "00-6e7e0b9c1210635a8ee4f82d312c5968-d9cfa907988fceb8-00",
        "User-Agent": "azsdk-net-ResourceManager/1.3.2 (.NET 6.0.13; Microsoft Windows 10.0.22621)",
        "x-ms-client-request-id": "38c54286897d19d1fb70bc6a08a77a21",
        "x-ms-return-client-request-id": "true"
      },
      "RequestBody": null,
      "StatusCode": 200,
      "ResponseHeaders": {
        "Cache-Control": "no-cache",
        "Content-Length": "890",
        "Content-Type": "application/json; charset=utf-8",
        "Date": "Sun, 29 Jan 2023 10:40:47 GMT",
        "Expires": "-1",
        "Pragma": "no-cache",
        "Server": "Microsoft-HTTPAPI/2.0",
        "Strict-Transport-Security": "max-age=31536000; includeSubDomains",
        "X-Content-Type-Options": "nosniff",
        "x-ms-correlation-request-id": "35fe90c4-b242-4a96-a56a-b1ddc11b8b78",
        "x-ms-ratelimit-remaining-subscription-resource-requests": "251",
        "x-ms-request-id": "2d216516-a4d2-404e-bb6c-fcab89069cba",
        "x-ms-routing-request-id": "QATARCENTRAL:20230129T104047Z:35fe90c4-b242-4a96-a56a-b1ddc11b8b78"
      },
      "ResponseBody": {
        "id": "/subscriptions/e8257c73-24c5-4791-94dc-8b7901c90dbf/resourceGroups/CSharpSDKRG645/providers/Microsoft.Kusto/Clusters/sdkCluster645/Databases/sdkDatabase645/DataConnections/sdkEventHubDataConnection6450",
        "name": "sdkCluster645/sdkDatabase645/sdkEventHubDataConnection6450",
        "type": "Microsoft.Kusto/Clusters/Databases/DataConnections",
        "location": "East US 2",
        "kind": "EventHub",
        "properties": {
          "eventHubResourceId": "/subscriptions/e8257c73-24c5-4791-94dc-8b7901c90dbf/resourceGroups/CSharpSDKRG645/providers/Microsoft.EventHub/namespaces/sdkEventHubNamespace645/eventhubs/sdkEventHub645",
          "consumerGroup": "$Default",
          "tableName": "",
          "mappingRuleName": "",
          "dataFormat": "",
          "eventSystemProperties": [],
          "compression": "None",
          "managedIdentityResourceId": null,
          "managedIdentityObjectId": null,
          "databaseRouting": "Single",
          "retrievalStartDate": "2023-01-29T10:40:44.9827051Z",
          "provisioningState": "Succeeded"
        }
      }
    },
    {
      "RequestUri": "https://management.azure.com/subscriptions/e8257c73-24c5-4791-94dc-8b7901c90dbf/resourceGroups/CSharpSDKRG645/providers/Microsoft.Kusto/clusters/sdkCluster645/databases/sdkDatabase645/dataConnections/sdkEventHubDataConnection6450?api-version=2022-12-29",
      "RequestMethod": "PUT",
      "RequestHeaders": {
        "Accept": "application/json",
        "Authorization": "Sanitized",
        "Content-Length": "558",
        "Content-Type": "application/json",
        "traceparent": "00-a2c5eac15b146dca36a433e28991155e-9681fa2628c70bd3-00",
        "User-Agent": "azsdk-net-ResourceManager.Kusto/1.3.0-alpha.20230129.1 (.NET 6.0.13; Microsoft Windows 10.0.22621)",
        "x-ms-client-request-id": "d238ef342bb0916f7222e49ab9a2a6df",
        "x-ms-return-client-request-id": "true"
      },
      "RequestBody": {
        "location": "eastus2",
        "kind": "EventHub",
        "properties": {
          "eventHubResourceId": "/subscriptions/e8257c73-24c5-4791-94dc-8b7901c90dbf/resourceGroups/CSharpSDKRG645/providers/Microsoft.EventHub/namespaces/sdkEventHubNamespace645/eventhubs/sdkEventHub645",
          "consumerGroup": "$Default",
          "tableName": "sdkScriptContentTable645",
          "dataFormat": "CSV",
          "managedIdentityResourceId": "/subscriptions/e8257c73-24c5-4791-94dc-8b7901c90dbf/resourceGroups/CSharpSDKRG645/providers/Microsoft.ManagedIdentity/userAssignedIdentities/sdkUserAssignedIdentity645",
          "databaseRouting": "Multi"
        }
      },
      "StatusCode": 200,
      "ResponseHeaders": {
        "Azure-AsyncOperation": "https://management.azure.com/subscriptions/e8257c73-24c5-4791-94dc-8b7901c90dbf/providers/Microsoft.Kusto/locations/East US 2/operationResults/a98ebf71-69dc-459e-a6a7-5ee03c2c2cee?api-version=2022-12-29",
        "Cache-Control": "no-cache",
        "Content-Length": "928",
        "Content-Type": "application/json; charset=utf-8",
        "Date": "Sun, 29 Jan 2023 10:40:48 GMT",
        "Expires": "-1",
        "Pragma": "no-cache",
        "Server": "Microsoft-HTTPAPI/2.0",
        "Strict-Transport-Security": "max-age=31536000; includeSubDomains",
        "X-Content-Type-Options": "nosniff",
        "x-ms-correlation-request-id": "7e0fa06d-9877-426f-8fdf-3174ac5d1d7e",
        "x-ms-ratelimit-remaining-subscription-resource-requests": "186",
        "x-ms-request-id": "6c8aa48f-f7a0-43fc-bfdf-9633de3ddfc4",
        "x-ms-routing-request-id": "QATARCENTRAL:20230129T104049Z:7e0fa06d-9877-426f-8fdf-3174ac5d1d7e"
      },
      "ResponseBody": {
        "id": "/subscriptions/e8257c73-24c5-4791-94dc-8b7901c90dbf/resourceGroups/CSharpSDKRG645/providers/Microsoft.Kusto/Clusters/sdkCluster645/Databases/sdkDatabase645/DataConnections/sdkEventHubDataConnection6450",
        "name": "sdkCluster645/sdkDatabase645/sdkEventHubDataConnection6450",
        "type": "Microsoft.Kusto/Clusters/Databases/DataConnections",
        "location": "East US 2",
        "kind": "EventHub",
        "properties": {
          "eventHubResourceId": "/subscriptions/e8257c73-24c5-4791-94dc-8b7901c90dbf/resourceGroups/CSharpSDKRG645/providers/Microsoft.EventHub/namespaces/sdkEventHubNamespace645/eventhubs/sdkEventHub645",
          "consumerGroup": "$Default",
          "tableName": "sdkScriptContentTable645",
          "dataFormat": "CSV",
          "managedIdentityResourceId": "/subscriptions/e8257c73-24c5-4791-94dc-8b7901c90dbf/resourceGroups/CSharpSDKRG645/providers/Microsoft.ManagedIdentity/userAssignedIdentities/sdkUserAssignedIdentity645",
          "databaseRouting": "Multi",
          "provisioningState": "Accepted"
        }
      }
    },
    {
      "RequestUri": "https://management.azure.com/subscriptions/e8257c73-24c5-4791-94dc-8b7901c90dbf/providers/Microsoft.Kusto/locations/East%20US%202/operationResults/a98ebf71-69dc-459e-a6a7-5ee03c2c2cee?api-version=2022-12-29",
      "RequestMethod": "GET",
      "RequestHeaders": {
        "Authorization": "Sanitized",
        "traceparent": "00-a2c5eac15b146dca36a433e28991155e-edb1072899f89e49-00",
        "User-Agent": "azsdk-net-ResourceManager/1.3.2 (.NET 6.0.13; Microsoft Windows 10.0.22621)",
        "x-ms-client-request-id": "ab57593045935b6ed234c65aa4365f58",
        "x-ms-return-client-request-id": "true"
      },
      "RequestBody": null,
      "StatusCode": 200,
      "ResponseHeaders": {
        "Cache-Control": "no-cache",
        "Content-Length": "347",
        "Content-Type": "application/json; charset=utf-8",
        "Date": "Sun, 29 Jan 2023 10:40:49 GMT",
        "Expires": "-1",
        "Pragma": "no-cache",
        "Server": "Microsoft-HTTPAPI/2.0",
        "Strict-Transport-Security": "max-age=31536000; includeSubDomains",
        "X-Content-Type-Options": "nosniff",
        "x-ms-correlation-request-id": "d2cf98f8-25e6-470c-b272-85dd95604cba",
        "x-ms-operation-root-activity-id": "4cdcb876-bffb-4c0f-a795-2443f267e8a9",
        "x-ms-ratelimit-remaining-subscription-resource-requests": "212",
        "x-ms-request-id": "f3084998-e830-463a-91be-26e4a7faa9ac",
        "x-ms-routing-request-id": "QATARCENTRAL:20230129T104049Z:d2cf98f8-25e6-470c-b272-85dd95604cba"
      },
      "ResponseBody": {
        "id": "/subscriptions/e8257c73-24c5-4791-94dc-8b7901c90dbf/providers/Microsoft.Kusto/locations/East US 2/operationresults/a98ebf71-69dc-459e-a6a7-5ee03c2c2cee",
        "name": "a98ebf71-69dc-459e-a6a7-5ee03c2c2cee",
        "status": "Running",
        "startTime": "2023-01-29T10:40:49.1381859Z",
        "endTime": "2023-01-29T10:40:49.1381859Z",
        "percentComplete": 0.5,
        "properties": {}
      }
    },
    {
      "RequestUri": "https://management.azure.com/subscriptions/e8257c73-24c5-4791-94dc-8b7901c90dbf/providers/Microsoft.Kusto/locations/East%20US%202/operationResults/a98ebf71-69dc-459e-a6a7-5ee03c2c2cee?api-version=2022-12-29",
      "RequestMethod": "GET",
      "RequestHeaders": {
        "Authorization": "Sanitized",
        "traceparent": "00-a2c5eac15b146dca36a433e28991155e-ce5b9e051d94296a-00",
        "User-Agent": "azsdk-net-ResourceManager/1.3.2 (.NET 6.0.13; Microsoft Windows 10.0.22621)",
        "x-ms-client-request-id": "25dbddc9fe0265d21521d38e472dc4ee",
        "x-ms-return-client-request-id": "true"
      },
      "RequestBody": null,
      "StatusCode": 200,
      "ResponseHeaders": {
        "Cache-Control": "no-cache",
        "Content-Length": "349",
        "Content-Type": "application/json; charset=utf-8",
        "Date": "Sun, 29 Jan 2023 10:40:50 GMT",
        "Expires": "-1",
        "Pragma": "no-cache",
        "Server": "Microsoft-HTTPAPI/2.0",
        "Strict-Transport-Security": "max-age=31536000; includeSubDomains",
        "X-Content-Type-Options": "nosniff",
        "x-ms-correlation-request-id": "f2395df8-94d7-4511-b63d-754df3bbe4ab",
        "x-ms-operation-root-activity-id": "4cdcb876-bffb-4c0f-a795-2443f267e8a9",
        "x-ms-ratelimit-remaining-subscription-resource-requests": "211",
        "x-ms-request-id": "f889b106-9e78-4385-827a-1ad4ce07293c",
        "x-ms-routing-request-id": "QATARCENTRAL:20230129T104051Z:f2395df8-94d7-4511-b63d-754df3bbe4ab"
      },
      "ResponseBody": {
        "id": "/subscriptions/e8257c73-24c5-4791-94dc-8b7901c90dbf/providers/Microsoft.Kusto/locations/East US 2/operationresults/a98ebf71-69dc-459e-a6a7-5ee03c2c2cee",
        "name": "a98ebf71-69dc-459e-a6a7-5ee03c2c2cee",
        "status": "Succeeded",
        "startTime": "2023-01-29T10:40:49.1381859Z",
        "endTime": "2023-01-29T10:40:49.5912928Z",
        "percentComplete": 1.0,
        "properties": {}
      }
    },
    {
      "RequestUri": "https://management.azure.com/subscriptions/e8257c73-24c5-4791-94dc-8b7901c90dbf/resourceGroups/CSharpSDKRG645/providers/Microsoft.Kusto/clusters/sdkCluster645/databases/sdkDatabase645/dataConnections/sdkEventHubDataConnection6450?api-version=2022-12-29",
      "RequestMethod": "GET",
      "RequestHeaders": {
        "Authorization": "Sanitized",
        "traceparent": "00-a2c5eac15b146dca36a433e28991155e-d6423caea4f75ece-00",
        "User-Agent": "azsdk-net-ResourceManager/1.3.2 (.NET 6.0.13; Microsoft Windows 10.0.22621)",
        "x-ms-client-request-id": "606aae7afb4b484c744aa81a097f71c8",
        "x-ms-return-client-request-id": "true"
      },
      "RequestBody": null,
      "StatusCode": 200,
      "ResponseHeaders": {
        "Cache-Control": "no-cache",
        "Content-Length": "1117",
        "Content-Type": "application/json; charset=utf-8",
        "Date": "Sun, 29 Jan 2023 10:40:51 GMT",
        "Expires": "-1",
        "Pragma": "no-cache",
        "Server": "Microsoft-HTTPAPI/2.0",
        "Strict-Transport-Security": "max-age=31536000; includeSubDomains",
        "X-Content-Type-Options": "nosniff",
        "x-ms-correlation-request-id": "39cd5e1e-8bf3-4b7f-b843-aef479591146",
        "x-ms-ratelimit-remaining-subscription-resource-requests": "250",
        "x-ms-request-id": "c0429ba7-d381-4bae-9c89-50a4cb654253",
        "x-ms-routing-request-id": "QATARCENTRAL:20230129T104051Z:39cd5e1e-8bf3-4b7f-b843-aef479591146"
      },
      "ResponseBody": {
        "id": "/subscriptions/e8257c73-24c5-4791-94dc-8b7901c90dbf/resourceGroups/CSharpSDKRG645/providers/Microsoft.Kusto/Clusters/sdkCluster645/Databases/sdkDatabase645/DataConnections/sdkEventHubDataConnection6450",
        "name": "sdkCluster645/sdkDatabase645/sdkEventHubDataConnection6450",
        "type": "Microsoft.Kusto/Clusters/Databases/DataConnections",
        "location": "East US 2",
        "kind": "EventHub",
        "properties": {
          "eventHubResourceId": "/subscriptions/e8257c73-24c5-4791-94dc-8b7901c90dbf/resourceGroups/CSharpSDKRG645/providers/Microsoft.EventHub/namespaces/sdkEventHubNamespace645/eventhubs/sdkEventHub645",
          "consumerGroup": "$Default",
          "tableName": "sdkScriptContentTable645",
          "mappingRuleName": null,
          "dataFormat": "CSV",
          "eventSystemProperties": [],
          "compression": "None",
          "managedIdentityResourceId": "/subscriptions/e8257c73-24c5-4791-94dc-8b7901c90dbf/resourceGroups/CSharpSDKRG645/providers/Microsoft.ManagedIdentity/userAssignedIdentities/sdkUserAssignedIdentity645",
          "managedIdentityObjectId": "b71237fc-a892-452d-9820-c84b86669ea0",
          "databaseRouting": "Multi",
          "retrievalStartDate": "2023-01-29T10:40:44.9827051Z",
          "provisioningState": "Succeeded"
        }
      }
    },
    {
      "RequestUri": "https://management.azure.com/subscriptions/e8257c73-24c5-4791-94dc-8b7901c90dbf/resourceGroups/CSharpSDKRG645/providers/Microsoft.Kusto/clusters/sdkCluster645/databases/sdkDatabase645/dataConnections/sdkEventHubDataConnection6450?api-version=2022-12-29",
      "RequestMethod": "GET",
      "RequestHeaders": {
        "Accept": "application/json",
        "Authorization": "Sanitized",
        "traceparent": "00-d2ad5bba37c0d7887887a0a0fbe88866-afc732ac9ef5c61e-00",
        "User-Agent": "azsdk-net-ResourceManager.Kusto/1.3.0-alpha.20230129.1 (.NET 6.0.13; Microsoft Windows 10.0.22621)",
        "x-ms-client-request-id": "ef788bc282a7313387f1957172df13a5",
        "x-ms-return-client-request-id": "true"
      },
      "RequestBody": null,
      "StatusCode": 200,
      "ResponseHeaders": {
        "Cache-Control": "no-cache",
        "Content-Length": "1117",
        "Content-Type": "application/json; charset=utf-8",
        "Date": "Sun, 29 Jan 2023 10:40:52 GMT",
        "Expires": "-1",
        "Pragma": "no-cache",
        "Server": "Microsoft-HTTPAPI/2.0",
        "Strict-Transport-Security": "max-age=31536000; includeSubDomains",
        "X-Content-Type-Options": "nosniff",
        "x-ms-correlation-request-id": "91d4945a-a17a-460a-b1b5-899264261159",
        "x-ms-ratelimit-remaining-subscription-resource-requests": "249",
        "x-ms-request-id": "ed513a55-d662-4712-a5c6-8336b1641983",
        "x-ms-routing-request-id": "QATARCENTRAL:20230129T104052Z:91d4945a-a17a-460a-b1b5-899264261159"
      },
      "ResponseBody": {
        "id": "/subscriptions/e8257c73-24c5-4791-94dc-8b7901c90dbf/resourceGroups/CSharpSDKRG645/providers/Microsoft.Kusto/Clusters/sdkCluster645/Databases/sdkDatabase645/DataConnections/sdkEventHubDataConnection6450",
        "name": "sdkCluster645/sdkDatabase645/sdkEventHubDataConnection6450",
        "type": "Microsoft.Kusto/Clusters/Databases/DataConnections",
        "location": "East US 2",
        "kind": "EventHub",
        "properties": {
          "eventHubResourceId": "/subscriptions/e8257c73-24c5-4791-94dc-8b7901c90dbf/resourceGroups/CSharpSDKRG645/providers/Microsoft.EventHub/namespaces/sdkEventHubNamespace645/eventhubs/sdkEventHub645",
          "consumerGroup": "$Default",
          "tableName": "sdkScriptContentTable645",
          "mappingRuleName": null,
          "dataFormat": "CSV",
          "eventSystemProperties": [],
          "compression": "None",
          "managedIdentityResourceId": "/subscriptions/e8257c73-24c5-4791-94dc-8b7901c90dbf/resourceGroups/CSharpSDKRG645/providers/Microsoft.ManagedIdentity/userAssignedIdentities/sdkUserAssignedIdentity645",
          "managedIdentityObjectId": "b71237fc-a892-452d-9820-c84b86669ea0",
          "databaseRouting": "Multi",
          "retrievalStartDate": "2023-01-29T10:40:44.9827051Z",
          "provisioningState": "Succeeded"
        }
      }
    },
    {
      "RequestUri": "https://management.azure.com/subscriptions/e8257c73-24c5-4791-94dc-8b7901c90dbf/resourceGroups/CSharpSDKRG645/providers/Microsoft.Kusto/clusters/sdkCluster645/databases/sdkDatabase645/dataConnections?api-version=2022-12-29",
      "RequestMethod": "GET",
      "RequestHeaders": {
        "Accept": "application/json",
        "Authorization": "Sanitized",
        "User-Agent": "azsdk-net-ResourceManager.Kusto/1.3.0-alpha.20230129.1 (.NET 6.0.13; Microsoft Windows 10.0.22621)",
        "x-ms-client-request-id": "f6e0d770ffccce0d9193b0b856b75b96",
        "x-ms-return-client-request-id": "true"
      },
      "RequestBody": null,
      "StatusCode": 200,
      "ResponseHeaders": {
        "Cache-Control": "no-cache",
        "Content-Length": "1129",
        "Content-Type": "application/json; charset=utf-8",
        "Date": "Sun, 29 Jan 2023 10:40:52 GMT",
        "Expires": "-1",
        "Pragma": "no-cache",
        "Server": "Microsoft-HTTPAPI/2.0",
        "Strict-Transport-Security": "max-age=31536000; includeSubDomains",
        "X-Content-Type-Options": "nosniff",
        "x-ms-correlation-request-id": "55c1bf76-9033-4d45-b17f-c420914a30d9",
        "x-ms-ratelimit-remaining-subscription-resource-requests": "248",
        "x-ms-request-id": "5e08d93e-a2de-471c-b8c5-73b88f3ca293",
        "x-ms-routing-request-id": "QATARCENTRAL:20230129T104053Z:55c1bf76-9033-4d45-b17f-c420914a30d9"
      },
      "ResponseBody": {
        "value": [
          {
            "id": "/subscriptions/e8257c73-24c5-4791-94dc-8b7901c90dbf/resourceGroups/CSharpSDKRG645/providers/Microsoft.Kusto/Clusters/sdkCluster645/Databases/sdkDatabase645/DataConnections/sdkEventHubDataConnection6450",
            "name": "sdkCluster645/sdkDatabase645/sdkEventHubDataConnection6450",
            "type": "Microsoft.Kusto/Clusters/Databases/DataConnections",
            "location": "East US 2",
            "kind": "EventHub",
            "properties": {
              "eventHubResourceId": "/subscriptions/e8257c73-24c5-4791-94dc-8b7901c90dbf/resourceGroups/CSharpSDKRG645/providers/Microsoft.EventHub/namespaces/sdkEventHubNamespace645/eventhubs/sdkEventHub645",
              "consumerGroup": "$Default",
              "tableName": "sdkScriptContentTable645",
              "mappingRuleName": null,
              "dataFormat": "CSV",
              "eventSystemProperties": [],
              "compression": "None",
              "managedIdentityResourceId": "/subscriptions/e8257c73-24c5-4791-94dc-8b7901c90dbf/resourceGroups/CSharpSDKRG645/providers/Microsoft.ManagedIdentity/userAssignedIdentities/sdkUserAssignedIdentity645",
              "managedIdentityObjectId": "b71237fc-a892-452d-9820-c84b86669ea0",
              "databaseRouting": "Multi",
              "retrievalStartDate": "2023-01-29T10:40:44.9827051Z",
              "provisioningState": "Succeeded"
            }
          }
        ]
      }
    },
    {
      "RequestUri": "https://management.azure.com/subscriptions/e8257c73-24c5-4791-94dc-8b7901c90dbf/resourceGroups/CSharpSDKRG645/providers/Microsoft.Kusto/clusters/sdkCluster645/databases/sdkDatabase645/dataConnections/sdkEventHubDataConnection6450?api-version=2022-12-29",
      "RequestMethod": "GET",
      "RequestHeaders": {
        "Accept": "application/json",
        "Authorization": "Sanitized",
        "traceparent": "00-790fa980677d67bdc440dea4aea3d4c5-6edf1d36f500fd6b-00",
        "User-Agent": "azsdk-net-ResourceManager.Kusto/1.3.0-alpha.20230129.1 (.NET 6.0.13; Microsoft Windows 10.0.22621)",
        "x-ms-client-request-id": "bccc0bb0d4b5f7477b39d85966dad694",
        "x-ms-return-client-request-id": "true"
      },
      "RequestBody": null,
      "StatusCode": 200,
      "ResponseHeaders": {
        "Cache-Control": "no-cache",
        "Content-Length": "1117",
        "Content-Type": "application/json; charset=utf-8",
        "Date": "Sun, 29 Jan 2023 10:40:53 GMT",
        "Expires": "-1",
        "Pragma": "no-cache",
        "Server": "Microsoft-HTTPAPI/2.0",
        "Strict-Transport-Security": "max-age=31536000; includeSubDomains",
        "X-Content-Type-Options": "nosniff",
        "x-ms-correlation-request-id": "5478df5f-4fc3-4684-941e-fb349aca5ffc",
        "x-ms-ratelimit-remaining-subscription-resource-requests": "247",
        "x-ms-request-id": "7d80f083-d3fc-4e25-98f0-faacdaa8c27e",
        "x-ms-routing-request-id": "QATARCENTRAL:20230129T104054Z:5478df5f-4fc3-4684-941e-fb349aca5ffc"
      },
      "ResponseBody": {
        "id": "/subscriptions/e8257c73-24c5-4791-94dc-8b7901c90dbf/resourceGroups/CSharpSDKRG645/providers/Microsoft.Kusto/Clusters/sdkCluster645/Databases/sdkDatabase645/DataConnections/sdkEventHubDataConnection6450",
        "name": "sdkCluster645/sdkDatabase645/sdkEventHubDataConnection6450",
        "type": "Microsoft.Kusto/Clusters/Databases/DataConnections",
        "location": "East US 2",
        "kind": "EventHub",
        "properties": {
          "eventHubResourceId": "/subscriptions/e8257c73-24c5-4791-94dc-8b7901c90dbf/resourceGroups/CSharpSDKRG645/providers/Microsoft.EventHub/namespaces/sdkEventHubNamespace645/eventhubs/sdkEventHub645",
          "consumerGroup": "$Default",
          "tableName": "sdkScriptContentTable645",
          "mappingRuleName": null,
          "dataFormat": "CSV",
          "eventSystemProperties": [],
          "compression": "None",
          "managedIdentityResourceId": "/subscriptions/e8257c73-24c5-4791-94dc-8b7901c90dbf/resourceGroups/CSharpSDKRG645/providers/Microsoft.ManagedIdentity/userAssignedIdentities/sdkUserAssignedIdentity645",
          "managedIdentityObjectId": "b71237fc-a892-452d-9820-c84b86669ea0",
          "databaseRouting": "Multi",
          "retrievalStartDate": "2023-01-29T10:40:44.9827051Z",
          "provisioningState": "Succeeded"
        }
      }
    },
    {
      "RequestUri": "https://management.azure.com/subscriptions/e8257c73-24c5-4791-94dc-8b7901c90dbf/resourceGroups/CSharpSDKRG645/providers/Microsoft.Kusto/clusters/sdkCluster645/databases/sdkDatabase645/dataConnections/nonExistent?api-version=2022-12-29",
      "RequestMethod": "GET",
      "RequestHeaders": {
        "Accept": "application/json",
        "Authorization": "Sanitized",
        "traceparent": "00-a863d9dabb788e910db5a5bf6ee47738-27e4b0d43bd705da-00",
        "User-Agent": "azsdk-net-ResourceManager.Kusto/1.3.0-alpha.20230129.1 (.NET 6.0.13; Microsoft Windows 10.0.22621)",
        "x-ms-client-request-id": "31aa03367b9ec2fc7eaa5e14d27adbd0",
        "x-ms-return-client-request-id": "true"
      },
      "RequestBody": null,
      "StatusCode": 404,
      "ResponseHeaders": {
        "Cache-Control": "no-cache",
        "Content-Length": "278",
        "Content-Type": "application/json; charset=utf-8",
        "Date": "Sun, 29 Jan 2023 10:40:54 GMT",
        "Expires": "-1",
        "Pragma": "no-cache",
        "Server": "Microsoft-HTTPAPI/2.0",
        "Strict-Transport-Security": "max-age=31536000; includeSubDomains",
        "X-Content-Type-Options": "nosniff",
        "x-ms-correlation-request-id": "b6513051-ec6c-485d-8e48-dde022bcce63",
        "x-ms-ratelimit-remaining-subscription-resource-requests": "246",
        "x-ms-request-id": "5778986d-3549-4309-accc-eb55bb5f693a",
        "x-ms-routing-request-id": "QATARCENTRAL:20230129T104055Z:b6513051-ec6c-485d-8e48-dde022bcce63"
      },
      "ResponseBody": {
        "error": {
          "code": "ResourceNotFound",
          "message": "The resource with identifier \u0027/subscriptions/e8257c73-24c5-4791-94dc-8b7901c90dbf/resourceGroups/CSharpSDKRG645/providers/Microsoft.Kusto/Clusters/sdkCluster645/Databases/sdkDatabase645/DataConnections/nonExistent\u0027 is not found."
        }
      }
    },
    {
      "RequestUri": "https://management.azure.com/subscriptions/e8257c73-24c5-4791-94dc-8b7901c90dbf/resourceGroups/CSharpSDKRG645/providers/Microsoft.Kusto/clusters/sdkCluster645/databases/sdkDatabase645/dataConnections/sdkEventHubDataConnection6450?api-version=2022-12-29",
      "RequestMethod": "GET",
      "RequestHeaders": {
        "Accept": "application/json",
        "Authorization": "Sanitized",
        "traceparent": "00-835390ce28ed8d7fbcec7f0f705efed1-1e662d0bcbc88b05-00",
        "User-Agent": "azsdk-net-ResourceManager.Kusto/1.3.0-alpha.20230129.1 (.NET 6.0.13; Microsoft Windows 10.0.22621)",
        "x-ms-client-request-id": "66c1fe9656139bef90e87a9227b367b6",
        "x-ms-return-client-request-id": "true"
      },
      "RequestBody": null,
      "StatusCode": 200,
      "ResponseHeaders": {
        "Cache-Control": "no-cache",
        "Content-Length": "1117",
        "Content-Type": "application/json; charset=utf-8",
        "Date": "Sun, 29 Jan 2023 10:40:55 GMT",
        "Expires": "-1",
        "Pragma": "no-cache",
        "Server": "Microsoft-HTTPAPI/2.0",
        "Strict-Transport-Security": "max-age=31536000; includeSubDomains",
        "X-Content-Type-Options": "nosniff",
        "x-ms-correlation-request-id": "8038c4ef-52d1-4631-8228-508e2b7192ad",
        "x-ms-ratelimit-remaining-subscription-resource-requests": "245",
        "x-ms-request-id": "64ca02fa-7a57-43f6-b5aa-1c8c2b85d884",
        "x-ms-routing-request-id": "QATARCENTRAL:20230129T104055Z:8038c4ef-52d1-4631-8228-508e2b7192ad"
      },
      "ResponseBody": {
        "id": "/subscriptions/e8257c73-24c5-4791-94dc-8b7901c90dbf/resourceGroups/CSharpSDKRG645/providers/Microsoft.Kusto/Clusters/sdkCluster645/Databases/sdkDatabase645/DataConnections/sdkEventHubDataConnection6450",
        "name": "sdkCluster645/sdkDatabase645/sdkEventHubDataConnection6450",
        "type": "Microsoft.Kusto/Clusters/Databases/DataConnections",
        "location": "East US 2",
        "kind": "EventHub",
        "properties": {
          "eventHubResourceId": "/subscriptions/e8257c73-24c5-4791-94dc-8b7901c90dbf/resourceGroups/CSharpSDKRG645/providers/Microsoft.EventHub/namespaces/sdkEventHubNamespace645/eventhubs/sdkEventHub645",
          "consumerGroup": "$Default",
          "tableName": "sdkScriptContentTable645",
          "mappingRuleName": null,
          "dataFormat": "CSV",
          "eventSystemProperties": [],
          "compression": "None",
          "managedIdentityResourceId": "/subscriptions/e8257c73-24c5-4791-94dc-8b7901c90dbf/resourceGroups/CSharpSDKRG645/providers/Microsoft.ManagedIdentity/userAssignedIdentities/sdkUserAssignedIdentity645",
          "managedIdentityObjectId": "b71237fc-a892-452d-9820-c84b86669ea0",
          "databaseRouting": "Multi",
          "retrievalStartDate": "2023-01-29T10:40:44.9827051Z",
          "provisioningState": "Succeeded"
        }
      }
    },
    {
      "RequestUri": "https://management.azure.com/subscriptions/e8257c73-24c5-4791-94dc-8b7901c90dbf/resourceGroups/CSharpSDKRG645/providers/Microsoft.Kusto/clusters/sdkCluster645/databases/sdkDatabase645/dataConnections/sdkEventHubDataConnection6450?api-version=2022-12-29",
      "RequestMethod": "DELETE",
      "RequestHeaders": {
        "Accept": "application/json",
        "Authorization": "Sanitized",
        "traceparent": "00-d80038809faf5209ae33a2ed97ea2a0f-db0117b7d5abccbb-00",
        "User-Agent": "azsdk-net-ResourceManager.Kusto/1.3.0-alpha.20230129.1 (.NET 6.0.13; Microsoft Windows 10.0.22621)",
        "x-ms-client-request-id": "52811cbc290c34f80e093e0b75322500",
        "x-ms-return-client-request-id": "true"
      },
      "RequestBody": null,
      "StatusCode": 202,
      "ResponseHeaders": {
        "Azure-AsyncOperation": "https://management.azure.com/subscriptions/e8257c73-24c5-4791-94dc-8b7901c90dbf/providers/Microsoft.Kusto/locations/East US 2/operationResults/a62edeba-55f5-4f36-81c4-2ae753892645?api-version=2022-12-29",
        "Cache-Control": "no-cache",
        "Content-Length": "0",
        "Date": "Sun, 29 Jan 2023 10:40:56 GMT",
        "Expires": "-1",
        "Location": "https://management.azure.com/subscriptions/e8257c73-24c5-4791-94dc-8b7901c90dbf/providers/Microsoft.Kusto/locations/East%20US%202/operationResults/a62edeba-55f5-4f36-81c4-2ae753892645?api-version=2022-12-29\u0026operationResultResponseType=Location",
        "Pragma": "no-cache",
        "Server": "Microsoft-HTTPAPI/2.0",
        "Strict-Transport-Security": "max-age=31536000; includeSubDomains",
        "X-Content-Type-Options": "nosniff",
        "x-ms-correlation-request-id": "5f0ebf6b-e037-4d96-b6c1-275784c6c582",
        "x-ms-ratelimit-remaining-subscription-deletes": "14988",
        "x-ms-request-id": "5f0ebf6b-e037-4d96-b6c1-275784c6c582",
        "x-ms-routing-request-id": "QATARCENTRAL:20230129T104057Z:5f0ebf6b-e037-4d96-b6c1-275784c6c582"
      },
      "ResponseBody": null
    },
    {
      "RequestUri": "https://management.azure.com/subscriptions/e8257c73-24c5-4791-94dc-8b7901c90dbf/providers/Microsoft.Kusto/locations/East%20US%202/operationResults/a62edeba-55f5-4f36-81c4-2ae753892645?api-version=2022-12-29",
      "RequestMethod": "GET",
      "RequestHeaders": {
        "Authorization": "Sanitized",
        "traceparent": "00-d80038809faf5209ae33a2ed97ea2a0f-f5fa704ac39458ba-00",
        "User-Agent": "azsdk-net-ResourceManager/1.3.2 (.NET 6.0.13; Microsoft Windows 10.0.22621)",
        "x-ms-client-request-id": "b557a74288f96cc3068c580918e4255d",
        "x-ms-return-client-request-id": "true"
      },
      "RequestBody": null,
      "StatusCode": 200,
      "ResponseHeaders": {
        "Cache-Control": "no-cache",
        "Content-Length": "450",
        "Content-Type": "application/json; charset=utf-8",
        "Date": "Sun, 29 Jan 2023 10:40:57 GMT",
        "Expires": "-1",
        "Pragma": "no-cache",
        "Server": "Microsoft-HTTPAPI/2.0",
        "Strict-Transport-Security": "max-age=31536000; includeSubDomains",
        "X-Content-Type-Options": "nosniff",
        "x-ms-correlation-request-id": "d14229ca-e1e9-4b66-8ff8-9872dd43b377",
        "x-ms-operation-root-activity-id": "ebd43e44-6013-4ecc-ada1-7d19f62d1a50",
        "x-ms-ratelimit-remaining-subscription-resource-requests": "210",
        "x-ms-request-id": "77db1ebf-1267-49c0-850b-cdf18dc74d07",
        "x-ms-routing-request-id": "QATARCENTRAL:20230129T104057Z:d14229ca-e1e9-4b66-8ff8-9872dd43b377"
      },
      "ResponseBody": {
        "id": "/subscriptions/e8257c73-24c5-4791-94dc-8b7901c90dbf/providers/Microsoft.Kusto/locations/East US 2/operationresults/a62edeba-55f5-4f36-81c4-2ae753892645",
        "name": "a62edeba-55f5-4f36-81c4-2ae753892645",
        "status": "Running",
        "startTime": "2023-01-29T10:40:57.2007496Z",
        "endTime": "2023-01-29T10:40:57.2007496Z",
        "percentComplete": 0.5,
        "properties": {
          "operationKind": "DmServiceDataObtainerDrop",
          "provisioningState": "Running",
          "operationState": "InProgress"
        }
      }
    },
    {
      "RequestUri": "https://management.azure.com/subscriptions/e8257c73-24c5-4791-94dc-8b7901c90dbf/providers/Microsoft.Kusto/locations/East%20US%202/operationResults/a62edeba-55f5-4f36-81c4-2ae753892645?api-version=2022-12-29",
      "RequestMethod": "GET",
      "RequestHeaders": {
        "Authorization": "Sanitized",
        "traceparent": "00-d80038809faf5209ae33a2ed97ea2a0f-2bfc3cd605cc8d89-00",
        "User-Agent": "azsdk-net-ResourceManager/1.3.2 (.NET 6.0.13; Microsoft Windows 10.0.22621)",
        "x-ms-client-request-id": "1f3479c3ffef4c9e9ba13efd884233a5",
        "x-ms-return-client-request-id": "true"
      },
      "RequestBody": null,
      "StatusCode": 200,
      "ResponseHeaders": {
        "Cache-Control": "no-cache",
        "Content-Length": "450",
        "Content-Type": "application/json; charset=utf-8",
        "Date": "Sun, 29 Jan 2023 10:40:58 GMT",
        "Expires": "-1",
        "Pragma": "no-cache",
        "Server": "Microsoft-HTTPAPI/2.0",
        "Strict-Transport-Security": "max-age=31536000; includeSubDomains",
        "X-Content-Type-Options": "nosniff",
        "x-ms-correlation-request-id": "2d07d3b1-23b3-4d91-9f8e-670025174136",
        "x-ms-operation-root-activity-id": "ebd43e44-6013-4ecc-ada1-7d19f62d1a50",
        "x-ms-ratelimit-remaining-subscription-resource-requests": "209",
        "x-ms-request-id": "bea80263-f7de-49d1-b37a-ef23fd769ec2",
        "x-ms-routing-request-id": "QATARCENTRAL:20230129T104059Z:2d07d3b1-23b3-4d91-9f8e-670025174136"
      },
      "ResponseBody": {
        "id": "/subscriptions/e8257c73-24c5-4791-94dc-8b7901c90dbf/providers/Microsoft.Kusto/locations/East US 2/operationresults/a62edeba-55f5-4f36-81c4-2ae753892645",
        "name": "a62edeba-55f5-4f36-81c4-2ae753892645",
        "status": "Running",
        "startTime": "2023-01-29T10:40:57.2007496Z",
        "endTime": "2023-01-29T10:40:57.2007496Z",
        "percentComplete": 0.5,
        "properties": {
          "operationKind": "DmServiceDataObtainerDrop",
          "provisioningState": "Running",
          "operationState": "InProgress"
        }
      }
    },
    {
      "RequestUri": "https://management.azure.com/subscriptions/e8257c73-24c5-4791-94dc-8b7901c90dbf/providers/Microsoft.Kusto/locations/East%20US%202/operationResults/a62edeba-55f5-4f36-81c4-2ae753892645?api-version=2022-12-29",
      "RequestMethod": "GET",
      "RequestHeaders": {
        "Authorization": "Sanitized",
        "traceparent": "00-d80038809faf5209ae33a2ed97ea2a0f-81e6cc3a940b50cd-00",
        "User-Agent": "azsdk-net-ResourceManager/1.3.2 (.NET 6.0.13; Microsoft Windows 10.0.22621)",
        "x-ms-client-request-id": "cec8736e6fdad4074357618b1777c72e",
        "x-ms-return-client-request-id": "true"
      },
      "RequestBody": null,
      "StatusCode": 200,
      "ResponseHeaders": {
        "Cache-Control": "no-cache",
        "Content-Length": "450",
        "Content-Type": "application/json; charset=utf-8",
        "Date": "Sun, 29 Jan 2023 10:40:59 GMT",
        "Expires": "-1",
        "Pragma": "no-cache",
        "Server": "Microsoft-HTTPAPI/2.0",
        "Strict-Transport-Security": "max-age=31536000; includeSubDomains",
        "X-Content-Type-Options": "nosniff",
        "x-ms-correlation-request-id": "cd585beb-3e56-4dc6-a46a-e79aff0336a3",
        "x-ms-operation-root-activity-id": "ebd43e44-6013-4ecc-ada1-7d19f62d1a50",
        "x-ms-ratelimit-remaining-subscription-resource-requests": "208",
        "x-ms-request-id": "d8f13090-38fd-41aa-b351-201ae45bfc38",
        "x-ms-routing-request-id": "QATARCENTRAL:20230129T104100Z:cd585beb-3e56-4dc6-a46a-e79aff0336a3"
      },
      "ResponseBody": {
        "id": "/subscriptions/e8257c73-24c5-4791-94dc-8b7901c90dbf/providers/Microsoft.Kusto/locations/East US 2/operationresults/a62edeba-55f5-4f36-81c4-2ae753892645",
        "name": "a62edeba-55f5-4f36-81c4-2ae753892645",
        "status": "Running",
        "startTime": "2023-01-29T10:40:57.2007496Z",
        "endTime": "2023-01-29T10:40:57.2007496Z",
        "percentComplete": 0.5,
        "properties": {
          "operationKind": "DmServiceDataObtainerDrop",
          "provisioningState": "Running",
          "operationState": "InProgress"
        }
      }
    },
    {
      "RequestUri": "https://management.azure.com/subscriptions/e8257c73-24c5-4791-94dc-8b7901c90dbf/providers/Microsoft.Kusto/locations/East%20US%202/operationResults/a62edeba-55f5-4f36-81c4-2ae753892645?api-version=2022-12-29",
      "RequestMethod": "GET",
      "RequestHeaders": {
        "Authorization": "Sanitized",
        "traceparent": "00-d80038809faf5209ae33a2ed97ea2a0f-79fdc8b697f39c1c-00",
        "User-Agent": "azsdk-net-ResourceManager/1.3.2 (.NET 6.0.13; Microsoft Windows 10.0.22621)",
        "x-ms-client-request-id": "87f244e87b3442db090a1a574ac5e4c4",
        "x-ms-return-client-request-id": "true"
      },
      "RequestBody": null,
      "StatusCode": 200,
      "ResponseHeaders": {
        "Cache-Control": "no-cache",
        "Content-Length": "450",
        "Content-Type": "application/json; charset=utf-8",
        "Date": "Sun, 29 Jan 2023 10:41:01 GMT",
        "Expires": "-1",
        "Pragma": "no-cache",
        "Server": "Microsoft-HTTPAPI/2.0",
        "Strict-Transport-Security": "max-age=31536000; includeSubDomains",
        "X-Content-Type-Options": "nosniff",
        "x-ms-correlation-request-id": "ceb7897a-4c76-4e36-991c-43c565c2502d",
        "x-ms-operation-root-activity-id": "ebd43e44-6013-4ecc-ada1-7d19f62d1a50",
        "x-ms-ratelimit-remaining-subscription-resource-requests": "207",
        "x-ms-request-id": "efa042d1-4a4a-49d9-8b0b-463f442fac79",
        "x-ms-routing-request-id": "QATARCENTRAL:20230129T104101Z:ceb7897a-4c76-4e36-991c-43c565c2502d"
      },
      "ResponseBody": {
        "id": "/subscriptions/e8257c73-24c5-4791-94dc-8b7901c90dbf/providers/Microsoft.Kusto/locations/East US 2/operationresults/a62edeba-55f5-4f36-81c4-2ae753892645",
        "name": "a62edeba-55f5-4f36-81c4-2ae753892645",
        "status": "Running",
        "startTime": "2023-01-29T10:40:57.2007496Z",
        "endTime": "2023-01-29T10:40:57.2007496Z",
        "percentComplete": 0.5,
        "properties": {
          "operationKind": "DmServiceDataObtainerDrop",
          "provisioningState": "Running",
          "operationState": "InProgress"
        }
      }
    },
    {
      "RequestUri": "https://management.azure.com/subscriptions/e8257c73-24c5-4791-94dc-8b7901c90dbf/providers/Microsoft.Kusto/locations/East%20US%202/operationResults/a62edeba-55f5-4f36-81c4-2ae753892645?api-version=2022-12-29",
      "RequestMethod": "GET",
      "RequestHeaders": {
        "Authorization": "Sanitized",
        "traceparent": "00-d80038809faf5209ae33a2ed97ea2a0f-29ee124d5cdd45b3-00",
        "User-Agent": "azsdk-net-ResourceManager/1.3.2 (.NET 6.0.13; Microsoft Windows 10.0.22621)",
        "x-ms-client-request-id": "a49bb258571b5382715fdb989d123524",
        "x-ms-return-client-request-id": "true"
      },
      "RequestBody": null,
      "StatusCode": 200,
      "ResponseHeaders": {
        "Cache-Control": "no-cache",
        "Content-Length": "453",
        "Content-Type": "application/json; charset=utf-8",
        "Date": "Sun, 29 Jan 2023 10:41:03 GMT",
        "Expires": "-1",
        "Pragma": "no-cache",
        "Server": "Microsoft-HTTPAPI/2.0",
        "Strict-Transport-Security": "max-age=31536000; includeSubDomains",
        "X-Content-Type-Options": "nosniff",
        "x-ms-correlation-request-id": "e5a8abf1-774a-459e-81b5-267f188c16d5",
        "x-ms-operation-root-activity-id": "ebd43e44-6013-4ecc-ada1-7d19f62d1a50",
        "x-ms-ratelimit-remaining-subscription-resource-requests": "206",
        "x-ms-request-id": "877e323b-09f4-4813-b118-906b413b3402",
        "x-ms-routing-request-id": "QATARCENTRAL:20230129T104104Z:e5a8abf1-774a-459e-81b5-267f188c16d5"
      },
      "ResponseBody": {
        "id": "/subscriptions/e8257c73-24c5-4791-94dc-8b7901c90dbf/providers/Microsoft.Kusto/locations/East US 2/operationresults/a62edeba-55f5-4f36-81c4-2ae753892645",
        "name": "a62edeba-55f5-4f36-81c4-2ae753892645",
        "status": "Succeeded",
        "startTime": "2023-01-29T10:40:57.2007496Z",
        "endTime": "2023-01-29T10:41:01.8882848Z",
        "percentComplete": 1.0,
        "properties": {
          "operationKind": "DmServiceDataObtainerDrop",
          "provisioningState": "Succeeded",
          "operationState": "Completed"
        }
      }
    },
    {
      "RequestUri": "https://management.azure.com/subscriptions/e8257c73-24c5-4791-94dc-8b7901c90dbf/resourceGroups/CSharpSDKRG645/providers/Microsoft.Kusto/clusters/sdkCluster645/databases/sdkDatabase645/dataConnections/sdkEventHubDataConnection6450?api-version=2022-12-29",
      "RequestMethod": "GET",
      "RequestHeaders": {
        "Accept": "application/json",
        "Authorization": "Sanitized",
        "traceparent": "00-d6e0e7afca276ba86891d95493f64adb-4ce5b0c22def4622-00",
        "User-Agent": "azsdk-net-ResourceManager.Kusto/1.3.0-alpha.20230129.1 (.NET 6.0.13; Microsoft Windows 10.0.22621)",
        "x-ms-client-request-id": "43150fdaac4ff3709886c4d055b08a7d",
        "x-ms-return-client-request-id": "true"
      },
      "RequestBody": null,
      "StatusCode": 404,
      "ResponseHeaders": {
        "Cache-Control": "no-cache",
        "Content-Length": "296",
        "Content-Type": "application/json; charset=utf-8",
        "Date": "Sun, 29 Jan 2023 10:41:04 GMT",
        "Expires": "-1",
        "Pragma": "no-cache",
        "Server": "Microsoft-HTTPAPI/2.0",
        "Strict-Transport-Security": "max-age=31536000; includeSubDomains",
        "X-Content-Type-Options": "nosniff",
        "x-ms-correlation-request-id": "6ae58b53-bbf8-4db6-a591-fafeb6c7f047",
        "x-ms-ratelimit-remaining-subscription-resource-requests": "244",
        "x-ms-request-id": "4fd00d4c-51c5-4cc4-9321-c9948b3692ad",
        "x-ms-routing-request-id": "QATARCENTRAL:20230129T104105Z:6ae58b53-bbf8-4db6-a591-fafeb6c7f047"
      },
      "ResponseBody": {
        "error": {
          "code": "ResourceNotFound",
          "message": "The resource with identifier \u0027/subscriptions/e8257c73-24c5-4791-94dc-8b7901c90dbf/resourceGroups/CSharpSDKRG645/providers/Microsoft.Kusto/Clusters/sdkCluster645/Databases/sdkDatabase645/DataConnections/sdkEventHubDataConnection6450\u0027 is not found."
        }
      }
    }
  ],
  "Variables": {
    "AZURE_AUTHORITY_HOST": "https://login.microsoftonline.com/",
    "CLUSTER_NAME": "sdkCluster645",
    "DATABASE_NAME": "sdkDatabase645",
    "EVENT_HUB_ID": "/subscriptions/e8257c73-24c5-4791-94dc-8b7901c90dbf/resourceGroups/CSharpSDKRG645/providers/Microsoft.EventHub/namespaces/sdkEventHubNamespace645/eventhubs/sdkEventHub645",
    "ID": "645",
    "LOCATION": "eastus2",
    "RandomSeed": "1969452834",
    "RESOURCE_GROUP": "CSharpSDKRG645",
    "RESOURCE_MANAGER_URL": "https://management.azure.com/",
    "SUBSCRIPTION_ID": "e8257c73-24c5-4791-94dc-8b7901c90dbf",
    "TABLE_NAME": "sdkScriptContentTable645",
    "USER_ASSIGNED_IDENTITY_ID": "/subscriptions/e8257c73-24c5-4791-94dc-8b7901c90dbf/resourceGroups/CSharpSDKRG645/providers/Microsoft.ManagedIdentity/userAssignedIdentities/sdkUserAssignedIdentity645"
  }
}
