{
  "Entries": [
    {
      "RequestUri": "/subscriptions/623d50f1-4fa8-4e46-a967-a9214aed43ab/resourceGroups/CS-SouthCentralUS-scheduler/providers/Microsoft.Scheduler/jobCollections/jc19054?api-version=2016-03-01",
      "EncodedRequestUri": "L3N1YnNjcmlwdGlvbnMvNjIzZDUwZjEtNGZhOC00ZTQ2LWE5NjctYTkyMTRhZWQ0M2FiL3Jlc291cmNlR3JvdXBzL0NTLVNvdXRoQ2VudHJhbFVTLXNjaGVkdWxlci9wcm92aWRlcnMvTWljcm9zb2Z0LlNjaGVkdWxlci9qb2JDb2xsZWN0aW9ucy9qYzE5MDU0P2FwaS12ZXJzaW9uPTIwMTYtMDMtMDE=",
      "RequestMethod": "PUT",
      "RequestBody": "{\r\n  \"name\": \"jc19054\",\r\n  \"location\": \"South Central US\",\r\n  \"properties\": {\r\n    \"sku\": {\r\n      \"name\": \"P20Premium\"\r\n    },\r\n    \"state\": \"Suspended\",\r\n    \"quota\": {\r\n      \"maxJobCount\": 20,\r\n      \"maxRecurrence\": {\r\n        \"frequency\": \"Week\",\r\n        \"interval\": 1\r\n      }\r\n    }\r\n  }\r\n}",
      "RequestHeaders": {
        "Content-Type": [
          "application/json; charset=utf-8"
        ],
        "Content-Length": [
          "299"
        ],
        "x-ms-client-request-id": [
          "43f87f4c-bf97-48df-99b2-378661c23a97"
        ],
        "accept-language": [
          "en-US"
        ],
        "User-Agent": [
          "Microsoft.Azure.Management.Scheduler.SchedulerManagementClient/2.0.0.0"
        ]
      },
      "ResponseBody": "{\r\n  \"id\": \"/subscriptions/623d50f1-4fa8-4e46-a967-a9214aed43ab/resourceGroups/CS-SouthCentralUS-scheduler/providers/Microsoft.Scheduler/jobCollections/jc19054\",\r\n  \"type\": \"Microsoft.Scheduler/jobCollections\",\r\n  \"name\": \"jc19054\",\r\n  \"location\": \"South Central US\",\r\n  \"properties\": {\r\n    \"sku\": {\r\n      \"name\": \"P20Premium\"\r\n    },\r\n    \"state\": \"Suspended\",\r\n    \"quota\": {\r\n      \"maxJobCount\": 20,\r\n      \"maxRecurrence\": {\r\n        \"frequency\": \"week\",\r\n        \"interval\": 1\r\n      }\r\n    }\r\n  }\r\n}",
      "ResponseHeaders": {
        "Content-Length": [
          "387"
        ],
        "Content-Type": [
          "application/json; charset=utf-8"
        ],
        "Expires": [
          "-1"
        ],
        "Pragma": [
          "no-cache"
        ],
        "x-ms-ratelimit-burst-remaining-scheduler-writes": [
          "179"
        ],
        "x-ms-request-id": [
          "198e5854-f6c3-4fb1-9722-5668e137c94e"
        ],
        "x-ms-ratelimit-remaining-subscription-resource-requests": [
          "299"
        ],
        "x-ms-correlation-request-id": [
          "3d3f349a-a07e-4048-a5e3-53960851f345"
        ],
        "x-ms-routing-request-id": [
          "WESTUS:20160330T193352Z:3d3f349a-a07e-4048-a5e3-53960851f345"
        ],
        "Strict-Transport-Security": [
          "max-age=31536000; includeSubDomains"
        ],
        "Cache-Control": [
          "no-cache"
        ],
        "Date": [
          "Wed, 30 Mar 2016 19:33:52 GMT"
        ],
        "Server": [
          "Microsoft-IIS/8.5"
        ],
        "X-AspNet-Version": [
          "4.0.30319"
        ],
        "X-Powered-By": [
          "ASP.NET"
        ]
      },
      "StatusCode": 201
    },
    {
      "RequestUri": "/subscriptions/623d50f1-4fa8-4e46-a967-a9214aed43ab/resourceGroups/CS-SouthCentralUS-scheduler/providers/Microsoft.Scheduler/jobCollections/jc19054?api-version=2016-03-01",
      "EncodedRequestUri": "L3N1YnNjcmlwdGlvbnMvNjIzZDUwZjEtNGZhOC00ZTQ2LWE5NjctYTkyMTRhZWQ0M2FiL3Jlc291cmNlR3JvdXBzL0NTLVNvdXRoQ2VudHJhbFVTLXNjaGVkdWxlci9wcm92aWRlcnMvTWljcm9zb2Z0LlNjaGVkdWxlci9qb2JDb2xsZWN0aW9ucy9qYzE5MDU0P2FwaS12ZXJzaW9uPTIwMTYtMDMtMDE=",
      "RequestMethod": "PUT",
      "RequestBody": "{\r\n  \"name\": \"jc19054\",\r\n  \"location\": \"South Central US\",\r\n  \"tags\": {\r\n    \"department\": \"marketing\"\r\n  },\r\n  \"properties\": {\r\n    \"sku\": {\r\n      \"name\": \"P10Premium\"\r\n    },\r\n    \"state\": \"Enabled\",\r\n    \"quota\": {\r\n      \"maxJobCount\": 50,\r\n      \"maxRecurrence\": {\r\n        \"frequency\": \"Day\",\r\n        \"interval\": 2\r\n      }\r\n    }\r\n  }\r\n}",
      "RequestHeaders": {
        "Content-Type": [
          "application/json; charset=utf-8"
        ],
        "Content-Length": [
          "346"
        ],
        "x-ms-client-request-id": [
          "7bcd58df-39d4-4a25-b716-1cee235fd872"
        ],
        "accept-language": [
          "en-US"
        ],
        "User-Agent": [
          "Microsoft.Azure.Management.Scheduler.SchedulerManagementClient/2.0.0.0"
        ]
      },
      "ResponseBody": "{\r\n  \"id\": \"/subscriptions/623d50f1-4fa8-4e46-a967-a9214aed43ab/resourceGroups/CS-SouthCentralUS-scheduler/providers/Microsoft.Scheduler/jobCollections/jc19054\",\r\n  \"type\": \"Microsoft.Scheduler/jobCollections\",\r\n  \"name\": \"jc19054\",\r\n  \"location\": \"South Central US\",\r\n  \"tags\": {\r\n    \"department\": \"marketing\"\r\n  },\r\n  \"properties\": {\r\n    \"sku\": {\r\n      \"name\": \"P10Premium\"\r\n    },\r\n    \"state\": \"Enabled\",\r\n    \"quota\": {\r\n      \"maxJobCount\": 50,\r\n      \"maxRecurrence\": {\r\n        \"frequency\": \"day\",\r\n        \"interval\": 2\r\n      }\r\n    }\r\n  }\r\n}",
      "ResponseHeaders": {
        "Content-Length": [
          "418"
        ],
        "Content-Type": [
          "application/json; charset=utf-8"
        ],
        "Expires": [
          "-1"
        ],
        "Pragma": [
          "no-cache"
        ],
        "x-ms-ratelimit-burst-remaining-scheduler-writes": [
          "178"
        ],
        "x-ms-request-id": [
          "bfa86506-bb47-4b4a-8851-8ae4c93d6108"
        ],
        "x-ms-ratelimit-remaining-subscription-resource-requests": [
          "298"
        ],
        "x-ms-correlation-request-id": [
          "81c919ec-a232-4710-8cff-3a440603a327"
        ],
        "x-ms-routing-request-id": [
          "WESTUS:20160330T193354Z:81c919ec-a232-4710-8cff-3a440603a327"
        ],
        "Strict-Transport-Security": [
          "max-age=31536000; includeSubDomains"
        ],
        "Cache-Control": [
          "no-cache"
        ],
        "Date": [
          "Wed, 30 Mar 2016 19:33:54 GMT"
        ],
        "Server": [
          "Microsoft-IIS/8.5"
        ],
        "X-AspNet-Version": [
          "4.0.30319"
        ],
        "X-Powered-By": [
          "ASP.NET"
        ]
      },
      "StatusCode": 201
    },
    {
      "RequestUri": "/subscriptions/623d50f1-4fa8-4e46-a967-a9214aed43ab/resourceGroups/CS-SouthCentralUS-scheduler/providers/Microsoft.Scheduler/jobCollections/jc19054?api-version=2016-03-01",
      "EncodedRequestUri": "L3N1YnNjcmlwdGlvbnMvNjIzZDUwZjEtNGZhOC00ZTQ2LWE5NjctYTkyMTRhZWQ0M2FiL3Jlc291cmNlR3JvdXBzL0NTLVNvdXRoQ2VudHJhbFVTLXNjaGVkdWxlci9wcm92aWRlcnMvTWljcm9zb2Z0LlNjaGVkdWxlci9qb2JDb2xsZWN0aW9ucy9qYzE5MDU0P2FwaS12ZXJzaW9uPTIwMTYtMDMtMDE=",
      "RequestMethod": "DELETE",
      "RequestBody": "",
      "RequestHeaders": {
        "x-ms-client-request-id": [
          "bffae22b-8a83-405c-8f26-e93253c1fb19"
        ],
        "accept-language": [
          "en-US"
        ],
        "User-Agent": [
          "Microsoft.Azure.Management.Scheduler.SchedulerManagementClient/2.0.0.0"
        ]
      },
      "ResponseBody": "",
      "ResponseHeaders": {
        "Content-Length": [
          "0"
        ],
        "Expires": [
          "-1"
        ],
        "Pragma": [
          "no-cache"
        ],
        "x-ms-ratelimit-burst-remaining-scheduler-writes": [
          "177"
        ],
        "x-ms-request-id": [
          "0241e4ab-7878-4a37-a45b-340a16d7dec5"
        ],
        "x-ms-ratelimit-remaining-subscription-writes": [
          "1199"
        ],
        "x-ms-correlation-request-id": [
          "a4d52ed7-c34c-43aa-b7f0-24c37588addf"
        ],
        "x-ms-routing-request-id": [
          "WESTUS:20160330T193355Z:a4d52ed7-c34c-43aa-b7f0-24c37588addf"
        ],
        "Strict-Transport-Security": [
          "max-age=31536000; includeSubDomains"
        ],
        "Cache-Control": [
          "no-cache"
        ],
        "Date": [
          "Wed, 30 Mar 2016 19:33:55 GMT"
        ],
        "Server": [
          "Microsoft-IIS/8.5"
        ],
        "X-AspNet-Version": [
          "4.0.30319"
        ],
        "X-Powered-By": [
          "ASP.NET"
        ]
      },
      "StatusCode": 200
    }
  ],
  "Names": {
    "Scenario_JobCollectionCreateUpdateDeleteP20Premium": [
      "jc19054"
    ]
  },
  "Variables": {
    "SubscriptionId": "623d50f1-4fa8-4e46-a967-a9214aed43ab"
  }
}