{
  "Entries": [
    {
      "RequestUri": "https://e2e_test.communication.azure.com/sip?api-version=2021-05-01-preview1",
      "RequestMethod": "PATCH",
      "RequestHeaders": {
        "Accept": "application/json",
        "Authorization": "Sanitized",
        "Connection": "keep-alive",
        "Content-Length": "13",
        "Content-Type": "application/merge-patch\u002Bjson",
        "User-Agent": "azsdk-net-Communication.PhoneNumbers/1.1.0-alpha.20220425.1 (.NET Framework 4.8.4470.0; Microsoft Windows 10.0.22000 )",
        "x-ms-client-request-id": "6402374648fd4583b541371cd7ddc274",
        "x-ms-content-sha256": "Sanitized",
        "x-ms-date": "Mon, 25 Apr 2022 07:26:39 GMT",
        "x-ms-return-client-request-id": "true"
      },
      "RequestBody": {
        "routes": []
      },
      "StatusCode": 200,
      "ResponseHeaders": {
        "Content-Type": "application/json; charset=utf-8",
        "Date": "Mon, 25 Apr 2022 07:26:35 GMT",
        "MS-CV": "ekqDD3YPkkKV5dbkxI002w.0",
        "Strict-Transport-Security": "max-age=2592000",
        "Transfer-Encoding": "chunked",
        "X-Azure-Ref": "0K01mYgAAAAC/fATmNf6cSI1q2Z4pQu0xUFJHMDFFREdFMDcxMwA5ZmM3YjUxOS1hOGNjLTRmODktOTM1ZS1jOTE0OGFlMDllODE=",
        "X-Cache": "CONFIG_NOCACHE",
        "X-Processing-Time": "427ms"
      },
      "ResponseBody": {
        "trunks": {
          "newsbs.sipconfigtest.com": {
            "sipSignalingPort": 9999
          }
        },
        "routes": []
      }
    },
    {
      "RequestUri": "https://e2e_test.communication.azure.com/sip?api-version=2021-05-01-preview1",
      "RequestMethod": "GET",
      "RequestHeaders": {
        "Accept": "application/json",
        "Authorization": "Sanitized",
        "User-Agent": "azsdk-net-Communication.PhoneNumbers/1.1.0-alpha.20220425.1 (.NET Framework 4.8.4470.0; Microsoft Windows 10.0.22000 )",
        "x-ms-client-request-id": "5e0f8906755a7aa3cd7d5848d97e1b01",
        "x-ms-content-sha256": "Sanitized",
        "x-ms-date": "Mon, 25 Apr 2022 07:26:40 GMT",
        "x-ms-return-client-request-id": "true"
      },
      "RequestBody": null,
      "StatusCode": 200,
      "ResponseHeaders": {
        "Content-Type": "application/json; charset=utf-8",
        "Date": "Mon, 25 Apr 2022 07:26:36 GMT",
        "MS-CV": "JdNwt541H0a/VLeKY9SxoA.0",
        "Strict-Transport-Security": "max-age=2592000",
        "Transfer-Encoding": "chunked",
        "X-Azure-Ref": "0LE1mYgAAAABAfTUz3XoeS4LTg3K77pDmUFJHMDFFREdFMDcxMwA5ZmM3YjUxOS1hOGNjLTRmODktOTM1ZS1jOTE0OGFlMDllODE=",
        "X-Cache": "CONFIG_NOCACHE",
        "X-Processing-Time": "211ms"
      },
      "ResponseBody": {
        "trunks": {
          "newsbs.sipconfigtest.com": {
            "sipSignalingPort": 9999
          }
        },
        "routes": []
      }
    },
    {
      "RequestUri": "https://e2e_test.communication.azure.com/sip?api-version=2021-05-01-preview1",
      "RequestMethod": "PATCH",
      "RequestHeaders": {
        "Accept": "application/json",
        "Authorization": "Sanitized",
        "Content-Length": "44",
        "Content-Type": "application/merge-patch\u002Bjson",
        "User-Agent": "azsdk-net-Communication.PhoneNumbers/1.1.0-alpha.20220425.1 (.NET Framework 4.8.4470.0; Microsoft Windows 10.0.22000 )",
        "x-ms-client-request-id": "ee4b907b721297b0a13f41b4d796b81b",
        "x-ms-content-sha256": "Sanitized",
        "x-ms-date": "Mon, 25 Apr 2022 07:26:40 GMT",
        "x-ms-return-client-request-id": "true"
      },
      "RequestBody": {
        "trunks": {
          "newsbs.sipconfigtest.com": null
        }
      },
      "StatusCode": 200,
      "ResponseHeaders": {
        "Content-Type": "application/json; charset=utf-8",
        "Date": "Mon, 25 Apr 2022 07:26:36 GMT",
        "MS-CV": "mYwtHjmlhEuJqkgdL7\u002BSsA.0",
        "Strict-Transport-Security": "max-age=2592000",
        "Transfer-Encoding": "chunked",
        "X-Azure-Ref": "0LE1mYgAAAAClrQdvb4d6QasDKUsPMyUhUFJHMDFFREdFMDcxMwA5ZmM3YjUxOS1hOGNjLTRmODktOTM1ZS1jOTE0OGFlMDllODE=",
        "X-Cache": "CONFIG_NOCACHE",
        "X-Processing-Time": "512ms"
      },
      "ResponseBody": {
        "trunks": {},
        "routes": []
      }
    },
    {
      "RequestUri": "https://e2e_test.communication.azure.com/sip?api-version=2021-05-01-preview1",
      "RequestMethod": "PATCH",
      "RequestHeaders": {
        "Accept": "application/json",
        "Authorization": "Sanitized",
        "Content-Length": "65",
        "Content-Type": "application/merge-patch\u002Bjson",
        "User-Agent": "azsdk-net-Communication.PhoneNumbers/1.1.0-alpha.20220425.1 (.NET Framework 4.8.4470.0; Microsoft Windows 10.0.22000 )",
        "x-ms-client-request-id": "0b14cce343e1d0d89388977fef3b6b37",
        "x-ms-content-sha256": "Sanitized",
        "x-ms-date": "Mon, 25 Apr 2022 07:26:41 GMT",
        "x-ms-return-client-request-id": "true"
      },
      "RequestBody": {
        "trunks": {
          "newsbs.sipconfigtest.com": {
            "sipSignalingPort": 3333
          }
        }
      },
      "StatusCode": 200,
      "ResponseHeaders": {
        "Content-Type": "application/json; charset=utf-8",
        "Date": "Mon, 25 Apr 2022 07:26:38 GMT",
        "MS-CV": "xzECH3oTpkG7Vz9AsROBng.0",
        "Strict-Transport-Security": "max-age=2592000",
        "Transfer-Encoding": "chunked",
        "X-Azure-Ref": "0LU1mYgAAAACh2ezKcy2OQ70afZ1K\u002B3NDUFJHMDFFREdFMDcxMwA5ZmM3YjUxOS1hOGNjLTRmODktOTM1ZS1jOTE0OGFlMDllODE=",
        "X-Cache": "CONFIG_NOCACHE",
        "X-Processing-Time": "1373ms"
      },
      "ResponseBody": {
        "trunks": {
          "newsbs.sipconfigtest.com": {
            "sipSignalingPort": 3333
          }
        },
        "routes": []
      }
    },
    {
      "RequestUri": "https://e2e_test.communication.azure.com/sip?api-version=2021-05-01-preview1",
      "RequestMethod": "PATCH",
      "RequestHeaders": {
        "Accept": "application/json",
        "Authorization": "Sanitized",
        "Content-Length": "162",
        "Content-Type": "application/merge-patch\u002Bjson",
        "User-Agent": "azsdk-net-Communication.PhoneNumbers/1.1.0-alpha.20220425.1 (.NET Framework 4.8.4470.0; Microsoft Windows 10.0.22000 )",
        "x-ms-client-request-id": "46a03525d3929462d878bc1b34efa337",
        "x-ms-content-sha256": "Sanitized",
        "x-ms-date": "Mon, 25 Apr 2022 07:26:43 GMT",
        "x-ms-return-client-request-id": "true"
      },
      "RequestBody": {
        "routes": [
          {
            "description": "Handle all numbers\u0027",
            "name": "Alternative rule",
            "numberPattern": "\\\u002B[1-9][0-9]{3,23}",
            "trunks": [
              "newsbs.sipconfigtest.com"
            ]
          }
        ]
      },
      "StatusCode": 200,
      "ResponseHeaders": {
        "Content-Type": "application/json; charset=utf-8",
        "Date": "Mon, 25 Apr 2022 07:26:38 GMT",
        "MS-CV": "Q6F9\u002By7pMESxfVQxA7CklQ.0",
        "Strict-Transport-Security": "max-age=2592000",
        "Transfer-Encoding": "chunked",
        "X-Azure-Ref": "0Lk1mYgAAAAAu7s8RooCSSIttMCgJdqDQUFJHMDFFREdFMDcxMwA5ZmM3YjUxOS1hOGNjLTRmODktOTM1ZS1jOTE0OGFlMDllODE=",
        "X-Cache": "CONFIG_NOCACHE",
        "X-Processing-Time": "356ms"
      },
      "ResponseBody": {
        "trunks": {
          "newsbs.sipconfigtest.com": {
            "sipSignalingPort": 3333
          }
        },
        "routes": [
          {
            "description": "Handle all numbers\u0027",
            "name": "Alternative rule",
            "numberPattern": "\\\u002B[1-9][0-9]{3,23}",
            "trunks": [
              "newsbs.sipconfigtest.com"
            ]
          }
        ]
      }
    },
    {
      "RequestUri": "https://e2e_test.communication.azure.com/sip?api-version=2021-05-01-preview1",
      "RequestMethod": "GET",
      "RequestHeaders": {
        "Accept": "application/json",
        "Authorization": "Sanitized",
        "User-Agent": "azsdk-net-Communication.PhoneNumbers/1.1.0-alpha.20220425.1 (.NET Framework 4.8.4470.0; Microsoft Windows 10.0.22000 )",
        "x-ms-client-request-id": "0d653dc5106a3820b87a5a89db31a766",
        "x-ms-content-sha256": "Sanitized",
        "x-ms-date": "Mon, 25 Apr 2022 07:26:43 GMT",
        "x-ms-return-client-request-id": "true"
      },
      "RequestBody": null,
      "StatusCode": 200,
      "ResponseHeaders": {
        "Content-Type": "application/json; charset=utf-8",
        "Date": "Mon, 25 Apr 2022 07:26:39 GMT",
        "MS-CV": "4vQ9e5TlD0Gh\u002BNmCzPJN9A.0",
        "Strict-Transport-Security": "max-age=2592000",
        "Transfer-Encoding": "chunked",
        "X-Azure-Ref": "0L01mYgAAAAAJK1\u002BYb43sRqSWtSnHyXtOUFJHMDFFREdFMDcxMwA5ZmM3YjUxOS1hOGNjLTRmODktOTM1ZS1jOTE0OGFlMDllODE=",
        "X-Cache": "CONFIG_NOCACHE",
        "X-Processing-Time": "297ms"
      },
      "ResponseBody": {
        "trunks": {
          "newsbs.sipconfigtest.com": {
            "sipSignalingPort": 3333
          }
        },
        "routes": [
          {
            "description": "Handle all numbers\u0027",
            "name": "Alternative rule",
            "numberPattern": "\\\u002B[1-9][0-9]{3,23}",
            "trunks": [
              "newsbs.sipconfigtest.com"
            ]
          }
        ]
      }
    },
    {
      "RequestUri": "https://e2e_test.communication.azure.com/sip?api-version=2021-05-01-preview1",
      "RequestMethod": "GET",
      "RequestHeaders": {
        "Accept": "application/json",
        "Authorization": "Sanitized",
        "User-Agent": "azsdk-net-Communication.PhoneNumbers/1.1.0-alpha.20220425.1 (.NET Framework 4.8.4470.0; Microsoft Windows 10.0.22000 )",
        "x-ms-client-request-id": "a18e0ad371f60f896a7f336987bc9ca3",
        "x-ms-content-sha256": "Sanitized",
        "x-ms-date": "Mon, 25 Apr 2022 07:26:43 GMT",
        "x-ms-return-client-request-id": "true"
      },
      "RequestBody": null,
      "StatusCode": 200,
      "ResponseHeaders": {
        "Content-Type": "application/json; charset=utf-8",
        "Date": "Mon, 25 Apr 2022 07:26:39 GMT",
        "MS-CV": "NyBLTJQK1kSMbUJvfdlQEQ.0",
        "Strict-Transport-Security": "max-age=2592000",
        "Transfer-Encoding": "chunked",
        "X-Azure-Ref": "0L01mYgAAAABTMh5Zu\u002BPtR4X2e1RSBe/4UFJHMDFFREdFMDcxMwA5ZmM3YjUxOS1hOGNjLTRmODktOTM1ZS1jOTE0OGFlMDllODE=",
        "X-Cache": "CONFIG_NOCACHE",
        "X-Processing-Time": "270ms"
      },
      "ResponseBody": {
        "trunks": {
          "newsbs.sipconfigtest.com": {
            "sipSignalingPort": 3333
          }
        },
        "routes": [
          {
            "description": "Handle all numbers\u0027",
            "name": "Alternative rule",
            "numberPattern": "\\\u002B[1-9][0-9]{3,23}",
            "trunks": [
              "newsbs.sipconfigtest.com"
            ]
          }
        ]
      }
    },
    {
      "RequestUri": "https://e2e_test.communication.azure.com/sip?api-version=2021-05-01-preview1",
      "RequestMethod": "GET",
      "RequestHeaders": {
        "Accept": "application/json",
        "Authorization": "Sanitized",
        "User-Agent": "azsdk-net-Communication.PhoneNumbers/1.1.0-alpha.20220425.1 (.NET Framework 4.8.4470.0; Microsoft Windows 10.0.22000 )",
        "x-ms-client-request-id": "b2b95fe55ed615cc15678d1778d8b9a6",
        "x-ms-content-sha256": "Sanitized",
        "x-ms-date": "Mon, 25 Apr 2022 07:26:44 GMT",
        "x-ms-return-client-request-id": "true"
      },
      "RequestBody": null,
      "StatusCode": 200,
      "ResponseHeaders": {
        "Content-Type": "application/json; charset=utf-8",
        "Date": "Mon, 25 Apr 2022 07:26:40 GMT",
        "MS-CV": "anFNF\u002BwjZESMsMIhdkG2/w.0",
        "Strict-Transport-Security": "max-age=2592000",
        "Transfer-Encoding": "chunked",
        "X-Azure-Ref": "0ME1mYgAAAAAaCngivDWmSpupfjNCDfbUUFJHMDFFREdFMDcxMwA5ZmM3YjUxOS1hOGNjLTRmODktOTM1ZS1jOTE0OGFlMDllODE=",
        "X-Cache": "CONFIG_NOCACHE",
        "X-Processing-Time": "250ms"
      },
      "ResponseBody": {
        "trunks": {
          "newsbs.sipconfigtest.com": {
            "sipSignalingPort": 3333
          }
        },
        "routes": [
          {
            "description": "Handle all numbers\u0027",
            "name": "Alternative rule",
            "numberPattern": "\\\u002B[1-9][0-9]{3,23}",
            "trunks": [
              "newsbs.sipconfigtest.com"
            ]
          }
        ]
      }
    },
    {
      "RequestUri": "https://e2e_test.communication.azure.com/sip?api-version=2021-05-01-preview1",
      "RequestMethod": "PATCH",
      "RequestHeaders": {
        "Accept": "application/json",
        "Authorization": "Sanitized",
        "Content-Length": "65",
        "Content-Type": "application/merge-patch\u002Bjson",
        "User-Agent": "azsdk-net-Communication.PhoneNumbers/1.1.0-alpha.20220425.1 (.NET Framework 4.8.4470.0; Microsoft Windows 10.0.22000 )",
        "x-ms-client-request-id": "294755d101615340b355a3eadcb7b1fb",
        "x-ms-content-sha256": "Sanitized",
        "x-ms-date": "Mon, 25 Apr 2022 07:26:44 GMT",
        "x-ms-return-client-request-id": "true"
      },
      "RequestBody": {
        "trunks": {
          "newsbs.sipconfigtest.com": {
            "sipSignalingPort": 9999
          }
        }
      },
      "StatusCode": 200,
      "ResponseHeaders": {
        "Content-Type": "application/json; charset=utf-8",
        "Date": "Mon, 25 Apr 2022 07:26:40 GMT",
        "MS-CV": "rRru7PrfJEmVAN9VXLuzmA.0",
        "Strict-Transport-Security": "max-age=2592000",
        "Transfer-Encoding": "chunked",
        "X-Azure-Ref": "0ME1mYgAAAADvQW4TZwmGT6gDA2JUT3cuUFJHMDFFREdFMDcxMwA5ZmM3YjUxOS1hOGNjLTRmODktOTM1ZS1jOTE0OGFlMDllODE=",
        "X-Cache": "CONFIG_NOCACHE",
        "X-Processing-Time": "673ms"
      },
      "ResponseBody": {
        "trunks": {
          "newsbs.sipconfigtest.com": {
            "sipSignalingPort": 9999
          }
        },
        "routes": [
          {
            "description": "Handle all numbers\u0027",
            "name": "Alternative rule",
            "numberPattern": "\\\u002B[1-9][0-9]{3,23}",
            "trunks": [
              "newsbs.sipconfigtest.com"
            ]
          }
        ]
      }
    },
    {
      "RequestUri": "https://e2e_test.communication.azure.com/sip?api-version=2021-05-01-preview1",
      "RequestMethod": "PATCH",
      "RequestHeaders": {
        "Accept": "application/json",
        "Authorization": "Sanitized",
        "Content-Length": "63",
        "Content-Type": "application/merge-patch\u002Bjson",
        "User-Agent": "azsdk-net-Communication.PhoneNumbers/1.1.0-alpha.20220425.1 (.NET Framework 4.8.4470.0; Microsoft Windows 10.0.22000 )",
        "x-ms-client-request-id": "7ba3b7ddf47775903d788b8ee4719691",
        "x-ms-content-sha256": "Sanitized",
        "x-ms-date": "Mon, 25 Apr 2022 07:26:45 GMT",
        "x-ms-return-client-request-id": "true"
      },
      "RequestBody": {
        "trunks": {
          "sbs1.sipconfigtest.com": {
            "sipSignalingPort": 1122
          }
        }
      },
      "StatusCode": 200,
      "ResponseHeaders": {
        "Content-Type": "application/json; charset=utf-8",
        "Date": "Mon, 25 Apr 2022 07:26:42 GMT",
        "MS-CV": "pl7CMhuxbEi2wo\u002BcB/iEGA.0",
        "Strict-Transport-Security": "max-age=2592000",
        "Transfer-Encoding": "chunked",
        "X-Azure-Ref": "0MU1mYgAAAAAOhQmqkRsFTpxlLoE3AGcQUFJHMDFFREdFMDcxMwA5ZmM3YjUxOS1hOGNjLTRmODktOTM1ZS1jOTE0OGFlMDllODE=",
        "X-Cache": "CONFIG_NOCACHE",
        "X-Processing-Time": "1018ms"
      },
      "ResponseBody": {
        "trunks": {
          "newsbs.sipconfigtest.com": {
            "sipSignalingPort": 9999
          },
          "sbs1.sipconfigtest.com": {
            "sipSignalingPort": 1122
          }
        },
        "routes": [
          {
            "description": "Handle all numbers\u0027",
            "name": "Alternative rule",
            "numberPattern": "\\\u002B[1-9][0-9]{3,23}",
            "trunks": [
              "newsbs.sipconfigtest.com"
            ]
          }
        ]
      }
    },
    {
      "RequestUri": "https://e2e_test.communication.azure.com/sip?api-version=2021-05-01-preview1",
      "RequestMethod": "PATCH",
      "RequestHeaders": {
        "Accept": "application/json",
        "Authorization": "Sanitized",
        "Content-Length": "42",
        "Content-Type": "application/merge-patch\u002Bjson",
        "User-Agent": "azsdk-net-Communication.PhoneNumbers/1.1.0-alpha.20220425.1 (.NET Framework 4.8.4470.0; Microsoft Windows 10.0.22000 )",
        "x-ms-client-request-id": "32978cc67274e3411f66fe80bbe2395e",
        "x-ms-content-sha256": "Sanitized",
        "x-ms-date": "Mon, 25 Apr 2022 07:26:47 GMT",
        "x-ms-return-client-request-id": "true"
      },
      "RequestBody": {
        "trunks": {
          "sbs1.sipconfigtest.com": null
        }
      },
      "StatusCode": 200,
      "ResponseHeaders": {
        "Content-Type": "application/json; charset=utf-8",
        "Date": "Mon, 25 Apr 2022 07:26:42 GMT",
        "MS-CV": "20Q08XT6KEiL5v\u002BqrB9/bA.0",
        "Strict-Transport-Security": "max-age=2592000",
        "Transfer-Encoding": "chunked",
        "X-Azure-Ref": "0Mk1mYgAAAAChRPphGo\u002BxTp7hN9jIiMMlUFJHMDFFREdFMDcxMwA5ZmM3YjUxOS1hOGNjLTRmODktOTM1ZS1jOTE0OGFlMDllODE=",
        "X-Cache": "CONFIG_NOCACHE",
        "X-Processing-Time": "413ms"
      },
      "ResponseBody": {
        "trunks": {
          "newsbs.sipconfigtest.com": {
            "sipSignalingPort": 9999
          }
        },
        "routes": [
          {
            "description": "Handle all numbers\u0027",
            "name": "Alternative rule",
            "numberPattern": "\\\u002B[1-9][0-9]{3,23}",
            "trunks": [
              "newsbs.sipconfigtest.com"
            ]
          }
        ]
      }
    },
    {
      "RequestUri": "https://e2e_test.communication.azure.com/sip?api-version=2021-05-01-preview1",
      "RequestMethod": "GET",
      "RequestHeaders": {
        "Accept": "application/json",
        "Authorization": "Sanitized",
        "traceparent": "00-bf09eab57777c04bbcf0df18d27369f9-d80b105408a02a43-00",
        "User-Agent": "azsdk-net-Communication.PhoneNumbers/1.1.0-alpha.20220425.1 (.NET Framework 4.8.4470.0; Microsoft Windows 10.0.22000 )",
        "x-ms-client-request-id": "c13991b63e34dd2fc4d2ece976b26e41",
        "x-ms-content-sha256": "Sanitized",
        "x-ms-date": "Mon, 25 Apr 2022 07:26:47 GMT",
        "x-ms-return-client-request-id": "true"
      },
      "RequestBody": null,
      "StatusCode": 200,
      "ResponseHeaders": {
        "Content-Type": "application/json; charset=utf-8",
        "Date": "Mon, 25 Apr 2022 07:26:43 GMT",
        "MS-CV": "GuDSFF\u002B8oUKnF/mP04bJXQ.0",
        "Strict-Transport-Security": "max-age=2592000",
        "Transfer-Encoding": "chunked",
        "X-Azure-Ref": "0M01mYgAAAAAeyDbIxQIMRLfdjMw5TFxFUFJHMDFFREdFMDcxMwA5ZmM3YjUxOS1hOGNjLTRmODktOTM1ZS1jOTE0OGFlMDllODE=",
        "X-Cache": "CONFIG_NOCACHE",
        "X-Processing-Time": "145ms"
      },
      "ResponseBody": {
        "trunks": {
          "newsbs.sipconfigtest.com": {
            "sipSignalingPort": 9999
          }
        },
        "routes": [
          {
            "description": "Handle all numbers\u0027",
            "name": "Alternative rule",
            "numberPattern": "\\\u002B[1-9][0-9]{3,23}",
            "trunks": [
              "newsbs.sipconfigtest.com"
            ]
          }
        ]
      }
    },
    {
      "RequestUri": "https://e2e_test.communication.azure.com/sip?api-version=2021-05-01-preview1",
      "RequestMethod": "GET",
      "RequestHeaders": {
        "Accept": "application/json",
        "Authorization": "Sanitized",
        "traceparent": "00-113203a03edca34da6c02e7abd4356c6-57218d2da69da74e-00",
        "User-Agent": "azsdk-net-Communication.PhoneNumbers/1.1.0-alpha.20220425.1 (.NET Framework 4.8.4470.0; Microsoft Windows 10.0.22000 )",
        "x-ms-client-request-id": "4f2412be7e1f6b8775c05c11f510b95b",
        "x-ms-content-sha256": "Sanitized",
        "x-ms-date": "Mon, 25 Apr 2022 07:26:47 GMT",
        "x-ms-return-client-request-id": "true"
      },
      "RequestBody": null,
      "StatusCode": 200,
      "ResponseHeaders": {
        "Content-Type": "application/json; charset=utf-8",
        "Date": "Mon, 25 Apr 2022 07:26:44 GMT",
        "MS-CV": "JH6TRmw8/060S8u\u002BKMxFEg.0",
        "Strict-Transport-Security": "max-age=2592000",
        "Transfer-Encoding": "chunked",
        "X-Azure-Ref": "0M01mYgAAAACdhqgQNyEpRruxNNgE9tJ2UFJHMDFFREdFMDkxOQA5ZmM3YjUxOS1hOGNjLTRmODktOTM1ZS1jOTE0OGFlMDllODE=",
        "X-Cache": "CONFIG_NOCACHE",
        "X-Processing-Time": "201ms"
      },
      "ResponseBody": {
        "trunks": {
          "newsbs.sipconfigtest.com": {
            "sipSignalingPort": 9999
          }
        },
        "routes": [
          {
            "description": "Handle all numbers\u0027",
            "name": "Alternative rule",
            "numberPattern": "\\\u002B[1-9][0-9]{3,23}",
            "trunks": [
              "newsbs.sipconfigtest.com"
            ]
          }
        ]
      }
    }
  ],
  "Variables": {
    "COMMUNICATION_LIVETEST_STATIC_CONNECTION_STRING": "endpoint=https://e2e_test.communication.azure.com/;accesskey=Kg==",
    "RandomSeed": "570178161"
  }
}
