{
  "Entries": [
    {
      "RequestUri": "/subscriptions/dbdbebc3-1f15-4e74-9ef2-7db25483cb15/resourceGroups/Apim-NetSdk-20220801/providers/Microsoft.ApiManagement/service/sdktest20220801service?api-version=2022-08-01",
      "EncodedRequestUri": "L3N1YnNjcmlwdGlvbnMvZGJkYmViYzMtMWYxNS00ZTc0LTllZjItN2RiMjU0ODNjYjE1L3Jlc291cmNlR3JvdXBzL0FwaW0tTmV0U2RrLTIwMjIwODAxL3Byb3ZpZGVycy9NaWNyb3NvZnQuQXBpTWFuYWdlbWVudC9zZXJ2aWNlL3Nka3Rlc3QyMDIyMDgwMXNlcnZpY2U/YXBpLXZlcnNpb249MjAyMi0wOC0wMQ==",
      "RequestMethod": "PUT",
      "RequestBody": "{\r\n  \"properties\": {\r\n    \"publisherEmail\": \"apim@autorestsdk.com\",\r\n    \"publisherName\": \"autorestsdk\"\r\n  },\r\n  \"sku\": {\r\n    \"name\": \"Developer\",\r\n    \"capacity\": 1\r\n  },\r\n  \"identity\": {\r\n    \"type\": \"SystemAssigned\"\r\n  },\r\n  \"location\": \"centraluseuap\",\r\n  \"tags\": {\r\n    \"tag1\": \"value1\",\r\n    \"tag2\": \"value2\",\r\n    \"tag3\": \"value3\"\r\n  }\r\n}",
      "RequestHeaders": {
        "x-ms-client-request-id": [
          "1d790a4e-a5e3-4efe-ae2b-69a8b51b68ac"
        ],
        "Accept-Language": [
          "en-US"
        ],
        "User-Agent": [
          "FxVersion/6.0.1523.11507",
          "OSName/Windows",
          "OSVersion/Microsoft.Windows.10.0.22621",
          "Microsoft.Azure.Management.ApiManagement.ApiManagementClient/9.0.0.0"
        ],
        "Content-Type": [
          "application/json; charset=utf-8"
        ],
        "Content-Length": [
          "346"
        ]
      },
      "ResponseHeaders": {
        "Cache-Control": [
          "no-cache"
        ],
        "Pragma": [
          "no-cache"
        ],
        "ETag": [
          "\"AAAAAAAqo3Q=\""
        ],
        "Strict-Transport-Security": [
          "max-age=31536000; includeSubDomains"
        ],
        "x-ms-request-id": [
          "6bf772f2-6f6c-421a-a495-565579d359d7",
          "6bf772f2-6f6c-421a-a495-565579d359d7"
        ],
        "Server": [
          "Microsoft-HTTPAPI/2.0"
        ],
        "x-ms-ratelimit-remaining-subscription-writes": [
          "1199"
        ],
        "x-ms-correlation-request-id": [
          "6bf772f2-6f6c-421a-a495-565579d359d7"
        ],
        "x-ms-routing-request-id": [
          "WESTCENTRALUS:20230317T181245Z:6bf772f2-6f6c-421a-a495-565579d359d7"
        ],
        "X-Content-Type-Options": [
          "nosniff"
        ],
        "Date": [
          "Fri, 17 Mar 2023 18:12:44 GMT"
        ],
        "Content-Length": [
          "2926"
        ],
        "Content-Type": [
          "application/json; charset=utf-8"
        ],
        "Expires": [
          "-1"
        ]
      },
      "ResponseBody": "{\r\n  \"id\": \"/subscriptions/dbdbebc3-1f15-4e74-9ef2-7db25483cb15/resourceGroups/Apim-NetSdk-20220801/providers/Microsoft.ApiManagement/service/sdktest20220801service\",\r\n  \"name\": \"sdktest20220801service\",\r\n  \"type\": \"Microsoft.ApiManagement/service\",\r\n  \"tags\": {\r\n    \"tag1\": \"value1\",\r\n    \"tag2\": \"value2\",\r\n    \"tag3\": \"value3\"\r\n  },\r\n  \"location\": \"Central US EUAP\",\r\n  \"etag\": \"AAAAAAAqo3Q=\",\r\n  \"properties\": {\r\n    \"publisherEmail\": \"apim@autorestsdk.com\",\r\n    \"publisherName\": \"autorestsdk\",\r\n    \"notificationSenderEmail\": \"apimgmt-noreply@mail.windowsazure.com\",\r\n    \"provisioningState\": \"Succeeded\",\r\n    \"targetProvisioningState\": \"\",\r\n    \"createdAtUtc\": \"2023-03-16T20:13:52.4280158Z\",\r\n    \"gatewayUrl\": \"https://sdktest20220801service.azure-api.net\",\r\n    \"gatewayRegionalUrl\": \"https://sdktest20220801service-centraluseuap-01.regional.azure-api.net\",\r\n    \"portalUrl\": \"https://sdktest20220801service.portal.azure-api.net\",\r\n    \"developerPortalUrl\": \"https://sdktest20220801service.developer.azure-api.net\",\r\n    \"managementApiUrl\": \"https://sdktest20220801service.management.azure-api.net\",\r\n    \"scmUrl\": \"https://sdktest20220801service.scm.azure-api.net\",\r\n    \"hostnameConfigurations\": [\r\n      {\r\n        \"type\": \"Proxy\",\r\n        \"hostName\": \"sdktest20220801service.azure-api.net\",\r\n        \"encodedCertificate\": null,\r\n        \"keyVaultId\": null,\r\n        \"certificatePassword\": null,\r\n        \"negotiateClientCertificate\": false,\r\n        \"certificate\": null,\r\n        \"defaultSslBinding\": true,\r\n        \"identityClientId\": null,\r\n        \"certificateSource\": \"BuiltIn\",\r\n        \"certificateStatus\": null\r\n      }\r\n    ],\r\n    \"publicIPAddresses\": [\r\n      \"20.228.8.238\"\r\n    ],\r\n    \"privateIPAddresses\": null,\r\n    \"additionalLocations\": null,\r\n    \"virtualNetworkConfiguration\": null,\r\n    \"customProperties\": {\r\n      \"Microsoft.WindowsAzure.ApiManagement.Gateway.Security.Protocols.Tls11\": \"false\",\r\n      \"Microsoft.WindowsAzure.ApiManagement.Gateway.Security.Protocols.Tls10\": \"false\",\r\n      \"Microsoft.WindowsAzure.ApiManagement.Gateway.Security.Backend.Protocols.Tls11\": \"false\",\r\n      \"Microsoft.WindowsAzure.ApiManagement.Gateway.Security.Backend.Protocols.Tls10\": \"false\",\r\n      \"Microsoft.WindowsAzure.ApiManagement.Gateway.Security.Backend.Protocols.Ssl30\": \"false\",\r\n      \"Microsoft.WindowsAzure.ApiManagement.Gateway.Protocols.Server.Http2\": \"false\",\r\n      \"Microsoft.WindowsAzure.ApiManagement.Gateway.Security.Ciphers.TripleDes168\": \"false\",\r\n      \"Microsoft.WindowsAzure.ApiManagement.Gateway.Security.Protocols.Ssl30\": \"false\"\r\n    },\r\n    \"virtualNetworkType\": \"None\",\r\n    \"certificates\": null,\r\n    \"disableGateway\": false,\r\n    \"natGatewayState\": \"Disabled\",\r\n    \"outboundPublicIPAddresses\": [\r\n      \"20.228.8.238\"\r\n    ],\r\n    \"apiVersionConstraint\": {\r\n      \"minApiVersion\": null\r\n    },\r\n    \"publicIpAddressId\": null,\r\n    \"publicNetworkAccess\": \"Enabled\",\r\n    \"privateEndpointConnections\": null,\r\n    \"platformVersion\": \"stv1\"\r\n  },\r\n  \"sku\": {\r\n    \"name\": \"Developer\",\r\n    \"capacity\": 1\r\n  },\r\n  \"identity\": {\r\n    \"type\": \"SystemAssigned\",\r\n    \"principalId\": \"a676137a-7ef9-49cd-a466-d87b143841da\",\r\n    \"tenantId\": \"72f988bf-86f1-41af-91ab-2d7cd011db47\"\r\n  },\r\n  \"zones\": null,\r\n  \"systemData\": {\r\n    \"createdBy\": \"jikang@microsoft.com\",\r\n    \"createdByType\": \"User\",\r\n    \"createdAt\": \"2023-03-16T20:13:52.3752772Z\",\r\n    \"lastModifiedBy\": \"c01e8df8-1cb8-47a9-9931-887b594b1332\",\r\n    \"lastModifiedByType\": \"Application\",\r\n    \"lastModifiedAt\": \"2023-03-17T01:05:56.0377447Z\"\r\n  }\r\n}",
      "StatusCode": 200
    },
    {
      "RequestUri": "/subscriptions/dbdbebc3-1f15-4e74-9ef2-7db25483cb15/resourceGroups/Apim-NetSdk-20220801/providers/Microsoft.ApiManagement/service/sdktest20220801service?api-version=2022-08-01",
      "EncodedRequestUri": "L3N1YnNjcmlwdGlvbnMvZGJkYmViYzMtMWYxNS00ZTc0LTllZjItN2RiMjU0ODNjYjE1L3Jlc291cmNlR3JvdXBzL0FwaW0tTmV0U2RrLTIwMjIwODAxL3Byb3ZpZGVycy9NaWNyb3NvZnQuQXBpTWFuYWdlbWVudC9zZXJ2aWNlL3Nka3Rlc3QyMDIyMDgwMXNlcnZpY2U/YXBpLXZlcnNpb249MjAyMi0wOC0wMQ==",
      "RequestMethod": "GET",
      "RequestBody": "",
      "RequestHeaders": {
        "x-ms-client-request-id": [
          "f72b7468-3b50-46b3-bae0-f7a21a16faea"
        ],
        "Accept-Language": [
          "en-US"
        ],
        "User-Agent": [
          "FxVersion/6.0.1523.11507",
          "OSName/Windows",
          "OSVersion/Microsoft.Windows.10.0.22621",
          "Microsoft.Azure.Management.ApiManagement.ApiManagementClient/9.0.0.0"
        ]
      },
      "ResponseHeaders": {
        "Cache-Control": [
          "no-cache"
        ],
        "Pragma": [
          "no-cache"
        ],
        "ETag": [
          "\"AAAAAAAqo3Q=\""
        ],
        "Strict-Transport-Security": [
          "max-age=31536000; includeSubDomains"
        ],
        "x-ms-request-id": [
          "8c991a2d-eaae-471f-a8ca-11bb35c1a408"
        ],
        "Server": [
          "Microsoft-HTTPAPI/2.0"
        ],
        "x-ms-ratelimit-remaining-subscription-reads": [
          "11999"
        ],
        "x-ms-correlation-request-id": [
          "8c991a2d-eaae-471f-a8ca-11bb35c1a408"
        ],
        "x-ms-routing-request-id": [
          "WESTCENTRALUS:20230317T181245Z:8c991a2d-eaae-471f-a8ca-11bb35c1a408"
        ],
        "X-Content-Type-Options": [
          "nosniff"
        ],
        "Date": [
          "Fri, 17 Mar 2023 18:12:45 GMT"
        ],
        "Content-Length": [
          "2926"
        ],
        "Content-Type": [
          "application/json; charset=utf-8"
        ],
        "Expires": [
          "-1"
        ]
      },
      "ResponseBody": "{\r\n  \"id\": \"/subscriptions/dbdbebc3-1f15-4e74-9ef2-7db25483cb15/resourceGroups/Apim-NetSdk-20220801/providers/Microsoft.ApiManagement/service/sdktest20220801service\",\r\n  \"name\": \"sdktest20220801service\",\r\n  \"type\": \"Microsoft.ApiManagement/service\",\r\n  \"tags\": {\r\n    \"tag1\": \"value1\",\r\n    \"tag2\": \"value2\",\r\n    \"tag3\": \"value3\"\r\n  },\r\n  \"location\": \"Central US EUAP\",\r\n  \"etag\": \"AAAAAAAqo3Q=\",\r\n  \"properties\": {\r\n    \"publisherEmail\": \"apim@autorestsdk.com\",\r\n    \"publisherName\": \"autorestsdk\",\r\n    \"notificationSenderEmail\": \"apimgmt-noreply@mail.windowsazure.com\",\r\n    \"provisioningState\": \"Succeeded\",\r\n    \"targetProvisioningState\": \"\",\r\n    \"createdAtUtc\": \"2023-03-16T20:13:52.4280158Z\",\r\n    \"gatewayUrl\": \"https://sdktest20220801service.azure-api.net\",\r\n    \"gatewayRegionalUrl\": \"https://sdktest20220801service-centraluseuap-01.regional.azure-api.net\",\r\n    \"portalUrl\": \"https://sdktest20220801service.portal.azure-api.net\",\r\n    \"developerPortalUrl\": \"https://sdktest20220801service.developer.azure-api.net\",\r\n    \"managementApiUrl\": \"https://sdktest20220801service.management.azure-api.net\",\r\n    \"scmUrl\": \"https://sdktest20220801service.scm.azure-api.net\",\r\n    \"hostnameConfigurations\": [\r\n      {\r\n        \"type\": \"Proxy\",\r\n        \"hostName\": \"sdktest20220801service.azure-api.net\",\r\n        \"encodedCertificate\": null,\r\n        \"keyVaultId\": null,\r\n        \"certificatePassword\": null,\r\n        \"negotiateClientCertificate\": false,\r\n        \"certificate\": null,\r\n        \"defaultSslBinding\": true,\r\n        \"identityClientId\": null,\r\n        \"certificateSource\": \"BuiltIn\",\r\n        \"certificateStatus\": null\r\n      }\r\n    ],\r\n    \"publicIPAddresses\": [\r\n      \"20.228.8.238\"\r\n    ],\r\n    \"privateIPAddresses\": null,\r\n    \"additionalLocations\": null,\r\n    \"virtualNetworkConfiguration\": null,\r\n    \"customProperties\": {\r\n      \"Microsoft.WindowsAzure.ApiManagement.Gateway.Security.Protocols.Tls11\": \"false\",\r\n      \"Microsoft.WindowsAzure.ApiManagement.Gateway.Security.Protocols.Tls10\": \"false\",\r\n      \"Microsoft.WindowsAzure.ApiManagement.Gateway.Security.Backend.Protocols.Tls11\": \"false\",\r\n      \"Microsoft.WindowsAzure.ApiManagement.Gateway.Security.Backend.Protocols.Tls10\": \"false\",\r\n      \"Microsoft.WindowsAzure.ApiManagement.Gateway.Security.Backend.Protocols.Ssl30\": \"false\",\r\n      \"Microsoft.WindowsAzure.ApiManagement.Gateway.Protocols.Server.Http2\": \"false\",\r\n      \"Microsoft.WindowsAzure.ApiManagement.Gateway.Security.Ciphers.TripleDes168\": \"false\",\r\n      \"Microsoft.WindowsAzure.ApiManagement.Gateway.Security.Protocols.Ssl30\": \"false\"\r\n    },\r\n    \"virtualNetworkType\": \"None\",\r\n    \"certificates\": null,\r\n    \"disableGateway\": false,\r\n    \"natGatewayState\": \"Disabled\",\r\n    \"outboundPublicIPAddresses\": [\r\n      \"20.228.8.238\"\r\n    ],\r\n    \"apiVersionConstraint\": {\r\n      \"minApiVersion\": null\r\n    },\r\n    \"publicIpAddressId\": null,\r\n    \"publicNetworkAccess\": \"Enabled\",\r\n    \"privateEndpointConnections\": null,\r\n    \"platformVersion\": \"stv1\"\r\n  },\r\n  \"sku\": {\r\n    \"name\": \"Developer\",\r\n    \"capacity\": 1\r\n  },\r\n  \"identity\": {\r\n    \"type\": \"SystemAssigned\",\r\n    \"principalId\": \"a676137a-7ef9-49cd-a466-d87b143841da\",\r\n    \"tenantId\": \"72f988bf-86f1-41af-91ab-2d7cd011db47\"\r\n  },\r\n  \"zones\": null,\r\n  \"systemData\": {\r\n    \"createdBy\": \"jikang@microsoft.com\",\r\n    \"createdByType\": \"User\",\r\n    \"createdAt\": \"2023-03-16T20:13:52.3752772Z\",\r\n    \"lastModifiedBy\": \"c01e8df8-1cb8-47a9-9931-887b594b1332\",\r\n    \"lastModifiedByType\": \"Application\",\r\n    \"lastModifiedAt\": \"2023-03-17T01:05:56.0377447Z\"\r\n  }\r\n}",
      "StatusCode": 200
    },
    {
      "RequestUri": "/subscriptions/dbdbebc3-1f15-4e74-9ef2-7db25483cb15/resourceGroups/Apim-NetSdk-20220801/providers/Microsoft.ApiManagement/service/sdktest20220801service/diagnostics?api-version=2022-08-01",
      "EncodedRequestUri": "L3N1YnNjcmlwdGlvbnMvZGJkYmViYzMtMWYxNS00ZTc0LTllZjItN2RiMjU0ODNjYjE1L3Jlc291cmNlR3JvdXBzL0FwaW0tTmV0U2RrLTIwMjIwODAxL3Byb3ZpZGVycy9NaWNyb3NvZnQuQXBpTWFuYWdlbWVudC9zZXJ2aWNlL3Nka3Rlc3QyMDIyMDgwMXNlcnZpY2UvZGlhZ25vc3RpY3M/YXBpLXZlcnNpb249MjAyMi0wOC0wMQ==",
      "RequestMethod": "GET",
      "RequestBody": "",
      "RequestHeaders": {
        "x-ms-client-request-id": [
          "22941b8b-5ea5-4b18-bb97-c020ef572c24"
        ],
        "Accept-Language": [
          "en-US"
        ],
        "User-Agent": [
          "FxVersion/6.0.1523.11507",
          "OSName/Windows",
          "OSVersion/Microsoft.Windows.10.0.22621",
          "Microsoft.Azure.Management.ApiManagement.ApiManagementClient/9.0.0.0"
        ]
      },
      "ResponseHeaders": {
        "Cache-Control": [
          "no-cache"
        ],
        "Pragma": [
          "no-cache"
        ],
        "Strict-Transport-Security": [
          "max-age=31536000; includeSubDomains"
        ],
        "X-Content-Type-Options": [
          "nosniff"
        ],
        "x-ms-request-id": [
          "4dce4d7b-dfa5-4270-977a-ddc2e436c00f"
        ],
        "Server": [
          "Microsoft-HTTPAPI/2.0"
        ],
        "x-ms-ratelimit-remaining-subscription-reads": [
          "11998"
        ],
        "x-ms-correlation-request-id": [
          "4dce4d7b-dfa5-4270-977a-ddc2e436c00f"
        ],
        "x-ms-routing-request-id": [
          "WESTCENTRALUS:20230317T181245Z:4dce4d7b-dfa5-4270-977a-ddc2e436c00f"
        ],
        "Date": [
          "Fri, 17 Mar 2023 18:12:45 GMT"
        ],
        "Content-Length": [
          "34"
        ],
        "Content-Type": [
          "application/json; charset=utf-8"
        ],
        "Expires": [
          "-1"
        ]
      },
      "ResponseBody": "{\r\n  \"value\": [],\r\n  \"count\": 0\r\n}",
      "StatusCode": 200
    },
    {
      "RequestUri": "/subscriptions/dbdbebc3-1f15-4e74-9ef2-7db25483cb15/resourceGroups/Apim-NetSdk-20220801/providers/Microsoft.ApiManagement/service/sdktest20220801service/loggers/appInsights2068?api-version=2022-08-01",
      "EncodedRequestUri": "L3N1YnNjcmlwdGlvbnMvZGJkYmViYzMtMWYxNS00ZTc0LTllZjItN2RiMjU0ODNjYjE1L3Jlc291cmNlR3JvdXBzL0FwaW0tTmV0U2RrLTIwMjIwODAxL3Byb3ZpZGVycy9NaWNyb3NvZnQuQXBpTWFuYWdlbWVudC9zZXJ2aWNlL3Nka3Rlc3QyMDIyMDgwMXNlcnZpY2UvbG9nZ2Vycy9hcHBJbnNpZ2h0czIwNjg/YXBpLXZlcnNpb249MjAyMi0wOC0wMQ==",
      "RequestMethod": "PUT",
      "RequestBody": "{\r\n  \"properties\": {\r\n    \"loggerType\": \"applicationInsights\",\r\n    \"credentials\": {\r\n      \"instrumentationKey\": \"ef47f9dc-b77f-45fe-811a-f6ff8e3ec813\"\r\n    }\r\n  }\r\n}",
      "RequestHeaders": {
        "x-ms-client-request-id": [
          "21434062-5c53-4e74-816d-a26592d05f7f"
        ],
        "Accept-Language": [
          "en-US"
        ],
        "User-Agent": [
          "FxVersion/6.0.1523.11507",
          "OSName/Windows",
          "OSVersion/Microsoft.Windows.10.0.22621",
          "Microsoft.Azure.Management.ApiManagement.ApiManagementClient/9.0.0.0"
        ],
        "Content-Type": [
          "application/json; charset=utf-8"
        ],
        "Content-Length": [
          "167"
        ]
      },
      "ResponseHeaders": {
        "Cache-Control": [
          "no-cache"
        ],
        "Pragma": [
          "no-cache"
        ],
        "ETag": [
          "\"AAAAAAAADNc=\""
        ],
        "Strict-Transport-Security": [
          "max-age=31536000; includeSubDomains"
        ],
        "X-Content-Type-Options": [
          "nosniff"
        ],
        "x-ms-request-id": [
          "f7dcc3d5-ac73-43dc-8c93-742bca49e797"
        ],
        "Server": [
          "Microsoft-HTTPAPI/2.0"
        ],
        "x-ms-ratelimit-remaining-subscription-writes": [
          "1198"
        ],
        "x-ms-correlation-request-id": [
          "f7dcc3d5-ac73-43dc-8c93-742bca49e797"
        ],
        "x-ms-routing-request-id": [
          "WESTCENTRALUS:20230317T181248Z:f7dcc3d5-ac73-43dc-8c93-742bca49e797"
        ],
        "Date": [
          "Fri, 17 Mar 2023 18:12:48 GMT"
        ],
        "Content-Length": [
          "528"
        ],
        "Content-Type": [
          "application/json; charset=utf-8"
        ],
        "Expires": [
          "-1"
        ]
      },
      "ResponseBody": "{\r\n  \"id\": \"/subscriptions/dbdbebc3-1f15-4e74-9ef2-7db25483cb15/resourceGroups/Apim-NetSdk-20220801/providers/Microsoft.ApiManagement/service/sdktest20220801service/loggers/appInsights2068\",\r\n  \"type\": \"Microsoft.ApiManagement/service/loggers\",\r\n  \"name\": \"appInsights2068\",\r\n  \"properties\": {\r\n    \"loggerType\": \"applicationInsights\",\r\n    \"description\": null,\r\n    \"credentials\": {\r\n      \"instrumentationKey\": \"{{Logger-Credentials--6414ada0b1b92c0de8a50da5}}\"\r\n    },\r\n    \"isBuffered\": true,\r\n    \"resourceId\": null\r\n  }\r\n}",
      "StatusCode": 201
    },
    {
      "RequestUri": "/subscriptions/dbdbebc3-1f15-4e74-9ef2-7db25483cb15/resourceGroups/Apim-NetSdk-20220801/providers/Microsoft.ApiManagement/service/sdktest20220801service/diagnostics/applicationinsights?api-version=2022-08-01",
      "EncodedRequestUri": "L3N1YnNjcmlwdGlvbnMvZGJkYmViYzMtMWYxNS00ZTc0LTllZjItN2RiMjU0ODNjYjE1L3Jlc291cmNlR3JvdXBzL0FwaW0tTmV0U2RrLTIwMjIwODAxL3Byb3ZpZGVycy9NaWNyb3NvZnQuQXBpTWFuYWdlbWVudC9zZXJ2aWNlL3Nka3Rlc3QyMDIyMDgwMXNlcnZpY2UvZGlhZ25vc3RpY3MvYXBwbGljYXRpb25pbnNpZ2h0cz9hcGktdmVyc2lvbj0yMDIyLTA4LTAx",
      "RequestMethod": "PUT",
      "RequestBody": "{\r\n  \"properties\": {\r\n    \"loggerId\": \"/subscriptions/dbdbebc3-1f15-4e74-9ef2-7db25483cb15/resourceGroups/Apim-NetSdk-20220801/providers/Microsoft.ApiManagement/service/sdktest20220801service/loggers/appInsights2068\"\r\n  }\r\n}",
      "RequestHeaders": {
        "x-ms-client-request-id": [
          "f4b922ef-68fd-420f-ae84-3988776395b5"
        ],
        "Accept-Language": [
          "en-US"
        ],
        "User-Agent": [
          "FxVersion/6.0.1523.11507",
          "OSName/Windows",
          "OSVersion/Microsoft.Windows.10.0.22621",
          "Microsoft.Azure.Management.ApiManagement.ApiManagementClient/9.0.0.0"
        ],
        "Content-Type": [
          "application/json; charset=utf-8"
        ],
        "Content-Length": [
          "224"
        ]
      },
      "ResponseHeaders": {
        "Cache-Control": [
          "no-cache"
        ],
        "Pragma": [
          "no-cache"
        ],
        "ETag": [
          "\"AAAAAAAADNo=\""
        ],
        "Strict-Transport-Security": [
          "max-age=31536000; includeSubDomains"
        ],
        "X-Content-Type-Options": [
          "nosniff"
        ],
        "x-ms-request-id": [
          "37c00b8c-07c9-429c-a9be-c668b03ca14e"
        ],
        "Server": [
          "Microsoft-HTTPAPI/2.0"
        ],
        "x-ms-ratelimit-remaining-subscription-writes": [
          "1197"
        ],
        "x-ms-correlation-request-id": [
          "37c00b8c-07c9-429c-a9be-c668b03ca14e"
        ],
        "x-ms-routing-request-id": [
          "WESTCENTRALUS:20230317T181249Z:37c00b8c-07c9-429c-a9be-c668b03ca14e"
        ],
        "Date": [
          "Fri, 17 Mar 2023 18:12:48 GMT"
        ],
        "Content-Length": [
          "1221"
        ],
        "Content-Type": [
          "application/json; charset=utf-8"
        ],
        "Expires": [
          "-1"
        ]
      },
      "ResponseBody": "{\r\n  \"id\": \"/subscriptions/dbdbebc3-1f15-4e74-9ef2-7db25483cb15/resourceGroups/Apim-NetSdk-20220801/providers/Microsoft.ApiManagement/service/sdktest20220801service/diagnostics/applicationinsights\",\r\n  \"type\": \"Microsoft.ApiManagement/service/diagnostics\",\r\n  \"name\": \"applicationinsights\",\r\n  \"properties\": {\r\n    \"alwaysLog\": null,\r\n    \"httpCorrelationProtocol\": \"Legacy\",\r\n    \"logClientIp\": true,\r\n    \"loggerId\": \"/subscriptions/dbdbebc3-1f15-4e74-9ef2-7db25483cb15/resourceGroups/Apim-NetSdk-20220801/providers/Microsoft.ApiManagement/service/sdktest20220801service/loggers/appInsights2068\",\r\n    \"sampling\": null,\r\n    \"frontend\": {\r\n      \"request\": {\r\n        \"headers\": null,\r\n        \"body\": null,\r\n        \"dataMasking\": {\r\n          \"queryParams\": [\r\n            {\r\n              \"value\": \"*\",\r\n              \"mode\": \"Hide\"\r\n            }\r\n          ]\r\n        }\r\n      },\r\n      \"response\": null\r\n    },\r\n    \"backend\": {\r\n      \"request\": {\r\n        \"headers\": null,\r\n        \"body\": null,\r\n        \"dataMasking\": {\r\n          \"queryParams\": [\r\n            {\r\n              \"value\": \"*\",\r\n              \"mode\": \"Hide\"\r\n            }\r\n          ]\r\n        }\r\n      },\r\n      \"response\": null\r\n    }\r\n  }\r\n}",
      "StatusCode": 201
    },
    {
      "RequestUri": "/subscriptions/dbdbebc3-1f15-4e74-9ef2-7db25483cb15/resourceGroups/Apim-NetSdk-20220801/providers/Microsoft.ApiManagement/service/sdktest20220801service/diagnostics/applicationinsights?api-version=2022-08-01",
      "EncodedRequestUri": "L3N1YnNjcmlwdGlvbnMvZGJkYmViYzMtMWYxNS00ZTc0LTllZjItN2RiMjU0ODNjYjE1L3Jlc291cmNlR3JvdXBzL0FwaW0tTmV0U2RrLTIwMjIwODAxL3Byb3ZpZGVycy9NaWNyb3NvZnQuQXBpTWFuYWdlbWVudC9zZXJ2aWNlL3Nka3Rlc3QyMDIyMDgwMXNlcnZpY2UvZGlhZ25vc3RpY3MvYXBwbGljYXRpb25pbnNpZ2h0cz9hcGktdmVyc2lvbj0yMDIyLTA4LTAx",
      "RequestMethod": "PUT",
      "RequestBody": "{\r\n  \"properties\": {\r\n    \"alwaysLog\": \"allErrors\",\r\n    \"loggerId\": \"/subscriptions/dbdbebc3-1f15-4e74-9ef2-7db25483cb15/resourceGroups/Apim-NetSdk-20220801/providers/Microsoft.ApiManagement/service/sdktest20220801service/loggers/appInsights2068\",\r\n    \"sampling\": {\r\n      \"samplingType\": \"fixed\",\r\n      \"percentage\": 50.0\r\n    },\r\n    \"frontend\": {\r\n      \"request\": {\r\n        \"headers\": [\r\n          \"Content-type\"\r\n        ],\r\n        \"body\": {\r\n          \"bytes\": 512\r\n        }\r\n      },\r\n      \"response\": {\r\n        \"headers\": [\r\n          \"Content-type\"\r\n        ],\r\n        \"body\": {\r\n          \"bytes\": 512\r\n        }\r\n      }\r\n    },\r\n    \"backend\": {\r\n      \"request\": {\r\n        \"headers\": [\r\n          \"Content-type\"\r\n        ],\r\n        \"body\": {\r\n          \"bytes\": 512\r\n        }\r\n      },\r\n      \"response\": {\r\n        \"headers\": [\r\n          \"Content-type\"\r\n        ],\r\n        \"body\": {\r\n          \"bytes\": 512\r\n        }\r\n      }\r\n    }\r\n  }\r\n}",
      "RequestHeaders": {
        "x-ms-client-request-id": [
          "68e4305d-1fa1-47a2-ab1f-1a7c7cc766e1"
        ],
        "If-Match": [
          "\"AAAAAAAADNo=\""
        ],
        "Accept-Language": [
          "en-US"
        ],
        "User-Agent": [
          "FxVersion/6.0.1523.11507",
          "OSName/Windows",
          "OSVersion/Microsoft.Windows.10.0.22621",
          "Microsoft.Azure.Management.ApiManagement.ApiManagementClient/9.0.0.0"
        ],
        "Content-Type": [
          "application/json; charset=utf-8"
        ],
        "Content-Length": [
          "969"
        ]
      },
      "ResponseHeaders": {
        "Cache-Control": [
          "no-cache"
        ],
        "Pragma": [
          "no-cache"
        ],
        "ETag": [
          "\"AAAAAAAADN4=\""
        ],
        "Strict-Transport-Security": [
          "max-age=31536000; includeSubDomains"
        ],
        "X-Content-Type-Options": [
          "nosniff"
        ],
        "x-ms-request-id": [
          "71a574ad-3973-4755-9916-48c41ddbbd93"
        ],
        "Server": [
          "Microsoft-HTTPAPI/2.0"
        ],
        "x-ms-ratelimit-remaining-subscription-writes": [
          "1196"
        ],
        "x-ms-correlation-request-id": [
          "71a574ad-3973-4755-9916-48c41ddbbd93"
        ],
        "x-ms-routing-request-id": [
          "WESTCENTRALUS:20230317T181249Z:71a574ad-3973-4755-9916-48c41ddbbd93"
        ],
        "Date": [
          "Fri, 17 Mar 2023 18:12:49 GMT"
        ],
        "Content-Length": [
          "1326"
        ],
        "Content-Type": [
          "application/json; charset=utf-8"
        ],
        "Expires": [
          "-1"
        ]
      },
      "ResponseBody": "{\r\n  \"id\": \"/subscriptions/dbdbebc3-1f15-4e74-9ef2-7db25483cb15/resourceGroups/Apim-NetSdk-20220801/providers/Microsoft.ApiManagement/service/sdktest20220801service/diagnostics/applicationinsights\",\r\n  \"type\": \"Microsoft.ApiManagement/service/diagnostics\",\r\n  \"name\": \"applicationinsights\",\r\n  \"properties\": {\r\n    \"alwaysLog\": \"allErrors\",\r\n    \"httpCorrelationProtocol\": \"Legacy\",\r\n    \"logClientIp\": true,\r\n    \"loggerId\": \"/subscriptions/dbdbebc3-1f15-4e74-9ef2-7db25483cb15/resourceGroups/Apim-NetSdk-20220801/providers/Microsoft.ApiManagement/service/sdktest20220801service/loggers/appInsights2068\",\r\n    \"sampling\": {\r\n      \"samplingType\": \"fixed\",\r\n      \"percentage\": 50.0\r\n    },\r\n    \"frontend\": {\r\n      \"request\": {\r\n        \"headers\": [\r\n          \"Content-type\"\r\n        ],\r\n        \"body\": {\r\n          \"bytes\": 512\r\n        }\r\n      },\r\n      \"response\": {\r\n        \"headers\": [\r\n          \"Content-type\"\r\n        ],\r\n        \"body\": {\r\n          \"bytes\": 512\r\n        }\r\n      }\r\n    },\r\n    \"backend\": {\r\n      \"request\": {\r\n        \"headers\": [\r\n          \"Content-type\"\r\n        ],\r\n        \"body\": {\r\n          \"bytes\": 512\r\n        }\r\n      },\r\n      \"response\": {\r\n        \"headers\": [\r\n          \"Content-type\"\r\n        ],\r\n        \"body\": {\r\n          \"bytes\": 512\r\n        }\r\n      }\r\n    }\r\n  }\r\n}",
      "StatusCode": 200
    },
    {
      "RequestUri": "/subscriptions/dbdbebc3-1f15-4e74-9ef2-7db25483cb15/resourceGroups/Apim-NetSdk-20220801/providers/Microsoft.ApiManagement/service/sdktest20220801service/diagnostics/applicationinsights?api-version=2022-08-01",
      "EncodedRequestUri": "L3N1YnNjcmlwdGlvbnMvZGJkYmViYzMtMWYxNS00ZTc0LTllZjItN2RiMjU0ODNjYjE1L3Jlc291cmNlR3JvdXBzL0FwaW0tTmV0U2RrLTIwMjIwODAxL3Byb3ZpZGVycy9NaWNyb3NvZnQuQXBpTWFuYWdlbWVudC9zZXJ2aWNlL3Nka3Rlc3QyMDIyMDgwMXNlcnZpY2UvZGlhZ25vc3RpY3MvYXBwbGljYXRpb25pbnNpZ2h0cz9hcGktdmVyc2lvbj0yMDIyLTA4LTAx",
      "RequestMethod": "HEAD",
      "RequestBody": "",
      "RequestHeaders": {
        "x-ms-client-request-id": [
          "02db2ca0-7827-4868-8d3d-3783540a670f"
        ],
        "Accept-Language": [
          "en-US"
        ],
        "User-Agent": [
          "FxVersion/6.0.1523.11507",
          "OSName/Windows",
          "OSVersion/Microsoft.Windows.10.0.22621",
          "Microsoft.Azure.Management.ApiManagement.ApiManagementClient/9.0.0.0"
        ]
      },
      "ResponseHeaders": {
        "Cache-Control": [
          "no-cache"
        ],
        "Pragma": [
          "no-cache"
        ],
        "ETag": [
          "\"AAAAAAAADNo=\""
        ],
        "Strict-Transport-Security": [
          "max-age=31536000; includeSubDomains"
        ],
        "X-Content-Type-Options": [
          "nosniff"
        ],
        "x-ms-request-id": [
          "ebb8c141-7651-4619-9977-f901fe430e2c"
        ],
        "Server": [
          "Microsoft-HTTPAPI/2.0"
        ],
        "x-ms-ratelimit-remaining-subscription-reads": [
          "11997"
        ],
        "x-ms-correlation-request-id": [
          "ebb8c141-7651-4619-9977-f901fe430e2c"
        ],
        "x-ms-routing-request-id": [
          "WESTCENTRALUS:20230317T181249Z:ebb8c141-7651-4619-9977-f901fe430e2c"
        ],
        "Date": [
          "Fri, 17 Mar 2023 18:12:49 GMT"
        ],
        "Content-Length": [
          "0"
        ],
        "Expires": [
          "-1"
        ]
      },
      "ResponseBody": "",
      "StatusCode": 200
    },
    {
      "RequestUri": "/subscriptions/dbdbebc3-1f15-4e74-9ef2-7db25483cb15/resourceGroups/Apim-NetSdk-20220801/providers/Microsoft.ApiManagement/service/sdktest20220801service/diagnostics/applicationinsights?api-version=2022-08-01",
      "EncodedRequestUri": "L3N1YnNjcmlwdGlvbnMvZGJkYmViYzMtMWYxNS00ZTc0LTllZjItN2RiMjU0ODNjYjE1L3Jlc291cmNlR3JvdXBzL0FwaW0tTmV0U2RrLTIwMjIwODAxL3Byb3ZpZGVycy9NaWNyb3NvZnQuQXBpTWFuYWdlbWVudC9zZXJ2aWNlL3Nka3Rlc3QyMDIyMDgwMXNlcnZpY2UvZGlhZ25vc3RpY3MvYXBwbGljYXRpb25pbnNpZ2h0cz9hcGktdmVyc2lvbj0yMDIyLTA4LTAx",
      "RequestMethod": "HEAD",
      "RequestBody": "",
      "RequestHeaders": {
        "x-ms-client-request-id": [
          "621986a6-bceb-45a5-a8a7-d514757bed90"
        ],
        "Accept-Language": [
          "en-US"
        ],
        "User-Agent": [
          "FxVersion/6.0.1523.11507",
          "OSName/Windows",
          "OSVersion/Microsoft.Windows.10.0.22621",
          "Microsoft.Azure.Management.ApiManagement.ApiManagementClient/9.0.0.0"
        ]
      },
      "ResponseHeaders": {
        "Cache-Control": [
          "no-cache"
        ],
        "Pragma": [
          "no-cache"
        ],
        "Strict-Transport-Security": [
          "max-age=31536000; includeSubDomains"
        ],
        "X-Content-Type-Options": [
          "nosniff"
        ],
        "x-ms-request-id": [
          "70a678f3-933d-4c17-a1a1-99551042a1d8"
        ],
        "Server": [
          "Microsoft-HTTPAPI/2.0"
        ],
        "x-ms-ratelimit-remaining-subscription-reads": [
          "11996"
        ],
        "x-ms-correlation-request-id": [
          "70a678f3-933d-4c17-a1a1-99551042a1d8"
        ],
        "x-ms-routing-request-id": [
          "WESTCENTRALUS:20230317T181250Z:70a678f3-933d-4c17-a1a1-99551042a1d8"
        ],
        "Date": [
          "Fri, 17 Mar 2023 18:12:49 GMT"
        ],
        "Content-Length": [
          "0"
        ],
        "Expires": [
          "-1"
        ]
      },
      "ResponseBody": "",
      "StatusCode": 404
    },
    {
      "RequestUri": "/subscriptions/dbdbebc3-1f15-4e74-9ef2-7db25483cb15/resourceGroups/Apim-NetSdk-20220801/providers/Microsoft.ApiManagement/service/sdktest20220801service/diagnostics/applicationinsights?api-version=2022-08-01",
      "EncodedRequestUri": "L3N1YnNjcmlwdGlvbnMvZGJkYmViYzMtMWYxNS00ZTc0LTllZjItN2RiMjU0ODNjYjE1L3Jlc291cmNlR3JvdXBzL0FwaW0tTmV0U2RrLTIwMjIwODAxL3Byb3ZpZGVycy9NaWNyb3NvZnQuQXBpTWFuYWdlbWVudC9zZXJ2aWNlL3Nka3Rlc3QyMDIyMDgwMXNlcnZpY2UvZGlhZ25vc3RpY3MvYXBwbGljYXRpb25pbnNpZ2h0cz9hcGktdmVyc2lvbj0yMDIyLTA4LTAx",
      "RequestMethod": "DELETE",
      "RequestBody": "",
      "RequestHeaders": {
        "x-ms-client-request-id": [
          "8e8ae400-dfc3-413f-8307-426d4b366747"
        ],
        "If-Match": [
          "\"AAAAAAAADN4=\""
        ],
        "Accept-Language": [
          "en-US"
        ],
        "User-Agent": [
          "FxVersion/6.0.1523.11507",
          "OSName/Windows",
          "OSVersion/Microsoft.Windows.10.0.22621",
          "Microsoft.Azure.Management.ApiManagement.ApiManagementClient/9.0.0.0"
        ]
      },
      "ResponseHeaders": {
        "Cache-Control": [
          "no-cache"
        ],
        "Pragma": [
          "no-cache"
        ],
        "Strict-Transport-Security": [
          "max-age=31536000; includeSubDomains"
        ],
        "X-Content-Type-Options": [
          "nosniff"
        ],
        "x-ms-request-id": [
          "74d1ec19-7bbb-4b18-819d-102cdd21694c"
        ],
        "Server": [
          "Microsoft-HTTPAPI/2.0"
        ],
        "x-ms-ratelimit-remaining-subscription-deletes": [
          "14999"
        ],
        "x-ms-correlation-request-id": [
          "74d1ec19-7bbb-4b18-819d-102cdd21694c"
        ],
        "x-ms-routing-request-id": [
          "WESTCENTRALUS:20230317T181250Z:74d1ec19-7bbb-4b18-819d-102cdd21694c"
        ],
        "Date": [
          "Fri, 17 Mar 2023 18:12:49 GMT"
        ],
        "Expires": [
          "-1"
        ],
        "Content-Length": [
          "0"
        ]
      },
      "ResponseBody": "",
      "StatusCode": 200
    },
    {
      "RequestUri": "/subscriptions/dbdbebc3-1f15-4e74-9ef2-7db25483cb15/resourceGroups/Apim-NetSdk-20220801/providers/Microsoft.ApiManagement/service/sdktest20220801service/diagnostics/applicationinsights?api-version=2022-08-01",
      "EncodedRequestUri": "L3N1YnNjcmlwdGlvbnMvZGJkYmViYzMtMWYxNS00ZTc0LTllZjItN2RiMjU0ODNjYjE1L3Jlc291cmNlR3JvdXBzL0FwaW0tTmV0U2RrLTIwMjIwODAxL3Byb3ZpZGVycy9NaWNyb3NvZnQuQXBpTWFuYWdlbWVudC9zZXJ2aWNlL3Nka3Rlc3QyMDIyMDgwMXNlcnZpY2UvZGlhZ25vc3RpY3MvYXBwbGljYXRpb25pbnNpZ2h0cz9hcGktdmVyc2lvbj0yMDIyLTA4LTAx",
      "RequestMethod": "DELETE",
      "RequestBody": "",
      "RequestHeaders": {
        "x-ms-client-request-id": [
          "ebc6805e-0e99-4857-a55c-55fceed239ac"
        ],
        "If-Match": [
          "*"
        ],
        "Accept-Language": [
          "en-US"
        ],
        "User-Agent": [
          "FxVersion/6.0.1523.11507",
          "OSName/Windows",
          "OSVersion/Microsoft.Windows.10.0.22621",
          "Microsoft.Azure.Management.ApiManagement.ApiManagementClient/9.0.0.0"
        ]
      },
      "ResponseHeaders": {
        "Cache-Control": [
          "no-cache"
        ],
        "Pragma": [
          "no-cache"
        ],
        "Strict-Transport-Security": [
          "max-age=31536000; includeSubDomains"
        ],
        "X-Content-Type-Options": [
          "nosniff"
        ],
        "x-ms-request-id": [
          "80eaf509-2462-4753-8a18-c809a37564a9"
        ],
        "Server": [
          "Microsoft-HTTPAPI/2.0"
        ],
        "x-ms-ratelimit-remaining-subscription-deletes": [
          "14997"
        ],
        "x-ms-correlation-request-id": [
          "80eaf509-2462-4753-8a18-c809a37564a9"
        ],
        "x-ms-routing-request-id": [
          "WESTCENTRALUS:20230317T181251Z:80eaf509-2462-4753-8a18-c809a37564a9"
        ],
        "Date": [
          "Fri, 17 Mar 2023 18:12:50 GMT"
        ],
        "Expires": [
          "-1"
        ]
      },
      "ResponseBody": "",
      "StatusCode": 204
    },
    {
      "RequestUri": "/subscriptions/dbdbebc3-1f15-4e74-9ef2-7db25483cb15/resourceGroups/Apim-NetSdk-20220801/providers/Microsoft.ApiManagement/service/sdktest20220801service/loggers/appInsights2068?api-version=2022-08-01",
      "EncodedRequestUri": "L3N1YnNjcmlwdGlvbnMvZGJkYmViYzMtMWYxNS00ZTc0LTllZjItN2RiMjU0ODNjYjE1L3Jlc291cmNlR3JvdXBzL0FwaW0tTmV0U2RrLTIwMjIwODAxL3Byb3ZpZGVycy9NaWNyb3NvZnQuQXBpTWFuYWdlbWVudC9zZXJ2aWNlL3Nka3Rlc3QyMDIyMDgwMXNlcnZpY2UvbG9nZ2Vycy9hcHBJbnNpZ2h0czIwNjg/YXBpLXZlcnNpb249MjAyMi0wOC0wMQ==",
      "RequestMethod": "HEAD",
      "RequestBody": "",
      "RequestHeaders": {
        "x-ms-client-request-id": [
          "77d0f827-d749-407d-98c3-0d83eef5d613"
        ],
        "Accept-Language": [
          "en-US"
        ],
        "User-Agent": [
          "FxVersion/6.0.1523.11507",
          "OSName/Windows",
          "OSVersion/Microsoft.Windows.10.0.22621",
          "Microsoft.Azure.Management.ApiManagement.ApiManagementClient/9.0.0.0"
        ]
      },
      "ResponseHeaders": {
        "Cache-Control": [
          "no-cache"
        ],
        "Pragma": [
          "no-cache"
        ],
        "ETag": [
          "\"AAAAAAAADNc=\""
        ],
        "Strict-Transport-Security": [
          "max-age=31536000; includeSubDomains"
        ],
        "X-Content-Type-Options": [
          "nosniff"
        ],
        "x-ms-request-id": [
          "b4b7d5bb-7414-4d7f-988a-6040a9b5ecc9"
        ],
        "Server": [
          "Microsoft-HTTPAPI/2.0"
        ],
        "x-ms-ratelimit-remaining-subscription-reads": [
          "11995"
        ],
        "x-ms-correlation-request-id": [
          "b4b7d5bb-7414-4d7f-988a-6040a9b5ecc9"
        ],
        "x-ms-routing-request-id": [
          "WESTCENTRALUS:20230317T181250Z:b4b7d5bb-7414-4d7f-988a-6040a9b5ecc9"
        ],
        "Date": [
          "Fri, 17 Mar 2023 18:12:49 GMT"
        ],
        "Content-Length": [
          "0"
        ],
        "Expires": [
          "-1"
        ]
      },
      "ResponseBody": "",
      "StatusCode": 200
    },
    {
      "RequestUri": "/subscriptions/dbdbebc3-1f15-4e74-9ef2-7db25483cb15/resourceGroups/Apim-NetSdk-20220801/providers/Microsoft.ApiManagement/service/sdktest20220801service/loggers/appInsights2068?api-version=2022-08-01",
      "EncodedRequestUri": "L3N1YnNjcmlwdGlvbnMvZGJkYmViYzMtMWYxNS00ZTc0LTllZjItN2RiMjU0ODNjYjE1L3Jlc291cmNlR3JvdXBzL0FwaW0tTmV0U2RrLTIwMjIwODAxL3Byb3ZpZGVycy9NaWNyb3NvZnQuQXBpTWFuYWdlbWVudC9zZXJ2aWNlL3Nka3Rlc3QyMDIyMDgwMXNlcnZpY2UvbG9nZ2Vycy9hcHBJbnNpZ2h0czIwNjg/YXBpLXZlcnNpb249MjAyMi0wOC0wMQ==",
      "RequestMethod": "HEAD",
      "RequestBody": "",
      "RequestHeaders": {
        "x-ms-client-request-id": [
          "6b144965-e9bc-4173-b69c-45dd329e36e7"
        ],
        "Accept-Language": [
          "en-US"
        ],
        "User-Agent": [
          "FxVersion/6.0.1523.11507",
          "OSName/Windows",
          "OSVersion/Microsoft.Windows.10.0.22621",
          "Microsoft.Azure.Management.ApiManagement.ApiManagementClient/9.0.0.0"
        ]
      },
      "ResponseHeaders": {
        "Cache-Control": [
          "no-cache"
        ],
        "Pragma": [
          "no-cache"
        ],
        "Strict-Transport-Security": [
          "max-age=31536000; includeSubDomains"
        ],
        "X-Content-Type-Options": [
          "nosniff"
        ],
        "x-ms-request-id": [
          "f55b3e47-edf0-47b0-9b6d-8e1584f2ddfa"
        ],
        "Server": [
          "Microsoft-HTTPAPI/2.0"
        ],
        "x-ms-ratelimit-remaining-subscription-reads": [
          "11994"
        ],
        "x-ms-correlation-request-id": [
          "f55b3e47-edf0-47b0-9b6d-8e1584f2ddfa"
        ],
        "x-ms-routing-request-id": [
          "WESTCENTRALUS:20230317T181250Z:f55b3e47-edf0-47b0-9b6d-8e1584f2ddfa"
        ],
        "Date": [
          "Fri, 17 Mar 2023 18:12:50 GMT"
        ],
        "Content-Length": [
          "0"
        ],
        "Expires": [
          "-1"
        ]
      },
      "ResponseBody": "",
      "StatusCode": 404
    },
    {
      "RequestUri": "/subscriptions/dbdbebc3-1f15-4e74-9ef2-7db25483cb15/resourceGroups/Apim-NetSdk-20220801/providers/Microsoft.ApiManagement/service/sdktest20220801service/loggers/appInsights2068?api-version=2022-08-01",
      "EncodedRequestUri": "L3N1YnNjcmlwdGlvbnMvZGJkYmViYzMtMWYxNS00ZTc0LTllZjItN2RiMjU0ODNjYjE1L3Jlc291cmNlR3JvdXBzL0FwaW0tTmV0U2RrLTIwMjIwODAxL3Byb3ZpZGVycy9NaWNyb3NvZnQuQXBpTWFuYWdlbWVudC9zZXJ2aWNlL3Nka3Rlc3QyMDIyMDgwMXNlcnZpY2UvbG9nZ2Vycy9hcHBJbnNpZ2h0czIwNjg/YXBpLXZlcnNpb249MjAyMi0wOC0wMQ==",
      "RequestMethod": "DELETE",
      "RequestBody": "",
      "RequestHeaders": {
        "x-ms-client-request-id": [
          "5f2b8159-0ba5-41f0-9107-3e1307f09d2f"
        ],
        "If-Match": [
          "\"AAAAAAAADNc=\""
        ],
        "Accept-Language": [
          "en-US"
        ],
        "User-Agent": [
          "FxVersion/6.0.1523.11507",
          "OSName/Windows",
          "OSVersion/Microsoft.Windows.10.0.22621",
          "Microsoft.Azure.Management.ApiManagement.ApiManagementClient/9.0.0.0"
        ]
      },
      "ResponseHeaders": {
        "Cache-Control": [
          "no-cache"
        ],
        "Pragma": [
          "no-cache"
        ],
        "Strict-Transport-Security": [
          "max-age=31536000; includeSubDomains"
        ],
        "X-Content-Type-Options": [
          "nosniff"
        ],
        "x-ms-request-id": [
          "3b83284c-e295-4dec-a2ee-8cfc7ecced86"
        ],
        "Server": [
          "Microsoft-HTTPAPI/2.0"
        ],
        "x-ms-ratelimit-remaining-subscription-deletes": [
          "14998"
        ],
        "x-ms-correlation-request-id": [
          "3b83284c-e295-4dec-a2ee-8cfc7ecced86"
        ],
        "x-ms-routing-request-id": [
          "WESTCENTRALUS:20230317T181250Z:3b83284c-e295-4dec-a2ee-8cfc7ecced86"
        ],
        "Date": [
          "Fri, 17 Mar 2023 18:12:50 GMT"
        ],
        "Expires": [
          "-1"
        ],
        "Content-Length": [
          "0"
        ]
      },
      "ResponseBody": "",
      "StatusCode": 200
    },
    {
      "RequestUri": "/subscriptions/dbdbebc3-1f15-4e74-9ef2-7db25483cb15/resourceGroups/Apim-NetSdk-20220801/providers/Microsoft.ApiManagement/service/sdktest20220801service/loggers/appInsights2068?api-version=2022-08-01",
      "EncodedRequestUri": "L3N1YnNjcmlwdGlvbnMvZGJkYmViYzMtMWYxNS00ZTc0LTllZjItN2RiMjU0ODNjYjE1L3Jlc291cmNlR3JvdXBzL0FwaW0tTmV0U2RrLTIwMjIwODAxL3Byb3ZpZGVycy9NaWNyb3NvZnQuQXBpTWFuYWdlbWVudC9zZXJ2aWNlL3Nka3Rlc3QyMDIyMDgwMXNlcnZpY2UvbG9nZ2Vycy9hcHBJbnNpZ2h0czIwNjg/YXBpLXZlcnNpb249MjAyMi0wOC0wMQ==",
      "RequestMethod": "DELETE",
      "RequestBody": "",
      "RequestHeaders": {
        "x-ms-client-request-id": [
          "ef1963a5-c6b8-47f1-aa11-2c6b0d5a5e7f"
        ],
        "If-Match": [
          "*"
        ],
        "Accept-Language": [
          "en-US"
        ],
        "User-Agent": [
          "FxVersion/6.0.1523.11507",
          "OSName/Windows",
          "OSVersion/Microsoft.Windows.10.0.22621",
          "Microsoft.Azure.Management.ApiManagement.ApiManagementClient/9.0.0.0"
        ]
      },
      "ResponseHeaders": {
        "Cache-Control": [
          "no-cache"
        ],
        "Pragma": [
          "no-cache"
        ],
        "Strict-Transport-Security": [
          "max-age=31536000; includeSubDomains"
        ],
        "X-Content-Type-Options": [
          "nosniff"
        ],
        "x-ms-request-id": [
          "d210a820-e4b1-4337-b8a2-dcbdd03c66b2"
        ],
        "Server": [
          "Microsoft-HTTPAPI/2.0"
        ],
        "x-ms-ratelimit-remaining-subscription-deletes": [
          "14996"
        ],
        "x-ms-correlation-request-id": [
          "d210a820-e4b1-4337-b8a2-dcbdd03c66b2"
        ],
        "x-ms-routing-request-id": [
          "WESTCENTRALUS:20230317T181251Z:d210a820-e4b1-4337-b8a2-dcbdd03c66b2"
        ],
        "Date": [
          "Fri, 17 Mar 2023 18:12:50 GMT"
        ],
        "Expires": [
          "-1"
        ]
      },
      "ResponseBody": "",
      "StatusCode": 204
    },
    {
      "RequestUri": "/subscriptions/dbdbebc3-1f15-4e74-9ef2-7db25483cb15/resourceGroups/Apim-NetSdk-20220801/providers/Microsoft.ApiManagement/service/sdktest20220801service/namedValues?api-version=2022-08-01",
      "EncodedRequestUri": "L3N1YnNjcmlwdGlvbnMvZGJkYmViYzMtMWYxNS00ZTc0LTllZjItN2RiMjU0ODNjYjE1L3Jlc291cmNlR3JvdXBzL0FwaW0tTmV0U2RrLTIwMjIwODAxL3Byb3ZpZGVycy9NaWNyb3NvZnQuQXBpTWFuYWdlbWVudC9zZXJ2aWNlL3Nka3Rlc3QyMDIyMDgwMXNlcnZpY2UvbmFtZWRWYWx1ZXM/YXBpLXZlcnNpb249MjAyMi0wOC0wMQ==",
      "RequestMethod": "GET",
      "RequestBody": "",
      "RequestHeaders": {
        "x-ms-client-request-id": [
          "b7e1868e-63f0-43d8-b47f-32a510609515"
        ],
        "Accept-Language": [
          "en-US"
        ],
        "User-Agent": [
          "FxVersion/6.0.1523.11507",
          "OSName/Windows",
          "OSVersion/Microsoft.Windows.10.0.22621",
          "Microsoft.Azure.Management.ApiManagement.ApiManagementClient/9.0.0.0"
        ]
      },
      "ResponseHeaders": {
        "Cache-Control": [
          "no-cache"
        ],
        "Pragma": [
          "no-cache"
        ],
        "Strict-Transport-Security": [
          "max-age=31536000; includeSubDomains"
        ],
        "X-Content-Type-Options": [
          "nosniff"
        ],
        "x-ms-request-id": [
          "65760a5d-fb06-448b-b64a-422d79cadd86"
        ],
        "Server": [
          "Microsoft-HTTPAPI/2.0"
        ],
        "x-ms-ratelimit-remaining-subscription-reads": [
          "11993"
        ],
        "x-ms-correlation-request-id": [
          "65760a5d-fb06-448b-b64a-422d79cadd86"
        ],
        "x-ms-routing-request-id": [
          "WESTCENTRALUS:20230317T181251Z:65760a5d-fb06-448b-b64a-422d79cadd86"
        ],
        "Date": [
          "Fri, 17 Mar 2023 18:12:51 GMT"
        ],
        "Content-Length": [
          "514"
        ],
        "Content-Type": [
          "application/json; charset=utf-8"
        ],
        "Expires": [
          "-1"
        ]
      },
      "ResponseBody": "{\r\n  \"value\": [\r\n    {\r\n      \"id\": \"/subscriptions/dbdbebc3-1f15-4e74-9ef2-7db25483cb15/resourceGroups/Apim-NetSdk-20220801/providers/Microsoft.ApiManagement/service/sdktest20220801service/namedValues/6414ada0b1b92c0de8a50da4\",\r\n      \"type\": \"Microsoft.ApiManagement/service/namedValues\",\r\n      \"name\": \"6414ada0b1b92c0de8a50da4\",\r\n      \"properties\": {\r\n        \"displayName\": \"Logger-Credentials--6414ada0b1b92c0de8a50da5\",\r\n        \"tags\": null,\r\n        \"secret\": true\r\n      }\r\n    }\r\n  ],\r\n  \"count\": 1\r\n}",
      "StatusCode": 200
    },
    {
      "RequestUri": "/subscriptions/dbdbebc3-1f15-4e74-9ef2-7db25483cb15/resourceGroups/Apim-NetSdk-20220801/providers/Microsoft.ApiManagement/service/sdktest20220801service/namedValues/6414ada0b1b92c0de8a50da4?api-version=2022-08-01",
      "EncodedRequestUri": "L3N1YnNjcmlwdGlvbnMvZGJkYmViYzMtMWYxNS00ZTc0LTllZjItN2RiMjU0ODNjYjE1L3Jlc291cmNlR3JvdXBzL0FwaW0tTmV0U2RrLTIwMjIwODAxL3Byb3ZpZGVycy9NaWNyb3NvZnQuQXBpTWFuYWdlbWVudC9zZXJ2aWNlL3Nka3Rlc3QyMDIyMDgwMXNlcnZpY2UvbmFtZWRWYWx1ZXMvNjQxNGFkYTBiMWI5MmMwZGU4YTUwZGE0P2FwaS12ZXJzaW9uPTIwMjItMDgtMDE=",
      "RequestMethod": "DELETE",
      "RequestBody": "",
      "RequestHeaders": {
        "x-ms-client-request-id": [
          "6cb726e3-5dde-48a2-9c1b-53438445f73e"
        ],
        "If-Match": [
          "*"
        ],
        "Accept-Language": [
          "en-US"
        ],
        "User-Agent": [
          "FxVersion/6.0.1523.11507",
          "OSName/Windows",
          "OSVersion/Microsoft.Windows.10.0.22621",
          "Microsoft.Azure.Management.ApiManagement.ApiManagementClient/9.0.0.0"
        ]
      },
      "ResponseHeaders": {
        "Cache-Control": [
          "no-cache"
        ],
        "Pragma": [
          "no-cache"
        ],
        "Strict-Transport-Security": [
          "max-age=31536000; includeSubDomains"
        ],
        "X-Content-Type-Options": [
          "nosniff"
        ],
        "x-ms-request-id": [
          "140544b7-1b19-4982-a86c-1067fd1e1731"
        ],
        "Server": [
          "Microsoft-HTTPAPI/2.0"
        ],
        "x-ms-ratelimit-remaining-subscription-deletes": [
          "14995"
        ],
        "x-ms-correlation-request-id": [
          "140544b7-1b19-4982-a86c-1067fd1e1731"
        ],
        "x-ms-routing-request-id": [
          "WESTCENTRALUS:20230317T181251Z:140544b7-1b19-4982-a86c-1067fd1e1731"
        ],
        "Date": [
          "Fri, 17 Mar 2023 18:12:51 GMT"
        ],
        "Expires": [
          "-1"
        ],
        "Content-Length": [
          "0"
        ]
      },
      "ResponseBody": "",
      "StatusCode": 200
    }
  ],
  "Names": {
    "CreateListUpdateDelete": [
      "appInsights2068"
    ],
    "appInsights": [
      "ef47f9dc-b77f-45fe-811a-f6ff8e3ec813"
    ]
  },
  "Variables": {
    "SubscriptionId": "dbdbebc3-1f15-4e74-9ef2-7db25483cb15",
    "TestCertificate": "MIIHEwIBAzCCBs8GCSqGSIb3DQEHAaCCBsAEgga8MIIGuDCCA9EGCSqGSIb3DQEHAaCCA8IEggO+MIIDujCCA7YGCyqGSIb3DQEMCgECoIICtjCCArIwHAYKKoZIhvcNAQwBAzAOBAidzys9WFRXCgICB9AEggKQRcdJYUKe+Yaf12UyefArSDv4PBBGqR0mh2wdLtPW3TCs6RIGjP4Nr3/KA4o8V8MF3EVQ8LWd/zJRdo7YP2Rkt/TPdxFMDH9zVBvt2/4fuVvslqV8tpphzdzfHAMQvO34ULdB6lJVtpRUx3WNUSbC3h5D1t5noLb0u0GFXzTUAsIw5CYnFCEyCTatuZdAx2V/7xfc0yF2kw/XfPQh0YVRy7dAT/rMHyaGfz1MN2iNIS048A1ExKgEAjBdXBxZLbjIL6rPxB9pHgH5AofJ50k1dShfSSzSzza/xUon+RlvD+oGi5yUPu6oMEfNB21CLiTJnIEoeZ0Te1EDi5D9SrOjXGmcZjCjcmtITnEXDAkI0IhY1zSjABIKyt1rY8qyh8mGT/RhibxxlSeSOIPsxTmXvcnFP3J+oRoHyWzrp6DDw2ZjRGBenUdExg1tjMqThaE7luNB6Yko8NIObwz3s7tpj6u8n11kB5RzV8zJUZkrHnYzrRFIQF8ZFjI9grDFPlccuYFPYUzSsEQU3l4mAoc0cAkaxCtZg9oi2bcVNTLQuj9XbPK2FwPXaF+owBEgJ0TnZ7kvUFAvN1dECVpBPO5ZVT/yaxJj3n380QTcXoHsav//Op3Kg+cmmVoAPOuBOnC6vKrcKsgDgf+gdASvQ+oBjDhTGOVk22jCDQpyNC/gCAiZfRdlpV98Abgi93VYFZpi9UlcGxxzgfNzbNGc06jWkw8g6RJvQWNpCyJasGzHKQOSCBVhfEUidfB2KEkMy0yCWkhbL78GadPIZG++FfM4X5Ov6wUmtzypr60/yJLduqZDhqTskGQlaDEOLbUtjdlhprYhHagYQ2tPD+zmLN7sOaYA6Y+ZZDg7BYq5KuOQZ2QxgewwDQYJKwYBBAGCNxECMQAwEwYJKoZIhvcNAQkVMQYEBAEAAAAwWwYJKoZIhvcNAQkUMU4eTAB7ADYANwBCADcAQQA1AEMAOQAtAEMAQQAzADIALQA0ADAAQwA0AC0AQQAxADUAMwAtAEEAQgAyADIANwA5ADUARQBGADcAOABBAH0waQYJKwYBBAGCNxEBMVweWgBNAGkAYwByAG8AcwBvAGYAdAAgAFIAUwBBACAAUwBDAGgAYQBuAG4AZQBsACAAQwByAHkAcAB0AG8AZwByAGEAcABoAGkAYwAgAFAAcgBvAHYAaQBkAGUAcjCCAt8GCSqGSIb3DQEHBqCCAtAwggLMAgEAMIICxQYJKoZIhvcNAQcBMBwGCiqGSIb3DQEMAQMwDgQIGa3JOIHoBmsCAgfQgIICmF5H0WCdmEFOmpqKhkX6ipBiTk0Rb+vmnDU6nl2L09t4WBjpT1gIddDHMpzObv3ktWts/wA6652h2wNKrgXEFU12zqhaGZWkTFLBrdplMnx/hr804NxiQa4A+BBIsLccczN21776JjU7PBCIvvmuudsKi8V+PmF2K6Lf/WakcZEq4Iq6gmNxTvjSiXMWZe7Wj4+Izt2aoooDYwfQs4KBlI03HzMSU3omA0rXLtARDXwHAJXW2uFwqihlPdC4gwDd/YFwUvnKn92UmyAvENKUV/uKyH3AF1ZqlUgBzYNXyd8YX9H8rtfho2f6qaJZQC93YU3fs9L1xmWIH5saow8r3K85dGCJsisddNsgwtH/o4imOSs8WJw1EjjdpYhyCjs9gE/7ovZzcvrdXBZditLFN8nRIX5HFGz93PksHAQwZbVnbCwVgTGf0Sy5WstPb340ODE5CrakMPUIiVPQgkujpIkW7r4cIwwyyGKza9ZVEXcnoSWZiFSB7yaEf0SYZEoECZwN52wiMxeosJjaAPpWXFe8x5mHbDZ7/DE+pv+Qlyo7rQIzu4SZ9GCvs33dMC/7+RPy6u32ca87kKBQHR1JeCHeBdklMw+pSFRdHxIxq1l5ktycan943OluTdqND5Vf2RwXdSFv2P53334XNKG82wsfm68w7+EgEClDFLz7FymmIfoFO2z0H0adQvkq/7GcIFBSr1K0KEfT2l6csrMc3NSwzDOFiYJDDf++OYUN4nVKlkVE5j+c9Zo8ZkAlz8I4m756wL7e++xXWgwovlsxkBE5TdwWDZDOE8id6yJf54/o4JwS5SEnnNlvt3gRNdo6yCSUrTHfIr9YhvAdJUXbdSrNm5GZu+2fhgg/UJ7EY8pf5BczhNSDkcAwOzAfMAcGBSsOAwIaBBRzf6NV4Bxf3KRT41VV4sQZ348BtgQU7+VeN+vrmbRv0zCvk7r1ORhJ7YkCAgfQ",
    "TestCertificatePassword": "Password",
    "testKeyVaultSecretUrl": "https://jikangsdkkeyvault.vault.azure.net/secrets/sdkcert1",
    "TestBackupStorageAccount": "apimbackupmsi",
    "TestBackupUserMsiClientId": "a6270d0c-7d86-478b-8cbe-dc9047ba54f7",
    "TestBackupUserMsiResourceId": "/subscriptions/4f5285a3-9fd7-40ad-91b1-d8fc3823983d/resourceGroups/net-sdk-backup-restore/providers/Microsoft.ManagedIdentity/userAssignedIdentities/apim-backup-restore-msi",
    "SubId": "dbdbebc3-1f15-4e74-9ef2-7db25483cb15",
    "ServiceName": "sdktest20220801service",
    "Location": "centraluseuap",
    "ResourceGroup": "Apim-NetSdk-20220801"
  }
}