{
  "Entries": [
    {
      "RequestUri": "/subscriptions/3c729b2a-4f86-4bb2-abe8-4b8647af156c/providers/Microsoft.Search/register?api-version=2016-09-01",
      "EncodedRequestUri": "L3N1YnNjcmlwdGlvbnMvM2M3MjliMmEtNGY4Ni00YmIyLWFiZTgtNGI4NjQ3YWYxNTZjL3Byb3ZpZGVycy9NaWNyb3NvZnQuU2VhcmNoL3JlZ2lzdGVyP2FwaS12ZXJzaW9uPTIwMTYtMDktMDE=",
      "RequestMethod": "POST",
      "RequestBody": "",
      "RequestHeaders": {
        "x-ms-client-request-id": [
          "4855cfb2-8e78-46a8-8eec-34f3570d2707"
        ],
        "accept-language": [
          "en-US"
        ],
        "User-Agent": [
          "FxVersion/4.6.26614.01",
          "OSName/Windows",
          "OSVersion/Microsoft.Windows.10.0.17763.",
          "Microsoft.Azure.Management.ResourceManager.ResourceManagementClient/1.5.0.0"
        ]
      },
      "ResponseHeaders": {
        "Cache-Control": [
          "no-cache"
        ],
        "Date": [
          "Fri, 19 Apr 2019 01:09:20 GMT"
        ],
        "Pragma": [
          "no-cache"
        ],
        "x-ms-ratelimit-remaining-subscription-writes": [
          "1198"
        ],
        "x-ms-request-id": [
          "ef2003a3-13c1-4be9-8c01-a52d6f6c19db"
        ],
        "x-ms-correlation-request-id": [
          "ef2003a3-13c1-4be9-8c01-a52d6f6c19db"
        ],
        "x-ms-routing-request-id": [
          "NORTHEUROPE:20190419T010920Z:ef2003a3-13c1-4be9-8c01-a52d6f6c19db"
        ],
        "Strict-Transport-Security": [
          "max-age=31536000; includeSubDomains"
        ],
        "X-Content-Type-Options": [
          "nosniff"
        ],
        "Content-Length": [
          "2230"
        ],
        "Content-Type": [
          "application/json; charset=utf-8"
        ],
        "Expires": [
          "-1"
        ]
      },
      "ResponseBody": "{\r\n  \"id\": \"/subscriptions/3c729b2a-4f86-4bb2-abe8-4b8647af156c/providers/Microsoft.Search\",\r\n  \"namespace\": \"Microsoft.Search\",\r\n  \"authorization\": {\r\n    \"applicationId\": \"804f4a7a-7d6e-4df7-bf8c-e7f0106e16c2\",\r\n    \"roleDefinitionId\": \"20FA3191-87CF-4C3D-9510-74CCB594A310\"\r\n  },\r\n  \"resourceTypes\": [\r\n    {\r\n      \"resourceType\": \"searchServices\",\r\n      \"locations\": [\r\n        \"West US\",\r\n        \"East US\"\r\n      ],\r\n      \"apiVersions\": [\r\n        \"2015-08-19\",\r\n        \"2015-02-28\",\r\n        \"2014-07-31-Preview\"\r\n      ],\r\n      \"capabilities\": \"CrossResourceGroupResourceMove, CrossSubscriptionResourceMove, SystemAssignedResourceIdentity\"\r\n    },\r\n    {\r\n      \"resourceType\": \"searchServicesCit\",\r\n      \"locations\": [\r\n        \"West US\"\r\n      ],\r\n      \"apiVersions\": [\r\n        \"2015-08-19\",\r\n        \"2015-02-28\",\r\n        \"2014-07-31-Preview\"\r\n      ],\r\n      \"capabilities\": \"CrossResourceGroupResourceMove, CrossSubscriptionResourceMove, SystemAssignedResourceIdentity\"\r\n    },\r\n    {\r\n      \"resourceType\": \"searchServicesInt\",\r\n      \"locations\": [\r\n        \"West US\"\r\n      ],\r\n      \"apiVersions\": [\r\n        \"2015-08-19\",\r\n        \"2015-02-28\",\r\n        \"2014-07-31-Preview\"\r\n      ],\r\n      \"capabilities\": \"CrossResourceGroupResourceMove, CrossSubscriptionResourceMove, SystemAssignedResourceIdentity\"\r\n    },\r\n    {\r\n      \"resourceType\": \"searchServicesPpe\",\r\n      \"locations\": [\r\n        \"West US\"\r\n      ],\r\n      \"apiVersions\": [\r\n        \"2015-08-19\",\r\n        \"2015-02-28\",\r\n        \"2014-07-31-Preview\"\r\n      ],\r\n      \"capabilities\": \"CrossResourceGroupResourceMove, CrossSubscriptionResourceMove, SystemAssignedResourceIdentity\"\r\n    },\r\n    {\r\n      \"resourceType\": \"checkServiceNameAvailability\",\r\n      \"locations\": [],\r\n      \"apiVersions\": [\r\n        \"2015-02-28\",\r\n        \"2014-07-31-Preview\"\r\n      ]\r\n    },\r\n    {\r\n      \"resourceType\": \"checkServiceNameAvailabilityCit\",\r\n      \"locations\": [],\r\n      \"apiVersions\": [\r\n        \"2015-02-28\",\r\n        \"2014-07-31-Preview\"\r\n      ]\r\n    },\r\n    {\r\n      \"resourceType\": \"checkServiceNameAvailabilityInt\",\r\n      \"locations\": [],\r\n      \"apiVersions\": [\r\n        \"2015-02-28\",\r\n        \"2014-07-31-Preview\"\r\n      ]\r\n    },\r\n    {\r\n      \"resourceType\": \"checkServiceNameAvailabilityPpe\",\r\n      \"locations\": [],\r\n      \"apiVersions\": [\r\n        \"2015-02-28\",\r\n        \"2014-07-31-Preview\"\r\n      ]\r\n    },\r\n    {\r\n      \"resourceType\": \"checkNameAvailability\",\r\n      \"locations\": [],\r\n      \"apiVersions\": [\r\n        \"2015-08-19\"\r\n      ]\r\n    },\r\n    {\r\n      \"resourceType\": \"checkNameAvailabilityCit\",\r\n      \"locations\": [],\r\n      \"apiVersions\": [\r\n        \"2015-08-19\"\r\n      ]\r\n    },\r\n    {\r\n      \"resourceType\": \"checkNameAvailabilityInt\",\r\n      \"locations\": [],\r\n      \"apiVersions\": [\r\n        \"2015-08-19\"\r\n      ]\r\n    },\r\n    {\r\n      \"resourceType\": \"checkNameAvailabilityPpe\",\r\n      \"locations\": [],\r\n      \"apiVersions\": [\r\n        \"2015-08-19\"\r\n      ]\r\n    },\r\n    {\r\n      \"resourceType\": \"resourceHealthMetadata\",\r\n      \"locations\": [],\r\n      \"apiVersions\": [\r\n        \"2015-08-19\"\r\n      ]\r\n    },\r\n    {\r\n      \"resourceType\": \"operations\",\r\n      \"locations\": [],\r\n      \"apiVersions\": [\r\n        \"2015-08-19\",\r\n        \"2015-02-28\"\r\n      ]\r\n    }\r\n  ],\r\n  \"registrationState\": \"Registered\"\r\n}",
      "StatusCode": 200
    },
    {
      "RequestUri": "/subscriptions/3c729b2a-4f86-4bb2-abe8-4b8647af156c/resourcegroups/azsmnet6632?api-version=2016-09-01",
      "EncodedRequestUri": "L3N1YnNjcmlwdGlvbnMvM2M3MjliMmEtNGY4Ni00YmIyLWFiZTgtNGI4NjQ3YWYxNTZjL3Jlc291cmNlZ3JvdXBzL2F6c21uZXQ2NjMyP2FwaS12ZXJzaW9uPTIwMTYtMDktMDE=",
      "RequestMethod": "PUT",
      "RequestBody": "{\r\n  \"location\": \"West US\"\r\n}",
      "RequestHeaders": {
        "x-ms-client-request-id": [
          "b44ad3ba-1927-4a3c-8e51-22804a7b1cc1"
        ],
        "accept-language": [
          "en-US"
        ],
        "User-Agent": [
          "FxVersion/4.6.26614.01",
          "OSName/Windows",
          "OSVersion/Microsoft.Windows.10.0.17763.",
          "Microsoft.Azure.Management.ResourceManager.ResourceManagementClient/1.5.0.0"
        ],
        "Content-Type": [
          "application/json; charset=utf-8"
        ],
        "Content-Length": [
          "29"
        ]
      },
      "ResponseHeaders": {
        "Cache-Control": [
          "no-cache"
        ],
        "Date": [
          "Fri, 19 Apr 2019 01:09:21 GMT"
        ],
        "Pragma": [
          "no-cache"
        ],
        "x-ms-ratelimit-remaining-subscription-writes": [
          "1199"
        ],
        "x-ms-request-id": [
          "31fa72b8-59dc-4ce0-843b-02ac26cccfe2"
        ],
        "x-ms-correlation-request-id": [
          "31fa72b8-59dc-4ce0-843b-02ac26cccfe2"
        ],
        "x-ms-routing-request-id": [
          "NORTHEUROPE:20190419T010921Z:31fa72b8-59dc-4ce0-843b-02ac26cccfe2"
        ],
        "Strict-Transport-Security": [
          "max-age=31536000; includeSubDomains"
        ],
        "X-Content-Type-Options": [
          "nosniff"
        ],
        "Content-Length": [
          "175"
        ],
        "Content-Type": [
          "application/json; charset=utf-8"
        ],
        "Expires": [
          "-1"
        ]
      },
      "ResponseBody": "{\r\n  \"id\": \"/subscriptions/3c729b2a-4f86-4bb2-abe8-4b8647af156c/resourceGroups/azsmnet6632\",\r\n  \"name\": \"azsmnet6632\",\r\n  \"location\": \"westus\",\r\n  \"properties\": {\r\n    \"provisioningState\": \"Succeeded\"\r\n  }\r\n}",
      "StatusCode": 201
    },
    {
      "RequestUri": "/subscriptions/3c729b2a-4f86-4bb2-abe8-4b8647af156c/resourceGroups/azsmnet6632/providers/Microsoft.Search/searchServices/azs-7164?api-version=2015-08-19",
      "EncodedRequestUri": "L3N1YnNjcmlwdGlvbnMvM2M3MjliMmEtNGY4Ni00YmIyLWFiZTgtNGI4NjQ3YWYxNTZjL3Jlc291cmNlR3JvdXBzL2F6c21uZXQ2NjMyL3Byb3ZpZGVycy9NaWNyb3NvZnQuU2VhcmNoL3NlYXJjaFNlcnZpY2VzL2F6cy03MTY0P2FwaS12ZXJzaW9uPTIwMTUtMDgtMTk=",
      "RequestMethod": "PUT",
      "RequestBody": "{\r\n  \"sku\": {\r\n    \"name\": \"basic\"\r\n  },\r\n  \"location\": \"EastUS\",\r\n  \"identity\": {\r\n    \"type\": \"SystemAssigned\"\r\n  }\r\n}",
      "RequestHeaders": {
        "x-ms-client-request-id": [
          "8b65679c-312f-4865-9299-4a088add0a98"
        ],
        "accept-language": [
          "en-US"
        ],
        "User-Agent": [
          "FxVersion/4.6.26614.01",
          "OSName/Windows",
          "OSVersion/Microsoft.Windows.10.0.17763.",
          "Microsoft.Azure.Management.Search.SearchManagementClient/3.0.0.0"
        ],
        "Content-Type": [
          "application/json; charset=utf-8"
        ],
        "Content-Length": [
          "120"
        ]
      },
      "ResponseHeaders": {
        "Cache-Control": [
          "no-cache"
        ],
        "Date": [
          "Fri, 19 Apr 2019 01:09:30 GMT"
        ],
        "Pragma": [
          "no-cache"
        ],
        "ETag": [
          "W/\"datetime'2019-04-19T01%3A09%3A30.7755448Z'\""
        ],
        "x-ms-request-id": [
          "8b65679c-312f-4865-9299-4a088add0a98"
        ],
        "request-id": [
          "8b65679c-312f-4865-9299-4a088add0a98"
        ],
        "elapsed-time": [
          "4656"
        ],
        "Strict-Transport-Security": [
          "max-age=31536000; includeSubDomains"
        ],
        "x-ms-ratelimit-remaining-subscription-writes": [
          "1198"
        ],
        "x-ms-correlation-request-id": [
          "a300bf3f-539d-42a4-b25b-1ad11dd16c5b"
        ],
        "x-ms-routing-request-id": [
          "NORTHEUROPE:20190419T010931Z:a300bf3f-539d-42a4-b25b-1ad11dd16c5b"
        ],
        "X-Content-Type-Options": [
          "nosniff"
        ],
        "Content-Length": [
          "534"
        ],
        "Content-Type": [
          "application/json; charset=utf-8"
        ],
        "Expires": [
          "-1"
        ]
      },
      "ResponseBody": "{\r\n  \"id\": \"/subscriptions/3c729b2a-4f86-4bb2-abe8-4b8647af156c/resourceGroups/azsmnet6632/providers/Microsoft.Search/searchServices/azs-7164\",\r\n  \"name\": \"azs-7164\",\r\n  \"type\": \"Microsoft.Search/searchServices\",\r\n  \"location\": \"East US\",\r\n  \"properties\": {\r\n    \"replicaCount\": 1,\r\n    \"partitionCount\": 1,\r\n    \"status\": \"provisioning\",\r\n    \"statusDetails\": \"\",\r\n    \"provisioningState\": \"provisioning\",\r\n    \"hostingMode\": \"Default\"\r\n  },\r\n  \"sku\": {\r\n    \"name\": \"basic\"\r\n  },\r\n  \"identity\": {\r\n    \"type\": \"SystemAssigned\",\r\n    \"principalId\": \"053137a9-f95a-41a4-a220-b6141119261d\",\r\n    \"tenantId\": \"f686d426-8d16-42db-81b7-ab578e110ccd\"\r\n  }\r\n}",
      "StatusCode": 201
    },
    {
      "RequestUri": "/subscriptions/3c729b2a-4f86-4bb2-abe8-4b8647af156c/resourceGroups/azsmnet6632/providers/Microsoft.Search/searchServices/azs-7164?api-version=2015-08-19",
      "EncodedRequestUri": "L3N1YnNjcmlwdGlvbnMvM2M3MjliMmEtNGY4Ni00YmIyLWFiZTgtNGI4NjQ3YWYxNTZjL3Jlc291cmNlR3JvdXBzL2F6c21uZXQ2NjMyL3Byb3ZpZGVycy9NaWNyb3NvZnQuU2VhcmNoL3NlYXJjaFNlcnZpY2VzL2F6cy03MTY0P2FwaS12ZXJzaW9uPTIwMTUtMDgtMTk=",
      "RequestMethod": "GET",
      "RequestBody": "",
      "RequestHeaders": {
        "User-Agent": [
          "FxVersion/4.6.26614.01",
          "OSName/Windows",
          "OSVersion/Microsoft.Windows.10.0.17763.",
          "Microsoft.Azure.Management.Search.SearchManagementClient/3.0.0.0"
        ]
      },
      "ResponseHeaders": {
        "Cache-Control": [
          "no-cache"
        ],
        "Date": [
          "Fri, 19 Apr 2019 01:10:00 GMT"
        ],
        "Pragma": [
          "no-cache"
        ],
        "ETag": [
          "W/\"datetime'2019-04-19T01%3A09%3A30.7755448Z'\""
        ],
        "Vary": [
          "Accept-Encoding"
        ],
        "x-ms-request-id": [
          "6ba95437-590a-49f6-b9e5-26a987a8a4be"
        ],
        "request-id": [
          "6ba95437-590a-49f6-b9e5-26a987a8a4be"
        ],
        "elapsed-time": [
          "75"
        ],
        "Strict-Transport-Security": [
          "max-age=31536000; includeSubDomains"
        ],
        "x-ms-ratelimit-remaining-subscription-reads": [
          "14997"
        ],
        "x-ms-correlation-request-id": [
          "5d19d0c6-203a-4272-9e31-2358e57062a9"
        ],
        "x-ms-routing-request-id": [
          "NORTHEUROPE:20190419T011001Z:5d19d0c6-203a-4272-9e31-2358e57062a9"
        ],
        "X-Content-Type-Options": [
          "nosniff"
        ],
        "Content-Length": [
          "534"
        ],
        "Content-Type": [
          "application/json; charset=utf-8"
        ],
        "Expires": [
          "-1"
        ]
      },
      "ResponseBody": "{\r\n  \"id\": \"/subscriptions/3c729b2a-4f86-4bb2-abe8-4b8647af156c/resourceGroups/azsmnet6632/providers/Microsoft.Search/searchServices/azs-7164\",\r\n  \"name\": \"azs-7164\",\r\n  \"type\": \"Microsoft.Search/searchServices\",\r\n  \"location\": \"East US\",\r\n  \"properties\": {\r\n    \"replicaCount\": 1,\r\n    \"partitionCount\": 1,\r\n    \"status\": \"provisioning\",\r\n    \"statusDetails\": \"\",\r\n    \"provisioningState\": \"provisioning\",\r\n    \"hostingMode\": \"Default\"\r\n  },\r\n  \"sku\": {\r\n    \"name\": \"basic\"\r\n  },\r\n  \"identity\": {\r\n    \"type\": \"SystemAssigned\",\r\n    \"principalId\": \"053137a9-f95a-41a4-a220-b6141119261d\",\r\n    \"tenantId\": \"f686d426-8d16-42db-81b7-ab578e110ccd\"\r\n  }\r\n}",
      "StatusCode": 200
    },
    {
      "RequestUri": "/subscriptions/3c729b2a-4f86-4bb2-abe8-4b8647af156c/resourceGroups/azsmnet6632/providers/Microsoft.Search/searchServices/azs-7164?api-version=2015-08-19",
      "EncodedRequestUri": "L3N1YnNjcmlwdGlvbnMvM2M3MjliMmEtNGY4Ni00YmIyLWFiZTgtNGI4NjQ3YWYxNTZjL3Jlc291cmNlR3JvdXBzL2F6c21uZXQ2NjMyL3Byb3ZpZGVycy9NaWNyb3NvZnQuU2VhcmNoL3NlYXJjaFNlcnZpY2VzL2F6cy03MTY0P2FwaS12ZXJzaW9uPTIwMTUtMDgtMTk=",
      "RequestMethod": "GET",
      "RequestBody": "",
      "RequestHeaders": {
        "User-Agent": [
          "FxVersion/4.6.26614.01",
          "OSName/Windows",
          "OSVersion/Microsoft.Windows.10.0.17763.",
          "Microsoft.Azure.Management.Search.SearchManagementClient/3.0.0.0"
        ]
      },
      "ResponseHeaders": {
        "Cache-Control": [
          "no-cache"
        ],
        "Date": [
          "Fri, 19 Apr 2019 01:10:31 GMT"
        ],
        "Pragma": [
          "no-cache"
        ],
        "ETag": [
          "W/\"datetime'2019-04-19T01%3A09%3A30.7755448Z'\""
        ],
        "Vary": [
          "Accept-Encoding"
        ],
        "x-ms-request-id": [
          "990bf0c2-732d-45f0-af26-c01a556d38ae"
        ],
        "request-id": [
          "990bf0c2-732d-45f0-af26-c01a556d38ae"
        ],
        "elapsed-time": [
          "76"
        ],
        "Strict-Transport-Security": [
          "max-age=31536000; includeSubDomains"
        ],
        "x-ms-ratelimit-remaining-subscription-reads": [
          "14996"
        ],
        "x-ms-correlation-request-id": [
          "76b0b5b1-2a80-4b4a-90bd-d5cf9834bfe6"
        ],
        "x-ms-routing-request-id": [
          "NORTHEUROPE:20190419T011031Z:76b0b5b1-2a80-4b4a-90bd-d5cf9834bfe6"
        ],
        "X-Content-Type-Options": [
          "nosniff"
        ],
        "Content-Length": [
          "534"
        ],
        "Content-Type": [
          "application/json; charset=utf-8"
        ],
        "Expires": [
          "-1"
        ]
      },
      "ResponseBody": "{\r\n  \"id\": \"/subscriptions/3c729b2a-4f86-4bb2-abe8-4b8647af156c/resourceGroups/azsmnet6632/providers/Microsoft.Search/searchServices/azs-7164\",\r\n  \"name\": \"azs-7164\",\r\n  \"type\": \"Microsoft.Search/searchServices\",\r\n  \"location\": \"East US\",\r\n  \"properties\": {\r\n    \"replicaCount\": 1,\r\n    \"partitionCount\": 1,\r\n    \"status\": \"provisioning\",\r\n    \"statusDetails\": \"\",\r\n    \"provisioningState\": \"provisioning\",\r\n    \"hostingMode\": \"Default\"\r\n  },\r\n  \"sku\": {\r\n    \"name\": \"basic\"\r\n  },\r\n  \"identity\": {\r\n    \"type\": \"SystemAssigned\",\r\n    \"principalId\": \"053137a9-f95a-41a4-a220-b6141119261d\",\r\n    \"tenantId\": \"f686d426-8d16-42db-81b7-ab578e110ccd\"\r\n  }\r\n}",
      "StatusCode": 200
    },
    {
      "RequestUri": "/subscriptions/3c729b2a-4f86-4bb2-abe8-4b8647af156c/resourceGroups/azsmnet6632/providers/Microsoft.Search/searchServices/azs-7164?api-version=2015-08-19",
      "EncodedRequestUri": "L3N1YnNjcmlwdGlvbnMvM2M3MjliMmEtNGY4Ni00YmIyLWFiZTgtNGI4NjQ3YWYxNTZjL3Jlc291cmNlR3JvdXBzL2F6c21uZXQ2NjMyL3Byb3ZpZGVycy9NaWNyb3NvZnQuU2VhcmNoL3NlYXJjaFNlcnZpY2VzL2F6cy03MTY0P2FwaS12ZXJzaW9uPTIwMTUtMDgtMTk=",
      "RequestMethod": "GET",
      "RequestBody": "",
      "RequestHeaders": {
        "User-Agent": [
          "FxVersion/4.6.26614.01",
          "OSName/Windows",
          "OSVersion/Microsoft.Windows.10.0.17763.",
          "Microsoft.Azure.Management.Search.SearchManagementClient/3.0.0.0"
        ]
      },
      "ResponseHeaders": {
        "Cache-Control": [
          "no-cache"
        ],
        "Date": [
          "Fri, 19 Apr 2019 01:11:01 GMT"
        ],
        "Pragma": [
          "no-cache"
        ],
        "ETag": [
          "W/\"datetime'2019-04-19T01%3A09%3A30.7755448Z'\""
        ],
        "Vary": [
          "Accept-Encoding"
        ],
        "x-ms-request-id": [
          "eb06f4c6-62ec-46ce-bd2b-9d2ebdac886e"
        ],
        "request-id": [
          "eb06f4c6-62ec-46ce-bd2b-9d2ebdac886e"
        ],
        "elapsed-time": [
          "86"
        ],
        "Strict-Transport-Security": [
          "max-age=31536000; includeSubDomains"
        ],
        "x-ms-ratelimit-remaining-subscription-reads": [
          "14995"
        ],
        "x-ms-correlation-request-id": [
          "076dca28-b2ca-41cd-bc6e-bf0f5b963d67"
        ],
        "x-ms-routing-request-id": [
          "NORTHEUROPE:20190419T011102Z:076dca28-b2ca-41cd-bc6e-bf0f5b963d67"
        ],
        "X-Content-Type-Options": [
          "nosniff"
        ],
        "Content-Length": [
          "534"
        ],
        "Content-Type": [
          "application/json; charset=utf-8"
        ],
        "Expires": [
          "-1"
        ]
      },
      "ResponseBody": "{\r\n  \"id\": \"/subscriptions/3c729b2a-4f86-4bb2-abe8-4b8647af156c/resourceGroups/azsmnet6632/providers/Microsoft.Search/searchServices/azs-7164\",\r\n  \"name\": \"azs-7164\",\r\n  \"type\": \"Microsoft.Search/searchServices\",\r\n  \"location\": \"East US\",\r\n  \"properties\": {\r\n    \"replicaCount\": 1,\r\n    \"partitionCount\": 1,\r\n    \"status\": \"provisioning\",\r\n    \"statusDetails\": \"\",\r\n    \"provisioningState\": \"provisioning\",\r\n    \"hostingMode\": \"Default\"\r\n  },\r\n  \"sku\": {\r\n    \"name\": \"basic\"\r\n  },\r\n  \"identity\": {\r\n    \"type\": \"SystemAssigned\",\r\n    \"principalId\": \"053137a9-f95a-41a4-a220-b6141119261d\",\r\n    \"tenantId\": \"f686d426-8d16-42db-81b7-ab578e110ccd\"\r\n  }\r\n}",
      "StatusCode": 200
    },
    {
      "RequestUri": "/subscriptions/3c729b2a-4f86-4bb2-abe8-4b8647af156c/resourceGroups/azsmnet6632/providers/Microsoft.Search/searchServices/azs-7164?api-version=2015-08-19",
      "EncodedRequestUri": "L3N1YnNjcmlwdGlvbnMvM2M3MjliMmEtNGY4Ni00YmIyLWFiZTgtNGI4NjQ3YWYxNTZjL3Jlc291cmNlR3JvdXBzL2F6c21uZXQ2NjMyL3Byb3ZpZGVycy9NaWNyb3NvZnQuU2VhcmNoL3NlYXJjaFNlcnZpY2VzL2F6cy03MTY0P2FwaS12ZXJzaW9uPTIwMTUtMDgtMTk=",
      "RequestMethod": "GET",
      "RequestBody": "",
      "RequestHeaders": {
        "User-Agent": [
          "FxVersion/4.6.26614.01",
          "OSName/Windows",
          "OSVersion/Microsoft.Windows.10.0.17763.",
          "Microsoft.Azure.Management.Search.SearchManagementClient/3.0.0.0"
        ]
      },
      "ResponseHeaders": {
        "Cache-Control": [
          "no-cache"
        ],
        "Date": [
          "Fri, 19 Apr 2019 01:11:32 GMT"
        ],
        "Pragma": [
          "no-cache"
        ],
        "ETag": [
          "W/\"datetime'2019-04-19T01%3A09%3A30.7755448Z'\""
        ],
        "Vary": [
          "Accept-Encoding"
        ],
        "x-ms-request-id": [
          "a410f5bf-1261-41ad-a2a2-675aa24dbf36"
        ],
        "request-id": [
          "a410f5bf-1261-41ad-a2a2-675aa24dbf36"
        ],
        "elapsed-time": [
          "110"
        ],
        "Strict-Transport-Security": [
          "max-age=31536000; includeSubDomains"
        ],
        "x-ms-ratelimit-remaining-subscription-reads": [
          "14994"
        ],
        "x-ms-correlation-request-id": [
          "4d1ea5ac-5759-4c8c-b978-6cb791a70453"
        ],
        "x-ms-routing-request-id": [
          "NORTHEUROPE:20190419T011132Z:4d1ea5ac-5759-4c8c-b978-6cb791a70453"
        ],
        "X-Content-Type-Options": [
          "nosniff"
        ],
        "Content-Length": [
          "534"
        ],
        "Content-Type": [
          "application/json; charset=utf-8"
        ],
        "Expires": [
          "-1"
        ]
      },
      "ResponseBody": "{\r\n  \"id\": \"/subscriptions/3c729b2a-4f86-4bb2-abe8-4b8647af156c/resourceGroups/azsmnet6632/providers/Microsoft.Search/searchServices/azs-7164\",\r\n  \"name\": \"azs-7164\",\r\n  \"type\": \"Microsoft.Search/searchServices\",\r\n  \"location\": \"East US\",\r\n  \"properties\": {\r\n    \"replicaCount\": 1,\r\n    \"partitionCount\": 1,\r\n    \"status\": \"provisioning\",\r\n    \"statusDetails\": \"\",\r\n    \"provisioningState\": \"provisioning\",\r\n    \"hostingMode\": \"Default\"\r\n  },\r\n  \"sku\": {\r\n    \"name\": \"basic\"\r\n  },\r\n  \"identity\": {\r\n    \"type\": \"SystemAssigned\",\r\n    \"principalId\": \"053137a9-f95a-41a4-a220-b6141119261d\",\r\n    \"tenantId\": \"f686d426-8d16-42db-81b7-ab578e110ccd\"\r\n  }\r\n}",
      "StatusCode": 200
    },
    {
      "RequestUri": "/subscriptions/3c729b2a-4f86-4bb2-abe8-4b8647af156c/resourceGroups/azsmnet6632/providers/Microsoft.Search/searchServices/azs-7164?api-version=2015-08-19",
      "EncodedRequestUri": "L3N1YnNjcmlwdGlvbnMvM2M3MjliMmEtNGY4Ni00YmIyLWFiZTgtNGI4NjQ3YWYxNTZjL3Jlc291cmNlR3JvdXBzL2F6c21uZXQ2NjMyL3Byb3ZpZGVycy9NaWNyb3NvZnQuU2VhcmNoL3NlYXJjaFNlcnZpY2VzL2F6cy03MTY0P2FwaS12ZXJzaW9uPTIwMTUtMDgtMTk=",
      "RequestMethod": "GET",
      "RequestBody": "",
      "RequestHeaders": {
        "User-Agent": [
          "FxVersion/4.6.26614.01",
          "OSName/Windows",
          "OSVersion/Microsoft.Windows.10.0.17763.",
          "Microsoft.Azure.Management.Search.SearchManagementClient/3.0.0.0"
        ]
      },
      "ResponseHeaders": {
        "Cache-Control": [
          "no-cache"
        ],
        "Date": [
          "Fri, 19 Apr 2019 01:12:02 GMT"
        ],
        "Pragma": [
          "no-cache"
        ],
        "ETag": [
          "W/\"datetime'2019-04-19T01%3A09%3A30.7755448Z'\""
        ],
        "Vary": [
          "Accept-Encoding"
        ],
        "x-ms-request-id": [
          "26bd26ac-a69a-4577-ba6c-61c984bdf813"
        ],
        "request-id": [
          "26bd26ac-a69a-4577-ba6c-61c984bdf813"
        ],
        "elapsed-time": [
          "81"
        ],
        "Strict-Transport-Security": [
          "max-age=31536000; includeSubDomains"
        ],
        "x-ms-ratelimit-remaining-subscription-reads": [
          "14993"
        ],
        "x-ms-correlation-request-id": [
          "62564a70-2248-426a-b515-a60a80379d94"
        ],
        "x-ms-routing-request-id": [
          "NORTHEUROPE:20190419T011203Z:62564a70-2248-426a-b515-a60a80379d94"
        ],
        "X-Content-Type-Options": [
          "nosniff"
        ],
        "Content-Length": [
          "534"
        ],
        "Content-Type": [
          "application/json; charset=utf-8"
        ],
        "Expires": [
          "-1"
        ]
      },
      "ResponseBody": "{\r\n  \"id\": \"/subscriptions/3c729b2a-4f86-4bb2-abe8-4b8647af156c/resourceGroups/azsmnet6632/providers/Microsoft.Search/searchServices/azs-7164\",\r\n  \"name\": \"azs-7164\",\r\n  \"type\": \"Microsoft.Search/searchServices\",\r\n  \"location\": \"East US\",\r\n  \"properties\": {\r\n    \"replicaCount\": 1,\r\n    \"partitionCount\": 1,\r\n    \"status\": \"provisioning\",\r\n    \"statusDetails\": \"\",\r\n    \"provisioningState\": \"provisioning\",\r\n    \"hostingMode\": \"Default\"\r\n  },\r\n  \"sku\": {\r\n    \"name\": \"basic\"\r\n  },\r\n  \"identity\": {\r\n    \"type\": \"SystemAssigned\",\r\n    \"principalId\": \"053137a9-f95a-41a4-a220-b6141119261d\",\r\n    \"tenantId\": \"f686d426-8d16-42db-81b7-ab578e110ccd\"\r\n  }\r\n}",
      "StatusCode": 200
    },
    {
      "RequestUri": "/subscriptions/3c729b2a-4f86-4bb2-abe8-4b8647af156c/resourceGroups/azsmnet6632/providers/Microsoft.Search/searchServices/azs-7164?api-version=2015-08-19",
      "EncodedRequestUri": "L3N1YnNjcmlwdGlvbnMvM2M3MjliMmEtNGY4Ni00YmIyLWFiZTgtNGI4NjQ3YWYxNTZjL3Jlc291cmNlR3JvdXBzL2F6c21uZXQ2NjMyL3Byb3ZpZGVycy9NaWNyb3NvZnQuU2VhcmNoL3NlYXJjaFNlcnZpY2VzL2F6cy03MTY0P2FwaS12ZXJzaW9uPTIwMTUtMDgtMTk=",
      "RequestMethod": "GET",
      "RequestBody": "",
      "RequestHeaders": {
        "User-Agent": [
          "FxVersion/4.6.26614.01",
          "OSName/Windows",
          "OSVersion/Microsoft.Windows.10.0.17763.",
          "Microsoft.Azure.Management.Search.SearchManagementClient/3.0.0.0"
        ]
      },
      "ResponseHeaders": {
        "Cache-Control": [
          "no-cache"
        ],
        "Date": [
          "Fri, 19 Apr 2019 01:12:33 GMT"
        ],
        "Pragma": [
          "no-cache"
        ],
        "ETag": [
          "W/\"datetime'2019-04-19T01%3A09%3A30.7755448Z'\""
        ],
        "Vary": [
          "Accept-Encoding"
        ],
        "x-ms-request-id": [
          "8622426e-adda-4ec2-80eb-16c5ed826e9f"
        ],
        "request-id": [
          "8622426e-adda-4ec2-80eb-16c5ed826e9f"
        ],
        "elapsed-time": [
          "175"
        ],
        "Strict-Transport-Security": [
          "max-age=31536000; includeSubDomains"
        ],
        "x-ms-ratelimit-remaining-subscription-reads": [
          "14992"
        ],
        "x-ms-correlation-request-id": [
          "7456737f-64d6-44aa-8d39-30f6fcc43e9e"
        ],
        "x-ms-routing-request-id": [
          "NORTHEUROPE:20190419T011233Z:7456737f-64d6-44aa-8d39-30f6fcc43e9e"
        ],
        "X-Content-Type-Options": [
          "nosniff"
        ],
        "Content-Length": [
          "534"
        ],
        "Content-Type": [
          "application/json; charset=utf-8"
        ],
        "Expires": [
          "-1"
        ]
      },
      "ResponseBody": "{\r\n  \"id\": \"/subscriptions/3c729b2a-4f86-4bb2-abe8-4b8647af156c/resourceGroups/azsmnet6632/providers/Microsoft.Search/searchServices/azs-7164\",\r\n  \"name\": \"azs-7164\",\r\n  \"type\": \"Microsoft.Search/searchServices\",\r\n  \"location\": \"East US\",\r\n  \"properties\": {\r\n    \"replicaCount\": 1,\r\n    \"partitionCount\": 1,\r\n    \"status\": \"provisioning\",\r\n    \"statusDetails\": \"\",\r\n    \"provisioningState\": \"provisioning\",\r\n    \"hostingMode\": \"Default\"\r\n  },\r\n  \"sku\": {\r\n    \"name\": \"basic\"\r\n  },\r\n  \"identity\": {\r\n    \"type\": \"SystemAssigned\",\r\n    \"principalId\": \"053137a9-f95a-41a4-a220-b6141119261d\",\r\n    \"tenantId\": \"f686d426-8d16-42db-81b7-ab578e110ccd\"\r\n  }\r\n}",
      "StatusCode": 200
    },
    {
      "RequestUri": "/subscriptions/3c729b2a-4f86-4bb2-abe8-4b8647af156c/resourceGroups/azsmnet6632/providers/Microsoft.Search/searchServices/azs-7164?api-version=2015-08-19",
      "EncodedRequestUri": "L3N1YnNjcmlwdGlvbnMvM2M3MjliMmEtNGY4Ni00YmIyLWFiZTgtNGI4NjQ3YWYxNTZjL3Jlc291cmNlR3JvdXBzL2F6c21uZXQ2NjMyL3Byb3ZpZGVycy9NaWNyb3NvZnQuU2VhcmNoL3NlYXJjaFNlcnZpY2VzL2F6cy03MTY0P2FwaS12ZXJzaW9uPTIwMTUtMDgtMTk=",
      "RequestMethod": "GET",
      "RequestBody": "",
      "RequestHeaders": {
        "User-Agent": [
          "FxVersion/4.6.26614.01",
          "OSName/Windows",
          "OSVersion/Microsoft.Windows.10.0.17763.",
          "Microsoft.Azure.Management.Search.SearchManagementClient/3.0.0.0"
        ]
      },
      "ResponseHeaders": {
        "Cache-Control": [
          "no-cache"
        ],
        "Date": [
          "Fri, 19 Apr 2019 01:13:03 GMT"
        ],
        "Pragma": [
          "no-cache"
        ],
        "ETag": [
          "W/\"datetime'2019-04-19T01%3A09%3A30.7755448Z'\""
        ],
        "Vary": [
          "Accept-Encoding"
        ],
        "x-ms-request-id": [
          "077a7828-db7a-42ee-abb6-668d104c11d3"
        ],
        "request-id": [
          "077a7828-db7a-42ee-abb6-668d104c11d3"
        ],
        "elapsed-time": [
          "88"
        ],
        "Strict-Transport-Security": [
          "max-age=31536000; includeSubDomains"
        ],
        "x-ms-ratelimit-remaining-subscription-reads": [
          "14991"
        ],
        "x-ms-correlation-request-id": [
          "12374172-d285-42f8-8ae1-c3f47e33ebcd"
        ],
        "x-ms-routing-request-id": [
          "NORTHEUROPE:20190419T011303Z:12374172-d285-42f8-8ae1-c3f47e33ebcd"
        ],
        "X-Content-Type-Options": [
          "nosniff"
        ],
        "Content-Length": [
          "534"
        ],
        "Content-Type": [
          "application/json; charset=utf-8"
        ],
        "Expires": [
          "-1"
        ]
      },
      "ResponseBody": "{\r\n  \"id\": \"/subscriptions/3c729b2a-4f86-4bb2-abe8-4b8647af156c/resourceGroups/azsmnet6632/providers/Microsoft.Search/searchServices/azs-7164\",\r\n  \"name\": \"azs-7164\",\r\n  \"type\": \"Microsoft.Search/searchServices\",\r\n  \"location\": \"East US\",\r\n  \"properties\": {\r\n    \"replicaCount\": 1,\r\n    \"partitionCount\": 1,\r\n    \"status\": \"provisioning\",\r\n    \"statusDetails\": \"\",\r\n    \"provisioningState\": \"provisioning\",\r\n    \"hostingMode\": \"Default\"\r\n  },\r\n  \"sku\": {\r\n    \"name\": \"basic\"\r\n  },\r\n  \"identity\": {\r\n    \"type\": \"SystemAssigned\",\r\n    \"principalId\": \"053137a9-f95a-41a4-a220-b6141119261d\",\r\n    \"tenantId\": \"f686d426-8d16-42db-81b7-ab578e110ccd\"\r\n  }\r\n}",
      "StatusCode": 200
    },
    {
      "RequestUri": "/subscriptions/3c729b2a-4f86-4bb2-abe8-4b8647af156c/resourceGroups/azsmnet6632/providers/Microsoft.Search/searchServices/azs-7164?api-version=2015-08-19",
      "EncodedRequestUri": "L3N1YnNjcmlwdGlvbnMvM2M3MjliMmEtNGY4Ni00YmIyLWFiZTgtNGI4NjQ3YWYxNTZjL3Jlc291cmNlR3JvdXBzL2F6c21uZXQ2NjMyL3Byb3ZpZGVycy9NaWNyb3NvZnQuU2VhcmNoL3NlYXJjaFNlcnZpY2VzL2F6cy03MTY0P2FwaS12ZXJzaW9uPTIwMTUtMDgtMTk=",
      "RequestMethod": "GET",
      "RequestBody": "",
      "RequestHeaders": {
        "User-Agent": [
          "FxVersion/4.6.26614.01",
          "OSName/Windows",
          "OSVersion/Microsoft.Windows.10.0.17763.",
          "Microsoft.Azure.Management.Search.SearchManagementClient/3.0.0.0"
        ]
      },
      "ResponseHeaders": {
        "Cache-Control": [
          "no-cache"
        ],
        "Date": [
          "Fri, 19 Apr 2019 01:13:34 GMT"
        ],
        "Pragma": [
          "no-cache"
        ],
        "ETag": [
          "W/\"datetime'2019-04-19T01%3A09%3A30.7755448Z'\""
        ],
        "Vary": [
          "Accept-Encoding"
        ],
        "x-ms-request-id": [
          "fd4e30c4-427a-46cd-9ea4-f945587c8f4f"
        ],
        "request-id": [
          "fd4e30c4-427a-46cd-9ea4-f945587c8f4f"
        ],
        "elapsed-time": [
          "280"
        ],
        "Strict-Transport-Security": [
          "max-age=31536000; includeSubDomains"
        ],
        "x-ms-ratelimit-remaining-subscription-reads": [
          "14990"
        ],
        "x-ms-correlation-request-id": [
          "2fa78c86-bb55-4dd3-8610-13ed32f34e33"
        ],
        "x-ms-routing-request-id": [
          "NORTHEUROPE:20190419T011334Z:2fa78c86-bb55-4dd3-8610-13ed32f34e33"
        ],
        "X-Content-Type-Options": [
          "nosniff"
        ],
        "Content-Length": [
          "534"
        ],
        "Content-Type": [
          "application/json; charset=utf-8"
        ],
        "Expires": [
          "-1"
        ]
      },
      "ResponseBody": "{\r\n  \"id\": \"/subscriptions/3c729b2a-4f86-4bb2-abe8-4b8647af156c/resourceGroups/azsmnet6632/providers/Microsoft.Search/searchServices/azs-7164\",\r\n  \"name\": \"azs-7164\",\r\n  \"type\": \"Microsoft.Search/searchServices\",\r\n  \"location\": \"East US\",\r\n  \"properties\": {\r\n    \"replicaCount\": 1,\r\n    \"partitionCount\": 1,\r\n    \"status\": \"provisioning\",\r\n    \"statusDetails\": \"\",\r\n    \"provisioningState\": \"provisioning\",\r\n    \"hostingMode\": \"Default\"\r\n  },\r\n  \"sku\": {\r\n    \"name\": \"basic\"\r\n  },\r\n  \"identity\": {\r\n    \"type\": \"SystemAssigned\",\r\n    \"principalId\": \"053137a9-f95a-41a4-a220-b6141119261d\",\r\n    \"tenantId\": \"f686d426-8d16-42db-81b7-ab578e110ccd\"\r\n  }\r\n}",
      "StatusCode": 200
    },
    {
      "RequestUri": "/subscriptions/3c729b2a-4f86-4bb2-abe8-4b8647af156c/resourceGroups/azsmnet6632/providers/Microsoft.Search/searchServices/azs-7164?api-version=2015-08-19",
      "EncodedRequestUri": "L3N1YnNjcmlwdGlvbnMvM2M3MjliMmEtNGY4Ni00YmIyLWFiZTgtNGI4NjQ3YWYxNTZjL3Jlc291cmNlR3JvdXBzL2F6c21uZXQ2NjMyL3Byb3ZpZGVycy9NaWNyb3NvZnQuU2VhcmNoL3NlYXJjaFNlcnZpY2VzL2F6cy03MTY0P2FwaS12ZXJzaW9uPTIwMTUtMDgtMTk=",
      "RequestMethod": "GET",
      "RequestBody": "",
      "RequestHeaders": {
        "User-Agent": [
          "FxVersion/4.6.26614.01",
          "OSName/Windows",
          "OSVersion/Microsoft.Windows.10.0.17763.",
          "Microsoft.Azure.Management.Search.SearchManagementClient/3.0.0.0"
        ]
      },
      "ResponseHeaders": {
        "Cache-Control": [
          "no-cache"
        ],
        "Date": [
          "Fri, 19 Apr 2019 01:14:04 GMT"
        ],
        "Pragma": [
          "no-cache"
        ],
        "ETag": [
          "W/\"datetime'2019-04-19T01%3A09%3A30.7755448Z'\""
        ],
        "Vary": [
          "Accept-Encoding"
        ],
        "x-ms-request-id": [
          "70e358ce-b118-4876-84ac-4d88742f45a7"
        ],
        "request-id": [
          "70e358ce-b118-4876-84ac-4d88742f45a7"
        ],
        "elapsed-time": [
          "98"
        ],
        "Strict-Transport-Security": [
          "max-age=31536000; includeSubDomains"
        ],
        "x-ms-ratelimit-remaining-subscription-reads": [
          "14989"
        ],
        "x-ms-correlation-request-id": [
          "02ca0718-0424-4d12-96c2-a7f4ab7a4fa3"
        ],
        "x-ms-routing-request-id": [
          "NORTHEUROPE:20190419T011405Z:02ca0718-0424-4d12-96c2-a7f4ab7a4fa3"
        ],
        "X-Content-Type-Options": [
          "nosniff"
        ],
        "Content-Length": [
          "534"
        ],
        "Content-Type": [
          "application/json; charset=utf-8"
        ],
        "Expires": [
          "-1"
        ]
      },
      "ResponseBody": "{\r\n  \"id\": \"/subscriptions/3c729b2a-4f86-4bb2-abe8-4b8647af156c/resourceGroups/azsmnet6632/providers/Microsoft.Search/searchServices/azs-7164\",\r\n  \"name\": \"azs-7164\",\r\n  \"type\": \"Microsoft.Search/searchServices\",\r\n  \"location\": \"East US\",\r\n  \"properties\": {\r\n    \"replicaCount\": 1,\r\n    \"partitionCount\": 1,\r\n    \"status\": \"provisioning\",\r\n    \"statusDetails\": \"\",\r\n    \"provisioningState\": \"provisioning\",\r\n    \"hostingMode\": \"Default\"\r\n  },\r\n  \"sku\": {\r\n    \"name\": \"basic\"\r\n  },\r\n  \"identity\": {\r\n    \"type\": \"SystemAssigned\",\r\n    \"principalId\": \"053137a9-f95a-41a4-a220-b6141119261d\",\r\n    \"tenantId\": \"f686d426-8d16-42db-81b7-ab578e110ccd\"\r\n  }\r\n}",
      "StatusCode": 200
    },
    {
      "RequestUri": "/subscriptions/3c729b2a-4f86-4bb2-abe8-4b8647af156c/resourceGroups/azsmnet6632/providers/Microsoft.Search/searchServices/azs-7164?api-version=2015-08-19",
      "EncodedRequestUri": "L3N1YnNjcmlwdGlvbnMvM2M3MjliMmEtNGY4Ni00YmIyLWFiZTgtNGI4NjQ3YWYxNTZjL3Jlc291cmNlR3JvdXBzL2F6c21uZXQ2NjMyL3Byb3ZpZGVycy9NaWNyb3NvZnQuU2VhcmNoL3NlYXJjaFNlcnZpY2VzL2F6cy03MTY0P2FwaS12ZXJzaW9uPTIwMTUtMDgtMTk=",
      "RequestMethod": "GET",
      "RequestBody": "",
      "RequestHeaders": {
        "User-Agent": [
          "FxVersion/4.6.26614.01",
          "OSName/Windows",
          "OSVersion/Microsoft.Windows.10.0.17763.",
          "Microsoft.Azure.Management.Search.SearchManagementClient/3.0.0.0"
        ]
      },
      "ResponseHeaders": {
        "Cache-Control": [
          "no-cache"
        ],
        "Date": [
          "Fri, 19 Apr 2019 01:14:35 GMT"
        ],
        "Pragma": [
          "no-cache"
        ],
        "ETag": [
          "W/\"datetime'2019-04-19T01%3A09%3A30.7755448Z'\""
        ],
        "Vary": [
          "Accept-Encoding"
        ],
        "x-ms-request-id": [
          "382e3aa4-ee74-4864-b7c3-013c6a4f0d9c"
        ],
        "request-id": [
          "382e3aa4-ee74-4864-b7c3-013c6a4f0d9c"
        ],
        "elapsed-time": [
          "92"
        ],
        "Strict-Transport-Security": [
          "max-age=31536000; includeSubDomains"
        ],
        "x-ms-ratelimit-remaining-subscription-reads": [
          "14988"
        ],
        "x-ms-correlation-request-id": [
          "fc394580-b759-42bf-bfce-99b6fe21f577"
        ],
        "x-ms-routing-request-id": [
          "NORTHEUROPE:20190419T011435Z:fc394580-b759-42bf-bfce-99b6fe21f577"
        ],
        "X-Content-Type-Options": [
          "nosniff"
        ],
        "Content-Length": [
          "534"
        ],
        "Content-Type": [
          "application/json; charset=utf-8"
        ],
        "Expires": [
          "-1"
        ]
      },
      "ResponseBody": "{\r\n  \"id\": \"/subscriptions/3c729b2a-4f86-4bb2-abe8-4b8647af156c/resourceGroups/azsmnet6632/providers/Microsoft.Search/searchServices/azs-7164\",\r\n  \"name\": \"azs-7164\",\r\n  \"type\": \"Microsoft.Search/searchServices\",\r\n  \"location\": \"East US\",\r\n  \"properties\": {\r\n    \"replicaCount\": 1,\r\n    \"partitionCount\": 1,\r\n    \"status\": \"provisioning\",\r\n    \"statusDetails\": \"\",\r\n    \"provisioningState\": \"provisioning\",\r\n    \"hostingMode\": \"Default\"\r\n  },\r\n  \"sku\": {\r\n    \"name\": \"basic\"\r\n  },\r\n  \"identity\": {\r\n    \"type\": \"SystemAssigned\",\r\n    \"principalId\": \"053137a9-f95a-41a4-a220-b6141119261d\",\r\n    \"tenantId\": \"f686d426-8d16-42db-81b7-ab578e110ccd\"\r\n  }\r\n}",
      "StatusCode": 200
    },
    {
      "RequestUri": "/subscriptions/3c729b2a-4f86-4bb2-abe8-4b8647af156c/resourceGroups/azsmnet6632/providers/Microsoft.Search/searchServices/azs-7164?api-version=2015-08-19",
      "EncodedRequestUri": "L3N1YnNjcmlwdGlvbnMvM2M3MjliMmEtNGY4Ni00YmIyLWFiZTgtNGI4NjQ3YWYxNTZjL3Jlc291cmNlR3JvdXBzL2F6c21uZXQ2NjMyL3Byb3ZpZGVycy9NaWNyb3NvZnQuU2VhcmNoL3NlYXJjaFNlcnZpY2VzL2F6cy03MTY0P2FwaS12ZXJzaW9uPTIwMTUtMDgtMTk=",
      "RequestMethod": "GET",
      "RequestBody": "",
      "RequestHeaders": {
        "User-Agent": [
          "FxVersion/4.6.26614.01",
          "OSName/Windows",
          "OSVersion/Microsoft.Windows.10.0.17763.",
          "Microsoft.Azure.Management.Search.SearchManagementClient/3.0.0.0"
        ]
      },
      "ResponseHeaders": {
        "Cache-Control": [
          "no-cache"
        ],
        "Date": [
          "Fri, 19 Apr 2019 01:15:05 GMT"
        ],
        "Pragma": [
          "no-cache"
        ],
        "ETag": [
          "W/\"datetime'2019-04-19T01%3A09%3A30.7755448Z'\""
        ],
        "Vary": [
          "Accept-Encoding"
        ],
        "x-ms-request-id": [
          "92e55776-b893-4518-90ac-bd6103e6f11c"
        ],
        "request-id": [
          "92e55776-b893-4518-90ac-bd6103e6f11c"
        ],
        "elapsed-time": [
          "94"
        ],
        "Strict-Transport-Security": [
          "max-age=31536000; includeSubDomains"
        ],
        "x-ms-ratelimit-remaining-subscription-reads": [
          "14987"
        ],
        "x-ms-correlation-request-id": [
          "ff18e6de-0c2c-4195-a9ca-85e16ba0e161"
        ],
        "x-ms-routing-request-id": [
          "NORTHEUROPE:20190419T011505Z:ff18e6de-0c2c-4195-a9ca-85e16ba0e161"
        ],
        "X-Content-Type-Options": [
          "nosniff"
        ],
        "Content-Length": [
          "534"
        ],
        "Content-Type": [
          "application/json; charset=utf-8"
        ],
        "Expires": [
          "-1"
        ]
      },
      "ResponseBody": "{\r\n  \"id\": \"/subscriptions/3c729b2a-4f86-4bb2-abe8-4b8647af156c/resourceGroups/azsmnet6632/providers/Microsoft.Search/searchServices/azs-7164\",\r\n  \"name\": \"azs-7164\",\r\n  \"type\": \"Microsoft.Search/searchServices\",\r\n  \"location\": \"East US\",\r\n  \"properties\": {\r\n    \"replicaCount\": 1,\r\n    \"partitionCount\": 1,\r\n    \"status\": \"provisioning\",\r\n    \"statusDetails\": \"\",\r\n    \"provisioningState\": \"provisioning\",\r\n    \"hostingMode\": \"Default\"\r\n  },\r\n  \"sku\": {\r\n    \"name\": \"basic\"\r\n  },\r\n  \"identity\": {\r\n    \"type\": \"SystemAssigned\",\r\n    \"principalId\": \"053137a9-f95a-41a4-a220-b6141119261d\",\r\n    \"tenantId\": \"f686d426-8d16-42db-81b7-ab578e110ccd\"\r\n  }\r\n}",
      "StatusCode": 200
    },
    {
      "RequestUri": "/subscriptions/3c729b2a-4f86-4bb2-abe8-4b8647af156c/resourceGroups/azsmnet6632/providers/Microsoft.Search/searchServices/azs-7164?api-version=2015-08-19",
      "EncodedRequestUri": "L3N1YnNjcmlwdGlvbnMvM2M3MjliMmEtNGY4Ni00YmIyLWFiZTgtNGI4NjQ3YWYxNTZjL3Jlc291cmNlR3JvdXBzL2F6c21uZXQ2NjMyL3Byb3ZpZGVycy9NaWNyb3NvZnQuU2VhcmNoL3NlYXJjaFNlcnZpY2VzL2F6cy03MTY0P2FwaS12ZXJzaW9uPTIwMTUtMDgtMTk=",
      "RequestMethod": "GET",
      "RequestBody": "",
      "RequestHeaders": {
        "User-Agent": [
          "FxVersion/4.6.26614.01",
          "OSName/Windows",
          "OSVersion/Microsoft.Windows.10.0.17763.",
          "Microsoft.Azure.Management.Search.SearchManagementClient/3.0.0.0"
        ]
      },
      "ResponseHeaders": {
        "Cache-Control": [
          "no-cache"
        ],
        "Date": [
          "Fri, 19 Apr 2019 01:15:36 GMT"
        ],
        "Pragma": [
          "no-cache"
        ],
        "ETag": [
          "W/\"datetime'2019-04-19T01%3A09%3A30.7755448Z'\""
        ],
        "Vary": [
          "Accept-Encoding"
        ],
        "x-ms-request-id": [
          "bfc3bcc9-d4d0-4ca4-9c40-75e352867ae4"
        ],
        "request-id": [
          "bfc3bcc9-d4d0-4ca4-9c40-75e352867ae4"
        ],
        "elapsed-time": [
          "107"
        ],
        "Strict-Transport-Security": [
          "max-age=31536000; includeSubDomains"
        ],
        "x-ms-ratelimit-remaining-subscription-reads": [
          "14986"
        ],
        "x-ms-correlation-request-id": [
          "2a31412a-7fc4-413e-87f9-db6e28905fe1"
        ],
        "x-ms-routing-request-id": [
          "NORTHEUROPE:20190419T011536Z:2a31412a-7fc4-413e-87f9-db6e28905fe1"
        ],
        "X-Content-Type-Options": [
          "nosniff"
        ],
        "Content-Length": [
          "534"
        ],
        "Content-Type": [
          "application/json; charset=utf-8"
        ],
        "Expires": [
          "-1"
        ]
      },
      "ResponseBody": "{\r\n  \"id\": \"/subscriptions/3c729b2a-4f86-4bb2-abe8-4b8647af156c/resourceGroups/azsmnet6632/providers/Microsoft.Search/searchServices/azs-7164\",\r\n  \"name\": \"azs-7164\",\r\n  \"type\": \"Microsoft.Search/searchServices\",\r\n  \"location\": \"East US\",\r\n  \"properties\": {\r\n    \"replicaCount\": 1,\r\n    \"partitionCount\": 1,\r\n    \"status\": \"provisioning\",\r\n    \"statusDetails\": \"\",\r\n    \"provisioningState\": \"provisioning\",\r\n    \"hostingMode\": \"Default\"\r\n  },\r\n  \"sku\": {\r\n    \"name\": \"basic\"\r\n  },\r\n  \"identity\": {\r\n    \"type\": \"SystemAssigned\",\r\n    \"principalId\": \"053137a9-f95a-41a4-a220-b6141119261d\",\r\n    \"tenantId\": \"f686d426-8d16-42db-81b7-ab578e110ccd\"\r\n  }\r\n}",
      "StatusCode": 200
    },
    {
      "RequestUri": "/subscriptions/3c729b2a-4f86-4bb2-abe8-4b8647af156c/resourceGroups/azsmnet6632/providers/Microsoft.Search/searchServices/azs-7164?api-version=2015-08-19",
      "EncodedRequestUri": "L3N1YnNjcmlwdGlvbnMvM2M3MjliMmEtNGY4Ni00YmIyLWFiZTgtNGI4NjQ3YWYxNTZjL3Jlc291cmNlR3JvdXBzL2F6c21uZXQ2NjMyL3Byb3ZpZGVycy9NaWNyb3NvZnQuU2VhcmNoL3NlYXJjaFNlcnZpY2VzL2F6cy03MTY0P2FwaS12ZXJzaW9uPTIwMTUtMDgtMTk=",
      "RequestMethod": "GET",
      "RequestBody": "",
      "RequestHeaders": {
        "User-Agent": [
          "FxVersion/4.6.26614.01",
          "OSName/Windows",
          "OSVersion/Microsoft.Windows.10.0.17763.",
          "Microsoft.Azure.Management.Search.SearchManagementClient/3.0.0.0"
        ]
      },
      "ResponseHeaders": {
        "Cache-Control": [
          "no-cache"
        ],
        "Date": [
          "Fri, 19 Apr 2019 01:16:06 GMT"
        ],
        "Pragma": [
          "no-cache"
        ],
        "ETag": [
          "W/\"datetime'2019-04-19T01%3A09%3A30.7755448Z'\""
        ],
        "Vary": [
          "Accept-Encoding"
        ],
        "x-ms-request-id": [
          "ad36778d-46ce-420a-ae2f-eacc78dbcdcf"
        ],
        "request-id": [
          "ad36778d-46ce-420a-ae2f-eacc78dbcdcf"
        ],
        "elapsed-time": [
          "85"
        ],
        "Strict-Transport-Security": [
          "max-age=31536000; includeSubDomains"
        ],
        "x-ms-ratelimit-remaining-subscription-reads": [
          "14985"
        ],
        "x-ms-correlation-request-id": [
          "5d9058a4-ea2f-4c44-8c64-38b7652c5c4a"
        ],
        "x-ms-routing-request-id": [
          "NORTHEUROPE:20190419T011607Z:5d9058a4-ea2f-4c44-8c64-38b7652c5c4a"
        ],
        "X-Content-Type-Options": [
          "nosniff"
        ],
        "Content-Length": [
          "534"
        ],
        "Content-Type": [
          "application/json; charset=utf-8"
        ],
        "Expires": [
          "-1"
        ]
      },
      "ResponseBody": "{\r\n  \"id\": \"/subscriptions/3c729b2a-4f86-4bb2-abe8-4b8647af156c/resourceGroups/azsmnet6632/providers/Microsoft.Search/searchServices/azs-7164\",\r\n  \"name\": \"azs-7164\",\r\n  \"type\": \"Microsoft.Search/searchServices\",\r\n  \"location\": \"East US\",\r\n  \"properties\": {\r\n    \"replicaCount\": 1,\r\n    \"partitionCount\": 1,\r\n    \"status\": \"provisioning\",\r\n    \"statusDetails\": \"\",\r\n    \"provisioningState\": \"provisioning\",\r\n    \"hostingMode\": \"Default\"\r\n  },\r\n  \"sku\": {\r\n    \"name\": \"basic\"\r\n  },\r\n  \"identity\": {\r\n    \"type\": \"SystemAssigned\",\r\n    \"principalId\": \"053137a9-f95a-41a4-a220-b6141119261d\",\r\n    \"tenantId\": \"f686d426-8d16-42db-81b7-ab578e110ccd\"\r\n  }\r\n}",
      "StatusCode": 200
    },
    {
      "RequestUri": "/subscriptions/3c729b2a-4f86-4bb2-abe8-4b8647af156c/resourceGroups/azsmnet6632/providers/Microsoft.Search/searchServices/azs-7164?api-version=2015-08-19",
      "EncodedRequestUri": "L3N1YnNjcmlwdGlvbnMvM2M3MjliMmEtNGY4Ni00YmIyLWFiZTgtNGI4NjQ3YWYxNTZjL3Jlc291cmNlR3JvdXBzL2F6c21uZXQ2NjMyL3Byb3ZpZGVycy9NaWNyb3NvZnQuU2VhcmNoL3NlYXJjaFNlcnZpY2VzL2F6cy03MTY0P2FwaS12ZXJzaW9uPTIwMTUtMDgtMTk=",
      "RequestMethod": "GET",
      "RequestBody": "",
      "RequestHeaders": {
        "User-Agent": [
          "FxVersion/4.6.26614.01",
          "OSName/Windows",
          "OSVersion/Microsoft.Windows.10.0.17763.",
          "Microsoft.Azure.Management.Search.SearchManagementClient/3.0.0.0"
        ]
      },
      "ResponseHeaders": {
        "Cache-Control": [
          "no-cache"
        ],
        "Date": [
          "Fri, 19 Apr 2019 01:16:36 GMT"
        ],
        "Pragma": [
          "no-cache"
        ],
        "ETag": [
          "W/\"datetime'2019-04-19T01%3A09%3A30.7755448Z'\""
        ],
        "Vary": [
          "Accept-Encoding"
        ],
        "x-ms-request-id": [
          "7bf6b046-6c91-485c-87b3-661d56f847c2"
        ],
        "request-id": [
          "7bf6b046-6c91-485c-87b3-661d56f847c2"
        ],
        "elapsed-time": [
          "62"
        ],
        "Strict-Transport-Security": [
          "max-age=31536000; includeSubDomains"
        ],
        "x-ms-ratelimit-remaining-subscription-reads": [
          "14984"
        ],
        "x-ms-correlation-request-id": [
          "abcc5521-953f-4dc1-94cd-9d1f76f7b60c"
        ],
        "x-ms-routing-request-id": [
          "NORTHEUROPE:20190419T011637Z:abcc5521-953f-4dc1-94cd-9d1f76f7b60c"
        ],
        "X-Content-Type-Options": [
          "nosniff"
        ],
        "Content-Length": [
          "534"
        ],
        "Content-Type": [
          "application/json; charset=utf-8"
        ],
        "Expires": [
          "-1"
        ]
      },
      "ResponseBody": "{\r\n  \"id\": \"/subscriptions/3c729b2a-4f86-4bb2-abe8-4b8647af156c/resourceGroups/azsmnet6632/providers/Microsoft.Search/searchServices/azs-7164\",\r\n  \"name\": \"azs-7164\",\r\n  \"type\": \"Microsoft.Search/searchServices\",\r\n  \"location\": \"East US\",\r\n  \"properties\": {\r\n    \"replicaCount\": 1,\r\n    \"partitionCount\": 1,\r\n    \"status\": \"provisioning\",\r\n    \"statusDetails\": \"\",\r\n    \"provisioningState\": \"provisioning\",\r\n    \"hostingMode\": \"Default\"\r\n  },\r\n  \"sku\": {\r\n    \"name\": \"basic\"\r\n  },\r\n  \"identity\": {\r\n    \"type\": \"SystemAssigned\",\r\n    \"principalId\": \"053137a9-f95a-41a4-a220-b6141119261d\",\r\n    \"tenantId\": \"f686d426-8d16-42db-81b7-ab578e110ccd\"\r\n  }\r\n}",
      "StatusCode": 200
    },
    {
      "RequestUri": "/subscriptions/3c729b2a-4f86-4bb2-abe8-4b8647af156c/resourceGroups/azsmnet6632/providers/Microsoft.Search/searchServices/azs-7164?api-version=2015-08-19",
      "EncodedRequestUri": "L3N1YnNjcmlwdGlvbnMvM2M3MjliMmEtNGY4Ni00YmIyLWFiZTgtNGI4NjQ3YWYxNTZjL3Jlc291cmNlR3JvdXBzL2F6c21uZXQ2NjMyL3Byb3ZpZGVycy9NaWNyb3NvZnQuU2VhcmNoL3NlYXJjaFNlcnZpY2VzL2F6cy03MTY0P2FwaS12ZXJzaW9uPTIwMTUtMDgtMTk=",
      "RequestMethod": "GET",
      "RequestBody": "",
      "RequestHeaders": {
        "User-Agent": [
          "FxVersion/4.6.26614.01",
          "OSName/Windows",
          "OSVersion/Microsoft.Windows.10.0.17763.",
          "Microsoft.Azure.Management.Search.SearchManagementClient/3.0.0.0"
        ]
      },
      "ResponseHeaders": {
        "Cache-Control": [
          "no-cache"
        ],
        "Date": [
          "Fri, 19 Apr 2019 01:17:07 GMT"
        ],
        "Pragma": [
          "no-cache"
        ],
        "ETag": [
          "W/\"datetime'2019-04-19T01%3A09%3A30.7755448Z'\""
        ],
        "Vary": [
          "Accept-Encoding"
        ],
        "x-ms-request-id": [
          "63a7453c-dbbf-4b2d-87be-f53cc1055e71"
        ],
        "request-id": [
          "63a7453c-dbbf-4b2d-87be-f53cc1055e71"
        ],
        "elapsed-time": [
          "74"
        ],
        "Strict-Transport-Security": [
          "max-age=31536000; includeSubDomains"
        ],
        "x-ms-ratelimit-remaining-subscription-reads": [
          "14983"
        ],
        "x-ms-correlation-request-id": [
          "8da2e439-56ed-4624-bfb5-2f6df45b66e2"
        ],
        "x-ms-routing-request-id": [
          "NORTHEUROPE:20190419T011707Z:8da2e439-56ed-4624-bfb5-2f6df45b66e2"
        ],
        "X-Content-Type-Options": [
          "nosniff"
        ],
        "Content-Length": [
          "534"
        ],
        "Content-Type": [
          "application/json; charset=utf-8"
        ],
        "Expires": [
          "-1"
        ]
      },
      "ResponseBody": "{\r\n  \"id\": \"/subscriptions/3c729b2a-4f86-4bb2-abe8-4b8647af156c/resourceGroups/azsmnet6632/providers/Microsoft.Search/searchServices/azs-7164\",\r\n  \"name\": \"azs-7164\",\r\n  \"type\": \"Microsoft.Search/searchServices\",\r\n  \"location\": \"East US\",\r\n  \"properties\": {\r\n    \"replicaCount\": 1,\r\n    \"partitionCount\": 1,\r\n    \"status\": \"provisioning\",\r\n    \"statusDetails\": \"\",\r\n    \"provisioningState\": \"provisioning\",\r\n    \"hostingMode\": \"Default\"\r\n  },\r\n  \"sku\": {\r\n    \"name\": \"basic\"\r\n  },\r\n  \"identity\": {\r\n    \"type\": \"SystemAssigned\",\r\n    \"principalId\": \"053137a9-f95a-41a4-a220-b6141119261d\",\r\n    \"tenantId\": \"f686d426-8d16-42db-81b7-ab578e110ccd\"\r\n  }\r\n}",
      "StatusCode": 200
    },
    {
      "RequestUri": "/subscriptions/3c729b2a-4f86-4bb2-abe8-4b8647af156c/resourceGroups/azsmnet6632/providers/Microsoft.Search/searchServices/azs-7164?api-version=2015-08-19",
      "EncodedRequestUri": "L3N1YnNjcmlwdGlvbnMvM2M3MjliMmEtNGY4Ni00YmIyLWFiZTgtNGI4NjQ3YWYxNTZjL3Jlc291cmNlR3JvdXBzL2F6c21uZXQ2NjMyL3Byb3ZpZGVycy9NaWNyb3NvZnQuU2VhcmNoL3NlYXJjaFNlcnZpY2VzL2F6cy03MTY0P2FwaS12ZXJzaW9uPTIwMTUtMDgtMTk=",
      "RequestMethod": "GET",
      "RequestBody": "",
      "RequestHeaders": {
        "User-Agent": [
          "FxVersion/4.6.26614.01",
          "OSName/Windows",
          "OSVersion/Microsoft.Windows.10.0.17763.",
          "Microsoft.Azure.Management.Search.SearchManagementClient/3.0.0.0"
        ]
      },
      "ResponseHeaders": {
        "Cache-Control": [
          "no-cache"
        ],
        "Date": [
          "Fri, 19 Apr 2019 01:17:38 GMT"
        ],
        "Pragma": [
          "no-cache"
        ],
        "ETag": [
          "W/\"datetime'2019-04-19T01%3A09%3A30.7755448Z'\""
        ],
        "Vary": [
          "Accept-Encoding"
        ],
        "x-ms-request-id": [
          "6d9a8bde-1992-4c29-a7bf-3d9cfb497a70"
        ],
        "request-id": [
          "6d9a8bde-1992-4c29-a7bf-3d9cfb497a70"
        ],
        "elapsed-time": [
          "119"
        ],
        "Strict-Transport-Security": [
          "max-age=31536000; includeSubDomains"
        ],
        "x-ms-ratelimit-remaining-subscription-reads": [
          "14982"
        ],
        "x-ms-correlation-request-id": [
          "591728ca-4bd9-4e78-83e8-11a42fcf624b"
        ],
        "x-ms-routing-request-id": [
          "NORTHEUROPE:20190419T011738Z:591728ca-4bd9-4e78-83e8-11a42fcf624b"
        ],
        "X-Content-Type-Options": [
          "nosniff"
        ],
        "Content-Length": [
          "534"
        ],
        "Content-Type": [
          "application/json; charset=utf-8"
        ],
        "Expires": [
          "-1"
        ]
      },
      "ResponseBody": "{\r\n  \"id\": \"/subscriptions/3c729b2a-4f86-4bb2-abe8-4b8647af156c/resourceGroups/azsmnet6632/providers/Microsoft.Search/searchServices/azs-7164\",\r\n  \"name\": \"azs-7164\",\r\n  \"type\": \"Microsoft.Search/searchServices\",\r\n  \"location\": \"East US\",\r\n  \"properties\": {\r\n    \"replicaCount\": 1,\r\n    \"partitionCount\": 1,\r\n    \"status\": \"provisioning\",\r\n    \"statusDetails\": \"\",\r\n    \"provisioningState\": \"provisioning\",\r\n    \"hostingMode\": \"Default\"\r\n  },\r\n  \"sku\": {\r\n    \"name\": \"basic\"\r\n  },\r\n  \"identity\": {\r\n    \"type\": \"SystemAssigned\",\r\n    \"principalId\": \"053137a9-f95a-41a4-a220-b6141119261d\",\r\n    \"tenantId\": \"f686d426-8d16-42db-81b7-ab578e110ccd\"\r\n  }\r\n}",
      "StatusCode": 200
    },
    {
      "RequestUri": "/subscriptions/3c729b2a-4f86-4bb2-abe8-4b8647af156c/resourceGroups/azsmnet6632/providers/Microsoft.Search/searchServices/azs-7164?api-version=2015-08-19",
      "EncodedRequestUri": "L3N1YnNjcmlwdGlvbnMvM2M3MjliMmEtNGY4Ni00YmIyLWFiZTgtNGI4NjQ3YWYxNTZjL3Jlc291cmNlR3JvdXBzL2F6c21uZXQ2NjMyL3Byb3ZpZGVycy9NaWNyb3NvZnQuU2VhcmNoL3NlYXJjaFNlcnZpY2VzL2F6cy03MTY0P2FwaS12ZXJzaW9uPTIwMTUtMDgtMTk=",
      "RequestMethod": "GET",
      "RequestBody": "",
      "RequestHeaders": {
        "User-Agent": [
          "FxVersion/4.6.26614.01",
          "OSName/Windows",
          "OSVersion/Microsoft.Windows.10.0.17763.",
          "Microsoft.Azure.Management.Search.SearchManagementClient/3.0.0.0"
        ]
      },
      "ResponseHeaders": {
        "Cache-Control": [
          "no-cache"
        ],
        "Date": [
          "Fri, 19 Apr 2019 01:18:08 GMT"
        ],
        "Pragma": [
          "no-cache"
        ],
        "ETag": [
          "W/\"datetime'2019-04-19T01%3A09%3A30.7755448Z'\""
        ],
        "Vary": [
          "Accept-Encoding"
        ],
        "x-ms-request-id": [
          "b7f33980-8a2e-47ab-be5d-f00fa9c7f951"
        ],
        "request-id": [
          "b7f33980-8a2e-47ab-be5d-f00fa9c7f951"
        ],
        "elapsed-time": [
          "67"
        ],
        "Strict-Transport-Security": [
          "max-age=31536000; includeSubDomains"
        ],
        "x-ms-ratelimit-remaining-subscription-reads": [
          "14981"
        ],
        "x-ms-correlation-request-id": [
          "ffde3c53-3b81-4cce-a79f-babaab3f86ef"
        ],
        "x-ms-routing-request-id": [
          "NORTHEUROPE:20190419T011809Z:ffde3c53-3b81-4cce-a79f-babaab3f86ef"
        ],
        "X-Content-Type-Options": [
          "nosniff"
        ],
        "Content-Length": [
          "534"
        ],
        "Content-Type": [
          "application/json; charset=utf-8"
        ],
        "Expires": [
          "-1"
        ]
      },
      "ResponseBody": "{\r\n  \"id\": \"/subscriptions/3c729b2a-4f86-4bb2-abe8-4b8647af156c/resourceGroups/azsmnet6632/providers/Microsoft.Search/searchServices/azs-7164\",\r\n  \"name\": \"azs-7164\",\r\n  \"type\": \"Microsoft.Search/searchServices\",\r\n  \"location\": \"East US\",\r\n  \"properties\": {\r\n    \"replicaCount\": 1,\r\n    \"partitionCount\": 1,\r\n    \"status\": \"provisioning\",\r\n    \"statusDetails\": \"\",\r\n    \"provisioningState\": \"provisioning\",\r\n    \"hostingMode\": \"Default\"\r\n  },\r\n  \"sku\": {\r\n    \"name\": \"basic\"\r\n  },\r\n  \"identity\": {\r\n    \"type\": \"SystemAssigned\",\r\n    \"principalId\": \"053137a9-f95a-41a4-a220-b6141119261d\",\r\n    \"tenantId\": \"f686d426-8d16-42db-81b7-ab578e110ccd\"\r\n  }\r\n}",
      "StatusCode": 200
    },
    {
      "RequestUri": "/subscriptions/3c729b2a-4f86-4bb2-abe8-4b8647af156c/resourceGroups/azsmnet6632/providers/Microsoft.Search/searchServices/azs-7164?api-version=2015-08-19",
      "EncodedRequestUri": "L3N1YnNjcmlwdGlvbnMvM2M3MjliMmEtNGY4Ni00YmIyLWFiZTgtNGI4NjQ3YWYxNTZjL3Jlc291cmNlR3JvdXBzL2F6c21uZXQ2NjMyL3Byb3ZpZGVycy9NaWNyb3NvZnQuU2VhcmNoL3NlYXJjaFNlcnZpY2VzL2F6cy03MTY0P2FwaS12ZXJzaW9uPTIwMTUtMDgtMTk=",
      "RequestMethod": "GET",
      "RequestBody": "",
      "RequestHeaders": {
        "User-Agent": [
          "FxVersion/4.6.26614.01",
          "OSName/Windows",
          "OSVersion/Microsoft.Windows.10.0.17763.",
          "Microsoft.Azure.Management.Search.SearchManagementClient/3.0.0.0"
        ]
      },
      "ResponseHeaders": {
        "Cache-Control": [
          "no-cache"
        ],
        "Date": [
          "Fri, 19 Apr 2019 01:18:39 GMT"
        ],
        "Pragma": [
          "no-cache"
        ],
        "ETag": [
          "W/\"datetime'2019-04-19T01%3A09%3A30.7755448Z'\""
        ],
        "Vary": [
          "Accept-Encoding"
        ],
        "x-ms-request-id": [
          "44206513-9a5f-4cad-b388-4f6c10eb03a8"
        ],
        "request-id": [
          "44206513-9a5f-4cad-b388-4f6c10eb03a8"
        ],
        "elapsed-time": [
          "61"
        ],
        "Strict-Transport-Security": [
          "max-age=31536000; includeSubDomains"
        ],
        "x-ms-ratelimit-remaining-subscription-reads": [
          "14980"
        ],
        "x-ms-correlation-request-id": [
          "e0bedc90-886d-4e56-8582-da37608e02c6"
        ],
        "x-ms-routing-request-id": [
          "NORTHEUROPE:20190419T011839Z:e0bedc90-886d-4e56-8582-da37608e02c6"
        ],
        "X-Content-Type-Options": [
          "nosniff"
        ],
        "Content-Length": [
          "534"
        ],
        "Content-Type": [
          "application/json; charset=utf-8"
        ],
        "Expires": [
          "-1"
        ]
      },
      "ResponseBody": "{\r\n  \"id\": \"/subscriptions/3c729b2a-4f86-4bb2-abe8-4b8647af156c/resourceGroups/azsmnet6632/providers/Microsoft.Search/searchServices/azs-7164\",\r\n  \"name\": \"azs-7164\",\r\n  \"type\": \"Microsoft.Search/searchServices\",\r\n  \"location\": \"East US\",\r\n  \"properties\": {\r\n    \"replicaCount\": 1,\r\n    \"partitionCount\": 1,\r\n    \"status\": \"provisioning\",\r\n    \"statusDetails\": \"\",\r\n    \"provisioningState\": \"provisioning\",\r\n    \"hostingMode\": \"Default\"\r\n  },\r\n  \"sku\": {\r\n    \"name\": \"basic\"\r\n  },\r\n  \"identity\": {\r\n    \"type\": \"SystemAssigned\",\r\n    \"principalId\": \"053137a9-f95a-41a4-a220-b6141119261d\",\r\n    \"tenantId\": \"f686d426-8d16-42db-81b7-ab578e110ccd\"\r\n  }\r\n}",
      "StatusCode": 200
    },
    {
      "RequestUri": "/subscriptions/3c729b2a-4f86-4bb2-abe8-4b8647af156c/resourceGroups/azsmnet6632/providers/Microsoft.Search/searchServices/azs-7164?api-version=2015-08-19",
      "EncodedRequestUri": "L3N1YnNjcmlwdGlvbnMvM2M3MjliMmEtNGY4Ni00YmIyLWFiZTgtNGI4NjQ3YWYxNTZjL3Jlc291cmNlR3JvdXBzL2F6c21uZXQ2NjMyL3Byb3ZpZGVycy9NaWNyb3NvZnQuU2VhcmNoL3NlYXJjaFNlcnZpY2VzL2F6cy03MTY0P2FwaS12ZXJzaW9uPTIwMTUtMDgtMTk=",
      "RequestMethod": "GET",
      "RequestBody": "",
      "RequestHeaders": {
        "User-Agent": [
          "FxVersion/4.6.26614.01",
          "OSName/Windows",
          "OSVersion/Microsoft.Windows.10.0.17763.",
          "Microsoft.Azure.Management.Search.SearchManagementClient/3.0.0.0"
        ]
      },
      "ResponseHeaders": {
        "Cache-Control": [
          "no-cache"
        ],
        "Date": [
          "Fri, 19 Apr 2019 01:19:08 GMT"
        ],
        "Pragma": [
          "no-cache"
        ],
        "ETag": [
          "W/\"datetime'2019-04-19T01%3A09%3A30.7755448Z'\""
        ],
        "Vary": [
          "Accept-Encoding"
        ],
        "x-ms-request-id": [
          "de845a4d-50c5-4767-87b5-2e9b92a9b0a8"
        ],
        "request-id": [
          "de845a4d-50c5-4767-87b5-2e9b92a9b0a8"
        ],
        "elapsed-time": [
          "60"
        ],
        "Strict-Transport-Security": [
          "max-age=31536000; includeSubDomains"
        ],
        "x-ms-ratelimit-remaining-subscription-reads": [
          "14979"
        ],
        "x-ms-correlation-request-id": [
          "dc0b6c00-e8cb-420a-9b7c-be0aabb188c9"
        ],
        "x-ms-routing-request-id": [
          "NORTHEUROPE:20190419T011909Z:dc0b6c00-e8cb-420a-9b7c-be0aabb188c9"
        ],
        "X-Content-Type-Options": [
          "nosniff"
        ],
        "Content-Length": [
          "534"
        ],
        "Content-Type": [
          "application/json; charset=utf-8"
        ],
        "Expires": [
          "-1"
        ]
      },
      "ResponseBody": "{\r\n  \"id\": \"/subscriptions/3c729b2a-4f86-4bb2-abe8-4b8647af156c/resourceGroups/azsmnet6632/providers/Microsoft.Search/searchServices/azs-7164\",\r\n  \"name\": \"azs-7164\",\r\n  \"type\": \"Microsoft.Search/searchServices\",\r\n  \"location\": \"East US\",\r\n  \"properties\": {\r\n    \"replicaCount\": 1,\r\n    \"partitionCount\": 1,\r\n    \"status\": \"provisioning\",\r\n    \"statusDetails\": \"\",\r\n    \"provisioningState\": \"provisioning\",\r\n    \"hostingMode\": \"Default\"\r\n  },\r\n  \"sku\": {\r\n    \"name\": \"basic\"\r\n  },\r\n  \"identity\": {\r\n    \"type\": \"SystemAssigned\",\r\n    \"principalId\": \"053137a9-f95a-41a4-a220-b6141119261d\",\r\n    \"tenantId\": \"f686d426-8d16-42db-81b7-ab578e110ccd\"\r\n  }\r\n}",
      "StatusCode": 200
    },
    {
      "RequestUri": "/subscriptions/3c729b2a-4f86-4bb2-abe8-4b8647af156c/resourceGroups/azsmnet6632/providers/Microsoft.Search/searchServices/azs-7164?api-version=2015-08-19",
      "EncodedRequestUri": "L3N1YnNjcmlwdGlvbnMvM2M3MjliMmEtNGY4Ni00YmIyLWFiZTgtNGI4NjQ3YWYxNTZjL3Jlc291cmNlR3JvdXBzL2F6c21uZXQ2NjMyL3Byb3ZpZGVycy9NaWNyb3NvZnQuU2VhcmNoL3NlYXJjaFNlcnZpY2VzL2F6cy03MTY0P2FwaS12ZXJzaW9uPTIwMTUtMDgtMTk=",
      "RequestMethod": "GET",
      "RequestBody": "",
      "RequestHeaders": {
        "User-Agent": [
          "FxVersion/4.6.26614.01",
          "OSName/Windows",
          "OSVersion/Microsoft.Windows.10.0.17763.",
          "Microsoft.Azure.Management.Search.SearchManagementClient/3.0.0.0"
        ]
      },
      "ResponseHeaders": {
        "Cache-Control": [
          "no-cache"
        ],
        "Date": [
          "Fri, 19 Apr 2019 01:19:40 GMT"
        ],
        "Pragma": [
          "no-cache"
        ],
        "ETag": [
          "W/\"datetime'2019-04-19T01%3A09%3A30.7755448Z'\""
        ],
        "Vary": [
          "Accept-Encoding"
        ],
        "x-ms-request-id": [
          "48058535-796d-4080-8a54-08c764b73c8b"
        ],
        "request-id": [
          "48058535-796d-4080-8a54-08c764b73c8b"
        ],
        "elapsed-time": [
          "238"
        ],
        "Strict-Transport-Security": [
          "max-age=31536000; includeSubDomains"
        ],
        "x-ms-ratelimit-remaining-subscription-reads": [
          "14978"
        ],
        "x-ms-correlation-request-id": [
          "5cd2b1c8-d354-40d2-a2b8-2b90c8dbf7f0"
        ],
        "x-ms-routing-request-id": [
          "NORTHEUROPE:20190419T011940Z:5cd2b1c8-d354-40d2-a2b8-2b90c8dbf7f0"
        ],
        "X-Content-Type-Options": [
          "nosniff"
        ],
        "Content-Length": [
          "534"
        ],
        "Content-Type": [
          "application/json; charset=utf-8"
        ],
        "Expires": [
          "-1"
        ]
      },
      "ResponseBody": "{\r\n  \"id\": \"/subscriptions/3c729b2a-4f86-4bb2-abe8-4b8647af156c/resourceGroups/azsmnet6632/providers/Microsoft.Search/searchServices/azs-7164\",\r\n  \"name\": \"azs-7164\",\r\n  \"type\": \"Microsoft.Search/searchServices\",\r\n  \"location\": \"East US\",\r\n  \"properties\": {\r\n    \"replicaCount\": 1,\r\n    \"partitionCount\": 1,\r\n    \"status\": \"provisioning\",\r\n    \"statusDetails\": \"\",\r\n    \"provisioningState\": \"provisioning\",\r\n    \"hostingMode\": \"Default\"\r\n  },\r\n  \"sku\": {\r\n    \"name\": \"basic\"\r\n  },\r\n  \"identity\": {\r\n    \"type\": \"SystemAssigned\",\r\n    \"principalId\": \"053137a9-f95a-41a4-a220-b6141119261d\",\r\n    \"tenantId\": \"f686d426-8d16-42db-81b7-ab578e110ccd\"\r\n  }\r\n}",
      "StatusCode": 200
    },
    {
      "RequestUri": "/subscriptions/3c729b2a-4f86-4bb2-abe8-4b8647af156c/resourceGroups/azsmnet6632/providers/Microsoft.Search/searchServices/azs-7164?api-version=2015-08-19",
      "EncodedRequestUri": "L3N1YnNjcmlwdGlvbnMvM2M3MjliMmEtNGY4Ni00YmIyLWFiZTgtNGI4NjQ3YWYxNTZjL3Jlc291cmNlR3JvdXBzL2F6c21uZXQ2NjMyL3Byb3ZpZGVycy9NaWNyb3NvZnQuU2VhcmNoL3NlYXJjaFNlcnZpY2VzL2F6cy03MTY0P2FwaS12ZXJzaW9uPTIwMTUtMDgtMTk=",
      "RequestMethod": "GET",
      "RequestBody": "",
      "RequestHeaders": {
        "User-Agent": [
          "FxVersion/4.6.26614.01",
          "OSName/Windows",
          "OSVersion/Microsoft.Windows.10.0.17763.",
          "Microsoft.Azure.Management.Search.SearchManagementClient/3.0.0.0"
        ]
      },
      "ResponseHeaders": {
        "Cache-Control": [
          "no-cache"
        ],
        "Date": [
          "Fri, 19 Apr 2019 01:20:10 GMT"
        ],
        "Pragma": [
          "no-cache"
        ],
        "ETag": [
          "W/\"datetime'2019-04-19T01%3A09%3A30.7755448Z'\""
        ],
        "Vary": [
          "Accept-Encoding"
        ],
        "x-ms-request-id": [
          "a0c67448-0a65-4bd6-a620-7163226bcbc3"
        ],
        "request-id": [
          "a0c67448-0a65-4bd6-a620-7163226bcbc3"
        ],
        "elapsed-time": [
          "57"
        ],
        "Strict-Transport-Security": [
          "max-age=31536000; includeSubDomains"
        ],
        "x-ms-ratelimit-remaining-subscription-reads": [
          "14977"
        ],
        "x-ms-correlation-request-id": [
          "0ff70a2d-b122-4fa8-812f-affdf9d51bae"
        ],
        "x-ms-routing-request-id": [
          "NORTHEUROPE:20190419T012010Z:0ff70a2d-b122-4fa8-812f-affdf9d51bae"
        ],
        "X-Content-Type-Options": [
          "nosniff"
        ],
        "Content-Length": [
          "534"
        ],
        "Content-Type": [
          "application/json; charset=utf-8"
        ],
        "Expires": [
          "-1"
        ]
      },
      "ResponseBody": "{\r\n  \"id\": \"/subscriptions/3c729b2a-4f86-4bb2-abe8-4b8647af156c/resourceGroups/azsmnet6632/providers/Microsoft.Search/searchServices/azs-7164\",\r\n  \"name\": \"azs-7164\",\r\n  \"type\": \"Microsoft.Search/searchServices\",\r\n  \"location\": \"East US\",\r\n  \"properties\": {\r\n    \"replicaCount\": 1,\r\n    \"partitionCount\": 1,\r\n    \"status\": \"provisioning\",\r\n    \"statusDetails\": \"\",\r\n    \"provisioningState\": \"provisioning\",\r\n    \"hostingMode\": \"Default\"\r\n  },\r\n  \"sku\": {\r\n    \"name\": \"basic\"\r\n  },\r\n  \"identity\": {\r\n    \"type\": \"SystemAssigned\",\r\n    \"principalId\": \"053137a9-f95a-41a4-a220-b6141119261d\",\r\n    \"tenantId\": \"f686d426-8d16-42db-81b7-ab578e110ccd\"\r\n  }\r\n}",
      "StatusCode": 200
    },
    {
      "RequestUri": "/subscriptions/3c729b2a-4f86-4bb2-abe8-4b8647af156c/resourceGroups/azsmnet6632/providers/Microsoft.Search/searchServices/azs-7164?api-version=2015-08-19",
      "EncodedRequestUri": "L3N1YnNjcmlwdGlvbnMvM2M3MjliMmEtNGY4Ni00YmIyLWFiZTgtNGI4NjQ3YWYxNTZjL3Jlc291cmNlR3JvdXBzL2F6c21uZXQ2NjMyL3Byb3ZpZGVycy9NaWNyb3NvZnQuU2VhcmNoL3NlYXJjaFNlcnZpY2VzL2F6cy03MTY0P2FwaS12ZXJzaW9uPTIwMTUtMDgtMTk=",
      "RequestMethod": "GET",
      "RequestBody": "",
      "RequestHeaders": {
        "User-Agent": [
          "FxVersion/4.6.26614.01",
          "OSName/Windows",
          "OSVersion/Microsoft.Windows.10.0.17763.",
          "Microsoft.Azure.Management.Search.SearchManagementClient/3.0.0.0"
        ]
      },
      "ResponseHeaders": {
        "Cache-Control": [
          "no-cache"
        ],
        "Date": [
          "Fri, 19 Apr 2019 01:20:40 GMT"
        ],
        "Pragma": [
          "no-cache"
        ],
        "ETag": [
          "W/\"datetime'2019-04-19T01%3A09%3A30.7755448Z'\""
        ],
        "Vary": [
          "Accept-Encoding"
        ],
        "x-ms-request-id": [
          "07401ffa-ef04-4a78-bacb-3d10ec0c6ac2"
        ],
        "request-id": [
          "07401ffa-ef04-4a78-bacb-3d10ec0c6ac2"
        ],
        "elapsed-time": [
          "73"
        ],
        "Strict-Transport-Security": [
          "max-age=31536000; includeSubDomains"
        ],
        "x-ms-ratelimit-remaining-subscription-reads": [
          "14976"
        ],
        "x-ms-correlation-request-id": [
          "577a4bec-841b-4914-b7d9-a5739b51e39e"
        ],
        "x-ms-routing-request-id": [
          "NORTHEUROPE:20190419T012041Z:577a4bec-841b-4914-b7d9-a5739b51e39e"
        ],
        "X-Content-Type-Options": [
          "nosniff"
        ],
        "Content-Length": [
          "534"
        ],
        "Content-Type": [
          "application/json; charset=utf-8"
        ],
        "Expires": [
          "-1"
        ]
      },
      "ResponseBody": "{\r\n  \"id\": \"/subscriptions/3c729b2a-4f86-4bb2-abe8-4b8647af156c/resourceGroups/azsmnet6632/providers/Microsoft.Search/searchServices/azs-7164\",\r\n  \"name\": \"azs-7164\",\r\n  \"type\": \"Microsoft.Search/searchServices\",\r\n  \"location\": \"East US\",\r\n  \"properties\": {\r\n    \"replicaCount\": 1,\r\n    \"partitionCount\": 1,\r\n    \"status\": \"provisioning\",\r\n    \"statusDetails\": \"\",\r\n    \"provisioningState\": \"provisioning\",\r\n    \"hostingMode\": \"Default\"\r\n  },\r\n  \"sku\": {\r\n    \"name\": \"basic\"\r\n  },\r\n  \"identity\": {\r\n    \"type\": \"SystemAssigned\",\r\n    \"principalId\": \"053137a9-f95a-41a4-a220-b6141119261d\",\r\n    \"tenantId\": \"f686d426-8d16-42db-81b7-ab578e110ccd\"\r\n  }\r\n}",
      "StatusCode": 200
    },
    {
      "RequestUri": "/subscriptions/3c729b2a-4f86-4bb2-abe8-4b8647af156c/resourceGroups/azsmnet6632/providers/Microsoft.Search/searchServices/azs-7164?api-version=2015-08-19",
      "EncodedRequestUri": "L3N1YnNjcmlwdGlvbnMvM2M3MjliMmEtNGY4Ni00YmIyLWFiZTgtNGI4NjQ3YWYxNTZjL3Jlc291cmNlR3JvdXBzL2F6c21uZXQ2NjMyL3Byb3ZpZGVycy9NaWNyb3NvZnQuU2VhcmNoL3NlYXJjaFNlcnZpY2VzL2F6cy03MTY0P2FwaS12ZXJzaW9uPTIwMTUtMDgtMTk=",
      "RequestMethod": "GET",
      "RequestBody": "",
      "RequestHeaders": {
        "User-Agent": [
          "FxVersion/4.6.26614.01",
          "OSName/Windows",
          "OSVersion/Microsoft.Windows.10.0.17763.",
          "Microsoft.Azure.Management.Search.SearchManagementClient/3.0.0.0"
        ]
      },
      "ResponseHeaders": {
        "Cache-Control": [
          "no-cache"
        ],
        "Date": [
          "Fri, 19 Apr 2019 01:21:11 GMT"
        ],
        "Pragma": [
          "no-cache"
        ],
        "ETag": [
          "W/\"datetime'2019-04-19T01%3A09%3A30.7755448Z'\""
        ],
        "Vary": [
          "Accept-Encoding"
        ],
        "x-ms-request-id": [
          "a83b82ab-8213-4f85-a5f0-f9f115f381ec"
        ],
        "request-id": [
          "a83b82ab-8213-4f85-a5f0-f9f115f381ec"
        ],
        "elapsed-time": [
          "75"
        ],
        "Strict-Transport-Security": [
          "max-age=31536000; includeSubDomains"
        ],
        "x-ms-ratelimit-remaining-subscription-reads": [
          "14975"
        ],
        "x-ms-correlation-request-id": [
          "8a250bb5-8acc-46ab-9cb3-56c11e51a9bd"
        ],
        "x-ms-routing-request-id": [
          "NORTHEUROPE:20190419T012111Z:8a250bb5-8acc-46ab-9cb3-56c11e51a9bd"
        ],
        "X-Content-Type-Options": [
          "nosniff"
        ],
        "Content-Length": [
          "534"
        ],
        "Content-Type": [
          "application/json; charset=utf-8"
        ],
        "Expires": [
          "-1"
        ]
      },
      "ResponseBody": "{\r\n  \"id\": \"/subscriptions/3c729b2a-4f86-4bb2-abe8-4b8647af156c/resourceGroups/azsmnet6632/providers/Microsoft.Search/searchServices/azs-7164\",\r\n  \"name\": \"azs-7164\",\r\n  \"type\": \"Microsoft.Search/searchServices\",\r\n  \"location\": \"East US\",\r\n  \"properties\": {\r\n    \"replicaCount\": 1,\r\n    \"partitionCount\": 1,\r\n    \"status\": \"provisioning\",\r\n    \"statusDetails\": \"\",\r\n    \"provisioningState\": \"provisioning\",\r\n    \"hostingMode\": \"Default\"\r\n  },\r\n  \"sku\": {\r\n    \"name\": \"basic\"\r\n  },\r\n  \"identity\": {\r\n    \"type\": \"SystemAssigned\",\r\n    \"principalId\": \"053137a9-f95a-41a4-a220-b6141119261d\",\r\n    \"tenantId\": \"f686d426-8d16-42db-81b7-ab578e110ccd\"\r\n  }\r\n}",
      "StatusCode": 200
    },
    {
      "RequestUri": "/subscriptions/3c729b2a-4f86-4bb2-abe8-4b8647af156c/resourceGroups/azsmnet6632/providers/Microsoft.Search/searchServices/azs-7164?api-version=2015-08-19",
      "EncodedRequestUri": "L3N1YnNjcmlwdGlvbnMvM2M3MjliMmEtNGY4Ni00YmIyLWFiZTgtNGI4NjQ3YWYxNTZjL3Jlc291cmNlR3JvdXBzL2F6c21uZXQ2NjMyL3Byb3ZpZGVycy9NaWNyb3NvZnQuU2VhcmNoL3NlYXJjaFNlcnZpY2VzL2F6cy03MTY0P2FwaS12ZXJzaW9uPTIwMTUtMDgtMTk=",
      "RequestMethod": "GET",
      "RequestBody": "",
      "RequestHeaders": {
        "User-Agent": [
          "FxVersion/4.6.26614.01",
          "OSName/Windows",
          "OSVersion/Microsoft.Windows.10.0.17763.",
          "Microsoft.Azure.Management.Search.SearchManagementClient/3.0.0.0"
        ]
      },
      "ResponseHeaders": {
        "Cache-Control": [
          "no-cache"
        ],
        "Date": [
          "Fri, 19 Apr 2019 01:21:42 GMT"
        ],
        "Pragma": [
          "no-cache"
        ],
        "ETag": [
          "W/\"datetime'2019-04-19T01%3A09%3A30.7755448Z'\""
        ],
        "Vary": [
          "Accept-Encoding"
        ],
        "x-ms-request-id": [
          "07c73f78-c274-4571-8385-104547448bea"
        ],
        "request-id": [
          "07c73f78-c274-4571-8385-104547448bea"
        ],
        "elapsed-time": [
          "129"
        ],
        "Strict-Transport-Security": [
          "max-age=31536000; includeSubDomains"
        ],
        "x-ms-ratelimit-remaining-subscription-reads": [
          "14974"
        ],
        "x-ms-correlation-request-id": [
          "c7dccd27-3569-49fc-aa85-f631787e31a9"
        ],
        "x-ms-routing-request-id": [
          "NORTHEUROPE:20190419T012142Z:c7dccd27-3569-49fc-aa85-f631787e31a9"
        ],
        "X-Content-Type-Options": [
          "nosniff"
        ],
        "Content-Length": [
          "534"
        ],
        "Content-Type": [
          "application/json; charset=utf-8"
        ],
        "Expires": [
          "-1"
        ]
      },
      "ResponseBody": "{\r\n  \"id\": \"/subscriptions/3c729b2a-4f86-4bb2-abe8-4b8647af156c/resourceGroups/azsmnet6632/providers/Microsoft.Search/searchServices/azs-7164\",\r\n  \"name\": \"azs-7164\",\r\n  \"type\": \"Microsoft.Search/searchServices\",\r\n  \"location\": \"East US\",\r\n  \"properties\": {\r\n    \"replicaCount\": 1,\r\n    \"partitionCount\": 1,\r\n    \"status\": \"provisioning\",\r\n    \"statusDetails\": \"\",\r\n    \"provisioningState\": \"provisioning\",\r\n    \"hostingMode\": \"Default\"\r\n  },\r\n  \"sku\": {\r\n    \"name\": \"basic\"\r\n  },\r\n  \"identity\": {\r\n    \"type\": \"SystemAssigned\",\r\n    \"principalId\": \"053137a9-f95a-41a4-a220-b6141119261d\",\r\n    \"tenantId\": \"f686d426-8d16-42db-81b7-ab578e110ccd\"\r\n  }\r\n}",
      "StatusCode": 200
    },
    {
      "RequestUri": "/subscriptions/3c729b2a-4f86-4bb2-abe8-4b8647af156c/resourceGroups/azsmnet6632/providers/Microsoft.Search/searchServices/azs-7164?api-version=2015-08-19",
      "EncodedRequestUri": "L3N1YnNjcmlwdGlvbnMvM2M3MjliMmEtNGY4Ni00YmIyLWFiZTgtNGI4NjQ3YWYxNTZjL3Jlc291cmNlR3JvdXBzL2F6c21uZXQ2NjMyL3Byb3ZpZGVycy9NaWNyb3NvZnQuU2VhcmNoL3NlYXJjaFNlcnZpY2VzL2F6cy03MTY0P2FwaS12ZXJzaW9uPTIwMTUtMDgtMTk=",
      "RequestMethod": "GET",
      "RequestBody": "",
      "RequestHeaders": {
        "User-Agent": [
          "FxVersion/4.6.26614.01",
          "OSName/Windows",
          "OSVersion/Microsoft.Windows.10.0.17763.",
          "Microsoft.Azure.Management.Search.SearchManagementClient/3.0.0.0"
        ]
      },
      "ResponseHeaders": {
        "Cache-Control": [
          "no-cache"
        ],
        "Date": [
          "Fri, 19 Apr 2019 01:22:12 GMT"
        ],
        "Pragma": [
          "no-cache"
        ],
        "ETag": [
          "W/\"datetime'2019-04-19T01%3A09%3A30.7755448Z'\""
        ],
        "Vary": [
          "Accept-Encoding"
        ],
        "x-ms-request-id": [
          "d47a94d4-ac40-4f73-a1a9-bf3903fbf5ac"
        ],
        "request-id": [
          "d47a94d4-ac40-4f73-a1a9-bf3903fbf5ac"
        ],
        "elapsed-time": [
          "99"
        ],
        "Strict-Transport-Security": [
          "max-age=31536000; includeSubDomains"
        ],
        "x-ms-ratelimit-remaining-subscription-reads": [
          "14973"
        ],
        "x-ms-correlation-request-id": [
          "f8a2fca6-dd66-42de-af10-a6c2beaa53d4"
        ],
        "x-ms-routing-request-id": [
          "NORTHEUROPE:20190419T012213Z:f8a2fca6-dd66-42de-af10-a6c2beaa53d4"
        ],
        "X-Content-Type-Options": [
          "nosniff"
        ],
        "Content-Length": [
          "534"
        ],
        "Content-Type": [
          "application/json; charset=utf-8"
        ],
        "Expires": [
          "-1"
        ]
      },
      "ResponseBody": "{\r\n  \"id\": \"/subscriptions/3c729b2a-4f86-4bb2-abe8-4b8647af156c/resourceGroups/azsmnet6632/providers/Microsoft.Search/searchServices/azs-7164\",\r\n  \"name\": \"azs-7164\",\r\n  \"type\": \"Microsoft.Search/searchServices\",\r\n  \"location\": \"East US\",\r\n  \"properties\": {\r\n    \"replicaCount\": 1,\r\n    \"partitionCount\": 1,\r\n    \"status\": \"provisioning\",\r\n    \"statusDetails\": \"\",\r\n    \"provisioningState\": \"provisioning\",\r\n    \"hostingMode\": \"Default\"\r\n  },\r\n  \"sku\": {\r\n    \"name\": \"basic\"\r\n  },\r\n  \"identity\": {\r\n    \"type\": \"SystemAssigned\",\r\n    \"principalId\": \"053137a9-f95a-41a4-a220-b6141119261d\",\r\n    \"tenantId\": \"f686d426-8d16-42db-81b7-ab578e110ccd\"\r\n  }\r\n}",
      "StatusCode": 200
    },
    {
      "RequestUri": "/subscriptions/3c729b2a-4f86-4bb2-abe8-4b8647af156c/resourceGroups/azsmnet6632/providers/Microsoft.Search/searchServices/azs-7164?api-version=2015-08-19",
      "EncodedRequestUri": "L3N1YnNjcmlwdGlvbnMvM2M3MjliMmEtNGY4Ni00YmIyLWFiZTgtNGI4NjQ3YWYxNTZjL3Jlc291cmNlR3JvdXBzL2F6c21uZXQ2NjMyL3Byb3ZpZGVycy9NaWNyb3NvZnQuU2VhcmNoL3NlYXJjaFNlcnZpY2VzL2F6cy03MTY0P2FwaS12ZXJzaW9uPTIwMTUtMDgtMTk=",
      "RequestMethod": "GET",
      "RequestBody": "",
      "RequestHeaders": {
        "User-Agent": [
          "FxVersion/4.6.26614.01",
          "OSName/Windows",
          "OSVersion/Microsoft.Windows.10.0.17763.",
          "Microsoft.Azure.Management.Search.SearchManagementClient/3.0.0.0"
        ]
      },
      "ResponseHeaders": {
        "Cache-Control": [
          "no-cache"
        ],
        "Date": [
          "Fri, 19 Apr 2019 01:22:43 GMT"
        ],
        "Pragma": [
          "no-cache"
        ],
        "ETag": [
          "W/\"datetime'2019-04-19T01%3A09%3A30.7755448Z'\""
        ],
        "Vary": [
          "Accept-Encoding"
        ],
        "x-ms-request-id": [
          "2ccf0e8d-7e96-4a20-8981-927861f09d03"
        ],
        "request-id": [
          "2ccf0e8d-7e96-4a20-8981-927861f09d03"
        ],
        "elapsed-time": [
          "82"
        ],
        "Strict-Transport-Security": [
          "max-age=31536000; includeSubDomains"
        ],
        "x-ms-ratelimit-remaining-subscription-reads": [
          "14972"
        ],
        "x-ms-correlation-request-id": [
          "d2d78732-fd68-49f9-9a07-ca2ef1c0028f"
        ],
        "x-ms-routing-request-id": [
          "NORTHEUROPE:20190419T012243Z:d2d78732-fd68-49f9-9a07-ca2ef1c0028f"
        ],
        "X-Content-Type-Options": [
          "nosniff"
        ],
        "Content-Length": [
          "534"
        ],
        "Content-Type": [
          "application/json; charset=utf-8"
        ],
        "Expires": [
          "-1"
        ]
      },
      "ResponseBody": "{\r\n  \"id\": \"/subscriptions/3c729b2a-4f86-4bb2-abe8-4b8647af156c/resourceGroups/azsmnet6632/providers/Microsoft.Search/searchServices/azs-7164\",\r\n  \"name\": \"azs-7164\",\r\n  \"type\": \"Microsoft.Search/searchServices\",\r\n  \"location\": \"East US\",\r\n  \"properties\": {\r\n    \"replicaCount\": 1,\r\n    \"partitionCount\": 1,\r\n    \"status\": \"provisioning\",\r\n    \"statusDetails\": \"\",\r\n    \"provisioningState\": \"provisioning\",\r\n    \"hostingMode\": \"Default\"\r\n  },\r\n  \"sku\": {\r\n    \"name\": \"basic\"\r\n  },\r\n  \"identity\": {\r\n    \"type\": \"SystemAssigned\",\r\n    \"principalId\": \"053137a9-f95a-41a4-a220-b6141119261d\",\r\n    \"tenantId\": \"f686d426-8d16-42db-81b7-ab578e110ccd\"\r\n  }\r\n}",
      "StatusCode": 200
    },
    {
      "RequestUri": "/subscriptions/3c729b2a-4f86-4bb2-abe8-4b8647af156c/resourceGroups/azsmnet6632/providers/Microsoft.Search/searchServices/azs-7164?api-version=2015-08-19",
      "EncodedRequestUri": "L3N1YnNjcmlwdGlvbnMvM2M3MjliMmEtNGY4Ni00YmIyLWFiZTgtNGI4NjQ3YWYxNTZjL3Jlc291cmNlR3JvdXBzL2F6c21uZXQ2NjMyL3Byb3ZpZGVycy9NaWNyb3NvZnQuU2VhcmNoL3NlYXJjaFNlcnZpY2VzL2F6cy03MTY0P2FwaS12ZXJzaW9uPTIwMTUtMDgtMTk=",
      "RequestMethod": "GET",
      "RequestBody": "",
      "RequestHeaders": {
        "User-Agent": [
          "FxVersion/4.6.26614.01",
          "OSName/Windows",
          "OSVersion/Microsoft.Windows.10.0.17763.",
          "Microsoft.Azure.Management.Search.SearchManagementClient/3.0.0.0"
        ]
      },
      "ResponseHeaders": {
        "Cache-Control": [
          "no-cache"
        ],
        "Date": [
          "Fri, 19 Apr 2019 01:23:13 GMT"
        ],
        "Pragma": [
          "no-cache"
        ],
        "ETag": [
          "W/\"datetime'2019-04-19T01%3A09%3A30.7755448Z'\""
        ],
        "Vary": [
          "Accept-Encoding"
        ],
        "x-ms-request-id": [
          "1c824176-4392-4358-91ca-58855b316c2d"
        ],
        "request-id": [
          "1c824176-4392-4358-91ca-58855b316c2d"
        ],
        "elapsed-time": [
          "91"
        ],
        "Strict-Transport-Security": [
          "max-age=31536000; includeSubDomains"
        ],
        "x-ms-ratelimit-remaining-subscription-reads": [
          "14971"
        ],
        "x-ms-correlation-request-id": [
          "4702a715-d381-47ed-8f12-a03209079bf9"
        ],
        "x-ms-routing-request-id": [
          "NORTHEUROPE:20190419T012313Z:4702a715-d381-47ed-8f12-a03209079bf9"
        ],
        "X-Content-Type-Options": [
          "nosniff"
        ],
        "Content-Length": [
          "534"
        ],
        "Content-Type": [
          "application/json; charset=utf-8"
        ],
        "Expires": [
          "-1"
        ]
      },
      "ResponseBody": "{\r\n  \"id\": \"/subscriptions/3c729b2a-4f86-4bb2-abe8-4b8647af156c/resourceGroups/azsmnet6632/providers/Microsoft.Search/searchServices/azs-7164\",\r\n  \"name\": \"azs-7164\",\r\n  \"type\": \"Microsoft.Search/searchServices\",\r\n  \"location\": \"East US\",\r\n  \"properties\": {\r\n    \"replicaCount\": 1,\r\n    \"partitionCount\": 1,\r\n    \"status\": \"provisioning\",\r\n    \"statusDetails\": \"\",\r\n    \"provisioningState\": \"provisioning\",\r\n    \"hostingMode\": \"Default\"\r\n  },\r\n  \"sku\": {\r\n    \"name\": \"basic\"\r\n  },\r\n  \"identity\": {\r\n    \"type\": \"SystemAssigned\",\r\n    \"principalId\": \"053137a9-f95a-41a4-a220-b6141119261d\",\r\n    \"tenantId\": \"f686d426-8d16-42db-81b7-ab578e110ccd\"\r\n  }\r\n}",
      "StatusCode": 200
    },
    {
      "RequestUri": "/subscriptions/3c729b2a-4f86-4bb2-abe8-4b8647af156c/resourceGroups/azsmnet6632/providers/Microsoft.Search/searchServices/azs-7164?api-version=2015-08-19",
      "EncodedRequestUri": "L3N1YnNjcmlwdGlvbnMvM2M3MjliMmEtNGY4Ni00YmIyLWFiZTgtNGI4NjQ3YWYxNTZjL3Jlc291cmNlR3JvdXBzL2F6c21uZXQ2NjMyL3Byb3ZpZGVycy9NaWNyb3NvZnQuU2VhcmNoL3NlYXJjaFNlcnZpY2VzL2F6cy03MTY0P2FwaS12ZXJzaW9uPTIwMTUtMDgtMTk=",
      "RequestMethod": "GET",
      "RequestBody": "",
      "RequestHeaders": {
        "User-Agent": [
          "FxVersion/4.6.26614.01",
          "OSName/Windows",
          "OSVersion/Microsoft.Windows.10.0.17763.",
          "Microsoft.Azure.Management.Search.SearchManagementClient/3.0.0.0"
        ]
      },
      "ResponseHeaders": {
        "Cache-Control": [
          "no-cache"
        ],
        "Date": [
          "Fri, 19 Apr 2019 01:23:45 GMT"
        ],
        "Pragma": [
          "no-cache"
        ],
        "ETag": [
          "W/\"datetime'2019-04-19T01%3A09%3A30.7755448Z'\""
        ],
        "Vary": [
          "Accept-Encoding"
        ],
        "x-ms-request-id": [
          "c60ef2f9-a5d3-4fe2-b838-b3878610c084"
        ],
        "request-id": [
          "c60ef2f9-a5d3-4fe2-b838-b3878610c084"
        ],
        "elapsed-time": [
          "110"
        ],
        "Strict-Transport-Security": [
          "max-age=31536000; includeSubDomains"
        ],
        "x-ms-ratelimit-remaining-subscription-reads": [
          "14970"
        ],
        "x-ms-correlation-request-id": [
          "35b92d58-fee4-4d70-b50f-622da49eed97"
        ],
        "x-ms-routing-request-id": [
          "NORTHEUROPE:20190419T012346Z:35b92d58-fee4-4d70-b50f-622da49eed97"
        ],
        "X-Content-Type-Options": [
          "nosniff"
        ],
        "Content-Length": [
          "534"
        ],
        "Content-Type": [
          "application/json; charset=utf-8"
        ],
        "Expires": [
          "-1"
        ]
      },
      "ResponseBody": "{\r\n  \"id\": \"/subscriptions/3c729b2a-4f86-4bb2-abe8-4b8647af156c/resourceGroups/azsmnet6632/providers/Microsoft.Search/searchServices/azs-7164\",\r\n  \"name\": \"azs-7164\",\r\n  \"type\": \"Microsoft.Search/searchServices\",\r\n  \"location\": \"East US\",\r\n  \"properties\": {\r\n    \"replicaCount\": 1,\r\n    \"partitionCount\": 1,\r\n    \"status\": \"provisioning\",\r\n    \"statusDetails\": \"\",\r\n    \"provisioningState\": \"provisioning\",\r\n    \"hostingMode\": \"Default\"\r\n  },\r\n  \"sku\": {\r\n    \"name\": \"basic\"\r\n  },\r\n  \"identity\": {\r\n    \"type\": \"SystemAssigned\",\r\n    \"principalId\": \"053137a9-f95a-41a4-a220-b6141119261d\",\r\n    \"tenantId\": \"f686d426-8d16-42db-81b7-ab578e110ccd\"\r\n  }\r\n}",
      "StatusCode": 200
    },
    {
      "RequestUri": "/subscriptions/3c729b2a-4f86-4bb2-abe8-4b8647af156c/resourceGroups/azsmnet6632/providers/Microsoft.Search/searchServices/azs-7164?api-version=2015-08-19",
      "EncodedRequestUri": "L3N1YnNjcmlwdGlvbnMvM2M3MjliMmEtNGY4Ni00YmIyLWFiZTgtNGI4NjQ3YWYxNTZjL3Jlc291cmNlR3JvdXBzL2F6c21uZXQ2NjMyL3Byb3ZpZGVycy9NaWNyb3NvZnQuU2VhcmNoL3NlYXJjaFNlcnZpY2VzL2F6cy03MTY0P2FwaS12ZXJzaW9uPTIwMTUtMDgtMTk=",
      "RequestMethod": "GET",
      "RequestBody": "",
      "RequestHeaders": {
        "User-Agent": [
          "FxVersion/4.6.26614.01",
          "OSName/Windows",
          "OSVersion/Microsoft.Windows.10.0.17763.",
          "Microsoft.Azure.Management.Search.SearchManagementClient/3.0.0.0"
        ]
      },
      "ResponseHeaders": {
        "Cache-Control": [
          "no-cache"
        ],
        "Date": [
          "Fri, 19 Apr 2019 01:24:16 GMT"
        ],
        "Pragma": [
          "no-cache"
        ],
        "ETag": [
          "W/\"datetime'2019-04-19T01%3A09%3A30.7755448Z'\""
        ],
        "Vary": [
          "Accept-Encoding"
        ],
        "x-ms-request-id": [
          "cad49641-345b-4f66-91ac-f93ccd4d6c42"
        ],
        "request-id": [
          "cad49641-345b-4f66-91ac-f93ccd4d6c42"
        ],
        "elapsed-time": [
          "92"
        ],
        "Strict-Transport-Security": [
          "max-age=31536000; includeSubDomains"
        ],
        "x-ms-ratelimit-remaining-subscription-reads": [
          "14969"
        ],
        "x-ms-correlation-request-id": [
          "46dd1cc4-1867-43ed-8696-6cc0f1fdb5b3"
        ],
        "x-ms-routing-request-id": [
          "NORTHEUROPE:20190419T012416Z:46dd1cc4-1867-43ed-8696-6cc0f1fdb5b3"
        ],
        "X-Content-Type-Options": [
          "nosniff"
        ],
        "Content-Length": [
          "534"
        ],
        "Content-Type": [
          "application/json; charset=utf-8"
        ],
        "Expires": [
          "-1"
        ]
      },
      "ResponseBody": "{\r\n  \"id\": \"/subscriptions/3c729b2a-4f86-4bb2-abe8-4b8647af156c/resourceGroups/azsmnet6632/providers/Microsoft.Search/searchServices/azs-7164\",\r\n  \"name\": \"azs-7164\",\r\n  \"type\": \"Microsoft.Search/searchServices\",\r\n  \"location\": \"East US\",\r\n  \"properties\": {\r\n    \"replicaCount\": 1,\r\n    \"partitionCount\": 1,\r\n    \"status\": \"provisioning\",\r\n    \"statusDetails\": \"\",\r\n    \"provisioningState\": \"provisioning\",\r\n    \"hostingMode\": \"Default\"\r\n  },\r\n  \"sku\": {\r\n    \"name\": \"basic\"\r\n  },\r\n  \"identity\": {\r\n    \"type\": \"SystemAssigned\",\r\n    \"principalId\": \"053137a9-f95a-41a4-a220-b6141119261d\",\r\n    \"tenantId\": \"f686d426-8d16-42db-81b7-ab578e110ccd\"\r\n  }\r\n}",
      "StatusCode": 200
    },
    {
      "RequestUri": "/subscriptions/3c729b2a-4f86-4bb2-abe8-4b8647af156c/resourceGroups/azsmnet6632/providers/Microsoft.Search/searchServices/azs-7164?api-version=2015-08-19",
      "EncodedRequestUri": "L3N1YnNjcmlwdGlvbnMvM2M3MjliMmEtNGY4Ni00YmIyLWFiZTgtNGI4NjQ3YWYxNTZjL3Jlc291cmNlR3JvdXBzL2F6c21uZXQ2NjMyL3Byb3ZpZGVycy9NaWNyb3NvZnQuU2VhcmNoL3NlYXJjaFNlcnZpY2VzL2F6cy03MTY0P2FwaS12ZXJzaW9uPTIwMTUtMDgtMTk=",
      "RequestMethod": "GET",
      "RequestBody": "",
      "RequestHeaders": {
        "User-Agent": [
          "FxVersion/4.6.26614.01",
          "OSName/Windows",
          "OSVersion/Microsoft.Windows.10.0.17763.",
          "Microsoft.Azure.Management.Search.SearchManagementClient/3.0.0.0"
        ]
      },
      "ResponseHeaders": {
        "Cache-Control": [
          "no-cache"
        ],
        "Date": [
          "Fri, 19 Apr 2019 01:24:46 GMT"
        ],
        "Pragma": [
          "no-cache"
        ],
        "ETag": [
          "W/\"datetime'2019-04-19T01%3A09%3A30.7755448Z'\""
        ],
        "Vary": [
          "Accept-Encoding"
        ],
        "x-ms-request-id": [
          "4c6aa789-8b8f-40a7-8f40-d86bcda16e77"
        ],
        "request-id": [
          "4c6aa789-8b8f-40a7-8f40-d86bcda16e77"
        ],
        "elapsed-time": [
          "92"
        ],
        "Strict-Transport-Security": [
          "max-age=31536000; includeSubDomains"
        ],
        "x-ms-ratelimit-remaining-subscription-reads": [
          "14968"
        ],
        "x-ms-correlation-request-id": [
          "76961c04-3d6f-455f-a8c9-61ee849f4697"
        ],
        "x-ms-routing-request-id": [
          "NORTHEUROPE:20190419T012447Z:76961c04-3d6f-455f-a8c9-61ee849f4697"
        ],
        "X-Content-Type-Options": [
          "nosniff"
        ],
        "Content-Length": [
          "534"
        ],
        "Content-Type": [
          "application/json; charset=utf-8"
        ],
        "Expires": [
          "-1"
        ]
      },
      "ResponseBody": "{\r\n  \"id\": \"/subscriptions/3c729b2a-4f86-4bb2-abe8-4b8647af156c/resourceGroups/azsmnet6632/providers/Microsoft.Search/searchServices/azs-7164\",\r\n  \"name\": \"azs-7164\",\r\n  \"type\": \"Microsoft.Search/searchServices\",\r\n  \"location\": \"East US\",\r\n  \"properties\": {\r\n    \"replicaCount\": 1,\r\n    \"partitionCount\": 1,\r\n    \"status\": \"provisioning\",\r\n    \"statusDetails\": \"\",\r\n    \"provisioningState\": \"provisioning\",\r\n    \"hostingMode\": \"Default\"\r\n  },\r\n  \"sku\": {\r\n    \"name\": \"basic\"\r\n  },\r\n  \"identity\": {\r\n    \"type\": \"SystemAssigned\",\r\n    \"principalId\": \"053137a9-f95a-41a4-a220-b6141119261d\",\r\n    \"tenantId\": \"f686d426-8d16-42db-81b7-ab578e110ccd\"\r\n  }\r\n}",
      "StatusCode": 200
    },
    {
      "RequestUri": "/subscriptions/3c729b2a-4f86-4bb2-abe8-4b8647af156c/resourceGroups/azsmnet6632/providers/Microsoft.Search/searchServices/azs-7164?api-version=2015-08-19",
      "EncodedRequestUri": "L3N1YnNjcmlwdGlvbnMvM2M3MjliMmEtNGY4Ni00YmIyLWFiZTgtNGI4NjQ3YWYxNTZjL3Jlc291cmNlR3JvdXBzL2F6c21uZXQ2NjMyL3Byb3ZpZGVycy9NaWNyb3NvZnQuU2VhcmNoL3NlYXJjaFNlcnZpY2VzL2F6cy03MTY0P2FwaS12ZXJzaW9uPTIwMTUtMDgtMTk=",
      "RequestMethod": "GET",
      "RequestBody": "",
      "RequestHeaders": {
        "User-Agent": [
          "FxVersion/4.6.26614.01",
          "OSName/Windows",
          "OSVersion/Microsoft.Windows.10.0.17763.",
          "Microsoft.Azure.Management.Search.SearchManagementClient/3.0.0.0"
        ]
      },
      "ResponseHeaders": {
        "Cache-Control": [
          "no-cache"
        ],
        "Date": [
          "Fri, 19 Apr 2019 01:25:16 GMT"
        ],
        "Pragma": [
          "no-cache"
        ],
        "ETag": [
          "W/\"datetime'2019-04-19T01%3A09%3A30.7755448Z'\""
        ],
        "Vary": [
          "Accept-Encoding"
        ],
        "x-ms-request-id": [
          "82c1a284-8d7b-4168-a618-f9e7734db8cb"
        ],
        "request-id": [
          "82c1a284-8d7b-4168-a618-f9e7734db8cb"
        ],
        "elapsed-time": [
          "62"
        ],
        "Strict-Transport-Security": [
          "max-age=31536000; includeSubDomains"
        ],
        "x-ms-ratelimit-remaining-subscription-reads": [
          "14967"
        ],
        "x-ms-correlation-request-id": [
          "e41ee64f-023f-4150-ba3b-90feccb7367f"
        ],
        "x-ms-routing-request-id": [
          "NORTHEUROPE:20190419T012517Z:e41ee64f-023f-4150-ba3b-90feccb7367f"
        ],
        "X-Content-Type-Options": [
          "nosniff"
        ],
        "Content-Length": [
          "534"
        ],
        "Content-Type": [
          "application/json; charset=utf-8"
        ],
        "Expires": [
          "-1"
        ]
      },
      "ResponseBody": "{\r\n  \"id\": \"/subscriptions/3c729b2a-4f86-4bb2-abe8-4b8647af156c/resourceGroups/azsmnet6632/providers/Microsoft.Search/searchServices/azs-7164\",\r\n  \"name\": \"azs-7164\",\r\n  \"type\": \"Microsoft.Search/searchServices\",\r\n  \"location\": \"East US\",\r\n  \"properties\": {\r\n    \"replicaCount\": 1,\r\n    \"partitionCount\": 1,\r\n    \"status\": \"provisioning\",\r\n    \"statusDetails\": \"\",\r\n    \"provisioningState\": \"provisioning\",\r\n    \"hostingMode\": \"Default\"\r\n  },\r\n  \"sku\": {\r\n    \"name\": \"basic\"\r\n  },\r\n  \"identity\": {\r\n    \"type\": \"SystemAssigned\",\r\n    \"principalId\": \"053137a9-f95a-41a4-a220-b6141119261d\",\r\n    \"tenantId\": \"f686d426-8d16-42db-81b7-ab578e110ccd\"\r\n  }\r\n}",
      "StatusCode": 200
    },
    {
      "RequestUri": "/subscriptions/3c729b2a-4f86-4bb2-abe8-4b8647af156c/resourceGroups/azsmnet6632/providers/Microsoft.Search/searchServices/azs-7164?api-version=2015-08-19",
      "EncodedRequestUri": "L3N1YnNjcmlwdGlvbnMvM2M3MjliMmEtNGY4Ni00YmIyLWFiZTgtNGI4NjQ3YWYxNTZjL3Jlc291cmNlR3JvdXBzL2F6c21uZXQ2NjMyL3Byb3ZpZGVycy9NaWNyb3NvZnQuU2VhcmNoL3NlYXJjaFNlcnZpY2VzL2F6cy03MTY0P2FwaS12ZXJzaW9uPTIwMTUtMDgtMTk=",
      "RequestMethod": "GET",
      "RequestBody": "",
      "RequestHeaders": {
        "User-Agent": [
          "FxVersion/4.6.26614.01",
          "OSName/Windows",
          "OSVersion/Microsoft.Windows.10.0.17763.",
          "Microsoft.Azure.Management.Search.SearchManagementClient/3.0.0.0"
        ]
      },
      "ResponseHeaders": {
        "Cache-Control": [
          "no-cache"
        ],
        "Date": [
          "Fri, 19 Apr 2019 01:25:47 GMT"
        ],
        "Pragma": [
          "no-cache"
        ],
        "ETag": [
          "W/\"datetime'2019-04-19T01%3A09%3A30.7755448Z'\""
        ],
        "Vary": [
          "Accept-Encoding"
        ],
        "x-ms-request-id": [
          "a26121c7-33f2-475b-a25f-c238c9d1f312"
        ],
        "request-id": [
          "a26121c7-33f2-475b-a25f-c238c9d1f312"
        ],
        "elapsed-time": [
          "269"
        ],
        "Strict-Transport-Security": [
          "max-age=31536000; includeSubDomains"
        ],
        "x-ms-ratelimit-remaining-subscription-reads": [
          "14966"
        ],
        "x-ms-correlation-request-id": [
          "bd7337dc-296c-4cf5-9d32-f9acd484c8ee"
        ],
        "x-ms-routing-request-id": [
          "NORTHEUROPE:20190419T012548Z:bd7337dc-296c-4cf5-9d32-f9acd484c8ee"
        ],
        "X-Content-Type-Options": [
          "nosniff"
        ],
        "Content-Length": [
          "534"
        ],
        "Content-Type": [
          "application/json; charset=utf-8"
        ],
        "Expires": [
          "-1"
        ]
      },
      "ResponseBody": "{\r\n  \"id\": \"/subscriptions/3c729b2a-4f86-4bb2-abe8-4b8647af156c/resourceGroups/azsmnet6632/providers/Microsoft.Search/searchServices/azs-7164\",\r\n  \"name\": \"azs-7164\",\r\n  \"type\": \"Microsoft.Search/searchServices\",\r\n  \"location\": \"East US\",\r\n  \"properties\": {\r\n    \"replicaCount\": 1,\r\n    \"partitionCount\": 1,\r\n    \"status\": \"provisioning\",\r\n    \"statusDetails\": \"\",\r\n    \"provisioningState\": \"provisioning\",\r\n    \"hostingMode\": \"Default\"\r\n  },\r\n  \"sku\": {\r\n    \"name\": \"basic\"\r\n  },\r\n  \"identity\": {\r\n    \"type\": \"SystemAssigned\",\r\n    \"principalId\": \"053137a9-f95a-41a4-a220-b6141119261d\",\r\n    \"tenantId\": \"f686d426-8d16-42db-81b7-ab578e110ccd\"\r\n  }\r\n}",
      "StatusCode": 200
    },
    {
      "RequestUri": "/subscriptions/3c729b2a-4f86-4bb2-abe8-4b8647af156c/resourceGroups/azsmnet6632/providers/Microsoft.Search/searchServices/azs-7164?api-version=2015-08-19",
      "EncodedRequestUri": "L3N1YnNjcmlwdGlvbnMvM2M3MjliMmEtNGY4Ni00YmIyLWFiZTgtNGI4NjQ3YWYxNTZjL3Jlc291cmNlR3JvdXBzL2F6c21uZXQ2NjMyL3Byb3ZpZGVycy9NaWNyb3NvZnQuU2VhcmNoL3NlYXJjaFNlcnZpY2VzL2F6cy03MTY0P2FwaS12ZXJzaW9uPTIwMTUtMDgtMTk=",
      "RequestMethod": "GET",
      "RequestBody": "",
      "RequestHeaders": {
        "User-Agent": [
          "FxVersion/4.6.26614.01",
          "OSName/Windows",
          "OSVersion/Microsoft.Windows.10.0.17763.",
          "Microsoft.Azure.Management.Search.SearchManagementClient/3.0.0.0"
        ]
      },
      "ResponseHeaders": {
        "Cache-Control": [
          "no-cache"
        ],
        "Date": [
          "Fri, 19 Apr 2019 01:26:18 GMT"
        ],
        "Pragma": [
          "no-cache"
        ],
        "ETag": [
          "W/\"datetime'2019-04-19T01%3A09%3A30.7755448Z'\""
        ],
        "Vary": [
          "Accept-Encoding"
        ],
        "x-ms-request-id": [
          "91af1018-9e55-400d-b31f-72a09acd62ad"
        ],
        "request-id": [
          "91af1018-9e55-400d-b31f-72a09acd62ad"
        ],
        "elapsed-time": [
          "82"
        ],
        "Strict-Transport-Security": [
          "max-age=31536000; includeSubDomains"
        ],
        "x-ms-ratelimit-remaining-subscription-reads": [
          "14965"
        ],
        "x-ms-correlation-request-id": [
          "1080022b-8a43-45a0-9c2c-234aa4b7d77c"
        ],
        "x-ms-routing-request-id": [
          "NORTHEUROPE:20190419T012618Z:1080022b-8a43-45a0-9c2c-234aa4b7d77c"
        ],
        "X-Content-Type-Options": [
          "nosniff"
        ],
        "Content-Length": [
          "534"
        ],
        "Content-Type": [
          "application/json; charset=utf-8"
        ],
        "Expires": [
          "-1"
        ]
      },
      "ResponseBody": "{\r\n  \"id\": \"/subscriptions/3c729b2a-4f86-4bb2-abe8-4b8647af156c/resourceGroups/azsmnet6632/providers/Microsoft.Search/searchServices/azs-7164\",\r\n  \"name\": \"azs-7164\",\r\n  \"type\": \"Microsoft.Search/searchServices\",\r\n  \"location\": \"East US\",\r\n  \"properties\": {\r\n    \"replicaCount\": 1,\r\n    \"partitionCount\": 1,\r\n    \"status\": \"provisioning\",\r\n    \"statusDetails\": \"\",\r\n    \"provisioningState\": \"provisioning\",\r\n    \"hostingMode\": \"Default\"\r\n  },\r\n  \"sku\": {\r\n    \"name\": \"basic\"\r\n  },\r\n  \"identity\": {\r\n    \"type\": \"SystemAssigned\",\r\n    \"principalId\": \"053137a9-f95a-41a4-a220-b6141119261d\",\r\n    \"tenantId\": \"f686d426-8d16-42db-81b7-ab578e110ccd\"\r\n  }\r\n}",
      "StatusCode": 200
    },
    {
      "RequestUri": "/subscriptions/3c729b2a-4f86-4bb2-abe8-4b8647af156c/resourceGroups/azsmnet6632/providers/Microsoft.Search/searchServices/azs-7164?api-version=2015-08-19",
      "EncodedRequestUri": "L3N1YnNjcmlwdGlvbnMvM2M3MjliMmEtNGY4Ni00YmIyLWFiZTgtNGI4NjQ3YWYxNTZjL3Jlc291cmNlR3JvdXBzL2F6c21uZXQ2NjMyL3Byb3ZpZGVycy9NaWNyb3NvZnQuU2VhcmNoL3NlYXJjaFNlcnZpY2VzL2F6cy03MTY0P2FwaS12ZXJzaW9uPTIwMTUtMDgtMTk=",
      "RequestMethod": "GET",
      "RequestBody": "",
      "RequestHeaders": {
        "User-Agent": [
          "FxVersion/4.6.26614.01",
          "OSName/Windows",
          "OSVersion/Microsoft.Windows.10.0.17763.",
          "Microsoft.Azure.Management.Search.SearchManagementClient/3.0.0.0"
        ]
      },
      "ResponseHeaders": {
        "Cache-Control": [
          "no-cache"
        ],
        "Date": [
          "Fri, 19 Apr 2019 01:26:48 GMT"
        ],
        "Pragma": [
          "no-cache"
        ],
        "ETag": [
          "W/\"datetime'2019-04-19T01%3A09%3A30.7755448Z'\""
        ],
        "Vary": [
          "Accept-Encoding"
        ],
        "x-ms-request-id": [
          "3f236677-6aa0-4b78-a085-4e47a71df5fe"
        ],
        "request-id": [
          "3f236677-6aa0-4b78-a085-4e47a71df5fe"
        ],
        "elapsed-time": [
          "151"
        ],
        "Strict-Transport-Security": [
          "max-age=31536000; includeSubDomains"
        ],
        "x-ms-ratelimit-remaining-subscription-reads": [
          "14964"
        ],
        "x-ms-correlation-request-id": [
          "3f20875e-b80e-44df-a4da-fee85b32b013"
        ],
        "x-ms-routing-request-id": [
          "NORTHEUROPE:20190419T012648Z:3f20875e-b80e-44df-a4da-fee85b32b013"
        ],
        "X-Content-Type-Options": [
          "nosniff"
        ],
        "Content-Length": [
          "534"
        ],
        "Content-Type": [
          "application/json; charset=utf-8"
        ],
        "Expires": [
          "-1"
        ]
      },
      "ResponseBody": "{\r\n  \"id\": \"/subscriptions/3c729b2a-4f86-4bb2-abe8-4b8647af156c/resourceGroups/azsmnet6632/providers/Microsoft.Search/searchServices/azs-7164\",\r\n  \"name\": \"azs-7164\",\r\n  \"type\": \"Microsoft.Search/searchServices\",\r\n  \"location\": \"East US\",\r\n  \"properties\": {\r\n    \"replicaCount\": 1,\r\n    \"partitionCount\": 1,\r\n    \"status\": \"provisioning\",\r\n    \"statusDetails\": \"\",\r\n    \"provisioningState\": \"provisioning\",\r\n    \"hostingMode\": \"Default\"\r\n  },\r\n  \"sku\": {\r\n    \"name\": \"basic\"\r\n  },\r\n  \"identity\": {\r\n    \"type\": \"SystemAssigned\",\r\n    \"principalId\": \"053137a9-f95a-41a4-a220-b6141119261d\",\r\n    \"tenantId\": \"f686d426-8d16-42db-81b7-ab578e110ccd\"\r\n  }\r\n}",
      "StatusCode": 200
    },
    {
      "RequestUri": "/subscriptions/3c729b2a-4f86-4bb2-abe8-4b8647af156c/resourceGroups/azsmnet6632/providers/Microsoft.Search/searchServices/azs-7164?api-version=2015-08-19",
      "EncodedRequestUri": "L3N1YnNjcmlwdGlvbnMvM2M3MjliMmEtNGY4Ni00YmIyLWFiZTgtNGI4NjQ3YWYxNTZjL3Jlc291cmNlR3JvdXBzL2F6c21uZXQ2NjMyL3Byb3ZpZGVycy9NaWNyb3NvZnQuU2VhcmNoL3NlYXJjaFNlcnZpY2VzL2F6cy03MTY0P2FwaS12ZXJzaW9uPTIwMTUtMDgtMTk=",
      "RequestMethod": "GET",
      "RequestBody": "",
      "RequestHeaders": {
        "User-Agent": [
          "FxVersion/4.6.26614.01",
          "OSName/Windows",
          "OSVersion/Microsoft.Windows.10.0.17763.",
          "Microsoft.Azure.Management.Search.SearchManagementClient/3.0.0.0"
        ]
      },
      "ResponseHeaders": {
        "Cache-Control": [
          "no-cache"
        ],
        "Date": [
          "Fri, 19 Apr 2019 01:27:19 GMT"
        ],
        "Pragma": [
          "no-cache"
        ],
        "ETag": [
          "W/\"datetime'2019-04-19T01%3A09%3A30.7755448Z'\""
        ],
        "Vary": [
          "Accept-Encoding"
        ],
        "x-ms-request-id": [
          "a27ef54f-573f-4966-a131-7d1a5dbe40c3"
        ],
        "request-id": [
          "a27ef54f-573f-4966-a131-7d1a5dbe40c3"
        ],
        "elapsed-time": [
          "475"
        ],
        "Strict-Transport-Security": [
          "max-age=31536000; includeSubDomains"
        ],
        "x-ms-ratelimit-remaining-subscription-reads": [
          "14963"
        ],
        "x-ms-correlation-request-id": [
          "4aabc2b5-b521-4092-ba40-cf7247abfc45"
        ],
        "x-ms-routing-request-id": [
          "NORTHEUROPE:20190419T012719Z:4aabc2b5-b521-4092-ba40-cf7247abfc45"
        ],
        "X-Content-Type-Options": [
          "nosniff"
        ],
        "Content-Length": [
          "534"
        ],
        "Content-Type": [
          "application/json; charset=utf-8"
        ],
        "Expires": [
          "-1"
        ]
      },
      "ResponseBody": "{\r\n  \"id\": \"/subscriptions/3c729b2a-4f86-4bb2-abe8-4b8647af156c/resourceGroups/azsmnet6632/providers/Microsoft.Search/searchServices/azs-7164\",\r\n  \"name\": \"azs-7164\",\r\n  \"type\": \"Microsoft.Search/searchServices\",\r\n  \"location\": \"East US\",\r\n  \"properties\": {\r\n    \"replicaCount\": 1,\r\n    \"partitionCount\": 1,\r\n    \"status\": \"provisioning\",\r\n    \"statusDetails\": \"\",\r\n    \"provisioningState\": \"provisioning\",\r\n    \"hostingMode\": \"Default\"\r\n  },\r\n  \"sku\": {\r\n    \"name\": \"basic\"\r\n  },\r\n  \"identity\": {\r\n    \"type\": \"SystemAssigned\",\r\n    \"principalId\": \"053137a9-f95a-41a4-a220-b6141119261d\",\r\n    \"tenantId\": \"f686d426-8d16-42db-81b7-ab578e110ccd\"\r\n  }\r\n}",
      "StatusCode": 200
    },
    {
      "RequestUri": "/subscriptions/3c729b2a-4f86-4bb2-abe8-4b8647af156c/resourceGroups/azsmnet6632/providers/Microsoft.Search/searchServices/azs-7164?api-version=2015-08-19",
      "EncodedRequestUri": "L3N1YnNjcmlwdGlvbnMvM2M3MjliMmEtNGY4Ni00YmIyLWFiZTgtNGI4NjQ3YWYxNTZjL3Jlc291cmNlR3JvdXBzL2F6c21uZXQ2NjMyL3Byb3ZpZGVycy9NaWNyb3NvZnQuU2VhcmNoL3NlYXJjaFNlcnZpY2VzL2F6cy03MTY0P2FwaS12ZXJzaW9uPTIwMTUtMDgtMTk=",
      "RequestMethod": "GET",
      "RequestBody": "",
      "RequestHeaders": {
        "User-Agent": [
          "FxVersion/4.6.26614.01",
          "OSName/Windows",
          "OSVersion/Microsoft.Windows.10.0.17763.",
          "Microsoft.Azure.Management.Search.SearchManagementClient/3.0.0.0"
        ]
      },
      "ResponseHeaders": {
        "Cache-Control": [
          "no-cache"
        ],
        "Date": [
          "Fri, 19 Apr 2019 01:27:51 GMT"
        ],
        "Pragma": [
          "no-cache"
        ],
        "ETag": [
          "W/\"datetime'2019-04-19T01%3A09%3A30.7755448Z'\""
        ],
        "Vary": [
          "Accept-Encoding"
        ],
        "x-ms-request-id": [
          "4550e9e2-785c-4078-b8ce-1abdb425f305"
        ],
        "request-id": [
          "4550e9e2-785c-4078-b8ce-1abdb425f305"
        ],
        "elapsed-time": [
          "375"
        ],
        "Strict-Transport-Security": [
          "max-age=31536000; includeSubDomains"
        ],
        "x-ms-ratelimit-remaining-subscription-reads": [
          "14962"
        ],
        "x-ms-correlation-request-id": [
          "9f0d8767-f442-4c8f-86f6-56475d96d654"
        ],
        "x-ms-routing-request-id": [
          "NORTHEUROPE:20190419T012751Z:9f0d8767-f442-4c8f-86f6-56475d96d654"
        ],
        "X-Content-Type-Options": [
          "nosniff"
        ],
        "Content-Length": [
          "534"
        ],
        "Content-Type": [
          "application/json; charset=utf-8"
        ],
        "Expires": [
          "-1"
        ]
      },
      "ResponseBody": "{\r\n  \"id\": \"/subscriptions/3c729b2a-4f86-4bb2-abe8-4b8647af156c/resourceGroups/azsmnet6632/providers/Microsoft.Search/searchServices/azs-7164\",\r\n  \"name\": \"azs-7164\",\r\n  \"type\": \"Microsoft.Search/searchServices\",\r\n  \"location\": \"East US\",\r\n  \"properties\": {\r\n    \"replicaCount\": 1,\r\n    \"partitionCount\": 1,\r\n    \"status\": \"provisioning\",\r\n    \"statusDetails\": \"\",\r\n    \"provisioningState\": \"provisioning\",\r\n    \"hostingMode\": \"Default\"\r\n  },\r\n  \"sku\": {\r\n    \"name\": \"basic\"\r\n  },\r\n  \"identity\": {\r\n    \"type\": \"SystemAssigned\",\r\n    \"principalId\": \"053137a9-f95a-41a4-a220-b6141119261d\",\r\n    \"tenantId\": \"f686d426-8d16-42db-81b7-ab578e110ccd\"\r\n  }\r\n}",
      "StatusCode": 200
    },
    {
      "RequestUri": "/subscriptions/3c729b2a-4f86-4bb2-abe8-4b8647af156c/resourceGroups/azsmnet6632/providers/Microsoft.Search/searchServices/azs-7164?api-version=2015-08-19",
      "EncodedRequestUri": "L3N1YnNjcmlwdGlvbnMvM2M3MjliMmEtNGY4Ni00YmIyLWFiZTgtNGI4NjQ3YWYxNTZjL3Jlc291cmNlR3JvdXBzL2F6c21uZXQ2NjMyL3Byb3ZpZGVycy9NaWNyb3NvZnQuU2VhcmNoL3NlYXJjaFNlcnZpY2VzL2F6cy03MTY0P2FwaS12ZXJzaW9uPTIwMTUtMDgtMTk=",
      "RequestMethod": "GET",
      "RequestBody": "",
      "RequestHeaders": {
        "User-Agent": [
          "FxVersion/4.6.26614.01",
          "OSName/Windows",
          "OSVersion/Microsoft.Windows.10.0.17763.",
          "Microsoft.Azure.Management.Search.SearchManagementClient/3.0.0.0"
        ]
      },
      "ResponseHeaders": {
        "Cache-Control": [
          "no-cache"
        ],
        "Date": [
          "Fri, 19 Apr 2019 01:28:20 GMT"
        ],
        "Pragma": [
          "no-cache"
        ],
        "ETag": [
          "W/\"datetime'2019-04-19T01%3A09%3A30.7755448Z'\""
        ],
        "Vary": [
          "Accept-Encoding"
        ],
        "x-ms-request-id": [
          "6f44a22c-5eaa-4567-a180-96162a502d1f"
        ],
        "request-id": [
          "6f44a22c-5eaa-4567-a180-96162a502d1f"
        ],
        "elapsed-time": [
          "80"
        ],
        "Strict-Transport-Security": [
          "max-age=31536000; includeSubDomains"
        ],
        "x-ms-ratelimit-remaining-subscription-reads": [
          "14961"
        ],
        "x-ms-correlation-request-id": [
          "039e8a67-2bca-43df-a30b-cc2ebf436ad2"
        ],
        "x-ms-routing-request-id": [
          "NORTHEUROPE:20190419T012821Z:039e8a67-2bca-43df-a30b-cc2ebf436ad2"
        ],
        "X-Content-Type-Options": [
          "nosniff"
        ],
        "Content-Length": [
          "534"
        ],
        "Content-Type": [
          "application/json; charset=utf-8"
        ],
        "Expires": [
          "-1"
        ]
      },
      "ResponseBody": "{\r\n  \"id\": \"/subscriptions/3c729b2a-4f86-4bb2-abe8-4b8647af156c/resourceGroups/azsmnet6632/providers/Microsoft.Search/searchServices/azs-7164\",\r\n  \"name\": \"azs-7164\",\r\n  \"type\": \"Microsoft.Search/searchServices\",\r\n  \"location\": \"East US\",\r\n  \"properties\": {\r\n    \"replicaCount\": 1,\r\n    \"partitionCount\": 1,\r\n    \"status\": \"provisioning\",\r\n    \"statusDetails\": \"\",\r\n    \"provisioningState\": \"provisioning\",\r\n    \"hostingMode\": \"Default\"\r\n  },\r\n  \"sku\": {\r\n    \"name\": \"basic\"\r\n  },\r\n  \"identity\": {\r\n    \"type\": \"SystemAssigned\",\r\n    \"principalId\": \"053137a9-f95a-41a4-a220-b6141119261d\",\r\n    \"tenantId\": \"f686d426-8d16-42db-81b7-ab578e110ccd\"\r\n  }\r\n}",
      "StatusCode": 200
    },
    {
      "RequestUri": "/subscriptions/3c729b2a-4f86-4bb2-abe8-4b8647af156c/resourceGroups/azsmnet6632/providers/Microsoft.Search/searchServices/azs-7164?api-version=2015-08-19",
      "EncodedRequestUri": "L3N1YnNjcmlwdGlvbnMvM2M3MjliMmEtNGY4Ni00YmIyLWFiZTgtNGI4NjQ3YWYxNTZjL3Jlc291cmNlR3JvdXBzL2F6c21uZXQ2NjMyL3Byb3ZpZGVycy9NaWNyb3NvZnQuU2VhcmNoL3NlYXJjaFNlcnZpY2VzL2F6cy03MTY0P2FwaS12ZXJzaW9uPTIwMTUtMDgtMTk=",
      "RequestMethod": "GET",
      "RequestBody": "",
      "RequestHeaders": {
        "User-Agent": [
          "FxVersion/4.6.26614.01",
          "OSName/Windows",
          "OSVersion/Microsoft.Windows.10.0.17763.",
          "Microsoft.Azure.Management.Search.SearchManagementClient/3.0.0.0"
        ]
      },
      "ResponseHeaders": {
        "Cache-Control": [
          "no-cache"
        ],
        "Date": [
          "Fri, 19 Apr 2019 01:28:53 GMT"
        ],
        "Pragma": [
          "no-cache"
        ],
        "ETag": [
          "W/\"datetime'2019-04-19T01%3A09%3A30.7755448Z'\""
        ],
        "Vary": [
          "Accept-Encoding"
        ],
        "x-ms-request-id": [
          "eb7fa19a-bccd-404a-958e-55761da3b1e2"
        ],
        "request-id": [
          "eb7fa19a-bccd-404a-958e-55761da3b1e2"
        ],
        "elapsed-time": [
          "1718"
        ],
        "Strict-Transport-Security": [
          "max-age=31536000; includeSubDomains"
        ],
        "x-ms-ratelimit-remaining-subscription-reads": [
          "14960"
        ],
        "x-ms-correlation-request-id": [
          "64f2763e-6ba3-427d-8dca-7356c1f3e5f3"
        ],
        "x-ms-routing-request-id": [
          "NORTHEUROPE:20190419T012853Z:64f2763e-6ba3-427d-8dca-7356c1f3e5f3"
        ],
        "X-Content-Type-Options": [
          "nosniff"
        ],
        "Content-Length": [
          "526"
        ],
        "Content-Type": [
          "application/json; charset=utf-8"
        ],
        "Expires": [
          "-1"
        ]
      },
      "ResponseBody": "{\r\n  \"id\": \"/subscriptions/3c729b2a-4f86-4bb2-abe8-4b8647af156c/resourceGroups/azsmnet6632/providers/Microsoft.Search/searchServices/azs-7164\",\r\n  \"name\": \"azs-7164\",\r\n  \"type\": \"Microsoft.Search/searchServices\",\r\n  \"location\": \"East US\",\r\n  \"properties\": {\r\n    \"replicaCount\": 1,\r\n    \"partitionCount\": 1,\r\n    \"status\": \"running\",\r\n    \"statusDetails\": \"\",\r\n    \"provisioningState\": \"succeeded\",\r\n    \"hostingMode\": \"Default\"\r\n  },\r\n  \"sku\": {\r\n    \"name\": \"basic\"\r\n  },\r\n  \"identity\": {\r\n    \"type\": \"SystemAssigned\",\r\n    \"principalId\": \"053137a9-f95a-41a4-a220-b6141119261d\",\r\n    \"tenantId\": \"f686d426-8d16-42db-81b7-ab578e110ccd\"\r\n  }\r\n}",
      "StatusCode": 200
    },
    {
      "RequestUri": "/subscriptions/3c729b2a-4f86-4bb2-abe8-4b8647af156c/resourceGroups/azsmnet6632/providers/Microsoft.Search/searchServices/azs-7164?api-version=2015-08-19",
      "EncodedRequestUri": "L3N1YnNjcmlwdGlvbnMvM2M3MjliMmEtNGY4Ni00YmIyLWFiZTgtNGI4NjQ3YWYxNTZjL3Jlc291cmNlR3JvdXBzL2F6c21uZXQ2NjMyL3Byb3ZpZGVycy9NaWNyb3NvZnQuU2VhcmNoL3NlYXJjaFNlcnZpY2VzL2F6cy03MTY0P2FwaS12ZXJzaW9uPTIwMTUtMDgtMTk=",
      "RequestMethod": "GET",
      "RequestBody": "",
      "RequestHeaders": {
        "x-ms-client-request-id": [
          "fc20f77d-734c-4d4b-a687-664debfe8806"
        ],
        "accept-language": [
          "en-US"
        ],
        "User-Agent": [
          "FxVersion/4.6.26614.01",
          "OSName/Windows",
          "OSVersion/Microsoft.Windows.10.0.17763.",
          "Microsoft.Azure.Management.Search.SearchManagementClient/3.0.0.0"
        ]
      },
      "ResponseHeaders": {
        "Cache-Control": [
          "no-cache"
        ],
        "Date": [
          "Fri, 19 Apr 2019 01:29:10 GMT"
        ],
        "Pragma": [
          "no-cache"
        ],
        "ETag": [
          "W/\"datetime'2019-04-19T01%3A09%3A30.7755448Z'\""
        ],
        "Vary": [
          "Accept-Encoding"
        ],
        "x-ms-request-id": [
          "fc20f77d-734c-4d4b-a687-664debfe8806"
        ],
        "request-id": [
          "fc20f77d-734c-4d4b-a687-664debfe8806"
        ],
        "elapsed-time": [
          "90"
        ],
        "Strict-Transport-Security": [
          "max-age=31536000; includeSubDomains"
        ],
        "x-ms-ratelimit-remaining-subscription-reads": [
          "14958"
        ],
        "x-ms-correlation-request-id": [
          "5d1ce674-f352-45d1-a90f-004943c2e6f3"
        ],
        "x-ms-routing-request-id": [
          "NORTHEUROPE:20190419T012910Z:5d1ce674-f352-45d1-a90f-004943c2e6f3"
        ],
        "X-Content-Type-Options": [
          "nosniff"
        ],
        "Content-Length": [
          "526"
        ],
        "Content-Type": [
          "application/json; charset=utf-8"
        ],
        "Expires": [
          "-1"
        ]
      },
      "ResponseBody": "{\r\n  \"id\": \"/subscriptions/3c729b2a-4f86-4bb2-abe8-4b8647af156c/resourceGroups/azsmnet6632/providers/Microsoft.Search/searchServices/azs-7164\",\r\n  \"name\": \"azs-7164\",\r\n  \"type\": \"Microsoft.Search/searchServices\",\r\n  \"location\": \"East US\",\r\n  \"properties\": {\r\n    \"replicaCount\": 1,\r\n    \"partitionCount\": 1,\r\n    \"status\": \"running\",\r\n    \"statusDetails\": \"\",\r\n    \"provisioningState\": \"succeeded\",\r\n    \"hostingMode\": \"Default\"\r\n  },\r\n  \"sku\": {\r\n    \"name\": \"basic\"\r\n  },\r\n  \"identity\": {\r\n    \"type\": \"SystemAssigned\",\r\n    \"principalId\": \"053137a9-f95a-41a4-a220-b6141119261d\",\r\n    \"tenantId\": \"f686d426-8d16-42db-81b7-ab578e110ccd\"\r\n  }\r\n}",
      "StatusCode": 200
    },
    {
      "RequestUri": "/subscriptions/3c729b2a-4f86-4bb2-abe8-4b8647af156c/resourceGroups/azsmnet6632/providers/Microsoft.Search/searchServices/azs-7164/listAdminKeys?api-version=2015-08-19",
      "EncodedRequestUri": "L3N1YnNjcmlwdGlvbnMvM2M3MjliMmEtNGY4Ni00YmIyLWFiZTgtNGI4NjQ3YWYxNTZjL3Jlc291cmNlR3JvdXBzL2F6c21uZXQ2NjMyL3Byb3ZpZGVycy9NaWNyb3NvZnQuU2VhcmNoL3NlYXJjaFNlcnZpY2VzL2F6cy03MTY0L2xpc3RBZG1pbktleXM/YXBpLXZlcnNpb249MjAxNS0wOC0xOQ==",
      "RequestMethod": "POST",
      "RequestBody": "",
      "RequestHeaders": {
        "x-ms-client-request-id": [
          "4ded7766-617d-486a-a693-7d40b285dac0"
        ],
        "accept-language": [
          "en-US"
        ],
        "User-Agent": [
          "FxVersion/4.6.26614.01",
          "OSName/Windows",
          "OSVersion/Microsoft.Windows.10.0.17763.",
          "Microsoft.Azure.Management.Search.SearchManagementClient/3.0.0.0"
        ]
      },
      "ResponseHeaders": {
        "Cache-Control": [
          "no-cache"
        ],
        "Date": [
          "Fri, 19 Apr 2019 01:28:59 GMT"
        ],
        "Pragma": [
          "no-cache"
        ],
        "Vary": [
          "Accept-Encoding"
        ],
        "x-ms-request-id": [
          "4ded7766-617d-486a-a693-7d40b285dac0"
        ],
        "request-id": [
          "4ded7766-617d-486a-a693-7d40b285dac0"
        ],
        "elapsed-time": [
          "1646"
        ],
        "Strict-Transport-Security": [
          "max-age=31536000; includeSubDomains"
        ],
        "x-ms-ratelimit-remaining-subscription-writes": [
          "1199"
        ],
        "x-ms-correlation-request-id": [
          "7641ca93-18dd-4e71-9b46-212fc4ff396b"
        ],
        "x-ms-routing-request-id": [
          "NORTHEUROPE:20190419T012859Z:7641ca93-18dd-4e71-9b46-212fc4ff396b"
        ],
        "X-Content-Type-Options": [
          "nosniff"
        ],
        "Content-Length": [
          "99"
        ],
        "Content-Type": [
          "application/json; charset=utf-8"
        ],
        "Expires": [
          "-1"
        ]
      },
      "ResponseBody": "{\r\n  \"primaryKey\": \"7E5628D776739531EC1BED659F97CBC0\",\r\n  \"secondaryKey\": \"83C2BA3F178D4E4C6DE609A1539C4336\"\r\n}",
      "StatusCode": 200
    },
    {
      "RequestUri": "/subscriptions/3c729b2a-4f86-4bb2-abe8-4b8647af156c/resourceGroups/azsmnet6632/providers/Microsoft.Search/searchServices/azs-7164/listQueryKeys?api-version=2015-08-19",
      "EncodedRequestUri": "L3N1YnNjcmlwdGlvbnMvM2M3MjliMmEtNGY4Ni00YmIyLWFiZTgtNGI4NjQ3YWYxNTZjL3Jlc291cmNlR3JvdXBzL2F6c21uZXQ2NjMyL3Byb3ZpZGVycy9NaWNyb3NvZnQuU2VhcmNoL3NlYXJjaFNlcnZpY2VzL2F6cy03MTY0L2xpc3RRdWVyeUtleXM/YXBpLXZlcnNpb249MjAxNS0wOC0xOQ==",
      "RequestMethod": "GET",
      "RequestBody": "",
      "RequestHeaders": {
        "x-ms-client-request-id": [
          "506d73b7-a81d-4fea-9f56-8f32c98529d6"
        ],
        "accept-language": [
          "en-US"
        ],
        "User-Agent": [
          "FxVersion/4.6.26614.01",
          "OSName/Windows",
          "OSVersion/Microsoft.Windows.10.0.17763.",
          "Microsoft.Azure.Management.Search.SearchManagementClient/3.0.0.0"
        ]
      },
      "ResponseHeaders": {
        "Cache-Control": [
          "no-cache"
        ],
        "Date": [
          "Fri, 19 Apr 2019 01:29:01 GMT"
        ],
        "Pragma": [
          "no-cache"
        ],
        "Vary": [
          "Accept-Encoding"
        ],
        "x-ms-request-id": [
          "506d73b7-a81d-4fea-9f56-8f32c98529d6"
        ],
        "request-id": [
          "506d73b7-a81d-4fea-9f56-8f32c98529d6"
        ],
        "elapsed-time": [
          "1760"
        ],
        "Strict-Transport-Security": [
          "max-age=31536000; includeSubDomains"
        ],
        "x-ms-ratelimit-remaining-subscription-reads": [
          "14959"
        ],
        "x-ms-correlation-request-id": [
          "1ac1fbba-226d-40db-a6c8-5a53cf6a34c9"
        ],
        "x-ms-routing-request-id": [
          "NORTHEUROPE:20190419T012902Z:1ac1fbba-226d-40db-a6c8-5a53cf6a34c9"
        ],
        "X-Content-Type-Options": [
          "nosniff"
        ],
        "Content-Length": [
          "82"
        ],
        "Content-Type": [
          "application/json; charset=utf-8"
        ],
        "Expires": [
          "-1"
        ]
      },
      "ResponseBody": "{\r\n  \"value\": [\r\n    {\r\n      \"name\": null,\r\n      \"key\": \"B44F03B496BC8C69B3EAA0E953293D3F\"\r\n    }\r\n  ],\r\n  \"nextLink\": null\r\n}",
      "StatusCode": 200
    },
    {
      "RequestUri": "/subscriptions/3c729b2a-4f86-4bb2-abe8-4b8647af156c/providers/Microsoft.KeyVault/register?api-version=2016-09-01",
      "EncodedRequestUri": "L3N1YnNjcmlwdGlvbnMvM2M3MjliMmEtNGY4Ni00YmIyLWFiZTgtNGI4NjQ3YWYxNTZjL3Byb3ZpZGVycy9NaWNyb3NvZnQuS2V5VmF1bHQvcmVnaXN0ZXI/YXBpLXZlcnNpb249MjAxNi0wOS0wMQ==",
      "RequestMethod": "POST",
      "RequestBody": "",
      "RequestHeaders": {
        "x-ms-client-request-id": [
          "5211d513-62c0-4637-a862-901f3df77bc3"
        ],
        "accept-language": [
          "en-US"
        ],
        "User-Agent": [
          "FxVersion/4.6.26614.01",
          "OSName/Windows",
          "OSVersion/Microsoft.Windows.10.0.17763.",
          "Microsoft.Azure.Management.ResourceManager.ResourceManagementClient/1.5.0.0"
        ]
      },
      "ResponseHeaders": {
        "Cache-Control": [
          "no-cache"
        ],
        "Date": [
          "Fri, 19 Apr 2019 01:29:06 GMT"
        ],
        "Pragma": [
          "no-cache"
        ],
        "x-ms-ratelimit-remaining-subscription-writes": [
          "1185"
        ],
        "x-ms-request-id": [
          "ba3a162c-895a-473b-a604-8a8002f2ae7d"
        ],
        "x-ms-correlation-request-id": [
          "ba3a162c-895a-473b-a604-8a8002f2ae7d"
        ],
        "x-ms-routing-request-id": [
          "NORTHEUROPE:20190419T012906Z:ba3a162c-895a-473b-a604-8a8002f2ae7d"
        ],
        "Strict-Transport-Security": [
          "max-age=31536000; includeSubDomains"
        ],
        "X-Content-Type-Options": [
          "nosniff"
        ],
        "Content-Length": [
          "2261"
        ],
        "Content-Type": [
          "application/json; charset=utf-8"
        ],
        "Expires": [
          "-1"
        ]
      },
      "ResponseBody": "{\r\n  \"id\": \"/subscriptions/3c729b2a-4f86-4bb2-abe8-4b8647af156c/providers/Microsoft.KeyVault\",\r\n  \"namespace\": \"Microsoft.KeyVault\",\r\n  \"authorizations\": [\r\n    {\r\n      \"applicationId\": \"cfa8b339-82a2-471a-a3c9-0fc0be7a4093\",\r\n      \"roleDefinitionId\": \"4ef0580d-99c9-4f31-9dc9-a41478f2fbd8\"\r\n    }\r\n  ],\r\n  \"resourceTypes\": [\r\n    {\r\n      \"resourceType\": \"vaults\",\r\n      \"locations\": [\r\n        \"East US 2\",\r\n        \"Central US\",\r\n        \"North Central US\",\r\n        \"South Central US\"\r\n      ],\r\n      \"apiVersions\": [\r\n        \"2018-02-14-preview\",\r\n        \"2018-02-14\",\r\n        \"2016-10-01\",\r\n        \"2015-06-01\"\r\n      ],\r\n      \"capabilities\": \"CrossResourceGroupResourceMove, CrossSubscriptionResourceMove\"\r\n    },\r\n    {\r\n      \"resourceType\": \"vaults/secrets\",\r\n      \"locations\": [\r\n        \"East US 2\",\r\n        \"Central US\",\r\n        \"North Central US\",\r\n        \"South Central US\"\r\n      ],\r\n      \"apiVersions\": [\r\n        \"2018-02-14-preview\",\r\n        \"2018-02-14\",\r\n        \"2016-10-01\",\r\n        \"2015-06-01\"\r\n      ]\r\n    },\r\n    {\r\n      \"resourceType\": \"vaults/accessPolicies\",\r\n      \"locations\": [\r\n        \"East US 2\",\r\n        \"Central US\",\r\n        \"North Central US\",\r\n        \"South Central US\"\r\n      ],\r\n      \"apiVersions\": [\r\n        \"2018-02-14-preview\",\r\n        \"2018-02-14\",\r\n        \"2016-10-01\",\r\n        \"2015-06-01\"\r\n      ]\r\n    },\r\n    {\r\n      \"resourceType\": \"operations\",\r\n      \"locations\": [],\r\n      \"apiVersions\": [\r\n        \"2018-02-14-preview\",\r\n        \"2018-02-14\",\r\n        \"2016-10-01\",\r\n        \"2015-06-01\",\r\n        \"2014-12-19-preview\"\r\n      ]\r\n    },\r\n    {\r\n      \"resourceType\": \"checkNameAvailability\",\r\n      \"locations\": [],\r\n      \"apiVersions\": [\r\n        \"2018-02-14-preview\",\r\n        \"2018-02-14\",\r\n        \"2016-10-01\",\r\n        \"2015-06-01\"\r\n      ]\r\n    },\r\n    {\r\n      \"resourceType\": \"deletedVaults\",\r\n      \"locations\": [\r\n        \"East US 2\",\r\n        \"Central US\",\r\n        \"North Central US\",\r\n        \"South Central US\"\r\n      ],\r\n      \"apiVersions\": [\r\n        \"2018-02-14-preview\",\r\n        \"2018-02-14\",\r\n        \"2016-10-01\"\r\n      ]\r\n    },\r\n    {\r\n      \"resourceType\": \"locations\",\r\n      \"locations\": [],\r\n      \"apiVersions\": [\r\n        \"2018-02-14-preview\",\r\n        \"2018-02-14\",\r\n        \"2016-10-01\"\r\n      ]\r\n    },\r\n    {\r\n      \"resourceType\": \"locations/deletedVaults\",\r\n      \"locations\": [\r\n        \"East US 2\",\r\n        \"Central US\",\r\n        \"North Central US\",\r\n        \"South Central US\"\r\n      ],\r\n      \"apiVersions\": [\r\n        \"2018-02-14-preview\",\r\n        \"2018-02-14\",\r\n        \"2016-10-01\"\r\n      ]\r\n    },\r\n    {\r\n      \"resourceType\": \"locations/operationResults\",\r\n      \"locations\": [\r\n        \"East US 2\",\r\n        \"Central US\",\r\n        \"North Central US\",\r\n        \"South Central US\"\r\n      ],\r\n      \"apiVersions\": [\r\n        \"2018-02-14-preview\",\r\n        \"2018-02-14\",\r\n        \"2016-10-01\"\r\n      ]\r\n    },\r\n    {\r\n      \"resourceType\": \"hsmPools\",\r\n      \"locations\": [\r\n        \"East US 2\",\r\n        \"Central US\"\r\n      ],\r\n      \"apiVersions\": [\r\n        \"2018-02-14-preview\",\r\n        \"2018-02-14\",\r\n        \"2016-10-01\"\r\n      ],\r\n      \"capabilities\": \"CrossResourceGroupResourceMove, CrossSubscriptionResourceMove\"\r\n    },\r\n    {\r\n      \"resourceType\": \"vaults/eventGridFilters\",\r\n      \"locations\": [\r\n        \"East US 2\",\r\n        \"Central US\",\r\n        \"North Central US\",\r\n        \"South Central US\"\r\n      ],\r\n      \"apiVersions\": [\r\n        \"2018-02-14-preview\",\r\n        \"2018-02-14\",\r\n        \"2016-10-01\"\r\n      ]\r\n    }\r\n  ],\r\n  \"registrationState\": \"Registered\"\r\n}",
      "StatusCode": 200
    },
    {
      "RequestUri": "/subscriptions/3c729b2a-4f86-4bb2-abe8-4b8647af156c/resourceGroups/azsmnet6632/providers/Microsoft.KeyVault/vaults/keyvault9885?api-version=2018-02-14",
      "EncodedRequestUri": "L3N1YnNjcmlwdGlvbnMvM2M3MjliMmEtNGY4Ni00YmIyLWFiZTgtNGI4NjQ3YWYxNTZjL3Jlc291cmNlR3JvdXBzL2F6c21uZXQ2NjMyL3Byb3ZpZGVycy9NaWNyb3NvZnQuS2V5VmF1bHQvdmF1bHRzL2tleXZhdWx0OTg4NT9hcGktdmVyc2lvbj0yMDE4LTAyLTE0",
      "RequestMethod": "PUT",
      "RequestBody": "{\r\n  \"location\": \"northcentralus\",\r\n  \"properties\": {\r\n    \"tenantId\": \"f686d426-8d16-42db-81b7-ab578e110ccd\",\r\n    \"sku\": {\r\n      \"name\": \"standard\",\r\n      \"family\": \"A\"\r\n    },\r\n    \"accessPolicies\": [\r\n      {\r\n        \"tenantId\": \"f686d426-8d16-42db-81b7-ab578e110ccd\",\r\n        \"objectId\": \"95d3189e-7275-447c-a3c7-ddc0162b1a6b\",\r\n        \"permissions\": {\r\n          \"keys\": [\r\n            \"get\",\r\n            \"wrapKey\",\r\n            \"unwrapKey\",\r\n            \"create\",\r\n            \"delete\",\r\n            \"get\",\r\n            \"list\"\r\n          ]\r\n        }\r\n      },\r\n      {\r\n        \"tenantId\": \"f686d426-8d16-42db-81b7-ab578e110ccd\",\r\n        \"objectId\": \"053137a9-f95a-41a4-a220-b6141119261d\",\r\n        \"permissions\": {\r\n          \"keys\": [\r\n            \"get\",\r\n            \"wrapKey\",\r\n            \"unwrapKey\"\r\n          ]\r\n        }\r\n      },\r\n      {\r\n        \"tenantId\": \"f686d426-8d16-42db-81b7-ab578e110ccd\",\r\n        \"objectId\": \"55a05423-7beb-4a7b-8511-d355a08a28f8\",\r\n        \"permissions\": {\r\n          \"keys\": [\r\n            \"get\",\r\n            \"wrapKey\",\r\n            \"unwrapKey\"\r\n          ]\r\n        }\r\n      }\r\n    ]\r\n  }\r\n}",
      "RequestHeaders": {
        "x-ms-client-request-id": [
          "f046018d-a532-40b7-b753-ab461764c2cd"
        ],
        "accept-language": [
          "en-US"
        ],
        "User-Agent": [
          "FxVersion/4.6.26614.01",
          "OSName/Windows",
          "OSVersion/Microsoft.Windows.10.0.17763.",
          "Microsoft.Azure.Management.KeyVault.KeyVaultManagementClient/2.4.3.0"
        ],
        "Content-Type": [
          "application/json; charset=utf-8"
        ],
        "Content-Length": [
          "1149"
        ]
      },
      "ResponseHeaders": {
        "Cache-Control": [
          "no-cache"
        ],
        "Date": [
          "Fri, 19 Apr 2019 01:29:18 GMT"
        ],
        "Pragma": [
          "no-cache"
        ],
        "Server": [
          "Microsoft-IIS/10.0"
        ],
        "x-ms-keyvault-service-version": [
          "1.1.104.415"
        ],
        "Strict-Transport-Security": [
          "max-age=31536000; includeSubDomains"
        ],
        "X-Content-Type-Options": [
          "nosniff"
        ],
        "X-AspNet-Version": [
          "4.0.30319"
        ],
        "X-Powered-By": [
          "ASP.NET"
        ],
        "x-ms-ratelimit-remaining-subscription-writes": [
          "1195"
        ],
        "x-ms-request-id": [
          "c3801211-54a5-4132-88d8-e564645112f6"
        ],
        "x-ms-correlation-request-id": [
          "c3801211-54a5-4132-88d8-e564645112f6"
        ],
        "x-ms-routing-request-id": [
          "NORTHEUROPE:20190419T012918Z:c3801211-54a5-4132-88d8-e564645112f6"
        ],
        "Content-Length": [
          "974"
        ],
        "Content-Type": [
          "application/json; charset=utf-8"
        ],
        "Expires": [
          "-1"
        ]
      },
      "ResponseBody": "{\r\n  \"id\": \"/subscriptions/3c729b2a-4f86-4bb2-abe8-4b8647af156c/resourceGroups/azsmnet6632/providers/Microsoft.KeyVault/vaults/keyvault9885\",\r\n  \"name\": \"keyvault9885\",\r\n  \"type\": \"Microsoft.KeyVault/vaults\",\r\n  \"location\": \"northcentralus\",\r\n  \"tags\": {},\r\n  \"properties\": {\r\n    \"sku\": {\r\n      \"family\": \"A\",\r\n      \"name\": \"standard\"\r\n    },\r\n    \"tenantId\": \"f686d426-8d16-42db-81b7-ab578e110ccd\",\r\n    \"accessPolicies\": [\r\n      {\r\n        \"tenantId\": \"f686d426-8d16-42db-81b7-ab578e110ccd\",\r\n        \"objectId\": \"95d3189e-7275-447c-a3c7-ddc0162b1a6b\",\r\n        \"permissions\": {\r\n          \"keys\": [\r\n            \"get\",\r\n            \"wrapKey\",\r\n            \"unwrapKey\",\r\n            \"create\",\r\n            \"delete\",\r\n            \"get\",\r\n            \"list\"\r\n          ]\r\n        }\r\n      },\r\n      {\r\n        \"tenantId\": \"f686d426-8d16-42db-81b7-ab578e110ccd\",\r\n        \"objectId\": \"053137a9-f95a-41a4-a220-b6141119261d\",\r\n        \"permissions\": {\r\n          \"keys\": [\r\n            \"get\",\r\n            \"wrapKey\",\r\n            \"unwrapKey\"\r\n          ]\r\n        }\r\n      },\r\n      {\r\n        \"tenantId\": \"f686d426-8d16-42db-81b7-ab578e110ccd\",\r\n        \"objectId\": \"55a05423-7beb-4a7b-8511-d355a08a28f8\",\r\n        \"permissions\": {\r\n          \"keys\": [\r\n            \"get\",\r\n            \"wrapKey\",\r\n            \"unwrapKey\"\r\n          ]\r\n        }\r\n      }\r\n    ],\r\n    \"enabledForDeployment\": false,\r\n    \"vaultUri\": \"https://keyvault9885.vault-int.azure-int.net\",\r\n    \"provisioningState\": \"RegisteringDns\"\r\n  }\r\n}",
      "StatusCode": 200
    },
    {
      "RequestUri": "/subscriptions/3c729b2a-4f86-4bb2-abe8-4b8647af156c/resourceGroups/azsmnet6632/providers/Microsoft.KeyVault/vaults/keyvault9885?api-version=2018-02-14",
      "EncodedRequestUri": "L3N1YnNjcmlwdGlvbnMvM2M3MjliMmEtNGY4Ni00YmIyLWFiZTgtNGI4NjQ3YWYxNTZjL3Jlc291cmNlR3JvdXBzL2F6c21uZXQ2NjMyL3Byb3ZpZGVycy9NaWNyb3NvZnQuS2V5VmF1bHQvdmF1bHRzL2tleXZhdWx0OTg4NT9hcGktdmVyc2lvbj0yMDE4LTAyLTE0",
      "RequestMethod": "GET",
      "RequestBody": "",
      "RequestHeaders": {
        "User-Agent": [
          "FxVersion/4.6.26614.01",
          "OSName/Windows",
          "OSVersion/Microsoft.Windows.10.0.17763.",
          "Microsoft.Azure.Management.KeyVault.KeyVaultManagementClient/2.4.3.0"
        ]
      },
      "ResponseHeaders": {
        "Cache-Control": [
          "no-cache"
        ],
        "Date": [
          "Fri, 19 Apr 2019 01:29:48 GMT"
        ],
        "Pragma": [
          "no-cache"
        ],
        "Server": [
          "Microsoft-IIS/10.0"
        ],
        "x-ms-keyvault-service-version": [
          "1.1.104.415"
        ],
        "Strict-Transport-Security": [
          "max-age=31536000; includeSubDomains"
        ],
        "X-Content-Type-Options": [
          "nosniff"
        ],
        "X-AspNet-Version": [
          "4.0.30319"
        ],
        "X-Powered-By": [
          "ASP.NET"
        ],
        "x-ms-ratelimit-remaining-subscription-reads": [
          "14997"
        ],
        "x-ms-request-id": [
          "00fa5f54-7d65-405e-ba90-6c7973321fcf"
        ],
        "x-ms-correlation-request-id": [
          "00fa5f54-7d65-405e-ba90-6c7973321fcf"
        ],
        "x-ms-routing-request-id": [
          "NORTHEUROPE:20190419T012948Z:00fa5f54-7d65-405e-ba90-6c7973321fcf"
        ],
        "Content-Length": [
          "970"
        ],
        "Content-Type": [
          "application/json; charset=utf-8"
        ],
        "Expires": [
          "-1"
        ]
      },
      "ResponseBody": "{\r\n  \"id\": \"/subscriptions/3c729b2a-4f86-4bb2-abe8-4b8647af156c/resourceGroups/azsmnet6632/providers/Microsoft.KeyVault/vaults/keyvault9885\",\r\n  \"name\": \"keyvault9885\",\r\n  \"type\": \"Microsoft.KeyVault/vaults\",\r\n  \"location\": \"northcentralus\",\r\n  \"tags\": {},\r\n  \"properties\": {\r\n    \"sku\": {\r\n      \"family\": \"A\",\r\n      \"name\": \"standard\"\r\n    },\r\n    \"tenantId\": \"f686d426-8d16-42db-81b7-ab578e110ccd\",\r\n    \"accessPolicies\": [\r\n      {\r\n        \"tenantId\": \"f686d426-8d16-42db-81b7-ab578e110ccd\",\r\n        \"objectId\": \"95d3189e-7275-447c-a3c7-ddc0162b1a6b\",\r\n        \"permissions\": {\r\n          \"keys\": [\r\n            \"get\",\r\n            \"wrapKey\",\r\n            \"unwrapKey\",\r\n            \"create\",\r\n            \"delete\",\r\n            \"get\",\r\n            \"list\"\r\n          ]\r\n        }\r\n      },\r\n      {\r\n        \"tenantId\": \"f686d426-8d16-42db-81b7-ab578e110ccd\",\r\n        \"objectId\": \"053137a9-f95a-41a4-a220-b6141119261d\",\r\n        \"permissions\": {\r\n          \"keys\": [\r\n            \"get\",\r\n            \"wrapKey\",\r\n            \"unwrapKey\"\r\n          ]\r\n        }\r\n      },\r\n      {\r\n        \"tenantId\": \"f686d426-8d16-42db-81b7-ab578e110ccd\",\r\n        \"objectId\": \"55a05423-7beb-4a7b-8511-d355a08a28f8\",\r\n        \"permissions\": {\r\n          \"keys\": [\r\n            \"get\",\r\n            \"wrapKey\",\r\n            \"unwrapKey\"\r\n          ]\r\n        }\r\n      }\r\n    ],\r\n    \"enabledForDeployment\": false,\r\n    \"vaultUri\": \"https://keyvault9885.vault-int.azure-int.net/\",\r\n    \"provisioningState\": \"Succeeded\"\r\n  }\r\n}",
      "StatusCode": 200
    },
    {
      "RequestUri": "//keys/keyvaultkey7903/create?api-version=2016-10-01",
      "EncodedRequestUri": "Ly9rZXlzL2tleXZhdWx0a2V5NzkwMy9jcmVhdGU/YXBpLXZlcnNpb249MjAxNi0xMC0wMQ==",
      "RequestMethod": "POST",
      "RequestBody": "{\r\n  \"kty\": \"RSA\",\r\n  \"key_size\": 2048,\r\n  \"key_ops\": [\r\n    \"encrypt\",\r\n    \"decrypt\",\r\n    \"sign\",\r\n    \"verify\",\r\n    \"wrapKey\",\r\n    \"unwrapKey\"\r\n  ],\r\n  \"attributes\": {}\r\n}",
      "RequestHeaders": {
        "x-ms-client-request-id": [
          "0482dd3c-1c45-441e-b2e8-70f0d7bc8931"
        ],
        "accept-language": [
          "en-US"
        ],
        "User-Agent": [
          "FxVersion/4.6.26614.01",
          "OSName/Windows",
          "OSVersion/Microsoft.Windows.10.0.17763.",
          "Microsoft.Azure.KeyVault.KeyVaultClient/2.3.2.0"
        ],
        "Content-Type": [
          "application/json; charset=utf-8"
        ],
        "Content-Length": [
          "177"
        ]
      },
      "ResponseHeaders": {
        "Cache-Control": [
          "no-cache"
        ],
        "Date": [
          "Fri, 19 Apr 2019 01:29:54 GMT"
        ],
        "Pragma": [
          "no-cache"
        ],
        "Server": [
          "Microsoft-IIS/10.0"
        ],
        "x-ms-keyvault-region": [
          "northcentralus"
        ],
        "x-ms-request-id": [
          "71bdb160-a517-4f65-91dc-4a7b2111c14f"
        ],
        "x-ms-keyvault-service-version": [
          "1.1.112.236"
        ],
        "x-ms-keyvault-network-info": [
          "addr=167.220.2.194;act_addr_fam=InterNetwork;"
        ],
        "x-ms-keyvault-perf-info": [
          "latency=470;machine=RD00155D4291B9;cpu0=_Total:1.5;"
        ],
        "X-AspNet-Version": [
          "4.0.30319"
        ],
        "X-Powered-By": [
          "ASP.NET"
        ],
        "Strict-Transport-Security": [
          "max-age=31536000;includeSubDomains"
        ],
        "X-Content-Type-Options": [
          "nosniff"
        ],
        "Content-Length": [
          "658"
        ],
        "Content-Type": [
          "application/json; charset=utf-8"
        ],
        "Expires": [
          "-1"
        ]
      },
      "ResponseBody": "{\r\n  \"key\": {\r\n    \"kid\": \"https://keyvault9885.vault-int.azure-int.net/keys/keyvaultkey7903/826d3fdb22924a67a339cfe8dc0b4a4e\",\r\n    \"kty\": \"RSA\",\r\n    \"key_ops\": [\r\n      \"encrypt\",\r\n      \"decrypt\",\r\n      \"sign\",\r\n      \"verify\",\r\n      \"wrapKey\",\r\n      \"unwrapKey\"\r\n    ],\r\n    \"n\": \"qF_zCsJVTvisaaER5lZUHLwZFrPGKUV_hh2qCFpNjlhp7y1GUgnlIBLNasqNJkd7XgshHVtKtm-dPeFRTT3OlhgBLZ0AuHWD8PGIm1dSmPCLKIKrIr5oEWbQhAfR_8CiV-bo1WB4tzZIOyW1em7PrmlyAXs5wmHZWsuXuAR93PaRG2fiVgDzoWSszkMmCRFhUzwXIBIR5HNur_eWMGLcm8zSWdUMoVRLFMZyo0UVnUQcNMnqwQb5UF1_FhQwo2u3rbOsO823_fYUpOBowuMm03qa8XTXyogxEZMIuT9z_MPaVGtG46kHqS2ufPnx67yehkQpMh8ns3AfOvVIAgHDDw\",\r\n    \"e\": \"AQAB\"\r\n  },\r\n  \"attributes\": {\r\n    \"enabled\": true,\r\n    \"created\": 1555637395,\r\n    \"updated\": 1555637395,\r\n    \"recoveryLevel\": \"Purgeable\"\r\n  }\r\n}",
      "StatusCode": 200
    },
    {
      "RequestUri": "/indexes?api-version=2017-11-11-Preview",
      "EncodedRequestUri": "L2luZGV4ZXM/YXBpLXZlcnNpb249MjAxNy0xMS0xMS1QcmV2aWV3",
      "RequestMethod": "POST",
      "RequestBody": "{\r\n  \"name\": \"azsmnet3008\",\r\n  \"fields\": [\r\n    {\r\n      \"name\": \"hotelId\",\r\n      \"type\": \"Edm.String\",\r\n      \"key\": true,\r\n      \"retrievable\": true,\r\n      \"searchable\": false,\r\n      \"filterable\": true,\r\n      \"sortable\": true,\r\n      \"facetable\": true\r\n    },\r\n    {\r\n      \"name\": \"description\",\r\n      \"type\": \"Edm.String\",\r\n      \"key\": false,\r\n      \"retrievable\": true,\r\n      \"searchable\": true,\r\n      \"filterable\": false,\r\n      \"sortable\": false,\r\n      \"facetable\": false\r\n    }\r\n  ],\r\n  \"encryptionKey\": {\r\n    \"keyVaultKeyName\": \"keyvaultkey7903\",\r\n    \"keyVaultKeyVersion\": \"826d3fdb22924a67a339cfe8dc0b4a4e\",\r\n    \"keyVaultUri\": \"https://keyvault9885.vault-int.azure-int.net/\",\r\n    \"accessCredentials\": {\r\n      \"applicationId\": \"c74474ff-dae3-4e4a-be9a-6fa626a5e314\",\r\n      \"applicationSecret\": \"G(#0i^]?[T&l?X!:p+(@>!*/.N)>*#)+_\"\r\n    }\r\n  }\r\n}",
      "RequestHeaders": {
        "client-request-id": [
          "96d3750d-b856-4358-8dbd-9bb06b6dc85a"
        ],
        "accept-language": [
          "en-US"
        ],
        "api-key": [
          "7E5628D776739531EC1BED659F97CBC0"
        ],
        "User-Agent": [
          "FxVersion/4.6.26614.01",
          "OSName/Windows",
          "OSVersion/Microsoft.Windows.10.0.17763.",
          "Microsoft.Azure.Search.SearchServiceClient/8.0.0.0"
        ],
        "Content-Type": [
          "application/json; charset=utf-8"
        ],
        "Content-Length": [
          "868"
        ]
      },
      "ResponseHeaders": {
        "Cache-Control": [
          "no-cache"
        ],
        "Date": [
          "Fri, 19 Apr 2019 01:30:34 GMT"
        ],
        "Pragma": [
          "no-cache"
        ],
        "ETag": [
          "W/\"0x8D6C4669EBF68A1\""
        ],
        "Location": [
          "https://azs-7164.search-dogfood.windows-int.net/indexes('azsmnet3008')?api-version=2017-11-11-Preview"
        ],
        "request-id": [
          "96d3750d-b856-4358-8dbd-9bb06b6dc85a"
        ],
        "elapsed-time": [
          "37545"
        ],
        "OData-Version": [
          "4.0"
        ],
        "Preference-Applied": [
          "odata.include-annotations=\"*\""
        ],
        "Strict-Transport-Security": [
          "max-age=15724800; includeSubDomains"
        ],
        "Content-Length": [
          "1057"
        ],
        "Content-Type": [
          "application/json; odata.metadata=minimal"
        ],
        "Expires": [
          "-1"
        ]
      },
      "ResponseBody": "{\r\n  \"@odata.context\": \"https://azs-7164.search-dogfood.windows-int.net/$metadata#indexes/$entity\",\r\n  \"@odata.etag\": \"\\\"0x8D6C4669EBF68A1\\\"\",\r\n  \"name\": \"azsmnet3008\",\r\n  \"defaultScoringProfile\": null,\r\n  \"fields\": [\r\n    {\r\n      \"name\": \"hotelId\",\r\n      \"type\": \"Edm.String\",\r\n      \"searchable\": false,\r\n      \"filterable\": true,\r\n      \"retrievable\": true,\r\n      \"sortable\": true,\r\n      \"facetable\": true,\r\n      \"key\": true,\r\n      \"indexAnalyzer\": null,\r\n      \"searchAnalyzer\": null,\r\n      \"analyzer\": null,\r\n      \"synonymMaps\": []\r\n    },\r\n    {\r\n      \"name\": \"description\",\r\n      \"type\": \"Edm.String\",\r\n      \"searchable\": true,\r\n      \"filterable\": false,\r\n      \"retrievable\": true,\r\n      \"sortable\": false,\r\n      \"facetable\": false,\r\n      \"key\": false,\r\n      \"indexAnalyzer\": null,\r\n      \"searchAnalyzer\": null,\r\n      \"analyzer\": null,\r\n      \"synonymMaps\": []\r\n    }\r\n  ],\r\n  \"scoringProfiles\": [],\r\n  \"corsOptions\": null,\r\n  \"suggesters\": [],\r\n  \"analyzers\": [],\r\n  \"tokenizers\": [],\r\n  \"tokenFilters\": [],\r\n  \"charFilters\": [],\r\n  \"encryptionKey\": {\r\n    \"keyVaultKeyName\": \"keyvaultkey7903\",\r\n    \"keyVaultKeyVersion\": \"826d3fdb22924a67a339cfe8dc0b4a4e\",\r\n    \"keyVaultUri\": \"https://keyvault9885.vault-int.azure-int.net/\",\r\n    \"accessCredentials\": {\r\n      \"applicationId\": \"c74474ff-dae3-4e4a-be9a-6fa626a5e314\",\r\n      \"applicationSecret\": \"G(#0i^]?[T&l?X!:p+(@>!*/.N)>*#)+_\"\r\n    }\r\n  }\r\n}",
      "StatusCode": 201
    },
    {
      "RequestUri": "/subscriptions/3c729b2a-4f86-4bb2-abe8-4b8647af156c/resourceGroups/azsmnet6632/providers/Microsoft.KeyVault/vaults/keyvault9885?api-version=2018-02-14",
      "EncodedRequestUri": "L3N1YnNjcmlwdGlvbnMvM2M3MjliMmEtNGY4Ni00YmIyLWFiZTgtNGI4NjQ3YWYxNTZjL3Jlc291cmNlR3JvdXBzL2F6c21uZXQ2NjMyL3Byb3ZpZGVycy9NaWNyb3NvZnQuS2V5VmF1bHQvdmF1bHRzL2tleXZhdWx0OTg4NT9hcGktdmVyc2lvbj0yMDE4LTAyLTE0",
      "RequestMethod": "DELETE",
      "RequestBody": "",
      "RequestHeaders": {
        "x-ms-client-request-id": [
          "a8c0d0e3-be11-4a72-b517-9777eaef38fc"
        ],
        "accept-language": [
          "en-US"
        ],
        "User-Agent": [
          "FxVersion/4.6.26614.01",
          "OSName/Windows",
          "OSVersion/Microsoft.Windows.10.0.17763.",
          "Microsoft.Azure.Management.KeyVault.KeyVaultManagementClient/2.4.3.0"
        ]
      },
      "ResponseHeaders": {
        "Cache-Control": [
          "no-cache"
        ],
        "Date": [
          "Fri, 19 Apr 2019 01:30:37 GMT"
        ],
        "Pragma": [
          "no-cache"
        ],
        "Server": [
          "Microsoft-IIS/10.0"
        ],
        "x-ms-keyvault-service-version": [
          "1.1.104.415"
        ],
        "Strict-Transport-Security": [
          "max-age=31536000; includeSubDomains"
        ],
        "X-Content-Type-Options": [
          "nosniff"
        ],
        "X-AspNet-Version": [
          "4.0.30319"
        ],
        "X-Powered-By": [
          "ASP.NET"
        ],
        "x-ms-ratelimit-remaining-subscription-deletes": [
          "14994"
        ],
        "x-ms-request-id": [
          "a12d28b3-9196-41e5-94f6-66362fbeaca9"
        ],
        "x-ms-correlation-request-id": [
          "a12d28b3-9196-41e5-94f6-66362fbeaca9"
        ],
        "x-ms-routing-request-id": [
          "NORTHEUROPE:20190419T013038Z:a12d28b3-9196-41e5-94f6-66362fbeaca9"
        ],
        "Content-Length": [
          "0"
        ],
        "Expires": [
          "-1"
        ]
      },
      "ResponseBody": "",
      "StatusCode": 200
    },
    {
      "RequestUri": "/subscriptions/3c729b2a-4f86-4bb2-abe8-4b8647af156c/resourceGroups/azsmnet6632/providers/Microsoft.Search/searchServices/azs-7164?api-version=2015-08-19",
      "EncodedRequestUri": "L3N1YnNjcmlwdGlvbnMvM2M3MjliMmEtNGY4Ni00YmIyLWFiZTgtNGI4NjQ3YWYxNTZjL3Jlc291cmNlR3JvdXBzL2F6c21uZXQ2NjMyL3Byb3ZpZGVycy9NaWNyb3NvZnQuU2VhcmNoL3NlYXJjaFNlcnZpY2VzL2F6cy03MTY0P2FwaS12ZXJzaW9uPTIwMTUtMDgtMTk=",
      "RequestMethod": "DELETE",
      "RequestBody": "",
      "RequestHeaders": {
        "x-ms-client-request-id": [
          "309b03b4-4b4c-4306-a850-ab101ec1a10e"
        ],
        "accept-language": [
          "en-US"
        ],
        "User-Agent": [
          "FxVersion/4.6.26614.01",
          "OSName/Windows",
          "OSVersion/Microsoft.Windows.10.0.17763.",
          "Microsoft.Azure.Management.Search.SearchManagementClient/3.0.0.0"
        ]
      },
      "ResponseHeaders": {
        "Cache-Control": [
          "no-cache"
        ],
        "Date": [
          "Fri, 19 Apr 2019 01:30:43 GMT"
        ],
        "Pragma": [
          "no-cache"
        ],
        "x-ms-request-id": [
          "309b03b4-4b4c-4306-a850-ab101ec1a10e"
        ],
        "request-id": [
          "309b03b4-4b4c-4306-a850-ab101ec1a10e"
        ],
        "elapsed-time": [
          "2006"
        ],
        "Strict-Transport-Security": [
          "max-age=31536000; includeSubDomains"
        ],
        "x-ms-ratelimit-remaining-subscription-deletes": [
          "14996"
        ],
        "x-ms-correlation-request-id": [
          "0250e8d0-041c-4fcf-932e-cc5aef0ac1c0"
        ],
        "x-ms-routing-request-id": [
          "NORTHEUROPE:20190419T013043Z:0250e8d0-041c-4fcf-932e-cc5aef0ac1c0"
        ],
        "X-Content-Type-Options": [
          "nosniff"
        ],
        "Content-Length": [
          "0"
        ],
        "Expires": [
          "-1"
        ]
      },
      "ResponseBody": "",
      "StatusCode": 200
    }
  ],
  "Names": {
    "GenerateName": [
      "azsmnet6632",
      "azsmnet3008"
    ],
    "GenerateServiceName": [
      "azs-7164"
    ],
    "CreateKeyVault": [
      "keyvault9885"
    ],
    "CreateKeyVaultKey": [
      "keyvaultkey7903"
    ]
  },
  "Variables": {
    "SubscriptionId": "3c729b2a-4f86-4bb2-abe8-4b8647af156c"
  }
}