{
  "Entries": [
    {
      "RequestUri": "https://management.azure.com/subscriptions/db1ab6f0-4769-4b27-930e-01e2ef9c123c?api-version=2019-11-01",
      "RequestMethod": "GET",
      "RequestHeaders": {
        "Accept": "application/json",
        "Authorization": "Sanitized",
        "traceparent": "00-f0dde801d797924493e07e65b8a33bfb-5f495e816ab9cd49-00",
        "User-Agent": "azsdk-net-ResourceManager/1.0.0-alpha.20211025.1 (.NET Framework 4.8.4420.0; Microsoft Windows 10.0.22000 )",
        "x-ms-client-request-id": "2c291f98e93b517fcfc05fe172489e92",
        "x-ms-return-client-request-id": "true"
      },
      "RequestBody": null,
      "StatusCode": 200,
      "ResponseHeaders": {
        "Cache-Control": "no-cache",
        "Content-Length": "468",
        "Content-Type": "application/json; charset=utf-8",
        "Date": "Mon, 25 Oct 2021 18:21:06 GMT",
        "Expires": "-1",
        "Pragma": "no-cache",
        "Strict-Transport-Security": "max-age=31536000; includeSubDomains",
        "X-Content-Type-Options": "nosniff",
        "x-ms-correlation-request-id": "52683873-9dff-4a17-b946-3ec5425e01e6",
        "x-ms-ratelimit-remaining-subscription-reads": "11981",
        "x-ms-request-id": "52683873-9dff-4a17-b946-3ec5425e01e6",
        "x-ms-routing-request-id": "WESTUS2:20211025T182106Z:52683873-9dff-4a17-b946-3ec5425e01e6"
      },
      "ResponseBody": {
        "id": "/subscriptions/db1ab6f0-4769-4b27-930e-01e2ef9c123c",
        "authorizationSource": "RoleBased",
        "managedByTenants": [],
        "tags": {
          "tagKey1": "tagValue1",
          "tagKey2": "tagValue2"
        },
        "subscriptionId": "db1ab6f0-4769-4b27-930e-01e2ef9c123c",
        "tenantId": "72f988bf-86f1-41af-91ab-2d7cd011db47",
        "displayName": ".NET Mgmt SDK Test with TTL = 1 Day",
        "state": "Enabled",
        "subscriptionPolicies": {
          "locationPlacementId": "Internal_2014-09-01",
          "quotaId": "Internal_2014-09-01",
          "spendingLimit": "Off"
        }
      }
    },
    {
      "RequestUri": "https://management.azure.com/subscriptions/db1ab6f0-4769-4b27-930e-01e2ef9c123c/tagNames/tagName5528?api-version=2019-10-01",
      "RequestMethod": "PUT",
      "RequestHeaders": {
        "Accept": "application/json",
        "Authorization": "Sanitized",
        "User-Agent": "azsdk-net-ResourceManager/1.0.0-alpha.20211025.1 (.NET Framework 4.8.4420.0; Microsoft Windows 10.0.22000 )",
        "x-ms-client-request-id": "db9e0c6c59e13dc8181973362a61e461",
        "x-ms-return-client-request-id": "true"
      },
      "RequestBody": null,
      "StatusCode": 201,
      "ResponseHeaders": {
        "Cache-Control": "no-cache",
        "Content-Length": "152",
        "Content-Type": "application/json; charset=utf-8",
        "Date": "Mon, 25 Oct 2021 18:21:06 GMT",
        "Expires": "-1",
        "Pragma": "no-cache",
        "Strict-Transport-Security": "max-age=31536000; includeSubDomains",
        "X-Content-Type-Options": "nosniff",
        "x-ms-correlation-request-id": "397b7d3d-2539-4820-8526-78951b05e317",
        "x-ms-ratelimit-remaining-subscription-writes": "1187",
        "x-ms-request-id": "397b7d3d-2539-4820-8526-78951b05e317",
        "x-ms-routing-request-id": "WESTUS2:20211025T182107Z:397b7d3d-2539-4820-8526-78951b05e317"
      },
      "ResponseBody": {
        "id": "/subscriptions/db1ab6f0-4769-4b27-930e-01e2ef9c123c/tagNames/tagName5528",
        "tagName": "tagName5528",
        "count": {
          "type": "Total",
          "value": 0
        },
        "values": []
      }
    },
    {
      "RequestUri": "https://management.azure.com/subscriptions/db1ab6f0-4769-4b27-930e-01e2ef9c123c/tagNames/tagName5528/tagValues/testValue?api-version=2019-10-01",
      "RequestMethod": "PUT",
      "RequestHeaders": {
        "Accept": "application/json",
        "Authorization": "Sanitized",
        "User-Agent": "azsdk-net-ResourceManager/1.0.0-alpha.20211025.1 (.NET Framework 4.8.4420.0; Microsoft Windows 10.0.22000 )",
        "x-ms-client-request-id": "b06d2bb3195093e8b5a62e6145846dd0",
        "x-ms-return-client-request-id": "true"
      },
      "RequestBody": null,
      "StatusCode": 201,
      "ResponseHeaders": {
        "Cache-Control": "no-cache",
        "Content-Length": "159",
        "Content-Type": "application/json; charset=utf-8",
        "Date": "Mon, 25 Oct 2021 18:21:07 GMT",
        "Expires": "-1",
        "Pragma": "no-cache",
        "Strict-Transport-Security": "max-age=31536000; includeSubDomains",
        "X-Content-Type-Options": "nosniff",
        "x-ms-correlation-request-id": "6797533c-cb04-4c0d-994f-2664b2105a42",
        "x-ms-ratelimit-remaining-subscription-writes": "1186",
        "x-ms-request-id": "6797533c-cb04-4c0d-994f-2664b2105a42",
        "x-ms-routing-request-id": "WESTUS2:20211025T182107Z:6797533c-cb04-4c0d-994f-2664b2105a42"
      },
      "ResponseBody": {
        "id": "/subscriptions/db1ab6f0-4769-4b27-930e-01e2ef9c123c/tagNames/tagName5528/tagValues/testValue",
        "tagValue": "testValue",
        "count": {
          "type": "Total",
          "value": 0
        }
      }
    },
    {
      "RequestUri": "https://management.azure.com/subscriptions/db1ab6f0-4769-4b27-930e-01e2ef9c123c/tagNames/tagName5528/tagValues/testValue?api-version=2019-10-01",
      "RequestMethod": "DELETE",
      "RequestHeaders": {
        "Accept": "application/json",
        "Authorization": "Sanitized",
        "User-Agent": "azsdk-net-ResourceManager/1.0.0-alpha.20211025.1 (.NET Framework 4.8.4420.0; Microsoft Windows 10.0.22000 )",
        "x-ms-client-request-id": "27de21801ac33fb656eb14217648276d",
        "x-ms-return-client-request-id": "true"
      },
      "RequestBody": null,
      "StatusCode": 200,
      "ResponseHeaders": {
        "Cache-Control": "no-cache",
        "Content-Length": "0",
        "Date": "Mon, 25 Oct 2021 18:21:07 GMT",
        "Expires": "-1",
        "Pragma": "no-cache",
        "Strict-Transport-Security": "max-age=31536000; includeSubDomains",
        "X-Content-Type-Options": "nosniff",
        "x-ms-correlation-request-id": "f0858dd4-6c85-4b45-8382-6ffa1e1a1899",
        "x-ms-ratelimit-remaining-subscription-deletes": "14977",
        "x-ms-request-id": "f0858dd4-6c85-4b45-8382-6ffa1e1a1899",
        "x-ms-routing-request-id": "WESTUS2:20211025T182108Z:f0858dd4-6c85-4b45-8382-6ffa1e1a1899"
      },
      "ResponseBody": []
    },
    {
      "RequestUri": "https://management.azure.com/subscriptions/db1ab6f0-4769-4b27-930e-01e2ef9c123c/tagNames?api-version=2019-10-01",
      "RequestMethod": "GET",
      "RequestHeaders": {
        "Accept": "application/json",
        "Authorization": "Sanitized",
        "User-Agent": "azsdk-net-ResourceManager/1.0.0-alpha.20211025.1 (.NET Framework 4.8.4420.0; Microsoft Windows 10.0.22000 )",
        "x-ms-client-request-id": "462dfedbedda5341240a263a2a66f894",
        "x-ms-return-client-request-id": "true"
      },
      "RequestBody": null,
      "StatusCode": 200,
      "ResponseHeaders": {
        "Cache-Control": "no-cache",
        "Content-Length": "3182",
        "Content-Type": "application/json; charset=utf-8",
        "Date": "Mon, 25 Oct 2021 18:21:07 GMT",
        "Expires": "-1",
        "Pragma": "no-cache",
        "Strict-Transport-Security": "max-age=31536000; includeSubDomains",
        "X-Content-Type-Options": "nosniff",
        "x-ms-correlation-request-id": "77cc3e3a-3c7f-476f-beaa-90390c655018",
        "x-ms-ratelimit-remaining-subscription-reads": "11980",
        "x-ms-request-id": "77cc3e3a-3c7f-476f-beaa-90390c655018",
        "x-ms-routing-request-id": "WESTUS2:20211025T182108Z:77cc3e3a-3c7f-476f-beaa-90390c655018"
      },
      "ResponseBody": {
        "value": [
          {
            "id": "/subscriptions/db1ab6f0-4769-4b27-930e-01e2ef9c123c/tagNames/key1",
            "tagName": "key1",
            "count": {
              "type": "Total",
              "value": 2
            },
            "values": [
              {
                "id": "/subscriptions/db1ab6f0-4769-4b27-930e-01e2ef9c123c/tagNames/key1/tagValues/value1",
                "tagValue": "value1",
                "count": {
                  "type": "Total",
                  "value": 2
                }
              }
            ]
          },
          {
            "id": "/subscriptions/db1ab6f0-4769-4b27-930e-01e2ef9c123c/tagNames/key2",
            "tagName": "key2",
            "count": {
              "type": "Total",
              "value": 2
            },
            "values": [
              {
                "id": "/subscriptions/db1ab6f0-4769-4b27-930e-01e2ef9c123c/tagNames/key2/tagValues/value2",
                "tagValue": "value2",
                "count": {
                  "type": "Total",
                  "value": 2
                }
              }
            ]
          },
          {
            "id": "/subscriptions/db1ab6f0-4769-4b27-930e-01e2ef9c123c/tagNames/tag1",
            "tagName": "tag1",
            "count": {
              "type": "Total",
              "value": 2
            },
            "values": [
              {
                "id": "/subscriptions/db1ab6f0-4769-4b27-930e-01e2ef9c123c/tagNames/tag1/tagValues/value1",
                "tagValue": "value1",
                "count": {
                  "type": "Total",
                  "value": 2
                }
              }
            ]
          },
          {
            "id": "/subscriptions/db1ab6f0-4769-4b27-930e-01e2ef9c123c/tagNames/tag2",
            "tagName": "tag2",
            "count": {
              "type": "Total",
              "value": 2
            },
            "values": [
              {
                "id": "/subscriptions/db1ab6f0-4769-4b27-930e-01e2ef9c123c/tagNames/tag2/tagValues/value2",
                "tagValue": "value2",
                "count": {
                  "type": "Total",
                  "value": 2
                }
              }
            ]
          },
          {
            "id": "/subscriptions/db1ab6f0-4769-4b27-930e-01e2ef9c123c/tagNames/defaultExperience",
            "tagName": "defaultExperience",
            "count": {
              "type": "Total",
              "value": 1
            },
            "values": [
              {
                "id": "/subscriptions/db1ab6f0-4769-4b27-930e-01e2ef9c123c/tagNames/defaultExperience/tagValues/Azure Cosmos DB for MongoDB API",
                "tagValue": "Azure Cosmos DB for MongoDB API",
                "count": {
                  "type": "Total",
                  "value": 1
                }
              }
            ]
          },
          {
            "id": "/subscriptions/db1ab6f0-4769-4b27-930e-01e2ef9c123c/tagNames/PredefinedTag1",
            "tagName": "PredefinedTag1",
            "count": {
              "type": "Total",
              "value": 0
            },
            "values": [
              {
                "id": "/subscriptions/db1ab6f0-4769-4b27-930e-01e2ef9c123c/tagNames/PredefinedTag1/tagValues/DefaultValue",
                "tagValue": "DefaultValue",
                "count": {
                  "type": "Total",
                  "value": 0
                }
              }
            ]
          },
          {
            "id": "/subscriptions/db1ab6f0-4769-4b27-930e-01e2ef9c123c/tagNames/test",
            "tagName": "test",
            "count": {
              "type": "Total",
              "value": 1
            },
            "values": [
              {
                "id": "/subscriptions/db1ab6f0-4769-4b27-930e-01e2ef9c123c/tagNames/test/tagValues/env",
                "tagValue": "env",
                "count": {
                  "type": "Total",
                  "value": 1
                }
              }
            ]
          },
          {
            "id": "/subscriptions/db1ab6f0-4769-4b27-930e-01e2ef9c123c/tagNames/tagKey1",
            "tagName": "tagKey1",
            "count": {
              "type": "Total",
              "value": 1
            },
            "values": [
              {
                "id": "/subscriptions/db1ab6f0-4769-4b27-930e-01e2ef9c123c/tagNames/tagKey1/tagValues/tagValue1",
                "tagValue": "tagValue1",
                "count": {
                  "type": "Total",
                  "value": 1
                }
              }
            ]
          },
          {
            "id": "/subscriptions/db1ab6f0-4769-4b27-930e-01e2ef9c123c/tagNames/tagKey2",
            "tagName": "tagKey2",
            "count": {
              "type": "Total",
              "value": 1
            },
            "values": [
              {
                "id": "/subscriptions/db1ab6f0-4769-4b27-930e-01e2ef9c123c/tagNames/tagKey2/tagValues/tagValue2",
                "tagValue": "tagValue2",
                "count": {
                  "type": "Total",
                  "value": 1
                }
              }
            ]
          },
          {
            "id": "/subscriptions/db1ab6f0-4769-4b27-930e-01e2ef9c123c/tagNames/csmtg7063",
            "tagName": "csmtg7063",
            "count": {
              "type": "Total",
              "value": 0
            },
            "values": []
          },
          {
            "id": "/subscriptions/db1ab6f0-4769-4b27-930e-01e2ef9c123c/tagNames/csmtg9684",
            "tagName": "csmtg9684",
            "count": {
              "type": "Total",
              "value": 0
            },
            "values": []
          },
          {
            "id": "/subscriptions/db1ab6f0-4769-4b27-930e-01e2ef9c123c/tagNames/tagName5528",
            "tagName": "tagName5528",
            "count": {
              "type": "Total",
              "value": 0
            },
            "values": []
          }
        ]
      }
    },
    {
      "RequestUri": "https://management.azure.com/subscriptions/db1ab6f0-4769-4b27-930e-01e2ef9c123c/tagNames/tagName5528?api-version=2019-10-01",
      "RequestMethod": "DELETE",
      "RequestHeaders": {
        "Accept": "application/json",
        "Authorization": "Sanitized",
        "User-Agent": "azsdk-net-ResourceManager/1.0.0-alpha.20211025.1 (.NET Framework 4.8.4420.0; Microsoft Windows 10.0.22000 )",
        "x-ms-client-request-id": "08b5a2abbd83999e752e596505c71d6c",
        "x-ms-return-client-request-id": "true"
      },
      "RequestBody": null,
      "StatusCode": 200,
      "ResponseHeaders": {
        "Cache-Control": "no-cache",
        "Content-Length": "0",
        "Date": "Mon, 25 Oct 2021 18:21:08 GMT",
        "Expires": "-1",
        "Pragma": "no-cache",
        "Strict-Transport-Security": "max-age=31536000; includeSubDomains",
        "X-Content-Type-Options": "nosniff",
        "x-ms-correlation-request-id": "08aba965-6b9f-4dbf-9195-2997b2c5e552",
        "x-ms-ratelimit-remaining-subscription-deletes": "14976",
        "x-ms-request-id": "08aba965-6b9f-4dbf-9195-2997b2c5e552",
        "x-ms-routing-request-id": "WESTUS2:20211025T182108Z:08aba965-6b9f-4dbf-9195-2997b2c5e552"
      },
      "ResponseBody": []
    }
  ],
  "Variables": {
    "RandomSeed": "1665969137",
    "RESOURCE_MANAGER_URL": null,
    "SUBSCRIPTION_ID": "db1ab6f0-4769-4b27-930e-01e2ef9c123c"
  }
}