{
  "Entries": [
    {
      "RequestUri": "https://management.azure.com/subscriptions/db1ab6f0-4769-4b27-930e-01e2ef9c123c?api-version=2021-01-01",
      "RequestMethod": "GET",
      "RequestHeaders": {
        "Accept": "application/json",
        "Authorization": "Sanitized",
        "traceparent": "00-4a617cfdfadd2376542086a83702b32e-0a094f7b8a0e1931-00",
        "User-Agent": "azsdk-net-ResourceManager/1.6.0 (.NET 7.0.7; Microsoft Windows 10.0.22621)",
        "x-ms-client-request-id": "cb50a766eb2ad19ae6d3fd3f3d94de7e",
        "x-ms-return-client-request-id": "true"
      },
      "RequestBody": null,
      "StatusCode": 200,
      "ResponseHeaders": {
        "Cache-Control": "no-cache",
        "Content-Length": "748",
        "Content-Type": "application/json; charset=utf-8",
        "Date": "Wed, 28 Jun 2023 08:47:24 GMT",
        "Expires": "-1",
        "Pragma": "no-cache",
        "Strict-Transport-Security": "max-age=31536000; includeSubDomains",
        "X-Content-Type-Options": "nosniff",
        "x-ms-correlation-request-id": "ce06f9a4-a3cb-4676-a4cc-f25aae1f29a0",
        "x-ms-ratelimit-remaining-subscription-reads": "11985",
        "x-ms-request-id": "ce06f9a4-a3cb-4676-a4cc-f25aae1f29a0",
        "x-ms-routing-request-id": "SOUTHEASTASIA:20230628T084725Z:ce06f9a4-a3cb-4676-a4cc-f25aae1f29a0"
      },
      "ResponseBody": {
        "id": "/subscriptions/db1ab6f0-4769-4b27-930e-01e2ef9c123c",
        "authorizationSource": "RoleBased",
        "managedByTenants": [],
        "tags": {
          "TagKey-9823": "TagValue-1254",
          "TagKey-3481": "TagValue-320",
          "TagKey-4926": "TagValue-1187",
          "TagKey-751": "TagValue-3921",
          "TagKey-1866": "TagValue-8559",
          "TagKey-3094": "TagValue-9190",
          "TagKey-2449": "TagValue-9",
          "TagKey-8379": "TagValue-164",
          "TagKey-7470": "TagValue-2205",
          "TagKey-4236": "TagValue-3698",
          "TagKey-5316": "TagValue-2725"
        },
        "subscriptionId": "db1ab6f0-4769-4b27-930e-01e2ef9c123c",
        "tenantId": "72f988bf-86f1-41af-91ab-2d7cd011db47",
        "displayName": ".NET Mgmt SDK Test with TTL = 1 Day",
        "state": "Enabled",
        "subscriptionPolicies": {
          "locationPlacementId": "Internal_2014-09-01",
          "quotaId": "Internal_2014-09-01",
          "spendingLimit": "Off"
        }
      }
    },
    {
      "RequestUri": "https://management.azure.com/subscriptions/db1ab6f0-4769-4b27-930e-01e2ef9c123c/resourcegroups/csmrg4564?api-version=**",
      "RequestMethod": "PUT",
      "RequestHeaders": {
        "Accept": "application/json",
        "Authorization": "Sanitized",
        "Content-Length": "21",
        "Content-Type": "application/json",
        "traceparent": "00-f45c910f64f4ff7e45f5ca5cdb774e79-1ba59a5d01cbe141-00",
        "User-Agent": "azsdk-net-ResourceManager/1.6.0 (.NET 7.0.7; Microsoft Windows 10.0.22621)",
        "x-ms-client-request-id": "0bae94da5f001bb0ff5b06519f375c50",
        "x-ms-return-client-request-id": "true"
      },
      "RequestBody": {
        "location": "westus"
      },
      "StatusCode": 201,
      "ResponseHeaders": {
        "Cache-Control": "no-cache",
        "Content-Length": "215",
        "Content-Type": "application/json; charset=utf-8",
        "Date": "Wed, 28 Jun 2023 08:47:25 GMT",
        "Expires": "-1",
        "Pragma": "no-cache",
        "Strict-Transport-Security": "max-age=31536000; includeSubDomains",
        "X-Content-Type-Options": "nosniff",
        "x-ms-correlation-request-id": "2ad34de2-cb06-42f0-82e3-155025ae8acf",
        "x-ms-ratelimit-remaining-subscription-writes": "1196",
        "x-ms-request-id": "2ad34de2-cb06-42f0-82e3-155025ae8acf",
        "x-ms-routing-request-id": "SOUTHEASTASIA:20230628T084725Z:2ad34de2-cb06-42f0-82e3-155025ae8acf"
      },
      "ResponseBody": {
        "id": "/subscriptions/db1ab6f0-4769-4b27-930e-01e2ef9c123c/resourceGroups/csmrg4564",
        "name": "csmrg4564",
        "type": "Microsoft.Resources/resourceGroups",
        "location": "westus",
        "properties": {
          "provisioningState": "Succeeded"
        }
      }
    },
    {
      "RequestUri": "https://management.azure.com/subscriptions/db1ab6f0-4769-4b27-930e-01e2ef9c123c/resourceGroups/csmrg4564/providers/Microsoft.Network/localNetworkGateways/azsmnet4556?api-version=2023-02-01",
      "RequestMethod": "PUT",
      "RequestHeaders": {
        "Accept": "application/json",
        "Authorization": "Sanitized",
        "Content-Length": "235",
        "Content-Type": "application/json",
        "traceparent": "00-bd9ac0c360bac47ab429ad399ffc801c-2e9d90aee965bf6f-00",
        "User-Agent": "azsdk-net-ResourceManager.Network/1.3.0-alpha.20230627.1 (.NET 7.0.7; Microsoft Windows 10.0.22621)",
        "x-ms-client-request-id": "de87a1eb6c84674c87df8fcb819468e9",
        "x-ms-return-client-request-id": "true"
      },
      "RequestBody": {
        "location": "westus",
        "tags": {
          "test": "value"
        },
        "properties": {
          "localNetworkAddressSpace": {
            "addressPrefixes": [
              "192.168.0.0/16"
            ]
          },
          "gatewayIpAddress": "192.168.3.4",
          "bgpSettings": {
            "asn": 1234,
            "bgpPeeringAddress": "192.168.0.1",
            "peerWeight": 3
          }
        }
      },
      "StatusCode": 201,
      "ResponseHeaders": {
        "Azure-AsyncNotification": "Enabled",
        "Azure-AsyncOperation": "https://management.azure.com/subscriptions/db1ab6f0-4769-4b27-930e-01e2ef9c123c/providers/Microsoft.Network/locations/westus/operations/6aa5349a-a759-4597-b2ec-8e9eacbef97e?api-version=2023-02-01",
        "Cache-Control": "no-cache",
        "Content-Length": "586",
        "Content-Type": "application/json; charset=utf-8",
        "Date": "Wed, 28 Jun 2023 08:47:30 GMT",
        "Expires": "-1",
        "Pragma": "no-cache",
        "Retry-After": "10",
        "Server": [
          "Microsoft-HTTPAPI/2.0",
          "Microsoft-HTTPAPI/2.0"
        ],
        "Strict-Transport-Security": "max-age=31536000; includeSubDomains",
        "X-Content-Type-Options": "nosniff",
        "x-ms-arm-service-request-id": "f9b4ead4-e283-4e94-a515-ca28946530d6",
        "x-ms-client-request-id": "de87a1eb6c84674c87df8fcb819468e9",
        "x-ms-correlation-request-id": "ef2ba645-a6a2-4d20-ac08-3bc438927aeb",
        "x-ms-ratelimit-remaining-subscription-writes": "1195",
        "x-ms-request-id": "6aa5349a-a759-4597-b2ec-8e9eacbef97e",
        "x-ms-routing-request-id": "SOUTHEASTASIA:20230628T084731Z:ef2ba645-a6a2-4d20-ac08-3bc438927aeb"
      },
      "ResponseBody": {
        "name": "azsmnet4556",
        "id": "/subscriptions/db1ab6f0-4769-4b27-930e-01e2ef9c123c/resourceGroups/csmrg4564/providers/Microsoft.Network/localNetworkGateways/azsmnet4556",
        "etag": "W/\u0022155d7562-0e5e-4d35-8d60-dc9ae34edbd8\u0022",
        "type": "Microsoft.Network/localNetworkGateways",
        "location": "westus",
        "tags": {
          "test": "value"
        },
        "properties": {
          "provisioningState": "Updating",
          "resourceGuid": "d92762ae-c0e8-4ffa-81ce-93e3fc7ce769",
          "localNetworkAddressSpace": {
            "addressPrefixes": [
              "192.168.0.0/16"
            ]
          },
          "gatewayIpAddress": "192.168.3.4",
          "bgpSettings": {
            "asn": 1234,
            "bgpPeeringAddress": "192.168.0.1",
            "peerWeight": 3
          }
        }
      }
    },
    {
      "RequestUri": "https://management.azure.com/subscriptions/db1ab6f0-4769-4b27-930e-01e2ef9c123c/providers/Microsoft.Network/locations/westus/operations/6aa5349a-a759-4597-b2ec-8e9eacbef97e?api-version=2023-02-01",
      "RequestMethod": "GET",
      "RequestHeaders": {
        "Authorization": "Sanitized",
        "traceparent": "00-bd9ac0c360bac47ab429ad399ffc801c-cff015b9c1981393-00",
        "User-Agent": "azsdk-net-ResourceManager/1.6.0 (.NET 7.0.7; Microsoft Windows 10.0.22621)",
        "x-ms-client-request-id": "3da9afef5ef7275562a47880214f7ec6",
        "x-ms-return-client-request-id": "true"
      },
      "RequestBody": null,
      "StatusCode": 200,
      "ResponseHeaders": {
        "Cache-Control": "no-cache",
        "Content-Length": "23",
        "Content-Type": "application/json; charset=utf-8",
        "Date": "Wed, 28 Jun 2023 08:47:30 GMT",
        "Expires": "-1",
        "Pragma": "no-cache",
        "Retry-After": "10",
        "Server": [
          "Microsoft-HTTPAPI/2.0",
          "Microsoft-HTTPAPI/2.0"
        ],
        "Strict-Transport-Security": "max-age=31536000; includeSubDomains",
        "X-Content-Type-Options": "nosniff",
        "x-ms-arm-service-request-id": "eae8b0a4-10a0-4667-bc40-d6daa380d49b",
        "x-ms-client-request-id": "3da9afef5ef7275562a47880214f7ec6",
        "x-ms-correlation-request-id": "0028cb2e-f091-424b-9f9d-04a540902046",
        "x-ms-ratelimit-remaining-subscription-reads": "11984",
        "x-ms-request-id": "cbc4d095-458d-4b82-907e-1c133a739db3",
        "x-ms-routing-request-id": "SOUTHEASTASIA:20230628T084731Z:0028cb2e-f091-424b-9f9d-04a540902046"
      },
      "ResponseBody": {
        "status": "InProgress"
      }
    },
    {
      "RequestUri": "https://management.azure.com/subscriptions/db1ab6f0-4769-4b27-930e-01e2ef9c123c/providers/Microsoft.Network/locations/westus/operations/6aa5349a-a759-4597-b2ec-8e9eacbef97e?api-version=2023-02-01",
      "RequestMethod": "GET",
      "RequestHeaders": {
        "Authorization": "Sanitized",
        "traceparent": "00-bd9ac0c360bac47ab429ad399ffc801c-6c94524c7f6d9015-00",
        "User-Agent": "azsdk-net-ResourceManager/1.6.0 (.NET 7.0.7; Microsoft Windows 10.0.22621)",
        "x-ms-client-request-id": "dc05679d1748846659e62f59dcb8e640",
        "x-ms-return-client-request-id": "true"
      },
      "RequestBody": null,
      "StatusCode": 200,
      "ResponseHeaders": {
        "Cache-Control": "no-cache",
        "Content-Length": "22",
        "Content-Type": "application/json; charset=utf-8",
        "Date": "Wed, 28 Jun 2023 08:47:41 GMT",
        "Expires": "-1",
        "Pragma": "no-cache",
        "Server": [
          "Microsoft-HTTPAPI/2.0",
          "Microsoft-HTTPAPI/2.0"
        ],
        "Strict-Transport-Security": "max-age=31536000; includeSubDomains",
        "X-Content-Type-Options": "nosniff",
        "x-ms-arm-service-request-id": "c5ea6e95-eae2-4ebd-b78f-858c5281247c",
        "x-ms-client-request-id": "dc05679d1748846659e62f59dcb8e640",
        "x-ms-correlation-request-id": "6911a5d1-d23c-402b-ae1c-fb88599d5661",
        "x-ms-ratelimit-remaining-subscription-reads": "11983",
        "x-ms-request-id": "418e9ba1-54a4-44fe-addc-f436410dcba8",
        "x-ms-routing-request-id": "SOUTHEASTASIA:20230628T084741Z:6911a5d1-d23c-402b-ae1c-fb88599d5661"
      },
      "ResponseBody": {
        "status": "Succeeded"
      }
    },
    {
      "RequestUri": "https://management.azure.com/subscriptions/db1ab6f0-4769-4b27-930e-01e2ef9c123c/resourceGroups/csmrg4564/providers/Microsoft.Network/localNetworkGateways/azsmnet4556?api-version=2023-02-01",
      "RequestMethod": "GET",
      "RequestHeaders": {
        "Authorization": "Sanitized",
        "traceparent": "00-bd9ac0c360bac47ab429ad399ffc801c-b5d366c00caa8ac3-00",
        "User-Agent": "azsdk-net-ResourceManager/1.6.0 (.NET 7.0.7; Microsoft Windows 10.0.22621)",
        "x-ms-client-request-id": "d1dcee422beb3af204ecd682eec77f5f",
        "x-ms-return-client-request-id": "true"
      },
      "RequestBody": null,
      "StatusCode": 200,
      "ResponseHeaders": {
        "Cache-Control": "no-cache",
        "Content-Length": "587",
        "Content-Type": "application/json; charset=utf-8",
        "Date": "Wed, 28 Jun 2023 08:47:42 GMT",
        "ETag": "W/\u00220ef4b44b-0051-4698-abd1-44fc0f9ea200\u0022",
        "Expires": "-1",
        "Pragma": "no-cache",
        "Server": [
          "Microsoft-HTTPAPI/2.0",
          "Microsoft-HTTPAPI/2.0"
        ],
        "Strict-Transport-Security": "max-age=31536000; includeSubDomains",
        "X-Content-Type-Options": "nosniff",
        "x-ms-arm-service-request-id": "14e01984-7ac1-492a-a929-a9b4f3cea3ec",
        "x-ms-client-request-id": "d1dcee422beb3af204ecd682eec77f5f",
        "x-ms-correlation-request-id": "cef1c8ec-ceaa-4028-aea1-dd6187b24eb0",
        "x-ms-ratelimit-remaining-subscription-reads": "11982",
        "x-ms-request-id": "3ede8132-12c1-4dfc-bc80-971b76607f51",
        "x-ms-routing-request-id": "SOUTHEASTASIA:20230628T084742Z:cef1c8ec-ceaa-4028-aea1-dd6187b24eb0"
      },
      "ResponseBody": {
        "name": "azsmnet4556",
        "id": "/subscriptions/db1ab6f0-4769-4b27-930e-01e2ef9c123c/resourceGroups/csmrg4564/providers/Microsoft.Network/localNetworkGateways/azsmnet4556",
        "etag": "W/\u00220ef4b44b-0051-4698-abd1-44fc0f9ea200\u0022",
        "type": "Microsoft.Network/localNetworkGateways",
        "location": "westus",
        "tags": {
          "test": "value"
        },
        "properties": {
          "provisioningState": "Succeeded",
          "resourceGuid": "d92762ae-c0e8-4ffa-81ce-93e3fc7ce769",
          "localNetworkAddressSpace": {
            "addressPrefixes": [
              "192.168.0.0/16"
            ]
          },
          "gatewayIpAddress": "192.168.3.4",
          "bgpSettings": {
            "asn": 1234,
            "bgpPeeringAddress": "192.168.0.1",
            "peerWeight": 3
          }
        }
      }
    },
    {
      "RequestUri": "https://management.azure.com/subscriptions/db1ab6f0-4769-4b27-930e-01e2ef9c123c/resourceGroups/csmrg4564/providers/Microsoft.Network/localNetworkGateways/azsmnet4556?api-version=2023-02-01",
      "RequestMethod": "GET",
      "RequestHeaders": {
        "Accept": "application/json",
        "Authorization": "Sanitized",
        "traceparent": "00-00b5e551e7850bcb716b4c233308472d-9aa3586a039f3155-00",
        "User-Agent": "azsdk-net-ResourceManager.Network/1.3.0-alpha.20230627.1 (.NET 7.0.7; Microsoft Windows 10.0.22621)",
        "x-ms-client-request-id": "19f6c9acbf41d7574824e3112ffc4aaa",
        "x-ms-return-client-request-id": "true"
      },
      "RequestBody": null,
      "StatusCode": 200,
      "ResponseHeaders": {
        "Cache-Control": "no-cache",
        "Content-Length": "587",
        "Content-Type": "application/json; charset=utf-8",
        "Date": "Wed, 28 Jun 2023 08:47:42 GMT",
        "ETag": "W/\u00220ef4b44b-0051-4698-abd1-44fc0f9ea200\u0022",
        "Expires": "-1",
        "Pragma": "no-cache",
        "Server": [
          "Microsoft-HTTPAPI/2.0",
          "Microsoft-HTTPAPI/2.0"
        ],
        "Strict-Transport-Security": "max-age=31536000; includeSubDomains",
        "X-Content-Type-Options": "nosniff",
        "x-ms-arm-service-request-id": "f477d2ad-7886-43e9-a544-93d53e110f74",
        "x-ms-client-request-id": "19f6c9acbf41d7574824e3112ffc4aaa",
        "x-ms-correlation-request-id": "6747562e-2afa-403e-876e-13860e6c69e1",
        "x-ms-ratelimit-remaining-subscription-reads": "11981",
        "x-ms-request-id": "fb97f709-99d1-49d8-a959-1b19e86dcb4c",
        "x-ms-routing-request-id": "SOUTHEASTASIA:20230628T084742Z:6747562e-2afa-403e-876e-13860e6c69e1"
      },
      "ResponseBody": {
        "name": "azsmnet4556",
        "id": "/subscriptions/db1ab6f0-4769-4b27-930e-01e2ef9c123c/resourceGroups/csmrg4564/providers/Microsoft.Network/localNetworkGateways/azsmnet4556",
        "etag": "W/\u00220ef4b44b-0051-4698-abd1-44fc0f9ea200\u0022",
        "type": "Microsoft.Network/localNetworkGateways",
        "location": "westus",
        "tags": {
          "test": "value"
        },
        "properties": {
          "provisioningState": "Succeeded",
          "resourceGuid": "d92762ae-c0e8-4ffa-81ce-93e3fc7ce769",
          "localNetworkAddressSpace": {
            "addressPrefixes": [
              "192.168.0.0/16"
            ]
          },
          "gatewayIpAddress": "192.168.3.4",
          "bgpSettings": {
            "asn": 1234,
            "bgpPeeringAddress": "192.168.0.1",
            "peerWeight": 3
          }
        }
      }
    },
    {
      "RequestUri": "https://management.azure.com/subscriptions/db1ab6f0-4769-4b27-930e-01e2ef9c123c/resourceGroups/csmrg4564/providers/Microsoft.Network/publicIPAddresses/azsmnet9075?api-version=2023-02-01",
      "RequestMethod": "PUT",
      "RequestHeaders": {
        "Accept": "application/json",
        "Authorization": "Sanitized",
        "Content-Length": "144",
        "Content-Type": "application/json",
        "traceparent": "00-0669b65e04c08584b9a0f25d219dbfcd-926bf2f0bd7b337e-00",
        "User-Agent": "azsdk-net-ResourceManager.Network/1.3.0-alpha.20230627.1 (.NET 7.0.7; Microsoft Windows 10.0.22621)",
        "x-ms-client-request-id": "ac73323d71dbca75d85c41e4969167cf",
        "x-ms-return-client-request-id": "true"
      },
      "RequestBody": {
        "location": "westus",
        "tags": {
          "key": "value"
        },
        "properties": {
          "publicIPAllocationMethod": "Dynamic",
          "dnsSettings": {
            "domainNameLabel": "azsmnet6177"
          }
        }
      },
      "StatusCode": 201,
      "ResponseHeaders": {
        "Azure-AsyncNotification": "Enabled",
        "Azure-AsyncOperation": "https://management.azure.com/subscriptions/db1ab6f0-4769-4b27-930e-01e2ef9c123c/providers/Microsoft.Network/locations/westus/operations/83b97bce-261e-444a-a1bf-5f4d66b4ef1e?api-version=2023-02-01",
        "Cache-Control": "no-cache",
        "Content-Length": "646",
        "Content-Type": "application/json; charset=utf-8",
        "Date": "Wed, 28 Jun 2023 08:47:45 GMT",
        "Expires": "-1",
        "Pragma": "no-cache",
        "Retry-After": "1",
        "Server": [
          "Microsoft-HTTPAPI/2.0",
          "Microsoft-HTTPAPI/2.0"
        ],
        "Strict-Transport-Security": "max-age=31536000; includeSubDomains",
        "X-Content-Type-Options": "nosniff",
        "x-ms-arm-service-request-id": "e83251d0-1fd3-4d40-80e7-004a994b200e",
        "x-ms-client-request-id": "ac73323d71dbca75d85c41e4969167cf",
        "x-ms-correlation-request-id": "c734a15f-debd-4261-a665-33e6823f5305",
        "x-ms-ratelimit-remaining-subscription-writes": "1194",
        "x-ms-request-id": "83b97bce-261e-444a-a1bf-5f4d66b4ef1e",
        "x-ms-routing-request-id": "SOUTHEASTASIA:20230628T084746Z:c734a15f-debd-4261-a665-33e6823f5305"
      },
      "ResponseBody": {
        "name": "azsmnet9075",
        "id": "/subscriptions/db1ab6f0-4769-4b27-930e-01e2ef9c123c/resourceGroups/csmrg4564/providers/Microsoft.Network/publicIPAddresses/azsmnet9075",
        "etag": "W/\u00228d72c442-1565-4068-8462-6bbb968849c3\u0022",
        "location": "westus",
        "tags": {
          "key": "value"
        },
        "properties": {
          "provisioningState": "Updating",
          "resourceGuid": "2e9c3ef9-6c7c-43af-9df9-315742984572",
          "publicIPAddressVersion": "IPv4",
          "publicIPAllocationMethod": "Dynamic",
          "idleTimeoutInMinutes": 4,
          "dnsSettings": {
            "domainNameLabel": "azsmnet6177",
            "fqdn": "azsmnet6177.westus.cloudapp.azure.com"
          },
          "ipTags": []
        },
        "type": "Microsoft.Network/publicIPAddresses",
        "sku": {
          "name": "Basic",
          "tier": "Regional"
        }
      }
    },
    {
      "RequestUri": "https://management.azure.com/subscriptions/db1ab6f0-4769-4b27-930e-01e2ef9c123c/providers/Microsoft.Network/locations/westus/operations/83b97bce-261e-444a-a1bf-5f4d66b4ef1e?api-version=2023-02-01",
      "RequestMethod": "GET",
      "RequestHeaders": {
        "Authorization": "Sanitized",
        "traceparent": "00-0669b65e04c08584b9a0f25d219dbfcd-b47f830b49db4596-00",
        "User-Agent": "azsdk-net-ResourceManager/1.6.0 (.NET 7.0.7; Microsoft Windows 10.0.22621)",
        "x-ms-client-request-id": "4c89b6c4ffec84eea476e7fb96648e52",
        "x-ms-return-client-request-id": "true"
      },
      "RequestBody": null,
      "StatusCode": 200,
      "ResponseHeaders": {
        "Cache-Control": "no-cache",
        "Content-Length": "23",
        "Content-Type": "application/json; charset=utf-8",
        "Date": "Wed, 28 Jun 2023 08:47:46 GMT",
        "Expires": "-1",
        "Pragma": "no-cache",
        "Retry-After": "2",
        "Server": [
          "Microsoft-HTTPAPI/2.0",
          "Microsoft-HTTPAPI/2.0"
        ],
        "Strict-Transport-Security": "max-age=31536000; includeSubDomains",
        "X-Content-Type-Options": "nosniff",
        "x-ms-arm-service-request-id": "02309936-6e40-4974-9845-42bbc32594a5",
        "x-ms-client-request-id": "4c89b6c4ffec84eea476e7fb96648e52",
        "x-ms-correlation-request-id": "f18c03e1-7efa-45fb-8265-87e780b50f65",
        "x-ms-ratelimit-remaining-subscription-reads": "11980",
        "x-ms-request-id": "a51ccec0-a23a-46a2-83a1-ebb5f0a65335",
        "x-ms-routing-request-id": "SOUTHEASTASIA:20230628T084746Z:f18c03e1-7efa-45fb-8265-87e780b50f65"
      },
      "ResponseBody": {
        "status": "InProgress"
      }
    },
    {
      "RequestUri": "https://management.azure.com/subscriptions/db1ab6f0-4769-4b27-930e-01e2ef9c123c/providers/Microsoft.Network/locations/westus/operations/83b97bce-261e-444a-a1bf-5f4d66b4ef1e?api-version=2023-02-01",
      "RequestMethod": "GET",
      "RequestHeaders": {
        "Authorization": "Sanitized",
        "traceparent": "00-0669b65e04c08584b9a0f25d219dbfcd-1185f8d932c1d589-00",
        "User-Agent": "azsdk-net-ResourceManager/1.6.0 (.NET 7.0.7; Microsoft Windows 10.0.22621)",
        "x-ms-client-request-id": "374e60a9f1e8ba389c6e23142a94bfcf",
        "x-ms-return-client-request-id": "true"
      },
      "RequestBody": null,
      "StatusCode": 200,
      "ResponseHeaders": {
        "Cache-Control": "no-cache",
        "Content-Length": "22",
        "Content-Type": "application/json; charset=utf-8",
        "Date": "Wed, 28 Jun 2023 08:47:48 GMT",
        "Expires": "-1",
        "Pragma": "no-cache",
        "Server": [
          "Microsoft-HTTPAPI/2.0",
          "Microsoft-HTTPAPI/2.0"
        ],
        "Strict-Transport-Security": "max-age=31536000; includeSubDomains",
        "X-Content-Type-Options": "nosniff",
        "x-ms-arm-service-request-id": "2ebdb354-5ded-4f23-9083-412a16a8f8a7",
        "x-ms-client-request-id": "374e60a9f1e8ba389c6e23142a94bfcf",
        "x-ms-correlation-request-id": "54a08a8c-8b32-4867-80d2-ed0c19f4b64e",
        "x-ms-ratelimit-remaining-subscription-reads": "11979",
        "x-ms-request-id": "7243277c-06b9-40f6-8706-739df8ed44c3",
        "x-ms-routing-request-id": "SOUTHEASTASIA:20230628T084748Z:54a08a8c-8b32-4867-80d2-ed0c19f4b64e"
      },
      "ResponseBody": {
        "status": "Succeeded"
      }
    },
    {
      "RequestUri": "https://management.azure.com/subscriptions/db1ab6f0-4769-4b27-930e-01e2ef9c123c/resourceGroups/csmrg4564/providers/Microsoft.Network/publicIPAddresses/azsmnet9075?api-version=2023-02-01",
      "RequestMethod": "GET",
      "RequestHeaders": {
        "Authorization": "Sanitized",
        "traceparent": "00-0669b65e04c08584b9a0f25d219dbfcd-97e0fdcbf8bfb9ba-00",
        "User-Agent": "azsdk-net-ResourceManager/1.6.0 (.NET 7.0.7; Microsoft Windows 10.0.22621)",
        "x-ms-client-request-id": "df1f16bb1b07ade2243d28889b9b6e24",
        "x-ms-return-client-request-id": "true"
      },
      "RequestBody": null,
      "StatusCode": 200,
      "ResponseHeaders": {
        "Cache-Control": "no-cache",
        "Content-Length": "647",
        "Content-Type": "application/json; charset=utf-8",
        "Date": "Wed, 28 Jun 2023 08:47:48 GMT",
        "ETag": "W/\u002205afd51c-b601-43de-bbad-d1d454051521\u0022",
        "Expires": "-1",
        "Pragma": "no-cache",
        "Server": [
          "Microsoft-HTTPAPI/2.0",
          "Microsoft-HTTPAPI/2.0"
        ],
        "Strict-Transport-Security": "max-age=31536000; includeSubDomains",
        "X-Content-Type-Options": "nosniff",
        "x-ms-arm-service-request-id": "65c41581-1ce7-4ace-91d5-b08a9f85fb92",
        "x-ms-client-request-id": "df1f16bb1b07ade2243d28889b9b6e24",
        "x-ms-correlation-request-id": "b6799729-b83f-4444-987d-9b32da2813e6",
        "x-ms-ratelimit-remaining-subscription-reads": "11978",
        "x-ms-request-id": "d920bc84-1ee5-4b51-b88c-e9513ba108eb",
        "x-ms-routing-request-id": "SOUTHEASTASIA:20230628T084748Z:b6799729-b83f-4444-987d-9b32da2813e6"
      },
      "ResponseBody": {
        "name": "azsmnet9075",
        "id": "/subscriptions/db1ab6f0-4769-4b27-930e-01e2ef9c123c/resourceGroups/csmrg4564/providers/Microsoft.Network/publicIPAddresses/azsmnet9075",
        "etag": "W/\u002205afd51c-b601-43de-bbad-d1d454051521\u0022",
        "location": "westus",
        "tags": {
          "key": "value"
        },
        "properties": {
          "provisioningState": "Succeeded",
          "resourceGuid": "2e9c3ef9-6c7c-43af-9df9-315742984572",
          "publicIPAddressVersion": "IPv4",
          "publicIPAllocationMethod": "Dynamic",
          "idleTimeoutInMinutes": 4,
          "dnsSettings": {
            "domainNameLabel": "azsmnet6177",
            "fqdn": "azsmnet6177.westus.cloudapp.azure.com"
          },
          "ipTags": []
        },
        "type": "Microsoft.Network/publicIPAddresses",
        "sku": {
          "name": "Basic",
          "tier": "Regional"
        }
      }
    },
    {
      "RequestUri": "https://management.azure.com/subscriptions/db1ab6f0-4769-4b27-930e-01e2ef9c123c/resourceGroups/csmrg4564/providers/Microsoft.Network/publicIPAddresses/azsmnet9075?api-version=2023-02-01",
      "RequestMethod": "GET",
      "RequestHeaders": {
        "Accept": "application/json",
        "Authorization": "Sanitized",
        "traceparent": "00-00b1aea785f14f323d2fdb387370209f-8b542a80bfa6d4fb-00",
        "User-Agent": "azsdk-net-ResourceManager.Network/1.3.0-alpha.20230627.1 (.NET 7.0.7; Microsoft Windows 10.0.22621)",
        "x-ms-client-request-id": "aa37f53869b9d3427ecfb07ddbd95a0f",
        "x-ms-return-client-request-id": "true"
      },
      "RequestBody": null,
      "StatusCode": 200,
      "ResponseHeaders": {
        "Cache-Control": "no-cache",
        "Content-Length": "647",
        "Content-Type": "application/json; charset=utf-8",
        "Date": "Wed, 28 Jun 2023 08:47:49 GMT",
        "ETag": "W/\u002205afd51c-b601-43de-bbad-d1d454051521\u0022",
        "Expires": "-1",
        "Pragma": "no-cache",
        "Server": [
          "Microsoft-HTTPAPI/2.0",
          "Microsoft-HTTPAPI/2.0"
        ],
        "Strict-Transport-Security": "max-age=31536000; includeSubDomains",
        "X-Content-Type-Options": "nosniff",
        "x-ms-arm-service-request-id": "0bdf5169-c7aa-4492-b519-56c9936b3e26",
        "x-ms-client-request-id": "aa37f53869b9d3427ecfb07ddbd95a0f",
        "x-ms-correlation-request-id": "b8d8bd00-1795-4d83-995d-645936f25646",
        "x-ms-ratelimit-remaining-subscription-reads": "11977",
        "x-ms-request-id": "c97b76b2-7b1d-4aba-b5bf-b1eff733a893",
        "x-ms-routing-request-id": "SOUTHEASTASIA:20230628T084749Z:b8d8bd00-1795-4d83-995d-645936f25646"
      },
      "ResponseBody": {
        "name": "azsmnet9075",
        "id": "/subscriptions/db1ab6f0-4769-4b27-930e-01e2ef9c123c/resourceGroups/csmrg4564/providers/Microsoft.Network/publicIPAddresses/azsmnet9075",
        "etag": "W/\u002205afd51c-b601-43de-bbad-d1d454051521\u0022",
        "location": "westus",
        "tags": {
          "key": "value"
        },
        "properties": {
          "provisioningState": "Succeeded",
          "resourceGuid": "2e9c3ef9-6c7c-43af-9df9-315742984572",
          "publicIPAddressVersion": "IPv4",
          "publicIPAllocationMethod": "Dynamic",
          "idleTimeoutInMinutes": 4,
          "dnsSettings": {
            "domainNameLabel": "azsmnet6177",
            "fqdn": "azsmnet6177.westus.cloudapp.azure.com"
          },
          "ipTags": []
        },
        "type": "Microsoft.Network/publicIPAddresses",
        "sku": {
          "name": "Basic",
          "tier": "Regional"
        }
      }
    },
    {
      "RequestUri": "https://management.azure.com/subscriptions/db1ab6f0-4769-4b27-930e-01e2ef9c123c/resourceGroups/csmrg4564/providers/Microsoft.Network/virtualNetworks/azsmnet8494?api-version=2023-02-01",
      "RequestMethod": "PUT",
      "RequestHeaders": {
        "Accept": "application/json",
        "Authorization": "Sanitized",
        "Content-Length": "222",
        "Content-Type": "application/json",
        "traceparent": "00-d0efc41acdfe5e7402986f131ab89e13-7a8b498ad18689e9-00",
        "User-Agent": "azsdk-net-ResourceManager.Network/1.3.0-alpha.20230627.1 (.NET 7.0.7; Microsoft Windows 10.0.22621)",
        "x-ms-client-request-id": "448040174aae7d8ea012aac8b01e01ff",
        "x-ms-return-client-request-id": "true"
      },
      "RequestBody": {
        "location": "westus",
        "properties": {
          "addressSpace": {
            "addressPrefixes": [
              "10.0.0.0/16"
            ]
          },
          "dhcpOptions": {
            "dnsServers": [
              "10.1.1.1",
              "10.1.2.4"
            ]
          },
          "subnets": [
            {
              "name": "GatewaySubnet",
              "properties": {
                "addressPrefix": "10.0.0.0/24"
              }
            }
          ]
        }
      },
      "StatusCode": 201,
      "ResponseHeaders": {
        "Azure-AsyncNotification": "Enabled",
        "Azure-AsyncOperation": "https://management.azure.com/subscriptions/db1ab6f0-4769-4b27-930e-01e2ef9c123c/providers/Microsoft.Network/locations/westus/operations/6076b13b-d72b-485c-adad-58093d59da3b?api-version=2023-02-01",
        "Cache-Control": "no-cache",
        "Content-Length": "1023",
        "Content-Type": "application/json; charset=utf-8",
        "Date": "Wed, 28 Jun 2023 08:47:51 GMT",
        "Expires": "-1",
        "Pragma": "no-cache",
        "Retry-After": "3",
        "Server": [
          "Microsoft-HTTPAPI/2.0",
          "Microsoft-HTTPAPI/2.0"
        ],
        "Strict-Transport-Security": "max-age=31536000; includeSubDomains",
        "X-Content-Type-Options": "nosniff",
        "x-ms-arm-service-request-id": "0dcdf6e2-926b-44c2-be57-490f3a8602c2",
        "x-ms-client-request-id": "448040174aae7d8ea012aac8b01e01ff",
        "x-ms-correlation-request-id": "744b3325-c677-437a-81b5-9800199c4beb",
        "x-ms-ratelimit-remaining-subscription-writes": "1193",
        "x-ms-request-id": "6076b13b-d72b-485c-adad-58093d59da3b",
        "x-ms-routing-request-id": "SOUTHEASTASIA:20230628T084752Z:744b3325-c677-437a-81b5-9800199c4beb"
      },
      "ResponseBody": {
        "name": "azsmnet8494",
        "id": "/subscriptions/db1ab6f0-4769-4b27-930e-01e2ef9c123c/resourceGroups/csmrg4564/providers/Microsoft.Network/virtualNetworks/azsmnet8494",
        "etag": "W/\u00220ef349fb-169f-4f27-bb66-04f5625151de\u0022",
        "type": "Microsoft.Network/virtualNetworks",
        "location": "westus",
        "properties": {
          "provisioningState": "Updating",
          "resourceGuid": "acad530d-4114-4a7d-bd34-6e1d85f0bc93",
          "addressSpace": {
            "addressPrefixes": [
              "10.0.0.0/16"
            ]
          },
          "dhcpOptions": {
            "dnsServers": [
              "10.1.1.1",
              "10.1.2.4"
            ]
          },
          "subnets": [
            {
              "name": "GatewaySubnet",
              "id": "/subscriptions/db1ab6f0-4769-4b27-930e-01e2ef9c123c/resourceGroups/csmrg4564/providers/Microsoft.Network/virtualNetworks/azsmnet8494/subnets/GatewaySubnet",
              "etag": "W/\u00220ef349fb-169f-4f27-bb66-04f5625151de\u0022",
              "properties": {
                "provisioningState": "Updating",
                "addressPrefix": "10.0.0.0/24",
                "delegations": [],
                "privateEndpointNetworkPolicies": "Disabled",
                "privateLinkServiceNetworkPolicies": "Enabled"
              },
              "type": "Microsoft.Network/virtualNetworks/subnets"
            }
          ],
          "virtualNetworkPeerings": [],
          "enableDdosProtection": false
        }
      }
    },
    {
      "RequestUri": "https://management.azure.com/subscriptions/db1ab6f0-4769-4b27-930e-01e2ef9c123c/providers/Microsoft.Network/locations/westus/operations/6076b13b-d72b-485c-adad-58093d59da3b?api-version=2023-02-01",
      "RequestMethod": "GET",
      "RequestHeaders": {
        "Authorization": "Sanitized",
        "traceparent": "00-d0efc41acdfe5e7402986f131ab89e13-a8c98c4c269ab5a0-00",
        "User-Agent": "azsdk-net-ResourceManager/1.6.0 (.NET 7.0.7; Microsoft Windows 10.0.22621)",
        "x-ms-client-request-id": "5a83d118e0eeaa8aa82c1857970bcdb0",
        "x-ms-return-client-request-id": "true"
      },
      "RequestBody": null,
      "StatusCode": 200,
      "ResponseHeaders": {
        "Cache-Control": "no-cache",
        "Content-Length": "23",
        "Content-Type": "application/json; charset=utf-8",
        "Date": "Wed, 28 Jun 2023 08:47:52 GMT",
        "Expires": "-1",
        "Pragma": "no-cache",
        "Retry-After": "10",
        "Server": [
          "Microsoft-HTTPAPI/2.0",
          "Microsoft-HTTPAPI/2.0"
        ],
        "Strict-Transport-Security": "max-age=31536000; includeSubDomains",
        "X-Content-Type-Options": "nosniff",
        "x-ms-arm-service-request-id": "8a3352e0-3dc3-44cc-8133-1d391052e641",
        "x-ms-client-request-id": "5a83d118e0eeaa8aa82c1857970bcdb0",
        "x-ms-correlation-request-id": "3d23125b-d955-451b-9870-ff678b85c6ec",
        "x-ms-ratelimit-remaining-subscription-reads": "11976",
        "x-ms-request-id": "868cd3f6-5cf3-4c1e-8d06-bd10aef2e09f",
        "x-ms-routing-request-id": "SOUTHEASTASIA:20230628T084752Z:3d23125b-d955-451b-9870-ff678b85c6ec"
      },
      "ResponseBody": {
        "status": "InProgress"
      }
    },
    {
      "RequestUri": "https://management.azure.com/subscriptions/db1ab6f0-4769-4b27-930e-01e2ef9c123c/providers/Microsoft.Network/locations/westus/operations/6076b13b-d72b-485c-adad-58093d59da3b?api-version=2023-02-01",
      "RequestMethod": "GET",
      "RequestHeaders": {
        "Authorization": "Sanitized",
        "traceparent": "00-d0efc41acdfe5e7402986f131ab89e13-908a5dec842492d8-00",
        "User-Agent": "azsdk-net-ResourceManager/1.6.0 (.NET 7.0.7; Microsoft Windows 10.0.22621)",
        "x-ms-client-request-id": "fedc7eafb22501a1efacf74c122318ce",
        "x-ms-return-client-request-id": "true"
      },
      "RequestBody": null,
      "StatusCode": 200,
      "ResponseHeaders": {
        "Cache-Control": "no-cache",
        "Content-Length": "22",
        "Content-Type": "application/json; charset=utf-8",
        "Date": "Wed, 28 Jun 2023 08:48:02 GMT",
        "Expires": "-1",
        "Pragma": "no-cache",
        "Server": [
          "Microsoft-HTTPAPI/2.0",
          "Microsoft-HTTPAPI/2.0"
        ],
        "Strict-Transport-Security": "max-age=31536000; includeSubDomains",
        "X-Content-Type-Options": "nosniff",
        "x-ms-arm-service-request-id": "3526467f-cb78-446b-8a6f-21f3aaae328c",
        "x-ms-client-request-id": "fedc7eafb22501a1efacf74c122318ce",
        "x-ms-correlation-request-id": "52104f52-ecb7-4f95-a22b-38fbea083a6a",
        "x-ms-ratelimit-remaining-subscription-reads": "11975",
        "x-ms-request-id": "02de5413-fde1-4f3d-896d-f1acf490aa5f",
        "x-ms-routing-request-id": "SOUTHEASTASIA:20230628T084802Z:52104f52-ecb7-4f95-a22b-38fbea083a6a"
      },
      "ResponseBody": {
        "status": "Succeeded"
      }
    },
    {
      "RequestUri": "https://management.azure.com/subscriptions/db1ab6f0-4769-4b27-930e-01e2ef9c123c/resourceGroups/csmrg4564/providers/Microsoft.Network/virtualNetworks/azsmnet8494?api-version=2023-02-01",
      "RequestMethod": "GET",
      "RequestHeaders": {
        "Authorization": "Sanitized",
        "traceparent": "00-d0efc41acdfe5e7402986f131ab89e13-0038c844b30888bf-00",
        "User-Agent": "azsdk-net-ResourceManager/1.6.0 (.NET 7.0.7; Microsoft Windows 10.0.22621)",
        "x-ms-client-request-id": "deafc7c7a69b1f115089b4e8fdf93b41",
        "x-ms-return-client-request-id": "true"
      },
      "RequestBody": null,
      "StatusCode": 200,
      "ResponseHeaders": {
        "Cache-Control": "no-cache",
        "Content-Length": "1025",
        "Content-Type": "application/json; charset=utf-8",
        "Date": "Wed, 28 Jun 2023 08:48:02 GMT",
        "ETag": "W/\u00228bb3c0e9-e607-4956-81bd-6f59b534d75e\u0022",
        "Expires": "-1",
        "Pragma": "no-cache",
        "Server": [
          "Microsoft-HTTPAPI/2.0",
          "Microsoft-HTTPAPI/2.0"
        ],
        "Strict-Transport-Security": "max-age=31536000; includeSubDomains",
        "X-Content-Type-Options": "nosniff",
        "x-ms-arm-service-request-id": "dbee79d0-b81c-410e-bdb6-14746900b0e9",
        "x-ms-client-request-id": "deafc7c7a69b1f115089b4e8fdf93b41",
        "x-ms-correlation-request-id": "ff574c00-f423-43fe-a6d9-3df2e1f18f76",
        "x-ms-ratelimit-remaining-subscription-reads": "11974",
        "x-ms-request-id": "e65dde3b-fdc2-48c0-a4d4-735b4c3404c8",
        "x-ms-routing-request-id": "SOUTHEASTASIA:20230628T084803Z:ff574c00-f423-43fe-a6d9-3df2e1f18f76"
      },
      "ResponseBody": {
        "name": "azsmnet8494",
        "id": "/subscriptions/db1ab6f0-4769-4b27-930e-01e2ef9c123c/resourceGroups/csmrg4564/providers/Microsoft.Network/virtualNetworks/azsmnet8494",
        "etag": "W/\u00228bb3c0e9-e607-4956-81bd-6f59b534d75e\u0022",
        "type": "Microsoft.Network/virtualNetworks",
        "location": "westus",
        "properties": {
          "provisioningState": "Succeeded",
          "resourceGuid": "acad530d-4114-4a7d-bd34-6e1d85f0bc93",
          "addressSpace": {
            "addressPrefixes": [
              "10.0.0.0/16"
            ]
          },
          "dhcpOptions": {
            "dnsServers": [
              "10.1.1.1",
              "10.1.2.4"
            ]
          },
          "subnets": [
            {
              "name": "GatewaySubnet",
              "id": "/subscriptions/db1ab6f0-4769-4b27-930e-01e2ef9c123c/resourceGroups/csmrg4564/providers/Microsoft.Network/virtualNetworks/azsmnet8494/subnets/GatewaySubnet",
              "etag": "W/\u00228bb3c0e9-e607-4956-81bd-6f59b534d75e\u0022",
              "properties": {
                "provisioningState": "Succeeded",
                "addressPrefix": "10.0.0.0/24",
                "delegations": [],
                "privateEndpointNetworkPolicies": "Disabled",
                "privateLinkServiceNetworkPolicies": "Enabled"
              },
              "type": "Microsoft.Network/virtualNetworks/subnets"
            }
          ],
          "virtualNetworkPeerings": [],
          "enableDdosProtection": false
        }
      }
    },
    {
      "RequestUri": "https://management.azure.com/subscriptions/db1ab6f0-4769-4b27-930e-01e2ef9c123c/resourceGroups/csmrg4564/providers/Microsoft.Network/virtualNetworks/azsmnet8494?api-version=2023-02-01",
      "RequestMethod": "GET",
      "RequestHeaders": {
        "Accept": "application/json",
        "Authorization": "Sanitized",
        "traceparent": "00-5c1a70537b0dcf64d05fd2d29daf80d0-73b7c8a638e155a0-00",
        "User-Agent": "azsdk-net-ResourceManager.Network/1.3.0-alpha.20230627.1 (.NET 7.0.7; Microsoft Windows 10.0.22621)",
        "x-ms-client-request-id": "e6bb87934cf565be30816b41e83d9885",
        "x-ms-return-client-request-id": "true"
      },
      "RequestBody": null,
      "StatusCode": 200,
      "ResponseHeaders": {
        "Cache-Control": "no-cache",
        "Content-Length": "1025",
        "Content-Type": "application/json; charset=utf-8",
        "Date": "Wed, 28 Jun 2023 08:48:02 GMT",
        "ETag": "W/\u00228bb3c0e9-e607-4956-81bd-6f59b534d75e\u0022",
        "Expires": "-1",
        "Pragma": "no-cache",
        "Server": [
          "Microsoft-HTTPAPI/2.0",
          "Microsoft-HTTPAPI/2.0"
        ],
        "Strict-Transport-Security": "max-age=31536000; includeSubDomains",
        "X-Content-Type-Options": "nosniff",
        "x-ms-arm-service-request-id": "f092d319-6c5a-4eeb-8721-1a007b189537",
        "x-ms-client-request-id": "e6bb87934cf565be30816b41e83d9885",
        "x-ms-correlation-request-id": "aa65c1a2-d575-46c8-a780-8ac86cf8a1b2",
        "x-ms-ratelimit-remaining-subscription-reads": "11973",
        "x-ms-request-id": "60823275-ce1f-400f-bb1c-c1abb37f36a5",
        "x-ms-routing-request-id": "SOUTHEASTASIA:20230628T084803Z:aa65c1a2-d575-46c8-a780-8ac86cf8a1b2"
      },
      "ResponseBody": {
        "name": "azsmnet8494",
        "id": "/subscriptions/db1ab6f0-4769-4b27-930e-01e2ef9c123c/resourceGroups/csmrg4564/providers/Microsoft.Network/virtualNetworks/azsmnet8494",
        "etag": "W/\u00228bb3c0e9-e607-4956-81bd-6f59b534d75e\u0022",
        "type": "Microsoft.Network/virtualNetworks",
        "location": "westus",
        "properties": {
          "provisioningState": "Succeeded",
          "resourceGuid": "acad530d-4114-4a7d-bd34-6e1d85f0bc93",
          "addressSpace": {
            "addressPrefixes": [
              "10.0.0.0/16"
            ]
          },
          "dhcpOptions": {
            "dnsServers": [
              "10.1.1.1",
              "10.1.2.4"
            ]
          },
          "subnets": [
            {
              "name": "GatewaySubnet",
              "id": "/subscriptions/db1ab6f0-4769-4b27-930e-01e2ef9c123c/resourceGroups/csmrg4564/providers/Microsoft.Network/virtualNetworks/azsmnet8494/subnets/GatewaySubnet",
              "etag": "W/\u00228bb3c0e9-e607-4956-81bd-6f59b534d75e\u0022",
              "properties": {
                "provisioningState": "Succeeded",
                "addressPrefix": "10.0.0.0/24",
                "delegations": [],
                "privateEndpointNetworkPolicies": "Disabled",
                "privateLinkServiceNetworkPolicies": "Enabled"
              },
              "type": "Microsoft.Network/virtualNetworks/subnets"
            }
          ],
          "virtualNetworkPeerings": [],
          "enableDdosProtection": false
        }
      }
    },
    {
      "RequestUri": "https://management.azure.com/subscriptions/db1ab6f0-4769-4b27-930e-01e2ef9c123c/resourceGroups/csmrg4564/providers/Microsoft.Network/virtualNetworks/azsmnet8494?api-version=2023-02-01",
      "RequestMethod": "GET",
      "RequestHeaders": {
        "Accept": "application/json",
        "Authorization": "Sanitized",
        "traceparent": "00-3039a34d530d5f66730ff90cb531cd64-e3c14a121884e324-00",
        "User-Agent": "azsdk-net-ResourceManager.Network/1.3.0-alpha.20230627.1 (.NET 7.0.7; Microsoft Windows 10.0.22621)",
        "x-ms-client-request-id": "d08f4a13ef5b08156dbdad9bfeb804f5",
        "x-ms-return-client-request-id": "true"
      },
      "RequestBody": null,
      "StatusCode": 200,
      "ResponseHeaders": {
        "Cache-Control": "no-cache",
        "Content-Length": "1025",
        "Content-Type": "application/json; charset=utf-8",
        "Date": "Wed, 28 Jun 2023 08:48:03 GMT",
        "ETag": "W/\u00228bb3c0e9-e607-4956-81bd-6f59b534d75e\u0022",
        "Expires": "-1",
        "Pragma": "no-cache",
        "Server": [
          "Microsoft-HTTPAPI/2.0",
          "Microsoft-HTTPAPI/2.0"
        ],
        "Strict-Transport-Security": "max-age=31536000; includeSubDomains",
        "X-Content-Type-Options": "nosniff",
        "x-ms-arm-service-request-id": "32368197-b62e-4d17-a4b5-21e006084e2e",
        "x-ms-client-request-id": "d08f4a13ef5b08156dbdad9bfeb804f5",
        "x-ms-correlation-request-id": "fa6c5443-498b-48c8-b89d-46ef7f961925",
        "x-ms-ratelimit-remaining-subscription-reads": "11972",
        "x-ms-request-id": "01c04fbc-e0f4-4373-9871-90f485cdab05",
        "x-ms-routing-request-id": "SOUTHEASTASIA:20230628T084803Z:fa6c5443-498b-48c8-b89d-46ef7f961925"
      },
      "ResponseBody": {
        "name": "azsmnet8494",
        "id": "/subscriptions/db1ab6f0-4769-4b27-930e-01e2ef9c123c/resourceGroups/csmrg4564/providers/Microsoft.Network/virtualNetworks/azsmnet8494",
        "etag": "W/\u00228bb3c0e9-e607-4956-81bd-6f59b534d75e\u0022",
        "type": "Microsoft.Network/virtualNetworks",
        "location": "westus",
        "properties": {
          "provisioningState": "Succeeded",
          "resourceGuid": "acad530d-4114-4a7d-bd34-6e1d85f0bc93",
          "addressSpace": {
            "addressPrefixes": [
              "10.0.0.0/16"
            ]
          },
          "dhcpOptions": {
            "dnsServers": [
              "10.1.1.1",
              "10.1.2.4"
            ]
          },
          "subnets": [
            {
              "name": "GatewaySubnet",
              "id": "/subscriptions/db1ab6f0-4769-4b27-930e-01e2ef9c123c/resourceGroups/csmrg4564/providers/Microsoft.Network/virtualNetworks/azsmnet8494/subnets/GatewaySubnet",
              "etag": "W/\u00228bb3c0e9-e607-4956-81bd-6f59b534d75e\u0022",
              "properties": {
                "provisioningState": "Succeeded",
                "addressPrefix": "10.0.0.0/24",
                "delegations": [],
                "privateEndpointNetworkPolicies": "Disabled",
                "privateLinkServiceNetworkPolicies": "Enabled"
              },
              "type": "Microsoft.Network/virtualNetworks/subnets"
            }
          ],
          "virtualNetworkPeerings": [],
          "enableDdosProtection": false
        }
      }
    },
    {
      "RequestUri": "https://management.azure.com/subscriptions/db1ab6f0-4769-4b27-930e-01e2ef9c123c/resourceGroups/csmrg4564/providers/Microsoft.Network/virtualNetworks/azsmnet8494/subnets/GatewaySubnet?api-version=2023-02-01",
      "RequestMethod": "GET",
      "RequestHeaders": {
        "Accept": "application/json",
        "Authorization": "Sanitized",
        "traceparent": "00-11ce78a7036340b1ecd1dbe331e7e099-eb1580308c7b1a87-00",
        "User-Agent": "azsdk-net-ResourceManager.Network/1.3.0-alpha.20230627.1 (.NET 7.0.7; Microsoft Windows 10.0.22621)",
        "x-ms-client-request-id": "8ab9b67131677bd90849ae193bcf3613",
        "x-ms-return-client-request-id": "true"
      },
      "RequestBody": null,
      "StatusCode": 200,
      "ResponseHeaders": {
        "Cache-Control": "no-cache",
        "Content-Length": "473",
        "Content-Type": "application/json; charset=utf-8",
        "Date": "Wed, 28 Jun 2023 08:48:03 GMT",
        "ETag": "W/\u00228bb3c0e9-e607-4956-81bd-6f59b534d75e\u0022",
        "Expires": "-1",
        "Pragma": "no-cache",
        "Server": [
          "Microsoft-HTTPAPI/2.0",
          "Microsoft-HTTPAPI/2.0"
        ],
        "Strict-Transport-Security": "max-age=31536000; includeSubDomains",
        "X-Content-Type-Options": "nosniff",
        "x-ms-arm-service-request-id": "cbc53bb5-69a4-4134-80d9-53f23ae64069",
        "x-ms-client-request-id": "8ab9b67131677bd90849ae193bcf3613",
        "x-ms-correlation-request-id": "11647c82-3b05-4797-b42d-04ce48ab5cc0",
        "x-ms-ratelimit-remaining-subscription-reads": "11971",
        "x-ms-request-id": "ddf59647-81fc-4d8d-a5a7-eb966b975045",
        "x-ms-routing-request-id": "SOUTHEASTASIA:20230628T084804Z:11647c82-3b05-4797-b42d-04ce48ab5cc0"
      },
      "ResponseBody": {
        "name": "GatewaySubnet",
        "id": "/subscriptions/db1ab6f0-4769-4b27-930e-01e2ef9c123c/resourceGroups/csmrg4564/providers/Microsoft.Network/virtualNetworks/azsmnet8494/subnets/GatewaySubnet",
        "etag": "W/\u00228bb3c0e9-e607-4956-81bd-6f59b534d75e\u0022",
        "properties": {
          "provisioningState": "Succeeded",
          "addressPrefix": "10.0.0.0/24",
          "delegations": [],
          "privateEndpointNetworkPolicies": "Disabled",
          "privateLinkServiceNetworkPolicies": "Enabled"
        },
        "type": "Microsoft.Network/virtualNetworks/subnets"
      }
    },
    {
      "RequestUri": "https://management.azure.com/subscriptions/db1ab6f0-4769-4b27-930e-01e2ef9c123c/resourceGroups/csmrg4564/providers/Microsoft.Network/virtualNetworkGateways/azsmnet996?api-version=2023-02-01",
      "RequestMethod": "PUT",
      "RequestHeaders": {
        "Accept": "application/json",
        "Authorization": "Sanitized",
        "Content-Length": "638",
        "Content-Type": "application/json",
        "traceparent": "00-fe384c94599cc497d7ffe6398cac6438-67fac81fd21f8a9f-00",
        "User-Agent": "azsdk-net-ResourceManager.Network/1.3.0-alpha.20230627.1 (.NET 7.0.7; Microsoft Windows 10.0.22621)",
        "x-ms-client-request-id": "6a6ab3d4a4e5b37179389e2366777d75",
        "x-ms-return-client-request-id": "true"
      },
      "RequestBody": {
        "location": "westus",
        "tags": {
          "key": "value"
        },
        "properties": {
          "ipConfigurations": [
            {
              "name": "azsmnet7148",
              "properties": {
                "privateIPAllocationMethod": "Dynamic",
                "subnet": {
                  "id": "/subscriptions/db1ab6f0-4769-4b27-930e-01e2ef9c123c/resourceGroups/csmrg4564/providers/Microsoft.Network/virtualNetworks/azsmnet8494/subnets/GatewaySubnet"
                },
                "publicIPAddress": {
                  "id": "/subscriptions/db1ab6f0-4769-4b27-930e-01e2ef9c123c/resourceGroups/csmrg4564/providers/Microsoft.Network/publicIPAddresses/azsmnet9075"
                }
              }
            }
          ],
          "gatewayType": "Vpn",
          "vpnType": "RouteBased",
          "enableBgp": false,
          "sku": {
            "name": "Standard",
            "tier": "Standard"
          },
          "bgpSettings": {
            "asn": 1337,
            "peerWeight": 5
          }
        }
      },
      "StatusCode": 201,
      "ResponseHeaders": {
        "Azure-AsyncNotification": "Enabled",
        "Azure-AsyncOperation": "https://management.azure.com/subscriptions/db1ab6f0-4769-4b27-930e-01e2ef9c123c/providers/Microsoft.Network/locations/westus/operations/402f9ed6-c53f-476d-8e3c-1b17cfa43f02?api-version=2023-02-01",
        "Cache-Control": "no-cache",
        "Content-Length": "2188",
        "Content-Type": "application/json; charset=utf-8",
        "Date": "Wed, 28 Jun 2023 08:48:06 GMT",
        "Expires": "-1",
        "Pragma": "no-cache",
        "Retry-After": "10",
        "Server": [
          "Microsoft-HTTPAPI/2.0",
          "Microsoft-HTTPAPI/2.0"
        ],
        "Strict-Transport-Security": "max-age=31536000; includeSubDomains",
        "X-Content-Type-Options": "nosniff",
        "x-ms-arm-service-request-id": "445289ab-86a2-4466-9650-04e965ae7f51",
        "x-ms-client-request-id": "6a6ab3d4a4e5b37179389e2366777d75",
        "x-ms-correlation-request-id": "7ec0d177-00e7-488e-96ab-fa99574c3c86",
        "x-ms-ratelimit-remaining-subscription-writes": "1192",
        "x-ms-request-id": "402f9ed6-c53f-476d-8e3c-1b17cfa43f02",
        "x-ms-routing-request-id": "SOUTHEASTASIA:20230628T084807Z:7ec0d177-00e7-488e-96ab-fa99574c3c86"
      },
      "ResponseBody": {
        "name": "azsmnet996",
        "id": "/subscriptions/db1ab6f0-4769-4b27-930e-01e2ef9c123c/resourceGroups/csmrg4564/providers/Microsoft.Network/virtualNetworkGateways/azsmnet996",
        "etag": "W/\u00224e0f2d2e-0aa1-43ba-b591-b5d9d8cdc9ba\u0022",
        "type": "Microsoft.Network/virtualNetworkGateways",
        "location": "westus",
        "tags": {
          "key": "value"
        },
        "properties": {
          "provisioningState": "Updating",
          "resourceGuid": "6e923ffb-8764-4eb6-9f77-7228fd981d90",
          "packetCaptureDiagnosticState": "None",
          "enablePrivateIpAddress": false,
          "isMigrateToCSES": false,
          "ipConfigurations": [
            {
              "name": "azsmnet7148",
              "id": "/subscriptions/db1ab6f0-4769-4b27-930e-01e2ef9c123c/resourceGroups/csmrg4564/providers/Microsoft.Network/virtualNetworkGateways/azsmnet996/ipConfigurations/azsmnet7148",
              "etag": "W/\u00224e0f2d2e-0aa1-43ba-b591-b5d9d8cdc9ba\u0022",
              "type": "Microsoft.Network/virtualNetworkGateways/ipConfigurations",
              "properties": {
                "provisioningState": "Updating",
                "privateIPAllocationMethod": "Dynamic",
                "publicIPAddress": {
                  "id": "/subscriptions/db1ab6f0-4769-4b27-930e-01e2ef9c123c/resourceGroups/csmrg4564/providers/Microsoft.Network/publicIPAddresses/azsmnet9075"
                },
                "subnet": {
                  "id": "/subscriptions/db1ab6f0-4769-4b27-930e-01e2ef9c123c/resourceGroups/csmrg4564/providers/Microsoft.Network/virtualNetworks/azsmnet8494/subnets/GatewaySubnet"
                }
              }
            }
          ],
          "natRules": [],
          "virtualNetworkGatewayPolicyGroups": [],
          "enableBgpRouteTranslationForNat": false,
          "disableIPSecReplayProtection": false,
          "sku": {
            "name": "Standard",
            "tier": "Standard",
            "capacity": 2
          },
          "gatewayType": "Vpn",
          "vpnType": "RouteBased",
          "enableBgp": false,
          "activeActive": false,
          "vpnClientConfiguration": {
            "vpnClientProtocols": [
              "OpenVPN",
              "IkeV2"
            ],
            "vpnAuthenticationTypes": [],
            "vpnClientRootCertificates": [],
            "vpnClientRevokedCertificates": [],
            "vngClientConnectionConfigurations": [],
            "radiusServers": [],
            "vpnClientIpsecPolicies": []
          },
          "bgpSettings": {
            "asn": 1337,
            "peerWeight": 5,
            "bgpPeeringAddresses": [
              {
                "ipconfigurationId": "/subscriptions/db1ab6f0-4769-4b27-930e-01e2ef9c123c/resourceGroups/csmrg4564/providers/Microsoft.Network/virtualNetworkGateways/azsmnet996/ipConfigurations/azsmnet7148",
                "defaultBgpIpAddresses": [],
                "customBgpIpAddresses": []
              }
            ]
          },
          "vpnGatewayGeneration": "Generation1",
          "allowRemoteVnetTraffic": false,
          "allowVirtualWanTraffic": false
        }
      }
    },
    {
      "RequestUri": "https://management.azure.com/subscriptions/db1ab6f0-4769-4b27-930e-01e2ef9c123c/providers/Microsoft.Network/locations/westus/operations/402f9ed6-c53f-476d-8e3c-1b17cfa43f02?api-version=2023-02-01",
      "RequestMethod": "GET",
      "RequestHeaders": {
        "Authorization": "Sanitized",
        "traceparent": "00-fe384c94599cc497d7ffe6398cac6438-ac714a819a5b7bda-00",
        "User-Agent": "azsdk-net-ResourceManager/1.6.0 (.NET 7.0.7; Microsoft Windows 10.0.22621)",
        "x-ms-client-request-id": "50e3d0aa078b14d018b4b8a1dce5e237",
        "x-ms-return-client-request-id": "true"
      },
      "RequestBody": null,
      "StatusCode": 200,
      "ResponseHeaders": {
        "Cache-Control": "no-cache",
        "Content-Length": "23",
        "Content-Type": "application/json; charset=utf-8",
        "Date": "Wed, 28 Jun 2023 08:48:07 GMT",
        "Expires": "-1",
        "Pragma": "no-cache",
        "Retry-After": "10",
        "Server": [
          "Microsoft-HTTPAPI/2.0",
          "Microsoft-HTTPAPI/2.0"
        ],
        "Strict-Transport-Security": "max-age=31536000; includeSubDomains",
        "X-Content-Type-Options": "nosniff",
        "x-ms-arm-service-request-id": "1f340c20-9c17-44a3-9ff3-c75bfba466d3",
        "x-ms-client-request-id": "50e3d0aa078b14d018b4b8a1dce5e237",
        "x-ms-correlation-request-id": "d5ace912-4e09-41c6-a64a-602e76a66773",
        "x-ms-ratelimit-remaining-subscription-reads": "11970",
        "x-ms-request-id": "97add5f2-7e1a-461e-8667-bc8bb95b83cd",
        "x-ms-routing-request-id": "SOUTHEASTASIA:20230628T084807Z:d5ace912-4e09-41c6-a64a-602e76a66773"
      },
      "ResponseBody": {
        "status": "InProgress"
      }
    },
    {
      "RequestUri": "https://management.azure.com/subscriptions/db1ab6f0-4769-4b27-930e-01e2ef9c123c/providers/Microsoft.Network/locations/westus/operations/402f9ed6-c53f-476d-8e3c-1b17cfa43f02?api-version=2023-02-01",
      "RequestMethod": "GET",
      "RequestHeaders": {
        "Authorization": "Sanitized",
        "traceparent": "00-fe384c94599cc497d7ffe6398cac6438-f6ea9a47432d067c-00",
        "User-Agent": "azsdk-net-ResourceManager/1.6.0 (.NET 7.0.7; Microsoft Windows 10.0.22621)",
        "x-ms-client-request-id": "05ffc59be28ef3114255a2d36375e5dc",
        "x-ms-return-client-request-id": "true"
      },
      "RequestBody": null,
      "StatusCode": 200,
      "ResponseHeaders": {
        "Cache-Control": "no-cache",
        "Content-Length": "23",
        "Content-Type": "application/json; charset=utf-8",
        "Date": "Wed, 28 Jun 2023 08:48:18 GMT",
        "Expires": "-1",
        "Pragma": "no-cache",
        "Retry-After": "20",
        "Server": [
          "Microsoft-HTTPAPI/2.0",
          "Microsoft-HTTPAPI/2.0"
        ],
        "Strict-Transport-Security": "max-age=31536000; includeSubDomains",
        "X-Content-Type-Options": "nosniff",
        "x-ms-arm-service-request-id": "bd69e018-4a60-4de3-8f27-6d428ee46fd4",
        "x-ms-client-request-id": "05ffc59be28ef3114255a2d36375e5dc",
        "x-ms-correlation-request-id": "e48751af-fc62-4a70-9c49-0f1150130ef9",
        "x-ms-ratelimit-remaining-subscription-reads": "11969",
        "x-ms-request-id": "c423de40-e46d-45a4-ac05-1f95e3f27bc8",
        "x-ms-routing-request-id": "SOUTHEASTASIA:20230628T084818Z:e48751af-fc62-4a70-9c49-0f1150130ef9"
      },
      "ResponseBody": {
        "status": "InProgress"
      }
    },
    {
      "RequestUri": "https://management.azure.com/subscriptions/db1ab6f0-4769-4b27-930e-01e2ef9c123c/providers/Microsoft.Network/locations/westus/operations/402f9ed6-c53f-476d-8e3c-1b17cfa43f02?api-version=2023-02-01",
      "RequestMethod": "GET",
      "RequestHeaders": {
        "Authorization": "Sanitized",
        "traceparent": "00-fe384c94599cc497d7ffe6398cac6438-4626f399e11d8907-00",
        "User-Agent": "azsdk-net-ResourceManager/1.6.0 (.NET 7.0.7; Microsoft Windows 10.0.22621)",
        "x-ms-client-request-id": "967804b12c94c8ea606ff56829cf38e1",
        "x-ms-return-client-request-id": "true"
      },
      "RequestBody": null,
      "StatusCode": 200,
      "ResponseHeaders": {
        "Cache-Control": "no-cache",
        "Content-Length": "23",
        "Content-Type": "application/json; charset=utf-8",
        "Date": "Wed, 28 Jun 2023 08:48:38 GMT",
        "Expires": "-1",
        "Pragma": "no-cache",
        "Retry-After": "20",
        "Server": [
          "Microsoft-HTTPAPI/2.0",
          "Microsoft-HTTPAPI/2.0"
        ],
        "Strict-Transport-Security": "max-age=31536000; includeSubDomains",
        "X-Content-Type-Options": "nosniff",
        "x-ms-arm-service-request-id": "55c8ec31-0782-4f4e-894e-6709f62217ce",
        "x-ms-client-request-id": "967804b12c94c8ea606ff56829cf38e1",
        "x-ms-correlation-request-id": "4f5ba749-0118-4641-9d88-0bb2a09385f0",
        "x-ms-ratelimit-remaining-subscription-reads": "11968",
        "x-ms-request-id": "125c5c1f-063d-4cec-b466-5a688d719fb2",
        "x-ms-routing-request-id": "SOUTHEASTASIA:20230628T084838Z:4f5ba749-0118-4641-9d88-0bb2a09385f0"
      },
      "ResponseBody": {
        "status": "InProgress"
      }
    },
    {
      "RequestUri": "https://management.azure.com/subscriptions/db1ab6f0-4769-4b27-930e-01e2ef9c123c/providers/Microsoft.Network/locations/westus/operations/402f9ed6-c53f-476d-8e3c-1b17cfa43f02?api-version=2023-02-01",
      "RequestMethod": "GET",
      "RequestHeaders": {
        "Authorization": "Sanitized",
        "traceparent": "00-fe384c94599cc497d7ffe6398cac6438-811d12a084401976-00",
        "User-Agent": "azsdk-net-ResourceManager/1.6.0 (.NET 7.0.7; Microsoft Windows 10.0.22621)",
        "x-ms-client-request-id": "0860092f819ec70bbef00e3564fcb0a3",
        "x-ms-return-client-request-id": "true"
      },
      "RequestBody": null,
      "StatusCode": 200,
      "ResponseHeaders": {
        "Cache-Control": "no-cache",
        "Content-Length": "23",
        "Content-Type": "application/json; charset=utf-8",
        "Date": "Wed, 28 Jun 2023 08:48:58 GMT",
        "Expires": "-1",
        "Pragma": "no-cache",
        "Retry-After": "40",
        "Server": [
          "Microsoft-HTTPAPI/2.0",
          "Microsoft-HTTPAPI/2.0"
        ],
        "Strict-Transport-Security": "max-age=31536000; includeSubDomains",
        "X-Content-Type-Options": "nosniff",
        "x-ms-arm-service-request-id": "c1a289fe-f646-48a0-b848-a9257cdbf761",
        "x-ms-client-request-id": "0860092f819ec70bbef00e3564fcb0a3",
        "x-ms-correlation-request-id": "67596407-e9a2-4841-bc07-2751084442ac",
        "x-ms-ratelimit-remaining-subscription-reads": "11967",
        "x-ms-request-id": "908ea5ba-d386-41e2-a7ad-fe54975e7325",
        "x-ms-routing-request-id": "SOUTHEASTASIA:20230628T084858Z:67596407-e9a2-4841-bc07-2751084442ac"
      },
      "ResponseBody": {
        "status": "InProgress"
      }
    },
    {
      "RequestUri": "https://management.azure.com/subscriptions/db1ab6f0-4769-4b27-930e-01e2ef9c123c/providers/Microsoft.Network/locations/westus/operations/402f9ed6-c53f-476d-8e3c-1b17cfa43f02?api-version=2023-02-01",
      "RequestMethod": "GET",
      "RequestHeaders": {
        "Authorization": "Sanitized",
        "traceparent": "00-fe384c94599cc497d7ffe6398cac6438-6c05652a8b3e573c-00",
        "User-Agent": "azsdk-net-ResourceManager/1.6.0 (.NET 7.0.7; Microsoft Windows 10.0.22621)",
        "x-ms-client-request-id": "d8efdccf4b6c6ea3da36a41feda8c972",
        "x-ms-return-client-request-id": "true"
      },
      "RequestBody": null,
      "StatusCode": 200,
      "ResponseHeaders": {
        "Cache-Control": "no-cache",
        "Content-Length": "23",
        "Content-Type": "application/json; charset=utf-8",
        "Date": "Wed, 28 Jun 2023 08:49:38 GMT",
        "Expires": "-1",
        "Pragma": "no-cache",
        "Retry-After": "40",
        "Server": [
          "Microsoft-HTTPAPI/2.0",
          "Microsoft-HTTPAPI/2.0"
        ],
        "Strict-Transport-Security": "max-age=31536000; includeSubDomains",
        "X-Content-Type-Options": "nosniff",
        "x-ms-arm-service-request-id": "9b67e00b-afab-4d6f-bca9-18f784090ce8",
        "x-ms-client-request-id": "d8efdccf4b6c6ea3da36a41feda8c972",
        "x-ms-correlation-request-id": "eb25d063-cc2c-4676-96c4-4ba66e6a22d2",
        "x-ms-ratelimit-remaining-subscription-reads": "11966",
        "x-ms-request-id": "9e92eec7-19f3-4f50-93eb-7be4fd7fbddb",
        "x-ms-routing-request-id": "SOUTHEASTASIA:20230628T084938Z:eb25d063-cc2c-4676-96c4-4ba66e6a22d2"
      },
      "ResponseBody": {
        "status": "InProgress"
      }
    },
    {
      "RequestUri": "https://management.azure.com/subscriptions/db1ab6f0-4769-4b27-930e-01e2ef9c123c/providers/Microsoft.Network/locations/westus/operations/402f9ed6-c53f-476d-8e3c-1b17cfa43f02?api-version=2023-02-01",
      "RequestMethod": "GET",
      "RequestHeaders": {
        "Authorization": "Sanitized",
        "traceparent": "00-fe384c94599cc497d7ffe6398cac6438-3fe531ac9ed3ef34-00",
        "User-Agent": "azsdk-net-ResourceManager/1.6.0 (.NET 7.0.7; Microsoft Windows 10.0.22621)",
        "x-ms-client-request-id": "5aa4c11ddd14303df8b1d7a31eb46464",
        "x-ms-return-client-request-id": "true"
      },
      "RequestBody": null,
      "StatusCode": 200,
      "ResponseHeaders": {
        "Cache-Control": "no-cache",
        "Content-Length": "23",
        "Content-Type": "application/json; charset=utf-8",
        "Date": "Wed, 28 Jun 2023 08:50:19 GMT",
        "Expires": "-1",
        "Pragma": "no-cache",
        "Retry-After": "80",
        "Server": [
          "Microsoft-HTTPAPI/2.0",
          "Microsoft-HTTPAPI/2.0"
        ],
        "Strict-Transport-Security": "max-age=31536000; includeSubDomains",
        "X-Content-Type-Options": "nosniff",
        "x-ms-arm-service-request-id": "56184bdf-7f2a-4500-838c-558c7ffb75fa",
        "x-ms-client-request-id": "5aa4c11ddd14303df8b1d7a31eb46464",
        "x-ms-correlation-request-id": "179c98d7-b846-4335-a639-c43b0d90446a",
        "x-ms-ratelimit-remaining-subscription-reads": "11965",
        "x-ms-request-id": "f72d06fe-3df1-4419-bb3f-2e0f27272a76",
        "x-ms-routing-request-id": "SOUTHEASTASIA:20230628T085019Z:179c98d7-b846-4335-a639-c43b0d90446a"
      },
      "ResponseBody": {
        "status": "InProgress"
      }
    },
    {
      "RequestUri": "https://management.azure.com/subscriptions/db1ab6f0-4769-4b27-930e-01e2ef9c123c/providers/Microsoft.Network/locations/westus/operations/402f9ed6-c53f-476d-8e3c-1b17cfa43f02?api-version=2023-02-01",
      "RequestMethod": "GET",
      "RequestHeaders": {
        "Authorization": "Sanitized",
        "traceparent": "00-fe384c94599cc497d7ffe6398cac6438-a1001e8125f09cc9-00",
        "User-Agent": "azsdk-net-ResourceManager/1.6.0 (.NET 7.0.7; Microsoft Windows 10.0.22621)",
        "x-ms-client-request-id": "4d9951be5fe0e37466f22d67dcecd916",
        "x-ms-return-client-request-id": "true"
      },
      "RequestBody": null,
      "StatusCode": 200,
      "ResponseHeaders": {
        "Cache-Control": "no-cache",
        "Content-Length": "23",
        "Content-Type": "application/json; charset=utf-8",
        "Date": "Wed, 28 Jun 2023 08:51:39 GMT",
        "Expires": "-1",
        "Pragma": "no-cache",
        "Retry-After": "160",
        "Server": [
          "Microsoft-HTTPAPI/2.0",
          "Microsoft-HTTPAPI/2.0"
        ],
        "Strict-Transport-Security": "max-age=31536000; includeSubDomains",
        "X-Content-Type-Options": "nosniff",
        "x-ms-arm-service-request-id": "a70a47fe-36f9-4fd7-9199-73945870ae87",
        "x-ms-client-request-id": "4d9951be5fe0e37466f22d67dcecd916",
        "x-ms-correlation-request-id": "1c1e5ce5-f928-4434-b75f-cdfb514ede13",
        "x-ms-ratelimit-remaining-subscription-reads": "11999",
        "x-ms-request-id": "507df86d-d99e-4c62-96f3-43509e647061",
        "x-ms-routing-request-id": "SOUTHEASTASIA:20230628T085140Z:1c1e5ce5-f928-4434-b75f-cdfb514ede13"
      },
      "ResponseBody": {
        "status": "InProgress"
      }
    },
    {
      "RequestUri": "https://management.azure.com/subscriptions/db1ab6f0-4769-4b27-930e-01e2ef9c123c/providers/Microsoft.Network/locations/westus/operations/402f9ed6-c53f-476d-8e3c-1b17cfa43f02?api-version=2023-02-01",
      "RequestMethod": "GET",
      "RequestHeaders": {
        "Authorization": "Sanitized",
        "traceparent": "00-fe384c94599cc497d7ffe6398cac6438-312d41adda21da0d-00",
        "User-Agent": "azsdk-net-ResourceManager/1.6.0 (.NET 7.0.7; Microsoft Windows 10.0.22621)",
        "x-ms-client-request-id": "a3189b275657f18e9ebfdfbb73ff5026",
        "x-ms-return-client-request-id": "true"
      },
      "RequestBody": null,
      "StatusCode": 200,
      "ResponseHeaders": {
        "Cache-Control": "no-cache",
        "Content-Length": "23",
        "Content-Type": "application/json; charset=utf-8",
        "Date": "Wed, 28 Jun 2023 08:54:20 GMT",
        "Expires": "-1",
        "Pragma": "no-cache",
        "Retry-After": "100",
        "Server": [
          "Microsoft-HTTPAPI/2.0",
          "Microsoft-HTTPAPI/2.0"
        ],
        "Strict-Transport-Security": "max-age=31536000; includeSubDomains",
        "X-Content-Type-Options": "nosniff",
        "x-ms-arm-service-request-id": "20f8ffa6-7efa-416b-ac05-9632d6cdd44b",
        "x-ms-client-request-id": "a3189b275657f18e9ebfdfbb73ff5026",
        "x-ms-correlation-request-id": "b31b0fb3-c986-41e6-bc56-e1e6dbed696b",
        "x-ms-ratelimit-remaining-subscription-reads": "11999",
        "x-ms-request-id": "afe87b1f-d9ce-4019-b964-deb04dda8ce5",
        "x-ms-routing-request-id": "SOUTHEASTASIA:20230628T085421Z:b31b0fb3-c986-41e6-bc56-e1e6dbed696b"
      },
      "ResponseBody": {
        "status": "InProgress"
      }
    },
    {
      "RequestUri": "https://management.azure.com/subscriptions/db1ab6f0-4769-4b27-930e-01e2ef9c123c/providers/Microsoft.Network/locations/westus/operations/402f9ed6-c53f-476d-8e3c-1b17cfa43f02?api-version=2023-02-01",
      "RequestMethod": "GET",
      "RequestHeaders": {
        "Authorization": "Sanitized",
        "traceparent": "00-fe384c94599cc497d7ffe6398cac6438-e36276e6f0f18101-00",
        "User-Agent": "azsdk-net-ResourceManager/1.6.0 (.NET 7.0.7; Microsoft Windows 10.0.22621)",
        "x-ms-client-request-id": "9b6040d27b0fbd924cc1f422b0d6540b",
        "x-ms-return-client-request-id": "true"
      },
      "RequestBody": null,
      "StatusCode": 200,
      "ResponseHeaders": {
        "Cache-Control": "no-cache",
        "Content-Length": "23",
        "Content-Type": "application/json; charset=utf-8",
        "Date": "Wed, 28 Jun 2023 08:56:01 GMT",
        "Expires": "-1",
        "Pragma": "no-cache",
        "Retry-After": "100",
        "Server": [
          "Microsoft-HTTPAPI/2.0",
          "Microsoft-HTTPAPI/2.0"
        ],
        "Strict-Transport-Security": "max-age=31536000; includeSubDomains",
        "X-Content-Type-Options": "nosniff",
        "x-ms-arm-service-request-id": "f622e56f-abb4-4702-8aec-5bee79255cef",
        "x-ms-client-request-id": "9b6040d27b0fbd924cc1f422b0d6540b",
        "x-ms-correlation-request-id": "885acc8a-22b8-4f5a-a18f-8b9b039234ab",
        "x-ms-ratelimit-remaining-subscription-reads": "11999",
        "x-ms-request-id": "6656dfb5-6a9a-48f9-ac2f-94fc758d453b",
        "x-ms-routing-request-id": "SOUTHEASTASIA:20230628T085602Z:885acc8a-22b8-4f5a-a18f-8b9b039234ab"
      },
      "ResponseBody": {
        "status": "InProgress"
      }
    },
    {
      "RequestUri": "https://management.azure.com/subscriptions/db1ab6f0-4769-4b27-930e-01e2ef9c123c/providers/Microsoft.Network/locations/westus/operations/402f9ed6-c53f-476d-8e3c-1b17cfa43f02?api-version=2023-02-01",
      "RequestMethod": "GET",
      "RequestHeaders": {
        "Authorization": "Sanitized",
        "traceparent": "00-fe384c94599cc497d7ffe6398cac6438-90cb748f28072069-00",
        "User-Agent": "azsdk-net-ResourceManager/1.6.0 (.NET 7.0.7; Microsoft Windows 10.0.22621)",
        "x-ms-client-request-id": "837cc1d8c09c680cc3a7af207fb96f66",
        "x-ms-return-client-request-id": "true"
      },
      "RequestBody": null,
      "StatusCode": 200,
      "ResponseHeaders": {
        "Cache-Control": "no-cache",
        "Content-Length": "23",
        "Content-Type": "application/json; charset=utf-8",
        "Date": "Wed, 28 Jun 2023 08:57:43 GMT",
        "Expires": "-1",
        "Pragma": "no-cache",
        "Retry-After": "100",
        "Server": [
          "Microsoft-HTTPAPI/2.0",
          "Microsoft-HTTPAPI/2.0"
        ],
        "Strict-Transport-Security": "max-age=31536000; includeSubDomains",
        "X-Content-Type-Options": "nosniff",
        "x-ms-arm-service-request-id": "fffafd89-5b23-4a57-885d-2c41f8b8e23d",
        "x-ms-client-request-id": "837cc1d8c09c680cc3a7af207fb96f66",
        "x-ms-correlation-request-id": "7edd5e25-3f4f-4ad5-b36c-0451c2ea31b8",
        "x-ms-ratelimit-remaining-subscription-reads": "11999",
        "x-ms-request-id": "90693761-9e5a-4853-9a63-dee29307fc39",
        "x-ms-routing-request-id": "SOUTHEASTASIA:20230628T085743Z:7edd5e25-3f4f-4ad5-b36c-0451c2ea31b8"
      },
      "ResponseBody": {
        "status": "InProgress"
      }
    },
    {
      "RequestUri": "https://management.azure.com/subscriptions/db1ab6f0-4769-4b27-930e-01e2ef9c123c/providers/Microsoft.Network/locations/westus/operations/402f9ed6-c53f-476d-8e3c-1b17cfa43f02?api-version=2023-02-01",
      "RequestMethod": "GET",
      "RequestHeaders": {
        "Authorization": "Sanitized",
        "traceparent": "00-fe384c94599cc497d7ffe6398cac6438-1bbfb8440479c5ed-00",
        "User-Agent": "azsdk-net-ResourceManager/1.6.0 (.NET 7.0.7; Microsoft Windows 10.0.22621)",
        "x-ms-client-request-id": "9b9407a13d8cab07085a5696626c41c7",
        "x-ms-return-client-request-id": "true"
      },
      "RequestBody": null,
      "StatusCode": 200,
      "ResponseHeaders": {
        "Cache-Control": "no-cache",
        "Content-Length": "23",
        "Content-Type": "application/json; charset=utf-8",
        "Date": "Wed, 28 Jun 2023 08:59:24 GMT",
        "Expires": "-1",
        "Pragma": "no-cache",
        "Retry-After": "100",
        "Server": [
          "Microsoft-HTTPAPI/2.0",
          "Microsoft-HTTPAPI/2.0"
        ],
        "Strict-Transport-Security": "max-age=31536000; includeSubDomains",
        "X-Content-Type-Options": "nosniff",
        "x-ms-arm-service-request-id": "0871956d-89b4-4f1d-a340-2bffc685d4b0",
        "x-ms-client-request-id": "9b9407a13d8cab07085a5696626c41c7",
        "x-ms-correlation-request-id": "71a97c90-5c3a-432a-be4d-968d56de0436",
        "x-ms-ratelimit-remaining-subscription-reads": "11999",
        "x-ms-request-id": "42350266-ffce-4d84-9ff8-d5c0535331a0",
        "x-ms-routing-request-id": "SOUTHEASTASIA:20230628T085924Z:71a97c90-5c3a-432a-be4d-968d56de0436"
      },
      "ResponseBody": {
        "status": "InProgress"
      }
    },
    {
      "RequestUri": "https://management.azure.com/subscriptions/db1ab6f0-4769-4b27-930e-01e2ef9c123c/providers/Microsoft.Network/locations/westus/operations/402f9ed6-c53f-476d-8e3c-1b17cfa43f02?api-version=2023-02-01",
      "RequestMethod": "GET",
      "RequestHeaders": {
        "Authorization": "Sanitized",
        "traceparent": "00-fe384c94599cc497d7ffe6398cac6438-f71eaf6d05b245d9-00",
        "User-Agent": "azsdk-net-ResourceManager/1.6.0 (.NET 7.0.7; Microsoft Windows 10.0.22621)",
        "x-ms-client-request-id": "b2e2d46bcd83128934f8d867cc713d92",
        "x-ms-return-client-request-id": "true"
      },
      "RequestBody": null,
      "StatusCode": 200,
      "ResponseHeaders": {
        "Cache-Control": "no-cache",
        "Content-Length": "23",
        "Content-Type": "application/json; charset=utf-8",
        "Date": "Wed, 28 Jun 2023 09:01:04 GMT",
        "Expires": "-1",
        "Pragma": "no-cache",
        "Retry-After": "100",
        "Server": [
          "Microsoft-HTTPAPI/2.0",
          "Microsoft-HTTPAPI/2.0"
        ],
        "Strict-Transport-Security": "max-age=31536000; includeSubDomains",
        "X-Content-Type-Options": "nosniff",
        "x-ms-arm-service-request-id": "ecbbf81d-d66e-4713-b5f3-dbb67bd11c8d",
        "x-ms-client-request-id": "b2e2d46bcd83128934f8d867cc713d92",
        "x-ms-correlation-request-id": "de784beb-e0d9-46f4-8055-4e821e55fc4d",
        "x-ms-ratelimit-remaining-subscription-reads": "11999",
        "x-ms-request-id": "54bd6db3-2123-4de7-ab9f-2894ed80e748",
        "x-ms-routing-request-id": "SOUTHEASTASIA:20230628T090104Z:de784beb-e0d9-46f4-8055-4e821e55fc4d"
      },
      "ResponseBody": {
        "status": "InProgress"
      }
    },
    {
      "RequestUri": "https://management.azure.com/subscriptions/db1ab6f0-4769-4b27-930e-01e2ef9c123c/providers/Microsoft.Network/locations/westus/operations/402f9ed6-c53f-476d-8e3c-1b17cfa43f02?api-version=2023-02-01",
      "RequestMethod": "GET",
      "RequestHeaders": {
        "Authorization": "Sanitized",
        "traceparent": "00-fe384c94599cc497d7ffe6398cac6438-fc5fa6c34ed45771-00",
        "User-Agent": "azsdk-net-ResourceManager/1.6.0 (.NET 7.0.7; Microsoft Windows 10.0.22621)",
        "x-ms-client-request-id": "a9808d52b8429a7fbad07a4269750656",
        "x-ms-return-client-request-id": "true"
      },
      "RequestBody": null,
      "StatusCode": 200,
      "ResponseHeaders": {
        "Cache-Control": "no-cache",
        "Content-Length": "23",
        "Content-Type": "application/json; charset=utf-8",
        "Date": "Wed, 28 Jun 2023 09:02:44 GMT",
        "Expires": "-1",
        "Pragma": "no-cache",
        "Retry-After": "100",
        "Server": [
          "Microsoft-HTTPAPI/2.0",
          "Microsoft-HTTPAPI/2.0"
        ],
        "Strict-Transport-Security": "max-age=31536000; includeSubDomains",
        "X-Content-Type-Options": "nosniff",
        "x-ms-arm-service-request-id": "c19b9700-a2fb-4869-8d42-933339fc96ca",
        "x-ms-client-request-id": "a9808d52b8429a7fbad07a4269750656",
        "x-ms-correlation-request-id": "bb6b0bb3-caf4-41e4-8276-99d17e06941a",
        "x-ms-ratelimit-remaining-subscription-reads": "11999",
        "x-ms-request-id": "24805078-f02a-492f-aec2-63cd0435dd28",
        "x-ms-routing-request-id": "SOUTHEASTASIA:20230628T090245Z:bb6b0bb3-caf4-41e4-8276-99d17e06941a"
      },
      "ResponseBody": {
        "status": "InProgress"
      }
    },
    {
      "RequestUri": "https://management.azure.com/subscriptions/db1ab6f0-4769-4b27-930e-01e2ef9c123c/providers/Microsoft.Network/locations/westus/operations/402f9ed6-c53f-476d-8e3c-1b17cfa43f02?api-version=2023-02-01",
      "RequestMethod": "GET",
      "RequestHeaders": {
        "Authorization": "Sanitized",
        "traceparent": "00-fe384c94599cc497d7ffe6398cac6438-030a4bc60990331c-00",
        "User-Agent": "azsdk-net-ResourceManager/1.6.0 (.NET 7.0.7; Microsoft Windows 10.0.22621)",
        "x-ms-client-request-id": "abb5e866bdd7d4e37d826793649fdf96",
        "x-ms-return-client-request-id": "true"
      },
      "RequestBody": null,
      "StatusCode": 200,
      "ResponseHeaders": {
        "Cache-Control": "no-cache",
        "Content-Length": "23",
        "Content-Type": "application/json; charset=utf-8",
        "Date": "Wed, 28 Jun 2023 09:04:25 GMT",
        "Expires": "-1",
        "Pragma": "no-cache",
        "Retry-After": "100",
        "Server": [
          "Microsoft-HTTPAPI/2.0",
          "Microsoft-HTTPAPI/2.0"
        ],
        "Strict-Transport-Security": "max-age=31536000; includeSubDomains",
        "X-Content-Type-Options": "nosniff",
        "x-ms-arm-service-request-id": "1ccc95e4-2ca2-47e8-9fe0-d9bbc53a0706",
        "x-ms-client-request-id": "abb5e866bdd7d4e37d826793649fdf96",
        "x-ms-correlation-request-id": "f00c8fba-370c-43f3-bc95-72dbb5b1787f",
        "x-ms-ratelimit-remaining-subscription-reads": "11999",
        "x-ms-request-id": "60d7e2bf-0766-41ee-b7f8-0d66cd3fe48c",
        "x-ms-routing-request-id": "SOUTHEASTASIA:20230628T090425Z:f00c8fba-370c-43f3-bc95-72dbb5b1787f"
      },
      "ResponseBody": {
        "status": "InProgress"
      }
    },
    {
      "RequestUri": "https://management.azure.com/subscriptions/db1ab6f0-4769-4b27-930e-01e2ef9c123c/providers/Microsoft.Network/locations/westus/operations/402f9ed6-c53f-476d-8e3c-1b17cfa43f02?api-version=2023-02-01",
      "RequestMethod": "GET",
      "RequestHeaders": {
        "Authorization": "Sanitized",
        "traceparent": "00-fe384c94599cc497d7ffe6398cac6438-dd45a47697224086-00",
        "User-Agent": "azsdk-net-ResourceManager/1.6.0 (.NET 7.0.7; Microsoft Windows 10.0.22621)",
        "x-ms-client-request-id": "d444c41c98ebb2855447f7b25247a8bf",
        "x-ms-return-client-request-id": "true"
      },
      "RequestBody": null,
      "StatusCode": 200,
      "ResponseHeaders": {
        "Cache-Control": "no-cache",
        "Content-Length": "23",
        "Content-Type": "application/json; charset=utf-8",
        "Date": "Wed, 28 Jun 2023 09:06:06 GMT",
        "Expires": "-1",
        "Pragma": "no-cache",
        "Retry-After": "100",
        "Server": [
          "Microsoft-HTTPAPI/2.0",
          "Microsoft-HTTPAPI/2.0"
        ],
        "Strict-Transport-Security": "max-age=31536000; includeSubDomains",
        "X-Content-Type-Options": "nosniff",
        "x-ms-arm-service-request-id": "4687caf3-35a9-47e2-82e4-9687f15b0f4d",
        "x-ms-client-request-id": "d444c41c98ebb2855447f7b25247a8bf",
        "x-ms-correlation-request-id": "2c020a2f-f2f4-4656-8f3d-763adc1b37ad",
        "x-ms-ratelimit-remaining-subscription-reads": "11999",
        "x-ms-request-id": "5c32b400-a1d3-4013-a41c-5617654307e5",
        "x-ms-routing-request-id": "SOUTHEASTASIA:20230628T090606Z:2c020a2f-f2f4-4656-8f3d-763adc1b37ad"
      },
      "ResponseBody": {
        "status": "InProgress"
      }
    },
    {
      "RequestUri": "https://management.azure.com/subscriptions/db1ab6f0-4769-4b27-930e-01e2ef9c123c/providers/Microsoft.Network/locations/westus/operations/402f9ed6-c53f-476d-8e3c-1b17cfa43f02?api-version=2023-02-01",
      "RequestMethod": "GET",
      "RequestHeaders": {
        "Authorization": "Sanitized",
        "traceparent": "00-fe384c94599cc497d7ffe6398cac6438-36fd396c723c2acf-00",
        "User-Agent": "azsdk-net-ResourceManager/1.6.0 (.NET 7.0.7; Microsoft Windows 10.0.22621)",
        "x-ms-client-request-id": "e40081f292bc95bba9ac2bc051eb351a",
        "x-ms-return-client-request-id": "true"
      },
      "RequestBody": null,
      "StatusCode": 200,
      "ResponseHeaders": {
        "Cache-Control": "no-cache",
        "Content-Length": "23",
        "Content-Type": "application/json; charset=utf-8",
        "Date": "Wed, 28 Jun 2023 09:07:45 GMT",
        "Expires": "-1",
        "Pragma": "no-cache",
        "Retry-After": "100",
        "Server": [
          "Microsoft-HTTPAPI/2.0",
          "Microsoft-HTTPAPI/2.0"
        ],
        "Strict-Transport-Security": "max-age=31536000; includeSubDomains",
        "X-Content-Type-Options": "nosniff",
        "x-ms-arm-service-request-id": "34497fa8-4f40-4c2d-8505-42fc8748419b",
        "x-ms-client-request-id": "e40081f292bc95bba9ac2bc051eb351a",
        "x-ms-correlation-request-id": "5b1112a9-3ea9-49e6-8abe-6bd2b2d8d3de",
        "x-ms-ratelimit-remaining-subscription-reads": "11999",
        "x-ms-request-id": "4c08c012-57e1-426c-bf89-f448c6aa80fb",
        "x-ms-routing-request-id": "SOUTHEASTASIA:20230628T090746Z:5b1112a9-3ea9-49e6-8abe-6bd2b2d8d3de"
      },
      "ResponseBody": {
        "status": "InProgress"
      }
    },
    {
      "RequestUri": "https://management.azure.com/subscriptions/db1ab6f0-4769-4b27-930e-01e2ef9c123c/providers/Microsoft.Network/locations/westus/operations/402f9ed6-c53f-476d-8e3c-1b17cfa43f02?api-version=2023-02-01",
      "RequestMethod": "GET",
      "RequestHeaders": {
        "Authorization": "Sanitized",
        "traceparent": "00-fe384c94599cc497d7ffe6398cac6438-e7a5253fe9627c68-00",
        "User-Agent": "azsdk-net-ResourceManager/1.6.0 (.NET 7.0.7; Microsoft Windows 10.0.22621)",
        "x-ms-client-request-id": "a525e3f13131ce6b6202568fc5318236",
        "x-ms-return-client-request-id": "true"
      },
      "RequestBody": null,
      "StatusCode": 200,
      "ResponseHeaders": {
        "Cache-Control": "no-cache",
        "Content-Length": "23",
        "Content-Type": "application/json; charset=utf-8",
        "Date": "Wed, 28 Jun 2023 09:09:27 GMT",
        "Expires": "-1",
        "Pragma": "no-cache",
        "Retry-After": "100",
        "Server": [
          "Microsoft-HTTPAPI/2.0",
          "Microsoft-HTTPAPI/2.0"
        ],
        "Strict-Transport-Security": "max-age=31536000; includeSubDomains",
        "X-Content-Type-Options": "nosniff",
        "x-ms-arm-service-request-id": "15dde064-9d9e-4cdc-941b-05e01d413cf9",
        "x-ms-client-request-id": "a525e3f13131ce6b6202568fc5318236",
        "x-ms-correlation-request-id": "8267192d-7b46-419b-ac13-9f87a2ae674e",
        "x-ms-ratelimit-remaining-subscription-reads": "11998",
        "x-ms-request-id": "81997200-159d-4437-b1b0-fe03fb95b004",
        "x-ms-routing-request-id": "SOUTHEASTASIA:20230628T090927Z:8267192d-7b46-419b-ac13-9f87a2ae674e"
      },
      "ResponseBody": {
        "status": "InProgress"
      }
    },
    {
      "RequestUri": "https://management.azure.com/subscriptions/db1ab6f0-4769-4b27-930e-01e2ef9c123c/providers/Microsoft.Network/locations/westus/operations/402f9ed6-c53f-476d-8e3c-1b17cfa43f02?api-version=2023-02-01",
      "RequestMethod": "GET",
      "RequestHeaders": {
        "Authorization": "Sanitized",
        "traceparent": "00-fe384c94599cc497d7ffe6398cac6438-58a8d59bf77ba996-00",
        "User-Agent": "azsdk-net-ResourceManager/1.6.0 (.NET 7.0.7; Microsoft Windows 10.0.22621)",
        "x-ms-client-request-id": "e2a1a7d9fb9f89da09af2a3f6cc56169",
        "x-ms-return-client-request-id": "true"
      },
      "RequestBody": null,
      "StatusCode": 200,
      "ResponseHeaders": {
        "Cache-Control": "no-cache",
        "Content-Length": "23",
        "Content-Type": "application/json; charset=utf-8",
        "Date": "Wed, 28 Jun 2023 09:11:07 GMT",
        "Expires": "-1",
        "Pragma": "no-cache",
        "Retry-After": "100",
        "Server": [
          "Microsoft-HTTPAPI/2.0",
          "Microsoft-HTTPAPI/2.0"
        ],
        "Strict-Transport-Security": "max-age=31536000; includeSubDomains",
        "X-Content-Type-Options": "nosniff",
        "x-ms-arm-service-request-id": "a7fcd02a-5c99-4ad9-8c0f-303ea535e417",
        "x-ms-client-request-id": "e2a1a7d9fb9f89da09af2a3f6cc56169",
        "x-ms-correlation-request-id": "7ecd3ca7-98c2-4875-9240-942e22e3ae35",
        "x-ms-ratelimit-remaining-subscription-reads": "11975",
        "x-ms-request-id": "2510d0a8-be31-4926-81cd-0dfeb40dece4",
        "x-ms-routing-request-id": "SOUTHEASTASIA:20230628T091108Z:7ecd3ca7-98c2-4875-9240-942e22e3ae35"
      },
      "ResponseBody": {
        "status": "InProgress"
      }
    },
    {
      "RequestUri": "https://management.azure.com/subscriptions/db1ab6f0-4769-4b27-930e-01e2ef9c123c/providers/Microsoft.Network/locations/westus/operations/402f9ed6-c53f-476d-8e3c-1b17cfa43f02?api-version=2023-02-01",
      "RequestMethod": "GET",
      "RequestHeaders": {
        "Authorization": "Sanitized",
        "traceparent": "00-fe384c94599cc497d7ffe6398cac6438-c8ad25945e2e49e7-00",
        "User-Agent": "azsdk-net-ResourceManager/1.6.0 (.NET 7.0.7; Microsoft Windows 10.0.22621)",
        "x-ms-client-request-id": "6ec0dd120321c08e163281ba3b2ccf78",
        "x-ms-return-client-request-id": "true"
      },
      "RequestBody": null,
      "StatusCode": 200,
      "ResponseHeaders": {
        "Cache-Control": "no-cache",
        "Content-Length": "23",
        "Content-Type": "application/json; charset=utf-8",
        "Date": "Wed, 28 Jun 2023 09:12:48 GMT",
        "Expires": "-1",
        "Pragma": "no-cache",
        "Retry-After": "100",
        "Server": [
          "Microsoft-HTTPAPI/2.0",
          "Microsoft-HTTPAPI/2.0"
        ],
        "Strict-Transport-Security": "max-age=31536000; includeSubDomains",
        "X-Content-Type-Options": "nosniff",
        "x-ms-arm-service-request-id": "506fc547-9142-4425-a398-3084f25b0124",
        "x-ms-client-request-id": "6ec0dd120321c08e163281ba3b2ccf78",
        "x-ms-correlation-request-id": "8ed68919-db97-415e-9b43-ebc6155e71f4",
        "x-ms-ratelimit-remaining-subscription-reads": "11979",
        "x-ms-request-id": "4a5da071-3411-467e-a933-52d7215b6563",
        "x-ms-routing-request-id": "SOUTHEASTASIA:20230628T091249Z:8ed68919-db97-415e-9b43-ebc6155e71f4"
      },
      "ResponseBody": {
        "status": "InProgress"
      }
    },
    {
      "RequestUri": "https://management.azure.com/subscriptions/db1ab6f0-4769-4b27-930e-01e2ef9c123c/providers/Microsoft.Network/locations/westus/operations/402f9ed6-c53f-476d-8e3c-1b17cfa43f02?api-version=2023-02-01",
      "RequestMethod": "GET",
      "RequestHeaders": {
        "Authorization": "Sanitized",
        "traceparent": "00-fe384c94599cc497d7ffe6398cac6438-d32ecb553f35e8ab-00",
        "User-Agent": "azsdk-net-ResourceManager/1.6.0 (.NET 7.0.7; Microsoft Windows 10.0.22621)",
        "x-ms-client-request-id": "a9e6f5295249f57b099b9c81062b619d",
        "x-ms-return-client-request-id": "true"
      },
      "RequestBody": null,
      "StatusCode": 200,
      "ResponseHeaders": {
        "Cache-Control": "no-cache",
        "Content-Length": "23",
        "Content-Type": "application/json; charset=utf-8",
        "Date": "Wed, 28 Jun 2023 09:14:29 GMT",
        "Expires": "-1",
        "Pragma": "no-cache",
        "Retry-After": "100",
        "Server": [
          "Microsoft-HTTPAPI/2.0",
          "Microsoft-HTTPAPI/2.0"
        ],
        "Strict-Transport-Security": "max-age=31536000; includeSubDomains",
        "X-Content-Type-Options": "nosniff",
        "x-ms-arm-service-request-id": "15e8722f-f1e8-4ee4-b423-7b1a4d3f1780",
        "x-ms-client-request-id": "a9e6f5295249f57b099b9c81062b619d",
        "x-ms-correlation-request-id": "7bedde7f-8aef-4c0d-859d-40c23b4cf4d5",
        "x-ms-ratelimit-remaining-subscription-reads": "11998",
        "x-ms-request-id": "9e18a561-2bc1-4e47-a796-c89f21f4d0f2",
        "x-ms-routing-request-id": "SOUTHEASTASIA:20230628T091430Z:7bedde7f-8aef-4c0d-859d-40c23b4cf4d5"
      },
      "ResponseBody": {
        "status": "InProgress"
      }
    },
    {
      "RequestUri": "https://management.azure.com/subscriptions/db1ab6f0-4769-4b27-930e-01e2ef9c123c/providers/Microsoft.Network/locations/westus/operations/402f9ed6-c53f-476d-8e3c-1b17cfa43f02?api-version=2023-02-01",
      "RequestMethod": "GET",
      "RequestHeaders": {
        "Authorization": "Sanitized",
        "traceparent": "00-fe384c94599cc497d7ffe6398cac6438-a1ec117737aaa215-00",
        "User-Agent": "azsdk-net-ResourceManager/1.6.0 (.NET 7.0.7; Microsoft Windows 10.0.22621)",
        "x-ms-client-request-id": "e87ceda01370d61419e1cc6c7a204edd",
        "x-ms-return-client-request-id": "true"
      },
      "RequestBody": null,
      "StatusCode": 200,
      "ResponseHeaders": {
        "Cache-Control": "no-cache",
        "Content-Length": "23",
        "Content-Type": "application/json; charset=utf-8",
        "Date": "Wed, 28 Jun 2023 09:16:10 GMT",
        "Expires": "-1",
        "Pragma": "no-cache",
        "Retry-After": "100",
        "Server": [
          "Microsoft-HTTPAPI/2.0",
          "Microsoft-HTTPAPI/2.0"
        ],
        "Strict-Transport-Security": "max-age=31536000; includeSubDomains",
        "X-Content-Type-Options": "nosniff",
        "x-ms-arm-service-request-id": "a9ec5737-6987-4fd9-8036-52b0bc3cf76d",
        "x-ms-client-request-id": "e87ceda01370d61419e1cc6c7a204edd",
        "x-ms-correlation-request-id": "7de22966-caf5-4132-9704-03c5d22c319f",
        "x-ms-ratelimit-remaining-subscription-reads": "11999",
        "x-ms-request-id": "ecd73f43-c8a6-45f7-8cc3-0d02200d8ab4",
        "x-ms-routing-request-id": "SOUTHEASTASIA:20230628T091611Z:7de22966-caf5-4132-9704-03c5d22c319f"
      },
      "ResponseBody": {
        "status": "InProgress"
      }
    },
    {
      "RequestUri": "https://management.azure.com/subscriptions/db1ab6f0-4769-4b27-930e-01e2ef9c123c/providers/Microsoft.Network/locations/westus/operations/402f9ed6-c53f-476d-8e3c-1b17cfa43f02?api-version=2023-02-01",
      "RequestMethod": "GET",
      "RequestHeaders": {
        "Authorization": "Sanitized",
        "traceparent": "00-fe384c94599cc497d7ffe6398cac6438-02e742704458ed23-00",
        "User-Agent": "azsdk-net-ResourceManager/1.6.0 (.NET 7.0.7; Microsoft Windows 10.0.22621)",
        "x-ms-client-request-id": "7715b2dfb8debf1f61ca6585670cbaea",
        "x-ms-return-client-request-id": "true"
      },
      "RequestBody": null,
      "StatusCode": 200,
      "ResponseHeaders": {
        "Cache-Control": "no-cache",
        "Content-Length": "23",
        "Content-Type": "application/json; charset=utf-8",
        "Date": "Wed, 28 Jun 2023 09:17:50 GMT",
        "Expires": "-1",
        "Pragma": "no-cache",
        "Retry-After": "100",
        "Server": [
          "Microsoft-HTTPAPI/2.0",
          "Microsoft-HTTPAPI/2.0"
        ],
        "Strict-Transport-Security": "max-age=31536000; includeSubDomains",
        "X-Content-Type-Options": "nosniff",
        "x-ms-arm-service-request-id": "c9a9cec1-9c5d-4839-8d13-825c4d16a356",
        "x-ms-client-request-id": "7715b2dfb8debf1f61ca6585670cbaea",
        "x-ms-correlation-request-id": "df5f890a-4813-41b8-88ff-269bb563067f",
        "x-ms-ratelimit-remaining-subscription-reads": "11999",
        "x-ms-request-id": "557ce7b8-444c-4844-a211-741fb9d6a875",
        "x-ms-routing-request-id": "SOUTHEASTASIA:20230628T091751Z:df5f890a-4813-41b8-88ff-269bb563067f"
      },
      "ResponseBody": {
        "status": "InProgress"
      }
    },
    {
      "RequestUri": "https://management.azure.com/subscriptions/db1ab6f0-4769-4b27-930e-01e2ef9c123c/providers/Microsoft.Network/locations/westus/operations/402f9ed6-c53f-476d-8e3c-1b17cfa43f02?api-version=2023-02-01",
      "RequestMethod": "GET",
      "RequestHeaders": {
        "Authorization": "Sanitized",
        "traceparent": "00-fe384c94599cc497d7ffe6398cac6438-e2d643bbe3b3ca79-00",
        "User-Agent": "azsdk-net-ResourceManager/1.6.0 (.NET 7.0.7; Microsoft Windows 10.0.22621)",
        "x-ms-client-request-id": "4d19e3d0e7af1607e00f8f68860e7be9",
        "x-ms-return-client-request-id": "true"
      },
      "RequestBody": null,
      "StatusCode": 200,
      "ResponseHeaders": {
        "Cache-Control": "no-cache",
        "Content-Length": "23",
        "Content-Type": "application/json; charset=utf-8",
        "Date": "Wed, 28 Jun 2023 09:19:32 GMT",
        "Expires": "-1",
        "Pragma": "no-cache",
        "Retry-After": "100",
        "Server": [
          "Microsoft-HTTPAPI/2.0",
          "Microsoft-HTTPAPI/2.0"
        ],
        "Strict-Transport-Security": "max-age=31536000; includeSubDomains",
        "X-Content-Type-Options": "nosniff",
        "x-ms-arm-service-request-id": "f15491c1-7740-43ce-a909-3528689b8b6f",
        "x-ms-client-request-id": "4d19e3d0e7af1607e00f8f68860e7be9",
        "x-ms-correlation-request-id": "acbf56e8-aa08-49b8-b42e-066a92acc52e",
        "x-ms-ratelimit-remaining-subscription-reads": "11999",
        "x-ms-request-id": "e76deda2-3788-4955-a0f0-fd0926e0424a",
        "x-ms-routing-request-id": "SOUTHEASTASIA:20230628T091932Z:acbf56e8-aa08-49b8-b42e-066a92acc52e"
      },
      "ResponseBody": {
        "status": "InProgress"
      }
    },
    {
      "RequestUri": "https://management.azure.com/subscriptions/db1ab6f0-4769-4b27-930e-01e2ef9c123c/providers/Microsoft.Network/locations/westus/operations/402f9ed6-c53f-476d-8e3c-1b17cfa43f02?api-version=2023-02-01",
      "RequestMethod": "GET",
      "RequestHeaders": {
        "Authorization": "Sanitized",
        "traceparent": "00-fe384c94599cc497d7ffe6398cac6438-08e2d31a09a777a3-00",
        "User-Agent": "azsdk-net-ResourceManager/1.6.0 (.NET 7.0.7; Microsoft Windows 10.0.22621)",
        "x-ms-client-request-id": "53a1be4dea16e8becebd86a5ad8e6f0d",
        "x-ms-return-client-request-id": "true"
      },
      "RequestBody": null,
      "StatusCode": 200,
      "ResponseHeaders": {
        "Cache-Control": "no-cache",
        "Content-Length": "23",
        "Content-Type": "application/json; charset=utf-8",
        "Date": "Wed, 28 Jun 2023 09:21:13 GMT",
        "Expires": "-1",
        "Pragma": "no-cache",
        "Retry-After": "100",
        "Server": [
          "Microsoft-HTTPAPI/2.0",
          "Microsoft-HTTPAPI/2.0"
        ],
        "Strict-Transport-Security": "max-age=31536000; includeSubDomains",
        "X-Content-Type-Options": "nosniff",
        "x-ms-arm-service-request-id": "f726877e-21a1-4d25-a0ea-43e7534e7722",
        "x-ms-client-request-id": "53a1be4dea16e8becebd86a5ad8e6f0d",
        "x-ms-correlation-request-id": "04702201-e9af-4fcd-a055-3fbe2a4e6377",
        "x-ms-ratelimit-remaining-subscription-reads": "11998",
        "x-ms-request-id": "31b1f615-dd72-454f-b30b-a8401d1690a8",
        "x-ms-routing-request-id": "SOUTHEASTASIA:20230628T092113Z:04702201-e9af-4fcd-a055-3fbe2a4e6377"
      },
      "ResponseBody": {
        "status": "InProgress"
      }
    },
    {
      "RequestUri": "https://management.azure.com/subscriptions/db1ab6f0-4769-4b27-930e-01e2ef9c123c/providers/Microsoft.Network/locations/westus/operations/402f9ed6-c53f-476d-8e3c-1b17cfa43f02?api-version=2023-02-01",
      "RequestMethod": "GET",
      "RequestHeaders": {
        "Authorization": "Sanitized",
        "traceparent": "00-fe384c94599cc497d7ffe6398cac6438-e757a77fda2641be-00",
        "User-Agent": "azsdk-net-ResourceManager/1.6.0 (.NET 7.0.7; Microsoft Windows 10.0.22621)",
        "x-ms-client-request-id": "969be1260006f82eaafe96cf28b63852",
        "x-ms-return-client-request-id": "true"
      },
      "RequestBody": null,
      "StatusCode": 200,
      "ResponseHeaders": {
        "Cache-Control": "no-cache",
        "Content-Length": "22",
        "Content-Type": "application/json; charset=utf-8",
        "Date": "Wed, 28 Jun 2023 09:22:54 GMT",
        "Expires": "-1",
        "Pragma": "no-cache",
        "Server": [
          "Microsoft-HTTPAPI/2.0",
          "Microsoft-HTTPAPI/2.0"
        ],
        "Strict-Transport-Security": "max-age=31536000; includeSubDomains",
        "X-Content-Type-Options": "nosniff",
        "x-ms-arm-service-request-id": "7a221319-89e7-43b0-b11d-bd042fad2da7",
        "x-ms-client-request-id": "969be1260006f82eaafe96cf28b63852",
        "x-ms-correlation-request-id": "72371aaa-69d5-462f-bd37-450c96827c27",
        "x-ms-ratelimit-remaining-subscription-reads": "11999",
        "x-ms-request-id": "593ed49c-5e16-4dd0-b901-84c8489c2858",
        "x-ms-routing-request-id": "SOUTHEASTASIA:20230628T092254Z:72371aaa-69d5-462f-bd37-450c96827c27"
      },
      "ResponseBody": {
        "status": "Succeeded"
      }
    },
    {
      "RequestUri": "https://management.azure.com/subscriptions/db1ab6f0-4769-4b27-930e-01e2ef9c123c/resourceGroups/csmrg4564/providers/Microsoft.Network/virtualNetworkGateways/azsmnet996?api-version=2023-02-01",
      "RequestMethod": "GET",
      "RequestHeaders": {
        "Authorization": "Sanitized",
        "traceparent": "00-fe384c94599cc497d7ffe6398cac6438-24982e6bb5556f81-00",
        "User-Agent": "azsdk-net-ResourceManager/1.6.0 (.NET 7.0.7; Microsoft Windows 10.0.22621)",
        "x-ms-client-request-id": "a8387b4f666ae6d424307ff161626951",
        "x-ms-return-client-request-id": "true"
      },
      "RequestBody": null,
      "StatusCode": 200,
      "ResponseHeaders": {
        "Cache-Control": "no-cache",
        "Content-Length": "2024",
        "Content-Type": "application/json; charset=utf-8",
        "Date": "Wed, 28 Jun 2023 09:22:54 GMT",
        "Expires": "-1",
        "Pragma": "no-cache",
        "Server": [
          "Microsoft-HTTPAPI/2.0",
          "Microsoft-HTTPAPI/2.0"
        ],
        "Strict-Transport-Security": "max-age=31536000; includeSubDomains",
        "X-Content-Type-Options": "nosniff",
        "x-ms-arm-service-request-id": "c32b3293-b13e-478a-ad73-04032d96bd55",
        "x-ms-client-request-id": "a8387b4f666ae6d424307ff161626951",
        "x-ms-correlation-request-id": "ac6a354c-bb8c-440e-abf6-22a0bb7a737f",
        "x-ms-ratelimit-remaining-subscription-reads": "11998",
        "x-ms-request-id": "30e90ed1-35c6-4135-bfeb-bebecb125ba4",
        "x-ms-routing-request-id": "SOUTHEASTASIA:20230628T092255Z:ac6a354c-bb8c-440e-abf6-22a0bb7a737f"
      },
      "ResponseBody": {
        "name": "azsmnet996",
        "id": "/subscriptions/db1ab6f0-4769-4b27-930e-01e2ef9c123c/resourceGroups/csmrg4564/providers/Microsoft.Network/virtualNetworkGateways/azsmnet996",
        "etag": "W/\u00222e03d9e6-dfda-4377-a427-b4b8c355d9d9\u0022",
        "type": "Microsoft.Network/virtualNetworkGateways",
        "location": "westus",
        "tags": {
          "key": "value"
        },
        "properties": {
          "provisioningState": "Succeeded",
          "resourceGuid": "6e923ffb-8764-4eb6-9f77-7228fd981d90",
          "packetCaptureDiagnosticState": "None",
          "enablePrivateIpAddress": false,
          "isMigrateToCSES": false,
          "ipConfigurations": [
            {
              "name": "azsmnet7148",
              "id": "/subscriptions/db1ab6f0-4769-4b27-930e-01e2ef9c123c/resourceGroups/csmrg4564/providers/Microsoft.Network/virtualNetworkGateways/azsmnet996/ipConfigurations/azsmnet7148",
              "etag": "W/\u00222e03d9e6-dfda-4377-a427-b4b8c355d9d9\u0022",
              "type": "Microsoft.Network/virtualNetworkGateways/ipConfigurations",
              "properties": {
                "provisioningState": "Succeeded",
                "privateIPAllocationMethod": "Dynamic",
                "publicIPAddress": {
                  "id": "/subscriptions/db1ab6f0-4769-4b27-930e-01e2ef9c123c/resourceGroups/csmrg4564/providers/Microsoft.Network/publicIPAddresses/azsmnet9075"
                },
                "subnet": {
                  "id": "/subscriptions/db1ab6f0-4769-4b27-930e-01e2ef9c123c/resourceGroups/csmrg4564/providers/Microsoft.Network/virtualNetworks/azsmnet8494/subnets/GatewaySubnet"
                }
              }
            }
          ],
          "natRules": [],
          "virtualNetworkGatewayPolicyGroups": [],
          "enableBgpRouteTranslationForNat": false,
          "disableIPSecReplayProtection": false,
          "sku": {
            "name": "Standard",
            "tier": "Standard",
            "capacity": 2
          },
          "gatewayType": "Vpn",
          "vpnType": "RouteBased",
          "enableBgp": false,
          "activeActive": false,
          "bgpSettings": {
            "asn": 1337,
            "bgpPeeringAddress": "10.0.0.254",
            "peerWeight": 5,
            "bgpPeeringAddresses": [
              {
                "ipconfigurationId": "/subscriptions/db1ab6f0-4769-4b27-930e-01e2ef9c123c/resourceGroups/csmrg4564/providers/Microsoft.Network/virtualNetworkGateways/azsmnet996/ipConfigurations/azsmnet7148",
                "defaultBgpIpAddresses": [
                  "10.0.0.254"
                ],
                "customBgpIpAddresses": [],
                "tunnelIpAddresses": [
                  "20.245.8.67"
                ]
              }
            ]
          },
          "vpnGatewayGeneration": "Generation1",
          "allowRemoteVnetTraffic": false,
          "allowVirtualWanTraffic": false
        }
      }
    },
    {
      "RequestUri": "https://management.azure.com/subscriptions/db1ab6f0-4769-4b27-930e-01e2ef9c123c/resourceGroups/csmrg4564/providers/Microsoft.Network/virtualNetworkGateways/azsmnet996?api-version=2023-02-01",
      "RequestMethod": "GET",
      "RequestHeaders": {
        "Accept": "application/json",
        "Authorization": "Sanitized",
        "traceparent": "00-80e294528518c06933ea0f1ede4747df-c874c73ee7021a11-00",
        "User-Agent": "azsdk-net-ResourceManager.Network/1.3.0-alpha.20230627.1 (.NET 7.0.7; Microsoft Windows 10.0.22621)",
        "x-ms-client-request-id": "a541819fe5724de290a9a91754efbf17",
        "x-ms-return-client-request-id": "true"
      },
      "RequestBody": null,
      "StatusCode": 200,
      "ResponseHeaders": {
        "Cache-Control": "no-cache",
        "Content-Length": "2024",
        "Content-Type": "application/json; charset=utf-8",
        "Date": "Wed, 28 Jun 2023 09:22:55 GMT",
        "Expires": "-1",
        "Pragma": "no-cache",
        "Server": [
          "Microsoft-HTTPAPI/2.0",
          "Microsoft-HTTPAPI/2.0"
        ],
        "Strict-Transport-Security": "max-age=31536000; includeSubDomains",
        "X-Content-Type-Options": "nosniff",
        "x-ms-arm-service-request-id": "62b9b4f7-abd8-49be-b8c3-2fe794b74c6b",
        "x-ms-client-request-id": "a541819fe5724de290a9a91754efbf17",
        "x-ms-correlation-request-id": "0d2f1564-48b2-4da4-8120-52d984b24fb6",
        "x-ms-ratelimit-remaining-subscription-reads": "11997",
        "x-ms-request-id": "01ebe495-c12e-4512-b5e5-6edc2570c3fe",
        "x-ms-routing-request-id": "SOUTHEASTASIA:20230628T092256Z:0d2f1564-48b2-4da4-8120-52d984b24fb6"
      },
      "ResponseBody": {
        "name": "azsmnet996",
        "id": "/subscriptions/db1ab6f0-4769-4b27-930e-01e2ef9c123c/resourceGroups/csmrg4564/providers/Microsoft.Network/virtualNetworkGateways/azsmnet996",
        "etag": "W/\u00222e03d9e6-dfda-4377-a427-b4b8c355d9d9\u0022",
        "type": "Microsoft.Network/virtualNetworkGateways",
        "location": "westus",
        "tags": {
          "key": "value"
        },
        "properties": {
          "provisioningState": "Succeeded",
          "resourceGuid": "6e923ffb-8764-4eb6-9f77-7228fd981d90",
          "packetCaptureDiagnosticState": "None",
          "enablePrivateIpAddress": false,
          "isMigrateToCSES": false,
          "ipConfigurations": [
            {
              "name": "azsmnet7148",
              "id": "/subscriptions/db1ab6f0-4769-4b27-930e-01e2ef9c123c/resourceGroups/csmrg4564/providers/Microsoft.Network/virtualNetworkGateways/azsmnet996/ipConfigurations/azsmnet7148",
              "etag": "W/\u00222e03d9e6-dfda-4377-a427-b4b8c355d9d9\u0022",
              "type": "Microsoft.Network/virtualNetworkGateways/ipConfigurations",
              "properties": {
                "provisioningState": "Succeeded",
                "privateIPAllocationMethod": "Dynamic",
                "publicIPAddress": {
                  "id": "/subscriptions/db1ab6f0-4769-4b27-930e-01e2ef9c123c/resourceGroups/csmrg4564/providers/Microsoft.Network/publicIPAddresses/azsmnet9075"
                },
                "subnet": {
                  "id": "/subscriptions/db1ab6f0-4769-4b27-930e-01e2ef9c123c/resourceGroups/csmrg4564/providers/Microsoft.Network/virtualNetworks/azsmnet8494/subnets/GatewaySubnet"
                }
              }
            }
          ],
          "natRules": [],
          "virtualNetworkGatewayPolicyGroups": [],
          "enableBgpRouteTranslationForNat": false,
          "disableIPSecReplayProtection": false,
          "sku": {
            "name": "Standard",
            "tier": "Standard",
            "capacity": 2
          },
          "gatewayType": "Vpn",
          "vpnType": "RouteBased",
          "enableBgp": false,
          "activeActive": false,
          "bgpSettings": {
            "asn": 1337,
            "bgpPeeringAddress": "10.0.0.254",
            "peerWeight": 5,
            "bgpPeeringAddresses": [
              {
                "ipconfigurationId": "/subscriptions/db1ab6f0-4769-4b27-930e-01e2ef9c123c/resourceGroups/csmrg4564/providers/Microsoft.Network/virtualNetworkGateways/azsmnet996/ipConfigurations/azsmnet7148",
                "defaultBgpIpAddresses": [
                  "10.0.0.254"
                ],
                "customBgpIpAddresses": [],
                "tunnelIpAddresses": [
                  "20.245.8.67"
                ]
              }
            ]
          },
          "vpnGatewayGeneration": "Generation1",
          "allowRemoteVnetTraffic": false,
          "allowVirtualWanTraffic": false
        }
      }
    },
    {
      "RequestUri": "https://management.azure.com/subscriptions/db1ab6f0-4769-4b27-930e-01e2ef9c123c/resourceGroups/csmrg4564/providers/Microsoft.Network/connections/azsmnet6386?api-version=2023-02-01",
      "RequestMethod": "PUT",
      "RequestHeaders": {
        "Accept": "application/json",
        "Authorization": "Sanitized",
        "Content-Length": "2059",
        "Content-Type": "application/json",
        "traceparent": "00-f84c246f7640efd854f81a77bb1336ce-c9bdbb05c5d9874e-00",
        "User-Agent": "azsdk-net-ResourceManager.Network/1.3.0-alpha.20230627.1 (.NET 7.0.7; Microsoft Windows 10.0.22621)",
        "x-ms-client-request-id": "56325633a3c70cc0b571d6803c964895",
        "x-ms-return-client-request-id": "true"
      },
      "RequestBody": {
        "location": "westus",
        "properties": {
          "virtualNetworkGateway1": {
            "id": "/subscriptions/db1ab6f0-4769-4b27-930e-01e2ef9c123c/resourceGroups/csmrg4564/providers/Microsoft.Network/virtualNetworkGateways/azsmnet996",
            "location": "westus",
            "tags": {
              "key": "value"
            },
            "properties": {
              "ipConfigurations": [
                {
                  "id": "/subscriptions/db1ab6f0-4769-4b27-930e-01e2ef9c123c/resourceGroups/csmrg4564/providers/Microsoft.Network/virtualNetworkGateways/azsmnet996/ipConfigurations/azsmnet7148",
                  "name": "azsmnet7148",
                  "properties": {
                    "privateIPAllocationMethod": "Dynamic",
                    "subnet": {
                      "id": "/subscriptions/db1ab6f0-4769-4b27-930e-01e2ef9c123c/resourceGroups/csmrg4564/providers/Microsoft.Network/virtualNetworks/azsmnet8494/subnets/GatewaySubnet"
                    },
                    "publicIPAddress": {
                      "id": "/subscriptions/db1ab6f0-4769-4b27-930e-01e2ef9c123c/resourceGroups/csmrg4564/providers/Microsoft.Network/publicIPAddresses/azsmnet9075"
                    }
                  }
                }
              ],
              "gatewayType": "Vpn",
              "vpnType": "RouteBased",
              "vpnGatewayGeneration": "Generation1",
              "enableBgp": false,
              "enablePrivateIpAddress": false,
              "activeActive": false,
              "disableIPSecReplayProtection": false,
              "sku": {
                "name": "Standard",
                "tier": "Standard"
              },
              "virtualNetworkGatewayPolicyGroups": [],
              "bgpSettings": {
                "asn": 1337,
                "bgpPeeringAddress": "10.0.0.254",
                "peerWeight": 5,
                "bgpPeeringAddresses": [
                  {
                    "ipconfigurationId": "/subscriptions/db1ab6f0-4769-4b27-930e-01e2ef9c123c/resourceGroups/csmrg4564/providers/Microsoft.Network/virtualNetworkGateways/azsmnet996/ipConfigurations/azsmnet7148",
                    "customBgpIpAddresses": []
                  }
                ]
              },
              "natRules": [],
              "enableBgpRouteTranslationForNat": false,
              "allowVirtualWanTraffic": false,
              "allowRemoteVnetTraffic": false
            }
          },
          "localNetworkGateway2": {
            "id": "/subscriptions/db1ab6f0-4769-4b27-930e-01e2ef9c123c/resourceGroups/csmrg4564/providers/Microsoft.Network/localNetworkGateways/azsmnet4556",
            "location": "westus",
            "tags": {
              "test": "value"
            },
            "properties": {
              "localNetworkAddressSpace": {
                "addressPrefixes": [
                  "192.168.0.0/16"
                ]
              },
              "gatewayIpAddress": "192.168.3.4",
              "bgpSettings": {
                "asn": 1234,
                "bgpPeeringAddress": "192.168.0.1",
                "peerWeight": 3
              }
            }
          },
          "connectionType": "IPsec",
          "routingWeight": 3,
          "sharedKey": "abc",
          "enableBgp": true
        }
      },
      "StatusCode": 201,
      "ResponseHeaders": {
        "Azure-AsyncNotification": "Enabled",
        "Azure-AsyncOperation": "https://management.azure.com/subscriptions/db1ab6f0-4769-4b27-930e-01e2ef9c123c/providers/Microsoft.Network/locations/westus/operations/7f6c7d56-05e5-4e1b-bb15-29c992b251f7?api-version=2023-02-01",
        "Cache-Control": "no-cache",
        "Content-Length": "1180",
        "Content-Type": "application/json; charset=utf-8",
        "Date": "Wed, 28 Jun 2023 09:23:01 GMT",
        "Expires": "-1",
        "Pragma": "no-cache",
        "Retry-After": "10",
        "Server": [
          "Microsoft-HTTPAPI/2.0",
          "Microsoft-HTTPAPI/2.0"
        ],
        "Strict-Transport-Security": "max-age=31536000; includeSubDomains",
        "X-Content-Type-Options": "nosniff",
        "x-ms-arm-service-request-id": "51fd6239-867f-497c-9ca1-2d7aae253d44",
        "x-ms-client-request-id": "56325633a3c70cc0b571d6803c964895",
        "x-ms-correlation-request-id": "433a7081-83df-4d38-ac24-ab95def14d98",
        "x-ms-ratelimit-remaining-subscription-writes": "1199",
        "x-ms-request-id": "7f6c7d56-05e5-4e1b-bb15-29c992b251f7",
        "x-ms-routing-request-id": "SOUTHEASTASIA:20230628T092301Z:433a7081-83df-4d38-ac24-ab95def14d98"
      },
      "ResponseBody": {
        "name": "azsmnet6386",
        "id": "/subscriptions/db1ab6f0-4769-4b27-930e-01e2ef9c123c/resourceGroups/csmrg4564/providers/Microsoft.Network/connections/azsmnet6386",
        "etag": "W/\u0022bb63929a-07fd-4047-8f12-505b838bdd6c\u0022",
        "type": "Microsoft.Network/connections",
        "location": "westus",
        "properties": {
          "provisioningState": "Updating",
          "resourceGuid": "71d979bb-5ef0-46ed-90fd-c7cb25440036",
          "packetCaptureDiagnosticState": "None",
          "virtualNetworkGateway1": {
            "id": "/subscriptions/db1ab6f0-4769-4b27-930e-01e2ef9c123c/resourceGroups/csmrg4564/providers/Microsoft.Network/virtualNetworkGateways/azsmnet996"
          },
          "localNetworkGateway2": {
            "id": "/subscriptions/db1ab6f0-4769-4b27-930e-01e2ef9c123c/resourceGroups/csmrg4564/providers/Microsoft.Network/localNetworkGateways/azsmnet4556"
          },
          "connectionType": "IPsec",
          "connectionProtocol": "IKEv2",
          "routingWeight": 3,
          "sharedKey": "abc",
          "enableBgp": true,
          "useLocalAzureIpAddress": false,
          "usePolicyBasedTrafficSelectors": false,
          "ipsecPolicies": [],
          "trafficSelectorPolicies": [],
          "ingressBytesTransferred": 0,
          "egressBytesTransferred": 0,
          "expressRouteGatewayBypass": false,
          "enablePrivateLinkFastPath": false,
          "dpdTimeoutSeconds": 0,
          "connectionMode": "Default",
          "gatewayCustomBgpIpAddresses": []
        }
      }
    },
    {
      "RequestUri": "https://management.azure.com/subscriptions/db1ab6f0-4769-4b27-930e-01e2ef9c123c/providers/Microsoft.Network/locations/westus/operations/7f6c7d56-05e5-4e1b-bb15-29c992b251f7?api-version=2023-02-01",
      "RequestMethod": "GET",
      "RequestHeaders": {
        "Authorization": "Sanitized",
        "traceparent": "00-f84c246f7640efd854f81a77bb1336ce-0a4dea4c3cfafe9a-00",
        "User-Agent": "azsdk-net-ResourceManager/1.6.0 (.NET 7.0.7; Microsoft Windows 10.0.22621)",
        "x-ms-client-request-id": "0c2d6c67fa36ded88198bd730ccc5412",
        "x-ms-return-client-request-id": "true"
      },
      "RequestBody": null,
      "StatusCode": 200,
      "ResponseHeaders": {
        "Cache-Control": "no-cache",
        "Content-Length": "23",
        "Content-Type": "application/json; charset=utf-8",
        "Date": "Wed, 28 Jun 2023 09:23:02 GMT",
        "Expires": "-1",
        "Pragma": "no-cache",
        "Retry-After": "10",
        "Server": [
          "Microsoft-HTTPAPI/2.0",
          "Microsoft-HTTPAPI/2.0"
        ],
        "Strict-Transport-Security": "max-age=31536000; includeSubDomains",
        "X-Content-Type-Options": "nosniff",
        "x-ms-arm-service-request-id": "20915439-a87b-4fbc-ba54-1ba4d7e88d4c",
        "x-ms-client-request-id": "0c2d6c67fa36ded88198bd730ccc5412",
        "x-ms-correlation-request-id": "478f1084-ce4c-432b-b2f1-e0abc56cd3b8",
        "x-ms-ratelimit-remaining-subscription-reads": "11996",
        "x-ms-request-id": "b386ea74-5c21-44d1-b9c8-5559197a287f",
        "x-ms-routing-request-id": "SOUTHEASTASIA:20230628T092302Z:478f1084-ce4c-432b-b2f1-e0abc56cd3b8"
      },
      "ResponseBody": {
        "status": "InProgress"
      }
    },
    {
      "RequestUri": "https://management.azure.com/subscriptions/db1ab6f0-4769-4b27-930e-01e2ef9c123c/providers/Microsoft.Network/locations/westus/operations/7f6c7d56-05e5-4e1b-bb15-29c992b251f7?api-version=2023-02-01",
      "RequestMethod": "GET",
      "RequestHeaders": {
        "Authorization": "Sanitized",
        "traceparent": "00-f84c246f7640efd854f81a77bb1336ce-9009e141877bb00c-00",
        "User-Agent": "azsdk-net-ResourceManager/1.6.0 (.NET 7.0.7; Microsoft Windows 10.0.22621)",
        "x-ms-client-request-id": "c00f8161a21853f0ec996bb0e2034f24",
        "x-ms-return-client-request-id": "true"
      },
      "RequestBody": null,
      "StatusCode": 200,
      "ResponseHeaders": {
        "Cache-Control": "no-cache",
        "Content-Length": "23",
        "Content-Type": "application/json; charset=utf-8",
        "Date": "Wed, 28 Jun 2023 09:23:13 GMT",
        "Expires": "-1",
        "Pragma": "no-cache",
        "Retry-After": "20",
        "Server": [
          "Microsoft-HTTPAPI/2.0",
          "Microsoft-HTTPAPI/2.0"
        ],
        "Strict-Transport-Security": "max-age=31536000; includeSubDomains",
        "X-Content-Type-Options": "nosniff",
        "x-ms-arm-service-request-id": "b08b881e-76d8-434d-a663-ecce0eae87a3",
        "x-ms-client-request-id": "c00f8161a21853f0ec996bb0e2034f24",
        "x-ms-correlation-request-id": "56bbd264-5df9-437e-bb76-bd9f408dd185",
        "x-ms-ratelimit-remaining-subscription-reads": "11995",
        "x-ms-request-id": "c74f1643-0e7d-47d1-a748-dcbf14186a8e",
        "x-ms-routing-request-id": "SOUTHEASTASIA:20230628T092313Z:56bbd264-5df9-437e-bb76-bd9f408dd185"
      },
      "ResponseBody": {
        "status": "InProgress"
      }
    },
    {
      "RequestUri": "https://management.azure.com/subscriptions/db1ab6f0-4769-4b27-930e-01e2ef9c123c/providers/Microsoft.Network/locations/westus/operations/7f6c7d56-05e5-4e1b-bb15-29c992b251f7?api-version=2023-02-01",
      "RequestMethod": "GET",
      "RequestHeaders": {
        "Authorization": "Sanitized",
        "traceparent": "00-f84c246f7640efd854f81a77bb1336ce-d1719070d3bb4840-00",
        "User-Agent": "azsdk-net-ResourceManager/1.6.0 (.NET 7.0.7; Microsoft Windows 10.0.22621)",
        "x-ms-client-request-id": "cf18653c3b69495e56c7f3fb22f68c1f",
        "x-ms-return-client-request-id": "true"
      },
      "RequestBody": null,
      "StatusCode": 200,
      "ResponseHeaders": {
        "Cache-Control": "no-cache",
        "Content-Length": "23",
        "Content-Type": "application/json; charset=utf-8",
        "Date": "Wed, 28 Jun 2023 09:23:32 GMT",
        "Expires": "-1",
        "Pragma": "no-cache",
        "Retry-After": "20",
        "Server": [
          "Microsoft-HTTPAPI/2.0",
          "Microsoft-HTTPAPI/2.0"
        ],
        "Strict-Transport-Security": "max-age=31536000; includeSubDomains",
        "X-Content-Type-Options": "nosniff",
        "x-ms-arm-service-request-id": "714cc9f8-b8fb-47b4-898f-47dd2d1cb660",
        "x-ms-client-request-id": "cf18653c3b69495e56c7f3fb22f68c1f",
        "x-ms-correlation-request-id": "d1e14835-4ee5-4f71-97b4-4842dccc95e2",
        "x-ms-ratelimit-remaining-subscription-reads": "11994",
        "x-ms-request-id": "8b9fcaff-1464-4fa6-b0ce-c974b91ea782",
        "x-ms-routing-request-id": "SOUTHEASTASIA:20230628T092333Z:d1e14835-4ee5-4f71-97b4-4842dccc95e2"
      },
      "ResponseBody": {
        "status": "InProgress"
      }
    },
    {
      "RequestUri": "https://management.azure.com/subscriptions/db1ab6f0-4769-4b27-930e-01e2ef9c123c/providers/Microsoft.Network/locations/westus/operations/7f6c7d56-05e5-4e1b-bb15-29c992b251f7?api-version=2023-02-01",
      "RequestMethod": "GET",
      "RequestHeaders": {
        "Authorization": "Sanitized",
        "traceparent": "00-f84c246f7640efd854f81a77bb1336ce-ed2f1cd13e45c248-00",
        "User-Agent": "azsdk-net-ResourceManager/1.6.0 (.NET 7.0.7; Microsoft Windows 10.0.22621)",
        "x-ms-client-request-id": "3b5cadc27482c5587cd91f9d8f28fc7d",
        "x-ms-return-client-request-id": "true"
      },
      "RequestBody": null,
      "StatusCode": 200,
      "ResponseHeaders": {
        "Cache-Control": "no-cache",
        "Content-Length": "23",
        "Content-Type": "application/json; charset=utf-8",
        "Date": "Wed, 28 Jun 2023 09:23:54 GMT",
        "Expires": "-1",
        "Pragma": "no-cache",
        "Retry-After": "40",
        "Server": [
          "Microsoft-HTTPAPI/2.0",
          "Microsoft-HTTPAPI/2.0"
        ],
        "Strict-Transport-Security": "max-age=31536000; includeSubDomains",
        "X-Content-Type-Options": "nosniff",
        "x-ms-arm-service-request-id": "56e8daaa-8d33-485a-a32b-3e282f40dd30",
        "x-ms-client-request-id": "3b5cadc27482c5587cd91f9d8f28fc7d",
        "x-ms-correlation-request-id": "ec4313d2-ff59-4764-92df-915cd336ac48",
        "x-ms-ratelimit-remaining-subscription-reads": "11993",
        "x-ms-request-id": "f4002978-2dff-4583-977d-28f62a7af8c0",
        "x-ms-routing-request-id": "SOUTHEASTASIA:20230628T092354Z:ec4313d2-ff59-4764-92df-915cd336ac48"
      },
      "ResponseBody": {
        "status": "InProgress"
      }
    },
    {
      "RequestUri": "https://management.azure.com/subscriptions/db1ab6f0-4769-4b27-930e-01e2ef9c123c/providers/Microsoft.Network/locations/westus/operations/7f6c7d56-05e5-4e1b-bb15-29c992b251f7?api-version=2023-02-01",
      "RequestMethod": "GET",
      "RequestHeaders": {
        "Authorization": "Sanitized",
        "traceparent": "00-f84c246f7640efd854f81a77bb1336ce-a843dbde3a37f503-00",
        "User-Agent": "azsdk-net-ResourceManager/1.6.0 (.NET 7.0.7; Microsoft Windows 10.0.22621)",
        "x-ms-client-request-id": "a737984984b325a922c66951aef531f5",
        "x-ms-return-client-request-id": "true"
      },
      "RequestBody": null,
      "StatusCode": 200,
      "ResponseHeaders": {
        "Cache-Control": "no-cache",
        "Content-Length": "22",
        "Content-Type": "application/json; charset=utf-8",
        "Date": "Wed, 28 Jun 2023 09:24:34 GMT",
        "Expires": "-1",
        "Pragma": "no-cache",
        "Server": [
          "Microsoft-HTTPAPI/2.0",
          "Microsoft-HTTPAPI/2.0"
        ],
        "Strict-Transport-Security": "max-age=31536000; includeSubDomains",
        "X-Content-Type-Options": "nosniff",
        "x-ms-arm-service-request-id": "861d5fe8-4a2c-475a-b474-1a4557330af7",
        "x-ms-client-request-id": "a737984984b325a922c66951aef531f5",
        "x-ms-correlation-request-id": "8dd2adba-be95-4e59-86d8-ad3094f21fa5",
        "x-ms-ratelimit-remaining-subscription-reads": "11992",
        "x-ms-request-id": "6499fecb-219d-4ab3-bdef-3aa72805e7c0",
        "x-ms-routing-request-id": "SOUTHEASTASIA:20230628T092435Z:8dd2adba-be95-4e59-86d8-ad3094f21fa5"
      },
      "ResponseBody": {
        "status": "Succeeded"
      }
    },
    {
      "RequestUri": "https://management.azure.com/subscriptions/db1ab6f0-4769-4b27-930e-01e2ef9c123c/resourceGroups/csmrg4564/providers/Microsoft.Network/connections/azsmnet6386?api-version=2023-02-01",
      "RequestMethod": "GET",
      "RequestHeaders": {
        "Authorization": "Sanitized",
        "traceparent": "00-f84c246f7640efd854f81a77bb1336ce-3c17ae5db2734815-00",
        "User-Agent": "azsdk-net-ResourceManager/1.6.0 (.NET 7.0.7; Microsoft Windows 10.0.22621)",
        "x-ms-client-request-id": "34ed4c0c13a7c7a10c53538f1bc1ba2e",
        "x-ms-return-client-request-id": "true"
      },
      "RequestBody": null,
      "StatusCode": 200,
      "ResponseHeaders": {
        "Cache-Control": "no-cache",
        "Content-Length": "1210",
        "Content-Type": "application/json; charset=utf-8",
        "Date": "Wed, 28 Jun 2023 09:24:35 GMT",
        "Expires": "-1",
        "Pragma": "no-cache",
        "Server": [
          "Microsoft-HTTPAPI/2.0",
          "Microsoft-HTTPAPI/2.0"
        ],
        "Strict-Transport-Security": "max-age=31536000; includeSubDomains",
        "X-Content-Type-Options": "nosniff",
        "x-ms-arm-service-request-id": "308744d6-193a-4c4c-bda7-00e3c116b2ff",
        "x-ms-client-request-id": "34ed4c0c13a7c7a10c53538f1bc1ba2e",
        "x-ms-correlation-request-id": "f5d306f8-69d8-4fef-b9ba-779282dc627b",
        "x-ms-ratelimit-remaining-subscription-reads": "11991",
        "x-ms-request-id": "15d352d3-0b38-493c-a9f6-37c826e04273",
        "x-ms-routing-request-id": "SOUTHEASTASIA:20230628T092436Z:f5d306f8-69d8-4fef-b9ba-779282dc627b"
      },
      "ResponseBody": {
        "name": "azsmnet6386",
        "id": "/subscriptions/db1ab6f0-4769-4b27-930e-01e2ef9c123c/resourceGroups/csmrg4564/providers/Microsoft.Network/connections/azsmnet6386",
        "etag": "W/\u0022a3e52503-d078-45a2-bdf2-9c6fe0b3a856\u0022",
        "type": "Microsoft.Network/connections",
        "location": "westus",
        "properties": {
          "provisioningState": "Succeeded",
          "resourceGuid": "71d979bb-5ef0-46ed-90fd-c7cb25440036",
          "packetCaptureDiagnosticState": "None",
          "virtualNetworkGateway1": {
            "id": "/subscriptions/db1ab6f0-4769-4b27-930e-01e2ef9c123c/resourceGroups/csmrg4564/providers/Microsoft.Network/virtualNetworkGateways/azsmnet996"
          },
          "localNetworkGateway2": {
            "id": "/subscriptions/db1ab6f0-4769-4b27-930e-01e2ef9c123c/resourceGroups/csmrg4564/providers/Microsoft.Network/localNetworkGateways/azsmnet4556"
          },
          "connectionType": "IPsec",
          "connectionProtocol": "IKEv2",
          "routingWeight": 3,
          "sharedKey": "abc",
          "enableBgp": true,
          "useLocalAzureIpAddress": false,
          "usePolicyBasedTrafficSelectors": false,
          "ipsecPolicies": [],
          "trafficSelectorPolicies": [],
          "connectionStatus": "Unknown",
          "ingressBytesTransferred": 0,
          "egressBytesTransferred": 0,
          "expressRouteGatewayBypass": false,
          "enablePrivateLinkFastPath": false,
          "dpdTimeoutSeconds": 0,
          "connectionMode": "Default",
          "gatewayCustomBgpIpAddresses": []
        }
      }
    },
    {
      "RequestUri": "https://management.azure.com/subscriptions/db1ab6f0-4769-4b27-930e-01e2ef9c123c/resourceGroups/csmrg4564/providers/Microsoft.Network/connections/azsmnet6386?api-version=2023-02-01",
      "RequestMethod": "GET",
      "RequestHeaders": {
        "Accept": "application/json",
        "Authorization": "Sanitized",
        "traceparent": "00-dc58e1b30725bde8047c20182d09248d-52a93ccd7f2c7f36-00",
        "User-Agent": "azsdk-net-ResourceManager.Network/1.3.0-alpha.20230627.1 (.NET 7.0.7; Microsoft Windows 10.0.22621)",
        "x-ms-client-request-id": "89b176cbe4bf3e6b043618bc0b071686",
        "x-ms-return-client-request-id": "true"
      },
      "RequestBody": null,
      "StatusCode": 200,
      "ResponseHeaders": {
        "Cache-Control": "no-cache",
        "Content-Length": "1210",
        "Content-Type": "application/json; charset=utf-8",
        "Date": "Wed, 28 Jun 2023 09:24:36 GMT",
        "Expires": "-1",
        "Pragma": "no-cache",
        "Server": [
          "Microsoft-HTTPAPI/2.0",
          "Microsoft-HTTPAPI/2.0"
        ],
        "Strict-Transport-Security": "max-age=31536000; includeSubDomains",
        "X-Content-Type-Options": "nosniff",
        "x-ms-arm-service-request-id": "4d6d7183-d57f-45d0-8299-f9570a632394",
        "x-ms-client-request-id": "89b176cbe4bf3e6b043618bc0b071686",
        "x-ms-correlation-request-id": "902ed2a2-913c-472c-9349-9eabe62205b7",
        "x-ms-ratelimit-remaining-subscription-reads": "11990",
        "x-ms-request-id": "b510c51e-910a-4cf6-94ba-4c2553279225",
        "x-ms-routing-request-id": "SOUTHEASTASIA:20230628T092437Z:902ed2a2-913c-472c-9349-9eabe62205b7"
      },
      "ResponseBody": {
        "name": "azsmnet6386",
        "id": "/subscriptions/db1ab6f0-4769-4b27-930e-01e2ef9c123c/resourceGroups/csmrg4564/providers/Microsoft.Network/connections/azsmnet6386",
        "etag": "W/\u0022a3e52503-d078-45a2-bdf2-9c6fe0b3a856\u0022",
        "type": "Microsoft.Network/connections",
        "location": "westus",
        "properties": {
          "provisioningState": "Succeeded",
          "resourceGuid": "71d979bb-5ef0-46ed-90fd-c7cb25440036",
          "packetCaptureDiagnosticState": "None",
          "virtualNetworkGateway1": {
            "id": "/subscriptions/db1ab6f0-4769-4b27-930e-01e2ef9c123c/resourceGroups/csmrg4564/providers/Microsoft.Network/virtualNetworkGateways/azsmnet996"
          },
          "localNetworkGateway2": {
            "id": "/subscriptions/db1ab6f0-4769-4b27-930e-01e2ef9c123c/resourceGroups/csmrg4564/providers/Microsoft.Network/localNetworkGateways/azsmnet4556"
          },
          "connectionType": "IPsec",
          "connectionProtocol": "IKEv2",
          "routingWeight": 3,
          "sharedKey": "abc",
          "enableBgp": true,
          "useLocalAzureIpAddress": false,
          "usePolicyBasedTrafficSelectors": false,
          "ipsecPolicies": [],
          "trafficSelectorPolicies": [],
          "connectionStatus": "Unknown",
          "ingressBytesTransferred": 0,
          "egressBytesTransferred": 0,
          "expressRouteGatewayBypass": false,
          "enablePrivateLinkFastPath": false,
          "dpdTimeoutSeconds": 0,
          "connectionMode": "Default",
          "gatewayCustomBgpIpAddresses": []
        }
      }
    },
    {
      "RequestUri": "https://management.azure.com/subscriptions/db1ab6f0-4769-4b27-930e-01e2ef9c123c/resourceGroups/csmrg4564/providers/Microsoft.Network/connections?api-version=2023-02-01",
      "RequestMethod": "GET",
      "RequestHeaders": {
        "Accept": "application/json",
        "Authorization": "Sanitized",
        "traceparent": "00-773a53686eadb5c8799e57cd689d3a8c-de70589ca8b06804-00",
        "User-Agent": "azsdk-net-ResourceManager.Network/1.3.0-alpha.20230627.1 (.NET 7.0.7; Microsoft Windows 10.0.22621)",
        "x-ms-client-request-id": "42902aa8c73a36d6f66f9a5f31190961",
        "x-ms-return-client-request-id": "true"
      },
      "RequestBody": null,
      "StatusCode": 200,
      "ResponseHeaders": {
        "Cache-Control": "no-cache",
        "Content-Length": "1175",
        "Content-Type": "application/json; charset=utf-8",
        "Date": "Wed, 28 Jun 2023 09:24:37 GMT",
        "Expires": "-1",
        "Pragma": "no-cache",
        "Server": [
          "Microsoft-HTTPAPI/2.0",
          "Microsoft-HTTPAPI/2.0"
        ],
        "Strict-Transport-Security": "max-age=31536000; includeSubDomains",
        "X-Content-Type-Options": "nosniff",
        "x-ms-arm-service-request-id": "b0686700-a0b7-4cbd-971d-cab4296d3e01",
        "x-ms-client-request-id": "42902aa8c73a36d6f66f9a5f31190961",
        "x-ms-correlation-request-id": "4264bfa9-bb0f-430b-971e-72ee1cc220e5",
        "x-ms-ratelimit-remaining-subscription-reads": "11989",
        "x-ms-request-id": "be69ca0a-b6a9-4fe7-bd37-efe394157c68",
        "x-ms-routing-request-id": "SOUTHEASTASIA:20230628T092437Z:4264bfa9-bb0f-430b-971e-72ee1cc220e5"
      },
      "ResponseBody": {
        "value": [
          {
            "name": "azsmnet6386",
            "id": "/subscriptions/db1ab6f0-4769-4b27-930e-01e2ef9c123c/resourceGroups/csmrg4564/providers/Microsoft.Network/connections/azsmnet6386",
            "etag": "W/\u0022a3e52503-d078-45a2-bdf2-9c6fe0b3a856\u0022",
            "type": "Microsoft.Network/connections",
            "location": "westus",
            "properties": {
              "provisioningState": "Succeeded",
              "resourceGuid": "71d979bb-5ef0-46ed-90fd-c7cb25440036",
              "packetCaptureDiagnosticState": "None",
              "virtualNetworkGateway1": {
                "id": "/subscriptions/db1ab6f0-4769-4b27-930e-01e2ef9c123c/resourceGroups/csmrg4564/providers/Microsoft.Network/virtualNetworkGateways/azsmnet996"
              },
              "localNetworkGateway2": {
                "id": "/subscriptions/db1ab6f0-4769-4b27-930e-01e2ef9c123c/resourceGroups/csmrg4564/providers/Microsoft.Network/localNetworkGateways/azsmnet4556"
              },
              "connectionType": "IPsec",
              "connectionProtocol": "IKEv2",
              "routingWeight": 3,
              "enableBgp": true,
              "useLocalAzureIpAddress": false,
              "usePolicyBasedTrafficSelectors": false,
              "ipsecPolicies": [],
              "trafficSelectorPolicies": [],
              "ingressBytesTransferred": 0,
              "egressBytesTransferred": 0,
              "expressRouteGatewayBypass": false,
              "enablePrivateLinkFastPath": false,
              "dpdTimeoutSeconds": 0,
              "connectionMode": "Default",
              "gatewayCustomBgpIpAddresses": []
            }
          }
        ]
      }
    },
    {
      "RequestUri": "https://management.azure.com/subscriptions/db1ab6f0-4769-4b27-930e-01e2ef9c123c/resourceGroups/csmrg4564/providers/Microsoft.Network/connections/azsmnet6386?api-version=2023-02-01",
      "RequestMethod": "DELETE",
      "RequestHeaders": {
        "Accept": "application/json",
        "Authorization": "Sanitized",
        "traceparent": "00-eaaaa8f5326a965241837e2d3e2d18ef-597384dcaa1efe10-00",
        "User-Agent": "azsdk-net-ResourceManager.Network/1.3.0-alpha.20230627.1 (.NET 7.0.7; Microsoft Windows 10.0.22621)",
        "x-ms-client-request-id": "38853a0ba7432836e0af3070fae5bb05",
        "x-ms-return-client-request-id": "true"
      },
      "RequestBody": null,
      "StatusCode": 202,
      "ResponseHeaders": {
        "Azure-AsyncNotification": "Enabled",
        "Azure-AsyncOperation": "https://management.azure.com/subscriptions/db1ab6f0-4769-4b27-930e-01e2ef9c123c/providers/Microsoft.Network/locations/westus/operations/673cd6a9-3c1e-442c-a209-a6364c0d14be?api-version=2023-02-01",
        "Cache-Control": "no-cache",
        "Content-Length": "0",
        "Date": "Wed, 28 Jun 2023 09:24:37 GMT",
        "Expires": "-1",
        "Location": "https://management.azure.com/subscriptions/db1ab6f0-4769-4b27-930e-01e2ef9c123c/providers/Microsoft.Network/locations/westus/operationResults/673cd6a9-3c1e-442c-a209-a6364c0d14be?api-version=2023-02-01",
        "Pragma": "no-cache",
        "Retry-After": "10",
        "Server": [
          "Microsoft-HTTPAPI/2.0",
          "Microsoft-HTTPAPI/2.0"
        ],
        "Strict-Transport-Security": "max-age=31536000; includeSubDomains",
        "X-Content-Type-Options": "nosniff",
        "x-ms-arm-service-request-id": "acc676db-8c84-40e3-9570-57849a576c6f",
        "x-ms-client-request-id": "38853a0ba7432836e0af3070fae5bb05",
        "x-ms-correlation-request-id": "639bb888-3696-4cd1-b719-02817d103cef",
        "x-ms-ratelimit-remaining-subscription-deletes": "14999",
        "x-ms-request-id": "673cd6a9-3c1e-442c-a209-a6364c0d14be",
        "x-ms-routing-request-id": "SOUTHEASTASIA:20230628T092438Z:639bb888-3696-4cd1-b719-02817d103cef"
      },
      "ResponseBody": null
    },
    {
      "RequestUri": "https://management.azure.com/subscriptions/db1ab6f0-4769-4b27-930e-01e2ef9c123c/providers/Microsoft.Network/locations/westus/operations/673cd6a9-3c1e-442c-a209-a6364c0d14be?api-version=2023-02-01",
      "RequestMethod": "GET",
      "RequestHeaders": {
        "Authorization": "Sanitized",
        "traceparent": "00-eaaaa8f5326a965241837e2d3e2d18ef-df4c3604f9d17dcf-00",
        "User-Agent": "azsdk-net-ResourceManager/1.6.0 (.NET 7.0.7; Microsoft Windows 10.0.22621)",
        "x-ms-client-request-id": "d1b0b62dde810142f368618b97653b11",
        "x-ms-return-client-request-id": "true"
      },
      "RequestBody": null,
      "StatusCode": 200,
      "ResponseHeaders": {
        "Cache-Control": "no-cache",
        "Content-Length": "23",
        "Content-Type": "application/json; charset=utf-8",
        "Date": "Wed, 28 Jun 2023 09:24:38 GMT",
        "Expires": "-1",
        "Pragma": "no-cache",
        "Retry-After": "10",
        "Server": [
          "Microsoft-HTTPAPI/2.0",
          "Microsoft-HTTPAPI/2.0"
        ],
        "Strict-Transport-Security": "max-age=31536000; includeSubDomains",
        "X-Content-Type-Options": "nosniff",
        "x-ms-arm-service-request-id": "a224f291-0b64-4580-8c9d-7dc2d87c74ff",
        "x-ms-client-request-id": "d1b0b62dde810142f368618b97653b11",
        "x-ms-correlation-request-id": "30c60ed3-7ea4-4d0a-b630-13751d0c847a",
        "x-ms-ratelimit-remaining-subscription-reads": "11988",
        "x-ms-request-id": "41e3935b-c5da-4669-8d50-8026f0e954fd",
        "x-ms-routing-request-id": "SOUTHEASTASIA:20230628T092438Z:30c60ed3-7ea4-4d0a-b630-13751d0c847a"
      },
      "ResponseBody": {
        "status": "InProgress"
      }
    },
    {
      "RequestUri": "https://management.azure.com/subscriptions/db1ab6f0-4769-4b27-930e-01e2ef9c123c/providers/Microsoft.Network/locations/westus/operations/673cd6a9-3c1e-442c-a209-a6364c0d14be?api-version=2023-02-01",
      "RequestMethod": "GET",
      "RequestHeaders": {
        "Authorization": "Sanitized",
        "traceparent": "00-eaaaa8f5326a965241837e2d3e2d18ef-43c07e7892d63d9b-00",
        "User-Agent": "azsdk-net-ResourceManager/1.6.0 (.NET 7.0.7; Microsoft Windows 10.0.22621)",
        "x-ms-client-request-id": "642294b317329331468298c814e6ded4",
        "x-ms-return-client-request-id": "true"
      },
      "RequestBody": null,
      "StatusCode": 200,
      "ResponseHeaders": {
        "Cache-Control": "no-cache",
        "Content-Length": "23",
        "Content-Type": "application/json; charset=utf-8",
        "Date": "Wed, 28 Jun 2023 09:24:48 GMT",
        "Expires": "-1",
        "Pragma": "no-cache",
        "Retry-After": "20",
        "Server": [
          "Microsoft-HTTPAPI/2.0",
          "Microsoft-HTTPAPI/2.0"
        ],
        "Strict-Transport-Security": "max-age=31536000; includeSubDomains",
        "X-Content-Type-Options": "nosniff",
        "x-ms-arm-service-request-id": "2de937ac-271c-4532-889d-f9db85cabcc9",
        "x-ms-client-request-id": "642294b317329331468298c814e6ded4",
        "x-ms-correlation-request-id": "0a33d119-7235-4660-adea-dd3f32f1f12c",
        "x-ms-ratelimit-remaining-subscription-reads": "11987",
        "x-ms-request-id": "dbeaaa62-a115-4106-9871-b184180c8d6b",
        "x-ms-routing-request-id": "SOUTHEASTASIA:20230628T092449Z:0a33d119-7235-4660-adea-dd3f32f1f12c"
      },
      "ResponseBody": {
        "status": "InProgress"
      }
    },
    {
      "RequestUri": "https://management.azure.com/subscriptions/db1ab6f0-4769-4b27-930e-01e2ef9c123c/providers/Microsoft.Network/locations/westus/operations/673cd6a9-3c1e-442c-a209-a6364c0d14be?api-version=2023-02-01",
      "RequestMethod": "GET",
      "RequestHeaders": {
        "Authorization": "Sanitized",
        "traceparent": "00-eaaaa8f5326a965241837e2d3e2d18ef-528ec1f70f6902fa-00",
        "User-Agent": "azsdk-net-ResourceManager/1.6.0 (.NET 7.0.7; Microsoft Windows 10.0.22621)",
        "x-ms-client-request-id": "434246a2ea355e848ae5fdc715686c3a",
        "x-ms-return-client-request-id": "true"
      },
      "RequestBody": null,
      "StatusCode": 200,
      "ResponseHeaders": {
        "Cache-Control": "no-cache",
        "Content-Length": "23",
        "Content-Type": "application/json; charset=utf-8",
        "Date": "Wed, 28 Jun 2023 09:25:09 GMT",
        "Expires": "-1",
        "Pragma": "no-cache",
        "Retry-After": "20",
        "Server": [
          "Microsoft-HTTPAPI/2.0",
          "Microsoft-HTTPAPI/2.0"
        ],
        "Strict-Transport-Security": "max-age=31536000; includeSubDomains",
        "X-Content-Type-Options": "nosniff",
        "x-ms-arm-service-request-id": "400fc28c-bc44-4a53-88ef-81497a2f4819",
        "x-ms-client-request-id": "434246a2ea355e848ae5fdc715686c3a",
        "x-ms-correlation-request-id": "5339076f-a440-49c4-a9f6-68d76829ca3c",
        "x-ms-ratelimit-remaining-subscription-reads": "11986",
        "x-ms-request-id": "da7a8feb-58c0-4ec1-a47c-723301aa136d",
        "x-ms-routing-request-id": "SOUTHEASTASIA:20230628T092509Z:5339076f-a440-49c4-a9f6-68d76829ca3c"
      },
      "ResponseBody": {
        "status": "InProgress"
      }
    },
    {
      "RequestUri": "https://management.azure.com/subscriptions/db1ab6f0-4769-4b27-930e-01e2ef9c123c/providers/Microsoft.Network/locations/westus/operations/673cd6a9-3c1e-442c-a209-a6364c0d14be?api-version=2023-02-01",
      "RequestMethod": "GET",
      "RequestHeaders": {
        "Authorization": "Sanitized",
        "traceparent": "00-eaaaa8f5326a965241837e2d3e2d18ef-90a92e2e4e8c948d-00",
        "User-Agent": "azsdk-net-ResourceManager/1.6.0 (.NET 7.0.7; Microsoft Windows 10.0.22621)",
        "x-ms-client-request-id": "b59b813fa8e916b7851c8afe457aed0c",
        "x-ms-return-client-request-id": "true"
      },
      "RequestBody": null,
      "StatusCode": 200,
      "ResponseHeaders": {
        "Cache-Control": "no-cache",
        "Content-Length": "22",
        "Content-Type": "application/json; charset=utf-8",
        "Date": "Wed, 28 Jun 2023 09:25:30 GMT",
        "Expires": "-1",
        "Pragma": "no-cache",
        "Server": [
          "Microsoft-HTTPAPI/2.0",
          "Microsoft-HTTPAPI/2.0"
        ],
        "Strict-Transport-Security": "max-age=31536000; includeSubDomains",
        "X-Content-Type-Options": "nosniff",
        "x-ms-arm-service-request-id": "0820b834-d9a9-47a7-9dae-b082655442da",
        "x-ms-client-request-id": "b59b813fa8e916b7851c8afe457aed0c",
        "x-ms-correlation-request-id": "19c60578-e749-4200-906a-3bb1cbbee6ab",
        "x-ms-ratelimit-remaining-subscription-reads": "11985",
        "x-ms-request-id": "de38bf5e-db16-4624-9d8f-e1dbf4c1e5ac",
        "x-ms-routing-request-id": "SOUTHEASTASIA:20230628T092530Z:19c60578-e749-4200-906a-3bb1cbbee6ab"
      },
      "ResponseBody": {
        "status": "Succeeded"
      }
    },
    {
      "RequestUri": "https://management.azure.com/subscriptions/db1ab6f0-4769-4b27-930e-01e2ef9c123c/resourceGroups/csmrg4564/providers/Microsoft.Network/connections?api-version=2023-02-01",
      "RequestMethod": "GET",
      "RequestHeaders": {
        "Accept": "application/json",
        "Authorization": "Sanitized",
        "traceparent": "00-9be583a8d7180ebe238ab8680f7ccd1d-572886a532b860f6-00",
        "User-Agent": "azsdk-net-ResourceManager.Network/1.3.0-alpha.20230627.1 (.NET 7.0.7; Microsoft Windows 10.0.22621)",
        "x-ms-client-request-id": "50e98d8af723c9db0fc4d94c19697ede",
        "x-ms-return-client-request-id": "true"
      },
      "RequestBody": null,
      "StatusCode": 200,
      "ResponseHeaders": {
        "Cache-Control": "no-cache",
        "Content-Length": "12",
        "Content-Type": "application/json; charset=utf-8",
        "Date": "Wed, 28 Jun 2023 09:25:30 GMT",
        "Expires": "-1",
        "Pragma": "no-cache",
        "Strict-Transport-Security": "max-age=31536000; includeSubDomains",
        "X-Content-Type-Options": "nosniff",
        "x-ms-correlation-request-id": "c01c2596-fc48-446b-9d0f-fde2f3526b7d",
        "x-ms-ratelimit-remaining-subscription-reads": "11984",
        "x-ms-request-id": "c01c2596-fc48-446b-9d0f-fde2f3526b7d",
        "x-ms-routing-request-id": "SOUTHEASTASIA:20230628T092530Z:c01c2596-fc48-446b-9d0f-fde2f3526b7d"
      },
      "ResponseBody": {
        "value": []
      }
    }
  ],
  "Variables": {
    "AZURE_AUTHORITY_HOST": "https://login.microsoftonline.com",
    "LOCATION": "westus",
    "RandomSeed": "1075226169",
    "RESOURCE_MANAGER_URL": null,
    "SUBSCRIPTION_ID": "db1ab6f0-4769-4b27-930e-01e2ef9c123c"
  }
}
