{
  "Entries": [
    {
      "RequestUri": "https://management.azure.com/subscriptions/db1ab6f0-4769-4b27-930e-01e2ef9c123c?api-version=2021-01-01",
      "RequestMethod": "GET",
      "RequestHeaders": {
        "Accept": "application/json",
        "Authorization": "Sanitized",
        "traceparent": "00-b2d12f1f532e4849871d1135db651c5b-b9ec986464e0ce4a-00",
        "User-Agent": "azsdk-net-ResourceManager/1.0.0-alpha.20220118.1 (.NET Framework 4.8.4420.0; Microsoft Windows 10.0.19043 )",
        "x-ms-client-request-id": "39196ab3a3709fe86ed7773d4f1d7093",
        "x-ms-return-client-request-id": "true"
      },
      "RequestBody": null,
      "StatusCode": 200,
      "ResponseHeaders": {
        "Cache-Control": "no-cache",
        "Content-Length": "468",
        "Content-Type": "application/json; charset=utf-8",
        "Date": "Tue, 18 Jan 2022 15:53:57 GMT",
        "Expires": "-1",
        "Pragma": "no-cache",
        "Strict-Transport-Security": "max-age=31536000; includeSubDomains",
        "X-Content-Type-Options": "nosniff",
        "x-ms-correlation-request-id": "eb72871a-0477-43b6-9da1-9c67bbf9b19c",
        "x-ms-ratelimit-remaining-subscription-reads": "11945",
        "x-ms-request-id": "eb72871a-0477-43b6-9da1-9c67bbf9b19c",
        "x-ms-routing-request-id": "SOUTHEASTASIA:20220118T155358Z:eb72871a-0477-43b6-9da1-9c67bbf9b19c"
      },
      "ResponseBody": {
        "id": "/subscriptions/db1ab6f0-4769-4b27-930e-01e2ef9c123c",
        "authorizationSource": "RoleBased",
        "managedByTenants": [],
        "tags": {
          "tagKey1": "tagValue1",
          "tagKey2": "tagValue2"
        },
        "subscriptionId": "db1ab6f0-4769-4b27-930e-01e2ef9c123c",
        "tenantId": "72f988bf-86f1-41af-91ab-2d7cd011db47",
        "displayName": ".NET Mgmt SDK Test with TTL = 1 Day",
        "state": "Enabled",
        "subscriptionPolicies": {
          "locationPlacementId": "Internal_2014-09-01",
          "quotaId": "Internal_2014-09-01",
          "spendingLimit": "Off"
        }
      }
    },
    {
      "RequestUri": "https://management.azure.com/subscriptions/db1ab6f0-4769-4b27-930e-01e2ef9c123c/resourcegroups/csmrg5667?api-version=**",
      "RequestMethod": "PUT",
      "RequestHeaders": {
        "Accept": "application/json",
        "Authorization": "Sanitized",
        "Content-Length": "31",
        "Content-Type": "application/json",
        "User-Agent": "azsdk-net-ResourceManager/1.0.0-alpha.20220118.1 (.NET Framework 4.8.4420.0; Microsoft Windows 10.0.19043 )",
        "x-ms-client-request-id": "d0d2a30a42e5f585c6dbdbf0d4271876",
        "x-ms-return-client-request-id": "true"
      },
      "RequestBody": {
        "location": "eastus"
      },
      "StatusCode": 201,
      "ResponseHeaders": {
        "Cache-Control": "no-cache",
        "Content-Length": "225",
        "Content-Type": "application/json; charset=utf-8",
        "Date": "Tue, 18 Jan 2022 15:53:58 GMT",
        "Expires": "-1",
        "Pragma": "no-cache",
        "Strict-Transport-Security": "max-age=31536000; includeSubDomains",
        "X-Content-Type-Options": "nosniff",
        "x-ms-correlation-request-id": "7c3484a8-282f-4e4f-8f6a-8989898c38ea",
        "x-ms-ratelimit-remaining-subscription-writes": "1192",
        "x-ms-request-id": "7c3484a8-282f-4e4f-8f6a-8989898c38ea",
        "x-ms-routing-request-id": "SOUTHEASTASIA:20220118T155358Z:7c3484a8-282f-4e4f-8f6a-8989898c38ea"
      },
      "ResponseBody": {
        "id": "/subscriptions/db1ab6f0-4769-4b27-930e-01e2ef9c123c/resourceGroups/csmrg5667",
        "name": "csmrg5667",
        "type": "Microsoft.Resources/resourceGroups",
        "location": "eastus",
        "tags": {},
        "properties": {
          "provisioningState": "Succeeded"
        }
      }
    },
    {
      "RequestUri": "https://management.azure.com/subscriptions/db1ab6f0-4769-4b27-930e-01e2ef9c123c/resourceGroups/csmrg5667/providers/Microsoft.Network/virtualNetworks/azsmnet829?api-version=2021-02-01",
      "RequestMethod": "PUT",
      "RequestHeaders": {
        "Accept": "application/json",
        "Authorization": "Sanitized",
        "Content-Length": "223",
        "Content-Type": "application/json",
        "User-Agent": "azsdk-net-ResourceManager.Network/1.0.0-alpha.20220118.1 (.NET Framework 4.8.4420.0; Microsoft Windows 10.0.19043 )",
        "x-ms-client-request-id": "cd3ff468e2d8f6c351ec741d64bc00c9",
        "x-ms-return-client-request-id": "true"
      },
      "RequestBody": {
        "location": "westus2",
        "properties": {
          "addressSpace": {
            "addressPrefixes": [
              "10.0.0.0/16"
            ]
          },
          "dhcpOptions": {
            "dnsServers": [
              "10.1.1.1",
              "10.1.2.4"
            ]
          },
          "subnets": [
            {
              "name": "GatewaySubnet",
              "properties": {
                "addressPrefix": "10.0.0.0/24"
              }
            }
          ]
        }
      },
      "StatusCode": 201,
      "ResponseHeaders": {
        "Azure-AsyncNotification": "Enabled",
        "Azure-AsyncOperation": "https://management.azure.com/subscriptions/db1ab6f0-4769-4b27-930e-01e2ef9c123c/providers/Microsoft.Network/locations/westus2/operations/ac6ffa97-52ae-41e6-bbfb-7e2b3c991cc8?api-version=2021-02-01",
        "Cache-Control": "no-cache",
        "Content-Length": "1333",
        "Content-Type": "application/json; charset=utf-8",
        "Date": "Tue, 18 Jan 2022 15:54:05 GMT",
        "Expires": "-1",
        "Pragma": "no-cache",
        "Retry-After": "3",
        "Server": [
          "Microsoft-HTTPAPI/2.0",
          "Microsoft-HTTPAPI/2.0"
        ],
        "Strict-Transport-Security": "max-age=31536000; includeSubDomains",
        "X-Content-Type-Options": "nosniff",
        "x-ms-arm-service-request-id": "0baef588-e680-48b9-9844-23f1110a2a06",
        "x-ms-client-request-id": "cd3ff468e2d8f6c351ec741d64bc00c9",
        "x-ms-correlation-request-id": "1c28ba82-e684-43be-b808-c47f53ead865",
        "x-ms-ratelimit-remaining-subscription-writes": "1191",
        "x-ms-request-id": "ac6ffa97-52ae-41e6-bbfb-7e2b3c991cc8",
        "x-ms-routing-request-id": "SOUTHEASTASIA:20220118T155406Z:1c28ba82-e684-43be-b808-c47f53ead865"
      },
      "ResponseBody": [
        "{\r\n",
        "  \u0022name\u0022: \u0022azsmnet829\u0022,\r\n",
        "  \u0022id\u0022: \u0022/subscriptions/db1ab6f0-4769-4b27-930e-01e2ef9c123c/resourceGroups/csmrg5667/providers/Microsoft.Network/virtualNetworks/azsmnet829\u0022,\r\n",
        "  \u0022etag\u0022: \u0022W/\\\u0022e39166eb-05e9-4563-a1e4-784c7f396577\\\u0022\u0022,\r\n",
        "  \u0022type\u0022: \u0022Microsoft.Network/virtualNetworks\u0022,\r\n",
        "  \u0022location\u0022: \u0022westus2\u0022,\r\n",
        "  \u0022properties\u0022: {\r\n",
        "    \u0022provisioningState\u0022: \u0022Updating\u0022,\r\n",
        "    \u0022resourceGuid\u0022: \u002248f75e64-fb80-4e0f-841b-f37f34ff85c3\u0022,\r\n",
        "    \u0022addressSpace\u0022: {\r\n",
        "      \u0022addressPrefixes\u0022: [\r\n",
        "        \u002210.0.0.0/16\u0022\r\n",
        "      ]\r\n",
        "    },\r\n",
        "    \u0022dhcpOptions\u0022: {\r\n",
        "      \u0022dnsServers\u0022: [\r\n",
        "        \u002210.1.1.1\u0022,\r\n",
        "        \u002210.1.2.4\u0022\r\n",
        "      ]\r\n",
        "    },\r\n",
        "    \u0022subnets\u0022: [\r\n",
        "      {\r\n",
        "        \u0022name\u0022: \u0022GatewaySubnet\u0022,\r\n",
        "        \u0022id\u0022: \u0022/subscriptions/db1ab6f0-4769-4b27-930e-01e2ef9c123c/resourceGroups/csmrg5667/providers/Microsoft.Network/virtualNetworks/azsmnet829/subnets/GatewaySubnet\u0022,\r\n",
        "        \u0022etag\u0022: \u0022W/\\\u0022e39166eb-05e9-4563-a1e4-784c7f396577\\\u0022\u0022,\r\n",
        "        \u0022properties\u0022: {\r\n",
        "          \u0022provisioningState\u0022: \u0022Updating\u0022,\r\n",
        "          \u0022addressPrefix\u0022: \u002210.0.0.0/24\u0022,\r\n",
        "          \u0022delegations\u0022: [],\r\n",
        "          \u0022privateEndpointNetworkPolicies\u0022: \u0022Enabled\u0022,\r\n",
        "          \u0022privateLinkServiceNetworkPolicies\u0022: \u0022Enabled\u0022\r\n",
        "        },\r\n",
        "        \u0022type\u0022: \u0022Microsoft.Network/virtualNetworks/subnets\u0022\r\n",
        "      }\r\n",
        "    ],\r\n",
        "    \u0022virtualNetworkPeerings\u0022: [],\r\n",
        "    \u0022enableDdosProtection\u0022: false\r\n",
        "  }\r\n",
        "}"
      ]
    },
    {
      "RequestUri": "https://management.azure.com/subscriptions/db1ab6f0-4769-4b27-930e-01e2ef9c123c/providers/Microsoft.Network/locations/westus2/operations/ac6ffa97-52ae-41e6-bbfb-7e2b3c991cc8?api-version=2021-02-01",
      "RequestMethod": "GET",
      "RequestHeaders": {
        "Authorization": "Sanitized",
        "User-Agent": "azsdk-net-ResourceManager/1.0.0-alpha.20220118.1 (.NET Framework 4.8.4420.0; Microsoft Windows 10.0.19043 )",
        "x-ms-client-request-id": "7bb5d3c6b554c0320ed9945610d8611f",
        "x-ms-return-client-request-id": "true"
      },
      "RequestBody": null,
      "StatusCode": 200,
      "ResponseHeaders": {
        "Cache-Control": "no-cache",
        "Content-Length": "30",
        "Content-Type": "application/json; charset=utf-8",
        "Date": "Tue, 18 Jan 2022 15:54:05 GMT",
        "Expires": "-1",
        "Pragma": "no-cache",
        "Retry-After": "10",
        "Server": [
          "Microsoft-HTTPAPI/2.0",
          "Microsoft-HTTPAPI/2.0"
        ],
        "Strict-Transport-Security": "max-age=31536000; includeSubDomains",
        "X-Content-Type-Options": "nosniff",
        "x-ms-arm-service-request-id": "e1b57297-0a2a-42ce-8cde-939426457434",
        "x-ms-client-request-id": "7bb5d3c6b554c0320ed9945610d8611f",
        "x-ms-correlation-request-id": "d6f560df-e350-4c9a-ab16-5df4e1b709aa",
        "x-ms-ratelimit-remaining-subscription-reads": "11944",
        "x-ms-request-id": "f266f7c5-4ee1-423d-83d4-452928cd10ba",
        "x-ms-routing-request-id": "SOUTHEASTASIA:20220118T155406Z:d6f560df-e350-4c9a-ab16-5df4e1b709aa"
      },
      "ResponseBody": [
        "{\r\n",
        "  \u0022status\u0022: \u0022InProgress\u0022\r\n",
        "}"
      ]
    },
    {
      "RequestUri": "https://management.azure.com/subscriptions/db1ab6f0-4769-4b27-930e-01e2ef9c123c/providers/Microsoft.Network/locations/westus2/operations/ac6ffa97-52ae-41e6-bbfb-7e2b3c991cc8?api-version=2021-02-01",
      "RequestMethod": "GET",
      "RequestHeaders": {
        "Authorization": "Sanitized",
        "User-Agent": "azsdk-net-ResourceManager/1.0.0-alpha.20220118.1 (.NET Framework 4.8.4420.0; Microsoft Windows 10.0.19043 )",
        "x-ms-client-request-id": "88c527daeb6f9aa9cdab892e1ab648b7",
        "x-ms-return-client-request-id": "true"
      },
      "RequestBody": null,
      "StatusCode": 200,
      "ResponseHeaders": {
        "Cache-Control": "no-cache",
        "Content-Length": "29",
        "Content-Type": "application/json; charset=utf-8",
        "Date": "Tue, 18 Jan 2022 15:54:16 GMT",
        "Expires": "-1",
        "Pragma": "no-cache",
        "Server": [
          "Microsoft-HTTPAPI/2.0",
          "Microsoft-HTTPAPI/2.0"
        ],
        "Strict-Transport-Security": "max-age=31536000; includeSubDomains",
        "X-Content-Type-Options": "nosniff",
        "x-ms-arm-service-request-id": "c1aaea58-45ef-4f3c-8fc7-18983c410ec5",
        "x-ms-client-request-id": "88c527daeb6f9aa9cdab892e1ab648b7",
        "x-ms-correlation-request-id": "dcedbde8-14fe-4734-848c-2086061cc1bb",
        "x-ms-ratelimit-remaining-subscription-reads": "11943",
        "x-ms-request-id": "d8cbcb43-a2ad-42cf-90c0-3cf3109634c5",
        "x-ms-routing-request-id": "SOUTHEASTASIA:20220118T155416Z:dcedbde8-14fe-4734-848c-2086061cc1bb"
      },
      "ResponseBody": [
        "{\r\n",
        "  \u0022status\u0022: \u0022Succeeded\u0022\r\n",
        "}"
      ]
    },
    {
      "RequestUri": "https://management.azure.com/subscriptions/db1ab6f0-4769-4b27-930e-01e2ef9c123c/resourceGroups/csmrg5667/providers/Microsoft.Network/virtualNetworks/azsmnet829?api-version=2021-02-01",
      "RequestMethod": "GET",
      "RequestHeaders": {
        "Authorization": "Sanitized",
        "User-Agent": "azsdk-net-ResourceManager/1.0.0-alpha.20220118.1 (.NET Framework 4.8.4420.0; Microsoft Windows 10.0.19043 )",
        "x-ms-client-request-id": "9156153c840658756de87bf839d1826b",
        "x-ms-return-client-request-id": "true"
      },
      "RequestBody": null,
      "StatusCode": 200,
      "ResponseHeaders": {
        "Cache-Control": "no-cache",
        "Content-Length": "1335",
        "Content-Type": "application/json; charset=utf-8",
        "Date": "Tue, 18 Jan 2022 15:54:17 GMT",
        "ETag": "W/\u00221f20dd57-00b5-4157-9b1f-b68dee66da31\u0022",
        "Expires": "-1",
        "Pragma": "no-cache",
        "Server": [
          "Microsoft-HTTPAPI/2.0",
          "Microsoft-HTTPAPI/2.0"
        ],
        "Strict-Transport-Security": "max-age=31536000; includeSubDomains",
        "X-Content-Type-Options": "nosniff",
        "x-ms-arm-service-request-id": "92e3a2de-699a-4685-b159-12bfe5482a7d",
        "x-ms-client-request-id": "9156153c840658756de87bf839d1826b",
        "x-ms-correlation-request-id": "8ab8722b-e869-4b40-a107-ca8eb4ae347c",
        "x-ms-ratelimit-remaining-subscription-reads": "11942",
        "x-ms-request-id": "4bfe9dbb-29e2-4baf-83db-9a937fbf71bb",
        "x-ms-routing-request-id": "SOUTHEASTASIA:20220118T155417Z:8ab8722b-e869-4b40-a107-ca8eb4ae347c"
      },
      "ResponseBody": [
        "{\r\n",
        "  \u0022name\u0022: \u0022azsmnet829\u0022,\r\n",
        "  \u0022id\u0022: \u0022/subscriptions/db1ab6f0-4769-4b27-930e-01e2ef9c123c/resourceGroups/csmrg5667/providers/Microsoft.Network/virtualNetworks/azsmnet829\u0022,\r\n",
        "  \u0022etag\u0022: \u0022W/\\\u00221f20dd57-00b5-4157-9b1f-b68dee66da31\\\u0022\u0022,\r\n",
        "  \u0022type\u0022: \u0022Microsoft.Network/virtualNetworks\u0022,\r\n",
        "  \u0022location\u0022: \u0022westus2\u0022,\r\n",
        "  \u0022properties\u0022: {\r\n",
        "    \u0022provisioningState\u0022: \u0022Succeeded\u0022,\r\n",
        "    \u0022resourceGuid\u0022: \u002248f75e64-fb80-4e0f-841b-f37f34ff85c3\u0022,\r\n",
        "    \u0022addressSpace\u0022: {\r\n",
        "      \u0022addressPrefixes\u0022: [\r\n",
        "        \u002210.0.0.0/16\u0022\r\n",
        "      ]\r\n",
        "    },\r\n",
        "    \u0022dhcpOptions\u0022: {\r\n",
        "      \u0022dnsServers\u0022: [\r\n",
        "        \u002210.1.1.1\u0022,\r\n",
        "        \u002210.1.2.4\u0022\r\n",
        "      ]\r\n",
        "    },\r\n",
        "    \u0022subnets\u0022: [\r\n",
        "      {\r\n",
        "        \u0022name\u0022: \u0022GatewaySubnet\u0022,\r\n",
        "        \u0022id\u0022: \u0022/subscriptions/db1ab6f0-4769-4b27-930e-01e2ef9c123c/resourceGroups/csmrg5667/providers/Microsoft.Network/virtualNetworks/azsmnet829/subnets/GatewaySubnet\u0022,\r\n",
        "        \u0022etag\u0022: \u0022W/\\\u00221f20dd57-00b5-4157-9b1f-b68dee66da31\\\u0022\u0022,\r\n",
        "        \u0022properties\u0022: {\r\n",
        "          \u0022provisioningState\u0022: \u0022Succeeded\u0022,\r\n",
        "          \u0022addressPrefix\u0022: \u002210.0.0.0/24\u0022,\r\n",
        "          \u0022delegations\u0022: [],\r\n",
        "          \u0022privateEndpointNetworkPolicies\u0022: \u0022Enabled\u0022,\r\n",
        "          \u0022privateLinkServiceNetworkPolicies\u0022: \u0022Enabled\u0022\r\n",
        "        },\r\n",
        "        \u0022type\u0022: \u0022Microsoft.Network/virtualNetworks/subnets\u0022\r\n",
        "      }\r\n",
        "    ],\r\n",
        "    \u0022virtualNetworkPeerings\u0022: [],\r\n",
        "    \u0022enableDdosProtection\u0022: false\r\n",
        "  }\r\n",
        "}"
      ]
    },
    {
      "RequestUri": "https://management.azure.com/subscriptions/db1ab6f0-4769-4b27-930e-01e2ef9c123c/resourceGroups/csmrg5667/providers/Microsoft.Network/virtualNetworks/azsmnet829?api-version=2021-02-01",
      "RequestMethod": "GET",
      "RequestHeaders": {
        "Accept": "application/json",
        "Authorization": "Sanitized",
        "User-Agent": "azsdk-net-ResourceManager.Network/1.0.0-alpha.20220118.1 (.NET Framework 4.8.4420.0; Microsoft Windows 10.0.19043 )",
        "x-ms-client-request-id": "8632a84828d4dbef291aaea82c04a658",
        "x-ms-return-client-request-id": "true"
      },
      "RequestBody": null,
      "StatusCode": 200,
      "ResponseHeaders": {
        "Cache-Control": "no-cache",
        "Content-Length": "1335",
        "Content-Type": "application/json; charset=utf-8",
        "Date": "Tue, 18 Jan 2022 15:54:17 GMT",
        "ETag": "W/\u00221f20dd57-00b5-4157-9b1f-b68dee66da31\u0022",
        "Expires": "-1",
        "Pragma": "no-cache",
        "Server": [
          "Microsoft-HTTPAPI/2.0",
          "Microsoft-HTTPAPI/2.0"
        ],
        "Strict-Transport-Security": "max-age=31536000; includeSubDomains",
        "X-Content-Type-Options": "nosniff",
        "x-ms-arm-service-request-id": "cb29619b-09bf-4cef-8015-4aa3e8dcc7f2",
        "x-ms-client-request-id": "8632a84828d4dbef291aaea82c04a658",
        "x-ms-correlation-request-id": "2ba0a03a-379e-4585-8163-5248c11b1e79",
        "x-ms-ratelimit-remaining-subscription-reads": "11941",
        "x-ms-request-id": "7e8b13f0-f655-4fb8-9393-996fccf01ede",
        "x-ms-routing-request-id": "SOUTHEASTASIA:20220118T155417Z:2ba0a03a-379e-4585-8163-5248c11b1e79"
      },
      "ResponseBody": [
        "{\r\n",
        "  \u0022name\u0022: \u0022azsmnet829\u0022,\r\n",
        "  \u0022id\u0022: \u0022/subscriptions/db1ab6f0-4769-4b27-930e-01e2ef9c123c/resourceGroups/csmrg5667/providers/Microsoft.Network/virtualNetworks/azsmnet829\u0022,\r\n",
        "  \u0022etag\u0022: \u0022W/\\\u00221f20dd57-00b5-4157-9b1f-b68dee66da31\\\u0022\u0022,\r\n",
        "  \u0022type\u0022: \u0022Microsoft.Network/virtualNetworks\u0022,\r\n",
        "  \u0022location\u0022: \u0022westus2\u0022,\r\n",
        "  \u0022properties\u0022: {\r\n",
        "    \u0022provisioningState\u0022: \u0022Succeeded\u0022,\r\n",
        "    \u0022resourceGuid\u0022: \u002248f75e64-fb80-4e0f-841b-f37f34ff85c3\u0022,\r\n",
        "    \u0022addressSpace\u0022: {\r\n",
        "      \u0022addressPrefixes\u0022: [\r\n",
        "        \u002210.0.0.0/16\u0022\r\n",
        "      ]\r\n",
        "    },\r\n",
        "    \u0022dhcpOptions\u0022: {\r\n",
        "      \u0022dnsServers\u0022: [\r\n",
        "        \u002210.1.1.1\u0022,\r\n",
        "        \u002210.1.2.4\u0022\r\n",
        "      ]\r\n",
        "    },\r\n",
        "    \u0022subnets\u0022: [\r\n",
        "      {\r\n",
        "        \u0022name\u0022: \u0022GatewaySubnet\u0022,\r\n",
        "        \u0022id\u0022: \u0022/subscriptions/db1ab6f0-4769-4b27-930e-01e2ef9c123c/resourceGroups/csmrg5667/providers/Microsoft.Network/virtualNetworks/azsmnet829/subnets/GatewaySubnet\u0022,\r\n",
        "        \u0022etag\u0022: \u0022W/\\\u00221f20dd57-00b5-4157-9b1f-b68dee66da31\\\u0022\u0022,\r\n",
        "        \u0022properties\u0022: {\r\n",
        "          \u0022provisioningState\u0022: \u0022Succeeded\u0022,\r\n",
        "          \u0022addressPrefix\u0022: \u002210.0.0.0/24\u0022,\r\n",
        "          \u0022delegations\u0022: [],\r\n",
        "          \u0022privateEndpointNetworkPolicies\u0022: \u0022Enabled\u0022,\r\n",
        "          \u0022privateLinkServiceNetworkPolicies\u0022: \u0022Enabled\u0022\r\n",
        "        },\r\n",
        "        \u0022type\u0022: \u0022Microsoft.Network/virtualNetworks/subnets\u0022\r\n",
        "      }\r\n",
        "    ],\r\n",
        "    \u0022virtualNetworkPeerings\u0022: [],\r\n",
        "    \u0022enableDdosProtection\u0022: false\r\n",
        "  }\r\n",
        "}"
      ]
    },
    {
      "RequestUri": "https://management.azure.com/subscriptions/db1ab6f0-4769-4b27-930e-01e2ef9c123c/resourceGroups/csmrg5667/providers/Microsoft.Network/virtualNetworks/azsmnet829?api-version=2021-02-01",
      "RequestMethod": "GET",
      "RequestHeaders": {
        "Accept": "application/json",
        "Authorization": "Sanitized",
        "User-Agent": "azsdk-net-ResourceManager.Network/1.0.0-alpha.20220118.1 (.NET Framework 4.8.4420.0; Microsoft Windows 10.0.19043 )",
        "x-ms-client-request-id": "fa19dc91d0825518b26c1a876fb161fb",
        "x-ms-return-client-request-id": "true"
      },
      "RequestBody": null,
      "StatusCode": 200,
      "ResponseHeaders": {
        "Cache-Control": "no-cache",
        "Content-Length": "1335",
        "Content-Type": "application/json; charset=utf-8",
        "Date": "Tue, 18 Jan 2022 15:54:17 GMT",
        "ETag": "W/\u00221f20dd57-00b5-4157-9b1f-b68dee66da31\u0022",
        "Expires": "-1",
        "Pragma": "no-cache",
        "Server": [
          "Microsoft-HTTPAPI/2.0",
          "Microsoft-HTTPAPI/2.0"
        ],
        "Strict-Transport-Security": "max-age=31536000; includeSubDomains",
        "X-Content-Type-Options": "nosniff",
        "x-ms-arm-service-request-id": "641aaa2f-fece-42c9-b370-d39bac080f69",
        "x-ms-client-request-id": "fa19dc91d0825518b26c1a876fb161fb",
        "x-ms-correlation-request-id": "68cd0c96-0f8f-49d7-8e0c-16348f416eb1",
        "x-ms-ratelimit-remaining-subscription-reads": "11940",
        "x-ms-request-id": "a6375dc2-4386-4244-a70f-7e40d112a977",
        "x-ms-routing-request-id": "SOUTHEASTASIA:20220118T155417Z:68cd0c96-0f8f-49d7-8e0c-16348f416eb1"
      },
      "ResponseBody": [
        "{\r\n",
        "  \u0022name\u0022: \u0022azsmnet829\u0022,\r\n",
        "  \u0022id\u0022: \u0022/subscriptions/db1ab6f0-4769-4b27-930e-01e2ef9c123c/resourceGroups/csmrg5667/providers/Microsoft.Network/virtualNetworks/azsmnet829\u0022,\r\n",
        "  \u0022etag\u0022: \u0022W/\\\u00221f20dd57-00b5-4157-9b1f-b68dee66da31\\\u0022\u0022,\r\n",
        "  \u0022type\u0022: \u0022Microsoft.Network/virtualNetworks\u0022,\r\n",
        "  \u0022location\u0022: \u0022westus2\u0022,\r\n",
        "  \u0022properties\u0022: {\r\n",
        "    \u0022provisioningState\u0022: \u0022Succeeded\u0022,\r\n",
        "    \u0022resourceGuid\u0022: \u002248f75e64-fb80-4e0f-841b-f37f34ff85c3\u0022,\r\n",
        "    \u0022addressSpace\u0022: {\r\n",
        "      \u0022addressPrefixes\u0022: [\r\n",
        "        \u002210.0.0.0/16\u0022\r\n",
        "      ]\r\n",
        "    },\r\n",
        "    \u0022dhcpOptions\u0022: {\r\n",
        "      \u0022dnsServers\u0022: [\r\n",
        "        \u002210.1.1.1\u0022,\r\n",
        "        \u002210.1.2.4\u0022\r\n",
        "      ]\r\n",
        "    },\r\n",
        "    \u0022subnets\u0022: [\r\n",
        "      {\r\n",
        "        \u0022name\u0022: \u0022GatewaySubnet\u0022,\r\n",
        "        \u0022id\u0022: \u0022/subscriptions/db1ab6f0-4769-4b27-930e-01e2ef9c123c/resourceGroups/csmrg5667/providers/Microsoft.Network/virtualNetworks/azsmnet829/subnets/GatewaySubnet\u0022,\r\n",
        "        \u0022etag\u0022: \u0022W/\\\u00221f20dd57-00b5-4157-9b1f-b68dee66da31\\\u0022\u0022,\r\n",
        "        \u0022properties\u0022: {\r\n",
        "          \u0022provisioningState\u0022: \u0022Succeeded\u0022,\r\n",
        "          \u0022addressPrefix\u0022: \u002210.0.0.0/24\u0022,\r\n",
        "          \u0022delegations\u0022: [],\r\n",
        "          \u0022privateEndpointNetworkPolicies\u0022: \u0022Enabled\u0022,\r\n",
        "          \u0022privateLinkServiceNetworkPolicies\u0022: \u0022Enabled\u0022\r\n",
        "        },\r\n",
        "        \u0022type\u0022: \u0022Microsoft.Network/virtualNetworks/subnets\u0022\r\n",
        "      }\r\n",
        "    ],\r\n",
        "    \u0022virtualNetworkPeerings\u0022: [],\r\n",
        "    \u0022enableDdosProtection\u0022: false\r\n",
        "  }\r\n",
        "}"
      ]
    },
    {
      "RequestUri": "https://management.azure.com/subscriptions/db1ab6f0-4769-4b27-930e-01e2ef9c123c/resourceGroups/csmrg5667/providers/Microsoft.Network/virtualNetworks/azsmnet829/subnets/GatewaySubnet?api-version=2021-02-01",
      "RequestMethod": "GET",
      "RequestHeaders": {
        "Accept": "application/json",
        "Authorization": "Sanitized",
        "User-Agent": "azsdk-net-ResourceManager.Network/1.0.0-alpha.20220118.1 (.NET Framework 4.8.4420.0; Microsoft Windows 10.0.19043 )",
        "x-ms-client-request-id": "72e61d29c18314e2267a67ecd6cc2c69",
        "x-ms-return-client-request-id": "true"
      },
      "RequestBody": null,
      "StatusCode": 200,
      "ResponseHeaders": {
        "Cache-Control": "no-cache",
        "Content-Length": "537",
        "Content-Type": "application/json; charset=utf-8",
        "Date": "Tue, 18 Jan 2022 15:54:17 GMT",
        "ETag": "W/\u00221f20dd57-00b5-4157-9b1f-b68dee66da31\u0022",
        "Expires": "-1",
        "Pragma": "no-cache",
        "Server": [
          "Microsoft-HTTPAPI/2.0",
          "Microsoft-HTTPAPI/2.0"
        ],
        "Strict-Transport-Security": "max-age=31536000; includeSubDomains",
        "X-Content-Type-Options": "nosniff",
        "x-ms-arm-service-request-id": "83b0b497-1180-4303-a70f-eab7b1bbbb7c",
        "x-ms-client-request-id": "72e61d29c18314e2267a67ecd6cc2c69",
        "x-ms-correlation-request-id": "e8123e8d-2cc8-4dab-8733-2941ce1afd14",
        "x-ms-ratelimit-remaining-subscription-reads": "11939",
        "x-ms-request-id": "bfe53518-817a-41f9-939c-519b82d510ac",
        "x-ms-routing-request-id": "SOUTHEASTASIA:20220118T155417Z:e8123e8d-2cc8-4dab-8733-2941ce1afd14"
      },
      "ResponseBody": [
        "{\r\n",
        "  \u0022name\u0022: \u0022GatewaySubnet\u0022,\r\n",
        "  \u0022id\u0022: \u0022/subscriptions/db1ab6f0-4769-4b27-930e-01e2ef9c123c/resourceGroups/csmrg5667/providers/Microsoft.Network/virtualNetworks/azsmnet829/subnets/GatewaySubnet\u0022,\r\n",
        "  \u0022etag\u0022: \u0022W/\\\u00221f20dd57-00b5-4157-9b1f-b68dee66da31\\\u0022\u0022,\r\n",
        "  \u0022properties\u0022: {\r\n",
        "    \u0022provisioningState\u0022: \u0022Succeeded\u0022,\r\n",
        "    \u0022addressPrefix\u0022: \u002210.0.0.0/24\u0022,\r\n",
        "    \u0022delegations\u0022: [],\r\n",
        "    \u0022privateEndpointNetworkPolicies\u0022: \u0022Enabled\u0022,\r\n",
        "    \u0022privateLinkServiceNetworkPolicies\u0022: \u0022Enabled\u0022\r\n",
        "  },\r\n",
        "  \u0022type\u0022: \u0022Microsoft.Network/virtualNetworks/subnets\u0022\r\n",
        "}"
      ]
    },
    {
      "RequestUri": "https://management.azure.com/subscriptions/db1ab6f0-4769-4b27-930e-01e2ef9c123c/resourceGroups/csmrg5667/providers/Microsoft.Network/publicIPAddresses/azsmnet945?api-version=2021-02-01",
      "RequestMethod": "PUT",
      "RequestHeaders": {
        "Accept": "application/json",
        "Authorization": "Sanitized",
        "Content-Length": "145",
        "Content-Type": "application/json",
        "User-Agent": "azsdk-net-ResourceManager.Network/1.0.0-alpha.20220118.1 (.NET Framework 4.8.4420.0; Microsoft Windows 10.0.19043 )",
        "x-ms-client-request-id": "87b85c6777e9dc8fd4680d676b77b9b3",
        "x-ms-return-client-request-id": "true"
      },
      "RequestBody": {
        "location": "westus2",
        "tags": {
          "key": "value"
        },
        "properties": {
          "publicIPAllocationMethod": "Dynamic",
          "dnsSettings": {
            "domainNameLabel": "azsmnet1504"
          }
        }
      },
      "StatusCode": 201,
      "ResponseHeaders": {
        "Azure-AsyncNotification": "Enabled",
        "Azure-AsyncOperation": "https://management.azure.com/subscriptions/db1ab6f0-4769-4b27-930e-01e2ef9c123c/providers/Microsoft.Network/locations/westus2/operations/4ac98424-87d1-4861-96f7-c4786aca4ec3?api-version=2021-02-01",
        "Cache-Control": "no-cache",
        "Content-Length": "794",
        "Content-Type": "application/json; charset=utf-8",
        "Date": "Tue, 18 Jan 2022 15:54:21 GMT",
        "Expires": "-1",
        "Pragma": "no-cache",
        "Retry-After": "1",
        "Server": [
          "Microsoft-HTTPAPI/2.0",
          "Microsoft-HTTPAPI/2.0"
        ],
        "Strict-Transport-Security": "max-age=31536000; includeSubDomains",
        "X-Content-Type-Options": "nosniff",
        "x-ms-arm-service-request-id": "2f36266d-3e5a-4c05-b9e5-6c1143698a8b",
        "x-ms-client-request-id": "87b85c6777e9dc8fd4680d676b77b9b3",
        "x-ms-correlation-request-id": "6f658de9-3d4b-4538-bf53-bb86e0591073",
        "x-ms-ratelimit-remaining-subscription-writes": "1190",
        "x-ms-request-id": "4ac98424-87d1-4861-96f7-c4786aca4ec3",
        "x-ms-routing-request-id": "SOUTHEASTASIA:20220118T155422Z:6f658de9-3d4b-4538-bf53-bb86e0591073"
      },
      "ResponseBody": [
        "{\r\n",
        "  \u0022name\u0022: \u0022azsmnet945\u0022,\r\n",
        "  \u0022id\u0022: \u0022/subscriptions/db1ab6f0-4769-4b27-930e-01e2ef9c123c/resourceGroups/csmrg5667/providers/Microsoft.Network/publicIPAddresses/azsmnet945\u0022,\r\n",
        "  \u0022etag\u0022: \u0022W/\\\u0022c6904978-9355-4421-931f-195a5315f609\\\u0022\u0022,\r\n",
        "  \u0022location\u0022: \u0022westus2\u0022,\r\n",
        "  \u0022tags\u0022: {\r\n",
        "    \u0022key\u0022: \u0022value\u0022\r\n",
        "  },\r\n",
        "  \u0022properties\u0022: {\r\n",
        "    \u0022provisioningState\u0022: \u0022Updating\u0022,\r\n",
        "    \u0022resourceGuid\u0022: \u0022aeed21f1-32db-45de-aebb-c93b77f3502c\u0022,\r\n",
        "    \u0022publicIPAddressVersion\u0022: \u0022IPv4\u0022,\r\n",
        "    \u0022publicIPAllocationMethod\u0022: \u0022Dynamic\u0022,\r\n",
        "    \u0022idleTimeoutInMinutes\u0022: 4,\r\n",
        "    \u0022dnsSettings\u0022: {\r\n",
        "      \u0022domainNameLabel\u0022: \u0022azsmnet1504\u0022,\r\n",
        "      \u0022fqdn\u0022: \u0022azsmnet1504.westus2.cloudapp.azure.com\u0022\r\n",
        "    },\r\n",
        "    \u0022ipTags\u0022: []\r\n",
        "  },\r\n",
        "  \u0022type\u0022: \u0022Microsoft.Network/publicIPAddresses\u0022,\r\n",
        "  \u0022sku\u0022: {\r\n",
        "    \u0022name\u0022: \u0022Basic\u0022,\r\n",
        "    \u0022tier\u0022: \u0022Regional\u0022\r\n",
        "  }\r\n",
        "}"
      ]
    },
    {
      "RequestUri": "https://management.azure.com/subscriptions/db1ab6f0-4769-4b27-930e-01e2ef9c123c/providers/Microsoft.Network/locations/westus2/operations/4ac98424-87d1-4861-96f7-c4786aca4ec3?api-version=2021-02-01",
      "RequestMethod": "GET",
      "RequestHeaders": {
        "Authorization": "Sanitized",
        "User-Agent": "azsdk-net-ResourceManager/1.0.0-alpha.20220118.1 (.NET Framework 4.8.4420.0; Microsoft Windows 10.0.19043 )",
        "x-ms-client-request-id": "1e215b27b52dde70daaf502de37ffd14",
        "x-ms-return-client-request-id": "true"
      },
      "RequestBody": null,
      "StatusCode": 200,
      "ResponseHeaders": {
        "Cache-Control": "no-cache",
        "Content-Length": "29",
        "Content-Type": "application/json; charset=utf-8",
        "Date": "Tue, 18 Jan 2022 15:54:22 GMT",
        "Expires": "-1",
        "Pragma": "no-cache",
        "Server": [
          "Microsoft-HTTPAPI/2.0",
          "Microsoft-HTTPAPI/2.0"
        ],
        "Strict-Transport-Security": "max-age=31536000; includeSubDomains",
        "X-Content-Type-Options": "nosniff",
        "x-ms-arm-service-request-id": "be13ab4b-19af-48b8-b691-47db63d51502",
        "x-ms-client-request-id": "1e215b27b52dde70daaf502de37ffd14",
        "x-ms-correlation-request-id": "1d0998ef-7951-45eb-8129-71afb1d67eac",
        "x-ms-ratelimit-remaining-subscription-reads": "11936",
        "x-ms-request-id": "d3ea85c6-c2db-477b-8f9f-ce35207d1516",
        "x-ms-routing-request-id": "SOUTHEASTASIA:20220118T155422Z:1d0998ef-7951-45eb-8129-71afb1d67eac"
      },
      "ResponseBody": [
        "{\r\n",
        "  \u0022status\u0022: \u0022Succeeded\u0022\r\n",
        "}"
      ]
    },
    {
      "RequestUri": "https://management.azure.com/subscriptions/db1ab6f0-4769-4b27-930e-01e2ef9c123c/resourceGroups/csmrg5667/providers/Microsoft.Network/publicIPAddresses/azsmnet945?api-version=2021-02-01",
      "RequestMethod": "GET",
      "RequestHeaders": {
        "Authorization": "Sanitized",
        "User-Agent": "azsdk-net-ResourceManager/1.0.0-alpha.20220118.1 (.NET Framework 4.8.4420.0; Microsoft Windows 10.0.19043 )",
        "x-ms-client-request-id": "5cf979f722993766feb2a18fed515f7f",
        "x-ms-return-client-request-id": "true"
      },
      "RequestBody": null,
      "StatusCode": 200,
      "ResponseHeaders": {
        "Cache-Control": "no-cache",
        "Content-Length": "795",
        "Content-Type": "application/json; charset=utf-8",
        "Date": "Tue, 18 Jan 2022 15:54:23 GMT",
        "ETag": "W/\u00228b0fb582-4373-407e-91ef-17dc6123b7ed\u0022",
        "Expires": "-1",
        "Pragma": "no-cache",
        "Server": [
          "Microsoft-HTTPAPI/2.0",
          "Microsoft-HTTPAPI/2.0"
        ],
        "Strict-Transport-Security": "max-age=31536000; includeSubDomains",
        "X-Content-Type-Options": "nosniff",
        "x-ms-arm-service-request-id": "e74423f8-495c-435d-b063-1f8a8c492c9b",
        "x-ms-client-request-id": "5cf979f722993766feb2a18fed515f7f",
        "x-ms-correlation-request-id": "69b3c0bf-3048-4ce7-9b96-3a4d8ec871eb",
        "x-ms-ratelimit-remaining-subscription-reads": "11935",
        "x-ms-request-id": "6c6f65c7-e97d-47dc-98ce-68efbede63ea",
        "x-ms-routing-request-id": "SOUTHEASTASIA:20220118T155423Z:69b3c0bf-3048-4ce7-9b96-3a4d8ec871eb"
      },
      "ResponseBody": [
        "{\r\n",
        "  \u0022name\u0022: \u0022azsmnet945\u0022,\r\n",
        "  \u0022id\u0022: \u0022/subscriptions/db1ab6f0-4769-4b27-930e-01e2ef9c123c/resourceGroups/csmrg5667/providers/Microsoft.Network/publicIPAddresses/azsmnet945\u0022,\r\n",
        "  \u0022etag\u0022: \u0022W/\\\u00228b0fb582-4373-407e-91ef-17dc6123b7ed\\\u0022\u0022,\r\n",
        "  \u0022location\u0022: \u0022westus2\u0022,\r\n",
        "  \u0022tags\u0022: {\r\n",
        "    \u0022key\u0022: \u0022value\u0022\r\n",
        "  },\r\n",
        "  \u0022properties\u0022: {\r\n",
        "    \u0022provisioningState\u0022: \u0022Succeeded\u0022,\r\n",
        "    \u0022resourceGuid\u0022: \u0022aeed21f1-32db-45de-aebb-c93b77f3502c\u0022,\r\n",
        "    \u0022publicIPAddressVersion\u0022: \u0022IPv4\u0022,\r\n",
        "    \u0022publicIPAllocationMethod\u0022: \u0022Dynamic\u0022,\r\n",
        "    \u0022idleTimeoutInMinutes\u0022: 4,\r\n",
        "    \u0022dnsSettings\u0022: {\r\n",
        "      \u0022domainNameLabel\u0022: \u0022azsmnet1504\u0022,\r\n",
        "      \u0022fqdn\u0022: \u0022azsmnet1504.westus2.cloudapp.azure.com\u0022\r\n",
        "    },\r\n",
        "    \u0022ipTags\u0022: []\r\n",
        "  },\r\n",
        "  \u0022type\u0022: \u0022Microsoft.Network/publicIPAddresses\u0022,\r\n",
        "  \u0022sku\u0022: {\r\n",
        "    \u0022name\u0022: \u0022Basic\u0022,\r\n",
        "    \u0022tier\u0022: \u0022Regional\u0022\r\n",
        "  }\r\n",
        "}"
      ]
    },
    {
      "RequestUri": "https://management.azure.com/subscriptions/db1ab6f0-4769-4b27-930e-01e2ef9c123c/resourceGroups/csmrg5667/providers/Microsoft.Network/publicIPAddresses/azsmnet945?api-version=2021-02-01",
      "RequestMethod": "GET",
      "RequestHeaders": {
        "Accept": "application/json",
        "Authorization": "Sanitized",
        "User-Agent": "azsdk-net-ResourceManager.Network/1.0.0-alpha.20220118.1 (.NET Framework 4.8.4420.0; Microsoft Windows 10.0.19043 )",
        "x-ms-client-request-id": "ab52fd4af09d7dc2b36e439bbd21b4e3",
        "x-ms-return-client-request-id": "true"
      },
      "RequestBody": null,
      "StatusCode": 200,
      "ResponseHeaders": {
        "Cache-Control": "no-cache",
        "Content-Length": "795",
        "Content-Type": "application/json; charset=utf-8",
        "Date": "Tue, 18 Jan 2022 15:54:23 GMT",
        "ETag": "W/\u00228b0fb582-4373-407e-91ef-17dc6123b7ed\u0022",
        "Expires": "-1",
        "Pragma": "no-cache",
        "Server": [
          "Microsoft-HTTPAPI/2.0",
          "Microsoft-HTTPAPI/2.0"
        ],
        "Strict-Transport-Security": "max-age=31536000; includeSubDomains",
        "X-Content-Type-Options": "nosniff",
        "x-ms-arm-service-request-id": "fa27ec16-b7f2-4ed3-8ffa-1a32c497aa5d",
        "x-ms-client-request-id": "ab52fd4af09d7dc2b36e439bbd21b4e3",
        "x-ms-correlation-request-id": "79f3e83f-1eee-4d35-b7d6-3c74a072fee6",
        "x-ms-ratelimit-remaining-subscription-reads": "11934",
        "x-ms-request-id": "8702fdb4-0d13-4828-90d0-50d42e6c9a36",
        "x-ms-routing-request-id": "SOUTHEASTASIA:20220118T155423Z:79f3e83f-1eee-4d35-b7d6-3c74a072fee6"
      },
      "ResponseBody": [
        "{\r\n",
        "  \u0022name\u0022: \u0022azsmnet945\u0022,\r\n",
        "  \u0022id\u0022: \u0022/subscriptions/db1ab6f0-4769-4b27-930e-01e2ef9c123c/resourceGroups/csmrg5667/providers/Microsoft.Network/publicIPAddresses/azsmnet945\u0022,\r\n",
        "  \u0022etag\u0022: \u0022W/\\\u00228b0fb582-4373-407e-91ef-17dc6123b7ed\\\u0022\u0022,\r\n",
        "  \u0022location\u0022: \u0022westus2\u0022,\r\n",
        "  \u0022tags\u0022: {\r\n",
        "    \u0022key\u0022: \u0022value\u0022\r\n",
        "  },\r\n",
        "  \u0022properties\u0022: {\r\n",
        "    \u0022provisioningState\u0022: \u0022Succeeded\u0022,\r\n",
        "    \u0022resourceGuid\u0022: \u0022aeed21f1-32db-45de-aebb-c93b77f3502c\u0022,\r\n",
        "    \u0022publicIPAddressVersion\u0022: \u0022IPv4\u0022,\r\n",
        "    \u0022publicIPAllocationMethod\u0022: \u0022Dynamic\u0022,\r\n",
        "    \u0022idleTimeoutInMinutes\u0022: 4,\r\n",
        "    \u0022dnsSettings\u0022: {\r\n",
        "      \u0022domainNameLabel\u0022: \u0022azsmnet1504\u0022,\r\n",
        "      \u0022fqdn\u0022: \u0022azsmnet1504.westus2.cloudapp.azure.com\u0022\r\n",
        "    },\r\n",
        "    \u0022ipTags\u0022: []\r\n",
        "  },\r\n",
        "  \u0022type\u0022: \u0022Microsoft.Network/publicIPAddresses\u0022,\r\n",
        "  \u0022sku\u0022: {\r\n",
        "    \u0022name\u0022: \u0022Basic\u0022,\r\n",
        "    \u0022tier\u0022: \u0022Regional\u0022\r\n",
        "  }\r\n",
        "}"
      ]
    },
    {
      "RequestUri": "https://management.azure.com/subscriptions/db1ab6f0-4769-4b27-930e-01e2ef9c123c/resourceGroups/csmrg5667/providers/Microsoft.Network/virtualNetworkGateways/azsmnet6400?api-version=2021-02-01",
      "RequestMethod": "PUT",
      "RequestHeaders": {
        "Accept": "application/json",
        "Authorization": "Sanitized",
        "Content-Length": "589",
        "Content-Type": "application/json",
        "User-Agent": "azsdk-net-ResourceManager.Network/1.0.0-alpha.20220118.1 (.NET Framework 4.8.4420.0; Microsoft Windows 10.0.19043 )",
        "x-ms-client-request-id": "006995ea0555eaf5207a13e0f0884fd1",
        "x-ms-return-client-request-id": "true"
      },
      "RequestBody": {
        "location": "westus2",
        "tags": {
          "key": "value"
        },
        "properties": {
          "ipConfigurations": [
            {
              "name": "azsmnet176",
              "properties": {
                "privateIPAllocationMethod": "Dynamic",
                "subnet": {
                  "id": "/subscriptions/db1ab6f0-4769-4b27-930e-01e2ef9c123c/resourceGroups/csmrg5667/providers/Microsoft.Network/virtualNetworks/azsmnet829/subnets/GatewaySubnet"
                },
                "publicIPAddress": {
                  "id": "/subscriptions/db1ab6f0-4769-4b27-930e-01e2ef9c123c/resourceGroups/csmrg5667/providers/Microsoft.Network/publicIPAddresses/azsmnet945"
                }
              }
            }
          ],
          "gatewayType": "Vpn",
          "vpnType": "RouteBased",
          "enableBgp": false,
          "sku": {
            "name": "Basic",
            "tier": "Basic"
          }
        }
      },
      "StatusCode": 201,
      "ResponseHeaders": {
        "Azure-AsyncNotification": "Enabled",
        "Azure-AsyncOperation": "https://management.azure.com/subscriptions/db1ab6f0-4769-4b27-930e-01e2ef9c123c/providers/Microsoft.Network/locations/westus2/operations/f677e66f-d00c-4a5f-bd39-f6f6381eeaa5?api-version=2021-02-01",
        "Cache-Control": "no-cache",
        "Content-Length": "2575",
        "Content-Type": "application/json; charset=utf-8",
        "Date": "Tue, 18 Jan 2022 15:54:27 GMT",
        "Expires": "-1",
        "Pragma": "no-cache",
        "Retry-After": "10",
        "Server": [
          "Microsoft-HTTPAPI/2.0",
          "Microsoft-HTTPAPI/2.0"
        ],
        "Strict-Transport-Security": "max-age=31536000; includeSubDomains",
        "X-Content-Type-Options": "nosniff",
        "x-ms-arm-service-request-id": "f627823e-207f-49c1-b5df-fe3a8bfa0eec",
        "x-ms-client-request-id": "006995ea0555eaf5207a13e0f0884fd1",
        "x-ms-correlation-request-id": "97a36624-3d00-42ba-a0c2-2a73935a28a3",
        "x-ms-ratelimit-remaining-subscription-writes": "1189",
        "x-ms-request-id": "f677e66f-d00c-4a5f-bd39-f6f6381eeaa5",
        "x-ms-routing-request-id": "SOUTHEASTASIA:20220118T155427Z:97a36624-3d00-42ba-a0c2-2a73935a28a3"
      },
      "ResponseBody": [
        "{\r\n",
        "  \u0022name\u0022: \u0022azsmnet6400\u0022,\r\n",
        "  \u0022id\u0022: \u0022/subscriptions/db1ab6f0-4769-4b27-930e-01e2ef9c123c/resourceGroups/csmrg5667/providers/Microsoft.Network/virtualNetworkGateways/azsmnet6400\u0022,\r\n",
        "  \u0022etag\u0022: \u0022W/\\\u0022a3a741f2-1868-402d-96c5-f178df1a35a1\\\u0022\u0022,\r\n",
        "  \u0022type\u0022: \u0022Microsoft.Network/virtualNetworkGateways\u0022,\r\n",
        "  \u0022location\u0022: \u0022westus2\u0022,\r\n",
        "  \u0022tags\u0022: {\r\n",
        "    \u0022key\u0022: \u0022value\u0022\r\n",
        "  },\r\n",
        "  \u0022properties\u0022: {\r\n",
        "    \u0022provisioningState\u0022: \u0022Updating\u0022,\r\n",
        "    \u0022resourceGuid\u0022: \u0022557b923a-8a5b-4f15-9e97-142b41d4892a\u0022,\r\n",
        "    \u0022packetCaptureDiagnosticState\u0022: \u0022None\u0022,\r\n",
        "    \u0022enablePrivateIpAddress\u0022: false,\r\n",
        "    \u0022ipConfigurations\u0022: [\r\n",
        "      {\r\n",
        "        \u0022name\u0022: \u0022azsmnet176\u0022,\r\n",
        "        \u0022id\u0022: \u0022/subscriptions/db1ab6f0-4769-4b27-930e-01e2ef9c123c/resourceGroups/csmrg5667/providers/Microsoft.Network/virtualNetworkGateways/azsmnet6400/ipConfigurations/azsmnet176\u0022,\r\n",
        "        \u0022etag\u0022: \u0022W/\\\u0022a3a741f2-1868-402d-96c5-f178df1a35a1\\\u0022\u0022,\r\n",
        "        \u0022type\u0022: \u0022Microsoft.Network/virtualNetworkGateways/ipConfigurations\u0022,\r\n",
        "        \u0022properties\u0022: {\r\n",
        "          \u0022provisioningState\u0022: \u0022Updating\u0022,\r\n",
        "          \u0022privateIPAllocationMethod\u0022: \u0022Dynamic\u0022,\r\n",
        "          \u0022publicIPAddress\u0022: {\r\n",
        "            \u0022id\u0022: \u0022/subscriptions/db1ab6f0-4769-4b27-930e-01e2ef9c123c/resourceGroups/csmrg5667/providers/Microsoft.Network/publicIPAddresses/azsmnet945\u0022\r\n",
        "          },\r\n",
        "          \u0022subnet\u0022: {\r\n",
        "            \u0022id\u0022: \u0022/subscriptions/db1ab6f0-4769-4b27-930e-01e2ef9c123c/resourceGroups/csmrg5667/providers/Microsoft.Network/virtualNetworks/azsmnet829/subnets/GatewaySubnet\u0022\r\n",
        "          }\r\n",
        "        }\r\n",
        "      }\r\n",
        "    ],\r\n",
        "    \u0022natRules\u0022: [],\r\n",
        "    \u0022enableBgpRouteTranslationForNat\u0022: false,\r\n",
        "    \u0022disableIPSecReplayProtection\u0022: false,\r\n",
        "    \u0022sku\u0022: {\r\n",
        "      \u0022name\u0022: \u0022Basic\u0022,\r\n",
        "      \u0022tier\u0022: \u0022Basic\u0022,\r\n",
        "      \u0022capacity\u0022: 2\r\n",
        "    },\r\n",
        "    \u0022gatewayType\u0022: \u0022Vpn\u0022,\r\n",
        "    \u0022vpnType\u0022: \u0022RouteBased\u0022,\r\n",
        "    \u0022enableBgp\u0022: false,\r\n",
        "    \u0022activeActive\u0022: false,\r\n",
        "    \u0022vpnClientConfiguration\u0022: {\r\n",
        "      \u0022vpnClientProtocols\u0022: [\r\n",
        "        \u0022SSTP\u0022\r\n",
        "      ],\r\n",
        "      \u0022vpnAuthenticationTypes\u0022: [],\r\n",
        "      \u0022vpnClientRootCertificates\u0022: [],\r\n",
        "      \u0022vpnClientRevokedCertificates\u0022: [],\r\n",
        "      \u0022radiusServers\u0022: [],\r\n",
        "      \u0022vpnClientIpsecPolicies\u0022: []\r\n",
        "    },\r\n",
        "    \u0022bgpSettings\u0022: {\r\n",
        "      \u0022asn\u0022: 0,\r\n",
        "      \u0022peerWeight\u0022: 0,\r\n",
        "      \u0022bgpPeeringAddresses\u0022: [\r\n",
        "        {\r\n",
        "          \u0022ipconfigurationId\u0022: \u0022/subscriptions/db1ab6f0-4769-4b27-930e-01e2ef9c123c/resourceGroups/csmrg5667/providers/Microsoft.Network/virtualNetworkGateways/azsmnet6400/ipConfigurations/azsmnet176\u0022,\r\n",
        "          \u0022defaultBgpIpAddresses\u0022: [],\r\n",
        "          \u0022customBgpIpAddresses\u0022: []\r\n",
        "        }\r\n",
        "      ]\r\n",
        "    },\r\n",
        "    \u0022vpnGatewayGeneration\u0022: \u0022Generation1\u0022\r\n",
        "  }\r\n",
        "}"
      ]
    },
    {
      "RequestUri": "https://management.azure.com/subscriptions/db1ab6f0-4769-4b27-930e-01e2ef9c123c/providers/Microsoft.Network/locations/westus2/operations/f677e66f-d00c-4a5f-bd39-f6f6381eeaa5?api-version=2021-02-01",
      "RequestMethod": "GET",
      "RequestHeaders": {
        "Authorization": "Sanitized",
        "User-Agent": "azsdk-net-ResourceManager/1.0.0-alpha.20220118.1 (.NET Framework 4.8.4420.0; Microsoft Windows 10.0.19043 )",
        "x-ms-client-request-id": "ca664ed949164da7b5b3cf4769d27dbb",
        "x-ms-return-client-request-id": "true"
      },
      "RequestBody": null,
      "StatusCode": 200,
      "ResponseHeaders": {
        "Cache-Control": "no-cache",
        "Content-Length": "30",
        "Content-Type": "application/json; charset=utf-8",
        "Date": "Tue, 18 Jan 2022 15:54:27 GMT",
        "Expires": "-1",
        "Pragma": "no-cache",
        "Retry-After": "10",
        "Server": [
          "Microsoft-HTTPAPI/2.0",
          "Microsoft-HTTPAPI/2.0"
        ],
        "Strict-Transport-Security": "max-age=31536000; includeSubDomains",
        "X-Content-Type-Options": "nosniff",
        "x-ms-arm-service-request-id": "d49220e9-0481-4bec-8ad5-ba78517d0ee7",
        "x-ms-client-request-id": "ca664ed949164da7b5b3cf4769d27dbb",
        "x-ms-correlation-request-id": "f524cdf5-de90-4680-87a9-cac24dc8947f",
        "x-ms-ratelimit-remaining-subscription-reads": "11933",
        "x-ms-request-id": "470e493d-461b-44e2-9001-9ddb10000dce",
        "x-ms-routing-request-id": "SOUTHEASTASIA:20220118T155427Z:f524cdf5-de90-4680-87a9-cac24dc8947f"
      },
      "ResponseBody": [
        "{\r\n",
        "  \u0022status\u0022: \u0022InProgress\u0022\r\n",
        "}"
      ]
    },
    {
      "RequestUri": "https://management.azure.com/subscriptions/db1ab6f0-4769-4b27-930e-01e2ef9c123c/providers/Microsoft.Network/locations/westus2/operations/f677e66f-d00c-4a5f-bd39-f6f6381eeaa5?api-version=2021-02-01",
      "RequestMethod": "GET",
      "RequestHeaders": {
        "Authorization": "Sanitized",
        "User-Agent": "azsdk-net-ResourceManager/1.0.0-alpha.20220118.1 (.NET Framework 4.8.4420.0; Microsoft Windows 10.0.19043 )",
        "x-ms-client-request-id": "ce3dec4c63b7e328deed572b262b7043",
        "x-ms-return-client-request-id": "true"
      },
      "RequestBody": null,
      "StatusCode": 200,
      "ResponseHeaders": {
        "Cache-Control": "no-cache",
        "Content-Length": "30",
        "Content-Type": "application/json; charset=utf-8",
        "Date": "Tue, 18 Jan 2022 15:54:37 GMT",
        "Expires": "-1",
        "Pragma": "no-cache",
        "Retry-After": "20",
        "Server": [
          "Microsoft-HTTPAPI/2.0",
          "Microsoft-HTTPAPI/2.0"
        ],
        "Strict-Transport-Security": "max-age=31536000; includeSubDomains",
        "X-Content-Type-Options": "nosniff",
        "x-ms-arm-service-request-id": "4aa2fd79-68c8-4e72-83bc-b1d6e49035f1",
        "x-ms-client-request-id": "ce3dec4c63b7e328deed572b262b7043",
        "x-ms-correlation-request-id": "bde69bf6-9c8f-4039-a3b4-b14be2ef05bc",
        "x-ms-ratelimit-remaining-subscription-reads": "11932",
        "x-ms-request-id": "1f295b7e-0912-41fd-9239-b23e2d4b739d",
        "x-ms-routing-request-id": "SOUTHEASTASIA:20220118T155437Z:bde69bf6-9c8f-4039-a3b4-b14be2ef05bc"
      },
      "ResponseBody": [
        "{\r\n",
        "  \u0022status\u0022: \u0022InProgress\u0022\r\n",
        "}"
      ]
    },
    {
      "RequestUri": "https://management.azure.com/subscriptions/db1ab6f0-4769-4b27-930e-01e2ef9c123c/providers/Microsoft.Network/locations/westus2/operations/f677e66f-d00c-4a5f-bd39-f6f6381eeaa5?api-version=2021-02-01",
      "RequestMethod": "GET",
      "RequestHeaders": {
        "Authorization": "Sanitized",
        "User-Agent": "azsdk-net-ResourceManager/1.0.0-alpha.20220118.1 (.NET Framework 4.8.4420.0; Microsoft Windows 10.0.19043 )",
        "x-ms-client-request-id": "a207567c852199bb3ddf9cc3376f12d6",
        "x-ms-return-client-request-id": "true"
      },
      "RequestBody": null,
      "StatusCode": 200,
      "ResponseHeaders": {
        "Cache-Control": "no-cache",
        "Content-Length": "30",
        "Content-Type": "application/json; charset=utf-8",
        "Date": "Tue, 18 Jan 2022 15:54:57 GMT",
        "Expires": "-1",
        "Pragma": "no-cache",
        "Retry-After": "20",
        "Server": [
          "Microsoft-HTTPAPI/2.0",
          "Microsoft-HTTPAPI/2.0"
        ],
        "Strict-Transport-Security": "max-age=31536000; includeSubDomains",
        "X-Content-Type-Options": "nosniff",
        "x-ms-arm-service-request-id": "c88950c6-9762-4982-8463-6695d7f09878",
        "x-ms-client-request-id": "a207567c852199bb3ddf9cc3376f12d6",
        "x-ms-correlation-request-id": "e7cd1016-6c2d-45a7-bfd2-f9f0b537fbf2",
        "x-ms-ratelimit-remaining-subscription-reads": "11931",
        "x-ms-request-id": "aacc670f-5ea2-40c7-a6b2-7ba4b3646bd2",
        "x-ms-routing-request-id": "SOUTHEASTASIA:20220118T155458Z:e7cd1016-6c2d-45a7-bfd2-f9f0b537fbf2"
      },
      "ResponseBody": [
        "{\r\n",
        "  \u0022status\u0022: \u0022InProgress\u0022\r\n",
        "}"
      ]
    },
    {
      "RequestUri": "https://management.azure.com/subscriptions/db1ab6f0-4769-4b27-930e-01e2ef9c123c/providers/Microsoft.Network/locations/westus2/operations/f677e66f-d00c-4a5f-bd39-f6f6381eeaa5?api-version=2021-02-01",
      "RequestMethod": "GET",
      "RequestHeaders": {
        "Authorization": "Sanitized",
        "User-Agent": "azsdk-net-ResourceManager/1.0.0-alpha.20220118.1 (.NET Framework 4.8.4420.0; Microsoft Windows 10.0.19043 )",
        "x-ms-client-request-id": "8d7d23ad2f9f75062583eb28f17c2789",
        "x-ms-return-client-request-id": "true"
      },
      "RequestBody": null,
      "StatusCode": 200,
      "ResponseHeaders": {
        "Cache-Control": "no-cache",
        "Content-Length": "30",
        "Content-Type": "application/json; charset=utf-8",
        "Date": "Tue, 18 Jan 2022 15:55:17 GMT",
        "Expires": "-1",
        "Pragma": "no-cache",
        "Retry-After": "40",
        "Server": [
          "Microsoft-HTTPAPI/2.0",
          "Microsoft-HTTPAPI/2.0"
        ],
        "Strict-Transport-Security": "max-age=31536000; includeSubDomains",
        "X-Content-Type-Options": "nosniff",
        "x-ms-arm-service-request-id": "e43830ed-31d4-4cc4-a108-3c010fc9c1a5",
        "x-ms-client-request-id": "8d7d23ad2f9f75062583eb28f17c2789",
        "x-ms-correlation-request-id": "9601e233-585b-4ab4-8111-28b4d8b53a5e",
        "x-ms-ratelimit-remaining-subscription-reads": "11930",
        "x-ms-request-id": "e2c86e73-adc8-4c30-acd7-4e0c072ff508",
        "x-ms-routing-request-id": "SOUTHEASTASIA:20220118T155518Z:9601e233-585b-4ab4-8111-28b4d8b53a5e"
      },
      "ResponseBody": [
        "{\r\n",
        "  \u0022status\u0022: \u0022InProgress\u0022\r\n",
        "}"
      ]
    },
    {
      "RequestUri": "https://management.azure.com/subscriptions/db1ab6f0-4769-4b27-930e-01e2ef9c123c/providers/Microsoft.Network/locations/westus2/operations/f677e66f-d00c-4a5f-bd39-f6f6381eeaa5?api-version=2021-02-01",
      "RequestMethod": "GET",
      "RequestHeaders": {
        "Authorization": "Sanitized",
        "User-Agent": "azsdk-net-ResourceManager/1.0.0-alpha.20220118.1 (.NET Framework 4.8.4420.0; Microsoft Windows 10.0.19043 )",
        "x-ms-client-request-id": "13cb8c42dbcac69930a490d8c765ac6f",
        "x-ms-return-client-request-id": "true"
      },
      "RequestBody": null,
      "StatusCode": 200,
      "ResponseHeaders": {
        "Cache-Control": "no-cache",
        "Content-Length": "30",
        "Content-Type": "application/json; charset=utf-8",
        "Date": "Tue, 18 Jan 2022 15:55:58 GMT",
        "Expires": "-1",
        "Pragma": "no-cache",
        "Retry-After": "40",
        "Server": [
          "Microsoft-HTTPAPI/2.0",
          "Microsoft-HTTPAPI/2.0"
        ],
        "Strict-Transport-Security": "max-age=31536000; includeSubDomains",
        "X-Content-Type-Options": "nosniff",
        "x-ms-arm-service-request-id": "aab8e732-a57c-4b5b-8896-0e2dd34fe22b",
        "x-ms-client-request-id": "13cb8c42dbcac69930a490d8c765ac6f",
        "x-ms-correlation-request-id": "ce922c00-8f11-4b04-8dbe-a6d48ada4a24",
        "x-ms-ratelimit-remaining-subscription-reads": "11929",
        "x-ms-request-id": "61dc8946-468d-4c2b-b31b-e846026696f0",
        "x-ms-routing-request-id": "SOUTHEASTASIA:20220118T155558Z:ce922c00-8f11-4b04-8dbe-a6d48ada4a24"
      },
      "ResponseBody": [
        "{\r\n",
        "  \u0022status\u0022: \u0022InProgress\u0022\r\n",
        "}"
      ]
    },
    {
      "RequestUri": "https://management.azure.com/subscriptions/db1ab6f0-4769-4b27-930e-01e2ef9c123c/providers/Microsoft.Network/locations/westus2/operations/f677e66f-d00c-4a5f-bd39-f6f6381eeaa5?api-version=2021-02-01",
      "RequestMethod": "GET",
      "RequestHeaders": {
        "Authorization": "Sanitized",
        "User-Agent": "azsdk-net-ResourceManager/1.0.0-alpha.20220118.1 (.NET Framework 4.8.4420.0; Microsoft Windows 10.0.19043 )",
        "x-ms-client-request-id": "027e80dbe2ad4ca450927c9e9a92a7c1",
        "x-ms-return-client-request-id": "true"
      },
      "RequestBody": null,
      "StatusCode": 200,
      "ResponseHeaders": {
        "Cache-Control": "no-cache",
        "Content-Length": "30",
        "Content-Type": "application/json; charset=utf-8",
        "Date": "Tue, 18 Jan 2022 15:56:38 GMT",
        "Expires": "-1",
        "Pragma": "no-cache",
        "Retry-After": "80",
        "Server": [
          "Microsoft-HTTPAPI/2.0",
          "Microsoft-HTTPAPI/2.0"
        ],
        "Strict-Transport-Security": "max-age=31536000; includeSubDomains",
        "X-Content-Type-Options": "nosniff",
        "x-ms-arm-service-request-id": "ac015dab-4a77-4a2a-882f-9f19fe0ed1d4",
        "x-ms-client-request-id": "027e80dbe2ad4ca450927c9e9a92a7c1",
        "x-ms-correlation-request-id": "06800674-f513-454f-9811-339e2486b45e",
        "x-ms-ratelimit-remaining-subscription-reads": "11928",
        "x-ms-request-id": "f29e124c-48e5-4550-9147-f8d5480984c3",
        "x-ms-routing-request-id": "SOUTHEASTASIA:20220118T155639Z:06800674-f513-454f-9811-339e2486b45e"
      },
      "ResponseBody": [
        "{\r\n",
        "  \u0022status\u0022: \u0022InProgress\u0022\r\n",
        "}"
      ]
    },
    {
      "RequestUri": "https://management.azure.com/subscriptions/db1ab6f0-4769-4b27-930e-01e2ef9c123c/providers/Microsoft.Network/locations/westus2/operations/f677e66f-d00c-4a5f-bd39-f6f6381eeaa5?api-version=2021-02-01",
      "RequestMethod": "GET",
      "RequestHeaders": {
        "Authorization": "Sanitized",
        "User-Agent": "azsdk-net-ResourceManager/1.0.0-alpha.20220118.1 (.NET Framework 4.8.4420.0; Microsoft Windows 10.0.19043 )",
        "x-ms-client-request-id": "aa8012b7fea4d10c8ab75cfa9e2eadc0",
        "x-ms-return-client-request-id": "true"
      },
      "RequestBody": null,
      "StatusCode": 200,
      "ResponseHeaders": {
        "Cache-Control": "no-cache",
        "Content-Length": "30",
        "Content-Type": "application/json; charset=utf-8",
        "Date": "Tue, 18 Jan 2022 15:57:58 GMT",
        "Expires": "-1",
        "Pragma": "no-cache",
        "Retry-After": "160",
        "Server": [
          "Microsoft-HTTPAPI/2.0",
          "Microsoft-HTTPAPI/2.0"
        ],
        "Strict-Transport-Security": "max-age=31536000; includeSubDomains",
        "X-Content-Type-Options": "nosniff",
        "x-ms-arm-service-request-id": "f9345c32-9272-4bb7-81c1-da262b636455",
        "x-ms-client-request-id": "aa8012b7fea4d10c8ab75cfa9e2eadc0",
        "x-ms-correlation-request-id": "3d7e3b94-bc97-4ac3-8275-4a362047f145",
        "x-ms-ratelimit-remaining-subscription-reads": "11927",
        "x-ms-request-id": "068305ac-35b5-40a2-a50a-8d3e3e2beca0",
        "x-ms-routing-request-id": "SOUTHEASTASIA:20220118T155759Z:3d7e3b94-bc97-4ac3-8275-4a362047f145"
      },
      "ResponseBody": [
        "{\r\n",
        "  \u0022status\u0022: \u0022InProgress\u0022\r\n",
        "}"
      ]
    },
    {
      "RequestUri": "https://management.azure.com/subscriptions/db1ab6f0-4769-4b27-930e-01e2ef9c123c/providers/Microsoft.Network/locations/westus2/operations/f677e66f-d00c-4a5f-bd39-f6f6381eeaa5?api-version=2021-02-01",
      "RequestMethod": "GET",
      "RequestHeaders": {
        "Authorization": "Sanitized",
        "User-Agent": "azsdk-net-ResourceManager/1.0.0-alpha.20220118.1 (.NET Framework 4.8.4420.0; Microsoft Windows 10.0.19043 )",
        "x-ms-client-request-id": "714d7bd625fe5fdce87ec2385efb2c9e",
        "x-ms-return-client-request-id": "true"
      },
      "RequestBody": null,
      "StatusCode": 200,
      "ResponseHeaders": {
        "Cache-Control": "no-cache",
        "Content-Length": "30",
        "Content-Type": "application/json; charset=utf-8",
        "Date": "Tue, 18 Jan 2022 16:00:38 GMT",
        "Expires": "-1",
        "Pragma": "no-cache",
        "Retry-After": "100",
        "Server": [
          "Microsoft-HTTPAPI/2.0",
          "Microsoft-HTTPAPI/2.0"
        ],
        "Strict-Transport-Security": "max-age=31536000; includeSubDomains",
        "X-Content-Type-Options": "nosniff",
        "x-ms-arm-service-request-id": "073ae859-ffd8-4304-82ab-40518e832b76",
        "x-ms-client-request-id": "714d7bd625fe5fdce87ec2385efb2c9e",
        "x-ms-correlation-request-id": "a98df219-4946-4a44-bc03-a3e33346f7d0",
        "x-ms-ratelimit-remaining-subscription-reads": "11985",
        "x-ms-request-id": "91fbe199-d35e-4a77-8e09-7da17f1c5e06",
        "x-ms-routing-request-id": "SOUTHEASTASIA:20220118T160039Z:a98df219-4946-4a44-bc03-a3e33346f7d0"
      },
      "ResponseBody": [
        "{\r\n",
        "  \u0022status\u0022: \u0022InProgress\u0022\r\n",
        "}"
      ]
    },
    {
      "RequestUri": "https://management.azure.com/subscriptions/db1ab6f0-4769-4b27-930e-01e2ef9c123c/providers/Microsoft.Network/locations/westus2/operations/f677e66f-d00c-4a5f-bd39-f6f6381eeaa5?api-version=2021-02-01",
      "RequestMethod": "GET",
      "RequestHeaders": {
        "Authorization": "Sanitized",
        "User-Agent": "azsdk-net-ResourceManager/1.0.0-alpha.20220118.1 (.NET Framework 4.8.4420.0; Microsoft Windows 10.0.19043 )",
        "x-ms-client-request-id": "b420cffc02e4dcca74ac78f686a9ad22",
        "x-ms-return-client-request-id": "true"
      },
      "RequestBody": null,
      "StatusCode": 200,
      "ResponseHeaders": {
        "Cache-Control": "no-cache",
        "Content-Length": "30",
        "Content-Type": "application/json; charset=utf-8",
        "Date": "Tue, 18 Jan 2022 16:02:20 GMT",
        "Expires": "-1",
        "Pragma": "no-cache",
        "Retry-After": "100",
        "Server": [
          "Microsoft-HTTPAPI/2.0",
          "Microsoft-HTTPAPI/2.0"
        ],
        "Strict-Transport-Security": "max-age=31536000; includeSubDomains",
        "X-Content-Type-Options": "nosniff",
        "x-ms-arm-service-request-id": "3257e016-6399-4005-90ea-c46de4f850d5",
        "x-ms-client-request-id": "b420cffc02e4dcca74ac78f686a9ad22",
        "x-ms-correlation-request-id": "2bf342e9-e742-4b9e-b0bc-cfa644ce45f8",
        "x-ms-ratelimit-remaining-subscription-reads": "11995",
        "x-ms-request-id": "52693ad9-49b7-4044-b4f9-398de8a0598e",
        "x-ms-routing-request-id": "SOUTHEASTASIA:20220118T160220Z:2bf342e9-e742-4b9e-b0bc-cfa644ce45f8"
      },
      "ResponseBody": [
        "{\r\n",
        "  \u0022status\u0022: \u0022InProgress\u0022\r\n",
        "}"
      ]
    },
    {
      "RequestUri": "https://management.azure.com/subscriptions/db1ab6f0-4769-4b27-930e-01e2ef9c123c/providers/Microsoft.Network/locations/westus2/operations/f677e66f-d00c-4a5f-bd39-f6f6381eeaa5?api-version=2021-02-01",
      "RequestMethod": "GET",
      "RequestHeaders": {
        "Authorization": "Sanitized",
        "User-Agent": "azsdk-net-ResourceManager/1.0.0-alpha.20220118.1 (.NET Framework 4.8.4420.0; Microsoft Windows 10.0.19043 )",
        "x-ms-client-request-id": "1ec8bce4364592c33620c2253cd4738e",
        "x-ms-return-client-request-id": "true"
      },
      "RequestBody": null,
      "StatusCode": 200,
      "ResponseHeaders": {
        "Cache-Control": "no-cache",
        "Content-Length": "30",
        "Content-Type": "application/json; charset=utf-8",
        "Date": "Tue, 18 Jan 2022 16:04:00 GMT",
        "Expires": "-1",
        "Pragma": "no-cache",
        "Retry-After": "100",
        "Server": [
          "Microsoft-HTTPAPI/2.0",
          "Microsoft-HTTPAPI/2.0"
        ],
        "Strict-Transport-Security": "max-age=31536000; includeSubDomains",
        "X-Content-Type-Options": "nosniff",
        "x-ms-arm-service-request-id": "3722f0e9-8551-4793-8dc7-09599cce3f75",
        "x-ms-client-request-id": "1ec8bce4364592c33620c2253cd4738e",
        "x-ms-correlation-request-id": "65a2274e-22b5-40a7-9690-59b5b3fcc706",
        "x-ms-ratelimit-remaining-subscription-reads": "11969",
        "x-ms-request-id": "2a0d00a0-217e-45a6-8910-e03f9f039bf8",
        "x-ms-routing-request-id": "SOUTHEASTASIA:20220118T160401Z:65a2274e-22b5-40a7-9690-59b5b3fcc706"
      },
      "ResponseBody": [
        "{\r\n",
        "  \u0022status\u0022: \u0022InProgress\u0022\r\n",
        "}"
      ]
    },
    {
      "RequestUri": "https://management.azure.com/subscriptions/db1ab6f0-4769-4b27-930e-01e2ef9c123c/providers/Microsoft.Network/locations/westus2/operations/f677e66f-d00c-4a5f-bd39-f6f6381eeaa5?api-version=2021-02-01",
      "RequestMethod": "GET",
      "RequestHeaders": {
        "Authorization": "Sanitized",
        "User-Agent": "azsdk-net-ResourceManager/1.0.0-alpha.20220118.1 (.NET Framework 4.8.4420.0; Microsoft Windows 10.0.19043 )",
        "x-ms-client-request-id": "cffebe8af90dd3dbb070fd52ace5d93f",
        "x-ms-return-client-request-id": "true"
      },
      "RequestBody": null,
      "StatusCode": 200,
      "ResponseHeaders": {
        "Cache-Control": "no-cache",
        "Content-Length": "30",
        "Content-Type": "application/json; charset=utf-8",
        "Date": "Tue, 18 Jan 2022 16:05:41 GMT",
        "Expires": "-1",
        "Pragma": "no-cache",
        "Retry-After": "100",
        "Server": [
          "Microsoft-HTTPAPI/2.0",
          "Microsoft-HTTPAPI/2.0"
        ],
        "Strict-Transport-Security": "max-age=31536000; includeSubDomains",
        "X-Content-Type-Options": "nosniff",
        "x-ms-arm-service-request-id": "47399f74-9b47-47e5-91c9-af69afb8d0a9",
        "x-ms-client-request-id": "cffebe8af90dd3dbb070fd52ace5d93f",
        "x-ms-correlation-request-id": "c0afe638-a01b-469c-8ebc-67d78bc5c949",
        "x-ms-ratelimit-remaining-subscription-reads": "11999",
        "x-ms-request-id": "ff506f5a-b2b1-4825-a05d-b7017df0f2ab",
        "x-ms-routing-request-id": "SOUTHEASTASIA:20220118T160541Z:c0afe638-a01b-469c-8ebc-67d78bc5c949"
      },
      "ResponseBody": [
        "{\r\n",
        "  \u0022status\u0022: \u0022InProgress\u0022\r\n",
        "}"
      ]
    },
    {
      "RequestUri": "https://management.azure.com/subscriptions/db1ab6f0-4769-4b27-930e-01e2ef9c123c/providers/Microsoft.Network/locations/westus2/operations/f677e66f-d00c-4a5f-bd39-f6f6381eeaa5?api-version=2021-02-01",
      "RequestMethod": "GET",
      "RequestHeaders": {
        "Authorization": "Sanitized",
        "User-Agent": "azsdk-net-ResourceManager/1.0.0-alpha.20220118.1 (.NET Framework 4.8.4420.0; Microsoft Windows 10.0.19043 )",
        "x-ms-client-request-id": "a153a0d10e32c6580c8e7ec440a5a09f",
        "x-ms-return-client-request-id": "true"
      },
      "RequestBody": null,
      "StatusCode": 200,
      "ResponseHeaders": {
        "Cache-Control": "no-cache",
        "Content-Length": "30",
        "Content-Type": "application/json; charset=utf-8",
        "Date": "Tue, 18 Jan 2022 16:07:22 GMT",
        "Expires": "-1",
        "Pragma": "no-cache",
        "Retry-After": "100",
        "Server": [
          "Microsoft-HTTPAPI/2.0",
          "Microsoft-HTTPAPI/2.0"
        ],
        "Strict-Transport-Security": "max-age=31536000; includeSubDomains",
        "X-Content-Type-Options": "nosniff",
        "x-ms-arm-service-request-id": "ef6db764-847c-4d40-b09b-8eb6eb17d9ab",
        "x-ms-client-request-id": "a153a0d10e32c6580c8e7ec440a5a09f",
        "x-ms-correlation-request-id": "b9edc526-ccb1-4622-abb6-d10804f0aa1d",
        "x-ms-ratelimit-remaining-subscription-reads": "11997",
        "x-ms-request-id": "47feff31-47df-4f52-b0c7-c2a3bd07f1b5",
        "x-ms-routing-request-id": "SOUTHEASTASIA:20220118T160722Z:b9edc526-ccb1-4622-abb6-d10804f0aa1d"
      },
      "ResponseBody": [
        "{\r\n",
        "  \u0022status\u0022: \u0022InProgress\u0022\r\n",
        "}"
      ]
    },
    {
      "RequestUri": "https://management.azure.com/subscriptions/db1ab6f0-4769-4b27-930e-01e2ef9c123c/providers/Microsoft.Network/locations/westus2/operations/f677e66f-d00c-4a5f-bd39-f6f6381eeaa5?api-version=2021-02-01",
      "RequestMethod": "GET",
      "RequestHeaders": {
        "Authorization": "Sanitized",
        "User-Agent": "azsdk-net-ResourceManager/1.0.0-alpha.20220118.1 (.NET Framework 4.8.4420.0; Microsoft Windows 10.0.19043 )",
        "x-ms-client-request-id": "c31a5dd0127af3948b67c03ea0838d9b",
        "x-ms-return-client-request-id": "true"
      },
      "RequestBody": null,
      "StatusCode": 200,
      "ResponseHeaders": {
        "Cache-Control": "no-cache",
        "Content-Length": "29",
        "Content-Type": "application/json; charset=utf-8",
        "Date": "Tue, 18 Jan 2022 16:25:07 GMT",
        "Expires": "-1",
        "Pragma": "no-cache",
        "Server": [
          "Microsoft-HTTPAPI/2.0",
          "Microsoft-HTTPAPI/2.0"
        ],
        "Strict-Transport-Security": "max-age=31536000; includeSubDomains",
        "X-Content-Type-Options": "nosniff",
        "x-ms-arm-service-request-id": "5ea13b7e-dfa6-4f35-a9c5-1e33f3936597",
        "x-ms-client-request-id": "c31a5dd0127af3948b67c03ea0838d9b",
        "x-ms-correlation-request-id": "766c205b-26a9-4a79-acdd-1accdb5da409",
        "x-ms-ratelimit-remaining-subscription-reads": "11996",
        "x-ms-request-id": "2123c772-61e8-4194-a405-d242acfe878a",
        "x-ms-routing-request-id": "SOUTHEASTASIA:20220118T162508Z:766c205b-26a9-4a79-acdd-1accdb5da409"
      },
      "ResponseBody": [
        "{\r\n",
        "  \u0022status\u0022: \u0022Succeeded\u0022\r\n",
        "}"
      ]
    },
    {
      "RequestUri": "https://management.azure.com/subscriptions/db1ab6f0-4769-4b27-930e-01e2ef9c123c/resourceGroups/csmrg5667/providers/Microsoft.Network/virtualNetworkGateways/azsmnet6400?api-version=2021-02-01",
      "RequestMethod": "GET",
      "RequestHeaders": {
        "Authorization": "Sanitized",
        "User-Agent": "azsdk-net-ResourceManager/1.0.0-alpha.20220118.1 (.NET Framework 4.8.4420.0; Microsoft Windows 10.0.19043 )",
        "x-ms-client-request-id": "bd7c2ea80451661e8def61731a9570ca",
        "x-ms-return-client-request-id": "true"
      },
      "RequestBody": null,
      "StatusCode": 200,
      "ResponseHeaders": {
        "Cache-Control": "no-cache",
        "Content-Length": "2454",
        "Content-Type": "application/json; charset=utf-8",
        "Date": "Tue, 18 Jan 2022 16:25:07 GMT",
        "Expires": "-1",
        "Pragma": "no-cache",
        "Server": [
          "Microsoft-HTTPAPI/2.0",
          "Microsoft-HTTPAPI/2.0"
        ],
        "Strict-Transport-Security": "max-age=31536000; includeSubDomains",
        "X-Content-Type-Options": "nosniff",
        "x-ms-arm-service-request-id": "1c0b1d0a-46d5-4cd4-b64f-760e6bcd08bd",
        "x-ms-client-request-id": "bd7c2ea80451661e8def61731a9570ca",
        "x-ms-correlation-request-id": "6ab21d28-44ff-4938-94d4-476487e2a81d",
        "x-ms-ratelimit-remaining-subscription-reads": "11995",
        "x-ms-request-id": "4e1c3d77-25b0-43fd-8d1a-f3b8063e0f47",
        "x-ms-routing-request-id": "SOUTHEASTASIA:20220118T162508Z:6ab21d28-44ff-4938-94d4-476487e2a81d"
      },
      "ResponseBody": [
        "{\r\n",
        "  \u0022name\u0022: \u0022azsmnet6400\u0022,\r\n",
        "  \u0022id\u0022: \u0022/subscriptions/db1ab6f0-4769-4b27-930e-01e2ef9c123c/resourceGroups/csmrg5667/providers/Microsoft.Network/virtualNetworkGateways/azsmnet6400\u0022,\r\n",
        "  \u0022etag\u0022: \u0022W/\\\u00224a5c6dab-eca1-49be-a753-06a5a90c2140\\\u0022\u0022,\r\n",
        "  \u0022type\u0022: \u0022Microsoft.Network/virtualNetworkGateways\u0022,\r\n",
        "  \u0022location\u0022: \u0022westus2\u0022,\r\n",
        "  \u0022tags\u0022: {\r\n",
        "    \u0022key\u0022: \u0022value\u0022\r\n",
        "  },\r\n",
        "  \u0022properties\u0022: {\r\n",
        "    \u0022provisioningState\u0022: \u0022Succeeded\u0022,\r\n",
        "    \u0022resourceGuid\u0022: \u0022557b923a-8a5b-4f15-9e97-142b41d4892a\u0022,\r\n",
        "    \u0022packetCaptureDiagnosticState\u0022: \u0022None\u0022,\r\n",
        "    \u0022enablePrivateIpAddress\u0022: false,\r\n",
        "    \u0022ipConfigurations\u0022: [\r\n",
        "      {\r\n",
        "        \u0022name\u0022: \u0022azsmnet176\u0022,\r\n",
        "        \u0022id\u0022: \u0022/subscriptions/db1ab6f0-4769-4b27-930e-01e2ef9c123c/resourceGroups/csmrg5667/providers/Microsoft.Network/virtualNetworkGateways/azsmnet6400/ipConfigurations/azsmnet176\u0022,\r\n",
        "        \u0022etag\u0022: \u0022W/\\\u00224a5c6dab-eca1-49be-a753-06a5a90c2140\\\u0022\u0022,\r\n",
        "        \u0022type\u0022: \u0022Microsoft.Network/virtualNetworkGateways/ipConfigurations\u0022,\r\n",
        "        \u0022properties\u0022: {\r\n",
        "          \u0022provisioningState\u0022: \u0022Succeeded\u0022,\r\n",
        "          \u0022privateIPAllocationMethod\u0022: \u0022Dynamic\u0022,\r\n",
        "          \u0022publicIPAddress\u0022: {\r\n",
        "            \u0022id\u0022: \u0022/subscriptions/db1ab6f0-4769-4b27-930e-01e2ef9c123c/resourceGroups/csmrg5667/providers/Microsoft.Network/publicIPAddresses/azsmnet945\u0022\r\n",
        "          },\r\n",
        "          \u0022subnet\u0022: {\r\n",
        "            \u0022id\u0022: \u0022/subscriptions/db1ab6f0-4769-4b27-930e-01e2ef9c123c/resourceGroups/csmrg5667/providers/Microsoft.Network/virtualNetworks/azsmnet829/subnets/GatewaySubnet\u0022\r\n",
        "          }\r\n",
        "        }\r\n",
        "      }\r\n",
        "    ],\r\n",
        "    \u0022natRules\u0022: [],\r\n",
        "    \u0022enableBgpRouteTranslationForNat\u0022: false,\r\n",
        "    \u0022disableIPSecReplayProtection\u0022: false,\r\n",
        "    \u0022sku\u0022: {\r\n",
        "      \u0022name\u0022: \u0022Basic\u0022,\r\n",
        "      \u0022tier\u0022: \u0022Basic\u0022,\r\n",
        "      \u0022capacity\u0022: 2\r\n",
        "    },\r\n",
        "    \u0022gatewayType\u0022: \u0022Vpn\u0022,\r\n",
        "    \u0022vpnType\u0022: \u0022RouteBased\u0022,\r\n",
        "    \u0022enableBgp\u0022: false,\r\n",
        "    \u0022activeActive\u0022: false,\r\n",
        "    \u0022bgpSettings\u0022: {\r\n",
        "      \u0022asn\u0022: 65515,\r\n",
        "      \u0022bgpPeeringAddress\u0022: \u002210.0.0.254\u0022,\r\n",
        "      \u0022peerWeight\u0022: 0,\r\n",
        "      \u0022bgpPeeringAddresses\u0022: [\r\n",
        "        {\r\n",
        "          \u0022ipconfigurationId\u0022: \u0022/subscriptions/db1ab6f0-4769-4b27-930e-01e2ef9c123c/resourceGroups/csmrg5667/providers/Microsoft.Network/virtualNetworkGateways/azsmnet6400/ipConfigurations/azsmnet176\u0022,\r\n",
        "          \u0022defaultBgpIpAddresses\u0022: [\r\n",
        "            \u002210.0.0.254\u0022\r\n",
        "          ],\r\n",
        "          \u0022customBgpIpAddresses\u0022: [],\r\n",
        "          \u0022tunnelIpAddresses\u0022: [\r\n",
        "            \u002252.229.37.1\u0022\r\n",
        "          ]\r\n",
        "        }\r\n",
        "      ]\r\n",
        "    },\r\n",
        "    \u0022vpnGatewayGeneration\u0022: \u0022Generation1\u0022\r\n",
        "  }\r\n",
        "}"
      ]
    },
    {
      "RequestUri": "https://management.azure.com/subscriptions/db1ab6f0-4769-4b27-930e-01e2ef9c123c/resourceGroups/csmrg5667/providers/Microsoft.Network/virtualNetworkGateways/azsmnet6400?api-version=2021-02-01",
      "RequestMethod": "GET",
      "RequestHeaders": {
        "Accept": "application/json",
        "Authorization": "Sanitized",
        "User-Agent": "azsdk-net-ResourceManager.Network/1.0.0-alpha.20220118.1 (.NET Framework 4.8.4420.0; Microsoft Windows 10.0.19043 )",
        "x-ms-client-request-id": "db046160215635d6ee601019121ddbe1",
        "x-ms-return-client-request-id": "true"
      },
      "RequestBody": null,
      "StatusCode": 200,
      "ResponseHeaders": {
        "Cache-Control": "no-cache",
        "Content-Length": "2454",
        "Content-Type": "application/json; charset=utf-8",
        "Date": "Tue, 18 Jan 2022 16:25:08 GMT",
        "Expires": "-1",
        "Pragma": "no-cache",
        "Server": [
          "Microsoft-HTTPAPI/2.0",
          "Microsoft-HTTPAPI/2.0"
        ],
        "Strict-Transport-Security": "max-age=31536000; includeSubDomains",
        "X-Content-Type-Options": "nosniff",
        "x-ms-arm-service-request-id": "e257657e-2b4f-4787-a5dd-384a7ad7a7da",
        "x-ms-client-request-id": "db046160215635d6ee601019121ddbe1",
        "x-ms-correlation-request-id": "e907ad37-e53f-48c9-8dc0-fc7425cf8582",
        "x-ms-ratelimit-remaining-subscription-reads": "11994",
        "x-ms-request-id": "ee09b543-9b9f-4244-98b8-876d4e950b54",
        "x-ms-routing-request-id": "SOUTHEASTASIA:20220118T162508Z:e907ad37-e53f-48c9-8dc0-fc7425cf8582"
      },
      "ResponseBody": [
        "{\r\n",
        "  \u0022name\u0022: \u0022azsmnet6400\u0022,\r\n",
        "  \u0022id\u0022: \u0022/subscriptions/db1ab6f0-4769-4b27-930e-01e2ef9c123c/resourceGroups/csmrg5667/providers/Microsoft.Network/virtualNetworkGateways/azsmnet6400\u0022,\r\n",
        "  \u0022etag\u0022: \u0022W/\\\u00224a5c6dab-eca1-49be-a753-06a5a90c2140\\\u0022\u0022,\r\n",
        "  \u0022type\u0022: \u0022Microsoft.Network/virtualNetworkGateways\u0022,\r\n",
        "  \u0022location\u0022: \u0022westus2\u0022,\r\n",
        "  \u0022tags\u0022: {\r\n",
        "    \u0022key\u0022: \u0022value\u0022\r\n",
        "  },\r\n",
        "  \u0022properties\u0022: {\r\n",
        "    \u0022provisioningState\u0022: \u0022Succeeded\u0022,\r\n",
        "    \u0022resourceGuid\u0022: \u0022557b923a-8a5b-4f15-9e97-142b41d4892a\u0022,\r\n",
        "    \u0022packetCaptureDiagnosticState\u0022: \u0022None\u0022,\r\n",
        "    \u0022enablePrivateIpAddress\u0022: false,\r\n",
        "    \u0022ipConfigurations\u0022: [\r\n",
        "      {\r\n",
        "        \u0022name\u0022: \u0022azsmnet176\u0022,\r\n",
        "        \u0022id\u0022: \u0022/subscriptions/db1ab6f0-4769-4b27-930e-01e2ef9c123c/resourceGroups/csmrg5667/providers/Microsoft.Network/virtualNetworkGateways/azsmnet6400/ipConfigurations/azsmnet176\u0022,\r\n",
        "        \u0022etag\u0022: \u0022W/\\\u00224a5c6dab-eca1-49be-a753-06a5a90c2140\\\u0022\u0022,\r\n",
        "        \u0022type\u0022: \u0022Microsoft.Network/virtualNetworkGateways/ipConfigurations\u0022,\r\n",
        "        \u0022properties\u0022: {\r\n",
        "          \u0022provisioningState\u0022: \u0022Succeeded\u0022,\r\n",
        "          \u0022privateIPAllocationMethod\u0022: \u0022Dynamic\u0022,\r\n",
        "          \u0022publicIPAddress\u0022: {\r\n",
        "            \u0022id\u0022: \u0022/subscriptions/db1ab6f0-4769-4b27-930e-01e2ef9c123c/resourceGroups/csmrg5667/providers/Microsoft.Network/publicIPAddresses/azsmnet945\u0022\r\n",
        "          },\r\n",
        "          \u0022subnet\u0022: {\r\n",
        "            \u0022id\u0022: \u0022/subscriptions/db1ab6f0-4769-4b27-930e-01e2ef9c123c/resourceGroups/csmrg5667/providers/Microsoft.Network/virtualNetworks/azsmnet829/subnets/GatewaySubnet\u0022\r\n",
        "          }\r\n",
        "        }\r\n",
        "      }\r\n",
        "    ],\r\n",
        "    \u0022natRules\u0022: [],\r\n",
        "    \u0022enableBgpRouteTranslationForNat\u0022: false,\r\n",
        "    \u0022disableIPSecReplayProtection\u0022: false,\r\n",
        "    \u0022sku\u0022: {\r\n",
        "      \u0022name\u0022: \u0022Basic\u0022,\r\n",
        "      \u0022tier\u0022: \u0022Basic\u0022,\r\n",
        "      \u0022capacity\u0022: 2\r\n",
        "    },\r\n",
        "    \u0022gatewayType\u0022: \u0022Vpn\u0022,\r\n",
        "    \u0022vpnType\u0022: \u0022RouteBased\u0022,\r\n",
        "    \u0022enableBgp\u0022: false,\r\n",
        "    \u0022activeActive\u0022: false,\r\n",
        "    \u0022bgpSettings\u0022: {\r\n",
        "      \u0022asn\u0022: 65515,\r\n",
        "      \u0022bgpPeeringAddress\u0022: \u002210.0.0.254\u0022,\r\n",
        "      \u0022peerWeight\u0022: 0,\r\n",
        "      \u0022bgpPeeringAddresses\u0022: [\r\n",
        "        {\r\n",
        "          \u0022ipconfigurationId\u0022: \u0022/subscriptions/db1ab6f0-4769-4b27-930e-01e2ef9c123c/resourceGroups/csmrg5667/providers/Microsoft.Network/virtualNetworkGateways/azsmnet6400/ipConfigurations/azsmnet176\u0022,\r\n",
        "          \u0022defaultBgpIpAddresses\u0022: [\r\n",
        "            \u002210.0.0.254\u0022\r\n",
        "          ],\r\n",
        "          \u0022customBgpIpAddresses\u0022: [],\r\n",
        "          \u0022tunnelIpAddresses\u0022: [\r\n",
        "            \u002252.229.37.1\u0022\r\n",
        "          ]\r\n",
        "        }\r\n",
        "      ]\r\n",
        "    },\r\n",
        "    \u0022vpnGatewayGeneration\u0022: \u0022Generation1\u0022\r\n",
        "  }\r\n",
        "}"
      ]
    },
    {
      "RequestUri": "https://management.azure.com/subscriptions/db1ab6f0-4769-4b27-930e-01e2ef9c123c/resourceGroups/csmrg5667/providers/Microsoft.Network/virtualNetworkGateways/azsmnet6400?api-version=2021-02-01",
      "RequestMethod": "PUT",
      "RequestHeaders": {
        "Accept": "application/json",
        "Authorization": "Sanitized",
        "Content-Length": "619",
        "Content-Type": "application/json",
        "User-Agent": "azsdk-net-ResourceManager.Network/1.0.0-alpha.20220118.1 (.NET Framework 4.8.4420.0; Microsoft Windows 10.0.19043 )",
        "x-ms-client-request-id": "4cd627aad69accba3fb3368ab020d8f6",
        "x-ms-return-client-request-id": "true"
      },
      "RequestBody": {
        "location": "westus2",
        "tags": {
          "key": "value",
          "tag2": "value",
          "tag3": "value"
        },
        "properties": {
          "ipConfigurations": [
            {
              "name": "azsmnet176",
              "properties": {
                "privateIPAllocationMethod": "Dynamic",
                "subnet": {
                  "id": "/subscriptions/db1ab6f0-4769-4b27-930e-01e2ef9c123c/resourceGroups/csmrg5667/providers/Microsoft.Network/virtualNetworks/azsmnet829/subnets/GatewaySubnet"
                },
                "publicIPAddress": {
                  "id": "/subscriptions/db1ab6f0-4769-4b27-930e-01e2ef9c123c/resourceGroups/csmrg5667/providers/Microsoft.Network/publicIPAddresses/azsmnet945"
                }
              }
            }
          ],
          "gatewayType": "Vpn",
          "vpnType": "RouteBased",
          "enableBgp": false,
          "sku": {
            "name": "Basic",
            "tier": "Basic"
          }
        }
      },
      "StatusCode": 200,
      "ResponseHeaders": {
        "Azure-AsyncNotification": "Enabled",
        "Azure-AsyncOperation": "https://management.azure.com/subscriptions/db1ab6f0-4769-4b27-930e-01e2ef9c123c/providers/Microsoft.Network/locations/westus2/operations/66db5000-34c1-4c4f-aed4-4944a81b4b1d?api-version=2021-02-01",
        "Cache-Control": "no-cache",
        "Content-Length": "2619",
        "Content-Type": "application/json; charset=utf-8",
        "Date": "Tue, 18 Jan 2022 16:25:14 GMT",
        "Expires": "-1",
        "Pragma": "no-cache",
        "Retry-After": "10",
        "Server": [
          "Microsoft-HTTPAPI/2.0",
          "Microsoft-HTTPAPI/2.0"
        ],
        "Strict-Transport-Security": "max-age=31536000; includeSubDomains",
        "X-Content-Type-Options": "nosniff",
        "x-ms-arm-service-request-id": "fc343db1-00f5-4783-ba9b-48b70fc2c511",
        "x-ms-client-request-id": "4cd627aad69accba3fb3368ab020d8f6",
        "x-ms-correlation-request-id": "f45ea442-2924-44b5-b103-dad8a6cba88e",
        "x-ms-ratelimit-remaining-subscription-writes": "1199",
        "x-ms-request-id": "66db5000-34c1-4c4f-aed4-4944a81b4b1d",
        "x-ms-routing-request-id": "SOUTHEASTASIA:20220118T162515Z:f45ea442-2924-44b5-b103-dad8a6cba88e"
      },
      "ResponseBody": [
        "{\r\n",
        "  \u0022name\u0022: \u0022azsmnet6400\u0022,\r\n",
        "  \u0022id\u0022: \u0022/subscriptions/db1ab6f0-4769-4b27-930e-01e2ef9c123c/resourceGroups/csmrg5667/providers/Microsoft.Network/virtualNetworkGateways/azsmnet6400\u0022,\r\n",
        "  \u0022etag\u0022: \u0022W/\\\u0022897a370d-25d3-4701-b735-b02bb6070d72\\\u0022\u0022,\r\n",
        "  \u0022type\u0022: \u0022Microsoft.Network/virtualNetworkGateways\u0022,\r\n",
        "  \u0022location\u0022: \u0022westus2\u0022,\r\n",
        "  \u0022tags\u0022: {\r\n",
        "    \u0022key\u0022: \u0022value\u0022,\r\n",
        "    \u0022tag2\u0022: \u0022value\u0022,\r\n",
        "    \u0022tag3\u0022: \u0022value\u0022\r\n",
        "  },\r\n",
        "  \u0022properties\u0022: {\r\n",
        "    \u0022provisioningState\u0022: \u0022Updating\u0022,\r\n",
        "    \u0022resourceGuid\u0022: \u0022557b923a-8a5b-4f15-9e97-142b41d4892a\u0022,\r\n",
        "    \u0022packetCaptureDiagnosticState\u0022: \u0022None\u0022,\r\n",
        "    \u0022enablePrivateIpAddress\u0022: false,\r\n",
        "    \u0022ipConfigurations\u0022: [\r\n",
        "      {\r\n",
        "        \u0022name\u0022: \u0022azsmnet176\u0022,\r\n",
        "        \u0022id\u0022: \u0022/subscriptions/db1ab6f0-4769-4b27-930e-01e2ef9c123c/resourceGroups/csmrg5667/providers/Microsoft.Network/virtualNetworkGateways/azsmnet6400/ipConfigurations/azsmnet176\u0022,\r\n",
        "        \u0022etag\u0022: \u0022W/\\\u0022897a370d-25d3-4701-b735-b02bb6070d72\\\u0022\u0022,\r\n",
        "        \u0022type\u0022: \u0022Microsoft.Network/virtualNetworkGateways/ipConfigurations\u0022,\r\n",
        "        \u0022properties\u0022: {\r\n",
        "          \u0022provisioningState\u0022: \u0022Updating\u0022,\r\n",
        "          \u0022privateIPAllocationMethod\u0022: \u0022Dynamic\u0022,\r\n",
        "          \u0022publicIPAddress\u0022: {\r\n",
        "            \u0022id\u0022: \u0022/subscriptions/db1ab6f0-4769-4b27-930e-01e2ef9c123c/resourceGroups/csmrg5667/providers/Microsoft.Network/publicIPAddresses/azsmnet945\u0022\r\n",
        "          },\r\n",
        "          \u0022subnet\u0022: {\r\n",
        "            \u0022id\u0022: \u0022/subscriptions/db1ab6f0-4769-4b27-930e-01e2ef9c123c/resourceGroups/csmrg5667/providers/Microsoft.Network/virtualNetworks/azsmnet829/subnets/GatewaySubnet\u0022\r\n",
        "          }\r\n",
        "        }\r\n",
        "      }\r\n",
        "    ],\r\n",
        "    \u0022natRules\u0022: [],\r\n",
        "    \u0022enableBgpRouteTranslationForNat\u0022: false,\r\n",
        "    \u0022disableIPSecReplayProtection\u0022: false,\r\n",
        "    \u0022sku\u0022: {\r\n",
        "      \u0022name\u0022: \u0022Basic\u0022,\r\n",
        "      \u0022tier\u0022: \u0022Basic\u0022,\r\n",
        "      \u0022capacity\u0022: 2\r\n",
        "    },\r\n",
        "    \u0022gatewayType\u0022: \u0022Vpn\u0022,\r\n",
        "    \u0022vpnType\u0022: \u0022RouteBased\u0022,\r\n",
        "    \u0022enableBgp\u0022: false,\r\n",
        "    \u0022activeActive\u0022: false,\r\n",
        "    \u0022vpnClientConfiguration\u0022: {\r\n",
        "      \u0022vpnClientProtocols\u0022: [\r\n",
        "        \u0022SSTP\u0022\r\n",
        "      ],\r\n",
        "      \u0022vpnAuthenticationTypes\u0022: [],\r\n",
        "      \u0022vpnClientRootCertificates\u0022: [],\r\n",
        "      \u0022vpnClientRevokedCertificates\u0022: [],\r\n",
        "      \u0022radiusServers\u0022: [],\r\n",
        "      \u0022vpnClientIpsecPolicies\u0022: []\r\n",
        "    },\r\n",
        "    \u0022bgpSettings\u0022: {\r\n",
        "      \u0022asn\u0022: 0,\r\n",
        "      \u0022peerWeight\u0022: 0,\r\n",
        "      \u0022bgpPeeringAddresses\u0022: [\r\n",
        "        {\r\n",
        "          \u0022ipconfigurationId\u0022: \u0022/subscriptions/db1ab6f0-4769-4b27-930e-01e2ef9c123c/resourceGroups/csmrg5667/providers/Microsoft.Network/virtualNetworkGateways/azsmnet6400/ipConfigurations/azsmnet176\u0022,\r\n",
        "          \u0022defaultBgpIpAddresses\u0022: [],\r\n",
        "          \u0022customBgpIpAddresses\u0022: []\r\n",
        "        }\r\n",
        "      ]\r\n",
        "    },\r\n",
        "    \u0022vpnGatewayGeneration\u0022: \u0022Generation1\u0022\r\n",
        "  }\r\n",
        "}"
      ]
    },
    {
      "RequestUri": "https://management.azure.com/subscriptions/db1ab6f0-4769-4b27-930e-01e2ef9c123c/providers/Microsoft.Network/locations/westus2/operations/66db5000-34c1-4c4f-aed4-4944a81b4b1d?api-version=2021-02-01",
      "RequestMethod": "GET",
      "RequestHeaders": {
        "Authorization": "Sanitized",
        "User-Agent": "azsdk-net-ResourceManager/1.0.0-alpha.20220118.1 (.NET Framework 4.8.4420.0; Microsoft Windows 10.0.19043 )",
        "x-ms-client-request-id": "f3c87f1323be8a2fa7389ca2eb4b84cd",
        "x-ms-return-client-request-id": "true"
      },
      "RequestBody": null,
      "StatusCode": 200,
      "ResponseHeaders": {
        "Cache-Control": "no-cache",
        "Content-Length": "30",
        "Content-Type": "application/json; charset=utf-8",
        "Date": "Tue, 18 Jan 2022 16:25:14 GMT",
        "Expires": "-1",
        "Pragma": "no-cache",
        "Retry-After": "10",
        "Server": [
          "Microsoft-HTTPAPI/2.0",
          "Microsoft-HTTPAPI/2.0"
        ],
        "Strict-Transport-Security": "max-age=31536000; includeSubDomains",
        "X-Content-Type-Options": "nosniff",
        "x-ms-arm-service-request-id": "531d6e92-baec-4a94-a8b7-a01cac12fb8f",
        "x-ms-client-request-id": "f3c87f1323be8a2fa7389ca2eb4b84cd",
        "x-ms-correlation-request-id": "88b209da-6ee6-4ee7-80af-3affd84ed394",
        "x-ms-ratelimit-remaining-subscription-reads": "11993",
        "x-ms-request-id": "b5dc8160-276d-4043-aa06-df0df2f89830",
        "x-ms-routing-request-id": "SOUTHEASTASIA:20220118T162515Z:88b209da-6ee6-4ee7-80af-3affd84ed394"
      },
      "ResponseBody": [
        "{\r\n",
        "  \u0022status\u0022: \u0022InProgress\u0022\r\n",
        "}"
      ]
    },
    {
      "RequestUri": "https://management.azure.com/subscriptions/db1ab6f0-4769-4b27-930e-01e2ef9c123c/providers/Microsoft.Network/locations/westus2/operations/66db5000-34c1-4c4f-aed4-4944a81b4b1d?api-version=2021-02-01",
      "RequestMethod": "GET",
      "RequestHeaders": {
        "Authorization": "Sanitized",
        "User-Agent": "azsdk-net-ResourceManager/1.0.0-alpha.20220118.1 (.NET Framework 4.8.4420.0; Microsoft Windows 10.0.19043 )",
        "x-ms-client-request-id": "1c2119879c3ff862e24ff45207cad739",
        "x-ms-return-client-request-id": "true"
      },
      "RequestBody": null,
      "StatusCode": 200,
      "ResponseHeaders": {
        "Cache-Control": "no-cache",
        "Content-Length": "30",
        "Content-Type": "application/json; charset=utf-8",
        "Date": "Tue, 18 Jan 2022 16:25:24 GMT",
        "Expires": "-1",
        "Pragma": "no-cache",
        "Retry-After": "20",
        "Server": [
          "Microsoft-HTTPAPI/2.0",
          "Microsoft-HTTPAPI/2.0"
        ],
        "Strict-Transport-Security": "max-age=31536000; includeSubDomains",
        "X-Content-Type-Options": "nosniff",
        "x-ms-arm-service-request-id": "664d9b5a-c9ce-44c8-be38-d362eb851149",
        "x-ms-client-request-id": "1c2119879c3ff862e24ff45207cad739",
        "x-ms-correlation-request-id": "1bea3b52-178c-4d34-9665-7e695a474d7f",
        "x-ms-ratelimit-remaining-subscription-reads": "11992",
        "x-ms-request-id": "106a0b5d-3efb-4f34-88d1-22042d9df8f4",
        "x-ms-routing-request-id": "SOUTHEASTASIA:20220118T162525Z:1bea3b52-178c-4d34-9665-7e695a474d7f"
      },
      "ResponseBody": [
        "{\r\n",
        "  \u0022status\u0022: \u0022InProgress\u0022\r\n",
        "}"
      ]
    },
    {
      "RequestUri": "https://management.azure.com/subscriptions/db1ab6f0-4769-4b27-930e-01e2ef9c123c/providers/Microsoft.Network/locations/westus2/operations/66db5000-34c1-4c4f-aed4-4944a81b4b1d?api-version=2021-02-01",
      "RequestMethod": "GET",
      "RequestHeaders": {
        "Authorization": "Sanitized",
        "User-Agent": "azsdk-net-ResourceManager/1.0.0-alpha.20220118.1 (.NET Framework 4.8.4420.0; Microsoft Windows 10.0.19043 )",
        "x-ms-client-request-id": "3076c660e558d337c653984715a29b0c",
        "x-ms-return-client-request-id": "true"
      },
      "RequestBody": null,
      "StatusCode": 200,
      "ResponseHeaders": {
        "Cache-Control": "no-cache",
        "Content-Length": "30",
        "Content-Type": "application/json; charset=utf-8",
        "Date": "Tue, 18 Jan 2022 16:25:44 GMT",
        "Expires": "-1",
        "Pragma": "no-cache",
        "Retry-After": "20",
        "Server": [
          "Microsoft-HTTPAPI/2.0",
          "Microsoft-HTTPAPI/2.0"
        ],
        "Strict-Transport-Security": "max-age=31536000; includeSubDomains",
        "X-Content-Type-Options": "nosniff",
        "x-ms-arm-service-request-id": "d03ca65e-9c62-4783-a0bb-2c8843c4ccf8",
        "x-ms-client-request-id": "3076c660e558d337c653984715a29b0c",
        "x-ms-correlation-request-id": "bd3f6112-4c5b-4c3d-a99e-488c273b41c5",
        "x-ms-ratelimit-remaining-subscription-reads": "11991",
        "x-ms-request-id": "ca201365-8197-477e-8fa2-6dc3b6e15925",
        "x-ms-routing-request-id": "SOUTHEASTASIA:20220118T162545Z:bd3f6112-4c5b-4c3d-a99e-488c273b41c5"
      },
      "ResponseBody": [
        "{\r\n",
        "  \u0022status\u0022: \u0022InProgress\u0022\r\n",
        "}"
      ]
    },
    {
      "RequestUri": "https://management.azure.com/subscriptions/db1ab6f0-4769-4b27-930e-01e2ef9c123c/providers/Microsoft.Network/locations/westus2/operations/66db5000-34c1-4c4f-aed4-4944a81b4b1d?api-version=2021-02-01",
      "RequestMethod": "GET",
      "RequestHeaders": {
        "Authorization": "Sanitized",
        "User-Agent": "azsdk-net-ResourceManager/1.0.0-alpha.20220118.1 (.NET Framework 4.8.4420.0; Microsoft Windows 10.0.19043 )",
        "x-ms-client-request-id": "da6800c337e3772f1dd0106e2fdd82dc",
        "x-ms-return-client-request-id": "true"
      },
      "RequestBody": null,
      "StatusCode": 200,
      "ResponseHeaders": {
        "Cache-Control": "no-cache",
        "Content-Length": "30",
        "Content-Type": "application/json; charset=utf-8",
        "Date": "Tue, 18 Jan 2022 16:26:06 GMT",
        "Expires": "-1",
        "Pragma": "no-cache",
        "Retry-After": "40",
        "Server": [
          "Microsoft-HTTPAPI/2.0",
          "Microsoft-HTTPAPI/2.0"
        ],
        "Strict-Transport-Security": "max-age=31536000; includeSubDomains",
        "X-Content-Type-Options": "nosniff",
        "x-ms-arm-service-request-id": "7574378a-12c3-42cf-a0a0-6d4aae76af66",
        "x-ms-client-request-id": "da6800c337e3772f1dd0106e2fdd82dc",
        "x-ms-correlation-request-id": "1c1ba95f-f4cf-4304-8bd4-9dd919f01e92",
        "x-ms-ratelimit-remaining-subscription-reads": "11990",
        "x-ms-request-id": "efb5d42d-bced-4f2d-a37f-719815a70d1c",
        "x-ms-routing-request-id": "SOUTHEASTASIA:20220118T162606Z:1c1ba95f-f4cf-4304-8bd4-9dd919f01e92"
      },
      "ResponseBody": [
        "{\r\n",
        "  \u0022status\u0022: \u0022InProgress\u0022\r\n",
        "}"
      ]
    },
    {
      "RequestUri": "https://management.azure.com/subscriptions/db1ab6f0-4769-4b27-930e-01e2ef9c123c/providers/Microsoft.Network/locations/westus2/operations/66db5000-34c1-4c4f-aed4-4944a81b4b1d?api-version=2021-02-01",
      "RequestMethod": "GET",
      "RequestHeaders": {
        "Authorization": "Sanitized",
        "User-Agent": "azsdk-net-ResourceManager/1.0.0-alpha.20220118.1 (.NET Framework 4.8.4420.0; Microsoft Windows 10.0.19043 )",
        "x-ms-client-request-id": "2442626054d5a175e14e56ec041ae240",
        "x-ms-return-client-request-id": "true"
      },
      "RequestBody": null,
      "StatusCode": 200,
      "ResponseHeaders": {
        "Cache-Control": "no-cache",
        "Content-Length": "30",
        "Content-Type": "application/json; charset=utf-8",
        "Date": "Tue, 18 Jan 2022 16:26:46 GMT",
        "Expires": "-1",
        "Pragma": "no-cache",
        "Retry-After": "40",
        "Server": [
          "Microsoft-HTTPAPI/2.0",
          "Microsoft-HTTPAPI/2.0"
        ],
        "Strict-Transport-Security": "max-age=31536000; includeSubDomains",
        "X-Content-Type-Options": "nosniff",
        "x-ms-arm-service-request-id": "a8d31911-249f-40ad-9651-eec4f0c845c5",
        "x-ms-client-request-id": "2442626054d5a175e14e56ec041ae240",
        "x-ms-correlation-request-id": "476caae5-fc80-4d0f-8a34-153aafc6f47c",
        "x-ms-ratelimit-remaining-subscription-reads": "11989",
        "x-ms-request-id": "6ee6fa0b-3285-4237-bec1-b7f111382e17",
        "x-ms-routing-request-id": "SOUTHEASTASIA:20220118T162646Z:476caae5-fc80-4d0f-8a34-153aafc6f47c"
      },
      "ResponseBody": [
        "{\r\n",
        "  \u0022status\u0022: \u0022InProgress\u0022\r\n",
        "}"
      ]
    },
    {
      "RequestUri": "https://management.azure.com/subscriptions/db1ab6f0-4769-4b27-930e-01e2ef9c123c/providers/Microsoft.Network/locations/westus2/operations/66db5000-34c1-4c4f-aed4-4944a81b4b1d?api-version=2021-02-01",
      "RequestMethod": "GET",
      "RequestHeaders": {
        "Authorization": "Sanitized",
        "User-Agent": "azsdk-net-ResourceManager/1.0.0-alpha.20220118.1 (.NET Framework 4.8.4420.0; Microsoft Windows 10.0.19043 )",
        "x-ms-client-request-id": "068fe8b4fd61285597ff1287d4c9a4e8",
        "x-ms-return-client-request-id": "true"
      },
      "RequestBody": null,
      "StatusCode": 200,
      "ResponseHeaders": {
        "Cache-Control": "no-cache",
        "Content-Length": "29",
        "Content-Type": "application/json; charset=utf-8",
        "Date": "Tue, 18 Jan 2022 16:27:25 GMT",
        "Expires": "-1",
        "Pragma": "no-cache",
        "Server": [
          "Microsoft-HTTPAPI/2.0",
          "Microsoft-HTTPAPI/2.0"
        ],
        "Strict-Transport-Security": "max-age=31536000; includeSubDomains",
        "X-Content-Type-Options": "nosniff",
        "x-ms-arm-service-request-id": "6ab0c84d-ac21-44e3-8bbb-9016a9f9bff6",
        "x-ms-client-request-id": "068fe8b4fd61285597ff1287d4c9a4e8",
        "x-ms-correlation-request-id": "8c82b0a3-7ef4-4e52-beeb-ffdb338d72d5",
        "x-ms-ratelimit-remaining-subscription-reads": "11988",
        "x-ms-request-id": "14cc2708-54b7-47e3-beba-32739aca81e0",
        "x-ms-routing-request-id": "SOUTHEASTASIA:20220118T162726Z:8c82b0a3-7ef4-4e52-beeb-ffdb338d72d5"
      },
      "ResponseBody": [
        "{\r\n",
        "  \u0022status\u0022: \u0022Succeeded\u0022\r\n",
        "}"
      ]
    },
    {
      "RequestUri": "https://management.azure.com/subscriptions/db1ab6f0-4769-4b27-930e-01e2ef9c123c/resourceGroups/csmrg5667/providers/Microsoft.Network/virtualNetworkGateways/azsmnet6400?api-version=2021-02-01",
      "RequestMethod": "GET",
      "RequestHeaders": {
        "Authorization": "Sanitized",
        "User-Agent": "azsdk-net-ResourceManager/1.0.0-alpha.20220118.1 (.NET Framework 4.8.4420.0; Microsoft Windows 10.0.19043 )",
        "x-ms-client-request-id": "b3e7bbd0775f6e368bc6f895e1427203",
        "x-ms-return-client-request-id": "true"
      },
      "RequestBody": null,
      "StatusCode": 200,
      "ResponseHeaders": {
        "Cache-Control": "no-cache",
        "Content-Length": "2498",
        "Content-Type": "application/json; charset=utf-8",
        "Date": "Tue, 18 Jan 2022 16:27:26 GMT",
        "Expires": "-1",
        "Pragma": "no-cache",
        "Server": [
          "Microsoft-HTTPAPI/2.0",
          "Microsoft-HTTPAPI/2.0"
        ],
        "Strict-Transport-Security": "max-age=31536000; includeSubDomains",
        "X-Content-Type-Options": "nosniff",
        "x-ms-arm-service-request-id": "d07d913b-7f39-4794-abe4-2478f9aa7144",
        "x-ms-client-request-id": "b3e7bbd0775f6e368bc6f895e1427203",
        "x-ms-correlation-request-id": "ec2df08d-3adc-4618-8456-6de43c0e71a4",
        "x-ms-ratelimit-remaining-subscription-reads": "11987",
        "x-ms-request-id": "84da88a8-cc5e-471a-9d1d-7060309e7214",
        "x-ms-routing-request-id": "SOUTHEASTASIA:20220118T162727Z:ec2df08d-3adc-4618-8456-6de43c0e71a4"
      },
      "ResponseBody": [
        "{\r\n",
        "  \u0022name\u0022: \u0022azsmnet6400\u0022,\r\n",
        "  \u0022id\u0022: \u0022/subscriptions/db1ab6f0-4769-4b27-930e-01e2ef9c123c/resourceGroups/csmrg5667/providers/Microsoft.Network/virtualNetworkGateways/azsmnet6400\u0022,\r\n",
        "  \u0022etag\u0022: \u0022W/\\\u0022b1182e0b-2ead-4884-a384-337efebd0179\\\u0022\u0022,\r\n",
        "  \u0022type\u0022: \u0022Microsoft.Network/virtualNetworkGateways\u0022,\r\n",
        "  \u0022location\u0022: \u0022westus2\u0022,\r\n",
        "  \u0022tags\u0022: {\r\n",
        "    \u0022key\u0022: \u0022value\u0022,\r\n",
        "    \u0022tag2\u0022: \u0022value\u0022,\r\n",
        "    \u0022tag3\u0022: \u0022value\u0022\r\n",
        "  },\r\n",
        "  \u0022properties\u0022: {\r\n",
        "    \u0022provisioningState\u0022: \u0022Succeeded\u0022,\r\n",
        "    \u0022resourceGuid\u0022: \u0022557b923a-8a5b-4f15-9e97-142b41d4892a\u0022,\r\n",
        "    \u0022packetCaptureDiagnosticState\u0022: \u0022None\u0022,\r\n",
        "    \u0022enablePrivateIpAddress\u0022: false,\r\n",
        "    \u0022ipConfigurations\u0022: [\r\n",
        "      {\r\n",
        "        \u0022name\u0022: \u0022azsmnet176\u0022,\r\n",
        "        \u0022id\u0022: \u0022/subscriptions/db1ab6f0-4769-4b27-930e-01e2ef9c123c/resourceGroups/csmrg5667/providers/Microsoft.Network/virtualNetworkGateways/azsmnet6400/ipConfigurations/azsmnet176\u0022,\r\n",
        "        \u0022etag\u0022: \u0022W/\\\u0022b1182e0b-2ead-4884-a384-337efebd0179\\\u0022\u0022,\r\n",
        "        \u0022type\u0022: \u0022Microsoft.Network/virtualNetworkGateways/ipConfigurations\u0022,\r\n",
        "        \u0022properties\u0022: {\r\n",
        "          \u0022provisioningState\u0022: \u0022Succeeded\u0022,\r\n",
        "          \u0022privateIPAllocationMethod\u0022: \u0022Dynamic\u0022,\r\n",
        "          \u0022publicIPAddress\u0022: {\r\n",
        "            \u0022id\u0022: \u0022/subscriptions/db1ab6f0-4769-4b27-930e-01e2ef9c123c/resourceGroups/csmrg5667/providers/Microsoft.Network/publicIPAddresses/azsmnet945\u0022\r\n",
        "          },\r\n",
        "          \u0022subnet\u0022: {\r\n",
        "            \u0022id\u0022: \u0022/subscriptions/db1ab6f0-4769-4b27-930e-01e2ef9c123c/resourceGroups/csmrg5667/providers/Microsoft.Network/virtualNetworks/azsmnet829/subnets/GatewaySubnet\u0022\r\n",
        "          }\r\n",
        "        }\r\n",
        "      }\r\n",
        "    ],\r\n",
        "    \u0022natRules\u0022: [],\r\n",
        "    \u0022enableBgpRouteTranslationForNat\u0022: false,\r\n",
        "    \u0022disableIPSecReplayProtection\u0022: false,\r\n",
        "    \u0022sku\u0022: {\r\n",
        "      \u0022name\u0022: \u0022Basic\u0022,\r\n",
        "      \u0022tier\u0022: \u0022Basic\u0022,\r\n",
        "      \u0022capacity\u0022: 2\r\n",
        "    },\r\n",
        "    \u0022gatewayType\u0022: \u0022Vpn\u0022,\r\n",
        "    \u0022vpnType\u0022: \u0022RouteBased\u0022,\r\n",
        "    \u0022enableBgp\u0022: false,\r\n",
        "    \u0022activeActive\u0022: false,\r\n",
        "    \u0022bgpSettings\u0022: {\r\n",
        "      \u0022asn\u0022: 65515,\r\n",
        "      \u0022bgpPeeringAddress\u0022: \u002210.0.0.254\u0022,\r\n",
        "      \u0022peerWeight\u0022: 0,\r\n",
        "      \u0022bgpPeeringAddresses\u0022: [\r\n",
        "        {\r\n",
        "          \u0022ipconfigurationId\u0022: \u0022/subscriptions/db1ab6f0-4769-4b27-930e-01e2ef9c123c/resourceGroups/csmrg5667/providers/Microsoft.Network/virtualNetworkGateways/azsmnet6400/ipConfigurations/azsmnet176\u0022,\r\n",
        "          \u0022defaultBgpIpAddresses\u0022: [\r\n",
        "            \u002210.0.0.254\u0022\r\n",
        "          ],\r\n",
        "          \u0022customBgpIpAddresses\u0022: [],\r\n",
        "          \u0022tunnelIpAddresses\u0022: [\r\n",
        "            \u002252.229.37.1\u0022\r\n",
        "          ]\r\n",
        "        }\r\n",
        "      ]\r\n",
        "    },\r\n",
        "    \u0022vpnGatewayGeneration\u0022: \u0022Generation1\u0022\r\n",
        "  }\r\n",
        "}"
      ]
    },
    {
      "RequestUri": "https://management.azure.com/subscriptions/db1ab6f0-4769-4b27-930e-01e2ef9c123c/providers/Microsoft.Network/locations/westus2/operations/66db5000-34c1-4c4f-aed4-4944a81b4b1d?api-version=2021-02-01",
      "RequestMethod": "GET",
      "RequestHeaders": {
        "Authorization": "Sanitized",
        "User-Agent": "azsdk-net-ResourceManager/1.0.0-alpha.20220118.1 (.NET Framework 4.8.4420.0; Microsoft Windows 10.0.19043 )",
        "x-ms-client-request-id": "46bad0ee7b4d627b0c198dd541eecd18",
        "x-ms-return-client-request-id": "true"
      },
      "RequestBody": null,
      "StatusCode": 200,
      "ResponseHeaders": {
        "Cache-Control": "no-cache",
        "Content-Length": "29",
        "Content-Type": "application/json; charset=utf-8",
        "Date": "Tue, 18 Jan 2022 16:27:26 GMT",
        "Expires": "-1",
        "Pragma": "no-cache",
        "Server": [
          "Microsoft-HTTPAPI/2.0",
          "Microsoft-HTTPAPI/2.0"
        ],
        "Strict-Transport-Security": "max-age=31536000; includeSubDomains",
        "X-Content-Type-Options": "nosniff",
        "x-ms-arm-service-request-id": "04125921-1ce0-4b41-a5df-d2cc929014c3",
        "x-ms-client-request-id": "46bad0ee7b4d627b0c198dd541eecd18",
        "x-ms-correlation-request-id": "d8d83482-baf7-423a-8951-2f04b7c6bf18",
        "x-ms-ratelimit-remaining-subscription-reads": "11986",
        "x-ms-request-id": "7432e436-b0c1-413f-8a5d-0e1d1c8f2f91",
        "x-ms-routing-request-id": "SOUTHEASTASIA:20220118T162727Z:d8d83482-baf7-423a-8951-2f04b7c6bf18"
      },
      "ResponseBody": [
        "{\r\n",
        "  \u0022status\u0022: \u0022Succeeded\u0022\r\n",
        "}"
      ]
    },
    {
      "RequestUri": "https://management.azure.com/subscriptions/db1ab6f0-4769-4b27-930e-01e2ef9c123c/resourceGroups/csmrg5667/providers/Microsoft.Network/virtualNetworkGateways/azsmnet6400?api-version=2021-02-01",
      "RequestMethod": "GET",
      "RequestHeaders": {
        "Authorization": "Sanitized",
        "User-Agent": "azsdk-net-ResourceManager/1.0.0-alpha.20220118.1 (.NET Framework 4.8.4420.0; Microsoft Windows 10.0.19043 )",
        "x-ms-client-request-id": "491c6daa2f323de0b1207b9a04c04754",
        "x-ms-return-client-request-id": "true"
      },
      "RequestBody": null,
      "StatusCode": 200,
      "ResponseHeaders": {
        "Cache-Control": "no-cache",
        "Content-Length": "2498",
        "Content-Type": "application/json; charset=utf-8",
        "Date": "Tue, 18 Jan 2022 16:27:26 GMT",
        "Expires": "-1",
        "Pragma": "no-cache",
        "Server": [
          "Microsoft-HTTPAPI/2.0",
          "Microsoft-HTTPAPI/2.0"
        ],
        "Strict-Transport-Security": "max-age=31536000; includeSubDomains",
        "X-Content-Type-Options": "nosniff",
        "x-ms-arm-service-request-id": "51fa161c-7acc-4084-a9a7-50d8ef393779",
        "x-ms-client-request-id": "491c6daa2f323de0b1207b9a04c04754",
        "x-ms-correlation-request-id": "7a0b34b2-e56f-47ad-9d4d-798d116e2a3e",
        "x-ms-ratelimit-remaining-subscription-reads": "11985",
        "x-ms-request-id": "507a7f0a-56f3-429c-b87a-03d5638ccca4",
        "x-ms-routing-request-id": "SOUTHEASTASIA:20220118T162727Z:7a0b34b2-e56f-47ad-9d4d-798d116e2a3e"
      },
      "ResponseBody": [
        "{\r\n",
        "  \u0022name\u0022: \u0022azsmnet6400\u0022,\r\n",
        "  \u0022id\u0022: \u0022/subscriptions/db1ab6f0-4769-4b27-930e-01e2ef9c123c/resourceGroups/csmrg5667/providers/Microsoft.Network/virtualNetworkGateways/azsmnet6400\u0022,\r\n",
        "  \u0022etag\u0022: \u0022W/\\\u0022b1182e0b-2ead-4884-a384-337efebd0179\\\u0022\u0022,\r\n",
        "  \u0022type\u0022: \u0022Microsoft.Network/virtualNetworkGateways\u0022,\r\n",
        "  \u0022location\u0022: \u0022westus2\u0022,\r\n",
        "  \u0022tags\u0022: {\r\n",
        "    \u0022key\u0022: \u0022value\u0022,\r\n",
        "    \u0022tag2\u0022: \u0022value\u0022,\r\n",
        "    \u0022tag3\u0022: \u0022value\u0022\r\n",
        "  },\r\n",
        "  \u0022properties\u0022: {\r\n",
        "    \u0022provisioningState\u0022: \u0022Succeeded\u0022,\r\n",
        "    \u0022resourceGuid\u0022: \u0022557b923a-8a5b-4f15-9e97-142b41d4892a\u0022,\r\n",
        "    \u0022packetCaptureDiagnosticState\u0022: \u0022None\u0022,\r\n",
        "    \u0022enablePrivateIpAddress\u0022: false,\r\n",
        "    \u0022ipConfigurations\u0022: [\r\n",
        "      {\r\n",
        "        \u0022name\u0022: \u0022azsmnet176\u0022,\r\n",
        "        \u0022id\u0022: \u0022/subscriptions/db1ab6f0-4769-4b27-930e-01e2ef9c123c/resourceGroups/csmrg5667/providers/Microsoft.Network/virtualNetworkGateways/azsmnet6400/ipConfigurations/azsmnet176\u0022,\r\n",
        "        \u0022etag\u0022: \u0022W/\\\u0022b1182e0b-2ead-4884-a384-337efebd0179\\\u0022\u0022,\r\n",
        "        \u0022type\u0022: \u0022Microsoft.Network/virtualNetworkGateways/ipConfigurations\u0022,\r\n",
        "        \u0022properties\u0022: {\r\n",
        "          \u0022provisioningState\u0022: \u0022Succeeded\u0022,\r\n",
        "          \u0022privateIPAllocationMethod\u0022: \u0022Dynamic\u0022,\r\n",
        "          \u0022publicIPAddress\u0022: {\r\n",
        "            \u0022id\u0022: \u0022/subscriptions/db1ab6f0-4769-4b27-930e-01e2ef9c123c/resourceGroups/csmrg5667/providers/Microsoft.Network/publicIPAddresses/azsmnet945\u0022\r\n",
        "          },\r\n",
        "          \u0022subnet\u0022: {\r\n",
        "            \u0022id\u0022: \u0022/subscriptions/db1ab6f0-4769-4b27-930e-01e2ef9c123c/resourceGroups/csmrg5667/providers/Microsoft.Network/virtualNetworks/azsmnet829/subnets/GatewaySubnet\u0022\r\n",
        "          }\r\n",
        "        }\r\n",
        "      }\r\n",
        "    ],\r\n",
        "    \u0022natRules\u0022: [],\r\n",
        "    \u0022enableBgpRouteTranslationForNat\u0022: false,\r\n",
        "    \u0022disableIPSecReplayProtection\u0022: false,\r\n",
        "    \u0022sku\u0022: {\r\n",
        "      \u0022name\u0022: \u0022Basic\u0022,\r\n",
        "      \u0022tier\u0022: \u0022Basic\u0022,\r\n",
        "      \u0022capacity\u0022: 2\r\n",
        "    },\r\n",
        "    \u0022gatewayType\u0022: \u0022Vpn\u0022,\r\n",
        "    \u0022vpnType\u0022: \u0022RouteBased\u0022,\r\n",
        "    \u0022enableBgp\u0022: false,\r\n",
        "    \u0022activeActive\u0022: false,\r\n",
        "    \u0022bgpSettings\u0022: {\r\n",
        "      \u0022asn\u0022: 65515,\r\n",
        "      \u0022bgpPeeringAddress\u0022: \u002210.0.0.254\u0022,\r\n",
        "      \u0022peerWeight\u0022: 0,\r\n",
        "      \u0022bgpPeeringAddresses\u0022: [\r\n",
        "        {\r\n",
        "          \u0022ipconfigurationId\u0022: \u0022/subscriptions/db1ab6f0-4769-4b27-930e-01e2ef9c123c/resourceGroups/csmrg5667/providers/Microsoft.Network/virtualNetworkGateways/azsmnet6400/ipConfigurations/azsmnet176\u0022,\r\n",
        "          \u0022defaultBgpIpAddresses\u0022: [\r\n",
        "            \u002210.0.0.254\u0022\r\n",
        "          ],\r\n",
        "          \u0022customBgpIpAddresses\u0022: [],\r\n",
        "          \u0022tunnelIpAddresses\u0022: [\r\n",
        "            \u002252.229.37.1\u0022\r\n",
        "          ]\r\n",
        "        }\r\n",
        "      ]\r\n",
        "    },\r\n",
        "    \u0022vpnGatewayGeneration\u0022: \u0022Generation1\u0022\r\n",
        "  }\r\n",
        "}"
      ]
    },
    {
      "RequestUri": "https://management.azure.com/subscriptions/db1ab6f0-4769-4b27-930e-01e2ef9c123c/resourceGroups/csmrg5667/providers/Microsoft.Network/virtualNetworkGateways/azsmnet6400?api-version=2021-02-01",
      "RequestMethod": "DELETE",
      "RequestHeaders": {
        "Accept": "application/json",
        "Authorization": "Sanitized",
        "User-Agent": "azsdk-net-ResourceManager.Network/1.0.0-alpha.20220118.1 (.NET Framework 4.8.4420.0; Microsoft Windows 10.0.19043 )",
        "x-ms-client-request-id": "04990f8c5e0f549a3f84a646e9612d9d",
        "x-ms-return-client-request-id": "true"
      },
      "RequestBody": null,
      "StatusCode": 202,
      "ResponseHeaders": {
        "Azure-AsyncNotification": "Enabled",
        "Azure-AsyncOperation": "https://management.azure.com/subscriptions/db1ab6f0-4769-4b27-930e-01e2ef9c123c/providers/Microsoft.Network/locations/westus2/operations/40ca5a9a-13c3-4688-b723-b171078af5f7?api-version=2021-02-01",
        "Cache-Control": "no-cache",
        "Content-Length": "0",
        "Date": "Tue, 18 Jan 2022 16:27:27 GMT",
        "Expires": "-1",
        "Location": "https://management.azure.com/subscriptions/db1ab6f0-4769-4b27-930e-01e2ef9c123c/providers/Microsoft.Network/locations/westus2/operationResults/40ca5a9a-13c3-4688-b723-b171078af5f7?api-version=2021-02-01",
        "Pragma": "no-cache",
        "Retry-After": "10",
        "Server": [
          "Microsoft-HTTPAPI/2.0",
          "Microsoft-HTTPAPI/2.0"
        ],
        "Strict-Transport-Security": "max-age=31536000; includeSubDomains",
        "X-Content-Type-Options": "nosniff",
        "x-ms-arm-service-request-id": "e0dfc412-864d-44ac-a2a9-82ffa021fb89",
        "x-ms-client-request-id": "04990f8c5e0f549a3f84a646e9612d9d",
        "x-ms-correlation-request-id": "204a4de2-e5d0-45f1-bcf7-62175ffb3fba",
        "x-ms-ratelimit-remaining-subscription-deletes": "14999",
        "x-ms-request-id": "40ca5a9a-13c3-4688-b723-b171078af5f7",
        "x-ms-routing-request-id": "SOUTHEASTASIA:20220118T162728Z:204a4de2-e5d0-45f1-bcf7-62175ffb3fba"
      },
      "ResponseBody": []
    },
    {
      "RequestUri": "https://management.azure.com/subscriptions/db1ab6f0-4769-4b27-930e-01e2ef9c123c/providers/Microsoft.Network/locations/westus2/operations/40ca5a9a-13c3-4688-b723-b171078af5f7?api-version=2021-02-01",
      "RequestMethod": "GET",
      "RequestHeaders": {
        "Authorization": "Sanitized",
        "User-Agent": "azsdk-net-ResourceManager/1.0.0-alpha.20220118.1 (.NET Framework 4.8.4420.0; Microsoft Windows 10.0.19043 )",
        "x-ms-client-request-id": "314939d1c8544b08d2c80aae889a5350",
        "x-ms-return-client-request-id": "true"
      },
      "RequestBody": null,
      "StatusCode": 200,
      "ResponseHeaders": {
        "Cache-Control": "no-cache",
        "Content-Length": "30",
        "Content-Type": "application/json; charset=utf-8",
        "Date": "Tue, 18 Jan 2022 16:27:27 GMT",
        "Expires": "-1",
        "Pragma": "no-cache",
        "Retry-After": "10",
        "Server": [
          "Microsoft-HTTPAPI/2.0",
          "Microsoft-HTTPAPI/2.0"
        ],
        "Strict-Transport-Security": "max-age=31536000; includeSubDomains",
        "X-Content-Type-Options": "nosniff",
        "x-ms-arm-service-request-id": "ebd4619c-d2c5-4bc1-bcfe-5b83e1363d00",
        "x-ms-client-request-id": "314939d1c8544b08d2c80aae889a5350",
        "x-ms-correlation-request-id": "324a50ae-963e-45d9-85cd-c6c26dfe75f1",
        "x-ms-ratelimit-remaining-subscription-reads": "11984",
        "x-ms-request-id": "be1d209e-100c-4302-b960-95e4f2acd35e",
        "x-ms-routing-request-id": "SOUTHEASTASIA:20220118T162728Z:324a50ae-963e-45d9-85cd-c6c26dfe75f1"
      },
      "ResponseBody": [
        "{\r\n",
        "  \u0022status\u0022: \u0022InProgress\u0022\r\n",
        "}"
      ]
    },
    {
      "RequestUri": "https://management.azure.com/subscriptions/db1ab6f0-4769-4b27-930e-01e2ef9c123c/providers/Microsoft.Network/locations/westus2/operations/40ca5a9a-13c3-4688-b723-b171078af5f7?api-version=2021-02-01",
      "RequestMethod": "GET",
      "RequestHeaders": {
        "Authorization": "Sanitized",
        "User-Agent": "azsdk-net-ResourceManager/1.0.0-alpha.20220118.1 (.NET Framework 4.8.4420.0; Microsoft Windows 10.0.19043 )",
        "x-ms-client-request-id": "23a0def2d4d5632d3fda1392c96d545e",
        "x-ms-return-client-request-id": "true"
      },
      "RequestBody": null,
      "StatusCode": 200,
      "ResponseHeaders": {
        "Cache-Control": "no-cache",
        "Content-Length": "30",
        "Content-Type": "application/json; charset=utf-8",
        "Date": "Tue, 18 Jan 2022 16:27:38 GMT",
        "Expires": "-1",
        "Pragma": "no-cache",
        "Retry-After": "20",
        "Server": [
          "Microsoft-HTTPAPI/2.0",
          "Microsoft-HTTPAPI/2.0"
        ],
        "Strict-Transport-Security": "max-age=31536000; includeSubDomains",
        "X-Content-Type-Options": "nosniff",
        "x-ms-arm-service-request-id": "d71f4844-e405-43dd-9353-4fbc55c83977",
        "x-ms-client-request-id": "23a0def2d4d5632d3fda1392c96d545e",
        "x-ms-correlation-request-id": "012cc9f3-e82e-4e16-8051-a17a7f0001f0",
        "x-ms-ratelimit-remaining-subscription-reads": "11983",
        "x-ms-request-id": "5dd77478-37b6-4010-8756-475966f8aecd",
        "x-ms-routing-request-id": "SOUTHEASTASIA:20220118T162739Z:012cc9f3-e82e-4e16-8051-a17a7f0001f0"
      },
      "ResponseBody": [
        "{\r\n",
        "  \u0022status\u0022: \u0022InProgress\u0022\r\n",
        "}"
      ]
    },
    {
      "RequestUri": "https://management.azure.com/subscriptions/db1ab6f0-4769-4b27-930e-01e2ef9c123c/providers/Microsoft.Network/locations/westus2/operations/40ca5a9a-13c3-4688-b723-b171078af5f7?api-version=2021-02-01",
      "RequestMethod": "GET",
      "RequestHeaders": {
        "Authorization": "Sanitized",
        "User-Agent": "azsdk-net-ResourceManager/1.0.0-alpha.20220118.1 (.NET Framework 4.8.4420.0; Microsoft Windows 10.0.19043 )",
        "x-ms-client-request-id": "b0745a26fb183048d79fa05e1f223556",
        "x-ms-return-client-request-id": "true"
      },
      "RequestBody": null,
      "StatusCode": 200,
      "ResponseHeaders": {
        "Cache-Control": "no-cache",
        "Content-Length": "30",
        "Content-Type": "application/json; charset=utf-8",
        "Date": "Tue, 18 Jan 2022 16:27:59 GMT",
        "Expires": "-1",
        "Pragma": "no-cache",
        "Retry-After": "20",
        "Server": [
          "Microsoft-HTTPAPI/2.0",
          "Microsoft-HTTPAPI/2.0"
        ],
        "Strict-Transport-Security": "max-age=31536000; includeSubDomains",
        "X-Content-Type-Options": "nosniff",
        "x-ms-arm-service-request-id": "14de5c06-7daa-4665-a76e-6888405d5322",
        "x-ms-client-request-id": "b0745a26fb183048d79fa05e1f223556",
        "x-ms-correlation-request-id": "52fd291d-d00b-4f1f-8a5e-6e64596270cb",
        "x-ms-ratelimit-remaining-subscription-reads": "11982",
        "x-ms-request-id": "eecf33fb-dbca-4033-b0db-1abcb9d96087",
        "x-ms-routing-request-id": "SOUTHEASTASIA:20220118T162759Z:52fd291d-d00b-4f1f-8a5e-6e64596270cb"
      },
      "ResponseBody": [
        "{\r\n",
        "  \u0022status\u0022: \u0022InProgress\u0022\r\n",
        "}"
      ]
    },
    {
      "RequestUri": "https://management.azure.com/subscriptions/db1ab6f0-4769-4b27-930e-01e2ef9c123c/providers/Microsoft.Network/locations/westus2/operations/40ca5a9a-13c3-4688-b723-b171078af5f7?api-version=2021-02-01",
      "RequestMethod": "GET",
      "RequestHeaders": {
        "Authorization": "Sanitized",
        "User-Agent": "azsdk-net-ResourceManager/1.0.0-alpha.20220118.1 (.NET Framework 4.8.4420.0; Microsoft Windows 10.0.19043 )",
        "x-ms-client-request-id": "213a43293a40fd760be6f279b5768165",
        "x-ms-return-client-request-id": "true"
      },
      "RequestBody": null,
      "StatusCode": 200,
      "ResponseHeaders": {
        "Cache-Control": "no-cache",
        "Content-Length": "30",
        "Content-Type": "application/json; charset=utf-8",
        "Date": "Tue, 18 Jan 2022 16:28:19 GMT",
        "Expires": "-1",
        "Pragma": "no-cache",
        "Retry-After": "40",
        "Server": [
          "Microsoft-HTTPAPI/2.0",
          "Microsoft-HTTPAPI/2.0"
        ],
        "Strict-Transport-Security": "max-age=31536000; includeSubDomains",
        "X-Content-Type-Options": "nosniff",
        "x-ms-arm-service-request-id": "e2913cc6-f49c-4d8a-8683-1b61834ee775",
        "x-ms-client-request-id": "213a43293a40fd760be6f279b5768165",
        "x-ms-correlation-request-id": "af514c80-7397-4542-bfba-ba7deacc8e33",
        "x-ms-ratelimit-remaining-subscription-reads": "11981",
        "x-ms-request-id": "c5daa32d-8f0e-4866-a75e-769edcb00845",
        "x-ms-routing-request-id": "SOUTHEASTASIA:20220118T162819Z:af514c80-7397-4542-bfba-ba7deacc8e33"
      },
      "ResponseBody": [
        "{\r\n",
        "  \u0022status\u0022: \u0022InProgress\u0022\r\n",
        "}"
      ]
    },
    {
      "RequestUri": "https://management.azure.com/subscriptions/db1ab6f0-4769-4b27-930e-01e2ef9c123c/providers/Microsoft.Network/locations/westus2/operations/40ca5a9a-13c3-4688-b723-b171078af5f7?api-version=2021-02-01",
      "RequestMethod": "GET",
      "RequestHeaders": {
        "Authorization": "Sanitized",
        "User-Agent": "azsdk-net-ResourceManager/1.0.0-alpha.20220118.1 (.NET Framework 4.8.4420.0; Microsoft Windows 10.0.19043 )",
        "x-ms-client-request-id": "2e87ab73a325f738966f4b3633cf441d",
        "x-ms-return-client-request-id": "true"
      },
      "RequestBody": null,
      "StatusCode": 200,
      "ResponseHeaders": {
        "Cache-Control": "no-cache",
        "Content-Length": "30",
        "Content-Type": "application/json; charset=utf-8",
        "Date": "Tue, 18 Jan 2022 16:28:59 GMT",
        "Expires": "-1",
        "Pragma": "no-cache",
        "Retry-After": "40",
        "Server": [
          "Microsoft-HTTPAPI/2.0",
          "Microsoft-HTTPAPI/2.0"
        ],
        "Strict-Transport-Security": "max-age=31536000; includeSubDomains",
        "X-Content-Type-Options": "nosniff",
        "x-ms-arm-service-request-id": "f5cec467-3106-49c4-a970-50111a0d6c03",
        "x-ms-client-request-id": "2e87ab73a325f738966f4b3633cf441d",
        "x-ms-correlation-request-id": "742e71d6-7de5-43a6-bd04-f287ccaee084",
        "x-ms-ratelimit-remaining-subscription-reads": "11980",
        "x-ms-request-id": "b4775b7b-1ad2-46ed-b035-39a4814db285",
        "x-ms-routing-request-id": "SOUTHEASTASIA:20220118T162859Z:742e71d6-7de5-43a6-bd04-f287ccaee084"
      },
      "ResponseBody": [
        "{\r\n",
        "  \u0022status\u0022: \u0022InProgress\u0022\r\n",
        "}"
      ]
    },
    {
      "RequestUri": "https://management.azure.com/subscriptions/db1ab6f0-4769-4b27-930e-01e2ef9c123c/providers/Microsoft.Network/locations/westus2/operations/40ca5a9a-13c3-4688-b723-b171078af5f7?api-version=2021-02-01",
      "RequestMethod": "GET",
      "RequestHeaders": {
        "Authorization": "Sanitized",
        "User-Agent": "azsdk-net-ResourceManager/1.0.0-alpha.20220118.1 (.NET Framework 4.8.4420.0; Microsoft Windows 10.0.19043 )",
        "x-ms-client-request-id": "8669bda53332eb1de476a43209ce7b61",
        "x-ms-return-client-request-id": "true"
      },
      "RequestBody": null,
      "StatusCode": 200,
      "ResponseHeaders": {
        "Cache-Control": "no-cache",
        "Content-Length": "30",
        "Content-Type": "application/json; charset=utf-8",
        "Date": "Tue, 18 Jan 2022 16:29:40 GMT",
        "Expires": "-1",
        "Pragma": "no-cache",
        "Retry-After": "80",
        "Server": [
          "Microsoft-HTTPAPI/2.0",
          "Microsoft-HTTPAPI/2.0"
        ],
        "Strict-Transport-Security": "max-age=31536000; includeSubDomains",
        "X-Content-Type-Options": "nosniff",
        "x-ms-arm-service-request-id": "37ffd0d9-6492-4e31-8271-36a6d56a3a94",
        "x-ms-client-request-id": "8669bda53332eb1de476a43209ce7b61",
        "x-ms-correlation-request-id": "68922c3f-ccce-42f8-b516-a8f6eed4dcea",
        "x-ms-ratelimit-remaining-subscription-reads": "11979",
        "x-ms-request-id": "a8784a26-4699-462c-b80e-8c6fc430d915",
        "x-ms-routing-request-id": "SOUTHEASTASIA:20220118T162940Z:68922c3f-ccce-42f8-b516-a8f6eed4dcea"
      },
      "ResponseBody": [
        "{\r\n",
        "  \u0022status\u0022: \u0022InProgress\u0022\r\n",
        "}"
      ]
    },
    {
      "RequestUri": "https://management.azure.com/subscriptions/db1ab6f0-4769-4b27-930e-01e2ef9c123c/providers/Microsoft.Network/locations/westus2/operations/40ca5a9a-13c3-4688-b723-b171078af5f7?api-version=2021-02-01",
      "RequestMethod": "GET",
      "RequestHeaders": {
        "Authorization": "Sanitized",
        "User-Agent": "azsdk-net-ResourceManager/1.0.0-alpha.20220118.1 (.NET Framework 4.8.4420.0; Microsoft Windows 10.0.19043 )",
        "x-ms-client-request-id": "73ea3b1d079a85300b438ad0ee3fca3c",
        "x-ms-return-client-request-id": "true"
      },
      "RequestBody": null,
      "StatusCode": 200,
      "ResponseHeaders": {
        "Cache-Control": "no-cache",
        "Connection": "close",
        "Content-Length": "30",
        "Content-Type": "application/json; charset=utf-8",
        "Date": "Tue, 18 Jan 2022 16:30:59 GMT",
        "Expires": "-1",
        "Pragma": "no-cache",
        "Retry-After": "160",
        "Server": [
          "Microsoft-HTTPAPI/2.0",
          "Microsoft-HTTPAPI/2.0"
        ],
        "Strict-Transport-Security": "max-age=31536000; includeSubDomains",
        "X-Content-Type-Options": "nosniff",
        "x-ms-arm-service-request-id": "263fc36d-0350-4483-a240-4b5b6ea2737e",
        "x-ms-client-request-id": "73ea3b1d079a85300b438ad0ee3fca3c",
        "x-ms-correlation-request-id": "39a75fb5-1ece-44c3-9c79-6d978f5c863b",
        "x-ms-ratelimit-remaining-subscription-reads": "11978",
        "x-ms-request-id": "98b7d243-1990-416a-9493-ee8a3309b66d",
        "x-ms-routing-request-id": "SOUTHEASTASIA:20220118T163100Z:39a75fb5-1ece-44c3-9c79-6d978f5c863b"
      },
      "ResponseBody": [
        "{\r\n",
        "  \u0022status\u0022: \u0022InProgress\u0022\r\n",
        "}"
      ]
    },
    {
      "RequestUri": "https://management.azure.com/subscriptions/db1ab6f0-4769-4b27-930e-01e2ef9c123c/providers/Microsoft.Network/locations/westus2/operations/40ca5a9a-13c3-4688-b723-b171078af5f7?api-version=2021-02-01",
      "RequestMethod": "GET",
      "RequestHeaders": {
        "Authorization": "Sanitized",
        "User-Agent": "azsdk-net-ResourceManager/1.0.0-alpha.20220118.1 (.NET Framework 4.8.4420.0; Microsoft Windows 10.0.19043 )",
        "x-ms-client-request-id": "f7d4d5a1fb0d40328d9c4aafff06eec7",
        "x-ms-return-client-request-id": "true"
      },
      "RequestBody": null,
      "StatusCode": 200,
      "ResponseHeaders": {
        "Cache-Control": "no-cache",
        "Content-Length": "29",
        "Content-Type": "application/json; charset=utf-8",
        "Date": "Tue, 18 Jan 2022 16:33:40 GMT",
        "Expires": "-1",
        "Pragma": "no-cache",
        "Server": [
          "Microsoft-HTTPAPI/2.0",
          "Microsoft-HTTPAPI/2.0"
        ],
        "Strict-Transport-Security": "max-age=31536000; includeSubDomains",
        "X-Content-Type-Options": "nosniff",
        "x-ms-arm-service-request-id": "3f8e5ace-5f2b-426c-b4fd-6079771b703c",
        "x-ms-client-request-id": "f7d4d5a1fb0d40328d9c4aafff06eec7",
        "x-ms-correlation-request-id": "096a8bb0-3bc1-4e46-ac0a-25177689527d",
        "x-ms-ratelimit-remaining-subscription-reads": "11997",
        "x-ms-request-id": "afd1d8d6-9cca-48d8-9a75-88095b3cd281",
        "x-ms-routing-request-id": "SOUTHEASTASIA:20220118T163341Z:096a8bb0-3bc1-4e46-ac0a-25177689527d"
      },
      "ResponseBody": [
        "{\r\n",
        "  \u0022status\u0022: \u0022Succeeded\u0022\r\n",
        "}"
      ]
    }
  ],
  "Variables": {
    "LOCATION": "eastus",
    "RandomSeed": "1468535758",
    "RESOURCE_MANAGER_URL": null,
    "SUBSCRIPTION_ID": "db1ab6f0-4769-4b27-930e-01e2ef9c123c"
  }
}
