{
  "Entries": [
    {
      "RequestUri": "https://management.azure.com/subscriptions/23587e98-b6ac-4328-a753-03bcd3c8e744/resourceGroups/dbaccount-4096/providers/Microsoft.DocumentDB/databaseAccounts/dbaccount-2810/mongodbDatabases/mongodb-1861?api-version=2022-11-15-preview",
      "RequestMethod": "GET",
      "RequestHeaders": {
        "Accept": "application/json",
        "Authorization": "Sanitized",
        "traceparent": "00-ce5b5f666eb99ccca039a386e642527e-89ea0346d00c2fe0-00",
        "User-Agent": "azsdk-net-ResourceManager.CosmosDB/1.3.0-alpha.20230405.1 (.NET 7.0.4; Microsoft Windows 10.0.22621)",
        "x-ms-client-request-id": "c337b3f51963db0f424a9d8f2248631c",
        "x-ms-return-client-request-id": "true"
      },
      "RequestBody": null,
      "StatusCode": 200,
      "ResponseHeaders": {
        "Cache-Control": "no-store, no-cache",
        "Content-Length": "317",
        "Content-Type": "application/json",
        "Date": "Thu, 06 Apr 2023 10:25:27 GMT",
        "Pragma": "no-cache",
        "Server": "Microsoft-HTTPAPI/2.0",
        "Strict-Transport-Security": "max-age=31536000; includeSubDomains",
        "X-Content-Type-Options": "nosniff",
        "x-ms-correlation-request-id": "b13f70cf-ebbe-482f-925a-aef37a52e5b9",
        "x-ms-gatewayversion": "version=2.14.0",
        "x-ms-ratelimit-remaining-subscription-reads": "11708",
        "x-ms-request-id": "b13f70cf-ebbe-482f-925a-aef37a52e5b9",
        "x-ms-routing-request-id": "WESTCENTRALUS:20230406T102528Z:b13f70cf-ebbe-482f-925a-aef37a52e5b9"
      },
      "ResponseBody": {
        "id": "/subscriptions/23587e98-b6ac-4328-a753-03bcd3c8e744/resourceGroups/dbaccount-4096/providers/Microsoft.DocumentDB/databaseAccounts/dbaccount-2810/mongodbDatabases/mongodb-1861",
        "type": "Microsoft.DocumentDB/databaseAccounts/mongodbDatabases",
        "name": "mongodb-1861",
        "properties": {
          "resource": {
            "id": "mongodb-1861"
          }
        }
      }
    },
    {
      "RequestUri": "https://management.azure.com/subscriptions/23587e98-b6ac-4328-a753-03bcd3c8e744/resourceGroups/dbaccount-4096/providers/Microsoft.DocumentDB/databaseAccounts/dbaccount-2810/mongodbDatabases/mongodb-1861/collections/mongodb-collection-2764?api-version=2022-11-15-preview",
      "RequestMethod": "PUT",
      "RequestHeaders": {
        "Accept": "application/json",
        "Authorization": "Sanitized",
        "Content-Length": "119",
        "Content-Type": "application/json",
        "traceparent": "00-3829a869581c6129c972bfb79a996ea4-e600ba902fee08d0-00",
        "User-Agent": "azsdk-net-ResourceManager.CosmosDB/1.3.0-alpha.20230405.1 (.NET 7.0.4; Microsoft Windows 10.0.22621)",
        "x-ms-client-request-id": "4c659525019bc89bc90eaabc9c626127",
        "x-ms-return-client-request-id": "true"
      },
      "RequestBody": {
        "tags": {},
        "location": "westus",
        "properties": {
          "resource": {
            "id": "mongodb-collection-2764"
          },
          "options": {
            "throughput": 700
          }
        }
      },
      "StatusCode": 202,
      "ResponseHeaders": {
        "Azure-AsyncOperation": "https://management.azure.com/subscriptions/23587e98-b6ac-4328-a753-03bcd3c8e744/providers/Microsoft.DocumentDB/locations/westus2/operationsStatus/d7c0ca4d-74c8-4e4d-a5c1-d3cb57bdc0e5?api-version=2022-11-15-preview",
        "Cache-Control": "no-store, no-cache",
        "Content-Length": "21",
        "Content-Type": "application/json",
        "Date": "Thu, 06 Apr 2023 10:25:29 GMT",
        "Location": "https://management.azure.com/subscriptions/23587e98-b6ac-4328-a753-03bcd3c8e744/resourceGroups/dbaccount-4096/providers/Microsoft.DocumentDB/databaseAccounts/dbaccount-2810/mongodbDatabases/mongodb-1861/collections/mongodb-collection-2764/operationResults/d7c0ca4d-74c8-4e4d-a5c1-d3cb57bdc0e5?api-version=2022-11-15-preview",
        "Pragma": "no-cache",
        "Server": "Microsoft-HTTPAPI/2.0",
        "Strict-Transport-Security": "max-age=31536000; includeSubDomains",
        "X-Content-Type-Options": "nosniff",
        "x-ms-correlation-request-id": "a36764c1-4283-41e3-97fd-82f39ba2b5c3",
        "x-ms-gatewayversion": "version=2.14.0",
        "x-ms-ratelimit-remaining-subscription-writes": "1177",
        "x-ms-request-id": "d7c0ca4d-74c8-4e4d-a5c1-d3cb57bdc0e5",
        "x-ms-routing-request-id": "WESTCENTRALUS:20230406T102529Z:a36764c1-4283-41e3-97fd-82f39ba2b5c3"
      },
      "ResponseBody": {
        "status": "Enqueued"
      }
    },
    {
      "RequestUri": "https://management.azure.com/subscriptions/23587e98-b6ac-4328-a753-03bcd3c8e744/providers/Microsoft.DocumentDB/locations/westus2/operationsStatus/d7c0ca4d-74c8-4e4d-a5c1-d3cb57bdc0e5?api-version=2022-11-15-preview",
      "RequestMethod": "GET",
      "RequestHeaders": {
        "Authorization": "Sanitized",
        "traceparent": "00-3829a869581c6129c972bfb79a996ea4-b1976cc9a14f19d0-00",
        "User-Agent": "azsdk-net-ResourceManager/1.4.0 (.NET 7.0.4; Microsoft Windows 10.0.22621)",
        "x-ms-client-request-id": "9096d8585408b2599cfb990a641ea6e8",
        "x-ms-return-client-request-id": "true"
      },
      "RequestBody": null,
      "StatusCode": 200,
      "ResponseHeaders": {
        "Cache-Control": "no-store, no-cache",
        "Content-Length": "21",
        "Content-Type": "application/json",
        "Date": "Thu, 06 Apr 2023 10:25:29 GMT",
        "Pragma": "no-cache",
        "Server": "Microsoft-HTTPAPI/2.0",
        "Strict-Transport-Security": "max-age=31536000; includeSubDomains",
        "X-Content-Type-Options": "nosniff",
        "x-ms-correlation-request-id": "5338deb5-0205-4b67-84af-841c5d9af71b",
        "x-ms-gatewayversion": "version=2.14.0",
        "x-ms-ratelimit-remaining-subscription-reads": "11707",
        "x-ms-request-id": "5338deb5-0205-4b67-84af-841c5d9af71b",
        "x-ms-routing-request-id": "WESTCENTRALUS:20230406T102529Z:5338deb5-0205-4b67-84af-841c5d9af71b"
      },
      "ResponseBody": {
        "status": "Enqueued"
      }
    },
    {
      "RequestUri": "https://management.azure.com/subscriptions/23587e98-b6ac-4328-a753-03bcd3c8e744/providers/Microsoft.DocumentDB/locations/westus2/operationsStatus/d7c0ca4d-74c8-4e4d-a5c1-d3cb57bdc0e5?api-version=2022-11-15-preview",
      "RequestMethod": "GET",
      "RequestHeaders": {
        "Authorization": "Sanitized",
        "traceparent": "00-3829a869581c6129c972bfb79a996ea4-59e158d8a13036f5-00",
        "User-Agent": "azsdk-net-ResourceManager/1.4.0 (.NET 7.0.4; Microsoft Windows 10.0.22621)",
        "x-ms-client-request-id": "8d3f683ba086d006b23a4cb4bdb3ff89",
        "x-ms-return-client-request-id": "true"
      },
      "RequestBody": null,
      "StatusCode": 200,
      "ResponseHeaders": {
        "Cache-Control": "no-store, no-cache",
        "Content-Length": "21",
        "Content-Type": "application/json",
        "Date": "Thu, 06 Apr 2023 10:25:30 GMT",
        "Pragma": "no-cache",
        "Server": "Microsoft-HTTPAPI/2.0",
        "Strict-Transport-Security": "max-age=31536000; includeSubDomains",
        "X-Content-Type-Options": "nosniff",
        "x-ms-correlation-request-id": "fbe54f47-7b8f-4f70-9ba0-75ba2c3ea740",
        "x-ms-gatewayversion": "version=2.14.0",
        "x-ms-ratelimit-remaining-subscription-reads": "11706",
        "x-ms-request-id": "fbe54f47-7b8f-4f70-9ba0-75ba2c3ea740",
        "x-ms-routing-request-id": "WESTCENTRALUS:20230406T102530Z:fbe54f47-7b8f-4f70-9ba0-75ba2c3ea740"
      },
      "ResponseBody": {
        "status": "Enqueued"
      }
    },
    {
      "RequestUri": "https://management.azure.com/subscriptions/23587e98-b6ac-4328-a753-03bcd3c8e744/providers/Microsoft.DocumentDB/locations/westus2/operationsStatus/d7c0ca4d-74c8-4e4d-a5c1-d3cb57bdc0e5?api-version=2022-11-15-preview",
      "RequestMethod": "GET",
      "RequestHeaders": {
        "Authorization": "Sanitized",
        "traceparent": "00-3829a869581c6129c972bfb79a996ea4-3348fbcdad96f458-00",
        "User-Agent": "azsdk-net-ResourceManager/1.4.0 (.NET 7.0.4; Microsoft Windows 10.0.22621)",
        "x-ms-client-request-id": "c364ee3dd0cb8e1f612adfb7bbd8c6e1",
        "x-ms-return-client-request-id": "true"
      },
      "RequestBody": null,
      "StatusCode": 200,
      "ResponseHeaders": {
        "Cache-Control": "no-store, no-cache",
        "Content-Length": "21",
        "Content-Type": "application/json",
        "Date": "Thu, 06 Apr 2023 10:25:31 GMT",
        "Pragma": "no-cache",
        "Server": "Microsoft-HTTPAPI/2.0",
        "Strict-Transport-Security": "max-age=31536000; includeSubDomains",
        "X-Content-Type-Options": "nosniff",
        "x-ms-correlation-request-id": "cd4da876-326d-4853-b1ec-7d75164a874c",
        "x-ms-gatewayversion": "version=2.14.0",
        "x-ms-ratelimit-remaining-subscription-reads": "11705",
        "x-ms-request-id": "cd4da876-326d-4853-b1ec-7d75164a874c",
        "x-ms-routing-request-id": "WESTCENTRALUS:20230406T102532Z:cd4da876-326d-4853-b1ec-7d75164a874c"
      },
      "ResponseBody": {
        "status": "Enqueued"
      }
    },
    {
      "RequestUri": "https://management.azure.com/subscriptions/23587e98-b6ac-4328-a753-03bcd3c8e744/providers/Microsoft.DocumentDB/locations/westus2/operationsStatus/d7c0ca4d-74c8-4e4d-a5c1-d3cb57bdc0e5?api-version=2022-11-15-preview",
      "RequestMethod": "GET",
      "RequestHeaders": {
        "Authorization": "Sanitized",
        "traceparent": "00-3829a869581c6129c972bfb79a996ea4-c01993fc0e9ac7a8-00",
        "User-Agent": "azsdk-net-ResourceManager/1.4.0 (.NET 7.0.4; Microsoft Windows 10.0.22621)",
        "x-ms-client-request-id": "60ac5b404300b735d2c6decd08a5f5e8",
        "x-ms-return-client-request-id": "true"
      },
      "RequestBody": null,
      "StatusCode": 200,
      "ResponseHeaders": {
        "Cache-Control": "no-store, no-cache",
        "Content-Length": "21",
        "Content-Type": "application/json",
        "Date": "Thu, 06 Apr 2023 10:25:32 GMT",
        "Pragma": "no-cache",
        "Server": "Microsoft-HTTPAPI/2.0",
        "Strict-Transport-Security": "max-age=31536000; includeSubDomains",
        "X-Content-Type-Options": "nosniff",
        "x-ms-correlation-request-id": "7beb146b-c84a-41a0-85c3-32a781b00e2b",
        "x-ms-gatewayversion": "version=2.14.0",
        "x-ms-ratelimit-remaining-subscription-reads": "11704",
        "x-ms-request-id": "7beb146b-c84a-41a0-85c3-32a781b00e2b",
        "x-ms-routing-request-id": "WESTCENTRALUS:20230406T102533Z:7beb146b-c84a-41a0-85c3-32a781b00e2b"
      },
      "ResponseBody": {
        "status": "Dequeued"
      }
    },
    {
      "RequestUri": "https://management.azure.com/subscriptions/23587e98-b6ac-4328-a753-03bcd3c8e744/providers/Microsoft.DocumentDB/locations/westus2/operationsStatus/d7c0ca4d-74c8-4e4d-a5c1-d3cb57bdc0e5?api-version=2022-11-15-preview",
      "RequestMethod": "GET",
      "RequestHeaders": {
        "Authorization": "Sanitized",
        "traceparent": "00-3829a869581c6129c972bfb79a996ea4-ca7f13cc9c63fef4-00",
        "User-Agent": "azsdk-net-ResourceManager/1.4.0 (.NET 7.0.4; Microsoft Windows 10.0.22621)",
        "x-ms-client-request-id": "76cd10fce2ba6a1d49b12b5bc04e14d9",
        "x-ms-return-client-request-id": "true"
      },
      "RequestBody": null,
      "StatusCode": 200,
      "ResponseHeaders": {
        "Cache-Control": "no-store, no-cache",
        "Content-Length": "21",
        "Content-Type": "application/json",
        "Date": "Thu, 06 Apr 2023 10:25:34 GMT",
        "Pragma": "no-cache",
        "Server": "Microsoft-HTTPAPI/2.0",
        "Strict-Transport-Security": "max-age=31536000; includeSubDomains",
        "X-Content-Type-Options": "nosniff",
        "x-ms-correlation-request-id": "2930f410-70f1-43c3-8684-473c68f82e05",
        "x-ms-gatewayversion": "version=2.14.0",
        "x-ms-ratelimit-remaining-subscription-reads": "11703",
        "x-ms-request-id": "2930f410-70f1-43c3-8684-473c68f82e05",
        "x-ms-routing-request-id": "WESTCENTRALUS:20230406T102535Z:2930f410-70f1-43c3-8684-473c68f82e05"
      },
      "ResponseBody": {
        "status": "Dequeued"
      }
    },
    {
      "RequestUri": "https://management.azure.com/subscriptions/23587e98-b6ac-4328-a753-03bcd3c8e744/providers/Microsoft.DocumentDB/locations/westus2/operationsStatus/d7c0ca4d-74c8-4e4d-a5c1-d3cb57bdc0e5?api-version=2022-11-15-preview",
      "RequestMethod": "GET",
      "RequestHeaders": {
        "Authorization": "Sanitized",
        "traceparent": "00-3829a869581c6129c972bfb79a996ea4-7027aea0be3f1b63-00",
        "User-Agent": "azsdk-net-ResourceManager/1.4.0 (.NET 7.0.4; Microsoft Windows 10.0.22621)",
        "x-ms-client-request-id": "61746b749e07f988b8acf105f25185bc",
        "x-ms-return-client-request-id": "true"
      },
      "RequestBody": null,
      "StatusCode": 200,
      "ResponseHeaders": {
        "Cache-Control": "no-store, no-cache",
        "Content-Length": "22",
        "Content-Type": "application/json",
        "Date": "Thu, 06 Apr 2023 10:25:38 GMT",
        "Pragma": "no-cache",
        "Server": "Microsoft-HTTPAPI/2.0",
        "Strict-Transport-Security": "max-age=31536000; includeSubDomains",
        "X-Content-Type-Options": "nosniff",
        "x-ms-correlation-request-id": "5f653b00-ba06-4125-a37c-c2ac94fda9c6",
        "x-ms-gatewayversion": "version=2.14.0",
        "x-ms-ratelimit-remaining-subscription-reads": "11702",
        "x-ms-request-id": "5f653b00-ba06-4125-a37c-c2ac94fda9c6",
        "x-ms-routing-request-id": "WESTCENTRALUS:20230406T102539Z:5f653b00-ba06-4125-a37c-c2ac94fda9c6"
      },
      "ResponseBody": {
        "status": "Succeeded"
      }
    },
    {
      "RequestUri": "https://management.azure.com/subscriptions/23587e98-b6ac-4328-a753-03bcd3c8e744/resourceGroups/dbaccount-4096/providers/Microsoft.DocumentDB/databaseAccounts/dbaccount-2810/mongodbDatabases/mongodb-1861/collections/mongodb-collection-2764?api-version=2022-11-15-preview",
      "RequestMethod": "GET",
      "RequestHeaders": {
        "Authorization": "Sanitized",
        "traceparent": "00-3829a869581c6129c972bfb79a996ea4-a36c3ee6406014c2-00",
        "User-Agent": "azsdk-net-ResourceManager/1.4.0 (.NET 7.0.4; Microsoft Windows 10.0.22621)",
        "x-ms-client-request-id": "abbbf7354f0b5e263e41174e18daf783",
        "x-ms-return-client-request-id": "true"
      },
      "RequestBody": null,
      "StatusCode": 200,
      "ResponseHeaders": {
        "Cache-Control": "no-store, no-cache",
        "Content-Length": "424",
        "Content-Type": "application/json",
        "Date": "Thu, 06 Apr 2023 10:25:38 GMT",
        "Pragma": "no-cache",
        "Server": "Microsoft-HTTPAPI/2.0",
        "Strict-Transport-Security": "max-age=31536000; includeSubDomains",
        "X-Content-Type-Options": "nosniff",
        "x-ms-correlation-request-id": "b4aec014-75ef-4c58-8aec-f03c38972945",
        "x-ms-gatewayversion": "version=2.14.0",
        "x-ms-ratelimit-remaining-subscription-reads": "11701",
        "x-ms-request-id": "b4aec014-75ef-4c58-8aec-f03c38972945",
        "x-ms-routing-request-id": "WESTCENTRALUS:20230406T102539Z:b4aec014-75ef-4c58-8aec-f03c38972945"
      },
      "ResponseBody": {
        "id": "/subscriptions/23587e98-b6ac-4328-a753-03bcd3c8e744/resourceGroups/dbaccount-4096/providers/Microsoft.DocumentDB/databaseAccounts/dbaccount-2810/mongodbDatabases/mongodb-1861/collections/mongodb-collection-2764",
        "type": "Microsoft.DocumentDB/databaseAccounts/mongodbDatabases/collections",
        "name": "mongodb-collection-2764",
        "properties": {
          "resource": {
            "id": "mongodb-collection-2764",
            "indexes": [
              {
                "key": {
                  "keys": [
                    "_id"
                  ]
                }
              }
            ]
          }
        }
      }
    },
    {
      "RequestUri": "https://management.azure.com/subscriptions/23587e98-b6ac-4328-a753-03bcd3c8e744/resourceGroups/dbaccount-4096/providers/Microsoft.DocumentDB/databaseAccounts/dbaccount-2810/mongodbDatabases/mongodb-1861/collections/mongodb-collection-2764?api-version=2022-11-15-preview",
      "RequestMethod": "GET",
      "RequestHeaders": {
        "Accept": "application/json",
        "Authorization": "Sanitized",
        "traceparent": "00-bb13cc7b3d61b88bad41ffda3edfcc81-d221fc3e1dbe758a-00",
        "User-Agent": "azsdk-net-ResourceManager.CosmosDB/1.3.0-alpha.20230405.1 (.NET 7.0.4; Microsoft Windows 10.0.22621)",
        "x-ms-client-request-id": "9c5905b194315de087d3be0ef01778f8",
        "x-ms-return-client-request-id": "true"
      },
      "RequestBody": null,
      "StatusCode": 200,
      "ResponseHeaders": {
        "Cache-Control": "no-store, no-cache",
        "Content-Length": "424",
        "Content-Type": "application/json",
        "Date": "Thu, 06 Apr 2023 10:25:39 GMT",
        "Pragma": "no-cache",
        "Server": "Microsoft-HTTPAPI/2.0",
        "Strict-Transport-Security": "max-age=31536000; includeSubDomains",
        "X-Content-Type-Options": "nosniff",
        "x-ms-correlation-request-id": "65aec30c-9105-4282-be77-5755bc4d7c6b",
        "x-ms-gatewayversion": "version=2.14.0",
        "x-ms-ratelimit-remaining-subscription-reads": "11700",
        "x-ms-request-id": "65aec30c-9105-4282-be77-5755bc4d7c6b",
        "x-ms-routing-request-id": "WESTCENTRALUS:20230406T102540Z:65aec30c-9105-4282-be77-5755bc4d7c6b"
      },
      "ResponseBody": {
        "id": "/subscriptions/23587e98-b6ac-4328-a753-03bcd3c8e744/resourceGroups/dbaccount-4096/providers/Microsoft.DocumentDB/databaseAccounts/dbaccount-2810/mongodbDatabases/mongodb-1861/collections/mongodb-collection-2764",
        "type": "Microsoft.DocumentDB/databaseAccounts/mongodbDatabases/collections",
        "name": "mongodb-collection-2764",
        "properties": {
          "resource": {
            "id": "mongodb-collection-2764",
            "indexes": [
              {
                "key": {
                  "keys": [
                    "_id"
                  ]
                }
              }
            ]
          }
        }
      }
    },
    {
      "RequestUri": "https://management.azure.com/subscriptions/23587e98-b6ac-4328-a753-03bcd3c8e744/resourceGroups/dbaccount-4096/providers/Microsoft.DocumentDB/databaseAccounts/dbaccount-2810/mongodbDatabases/mongodb-1861/collections/mongodb-collection-2764?api-version=2022-11-15-preview",
      "RequestMethod": "GET",
      "RequestHeaders": {
        "Accept": "application/json",
        "Authorization": "Sanitized",
        "traceparent": "00-36f2d49623e2c74294a8ce4b486be383-5688c3cfb7223b37-00",
        "User-Agent": "azsdk-net-ResourceManager.CosmosDB/1.3.0-alpha.20230405.1 (.NET 7.0.4; Microsoft Windows 10.0.22621)",
        "x-ms-client-request-id": "c9266f2c699224ce451522c6863ae1dd",
        "x-ms-return-client-request-id": "true"
      },
      "RequestBody": null,
      "StatusCode": 200,
      "ResponseHeaders": {
        "Cache-Control": "no-store, no-cache",
        "Content-Length": "424",
        "Content-Type": "application/json",
        "Date": "Thu, 06 Apr 2023 10:25:40 GMT",
        "Pragma": "no-cache",
        "Server": "Microsoft-HTTPAPI/2.0",
        "Strict-Transport-Security": "max-age=31536000; includeSubDomains",
        "X-Content-Type-Options": "nosniff",
        "x-ms-correlation-request-id": "05cda9c8-c5e3-4021-8c6a-9a89a965819d",
        "x-ms-gatewayversion": "version=2.14.0",
        "x-ms-ratelimit-remaining-subscription-reads": "11699",
        "x-ms-request-id": "05cda9c8-c5e3-4021-8c6a-9a89a965819d",
        "x-ms-routing-request-id": "WESTCENTRALUS:20230406T102541Z:05cda9c8-c5e3-4021-8c6a-9a89a965819d"
      },
      "ResponseBody": {
        "id": "/subscriptions/23587e98-b6ac-4328-a753-03bcd3c8e744/resourceGroups/dbaccount-4096/providers/Microsoft.DocumentDB/databaseAccounts/dbaccount-2810/mongodbDatabases/mongodb-1861/collections/mongodb-collection-2764",
        "type": "Microsoft.DocumentDB/databaseAccounts/mongodbDatabases/collections",
        "name": "mongodb-collection-2764",
        "properties": {
          "resource": {
            "id": "mongodb-collection-2764",
            "indexes": [
              {
                "key": {
                  "keys": [
                    "_id"
                  ]
                }
              }
            ]
          }
        }
      }
    },
    {
      "RequestUri": "https://management.azure.com/subscriptions/23587e98-b6ac-4328-a753-03bcd3c8e744/resourceGroups/dbaccount-4096/providers/Microsoft.DocumentDB/databaseAccounts/dbaccount-2810/mongodbDatabases/mongodb-1861/collections/mongodb-collection-2764?api-version=2022-11-15-preview",
      "RequestMethod": "PUT",
      "RequestHeaders": {
        "Accept": "application/json",
        "Authorization": "Sanitized",
        "Content-Length": "157",
        "Content-Type": "application/json",
        "traceparent": "00-de227469d5895b6aa67ab4db0dba772c-78ae0f1c1290a213-00",
        "User-Agent": "azsdk-net-ResourceManager.CosmosDB/1.3.0-alpha.20230405.1 (.NET 7.0.4; Microsoft Windows 10.0.22621)",
        "x-ms-client-request-id": "ec536eb5e8f7a18b165e233790176d27",
        "x-ms-return-client-request-id": "true"
      },
      "RequestBody": {
        "tags": {},
        "location": "westus",
        "properties": {
          "resource": {
            "id": "mongodb-collection-2764",
            "indexes": [
              {
                "key": {
                  "keys": [
                    "_id"
                  ]
                }
              }
            ]
          },
          "options": {
            "throughput": 1000
          }
        }
      },
      "StatusCode": 202,
      "ResponseHeaders": {
        "Azure-AsyncOperation": "https://management.azure.com/subscriptions/23587e98-b6ac-4328-a753-03bcd3c8e744/providers/Microsoft.DocumentDB/locations/westus2/operationsStatus/d058033b-80d7-447e-99ac-604eb1996e46?api-version=2022-11-15-preview",
        "Cache-Control": "no-store, no-cache",
        "Content-Length": "21",
        "Content-Type": "application/json",
        "Date": "Thu, 06 Apr 2023 10:25:40 GMT",
        "Location": "https://management.azure.com/subscriptions/23587e98-b6ac-4328-a753-03bcd3c8e744/resourceGroups/dbaccount-4096/providers/Microsoft.DocumentDB/databaseAccounts/dbaccount-2810/mongodbDatabases/mongodb-1861/collections/mongodb-collection-2764/operationResults/d058033b-80d7-447e-99ac-604eb1996e46?api-version=2022-11-15-preview",
        "Pragma": "no-cache",
        "Server": "Microsoft-HTTPAPI/2.0",
        "Strict-Transport-Security": "max-age=31536000; includeSubDomains",
        "X-Content-Type-Options": "nosniff",
        "x-ms-correlation-request-id": "c880aa02-d7bc-4f5e-a384-0d9669d8327b",
        "x-ms-gatewayversion": "version=2.14.0",
        "x-ms-ratelimit-remaining-subscription-writes": "1176",
        "x-ms-request-id": "d058033b-80d7-447e-99ac-604eb1996e46",
        "x-ms-routing-request-id": "WESTCENTRALUS:20230406T102541Z:c880aa02-d7bc-4f5e-a384-0d9669d8327b"
      },
      "ResponseBody": {
        "status": "Enqueued"
      }
    },
    {
      "RequestUri": "https://management.azure.com/subscriptions/23587e98-b6ac-4328-a753-03bcd3c8e744/providers/Microsoft.DocumentDB/locations/westus2/operationsStatus/d058033b-80d7-447e-99ac-604eb1996e46?api-version=2022-11-15-preview",
      "RequestMethod": "GET",
      "RequestHeaders": {
        "Authorization": "Sanitized",
        "User-Agent": "azsdk-net-ResourceManager/1.4.0 (.NET 7.0.4; Microsoft Windows 10.0.22621)",
        "x-ms-client-request-id": "8259e0f28bc34300e385b2344597932d",
        "x-ms-return-client-request-id": "true"
      },
      "RequestBody": null,
      "StatusCode": 200,
      "ResponseHeaders": {
        "Cache-Control": "no-store, no-cache",
        "Content-Length": "21",
        "Content-Type": "application/json",
        "Date": "Thu, 06 Apr 2023 10:25:40 GMT",
        "Pragma": "no-cache",
        "Server": "Microsoft-HTTPAPI/2.0",
        "Strict-Transport-Security": "max-age=31536000; includeSubDomains",
        "X-Content-Type-Options": "nosniff",
        "x-ms-correlation-request-id": "9521032c-e2a8-44af-9829-a8c9244d857d",
        "x-ms-gatewayversion": "version=2.14.0",
        "x-ms-ratelimit-remaining-subscription-reads": "11698",
        "x-ms-request-id": "9521032c-e2a8-44af-9829-a8c9244d857d",
        "x-ms-routing-request-id": "WESTCENTRALUS:20230406T102541Z:9521032c-e2a8-44af-9829-a8c9244d857d"
      },
      "ResponseBody": {
        "status": "Enqueued"
      }
    },
    {
      "RequestUri": "https://management.azure.com/subscriptions/23587e98-b6ac-4328-a753-03bcd3c8e744/providers/Microsoft.DocumentDB/locations/westus2/operationsStatus/d058033b-80d7-447e-99ac-604eb1996e46?api-version=2022-11-15-preview",
      "RequestMethod": "GET",
      "RequestHeaders": {
        "Authorization": "Sanitized",
        "User-Agent": "azsdk-net-ResourceManager/1.4.0 (.NET 7.0.4; Microsoft Windows 10.0.22621)",
        "x-ms-client-request-id": "67fdfba83817872a7d0bb6c290702ffc",
        "x-ms-return-client-request-id": "true"
      },
      "RequestBody": null,
      "StatusCode": 200,
      "ResponseHeaders": {
        "Cache-Control": "no-store, no-cache",
        "Content-Length": "21",
        "Content-Type": "application/json",
        "Date": "Thu, 06 Apr 2023 10:25:41 GMT",
        "Pragma": "no-cache",
        "Server": "Microsoft-HTTPAPI/2.0",
        "Strict-Transport-Security": "max-age=31536000; includeSubDomains",
        "X-Content-Type-Options": "nosniff",
        "x-ms-correlation-request-id": "803531d1-ac19-4020-8e45-fec0dd88b7a0",
        "x-ms-gatewayversion": "version=2.14.0",
        "x-ms-ratelimit-remaining-subscription-reads": "11697",
        "x-ms-request-id": "803531d1-ac19-4020-8e45-fec0dd88b7a0",
        "x-ms-routing-request-id": "WESTCENTRALUS:20230406T102542Z:803531d1-ac19-4020-8e45-fec0dd88b7a0"
      },
      "ResponseBody": {
        "status": "Enqueued"
      }
    },
    {
      "RequestUri": "https://management.azure.com/subscriptions/23587e98-b6ac-4328-a753-03bcd3c8e744/providers/Microsoft.DocumentDB/locations/westus2/operationsStatus/d058033b-80d7-447e-99ac-604eb1996e46?api-version=2022-11-15-preview",
      "RequestMethod": "GET",
      "RequestHeaders": {
        "Authorization": "Sanitized",
        "User-Agent": "azsdk-net-ResourceManager/1.4.0 (.NET 7.0.4; Microsoft Windows 10.0.22621)",
        "x-ms-client-request-id": "b044d687eabe3d631edfc52e7abb039f",
        "x-ms-return-client-request-id": "true"
      },
      "RequestBody": null,
      "StatusCode": 200,
      "ResponseHeaders": {
        "Cache-Control": "no-store, no-cache",
        "Content-Length": "21",
        "Content-Type": "application/json",
        "Date": "Thu, 06 Apr 2023 10:25:42 GMT",
        "Pragma": "no-cache",
        "Server": "Microsoft-HTTPAPI/2.0",
        "Strict-Transport-Security": "max-age=31536000; includeSubDomains",
        "X-Content-Type-Options": "nosniff",
        "x-ms-correlation-request-id": "2f82ea09-0586-4561-be95-9cdcbab8b624",
        "x-ms-gatewayversion": "version=2.14.0",
        "x-ms-ratelimit-remaining-subscription-reads": "11696",
        "x-ms-request-id": "2f82ea09-0586-4561-be95-9cdcbab8b624",
        "x-ms-routing-request-id": "WESTCENTRALUS:20230406T102543Z:2f82ea09-0586-4561-be95-9cdcbab8b624"
      },
      "ResponseBody": {
        "status": "Enqueued"
      }
    },
    {
      "RequestUri": "https://management.azure.com/subscriptions/23587e98-b6ac-4328-a753-03bcd3c8e744/providers/Microsoft.DocumentDB/locations/westus2/operationsStatus/d058033b-80d7-447e-99ac-604eb1996e46?api-version=2022-11-15-preview",
      "RequestMethod": "GET",
      "RequestHeaders": {
        "Authorization": "Sanitized",
        "User-Agent": "azsdk-net-ResourceManager/1.4.0 (.NET 7.0.4; Microsoft Windows 10.0.22621)",
        "x-ms-client-request-id": "75722aa16f1dba35b6d104b8d53eb273",
        "x-ms-return-client-request-id": "true"
      },
      "RequestBody": null,
      "StatusCode": 200,
      "ResponseHeaders": {
        "Cache-Control": "no-store, no-cache",
        "Content-Length": "21",
        "Content-Type": "application/json",
        "Date": "Thu, 06 Apr 2023 10:25:43 GMT",
        "Pragma": "no-cache",
        "Server": "Microsoft-HTTPAPI/2.0",
        "Strict-Transport-Security": "max-age=31536000; includeSubDomains",
        "X-Content-Type-Options": "nosniff",
        "x-ms-correlation-request-id": "c7ffb475-2d88-47fe-858f-9812c4cc9aa4",
        "x-ms-gatewayversion": "version=2.14.0",
        "x-ms-ratelimit-remaining-subscription-reads": "11695",
        "x-ms-request-id": "c7ffb475-2d88-47fe-858f-9812c4cc9aa4",
        "x-ms-routing-request-id": "WESTCENTRALUS:20230406T102544Z:c7ffb475-2d88-47fe-858f-9812c4cc9aa4"
      },
      "ResponseBody": {
        "status": "Dequeued"
      }
    },
    {
      "RequestUri": "https://management.azure.com/subscriptions/23587e98-b6ac-4328-a753-03bcd3c8e744/providers/Microsoft.DocumentDB/locations/westus2/operationsStatus/d058033b-80d7-447e-99ac-604eb1996e46?api-version=2022-11-15-preview",
      "RequestMethod": "GET",
      "RequestHeaders": {
        "Authorization": "Sanitized",
        "User-Agent": "azsdk-net-ResourceManager/1.4.0 (.NET 7.0.4; Microsoft Windows 10.0.22621)",
        "x-ms-client-request-id": "6eadb655e352bd6e98bf483873fb0cc2",
        "x-ms-return-client-request-id": "true"
      },
      "RequestBody": null,
      "StatusCode": 200,
      "ResponseHeaders": {
        "Cache-Control": "no-store, no-cache",
        "Content-Length": "21",
        "Content-Type": "application/json",
        "Date": "Thu, 06 Apr 2023 10:25:46 GMT",
        "Pragma": "no-cache",
        "Server": "Microsoft-HTTPAPI/2.0",
        "Strict-Transport-Security": "max-age=31536000; includeSubDomains",
        "X-Content-Type-Options": "nosniff",
        "x-ms-correlation-request-id": "dd1f7e5d-4e19-4a2e-9bfe-d70271622688",
        "x-ms-gatewayversion": "version=2.14.0",
        "x-ms-ratelimit-remaining-subscription-reads": "11694",
        "x-ms-request-id": "dd1f7e5d-4e19-4a2e-9bfe-d70271622688",
        "x-ms-routing-request-id": "WESTCENTRALUS:20230406T102546Z:dd1f7e5d-4e19-4a2e-9bfe-d70271622688"
      },
      "ResponseBody": {
        "status": "Dequeued"
      }
    },
    {
      "RequestUri": "https://management.azure.com/subscriptions/23587e98-b6ac-4328-a753-03bcd3c8e744/providers/Microsoft.DocumentDB/locations/westus2/operationsStatus/d058033b-80d7-447e-99ac-604eb1996e46?api-version=2022-11-15-preview",
      "RequestMethod": "GET",
      "RequestHeaders": {
        "Authorization": "Sanitized",
        "User-Agent": "azsdk-net-ResourceManager/1.4.0 (.NET 7.0.4; Microsoft Windows 10.0.22621)",
        "x-ms-client-request-id": "66211607bafd18dea08af9ece6ab67e0",
        "x-ms-return-client-request-id": "true"
      },
      "RequestBody": null,
      "StatusCode": 200,
      "ResponseHeaders": {
        "Cache-Control": "no-store, no-cache",
        "Content-Length": "22",
        "Content-Type": "application/json",
        "Date": "Thu, 06 Apr 2023 10:25:50 GMT",
        "Pragma": "no-cache",
        "Server": "Microsoft-HTTPAPI/2.0",
        "Strict-Transport-Security": "max-age=31536000; includeSubDomains",
        "X-Content-Type-Options": "nosniff",
        "x-ms-correlation-request-id": "a108df31-cee7-46dd-a3d0-54549d9dea77",
        "x-ms-gatewayversion": "version=2.14.0",
        "x-ms-ratelimit-remaining-subscription-reads": "11693",
        "x-ms-request-id": "a108df31-cee7-46dd-a3d0-54549d9dea77",
        "x-ms-routing-request-id": "WESTCENTRALUS:20230406T102551Z:a108df31-cee7-46dd-a3d0-54549d9dea77"
      },
      "ResponseBody": {
        "status": "Succeeded"
      }
    },
    {
      "RequestUri": "https://management.azure.com/subscriptions/23587e98-b6ac-4328-a753-03bcd3c8e744/resourceGroups/dbaccount-4096/providers/Microsoft.DocumentDB/databaseAccounts/dbaccount-2810/mongodbDatabases/mongodb-1861/collections/mongodb-collection-2764?api-version=2022-11-15-preview",
      "RequestMethod": "GET",
      "RequestHeaders": {
        "Authorization": "Sanitized",
        "User-Agent": "azsdk-net-ResourceManager/1.4.0 (.NET 7.0.4; Microsoft Windows 10.0.22621)",
        "x-ms-client-request-id": "c4d9512c940ebd4dbbb5dd5d26fd47bb",
        "x-ms-return-client-request-id": "true"
      },
      "RequestBody": null,
      "StatusCode": 200,
      "ResponseHeaders": {
        "Cache-Control": "no-store, no-cache",
        "Content-Length": "424",
        "Content-Type": "application/json",
        "Date": "Thu, 06 Apr 2023 10:25:50 GMT",
        "Pragma": "no-cache",
        "Server": "Microsoft-HTTPAPI/2.0",
        "Strict-Transport-Security": "max-age=31536000; includeSubDomains",
        "X-Content-Type-Options": "nosniff",
        "x-ms-correlation-request-id": "c737f43a-8f5c-49c3-b5f6-b44ce62b826b",
        "x-ms-gatewayversion": "version=2.14.0",
        "x-ms-ratelimit-remaining-subscription-reads": "11692",
        "x-ms-request-id": "c737f43a-8f5c-49c3-b5f6-b44ce62b826b",
        "x-ms-routing-request-id": "WESTCENTRALUS:20230406T102551Z:c737f43a-8f5c-49c3-b5f6-b44ce62b826b"
      },
      "ResponseBody": {
        "id": "/subscriptions/23587e98-b6ac-4328-a753-03bcd3c8e744/resourceGroups/dbaccount-4096/providers/Microsoft.DocumentDB/databaseAccounts/dbaccount-2810/mongodbDatabases/mongodb-1861/collections/mongodb-collection-2764",
        "type": "Microsoft.DocumentDB/databaseAccounts/mongodbDatabases/collections",
        "name": "mongodb-collection-2764",
        "properties": {
          "resource": {
            "id": "mongodb-collection-2764",
            "indexes": [
              {
                "key": {
                  "keys": [
                    "_id"
                  ]
                }
              }
            ]
          }
        }
      }
    },
    {
      "RequestUri": "https://management.azure.com/subscriptions/23587e98-b6ac-4328-a753-03bcd3c8e744/resourceGroups/dbaccount-4096/providers/Microsoft.DocumentDB/databaseAccounts/dbaccount-2810/mongodbDatabases/mongodb-1861/collections/mongodb-collection-2764?api-version=2022-11-15-preview",
      "RequestMethod": "GET",
      "RequestHeaders": {
        "Accept": "application/json",
        "Authorization": "Sanitized",
        "traceparent": "00-0312852dca9d88409e01de68ed6e1512-f65b5a7cc8a1dee4-00",
        "User-Agent": "azsdk-net-ResourceManager.CosmosDB/1.3.0-alpha.20230405.1 (.NET 7.0.4; Microsoft Windows 10.0.22621)",
        "x-ms-client-request-id": "bfb042c54c1d9b76d795cdc8e982d7ed",
        "x-ms-return-client-request-id": "true"
      },
      "RequestBody": null,
      "StatusCode": 200,
      "ResponseHeaders": {
        "Cache-Control": "no-store, no-cache",
        "Content-Length": "424",
        "Content-Type": "application/json",
        "Date": "Thu, 06 Apr 2023 10:25:51 GMT",
        "Pragma": "no-cache",
        "Server": "Microsoft-HTTPAPI/2.0",
        "Strict-Transport-Security": "max-age=31536000; includeSubDomains",
        "X-Content-Type-Options": "nosniff",
        "x-ms-correlation-request-id": "f07c89bd-a454-42e5-870e-820a004f4fe4",
        "x-ms-gatewayversion": "version=2.14.0",
        "x-ms-ratelimit-remaining-subscription-reads": "11691",
        "x-ms-request-id": "f07c89bd-a454-42e5-870e-820a004f4fe4",
        "x-ms-routing-request-id": "WESTCENTRALUS:20230406T102551Z:f07c89bd-a454-42e5-870e-820a004f4fe4"
      },
      "ResponseBody": {
        "id": "/subscriptions/23587e98-b6ac-4328-a753-03bcd3c8e744/resourceGroups/dbaccount-4096/providers/Microsoft.DocumentDB/databaseAccounts/dbaccount-2810/mongodbDatabases/mongodb-1861/collections/mongodb-collection-2764",
        "type": "Microsoft.DocumentDB/databaseAccounts/mongodbDatabases/collections",
        "name": "mongodb-collection-2764",
        "properties": {
          "resource": {
            "id": "mongodb-collection-2764",
            "indexes": [
              {
                "key": {
                  "keys": [
                    "_id"
                  ]
                }
              }
            ]
          }
        }
      }
    },
    {
      "RequestUri": "https://management.azure.com/subscriptions/23587e98-b6ac-4328-a753-03bcd3c8e744/resourceGroups/dbaccount-4096/providers/Microsoft.DocumentDB/databaseAccounts/dbaccount-2810/mongodbDatabases/mongodb-1861/collections/mongodb-collection-2764?api-version=2022-11-15-preview",
      "RequestMethod": "GET",
      "RequestHeaders": {
        "Accept": "application/json",
        "Authorization": "Sanitized",
        "traceparent": "00-3bebbb79c0ba1e6702b29af2829c2f37-f4da193884d4ac7e-00",
        "User-Agent": "azsdk-net-ResourceManager.CosmosDB/1.3.0-alpha.20230405.1 (.NET 7.0.4; Microsoft Windows 10.0.22621)",
        "x-ms-client-request-id": "220b6858482272b3c863aa47dd81f1a3",
        "x-ms-return-client-request-id": "true"
      },
      "RequestBody": null,
      "StatusCode": 200,
      "ResponseHeaders": {
        "Cache-Control": "no-store, no-cache",
        "Content-Length": "424",
        "Content-Type": "application/json",
        "Date": "Thu, 06 Apr 2023 10:25:51 GMT",
        "Pragma": "no-cache",
        "Server": "Microsoft-HTTPAPI/2.0",
        "Strict-Transport-Security": "max-age=31536000; includeSubDomains",
        "X-Content-Type-Options": "nosniff",
        "x-ms-correlation-request-id": "baef2be5-0777-4c21-95eb-5a4286ebbe2e",
        "x-ms-gatewayversion": "version=2.14.0",
        "x-ms-ratelimit-remaining-subscription-reads": "11690",
        "x-ms-request-id": "baef2be5-0777-4c21-95eb-5a4286ebbe2e",
        "x-ms-routing-request-id": "WESTCENTRALUS:20230406T102552Z:baef2be5-0777-4c21-95eb-5a4286ebbe2e"
      },
      "ResponseBody": {
        "id": "/subscriptions/23587e98-b6ac-4328-a753-03bcd3c8e744/resourceGroups/dbaccount-4096/providers/Microsoft.DocumentDB/databaseAccounts/dbaccount-2810/mongodbDatabases/mongodb-1861/collections/mongodb-collection-2764",
        "type": "Microsoft.DocumentDB/databaseAccounts/mongodbDatabases/collections",
        "name": "mongodb-collection-2764",
        "properties": {
          "resource": {
            "id": "mongodb-collection-2764",
            "indexes": [
              {
                "key": {
                  "keys": [
                    "_id"
                  ]
                }
              }
            ]
          }
        }
      }
    },
    {
      "RequestUri": "https://management.azure.com/subscriptions/23587e98-b6ac-4328-a753-03bcd3c8e744/resourceGroups/dbaccount-4096/providers/Microsoft.DocumentDB/databaseAccounts/dbaccount-2810/mongodbDatabases/mongodb-1861/collections/mongodb-collection-2764?api-version=2022-11-15-preview",
      "RequestMethod": "DELETE",
      "RequestHeaders": {
        "Authorization": "Sanitized",
        "traceparent": "00-14466347524290b0952dcdb8bf80130b-7206538dfd2ff6e9-00",
        "User-Agent": "azsdk-net-ResourceManager.CosmosDB/1.3.0-alpha.20230405.1 (.NET 7.0.4; Microsoft Windows 10.0.22621)",
        "x-ms-client-request-id": "a3273e43a8fae0c2da3eec79c785d339",
        "x-ms-return-client-request-id": "true"
      },
      "RequestBody": null,
      "StatusCode": 202,
      "ResponseHeaders": {
        "Azure-AsyncOperation": "https://management.azure.com/subscriptions/23587e98-b6ac-4328-a753-03bcd3c8e744/providers/Microsoft.DocumentDB/locations/westus2/operationsStatus/edfc55db-3318-4ada-936f-5d245f4ace03?api-version=2022-11-15-preview",
        "Cache-Control": "no-store, no-cache",
        "Content-Length": "21",
        "Content-Type": "application/json",
        "Date": "Thu, 06 Apr 2023 10:25:51 GMT",
        "Location": "https://management.azure.com/subscriptions/23587e98-b6ac-4328-a753-03bcd3c8e744/resourceGroups/dbaccount-4096/providers/Microsoft.DocumentDB/databaseAccounts/dbaccount-2810/mongodbDatabases/mongodb-1861/collections/mongodb-collection-2764/operationResults/edfc55db-3318-4ada-936f-5d245f4ace03?api-version=2022-11-15-preview",
        "Pragma": "no-cache",
        "Server": "Microsoft-HTTPAPI/2.0",
        "Strict-Transport-Security": "max-age=31536000; includeSubDomains",
        "X-Content-Type-Options": "nosniff",
        "x-ms-correlation-request-id": "11f2c403-fa1e-4131-89ac-b612c454b306",
        "x-ms-gatewayversion": "version=2.14.0",
        "x-ms-ratelimit-remaining-subscription-deletes": "14989",
        "x-ms-request-id": "edfc55db-3318-4ada-936f-5d245f4ace03",
        "x-ms-routing-request-id": "WESTCENTRALUS:20230406T102552Z:11f2c403-fa1e-4131-89ac-b612c454b306"
      },
      "ResponseBody": {
        "status": "Enqueued"
      }
    },
    {
      "RequestUri": "https://management.azure.com/subscriptions/23587e98-b6ac-4328-a753-03bcd3c8e744/providers/Microsoft.DocumentDB/locations/westus2/operationsStatus/edfc55db-3318-4ada-936f-5d245f4ace03?api-version=2022-11-15-preview",
      "RequestMethod": "GET",
      "RequestHeaders": {
        "Authorization": "Sanitized",
        "traceparent": "00-14466347524290b0952dcdb8bf80130b-5726dd4bd92a531f-00",
        "User-Agent": "azsdk-net-ResourceManager/1.4.0 (.NET 7.0.4; Microsoft Windows 10.0.22621)",
        "x-ms-client-request-id": "ab852aa3335aaff2a52b47e45c3aab43",
        "x-ms-return-client-request-id": "true"
      },
      "RequestBody": null,
      "StatusCode": 200,
      "ResponseHeaders": {
        "Cache-Control": "no-store, no-cache",
        "Content-Length": "21",
        "Content-Type": "application/json",
        "Date": "Thu, 06 Apr 2023 10:25:52 GMT",
        "Pragma": "no-cache",
        "Server": "Microsoft-HTTPAPI/2.0",
        "Strict-Transport-Security": "max-age=31536000; includeSubDomains",
        "X-Content-Type-Options": "nosniff",
        "x-ms-correlation-request-id": "9a1f2a0b-9828-4022-b033-e317937c0a40",
        "x-ms-gatewayversion": "version=2.14.0",
        "x-ms-ratelimit-remaining-subscription-reads": "11689",
        "x-ms-request-id": "9a1f2a0b-9828-4022-b033-e317937c0a40",
        "x-ms-routing-request-id": "WESTCENTRALUS:20230406T102553Z:9a1f2a0b-9828-4022-b033-e317937c0a40"
      },
      "ResponseBody": {
        "status": "Enqueued"
      }
    },
    {
      "RequestUri": "https://management.azure.com/subscriptions/23587e98-b6ac-4328-a753-03bcd3c8e744/providers/Microsoft.DocumentDB/locations/westus2/operationsStatus/edfc55db-3318-4ada-936f-5d245f4ace03?api-version=2022-11-15-preview",
      "RequestMethod": "GET",
      "RequestHeaders": {
        "Authorization": "Sanitized",
        "traceparent": "00-14466347524290b0952dcdb8bf80130b-960637cbbd28d0e2-00",
        "User-Agent": "azsdk-net-ResourceManager/1.4.0 (.NET 7.0.4; Microsoft Windows 10.0.22621)",
        "x-ms-client-request-id": "ed69718f337c1eb1a5ab15bdb2083fab",
        "x-ms-return-client-request-id": "true"
      },
      "RequestBody": null,
      "StatusCode": 200,
      "ResponseHeaders": {
        "Cache-Control": "no-store, no-cache",
        "Content-Length": "21",
        "Content-Type": "application/json",
        "Date": "Thu, 06 Apr 2023 10:25:53 GMT",
        "Pragma": "no-cache",
        "Server": "Microsoft-HTTPAPI/2.0",
        "Strict-Transport-Security": "max-age=31536000; includeSubDomains",
        "X-Content-Type-Options": "nosniff",
        "x-ms-correlation-request-id": "f2d13d32-91fc-4fea-8193-d328bb39d058",
        "x-ms-gatewayversion": "version=2.14.0",
        "x-ms-ratelimit-remaining-subscription-reads": "11688",
        "x-ms-request-id": "f2d13d32-91fc-4fea-8193-d328bb39d058",
        "x-ms-routing-request-id": "WESTCENTRALUS:20230406T102554Z:f2d13d32-91fc-4fea-8193-d328bb39d058"
      },
      "ResponseBody": {
        "status": "Enqueued"
      }
    },
    {
      "RequestUri": "https://management.azure.com/subscriptions/23587e98-b6ac-4328-a753-03bcd3c8e744/providers/Microsoft.DocumentDB/locations/westus2/operationsStatus/edfc55db-3318-4ada-936f-5d245f4ace03?api-version=2022-11-15-preview",
      "RequestMethod": "GET",
      "RequestHeaders": {
        "Authorization": "Sanitized",
        "traceparent": "00-14466347524290b0952dcdb8bf80130b-509189b84534f4d4-00",
        "User-Agent": "azsdk-net-ResourceManager/1.4.0 (.NET 7.0.4; Microsoft Windows 10.0.22621)",
        "x-ms-client-request-id": "9cd596802800aadefd5518c6ddb42053",
        "x-ms-return-client-request-id": "true"
      },
      "RequestBody": null,
      "StatusCode": 200,
      "ResponseHeaders": {
        "Cache-Control": "no-store, no-cache",
        "Content-Length": "21",
        "Content-Type": "application/json",
        "Date": "Thu, 06 Apr 2023 10:25:54 GMT",
        "Pragma": "no-cache",
        "Server": "Microsoft-HTTPAPI/2.0",
        "Strict-Transport-Security": "max-age=31536000; includeSubDomains",
        "X-Content-Type-Options": "nosniff",
        "x-ms-correlation-request-id": "f7d642d3-5ca9-4d89-9450-08c60d1ad5e1",
        "x-ms-gatewayversion": "version=2.14.0",
        "x-ms-ratelimit-remaining-subscription-reads": "11687",
        "x-ms-request-id": "f7d642d3-5ca9-4d89-9450-08c60d1ad5e1",
        "x-ms-routing-request-id": "WESTCENTRALUS:20230406T102555Z:f7d642d3-5ca9-4d89-9450-08c60d1ad5e1"
      },
      "ResponseBody": {
        "status": "Enqueued"
      }
    },
    {
      "RequestUri": "https://management.azure.com/subscriptions/23587e98-b6ac-4328-a753-03bcd3c8e744/providers/Microsoft.DocumentDB/locations/westus2/operationsStatus/edfc55db-3318-4ada-936f-5d245f4ace03?api-version=2022-11-15-preview",
      "RequestMethod": "GET",
      "RequestHeaders": {
        "Authorization": "Sanitized",
        "traceparent": "00-14466347524290b0952dcdb8bf80130b-ffbc8ef4b02fb0fd-00",
        "User-Agent": "azsdk-net-ResourceManager/1.4.0 (.NET 7.0.4; Microsoft Windows 10.0.22621)",
        "x-ms-client-request-id": "2f2ab291d0c570da796605af1e35fd9c",
        "x-ms-return-client-request-id": "true"
      },
      "RequestBody": null,
      "StatusCode": 200,
      "ResponseHeaders": {
        "Cache-Control": "no-store, no-cache",
        "Content-Length": "21",
        "Content-Type": "application/json",
        "Date": "Thu, 06 Apr 2023 10:25:56 GMT",
        "Pragma": "no-cache",
        "Server": "Microsoft-HTTPAPI/2.0",
        "Strict-Transport-Security": "max-age=31536000; includeSubDomains",
        "X-Content-Type-Options": "nosniff",
        "x-ms-correlation-request-id": "ea24588e-6d02-4f5b-b81f-52ae087da2f2",
        "x-ms-gatewayversion": "version=2.14.0",
        "x-ms-ratelimit-remaining-subscription-reads": "11686",
        "x-ms-request-id": "ea24588e-6d02-4f5b-b81f-52ae087da2f2",
        "x-ms-routing-request-id": "WESTCENTRALUS:20230406T102556Z:ea24588e-6d02-4f5b-b81f-52ae087da2f2"
      },
      "ResponseBody": {
        "status": "Dequeued"
      }
    },
    {
      "RequestUri": "https://management.azure.com/subscriptions/23587e98-b6ac-4328-a753-03bcd3c8e744/providers/Microsoft.DocumentDB/locations/westus2/operationsStatus/edfc55db-3318-4ada-936f-5d245f4ace03?api-version=2022-11-15-preview",
      "RequestMethod": "GET",
      "RequestHeaders": {
        "Authorization": "Sanitized",
        "traceparent": "00-14466347524290b0952dcdb8bf80130b-883bfe44d5b8c436-00",
        "User-Agent": "azsdk-net-ResourceManager/1.4.0 (.NET 7.0.4; Microsoft Windows 10.0.22621)",
        "x-ms-client-request-id": "c5639ceb0f65674393bfef261aea40f1",
        "x-ms-return-client-request-id": "true"
      },
      "RequestBody": null,
      "StatusCode": 200,
      "ResponseHeaders": {
        "Cache-Control": "no-store, no-cache",
        "Content-Length": "21",
        "Content-Type": "application/json",
        "Date": "Thu, 06 Apr 2023 10:25:58 GMT",
        "Pragma": "no-cache",
        "Server": "Microsoft-HTTPAPI/2.0",
        "Strict-Transport-Security": "max-age=31536000; includeSubDomains",
        "X-Content-Type-Options": "nosniff",
        "x-ms-correlation-request-id": "80137ce8-6e4a-4d5f-9747-fd08b7d9bc4d",
        "x-ms-gatewayversion": "version=2.14.0",
        "x-ms-ratelimit-remaining-subscription-reads": "11685",
        "x-ms-request-id": "80137ce8-6e4a-4d5f-9747-fd08b7d9bc4d",
        "x-ms-routing-request-id": "WESTCENTRALUS:20230406T102558Z:80137ce8-6e4a-4d5f-9747-fd08b7d9bc4d"
      },
      "ResponseBody": {
        "status": "Dequeued"
      }
    },
    {
      "RequestUri": "https://management.azure.com/subscriptions/23587e98-b6ac-4328-a753-03bcd3c8e744/providers/Microsoft.DocumentDB/locations/westus2/operationsStatus/edfc55db-3318-4ada-936f-5d245f4ace03?api-version=2022-11-15-preview",
      "RequestMethod": "GET",
      "RequestHeaders": {
        "Authorization": "Sanitized",
        "traceparent": "00-14466347524290b0952dcdb8bf80130b-38f18a8e5ee30360-00",
        "User-Agent": "azsdk-net-ResourceManager/1.4.0 (.NET 7.0.4; Microsoft Windows 10.0.22621)",
        "x-ms-client-request-id": "ff2bc18b0fddafe6bc652399222e8cc8",
        "x-ms-return-client-request-id": "true"
      },
      "RequestBody": null,
      "StatusCode": 200,
      "ResponseHeaders": {
        "Cache-Control": "no-store, no-cache",
        "Content-Length": "22",
        "Content-Type": "application/json",
        "Date": "Thu, 06 Apr 2023 10:26:02 GMT",
        "Pragma": "no-cache",
        "Server": "Microsoft-HTTPAPI/2.0",
        "Strict-Transport-Security": "max-age=31536000; includeSubDomains",
        "X-Content-Type-Options": "nosniff",
        "x-ms-correlation-request-id": "e2316315-b1d7-443b-9e8a-edac6432ddae",
        "x-ms-gatewayversion": "version=2.14.0",
        "x-ms-ratelimit-remaining-subscription-reads": "11684",
        "x-ms-request-id": "e2316315-b1d7-443b-9e8a-edac6432ddae",
        "x-ms-routing-request-id": "WESTCENTRALUS:20230406T102602Z:e2316315-b1d7-443b-9e8a-edac6432ddae"
      },
      "ResponseBody": {
        "status": "Succeeded"
      }
    }
  ],
  "Variables": {
    "AZURE_AUTHORITY_HOST": "https://login.microsoftonline.com/",
    "RandomSeed": "267959272",
    "RESOURCE_MANAGER_URL": "https://management.azure.com/",
    "SUBSCRIPTION_ID": "23587e98-b6ac-4328-a753-03bcd3c8e744"
  }
}
