{
  "Entries": [
    {
      "RequestUri": "https://management.azure.com/subscriptions/db1ab6f0-4769-4b27-930e-01e2ef9c123c/resourceGroups/dbaccount-1250/providers/Microsoft.DocumentDB/databaseAccounts/dbaccount-5340/mongodbDatabases/mongodb-6955?api-version=2022-05-15",
      "RequestMethod": "GET",
      "RequestHeaders": {
        "Accept": "application/json",
        "Authorization": "Sanitized",
        "traceparent": "00-0ed991ad65210f4485f718804277b0e2-7f16e13038a0524d-00",
        "User-Agent": "azsdk-net-ResourceManager.CosmosDB/1.0.0-alpha.20220706.1 (.NET Framework 4.8.4510.0; Microsoft Windows 10.0.19044 )",
        "x-ms-client-request-id": "ae9717f7d409bd35d8abb16558dfa41d",
        "x-ms-return-client-request-id": "true"
      },
      "RequestBody": null,
      "StatusCode": 200,
      "ResponseHeaders": {
        "Cache-Control": "no-store, no-cache",
        "Content-Length": "317",
        "Content-Type": "application/json",
        "Date": "Wed, 06 Jul 2022 16:13:52 GMT",
        "Pragma": "no-cache",
        "Server": "Microsoft-HTTPAPI/2.0",
        "Strict-Transport-Security": "max-age=31536000; includeSubDomains",
        "X-Content-Type-Options": "nosniff",
        "x-ms-correlation-request-id": "3afbd55a-bb72-4dbd-9df8-1faefb34dcb5",
        "x-ms-gatewayversion": "version=2.14.0",
        "x-ms-ratelimit-remaining-subscription-reads": "11904",
        "x-ms-request-id": "3afbd55a-bb72-4dbd-9df8-1faefb34dcb5",
        "x-ms-routing-request-id": "SOUTHEASTASIA:20220706T161352Z:3afbd55a-bb72-4dbd-9df8-1faefb34dcb5"
      },
      "ResponseBody": {
        "id": "/subscriptions/db1ab6f0-4769-4b27-930e-01e2ef9c123c/resourceGroups/dbaccount-1250/providers/Microsoft.DocumentDB/databaseAccounts/dbaccount-5340/mongodbDatabases/mongodb-6955",
        "type": "Microsoft.DocumentDB/databaseAccounts/mongodbDatabases",
        "name": "mongodb-6955",
        "properties": {
          "resource": {
            "id": "mongodb-6955"
          }
        }
      }
    },
    {
      "RequestUri": "https://management.azure.com/subscriptions/db1ab6f0-4769-4b27-930e-01e2ef9c123c/resourceGroups/dbaccount-1250/providers/Microsoft.DocumentDB/databaseAccounts/dbaccount-5340/mongodbDatabases/mongodb-6955/collections/mongodb-collection-1642?api-version=2022-05-15",
      "RequestMethod": "PUT",
      "RequestHeaders": {
        "Accept": "application/json",
        "Authorization": "Sanitized",
        "Content-Length": "119",
        "Content-Type": "application/json",
        "traceparent": "00-a1949f8d7c2e45439b71066d0c0263be-ab6c5b94ea02b74e-00",
        "User-Agent": "azsdk-net-ResourceManager.CosmosDB/1.0.0-alpha.20220706.1 (.NET Framework 4.8.4510.0; Microsoft Windows 10.0.19044 )",
        "x-ms-client-request-id": "0799dc6027fcea98356c536e7ade1a01",
        "x-ms-return-client-request-id": "true"
      },
      "RequestBody": {
        "tags": {},
        "location": "westus",
        "properties": {
          "resource": {
            "id": "mongodb-collection-1642"
          },
          "options": {
            "throughput": 700
          }
        }
      },
      "StatusCode": 202,
      "ResponseHeaders": {
        "Azure-AsyncOperation": "https://management.azure.com/subscriptions/db1ab6f0-4769-4b27-930e-01e2ef9c123c/providers/Microsoft.DocumentDB/locations/westus2/operationsStatus/89797228-1a8a-4cc9-ba66-b03164a0a1b8?api-version=2022-05-15",
        "Cache-Control": "no-store, no-cache",
        "Content-Length": "21",
        "Content-Type": "application/json",
        "Date": "Wed, 06 Jul 2022 16:13:53 GMT",
        "Location": "https://management.azure.com/subscriptions/db1ab6f0-4769-4b27-930e-01e2ef9c123c/resourceGroups/dbaccount-1250/providers/Microsoft.DocumentDB/databaseAccounts/dbaccount-5340/mongodbDatabases/mongodb-6955/collections/mongodb-collection-1642/operationResults/89797228-1a8a-4cc9-ba66-b03164a0a1b8?api-version=2022-05-15",
        "Pragma": "no-cache",
        "Server": "Microsoft-HTTPAPI/2.0",
        "Strict-Transport-Security": "max-age=31536000; includeSubDomains",
        "X-Content-Type-Options": "nosniff",
        "x-ms-correlation-request-id": "b2b8928b-28cb-4018-a914-d05b88ab0f65",
        "x-ms-gatewayversion": "version=2.14.0",
        "x-ms-ratelimit-remaining-subscription-writes": "1189",
        "x-ms-request-id": "89797228-1a8a-4cc9-ba66-b03164a0a1b8",
        "x-ms-routing-request-id": "SOUTHEASTASIA:20220706T161354Z:b2b8928b-28cb-4018-a914-d05b88ab0f65"
      },
      "ResponseBody": {
        "status": "Enqueued"
      }
    },
    {
      "RequestUri": "https://management.azure.com/subscriptions/db1ab6f0-4769-4b27-930e-01e2ef9c123c/providers/Microsoft.DocumentDB/locations/westus2/operationsStatus/89797228-1a8a-4cc9-ba66-b03164a0a1b8?api-version=2022-05-15",
      "RequestMethod": "GET",
      "RequestHeaders": {
        "Authorization": "Sanitized",
        "traceparent": "00-a1949f8d7c2e45439b71066d0c0263be-8c85ad0d942f4148-00",
        "User-Agent": "azsdk-net-ResourceManager/1.1.2 (.NET Framework 4.8.4510.0; Microsoft Windows 10.0.19044 )",
        "x-ms-client-request-id": "50182ca5b627effbfec3d367e24e5dcd",
        "x-ms-return-client-request-id": "true"
      },
      "RequestBody": null,
      "StatusCode": 200,
      "ResponseHeaders": {
        "Cache-Control": "no-store, no-cache",
        "Content-Length": "21",
        "Content-Type": "application/json",
        "Date": "Wed, 06 Jul 2022 16:13:53 GMT",
        "Pragma": "no-cache",
        "Server": "Microsoft-HTTPAPI/2.0",
        "Strict-Transport-Security": "max-age=31536000; includeSubDomains",
        "X-Content-Type-Options": "nosniff",
        "x-ms-correlation-request-id": "ae8476b6-4963-45e0-a14c-91fc567a6472",
        "x-ms-gatewayversion": "version=2.14.0",
        "x-ms-ratelimit-remaining-subscription-reads": "11903",
        "x-ms-request-id": "ae8476b6-4963-45e0-a14c-91fc567a6472",
        "x-ms-routing-request-id": "SOUTHEASTASIA:20220706T161354Z:ae8476b6-4963-45e0-a14c-91fc567a6472"
      },
      "ResponseBody": {
        "status": "Enqueued"
      }
    },
    {
      "RequestUri": "https://management.azure.com/subscriptions/db1ab6f0-4769-4b27-930e-01e2ef9c123c/providers/Microsoft.DocumentDB/locations/westus2/operationsStatus/89797228-1a8a-4cc9-ba66-b03164a0a1b8?api-version=2022-05-15",
      "RequestMethod": "GET",
      "RequestHeaders": {
        "Authorization": "Sanitized",
        "traceparent": "00-a1949f8d7c2e45439b71066d0c0263be-831da9b001e2b446-00",
        "User-Agent": "azsdk-net-ResourceManager/1.1.2 (.NET Framework 4.8.4510.0; Microsoft Windows 10.0.19044 )",
        "x-ms-client-request-id": "bae7639759a0399b9fd9174340db76f8",
        "x-ms-return-client-request-id": "true"
      },
      "RequestBody": null,
      "StatusCode": 200,
      "ResponseHeaders": {
        "Cache-Control": "no-store, no-cache",
        "Content-Length": "21",
        "Content-Type": "application/json",
        "Date": "Wed, 06 Jul 2022 16:13:55 GMT",
        "Pragma": "no-cache",
        "Server": "Microsoft-HTTPAPI/2.0",
        "Strict-Transport-Security": "max-age=31536000; includeSubDomains",
        "X-Content-Type-Options": "nosniff",
        "x-ms-correlation-request-id": "6daad3f0-47bd-4bfd-ad8d-cdbe3c514ec4",
        "x-ms-gatewayversion": "version=2.14.0",
        "x-ms-ratelimit-remaining-subscription-reads": "11902",
        "x-ms-request-id": "6daad3f0-47bd-4bfd-ad8d-cdbe3c514ec4",
        "x-ms-routing-request-id": "SOUTHEASTASIA:20220706T161355Z:6daad3f0-47bd-4bfd-ad8d-cdbe3c514ec4"
      },
      "ResponseBody": {
        "status": "Enqueued"
      }
    },
    {
      "RequestUri": "https://management.azure.com/subscriptions/db1ab6f0-4769-4b27-930e-01e2ef9c123c/providers/Microsoft.DocumentDB/locations/westus2/operationsStatus/89797228-1a8a-4cc9-ba66-b03164a0a1b8?api-version=2022-05-15",
      "RequestMethod": "GET",
      "RequestHeaders": {
        "Authorization": "Sanitized",
        "traceparent": "00-a1949f8d7c2e45439b71066d0c0263be-8ee95ff41c577c48-00",
        "User-Agent": "azsdk-net-ResourceManager/1.1.2 (.NET Framework 4.8.4510.0; Microsoft Windows 10.0.19044 )",
        "x-ms-client-request-id": "4dc990ebc9c5b9d92a14c58e53d5dea0",
        "x-ms-return-client-request-id": "true"
      },
      "RequestBody": null,
      "StatusCode": 200,
      "ResponseHeaders": {
        "Cache-Control": "no-store, no-cache",
        "Content-Length": "21",
        "Content-Type": "application/json",
        "Date": "Wed, 06 Jul 2022 16:13:56 GMT",
        "Pragma": "no-cache",
        "Server": "Microsoft-HTTPAPI/2.0",
        "Strict-Transport-Security": "max-age=31536000; includeSubDomains",
        "X-Content-Type-Options": "nosniff",
        "x-ms-correlation-request-id": "925a03c7-4dc8-46b8-9206-e69c5e39941c",
        "x-ms-gatewayversion": "version=2.14.0",
        "x-ms-ratelimit-remaining-subscription-reads": "11901",
        "x-ms-request-id": "925a03c7-4dc8-46b8-9206-e69c5e39941c",
        "x-ms-routing-request-id": "SOUTHEASTASIA:20220706T161356Z:925a03c7-4dc8-46b8-9206-e69c5e39941c"
      },
      "ResponseBody": {
        "status": "Enqueued"
      }
    },
    {
      "RequestUri": "https://management.azure.com/subscriptions/db1ab6f0-4769-4b27-930e-01e2ef9c123c/providers/Microsoft.DocumentDB/locations/westus2/operationsStatus/89797228-1a8a-4cc9-ba66-b03164a0a1b8?api-version=2022-05-15",
      "RequestMethod": "GET",
      "RequestHeaders": {
        "Authorization": "Sanitized",
        "traceparent": "00-a1949f8d7c2e45439b71066d0c0263be-16517e32c45cd546-00",
        "User-Agent": "azsdk-net-ResourceManager/1.1.2 (.NET Framework 4.8.4510.0; Microsoft Windows 10.0.19044 )",
        "x-ms-client-request-id": "1026195bc6544b2290dfb04d9eb7af23",
        "x-ms-return-client-request-id": "true"
      },
      "RequestBody": null,
      "StatusCode": 200,
      "ResponseHeaders": {
        "Cache-Control": "no-store, no-cache",
        "Content-Length": "21",
        "Content-Type": "application/json",
        "Date": "Wed, 06 Jul 2022 16:13:57 GMT",
        "Pragma": "no-cache",
        "Server": "Microsoft-HTTPAPI/2.0",
        "Strict-Transport-Security": "max-age=31536000; includeSubDomains",
        "X-Content-Type-Options": "nosniff",
        "x-ms-correlation-request-id": "96fdb1d2-fd94-4201-8a20-9bca62b45f8f",
        "x-ms-gatewayversion": "version=2.14.0",
        "x-ms-ratelimit-remaining-subscription-reads": "11900",
        "x-ms-request-id": "96fdb1d2-fd94-4201-8a20-9bca62b45f8f",
        "x-ms-routing-request-id": "SOUTHEASTASIA:20220706T161358Z:96fdb1d2-fd94-4201-8a20-9bca62b45f8f"
      },
      "ResponseBody": {
        "status": "Enqueued"
      }
    },
    {
      "RequestUri": "https://management.azure.com/subscriptions/db1ab6f0-4769-4b27-930e-01e2ef9c123c/providers/Microsoft.DocumentDB/locations/westus2/operationsStatus/89797228-1a8a-4cc9-ba66-b03164a0a1b8?api-version=2022-05-15",
      "RequestMethod": "GET",
      "RequestHeaders": {
        "Authorization": "Sanitized",
        "traceparent": "00-a1949f8d7c2e45439b71066d0c0263be-cd464be34f476542-00",
        "User-Agent": "azsdk-net-ResourceManager/1.1.2 (.NET Framework 4.8.4510.0; Microsoft Windows 10.0.19044 )",
        "x-ms-client-request-id": "517bda4d0f85cd088a2d908c940de6ca",
        "x-ms-return-client-request-id": "true"
      },
      "RequestBody": null,
      "StatusCode": 200,
      "ResponseHeaders": {
        "Cache-Control": "no-store, no-cache",
        "Content-Length": "21",
        "Content-Type": "application/json",
        "Date": "Wed, 06 Jul 2022 16:13:59 GMT",
        "Pragma": "no-cache",
        "Server": "Microsoft-HTTPAPI/2.0",
        "Strict-Transport-Security": "max-age=31536000; includeSubDomains",
        "X-Content-Type-Options": "nosniff",
        "x-ms-correlation-request-id": "620f2076-113a-4c18-b7b3-8e852bf8cd03",
        "x-ms-gatewayversion": "version=2.14.0",
        "x-ms-ratelimit-remaining-subscription-reads": "11899",
        "x-ms-request-id": "620f2076-113a-4c18-b7b3-8e852bf8cd03",
        "x-ms-routing-request-id": "SOUTHEASTASIA:20220706T161400Z:620f2076-113a-4c18-b7b3-8e852bf8cd03"
      },
      "ResponseBody": {
        "status": "Dequeued"
      }
    },
    {
      "RequestUri": "https://management.azure.com/subscriptions/db1ab6f0-4769-4b27-930e-01e2ef9c123c/providers/Microsoft.DocumentDB/locations/westus2/operationsStatus/89797228-1a8a-4cc9-ba66-b03164a0a1b8?api-version=2022-05-15",
      "RequestMethod": "GET",
      "RequestHeaders": {
        "Authorization": "Sanitized",
        "traceparent": "00-a1949f8d7c2e45439b71066d0c0263be-be7c7380d11fed4c-00",
        "User-Agent": "azsdk-net-ResourceManager/1.1.2 (.NET Framework 4.8.4510.0; Microsoft Windows 10.0.19044 )",
        "x-ms-client-request-id": "26e877fb65b425a36d7dbde5188b1b72",
        "x-ms-return-client-request-id": "true"
      },
      "RequestBody": null,
      "StatusCode": 200,
      "ResponseHeaders": {
        "Cache-Control": "no-store, no-cache",
        "Content-Length": "22",
        "Content-Type": "application/json",
        "Date": "Wed, 06 Jul 2022 16:14:03 GMT",
        "Pragma": "no-cache",
        "Server": "Microsoft-HTTPAPI/2.0",
        "Strict-Transport-Security": "max-age=31536000; includeSubDomains",
        "X-Content-Type-Options": "nosniff",
        "x-ms-correlation-request-id": "9c250ef1-e181-4659-a9f5-5f1a4361562d",
        "x-ms-gatewayversion": "version=2.14.0",
        "x-ms-ratelimit-remaining-subscription-reads": "11898",
        "x-ms-request-id": "9c250ef1-e181-4659-a9f5-5f1a4361562d",
        "x-ms-routing-request-id": "SOUTHEASTASIA:20220706T161404Z:9c250ef1-e181-4659-a9f5-5f1a4361562d"
      },
      "ResponseBody": {
        "status": "Succeeded"
      }
    },
    {
      "RequestUri": "https://management.azure.com/subscriptions/db1ab6f0-4769-4b27-930e-01e2ef9c123c/resourceGroups/dbaccount-1250/providers/Microsoft.DocumentDB/databaseAccounts/dbaccount-5340/mongodbDatabases/mongodb-6955/collections/mongodb-collection-1642?api-version=2022-05-15",
      "RequestMethod": "GET",
      "RequestHeaders": {
        "Authorization": "Sanitized",
        "traceparent": "00-a1949f8d7c2e45439b71066d0c0263be-3f24c94887835445-00",
        "User-Agent": "azsdk-net-ResourceManager/1.1.2 (.NET Framework 4.8.4510.0; Microsoft Windows 10.0.19044 )",
        "x-ms-client-request-id": "7841a2648c594b1b115986273695b783",
        "x-ms-return-client-request-id": "true"
      },
      "RequestBody": null,
      "StatusCode": 200,
      "ResponseHeaders": {
        "Cache-Control": "no-store, no-cache",
        "Content-Length": "424",
        "Content-Type": "application/json",
        "Date": "Wed, 06 Jul 2022 16:14:04 GMT",
        "Pragma": "no-cache",
        "Server": "Microsoft-HTTPAPI/2.0",
        "Strict-Transport-Security": "max-age=31536000; includeSubDomains",
        "X-Content-Type-Options": "nosniff",
        "x-ms-correlation-request-id": "605b6c4f-7898-4ebf-b043-a1f2d267503f",
        "x-ms-gatewayversion": "version=2.14.0",
        "x-ms-ratelimit-remaining-subscription-reads": "11897",
        "x-ms-request-id": "605b6c4f-7898-4ebf-b043-a1f2d267503f",
        "x-ms-routing-request-id": "SOUTHEASTASIA:20220706T161405Z:605b6c4f-7898-4ebf-b043-a1f2d267503f"
      },
      "ResponseBody": {
        "id": "/subscriptions/db1ab6f0-4769-4b27-930e-01e2ef9c123c/resourceGroups/dbaccount-1250/providers/Microsoft.DocumentDB/databaseAccounts/dbaccount-5340/mongodbDatabases/mongodb-6955/collections/mongodb-collection-1642",
        "type": "Microsoft.DocumentDB/databaseAccounts/mongodbDatabases/collections",
        "name": "mongodb-collection-1642",
        "properties": {
          "resource": {
            "id": "mongodb-collection-1642",
            "indexes": [
              {
                "key": {
                  "keys": [
                    "_id"
                  ]
                }
              }
            ]
          }
        }
      }
    },
    {
      "RequestUri": "https://management.azure.com/subscriptions/db1ab6f0-4769-4b27-930e-01e2ef9c123c/resourceGroups/dbaccount-1250/providers/Microsoft.DocumentDB/databaseAccounts/dbaccount-5340/mongodbDatabases/mongodb-6955/collections/mongodb-collection-1642?api-version=2022-05-15",
      "RequestMethod": "DELETE",
      "RequestHeaders": {
        "Authorization": "Sanitized",
        "traceparent": "00-249d107acd52e04fa9bdeb4b04905df7-6fd5f9ceda4c5e4e-00",
        "User-Agent": "azsdk-net-ResourceManager.CosmosDB/1.0.0-alpha.20220706.1 (.NET Framework 4.8.4510.0; Microsoft Windows 10.0.19044 )",
        "x-ms-client-request-id": "2752e5f989cfe76e3756e3075222b4fe",
        "x-ms-return-client-request-id": "true"
      },
      "RequestBody": null,
      "StatusCode": 202,
      "ResponseHeaders": {
        "Azure-AsyncOperation": "https://management.azure.com/subscriptions/db1ab6f0-4769-4b27-930e-01e2ef9c123c/providers/Microsoft.DocumentDB/locations/westus2/operationsStatus/19382016-6567-464d-b35e-157ec3a007c2?api-version=2022-05-15",
        "Cache-Control": "no-store, no-cache",
        "Content-Length": "21",
        "Content-Type": "application/json",
        "Date": "Wed, 06 Jul 2022 16:14:05 GMT",
        "Location": "https://management.azure.com/subscriptions/db1ab6f0-4769-4b27-930e-01e2ef9c123c/resourceGroups/dbaccount-1250/providers/Microsoft.DocumentDB/databaseAccounts/dbaccount-5340/mongodbDatabases/mongodb-6955/collections/mongodb-collection-1642/operationResults/19382016-6567-464d-b35e-157ec3a007c2?api-version=2022-05-15",
        "Pragma": "no-cache",
        "Server": "Microsoft-HTTPAPI/2.0",
        "Strict-Transport-Security": "max-age=31536000; includeSubDomains",
        "X-Content-Type-Options": "nosniff",
        "x-ms-correlation-request-id": "ac23ade7-969b-474b-94d8-84bd7642ab46",
        "x-ms-gatewayversion": "version=2.14.0",
        "x-ms-ratelimit-remaining-subscription-deletes": "14998",
        "x-ms-request-id": "19382016-6567-464d-b35e-157ec3a007c2",
        "x-ms-routing-request-id": "SOUTHEASTASIA:20220706T161406Z:ac23ade7-969b-474b-94d8-84bd7642ab46"
      },
      "ResponseBody": {
        "status": "Enqueued"
      }
    },
    {
      "RequestUri": "https://management.azure.com/subscriptions/db1ab6f0-4769-4b27-930e-01e2ef9c123c/providers/Microsoft.DocumentDB/locations/westus2/operationsStatus/19382016-6567-464d-b35e-157ec3a007c2?api-version=2022-05-15",
      "RequestMethod": "GET",
      "RequestHeaders": {
        "Authorization": "Sanitized",
        "traceparent": "00-249d107acd52e04fa9bdeb4b04905df7-61375228d8cc6748-00",
        "User-Agent": "azsdk-net-ResourceManager/1.1.2 (.NET Framework 4.8.4510.0; Microsoft Windows 10.0.19044 )",
        "x-ms-client-request-id": "32ec39c6f339dba333594103a813f9ee",
        "x-ms-return-client-request-id": "true"
      },
      "RequestBody": null,
      "StatusCode": 200,
      "ResponseHeaders": {
        "Cache-Control": "no-store, no-cache",
        "Content-Length": "21",
        "Content-Type": "application/json",
        "Date": "Wed, 06 Jul 2022 16:14:05 GMT",
        "Pragma": "no-cache",
        "Server": "Microsoft-HTTPAPI/2.0",
        "Strict-Transport-Security": "max-age=31536000; includeSubDomains",
        "X-Content-Type-Options": "nosniff",
        "x-ms-correlation-request-id": "b016cb95-563d-48b9-aeba-047c37dcf24d",
        "x-ms-gatewayversion": "version=2.14.0",
        "x-ms-ratelimit-remaining-subscription-reads": "11896",
        "x-ms-request-id": "b016cb95-563d-48b9-aeba-047c37dcf24d",
        "x-ms-routing-request-id": "SOUTHEASTASIA:20220706T161406Z:b016cb95-563d-48b9-aeba-047c37dcf24d"
      },
      "ResponseBody": {
        "status": "Enqueued"
      }
    },
    {
      "RequestUri": "https://management.azure.com/subscriptions/db1ab6f0-4769-4b27-930e-01e2ef9c123c/providers/Microsoft.DocumentDB/locations/westus2/operationsStatus/19382016-6567-464d-b35e-157ec3a007c2?api-version=2022-05-15",
      "RequestMethod": "GET",
      "RequestHeaders": {
        "Authorization": "Sanitized",
        "traceparent": "00-249d107acd52e04fa9bdeb4b04905df7-5c4735c28d2d944d-00",
        "User-Agent": "azsdk-net-ResourceManager/1.1.2 (.NET Framework 4.8.4510.0; Microsoft Windows 10.0.19044 )",
        "x-ms-client-request-id": "171487a4c56d8ab774e2cb32741308ba",
        "x-ms-return-client-request-id": "true"
      },
      "RequestBody": null,
      "StatusCode": 200,
      "ResponseHeaders": {
        "Cache-Control": "no-store, no-cache",
        "Content-Length": "21",
        "Content-Type": "application/json",
        "Date": "Wed, 06 Jul 2022 16:14:06 GMT",
        "Pragma": "no-cache",
        "Server": "Microsoft-HTTPAPI/2.0",
        "Strict-Transport-Security": "max-age=31536000; includeSubDomains",
        "X-Content-Type-Options": "nosniff",
        "x-ms-correlation-request-id": "9cf92aef-d931-414e-b8a5-aadd61601d66",
        "x-ms-gatewayversion": "version=2.14.0",
        "x-ms-ratelimit-remaining-subscription-reads": "11895",
        "x-ms-request-id": "9cf92aef-d931-414e-b8a5-aadd61601d66",
        "x-ms-routing-request-id": "SOUTHEASTASIA:20220706T161407Z:9cf92aef-d931-414e-b8a5-aadd61601d66"
      },
      "ResponseBody": {
        "status": "Enqueued"
      }
    },
    {
      "RequestUri": "https://management.azure.com/subscriptions/db1ab6f0-4769-4b27-930e-01e2ef9c123c/providers/Microsoft.DocumentDB/locations/westus2/operationsStatus/19382016-6567-464d-b35e-157ec3a007c2?api-version=2022-05-15",
      "RequestMethod": "GET",
      "RequestHeaders": {
        "Authorization": "Sanitized",
        "traceparent": "00-249d107acd52e04fa9bdeb4b04905df7-8cf8013694bf814a-00",
        "User-Agent": "azsdk-net-ResourceManager/1.1.2 (.NET Framework 4.8.4510.0; Microsoft Windows 10.0.19044 )",
        "x-ms-client-request-id": "18410b6681361fc47b4cbe722d6ec749",
        "x-ms-return-client-request-id": "true"
      },
      "RequestBody": null,
      "StatusCode": 200,
      "ResponseHeaders": {
        "Cache-Control": "no-store, no-cache",
        "Content-Length": "21",
        "Content-Type": "application/json",
        "Date": "Wed, 06 Jul 2022 16:14:08 GMT",
        "Pragma": "no-cache",
        "Server": "Microsoft-HTTPAPI/2.0",
        "Strict-Transport-Security": "max-age=31536000; includeSubDomains",
        "X-Content-Type-Options": "nosniff",
        "x-ms-correlation-request-id": "ba7c1ef8-cd8a-40a0-889a-37ede5c51e5c",
        "x-ms-gatewayversion": "version=2.14.0",
        "x-ms-ratelimit-remaining-subscription-reads": "11894",
        "x-ms-request-id": "ba7c1ef8-cd8a-40a0-889a-37ede5c51e5c",
        "x-ms-routing-request-id": "SOUTHEASTASIA:20220706T161408Z:ba7c1ef8-cd8a-40a0-889a-37ede5c51e5c"
      },
      "ResponseBody": {
        "status": "Enqueued"
      }
    },
    {
      "RequestUri": "https://management.azure.com/subscriptions/db1ab6f0-4769-4b27-930e-01e2ef9c123c/providers/Microsoft.DocumentDB/locations/westus2/operationsStatus/19382016-6567-464d-b35e-157ec3a007c2?api-version=2022-05-15",
      "RequestMethod": "GET",
      "RequestHeaders": {
        "Authorization": "Sanitized",
        "traceparent": "00-249d107acd52e04fa9bdeb4b04905df7-56cf2d9cd3b14b45-00",
        "User-Agent": "azsdk-net-ResourceManager/1.1.2 (.NET Framework 4.8.4510.0; Microsoft Windows 10.0.19044 )",
        "x-ms-client-request-id": "58b626a3d767016a8161be5727706720",
        "x-ms-return-client-request-id": "true"
      },
      "RequestBody": null,
      "StatusCode": 200,
      "ResponseHeaders": {
        "Cache-Control": "no-store, no-cache",
        "Content-Length": "21",
        "Content-Type": "application/json",
        "Date": "Wed, 06 Jul 2022 16:14:09 GMT",
        "Pragma": "no-cache",
        "Server": "Microsoft-HTTPAPI/2.0",
        "Strict-Transport-Security": "max-age=31536000; includeSubDomains",
        "X-Content-Type-Options": "nosniff",
        "x-ms-correlation-request-id": "1f0e8bcc-93c4-45c8-8830-5c746e0484ca",
        "x-ms-gatewayversion": "version=2.14.0",
        "x-ms-ratelimit-remaining-subscription-reads": "11893",
        "x-ms-request-id": "1f0e8bcc-93c4-45c8-8830-5c746e0484ca",
        "x-ms-routing-request-id": "SOUTHEASTASIA:20220706T161410Z:1f0e8bcc-93c4-45c8-8830-5c746e0484ca"
      },
      "ResponseBody": {
        "status": "Dequeued"
      }
    },
    {
      "RequestUri": "https://management.azure.com/subscriptions/db1ab6f0-4769-4b27-930e-01e2ef9c123c/providers/Microsoft.DocumentDB/locations/westus2/operationsStatus/19382016-6567-464d-b35e-157ec3a007c2?api-version=2022-05-15",
      "RequestMethod": "GET",
      "RequestHeaders": {
        "Authorization": "Sanitized",
        "traceparent": "00-249d107acd52e04fa9bdeb4b04905df7-bec49f98fe056147-00",
        "User-Agent": "azsdk-net-ResourceManager/1.1.2 (.NET Framework 4.8.4510.0; Microsoft Windows 10.0.19044 )",
        "x-ms-client-request-id": "9c9c8651e0d122b7c2f59c2106455d06",
        "x-ms-return-client-request-id": "true"
      },
      "RequestBody": null,
      "StatusCode": 200,
      "ResponseHeaders": {
        "Cache-Control": "no-store, no-cache",
        "Content-Length": "22",
        "Content-Type": "application/json",
        "Date": "Wed, 06 Jul 2022 16:14:11 GMT",
        "Pragma": "no-cache",
        "Server": "Microsoft-HTTPAPI/2.0",
        "Strict-Transport-Security": "max-age=31536000; includeSubDomains",
        "X-Content-Type-Options": "nosniff",
        "x-ms-correlation-request-id": "9df23847-4e5f-49f6-ada2-618117b0e0d0",
        "x-ms-gatewayversion": "version=2.14.0",
        "x-ms-ratelimit-remaining-subscription-reads": "11892",
        "x-ms-request-id": "9df23847-4e5f-49f6-ada2-618117b0e0d0",
        "x-ms-routing-request-id": "SOUTHEASTASIA:20220706T161412Z:9df23847-4e5f-49f6-ada2-618117b0e0d0"
      },
      "ResponseBody": {
        "status": "Succeeded"
      }
    },
    {
      "RequestUri": "https://management.azure.com/subscriptions/db1ab6f0-4769-4b27-930e-01e2ef9c123c/resourceGroups/dbaccount-1250/providers/Microsoft.DocumentDB/databaseAccounts/dbaccount-5340/mongodbDatabases/mongodb-6955/collections/mongodb-collection-1642?api-version=2022-05-15",
      "RequestMethod": "GET",
      "RequestHeaders": {
        "Accept": "application/json",
        "Authorization": "Sanitized",
        "traceparent": "00-046120a68ff49d469a65941e331fc5b7-2b1672d303cf0f4f-00",
        "User-Agent": "azsdk-net-ResourceManager.CosmosDB/1.0.0-alpha.20220706.1 (.NET Framework 4.8.4510.0; Microsoft Windows 10.0.19044 )",
        "x-ms-client-request-id": "4d8e821bb05c8f52a14096d4c36df70a",
        "x-ms-return-client-request-id": "true"
      },
      "RequestBody": null,
      "StatusCode": 404,
      "ResponseHeaders": {
        "Cache-Control": "no-store, no-cache",
        "Content-Length": "195",
        "Content-Type": "application/json",
        "Date": "Wed, 06 Jul 2022 16:14:12 GMT",
        "Pragma": "no-cache",
        "Server": "Microsoft-HTTPAPI/2.0",
        "Strict-Transport-Security": "max-age=31536000; includeSubDomains",
        "X-Content-Type-Options": "nosniff",
        "x-ms-correlation-request-id": "ef2f4f2b-3ecf-4ec9-9e2c-761757357bbe",
        "x-ms-gatewayversion": "version=2.14.0",
        "x-ms-ratelimit-remaining-subscription-reads": "11891",
        "x-ms-request-id": "ef2f4f2b-3ecf-4ec9-9e2c-761757357bbe",
        "x-ms-routing-request-id": "SOUTHEASTASIA:20220706T161413Z:ef2f4f2b-3ecf-4ec9-9e2c-761757357bbe"
      },
      "ResponseBody": {
        "code": "NotFound",
        "message": "The collection \u0027mongodb-6955\u0027.\u0027mongodb-collection-1642\u0027 doesn\u0027t exist.\r\nActivityId: 4d8e821b-b05c-8f52-a140-96d4c36df70a, Microsoft.Azure.Documents.Common/2.14.0"
      }
    },
    {
      "RequestUri": "https://management.azure.com/subscriptions/db1ab6f0-4769-4b27-930e-01e2ef9c123c/resourceGroups/dbaccount-1250/providers/Microsoft.DocumentDB/databaseAccounts/dbaccount-5340/mongodbDatabases/mongodb-6955/collections/mongodb-collection-1642?api-version=2022-05-15",
      "RequestMethod": "GET",
      "RequestHeaders": {
        "Accept": "application/json",
        "Authorization": "Sanitized",
        "traceparent": "00-d7c9f5e58a42ed4da471386cd5683a5b-d7097b506b49a34f-00",
        "User-Agent": "azsdk-net-ResourceManager.CosmosDB/1.0.0-alpha.20220706.1 (.NET Framework 4.8.4510.0; Microsoft Windows 10.0.19044 )",
        "x-ms-client-request-id": "a6219ee52ad1c3776e9495723a48fa3c",
        "x-ms-return-client-request-id": "true"
      },
      "RequestBody": null,
      "StatusCode": 404,
      "ResponseHeaders": {
        "Cache-Control": "no-store, no-cache",
        "Content-Length": "195",
        "Content-Type": "application/json",
        "Date": "Wed, 06 Jul 2022 16:14:13 GMT",
        "Pragma": "no-cache",
        "Server": "Microsoft-HTTPAPI/2.0",
        "Strict-Transport-Security": "max-age=31536000; includeSubDomains",
        "X-Content-Type-Options": "nosniff",
        "x-ms-correlation-request-id": "ff7f3d5a-523d-425c-ade3-12a02f51fd1b",
        "x-ms-gatewayversion": "version=2.14.0",
        "x-ms-ratelimit-remaining-subscription-reads": "11890",
        "x-ms-request-id": "ff7f3d5a-523d-425c-ade3-12a02f51fd1b",
        "x-ms-routing-request-id": "SOUTHEASTASIA:20220706T161413Z:ff7f3d5a-523d-425c-ade3-12a02f51fd1b"
      },
      "ResponseBody": {
        "code": "NotFound",
        "message": "The collection \u0027mongodb-6955\u0027.\u0027mongodb-collection-1642\u0027 doesn\u0027t exist.\r\nActivityId: a6219ee5-2ad1-c377-6e94-95723a48fa3c, Microsoft.Azure.Documents.Common/2.14.0"
      }
    }
  ],
  "Variables": {
    "AZURE_AUTHORITY_HOST": "https://login.microsoftonline.com",
    "RandomSeed": "1584054963",
    "RESOURCE_MANAGER_URL": "https://management.azure.com/",
    "SUBSCRIPTION_ID": "db1ab6f0-4769-4b27-930e-01e2ef9c123c"
  }
}
