{
  "Entries": [
    {
      "RequestUri": "https://localhost:8443/subscriptions/00000000-0000-0000-0000-000000000000?api-version=2019-11-01",
      "RequestMethod": "GET",
      "RequestHeaders": {
        "Accept": "application/json",
        "Authorization": "Sanitized",
        "traceparent": "00-d9610b6476979b4c8e7f8926d988f7af-099b89bf35c3db4d-00",
        "User-Agent": "azsdk-net-ResourceManager/1.0.0-alpha.20211208.1 (.NET Framework 4.8.4300.0; Microsoft Windows 10.0.19044 )",
        "x-ms-client-request-id": "41f7ae17090f7a5594d29b3d8e16cb13",
        "x-ms-return-client-request-id": "true"
      },
      "RequestBody": null,
      "StatusCode": 200,
      "ResponseHeaders": {
        "Connection": "keep-alive",
        "Content-Length": "403",
        "Content-Type": "application/json; charset=utf-8",
        "Date": "Wed, 08 Dec 2021 07:18:29 GMT",
        "ETag": "W/\u0022193-XMviJqaGXohjOV1XjmYhUY8VLpk\u0022",
        "Keep-Alive": "timeout=5",
        "X-Powered-By": "Express"
      },
      "ResponseBody": {
        "id": "/subscriptions/00000000-0000-0000-0000-000000000000",
        "authorizationSource": "RoleBased",
        "managedByTenants": [],
        "subscriptionId": "00000000-0000-0000-0000-000000000000",
        "tenantId": "0000000-0000-0000-0000-000000000000",
        "displayName": "Name of the subscription",
        "state": "Enabled",
        "subscriptionPolicies": {
          "locationPlacementId": "Internal_2014-09-01",
          "quotaId": "Internal_2014-09-01",
          "spendingLimit": "Off"
        }
      }
    },
    {
      "RequestUri": "https://localhost:8443/subscriptions/00000000-0000-0000-0000-000000000000/resourcegroups/securityalert-6852?api-version=2019-10-01",
      "RequestMethod": "PUT",
      "RequestHeaders": {
        "Accept": "application/json",
        "Authorization": "Sanitized",
        "Content-Length": "81",
        "Content-Type": "application/json",
        "User-Agent": "azsdk-net-ResourceManager/1.0.0-alpha.20211208.1 (.NET Framework 4.8.4300.0; Microsoft Windows 10.0.19044 )",
        "x-ms-client-request-id": "6afd266c60b19b386b3bbcc2649d60a2",
        "x-ms-return-client-request-id": "true"
      },
      "RequestBody": {
        "location": "Azure.ResourceManager.Resources.Subscription",
        "tags": {
          "test": "env"
        }
      },
      "StatusCode": 200,
      "ResponseHeaders": {
        "Connection": "keep-alive",
        "Content-Length": "260",
        "Content-Type": "application/json; charset=utf-8",
        "Date": "Wed, 08 Dec 2021 07:18:29 GMT",
        "ETag": "W/\u0022104-A4Sryoy\u002BmZKbPlqN/Q5gmoUEK30\u0022",
        "Keep-Alive": "timeout=5",
        "X-Powered-By": "Express"
      },
      "ResponseBody": {
        "id": "/subscriptions/00000000-0000-0000-0000-000000000000/resourcegroups/securityalert-6852",
        "location": "eastus",
        "managedBy": null,
        "name": "securityalert-6852",
        "properties": {
          "provisioningState": "Succeeded"
        },
        "tags": {},
        "type": "Microsoft.Resources/resourceGroups"
      }
    },
    {
      "RequestUri": "https://localhost:8443/subscriptions/00000000-0000-0000-0000-000000000000/resourceGroups/securityalert-6852/providers/Microsoft.Sql/servers/securityalert-2080?api-version=2021-02-01-preview",
      "RequestMethod": "PUT",
      "RequestHeaders": {
        "Accept": "application/json",
        "Authorization": "Sanitized",
        "Content-Length": "396",
        "Content-Type": "application/json",
        "User-Agent": "azsdk-net-ResourceManager.Sql/1.0.0-alpha.20211208.1 (.NET Framework 4.8.4300.0; Microsoft Windows 10.0.19044 )",
        "x-ms-client-request-id": "4753c760c29e7773eab06ec836e46499",
        "x-ms-return-client-request-id": "true"
      },
      "RequestBody": {
        "tags": {},
        "location": "japaneast",
        "properties": {
          "administratorLogin": "dummylogin",
          "administratorLoginPassword": "PLACEHOLDER",
          "publicNetworkAccess": "Enabled",
          "administrators": {
            "principalType": "User",
            "login": "bob@contoso.com",
            "sid": "00000011-1111-2222-2222-123456789111",
            "tenantId": "00000011-1111-2222-2222-123456789111",
            "azureADOnlyAuthentication": true
          },
          "restrictOutboundNetworkAccess": "Enabled"
        }
      },
      "StatusCode": 200,
      "ResponseHeaders": {
        "Connection": "keep-alive",
        "Content-Length": "1977",
        "Content-Type": "application/json; charset=utf-8",
        "Date": "Wed, 08 Dec 2021 07:18:29 GMT",
        "ETag": "W/\u00227b9-edCuCT/kUWeeSyK5\u002BTl4b2bcBfc\u0022",
        "Keep-Alive": "timeout=5",
        "X-Powered-By": "Express"
      },
      "ResponseBody": {
        "id": "/subscriptions/00000000-0000-0000-0000-000000000000/resourceGroups/securityalert-6852/providers/Microsoft.Sql/servers/securityalert-2080",
        "name": "securityalert-2080",
        "type": "aaaaaaaaaaaaaaa",
        "location": "aaaaaaaaaaaaaaaaaaaaaaaaaa",
        "tags": {
          "key7290": "aaaaaaaaa"
        },
        "identity": {
          "userAssignedIdentities": {
            "/subscriptions/00000000-0000-0000-0000-000000000000/resourceGroups/00000000-0000-0000-0000-000000000000/providers/Microsoft.ManagedIdentity/userAssignedIdentities/key4360": {
              "principalId": "00000000-0000-0000-0000-000000000000",
              "clientId": "00000000-0000-0000-0000-000000000000"
            }
          },
          "principalId": "00000000-0000-0000-0000-000000000000",
          "type": "None",
          "tenantId": "00000000-0000-0000-0000-000000000000"
        },
        "kind": "aaaaaaaaaaaaaaaaaaaaaaaaaaaaaa",
        "properties": {
          "administratorLogin": "aaaaaaaaaaaaaaaaa",
          "administratorLoginPassword": "aaaaaaaa",
          "version": "aaaaaaaaaaaaaaaaaaaa",
          "state": "aaaaaaaaaaaaaaaaaaaaa",
          "fullyQualifiedDomainName": "aaaaaaaaaaaaaaaaaaaaaaaaaaaaaa",
          "privateEndpointConnections": [
            {
              "id": "/subscriptions/a9cbceed-cd54-47f1-b7a2-bad149218603/resourceGroups/mockRg/providers/Microsoft.Resources/mockResource/mockName",
              "properties": {
                "privateEndpoint": {
                  "id": "/subscriptions/a9cbceed-cd54-47f1-b7a2-bad149218603/resourceGroups/mockRg/providers/Microsoft.Resources/mockResource/mockName"
                },
                "privateLinkServiceConnectionState": {
                  "status": "Approved",
                  "description": "aaaaaaaaaaaaaaa",
                  "actionsRequired": "None"
                },
                "provisioningState": "Succeeded"
              }
            }
          ],
          "minimalTlsVersion": "aaaaaaaaaaaaaaaaaaaaaaaaaaa",
          "publicNetworkAccess": "Enabled",
          "workspaceFeature": "Connected",
          "primaryUserAssignedIdentityId": "aaaaaaaaaa",
          "federatedClientId": "00000000-0000-0000-0000-000000000000",
          "keyId": "aaaaaaaaaaaaaaaaaaaaaaaaaa",
          "administrators": {
            "administratorType": "ActiveDirectory",
            "principalType": "User",
            "login": "aaaaaaaaaaaaaaaa",
            "sid": "00000000-0000-0000-0000-000000000000",
            "tenantId": "00000000-0000-0000-0000-000000000000",
            "azureADOnlyAuthentication": true
          },
          "restrictOutboundNetworkAccess": "Enabled"
        }
      }
    },
    {
      "RequestUri": "https://localhost:8443/subscriptions/00000000-0000-0000-0000-000000000000/resourceGroups/securityalert-6852/providers/Microsoft.Sql/servers/securityalert-2080/databases/testdb?api-version=2021-02-01-preview",
      "RequestMethod": "PUT",
      "RequestHeaders": {
        "Accept": "application/json",
        "Authorization": "Sanitized",
        "Content-Length": "103",
        "Content-Type": "application/json",
        "User-Agent": "azsdk-net-ResourceManager.Sql/1.0.0-alpha.20211208.1 (.NET Framework 4.8.4300.0; Microsoft Windows 10.0.19044 )",
        "x-ms-client-request-id": "c7ddf97284c2aa74b2867f00f26f6587",
        "x-ms-return-client-request-id": "true"
      },
      "RequestBody": {
        "sku": {
          "name": "BC",
          "family": "Gen4",
          "capacity": 2
        },
        "tags": {},
        "location": "southeastasia",
        "properties": {}
      },
      "StatusCode": 200,
      "ResponseHeaders": {
        "Connection": "keep-alive",
        "Content-Length": "1836",
        "Content-Type": "application/json; charset=utf-8",
        "Date": "Wed, 08 Dec 2021 07:18:29 GMT",
        "ETag": "W/\u002272c-5APR5I/QzuOwzDy4PnB36yw5Ydk\u0022",
        "Keep-Alive": "timeout=5",
        "X-Powered-By": "Express"
      },
      "ResponseBody": {
        "id": "/subscriptions/00000000-0000-0000-0000-000000000000/resourceGroups/securityalert-6852/providers/Microsoft.Sql/servers/securityalert-2080/databases/testdb",
        "name": "testdb",
        "type": "aaaaaaaaaaaaaaaaaaaaa",
        "location": "aaaaaaaaaaa",
        "tags": {
          "key1702": "aaaaa"
        },
        "sku": {
          "name": "testdb",
          "tier": "aaaaaa",
          "size": "aaaaaaaaaaaa",
          "family": "aaaaaaaaaaaaaaaaaa",
          "capacity": 23
        },
        "kind": "aaaaaaaaaaaaaaaaaaaaaaaaa",
        "managedBy": "aa",
        "properties": {
          "createMode": "Default",
          "collation": "aaaaaaaaaaaaaa",
          "maxSizeBytes": 13,
          "sampleName": "AdventureWorksLT",
          "elasticPoolId": "aaa",
          "sourceDatabaseId": "aaaaaaaaaaaaaaaaaaaaaa",
          "status": "Online",
          "databaseId": "00000000-0000-0000-0000-000000000000",
          "creationDate": "2021-12-08T07:18:29.032Z",
          "currentServiceObjectiveName": "aaaaa",
          "requestedServiceObjectiveName": "aaa",
          "defaultSecondaryLocation": "aaaaaaaaaaaaaaaaaaaa",
          "failoverGroupId": "aaaaaaaaaaaaaaaaaaaaaaaa",
          "restorePointInTime": "2021-12-08T07:18:29.032Z",
          "sourceDatabaseDeletionDate": "2021-12-08T07:18:29.032Z",
          "recoveryServicesRecoveryPointId": "aaaaaaaa",
          "longTermRetentionBackupResourceId": "a",
          "recoverableDatabaseId": "aaaaaaaaaaaaaaaaa",
          "restorableDroppedDatabaseId": "aaaaaaaaaaaaaaa",
          "catalogCollation": "DATABASE_DEFAULT",
          "zoneRedundant": true,
          "licenseType": "LicenseIncluded",
          "maxLogSizeBytes": 29,
          "earliestRestoreDate": "2021-12-08T07:18:29.032Z",
          "readScale": "Enabled",
          "highAvailabilityReplicaCount": 18,
          "secondaryType": "Geo",
          "currentSku": {
            "name": "testdb",
            "tier": "aaaaaaaaaaaaaaaaaaaaaaaaaaaaaa",
            "size": "aaaaaaaaa",
            "family": "aaaaaaaaa",
            "capacity": 30
          },
          "autoPauseDelay": 4,
          "currentBackupStorageRedundancy": "Geo",
          "requestedBackupStorageRedundancy": "Geo",
          "minCapacity": 22,
          "pausedDate": "2021-12-08T07:18:29.032Z",
          "resumedDate": "2021-12-08T07:18:29.032Z",
          "maintenanceConfigurationId": "aaaaaaaaaaaaaaaaaaaaaaaaaaa",
          "isLedgerOn": true,
          "isInfraEncryptionEnabled": true
        }
      }
    },
    {
      "RequestUri": "https://localhost:8443/subscriptions/00000000-0000-0000-0000-000000000000/resourceGroups/securityalert-6852/providers/Microsoft.Sql/servers/securityalert-2080/databases/testdb/securityAlertPolicies/Default?api-version=2020-11-01-preview",
      "RequestMethod": "GET",
      "RequestHeaders": {
        "Accept": "application/json",
        "Authorization": "Sanitized",
        "User-Agent": "azsdk-net-ResourceManager.Sql/1.0.0-alpha.20211208.1 (.NET Framework 4.8.4300.0; Microsoft Windows 10.0.19044 )",
        "x-ms-client-request-id": "3d55779b9c065fd7ff92f8cfdfc9c305",
        "x-ms-return-client-request-id": "true"
      },
      "RequestBody": null,
      "StatusCode": 200,
      "ResponseHeaders": {
        "Connection": "keep-alive",
        "Content-Length": "710",
        "Content-Type": "application/json; charset=utf-8",
        "Date": "Wed, 08 Dec 2021 07:18:29 GMT",
        "ETag": "W/\u00222c6-y/S1ZEkuk5BePSFRTcwdPymxNAQ\u0022",
        "Keep-Alive": "timeout=5",
        "X-Powered-By": "Express"
      },
      "ResponseBody": {
        "id": "/subscriptions/00000000-0000-0000-0000-000000000000/resourceGroups/securityalert-6852/providers/Microsoft.Sql/servers/securityalert-2080/databases/testdb/securityAlertPolicies/Default",
        "name": "Default",
        "type": "aaaaa",
        "systemData": {
          "createdBy": "aaaaaaaaaaaaaaaaa",
          "createdByType": "User",
          "createdAt": "2021-12-08T07:18:29.039Z",
          "lastModifiedBy": "aaaaaaaaaaaaaaaaaaa",
          "lastModifiedByType": "User",
          "lastModifiedAt": "2021-12-08T07:18:29.039Z"
        },
        "properties": {
          "state": "Enabled",
          "disabledAlerts": [
            "aaaaaaaaaaaa"
          ],
          "emailAddresses": [
            "aaaaaaaaaaaaaa"
          ],
          "emailAccountAdmins": true,
          "storageEndpoint": "aaaaaaaaaaaaaaaaaaaaaa",
          "storageAccountAccessKey": "aaaa",
          "retentionDays": 26,
          "creationTime": "2021-12-08T07:18:29.039Z"
        }
      }
    }
  ],
  "Variables": {
    "RandomSeed": "723885394",
    "RESOURCE_MANAGER_URL": "https://localhost:8443",
    "SUBSCRIPTION_ID": "00000000-0000-0000-0000-000000000000"
  }
}
