{
  "Entries": [
    {
      "RequestUri": "https://FakeHost.net/configurations/testconfigurations0843405236?api-version=2020-03-13",
      "RequestMethod": "PUT",
      "RequestHeaders": {
        "Authorization": "Sanitized",
        "Content-Length": "262",
        "Content-Type": "application/json",
        "If-Match": "\u0022\u0022",
        "User-Agent": [
          "azsdk-net-Iot.Hub.Service/1.0.0-dev.20200819.1",
          "(.NET Core 4.6.29017.01; Microsoft Windows 10.0.18363 )"
        ],
        "x-ms-client-request-id": "b1417b51242056e7a699b7edc4e8415e",
        "x-ms-return-client-request-id": "true"
      },
      "RequestBody": {
        "id": "testconfigurations0843405236",
        "labels": {
          "HostPlatform": "Microsoft Windows NT 10.0.18363.0"
        },
        "content": {
          "deviceContent": {
            "properties.desired.deviceContent_key": "deviceContent_value-testconfigurations0843405236"
          }
        },
        "targetCondition": "*",
        "priority": 118164244
      },
      "StatusCode": 200,
      "ResponseHeaders": {
        "Content-Length": "644",
        "Content-Type": "application/json; charset=utf-8",
        "Date": "Wed, 19 Aug 2020 17:52:13 GMT",
        "ETag": "\u0022MQ==\u0022",
        "Server": "Microsoft-HTTPAPI/2.0",
        "Vary": "Origin",
        "x-ms-request-id": "9cbfa9d0-ba30-451c-8ba6-786503e7707e"
      },
      "ResponseBody": {
        "id": "testconfigurations0843405236",
        "schemaVersion": null,
        "labels": {
          "HostPlatform": "Microsoft Windows NT 10.0.18363.0"
        },
        "content": {
          "deviceContent": {
            "properties.desired.deviceContent_key": "deviceContent_value-testconfigurations0843405236"
          }
        },
        "targetCondition": "*",
        "createdTimeUtc": "2020-08-19T17:52:13.6739286Z",
        "lastUpdatedTimeUtc": "2020-08-19T17:52:13.6739286Z",
        "priority": 118164244,
        "systemMetrics": {
          "results": {},
          "queries": {
            "targetedCount": "select deviceId from devices",
            "appliedCount": "select deviceId from devices where configurations.[[testconfigurations0843405236]].status = \u0027Applied\u0027"
          }
        },
        "metrics": {
          "results": {},
          "queries": {}
        },
        "etag": "MQ=="
      }
    },
    {
      "RequestUri": "https://FakeHost.net/configurations/testconfigurations1495569750?api-version=2020-03-13",
      "RequestMethod": "PUT",
      "RequestHeaders": {
        "Authorization": "Sanitized",
        "Content-Length": "262",
        "Content-Type": "application/json",
        "If-Match": "\u0022\u0022",
        "User-Agent": [
          "azsdk-net-Iot.Hub.Service/1.0.0-dev.20200819.1",
          "(.NET Core 4.6.29017.01; Microsoft Windows 10.0.18363 )"
        ],
        "x-ms-client-request-id": "450c75f9b47ec46d40d82900a9e606d2",
        "x-ms-return-client-request-id": "true"
      },
      "RequestBody": {
        "id": "testconfigurations1495569750",
        "labels": {
          "HostPlatform": "Microsoft Windows NT 10.0.18363.0"
        },
        "content": {
          "deviceContent": {
            "properties.desired.deviceContent_key": "deviceContent_value-testconfigurations1495569750"
          }
        },
        "targetCondition": "*",
        "priority": 147099029
      },
      "StatusCode": 200,
      "ResponseHeaders": {
        "Content-Length": "644",
        "Content-Type": "application/json; charset=utf-8",
        "Date": "Wed, 19 Aug 2020 17:52:19 GMT",
        "ETag": "\u0022MQ==\u0022",
        "Server": "Microsoft-HTTPAPI/2.0",
        "Vary": "Origin",
        "x-ms-request-id": "b3697334-fb67-4303-93cc-a261cb1d5bb8"
      },
      "ResponseBody": {
        "id": "testconfigurations1495569750",
        "schemaVersion": null,
        "labels": {
          "HostPlatform": "Microsoft Windows NT 10.0.18363.0"
        },
        "content": {
          "deviceContent": {
            "properties.desired.deviceContent_key": "deviceContent_value-testconfigurations1495569750"
          }
        },
        "targetCondition": "*",
        "createdTimeUtc": "2020-08-19T17:52:19.8073747Z",
        "lastUpdatedTimeUtc": "2020-08-19T17:52:19.8073747Z",
        "priority": 147099029,
        "systemMetrics": {
          "results": {},
          "queries": {
            "targetedCount": "select deviceId from devices",
            "appliedCount": "select deviceId from devices where configurations.[[testconfigurations1495569750]].status = \u0027Applied\u0027"
          }
        },
        "metrics": {
          "results": {},
          "queries": {}
        },
        "etag": "MQ=="
      }
    },
    {
      "RequestUri": "https://FakeHost.net/configurations/testconfigurations2373905613?api-version=2020-03-13",
      "RequestMethod": "PUT",
      "RequestHeaders": {
        "Authorization": "Sanitized",
        "Content-Length": "262",
        "Content-Type": "application/json",
        "If-Match": "\u0022\u0022",
        "User-Agent": [
          "azsdk-net-Iot.Hub.Service/1.0.0-dev.20200819.1",
          "(.NET Core 4.6.29017.01; Microsoft Windows 10.0.18363 )"
        ],
        "x-ms-client-request-id": "2db545fc0c746ec9d053f8a57e72a0c9",
        "x-ms-return-client-request-id": "true"
      },
      "RequestBody": {
        "id": "testconfigurations2373905613",
        "labels": {
          "HostPlatform": "Microsoft Windows NT 10.0.18363.0"
        },
        "content": {
          "deviceContent": {
            "properties.desired.deviceContent_key": "deviceContent_value-testconfigurations2373905613"
          }
        },
        "targetCondition": "*",
        "priority": 669773097
      },
      "StatusCode": 200,
      "ResponseHeaders": {
        "Content-Length": "644",
        "Content-Type": "application/json; charset=utf-8",
        "Date": "Wed, 19 Aug 2020 17:52:22 GMT",
        "ETag": "\u0022MQ==\u0022",
        "Server": "Microsoft-HTTPAPI/2.0",
        "Vary": "Origin",
        "x-ms-request-id": "6e51d030-b273-4656-9694-2300fa2e6c51"
      },
      "ResponseBody": {
        "id": "testconfigurations2373905613",
        "schemaVersion": null,
        "labels": {
          "HostPlatform": "Microsoft Windows NT 10.0.18363.0"
        },
        "content": {
          "deviceContent": {
            "properties.desired.deviceContent_key": "deviceContent_value-testconfigurations2373905613"
          }
        },
        "targetCondition": "*",
        "createdTimeUtc": "2020-08-19T17:52:22.6981628Z",
        "lastUpdatedTimeUtc": "2020-08-19T17:52:22.6981628Z",
        "priority": 669773097,
        "systemMetrics": {
          "results": {},
          "queries": {
            "targetedCount": "select deviceId from devices",
            "appliedCount": "select deviceId from devices where configurations.[[testconfigurations2373905613]].status = \u0027Applied\u0027"
          }
        },
        "metrics": {
          "results": {},
          "queries": {}
        },
        "etag": "MQ=="
      }
    },
    {
      "RequestUri": "https://FakeHost.net/configurations/testconfigurations3513379495?api-version=2020-03-13",
      "RequestMethod": "PUT",
      "RequestHeaders": {
        "Authorization": "Sanitized",
        "Content-Length": "262",
        "Content-Type": "application/json",
        "If-Match": "\u0022\u0022",
        "User-Agent": [
          "azsdk-net-Iot.Hub.Service/1.0.0-dev.20200819.1",
          "(.NET Core 4.6.29017.01; Microsoft Windows 10.0.18363 )"
        ],
        "x-ms-client-request-id": "8dfd0b075b440fe32da5efd1e7f21a17",
        "x-ms-return-client-request-id": "true"
      },
      "RequestBody": {
        "id": "testconfigurations3513379495",
        "labels": {
          "HostPlatform": "Microsoft Windows NT 10.0.18363.0"
        },
        "content": {
          "deviceContent": {
            "properties.desired.deviceContent_key": "deviceContent_value-testconfigurations3513379495"
          }
        },
        "targetCondition": "*",
        "priority": 203918143
      },
      "StatusCode": 200,
      "ResponseHeaders": {
        "Content-Length": "644",
        "Content-Type": "application/json; charset=utf-8",
        "Date": "Wed, 19 Aug 2020 17:52:31 GMT",
        "ETag": "\u0022MQ==\u0022",
        "Server": "Microsoft-HTTPAPI/2.0",
        "Vary": "Origin",
        "x-ms-request-id": "7afbcdd7-2c82-493e-b733-b6a097cf852f"
      },
      "ResponseBody": {
        "id": "testconfigurations3513379495",
        "schemaVersion": null,
        "labels": {
          "HostPlatform": "Microsoft Windows NT 10.0.18363.0"
        },
        "content": {
          "deviceContent": {
            "properties.desired.deviceContent_key": "deviceContent_value-testconfigurations3513379495"
          }
        },
        "targetCondition": "*",
        "createdTimeUtc": "2020-08-19T17:52:31.7678601Z",
        "lastUpdatedTimeUtc": "2020-08-19T17:52:31.7678601Z",
        "priority": 203918143,
        "systemMetrics": {
          "results": {},
          "queries": {
            "targetedCount": "select deviceId from devices",
            "appliedCount": "select deviceId from devices where configurations.[[testconfigurations3513379495]].status = \u0027Applied\u0027"
          }
        },
        "metrics": {
          "results": {},
          "queries": {}
        },
        "etag": "MQ=="
      }
    },
    {
      "RequestUri": "https://FakeHost.net/configurations/testconfigurations490448738?api-version=2020-03-13",
      "RequestMethod": "PUT",
      "RequestHeaders": {
        "Authorization": "Sanitized",
        "Content-Length": "260",
        "Content-Type": "application/json",
        "If-Match": "\u0022\u0022",
        "User-Agent": [
          "azsdk-net-Iot.Hub.Service/1.0.0-dev.20200819.1",
          "(.NET Core 4.6.29017.01; Microsoft Windows 10.0.18363 )"
        ],
        "x-ms-client-request-id": "ff01cbdf0f7c1ae3cc9a59b660e03fc7",
        "x-ms-return-client-request-id": "true"
      },
      "RequestBody": {
        "id": "testconfigurations490448738",
        "labels": {
          "HostPlatform": "Microsoft Windows NT 10.0.18363.0"
        },
        "content": {
          "deviceContent": {
            "properties.desired.deviceContent_key": "deviceContent_value-testconfigurations490448738"
          }
        },
        "targetCondition": "*",
        "priority": 909011216
      },
      "StatusCode": 200,
      "ResponseHeaders": {
        "Content-Length": "641",
        "Content-Type": "application/json; charset=utf-8",
        "Date": "Wed, 19 Aug 2020 17:52:36 GMT",
        "ETag": "\u0022MQ==\u0022",
        "Server": "Microsoft-HTTPAPI/2.0",
        "Vary": "Origin",
        "x-ms-request-id": "6d2b0ca5-a13e-478d-b33a-f8f84e979d16"
      },
      "ResponseBody": {
        "id": "testconfigurations490448738",
        "schemaVersion": null,
        "labels": {
          "HostPlatform": "Microsoft Windows NT 10.0.18363.0"
        },
        "content": {
          "deviceContent": {
            "properties.desired.deviceContent_key": "deviceContent_value-testconfigurations490448738"
          }
        },
        "targetCondition": "*",
        "createdTimeUtc": "2020-08-19T17:52:37.7463248Z",
        "lastUpdatedTimeUtc": "2020-08-19T17:52:37.7463248Z",
        "priority": 909011216,
        "systemMetrics": {
          "results": {},
          "queries": {
            "targetedCount": "select deviceId from devices",
            "appliedCount": "select deviceId from devices where configurations.[[testconfigurations490448738]].status = \u0027Applied\u0027"
          }
        },
        "metrics": {
          "results": {},
          "queries": {}
        },
        "etag": "MQ=="
      }
    },
    {
      "RequestUri": "https://FakeHost.net/configurations?api-version=2020-03-13",
      "RequestMethod": "GET",
      "RequestHeaders": {
        "Authorization": "Sanitized",
        "User-Agent": [
          "azsdk-net-Iot.Hub.Service/1.0.0-dev.20200819.1",
          "(.NET Core 4.6.29017.01; Microsoft Windows 10.0.18363 )"
        ],
        "x-ms-client-request-id": "6e2cc1ca5a01654adf237fff6c058a66",
        "x-ms-return-client-request-id": "true"
      },
      "RequestBody": null,
      "StatusCode": 200,
      "ResponseHeaders": {
        "Content-Length": "5158",
        "Content-Type": "application/json; charset=utf-8",
        "Date": "Wed, 19 Aug 2020 17:52:36 GMT",
        "Server": "Microsoft-HTTPAPI/2.0",
        "Vary": "Origin",
        "x-ms-request-id": "aeb92191-9c1c-48fa-a398-9381dd9a11b0"
      },
      "ResponseBody": "[{\u0022id\u0022:\u0022testconfigurations21854553155\u0022,\u0022schemaVersion\u0022:null,\u0022labels\u0022:{\u0022HostPlatform\u0022:\u0022Microsoft Windows NT 10.0.18363.0\u0022},\u0022content\u0022:{\u0022deviceContent\u0022:{\u0022properties.desired.deviceContent_key\u0022:\u0022deviceContent_value-testconfigurations21854553155\u0022}},\u0022targetCondition\u0022:\u0022*\u0022,\u0022createdTimeUtc\u0022:\u00222020-08-19T17:52:10.766715Z\u0022,\u0022lastUpdatedTimeUtc\u0022:\u00222020-08-19T17:52:10.766715Z\u0022,\u0022priority\u0022:154985037,\u0022systemMetrics\u0022:{\u0022results\u0022:{},\u0022queries\u0022:{\u0022targetedCount\u0022:\u0022select deviceId from devices\u0022,\u0022appliedCount\u0022:\u0022select deviceId from devices where configurations.[[testconfigurations21854553155]].status = \u0027Applied\u0027\u0022}},\u0022metrics\u0022:{\u0022results\u0022:{},\u0022queries\u0022:{}},\u0022etag\u0022:\u0022MQ==\u0022},{\u0022id\u0022:\u0022testconfigurations0843405236\u0022,\u0022schemaVersion\u0022:null,\u0022labels\u0022:{\u0022HostPlatform\u0022:\u0022Microsoft Windows NT 10.0.18363.0\u0022},\u0022content\u0022:{\u0022deviceContent\u0022:{\u0022properties.desired.deviceContent_key\u0022:\u0022deviceContent_value-testconfigurations0843405236\u0022}},\u0022targetCondition\u0022:\u0022*\u0022,\u0022createdTimeUtc\u0022:\u00222020-08-19T17:52:13.6739286Z\u0022,\u0022lastUpdatedTimeUtc\u0022:\u00222020-08-19T17:52:13.6739286Z\u0022,\u0022priority\u0022:118164244,\u0022systemMetrics\u0022:{\u0022results\u0022:{},\u0022queries\u0022:{\u0022targetedCount\u0022:\u0022select deviceId from devices\u0022,\u0022appliedCount\u0022:\u0022select deviceId from devices where configurations.[[testconfigurations0843405236]].status = \u0027Applied\u0027\u0022}},\u0022metrics\u0022:{\u0022results\u0022:{},\u0022queries\u0022:{}},\u0022etag\u0022:\u0022MQ==\u0022},{\u0022id\u0022:\u0022testconfigurations318400672\u0022,\u0022schemaVersion\u0022:null,\u0022labels\u0022:{\u0022HostPlatform\u0022:\u0022Microsoft Windows NT 10.0.18363.0\u0022},\u0022content\u0022:{\u0022deviceContent\u0022:{\u0022properties.desired.deviceContent_key\u0022:\u0022deviceContent_value-testconfigurations318400672\u0022}},\u0022targetCondition\u0022:\u0022*\u0022,\u0022createdTimeUtc\u0022:\u00222020-08-19T17:52:16.729916Z\u0022,\u0022lastUpdatedTimeUtc\u0022:\u00222020-08-19T17:52:16.729916Z\u0022,\u0022priority\u0022:952171226,\u0022systemMetrics\u0022:{\u0022results\u0022:{},\u0022queries\u0022:{\u0022targetedCount\u0022:\u0022select deviceId from devices\u0022,\u0022appliedCount\u0022:\u0022select deviceId from devices where configurations.[[testconfigurations318400672]].status = \u0027Applied\u0027\u0022}},\u0022metrics\u0022:{\u0022results\u0022:{},\u0022queries\u0022:{}},\u0022etag\u0022:\u0022MQ==\u0022},{\u0022id\u0022:\u0022testconfigurations1495569750\u0022,\u0022schemaVersion\u0022:null,\u0022labels\u0022:{\u0022HostPlatform\u0022:\u0022Microsoft Windows NT 10.0.18363.0\u0022},\u0022content\u0022:{\u0022deviceContent\u0022:{\u0022properties.desired.deviceContent_key\u0022:\u0022deviceContent_value-testconfigurations1495569750\u0022}},\u0022targetCondition\u0022:\u0022*\u0022,\u0022createdTimeUtc\u0022:\u00222020-08-19T17:52:19.8073747Z\u0022,\u0022lastUpdatedTimeUtc\u0022:\u00222020-08-19T17:52:19.8073747Z\u0022,\u0022priority\u0022:147099029,\u0022systemMetrics\u0022:{\u0022results\u0022:{},\u0022queries\u0022:{\u0022targetedCount\u0022:\u0022select deviceId from devices\u0022,\u0022appliedCount\u0022:\u0022select deviceId from devices where configurations.[[testconfigurations1495569750]].status = \u0027Applied\u0027\u0022}},\u0022metrics\u0022:{\u0022results\u0022:{},\u0022queries\u0022:{}},\u0022etag\u0022:\u0022MQ==\u0022},{\u0022id\u0022:\u0022testconfigurations2373905613\u0022,\u0022schemaVersion\u0022:null,\u0022labels\u0022:{\u0022HostPlatform\u0022:\u0022Microsoft Windows NT 10.0.18363.0\u0022},\u0022content\u0022:{\u0022deviceContent\u0022:{\u0022properties.desired.deviceContent_key\u0022:\u0022deviceContent_value-testconfigurations2373905613\u0022}},\u0022targetCondition\u0022:\u0022*\u0022,\u0022createdTimeUtc\u0022:\u00222020-08-19T17:52:22.6981628Z\u0022,\u0022lastUpdatedTimeUtc\u0022:\u00222020-08-19T17:52:22.6981628Z\u0022,\u0022priority\u0022:669773097,\u0022systemMetrics\u0022:{\u0022results\u0022:{},\u0022queries\u0022:{\u0022targetedCount\u0022:\u0022select deviceId from devices\u0022,\u0022appliedCount\u0022:\u0022select deviceId from devices where configurations.[[testconfigurations2373905613]].status = \u0027Applied\u0027\u0022}},\u0022metrics\u0022:{\u0022results\u0022:{},\u0022queries\u0022:{}},\u0022etag\u0022:\u0022MQ==\u0022},{\u0022id\u0022:\u0022testconfigurations41903092098\u0022,\u0022schemaVersion\u0022:null,\u0022labels\u0022:{\u0022HostPlatform\u0022:\u0022Microsoft Windows NT 10.0.18363.0\u0022},\u0022content\u0022:{\u0022deviceContent\u0022:{\u0022properties.desired.deviceContent_key\u0022:\u0022deviceContent_value-testconfigurations41903092098\u0022}},\u0022targetCondition\u0022:\u0022*\u0022,\u0022createdTimeUtc\u0022:\u00222020-08-19T17:52:25.8146341Z\u0022,\u0022lastUpdatedTimeUtc\u0022:\u00222020-08-19T17:52:25.8146341Z\u0022,\u0022priority\u0022:1490224338,\u0022systemMetrics\u0022:{\u0022results\u0022:{},\u0022queries\u0022:{\u0022targetedCount\u0022:\u0022select deviceId from devices\u0022,\u0022appliedCount\u0022:\u0022select deviceId from devices where configurations.[[testconfigurations41903092098]].status = \u0027Applied\u0027\u0022}},\u0022metrics\u0022:{\u0022results\u0022:{},\u0022queries\u0022:{}},\u0022etag\u0022:\u0022MQ==\u0022},{\u0022id\u0022:\u0022testconfigurations3513379495\u0022,\u0022schemaVersion\u0022:null,\u0022labels\u0022:{\u0022HostPlatform\u0022:\u0022Microsoft Windows NT 10.0.18363.0\u0022},\u0022content\u0022:{\u0022deviceContent\u0022:{\u0022properties.desired.deviceContent_key\u0022:\u0022deviceContent_value-testconfigurations3513379495\u0022}},\u0022targetCondition\u0022:\u0022*\u0022,\u0022createdTimeUtc\u0022:\u00222020-08-19T17:52:31.7678601Z\u0022,\u0022lastUpdatedTimeUtc\u0022:\u00222020-08-19T17:52:31.7678601Z\u0022,\u0022priority\u0022:203918143,\u0022systemMetrics\u0022:{\u0022results\u0022:{},\u0022queries\u0022:{\u0022targetedCount\u0022:\u0022select deviceId from devices\u0022,\u0022appliedCount\u0022:\u0022select deviceId from devices where configurations.[[testconfigurations3513379495]].status = \u0027Applied\u0027\u0022}},\u0022metrics\u0022:{\u0022results\u0022:{},\u0022queries\u0022:{}},\u0022etag\u0022:\u0022MQ==\u0022},{\u0022id\u0022:\u0022testconfigurations490448738\u0022,\u0022schemaVersion\u0022:null,\u0022labels\u0022:{\u0022HostPlatform\u0022:\u0022Microsoft Windows NT 10.0.18363.0\u0022},\u0022content\u0022:{\u0022deviceContent\u0022:{\u0022properties.desired.deviceContent_key\u0022:\u0022deviceContent_value-testconfigurations490448738\u0022}},\u0022targetCondition\u0022:\u0022*\u0022,\u0022createdTimeUtc\u0022:\u00222020-08-19T17:52:37.7463248Z\u0022,\u0022lastUpdatedTimeUtc\u0022:\u00222020-08-19T17:52:37.7463248Z\u0022,\u0022priority\u0022:909011216,\u0022systemMetrics\u0022:{\u0022results\u0022:{},\u0022queries\u0022:{\u0022targetedCount\u0022:\u0022select deviceId from devices\u0022,\u0022appliedCount\u0022:\u0022select deviceId from devices where configurations.[[testconfigurations490448738]].status = \u0027Applied\u0027\u0022}},\u0022metrics\u0022:{\u0022results\u0022:{},\u0022queries\u0022:{}},\u0022etag\u0022:\u0022MQ==\u0022}]"
    },
    {
      "RequestUri": "https://FakeHost.net/configurations/testconfigurations0843405236?api-version=2020-03-13",
      "RequestMethod": "DELETE",
      "RequestHeaders": {
        "Authorization": "Sanitized",
        "If-Match": "*",
        "User-Agent": [
          "azsdk-net-Iot.Hub.Service/1.0.0-dev.20200819.1",
          "(.NET Core 4.6.29017.01; Microsoft Windows 10.0.18363 )"
        ],
        "x-ms-client-request-id": "dbe99010083ded8fa9298e49b576450e",
        "x-ms-return-client-request-id": "true"
      },
      "RequestBody": null,
      "StatusCode": 204,
      "ResponseHeaders": {
        "Content-Length": "0",
        "Date": "Wed, 19 Aug 2020 17:52:43 GMT",
        "Server": "Microsoft-HTTPAPI/2.0",
        "Vary": "Origin",
        "x-ms-request-id": "255e3d20-491b-4833-a489-574c007963f4"
      },
      "ResponseBody": []
    },
    {
      "RequestUri": "https://FakeHost.net/configurations/testconfigurations1495569750?api-version=2020-03-13",
      "RequestMethod": "DELETE",
      "RequestHeaders": {
        "Authorization": "Sanitized",
        "If-Match": "*",
        "User-Agent": [
          "azsdk-net-Iot.Hub.Service/1.0.0-dev.20200819.1",
          "(.NET Core 4.6.29017.01; Microsoft Windows 10.0.18363 )"
        ],
        "x-ms-client-request-id": "59271f92f3eb840e819c205890e3adc6",
        "x-ms-return-client-request-id": "true"
      },
      "RequestBody": null,
      "StatusCode": 204,
      "ResponseHeaders": {
        "Content-Length": "0",
        "Date": "Wed, 19 Aug 2020 17:52:46 GMT",
        "Server": "Microsoft-HTTPAPI/2.0",
        "Vary": "Origin",
        "x-ms-request-id": "36673c2e-0afd-4b12-8fb8-bbf3222185bc"
      },
      "ResponseBody": []
    },
    {
      "RequestUri": "https://FakeHost.net/configurations/testconfigurations2373905613?api-version=2020-03-13",
      "RequestMethod": "DELETE",
      "RequestHeaders": {
        "Authorization": "Sanitized",
        "If-Match": "*",
        "User-Agent": [
          "azsdk-net-Iot.Hub.Service/1.0.0-dev.20200819.1",
          "(.NET Core 4.6.29017.01; Microsoft Windows 10.0.18363 )"
        ],
        "x-ms-client-request-id": "cfa5f30f63f6c289323ec4d7cc00af68",
        "x-ms-return-client-request-id": "true"
      },
      "RequestBody": null,
      "StatusCode": 204,
      "ResponseHeaders": {
        "Content-Length": "0",
        "Date": "Wed, 19 Aug 2020 17:52:49 GMT",
        "Server": "Microsoft-HTTPAPI/2.0",
        "Vary": "Origin",
        "x-ms-request-id": "4cec6053-08b5-4618-8c4c-a4dc7504637c"
      },
      "ResponseBody": []
    },
    {
      "RequestUri": "https://FakeHost.net/configurations/testconfigurations3513379495?api-version=2020-03-13",
      "RequestMethod": "DELETE",
      "RequestHeaders": {
        "Authorization": "Sanitized",
        "If-Match": "*",
        "User-Agent": [
          "azsdk-net-Iot.Hub.Service/1.0.0-dev.20200819.1",
          "(.NET Core 4.6.29017.01; Microsoft Windows 10.0.18363 )"
        ],
        "x-ms-client-request-id": "4c6d70dd31de1d7a81645aa1e8365dc6",
        "x-ms-return-client-request-id": "true"
      },
      "RequestBody": null,
      "StatusCode": 204,
      "ResponseHeaders": {
        "Content-Length": "0",
        "Date": "Wed, 19 Aug 2020 17:52:55 GMT",
        "Server": "Microsoft-HTTPAPI/2.0",
        "Vary": "Origin",
        "x-ms-request-id": "a58e16c7-72c8-4bc6-978b-bf652546dd83"
      },
      "ResponseBody": []
    },
    {
      "RequestUri": "https://FakeHost.net/configurations/testconfigurations490448738?api-version=2020-03-13",
      "RequestMethod": "DELETE",
      "RequestHeaders": {
        "Authorization": "Sanitized",
        "If-Match": "*",
        "User-Agent": [
          "azsdk-net-Iot.Hub.Service/1.0.0-dev.20200819.1",
          "(.NET Core 4.6.29017.01; Microsoft Windows 10.0.18363 )"
        ],
        "x-ms-client-request-id": "c139c77c76d02e17956426ac2e37b880",
        "x-ms-return-client-request-id": "true"
      },
      "RequestBody": null,
      "StatusCode": 204,
      "ResponseHeaders": {
        "Content-Length": "0",
        "Date": "Wed, 19 Aug 2020 17:53:07 GMT",
        "Server": "Microsoft-HTTPAPI/2.0",
        "Vary": "Origin",
        "x-ms-request-id": "61086388-ed39-45ea-96ec-b56903503351"
      },
      "ResponseBody": []
    }
  ],
  "Variables": {
    "IOT_HUB_CONNECTION_STRING": "HostName=FakeHost.net;SharedAccessKeyName=iothubowner;SharedAccessKey=Kg==;",
    "RandomSeed": "1435847315"
  }
}