{
  "Entries": [
    {
      "RequestUri": "https://workspacechhamosynapse.dev.azuresynapse.net/dataflows/DataFlow6483?api-version=2019-06-01-preview",
      "RequestMethod": "PUT",
      "RequestHeaders": {
        "Accept": "application/json",
        "Authorization": "Sanitized",
        "Content-Length": "28",
        "Content-Type": "application/json",
        "traceparent": "00-0f5e5eb2988e4846bb4d3a1090f822ac-39622ad87d230345-00",
        "User-Agent": [
          "azsdk-net-Analytics.Synapse.Artifacts/1.0.0-alpha.20210120.1",
          "(.NET 5.0.0; Darwin 19.6.0 Darwin Kernel Version 19.6.0: Tue Nov 10 00:10:30 PST 2020; root:xnu-6153.141.10~1/RELEASE_X86_64)"
        ],
        "x-ms-client-request-id": "a19e1f09be476cc5cc8f21d938cc3083",
        "x-ms-return-client-request-id": "true"
      },
      "RequestBody": {
        "properties": {
          "type": null
        }
      },
      "StatusCode": 202,
      "ResponseHeaders": {
        "Access-Control-Allow-Headers": [
          "Location",
          "Retry-After"
        ],
        "Access-Control-Expose-Headers": [
          "Location",
          "Retry-After"
        ],
        "Content-Length": "431",
        "Content-Type": "application/json; charset=utf-8",
        "Date": "Wed, 20 Jan 2021 21:27:06 GMT",
        "Location": "https://workspacechhamosynapse.dev.azuresynapse.net/operationResults/967d024e-9578-4a50-ae17-6503713272ac?api-version=2019-06-01-preview",
        "Retry-After": "10",
        "Server": "Microsoft-HTTPAPI/2.0",
        "Strict-Transport-Security": "max-age=31536000; includeSubDomains",
        "x-ms-client-request-id": "a19e1f09be476cc5cc8f21d938cc3083",
        "x-ms-request-id": "50a2f9fb-7fe1-4fab-9af1-df1fd2042f25"
      },
      "ResponseBody": {
        "id": "/subscriptions/faa080af-c1d8-40ad-9cce-e1a450ca5b57/resourceGroups/rg-chhamosynapse/providers/Microsoft.Synapse/workspaces/workspacechhamosynapse/dataflows/DataFlow6483",
        "recordId": 983928,
        "state": "Creating",
        "created": "2021-01-20T21:27:07.17Z",
        "changed": "2021-01-20T21:27:07.17Z",
        "type": "DataFlow",
        "name": "DataFlow6483",
        "operationId": "967d024e-9578-4a50-ae17-6503713272ac",
        "artifactId": "72EB386D-BB9C-4295-A9F9-1211D20B4E11"
      }
    },
    {
      "RequestUri": "https://workspacechhamosynapse.dev.azuresynapse.net/operationResults/967d024e-9578-4a50-ae17-6503713272ac?api-version=2019-06-01-preview",
      "RequestMethod": "GET",
      "RequestHeaders": {
        "Authorization": "Sanitized",
        "User-Agent": [
          "azsdk-net-Analytics.Synapse.Artifacts/1.0.0-alpha.20210120.1",
          "(.NET 5.0.0; Darwin 19.6.0 Darwin Kernel Version 19.6.0: Tue Nov 10 00:10:30 PST 2020; root:xnu-6153.141.10~1/RELEASE_X86_64)"
        ],
        "x-ms-client-request-id": "46c8b4f6889f4e8ee915ba931e581e24",
        "x-ms-return-client-request-id": "true"
      },
      "RequestBody": null,
      "StatusCode": 202,
      "ResponseHeaders": {
        "Access-Control-Allow-Headers": [
          "Location",
          "Retry-After"
        ],
        "Access-Control-Expose-Headers": [
          "Location",
          "Retry-After"
        ],
        "Content-Length": "23",
        "Content-Type": "application/json; charset=utf-8",
        "Date": "Wed, 20 Jan 2021 21:27:06 GMT",
        "Location": "https://workspacechhamosynapse.dev.azuresynapse.net/operationResults/967d024e-9578-4a50-ae17-6503713272ac?api-version=2019-06-01-preview",
        "Retry-After": "10",
        "Server": "Microsoft-HTTPAPI/2.0",
        "Strict-Transport-Security": "max-age=31536000; includeSubDomains",
        "x-ms-client-request-id": "46c8b4f6889f4e8ee915ba931e581e24",
        "x-ms-request-id": "fd260f12-5447-4502-823f-0847e10285f1"
      },
      "ResponseBody": {
        "status": "InProgress"
      }
    },
    {
      "RequestUri": "https://workspacechhamosynapse.dev.azuresynapse.net/operationResults/967d024e-9578-4a50-ae17-6503713272ac?api-version=2019-06-01-preview",
      "RequestMethod": "GET",
      "RequestHeaders": {
        "Authorization": "Sanitized",
        "User-Agent": [
          "azsdk-net-Analytics.Synapse.Artifacts/1.0.0-alpha.20210120.1",
          "(.NET 5.0.0; Darwin 19.6.0 Darwin Kernel Version 19.6.0: Tue Nov 10 00:10:30 PST 2020; root:xnu-6153.141.10~1/RELEASE_X86_64)"
        ],
        "x-ms-client-request-id": "695eb4f40c78c780262271c5bdbf23be",
        "x-ms-return-client-request-id": "true"
      },
      "RequestBody": null,
      "StatusCode": 200,
      "ResponseHeaders": {
        "Cache-Control": "no-cache",
        "Content-Length": "320",
        "Content-Type": "application/json; charset=utf-8",
        "Date": "Wed, 20 Jan 2021 21:27:08 GMT",
        "Expires": "-1",
        "Pragma": "no-cache",
        "Server": [
          "Microsoft-IIS/10.0",
          "Microsoft-HTTPAPI/2.0"
        ],
        "Strict-Transport-Security": "max-age=15724800; includeSubDomains",
        "X-Content-Type-Options": "nosniff",
        "x-ms-client-request-id": "695eb4f40c78c780262271c5bdbf23be",
        "x-ms-correlation-request-id": "a9a7d1c3-db96-435e-b56a-04a2040342d0",
        "x-ms-request-id": "b9ebae03-a52c-41d4-acf8-188c7d9c3964",
        "X-Powered-By": "ASP.NET"
      },
      "ResponseBody": {
        "id": "/subscriptions/faa080af-c1d8-40ad-9cce-e1a450ca5b57/resourceGroups/rg-chhamosynapse/providers/Microsoft.Synapse/workspaces/workspacechhamosynapse/dataflows/DataFlow6483",
        "name": "DataFlow6483",
        "type": "Microsoft.Synapse/workspaces/dataflows",
        "properties": {
          "type": null
        },
        "etag": "4f0062e5-0000-0800-0000-6008a02c0000"
      }
    },
    {
      "RequestUri": "https://workspacechhamosynapse.dev.azuresynapse.net/dataflows?api-version=2019-06-01-preview",
      "RequestMethod": "GET",
      "RequestHeaders": {
        "Accept": "application/json",
        "Authorization": "Sanitized",
        "traceparent": "00-6373427101765c4f8f4503676d9f3bdd-7c37074c5ef9064a-00",
        "User-Agent": [
          "azsdk-net-Analytics.Synapse.Artifacts/1.0.0-alpha.20210120.1",
          "(.NET 5.0.0; Darwin 19.6.0 Darwin Kernel Version 19.6.0: Tue Nov 10 00:10:30 PST 2020; root:xnu-6153.141.10~1/RELEASE_X86_64)"
        ],
        "x-ms-client-request-id": "84e36fa3ea04efe3ed6e4c2388655cd7",
        "x-ms-return-client-request-id": "true"
      },
      "RequestBody": null,
      "StatusCode": 200,
      "ResponseHeaders": {
        "Content-Length": "16831",
        "Content-Type": "application/json; charset=utf-8",
        "Date": "Wed, 20 Jan 2021 21:27:08 GMT",
        "Server": "Microsoft-HTTPAPI/2.0",
        "Strict-Transport-Security": "max-age=31536000; includeSubDomains",
        "x-ms-client-request-id": "84e36fa3ea04efe3ed6e4c2388655cd7",
        "x-ms-request-id": "6e88b0f9-1b24-496d-8de1-de7a3f659e04"
      },
      "ResponseBody": {
        "value": [
          {
            "id": "/subscriptions/faa080af-c1d8-40ad-9cce-e1a450ca5b57/resourceGroups/rg-chhamosynapse/providers/Microsoft.Synapse/workspaces/workspacechhamosynapse/dataflows/DataFlow1630901926",
            "name": "DataFlow1630901926",
            "type": "Microsoft.Synapse/workspaces/dataflows",
            "etag": "f501fdf9-0000-0800-0000-5fd257b90000",
            "properties": {
              "type": null
            }
          },
          {
            "id": "/subscriptions/faa080af-c1d8-40ad-9cce-e1a450ca5b57/resourceGroups/rg-chhamosynapse/providers/Microsoft.Synapse/workspaces/workspacechhamosynapse/dataflows/DataFlow2059769311",
            "name": "DataFlow2059769311",
            "type": "Microsoft.Synapse/workspaces/dataflows",
            "etag": "f50116fc-0000-0800-0000-5fd257cb0000",
            "properties": {
              "type": null
            }
          },
          {
            "id": "/subscriptions/faa080af-c1d8-40ad-9cce-e1a450ca5b57/resourceGroups/rg-chhamosynapse/providers/Microsoft.Synapse/workspaces/workspacechhamosynapse/dataflows/DataFlow1607144151",
            "name": "DataFlow1607144151",
            "type": "Microsoft.Synapse/workspaces/dataflows",
            "etag": "f601ee14-0000-0800-0000-5fd258aa0000",
            "properties": {
              "type": null
            }
          },
          {
            "id": "/subscriptions/faa080af-c1d8-40ad-9cce-e1a450ca5b57/resourceGroups/rg-chhamosynapse/providers/Microsoft.Synapse/workspaces/workspacechhamosynapse/dataflows/DataFlow1734040659",
            "name": "DataFlow1734040659",
            "type": "Microsoft.Synapse/workspaces/dataflows",
            "etag": "f6016c16-0000-0800-0000-5fd258b70000",
            "properties": {
              "type": null
            }
          },
          {
            "id": "/subscriptions/faa080af-c1d8-40ad-9cce-e1a450ca5b57/resourceGroups/rg-chhamosynapse/providers/Microsoft.Synapse/workspaces/workspacechhamosynapse/dataflows/DataFlow284383835",
            "name": "DataFlow284383835",
            "type": "Microsoft.Synapse/workspaces/dataflows",
            "etag": "f6015a30-0000-0800-0000-5fd2599a0000",
            "properties": {
              "type": null
            }
          },
          {
            "id": "/subscriptions/faa080af-c1d8-40ad-9cce-e1a450ca5b57/resourceGroups/rg-chhamosynapse/providers/Microsoft.Synapse/workspaces/workspacechhamosynapse/dataflows/DataFlow421079366",
            "name": "DataFlow421079366",
            "type": "Microsoft.Synapse/workspaces/dataflows",
            "etag": "f6017732-0000-0800-0000-5fd259a90000",
            "properties": {
              "type": null
            }
          },
          {
            "id": "/subscriptions/faa080af-c1d8-40ad-9cce-e1a450ca5b57/resourceGroups/rg-chhamosynapse/providers/Microsoft.Synapse/workspaces/workspacechhamosynapse/dataflows/DataFlow1990953633",
            "name": "DataFlow1990953633",
            "type": "Microsoft.Synapse/workspaces/dataflows",
            "etag": "f60143a1-0000-0800-0000-5fd25dab0000",
            "properties": {
              "type": null
            }
          },
          {
            "id": "/subscriptions/faa080af-c1d8-40ad-9cce-e1a450ca5b57/resourceGroups/rg-chhamosynapse/providers/Microsoft.Synapse/workspaces/workspacechhamosynapse/dataflows/DataFlow581911861",
            "name": "DataFlow581911861",
            "type": "Microsoft.Synapse/workspaces/dataflows",
            "etag": "f60160a3-0000-0800-0000-5fd25dbd0000",
            "properties": {
              "type": null
            }
          },
          {
            "id": "/subscriptions/faa080af-c1d8-40ad-9cce-e1a450ca5b57/resourceGroups/rg-chhamosynapse/providers/Microsoft.Synapse/workspaces/workspacechhamosynapse/dataflows/DataFlow1520504758",
            "name": "DataFlow1520504758",
            "type": "Microsoft.Synapse/workspaces/dataflows",
            "etag": "f6011cbb-0000-0800-0000-5fd25e910000",
            "properties": {
              "type": null
            }
          },
          {
            "id": "/subscriptions/faa080af-c1d8-40ad-9cce-e1a450ca5b57/resourceGroups/rg-chhamosynapse/providers/Microsoft.Synapse/workspaces/workspacechhamosynapse/dataflows/DataFlow1908543411",
            "name": "DataFlow1908543411",
            "type": "Microsoft.Synapse/workspaces/dataflows",
            "etag": "f60178bc-0000-0800-0000-5fd25e9d0000",
            "properties": {
              "type": null
            }
          },
          {
            "id": "/subscriptions/faa080af-c1d8-40ad-9cce-e1a450ca5b57/resourceGroups/rg-chhamosynapse/providers/Microsoft.Synapse/workspaces/workspacechhamosynapse/dataflows/DataFlow397131088",
            "name": "DataFlow397131088",
            "type": "Microsoft.Synapse/workspaces/dataflows",
            "etag": "f601a8d3-0000-0800-0000-5fd25f730000",
            "properties": {
              "type": null
            }
          },
          {
            "id": "/subscriptions/faa080af-c1d8-40ad-9cce-e1a450ca5b57/resourceGroups/rg-chhamosynapse/providers/Microsoft.Synapse/workspaces/workspacechhamosynapse/dataflows/DataFlow42648917",
            "name": "DataFlow42648917",
            "type": "Microsoft.Synapse/workspaces/dataflows",
            "etag": "f60144d5-0000-0800-0000-5fd25f820000",
            "properties": {
              "type": null
            }
          },
          {
            "id": "/subscriptions/faa080af-c1d8-40ad-9cce-e1a450ca5b57/resourceGroups/rg-chhamosynapse/providers/Microsoft.Synapse/workspaces/workspacechhamosynapse/dataflows/DataFlow1099401501",
            "name": "DataFlow1099401501",
            "type": "Microsoft.Synapse/workspaces/dataflows",
            "etag": "f701773f-0000-0800-0000-5fd2638c0000",
            "properties": {
              "type": null
            }
          },
          {
            "id": "/subscriptions/faa080af-c1d8-40ad-9cce-e1a450ca5b57/resourceGroups/rg-chhamosynapse/providers/Microsoft.Synapse/workspaces/workspacechhamosynapse/dataflows/DataFlow75983368",
            "name": "DataFlow75983368",
            "type": "Microsoft.Synapse/workspaces/dataflows",
            "etag": "f7016841-0000-0800-0000-5fd2639e0000",
            "properties": {
              "type": null
            }
          },
          {
            "id": "/subscriptions/faa080af-c1d8-40ad-9cce-e1a450ca5b57/resourceGroups/rg-chhamosynapse/providers/Microsoft.Synapse/workspaces/workspacechhamosynapse/dataflows/DataFlow1373189771",
            "name": "DataFlow1373189771",
            "type": "Microsoft.Synapse/workspaces/dataflows",
            "etag": "f7013b5c-0000-0800-0000-5fd264940000",
            "properties": {
              "type": null
            }
          },
          {
            "id": "/subscriptions/faa080af-c1d8-40ad-9cce-e1a450ca5b57/resourceGroups/rg-chhamosynapse/providers/Microsoft.Synapse/workspaces/workspacechhamosynapse/dataflows/DataFlow973001576",
            "name": "DataFlow973001576",
            "type": "Microsoft.Synapse/workspaces/dataflows",
            "etag": "f701f95d-0000-0800-0000-5fd264a30000",
            "properties": {
              "type": null
            }
          },
          {
            "id": "/subscriptions/faa080af-c1d8-40ad-9cce-e1a450ca5b57/resourceGroups/rg-chhamosynapse/providers/Microsoft.Synapse/workspaces/workspacechhamosynapse/dataflows/DataFlow889752858",
            "name": "DataFlow889752858",
            "type": "Microsoft.Synapse/workspaces/dataflows",
            "etag": "f701488c-0000-0800-0000-5fd266510000",
            "properties": {
              "type": null
            }
          },
          {
            "id": "/subscriptions/faa080af-c1d8-40ad-9cce-e1a450ca5b57/resourceGroups/rg-chhamosynapse/providers/Microsoft.Synapse/workspaces/workspacechhamosynapse/dataflows/DataFlow472901187",
            "name": "DataFlow472901187",
            "type": "Microsoft.Synapse/workspaces/dataflows",
            "etag": "f7017d8d-0000-0800-0000-5fd2665c0000",
            "properties": {
              "type": null
            }
          },
          {
            "id": "/subscriptions/faa080af-c1d8-40ad-9cce-e1a450ca5b57/resourceGroups/rg-chhamosynapse/providers/Microsoft.Synapse/workspaces/workspacechhamosynapse/dataflows/DataFlow2017017383",
            "name": "DataFlow2017017383",
            "type": "Microsoft.Synapse/workspaces/dataflows",
            "etag": "1902aea1-0000-0800-0000-5fd3a9790000",
            "properties": {
              "type": null
            }
          },
          {
            "id": "/subscriptions/faa080af-c1d8-40ad-9cce-e1a450ca5b57/resourceGroups/rg-chhamosynapse/providers/Microsoft.Synapse/workspaces/workspacechhamosynapse/dataflows/DataFlow1566215546",
            "name": "DataFlow1566215546",
            "type": "Microsoft.Synapse/workspaces/dataflows",
            "etag": "19023ea3-0000-0800-0000-5fd3a9860000",
            "properties": {
              "type": null
            }
          },
          {
            "id": "/subscriptions/faa080af-c1d8-40ad-9cce-e1a450ca5b57/resourceGroups/rg-chhamosynapse/providers/Microsoft.Synapse/workspaces/workspacechhamosynapse/dataflows/DataFlow589626238",
            "name": "DataFlow589626238",
            "type": "Microsoft.Synapse/workspaces/dataflows",
            "etag": "62027a8a-0000-0800-0000-5fd7971b0000",
            "properties": {
              "type": null
            }
          },
          {
            "id": "/subscriptions/faa080af-c1d8-40ad-9cce-e1a450ca5b57/resourceGroups/rg-chhamosynapse/providers/Microsoft.Synapse/workspaces/workspacechhamosynapse/dataflows/DataFlow453603740",
            "name": "DataFlow453603740",
            "type": "Microsoft.Synapse/workspaces/dataflows",
            "etag": "6202e38b-0000-0800-0000-5fd797250000",
            "properties": {
              "type": null
            }
          },
          {
            "id": "/subscriptions/faa080af-c1d8-40ad-9cce-e1a450ca5b57/resourceGroups/rg-chhamosynapse/providers/Microsoft.Synapse/workspaces/workspacechhamosynapse/dataflows/DataFlow1426113273",
            "name": "DataFlow1426113273",
            "type": "Microsoft.Synapse/workspaces/dataflows",
            "etag": "6202ccb9-0000-0800-0000-5fd798890000",
            "properties": {
              "type": null
            }
          },
          {
            "id": "/subscriptions/faa080af-c1d8-40ad-9cce-e1a450ca5b57/resourceGroups/rg-chhamosynapse/providers/Microsoft.Synapse/workspaces/workspacechhamosynapse/dataflows/DataFlow967663745",
            "name": "DataFlow967663745",
            "type": "Microsoft.Synapse/workspaces/dataflows",
            "etag": "62022dbb-0000-0800-0000-5fd798950000",
            "properties": {
              "type": null
            }
          },
          {
            "id": "/subscriptions/faa080af-c1d8-40ad-9cce-e1a450ca5b57/resourceGroups/rg-chhamosynapse/providers/Microsoft.Synapse/workspaces/workspacechhamosynapse/dataflows/DataFlow1420358056",
            "name": "DataFlow1420358056",
            "type": "Microsoft.Synapse/workspaces/dataflows",
            "etag": "6202f5de-0000-0800-0000-5fd799a20000",
            "properties": {
              "type": null
            }
          },
          {
            "id": "/subscriptions/faa080af-c1d8-40ad-9cce-e1a450ca5b57/resourceGroups/rg-chhamosynapse/providers/Microsoft.Synapse/workspaces/workspacechhamosynapse/dataflows/DataFlow446309359",
            "name": "DataFlow446309359",
            "type": "Microsoft.Synapse/workspaces/dataflows",
            "etag": "62029ce1-0000-0800-0000-5fd799b60000",
            "properties": {
              "type": null
            }
          },
          {
            "id": "/subscriptions/faa080af-c1d8-40ad-9cce-e1a450ca5b57/resourceGroups/rg-chhamosynapse/providers/Microsoft.Synapse/workspaces/workspacechhamosynapse/dataflows/DataFlow2057128943",
            "name": "DataFlow2057128943",
            "type": "Microsoft.Synapse/workspaces/dataflows",
            "etag": "830224e9-0000-0800-0000-5fd8d3550000",
            "properties": {
              "type": null
            }
          },
          {
            "id": "/subscriptions/faa080af-c1d8-40ad-9cce-e1a450ca5b57/resourceGroups/rg-chhamosynapse/providers/Microsoft.Synapse/workspaces/workspacechhamosynapse/dataflows/DataFlow2093566522",
            "name": "DataFlow2093566522",
            "type": "Microsoft.Synapse/workspaces/dataflows",
            "etag": "830283eb-0000-0800-0000-5fd8d3660000",
            "properties": {
              "type": null
            }
          },
          {
            "id": "/subscriptions/faa080af-c1d8-40ad-9cce-e1a450ca5b57/resourceGroups/rg-chhamosynapse/providers/Microsoft.Synapse/workspaces/workspacechhamosynapse/dataflows/DataFlow1966527336",
            "name": "DataFlow1966527336",
            "type": "Microsoft.Synapse/workspaces/dataflows",
            "etag": "8402c223-0000-0800-0000-5fd8d50d0000",
            "properties": {
              "type": null
            }
          },
          {
            "id": "/subscriptions/faa080af-c1d8-40ad-9cce-e1a450ca5b57/resourceGroups/rg-chhamosynapse/providers/Microsoft.Synapse/workspaces/workspacechhamosynapse/dataflows/DataFlow2129941680",
            "name": "DataFlow2129941680",
            "type": "Microsoft.Synapse/workspaces/dataflows",
            "etag": "84024e26-0000-0800-0000-5fd8d5220000",
            "properties": {
              "type": null
            }
          },
          {
            "id": "/subscriptions/faa080af-c1d8-40ad-9cce-e1a450ca5b57/resourceGroups/rg-chhamosynapse/providers/Microsoft.Synapse/workspaces/workspacechhamosynapse/dataflows/DataFlow97504566",
            "name": "DataFlow97504566",
            "type": "Microsoft.Synapse/workspaces/dataflows",
            "etag": "8402f74d-0000-0800-0000-5fd8d6550000",
            "properties": {
              "type": null
            }
          },
          {
            "id": "/subscriptions/faa080af-c1d8-40ad-9cce-e1a450ca5b57/resourceGroups/rg-chhamosynapse/providers/Microsoft.Synapse/workspaces/workspacechhamosynapse/dataflows/DataFlow1087011803",
            "name": "DataFlow1087011803",
            "type": "Microsoft.Synapse/workspaces/dataflows",
            "etag": "8402b84f-0000-0800-0000-5fd8d6620000",
            "properties": {
              "type": null
            }
          },
          {
            "id": "/subscriptions/faa080af-c1d8-40ad-9cce-e1a450ca5b57/resourceGroups/rg-chhamosynapse/providers/Microsoft.Synapse/workspaces/workspacechhamosynapse/dataflows/DataFlow1035657603",
            "name": "DataFlow1035657603",
            "type": "Microsoft.Synapse/workspaces/dataflows",
            "etag": "87027ca6-0000-0800-0000-5fd8f0dd0000",
            "properties": {
              "type": null
            }
          },
          {
            "id": "/subscriptions/faa080af-c1d8-40ad-9cce-e1a450ca5b57/resourceGroups/rg-chhamosynapse/providers/Microsoft.Synapse/workspaces/workspacechhamosynapse/dataflows/DataFlow1708109337",
            "name": "DataFlow1708109337",
            "type": "Microsoft.Synapse/workspaces/dataflows",
            "etag": "870209a9-0000-0800-0000-5fd8f0f00000",
            "properties": {
              "type": null
            }
          },
          {
            "id": "/subscriptions/faa080af-c1d8-40ad-9cce-e1a450ca5b57/resourceGroups/rg-chhamosynapse/providers/Microsoft.Synapse/workspaces/workspacechhamosynapse/dataflows/DataFlow394868813",
            "name": "DataFlow394868813",
            "type": "Microsoft.Synapse/workspaces/dataflows",
            "etag": "8702f5c5-0000-0800-0000-5fd8f1da0000",
            "properties": {
              "type": null
            }
          },
          {
            "id": "/subscriptions/faa080af-c1d8-40ad-9cce-e1a450ca5b57/resourceGroups/rg-chhamosynapse/providers/Microsoft.Synapse/workspaces/workspacechhamosynapse/dataflows/DataFlow64629529",
            "name": "DataFlow64629529",
            "type": "Microsoft.Synapse/workspaces/dataflows",
            "etag": "87027cc8-0000-0800-0000-5fd8f1ee0000",
            "properties": {
              "type": null
            }
          },
          {
            "id": "/subscriptions/faa080af-c1d8-40ad-9cce-e1a450ca5b57/resourceGroups/rg-chhamosynapse/providers/Microsoft.Synapse/workspaces/workspacechhamosynapse/dataflows/DataFlow21374266",
            "name": "DataFlow21374266",
            "type": "Microsoft.Synapse/workspaces/dataflows",
            "etag": "870253ea-0000-0800-0000-5fd8f2f80000",
            "properties": {
              "type": null
            }
          },
          {
            "id": "/subscriptions/faa080af-c1d8-40ad-9cce-e1a450ca5b57/resourceGroups/rg-chhamosynapse/providers/Microsoft.Synapse/workspaces/workspacechhamosynapse/dataflows/DataFlow1858438339",
            "name": "DataFlow1858438339",
            "type": "Microsoft.Synapse/workspaces/dataflows",
            "etag": "870268ec-0000-0800-0000-5fd8f3090000",
            "properties": {
              "type": null
            }
          },
          {
            "id": "/subscriptions/faa080af-c1d8-40ad-9cce-e1a450ca5b57/resourceGroups/rg-chhamosynapse/providers/Microsoft.Synapse/workspaces/workspacechhamosynapse/dataflows/DataFlow2085940582",
            "name": "DataFlow2085940582",
            "type": "Microsoft.Synapse/workspaces/dataflows",
            "etag": "88027c55-0000-0800-0000-5fd8f6620000",
            "properties": {
              "type": null
            }
          },
          {
            "id": "/subscriptions/faa080af-c1d8-40ad-9cce-e1a450ca5b57/resourceGroups/rg-chhamosynapse/providers/Microsoft.Synapse/workspaces/workspacechhamosynapse/dataflows/DataFlow1852236630",
            "name": "DataFlow1852236630",
            "type": "Microsoft.Synapse/workspaces/dataflows",
            "etag": "88025b58-0000-0800-0000-5fd8f6780000",
            "properties": {
              "type": null
            }
          },
          {
            "id": "/subscriptions/faa080af-c1d8-40ad-9cce-e1a450ca5b57/resourceGroups/rg-chhamosynapse/providers/Microsoft.Synapse/workspaces/workspacechhamosynapse/dataflows/DataFlow1178585943",
            "name": "DataFlow1178585943",
            "type": "Microsoft.Synapse/workspaces/dataflows",
            "etag": "88022b78-0000-0800-0000-5fd8f78d0000",
            "properties": {
              "type": null
            }
          },
          {
            "id": "/subscriptions/faa080af-c1d8-40ad-9cce-e1a450ca5b57/resourceGroups/rg-chhamosynapse/providers/Microsoft.Synapse/workspaces/workspacechhamosynapse/dataflows/DataFlow2039437796",
            "name": "DataFlow2039437796",
            "type": "Microsoft.Synapse/workspaces/dataflows",
            "etag": "8802037a-0000-0800-0000-5fd8f79b0000",
            "properties": {
              "type": null
            }
          },
          {
            "id": "/subscriptions/faa080af-c1d8-40ad-9cce-e1a450ca5b57/resourceGroups/rg-chhamosynapse/providers/Microsoft.Synapse/workspaces/workspacechhamosynapse/dataflows/DataFlow2061633070",
            "name": "DataFlow2061633070",
            "type": "Microsoft.Synapse/workspaces/dataflows",
            "etag": "88027f9b-0000-0800-0000-5fd8f8ab0000",
            "properties": {
              "type": null
            }
          },
          {
            "id": "/subscriptions/faa080af-c1d8-40ad-9cce-e1a450ca5b57/resourceGroups/rg-chhamosynapse/providers/Microsoft.Synapse/workspaces/workspacechhamosynapse/dataflows/DataFlow1607339506",
            "name": "DataFlow1607339506",
            "type": "Microsoft.Synapse/workspaces/dataflows",
            "etag": "88025c9e-0000-0800-0000-5fd8f8c20000",
            "properties": {
              "type": null
            }
          },
          {
            "id": "/subscriptions/faa080af-c1d8-40ad-9cce-e1a450ca5b57/resourceGroups/rg-chhamosynapse/providers/Microsoft.Synapse/workspaces/workspacechhamosynapse/dataflows/DataFlow2049054227",
            "name": "DataFlow2049054227",
            "type": "Microsoft.Synapse/workspaces/dataflows",
            "etag": "42002d4a-0000-0800-0000-5fda86450000",
            "properties": {
              "type": null
            }
          },
          {
            "id": "/subscriptions/faa080af-c1d8-40ad-9cce-e1a450ca5b57/resourceGroups/rg-chhamosynapse/providers/Microsoft.Synapse/workspaces/workspacechhamosynapse/dataflows/DataFlow1889167752",
            "name": "DataFlow1889167752",
            "type": "Microsoft.Synapse/workspaces/dataflows",
            "etag": "4200f54e-0000-0800-0000-5fda865a0000",
            "properties": {
              "type": null
            }
          },
          {
            "id": "/subscriptions/faa080af-c1d8-40ad-9cce-e1a450ca5b57/resourceGroups/rg-chhamosynapse/providers/Microsoft.Synapse/workspaces/workspacechhamosynapse/dataflows/DataFlow912723432",
            "name": "DataFlow912723432",
            "type": "Microsoft.Synapse/workspaces/dataflows",
            "etag": "4200e990-0000-0800-0000-5fda875e0000",
            "properties": {
              "type": null
            }
          },
          {
            "id": "/subscriptions/faa080af-c1d8-40ad-9cce-e1a450ca5b57/resourceGroups/rg-chhamosynapse/providers/Microsoft.Synapse/workspaces/workspacechhamosynapse/dataflows/DataFlow114728592",
            "name": "DataFlow114728592",
            "type": "Microsoft.Synapse/workspaces/dataflows",
            "etag": "4200cb96-0000-0800-0000-5fda87740000",
            "properties": {
              "type": null
            }
          },
          {
            "id": "/subscriptions/faa080af-c1d8-40ad-9cce-e1a450ca5b57/resourceGroups/rg-chhamosynapse/providers/Microsoft.Synapse/workspaces/workspacechhamosynapse/dataflows/DataFlow1285900249",
            "name": "DataFlow1285900249",
            "type": "Microsoft.Synapse/workspaces/dataflows",
            "etag": "42000ed6-0000-0800-0000-5fda88690000",
            "properties": {
              "type": null
            }
          },
          {
            "id": "/subscriptions/faa080af-c1d8-40ad-9cce-e1a450ca5b57/resourceGroups/rg-chhamosynapse/providers/Microsoft.Synapse/workspaces/workspacechhamosynapse/dataflows/DataFlow1819782082",
            "name": "DataFlow1819782082",
            "type": "Microsoft.Synapse/workspaces/dataflows",
            "etag": "4200c7da-0000-0800-0000-5fda887c0000",
            "properties": {
              "type": null
            }
          }
        ],
        "nextLink": "https://workspacechhamosynapse.dev.azuresynapse.net:443/dataflows?api-version=2019-06-01-preview\u0026%24skipToken=%2BRID%3A%7ESl8ZAKxwhAB9UgAAAAD8BA%3D%3D%23RT%3A1%23TRC%3A50%23ISV%3A2%23IEO%3A65551%23QCF%3A1"
      }
    },
    {
      "RequestUri": "https://workspacechhamosynapse.dev.azuresynapse.net/dataflows?api-version=2019-06-01-preview\u0026%24skipToken=%2BRID%3A~Sl8ZAKxwhAB9UgAAAAD8BA%3D%3D%23RT%3A1%23TRC%3A50%23ISV%3A2%23IEO%3A65551%23QCF%3A1",
      "RequestMethod": "GET",
      "RequestHeaders": {
        "Accept": "application/json",
        "Authorization": "Sanitized",
        "traceparent": "00-b7dc7ba8bcece341b15c4ee8e4165002-c29015649c34a44b-00",
        "User-Agent": [
          "azsdk-net-Analytics.Synapse.Artifacts/1.0.0-alpha.20210120.1",
          "(.NET 5.0.0; Darwin 19.6.0 Darwin Kernel Version 19.6.0: Tue Nov 10 00:10:30 PST 2020; root:xnu-6153.141.10~1/RELEASE_X86_64)"
        ],
        "x-ms-client-request-id": "9411dc6383afea393400207d16c89029",
        "x-ms-return-client-request-id": "true"
      },
      "RequestBody": null,
      "StatusCode": 200,
      "ResponseHeaders": {
        "Content-Length": "16822",
        "Content-Type": "application/json; charset=utf-8",
        "Date": "Wed, 20 Jan 2021 21:27:08 GMT",
        "Server": "Microsoft-HTTPAPI/2.0",
        "Strict-Transport-Security": "max-age=31536000; includeSubDomains",
        "x-ms-client-request-id": "9411dc6383afea393400207d16c89029",
        "x-ms-request-id": "9541827d-68df-41ff-9160-bfa482a33829"
      },
      "ResponseBody": {
        "value": [
          {
            "id": "/subscriptions/faa080af-c1d8-40ad-9cce-e1a450ca5b57/resourceGroups/rg-chhamosynapse/providers/Microsoft.Synapse/workspaces/workspacechhamosynapse/dataflows/DataFlow1250343093",
            "name": "DataFlow1250343093",
            "type": "Microsoft.Synapse/workspaces/dataflows",
            "etag": "79005877-0000-0800-0000-5fdbaf0f0000",
            "properties": {
              "type": null
            }
          },
          {
            "id": "/subscriptions/faa080af-c1d8-40ad-9cce-e1a450ca5b57/resourceGroups/rg-chhamosynapse/providers/Microsoft.Synapse/workspaces/workspacechhamosynapse/dataflows/DataFlow119823309",
            "name": "DataFlow119823309",
            "type": "Microsoft.Synapse/workspaces/dataflows",
            "etag": "7900c17d-0000-0800-0000-5fdbaf220000",
            "properties": {
              "type": null
            }
          },
          {
            "id": "/subscriptions/faa080af-c1d8-40ad-9cce-e1a450ca5b57/resourceGroups/rg-chhamosynapse/providers/Microsoft.Synapse/workspaces/workspacechhamosynapse/dataflows/DataFlow505303397",
            "name": "DataFlow505303397",
            "type": "Microsoft.Synapse/workspaces/dataflows",
            "etag": "7900e8d5-0000-0800-0000-5fdbb01a0000",
            "properties": {
              "type": null
            }
          },
          {
            "id": "/subscriptions/faa080af-c1d8-40ad-9cce-e1a450ca5b57/resourceGroups/rg-chhamosynapse/providers/Microsoft.Synapse/workspaces/workspacechhamosynapse/dataflows/DataFlow176980167",
            "name": "DataFlow176980167",
            "type": "Microsoft.Synapse/workspaces/dataflows",
            "etag": "79007add-0000-0800-0000-5fdbb0300000",
            "properties": {
              "type": null
            }
          },
          {
            "id": "/subscriptions/faa080af-c1d8-40ad-9cce-e1a450ca5b57/resourceGroups/rg-chhamosynapse/providers/Microsoft.Synapse/workspaces/workspacechhamosynapse/dataflows/DataFlow1729888951",
            "name": "DataFlow1729888951",
            "type": "Microsoft.Synapse/workspaces/dataflows",
            "etag": "7a00843a-0000-0800-0000-5fdbb1330000",
            "properties": {
              "type": null
            }
          },
          {
            "id": "/subscriptions/faa080af-c1d8-40ad-9cce-e1a450ca5b57/resourceGroups/rg-chhamosynapse/providers/Microsoft.Synapse/workspaces/workspacechhamosynapse/dataflows/DataFlow621214267",
            "name": "DataFlow621214267",
            "type": "Microsoft.Synapse/workspaces/dataflows",
            "etag": "7a005f41-0000-0800-0000-5fdbb1450000",
            "properties": {
              "type": null
            }
          },
          {
            "id": "/subscriptions/faa080af-c1d8-40ad-9cce-e1a450ca5b57/resourceGroups/rg-chhamosynapse/providers/Microsoft.Synapse/workspaces/workspacechhamosynapse/dataflows/DataFlow1335299017",
            "name": "DataFlow1335299017",
            "type": "Microsoft.Synapse/workspaces/dataflows",
            "etag": "1200ec85-0000-0800-0000-5fdcc73c0000",
            "properties": {
              "type": null
            }
          },
          {
            "id": "/subscriptions/faa080af-c1d8-40ad-9cce-e1a450ca5b57/resourceGroups/rg-chhamosynapse/providers/Microsoft.Synapse/workspaces/workspacechhamosynapse/dataflows/DataFlow1921472179",
            "name": "DataFlow1921472179",
            "type": "Microsoft.Synapse/workspaces/dataflows",
            "etag": "12005a88-0000-0800-0000-5fdcc7520000",
            "properties": {
              "type": null
            }
          },
          {
            "id": "/subscriptions/faa080af-c1d8-40ad-9cce-e1a450ca5b57/resourceGroups/rg-chhamosynapse/providers/Microsoft.Synapse/workspaces/workspacechhamosynapse/dataflows/DataFlow1567468018",
            "name": "DataFlow1567468018",
            "type": "Microsoft.Synapse/workspaces/dataflows",
            "etag": "120011c1-0000-0800-0000-5fdcc9290000",
            "properties": {
              "type": null
            }
          },
          {
            "id": "/subscriptions/faa080af-c1d8-40ad-9cce-e1a450ca5b57/resourceGroups/rg-chhamosynapse/providers/Microsoft.Synapse/workspaces/workspacechhamosynapse/dataflows/DataFlow1697107952",
            "name": "DataFlow1697107952",
            "type": "Microsoft.Synapse/workspaces/dataflows",
            "etag": "12009fc3-0000-0800-0000-5fdcc93f0000",
            "properties": {
              "type": null
            }
          },
          {
            "id": "/subscriptions/faa080af-c1d8-40ad-9cce-e1a450ca5b57/resourceGroups/rg-chhamosynapse/providers/Microsoft.Synapse/workspaces/workspacechhamosynapse/dataflows/DataFlow591902742",
            "name": "DataFlow591902742",
            "type": "Microsoft.Synapse/workspaces/dataflows",
            "etag": "12002af3-0000-0800-0000-5fdccaca0000",
            "properties": {
              "type": null
            }
          },
          {
            "id": "/subscriptions/faa080af-c1d8-40ad-9cce-e1a450ca5b57/resourceGroups/rg-chhamosynapse/providers/Microsoft.Synapse/workspaces/workspacechhamosynapse/dataflows/DataFlow1507267725",
            "name": "DataFlow1507267725",
            "type": "Microsoft.Synapse/workspaces/dataflows",
            "etag": "120014f5-0000-0800-0000-5fdccada0000",
            "properties": {
              "type": null
            }
          },
          {
            "id": "/subscriptions/faa080af-c1d8-40ad-9cce-e1a450ca5b57/resourceGroups/rg-chhamosynapse/providers/Microsoft.Synapse/workspaces/workspacechhamosynapse/dataflows/DataFlow1024224370",
            "name": "DataFlow1024224370",
            "type": "Microsoft.Synapse/workspaces/dataflows",
            "etag": "140088ee-0000-0800-0000-5fdcdcb00000",
            "properties": {
              "type": null
            }
          },
          {
            "id": "/subscriptions/faa080af-c1d8-40ad-9cce-e1a450ca5b57/resourceGroups/rg-chhamosynapse/providers/Microsoft.Synapse/workspaces/workspacechhamosynapse/dataflows/DataFlow188539788",
            "name": "DataFlow188539788",
            "type": "Microsoft.Synapse/workspaces/dataflows",
            "etag": "14004df1-0000-0800-0000-5fdcdcc30000",
            "properties": {
              "type": null
            }
          },
          {
            "id": "/subscriptions/faa080af-c1d8-40ad-9cce-e1a450ca5b57/resourceGroups/rg-chhamosynapse/providers/Microsoft.Synapse/workspaces/workspacechhamosynapse/dataflows/DataFlow757309393",
            "name": "DataFlow757309393",
            "type": "Microsoft.Synapse/workspaces/dataflows",
            "etag": "1500dd0e-0000-0800-0000-5fdcddc70000",
            "properties": {
              "type": null
            }
          },
          {
            "id": "/subscriptions/faa080af-c1d8-40ad-9cce-e1a450ca5b57/resourceGroups/rg-chhamosynapse/providers/Microsoft.Synapse/workspaces/workspacechhamosynapse/dataflows/DataFlow1515768182",
            "name": "DataFlow1515768182",
            "type": "Microsoft.Synapse/workspaces/dataflows",
            "etag": "15000a11-0000-0800-0000-5fdcdddb0000",
            "properties": {
              "type": null
            }
          },
          {
            "id": "/subscriptions/faa080af-c1d8-40ad-9cce-e1a450ca5b57/resourceGroups/rg-chhamosynapse/providers/Microsoft.Synapse/workspaces/workspacechhamosynapse/dataflows/DataFlow618242402",
            "name": "DataFlow618242402",
            "type": "Microsoft.Synapse/workspaces/dataflows",
            "etag": "15004f2e-0000-0800-0000-5fdcdee30000",
            "properties": {
              "type": null
            }
          },
          {
            "id": "/subscriptions/faa080af-c1d8-40ad-9cce-e1a450ca5b57/resourceGroups/rg-chhamosynapse/providers/Microsoft.Synapse/workspaces/workspacechhamosynapse/dataflows/DataFlow1795254772",
            "name": "DataFlow1795254772",
            "type": "Microsoft.Synapse/workspaces/dataflows",
            "etag": "1500f330-0000-0800-0000-5fdcdef80000",
            "properties": {
              "type": null
            }
          },
          {
            "id": "/subscriptions/faa080af-c1d8-40ad-9cce-e1a450ca5b57/resourceGroups/rg-chhamosynapse/providers/Microsoft.Synapse/workspaces/workspacechhamosynapse/dataflows/DataFlow1913310199",
            "name": "DataFlow1913310199",
            "type": "Microsoft.Synapse/workspaces/dataflows",
            "etag": "15003ce2-0000-0800-0000-5fdce51d0000",
            "properties": {
              "type": null
            }
          },
          {
            "id": "/subscriptions/faa080af-c1d8-40ad-9cce-e1a450ca5b57/resourceGroups/rg-chhamosynapse/providers/Microsoft.Synapse/workspaces/workspacechhamosynapse/dataflows/DataFlow1338849248",
            "name": "DataFlow1338849248",
            "type": "Microsoft.Synapse/workspaces/dataflows",
            "etag": "150066e5-0000-0800-0000-5fdce5380000",
            "properties": {
              "type": null
            }
          },
          {
            "id": "/subscriptions/faa080af-c1d8-40ad-9cce-e1a450ca5b57/resourceGroups/rg-chhamosynapse/providers/Microsoft.Synapse/workspaces/workspacechhamosynapse/dataflows/DataFlow667477679",
            "name": "DataFlow667477679",
            "type": "Microsoft.Synapse/workspaces/dataflows",
            "etag": "1600d704-0000-0800-0000-5fdce6530000",
            "properties": {
              "type": null
            }
          },
          {
            "id": "/subscriptions/faa080af-c1d8-40ad-9cce-e1a450ca5b57/resourceGroups/rg-chhamosynapse/providers/Microsoft.Synapse/workspaces/workspacechhamosynapse/dataflows/DataFlow2022959936",
            "name": "DataFlow2022959936",
            "type": "Microsoft.Synapse/workspaces/dataflows",
            "etag": "1600f506-0000-0800-0000-5fdce6650000",
            "properties": {
              "type": null
            }
          },
          {
            "id": "/subscriptions/faa080af-c1d8-40ad-9cce-e1a450ca5b57/resourceGroups/rg-chhamosynapse/providers/Microsoft.Synapse/workspaces/workspacechhamosynapse/dataflows/DataFlow744755087",
            "name": "DataFlow744755087",
            "type": "Microsoft.Synapse/workspaces/dataflows",
            "etag": "1600a92d-0000-0800-0000-5fdce7b50000",
            "properties": {
              "type": null
            }
          },
          {
            "id": "/subscriptions/faa080af-c1d8-40ad-9cce-e1a450ca5b57/resourceGroups/rg-chhamosynapse/providers/Microsoft.Synapse/workspaces/workspacechhamosynapse/dataflows/DataFlow561835840",
            "name": "DataFlow561835840",
            "type": "Microsoft.Synapse/workspaces/dataflows",
            "etag": "16001f30-0000-0800-0000-5fdce7cb0000",
            "properties": {
              "type": null
            }
          },
          {
            "id": "/subscriptions/faa080af-c1d8-40ad-9cce-e1a450ca5b57/resourceGroups/rg-chhamosynapse/providers/Microsoft.Synapse/workspaces/workspacechhamosynapse/dataflows/DataFlow1299557074",
            "name": "DataFlow1299557074",
            "type": "Microsoft.Synapse/workspaces/dataflows",
            "etag": "930014de-0000-0800-0000-5fe0cdc00000",
            "properties": {
              "type": null
            }
          },
          {
            "id": "/subscriptions/faa080af-c1d8-40ad-9cce-e1a450ca5b57/resourceGroups/rg-chhamosynapse/providers/Microsoft.Synapse/workspaces/workspacechhamosynapse/dataflows/DataFlow630190171",
            "name": "DataFlow630190171",
            "type": "Microsoft.Synapse/workspaces/dataflows",
            "etag": "930002ec-0000-0800-0000-5fe0cdd60000",
            "properties": {
              "type": null
            }
          },
          {
            "id": "/subscriptions/faa080af-c1d8-40ad-9cce-e1a450ca5b57/resourceGroups/rg-chhamosynapse/providers/Microsoft.Synapse/workspaces/workspacechhamosynapse/dataflows/DataFlow222969653",
            "name": "DataFlow222969653",
            "type": "Microsoft.Synapse/workspaces/dataflows",
            "etag": "9400abf3-0000-0800-0000-5fe0cfa60000",
            "properties": {
              "type": null
            }
          },
          {
            "id": "/subscriptions/faa080af-c1d8-40ad-9cce-e1a450ca5b57/resourceGroups/rg-chhamosynapse/providers/Microsoft.Synapse/workspaces/workspacechhamosynapse/dataflows/DataFlow582296159",
            "name": "DataFlow582296159",
            "type": "Microsoft.Synapse/workspaces/dataflows",
            "etag": "9400d8ff-0000-0800-0000-5fe0cfbe0000",
            "properties": {
              "type": null
            }
          },
          {
            "id": "/subscriptions/faa080af-c1d8-40ad-9cce-e1a450ca5b57/resourceGroups/rg-chhamosynapse/providers/Microsoft.Synapse/workspaces/workspacechhamosynapse/dataflows/DataFlow310609199",
            "name": "DataFlow310609199",
            "type": "Microsoft.Synapse/workspaces/dataflows",
            "etag": "9500c0cf-0000-0800-0000-5fe0d1300000",
            "properties": {
              "type": null
            }
          },
          {
            "id": "/subscriptions/faa080af-c1d8-40ad-9cce-e1a450ca5b57/resourceGroups/rg-chhamosynapse/providers/Microsoft.Synapse/workspaces/workspacechhamosynapse/dataflows/DataFlow912832875",
            "name": "DataFlow912832875",
            "type": "Microsoft.Synapse/workspaces/dataflows",
            "etag": "95002ddc-0000-0800-0000-5fe0d1450000",
            "properties": {
              "type": null
            }
          },
          {
            "id": "/subscriptions/faa080af-c1d8-40ad-9cce-e1a450ca5b57/resourceGroups/rg-chhamosynapse/providers/Microsoft.Synapse/workspaces/workspacechhamosynapse/dataflows/DataFlow1885970778",
            "name": "DataFlow1885970778",
            "type": "Microsoft.Synapse/workspaces/dataflows",
            "etag": "b20039ea-0000-0800-0000-5fe1085e0000",
            "properties": {
              "type": null
            }
          },
          {
            "id": "/subscriptions/faa080af-c1d8-40ad-9cce-e1a450ca5b57/resourceGroups/rg-chhamosynapse/providers/Microsoft.Synapse/workspaces/workspacechhamosynapse/dataflows/DataFlow440468460",
            "name": "DataFlow440468460",
            "type": "Microsoft.Synapse/workspaces/dataflows",
            "etag": "b2005bf2-0000-0800-0000-5fe108720000",
            "properties": {
              "type": null
            }
          },
          {
            "id": "/subscriptions/faa080af-c1d8-40ad-9cce-e1a450ca5b57/resourceGroups/rg-chhamosynapse/providers/Microsoft.Synapse/workspaces/workspacechhamosynapse/dataflows/DataFlow291224904",
            "name": "DataFlow291224904",
            "type": "Microsoft.Synapse/workspaces/dataflows",
            "etag": "b300eaad-0000-0800-0000-5fe10a4f0000",
            "properties": {
              "type": null
            }
          },
          {
            "id": "/subscriptions/faa080af-c1d8-40ad-9cce-e1a450ca5b57/resourceGroups/rg-chhamosynapse/providers/Microsoft.Synapse/workspaces/workspacechhamosynapse/dataflows/DataFlow1976624151",
            "name": "DataFlow1976624151",
            "type": "Microsoft.Synapse/workspaces/dataflows",
            "etag": "b30080b5-0000-0800-0000-5fe10a610000",
            "properties": {
              "type": null
            }
          },
          {
            "id": "/subscriptions/faa080af-c1d8-40ad-9cce-e1a450ca5b57/resourceGroups/rg-chhamosynapse/providers/Microsoft.Synapse/workspaces/workspacechhamosynapse/dataflows/DataFlow867157388",
            "name": "DataFlow867157388",
            "type": "Microsoft.Synapse/workspaces/dataflows",
            "etag": "b400fe57-0000-0800-0000-5fe10bf20000",
            "properties": {
              "type": null
            }
          },
          {
            "id": "/subscriptions/faa080af-c1d8-40ad-9cce-e1a450ca5b57/resourceGroups/rg-chhamosynapse/providers/Microsoft.Synapse/workspaces/workspacechhamosynapse/dataflows/DataFlow996415404",
            "name": "DataFlow996415404",
            "type": "Microsoft.Synapse/workspaces/dataflows",
            "etag": "b4001863-0000-0800-0000-5fe10c0c0000",
            "properties": {
              "type": null
            }
          },
          {
            "id": "/subscriptions/faa080af-c1d8-40ad-9cce-e1a450ca5b57/resourceGroups/rg-chhamosynapse/providers/Microsoft.Synapse/workspaces/workspacechhamosynapse/dataflows/DataFlow132109285",
            "name": "DataFlow132109285",
            "type": "Microsoft.Synapse/workspaces/dataflows",
            "etag": "b70043ae-0000-0800-0000-5fe113e90000",
            "properties": {
              "type": null
            }
          },
          {
            "id": "/subscriptions/faa080af-c1d8-40ad-9cce-e1a450ca5b57/resourceGroups/rg-chhamosynapse/providers/Microsoft.Synapse/workspaces/workspacechhamosynapse/dataflows/DataFlow233910035",
            "name": "DataFlow233910035",
            "type": "Microsoft.Synapse/workspaces/dataflows",
            "etag": "b7007fb8-0000-0800-0000-5fe114010000",
            "properties": {
              "type": null
            }
          },
          {
            "id": "/subscriptions/faa080af-c1d8-40ad-9cce-e1a450ca5b57/resourceGroups/rg-chhamosynapse/providers/Microsoft.Synapse/workspaces/workspacechhamosynapse/dataflows/DataFlow1450872196",
            "name": "DataFlow1450872196",
            "type": "Microsoft.Synapse/workspaces/dataflows",
            "etag": "b8002c8b-0000-0800-0000-5fe1162b0000",
            "properties": {
              "type": null
            }
          },
          {
            "id": "/subscriptions/faa080af-c1d8-40ad-9cce-e1a450ca5b57/resourceGroups/rg-chhamosynapse/providers/Microsoft.Synapse/workspaces/workspacechhamosynapse/dataflows/DataFlow1587035965",
            "name": "DataFlow1587035965",
            "type": "Microsoft.Synapse/workspaces/dataflows",
            "etag": "b8008c9c-0000-0800-0000-5fe116580000",
            "properties": {
              "type": null
            }
          },
          {
            "id": "/subscriptions/faa080af-c1d8-40ad-9cce-e1a450ca5b57/resourceGroups/rg-chhamosynapse/providers/Microsoft.Synapse/workspaces/workspacechhamosynapse/dataflows/DataFlow813789886",
            "name": "DataFlow813789886",
            "type": "Microsoft.Synapse/workspaces/dataflows",
            "etag": "b900f639-0000-0800-0000-5fe118010000",
            "properties": {
              "type": null
            }
          },
          {
            "id": "/subscriptions/faa080af-c1d8-40ad-9cce-e1a450ca5b57/resourceGroups/rg-chhamosynapse/providers/Microsoft.Synapse/workspaces/workspacechhamosynapse/dataflows/DataFlow1210808548",
            "name": "DataFlow1210808548",
            "type": "Microsoft.Synapse/workspaces/dataflows",
            "etag": "b900ba40-0000-0800-0000-5fe118140000",
            "properties": {
              "type": null
            }
          },
          {
            "id": "/subscriptions/faa080af-c1d8-40ad-9cce-e1a450ca5b57/resourceGroups/rg-chhamosynapse/providers/Microsoft.Synapse/workspaces/workspacechhamosynapse/dataflows/DataFlow806858434",
            "name": "DataFlow806858434",
            "type": "Microsoft.Synapse/workspaces/dataflows",
            "etag": "0000e0ea-0000-0800-0000-5fe258ef0000",
            "properties": {
              "type": null
            }
          },
          {
            "id": "/subscriptions/faa080af-c1d8-40ad-9cce-e1a450ca5b57/resourceGroups/rg-chhamosynapse/providers/Microsoft.Synapse/workspaces/workspacechhamosynapse/dataflows/DataFlow226802846",
            "name": "DataFlow226802846",
            "type": "Microsoft.Synapse/workspaces/dataflows",
            "etag": "000041eb-0000-0800-0000-5fe2590a0000",
            "properties": {
              "type": null
            }
          },
          {
            "id": "/subscriptions/faa080af-c1d8-40ad-9cce-e1a450ca5b57/resourceGroups/rg-chhamosynapse/providers/Microsoft.Synapse/workspaces/workspacechhamosynapse/dataflows/DataFlow627316733",
            "name": "DataFlow627316733",
            "type": "Microsoft.Synapse/workspaces/dataflows",
            "etag": "0000c9f1-0000-0800-0000-5fe25b130000",
            "properties": {
              "type": null
            }
          },
          {
            "id": "/subscriptions/faa080af-c1d8-40ad-9cce-e1a450ca5b57/resourceGroups/rg-chhamosynapse/providers/Microsoft.Synapse/workspaces/workspacechhamosynapse/dataflows/DataFlow1968904557",
            "name": "DataFlow1968904557",
            "type": "Microsoft.Synapse/workspaces/dataflows",
            "etag": "000017f2-0000-0800-0000-5fe25b2c0000",
            "properties": {
              "type": null
            }
          },
          {
            "id": "/subscriptions/faa080af-c1d8-40ad-9cce-e1a450ca5b57/resourceGroups/rg-chhamosynapse/providers/Microsoft.Synapse/workspaces/workspacechhamosynapse/dataflows/DataFlow1179866363",
            "name": "DataFlow1179866363",
            "type": "Microsoft.Synapse/workspaces/dataflows",
            "etag": "000009f8-0000-0800-0000-5fe25cd90000",
            "properties": {
              "type": null
            }
          },
          {
            "id": "/subscriptions/faa080af-c1d8-40ad-9cce-e1a450ca5b57/resourceGroups/rg-chhamosynapse/providers/Microsoft.Synapse/workspaces/workspacechhamosynapse/dataflows/DataFlow893562639",
            "name": "DataFlow893562639",
            "type": "Microsoft.Synapse/workspaces/dataflows",
            "etag": "000054f8-0000-0800-0000-5fe25cf50000",
            "properties": {
              "type": null
            }
          },
          {
            "id": "/subscriptions/faa080af-c1d8-40ad-9cce-e1a450ca5b57/resourceGroups/rg-chhamosynapse/providers/Microsoft.Synapse/workspaces/workspacechhamosynapse/dataflows/DataFlow637240762",
            "name": "DataFlow637240762",
            "type": "Microsoft.Synapse/workspaces/dataflows",
            "etag": "03001276-0000-0800-0000-5fe389420000",
            "properties": {
              "type": null
            }
          },
          {
            "id": "/subscriptions/faa080af-c1d8-40ad-9cce-e1a450ca5b57/resourceGroups/rg-chhamosynapse/providers/Microsoft.Synapse/workspaces/workspacechhamosynapse/dataflows/DataFlow125917417",
            "name": "DataFlow125917417",
            "type": "Microsoft.Synapse/workspaces/dataflows",
            "etag": "03003a76-0000-0800-0000-5fe389560000",
            "properties": {
              "type": null
            }
          }
        ],
        "nextLink": "https://workspacechhamosynapse.dev.azuresynapse.net:443/dataflows?api-version=2019-06-01-preview\u0026%24skipToken=%2BRID%3A%7ESl8ZAKxwhAD7WwAAAAD8BA%3D%3D%23RT%3A2%23TRC%3A100%23ISV%3A2%23IEO%3A65551%23QCF%3A1"
      }
    },
    {
      "RequestUri": "https://workspacechhamosynapse.dev.azuresynapse.net/dataflows?api-version=2019-06-01-preview\u0026%24skipToken=%2BRID%3A~Sl8ZAKxwhAD7WwAAAAD8BA%3D%3D%23RT%3A2%23TRC%3A100%23ISV%3A2%23IEO%3A65551%23QCF%3A1",
      "RequestMethod": "GET",
      "RequestHeaders": {
        "Accept": "application/json",
        "Authorization": "Sanitized",
        "traceparent": "00-1f627b9a1959984a9884e3b71d183eb8-5c8afb835fc9e94f-00",
        "User-Agent": [
          "azsdk-net-Analytics.Synapse.Artifacts/1.0.0-alpha.20210120.1",
          "(.NET 5.0.0; Darwin 19.6.0 Darwin Kernel Version 19.6.0: Tue Nov 10 00:10:30 PST 2020; root:xnu-6153.141.10~1/RELEASE_X86_64)"
        ],
        "x-ms-client-request-id": "aff0fbf19a750a20d06f7c0abf5c3fc1",
        "x-ms-return-client-request-id": "true"
      },
      "RequestBody": null,
      "StatusCode": 200,
      "ResponseHeaders": {
        "Content-Length": "9484",
        "Content-Type": "application/json; charset=utf-8",
        "Date": "Wed, 20 Jan 2021 21:27:08 GMT",
        "Server": "Microsoft-HTTPAPI/2.0",
        "Strict-Transport-Security": "max-age=31536000; includeSubDomains",
        "x-ms-client-request-id": "aff0fbf19a750a20d06f7c0abf5c3fc1",
        "x-ms-request-id": "7e17d070-4ab2-4669-af76-ae74d831abc0"
      },
      "ResponseBody": {
        "value": [
          {
            "id": "/subscriptions/faa080af-c1d8-40ad-9cce-e1a450ca5b57/resourceGroups/rg-chhamosynapse/providers/Microsoft.Synapse/workspaces/workspacechhamosynapse/dataflows/DataFlow1799961324",
            "name": "DataFlow1799961324",
            "type": "Microsoft.Synapse/workspaces/dataflows",
            "etag": "0300b97e-0000-0800-0000-5fe38c8e0000",
            "properties": {
              "type": null
            }
          },
          {
            "id": "/subscriptions/faa080af-c1d8-40ad-9cce-e1a450ca5b57/resourceGroups/rg-chhamosynapse/providers/Microsoft.Synapse/workspaces/workspacechhamosynapse/dataflows/DataFlow1945312310",
            "name": "DataFlow1945312310",
            "type": "Microsoft.Synapse/workspaces/dataflows",
            "etag": "0300fd7e-0000-0800-0000-5fe38ca40000",
            "properties": {
              "type": null
            }
          },
          {
            "id": "/subscriptions/faa080af-c1d8-40ad-9cce-e1a450ca5b57/resourceGroups/rg-chhamosynapse/providers/Microsoft.Synapse/workspaces/workspacechhamosynapse/dataflows/DataFlow18676946",
            "name": "DataFlow18676946",
            "type": "Microsoft.Synapse/workspaces/dataflows",
            "etag": "0300ce89-0000-0800-0000-5fe390390000",
            "properties": {
              "type": null
            }
          },
          {
            "id": "/subscriptions/faa080af-c1d8-40ad-9cce-e1a450ca5b57/resourceGroups/rg-chhamosynapse/providers/Microsoft.Synapse/workspaces/workspacechhamosynapse/dataflows/DataFlow1504832421",
            "name": "DataFlow1504832421",
            "type": "Microsoft.Synapse/workspaces/dataflows",
            "etag": "0300098a-0000-0800-0000-5fe390540000",
            "properties": {
              "type": null
            }
          },
          {
            "id": "/subscriptions/faa080af-c1d8-40ad-9cce-e1a450ca5b57/resourceGroups/rg-chhamosynapse/providers/Microsoft.Synapse/workspaces/workspacechhamosynapse/dataflows/DataFlow319307898",
            "name": "DataFlow319307898",
            "type": "Microsoft.Synapse/workspaces/dataflows",
            "etag": "0300b592-0000-0800-0000-5fe3935d0000",
            "properties": {
              "type": null
            }
          },
          {
            "id": "/subscriptions/faa080af-c1d8-40ad-9cce-e1a450ca5b57/resourceGroups/rg-chhamosynapse/providers/Microsoft.Synapse/workspaces/workspacechhamosynapse/dataflows/DataFlow233193525",
            "name": "DataFlow233193525",
            "type": "Microsoft.Synapse/workspaces/dataflows",
            "etag": "03002f93-0000-0800-0000-5fe393760000",
            "properties": {
              "type": null
            }
          },
          {
            "id": "/subscriptions/faa080af-c1d8-40ad-9cce-e1a450ca5b57/resourceGroups/rg-chhamosynapse/providers/Microsoft.Synapse/workspaces/workspacechhamosynapse/dataflows/DataFlow805678952",
            "name": "DataFlow805678952",
            "type": "Microsoft.Synapse/workspaces/dataflows",
            "etag": "0300b59b-0000-0800-0000-5fe396710000",
            "properties": {
              "type": null
            }
          },
          {
            "id": "/subscriptions/faa080af-c1d8-40ad-9cce-e1a450ca5b57/resourceGroups/rg-chhamosynapse/providers/Microsoft.Synapse/workspaces/workspacechhamosynapse/dataflows/DataFlow747795134",
            "name": "DataFlow747795134",
            "type": "Microsoft.Synapse/workspaces/dataflows",
            "etag": "0300009c-0000-0800-0000-5fe3968d0000",
            "properties": {
              "type": null
            }
          },
          {
            "id": "/subscriptions/faa080af-c1d8-40ad-9cce-e1a450ca5b57/resourceGroups/rg-chhamosynapse/providers/Microsoft.Synapse/workspaces/workspacechhamosynapse/dataflows/DataFlow1122185171",
            "name": "DataFlow1122185171",
            "type": "Microsoft.Synapse/workspaces/dataflows",
            "etag": "0300dda4-0000-0800-0000-5fe3998a0000",
            "properties": {
              "type": null
            }
          },
          {
            "id": "/subscriptions/faa080af-c1d8-40ad-9cce-e1a450ca5b57/resourceGroups/rg-chhamosynapse/providers/Microsoft.Synapse/workspaces/workspacechhamosynapse/dataflows/DataFlow1174850586",
            "name": "DataFlow1174850586",
            "type": "Microsoft.Synapse/workspaces/dataflows",
            "etag": "03002ca5-0000-0800-0000-5fe399a60000",
            "properties": {
              "type": null
            }
          },
          {
            "id": "/subscriptions/faa080af-c1d8-40ad-9cce-e1a450ca5b57/resourceGroups/rg-chhamosynapse/providers/Microsoft.Synapse/workspaces/workspacechhamosynapse/dataflows/DataFlow1838828355",
            "name": "DataFlow1838828355",
            "type": "Microsoft.Synapse/workspaces/dataflows",
            "etag": "030095b0-0000-0800-0000-5fe39d960000",
            "properties": {
              "type": null
            }
          },
          {
            "id": "/subscriptions/faa080af-c1d8-40ad-9cce-e1a450ca5b57/resourceGroups/rg-chhamosynapse/providers/Microsoft.Synapse/workspaces/workspacechhamosynapse/dataflows/DataFlow963527530",
            "name": "DataFlow963527530",
            "type": "Microsoft.Synapse/workspaces/dataflows",
            "etag": "0300ceb0-0000-0800-0000-5fe39dae0000",
            "properties": {
              "type": null
            }
          },
          {
            "id": "/subscriptions/faa080af-c1d8-40ad-9cce-e1a450ca5b57/resourceGroups/rg-chhamosynapse/providers/Microsoft.Synapse/workspaces/workspacechhamosynapse/dataflows/DataFlow1427824274",
            "name": "DataFlow1427824274",
            "type": "Microsoft.Synapse/workspaces/dataflows",
            "etag": "0300ebbe-0000-0800-0000-5fe3a1fe0000",
            "properties": {
              "type": null
            }
          },
          {
            "id": "/subscriptions/faa080af-c1d8-40ad-9cce-e1a450ca5b57/resourceGroups/rg-chhamosynapse/providers/Microsoft.Synapse/workspaces/workspacechhamosynapse/dataflows/DataFlow936590222",
            "name": "DataFlow936590222",
            "type": "Microsoft.Synapse/workspaces/dataflows",
            "etag": "030068c2-0000-0800-0000-5fe3a3510000",
            "properties": {
              "type": null
            }
          },
          {
            "id": "/subscriptions/faa080af-c1d8-40ad-9cce-e1a450ca5b57/resourceGroups/rg-chhamosynapse/providers/Microsoft.Synapse/workspaces/workspacechhamosynapse/dataflows/DataFlow431247603",
            "name": "DataFlow431247603",
            "type": "Microsoft.Synapse/workspaces/dataflows",
            "etag": "030044d0-0000-0800-0000-5fe3a7c40000",
            "properties": {
              "type": null
            }
          },
          {
            "id": "/subscriptions/faa080af-c1d8-40ad-9cce-e1a450ca5b57/resourceGroups/rg-chhamosynapse/providers/Microsoft.Synapse/workspaces/workspacechhamosynapse/dataflows/DataFlow18900029",
            "name": "DataFlow18900029",
            "type": "Microsoft.Synapse/workspaces/dataflows",
            "etag": "030093d0-0000-0800-0000-5fe3a7e00000",
            "properties": {
              "type": null
            }
          },
          {
            "id": "/subscriptions/faa080af-c1d8-40ad-9cce-e1a450ca5b57/resourceGroups/rg-chhamosynapse/providers/Microsoft.Synapse/workspaces/workspacechhamosynapse/dataflows/DataFlow147",
            "name": "DataFlow147",
            "type": "Microsoft.Synapse/workspaces/dataflows",
            "etag": "dd00266d-0000-0800-0000-5ff368970000",
            "properties": {
              "type": null
            }
          },
          {
            "id": "/subscriptions/faa080af-c1d8-40ad-9cce-e1a450ca5b57/resourceGroups/rg-chhamosynapse/providers/Microsoft.Synapse/workspaces/workspacechhamosynapse/dataflows/DataFlow229",
            "name": "DataFlow229",
            "type": "Microsoft.Synapse/workspaces/dataflows",
            "etag": "dd00586d-0000-0800-0000-5ff368ab0000",
            "properties": {
              "type": null
            }
          },
          {
            "id": "/subscriptions/faa080af-c1d8-40ad-9cce-e1a450ca5b57/resourceGroups/rg-chhamosynapse/providers/Microsoft.Synapse/workspaces/workspacechhamosynapse/dataflows/DataFlow480",
            "name": "DataFlow480",
            "type": "Microsoft.Synapse/workspaces/dataflows",
            "etag": "dd00446d-0000-0800-0000-5ff368a40000",
            "properties": {
              "type": null
            }
          },
          {
            "id": "/subscriptions/faa080af-c1d8-40ad-9cce-e1a450ca5b57/resourceGroups/rg-chhamosynapse/providers/Microsoft.Synapse/workspaces/workspacechhamosynapse/dataflows/DataFlow2488",
            "name": "DataFlow2488",
            "type": "Microsoft.Synapse/workspaces/dataflows",
            "etag": "dd006f6d-0000-0800-0000-5ff368b10000",
            "properties": {
              "type": null
            }
          },
          {
            "id": "/subscriptions/faa080af-c1d8-40ad-9cce-e1a450ca5b57/resourceGroups/rg-chhamosynapse/providers/Microsoft.Synapse/workspaces/workspacechhamosynapse/dataflows/DataFlow5086",
            "name": "DataFlow5086",
            "type": "Microsoft.Synapse/workspaces/dataflows",
            "etag": "dd00599c-0000-0800-0000-5ff3841f0000",
            "properties": {
              "type": null
            }
          },
          {
            "id": "/subscriptions/faa080af-c1d8-40ad-9cce-e1a450ca5b57/resourceGroups/rg-chhamosynapse/providers/Microsoft.Synapse/workspaces/workspacechhamosynapse/dataflows/DataFlow9074",
            "name": "DataFlow9074",
            "type": "Microsoft.Synapse/workspaces/dataflows",
            "etag": "dd00769c-0000-0800-0000-5ff3843b0000",
            "properties": {
              "type": null
            }
          },
          {
            "id": "/subscriptions/faa080af-c1d8-40ad-9cce-e1a450ca5b57/resourceGroups/rg-chhamosynapse/providers/Microsoft.Synapse/workspaces/workspacechhamosynapse/dataflows/DataFlow1229",
            "name": "DataFlow1229",
            "type": "Microsoft.Synapse/workspaces/dataflows",
            "etag": "dd005d9d-0000-0800-0000-5ff384e30000",
            "properties": {
              "type": null
            }
          },
          {
            "id": "/subscriptions/faa080af-c1d8-40ad-9cce-e1a450ca5b57/resourceGroups/rg-chhamosynapse/providers/Microsoft.Synapse/workspaces/workspacechhamosynapse/dataflows/DataFlow5951",
            "name": "DataFlow5951",
            "type": "Microsoft.Synapse/workspaces/dataflows",
            "etag": "dd00689d-0000-0800-0000-5ff384f50000",
            "properties": {
              "type": null
            }
          },
          {
            "id": "/subscriptions/faa080af-c1d8-40ad-9cce-e1a450ca5b57/resourceGroups/rg-chhamosynapse/providers/Microsoft.Synapse/workspaces/workspacechhamosynapse/dataflows/DataFlow5075",
            "name": "DataFlow5075",
            "type": "Microsoft.Synapse/workspaces/dataflows",
            "etag": "dd00749e-0000-0800-0000-5ff385e10000",
            "properties": {
              "type": null
            }
          },
          {
            "id": "/subscriptions/faa080af-c1d8-40ad-9cce-e1a450ca5b57/resourceGroups/rg-chhamosynapse/providers/Microsoft.Synapse/workspaces/workspacechhamosynapse/dataflows/DataFlow8979",
            "name": "DataFlow8979",
            "type": "Microsoft.Synapse/workspaces/dataflows",
            "etag": "dd006f9f-0000-0800-0000-5ff386790000",
            "properties": {
              "type": null
            }
          },
          {
            "id": "/subscriptions/faa080af-c1d8-40ad-9cce-e1a450ca5b57/resourceGroups/rg-chhamosynapse/providers/Microsoft.Synapse/workspaces/workspacechhamosynapse/dataflows/DataFlow3137",
            "name": "DataFlow3137",
            "type": "Microsoft.Synapse/workspaces/dataflows",
            "etag": "dd0078a0-0000-0800-0000-5ff387860000",
            "properties": {
              "type": null
            }
          },
          {
            "id": "/subscriptions/faa080af-c1d8-40ad-9cce-e1a450ca5b57/resourceGroups/rg-chhamosynapse/providers/Microsoft.Synapse/workspaces/workspacechhamosynapse/dataflows/DataFlow3163",
            "name": "DataFlow3163",
            "type": "Microsoft.Synapse/workspaces/dataflows",
            "etag": "dd008aad-0000-0800-0000-5ff391b50000",
            "properties": {
              "type": null
            }
          },
          {
            "id": "/subscriptions/faa080af-c1d8-40ad-9cce-e1a450ca5b57/resourceGroups/rg-chhamosynapse/providers/Microsoft.Synapse/workspaces/workspacechhamosynapse/dataflows/DataFlow6483",
            "name": "DataFlow6483",
            "type": "Microsoft.Synapse/workspaces/dataflows",
            "etag": "4f0062e5-0000-0800-0000-6008a02c0000",
            "properties": {
              "type": null
            }
          }
        ]
      }
    },
    {
      "RequestUri": "https://workspacechhamosynapse.dev.azuresynapse.net/dataflows/DataFlow6483?api-version=2019-06-01-preview",
      "RequestMethod": "DELETE",
      "RequestHeaders": {
        "Accept": "application/json",
        "Authorization": "Sanitized",
        "traceparent": "00-980d241bfad9c94a8c349b31814ef20b-8f416e9866680240-00",
        "User-Agent": [
          "azsdk-net-Analytics.Synapse.Artifacts/1.0.0-alpha.20210120.1",
          "(.NET 5.0.0; Darwin 19.6.0 Darwin Kernel Version 19.6.0: Tue Nov 10 00:10:30 PST 2020; root:xnu-6153.141.10~1/RELEASE_X86_64)"
        ],
        "x-ms-client-request-id": "e1619ac68eae200e36f85003ca66d824",
        "x-ms-return-client-request-id": "true"
      },
      "RequestBody": null,
      "StatusCode": 202,
      "ResponseHeaders": {
        "Access-Control-Allow-Headers": "Location",
        "Access-Control-Expose-Headers": "Location",
        "Content-Length": "366",
        "Content-Type": "application/json; charset=utf-8",
        "Date": "Wed, 20 Jan 2021 21:27:08 GMT",
        "Location": "https://workspacechhamosynapse.dev.azuresynapse.net/operationResults/946f0aea-7804-4264-a799-f8dbb309e565?api-version=2019-06-01-preview",
        "Server": "Microsoft-HTTPAPI/2.0",
        "Strict-Transport-Security": "max-age=31536000; includeSubDomains",
        "x-ms-client-request-id": "e1619ac68eae200e36f85003ca66d824",
        "x-ms-request-id": "b1fa78c6-e7b8-45ad-9962-b094cc717185"
      },
      "ResponseBody": {
        "id": "/subscriptions/faa080af-c1d8-40ad-9cce-e1a450ca5b57/resourceGroups/rg-chhamosynapse/providers/Microsoft.Synapse/workspaces/workspacechhamosynapse/dataflows/DataFlow6483",
        "recordId": 0,
        "state": "Deleting",
        "created": "0001-01-01T00:00:00",
        "changed": "0001-01-01T00:00:00",
        "type": "DataFlow",
        "name": "DataFlow6483",
        "operationId": "946f0aea-7804-4264-a799-f8dbb309e565"
      }
    },
    {
      "RequestUri": "https://workspacechhamosynapse.dev.azuresynapse.net/operationResults/946f0aea-7804-4264-a799-f8dbb309e565?api-version=2019-06-01-preview",
      "RequestMethod": "GET",
      "RequestHeaders": {
        "Authorization": "Sanitized",
        "User-Agent": [
          "azsdk-net-Analytics.Synapse.Artifacts/1.0.0-alpha.20210120.1",
          "(.NET 5.0.0; Darwin 19.6.0 Darwin Kernel Version 19.6.0: Tue Nov 10 00:10:30 PST 2020; root:xnu-6153.141.10~1/RELEASE_X86_64)"
        ],
        "x-ms-client-request-id": "7cb65ec1af67637bedd0787c4a1d3f69",
        "x-ms-return-client-request-id": "true"
      },
      "RequestBody": null,
      "StatusCode": 202,
      "ResponseHeaders": {
        "Access-Control-Allow-Headers": [
          "Location",
          "Retry-After"
        ],
        "Access-Control-Expose-Headers": [
          "Location",
          "Retry-After"
        ],
        "Content-Length": "23",
        "Content-Type": "application/json; charset=utf-8",
        "Date": "Wed, 20 Jan 2021 21:27:08 GMT",
        "Location": "https://workspacechhamosynapse.dev.azuresynapse.net/operationResults/946f0aea-7804-4264-a799-f8dbb309e565?api-version=2019-06-01-preview",
        "Retry-After": "10",
        "Server": "Microsoft-HTTPAPI/2.0",
        "Strict-Transport-Security": "max-age=31536000; includeSubDomains",
        "x-ms-client-request-id": "7cb65ec1af67637bedd0787c4a1d3f69",
        "x-ms-request-id": "ffddf0db-2cb5-49a5-b525-76cd6f76784d"
      },
      "ResponseBody": {
        "status": "InProgress"
      }
    },
    {
      "RequestUri": "https://workspacechhamosynapse.dev.azuresynapse.net/operationResults/946f0aea-7804-4264-a799-f8dbb309e565?api-version=2019-06-01-preview",
      "RequestMethod": "GET",
      "RequestHeaders": {
        "Authorization": "Sanitized",
        "User-Agent": [
          "azsdk-net-Analytics.Synapse.Artifacts/1.0.0-alpha.20210120.1",
          "(.NET 5.0.0; Darwin 19.6.0 Darwin Kernel Version 19.6.0: Tue Nov 10 00:10:30 PST 2020; root:xnu-6153.141.10~1/RELEASE_X86_64)"
        ],
        "x-ms-client-request-id": "9c2c5896b32b184c389926a6c9ce1907",
        "x-ms-return-client-request-id": "true"
      },
      "RequestBody": null,
      "StatusCode": 202,
      "ResponseHeaders": {
        "Access-Control-Allow-Headers": [
          "Location",
          "Retry-After"
        ],
        "Access-Control-Expose-Headers": [
          "Location",
          "Retry-After"
        ],
        "Content-Length": "23",
        "Content-Type": "application/json; charset=utf-8",
        "Date": "Wed, 20 Jan 2021 21:27:10 GMT",
        "Location": "https://workspacechhamosynapse.dev.azuresynapse.net/operationResults/946f0aea-7804-4264-a799-f8dbb309e565?api-version=2019-06-01-preview",
        "Retry-After": "10",
        "Server": "Microsoft-HTTPAPI/2.0",
        "Strict-Transport-Security": "max-age=31536000; includeSubDomains",
        "x-ms-client-request-id": "9c2c5896b32b184c389926a6c9ce1907",
        "x-ms-request-id": "c2cced1e-fc3a-41fe-9112-a8836215040b"
      },
      "ResponseBody": {
        "status": "InProgress"
      }
    },
    {
      "RequestUri": "https://workspacechhamosynapse.dev.azuresynapse.net/operationResults/946f0aea-7804-4264-a799-f8dbb309e565?api-version=2019-06-01-preview",
      "RequestMethod": "GET",
      "RequestHeaders": {
        "Authorization": "Sanitized",
        "User-Agent": [
          "azsdk-net-Analytics.Synapse.Artifacts/1.0.0-alpha.20210120.1",
          "(.NET 5.0.0; Darwin 19.6.0 Darwin Kernel Version 19.6.0: Tue Nov 10 00:10:30 PST 2020; root:xnu-6153.141.10~1/RELEASE_X86_64)"
        ],
        "x-ms-client-request-id": "6b4178ce5caf2ebda7cd9fa335e57e9d",
        "x-ms-return-client-request-id": "true"
      },
      "RequestBody": null,
      "StatusCode": 202,
      "ResponseHeaders": {
        "Access-Control-Allow-Headers": [
          "Location",
          "Retry-After"
        ],
        "Access-Control-Expose-Headers": [
          "Location",
          "Retry-After"
        ],
        "Content-Length": "23",
        "Content-Type": "application/json; charset=utf-8",
        "Date": "Wed, 20 Jan 2021 21:27:11 GMT",
        "Location": "https://workspacechhamosynapse.dev.azuresynapse.net/operationResults/946f0aea-7804-4264-a799-f8dbb309e565?api-version=2019-06-01-preview",
        "Retry-After": "10",
        "Server": "Microsoft-HTTPAPI/2.0",
        "Strict-Transport-Security": "max-age=31536000; includeSubDomains",
        "x-ms-client-request-id": "6b4178ce5caf2ebda7cd9fa335e57e9d",
        "x-ms-request-id": "313325ed-d796-4999-9176-99105e76e5b2"
      },
      "ResponseBody": {
        "status": "InProgress"
      }
    },
    {
      "RequestUri": "https://workspacechhamosynapse.dev.azuresynapse.net/operationResults/946f0aea-7804-4264-a799-f8dbb309e565?api-version=2019-06-01-preview",
      "RequestMethod": "GET",
      "RequestHeaders": {
        "Authorization": "Sanitized",
        "User-Agent": [
          "azsdk-net-Analytics.Synapse.Artifacts/1.0.0-alpha.20210120.1",
          "(.NET 5.0.0; Darwin 19.6.0 Darwin Kernel Version 19.6.0: Tue Nov 10 00:10:30 PST 2020; root:xnu-6153.141.10~1/RELEASE_X86_64)"
        ],
        "x-ms-client-request-id": "adaa5bc78d020eab119e43cd88d4991e",
        "x-ms-return-client-request-id": "true"
      },
      "RequestBody": null,
      "StatusCode": 200,
      "ResponseHeaders": {
        "Content-Length": "0",
        "Date": "Wed, 20 Jan 2021 21:27:12 GMT",
        "Server": "Microsoft-HTTPAPI/2.0",
        "Strict-Transport-Security": "max-age=31536000; includeSubDomains",
        "x-ms-client-request-id": "adaa5bc78d020eab119e43cd88d4991e",
        "x-ms-request-id": "73689f48-b58f-472c-b76d-942e9b8261b2"
      },
      "ResponseBody": []
    }
  ],
  "Variables": {
    "AZURE_SYNAPSE_WORKSPACE_URL": "https://workspacechhamosynapse.dev.azuresynapse.net",
    "RandomSeed": "1456054089"
  }
}