{
  "Entries": [
    {
      "RequestUri": "/subscriptions/2c224e7e-3ef5-431d-a57b-e71f4662e3a6/resourcegroups/azsmnet7802?api-version=2015-11-01",
      "RequestMethod": "PUT",
      "RequestHeaders": {
        "accept-language": "en-US",
        "Content-Length": "35",
        "Content-Type": "application/json; charset=utf-8",
        "User-Agent": [
          "FxVersion/4.6.25211.01",
          "Microsoft.Azure.Management.Resources.ResourceManagementClient/1.0.0.0"
        ],
        "x-ms-client-request-id": "6f072c5c-cae2-4920-ad49-60985a299a04"
      },
      "RequestBody": [
        "{\r\n",
        "  \u0022location\u0022: \u0022westcentralus\u0022\r\n",
        "}"
      ],
      "StatusCode": 201,
      "ResponseHeaders": {
        "Cache-Control": "no-cache",
        "Content-Length": "215",
        "Content-Type": "application/json; charset=utf-8",
        "Date": "Fri, 23 Jun 2017 07:58:16 GMT",
        "Expires": "-1",
        "Pragma": "no-cache",
        "Strict-Transport-Security": "max-age=31536000; includeSubDomains",
        "x-ms-correlation-request-id": "f9570138-03a6-4b6b-bf94-0be719f88b17",
        "x-ms-ratelimit-remaining-subscription-writes": "1198",
        "x-ms-request-id": "f9570138-03a6-4b6b-bf94-0be719f88b17",
        "x-ms-routing-request-id": "WESTEUROPE:20170623T075817Z:f9570138-03a6-4b6b-bf94-0be719f88b17"
      },
      "ResponseBody": [
        "{\r\n",
        "  \u0022id\u0022: \u0022/subscriptions/2c224e7e-3ef5-431d-a57b-e71f4662e3a6/resourceGroups/azsmnet7802\u0022,\r\n",
        "  \u0022name\u0022: \u0022azsmnet7802\u0022,\r\n",
        "  \u0022location\u0022: \u0022westcentralus\u0022,\r\n",
        "  \u0022properties\u0022: {\r\n",
        "    \u0022provisioningState\u0022: \u0022Succeeded\u0022\r\n",
        "  }\r\n",
        "}"
      ]
    },
    {
      "RequestUri": "/subscriptions/2c224e7e-3ef5-431d-a57b-e71f4662e3a6/resourcegroups/azsmnet7802/providers/Microsoft.Resources/deployments/azsmnet3423?api-version=2015-11-01",
      "RequestMethod": "PUT",
      "RequestHeaders": {
        "accept-language": "en-US",
        "Content-Length": "10935",
        "Content-Type": "application/json; charset=utf-8",
        "User-Agent": [
          "FxVersion/4.6.25211.01",
          "Microsoft.Azure.Management.Resources.ResourceManagementClient/1.0.0.0"
        ],
        "x-ms-client-request-id": "cfad4cce-dc68-460b-8769-b0c409598214"
      },
      "RequestBody": [
        "{\r\n",
        "  \u0022properties\u0022: {\r\n",
        "    \u0022template\u0022: {\r\n",
        "      \u0022$schema\u0022: \u0022http://schema.management.azure.com/schemas/2015-01-01/deploymentTemplate.json#\u0022,\r\n",
        "      \u0022contentVersion\u0022: \u00221.0.0.0\u0022,\r\n",
        "      \u0022parameters\u0022: {\r\n",
        "        \u0022resourceGroupName\u0022: {\r\n",
        "          \u0022type\u0022: \u0022String\u0022\r\n",
        "        },\r\n",
        "        \u0022location\u0022: {\r\n",
        "          \u0022type\u0022: \u0022String\u0022\r\n",
        "        },\r\n",
        "        \u0022virtualMachineName\u0022: {\r\n",
        "          \u0022type\u0022: \u0022String\u0022\r\n",
        "        },\r\n",
        "        \u0022virtualMachineSize\u0022: {\r\n",
        "          \u0022type\u0022: \u0022String\u0022\r\n",
        "        },\r\n",
        "        \u0022adminUsername\u0022: {\r\n",
        "          \u0022type\u0022: \u0022String\u0022\r\n",
        "        },\r\n",
        "        \u0022storageAccountName\u0022: {\r\n",
        "          \u0022type\u0022: \u0022String\u0022\r\n",
        "        },\r\n",
        "        \u0022virtualNetworkName\u0022: {\r\n",
        "          \u0022type\u0022: \u0022String\u0022\r\n",
        "        },\r\n",
        "        \u0022routeTableName\u0022: {\r\n",
        "          \u0022type\u0022: \u0022String\u0022\r\n",
        "        },\r\n",
        "        \u0022networkInterfaceName\u0022: {\r\n",
        "          \u0022type\u0022: \u0022String\u0022\r\n",
        "        },\r\n",
        "        \u0022networkSecurityGroupName\u0022: {\r\n",
        "          \u0022type\u0022: \u0022String\u0022\r\n",
        "        },\r\n",
        "        \u0022adminPassword\u0022: {\r\n",
        "          \u0022type\u0022: \u0022SecureString\u0022\r\n",
        "        },\r\n",
        "        \u0022storageAccountType\u0022: {\r\n",
        "          \u0022type\u0022: \u0022String\u0022\r\n",
        "        },\r\n",
        "        \u0022diagnosticsStorageAccountName\u0022: {\r\n",
        "          \u0022type\u0022: \u0022String\u0022\r\n",
        "        },\r\n",
        "        \u0022diagnosticsStorageAccountId\u0022: {\r\n",
        "          \u0022type\u0022: \u0022String\u0022\r\n",
        "        },\r\n",
        "        \u0022diagnosticsStorageAccountType\u0022: {\r\n",
        "          \u0022type\u0022: \u0022String\u0022\r\n",
        "        },\r\n",
        "        \u0022addressPrefix\u0022: {\r\n",
        "          \u0022type\u0022: \u0022String\u0022\r\n",
        "        },\r\n",
        "        \u0022subnetName\u0022: {\r\n",
        "          \u0022type\u0022: \u0022String\u0022\r\n",
        "        },\r\n",
        "        \u0022subnetPrefix\u0022: {\r\n",
        "          \u0022type\u0022: \u0022String\u0022\r\n",
        "        },\r\n",
        "        \u0022publicIpAddressName\u0022: {\r\n",
        "          \u0022type\u0022: \u0022String\u0022\r\n",
        "        },\r\n",
        "        \u0022publicIpAddressType\u0022: {\r\n",
        "          \u0022type\u0022: \u0022String\u0022\r\n",
        "        }\r\n",
        "      },\r\n",
        "      \u0022variables\u0022: {\r\n",
        "        \u0022vnetId\u0022: \u0022[resourceId(parameters(\u0027resourceGroupName\u0027),\u0027Microsoft.Network/virtualNetworks\u0027, parameters(\u0027virtualNetworkName\u0027))]\u0022,\r\n",
        "        \u0022subnetRef\u0022: \u0022[concat(variables(\u0027vnetId\u0027), \u0027/subnets/\u0027, parameters(\u0027subnetName\u0027))]\u0022\r\n",
        "      },\r\n",
        "      \u0022resources\u0022: [\r\n",
        "        {\r\n",
        "          \u0022type\u0022: \u0022Microsoft.Compute/virtualMachines\u0022,\r\n",
        "          \u0022name\u0022: \u0022[parameters(\u0027virtualMachineName\u0027)]\u0022,\r\n",
        "          \u0022apiVersion\u0022: \u00222015-06-15\u0022,\r\n",
        "          \u0022location\u0022: \u0022[parameters(\u0027location\u0027)]\u0022,\r\n",
        "          \u0022properties\u0022: {\r\n",
        "            \u0022osProfile\u0022: {\r\n",
        "              \u0022computerName\u0022: \u0022[parameters(\u0027virtualMachineName\u0027)]\u0022,\r\n",
        "              \u0022adminUsername\u0022: \u0022[parameters(\u0027adminUsername\u0027)]\u0022,\r\n",
        "              \u0022adminPassword\u0022: \u0022[parameters(\u0027adminPassword\u0027)]\u0022,\r\n",
        "              \u0022windowsConfiguration\u0022: {\r\n",
        "                \u0022provisionVmAgent\u0022: \u0022true\u0022\r\n",
        "              }\r\n",
        "            },\r\n",
        "            \u0022hardwareProfile\u0022: {\r\n",
        "              \u0022vmSize\u0022: \u0022[parameters(\u0027virtualMachineSize\u0027)]\u0022\r\n",
        "            },\r\n",
        "            \u0022storageProfile\u0022: {\r\n",
        "              \u0022imageReference\u0022: {\r\n",
        "                \u0022publisher\u0022: \u0022MicrosoftWindowsServer\u0022,\r\n",
        "                \u0022offer\u0022: \u0022WindowsServer\u0022,\r\n",
        "                \u0022sku\u0022: \u00222016-Datacenter\u0022,\r\n",
        "                \u0022version\u0022: \u0022latest\u0022\r\n",
        "              },\r\n",
        "              \u0022osDisk\u0022: {\r\n",
        "                \u0022name\u0022: \u0022[parameters(\u0027virtualMachineName\u0027)]\u0022,\r\n",
        "                \u0022createOption\u0022: \u0022fromImage\u0022,\r\n",
        "                \u0022vhd\u0022: {\r\n",
        "                  \u0022uri\u0022: \u0022[concat(concat(reference(resourceId(parameters(\u0027resourceGroupName\u0027), \u0027Microsoft.Storage/storageAccounts\u0027, parameters(\u0027storageAccountName\u0027)), \u00272015-06-15\u0027).primaryEndpoints[\u0027blob\u0027], \u0027vhds/\u0027), parameters(\u0027virtualMachineName\u0027), \u002720161217141554.vhd\u0027)]\u0022\r\n",
        "                }\r\n",
        "              },\r\n",
        "              \u0022dataDisks\u0022: []\r\n",
        "            },\r\n",
        "            \u0022networkProfile\u0022: {\r\n",
        "              \u0022networkInterfaces\u0022: [\r\n",
        "                {\r\n",
        "                  \u0022id\u0022: \u0022[resourceId(\u0027Microsoft.Network/networkInterfaces\u0027, parameters(\u0027networkInterfaceName\u0027))]\u0022\r\n",
        "                }\r\n",
        "              ]\r\n",
        "            },\r\n",
        "            \u0022diagnosticsProfile\u0022: {\r\n",
        "              \u0022bootDiagnostics\u0022: {\r\n",
        "                \u0022enabled\u0022: true,\r\n",
        "                \u0022storageUri\u0022: \u0022[reference(resourceId(parameters(\u0027resourceGroupName\u0027), \u0027Microsoft.Storage/storageAccounts\u0027, parameters(\u0027diagnosticsStorageAccountName\u0027)), \u00272015-06-15\u0027).primaryEndpoints[\u0027blob\u0027]]\u0022\r\n",
        "              }\r\n",
        "            }\r\n",
        "          },\r\n",
        "          \u0022dependsOn\u0022: [\r\n",
        "            \u0022[concat(\u0027Microsoft.Network/networkInterfaces/\u0027, parameters(\u0027networkInterfaceName\u0027))]\u0022,\r\n",
        "            \u0022[concat(\u0027Microsoft.Storage/storageAccounts/\u0027, parameters(\u0027storageAccountName\u0027))]\u0022,\r\n",
        "            \u0022[concat(\u0027Microsoft.Storage/storageAccounts/\u0027, parameters(\u0027diagnosticsStorageAccountName\u0027))]\u0022\r\n",
        "          ]\r\n",
        "        },\r\n",
        "        {\r\n",
        "          \u0022type\u0022: \u0022Microsoft.Storage/storageAccounts\u0022,\r\n",
        "          \u0022name\u0022: \u0022[parameters(\u0027storageAccountName\u0027)]\u0022,\r\n",
        "          \u0022apiVersion\u0022: \u00222015-06-15\u0022,\r\n",
        "          \u0022location\u0022: \u0022[parameters(\u0027location\u0027)]\u0022,\r\n",
        "          \u0022properties\u0022: {\r\n",
        "            \u0022accountType\u0022: \u0022[parameters(\u0027storageAccountType\u0027)]\u0022\r\n",
        "          }\r\n",
        "        },\r\n",
        "        {\r\n",
        "          \u0022type\u0022: \u0022Microsoft.Storage/storageAccounts\u0022,\r\n",
        "          \u0022name\u0022: \u0022[parameters(\u0027diagnosticsStorageAccountName\u0027)]\u0022,\r\n",
        "          \u0022apiVersion\u0022: \u00222015-06-15\u0022,\r\n",
        "          \u0022location\u0022: \u0022[parameters(\u0027location\u0027)]\u0022,\r\n",
        "          \u0022properties\u0022: {\r\n",
        "            \u0022accountType\u0022: \u0022[parameters(\u0027diagnosticsStorageAccountType\u0027)]\u0022\r\n",
        "          }\r\n",
        "        },\r\n",
        "        {\r\n",
        "          \u0022type\u0022: \u0022Microsoft.Network/routeTables\u0022,\r\n",
        "          \u0022name\u0022: \u0022[parameters(\u0027routeTableName\u0027)]\u0022,\r\n",
        "          \u0022apiVersion\u0022: \u00222016-09-01\u0022,\r\n",
        "          \u0022location\u0022: \u0022[parameters(\u0027location\u0027)]\u0022,\r\n",
        "          \u0022properties\u0022: {\r\n",
        "            \u0022routes\u0022: [\r\n",
        "              {\r\n",
        "                \u0022name\u0022: \u0022route1\u0022,\r\n",
        "                \u0022properties\u0022: {\r\n",
        "                  \u0022addressPrefix\u0022: \u002210.1.3.0/24\u0022,\r\n",
        "                  \u0022nextHopType\u0022: \u0022VirtualAppliance\u0022,\r\n",
        "                  \u0022nextHopIpAddress\u0022: \u002210.0.1.2\u0022\r\n",
        "                }\r\n",
        "              }\r\n",
        "            ]\r\n",
        "          }\r\n",
        "        },\r\n",
        "        {\r\n",
        "          \u0022type\u0022: \u0022Microsoft.Network/virtualNetworks\u0022,\r\n",
        "          \u0022name\u0022: \u0022[parameters(\u0027virtualNetworkName\u0027)]\u0022,\r\n",
        "          \u0022apiVersion\u0022: \u00222016-09-01\u0022,\r\n",
        "          \u0022location\u0022: \u0022[parameters(\u0027location\u0027)]\u0022,\r\n",
        "          \u0022properties\u0022: {\r\n",
        "            \u0022addressSpace\u0022: {\r\n",
        "              \u0022addressPrefixes\u0022: [\r\n",
        "                \u0022[parameters(\u0027addressPrefix\u0027)]\u0022\r\n",
        "              ]\r\n",
        "            },\r\n",
        "            \u0022subnets\u0022: [\r\n",
        "              {\r\n",
        "                \u0022name\u0022: \u0022[parameters(\u0027subnetName\u0027)]\u0022,\r\n",
        "                \u0022properties\u0022: {\r\n",
        "                  \u0022addressPrefix\u0022: \u0022[parameters(\u0027subnetPrefix\u0027)]\u0022,\r\n",
        "                  \u0022routeTable\u0022: {\r\n",
        "                    \u0022id\u0022: \u0022[resourceId(\u0027Microsoft.Network/routeTables\u0027, parameters(\u0027routeTableName\u0027))]\u0022\r\n",
        "                  }\r\n",
        "                }\r\n",
        "              }\r\n",
        "            ]\r\n",
        "          },\r\n",
        "          \u0022dependsOn\u0022: [\r\n",
        "            \u0022[concat(\u0027Microsoft.Network/routeTables/\u0027, parameters(\u0027routeTableName\u0027))]\u0022\r\n",
        "          ]\r\n",
        "        },\r\n",
        "        {\r\n",
        "          \u0022type\u0022: \u0022Microsoft.Network/networkInterfaces\u0022,\r\n",
        "          \u0022name\u0022: \u0022[parameters(\u0027networkInterfaceName\u0027)]\u0022,\r\n",
        "          \u0022apiVersion\u0022: \u00222016-09-01\u0022,\r\n",
        "          \u0022location\u0022: \u0022[parameters(\u0027location\u0027)]\u0022,\r\n",
        "          \u0022properties\u0022: {\r\n",
        "            \u0022ipConfigurations\u0022: [\r\n",
        "              {\r\n",
        "                \u0022name\u0022: \u0022ipconfig1\u0022,\r\n",
        "                \u0022properties\u0022: {\r\n",
        "                  \u0022subnet\u0022: {\r\n",
        "                    \u0022id\u0022: \u0022[variables(\u0027subnetRef\u0027)]\u0022\r\n",
        "                  },\r\n",
        "                  \u0022privateIPAllocationMethod\u0022: \u0022Dynamic\u0022,\r\n",
        "                  \u0022publicIpAddress\u0022: {\r\n",
        "                    \u0022id\u0022: \u0022[resourceId(parameters(\u0027resourceGroupName\u0027),\u0027Microsoft.Network/publicIpAddresses\u0027, parameters(\u0027publicIpAddressName\u0027))]\u0022\r\n",
        "                  }\r\n",
        "                }\r\n",
        "              }\r\n",
        "            ],\r\n",
        "            \u0022networkSecurityGroup\u0022: {\r\n",
        "              \u0022id\u0022: \u0022[resourceId(parameters(\u0027resourceGroupName\u0027), \u0027Microsoft.Network/networkSecurityGroups\u0027, parameters(\u0027networkSecurityGroupName\u0027))]\u0022\r\n",
        "            }\r\n",
        "          },\r\n",
        "          \u0022dependsOn\u0022: [\r\n",
        "            \u0022[concat(\u0027Microsoft.Network/virtualNetworks/\u0027, parameters(\u0027virtualNetworkName\u0027))]\u0022,\r\n",
        "            \u0022[concat(\u0027Microsoft.Network/publicIpAddresses/\u0027, parameters(\u0027publicIpAddressName\u0027))]\u0022,\r\n",
        "            \u0022[concat(\u0027Microsoft.Network/networkSecurityGroups/\u0027, parameters(\u0027networkSecurityGroupName\u0027))]\u0022\r\n",
        "          ]\r\n",
        "        },\r\n",
        "        {\r\n",
        "          \u0022type\u0022: \u0022Microsoft.Network/publicIpAddresses\u0022,\r\n",
        "          \u0022name\u0022: \u0022[parameters(\u0027publicIpAddressName\u0027)]\u0022,\r\n",
        "          \u0022apiVersion\u0022: \u00222016-09-01\u0022,\r\n",
        "          \u0022location\u0022: \u0022[parameters(\u0027location\u0027)]\u0022,\r\n",
        "          \u0022properties\u0022: {\r\n",
        "            \u0022publicIpAllocationMethod\u0022: \u0022[parameters(\u0027publicIpAddressType\u0027)]\u0022\r\n",
        "          }\r\n",
        "        },\r\n",
        "        {\r\n",
        "          \u0022type\u0022: \u0022Microsoft.Network/networkSecurityGroups\u0022,\r\n",
        "          \u0022name\u0022: \u0022[parameters(\u0027networkSecurityGroupName\u0027)]\u0022,\r\n",
        "          \u0022apiVersion\u0022: \u00222016-09-01\u0022,\r\n",
        "          \u0022location\u0022: \u0022[parameters(\u0027location\u0027)]\u0022,\r\n",
        "          \u0022properties\u0022: {\r\n",
        "            \u0022securityRules\u0022: [\r\n",
        "              {\r\n",
        "                \u0022name\u0022: \u0022default-allow-rdp\u0022,\r\n",
        "                \u0022properties\u0022: {\r\n",
        "                  \u0022priority\u0022: 1000,\r\n",
        "                  \u0022sourceAddressPrefix\u0022: \u0022*\u0022,\r\n",
        "                  \u0022protocol\u0022: \u0022TCP\u0022,\r\n",
        "                  \u0022destinationPortRange\u0022: \u00223389\u0022,\r\n",
        "                  \u0022access\u0022: \u0022Allow\u0022,\r\n",
        "                  \u0022direction\u0022: \u0022Inbound\u0022,\r\n",
        "                  \u0022sourcePortRange\u0022: \u0022*\u0022,\r\n",
        "                  \u0022destinationAddressPrefix\u0022: \u0022*\u0022\r\n",
        "                }\r\n",
        "              }\r\n",
        "            ]\r\n",
        "          }\r\n",
        "        }\r\n",
        "      ],\r\n",
        "      \u0022outputs\u0022: {\r\n",
        "        \u0022adminUsername\u0022: {\r\n",
        "          \u0022type\u0022: \u0022String\u0022,\r\n",
        "          \u0022value\u0022: \u0022[parameters(\u0027adminUsername\u0027)]\u0022\r\n",
        "        }\r\n",
        "      }\r\n",
        "    },\r\n",
        "    \u0022parameters\u0022: {\r\n",
        "      \u0022resourceGroupName\u0022: {\r\n",
        "        \u0022value\u0022: \u0022azsmnet7802\u0022\r\n",
        "      },\r\n",
        "      \u0022location\u0022: {\r\n",
        "        \u0022value\u0022: \u0022westcentralus\u0022\r\n",
        "      },\r\n",
        "      \u0022virtualMachineName\u0022: {\r\n",
        "        \u0022value\u0022: \u0022azsmnet1306\u0022\r\n",
        "      },\r\n",
        "      \u0022virtualMachineSize\u0022: {\r\n",
        "        \u0022value\u0022: \u0022Standard_DS1_v2\u0022\r\n",
        "      },\r\n",
        "      \u0022adminUsername\u0022: {\r\n",
        "        \u0022value\u0022: \u0022netanalytics32\u0022\r\n",
        "      },\r\n",
        "      \u0022storageAccountName\u0022: {\r\n",
        "        \u0022value\u0022: \u0022azsmnet491\u0022\r\n",
        "      },\r\n",
        "      \u0022routeTableName\u0022: {\r\n",
        "        \u0022value\u0022: \u0022azsmnet7802RT\u0022\r\n",
        "      },\r\n",
        "      \u0022virtualNetworkName\u0022: {\r\n",
        "        \u0022value\u0022: \u0022azsmnet7802-vnet\u0022\r\n",
        "      },\r\n",
        "      \u0022networkInterfaceName\u0022: {\r\n",
        "        \u0022value\u0022: \u0022azsmnet1072\u0022\r\n",
        "      },\r\n",
        "      \u0022networkSecurityGroupName\u0022: {\r\n",
        "        \u0022value\u0022: \u0022azsmnet1306-nsg\u0022\r\n",
        "      },\r\n",
        "      \u0022adminPassword\u0022: {\r\n",
        "        \u0022value\u0022: \u0022AzureSDKNetworkTest#4292b9da@14d5@4402@a20a@19843fc47eef\u0022\r\n",
        "      },\r\n",
        "      \u0022storageAccountType\u0022: {\r\n",
        "        \u0022value\u0022: \u0022Premium_LRS\u0022\r\n",
        "      },\r\n",
        "      \u0022diagnosticsStorageAccountName\u0022: {\r\n",
        "        \u0022value\u0022: \u0022azsmnet9030\u0022\r\n",
        "      },\r\n",
        "      \u0022diagnosticsStorageAccountId\u0022: {\r\n",
        "        \u0022value\u0022: \u0022Microsoft.Storage/storageAccounts/azsmnet9030\u0022\r\n",
        "      },\r\n",
        "      \u0022diagnosticsStorageAccountType\u0022: {\r\n",
        "        \u0022value\u0022: \u0022Standard_LRS\u0022\r\n",
        "      },\r\n",
        "      \u0022addressPrefix\u0022: {\r\n",
        "        \u0022value\u0022: \u002210.17.3.0/24\u0022\r\n",
        "      },\r\n",
        "      \u0022subnetName\u0022: {\r\n",
        "        \u0022value\u0022: \u0022default\u0022\r\n",
        "      },\r\n",
        "      \u0022subnetPrefix\u0022: {\r\n",
        "        \u0022value\u0022: \u002210.17.3.0/24\u0022\r\n",
        "      },\r\n",
        "      \u0022publicIpAddressName\u0022: {\r\n",
        "        \u0022value\u0022: \u0022azsmnet1306-ip\u0022\r\n",
        "      },\r\n",
        "      \u0022publicIpAddressType\u0022: {\r\n",
        "        \u0022value\u0022: \u0022Dynamic\u0022\r\n",
        "      }\r\n",
        "    },\r\n",
        "    \u0022mode\u0022: \u0022Incremental\u0022\r\n",
        "  }\r\n",
        "}"
      ],
      "StatusCode": 201,
      "ResponseHeaders": {
        "Azure-AsyncOperation": "https://management.azure.com/subscriptions/2c224e7e-3ef5-431d-a57b-e71f4662e3a6/resourcegroups/azsmnet7802/providers/Microsoft.Resources/deployments/azsmnet3423/operationStatuses/08587034021863889339?api-version=2015-11-01",
        "Cache-Control": "no-cache",
        "Content-Length": "7601",
        "Content-Type": "application/json; charset=utf-8",
        "Date": "Fri, 23 Jun 2017 07:58:21 GMT",
        "Expires": "-1",
        "Pragma": "no-cache",
        "Strict-Transport-Security": "max-age=31536000; includeSubDomains",
        "x-ms-correlation-request-id": "3e0503c0-b923-4b09-86a5-dbbf374ac2ef",
        "x-ms-ratelimit-remaining-subscription-writes": "1197",
        "x-ms-request-id": "3e0503c0-b923-4b09-86a5-dbbf374ac2ef",
        "x-ms-routing-request-id": "WESTEUROPE:20170623T075822Z:3e0503c0-b923-4b09-86a5-dbbf374ac2ef"
      },
      "ResponseBody": [
        "{\r\n",
        "  \u0022id\u0022: \u0022/subscriptions/2c224e7e-3ef5-431d-a57b-e71f4662e3a6/resourceGroups/azsmnet7802/providers/Microsoft.Resources/deployments/azsmnet3423\u0022,\r\n",
        "  \u0022name\u0022: \u0022azsmnet3423\u0022,\r\n",
        "  \u0022properties\u0022: {\r\n",
        "    \u0022templateHash\u0022: \u00229908915175891452045\u0022,\r\n",
        "    \u0022parameters\u0022: {\r\n",
        "      \u0022resourceGroupName\u0022: {\r\n",
        "        \u0022type\u0022: \u0022String\u0022,\r\n",
        "        \u0022value\u0022: \u0022azsmnet7802\u0022\r\n",
        "      },\r\n",
        "      \u0022location\u0022: {\r\n",
        "        \u0022type\u0022: \u0022String\u0022,\r\n",
        "        \u0022value\u0022: \u0022westcentralus\u0022\r\n",
        "      },\r\n",
        "      \u0022virtualMachineName\u0022: {\r\n",
        "        \u0022type\u0022: \u0022String\u0022,\r\n",
        "        \u0022value\u0022: \u0022azsmnet1306\u0022\r\n",
        "      },\r\n",
        "      \u0022virtualMachineSize\u0022: {\r\n",
        "        \u0022type\u0022: \u0022String\u0022,\r\n",
        "        \u0022value\u0022: \u0022Standard_DS1_v2\u0022\r\n",
        "      },\r\n",
        "      \u0022adminUsername\u0022: {\r\n",
        "        \u0022type\u0022: \u0022String\u0022,\r\n",
        "        \u0022value\u0022: \u0022netanalytics32\u0022\r\n",
        "      },\r\n",
        "      \u0022storageAccountName\u0022: {\r\n",
        "        \u0022type\u0022: \u0022String\u0022,\r\n",
        "        \u0022value\u0022: \u0022azsmnet491\u0022\r\n",
        "      },\r\n",
        "      \u0022virtualNetworkName\u0022: {\r\n",
        "        \u0022type\u0022: \u0022String\u0022,\r\n",
        "        \u0022value\u0022: \u0022azsmnet7802-vnet\u0022\r\n",
        "      },\r\n",
        "      \u0022routeTableName\u0022: {\r\n",
        "        \u0022type\u0022: \u0022String\u0022,\r\n",
        "        \u0022value\u0022: \u0022azsmnet7802RT\u0022\r\n",
        "      },\r\n",
        "      \u0022networkInterfaceName\u0022: {\r\n",
        "        \u0022type\u0022: \u0022String\u0022,\r\n",
        "        \u0022value\u0022: \u0022azsmnet1072\u0022\r\n",
        "      },\r\n",
        "      \u0022networkSecurityGroupName\u0022: {\r\n",
        "        \u0022type\u0022: \u0022String\u0022,\r\n",
        "        \u0022value\u0022: \u0022azsmnet1306-nsg\u0022\r\n",
        "      },\r\n",
        "      \u0022adminPassword\u0022: {\r\n",
        "        \u0022type\u0022: \u0022SecureString\u0022\r\n",
        "      },\r\n",
        "      \u0022storageAccountType\u0022: {\r\n",
        "        \u0022type\u0022: \u0022String\u0022,\r\n",
        "        \u0022value\u0022: \u0022Premium_LRS\u0022\r\n",
        "      },\r\n",
        "      \u0022diagnosticsStorageAccountName\u0022: {\r\n",
        "        \u0022type\u0022: \u0022String\u0022,\r\n",
        "        \u0022value\u0022: \u0022azsmnet9030\u0022\r\n",
        "      },\r\n",
        "      \u0022diagnosticsStorageAccountId\u0022: {\r\n",
        "        \u0022type\u0022: \u0022String\u0022,\r\n",
        "        \u0022value\u0022: \u0022Microsoft.Storage/storageAccounts/azsmnet9030\u0022\r\n",
        "      },\r\n",
        "      \u0022diagnosticsStorageAccountType\u0022: {\r\n",
        "        \u0022type\u0022: \u0022String\u0022,\r\n",
        "        \u0022value\u0022: \u0022Standard_LRS\u0022\r\n",
        "      },\r\n",
        "      \u0022addressPrefix\u0022: {\r\n",
        "        \u0022type\u0022: \u0022String\u0022,\r\n",
        "        \u0022value\u0022: \u002210.17.3.0/24\u0022\r\n",
        "      },\r\n",
        "      \u0022subnetName\u0022: {\r\n",
        "        \u0022type\u0022: \u0022String\u0022,\r\n",
        "        \u0022value\u0022: \u0022default\u0022\r\n",
        "      },\r\n",
        "      \u0022subnetPrefix\u0022: {\r\n",
        "        \u0022type\u0022: \u0022String\u0022,\r\n",
        "        \u0022value\u0022: \u002210.17.3.0/24\u0022\r\n",
        "      },\r\n",
        "      \u0022publicIpAddressName\u0022: {\r\n",
        "        \u0022type\u0022: \u0022String\u0022,\r\n",
        "        \u0022value\u0022: \u0022azsmnet1306-ip\u0022\r\n",
        "      },\r\n",
        "      \u0022publicIpAddressType\u0022: {\r\n",
        "        \u0022type\u0022: \u0022String\u0022,\r\n",
        "        \u0022value\u0022: \u0022Dynamic\u0022\r\n",
        "      }\r\n",
        "    },\r\n",
        "    \u0022mode\u0022: \u0022Incremental\u0022,\r\n",
        "    \u0022provisioningState\u0022: \u0022Accepted\u0022,\r\n",
        "    \u0022timestamp\u0022: \u00222017-06-23T07:58:21.2632175Z\u0022,\r\n",
        "    \u0022duration\u0022: \u0022PT2.1744692S\u0022,\r\n",
        "    \u0022correlationId\u0022: \u00223e0503c0-b923-4b09-86a5-dbbf374ac2ef\u0022,\r\n",
        "    \u0022providers\u0022: [\r\n",
        "      {\r\n",
        "        \u0022namespace\u0022: \u0022Microsoft.Compute\u0022,\r\n",
        "        \u0022resourceTypes\u0022: [\r\n",
        "          {\r\n",
        "            \u0022resourceType\u0022: \u0022virtualMachines\u0022,\r\n",
        "            \u0022locations\u0022: [\r\n",
        "              \u0022westcentralus\u0022\r\n",
        "            ]\r\n",
        "          }\r\n",
        "        ]\r\n",
        "      },\r\n",
        "      {\r\n",
        "        \u0022namespace\u0022: \u0022Microsoft.Storage\u0022,\r\n",
        "        \u0022resourceTypes\u0022: [\r\n",
        "          {\r\n",
        "            \u0022resourceType\u0022: \u0022storageAccounts\u0022,\r\n",
        "            \u0022locations\u0022: [\r\n",
        "              \u0022westcentralus\u0022\r\n",
        "            ]\r\n",
        "          }\r\n",
        "        ]\r\n",
        "      },\r\n",
        "      {\r\n",
        "        \u0022namespace\u0022: \u0022Microsoft.Network\u0022,\r\n",
        "        \u0022resourceTypes\u0022: [\r\n",
        "          {\r\n",
        "            \u0022resourceType\u0022: \u0022routeTables\u0022,\r\n",
        "            \u0022locations\u0022: [\r\n",
        "              \u0022westcentralus\u0022\r\n",
        "            ]\r\n",
        "          },\r\n",
        "          {\r\n",
        "            \u0022resourceType\u0022: \u0022virtualNetworks\u0022,\r\n",
        "            \u0022locations\u0022: [\r\n",
        "              \u0022westcentralus\u0022\r\n",
        "            ]\r\n",
        "          },\r\n",
        "          {\r\n",
        "            \u0022resourceType\u0022: \u0022networkInterfaces\u0022,\r\n",
        "            \u0022locations\u0022: [\r\n",
        "              \u0022westcentralus\u0022\r\n",
        "            ]\r\n",
        "          },\r\n",
        "          {\r\n",
        "            \u0022resourceType\u0022: \u0022publicIpAddresses\u0022,\r\n",
        "            \u0022locations\u0022: [\r\n",
        "              \u0022westcentralus\u0022\r\n",
        "            ]\r\n",
        "          },\r\n",
        "          {\r\n",
        "            \u0022resourceType\u0022: \u0022networkSecurityGroups\u0022,\r\n",
        "            \u0022locations\u0022: [\r\n",
        "              \u0022westcentralus\u0022\r\n",
        "            ]\r\n",
        "          }\r\n",
        "        ]\r\n",
        "      }\r\n",
        "    ],\r\n",
        "    \u0022dependencies\u0022: [\r\n",
        "      {\r\n",
        "        \u0022dependsOn\u0022: [\r\n",
        "          {\r\n",
        "            \u0022id\u0022: \u0022/subscriptions/2c224e7e-3ef5-431d-a57b-e71f4662e3a6/resourceGroups/azsmnet7802/providers/Microsoft.Network/networkInterfaces/azsmnet1072\u0022,\r\n",
        "            \u0022resourceType\u0022: \u0022Microsoft.Network/networkInterfaces\u0022,\r\n",
        "            \u0022resourceName\u0022: \u0022azsmnet1072\u0022\r\n",
        "          },\r\n",
        "          {\r\n",
        "            \u0022id\u0022: \u0022/subscriptions/2c224e7e-3ef5-431d-a57b-e71f4662e3a6/resourceGroups/azsmnet7802/providers/Microsoft.Storage/storageAccounts/azsmnet491\u0022,\r\n",
        "            \u0022resourceType\u0022: \u0022Microsoft.Storage/storageAccounts\u0022,\r\n",
        "            \u0022resourceName\u0022: \u0022azsmnet491\u0022\r\n",
        "          },\r\n",
        "          {\r\n",
        "            \u0022id\u0022: \u0022/subscriptions/2c224e7e-3ef5-431d-a57b-e71f4662e3a6/resourceGroups/azsmnet7802/providers/Microsoft.Storage/storageAccounts/azsmnet9030\u0022,\r\n",
        "            \u0022resourceType\u0022: \u0022Microsoft.Storage/storageAccounts\u0022,\r\n",
        "            \u0022resourceName\u0022: \u0022azsmnet9030\u0022\r\n",
        "          },\r\n",
        "          {\r\n",
        "            \u0022id\u0022: \u0022/subscriptions/2c224e7e-3ef5-431d-a57b-e71f4662e3a6/resourceGroups/azsmnet7802/providers/Microsoft.Storage/storageAccounts/azsmnet491\u0022,\r\n",
        "            \u0022resourceType\u0022: \u0022Microsoft.Storage/storageAccounts\u0022,\r\n",
        "            \u0022resourceName\u0022: \u0022azsmnet491\u0022,\r\n",
        "            \u0022apiVersion\u0022: \u00222015-06-15\u0022\r\n",
        "          },\r\n",
        "          {\r\n",
        "            \u0022id\u0022: \u0022/subscriptions/2c224e7e-3ef5-431d-a57b-e71f4662e3a6/resourceGroups/azsmnet7802/providers/Microsoft.Storage/storageAccounts/azsmnet9030\u0022,\r\n",
        "            \u0022resourceType\u0022: \u0022Microsoft.Storage/storageAccounts\u0022,\r\n",
        "            \u0022resourceName\u0022: \u0022azsmnet9030\u0022,\r\n",
        "            \u0022apiVersion\u0022: \u00222015-06-15\u0022\r\n",
        "          }\r\n",
        "        ],\r\n",
        "        \u0022id\u0022: \u0022/subscriptions/2c224e7e-3ef5-431d-a57b-e71f4662e3a6/resourceGroups/azsmnet7802/providers/Microsoft.Compute/virtualMachines/azsmnet1306\u0022,\r\n",
        "        \u0022resourceType\u0022: \u0022Microsoft.Compute/virtualMachines\u0022,\r\n",
        "        \u0022resourceName\u0022: \u0022azsmnet1306\u0022\r\n",
        "      },\r\n",
        "      {\r\n",
        "        \u0022dependsOn\u0022: [\r\n",
        "          {\r\n",
        "            \u0022id\u0022: \u0022/subscriptions/2c224e7e-3ef5-431d-a57b-e71f4662e3a6/resourceGroups/azsmnet7802/providers/Microsoft.Network/routeTables/azsmnet7802RT\u0022,\r\n",
        "            \u0022resourceType\u0022: \u0022Microsoft.Network/routeTables\u0022,\r\n",
        "            \u0022resourceName\u0022: \u0022azsmnet7802RT\u0022\r\n",
        "          }\r\n",
        "        ],\r\n",
        "        \u0022id\u0022: \u0022/subscriptions/2c224e7e-3ef5-431d-a57b-e71f4662e3a6/resourceGroups/azsmnet7802/providers/Microsoft.Network/virtualNetworks/azsmnet7802-vnet\u0022,\r\n",
        "        \u0022resourceType\u0022: \u0022Microsoft.Network/virtualNetworks\u0022,\r\n",
        "        \u0022resourceName\u0022: \u0022azsmnet7802-vnet\u0022\r\n",
        "      },\r\n",
        "      {\r\n",
        "        \u0022dependsOn\u0022: [\r\n",
        "          {\r\n",
        "            \u0022id\u0022: \u0022/subscriptions/2c224e7e-3ef5-431d-a57b-e71f4662e3a6/resourceGroups/azsmnet7802/providers/Microsoft.Network/virtualNetworks/azsmnet7802-vnet\u0022,\r\n",
        "            \u0022resourceType\u0022: \u0022Microsoft.Network/virtualNetworks\u0022,\r\n",
        "            \u0022resourceName\u0022: \u0022azsmnet7802-vnet\u0022\r\n",
        "          },\r\n",
        "          {\r\n",
        "            \u0022id\u0022: \u0022/subscriptions/2c224e7e-3ef5-431d-a57b-e71f4662e3a6/resourceGroups/azsmnet7802/providers/Microsoft.Network/publicIpAddresses/azsmnet1306-ip\u0022,\r\n",
        "            \u0022resourceType\u0022: \u0022Microsoft.Network/publicIpAddresses\u0022,\r\n",
        "            \u0022resourceName\u0022: \u0022azsmnet1306-ip\u0022\r\n",
        "          },\r\n",
        "          {\r\n",
        "            \u0022id\u0022: \u0022/subscriptions/2c224e7e-3ef5-431d-a57b-e71f4662e3a6/resourceGroups/azsmnet7802/providers/Microsoft.Network/networkSecurityGroups/azsmnet1306-nsg\u0022,\r\n",
        "            \u0022resourceType\u0022: \u0022Microsoft.Network/networkSecurityGroups\u0022,\r\n",
        "            \u0022resourceName\u0022: \u0022azsmnet1306-nsg\u0022\r\n",
        "          }\r\n",
        "        ],\r\n",
        "        \u0022id\u0022: \u0022/subscriptions/2c224e7e-3ef5-431d-a57b-e71f4662e3a6/resourceGroups/azsmnet7802/providers/Microsoft.Network/networkInterfaces/azsmnet1072\u0022,\r\n",
        "        \u0022resourceType\u0022: \u0022Microsoft.Network/networkInterfaces\u0022,\r\n",
        "        \u0022resourceName\u0022: \u0022azsmnet1072\u0022\r\n",
        "      }\r\n",
        "    ]\r\n",
        "  }\r\n",
        "}"
      ]
    },
    {
      "RequestUri": "/subscriptions/2c224e7e-3ef5-431d-a57b-e71f4662e3a6/resourcegroups/azsmnet7802/providers/Microsoft.Resources/deployments/azsmnet3423/operationStatuses/08587034021863889339?api-version=2015-11-01",
      "RequestMethod": "GET",
      "RequestHeaders": {
        "User-Agent": [
          "FxVersion/4.6.25211.01",
          "Microsoft.Azure.Management.Resources.ResourceManagementClient/1.0.0.0"
        ]
      },
      "RequestBody": [],
      "StatusCode": 200,
      "ResponseHeaders": {
        "Cache-Control": "no-cache",
        "Content-Type": "application/json; charset=utf-8",
        "Date": "Fri, 23 Jun 2017 07:58:53 GMT",
        "Expires": "-1",
        "Pragma": "no-cache",
        "Strict-Transport-Security": "max-age=31536000; includeSubDomains",
        "Vary": "Accept-Encoding",
        "x-ms-correlation-request-id": "1acdc4cb-1e59-450b-a23a-a969555b9232",
        "x-ms-ratelimit-remaining-subscription-reads": "14991",
        "x-ms-request-id": "1acdc4cb-1e59-450b-a23a-a969555b9232",
        "x-ms-routing-request-id": "WESTEUROPE:20170623T075853Z:1acdc4cb-1e59-450b-a23a-a969555b9232"
      },
      "ResponseBody": [
        "{\r\n",
        "  \u0022status\u0022: \u0022Running\u0022\r\n",
        "}"
      ]
    },
    {
      "RequestUri": "/subscriptions/2c224e7e-3ef5-431d-a57b-e71f4662e3a6/resourcegroups/azsmnet7802/providers/Microsoft.Resources/deployments/azsmnet3423/operationStatuses/08587034021863889339?api-version=2015-11-01",
      "RequestMethod": "GET",
      "RequestHeaders": {
        "User-Agent": [
          "FxVersion/4.6.25211.01",
          "Microsoft.Azure.Management.Resources.ResourceManagementClient/1.0.0.0"
        ]
      },
      "RequestBody": [],
      "StatusCode": 200,
      "ResponseHeaders": {
        "Cache-Control": "no-cache",
        "Content-Type": "application/json; charset=utf-8",
        "Date": "Fri, 23 Jun 2017 07:59:22 GMT",
        "Expires": "-1",
        "Pragma": "no-cache",
        "Strict-Transport-Security": "max-age=31536000; includeSubDomains",
        "Vary": "Accept-Encoding",
        "x-ms-correlation-request-id": "16f904d6-9530-44f7-97da-307091221929",
        "x-ms-ratelimit-remaining-subscription-reads": "14990",
        "x-ms-request-id": "16f904d6-9530-44f7-97da-307091221929",
        "x-ms-routing-request-id": "WESTEUROPE:20170623T075923Z:16f904d6-9530-44f7-97da-307091221929"
      },
      "ResponseBody": [
        "{\r\n",
        "  \u0022status\u0022: \u0022Running\u0022\r\n",
        "}"
      ]
    },
    {
      "RequestUri": "/subscriptions/2c224e7e-3ef5-431d-a57b-e71f4662e3a6/resourcegroups/azsmnet7802/providers/Microsoft.Resources/deployments/azsmnet3423/operationStatuses/08587034021863889339?api-version=2015-11-01",
      "RequestMethod": "GET",
      "RequestHeaders": {
        "User-Agent": [
          "FxVersion/4.6.25211.01",
          "Microsoft.Azure.Management.Resources.ResourceManagementClient/1.0.0.0"
        ]
      },
      "RequestBody": [],
      "StatusCode": 200,
      "ResponseHeaders": {
        "Cache-Control": "no-cache",
        "Content-Type": "application/json; charset=utf-8",
        "Date": "Fri, 23 Jun 2017 07:59:53 GMT",
        "Expires": "-1",
        "Pragma": "no-cache",
        "Strict-Transport-Security": "max-age=31536000; includeSubDomains",
        "Vary": "Accept-Encoding",
        "x-ms-correlation-request-id": "95315dd6-85d9-4eb5-bfbd-fe764aca66c2",
        "x-ms-ratelimit-remaining-subscription-reads": "14989",
        "x-ms-request-id": "95315dd6-85d9-4eb5-bfbd-fe764aca66c2",
        "x-ms-routing-request-id": "WESTEUROPE:20170623T075954Z:95315dd6-85d9-4eb5-bfbd-fe764aca66c2"
      },
      "ResponseBody": [
        "{\r\n",
        "  \u0022status\u0022: \u0022Running\u0022\r\n",
        "}"
      ]
    },
    {
      "RequestUri": "/subscriptions/2c224e7e-3ef5-431d-a57b-e71f4662e3a6/resourcegroups/azsmnet7802/providers/Microsoft.Resources/deployments/azsmnet3423/operationStatuses/08587034021863889339?api-version=2015-11-01",
      "RequestMethod": "GET",
      "RequestHeaders": {
        "User-Agent": [
          "FxVersion/4.6.25211.01",
          "Microsoft.Azure.Management.Resources.ResourceManagementClient/1.0.0.0"
        ]
      },
      "RequestBody": [],
      "StatusCode": 200,
      "ResponseHeaders": {
        "Cache-Control": "no-cache",
        "Content-Type": "application/json; charset=utf-8",
        "Date": "Fri, 23 Jun 2017 08:00:24 GMT",
        "Expires": "-1",
        "Pragma": "no-cache",
        "Strict-Transport-Security": "max-age=31536000; includeSubDomains",
        "Vary": "Accept-Encoding",
        "x-ms-correlation-request-id": "45cbdbfb-632a-457b-b0a1-4c5e40df7d1f",
        "x-ms-ratelimit-remaining-subscription-reads": "14988",
        "x-ms-request-id": "45cbdbfb-632a-457b-b0a1-4c5e40df7d1f",
        "x-ms-routing-request-id": "WESTEUROPE:20170623T080024Z:45cbdbfb-632a-457b-b0a1-4c5e40df7d1f"
      },
      "ResponseBody": [
        "{\r\n",
        "  \u0022status\u0022: \u0022Running\u0022\r\n",
        "}"
      ]
    },
    {
      "RequestUri": "/subscriptions/2c224e7e-3ef5-431d-a57b-e71f4662e3a6/resourcegroups/azsmnet7802/providers/Microsoft.Resources/deployments/azsmnet3423/operationStatuses/08587034021863889339?api-version=2015-11-01",
      "RequestMethod": "GET",
      "RequestHeaders": {
        "User-Agent": [
          "FxVersion/4.6.25211.01",
          "Microsoft.Azure.Management.Resources.ResourceManagementClient/1.0.0.0"
        ]
      },
      "RequestBody": [],
      "StatusCode": 200,
      "ResponseHeaders": {
        "Cache-Control": "no-cache",
        "Content-Type": "application/json; charset=utf-8",
        "Date": "Fri, 23 Jun 2017 08:00:54 GMT",
        "Expires": "-1",
        "Pragma": "no-cache",
        "Strict-Transport-Security": "max-age=31536000; includeSubDomains",
        "Vary": "Accept-Encoding",
        "x-ms-correlation-request-id": "01a2b263-353d-4a25-8b9b-401b60ac7ab0",
        "x-ms-ratelimit-remaining-subscription-reads": "14987",
        "x-ms-request-id": "01a2b263-353d-4a25-8b9b-401b60ac7ab0",
        "x-ms-routing-request-id": "WESTEUROPE:20170623T080054Z:01a2b263-353d-4a25-8b9b-401b60ac7ab0"
      },
      "ResponseBody": [
        "{\r\n",
        "  \u0022status\u0022: \u0022Running\u0022\r\n",
        "}"
      ]
    },
    {
      "RequestUri": "/subscriptions/2c224e7e-3ef5-431d-a57b-e71f4662e3a6/resourcegroups/azsmnet7802/providers/Microsoft.Resources/deployments/azsmnet3423/operationStatuses/08587034021863889339?api-version=2015-11-01",
      "RequestMethod": "GET",
      "RequestHeaders": {
        "User-Agent": [
          "FxVersion/4.6.25211.01",
          "Microsoft.Azure.Management.Resources.ResourceManagementClient/1.0.0.0"
        ]
      },
      "RequestBody": [],
      "StatusCode": 200,
      "ResponseHeaders": {
        "Cache-Control": "no-cache",
        "Content-Type": "application/json; charset=utf-8",
        "Date": "Fri, 23 Jun 2017 08:01:24 GMT",
        "Expires": "-1",
        "Pragma": "no-cache",
        "Strict-Transport-Security": "max-age=31536000; includeSubDomains",
        "Vary": "Accept-Encoding",
        "x-ms-correlation-request-id": "4b0a5f05-9913-4d1a-a2b5-4301720500c1",
        "x-ms-ratelimit-remaining-subscription-reads": "14986",
        "x-ms-request-id": "4b0a5f05-9913-4d1a-a2b5-4301720500c1",
        "x-ms-routing-request-id": "WESTEUROPE:20170623T080125Z:4b0a5f05-9913-4d1a-a2b5-4301720500c1"
      },
      "ResponseBody": [
        "{\r\n",
        "  \u0022status\u0022: \u0022Running\u0022\r\n",
        "}"
      ]
    },
    {
      "RequestUri": "/subscriptions/2c224e7e-3ef5-431d-a57b-e71f4662e3a6/resourcegroups/azsmnet7802/providers/Microsoft.Resources/deployments/azsmnet3423/operationStatuses/08587034021863889339?api-version=2015-11-01",
      "RequestMethod": "GET",
      "RequestHeaders": {
        "User-Agent": [
          "FxVersion/4.6.25211.01",
          "Microsoft.Azure.Management.Resources.ResourceManagementClient/1.0.0.0"
        ]
      },
      "RequestBody": [],
      "StatusCode": 200,
      "ResponseHeaders": {
        "Cache-Control": "no-cache",
        "Content-Type": "application/json; charset=utf-8",
        "Date": "Fri, 23 Jun 2017 08:01:54 GMT",
        "Expires": "-1",
        "Pragma": "no-cache",
        "Strict-Transport-Security": "max-age=31536000; includeSubDomains",
        "Vary": "Accept-Encoding",
        "x-ms-correlation-request-id": "de06a6d3-17ce-46cf-9385-761a0b33c2c2",
        "x-ms-ratelimit-remaining-subscription-reads": "14985",
        "x-ms-request-id": "de06a6d3-17ce-46cf-9385-761a0b33c2c2",
        "x-ms-routing-request-id": "WESTEUROPE:20170623T080155Z:de06a6d3-17ce-46cf-9385-761a0b33c2c2"
      },
      "ResponseBody": [
        "{\r\n",
        "  \u0022status\u0022: \u0022Running\u0022\r\n",
        "}"
      ]
    },
    {
      "RequestUri": "/subscriptions/2c224e7e-3ef5-431d-a57b-e71f4662e3a6/resourcegroups/azsmnet7802/providers/Microsoft.Resources/deployments/azsmnet3423/operationStatuses/08587034021863889339?api-version=2015-11-01",
      "RequestMethod": "GET",
      "RequestHeaders": {
        "User-Agent": [
          "FxVersion/4.6.25211.01",
          "Microsoft.Azure.Management.Resources.ResourceManagementClient/1.0.0.0"
        ]
      },
      "RequestBody": [],
      "StatusCode": 200,
      "ResponseHeaders": {
        "Cache-Control": "no-cache",
        "Content-Type": "application/json; charset=utf-8",
        "Date": "Fri, 23 Jun 2017 08:02:25 GMT",
        "Expires": "-1",
        "Pragma": "no-cache",
        "Strict-Transport-Security": "max-age=31536000; includeSubDomains",
        "Vary": "Accept-Encoding",
        "x-ms-correlation-request-id": "9c3e84e1-6ee6-484f-bebb-4d5297adb78e",
        "x-ms-ratelimit-remaining-subscription-reads": "14984",
        "x-ms-request-id": "9c3e84e1-6ee6-484f-bebb-4d5297adb78e",
        "x-ms-routing-request-id": "WESTEUROPE:20170623T080226Z:9c3e84e1-6ee6-484f-bebb-4d5297adb78e"
      },
      "ResponseBody": [
        "{\r\n",
        "  \u0022status\u0022: \u0022Running\u0022\r\n",
        "}"
      ]
    },
    {
      "RequestUri": "/subscriptions/2c224e7e-3ef5-431d-a57b-e71f4662e3a6/resourcegroups/azsmnet7802/providers/Microsoft.Resources/deployments/azsmnet3423/operationStatuses/08587034021863889339?api-version=2015-11-01",
      "RequestMethod": "GET",
      "RequestHeaders": {
        "User-Agent": [
          "FxVersion/4.6.25211.01",
          "Microsoft.Azure.Management.Resources.ResourceManagementClient/1.0.0.0"
        ]
      },
      "RequestBody": [],
      "StatusCode": 200,
      "ResponseHeaders": {
        "Cache-Control": "no-cache",
        "Content-Type": "application/json; charset=utf-8",
        "Date": "Fri, 23 Jun 2017 08:02:55 GMT",
        "Expires": "-1",
        "Pragma": "no-cache",
        "Strict-Transport-Security": "max-age=31536000; includeSubDomains",
        "Vary": "Accept-Encoding",
        "x-ms-correlation-request-id": "2509a577-f643-424a-81f8-cd301a411b9f",
        "x-ms-ratelimit-remaining-subscription-reads": "14983",
        "x-ms-request-id": "2509a577-f643-424a-81f8-cd301a411b9f",
        "x-ms-routing-request-id": "WESTEUROPE:20170623T080256Z:2509a577-f643-424a-81f8-cd301a411b9f"
      },
      "ResponseBody": [
        "{\r\n",
        "  \u0022status\u0022: \u0022Succeeded\u0022\r\n",
        "}"
      ]
    },
    {
      "RequestUri": "/subscriptions/2c224e7e-3ef5-431d-a57b-e71f4662e3a6/resourcegroups/azsmnet7802/providers/Microsoft.Resources/deployments/azsmnet3423?api-version=2015-11-01",
      "RequestMethod": "GET",
      "RequestHeaders": {
        "User-Agent": [
          "FxVersion/4.6.25211.01",
          "Microsoft.Azure.Management.Resources.ResourceManagementClient/1.0.0.0"
        ]
      },
      "RequestBody": [],
      "StatusCode": 200,
      "ResponseHeaders": {
        "Cache-Control": "no-cache",
        "Content-Type": "application/json; charset=utf-8",
        "Date": "Fri, 23 Jun 2017 08:02:56 GMT",
        "Expires": "-1",
        "Pragma": "no-cache",
        "Strict-Transport-Security": "max-age=31536000; includeSubDomains",
        "Vary": "Accept-Encoding",
        "x-ms-correlation-request-id": "daea3cc6-733f-46b1-a189-128bc4dcf878",
        "x-ms-ratelimit-remaining-subscription-reads": "14982",
        "x-ms-request-id": "daea3cc6-733f-46b1-a189-128bc4dcf878",
        "x-ms-routing-request-id": "WESTEUROPE:20170623T080256Z:daea3cc6-733f-46b1-a189-128bc4dcf878"
      },
      "ResponseBody": [
        "{\r\n",
        "  \u0022id\u0022: \u0022/subscriptions/2c224e7e-3ef5-431d-a57b-e71f4662e3a6/resourceGroups/azsmnet7802/providers/Microsoft.Resources/deployments/azsmnet3423\u0022,\r\n",
        "  \u0022name\u0022: \u0022azsmnet3423\u0022,\r\n",
        "  \u0022properties\u0022: {\r\n",
        "    \u0022templateHash\u0022: \u00229908915175891452045\u0022,\r\n",
        "    \u0022parameters\u0022: {\r\n",
        "      \u0022resourceGroupName\u0022: {\r\n",
        "        \u0022type\u0022: \u0022String\u0022,\r\n",
        "        \u0022value\u0022: \u0022azsmnet7802\u0022\r\n",
        "      },\r\n",
        "      \u0022location\u0022: {\r\n",
        "        \u0022type\u0022: \u0022String\u0022,\r\n",
        "        \u0022value\u0022: \u0022westcentralus\u0022\r\n",
        "      },\r\n",
        "      \u0022virtualMachineName\u0022: {\r\n",
        "        \u0022type\u0022: \u0022String\u0022,\r\n",
        "        \u0022value\u0022: \u0022azsmnet1306\u0022\r\n",
        "      },\r\n",
        "      \u0022virtualMachineSize\u0022: {\r\n",
        "        \u0022type\u0022: \u0022String\u0022,\r\n",
        "        \u0022value\u0022: \u0022Standard_DS1_v2\u0022\r\n",
        "      },\r\n",
        "      \u0022adminUsername\u0022: {\r\n",
        "        \u0022type\u0022: \u0022String\u0022,\r\n",
        "        \u0022value\u0022: \u0022netanalytics32\u0022\r\n",
        "      },\r\n",
        "      \u0022storageAccountName\u0022: {\r\n",
        "        \u0022type\u0022: \u0022String\u0022,\r\n",
        "        \u0022value\u0022: \u0022azsmnet491\u0022\r\n",
        "      },\r\n",
        "      \u0022virtualNetworkName\u0022: {\r\n",
        "        \u0022type\u0022: \u0022String\u0022,\r\n",
        "        \u0022value\u0022: \u0022azsmnet7802-vnet\u0022\r\n",
        "      },\r\n",
        "      \u0022routeTableName\u0022: {\r\n",
        "        \u0022type\u0022: \u0022String\u0022,\r\n",
        "        \u0022value\u0022: \u0022azsmnet7802RT\u0022\r\n",
        "      },\r\n",
        "      \u0022networkInterfaceName\u0022: {\r\n",
        "        \u0022type\u0022: \u0022String\u0022,\r\n",
        "        \u0022value\u0022: \u0022azsmnet1072\u0022\r\n",
        "      },\r\n",
        "      \u0022networkSecurityGroupName\u0022: {\r\n",
        "        \u0022type\u0022: \u0022String\u0022,\r\n",
        "        \u0022value\u0022: \u0022azsmnet1306-nsg\u0022\r\n",
        "      },\r\n",
        "      \u0022adminPassword\u0022: {\r\n",
        "        \u0022type\u0022: \u0022SecureString\u0022\r\n",
        "      },\r\n",
        "      \u0022storageAccountType\u0022: {\r\n",
        "        \u0022type\u0022: \u0022String\u0022,\r\n",
        "        \u0022value\u0022: \u0022Premium_LRS\u0022\r\n",
        "      },\r\n",
        "      \u0022diagnosticsStorageAccountName\u0022: {\r\n",
        "        \u0022type\u0022: \u0022String\u0022,\r\n",
        "        \u0022value\u0022: \u0022azsmnet9030\u0022\r\n",
        "      },\r\n",
        "      \u0022diagnosticsStorageAccountId\u0022: {\r\n",
        "        \u0022type\u0022: \u0022String\u0022,\r\n",
        "        \u0022value\u0022: \u0022Microsoft.Storage/storageAccounts/azsmnet9030\u0022\r\n",
        "      },\r\n",
        "      \u0022diagnosticsStorageAccountType\u0022: {\r\n",
        "        \u0022type\u0022: \u0022String\u0022,\r\n",
        "        \u0022value\u0022: \u0022Standard_LRS\u0022\r\n",
        "      },\r\n",
        "      \u0022addressPrefix\u0022: {\r\n",
        "        \u0022type\u0022: \u0022String\u0022,\r\n",
        "        \u0022value\u0022: \u002210.17.3.0/24\u0022\r\n",
        "      },\r\n",
        "      \u0022subnetName\u0022: {\r\n",
        "        \u0022type\u0022: \u0022String\u0022,\r\n",
        "        \u0022value\u0022: \u0022default\u0022\r\n",
        "      },\r\n",
        "      \u0022subnetPrefix\u0022: {\r\n",
        "        \u0022type\u0022: \u0022String\u0022,\r\n",
        "        \u0022value\u0022: \u002210.17.3.0/24\u0022\r\n",
        "      },\r\n",
        "      \u0022publicIpAddressName\u0022: {\r\n",
        "        \u0022type\u0022: \u0022String\u0022,\r\n",
        "        \u0022value\u0022: \u0022azsmnet1306-ip\u0022\r\n",
        "      },\r\n",
        "      \u0022publicIpAddressType\u0022: {\r\n",
        "        \u0022type\u0022: \u0022String\u0022,\r\n",
        "        \u0022value\u0022: \u0022Dynamic\u0022\r\n",
        "      }\r\n",
        "    },\r\n",
        "    \u0022mode\u0022: \u0022Incremental\u0022,\r\n",
        "    \u0022provisioningState\u0022: \u0022Succeeded\u0022,\r\n",
        "    \u0022timestamp\u0022: \u00222017-06-23T08:02:39.3027856Z\u0022,\r\n",
        "    \u0022duration\u0022: \u0022PT4M20.2140373S\u0022,\r\n",
        "    \u0022correlationId\u0022: \u00223e0503c0-b923-4b09-86a5-dbbf374ac2ef\u0022,\r\n",
        "    \u0022providers\u0022: [\r\n",
        "      {\r\n",
        "        \u0022namespace\u0022: \u0022Microsoft.Compute\u0022,\r\n",
        "        \u0022resourceTypes\u0022: [\r\n",
        "          {\r\n",
        "            \u0022resourceType\u0022: \u0022virtualMachines\u0022,\r\n",
        "            \u0022locations\u0022: [\r\n",
        "              \u0022westcentralus\u0022\r\n",
        "            ]\r\n",
        "          }\r\n",
        "        ]\r\n",
        "      },\r\n",
        "      {\r\n",
        "        \u0022namespace\u0022: \u0022Microsoft.Storage\u0022,\r\n",
        "        \u0022resourceTypes\u0022: [\r\n",
        "          {\r\n",
        "            \u0022resourceType\u0022: \u0022storageAccounts\u0022,\r\n",
        "            \u0022locations\u0022: [\r\n",
        "              \u0022westcentralus\u0022\r\n",
        "            ]\r\n",
        "          }\r\n",
        "        ]\r\n",
        "      },\r\n",
        "      {\r\n",
        "        \u0022namespace\u0022: \u0022Microsoft.Network\u0022,\r\n",
        "        \u0022resourceTypes\u0022: [\r\n",
        "          {\r\n",
        "            \u0022resourceType\u0022: \u0022routeTables\u0022,\r\n",
        "            \u0022locations\u0022: [\r\n",
        "              \u0022westcentralus\u0022\r\n",
        "            ]\r\n",
        "          },\r\n",
        "          {\r\n",
        "            \u0022resourceType\u0022: \u0022virtualNetworks\u0022,\r\n",
        "            \u0022locations\u0022: [\r\n",
        "              \u0022westcentralus\u0022\r\n",
        "            ]\r\n",
        "          },\r\n",
        "          {\r\n",
        "            \u0022resourceType\u0022: \u0022networkInterfaces\u0022,\r\n",
        "            \u0022locations\u0022: [\r\n",
        "              \u0022westcentralus\u0022\r\n",
        "            ]\r\n",
        "          },\r\n",
        "          {\r\n",
        "            \u0022resourceType\u0022: \u0022publicIpAddresses\u0022,\r\n",
        "            \u0022locations\u0022: [\r\n",
        "              \u0022westcentralus\u0022\r\n",
        "            ]\r\n",
        "          },\r\n",
        "          {\r\n",
        "            \u0022resourceType\u0022: \u0022networkSecurityGroups\u0022,\r\n",
        "            \u0022locations\u0022: [\r\n",
        "              \u0022westcentralus\u0022\r\n",
        "            ]\r\n",
        "          }\r\n",
        "        ]\r\n",
        "      }\r\n",
        "    ],\r\n",
        "    \u0022dependencies\u0022: [\r\n",
        "      {\r\n",
        "        \u0022dependsOn\u0022: [\r\n",
        "          {\r\n",
        "            \u0022id\u0022: \u0022/subscriptions/2c224e7e-3ef5-431d-a57b-e71f4662e3a6/resourceGroups/azsmnet7802/providers/Microsoft.Network/networkInterfaces/azsmnet1072\u0022,\r\n",
        "            \u0022resourceType\u0022: \u0022Microsoft.Network/networkInterfaces\u0022,\r\n",
        "            \u0022resourceName\u0022: \u0022azsmnet1072\u0022\r\n",
        "          },\r\n",
        "          {\r\n",
        "            \u0022id\u0022: \u0022/subscriptions/2c224e7e-3ef5-431d-a57b-e71f4662e3a6/resourceGroups/azsmnet7802/providers/Microsoft.Storage/storageAccounts/azsmnet491\u0022,\r\n",
        "            \u0022resourceType\u0022: \u0022Microsoft.Storage/storageAccounts\u0022,\r\n",
        "            \u0022resourceName\u0022: \u0022azsmnet491\u0022\r\n",
        "          },\r\n",
        "          {\r\n",
        "            \u0022id\u0022: \u0022/subscriptions/2c224e7e-3ef5-431d-a57b-e71f4662e3a6/resourceGroups/azsmnet7802/providers/Microsoft.Storage/storageAccounts/azsmnet9030\u0022,\r\n",
        "            \u0022resourceType\u0022: \u0022Microsoft.Storage/storageAccounts\u0022,\r\n",
        "            \u0022resourceName\u0022: \u0022azsmnet9030\u0022\r\n",
        "          },\r\n",
        "          {\r\n",
        "            \u0022id\u0022: \u0022/subscriptions/2c224e7e-3ef5-431d-a57b-e71f4662e3a6/resourceGroups/azsmnet7802/providers/Microsoft.Storage/storageAccounts/azsmnet491\u0022,\r\n",
        "            \u0022resourceType\u0022: \u0022Microsoft.Storage/storageAccounts\u0022,\r\n",
        "            \u0022resourceName\u0022: \u0022azsmnet491\u0022,\r\n",
        "            \u0022apiVersion\u0022: \u00222015-06-15\u0022\r\n",
        "          },\r\n",
        "          {\r\n",
        "            \u0022id\u0022: \u0022/subscriptions/2c224e7e-3ef5-431d-a57b-e71f4662e3a6/resourceGroups/azsmnet7802/providers/Microsoft.Storage/storageAccounts/azsmnet9030\u0022,\r\n",
        "            \u0022resourceType\u0022: \u0022Microsoft.Storage/storageAccounts\u0022,\r\n",
        "            \u0022resourceName\u0022: \u0022azsmnet9030\u0022,\r\n",
        "            \u0022apiVersion\u0022: \u00222015-06-15\u0022\r\n",
        "          }\r\n",
        "        ],\r\n",
        "        \u0022id\u0022: \u0022/subscriptions/2c224e7e-3ef5-431d-a57b-e71f4662e3a6/resourceGroups/azsmnet7802/providers/Microsoft.Compute/virtualMachines/azsmnet1306\u0022,\r\n",
        "        \u0022resourceType\u0022: \u0022Microsoft.Compute/virtualMachines\u0022,\r\n",
        "        \u0022resourceName\u0022: \u0022azsmnet1306\u0022\r\n",
        "      },\r\n",
        "      {\r\n",
        "        \u0022dependsOn\u0022: [\r\n",
        "          {\r\n",
        "            \u0022id\u0022: \u0022/subscriptions/2c224e7e-3ef5-431d-a57b-e71f4662e3a6/resourceGroups/azsmnet7802/providers/Microsoft.Network/routeTables/azsmnet7802RT\u0022,\r\n",
        "            \u0022resourceType\u0022: \u0022Microsoft.Network/routeTables\u0022,\r\n",
        "            \u0022resourceName\u0022: \u0022azsmnet7802RT\u0022\r\n",
        "          }\r\n",
        "        ],\r\n",
        "        \u0022id\u0022: \u0022/subscriptions/2c224e7e-3ef5-431d-a57b-e71f4662e3a6/resourceGroups/azsmnet7802/providers/Microsoft.Network/virtualNetworks/azsmnet7802-vnet\u0022,\r\n",
        "        \u0022resourceType\u0022: \u0022Microsoft.Network/virtualNetworks\u0022,\r\n",
        "        \u0022resourceName\u0022: \u0022azsmnet7802-vnet\u0022\r\n",
        "      },\r\n",
        "      {\r\n",
        "        \u0022dependsOn\u0022: [\r\n",
        "          {\r\n",
        "            \u0022id\u0022: \u0022/subscriptions/2c224e7e-3ef5-431d-a57b-e71f4662e3a6/resourceGroups/azsmnet7802/providers/Microsoft.Network/virtualNetworks/azsmnet7802-vnet\u0022,\r\n",
        "            \u0022resourceType\u0022: \u0022Microsoft.Network/virtualNetworks\u0022,\r\n",
        "            \u0022resourceName\u0022: \u0022azsmnet7802-vnet\u0022\r\n",
        "          },\r\n",
        "          {\r\n",
        "            \u0022id\u0022: \u0022/subscriptions/2c224e7e-3ef5-431d-a57b-e71f4662e3a6/resourceGroups/azsmnet7802/providers/Microsoft.Network/publicIpAddresses/azsmnet1306-ip\u0022,\r\n",
        "            \u0022resourceType\u0022: \u0022Microsoft.Network/publicIpAddresses\u0022,\r\n",
        "            \u0022resourceName\u0022: \u0022azsmnet1306-ip\u0022\r\n",
        "          },\r\n",
        "          {\r\n",
        "            \u0022id\u0022: \u0022/subscriptions/2c224e7e-3ef5-431d-a57b-e71f4662e3a6/resourceGroups/azsmnet7802/providers/Microsoft.Network/networkSecurityGroups/azsmnet1306-nsg\u0022,\r\n",
        "            \u0022resourceType\u0022: \u0022Microsoft.Network/networkSecurityGroups\u0022,\r\n",
        "            \u0022resourceName\u0022: \u0022azsmnet1306-nsg\u0022\r\n",
        "          }\r\n",
        "        ],\r\n",
        "        \u0022id\u0022: \u0022/subscriptions/2c224e7e-3ef5-431d-a57b-e71f4662e3a6/resourceGroups/azsmnet7802/providers/Microsoft.Network/networkInterfaces/azsmnet1072\u0022,\r\n",
        "        \u0022resourceType\u0022: \u0022Microsoft.Network/networkInterfaces\u0022,\r\n",
        "        \u0022resourceName\u0022: \u0022azsmnet1072\u0022\r\n",
        "      }\r\n",
        "    ],\r\n",
        "    \u0022outputs\u0022: {\r\n",
        "      \u0022adminUsername\u0022: {\r\n",
        "        \u0022type\u0022: \u0022String\u0022,\r\n",
        "        \u0022value\u0022: \u0022netanalytics32\u0022\r\n",
        "      }\r\n",
        "    },\r\n",
        "    \u0022outputResources\u0022: [\r\n",
        "      {\r\n",
        "        \u0022id\u0022: \u0022Microsoft.Compute/virtualMachines/azsmnet1306\u0022\r\n",
        "      },\r\n",
        "      {\r\n",
        "        \u0022id\u0022: \u0022Microsoft.Network/networkInterfaces/azsmnet1072\u0022\r\n",
        "      },\r\n",
        "      {\r\n",
        "        \u0022id\u0022: \u0022Microsoft.Network/networkSecurityGroups/azsmnet1306-nsg\u0022\r\n",
        "      },\r\n",
        "      {\r\n",
        "        \u0022id\u0022: \u0022Microsoft.Network/publicIpAddresses/azsmnet1306-ip\u0022\r\n",
        "      },\r\n",
        "      {\r\n",
        "        \u0022id\u0022: \u0022Microsoft.Network/routeTables/azsmnet7802RT\u0022\r\n",
        "      },\r\n",
        "      {\r\n",
        "        \u0022id\u0022: \u0022Microsoft.Network/virtualNetworks/azsmnet7802-vnet\u0022\r\n",
        "      },\r\n",
        "      {\r\n",
        "        \u0022id\u0022: \u0022Microsoft.Storage/storageAccounts/azsmnet491\u0022\r\n",
        "      },\r\n",
        "      {\r\n",
        "        \u0022id\u0022: \u0022Microsoft.Storage/storageAccounts/azsmnet9030\u0022\r\n",
        "      }\r\n",
        "    ]\r\n",
        "  }\r\n",
        "}"
      ]
    },
    {
      "RequestUri": "/subscriptions/2c224e7e-3ef5-431d-a57b-e71f4662e3a6/resourceGroups/azsmnet7802/providers/Microsoft.Network/networkWatchers/azsmnet1789?api-version=2017-06-01",
      "RequestMethod": "PUT",
      "RequestHeaders": {
        "accept-language": "en-US",
        "Content-Length": "35",
        "Content-Type": "application/json; charset=utf-8",
        "User-Agent": [
          "FxVersion/4.6.25211.01",
          "Microsoft.Azure.Management.Network.NetworkManagementClient/10.1.2.0"
        ],
        "x-ms-client-request-id": "e3dc3f35-3ac5-48c2-b541-b2f0b3630a42"
      },
      "RequestBody": [
        "{\r\n",
        "  \u0022location\u0022: \u0022westcentralus\u0022\r\n",
        "}"
      ],
      "StatusCode": 201,
      "ResponseHeaders": {
        "Azure-AsyncOperation": "https://management.azure.com/subscriptions/2c224e7e-3ef5-431d-a57b-e71f4662e3a6/providers/Microsoft.Network/locations/westcentralus/operations/77ce5372-59d3-4573-bd56-b5c4064ef4f4?api-version=2017-06-01",
        "Cache-Control": "no-cache",
        "Content-Length": "408",
        "Content-Type": "application/json; charset=utf-8",
        "Date": "Fri, 23 Jun 2017 08:03:00 GMT",
        "Expires": "-1",
        "Pragma": "no-cache",
        "Server": [
          "Microsoft-HTTPAPI/2.0",
          "Microsoft-HTTPAPI/2.0"
        ],
        "Strict-Transport-Security": "max-age=31536000; includeSubDomains",
        "x-ms-correlation-request-id": "a6de0280-338b-4337-93dc-d1fe4d1d1446",
        "x-ms-ratelimit-remaining-subscription-writes": "1196",
        "x-ms-request-id": "77ce5372-59d3-4573-bd56-b5c4064ef4f4",
        "x-ms-routing-request-id": "WESTEUROPE:20170623T080300Z:a6de0280-338b-4337-93dc-d1fe4d1d1446"
      },
      "ResponseBody": [
        "{\r\n",
        "  \u0022name\u0022: \u0022azsmnet1789\u0022,\r\n",
        "  \u0022id\u0022: \u0022/subscriptions/2c224e7e-3ef5-431d-a57b-e71f4662e3a6/resourceGroups/azsmnet7802/providers/Microsoft.Network/networkWatchers/azsmnet1789\u0022,\r\n",
        "  \u0022etag\u0022: \u0022W/\\\u0022b00310f7-d926-4101-a7e3-cecebc1de511\\\u0022\u0022,\r\n",
        "  \u0022type\u0022: \u0022Microsoft.Network/networkWatchers\u0022,\r\n",
        "  \u0022location\u0022: \u0022westcentralus\u0022,\r\n",
        "  \u0022properties\u0022: {\r\n",
        "    \u0022provisioningState\u0022: \u0022Succeeded\u0022,\r\n",
        "    \u0022runningOperationIds\u0022: []\r\n",
        "  }\r\n",
        "}"
      ]
    },
    {
      "RequestUri": "/subscriptions/2c224e7e-3ef5-431d-a57b-e71f4662e3a6/resourceGroups/azsmnet7802/providers/Microsoft.Compute/virtualMachines/azsmnet1306?api-version=2017-03-30",
      "RequestMethod": "GET",
      "RequestHeaders": {
        "accept-language": "en-US",
        "User-Agent": [
          "FxVersion/4.6.25211.01",
          "Microsoft.Azure.Management.Compute.ComputeManagementClient/15.0.0.0"
        ],
        "x-ms-client-request-id": "0039c6d5-13e9-40c7-a91d-4eaf64f4bda9"
      },
      "RequestBody": [],
      "StatusCode": 200,
      "ResponseHeaders": {
        "Cache-Control": "no-cache",
        "Content-Type": "application/json; charset=utf-8",
        "Date": "Fri, 23 Jun 2017 08:03:01 GMT",
        "Expires": "-1",
        "Pragma": "no-cache",
        "Server": [
          "Microsoft-HTTPAPI/2.0",
          "Microsoft-HTTPAPI/2.0"
        ],
        "Strict-Transport-Security": "max-age=31536000; includeSubDomains",
        "Transfer-Encoding": "chunked",
        "Vary": "Accept-Encoding",
        "x-ms-correlation-request-id": "e96ed97b-76a1-4427-ba2e-c25c2ac5560c",
        "x-ms-ratelimit-remaining-subscription-reads": "14981",
        "x-ms-request-id": "b3f42c4b-0fed-4cca-90fd-62f45f1c740f",
        "x-ms-routing-request-id": "WESTEUROPE:20170623T080301Z:e96ed97b-76a1-4427-ba2e-c25c2ac5560c",
        "x-ms-served-by": "570425b6-252c-4b01-9b7b-5aa864bcc76f_131117909420439715"
      },
      "ResponseBody": [
        "{\r\n",
        "  \u0022properties\u0022: {\r\n",
        "    \u0022vmId\u0022: \u00223d08104f-a889-4951-b938-d902c9d4b0fd\u0022,\r\n",
        "    \u0022hardwareProfile\u0022: {\r\n",
        "      \u0022vmSize\u0022: \u0022Standard_DS1_v2\u0022\r\n",
        "    },\r\n",
        "    \u0022storageProfile\u0022: {\r\n",
        "      \u0022imageReference\u0022: {\r\n",
        "        \u0022publisher\u0022: \u0022MicrosoftWindowsServer\u0022,\r\n",
        "        \u0022offer\u0022: \u0022WindowsServer\u0022,\r\n",
        "        \u0022sku\u0022: \u00222016-Datacenter\u0022,\r\n",
        "        \u0022version\u0022: \u0022latest\u0022\r\n",
        "      },\r\n",
        "      \u0022osDisk\u0022: {\r\n",
        "        \u0022osType\u0022: \u0022Windows\u0022,\r\n",
        "        \u0022name\u0022: \u0022azsmnet1306\u0022,\r\n",
        "        \u0022createOption\u0022: \u0022FromImage\u0022,\r\n",
        "        \u0022vhd\u0022: {\r\n",
        "          \u0022uri\u0022: \u0022https://azsmnet491.blob.core.windows.net/vhds/azsmnet130620161217141554.vhd\u0022\r\n",
        "        },\r\n",
        "        \u0022caching\u0022: \u0022ReadWrite\u0022\r\n",
        "      },\r\n",
        "      \u0022dataDisks\u0022: []\r\n",
        "    },\r\n",
        "    \u0022osProfile\u0022: {\r\n",
        "      \u0022computerName\u0022: \u0022azsmnet1306\u0022,\r\n",
        "      \u0022adminUsername\u0022: \u0022netanalytics32\u0022,\r\n",
        "      \u0022windowsConfiguration\u0022: {\r\n",
        "        \u0022provisionVMAgent\u0022: true,\r\n",
        "        \u0022enableAutomaticUpdates\u0022: true\r\n",
        "      },\r\n",
        "      \u0022secrets\u0022: []\r\n",
        "    },\r\n",
        "    \u0022networkProfile\u0022: {\r\n",
        "      \u0022networkInterfaces\u0022: [\r\n",
        "        {\r\n",
        "          \u0022id\u0022: \u0022/subscriptions/2c224e7e-3ef5-431d-a57b-e71f4662e3a6/resourceGroups/azsmnet7802/providers/Microsoft.Network/networkInterfaces/azsmnet1072\u0022\r\n",
        "        }\r\n",
        "      ]\r\n",
        "    },\r\n",
        "    \u0022diagnosticsProfile\u0022: {\r\n",
        "      \u0022bootDiagnostics\u0022: {\r\n",
        "        \u0022enabled\u0022: true,\r\n",
        "        \u0022storageUri\u0022: \u0022https://azsmnet9030.blob.core.windows.net/\u0022\r\n",
        "      }\r\n",
        "    },\r\n",
        "    \u0022provisioningState\u0022: \u0022Succeeded\u0022\r\n",
        "  },\r\n",
        "  \u0022type\u0022: \u0022Microsoft.Compute/virtualMachines\u0022,\r\n",
        "  \u0022location\u0022: \u0022westcentralus\u0022,\r\n",
        "  \u0022id\u0022: \u0022/subscriptions/2c224e7e-3ef5-431d-a57b-e71f4662e3a6/resourceGroups/azsmnet7802/providers/Microsoft.Compute/virtualMachines/azsmnet1306\u0022,\r\n",
        "  \u0022name\u0022: \u0022azsmnet1306\u0022\r\n",
        "}"
      ]
    },
    {
      "RequestUri": "/subscriptions/2c224e7e-3ef5-431d-a57b-e71f4662e3a6/resourceGroups/azsmnet7802/providers/Microsoft.Network/networkInterfaces/azsmnet1072?api-version=2017-06-01",
      "RequestMethod": "GET",
      "RequestHeaders": {
        "accept-language": "en-US",
        "User-Agent": [
          "FxVersion/4.6.25211.01",
          "Microsoft.Azure.Management.Network.NetworkManagementClient/10.1.2.0"
        ],
        "x-ms-client-request-id": "050ee7f9-0050-4ebd-9958-7e3be48549c0"
      },
      "RequestBody": [],
      "StatusCode": 200,
      "ResponseHeaders": {
        "Cache-Control": "no-cache",
        "Content-Type": "application/json; charset=utf-8",
        "Date": "Fri, 23 Jun 2017 08:03:01 GMT",
        "ETag": "W/\u002228a5cb16-e1fc-4c09-91a4-1f6ba8320705\u0022",
        "Expires": "-1",
        "Pragma": "no-cache",
        "Server": [
          "Microsoft-HTTPAPI/2.0",
          "Microsoft-HTTPAPI/2.0"
        ],
        "Strict-Transport-Security": "max-age=31536000; includeSubDomains",
        "Transfer-Encoding": "chunked",
        "Vary": "Accept-Encoding",
        "x-ms-correlation-request-id": "8f1a935d-3df5-407a-8445-42fc3675fd0f",
        "x-ms-ratelimit-remaining-subscription-reads": "14980",
        "x-ms-request-id": "ee3d4a74-a37f-4958-b103-1a370a174df3",
        "x-ms-routing-request-id": "WESTEUROPE:20170623T080302Z:8f1a935d-3df5-407a-8445-42fc3675fd0f"
      },
      "ResponseBody": [
        "{\r\n",
        "  \u0022name\u0022: \u0022azsmnet1072\u0022,\r\n",
        "  \u0022id\u0022: \u0022/subscriptions/2c224e7e-3ef5-431d-a57b-e71f4662e3a6/resourceGroups/azsmnet7802/providers/Microsoft.Network/networkInterfaces/azsmnet1072\u0022,\r\n",
        "  \u0022etag\u0022: \u0022W/\\\u002228a5cb16-e1fc-4c09-91a4-1f6ba8320705\\\u0022\u0022,\r\n",
        "  \u0022location\u0022: \u0022westcentralus\u0022,\r\n",
        "  \u0022properties\u0022: {\r\n",
        "    \u0022provisioningState\u0022: \u0022Succeeded\u0022,\r\n",
        "    \u0022resourceGuid\u0022: \u0022f2ccb3c9-f56b-4be1-bfba-20786812fb6a\u0022,\r\n",
        "    \u0022ipConfigurations\u0022: [\r\n",
        "      {\r\n",
        "        \u0022name\u0022: \u0022ipconfig1\u0022,\r\n",
        "        \u0022id\u0022: \u0022/subscriptions/2c224e7e-3ef5-431d-a57b-e71f4662e3a6/resourceGroups/azsmnet7802/providers/Microsoft.Network/networkInterfaces/azsmnet1072/ipConfigurations/ipconfig1\u0022,\r\n",
        "        \u0022etag\u0022: \u0022W/\\\u002228a5cb16-e1fc-4c09-91a4-1f6ba8320705\\\u0022\u0022,\r\n",
        "        \u0022properties\u0022: {\r\n",
        "          \u0022provisioningState\u0022: \u0022Succeeded\u0022,\r\n",
        "          \u0022privateIPAddress\u0022: \u002210.17.3.4\u0022,\r\n",
        "          \u0022privateIPAllocationMethod\u0022: \u0022Dynamic\u0022,\r\n",
        "          \u0022publicIPAddress\u0022: {\r\n",
        "            \u0022id\u0022: \u0022/subscriptions/2c224e7e-3ef5-431d-a57b-e71f4662e3a6/resourceGroups/azsmnet7802/providers/Microsoft.Network/publicIPAddresses/azsmnet1306-ip\u0022\r\n",
        "          },\r\n",
        "          \u0022subnet\u0022: {\r\n",
        "            \u0022id\u0022: \u0022/subscriptions/2c224e7e-3ef5-431d-a57b-e71f4662e3a6/resourceGroups/azsmnet7802/providers/Microsoft.Network/virtualNetworks/azsmnet7802-vnet/subnets/default\u0022\r\n",
        "          },\r\n",
        "          \u0022primary\u0022: true,\r\n",
        "          \u0022privateIPAddressVersion\u0022: \u0022IPv4\u0022\r\n",
        "        }\r\n",
        "      }\r\n",
        "    ],\r\n",
        "    \u0022dnsSettings\u0022: {\r\n",
        "      \u0022dnsServers\u0022: [],\r\n",
        "      \u0022appliedDnsServers\u0022: [],\r\n",
        "      \u0022internalDomainNameSuffix\u0022: \u00220dqps1lpi4nezorzy5lxr1jmaa.yx.internal.cloudapp.net\u0022\r\n",
        "    },\r\n",
        "    \u0022macAddress\u0022: \u002200-0D-3A-F8-01-5D\u0022,\r\n",
        "    \u0022enableAcceleratedNetworking\u0022: false,\r\n",
        "    \u0022enableIPForwarding\u0022: false,\r\n",
        "    \u0022networkSecurityGroup\u0022: {\r\n",
        "      \u0022id\u0022: \u0022/subscriptions/2c224e7e-3ef5-431d-a57b-e71f4662e3a6/resourceGroups/azsmnet7802/providers/Microsoft.Network/networkSecurityGroups/azsmnet1306-nsg\u0022\r\n",
        "    },\r\n",
        "    \u0022primary\u0022: true,\r\n",
        "    \u0022virtualMachine\u0022: {\r\n",
        "      \u0022id\u0022: \u0022/subscriptions/2c224e7e-3ef5-431d-a57b-e71f4662e3a6/resourceGroups/azsmnet7802/providers/Microsoft.Compute/virtualMachines/azsmnet1306\u0022\r\n",
        "    }\r\n",
        "  },\r\n",
        "  \u0022type\u0022: \u0022Microsoft.Network/networkInterfaces\u0022\r\n",
        "}"
      ]
    },
    {
      "RequestUri": "/subscriptions/2c224e7e-3ef5-431d-a57b-e71f4662e3a6/resourceGroups/azsmnet7802/providers/Microsoft.Network/networkSecurityGroups/azsmnet1306-nsg?api-version=2017-06-01",
      "RequestMethod": "GET",
      "RequestHeaders": {
        "accept-language": "en-US",
        "User-Agent": [
          "FxVersion/4.6.25211.01",
          "Microsoft.Azure.Management.Network.NetworkManagementClient/10.1.2.0"
        ],
        "x-ms-client-request-id": "b014853d-0bf5-4166-8c3d-8e0299c08309"
      },
      "RequestBody": [],
      "StatusCode": 200,
      "ResponseHeaders": {
        "Cache-Control": "no-cache",
        "Content-Type": "application/json; charset=utf-8",
        "Date": "Fri, 23 Jun 2017 08:03:02 GMT",
        "ETag": "W/\u0022dc782ad8-ff30-434e-9743-051f3739f99a\u0022",
        "Expires": "-1",
        "Pragma": "no-cache",
        "Server": [
          "Microsoft-HTTPAPI/2.0",
          "Microsoft-HTTPAPI/2.0"
        ],
        "Strict-Transport-Security": "max-age=31536000; includeSubDomains",
        "Transfer-Encoding": "chunked",
        "Vary": "Accept-Encoding",
        "x-ms-correlation-request-id": "e6a4dc48-44c0-40e2-85e8-eb090fca9698",
        "x-ms-ratelimit-remaining-subscription-reads": "14979",
        "x-ms-request-id": "8b067086-8420-4c23-91ed-6d0994d00f4e",
        "x-ms-routing-request-id": "WESTEUROPE:20170623T080303Z:e6a4dc48-44c0-40e2-85e8-eb090fca9698"
      },
      "ResponseBody": [
        "{\r\n",
        "  \u0022name\u0022: \u0022azsmnet1306-nsg\u0022,\r\n",
        "  \u0022id\u0022: \u0022/subscriptions/2c224e7e-3ef5-431d-a57b-e71f4662e3a6/resourceGroups/azsmnet7802/providers/Microsoft.Network/networkSecurityGroups/azsmnet1306-nsg\u0022,\r\n",
        "  \u0022etag\u0022: \u0022W/\\\u0022dc782ad8-ff30-434e-9743-051f3739f99a\\\u0022\u0022,\r\n",
        "  \u0022type\u0022: \u0022Microsoft.Network/networkSecurityGroups\u0022,\r\n",
        "  \u0022location\u0022: \u0022westcentralus\u0022,\r\n",
        "  \u0022properties\u0022: {\r\n",
        "    \u0022provisioningState\u0022: \u0022Succeeded\u0022,\r\n",
        "    \u0022resourceGuid\u0022: \u0022ef8ef367-10ef-4118-a876-82289f809a40\u0022,\r\n",
        "    \u0022securityRules\u0022: [\r\n",
        "      {\r\n",
        "        \u0022name\u0022: \u0022default-allow-rdp\u0022,\r\n",
        "        \u0022id\u0022: \u0022/subscriptions/2c224e7e-3ef5-431d-a57b-e71f4662e3a6/resourceGroups/azsmnet7802/providers/Microsoft.Network/networkSecurityGroups/azsmnet1306-nsg/securityRules/default-allow-rdp\u0022,\r\n",
        "        \u0022etag\u0022: \u0022W/\\\u0022dc782ad8-ff30-434e-9743-051f3739f99a\\\u0022\u0022,\r\n",
        "        \u0022properties\u0022: {\r\n",
        "          \u0022provisioningState\u0022: \u0022Succeeded\u0022,\r\n",
        "          \u0022protocol\u0022: \u0022TCP\u0022,\r\n",
        "          \u0022sourcePortRange\u0022: \u0022*\u0022,\r\n",
        "          \u0022destinationPortRange\u0022: \u00223389\u0022,\r\n",
        "          \u0022sourceAddressPrefix\u0022: \u0022*\u0022,\r\n",
        "          \u0022destinationAddressPrefix\u0022: \u0022*\u0022,\r\n",
        "          \u0022access\u0022: \u0022Allow\u0022,\r\n",
        "          \u0022priority\u0022: 1000,\r\n",
        "          \u0022direction\u0022: \u0022Inbound\u0022\r\n",
        "        }\r\n",
        "      }\r\n",
        "    ],\r\n",
        "    \u0022defaultSecurityRules\u0022: [\r\n",
        "      {\r\n",
        "        \u0022name\u0022: \u0022AllowVnetInBound\u0022,\r\n",
        "        \u0022id\u0022: \u0022/subscriptions/2c224e7e-3ef5-431d-a57b-e71f4662e3a6/resourceGroups/azsmnet7802/providers/Microsoft.Network/networkSecurityGroups/azsmnet1306-nsg/defaultSecurityRules/AllowVnetInBound\u0022,\r\n",
        "        \u0022etag\u0022: \u0022W/\\\u0022dc782ad8-ff30-434e-9743-051f3739f99a\\\u0022\u0022,\r\n",
        "        \u0022properties\u0022: {\r\n",
        "          \u0022provisioningState\u0022: \u0022Succeeded\u0022,\r\n",
        "          \u0022description\u0022: \u0022Allow inbound traffic from all VMs in VNET\u0022,\r\n",
        "          \u0022protocol\u0022: \u0022*\u0022,\r\n",
        "          \u0022sourcePortRange\u0022: \u0022*\u0022,\r\n",
        "          \u0022destinationPortRange\u0022: \u0022*\u0022,\r\n",
        "          \u0022sourceAddressPrefix\u0022: \u0022VirtualNetwork\u0022,\r\n",
        "          \u0022destinationAddressPrefix\u0022: \u0022VirtualNetwork\u0022,\r\n",
        "          \u0022access\u0022: \u0022Allow\u0022,\r\n",
        "          \u0022priority\u0022: 65000,\r\n",
        "          \u0022direction\u0022: \u0022Inbound\u0022\r\n",
        "        }\r\n",
        "      },\r\n",
        "      {\r\n",
        "        \u0022name\u0022: \u0022AllowAzureLoadBalancerInBound\u0022,\r\n",
        "        \u0022id\u0022: \u0022/subscriptions/2c224e7e-3ef5-431d-a57b-e71f4662e3a6/resourceGroups/azsmnet7802/providers/Microsoft.Network/networkSecurityGroups/azsmnet1306-nsg/defaultSecurityRules/AllowAzureLoadBalancerInBound\u0022,\r\n",
        "        \u0022etag\u0022: \u0022W/\\\u0022dc782ad8-ff30-434e-9743-051f3739f99a\\\u0022\u0022,\r\n",
        "        \u0022properties\u0022: {\r\n",
        "          \u0022provisioningState\u0022: \u0022Succeeded\u0022,\r\n",
        "          \u0022description\u0022: \u0022Allow inbound traffic from azure load balancer\u0022,\r\n",
        "          \u0022protocol\u0022: \u0022*\u0022,\r\n",
        "          \u0022sourcePortRange\u0022: \u0022*\u0022,\r\n",
        "          \u0022destinationPortRange\u0022: \u0022*\u0022,\r\n",
        "          \u0022sourceAddressPrefix\u0022: \u0022AzureLoadBalancer\u0022,\r\n",
        "          \u0022destinationAddressPrefix\u0022: \u0022*\u0022,\r\n",
        "          \u0022access\u0022: \u0022Allow\u0022,\r\n",
        "          \u0022priority\u0022: 65001,\r\n",
        "          \u0022direction\u0022: \u0022Inbound\u0022\r\n",
        "        }\r\n",
        "      },\r\n",
        "      {\r\n",
        "        \u0022name\u0022: \u0022DenyAllInBound\u0022,\r\n",
        "        \u0022id\u0022: \u0022/subscriptions/2c224e7e-3ef5-431d-a57b-e71f4662e3a6/resourceGroups/azsmnet7802/providers/Microsoft.Network/networkSecurityGroups/azsmnet1306-nsg/defaultSecurityRules/DenyAllInBound\u0022,\r\n",
        "        \u0022etag\u0022: \u0022W/\\\u0022dc782ad8-ff30-434e-9743-051f3739f99a\\\u0022\u0022,\r\n",
        "        \u0022properties\u0022: {\r\n",
        "          \u0022provisioningState\u0022: \u0022Succeeded\u0022,\r\n",
        "          \u0022description\u0022: \u0022Deny all inbound traffic\u0022,\r\n",
        "          \u0022protocol\u0022: \u0022*\u0022,\r\n",
        "          \u0022sourcePortRange\u0022: \u0022*\u0022,\r\n",
        "          \u0022destinationPortRange\u0022: \u0022*\u0022,\r\n",
        "          \u0022sourceAddressPrefix\u0022: \u0022*\u0022,\r\n",
        "          \u0022destinationAddressPrefix\u0022: \u0022*\u0022,\r\n",
        "          \u0022access\u0022: \u0022Deny\u0022,\r\n",
        "          \u0022priority\u0022: 65500,\r\n",
        "          \u0022direction\u0022: \u0022Inbound\u0022\r\n",
        "        }\r\n",
        "      },\r\n",
        "      {\r\n",
        "        \u0022name\u0022: \u0022AllowVnetOutBound\u0022,\r\n",
        "        \u0022id\u0022: \u0022/subscriptions/2c224e7e-3ef5-431d-a57b-e71f4662e3a6/resourceGroups/azsmnet7802/providers/Microsoft.Network/networkSecurityGroups/azsmnet1306-nsg/defaultSecurityRules/AllowVnetOutBound\u0022,\r\n",
        "        \u0022etag\u0022: \u0022W/\\\u0022dc782ad8-ff30-434e-9743-051f3739f99a\\\u0022\u0022,\r\n",
        "        \u0022properties\u0022: {\r\n",
        "          \u0022provisioningState\u0022: \u0022Succeeded\u0022,\r\n",
        "          \u0022description\u0022: \u0022Allow outbound traffic from all VMs to all VMs in VNET\u0022,\r\n",
        "          \u0022protocol\u0022: \u0022*\u0022,\r\n",
        "          \u0022sourcePortRange\u0022: \u0022*\u0022,\r\n",
        "          \u0022destinationPortRange\u0022: \u0022*\u0022,\r\n",
        "          \u0022sourceAddressPrefix\u0022: \u0022VirtualNetwork\u0022,\r\n",
        "          \u0022destinationAddressPrefix\u0022: \u0022VirtualNetwork\u0022,\r\n",
        "          \u0022access\u0022: \u0022Allow\u0022,\r\n",
        "          \u0022priority\u0022: 65000,\r\n",
        "          \u0022direction\u0022: \u0022Outbound\u0022\r\n",
        "        }\r\n",
        "      },\r\n",
        "      {\r\n",
        "        \u0022name\u0022: \u0022AllowInternetOutBound\u0022,\r\n",
        "        \u0022id\u0022: \u0022/subscriptions/2c224e7e-3ef5-431d-a57b-e71f4662e3a6/resourceGroups/azsmnet7802/providers/Microsoft.Network/networkSecurityGroups/azsmnet1306-nsg/defaultSecurityRules/AllowInternetOutBound\u0022,\r\n",
        "        \u0022etag\u0022: \u0022W/\\\u0022dc782ad8-ff30-434e-9743-051f3739f99a\\\u0022\u0022,\r\n",
        "        \u0022properties\u0022: {\r\n",
        "          \u0022provisioningState\u0022: \u0022Succeeded\u0022,\r\n",
        "          \u0022description\u0022: \u0022Allow outbound traffic from all VMs to Internet\u0022,\r\n",
        "          \u0022protocol\u0022: \u0022*\u0022,\r\n",
        "          \u0022sourcePortRange\u0022: \u0022*\u0022,\r\n",
        "          \u0022destinationPortRange\u0022: \u0022*\u0022,\r\n",
        "          \u0022sourceAddressPrefix\u0022: \u0022*\u0022,\r\n",
        "          \u0022destinationAddressPrefix\u0022: \u0022Internet\u0022,\r\n",
        "          \u0022access\u0022: \u0022Allow\u0022,\r\n",
        "          \u0022priority\u0022: 65001,\r\n",
        "          \u0022direction\u0022: \u0022Outbound\u0022\r\n",
        "        }\r\n",
        "      },\r\n",
        "      {\r\n",
        "        \u0022name\u0022: \u0022DenyAllOutBound\u0022,\r\n",
        "        \u0022id\u0022: \u0022/subscriptions/2c224e7e-3ef5-431d-a57b-e71f4662e3a6/resourceGroups/azsmnet7802/providers/Microsoft.Network/networkSecurityGroups/azsmnet1306-nsg/defaultSecurityRules/DenyAllOutBound\u0022,\r\n",
        "        \u0022etag\u0022: \u0022W/\\\u0022dc782ad8-ff30-434e-9743-051f3739f99a\\\u0022\u0022,\r\n",
        "        \u0022properties\u0022: {\r\n",
        "          \u0022provisioningState\u0022: \u0022Succeeded\u0022,\r\n",
        "          \u0022description\u0022: \u0022Deny all outbound traffic\u0022,\r\n",
        "          \u0022protocol\u0022: \u0022*\u0022,\r\n",
        "          \u0022sourcePortRange\u0022: \u0022*\u0022,\r\n",
        "          \u0022destinationPortRange\u0022: \u0022*\u0022,\r\n",
        "          \u0022sourceAddressPrefix\u0022: \u0022*\u0022,\r\n",
        "          \u0022destinationAddressPrefix\u0022: \u0022*\u0022,\r\n",
        "          \u0022access\u0022: \u0022Deny\u0022,\r\n",
        "          \u0022priority\u0022: 65500,\r\n",
        "          \u0022direction\u0022: \u0022Outbound\u0022\r\n",
        "        }\r\n",
        "      }\r\n",
        "    ],\r\n",
        "    \u0022networkInterfaces\u0022: [\r\n",
        "      {\r\n",
        "        \u0022id\u0022: \u0022/subscriptions/2c224e7e-3ef5-431d-a57b-e71f4662e3a6/resourceGroups/azsmnet7802/providers/Microsoft.Network/networkInterfaces/azsmnet1072\u0022\r\n",
        "      }\r\n",
        "    ]\r\n",
        "  }\r\n",
        "}"
      ]
    },
    {
      "RequestUri": "/subscriptions/2c224e7e-3ef5-431d-a57b-e71f4662e3a6/resourceGroups/azsmnet7802/providers/Microsoft.Network/networkSecurityGroups/azsmnet1306-nsg?api-version=2017-06-01",
      "RequestMethod": "GET",
      "RequestHeaders": {
        "User-Agent": [
          "FxVersion/4.6.25211.01",
          "Microsoft.Azure.Management.Network.NetworkManagementClient/10.1.2.0"
        ]
      },
      "RequestBody": [],
      "StatusCode": 200,
      "ResponseHeaders": {
        "Cache-Control": "no-cache",
        "Content-Type": "application/json; charset=utf-8",
        "Date": "Fri, 23 Jun 2017 08:03:33 GMT",
        "ETag": "W/\u0022cf966d8c-3b44-4d6e-8a72-a82b59475624\u0022",
        "Expires": "-1",
        "Pragma": "no-cache",
        "Server": [
          "Microsoft-HTTPAPI/2.0",
          "Microsoft-HTTPAPI/2.0"
        ],
        "Strict-Transport-Security": "max-age=31536000; includeSubDomains",
        "Transfer-Encoding": "chunked",
        "Vary": "Accept-Encoding",
        "x-ms-correlation-request-id": "d9ed791d-d9f8-4420-899b-cc20148438a9",
        "x-ms-ratelimit-remaining-subscription-reads": "14977",
        "x-ms-request-id": "5c870c12-204f-4f3c-b64f-93902d9a322d",
        "x-ms-routing-request-id": "WESTEUROPE:20170623T080334Z:d9ed791d-d9f8-4420-899b-cc20148438a9"
      },
      "ResponseBody": [
        "{\r\n",
        "  \u0022name\u0022: \u0022azsmnet1306-nsg\u0022,\r\n",
        "  \u0022id\u0022: \u0022/subscriptions/2c224e7e-3ef5-431d-a57b-e71f4662e3a6/resourceGroups/azsmnet7802/providers/Microsoft.Network/networkSecurityGroups/azsmnet1306-nsg\u0022,\r\n",
        "  \u0022etag\u0022: \u0022W/\\\u0022cf966d8c-3b44-4d6e-8a72-a82b59475624\\\u0022\u0022,\r\n",
        "  \u0022type\u0022: \u0022Microsoft.Network/networkSecurityGroups\u0022,\r\n",
        "  \u0022location\u0022: \u0022westcentralus\u0022,\r\n",
        "  \u0022properties\u0022: {\r\n",
        "    \u0022provisioningState\u0022: \u0022Succeeded\u0022,\r\n",
        "    \u0022resourceGuid\u0022: \u0022ef8ef367-10ef-4118-a876-82289f809a40\u0022,\r\n",
        "    \u0022securityRules\u0022: [\r\n",
        "      {\r\n",
        "        \u0022name\u0022: \u0022default-allow-rdp\u0022,\r\n",
        "        \u0022id\u0022: \u0022/subscriptions/2c224e7e-3ef5-431d-a57b-e71f4662e3a6/resourceGroups/azsmnet7802/providers/Microsoft.Network/networkSecurityGroups/azsmnet1306-nsg/securityRules/default-allow-rdp\u0022,\r\n",
        "        \u0022etag\u0022: \u0022W/\\\u0022cf966d8c-3b44-4d6e-8a72-a82b59475624\\\u0022\u0022,\r\n",
        "        \u0022properties\u0022: {\r\n",
        "          \u0022provisioningState\u0022: \u0022Succeeded\u0022,\r\n",
        "          \u0022protocol\u0022: \u0022TCP\u0022,\r\n",
        "          \u0022sourcePortRange\u0022: \u0022*\u0022,\r\n",
        "          \u0022destinationPortRange\u0022: \u00223389\u0022,\r\n",
        "          \u0022sourceAddressPrefix\u0022: \u0022*\u0022,\r\n",
        "          \u0022destinationAddressPrefix\u0022: \u0022*\u0022,\r\n",
        "          \u0022access\u0022: \u0022Allow\u0022,\r\n",
        "          \u0022priority\u0022: 1000,\r\n",
        "          \u0022direction\u0022: \u0022Inbound\u0022\r\n",
        "        }\r\n",
        "      },\r\n",
        "      {\r\n",
        "        \u0022name\u0022: \u0022azsmnet7111\u0022,\r\n",
        "        \u0022id\u0022: \u0022/subscriptions/2c224e7e-3ef5-431d-a57b-e71f4662e3a6/resourceGroups/azsmnet7802/providers/Microsoft.Network/networkSecurityGroups/azsmnet1306-nsg/securityRules/azsmnet7111\u0022,\r\n",
        "        \u0022etag\u0022: \u0022W/\\\u0022cf966d8c-3b44-4d6e-8a72-a82b59475624\\\u0022\u0022,\r\n",
        "        \u0022properties\u0022: {\r\n",
        "          \u0022provisioningState\u0022: \u0022Succeeded\u0022,\r\n",
        "          \u0022description\u0022: \u0022Test outbound security rule\u0022,\r\n",
        "          \u0022protocol\u0022: \u0022Tcp\u0022,\r\n",
        "          \u0022sourcePortRange\u0022: \u0022*\u0022,\r\n",
        "          \u0022destinationPortRange\u0022: \u002280\u0022,\r\n",
        "          \u0022sourceAddressPrefix\u0022: \u0022*\u0022,\r\n",
        "          \u0022destinationAddressPrefix\u0022: \u0022*\u0022,\r\n",
        "          \u0022access\u0022: \u0022Deny\u0022,\r\n",
        "          \u0022priority\u0022: 501,\r\n",
        "          \u0022direction\u0022: \u0022Outbound\u0022\r\n",
        "        }\r\n",
        "      }\r\n",
        "    ],\r\n",
        "    \u0022defaultSecurityRules\u0022: [\r\n",
        "      {\r\n",
        "        \u0022name\u0022: \u0022AllowVnetInBound\u0022,\r\n",
        "        \u0022id\u0022: \u0022/subscriptions/2c224e7e-3ef5-431d-a57b-e71f4662e3a6/resourceGroups/azsmnet7802/providers/Microsoft.Network/networkSecurityGroups/azsmnet1306-nsg/defaultSecurityRules/AllowVnetInBound\u0022,\r\n",
        "        \u0022etag\u0022: \u0022W/\\\u0022cf966d8c-3b44-4d6e-8a72-a82b59475624\\\u0022\u0022,\r\n",
        "        \u0022properties\u0022: {\r\n",
        "          \u0022provisioningState\u0022: \u0022Succeeded\u0022,\r\n",
        "          \u0022description\u0022: \u0022Allow inbound traffic from all VMs in VNET\u0022,\r\n",
        "          \u0022protocol\u0022: \u0022*\u0022,\r\n",
        "          \u0022sourcePortRange\u0022: \u0022*\u0022,\r\n",
        "          \u0022destinationPortRange\u0022: \u0022*\u0022,\r\n",
        "          \u0022sourceAddressPrefix\u0022: \u0022VirtualNetwork\u0022,\r\n",
        "          \u0022destinationAddressPrefix\u0022: \u0022VirtualNetwork\u0022,\r\n",
        "          \u0022access\u0022: \u0022Allow\u0022,\r\n",
        "          \u0022priority\u0022: 65000,\r\n",
        "          \u0022direction\u0022: \u0022Inbound\u0022\r\n",
        "        }\r\n",
        "      },\r\n",
        "      {\r\n",
        "        \u0022name\u0022: \u0022AllowAzureLoadBalancerInBound\u0022,\r\n",
        "        \u0022id\u0022: \u0022/subscriptions/2c224e7e-3ef5-431d-a57b-e71f4662e3a6/resourceGroups/azsmnet7802/providers/Microsoft.Network/networkSecurityGroups/azsmnet1306-nsg/defaultSecurityRules/AllowAzureLoadBalancerInBound\u0022,\r\n",
        "        \u0022etag\u0022: \u0022W/\\\u0022cf966d8c-3b44-4d6e-8a72-a82b59475624\\\u0022\u0022,\r\n",
        "        \u0022properties\u0022: {\r\n",
        "          \u0022provisioningState\u0022: \u0022Succeeded\u0022,\r\n",
        "          \u0022description\u0022: \u0022Allow inbound traffic from azure load balancer\u0022,\r\n",
        "          \u0022protocol\u0022: \u0022*\u0022,\r\n",
        "          \u0022sourcePortRange\u0022: \u0022*\u0022,\r\n",
        "          \u0022destinationPortRange\u0022: \u0022*\u0022,\r\n",
        "          \u0022sourceAddressPrefix\u0022: \u0022AzureLoadBalancer\u0022,\r\n",
        "          \u0022destinationAddressPrefix\u0022: \u0022*\u0022,\r\n",
        "          \u0022access\u0022: \u0022Allow\u0022,\r\n",
        "          \u0022priority\u0022: 65001,\r\n",
        "          \u0022direction\u0022: \u0022Inbound\u0022\r\n",
        "        }\r\n",
        "      },\r\n",
        "      {\r\n",
        "        \u0022name\u0022: \u0022DenyAllInBound\u0022,\r\n",
        "        \u0022id\u0022: \u0022/subscriptions/2c224e7e-3ef5-431d-a57b-e71f4662e3a6/resourceGroups/azsmnet7802/providers/Microsoft.Network/networkSecurityGroups/azsmnet1306-nsg/defaultSecurityRules/DenyAllInBound\u0022,\r\n",
        "        \u0022etag\u0022: \u0022W/\\\u0022cf966d8c-3b44-4d6e-8a72-a82b59475624\\\u0022\u0022,\r\n",
        "        \u0022properties\u0022: {\r\n",
        "          \u0022provisioningState\u0022: \u0022Succeeded\u0022,\r\n",
        "          \u0022description\u0022: \u0022Deny all inbound traffic\u0022,\r\n",
        "          \u0022protocol\u0022: \u0022*\u0022,\r\n",
        "          \u0022sourcePortRange\u0022: \u0022*\u0022,\r\n",
        "          \u0022destinationPortRange\u0022: \u0022*\u0022,\r\n",
        "          \u0022sourceAddressPrefix\u0022: \u0022*\u0022,\r\n",
        "          \u0022destinationAddressPrefix\u0022: \u0022*\u0022,\r\n",
        "          \u0022access\u0022: \u0022Deny\u0022,\r\n",
        "          \u0022priority\u0022: 65500,\r\n",
        "          \u0022direction\u0022: \u0022Inbound\u0022\r\n",
        "        }\r\n",
        "      },\r\n",
        "      {\r\n",
        "        \u0022name\u0022: \u0022AllowVnetOutBound\u0022,\r\n",
        "        \u0022id\u0022: \u0022/subscriptions/2c224e7e-3ef5-431d-a57b-e71f4662e3a6/resourceGroups/azsmnet7802/providers/Microsoft.Network/networkSecurityGroups/azsmnet1306-nsg/defaultSecurityRules/AllowVnetOutBound\u0022,\r\n",
        "        \u0022etag\u0022: \u0022W/\\\u0022cf966d8c-3b44-4d6e-8a72-a82b59475624\\\u0022\u0022,\r\n",
        "        \u0022properties\u0022: {\r\n",
        "          \u0022provisioningState\u0022: \u0022Succeeded\u0022,\r\n",
        "          \u0022description\u0022: \u0022Allow outbound traffic from all VMs to all VMs in VNET\u0022,\r\n",
        "          \u0022protocol\u0022: \u0022*\u0022,\r\n",
        "          \u0022sourcePortRange\u0022: \u0022*\u0022,\r\n",
        "          \u0022destinationPortRange\u0022: \u0022*\u0022,\r\n",
        "          \u0022sourceAddressPrefix\u0022: \u0022VirtualNetwork\u0022,\r\n",
        "          \u0022destinationAddressPrefix\u0022: \u0022VirtualNetwork\u0022,\r\n",
        "          \u0022access\u0022: \u0022Allow\u0022,\r\n",
        "          \u0022priority\u0022: 65000,\r\n",
        "          \u0022direction\u0022: \u0022Outbound\u0022\r\n",
        "        }\r\n",
        "      },\r\n",
        "      {\r\n",
        "        \u0022name\u0022: \u0022AllowInternetOutBound\u0022,\r\n",
        "        \u0022id\u0022: \u0022/subscriptions/2c224e7e-3ef5-431d-a57b-e71f4662e3a6/resourceGroups/azsmnet7802/providers/Microsoft.Network/networkSecurityGroups/azsmnet1306-nsg/defaultSecurityRules/AllowInternetOutBound\u0022,\r\n",
        "        \u0022etag\u0022: \u0022W/\\\u0022cf966d8c-3b44-4d6e-8a72-a82b59475624\\\u0022\u0022,\r\n",
        "        \u0022properties\u0022: {\r\n",
        "          \u0022provisioningState\u0022: \u0022Succeeded\u0022,\r\n",
        "          \u0022description\u0022: \u0022Allow outbound traffic from all VMs to Internet\u0022,\r\n",
        "          \u0022protocol\u0022: \u0022*\u0022,\r\n",
        "          \u0022sourcePortRange\u0022: \u0022*\u0022,\r\n",
        "          \u0022destinationPortRange\u0022: \u0022*\u0022,\r\n",
        "          \u0022sourceAddressPrefix\u0022: \u0022*\u0022,\r\n",
        "          \u0022destinationAddressPrefix\u0022: \u0022Internet\u0022,\r\n",
        "          \u0022access\u0022: \u0022Allow\u0022,\r\n",
        "          \u0022priority\u0022: 65001,\r\n",
        "          \u0022direction\u0022: \u0022Outbound\u0022\r\n",
        "        }\r\n",
        "      },\r\n",
        "      {\r\n",
        "        \u0022name\u0022: \u0022DenyAllOutBound\u0022,\r\n",
        "        \u0022id\u0022: \u0022/subscriptions/2c224e7e-3ef5-431d-a57b-e71f4662e3a6/resourceGroups/azsmnet7802/providers/Microsoft.Network/networkSecurityGroups/azsmnet1306-nsg/defaultSecurityRules/DenyAllOutBound\u0022,\r\n",
        "        \u0022etag\u0022: \u0022W/\\\u0022cf966d8c-3b44-4d6e-8a72-a82b59475624\\\u0022\u0022,\r\n",
        "        \u0022properties\u0022: {\r\n",
        "          \u0022provisioningState\u0022: \u0022Succeeded\u0022,\r\n",
        "          \u0022description\u0022: \u0022Deny all outbound traffic\u0022,\r\n",
        "          \u0022protocol\u0022: \u0022*\u0022,\r\n",
        "          \u0022sourcePortRange\u0022: \u0022*\u0022,\r\n",
        "          \u0022destinationPortRange\u0022: \u0022*\u0022,\r\n",
        "          \u0022sourceAddressPrefix\u0022: \u0022*\u0022,\r\n",
        "          \u0022destinationAddressPrefix\u0022: \u0022*\u0022,\r\n",
        "          \u0022access\u0022: \u0022Deny\u0022,\r\n",
        "          \u0022priority\u0022: 65500,\r\n",
        "          \u0022direction\u0022: \u0022Outbound\u0022\r\n",
        "        }\r\n",
        "      }\r\n",
        "    ],\r\n",
        "    \u0022networkInterfaces\u0022: [\r\n",
        "      {\r\n",
        "        \u0022id\u0022: \u0022/subscriptions/2c224e7e-3ef5-431d-a57b-e71f4662e3a6/resourceGroups/azsmnet7802/providers/Microsoft.Network/networkInterfaces/azsmnet1072\u0022\r\n",
        "      }\r\n",
        "    ]\r\n",
        "  }\r\n",
        "}"
      ]
    },
    {
      "RequestUri": "/subscriptions/2c224e7e-3ef5-431d-a57b-e71f4662e3a6/resourceGroups/azsmnet7802/providers/Microsoft.Network/networkSecurityGroups/azsmnet1306-nsg?api-version=2017-06-01",
      "RequestMethod": "PUT",
      "RequestHeaders": {
        "accept-language": "en-US",
        "Content-Length": "6159",
        "Content-Type": "application/json; charset=utf-8",
        "User-Agent": [
          "FxVersion/4.6.25211.01",
          "Microsoft.Azure.Management.Network.NetworkManagementClient/10.1.2.0"
        ],
        "x-ms-client-request-id": "154cfe6b-2c80-4e3e-b0d8-1bcae4dca8eb"
      },
      "RequestBody": [
        "{\r\n",
        "  \u0022properties\u0022: {\r\n",
        "    \u0022securityRules\u0022: [\r\n",
        "      {\r\n",
        "        \u0022properties\u0022: {\r\n",
        "          \u0022protocol\u0022: \u0022TCP\u0022,\r\n",
        "          \u0022sourcePortRange\u0022: \u0022*\u0022,\r\n",
        "          \u0022destinationPortRange\u0022: \u00223389\u0022,\r\n",
        "          \u0022sourceAddressPrefix\u0022: \u0022*\u0022,\r\n",
        "          \u0022destinationAddressPrefix\u0022: \u0022*\u0022,\r\n",
        "          \u0022access\u0022: \u0022Allow\u0022,\r\n",
        "          \u0022priority\u0022: 1000,\r\n",
        "          \u0022direction\u0022: \u0022Inbound\u0022,\r\n",
        "          \u0022provisioningState\u0022: \u0022Succeeded\u0022\r\n",
        "        },\r\n",
        "        \u0022name\u0022: \u0022default-allow-rdp\u0022,\r\n",
        "        \u0022etag\u0022: \u0022W/\\\u0022dc782ad8-ff30-434e-9743-051f3739f99a\\\u0022\u0022,\r\n",
        "        \u0022id\u0022: \u0022/subscriptions/2c224e7e-3ef5-431d-a57b-e71f4662e3a6/resourceGroups/azsmnet7802/providers/Microsoft.Network/networkSecurityGroups/azsmnet1306-nsg/securityRules/default-allow-rdp\u0022\r\n",
        "      },\r\n",
        "      {\r\n",
        "        \u0022properties\u0022: {\r\n",
        "          \u0022description\u0022: \u0022Test outbound security rule\u0022,\r\n",
        "          \u0022protocol\u0022: \u0022Tcp\u0022,\r\n",
        "          \u0022sourcePortRange\u0022: \u0022*\u0022,\r\n",
        "          \u0022destinationPortRange\u0022: \u002280\u0022,\r\n",
        "          \u0022sourceAddressPrefix\u0022: \u0022*\u0022,\r\n",
        "          \u0022destinationAddressPrefix\u0022: \u0022*\u0022,\r\n",
        "          \u0022access\u0022: \u0022Deny\u0022,\r\n",
        "          \u0022priority\u0022: 501,\r\n",
        "          \u0022direction\u0022: \u0022Outbound\u0022\r\n",
        "        },\r\n",
        "        \u0022name\u0022: \u0022azsmnet7111\u0022\r\n",
        "      }\r\n",
        "    ],\r\n",
        "    \u0022defaultSecurityRules\u0022: [\r\n",
        "      {\r\n",
        "        \u0022properties\u0022: {\r\n",
        "          \u0022description\u0022: \u0022Allow inbound traffic from all VMs in VNET\u0022,\r\n",
        "          \u0022protocol\u0022: \u0022*\u0022,\r\n",
        "          \u0022sourcePortRange\u0022: \u0022*\u0022,\r\n",
        "          \u0022destinationPortRange\u0022: \u0022*\u0022,\r\n",
        "          \u0022sourceAddressPrefix\u0022: \u0022VirtualNetwork\u0022,\r\n",
        "          \u0022destinationAddressPrefix\u0022: \u0022VirtualNetwork\u0022,\r\n",
        "          \u0022access\u0022: \u0022Allow\u0022,\r\n",
        "          \u0022priority\u0022: 65000,\r\n",
        "          \u0022direction\u0022: \u0022Inbound\u0022,\r\n",
        "          \u0022provisioningState\u0022: \u0022Succeeded\u0022\r\n",
        "        },\r\n",
        "        \u0022name\u0022: \u0022AllowVnetInBound\u0022,\r\n",
        "        \u0022etag\u0022: \u0022W/\\\u0022dc782ad8-ff30-434e-9743-051f3739f99a\\\u0022\u0022,\r\n",
        "        \u0022id\u0022: \u0022/subscriptions/2c224e7e-3ef5-431d-a57b-e71f4662e3a6/resourceGroups/azsmnet7802/providers/Microsoft.Network/networkSecurityGroups/azsmnet1306-nsg/defaultSecurityRules/AllowVnetInBound\u0022\r\n",
        "      },\r\n",
        "      {\r\n",
        "        \u0022properties\u0022: {\r\n",
        "          \u0022description\u0022: \u0022Allow inbound traffic from azure load balancer\u0022,\r\n",
        "          \u0022protocol\u0022: \u0022*\u0022,\r\n",
        "          \u0022sourcePortRange\u0022: \u0022*\u0022,\r\n",
        "          \u0022destinationPortRange\u0022: \u0022*\u0022,\r\n",
        "          \u0022sourceAddressPrefix\u0022: \u0022AzureLoadBalancer\u0022,\r\n",
        "          \u0022destinationAddressPrefix\u0022: \u0022*\u0022,\r\n",
        "          \u0022access\u0022: \u0022Allow\u0022,\r\n",
        "          \u0022priority\u0022: 65001,\r\n",
        "          \u0022direction\u0022: \u0022Inbound\u0022,\r\n",
        "          \u0022provisioningState\u0022: \u0022Succeeded\u0022\r\n",
        "        },\r\n",
        "        \u0022name\u0022: \u0022AllowAzureLoadBalancerInBound\u0022,\r\n",
        "        \u0022etag\u0022: \u0022W/\\\u0022dc782ad8-ff30-434e-9743-051f3739f99a\\\u0022\u0022,\r\n",
        "        \u0022id\u0022: \u0022/subscriptions/2c224e7e-3ef5-431d-a57b-e71f4662e3a6/resourceGroups/azsmnet7802/providers/Microsoft.Network/networkSecurityGroups/azsmnet1306-nsg/defaultSecurityRules/AllowAzureLoadBalancerInBound\u0022\r\n",
        "      },\r\n",
        "      {\r\n",
        "        \u0022properties\u0022: {\r\n",
        "          \u0022description\u0022: \u0022Deny all inbound traffic\u0022,\r\n",
        "          \u0022protocol\u0022: \u0022*\u0022,\r\n",
        "          \u0022sourcePortRange\u0022: \u0022*\u0022,\r\n",
        "          \u0022destinationPortRange\u0022: \u0022*\u0022,\r\n",
        "          \u0022sourceAddressPrefix\u0022: \u0022*\u0022,\r\n",
        "          \u0022destinationAddressPrefix\u0022: \u0022*\u0022,\r\n",
        "          \u0022access\u0022: \u0022Deny\u0022,\r\n",
        "          \u0022priority\u0022: 65500,\r\n",
        "          \u0022direction\u0022: \u0022Inbound\u0022,\r\n",
        "          \u0022provisioningState\u0022: \u0022Succeeded\u0022\r\n",
        "        },\r\n",
        "        \u0022name\u0022: \u0022DenyAllInBound\u0022,\r\n",
        "        \u0022etag\u0022: \u0022W/\\\u0022dc782ad8-ff30-434e-9743-051f3739f99a\\\u0022\u0022,\r\n",
        "        \u0022id\u0022: \u0022/subscriptions/2c224e7e-3ef5-431d-a57b-e71f4662e3a6/resourceGroups/azsmnet7802/providers/Microsoft.Network/networkSecurityGroups/azsmnet1306-nsg/defaultSecurityRules/DenyAllInBound\u0022\r\n",
        "      },\r\n",
        "      {\r\n",
        "        \u0022properties\u0022: {\r\n",
        "          \u0022description\u0022: \u0022Allow outbound traffic from all VMs to all VMs in VNET\u0022,\r\n",
        "          \u0022protocol\u0022: \u0022*\u0022,\r\n",
        "          \u0022sourcePortRange\u0022: \u0022*\u0022,\r\n",
        "          \u0022destinationPortRange\u0022: \u0022*\u0022,\r\n",
        "          \u0022sourceAddressPrefix\u0022: \u0022VirtualNetwork\u0022,\r\n",
        "          \u0022destinationAddressPrefix\u0022: \u0022VirtualNetwork\u0022,\r\n",
        "          \u0022access\u0022: \u0022Allow\u0022,\r\n",
        "          \u0022priority\u0022: 65000,\r\n",
        "          \u0022direction\u0022: \u0022Outbound\u0022,\r\n",
        "          \u0022provisioningState\u0022: \u0022Succeeded\u0022\r\n",
        "        },\r\n",
        "        \u0022name\u0022: \u0022AllowVnetOutBound\u0022,\r\n",
        "        \u0022etag\u0022: \u0022W/\\\u0022dc782ad8-ff30-434e-9743-051f3739f99a\\\u0022\u0022,\r\n",
        "        \u0022id\u0022: \u0022/subscriptions/2c224e7e-3ef5-431d-a57b-e71f4662e3a6/resourceGroups/azsmnet7802/providers/Microsoft.Network/networkSecurityGroups/azsmnet1306-nsg/defaultSecurityRules/AllowVnetOutBound\u0022\r\n",
        "      },\r\n",
        "      {\r\n",
        "        \u0022properties\u0022: {\r\n",
        "          \u0022description\u0022: \u0022Allow outbound traffic from all VMs to Internet\u0022,\r\n",
        "          \u0022protocol\u0022: \u0022*\u0022,\r\n",
        "          \u0022sourcePortRange\u0022: \u0022*\u0022,\r\n",
        "          \u0022destinationPortRange\u0022: \u0022*\u0022,\r\n",
        "          \u0022sourceAddressPrefix\u0022: \u0022*\u0022,\r\n",
        "          \u0022destinationAddressPrefix\u0022: \u0022Internet\u0022,\r\n",
        "          \u0022access\u0022: \u0022Allow\u0022,\r\n",
        "          \u0022priority\u0022: 65001,\r\n",
        "          \u0022direction\u0022: \u0022Outbound\u0022,\r\n",
        "          \u0022provisioningState\u0022: \u0022Succeeded\u0022\r\n",
        "        },\r\n",
        "        \u0022name\u0022: \u0022AllowInternetOutBound\u0022,\r\n",
        "        \u0022etag\u0022: \u0022W/\\\u0022dc782ad8-ff30-434e-9743-051f3739f99a\\\u0022\u0022,\r\n",
        "        \u0022id\u0022: \u0022/subscriptions/2c224e7e-3ef5-431d-a57b-e71f4662e3a6/resourceGroups/azsmnet7802/providers/Microsoft.Network/networkSecurityGroups/azsmnet1306-nsg/defaultSecurityRules/AllowInternetOutBound\u0022\r\n",
        "      },\r\n",
        "      {\r\n",
        "        \u0022properties\u0022: {\r\n",
        "          \u0022description\u0022: \u0022Deny all outbound traffic\u0022,\r\n",
        "          \u0022protocol\u0022: \u0022*\u0022,\r\n",
        "          \u0022sourcePortRange\u0022: \u0022*\u0022,\r\n",
        "          \u0022destinationPortRange\u0022: \u0022*\u0022,\r\n",
        "          \u0022sourceAddressPrefix\u0022: \u0022*\u0022,\r\n",
        "          \u0022destinationAddressPrefix\u0022: \u0022*\u0022,\r\n",
        "          \u0022access\u0022: \u0022Deny\u0022,\r\n",
        "          \u0022priority\u0022: 65500,\r\n",
        "          \u0022direction\u0022: \u0022Outbound\u0022,\r\n",
        "          \u0022provisioningState\u0022: \u0022Succeeded\u0022\r\n",
        "        },\r\n",
        "        \u0022name\u0022: \u0022DenyAllOutBound\u0022,\r\n",
        "        \u0022etag\u0022: \u0022W/\\\u0022dc782ad8-ff30-434e-9743-051f3739f99a\\\u0022\u0022,\r\n",
        "        \u0022id\u0022: \u0022/subscriptions/2c224e7e-3ef5-431d-a57b-e71f4662e3a6/resourceGroups/azsmnet7802/providers/Microsoft.Network/networkSecurityGroups/azsmnet1306-nsg/defaultSecurityRules/DenyAllOutBound\u0022\r\n",
        "      }\r\n",
        "    ],\r\n",
        "    \u0022resourceGuid\u0022: \u0022ef8ef367-10ef-4118-a876-82289f809a40\u0022,\r\n",
        "    \u0022provisioningState\u0022: \u0022Succeeded\u0022\r\n",
        "  },\r\n",
        "  \u0022etag\u0022: \u0022W/\\\u0022dc782ad8-ff30-434e-9743-051f3739f99a\\\u0022\u0022,\r\n",
        "  \u0022id\u0022: \u0022/subscriptions/2c224e7e-3ef5-431d-a57b-e71f4662e3a6/resourceGroups/azsmnet7802/providers/Microsoft.Network/networkSecurityGroups/azsmnet1306-nsg\u0022,\r\n",
        "  \u0022location\u0022: \u0022westcentralus\u0022\r\n",
        "}"
      ],
      "StatusCode": 200,
      "ResponseHeaders": {
        "Azure-AsyncOperation": "https://management.azure.com/subscriptions/2c224e7e-3ef5-431d-a57b-e71f4662e3a6/providers/Microsoft.Network/locations/westcentralus/operations/892d0a96-50ca-4d0a-a51a-cac95842b98f?api-version=2017-06-01",
        "Cache-Control": "no-cache",
        "Content-Type": "application/json; charset=utf-8",
        "Date": "Fri, 23 Jun 2017 08:03:02 GMT",
        "Expires": "-1",
        "Pragma": "no-cache",
        "Retry-After": "10",
        "Server": [
          "Microsoft-HTTPAPI/2.0",
          "Microsoft-HTTPAPI/2.0"
        ],
        "Strict-Transport-Security": "max-age=31536000; includeSubDomains",
        "Transfer-Encoding": "chunked",
        "Vary": "Accept-Encoding",
        "x-ms-correlation-request-id": "70eeda4f-c580-4c3a-a6f4-3932c2ebe865",
        "x-ms-ratelimit-remaining-subscription-writes": "1195",
        "x-ms-request-id": "892d0a96-50ca-4d0a-a51a-cac95842b98f",
        "x-ms-routing-request-id": "WESTEUROPE:20170623T080303Z:70eeda4f-c580-4c3a-a6f4-3932c2ebe865"
      },
      "ResponseBody": [
        "{\r\n",
        "  \u0022name\u0022: \u0022azsmnet1306-nsg\u0022,\r\n",
        "  \u0022id\u0022: \u0022/subscriptions/2c224e7e-3ef5-431d-a57b-e71f4662e3a6/resourceGroups/azsmnet7802/providers/Microsoft.Network/networkSecurityGroups/azsmnet1306-nsg\u0022,\r\n",
        "  \u0022etag\u0022: \u0022W/\\\u0022552d135c-7f1c-49f2-a9c4-9ea37a203861\\\u0022\u0022,\r\n",
        "  \u0022type\u0022: \u0022Microsoft.Network/networkSecurityGroups\u0022,\r\n",
        "  \u0022location\u0022: \u0022westcentralus\u0022,\r\n",
        "  \u0022properties\u0022: {\r\n",
        "    \u0022provisioningState\u0022: \u0022Updating\u0022,\r\n",
        "    \u0022resourceGuid\u0022: \u0022ef8ef367-10ef-4118-a876-82289f809a40\u0022,\r\n",
        "    \u0022securityRules\u0022: [\r\n",
        "      {\r\n",
        "        \u0022name\u0022: \u0022default-allow-rdp\u0022,\r\n",
        "        \u0022id\u0022: \u0022/subscriptions/2c224e7e-3ef5-431d-a57b-e71f4662e3a6/resourceGroups/azsmnet7802/providers/Microsoft.Network/networkSecurityGroups/azsmnet1306-nsg/securityRules/default-allow-rdp\u0022,\r\n",
        "        \u0022etag\u0022: \u0022W/\\\u0022552d135c-7f1c-49f2-a9c4-9ea37a203861\\\u0022\u0022,\r\n",
        "        \u0022properties\u0022: {\r\n",
        "          \u0022provisioningState\u0022: \u0022Updating\u0022,\r\n",
        "          \u0022protocol\u0022: \u0022TCP\u0022,\r\n",
        "          \u0022sourcePortRange\u0022: \u0022*\u0022,\r\n",
        "          \u0022destinationPortRange\u0022: \u00223389\u0022,\r\n",
        "          \u0022sourceAddressPrefix\u0022: \u0022*\u0022,\r\n",
        "          \u0022destinationAddressPrefix\u0022: \u0022*\u0022,\r\n",
        "          \u0022access\u0022: \u0022Allow\u0022,\r\n",
        "          \u0022priority\u0022: 1000,\r\n",
        "          \u0022direction\u0022: \u0022Inbound\u0022\r\n",
        "        }\r\n",
        "      },\r\n",
        "      {\r\n",
        "        \u0022name\u0022: \u0022azsmnet7111\u0022,\r\n",
        "        \u0022id\u0022: \u0022/subscriptions/2c224e7e-3ef5-431d-a57b-e71f4662e3a6/resourceGroups/azsmnet7802/providers/Microsoft.Network/networkSecurityGroups/azsmnet1306-nsg/securityRules/azsmnet7111\u0022,\r\n",
        "        \u0022etag\u0022: \u0022W/\\\u0022552d135c-7f1c-49f2-a9c4-9ea37a203861\\\u0022\u0022,\r\n",
        "        \u0022properties\u0022: {\r\n",
        "          \u0022provisioningState\u0022: \u0022Updating\u0022,\r\n",
        "          \u0022description\u0022: \u0022Test outbound security rule\u0022,\r\n",
        "          \u0022protocol\u0022: \u0022Tcp\u0022,\r\n",
        "          \u0022sourcePortRange\u0022: \u0022*\u0022,\r\n",
        "          \u0022destinationPortRange\u0022: \u002280\u0022,\r\n",
        "          \u0022sourceAddressPrefix\u0022: \u0022*\u0022,\r\n",
        "          \u0022destinationAddressPrefix\u0022: \u0022*\u0022,\r\n",
        "          \u0022access\u0022: \u0022Deny\u0022,\r\n",
        "          \u0022priority\u0022: 501,\r\n",
        "          \u0022direction\u0022: \u0022Outbound\u0022\r\n",
        "        }\r\n",
        "      }\r\n",
        "    ],\r\n",
        "    \u0022defaultSecurityRules\u0022: [\r\n",
        "      {\r\n",
        "        \u0022name\u0022: \u0022AllowVnetInBound\u0022,\r\n",
        "        \u0022id\u0022: \u0022/subscriptions/2c224e7e-3ef5-431d-a57b-e71f4662e3a6/resourceGroups/azsmnet7802/providers/Microsoft.Network/networkSecurityGroups/azsmnet1306-nsg/defaultSecurityRules/AllowVnetInBound\u0022,\r\n",
        "        \u0022etag\u0022: \u0022W/\\\u0022552d135c-7f1c-49f2-a9c4-9ea37a203861\\\u0022\u0022,\r\n",
        "        \u0022properties\u0022: {\r\n",
        "          \u0022provisioningState\u0022: \u0022Updating\u0022,\r\n",
        "          \u0022description\u0022: \u0022Allow inbound traffic from all VMs in VNET\u0022,\r\n",
        "          \u0022protocol\u0022: \u0022*\u0022,\r\n",
        "          \u0022sourcePortRange\u0022: \u0022*\u0022,\r\n",
        "          \u0022destinationPortRange\u0022: \u0022*\u0022,\r\n",
        "          \u0022sourceAddressPrefix\u0022: \u0022VirtualNetwork\u0022,\r\n",
        "          \u0022destinationAddressPrefix\u0022: \u0022VirtualNetwork\u0022,\r\n",
        "          \u0022access\u0022: \u0022Allow\u0022,\r\n",
        "          \u0022priority\u0022: 65000,\r\n",
        "          \u0022direction\u0022: \u0022Inbound\u0022\r\n",
        "        }\r\n",
        "      },\r\n",
        "      {\r\n",
        "        \u0022name\u0022: \u0022AllowAzureLoadBalancerInBound\u0022,\r\n",
        "        \u0022id\u0022: \u0022/subscriptions/2c224e7e-3ef5-431d-a57b-e71f4662e3a6/resourceGroups/azsmnet7802/providers/Microsoft.Network/networkSecurityGroups/azsmnet1306-nsg/defaultSecurityRules/AllowAzureLoadBalancerInBound\u0022,\r\n",
        "        \u0022etag\u0022: \u0022W/\\\u0022552d135c-7f1c-49f2-a9c4-9ea37a203861\\\u0022\u0022,\r\n",
        "        \u0022properties\u0022: {\r\n",
        "          \u0022provisioningState\u0022: \u0022Updating\u0022,\r\n",
        "          \u0022description\u0022: \u0022Allow inbound traffic from azure load balancer\u0022,\r\n",
        "          \u0022protocol\u0022: \u0022*\u0022,\r\n",
        "          \u0022sourcePortRange\u0022: \u0022*\u0022,\r\n",
        "          \u0022destinationPortRange\u0022: \u0022*\u0022,\r\n",
        "          \u0022sourceAddressPrefix\u0022: \u0022AzureLoadBalancer\u0022,\r\n",
        "          \u0022destinationAddressPrefix\u0022: \u0022*\u0022,\r\n",
        "          \u0022access\u0022: \u0022Allow\u0022,\r\n",
        "          \u0022priority\u0022: 65001,\r\n",
        "          \u0022direction\u0022: \u0022Inbound\u0022\r\n",
        "        }\r\n",
        "      },\r\n",
        "      {\r\n",
        "        \u0022name\u0022: \u0022DenyAllInBound\u0022,\r\n",
        "        \u0022id\u0022: \u0022/subscriptions/2c224e7e-3ef5-431d-a57b-e71f4662e3a6/resourceGroups/azsmnet7802/providers/Microsoft.Network/networkSecurityGroups/azsmnet1306-nsg/defaultSecurityRules/DenyAllInBound\u0022,\r\n",
        "        \u0022etag\u0022: \u0022W/\\\u0022552d135c-7f1c-49f2-a9c4-9ea37a203861\\\u0022\u0022,\r\n",
        "        \u0022properties\u0022: {\r\n",
        "          \u0022provisioningState\u0022: \u0022Updating\u0022,\r\n",
        "          \u0022description\u0022: \u0022Deny all inbound traffic\u0022,\r\n",
        "          \u0022protocol\u0022: \u0022*\u0022,\r\n",
        "          \u0022sourcePortRange\u0022: \u0022*\u0022,\r\n",
        "          \u0022destinationPortRange\u0022: \u0022*\u0022,\r\n",
        "          \u0022sourceAddressPrefix\u0022: \u0022*\u0022,\r\n",
        "          \u0022destinationAddressPrefix\u0022: \u0022*\u0022,\r\n",
        "          \u0022access\u0022: \u0022Deny\u0022,\r\n",
        "          \u0022priority\u0022: 65500,\r\n",
        "          \u0022direction\u0022: \u0022Inbound\u0022\r\n",
        "        }\r\n",
        "      },\r\n",
        "      {\r\n",
        "        \u0022name\u0022: \u0022AllowVnetOutBound\u0022,\r\n",
        "        \u0022id\u0022: \u0022/subscriptions/2c224e7e-3ef5-431d-a57b-e71f4662e3a6/resourceGroups/azsmnet7802/providers/Microsoft.Network/networkSecurityGroups/azsmnet1306-nsg/defaultSecurityRules/AllowVnetOutBound\u0022,\r\n",
        "        \u0022etag\u0022: \u0022W/\\\u0022552d135c-7f1c-49f2-a9c4-9ea37a203861\\\u0022\u0022,\r\n",
        "        \u0022properties\u0022: {\r\n",
        "          \u0022provisioningState\u0022: \u0022Updating\u0022,\r\n",
        "          \u0022description\u0022: \u0022Allow outbound traffic from all VMs to all VMs in VNET\u0022,\r\n",
        "          \u0022protocol\u0022: \u0022*\u0022,\r\n",
        "          \u0022sourcePortRange\u0022: \u0022*\u0022,\r\n",
        "          \u0022destinationPortRange\u0022: \u0022*\u0022,\r\n",
        "          \u0022sourceAddressPrefix\u0022: \u0022VirtualNetwork\u0022,\r\n",
        "          \u0022destinationAddressPrefix\u0022: \u0022VirtualNetwork\u0022,\r\n",
        "          \u0022access\u0022: \u0022Allow\u0022,\r\n",
        "          \u0022priority\u0022: 65000,\r\n",
        "          \u0022direction\u0022: \u0022Outbound\u0022\r\n",
        "        }\r\n",
        "      },\r\n",
        "      {\r\n",
        "        \u0022name\u0022: \u0022AllowInternetOutBound\u0022,\r\n",
        "        \u0022id\u0022: \u0022/subscriptions/2c224e7e-3ef5-431d-a57b-e71f4662e3a6/resourceGroups/azsmnet7802/providers/Microsoft.Network/networkSecurityGroups/azsmnet1306-nsg/defaultSecurityRules/AllowInternetOutBound\u0022,\r\n",
        "        \u0022etag\u0022: \u0022W/\\\u0022552d135c-7f1c-49f2-a9c4-9ea37a203861\\\u0022\u0022,\r\n",
        "        \u0022properties\u0022: {\r\n",
        "          \u0022provisioningState\u0022: \u0022Updating\u0022,\r\n",
        "          \u0022description\u0022: \u0022Allow outbound traffic from all VMs to Internet\u0022,\r\n",
        "          \u0022protocol\u0022: \u0022*\u0022,\r\n",
        "          \u0022sourcePortRange\u0022: \u0022*\u0022,\r\n",
        "          \u0022destinationPortRange\u0022: \u0022*\u0022,\r\n",
        "          \u0022sourceAddressPrefix\u0022: \u0022*\u0022,\r\n",
        "          \u0022destinationAddressPrefix\u0022: \u0022Internet\u0022,\r\n",
        "          \u0022access\u0022: \u0022Allow\u0022,\r\n",
        "          \u0022priority\u0022: 65001,\r\n",
        "          \u0022direction\u0022: \u0022Outbound\u0022\r\n",
        "        }\r\n",
        "      },\r\n",
        "      {\r\n",
        "        \u0022name\u0022: \u0022DenyAllOutBound\u0022,\r\n",
        "        \u0022id\u0022: \u0022/subscriptions/2c224e7e-3ef5-431d-a57b-e71f4662e3a6/resourceGroups/azsmnet7802/providers/Microsoft.Network/networkSecurityGroups/azsmnet1306-nsg/defaultSecurityRules/DenyAllOutBound\u0022,\r\n",
        "        \u0022etag\u0022: \u0022W/\\\u0022552d135c-7f1c-49f2-a9c4-9ea37a203861\\\u0022\u0022,\r\n",
        "        \u0022properties\u0022: {\r\n",
        "          \u0022provisioningState\u0022: \u0022Updating\u0022,\r\n",
        "          \u0022description\u0022: \u0022Deny all outbound traffic\u0022,\r\n",
        "          \u0022protocol\u0022: \u0022*\u0022,\r\n",
        "          \u0022sourcePortRange\u0022: \u0022*\u0022,\r\n",
        "          \u0022destinationPortRange\u0022: \u0022*\u0022,\r\n",
        "          \u0022sourceAddressPrefix\u0022: \u0022*\u0022,\r\n",
        "          \u0022destinationAddressPrefix\u0022: \u0022*\u0022,\r\n",
        "          \u0022access\u0022: \u0022Deny\u0022,\r\n",
        "          \u0022priority\u0022: 65500,\r\n",
        "          \u0022direction\u0022: \u0022Outbound\u0022\r\n",
        "        }\r\n",
        "      }\r\n",
        "    ],\r\n",
        "    \u0022networkInterfaces\u0022: [\r\n",
        "      {\r\n",
        "        \u0022id\u0022: \u0022/subscriptions/2c224e7e-3ef5-431d-a57b-e71f4662e3a6/resourceGroups/azsmnet7802/providers/Microsoft.Network/networkInterfaces/azsmnet1072\u0022\r\n",
        "      }\r\n",
        "    ]\r\n",
        "  }\r\n",
        "}"
      ]
    },
    {
      "RequestUri": "/subscriptions/2c224e7e-3ef5-431d-a57b-e71f4662e3a6/providers/Microsoft.Network/locations/westcentralus/operations/892d0a96-50ca-4d0a-a51a-cac95842b98f?api-version=2017-06-01",
      "RequestMethod": "GET",
      "RequestHeaders": {
        "User-Agent": [
          "FxVersion/4.6.25211.01",
          "Microsoft.Azure.Management.Network.NetworkManagementClient/10.1.2.0"
        ]
      },
      "RequestBody": [],
      "StatusCode": 200,
      "ResponseHeaders": {
        "Cache-Control": "no-cache",
        "Content-Type": "application/json; charset=utf-8",
        "Date": "Fri, 23 Jun 2017 08:03:33 GMT",
        "Expires": "-1",
        "Pragma": "no-cache",
        "Server": [
          "Microsoft-HTTPAPI/2.0",
          "Microsoft-HTTPAPI/2.0"
        ],
        "Strict-Transport-Security": "max-age=31536000; includeSubDomains",
        "Transfer-Encoding": "chunked",
        "Vary": "Accept-Encoding",
        "x-ms-correlation-request-id": "63d9d3f2-e938-426e-8a14-65a5eab411ef",
        "x-ms-ratelimit-remaining-subscription-reads": "14978",
        "x-ms-request-id": "e8b2881b-a510-4365-bb6a-7f564b318588",
        "x-ms-routing-request-id": "WESTEUROPE:20170623T080334Z:63d9d3f2-e938-426e-8a14-65a5eab411ef"
      },
      "ResponseBody": [
        "{\r\n",
        "  \u0022status\u0022: \u0022Succeeded\u0022\r\n",
        "}"
      ]
    },
    {
      "RequestUri": "/subscriptions/2c224e7e-3ef5-431d-a57b-e71f4662e3a6/resourceGroups/azsmnet7802/providers/Microsoft.Network/networkWatchers/azsmnet1789/securityGroupView?api-version=2017-06-01",
      "RequestMethod": "POST",
      "RequestHeaders": {
        "accept-language": "en-US",
        "Content-Length": "164",
        "Content-Type": "application/json; charset=utf-8",
        "User-Agent": [
          "FxVersion/4.6.25211.01",
          "Microsoft.Azure.Management.Network.NetworkManagementClient/10.1.2.0"
        ],
        "x-ms-client-request-id": "1fb36091-b7b7-434f-b578-7103bffd35c5"
      },
      "RequestBody": [
        "{\r\n",
        "  \u0022targetResourceId\u0022: \u0022/subscriptions/2c224e7e-3ef5-431d-a57b-e71f4662e3a6/resourceGroups/azsmnet7802/providers/Microsoft.Compute/virtualMachines/azsmnet1306\u0022\r\n",
        "}"
      ],
      "StatusCode": 200,
      "ResponseHeaders": {
        "Cache-Control": "no-cache",
        "Content-Type": "application/json; charset=utf-8",
        "Date": "Fri, 23 Jun 2017 08:03:43 GMT",
        "Expires": "-1",
        "Location": "https://management.azure.com/subscriptions/2c224e7e-3ef5-431d-a57b-e71f4662e3a6/providers/Microsoft.Network/locations/westcentralus/operationResults/0e6f2725-396a-4541-b06a-7d0c62dff363?api-version=2017-06-01",
        "Pragma": "no-cache",
        "Server": [
          "Microsoft-HTTPAPI/2.0",
          "Microsoft-HTTPAPI/2.0"
        ],
        "Strict-Transport-Security": "max-age=31536000; includeSubDomains",
        "Transfer-Encoding": "chunked",
        "Vary": "Accept-Encoding",
        "x-ms-correlation-request-id": "ba2327dc-8170-48d2-bfb0-0038546b685d",
        "x-ms-ratelimit-remaining-subscription-writes": "1194",
        "x-ms-request-id": "0e6f2725-396a-4541-b06a-7d0c62dff363",
        "x-ms-routing-request-id": "WESTEUROPE:20170623T080344Z:ba2327dc-8170-48d2-bfb0-0038546b685d"
      },
      "ResponseBody": [
        "{\r\n",
        "  \u0022networkInterfaces\u0022: [\r\n",
        "    {\r\n",
        "      \u0022id\u0022: \u0022/subscriptions/2c224e7e-3ef5-431d-a57b-e71f4662e3a6/resourceGroups/azsmnet7802/providers/Microsoft.Network/networkInterfaces/azsmnet1072\u0022,\r\n",
        "      \u0022securityRuleAssociations\u0022: {\r\n",
        "        \u0022networkInterfaceAssociation\u0022: {\r\n",
        "          \u0022id\u0022: \u0022/subscriptions/2c224e7e-3ef5-431d-a57b-e71f4662e3a6/resourceGroups/azsmnet7802/providers/Microsoft.Network/networkInterfaces/azsmnet1072\u0022,\r\n",
        "          \u0022securityRules\u0022: [\r\n",
        "            {\r\n",
        "              \u0022name\u0022: \u0022default-allow-rdp\u0022,\r\n",
        "              \u0022id\u0022: \u0022/subscriptions/2c224e7e-3ef5-431d-a57b-e71f4662e3a6/resourceGroups/azsmnet7802/providers/Microsoft.Network/networkSecurityGroups/azsmnet1306-nsg/securityRules/default-allow-rdp\u0022,\r\n",
        "              \u0022etag\u0022: \u0022W/\\\u0022cf966d8c-3b44-4d6e-8a72-a82b59475624\\\u0022\u0022,\r\n",
        "              \u0022properties\u0022: {\r\n",
        "                \u0022provisioningState\u0022: \u0022Succeeded\u0022,\r\n",
        "                \u0022protocol\u0022: \u0022TCP\u0022,\r\n",
        "                \u0022sourcePortRange\u0022: \u0022*\u0022,\r\n",
        "                \u0022destinationPortRange\u0022: \u00223389\u0022,\r\n",
        "                \u0022sourceAddressPrefix\u0022: \u0022*\u0022,\r\n",
        "                \u0022destinationAddressPrefix\u0022: \u0022*\u0022,\r\n",
        "                \u0022access\u0022: \u0022Allow\u0022,\r\n",
        "                \u0022priority\u0022: 1000,\r\n",
        "                \u0022direction\u0022: \u0022Inbound\u0022\r\n",
        "              }\r\n",
        "            },\r\n",
        "            {\r\n",
        "              \u0022name\u0022: \u0022azsmnet7111\u0022,\r\n",
        "              \u0022id\u0022: \u0022/subscriptions/2c224e7e-3ef5-431d-a57b-e71f4662e3a6/resourceGroups/azsmnet7802/providers/Microsoft.Network/networkSecurityGroups/azsmnet1306-nsg/securityRules/azsmnet7111\u0022,\r\n",
        "              \u0022etag\u0022: \u0022W/\\\u0022cf966d8c-3b44-4d6e-8a72-a82b59475624\\\u0022\u0022,\r\n",
        "              \u0022properties\u0022: {\r\n",
        "                \u0022provisioningState\u0022: \u0022Succeeded\u0022,\r\n",
        "                \u0022description\u0022: \u0022Test outbound security rule\u0022,\r\n",
        "                \u0022protocol\u0022: \u0022Tcp\u0022,\r\n",
        "                \u0022sourcePortRange\u0022: \u0022*\u0022,\r\n",
        "                \u0022destinationPortRange\u0022: \u002280\u0022,\r\n",
        "                \u0022sourceAddressPrefix\u0022: \u0022*\u0022,\r\n",
        "                \u0022destinationAddressPrefix\u0022: \u0022*\u0022,\r\n",
        "                \u0022access\u0022: \u0022Deny\u0022,\r\n",
        "                \u0022priority\u0022: 501,\r\n",
        "                \u0022direction\u0022: \u0022Outbound\u0022\r\n",
        "              }\r\n",
        "            }\r\n",
        "          ]\r\n",
        "        },\r\n",
        "        \u0022defaultSecurityRules\u0022: [\r\n",
        "          {\r\n",
        "            \u0022name\u0022: \u0022AllowVnetInBound\u0022,\r\n",
        "            \u0022id\u0022: \u0022/subscriptions//resourceGroups//providers/Microsoft.Network/networkSecurityGroups//defaultSecurityRules/\u0022,\r\n",
        "            \u0022properties\u0022: {\r\n",
        "              \u0022provisioningState\u0022: \u0022Succeeded\u0022,\r\n",
        "              \u0022description\u0022: \u0022Allow inbound traffic from all VMs in VNET\u0022,\r\n",
        "              \u0022protocol\u0022: \u0022*\u0022,\r\n",
        "              \u0022sourcePortRange\u0022: \u0022*\u0022,\r\n",
        "              \u0022destinationPortRange\u0022: \u0022*\u0022,\r\n",
        "              \u0022sourceAddressPrefix\u0022: \u0022VirtualNetwork\u0022,\r\n",
        "              \u0022destinationAddressPrefix\u0022: \u0022VirtualNetwork\u0022,\r\n",
        "              \u0022access\u0022: \u0022Allow\u0022,\r\n",
        "              \u0022priority\u0022: 65000,\r\n",
        "              \u0022direction\u0022: \u0022Inbound\u0022\r\n",
        "            }\r\n",
        "          },\r\n",
        "          {\r\n",
        "            \u0022name\u0022: \u0022AllowAzureLoadBalancerInBound\u0022,\r\n",
        "            \u0022id\u0022: \u0022/subscriptions//resourceGroups//providers/Microsoft.Network/networkSecurityGroups//defaultSecurityRules/\u0022,\r\n",
        "            \u0022properties\u0022: {\r\n",
        "              \u0022provisioningState\u0022: \u0022Succeeded\u0022,\r\n",
        "              \u0022description\u0022: \u0022Allow inbound traffic from azure load balancer\u0022,\r\n",
        "              \u0022protocol\u0022: \u0022*\u0022,\r\n",
        "              \u0022sourcePortRange\u0022: \u0022*\u0022,\r\n",
        "              \u0022destinationPortRange\u0022: \u0022*\u0022,\r\n",
        "              \u0022sourceAddressPrefix\u0022: \u0022AzureLoadBalancer\u0022,\r\n",
        "              \u0022destinationAddressPrefix\u0022: \u0022*\u0022,\r\n",
        "              \u0022access\u0022: \u0022Allow\u0022,\r\n",
        "              \u0022priority\u0022: 65001,\r\n",
        "              \u0022direction\u0022: \u0022Inbound\u0022\r\n",
        "            }\r\n",
        "          },\r\n",
        "          {\r\n",
        "            \u0022name\u0022: \u0022DenyAllInBound\u0022,\r\n",
        "            \u0022id\u0022: \u0022/subscriptions//resourceGroups//providers/Microsoft.Network/networkSecurityGroups//defaultSecurityRules/\u0022,\r\n",
        "            \u0022properties\u0022: {\r\n",
        "              \u0022provisioningState\u0022: \u0022Succeeded\u0022,\r\n",
        "              \u0022description\u0022: \u0022Deny all inbound traffic\u0022,\r\n",
        "              \u0022protocol\u0022: \u0022*\u0022,\r\n",
        "              \u0022sourcePortRange\u0022: \u0022*\u0022,\r\n",
        "              \u0022destinationPortRange\u0022: \u0022*\u0022,\r\n",
        "              \u0022sourceAddressPrefix\u0022: \u0022*\u0022,\r\n",
        "              \u0022destinationAddressPrefix\u0022: \u0022*\u0022,\r\n",
        "              \u0022access\u0022: \u0022Deny\u0022,\r\n",
        "              \u0022priority\u0022: 65500,\r\n",
        "              \u0022direction\u0022: \u0022Inbound\u0022\r\n",
        "            }\r\n",
        "          },\r\n",
        "          {\r\n",
        "            \u0022name\u0022: \u0022AllowVnetOutBound\u0022,\r\n",
        "            \u0022id\u0022: \u0022/subscriptions//resourceGroups//providers/Microsoft.Network/networkSecurityGroups//defaultSecurityRules/\u0022,\r\n",
        "            \u0022properties\u0022: {\r\n",
        "              \u0022provisioningState\u0022: \u0022Succeeded\u0022,\r\n",
        "              \u0022description\u0022: \u0022Allow outbound traffic from all VMs to all VMs in VNET\u0022,\r\n",
        "              \u0022protocol\u0022: \u0022*\u0022,\r\n",
        "              \u0022sourcePortRange\u0022: \u0022*\u0022,\r\n",
        "              \u0022destinationPortRange\u0022: \u0022*\u0022,\r\n",
        "              \u0022sourceAddressPrefix\u0022: \u0022VirtualNetwork\u0022,\r\n",
        "              \u0022destinationAddressPrefix\u0022: \u0022VirtualNetwork\u0022,\r\n",
        "              \u0022access\u0022: \u0022Allow\u0022,\r\n",
        "              \u0022priority\u0022: 65000,\r\n",
        "              \u0022direction\u0022: \u0022Outbound\u0022\r\n",
        "            }\r\n",
        "          },\r\n",
        "          {\r\n",
        "            \u0022name\u0022: \u0022AllowInternetOutBound\u0022,\r\n",
        "            \u0022id\u0022: \u0022/subscriptions//resourceGroups//providers/Microsoft.Network/networkSecurityGroups//defaultSecurityRules/\u0022,\r\n",
        "            \u0022properties\u0022: {\r\n",
        "              \u0022provisioningState\u0022: \u0022Succeeded\u0022,\r\n",
        "              \u0022description\u0022: \u0022Allow outbound traffic from all VMs to Internet\u0022,\r\n",
        "              \u0022protocol\u0022: \u0022*\u0022,\r\n",
        "              \u0022sourcePortRange\u0022: \u0022*\u0022,\r\n",
        "              \u0022destinationPortRange\u0022: \u0022*\u0022,\r\n",
        "              \u0022sourceAddressPrefix\u0022: \u0022*\u0022,\r\n",
        "              \u0022destinationAddressPrefix\u0022: \u0022Internet\u0022,\r\n",
        "              \u0022access\u0022: \u0022Allow\u0022,\r\n",
        "              \u0022priority\u0022: 65001,\r\n",
        "              \u0022direction\u0022: \u0022Outbound\u0022\r\n",
        "            }\r\n",
        "          },\r\n",
        "          {\r\n",
        "            \u0022name\u0022: \u0022DenyAllOutBound\u0022,\r\n",
        "            \u0022id\u0022: \u0022/subscriptions//resourceGroups//providers/Microsoft.Network/networkSecurityGroups//defaultSecurityRules/\u0022,\r\n",
        "            \u0022properties\u0022: {\r\n",
        "              \u0022provisioningState\u0022: \u0022Succeeded\u0022,\r\n",
        "              \u0022description\u0022: \u0022Deny all outbound traffic\u0022,\r\n",
        "              \u0022protocol\u0022: \u0022*\u0022,\r\n",
        "              \u0022sourcePortRange\u0022: \u0022*\u0022,\r\n",
        "              \u0022destinationPortRange\u0022: \u0022*\u0022,\r\n",
        "              \u0022sourceAddressPrefix\u0022: \u0022*\u0022,\r\n",
        "              \u0022destinationAddressPrefix\u0022: \u0022*\u0022,\r\n",
        "              \u0022access\u0022: \u0022Deny\u0022,\r\n",
        "              \u0022priority\u0022: 65500,\r\n",
        "              \u0022direction\u0022: \u0022Outbound\u0022\r\n",
        "            }\r\n",
        "          }\r\n",
        "        ],\r\n",
        "        \u0022effectiveSecurityRules\u0022: [\r\n",
        "          {\r\n",
        "            \u0022name\u0022: \u0022DefaultOutboundDenyAll\u0022,\r\n",
        "            \u0022protocol\u0022: \u0022All\u0022,\r\n",
        "            \u0022sourcePortRange\u0022: \u00220-65535\u0022,\r\n",
        "            \u0022destinationPortRange\u0022: \u00220-65535\u0022,\r\n",
        "            \u0022sourceAddressPrefix\u0022: \u0022*\u0022,\r\n",
        "            \u0022destinationAddressPrefix\u0022: \u0022*\u0022,\r\n",
        "            \u0022access\u0022: \u0022Deny\u0022,\r\n",
        "            \u0022priority\u0022: 65500,\r\n",
        "            \u0022direction\u0022: \u0022Outbound\u0022\r\n",
        "          },\r\n",
        "          {\r\n",
        "            \u0022name\u0022: \u0022DefaultRule_AllowVnetOutBound\u0022,\r\n",
        "            \u0022protocol\u0022: \u0022All\u0022,\r\n",
        "            \u0022sourcePortRange\u0022: \u00220-65535\u0022,\r\n",
        "            \u0022destinationPortRange\u0022: \u00220-65535\u0022,\r\n",
        "            \u0022sourceAddressPrefix\u0022: \u0022VirtualNetwork\u0022,\r\n",
        "            \u0022expandedSourceAddressPrefix\u0022: [\r\n",
        "              \u002210.1.3.0/24\u0022,\r\n",
        "              \u002210.17.3.0/24\u0022,\r\n",
        "              \u0022168.63.129.16/32\u0022\r\n",
        "            ],\r\n",
        "            \u0022destinationAddressPrefix\u0022: \u0022VirtualNetwork\u0022,\r\n",
        "            \u0022expandedDestinationAddressPrefix\u0022: [\r\n",
        "              \u002210.1.3.0/24\u0022,\r\n",
        "              \u002210.17.3.0/24\u0022,\r\n",
        "              \u0022168.63.129.16/32\u0022\r\n",
        "            ],\r\n",
        "            \u0022access\u0022: \u0022Allow\u0022,\r\n",
        "            \u0022priority\u0022: 65000,\r\n",
        "            \u0022direction\u0022: \u0022Outbound\u0022\r\n",
        "          },\r\n",
        "          {\r\n",
        "            \u0022name\u0022: \u0022DefaultRule_AllowInternetOutBound\u0022,\r\n",
        "            \u0022protocol\u0022: \u0022All\u0022,\r\n",
        "            \u0022sourcePortRange\u0022: \u00220-65535\u0022,\r\n",
        "            \u0022destinationPortRange\u0022: \u00220-65535\u0022,\r\n",
        "            \u0022sourceAddressPrefix\u0022: \u00220.0.0.0/0\u0022,\r\n",
        "            \u0022destinationAddressPrefix\u0022: \u0022Internet\u0022,\r\n",
        "            \u0022expandedDestinationAddressPrefix\u0022: [\r\n",
        "              \u00221.0.0.0/8\u0022,\r\n",
        "              \u00222.0.0.0/7\u0022,\r\n",
        "              \u00224.0.0.0/6\u0022,\r\n",
        "              \u00228.0.0.0/7\u0022,\r\n",
        "              \u002211.0.0.0/8\u0022,\r\n",
        "              \u002212.0.0.0/6\u0022,\r\n",
        "              \u002216.0.0.0/5\u0022,\r\n",
        "              \u002224.0.0.0/8\u0022,\r\n",
        "              \u002226.0.0.0/7\u0022,\r\n",
        "              \u002228.0.0.0/6\u0022,\r\n",
        "              \u002232.0.0.0/3\u0022,\r\n",
        "              \u002264.0.0.0/3\u0022,\r\n",
        "              \u002296.0.0.0/6\u0022,\r\n",
        "              \u0022100.0.0.0/10\u0022,\r\n",
        "              \u0022100.128.0.0/9\u0022,\r\n",
        "              \u0022101.0.0.0/8\u0022,\r\n",
        "              \u0022102.0.0.0/7\u0022,\r\n",
        "              \u0022104.0.0.0/5\u0022,\r\n",
        "              \u0022112.0.0.0/5\u0022,\r\n",
        "              \u0022120.0.0.0/6\u0022,\r\n",
        "              \u0022124.0.0.0/7\u0022,\r\n",
        "              \u0022126.0.0.0/8\u0022,\r\n",
        "              \u0022128.0.0.0/3\u0022,\r\n",
        "              \u0022160.0.0.0/5\u0022,\r\n",
        "              \u0022168.0.0.0/8\u0022,\r\n",
        "              \u0022169.0.0.0/9\u0022,\r\n",
        "              \u0022169.128.0.0/10\u0022,\r\n",
        "              \u0022169.192.0.0/11\u0022,\r\n",
        "              \u0022169.224.0.0/12\u0022,\r\n",
        "              \u0022169.240.0.0/13\u0022,\r\n",
        "              \u0022169.248.0.0/14\u0022,\r\n",
        "              \u0022169.252.0.0/15\u0022,\r\n",
        "              \u0022169.255.0.0/16\u0022,\r\n",
        "              \u0022170.0.0.0/7\u0022,\r\n",
        "              \u0022172.0.0.0/12\u0022,\r\n",
        "              \u0022172.32.0.0/11\u0022,\r\n",
        "              \u0022172.64.0.0/10\u0022,\r\n",
        "              \u0022172.128.0.0/9\u0022,\r\n",
        "              \u0022173.0.0.0/8\u0022,\r\n",
        "              \u0022174.0.0.0/7\u0022,\r\n",
        "              \u0022176.0.0.0/4\u0022,\r\n",
        "              \u0022192.0.0.0/23\u0022,\r\n",
        "              \u0022192.0.3.0/24\u0022,\r\n",
        "              \u0022192.0.4.0/22\u0022,\r\n",
        "              \u0022192.0.8.0/21\u0022,\r\n",
        "              \u0022192.0.16.0/20\u0022,\r\n",
        "              \u0022192.0.32.0/19\u0022,\r\n",
        "              \u0022192.0.64.0/18\u0022,\r\n",
        "              \u0022192.0.128.0/17\u0022,\r\n",
        "              \u0022192.1.0.0/16\u0022,\r\n",
        "              \u0022192.2.0.0/15\u0022,\r\n",
        "              \u0022192.4.0.0/14\u0022,\r\n",
        "              \u0022192.8.0.0/13\u0022,\r\n",
        "              \u0022192.16.0.0/12\u0022,\r\n",
        "              \u0022192.32.0.0/11\u0022,\r\n",
        "              \u0022192.64.0.0/10\u0022,\r\n",
        "              \u0022192.128.0.0/11\u0022,\r\n",
        "              \u0022192.160.0.0/13\u0022,\r\n",
        "              \u0022192.169.0.0/16\u0022,\r\n",
        "              \u0022192.170.0.0/15\u0022,\r\n",
        "              \u0022192.172.0.0/14\u0022,\r\n",
        "              \u0022192.176.0.0/12\u0022,\r\n",
        "              \u0022192.192.0.0/10\u0022,\r\n",
        "              \u0022193.0.0.0/8\u0022,\r\n",
        "              \u0022194.0.0.0/7\u0022,\r\n",
        "              \u0022196.0.0.0/7\u0022,\r\n",
        "              \u0022198.0.0.0/12\u0022,\r\n",
        "              \u0022198.16.0.0/15\u0022,\r\n",
        "              \u0022198.20.0.0/14\u0022,\r\n",
        "              \u0022198.24.0.0/13\u0022,\r\n",
        "              \u0022198.32.0.0/11\u0022,\r\n",
        "              \u0022198.64.0.0/10\u0022,\r\n",
        "              \u0022198.128.0.0/9\u0022,\r\n",
        "              \u0022199.0.0.0/8\u0022,\r\n",
        "              \u0022200.0.0.0/5\u0022,\r\n",
        "              \u0022208.0.0.0/4\u0022\r\n",
        "            ],\r\n",
        "            \u0022access\u0022: \u0022Allow\u0022,\r\n",
        "            \u0022priority\u0022: 65001,\r\n",
        "            \u0022direction\u0022: \u0022Outbound\u0022\r\n",
        "          },\r\n",
        "          {\r\n",
        "            \u0022name\u0022: \u0022DefaultRule_DenyAllOutBound\u0022,\r\n",
        "            \u0022protocol\u0022: \u0022All\u0022,\r\n",
        "            \u0022sourcePortRange\u0022: \u00220-65535\u0022,\r\n",
        "            \u0022destinationPortRange\u0022: \u00220-65535\u0022,\r\n",
        "            \u0022sourceAddressPrefix\u0022: \u00220.0.0.0/0\u0022,\r\n",
        "            \u0022destinationAddressPrefix\u0022: \u00220.0.0.0/0\u0022,\r\n",
        "            \u0022access\u0022: \u0022Deny\u0022,\r\n",
        "            \u0022priority\u0022: 65500,\r\n",
        "            \u0022direction\u0022: \u0022Outbound\u0022\r\n",
        "          },\r\n",
        "          {\r\n",
        "            \u0022name\u0022: \u0022UserRule_azsmnet7111\u0022,\r\n",
        "            \u0022protocol\u0022: \u0022Tcp\u0022,\r\n",
        "            \u0022sourcePortRange\u0022: \u00220-65535\u0022,\r\n",
        "            \u0022destinationPortRange\u0022: \u002280-80\u0022,\r\n",
        "            \u0022sourceAddressPrefix\u0022: \u00220.0.0.0/0\u0022,\r\n",
        "            \u0022destinationAddressPrefix\u0022: \u00220.0.0.0/0\u0022,\r\n",
        "            \u0022access\u0022: \u0022Deny\u0022,\r\n",
        "            \u0022priority\u0022: 501,\r\n",
        "            \u0022direction\u0022: \u0022Outbound\u0022\r\n",
        "          },\r\n",
        "          {\r\n",
        "            \u0022name\u0022: \u0022DefaultInboundDenyAll\u0022,\r\n",
        "            \u0022protocol\u0022: \u0022All\u0022,\r\n",
        "            \u0022sourcePortRange\u0022: \u00220-65535\u0022,\r\n",
        "            \u0022destinationPortRange\u0022: \u00220-65535\u0022,\r\n",
        "            \u0022sourceAddressPrefix\u0022: \u0022*\u0022,\r\n",
        "            \u0022destinationAddressPrefix\u0022: \u0022*\u0022,\r\n",
        "            \u0022access\u0022: \u0022Deny\u0022,\r\n",
        "            \u0022priority\u0022: 65500,\r\n",
        "            \u0022direction\u0022: \u0022Inbound\u0022\r\n",
        "          },\r\n",
        "          {\r\n",
        "            \u0022name\u0022: \u0022DefaultRule_AllowVnetInBound\u0022,\r\n",
        "            \u0022protocol\u0022: \u0022All\u0022,\r\n",
        "            \u0022sourcePortRange\u0022: \u00220-65535\u0022,\r\n",
        "            \u0022destinationPortRange\u0022: \u00220-65535\u0022,\r\n",
        "            \u0022sourceAddressPrefix\u0022: \u0022VirtualNetwork\u0022,\r\n",
        "            \u0022expandedSourceAddressPrefix\u0022: [\r\n",
        "              \u002210.1.3.0/24\u0022,\r\n",
        "              \u002210.17.3.0/24\u0022,\r\n",
        "              \u0022168.63.129.16/32\u0022\r\n",
        "            ],\r\n",
        "            \u0022destinationAddressPrefix\u0022: \u0022VirtualNetwork\u0022,\r\n",
        "            \u0022expandedDestinationAddressPrefix\u0022: [\r\n",
        "              \u002210.1.3.0/24\u0022,\r\n",
        "              \u002210.17.3.0/24\u0022,\r\n",
        "              \u0022168.63.129.16/32\u0022\r\n",
        "            ],\r\n",
        "            \u0022access\u0022: \u0022Allow\u0022,\r\n",
        "            \u0022priority\u0022: 65000,\r\n",
        "            \u0022direction\u0022: \u0022Inbound\u0022\r\n",
        "          },\r\n",
        "          {\r\n",
        "            \u0022name\u0022: \u0022DefaultRule_AllowAzureLoadBalancerInBound\u0022,\r\n",
        "            \u0022protocol\u0022: \u0022All\u0022,\r\n",
        "            \u0022sourcePortRange\u0022: \u00220-65535\u0022,\r\n",
        "            \u0022destinationPortRange\u0022: \u00220-65535\u0022,\r\n",
        "            \u0022sourceAddressPrefix\u0022: \u0022AzureLoadBalancer\u0022,\r\n",
        "            \u0022expandedSourceAddressPrefix\u0022: [\r\n",
        "              \u0022168.63.129.16/32\u0022\r\n",
        "            ],\r\n",
        "            \u0022destinationAddressPrefix\u0022: \u00220.0.0.0/0\u0022,\r\n",
        "            \u0022access\u0022: \u0022Allow\u0022,\r\n",
        "            \u0022priority\u0022: 65001,\r\n",
        "            \u0022direction\u0022: \u0022Inbound\u0022\r\n",
        "          },\r\n",
        "          {\r\n",
        "            \u0022name\u0022: \u0022DefaultRule_DenyAllInBound\u0022,\r\n",
        "            \u0022protocol\u0022: \u0022All\u0022,\r\n",
        "            \u0022sourcePortRange\u0022: \u00220-65535\u0022,\r\n",
        "            \u0022destinationPortRange\u0022: \u00220-65535\u0022,\r\n",
        "            \u0022sourceAddressPrefix\u0022: \u00220.0.0.0/0\u0022,\r\n",
        "            \u0022destinationAddressPrefix\u0022: \u00220.0.0.0/0\u0022,\r\n",
        "            \u0022access\u0022: \u0022Deny\u0022,\r\n",
        "            \u0022priority\u0022: 65500,\r\n",
        "            \u0022direction\u0022: \u0022Inbound\u0022\r\n",
        "          },\r\n",
        "          {\r\n",
        "            \u0022name\u0022: \u0022UserRule_default-allow-rdp\u0022,\r\n",
        "            \u0022protocol\u0022: \u0022Tcp\u0022,\r\n",
        "            \u0022sourcePortRange\u0022: \u00220-65535\u0022,\r\n",
        "            \u0022destinationPortRange\u0022: \u00223389-3389\u0022,\r\n",
        "            \u0022sourceAddressPrefix\u0022: \u00220.0.0.0/0\u0022,\r\n",
        "            \u0022destinationAddressPrefix\u0022: \u00220.0.0.0/0\u0022,\r\n",
        "            \u0022access\u0022: \u0022Allow\u0022,\r\n",
        "            \u0022priority\u0022: 1000,\r\n",
        "            \u0022direction\u0022: \u0022Inbound\u0022\r\n",
        "          }\r\n",
        "        ]\r\n",
        "      }\r\n",
        "    }\r\n",
        "  ]\r\n",
        "}"
      ]
    }
  ],
  "Variables": {
    "SubscriptionId": "2c224e7e-3ef5-431d-a57b-e71f4662e3a6"
  }
}