{
  "Entries": [
    {
      "RequestUri": "https://management.azure.com/subscriptions/292d7caa-a878-4de8-b774-689097666272?api-version=2021-01-01",
      "RequestMethod": "GET",
      "RequestHeaders": {
        "Accept": "application/json",
        "Authorization": "Sanitized",
        "traceparent": "00-0cdb7c73cb114947961719f1ff39cb43-b239c87e5f1a464f-00",
        "User-Agent": "azsdk-net-ResourceManager/1.0.0 (.NET Core 3.1.25; Microsoft Windows 10.0.22000)",
        "x-ms-client-request-id": "bf7d2469d35938111daa45dfe16032b2",
        "x-ms-return-client-request-id": "true"
      },
      "RequestBody": null,
      "StatusCode": 200,
      "ResponseHeaders": {
        "Cache-Control": "no-cache",
        "Content-Length": "387",
        "Content-Type": "application/json; charset=utf-8",
        "Date": "Tue, 14 Jun 2022 18:50:45 GMT",
        "Expires": "-1",
        "Pragma": "no-cache",
        "Strict-Transport-Security": "max-age=31536000; includeSubDomains",
        "X-Content-Type-Options": "nosniff",
        "x-ms-correlation-request-id": "c5fedd52-c3e1-4876-9ad5-554d29e5f3b6",
        "x-ms-ratelimit-remaining-subscription-reads": "11803",
        "x-ms-request-id": "c5fedd52-c3e1-4876-9ad5-554d29e5f3b6",
        "x-ms-routing-request-id": "WESTUS2:20220614T185045Z:c5fedd52-c3e1-4876-9ad5-554d29e5f3b6"
      },
      "ResponseBody": {
        "id": "/subscriptions/292d7caa-a878-4de8-b774-689097666272",
        "authorizationSource": "Bypassed",
        "managedByTenants": [],
        "subscriptionId": "292d7caa-a878-4de8-b774-689097666272",
        "tenantId": "01884692-6d96-44fa-8c58-11b4e90fef19",
        "displayName": "Microsoft Azure",
        "state": "Enabled",
        "subscriptionPolicies": {
          "locationPlacementId": "Public_2014-09-01",
          "quotaId": "CSP_2015-05-01",
          "spendingLimit": "Off"
        }
      }
    },
    {
      "RequestUri": "https://management.azure.com/subscriptions/292d7caa-a878-4de8-b774-689097666272/resourcegroups/azsdkRG?api-version=**",
      "RequestMethod": "GET",
      "RequestHeaders": {
        "Accept": "application/json",
        "Authorization": "Sanitized",
        "traceparent": "00-e7ec08ade484484d857a3d6642f23c3a-d2254118f00b2e47-00",
        "User-Agent": "azsdk-net-ResourceManager/1.0.0 (.NET Core 3.1.25; Microsoft Windows 10.0.22000)",
        "x-ms-client-request-id": "dd00541a209d34c63636dcf399c1e3a6",
        "x-ms-return-client-request-id": "true"
      },
      "RequestBody": null,
      "StatusCode": 200,
      "ResponseHeaders": {
        "Cache-Control": "no-cache",
        "Content-Length": "331",
        "Content-Type": "application/json; charset=utf-8",
        "Date": "Tue, 14 Jun 2022 18:50:45 GMT",
        "Expires": "-1",
        "Pragma": "no-cache",
        "Strict-Transport-Security": "max-age=31536000; includeSubDomains",
        "X-Content-Type-Options": "nosniff",
        "x-ms-correlation-request-id": "48c3e273-ad2a-4e5a-92f4-c6137918e645",
        "x-ms-ratelimit-remaining-subscription-reads": "11802",
        "x-ms-request-id": "48c3e273-ad2a-4e5a-92f4-c6137918e645",
        "x-ms-routing-request-id": "WESTUS2:20220614T185045Z:48c3e273-ad2a-4e5a-92f4-c6137918e645"
      },
      "ResponseBody": {
        "id": "/subscriptions/292d7caa-a878-4de8-b774-689097666272/resourceGroups/azsdkRG",
        "name": "azsdkRG",
        "type": "Microsoft.Resources/resourceGroups",
        "location": "brazilsouth",
        "tags": {
          "ServiceDirectory": "desktopvirtualization",
          "Creator": "sampa",
          "DeleteAfter": "2022-05-22T20:49:28.1719085Z"
        },
        "properties": {
          "provisioningState": "Succeeded"
        }
      }
    },
    {
      "RequestUri": "https://management.azure.com/subscriptions/292d7caa-a878-4de8-b774-689097666272/resourceGroups/azsdkRG/providers/Microsoft.DesktopVirtualization/hostPools/testRemoteApplicationGroupCrudHP?api-version=2021-07-12",
      "RequestMethod": "PUT",
      "RequestHeaders": {
        "Accept": "application/json",
        "Authorization": "Sanitized",
        "Content-Length": "143",
        "Content-Type": "application/json",
        "traceparent": "00-a7c2dcc94b15624ebe5ea9f08cb2ced1-459448d603f45143-00",
        "User-Agent": "azsdk-net-ResourceManager.DesktopVirtualization/1.0.0-alpha.20220614.1 (.NET Core 3.1.25; Microsoft Windows 10.0.22000)",
        "x-ms-client-request-id": "d92726d95d932958ee666bd6d5c637d9",
        "x-ms-return-client-request-id": "true"
      },
      "RequestBody": {
        "tags": {},
        "location": "brazilsouth",
        "properties": {
          "hostPoolType": "Pooled",
          "loadBalancerType": "BreadthFirst",
          "preferredAppGroupType": "Desktop"
        }
      },
      "StatusCode": 201,
      "ResponseHeaders": {
        "Cache-Control": "no-cache",
        "Content-Length": "1269",
        "Content-Type": "application/json; charset=utf-8",
        "Date": "Tue, 14 Jun 2022 18:50:46 GMT",
        "Expires": "-1",
        "Location": "/subscriptions/292d7caa-a878-4de8-b774-689097666272/resourcegroups/azsdkRG/providers/Microsoft.DesktopVirtualization/hostpools/testRemoteApplicationGroupCrudHP",
        "Pragma": "no-cache",
        "Server": "Microsoft-IIS/10.0",
        "Set-Cookie": [
          "ARRAffinity=3815f870faefb5586c964e997f19c9c687f9ec3d8051f30672296989b835faa3;Path=/;HttpOnly;Secure;Domain=rdarmprovider.dev03.avdtest.net",
          "ARRAffinitySameSite=3815f870faefb5586c964e997f19c9c687f9ec3d8051f30672296989b835faa3;Path=/;HttpOnly;SameSite=None;Secure;Domain=rdarmprovider.dev03.avdtest.net"
        ],
        "Strict-Transport-Security": "max-age=31536000; includeSubDomains",
        "X-Content-Type-Options": "nosniff",
        "x-ms-correlation-id": "760e2edb-9b2d-4842-9b6b-628f8d6d4b9d",
        "x-ms-correlation-request-id": "7a47260a-6e5e-4bfe-8aee-3052ee946686",
        "x-ms-lamport-ts": "11108",
        "x-ms-opsarmpath64": "L3N1YnNjcmlwdGlvbnMvMjkyZDdjYWEtYTg3OC00ZGU4LWI3NzQtNjg5MDk3NjY2MjcyL3Jlc291cmNlR3JvdXBzL2F6c2RrUkcvcHJvdmlkZXJzL01pY3Jvc29mdC5EZXNrdG9wVmlydHVhbGl6YXRpb24vaG9zdFBvb2xzL3Rlc3RSZW1vdGVBcHBsaWNhdGlvbkdyb3VwQ3J1ZEhQ",
        "x-ms-ratelimit-remaining-subscription-writes": "1133",
        "x-ms-request-id": "d92726d9-5d93-2958-ee66-6bd6d5c637d9",
        "x-ms-routing-request-id": "WESTUS2:20220614T185047Z:7a47260a-6e5e-4bfe-8aee-3052ee946686",
        "X-Powered-By": "ASP.NET",
        "X-Rate-Limit-Limit": "0",
        "X-Rate-Limit-Remaining": "9223372036854775807",
        "X-Rate-Limit-Reset": "0"
      },
      "ResponseBody": {
        "name": "testRemoteApplicationGroupCrudHP",
        "id": "/subscriptions/292d7caa-a878-4de8-b774-689097666272/resourcegroups/azsdkRG/providers/Microsoft.DesktopVirtualization/hostpools/testRemoteApplicationGroupCrudHP",
        "type": "Microsoft.DesktopVirtualization/hostpools",
        "location": "brazilsouth",
        "tags": {},
        "kind": null,
        "systemData": {
          "createdBy": "4d623718-752b-4325-9960-46e070a92bca",
          "createdByType": "Application",
          "createdAt": "2022-06-14T18:50:46.86Z",
          "lastModifiedBy": "4d623718-752b-4325-9960-46e070a92bca",
          "lastModifiedByType": "Application",
          "lastModifiedAt": "2022-06-14T18:50:46.86Z"
        },
        "properties": {
          "friendlyName": null,
          "description": null,
          "hostPoolType": "Pooled",
          "personalDesktopAssignmentType": "Automatic",
          "applicationGroupReferences": [],
          "customRdpProperty": "",
          "maxSessionLimit": 999999,
          "loadBalancerType": "BreadthFirst",
          "validationEnvironment": true,
          "ring": 0,
          "registrationInfo": {
            "expirationTime": "0001-01-01T00:00:00",
            "token": "",
            "registrationTokenOperation": "None"
          },
          "vmTemplate": null,
          "preferredAppGroupType": "Desktop",
          "migrationRequest": {
            "operation": "",
            "migrationPath": ""
          },
          "cloudPcResource": false,
          "startVMOnConnect": false,
          "ssoadfsAuthority": null,
          "ssoClientId": null,
          "ssoClientSecretKeyVaultPath": null,
          "ssoSecretType": "SharedKey",
          "objectId": "68211d2a-805d-46c5-b1c2-5d6452064c3a"
        }
      }
    },
    {
      "RequestUri": "https://management.azure.com/subscriptions/292d7caa-a878-4de8-b774-689097666272/resourceGroups/azsdkRG/providers/Microsoft.DesktopVirtualization/applicationGroups/testRemoteApplicationGroupCrudAG?api-version=2021-07-12",
      "RequestMethod": "PUT",
      "RequestHeaders": {
        "Accept": "application/json",
        "Authorization": "Sanitized",
        "Content-Length": "266",
        "Content-Type": "application/json",
        "traceparent": "00-e6c2b8eed1d33c4b90b16a30a8b3def3-999fff3c4ad37448-00",
        "User-Agent": "azsdk-net-ResourceManager.DesktopVirtualization/1.0.0-alpha.20220614.1 (.NET Core 3.1.25; Microsoft Windows 10.0.22000)",
        "x-ms-client-request-id": "c0ac71991d2348595d488822f71d9f5b",
        "x-ms-return-client-request-id": "true"
      },
      "RequestBody": {
        "tags": {},
        "location": "brazilsouth",
        "properties": {
          "hostPoolArmPath": "/subscriptions/292d7caa-a878-4de8-b774-689097666272/resourcegroups/azsdkRG/providers/Microsoft.DesktopVirtualization/hostpools/testRemoteApplicationGroupCrudHP",
          "applicationGroupType": "RemoteApp"
        }
      },
      "StatusCode": 201,
      "ResponseHeaders": {
        "Cache-Control": "no-cache",
        "Content-Length": "1021",
        "Content-Type": "application/json; charset=utf-8",
        "Date": "Tue, 14 Jun 2022 18:50:48 GMT",
        "Expires": "-1",
        "Location": "/subscriptions/292d7caa-a878-4de8-b774-689097666272/resourcegroups/azsdkRG/providers/Microsoft.DesktopVirtualization/applicationgroups/testRemoteApplicationGroupCrudAG",
        "Pragma": "no-cache",
        "Server": "Microsoft-IIS/10.0",
        "Set-Cookie": [
          "ARRAffinity=3815f870faefb5586c964e997f19c9c687f9ec3d8051f30672296989b835faa3;Path=/;HttpOnly;Secure;Domain=rdarmprovider.dev03.avdtest.net",
          "ARRAffinitySameSite=3815f870faefb5586c964e997f19c9c687f9ec3d8051f30672296989b835faa3;Path=/;HttpOnly;SameSite=None;Secure;Domain=rdarmprovider.dev03.avdtest.net"
        ],
        "Strict-Transport-Security": "max-age=31536000; includeSubDomains",
        "X-Content-Type-Options": "nosniff",
        "x-ms-correlation-id": "ffdc3af3-bd47-4828-a8a8-ae492f278409",
        "x-ms-correlation-request-id": "b1ec44cf-b21d-4224-8a3e-9aeb6b70ca1a",
        "x-ms-lamport-ts": "11111",
        "x-ms-opsarmpath64": "L3N1YnNjcmlwdGlvbnMvMjkyZDdjYWEtYTg3OC00ZGU4LWI3NzQtNjg5MDk3NjY2MjcyL3Jlc291cmNlR3JvdXBzL2F6c2RrUkcvcHJvdmlkZXJzL01pY3Jvc29mdC5EZXNrdG9wVmlydHVhbGl6YXRpb24vYXBwbGljYXRpb25Hcm91cHMvdGVzdFJlbW90ZUFwcGxpY2F0aW9uR3JvdXBDcnVkQUc=",
        "x-ms-ratelimit-remaining-subscription-writes": "1132",
        "x-ms-request-id": "c0ac7199-1d23-4859-5d48-8822f71d9f5b",
        "x-ms-routing-request-id": "WESTUS2:20220614T185049Z:b1ec44cf-b21d-4224-8a3e-9aeb6b70ca1a",
        "X-Powered-By": "ASP.NET",
        "X-Rate-Limit-Limit": "0",
        "X-Rate-Limit-Remaining": "9223372036854775807",
        "X-Rate-Limit-Reset": "0"
      },
      "ResponseBody": {
        "name": "testRemoteApplicationGroupCrudAG",
        "id": "/subscriptions/292d7caa-a878-4de8-b774-689097666272/resourcegroups/azsdkRG/providers/Microsoft.DesktopVirtualization/applicationgroups/testRemoteApplicationGroupCrudAG",
        "type": "Microsoft.DesktopVirtualization/applicationgroups",
        "location": "brazilsouth",
        "tags": {},
        "kind": "RemoteApp",
        "systemData": {
          "createdBy": "4d623718-752b-4325-9960-46e070a92bca",
          "createdByType": "Application",
          "createdAt": "2022-06-14T18:50:48.47Z",
          "lastModifiedBy": "4d623718-752b-4325-9960-46e070a92bca",
          "lastModifiedByType": "Application",
          "lastModifiedAt": "2022-06-14T18:50:48.47Z"
        },
        "properties": {
          "hostPoolArmPath": "/subscriptions/292d7caa-a878-4de8-b774-689097666272/resourcegroups/azsdkRG/providers/Microsoft.DesktopVirtualization/hostpools/testRemoteApplicationGroupCrudHP",
          "workspaceArmPath": null,
          "description": null,
          "friendlyName": null,
          "applicationGroupType": "RemoteApp",
          "migrationRequest": {
            "operation": "",
            "migrationPath": ""
          },
          "cloudPcResource": false,
          "objectId": "ad3745d8-1cc0-46f7-8f4b-53abf6d5df4e"
        }
      }
    },
    {
      "RequestUri": "https://management.azure.com/subscriptions/292d7caa-a878-4de8-b774-689097666272/resourceGroups/azsdkRG/providers/Microsoft.DesktopVirtualization/applicationGroups/testRemoteApplicationGroupCrudAG?api-version=2021-07-12",
      "RequestMethod": "GET",
      "RequestHeaders": {
        "Accept": "application/json",
        "Authorization": "Sanitized",
        "traceparent": "00-75692ac2fb193540acd035ce27fa89ca-5abd212660378746-00",
        "User-Agent": "azsdk-net-ResourceManager.DesktopVirtualization/1.0.0-alpha.20220614.1 (.NET Core 3.1.25; Microsoft Windows 10.0.22000)",
        "x-ms-client-request-id": "bb059fc65838bc1efcd7ee37b5f05e70",
        "x-ms-return-client-request-id": "true"
      },
      "RequestBody": null,
      "StatusCode": 200,
      "ResponseHeaders": {
        "Cache-Control": "no-cache",
        "Content-Length": "1021",
        "Content-Type": "application/json; charset=utf-8",
        "Date": "Tue, 14 Jun 2022 18:50:48 GMT",
        "Expires": "-1",
        "Pragma": "no-cache",
        "Server": "Microsoft-IIS/10.0",
        "Set-Cookie": [
          "ARRAffinity=3815f870faefb5586c964e997f19c9c687f9ec3d8051f30672296989b835faa3;Path=/;HttpOnly;Secure;Domain=rdarmprovider.dev03.avdtest.net",
          "ARRAffinitySameSite=3815f870faefb5586c964e997f19c9c687f9ec3d8051f30672296989b835faa3;Path=/;HttpOnly;SameSite=None;Secure;Domain=rdarmprovider.dev03.avdtest.net"
        ],
        "Strict-Transport-Security": "max-age=31536000; includeSubDomains",
        "Vary": "Accept-Encoding",
        "X-Content-Type-Options": "nosniff",
        "x-ms-correlation-id": "88efffb0-99a6-45a1-af8a-273a96d673e4",
        "x-ms-correlation-request-id": "dc3ede43-a8a9-444b-9a28-9d94b241a3a0",
        "x-ms-lamport-ts": "11114",
        "x-ms-opsarmpath64": "L3N1YnNjcmlwdGlvbnMvMjkyZDdjYWEtYTg3OC00ZGU4LWI3NzQtNjg5MDk3NjY2MjcyL3Jlc291cmNlR3JvdXBzL2F6c2RrUkcvcHJvdmlkZXJzL01pY3Jvc29mdC5EZXNrdG9wVmlydHVhbGl6YXRpb24vYXBwbGljYXRpb25Hcm91cHMvdGVzdFJlbW90ZUFwcGxpY2F0aW9uR3JvdXBDcnVkQUc=",
        "x-ms-ratelimit-remaining-subscription-reads": "11801",
        "x-ms-request-id": "bb059fc6-5838-bc1e-fcd7-ee37b5f05e70",
        "x-ms-routing-request-id": "WESTUS2:20220614T185049Z:dc3ede43-a8a9-444b-9a28-9d94b241a3a0",
        "X-Powered-By": "ASP.NET",
        "X-Rate-Limit-Limit": "0",
        "X-Rate-Limit-Remaining": "9223372036854775807",
        "X-Rate-Limit-Reset": "0"
      },
      "ResponseBody": {
        "name": "testRemoteApplicationGroupCrudAG",
        "id": "/subscriptions/292d7caa-a878-4de8-b774-689097666272/resourcegroups/azsdkRG/providers/Microsoft.DesktopVirtualization/applicationgroups/testRemoteApplicationGroupCrudAG",
        "type": "Microsoft.DesktopVirtualization/applicationgroups",
        "location": "brazilsouth",
        "tags": {},
        "kind": "RemoteApp",
        "systemData": {
          "createdBy": "4d623718-752b-4325-9960-46e070a92bca",
          "createdByType": "Application",
          "createdAt": "2022-06-14T18:50:48.47Z",
          "lastModifiedBy": "4d623718-752b-4325-9960-46e070a92bca",
          "lastModifiedByType": "Application",
          "lastModifiedAt": "2022-06-14T18:50:48.47Z"
        },
        "properties": {
          "hostPoolArmPath": "/subscriptions/292d7caa-a878-4de8-b774-689097666272/resourcegroups/azsdkRG/providers/Microsoft.DesktopVirtualization/hostpools/testRemoteApplicationGroupCrudHP",
          "workspaceArmPath": null,
          "description": null,
          "friendlyName": null,
          "applicationGroupType": "RemoteApp",
          "migrationRequest": {
            "operation": "",
            "migrationPath": ""
          },
          "cloudPcResource": false,
          "objectId": "ad3745d8-1cc0-46f7-8f4b-53abf6d5df4e"
        }
      }
    },
    {
      "RequestUri": "https://management.azure.com/subscriptions/292d7caa-a878-4de8-b774-689097666272/resourceGroups/azsdkRG/providers/Microsoft.DesktopVirtualization/applicationGroups/testRemoteApplicationGroupCrudAG?api-version=2021-07-12",
      "RequestMethod": "PUT",
      "RequestHeaders": {
        "Accept": "application/json",
        "Authorization": "Sanitized",
        "Content-Length": "297",
        "Content-Type": "application/json",
        "traceparent": "00-e3c7984091c24d45b256511a9c2c0ece-14bbef5317980043-00",
        "User-Agent": "azsdk-net-ResourceManager.DesktopVirtualization/1.0.0-alpha.20220614.1 (.NET Core 3.1.25; Microsoft Windows 10.0.22000)",
        "x-ms-client-request-id": "285a03ff2214bb82cddf7b4ad53532d1",
        "x-ms-return-client-request-id": "true"
      },
      "RequestBody": {
        "tags": {},
        "location": "brazilsouth",
        "properties": {
          "friendlyName": "Friendly Name",
          "hostPoolArmPath": "/subscriptions/292d7caa-a878-4de8-b774-689097666272/resourcegroups/azsdkRG/providers/Microsoft.DesktopVirtualization/hostpools/testRemoteApplicationGroupCrudHP",
          "applicationGroupType": "RemoteApp"
        }
      },
      "StatusCode": 200,
      "ResponseHeaders": {
        "Cache-Control": "no-cache",
        "Content-Length": "1032",
        "Content-Type": "application/json; charset=utf-8",
        "Date": "Tue, 14 Jun 2022 18:50:49 GMT",
        "Expires": "-1",
        "Pragma": "no-cache",
        "Server": "Microsoft-IIS/10.0",
        "Set-Cookie": [
          "ARRAffinity=3815f870faefb5586c964e997f19c9c687f9ec3d8051f30672296989b835faa3;Path=/;HttpOnly;Secure;Domain=rdarmprovider.dev03.avdtest.net",
          "ARRAffinitySameSite=3815f870faefb5586c964e997f19c9c687f9ec3d8051f30672296989b835faa3;Path=/;HttpOnly;SameSite=None;Secure;Domain=rdarmprovider.dev03.avdtest.net"
        ],
        "Strict-Transport-Security": "max-age=31536000; includeSubDomains",
        "Vary": "Accept-Encoding",
        "X-Content-Type-Options": "nosniff",
        "x-ms-correlation-id": "0a7b38bc-c7ad-41e4-889a-fa39213fd373",
        "x-ms-correlation-request-id": "7166dad5-f47d-495a-80a6-967d46116425",
        "x-ms-lamport-ts": "11117",
        "x-ms-opsarmpath64": "L3N1YnNjcmlwdGlvbnMvMjkyZDdjYWEtYTg3OC00ZGU4LWI3NzQtNjg5MDk3NjY2MjcyL3Jlc291cmNlR3JvdXBzL2F6c2RrUkcvcHJvdmlkZXJzL01pY3Jvc29mdC5EZXNrdG9wVmlydHVhbGl6YXRpb24vYXBwbGljYXRpb25Hcm91cHMvdGVzdFJlbW90ZUFwcGxpY2F0aW9uR3JvdXBDcnVkQUc=",
        "x-ms-ratelimit-remaining-subscription-writes": "1131",
        "x-ms-request-id": "285a03ff-2214-bb82-cddf-7b4ad53532d1",
        "x-ms-routing-request-id": "WESTUS2:20220614T185050Z:7166dad5-f47d-495a-80a6-967d46116425",
        "X-Powered-By": "ASP.NET",
        "X-Rate-Limit-Limit": "0",
        "X-Rate-Limit-Remaining": "9223372036854775807",
        "X-Rate-Limit-Reset": "0"
      },
      "ResponseBody": {
        "name": "testRemoteApplicationGroupCrudAG",
        "id": "/subscriptions/292d7caa-a878-4de8-b774-689097666272/resourcegroups/azsdkRG/providers/Microsoft.DesktopVirtualization/applicationgroups/testRemoteApplicationGroupCrudAG",
        "type": "Microsoft.DesktopVirtualization/applicationgroups",
        "location": "brazilsouth",
        "tags": {},
        "kind": "RemoteApp",
        "systemData": {
          "createdBy": "4d623718-752b-4325-9960-46e070a92bca",
          "createdByType": "Application",
          "createdAt": "2022-06-14T18:50:48.47Z",
          "lastModifiedBy": "4d623718-752b-4325-9960-46e070a92bca",
          "lastModifiedByType": "Application",
          "lastModifiedAt": "2022-06-14T18:50:49.96Z"
        },
        "properties": {
          "hostPoolArmPath": "/subscriptions/292d7caa-a878-4de8-b774-689097666272/resourcegroups/azsdkRG/providers/Microsoft.DesktopVirtualization/hostpools/testRemoteApplicationGroupCrudHP",
          "workspaceArmPath": null,
          "description": null,
          "friendlyName": "Friendly Name",
          "applicationGroupType": "RemoteApp",
          "migrationRequest": {
            "operation": "",
            "migrationPath": ""
          },
          "cloudPcResource": false,
          "objectId": "ad3745d8-1cc0-46f7-8f4b-53abf6d5df4e"
        }
      }
    },
    {
      "RequestUri": "https://management.azure.com/subscriptions/292d7caa-a878-4de8-b774-689097666272/resourceGroups/azsdkRG/providers/Microsoft.DesktopVirtualization/applicationGroups/testRemoteApplicationGroupCrudAG?api-version=2021-07-12",
      "RequestMethod": "GET",
      "RequestHeaders": {
        "Accept": "application/json",
        "Authorization": "Sanitized",
        "traceparent": "00-81d72a257e140d418a40a40dfe8f1f9a-0dd3409cb21c9547-00",
        "User-Agent": "azsdk-net-ResourceManager.DesktopVirtualization/1.0.0-alpha.20220614.1 (.NET Core 3.1.25; Microsoft Windows 10.0.22000)",
        "x-ms-client-request-id": "360f0fc67cc040a052f0c34c2f22936d",
        "x-ms-return-client-request-id": "true"
      },
      "RequestBody": null,
      "StatusCode": 200,
      "ResponseHeaders": {
        "Cache-Control": "no-cache",
        "Content-Length": "1032",
        "Content-Type": "application/json; charset=utf-8",
        "Date": "Tue, 14 Jun 2022 18:50:49 GMT",
        "Expires": "-1",
        "Pragma": "no-cache",
        "Server": "Microsoft-IIS/10.0",
        "Set-Cookie": [
          "ARRAffinity=3815f870faefb5586c964e997f19c9c687f9ec3d8051f30672296989b835faa3;Path=/;HttpOnly;Secure;Domain=rdarmprovider.dev03.avdtest.net",
          "ARRAffinitySameSite=3815f870faefb5586c964e997f19c9c687f9ec3d8051f30672296989b835faa3;Path=/;HttpOnly;SameSite=None;Secure;Domain=rdarmprovider.dev03.avdtest.net"
        ],
        "Strict-Transport-Security": "max-age=31536000; includeSubDomains",
        "Vary": "Accept-Encoding",
        "X-Content-Type-Options": "nosniff",
        "x-ms-correlation-id": "f37be8da-a50e-42ef-a44b-b7dd279c1697",
        "x-ms-correlation-request-id": "671a47c3-02c5-45c4-a499-0143a6a711d3",
        "x-ms-lamport-ts": "11120",
        "x-ms-opsarmpath64": "L3N1YnNjcmlwdGlvbnMvMjkyZDdjYWEtYTg3OC00ZGU4LWI3NzQtNjg5MDk3NjY2MjcyL3Jlc291cmNlR3JvdXBzL2F6c2RrUkcvcHJvdmlkZXJzL01pY3Jvc29mdC5EZXNrdG9wVmlydHVhbGl6YXRpb24vYXBwbGljYXRpb25Hcm91cHMvdGVzdFJlbW90ZUFwcGxpY2F0aW9uR3JvdXBDcnVkQUc=",
        "x-ms-ratelimit-remaining-subscription-reads": "11800",
        "x-ms-request-id": "360f0fc6-7cc0-40a0-52f0-c34c2f22936d",
        "x-ms-routing-request-id": "WESTUS2:20220614T185050Z:671a47c3-02c5-45c4-a499-0143a6a711d3",
        "X-Powered-By": "ASP.NET",
        "X-Rate-Limit-Limit": "0",
        "X-Rate-Limit-Remaining": "9223372036854775807",
        "X-Rate-Limit-Reset": "0"
      },
      "ResponseBody": {
        "name": "testRemoteApplicationGroupCrudAG",
        "id": "/subscriptions/292d7caa-a878-4de8-b774-689097666272/resourcegroups/azsdkRG/providers/Microsoft.DesktopVirtualization/applicationgroups/testRemoteApplicationGroupCrudAG",
        "type": "Microsoft.DesktopVirtualization/applicationgroups",
        "location": "brazilsouth",
        "tags": {},
        "kind": "RemoteApp",
        "systemData": {
          "createdBy": "4d623718-752b-4325-9960-46e070a92bca",
          "createdByType": "Application",
          "createdAt": "2022-06-14T18:50:48.47Z",
          "lastModifiedBy": "4d623718-752b-4325-9960-46e070a92bca",
          "lastModifiedByType": "Application",
          "lastModifiedAt": "2022-06-14T18:50:49.96Z"
        },
        "properties": {
          "hostPoolArmPath": "/subscriptions/292d7caa-a878-4de8-b774-689097666272/resourcegroups/azsdkRG/providers/Microsoft.DesktopVirtualization/hostpools/testRemoteApplicationGroupCrudHP",
          "workspaceArmPath": null,
          "description": null,
          "friendlyName": "Friendly Name",
          "applicationGroupType": "RemoteApp",
          "migrationRequest": {
            "operation": "",
            "migrationPath": ""
          },
          "cloudPcResource": false,
          "objectId": "ad3745d8-1cc0-46f7-8f4b-53abf6d5df4e"
        }
      }
    },
    {
      "RequestUri": "https://management.azure.com/subscriptions/292d7caa-a878-4de8-b774-689097666272/resourceGroups/azsdkRG/providers/Microsoft.DesktopVirtualization/applicationGroups/testRemoteApplicationGroupCrudAG?api-version=2021-07-12",
      "RequestMethod": "DELETE",
      "RequestHeaders": {
        "Accept": "application/json",
        "Authorization": "Sanitized",
        "traceparent": "00-3ccfd073260f2942a128e543f68fdb30-2adfdd294081de4c-00",
        "User-Agent": "azsdk-net-ResourceManager.DesktopVirtualization/1.0.0-alpha.20220614.1 (.NET Core 3.1.25; Microsoft Windows 10.0.22000)",
        "x-ms-client-request-id": "f42317ea77c3a3471c49ed59ddd4e6c7",
        "x-ms-return-client-request-id": "true"
      },
      "RequestBody": null,
      "StatusCode": 200,
      "ResponseHeaders": {
        "Cache-Control": "no-cache",
        "Content-Length": "1032",
        "Content-Type": "application/json; charset=utf-8",
        "Date": "Tue, 14 Jun 2022 18:50:51 GMT",
        "Expires": "-1",
        "Pragma": "no-cache",
        "Server": "Microsoft-IIS/10.0",
        "Set-Cookie": [
          "ARRAffinity=3815f870faefb5586c964e997f19c9c687f9ec3d8051f30672296989b835faa3;Path=/;HttpOnly;Secure;Domain=rdarmprovider.dev03.avdtest.net",
          "ARRAffinitySameSite=3815f870faefb5586c964e997f19c9c687f9ec3d8051f30672296989b835faa3;Path=/;HttpOnly;SameSite=None;Secure;Domain=rdarmprovider.dev03.avdtest.net"
        ],
        "Strict-Transport-Security": "max-age=31536000; includeSubDomains",
        "Vary": "Accept-Encoding",
        "X-Content-Type-Options": "nosniff",
        "x-ms-correlation-id": "19bc7de0-30cf-45a7-85f9-eb78533cd2ed",
        "x-ms-correlation-request-id": "d7bded13-f27c-4923-825b-cbb17840667d",
        "x-ms-lamport-ts": "11128",
        "x-ms-opsarmpath64": "L3N1YnNjcmlwdGlvbnMvMjkyZDdjYWEtYTg3OC00ZGU4LWI3NzQtNjg5MDk3NjY2MjcyL3Jlc291cmNlR3JvdXBzL2F6c2RrUkcvcHJvdmlkZXJzL01pY3Jvc29mdC5EZXNrdG9wVmlydHVhbGl6YXRpb24vYXBwbGljYXRpb25Hcm91cHMvdGVzdFJlbW90ZUFwcGxpY2F0aW9uR3JvdXBDcnVkQUc=",
        "x-ms-ratelimit-remaining-subscription-deletes": "14933",
        "x-ms-request-id": "f42317ea-77c3-a347-1c49-ed59ddd4e6c7",
        "x-ms-routing-request-id": "WESTUS2:20220614T185052Z:d7bded13-f27c-4923-825b-cbb17840667d",
        "X-Powered-By": "ASP.NET",
        "X-Rate-Limit-Limit": "0",
        "X-Rate-Limit-Remaining": "9223372036854775807",
        "X-Rate-Limit-Reset": "0"
      },
      "ResponseBody": {
        "name": "testRemoteApplicationGroupCrudAG",
        "id": "/subscriptions/292d7caa-a878-4de8-b774-689097666272/resourcegroups/azsdkRG/providers/Microsoft.DesktopVirtualization/applicationgroups/testRemoteApplicationGroupCrudAG",
        "type": "Microsoft.DesktopVirtualization/applicationgroups",
        "location": "brazilsouth",
        "tags": {},
        "kind": "RemoteApp",
        "systemData": {
          "createdBy": "4d623718-752b-4325-9960-46e070a92bca",
          "createdByType": "Application",
          "createdAt": "2022-06-14T18:50:48.47Z",
          "lastModifiedBy": "4d623718-752b-4325-9960-46e070a92bca",
          "lastModifiedByType": "Application",
          "lastModifiedAt": "2022-06-14T18:50:49.96Z"
        },
        "properties": {
          "hostPoolArmPath": "/subscriptions/292d7caa-a878-4de8-b774-689097666272/resourcegroups/azsdkRG/providers/Microsoft.DesktopVirtualization/hostpools/testRemoteApplicationGroupCrudHP",
          "workspaceArmPath": null,
          "description": null,
          "friendlyName": "Friendly Name",
          "applicationGroupType": "RemoteApp",
          "migrationRequest": {
            "operation": "",
            "migrationPath": ""
          },
          "cloudPcResource": false,
          "objectId": "ad3745d8-1cc0-46f7-8f4b-53abf6d5df4e"
        }
      }
    },
    {
      "RequestUri": "https://management.azure.com/subscriptions/292d7caa-a878-4de8-b774-689097666272/resourceGroups/azsdkRG/providers/Microsoft.DesktopVirtualization/applicationGroups/testRemoteApplicationGroupCrudAG?api-version=2021-07-12",
      "RequestMethod": "DELETE",
      "RequestHeaders": {
        "Accept": "application/json",
        "Authorization": "Sanitized",
        "traceparent": "00-eeb50c77bf6423468232b1d86b9143c0-bb0f880725ba664c-00",
        "User-Agent": "azsdk-net-ResourceManager.DesktopVirtualization/1.0.0-alpha.20220614.1 (.NET Core 3.1.25; Microsoft Windows 10.0.22000)",
        "x-ms-client-request-id": "a5701da427e183b06219d6245f368cab",
        "x-ms-return-client-request-id": "true"
      },
      "RequestBody": null,
      "StatusCode": 204,
      "ResponseHeaders": {
        "Cache-Control": "no-cache",
        "Date": "Tue, 14 Jun 2022 18:50:51 GMT",
        "Expires": "-1",
        "Pragma": "no-cache",
        "Strict-Transport-Security": "max-age=31536000; includeSubDomains",
        "X-Content-Type-Options": "nosniff",
        "x-ms-correlation-request-id": "85188852-0772-4afa-8556-798d8688f31c",
        "x-ms-ratelimit-remaining-subscription-deletes": "14932",
        "x-ms-request-id": "85188852-0772-4afa-8556-798d8688f31c",
        "x-ms-routing-request-id": "WESTUS2:20220614T185052Z:85188852-0772-4afa-8556-798d8688f31c"
      },
      "ResponseBody": null
    },
    {
      "RequestUri": "https://management.azure.com/subscriptions/292d7caa-a878-4de8-b774-689097666272/resourceGroups/azsdkRG/providers/Microsoft.DesktopVirtualization/applicationGroups/testRemoteApplicationGroupCrudAG?api-version=2021-07-12",
      "RequestMethod": "GET",
      "RequestHeaders": {
        "Accept": "application/json",
        "Authorization": "Sanitized",
        "traceparent": "00-487d645f624276468f857744494f8f5b-88c2c778901d364c-00",
        "User-Agent": "azsdk-net-ResourceManager.DesktopVirtualization/1.0.0-alpha.20220614.1 (.NET Core 3.1.25; Microsoft Windows 10.0.22000)",
        "x-ms-client-request-id": "be600e4c3e114f0dc86b1a768e47637d",
        "x-ms-return-client-request-id": "true"
      },
      "RequestBody": null,
      "StatusCode": 404,
      "ResponseHeaders": {
        "Cache-Control": "no-cache",
        "Content-Length": "261",
        "Content-Type": "application/json; charset=utf-8",
        "Date": "Tue, 14 Jun 2022 18:50:51 GMT",
        "Expires": "-1",
        "Pragma": "no-cache",
        "Strict-Transport-Security": "max-age=31536000; includeSubDomains",
        "X-Content-Type-Options": "nosniff",
        "x-ms-correlation-request-id": "63e72721-0220-4721-ba20-e9549b24774a",
        "x-ms-failure-cause": "gateway",
        "x-ms-request-id": "63e72721-0220-4721-ba20-e9549b24774a",
        "x-ms-routing-request-id": "WESTUS2:20220614T185052Z:63e72721-0220-4721-ba20-e9549b24774a"
      },
      "ResponseBody": {
        "error": {
          "code": "ResourceNotFound",
          "message": "The Resource \u0027Microsoft.DesktopVirtualization/applicationgroups/testRemoteApplicationGroupCrudAG\u0027 under resource group \u0027azsdkRG\u0027 was not found. For more details please go to https://aka.ms/ARMResourceNotFoundFix"
        }
      }
    },
    {
      "RequestUri": "https://management.azure.com/subscriptions/292d7caa-a878-4de8-b774-689097666272/resourceGroups/azsdkRG/providers/Microsoft.DesktopVirtualization/hostPools/testRemoteApplicationGroupCrudHP?api-version=2021-07-12",
      "RequestMethod": "DELETE",
      "RequestHeaders": {
        "Accept": "application/json",
        "Authorization": "Sanitized",
        "traceparent": "00-1c77347bb2ea3b42a725f9d523b951bb-ef0e78735f3e5944-00",
        "User-Agent": "azsdk-net-ResourceManager.DesktopVirtualization/1.0.0-alpha.20220614.1 (.NET Core 3.1.25; Microsoft Windows 10.0.22000)",
        "x-ms-client-request-id": "11a7fc0aedb1c28b67a091aaa12344e5",
        "x-ms-return-client-request-id": "true"
      },
      "RequestBody": null,
      "StatusCode": 200,
      "ResponseHeaders": {
        "Cache-Control": "no-cache",
        "Content-Length": "1269",
        "Content-Type": "application/json; charset=utf-8",
        "Date": "Tue, 14 Jun 2022 18:50:53 GMT",
        "Expires": "-1",
        "Pragma": "no-cache",
        "Server": "Microsoft-IIS/10.0",
        "Set-Cookie": [
          "ARRAffinity=3815f870faefb5586c964e997f19c9c687f9ec3d8051f30672296989b835faa3;Path=/;HttpOnly;Secure;Domain=rdarmprovider.dev03.avdtest.net",
          "ARRAffinitySameSite=3815f870faefb5586c964e997f19c9c687f9ec3d8051f30672296989b835faa3;Path=/;HttpOnly;SameSite=None;Secure;Domain=rdarmprovider.dev03.avdtest.net"
        ],
        "Strict-Transport-Security": "max-age=31536000; includeSubDomains",
        "Vary": "Accept-Encoding",
        "X-Content-Type-Options": "nosniff",
        "x-ms-correlation-id": "fef6a835-0804-4acd-949c-2208b491208c",
        "x-ms-correlation-request-id": "ad9e2e9d-762f-400f-bdb8-0cfd807b9afb",
        "x-ms-lamport-ts": "11134",
        "x-ms-opsarmpath64": "L3N1YnNjcmlwdGlvbnMvMjkyZDdjYWEtYTg3OC00ZGU4LWI3NzQtNjg5MDk3NjY2MjcyL3Jlc291cmNlR3JvdXBzL2F6c2RrUkcvcHJvdmlkZXJzL01pY3Jvc29mdC5EZXNrdG9wVmlydHVhbGl6YXRpb24vaG9zdFBvb2xzL3Rlc3RSZW1vdGVBcHBsaWNhdGlvbkdyb3VwQ3J1ZEhQ",
        "x-ms-ratelimit-remaining-subscription-deletes": "14931",
        "x-ms-request-id": "11a7fc0a-edb1-c28b-67a0-91aaa12344e5",
        "x-ms-routing-request-id": "WESTUS2:20220614T185054Z:ad9e2e9d-762f-400f-bdb8-0cfd807b9afb",
        "X-Powered-By": "ASP.NET",
        "X-Rate-Limit-Limit": "0",
        "X-Rate-Limit-Remaining": "9223372036854775807",
        "X-Rate-Limit-Reset": "0"
      },
      "ResponseBody": {
        "name": "testRemoteApplicationGroupCrudHP",
        "id": "/subscriptions/292d7caa-a878-4de8-b774-689097666272/resourcegroups/azsdkRG/providers/Microsoft.DesktopVirtualization/hostpools/testRemoteApplicationGroupCrudHP",
        "type": "Microsoft.DesktopVirtualization/hostpools",
        "location": "brazilsouth",
        "tags": {},
        "kind": null,
        "systemData": {
          "createdBy": "4d623718-752b-4325-9960-46e070a92bca",
          "createdByType": "Application",
          "createdAt": "2022-06-14T18:50:46.86Z",
          "lastModifiedBy": "4d623718-752b-4325-9960-46e070a92bca",
          "lastModifiedByType": "Application",
          "lastModifiedAt": "2022-06-14T18:50:46.86Z"
        },
        "properties": {
          "friendlyName": null,
          "description": null,
          "hostPoolType": "Pooled",
          "personalDesktopAssignmentType": "Automatic",
          "applicationGroupReferences": [],
          "customRdpProperty": "",
          "maxSessionLimit": 999999,
          "loadBalancerType": "BreadthFirst",
          "validationEnvironment": true,
          "ring": 0,
          "registrationInfo": {
            "expirationTime": "0001-01-01T00:00:00",
            "token": "",
            "registrationTokenOperation": "None"
          },
          "vmTemplate": null,
          "preferredAppGroupType": "Desktop",
          "migrationRequest": {
            "operation": "",
            "migrationPath": ""
          },
          "cloudPcResource": false,
          "startVMOnConnect": false,
          "ssoadfsAuthority": null,
          "ssoClientId": null,
          "ssoClientSecretKeyVaultPath": null,
          "ssoSecretType": "SharedKey",
          "objectId": "68211d2a-805d-46c5-b1c2-5d6452064c3a"
        }
      }
    },
    {
      "RequestUri": "https://management.azure.com/subscriptions/292d7caa-a878-4de8-b774-689097666272/resourcegroups/azsdkRG?api-version=**",
      "RequestMethod": "GET",
      "RequestHeaders": {
        "Accept": "application/json",
        "Authorization": "Sanitized",
        "traceparent": "00-8c0e7f32f849244880735b31996bc937-5adfd940cb6c2d47-00",
        "User-Agent": "azsdk-net-ResourceManager/1.0.0 (.NET Core 3.1.25; Microsoft Windows 10.0.22000)",
        "x-ms-client-request-id": "ce0d42bd287365b51021dd760d39f41b",
        "x-ms-return-client-request-id": "true"
      },
      "RequestBody": null,
      "StatusCode": 200,
      "ResponseHeaders": {
        "Cache-Control": "no-cache",
        "Content-Length": "331",
        "Content-Type": "application/json; charset=utf-8",
        "Date": "Tue, 14 Jun 2022 18:50:53 GMT",
        "Expires": "-1",
        "Pragma": "no-cache",
        "Strict-Transport-Security": "max-age=31536000; includeSubDomains",
        "X-Content-Type-Options": "nosniff",
        "x-ms-correlation-request-id": "d514d22c-88ec-4972-a312-92018ab7323f",
        "x-ms-ratelimit-remaining-subscription-reads": "11798",
        "x-ms-request-id": "d514d22c-88ec-4972-a312-92018ab7323f",
        "x-ms-routing-request-id": "WESTUS2:20220614T185054Z:d514d22c-88ec-4972-a312-92018ab7323f"
      },
      "ResponseBody": {
        "id": "/subscriptions/292d7caa-a878-4de8-b774-689097666272/resourceGroups/azsdkRG",
        "name": "azsdkRG",
        "type": "Microsoft.Resources/resourceGroups",
        "location": "brazilsouth",
        "tags": {
          "ServiceDirectory": "desktopvirtualization",
          "Creator": "sampa",
          "DeleteAfter": "2022-05-22T20:49:28.1719085Z"
        },
        "properties": {
          "provisioningState": "Succeeded"
        }
      }
    },
    {
      "RequestUri": "https://management.azure.com/subscriptions/292d7caa-a878-4de8-b774-689097666272/resourceGroups/azsdkRG/providers/Microsoft.DesktopVirtualization/applicationGroups?api-version=2021-07-12",
      "RequestMethod": "GET",
      "RequestHeaders": {
        "Accept": "application/json",
        "Authorization": "Sanitized",
        "traceparent": "00-715bce7853727141a680295a543dfafa-c6f71b06b0ea0446-00",
        "User-Agent": "azsdk-net-ResourceManager.DesktopVirtualization/1.0.0-alpha.20220614.1 (.NET Core 3.1.25; Microsoft Windows 10.0.22000)",
        "x-ms-client-request-id": "621a58b57a8e5ef9839d5671ad62aea5",
        "x-ms-return-client-request-id": "true"
      },
      "RequestBody": null,
      "StatusCode": 200,
      "ResponseHeaders": {
        "Cache-Control": "no-cache",
        "Content-Length": "12",
        "Content-Type": "application/json; charset=utf-8",
        "Date": "Tue, 14 Jun 2022 18:50:53 GMT",
        "Expires": "-1",
        "Pragma": "no-cache",
        "Strict-Transport-Security": "max-age=31536000; includeSubDomains",
        "X-Content-Type-Options": "nosniff",
        "x-ms-correlation-request-id": "e1018acf-871f-44b4-bf27-2711eecbdf37",
        "x-ms-ratelimit-remaining-subscription-reads": "11797",
        "x-ms-request-id": "e1018acf-871f-44b4-bf27-2711eecbdf37",
        "x-ms-routing-request-id": "WESTUS2:20220614T185054Z:e1018acf-871f-44b4-bf27-2711eecbdf37"
      },
      "ResponseBody": {
        "value": []
      }
    },
    {
      "RequestUri": "https://management.azure.com/subscriptions/292d7caa-a878-4de8-b774-689097666272/resourceGroups/azsdkRG/providers/Microsoft.DesktopVirtualization/hostPools?api-version=2021-07-12",
      "RequestMethod": "GET",
      "RequestHeaders": {
        "Accept": "application/json",
        "Authorization": "Sanitized",
        "traceparent": "00-fecbcda8116307448d840ba117fa5402-5237566597520c45-00",
        "User-Agent": "azsdk-net-ResourceManager.DesktopVirtualization/1.0.0-alpha.20220614.1 (.NET Core 3.1.25; Microsoft Windows 10.0.22000)",
        "x-ms-client-request-id": "4cb93426943ae109474201901014b52e",
        "x-ms-return-client-request-id": "true"
      },
      "RequestBody": null,
      "StatusCode": 200,
      "ResponseHeaders": {
        "Cache-Control": "no-cache",
        "Content-Length": "12",
        "Content-Type": "application/json; charset=utf-8",
        "Date": "Tue, 14 Jun 2022 18:50:53 GMT",
        "Expires": "-1",
        "Pragma": "no-cache",
        "Strict-Transport-Security": "max-age=31536000; includeSubDomains",
        "X-Content-Type-Options": "nosniff",
        "x-ms-correlation-request-id": "30cdf4bd-3558-4232-aed7-b604ed945b93",
        "x-ms-ratelimit-remaining-subscription-reads": "11796",
        "x-ms-request-id": "30cdf4bd-3558-4232-aed7-b604ed945b93",
        "x-ms-routing-request-id": "WESTUS2:20220614T185054Z:30cdf4bd-3558-4232-aed7-b604ed945b93"
      },
      "ResponseBody": {
        "value": []
      }
    }
  ],
  "Variables": {
    "DESKTOPVIRTUALIZATION_RESOURCE_GROUP": "azsdkRG",
    "RandomSeed": "1887839042",
    "RESOURCE_MANAGER_URL": "https://management.azure.com/",
    "SUBSCRIPTION_ID": "292d7caa-a878-4de8-b774-689097666272"
  }
}
