{
  "Entries": [
    {
      "RequestUri": "https://management.azure.com/subscriptions/292d7caa-a878-4de8-b774-689097666272?api-version=2021-01-01",
      "RequestMethod": "GET",
      "RequestHeaders": {
        "Accept": "application/json",
        "Authorization": "Sanitized",
        "Connection": "keep-alive",
        "traceparent": "00-85084bd5132e474abb8d9b95dcae0bf5-19fe0252347a454a-00",
        "User-Agent": "azsdk-net-ResourceManager/1.0.0 (.NET Framework 4.8.4510.0; Microsoft Windows 10.0.22000 )",
        "x-ms-client-request-id": "0eb182c3b757a64227acb0498b6bb4b4",
        "x-ms-return-client-request-id": "true"
      },
      "RequestBody": null,
      "StatusCode": 200,
      "ResponseHeaders": {
        "Cache-Control": "no-cache",
        "Content-Length": "387",
        "Content-Type": "application/json; charset=utf-8",
        "Date": "Thu, 02 Jun 2022 22:21:41 GMT",
        "Expires": "-1",
        "Pragma": "no-cache",
        "Strict-Transport-Security": "max-age=31536000; includeSubDomains",
        "X-Content-Type-Options": "nosniff",
        "x-ms-correlation-request-id": "9568d30a-ae7a-4ffe-a790-7374b3b1033d",
        "x-ms-ratelimit-remaining-subscription-reads": "11999",
        "x-ms-request-id": "9568d30a-ae7a-4ffe-a790-7374b3b1033d",
        "x-ms-routing-request-id": "WESTUS:20220602T222141Z:9568d30a-ae7a-4ffe-a790-7374b3b1033d"
      },
      "ResponseBody": {
        "id": "/subscriptions/292d7caa-a878-4de8-b774-689097666272",
        "authorizationSource": "Bypassed",
        "managedByTenants": [],
        "subscriptionId": "292d7caa-a878-4de8-b774-689097666272",
        "tenantId": "01884692-6d96-44fa-8c58-11b4e90fef19",
        "displayName": "Microsoft Azure",
        "state": "Enabled",
        "subscriptionPolicies": {
          "locationPlacementId": "Public_2014-09-01",
          "quotaId": "CSP_2015-05-01",
          "spendingLimit": "Off"
        }
      }
    },
    {
      "RequestUri": "https://management.azure.com/subscriptions/292d7caa-a878-4de8-b774-689097666272/resourcegroups/azsdkRG?api-version=2021-04-01",
      "RequestMethod": "GET",
      "RequestHeaders": {
        "Accept": "application/json",
        "Authorization": "Sanitized",
        "traceparent": "00-c4989cafbf410f4683a3359c025ef7c2-06e09470d1d05a4b-00",
        "User-Agent": "azsdk-net-ResourceManager/1.0.0 (.NET Framework 4.8.4510.0; Microsoft Windows 10.0.22000 )",
        "x-ms-client-request-id": "2f108aa1201954c2abda80b67b8d6726",
        "x-ms-return-client-request-id": "true"
      },
      "RequestBody": null,
      "StatusCode": 200,
      "ResponseHeaders": {
        "Cache-Control": "no-cache",
        "Content-Length": "331",
        "Content-Type": "application/json; charset=utf-8",
        "Date": "Thu, 02 Jun 2022 22:22:00 GMT",
        "Expires": "-1",
        "Pragma": "no-cache",
        "Strict-Transport-Security": "max-age=31536000; includeSubDomains",
        "X-Content-Type-Options": "nosniff",
        "x-ms-correlation-request-id": "912c342e-656e-4e21-98d3-60fcb0bdebb9",
        "x-ms-ratelimit-remaining-subscription-reads": "11998",
        "x-ms-request-id": "912c342e-656e-4e21-98d3-60fcb0bdebb9",
        "x-ms-routing-request-id": "WESTUS:20220602T222201Z:912c342e-656e-4e21-98d3-60fcb0bdebb9"
      },
      "ResponseBody": {
        "id": "/subscriptions/292d7caa-a878-4de8-b774-689097666272/resourceGroups/azsdkRG",
        "name": "azsdkRG",
        "type": "Microsoft.Resources/resourceGroups",
        "location": "brazilsouth",
        "tags": {
          "ServiceDirectory": "desktopvirtualization",
          "Creator": "sampa",
          "DeleteAfter": "2022-05-22T20:49:28.1719085Z"
        },
        "properties": {
          "provisioningState": "Succeeded"
        }
      }
    },
    {
      "RequestUri": "https://management.azure.com/subscriptions/292d7caa-a878-4de8-b774-689097666272/resourceGroups/azsdkRG/providers/Microsoft.DesktopVirtualization/hostPools/RemoteApplicationGroupListHP?api-version=2021-07-12",
      "RequestMethod": "PUT",
      "RequestHeaders": {
        "Accept": "application/json",
        "Authorization": "Sanitized",
        "Content-Length": "143",
        "Content-Type": "application/json",
        "traceparent": "00-9945d3ed16106843836cbba3d9ce28db-56e100e709740144-00",
        "User-Agent": "azsdk-net-ResourceManager.DesktopVirtualization/1.0.0-alpha.20220602.1 (.NET Framework 4.8.4510.0; Microsoft Windows 10.0.22000 )",
        "x-ms-client-request-id": "ade901567fcf9d1d2764c1845e54ac98",
        "x-ms-return-client-request-id": "true"
      },
      "RequestBody": {
        "tags": {},
        "location": "brazilsouth",
        "properties": {
          "hostPoolType": "Pooled",
          "loadBalancerType": "BreadthFirst",
          "preferredAppGroupType": "Desktop"
        }
      },
      "StatusCode": 201,
      "ResponseHeaders": {
        "Cache-Control": "no-cache",
        "Content-Length": "1261",
        "Content-Type": "application/json; charset=utf-8",
        "Date": "Thu, 02 Jun 2022 22:22:08 GMT",
        "Expires": "-1",
        "Location": "/subscriptions/292d7caa-a878-4de8-b774-689097666272/resourcegroups/azsdkRG/providers/Microsoft.DesktopVirtualization/hostpools/RemoteApplicationGroupListHP",
        "Pragma": "no-cache",
        "Server": "Microsoft-IIS/10.0",
        "Set-Cookie": [
          "ARRAffinity=53f4a96b1c4fe0ee3118f9ad5503cc06fc63377ccfde033e0776e5f7ac42f04d;Path=/;HttpOnly;Secure;Domain=rdarmprovider.dev03.avdtest.net",
          "ARRAffinitySameSite=53f4a96b1c4fe0ee3118f9ad5503cc06fc63377ccfde033e0776e5f7ac42f04d;Path=/;HttpOnly;SameSite=None;Secure;Domain=rdarmprovider.dev03.avdtest.net"
        ],
        "Strict-Transport-Security": "max-age=31536000; includeSubDomains",
        "X-Content-Type-Options": "nosniff",
        "x-ms-correlation-id": "daaa7dad-0d1d-4b0e-b22c-36c139f4cff2",
        "x-ms-correlation-request-id": "ec472073-5eb4-44ee-9861-a5f7c27c1b2a",
        "x-ms-lamport-ts": "17864",
        "x-ms-opsarmpath64": "L3N1YnNjcmlwdGlvbnMvMjkyZDdjYWEtYTg3OC00ZGU4LWI3NzQtNjg5MDk3NjY2MjcyL3Jlc291cmNlR3JvdXBzL2F6c2RrUkcvcHJvdmlkZXJzL01pY3Jvc29mdC5EZXNrdG9wVmlydHVhbGl6YXRpb24vaG9zdFBvb2xzL1JlbW90ZUFwcGxpY2F0aW9uR3JvdXBMaXN0SFA=",
        "x-ms-ratelimit-remaining-subscription-writes": "1199",
        "x-ms-request-id": "ade90156-7fcf-9d1d-2764-c1845e54ac98",
        "x-ms-routing-request-id": "WESTUS:20220602T222208Z:ec472073-5eb4-44ee-9861-a5f7c27c1b2a",
        "X-Powered-By": "ASP.NET",
        "X-Rate-Limit-Limit": "0",
        "X-Rate-Limit-Remaining": "9223372036854775807",
        "X-Rate-Limit-Reset": "0"
      },
      "ResponseBody": {
        "name": "RemoteApplicationGroupListHP",
        "id": "/subscriptions/292d7caa-a878-4de8-b774-689097666272/resourcegroups/azsdkRG/providers/Microsoft.DesktopVirtualization/hostpools/RemoteApplicationGroupListHP",
        "type": "Microsoft.DesktopVirtualization/hostpools",
        "location": "brazilsouth",
        "tags": {},
        "kind": null,
        "systemData": {
          "createdBy": "4d623718-752b-4325-9960-46e070a92bca",
          "createdByType": "Application",
          "createdAt": "2022-06-02T22:22:07.60Z",
          "lastModifiedBy": "4d623718-752b-4325-9960-46e070a92bca",
          "lastModifiedByType": "Application",
          "lastModifiedAt": "2022-06-02T22:22:07.60Z"
        },
        "properties": {
          "friendlyName": null,
          "description": null,
          "hostPoolType": "Pooled",
          "personalDesktopAssignmentType": "Automatic",
          "applicationGroupReferences": [],
          "customRdpProperty": "",
          "maxSessionLimit": 999999,
          "loadBalancerType": "BreadthFirst",
          "validationEnvironment": true,
          "ring": 0,
          "registrationInfo": {
            "expirationTime": "0001-01-01T00:00:00",
            "token": "",
            "registrationTokenOperation": "None"
          },
          "vmTemplate": null,
          "preferredAppGroupType": "Desktop",
          "migrationRequest": {
            "operation": "",
            "migrationPath": ""
          },
          "cloudPcResource": false,
          "startVMOnConnect": false,
          "ssoadfsAuthority": null,
          "ssoClientId": null,
          "ssoClientSecretKeyVaultPath": null,
          "ssoSecretType": "SharedKey",
          "objectId": "cee7b5b5-ea82-4486-bbe0-cabd994ec48d"
        }
      }
    },
    {
      "RequestUri": "https://management.azure.com/subscriptions/292d7caa-a878-4de8-b774-689097666272/resourceGroups/azsdkRG/providers/Microsoft.DesktopVirtualization/applicationGroups/RemoteApplicationGroupListAG0?api-version=2021-07-12",
      "RequestMethod": "PUT",
      "RequestHeaders": {
        "Accept": "application/json",
        "Authorization": "Sanitized",
        "Content-Length": "262",
        "Content-Type": "application/json",
        "traceparent": "00-a8681ed50171a948a592141e2293a5c9-d639b8d902fc2e40-00",
        "User-Agent": "azsdk-net-ResourceManager.DesktopVirtualization/1.0.0-alpha.20220602.1 (.NET Framework 4.8.4510.0; Microsoft Windows 10.0.22000 )",
        "x-ms-client-request-id": "4d80bb71ce99a26ebf5c637c378c2b99",
        "x-ms-return-client-request-id": "true"
      },
      "RequestBody": {
        "tags": {},
        "location": "brazilsouth",
        "properties": {
          "hostPoolArmPath": "/subscriptions/292d7caa-a878-4de8-b774-689097666272/resourcegroups/azsdkRG/providers/Microsoft.DesktopVirtualization/hostpools/RemoteApplicationGroupListHP",
          "applicationGroupType": "RemoteApp"
        }
      },
      "StatusCode": 201,
      "ResponseHeaders": {
        "Cache-Control": "no-cache",
        "Content-Length": "1011",
        "Content-Type": "application/json; charset=utf-8",
        "Date": "Thu, 02 Jun 2022 22:22:10 GMT",
        "Expires": "-1",
        "Location": "/subscriptions/292d7caa-a878-4de8-b774-689097666272/resourcegroups/azsdkRG/providers/Microsoft.DesktopVirtualization/applicationgroups/RemoteApplicationGroupListAG0",
        "Pragma": "no-cache",
        "Server": "Microsoft-IIS/10.0",
        "Set-Cookie": [
          "ARRAffinity=53f4a96b1c4fe0ee3118f9ad5503cc06fc63377ccfde033e0776e5f7ac42f04d;Path=/;HttpOnly;Secure;Domain=rdarmprovider.dev03.avdtest.net",
          "ARRAffinitySameSite=53f4a96b1c4fe0ee3118f9ad5503cc06fc63377ccfde033e0776e5f7ac42f04d;Path=/;HttpOnly;SameSite=None;Secure;Domain=rdarmprovider.dev03.avdtest.net"
        ],
        "Strict-Transport-Security": "max-age=31536000; includeSubDomains",
        "X-Content-Type-Options": "nosniff",
        "x-ms-correlation-id": "f2e3b338-84c7-46d3-933d-d9120f8ddd74",
        "x-ms-correlation-request-id": "3c9fa1da-454b-4e5e-9abd-a21151de5420",
        "x-ms-lamport-ts": "17873",
        "x-ms-opsarmpath64": "L3N1YnNjcmlwdGlvbnMvMjkyZDdjYWEtYTg3OC00ZGU4LWI3NzQtNjg5MDk3NjY2MjcyL3Jlc291cmNlR3JvdXBzL2F6c2RrUkcvcHJvdmlkZXJzL01pY3Jvc29mdC5EZXNrdG9wVmlydHVhbGl6YXRpb24vYXBwbGljYXRpb25Hcm91cHMvUmVtb3RlQXBwbGljYXRpb25Hcm91cExpc3RBRzA=",
        "x-ms-ratelimit-remaining-subscription-writes": "1198",
        "x-ms-request-id": "4d80bb71-ce99-a26e-bf5c-637c378c2b99",
        "x-ms-routing-request-id": "WESTUS:20220602T222211Z:3c9fa1da-454b-4e5e-9abd-a21151de5420",
        "X-Powered-By": "ASP.NET",
        "X-Rate-Limit-Limit": "0",
        "X-Rate-Limit-Remaining": "9223372036854775807",
        "X-Rate-Limit-Reset": "0"
      },
      "ResponseBody": {
        "name": "RemoteApplicationGroupListAG0",
        "id": "/subscriptions/292d7caa-a878-4de8-b774-689097666272/resourcegroups/azsdkRG/providers/Microsoft.DesktopVirtualization/applicationgroups/RemoteApplicationGroupListAG0",
        "type": "Microsoft.DesktopVirtualization/applicationgroups",
        "location": "brazilsouth",
        "tags": {},
        "kind": "RemoteApp",
        "systemData": {
          "createdBy": "4d623718-752b-4325-9960-46e070a92bca",
          "createdByType": "Application",
          "createdAt": "2022-06-02T22:22:10.21Z",
          "lastModifiedBy": "4d623718-752b-4325-9960-46e070a92bca",
          "lastModifiedByType": "Application",
          "lastModifiedAt": "2022-06-02T22:22:10.21Z"
        },
        "properties": {
          "hostPoolArmPath": "/subscriptions/292d7caa-a878-4de8-b774-689097666272/resourcegroups/azsdkRG/providers/Microsoft.DesktopVirtualization/hostpools/RemoteApplicationGroupListHP",
          "workspaceArmPath": null,
          "description": null,
          "friendlyName": null,
          "applicationGroupType": "RemoteApp",
          "migrationRequest": {
            "operation": "",
            "migrationPath": ""
          },
          "cloudPcResource": false,
          "objectId": "affb0393-c26b-40e1-bcc1-b3b9bdbbd4c6"
        }
      }
    },
    {
      "RequestUri": "https://management.azure.com/subscriptions/292d7caa-a878-4de8-b774-689097666272/resourceGroups/azsdkRG/providers/Microsoft.DesktopVirtualization/applicationGroups?api-version=2021-07-12",
      "RequestMethod": "GET",
      "RequestHeaders": {
        "Accept": "application/json",
        "Authorization": "Sanitized",
        "traceparent": "00-dba1c5a00239074cb050cc00b434fd2e-f51b6f9f04d2be40-00",
        "User-Agent": "azsdk-net-ResourceManager.DesktopVirtualization/1.0.0-alpha.20220602.1 (.NET Framework 4.8.4510.0; Microsoft Windows 10.0.22000 )",
        "x-ms-client-request-id": "8af28a44068122e46d7308b55e3ef656",
        "x-ms-return-client-request-id": "true"
      },
      "RequestBody": null,
      "StatusCode": 200,
      "ResponseHeaders": {
        "Cache-Control": "no-cache",
        "Content-Length": "1039",
        "Content-Type": "application/json; charset=utf-8",
        "Date": "Thu, 02 Jun 2022 22:22:22 GMT",
        "Expires": "-1",
        "Pragma": "no-cache",
        "Server": "Microsoft-IIS/10.0",
        "Set-Cookie": [
          "ARRAffinity=53f4a96b1c4fe0ee3118f9ad5503cc06fc63377ccfde033e0776e5f7ac42f04d;Path=/;HttpOnly;Secure;Domain=rdarmprovider.dev03.avdtest.net",
          "ARRAffinitySameSite=53f4a96b1c4fe0ee3118f9ad5503cc06fc63377ccfde033e0776e5f7ac42f04d;Path=/;HttpOnly;SameSite=None;Secure;Domain=rdarmprovider.dev03.avdtest.net"
        ],
        "Strict-Transport-Security": "max-age=31536000; includeSubDomains",
        "Vary": "Accept-Encoding",
        "X-Content-Type-Options": "nosniff",
        "x-ms-correlation-id": "89897539-c018-4496-aee1-2e35c7e7393b",
        "x-ms-correlation-request-id": "73a7c037-fea4-452e-9090-795526f5e783",
        "x-ms-lamport-ts": "17880",
        "x-ms-opsarmpath64": "L3N1YnNjcmlwdGlvbnMvMjkyZDdjYWEtYTg3OC00ZGU4LWI3NzQtNjg5MDk3NjY2MjcyL3Jlc291cmNlR3JvdXBzL2F6c2RrUkc=",
        "x-ms-ratelimit-remaining-subscription-reads": "11997",
        "x-ms-request-id": "8af28a44-0681-22e4-6d73-08b55e3ef656",
        "x-ms-routing-request-id": "WESTUS:20220602T222222Z:73a7c037-fea4-452e-9090-795526f5e783",
        "X-Powered-By": "ASP.NET",
        "X-Rate-Limit-Limit": "0",
        "X-Rate-Limit-Remaining": "9223372036854775807",
        "X-Rate-Limit-Reset": "0"
      },
      "ResponseBody": {
        "value": [
          {
            "name": "RemoteApplicationGroupListAG0",
            "id": "/subscriptions/292d7caa-a878-4de8-b774-689097666272/resourcegroups/azsdkRG/providers/Microsoft.DesktopVirtualization/applicationgroups/RemoteApplicationGroupListAG0",
            "type": "Microsoft.DesktopVirtualization/applicationgroups",
            "location": "brazilsouth",
            "tags": {},
            "kind": "RemoteApp",
            "systemData": {
              "createdBy": "4d623718-752b-4325-9960-46e070a92bca",
              "createdByType": "Application",
              "createdAt": "2022-06-02T22:22:10.21Z",
              "lastModifiedBy": "4d623718-752b-4325-9960-46e070a92bca",
              "lastModifiedByType": "Application",
              "lastModifiedAt": "2022-06-02T22:22:10.21Z"
            },
            "properties": {
              "hostPoolArmPath": "/subscriptions/292d7caa-a878-4de8-b774-689097666272/resourcegroups/azsdkRG/providers/Microsoft.DesktopVirtualization/hostpools/RemoteApplicationGroupListHP",
              "workspaceArmPath": null,
              "description": null,
              "friendlyName": null,
              "applicationGroupType": "RemoteApp",
              "migrationRequest": {
                "operation": "",
                "migrationPath": ""
              },
              "cloudPcResource": false,
              "objectId": "affb0393-c26b-40e1-bcc1-b3b9bdbbd4c6"
            }
          }
        ],
        "nextLink": null
      }
    },
    {
      "RequestUri": "https://management.azure.com/subscriptions/292d7caa-a878-4de8-b774-689097666272/resourcegroups/azsdkRG?api-version=2021-04-01",
      "RequestMethod": "GET",
      "RequestHeaders": {
        "Accept": "application/json",
        "Authorization": "Sanitized",
        "traceparent": "00-ead99390b159ea438a358536612d912f-ca042b2566469e41-00",
        "User-Agent": "azsdk-net-ResourceManager/1.0.0 (.NET Framework 4.8.4510.0; Microsoft Windows 10.0.22000 )",
        "x-ms-client-request-id": "c044e82e190d888d9246ee731ca0659b",
        "x-ms-return-client-request-id": "true"
      },
      "RequestBody": null,
      "StatusCode": 200,
      "ResponseHeaders": {
        "Cache-Control": "no-cache",
        "Content-Length": "331",
        "Content-Type": "application/json; charset=utf-8",
        "Date": "Thu, 02 Jun 2022 22:22:43 GMT",
        "Expires": "-1",
        "Pragma": "no-cache",
        "Strict-Transport-Security": "max-age=31536000; includeSubDomains",
        "X-Content-Type-Options": "nosniff",
        "x-ms-correlation-request-id": "9c86f3de-90c4-4068-92c3-a0ac1f6bea6e",
        "x-ms-ratelimit-remaining-subscription-reads": "11996",
        "x-ms-request-id": "9c86f3de-90c4-4068-92c3-a0ac1f6bea6e",
        "x-ms-routing-request-id": "WESTUS:20220602T222243Z:9c86f3de-90c4-4068-92c3-a0ac1f6bea6e"
      },
      "ResponseBody": {
        "id": "/subscriptions/292d7caa-a878-4de8-b774-689097666272/resourceGroups/azsdkRG",
        "name": "azsdkRG",
        "type": "Microsoft.Resources/resourceGroups",
        "location": "brazilsouth",
        "tags": {
          "ServiceDirectory": "desktopvirtualization",
          "Creator": "sampa",
          "DeleteAfter": "2022-05-22T20:49:28.1719085Z"
        },
        "properties": {
          "provisioningState": "Succeeded"
        }
      }
    },
    {
      "RequestUri": "https://management.azure.com/subscriptions/292d7caa-a878-4de8-b774-689097666272/resourceGroups/azsdkRG/providers/Microsoft.DesktopVirtualization/applicationGroups?api-version=2021-07-12",
      "RequestMethod": "GET",
      "RequestHeaders": {
        "Accept": "application/json",
        "Authorization": "Sanitized",
        "traceparent": "00-23c2cdeb1a203b4b88faf4723467acfe-9aaff9cdfe51054e-00",
        "User-Agent": "azsdk-net-ResourceManager.DesktopVirtualization/1.0.0-alpha.20220602.1 (.NET Framework 4.8.4510.0; Microsoft Windows 10.0.22000 )",
        "x-ms-client-request-id": "d43f283921616b16d65ee025c5b94480",
        "x-ms-return-client-request-id": "true"
      },
      "RequestBody": null,
      "StatusCode": 200,
      "ResponseHeaders": {
        "Cache-Control": "no-cache",
        "Content-Length": "1039",
        "Content-Type": "application/json; charset=utf-8",
        "Date": "Thu, 02 Jun 2022 22:22:43 GMT",
        "Expires": "-1",
        "Pragma": "no-cache",
        "Server": "Microsoft-IIS/10.0",
        "Set-Cookie": [
          "ARRAffinity=53f4a96b1c4fe0ee3118f9ad5503cc06fc63377ccfde033e0776e5f7ac42f04d;Path=/;HttpOnly;Secure;Domain=rdarmprovider.dev03.avdtest.net",
          "ARRAffinitySameSite=53f4a96b1c4fe0ee3118f9ad5503cc06fc63377ccfde033e0776e5f7ac42f04d;Path=/;HttpOnly;SameSite=None;Secure;Domain=rdarmprovider.dev03.avdtest.net"
        ],
        "Strict-Transport-Security": "max-age=31536000; includeSubDomains",
        "Vary": "Accept-Encoding",
        "X-Content-Type-Options": "nosniff",
        "x-ms-correlation-id": "eb4f04c5-95ad-473b-831e-b3e9e8088e70",
        "x-ms-correlation-request-id": "53401fca-324e-4f2d-a46f-fcaee07320ee",
        "x-ms-lamport-ts": "17890",
        "x-ms-opsarmpath64": "L3N1YnNjcmlwdGlvbnMvMjkyZDdjYWEtYTg3OC00ZGU4LWI3NzQtNjg5MDk3NjY2MjcyL3Jlc291cmNlR3JvdXBzL2F6c2RrUkc=",
        "x-ms-ratelimit-remaining-subscription-reads": "11995",
        "x-ms-request-id": "d43f2839-2161-6b16-d65e-e025c5b94480",
        "x-ms-routing-request-id": "WESTUS:20220602T222243Z:53401fca-324e-4f2d-a46f-fcaee07320ee",
        "X-Powered-By": "ASP.NET",
        "X-Rate-Limit-Limit": "0",
        "X-Rate-Limit-Remaining": "9223372036854775807",
        "X-Rate-Limit-Reset": "0"
      },
      "ResponseBody": {
        "value": [
          {
            "name": "RemoteApplicationGroupListAG0",
            "id": "/subscriptions/292d7caa-a878-4de8-b774-689097666272/resourcegroups/azsdkRG/providers/Microsoft.DesktopVirtualization/applicationgroups/RemoteApplicationGroupListAG0",
            "type": "Microsoft.DesktopVirtualization/applicationgroups",
            "location": "brazilsouth",
            "tags": {},
            "kind": "RemoteApp",
            "systemData": {
              "createdBy": "4d623718-752b-4325-9960-46e070a92bca",
              "createdByType": "Application",
              "createdAt": "2022-06-02T22:22:10.21Z",
              "lastModifiedBy": "4d623718-752b-4325-9960-46e070a92bca",
              "lastModifiedByType": "Application",
              "lastModifiedAt": "2022-06-02T22:22:10.21Z"
            },
            "properties": {
              "hostPoolArmPath": "/subscriptions/292d7caa-a878-4de8-b774-689097666272/resourcegroups/azsdkRG/providers/Microsoft.DesktopVirtualization/hostpools/RemoteApplicationGroupListHP",
              "workspaceArmPath": null,
              "description": null,
              "friendlyName": null,
              "applicationGroupType": "RemoteApp",
              "migrationRequest": {
                "operation": "",
                "migrationPath": ""
              },
              "cloudPcResource": false,
              "objectId": "affb0393-c26b-40e1-bcc1-b3b9bdbbd4c6"
            }
          }
        ],
        "nextLink": null
      }
    },
    {
      "RequestUri": "https://management.azure.com/subscriptions/292d7caa-a878-4de8-b774-689097666272/resourceGroups/azsdkRG/providers/Microsoft.DesktopVirtualization/applicationGroups/RemoteApplicationGroupListAG0?api-version=2021-07-12",
      "RequestMethod": "DELETE",
      "RequestHeaders": {
        "Accept": "application/json",
        "Authorization": "Sanitized",
        "traceparent": "00-1fdd951659d38c43975787ef8ffb633d-0cf86ea673da784c-00",
        "User-Agent": "azsdk-net-ResourceManager.DesktopVirtualization/1.0.0-alpha.20220602.1 (.NET Framework 4.8.4510.0; Microsoft Windows 10.0.22000 )",
        "x-ms-client-request-id": "4f4e0c666a472a8bfc69f73a187106cd",
        "x-ms-return-client-request-id": "true"
      },
      "RequestBody": null,
      "StatusCode": 200,
      "ResponseHeaders": {
        "Cache-Control": "no-cache",
        "Content-Length": "1011",
        "Content-Type": "application/json; charset=utf-8",
        "Date": "Thu, 02 Jun 2022 22:22:44 GMT",
        "Expires": "-1",
        "Pragma": "no-cache",
        "Server": "Microsoft-IIS/10.0",
        "Set-Cookie": [
          "ARRAffinity=53f4a96b1c4fe0ee3118f9ad5503cc06fc63377ccfde033e0776e5f7ac42f04d;Path=/;HttpOnly;Secure;Domain=rdarmprovider.dev03.avdtest.net",
          "ARRAffinitySameSite=53f4a96b1c4fe0ee3118f9ad5503cc06fc63377ccfde033e0776e5f7ac42f04d;Path=/;HttpOnly;SameSite=None;Secure;Domain=rdarmprovider.dev03.avdtest.net"
        ],
        "Strict-Transport-Security": "max-age=31536000; includeSubDomains",
        "Vary": "Accept-Encoding",
        "X-Content-Type-Options": "nosniff",
        "x-ms-correlation-id": "47ee3699-6cfe-4cb3-9bed-3dda04a72ff1",
        "x-ms-correlation-request-id": "aca69233-da00-42a5-b27b-f678992199f2",
        "x-ms-lamport-ts": "17893",
        "x-ms-opsarmpath64": "L3N1YnNjcmlwdGlvbnMvMjkyZDdjYWEtYTg3OC00ZGU4LWI3NzQtNjg5MDk3NjY2MjcyL3Jlc291cmNlR3JvdXBzL2F6c2RrUkcvcHJvdmlkZXJzL01pY3Jvc29mdC5EZXNrdG9wVmlydHVhbGl6YXRpb24vYXBwbGljYXRpb25Hcm91cHMvUmVtb3RlQXBwbGljYXRpb25Hcm91cExpc3RBRzA=",
        "x-ms-ratelimit-remaining-subscription-deletes": "14999",
        "x-ms-request-id": "4f4e0c66-6a47-2a8b-fc69-f73a187106cd",
        "x-ms-routing-request-id": "WESTUS:20220602T222245Z:aca69233-da00-42a5-b27b-f678992199f2",
        "X-Powered-By": "ASP.NET",
        "X-Rate-Limit-Limit": "0",
        "X-Rate-Limit-Remaining": "9223372036854775807",
        "X-Rate-Limit-Reset": "0"
      },
      "ResponseBody": {
        "name": "RemoteApplicationGroupListAG0",
        "id": "/subscriptions/292d7caa-a878-4de8-b774-689097666272/resourcegroups/azsdkRG/providers/Microsoft.DesktopVirtualization/applicationgroups/RemoteApplicationGroupListAG0",
        "type": "Microsoft.DesktopVirtualization/applicationgroups",
        "location": "brazilsouth",
        "tags": {},
        "kind": "RemoteApp",
        "systemData": {
          "createdBy": "4d623718-752b-4325-9960-46e070a92bca",
          "createdByType": "Application",
          "createdAt": "2022-06-02T22:22:10.21Z",
          "lastModifiedBy": "4d623718-752b-4325-9960-46e070a92bca",
          "lastModifiedByType": "Application",
          "lastModifiedAt": "2022-06-02T22:22:10.21Z"
        },
        "properties": {
          "hostPoolArmPath": "/subscriptions/292d7caa-a878-4de8-b774-689097666272/resourcegroups/azsdkRG/providers/Microsoft.DesktopVirtualization/hostpools/RemoteApplicationGroupListHP",
          "workspaceArmPath": null,
          "description": null,
          "friendlyName": null,
          "applicationGroupType": "RemoteApp",
          "migrationRequest": {
            "operation": "",
            "migrationPath": ""
          },
          "cloudPcResource": false,
          "objectId": "affb0393-c26b-40e1-bcc1-b3b9bdbbd4c6"
        }
      }
    },
    {
      "RequestUri": "https://management.azure.com/subscriptions/292d7caa-a878-4de8-b774-689097666272/resourceGroups/azsdkRG/providers/Microsoft.DesktopVirtualization/hostPools?api-version=2021-07-12",
      "RequestMethod": "GET",
      "RequestHeaders": {
        "Accept": "application/json",
        "Authorization": "Sanitized",
        "traceparent": "00-75db5f386f9c0e469821dd3accd59bdf-e0a1c514c0007a44-00",
        "User-Agent": "azsdk-net-ResourceManager.DesktopVirtualization/1.0.0-alpha.20220602.1 (.NET Framework 4.8.4510.0; Microsoft Windows 10.0.22000 )",
        "x-ms-client-request-id": "367b6d0d21ff0cf5d1d9eaaf3967c3d9",
        "x-ms-return-client-request-id": "true"
      },
      "RequestBody": null,
      "StatusCode": 200,
      "ResponseHeaders": {
        "Cache-Control": "no-cache",
        "Content-Length": "1289",
        "Content-Type": "application/json; charset=utf-8",
        "Date": "Thu, 02 Jun 2022 22:22:44 GMT",
        "Expires": "-1",
        "Pragma": "no-cache",
        "Server": "Microsoft-IIS/10.0",
        "Set-Cookie": [
          "ARRAffinity=53f4a96b1c4fe0ee3118f9ad5503cc06fc63377ccfde033e0776e5f7ac42f04d;Path=/;HttpOnly;Secure;Domain=rdarmprovider.dev03.avdtest.net",
          "ARRAffinitySameSite=53f4a96b1c4fe0ee3118f9ad5503cc06fc63377ccfde033e0776e5f7ac42f04d;Path=/;HttpOnly;SameSite=None;Secure;Domain=rdarmprovider.dev03.avdtest.net"
        ],
        "Strict-Transport-Security": "max-age=31536000; includeSubDomains",
        "Vary": "Accept-Encoding",
        "X-Content-Type-Options": "nosniff",
        "x-ms-correlation-id": "107e5923-fbe7-403a-86da-0e5bbc297e9d",
        "x-ms-correlation-request-id": "ac4e0554-8afd-4fa4-99db-4ed59048865c",
        "x-ms-lamport-ts": "17897",
        "x-ms-opsarmpath64": "L3N1YnNjcmlwdGlvbnMvMjkyZDdjYWEtYTg3OC00ZGU4LWI3NzQtNjg5MDk3NjY2MjcyL3Jlc291cmNlR3JvdXBzL2F6c2RrUkc=",
        "x-ms-ratelimit-remaining-subscription-reads": "11994",
        "x-ms-request-id": "367b6d0d-21ff-0cf5-d1d9-eaaf3967c3d9",
        "x-ms-routing-request-id": "WESTUS:20220602T222245Z:ac4e0554-8afd-4fa4-99db-4ed59048865c",
        "X-Powered-By": "ASP.NET",
        "X-Rate-Limit-Limit": "0",
        "X-Rate-Limit-Remaining": "9223372036854775807",
        "X-Rate-Limit-Reset": "0"
      },
      "ResponseBody": {
        "value": [
          {
            "name": "RemoteApplicationGroupListHP",
            "id": "/subscriptions/292d7caa-a878-4de8-b774-689097666272/resourcegroups/azsdkRG/providers/Microsoft.DesktopVirtualization/hostpools/RemoteApplicationGroupListHP",
            "type": "Microsoft.DesktopVirtualization/hostpools",
            "location": "brazilsouth",
            "tags": {},
            "kind": null,
            "systemData": {
              "createdBy": "4d623718-752b-4325-9960-46e070a92bca",
              "createdByType": "Application",
              "createdAt": "2022-06-02T22:22:07.60Z",
              "lastModifiedBy": "4d623718-752b-4325-9960-46e070a92bca",
              "lastModifiedByType": "Application",
              "lastModifiedAt": "2022-06-02T22:22:07.60Z"
            },
            "properties": {
              "friendlyName": null,
              "description": null,
              "hostPoolType": "Pooled",
              "personalDesktopAssignmentType": "Automatic",
              "applicationGroupReferences": [],
              "customRdpProperty": "",
              "maxSessionLimit": 999999,
              "loadBalancerType": "BreadthFirst",
              "validationEnvironment": true,
              "ring": 0,
              "registrationInfo": {
                "expirationTime": "0001-01-01T00:00:00",
                "token": "",
                "registrationTokenOperation": "None"
              },
              "vmTemplate": null,
              "preferredAppGroupType": "Desktop",
              "migrationRequest": {
                "operation": "",
                "migrationPath": ""
              },
              "cloudPcResource": false,
              "startVMOnConnect": false,
              "ssoadfsAuthority": null,
              "ssoClientId": null,
              "ssoClientSecretKeyVaultPath": null,
              "ssoSecretType": "SharedKey",
              "objectId": "cee7b5b5-ea82-4486-bbe0-cabd994ec48d"
            }
          }
        ],
        "nextLink": null
      }
    },
    {
      "RequestUri": "https://management.azure.com/subscriptions/292d7caa-a878-4de8-b774-689097666272/resourceGroups/azsdkRG/providers/Microsoft.DesktopVirtualization/hostPools/RemoteApplicationGroupListHP?api-version=2021-07-12",
      "RequestMethod": "DELETE",
      "RequestHeaders": {
        "Accept": "application/json",
        "Authorization": "Sanitized",
        "traceparent": "00-694e81c90cc45f418d26cfaa464eb5c4-b101fd0398287642-00",
        "User-Agent": "azsdk-net-ResourceManager.DesktopVirtualization/1.0.0-alpha.20220602.1 (.NET Framework 4.8.4510.0; Microsoft Windows 10.0.22000 )",
        "x-ms-client-request-id": "0f0c6d021551ce539c14d7f729dc5264",
        "x-ms-return-client-request-id": "true"
      },
      "RequestBody": null,
      "StatusCode": 200,
      "ResponseHeaders": {
        "Cache-Control": "no-cache",
        "Content-Length": "1261",
        "Content-Type": "application/json; charset=utf-8",
        "Date": "Thu, 02 Jun 2022 22:22:48 GMT",
        "Expires": "-1",
        "Pragma": "no-cache",
        "Server": "Microsoft-IIS/10.0",
        "Set-Cookie": [
          "ARRAffinity=53f4a96b1c4fe0ee3118f9ad5503cc06fc63377ccfde033e0776e5f7ac42f04d;Path=/;HttpOnly;Secure;Domain=rdarmprovider.dev03.avdtest.net",
          "ARRAffinitySameSite=53f4a96b1c4fe0ee3118f9ad5503cc06fc63377ccfde033e0776e5f7ac42f04d;Path=/;HttpOnly;SameSite=None;Secure;Domain=rdarmprovider.dev03.avdtest.net"
        ],
        "Strict-Transport-Security": "max-age=31536000; includeSubDomains",
        "Vary": "Accept-Encoding",
        "X-Content-Type-Options": "nosniff",
        "x-ms-correlation-id": "9aee835e-4ba5-471c-ad35-02f430f6d3f1",
        "x-ms-correlation-request-id": "1ac66e7b-6bdd-4534-ae6d-714f47519dce",
        "x-ms-lamport-ts": "17900",
        "x-ms-opsarmpath64": "L3N1YnNjcmlwdGlvbnMvMjkyZDdjYWEtYTg3OC00ZGU4LWI3NzQtNjg5MDk3NjY2MjcyL3Jlc291cmNlR3JvdXBzL2F6c2RrUkcvcHJvdmlkZXJzL01pY3Jvc29mdC5EZXNrdG9wVmlydHVhbGl6YXRpb24vaG9zdFBvb2xzL1JlbW90ZUFwcGxpY2F0aW9uR3JvdXBMaXN0SFA=",
        "x-ms-ratelimit-remaining-subscription-deletes": "14998",
        "x-ms-request-id": "0f0c6d02-1551-ce53-9c14-d7f729dc5264",
        "x-ms-routing-request-id": "WESTUS:20220602T222249Z:1ac66e7b-6bdd-4534-ae6d-714f47519dce",
        "X-Powered-By": "ASP.NET",
        "X-Rate-Limit-Limit": "0",
        "X-Rate-Limit-Remaining": "9223372036854775807",
        "X-Rate-Limit-Reset": "0"
      },
      "ResponseBody": {
        "name": "RemoteApplicationGroupListHP",
        "id": "/subscriptions/292d7caa-a878-4de8-b774-689097666272/resourcegroups/azsdkRG/providers/Microsoft.DesktopVirtualization/hostpools/RemoteApplicationGroupListHP",
        "type": "Microsoft.DesktopVirtualization/hostpools",
        "location": "brazilsouth",
        "tags": {},
        "kind": null,
        "systemData": {
          "createdBy": "4d623718-752b-4325-9960-46e070a92bca",
          "createdByType": "Application",
          "createdAt": "2022-06-02T22:22:07.60Z",
          "lastModifiedBy": "4d623718-752b-4325-9960-46e070a92bca",
          "lastModifiedByType": "Application",
          "lastModifiedAt": "2022-06-02T22:22:07.60Z"
        },
        "properties": {
          "friendlyName": null,
          "description": null,
          "hostPoolType": "Pooled",
          "personalDesktopAssignmentType": "Automatic",
          "applicationGroupReferences": [],
          "customRdpProperty": "",
          "maxSessionLimit": 999999,
          "loadBalancerType": "BreadthFirst",
          "validationEnvironment": true,
          "ring": 0,
          "registrationInfo": {
            "expirationTime": "0001-01-01T00:00:00",
            "token": "",
            "registrationTokenOperation": "None"
          },
          "vmTemplate": null,
          "preferredAppGroupType": "Desktop",
          "migrationRequest": {
            "operation": "",
            "migrationPath": ""
          },
          "cloudPcResource": false,
          "startVMOnConnect": false,
          "ssoadfsAuthority": null,
          "ssoClientId": null,
          "ssoClientSecretKeyVaultPath": null,
          "ssoSecretType": "SharedKey",
          "objectId": "cee7b5b5-ea82-4486-bbe0-cabd994ec48d"
        }
      }
    }
  ],
  "Variables": {
    "DESKTOPVIRTUALIZATION_RESOURCE_GROUP": "azsdkRG",
    "RandomSeed": "561101405",
    "RESOURCE_MANAGER_URL": "https://management.azure.com/",
    "SUBSCRIPTION_ID": "292d7caa-a878-4de8-b774-689097666272"
  }
}
