{
  "Entries": [
    {
      "RequestUri": "https://management.azure.com/subscriptions/292d7caa-a878-4de8-b774-689097666272?api-version=2021-01-01",
      "RequestMethod": "GET",
      "RequestHeaders": {
        "Accept": "application/json",
        "Authorization": "Sanitized",
        "traceparent": "00-53e950ded0588d47974d787d84ab7839-8f46376ab64e2447-00",
        "User-Agent": "azsdk-net-ResourceManager/1.0.0 (.NET Core 3.1.25; Microsoft Windows 10.0.22000)",
        "x-ms-client-request-id": "f1a00b597cad69aa54e53b8ea6498080",
        "x-ms-return-client-request-id": "true"
      },
      "RequestBody": null,
      "StatusCode": 200,
      "ResponseHeaders": {
        "Cache-Control": "no-cache",
        "Content-Length": "387",
        "Content-Type": "application/json; charset=utf-8",
        "Date": "Tue, 14 Jun 2022 18:50:59 GMT",
        "Expires": "-1",
        "Pragma": "no-cache",
        "Strict-Transport-Security": "max-age=31536000; includeSubDomains",
        "X-Content-Type-Options": "nosniff",
        "x-ms-correlation-request-id": "cd1345fc-865f-4d61-b90c-c87009bd59b3",
        "x-ms-ratelimit-remaining-subscription-reads": "11789",
        "x-ms-request-id": "cd1345fc-865f-4d61-b90c-c87009bd59b3",
        "x-ms-routing-request-id": "WESTUS2:20220614T185059Z:cd1345fc-865f-4d61-b90c-c87009bd59b3"
      },
      "ResponseBody": {
        "id": "/subscriptions/292d7caa-a878-4de8-b774-689097666272",
        "authorizationSource": "Bypassed",
        "managedByTenants": [],
        "subscriptionId": "292d7caa-a878-4de8-b774-689097666272",
        "tenantId": "01884692-6d96-44fa-8c58-11b4e90fef19",
        "displayName": "Microsoft Azure",
        "state": "Enabled",
        "subscriptionPolicies": {
          "locationPlacementId": "Public_2014-09-01",
          "quotaId": "CSP_2015-05-01",
          "spendingLimit": "Off"
        }
      }
    },
    {
      "RequestUri": "https://management.azure.com/subscriptions/292d7caa-a878-4de8-b774-689097666272/resourcegroups/azsdkRG?api-version=**",
      "RequestMethod": "GET",
      "RequestHeaders": {
        "Accept": "application/json",
        "Authorization": "Sanitized",
        "traceparent": "00-5a152b86457b8e4095e1a959c792107b-93263c21a6161e43-00",
        "User-Agent": "azsdk-net-ResourceManager/1.0.0 (.NET Core 3.1.25; Microsoft Windows 10.0.22000)",
        "x-ms-client-request-id": "29011b6acc1b1ca08a79bd7de2fa957c",
        "x-ms-return-client-request-id": "true"
      },
      "RequestBody": null,
      "StatusCode": 200,
      "ResponseHeaders": {
        "Cache-Control": "no-cache",
        "Content-Length": "331",
        "Content-Type": "application/json; charset=utf-8",
        "Date": "Tue, 14 Jun 2022 18:50:59 GMT",
        "Expires": "-1",
        "Pragma": "no-cache",
        "Strict-Transport-Security": "max-age=31536000; includeSubDomains",
        "X-Content-Type-Options": "nosniff",
        "x-ms-correlation-request-id": "82febfba-8660-4049-9c8b-04fb5b6a153b",
        "x-ms-ratelimit-remaining-subscription-reads": "11788",
        "x-ms-request-id": "82febfba-8660-4049-9c8b-04fb5b6a153b",
        "x-ms-routing-request-id": "WESTUS2:20220614T185059Z:82febfba-8660-4049-9c8b-04fb5b6a153b"
      },
      "ResponseBody": {
        "id": "/subscriptions/292d7caa-a878-4de8-b774-689097666272/resourceGroups/azsdkRG",
        "name": "azsdkRG",
        "type": "Microsoft.Resources/resourceGroups",
        "location": "brazilsouth",
        "tags": {
          "ServiceDirectory": "desktopvirtualization",
          "Creator": "sampa",
          "DeleteAfter": "2022-05-22T20:49:28.1719085Z"
        },
        "properties": {
          "provisioningState": "Succeeded"
        }
      }
    },
    {
      "RequestUri": "https://management.azure.com/subscriptions/292d7caa-a878-4de8-b774-689097666272/resourceGroups/azsdkRG/providers/Microsoft.DesktopVirtualization/hostPools/RemoteApplicationGroupListHP?api-version=2022-09-09",
      "RequestMethod": "PUT",
      "RequestHeaders": {
        "Accept": "application/json",
        "Authorization": "Sanitized",
        "Content-Length": "143",
        "Content-Type": "application/json",
        "traceparent": "00-4b362d96d955ec4b9d0b73e3b45e19fb-b2db2d39d6673d43-00",
        "User-Agent": "azsdk-net-ResourceManager.DesktopVirtualization/1.0.0-alpha.20220614.1 (.NET Core 3.1.25; Microsoft Windows 10.0.22000)",
        "x-ms-client-request-id": "7a69c5f553b721fd889a7e7b600b536a",
        "x-ms-return-client-request-id": "true"
      },
      "RequestBody": {
        "tags": {},
        "location": "brazilsouth",
        "properties": {
          "hostPoolType": "Pooled",
          "loadBalancerType": "BreadthFirst",
          "preferredAppGroupType": "Desktop"
        }
      },
      "StatusCode": 201,
      "ResponseHeaders": {
        "Cache-Control": "no-cache",
        "Content-Length": "1261",
        "Content-Type": "application/json; charset=utf-8",
        "Date": "Tue, 14 Jun 2022 18:51:01 GMT",
        "Expires": "-1",
        "Location": "/subscriptions/292d7caa-a878-4de8-b774-689097666272/resourcegroups/azsdkRG/providers/Microsoft.DesktopVirtualization/hostpools/RemoteApplicationGroupListHP",
        "Pragma": "no-cache",
        "Server": "Microsoft-IIS/10.0",
        "Set-Cookie": [
          "ARRAffinity=3815f870faefb5586c964e997f19c9c687f9ec3d8051f30672296989b835faa3;Path=/;HttpOnly;Secure;Domain=rdarmprovider.dev03.avdtest.net",
          "ARRAffinitySameSite=3815f870faefb5586c964e997f19c9c687f9ec3d8051f30672296989b835faa3;Path=/;HttpOnly;SameSite=None;Secure;Domain=rdarmprovider.dev03.avdtest.net"
        ],
        "Strict-Transport-Security": "max-age=31536000; includeSubDomains",
        "X-Content-Type-Options": "nosniff",
        "x-ms-correlation-id": "aafe71f8-472c-434f-85a2-3c29d89cbf13",
        "x-ms-correlation-request-id": "b3c07bea-f1c1-40c4-b3dc-47322b577030",
        "x-ms-lamport-ts": "11156",
        "x-ms-opsarmpath64": "L3N1YnNjcmlwdGlvbnMvMjkyZDdjYWEtYTg3OC00ZGU4LWI3NzQtNjg5MDk3NjY2MjcyL3Jlc291cmNlR3JvdXBzL2F6c2RrUkcvcHJvdmlkZXJzL01pY3Jvc29mdC5EZXNrdG9wVmlydHVhbGl6YXRpb24vaG9zdFBvb2xzL1JlbW90ZUFwcGxpY2F0aW9uR3JvdXBMaXN0SFA=",
        "x-ms-ratelimit-remaining-subscription-writes": "1129",
        "x-ms-request-id": "7a69c5f5-53b7-21fd-889a-7e7b600b536a",
        "x-ms-routing-request-id": "WESTUS2:20220614T185101Z:b3c07bea-f1c1-40c4-b3dc-47322b577030",
        "X-Powered-By": "ASP.NET",
        "X-Rate-Limit-Limit": "0",
        "X-Rate-Limit-Remaining": "9223372036854775807",
        "X-Rate-Limit-Reset": "0"
      },
      "ResponseBody": {
        "name": "RemoteApplicationGroupListHP",
        "id": "/subscriptions/292d7caa-a878-4de8-b774-689097666272/resourcegroups/azsdkRG/providers/Microsoft.DesktopVirtualization/hostpools/RemoteApplicationGroupListHP",
        "type": "Microsoft.DesktopVirtualization/hostpools",
        "location": "brazilsouth",
        "tags": {},
        "kind": null,
        "systemData": {
          "createdBy": "4d623718-752b-4325-9960-46e070a92bca",
          "createdByType": "Application",
          "createdAt": "2022-06-14T18:51:00.35Z",
          "lastModifiedBy": "4d623718-752b-4325-9960-46e070a92bca",
          "lastModifiedByType": "Application",
          "lastModifiedAt": "2022-06-14T18:51:00.35Z"
        },
        "properties": {
          "friendlyName": null,
          "description": null,
          "hostPoolType": "Pooled",
          "personalDesktopAssignmentType": "Automatic",
          "applicationGroupReferences": [],
          "customRdpProperty": "",
          "maxSessionLimit": 999999,
          "loadBalancerType": "BreadthFirst",
          "validationEnvironment": true,
          "ring": 0,
          "registrationInfo": {
            "expirationTime": "0001-01-01T00:00:00",
            "token": "",
            "registrationTokenOperation": "None"
          },
          "vmTemplate": null,
          "preferredAppGroupType": "Desktop",
          "migrationRequest": {
            "operation": "",
            "migrationPath": ""
          },
          "cloudPcResource": false,
          "startVMOnConnect": false,
          "ssoadfsAuthority": null,
          "ssoClientId": null,
          "ssoClientSecretKeyVaultPath": null,
          "ssoSecretType": "SharedKey",
          "objectId": "5822a1b2-7171-4aa2-b1ca-459396de4dc4"
        }
      }
    },
    {
      "RequestUri": "https://management.azure.com/subscriptions/292d7caa-a878-4de8-b774-689097666272/resourceGroups/azsdkRG/providers/Microsoft.DesktopVirtualization/applicationGroups/RemoteApplicationGroupListAG0?api-version=2022-09-09",
      "RequestMethod": "PUT",
      "RequestHeaders": {
        "Accept": "application/json",
        "Authorization": "Sanitized",
        "Content-Length": "262",
        "Content-Type": "application/json",
        "traceparent": "00-b9547e0482c4dd47a77a94447d1aab88-ff8de2df68b78743-00",
        "User-Agent": "azsdk-net-ResourceManager.DesktopVirtualization/1.0.0-alpha.20220614.1 (.NET Core 3.1.25; Microsoft Windows 10.0.22000)",
        "x-ms-client-request-id": "b53ff48ba5118d0e6a846734be2c8759",
        "x-ms-return-client-request-id": "true"
      },
      "RequestBody": {
        "tags": {},
        "location": "brazilsouth",
        "properties": {
          "hostPoolArmPath": "/subscriptions/292d7caa-a878-4de8-b774-689097666272/resourcegroups/azsdkRG/providers/Microsoft.DesktopVirtualization/hostpools/RemoteApplicationGroupListHP",
          "applicationGroupType": "RemoteApp"
        }
      },
      "StatusCode": 201,
      "ResponseHeaders": {
        "Cache-Control": "no-cache",
        "Content-Length": "1011",
        "Content-Type": "application/json; charset=utf-8",
        "Date": "Tue, 14 Jun 2022 18:51:02 GMT",
        "Expires": "-1",
        "Location": "/subscriptions/292d7caa-a878-4de8-b774-689097666272/resourcegroups/azsdkRG/providers/Microsoft.DesktopVirtualization/applicationgroups/RemoteApplicationGroupListAG0",
        "Pragma": "no-cache",
        "Server": "Microsoft-IIS/10.0",
        "Set-Cookie": [
          "ARRAffinity=3815f870faefb5586c964e997f19c9c687f9ec3d8051f30672296989b835faa3;Path=/;HttpOnly;Secure;Domain=rdarmprovider.dev03.avdtest.net",
          "ARRAffinitySameSite=3815f870faefb5586c964e997f19c9c687f9ec3d8051f30672296989b835faa3;Path=/;HttpOnly;SameSite=None;Secure;Domain=rdarmprovider.dev03.avdtest.net"
        ],
        "Strict-Transport-Security": "max-age=31536000; includeSubDomains",
        "X-Content-Type-Options": "nosniff",
        "x-ms-correlation-id": "39352c9b-67cf-4f74-ba30-36c79719d374",
        "x-ms-correlation-request-id": "142248c9-2482-428a-b589-bd5d3d7ea6a8",
        "x-ms-lamport-ts": "11159",
        "x-ms-opsarmpath64": "L3N1YnNjcmlwdGlvbnMvMjkyZDdjYWEtYTg3OC00ZGU4LWI3NzQtNjg5MDk3NjY2MjcyL3Jlc291cmNlR3JvdXBzL2F6c2RrUkcvcHJvdmlkZXJzL01pY3Jvc29mdC5EZXNrdG9wVmlydHVhbGl6YXRpb24vYXBwbGljYXRpb25Hcm91cHMvUmVtb3RlQXBwbGljYXRpb25Hcm91cExpc3RBRzA=",
        "x-ms-ratelimit-remaining-subscription-writes": "1128",
        "x-ms-request-id": "b53ff48b-a511-8d0e-6a84-6734be2c8759",
        "x-ms-routing-request-id": "WESTUS2:20220614T185102Z:142248c9-2482-428a-b589-bd5d3d7ea6a8",
        "X-Powered-By": "ASP.NET",
        "X-Rate-Limit-Limit": "0",
        "X-Rate-Limit-Remaining": "9223372036854775807",
        "X-Rate-Limit-Reset": "0"
      },
      "ResponseBody": {
        "name": "RemoteApplicationGroupListAG0",
        "id": "/subscriptions/292d7caa-a878-4de8-b774-689097666272/resourcegroups/azsdkRG/providers/Microsoft.DesktopVirtualization/applicationgroups/RemoteApplicationGroupListAG0",
        "type": "Microsoft.DesktopVirtualization/applicationgroups",
        "location": "brazilsouth",
        "tags": {},
        "kind": "RemoteApp",
        "systemData": {
          "createdBy": "4d623718-752b-4325-9960-46e070a92bca",
          "createdByType": "Application",
          "createdAt": "2022-06-14T18:51:01.99Z",
          "lastModifiedBy": "4d623718-752b-4325-9960-46e070a92bca",
          "lastModifiedByType": "Application",
          "lastModifiedAt": "2022-06-14T18:51:01.99Z"
        },
        "properties": {
          "hostPoolArmPath": "/subscriptions/292d7caa-a878-4de8-b774-689097666272/resourcegroups/azsdkRG/providers/Microsoft.DesktopVirtualization/hostpools/RemoteApplicationGroupListHP",
          "workspaceArmPath": null,
          "description": null,
          "friendlyName": null,
          "applicationGroupType": "RemoteApp",
          "migrationRequest": {
            "operation": "",
            "migrationPath": ""
          },
          "cloudPcResource": false,
          "objectId": "54be4c41-46ac-4769-81e8-e97209d61784"
        }
      }
    },
    {
      "RequestUri": "https://management.azure.com/subscriptions/292d7caa-a878-4de8-b774-689097666272/resourceGroups/azsdkRG/providers/Microsoft.DesktopVirtualization/applicationGroups?api-version=2022-09-09",
      "RequestMethod": "GET",
      "RequestHeaders": {
        "Accept": "application/json",
        "Authorization": "Sanitized",
        "traceparent": "00-9ca4c01997460c49968f93262bbe8dc8-7c72f74db688934d-00",
        "User-Agent": "azsdk-net-ResourceManager.DesktopVirtualization/1.0.0-alpha.20220614.1 (.NET Core 3.1.25; Microsoft Windows 10.0.22000)",
        "x-ms-client-request-id": "e099be5005e017c81edfa1814d25bb7f",
        "x-ms-return-client-request-id": "true"
      },
      "RequestBody": null,
      "StatusCode": 200,
      "ResponseHeaders": {
        "Cache-Control": "no-cache",
        "Content-Length": "1039",
        "Content-Type": "application/json; charset=utf-8",
        "Date": "Tue, 14 Jun 2022 18:51:03 GMT",
        "Expires": "-1",
        "Pragma": "no-cache",
        "Server": "Microsoft-IIS/10.0",
        "Set-Cookie": [
          "ARRAffinity=3815f870faefb5586c964e997f19c9c687f9ec3d8051f30672296989b835faa3;Path=/;HttpOnly;Secure;Domain=rdarmprovider.dev03.avdtest.net",
          "ARRAffinitySameSite=3815f870faefb5586c964e997f19c9c687f9ec3d8051f30672296989b835faa3;Path=/;HttpOnly;SameSite=None;Secure;Domain=rdarmprovider.dev03.avdtest.net"
        ],
        "Strict-Transport-Security": "max-age=31536000; includeSubDomains",
        "Vary": "Accept-Encoding",
        "X-Content-Type-Options": "nosniff",
        "x-ms-correlation-id": "662a5915-03fd-48b7-928a-4598be4d4c43",
        "x-ms-correlation-request-id": "11abe29b-7c3a-432f-8f63-494b1346873e",
        "x-ms-lamport-ts": "11162",
        "x-ms-opsarmpath64": "L3N1YnNjcmlwdGlvbnMvMjkyZDdjYWEtYTg3OC00ZGU4LWI3NzQtNjg5MDk3NjY2MjcyL3Jlc291cmNlR3JvdXBzL2F6c2RrUkc=",
        "x-ms-ratelimit-remaining-subscription-reads": "11787",
        "x-ms-request-id": "e099be50-05e0-17c8-1edf-a1814d25bb7f",
        "x-ms-routing-request-id": "WESTUS2:20220614T185103Z:11abe29b-7c3a-432f-8f63-494b1346873e",
        "X-Powered-By": "ASP.NET",
        "X-Rate-Limit-Limit": "0",
        "X-Rate-Limit-Remaining": "9223372036854775807",
        "X-Rate-Limit-Reset": "0"
      },
      "ResponseBody": {
        "value": [
          {
            "name": "RemoteApplicationGroupListAG0",
            "id": "/subscriptions/292d7caa-a878-4de8-b774-689097666272/resourcegroups/azsdkRG/providers/Microsoft.DesktopVirtualization/applicationgroups/RemoteApplicationGroupListAG0",
            "type": "Microsoft.DesktopVirtualization/applicationgroups",
            "location": "brazilsouth",
            "tags": {},
            "kind": "RemoteApp",
            "systemData": {
              "createdBy": "4d623718-752b-4325-9960-46e070a92bca",
              "createdByType": "Application",
              "createdAt": "2022-06-14T18:51:01.99Z",
              "lastModifiedBy": "4d623718-752b-4325-9960-46e070a92bca",
              "lastModifiedByType": "Application",
              "lastModifiedAt": "2022-06-14T18:51:01.99Z"
            },
            "properties": {
              "hostPoolArmPath": "/subscriptions/292d7caa-a878-4de8-b774-689097666272/resourcegroups/azsdkRG/providers/Microsoft.DesktopVirtualization/hostpools/RemoteApplicationGroupListHP",
              "workspaceArmPath": null,
              "description": null,
              "friendlyName": null,
              "applicationGroupType": "RemoteApp",
              "migrationRequest": {
                "operation": "",
                "migrationPath": ""
              },
              "cloudPcResource": false,
              "objectId": "54be4c41-46ac-4769-81e8-e97209d61784"
            }
          }
        ],
        "nextLink": null
      }
    },
    {
      "RequestUri": "https://management.azure.com/subscriptions/292d7caa-a878-4de8-b774-689097666272/resourcegroups/azsdkRG?api-version=**",
      "RequestMethod": "GET",
      "RequestHeaders": {
        "Accept": "application/json",
        "Authorization": "Sanitized",
        "traceparent": "00-f135fa0acc54114c93a6fadefb916e00-dbfb9f76943b1947-00",
        "User-Agent": "azsdk-net-ResourceManager/1.0.0 (.NET Core 3.1.25; Microsoft Windows 10.0.22000)",
        "x-ms-client-request-id": "edf25226dfba4f6bb6db1033ecc8635b",
        "x-ms-return-client-request-id": "true"
      },
      "RequestBody": null,
      "StatusCode": 200,
      "ResponseHeaders": {
        "Cache-Control": "no-cache",
        "Content-Length": "331",
        "Content-Type": "application/json; charset=utf-8",
        "Date": "Tue, 14 Jun 2022 18:51:03 GMT",
        "Expires": "-1",
        "Pragma": "no-cache",
        "Strict-Transport-Security": "max-age=31536000; includeSubDomains",
        "X-Content-Type-Options": "nosniff",
        "x-ms-correlation-request-id": "30079a18-f940-461d-9578-2fc3ddf91381",
        "x-ms-ratelimit-remaining-subscription-reads": "11786",
        "x-ms-request-id": "30079a18-f940-461d-9578-2fc3ddf91381",
        "x-ms-routing-request-id": "WESTUS2:20220614T185103Z:30079a18-f940-461d-9578-2fc3ddf91381"
      },
      "ResponseBody": {
        "id": "/subscriptions/292d7caa-a878-4de8-b774-689097666272/resourceGroups/azsdkRG",
        "name": "azsdkRG",
        "type": "Microsoft.Resources/resourceGroups",
        "location": "brazilsouth",
        "tags": {
          "ServiceDirectory": "desktopvirtualization",
          "Creator": "sampa",
          "DeleteAfter": "2022-05-22T20:49:28.1719085Z"
        },
        "properties": {
          "provisioningState": "Succeeded"
        }
      }
    },
    {
      "RequestUri": "https://management.azure.com/subscriptions/292d7caa-a878-4de8-b774-689097666272/resourceGroups/azsdkRG/providers/Microsoft.DesktopVirtualization/applicationGroups?api-version=2022-09-09",
      "RequestMethod": "GET",
      "RequestHeaders": {
        "Accept": "application/json",
        "Authorization": "Sanitized",
        "traceparent": "00-7bcf64ad511eb94da4fc01f224a902e5-c763e3f3bff52847-00",
        "User-Agent": "azsdk-net-ResourceManager.DesktopVirtualization/1.0.0-alpha.20220614.1 (.NET Core 3.1.25; Microsoft Windows 10.0.22000)",
        "x-ms-client-request-id": "a12b24137272858a2c289631048d3f45",
        "x-ms-return-client-request-id": "true"
      },
      "RequestBody": null,
      "StatusCode": 200,
      "ResponseHeaders": {
        "Cache-Control": "no-cache",
        "Content-Length": "1039",
        "Content-Type": "application/json; charset=utf-8",
        "Date": "Tue, 14 Jun 2022 18:51:03 GMT",
        "Expires": "-1",
        "Pragma": "no-cache",
        "Server": "Microsoft-IIS/10.0",
        "Set-Cookie": [
          "ARRAffinity=3815f870faefb5586c964e997f19c9c687f9ec3d8051f30672296989b835faa3;Path=/;HttpOnly;Secure;Domain=rdarmprovider.dev03.avdtest.net",
          "ARRAffinitySameSite=3815f870faefb5586c964e997f19c9c687f9ec3d8051f30672296989b835faa3;Path=/;HttpOnly;SameSite=None;Secure;Domain=rdarmprovider.dev03.avdtest.net"
        ],
        "Strict-Transport-Security": "max-age=31536000; includeSubDomains",
        "Vary": "Accept-Encoding",
        "X-Content-Type-Options": "nosniff",
        "x-ms-correlation-id": "721fbc40-5d8a-4532-ae4a-05d55d6ab087",
        "x-ms-correlation-request-id": "9334c4b8-46c9-427e-bd6a-da7af8471e28",
        "x-ms-lamport-ts": "11165",
        "x-ms-opsarmpath64": "L3N1YnNjcmlwdGlvbnMvMjkyZDdjYWEtYTg3OC00ZGU4LWI3NzQtNjg5MDk3NjY2MjcyL3Jlc291cmNlR3JvdXBzL2F6c2RrUkc=",
        "x-ms-ratelimit-remaining-subscription-reads": "11785",
        "x-ms-request-id": "a12b2413-7272-858a-2c28-9631048d3f45",
        "x-ms-routing-request-id": "WESTUS2:20220614T185103Z:9334c4b8-46c9-427e-bd6a-da7af8471e28",
        "X-Powered-By": "ASP.NET",
        "X-Rate-Limit-Limit": "0",
        "X-Rate-Limit-Remaining": "9223372036854775807",
        "X-Rate-Limit-Reset": "0"
      },
      "ResponseBody": {
        "value": [
          {
            "name": "RemoteApplicationGroupListAG0",
            "id": "/subscriptions/292d7caa-a878-4de8-b774-689097666272/resourcegroups/azsdkRG/providers/Microsoft.DesktopVirtualization/applicationgroups/RemoteApplicationGroupListAG0",
            "type": "Microsoft.DesktopVirtualization/applicationgroups",
            "location": "brazilsouth",
            "tags": {},
            "kind": "RemoteApp",
            "systemData": {
              "createdBy": "4d623718-752b-4325-9960-46e070a92bca",
              "createdByType": "Application",
              "createdAt": "2022-06-14T18:51:01.99Z",
              "lastModifiedBy": "4d623718-752b-4325-9960-46e070a92bca",
              "lastModifiedByType": "Application",
              "lastModifiedAt": "2022-06-14T18:51:01.99Z"
            },
            "properties": {
              "hostPoolArmPath": "/subscriptions/292d7caa-a878-4de8-b774-689097666272/resourcegroups/azsdkRG/providers/Microsoft.DesktopVirtualization/hostpools/RemoteApplicationGroupListHP",
              "workspaceArmPath": null,
              "description": null,
              "friendlyName": null,
              "applicationGroupType": "RemoteApp",
              "migrationRequest": {
                "operation": "",
                "migrationPath": ""
              },
              "cloudPcResource": false,
              "objectId": "54be4c41-46ac-4769-81e8-e97209d61784"
            }
          }
        ],
        "nextLink": null
      }
    },
    {
      "RequestUri": "https://management.azure.com/subscriptions/292d7caa-a878-4de8-b774-689097666272/resourceGroups/azsdkRG/providers/Microsoft.DesktopVirtualization/applicationGroups/RemoteApplicationGroupListAG0?api-version=2022-09-09",
      "RequestMethod": "DELETE",
      "RequestHeaders": {
        "Accept": "application/json",
        "Authorization": "Sanitized",
        "traceparent": "00-0d29fe8e3cae1a47bd141ad6fc442268-33648d3ebd889542-00",
        "User-Agent": "azsdk-net-ResourceManager.DesktopVirtualization/1.0.0-alpha.20220614.1 (.NET Core 3.1.25; Microsoft Windows 10.0.22000)",
        "x-ms-client-request-id": "6c0de7c8993a709f534a2a04f5952b55",
        "x-ms-return-client-request-id": "true"
      },
      "RequestBody": null,
      "StatusCode": 200,
      "ResponseHeaders": {
        "Cache-Control": "no-cache",
        "Content-Length": "1011",
        "Content-Type": "application/json; charset=utf-8",
        "Date": "Tue, 14 Jun 2022 18:51:04 GMT",
        "Expires": "-1",
        "Pragma": "no-cache",
        "Server": "Microsoft-IIS/10.0",
        "Set-Cookie": [
          "ARRAffinity=3815f870faefb5586c964e997f19c9c687f9ec3d8051f30672296989b835faa3;Path=/;HttpOnly;Secure;Domain=rdarmprovider.dev03.avdtest.net",
          "ARRAffinitySameSite=3815f870faefb5586c964e997f19c9c687f9ec3d8051f30672296989b835faa3;Path=/;HttpOnly;SameSite=None;Secure;Domain=rdarmprovider.dev03.avdtest.net"
        ],
        "Strict-Transport-Security": "max-age=31536000; includeSubDomains",
        "Vary": "Accept-Encoding",
        "X-Content-Type-Options": "nosniff",
        "x-ms-correlation-id": "bd6b1009-97d9-46eb-a4a0-7ca81d0efed6",
        "x-ms-correlation-request-id": "0b5700bc-bc92-4d32-bc68-8f5fbed70930",
        "x-ms-lamport-ts": "11170",
        "x-ms-opsarmpath64": "L3N1YnNjcmlwdGlvbnMvMjkyZDdjYWEtYTg3OC00ZGU4LWI3NzQtNjg5MDk3NjY2MjcyL3Jlc291cmNlR3JvdXBzL2F6c2RrUkcvcHJvdmlkZXJzL01pY3Jvc29mdC5EZXNrdG9wVmlydHVhbGl6YXRpb24vYXBwbGljYXRpb25Hcm91cHMvUmVtb3RlQXBwbGljYXRpb25Hcm91cExpc3RBRzA=",
        "x-ms-ratelimit-remaining-subscription-deletes": "14929",
        "x-ms-request-id": "6c0de7c8-993a-709f-534a-2a04f5952b55",
        "x-ms-routing-request-id": "WESTUS2:20220614T185104Z:0b5700bc-bc92-4d32-bc68-8f5fbed70930",
        "X-Powered-By": "ASP.NET",
        "X-Rate-Limit-Limit": "0",
        "X-Rate-Limit-Remaining": "9223372036854775807",
        "X-Rate-Limit-Reset": "0"
      },
      "ResponseBody": {
        "name": "RemoteApplicationGroupListAG0",
        "id": "/subscriptions/292d7caa-a878-4de8-b774-689097666272/resourcegroups/azsdkRG/providers/Microsoft.DesktopVirtualization/applicationgroups/RemoteApplicationGroupListAG0",
        "type": "Microsoft.DesktopVirtualization/applicationgroups",
        "location": "brazilsouth",
        "tags": {},
        "kind": "RemoteApp",
        "systemData": {
          "createdBy": "4d623718-752b-4325-9960-46e070a92bca",
          "createdByType": "Application",
          "createdAt": "2022-06-14T18:51:01.99Z",
          "lastModifiedBy": "4d623718-752b-4325-9960-46e070a92bca",
          "lastModifiedByType": "Application",
          "lastModifiedAt": "2022-06-14T18:51:01.99Z"
        },
        "properties": {
          "hostPoolArmPath": "/subscriptions/292d7caa-a878-4de8-b774-689097666272/resourcegroups/azsdkRG/providers/Microsoft.DesktopVirtualization/hostpools/RemoteApplicationGroupListHP",
          "workspaceArmPath": null,
          "description": null,
          "friendlyName": null,
          "applicationGroupType": "RemoteApp",
          "migrationRequest": {
            "operation": "",
            "migrationPath": ""
          },
          "cloudPcResource": false,
          "objectId": "54be4c41-46ac-4769-81e8-e97209d61784"
        }
      }
    },
    {
      "RequestUri": "https://management.azure.com/subscriptions/292d7caa-a878-4de8-b774-689097666272/resourceGroups/azsdkRG/providers/Microsoft.DesktopVirtualization/hostPools?api-version=2022-09-09",
      "RequestMethod": "GET",
      "RequestHeaders": {
        "Accept": "application/json",
        "Authorization": "Sanitized",
        "traceparent": "00-802495edd3a53d41991246a1e6700614-6504edf6709d8140-00",
        "User-Agent": "azsdk-net-ResourceManager.DesktopVirtualization/1.0.0-alpha.20220614.1 (.NET Core 3.1.25; Microsoft Windows 10.0.22000)",
        "x-ms-client-request-id": "296d457c1af9b40dc86cc19248394b29",
        "x-ms-return-client-request-id": "true"
      },
      "RequestBody": null,
      "StatusCode": 200,
      "ResponseHeaders": {
        "Cache-Control": "no-cache",
        "Content-Length": "1289",
        "Content-Type": "application/json; charset=utf-8",
        "Date": "Tue, 14 Jun 2022 18:51:04 GMT",
        "Expires": "-1",
        "Pragma": "no-cache",
        "Server": "Microsoft-IIS/10.0",
        "Set-Cookie": [
          "ARRAffinity=3815f870faefb5586c964e997f19c9c687f9ec3d8051f30672296989b835faa3;Path=/;HttpOnly;Secure;Domain=rdarmprovider.dev03.avdtest.net",
          "ARRAffinitySameSite=3815f870faefb5586c964e997f19c9c687f9ec3d8051f30672296989b835faa3;Path=/;HttpOnly;SameSite=None;Secure;Domain=rdarmprovider.dev03.avdtest.net"
        ],
        "Strict-Transport-Security": "max-age=31536000; includeSubDomains",
        "Vary": "Accept-Encoding",
        "X-Content-Type-Options": "nosniff",
        "x-ms-correlation-id": "8ad5e343-d1a7-48ba-8422-f2ab4119e473",
        "x-ms-correlation-request-id": "a48b0246-e323-4267-b135-c73a7967a07d",
        "x-ms-lamport-ts": "11175",
        "x-ms-opsarmpath64": "L3N1YnNjcmlwdGlvbnMvMjkyZDdjYWEtYTg3OC00ZGU4LWI3NzQtNjg5MDk3NjY2MjcyL3Jlc291cmNlR3JvdXBzL2F6c2RrUkc=",
        "x-ms-ratelimit-remaining-subscription-reads": "11784",
        "x-ms-request-id": "296d457c-1af9-b40d-c86c-c19248394b29",
        "x-ms-routing-request-id": "WESTUS2:20220614T185104Z:a48b0246-e323-4267-b135-c73a7967a07d",
        "X-Powered-By": "ASP.NET",
        "X-Rate-Limit-Limit": "0",
        "X-Rate-Limit-Remaining": "9223372036854775807",
        "X-Rate-Limit-Reset": "0"
      },
      "ResponseBody": {
        "value": [
          {
            "name": "RemoteApplicationGroupListHP",
            "id": "/subscriptions/292d7caa-a878-4de8-b774-689097666272/resourcegroups/azsdkRG/providers/Microsoft.DesktopVirtualization/hostpools/RemoteApplicationGroupListHP",
            "type": "Microsoft.DesktopVirtualization/hostpools",
            "location": "brazilsouth",
            "tags": {},
            "kind": null,
            "systemData": {
              "createdBy": "4d623718-752b-4325-9960-46e070a92bca",
              "createdByType": "Application",
              "createdAt": "2022-06-14T18:51:00.35Z",
              "lastModifiedBy": "4d623718-752b-4325-9960-46e070a92bca",
              "lastModifiedByType": "Application",
              "lastModifiedAt": "2022-06-14T18:51:00.35Z"
            },
            "properties": {
              "friendlyName": null,
              "description": null,
              "hostPoolType": "Pooled",
              "personalDesktopAssignmentType": "Automatic",
              "applicationGroupReferences": [],
              "customRdpProperty": "",
              "maxSessionLimit": 999999,
              "loadBalancerType": "BreadthFirst",
              "validationEnvironment": true,
              "ring": 0,
              "registrationInfo": {
                "expirationTime": "0001-01-01T00:00:00",
                "token": "",
                "registrationTokenOperation": "None"
              },
              "vmTemplate": null,
              "preferredAppGroupType": "Desktop",
              "migrationRequest": {
                "operation": "",
                "migrationPath": ""
              },
              "cloudPcResource": false,
              "startVMOnConnect": false,
              "ssoadfsAuthority": null,
              "ssoClientId": null,
              "ssoClientSecretKeyVaultPath": null,
              "ssoSecretType": "SharedKey",
              "objectId": "5822a1b2-7171-4aa2-b1ca-459396de4dc4"
            }
          }
        ],
        "nextLink": null
      }
    },
    {
      "RequestUri": "https://management.azure.com/subscriptions/292d7caa-a878-4de8-b774-689097666272/resourceGroups/azsdkRG/providers/Microsoft.DesktopVirtualization/hostPools/RemoteApplicationGroupListHP?api-version=2022-09-09",
      "RequestMethod": "DELETE",
      "RequestHeaders": {
        "Accept": "application/json",
        "Authorization": "Sanitized",
        "traceparent": "00-4d33559ede94364697404eb2dd245b9d-bd4aa3ef1ebc4443-00",
        "User-Agent": "azsdk-net-ResourceManager.DesktopVirtualization/1.0.0-alpha.20220614.1 (.NET Core 3.1.25; Microsoft Windows 10.0.22000)",
        "x-ms-client-request-id": "046aca9cf6bb792185ba4d2747869096",
        "x-ms-return-client-request-id": "true"
      },
      "RequestBody": null,
      "StatusCode": 200,
      "ResponseHeaders": {
        "Cache-Control": "no-cache",
        "Content-Length": "1261",
        "Content-Type": "application/json; charset=utf-8",
        "Date": "Tue, 14 Jun 2022 18:51:06 GMT",
        "Expires": "-1",
        "Pragma": "no-cache",
        "Server": "Microsoft-IIS/10.0",
        "Set-Cookie": [
          "ARRAffinity=3815f870faefb5586c964e997f19c9c687f9ec3d8051f30672296989b835faa3;Path=/;HttpOnly;Secure;Domain=rdarmprovider.dev03.avdtest.net",
          "ARRAffinitySameSite=3815f870faefb5586c964e997f19c9c687f9ec3d8051f30672296989b835faa3;Path=/;HttpOnly;SameSite=None;Secure;Domain=rdarmprovider.dev03.avdtest.net"
        ],
        "Strict-Transport-Security": "max-age=31536000; includeSubDomains",
        "Vary": "Accept-Encoding",
        "X-Content-Type-Options": "nosniff",
        "x-ms-correlation-id": "0dd848f3-c16c-4e5e-9f61-5aaa7628a727",
        "x-ms-correlation-request-id": "a7e60ce9-8662-46c4-b1ce-84f5a11953e8",
        "x-ms-lamport-ts": "11178",
        "x-ms-opsarmpath64": "L3N1YnNjcmlwdGlvbnMvMjkyZDdjYWEtYTg3OC00ZGU4LWI3NzQtNjg5MDk3NjY2MjcyL3Jlc291cmNlR3JvdXBzL2F6c2RrUkcvcHJvdmlkZXJzL01pY3Jvc29mdC5EZXNrdG9wVmlydHVhbGl6YXRpb24vaG9zdFBvb2xzL1JlbW90ZUFwcGxpY2F0aW9uR3JvdXBMaXN0SFA=",
        "x-ms-ratelimit-remaining-subscription-deletes": "14928",
        "x-ms-request-id": "046aca9c-f6bb-7921-85ba-4d2747869096",
        "x-ms-routing-request-id": "WESTUS2:20220614T185106Z:a7e60ce9-8662-46c4-b1ce-84f5a11953e8",
        "X-Powered-By": "ASP.NET",
        "X-Rate-Limit-Limit": "0",
        "X-Rate-Limit-Remaining": "9223372036854775807",
        "X-Rate-Limit-Reset": "0"
      },
      "ResponseBody": {
        "name": "RemoteApplicationGroupListHP",
        "id": "/subscriptions/292d7caa-a878-4de8-b774-689097666272/resourcegroups/azsdkRG/providers/Microsoft.DesktopVirtualization/hostpools/RemoteApplicationGroupListHP",
        "type": "Microsoft.DesktopVirtualization/hostpools",
        "location": "brazilsouth",
        "tags": {},
        "kind": null,
        "systemData": {
          "createdBy": "4d623718-752b-4325-9960-46e070a92bca",
          "createdByType": "Application",
          "createdAt": "2022-06-14T18:51:00.35Z",
          "lastModifiedBy": "4d623718-752b-4325-9960-46e070a92bca",
          "lastModifiedByType": "Application",
          "lastModifiedAt": "2022-06-14T18:51:00.35Z"
        },
        "properties": {
          "friendlyName": null,
          "description": null,
          "hostPoolType": "Pooled",
          "personalDesktopAssignmentType": "Automatic",
          "applicationGroupReferences": [],
          "customRdpProperty": "",
          "maxSessionLimit": 999999,
          "loadBalancerType": "BreadthFirst",
          "validationEnvironment": true,
          "ring": 0,
          "registrationInfo": {
            "expirationTime": "0001-01-01T00:00:00",
            "token": "",
            "registrationTokenOperation": "None"
          },
          "vmTemplate": null,
          "preferredAppGroupType": "Desktop",
          "migrationRequest": {
            "operation": "",
            "migrationPath": ""
          },
          "cloudPcResource": false,
          "startVMOnConnect": false,
          "ssoadfsAuthority": null,
          "ssoClientId": null,
          "ssoClientSecretKeyVaultPath": null,
          "ssoSecretType": "SharedKey",
          "objectId": "5822a1b2-7171-4aa2-b1ca-459396de4dc4"
        }
      }
    }
  ],
  "Variables": {
    "DESKTOPVIRTUALIZATION_RESOURCE_GROUP": "azsdkRG",
    "RandomSeed": "1264802945",
    "RESOURCE_MANAGER_URL": "https://management.azure.com/",
    "SUBSCRIPTION_ID": "292d7caa-a878-4de8-b774-689097666272"
  }
}
