{
  "Entries": [
    {
      "RequestUri": "https://management.azure.com/subscriptions/23587e98-b6ac-4328-a753-03bcd3c8e744/resourceGroups/dbaccount-4633/providers/Microsoft.DocumentDB/databaseAccounts/dbaccount-8761/gremlinDatabases/gremlin-db-1421?api-version=2022-11-15-preview",
      "RequestMethod": "GET",
      "RequestHeaders": {
        "Accept": "application/json",
        "Authorization": "Sanitized",
        "traceparent": "00-4c32db99f5c548570ff9b88a33c56c83-d5ac219c5131610b-00",
        "User-Agent": "azsdk-net-ResourceManager.CosmosDB/1.3.0-alpha.20230410.1 (.NET 7.0.4; Microsoft Windows 10.0.22621)",
        "x-ms-client-request-id": "ed16e35a87668b07a7f2677c2425e06a",
        "x-ms-return-client-request-id": "true"
      },
      "RequestBody": null,
      "StatusCode": 200,
      "ResponseHeaders": {
        "Cache-Control": "no-store, no-cache",
        "Content-Length": "472",
        "Content-Type": "application/json",
        "Date": "Wed, 12 Apr 2023 02:55:53 GMT",
        "Pragma": "no-cache",
        "Server": "Microsoft-HTTPAPI/2.0",
        "Strict-Transport-Security": "max-age=31536000; includeSubDomains",
        "X-Content-Type-Options": "nosniff",
        "x-ms-correlation-request-id": "ee166ec2-0aa3-4c21-beb5-e213b95b59c8",
        "x-ms-gatewayversion": "version=2.14.0",
        "x-ms-ratelimit-remaining-subscription-reads": "11520",
        "x-ms-request-id": "ee166ec2-0aa3-4c21-beb5-e213b95b59c8",
        "x-ms-routing-request-id": "WESTUS:20230412T025554Z:ee166ec2-0aa3-4c21-beb5-e213b95b59c8"
      },
      "ResponseBody": {
        "id": "/subscriptions/23587e98-b6ac-4328-a753-03bcd3c8e744/resourceGroups/dbaccount-4633/providers/Microsoft.DocumentDB/databaseAccounts/dbaccount-8761/gremlinDatabases/gremlin-db-1421",
        "type": "Microsoft.DocumentDB/databaseAccounts/gremlinDatabases",
        "name": "gremlin-db-1421",
        "properties": {
          "resource": {
            "id": "gremlin-db-1421",
            "_rid": "5n80AA==",
            "_self": "dbs/5n80AA==/",
            "_etag": "\u002200009b12-0000-0700-0000-64361b170000\u0022",
            "_colls": "colls/",
            "_users": "users/",
            "_ts": 1681267479
          }
        }
      }
    },
    {
      "RequestUri": "https://management.azure.com/subscriptions/23587e98-b6ac-4328-a753-03bcd3c8e744/resourceGroups/dbaccount-4633/providers/Microsoft.DocumentDB/databaseAccounts/dbaccount-8761/gremlinDatabases/gremlin-db-1421/graphs/gremlin-graph-3159?api-version=2022-11-15-preview",
      "RequestMethod": "PUT",
      "RequestHeaders": {
        "Accept": "application/json",
        "Authorization": "Sanitized",
        "Content-Length": "761",
        "Content-Type": "application/json",
        "traceparent": "00-5d30e334e0c6e7f36e9a7cb82a9d0ef1-ba31c2970cb89ffb-00",
        "User-Agent": "azsdk-net-ResourceManager.CosmosDB/1.3.0-alpha.20230410.1 (.NET 7.0.4; Microsoft Windows 10.0.22621)",
        "x-ms-client-request-id": "eb5e09181983e04aad0ff0c4c59e619b",
        "x-ms-return-client-request-id": "true"
      },
      "RequestBody": {
        "tags": {},
        "location": "westus",
        "properties": {
          "resource": {
            "id": "gremlin-graph-3159",
            "indexingPolicy": {
              "automatic": true,
              "indexingMode": "consistent",
              "includedPaths": [
                {
                  "path": "/*"
                }
              ],
              "excludedPaths": [
                {
                  "path": "/pathToNotIndex/*"
                }
              ],
              "compositeIndexes": [
                [
                  {
                    "path": "/orderByPath1",
                    "order": "ascending"
                  },
                  {
                    "path": "/orderByPath2",
                    "order": "descending"
                  }
                ],
                [
                  {
                    "path": "/orderByPath3",
                    "order": "ascending"
                  },
                  {
                    "path": "/orderByPath4",
                    "order": "descending"
                  }
                ]
              ],
              "spatialIndexes": [
                {
                  "path": "/*",
                  "types": [
                    "Point"
                  ]
                }
              ]
            },
            "partitionKey": {
              "paths": [
                "/address"
              ],
              "kind": "Hash"
            },
            "defaultTtl": -1,
            "uniqueKeyPolicy": {
              "uniqueKeys": [
                {
                  "paths": [
                    "/testpath"
                  ]
                }
              ]
            },
            "conflictResolutionPolicy": {
              "mode": "LastWriterWins",
              "conflictResolutionPath": "/path",
              "conflictResolutionProcedure": ""
            }
          },
          "options": {
            "throughput": 700
          }
        }
      },
      "StatusCode": 202,
      "ResponseHeaders": {
        "Azure-AsyncOperation": "https://management.azure.com/subscriptions/23587e98-b6ac-4328-a753-03bcd3c8e744/providers/Microsoft.DocumentDB/locations/westus2/operationsStatus/640a38ee-23ac-40dd-8738-9652b253c369?api-version=2022-11-15-preview",
        "Cache-Control": "no-store, no-cache",
        "Content-Length": "21",
        "Content-Type": "application/json",
        "Date": "Wed, 12 Apr 2023 02:55:54 GMT",
        "Location": "https://management.azure.com/subscriptions/23587e98-b6ac-4328-a753-03bcd3c8e744/resourceGroups/dbaccount-4633/providers/Microsoft.DocumentDB/databaseAccounts/dbaccount-8761/gremlinDatabases/gremlin-db-1421/graphs/gremlin-graph-3159/operationResults/640a38ee-23ac-40dd-8738-9652b253c369?api-version=2022-11-15-preview",
        "Pragma": "no-cache",
        "Server": "Microsoft-HTTPAPI/2.0",
        "Strict-Transport-Security": "max-age=31536000; includeSubDomains",
        "X-Content-Type-Options": "nosniff",
        "x-ms-correlation-request-id": "58eebc68-7d4d-4713-8a1b-34bd045ebe1e",
        "x-ms-gatewayversion": "version=2.14.0",
        "x-ms-ratelimit-remaining-subscription-writes": "1170",
        "x-ms-request-id": "640a38ee-23ac-40dd-8738-9652b253c369",
        "x-ms-routing-request-id": "WESTUS:20230412T025555Z:58eebc68-7d4d-4713-8a1b-34bd045ebe1e"
      },
      "ResponseBody": {
        "status": "Enqueued"
      }
    },
    {
      "RequestUri": "https://management.azure.com/subscriptions/23587e98-b6ac-4328-a753-03bcd3c8e744/providers/Microsoft.DocumentDB/locations/westus2/operationsStatus/640a38ee-23ac-40dd-8738-9652b253c369?api-version=2022-11-15-preview",
      "RequestMethod": "GET",
      "RequestHeaders": {
        "Authorization": "Sanitized",
        "traceparent": "00-5d30e334e0c6e7f36e9a7cb82a9d0ef1-a1c34a6cc8b5779a-00",
        "User-Agent": "azsdk-net-ResourceManager/1.4.0 (.NET 7.0.4; Microsoft Windows 10.0.22621)",
        "x-ms-client-request-id": "ad2904bb2ae5cad6cb0db87817c6e154",
        "x-ms-return-client-request-id": "true"
      },
      "RequestBody": null,
      "StatusCode": 200,
      "ResponseHeaders": {
        "Cache-Control": "no-store, no-cache",
        "Content-Length": "21",
        "Content-Type": "application/json",
        "Date": "Wed, 12 Apr 2023 02:55:54 GMT",
        "Pragma": "no-cache",
        "Server": "Microsoft-HTTPAPI/2.0",
        "Strict-Transport-Security": "max-age=31536000; includeSubDomains",
        "X-Content-Type-Options": "nosniff",
        "x-ms-correlation-request-id": "e0ea2558-91a5-44d8-b3de-626f7142f369",
        "x-ms-gatewayversion": "version=2.14.0",
        "x-ms-ratelimit-remaining-subscription-reads": "11519",
        "x-ms-request-id": "e0ea2558-91a5-44d8-b3de-626f7142f369",
        "x-ms-routing-request-id": "WESTUS:20230412T025555Z:e0ea2558-91a5-44d8-b3de-626f7142f369"
      },
      "ResponseBody": {
        "status": "Enqueued"
      }
    },
    {
      "RequestUri": "https://management.azure.com/subscriptions/23587e98-b6ac-4328-a753-03bcd3c8e744/providers/Microsoft.DocumentDB/locations/westus2/operationsStatus/640a38ee-23ac-40dd-8738-9652b253c369?api-version=2022-11-15-preview",
      "RequestMethod": "GET",
      "RequestHeaders": {
        "Authorization": "Sanitized",
        "traceparent": "00-5d30e334e0c6e7f36e9a7cb82a9d0ef1-2e11d4500e964551-00",
        "User-Agent": "azsdk-net-ResourceManager/1.4.0 (.NET 7.0.4; Microsoft Windows 10.0.22621)",
        "x-ms-client-request-id": "960ee00522e5a5a008f81c373c252707",
        "x-ms-return-client-request-id": "true"
      },
      "RequestBody": null,
      "StatusCode": 200,
      "ResponseHeaders": {
        "Cache-Control": "no-store, no-cache",
        "Content-Length": "21",
        "Content-Type": "application/json",
        "Date": "Wed, 12 Apr 2023 02:55:56 GMT",
        "Pragma": "no-cache",
        "Server": "Microsoft-HTTPAPI/2.0",
        "Strict-Transport-Security": "max-age=31536000; includeSubDomains",
        "X-Content-Type-Options": "nosniff",
        "x-ms-correlation-request-id": "d04e8701-173b-45cb-93d1-cf3696cba66b",
        "x-ms-gatewayversion": "version=2.14.0",
        "x-ms-ratelimit-remaining-subscription-reads": "11518",
        "x-ms-request-id": "d04e8701-173b-45cb-93d1-cf3696cba66b",
        "x-ms-routing-request-id": "WESTUS:20230412T025556Z:d04e8701-173b-45cb-93d1-cf3696cba66b"
      },
      "ResponseBody": {
        "status": "Enqueued"
      }
    },
    {
      "RequestUri": "https://management.azure.com/subscriptions/23587e98-b6ac-4328-a753-03bcd3c8e744/providers/Microsoft.DocumentDB/locations/westus2/operationsStatus/640a38ee-23ac-40dd-8738-9652b253c369?api-version=2022-11-15-preview",
      "RequestMethod": "GET",
      "RequestHeaders": {
        "Authorization": "Sanitized",
        "traceparent": "00-5d30e334e0c6e7f36e9a7cb82a9d0ef1-70d46ab444045d2c-00",
        "User-Agent": "azsdk-net-ResourceManager/1.4.0 (.NET 7.0.4; Microsoft Windows 10.0.22621)",
        "x-ms-client-request-id": "c10895e2b375ebb6b8317c8bba894e08",
        "x-ms-return-client-request-id": "true"
      },
      "RequestBody": null,
      "StatusCode": 200,
      "ResponseHeaders": {
        "Cache-Control": "no-store, no-cache",
        "Content-Length": "21",
        "Content-Type": "application/json",
        "Date": "Wed, 12 Apr 2023 02:55:57 GMT",
        "Pragma": "no-cache",
        "Server": "Microsoft-HTTPAPI/2.0",
        "Strict-Transport-Security": "max-age=31536000; includeSubDomains",
        "X-Content-Type-Options": "nosniff",
        "x-ms-correlation-request-id": "0f2cec09-7256-444d-a420-69cd5e07b323",
        "x-ms-gatewayversion": "version=2.14.0",
        "x-ms-ratelimit-remaining-subscription-reads": "11517",
        "x-ms-request-id": "0f2cec09-7256-444d-a420-69cd5e07b323",
        "x-ms-routing-request-id": "WESTUS:20230412T025557Z:0f2cec09-7256-444d-a420-69cd5e07b323"
      },
      "ResponseBody": {
        "status": "Enqueued"
      }
    },
    {
      "RequestUri": "https://management.azure.com/subscriptions/23587e98-b6ac-4328-a753-03bcd3c8e744/providers/Microsoft.DocumentDB/locations/westus2/operationsStatus/640a38ee-23ac-40dd-8738-9652b253c369?api-version=2022-11-15-preview",
      "RequestMethod": "GET",
      "RequestHeaders": {
        "Authorization": "Sanitized",
        "traceparent": "00-5d30e334e0c6e7f36e9a7cb82a9d0ef1-29df45d92535cc2f-00",
        "User-Agent": "azsdk-net-ResourceManager/1.4.0 (.NET 7.0.4; Microsoft Windows 10.0.22621)",
        "x-ms-client-request-id": "d71f886a969799756383a5ed0e9f8da6",
        "x-ms-return-client-request-id": "true"
      },
      "RequestBody": null,
      "StatusCode": 200,
      "ResponseHeaders": {
        "Cache-Control": "no-store, no-cache",
        "Content-Length": "21",
        "Content-Type": "application/json",
        "Date": "Wed, 12 Apr 2023 02:55:58 GMT",
        "Pragma": "no-cache",
        "Server": "Microsoft-HTTPAPI/2.0",
        "Strict-Transport-Security": "max-age=31536000; includeSubDomains",
        "X-Content-Type-Options": "nosniff",
        "x-ms-correlation-request-id": "09567b3c-b17c-4959-8384-faa0be332f36",
        "x-ms-gatewayversion": "version=2.14.0",
        "x-ms-ratelimit-remaining-subscription-reads": "11516",
        "x-ms-request-id": "09567b3c-b17c-4959-8384-faa0be332f36",
        "x-ms-routing-request-id": "WESTUS:20230412T025558Z:09567b3c-b17c-4959-8384-faa0be332f36"
      },
      "ResponseBody": {
        "status": "Dequeued"
      }
    },
    {
      "RequestUri": "https://management.azure.com/subscriptions/23587e98-b6ac-4328-a753-03bcd3c8e744/providers/Microsoft.DocumentDB/locations/westus2/operationsStatus/640a38ee-23ac-40dd-8738-9652b253c369?api-version=2022-11-15-preview",
      "RequestMethod": "GET",
      "RequestHeaders": {
        "Authorization": "Sanitized",
        "traceparent": "00-5d30e334e0c6e7f36e9a7cb82a9d0ef1-2e7469c2030f9f42-00",
        "User-Agent": "azsdk-net-ResourceManager/1.4.0 (.NET 7.0.4; Microsoft Windows 10.0.22621)",
        "x-ms-client-request-id": "8295b1e520bd52df2a23deb4a515eb7f",
        "x-ms-return-client-request-id": "true"
      },
      "RequestBody": null,
      "StatusCode": 200,
      "ResponseHeaders": {
        "Cache-Control": "no-store, no-cache",
        "Content-Length": "21",
        "Content-Type": "application/json",
        "Date": "Wed, 12 Apr 2023 02:56:00 GMT",
        "Pragma": "no-cache",
        "Server": "Microsoft-HTTPAPI/2.0",
        "Strict-Transport-Security": "max-age=31536000; includeSubDomains",
        "X-Content-Type-Options": "nosniff",
        "x-ms-correlation-request-id": "559f1c6b-30c4-4598-b5a4-6f3ed7ce1f86",
        "x-ms-gatewayversion": "version=2.14.0",
        "x-ms-ratelimit-remaining-subscription-reads": "11515",
        "x-ms-request-id": "559f1c6b-30c4-4598-b5a4-6f3ed7ce1f86",
        "x-ms-routing-request-id": "WESTUS:20230412T025600Z:559f1c6b-30c4-4598-b5a4-6f3ed7ce1f86"
      },
      "ResponseBody": {
        "status": "Dequeued"
      }
    },
    {
      "RequestUri": "https://management.azure.com/subscriptions/23587e98-b6ac-4328-a753-03bcd3c8e744/providers/Microsoft.DocumentDB/locations/westus2/operationsStatus/640a38ee-23ac-40dd-8738-9652b253c369?api-version=2022-11-15-preview",
      "RequestMethod": "GET",
      "RequestHeaders": {
        "Authorization": "Sanitized",
        "traceparent": "00-5d30e334e0c6e7f36e9a7cb82a9d0ef1-b98a6e00ee55751b-00",
        "User-Agent": "azsdk-net-ResourceManager/1.4.0 (.NET 7.0.4; Microsoft Windows 10.0.22621)",
        "x-ms-client-request-id": "b4cd13aa4f064b6f1f6f5df10dc9dc19",
        "x-ms-return-client-request-id": "true"
      },
      "RequestBody": null,
      "StatusCode": 200,
      "ResponseHeaders": {
        "Cache-Control": "no-store, no-cache",
        "Content-Length": "21",
        "Content-Type": "application/json",
        "Date": "Wed, 12 Apr 2023 02:56:04 GMT",
        "Pragma": "no-cache",
        "Server": "Microsoft-HTTPAPI/2.0",
        "Strict-Transport-Security": "max-age=31536000; includeSubDomains",
        "X-Content-Type-Options": "nosniff",
        "x-ms-correlation-request-id": "962cda89-8212-421e-a6d7-4ee03e5cecc5",
        "x-ms-gatewayversion": "version=2.14.0",
        "x-ms-ratelimit-remaining-subscription-reads": "11514",
        "x-ms-request-id": "962cda89-8212-421e-a6d7-4ee03e5cecc5",
        "x-ms-routing-request-id": "WESTUS:20230412T025604Z:962cda89-8212-421e-a6d7-4ee03e5cecc5"
      },
      "ResponseBody": {
        "status": "Dequeued"
      }
    },
    {
      "RequestUri": "https://management.azure.com/subscriptions/23587e98-b6ac-4328-a753-03bcd3c8e744/providers/Microsoft.DocumentDB/locations/westus2/operationsStatus/640a38ee-23ac-40dd-8738-9652b253c369?api-version=2022-11-15-preview",
      "RequestMethod": "GET",
      "RequestHeaders": {
        "Authorization": "Sanitized",
        "traceparent": "00-5d30e334e0c6e7f36e9a7cb82a9d0ef1-a97a37872da0e0ed-00",
        "User-Agent": "azsdk-net-ResourceManager/1.4.0 (.NET 7.0.4; Microsoft Windows 10.0.22621)",
        "x-ms-client-request-id": "08a5d6a3cbf3494ba9cdad74b7c0f44e",
        "x-ms-return-client-request-id": "true"
      },
      "RequestBody": null,
      "StatusCode": 200,
      "ResponseHeaders": {
        "Cache-Control": "no-store, no-cache",
        "Content-Length": "22",
        "Content-Type": "application/json",
        "Date": "Wed, 12 Apr 2023 02:56:12 GMT",
        "Pragma": "no-cache",
        "Server": "Microsoft-HTTPAPI/2.0",
        "Strict-Transport-Security": "max-age=31536000; includeSubDomains",
        "X-Content-Type-Options": "nosniff",
        "x-ms-correlation-request-id": "da577987-6736-4cd4-86d4-c9157b819444",
        "x-ms-gatewayversion": "version=2.14.0",
        "x-ms-ratelimit-remaining-subscription-reads": "11513",
        "x-ms-request-id": "da577987-6736-4cd4-86d4-c9157b819444",
        "x-ms-routing-request-id": "WESTUS:20230412T025612Z:da577987-6736-4cd4-86d4-c9157b819444"
      },
      "ResponseBody": {
        "status": "Succeeded"
      }
    },
    {
      "RequestUri": "https://management.azure.com/subscriptions/23587e98-b6ac-4328-a753-03bcd3c8e744/resourceGroups/dbaccount-4633/providers/Microsoft.DocumentDB/databaseAccounts/dbaccount-8761/gremlinDatabases/gremlin-db-1421/graphs/gremlin-graph-3159?api-version=2022-11-15-preview",
      "RequestMethod": "GET",
      "RequestHeaders": {
        "Authorization": "Sanitized",
        "traceparent": "00-5d30e334e0c6e7f36e9a7cb82a9d0ef1-4e779cb84453f1d2-00",
        "User-Agent": "azsdk-net-ResourceManager/1.4.0 (.NET 7.0.4; Microsoft Windows 10.0.22621)",
        "x-ms-client-request-id": "fa422698d9d1959f4249624ec2ed4461",
        "x-ms-return-client-request-id": "true"
      },
      "RequestBody": null,
      "StatusCode": 200,
      "ResponseHeaders": {
        "Cache-Control": "no-store, no-cache",
        "Content-Length": "1488",
        "Content-Type": "application/json",
        "Date": "Wed, 12 Apr 2023 02:56:12 GMT",
        "Pragma": "no-cache",
        "Server": "Microsoft-HTTPAPI/2.0",
        "Strict-Transport-Security": "max-age=31536000; includeSubDomains",
        "X-Content-Type-Options": "nosniff",
        "x-ms-correlation-request-id": "7e0ea88f-7536-4145-802b-cb213b743203",
        "x-ms-gatewayversion": "version=2.14.0",
        "x-ms-ratelimit-remaining-subscription-reads": "11512",
        "x-ms-request-id": "7e0ea88f-7536-4145-802b-cb213b743203",
        "x-ms-routing-request-id": "WESTUS:20230412T025613Z:7e0ea88f-7536-4145-802b-cb213b743203"
      },
      "ResponseBody": {
        "id": "/subscriptions/23587e98-b6ac-4328-a753-03bcd3c8e744/resourceGroups/dbaccount-4633/providers/Microsoft.DocumentDB/databaseAccounts/dbaccount-8761/gremlinDatabases/gremlin-db-1421/graphs/gremlin-graph-3159",
        "type": "Microsoft.DocumentDB/databaseAccounts/gremlinDatabases/graphs",
        "name": "gremlin-graph-3159",
        "properties": {
          "resource": {
            "id": "gremlin-graph-3159",
            "indexingPolicy": {
              "indexingMode": "consistent",
              "automatic": true,
              "includedPaths": [
                {
                  "path": "/*"
                }
              ],
              "excludedPaths": [
                {
                  "path": "/pathToNotIndex/*"
                },
                {
                  "path": "/\u0022_etag\u0022/?"
                }
              ],
              "spatialIndexes": [
                {
                  "path": "/*",
                  "types": [
                    "Point",
                    "LineString",
                    "Polygon",
                    "MultiPolygon"
                  ]
                }
              ],
              "compositeIndexes": [
                [
                  {
                    "path": "/orderByPath1",
                    "order": "ascending"
                  },
                  {
                    "path": "/orderByPath2",
                    "order": "descending"
                  }
                ],
                [
                  {
                    "path": "/orderByPath3",
                    "order": "ascending"
                  },
                  {
                    "path": "/orderByPath4",
                    "order": "descending"
                  }
                ]
              ]
            },
            "partitionKey": {
              "paths": [
                "/address"
              ],
              "kind": "Hash"
            },
            "defaultTtl": -1,
            "uniqueKeyPolicy": {
              "uniqueKeys": [
                {
                  "paths": [
                    "/testpath"
                  ]
                }
              ]
            },
            "conflictResolutionPolicy": {
              "mode": "LastWriterWins",
              "conflictResolutionPath": "/path",
              "conflictResolutionProcedure": ""
            },
            "backupPolicy": {
              "type": 1
            },
            "geospatialConfig": {
              "type": "Geography"
            },
            "_rid": "5n80AJP5X84=",
            "_ts": 1681268161,
            "_self": "dbs/5n80AA==/colls/5n80AJP5X84=/",
            "_etag": "\u00220000c912-0000-0700-0000-64361dc10000\u0022",
            "_docs": "docs/",
            "_sprocs": "sprocs/",
            "_triggers": "triggers/",
            "_udfs": "udfs/",
            "_conflicts": "conflicts/",
            "statistics": [
              {
                "id": "0",
                "sizeInKB": 0,
                "documentCount": 0,
                "sampledDistinctPartitionKeyCount": 0,
                "partitionKeys": []
              }
            ]
          }
        }
      }
    },
    {
      "RequestUri": "https://management.azure.com/subscriptions/23587e98-b6ac-4328-a753-03bcd3c8e744/resourceGroups/dbaccount-4633/providers/Microsoft.DocumentDB/databaseAccounts/dbaccount-8761/gremlinDatabases/gremlin-db-1421/graphs/gremlin-graph-3159/throughputSettings/default?api-version=2022-11-15-preview",
      "RequestMethod": "GET",
      "RequestHeaders": {
        "Accept": "application/json",
        "Authorization": "Sanitized",
        "traceparent": "00-d83c31b955b28767bb4b1d46a1df934c-4db51941460b10dd-00",
        "User-Agent": "azsdk-net-ResourceManager.CosmosDB/1.3.0-alpha.20230410.1 (.NET 7.0.4; Microsoft Windows 10.0.22621)",
        "x-ms-client-request-id": "ce10c546e36fde8bc8840a39a2fb945f",
        "x-ms-return-client-request-id": "true"
      },
      "RequestBody": null,
      "StatusCode": 200,
      "ResponseHeaders": {
        "Cache-Control": "no-store, no-cache",
        "Content-Length": "414",
        "Content-Type": "application/json",
        "Date": "Wed, 12 Apr 2023 02:56:12 GMT",
        "Pragma": "no-cache",
        "Server": "Microsoft-HTTPAPI/2.0",
        "Strict-Transport-Security": "max-age=31536000; includeSubDomains",
        "X-Content-Type-Options": "nosniff",
        "x-ms-correlation-request-id": "b2882579-92ed-4c42-a767-81aaaf4440d6",
        "x-ms-gatewayversion": "version=2.14.0",
        "x-ms-ratelimit-remaining-subscription-reads": "11511",
        "x-ms-request-id": "b2882579-92ed-4c42-a767-81aaaf4440d6",
        "x-ms-routing-request-id": "WESTUS:20230412T025613Z:b2882579-92ed-4c42-a767-81aaaf4440d6"
      },
      "ResponseBody": {
        "id": "/subscriptions/23587e98-b6ac-4328-a753-03bcd3c8e744/resourceGroups/dbaccount-4633/providers/Microsoft.DocumentDB/databaseAccounts/dbaccount-8761/gremlinDatabases/gremlin-db-1421/graphs/gremlin-graph-3159/throughputSettings/default",
        "type": "Microsoft.DocumentDB/databaseAccounts/gremlinDatabases/graphs/throughputSettings",
        "name": "NsY3",
        "properties": {
          "resource": {
            "throughput": 700,
            "minimumThroughput": "400"
          }
        }
      }
    },
    {
      "RequestUri": "https://management.azure.com/subscriptions/23587e98-b6ac-4328-a753-03bcd3c8e744/resourceGroups/dbaccount-4633/providers/Microsoft.DocumentDB/databaseAccounts/dbaccount-8761/gremlinDatabases/gremlin-db-1421/graphs/gremlin-graph-3159/throughputSettings/default?api-version=2022-11-15-preview",
      "RequestMethod": "PUT",
      "RequestHeaders": {
        "Accept": "application/json",
        "Authorization": "Sanitized",
        "Content-Length": "77",
        "Content-Type": "application/json",
        "traceparent": "00-9272ee65e7850c40b5a91812e058d2b2-2cf9396ab3f78dae-00",
        "User-Agent": "azsdk-net-ResourceManager.CosmosDB/1.3.0-alpha.20230410.1 (.NET 7.0.4; Microsoft Windows 10.0.22621)",
        "x-ms-client-request-id": "e7590f7ae186ca473610c6a968fd86bb",
        "x-ms-return-client-request-id": "true"
      },
      "RequestBody": {
        "tags": {},
        "location": "westus",
        "properties": {
          "resource": {
            "throughput": 1000
          }
        }
      },
      "StatusCode": 202,
      "ResponseHeaders": {
        "Azure-AsyncOperation": "https://management.azure.com/subscriptions/23587e98-b6ac-4328-a753-03bcd3c8e744/providers/Microsoft.DocumentDB/locations/westus2/operationsStatus/5e0f871b-d9c1-4454-9b34-c7c71a5c4010?api-version=2022-11-15-preview",
        "Cache-Control": "no-store, no-cache",
        "Content-Length": "21",
        "Content-Type": "application/json",
        "Date": "Wed, 12 Apr 2023 02:56:13 GMT",
        "Location": "https://management.azure.com/subscriptions/23587e98-b6ac-4328-a753-03bcd3c8e744/resourceGroups/dbaccount-4633/providers/Microsoft.DocumentDB/databaseAccounts/dbaccount-8761/gremlinDatabases/gremlin-db-1421/graphs/gremlin-graph-3159/throughputSettings/default/operationResults/5e0f871b-d9c1-4454-9b34-c7c71a5c4010?api-version=2022-11-15-preview",
        "Pragma": "no-cache",
        "Server": "Microsoft-HTTPAPI/2.0",
        "Strict-Transport-Security": "max-age=31536000; includeSubDomains",
        "X-Content-Type-Options": "nosniff",
        "x-ms-correlation-request-id": "ca3a60d8-2b98-454d-a72e-63d25c4de945",
        "x-ms-gatewayversion": "version=2.14.0",
        "x-ms-ratelimit-remaining-subscription-writes": "1169",
        "x-ms-request-id": "5e0f871b-d9c1-4454-9b34-c7c71a5c4010",
        "x-ms-routing-request-id": "WESTUS:20230412T025614Z:ca3a60d8-2b98-454d-a72e-63d25c4de945"
      },
      "ResponseBody": {
        "status": "Enqueued"
      }
    },
    {
      "RequestUri": "https://management.azure.com/subscriptions/23587e98-b6ac-4328-a753-03bcd3c8e744/providers/Microsoft.DocumentDB/locations/westus2/operationsStatus/5e0f871b-d9c1-4454-9b34-c7c71a5c4010?api-version=2022-11-15-preview",
      "RequestMethod": "GET",
      "RequestHeaders": {
        "Authorization": "Sanitized",
        "traceparent": "00-9272ee65e7850c40b5a91812e058d2b2-89d02ffdd1e51d5c-00",
        "User-Agent": "azsdk-net-ResourceManager/1.4.0 (.NET 7.0.4; Microsoft Windows 10.0.22621)",
        "x-ms-client-request-id": "b3d303b55c9465db7d46975e1ce175ca",
        "x-ms-return-client-request-id": "true"
      },
      "RequestBody": null,
      "StatusCode": 200,
      "ResponseHeaders": {
        "Cache-Control": "no-store, no-cache",
        "Content-Length": "21",
        "Content-Type": "application/json",
        "Date": "Wed, 12 Apr 2023 02:56:13 GMT",
        "Pragma": "no-cache",
        "Server": "Microsoft-HTTPAPI/2.0",
        "Strict-Transport-Security": "max-age=31536000; includeSubDomains",
        "X-Content-Type-Options": "nosniff",
        "x-ms-correlation-request-id": "d6225700-0ae6-4f14-a3dc-8c2e9efd54f2",
        "x-ms-gatewayversion": "version=2.14.0",
        "x-ms-ratelimit-remaining-subscription-reads": "11510",
        "x-ms-request-id": "d6225700-0ae6-4f14-a3dc-8c2e9efd54f2",
        "x-ms-routing-request-id": "WESTUS:20230412T025614Z:d6225700-0ae6-4f14-a3dc-8c2e9efd54f2"
      },
      "ResponseBody": {
        "status": "Enqueued"
      }
    },
    {
      "RequestUri": "https://management.azure.com/subscriptions/23587e98-b6ac-4328-a753-03bcd3c8e744/providers/Microsoft.DocumentDB/locations/westus2/operationsStatus/5e0f871b-d9c1-4454-9b34-c7c71a5c4010?api-version=2022-11-15-preview",
      "RequestMethod": "GET",
      "RequestHeaders": {
        "Authorization": "Sanitized",
        "traceparent": "00-9272ee65e7850c40b5a91812e058d2b2-d354ce974559eab3-00",
        "User-Agent": "azsdk-net-ResourceManager/1.4.0 (.NET 7.0.4; Microsoft Windows 10.0.22621)",
        "x-ms-client-request-id": "56b04ffda1cd55af2fa44c21aefafcd0",
        "x-ms-return-client-request-id": "true"
      },
      "RequestBody": null,
      "StatusCode": 200,
      "ResponseHeaders": {
        "Cache-Control": "no-store, no-cache",
        "Content-Length": "21",
        "Content-Type": "application/json",
        "Date": "Wed, 12 Apr 2023 02:56:14 GMT",
        "Pragma": "no-cache",
        "Server": "Microsoft-HTTPAPI/2.0",
        "Strict-Transport-Security": "max-age=31536000; includeSubDomains",
        "X-Content-Type-Options": "nosniff",
        "x-ms-correlation-request-id": "d9e00ce7-1be7-4fb2-9f0e-403a0f27a841",
        "x-ms-gatewayversion": "version=2.14.0",
        "x-ms-ratelimit-remaining-subscription-reads": "11509",
        "x-ms-request-id": "d9e00ce7-1be7-4fb2-9f0e-403a0f27a841",
        "x-ms-routing-request-id": "WESTUS:20230412T025615Z:d9e00ce7-1be7-4fb2-9f0e-403a0f27a841"
      },
      "ResponseBody": {
        "status": "Enqueued"
      }
    },
    {
      "RequestUri": "https://management.azure.com/subscriptions/23587e98-b6ac-4328-a753-03bcd3c8e744/providers/Microsoft.DocumentDB/locations/westus2/operationsStatus/5e0f871b-d9c1-4454-9b34-c7c71a5c4010?api-version=2022-11-15-preview",
      "RequestMethod": "GET",
      "RequestHeaders": {
        "Authorization": "Sanitized",
        "traceparent": "00-9272ee65e7850c40b5a91812e058d2b2-e51dc66769f15fcf-00",
        "User-Agent": "azsdk-net-ResourceManager/1.4.0 (.NET 7.0.4; Microsoft Windows 10.0.22621)",
        "x-ms-client-request-id": "65f47e1dd2292b2770c874698d8098b9",
        "x-ms-return-client-request-id": "true"
      },
      "RequestBody": null,
      "StatusCode": 200,
      "ResponseHeaders": {
        "Cache-Control": "no-store, no-cache",
        "Content-Length": "21",
        "Content-Type": "application/json",
        "Date": "Wed, 12 Apr 2023 02:56:15 GMT",
        "Pragma": "no-cache",
        "Server": "Microsoft-HTTPAPI/2.0",
        "Strict-Transport-Security": "max-age=31536000; includeSubDomains",
        "X-Content-Type-Options": "nosniff",
        "x-ms-correlation-request-id": "983d9955-605c-4997-b57d-2d661f5c0ddf",
        "x-ms-gatewayversion": "version=2.14.0",
        "x-ms-ratelimit-remaining-subscription-reads": "11508",
        "x-ms-request-id": "983d9955-605c-4997-b57d-2d661f5c0ddf",
        "x-ms-routing-request-id": "WESTUS:20230412T025616Z:983d9955-605c-4997-b57d-2d661f5c0ddf"
      },
      "ResponseBody": {
        "status": "Enqueued"
      }
    },
    {
      "RequestUri": "https://management.azure.com/subscriptions/23587e98-b6ac-4328-a753-03bcd3c8e744/providers/Microsoft.DocumentDB/locations/westus2/operationsStatus/5e0f871b-d9c1-4454-9b34-c7c71a5c4010?api-version=2022-11-15-preview",
      "RequestMethod": "GET",
      "RequestHeaders": {
        "Authorization": "Sanitized",
        "traceparent": "00-9272ee65e7850c40b5a91812e058d2b2-07c1788041820207-00",
        "User-Agent": "azsdk-net-ResourceManager/1.4.0 (.NET 7.0.4; Microsoft Windows 10.0.22621)",
        "x-ms-client-request-id": "7f4f67ee9cb51479537e83f010b9b683",
        "x-ms-return-client-request-id": "true"
      },
      "RequestBody": null,
      "StatusCode": 200,
      "ResponseHeaders": {
        "Cache-Control": "no-store, no-cache",
        "Content-Length": "21",
        "Content-Type": "application/json",
        "Date": "Wed, 12 Apr 2023 02:56:16 GMT",
        "Pragma": "no-cache",
        "Server": "Microsoft-HTTPAPI/2.0",
        "Strict-Transport-Security": "max-age=31536000; includeSubDomains",
        "X-Content-Type-Options": "nosniff",
        "x-ms-correlation-request-id": "affdbe3c-7177-4c8e-9a8a-de77859d8d53",
        "x-ms-gatewayversion": "version=2.14.0",
        "x-ms-ratelimit-remaining-subscription-reads": "11507",
        "x-ms-request-id": "affdbe3c-7177-4c8e-9a8a-de77859d8d53",
        "x-ms-routing-request-id": "WESTUS:20230412T025617Z:affdbe3c-7177-4c8e-9a8a-de77859d8d53"
      },
      "ResponseBody": {
        "status": "Enqueued"
      }
    },
    {
      "RequestUri": "https://management.azure.com/subscriptions/23587e98-b6ac-4328-a753-03bcd3c8e744/providers/Microsoft.DocumentDB/locations/westus2/operationsStatus/5e0f871b-d9c1-4454-9b34-c7c71a5c4010?api-version=2022-11-15-preview",
      "RequestMethod": "GET",
      "RequestHeaders": {
        "Authorization": "Sanitized",
        "traceparent": "00-9272ee65e7850c40b5a91812e058d2b2-6182940c99bb769e-00",
        "User-Agent": "azsdk-net-ResourceManager/1.4.0 (.NET 7.0.4; Microsoft Windows 10.0.22621)",
        "x-ms-client-request-id": "9e41c6490fed2aa12884e6052d46c7af",
        "x-ms-return-client-request-id": "true"
      },
      "RequestBody": null,
      "StatusCode": 200,
      "ResponseHeaders": {
        "Cache-Control": "no-store, no-cache",
        "Content-Length": "21",
        "Content-Type": "application/json",
        "Date": "Wed, 12 Apr 2023 02:56:18 GMT",
        "Pragma": "no-cache",
        "Server": "Microsoft-HTTPAPI/2.0",
        "Strict-Transport-Security": "max-age=31536000; includeSubDomains",
        "X-Content-Type-Options": "nosniff",
        "x-ms-correlation-request-id": "3b53f585-de06-45c5-9e33-d03963668bce",
        "x-ms-gatewayversion": "version=2.14.0",
        "x-ms-ratelimit-remaining-subscription-reads": "11506",
        "x-ms-request-id": "3b53f585-de06-45c5-9e33-d03963668bce",
        "x-ms-routing-request-id": "WESTUS:20230412T025619Z:3b53f585-de06-45c5-9e33-d03963668bce"
      },
      "ResponseBody": {
        "status": "Dequeued"
      }
    },
    {
      "RequestUri": "https://management.azure.com/subscriptions/23587e98-b6ac-4328-a753-03bcd3c8e744/providers/Microsoft.DocumentDB/locations/westus2/operationsStatus/5e0f871b-d9c1-4454-9b34-c7c71a5c4010?api-version=2022-11-15-preview",
      "RequestMethod": "GET",
      "RequestHeaders": {
        "Authorization": "Sanitized",
        "traceparent": "00-9272ee65e7850c40b5a91812e058d2b2-b3f3119d4999241e-00",
        "User-Agent": "azsdk-net-ResourceManager/1.4.0 (.NET 7.0.4; Microsoft Windows 10.0.22621)",
        "x-ms-client-request-id": "4632920b7daa811b05df12ab4e361bb7",
        "x-ms-return-client-request-id": "true"
      },
      "RequestBody": null,
      "StatusCode": 200,
      "ResponseHeaders": {
        "Cache-Control": "no-store, no-cache",
        "Content-Length": "22",
        "Content-Type": "application/json",
        "Date": "Wed, 12 Apr 2023 02:56:22 GMT",
        "Pragma": "no-cache",
        "Server": "Microsoft-HTTPAPI/2.0",
        "Strict-Transport-Security": "max-age=31536000; includeSubDomains",
        "X-Content-Type-Options": "nosniff",
        "x-ms-correlation-request-id": "deac9246-068f-4064-a8a7-117351cc8e43",
        "x-ms-gatewayversion": "version=2.14.0",
        "x-ms-ratelimit-remaining-subscription-reads": "11505",
        "x-ms-request-id": "deac9246-068f-4064-a8a7-117351cc8e43",
        "x-ms-routing-request-id": "WESTUS:20230412T025623Z:deac9246-068f-4064-a8a7-117351cc8e43"
      },
      "ResponseBody": {
        "status": "Succeeded"
      }
    },
    {
      "RequestUri": "https://management.azure.com/subscriptions/23587e98-b6ac-4328-a753-03bcd3c8e744/resourceGroups/dbaccount-4633/providers/Microsoft.DocumentDB/databaseAccounts/dbaccount-8761/gremlinDatabases/gremlin-db-1421/graphs/gremlin-graph-3159/throughputSettings/default?api-version=2022-11-15-preview",
      "RequestMethod": "GET",
      "RequestHeaders": {
        "Authorization": "Sanitized",
        "traceparent": "00-9272ee65e7850c40b5a91812e058d2b2-b03e016bebc38bb2-00",
        "User-Agent": "azsdk-net-ResourceManager/1.4.0 (.NET 7.0.4; Microsoft Windows 10.0.22621)",
        "x-ms-client-request-id": "c61ff111fa3edfccc6245730b573e60c",
        "x-ms-return-client-request-id": "true"
      },
      "RequestBody": null,
      "StatusCode": 200,
      "ResponseHeaders": {
        "Cache-Control": "no-store, no-cache",
        "Content-Length": "415",
        "Content-Type": "application/json",
        "Date": "Wed, 12 Apr 2023 02:56:23 GMT",
        "Pragma": "no-cache",
        "Server": "Microsoft-HTTPAPI/2.0",
        "Strict-Transport-Security": "max-age=31536000; includeSubDomains",
        "X-Content-Type-Options": "nosniff",
        "x-ms-correlation-request-id": "8c58be39-d44e-4af8-ab64-905b2de87f58",
        "x-ms-gatewayversion": "version=2.14.0",
        "x-ms-ratelimit-remaining-subscription-reads": "11504",
        "x-ms-request-id": "8c58be39-d44e-4af8-ab64-905b2de87f58",
        "x-ms-routing-request-id": "WESTUS:20230412T025623Z:8c58be39-d44e-4af8-ab64-905b2de87f58"
      },
      "ResponseBody": {
        "id": "/subscriptions/23587e98-b6ac-4328-a753-03bcd3c8e744/resourceGroups/dbaccount-4633/providers/Microsoft.DocumentDB/databaseAccounts/dbaccount-8761/gremlinDatabases/gremlin-db-1421/graphs/gremlin-graph-3159/throughputSettings/default",
        "type": "Microsoft.DocumentDB/databaseAccounts/gremlinDatabases/graphs/throughputSettings",
        "name": "NsY3",
        "properties": {
          "resource": {
            "throughput": 1000,
            "minimumThroughput": "400"
          }
        }
      }
    },
    {
      "RequestUri": "https://management.azure.com/subscriptions/23587e98-b6ac-4328-a753-03bcd3c8e744/resourceGroups/dbaccount-4633/providers/Microsoft.DocumentDB/databaseAccounts/dbaccount-8761/gremlinDatabases/gremlin-db-1421/graphs/gremlin-graph-3159?api-version=2022-11-15-preview",
      "RequestMethod": "GET",
      "RequestHeaders": {
        "Accept": "application/json",
        "Authorization": "Sanitized",
        "traceparent": "00-edd0eb929e84b859a507edc00d4283ac-ce7d2bccf9d5abb8-00",
        "User-Agent": "azsdk-net-ResourceManager.CosmosDB/1.3.0-alpha.20230410.1 (.NET 7.0.4; Microsoft Windows 10.0.22621)",
        "x-ms-client-request-id": "7de4d4b66f86ccd8abc0980dfdf5dbf1",
        "x-ms-return-client-request-id": "true"
      },
      "RequestBody": null,
      "StatusCode": 200,
      "ResponseHeaders": {
        "Cache-Control": "no-store, no-cache",
        "Content-Length": "1488",
        "Content-Type": "application/json",
        "Date": "Wed, 12 Apr 2023 02:56:23 GMT",
        "Pragma": "no-cache",
        "Server": "Microsoft-HTTPAPI/2.0",
        "Strict-Transport-Security": "max-age=31536000; includeSubDomains",
        "X-Content-Type-Options": "nosniff",
        "x-ms-correlation-request-id": "8987727a-e2b6-480c-948e-9ca588914de6",
        "x-ms-gatewayversion": "version=2.14.0",
        "x-ms-ratelimit-remaining-subscription-reads": "11503",
        "x-ms-request-id": "8987727a-e2b6-480c-948e-9ca588914de6",
        "x-ms-routing-request-id": "WESTUS:20230412T025624Z:8987727a-e2b6-480c-948e-9ca588914de6"
      },
      "ResponseBody": {
        "id": "/subscriptions/23587e98-b6ac-4328-a753-03bcd3c8e744/resourceGroups/dbaccount-4633/providers/Microsoft.DocumentDB/databaseAccounts/dbaccount-8761/gremlinDatabases/gremlin-db-1421/graphs/gremlin-graph-3159",
        "type": "Microsoft.DocumentDB/databaseAccounts/gremlinDatabases/graphs",
        "name": "gremlin-graph-3159",
        "properties": {
          "resource": {
            "id": "gremlin-graph-3159",
            "indexingPolicy": {
              "indexingMode": "consistent",
              "automatic": true,
              "includedPaths": [
                {
                  "path": "/*"
                }
              ],
              "excludedPaths": [
                {
                  "path": "/pathToNotIndex/*"
                },
                {
                  "path": "/\u0022_etag\u0022/?"
                }
              ],
              "spatialIndexes": [
                {
                  "path": "/*",
                  "types": [
                    "Point",
                    "LineString",
                    "Polygon",
                    "MultiPolygon"
                  ]
                }
              ],
              "compositeIndexes": [
                [
                  {
                    "path": "/orderByPath1",
                    "order": "ascending"
                  },
                  {
                    "path": "/orderByPath2",
                    "order": "descending"
                  }
                ],
                [
                  {
                    "path": "/orderByPath3",
                    "order": "ascending"
                  },
                  {
                    "path": "/orderByPath4",
                    "order": "descending"
                  }
                ]
              ]
            },
            "partitionKey": {
              "paths": [
                "/address"
              ],
              "kind": "Hash"
            },
            "defaultTtl": -1,
            "uniqueKeyPolicy": {
              "uniqueKeys": [
                {
                  "paths": [
                    "/testpath"
                  ]
                }
              ]
            },
            "conflictResolutionPolicy": {
              "mode": "LastWriterWins",
              "conflictResolutionPath": "/path",
              "conflictResolutionProcedure": ""
            },
            "backupPolicy": {
              "type": 1
            },
            "geospatialConfig": {
              "type": "Geography"
            },
            "_rid": "5n80AJP5X84=",
            "_ts": 1681268161,
            "_self": "dbs/5n80AA==/colls/5n80AJP5X84=/",
            "_etag": "\u00220000c912-0000-0700-0000-64361dc10000\u0022",
            "_docs": "docs/",
            "_sprocs": "sprocs/",
            "_triggers": "triggers/",
            "_udfs": "udfs/",
            "_conflicts": "conflicts/",
            "statistics": [
              {
                "id": "0",
                "sizeInKB": 0,
                "documentCount": 0,
                "sampledDistinctPartitionKeyCount": 0,
                "partitionKeys": []
              }
            ]
          }
        }
      }
    },
    {
      "RequestUri": "https://management.azure.com/subscriptions/23587e98-b6ac-4328-a753-03bcd3c8e744/resourceGroups/dbaccount-4633/providers/Microsoft.DocumentDB/databaseAccounts/dbaccount-8761/gremlinDatabases/gremlin-db-1421/graphs/gremlin-graph-3159?api-version=2022-11-15-preview",
      "RequestMethod": "DELETE",
      "RequestHeaders": {
        "Authorization": "Sanitized",
        "traceparent": "00-5d3c1557381405208dd0537c6e2a0fb0-d6f635c2187b2bd7-00",
        "User-Agent": "azsdk-net-ResourceManager.CosmosDB/1.3.0-alpha.20230410.1 (.NET 7.0.4; Microsoft Windows 10.0.22621)",
        "x-ms-client-request-id": "3cf42f6901271171c653808526ebcb92",
        "x-ms-return-client-request-id": "true"
      },
      "RequestBody": null,
      "StatusCode": 202,
      "ResponseHeaders": {
        "Azure-AsyncOperation": "https://management.azure.com/subscriptions/23587e98-b6ac-4328-a753-03bcd3c8e744/providers/Microsoft.DocumentDB/locations/westus2/operationsStatus/9358e911-3de9-4f7a-b54f-50422a0a94f1?api-version=2022-11-15-preview",
        "Cache-Control": "no-store, no-cache",
        "Content-Length": "21",
        "Content-Type": "application/json",
        "Date": "Wed, 12 Apr 2023 02:56:23 GMT",
        "Location": "https://management.azure.com/subscriptions/23587e98-b6ac-4328-a753-03bcd3c8e744/resourceGroups/dbaccount-4633/providers/Microsoft.DocumentDB/databaseAccounts/dbaccount-8761/gremlinDatabases/gremlin-db-1421/graphs/gremlin-graph-3159/operationResults/9358e911-3de9-4f7a-b54f-50422a0a94f1?api-version=2022-11-15-preview",
        "Pragma": "no-cache",
        "Server": "Microsoft-HTTPAPI/2.0",
        "Strict-Transport-Security": "max-age=31536000; includeSubDomains",
        "X-Content-Type-Options": "nosniff",
        "x-ms-correlation-request-id": "7c415c9f-3e07-4589-b74c-1a72d6bc447d",
        "x-ms-gatewayversion": "version=2.14.0",
        "x-ms-ratelimit-remaining-subscription-deletes": "14981",
        "x-ms-request-id": "9358e911-3de9-4f7a-b54f-50422a0a94f1",
        "x-ms-routing-request-id": "WESTUS:20230412T025624Z:7c415c9f-3e07-4589-b74c-1a72d6bc447d"
      },
      "ResponseBody": {
        "status": "Enqueued"
      }
    },
    {
      "RequestUri": "https://management.azure.com/subscriptions/23587e98-b6ac-4328-a753-03bcd3c8e744/providers/Microsoft.DocumentDB/locations/westus2/operationsStatus/9358e911-3de9-4f7a-b54f-50422a0a94f1?api-version=2022-11-15-preview",
      "RequestMethod": "GET",
      "RequestHeaders": {
        "Authorization": "Sanitized",
        "traceparent": "00-5d3c1557381405208dd0537c6e2a0fb0-bfac8bc7a98be1db-00",
        "User-Agent": "azsdk-net-ResourceManager/1.4.0 (.NET 7.0.4; Microsoft Windows 10.0.22621)",
        "x-ms-client-request-id": "86c66549aa7fb5e562d3b732ef52a6bf",
        "x-ms-return-client-request-id": "true"
      },
      "RequestBody": null,
      "StatusCode": 200,
      "ResponseHeaders": {
        "Cache-Control": "no-store, no-cache",
        "Content-Length": "21",
        "Content-Type": "application/json",
        "Date": "Wed, 12 Apr 2023 02:56:23 GMT",
        "Pragma": "no-cache",
        "Server": "Microsoft-HTTPAPI/2.0",
        "Strict-Transport-Security": "max-age=31536000; includeSubDomains",
        "X-Content-Type-Options": "nosniff",
        "x-ms-correlation-request-id": "6f9694ef-e9fa-4e22-a212-3cddb28044b0",
        "x-ms-gatewayversion": "version=2.14.0",
        "x-ms-ratelimit-remaining-subscription-reads": "11502",
        "x-ms-request-id": "6f9694ef-e9fa-4e22-a212-3cddb28044b0",
        "x-ms-routing-request-id": "WESTUS:20230412T025624Z:6f9694ef-e9fa-4e22-a212-3cddb28044b0"
      },
      "ResponseBody": {
        "status": "Enqueued"
      }
    },
    {
      "RequestUri": "https://management.azure.com/subscriptions/23587e98-b6ac-4328-a753-03bcd3c8e744/providers/Microsoft.DocumentDB/locations/westus2/operationsStatus/9358e911-3de9-4f7a-b54f-50422a0a94f1?api-version=2022-11-15-preview",
      "RequestMethod": "GET",
      "RequestHeaders": {
        "Authorization": "Sanitized",
        "traceparent": "00-5d3c1557381405208dd0537c6e2a0fb0-576494122e826a62-00",
        "User-Agent": "azsdk-net-ResourceManager/1.4.0 (.NET 7.0.4; Microsoft Windows 10.0.22621)",
        "x-ms-client-request-id": "f71406f46000cc9ffe5123d4e6f2af07",
        "x-ms-return-client-request-id": "true"
      },
      "RequestBody": null,
      "StatusCode": 200,
      "ResponseHeaders": {
        "Cache-Control": "no-store, no-cache",
        "Content-Length": "21",
        "Content-Type": "application/json",
        "Date": "Wed, 12 Apr 2023 02:56:24 GMT",
        "Pragma": "no-cache",
        "Server": "Microsoft-HTTPAPI/2.0",
        "Strict-Transport-Security": "max-age=31536000; includeSubDomains",
        "X-Content-Type-Options": "nosniff",
        "x-ms-correlation-request-id": "17b97a70-194c-41b8-a552-17642da3c4d3",
        "x-ms-gatewayversion": "version=2.14.0",
        "x-ms-ratelimit-remaining-subscription-reads": "11501",
        "x-ms-request-id": "17b97a70-194c-41b8-a552-17642da3c4d3",
        "x-ms-routing-request-id": "WESTUS:20230412T025625Z:17b97a70-194c-41b8-a552-17642da3c4d3"
      },
      "ResponseBody": {
        "status": "Enqueued"
      }
    },
    {
      "RequestUri": "https://management.azure.com/subscriptions/23587e98-b6ac-4328-a753-03bcd3c8e744/providers/Microsoft.DocumentDB/locations/westus2/operationsStatus/9358e911-3de9-4f7a-b54f-50422a0a94f1?api-version=2022-11-15-preview",
      "RequestMethod": "GET",
      "RequestHeaders": {
        "Authorization": "Sanitized",
        "traceparent": "00-5d3c1557381405208dd0537c6e2a0fb0-24c27ad5493fb3a9-00",
        "User-Agent": "azsdk-net-ResourceManager/1.4.0 (.NET 7.0.4; Microsoft Windows 10.0.22621)",
        "x-ms-client-request-id": "c03caf7245244e122040187ee5fdb3c5",
        "x-ms-return-client-request-id": "true"
      },
      "RequestBody": null,
      "StatusCode": 200,
      "ResponseHeaders": {
        "Cache-Control": "no-store, no-cache",
        "Content-Length": "21",
        "Content-Type": "application/json",
        "Date": "Wed, 12 Apr 2023 02:56:25 GMT",
        "Pragma": "no-cache",
        "Server": "Microsoft-HTTPAPI/2.0",
        "Strict-Transport-Security": "max-age=31536000; includeSubDomains",
        "X-Content-Type-Options": "nosniff",
        "x-ms-correlation-request-id": "fdd36f72-4594-4e5c-8fb8-272403a44475",
        "x-ms-gatewayversion": "version=2.14.0",
        "x-ms-ratelimit-remaining-subscription-reads": "11500",
        "x-ms-request-id": "fdd36f72-4594-4e5c-8fb8-272403a44475",
        "x-ms-routing-request-id": "WESTUS:20230412T025626Z:fdd36f72-4594-4e5c-8fb8-272403a44475"
      },
      "ResponseBody": {
        "status": "Enqueued"
      }
    },
    {
      "RequestUri": "https://management.azure.com/subscriptions/23587e98-b6ac-4328-a753-03bcd3c8e744/providers/Microsoft.DocumentDB/locations/westus2/operationsStatus/9358e911-3de9-4f7a-b54f-50422a0a94f1?api-version=2022-11-15-preview",
      "RequestMethod": "GET",
      "RequestHeaders": {
        "Authorization": "Sanitized",
        "traceparent": "00-5d3c1557381405208dd0537c6e2a0fb0-0aae96096598ab12-00",
        "User-Agent": "azsdk-net-ResourceManager/1.4.0 (.NET 7.0.4; Microsoft Windows 10.0.22621)",
        "x-ms-client-request-id": "5b895babeaaae8cfc6fa872d8710ce70",
        "x-ms-return-client-request-id": "true"
      },
      "RequestBody": null,
      "StatusCode": 200,
      "ResponseHeaders": {
        "Cache-Control": "no-store, no-cache",
        "Content-Length": "21",
        "Content-Type": "application/json",
        "Date": "Wed, 12 Apr 2023 02:56:26 GMT",
        "Pragma": "no-cache",
        "Server": "Microsoft-HTTPAPI/2.0",
        "Strict-Transport-Security": "max-age=31536000; includeSubDomains",
        "X-Content-Type-Options": "nosniff",
        "x-ms-correlation-request-id": "787d3c2a-c3cf-4568-8dad-e38f0e49cc75",
        "x-ms-gatewayversion": "version=2.14.0",
        "x-ms-ratelimit-remaining-subscription-reads": "11499",
        "x-ms-request-id": "787d3c2a-c3cf-4568-8dad-e38f0e49cc75",
        "x-ms-routing-request-id": "WESTUS:20230412T025627Z:787d3c2a-c3cf-4568-8dad-e38f0e49cc75"
      },
      "ResponseBody": {
        "status": "Enqueued"
      }
    },
    {
      "RequestUri": "https://management.azure.com/subscriptions/23587e98-b6ac-4328-a753-03bcd3c8e744/providers/Microsoft.DocumentDB/locations/westus2/operationsStatus/9358e911-3de9-4f7a-b54f-50422a0a94f1?api-version=2022-11-15-preview",
      "RequestMethod": "GET",
      "RequestHeaders": {
        "Authorization": "Sanitized",
        "traceparent": "00-5d3c1557381405208dd0537c6e2a0fb0-73aad60a51e4c058-00",
        "User-Agent": "azsdk-net-ResourceManager/1.4.0 (.NET 7.0.4; Microsoft Windows 10.0.22621)",
        "x-ms-client-request-id": "3fc0af23e615af9bf3c6d6c04820e601",
        "x-ms-return-client-request-id": "true"
      },
      "RequestBody": null,
      "StatusCode": 200,
      "ResponseHeaders": {
        "Cache-Control": "no-store, no-cache",
        "Content-Length": "21",
        "Content-Type": "application/json",
        "Date": "Wed, 12 Apr 2023 02:56:29 GMT",
        "Pragma": "no-cache",
        "Server": "Microsoft-HTTPAPI/2.0",
        "Strict-Transport-Security": "max-age=31536000; includeSubDomains",
        "X-Content-Type-Options": "nosniff",
        "x-ms-correlation-request-id": "c0d4d459-dbc1-4619-9d04-933aa8460667",
        "x-ms-gatewayversion": "version=2.14.0",
        "x-ms-ratelimit-remaining-subscription-reads": "11498",
        "x-ms-request-id": "c0d4d459-dbc1-4619-9d04-933aa8460667",
        "x-ms-routing-request-id": "WESTUS:20230412T025629Z:c0d4d459-dbc1-4619-9d04-933aa8460667"
      },
      "ResponseBody": {
        "status": "Dequeued"
      }
    },
    {
      "RequestUri": "https://management.azure.com/subscriptions/23587e98-b6ac-4328-a753-03bcd3c8e744/providers/Microsoft.DocumentDB/locations/westus2/operationsStatus/9358e911-3de9-4f7a-b54f-50422a0a94f1?api-version=2022-11-15-preview",
      "RequestMethod": "GET",
      "RequestHeaders": {
        "Authorization": "Sanitized",
        "traceparent": "00-5d3c1557381405208dd0537c6e2a0fb0-9e8020c73fa04c48-00",
        "User-Agent": "azsdk-net-ResourceManager/1.4.0 (.NET 7.0.4; Microsoft Windows 10.0.22621)",
        "x-ms-client-request-id": "8a285d9e5469885ddf54fa2abde5c70f",
        "x-ms-return-client-request-id": "true"
      },
      "RequestBody": null,
      "StatusCode": 200,
      "ResponseHeaders": {
        "Cache-Control": "no-store, no-cache",
        "Content-Length": "22",
        "Content-Type": "application/json",
        "Date": "Wed, 12 Apr 2023 02:56:33 GMT",
        "Pragma": "no-cache",
        "Server": "Microsoft-HTTPAPI/2.0",
        "Strict-Transport-Security": "max-age=31536000; includeSubDomains",
        "X-Content-Type-Options": "nosniff",
        "x-ms-correlation-request-id": "2d20cb16-8c04-4954-92e0-968d0cc7c95c",
        "x-ms-gatewayversion": "version=2.14.0",
        "x-ms-ratelimit-remaining-subscription-reads": "11497",
        "x-ms-request-id": "2d20cb16-8c04-4954-92e0-968d0cc7c95c",
        "x-ms-routing-request-id": "WESTUS:20230412T025633Z:2d20cb16-8c04-4954-92e0-968d0cc7c95c"
      },
      "ResponseBody": {
        "status": "Succeeded"
      }
    }
  ],
  "Variables": {
    "AZURE_AUTHORITY_HOST": "https://login.microsoftonline.com/",
    "RandomSeed": "1384205185",
    "RESOURCE_MANAGER_URL": "https://management.azure.com/",
    "SUBSCRIPTION_ID": "23587e98-b6ac-4328-a753-03bcd3c8e744"
  }
}
