{
  "Entries": [
    {
      "RequestUri": "/subscriptions/90c9cfa9-ec88-4677-a8ce-5c74405ef60a/providers/Microsoft.SignalRService?api-version=2015-11-01",
      "EncodedRequestUri": "L3N1YnNjcmlwdGlvbnMvOTBjOWNmYTktZWM4OC00Njc3LWE4Y2UtNWM3NDQwNWVmNjBhL3Byb3ZpZGVycy9NaWNyb3NvZnQuU2lnbmFsUlNlcnZpY2U/YXBpLXZlcnNpb249MjAxNS0xMS0wMQ==",
      "RequestMethod": "GET",
      "RequestBody": "",
      "RequestHeaders": {
        "x-ms-client-request-id": [
          "4659d0af-f1e2-47c1-87ec-cbf7eeec620a"
        ],
        "Accept-Language": [
          "en-US"
        ],
        "User-Agent": [
          "FxVersion/4.6.30015.01",
          "OSName/Windows",
          "OSVersion/Microsoft.Windows.10.0.19043.",
          "Microsoft.Azure.Management.Resources.ResourceManagementClient/1.0.0.0"
        ]
      },
      "ResponseHeaders": {
        "Cache-Control": [
          "no-cache"
        ],
        "Pragma": [
          "no-cache"
        ],
        "x-ms-ratelimit-remaining-subscription-reads": [
          "11998"
        ],
        "x-ms-request-id": [
          "d360606b-29a9-48ef-8a33-c9b5872e32b0"
        ],
        "x-ms-correlation-request-id": [
          "d360606b-29a9-48ef-8a33-c9b5872e32b0"
        ],
        "x-ms-routing-request-id": [
          "SOUTHEASTASIA:20210712T084331Z:d360606b-29a9-48ef-8a33-c9b5872e32b0"
        ],
        "Strict-Transport-Security": [
          "max-age=31536000; includeSubDomains"
        ],
        "X-Content-Type-Options": [
          "nosniff"
        ],
        "Date": [
          "Mon, 12 Jul 2021 08:43:31 GMT"
        ],
        "Content-Type": [
          "application/json; charset=utf-8"
        ],
        "Expires": [
          "-1"
        ],
        "Content-Length": [
          "4827"
        ]
      },
      "ResponseBody": "{\r\n  \"id\": \"/subscriptions/90c9cfa9-ec88-4677-a8ce-5c74405ef60a/providers/Microsoft.SignalRService\",\r\n  \"namespace\": \"Microsoft.SignalRService\",\r\n  \"authorizations\": [\r\n    {\r\n      \"applicationId\": \"cdad765c-f191-43ba-b9f5-7aef392f811d\",\r\n      \"roleDefinitionId\": \"346b504e-4aec-45d1-be25-a6e10f3cb4fe\"\r\n    }\r\n  ],\r\n  \"resourceTypes\": [\r\n    {\r\n      \"resourceType\": \"SignalR\",\r\n      \"locations\": [\r\n        \"Australia East\",\r\n        \"Brazil South\",\r\n        \"Canada Central\",\r\n        \"Canada East\",\r\n        \"Central US\",\r\n        \"East Asia\",\r\n        \"East US\",\r\n        \"East US 2\",\r\n        \"France Central\",\r\n        \"Germany West Central\",\r\n        \"Japan East\",\r\n        \"Korea Central\",\r\n        \"North Europe\",\r\n        \"South Africa North\",\r\n        \"South Central US\",\r\n        \"Southeast Asia\",\r\n        \"Switzerland North\",\r\n        \"UK South\",\r\n        \"West Europe\",\r\n        \"West US\",\r\n        \"West US 2\",\r\n        \"UAE North\",\r\n        \"Central US EUAP\",\r\n        \"Japan West\",\r\n        \"North Central US\",\r\n        \"Norway East\",\r\n        \"West Central US\",\r\n        \"West US 3\"\r\n      ],\r\n      \"apiVersions\": [\r\n        \"2021-06-01-preview\",\r\n        \"2021-04-01-preview\",\r\n        \"2020-07-01-preview\",\r\n        \"2020-05-01\",\r\n        \"2018-10-01\",\r\n        \"2018-03-01-preview\"\r\n      ],\r\n      \"capabilities\": \"CrossResourceGroupResourceMove, CrossSubscriptionResourceMove, SystemAssignedResourceIdentity\"\r\n    },\r\n    {\r\n      \"resourceType\": \"WebPubSub\",\r\n      \"locations\": [\r\n        \"East US\",\r\n        \"North Europe\",\r\n        \"Southeast Asia\",\r\n        \"West Europe\",\r\n        \"West US 2\",\r\n        \"Central US EUAP\",\r\n        \"West Central US\"\r\n      ],\r\n      \"apiVersions\": [\r\n        \"2021-06-01-preview\",\r\n        \"2021-04-01-preview\",\r\n        \"2020-05-01\"\r\n      ],\r\n      \"capabilities\": \"CrossResourceGroupResourceMove, CrossSubscriptionResourceMove, SystemAssignedResourceIdentity\"\r\n    },\r\n    {\r\n      \"resourceType\": \"locations\",\r\n      \"locations\": [],\r\n      \"apiVersions\": [\r\n        \"2021-06-01-preview\",\r\n        \"2021-04-01-preview\",\r\n        \"2020-07-01-preview\",\r\n        \"2020-05-01\",\r\n        \"2018-10-01\",\r\n        \"2018-03-01-preview\"\r\n      ]\r\n    },\r\n    {\r\n      \"resourceType\": \"locations/operationResults\",\r\n      \"locations\": [\r\n        \"Australia East\",\r\n        \"Brazil South\",\r\n        \"Canada Central\",\r\n        \"Canada East\",\r\n        \"Central US\",\r\n        \"East Asia\",\r\n        \"East US\",\r\n        \"East US 2\",\r\n        \"France Central\",\r\n        \"Germany West Central\",\r\n        \"Japan East\",\r\n        \"Korea Central\",\r\n        \"North Europe\",\r\n        \"South Africa North\",\r\n        \"South Central US\",\r\n        \"Southeast Asia\",\r\n        \"Switzerland North\",\r\n        \"UK South\",\r\n        \"West Europe\",\r\n        \"West US\",\r\n        \"West US 2\",\r\n        \"UAE North\",\r\n        \"Central US EUAP\",\r\n        \"Japan West\",\r\n        \"North Central US\",\r\n        \"Norway East\",\r\n        \"West Central US\",\r\n        \"West US 3\"\r\n      ],\r\n      \"apiVersions\": [\r\n        \"2021-06-01-preview\",\r\n        \"2021-04-01-preview\",\r\n        \"2020-07-01-preview\",\r\n        \"2020-05-01\",\r\n        \"2018-10-01\",\r\n        \"2018-03-01-preview\"\r\n      ]\r\n    },\r\n    {\r\n      \"resourceType\": \"locations/operationStatuses\",\r\n      \"locations\": [\r\n        \"Australia East\",\r\n        \"Brazil South\",\r\n        \"Canada Central\",\r\n        \"Canada East\",\r\n        \"Central US\",\r\n        \"East Asia\",\r\n        \"East US\",\r\n        \"East US 2\",\r\n        \"France Central\",\r\n        \"Germany West Central\",\r\n        \"Japan East\",\r\n        \"Korea Central\",\r\n        \"North Europe\",\r\n        \"South Africa North\",\r\n        \"South Central US\",\r\n        \"Southeast Asia\",\r\n        \"Switzerland North\",\r\n        \"UK South\",\r\n        \"West Europe\",\r\n        \"West US\",\r\n        \"West US 2\",\r\n        \"UAE North\",\r\n        \"Central US EUAP\",\r\n        \"Japan West\",\r\n        \"North Central US\",\r\n        \"Norway East\",\r\n        \"West Central US\",\r\n        \"West US 3\"\r\n      ],\r\n      \"apiVersions\": [\r\n        \"2021-06-01-preview\",\r\n        \"2021-04-01-preview\",\r\n        \"2020-07-01-preview\",\r\n        \"2020-05-01\",\r\n        \"2018-10-01\",\r\n        \"2018-03-01-preview\"\r\n      ]\r\n    },\r\n    {\r\n      \"resourceType\": \"operations\",\r\n      \"locations\": [\r\n        \"West Central US\",\r\n        \"West US 2\",\r\n        \"East US\",\r\n        \"East US 2\",\r\n        \"West US\",\r\n        \"Central US\",\r\n        \"Central US EUAP\"\r\n      ],\r\n      \"apiVersions\": [\r\n        \"2021-06-01-preview\",\r\n        \"2021-04-01-preview\",\r\n        \"2020-07-01-preview\",\r\n        \"2020-05-01\",\r\n        \"2018-10-01\",\r\n        \"2018-03-01-preview\"\r\n      ]\r\n    },\r\n    {\r\n      \"resourceType\": \"locations/checkNameAvailability\",\r\n      \"locations\": [\r\n        \"Australia East\",\r\n        \"Brazil South\",\r\n        \"Canada Central\",\r\n        \"Canada East\",\r\n        \"Central US\",\r\n        \"East Asia\",\r\n        \"East US\",\r\n        \"East US 2\",\r\n        \"France Central\",\r\n        \"Germany West Central\",\r\n        \"Japan East\",\r\n        \"Korea Central\",\r\n        \"North Europe\",\r\n        \"South Africa North\",\r\n        \"South Central US\",\r\n        \"Southeast Asia\",\r\n        \"Switzerland North\",\r\n        \"UK South\",\r\n        \"West Europe\",\r\n        \"West US\",\r\n        \"West US 2\",\r\n        \"UAE North\",\r\n        \"Central US EUAP\",\r\n        \"Japan West\",\r\n        \"North Central US\",\r\n        \"Norway East\",\r\n        \"West Central US\",\r\n        \"West US 3\"\r\n      ],\r\n      \"apiVersions\": [\r\n        \"2021-06-01-preview\",\r\n        \"2021-04-01-preview\",\r\n        \"2020-07-01-preview\",\r\n        \"2020-05-01\",\r\n        \"2018-10-01\",\r\n        \"2018-03-01-preview\"\r\n      ]\r\n    },\r\n    {\r\n      \"resourceType\": \"locations/usages\",\r\n      \"locations\": [\r\n        \"Australia East\",\r\n        \"Brazil South\",\r\n        \"Canada Central\",\r\n        \"Canada East\",\r\n        \"Central US\",\r\n        \"East Asia\",\r\n        \"East US\",\r\n        \"East US 2\",\r\n        \"France Central\",\r\n        \"Germany West Central\",\r\n        \"Japan East\",\r\n        \"Korea Central\",\r\n        \"North Europe\",\r\n        \"South Africa North\",\r\n        \"South Central US\",\r\n        \"Southeast Asia\",\r\n        \"Switzerland North\",\r\n        \"UK South\",\r\n        \"West Europe\",\r\n        \"West US\",\r\n        \"West US 2\",\r\n        \"UAE North\",\r\n        \"Central US EUAP\",\r\n        \"Japan West\",\r\n        \"North Central US\",\r\n        \"Norway East\",\r\n        \"West Central US\",\r\n        \"West US 3\"\r\n      ],\r\n      \"apiVersions\": [\r\n        \"2021-06-01-preview\",\r\n        \"2021-04-01-preview\",\r\n        \"2020-07-01-preview\",\r\n        \"2020-05-01\",\r\n        \"2018-10-01\",\r\n        \"2018-03-01-preview\"\r\n      ]\r\n    },\r\n    {\r\n      \"resourceType\": \"SignalR/eventGridFilters\",\r\n      \"locations\": [\r\n        \"Australia East\",\r\n        \"Brazil South\",\r\n        \"Canada Central\",\r\n        \"Canada East\",\r\n        \"Central US\",\r\n        \"East Asia\",\r\n        \"East US\",\r\n        \"East US 2\",\r\n        \"France Central\",\r\n        \"Germany West Central\",\r\n        \"Japan East\",\r\n        \"Korea Central\",\r\n        \"North Europe\",\r\n        \"South Africa North\",\r\n        \"South Central US\",\r\n        \"Southeast Asia\",\r\n        \"Switzerland North\",\r\n        \"UK South\",\r\n        \"West Europe\",\r\n        \"West US\",\r\n        \"West US 2\",\r\n        \"UAE North\",\r\n        \"Central US EUAP\",\r\n        \"Japan West\",\r\n        \"North Central US\",\r\n        \"Norway East\",\r\n        \"West Central US\",\r\n        \"West US 3\"\r\n      ],\r\n      \"apiVersions\": [\r\n        \"2021-06-01-preview\",\r\n        \"2021-04-01-preview\",\r\n        \"2020-07-01-preview\",\r\n        \"2020-05-01\",\r\n        \"2018-10-01\",\r\n        \"2018-03-01-preview\"\r\n      ]\r\n    }\r\n  ],\r\n  \"registrationState\": \"Registered\"\r\n}",
      "StatusCode": 200
    },
    {
      "RequestUri": "/subscriptions/90c9cfa9-ec88-4677-a8ce-5c74405ef60a/resourcegroups/signalr-test-rg159?api-version=2015-11-01",
      "EncodedRequestUri": "L3N1YnNjcmlwdGlvbnMvOTBjOWNmYTktZWM4OC00Njc3LWE4Y2UtNWM3NDQwNWVmNjBhL3Jlc291cmNlZ3JvdXBzL3NpZ25hbHItdGVzdC1yZzE1OT9hcGktdmVyc2lvbj0yMDE1LTExLTAx",
      "RequestMethod": "PUT",
      "RequestBody": "{\r\n  \"location\": \"Australia East\"\r\n}",
      "RequestHeaders": {
        "x-ms-client-request-id": [
          "e77c324e-6c6f-4b78-afe3-32d68d5e55a7"
        ],
        "Accept-Language": [
          "en-US"
        ],
        "User-Agent": [
          "FxVersion/4.6.30015.01",
          "OSName/Windows",
          "OSVersion/Microsoft.Windows.10.0.19043.",
          "Microsoft.Azure.Management.Resources.ResourceManagementClient/1.0.0.0"
        ],
        "Content-Type": [
          "application/json; charset=utf-8"
        ],
        "Content-Length": [
          "36"
        ]
      },
      "ResponseHeaders": {
        "Cache-Control": [
          "no-cache"
        ],
        "Pragma": [
          "no-cache"
        ],
        "x-ms-ratelimit-remaining-subscription-writes": [
          "1199"
        ],
        "x-ms-request-id": [
          "0c82836d-6ce6-4f37-94ba-509df654421c"
        ],
        "x-ms-correlation-request-id": [
          "0c82836d-6ce6-4f37-94ba-509df654421c"
        ],
        "x-ms-routing-request-id": [
          "SOUTHEASTASIA:20210712T084334Z:0c82836d-6ce6-4f37-94ba-509df654421c"
        ],
        "Strict-Transport-Security": [
          "max-age=31536000; includeSubDomains"
        ],
        "X-Content-Type-Options": [
          "nosniff"
        ],
        "Date": [
          "Mon, 12 Jul 2021 08:43:33 GMT"
        ],
        "Content-Length": [
          "196"
        ],
        "Content-Type": [
          "application/json; charset=utf-8"
        ],
        "Expires": [
          "-1"
        ]
      },
      "ResponseBody": "{\r\n  \"id\": \"/subscriptions/90c9cfa9-ec88-4677-a8ce-5c74405ef60a/resourceGroups/signalr-test-rg159\",\r\n  \"name\": \"signalr-test-rg159\",\r\n  \"location\": \"australiaeast\",\r\n  \"properties\": {\r\n    \"provisioningState\": \"Succeeded\"\r\n  }\r\n}",
      "StatusCode": 201
    },
    {
      "RequestUri": "/subscriptions/90c9cfa9-ec88-4677-a8ce-5c74405ef60a/resourceGroups/signalr-test-rg159/providers/Microsoft.SignalRService/signalR/signalr-test7333?api-version=2021-06-01-preview",
      "EncodedRequestUri": "L3N1YnNjcmlwdGlvbnMvOTBjOWNmYTktZWM4OC00Njc3LWE4Y2UtNWM3NDQwNWVmNjBhL3Jlc291cmNlR3JvdXBzL3NpZ25hbHItdGVzdC1yZzE1OS9wcm92aWRlcnMvTWljcm9zb2Z0LlNpZ25hbFJTZXJ2aWNlL3NpZ25hbFIvc2lnbmFsci10ZXN0NzMzMz9hcGktdmVyc2lvbj0yMDIxLTA2LTAxLXByZXZpZXc=",
      "RequestMethod": "PUT",
      "RequestBody": "{\r\n  \"sku\": {\r\n    \"name\": \"Free_F1\",\r\n    \"tier\": \"Free\"\r\n  },\r\n  \"properties\": {\r\n    \"features\": [\r\n      {\r\n        \"flag\": \"ServiceMode\",\r\n        \"value\": \"Default\"\r\n      }\r\n    ],\r\n    \"upstream\": {\r\n      \"templates\": [\r\n        {\r\n          \"urlTemplate\": \"http://foo.com\"\r\n        }\r\n      ]\r\n    },\r\n    \"networkACLs\": {\r\n      \"defaultAction\": \"Deny\",\r\n      \"publicNetwork\": {\r\n        \"allow\": [\r\n          \"ClientConnection\"\r\n        ]\r\n      },\r\n      \"privateEndpoints\": [\r\n        {\r\n          \"name\": \"mySignalRService.1fa229cd-bf3f-47f0-8c49-afb36723997e\",\r\n          \"allow\": [\r\n            \"ServerConnection\"\r\n          ]\r\n        }\r\n      ]\r\n    }\r\n  },\r\n  \"kind\": \"SignalR\",\r\n  \"location\": \"Australia East\",\r\n  \"tags\": {\r\n    \"key1\": \"value1\",\r\n    \"key2\": \"value2\"\r\n  }\r\n}",
      "RequestHeaders": {
        "x-ms-client-request-id": [
          "887d3c64-4674-4bc4-a8a8-93e04df4d031"
        ],
        "Accept-Language": [
          "en-US"
        ],
        "User-Agent": [
          "FxVersion/4.6.30015.01",
          "OSName/Windows",
          "OSVersion/Microsoft.Windows.10.0.19043.",
          "Microsoft.Azure.Management.SignalR.SignalRManagementClient/1.1.3.0"
        ],
        "Content-Type": [
          "application/json; charset=utf-8"
        ],
        "Content-Length": [
          "798"
        ]
      },
      "ResponseHeaders": {
        "Cache-Control": [
          "no-cache"
        ],
        "Pragma": [
          "no-cache"
        ],
        "Location": [
          "https://management.azure.com/subscriptions/90c9cfa9-ec88-4677-a8ce-5c74405ef60a/resourceGroups/signalr-test-rg159/providers/Microsoft.SignalRService/SignalR/signalr-test7333/operationResults/f8be83e3-f57d-4a76-b579-32b85941729f?api-version=2021-06-01-preview"
        ],
        "x-ms-ratelimit-remaining-subscription-writes": [
          "1198"
        ],
        "Strict-Transport-Security": [
          "max-age=31536000; includeSubDomains"
        ],
        "X-Content-Type-Options": [
          "nosniff"
        ],
        "x-ms-client-request-id": [
          "887d3c64-4674-4bc4-a8a8-93e04df4d031"
        ],
        "x-rp-server-mvid": [
          "c8c892ec-b6b9-400b-ba22-7ccdea42e60a"
        ],
        "Azure-AsyncOperation": [
          "https://management.azure.com/subscriptions/90c9cfa9-ec88-4677-a8ce-5c74405ef60a/resourceGroups/signalr-test-rg159/providers/Microsoft.SignalRService/SignalR/signalr-test7333/operationStatuses/f8be83e3-f57d-4a76-b579-32b85941729f?api-version=2021-06-01-preview"
        ],
        "x-ms-request-id": [
          "4058cc70-0a42-4196-9097-176cb03ccd25"
        ],
        "Server": [
          "Kestrel"
        ],
        "x-ms-correlation-request-id": [
          "f65e2634-ec4c-4723-9f6a-daf81e7a0c66"
        ],
        "x-ms-routing-request-id": [
          "SOUTHEASTASIA:20210712T084344Z:f65e2634-ec4c-4723-9f6a-daf81e7a0c66"
        ],
        "Date": [
          "Mon, 12 Jul 2021 08:43:44 GMT"
        ],
        "Content-Length": [
          "1576"
        ],
        "Content-Type": [
          "application/json; charset=utf-8"
        ],
        "Expires": [
          "-1"
        ]
      },
      "ResponseBody": "{\r\n  \"sku\": {\r\n    \"name\": \"Free_F1\",\r\n    \"tier\": \"Free\",\r\n    \"size\": \"F1\",\r\n    \"capacity\": 1\r\n  },\r\n  \"properties\": {\r\n    \"provisioningState\": \"Creating\",\r\n    \"externalIP\": null,\r\n    \"hostName\": \"signalr-test7333.service.signalr.net\",\r\n    \"publicPort\": 443,\r\n    \"serverPort\": 443,\r\n    \"version\": \"1.0-preview\",\r\n    \"privateEndpointConnections\": [],\r\n    \"sharedPrivateLinkResources\": [],\r\n    \"tls\": {\r\n      \"clientCertEnabled\": false\r\n    },\r\n    \"features\": [\r\n      {\r\n        \"flag\": \"ServiceMode\",\r\n        \"value\": \"Default\",\r\n        \"properties\": {}\r\n      },\r\n      {\r\n        \"flag\": \"EnableConnectivityLogs\",\r\n        \"value\": \"False\",\r\n        \"properties\": {}\r\n      },\r\n      {\r\n        \"flag\": \"EnableMessagingLogs\",\r\n        \"value\": \"False\",\r\n        \"properties\": {}\r\n      },\r\n      {\r\n        \"flag\": \"EnableLiveTrace\",\r\n        \"value\": \"False\",\r\n        \"properties\": {}\r\n      }\r\n    ],\r\n    \"cors\": {\r\n      \"allowedOrigins\": [\r\n        \"*\"\r\n      ]\r\n    },\r\n    \"upstream\": {\r\n      \"templates\": [\r\n        {\r\n          \"hubPattern\": \"*\",\r\n          \"eventPattern\": \"*\",\r\n          \"categoryPattern\": \"*\",\r\n          \"urlTemplate\": \"http://foo.com\",\r\n          \"auth\": null\r\n        }\r\n      ]\r\n    },\r\n    \"networkACLs\": {\r\n      \"defaultAction\": \"Deny\",\r\n      \"publicNetwork\": {\r\n        \"allow\": [\r\n          \"ServerConnection\",\r\n          \"ClientConnection\",\r\n          \"RESTAPI\",\r\n          \"Trace\"\r\n        ],\r\n        \"deny\": null\r\n      },\r\n      \"privateEndpoints\": []\r\n    },\r\n    \"publicNetworkAccess\": \"Enabled\",\r\n    \"disableLocalAuth\": false,\r\n    \"disableAadAuth\": false\r\n  },\r\n  \"kind\": \"SignalR\",\r\n  \"systemData\": {\r\n    \"createdBy\": \"59b7932e-bfb4-4220-8281-70105f3056cc\",\r\n    \"createdByType\": \"Application\",\r\n    \"createdAt\": \"2021-07-12T08:43:38.3662787Z\",\r\n    \"lastModifiedBy\": \"59b7932e-bfb4-4220-8281-70105f3056cc\",\r\n    \"lastModifiedByType\": \"Application\",\r\n    \"lastModifiedAt\": \"2021-07-12T08:43:38.3662787Z\"\r\n  },\r\n  \"location\": \"australiaeast\",\r\n  \"tags\": {\r\n    \"key1\": \"value1\",\r\n    \"key2\": \"value2\"\r\n  },\r\n  \"id\": \"/subscriptions/90c9cfa9-ec88-4677-a8ce-5c74405ef60a/resourceGroups/signalr-test-rg159/providers/Microsoft.SignalRService/SignalR/signalr-test7333\",\r\n  \"name\": \"signalr-test7333\",\r\n  \"type\": \"Microsoft.SignalRService/SignalR\"\r\n}",
      "StatusCode": 201
    },
    {
      "RequestUri": "/subscriptions/90c9cfa9-ec88-4677-a8ce-5c74405ef60a/resourceGroups/signalr-test-rg159/providers/Microsoft.SignalRService/SignalR/signalr-test7333/operationStatuses/f8be83e3-f57d-4a76-b579-32b85941729f?api-version=2021-06-01-preview",
      "EncodedRequestUri": "L3N1YnNjcmlwdGlvbnMvOTBjOWNmYTktZWM4OC00Njc3LWE4Y2UtNWM3NDQwNWVmNjBhL3Jlc291cmNlR3JvdXBzL3NpZ25hbHItdGVzdC1yZzE1OS9wcm92aWRlcnMvTWljcm9zb2Z0LlNpZ25hbFJTZXJ2aWNlL1NpZ25hbFIvc2lnbmFsci10ZXN0NzMzMy9vcGVyYXRpb25TdGF0dXNlcy9mOGJlODNlMy1mNTdkLTRhNzYtYjU3OS0zMmI4NTk0MTcyOWY/YXBpLXZlcnNpb249MjAyMS0wNi0wMS1wcmV2aWV3",
      "RequestMethod": "GET",
      "RequestBody": "",
      "RequestHeaders": {
        "User-Agent": [
          "FxVersion/4.6.30015.01",
          "OSName/Windows",
          "OSVersion/Microsoft.Windows.10.0.19043.",
          "Microsoft.Azure.Management.SignalR.SignalRManagementClient/1.1.3.0"
        ]
      },
      "ResponseHeaders": {
        "Cache-Control": [
          "no-cache"
        ],
        "Pragma": [
          "no-cache"
        ],
        "x-ms-ratelimit-remaining-subscription-reads": [
          "11997"
        ],
        "Strict-Transport-Security": [
          "max-age=31536000; includeSubDomains"
        ],
        "X-Content-Type-Options": [
          "nosniff"
        ],
        "x-ms-client-request-id": [
          "10e5c356-a1af-40ae-b790-6037bd35a297"
        ],
        "x-rp-server-mvid": [
          "c8c892ec-b6b9-400b-ba22-7ccdea42e60a"
        ],
        "x-ms-request-id": [
          "add7ce5b-8efe-4a9c-8f72-c4c8508e4e2e"
        ],
        "Server": [
          "Kestrel"
        ],
        "x-ms-correlation-request-id": [
          "d3de6bee-374b-4610-9bd7-9de5bf7981a8"
        ],
        "x-ms-routing-request-id": [
          "SOUTHEASTASIA:20210712T084415Z:d3de6bee-374b-4610-9bd7-9de5bf7981a8"
        ],
        "Date": [
          "Mon, 12 Jul 2021 08:44:14 GMT"
        ],
        "Content-Length": [
          "317"
        ],
        "Content-Type": [
          "application/json; charset=utf-8"
        ],
        "Expires": [
          "-1"
        ]
      },
      "ResponseBody": "{\r\n  \"id\": \"/subscriptions/90c9cfa9-ec88-4677-a8ce-5c74405ef60a/resourceGroups/signalr-test-rg159/providers/Microsoft.SignalRService/SignalR/signalr-test7333/operationStatuses/f8be83e3-f57d-4a76-b579-32b85941729f\",\r\n  \"name\": \"f8be83e3-f57d-4a76-b579-32b85941729f\",\r\n  \"status\": \"Running\",\r\n  \"startTime\": \"2021-07-12T08:43:41.4983821Z\"\r\n}",
      "StatusCode": 200
    },
    {
      "RequestUri": "/subscriptions/90c9cfa9-ec88-4677-a8ce-5c74405ef60a/resourceGroups/signalr-test-rg159/providers/Microsoft.SignalRService/SignalR/signalr-test7333/operationStatuses/f8be83e3-f57d-4a76-b579-32b85941729f?api-version=2021-06-01-preview",
      "EncodedRequestUri": "L3N1YnNjcmlwdGlvbnMvOTBjOWNmYTktZWM4OC00Njc3LWE4Y2UtNWM3NDQwNWVmNjBhL3Jlc291cmNlR3JvdXBzL3NpZ25hbHItdGVzdC1yZzE1OS9wcm92aWRlcnMvTWljcm9zb2Z0LlNpZ25hbFJTZXJ2aWNlL1NpZ25hbFIvc2lnbmFsci10ZXN0NzMzMy9vcGVyYXRpb25TdGF0dXNlcy9mOGJlODNlMy1mNTdkLTRhNzYtYjU3OS0zMmI4NTk0MTcyOWY/YXBpLXZlcnNpb249MjAyMS0wNi0wMS1wcmV2aWV3",
      "RequestMethod": "GET",
      "RequestBody": "",
      "RequestHeaders": {
        "User-Agent": [
          "FxVersion/4.6.30015.01",
          "OSName/Windows",
          "OSVersion/Microsoft.Windows.10.0.19043.",
          "Microsoft.Azure.Management.SignalR.SignalRManagementClient/1.1.3.0"
        ]
      },
      "ResponseHeaders": {
        "Cache-Control": [
          "no-cache"
        ],
        "Pragma": [
          "no-cache"
        ],
        "x-ms-ratelimit-remaining-subscription-reads": [
          "11996"
        ],
        "Strict-Transport-Security": [
          "max-age=31536000; includeSubDomains"
        ],
        "X-Content-Type-Options": [
          "nosniff"
        ],
        "x-ms-client-request-id": [
          "cb6be806-5d7e-47d7-9073-d64deddbf3bd"
        ],
        "x-rp-server-mvid": [
          "c8c892ec-b6b9-400b-ba22-7ccdea42e60a"
        ],
        "x-ms-request-id": [
          "4a69f847-2209-490c-b7ef-0bd402f22ed1"
        ],
        "Server": [
          "Kestrel"
        ],
        "x-ms-correlation-request-id": [
          "0efde660-86c9-4c2f-bb94-ba0428a68046"
        ],
        "x-ms-routing-request-id": [
          "SOUTHEASTASIA:20210712T084445Z:0efde660-86c9-4c2f-bb94-ba0428a68046"
        ],
        "Date": [
          "Mon, 12 Jul 2021 08:44:44 GMT"
        ],
        "Content-Length": [
          "317"
        ],
        "Content-Type": [
          "application/json; charset=utf-8"
        ],
        "Expires": [
          "-1"
        ]
      },
      "ResponseBody": "{\r\n  \"id\": \"/subscriptions/90c9cfa9-ec88-4677-a8ce-5c74405ef60a/resourceGroups/signalr-test-rg159/providers/Microsoft.SignalRService/SignalR/signalr-test7333/operationStatuses/f8be83e3-f57d-4a76-b579-32b85941729f\",\r\n  \"name\": \"f8be83e3-f57d-4a76-b579-32b85941729f\",\r\n  \"status\": \"Running\",\r\n  \"startTime\": \"2021-07-12T08:43:41.4983821Z\"\r\n}",
      "StatusCode": 200
    },
    {
      "RequestUri": "/subscriptions/90c9cfa9-ec88-4677-a8ce-5c74405ef60a/resourceGroups/signalr-test-rg159/providers/Microsoft.SignalRService/SignalR/signalr-test7333/operationStatuses/f8be83e3-f57d-4a76-b579-32b85941729f?api-version=2021-06-01-preview",
      "EncodedRequestUri": "L3N1YnNjcmlwdGlvbnMvOTBjOWNmYTktZWM4OC00Njc3LWE4Y2UtNWM3NDQwNWVmNjBhL3Jlc291cmNlR3JvdXBzL3NpZ25hbHItdGVzdC1yZzE1OS9wcm92aWRlcnMvTWljcm9zb2Z0LlNpZ25hbFJTZXJ2aWNlL1NpZ25hbFIvc2lnbmFsci10ZXN0NzMzMy9vcGVyYXRpb25TdGF0dXNlcy9mOGJlODNlMy1mNTdkLTRhNzYtYjU3OS0zMmI4NTk0MTcyOWY/YXBpLXZlcnNpb249MjAyMS0wNi0wMS1wcmV2aWV3",
      "RequestMethod": "GET",
      "RequestBody": "",
      "RequestHeaders": {
        "User-Agent": [
          "FxVersion/4.6.30015.01",
          "OSName/Windows",
          "OSVersion/Microsoft.Windows.10.0.19043.",
          "Microsoft.Azure.Management.SignalR.SignalRManagementClient/1.1.3.0"
        ]
      },
      "ResponseHeaders": {
        "Cache-Control": [
          "no-cache"
        ],
        "Pragma": [
          "no-cache"
        ],
        "x-ms-ratelimit-remaining-subscription-reads": [
          "11996"
        ],
        "Strict-Transport-Security": [
          "max-age=31536000; includeSubDomains"
        ],
        "X-Content-Type-Options": [
          "nosniff"
        ],
        "x-ms-client-request-id": [
          "216f2cb3-2401-4717-b0ee-5653c79311f9"
        ],
        "x-rp-server-mvid": [
          "c8c892ec-b6b9-400b-ba22-7ccdea42e60a"
        ],
        "x-ms-request-id": [
          "5a2bd72f-e250-4b9b-9db8-46ef21a2d741"
        ],
        "Server": [
          "Kestrel"
        ],
        "x-ms-correlation-request-id": [
          "fe199a85-f220-4ca6-bae0-56d7d31a5c43"
        ],
        "x-ms-routing-request-id": [
          "SOUTHEASTASIA:20210712T084515Z:fe199a85-f220-4ca6-bae0-56d7d31a5c43"
        ],
        "Date": [
          "Mon, 12 Jul 2021 08:45:15 GMT"
        ],
        "Content-Length": [
          "317"
        ],
        "Content-Type": [
          "application/json; charset=utf-8"
        ],
        "Expires": [
          "-1"
        ]
      },
      "ResponseBody": "{\r\n  \"id\": \"/subscriptions/90c9cfa9-ec88-4677-a8ce-5c74405ef60a/resourceGroups/signalr-test-rg159/providers/Microsoft.SignalRService/SignalR/signalr-test7333/operationStatuses/f8be83e3-f57d-4a76-b579-32b85941729f\",\r\n  \"name\": \"f8be83e3-f57d-4a76-b579-32b85941729f\",\r\n  \"status\": \"Running\",\r\n  \"startTime\": \"2021-07-12T08:43:41.4983821Z\"\r\n}",
      "StatusCode": 200
    },
    {
      "RequestUri": "/subscriptions/90c9cfa9-ec88-4677-a8ce-5c74405ef60a/resourceGroups/signalr-test-rg159/providers/Microsoft.SignalRService/SignalR/signalr-test7333/operationStatuses/f8be83e3-f57d-4a76-b579-32b85941729f?api-version=2021-06-01-preview",
      "EncodedRequestUri": "L3N1YnNjcmlwdGlvbnMvOTBjOWNmYTktZWM4OC00Njc3LWE4Y2UtNWM3NDQwNWVmNjBhL3Jlc291cmNlR3JvdXBzL3NpZ25hbHItdGVzdC1yZzE1OS9wcm92aWRlcnMvTWljcm9zb2Z0LlNpZ25hbFJTZXJ2aWNlL1NpZ25hbFIvc2lnbmFsci10ZXN0NzMzMy9vcGVyYXRpb25TdGF0dXNlcy9mOGJlODNlMy1mNTdkLTRhNzYtYjU3OS0zMmI4NTk0MTcyOWY/YXBpLXZlcnNpb249MjAyMS0wNi0wMS1wcmV2aWV3",
      "RequestMethod": "GET",
      "RequestBody": "",
      "RequestHeaders": {
        "User-Agent": [
          "FxVersion/4.6.30015.01",
          "OSName/Windows",
          "OSVersion/Microsoft.Windows.10.0.19043.",
          "Microsoft.Azure.Management.SignalR.SignalRManagementClient/1.1.3.0"
        ]
      },
      "ResponseHeaders": {
        "Cache-Control": [
          "no-cache"
        ],
        "Pragma": [
          "no-cache"
        ],
        "x-ms-ratelimit-remaining-subscription-reads": [
          "11995"
        ],
        "Strict-Transport-Security": [
          "max-age=31536000; includeSubDomains"
        ],
        "X-Content-Type-Options": [
          "nosniff"
        ],
        "x-ms-client-request-id": [
          "9a8aad1a-155c-4774-87df-ad9a1907fa83"
        ],
        "x-rp-server-mvid": [
          "c8c892ec-b6b9-400b-ba22-7ccdea42e60a"
        ],
        "x-ms-request-id": [
          "064aa4bb-0082-4fb2-89ac-41c7a62335c8"
        ],
        "Server": [
          "Kestrel"
        ],
        "x-ms-correlation-request-id": [
          "505777e5-e2bd-41b7-af0f-0d733cd7ed8a"
        ],
        "x-ms-routing-request-id": [
          "SOUTHEASTASIA:20210712T084545Z:505777e5-e2bd-41b7-af0f-0d733cd7ed8a"
        ],
        "Date": [
          "Mon, 12 Jul 2021 08:45:45 GMT"
        ],
        "Content-Length": [
          "360"
        ],
        "Content-Type": [
          "application/json; charset=utf-8"
        ],
        "Expires": [
          "-1"
        ]
      },
      "ResponseBody": "{\r\n  \"id\": \"/subscriptions/90c9cfa9-ec88-4677-a8ce-5c74405ef60a/resourceGroups/signalr-test-rg159/providers/Microsoft.SignalRService/SignalR/signalr-test7333/operationStatuses/f8be83e3-f57d-4a76-b579-32b85941729f\",\r\n  \"name\": \"f8be83e3-f57d-4a76-b579-32b85941729f\",\r\n  \"status\": \"Succeeded\",\r\n  \"startTime\": \"2021-07-12T08:43:41.4983821Z\",\r\n  \"endTime\": \"2021-07-12T08:45:27.5459703Z\"\r\n}",
      "StatusCode": 200
    },
    {
      "RequestUri": "/subscriptions/90c9cfa9-ec88-4677-a8ce-5c74405ef60a/resourceGroups/signalr-test-rg159/providers/Microsoft.SignalRService/signalR/signalr-test7333?api-version=2021-06-01-preview",
      "EncodedRequestUri": "L3N1YnNjcmlwdGlvbnMvOTBjOWNmYTktZWM4OC00Njc3LWE4Y2UtNWM3NDQwNWVmNjBhL3Jlc291cmNlR3JvdXBzL3NpZ25hbHItdGVzdC1yZzE1OS9wcm92aWRlcnMvTWljcm9zb2Z0LlNpZ25hbFJTZXJ2aWNlL3NpZ25hbFIvc2lnbmFsci10ZXN0NzMzMz9hcGktdmVyc2lvbj0yMDIxLTA2LTAxLXByZXZpZXc=",
      "RequestMethod": "GET",
      "RequestBody": "",
      "RequestHeaders": {
        "User-Agent": [
          "FxVersion/4.6.30015.01",
          "OSName/Windows",
          "OSVersion/Microsoft.Windows.10.0.19043.",
          "Microsoft.Azure.Management.SignalR.SignalRManagementClient/1.1.3.0"
        ]
      },
      "ResponseHeaders": {
        "Cache-Control": [
          "no-cache"
        ],
        "Pragma": [
          "no-cache"
        ],
        "x-ms-ratelimit-remaining-subscription-reads": [
          "11994"
        ],
        "Strict-Transport-Security": [
          "max-age=31536000; includeSubDomains"
        ],
        "X-Content-Type-Options": [
          "nosniff"
        ],
        "x-ms-client-request-id": [
          "d64f50d9-ea0e-4941-bce2-3df7d6fa0f09"
        ],
        "x-rp-server-mvid": [
          "c8c892ec-b6b9-400b-ba22-7ccdea42e60a"
        ],
        "x-ms-request-id": [
          "54031825-1499-475e-9d66-9d2014d2d6ca"
        ],
        "Server": [
          "Kestrel"
        ],
        "x-ms-correlation-request-id": [
          "8e23c6ca-3d74-49eb-ba68-74a669e393e7"
        ],
        "x-ms-routing-request-id": [
          "SOUTHEASTASIA:20210712T084545Z:8e23c6ca-3d74-49eb-ba68-74a669e393e7"
        ],
        "Date": [
          "Mon, 12 Jul 2021 08:45:45 GMT"
        ],
        "Content-Length": [
          "1578"
        ],
        "Content-Type": [
          "application/json; charset=utf-8"
        ],
        "Expires": [
          "-1"
        ]
      },
      "ResponseBody": "{\r\n  \"sku\": {\r\n    \"name\": \"Free_F1\",\r\n    \"tier\": \"Free\",\r\n    \"size\": \"F1\",\r\n    \"capacity\": 1\r\n  },\r\n  \"properties\": {\r\n    \"provisioningState\": \"Succeeded\",\r\n    \"externalIP\": \"20.53.47.36\",\r\n    \"hostName\": \"signalr-test7333.service.signalr.net\",\r\n    \"publicPort\": 443,\r\n    \"serverPort\": 443,\r\n    \"version\": \"1.0\",\r\n    \"privateEndpointConnections\": [],\r\n    \"sharedPrivateLinkResources\": [],\r\n    \"tls\": {\r\n      \"clientCertEnabled\": false\r\n    },\r\n    \"features\": [\r\n      {\r\n        \"flag\": \"ServiceMode\",\r\n        \"value\": \"Default\",\r\n        \"properties\": {}\r\n      },\r\n      {\r\n        \"flag\": \"EnableConnectivityLogs\",\r\n        \"value\": \"False\",\r\n        \"properties\": {}\r\n      },\r\n      {\r\n        \"flag\": \"EnableMessagingLogs\",\r\n        \"value\": \"False\",\r\n        \"properties\": {}\r\n      },\r\n      {\r\n        \"flag\": \"EnableLiveTrace\",\r\n        \"value\": \"False\",\r\n        \"properties\": {}\r\n      }\r\n    ],\r\n    \"cors\": {\r\n      \"allowedOrigins\": [\r\n        \"*\"\r\n      ]\r\n    },\r\n    \"upstream\": {\r\n      \"templates\": [\r\n        {\r\n          \"hubPattern\": \"*\",\r\n          \"eventPattern\": \"*\",\r\n          \"categoryPattern\": \"*\",\r\n          \"urlTemplate\": \"http://foo.com\",\r\n          \"auth\": null\r\n        }\r\n      ]\r\n    },\r\n    \"networkACLs\": {\r\n      \"defaultAction\": \"Deny\",\r\n      \"publicNetwork\": {\r\n        \"allow\": [\r\n          \"ServerConnection\",\r\n          \"ClientConnection\",\r\n          \"RESTAPI\",\r\n          \"Trace\"\r\n        ],\r\n        \"deny\": null\r\n      },\r\n      \"privateEndpoints\": []\r\n    },\r\n    \"publicNetworkAccess\": \"Enabled\",\r\n    \"disableLocalAuth\": false,\r\n    \"disableAadAuth\": false\r\n  },\r\n  \"kind\": \"SignalR\",\r\n  \"systemData\": {\r\n    \"createdBy\": \"59b7932e-bfb4-4220-8281-70105f3056cc\",\r\n    \"createdByType\": \"Application\",\r\n    \"createdAt\": \"2021-07-12T08:43:38.3662787Z\",\r\n    \"lastModifiedBy\": \"59b7932e-bfb4-4220-8281-70105f3056cc\",\r\n    \"lastModifiedByType\": \"Application\",\r\n    \"lastModifiedAt\": \"2021-07-12T08:43:38.3662787Z\"\r\n  },\r\n  \"location\": \"australiaeast\",\r\n  \"tags\": {\r\n    \"key1\": \"value1\",\r\n    \"key2\": \"value2\"\r\n  },\r\n  \"id\": \"/subscriptions/90c9cfa9-ec88-4677-a8ce-5c74405ef60a/resourceGroups/signalr-test-rg159/providers/Microsoft.SignalRService/SignalR/signalr-test7333\",\r\n  \"name\": \"signalr-test7333\",\r\n  \"type\": \"Microsoft.SignalRService/SignalR\"\r\n}",
      "StatusCode": 200
    },
    {
      "RequestUri": "/subscriptions/90c9cfa9-ec88-4677-a8ce-5c74405ef60a/resourceGroups/signalr-test-rg159/providers/Microsoft.SignalRService/signalR/signalr-test7333?api-version=2021-06-01-preview",
      "EncodedRequestUri": "L3N1YnNjcmlwdGlvbnMvOTBjOWNmYTktZWM4OC00Njc3LWE4Y2UtNWM3NDQwNWVmNjBhL3Jlc291cmNlR3JvdXBzL3NpZ25hbHItdGVzdC1yZzE1OS9wcm92aWRlcnMvTWljcm9zb2Z0LlNpZ25hbFJTZXJ2aWNlL3NpZ25hbFIvc2lnbmFsci10ZXN0NzMzMz9hcGktdmVyc2lvbj0yMDIxLTA2LTAxLXByZXZpZXc=",
      "RequestMethod": "GET",
      "RequestBody": "",
      "RequestHeaders": {
        "x-ms-client-request-id": [
          "249a2fbb-4201-44f5-a47e-98b18c7b2998"
        ],
        "Accept-Language": [
          "en-US"
        ],
        "User-Agent": [
          "FxVersion/4.6.30015.01",
          "OSName/Windows",
          "OSVersion/Microsoft.Windows.10.0.19043.",
          "Microsoft.Azure.Management.SignalR.SignalRManagementClient/1.1.3.0"
        ]
      },
      "ResponseHeaders": {
        "Cache-Control": [
          "no-cache"
        ],
        "Pragma": [
          "no-cache"
        ],
        "x-ms-ratelimit-remaining-subscription-reads": [
          "11992"
        ],
        "Strict-Transport-Security": [
          "max-age=31536000; includeSubDomains"
        ],
        "X-Content-Type-Options": [
          "nosniff"
        ],
        "x-ms-client-request-id": [
          "249a2fbb-4201-44f5-a47e-98b18c7b2998"
        ],
        "x-rp-server-mvid": [
          "c8c892ec-b6b9-400b-ba22-7ccdea42e60a"
        ],
        "x-ms-request-id": [
          "fbafa9be-11ed-4d85-9065-235a83c2a468"
        ],
        "Server": [
          "Kestrel"
        ],
        "x-ms-correlation-request-id": [
          "e838cb78-04ab-4587-b56e-41d8dcefc34f"
        ],
        "x-ms-routing-request-id": [
          "SOUTHEASTASIA:20210712T084546Z:e838cb78-04ab-4587-b56e-41d8dcefc34f"
        ],
        "Date": [
          "Mon, 12 Jul 2021 08:45:46 GMT"
        ],
        "Content-Length": [
          "1578"
        ],
        "Content-Type": [
          "application/json; charset=utf-8"
        ],
        "Expires": [
          "-1"
        ]
      },
      "ResponseBody": "{\r\n  \"sku\": {\r\n    \"name\": \"Free_F1\",\r\n    \"tier\": \"Free\",\r\n    \"size\": \"F1\",\r\n    \"capacity\": 1\r\n  },\r\n  \"properties\": {\r\n    \"provisioningState\": \"Succeeded\",\r\n    \"externalIP\": \"20.53.47.36\",\r\n    \"hostName\": \"signalr-test7333.service.signalr.net\",\r\n    \"publicPort\": 443,\r\n    \"serverPort\": 443,\r\n    \"version\": \"1.0\",\r\n    \"privateEndpointConnections\": [],\r\n    \"sharedPrivateLinkResources\": [],\r\n    \"tls\": {\r\n      \"clientCertEnabled\": false\r\n    },\r\n    \"features\": [\r\n      {\r\n        \"flag\": \"ServiceMode\",\r\n        \"value\": \"Default\",\r\n        \"properties\": {}\r\n      },\r\n      {\r\n        \"flag\": \"EnableConnectivityLogs\",\r\n        \"value\": \"False\",\r\n        \"properties\": {}\r\n      },\r\n      {\r\n        \"flag\": \"EnableMessagingLogs\",\r\n        \"value\": \"False\",\r\n        \"properties\": {}\r\n      },\r\n      {\r\n        \"flag\": \"EnableLiveTrace\",\r\n        \"value\": \"False\",\r\n        \"properties\": {}\r\n      }\r\n    ],\r\n    \"cors\": {\r\n      \"allowedOrigins\": [\r\n        \"*\"\r\n      ]\r\n    },\r\n    \"upstream\": {\r\n      \"templates\": [\r\n        {\r\n          \"hubPattern\": \"*\",\r\n          \"eventPattern\": \"*\",\r\n          \"categoryPattern\": \"*\",\r\n          \"urlTemplate\": \"http://foo.com\",\r\n          \"auth\": null\r\n        }\r\n      ]\r\n    },\r\n    \"networkACLs\": {\r\n      \"defaultAction\": \"Deny\",\r\n      \"publicNetwork\": {\r\n        \"allow\": [\r\n          \"ServerConnection\",\r\n          \"ClientConnection\",\r\n          \"RESTAPI\",\r\n          \"Trace\"\r\n        ],\r\n        \"deny\": null\r\n      },\r\n      \"privateEndpoints\": []\r\n    },\r\n    \"publicNetworkAccess\": \"Enabled\",\r\n    \"disableLocalAuth\": false,\r\n    \"disableAadAuth\": false\r\n  },\r\n  \"kind\": \"SignalR\",\r\n  \"systemData\": {\r\n    \"createdBy\": \"59b7932e-bfb4-4220-8281-70105f3056cc\",\r\n    \"createdByType\": \"Application\",\r\n    \"createdAt\": \"2021-07-12T08:43:38.3662787Z\",\r\n    \"lastModifiedBy\": \"59b7932e-bfb4-4220-8281-70105f3056cc\",\r\n    \"lastModifiedByType\": \"Application\",\r\n    \"lastModifiedAt\": \"2021-07-12T08:43:38.3662787Z\"\r\n  },\r\n  \"location\": \"australiaeast\",\r\n  \"tags\": {\r\n    \"key1\": \"value1\",\r\n    \"key2\": \"value2\"\r\n  },\r\n  \"id\": \"/subscriptions/90c9cfa9-ec88-4677-a8ce-5c74405ef60a/resourceGroups/signalr-test-rg159/providers/Microsoft.SignalRService/SignalR/signalr-test7333\",\r\n  \"name\": \"signalr-test7333\",\r\n  \"type\": \"Microsoft.SignalRService/SignalR\"\r\n}",
      "StatusCode": 200
    },
    {
      "RequestUri": "/subscriptions/90c9cfa9-ec88-4677-a8ce-5c74405ef60a/resourceGroups/signalr-test-rg159/providers/Microsoft.SignalRService/signalR/signalr-test7333?api-version=2021-06-01-preview",
      "EncodedRequestUri": "L3N1YnNjcmlwdGlvbnMvOTBjOWNmYTktZWM4OC00Njc3LWE4Y2UtNWM3NDQwNWVmNjBhL3Jlc291cmNlR3JvdXBzL3NpZ25hbHItdGVzdC1yZzE1OS9wcm92aWRlcnMvTWljcm9zb2Z0LlNpZ25hbFJTZXJ2aWNlL3NpZ25hbFIvc2lnbmFsci10ZXN0NzMzMz9hcGktdmVyc2lvbj0yMDIxLTA2LTAxLXByZXZpZXc=",
      "RequestMethod": "GET",
      "RequestBody": "",
      "RequestHeaders": {
        "User-Agent": [
          "FxVersion/4.6.30015.01",
          "OSName/Windows",
          "OSVersion/Microsoft.Windows.10.0.19043.",
          "Microsoft.Azure.Management.SignalR.SignalRManagementClient/1.1.3.0"
        ]
      },
      "ResponseHeaders": {
        "Cache-Control": [
          "no-cache"
        ],
        "Pragma": [
          "no-cache"
        ],
        "x-ms-ratelimit-remaining-subscription-reads": [
          "11988"
        ],
        "Strict-Transport-Security": [
          "max-age=31536000; includeSubDomains"
        ],
        "X-Content-Type-Options": [
          "nosniff"
        ],
        "x-ms-client-request-id": [
          "89a7e409-d498-42ea-ab25-69a0e4548379"
        ],
        "x-rp-server-mvid": [
          "c8c892ec-b6b9-400b-ba22-7ccdea42e60a"
        ],
        "x-ms-request-id": [
          "b9a97235-cd2c-4088-b4a1-c436915037a6"
        ],
        "Server": [
          "Kestrel"
        ],
        "x-ms-correlation-request-id": [
          "1e7c1dee-330a-4e7f-b1fb-9886a5187ad4"
        ],
        "x-ms-routing-request-id": [
          "SOUTHEASTASIA:20210712T084719Z:1e7c1dee-330a-4e7f-b1fb-9886a5187ad4"
        ],
        "Date": [
          "Mon, 12 Jul 2021 08:47:19 GMT"
        ],
        "Content-Length": [
          "1649"
        ],
        "Content-Type": [
          "application/json; charset=utf-8"
        ],
        "Expires": [
          "-1"
        ]
      },
      "ResponseBody": "{\r\n  \"sku\": {\r\n    \"name\": \"Standard_S1\",\r\n    \"tier\": \"Standard\",\r\n    \"size\": \"S1\",\r\n    \"capacity\": 5\r\n  },\r\n  \"properties\": {\r\n    \"provisioningState\": \"Succeeded\",\r\n    \"externalIP\": \"20.53.47.39\",\r\n    \"hostName\": \"signalr-test7333.service.signalr.net\",\r\n    \"publicPort\": 443,\r\n    \"serverPort\": 443,\r\n    \"version\": \"1.0\",\r\n    \"privateEndpointConnections\": [],\r\n    \"sharedPrivateLinkResources\": [],\r\n    \"tls\": {\r\n      \"clientCertEnabled\": false\r\n    },\r\n    \"features\": [\r\n      {\r\n        \"flag\": \"ServiceMode\",\r\n        \"value\": \"Serverless\",\r\n        \"properties\": {}\r\n      },\r\n      {\r\n        \"flag\": \"EnableConnectivityLogs\",\r\n        \"value\": \"False\",\r\n        \"properties\": {}\r\n      },\r\n      {\r\n        \"flag\": \"EnableMessagingLogs\",\r\n        \"value\": \"False\",\r\n        \"properties\": {}\r\n      },\r\n      {\r\n        \"flag\": \"EnableLiveTrace\",\r\n        \"value\": \"False\",\r\n        \"properties\": {}\r\n      }\r\n    ],\r\n    \"cors\": {\r\n      \"allowedOrigins\": [\r\n        \"http://example.com:12345\",\r\n        \"https://contoso.com\"\r\n      ]\r\n    },\r\n    \"upstream\": {\r\n      \"templates\": [\r\n        {\r\n          \"hubPattern\": \"*\",\r\n          \"eventPattern\": \"*\",\r\n          \"categoryPattern\": \"*\",\r\n          \"urlTemplate\": \"http://foo.com\",\r\n          \"auth\": null\r\n        }\r\n      ]\r\n    },\r\n    \"networkACLs\": {\r\n      \"defaultAction\": \"Deny\",\r\n      \"publicNetwork\": {\r\n        \"allow\": [\r\n          \"ServerConnection\",\r\n          \"ClientConnection\",\r\n          \"RESTAPI\",\r\n          \"Trace\"\r\n        ],\r\n        \"deny\": null\r\n      },\r\n      \"privateEndpoints\": []\r\n    },\r\n    \"publicNetworkAccess\": \"Enabled\",\r\n    \"disableLocalAuth\": true,\r\n    \"disableAadAuth\": false\r\n  },\r\n  \"kind\": \"SignalR\",\r\n  \"systemData\": {\r\n    \"createdBy\": \"59b7932e-bfb4-4220-8281-70105f3056cc\",\r\n    \"createdByType\": \"Application\",\r\n    \"createdAt\": \"2021-07-12T08:43:38.3662787Z\",\r\n    \"lastModifiedBy\": \"59b7932e-bfb4-4220-8281-70105f3056cc\",\r\n    \"lastModifiedByType\": \"Application\",\r\n    \"lastModifiedAt\": \"2021-07-12T08:45:48.7316725Z\"\r\n  },\r\n  \"location\": \"australiaeast\",\r\n  \"tags\": {\r\n    \"key2\": \"value2\",\r\n    \"key3\": \"value3\",\r\n    \"key4\": \"value4\"\r\n  },\r\n  \"id\": \"/subscriptions/90c9cfa9-ec88-4677-a8ce-5c74405ef60a/resourceGroups/signalr-test-rg159/providers/Microsoft.SignalRService/SignalR/signalr-test7333\",\r\n  \"name\": \"signalr-test7333\",\r\n  \"type\": \"Microsoft.SignalRService/SignalR\"\r\n}",
      "StatusCode": 200
    },
    {
      "RequestUri": "/subscriptions/90c9cfa9-ec88-4677-a8ce-5c74405ef60a/resourceGroups/signalr-test-rg159/providers/Microsoft.SignalRService/signalR?api-version=2021-06-01-preview",
      "EncodedRequestUri": "L3N1YnNjcmlwdGlvbnMvOTBjOWNmYTktZWM4OC00Njc3LWE4Y2UtNWM3NDQwNWVmNjBhL3Jlc291cmNlR3JvdXBzL3NpZ25hbHItdGVzdC1yZzE1OS9wcm92aWRlcnMvTWljcm9zb2Z0LlNpZ25hbFJTZXJ2aWNlL3NpZ25hbFI/YXBpLXZlcnNpb249MjAyMS0wNi0wMS1wcmV2aWV3",
      "RequestMethod": "GET",
      "RequestBody": "",
      "RequestHeaders": {
        "x-ms-client-request-id": [
          "363230e9-2811-4476-8494-b8ad64da10fe"
        ],
        "Accept-Language": [
          "en-US"
        ],
        "User-Agent": [
          "FxVersion/4.6.30015.01",
          "OSName/Windows",
          "OSVersion/Microsoft.Windows.10.0.19043.",
          "Microsoft.Azure.Management.SignalR.SignalRManagementClient/1.1.3.0"
        ]
      },
      "ResponseHeaders": {
        "Cache-Control": [
          "no-cache"
        ],
        "Pragma": [
          "no-cache"
        ],
        "x-ms-ratelimit-remaining-subscription-reads": [
          "11993"
        ],
        "Strict-Transport-Security": [
          "max-age=31536000; includeSubDomains"
        ],
        "X-Content-Type-Options": [
          "nosniff"
        ],
        "x-ms-client-request-id": [
          "363230e9-2811-4476-8494-b8ad64da10fe"
        ],
        "x-rp-server-mvid": [
          "c8c892ec-b6b9-400b-ba22-7ccdea42e60a"
        ],
        "x-ms-request-id": [
          "2157175b-9517-4394-be9b-7ad1a5945325"
        ],
        "Server": [
          "Kestrel"
        ],
        "x-ms-correlation-request-id": [
          "7a4c2e2e-bfde-4986-be3c-cc3777998756"
        ],
        "x-ms-routing-request-id": [
          "SOUTHEASTASIA:20210712T084546Z:7a4c2e2e-bfde-4986-be3c-cc3777998756"
        ],
        "Date": [
          "Mon, 12 Jul 2021 08:45:46 GMT"
        ],
        "Content-Length": [
          "1590"
        ],
        "Content-Type": [
          "application/json; charset=utf-8"
        ],
        "Expires": [
          "-1"
        ]
      },
      "ResponseBody": "{\r\n  \"value\": [\r\n    {\r\n      \"sku\": {\r\n        \"name\": \"Free_F1\",\r\n        \"tier\": \"Free\",\r\n        \"size\": \"F1\",\r\n        \"capacity\": 1\r\n      },\r\n      \"properties\": {\r\n        \"provisioningState\": \"Succeeded\",\r\n        \"externalIP\": \"20.53.47.36\",\r\n        \"hostName\": \"signalr-test7333.service.signalr.net\",\r\n        \"publicPort\": 443,\r\n        \"serverPort\": 443,\r\n        \"version\": \"1.0\",\r\n        \"privateEndpointConnections\": [],\r\n        \"sharedPrivateLinkResources\": [],\r\n        \"tls\": {\r\n          \"clientCertEnabled\": false\r\n        },\r\n        \"features\": [\r\n          {\r\n            \"flag\": \"ServiceMode\",\r\n            \"value\": \"Default\",\r\n            \"properties\": {}\r\n          },\r\n          {\r\n            \"flag\": \"EnableConnectivityLogs\",\r\n            \"value\": \"False\",\r\n            \"properties\": {}\r\n          },\r\n          {\r\n            \"flag\": \"EnableMessagingLogs\",\r\n            \"value\": \"False\",\r\n            \"properties\": {}\r\n          },\r\n          {\r\n            \"flag\": \"EnableLiveTrace\",\r\n            \"value\": \"False\",\r\n            \"properties\": {}\r\n          }\r\n        ],\r\n        \"cors\": {\r\n          \"allowedOrigins\": [\r\n            \"*\"\r\n          ]\r\n        },\r\n        \"upstream\": {\r\n          \"templates\": [\r\n            {\r\n              \"hubPattern\": \"*\",\r\n              \"eventPattern\": \"*\",\r\n              \"categoryPattern\": \"*\",\r\n              \"urlTemplate\": \"http://foo.com\",\r\n              \"auth\": null\r\n            }\r\n          ]\r\n        },\r\n        \"networkACLs\": {\r\n          \"defaultAction\": \"Deny\",\r\n          \"publicNetwork\": {\r\n            \"allow\": [\r\n              \"ServerConnection\",\r\n              \"ClientConnection\",\r\n              \"RESTAPI\",\r\n              \"Trace\"\r\n            ],\r\n            \"deny\": null\r\n          },\r\n          \"privateEndpoints\": []\r\n        },\r\n        \"publicNetworkAccess\": \"Enabled\",\r\n        \"disableLocalAuth\": false,\r\n        \"disableAadAuth\": false\r\n      },\r\n      \"kind\": \"SignalR\",\r\n      \"systemData\": {\r\n        \"createdBy\": \"59b7932e-bfb4-4220-8281-70105f3056cc\",\r\n        \"createdByType\": \"Application\",\r\n        \"createdAt\": \"2021-07-12T08:43:38.3662787Z\",\r\n        \"lastModifiedBy\": \"59b7932e-bfb4-4220-8281-70105f3056cc\",\r\n        \"lastModifiedByType\": \"Application\",\r\n        \"lastModifiedAt\": \"2021-07-12T08:43:38.3662787Z\"\r\n      },\r\n      \"location\": \"australiaeast\",\r\n      \"tags\": {\r\n        \"key1\": \"value1\",\r\n        \"key2\": \"value2\"\r\n      },\r\n      \"id\": \"/subscriptions/90c9cfa9-ec88-4677-a8ce-5c74405ef60a/resourceGroups/signalr-test-rg159/providers/Microsoft.SignalRService/SignalR/signalr-test7333\",\r\n      \"name\": \"signalr-test7333\",\r\n      \"type\": \"Microsoft.SignalRService/SignalR\"\r\n    }\r\n  ]\r\n}",
      "StatusCode": 200
    },
    {
      "RequestUri": "/subscriptions/90c9cfa9-ec88-4677-a8ce-5c74405ef60a/resourceGroups/signalr-test-rg159/providers/Microsoft.SignalRService/signalR/signalr-test7333/listKeys?api-version=2021-06-01-preview",
      "EncodedRequestUri": "L3N1YnNjcmlwdGlvbnMvOTBjOWNmYTktZWM4OC00Njc3LWE4Y2UtNWM3NDQwNWVmNjBhL3Jlc291cmNlR3JvdXBzL3NpZ25hbHItdGVzdC1yZzE1OS9wcm92aWRlcnMvTWljcm9zb2Z0LlNpZ25hbFJTZXJ2aWNlL3NpZ25hbFIvc2lnbmFsci10ZXN0NzMzMy9saXN0S2V5cz9hcGktdmVyc2lvbj0yMDIxLTA2LTAxLXByZXZpZXc=",
      "RequestMethod": "POST",
      "RequestBody": "",
      "RequestHeaders": {
        "x-ms-client-request-id": [
          "1b162a8b-a88a-4164-992a-171829d03d27"
        ],
        "Accept-Language": [
          "en-US"
        ],
        "User-Agent": [
          "FxVersion/4.6.30015.01",
          "OSName/Windows",
          "OSVersion/Microsoft.Windows.10.0.19043.",
          "Microsoft.Azure.Management.SignalR.SignalRManagementClient/1.1.3.0"
        ]
      },
      "ResponseHeaders": {
        "Cache-Control": [
          "no-cache"
        ],
        "Pragma": [
          "no-cache"
        ],
        "x-ms-ratelimit-remaining-subscription-writes": [
          "1199"
        ],
        "Strict-Transport-Security": [
          "max-age=31536000; includeSubDomains"
        ],
        "X-Content-Type-Options": [
          "nosniff"
        ],
        "x-ms-client-request-id": [
          "1b162a8b-a88a-4164-992a-171829d03d27"
        ],
        "x-rp-server-mvid": [
          "c8c892ec-b6b9-400b-ba22-7ccdea42e60a"
        ],
        "x-ms-request-id": [
          "7888e379-4110-4c45-87fd-3288670efb01"
        ],
        "Server": [
          "Kestrel"
        ],
        "x-ms-correlation-request-id": [
          "6607d8a5-3886-4c94-9809-e91d8263dc99"
        ],
        "x-ms-routing-request-id": [
          "SOUTHEASTASIA:20210712T084547Z:6607d8a5-3886-4c94-9809-e91d8263dc99"
        ],
        "Date": [
          "Mon, 12 Jul 2021 08:45:46 GMT"
        ],
        "Content-Length": [
          "425"
        ],
        "Content-Type": [
          "application/json; charset=utf-8"
        ],
        "Expires": [
          "-1"
        ]
      },
      "ResponseBody": "{\r\n  \"primaryKey\": \"lMrNV5l/8a893o9tNH0mbovVbVDMnf+6eWFCsDjH7oE=\",\r\n  \"secondaryKey\": \"i2kDREngvmbrH2ivGCMaiWOllSzAUZJ+rab9ykjIsG8=\",\r\n  \"primaryConnectionString\": \"Endpoint=https://signalr-test7333.service.signalr.net;AccessKey=lMrNV5l/8a893o9tNH0mbovVbVDMnf+6eWFCsDjH7oE=;Version=1.0;\",\r\n  \"secondaryConnectionString\": \"Endpoint=https://signalr-test7333.service.signalr.net;AccessKey=i2kDREngvmbrH2ivGCMaiWOllSzAUZJ+rab9ykjIsG8=;Version=1.0;\"\r\n}",
      "StatusCode": 200
    },
    {
      "RequestUri": "/subscriptions/90c9cfa9-ec88-4677-a8ce-5c74405ef60a/resourceGroups/signalr-test-rg159/providers/Microsoft.SignalRService/signalR/signalr-test7333/listKeys?api-version=2021-06-01-preview",
      "EncodedRequestUri": "L3N1YnNjcmlwdGlvbnMvOTBjOWNmYTktZWM4OC00Njc3LWE4Y2UtNWM3NDQwNWVmNjBhL3Jlc291cmNlR3JvdXBzL3NpZ25hbHItdGVzdC1yZzE1OS9wcm92aWRlcnMvTWljcm9zb2Z0LlNpZ25hbFJTZXJ2aWNlL3NpZ25hbFIvc2lnbmFsci10ZXN0NzMzMy9saXN0S2V5cz9hcGktdmVyc2lvbj0yMDIxLTA2LTAxLXByZXZpZXc=",
      "RequestMethod": "POST",
      "RequestBody": "",
      "RequestHeaders": {
        "x-ms-client-request-id": [
          "3153408b-401b-43a1-a356-267f24775c99"
        ],
        "Accept-Language": [
          "en-US"
        ],
        "User-Agent": [
          "FxVersion/4.6.30015.01",
          "OSName/Windows",
          "OSVersion/Microsoft.Windows.10.0.19043.",
          "Microsoft.Azure.Management.SignalR.SignalRManagementClient/1.1.3.0"
        ]
      },
      "ResponseHeaders": {
        "Cache-Control": [
          "no-cache"
        ],
        "Pragma": [
          "no-cache"
        ],
        "x-ms-ratelimit-remaining-subscription-writes": [
          "1198"
        ],
        "Strict-Transport-Security": [
          "max-age=31536000; includeSubDomains"
        ],
        "X-Content-Type-Options": [
          "nosniff"
        ],
        "x-ms-client-request-id": [
          "3153408b-401b-43a1-a356-267f24775c99"
        ],
        "x-rp-server-mvid": [
          "c8c892ec-b6b9-400b-ba22-7ccdea42e60a"
        ],
        "x-ms-request-id": [
          "385f9f81-8ee0-4e1a-9341-96d87033d8c4"
        ],
        "Server": [
          "Kestrel"
        ],
        "x-ms-correlation-request-id": [
          "87252fcb-edde-42a6-ad4b-562e1d3e9bd0"
        ],
        "x-ms-routing-request-id": [
          "SOUTHEASTASIA:20210712T084720Z:87252fcb-edde-42a6-ad4b-562e1d3e9bd0"
        ],
        "Date": [
          "Mon, 12 Jul 2021 08:47:19 GMT"
        ],
        "Content-Length": [
          "425"
        ],
        "Content-Type": [
          "application/json; charset=utf-8"
        ],
        "Expires": [
          "-1"
        ]
      },
      "ResponseBody": "{\r\n  \"primaryKey\": \"lMrNV5l/8a893o9tNH0mbovVbVDMnf+6eWFCsDjH7oE=\",\r\n  \"secondaryKey\": \"i2kDREngvmbrH2ivGCMaiWOllSzAUZJ+rab9ykjIsG8=\",\r\n  \"primaryConnectionString\": \"Endpoint=https://signalr-test7333.service.signalr.net;AccessKey=lMrNV5l/8a893o9tNH0mbovVbVDMnf+6eWFCsDjH7oE=;Version=1.0;\",\r\n  \"secondaryConnectionString\": \"Endpoint=https://signalr-test7333.service.signalr.net;AccessKey=i2kDREngvmbrH2ivGCMaiWOllSzAUZJ+rab9ykjIsG8=;Version=1.0;\"\r\n}",
      "StatusCode": 200
    },
    {
      "RequestUri": "/subscriptions/90c9cfa9-ec88-4677-a8ce-5c74405ef60a/resourceGroups/signalr-test-rg159/providers/Microsoft.SignalRService/signalR/signalr-test7333/listKeys?api-version=2021-06-01-preview",
      "EncodedRequestUri": "L3N1YnNjcmlwdGlvbnMvOTBjOWNmYTktZWM4OC00Njc3LWE4Y2UtNWM3NDQwNWVmNjBhL3Jlc291cmNlR3JvdXBzL3NpZ25hbHItdGVzdC1yZzE1OS9wcm92aWRlcnMvTWljcm9zb2Z0LlNpZ25hbFJTZXJ2aWNlL3NpZ25hbFIvc2lnbmFsci10ZXN0NzMzMy9saXN0S2V5cz9hcGktdmVyc2lvbj0yMDIxLTA2LTAxLXByZXZpZXc=",
      "RequestMethod": "POST",
      "RequestBody": "",
      "RequestHeaders": {
        "x-ms-client-request-id": [
          "2ce8820e-a5dd-4376-ab4f-ca49aa5874be"
        ],
        "Accept-Language": [
          "en-US"
        ],
        "User-Agent": [
          "FxVersion/4.6.30015.01",
          "OSName/Windows",
          "OSVersion/Microsoft.Windows.10.0.19043.",
          "Microsoft.Azure.Management.SignalR.SignalRManagementClient/1.1.3.0"
        ]
      },
      "ResponseHeaders": {
        "Cache-Control": [
          "no-cache"
        ],
        "Pragma": [
          "no-cache"
        ],
        "x-ms-ratelimit-remaining-subscription-writes": [
          "1196"
        ],
        "Strict-Transport-Security": [
          "max-age=31536000; includeSubDomains"
        ],
        "X-Content-Type-Options": [
          "nosniff"
        ],
        "x-ms-client-request-id": [
          "2ce8820e-a5dd-4376-ab4f-ca49aa5874be"
        ],
        "x-rp-server-mvid": [
          "c8c892ec-b6b9-400b-ba22-7ccdea42e60a"
        ],
        "x-ms-request-id": [
          "079b6f2a-d801-4c87-bcfa-6487eb2c0274"
        ],
        "Server": [
          "Kestrel"
        ],
        "x-ms-correlation-request-id": [
          "20f97dda-1ba6-4ba9-b880-82e22821ec5e"
        ],
        "x-ms-routing-request-id": [
          "SOUTHEASTASIA:20210712T084852Z:20f97dda-1ba6-4ba9-b880-82e22821ec5e"
        ],
        "Date": [
          "Mon, 12 Jul 2021 08:48:51 GMT"
        ],
        "Content-Length": [
          "425"
        ],
        "Content-Type": [
          "application/json; charset=utf-8"
        ],
        "Expires": [
          "-1"
        ]
      },
      "ResponseBody": "{\r\n  \"primaryKey\": \"WBadmFjO/4pF90+fyp3ce+ZRg3ufYv8wLGQ6E5xzfMk=\",\r\n  \"secondaryKey\": \"i2kDREngvmbrH2ivGCMaiWOllSzAUZJ+rab9ykjIsG8=\",\r\n  \"primaryConnectionString\": \"Endpoint=https://signalr-test7333.service.signalr.net;AccessKey=WBadmFjO/4pF90+fyp3ce+ZRg3ufYv8wLGQ6E5xzfMk=;Version=1.0;\",\r\n  \"secondaryConnectionString\": \"Endpoint=https://signalr-test7333.service.signalr.net;AccessKey=i2kDREngvmbrH2ivGCMaiWOllSzAUZJ+rab9ykjIsG8=;Version=1.0;\"\r\n}",
      "StatusCode": 200
    },
    {
      "RequestUri": "/subscriptions/90c9cfa9-ec88-4677-a8ce-5c74405ef60a/resourceGroups/signalr-test-rg159/providers/Microsoft.SignalRService/signalR/signalr-test7333/listKeys?api-version=2021-06-01-preview",
      "EncodedRequestUri": "L3N1YnNjcmlwdGlvbnMvOTBjOWNmYTktZWM4OC00Njc3LWE4Y2UtNWM3NDQwNWVmNjBhL3Jlc291cmNlR3JvdXBzL3NpZ25hbHItdGVzdC1yZzE1OS9wcm92aWRlcnMvTWljcm9zb2Z0LlNpZ25hbFJTZXJ2aWNlL3NpZ25hbFIvc2lnbmFsci10ZXN0NzMzMy9saXN0S2V5cz9hcGktdmVyc2lvbj0yMDIxLTA2LTAxLXByZXZpZXc=",
      "RequestMethod": "POST",
      "RequestBody": "",
      "RequestHeaders": {
        "x-ms-client-request-id": [
          "5897fd0d-1593-4306-ab43-c18a855df8ff"
        ],
        "Accept-Language": [
          "en-US"
        ],
        "User-Agent": [
          "FxVersion/4.6.30015.01",
          "OSName/Windows",
          "OSVersion/Microsoft.Windows.10.0.19043.",
          "Microsoft.Azure.Management.SignalR.SignalRManagementClient/1.1.3.0"
        ]
      },
      "ResponseHeaders": {
        "Cache-Control": [
          "no-cache"
        ],
        "Pragma": [
          "no-cache"
        ],
        "x-ms-ratelimit-remaining-subscription-writes": [
          "1194"
        ],
        "Strict-Transport-Security": [
          "max-age=31536000; includeSubDomains"
        ],
        "X-Content-Type-Options": [
          "nosniff"
        ],
        "x-ms-client-request-id": [
          "5897fd0d-1593-4306-ab43-c18a855df8ff"
        ],
        "x-rp-server-mvid": [
          "c8c892ec-b6b9-400b-ba22-7ccdea42e60a"
        ],
        "x-ms-request-id": [
          "d66e9102-9d70-4336-8b92-75ecdb1da0e6"
        ],
        "Server": [
          "Kestrel"
        ],
        "x-ms-correlation-request-id": [
          "e76074b8-2476-4df3-84c6-132ba796d8f8"
        ],
        "x-ms-routing-request-id": [
          "SOUTHEASTASIA:20210712T085024Z:e76074b8-2476-4df3-84c6-132ba796d8f8"
        ],
        "Date": [
          "Mon, 12 Jul 2021 08:50:23 GMT"
        ],
        "Content-Length": [
          "425"
        ],
        "Content-Type": [
          "application/json; charset=utf-8"
        ],
        "Expires": [
          "-1"
        ]
      },
      "ResponseBody": "{\r\n  \"primaryKey\": \"WBadmFjO/4pF90+fyp3ce+ZRg3ufYv8wLGQ6E5xzfMk=\",\r\n  \"secondaryKey\": \"KQxydvCBwyKlU0adi4ufAmo59iumS2BMvqH/wKKIYhY=\",\r\n  \"primaryConnectionString\": \"Endpoint=https://signalr-test7333.service.signalr.net;AccessKey=WBadmFjO/4pF90+fyp3ce+ZRg3ufYv8wLGQ6E5xzfMk=;Version=1.0;\",\r\n  \"secondaryConnectionString\": \"Endpoint=https://signalr-test7333.service.signalr.net;AccessKey=KQxydvCBwyKlU0adi4ufAmo59iumS2BMvqH/wKKIYhY=;Version=1.0;\"\r\n}",
      "StatusCode": 200
    },
    {
      "RequestUri": "/subscriptions/90c9cfa9-ec88-4677-a8ce-5c74405ef60a/resourceGroups/signalr-test-rg159/providers/Microsoft.SignalRService/signalR/signalr-test7333?api-version=2021-06-01-preview",
      "EncodedRequestUri": "L3N1YnNjcmlwdGlvbnMvOTBjOWNmYTktZWM4OC00Njc3LWE4Y2UtNWM3NDQwNWVmNjBhL3Jlc291cmNlR3JvdXBzL3NpZ25hbHItdGVzdC1yZzE1OS9wcm92aWRlcnMvTWljcm9zb2Z0LlNpZ25hbFJTZXJ2aWNlL3NpZ25hbFIvc2lnbmFsci10ZXN0NzMzMz9hcGktdmVyc2lvbj0yMDIxLTA2LTAxLXByZXZpZXc=",
      "RequestMethod": "PATCH",
      "RequestBody": "{\r\n  \"sku\": {\r\n    \"name\": \"Standard_S1\",\r\n    \"tier\": \"Standard\",\r\n    \"capacity\": 5\r\n  },\r\n  \"properties\": {\r\n    \"features\": [\r\n      {\r\n        \"value\": \"Serverless\"\r\n      }\r\n    ],\r\n    \"cors\": {\r\n      \"allowedOrigins\": [\r\n        \"http://example.com:12345\",\r\n        \"https://contoso.com\"\r\n      ]\r\n    },\r\n    \"disableLocalAuth\": true\r\n  },\r\n  \"tags\": {\r\n    \"key2\": \"value2\",\r\n    \"key3\": \"value3\",\r\n    \"key4\": \"value4\"\r\n  }\r\n}",
      "RequestHeaders": {
        "x-ms-client-request-id": [
          "95ea0184-73b6-4cd6-916b-31c208b78f48"
        ],
        "Accept-Language": [
          "en-US"
        ],
        "User-Agent": [
          "FxVersion/4.6.30015.01",
          "OSName/Windows",
          "OSVersion/Microsoft.Windows.10.0.19043.",
          "Microsoft.Azure.Management.SignalR.SignalRManagementClient/1.1.3.0"
        ],
        "Content-Type": [
          "application/json; charset=utf-8"
        ],
        "Content-Length": [
          "438"
        ]
      },
      "ResponseHeaders": {
        "Cache-Control": [
          "no-cache"
        ],
        "Pragma": [
          "no-cache"
        ],
        "Location": [
          "https://management.azure.com/subscriptions/90c9cfa9-ec88-4677-a8ce-5c74405ef60a/resourceGroups/signalr-test-rg159/providers/Microsoft.SignalRService/SignalR/signalr-test7333/operationResults/6d643735-051b-4932-b813-d42e27789237?api-version=2021-06-01-preview"
        ],
        "Strict-Transport-Security": [
          "max-age=31536000; includeSubDomains"
        ],
        "X-Content-Type-Options": [
          "nosniff"
        ],
        "x-ms-client-request-id": [
          "95ea0184-73b6-4cd6-916b-31c208b78f48"
        ],
        "x-rp-server-mvid": [
          "c8c892ec-b6b9-400b-ba22-7ccdea42e60a"
        ],
        "Azure-AsyncOperation": [
          "https://management.azure.com/subscriptions/90c9cfa9-ec88-4677-a8ce-5c74405ef60a/resourceGroups/signalr-test-rg159/providers/Microsoft.SignalRService/SignalR/signalr-test7333/operationStatuses/6d643735-051b-4932-b813-d42e27789237?api-version=2021-06-01-preview"
        ],
        "x-ms-request-id": [
          "0b5a3f15-0b00-4293-a4d2-40cd6454f25b"
        ],
        "Server": [
          "Kestrel"
        ],
        "x-ms-ratelimit-remaining-subscription-writes": [
          "1197"
        ],
        "x-ms-correlation-request-id": [
          "9f95f26d-94ad-4f33-ab39-3dd93fb39152"
        ],
        "x-ms-routing-request-id": [
          "SOUTHEASTASIA:20210712T084549Z:9f95f26d-94ad-4f33-ab39-3dd93fb39152"
        ],
        "Date": [
          "Mon, 12 Jul 2021 08:45:48 GMT"
        ],
        "Expires": [
          "-1"
        ],
        "Content-Length": [
          "0"
        ]
      },
      "ResponseBody": "",
      "StatusCode": 202
    },
    {
      "RequestUri": "/subscriptions/90c9cfa9-ec88-4677-a8ce-5c74405ef60a/resourceGroups/signalr-test-rg159/providers/Microsoft.SignalRService/SignalR/signalr-test7333/operationStatuses/6d643735-051b-4932-b813-d42e27789237?api-version=2021-06-01-preview",
      "EncodedRequestUri": "L3N1YnNjcmlwdGlvbnMvOTBjOWNmYTktZWM4OC00Njc3LWE4Y2UtNWM3NDQwNWVmNjBhL3Jlc291cmNlR3JvdXBzL3NpZ25hbHItdGVzdC1yZzE1OS9wcm92aWRlcnMvTWljcm9zb2Z0LlNpZ25hbFJTZXJ2aWNlL1NpZ25hbFIvc2lnbmFsci10ZXN0NzMzMy9vcGVyYXRpb25TdGF0dXNlcy82ZDY0MzczNS0wNTFiLTQ5MzItYjgxMy1kNDJlMjc3ODkyMzc/YXBpLXZlcnNpb249MjAyMS0wNi0wMS1wcmV2aWV3",
      "RequestMethod": "GET",
      "RequestBody": "",
      "RequestHeaders": {
        "User-Agent": [
          "FxVersion/4.6.30015.01",
          "OSName/Windows",
          "OSVersion/Microsoft.Windows.10.0.19043.",
          "Microsoft.Azure.Management.SignalR.SignalRManagementClient/1.1.3.0"
        ]
      },
      "ResponseHeaders": {
        "Cache-Control": [
          "no-cache"
        ],
        "Pragma": [
          "no-cache"
        ],
        "x-ms-ratelimit-remaining-subscription-reads": [
          "11991"
        ],
        "Strict-Transport-Security": [
          "max-age=31536000; includeSubDomains"
        ],
        "X-Content-Type-Options": [
          "nosniff"
        ],
        "x-ms-client-request-id": [
          "45d186be-7744-423d-bd92-2b29f2560055"
        ],
        "x-rp-server-mvid": [
          "c8c892ec-b6b9-400b-ba22-7ccdea42e60a"
        ],
        "x-ms-request-id": [
          "f12b1e59-1d4a-4208-9f92-e8edd151fd11"
        ],
        "Server": [
          "Kestrel"
        ],
        "x-ms-correlation-request-id": [
          "b5ebadfe-a0c2-44da-9968-bba6c1673baa"
        ],
        "x-ms-routing-request-id": [
          "SOUTHEASTASIA:20210712T084619Z:b5ebadfe-a0c2-44da-9968-bba6c1673baa"
        ],
        "Date": [
          "Mon, 12 Jul 2021 08:46:18 GMT"
        ],
        "Content-Length": [
          "316"
        ],
        "Content-Type": [
          "application/json; charset=utf-8"
        ],
        "Expires": [
          "-1"
        ]
      },
      "ResponseBody": "{\r\n  \"id\": \"/subscriptions/90c9cfa9-ec88-4677-a8ce-5c74405ef60a/resourceGroups/signalr-test-rg159/providers/Microsoft.SignalRService/SignalR/signalr-test7333/operationStatuses/6d643735-051b-4932-b813-d42e27789237\",\r\n  \"name\": \"6d643735-051b-4932-b813-d42e27789237\",\r\n  \"status\": \"Running\",\r\n  \"startTime\": \"2021-07-12T08:45:48.834722Z\"\r\n}",
      "StatusCode": 200
    },
    {
      "RequestUri": "/subscriptions/90c9cfa9-ec88-4677-a8ce-5c74405ef60a/resourceGroups/signalr-test-rg159/providers/Microsoft.SignalRService/SignalR/signalr-test7333/operationStatuses/6d643735-051b-4932-b813-d42e27789237?api-version=2021-06-01-preview",
      "EncodedRequestUri": "L3N1YnNjcmlwdGlvbnMvOTBjOWNmYTktZWM4OC00Njc3LWE4Y2UtNWM3NDQwNWVmNjBhL3Jlc291cmNlR3JvdXBzL3NpZ25hbHItdGVzdC1yZzE1OS9wcm92aWRlcnMvTWljcm9zb2Z0LlNpZ25hbFJTZXJ2aWNlL1NpZ25hbFIvc2lnbmFsci10ZXN0NzMzMy9vcGVyYXRpb25TdGF0dXNlcy82ZDY0MzczNS0wNTFiLTQ5MzItYjgxMy1kNDJlMjc3ODkyMzc/YXBpLXZlcnNpb249MjAyMS0wNi0wMS1wcmV2aWV3",
      "RequestMethod": "GET",
      "RequestBody": "",
      "RequestHeaders": {
        "User-Agent": [
          "FxVersion/4.6.30015.01",
          "OSName/Windows",
          "OSVersion/Microsoft.Windows.10.0.19043.",
          "Microsoft.Azure.Management.SignalR.SignalRManagementClient/1.1.3.0"
        ]
      },
      "ResponseHeaders": {
        "Cache-Control": [
          "no-cache"
        ],
        "Pragma": [
          "no-cache"
        ],
        "x-ms-ratelimit-remaining-subscription-reads": [
          "11990"
        ],
        "Strict-Transport-Security": [
          "max-age=31536000; includeSubDomains"
        ],
        "X-Content-Type-Options": [
          "nosniff"
        ],
        "x-ms-client-request-id": [
          "cb1a08c0-e94b-4d04-9d8d-0fa6708453cb"
        ],
        "x-rp-server-mvid": [
          "c8c892ec-b6b9-400b-ba22-7ccdea42e60a"
        ],
        "x-ms-request-id": [
          "58c27dab-7bd2-4346-a2e7-8e75736a506c"
        ],
        "Server": [
          "Kestrel"
        ],
        "x-ms-correlation-request-id": [
          "1df23a15-8d2e-48bc-8a6c-ebb1ef419003"
        ],
        "x-ms-routing-request-id": [
          "SOUTHEASTASIA:20210712T084649Z:1df23a15-8d2e-48bc-8a6c-ebb1ef419003"
        ],
        "Date": [
          "Mon, 12 Jul 2021 08:46:48 GMT"
        ],
        "Content-Length": [
          "316"
        ],
        "Content-Type": [
          "application/json; charset=utf-8"
        ],
        "Expires": [
          "-1"
        ]
      },
      "ResponseBody": "{\r\n  \"id\": \"/subscriptions/90c9cfa9-ec88-4677-a8ce-5c74405ef60a/resourceGroups/signalr-test-rg159/providers/Microsoft.SignalRService/SignalR/signalr-test7333/operationStatuses/6d643735-051b-4932-b813-d42e27789237\",\r\n  \"name\": \"6d643735-051b-4932-b813-d42e27789237\",\r\n  \"status\": \"Running\",\r\n  \"startTime\": \"2021-07-12T08:45:48.834722Z\"\r\n}",
      "StatusCode": 200
    },
    {
      "RequestUri": "/subscriptions/90c9cfa9-ec88-4677-a8ce-5c74405ef60a/resourceGroups/signalr-test-rg159/providers/Microsoft.SignalRService/SignalR/signalr-test7333/operationStatuses/6d643735-051b-4932-b813-d42e27789237?api-version=2021-06-01-preview",
      "EncodedRequestUri": "L3N1YnNjcmlwdGlvbnMvOTBjOWNmYTktZWM4OC00Njc3LWE4Y2UtNWM3NDQwNWVmNjBhL3Jlc291cmNlR3JvdXBzL3NpZ25hbHItdGVzdC1yZzE1OS9wcm92aWRlcnMvTWljcm9zb2Z0LlNpZ25hbFJTZXJ2aWNlL1NpZ25hbFIvc2lnbmFsci10ZXN0NzMzMy9vcGVyYXRpb25TdGF0dXNlcy82ZDY0MzczNS0wNTFiLTQ5MzItYjgxMy1kNDJlMjc3ODkyMzc/YXBpLXZlcnNpb249MjAyMS0wNi0wMS1wcmV2aWV3",
      "RequestMethod": "GET",
      "RequestBody": "",
      "RequestHeaders": {
        "User-Agent": [
          "FxVersion/4.6.30015.01",
          "OSName/Windows",
          "OSVersion/Microsoft.Windows.10.0.19043.",
          "Microsoft.Azure.Management.SignalR.SignalRManagementClient/1.1.3.0"
        ]
      },
      "ResponseHeaders": {
        "Cache-Control": [
          "no-cache"
        ],
        "Pragma": [
          "no-cache"
        ],
        "x-ms-ratelimit-remaining-subscription-reads": [
          "11989"
        ],
        "Strict-Transport-Security": [
          "max-age=31536000; includeSubDomains"
        ],
        "X-Content-Type-Options": [
          "nosniff"
        ],
        "x-ms-client-request-id": [
          "00133a4b-d3d8-4101-b138-f0b3f8637118"
        ],
        "x-rp-server-mvid": [
          "c8c892ec-b6b9-400b-ba22-7ccdea42e60a"
        ],
        "x-ms-request-id": [
          "e8590978-bca9-4ec6-8676-87835266b948"
        ],
        "Server": [
          "Kestrel"
        ],
        "x-ms-correlation-request-id": [
          "d0c09905-db6e-4fa0-b81b-22d5a1e04835"
        ],
        "x-ms-routing-request-id": [
          "SOUTHEASTASIA:20210712T084719Z:d0c09905-db6e-4fa0-b81b-22d5a1e04835"
        ],
        "Date": [
          "Mon, 12 Jul 2021 08:47:18 GMT"
        ],
        "Content-Length": [
          "359"
        ],
        "Content-Type": [
          "application/json; charset=utf-8"
        ],
        "Expires": [
          "-1"
        ]
      },
      "ResponseBody": "{\r\n  \"id\": \"/subscriptions/90c9cfa9-ec88-4677-a8ce-5c74405ef60a/resourceGroups/signalr-test-rg159/providers/Microsoft.SignalRService/SignalR/signalr-test7333/operationStatuses/6d643735-051b-4932-b813-d42e27789237\",\r\n  \"name\": \"6d643735-051b-4932-b813-d42e27789237\",\r\n  \"status\": \"Succeeded\",\r\n  \"startTime\": \"2021-07-12T08:45:48.834722Z\",\r\n  \"endTime\": \"2021-07-12T08:47:14.5776239Z\"\r\n}",
      "StatusCode": 200
    },
    {
      "RequestUri": "/subscriptions/90c9cfa9-ec88-4677-a8ce-5c74405ef60a/resourceGroups/signalr-test-rg159/providers/Microsoft.SignalRService/signalR/signalr-test7333/regenerateKey?api-version=2021-06-01-preview",
      "EncodedRequestUri": "L3N1YnNjcmlwdGlvbnMvOTBjOWNmYTktZWM4OC00Njc3LWE4Y2UtNWM3NDQwNWVmNjBhL3Jlc291cmNlR3JvdXBzL3NpZ25hbHItdGVzdC1yZzE1OS9wcm92aWRlcnMvTWljcm9zb2Z0LlNpZ25hbFJTZXJ2aWNlL3NpZ25hbFIvc2lnbmFsci10ZXN0NzMzMy9yZWdlbmVyYXRlS2V5P2FwaS12ZXJzaW9uPTIwMjEtMDYtMDEtcHJldmlldw==",
      "RequestMethod": "POST",
      "RequestBody": "{\r\n  \"keyType\": \"Primary\"\r\n}",
      "RequestHeaders": {
        "x-ms-client-request-id": [
          "26f04aa0-7b7b-4aca-8faa-604b97b3d7ae"
        ],
        "Accept-Language": [
          "en-US"
        ],
        "User-Agent": [
          "FxVersion/4.6.30015.01",
          "OSName/Windows",
          "OSVersion/Microsoft.Windows.10.0.19043.",
          "Microsoft.Azure.Management.SignalR.SignalRManagementClient/1.1.3.0"
        ],
        "Content-Type": [
          "application/json; charset=utf-8"
        ],
        "Content-Length": [
          "28"
        ]
      },
      "ResponseHeaders": {
        "Cache-Control": [
          "no-cache"
        ],
        "Pragma": [
          "no-cache"
        ],
        "Location": [
          "https://management.azure.com/subscriptions/90c9cfa9-ec88-4677-a8ce-5c74405ef60a/resourceGroups/signalr-test-rg159/providers/Microsoft.SignalRService/SignalR/signalr-test7333/operationResults/32834fea-743c-4a41-a5d9-59c60bb4f5bb?api-version=2021-06-01-preview"
        ],
        "x-ms-ratelimit-remaining-subscription-writes": [
          "1197"
        ],
        "Strict-Transport-Security": [
          "max-age=31536000; includeSubDomains"
        ],
        "X-Content-Type-Options": [
          "nosniff"
        ],
        "x-ms-client-request-id": [
          "26f04aa0-7b7b-4aca-8faa-604b97b3d7ae"
        ],
        "x-rp-server-mvid": [
          "c8c892ec-b6b9-400b-ba22-7ccdea42e60a"
        ],
        "Azure-AsyncOperation": [
          "https://management.azure.com/subscriptions/90c9cfa9-ec88-4677-a8ce-5c74405ef60a/resourceGroups/signalr-test-rg159/providers/Microsoft.SignalRService/SignalR/signalr-test7333/operationStatuses/32834fea-743c-4a41-a5d9-59c60bb4f5bb?api-version=2021-06-01-preview"
        ],
        "x-ms-request-id": [
          "1a91c372-87ba-46d8-8e8c-1acb290d4ced"
        ],
        "Server": [
          "Kestrel"
        ],
        "x-ms-correlation-request-id": [
          "597e754d-4b3b-46fa-b11d-cd071bfc6c6f"
        ],
        "x-ms-routing-request-id": [
          "SOUTHEASTASIA:20210712T084720Z:597e754d-4b3b-46fa-b11d-cd071bfc6c6f"
        ],
        "Date": [
          "Mon, 12 Jul 2021 08:47:20 GMT"
        ],
        "Content-Length": [
          "425"
        ],
        "Content-Type": [
          "application/json; charset=utf-8"
        ],
        "Expires": [
          "-1"
        ]
      },
      "ResponseBody": "{\r\n  \"primaryKey\": \"WBadmFjO/4pF90+fyp3ce+ZRg3ufYv8wLGQ6E5xzfMk=\",\r\n  \"secondaryKey\": \"i2kDREngvmbrH2ivGCMaiWOllSzAUZJ+rab9ykjIsG8=\",\r\n  \"primaryConnectionString\": \"Endpoint=https://signalr-test7333.service.signalr.net;AccessKey=WBadmFjO/4pF90+fyp3ce+ZRg3ufYv8wLGQ6E5xzfMk=;Version=1.0;\",\r\n  \"secondaryConnectionString\": \"Endpoint=https://signalr-test7333.service.signalr.net;AccessKey=i2kDREngvmbrH2ivGCMaiWOllSzAUZJ+rab9ykjIsG8=;Version=1.0;\"\r\n}",
      "StatusCode": 202
    },
    {
      "RequestUri": "/subscriptions/90c9cfa9-ec88-4677-a8ce-5c74405ef60a/resourceGroups/signalr-test-rg159/providers/Microsoft.SignalRService/signalR/signalr-test7333/regenerateKey?api-version=2021-06-01-preview",
      "EncodedRequestUri": "L3N1YnNjcmlwdGlvbnMvOTBjOWNmYTktZWM4OC00Njc3LWE4Y2UtNWM3NDQwNWVmNjBhL3Jlc291cmNlR3JvdXBzL3NpZ25hbHItdGVzdC1yZzE1OS9wcm92aWRlcnMvTWljcm9zb2Z0LlNpZ25hbFJTZXJ2aWNlL3NpZ25hbFIvc2lnbmFsci10ZXN0NzMzMy9yZWdlbmVyYXRlS2V5P2FwaS12ZXJzaW9uPTIwMjEtMDYtMDEtcHJldmlldw==",
      "RequestMethod": "POST",
      "RequestBody": "{\r\n  \"keyType\": \"Secondary\"\r\n}",
      "RequestHeaders": {
        "x-ms-client-request-id": [
          "1ef05b29-aaa9-4b3d-80b1-cf2ef15e7467"
        ],
        "Accept-Language": [
          "en-US"
        ],
        "User-Agent": [
          "FxVersion/4.6.30015.01",
          "OSName/Windows",
          "OSVersion/Microsoft.Windows.10.0.19043.",
          "Microsoft.Azure.Management.SignalR.SignalRManagementClient/1.1.3.0"
        ],
        "Content-Type": [
          "application/json; charset=utf-8"
        ],
        "Content-Length": [
          "30"
        ]
      },
      "ResponseHeaders": {
        "Cache-Control": [
          "no-cache"
        ],
        "Pragma": [
          "no-cache"
        ],
        "Location": [
          "https://management.azure.com/subscriptions/90c9cfa9-ec88-4677-a8ce-5c74405ef60a/resourceGroups/signalr-test-rg159/providers/Microsoft.SignalRService/SignalR/signalr-test7333/operationResults/b1913385-9c7a-4cf4-9d9c-a97a0e0a5e5f?api-version=2021-06-01-preview"
        ],
        "x-ms-ratelimit-remaining-subscription-writes": [
          "1195"
        ],
        "Strict-Transport-Security": [
          "max-age=31536000; includeSubDomains"
        ],
        "X-Content-Type-Options": [
          "nosniff"
        ],
        "x-ms-client-request-id": [
          "1ef05b29-aaa9-4b3d-80b1-cf2ef15e7467"
        ],
        "x-rp-server-mvid": [
          "c8c892ec-b6b9-400b-ba22-7ccdea42e60a"
        ],
        "Azure-AsyncOperation": [
          "https://management.azure.com/subscriptions/90c9cfa9-ec88-4677-a8ce-5c74405ef60a/resourceGroups/signalr-test-rg159/providers/Microsoft.SignalRService/SignalR/signalr-test7333/operationStatuses/b1913385-9c7a-4cf4-9d9c-a97a0e0a5e5f?api-version=2021-06-01-preview"
        ],
        "x-ms-request-id": [
          "09e65e56-7147-4752-b009-fdff6feb116b"
        ],
        "Server": [
          "Kestrel"
        ],
        "x-ms-correlation-request-id": [
          "6ead636b-34e5-4cb9-9684-62d097ac9122"
        ],
        "x-ms-routing-request-id": [
          "SOUTHEASTASIA:20210712T084852Z:6ead636b-34e5-4cb9-9684-62d097ac9122"
        ],
        "Date": [
          "Mon, 12 Jul 2021 08:48:52 GMT"
        ],
        "Content-Length": [
          "425"
        ],
        "Content-Type": [
          "application/json; charset=utf-8"
        ],
        "Expires": [
          "-1"
        ]
      },
      "ResponseBody": "{\r\n  \"primaryKey\": \"WBadmFjO/4pF90+fyp3ce+ZRg3ufYv8wLGQ6E5xzfMk=\",\r\n  \"secondaryKey\": \"KQxydvCBwyKlU0adi4ufAmo59iumS2BMvqH/wKKIYhY=\",\r\n  \"primaryConnectionString\": \"Endpoint=https://signalr-test7333.service.signalr.net;AccessKey=WBadmFjO/4pF90+fyp3ce+ZRg3ufYv8wLGQ6E5xzfMk=;Version=1.0;\",\r\n  \"secondaryConnectionString\": \"Endpoint=https://signalr-test7333.service.signalr.net;AccessKey=KQxydvCBwyKlU0adi4ufAmo59iumS2BMvqH/wKKIYhY=;Version=1.0;\"\r\n}",
      "StatusCode": 202
    },
    {
      "RequestUri": "/subscriptions/90c9cfa9-ec88-4677-a8ce-5c74405ef60a/resourceGroups/signalr-test-rg159/providers/Microsoft.SignalRService/SignalR/signalr-test7333/operationStatuses/32834fea-743c-4a41-a5d9-59c60bb4f5bb?api-version=2021-06-01-preview",
      "EncodedRequestUri": "L3N1YnNjcmlwdGlvbnMvOTBjOWNmYTktZWM4OC00Njc3LWE4Y2UtNWM3NDQwNWVmNjBhL3Jlc291cmNlR3JvdXBzL3NpZ25hbHItdGVzdC1yZzE1OS9wcm92aWRlcnMvTWljcm9zb2Z0LlNpZ25hbFJTZXJ2aWNlL1NpZ25hbFIvc2lnbmFsci10ZXN0NzMzMy9vcGVyYXRpb25TdGF0dXNlcy8zMjgzNGZlYS03NDNjLTRhNDEtYTVkOS01OWM2MGJiNGY1YmI/YXBpLXZlcnNpb249MjAyMS0wNi0wMS1wcmV2aWV3",
      "RequestMethod": "GET",
      "RequestBody": "",
      "RequestHeaders": {
        "User-Agent": [
          "FxVersion/4.6.30015.01",
          "OSName/Windows",
          "OSVersion/Microsoft.Windows.10.0.19043.",
          "Microsoft.Azure.Management.SignalR.SignalRManagementClient/1.1.3.0"
        ]
      },
      "ResponseHeaders": {
        "Cache-Control": [
          "no-cache"
        ],
        "Pragma": [
          "no-cache"
        ],
        "x-ms-ratelimit-remaining-subscription-reads": [
          "11987"
        ],
        "Strict-Transport-Security": [
          "max-age=31536000; includeSubDomains"
        ],
        "X-Content-Type-Options": [
          "nosniff"
        ],
        "x-ms-client-request-id": [
          "f0047c01-cce9-4691-bb0e-23472815cd02"
        ],
        "x-rp-server-mvid": [
          "c8c892ec-b6b9-400b-ba22-7ccdea42e60a"
        ],
        "x-ms-request-id": [
          "ecff941a-93e1-4119-9a44-084abfd73596"
        ],
        "Server": [
          "Kestrel"
        ],
        "x-ms-correlation-request-id": [
          "7f936e9c-53ac-4f4b-b557-2971fb8d992c"
        ],
        "x-ms-routing-request-id": [
          "SOUTHEASTASIA:20210712T084751Z:7f936e9c-53ac-4f4b-b557-2971fb8d992c"
        ],
        "Date": [
          "Mon, 12 Jul 2021 08:47:50 GMT"
        ],
        "Content-Length": [
          "317"
        ],
        "Content-Type": [
          "application/json; charset=utf-8"
        ],
        "Expires": [
          "-1"
        ]
      },
      "ResponseBody": "{\r\n  \"id\": \"/subscriptions/90c9cfa9-ec88-4677-a8ce-5c74405ef60a/resourceGroups/signalr-test-rg159/providers/Microsoft.SignalRService/SignalR/signalr-test7333/operationStatuses/32834fea-743c-4a41-a5d9-59c60bb4f5bb\",\r\n  \"name\": \"32834fea-743c-4a41-a5d9-59c60bb4f5bb\",\r\n  \"status\": \"Running\",\r\n  \"startTime\": \"2021-07-12T08:47:20.4377066Z\"\r\n}",
      "StatusCode": 200
    },
    {
      "RequestUri": "/subscriptions/90c9cfa9-ec88-4677-a8ce-5c74405ef60a/resourceGroups/signalr-test-rg159/providers/Microsoft.SignalRService/SignalR/signalr-test7333/operationStatuses/32834fea-743c-4a41-a5d9-59c60bb4f5bb?api-version=2021-06-01-preview",
      "EncodedRequestUri": "L3N1YnNjcmlwdGlvbnMvOTBjOWNmYTktZWM4OC00Njc3LWE4Y2UtNWM3NDQwNWVmNjBhL3Jlc291cmNlR3JvdXBzL3NpZ25hbHItdGVzdC1yZzE1OS9wcm92aWRlcnMvTWljcm9zb2Z0LlNpZ25hbFJTZXJ2aWNlL1NpZ25hbFIvc2lnbmFsci10ZXN0NzMzMy9vcGVyYXRpb25TdGF0dXNlcy8zMjgzNGZlYS03NDNjLTRhNDEtYTVkOS01OWM2MGJiNGY1YmI/YXBpLXZlcnNpb249MjAyMS0wNi0wMS1wcmV2aWV3",
      "RequestMethod": "GET",
      "RequestBody": "",
      "RequestHeaders": {
        "User-Agent": [
          "FxVersion/4.6.30015.01",
          "OSName/Windows",
          "OSVersion/Microsoft.Windows.10.0.19043.",
          "Microsoft.Azure.Management.SignalR.SignalRManagementClient/1.1.3.0"
        ]
      },
      "ResponseHeaders": {
        "Cache-Control": [
          "no-cache"
        ],
        "Pragma": [
          "no-cache"
        ],
        "x-ms-ratelimit-remaining-subscription-reads": [
          "11986"
        ],
        "Strict-Transport-Security": [
          "max-age=31536000; includeSubDomains"
        ],
        "X-Content-Type-Options": [
          "nosniff"
        ],
        "x-ms-client-request-id": [
          "a316eeef-e05a-4886-81ea-082c4d347dd9"
        ],
        "x-rp-server-mvid": [
          "c8c892ec-b6b9-400b-ba22-7ccdea42e60a"
        ],
        "x-ms-request-id": [
          "9ae909b7-dbb2-4fb2-a3ad-3ce78a6a2c4f"
        ],
        "Server": [
          "Kestrel"
        ],
        "x-ms-correlation-request-id": [
          "ed18205c-55af-4c25-b2f5-db26893692cf"
        ],
        "x-ms-routing-request-id": [
          "SOUTHEASTASIA:20210712T084821Z:ed18205c-55af-4c25-b2f5-db26893692cf"
        ],
        "Date": [
          "Mon, 12 Jul 2021 08:48:21 GMT"
        ],
        "Content-Length": [
          "317"
        ],
        "Content-Type": [
          "application/json; charset=utf-8"
        ],
        "Expires": [
          "-1"
        ]
      },
      "ResponseBody": "{\r\n  \"id\": \"/subscriptions/90c9cfa9-ec88-4677-a8ce-5c74405ef60a/resourceGroups/signalr-test-rg159/providers/Microsoft.SignalRService/SignalR/signalr-test7333/operationStatuses/32834fea-743c-4a41-a5d9-59c60bb4f5bb\",\r\n  \"name\": \"32834fea-743c-4a41-a5d9-59c60bb4f5bb\",\r\n  \"status\": \"Running\",\r\n  \"startTime\": \"2021-07-12T08:47:20.4377066Z\"\r\n}",
      "StatusCode": 200
    },
    {
      "RequestUri": "/subscriptions/90c9cfa9-ec88-4677-a8ce-5c74405ef60a/resourceGroups/signalr-test-rg159/providers/Microsoft.SignalRService/SignalR/signalr-test7333/operationStatuses/32834fea-743c-4a41-a5d9-59c60bb4f5bb?api-version=2021-06-01-preview",
      "EncodedRequestUri": "L3N1YnNjcmlwdGlvbnMvOTBjOWNmYTktZWM4OC00Njc3LWE4Y2UtNWM3NDQwNWVmNjBhL3Jlc291cmNlR3JvdXBzL3NpZ25hbHItdGVzdC1yZzE1OS9wcm92aWRlcnMvTWljcm9zb2Z0LlNpZ25hbFJTZXJ2aWNlL1NpZ25hbFIvc2lnbmFsci10ZXN0NzMzMy9vcGVyYXRpb25TdGF0dXNlcy8zMjgzNGZlYS03NDNjLTRhNDEtYTVkOS01OWM2MGJiNGY1YmI/YXBpLXZlcnNpb249MjAyMS0wNi0wMS1wcmV2aWV3",
      "RequestMethod": "GET",
      "RequestBody": "",
      "RequestHeaders": {
        "User-Agent": [
          "FxVersion/4.6.30015.01",
          "OSName/Windows",
          "OSVersion/Microsoft.Windows.10.0.19043.",
          "Microsoft.Azure.Management.SignalR.SignalRManagementClient/1.1.3.0"
        ]
      },
      "ResponseHeaders": {
        "Cache-Control": [
          "no-cache"
        ],
        "Pragma": [
          "no-cache"
        ],
        "x-ms-ratelimit-remaining-subscription-reads": [
          "11985"
        ],
        "Strict-Transport-Security": [
          "max-age=31536000; includeSubDomains"
        ],
        "X-Content-Type-Options": [
          "nosniff"
        ],
        "x-ms-client-request-id": [
          "e3259115-ecac-42e1-af4b-944bcb0d50fe"
        ],
        "x-rp-server-mvid": [
          "c8c892ec-b6b9-400b-ba22-7ccdea42e60a"
        ],
        "x-ms-request-id": [
          "a270c46d-63ce-4c9a-8182-1da5c70a59cf"
        ],
        "Server": [
          "Kestrel"
        ],
        "x-ms-correlation-request-id": [
          "d224e2dd-bdc0-49c4-9926-39ab1f0fa1f2"
        ],
        "x-ms-routing-request-id": [
          "SOUTHEASTASIA:20210712T084851Z:d224e2dd-bdc0-49c4-9926-39ab1f0fa1f2"
        ],
        "Date": [
          "Mon, 12 Jul 2021 08:48:51 GMT"
        ],
        "Content-Length": [
          "360"
        ],
        "Content-Type": [
          "application/json; charset=utf-8"
        ],
        "Expires": [
          "-1"
        ]
      },
      "ResponseBody": "{\r\n  \"id\": \"/subscriptions/90c9cfa9-ec88-4677-a8ce-5c74405ef60a/resourceGroups/signalr-test-rg159/providers/Microsoft.SignalRService/SignalR/signalr-test7333/operationStatuses/32834fea-743c-4a41-a5d9-59c60bb4f5bb\",\r\n  \"name\": \"32834fea-743c-4a41-a5d9-59c60bb4f5bb\",\r\n  \"status\": \"Succeeded\",\r\n  \"startTime\": \"2021-07-12T08:47:20.4377066Z\",\r\n  \"endTime\": \"2021-07-12T08:48:34.4361737Z\"\r\n}",
      "StatusCode": 200
    },
    {
      "RequestUri": "/subscriptions/90c9cfa9-ec88-4677-a8ce-5c74405ef60a/resourceGroups/signalr-test-rg159/providers/Microsoft.SignalRService/SignalR/signalr-test7333/operationResults/32834fea-743c-4a41-a5d9-59c60bb4f5bb?api-version=2021-06-01-preview",
      "EncodedRequestUri": "L3N1YnNjcmlwdGlvbnMvOTBjOWNmYTktZWM4OC00Njc3LWE4Y2UtNWM3NDQwNWVmNjBhL3Jlc291cmNlR3JvdXBzL3NpZ25hbHItdGVzdC1yZzE1OS9wcm92aWRlcnMvTWljcm9zb2Z0LlNpZ25hbFJTZXJ2aWNlL1NpZ25hbFIvc2lnbmFsci10ZXN0NzMzMy9vcGVyYXRpb25SZXN1bHRzLzMyODM0ZmVhLTc0M2MtNGE0MS1hNWQ5LTU5YzYwYmI0ZjViYj9hcGktdmVyc2lvbj0yMDIxLTA2LTAxLXByZXZpZXc=",
      "RequestMethod": "GET",
      "RequestBody": "",
      "RequestHeaders": {
        "User-Agent": [
          "FxVersion/4.6.30015.01",
          "OSName/Windows",
          "OSVersion/Microsoft.Windows.10.0.19043.",
          "Microsoft.Azure.Management.SignalR.SignalRManagementClient/1.1.3.0"
        ]
      },
      "ResponseHeaders": {
        "Cache-Control": [
          "no-cache"
        ],
        "Pragma": [
          "no-cache"
        ],
        "Strict-Transport-Security": [
          "max-age=31536000; includeSubDomains"
        ],
        "X-Content-Type-Options": [
          "nosniff"
        ],
        "x-ms-client-request-id": [
          "05a15cfa-8a20-4614-9622-f4dd9aa013fb"
        ],
        "x-rp-server-mvid": [
          "c8c892ec-b6b9-400b-ba22-7ccdea42e60a"
        ],
        "x-ms-request-id": [
          "7cf8c76b-56e9-4378-91d7-6eca25e29b91"
        ],
        "Server": [
          "Kestrel"
        ],
        "x-ms-ratelimit-remaining-subscription-reads": [
          "11984"
        ],
        "x-ms-correlation-request-id": [
          "bfe3fa8d-e279-404c-90e3-da0631b79818"
        ],
        "x-ms-routing-request-id": [
          "SOUTHEASTASIA:20210712T084851Z:bfe3fa8d-e279-404c-90e3-da0631b79818"
        ],
        "Date": [
          "Mon, 12 Jul 2021 08:48:51 GMT"
        ],
        "Expires": [
          "-1"
        ],
        "Content-Length": [
          "0"
        ]
      },
      "ResponseBody": "",
      "StatusCode": 200
    },
    {
      "RequestUri": "/subscriptions/90c9cfa9-ec88-4677-a8ce-5c74405ef60a/resourceGroups/signalr-test-rg159/providers/Microsoft.SignalRService/SignalR/signalr-test7333/operationStatuses/b1913385-9c7a-4cf4-9d9c-a97a0e0a5e5f?api-version=2021-06-01-preview",
      "EncodedRequestUri": "L3N1YnNjcmlwdGlvbnMvOTBjOWNmYTktZWM4OC00Njc3LWE4Y2UtNWM3NDQwNWVmNjBhL3Jlc291cmNlR3JvdXBzL3NpZ25hbHItdGVzdC1yZzE1OS9wcm92aWRlcnMvTWljcm9zb2Z0LlNpZ25hbFJTZXJ2aWNlL1NpZ25hbFIvc2lnbmFsci10ZXN0NzMzMy9vcGVyYXRpb25TdGF0dXNlcy9iMTkxMzM4NS05YzdhLTRjZjQtOWQ5Yy1hOTdhMGUwYTVlNWY/YXBpLXZlcnNpb249MjAyMS0wNi0wMS1wcmV2aWV3",
      "RequestMethod": "GET",
      "RequestBody": "",
      "RequestHeaders": {
        "User-Agent": [
          "FxVersion/4.6.30015.01",
          "OSName/Windows",
          "OSVersion/Microsoft.Windows.10.0.19043.",
          "Microsoft.Azure.Management.SignalR.SignalRManagementClient/1.1.3.0"
        ]
      },
      "ResponseHeaders": {
        "Cache-Control": [
          "no-cache"
        ],
        "Pragma": [
          "no-cache"
        ],
        "x-ms-ratelimit-remaining-subscription-reads": [
          "11983"
        ],
        "x-ms-correlation-request-id": [
          "6fdec2fc-6dd9-45f2-812d-942da10a2260"
        ],
        "Strict-Transport-Security": [
          "max-age=31536000; includeSubDomains"
        ],
        "X-Content-Type-Options": [
          "nosniff"
        ],
        "x-ms-client-request-id": [
          "a68b36fe-795a-4497-b2e0-426b47a349cd"
        ],
        "x-rp-server-mvid": [
          "c8c892ec-b6b9-400b-ba22-7ccdea42e60a"
        ],
        "x-ms-request-id": [
          "085fe592-76c5-45a1-a46a-356da28c977f"
        ],
        "Server": [
          "Kestrel"
        ],
        "x-ms-routing-request-id": [
          "SOUTHEASTASIA:20210712T084922Z:6fdec2fc-6dd9-45f2-812d-942da10a2260"
        ],
        "Date": [
          "Mon, 12 Jul 2021 08:49:22 GMT"
        ],
        "Content-Length": [
          "317"
        ],
        "Content-Type": [
          "application/json; charset=utf-8"
        ],
        "Expires": [
          "-1"
        ]
      },
      "ResponseBody": "{\r\n  \"id\": \"/subscriptions/90c9cfa9-ec88-4677-a8ce-5c74405ef60a/resourceGroups/signalr-test-rg159/providers/Microsoft.SignalRService/SignalR/signalr-test7333/operationStatuses/b1913385-9c7a-4cf4-9d9c-a97a0e0a5e5f\",\r\n  \"name\": \"b1913385-9c7a-4cf4-9d9c-a97a0e0a5e5f\",\r\n  \"status\": \"Running\",\r\n  \"startTime\": \"2021-07-12T08:48:52.3134232Z\"\r\n}",
      "StatusCode": 200
    },
    {
      "RequestUri": "/subscriptions/90c9cfa9-ec88-4677-a8ce-5c74405ef60a/resourceGroups/signalr-test-rg159/providers/Microsoft.SignalRService/SignalR/signalr-test7333/operationStatuses/b1913385-9c7a-4cf4-9d9c-a97a0e0a5e5f?api-version=2021-06-01-preview",
      "EncodedRequestUri": "L3N1YnNjcmlwdGlvbnMvOTBjOWNmYTktZWM4OC00Njc3LWE4Y2UtNWM3NDQwNWVmNjBhL3Jlc291cmNlR3JvdXBzL3NpZ25hbHItdGVzdC1yZzE1OS9wcm92aWRlcnMvTWljcm9zb2Z0LlNpZ25hbFJTZXJ2aWNlL1NpZ25hbFIvc2lnbmFsci10ZXN0NzMzMy9vcGVyYXRpb25TdGF0dXNlcy9iMTkxMzM4NS05YzdhLTRjZjQtOWQ5Yy1hOTdhMGUwYTVlNWY/YXBpLXZlcnNpb249MjAyMS0wNi0wMS1wcmV2aWV3",
      "RequestMethod": "GET",
      "RequestBody": "",
      "RequestHeaders": {
        "User-Agent": [
          "FxVersion/4.6.30015.01",
          "OSName/Windows",
          "OSVersion/Microsoft.Windows.10.0.19043.",
          "Microsoft.Azure.Management.SignalR.SignalRManagementClient/1.1.3.0"
        ]
      },
      "ResponseHeaders": {
        "Cache-Control": [
          "no-cache"
        ],
        "Pragma": [
          "no-cache"
        ],
        "x-ms-ratelimit-remaining-subscription-reads": [
          "11982"
        ],
        "Strict-Transport-Security": [
          "max-age=31536000; includeSubDomains"
        ],
        "X-Content-Type-Options": [
          "nosniff"
        ],
        "x-ms-client-request-id": [
          "3ea9c3e9-3af4-485c-b3d5-62cd915dea94"
        ],
        "x-rp-server-mvid": [
          "c8c892ec-b6b9-400b-ba22-7ccdea42e60a"
        ],
        "x-ms-request-id": [
          "2f87a885-dbfb-4da7-b1b9-bc6563ac94f5"
        ],
        "Server": [
          "Kestrel"
        ],
        "x-ms-correlation-request-id": [
          "dc40d315-122d-4c08-bdf9-a651feb0786a"
        ],
        "x-ms-routing-request-id": [
          "SOUTHEASTASIA:20210712T084953Z:dc40d315-122d-4c08-bdf9-a651feb0786a"
        ],
        "Date": [
          "Mon, 12 Jul 2021 08:49:52 GMT"
        ],
        "Content-Length": [
          "317"
        ],
        "Content-Type": [
          "application/json; charset=utf-8"
        ],
        "Expires": [
          "-1"
        ]
      },
      "ResponseBody": "{\r\n  \"id\": \"/subscriptions/90c9cfa9-ec88-4677-a8ce-5c74405ef60a/resourceGroups/signalr-test-rg159/providers/Microsoft.SignalRService/SignalR/signalr-test7333/operationStatuses/b1913385-9c7a-4cf4-9d9c-a97a0e0a5e5f\",\r\n  \"name\": \"b1913385-9c7a-4cf4-9d9c-a97a0e0a5e5f\",\r\n  \"status\": \"Running\",\r\n  \"startTime\": \"2021-07-12T08:48:52.3134232Z\"\r\n}",
      "StatusCode": 200
    },
    {
      "RequestUri": "/subscriptions/90c9cfa9-ec88-4677-a8ce-5c74405ef60a/resourceGroups/signalr-test-rg159/providers/Microsoft.SignalRService/SignalR/signalr-test7333/operationStatuses/b1913385-9c7a-4cf4-9d9c-a97a0e0a5e5f?api-version=2021-06-01-preview",
      "EncodedRequestUri": "L3N1YnNjcmlwdGlvbnMvOTBjOWNmYTktZWM4OC00Njc3LWE4Y2UtNWM3NDQwNWVmNjBhL3Jlc291cmNlR3JvdXBzL3NpZ25hbHItdGVzdC1yZzE1OS9wcm92aWRlcnMvTWljcm9zb2Z0LlNpZ25hbFJTZXJ2aWNlL1NpZ25hbFIvc2lnbmFsci10ZXN0NzMzMy9vcGVyYXRpb25TdGF0dXNlcy9iMTkxMzM4NS05YzdhLTRjZjQtOWQ5Yy1hOTdhMGUwYTVlNWY/YXBpLXZlcnNpb249MjAyMS0wNi0wMS1wcmV2aWV3",
      "RequestMethod": "GET",
      "RequestBody": "",
      "RequestHeaders": {
        "User-Agent": [
          "FxVersion/4.6.30015.01",
          "OSName/Windows",
          "OSVersion/Microsoft.Windows.10.0.19043.",
          "Microsoft.Azure.Management.SignalR.SignalRManagementClient/1.1.3.0"
        ]
      },
      "ResponseHeaders": {
        "Cache-Control": [
          "no-cache"
        ],
        "Pragma": [
          "no-cache"
        ],
        "x-ms-ratelimit-remaining-subscription-reads": [
          "11981"
        ],
        "Strict-Transport-Security": [
          "max-age=31536000; includeSubDomains"
        ],
        "X-Content-Type-Options": [
          "nosniff"
        ],
        "x-ms-client-request-id": [
          "bd4c633b-e8d6-471b-b824-0e9cbc6526e2"
        ],
        "x-rp-server-mvid": [
          "c8c892ec-b6b9-400b-ba22-7ccdea42e60a"
        ],
        "x-ms-request-id": [
          "ee854c65-d334-4354-8c20-16adc13311e0"
        ],
        "Server": [
          "Kestrel"
        ],
        "x-ms-correlation-request-id": [
          "642d495b-7ae7-4389-a55c-4e2879530e99"
        ],
        "x-ms-routing-request-id": [
          "SOUTHEASTASIA:20210712T085023Z:642d495b-7ae7-4389-a55c-4e2879530e99"
        ],
        "Date": [
          "Mon, 12 Jul 2021 08:50:23 GMT"
        ],
        "Content-Length": [
          "360"
        ],
        "Content-Type": [
          "application/json; charset=utf-8"
        ],
        "Expires": [
          "-1"
        ]
      },
      "ResponseBody": "{\r\n  \"id\": \"/subscriptions/90c9cfa9-ec88-4677-a8ce-5c74405ef60a/resourceGroups/signalr-test-rg159/providers/Microsoft.SignalRService/SignalR/signalr-test7333/operationStatuses/b1913385-9c7a-4cf4-9d9c-a97a0e0a5e5f\",\r\n  \"name\": \"b1913385-9c7a-4cf4-9d9c-a97a0e0a5e5f\",\r\n  \"status\": \"Succeeded\",\r\n  \"startTime\": \"2021-07-12T08:48:52.3134232Z\",\r\n  \"endTime\": \"2021-07-12T08:50:06.0879973Z\"\r\n}",
      "StatusCode": 200
    },
    {
      "RequestUri": "/subscriptions/90c9cfa9-ec88-4677-a8ce-5c74405ef60a/resourceGroups/signalr-test-rg159/providers/Microsoft.SignalRService/SignalR/signalr-test7333/operationResults/b1913385-9c7a-4cf4-9d9c-a97a0e0a5e5f?api-version=2021-06-01-preview",
      "EncodedRequestUri": "L3N1YnNjcmlwdGlvbnMvOTBjOWNmYTktZWM4OC00Njc3LWE4Y2UtNWM3NDQwNWVmNjBhL3Jlc291cmNlR3JvdXBzL3NpZ25hbHItdGVzdC1yZzE1OS9wcm92aWRlcnMvTWljcm9zb2Z0LlNpZ25hbFJTZXJ2aWNlL1NpZ25hbFIvc2lnbmFsci10ZXN0NzMzMy9vcGVyYXRpb25SZXN1bHRzL2IxOTEzMzg1LTljN2EtNGNmNC05ZDljLWE5N2EwZTBhNWU1Zj9hcGktdmVyc2lvbj0yMDIxLTA2LTAxLXByZXZpZXc=",
      "RequestMethod": "GET",
      "RequestBody": "",
      "RequestHeaders": {
        "User-Agent": [
          "FxVersion/4.6.30015.01",
          "OSName/Windows",
          "OSVersion/Microsoft.Windows.10.0.19043.",
          "Microsoft.Azure.Management.SignalR.SignalRManagementClient/1.1.3.0"
        ]
      },
      "ResponseHeaders": {
        "Cache-Control": [
          "no-cache"
        ],
        "Pragma": [
          "no-cache"
        ],
        "Strict-Transport-Security": [
          "max-age=31536000; includeSubDomains"
        ],
        "X-Content-Type-Options": [
          "nosniff"
        ],
        "x-ms-client-request-id": [
          "e1f287b6-b666-498c-ac42-1d80c547def6"
        ],
        "x-rp-server-mvid": [
          "c8c892ec-b6b9-400b-ba22-7ccdea42e60a"
        ],
        "x-ms-request-id": [
          "e5dd4089-e7a6-437a-9cb8-f63b5f52dea0"
        ],
        "Server": [
          "Kestrel"
        ],
        "x-ms-ratelimit-remaining-subscription-reads": [
          "11980"
        ],
        "x-ms-correlation-request-id": [
          "a0110f4e-1846-4e4b-bc44-5306a23c25eb"
        ],
        "x-ms-routing-request-id": [
          "SOUTHEASTASIA:20210712T085024Z:a0110f4e-1846-4e4b-bc44-5306a23c25eb"
        ],
        "Date": [
          "Mon, 12 Jul 2021 08:50:23 GMT"
        ],
        "Expires": [
          "-1"
        ],
        "Content-Length": [
          "0"
        ]
      },
      "ResponseBody": "",
      "StatusCode": 200
    },
    {
      "RequestUri": "/subscriptions/90c9cfa9-ec88-4677-a8ce-5c74405ef60a/resourceGroups/signalr-test-rg159/providers/Microsoft.SignalRService/signalR/signalr-test7333?api-version=2021-06-01-preview",
      "EncodedRequestUri": "L3N1YnNjcmlwdGlvbnMvOTBjOWNmYTktZWM4OC00Njc3LWE4Y2UtNWM3NDQwNWVmNjBhL3Jlc291cmNlR3JvdXBzL3NpZ25hbHItdGVzdC1yZzE1OS9wcm92aWRlcnMvTWljcm9zb2Z0LlNpZ25hbFJTZXJ2aWNlL3NpZ25hbFIvc2lnbmFsci10ZXN0NzMzMz9hcGktdmVyc2lvbj0yMDIxLTA2LTAxLXByZXZpZXc=",
      "RequestMethod": "DELETE",
      "RequestBody": "",
      "RequestHeaders": {
        "x-ms-client-request-id": [
          "cc158b6f-cdbc-488a-beb6-8e5b193feb79"
        ],
        "Accept-Language": [
          "en-US"
        ],
        "User-Agent": [
          "FxVersion/4.6.30015.01",
          "OSName/Windows",
          "OSVersion/Microsoft.Windows.10.0.19043.",
          "Microsoft.Azure.Management.SignalR.SignalRManagementClient/1.1.3.0"
        ]
      },
      "ResponseHeaders": {
        "Cache-Control": [
          "no-cache"
        ],
        "Pragma": [
          "no-cache"
        ],
        "Location": [
          "https://management.azure.com/subscriptions/90c9cfa9-ec88-4677-a8ce-5c74405ef60a/resourceGroups/signalr-test-rg159/providers/Microsoft.SignalRService/SignalR/signalr-test7333/operationResults/ad808616-a7bd-40f8-a04b-cdcb11f7d97e?api-version=2021-06-01-preview"
        ],
        "Strict-Transport-Security": [
          "max-age=31536000; includeSubDomains"
        ],
        "X-Content-Type-Options": [
          "nosniff"
        ],
        "x-ms-client-request-id": [
          "cc158b6f-cdbc-488a-beb6-8e5b193feb79"
        ],
        "x-rp-server-mvid": [
          "c8c892ec-b6b9-400b-ba22-7ccdea42e60a"
        ],
        "Azure-AsyncOperation": [
          "https://management.azure.com/subscriptions/90c9cfa9-ec88-4677-a8ce-5c74405ef60a/resourceGroups/signalr-test-rg159/providers/Microsoft.SignalRService/SignalR/signalr-test7333/operationStatuses/ad808616-a7bd-40f8-a04b-cdcb11f7d97e?api-version=2021-06-01-preview"
        ],
        "x-ms-request-id": [
          "09c5b5ae-9d84-451c-8d0d-c6a2b902725d"
        ],
        "Server": [
          "Kestrel"
        ],
        "x-ms-ratelimit-remaining-subscription-deletes": [
          "14999"
        ],
        "x-ms-correlation-request-id": [
          "b5db5064-9ee2-4699-81db-9c868c2389a5"
        ],
        "x-ms-routing-request-id": [
          "SOUTHEASTASIA:20210712T085026Z:b5db5064-9ee2-4699-81db-9c868c2389a5"
        ],
        "Date": [
          "Mon, 12 Jul 2021 08:50:25 GMT"
        ],
        "Expires": [
          "-1"
        ],
        "Content-Length": [
          "0"
        ]
      },
      "ResponseBody": "",
      "StatusCode": 202
    },
    {
      "RequestUri": "/subscriptions/90c9cfa9-ec88-4677-a8ce-5c74405ef60a/resourceGroups/signalr-test-rg159/providers/Microsoft.SignalRService/signalR/signalr-test7333?api-version=2021-06-01-preview",
      "EncodedRequestUri": "L3N1YnNjcmlwdGlvbnMvOTBjOWNmYTktZWM4OC00Njc3LWE4Y2UtNWM3NDQwNWVmNjBhL3Jlc291cmNlR3JvdXBzL3NpZ25hbHItdGVzdC1yZzE1OS9wcm92aWRlcnMvTWljcm9zb2Z0LlNpZ25hbFJTZXJ2aWNlL3NpZ25hbFIvc2lnbmFsci10ZXN0NzMzMz9hcGktdmVyc2lvbj0yMDIxLTA2LTAxLXByZXZpZXc=",
      "RequestMethod": "DELETE",
      "RequestBody": "",
      "RequestHeaders": {
        "x-ms-client-request-id": [
          "c1b552bb-94e8-41c1-98c3-8a1d562827cc"
        ],
        "Accept-Language": [
          "en-US"
        ],
        "User-Agent": [
          "FxVersion/4.6.30015.01",
          "OSName/Windows",
          "OSVersion/Microsoft.Windows.10.0.19043.",
          "Microsoft.Azure.Management.SignalR.SignalRManagementClient/1.1.3.0"
        ]
      },
      "ResponseHeaders": {
        "Cache-Control": [
          "no-cache"
        ],
        "Pragma": [
          "no-cache"
        ],
        "Strict-Transport-Security": [
          "max-age=31536000; includeSubDomains"
        ],
        "X-Content-Type-Options": [
          "nosniff"
        ],
        "x-ms-client-request-id": [
          "c1b552bb-94e8-41c1-98c3-8a1d562827cc"
        ],
        "x-rp-server-mvid": [
          "c8c892ec-b6b9-400b-ba22-7ccdea42e60a"
        ],
        "x-ms-request-id": [
          "1a9c8fad-c1dd-4ed2-9499-a1d4577c9a69"
        ],
        "Server": [
          "Kestrel"
        ],
        "x-ms-ratelimit-remaining-subscription-deletes": [
          "14998"
        ],
        "x-ms-correlation-request-id": [
          "98d44812-89c3-4623-ab97-73ea3b20ce30"
        ],
        "x-ms-routing-request-id": [
          "SOUTHEASTASIA:20210712T085102Z:98d44812-89c3-4623-ab97-73ea3b20ce30"
        ],
        "Date": [
          "Mon, 12 Jul 2021 08:51:02 GMT"
        ],
        "Expires": [
          "-1"
        ]
      },
      "ResponseBody": "",
      "StatusCode": 204
    },
    {
      "RequestUri": "/subscriptions/90c9cfa9-ec88-4677-a8ce-5c74405ef60a/resourceGroups/signalr-test-rg159/providers/Microsoft.SignalRService/SignalR/signalr-test7333/operationStatuses/ad808616-a7bd-40f8-a04b-cdcb11f7d97e?api-version=2021-06-01-preview",
      "EncodedRequestUri": "L3N1YnNjcmlwdGlvbnMvOTBjOWNmYTktZWM4OC00Njc3LWE4Y2UtNWM3NDQwNWVmNjBhL3Jlc291cmNlR3JvdXBzL3NpZ25hbHItdGVzdC1yZzE1OS9wcm92aWRlcnMvTWljcm9zb2Z0LlNpZ25hbFJTZXJ2aWNlL1NpZ25hbFIvc2lnbmFsci10ZXN0NzMzMy9vcGVyYXRpb25TdGF0dXNlcy9hZDgwODYxNi1hN2JkLTQwZjgtYTA0Yi1jZGNiMTFmN2Q5N2U/YXBpLXZlcnNpb249MjAyMS0wNi0wMS1wcmV2aWV3",
      "RequestMethod": "GET",
      "RequestBody": "",
      "RequestHeaders": {
        "User-Agent": [
          "FxVersion/4.6.30015.01",
          "OSName/Windows",
          "OSVersion/Microsoft.Windows.10.0.19043.",
          "Microsoft.Azure.Management.SignalR.SignalRManagementClient/1.1.3.0"
        ]
      },
      "ResponseHeaders": {
        "Cache-Control": [
          "no-cache"
        ],
        "Pragma": [
          "no-cache"
        ],
        "x-ms-ratelimit-remaining-subscription-reads": [
          "11979"
        ],
        "Strict-Transport-Security": [
          "max-age=31536000; includeSubDomains"
        ],
        "X-Content-Type-Options": [
          "nosniff"
        ],
        "x-ms-client-request-id": [
          "32d35244-f7f0-431e-9a8f-4d3227be934e"
        ],
        "x-rp-server-mvid": [
          "c8c892ec-b6b9-400b-ba22-7ccdea42e60a"
        ],
        "x-ms-request-id": [
          "b801f8a3-d373-4c5c-abc5-e6889565bb03"
        ],
        "Server": [
          "Kestrel"
        ],
        "x-ms-correlation-request-id": [
          "425fbf3e-3fec-430c-bdc2-63c361da19b9"
        ],
        "x-ms-routing-request-id": [
          "SOUTHEASTASIA:20210712T085056Z:425fbf3e-3fec-430c-bdc2-63c361da19b9"
        ],
        "Date": [
          "Mon, 12 Jul 2021 08:50:55 GMT"
        ],
        "Content-Length": [
          "360"
        ],
        "Content-Type": [
          "application/json; charset=utf-8"
        ],
        "Expires": [
          "-1"
        ]
      },
      "ResponseBody": "{\r\n  \"id\": \"/subscriptions/90c9cfa9-ec88-4677-a8ce-5c74405ef60a/resourceGroups/signalr-test-rg159/providers/Microsoft.SignalRService/SignalR/signalr-test7333/operationStatuses/ad808616-a7bd-40f8-a04b-cdcb11f7d97e\",\r\n  \"name\": \"ad808616-a7bd-40f8-a04b-cdcb11f7d97e\",\r\n  \"status\": \"Succeeded\",\r\n  \"startTime\": \"2021-07-12T08:50:26.1945013Z\",\r\n  \"endTime\": \"2021-07-12T08:50:43.2338837Z\"\r\n}",
      "StatusCode": 200
    },
    {
      "RequestUri": "/subscriptions/90c9cfa9-ec88-4677-a8ce-5c74405ef60a/resourceGroups/signalr-test-rg159/providers/Microsoft.SignalRService/SignalR/signalr-test7333/operationResults/ad808616-a7bd-40f8-a04b-cdcb11f7d97e?api-version=2021-06-01-preview",
      "EncodedRequestUri": "L3N1YnNjcmlwdGlvbnMvOTBjOWNmYTktZWM4OC00Njc3LWE4Y2UtNWM3NDQwNWVmNjBhL3Jlc291cmNlR3JvdXBzL3NpZ25hbHItdGVzdC1yZzE1OS9wcm92aWRlcnMvTWljcm9zb2Z0LlNpZ25hbFJTZXJ2aWNlL1NpZ25hbFIvc2lnbmFsci10ZXN0NzMzMy9vcGVyYXRpb25SZXN1bHRzL2FkODA4NjE2LWE3YmQtNDBmOC1hMDRiLWNkY2IxMWY3ZDk3ZT9hcGktdmVyc2lvbj0yMDIxLTA2LTAxLXByZXZpZXc=",
      "RequestMethod": "GET",
      "RequestBody": "",
      "RequestHeaders": {
        "User-Agent": [
          "FxVersion/4.6.30015.01",
          "OSName/Windows",
          "OSVersion/Microsoft.Windows.10.0.19043.",
          "Microsoft.Azure.Management.SignalR.SignalRManagementClient/1.1.3.0"
        ]
      },
      "ResponseHeaders": {
        "Cache-Control": [
          "no-cache"
        ],
        "Pragma": [
          "no-cache"
        ],
        "Strict-Transport-Security": [
          "max-age=31536000; includeSubDomains"
        ],
        "X-Content-Type-Options": [
          "nosniff"
        ],
        "x-ms-client-request-id": [
          "f31cbf96-ac70-472a-b596-e2012ed8dac3"
        ],
        "x-rp-server-mvid": [
          "c8c892ec-b6b9-400b-ba22-7ccdea42e60a"
        ],
        "x-ms-request-id": [
          "ff317438-c073-4f6c-bef3-21aab5bd5cc5"
        ],
        "Server": [
          "Kestrel"
        ],
        "x-ms-ratelimit-remaining-subscription-reads": [
          "11978"
        ],
        "x-ms-correlation-request-id": [
          "f5b78486-bd9c-4940-a480-6b7209d3d248"
        ],
        "x-ms-routing-request-id": [
          "SOUTHEASTASIA:20210712T085056Z:f5b78486-bd9c-4940-a480-6b7209d3d248"
        ],
        "Date": [
          "Mon, 12 Jul 2021 08:50:55 GMT"
        ],
        "Expires": [
          "-1"
        ]
      },
      "ResponseBody": "",
      "StatusCode": 204
    }
  ],
  "Names": {
    "CreateResourceGroup": [
      "signalr-test-rg159"
    ],
    "SignalRFreeTierToStandardTest": [
      "signalr-service-test-08205601"
    ],
    "CreateSignalR": [
      "signalr-test7333"
    ]
  },
  "Variables": {
    "SubscriptionId": "90c9cfa9-ec88-4677-a8ce-5c74405ef60a"
  }
}