{
  "Entries": [
    {
      "RequestUri": "https://t487ba7ce49634c8eprim.table.core.windows.net/Tables?$format=application%2Fjson%3Bodata%3Dminimalmetadata",
      "RequestMethod": "POST",
      "RequestHeaders": {
        "Accept": "application/json",
        "Authorization": "Sanitized",
        "Content-Length": "33",
        "Content-Type": "application/json; odata=nometadata",
        "DataServiceVersion": "3.0",
        "traceparent": "00-937399c2ef5c3f439ece5c2db1f23021-ba4bb97f7f164541-00",
        "User-Agent": [
          "azsdk-net-Data.Tables/1.0.0-dev.20200825.2",
          "(.NET Core 4.6.27514.02; Microsoft Windows 10.0.17763 )"
        ],
        "x-ms-client-request-id": "a26f29aa8b4d2f4369f558abd8d17e64",
        "x-ms-date": "Tue, 25 Aug 2020 16:29:55 GMT",
        "x-ms-return-client-request-id": "true",
        "x-ms-version": "2019-02-02"
      },
      "RequestBody": {
        "TableName": "testtablehyay63ko"
      },
      "StatusCode": 201,
      "ResponseHeaders": {
        "Cache-Control": "no-cache",
        "Content-Type": "application/json; odata=minimalmetadata; streaming=true; charset=utf-8",
        "Date": "Tue, 25 Aug 2020 16:29:54 GMT",
        "Location": "https://t487ba7ce49634c8eprim.table.core.windows.net/Tables(\u0027testtablehyay63ko\u0027)",
        "Server": [
          "Windows-Azure-Table/1.0",
          "Microsoft-HTTPAPI/2.0"
        ],
        "Transfer-Encoding": "chunked",
        "X-Content-Type-Options": "nosniff",
        "x-ms-client-request-id": "a26f29aa8b4d2f4369f558abd8d17e64",
        "x-ms-request-id": "acd0b849-d002-0089-55fc-7a60f1000000",
        "x-ms-version": "2019-02-02"
      },
      "ResponseBody": {
        "odata.metadata": "https://t487ba7ce49634c8eprim.table.core.windows.net/$metadata#Tables/@Element",
        "TableName": "testtablehyay63ko"
      }
    },
    {
      "RequestUri": "https://t487ba7ce49634c8eprim.table.core.windows.net/testtablehyay63ko?$format=application%2Fjson%3Bodata%3Dminimalmetadata",
      "RequestMethod": "POST",
      "RequestHeaders": {
        "Accept": "application/json",
        "Authorization": "Sanitized",
        "Content-Length": "614",
        "Content-Type": "application/json; odata=nometadata",
        "DataServiceVersion": "3.0",
        "Prefer": "return-no-content",
        "traceparent": "00-316ca79307f78d41883e0d46a809e7f2-b6e7338e0ea44248-00",
        "User-Agent": [
          "azsdk-net-Data.Tables/1.0.0-dev.20200825.2",
          "(.NET Core 4.6.27514.02; Microsoft Windows 10.0.17763 )"
        ],
        "x-ms-client-request-id": "63f7dcb5ade0f3fc469f576338416ed7",
        "x-ms-date": "Tue, 25 Aug 2020 16:29:55 GMT",
        "x-ms-return-client-request-id": "true",
        "x-ms-version": "2019-02-02"
      },
      "RequestBody": {
        "PartitionKey": "somPartition",
        "RowKey": "01",
        "SomeStringProperty": "This is table entity number 01",
        "SomeDateProperty": "2020-01-01T01:02:00.0000000Z",
        "SomeDateProperty@odata.type": "Edm.DateTime",
        "SomeGuidProperty": "0d391d16-97f1-4b9a-be68-4cc871f90001",
        "SomeGuidProperty@odata.type": "Edm.Guid",
        "SomeBinaryProperty": "AQIDBAU=",
        "SomeBinaryProperty@odata.type": "Edm.Binary",
        "SomeInt64Property": "1",
        "SomeInt64Property@odata.type": "Edm.Int64",
        "SomeDoubleProperty0": 1,
        "SomeDoubleProperty0@odata.type": "Edm.Double",
        "SomeDoubleProperty1": 1.1000000000000001,
        "SomeDoubleProperty1@odata.type": "Edm.Double",
        "SomeIntProperty": 1
      },
      "StatusCode": 204,
      "ResponseHeaders": {
        "Cache-Control": "no-cache",
        "Content-Length": "0",
        "DataServiceId": "https://t487ba7ce49634c8eprim.table.core.windows.net/testtablehyay63ko(PartitionKey=\u0027somPartition\u0027,RowKey=\u002701\u0027)",
        "Date": "Tue, 25 Aug 2020 16:29:54 GMT",
        "ETag": "W/\u0022datetime\u00272020-08-25T16%3A29%3A55.5275257Z\u0027\u0022",
        "Location": "https://t487ba7ce49634c8eprim.table.core.windows.net/testtablehyay63ko(PartitionKey=\u0027somPartition\u0027,RowKey=\u002701\u0027)",
        "Preference-Applied": "return-no-content",
        "Server": [
          "Windows-Azure-Table/1.0",
          "Microsoft-HTTPAPI/2.0"
        ],
        "X-Content-Type-Options": "nosniff",
        "x-ms-client-request-id": "63f7dcb5ade0f3fc469f576338416ed7",
        "x-ms-request-id": "acd0b84c-d002-0089-57fc-7a60f1000000",
        "x-ms-version": "2019-02-02"
      },
      "ResponseBody": []
    },
    {
      "RequestUri": "https://t487ba7ce49634c8eprim.table.core.windows.net/testtablehyay63ko?$format=application%2Fjson%3Bodata%3Dminimalmetadata",
      "RequestMethod": "POST",
      "RequestHeaders": {
        "Accept": "application/json",
        "Authorization": "Sanitized",
        "Content-Length": "614",
        "Content-Type": "application/json; odata=nometadata",
        "DataServiceVersion": "3.0",
        "Prefer": "return-no-content",
        "traceparent": "00-ef6a983daff49f4892d36a4db66fd71a-07f31afff91eb54b-00",
        "User-Agent": [
          "azsdk-net-Data.Tables/1.0.0-dev.20200825.2",
          "(.NET Core 4.6.27514.02; Microsoft Windows 10.0.17763 )"
        ],
        "x-ms-client-request-id": "afae416b6135a329cfed52a03541b8d2",
        "x-ms-date": "Tue, 25 Aug 2020 16:29:55 GMT",
        "x-ms-return-client-request-id": "true",
        "x-ms-version": "2019-02-02"
      },
      "RequestBody": {
        "PartitionKey": "somPartition",
        "RowKey": "02",
        "SomeStringProperty": "This is table entity number 02",
        "SomeDateProperty": "2020-01-01T01:03:00.0000000Z",
        "SomeDateProperty@odata.type": "Edm.DateTime",
        "SomeGuidProperty": "0d391d16-97f1-4b9a-be68-4cc871f90002",
        "SomeGuidProperty@odata.type": "Edm.Guid",
        "SomeBinaryProperty": "AQIDBAU=",
        "SomeBinaryProperty@odata.type": "Edm.Binary",
        "SomeInt64Property": "2",
        "SomeInt64Property@odata.type": "Edm.Int64",
        "SomeDoubleProperty0": 2,
        "SomeDoubleProperty0@odata.type": "Edm.Double",
        "SomeDoubleProperty1": 2.1000000000000001,
        "SomeDoubleProperty1@odata.type": "Edm.Double",
        "SomeIntProperty": 2
      },
      "StatusCode": 204,
      "ResponseHeaders": {
        "Cache-Control": "no-cache",
        "Content-Length": "0",
        "DataServiceId": "https://t487ba7ce49634c8eprim.table.core.windows.net/testtablehyay63ko(PartitionKey=\u0027somPartition\u0027,RowKey=\u002702\u0027)",
        "Date": "Tue, 25 Aug 2020 16:29:54 GMT",
        "ETag": "W/\u0022datetime\u00272020-08-25T16%3A29%3A55.5995774Z\u0027\u0022",
        "Location": "https://t487ba7ce49634c8eprim.table.core.windows.net/testtablehyay63ko(PartitionKey=\u0027somPartition\u0027,RowKey=\u002702\u0027)",
        "Preference-Applied": "return-no-content",
        "Server": [
          "Windows-Azure-Table/1.0",
          "Microsoft-HTTPAPI/2.0"
        ],
        "X-Content-Type-Options": "nosniff",
        "x-ms-client-request-id": "afae416b6135a329cfed52a03541b8d2",
        "x-ms-request-id": "acd0b84e-d002-0089-59fc-7a60f1000000",
        "x-ms-version": "2019-02-02"
      },
      "ResponseBody": []
    },
    {
      "RequestUri": "https://t487ba7ce49634c8eprim.table.core.windows.net/testtablehyay63ko?$format=application%2Fjson%3Bodata%3Dminimalmetadata",
      "RequestMethod": "POST",
      "RequestHeaders": {
        "Accept": "application/json",
        "Authorization": "Sanitized",
        "Content-Length": "614",
        "Content-Type": "application/json; odata=nometadata",
        "DataServiceVersion": "3.0",
        "Prefer": "return-no-content",
        "traceparent": "00-edd4a9e21cdfdd428ed53f06f998c193-e58a2b9e2c03be4f-00",
        "User-Agent": [
          "azsdk-net-Data.Tables/1.0.0-dev.20200825.2",
          "(.NET Core 4.6.27514.02; Microsoft Windows 10.0.17763 )"
        ],
        "x-ms-client-request-id": "71d427361941fc042c7c5cae33dff628",
        "x-ms-date": "Tue, 25 Aug 2020 16:29:55 GMT",
        "x-ms-return-client-request-id": "true",
        "x-ms-version": "2019-02-02"
      },
      "RequestBody": {
        "PartitionKey": "somPartition",
        "RowKey": "03",
        "SomeStringProperty": "This is table entity number 03",
        "SomeDateProperty": "2020-01-01T01:04:00.0000000Z",
        "SomeDateProperty@odata.type": "Edm.DateTime",
        "SomeGuidProperty": "0d391d16-97f1-4b9a-be68-4cc871f90003",
        "SomeGuidProperty@odata.type": "Edm.Guid",
        "SomeBinaryProperty": "AQIDBAU=",
        "SomeBinaryProperty@odata.type": "Edm.Binary",
        "SomeInt64Property": "3",
        "SomeInt64Property@odata.type": "Edm.Int64",
        "SomeDoubleProperty0": 3,
        "SomeDoubleProperty0@odata.type": "Edm.Double",
        "SomeDoubleProperty1": 3.1000000000000001,
        "SomeDoubleProperty1@odata.type": "Edm.Double",
        "SomeIntProperty": 3
      },
      "StatusCode": 204,
      "ResponseHeaders": {
        "Cache-Control": "no-cache",
        "Content-Length": "0",
        "DataServiceId": "https://t487ba7ce49634c8eprim.table.core.windows.net/testtablehyay63ko(PartitionKey=\u0027somPartition\u0027,RowKey=\u002703\u0027)",
        "Date": "Tue, 25 Aug 2020 16:29:55 GMT",
        "ETag": "W/\u0022datetime\u00272020-08-25T16%3A29%3A55.6736304Z\u0027\u0022",
        "Location": "https://t487ba7ce49634c8eprim.table.core.windows.net/testtablehyay63ko(PartitionKey=\u0027somPartition\u0027,RowKey=\u002703\u0027)",
        "Preference-Applied": "return-no-content",
        "Server": [
          "Windows-Azure-Table/1.0",
          "Microsoft-HTTPAPI/2.0"
        ],
        "X-Content-Type-Options": "nosniff",
        "x-ms-client-request-id": "71d427361941fc042c7c5cae33dff628",
        "x-ms-request-id": "acd0b851-d002-0089-5cfc-7a60f1000000",
        "x-ms-version": "2019-02-02"
      },
      "ResponseBody": []
    },
    {
      "RequestUri": "https://t487ba7ce49634c8eprim.table.core.windows.net/testtablehyay63ko?$format=application%2Fjson%3Bodata%3Dminimalmetadata",
      "RequestMethod": "POST",
      "RequestHeaders": {
        "Accept": "application/json",
        "Authorization": "Sanitized",
        "Content-Length": "614",
        "Content-Type": "application/json; odata=nometadata",
        "DataServiceVersion": "3.0",
        "Prefer": "return-no-content",
        "traceparent": "00-ec825fbad8ab104bbc14472518e6aee7-c525a913275af74b-00",
        "User-Agent": [
          "azsdk-net-Data.Tables/1.0.0-dev.20200825.2",
          "(.NET Core 4.6.27514.02; Microsoft Windows 10.0.17763 )"
        ],
        "x-ms-client-request-id": "963f8187cf22532eb35394f25b5bbd04",
        "x-ms-date": "Tue, 25 Aug 2020 16:29:55 GMT",
        "x-ms-return-client-request-id": "true",
        "x-ms-version": "2019-02-02"
      },
      "RequestBody": {
        "PartitionKey": "somPartition",
        "RowKey": "04",
        "SomeStringProperty": "This is table entity number 04",
        "SomeDateProperty": "2020-01-01T01:05:00.0000000Z",
        "SomeDateProperty@odata.type": "Edm.DateTime",
        "SomeGuidProperty": "0d391d16-97f1-4b9a-be68-4cc871f90004",
        "SomeGuidProperty@odata.type": "Edm.Guid",
        "SomeBinaryProperty": "AQIDBAU=",
        "SomeBinaryProperty@odata.type": "Edm.Binary",
        "SomeInt64Property": "4",
        "SomeInt64Property@odata.type": "Edm.Int64",
        "SomeDoubleProperty0": 4,
        "SomeDoubleProperty0@odata.type": "Edm.Double",
        "SomeDoubleProperty1": 4.0999999999999996,
        "SomeDoubleProperty1@odata.type": "Edm.Double",
        "SomeIntProperty": 4
      },
      "StatusCode": 204,
      "ResponseHeaders": {
        "Cache-Control": "no-cache",
        "Content-Length": "0",
        "DataServiceId": "https://t487ba7ce49634c8eprim.table.core.windows.net/testtablehyay63ko(PartitionKey=\u0027somPartition\u0027,RowKey=\u002704\u0027)",
        "Date": "Tue, 25 Aug 2020 16:29:55 GMT",
        "ETag": "W/\u0022datetime\u00272020-08-25T16%3A29%3A55.746683Z\u0027\u0022",
        "Location": "https://t487ba7ce49634c8eprim.table.core.windows.net/testtablehyay63ko(PartitionKey=\u0027somPartition\u0027,RowKey=\u002704\u0027)",
        "Preference-Applied": "return-no-content",
        "Server": [
          "Windows-Azure-Table/1.0",
          "Microsoft-HTTPAPI/2.0"
        ],
        "X-Content-Type-Options": "nosniff",
        "x-ms-client-request-id": "963f8187cf22532eb35394f25b5bbd04",
        "x-ms-request-id": "acd0b852-d002-0089-5dfc-7a60f1000000",
        "x-ms-version": "2019-02-02"
      },
      "ResponseBody": []
    },
    {
      "RequestUri": "https://t487ba7ce49634c8eprim.table.core.windows.net/testtablehyay63ko?$format=application%2Fjson%3Bodata%3Dminimalmetadata",
      "RequestMethod": "POST",
      "RequestHeaders": {
        "Accept": "application/json",
        "Authorization": "Sanitized",
        "Content-Length": "614",
        "Content-Type": "application/json; odata=nometadata",
        "DataServiceVersion": "3.0",
        "Prefer": "return-no-content",
        "traceparent": "00-3ab51424a7f49e4882548f032267c482-f5005445de67b648-00",
        "User-Agent": [
          "azsdk-net-Data.Tables/1.0.0-dev.20200825.2",
          "(.NET Core 4.6.27514.02; Microsoft Windows 10.0.17763 )"
        ],
        "x-ms-client-request-id": "102c85e6fd6c52953db282b9057b70ef",
        "x-ms-date": "Tue, 25 Aug 2020 16:29:55 GMT",
        "x-ms-return-client-request-id": "true",
        "x-ms-version": "2019-02-02"
      },
      "RequestBody": {
        "PartitionKey": "somPartition",
        "RowKey": "05",
        "SomeStringProperty": "This is table entity number 05",
        "SomeDateProperty": "2020-01-01T01:06:00.0000000Z",
        "SomeDateProperty@odata.type": "Edm.DateTime",
        "SomeGuidProperty": "0d391d16-97f1-4b9a-be68-4cc871f90005",
        "SomeGuidProperty@odata.type": "Edm.Guid",
        "SomeBinaryProperty": "AQIDBAU=",
        "SomeBinaryProperty@odata.type": "Edm.Binary",
        "SomeInt64Property": "5",
        "SomeInt64Property@odata.type": "Edm.Int64",
        "SomeDoubleProperty0": 5,
        "SomeDoubleProperty0@odata.type": "Edm.Double",
        "SomeDoubleProperty1": 5.0999999999999996,
        "SomeDoubleProperty1@odata.type": "Edm.Double",
        "SomeIntProperty": 5
      },
      "StatusCode": 204,
      "ResponseHeaders": {
        "Cache-Control": "no-cache",
        "Content-Length": "0",
        "DataServiceId": "https://t487ba7ce49634c8eprim.table.core.windows.net/testtablehyay63ko(PartitionKey=\u0027somPartition\u0027,RowKey=\u002705\u0027)",
        "Date": "Tue, 25 Aug 2020 16:29:55 GMT",
        "ETag": "W/\u0022datetime\u00272020-08-25T16%3A29%3A55.8197356Z\u0027\u0022",
        "Location": "https://t487ba7ce49634c8eprim.table.core.windows.net/testtablehyay63ko(PartitionKey=\u0027somPartition\u0027,RowKey=\u002705\u0027)",
        "Preference-Applied": "return-no-content",
        "Server": [
          "Windows-Azure-Table/1.0",
          "Microsoft-HTTPAPI/2.0"
        ],
        "X-Content-Type-Options": "nosniff",
        "x-ms-client-request-id": "102c85e6fd6c52953db282b9057b70ef",
        "x-ms-request-id": "acd0b854-d002-0089-5ffc-7a60f1000000",
        "x-ms-version": "2019-02-02"
      },
      "ResponseBody": []
    },
    {
      "RequestUri": "https://t487ba7ce49634c8eprim.table.core.windows.net/testtablehyay63ko?$format=application%2Fjson%3Bodata%3Dminimalmetadata",
      "RequestMethod": "POST",
      "RequestHeaders": {
        "Accept": "application/json",
        "Authorization": "Sanitized",
        "Content-Length": "614",
        "Content-Type": "application/json; odata=nometadata",
        "DataServiceVersion": "3.0",
        "Prefer": "return-no-content",
        "traceparent": "00-22d3eb701d729c428fede959ed6f1b0e-aa6848b71255e340-00",
        "User-Agent": [
          "azsdk-net-Data.Tables/1.0.0-dev.20200825.2",
          "(.NET Core 4.6.27514.02; Microsoft Windows 10.0.17763 )"
        ],
        "x-ms-client-request-id": "b3192af7210267aff981beee8411a0d0",
        "x-ms-date": "Tue, 25 Aug 2020 16:29:55 GMT",
        "x-ms-return-client-request-id": "true",
        "x-ms-version": "2019-02-02"
      },
      "RequestBody": {
        "PartitionKey": "somPartition",
        "RowKey": "06",
        "SomeStringProperty": "This is table entity number 06",
        "SomeDateProperty": "2020-01-01T01:07:00.0000000Z",
        "SomeDateProperty@odata.type": "Edm.DateTime",
        "SomeGuidProperty": "0d391d16-97f1-4b9a-be68-4cc871f90006",
        "SomeGuidProperty@odata.type": "Edm.Guid",
        "SomeBinaryProperty": "AQIDBAU=",
        "SomeBinaryProperty@odata.type": "Edm.Binary",
        "SomeInt64Property": "6",
        "SomeInt64Property@odata.type": "Edm.Int64",
        "SomeDoubleProperty0": 6,
        "SomeDoubleProperty0@odata.type": "Edm.Double",
        "SomeDoubleProperty1": 6.0999999999999996,
        "SomeDoubleProperty1@odata.type": "Edm.Double",
        "SomeIntProperty": 6
      },
      "StatusCode": 204,
      "ResponseHeaders": {
        "Cache-Control": "no-cache",
        "Content-Length": "0",
        "DataServiceId": "https://t487ba7ce49634c8eprim.table.core.windows.net/testtablehyay63ko(PartitionKey=\u0027somPartition\u0027,RowKey=\u002706\u0027)",
        "Date": "Tue, 25 Aug 2020 16:29:55 GMT",
        "ETag": "W/\u0022datetime\u00272020-08-25T16%3A29%3A55.8947891Z\u0027\u0022",
        "Location": "https://t487ba7ce49634c8eprim.table.core.windows.net/testtablehyay63ko(PartitionKey=\u0027somPartition\u0027,RowKey=\u002706\u0027)",
        "Preference-Applied": "return-no-content",
        "Server": [
          "Windows-Azure-Table/1.0",
          "Microsoft-HTTPAPI/2.0"
        ],
        "X-Content-Type-Options": "nosniff",
        "x-ms-client-request-id": "b3192af7210267aff981beee8411a0d0",
        "x-ms-request-id": "acd0b857-d002-0089-61fc-7a60f1000000",
        "x-ms-version": "2019-02-02"
      },
      "ResponseBody": []
    },
    {
      "RequestUri": "https://t487ba7ce49634c8eprim.table.core.windows.net/testtablehyay63ko?$format=application%2Fjson%3Bodata%3Dminimalmetadata",
      "RequestMethod": "POST",
      "RequestHeaders": {
        "Accept": "application/json",
        "Authorization": "Sanitized",
        "Content-Length": "614",
        "Content-Type": "application/json; odata=nometadata",
        "DataServiceVersion": "3.0",
        "Prefer": "return-no-content",
        "traceparent": "00-bc6dc7294d8729428354694c006ace0f-159ce2c3f41f8845-00",
        "User-Agent": [
          "azsdk-net-Data.Tables/1.0.0-dev.20200825.2",
          "(.NET Core 4.6.27514.02; Microsoft Windows 10.0.17763 )"
        ],
        "x-ms-client-request-id": "aec757bee5b28abbebec59704d744e37",
        "x-ms-date": "Tue, 25 Aug 2020 16:29:55 GMT",
        "x-ms-return-client-request-id": "true",
        "x-ms-version": "2019-02-02"
      },
      "RequestBody": {
        "PartitionKey": "somPartition",
        "RowKey": "07",
        "SomeStringProperty": "This is table entity number 07",
        "SomeDateProperty": "2020-01-01T01:08:00.0000000Z",
        "SomeDateProperty@odata.type": "Edm.DateTime",
        "SomeGuidProperty": "0d391d16-97f1-4b9a-be68-4cc871f90007",
        "SomeGuidProperty@odata.type": "Edm.Guid",
        "SomeBinaryProperty": "AQIDBAU=",
        "SomeBinaryProperty@odata.type": "Edm.Binary",
        "SomeInt64Property": "7",
        "SomeInt64Property@odata.type": "Edm.Int64",
        "SomeDoubleProperty0": 7,
        "SomeDoubleProperty0@odata.type": "Edm.Double",
        "SomeDoubleProperty1": 7.0999999999999996,
        "SomeDoubleProperty1@odata.type": "Edm.Double",
        "SomeIntProperty": 7
      },
      "StatusCode": 204,
      "ResponseHeaders": {
        "Cache-Control": "no-cache",
        "Content-Length": "0",
        "DataServiceId": "https://t487ba7ce49634c8eprim.table.core.windows.net/testtablehyay63ko(PartitionKey=\u0027somPartition\u0027,RowKey=\u002707\u0027)",
        "Date": "Tue, 25 Aug 2020 16:29:55 GMT",
        "ETag": "W/\u0022datetime\u00272020-08-25T16%3A29%3A55.9698423Z\u0027\u0022",
        "Location": "https://t487ba7ce49634c8eprim.table.core.windows.net/testtablehyay63ko(PartitionKey=\u0027somPartition\u0027,RowKey=\u002707\u0027)",
        "Preference-Applied": "return-no-content",
        "Server": [
          "Windows-Azure-Table/1.0",
          "Microsoft-HTTPAPI/2.0"
        ],
        "X-Content-Type-Options": "nosniff",
        "x-ms-client-request-id": "aec757bee5b28abbebec59704d744e37",
        "x-ms-request-id": "acd0b859-d002-0089-63fc-7a60f1000000",
        "x-ms-version": "2019-02-02"
      },
      "ResponseBody": []
    },
    {
      "RequestUri": "https://t487ba7ce49634c8eprim.table.core.windows.net/testtablehyay63ko?$format=application%2Fjson%3Bodata%3Dminimalmetadata",
      "RequestMethod": "POST",
      "RequestHeaders": {
        "Accept": "application/json",
        "Authorization": "Sanitized",
        "Content-Length": "614",
        "Content-Type": "application/json; odata=nometadata",
        "DataServiceVersion": "3.0",
        "Prefer": "return-no-content",
        "traceparent": "00-a699d532c004404dad47e90792af5a58-566f0a3539ee564e-00",
        "User-Agent": [
          "azsdk-net-Data.Tables/1.0.0-dev.20200825.2",
          "(.NET Core 4.6.27514.02; Microsoft Windows 10.0.17763 )"
        ],
        "x-ms-client-request-id": "31fba4e20a42c502d5c517eb3ea7cd2b",
        "x-ms-date": "Tue, 25 Aug 2020 16:29:56 GMT",
        "x-ms-return-client-request-id": "true",
        "x-ms-version": "2019-02-02"
      },
      "RequestBody": {
        "PartitionKey": "somPartition",
        "RowKey": "08",
        "SomeStringProperty": "This is table entity number 08",
        "SomeDateProperty": "2020-01-01T01:09:00.0000000Z",
        "SomeDateProperty@odata.type": "Edm.DateTime",
        "SomeGuidProperty": "0d391d16-97f1-4b9a-be68-4cc871f90008",
        "SomeGuidProperty@odata.type": "Edm.Guid",
        "SomeBinaryProperty": "AQIDBAU=",
        "SomeBinaryProperty@odata.type": "Edm.Binary",
        "SomeInt64Property": "8",
        "SomeInt64Property@odata.type": "Edm.Int64",
        "SomeDoubleProperty0": 8,
        "SomeDoubleProperty0@odata.type": "Edm.Double",
        "SomeDoubleProperty1": 8.0999999999999996,
        "SomeDoubleProperty1@odata.type": "Edm.Double",
        "SomeIntProperty": 8
      },
      "StatusCode": 204,
      "ResponseHeaders": {
        "Cache-Control": "no-cache",
        "Content-Length": "0",
        "DataServiceId": "https://t487ba7ce49634c8eprim.table.core.windows.net/testtablehyay63ko(PartitionKey=\u0027somPartition\u0027,RowKey=\u002708\u0027)",
        "Date": "Tue, 25 Aug 2020 16:29:55 GMT",
        "ETag": "W/\u0022datetime\u00272020-08-25T16%3A29%3A56.0428948Z\u0027\u0022",
        "Location": "https://t487ba7ce49634c8eprim.table.core.windows.net/testtablehyay63ko(PartitionKey=\u0027somPartition\u0027,RowKey=\u002708\u0027)",
        "Preference-Applied": "return-no-content",
        "Server": [
          "Windows-Azure-Table/1.0",
          "Microsoft-HTTPAPI/2.0"
        ],
        "X-Content-Type-Options": "nosniff",
        "x-ms-client-request-id": "31fba4e20a42c502d5c517eb3ea7cd2b",
        "x-ms-request-id": "acd0b85c-d002-0089-66fc-7a60f1000000",
        "x-ms-version": "2019-02-02"
      },
      "ResponseBody": []
    },
    {
      "RequestUri": "https://t487ba7ce49634c8eprim.table.core.windows.net/testtablehyay63ko?$format=application%2Fjson%3Bodata%3Dminimalmetadata",
      "RequestMethod": "POST",
      "RequestHeaders": {
        "Accept": "application/json",
        "Authorization": "Sanitized",
        "Content-Length": "614",
        "Content-Type": "application/json; odata=nometadata",
        "DataServiceVersion": "3.0",
        "Prefer": "return-no-content",
        "traceparent": "00-7d7ae7b21307484eaa272c33fbc2e2a9-c258a91325b5a642-00",
        "User-Agent": [
          "azsdk-net-Data.Tables/1.0.0-dev.20200825.2",
          "(.NET Core 4.6.27514.02; Microsoft Windows 10.0.17763 )"
        ],
        "x-ms-client-request-id": "adfbb111c2b4113d6f8ec715c83f1984",
        "x-ms-date": "Tue, 25 Aug 2020 16:29:56 GMT",
        "x-ms-return-client-request-id": "true",
        "x-ms-version": "2019-02-02"
      },
      "RequestBody": {
        "PartitionKey": "somPartition",
        "RowKey": "09",
        "SomeStringProperty": "This is table entity number 09",
        "SomeDateProperty": "2020-01-01T01:10:00.0000000Z",
        "SomeDateProperty@odata.type": "Edm.DateTime",
        "SomeGuidProperty": "0d391d16-97f1-4b9a-be68-4cc871f90009",
        "SomeGuidProperty@odata.type": "Edm.Guid",
        "SomeBinaryProperty": "AQIDBAU=",
        "SomeBinaryProperty@odata.type": "Edm.Binary",
        "SomeInt64Property": "9",
        "SomeInt64Property@odata.type": "Edm.Int64",
        "SomeDoubleProperty0": 9,
        "SomeDoubleProperty0@odata.type": "Edm.Double",
        "SomeDoubleProperty1": 9.0999999999999996,
        "SomeDoubleProperty1@odata.type": "Edm.Double",
        "SomeIntProperty": 9
      },
      "StatusCode": 204,
      "ResponseHeaders": {
        "Cache-Control": "no-cache",
        "Content-Length": "0",
        "DataServiceId": "https://t487ba7ce49634c8eprim.table.core.windows.net/testtablehyay63ko(PartitionKey=\u0027somPartition\u0027,RowKey=\u002709\u0027)",
        "Date": "Tue, 25 Aug 2020 16:29:55 GMT",
        "ETag": "W/\u0022datetime\u00272020-08-25T16%3A29%3A56.1149474Z\u0027\u0022",
        "Location": "https://t487ba7ce49634c8eprim.table.core.windows.net/testtablehyay63ko(PartitionKey=\u0027somPartition\u0027,RowKey=\u002709\u0027)",
        "Preference-Applied": "return-no-content",
        "Server": [
          "Windows-Azure-Table/1.0",
          "Microsoft-HTTPAPI/2.0"
        ],
        "X-Content-Type-Options": "nosniff",
        "x-ms-client-request-id": "adfbb111c2b4113d6f8ec715c83f1984",
        "x-ms-request-id": "acd0b85f-d002-0089-69fc-7a60f1000000",
        "x-ms-version": "2019-02-02"
      },
      "ResponseBody": []
    },
    {
      "RequestUri": "https://t487ba7ce49634c8eprim.table.core.windows.net/testtablehyay63ko?$format=application%2Fjson%3Bodata%3Dminimalmetadata",
      "RequestMethod": "POST",
      "RequestHeaders": {
        "Accept": "application/json",
        "Authorization": "Sanitized",
        "Content-Length": "603",
        "Content-Type": "application/json; odata=nometadata",
        "DataServiceVersion": "3.0",
        "Prefer": "return-no-content",
        "traceparent": "00-6105885424b33e4882f743623acffd35-5812f9f6ab6b0647-00",
        "User-Agent": [
          "azsdk-net-Data.Tables/1.0.0-dev.20200825.2",
          "(.NET Core 4.6.27514.02; Microsoft Windows 10.0.17763 )"
        ],
        "x-ms-client-request-id": "df0b86326f16b38e5501d9eccecf4b44",
        "x-ms-date": "Tue, 25 Aug 2020 16:29:56 GMT",
        "x-ms-return-client-request-id": "true",
        "x-ms-version": "2019-02-02"
      },
      "RequestBody": {
        "PartitionKey": "somPartition",
        "RowKey": "10",
        "SomeStringProperty": "This is table entity number 10",
        "SomeDateProperty": "2020-01-01T01:11:00.0000000Z",
        "SomeDateProperty@odata.type": "Edm.DateTime",
        "SomeGuidProperty": "0d391d16-97f1-4b9a-be68-4cc871f90010",
        "SomeGuidProperty@odata.type": "Edm.Guid",
        "SomeBinaryProperty": "AQIDBAU=",
        "SomeBinaryProperty@odata.type": "Edm.Binary",
        "SomeInt64Property": "10",
        "SomeInt64Property@odata.type": "Edm.Int64",
        "SomeDoubleProperty0": 10,
        "SomeDoubleProperty0@odata.type": "Edm.Double",
        "SomeDoubleProperty1": 10.1,
        "SomeDoubleProperty1@odata.type": "Edm.Double",
        "SomeIntProperty": 10
      },
      "StatusCode": 204,
      "ResponseHeaders": {
        "Cache-Control": "no-cache",
        "Content-Length": "0",
        "DataServiceId": "https://t487ba7ce49634c8eprim.table.core.windows.net/testtablehyay63ko(PartitionKey=\u0027somPartition\u0027,RowKey=\u002710\u0027)",
        "Date": "Tue, 25 Aug 2020 16:29:55 GMT",
        "ETag": "W/\u0022datetime\u00272020-08-25T16%3A29%3A56.1869981Z\u0027\u0022",
        "Location": "https://t487ba7ce49634c8eprim.table.core.windows.net/testtablehyay63ko(PartitionKey=\u0027somPartition\u0027,RowKey=\u002710\u0027)",
        "Preference-Applied": "return-no-content",
        "Server": [
          "Windows-Azure-Table/1.0",
          "Microsoft-HTTPAPI/2.0"
        ],
        "X-Content-Type-Options": "nosniff",
        "x-ms-client-request-id": "df0b86326f16b38e5501d9eccecf4b44",
        "x-ms-request-id": "acd0b863-d002-0089-6cfc-7a60f1000000",
        "x-ms-version": "2019-02-02"
      },
      "ResponseBody": []
    },
    {
      "RequestUri": "https://t487ba7ce49634c8eprim.table.core.windows.net/testtablehyay63ko?$format=application%2Fjson%3Bodata%3Dminimalmetadata",
      "RequestMethod": "POST",
      "RequestHeaders": {
        "Accept": "application/json",
        "Authorization": "Sanitized",
        "Content-Length": "603",
        "Content-Type": "application/json; odata=nometadata",
        "DataServiceVersion": "3.0",
        "Prefer": "return-no-content",
        "traceparent": "00-46e19e746c043841a5438848b52f51a5-89212fc57a88c048-00",
        "User-Agent": [
          "azsdk-net-Data.Tables/1.0.0-dev.20200825.2",
          "(.NET Core 4.6.27514.02; Microsoft Windows 10.0.17763 )"
        ],
        "x-ms-client-request-id": "9b5e2e1fa079208367e9c2b342edfd95",
        "x-ms-date": "Tue, 25 Aug 2020 16:29:56 GMT",
        "x-ms-return-client-request-id": "true",
        "x-ms-version": "2019-02-02"
      },
      "RequestBody": {
        "PartitionKey": "somPartition",
        "RowKey": "11",
        "SomeStringProperty": "This is table entity number 11",
        "SomeDateProperty": "2020-01-01T01:12:00.0000000Z",
        "SomeDateProperty@odata.type": "Edm.DateTime",
        "SomeGuidProperty": "0d391d16-97f1-4b9a-be68-4cc871f90011",
        "SomeGuidProperty@odata.type": "Edm.Guid",
        "SomeBinaryProperty": "AQIDBAU=",
        "SomeBinaryProperty@odata.type": "Edm.Binary",
        "SomeInt64Property": "11",
        "SomeInt64Property@odata.type": "Edm.Int64",
        "SomeDoubleProperty0": 11,
        "SomeDoubleProperty0@odata.type": "Edm.Double",
        "SomeDoubleProperty1": 11.1,
        "SomeDoubleProperty1@odata.type": "Edm.Double",
        "SomeIntProperty": 11
      },
      "StatusCode": 204,
      "ResponseHeaders": {
        "Cache-Control": "no-cache",
        "Content-Length": "0",
        "DataServiceId": "https://t487ba7ce49634c8eprim.table.core.windows.net/testtablehyay63ko(PartitionKey=\u0027somPartition\u0027,RowKey=\u002711\u0027)",
        "Date": "Tue, 25 Aug 2020 16:29:55 GMT",
        "ETag": "W/\u0022datetime\u00272020-08-25T16%3A29%3A56.2590502Z\u0027\u0022",
        "Location": "https://t487ba7ce49634c8eprim.table.core.windows.net/testtablehyay63ko(PartitionKey=\u0027somPartition\u0027,RowKey=\u002711\u0027)",
        "Preference-Applied": "return-no-content",
        "Server": [
          "Windows-Azure-Table/1.0",
          "Microsoft-HTTPAPI/2.0"
        ],
        "X-Content-Type-Options": "nosniff",
        "x-ms-client-request-id": "9b5e2e1fa079208367e9c2b342edfd95",
        "x-ms-request-id": "acd0b866-d002-0089-6ffc-7a60f1000000",
        "x-ms-version": "2019-02-02"
      },
      "ResponseBody": []
    },
    {
      "RequestUri": "https://t487ba7ce49634c8eprim.table.core.windows.net/testtablehyay63ko?$format=application%2Fjson%3Bodata%3Dminimalmetadata",
      "RequestMethod": "POST",
      "RequestHeaders": {
        "Accept": "application/json",
        "Authorization": "Sanitized",
        "Content-Length": "603",
        "Content-Type": "application/json; odata=nometadata",
        "DataServiceVersion": "3.0",
        "Prefer": "return-no-content",
        "traceparent": "00-eae9e4f0b1ea1a40867a0e06b3518037-fab2a6d63af11f43-00",
        "User-Agent": [
          "azsdk-net-Data.Tables/1.0.0-dev.20200825.2",
          "(.NET Core 4.6.27514.02; Microsoft Windows 10.0.17763 )"
        ],
        "x-ms-client-request-id": "b8b892abee9ca215234758b2e851429f",
        "x-ms-date": "Tue, 25 Aug 2020 16:29:56 GMT",
        "x-ms-return-client-request-id": "true",
        "x-ms-version": "2019-02-02"
      },
      "RequestBody": {
        "PartitionKey": "somPartition",
        "RowKey": "12",
        "SomeStringProperty": "This is table entity number 12",
        "SomeDateProperty": "2020-01-01T01:13:00.0000000Z",
        "SomeDateProperty@odata.type": "Edm.DateTime",
        "SomeGuidProperty": "0d391d16-97f1-4b9a-be68-4cc871f90012",
        "SomeGuidProperty@odata.type": "Edm.Guid",
        "SomeBinaryProperty": "AQIDBAU=",
        "SomeBinaryProperty@odata.type": "Edm.Binary",
        "SomeInt64Property": "12",
        "SomeInt64Property@odata.type": "Edm.Int64",
        "SomeDoubleProperty0": 12,
        "SomeDoubleProperty0@odata.type": "Edm.Double",
        "SomeDoubleProperty1": 12.1,
        "SomeDoubleProperty1@odata.type": "Edm.Double",
        "SomeIntProperty": 12
      },
      "StatusCode": 204,
      "ResponseHeaders": {
        "Cache-Control": "no-cache",
        "Content-Length": "0",
        "DataServiceId": "https://t487ba7ce49634c8eprim.table.core.windows.net/testtablehyay63ko(PartitionKey=\u0027somPartition\u0027,RowKey=\u002712\u0027)",
        "Date": "Tue, 25 Aug 2020 16:29:55 GMT",
        "ETag": "W/\u0022datetime\u00272020-08-25T16%3A29%3A56.3311018Z\u0027\u0022",
        "Location": "https://t487ba7ce49634c8eprim.table.core.windows.net/testtablehyay63ko(PartitionKey=\u0027somPartition\u0027,RowKey=\u002712\u0027)",
        "Preference-Applied": "return-no-content",
        "Server": [
          "Windows-Azure-Table/1.0",
          "Microsoft-HTTPAPI/2.0"
        ],
        "X-Content-Type-Options": "nosniff",
        "x-ms-client-request-id": "b8b892abee9ca215234758b2e851429f",
        "x-ms-request-id": "acd0b86b-d002-0089-74fc-7a60f1000000",
        "x-ms-version": "2019-02-02"
      },
      "ResponseBody": []
    },
    {
      "RequestUri": "https://t487ba7ce49634c8eprim.table.core.windows.net/testtablehyay63ko?$format=application%2Fjson%3Bodata%3Dminimalmetadata",
      "RequestMethod": "POST",
      "RequestHeaders": {
        "Accept": "application/json",
        "Authorization": "Sanitized",
        "Content-Length": "603",
        "Content-Type": "application/json; odata=nometadata",
        "DataServiceVersion": "3.0",
        "Prefer": "return-no-content",
        "traceparent": "00-d6e44b2d6df6214f92c175e5e867691d-4fa612ea1bcb7940-00",
        "User-Agent": [
          "azsdk-net-Data.Tables/1.0.0-dev.20200825.2",
          "(.NET Core 4.6.27514.02; Microsoft Windows 10.0.17763 )"
        ],
        "x-ms-client-request-id": "99f683437ee0920b02ea782cacda7167",
        "x-ms-date": "Tue, 25 Aug 2020 16:29:56 GMT",
        "x-ms-return-client-request-id": "true",
        "x-ms-version": "2019-02-02"
      },
      "RequestBody": {
        "PartitionKey": "somPartition",
        "RowKey": "13",
        "SomeStringProperty": "This is table entity number 13",
        "SomeDateProperty": "2020-01-01T01:14:00.0000000Z",
        "SomeDateProperty@odata.type": "Edm.DateTime",
        "SomeGuidProperty": "0d391d16-97f1-4b9a-be68-4cc871f90013",
        "SomeGuidProperty@odata.type": "Edm.Guid",
        "SomeBinaryProperty": "AQIDBAU=",
        "SomeBinaryProperty@odata.type": "Edm.Binary",
        "SomeInt64Property": "13",
        "SomeInt64Property@odata.type": "Edm.Int64",
        "SomeDoubleProperty0": 13,
        "SomeDoubleProperty0@odata.type": "Edm.Double",
        "SomeDoubleProperty1": 13.1,
        "SomeDoubleProperty1@odata.type": "Edm.Double",
        "SomeIntProperty": 13
      },
      "StatusCode": 204,
      "ResponseHeaders": {
        "Cache-Control": "no-cache",
        "Content-Length": "0",
        "DataServiceId": "https://t487ba7ce49634c8eprim.table.core.windows.net/testtablehyay63ko(PartitionKey=\u0027somPartition\u0027,RowKey=\u002713\u0027)",
        "Date": "Tue, 25 Aug 2020 16:29:55 GMT",
        "ETag": "W/\u0022datetime\u00272020-08-25T16%3A29%3A56.4041539Z\u0027\u0022",
        "Location": "https://t487ba7ce49634c8eprim.table.core.windows.net/testtablehyay63ko(PartitionKey=\u0027somPartition\u0027,RowKey=\u002713\u0027)",
        "Preference-Applied": "return-no-content",
        "Server": [
          "Windows-Azure-Table/1.0",
          "Microsoft-HTTPAPI/2.0"
        ],
        "X-Content-Type-Options": "nosniff",
        "x-ms-client-request-id": "99f683437ee0920b02ea782cacda7167",
        "x-ms-request-id": "acd0b86d-d002-0089-75fc-7a60f1000000",
        "x-ms-version": "2019-02-02"
      },
      "ResponseBody": []
    },
    {
      "RequestUri": "https://t487ba7ce49634c8eprim.table.core.windows.net/testtablehyay63ko?$format=application%2Fjson%3Bodata%3Dminimalmetadata",
      "RequestMethod": "POST",
      "RequestHeaders": {
        "Accept": "application/json",
        "Authorization": "Sanitized",
        "Content-Length": "603",
        "Content-Type": "application/json; odata=nometadata",
        "DataServiceVersion": "3.0",
        "Prefer": "return-no-content",
        "traceparent": "00-2c926e215b6f104298d2861a0a67d7ba-ded92723555a324e-00",
        "User-Agent": [
          "azsdk-net-Data.Tables/1.0.0-dev.20200825.2",
          "(.NET Core 4.6.27514.02; Microsoft Windows 10.0.17763 )"
        ],
        "x-ms-client-request-id": "3c404304931630a819bb783248d13815",
        "x-ms-date": "Tue, 25 Aug 2020 16:29:56 GMT",
        "x-ms-return-client-request-id": "true",
        "x-ms-version": "2019-02-02"
      },
      "RequestBody": {
        "PartitionKey": "somPartition",
        "RowKey": "14",
        "SomeStringProperty": "This is table entity number 14",
        "SomeDateProperty": "2020-01-01T01:15:00.0000000Z",
        "SomeDateProperty@odata.type": "Edm.DateTime",
        "SomeGuidProperty": "0d391d16-97f1-4b9a-be68-4cc871f90014",
        "SomeGuidProperty@odata.type": "Edm.Guid",
        "SomeBinaryProperty": "AQIDBAU=",
        "SomeBinaryProperty@odata.type": "Edm.Binary",
        "SomeInt64Property": "14",
        "SomeInt64Property@odata.type": "Edm.Int64",
        "SomeDoubleProperty0": 14,
        "SomeDoubleProperty0@odata.type": "Edm.Double",
        "SomeDoubleProperty1": 14.1,
        "SomeDoubleProperty1@odata.type": "Edm.Double",
        "SomeIntProperty": 14
      },
      "StatusCode": 204,
      "ResponseHeaders": {
        "Cache-Control": "no-cache",
        "Content-Length": "0",
        "DataServiceId": "https://t487ba7ce49634c8eprim.table.core.windows.net/testtablehyay63ko(PartitionKey=\u0027somPartition\u0027,RowKey=\u002714\u0027)",
        "Date": "Tue, 25 Aug 2020 16:29:55 GMT",
        "ETag": "W/\u0022datetime\u00272020-08-25T16%3A29%3A56.476206Z\u0027\u0022",
        "Location": "https://t487ba7ce49634c8eprim.table.core.windows.net/testtablehyay63ko(PartitionKey=\u0027somPartition\u0027,RowKey=\u002714\u0027)",
        "Preference-Applied": "return-no-content",
        "Server": [
          "Windows-Azure-Table/1.0",
          "Microsoft-HTTPAPI/2.0"
        ],
        "X-Content-Type-Options": "nosniff",
        "x-ms-client-request-id": "3c404304931630a819bb783248d13815",
        "x-ms-request-id": "acd0b873-d002-0089-7bfc-7a60f1000000",
        "x-ms-version": "2019-02-02"
      },
      "ResponseBody": []
    },
    {
      "RequestUri": "https://t487ba7ce49634c8eprim.table.core.windows.net/testtablehyay63ko?$format=application%2Fjson%3Bodata%3Dminimalmetadata",
      "RequestMethod": "POST",
      "RequestHeaders": {
        "Accept": "application/json",
        "Authorization": "Sanitized",
        "Content-Length": "603",
        "Content-Type": "application/json; odata=nometadata",
        "DataServiceVersion": "3.0",
        "Prefer": "return-no-content",
        "traceparent": "00-7bc37cee81d02a4e96a6565db8b53665-147a7d851d614b42-00",
        "User-Agent": [
          "azsdk-net-Data.Tables/1.0.0-dev.20200825.2",
          "(.NET Core 4.6.27514.02; Microsoft Windows 10.0.17763 )"
        ],
        "x-ms-client-request-id": "bf7022a663f72db58726b5b175e8f548",
        "x-ms-date": "Tue, 25 Aug 2020 16:29:56 GMT",
        "x-ms-return-client-request-id": "true",
        "x-ms-version": "2019-02-02"
      },
      "RequestBody": {
        "PartitionKey": "somPartition",
        "RowKey": "15",
        "SomeStringProperty": "This is table entity number 15",
        "SomeDateProperty": "2020-01-01T01:16:00.0000000Z",
        "SomeDateProperty@odata.type": "Edm.DateTime",
        "SomeGuidProperty": "0d391d16-97f1-4b9a-be68-4cc871f90015",
        "SomeGuidProperty@odata.type": "Edm.Guid",
        "SomeBinaryProperty": "AQIDBAU=",
        "SomeBinaryProperty@odata.type": "Edm.Binary",
        "SomeInt64Property": "15",
        "SomeInt64Property@odata.type": "Edm.Int64",
        "SomeDoubleProperty0": 15,
        "SomeDoubleProperty0@odata.type": "Edm.Double",
        "SomeDoubleProperty1": 15.1,
        "SomeDoubleProperty1@odata.type": "Edm.Double",
        "SomeIntProperty": 15
      },
      "StatusCode": 204,
      "ResponseHeaders": {
        "Cache-Control": "no-cache",
        "Content-Length": "0",
        "DataServiceId": "https://t487ba7ce49634c8eprim.table.core.windows.net/testtablehyay63ko(PartitionKey=\u0027somPartition\u0027,RowKey=\u002715\u0027)",
        "Date": "Tue, 25 Aug 2020 16:29:55 GMT",
        "ETag": "W/\u0022datetime\u00272020-08-25T16%3A29%3A56.5482568Z\u0027\u0022",
        "Location": "https://t487ba7ce49634c8eprim.table.core.windows.net/testtablehyay63ko(PartitionKey=\u0027somPartition\u0027,RowKey=\u002715\u0027)",
        "Preference-Applied": "return-no-content",
        "Server": [
          "Windows-Azure-Table/1.0",
          "Microsoft-HTTPAPI/2.0"
        ],
        "X-Content-Type-Options": "nosniff",
        "x-ms-client-request-id": "bf7022a663f72db58726b5b175e8f548",
        "x-ms-request-id": "acd0b875-d002-0089-7dfc-7a60f1000000",
        "x-ms-version": "2019-02-02"
      },
      "ResponseBody": []
    },
    {
      "RequestUri": "https://t487ba7ce49634c8eprim.table.core.windows.net/testtablehyay63ko?$format=application%2Fjson%3Bodata%3Dminimalmetadata",
      "RequestMethod": "POST",
      "RequestHeaders": {
        "Accept": "application/json",
        "Authorization": "Sanitized",
        "Content-Length": "617",
        "Content-Type": "application/json; odata=nometadata",
        "DataServiceVersion": "3.0",
        "Prefer": "return-no-content",
        "traceparent": "00-de8d3677b733d14b84f1c4e69cbcef1c-bce791b974c41e4c-00",
        "User-Agent": [
          "azsdk-net-Data.Tables/1.0.0-dev.20200825.2",
          "(.NET Core 4.6.27514.02; Microsoft Windows 10.0.17763 )"
        ],
        "x-ms-client-request-id": "a5adf0d50610af89dac5802405d84931",
        "x-ms-date": "Tue, 25 Aug 2020 16:29:56 GMT",
        "x-ms-return-client-request-id": "true",
        "x-ms-version": "2019-02-02"
      },
      "RequestBody": {
        "PartitionKey": "somPartition",
        "RowKey": "16",
        "SomeStringProperty": "This is table entity number 16",
        "SomeDateProperty": "2020-01-01T01:17:00.0000000Z",
        "SomeDateProperty@odata.type": "Edm.DateTime",
        "SomeGuidProperty": "0d391d16-97f1-4b9a-be68-4cc871f90016",
        "SomeGuidProperty@odata.type": "Edm.Guid",
        "SomeBinaryProperty": "AQIDBAU=",
        "SomeBinaryProperty@odata.type": "Edm.Binary",
        "SomeInt64Property": "16",
        "SomeInt64Property@odata.type": "Edm.Int64",
        "SomeDoubleProperty0": 16,
        "SomeDoubleProperty0@odata.type": "Edm.Double",
        "SomeDoubleProperty1": 16.100000000000001,
        "SomeDoubleProperty1@odata.type": "Edm.Double",
        "SomeIntProperty": 16
      },
      "StatusCode": 204,
      "ResponseHeaders": {
        "Cache-Control": "no-cache",
        "Content-Length": "0",
        "DataServiceId": "https://t487ba7ce49634c8eprim.table.core.windows.net/testtablehyay63ko(PartitionKey=\u0027somPartition\u0027,RowKey=\u002716\u0027)",
        "Date": "Tue, 25 Aug 2020 16:29:55 GMT",
        "ETag": "W/\u0022datetime\u00272020-08-25T16%3A29%3A56.6193083Z\u0027\u0022",
        "Location": "https://t487ba7ce49634c8eprim.table.core.windows.net/testtablehyay63ko(PartitionKey=\u0027somPartition\u0027,RowKey=\u002716\u0027)",
        "Preference-Applied": "return-no-content",
        "Server": [
          "Windows-Azure-Table/1.0",
          "Microsoft-HTTPAPI/2.0"
        ],
        "X-Content-Type-Options": "nosniff",
        "x-ms-client-request-id": "a5adf0d50610af89dac5802405d84931",
        "x-ms-request-id": "acd0b87a-d002-0089-01fc-7a60f1000000",
        "x-ms-version": "2019-02-02"
      },
      "ResponseBody": []
    },
    {
      "RequestUri": "https://t487ba7ce49634c8eprim.table.core.windows.net/testtablehyay63ko?$format=application%2Fjson%3Bodata%3Dminimalmetadata",
      "RequestMethod": "POST",
      "RequestHeaders": {
        "Accept": "application/json",
        "Authorization": "Sanitized",
        "Content-Length": "617",
        "Content-Type": "application/json; odata=nometadata",
        "DataServiceVersion": "3.0",
        "Prefer": "return-no-content",
        "traceparent": "00-65d941e2986ec043bb9ab6c89c29e7e7-d449e4f033a01e45-00",
        "User-Agent": [
          "azsdk-net-Data.Tables/1.0.0-dev.20200825.2",
          "(.NET Core 4.6.27514.02; Microsoft Windows 10.0.17763 )"
        ],
        "x-ms-client-request-id": "8a8562b2b16aa1708e12b5f0def6bb30",
        "x-ms-date": "Tue, 25 Aug 2020 16:29:56 GMT",
        "x-ms-return-client-request-id": "true",
        "x-ms-version": "2019-02-02"
      },
      "RequestBody": {
        "PartitionKey": "somPartition",
        "RowKey": "17",
        "SomeStringProperty": "This is table entity number 17",
        "SomeDateProperty": "2020-01-01T01:18:00.0000000Z",
        "SomeDateProperty@odata.type": "Edm.DateTime",
        "SomeGuidProperty": "0d391d16-97f1-4b9a-be68-4cc871f90017",
        "SomeGuidProperty@odata.type": "Edm.Guid",
        "SomeBinaryProperty": "AQIDBAU=",
        "SomeBinaryProperty@odata.type": "Edm.Binary",
        "SomeInt64Property": "17",
        "SomeInt64Property@odata.type": "Edm.Int64",
        "SomeDoubleProperty0": 17,
        "SomeDoubleProperty0@odata.type": "Edm.Double",
        "SomeDoubleProperty1": 17.100000000000001,
        "SomeDoubleProperty1@odata.type": "Edm.Double",
        "SomeIntProperty": 17
      },
      "StatusCode": 204,
      "ResponseHeaders": {
        "Cache-Control": "no-cache",
        "Content-Length": "0",
        "DataServiceId": "https://t487ba7ce49634c8eprim.table.core.windows.net/testtablehyay63ko(PartitionKey=\u0027somPartition\u0027,RowKey=\u002717\u0027)",
        "Date": "Tue, 25 Aug 2020 16:29:56 GMT",
        "ETag": "W/\u0022datetime\u00272020-08-25T16%3A29%3A56.6953624Z\u0027\u0022",
        "Location": "https://t487ba7ce49634c8eprim.table.core.windows.net/testtablehyay63ko(PartitionKey=\u0027somPartition\u0027,RowKey=\u002717\u0027)",
        "Preference-Applied": "return-no-content",
        "Server": [
          "Windows-Azure-Table/1.0",
          "Microsoft-HTTPAPI/2.0"
        ],
        "X-Content-Type-Options": "nosniff",
        "x-ms-client-request-id": "8a8562b2b16aa1708e12b5f0def6bb30",
        "x-ms-request-id": "acd0b87c-d002-0089-02fc-7a60f1000000",
        "x-ms-version": "2019-02-02"
      },
      "ResponseBody": []
    },
    {
      "RequestUri": "https://t487ba7ce49634c8eprim.table.core.windows.net/testtablehyay63ko?$format=application%2Fjson%3Bodata%3Dminimalmetadata",
      "RequestMethod": "POST",
      "RequestHeaders": {
        "Accept": "application/json",
        "Authorization": "Sanitized",
        "Content-Length": "617",
        "Content-Type": "application/json; odata=nometadata",
        "DataServiceVersion": "3.0",
        "Prefer": "return-no-content",
        "traceparent": "00-2d2d4da4b0c60b469d8299e45b61f957-572b2dfe0e3f1444-00",
        "User-Agent": [
          "azsdk-net-Data.Tables/1.0.0-dev.20200825.2",
          "(.NET Core 4.6.27514.02; Microsoft Windows 10.0.17763 )"
        ],
        "x-ms-client-request-id": "575c30c69224a00599c0e432e29028ae",
        "x-ms-date": "Tue, 25 Aug 2020 16:29:56 GMT",
        "x-ms-return-client-request-id": "true",
        "x-ms-version": "2019-02-02"
      },
      "RequestBody": {
        "PartitionKey": "somPartition",
        "RowKey": "18",
        "SomeStringProperty": "This is table entity number 18",
        "SomeDateProperty": "2020-01-01T01:19:00.0000000Z",
        "SomeDateProperty@odata.type": "Edm.DateTime",
        "SomeGuidProperty": "0d391d16-97f1-4b9a-be68-4cc871f90018",
        "SomeGuidProperty@odata.type": "Edm.Guid",
        "SomeBinaryProperty": "AQIDBAU=",
        "SomeBinaryProperty@odata.type": "Edm.Binary",
        "SomeInt64Property": "18",
        "SomeInt64Property@odata.type": "Edm.Int64",
        "SomeDoubleProperty0": 18,
        "SomeDoubleProperty0@odata.type": "Edm.Double",
        "SomeDoubleProperty1": 18.100000000000001,
        "SomeDoubleProperty1@odata.type": "Edm.Double",
        "SomeIntProperty": 18
      },
      "StatusCode": 204,
      "ResponseHeaders": {
        "Cache-Control": "no-cache",
        "Content-Length": "0",
        "DataServiceId": "https://t487ba7ce49634c8eprim.table.core.windows.net/testtablehyay63ko(PartitionKey=\u0027somPartition\u0027,RowKey=\u002718\u0027)",
        "Date": "Tue, 25 Aug 2020 16:29:56 GMT",
        "ETag": "W/\u0022datetime\u00272020-08-25T16%3A29%3A56.7674145Z\u0027\u0022",
        "Location": "https://t487ba7ce49634c8eprim.table.core.windows.net/testtablehyay63ko(PartitionKey=\u0027somPartition\u0027,RowKey=\u002718\u0027)",
        "Preference-Applied": "return-no-content",
        "Server": [
          "Windows-Azure-Table/1.0",
          "Microsoft-HTTPAPI/2.0"
        ],
        "X-Content-Type-Options": "nosniff",
        "x-ms-client-request-id": "575c30c69224a00599c0e432e29028ae",
        "x-ms-request-id": "acd0b87f-d002-0089-05fc-7a60f1000000",
        "x-ms-version": "2019-02-02"
      },
      "ResponseBody": []
    },
    {
      "RequestUri": "https://t487ba7ce49634c8eprim.table.core.windows.net/testtablehyay63ko?$format=application%2Fjson%3Bodata%3Dminimalmetadata",
      "RequestMethod": "POST",
      "RequestHeaders": {
        "Accept": "application/json",
        "Authorization": "Sanitized",
        "Content-Length": "617",
        "Content-Type": "application/json; odata=nometadata",
        "DataServiceVersion": "3.0",
        "Prefer": "return-no-content",
        "traceparent": "00-fe69864fa7353d4e98fd43742ee269e1-7d52e2bd9b773f43-00",
        "User-Agent": [
          "azsdk-net-Data.Tables/1.0.0-dev.20200825.2",
          "(.NET Core 4.6.27514.02; Microsoft Windows 10.0.17763 )"
        ],
        "x-ms-client-request-id": "12ff84dc6b6224dd800b16fd5199d1e4",
        "x-ms-date": "Tue, 25 Aug 2020 16:29:56 GMT",
        "x-ms-return-client-request-id": "true",
        "x-ms-version": "2019-02-02"
      },
      "RequestBody": {
        "PartitionKey": "somPartition",
        "RowKey": "19",
        "SomeStringProperty": "This is table entity number 19",
        "SomeDateProperty": "2020-01-01T01:20:00.0000000Z",
        "SomeDateProperty@odata.type": "Edm.DateTime",
        "SomeGuidProperty": "0d391d16-97f1-4b9a-be68-4cc871f90019",
        "SomeGuidProperty@odata.type": "Edm.Guid",
        "SomeBinaryProperty": "AQIDBAU=",
        "SomeBinaryProperty@odata.type": "Edm.Binary",
        "SomeInt64Property": "19",
        "SomeInt64Property@odata.type": "Edm.Int64",
        "SomeDoubleProperty0": 19,
        "SomeDoubleProperty0@odata.type": "Edm.Double",
        "SomeDoubleProperty1": 19.100000000000001,
        "SomeDoubleProperty1@odata.type": "Edm.Double",
        "SomeIntProperty": 19
      },
      "StatusCode": 204,
      "ResponseHeaders": {
        "Cache-Control": "no-cache",
        "Content-Length": "0",
        "DataServiceId": "https://t487ba7ce49634c8eprim.table.core.windows.net/testtablehyay63ko(PartitionKey=\u0027somPartition\u0027,RowKey=\u002719\u0027)",
        "Date": "Tue, 25 Aug 2020 16:29:56 GMT",
        "ETag": "W/\u0022datetime\u00272020-08-25T16%3A29%3A56.8394661Z\u0027\u0022",
        "Location": "https://t487ba7ce49634c8eprim.table.core.windows.net/testtablehyay63ko(PartitionKey=\u0027somPartition\u0027,RowKey=\u002719\u0027)",
        "Preference-Applied": "return-no-content",
        "Server": [
          "Windows-Azure-Table/1.0",
          "Microsoft-HTTPAPI/2.0"
        ],
        "X-Content-Type-Options": "nosniff",
        "x-ms-client-request-id": "12ff84dc6b6224dd800b16fd5199d1e4",
        "x-ms-request-id": "acd0b881-d002-0089-07fc-7a60f1000000",
        "x-ms-version": "2019-02-02"
      },
      "ResponseBody": []
    },
    {
      "RequestUri": "https://t487ba7ce49634c8eprim.table.core.windows.net/testtablehyay63ko?$format=application%2Fjson%3Bodata%3Dminimalmetadata",
      "RequestMethod": "POST",
      "RequestHeaders": {
        "Accept": "application/json",
        "Authorization": "Sanitized",
        "Content-Length": "617",
        "Content-Type": "application/json; odata=nometadata",
        "DataServiceVersion": "3.0",
        "Prefer": "return-no-content",
        "traceparent": "00-2059cc1b38dd8a459ba5edbc0181f55d-4f9b682e28f54349-00",
        "User-Agent": [
          "azsdk-net-Data.Tables/1.0.0-dev.20200825.2",
          "(.NET Core 4.6.27514.02; Microsoft Windows 10.0.17763 )"
        ],
        "x-ms-client-request-id": "d55e5009f17b1f0c5de5f1a9cc3dbffd",
        "x-ms-date": "Tue, 25 Aug 2020 16:29:56 GMT",
        "x-ms-return-client-request-id": "true",
        "x-ms-version": "2019-02-02"
      },
      "RequestBody": {
        "PartitionKey": "somPartition",
        "RowKey": "20",
        "SomeStringProperty": "This is table entity number 20",
        "SomeDateProperty": "2020-01-01T01:21:00.0000000Z",
        "SomeDateProperty@odata.type": "Edm.DateTime",
        "SomeGuidProperty": "0d391d16-97f1-4b9a-be68-4cc871f90020",
        "SomeGuidProperty@odata.type": "Edm.Guid",
        "SomeBinaryProperty": "AQIDBAU=",
        "SomeBinaryProperty@odata.type": "Edm.Binary",
        "SomeInt64Property": "20",
        "SomeInt64Property@odata.type": "Edm.Int64",
        "SomeDoubleProperty0": 20,
        "SomeDoubleProperty0@odata.type": "Edm.Double",
        "SomeDoubleProperty1": 20.100000000000001,
        "SomeDoubleProperty1@odata.type": "Edm.Double",
        "SomeIntProperty": 20
      },
      "StatusCode": 204,
      "ResponseHeaders": {
        "Cache-Control": "no-cache",
        "Content-Length": "0",
        "DataServiceId": "https://t487ba7ce49634c8eprim.table.core.windows.net/testtablehyay63ko(PartitionKey=\u0027somPartition\u0027,RowKey=\u002720\u0027)",
        "Date": "Tue, 25 Aug 2020 16:29:56 GMT",
        "ETag": "W/\u0022datetime\u00272020-08-25T16%3A29%3A56.9115177Z\u0027\u0022",
        "Location": "https://t487ba7ce49634c8eprim.table.core.windows.net/testtablehyay63ko(PartitionKey=\u0027somPartition\u0027,RowKey=\u002720\u0027)",
        "Preference-Applied": "return-no-content",
        "Server": [
          "Windows-Azure-Table/1.0",
          "Microsoft-HTTPAPI/2.0"
        ],
        "X-Content-Type-Options": "nosniff",
        "x-ms-client-request-id": "d55e5009f17b1f0c5de5f1a9cc3dbffd",
        "x-ms-request-id": "acd0b884-d002-0089-09fc-7a60f1000000",
        "x-ms-version": "2019-02-02"
      },
      "ResponseBody": []
    },
    {
      "RequestUri": "https://t487ba7ce49634c8eprim.table.core.windows.net/testtablehyay63ko()?$format=application%2Fjson%3Bodata%3Dminimalmetadata",
      "RequestMethod": "GET",
      "RequestHeaders": {
        "Accept": "application/json",
        "Authorization": "Sanitized",
        "DataServiceVersion": "3.0",
        "User-Agent": [
          "azsdk-net-Data.Tables/1.0.0-dev.20200825.2",
          "(.NET Core 4.6.27514.02; Microsoft Windows 10.0.17763 )"
        ],
        "x-ms-client-request-id": "5a1306eaa9f65acd5238d7187b074eff",
        "x-ms-date": "Tue, 25 Aug 2020 16:29:56 GMT",
        "x-ms-return-client-request-id": "true",
        "x-ms-version": "2019-02-02"
      },
      "RequestBody": null,
      "StatusCode": 200,
      "ResponseHeaders": {
        "Cache-Control": "no-cache",
        "Content-Type": "application/json; odata=minimalmetadata; streaming=true; charset=utf-8",
        "Date": "Tue, 25 Aug 2020 16:29:56 GMT",
        "Server": [
          "Windows-Azure-Table/1.0",
          "Microsoft-HTTPAPI/2.0"
        ],
        "Transfer-Encoding": "chunked",
        "X-Content-Type-Options": "nosniff",
        "x-ms-client-request-id": "5a1306eaa9f65acd5238d7187b074eff",
        "x-ms-request-id": "acd0b886-d002-0089-0bfc-7a60f1000000",
        "x-ms-version": "2019-02-02"
      },
      "ResponseBody": {
        "odata.metadata": "https://t487ba7ce49634c8eprim.table.core.windows.net/$metadata#testtablehyay63ko",
        "value": [
          {
            "odata.etag": "W/\u0022datetime\u00272020-08-25T16%3A29%3A55.5275257Z\u0027\u0022",
            "PartitionKey": "somPartition",
            "RowKey": "01",
            "Timestamp": "2020-08-25T16:29:55.5275257Z",
            "SomeStringProperty": "This is table entity number 01",
            "SomeDateProperty@odata.type": "Edm.DateTime",
            "SomeDateProperty": "2020-01-01T01:02:00Z",
            "SomeGuidProperty@odata.type": "Edm.Guid",
            "SomeGuidProperty": "0d391d16-97f1-4b9a-be68-4cc871f90001",
            "SomeBinaryProperty@odata.type": "Edm.Binary",
            "SomeBinaryProperty": "AQIDBAU=",
            "SomeInt64Property@odata.type": "Edm.Int64",
            "SomeInt64Property": "1",
            "SomeDoubleProperty0": 1.0,
            "SomeDoubleProperty1": 1.1,
            "SomeIntProperty": 1
          },
          {
            "odata.etag": "W/\u0022datetime\u00272020-08-25T16%3A29%3A55.5995774Z\u0027\u0022",
            "PartitionKey": "somPartition",
            "RowKey": "02",
            "Timestamp": "2020-08-25T16:29:55.5995774Z",
            "SomeStringProperty": "This is table entity number 02",
            "SomeDateProperty@odata.type": "Edm.DateTime",
            "SomeDateProperty": "2020-01-01T01:03:00Z",
            "SomeGuidProperty@odata.type": "Edm.Guid",
            "SomeGuidProperty": "0d391d16-97f1-4b9a-be68-4cc871f90002",
            "SomeBinaryProperty@odata.type": "Edm.Binary",
            "SomeBinaryProperty": "AQIDBAU=",
            "SomeInt64Property@odata.type": "Edm.Int64",
            "SomeInt64Property": "2",
            "SomeDoubleProperty0": 2.0,
            "SomeDoubleProperty1": 2.1,
            "SomeIntProperty": 2
          },
          {
            "odata.etag": "W/\u0022datetime\u00272020-08-25T16%3A29%3A55.6736304Z\u0027\u0022",
            "PartitionKey": "somPartition",
            "RowKey": "03",
            "Timestamp": "2020-08-25T16:29:55.6736304Z",
            "SomeStringProperty": "This is table entity number 03",
            "SomeDateProperty@odata.type": "Edm.DateTime",
            "SomeDateProperty": "2020-01-01T01:04:00Z",
            "SomeGuidProperty@odata.type": "Edm.Guid",
            "SomeGuidProperty": "0d391d16-97f1-4b9a-be68-4cc871f90003",
            "SomeBinaryProperty@odata.type": "Edm.Binary",
            "SomeBinaryProperty": "AQIDBAU=",
            "SomeInt64Property@odata.type": "Edm.Int64",
            "SomeInt64Property": "3",
            "SomeDoubleProperty0": 3.0,
            "SomeDoubleProperty1": 3.1,
            "SomeIntProperty": 3
          },
          {
            "odata.etag": "W/\u0022datetime\u00272020-08-25T16%3A29%3A55.746683Z\u0027\u0022",
            "PartitionKey": "somPartition",
            "RowKey": "04",
            "Timestamp": "2020-08-25T16:29:55.746683Z",
            "SomeStringProperty": "This is table entity number 04",
            "SomeDateProperty@odata.type": "Edm.DateTime",
            "SomeDateProperty": "2020-01-01T01:05:00Z",
            "SomeGuidProperty@odata.type": "Edm.Guid",
            "SomeGuidProperty": "0d391d16-97f1-4b9a-be68-4cc871f90004",
            "SomeBinaryProperty@odata.type": "Edm.Binary",
            "SomeBinaryProperty": "AQIDBAU=",
            "SomeInt64Property@odata.type": "Edm.Int64",
            "SomeInt64Property": "4",
            "SomeDoubleProperty0": 4.0,
            "SomeDoubleProperty1": 4.1,
            "SomeIntProperty": 4
          },
          {
            "odata.etag": "W/\u0022datetime\u00272020-08-25T16%3A29%3A55.8197356Z\u0027\u0022",
            "PartitionKey": "somPartition",
            "RowKey": "05",
            "Timestamp": "2020-08-25T16:29:55.8197356Z",
            "SomeStringProperty": "This is table entity number 05",
            "SomeDateProperty@odata.type": "Edm.DateTime",
            "SomeDateProperty": "2020-01-01T01:06:00Z",
            "SomeGuidProperty@odata.type": "Edm.Guid",
            "SomeGuidProperty": "0d391d16-97f1-4b9a-be68-4cc871f90005",
            "SomeBinaryProperty@odata.type": "Edm.Binary",
            "SomeBinaryProperty": "AQIDBAU=",
            "SomeInt64Property@odata.type": "Edm.Int64",
            "SomeInt64Property": "5",
            "SomeDoubleProperty0": 5.0,
            "SomeDoubleProperty1": 5.1,
            "SomeIntProperty": 5
          },
          {
            "odata.etag": "W/\u0022datetime\u00272020-08-25T16%3A29%3A55.8947891Z\u0027\u0022",
            "PartitionKey": "somPartition",
            "RowKey": "06",
            "Timestamp": "2020-08-25T16:29:55.8947891Z",
            "SomeStringProperty": "This is table entity number 06",
            "SomeDateProperty@odata.type": "Edm.DateTime",
            "SomeDateProperty": "2020-01-01T01:07:00Z",
            "SomeGuidProperty@odata.type": "Edm.Guid",
            "SomeGuidProperty": "0d391d16-97f1-4b9a-be68-4cc871f90006",
            "SomeBinaryProperty@odata.type": "Edm.Binary",
            "SomeBinaryProperty": "AQIDBAU=",
            "SomeInt64Property@odata.type": "Edm.Int64",
            "SomeInt64Property": "6",
            "SomeDoubleProperty0": 6.0,
            "SomeDoubleProperty1": 6.1,
            "SomeIntProperty": 6
          },
          {
            "odata.etag": "W/\u0022datetime\u00272020-08-25T16%3A29%3A55.9698423Z\u0027\u0022",
            "PartitionKey": "somPartition",
            "RowKey": "07",
            "Timestamp": "2020-08-25T16:29:55.9698423Z",
            "SomeStringProperty": "This is table entity number 07",
            "SomeDateProperty@odata.type": "Edm.DateTime",
            "SomeDateProperty": "2020-01-01T01:08:00Z",
            "SomeGuidProperty@odata.type": "Edm.Guid",
            "SomeGuidProperty": "0d391d16-97f1-4b9a-be68-4cc871f90007",
            "SomeBinaryProperty@odata.type": "Edm.Binary",
            "SomeBinaryProperty": "AQIDBAU=",
            "SomeInt64Property@odata.type": "Edm.Int64",
            "SomeInt64Property": "7",
            "SomeDoubleProperty0": 7.0,
            "SomeDoubleProperty1": 7.1,
            "SomeIntProperty": 7
          },
          {
            "odata.etag": "W/\u0022datetime\u00272020-08-25T16%3A29%3A56.0428948Z\u0027\u0022",
            "PartitionKey": "somPartition",
            "RowKey": "08",
            "Timestamp": "2020-08-25T16:29:56.0428948Z",
            "SomeStringProperty": "This is table entity number 08",
            "SomeDateProperty@odata.type": "Edm.DateTime",
            "SomeDateProperty": "2020-01-01T01:09:00Z",
            "SomeGuidProperty@odata.type": "Edm.Guid",
            "SomeGuidProperty": "0d391d16-97f1-4b9a-be68-4cc871f90008",
            "SomeBinaryProperty@odata.type": "Edm.Binary",
            "SomeBinaryProperty": "AQIDBAU=",
            "SomeInt64Property@odata.type": "Edm.Int64",
            "SomeInt64Property": "8",
            "SomeDoubleProperty0": 8.0,
            "SomeDoubleProperty1": 8.1,
            "SomeIntProperty": 8
          },
          {
            "odata.etag": "W/\u0022datetime\u00272020-08-25T16%3A29%3A56.1149474Z\u0027\u0022",
            "PartitionKey": "somPartition",
            "RowKey": "09",
            "Timestamp": "2020-08-25T16:29:56.1149474Z",
            "SomeStringProperty": "This is table entity number 09",
            "SomeDateProperty@odata.type": "Edm.DateTime",
            "SomeDateProperty": "2020-01-01T01:10:00Z",
            "SomeGuidProperty@odata.type": "Edm.Guid",
            "SomeGuidProperty": "0d391d16-97f1-4b9a-be68-4cc871f90009",
            "SomeBinaryProperty@odata.type": "Edm.Binary",
            "SomeBinaryProperty": "AQIDBAU=",
            "SomeInt64Property@odata.type": "Edm.Int64",
            "SomeInt64Property": "9",
            "SomeDoubleProperty0": 9.0,
            "SomeDoubleProperty1": 9.1,
            "SomeIntProperty": 9
          },
          {
            "odata.etag": "W/\u0022datetime\u00272020-08-25T16%3A29%3A56.1869981Z\u0027\u0022",
            "PartitionKey": "somPartition",
            "RowKey": "10",
            "Timestamp": "2020-08-25T16:29:56.1869981Z",
            "SomeStringProperty": "This is table entity number 10",
            "SomeDateProperty@odata.type": "Edm.DateTime",
            "SomeDateProperty": "2020-01-01T01:11:00Z",
            "SomeGuidProperty@odata.type": "Edm.Guid",
            "SomeGuidProperty": "0d391d16-97f1-4b9a-be68-4cc871f90010",
            "SomeBinaryProperty@odata.type": "Edm.Binary",
            "SomeBinaryProperty": "AQIDBAU=",
            "SomeInt64Property@odata.type": "Edm.Int64",
            "SomeInt64Property": "10",
            "SomeDoubleProperty0": 10.0,
            "SomeDoubleProperty1": 10.1,
            "SomeIntProperty": 10
          },
          {
            "odata.etag": "W/\u0022datetime\u00272020-08-25T16%3A29%3A56.2590502Z\u0027\u0022",
            "PartitionKey": "somPartition",
            "RowKey": "11",
            "Timestamp": "2020-08-25T16:29:56.2590502Z",
            "SomeStringProperty": "This is table entity number 11",
            "SomeDateProperty@odata.type": "Edm.DateTime",
            "SomeDateProperty": "2020-01-01T01:12:00Z",
            "SomeGuidProperty@odata.type": "Edm.Guid",
            "SomeGuidProperty": "0d391d16-97f1-4b9a-be68-4cc871f90011",
            "SomeBinaryProperty@odata.type": "Edm.Binary",
            "SomeBinaryProperty": "AQIDBAU=",
            "SomeInt64Property@odata.type": "Edm.Int64",
            "SomeInt64Property": "11",
            "SomeDoubleProperty0": 11.0,
            "SomeDoubleProperty1": 11.1,
            "SomeIntProperty": 11
          },
          {
            "odata.etag": "W/\u0022datetime\u00272020-08-25T16%3A29%3A56.3311018Z\u0027\u0022",
            "PartitionKey": "somPartition",
            "RowKey": "12",
            "Timestamp": "2020-08-25T16:29:56.3311018Z",
            "SomeStringProperty": "This is table entity number 12",
            "SomeDateProperty@odata.type": "Edm.DateTime",
            "SomeDateProperty": "2020-01-01T01:13:00Z",
            "SomeGuidProperty@odata.type": "Edm.Guid",
            "SomeGuidProperty": "0d391d16-97f1-4b9a-be68-4cc871f90012",
            "SomeBinaryProperty@odata.type": "Edm.Binary",
            "SomeBinaryProperty": "AQIDBAU=",
            "SomeInt64Property@odata.type": "Edm.Int64",
            "SomeInt64Property": "12",
            "SomeDoubleProperty0": 12.0,
            "SomeDoubleProperty1": 12.1,
            "SomeIntProperty": 12
          },
          {
            "odata.etag": "W/\u0022datetime\u00272020-08-25T16%3A29%3A56.4041539Z\u0027\u0022",
            "PartitionKey": "somPartition",
            "RowKey": "13",
            "Timestamp": "2020-08-25T16:29:56.4041539Z",
            "SomeStringProperty": "This is table entity number 13",
            "SomeDateProperty@odata.type": "Edm.DateTime",
            "SomeDateProperty": "2020-01-01T01:14:00Z",
            "SomeGuidProperty@odata.type": "Edm.Guid",
            "SomeGuidProperty": "0d391d16-97f1-4b9a-be68-4cc871f90013",
            "SomeBinaryProperty@odata.type": "Edm.Binary",
            "SomeBinaryProperty": "AQIDBAU=",
            "SomeInt64Property@odata.type": "Edm.Int64",
            "SomeInt64Property": "13",
            "SomeDoubleProperty0": 13.0,
            "SomeDoubleProperty1": 13.1,
            "SomeIntProperty": 13
          },
          {
            "odata.etag": "W/\u0022datetime\u00272020-08-25T16%3A29%3A56.476206Z\u0027\u0022",
            "PartitionKey": "somPartition",
            "RowKey": "14",
            "Timestamp": "2020-08-25T16:29:56.476206Z",
            "SomeStringProperty": "This is table entity number 14",
            "SomeDateProperty@odata.type": "Edm.DateTime",
            "SomeDateProperty": "2020-01-01T01:15:00Z",
            "SomeGuidProperty@odata.type": "Edm.Guid",
            "SomeGuidProperty": "0d391d16-97f1-4b9a-be68-4cc871f90014",
            "SomeBinaryProperty@odata.type": "Edm.Binary",
            "SomeBinaryProperty": "AQIDBAU=",
            "SomeInt64Property@odata.type": "Edm.Int64",
            "SomeInt64Property": "14",
            "SomeDoubleProperty0": 14.0,
            "SomeDoubleProperty1": 14.1,
            "SomeIntProperty": 14
          },
          {
            "odata.etag": "W/\u0022datetime\u00272020-08-25T16%3A29%3A56.5482568Z\u0027\u0022",
            "PartitionKey": "somPartition",
            "RowKey": "15",
            "Timestamp": "2020-08-25T16:29:56.5482568Z",
            "SomeStringProperty": "This is table entity number 15",
            "SomeDateProperty@odata.type": "Edm.DateTime",
            "SomeDateProperty": "2020-01-01T01:16:00Z",
            "SomeGuidProperty@odata.type": "Edm.Guid",
            "SomeGuidProperty": "0d391d16-97f1-4b9a-be68-4cc871f90015",
            "SomeBinaryProperty@odata.type": "Edm.Binary",
            "SomeBinaryProperty": "AQIDBAU=",
            "SomeInt64Property@odata.type": "Edm.Int64",
            "SomeInt64Property": "15",
            "SomeDoubleProperty0": 15.0,
            "SomeDoubleProperty1": 15.1,
            "SomeIntProperty": 15
          },
          {
            "odata.etag": "W/\u0022datetime\u00272020-08-25T16%3A29%3A56.6193083Z\u0027\u0022",
            "PartitionKey": "somPartition",
            "RowKey": "16",
            "Timestamp": "2020-08-25T16:29:56.6193083Z",
            "SomeStringProperty": "This is table entity number 16",
            "SomeDateProperty@odata.type": "Edm.DateTime",
            "SomeDateProperty": "2020-01-01T01:17:00Z",
            "SomeGuidProperty@odata.type": "Edm.Guid",
            "SomeGuidProperty": "0d391d16-97f1-4b9a-be68-4cc871f90016",
            "SomeBinaryProperty@odata.type": "Edm.Binary",
            "SomeBinaryProperty": "AQIDBAU=",
            "SomeInt64Property@odata.type": "Edm.Int64",
            "SomeInt64Property": "16",
            "SomeDoubleProperty0": 16.0,
            "SomeDoubleProperty1": 16.1,
            "SomeIntProperty": 16
          },
          {
            "odata.etag": "W/\u0022datetime\u00272020-08-25T16%3A29%3A56.6953624Z\u0027\u0022",
            "PartitionKey": "somPartition",
            "RowKey": "17",
            "Timestamp": "2020-08-25T16:29:56.6953624Z",
            "SomeStringProperty": "This is table entity number 17",
            "SomeDateProperty@odata.type": "Edm.DateTime",
            "SomeDateProperty": "2020-01-01T01:18:00Z",
            "SomeGuidProperty@odata.type": "Edm.Guid",
            "SomeGuidProperty": "0d391d16-97f1-4b9a-be68-4cc871f90017",
            "SomeBinaryProperty@odata.type": "Edm.Binary",
            "SomeBinaryProperty": "AQIDBAU=",
            "SomeInt64Property@odata.type": "Edm.Int64",
            "SomeInt64Property": "17",
            "SomeDoubleProperty0": 17.0,
            "SomeDoubleProperty1": 17.1,
            "SomeIntProperty": 17
          },
          {
            "odata.etag": "W/\u0022datetime\u00272020-08-25T16%3A29%3A56.7674145Z\u0027\u0022",
            "PartitionKey": "somPartition",
            "RowKey": "18",
            "Timestamp": "2020-08-25T16:29:56.7674145Z",
            "SomeStringProperty": "This is table entity number 18",
            "SomeDateProperty@odata.type": "Edm.DateTime",
            "SomeDateProperty": "2020-01-01T01:19:00Z",
            "SomeGuidProperty@odata.type": "Edm.Guid",
            "SomeGuidProperty": "0d391d16-97f1-4b9a-be68-4cc871f90018",
            "SomeBinaryProperty@odata.type": "Edm.Binary",
            "SomeBinaryProperty": "AQIDBAU=",
            "SomeInt64Property@odata.type": "Edm.Int64",
            "SomeInt64Property": "18",
            "SomeDoubleProperty0": 18.0,
            "SomeDoubleProperty1": 18.1,
            "SomeIntProperty": 18
          },
          {
            "odata.etag": "W/\u0022datetime\u00272020-08-25T16%3A29%3A56.8394661Z\u0027\u0022",
            "PartitionKey": "somPartition",
            "RowKey": "19",
            "Timestamp": "2020-08-25T16:29:56.8394661Z",
            "SomeStringProperty": "This is table entity number 19",
            "SomeDateProperty@odata.type": "Edm.DateTime",
            "SomeDateProperty": "2020-01-01T01:20:00Z",
            "SomeGuidProperty@odata.type": "Edm.Guid",
            "SomeGuidProperty": "0d391d16-97f1-4b9a-be68-4cc871f90019",
            "SomeBinaryProperty@odata.type": "Edm.Binary",
            "SomeBinaryProperty": "AQIDBAU=",
            "SomeInt64Property@odata.type": "Edm.Int64",
            "SomeInt64Property": "19",
            "SomeDoubleProperty0": 19.0,
            "SomeDoubleProperty1": 19.1,
            "SomeIntProperty": 19
          },
          {
            "odata.etag": "W/\u0022datetime\u00272020-08-25T16%3A29%3A56.9115177Z\u0027\u0022",
            "PartitionKey": "somPartition",
            "RowKey": "20",
            "Timestamp": "2020-08-25T16:29:56.9115177Z",
            "SomeStringProperty": "This is table entity number 20",
            "SomeDateProperty@odata.type": "Edm.DateTime",
            "SomeDateProperty": "2020-01-01T01:21:00Z",
            "SomeGuidProperty@odata.type": "Edm.Guid",
            "SomeGuidProperty": "0d391d16-97f1-4b9a-be68-4cc871f90020",
            "SomeBinaryProperty@odata.type": "Edm.Binary",
            "SomeBinaryProperty": "AQIDBAU=",
            "SomeInt64Property@odata.type": "Edm.Int64",
            "SomeInt64Property": "20",
            "SomeDoubleProperty0": 20.0,
            "SomeDoubleProperty1": 20.1,
            "SomeIntProperty": 20
          }
        ]
      }
    },
    {
      "RequestUri": "https://t487ba7ce49634c8eprim.table.core.windows.net/Tables(\u0027testtablehyay63ko\u0027)",
      "RequestMethod": "DELETE",
      "RequestHeaders": {
        "Accept": "application/json",
        "Authorization": "Sanitized",
        "traceparent": "00-324fbeb4cfce6e47b6e751abbb123f00-59879684c3b9864a-00",
        "User-Agent": [
          "azsdk-net-Data.Tables/1.0.0-dev.20200825.2",
          "(.NET Core 4.6.27514.02; Microsoft Windows 10.0.17763 )"
        ],
        "x-ms-client-request-id": "912800ef5331eb3277e0b47d79335742",
        "x-ms-date": "Tue, 25 Aug 2020 16:29:57 GMT",
        "x-ms-return-client-request-id": "true",
        "x-ms-version": "2019-02-02"
      },
      "RequestBody": null,
      "StatusCode": 204,
      "ResponseHeaders": {
        "Cache-Control": "no-cache",
        "Content-Length": "0",
        "Date": "Tue, 25 Aug 2020 16:29:56 GMT",
        "Server": [
          "Windows-Azure-Table/1.0",
          "Microsoft-HTTPAPI/2.0"
        ],
        "X-Content-Type-Options": "nosniff",
        "x-ms-client-request-id": "912800ef5331eb3277e0b47d79335742",
        "x-ms-request-id": "acd0b88d-d002-0089-11fc-7a60f1000000",
        "x-ms-version": "2019-02-02"
      },
      "ResponseBody": []
    }
  ],
  "Variables": {
    "RandomSeed": "1444744060",
    "TABLES_PRIMARY_STORAGE_ACCOUNT_KEY": "Kg==",
    "TABLES_STORAGE_ACCOUNT_NAME": "t487ba7ce49634c8eprim"
  }
}