{
  "Entries": [
    {
      "RequestUri": "https://td29f528fe8af4d53prim.table.core.windows.net/Tables?$format=application%2Fjson%3Bodata%3Dminimalmetadata",
      "RequestMethod": "POST",
      "RequestHeaders": {
        "Accept": [
          "application/json",
          "application/json; odata=minimalmetadata"
        ],
        "Authorization": "Sanitized",
        "Content-Length": "33",
        "Content-Type": "application/json; odata=nometadata",
        "DataServiceVersion": "3.0",
        "traceparent": "00-d5fdb5c511cac74e9a61b135037a97ee-1dfe9a7c5358b148-00",
        "User-Agent": [
          "azsdk-net-Data.Tables/1.0.0-dev.20200820.3",
          "(.NET Core 4.6.27514.02; Microsoft Windows 10.0.17763 )"
        ],
        "x-ms-client-request-id": "497c35bce2d312471565e205c481d247",
        "x-ms-date": "Thu, 20 Aug 2020 22:25:37 GMT",
        "x-ms-return-client-request-id": "true",
        "x-ms-version": "2019-02-02"
      },
      "RequestBody": {
        "TableName": "testtablea7gym0gy"
      },
      "StatusCode": 201,
      "ResponseHeaders": {
        "Cache-Control": "no-cache",
        "Content-Type": "application/json; odata=minimalmetadata; streaming=true; charset=utf-8",
        "Date": "Thu, 20 Aug 2020 22:25:36 GMT",
        "Location": "https://td29f528fe8af4d53prim.table.core.windows.net/Tables(\u0027testtablea7gym0gy\u0027)",
        "Server": [
          "Windows-Azure-Table/1.0",
          "Microsoft-HTTPAPI/2.0"
        ],
        "Transfer-Encoding": "chunked",
        "X-Content-Type-Options": "nosniff",
        "x-ms-client-request-id": "497c35bce2d312471565e205c481d247",
        "x-ms-request-id": "f7a7a6c8-a002-0055-0e40-77249f000000",
        "x-ms-version": "2019-02-02"
      },
      "ResponseBody": {
        "odata.metadata": "https://td29f528fe8af4d53prim.table.core.windows.net/$metadata#Tables/@Element",
        "TableName": "testtablea7gym0gy"
      }
    },
    {
      "RequestUri": "https://td29f528fe8af4d53prim.table.core.windows.net/testtablea7gym0gy?$format=application%2Fjson%3Bodata%3Dminimalmetadata",
      "RequestMethod": "POST",
      "RequestHeaders": {
        "Accept": [
          "application/json",
          "application/json; odata=minimalmetadata"
        ],
        "Authorization": "Sanitized",
        "Content-Length": "665",
        "Content-Type": "application/json; odata=nometadata",
        "DataServiceVersion": "3.0",
        "traceparent": "00-f9a6887af6cbc14a8838d73009725418-762e5a96afb38543-00",
        "User-Agent": [
          "azsdk-net-Data.Tables/1.0.0-dev.20200820.3",
          "(.NET Core 4.6.27514.02; Microsoft Windows 10.0.17763 )"
        ],
        "x-ms-client-request-id": "efb2303a965b5544f6cc93d241ccdc57",
        "x-ms-date": "Thu, 20 Aug 2020 22:25:37 GMT",
        "x-ms-return-client-request-id": "true",
        "x-ms-version": "2019-02-02"
      },
      "RequestBody": {
        "StringTypeProperty": "This is table entity number 01",
        "DatetimeTypeProperty": "2020-01-01T01:02:00.0000000Z",
        "DatetimeTypeProperty@odata.type": "Edm.DateTime",
        "DatetimeOffsetTypeProperty": "2020-01-01T01:02:00.0000000Z",
        "DatetimeOffsetTypeProperty@odata.type": "Edm.DateTime",
        "GuidTypeProperty": "0d391d16-97f1-4b9a-be68-4cc871f90001",
        "GuidTypeProperty@odata.type": "Edm.Guid",
        "BinaryTypeProperty": "AQIDBAU=",
        "BinaryTypeProperty@odata.type": "Edm.Binary",
        "Int64TypeProperty": "1",
        "Int64TypeProperty@odata.type": "Edm.Int64",
        "DoubleTypeProperty": 1,
        "DoubleTypeProperty@odata.type": "Edm.Double",
        "IntTypeProperty": 1,
        "PartitionKey": "somPartition",
        "RowKey": "01",
        "Timestamp": null
      },
      "StatusCode": 201,
      "ResponseHeaders": {
        "Cache-Control": "no-cache",
        "Content-Type": "application/json; odata=minimalmetadata; streaming=true; charset=utf-8",
        "Date": "Thu, 20 Aug 2020 22:25:37 GMT",
        "ETag": "W/\u0022datetime\u00272020-08-20T22%3A25%3A37.4699512Z\u0027\u0022",
        "Location": "https://td29f528fe8af4d53prim.table.core.windows.net/testtablea7gym0gy(PartitionKey=\u0027somPartition\u0027,RowKey=\u002701\u0027)",
        "Server": [
          "Windows-Azure-Table/1.0",
          "Microsoft-HTTPAPI/2.0"
        ],
        "Transfer-Encoding": "chunked",
        "X-Content-Type-Options": "nosniff",
        "x-ms-client-request-id": "efb2303a965b5544f6cc93d241ccdc57",
        "x-ms-request-id": "f7a7a6cc-a002-0055-1140-77249f000000",
        "x-ms-version": "2019-02-02"
      },
      "ResponseBody": {
        "odata.metadata": "https://td29f528fe8af4d53prim.table.core.windows.net/$metadata#testtablea7gym0gy/@Element",
        "odata.etag": "W/\u0022datetime\u00272020-08-20T22%3A25%3A37.4699512Z\u0027\u0022",
        "PartitionKey": "somPartition",
        "RowKey": "01",
        "Timestamp": "2020-08-20T22:25:37.4699512Z",
        "StringTypeProperty": "This is table entity number 01",
        "DatetimeTypeProperty@odata.type": "Edm.DateTime",
        "DatetimeTypeProperty": "2020-01-01T01:02:00Z",
        "DatetimeOffsetTypeProperty@odata.type": "Edm.DateTime",
        "DatetimeOffsetTypeProperty": "2020-01-01T01:02:00Z",
        "GuidTypeProperty@odata.type": "Edm.Guid",
        "GuidTypeProperty": "0d391d16-97f1-4b9a-be68-4cc871f90001",
        "BinaryTypeProperty@odata.type": "Edm.Binary",
        "BinaryTypeProperty": "AQIDBAU=",
        "Int64TypeProperty@odata.type": "Edm.Int64",
        "Int64TypeProperty": "1",
        "DoubleTypeProperty": 1.0,
        "IntTypeProperty": 1
      }
    },
    {
      "RequestUri": "https://td29f528fe8af4d53prim.table.core.windows.net/testtablea7gym0gy?$format=application%2Fjson%3Bodata%3Dminimalmetadata",
      "RequestMethod": "POST",
      "RequestHeaders": {
        "Accept": [
          "application/json",
          "application/json; odata=minimalmetadata"
        ],
        "Authorization": "Sanitized",
        "Content-Length": "665",
        "Content-Type": "application/json; odata=nometadata",
        "DataServiceVersion": "3.0",
        "traceparent": "00-184f7ed9e42d1748b4ac5c8253be8bcf-6f5681e0be289a48-00",
        "User-Agent": [
          "azsdk-net-Data.Tables/1.0.0-dev.20200820.3",
          "(.NET Core 4.6.27514.02; Microsoft Windows 10.0.17763 )"
        ],
        "x-ms-client-request-id": "5a02517afaed46d34f0ad5298fd65f68",
        "x-ms-date": "Thu, 20 Aug 2020 22:25:37 GMT",
        "x-ms-return-client-request-id": "true",
        "x-ms-version": "2019-02-02"
      },
      "RequestBody": {
        "StringTypeProperty": "This is table entity number 02",
        "DatetimeTypeProperty": "2020-01-01T01:03:00.0000000Z",
        "DatetimeTypeProperty@odata.type": "Edm.DateTime",
        "DatetimeOffsetTypeProperty": "2020-01-01T01:03:00.0000000Z",
        "DatetimeOffsetTypeProperty@odata.type": "Edm.DateTime",
        "GuidTypeProperty": "0d391d16-97f1-4b9a-be68-4cc871f90002",
        "GuidTypeProperty@odata.type": "Edm.Guid",
        "BinaryTypeProperty": "AQIDBAU=",
        "BinaryTypeProperty@odata.type": "Edm.Binary",
        "Int64TypeProperty": "2",
        "Int64TypeProperty@odata.type": "Edm.Int64",
        "DoubleTypeProperty": 2,
        "DoubleTypeProperty@odata.type": "Edm.Double",
        "IntTypeProperty": 2,
        "PartitionKey": "somPartition",
        "RowKey": "02",
        "Timestamp": null
      },
      "StatusCode": 201,
      "ResponseHeaders": {
        "Cache-Control": "no-cache",
        "Content-Type": "application/json; odata=minimalmetadata; streaming=true; charset=utf-8",
        "Date": "Thu, 20 Aug 2020 22:25:37 GMT",
        "ETag": "W/\u0022datetime\u00272020-08-20T22%3A25%3A37.5500096Z\u0027\u0022",
        "Location": "https://td29f528fe8af4d53prim.table.core.windows.net/testtablea7gym0gy(PartitionKey=\u0027somPartition\u0027,RowKey=\u002702\u0027)",
        "Server": [
          "Windows-Azure-Table/1.0",
          "Microsoft-HTTPAPI/2.0"
        ],
        "Transfer-Encoding": "chunked",
        "X-Content-Type-Options": "nosniff",
        "x-ms-client-request-id": "5a02517afaed46d34f0ad5298fd65f68",
        "x-ms-request-id": "f7a7a6cf-a002-0055-1440-77249f000000",
        "x-ms-version": "2019-02-02"
      },
      "ResponseBody": {
        "odata.metadata": "https://td29f528fe8af4d53prim.table.core.windows.net/$metadata#testtablea7gym0gy/@Element",
        "odata.etag": "W/\u0022datetime\u00272020-08-20T22%3A25%3A37.5500096Z\u0027\u0022",
        "PartitionKey": "somPartition",
        "RowKey": "02",
        "Timestamp": "2020-08-20T22:25:37.5500096Z",
        "StringTypeProperty": "This is table entity number 02",
        "DatetimeTypeProperty@odata.type": "Edm.DateTime",
        "DatetimeTypeProperty": "2020-01-01T01:03:00Z",
        "DatetimeOffsetTypeProperty@odata.type": "Edm.DateTime",
        "DatetimeOffsetTypeProperty": "2020-01-01T01:03:00Z",
        "GuidTypeProperty@odata.type": "Edm.Guid",
        "GuidTypeProperty": "0d391d16-97f1-4b9a-be68-4cc871f90002",
        "BinaryTypeProperty@odata.type": "Edm.Binary",
        "BinaryTypeProperty": "AQIDBAU=",
        "Int64TypeProperty@odata.type": "Edm.Int64",
        "Int64TypeProperty": "2",
        "DoubleTypeProperty": 2.0,
        "IntTypeProperty": 2
      }
    },
    {
      "RequestUri": "https://td29f528fe8af4d53prim.table.core.windows.net/testtablea7gym0gy?$format=application%2Fjson%3Bodata%3Dminimalmetadata",
      "RequestMethod": "POST",
      "RequestHeaders": {
        "Accept": [
          "application/json",
          "application/json; odata=minimalmetadata"
        ],
        "Authorization": "Sanitized",
        "Content-Length": "665",
        "Content-Type": "application/json; odata=nometadata",
        "DataServiceVersion": "3.0",
        "traceparent": "00-639690e09debe146aa9e277287376e9e-8a014545478f0b48-00",
        "User-Agent": [
          "azsdk-net-Data.Tables/1.0.0-dev.20200820.3",
          "(.NET Core 4.6.27514.02; Microsoft Windows 10.0.17763 )"
        ],
        "x-ms-client-request-id": "9e0e3405b6e025bbf02652074f74d048",
        "x-ms-date": "Thu, 20 Aug 2020 22:25:37 GMT",
        "x-ms-return-client-request-id": "true",
        "x-ms-version": "2019-02-02"
      },
      "RequestBody": {
        "StringTypeProperty": "This is table entity number 03",
        "DatetimeTypeProperty": "2020-01-01T01:04:00.0000000Z",
        "DatetimeTypeProperty@odata.type": "Edm.DateTime",
        "DatetimeOffsetTypeProperty": "2020-01-01T01:04:00.0000000Z",
        "DatetimeOffsetTypeProperty@odata.type": "Edm.DateTime",
        "GuidTypeProperty": "0d391d16-97f1-4b9a-be68-4cc871f90003",
        "GuidTypeProperty@odata.type": "Edm.Guid",
        "BinaryTypeProperty": "AQIDBAU=",
        "BinaryTypeProperty@odata.type": "Edm.Binary",
        "Int64TypeProperty": "3",
        "Int64TypeProperty@odata.type": "Edm.Int64",
        "DoubleTypeProperty": 3,
        "DoubleTypeProperty@odata.type": "Edm.Double",
        "IntTypeProperty": 3,
        "PartitionKey": "somPartition",
        "RowKey": "03",
        "Timestamp": null
      },
      "StatusCode": 201,
      "ResponseHeaders": {
        "Cache-Control": "no-cache",
        "Content-Type": "application/json; odata=minimalmetadata; streaming=true; charset=utf-8",
        "Date": "Thu, 20 Aug 2020 22:25:37 GMT",
        "ETag": "W/\u0022datetime\u00272020-08-20T22%3A25%3A37.6290657Z\u0027\u0022",
        "Location": "https://td29f528fe8af4d53prim.table.core.windows.net/testtablea7gym0gy(PartitionKey=\u0027somPartition\u0027,RowKey=\u002703\u0027)",
        "Server": [
          "Windows-Azure-Table/1.0",
          "Microsoft-HTTPAPI/2.0"
        ],
        "Transfer-Encoding": "chunked",
        "X-Content-Type-Options": "nosniff",
        "x-ms-client-request-id": "9e0e3405b6e025bbf02652074f74d048",
        "x-ms-request-id": "f7a7a6d2-a002-0055-1740-77249f000000",
        "x-ms-version": "2019-02-02"
      },
      "ResponseBody": {
        "odata.metadata": "https://td29f528fe8af4d53prim.table.core.windows.net/$metadata#testtablea7gym0gy/@Element",
        "odata.etag": "W/\u0022datetime\u00272020-08-20T22%3A25%3A37.6290657Z\u0027\u0022",
        "PartitionKey": "somPartition",
        "RowKey": "03",
        "Timestamp": "2020-08-20T22:25:37.6290657Z",
        "StringTypeProperty": "This is table entity number 03",
        "DatetimeTypeProperty@odata.type": "Edm.DateTime",
        "DatetimeTypeProperty": "2020-01-01T01:04:00Z",
        "DatetimeOffsetTypeProperty@odata.type": "Edm.DateTime",
        "DatetimeOffsetTypeProperty": "2020-01-01T01:04:00Z",
        "GuidTypeProperty@odata.type": "Edm.Guid",
        "GuidTypeProperty": "0d391d16-97f1-4b9a-be68-4cc871f90003",
        "BinaryTypeProperty@odata.type": "Edm.Binary",
        "BinaryTypeProperty": "AQIDBAU=",
        "Int64TypeProperty@odata.type": "Edm.Int64",
        "Int64TypeProperty": "3",
        "DoubleTypeProperty": 3.0,
        "IntTypeProperty": 3
      }
    },
    {
      "RequestUri": "https://td29f528fe8af4d53prim.table.core.windows.net/testtablea7gym0gy?$format=application%2Fjson%3Bodata%3Dminimalmetadata",
      "RequestMethod": "POST",
      "RequestHeaders": {
        "Accept": [
          "application/json",
          "application/json; odata=minimalmetadata"
        ],
        "Authorization": "Sanitized",
        "Content-Length": "665",
        "Content-Type": "application/json; odata=nometadata",
        "DataServiceVersion": "3.0",
        "traceparent": "00-7793746f77abbb4b9589fd233c047998-95a497afe45e3f45-00",
        "User-Agent": [
          "azsdk-net-Data.Tables/1.0.0-dev.20200820.3",
          "(.NET Core 4.6.27514.02; Microsoft Windows 10.0.17763 )"
        ],
        "x-ms-client-request-id": "738a8a89787e405a5c6ba050c11bc620",
        "x-ms-date": "Thu, 20 Aug 2020 22:25:37 GMT",
        "x-ms-return-client-request-id": "true",
        "x-ms-version": "2019-02-02"
      },
      "RequestBody": {
        "StringTypeProperty": "This is table entity number 04",
        "DatetimeTypeProperty": "2020-01-01T01:05:00.0000000Z",
        "DatetimeTypeProperty@odata.type": "Edm.DateTime",
        "DatetimeOffsetTypeProperty": "2020-01-01T01:05:00.0000000Z",
        "DatetimeOffsetTypeProperty@odata.type": "Edm.DateTime",
        "GuidTypeProperty": "0d391d16-97f1-4b9a-be68-4cc871f90004",
        "GuidTypeProperty@odata.type": "Edm.Guid",
        "BinaryTypeProperty": "AQIDBAU=",
        "BinaryTypeProperty@odata.type": "Edm.Binary",
        "Int64TypeProperty": "4",
        "Int64TypeProperty@odata.type": "Edm.Int64",
        "DoubleTypeProperty": 4,
        "DoubleTypeProperty@odata.type": "Edm.Double",
        "IntTypeProperty": 4,
        "PartitionKey": "somPartition",
        "RowKey": "04",
        "Timestamp": null
      },
      "StatusCode": 201,
      "ResponseHeaders": {
        "Cache-Control": "no-cache",
        "Content-Type": "application/json; odata=minimalmetadata; streaming=true; charset=utf-8",
        "Date": "Thu, 20 Aug 2020 22:25:37 GMT",
        "ETag": "W/\u0022datetime\u00272020-08-20T22%3A25%3A37.7081222Z\u0027\u0022",
        "Location": "https://td29f528fe8af4d53prim.table.core.windows.net/testtablea7gym0gy(PartitionKey=\u0027somPartition\u0027,RowKey=\u002704\u0027)",
        "Server": [
          "Windows-Azure-Table/1.0",
          "Microsoft-HTTPAPI/2.0"
        ],
        "Transfer-Encoding": "chunked",
        "X-Content-Type-Options": "nosniff",
        "x-ms-client-request-id": "738a8a89787e405a5c6ba050c11bc620",
        "x-ms-request-id": "f7a7a6d3-a002-0055-1840-77249f000000",
        "x-ms-version": "2019-02-02"
      },
      "ResponseBody": {
        "odata.metadata": "https://td29f528fe8af4d53prim.table.core.windows.net/$metadata#testtablea7gym0gy/@Element",
        "odata.etag": "W/\u0022datetime\u00272020-08-20T22%3A25%3A37.7081222Z\u0027\u0022",
        "PartitionKey": "somPartition",
        "RowKey": "04",
        "Timestamp": "2020-08-20T22:25:37.7081222Z",
        "StringTypeProperty": "This is table entity number 04",
        "DatetimeTypeProperty@odata.type": "Edm.DateTime",
        "DatetimeTypeProperty": "2020-01-01T01:05:00Z",
        "DatetimeOffsetTypeProperty@odata.type": "Edm.DateTime",
        "DatetimeOffsetTypeProperty": "2020-01-01T01:05:00Z",
        "GuidTypeProperty@odata.type": "Edm.Guid",
        "GuidTypeProperty": "0d391d16-97f1-4b9a-be68-4cc871f90004",
        "BinaryTypeProperty@odata.type": "Edm.Binary",
        "BinaryTypeProperty": "AQIDBAU=",
        "Int64TypeProperty@odata.type": "Edm.Int64",
        "Int64TypeProperty": "4",
        "DoubleTypeProperty": 4.0,
        "IntTypeProperty": 4
      }
    },
    {
      "RequestUri": "https://td29f528fe8af4d53prim.table.core.windows.net/testtablea7gym0gy?$format=application%2Fjson%3Bodata%3Dminimalmetadata",
      "RequestMethod": "POST",
      "RequestHeaders": {
        "Accept": [
          "application/json",
          "application/json; odata=minimalmetadata"
        ],
        "Authorization": "Sanitized",
        "Content-Length": "665",
        "Content-Type": "application/json; odata=nometadata",
        "DataServiceVersion": "3.0",
        "traceparent": "00-5ea1132d55d6b04a92a3277623bf0071-6ba96280e0eb4541-00",
        "User-Agent": [
          "azsdk-net-Data.Tables/1.0.0-dev.20200820.3",
          "(.NET Core 4.6.27514.02; Microsoft Windows 10.0.17763 )"
        ],
        "x-ms-client-request-id": "0ccd2a6c3ebec47795dc69c7a8cbf7da",
        "x-ms-date": "Thu, 20 Aug 2020 22:25:37 GMT",
        "x-ms-return-client-request-id": "true",
        "x-ms-version": "2019-02-02"
      },
      "RequestBody": {
        "StringTypeProperty": "This is table entity number 05",
        "DatetimeTypeProperty": "2020-01-01T01:06:00.0000000Z",
        "DatetimeTypeProperty@odata.type": "Edm.DateTime",
        "DatetimeOffsetTypeProperty": "2020-01-01T01:06:00.0000000Z",
        "DatetimeOffsetTypeProperty@odata.type": "Edm.DateTime",
        "GuidTypeProperty": "0d391d16-97f1-4b9a-be68-4cc871f90005",
        "GuidTypeProperty@odata.type": "Edm.Guid",
        "BinaryTypeProperty": "AQIDBAU=",
        "BinaryTypeProperty@odata.type": "Edm.Binary",
        "Int64TypeProperty": "5",
        "Int64TypeProperty@odata.type": "Edm.Int64",
        "DoubleTypeProperty": 5,
        "DoubleTypeProperty@odata.type": "Edm.Double",
        "IntTypeProperty": 5,
        "PartitionKey": "somPartition",
        "RowKey": "05",
        "Timestamp": null
      },
      "StatusCode": 201,
      "ResponseHeaders": {
        "Cache-Control": "no-cache",
        "Content-Type": "application/json; odata=minimalmetadata; streaming=true; charset=utf-8",
        "Date": "Thu, 20 Aug 2020 22:25:37 GMT",
        "ETag": "W/\u0022datetime\u00272020-08-20T22%3A25%3A37.7871792Z\u0027\u0022",
        "Location": "https://td29f528fe8af4d53prim.table.core.windows.net/testtablea7gym0gy(PartitionKey=\u0027somPartition\u0027,RowKey=\u002705\u0027)",
        "Server": [
          "Windows-Azure-Table/1.0",
          "Microsoft-HTTPAPI/2.0"
        ],
        "Transfer-Encoding": "chunked",
        "X-Content-Type-Options": "nosniff",
        "x-ms-client-request-id": "0ccd2a6c3ebec47795dc69c7a8cbf7da",
        "x-ms-request-id": "f7a7a6d8-a002-0055-1d40-77249f000000",
        "x-ms-version": "2019-02-02"
      },
      "ResponseBody": {
        "odata.metadata": "https://td29f528fe8af4d53prim.table.core.windows.net/$metadata#testtablea7gym0gy/@Element",
        "odata.etag": "W/\u0022datetime\u00272020-08-20T22%3A25%3A37.7871792Z\u0027\u0022",
        "PartitionKey": "somPartition",
        "RowKey": "05",
        "Timestamp": "2020-08-20T22:25:37.7871792Z",
        "StringTypeProperty": "This is table entity number 05",
        "DatetimeTypeProperty@odata.type": "Edm.DateTime",
        "DatetimeTypeProperty": "2020-01-01T01:06:00Z",
        "DatetimeOffsetTypeProperty@odata.type": "Edm.DateTime",
        "DatetimeOffsetTypeProperty": "2020-01-01T01:06:00Z",
        "GuidTypeProperty@odata.type": "Edm.Guid",
        "GuidTypeProperty": "0d391d16-97f1-4b9a-be68-4cc871f90005",
        "BinaryTypeProperty@odata.type": "Edm.Binary",
        "BinaryTypeProperty": "AQIDBAU=",
        "Int64TypeProperty@odata.type": "Edm.Int64",
        "Int64TypeProperty": "5",
        "DoubleTypeProperty": 5.0,
        "IntTypeProperty": 5
      }
    },
    {
      "RequestUri": "https://td29f528fe8af4d53prim.table.core.windows.net/testtablea7gym0gy?$format=application%2Fjson%3Bodata%3Dminimalmetadata",
      "RequestMethod": "POST",
      "RequestHeaders": {
        "Accept": [
          "application/json",
          "application/json; odata=minimalmetadata"
        ],
        "Authorization": "Sanitized",
        "Content-Length": "665",
        "Content-Type": "application/json; odata=nometadata",
        "DataServiceVersion": "3.0",
        "traceparent": "00-4677202c782d2a419eece7d39bd28839-c2f56cd88bf1de4f-00",
        "User-Agent": [
          "azsdk-net-Data.Tables/1.0.0-dev.20200820.3",
          "(.NET Core 4.6.27514.02; Microsoft Windows 10.0.17763 )"
        ],
        "x-ms-client-request-id": "05a08c3aec4b8de9dace4175156b64d5",
        "x-ms-date": "Thu, 20 Aug 2020 22:25:37 GMT",
        "x-ms-return-client-request-id": "true",
        "x-ms-version": "2019-02-02"
      },
      "RequestBody": {
        "StringTypeProperty": "This is table entity number 06",
        "DatetimeTypeProperty": "2020-01-01T01:07:00.0000000Z",
        "DatetimeTypeProperty@odata.type": "Edm.DateTime",
        "DatetimeOffsetTypeProperty": "2020-01-01T01:07:00.0000000Z",
        "DatetimeOffsetTypeProperty@odata.type": "Edm.DateTime",
        "GuidTypeProperty": "0d391d16-97f1-4b9a-be68-4cc871f90006",
        "GuidTypeProperty@odata.type": "Edm.Guid",
        "BinaryTypeProperty": "AQIDBAU=",
        "BinaryTypeProperty@odata.type": "Edm.Binary",
        "Int64TypeProperty": "6",
        "Int64TypeProperty@odata.type": "Edm.Int64",
        "DoubleTypeProperty": 6,
        "DoubleTypeProperty@odata.type": "Edm.Double",
        "IntTypeProperty": 6,
        "PartitionKey": "somPartition",
        "RowKey": "06",
        "Timestamp": null
      },
      "StatusCode": 201,
      "ResponseHeaders": {
        "Cache-Control": "no-cache",
        "Content-Type": "application/json; odata=minimalmetadata; streaming=true; charset=utf-8",
        "Date": "Thu, 20 Aug 2020 22:25:37 GMT",
        "ETag": "W/\u0022datetime\u00272020-08-20T22%3A25%3A37.8662366Z\u0027\u0022",
        "Location": "https://td29f528fe8af4d53prim.table.core.windows.net/testtablea7gym0gy(PartitionKey=\u0027somPartition\u0027,RowKey=\u002706\u0027)",
        "Server": [
          "Windows-Azure-Table/1.0",
          "Microsoft-HTTPAPI/2.0"
        ],
        "Transfer-Encoding": "chunked",
        "X-Content-Type-Options": "nosniff",
        "x-ms-client-request-id": "05a08c3aec4b8de9dace4175156b64d5",
        "x-ms-request-id": "f7a7a6db-a002-0055-2040-77249f000000",
        "x-ms-version": "2019-02-02"
      },
      "ResponseBody": {
        "odata.metadata": "https://td29f528fe8af4d53prim.table.core.windows.net/$metadata#testtablea7gym0gy/@Element",
        "odata.etag": "W/\u0022datetime\u00272020-08-20T22%3A25%3A37.8662366Z\u0027\u0022",
        "PartitionKey": "somPartition",
        "RowKey": "06",
        "Timestamp": "2020-08-20T22:25:37.8662366Z",
        "StringTypeProperty": "This is table entity number 06",
        "DatetimeTypeProperty@odata.type": "Edm.DateTime",
        "DatetimeTypeProperty": "2020-01-01T01:07:00Z",
        "DatetimeOffsetTypeProperty@odata.type": "Edm.DateTime",
        "DatetimeOffsetTypeProperty": "2020-01-01T01:07:00Z",
        "GuidTypeProperty@odata.type": "Edm.Guid",
        "GuidTypeProperty": "0d391d16-97f1-4b9a-be68-4cc871f90006",
        "BinaryTypeProperty@odata.type": "Edm.Binary",
        "BinaryTypeProperty": "AQIDBAU=",
        "Int64TypeProperty@odata.type": "Edm.Int64",
        "Int64TypeProperty": "6",
        "DoubleTypeProperty": 6.0,
        "IntTypeProperty": 6
      }
    },
    {
      "RequestUri": "https://td29f528fe8af4d53prim.table.core.windows.net/testtablea7gym0gy?$format=application%2Fjson%3Bodata%3Dminimalmetadata",
      "RequestMethod": "POST",
      "RequestHeaders": {
        "Accept": [
          "application/json",
          "application/json; odata=minimalmetadata"
        ],
        "Authorization": "Sanitized",
        "Content-Length": "665",
        "Content-Type": "application/json; odata=nometadata",
        "DataServiceVersion": "3.0",
        "traceparent": "00-c8a9b7cea0605f41ba07d028422d2d5c-9384113480f8574a-00",
        "User-Agent": [
          "azsdk-net-Data.Tables/1.0.0-dev.20200820.3",
          "(.NET Core 4.6.27514.02; Microsoft Windows 10.0.17763 )"
        ],
        "x-ms-client-request-id": "249b315fc4a74a8a12c6dda10e929790",
        "x-ms-date": "Thu, 20 Aug 2020 22:25:37 GMT",
        "x-ms-return-client-request-id": "true",
        "x-ms-version": "2019-02-02"
      },
      "RequestBody": {
        "StringTypeProperty": "This is table entity number 07",
        "DatetimeTypeProperty": "2020-01-01T01:08:00.0000000Z",
        "DatetimeTypeProperty@odata.type": "Edm.DateTime",
        "DatetimeOffsetTypeProperty": "2020-01-01T01:08:00.0000000Z",
        "DatetimeOffsetTypeProperty@odata.type": "Edm.DateTime",
        "GuidTypeProperty": "0d391d16-97f1-4b9a-be68-4cc871f90007",
        "GuidTypeProperty@odata.type": "Edm.Guid",
        "BinaryTypeProperty": "AQIDBAU=",
        "BinaryTypeProperty@odata.type": "Edm.Binary",
        "Int64TypeProperty": "7",
        "Int64TypeProperty@odata.type": "Edm.Int64",
        "DoubleTypeProperty": 7,
        "DoubleTypeProperty@odata.type": "Edm.Double",
        "IntTypeProperty": 7,
        "PartitionKey": "somPartition",
        "RowKey": "07",
        "Timestamp": null
      },
      "StatusCode": 201,
      "ResponseHeaders": {
        "Cache-Control": "no-cache",
        "Content-Type": "application/json; odata=minimalmetadata; streaming=true; charset=utf-8",
        "Date": "Thu, 20 Aug 2020 22:25:37 GMT",
        "ETag": "W/\u0022datetime\u00272020-08-20T22%3A25%3A37.9452927Z\u0027\u0022",
        "Location": "https://td29f528fe8af4d53prim.table.core.windows.net/testtablea7gym0gy(PartitionKey=\u0027somPartition\u0027,RowKey=\u002707\u0027)",
        "Server": [
          "Windows-Azure-Table/1.0",
          "Microsoft-HTTPAPI/2.0"
        ],
        "Transfer-Encoding": "chunked",
        "X-Content-Type-Options": "nosniff",
        "x-ms-client-request-id": "249b315fc4a74a8a12c6dda10e929790",
        "x-ms-request-id": "f7a7a6de-a002-0055-2340-77249f000000",
        "x-ms-version": "2019-02-02"
      },
      "ResponseBody": {
        "odata.metadata": "https://td29f528fe8af4d53prim.table.core.windows.net/$metadata#testtablea7gym0gy/@Element",
        "odata.etag": "W/\u0022datetime\u00272020-08-20T22%3A25%3A37.9452927Z\u0027\u0022",
        "PartitionKey": "somPartition",
        "RowKey": "07",
        "Timestamp": "2020-08-20T22:25:37.9452927Z",
        "StringTypeProperty": "This is table entity number 07",
        "DatetimeTypeProperty@odata.type": "Edm.DateTime",
        "DatetimeTypeProperty": "2020-01-01T01:08:00Z",
        "DatetimeOffsetTypeProperty@odata.type": "Edm.DateTime",
        "DatetimeOffsetTypeProperty": "2020-01-01T01:08:00Z",
        "GuidTypeProperty@odata.type": "Edm.Guid",
        "GuidTypeProperty": "0d391d16-97f1-4b9a-be68-4cc871f90007",
        "BinaryTypeProperty@odata.type": "Edm.Binary",
        "BinaryTypeProperty": "AQIDBAU=",
        "Int64TypeProperty@odata.type": "Edm.Int64",
        "Int64TypeProperty": "7",
        "DoubleTypeProperty": 7.0,
        "IntTypeProperty": 7
      }
    },
    {
      "RequestUri": "https://td29f528fe8af4d53prim.table.core.windows.net/testtablea7gym0gy?$format=application%2Fjson%3Bodata%3Dminimalmetadata",
      "RequestMethod": "POST",
      "RequestHeaders": {
        "Accept": [
          "application/json",
          "application/json; odata=minimalmetadata"
        ],
        "Authorization": "Sanitized",
        "Content-Length": "665",
        "Content-Type": "application/json; odata=nometadata",
        "DataServiceVersion": "3.0",
        "traceparent": "00-ecf3721fb9c21c49b966b2ac4784895c-8cc4794684e4704e-00",
        "User-Agent": [
          "azsdk-net-Data.Tables/1.0.0-dev.20200820.3",
          "(.NET Core 4.6.27514.02; Microsoft Windows 10.0.17763 )"
        ],
        "x-ms-client-request-id": "3416c674c07a80d4404032effd02ae2a",
        "x-ms-date": "Thu, 20 Aug 2020 22:25:37 GMT",
        "x-ms-return-client-request-id": "true",
        "x-ms-version": "2019-02-02"
      },
      "RequestBody": {
        "StringTypeProperty": "This is table entity number 08",
        "DatetimeTypeProperty": "2020-01-01T01:09:00.0000000Z",
        "DatetimeTypeProperty@odata.type": "Edm.DateTime",
        "DatetimeOffsetTypeProperty": "2020-01-01T01:09:00.0000000Z",
        "DatetimeOffsetTypeProperty@odata.type": "Edm.DateTime",
        "GuidTypeProperty": "0d391d16-97f1-4b9a-be68-4cc871f90008",
        "GuidTypeProperty@odata.type": "Edm.Guid",
        "BinaryTypeProperty": "AQIDBAU=",
        "BinaryTypeProperty@odata.type": "Edm.Binary",
        "Int64TypeProperty": "8",
        "Int64TypeProperty@odata.type": "Edm.Int64",
        "DoubleTypeProperty": 8,
        "DoubleTypeProperty@odata.type": "Edm.Double",
        "IntTypeProperty": 8,
        "PartitionKey": "somPartition",
        "RowKey": "08",
        "Timestamp": null
      },
      "StatusCode": 201,
      "ResponseHeaders": {
        "Cache-Control": "no-cache",
        "Content-Type": "application/json; odata=minimalmetadata; streaming=true; charset=utf-8",
        "Date": "Thu, 20 Aug 2020 22:25:37 GMT",
        "ETag": "W/\u0022datetime\u00272020-08-20T22%3A25%3A38.0243493Z\u0027\u0022",
        "Location": "https://td29f528fe8af4d53prim.table.core.windows.net/testtablea7gym0gy(PartitionKey=\u0027somPartition\u0027,RowKey=\u002708\u0027)",
        "Server": [
          "Windows-Azure-Table/1.0",
          "Microsoft-HTTPAPI/2.0"
        ],
        "Transfer-Encoding": "chunked",
        "X-Content-Type-Options": "nosniff",
        "x-ms-client-request-id": "3416c674c07a80d4404032effd02ae2a",
        "x-ms-request-id": "f7a7a6e1-a002-0055-2640-77249f000000",
        "x-ms-version": "2019-02-02"
      },
      "ResponseBody": {
        "odata.metadata": "https://td29f528fe8af4d53prim.table.core.windows.net/$metadata#testtablea7gym0gy/@Element",
        "odata.etag": "W/\u0022datetime\u00272020-08-20T22%3A25%3A38.0243493Z\u0027\u0022",
        "PartitionKey": "somPartition",
        "RowKey": "08",
        "Timestamp": "2020-08-20T22:25:38.0243493Z",
        "StringTypeProperty": "This is table entity number 08",
        "DatetimeTypeProperty@odata.type": "Edm.DateTime",
        "DatetimeTypeProperty": "2020-01-01T01:09:00Z",
        "DatetimeOffsetTypeProperty@odata.type": "Edm.DateTime",
        "DatetimeOffsetTypeProperty": "2020-01-01T01:09:00Z",
        "GuidTypeProperty@odata.type": "Edm.Guid",
        "GuidTypeProperty": "0d391d16-97f1-4b9a-be68-4cc871f90008",
        "BinaryTypeProperty@odata.type": "Edm.Binary",
        "BinaryTypeProperty": "AQIDBAU=",
        "Int64TypeProperty@odata.type": "Edm.Int64",
        "Int64TypeProperty": "8",
        "DoubleTypeProperty": 8.0,
        "IntTypeProperty": 8
      }
    },
    {
      "RequestUri": "https://td29f528fe8af4d53prim.table.core.windows.net/testtablea7gym0gy?$format=application%2Fjson%3Bodata%3Dminimalmetadata",
      "RequestMethod": "POST",
      "RequestHeaders": {
        "Accept": [
          "application/json",
          "application/json; odata=minimalmetadata"
        ],
        "Authorization": "Sanitized",
        "Content-Length": "665",
        "Content-Type": "application/json; odata=nometadata",
        "DataServiceVersion": "3.0",
        "traceparent": "00-267cb07fdf6c8641b2188d07301570dd-506971d01d89a14d-00",
        "User-Agent": [
          "azsdk-net-Data.Tables/1.0.0-dev.20200820.3",
          "(.NET Core 4.6.27514.02; Microsoft Windows 10.0.17763 )"
        ],
        "x-ms-client-request-id": "76679378d23076330256f2840e487e47",
        "x-ms-date": "Thu, 20 Aug 2020 22:25:38 GMT",
        "x-ms-return-client-request-id": "true",
        "x-ms-version": "2019-02-02"
      },
      "RequestBody": {
        "StringTypeProperty": "This is table entity number 09",
        "DatetimeTypeProperty": "2020-01-01T01:10:00.0000000Z",
        "DatetimeTypeProperty@odata.type": "Edm.DateTime",
        "DatetimeOffsetTypeProperty": "2020-01-01T01:10:00.0000000Z",
        "DatetimeOffsetTypeProperty@odata.type": "Edm.DateTime",
        "GuidTypeProperty": "0d391d16-97f1-4b9a-be68-4cc871f90009",
        "GuidTypeProperty@odata.type": "Edm.Guid",
        "BinaryTypeProperty": "AQIDBAU=",
        "BinaryTypeProperty@odata.type": "Edm.Binary",
        "Int64TypeProperty": "9",
        "Int64TypeProperty@odata.type": "Edm.Int64",
        "DoubleTypeProperty": 9,
        "DoubleTypeProperty@odata.type": "Edm.Double",
        "IntTypeProperty": 9,
        "PartitionKey": "somPartition",
        "RowKey": "09",
        "Timestamp": null
      },
      "StatusCode": 201,
      "ResponseHeaders": {
        "Cache-Control": "no-cache",
        "Content-Type": "application/json; odata=minimalmetadata; streaming=true; charset=utf-8",
        "Date": "Thu, 20 Aug 2020 22:25:37 GMT",
        "ETag": "W/\u0022datetime\u00272020-08-20T22%3A25%3A38.1044072Z\u0027\u0022",
        "Location": "https://td29f528fe8af4d53prim.table.core.windows.net/testtablea7gym0gy(PartitionKey=\u0027somPartition\u0027,RowKey=\u002709\u0027)",
        "Server": [
          "Windows-Azure-Table/1.0",
          "Microsoft-HTTPAPI/2.0"
        ],
        "Transfer-Encoding": "chunked",
        "X-Content-Type-Options": "nosniff",
        "x-ms-client-request-id": "76679378d23076330256f2840e487e47",
        "x-ms-request-id": "f7a7a6e9-a002-0055-2d40-77249f000000",
        "x-ms-version": "2019-02-02"
      },
      "ResponseBody": {
        "odata.metadata": "https://td29f528fe8af4d53prim.table.core.windows.net/$metadata#testtablea7gym0gy/@Element",
        "odata.etag": "W/\u0022datetime\u00272020-08-20T22%3A25%3A38.1044072Z\u0027\u0022",
        "PartitionKey": "somPartition",
        "RowKey": "09",
        "Timestamp": "2020-08-20T22:25:38.1044072Z",
        "StringTypeProperty": "This is table entity number 09",
        "DatetimeTypeProperty@odata.type": "Edm.DateTime",
        "DatetimeTypeProperty": "2020-01-01T01:10:00Z",
        "DatetimeOffsetTypeProperty@odata.type": "Edm.DateTime",
        "DatetimeOffsetTypeProperty": "2020-01-01T01:10:00Z",
        "GuidTypeProperty@odata.type": "Edm.Guid",
        "GuidTypeProperty": "0d391d16-97f1-4b9a-be68-4cc871f90009",
        "BinaryTypeProperty@odata.type": "Edm.Binary",
        "BinaryTypeProperty": "AQIDBAU=",
        "Int64TypeProperty@odata.type": "Edm.Int64",
        "Int64TypeProperty": "9",
        "DoubleTypeProperty": 9.0,
        "IntTypeProperty": 9
      }
    },
    {
      "RequestUri": "https://td29f528fe8af4d53prim.table.core.windows.net/testtablea7gym0gy?$format=application%2Fjson%3Bodata%3Dminimalmetadata",
      "RequestMethod": "POST",
      "RequestHeaders": {
        "Accept": [
          "application/json",
          "application/json; odata=minimalmetadata"
        ],
        "Authorization": "Sanitized",
        "Content-Length": "668",
        "Content-Type": "application/json; odata=nometadata",
        "DataServiceVersion": "3.0",
        "traceparent": "00-2ff608ab73e0bc4aad8a177fb756fa52-2e4f83139b155342-00",
        "User-Agent": [
          "azsdk-net-Data.Tables/1.0.0-dev.20200820.3",
          "(.NET Core 4.6.27514.02; Microsoft Windows 10.0.17763 )"
        ],
        "x-ms-client-request-id": "4e01b0372f559e5b5c1ae467929a4d10",
        "x-ms-date": "Thu, 20 Aug 2020 22:25:38 GMT",
        "x-ms-return-client-request-id": "true",
        "x-ms-version": "2019-02-02"
      },
      "RequestBody": {
        "StringTypeProperty": "This is table entity number 10",
        "DatetimeTypeProperty": "2020-01-01T01:11:00.0000000Z",
        "DatetimeTypeProperty@odata.type": "Edm.DateTime",
        "DatetimeOffsetTypeProperty": "2020-01-01T01:11:00.0000000Z",
        "DatetimeOffsetTypeProperty@odata.type": "Edm.DateTime",
        "GuidTypeProperty": "0d391d16-97f1-4b9a-be68-4cc871f90010",
        "GuidTypeProperty@odata.type": "Edm.Guid",
        "BinaryTypeProperty": "AQIDBAU=",
        "BinaryTypeProperty@odata.type": "Edm.Binary",
        "Int64TypeProperty": "10",
        "Int64TypeProperty@odata.type": "Edm.Int64",
        "DoubleTypeProperty": 10,
        "DoubleTypeProperty@odata.type": "Edm.Double",
        "IntTypeProperty": 10,
        "PartitionKey": "somPartition",
        "RowKey": "10",
        "Timestamp": null
      },
      "StatusCode": 201,
      "ResponseHeaders": {
        "Cache-Control": "no-cache",
        "Content-Type": "application/json; odata=minimalmetadata; streaming=true; charset=utf-8",
        "Date": "Thu, 20 Aug 2020 22:25:37 GMT",
        "ETag": "W/\u0022datetime\u00272020-08-20T22%3A25%3A38.1844642Z\u0027\u0022",
        "Location": "https://td29f528fe8af4d53prim.table.core.windows.net/testtablea7gym0gy(PartitionKey=\u0027somPartition\u0027,RowKey=\u002710\u0027)",
        "Server": [
          "Windows-Azure-Table/1.0",
          "Microsoft-HTTPAPI/2.0"
        ],
        "Transfer-Encoding": "chunked",
        "X-Content-Type-Options": "nosniff",
        "x-ms-client-request-id": "4e01b0372f559e5b5c1ae467929a4d10",
        "x-ms-request-id": "f7a7a6ed-a002-0055-3140-77249f000000",
        "x-ms-version": "2019-02-02"
      },
      "ResponseBody": {
        "odata.metadata": "https://td29f528fe8af4d53prim.table.core.windows.net/$metadata#testtablea7gym0gy/@Element",
        "odata.etag": "W/\u0022datetime\u00272020-08-20T22%3A25%3A38.1844642Z\u0027\u0022",
        "PartitionKey": "somPartition",
        "RowKey": "10",
        "Timestamp": "2020-08-20T22:25:38.1844642Z",
        "StringTypeProperty": "This is table entity number 10",
        "DatetimeTypeProperty@odata.type": "Edm.DateTime",
        "DatetimeTypeProperty": "2020-01-01T01:11:00Z",
        "DatetimeOffsetTypeProperty@odata.type": "Edm.DateTime",
        "DatetimeOffsetTypeProperty": "2020-01-01T01:11:00Z",
        "GuidTypeProperty@odata.type": "Edm.Guid",
        "GuidTypeProperty": "0d391d16-97f1-4b9a-be68-4cc871f90010",
        "BinaryTypeProperty@odata.type": "Edm.Binary",
        "BinaryTypeProperty": "AQIDBAU=",
        "Int64TypeProperty@odata.type": "Edm.Int64",
        "Int64TypeProperty": "10",
        "DoubleTypeProperty": 10.0,
        "IntTypeProperty": 10
      }
    },
    {
      "RequestUri": "https://td29f528fe8af4d53prim.table.core.windows.net/testtablea7gym0gy?$format=application%2Fjson%3Bodata%3Dminimalmetadata",
      "RequestMethod": "POST",
      "RequestHeaders": {
        "Accept": [
          "application/json",
          "application/json; odata=minimalmetadata"
        ],
        "Authorization": "Sanitized",
        "Content-Length": "668",
        "Content-Type": "application/json; odata=nometadata",
        "DataServiceVersion": "3.0",
        "traceparent": "00-81be409720223543ad7611ce7f53c6f2-fe263bd606243449-00",
        "User-Agent": [
          "azsdk-net-Data.Tables/1.0.0-dev.20200820.3",
          "(.NET Core 4.6.27514.02; Microsoft Windows 10.0.17763 )"
        ],
        "x-ms-client-request-id": "7a28b317212ba16093a03124ce5072f8",
        "x-ms-date": "Thu, 20 Aug 2020 22:25:38 GMT",
        "x-ms-return-client-request-id": "true",
        "x-ms-version": "2019-02-02"
      },
      "RequestBody": {
        "StringTypeProperty": "This is table entity number 11",
        "DatetimeTypeProperty": "2020-01-01T01:12:00.0000000Z",
        "DatetimeTypeProperty@odata.type": "Edm.DateTime",
        "DatetimeOffsetTypeProperty": "2020-01-01T01:12:00.0000000Z",
        "DatetimeOffsetTypeProperty@odata.type": "Edm.DateTime",
        "GuidTypeProperty": "0d391d16-97f1-4b9a-be68-4cc871f90011",
        "GuidTypeProperty@odata.type": "Edm.Guid",
        "BinaryTypeProperty": "AQIDBAU=",
        "BinaryTypeProperty@odata.type": "Edm.Binary",
        "Int64TypeProperty": "11",
        "Int64TypeProperty@odata.type": "Edm.Int64",
        "DoubleTypeProperty": 11,
        "DoubleTypeProperty@odata.type": "Edm.Double",
        "IntTypeProperty": 11,
        "PartitionKey": "somPartition",
        "RowKey": "11",
        "Timestamp": null
      },
      "StatusCode": 201,
      "ResponseHeaders": {
        "Cache-Control": "no-cache",
        "Content-Type": "application/json; odata=minimalmetadata; streaming=true; charset=utf-8",
        "Date": "Thu, 20 Aug 2020 22:25:37 GMT",
        "ETag": "W/\u0022datetime\u00272020-08-20T22%3A25%3A38.2635208Z\u0027\u0022",
        "Location": "https://td29f528fe8af4d53prim.table.core.windows.net/testtablea7gym0gy(PartitionKey=\u0027somPartition\u0027,RowKey=\u002711\u0027)",
        "Server": [
          "Windows-Azure-Table/1.0",
          "Microsoft-HTTPAPI/2.0"
        ],
        "Transfer-Encoding": "chunked",
        "X-Content-Type-Options": "nosniff",
        "x-ms-client-request-id": "7a28b317212ba16093a03124ce5072f8",
        "x-ms-request-id": "f7a7a6f0-a002-0055-3440-77249f000000",
        "x-ms-version": "2019-02-02"
      },
      "ResponseBody": {
        "odata.metadata": "https://td29f528fe8af4d53prim.table.core.windows.net/$metadata#testtablea7gym0gy/@Element",
        "odata.etag": "W/\u0022datetime\u00272020-08-20T22%3A25%3A38.2635208Z\u0027\u0022",
        "PartitionKey": "somPartition",
        "RowKey": "11",
        "Timestamp": "2020-08-20T22:25:38.2635208Z",
        "StringTypeProperty": "This is table entity number 11",
        "DatetimeTypeProperty@odata.type": "Edm.DateTime",
        "DatetimeTypeProperty": "2020-01-01T01:12:00Z",
        "DatetimeOffsetTypeProperty@odata.type": "Edm.DateTime",
        "DatetimeOffsetTypeProperty": "2020-01-01T01:12:00Z",
        "GuidTypeProperty@odata.type": "Edm.Guid",
        "GuidTypeProperty": "0d391d16-97f1-4b9a-be68-4cc871f90011",
        "BinaryTypeProperty@odata.type": "Edm.Binary",
        "BinaryTypeProperty": "AQIDBAU=",
        "Int64TypeProperty@odata.type": "Edm.Int64",
        "Int64TypeProperty": "11",
        "DoubleTypeProperty": 11.0,
        "IntTypeProperty": 11
      }
    },
    {
      "RequestUri": "https://td29f528fe8af4d53prim.table.core.windows.net/testtablea7gym0gy?$format=application%2Fjson%3Bodata%3Dminimalmetadata",
      "RequestMethod": "POST",
      "RequestHeaders": {
        "Accept": [
          "application/json",
          "application/json; odata=minimalmetadata"
        ],
        "Authorization": "Sanitized",
        "Content-Length": "668",
        "Content-Type": "application/json; odata=nometadata",
        "DataServiceVersion": "3.0",
        "traceparent": "00-7bf286210daac54c94e17145a10cd1d5-66954ca58df59646-00",
        "User-Agent": [
          "azsdk-net-Data.Tables/1.0.0-dev.20200820.3",
          "(.NET Core 4.6.27514.02; Microsoft Windows 10.0.17763 )"
        ],
        "x-ms-client-request-id": "4cb8eac1600149d538c81915eecce367",
        "x-ms-date": "Thu, 20 Aug 2020 22:25:38 GMT",
        "x-ms-return-client-request-id": "true",
        "x-ms-version": "2019-02-02"
      },
      "RequestBody": {
        "StringTypeProperty": "This is table entity number 12",
        "DatetimeTypeProperty": "2020-01-01T01:13:00.0000000Z",
        "DatetimeTypeProperty@odata.type": "Edm.DateTime",
        "DatetimeOffsetTypeProperty": "2020-01-01T01:13:00.0000000Z",
        "DatetimeOffsetTypeProperty@odata.type": "Edm.DateTime",
        "GuidTypeProperty": "0d391d16-97f1-4b9a-be68-4cc871f90012",
        "GuidTypeProperty@odata.type": "Edm.Guid",
        "BinaryTypeProperty": "AQIDBAU=",
        "BinaryTypeProperty@odata.type": "Edm.Binary",
        "Int64TypeProperty": "12",
        "Int64TypeProperty@odata.type": "Edm.Int64",
        "DoubleTypeProperty": 12,
        "DoubleTypeProperty@odata.type": "Edm.Double",
        "IntTypeProperty": 12,
        "PartitionKey": "somPartition",
        "RowKey": "12",
        "Timestamp": null
      },
      "StatusCode": 201,
      "ResponseHeaders": {
        "Cache-Control": "no-cache",
        "Content-Type": "application/json; odata=minimalmetadata; streaming=true; charset=utf-8",
        "Date": "Thu, 20 Aug 2020 22:25:37 GMT",
        "ETag": "W/\u0022datetime\u00272020-08-20T22%3A25%3A38.3435791Z\u0027\u0022",
        "Location": "https://td29f528fe8af4d53prim.table.core.windows.net/testtablea7gym0gy(PartitionKey=\u0027somPartition\u0027,RowKey=\u002712\u0027)",
        "Server": [
          "Windows-Azure-Table/1.0",
          "Microsoft-HTTPAPI/2.0"
        ],
        "Transfer-Encoding": "chunked",
        "X-Content-Type-Options": "nosniff",
        "x-ms-client-request-id": "4cb8eac1600149d538c81915eecce367",
        "x-ms-request-id": "f7a7a700-a002-0055-4040-77249f000000",
        "x-ms-version": "2019-02-02"
      },
      "ResponseBody": {
        "odata.metadata": "https://td29f528fe8af4d53prim.table.core.windows.net/$metadata#testtablea7gym0gy/@Element",
        "odata.etag": "W/\u0022datetime\u00272020-08-20T22%3A25%3A38.3435791Z\u0027\u0022",
        "PartitionKey": "somPartition",
        "RowKey": "12",
        "Timestamp": "2020-08-20T22:25:38.3435791Z",
        "StringTypeProperty": "This is table entity number 12",
        "DatetimeTypeProperty@odata.type": "Edm.DateTime",
        "DatetimeTypeProperty": "2020-01-01T01:13:00Z",
        "DatetimeOffsetTypeProperty@odata.type": "Edm.DateTime",
        "DatetimeOffsetTypeProperty": "2020-01-01T01:13:00Z",
        "GuidTypeProperty@odata.type": "Edm.Guid",
        "GuidTypeProperty": "0d391d16-97f1-4b9a-be68-4cc871f90012",
        "BinaryTypeProperty@odata.type": "Edm.Binary",
        "BinaryTypeProperty": "AQIDBAU=",
        "Int64TypeProperty@odata.type": "Edm.Int64",
        "Int64TypeProperty": "12",
        "DoubleTypeProperty": 12.0,
        "IntTypeProperty": 12
      }
    },
    {
      "RequestUri": "https://td29f528fe8af4d53prim.table.core.windows.net/testtablea7gym0gy?$format=application%2Fjson%3Bodata%3Dminimalmetadata",
      "RequestMethod": "POST",
      "RequestHeaders": {
        "Accept": [
          "application/json",
          "application/json; odata=minimalmetadata"
        ],
        "Authorization": "Sanitized",
        "Content-Length": "668",
        "Content-Type": "application/json; odata=nometadata",
        "DataServiceVersion": "3.0",
        "traceparent": "00-89ea79cc4874c24c9bd18b9e6939c9aa-85ef835bfe6d4e48-00",
        "User-Agent": [
          "azsdk-net-Data.Tables/1.0.0-dev.20200820.3",
          "(.NET Core 4.6.27514.02; Microsoft Windows 10.0.17763 )"
        ],
        "x-ms-client-request-id": "5a6ce209031f151c505fbbb4fd37d00c",
        "x-ms-date": "Thu, 20 Aug 2020 22:25:38 GMT",
        "x-ms-return-client-request-id": "true",
        "x-ms-version": "2019-02-02"
      },
      "RequestBody": {
        "StringTypeProperty": "This is table entity number 13",
        "DatetimeTypeProperty": "2020-01-01T01:14:00.0000000Z",
        "DatetimeTypeProperty@odata.type": "Edm.DateTime",
        "DatetimeOffsetTypeProperty": "2020-01-01T01:14:00.0000000Z",
        "DatetimeOffsetTypeProperty@odata.type": "Edm.DateTime",
        "GuidTypeProperty": "0d391d16-97f1-4b9a-be68-4cc871f90013",
        "GuidTypeProperty@odata.type": "Edm.Guid",
        "BinaryTypeProperty": "AQIDBAU=",
        "BinaryTypeProperty@odata.type": "Edm.Binary",
        "Int64TypeProperty": "13",
        "Int64TypeProperty@odata.type": "Edm.Int64",
        "DoubleTypeProperty": 13,
        "DoubleTypeProperty@odata.type": "Edm.Double",
        "IntTypeProperty": 13,
        "PartitionKey": "somPartition",
        "RowKey": "13",
        "Timestamp": null
      },
      "StatusCode": 201,
      "ResponseHeaders": {
        "Cache-Control": "no-cache",
        "Content-Type": "application/json; odata=minimalmetadata; streaming=true; charset=utf-8",
        "Date": "Thu, 20 Aug 2020 22:25:37 GMT",
        "ETag": "W/\u0022datetime\u00272020-08-20T22%3A25%3A38.4226366Z\u0027\u0022",
        "Location": "https://td29f528fe8af4d53prim.table.core.windows.net/testtablea7gym0gy(PartitionKey=\u0027somPartition\u0027,RowKey=\u002713\u0027)",
        "Server": [
          "Windows-Azure-Table/1.0",
          "Microsoft-HTTPAPI/2.0"
        ],
        "Transfer-Encoding": "chunked",
        "X-Content-Type-Options": "nosniff",
        "x-ms-client-request-id": "5a6ce209031f151c505fbbb4fd37d00c",
        "x-ms-request-id": "f7a7a717-a002-0055-5740-77249f000000",
        "x-ms-version": "2019-02-02"
      },
      "ResponseBody": {
        "odata.metadata": "https://td29f528fe8af4d53prim.table.core.windows.net/$metadata#testtablea7gym0gy/@Element",
        "odata.etag": "W/\u0022datetime\u00272020-08-20T22%3A25%3A38.4226366Z\u0027\u0022",
        "PartitionKey": "somPartition",
        "RowKey": "13",
        "Timestamp": "2020-08-20T22:25:38.4226366Z",
        "StringTypeProperty": "This is table entity number 13",
        "DatetimeTypeProperty@odata.type": "Edm.DateTime",
        "DatetimeTypeProperty": "2020-01-01T01:14:00Z",
        "DatetimeOffsetTypeProperty@odata.type": "Edm.DateTime",
        "DatetimeOffsetTypeProperty": "2020-01-01T01:14:00Z",
        "GuidTypeProperty@odata.type": "Edm.Guid",
        "GuidTypeProperty": "0d391d16-97f1-4b9a-be68-4cc871f90013",
        "BinaryTypeProperty@odata.type": "Edm.Binary",
        "BinaryTypeProperty": "AQIDBAU=",
        "Int64TypeProperty@odata.type": "Edm.Int64",
        "Int64TypeProperty": "13",
        "DoubleTypeProperty": 13.0,
        "IntTypeProperty": 13
      }
    },
    {
      "RequestUri": "https://td29f528fe8af4d53prim.table.core.windows.net/testtablea7gym0gy?$format=application%2Fjson%3Bodata%3Dminimalmetadata",
      "RequestMethod": "POST",
      "RequestHeaders": {
        "Accept": [
          "application/json",
          "application/json; odata=minimalmetadata"
        ],
        "Authorization": "Sanitized",
        "Content-Length": "668",
        "Content-Type": "application/json; odata=nometadata",
        "DataServiceVersion": "3.0",
        "traceparent": "00-6c09684c2e3ac241a808ba18237f749a-224702a3c250f643-00",
        "User-Agent": [
          "azsdk-net-Data.Tables/1.0.0-dev.20200820.3",
          "(.NET Core 4.6.27514.02; Microsoft Windows 10.0.17763 )"
        ],
        "x-ms-client-request-id": "a7a5eba800e2b70fdddf4262074ab2c6",
        "x-ms-date": "Thu, 20 Aug 2020 22:25:38 GMT",
        "x-ms-return-client-request-id": "true",
        "x-ms-version": "2019-02-02"
      },
      "RequestBody": {
        "StringTypeProperty": "This is table entity number 14",
        "DatetimeTypeProperty": "2020-01-01T01:15:00.0000000Z",
        "DatetimeTypeProperty@odata.type": "Edm.DateTime",
        "DatetimeOffsetTypeProperty": "2020-01-01T01:15:00.0000000Z",
        "DatetimeOffsetTypeProperty@odata.type": "Edm.DateTime",
        "GuidTypeProperty": "0d391d16-97f1-4b9a-be68-4cc871f90014",
        "GuidTypeProperty@odata.type": "Edm.Guid",
        "BinaryTypeProperty": "AQIDBAU=",
        "BinaryTypeProperty@odata.type": "Edm.Binary",
        "Int64TypeProperty": "14",
        "Int64TypeProperty@odata.type": "Edm.Int64",
        "DoubleTypeProperty": 14,
        "DoubleTypeProperty@odata.type": "Edm.Double",
        "IntTypeProperty": 14,
        "PartitionKey": "somPartition",
        "RowKey": "14",
        "Timestamp": null
      },
      "StatusCode": 201,
      "ResponseHeaders": {
        "Cache-Control": "no-cache",
        "Content-Type": "application/json; odata=minimalmetadata; streaming=true; charset=utf-8",
        "Date": "Thu, 20 Aug 2020 22:25:38 GMT",
        "ETag": "W/\u0022datetime\u00272020-08-20T22%3A25%3A38.5006917Z\u0027\u0022",
        "Location": "https://td29f528fe8af4d53prim.table.core.windows.net/testtablea7gym0gy(PartitionKey=\u0027somPartition\u0027,RowKey=\u002714\u0027)",
        "Server": [
          "Windows-Azure-Table/1.0",
          "Microsoft-HTTPAPI/2.0"
        ],
        "Transfer-Encoding": "chunked",
        "X-Content-Type-Options": "nosniff",
        "x-ms-client-request-id": "a7a5eba800e2b70fdddf4262074ab2c6",
        "x-ms-request-id": "f7a7a733-a002-0055-7140-77249f000000",
        "x-ms-version": "2019-02-02"
      },
      "ResponseBody": {
        "odata.metadata": "https://td29f528fe8af4d53prim.table.core.windows.net/$metadata#testtablea7gym0gy/@Element",
        "odata.etag": "W/\u0022datetime\u00272020-08-20T22%3A25%3A38.5006917Z\u0027\u0022",
        "PartitionKey": "somPartition",
        "RowKey": "14",
        "Timestamp": "2020-08-20T22:25:38.5006917Z",
        "StringTypeProperty": "This is table entity number 14",
        "DatetimeTypeProperty@odata.type": "Edm.DateTime",
        "DatetimeTypeProperty": "2020-01-01T01:15:00Z",
        "DatetimeOffsetTypeProperty@odata.type": "Edm.DateTime",
        "DatetimeOffsetTypeProperty": "2020-01-01T01:15:00Z",
        "GuidTypeProperty@odata.type": "Edm.Guid",
        "GuidTypeProperty": "0d391d16-97f1-4b9a-be68-4cc871f90014",
        "BinaryTypeProperty@odata.type": "Edm.Binary",
        "BinaryTypeProperty": "AQIDBAU=",
        "Int64TypeProperty@odata.type": "Edm.Int64",
        "Int64TypeProperty": "14",
        "DoubleTypeProperty": 14.0,
        "IntTypeProperty": 14
      }
    },
    {
      "RequestUri": "https://td29f528fe8af4d53prim.table.core.windows.net/testtablea7gym0gy?$format=application%2Fjson%3Bodata%3Dminimalmetadata",
      "RequestMethod": "POST",
      "RequestHeaders": {
        "Accept": [
          "application/json",
          "application/json; odata=minimalmetadata"
        ],
        "Authorization": "Sanitized",
        "Content-Length": "668",
        "Content-Type": "application/json; odata=nometadata",
        "DataServiceVersion": "3.0",
        "traceparent": "00-74fadbfbfea4024b919199299f0a5ca9-265cc575c440c943-00",
        "User-Agent": [
          "azsdk-net-Data.Tables/1.0.0-dev.20200820.3",
          "(.NET Core 4.6.27514.02; Microsoft Windows 10.0.17763 )"
        ],
        "x-ms-client-request-id": "ec1bc9bc17e3bdd9cda2fca1a4204b00",
        "x-ms-date": "Thu, 20 Aug 2020 22:25:38 GMT",
        "x-ms-return-client-request-id": "true",
        "x-ms-version": "2019-02-02"
      },
      "RequestBody": {
        "StringTypeProperty": "This is table entity number 15",
        "DatetimeTypeProperty": "2020-01-01T01:16:00.0000000Z",
        "DatetimeTypeProperty@odata.type": "Edm.DateTime",
        "DatetimeOffsetTypeProperty": "2020-01-01T01:16:00.0000000Z",
        "DatetimeOffsetTypeProperty@odata.type": "Edm.DateTime",
        "GuidTypeProperty": "0d391d16-97f1-4b9a-be68-4cc871f90015",
        "GuidTypeProperty@odata.type": "Edm.Guid",
        "BinaryTypeProperty": "AQIDBAU=",
        "BinaryTypeProperty@odata.type": "Edm.Binary",
        "Int64TypeProperty": "15",
        "Int64TypeProperty@odata.type": "Edm.Int64",
        "DoubleTypeProperty": 15,
        "DoubleTypeProperty@odata.type": "Edm.Double",
        "IntTypeProperty": 15,
        "PartitionKey": "somPartition",
        "RowKey": "15",
        "Timestamp": null
      },
      "StatusCode": 201,
      "ResponseHeaders": {
        "Cache-Control": "no-cache",
        "Content-Type": "application/json; odata=minimalmetadata; streaming=true; charset=utf-8",
        "Date": "Thu, 20 Aug 2020 22:25:38 GMT",
        "ETag": "W/\u0022datetime\u00272020-08-20T22%3A25%3A38.5837511Z\u0027\u0022",
        "Location": "https://td29f528fe8af4d53prim.table.core.windows.net/testtablea7gym0gy(PartitionKey=\u0027somPartition\u0027,RowKey=\u002715\u0027)",
        "Server": [
          "Windows-Azure-Table/1.0",
          "Microsoft-HTTPAPI/2.0"
        ],
        "Transfer-Encoding": "chunked",
        "X-Content-Type-Options": "nosniff",
        "x-ms-client-request-id": "ec1bc9bc17e3bdd9cda2fca1a4204b00",
        "x-ms-request-id": "f7a7a74d-a002-0055-0b40-77249f000000",
        "x-ms-version": "2019-02-02"
      },
      "ResponseBody": {
        "odata.metadata": "https://td29f528fe8af4d53prim.table.core.windows.net/$metadata#testtablea7gym0gy/@Element",
        "odata.etag": "W/\u0022datetime\u00272020-08-20T22%3A25%3A38.5837511Z\u0027\u0022",
        "PartitionKey": "somPartition",
        "RowKey": "15",
        "Timestamp": "2020-08-20T22:25:38.5837511Z",
        "StringTypeProperty": "This is table entity number 15",
        "DatetimeTypeProperty@odata.type": "Edm.DateTime",
        "DatetimeTypeProperty": "2020-01-01T01:16:00Z",
        "DatetimeOffsetTypeProperty@odata.type": "Edm.DateTime",
        "DatetimeOffsetTypeProperty": "2020-01-01T01:16:00Z",
        "GuidTypeProperty@odata.type": "Edm.Guid",
        "GuidTypeProperty": "0d391d16-97f1-4b9a-be68-4cc871f90015",
        "BinaryTypeProperty@odata.type": "Edm.Binary",
        "BinaryTypeProperty": "AQIDBAU=",
        "Int64TypeProperty@odata.type": "Edm.Int64",
        "Int64TypeProperty": "15",
        "DoubleTypeProperty": 15.0,
        "IntTypeProperty": 15
      }
    },
    {
      "RequestUri": "https://td29f528fe8af4d53prim.table.core.windows.net/testtablea7gym0gy?$format=application%2Fjson%3Bodata%3Dminimalmetadata",
      "RequestMethod": "POST",
      "RequestHeaders": {
        "Accept": [
          "application/json",
          "application/json; odata=minimalmetadata"
        ],
        "Authorization": "Sanitized",
        "Content-Length": "668",
        "Content-Type": "application/json; odata=nometadata",
        "DataServiceVersion": "3.0",
        "traceparent": "00-4ca8785d63ec2942b4e7fadd678717c7-f2188edae0a88648-00",
        "User-Agent": [
          "azsdk-net-Data.Tables/1.0.0-dev.20200820.3",
          "(.NET Core 4.6.27514.02; Microsoft Windows 10.0.17763 )"
        ],
        "x-ms-client-request-id": "036d0cf83b260885d2b57d3fc1b90e05",
        "x-ms-date": "Thu, 20 Aug 2020 22:25:38 GMT",
        "x-ms-return-client-request-id": "true",
        "x-ms-version": "2019-02-02"
      },
      "RequestBody": {
        "StringTypeProperty": "This is table entity number 16",
        "DatetimeTypeProperty": "2020-01-01T01:17:00.0000000Z",
        "DatetimeTypeProperty@odata.type": "Edm.DateTime",
        "DatetimeOffsetTypeProperty": "2020-01-01T01:17:00.0000000Z",
        "DatetimeOffsetTypeProperty@odata.type": "Edm.DateTime",
        "GuidTypeProperty": "0d391d16-97f1-4b9a-be68-4cc871f90016",
        "GuidTypeProperty@odata.type": "Edm.Guid",
        "BinaryTypeProperty": "AQIDBAU=",
        "BinaryTypeProperty@odata.type": "Edm.Binary",
        "Int64TypeProperty": "16",
        "Int64TypeProperty@odata.type": "Edm.Int64",
        "DoubleTypeProperty": 16,
        "DoubleTypeProperty@odata.type": "Edm.Double",
        "IntTypeProperty": 16,
        "PartitionKey": "somPartition",
        "RowKey": "16",
        "Timestamp": null
      },
      "StatusCode": 201,
      "ResponseHeaders": {
        "Cache-Control": "no-cache",
        "Content-Type": "application/json; odata=minimalmetadata; streaming=true; charset=utf-8",
        "Date": "Thu, 20 Aug 2020 22:25:38 GMT",
        "ETag": "W/\u0022datetime\u00272020-08-20T22%3A25%3A38.6628085Z\u0027\u0022",
        "Location": "https://td29f528fe8af4d53prim.table.core.windows.net/testtablea7gym0gy(PartitionKey=\u0027somPartition\u0027,RowKey=\u002716\u0027)",
        "Server": [
          "Windows-Azure-Table/1.0",
          "Microsoft-HTTPAPI/2.0"
        ],
        "Transfer-Encoding": "chunked",
        "X-Content-Type-Options": "nosniff",
        "x-ms-client-request-id": "036d0cf83b260885d2b57d3fc1b90e05",
        "x-ms-request-id": "f7a7a769-a002-0055-2640-77249f000000",
        "x-ms-version": "2019-02-02"
      },
      "ResponseBody": {
        "odata.metadata": "https://td29f528fe8af4d53prim.table.core.windows.net/$metadata#testtablea7gym0gy/@Element",
        "odata.etag": "W/\u0022datetime\u00272020-08-20T22%3A25%3A38.6628085Z\u0027\u0022",
        "PartitionKey": "somPartition",
        "RowKey": "16",
        "Timestamp": "2020-08-20T22:25:38.6628085Z",
        "StringTypeProperty": "This is table entity number 16",
        "DatetimeTypeProperty@odata.type": "Edm.DateTime",
        "DatetimeTypeProperty": "2020-01-01T01:17:00Z",
        "DatetimeOffsetTypeProperty@odata.type": "Edm.DateTime",
        "DatetimeOffsetTypeProperty": "2020-01-01T01:17:00Z",
        "GuidTypeProperty@odata.type": "Edm.Guid",
        "GuidTypeProperty": "0d391d16-97f1-4b9a-be68-4cc871f90016",
        "BinaryTypeProperty@odata.type": "Edm.Binary",
        "BinaryTypeProperty": "AQIDBAU=",
        "Int64TypeProperty@odata.type": "Edm.Int64",
        "Int64TypeProperty": "16",
        "DoubleTypeProperty": 16.0,
        "IntTypeProperty": 16
      }
    },
    {
      "RequestUri": "https://td29f528fe8af4d53prim.table.core.windows.net/testtablea7gym0gy?$format=application%2Fjson%3Bodata%3Dminimalmetadata",
      "RequestMethod": "POST",
      "RequestHeaders": {
        "Accept": [
          "application/json",
          "application/json; odata=minimalmetadata"
        ],
        "Authorization": "Sanitized",
        "Content-Length": "668",
        "Content-Type": "application/json; odata=nometadata",
        "DataServiceVersion": "3.0",
        "traceparent": "00-12bff82489294c47acbb815bec773c80-e121c77034b7744f-00",
        "User-Agent": [
          "azsdk-net-Data.Tables/1.0.0-dev.20200820.3",
          "(.NET Core 4.6.27514.02; Microsoft Windows 10.0.17763 )"
        ],
        "x-ms-client-request-id": "33f8f4ade41c912912e8da3f036d13bd",
        "x-ms-date": "Thu, 20 Aug 2020 22:25:38 GMT",
        "x-ms-return-client-request-id": "true",
        "x-ms-version": "2019-02-02"
      },
      "RequestBody": {
        "StringTypeProperty": "This is table entity number 17",
        "DatetimeTypeProperty": "2020-01-01T01:18:00.0000000Z",
        "DatetimeTypeProperty@odata.type": "Edm.DateTime",
        "DatetimeOffsetTypeProperty": "2020-01-01T01:18:00.0000000Z",
        "DatetimeOffsetTypeProperty@odata.type": "Edm.DateTime",
        "GuidTypeProperty": "0d391d16-97f1-4b9a-be68-4cc871f90017",
        "GuidTypeProperty@odata.type": "Edm.Guid",
        "BinaryTypeProperty": "AQIDBAU=",
        "BinaryTypeProperty@odata.type": "Edm.Binary",
        "Int64TypeProperty": "17",
        "Int64TypeProperty@odata.type": "Edm.Int64",
        "DoubleTypeProperty": 17,
        "DoubleTypeProperty@odata.type": "Edm.Double",
        "IntTypeProperty": 17,
        "PartitionKey": "somPartition",
        "RowKey": "17",
        "Timestamp": null
      },
      "StatusCode": 201,
      "ResponseHeaders": {
        "Cache-Control": "no-cache",
        "Content-Type": "application/json; odata=minimalmetadata; streaming=true; charset=utf-8",
        "Date": "Thu, 20 Aug 2020 22:25:38 GMT",
        "ETag": "W/\u0022datetime\u00272020-08-20T22%3A25%3A38.7428656Z\u0027\u0022",
        "Location": "https://td29f528fe8af4d53prim.table.core.windows.net/testtablea7gym0gy(PartitionKey=\u0027somPartition\u0027,RowKey=\u002717\u0027)",
        "Server": [
          "Windows-Azure-Table/1.0",
          "Microsoft-HTTPAPI/2.0"
        ],
        "Transfer-Encoding": "chunked",
        "X-Content-Type-Options": "nosniff",
        "x-ms-client-request-id": "33f8f4ade41c912912e8da3f036d13bd",
        "x-ms-request-id": "f7a7a781-a002-0055-3e40-77249f000000",
        "x-ms-version": "2019-02-02"
      },
      "ResponseBody": {
        "odata.metadata": "https://td29f528fe8af4d53prim.table.core.windows.net/$metadata#testtablea7gym0gy/@Element",
        "odata.etag": "W/\u0022datetime\u00272020-08-20T22%3A25%3A38.7428656Z\u0027\u0022",
        "PartitionKey": "somPartition",
        "RowKey": "17",
        "Timestamp": "2020-08-20T22:25:38.7428656Z",
        "StringTypeProperty": "This is table entity number 17",
        "DatetimeTypeProperty@odata.type": "Edm.DateTime",
        "DatetimeTypeProperty": "2020-01-01T01:18:00Z",
        "DatetimeOffsetTypeProperty@odata.type": "Edm.DateTime",
        "DatetimeOffsetTypeProperty": "2020-01-01T01:18:00Z",
        "GuidTypeProperty@odata.type": "Edm.Guid",
        "GuidTypeProperty": "0d391d16-97f1-4b9a-be68-4cc871f90017",
        "BinaryTypeProperty@odata.type": "Edm.Binary",
        "BinaryTypeProperty": "AQIDBAU=",
        "Int64TypeProperty@odata.type": "Edm.Int64",
        "Int64TypeProperty": "17",
        "DoubleTypeProperty": 17.0,
        "IntTypeProperty": 17
      }
    },
    {
      "RequestUri": "https://td29f528fe8af4d53prim.table.core.windows.net/testtablea7gym0gy?$format=application%2Fjson%3Bodata%3Dminimalmetadata",
      "RequestMethod": "POST",
      "RequestHeaders": {
        "Accept": [
          "application/json",
          "application/json; odata=minimalmetadata"
        ],
        "Authorization": "Sanitized",
        "Content-Length": "668",
        "Content-Type": "application/json; odata=nometadata",
        "DataServiceVersion": "3.0",
        "traceparent": "00-5d540286afa79443a99548a23612dba7-55b77d6d0ebc814e-00",
        "User-Agent": [
          "azsdk-net-Data.Tables/1.0.0-dev.20200820.3",
          "(.NET Core 4.6.27514.02; Microsoft Windows 10.0.17763 )"
        ],
        "x-ms-client-request-id": "fa6a4293afdd80a04412192e9999fc14",
        "x-ms-date": "Thu, 20 Aug 2020 22:25:38 GMT",
        "x-ms-return-client-request-id": "true",
        "x-ms-version": "2019-02-02"
      },
      "RequestBody": {
        "StringTypeProperty": "This is table entity number 18",
        "DatetimeTypeProperty": "2020-01-01T01:19:00.0000000Z",
        "DatetimeTypeProperty@odata.type": "Edm.DateTime",
        "DatetimeOffsetTypeProperty": "2020-01-01T01:19:00.0000000Z",
        "DatetimeOffsetTypeProperty@odata.type": "Edm.DateTime",
        "GuidTypeProperty": "0d391d16-97f1-4b9a-be68-4cc871f90018",
        "GuidTypeProperty@odata.type": "Edm.Guid",
        "BinaryTypeProperty": "AQIDBAU=",
        "BinaryTypeProperty@odata.type": "Edm.Binary",
        "Int64TypeProperty": "18",
        "Int64TypeProperty@odata.type": "Edm.Int64",
        "DoubleTypeProperty": 18,
        "DoubleTypeProperty@odata.type": "Edm.Double",
        "IntTypeProperty": 18,
        "PartitionKey": "somPartition",
        "RowKey": "18",
        "Timestamp": null
      },
      "StatusCode": 201,
      "ResponseHeaders": {
        "Cache-Control": "no-cache",
        "Content-Type": "application/json; odata=minimalmetadata; streaming=true; charset=utf-8",
        "Date": "Thu, 20 Aug 2020 22:25:38 GMT",
        "ETag": "W/\u0022datetime\u00272020-08-20T22%3A25%3A38.8219217Z\u0027\u0022",
        "Location": "https://td29f528fe8af4d53prim.table.core.windows.net/testtablea7gym0gy(PartitionKey=\u0027somPartition\u0027,RowKey=\u002718\u0027)",
        "Server": [
          "Windows-Azure-Table/1.0",
          "Microsoft-HTTPAPI/2.0"
        ],
        "Transfer-Encoding": "chunked",
        "X-Content-Type-Options": "nosniff",
        "x-ms-client-request-id": "fa6a4293afdd80a04412192e9999fc14",
        "x-ms-request-id": "f7a7a799-a002-0055-5640-77249f000000",
        "x-ms-version": "2019-02-02"
      },
      "ResponseBody": {
        "odata.metadata": "https://td29f528fe8af4d53prim.table.core.windows.net/$metadata#testtablea7gym0gy/@Element",
        "odata.etag": "W/\u0022datetime\u00272020-08-20T22%3A25%3A38.8219217Z\u0027\u0022",
        "PartitionKey": "somPartition",
        "RowKey": "18",
        "Timestamp": "2020-08-20T22:25:38.8219217Z",
        "StringTypeProperty": "This is table entity number 18",
        "DatetimeTypeProperty@odata.type": "Edm.DateTime",
        "DatetimeTypeProperty": "2020-01-01T01:19:00Z",
        "DatetimeOffsetTypeProperty@odata.type": "Edm.DateTime",
        "DatetimeOffsetTypeProperty": "2020-01-01T01:19:00Z",
        "GuidTypeProperty@odata.type": "Edm.Guid",
        "GuidTypeProperty": "0d391d16-97f1-4b9a-be68-4cc871f90018",
        "BinaryTypeProperty@odata.type": "Edm.Binary",
        "BinaryTypeProperty": "AQIDBAU=",
        "Int64TypeProperty@odata.type": "Edm.Int64",
        "Int64TypeProperty": "18",
        "DoubleTypeProperty": 18.0,
        "IntTypeProperty": 18
      }
    },
    {
      "RequestUri": "https://td29f528fe8af4d53prim.table.core.windows.net/testtablea7gym0gy?$format=application%2Fjson%3Bodata%3Dminimalmetadata",
      "RequestMethod": "POST",
      "RequestHeaders": {
        "Accept": [
          "application/json",
          "application/json; odata=minimalmetadata"
        ],
        "Authorization": "Sanitized",
        "Content-Length": "668",
        "Content-Type": "application/json; odata=nometadata",
        "DataServiceVersion": "3.0",
        "traceparent": "00-73be372aff5ae549b7d17c4e5ac1798a-9995246d13ade64a-00",
        "User-Agent": [
          "azsdk-net-Data.Tables/1.0.0-dev.20200820.3",
          "(.NET Core 4.6.27514.02; Microsoft Windows 10.0.17763 )"
        ],
        "x-ms-client-request-id": "aff3f693182713e4e3dbf13e61450565",
        "x-ms-date": "Thu, 20 Aug 2020 22:25:38 GMT",
        "x-ms-return-client-request-id": "true",
        "x-ms-version": "2019-02-02"
      },
      "RequestBody": {
        "StringTypeProperty": "This is table entity number 19",
        "DatetimeTypeProperty": "2020-01-01T01:20:00.0000000Z",
        "DatetimeTypeProperty@odata.type": "Edm.DateTime",
        "DatetimeOffsetTypeProperty": "2020-01-01T01:20:00.0000000Z",
        "DatetimeOffsetTypeProperty@odata.type": "Edm.DateTime",
        "GuidTypeProperty": "0d391d16-97f1-4b9a-be68-4cc871f90019",
        "GuidTypeProperty@odata.type": "Edm.Guid",
        "BinaryTypeProperty": "AQIDBAU=",
        "BinaryTypeProperty@odata.type": "Edm.Binary",
        "Int64TypeProperty": "19",
        "Int64TypeProperty@odata.type": "Edm.Int64",
        "DoubleTypeProperty": 19,
        "DoubleTypeProperty@odata.type": "Edm.Double",
        "IntTypeProperty": 19,
        "PartitionKey": "somPartition",
        "RowKey": "19",
        "Timestamp": null
      },
      "StatusCode": 201,
      "ResponseHeaders": {
        "Cache-Control": "no-cache",
        "Content-Type": "application/json; odata=minimalmetadata; streaming=true; charset=utf-8",
        "Date": "Thu, 20 Aug 2020 22:25:38 GMT",
        "ETag": "W/\u0022datetime\u00272020-08-20T22%3A25%3A38.9009791Z\u0027\u0022",
        "Location": "https://td29f528fe8af4d53prim.table.core.windows.net/testtablea7gym0gy(PartitionKey=\u0027somPartition\u0027,RowKey=\u002719\u0027)",
        "Server": [
          "Windows-Azure-Table/1.0",
          "Microsoft-HTTPAPI/2.0"
        ],
        "Transfer-Encoding": "chunked",
        "X-Content-Type-Options": "nosniff",
        "x-ms-client-request-id": "aff3f693182713e4e3dbf13e61450565",
        "x-ms-request-id": "f7a7a7b3-a002-0055-7040-77249f000000",
        "x-ms-version": "2019-02-02"
      },
      "ResponseBody": {
        "odata.metadata": "https://td29f528fe8af4d53prim.table.core.windows.net/$metadata#testtablea7gym0gy/@Element",
        "odata.etag": "W/\u0022datetime\u00272020-08-20T22%3A25%3A38.9009791Z\u0027\u0022",
        "PartitionKey": "somPartition",
        "RowKey": "19",
        "Timestamp": "2020-08-20T22:25:38.9009791Z",
        "StringTypeProperty": "This is table entity number 19",
        "DatetimeTypeProperty@odata.type": "Edm.DateTime",
        "DatetimeTypeProperty": "2020-01-01T01:20:00Z",
        "DatetimeOffsetTypeProperty@odata.type": "Edm.DateTime",
        "DatetimeOffsetTypeProperty": "2020-01-01T01:20:00Z",
        "GuidTypeProperty@odata.type": "Edm.Guid",
        "GuidTypeProperty": "0d391d16-97f1-4b9a-be68-4cc871f90019",
        "BinaryTypeProperty@odata.type": "Edm.Binary",
        "BinaryTypeProperty": "AQIDBAU=",
        "Int64TypeProperty@odata.type": "Edm.Int64",
        "Int64TypeProperty": "19",
        "DoubleTypeProperty": 19.0,
        "IntTypeProperty": 19
      }
    },
    {
      "RequestUri": "https://td29f528fe8af4d53prim.table.core.windows.net/testtablea7gym0gy?$format=application%2Fjson%3Bodata%3Dminimalmetadata",
      "RequestMethod": "POST",
      "RequestHeaders": {
        "Accept": [
          "application/json",
          "application/json; odata=minimalmetadata"
        ],
        "Authorization": "Sanitized",
        "Content-Length": "668",
        "Content-Type": "application/json; odata=nometadata",
        "DataServiceVersion": "3.0",
        "traceparent": "00-271a0114fdf2034ab36742dfa0a3c18c-d95a30ae607e154c-00",
        "User-Agent": [
          "azsdk-net-Data.Tables/1.0.0-dev.20200820.3",
          "(.NET Core 4.6.27514.02; Microsoft Windows 10.0.17763 )"
        ],
        "x-ms-client-request-id": "7eacc0a1144efe285478ef0acafbf778",
        "x-ms-date": "Thu, 20 Aug 2020 22:25:38 GMT",
        "x-ms-return-client-request-id": "true",
        "x-ms-version": "2019-02-02"
      },
      "RequestBody": {
        "StringTypeProperty": "This is table entity number 20",
        "DatetimeTypeProperty": "2020-01-01T01:21:00.0000000Z",
        "DatetimeTypeProperty@odata.type": "Edm.DateTime",
        "DatetimeOffsetTypeProperty": "2020-01-01T01:21:00.0000000Z",
        "DatetimeOffsetTypeProperty@odata.type": "Edm.DateTime",
        "GuidTypeProperty": "0d391d16-97f1-4b9a-be68-4cc871f90020",
        "GuidTypeProperty@odata.type": "Edm.Guid",
        "BinaryTypeProperty": "AQIDBAU=",
        "BinaryTypeProperty@odata.type": "Edm.Binary",
        "Int64TypeProperty": "20",
        "Int64TypeProperty@odata.type": "Edm.Int64",
        "DoubleTypeProperty": 20,
        "DoubleTypeProperty@odata.type": "Edm.Double",
        "IntTypeProperty": 20,
        "PartitionKey": "somPartition",
        "RowKey": "20",
        "Timestamp": null
      },
      "StatusCode": 201,
      "ResponseHeaders": {
        "Cache-Control": "no-cache",
        "Content-Type": "application/json; odata=minimalmetadata; streaming=true; charset=utf-8",
        "Date": "Thu, 20 Aug 2020 22:25:38 GMT",
        "ETag": "W/\u0022datetime\u00272020-08-20T22%3A25%3A38.9830385Z\u0027\u0022",
        "Location": "https://td29f528fe8af4d53prim.table.core.windows.net/testtablea7gym0gy(PartitionKey=\u0027somPartition\u0027,RowKey=\u002720\u0027)",
        "Server": [
          "Windows-Azure-Table/1.0",
          "Microsoft-HTTPAPI/2.0"
        ],
        "Transfer-Encoding": "chunked",
        "X-Content-Type-Options": "nosniff",
        "x-ms-client-request-id": "7eacc0a1144efe285478ef0acafbf778",
        "x-ms-request-id": "f7a7a7cc-a002-0055-0940-77249f000000",
        "x-ms-version": "2019-02-02"
      },
      "ResponseBody": {
        "odata.metadata": "https://td29f528fe8af4d53prim.table.core.windows.net/$metadata#testtablea7gym0gy/@Element",
        "odata.etag": "W/\u0022datetime\u00272020-08-20T22%3A25%3A38.9830385Z\u0027\u0022",
        "PartitionKey": "somPartition",
        "RowKey": "20",
        "Timestamp": "2020-08-20T22:25:38.9830385Z",
        "StringTypeProperty": "This is table entity number 20",
        "DatetimeTypeProperty@odata.type": "Edm.DateTime",
        "DatetimeTypeProperty": "2020-01-01T01:21:00Z",
        "DatetimeOffsetTypeProperty@odata.type": "Edm.DateTime",
        "DatetimeOffsetTypeProperty": "2020-01-01T01:21:00Z",
        "GuidTypeProperty@odata.type": "Edm.Guid",
        "GuidTypeProperty": "0d391d16-97f1-4b9a-be68-4cc871f90020",
        "BinaryTypeProperty@odata.type": "Edm.Binary",
        "BinaryTypeProperty": "AQIDBAU=",
        "Int64TypeProperty@odata.type": "Edm.Int64",
        "Int64TypeProperty": "20",
        "DoubleTypeProperty": 20.0,
        "IntTypeProperty": 20
      }
    },
    {
      "RequestUri": "https://td29f528fe8af4d53prim.table.core.windows.net/testtablea7gym0gy()?$format=application%2Fjson%3Bodata%3Dminimalmetadata\u0026$filter=PartitionKey%20eq%20%27somPartition%27%20and%20RowKey%20gt%20%2710%27",
      "RequestMethod": "GET",
      "RequestHeaders": {
        "Accept": [
          "application/json",
          "application/json; odata=minimalmetadata"
        ],
        "Authorization": "Sanitized",
        "DataServiceVersion": "3.0",
        "User-Agent": [
          "azsdk-net-Data.Tables/1.0.0-dev.20200820.3",
          "(.NET Core 4.6.27514.02; Microsoft Windows 10.0.17763 )"
        ],
        "x-ms-client-request-id": "0cabc6eb637a7b955d561601be611efe",
        "x-ms-date": "Thu, 20 Aug 2020 22:25:39 GMT",
        "x-ms-return-client-request-id": "true",
        "x-ms-version": "2019-02-02"
      },
      "RequestBody": null,
      "StatusCode": 200,
      "ResponseHeaders": {
        "Cache-Control": "no-cache",
        "Content-Type": "application/json; odata=minimalmetadata; streaming=true; charset=utf-8",
        "Date": "Thu, 20 Aug 2020 22:25:38 GMT",
        "Server": [
          "Windows-Azure-Table/1.0",
          "Microsoft-HTTPAPI/2.0"
        ],
        "Transfer-Encoding": "chunked",
        "X-Content-Type-Options": "nosniff",
        "x-ms-client-request-id": "0cabc6eb637a7b955d561601be611efe",
        "x-ms-request-id": "f7a7a7e5-a002-0055-2240-77249f000000",
        "x-ms-version": "2019-02-02"
      },
      "ResponseBody": {
        "odata.metadata": "https://td29f528fe8af4d53prim.table.core.windows.net/$metadata#testtablea7gym0gy",
        "value": [
          {
            "odata.etag": "W/\u0022datetime\u00272020-08-20T22%3A25%3A38.2635208Z\u0027\u0022",
            "PartitionKey": "somPartition",
            "RowKey": "11",
            "Timestamp": "2020-08-20T22:25:38.2635208Z",
            "StringTypeProperty": "This is table entity number 11",
            "DatetimeTypeProperty@odata.type": "Edm.DateTime",
            "DatetimeTypeProperty": "2020-01-01T01:12:00Z",
            "DatetimeOffsetTypeProperty@odata.type": "Edm.DateTime",
            "DatetimeOffsetTypeProperty": "2020-01-01T01:12:00Z",
            "GuidTypeProperty@odata.type": "Edm.Guid",
            "GuidTypeProperty": "0d391d16-97f1-4b9a-be68-4cc871f90011",
            "BinaryTypeProperty@odata.type": "Edm.Binary",
            "BinaryTypeProperty": "AQIDBAU=",
            "Int64TypeProperty@odata.type": "Edm.Int64",
            "Int64TypeProperty": "11",
            "DoubleTypeProperty": 11.0,
            "IntTypeProperty": 11
          },
          {
            "odata.etag": "W/\u0022datetime\u00272020-08-20T22%3A25%3A38.3435791Z\u0027\u0022",
            "PartitionKey": "somPartition",
            "RowKey": "12",
            "Timestamp": "2020-08-20T22:25:38.3435791Z",
            "StringTypeProperty": "This is table entity number 12",
            "DatetimeTypeProperty@odata.type": "Edm.DateTime",
            "DatetimeTypeProperty": "2020-01-01T01:13:00Z",
            "DatetimeOffsetTypeProperty@odata.type": "Edm.DateTime",
            "DatetimeOffsetTypeProperty": "2020-01-01T01:13:00Z",
            "GuidTypeProperty@odata.type": "Edm.Guid",
            "GuidTypeProperty": "0d391d16-97f1-4b9a-be68-4cc871f90012",
            "BinaryTypeProperty@odata.type": "Edm.Binary",
            "BinaryTypeProperty": "AQIDBAU=",
            "Int64TypeProperty@odata.type": "Edm.Int64",
            "Int64TypeProperty": "12",
            "DoubleTypeProperty": 12.0,
            "IntTypeProperty": 12
          },
          {
            "odata.etag": "W/\u0022datetime\u00272020-08-20T22%3A25%3A38.4226366Z\u0027\u0022",
            "PartitionKey": "somPartition",
            "RowKey": "13",
            "Timestamp": "2020-08-20T22:25:38.4226366Z",
            "StringTypeProperty": "This is table entity number 13",
            "DatetimeTypeProperty@odata.type": "Edm.DateTime",
            "DatetimeTypeProperty": "2020-01-01T01:14:00Z",
            "DatetimeOffsetTypeProperty@odata.type": "Edm.DateTime",
            "DatetimeOffsetTypeProperty": "2020-01-01T01:14:00Z",
            "GuidTypeProperty@odata.type": "Edm.Guid",
            "GuidTypeProperty": "0d391d16-97f1-4b9a-be68-4cc871f90013",
            "BinaryTypeProperty@odata.type": "Edm.Binary",
            "BinaryTypeProperty": "AQIDBAU=",
            "Int64TypeProperty@odata.type": "Edm.Int64",
            "Int64TypeProperty": "13",
            "DoubleTypeProperty": 13.0,
            "IntTypeProperty": 13
          },
          {
            "odata.etag": "W/\u0022datetime\u00272020-08-20T22%3A25%3A38.5006917Z\u0027\u0022",
            "PartitionKey": "somPartition",
            "RowKey": "14",
            "Timestamp": "2020-08-20T22:25:38.5006917Z",
            "StringTypeProperty": "This is table entity number 14",
            "DatetimeTypeProperty@odata.type": "Edm.DateTime",
            "DatetimeTypeProperty": "2020-01-01T01:15:00Z",
            "DatetimeOffsetTypeProperty@odata.type": "Edm.DateTime",
            "DatetimeOffsetTypeProperty": "2020-01-01T01:15:00Z",
            "GuidTypeProperty@odata.type": "Edm.Guid",
            "GuidTypeProperty": "0d391d16-97f1-4b9a-be68-4cc871f90014",
            "BinaryTypeProperty@odata.type": "Edm.Binary",
            "BinaryTypeProperty": "AQIDBAU=",
            "Int64TypeProperty@odata.type": "Edm.Int64",
            "Int64TypeProperty": "14",
            "DoubleTypeProperty": 14.0,
            "IntTypeProperty": 14
          },
          {
            "odata.etag": "W/\u0022datetime\u00272020-08-20T22%3A25%3A38.5837511Z\u0027\u0022",
            "PartitionKey": "somPartition",
            "RowKey": "15",
            "Timestamp": "2020-08-20T22:25:38.5837511Z",
            "StringTypeProperty": "This is table entity number 15",
            "DatetimeTypeProperty@odata.type": "Edm.DateTime",
            "DatetimeTypeProperty": "2020-01-01T01:16:00Z",
            "DatetimeOffsetTypeProperty@odata.type": "Edm.DateTime",
            "DatetimeOffsetTypeProperty": "2020-01-01T01:16:00Z",
            "GuidTypeProperty@odata.type": "Edm.Guid",
            "GuidTypeProperty": "0d391d16-97f1-4b9a-be68-4cc871f90015",
            "BinaryTypeProperty@odata.type": "Edm.Binary",
            "BinaryTypeProperty": "AQIDBAU=",
            "Int64TypeProperty@odata.type": "Edm.Int64",
            "Int64TypeProperty": "15",
            "DoubleTypeProperty": 15.0,
            "IntTypeProperty": 15
          },
          {
            "odata.etag": "W/\u0022datetime\u00272020-08-20T22%3A25%3A38.6628085Z\u0027\u0022",
            "PartitionKey": "somPartition",
            "RowKey": "16",
            "Timestamp": "2020-08-20T22:25:38.6628085Z",
            "StringTypeProperty": "This is table entity number 16",
            "DatetimeTypeProperty@odata.type": "Edm.DateTime",
            "DatetimeTypeProperty": "2020-01-01T01:17:00Z",
            "DatetimeOffsetTypeProperty@odata.type": "Edm.DateTime",
            "DatetimeOffsetTypeProperty": "2020-01-01T01:17:00Z",
            "GuidTypeProperty@odata.type": "Edm.Guid",
            "GuidTypeProperty": "0d391d16-97f1-4b9a-be68-4cc871f90016",
            "BinaryTypeProperty@odata.type": "Edm.Binary",
            "BinaryTypeProperty": "AQIDBAU=",
            "Int64TypeProperty@odata.type": "Edm.Int64",
            "Int64TypeProperty": "16",
            "DoubleTypeProperty": 16.0,
            "IntTypeProperty": 16
          },
          {
            "odata.etag": "W/\u0022datetime\u00272020-08-20T22%3A25%3A38.7428656Z\u0027\u0022",
            "PartitionKey": "somPartition",
            "RowKey": "17",
            "Timestamp": "2020-08-20T22:25:38.7428656Z",
            "StringTypeProperty": "This is table entity number 17",
            "DatetimeTypeProperty@odata.type": "Edm.DateTime",
            "DatetimeTypeProperty": "2020-01-01T01:18:00Z",
            "DatetimeOffsetTypeProperty@odata.type": "Edm.DateTime",
            "DatetimeOffsetTypeProperty": "2020-01-01T01:18:00Z",
            "GuidTypeProperty@odata.type": "Edm.Guid",
            "GuidTypeProperty": "0d391d16-97f1-4b9a-be68-4cc871f90017",
            "BinaryTypeProperty@odata.type": "Edm.Binary",
            "BinaryTypeProperty": "AQIDBAU=",
            "Int64TypeProperty@odata.type": "Edm.Int64",
            "Int64TypeProperty": "17",
            "DoubleTypeProperty": 17.0,
            "IntTypeProperty": 17
          },
          {
            "odata.etag": "W/\u0022datetime\u00272020-08-20T22%3A25%3A38.8219217Z\u0027\u0022",
            "PartitionKey": "somPartition",
            "RowKey": "18",
            "Timestamp": "2020-08-20T22:25:38.8219217Z",
            "StringTypeProperty": "This is table entity number 18",
            "DatetimeTypeProperty@odata.type": "Edm.DateTime",
            "DatetimeTypeProperty": "2020-01-01T01:19:00Z",
            "DatetimeOffsetTypeProperty@odata.type": "Edm.DateTime",
            "DatetimeOffsetTypeProperty": "2020-01-01T01:19:00Z",
            "GuidTypeProperty@odata.type": "Edm.Guid",
            "GuidTypeProperty": "0d391d16-97f1-4b9a-be68-4cc871f90018",
            "BinaryTypeProperty@odata.type": "Edm.Binary",
            "BinaryTypeProperty": "AQIDBAU=",
            "Int64TypeProperty@odata.type": "Edm.Int64",
            "Int64TypeProperty": "18",
            "DoubleTypeProperty": 18.0,
            "IntTypeProperty": 18
          },
          {
            "odata.etag": "W/\u0022datetime\u00272020-08-20T22%3A25%3A38.9009791Z\u0027\u0022",
            "PartitionKey": "somPartition",
            "RowKey": "19",
            "Timestamp": "2020-08-20T22:25:38.9009791Z",
            "StringTypeProperty": "This is table entity number 19",
            "DatetimeTypeProperty@odata.type": "Edm.DateTime",
            "DatetimeTypeProperty": "2020-01-01T01:20:00Z",
            "DatetimeOffsetTypeProperty@odata.type": "Edm.DateTime",
            "DatetimeOffsetTypeProperty": "2020-01-01T01:20:00Z",
            "GuidTypeProperty@odata.type": "Edm.Guid",
            "GuidTypeProperty": "0d391d16-97f1-4b9a-be68-4cc871f90019",
            "BinaryTypeProperty@odata.type": "Edm.Binary",
            "BinaryTypeProperty": "AQIDBAU=",
            "Int64TypeProperty@odata.type": "Edm.Int64",
            "Int64TypeProperty": "19",
            "DoubleTypeProperty": 19.0,
            "IntTypeProperty": 19
          },
          {
            "odata.etag": "W/\u0022datetime\u00272020-08-20T22%3A25%3A38.9830385Z\u0027\u0022",
            "PartitionKey": "somPartition",
            "RowKey": "20",
            "Timestamp": "2020-08-20T22:25:38.9830385Z",
            "StringTypeProperty": "This is table entity number 20",
            "DatetimeTypeProperty@odata.type": "Edm.DateTime",
            "DatetimeTypeProperty": "2020-01-01T01:21:00Z",
            "DatetimeOffsetTypeProperty@odata.type": "Edm.DateTime",
            "DatetimeOffsetTypeProperty": "2020-01-01T01:21:00Z",
            "GuidTypeProperty@odata.type": "Edm.Guid",
            "GuidTypeProperty": "0d391d16-97f1-4b9a-be68-4cc871f90020",
            "BinaryTypeProperty@odata.type": "Edm.Binary",
            "BinaryTypeProperty": "AQIDBAU=",
            "Int64TypeProperty@odata.type": "Edm.Int64",
            "Int64TypeProperty": "20",
            "DoubleTypeProperty": 20.0,
            "IntTypeProperty": 20
          }
        ]
      }
    },
    {
      "RequestUri": "https://td29f528fe8af4d53prim.table.core.windows.net/Tables(\u0027testtablea7gym0gy\u0027)",
      "RequestMethod": "DELETE",
      "RequestHeaders": {
        "Accept": [
          "application/json",
          "application/json"
        ],
        "Authorization": "Sanitized",
        "traceparent": "00-f8630b7eb40a0b4e8776cb5320b4791d-922ea9d917b55244-00",
        "User-Agent": [
          "azsdk-net-Data.Tables/1.0.0-dev.20200820.3",
          "(.NET Core 4.6.27514.02; Microsoft Windows 10.0.17763 )"
        ],
        "x-ms-client-request-id": "d98cb40c7ded7fc5cef55bae28da48e7",
        "x-ms-date": "Thu, 20 Aug 2020 22:25:39 GMT",
        "x-ms-return-client-request-id": "true",
        "x-ms-version": "2019-02-02"
      },
      "RequestBody": null,
      "StatusCode": 204,
      "ResponseHeaders": {
        "Cache-Control": "no-cache",
        "Content-Length": "0",
        "Date": "Thu, 20 Aug 2020 22:25:38 GMT",
        "Server": [
          "Windows-Azure-Table/1.0",
          "Microsoft-HTTPAPI/2.0"
        ],
        "X-Content-Type-Options": "nosniff",
        "x-ms-client-request-id": "d98cb40c7ded7fc5cef55bae28da48e7",
        "x-ms-request-id": "f7a7a7fa-a002-0055-3540-77249f000000",
        "x-ms-version": "2019-02-02"
      },
      "ResponseBody": []
    }
  ],
  "Variables": {
    "RandomSeed": "348316470",
    "TABLES_PRIMARY_STORAGE_ACCOUNT_KEY": "Kg==",
    "TABLES_STORAGE_ACCOUNT_NAME": "td29f528fe8af4d53prim"
  }
}
