{
  "Entries": [
    {
      "RequestUri": "https://chrisstablesprim.table.core.windows.net/Tables?$format=application%2Fjson%3Bodata%3Dminimalmetadata",
      "RequestMethod": "POST",
      "RequestHeaders": {
        "Accept": "application/json; odata=minimalmetadata",
        "Authorization": "Sanitized",
        "Content-Length": "33",
        "Content-Type": "application/json; odata=nometadata",
        "DataServiceVersion": "3.0",
        "traceparent": "00-99794b406a7db941a6047d2c2b73189a-e732b9b85f140c43-00",
        "User-Agent": [
          "azsdk-net-Data.Tables/12.3.0-alpha.20211018.1",
          "(.NET 5.0.11; Microsoft Windows 10.0.22000)"
        ],
        "x-ms-client-request-id": "75f6666edc10594a4272abddb593a32b",
        "x-ms-date": "Mon, 18 Oct 2021 17:13:13 GMT",
        "x-ms-return-client-request-id": "true",
        "x-ms-version": "2019-02-02"
      },
      "RequestBody": {
        "TableName": "testtable55s3i45s"
      },
      "StatusCode": 201,
      "ResponseHeaders": {
        "Cache-Control": "no-cache",
        "Content-Type": "application/json; odata=minimalmetadata; streaming=true; charset=utf-8",
        "Date": "Mon, 18 Oct 2021 17:13:12 GMT",
        "Location": "https://chrisstablesprim.table.core.windows.net/Tables(\u0027testtable55s3i45s\u0027)",
        "Server": [
          "Windows-Azure-Table/1.0",
          "Microsoft-HTTPAPI/2.0"
        ],
        "Transfer-Encoding": "chunked",
        "X-Content-Type-Options": "nosniff",
        "x-ms-client-request-id": "75f6666edc10594a4272abddb593a32b",
        "x-ms-request-id": "fbe159d0-9002-007c-2743-c48de6000000",
        "x-ms-version": "2019-02-02"
      },
      "ResponseBody": {
        "odata.metadata": "https://chrisstablesprim.table.core.windows.net/$metadata#Tables/@Element",
        "TableName": "testtable55s3i45s"
      }
    },
    {
      "RequestUri": "https://chrisstablesprim.table.core.windows.net/testtable55s3i45s?$format=application%2Fjson%3Bodata%3Dminimalmetadata",
      "RequestMethod": "POST",
      "RequestHeaders": {
        "Accept": "application/json; odata=minimalmetadata",
        "Authorization": "Sanitized",
        "Content-Length": "717",
        "Content-Type": "application/json; odata=nometadata",
        "DataServiceVersion": "3.0",
        "Prefer": "return-no-content",
        "traceparent": "00-d31727f99b11654a892c9cb70f1d8920-368bcf5d5cc94945-00",
        "User-Agent": [
          "azsdk-net-Data.Tables/12.3.0-alpha.20211018.1",
          "(.NET 5.0.11; Microsoft Windows 10.0.22000)"
        ],
        "x-ms-client-request-id": "104a26fbcc411a3f6ecdd5e6feca1def",
        "x-ms-date": "Mon, 18 Oct 2021 17:13:13 GMT",
        "x-ms-return-client-request-id": "true",
        "x-ms-version": "2019-02-02"
      },
      "RequestBody": {
        "StringTypeProperty": "This is table entity number 01",
        "DatetimeTypeProperty": "2020-01-01T01:02:00.0000000Z",
        "DatetimeTypeProperty@odata.type": "Edm.DateTime",
        "DatetimeOffsetTypeProperty": "2020-01-01T01:02:00.0000000Z",
        "DatetimeOffsetTypeProperty@odata.type": "Edm.DateTime",
        "GuidTypeProperty": "0d391d16-97f1-4b9a-be68-4cc871f90001",
        "GuidTypeProperty@odata.type": "Edm.Guid",
        "BinaryTypeProperty": "AQIDBAU=",
        "BinaryTypeProperty@odata.type": "Edm.Binary",
        "Int64TypeProperty": "1",
        "Int64TypeProperty@odata.type": "Edm.Int64",
        "UInt64TypeProperty": "1",
        "UInt64TypeProperty@odata.type": "Edm.Int64",
        "DoubleTypeProperty": 1,
        "DoubleTypeProperty@odata.type": "Edm.Double",
        "IntTypeProperty": 1,
        "PartitionKey": "somPartition",
        "RowKey": "01"
      },
      "StatusCode": 204,
      "ResponseHeaders": {
        "Cache-Control": "no-cache",
        "Content-Length": "0",
        "DataServiceId": "https://chrisstablesprim.table.core.windows.net/testtable55s3i45s(PartitionKey=\u0027somPartition\u0027,RowKey=\u002701\u0027)",
        "Date": "Mon, 18 Oct 2021 17:13:12 GMT",
        "ETag": "W/\u0022datetime\u00272021-10-18T17%3A13%3A13.2489093Z\u0027\u0022",
        "Location": "https://chrisstablesprim.table.core.windows.net/testtable55s3i45s(PartitionKey=\u0027somPartition\u0027,RowKey=\u002701\u0027)",
        "Preference-Applied": "return-no-content",
        "Server": [
          "Windows-Azure-Table/1.0",
          "Microsoft-HTTPAPI/2.0"
        ],
        "X-Content-Type-Options": "nosniff",
        "x-ms-client-request-id": "104a26fbcc411a3f6ecdd5e6feca1def",
        "x-ms-request-id": "fbe159d9-9002-007c-2e43-c48de6000000",
        "x-ms-version": "2019-02-02"
      },
      "ResponseBody": []
    },
    {
      "RequestUri": "https://chrisstablesprim.table.core.windows.net/testtable55s3i45s()?$format=application%2Fjson%3Bodata%3Dminimalmetadata\u0026$filter=PartitionKey%20eq%20%27somPartition%27%20and%20RowKey%20eq%20%2701%27",
      "RequestMethod": "GET",
      "RequestHeaders": {
        "Accept": "application/json; odata=minimalmetadata",
        "Authorization": "Sanitized",
        "DataServiceVersion": "3.0",
        "traceparent": "00-cd50377ed51580428f9c269ab2472723-0a0d6883425f7c4f-00",
        "User-Agent": [
          "azsdk-net-Data.Tables/12.3.0-alpha.20211018.1",
          "(.NET 5.0.11; Microsoft Windows 10.0.22000)"
        ],
        "x-ms-client-request-id": "5ffa8ca7bf7f9e8fe5114da976e25410",
        "x-ms-date": "Mon, 18 Oct 2021 17:13:13 GMT",
        "x-ms-return-client-request-id": "true",
        "x-ms-version": "2019-02-02"
      },
      "RequestBody": null,
      "StatusCode": 200,
      "ResponseHeaders": {
        "Cache-Control": "no-cache",
        "Content-Type": "application/json; odata=minimalmetadata; streaming=true; charset=utf-8",
        "Date": "Mon, 18 Oct 2021 17:13:12 GMT",
        "Server": [
          "Windows-Azure-Table/1.0",
          "Microsoft-HTTPAPI/2.0"
        ],
        "Transfer-Encoding": "chunked",
        "X-Content-Type-Options": "nosniff",
        "x-ms-client-request-id": "5ffa8ca7bf7f9e8fe5114da976e25410",
        "x-ms-request-id": "fbe159e6-9002-007c-3b43-c48de6000000",
        "x-ms-version": "2019-02-02"
      },
      "ResponseBody": {
        "odata.metadata": "https://chrisstablesprim.table.core.windows.net/$metadata#testtable55s3i45s",
        "value": [
          {
            "odata.etag": "W/\u0022datetime\u00272021-10-18T17%3A13%3A13.2489093Z\u0027\u0022",
            "PartitionKey": "somPartition",
            "RowKey": "01",
            "Timestamp": "2021-10-18T17:13:13.2489093Z",
            "StringTypeProperty": "This is table entity number 01",
            "DatetimeTypeProperty@odata.type": "Edm.DateTime",
            "DatetimeTypeProperty": "2020-01-01T01:02:00Z",
            "DatetimeOffsetTypeProperty@odata.type": "Edm.DateTime",
            "DatetimeOffsetTypeProperty": "2020-01-01T01:02:00Z",
            "GuidTypeProperty@odata.type": "Edm.Guid",
            "GuidTypeProperty": "0d391d16-97f1-4b9a-be68-4cc871f90001",
            "BinaryTypeProperty@odata.type": "Edm.Binary",
            "BinaryTypeProperty": "AQIDBAU=",
            "Int64TypeProperty@odata.type": "Edm.Int64",
            "Int64TypeProperty": "1",
            "UInt64TypeProperty@odata.type": "Edm.Int64",
            "UInt64TypeProperty": "1",
            "DoubleTypeProperty": 1.0,
            "IntTypeProperty": 1
          }
        ]
      }
    },
    {
      "RequestUri": "https://chrisstablesprim.table.core.windows.net/Tables(\u0027testtable55s3i45s\u0027)",
      "RequestMethod": "DELETE",
      "RequestHeaders": {
        "Accept": "application/json",
        "Authorization": "Sanitized",
        "traceparent": "00-d13a3f1b218d4943b04f6ec6e952cc31-c4c0b95a8cb3b848-00",
        "User-Agent": [
          "azsdk-net-Data.Tables/12.3.0-alpha.20211018.1",
          "(.NET 5.0.11; Microsoft Windows 10.0.22000)"
        ],
        "x-ms-client-request-id": "5773eef46373a1ef26db064207645a77",
        "x-ms-date": "Mon, 18 Oct 2021 17:13:13 GMT",
        "x-ms-return-client-request-id": "true",
        "x-ms-version": "2019-02-02"
      },
      "RequestBody": null,
      "StatusCode": 204,
      "ResponseHeaders": {
        "Cache-Control": "no-cache",
        "Content-Length": "0",
        "Date": "Mon, 18 Oct 2021 17:13:12 GMT",
        "Server": [
          "Windows-Azure-Table/1.0",
          "Microsoft-HTTPAPI/2.0"
        ],
        "X-Content-Type-Options": "nosniff",
        "x-ms-client-request-id": "5773eef46373a1ef26db064207645a77",
        "x-ms-request-id": "fbe159ec-9002-007c-4143-c48de6000000",
        "x-ms-version": "2019-02-02"
      },
      "ResponseBody": []
    }
  ],
  "Variables": {
    "RandomSeed": "2072759885",
    "STORAGE_ENDPOINT_SUFFIX": "core.windows.net",
    "TABLES_PRIMARY_STORAGE_ACCOUNT_KEY": "Kg==",
    "TABLES_STORAGE_ACCOUNT_NAME": "chrisstablesprim"
  }
}