{
  "Entries": [
    {
      "RequestUri": "https://chrissscratch.table.core.windows.net/Tables?$format=application%2Fjson%3Bodata%3Dfullmetadata",
      "RequestMethod": "POST",
      "RequestHeaders": {
        "Accept": "application/json",
        "Authorization": "Sanitized",
        "Content-Length": "33",
        "Content-Type": "application/json; odata=nometadata",
        "DataServiceVersion": "3.0",
        "traceparent": "00-9148337419e5f34b8b3891378a15eebe-dacdedf14d77b640-00",
        "User-Agent": [
          "azsdk-net-Data.Tables/1.0.0-dev.20200728.1",
          "(.NET Core 4.6.29017.01; Microsoft Windows 10.0.18363 )"
        ],
        "x-ms-client-request-id": "a08571805a6b16182b22824f4be169ad",
        "x-ms-date": "Tue, 28 Jul 2020 23:48:22 GMT",
        "x-ms-return-client-request-id": "true",
        "x-ms-version": "2019-02-02"
      },
      "RequestBody": {
        "TableName": "testtablenpuhopc0"
      },
      "StatusCode": 201,
      "ResponseHeaders": {
        "Cache-Control": "no-cache",
        "Content-Type": "application/json; odata=fullmetadata; streaming=true; charset=utf-8",
        "Date": "Tue, 28 Jul 2020 23:48:21 GMT",
        "Location": "https://chrissscratch.table.core.windows.net/Tables(\u0027testtablenpuhopc0\u0027)",
        "Server": [
          "Windows-Azure-Table/1.0",
          "Microsoft-HTTPAPI/2.0"
        ],
        "Transfer-Encoding": "chunked",
        "X-Content-Type-Options": "nosniff",
        "x-ms-client-request-id": "a08571805a6b16182b22824f4be169ad",
        "x-ms-request-id": "24fbc021-0002-004d-2839-65020a000000",
        "x-ms-version": "2019-02-02"
      },
      "ResponseBody": {
        "odata.metadata": "https://chrissscratch.table.core.windows.net/$metadata#Tables/@Element",
        "odata.type": "chrissscratch.Tables",
        "odata.id": "https://chrissscratch.table.core.windows.net/Tables(\u0027testtablenpuhopc0\u0027)",
        "odata.editLink": "Tables(\u0027testtablenpuhopc0\u0027)",
        "TableName": "testtablenpuhopc0"
      }
    },
    {
      "RequestUri": "https://chrissscratch.table.core.windows.net/testtablenpuhopc0?$format=application%2Fjson%3Bodata%3Dfullmetadata",
      "RequestMethod": "POST",
      "RequestHeaders": {
        "Accept": "application/json",
        "Authorization": "Sanitized",
        "Content-Length": "614",
        "Content-Type": "application/json; odata=nometadata",
        "DataServiceVersion": "3.0",
        "traceparent": "00-6b1633811f600443ad39c9f5b484883c-519cbcda52f44d4e-00",
        "User-Agent": [
          "azsdk-net-Data.Tables/1.0.0-dev.20200728.1",
          "(.NET Core 4.6.29017.01; Microsoft Windows 10.0.18363 )"
        ],
        "x-ms-client-request-id": "6cd8f67056a2da3b1f39ddce438db8e2",
        "x-ms-date": "Tue, 28 Jul 2020 23:48:22 GMT",
        "x-ms-return-client-request-id": "true",
        "x-ms-version": "2019-02-02"
      },
      "RequestBody": {
        "PartitionKey": "somPartition",
        "RowKey": "01",
        "SomeStringProperty": "This is table entity number 01",
        "SomeDateProperty": "2020-01-01T01:02:00.0000000Z",
        "SomeDateProperty@odata.type": "Edm.DateTime",
        "SomeGuidProperty": "0d391d16-97f1-4b9a-be68-4cc871f90001",
        "SomeGuidProperty@odata.type": "Edm.Guid",
        "SomeBinaryProperty": "AQIDBAU=",
        "SomeBinaryProperty@odata.type": "Edm.Binary",
        "SomeInt64Property": "1",
        "SomeInt64Property@odata.type": "Edm.Int64",
        "SomeDoubleProperty0": 1,
        "SomeDoubleProperty0@odata.type": "Edm.Double",
        "SomeDoubleProperty1": 1.1000000000000001,
        "SomeDoubleProperty1@odata.type": "Edm.Double",
        "SomeIntProperty": 1
      },
      "StatusCode": 201,
      "ResponseHeaders": {
        "Cache-Control": "no-cache",
        "Content-Type": "application/json; odata=fullmetadata; streaming=true; charset=utf-8",
        "Date": "Tue, 28 Jul 2020 23:48:21 GMT",
        "ETag": "W/\u0022datetime\u00272020-07-28T23%3A48%3A22.7329602Z\u0027\u0022",
        "Location": "https://chrissscratch.table.core.windows.net/testtablenpuhopc0(PartitionKey=\u0027somPartition\u0027,RowKey=\u002701\u0027)",
        "Server": [
          "Windows-Azure-Table/1.0",
          "Microsoft-HTTPAPI/2.0"
        ],
        "Transfer-Encoding": "chunked",
        "X-Content-Type-Options": "nosniff",
        "x-ms-client-request-id": "6cd8f67056a2da3b1f39ddce438db8e2",
        "x-ms-request-id": "24fbc029-0002-004d-2d39-65020a000000",
        "x-ms-version": "2019-02-02"
      },
      "ResponseBody": {
        "odata.metadata": "https://chrissscratch.table.core.windows.net/$metadata#testtablenpuhopc0/@Element",
        "odata.type": "chrissscratch.testtablenpuhopc0",
        "odata.id": "https://chrissscratch.table.core.windows.net/testtablenpuhopc0(PartitionKey=\u0027somPartition\u0027,RowKey=\u002701\u0027)",
        "odata.etag": "W/\u0022datetime\u00272020-07-28T23%3A48%3A22.7329602Z\u0027\u0022",
        "odata.editLink": "testtablenpuhopc0(PartitionKey=\u0027somPartition\u0027,RowKey=\u002701\u0027)",
        "PartitionKey": "somPartition",
        "RowKey": "01",
        "Timestamp@odata.type": "Edm.DateTime",
        "Timestamp": "2020-07-28T23:48:22.7329602Z",
        "SomeStringProperty": "This is table entity number 01",
        "SomeDateProperty@odata.type": "Edm.DateTime",
        "SomeDateProperty": "2020-01-01T01:02:00Z",
        "SomeGuidProperty@odata.type": "Edm.Guid",
        "SomeGuidProperty": "0d391d16-97f1-4b9a-be68-4cc871f90001",
        "SomeBinaryProperty@odata.type": "Edm.Binary",
        "SomeBinaryProperty": "AQIDBAU=",
        "SomeInt64Property@odata.type": "Edm.Int64",
        "SomeInt64Property": "1",
        "SomeDoubleProperty0": 1.0,
        "SomeDoubleProperty1": 1.1,
        "SomeIntProperty": 1
      }
    },
    {
      "RequestUri": "https://chrissscratch.table.core.windows.net/testtablenpuhopc0()?$format=application%2Fjson%3Bodata%3Dfullmetadata\u0026$filter=PartitionKey%20eq%20%27somPartition%27%20and%20RowKey%20eq%20%2701%27",
      "RequestMethod": "GET",
      "RequestHeaders": {
        "Accept": "application/json",
        "Authorization": "Sanitized",
        "DataServiceVersion": "3.0",
        "User-Agent": [
          "azsdk-net-Data.Tables/1.0.0-dev.20200728.1",
          "(.NET Core 4.6.29017.01; Microsoft Windows 10.0.18363 )"
        ],
        "x-ms-client-request-id": "5ba207f63f682a1fbec8de2806394e51",
        "x-ms-date": "Tue, 28 Jul 2020 23:48:22 GMT",
        "x-ms-return-client-request-id": "true",
        "x-ms-version": "2019-02-02"
      },
      "RequestBody": null,
      "StatusCode": 200,
      "ResponseHeaders": {
        "Cache-Control": "no-cache",
        "Content-Type": "application/json; odata=fullmetadata; streaming=true; charset=utf-8",
        "Date": "Tue, 28 Jul 2020 23:48:21 GMT",
        "Server": [
          "Windows-Azure-Table/1.0",
          "Microsoft-HTTPAPI/2.0"
        ],
        "Transfer-Encoding": "chunked",
        "X-Content-Type-Options": "nosniff",
        "x-ms-client-request-id": "5ba207f63f682a1fbec8de2806394e51",
        "x-ms-request-id": "24fbc034-0002-004d-3639-65020a000000",
        "x-ms-version": "2019-02-02"
      },
      "ResponseBody": {
        "odata.metadata": "https://chrissscratch.table.core.windows.net/$metadata#testtablenpuhopc0",
        "value": [
          {
            "odata.type": "chrissscratch.testtablenpuhopc0",
            "odata.id": "https://chrissscratch.table.core.windows.net/testtablenpuhopc0(PartitionKey=\u0027somPartition\u0027,RowKey=\u002701\u0027)",
            "odata.etag": "W/\u0022datetime\u00272020-07-28T23%3A48%3A22.7329602Z\u0027\u0022",
            "odata.editLink": "testtablenpuhopc0(PartitionKey=\u0027somPartition\u0027,RowKey=\u002701\u0027)",
            "PartitionKey": "somPartition",
            "RowKey": "01",
            "Timestamp@odata.type": "Edm.DateTime",
            "Timestamp": "2020-07-28T23:48:22.7329602Z",
            "SomeStringProperty": "This is table entity number 01",
            "SomeDateProperty@odata.type": "Edm.DateTime",
            "SomeDateProperty": "2020-01-01T01:02:00Z",
            "SomeGuidProperty@odata.type": "Edm.Guid",
            "SomeGuidProperty": "0d391d16-97f1-4b9a-be68-4cc871f90001",
            "SomeBinaryProperty@odata.type": "Edm.Binary",
            "SomeBinaryProperty": "AQIDBAU=",
            "SomeInt64Property@odata.type": "Edm.Int64",
            "SomeInt64Property": "1",
            "SomeDoubleProperty0": 1.0,
            "SomeDoubleProperty1": 1.1,
            "SomeIntProperty": 1
          }
        ]
      }
    },
    {
      "RequestUri": "https://chrissscratch.table.core.windows.net/Tables(\u0027testtablenpuhopc0\u0027)",
      "RequestMethod": "DELETE",
      "RequestHeaders": {
        "Accept": "application/json",
        "Authorization": "Sanitized",
        "traceparent": "00-14be65efa6e2094198c4be86b3784ed8-2475dd6905d37644-00",
        "User-Agent": [
          "azsdk-net-Data.Tables/1.0.0-dev.20200728.1",
          "(.NET Core 4.6.29017.01; Microsoft Windows 10.0.18363 )"
        ],
        "x-ms-client-request-id": "ca939b440a202a6c36aa80317d4ad29e",
        "x-ms-date": "Tue, 28 Jul 2020 23:48:22 GMT",
        "x-ms-return-client-request-id": "true",
        "x-ms-version": "2019-02-02"
      },
      "RequestBody": null,
      "StatusCode": 204,
      "ResponseHeaders": {
        "Cache-Control": "no-cache",
        "Content-Length": "0",
        "Date": "Tue, 28 Jul 2020 23:48:21 GMT",
        "Server": [
          "Windows-Azure-Table/1.0",
          "Microsoft-HTTPAPI/2.0"
        ],
        "X-Content-Type-Options": "nosniff",
        "x-ms-client-request-id": "ca939b440a202a6c36aa80317d4ad29e",
        "x-ms-request-id": "24fbc03b-0002-004d-3b39-65020a000000",
        "x-ms-version": "2019-02-02"
      },
      "ResponseBody": []
    }
  ],
  "Variables": {
    "RandomSeed": "737101764",
    "TABLES_PRIMARY_STORAGE_ACCOUNT_KEY": "",
    "TABLES_STORAGE_ACCOUNT_NAME": "chrissscratch"
  }
}