{
  "Entries": [
    {
      "RequestUri": "https://chrissscratch.table.core.windows.net/Tables?$format=application%2Fjson%3Bodata%3Dminimalmetadata",
      "RequestMethod": "POST",
      "RequestHeaders": {
        "Accept": "application/json",
        "Authorization": "Sanitized",
        "Content-Length": "33",
        "Content-Type": "application/json; odata=nometadata",
        "DataServiceVersion": "3.0",
        "traceparent": "00-34640b63c2e0064f8ceadfac51cd4459-9a99b8513d70804a-00",
        "User-Agent": [
          "azsdk-net-Data.Tables/1.0.0-dev.20200818.1",
          "(.NET Core 4.6.29130.01; Microsoft Windows 10.0.18363 )"
        ],
        "x-ms-client-request-id": "de3b5207e15f226a76066eea715ac76a",
        "x-ms-date": "Tue, 18 Aug 2020 23:36:35 GMT",
        "x-ms-return-client-request-id": "true",
        "x-ms-version": "2019-02-02"
      },
      "RequestBody": {
        "TableName": "testtable6nmld7qt"
      },
      "StatusCode": 201,
      "ResponseHeaders": {
        "Cache-Control": "no-cache",
        "Content-Type": "application/json; odata=minimalmetadata; streaming=true; charset=utf-8",
        "Date": "Tue, 18 Aug 2020 23:36:35 GMT",
        "Location": "https://chrissscratch.table.core.windows.net/Tables(\u0027testtable6nmld7qt\u0027)",
        "Server": [
          "Windows-Azure-Table/1.0",
          "Microsoft-HTTPAPI/2.0"
        ],
        "Transfer-Encoding": "chunked",
        "X-Content-Type-Options": "nosniff",
        "x-ms-client-request-id": "de3b5207e15f226a76066eea715ac76a",
        "x-ms-request-id": "76002944-e002-002a-62b8-75b1ad000000",
        "x-ms-version": "2019-02-02"
      },
      "ResponseBody": {
        "odata.metadata": "https://chrissscratch.table.core.windows.net/$metadata#Tables/@Element",
        "TableName": "testtable6nmld7qt"
      }
    },
    {
      "RequestUri": "https://chrissscratch.table.core.windows.net/testtable6nmld7qt?$format=application%2Fjson%3Bodata%3Dminimalmetadata",
      "RequestMethod": "POST",
      "RequestHeaders": {
        "Accept": "application/json",
        "Authorization": "Sanitized",
        "Content-Length": "614",
        "Content-Type": "application/json; odata=nometadata",
        "DataServiceVersion": "3.0",
        "traceparent": "00-e50f1c1496e6f34ca6fa844c6672574b-d5552e275e91544b-00",
        "User-Agent": [
          "azsdk-net-Data.Tables/1.0.0-dev.20200818.1",
          "(.NET Core 4.6.29130.01; Microsoft Windows 10.0.18363 )"
        ],
        "x-ms-client-request-id": "b9eb7fbea1f503b4cfdcbf6deaf8d828",
        "x-ms-date": "Tue, 18 Aug 2020 23:36:36 GMT",
        "x-ms-return-client-request-id": "true",
        "x-ms-version": "2019-02-02"
      },
      "RequestBody": {
        "PartitionKey": "somPartition",
        "RowKey": "01",
        "SomeStringProperty": "This is table entity number 01",
        "SomeDateProperty": "2020-01-01T01:02:00.0000000Z",
        "SomeDateProperty@odata.type": "Edm.DateTime",
        "SomeGuidProperty": "0d391d16-97f1-4b9a-be68-4cc871f90001",
        "SomeGuidProperty@odata.type": "Edm.Guid",
        "SomeBinaryProperty": "AQIDBAU=",
        "SomeBinaryProperty@odata.type": "Edm.Binary",
        "SomeInt64Property": "1",
        "SomeInt64Property@odata.type": "Edm.Int64",
        "SomeDoubleProperty0": 1,
        "SomeDoubleProperty0@odata.type": "Edm.Double",
        "SomeDoubleProperty1": 1.1000000000000001,
        "SomeDoubleProperty1@odata.type": "Edm.Double",
        "SomeIntProperty": 1
      },
      "StatusCode": 201,
      "ResponseHeaders": {
        "Cache-Control": "no-cache",
        "Content-Type": "application/json; odata=minimalmetadata; streaming=true; charset=utf-8",
        "Date": "Tue, 18 Aug 2020 23:36:35 GMT",
        "ETag": "W/\u0022datetime\u00272020-08-18T23%3A36%3A35.8544167Z\u0027\u0022",
        "Location": "https://chrissscratch.table.core.windows.net/testtable6nmld7qt(PartitionKey=\u0027somPartition\u0027,RowKey=\u002701\u0027)",
        "Server": [
          "Windows-Azure-Table/1.0",
          "Microsoft-HTTPAPI/2.0"
        ],
        "Transfer-Encoding": "chunked",
        "X-Content-Type-Options": "nosniff",
        "x-ms-client-request-id": "b9eb7fbea1f503b4cfdcbf6deaf8d828",
        "x-ms-request-id": "7600294e-e002-002a-6ab8-75b1ad000000",
        "x-ms-version": "2019-02-02"
      },
      "ResponseBody": {
        "odata.metadata": "https://chrissscratch.table.core.windows.net/$metadata#testtable6nmld7qt/@Element",
        "odata.etag": "W/\u0022datetime\u00272020-08-18T23%3A36%3A35.8544167Z\u0027\u0022",
        "PartitionKey": "somPartition",
        "RowKey": "01",
        "Timestamp": "2020-08-18T23:36:35.8544167Z",
        "SomeStringProperty": "This is table entity number 01",
        "SomeDateProperty@odata.type": "Edm.DateTime",
        "SomeDateProperty": "2020-01-01T01:02:00Z",
        "SomeGuidProperty@odata.type": "Edm.Guid",
        "SomeGuidProperty": "0d391d16-97f1-4b9a-be68-4cc871f90001",
        "SomeBinaryProperty@odata.type": "Edm.Binary",
        "SomeBinaryProperty": "AQIDBAU=",
        "SomeInt64Property@odata.type": "Edm.Int64",
        "SomeInt64Property": "1",
        "SomeDoubleProperty0": 1.0,
        "SomeDoubleProperty1": 1.1,
        "SomeIntProperty": 1
      }
    },
    {
      "RequestUri": "https://chrissscratch.table.core.windows.net/testtable6nmld7qt?$format=application%2Fjson%3Bodata%3Dminimalmetadata",
      "RequestMethod": "POST",
      "RequestHeaders": {
        "Accept": "application/json",
        "Authorization": "Sanitized",
        "Content-Length": "614",
        "Content-Type": "application/json; odata=nometadata",
        "DataServiceVersion": "3.0",
        "traceparent": "00-c52eb8118ad7fc4bae9c6dade97fa9d8-e4a24e8f11182d42-00",
        "User-Agent": [
          "azsdk-net-Data.Tables/1.0.0-dev.20200818.1",
          "(.NET Core 4.6.29130.01; Microsoft Windows 10.0.18363 )"
        ],
        "x-ms-client-request-id": "a6b915344144fd5ed500ca963a170f09",
        "x-ms-date": "Tue, 18 Aug 2020 23:36:36 GMT",
        "x-ms-return-client-request-id": "true",
        "x-ms-version": "2019-02-02"
      },
      "RequestBody": {
        "PartitionKey": "somPartition",
        "RowKey": "02",
        "SomeStringProperty": "This is table entity number 02",
        "SomeDateProperty": "2020-01-01T01:03:00.0000000Z",
        "SomeDateProperty@odata.type": "Edm.DateTime",
        "SomeGuidProperty": "0d391d16-97f1-4b9a-be68-4cc871f90002",
        "SomeGuidProperty@odata.type": "Edm.Guid",
        "SomeBinaryProperty": "AQIDBAU=",
        "SomeBinaryProperty@odata.type": "Edm.Binary",
        "SomeInt64Property": "2",
        "SomeInt64Property@odata.type": "Edm.Int64",
        "SomeDoubleProperty0": 2,
        "SomeDoubleProperty0@odata.type": "Edm.Double",
        "SomeDoubleProperty1": 2.1000000000000001,
        "SomeDoubleProperty1@odata.type": "Edm.Double",
        "SomeIntProperty": 2
      },
      "StatusCode": 201,
      "ResponseHeaders": {
        "Cache-Control": "no-cache",
        "Content-Type": "application/json; odata=minimalmetadata; streaming=true; charset=utf-8",
        "Date": "Tue, 18 Aug 2020 23:36:35 GMT",
        "ETag": "W/\u0022datetime\u00272020-08-18T23%3A36%3A35.9034579Z\u0027\u0022",
        "Location": "https://chrissscratch.table.core.windows.net/testtable6nmld7qt(PartitionKey=\u0027somPartition\u0027,RowKey=\u002702\u0027)",
        "Server": [
          "Windows-Azure-Table/1.0",
          "Microsoft-HTTPAPI/2.0"
        ],
        "Transfer-Encoding": "chunked",
        "X-Content-Type-Options": "nosniff",
        "x-ms-client-request-id": "a6b915344144fd5ed500ca963a170f09",
        "x-ms-request-id": "7600295a-e002-002a-75b8-75b1ad000000",
        "x-ms-version": "2019-02-02"
      },
      "ResponseBody": {
        "odata.metadata": "https://chrissscratch.table.core.windows.net/$metadata#testtable6nmld7qt/@Element",
        "odata.etag": "W/\u0022datetime\u00272020-08-18T23%3A36%3A35.9034579Z\u0027\u0022",
        "PartitionKey": "somPartition",
        "RowKey": "02",
        "Timestamp": "2020-08-18T23:36:35.9034579Z",
        "SomeStringProperty": "This is table entity number 02",
        "SomeDateProperty@odata.type": "Edm.DateTime",
        "SomeDateProperty": "2020-01-01T01:03:00Z",
        "SomeGuidProperty@odata.type": "Edm.Guid",
        "SomeGuidProperty": "0d391d16-97f1-4b9a-be68-4cc871f90002",
        "SomeBinaryProperty@odata.type": "Edm.Binary",
        "SomeBinaryProperty": "AQIDBAU=",
        "SomeInt64Property@odata.type": "Edm.Int64",
        "SomeInt64Property": "2",
        "SomeDoubleProperty0": 2.0,
        "SomeDoubleProperty1": 2.1,
        "SomeIntProperty": 2
      }
    },
    {
      "RequestUri": "https://chrissscratch.table.core.windows.net/testtable6nmld7qt?$format=application%2Fjson%3Bodata%3Dminimalmetadata",
      "RequestMethod": "POST",
      "RequestHeaders": {
        "Accept": "application/json",
        "Authorization": "Sanitized",
        "Content-Length": "614",
        "Content-Type": "application/json; odata=nometadata",
        "DataServiceVersion": "3.0",
        "traceparent": "00-fd2edc8cab2f57408e678c19b8e36009-b91446095b8a2747-00",
        "User-Agent": [
          "azsdk-net-Data.Tables/1.0.0-dev.20200818.1",
          "(.NET Core 4.6.29130.01; Microsoft Windows 10.0.18363 )"
        ],
        "x-ms-client-request-id": "3fd60198c5fd66029e380f8222fc377e",
        "x-ms-date": "Tue, 18 Aug 2020 23:36:36 GMT",
        "x-ms-return-client-request-id": "true",
        "x-ms-version": "2019-02-02"
      },
      "RequestBody": {
        "PartitionKey": "somPartition",
        "RowKey": "03",
        "SomeStringProperty": "This is table entity number 03",
        "SomeDateProperty": "2020-01-01T01:04:00.0000000Z",
        "SomeDateProperty@odata.type": "Edm.DateTime",
        "SomeGuidProperty": "0d391d16-97f1-4b9a-be68-4cc871f90003",
        "SomeGuidProperty@odata.type": "Edm.Guid",
        "SomeBinaryProperty": "AQIDBAU=",
        "SomeBinaryProperty@odata.type": "Edm.Binary",
        "SomeInt64Property": "3",
        "SomeInt64Property@odata.type": "Edm.Int64",
        "SomeDoubleProperty0": 3,
        "SomeDoubleProperty0@odata.type": "Edm.Double",
        "SomeDoubleProperty1": 3.1000000000000001,
        "SomeDoubleProperty1@odata.type": "Edm.Double",
        "SomeIntProperty": 3
      },
      "StatusCode": 201,
      "ResponseHeaders": {
        "Cache-Control": "no-cache",
        "Content-Type": "application/json; odata=minimalmetadata; streaming=true; charset=utf-8",
        "Date": "Tue, 18 Aug 2020 23:36:35 GMT",
        "ETag": "W/\u0022datetime\u00272020-08-18T23%3A36%3A35.9585032Z\u0027\u0022",
        "Location": "https://chrissscratch.table.core.windows.net/testtable6nmld7qt(PartitionKey=\u0027somPartition\u0027,RowKey=\u002703\u0027)",
        "Server": [
          "Windows-Azure-Table/1.0",
          "Microsoft-HTTPAPI/2.0"
        ],
        "Transfer-Encoding": "chunked",
        "X-Content-Type-Options": "nosniff",
        "x-ms-client-request-id": "3fd60198c5fd66029e380f8222fc377e",
        "x-ms-request-id": "76002969-e002-002a-03b8-75b1ad000000",
        "x-ms-version": "2019-02-02"
      },
      "ResponseBody": {
        "odata.metadata": "https://chrissscratch.table.core.windows.net/$metadata#testtable6nmld7qt/@Element",
        "odata.etag": "W/\u0022datetime\u00272020-08-18T23%3A36%3A35.9585032Z\u0027\u0022",
        "PartitionKey": "somPartition",
        "RowKey": "03",
        "Timestamp": "2020-08-18T23:36:35.9585032Z",
        "SomeStringProperty": "This is table entity number 03",
        "SomeDateProperty@odata.type": "Edm.DateTime",
        "SomeDateProperty": "2020-01-01T01:04:00Z",
        "SomeGuidProperty@odata.type": "Edm.Guid",
        "SomeGuidProperty": "0d391d16-97f1-4b9a-be68-4cc871f90003",
        "SomeBinaryProperty@odata.type": "Edm.Binary",
        "SomeBinaryProperty": "AQIDBAU=",
        "SomeInt64Property@odata.type": "Edm.Int64",
        "SomeInt64Property": "3",
        "SomeDoubleProperty0": 3.0,
        "SomeDoubleProperty1": 3.1,
        "SomeIntProperty": 3
      }
    },
    {
      "RequestUri": "https://chrissscratch.table.core.windows.net/testtable6nmld7qt?$format=application%2Fjson%3Bodata%3Dminimalmetadata",
      "RequestMethod": "POST",
      "RequestHeaders": {
        "Accept": "application/json",
        "Authorization": "Sanitized",
        "Content-Length": "614",
        "Content-Type": "application/json; odata=nometadata",
        "DataServiceVersion": "3.0",
        "traceparent": "00-3c3a2afa81e08849bdf1787c25a7e242-1b7f783090663447-00",
        "User-Agent": [
          "azsdk-net-Data.Tables/1.0.0-dev.20200818.1",
          "(.NET Core 4.6.29130.01; Microsoft Windows 10.0.18363 )"
        ],
        "x-ms-client-request-id": "5bb6462d21a17d2621eee4f4d61dc8b7",
        "x-ms-date": "Tue, 18 Aug 2020 23:36:36 GMT",
        "x-ms-return-client-request-id": "true",
        "x-ms-version": "2019-02-02"
      },
      "RequestBody": {
        "PartitionKey": "somPartition",
        "RowKey": "04",
        "SomeStringProperty": "This is table entity number 04",
        "SomeDateProperty": "2020-01-01T01:05:00.0000000Z",
        "SomeDateProperty@odata.type": "Edm.DateTime",
        "SomeGuidProperty": "0d391d16-97f1-4b9a-be68-4cc871f90004",
        "SomeGuidProperty@odata.type": "Edm.Guid",
        "SomeBinaryProperty": "AQIDBAU=",
        "SomeBinaryProperty@odata.type": "Edm.Binary",
        "SomeInt64Property": "4",
        "SomeInt64Property@odata.type": "Edm.Int64",
        "SomeDoubleProperty0": 4,
        "SomeDoubleProperty0@odata.type": "Edm.Double",
        "SomeDoubleProperty1": 4.0999999999999996,
        "SomeDoubleProperty1@odata.type": "Edm.Double",
        "SomeIntProperty": 4
      },
      "StatusCode": 201,
      "ResponseHeaders": {
        "Cache-Control": "no-cache",
        "Content-Type": "application/json; odata=minimalmetadata; streaming=true; charset=utf-8",
        "Date": "Tue, 18 Aug 2020 23:36:35 GMT",
        "ETag": "W/\u0022datetime\u00272020-08-18T23%3A36%3A36.0065439Z\u0027\u0022",
        "Location": "https://chrissscratch.table.core.windows.net/testtable6nmld7qt(PartitionKey=\u0027somPartition\u0027,RowKey=\u002704\u0027)",
        "Server": [
          "Windows-Azure-Table/1.0",
          "Microsoft-HTTPAPI/2.0"
        ],
        "Transfer-Encoding": "chunked",
        "X-Content-Type-Options": "nosniff",
        "x-ms-client-request-id": "5bb6462d21a17d2621eee4f4d61dc8b7",
        "x-ms-request-id": "76002977-e002-002a-0fb8-75b1ad000000",
        "x-ms-version": "2019-02-02"
      },
      "ResponseBody": {
        "odata.metadata": "https://chrissscratch.table.core.windows.net/$metadata#testtable6nmld7qt/@Element",
        "odata.etag": "W/\u0022datetime\u00272020-08-18T23%3A36%3A36.0065439Z\u0027\u0022",
        "PartitionKey": "somPartition",
        "RowKey": "04",
        "Timestamp": "2020-08-18T23:36:36.0065439Z",
        "SomeStringProperty": "This is table entity number 04",
        "SomeDateProperty@odata.type": "Edm.DateTime",
        "SomeDateProperty": "2020-01-01T01:05:00Z",
        "SomeGuidProperty@odata.type": "Edm.Guid",
        "SomeGuidProperty": "0d391d16-97f1-4b9a-be68-4cc871f90004",
        "SomeBinaryProperty@odata.type": "Edm.Binary",
        "SomeBinaryProperty": "AQIDBAU=",
        "SomeInt64Property@odata.type": "Edm.Int64",
        "SomeInt64Property": "4",
        "SomeDoubleProperty0": 4.0,
        "SomeDoubleProperty1": 4.1,
        "SomeIntProperty": 4
      }
    },
    {
      "RequestUri": "https://chrissscratch.table.core.windows.net/testtable6nmld7qt?$format=application%2Fjson%3Bodata%3Dminimalmetadata",
      "RequestMethod": "POST",
      "RequestHeaders": {
        "Accept": "application/json",
        "Authorization": "Sanitized",
        "Content-Length": "614",
        "Content-Type": "application/json; odata=nometadata",
        "DataServiceVersion": "3.0",
        "traceparent": "00-cf63577a94069b44829a6fcb0022f741-11ab714e58659448-00",
        "User-Agent": [
          "azsdk-net-Data.Tables/1.0.0-dev.20200818.1",
          "(.NET Core 4.6.29130.01; Microsoft Windows 10.0.18363 )"
        ],
        "x-ms-client-request-id": "e9d4b6cd98216e2a1352080b31dbdbd8",
        "x-ms-date": "Tue, 18 Aug 2020 23:36:36 GMT",
        "x-ms-return-client-request-id": "true",
        "x-ms-version": "2019-02-02"
      },
      "RequestBody": {
        "PartitionKey": "somPartition",
        "RowKey": "05",
        "SomeStringProperty": "This is table entity number 05",
        "SomeDateProperty": "2020-01-01T01:06:00.0000000Z",
        "SomeDateProperty@odata.type": "Edm.DateTime",
        "SomeGuidProperty": "0d391d16-97f1-4b9a-be68-4cc871f90005",
        "SomeGuidProperty@odata.type": "Edm.Guid",
        "SomeBinaryProperty": "AQIDBAU=",
        "SomeBinaryProperty@odata.type": "Edm.Binary",
        "SomeInt64Property": "5",
        "SomeInt64Property@odata.type": "Edm.Int64",
        "SomeDoubleProperty0": 5,
        "SomeDoubleProperty0@odata.type": "Edm.Double",
        "SomeDoubleProperty1": 5.0999999999999996,
        "SomeDoubleProperty1@odata.type": "Edm.Double",
        "SomeIntProperty": 5
      },
      "StatusCode": 201,
      "ResponseHeaders": {
        "Cache-Control": "no-cache",
        "Content-Type": "application/json; odata=minimalmetadata; streaming=true; charset=utf-8",
        "Date": "Tue, 18 Aug 2020 23:36:35 GMT",
        "ETag": "W/\u0022datetime\u00272020-08-18T23%3A36%3A36.0465763Z\u0027\u0022",
        "Location": "https://chrissscratch.table.core.windows.net/testtable6nmld7qt(PartitionKey=\u0027somPartition\u0027,RowKey=\u002705\u0027)",
        "Server": [
          "Windows-Azure-Table/1.0",
          "Microsoft-HTTPAPI/2.0"
        ],
        "Transfer-Encoding": "chunked",
        "X-Content-Type-Options": "nosniff",
        "x-ms-client-request-id": "e9d4b6cd98216e2a1352080b31dbdbd8",
        "x-ms-request-id": "76002981-e002-002a-19b8-75b1ad000000",
        "x-ms-version": "2019-02-02"
      },
      "ResponseBody": {
        "odata.metadata": "https://chrissscratch.table.core.windows.net/$metadata#testtable6nmld7qt/@Element",
        "odata.etag": "W/\u0022datetime\u00272020-08-18T23%3A36%3A36.0465763Z\u0027\u0022",
        "PartitionKey": "somPartition",
        "RowKey": "05",
        "Timestamp": "2020-08-18T23:36:36.0465763Z",
        "SomeStringProperty": "This is table entity number 05",
        "SomeDateProperty@odata.type": "Edm.DateTime",
        "SomeDateProperty": "2020-01-01T01:06:00Z",
        "SomeGuidProperty@odata.type": "Edm.Guid",
        "SomeGuidProperty": "0d391d16-97f1-4b9a-be68-4cc871f90005",
        "SomeBinaryProperty@odata.type": "Edm.Binary",
        "SomeBinaryProperty": "AQIDBAU=",
        "SomeInt64Property@odata.type": "Edm.Int64",
        "SomeInt64Property": "5",
        "SomeDoubleProperty0": 5.0,
        "SomeDoubleProperty1": 5.1,
        "SomeIntProperty": 5
      }
    },
    {
      "RequestUri": "https://chrissscratch.table.core.windows.net/testtable6nmld7qt?$format=application%2Fjson%3Bodata%3Dminimalmetadata",
      "RequestMethod": "POST",
      "RequestHeaders": {
        "Accept": "application/json",
        "Authorization": "Sanitized",
        "Content-Length": "614",
        "Content-Type": "application/json; odata=nometadata",
        "DataServiceVersion": "3.0",
        "traceparent": "00-598e9365f8134148becc4ead7b28d485-d47b313de09ebb4c-00",
        "User-Agent": [
          "azsdk-net-Data.Tables/1.0.0-dev.20200818.1",
          "(.NET Core 4.6.29130.01; Microsoft Windows 10.0.18363 )"
        ],
        "x-ms-client-request-id": "f3684cc9b3617767db591e0ee00d8f80",
        "x-ms-date": "Tue, 18 Aug 2020 23:36:36 GMT",
        "x-ms-return-client-request-id": "true",
        "x-ms-version": "2019-02-02"
      },
      "RequestBody": {
        "PartitionKey": "somPartition",
        "RowKey": "06",
        "SomeStringProperty": "This is table entity number 06",
        "SomeDateProperty": "2020-01-01T01:07:00.0000000Z",
        "SomeDateProperty@odata.type": "Edm.DateTime",
        "SomeGuidProperty": "0d391d16-97f1-4b9a-be68-4cc871f90006",
        "SomeGuidProperty@odata.type": "Edm.Guid",
        "SomeBinaryProperty": "AQIDBAU=",
        "SomeBinaryProperty@odata.type": "Edm.Binary",
        "SomeInt64Property": "6",
        "SomeInt64Property@odata.type": "Edm.Int64",
        "SomeDoubleProperty0": 6,
        "SomeDoubleProperty0@odata.type": "Edm.Double",
        "SomeDoubleProperty1": 6.0999999999999996,
        "SomeDoubleProperty1@odata.type": "Edm.Double",
        "SomeIntProperty": 6
      },
      "StatusCode": 201,
      "ResponseHeaders": {
        "Cache-Control": "no-cache",
        "Content-Type": "application/json; odata=minimalmetadata; streaming=true; charset=utf-8",
        "Date": "Tue, 18 Aug 2020 23:36:35 GMT",
        "ETag": "W/\u0022datetime\u00272020-08-18T23%3A36%3A36.0966183Z\u0027\u0022",
        "Location": "https://chrissscratch.table.core.windows.net/testtable6nmld7qt(PartitionKey=\u0027somPartition\u0027,RowKey=\u002706\u0027)",
        "Server": [
          "Windows-Azure-Table/1.0",
          "Microsoft-HTTPAPI/2.0"
        ],
        "Transfer-Encoding": "chunked",
        "X-Content-Type-Options": "nosniff",
        "x-ms-client-request-id": "f3684cc9b3617767db591e0ee00d8f80",
        "x-ms-request-id": "7600298a-e002-002a-22b8-75b1ad000000",
        "x-ms-version": "2019-02-02"
      },
      "ResponseBody": {
        "odata.metadata": "https://chrissscratch.table.core.windows.net/$metadata#testtable6nmld7qt/@Element",
        "odata.etag": "W/\u0022datetime\u00272020-08-18T23%3A36%3A36.0966183Z\u0027\u0022",
        "PartitionKey": "somPartition",
        "RowKey": "06",
        "Timestamp": "2020-08-18T23:36:36.0966183Z",
        "SomeStringProperty": "This is table entity number 06",
        "SomeDateProperty@odata.type": "Edm.DateTime",
        "SomeDateProperty": "2020-01-01T01:07:00Z",
        "SomeGuidProperty@odata.type": "Edm.Guid",
        "SomeGuidProperty": "0d391d16-97f1-4b9a-be68-4cc871f90006",
        "SomeBinaryProperty@odata.type": "Edm.Binary",
        "SomeBinaryProperty": "AQIDBAU=",
        "SomeInt64Property@odata.type": "Edm.Int64",
        "SomeInt64Property": "6",
        "SomeDoubleProperty0": 6.0,
        "SomeDoubleProperty1": 6.1,
        "SomeIntProperty": 6
      }
    },
    {
      "RequestUri": "https://chrissscratch.table.core.windows.net/testtable6nmld7qt?$format=application%2Fjson%3Bodata%3Dminimalmetadata",
      "RequestMethod": "POST",
      "RequestHeaders": {
        "Accept": "application/json",
        "Authorization": "Sanitized",
        "Content-Length": "614",
        "Content-Type": "application/json; odata=nometadata",
        "DataServiceVersion": "3.0",
        "traceparent": "00-5aedeb4a37298944872da8c3432e57a3-f11c09dc77fa1446-00",
        "User-Agent": [
          "azsdk-net-Data.Tables/1.0.0-dev.20200818.1",
          "(.NET Core 4.6.29130.01; Microsoft Windows 10.0.18363 )"
        ],
        "x-ms-client-request-id": "6bb4586f4e28955c1b47484f181a4b45",
        "x-ms-date": "Tue, 18 Aug 2020 23:36:36 GMT",
        "x-ms-return-client-request-id": "true",
        "x-ms-version": "2019-02-02"
      },
      "RequestBody": {
        "PartitionKey": "somPartition",
        "RowKey": "07",
        "SomeStringProperty": "This is table entity number 07",
        "SomeDateProperty": "2020-01-01T01:08:00.0000000Z",
        "SomeDateProperty@odata.type": "Edm.DateTime",
        "SomeGuidProperty": "0d391d16-97f1-4b9a-be68-4cc871f90007",
        "SomeGuidProperty@odata.type": "Edm.Guid",
        "SomeBinaryProperty": "AQIDBAU=",
        "SomeBinaryProperty@odata.type": "Edm.Binary",
        "SomeInt64Property": "7",
        "SomeInt64Property@odata.type": "Edm.Int64",
        "SomeDoubleProperty0": 7,
        "SomeDoubleProperty0@odata.type": "Edm.Double",
        "SomeDoubleProperty1": 7.0999999999999996,
        "SomeDoubleProperty1@odata.type": "Edm.Double",
        "SomeIntProperty": 7
      },
      "StatusCode": 201,
      "ResponseHeaders": {
        "Cache-Control": "no-cache",
        "Content-Type": "application/json; odata=minimalmetadata; streaming=true; charset=utf-8",
        "Date": "Tue, 18 Aug 2020 23:36:35 GMT",
        "ETag": "W/\u0022datetime\u00272020-08-18T23%3A36%3A36.142657Z\u0027\u0022",
        "Location": "https://chrissscratch.table.core.windows.net/testtable6nmld7qt(PartitionKey=\u0027somPartition\u0027,RowKey=\u002707\u0027)",
        "Server": [
          "Windows-Azure-Table/1.0",
          "Microsoft-HTTPAPI/2.0"
        ],
        "Transfer-Encoding": "chunked",
        "X-Content-Type-Options": "nosniff",
        "x-ms-client-request-id": "6bb4586f4e28955c1b47484f181a4b45",
        "x-ms-request-id": "76002990-e002-002a-26b8-75b1ad000000",
        "x-ms-version": "2019-02-02"
      },
      "ResponseBody": {
        "odata.metadata": "https://chrissscratch.table.core.windows.net/$metadata#testtable6nmld7qt/@Element",
        "odata.etag": "W/\u0022datetime\u00272020-08-18T23%3A36%3A36.142657Z\u0027\u0022",
        "PartitionKey": "somPartition",
        "RowKey": "07",
        "Timestamp": "2020-08-18T23:36:36.142657Z",
        "SomeStringProperty": "This is table entity number 07",
        "SomeDateProperty@odata.type": "Edm.DateTime",
        "SomeDateProperty": "2020-01-01T01:08:00Z",
        "SomeGuidProperty@odata.type": "Edm.Guid",
        "SomeGuidProperty": "0d391d16-97f1-4b9a-be68-4cc871f90007",
        "SomeBinaryProperty@odata.type": "Edm.Binary",
        "SomeBinaryProperty": "AQIDBAU=",
        "SomeInt64Property@odata.type": "Edm.Int64",
        "SomeInt64Property": "7",
        "SomeDoubleProperty0": 7.0,
        "SomeDoubleProperty1": 7.1,
        "SomeIntProperty": 7
      }
    },
    {
      "RequestUri": "https://chrissscratch.table.core.windows.net/testtable6nmld7qt?$format=application%2Fjson%3Bodata%3Dminimalmetadata",
      "RequestMethod": "POST",
      "RequestHeaders": {
        "Accept": "application/json",
        "Authorization": "Sanitized",
        "Content-Length": "614",
        "Content-Type": "application/json; odata=nometadata",
        "DataServiceVersion": "3.0",
        "traceparent": "00-d9f7f1e0873a8d48bc157f5f430aec4c-1c3cc7c6a0ae6a44-00",
        "User-Agent": [
          "azsdk-net-Data.Tables/1.0.0-dev.20200818.1",
          "(.NET Core 4.6.29130.01; Microsoft Windows 10.0.18363 )"
        ],
        "x-ms-client-request-id": "8a2b0c13d5b41a554e5d0dc8791c8d06",
        "x-ms-date": "Tue, 18 Aug 2020 23:36:36 GMT",
        "x-ms-return-client-request-id": "true",
        "x-ms-version": "2019-02-02"
      },
      "RequestBody": {
        "PartitionKey": "somPartition",
        "RowKey": "08",
        "SomeStringProperty": "This is table entity number 08",
        "SomeDateProperty": "2020-01-01T01:09:00.0000000Z",
        "SomeDateProperty@odata.type": "Edm.DateTime",
        "SomeGuidProperty": "0d391d16-97f1-4b9a-be68-4cc871f90008",
        "SomeGuidProperty@odata.type": "Edm.Guid",
        "SomeBinaryProperty": "AQIDBAU=",
        "SomeBinaryProperty@odata.type": "Edm.Binary",
        "SomeInt64Property": "8",
        "SomeInt64Property@odata.type": "Edm.Int64",
        "SomeDoubleProperty0": 8,
        "SomeDoubleProperty0@odata.type": "Edm.Double",
        "SomeDoubleProperty1": 8.0999999999999996,
        "SomeDoubleProperty1@odata.type": "Edm.Double",
        "SomeIntProperty": 8
      },
      "StatusCode": 201,
      "ResponseHeaders": {
        "Cache-Control": "no-cache",
        "Content-Type": "application/json; odata=minimalmetadata; streaming=true; charset=utf-8",
        "Date": "Tue, 18 Aug 2020 23:36:35 GMT",
        "ETag": "W/\u0022datetime\u00272020-08-18T23%3A36%3A36.1906965Z\u0027\u0022",
        "Location": "https://chrissscratch.table.core.windows.net/testtable6nmld7qt(PartitionKey=\u0027somPartition\u0027,RowKey=\u002708\u0027)",
        "Server": [
          "Windows-Azure-Table/1.0",
          "Microsoft-HTTPAPI/2.0"
        ],
        "Transfer-Encoding": "chunked",
        "X-Content-Type-Options": "nosniff",
        "x-ms-client-request-id": "8a2b0c13d5b41a554e5d0dc8791c8d06",
        "x-ms-request-id": "7600299b-e002-002a-31b8-75b1ad000000",
        "x-ms-version": "2019-02-02"
      },
      "ResponseBody": {
        "odata.metadata": "https://chrissscratch.table.core.windows.net/$metadata#testtable6nmld7qt/@Element",
        "odata.etag": "W/\u0022datetime\u00272020-08-18T23%3A36%3A36.1906965Z\u0027\u0022",
        "PartitionKey": "somPartition",
        "RowKey": "08",
        "Timestamp": "2020-08-18T23:36:36.1906965Z",
        "SomeStringProperty": "This is table entity number 08",
        "SomeDateProperty@odata.type": "Edm.DateTime",
        "SomeDateProperty": "2020-01-01T01:09:00Z",
        "SomeGuidProperty@odata.type": "Edm.Guid",
        "SomeGuidProperty": "0d391d16-97f1-4b9a-be68-4cc871f90008",
        "SomeBinaryProperty@odata.type": "Edm.Binary",
        "SomeBinaryProperty": "AQIDBAU=",
        "SomeInt64Property@odata.type": "Edm.Int64",
        "SomeInt64Property": "8",
        "SomeDoubleProperty0": 8.0,
        "SomeDoubleProperty1": 8.1,
        "SomeIntProperty": 8
      }
    },
    {
      "RequestUri": "https://chrissscratch.table.core.windows.net/testtable6nmld7qt?$format=application%2Fjson%3Bodata%3Dminimalmetadata",
      "RequestMethod": "POST",
      "RequestHeaders": {
        "Accept": "application/json",
        "Authorization": "Sanitized",
        "Content-Length": "614",
        "Content-Type": "application/json; odata=nometadata",
        "DataServiceVersion": "3.0",
        "traceparent": "00-8396eda49791064b9c72c0e26a1a673d-882c46251a345f49-00",
        "User-Agent": [
          "azsdk-net-Data.Tables/1.0.0-dev.20200818.1",
          "(.NET Core 4.6.29130.01; Microsoft Windows 10.0.18363 )"
        ],
        "x-ms-client-request-id": "d99c88c26f267ab0efd3d81a6b185ec0",
        "x-ms-date": "Tue, 18 Aug 2020 23:36:36 GMT",
        "x-ms-return-client-request-id": "true",
        "x-ms-version": "2019-02-02"
      },
      "RequestBody": {
        "PartitionKey": "somPartition",
        "RowKey": "09",
        "SomeStringProperty": "This is table entity number 09",
        "SomeDateProperty": "2020-01-01T01:10:00.0000000Z",
        "SomeDateProperty@odata.type": "Edm.DateTime",
        "SomeGuidProperty": "0d391d16-97f1-4b9a-be68-4cc871f90009",
        "SomeGuidProperty@odata.type": "Edm.Guid",
        "SomeBinaryProperty": "AQIDBAU=",
        "SomeBinaryProperty@odata.type": "Edm.Binary",
        "SomeInt64Property": "9",
        "SomeInt64Property@odata.type": "Edm.Int64",
        "SomeDoubleProperty0": 9,
        "SomeDoubleProperty0@odata.type": "Edm.Double",
        "SomeDoubleProperty1": 9.0999999999999996,
        "SomeDoubleProperty1@odata.type": "Edm.Double",
        "SomeIntProperty": 9
      },
      "StatusCode": 201,
      "ResponseHeaders": {
        "Cache-Control": "no-cache",
        "Content-Type": "application/json; odata=minimalmetadata; streaming=true; charset=utf-8",
        "Date": "Tue, 18 Aug 2020 23:36:35 GMT",
        "ETag": "W/\u0022datetime\u00272020-08-18T23%3A36%3A36.2327314Z\u0027\u0022",
        "Location": "https://chrissscratch.table.core.windows.net/testtable6nmld7qt(PartitionKey=\u0027somPartition\u0027,RowKey=\u002709\u0027)",
        "Server": [
          "Windows-Azure-Table/1.0",
          "Microsoft-HTTPAPI/2.0"
        ],
        "Transfer-Encoding": "chunked",
        "X-Content-Type-Options": "nosniff",
        "x-ms-client-request-id": "d99c88c26f267ab0efd3d81a6b185ec0",
        "x-ms-request-id": "760029a6-e002-002a-3bb8-75b1ad000000",
        "x-ms-version": "2019-02-02"
      },
      "ResponseBody": {
        "odata.metadata": "https://chrissscratch.table.core.windows.net/$metadata#testtable6nmld7qt/@Element",
        "odata.etag": "W/\u0022datetime\u00272020-08-18T23%3A36%3A36.2327314Z\u0027\u0022",
        "PartitionKey": "somPartition",
        "RowKey": "09",
        "Timestamp": "2020-08-18T23:36:36.2327314Z",
        "SomeStringProperty": "This is table entity number 09",
        "SomeDateProperty@odata.type": "Edm.DateTime",
        "SomeDateProperty": "2020-01-01T01:10:00Z",
        "SomeGuidProperty@odata.type": "Edm.Guid",
        "SomeGuidProperty": "0d391d16-97f1-4b9a-be68-4cc871f90009",
        "SomeBinaryProperty@odata.type": "Edm.Binary",
        "SomeBinaryProperty": "AQIDBAU=",
        "SomeInt64Property@odata.type": "Edm.Int64",
        "SomeInt64Property": "9",
        "SomeDoubleProperty0": 9.0,
        "SomeDoubleProperty1": 9.1,
        "SomeIntProperty": 9
      }
    },
    {
      "RequestUri": "https://chrissscratch.table.core.windows.net/testtable6nmld7qt?$format=application%2Fjson%3Bodata%3Dminimalmetadata",
      "RequestMethod": "POST",
      "RequestHeaders": {
        "Accept": "application/json",
        "Authorization": "Sanitized",
        "Content-Length": "603",
        "Content-Type": "application/json; odata=nometadata",
        "DataServiceVersion": "3.0",
        "traceparent": "00-735a493c23d15a4c879ffd7b11321a17-fdb1e4bd0d0e1347-00",
        "User-Agent": [
          "azsdk-net-Data.Tables/1.0.0-dev.20200818.1",
          "(.NET Core 4.6.29130.01; Microsoft Windows 10.0.18363 )"
        ],
        "x-ms-client-request-id": "d4fbd90d05e29acb029a1cca40941bff",
        "x-ms-date": "Tue, 18 Aug 2020 23:36:36 GMT",
        "x-ms-return-client-request-id": "true",
        "x-ms-version": "2019-02-02"
      },
      "RequestBody": {
        "PartitionKey": "somPartition",
        "RowKey": "10",
        "SomeStringProperty": "This is table entity number 10",
        "SomeDateProperty": "2020-01-01T01:11:00.0000000Z",
        "SomeDateProperty@odata.type": "Edm.DateTime",
        "SomeGuidProperty": "0d391d16-97f1-4b9a-be68-4cc871f90010",
        "SomeGuidProperty@odata.type": "Edm.Guid",
        "SomeBinaryProperty": "AQIDBAU=",
        "SomeBinaryProperty@odata.type": "Edm.Binary",
        "SomeInt64Property": "10",
        "SomeInt64Property@odata.type": "Edm.Int64",
        "SomeDoubleProperty0": 10,
        "SomeDoubleProperty0@odata.type": "Edm.Double",
        "SomeDoubleProperty1": 10.1,
        "SomeDoubleProperty1@odata.type": "Edm.Double",
        "SomeIntProperty": 10
      },
      "StatusCode": 201,
      "ResponseHeaders": {
        "Cache-Control": "no-cache",
        "Content-Type": "application/json; odata=minimalmetadata; streaming=true; charset=utf-8",
        "Date": "Tue, 18 Aug 2020 23:36:35 GMT",
        "ETag": "W/\u0022datetime\u00272020-08-18T23%3A36%3A36.2757667Z\u0027\u0022",
        "Location": "https://chrissscratch.table.core.windows.net/testtable6nmld7qt(PartitionKey=\u0027somPartition\u0027,RowKey=\u002710\u0027)",
        "Server": [
          "Windows-Azure-Table/1.0",
          "Microsoft-HTTPAPI/2.0"
        ],
        "Transfer-Encoding": "chunked",
        "X-Content-Type-Options": "nosniff",
        "x-ms-client-request-id": "d4fbd90d05e29acb029a1cca40941bff",
        "x-ms-request-id": "760029ac-e002-002a-40b8-75b1ad000000",
        "x-ms-version": "2019-02-02"
      },
      "ResponseBody": {
        "odata.metadata": "https://chrissscratch.table.core.windows.net/$metadata#testtable6nmld7qt/@Element",
        "odata.etag": "W/\u0022datetime\u00272020-08-18T23%3A36%3A36.2757667Z\u0027\u0022",
        "PartitionKey": "somPartition",
        "RowKey": "10",
        "Timestamp": "2020-08-18T23:36:36.2757667Z",
        "SomeStringProperty": "This is table entity number 10",
        "SomeDateProperty@odata.type": "Edm.DateTime",
        "SomeDateProperty": "2020-01-01T01:11:00Z",
        "SomeGuidProperty@odata.type": "Edm.Guid",
        "SomeGuidProperty": "0d391d16-97f1-4b9a-be68-4cc871f90010",
        "SomeBinaryProperty@odata.type": "Edm.Binary",
        "SomeBinaryProperty": "AQIDBAU=",
        "SomeInt64Property@odata.type": "Edm.Int64",
        "SomeInt64Property": "10",
        "SomeDoubleProperty0": 10.0,
        "SomeDoubleProperty1": 10.1,
        "SomeIntProperty": 10
      }
    },
    {
      "RequestUri": "https://chrissscratch.table.core.windows.net/testtable6nmld7qt?$format=application%2Fjson%3Bodata%3Dminimalmetadata",
      "RequestMethod": "POST",
      "RequestHeaders": {
        "Accept": "application/json",
        "Authorization": "Sanitized",
        "Content-Length": "603",
        "Content-Type": "application/json; odata=nometadata",
        "DataServiceVersion": "3.0",
        "traceparent": "00-35f27fdf6e526949a98696e86e687d50-87d7cb7e757be440-00",
        "User-Agent": [
          "azsdk-net-Data.Tables/1.0.0-dev.20200818.1",
          "(.NET Core 4.6.29130.01; Microsoft Windows 10.0.18363 )"
        ],
        "x-ms-client-request-id": "8f8c41ba717ea41f5cb09ae1fd3baf36",
        "x-ms-date": "Tue, 18 Aug 2020 23:36:36 GMT",
        "x-ms-return-client-request-id": "true",
        "x-ms-version": "2019-02-02"
      },
      "RequestBody": {
        "PartitionKey": "somPartition",
        "RowKey": "11",
        "SomeStringProperty": "This is table entity number 11",
        "SomeDateProperty": "2020-01-01T01:12:00.0000000Z",
        "SomeDateProperty@odata.type": "Edm.DateTime",
        "SomeGuidProperty": "0d391d16-97f1-4b9a-be68-4cc871f90011",
        "SomeGuidProperty@odata.type": "Edm.Guid",
        "SomeBinaryProperty": "AQIDBAU=",
        "SomeBinaryProperty@odata.type": "Edm.Binary",
        "SomeInt64Property": "11",
        "SomeInt64Property@odata.type": "Edm.Int64",
        "SomeDoubleProperty0": 11,
        "SomeDoubleProperty0@odata.type": "Edm.Double",
        "SomeDoubleProperty1": 11.1,
        "SomeDoubleProperty1@odata.type": "Edm.Double",
        "SomeIntProperty": 11
      },
      "StatusCode": 201,
      "ResponseHeaders": {
        "Cache-Control": "no-cache",
        "Content-Type": "application/json; odata=minimalmetadata; streaming=true; charset=utf-8",
        "Date": "Tue, 18 Aug 2020 23:36:36 GMT",
        "ETag": "W/\u0022datetime\u00272020-08-18T23%3A36%3A36.3198041Z\u0027\u0022",
        "Location": "https://chrissscratch.table.core.windows.net/testtable6nmld7qt(PartitionKey=\u0027somPartition\u0027,RowKey=\u002711\u0027)",
        "Server": [
          "Windows-Azure-Table/1.0",
          "Microsoft-HTTPAPI/2.0"
        ],
        "Transfer-Encoding": "chunked",
        "X-Content-Type-Options": "nosniff",
        "x-ms-client-request-id": "8f8c41ba717ea41f5cb09ae1fd3baf36",
        "x-ms-request-id": "760029b7-e002-002a-49b8-75b1ad000000",
        "x-ms-version": "2019-02-02"
      },
      "ResponseBody": {
        "odata.metadata": "https://chrissscratch.table.core.windows.net/$metadata#testtable6nmld7qt/@Element",
        "odata.etag": "W/\u0022datetime\u00272020-08-18T23%3A36%3A36.3198041Z\u0027\u0022",
        "PartitionKey": "somPartition",
        "RowKey": "11",
        "Timestamp": "2020-08-18T23:36:36.3198041Z",
        "SomeStringProperty": "This is table entity number 11",
        "SomeDateProperty@odata.type": "Edm.DateTime",
        "SomeDateProperty": "2020-01-01T01:12:00Z",
        "SomeGuidProperty@odata.type": "Edm.Guid",
        "SomeGuidProperty": "0d391d16-97f1-4b9a-be68-4cc871f90011",
        "SomeBinaryProperty@odata.type": "Edm.Binary",
        "SomeBinaryProperty": "AQIDBAU=",
        "SomeInt64Property@odata.type": "Edm.Int64",
        "SomeInt64Property": "11",
        "SomeDoubleProperty0": 11.0,
        "SomeDoubleProperty1": 11.1,
        "SomeIntProperty": 11
      }
    },
    {
      "RequestUri": "https://chrissscratch.table.core.windows.net/testtable6nmld7qt?$format=application%2Fjson%3Bodata%3Dminimalmetadata",
      "RequestMethod": "POST",
      "RequestHeaders": {
        "Accept": "application/json",
        "Authorization": "Sanitized",
        "Content-Length": "603",
        "Content-Type": "application/json; odata=nometadata",
        "DataServiceVersion": "3.0",
        "traceparent": "00-1d58c09881f4ea4bb53da353301be595-43e38e65d41dc945-00",
        "User-Agent": [
          "azsdk-net-Data.Tables/1.0.0-dev.20200818.1",
          "(.NET Core 4.6.29130.01; Microsoft Windows 10.0.18363 )"
        ],
        "x-ms-client-request-id": "a0ba4cfeb820bd24bd02d78c52e5395b",
        "x-ms-date": "Tue, 18 Aug 2020 23:36:36 GMT",
        "x-ms-return-client-request-id": "true",
        "x-ms-version": "2019-02-02"
      },
      "RequestBody": {
        "PartitionKey": "somPartition",
        "RowKey": "12",
        "SomeStringProperty": "This is table entity number 12",
        "SomeDateProperty": "2020-01-01T01:13:00.0000000Z",
        "SomeDateProperty@odata.type": "Edm.DateTime",
        "SomeGuidProperty": "0d391d16-97f1-4b9a-be68-4cc871f90012",
        "SomeGuidProperty@odata.type": "Edm.Guid",
        "SomeBinaryProperty": "AQIDBAU=",
        "SomeBinaryProperty@odata.type": "Edm.Binary",
        "SomeInt64Property": "12",
        "SomeInt64Property@odata.type": "Edm.Int64",
        "SomeDoubleProperty0": 12,
        "SomeDoubleProperty0@odata.type": "Edm.Double",
        "SomeDoubleProperty1": 12.1,
        "SomeDoubleProperty1@odata.type": "Edm.Double",
        "SomeIntProperty": 12
      },
      "StatusCode": 201,
      "ResponseHeaders": {
        "Cache-Control": "no-cache",
        "Content-Type": "application/json; odata=minimalmetadata; streaming=true; charset=utf-8",
        "Date": "Tue, 18 Aug 2020 23:36:36 GMT",
        "ETag": "W/\u0022datetime\u00272020-08-18T23%3A36%3A36.3608373Z\u0027\u0022",
        "Location": "https://chrissscratch.table.core.windows.net/testtable6nmld7qt(PartitionKey=\u0027somPartition\u0027,RowKey=\u002712\u0027)",
        "Server": [
          "Windows-Azure-Table/1.0",
          "Microsoft-HTTPAPI/2.0"
        ],
        "Transfer-Encoding": "chunked",
        "X-Content-Type-Options": "nosniff",
        "x-ms-client-request-id": "a0ba4cfeb820bd24bd02d78c52e5395b",
        "x-ms-request-id": "760029c2-e002-002a-53b8-75b1ad000000",
        "x-ms-version": "2019-02-02"
      },
      "ResponseBody": {
        "odata.metadata": "https://chrissscratch.table.core.windows.net/$metadata#testtable6nmld7qt/@Element",
        "odata.etag": "W/\u0022datetime\u00272020-08-18T23%3A36%3A36.3608373Z\u0027\u0022",
        "PartitionKey": "somPartition",
        "RowKey": "12",
        "Timestamp": "2020-08-18T23:36:36.3608373Z",
        "SomeStringProperty": "This is table entity number 12",
        "SomeDateProperty@odata.type": "Edm.DateTime",
        "SomeDateProperty": "2020-01-01T01:13:00Z",
        "SomeGuidProperty@odata.type": "Edm.Guid",
        "SomeGuidProperty": "0d391d16-97f1-4b9a-be68-4cc871f90012",
        "SomeBinaryProperty@odata.type": "Edm.Binary",
        "SomeBinaryProperty": "AQIDBAU=",
        "SomeInt64Property@odata.type": "Edm.Int64",
        "SomeInt64Property": "12",
        "SomeDoubleProperty0": 12.0,
        "SomeDoubleProperty1": 12.1,
        "SomeIntProperty": 12
      }
    },
    {
      "RequestUri": "https://chrissscratch.table.core.windows.net/testtable6nmld7qt?$format=application%2Fjson%3Bodata%3Dminimalmetadata",
      "RequestMethod": "POST",
      "RequestHeaders": {
        "Accept": "application/json",
        "Authorization": "Sanitized",
        "Content-Length": "603",
        "Content-Type": "application/json; odata=nometadata",
        "DataServiceVersion": "3.0",
        "traceparent": "00-619d1d66199f344488786a2c6183e188-21cc2589908d834a-00",
        "User-Agent": [
          "azsdk-net-Data.Tables/1.0.0-dev.20200818.1",
          "(.NET Core 4.6.29130.01; Microsoft Windows 10.0.18363 )"
        ],
        "x-ms-client-request-id": "295fd8b8cf8c9b42ba5778316ae99dc6",
        "x-ms-date": "Tue, 18 Aug 2020 23:36:36 GMT",
        "x-ms-return-client-request-id": "true",
        "x-ms-version": "2019-02-02"
      },
      "RequestBody": {
        "PartitionKey": "somPartition",
        "RowKey": "13",
        "SomeStringProperty": "This is table entity number 13",
        "SomeDateProperty": "2020-01-01T01:14:00.0000000Z",
        "SomeDateProperty@odata.type": "Edm.DateTime",
        "SomeGuidProperty": "0d391d16-97f1-4b9a-be68-4cc871f90013",
        "SomeGuidProperty@odata.type": "Edm.Guid",
        "SomeBinaryProperty": "AQIDBAU=",
        "SomeBinaryProperty@odata.type": "Edm.Binary",
        "SomeInt64Property": "13",
        "SomeInt64Property@odata.type": "Edm.Int64",
        "SomeDoubleProperty0": 13,
        "SomeDoubleProperty0@odata.type": "Edm.Double",
        "SomeDoubleProperty1": 13.1,
        "SomeDoubleProperty1@odata.type": "Edm.Double",
        "SomeIntProperty": 13
      },
      "StatusCode": 201,
      "ResponseHeaders": {
        "Cache-Control": "no-cache",
        "Content-Type": "application/json; odata=minimalmetadata; streaming=true; charset=utf-8",
        "Date": "Tue, 18 Aug 2020 23:36:36 GMT",
        "ETag": "W/\u0022datetime\u00272020-08-18T23%3A36%3A36.406876Z\u0027\u0022",
        "Location": "https://chrissscratch.table.core.windows.net/testtable6nmld7qt(PartitionKey=\u0027somPartition\u0027,RowKey=\u002713\u0027)",
        "Server": [
          "Windows-Azure-Table/1.0",
          "Microsoft-HTTPAPI/2.0"
        ],
        "Transfer-Encoding": "chunked",
        "X-Content-Type-Options": "nosniff",
        "x-ms-client-request-id": "295fd8b8cf8c9b42ba5778316ae99dc6",
        "x-ms-request-id": "760029cc-e002-002a-5cb8-75b1ad000000",
        "x-ms-version": "2019-02-02"
      },
      "ResponseBody": {
        "odata.metadata": "https://chrissscratch.table.core.windows.net/$metadata#testtable6nmld7qt/@Element",
        "odata.etag": "W/\u0022datetime\u00272020-08-18T23%3A36%3A36.406876Z\u0027\u0022",
        "PartitionKey": "somPartition",
        "RowKey": "13",
        "Timestamp": "2020-08-18T23:36:36.406876Z",
        "SomeStringProperty": "This is table entity number 13",
        "SomeDateProperty@odata.type": "Edm.DateTime",
        "SomeDateProperty": "2020-01-01T01:14:00Z",
        "SomeGuidProperty@odata.type": "Edm.Guid",
        "SomeGuidProperty": "0d391d16-97f1-4b9a-be68-4cc871f90013",
        "SomeBinaryProperty@odata.type": "Edm.Binary",
        "SomeBinaryProperty": "AQIDBAU=",
        "SomeInt64Property@odata.type": "Edm.Int64",
        "SomeInt64Property": "13",
        "SomeDoubleProperty0": 13.0,
        "SomeDoubleProperty1": 13.1,
        "SomeIntProperty": 13
      }
    },
    {
      "RequestUri": "https://chrissscratch.table.core.windows.net/testtable6nmld7qt?$format=application%2Fjson%3Bodata%3Dminimalmetadata",
      "RequestMethod": "POST",
      "RequestHeaders": {
        "Accept": "application/json",
        "Authorization": "Sanitized",
        "Content-Length": "603",
        "Content-Type": "application/json; odata=nometadata",
        "DataServiceVersion": "3.0",
        "traceparent": "00-7fcf1993b9ea0f49bdd7d3d6e68262f0-22dc62cb2fc2e846-00",
        "User-Agent": [
          "azsdk-net-Data.Tables/1.0.0-dev.20200818.1",
          "(.NET Core 4.6.29130.01; Microsoft Windows 10.0.18363 )"
        ],
        "x-ms-client-request-id": "f3cbe6ea7ad901de1dced27b9a925176",
        "x-ms-date": "Tue, 18 Aug 2020 23:36:36 GMT",
        "x-ms-return-client-request-id": "true",
        "x-ms-version": "2019-02-02"
      },
      "RequestBody": {
        "PartitionKey": "somPartition",
        "RowKey": "14",
        "SomeStringProperty": "This is table entity number 14",
        "SomeDateProperty": "2020-01-01T01:15:00.0000000Z",
        "SomeDateProperty@odata.type": "Edm.DateTime",
        "SomeGuidProperty": "0d391d16-97f1-4b9a-be68-4cc871f90014",
        "SomeGuidProperty@odata.type": "Edm.Guid",
        "SomeBinaryProperty": "AQIDBAU=",
        "SomeBinaryProperty@odata.type": "Edm.Binary",
        "SomeInt64Property": "14",
        "SomeInt64Property@odata.type": "Edm.Int64",
        "SomeDoubleProperty0": 14,
        "SomeDoubleProperty0@odata.type": "Edm.Double",
        "SomeDoubleProperty1": 14.1,
        "SomeDoubleProperty1@odata.type": "Edm.Double",
        "SomeIntProperty": 14
      },
      "StatusCode": 201,
      "ResponseHeaders": {
        "Cache-Control": "no-cache",
        "Content-Type": "application/json; odata=minimalmetadata; streaming=true; charset=utf-8",
        "Date": "Tue, 18 Aug 2020 23:36:36 GMT",
        "ETag": "W/\u0022datetime\u00272020-08-18T23%3A36%3A36.4489118Z\u0027\u0022",
        "Location": "https://chrissscratch.table.core.windows.net/testtable6nmld7qt(PartitionKey=\u0027somPartition\u0027,RowKey=\u002714\u0027)",
        "Server": [
          "Windows-Azure-Table/1.0",
          "Microsoft-HTTPAPI/2.0"
        ],
        "Transfer-Encoding": "chunked",
        "X-Content-Type-Options": "nosniff",
        "x-ms-client-request-id": "f3cbe6ea7ad901de1dced27b9a925176",
        "x-ms-request-id": "760029d3-e002-002a-63b8-75b1ad000000",
        "x-ms-version": "2019-02-02"
      },
      "ResponseBody": {
        "odata.metadata": "https://chrissscratch.table.core.windows.net/$metadata#testtable6nmld7qt/@Element",
        "odata.etag": "W/\u0022datetime\u00272020-08-18T23%3A36%3A36.4489118Z\u0027\u0022",
        "PartitionKey": "somPartition",
        "RowKey": "14",
        "Timestamp": "2020-08-18T23:36:36.4489118Z",
        "SomeStringProperty": "This is table entity number 14",
        "SomeDateProperty@odata.type": "Edm.DateTime",
        "SomeDateProperty": "2020-01-01T01:15:00Z",
        "SomeGuidProperty@odata.type": "Edm.Guid",
        "SomeGuidProperty": "0d391d16-97f1-4b9a-be68-4cc871f90014",
        "SomeBinaryProperty@odata.type": "Edm.Binary",
        "SomeBinaryProperty": "AQIDBAU=",
        "SomeInt64Property@odata.type": "Edm.Int64",
        "SomeInt64Property": "14",
        "SomeDoubleProperty0": 14.0,
        "SomeDoubleProperty1": 14.1,
        "SomeIntProperty": 14
      }
    },
    {
      "RequestUri": "https://chrissscratch.table.core.windows.net/testtable6nmld7qt?$format=application%2Fjson%3Bodata%3Dminimalmetadata",
      "RequestMethod": "POST",
      "RequestHeaders": {
        "Accept": "application/json",
        "Authorization": "Sanitized",
        "Content-Length": "603",
        "Content-Type": "application/json; odata=nometadata",
        "DataServiceVersion": "3.0",
        "traceparent": "00-48fc57c1399e65429a2ec2c16bee98b6-19ceb54cf438504e-00",
        "User-Agent": [
          "azsdk-net-Data.Tables/1.0.0-dev.20200818.1",
          "(.NET Core 4.6.29130.01; Microsoft Windows 10.0.18363 )"
        ],
        "x-ms-client-request-id": "24283e7686db2fa90a1ee6c940f253d3",
        "x-ms-date": "Tue, 18 Aug 2020 23:36:36 GMT",
        "x-ms-return-client-request-id": "true",
        "x-ms-version": "2019-02-02"
      },
      "RequestBody": {
        "PartitionKey": "somPartition",
        "RowKey": "15",
        "SomeStringProperty": "This is table entity number 15",
        "SomeDateProperty": "2020-01-01T01:16:00.0000000Z",
        "SomeDateProperty@odata.type": "Edm.DateTime",
        "SomeGuidProperty": "0d391d16-97f1-4b9a-be68-4cc871f90015",
        "SomeGuidProperty@odata.type": "Edm.Guid",
        "SomeBinaryProperty": "AQIDBAU=",
        "SomeBinaryProperty@odata.type": "Edm.Binary",
        "SomeInt64Property": "15",
        "SomeInt64Property@odata.type": "Edm.Int64",
        "SomeDoubleProperty0": 15,
        "SomeDoubleProperty0@odata.type": "Edm.Double",
        "SomeDoubleProperty1": 15.1,
        "SomeDoubleProperty1@odata.type": "Edm.Double",
        "SomeIntProperty": 15
      },
      "StatusCode": 201,
      "ResponseHeaders": {
        "Cache-Control": "no-cache",
        "Content-Type": "application/json; odata=minimalmetadata; streaming=true; charset=utf-8",
        "Date": "Tue, 18 Aug 2020 23:36:36 GMT",
        "ETag": "W/\u0022datetime\u00272020-08-18T23%3A36%3A36.4929466Z\u0027\u0022",
        "Location": "https://chrissscratch.table.core.windows.net/testtable6nmld7qt(PartitionKey=\u0027somPartition\u0027,RowKey=\u002715\u0027)",
        "Server": [
          "Windows-Azure-Table/1.0",
          "Microsoft-HTTPAPI/2.0"
        ],
        "Transfer-Encoding": "chunked",
        "X-Content-Type-Options": "nosniff",
        "x-ms-client-request-id": "24283e7686db2fa90a1ee6c940f253d3",
        "x-ms-request-id": "760029d7-e002-002a-67b8-75b1ad000000",
        "x-ms-version": "2019-02-02"
      },
      "ResponseBody": {
        "odata.metadata": "https://chrissscratch.table.core.windows.net/$metadata#testtable6nmld7qt/@Element",
        "odata.etag": "W/\u0022datetime\u00272020-08-18T23%3A36%3A36.4929466Z\u0027\u0022",
        "PartitionKey": "somPartition",
        "RowKey": "15",
        "Timestamp": "2020-08-18T23:36:36.4929466Z",
        "SomeStringProperty": "This is table entity number 15",
        "SomeDateProperty@odata.type": "Edm.DateTime",
        "SomeDateProperty": "2020-01-01T01:16:00Z",
        "SomeGuidProperty@odata.type": "Edm.Guid",
        "SomeGuidProperty": "0d391d16-97f1-4b9a-be68-4cc871f90015",
        "SomeBinaryProperty@odata.type": "Edm.Binary",
        "SomeBinaryProperty": "AQIDBAU=",
        "SomeInt64Property@odata.type": "Edm.Int64",
        "SomeInt64Property": "15",
        "SomeDoubleProperty0": 15.0,
        "SomeDoubleProperty1": 15.1,
        "SomeIntProperty": 15
      }
    },
    {
      "RequestUri": "https://chrissscratch.table.core.windows.net/testtable6nmld7qt?$format=application%2Fjson%3Bodata%3Dminimalmetadata",
      "RequestMethod": "POST",
      "RequestHeaders": {
        "Accept": "application/json",
        "Authorization": "Sanitized",
        "Content-Length": "617",
        "Content-Type": "application/json; odata=nometadata",
        "DataServiceVersion": "3.0",
        "traceparent": "00-a16c640a7b5c7f4f9215a0170e857d4a-732e56877173c945-00",
        "User-Agent": [
          "azsdk-net-Data.Tables/1.0.0-dev.20200818.1",
          "(.NET Core 4.6.29130.01; Microsoft Windows 10.0.18363 )"
        ],
        "x-ms-client-request-id": "6ca2106446193d82f95e0bbdfcc60127",
        "x-ms-date": "Tue, 18 Aug 2020 23:36:36 GMT",
        "x-ms-return-client-request-id": "true",
        "x-ms-version": "2019-02-02"
      },
      "RequestBody": {
        "PartitionKey": "somPartition",
        "RowKey": "16",
        "SomeStringProperty": "This is table entity number 16",
        "SomeDateProperty": "2020-01-01T01:17:00.0000000Z",
        "SomeDateProperty@odata.type": "Edm.DateTime",
        "SomeGuidProperty": "0d391d16-97f1-4b9a-be68-4cc871f90016",
        "SomeGuidProperty@odata.type": "Edm.Guid",
        "SomeBinaryProperty": "AQIDBAU=",
        "SomeBinaryProperty@odata.type": "Edm.Binary",
        "SomeInt64Property": "16",
        "SomeInt64Property@odata.type": "Edm.Int64",
        "SomeDoubleProperty0": 16,
        "SomeDoubleProperty0@odata.type": "Edm.Double",
        "SomeDoubleProperty1": 16.100000000000001,
        "SomeDoubleProperty1@odata.type": "Edm.Double",
        "SomeIntProperty": 16
      },
      "StatusCode": 201,
      "ResponseHeaders": {
        "Cache-Control": "no-cache",
        "Content-Type": "application/json; odata=minimalmetadata; streaming=true; charset=utf-8",
        "Date": "Tue, 18 Aug 2020 23:36:36 GMT",
        "ETag": "W/\u0022datetime\u00272020-08-18T23%3A36%3A36.573014Z\u0027\u0022",
        "Location": "https://chrissscratch.table.core.windows.net/testtable6nmld7qt(PartitionKey=\u0027somPartition\u0027,RowKey=\u002716\u0027)",
        "Server": [
          "Windows-Azure-Table/1.0",
          "Microsoft-HTTPAPI/2.0"
        ],
        "Transfer-Encoding": "chunked",
        "X-Content-Type-Options": "nosniff",
        "x-ms-client-request-id": "6ca2106446193d82f95e0bbdfcc60127",
        "x-ms-request-id": "760029e7-e002-002a-76b8-75b1ad000000",
        "x-ms-version": "2019-02-02"
      },
      "ResponseBody": {
        "odata.metadata": "https://chrissscratch.table.core.windows.net/$metadata#testtable6nmld7qt/@Element",
        "odata.etag": "W/\u0022datetime\u00272020-08-18T23%3A36%3A36.573014Z\u0027\u0022",
        "PartitionKey": "somPartition",
        "RowKey": "16",
        "Timestamp": "2020-08-18T23:36:36.573014Z",
        "SomeStringProperty": "This is table entity number 16",
        "SomeDateProperty@odata.type": "Edm.DateTime",
        "SomeDateProperty": "2020-01-01T01:17:00Z",
        "SomeGuidProperty@odata.type": "Edm.Guid",
        "SomeGuidProperty": "0d391d16-97f1-4b9a-be68-4cc871f90016",
        "SomeBinaryProperty@odata.type": "Edm.Binary",
        "SomeBinaryProperty": "AQIDBAU=",
        "SomeInt64Property@odata.type": "Edm.Int64",
        "SomeInt64Property": "16",
        "SomeDoubleProperty0": 16.0,
        "SomeDoubleProperty1": 16.1,
        "SomeIntProperty": 16
      }
    },
    {
      "RequestUri": "https://chrissscratch.table.core.windows.net/testtable6nmld7qt?$format=application%2Fjson%3Bodata%3Dminimalmetadata",
      "RequestMethod": "POST",
      "RequestHeaders": {
        "Accept": "application/json",
        "Authorization": "Sanitized",
        "Content-Length": "617",
        "Content-Type": "application/json; odata=nometadata",
        "DataServiceVersion": "3.0",
        "traceparent": "00-3baade8afa0b414a9cfb8fe1c203ed7a-7abd1ad09aa04742-00",
        "User-Agent": [
          "azsdk-net-Data.Tables/1.0.0-dev.20200818.1",
          "(.NET Core 4.6.29130.01; Microsoft Windows 10.0.18363 )"
        ],
        "x-ms-client-request-id": "2bba010578c163eb3c9ce9ba9414c02a",
        "x-ms-date": "Tue, 18 Aug 2020 23:36:36 GMT",
        "x-ms-return-client-request-id": "true",
        "x-ms-version": "2019-02-02"
      },
      "RequestBody": {
        "PartitionKey": "somPartition",
        "RowKey": "17",
        "SomeStringProperty": "This is table entity number 17",
        "SomeDateProperty": "2020-01-01T01:18:00.0000000Z",
        "SomeDateProperty@odata.type": "Edm.DateTime",
        "SomeGuidProperty": "0d391d16-97f1-4b9a-be68-4cc871f90017",
        "SomeGuidProperty@odata.type": "Edm.Guid",
        "SomeBinaryProperty": "AQIDBAU=",
        "SomeBinaryProperty@odata.type": "Edm.Binary",
        "SomeInt64Property": "17",
        "SomeInt64Property@odata.type": "Edm.Int64",
        "SomeDoubleProperty0": 17,
        "SomeDoubleProperty0@odata.type": "Edm.Double",
        "SomeDoubleProperty1": 17.100000000000001,
        "SomeDoubleProperty1@odata.type": "Edm.Double",
        "SomeIntProperty": 17
      },
      "StatusCode": 201,
      "ResponseHeaders": {
        "Cache-Control": "no-cache",
        "Content-Type": "application/json; odata=minimalmetadata; streaming=true; charset=utf-8",
        "Date": "Tue, 18 Aug 2020 23:36:36 GMT",
        "ETag": "W/\u0022datetime\u00272020-08-18T23%3A36%3A36.6120468Z\u0027\u0022",
        "Location": "https://chrissscratch.table.core.windows.net/testtable6nmld7qt(PartitionKey=\u0027somPartition\u0027,RowKey=\u002717\u0027)",
        "Server": [
          "Windows-Azure-Table/1.0",
          "Microsoft-HTTPAPI/2.0"
        ],
        "Transfer-Encoding": "chunked",
        "X-Content-Type-Options": "nosniff",
        "x-ms-client-request-id": "2bba010578c163eb3c9ce9ba9414c02a",
        "x-ms-request-id": "760029ea-e002-002a-79b8-75b1ad000000",
        "x-ms-version": "2019-02-02"
      },
      "ResponseBody": {
        "odata.metadata": "https://chrissscratch.table.core.windows.net/$metadata#testtable6nmld7qt/@Element",
        "odata.etag": "W/\u0022datetime\u00272020-08-18T23%3A36%3A36.6120468Z\u0027\u0022",
        "PartitionKey": "somPartition",
        "RowKey": "17",
        "Timestamp": "2020-08-18T23:36:36.6120468Z",
        "SomeStringProperty": "This is table entity number 17",
        "SomeDateProperty@odata.type": "Edm.DateTime",
        "SomeDateProperty": "2020-01-01T01:18:00Z",
        "SomeGuidProperty@odata.type": "Edm.Guid",
        "SomeGuidProperty": "0d391d16-97f1-4b9a-be68-4cc871f90017",
        "SomeBinaryProperty@odata.type": "Edm.Binary",
        "SomeBinaryProperty": "AQIDBAU=",
        "SomeInt64Property@odata.type": "Edm.Int64",
        "SomeInt64Property": "17",
        "SomeDoubleProperty0": 17.0,
        "SomeDoubleProperty1": 17.1,
        "SomeIntProperty": 17
      }
    },
    {
      "RequestUri": "https://chrissscratch.table.core.windows.net/testtable6nmld7qt?$format=application%2Fjson%3Bodata%3Dminimalmetadata",
      "RequestMethod": "POST",
      "RequestHeaders": {
        "Accept": "application/json",
        "Authorization": "Sanitized",
        "Content-Length": "617",
        "Content-Type": "application/json; odata=nometadata",
        "DataServiceVersion": "3.0",
        "traceparent": "00-2216378ab20e6342974a4101c5fa8657-f5eb5ca4a0fdf441-00",
        "User-Agent": [
          "azsdk-net-Data.Tables/1.0.0-dev.20200818.1",
          "(.NET Core 4.6.29130.01; Microsoft Windows 10.0.18363 )"
        ],
        "x-ms-client-request-id": "8917ff7be5f0305cbceb2a7c7aec3343",
        "x-ms-date": "Tue, 18 Aug 2020 23:36:36 GMT",
        "x-ms-return-client-request-id": "true",
        "x-ms-version": "2019-02-02"
      },
      "RequestBody": {
        "PartitionKey": "somPartition",
        "RowKey": "18",
        "SomeStringProperty": "This is table entity number 18",
        "SomeDateProperty": "2020-01-01T01:19:00.0000000Z",
        "SomeDateProperty@odata.type": "Edm.DateTime",
        "SomeGuidProperty": "0d391d16-97f1-4b9a-be68-4cc871f90018",
        "SomeGuidProperty@odata.type": "Edm.Guid",
        "SomeBinaryProperty": "AQIDBAU=",
        "SomeBinaryProperty@odata.type": "Edm.Binary",
        "SomeInt64Property": "18",
        "SomeInt64Property@odata.type": "Edm.Int64",
        "SomeDoubleProperty0": 18,
        "SomeDoubleProperty0@odata.type": "Edm.Double",
        "SomeDoubleProperty1": 18.100000000000001,
        "SomeDoubleProperty1@odata.type": "Edm.Double",
        "SomeIntProperty": 18
      },
      "StatusCode": 201,
      "ResponseHeaders": {
        "Cache-Control": "no-cache",
        "Content-Type": "application/json; odata=minimalmetadata; streaming=true; charset=utf-8",
        "Date": "Tue, 18 Aug 2020 23:36:36 GMT",
        "ETag": "W/\u0022datetime\u00272020-08-18T23%3A36%3A36.6570838Z\u0027\u0022",
        "Location": "https://chrissscratch.table.core.windows.net/testtable6nmld7qt(PartitionKey=\u0027somPartition\u0027,RowKey=\u002718\u0027)",
        "Server": [
          "Windows-Azure-Table/1.0",
          "Microsoft-HTTPAPI/2.0"
        ],
        "Transfer-Encoding": "chunked",
        "X-Content-Type-Options": "nosniff",
        "x-ms-client-request-id": "8917ff7be5f0305cbceb2a7c7aec3343",
        "x-ms-request-id": "760029ee-e002-002a-7db8-75b1ad000000",
        "x-ms-version": "2019-02-02"
      },
      "ResponseBody": {
        "odata.metadata": "https://chrissscratch.table.core.windows.net/$metadata#testtable6nmld7qt/@Element",
        "odata.etag": "W/\u0022datetime\u00272020-08-18T23%3A36%3A36.6570838Z\u0027\u0022",
        "PartitionKey": "somPartition",
        "RowKey": "18",
        "Timestamp": "2020-08-18T23:36:36.6570838Z",
        "SomeStringProperty": "This is table entity number 18",
        "SomeDateProperty@odata.type": "Edm.DateTime",
        "SomeDateProperty": "2020-01-01T01:19:00Z",
        "SomeGuidProperty@odata.type": "Edm.Guid",
        "SomeGuidProperty": "0d391d16-97f1-4b9a-be68-4cc871f90018",
        "SomeBinaryProperty@odata.type": "Edm.Binary",
        "SomeBinaryProperty": "AQIDBAU=",
        "SomeInt64Property@odata.type": "Edm.Int64",
        "SomeInt64Property": "18",
        "SomeDoubleProperty0": 18.0,
        "SomeDoubleProperty1": 18.1,
        "SomeIntProperty": 18
      }
    },
    {
      "RequestUri": "https://chrissscratch.table.core.windows.net/testtable6nmld7qt?$format=application%2Fjson%3Bodata%3Dminimalmetadata",
      "RequestMethod": "POST",
      "RequestHeaders": {
        "Accept": "application/json",
        "Authorization": "Sanitized",
        "Content-Length": "617",
        "Content-Type": "application/json; odata=nometadata",
        "DataServiceVersion": "3.0",
        "traceparent": "00-b17635b48383c14387543ec9442a6ffc-54b4ca820914dc4c-00",
        "User-Agent": [
          "azsdk-net-Data.Tables/1.0.0-dev.20200818.1",
          "(.NET Core 4.6.29130.01; Microsoft Windows 10.0.18363 )"
        ],
        "x-ms-client-request-id": "3fc3bf1d2738ec12253e2f7d5cc8a9e5",
        "x-ms-date": "Tue, 18 Aug 2020 23:36:36 GMT",
        "x-ms-return-client-request-id": "true",
        "x-ms-version": "2019-02-02"
      },
      "RequestBody": {
        "PartitionKey": "somPartition",
        "RowKey": "19",
        "SomeStringProperty": "This is table entity number 19",
        "SomeDateProperty": "2020-01-01T01:20:00.0000000Z",
        "SomeDateProperty@odata.type": "Edm.DateTime",
        "SomeGuidProperty": "0d391d16-97f1-4b9a-be68-4cc871f90019",
        "SomeGuidProperty@odata.type": "Edm.Guid",
        "SomeBinaryProperty": "AQIDBAU=",
        "SomeBinaryProperty@odata.type": "Edm.Binary",
        "SomeInt64Property": "19",
        "SomeInt64Property@odata.type": "Edm.Int64",
        "SomeDoubleProperty0": 19,
        "SomeDoubleProperty0@odata.type": "Edm.Double",
        "SomeDoubleProperty1": 19.100000000000001,
        "SomeDoubleProperty1@odata.type": "Edm.Double",
        "SomeIntProperty": 19
      },
      "StatusCode": 201,
      "ResponseHeaders": {
        "Cache-Control": "no-cache",
        "Content-Type": "application/json; odata=minimalmetadata; streaming=true; charset=utf-8",
        "Date": "Tue, 18 Aug 2020 23:36:36 GMT",
        "ETag": "W/\u0022datetime\u00272020-08-18T23%3A36%3A36.6951146Z\u0027\u0022",
        "Location": "https://chrissscratch.table.core.windows.net/testtable6nmld7qt(PartitionKey=\u0027somPartition\u0027,RowKey=\u002719\u0027)",
        "Server": [
          "Windows-Azure-Table/1.0",
          "Microsoft-HTTPAPI/2.0"
        ],
        "Transfer-Encoding": "chunked",
        "X-Content-Type-Options": "nosniff",
        "x-ms-client-request-id": "3fc3bf1d2738ec12253e2f7d5cc8a9e5",
        "x-ms-request-id": "760029f2-e002-002a-01b8-75b1ad000000",
        "x-ms-version": "2019-02-02"
      },
      "ResponseBody": {
        "odata.metadata": "https://chrissscratch.table.core.windows.net/$metadata#testtable6nmld7qt/@Element",
        "odata.etag": "W/\u0022datetime\u00272020-08-18T23%3A36%3A36.6951146Z\u0027\u0022",
        "PartitionKey": "somPartition",
        "RowKey": "19",
        "Timestamp": "2020-08-18T23:36:36.6951146Z",
        "SomeStringProperty": "This is table entity number 19",
        "SomeDateProperty@odata.type": "Edm.DateTime",
        "SomeDateProperty": "2020-01-01T01:20:00Z",
        "SomeGuidProperty@odata.type": "Edm.Guid",
        "SomeGuidProperty": "0d391d16-97f1-4b9a-be68-4cc871f90019",
        "SomeBinaryProperty@odata.type": "Edm.Binary",
        "SomeBinaryProperty": "AQIDBAU=",
        "SomeInt64Property@odata.type": "Edm.Int64",
        "SomeInt64Property": "19",
        "SomeDoubleProperty0": 19.0,
        "SomeDoubleProperty1": 19.1,
        "SomeIntProperty": 19
      }
    },
    {
      "RequestUri": "https://chrissscratch.table.core.windows.net/testtable6nmld7qt?$format=application%2Fjson%3Bodata%3Dminimalmetadata",
      "RequestMethod": "POST",
      "RequestHeaders": {
        "Accept": "application/json",
        "Authorization": "Sanitized",
        "Content-Length": "617",
        "Content-Type": "application/json; odata=nometadata",
        "DataServiceVersion": "3.0",
        "traceparent": "00-31bd65cc7036844fb6cef78d994af241-8f79a33d7f967149-00",
        "User-Agent": [
          "azsdk-net-Data.Tables/1.0.0-dev.20200818.1",
          "(.NET Core 4.6.29130.01; Microsoft Windows 10.0.18363 )"
        ],
        "x-ms-client-request-id": "fd42e09e77af2037a4896fd54d6ee950",
        "x-ms-date": "Tue, 18 Aug 2020 23:36:36 GMT",
        "x-ms-return-client-request-id": "true",
        "x-ms-version": "2019-02-02"
      },
      "RequestBody": {
        "PartitionKey": "somPartition",
        "RowKey": "20",
        "SomeStringProperty": "This is table entity number 20",
        "SomeDateProperty": "2020-01-01T01:21:00.0000000Z",
        "SomeDateProperty@odata.type": "Edm.DateTime",
        "SomeGuidProperty": "0d391d16-97f1-4b9a-be68-4cc871f90020",
        "SomeGuidProperty@odata.type": "Edm.Guid",
        "SomeBinaryProperty": "AQIDBAU=",
        "SomeBinaryProperty@odata.type": "Edm.Binary",
        "SomeInt64Property": "20",
        "SomeInt64Property@odata.type": "Edm.Int64",
        "SomeDoubleProperty0": 20,
        "SomeDoubleProperty0@odata.type": "Edm.Double",
        "SomeDoubleProperty1": 20.100000000000001,
        "SomeDoubleProperty1@odata.type": "Edm.Double",
        "SomeIntProperty": 20
      },
      "StatusCode": 201,
      "ResponseHeaders": {
        "Cache-Control": "no-cache",
        "Content-Type": "application/json; odata=minimalmetadata; streaming=true; charset=utf-8",
        "Date": "Tue, 18 Aug 2020 23:36:36 GMT",
        "ETag": "W/\u0022datetime\u00272020-08-18T23%3A36%3A36.7351482Z\u0027\u0022",
        "Location": "https://chrissscratch.table.core.windows.net/testtable6nmld7qt(PartitionKey=\u0027somPartition\u0027,RowKey=\u002720\u0027)",
        "Server": [
          "Windows-Azure-Table/1.0",
          "Microsoft-HTTPAPI/2.0"
        ],
        "Transfer-Encoding": "chunked",
        "X-Content-Type-Options": "nosniff",
        "x-ms-client-request-id": "fd42e09e77af2037a4896fd54d6ee950",
        "x-ms-request-id": "760029f8-e002-002a-07b8-75b1ad000000",
        "x-ms-version": "2019-02-02"
      },
      "ResponseBody": {
        "odata.metadata": "https://chrissscratch.table.core.windows.net/$metadata#testtable6nmld7qt/@Element",
        "odata.etag": "W/\u0022datetime\u00272020-08-18T23%3A36%3A36.7351482Z\u0027\u0022",
        "PartitionKey": "somPartition",
        "RowKey": "20",
        "Timestamp": "2020-08-18T23:36:36.7351482Z",
        "SomeStringProperty": "This is table entity number 20",
        "SomeDateProperty@odata.type": "Edm.DateTime",
        "SomeDateProperty": "2020-01-01T01:21:00Z",
        "SomeGuidProperty@odata.type": "Edm.Guid",
        "SomeGuidProperty": "0d391d16-97f1-4b9a-be68-4cc871f90020",
        "SomeBinaryProperty@odata.type": "Edm.Binary",
        "SomeBinaryProperty": "AQIDBAU=",
        "SomeInt64Property@odata.type": "Edm.Int64",
        "SomeInt64Property": "20",
        "SomeDoubleProperty0": 20.0,
        "SomeDoubleProperty1": 20.1,
        "SomeIntProperty": 20
      }
    },
    {
      "RequestUri": "https://chrissscratch.table.core.windows.net/testtable6nmld7qt()?$format=application%2Fjson%3Bodata%3Dminimalmetadata\u0026$top=5",
      "RequestMethod": "GET",
      "RequestHeaders": {
        "Accept": "application/json",
        "Authorization": "Sanitized",
        "DataServiceVersion": "3.0",
        "User-Agent": [
          "azsdk-net-Data.Tables/1.0.0-dev.20200818.1",
          "(.NET Core 4.6.29130.01; Microsoft Windows 10.0.18363 )"
        ],
        "x-ms-client-request-id": "d49da668805053f2ec2a64b2b5dfd4f4",
        "x-ms-date": "Tue, 18 Aug 2020 23:36:36 GMT",
        "x-ms-return-client-request-id": "true",
        "x-ms-version": "2019-02-02"
      },
      "RequestBody": null,
      "StatusCode": 200,
      "ResponseHeaders": {
        "Cache-Control": "no-cache",
        "Content-Type": "application/json; odata=minimalmetadata; streaming=true; charset=utf-8",
        "Date": "Tue, 18 Aug 2020 23:36:36 GMT",
        "Server": [
          "Windows-Azure-Table/1.0",
          "Microsoft-HTTPAPI/2.0"
        ],
        "Transfer-Encoding": "chunked",
        "X-Content-Type-Options": "nosniff",
        "x-ms-client-request-id": "d49da668805053f2ec2a64b2b5dfd4f4",
        "x-ms-continuation-NextPartitionKey": "1!16!c29tUGFydGl0aW9u",
        "x-ms-continuation-NextRowKey": "1!4!MDY-",
        "x-ms-request-id": "760029fb-e002-002a-0ab8-75b1ad000000",
        "x-ms-version": "2019-02-02"
      },
      "ResponseBody": {
        "odata.metadata": "https://chrissscratch.table.core.windows.net/$metadata#testtable6nmld7qt",
        "value": [
          {
            "odata.etag": "W/\u0022datetime\u00272020-08-18T23%3A36%3A35.8544167Z\u0027\u0022",
            "PartitionKey": "somPartition",
            "RowKey": "01",
            "Timestamp": "2020-08-18T23:36:35.8544167Z",
            "SomeStringProperty": "This is table entity number 01",
            "SomeDateProperty@odata.type": "Edm.DateTime",
            "SomeDateProperty": "2020-01-01T01:02:00Z",
            "SomeGuidProperty@odata.type": "Edm.Guid",
            "SomeGuidProperty": "0d391d16-97f1-4b9a-be68-4cc871f90001",
            "SomeBinaryProperty@odata.type": "Edm.Binary",
            "SomeBinaryProperty": "AQIDBAU=",
            "SomeInt64Property@odata.type": "Edm.Int64",
            "SomeInt64Property": "1",
            "SomeDoubleProperty0": 1.0,
            "SomeDoubleProperty1": 1.1,
            "SomeIntProperty": 1
          },
          {
            "odata.etag": "W/\u0022datetime\u00272020-08-18T23%3A36%3A35.9034579Z\u0027\u0022",
            "PartitionKey": "somPartition",
            "RowKey": "02",
            "Timestamp": "2020-08-18T23:36:35.9034579Z",
            "SomeStringProperty": "This is table entity number 02",
            "SomeDateProperty@odata.type": "Edm.DateTime",
            "SomeDateProperty": "2020-01-01T01:03:00Z",
            "SomeGuidProperty@odata.type": "Edm.Guid",
            "SomeGuidProperty": "0d391d16-97f1-4b9a-be68-4cc871f90002",
            "SomeBinaryProperty@odata.type": "Edm.Binary",
            "SomeBinaryProperty": "AQIDBAU=",
            "SomeInt64Property@odata.type": "Edm.Int64",
            "SomeInt64Property": "2",
            "SomeDoubleProperty0": 2.0,
            "SomeDoubleProperty1": 2.1,
            "SomeIntProperty": 2
          },
          {
            "odata.etag": "W/\u0022datetime\u00272020-08-18T23%3A36%3A35.9585032Z\u0027\u0022",
            "PartitionKey": "somPartition",
            "RowKey": "03",
            "Timestamp": "2020-08-18T23:36:35.9585032Z",
            "SomeStringProperty": "This is table entity number 03",
            "SomeDateProperty@odata.type": "Edm.DateTime",
            "SomeDateProperty": "2020-01-01T01:04:00Z",
            "SomeGuidProperty@odata.type": "Edm.Guid",
            "SomeGuidProperty": "0d391d16-97f1-4b9a-be68-4cc871f90003",
            "SomeBinaryProperty@odata.type": "Edm.Binary",
            "SomeBinaryProperty": "AQIDBAU=",
            "SomeInt64Property@odata.type": "Edm.Int64",
            "SomeInt64Property": "3",
            "SomeDoubleProperty0": 3.0,
            "SomeDoubleProperty1": 3.1,
            "SomeIntProperty": 3
          },
          {
            "odata.etag": "W/\u0022datetime\u00272020-08-18T23%3A36%3A36.0065439Z\u0027\u0022",
            "PartitionKey": "somPartition",
            "RowKey": "04",
            "Timestamp": "2020-08-18T23:36:36.0065439Z",
            "SomeStringProperty": "This is table entity number 04",
            "SomeDateProperty@odata.type": "Edm.DateTime",
            "SomeDateProperty": "2020-01-01T01:05:00Z",
            "SomeGuidProperty@odata.type": "Edm.Guid",
            "SomeGuidProperty": "0d391d16-97f1-4b9a-be68-4cc871f90004",
            "SomeBinaryProperty@odata.type": "Edm.Binary",
            "SomeBinaryProperty": "AQIDBAU=",
            "SomeInt64Property@odata.type": "Edm.Int64",
            "SomeInt64Property": "4",
            "SomeDoubleProperty0": 4.0,
            "SomeDoubleProperty1": 4.1,
            "SomeIntProperty": 4
          },
          {
            "odata.etag": "W/\u0022datetime\u00272020-08-18T23%3A36%3A36.0465763Z\u0027\u0022",
            "PartitionKey": "somPartition",
            "RowKey": "05",
            "Timestamp": "2020-08-18T23:36:36.0465763Z",
            "SomeStringProperty": "This is table entity number 05",
            "SomeDateProperty@odata.type": "Edm.DateTime",
            "SomeDateProperty": "2020-01-01T01:06:00Z",
            "SomeGuidProperty@odata.type": "Edm.Guid",
            "SomeGuidProperty": "0d391d16-97f1-4b9a-be68-4cc871f90005",
            "SomeBinaryProperty@odata.type": "Edm.Binary",
            "SomeBinaryProperty": "AQIDBAU=",
            "SomeInt64Property@odata.type": "Edm.Int64",
            "SomeInt64Property": "5",
            "SomeDoubleProperty0": 5.0,
            "SomeDoubleProperty1": 5.1,
            "SomeIntProperty": 5
          }
        ]
      }
    },
    {
      "RequestUri": "https://chrissscratch.table.core.windows.net/testtable6nmld7qt()?$format=application%2Fjson%3Bodata%3Dminimalmetadata\u0026$top=5\u0026NextPartitionKey=1%2116%21c29tUGFydGl0aW9u\u0026NextRowKey=1%214%21MDY-",
      "RequestMethod": "GET",
      "RequestHeaders": {
        "Accept": "application/json",
        "Authorization": "Sanitized",
        "DataServiceVersion": "3.0",
        "User-Agent": [
          "azsdk-net-Data.Tables/1.0.0-dev.20200818.1",
          "(.NET Core 4.6.29130.01; Microsoft Windows 10.0.18363 )"
        ],
        "x-ms-client-request-id": "99de454135a9a59388a39baeb83c9eb7",
        "x-ms-date": "Tue, 18 Aug 2020 23:36:37 GMT",
        "x-ms-return-client-request-id": "true",
        "x-ms-version": "2019-02-02"
      },
      "RequestBody": null,
      "StatusCode": 200,
      "ResponseHeaders": {
        "Cache-Control": "no-cache",
        "Content-Type": "application/json; odata=minimalmetadata; streaming=true; charset=utf-8",
        "Date": "Tue, 18 Aug 2020 23:36:36 GMT",
        "Server": [
          "Windows-Azure-Table/1.0",
          "Microsoft-HTTPAPI/2.0"
        ],
        "Transfer-Encoding": "chunked",
        "X-Content-Type-Options": "nosniff",
        "x-ms-client-request-id": "99de454135a9a59388a39baeb83c9eb7",
        "x-ms-continuation-NextPartitionKey": "1!16!c29tUGFydGl0aW9u",
        "x-ms-continuation-NextRowKey": "1!4!MTE-",
        "x-ms-request-id": "76002a12-e002-002a-21b8-75b1ad000000",
        "x-ms-version": "2019-02-02"
      },
      "ResponseBody": {
        "odata.metadata": "https://chrissscratch.table.core.windows.net/$metadata#testtable6nmld7qt",
        "value": [
          {
            "odata.etag": "W/\u0022datetime\u00272020-08-18T23%3A36%3A36.0966183Z\u0027\u0022",
            "PartitionKey": "somPartition",
            "RowKey": "06",
            "Timestamp": "2020-08-18T23:36:36.0966183Z",
            "SomeStringProperty": "This is table entity number 06",
            "SomeDateProperty@odata.type": "Edm.DateTime",
            "SomeDateProperty": "2020-01-01T01:07:00Z",
            "SomeGuidProperty@odata.type": "Edm.Guid",
            "SomeGuidProperty": "0d391d16-97f1-4b9a-be68-4cc871f90006",
            "SomeBinaryProperty@odata.type": "Edm.Binary",
            "SomeBinaryProperty": "AQIDBAU=",
            "SomeInt64Property@odata.type": "Edm.Int64",
            "SomeInt64Property": "6",
            "SomeDoubleProperty0": 6.0,
            "SomeDoubleProperty1": 6.1,
            "SomeIntProperty": 6
          },
          {
            "odata.etag": "W/\u0022datetime\u00272020-08-18T23%3A36%3A36.142657Z\u0027\u0022",
            "PartitionKey": "somPartition",
            "RowKey": "07",
            "Timestamp": "2020-08-18T23:36:36.142657Z",
            "SomeStringProperty": "This is table entity number 07",
            "SomeDateProperty@odata.type": "Edm.DateTime",
            "SomeDateProperty": "2020-01-01T01:08:00Z",
            "SomeGuidProperty@odata.type": "Edm.Guid",
            "SomeGuidProperty": "0d391d16-97f1-4b9a-be68-4cc871f90007",
            "SomeBinaryProperty@odata.type": "Edm.Binary",
            "SomeBinaryProperty": "AQIDBAU=",
            "SomeInt64Property@odata.type": "Edm.Int64",
            "SomeInt64Property": "7",
            "SomeDoubleProperty0": 7.0,
            "SomeDoubleProperty1": 7.1,
            "SomeIntProperty": 7
          },
          {
            "odata.etag": "W/\u0022datetime\u00272020-08-18T23%3A36%3A36.1906965Z\u0027\u0022",
            "PartitionKey": "somPartition",
            "RowKey": "08",
            "Timestamp": "2020-08-18T23:36:36.1906965Z",
            "SomeStringProperty": "This is table entity number 08",
            "SomeDateProperty@odata.type": "Edm.DateTime",
            "SomeDateProperty": "2020-01-01T01:09:00Z",
            "SomeGuidProperty@odata.type": "Edm.Guid",
            "SomeGuidProperty": "0d391d16-97f1-4b9a-be68-4cc871f90008",
            "SomeBinaryProperty@odata.type": "Edm.Binary",
            "SomeBinaryProperty": "AQIDBAU=",
            "SomeInt64Property@odata.type": "Edm.Int64",
            "SomeInt64Property": "8",
            "SomeDoubleProperty0": 8.0,
            "SomeDoubleProperty1": 8.1,
            "SomeIntProperty": 8
          },
          {
            "odata.etag": "W/\u0022datetime\u00272020-08-18T23%3A36%3A36.2327314Z\u0027\u0022",
            "PartitionKey": "somPartition",
            "RowKey": "09",
            "Timestamp": "2020-08-18T23:36:36.2327314Z",
            "SomeStringProperty": "This is table entity number 09",
            "SomeDateProperty@odata.type": "Edm.DateTime",
            "SomeDateProperty": "2020-01-01T01:10:00Z",
            "SomeGuidProperty@odata.type": "Edm.Guid",
            "SomeGuidProperty": "0d391d16-97f1-4b9a-be68-4cc871f90009",
            "SomeBinaryProperty@odata.type": "Edm.Binary",
            "SomeBinaryProperty": "AQIDBAU=",
            "SomeInt64Property@odata.type": "Edm.Int64",
            "SomeInt64Property": "9",
            "SomeDoubleProperty0": 9.0,
            "SomeDoubleProperty1": 9.1,
            "SomeIntProperty": 9
          },
          {
            "odata.etag": "W/\u0022datetime\u00272020-08-18T23%3A36%3A36.2757667Z\u0027\u0022",
            "PartitionKey": "somPartition",
            "RowKey": "10",
            "Timestamp": "2020-08-18T23:36:36.2757667Z",
            "SomeStringProperty": "This is table entity number 10",
            "SomeDateProperty@odata.type": "Edm.DateTime",
            "SomeDateProperty": "2020-01-01T01:11:00Z",
            "SomeGuidProperty@odata.type": "Edm.Guid",
            "SomeGuidProperty": "0d391d16-97f1-4b9a-be68-4cc871f90010",
            "SomeBinaryProperty@odata.type": "Edm.Binary",
            "SomeBinaryProperty": "AQIDBAU=",
            "SomeInt64Property@odata.type": "Edm.Int64",
            "SomeInt64Property": "10",
            "SomeDoubleProperty0": 10.0,
            "SomeDoubleProperty1": 10.1,
            "SomeIntProperty": 10
          }
        ]
      }
    },
    {
      "RequestUri": "https://chrissscratch.table.core.windows.net/testtable6nmld7qt()?$format=application%2Fjson%3Bodata%3Dminimalmetadata\u0026$top=5\u0026NextPartitionKey=1%2116%21c29tUGFydGl0aW9u\u0026NextRowKey=1%214%21MTE-",
      "RequestMethod": "GET",
      "RequestHeaders": {
        "Accept": "application/json",
        "Authorization": "Sanitized",
        "DataServiceVersion": "3.0",
        "User-Agent": [
          "azsdk-net-Data.Tables/1.0.0-dev.20200818.1",
          "(.NET Core 4.6.29130.01; Microsoft Windows 10.0.18363 )"
        ],
        "x-ms-client-request-id": "b614df55d42a1d94eeef108513846bc5",
        "x-ms-date": "Tue, 18 Aug 2020 23:36:37 GMT",
        "x-ms-return-client-request-id": "true",
        "x-ms-version": "2019-02-02"
      },
      "RequestBody": null,
      "StatusCode": 200,
      "ResponseHeaders": {
        "Cache-Control": "no-cache",
        "Content-Type": "application/json; odata=minimalmetadata; streaming=true; charset=utf-8",
        "Date": "Tue, 18 Aug 2020 23:36:36 GMT",
        "Server": [
          "Windows-Azure-Table/1.0",
          "Microsoft-HTTPAPI/2.0"
        ],
        "Transfer-Encoding": "chunked",
        "X-Content-Type-Options": "nosniff",
        "x-ms-client-request-id": "b614df55d42a1d94eeef108513846bc5",
        "x-ms-continuation-NextPartitionKey": "1!16!c29tUGFydGl0aW9u",
        "x-ms-continuation-NextRowKey": "1!4!MTY-",
        "x-ms-request-id": "76002a29-e002-002a-34b8-75b1ad000000",
        "x-ms-version": "2019-02-02"
      },
      "ResponseBody": {
        "odata.metadata": "https://chrissscratch.table.core.windows.net/$metadata#testtable6nmld7qt",
        "value": [
          {
            "odata.etag": "W/\u0022datetime\u00272020-08-18T23%3A36%3A36.3198041Z\u0027\u0022",
            "PartitionKey": "somPartition",
            "RowKey": "11",
            "Timestamp": "2020-08-18T23:36:36.3198041Z",
            "SomeStringProperty": "This is table entity number 11",
            "SomeDateProperty@odata.type": "Edm.DateTime",
            "SomeDateProperty": "2020-01-01T01:12:00Z",
            "SomeGuidProperty@odata.type": "Edm.Guid",
            "SomeGuidProperty": "0d391d16-97f1-4b9a-be68-4cc871f90011",
            "SomeBinaryProperty@odata.type": "Edm.Binary",
            "SomeBinaryProperty": "AQIDBAU=",
            "SomeInt64Property@odata.type": "Edm.Int64",
            "SomeInt64Property": "11",
            "SomeDoubleProperty0": 11.0,
            "SomeDoubleProperty1": 11.1,
            "SomeIntProperty": 11
          },
          {
            "odata.etag": "W/\u0022datetime\u00272020-08-18T23%3A36%3A36.3608373Z\u0027\u0022",
            "PartitionKey": "somPartition",
            "RowKey": "12",
            "Timestamp": "2020-08-18T23:36:36.3608373Z",
            "SomeStringProperty": "This is table entity number 12",
            "SomeDateProperty@odata.type": "Edm.DateTime",
            "SomeDateProperty": "2020-01-01T01:13:00Z",
            "SomeGuidProperty@odata.type": "Edm.Guid",
            "SomeGuidProperty": "0d391d16-97f1-4b9a-be68-4cc871f90012",
            "SomeBinaryProperty@odata.type": "Edm.Binary",
            "SomeBinaryProperty": "AQIDBAU=",
            "SomeInt64Property@odata.type": "Edm.Int64",
            "SomeInt64Property": "12",
            "SomeDoubleProperty0": 12.0,
            "SomeDoubleProperty1": 12.1,
            "SomeIntProperty": 12
          },
          {
            "odata.etag": "W/\u0022datetime\u00272020-08-18T23%3A36%3A36.406876Z\u0027\u0022",
            "PartitionKey": "somPartition",
            "RowKey": "13",
            "Timestamp": "2020-08-18T23:36:36.406876Z",
            "SomeStringProperty": "This is table entity number 13",
            "SomeDateProperty@odata.type": "Edm.DateTime",
            "SomeDateProperty": "2020-01-01T01:14:00Z",
            "SomeGuidProperty@odata.type": "Edm.Guid",
            "SomeGuidProperty": "0d391d16-97f1-4b9a-be68-4cc871f90013",
            "SomeBinaryProperty@odata.type": "Edm.Binary",
            "SomeBinaryProperty": "AQIDBAU=",
            "SomeInt64Property@odata.type": "Edm.Int64",
            "SomeInt64Property": "13",
            "SomeDoubleProperty0": 13.0,
            "SomeDoubleProperty1": 13.1,
            "SomeIntProperty": 13
          },
          {
            "odata.etag": "W/\u0022datetime\u00272020-08-18T23%3A36%3A36.4489118Z\u0027\u0022",
            "PartitionKey": "somPartition",
            "RowKey": "14",
            "Timestamp": "2020-08-18T23:36:36.4489118Z",
            "SomeStringProperty": "This is table entity number 14",
            "SomeDateProperty@odata.type": "Edm.DateTime",
            "SomeDateProperty": "2020-01-01T01:15:00Z",
            "SomeGuidProperty@odata.type": "Edm.Guid",
            "SomeGuidProperty": "0d391d16-97f1-4b9a-be68-4cc871f90014",
            "SomeBinaryProperty@odata.type": "Edm.Binary",
            "SomeBinaryProperty": "AQIDBAU=",
            "SomeInt64Property@odata.type": "Edm.Int64",
            "SomeInt64Property": "14",
            "SomeDoubleProperty0": 14.0,
            "SomeDoubleProperty1": 14.1,
            "SomeIntProperty": 14
          },
          {
            "odata.etag": "W/\u0022datetime\u00272020-08-18T23%3A36%3A36.4929466Z\u0027\u0022",
            "PartitionKey": "somPartition",
            "RowKey": "15",
            "Timestamp": "2020-08-18T23:36:36.4929466Z",
            "SomeStringProperty": "This is table entity number 15",
            "SomeDateProperty@odata.type": "Edm.DateTime",
            "SomeDateProperty": "2020-01-01T01:16:00Z",
            "SomeGuidProperty@odata.type": "Edm.Guid",
            "SomeGuidProperty": "0d391d16-97f1-4b9a-be68-4cc871f90015",
            "SomeBinaryProperty@odata.type": "Edm.Binary",
            "SomeBinaryProperty": "AQIDBAU=",
            "SomeInt64Property@odata.type": "Edm.Int64",
            "SomeInt64Property": "15",
            "SomeDoubleProperty0": 15.0,
            "SomeDoubleProperty1": 15.1,
            "SomeIntProperty": 15
          }
        ]
      }
    },
    {
      "RequestUri": "https://chrissscratch.table.core.windows.net/testtable6nmld7qt()?$format=application%2Fjson%3Bodata%3Dminimalmetadata\u0026$top=5\u0026NextPartitionKey=1%2116%21c29tUGFydGl0aW9u\u0026NextRowKey=1%214%21MTY-",
      "RequestMethod": "GET",
      "RequestHeaders": {
        "Accept": "application/json",
        "Authorization": "Sanitized",
        "DataServiceVersion": "3.0",
        "User-Agent": [
          "azsdk-net-Data.Tables/1.0.0-dev.20200818.1",
          "(.NET Core 4.6.29130.01; Microsoft Windows 10.0.18363 )"
        ],
        "x-ms-client-request-id": "08937ab54f8f33a712f84cade5439aaf",
        "x-ms-date": "Tue, 18 Aug 2020 23:36:37 GMT",
        "x-ms-return-client-request-id": "true",
        "x-ms-version": "2019-02-02"
      },
      "RequestBody": null,
      "StatusCode": 200,
      "ResponseHeaders": {
        "Cache-Control": "no-cache",
        "Content-Type": "application/json; odata=minimalmetadata; streaming=true; charset=utf-8",
        "Date": "Tue, 18 Aug 2020 23:36:36 GMT",
        "Server": [
          "Windows-Azure-Table/1.0",
          "Microsoft-HTTPAPI/2.0"
        ],
        "Transfer-Encoding": "chunked",
        "X-Content-Type-Options": "nosniff",
        "x-ms-client-request-id": "08937ab54f8f33a712f84cade5439aaf",
        "x-ms-request-id": "76002a43-e002-002a-4db8-75b1ad000000",
        "x-ms-version": "2019-02-02"
      },
      "ResponseBody": {
        "odata.metadata": "https://chrissscratch.table.core.windows.net/$metadata#testtable6nmld7qt",
        "value": [
          {
            "odata.etag": "W/\u0022datetime\u00272020-08-18T23%3A36%3A36.573014Z\u0027\u0022",
            "PartitionKey": "somPartition",
            "RowKey": "16",
            "Timestamp": "2020-08-18T23:36:36.573014Z",
            "SomeStringProperty": "This is table entity number 16",
            "SomeDateProperty@odata.type": "Edm.DateTime",
            "SomeDateProperty": "2020-01-01T01:17:00Z",
            "SomeGuidProperty@odata.type": "Edm.Guid",
            "SomeGuidProperty": "0d391d16-97f1-4b9a-be68-4cc871f90016",
            "SomeBinaryProperty@odata.type": "Edm.Binary",
            "SomeBinaryProperty": "AQIDBAU=",
            "SomeInt64Property@odata.type": "Edm.Int64",
            "SomeInt64Property": "16",
            "SomeDoubleProperty0": 16.0,
            "SomeDoubleProperty1": 16.1,
            "SomeIntProperty": 16
          },
          {
            "odata.etag": "W/\u0022datetime\u00272020-08-18T23%3A36%3A36.6120468Z\u0027\u0022",
            "PartitionKey": "somPartition",
            "RowKey": "17",
            "Timestamp": "2020-08-18T23:36:36.6120468Z",
            "SomeStringProperty": "This is table entity number 17",
            "SomeDateProperty@odata.type": "Edm.DateTime",
            "SomeDateProperty": "2020-01-01T01:18:00Z",
            "SomeGuidProperty@odata.type": "Edm.Guid",
            "SomeGuidProperty": "0d391d16-97f1-4b9a-be68-4cc871f90017",
            "SomeBinaryProperty@odata.type": "Edm.Binary",
            "SomeBinaryProperty": "AQIDBAU=",
            "SomeInt64Property@odata.type": "Edm.Int64",
            "SomeInt64Property": "17",
            "SomeDoubleProperty0": 17.0,
            "SomeDoubleProperty1": 17.1,
            "SomeIntProperty": 17
          },
          {
            "odata.etag": "W/\u0022datetime\u00272020-08-18T23%3A36%3A36.6570838Z\u0027\u0022",
            "PartitionKey": "somPartition",
            "RowKey": "18",
            "Timestamp": "2020-08-18T23:36:36.6570838Z",
            "SomeStringProperty": "This is table entity number 18",
            "SomeDateProperty@odata.type": "Edm.DateTime",
            "SomeDateProperty": "2020-01-01T01:19:00Z",
            "SomeGuidProperty@odata.type": "Edm.Guid",
            "SomeGuidProperty": "0d391d16-97f1-4b9a-be68-4cc871f90018",
            "SomeBinaryProperty@odata.type": "Edm.Binary",
            "SomeBinaryProperty": "AQIDBAU=",
            "SomeInt64Property@odata.type": "Edm.Int64",
            "SomeInt64Property": "18",
            "SomeDoubleProperty0": 18.0,
            "SomeDoubleProperty1": 18.1,
            "SomeIntProperty": 18
          },
          {
            "odata.etag": "W/\u0022datetime\u00272020-08-18T23%3A36%3A36.6951146Z\u0027\u0022",
            "PartitionKey": "somPartition",
            "RowKey": "19",
            "Timestamp": "2020-08-18T23:36:36.6951146Z",
            "SomeStringProperty": "This is table entity number 19",
            "SomeDateProperty@odata.type": "Edm.DateTime",
            "SomeDateProperty": "2020-01-01T01:20:00Z",
            "SomeGuidProperty@odata.type": "Edm.Guid",
            "SomeGuidProperty": "0d391d16-97f1-4b9a-be68-4cc871f90019",
            "SomeBinaryProperty@odata.type": "Edm.Binary",
            "SomeBinaryProperty": "AQIDBAU=",
            "SomeInt64Property@odata.type": "Edm.Int64",
            "SomeInt64Property": "19",
            "SomeDoubleProperty0": 19.0,
            "SomeDoubleProperty1": 19.1,
            "SomeIntProperty": 19
          },
          {
            "odata.etag": "W/\u0022datetime\u00272020-08-18T23%3A36%3A36.7351482Z\u0027\u0022",
            "PartitionKey": "somPartition",
            "RowKey": "20",
            "Timestamp": "2020-08-18T23:36:36.7351482Z",
            "SomeStringProperty": "This is table entity number 20",
            "SomeDateProperty@odata.type": "Edm.DateTime",
            "SomeDateProperty": "2020-01-01T01:21:00Z",
            "SomeGuidProperty@odata.type": "Edm.Guid",
            "SomeGuidProperty": "0d391d16-97f1-4b9a-be68-4cc871f90020",
            "SomeBinaryProperty@odata.type": "Edm.Binary",
            "SomeBinaryProperty": "AQIDBAU=",
            "SomeInt64Property@odata.type": "Edm.Int64",
            "SomeInt64Property": "20",
            "SomeDoubleProperty0": 20.0,
            "SomeDoubleProperty1": 20.1,
            "SomeIntProperty": 20
          }
        ]
      }
    },
    {
      "RequestUri": "https://chrissscratch.table.core.windows.net/Tables(\u0027testtable6nmld7qt\u0027)",
      "RequestMethod": "DELETE",
      "RequestHeaders": {
        "Accept": "application/json",
        "Authorization": "Sanitized",
        "traceparent": "00-d234776d50dbaf47bbcd6d3861035f5e-0405b7572cdec947-00",
        "User-Agent": [
          "azsdk-net-Data.Tables/1.0.0-dev.20200818.1",
          "(.NET Core 4.6.29130.01; Microsoft Windows 10.0.18363 )"
        ],
        "x-ms-client-request-id": "d55dad8c1dca6dc9b1c0abb9240e9103",
        "x-ms-date": "Tue, 18 Aug 2020 23:36:37 GMT",
        "x-ms-return-client-request-id": "true",
        "x-ms-version": "2019-02-02"
      },
      "RequestBody": null,
      "StatusCode": 204,
      "ResponseHeaders": {
        "Cache-Control": "no-cache",
        "Content-Length": "0",
        "Date": "Tue, 18 Aug 2020 23:36:36 GMT",
        "Server": [
          "Windows-Azure-Table/1.0",
          "Microsoft-HTTPAPI/2.0"
        ],
        "X-Content-Type-Options": "nosniff",
        "x-ms-client-request-id": "d55dad8c1dca6dc9b1c0abb9240e9103",
        "x-ms-request-id": "76002a55-e002-002a-5eb8-75b1ad000000",
        "x-ms-version": "2019-02-02"
      },
      "ResponseBody": []
    }
  ],
  "Variables": {
    "RandomSeed": "1090171289",
    "TABLES_PRIMARY_STORAGE_ACCOUNT_KEY": "",
    "TABLES_STORAGE_ACCOUNT_NAME": "chrissscratch"
  }
}