{
  "Entries": [
    {
      "RequestUri": "https://chrissscratch.table.core.windows.net/Tables?$format=application%2Fjson%3Bodata%3Dfullmetadata",
      "RequestMethod": "POST",
      "RequestHeaders": {
        "Authorization": "Sanitized",
        "Content-Length": "33",
        "Content-Type": "application/json; odata=nometadata",
        "DataServiceVersion": "3.0",
        "traceparent": "00-306f2b62b4dacb4b82b8f3e47484a985-6be9e0ddce441543-00",
        "User-Agent": [
          "azsdk-net-Data.Tables/1.0.0-dev.20200713.1",
          "(.NET Core 4.6.28928.01; Microsoft Windows 10.0.18363 )"
        ],
        "x-ms-client-request-id": "ea2a7c14ac129444bb92eed50090af04",
        "x-ms-date": "Tue, 14 Jul 2020 20:56:15 GMT",
        "x-ms-return-client-request-id": "true",
        "x-ms-version": "2019-02-02"
      },
      "RequestBody": {
        "TableName": "testtable9k9pvnd0"
      },
      "StatusCode": 201,
      "ResponseHeaders": {
        "Cache-Control": "no-cache",
        "Content-Type": "application/json; odata=fullmetadata; streaming=true; charset=utf-8",
        "Date": "Tue, 14 Jul 2020 20:56:14 GMT",
        "Location": "https://chrissscratch.table.core.windows.net/Tables(\u0027testtable9k9pvnd0\u0027)",
        "Server": [
          "Windows-Azure-Table/1.0",
          "Microsoft-HTTPAPI/2.0"
        ],
        "Transfer-Encoding": "chunked",
        "X-Content-Type-Options": "nosniff",
        "x-ms-client-request-id": "ea2a7c14ac129444bb92eed50090af04",
        "x-ms-request-id": "20750593-b002-001b-7f21-5aea7a000000",
        "x-ms-version": "2019-02-02"
      },
      "ResponseBody": {
        "odata.metadata": "https://chrissscratch.table.core.windows.net/$metadata#Tables/@Element",
        "odata.type": "chrissscratch.Tables",
        "odata.id": "https://chrissscratch.table.core.windows.net/Tables(\u0027testtable9k9pvnd0\u0027)",
        "odata.editLink": "Tables(\u0027testtable9k9pvnd0\u0027)",
        "TableName": "testtable9k9pvnd0"
      }
    },
    {
      "RequestUri": "https://chrissscratch.table.core.windows.net/testtable9k9pvnd0?$format=application%2Fjson%3Bodata%3Dfullmetadata",
      "RequestMethod": "POST",
      "RequestHeaders": {
        "Authorization": "Sanitized",
        "Content-Length": "741",
        "Content-Type": "application/json; odata=nometadata",
        "DataServiceVersion": "3.0",
        "traceparent": "00-738f01c237949a458cba9a880b60c552-930b9467a7d2ec4b-00",
        "User-Agent": [
          "azsdk-net-Data.Tables/1.0.0-dev.20200713.1",
          "(.NET Core 4.6.28928.01; Microsoft Windows 10.0.18363 )"
        ],
        "x-ms-client-request-id": "5c87c9555e0b52fa4b6cc4f805778767",
        "x-ms-date": "Tue, 14 Jul 2020 20:56:15 GMT",
        "x-ms-return-client-request-id": "true",
        "x-ms-version": "2019-02-02"
      },
      "RequestBody": {
        "StringTypeProperty": "This is table entity number 01",
        "DatetimeTypeProperty": "2020-01-01T01:02:00.0000000Z",
        "DatetimeTypeProperty@odata.type": "Edm.DateTime",
        "DatetimeOffsetTypeProperty": "2020-01-01T01:02:00.0000000Z",
        "DatetimeOffsetTypeProperty@odata.type": "Edm.DateTime",
        "GuidTypeProperty": "0d391d16-97f1-4b9a-be68-4cc871f90001",
        "GuidTypeProperty@odata.type": "Edm.Guid",
        "BinaryTypeProperty": "AQIDBAU=",
        "BinaryTypeProperty@odata.type": "Edm.Binary",
        "Int64TypeProperty": "1",
        "Int64TypeProperty@odata.type": "Edm.Int64",
        "DoubleTypeProperty": 1,
        "DoubleTypeProperty@odata.type": "Edm.Double",
        "IntTypeProperty": 1,
        "PartitionKey": "somPartition",
        "RowKey": "01",
        "Timestamp": "0001-01-01T00:00:00.0000000Z",
        "Timestamp@odata.type": "Edm.DateTime",
        "ETag": null
      },
      "StatusCode": 201,
      "ResponseHeaders": {
        "Cache-Control": "no-cache",
        "Content-Type": "application/json; odata=fullmetadata; streaming=true; charset=utf-8",
        "Date": "Tue, 14 Jul 2020 20:56:14 GMT",
        "ETag": "W/\u0022datetime\u00272020-07-14T20%3A56%3A14.8077294Z\u0027\u0022",
        "Location": "https://chrissscratch.table.core.windows.net/testtable9k9pvnd0(PartitionKey=\u0027somPartition\u0027,RowKey=\u002701\u0027)",
        "Server": [
          "Windows-Azure-Table/1.0",
          "Microsoft-HTTPAPI/2.0"
        ],
        "Transfer-Encoding": "chunked",
        "X-Content-Type-Options": "nosniff",
        "x-ms-client-request-id": "5c87c9555e0b52fa4b6cc4f805778767",
        "x-ms-request-id": "207505a0-b002-001b-0b21-5aea7a000000",
        "x-ms-version": "2019-02-02"
      },
      "ResponseBody": {
        "odata.metadata": "https://chrissscratch.table.core.windows.net/$metadata#testtable9k9pvnd0/@Element",
        "odata.type": "chrissscratch.testtable9k9pvnd0",
        "odata.id": "https://chrissscratch.table.core.windows.net/testtable9k9pvnd0(PartitionKey=\u0027somPartition\u0027,RowKey=\u002701\u0027)",
        "odata.etag": "W/\u0022datetime\u00272020-07-14T20%3A56%3A14.8077294Z\u0027\u0022",
        "odata.editLink": "testtable9k9pvnd0(PartitionKey=\u0027somPartition\u0027,RowKey=\u002701\u0027)",
        "PartitionKey": "somPartition",
        "RowKey": "01",
        "Timestamp@odata.type": "Edm.DateTime",
        "Timestamp": "2020-07-14T20:56:14.8077294Z",
        "StringTypeProperty": "This is table entity number 01",
        "DatetimeTypeProperty@odata.type": "Edm.DateTime",
        "DatetimeTypeProperty": "2020-01-01T01:02:00Z",
        "DatetimeOffsetTypeProperty@odata.type": "Edm.DateTime",
        "DatetimeOffsetTypeProperty": "2020-01-01T01:02:00Z",
        "GuidTypeProperty@odata.type": "Edm.Guid",
        "GuidTypeProperty": "0d391d16-97f1-4b9a-be68-4cc871f90001",
        "BinaryTypeProperty@odata.type": "Edm.Binary",
        "BinaryTypeProperty": "AQIDBAU=",
        "Int64TypeProperty@odata.type": "Edm.Int64",
        "Int64TypeProperty": "1",
        "DoubleTypeProperty": 1.0,
        "IntTypeProperty": 1
      }
    },
    {
      "RequestUri": "https://chrissscratch.table.core.windows.net/testtable9k9pvnd0()?$format=application%2Fjson%3Bodata%3Dfullmetadata\u0026$filter=PartitionKey%20eq%20%27somPartition%27%20and%20RowKey%20eq%20%2701%27",
      "RequestMethod": "GET",
      "RequestHeaders": {
        "Authorization": "Sanitized",
        "DataServiceVersion": "3.0",
        "User-Agent": [
          "azsdk-net-Data.Tables/1.0.0-dev.20200713.1",
          "(.NET Core 4.6.28928.01; Microsoft Windows 10.0.18363 )"
        ],
        "x-ms-client-request-id": "976591fd666fe885610e21e9e758ceb1",
        "x-ms-date": "Tue, 14 Jul 2020 20:56:15 GMT",
        "x-ms-return-client-request-id": "true",
        "x-ms-version": "2019-02-02"
      },
      "RequestBody": null,
      "StatusCode": 200,
      "ResponseHeaders": {
        "Cache-Control": "no-cache",
        "Content-Type": "application/json; odata=fullmetadata; streaming=true; charset=utf-8",
        "Date": "Tue, 14 Jul 2020 20:56:14 GMT",
        "Server": [
          "Windows-Azure-Table/1.0",
          "Microsoft-HTTPAPI/2.0"
        ],
        "Transfer-Encoding": "chunked",
        "X-Content-Type-Options": "nosniff",
        "x-ms-client-request-id": "976591fd666fe885610e21e9e758ceb1",
        "x-ms-request-id": "207505a7-b002-001b-1221-5aea7a000000",
        "x-ms-version": "2019-02-02"
      },
      "ResponseBody": {
        "odata.metadata": "https://chrissscratch.table.core.windows.net/$metadata#testtable9k9pvnd0",
        "value": [
          {
            "odata.type": "chrissscratch.testtable9k9pvnd0",
            "odata.id": "https://chrissscratch.table.core.windows.net/testtable9k9pvnd0(PartitionKey=\u0027somPartition\u0027,RowKey=\u002701\u0027)",
            "odata.etag": "W/\u0022datetime\u00272020-07-14T20%3A56%3A14.8077294Z\u0027\u0022",
            "odata.editLink": "testtable9k9pvnd0(PartitionKey=\u0027somPartition\u0027,RowKey=\u002701\u0027)",
            "PartitionKey": "somPartition",
            "RowKey": "01",
            "Timestamp@odata.type": "Edm.DateTime",
            "Timestamp": "2020-07-14T20:56:14.8077294Z",
            "StringTypeProperty": "This is table entity number 01",
            "DatetimeTypeProperty@odata.type": "Edm.DateTime",
            "DatetimeTypeProperty": "2020-01-01T01:02:00Z",
            "DatetimeOffsetTypeProperty@odata.type": "Edm.DateTime",
            "DatetimeOffsetTypeProperty": "2020-01-01T01:02:00Z",
            "GuidTypeProperty@odata.type": "Edm.Guid",
            "GuidTypeProperty": "0d391d16-97f1-4b9a-be68-4cc871f90001",
            "BinaryTypeProperty@odata.type": "Edm.Binary",
            "BinaryTypeProperty": "AQIDBAU=",
            "Int64TypeProperty@odata.type": "Edm.Int64",
            "Int64TypeProperty": "1",
            "DoubleTypeProperty": 1.0,
            "IntTypeProperty": 1
          }
        ]
      }
    },
    {
      "RequestUri": "https://chrissscratch.table.core.windows.net/Tables(\u0027testtable9k9pvnd0\u0027)",
      "RequestMethod": "DELETE",
      "RequestHeaders": {
        "Accept": "application/json",
        "Authorization": "Sanitized",
        "traceparent": "00-2d7fea23c3d08748ab5b908d5c2e25c8-ced3eb3299653c41-00",
        "User-Agent": [
          "azsdk-net-Data.Tables/1.0.0-dev.20200713.1",
          "(.NET Core 4.6.28928.01; Microsoft Windows 10.0.18363 )"
        ],
        "x-ms-client-request-id": "13ae55fd3414b67e82d89fa5e74c8e43",
        "x-ms-date": "Tue, 14 Jul 2020 20:56:15 GMT",
        "x-ms-return-client-request-id": "true",
        "x-ms-version": "2019-02-02"
      },
      "RequestBody": null,
      "StatusCode": 204,
      "ResponseHeaders": {
        "Cache-Control": "no-cache",
        "Content-Length": "0",
        "Date": "Tue, 14 Jul 2020 20:56:14 GMT",
        "Server": [
          "Windows-Azure-Table/1.0",
          "Microsoft-HTTPAPI/2.0"
        ],
        "X-Content-Type-Options": "nosniff",
        "x-ms-client-request-id": "13ae55fd3414b67e82d89fa5e74c8e43",
        "x-ms-request-id": "207505af-b002-001b-1921-5aea7a000000",
        "x-ms-version": "2019-02-02"
      },
      "ResponseBody": []
    }
  ],
  "Variables": {
    "RandomSeed": "1353972034",
    "TABLES_PRIMARY_STORAGE_ACCOUNT_KEY": "",
    "TABLES_STORAGE_ACCOUNT_NAME": "chrissscratch"
  }
}