{
  "Entries": [
    {
      "RequestUri": "https://t487ba7ce49634c8eprim.table.core.windows.net/Tables?$format=application%2Fjson%3Bodata%3Dminimalmetadata",
      "RequestMethod": "POST",
      "RequestHeaders": {
        "Accept": "application/json",
        "Authorization": "Sanitized",
        "Content-Length": "33",
        "Content-Type": "application/json; odata=nometadata",
        "DataServiceVersion": "3.0",
        "traceparent": "00-06066b333b68f64a80014af6b59d6d84-bc3a835a28c9e242-00",
        "User-Agent": [
          "azsdk-net-Data.Tables/1.0.0-dev.20200825.2",
          "(.NET Core 4.6.27514.02; Microsoft Windows 10.0.17763 )"
        ],
        "x-ms-client-request-id": "e6cd5cbf6b63ae666115c193572e0449",
        "x-ms-date": "Tue, 25 Aug 2020 16:35:05 GMT",
        "x-ms-return-client-request-id": "true",
        "x-ms-version": "2019-02-02"
      },
      "RequestBody": {
        "TableName": "testtable15crens9"
      },
      "StatusCode": 201,
      "ResponseHeaders": {
        "Cache-Control": "no-cache",
        "Content-Type": "application/json; odata=minimalmetadata; streaming=true; charset=utf-8",
        "Date": "Tue, 25 Aug 2020 16:35:05 GMT",
        "Location": "https://t487ba7ce49634c8eprim.table.core.windows.net/Tables(\u0027testtable15crens9\u0027)",
        "Server": [
          "Windows-Azure-Table/1.0",
          "Microsoft-HTTPAPI/2.0"
        ],
        "Transfer-Encoding": "chunked",
        "X-Content-Type-Options": "nosniff",
        "x-ms-client-request-id": "e6cd5cbf6b63ae666115c193572e0449",
        "x-ms-request-id": "bbb60f36-1002-003f-09fd-7a1287000000",
        "x-ms-version": "2019-02-02"
      },
      "ResponseBody": {
        "odata.metadata": "https://t487ba7ce49634c8eprim.table.core.windows.net/$metadata#Tables/@Element",
        "TableName": "testtable15crens9"
      }
    },
    {
      "RequestUri": "https://t487ba7ce49634c8eprim.table.core.windows.net/testtable15crens9(PartitionKey=\u0027somPartition\u0027,RowKey=\u00271\u0027)?$format=application%2Fjson%3Bodata%3Dminimalmetadata",
      "RequestMethod": "PUT",
      "RequestHeaders": {
        "Accept": "application/json",
        "Authorization": "Sanitized",
        "Content-Length": "88",
        "Content-Type": "application/json",
        "DataServiceVersion": "3.0",
        "traceparent": "00-d60fad0aae4bd54a8b280a7cf1e31952-4eeb09c7198f7645-00",
        "User-Agent": [
          "azsdk-net-Data.Tables/1.0.0-dev.20200825.2",
          "(.NET Core 4.6.27514.02; Microsoft Windows 10.0.17763 )"
        ],
        "x-ms-client-request-id": "5578b029765270f011502de13dc387fb",
        "x-ms-date": "Tue, 25 Aug 2020 16:35:05 GMT",
        "x-ms-return-client-request-id": "true",
        "x-ms-version": "2019-02-02"
      },
      "RequestBody": {
        "PartitionKey": "somPartition",
        "RowKey": "1",
        "SomeStringProperty": "This is the original"
      },
      "StatusCode": 204,
      "ResponseHeaders": {
        "Cache-Control": "no-cache",
        "Content-Length": "0",
        "Date": "Tue, 25 Aug 2020 16:35:05 GMT",
        "ETag": "W/\u0022datetime\u00272020-08-25T16%3A35%3A06.0098417Z\u0027\u0022",
        "Server": [
          "Windows-Azure-Table/1.0",
          "Microsoft-HTTPAPI/2.0"
        ],
        "X-Content-Type-Options": "nosniff",
        "x-ms-client-request-id": "5578b029765270f011502de13dc387fb",
        "x-ms-request-id": "bbb60f38-1002-003f-0afd-7a1287000000",
        "x-ms-version": "2019-02-02"
      },
      "ResponseBody": []
    },
    {
      "RequestUri": "https://t487ba7ce49634c8eprim.table.core.windows.net/testtable15crens9()?$format=application%2Fjson%3Bodata%3Dminimalmetadata\u0026$filter=PartitionKey%20eq%20%27somPartition%27%20and%20RowKey%20eq%20%271%27",
      "RequestMethod": "GET",
      "RequestHeaders": {
        "Accept": "application/json",
        "Authorization": "Sanitized",
        "DataServiceVersion": "3.0",
        "User-Agent": [
          "azsdk-net-Data.Tables/1.0.0-dev.20200825.2",
          "(.NET Core 4.6.27514.02; Microsoft Windows 10.0.17763 )"
        ],
        "x-ms-client-request-id": "0144b4c647b9197602c7a6862821e18c",
        "x-ms-date": "Tue, 25 Aug 2020 16:35:06 GMT",
        "x-ms-return-client-request-id": "true",
        "x-ms-version": "2019-02-02"
      },
      "RequestBody": null,
      "StatusCode": 200,
      "ResponseHeaders": {
        "Cache-Control": "no-cache",
        "Content-Type": "application/json; odata=minimalmetadata; streaming=true; charset=utf-8",
        "Date": "Tue, 25 Aug 2020 16:35:05 GMT",
        "Server": [
          "Windows-Azure-Table/1.0",
          "Microsoft-HTTPAPI/2.0"
        ],
        "Transfer-Encoding": "chunked",
        "X-Content-Type-Options": "nosniff",
        "x-ms-client-request-id": "0144b4c647b9197602c7a6862821e18c",
        "x-ms-request-id": "bbb60f40-1002-003f-12fd-7a1287000000",
        "x-ms-version": "2019-02-02"
      },
      "ResponseBody": {
        "odata.metadata": "https://t487ba7ce49634c8eprim.table.core.windows.net/$metadata#testtable15crens9",
        "value": [
          {
            "odata.etag": "W/\u0022datetime\u00272020-08-25T16%3A35%3A06.0098417Z\u0027\u0022",
            "PartitionKey": "somPartition",
            "RowKey": "1",
            "Timestamp": "2020-08-25T16:35:06.0098417Z",
            "SomeStringProperty": "This is the original"
          }
        ]
      }
    },
    {
      "RequestUri": "https://t487ba7ce49634c8eprim.table.core.windows.net/testtable15crens9(PartitionKey=\u0027somPartition\u0027,RowKey=\u00271\u0027)?$format=application%2Fjson%3Bodata%3Dminimalmetadata",
      "RequestMethod": "DELETE",
      "RequestHeaders": {
        "Accept": "application/json; odata=minimalmetadata",
        "Authorization": "Sanitized",
        "DataServiceVersion": "3.0",
        "If-Match": "*",
        "traceparent": "00-9b1274a142f6cf44ad73978a2bfdcfff-715454c10665e141-00",
        "User-Agent": [
          "azsdk-net-Data.Tables/1.0.0-dev.20200825.2",
          "(.NET Core 4.6.27514.02; Microsoft Windows 10.0.17763 )"
        ],
        "x-ms-client-request-id": "09dd0bf62fa3e56ddd76521b38cc2352",
        "x-ms-date": "Tue, 25 Aug 2020 16:35:06 GMT",
        "x-ms-return-client-request-id": "true",
        "x-ms-version": "2019-02-02"
      },
      "RequestBody": null,
      "StatusCode": 204,
      "ResponseHeaders": {
        "Cache-Control": "no-cache",
        "Content-Length": "0",
        "Date": "Tue, 25 Aug 2020 16:35:05 GMT",
        "Server": [
          "Windows-Azure-Table/1.0",
          "Microsoft-HTTPAPI/2.0"
        ],
        "X-Content-Type-Options": "nosniff",
        "x-ms-client-request-id": "09dd0bf62fa3e56ddd76521b38cc2352",
        "x-ms-request-id": "bbb60f4c-1002-003f-1efd-7a1287000000",
        "x-ms-version": "2019-02-02"
      },
      "ResponseBody": []
    },
    {
      "RequestUri": "https://t487ba7ce49634c8eprim.table.core.windows.net/testtable15crens9()?$format=application%2Fjson%3Bodata%3Dminimalmetadata\u0026$filter=PartitionKey%20eq%20%27somPartition%27%20and%20RowKey%20eq%20%271%27",
      "RequestMethod": "GET",
      "RequestHeaders": {
        "Accept": "application/json",
        "Authorization": "Sanitized",
        "DataServiceVersion": "3.0",
        "User-Agent": [
          "azsdk-net-Data.Tables/1.0.0-dev.20200825.2",
          "(.NET Core 4.6.27514.02; Microsoft Windows 10.0.17763 )"
        ],
        "x-ms-client-request-id": "7990983947bfe244395f528ad06947ef",
        "x-ms-date": "Tue, 25 Aug 2020 16:35:06 GMT",
        "x-ms-return-client-request-id": "true",
        "x-ms-version": "2019-02-02"
      },
      "RequestBody": null,
      "StatusCode": 200,
      "ResponseHeaders": {
        "Cache-Control": "no-cache",
        "Content-Type": "application/json; odata=minimalmetadata; streaming=true; charset=utf-8",
        "Date": "Tue, 25 Aug 2020 16:35:05 GMT",
        "Server": [
          "Windows-Azure-Table/1.0",
          "Microsoft-HTTPAPI/2.0"
        ],
        "Transfer-Encoding": "chunked",
        "X-Content-Type-Options": "nosniff",
        "x-ms-client-request-id": "7990983947bfe244395f528ad06947ef",
        "x-ms-request-id": "bbb60f4d-1002-003f-1ffd-7a1287000000",
        "x-ms-version": "2019-02-02"
      },
      "ResponseBody": {
        "odata.metadata": "https://t487ba7ce49634c8eprim.table.core.windows.net/$metadata#testtable15crens9",
        "value": []
      }
    },
    {
      "RequestUri": "https://t487ba7ce49634c8eprim.table.core.windows.net/testtable15crens9(PartitionKey=\u0027somPartition\u0027,RowKey=\u00271\u0027)?$format=application%2Fjson%3Bodata%3Dminimalmetadata",
      "RequestMethod": "PUT",
      "RequestHeaders": {
        "Accept": "application/json",
        "Authorization": "Sanitized",
        "Content-Length": "88",
        "Content-Type": "application/json",
        "DataServiceVersion": "3.0",
        "traceparent": "00-c23c0b54ccaf8947811042650bdb59c6-e93950f28d81f045-00",
        "User-Agent": [
          "azsdk-net-Data.Tables/1.0.0-dev.20200825.2",
          "(.NET Core 4.6.27514.02; Microsoft Windows 10.0.17763 )"
        ],
        "x-ms-client-request-id": "32eaa16e7ee69757475f2443f45be036",
        "x-ms-date": "Tue, 25 Aug 2020 16:35:06 GMT",
        "x-ms-return-client-request-id": "true",
        "x-ms-version": "2019-02-02"
      },
      "RequestBody": {
        "PartitionKey": "somPartition",
        "RowKey": "1",
        "SomeStringProperty": "This is the original"
      },
      "StatusCode": 204,
      "ResponseHeaders": {
        "Cache-Control": "no-cache",
        "Content-Length": "0",
        "Date": "Tue, 25 Aug 2020 16:35:05 GMT",
        "ETag": "W/\u0022datetime\u00272020-08-25T16%3A35%3A06.2990475Z\u0027\u0022",
        "Server": [
          "Windows-Azure-Table/1.0",
          "Microsoft-HTTPAPI/2.0"
        ],
        "X-Content-Type-Options": "nosniff",
        "x-ms-client-request-id": "32eaa16e7ee69757475f2443f45be036",
        "x-ms-request-id": "bbb60f52-1002-003f-24fd-7a1287000000",
        "x-ms-version": "2019-02-02"
      },
      "ResponseBody": []
    },
    {
      "RequestUri": "https://t487ba7ce49634c8eprim.table.core.windows.net/testtable15crens9()?$format=application%2Fjson%3Bodata%3Dminimalmetadata\u0026$filter=PartitionKey%20eq%20%27somPartition%27%20and%20RowKey%20eq%20%271%27",
      "RequestMethod": "GET",
      "RequestHeaders": {
        "Accept": "application/json",
        "Authorization": "Sanitized",
        "DataServiceVersion": "3.0",
        "User-Agent": [
          "azsdk-net-Data.Tables/1.0.0-dev.20200825.2",
          "(.NET Core 4.6.27514.02; Microsoft Windows 10.0.17763 )"
        ],
        "x-ms-client-request-id": "8f4c54a36791afcdc6fad044dce21473",
        "x-ms-date": "Tue, 25 Aug 2020 16:35:06 GMT",
        "x-ms-return-client-request-id": "true",
        "x-ms-version": "2019-02-02"
      },
      "RequestBody": null,
      "StatusCode": 200,
      "ResponseHeaders": {
        "Cache-Control": "no-cache",
        "Content-Type": "application/json; odata=minimalmetadata; streaming=true; charset=utf-8",
        "Date": "Tue, 25 Aug 2020 16:35:05 GMT",
        "Server": [
          "Windows-Azure-Table/1.0",
          "Microsoft-HTTPAPI/2.0"
        ],
        "Transfer-Encoding": "chunked",
        "X-Content-Type-Options": "nosniff",
        "x-ms-client-request-id": "8f4c54a36791afcdc6fad044dce21473",
        "x-ms-request-id": "bbb60f53-1002-003f-25fd-7a1287000000",
        "x-ms-version": "2019-02-02"
      },
      "ResponseBody": {
        "odata.metadata": "https://t487ba7ce49634c8eprim.table.core.windows.net/$metadata#testtable15crens9",
        "value": [
          {
            "odata.etag": "W/\u0022datetime\u00272020-08-25T16%3A35%3A06.2990475Z\u0027\u0022",
            "PartitionKey": "somPartition",
            "RowKey": "1",
            "Timestamp": "2020-08-25T16:35:06.2990475Z",
            "SomeStringProperty": "This is the original"
          }
        ]
      }
    },
    {
      "RequestUri": "https://t487ba7ce49634c8eprim.table.core.windows.net/testtable15crens9(PartitionKey=\u0027somPartition\u0027,RowKey=\u00271\u0027)?$format=application%2Fjson%3Bodata%3Dminimalmetadata",
      "RequestMethod": "DELETE",
      "RequestHeaders": {
        "Accept": "application/json; odata=minimalmetadata",
        "Authorization": "Sanitized",
        "DataServiceVersion": "3.0",
        "If-Match": "W/\u0022datetime\u00272020-08-25T16%3A35%3A06.0098417Z\u0027\u0022",
        "traceparent": "00-c864e2fa06b65945b4badcf0ef6dfedf-6e1c4bda950c1140-00",
        "User-Agent": [
          "azsdk-net-Data.Tables/1.0.0-dev.20200825.2",
          "(.NET Core 4.6.27514.02; Microsoft Windows 10.0.17763 )"
        ],
        "x-ms-client-request-id": "97ad622ef1e1bb6b41f8325f2201eddd",
        "x-ms-date": "Tue, 25 Aug 2020 16:35:06 GMT",
        "x-ms-return-client-request-id": "true",
        "x-ms-version": "2019-02-02"
      },
      "RequestBody": null,
      "StatusCode": 412,
      "ResponseHeaders": {
        "Cache-Control": "no-cache",
        "Content-Type": "application/json; odata=minimalmetadata; streaming=true; charset=utf-8",
        "Date": "Tue, 25 Aug 2020 16:35:05 GMT",
        "Server": [
          "Windows-Azure-Table/1.0",
          "Microsoft-HTTPAPI/2.0"
        ],
        "Transfer-Encoding": "chunked",
        "X-Content-Type-Options": "nosniff",
        "x-ms-client-request-id": "97ad622ef1e1bb6b41f8325f2201eddd",
        "x-ms-request-id": "bbb60f5a-1002-003f-2cfd-7a1287000000",
        "x-ms-version": "2019-02-02"
      },
      "ResponseBody": {
        "odata.error": {
          "code": "UpdateConditionNotSatisfied",
          "message": {
            "lang": "en-US",
            "value": "The update condition specified in the request was not satisfied.\nRequestId:bbb60f5a-1002-003f-2cfd-7a1287000000\nTime:2020-08-25T16:35:06.4440670Z"
          }
        }
      }
    },
    {
      "RequestUri": "https://t487ba7ce49634c8eprim.table.core.windows.net/testtable15crens9(PartitionKey=\u0027somPartition\u0027,RowKey=\u00271\u0027)?$format=application%2Fjson%3Bodata%3Dminimalmetadata",
      "RequestMethod": "DELETE",
      "RequestHeaders": {
        "Accept": "application/json; odata=minimalmetadata",
        "Authorization": "Sanitized",
        "DataServiceVersion": "3.0",
        "If-Match": "W/\u0022datetime\u00272020-08-25T16%3A35%3A06.2990475Z\u0027\u0022",
        "traceparent": "00-c503eee02ad94344b351bd4b29c0d84e-6752cbc0202b214f-00",
        "User-Agent": [
          "azsdk-net-Data.Tables/1.0.0-dev.20200825.2",
          "(.NET Core 4.6.27514.02; Microsoft Windows 10.0.17763 )"
        ],
        "x-ms-client-request-id": "7ce71c7eb81c065ed43a6bebae13bb64",
        "x-ms-date": "Tue, 25 Aug 2020 16:35:06 GMT",
        "x-ms-return-client-request-id": "true",
        "x-ms-version": "2019-02-02"
      },
      "RequestBody": null,
      "StatusCode": 204,
      "ResponseHeaders": {
        "Cache-Control": "no-cache",
        "Content-Length": "0",
        "Date": "Tue, 25 Aug 2020 16:35:05 GMT",
        "Server": [
          "Windows-Azure-Table/1.0",
          "Microsoft-HTTPAPI/2.0"
        ],
        "X-Content-Type-Options": "nosniff",
        "x-ms-client-request-id": "7ce71c7eb81c065ed43a6bebae13bb64",
        "x-ms-request-id": "bbb60f5c-1002-003f-2efd-7a1287000000",
        "x-ms-version": "2019-02-02"
      },
      "ResponseBody": []
    },
    {
      "RequestUri": "https://t487ba7ce49634c8eprim.table.core.windows.net/testtable15crens9()?$format=application%2Fjson%3Bodata%3Dminimalmetadata\u0026$filter=PartitionKey%20eq%20%27somPartition%27%20and%20RowKey%20eq%20%271%27",
      "RequestMethod": "GET",
      "RequestHeaders": {
        "Accept": "application/json",
        "Authorization": "Sanitized",
        "DataServiceVersion": "3.0",
        "User-Agent": [
          "azsdk-net-Data.Tables/1.0.0-dev.20200825.2",
          "(.NET Core 4.6.27514.02; Microsoft Windows 10.0.17763 )"
        ],
        "x-ms-client-request-id": "9114b14a49aeb154e8914e98356d8dc5",
        "x-ms-date": "Tue, 25 Aug 2020 16:35:06 GMT",
        "x-ms-return-client-request-id": "true",
        "x-ms-version": "2019-02-02"
      },
      "RequestBody": null,
      "StatusCode": 200,
      "ResponseHeaders": {
        "Cache-Control": "no-cache",
        "Content-Type": "application/json; odata=minimalmetadata; streaming=true; charset=utf-8",
        "Date": "Tue, 25 Aug 2020 16:35:05 GMT",
        "Server": [
          "Windows-Azure-Table/1.0",
          "Microsoft-HTTPAPI/2.0"
        ],
        "Transfer-Encoding": "chunked",
        "X-Content-Type-Options": "nosniff",
        "x-ms-client-request-id": "9114b14a49aeb154e8914e98356d8dc5",
        "x-ms-request-id": "bbb60f5e-1002-003f-30fd-7a1287000000",
        "x-ms-version": "2019-02-02"
      },
      "ResponseBody": {
        "odata.metadata": "https://t487ba7ce49634c8eprim.table.core.windows.net/$metadata#testtable15crens9",
        "value": []
      }
    },
    {
      "RequestUri": "https://t487ba7ce49634c8eprim.table.core.windows.net/Tables(\u0027testtable15crens9\u0027)",
      "RequestMethod": "DELETE",
      "RequestHeaders": {
        "Accept": "application/json",
        "Authorization": "Sanitized",
        "traceparent": "00-31848a4b684f6f4a81f42e546144b1e7-19bee5d4cf37e74b-00",
        "User-Agent": [
          "azsdk-net-Data.Tables/1.0.0-dev.20200825.2",
          "(.NET Core 4.6.27514.02; Microsoft Windows 10.0.17763 )"
        ],
        "x-ms-client-request-id": "bfc5f20d98fa765604a6c2a786800c2e",
        "x-ms-date": "Tue, 25 Aug 2020 16:35:06 GMT",
        "x-ms-return-client-request-id": "true",
        "x-ms-version": "2019-02-02"
      },
      "RequestBody": null,
      "StatusCode": 204,
      "ResponseHeaders": {
        "Cache-Control": "no-cache",
        "Content-Length": "0",
        "Date": "Tue, 25 Aug 2020 16:35:06 GMT",
        "Server": [
          "Windows-Azure-Table/1.0",
          "Microsoft-HTTPAPI/2.0"
        ],
        "X-Content-Type-Options": "nosniff",
        "x-ms-client-request-id": "bfc5f20d98fa765604a6c2a786800c2e",
        "x-ms-request-id": "bbb60f62-1002-003f-34fd-7a1287000000",
        "x-ms-version": "2019-02-02"
      },
      "ResponseBody": []
    }
  ],
  "Variables": {
    "RandomSeed": "1636867391",
    "TABLES_PRIMARY_STORAGE_ACCOUNT_KEY": "Kg==",
    "TABLES_STORAGE_ACCOUNT_NAME": "t487ba7ce49634c8eprim"
  }
}