{
  "Entries": [
    {
      "RequestUri": "https://chrissscratch.table.core.windows.net/Tables?$format=application%2Fjson%3Bodata%3Dminimalmetadata",
      "RequestMethod": "POST",
      "RequestHeaders": {
        "Accept": "application/json",
        "Authorization": "Sanitized",
        "Content-Length": "33",
        "Content-Type": "application/json; odata=nometadata",
        "DataServiceVersion": "3.0",
        "traceparent": "00-b53d5e15e5785d47ae8ae92eda890bec-406a4c53e473f84a-00",
        "User-Agent": [
          "azsdk-net-Data.Tables/1.0.0-dev.20200818.1",
          "(.NET Core 4.6.29130.01; Microsoft Windows 10.0.18363 )"
        ],
        "x-ms-client-request-id": "6459da925d81c985758d0b0e0a22d32a",
        "x-ms-date": "Tue, 18 Aug 2020 23:41:40 GMT",
        "x-ms-return-client-request-id": "true",
        "x-ms-version": "2019-02-02"
      },
      "RequestBody": {
        "TableName": "testtablem45me066"
      },
      "StatusCode": 201,
      "ResponseHeaders": {
        "Cache-Control": "no-cache",
        "Content-Type": "application/json; odata=minimalmetadata; streaming=true; charset=utf-8",
        "Date": "Tue, 18 Aug 2020 23:41:39 GMT",
        "Location": "https://chrissscratch.table.core.windows.net/Tables(\u0027testtablem45me066\u0027)",
        "Server": [
          "Windows-Azure-Table/1.0",
          "Microsoft-HTTPAPI/2.0"
        ],
        "Transfer-Encoding": "chunked",
        "X-Content-Type-Options": "nosniff",
        "x-ms-client-request-id": "6459da925d81c985758d0b0e0a22d32a",
        "x-ms-request-id": "bc061bfd-0002-006f-29b9-756c3c000000",
        "x-ms-version": "2019-02-02"
      },
      "ResponseBody": {
        "odata.metadata": "https://chrissscratch.table.core.windows.net/$metadata#Tables/@Element",
        "TableName": "testtablem45me066"
      }
    },
    {
      "RequestUri": "https://chrissscratch.table.core.windows.net/testtablem45me066(PartitionKey=\u0027somPartition\u0027,RowKey=\u00271\u0027)?$format=application%2Fjson%3Bodata%3Dminimalmetadata",
      "RequestMethod": "PUT",
      "RequestHeaders": {
        "Accept": "application/json",
        "Authorization": "Sanitized",
        "Content-Length": "88",
        "Content-Type": "application/json",
        "DataServiceVersion": "3.0",
        "traceparent": "00-b85b92647c52484586776c08275663bc-737296f929275846-00",
        "User-Agent": [
          "azsdk-net-Data.Tables/1.0.0-dev.20200818.1",
          "(.NET Core 4.6.29130.01; Microsoft Windows 10.0.18363 )"
        ],
        "x-ms-client-request-id": "88139caf55f8d39083f617c82dc08657",
        "x-ms-date": "Tue, 18 Aug 2020 23:41:40 GMT",
        "x-ms-return-client-request-id": "true",
        "x-ms-version": "2019-02-02"
      },
      "RequestBody": {
        "PartitionKey": "somPartition",
        "RowKey": "1",
        "SomeStringProperty": "This is the original"
      },
      "StatusCode": 204,
      "ResponseHeaders": {
        "Cache-Control": "no-cache",
        "Content-Length": "0",
        "Date": "Tue, 18 Aug 2020 23:41:39 GMT",
        "ETag": "W/\u0022datetime\u00272020-08-18T23%3A41%3A40.0547688Z\u0027\u0022",
        "Server": [
          "Windows-Azure-Table/1.0",
          "Microsoft-HTTPAPI/2.0"
        ],
        "X-Content-Type-Options": "nosniff",
        "x-ms-client-request-id": "88139caf55f8d39083f617c82dc08657",
        "x-ms-request-id": "bc061c0c-0002-006f-34b9-756c3c000000",
        "x-ms-version": "2019-02-02"
      },
      "ResponseBody": []
    },
    {
      "RequestUri": "https://chrissscratch.table.core.windows.net/testtablem45me066()?$format=application%2Fjson%3Bodata%3Dminimalmetadata\u0026$filter=PartitionKey%20eq%20%27somPartition%27%20and%20RowKey%20eq%20%271%27",
      "RequestMethod": "GET",
      "RequestHeaders": {
        "Accept": "application/json",
        "Authorization": "Sanitized",
        "DataServiceVersion": "3.0",
        "User-Agent": [
          "azsdk-net-Data.Tables/1.0.0-dev.20200818.1",
          "(.NET Core 4.6.29130.01; Microsoft Windows 10.0.18363 )"
        ],
        "x-ms-client-request-id": "6887dabf50206441447a8f6191897e7a",
        "x-ms-date": "Tue, 18 Aug 2020 23:41:40 GMT",
        "x-ms-return-client-request-id": "true",
        "x-ms-version": "2019-02-02"
      },
      "RequestBody": null,
      "StatusCode": 200,
      "ResponseHeaders": {
        "Cache-Control": "no-cache",
        "Content-Type": "application/json; odata=minimalmetadata; streaming=true; charset=utf-8",
        "Date": "Tue, 18 Aug 2020 23:41:39 GMT",
        "Server": [
          "Windows-Azure-Table/1.0",
          "Microsoft-HTTPAPI/2.0"
        ],
        "Transfer-Encoding": "chunked",
        "X-Content-Type-Options": "nosniff",
        "x-ms-client-request-id": "6887dabf50206441447a8f6191897e7a",
        "x-ms-request-id": "bc061c15-0002-006f-3db9-756c3c000000",
        "x-ms-version": "2019-02-02"
      },
      "ResponseBody": {
        "odata.metadata": "https://chrissscratch.table.core.windows.net/$metadata#testtablem45me066",
        "value": [
          {
            "odata.etag": "W/\u0022datetime\u00272020-08-18T23%3A41%3A40.0547688Z\u0027\u0022",
            "PartitionKey": "somPartition",
            "RowKey": "1",
            "Timestamp": "2020-08-18T23:41:40.0547688Z",
            "SomeStringProperty": "This is the original"
          }
        ]
      }
    },
    {
      "RequestUri": "https://chrissscratch.table.core.windows.net/testtablem45me066(PartitionKey=\u0027somPartition\u0027,RowKey=\u00271\u0027)?$format=application%2Fjson%3Bodata%3Dminimalmetadata",
      "RequestMethod": "PATCH",
      "RequestHeaders": {
        "Authorization": "Sanitized",
        "Content-Length": "80",
        "Content-Type": "application/json",
        "DataServiceVersion": "3.0",
        "traceparent": "00-d410a343bd23b9458a949511239b0313-a0fe104c37832f42-00",
        "User-Agent": [
          "azsdk-net-Data.Tables/1.0.0-dev.20200818.1",
          "(.NET Core 4.6.29130.01; Microsoft Windows 10.0.18363 )"
        ],
        "x-ms-client-request-id": "358f0464eb308599c991fe666e0047cc",
        "x-ms-date": "Tue, 18 Aug 2020 23:41:40 GMT",
        "x-ms-return-client-request-id": "true",
        "x-ms-version": "2019-02-02"
      },
      "RequestBody": {
        "PartitionKey": "somPartition",
        "RowKey": "1",
        "MergedProperty": "This was merged!"
      },
      "StatusCode": 204,
      "ResponseHeaders": {
        "Cache-Control": "no-cache",
        "Content-Length": "0",
        "Date": "Tue, 18 Aug 2020 23:41:39 GMT",
        "ETag": "W/\u0022datetime\u00272020-08-18T23%3A41%3A40.1318332Z\u0027\u0022",
        "Server": [
          "Windows-Azure-Table/1.0",
          "Microsoft-HTTPAPI/2.0"
        ],
        "X-Content-Type-Options": "nosniff",
        "x-ms-client-request-id": "358f0464eb308599c991fe666e0047cc",
        "x-ms-request-id": "bc061c24-0002-006f-4cb9-756c3c000000",
        "x-ms-version": "2019-02-02"
      },
      "ResponseBody": []
    },
    {
      "RequestUri": "https://chrissscratch.table.core.windows.net/testtablem45me066()?$format=application%2Fjson%3Bodata%3Dminimalmetadata\u0026$filter=PartitionKey%20eq%20%27somPartition%27%20and%20RowKey%20eq%20%271%27",
      "RequestMethod": "GET",
      "RequestHeaders": {
        "Accept": "application/json",
        "Authorization": "Sanitized",
        "DataServiceVersion": "3.0",
        "User-Agent": [
          "azsdk-net-Data.Tables/1.0.0-dev.20200818.1",
          "(.NET Core 4.6.29130.01; Microsoft Windows 10.0.18363 )"
        ],
        "x-ms-client-request-id": "484bb685c14c5f6f5aae447dc62e41fa",
        "x-ms-date": "Tue, 18 Aug 2020 23:41:40 GMT",
        "x-ms-return-client-request-id": "true",
        "x-ms-version": "2019-02-02"
      },
      "RequestBody": null,
      "StatusCode": 200,
      "ResponseHeaders": {
        "Cache-Control": "no-cache",
        "Content-Type": "application/json; odata=minimalmetadata; streaming=true; charset=utf-8",
        "Date": "Tue, 18 Aug 2020 23:41:39 GMT",
        "Server": [
          "Windows-Azure-Table/1.0",
          "Microsoft-HTTPAPI/2.0"
        ],
        "Transfer-Encoding": "chunked",
        "X-Content-Type-Options": "nosniff",
        "x-ms-client-request-id": "484bb685c14c5f6f5aae447dc62e41fa",
        "x-ms-request-id": "bc061c33-0002-006f-5bb9-756c3c000000",
        "x-ms-version": "2019-02-02"
      },
      "ResponseBody": {
        "odata.metadata": "https://chrissscratch.table.core.windows.net/$metadata#testtablem45me066",
        "value": [
          {
            "odata.etag": "W/\u0022datetime\u00272020-08-18T23%3A41%3A40.1318332Z\u0027\u0022",
            "PartitionKey": "somPartition",
            "RowKey": "1",
            "Timestamp": "2020-08-18T23:41:40.1318332Z",
            "MergedProperty": "This was merged!",
            "SomeStringProperty": "This is the original"
          }
        ]
      }
    },
    {
      "RequestUri": "https://chrissscratch.table.core.windows.net/testtablem45me066(PartitionKey=\u0027somPartition\u0027,RowKey=\u00271\u0027)?$format=application%2Fjson%3Bodata%3Dminimalmetadata",
      "RequestMethod": "PATCH",
      "RequestHeaders": {
        "Authorization": "Sanitized",
        "Content-Length": "89",
        "Content-Type": "application/json",
        "DataServiceVersion": "3.0",
        "traceparent": "00-e7744edee949984086514c080ecb40f4-fa4cbe4a74f49a4b-00",
        "User-Agent": [
          "azsdk-net-Data.Tables/1.0.0-dev.20200818.1",
          "(.NET Core 4.6.29130.01; Microsoft Windows 10.0.18363 )"
        ],
        "x-ms-client-request-id": "28649d785031d32640029e8f51dbf643",
        "x-ms-date": "Tue, 18 Aug 2020 23:41:40 GMT",
        "x-ms-return-client-request-id": "true",
        "x-ms-version": "2019-02-02"
      },
      "RequestBody": {
        "PartitionKey": "somPartition",
        "RowKey": "1",
        "MergedProperty": "merged value was updated!"
      },
      "StatusCode": 204,
      "ResponseHeaders": {
        "Cache-Control": "no-cache",
        "Content-Length": "0",
        "Date": "Tue, 18 Aug 2020 23:41:39 GMT",
        "ETag": "W/\u0022datetime\u00272020-08-18T23%3A41%3A40.2098984Z\u0027\u0022",
        "Server": [
          "Windows-Azure-Table/1.0",
          "Microsoft-HTTPAPI/2.0"
        ],
        "X-Content-Type-Options": "nosniff",
        "x-ms-client-request-id": "28649d785031d32640029e8f51dbf643",
        "x-ms-request-id": "bc061c3b-0002-006f-63b9-756c3c000000",
        "x-ms-version": "2019-02-02"
      },
      "ResponseBody": []
    },
    {
      "RequestUri": "https://chrissscratch.table.core.windows.net/testtablem45me066()?$format=application%2Fjson%3Bodata%3Dminimalmetadata\u0026$filter=PartitionKey%20eq%20%27somPartition%27%20and%20RowKey%20eq%20%271%27",
      "RequestMethod": "GET",
      "RequestHeaders": {
        "Accept": "application/json",
        "Authorization": "Sanitized",
        "DataServiceVersion": "3.0",
        "User-Agent": [
          "azsdk-net-Data.Tables/1.0.0-dev.20200818.1",
          "(.NET Core 4.6.29130.01; Microsoft Windows 10.0.18363 )"
        ],
        "x-ms-client-request-id": "dbdbc232363da22d9530db81a61cbe9b",
        "x-ms-date": "Tue, 18 Aug 2020 23:41:40 GMT",
        "x-ms-return-client-request-id": "true",
        "x-ms-version": "2019-02-02"
      },
      "RequestBody": null,
      "StatusCode": 200,
      "ResponseHeaders": {
        "Cache-Control": "no-cache",
        "Content-Type": "application/json; odata=minimalmetadata; streaming=true; charset=utf-8",
        "Date": "Tue, 18 Aug 2020 23:41:39 GMT",
        "Server": [
          "Windows-Azure-Table/1.0",
          "Microsoft-HTTPAPI/2.0"
        ],
        "Transfer-Encoding": "chunked",
        "X-Content-Type-Options": "nosniff",
        "x-ms-client-request-id": "dbdbc232363da22d9530db81a61cbe9b",
        "x-ms-request-id": "bc061c49-0002-006f-70b9-756c3c000000",
        "x-ms-version": "2019-02-02"
      },
      "ResponseBody": {
        "odata.metadata": "https://chrissscratch.table.core.windows.net/$metadata#testtablem45me066",
        "value": [
          {
            "odata.etag": "W/\u0022datetime\u00272020-08-18T23%3A41%3A40.2098984Z\u0027\u0022",
            "PartitionKey": "somPartition",
            "RowKey": "1",
            "Timestamp": "2020-08-18T23:41:40.2098984Z",
            "MergedProperty": "merged value was updated!",
            "SomeStringProperty": "This is the original"
          }
        ]
      }
    },
    {
      "RequestUri": "https://chrissscratch.table.core.windows.net/Tables(\u0027testtablem45me066\u0027)",
      "RequestMethod": "DELETE",
      "RequestHeaders": {
        "Accept": "application/json",
        "Authorization": "Sanitized",
        "traceparent": "00-c2a99e9f051f5f4e91acdf06487fd235-1edf821246fa4149-00",
        "User-Agent": [
          "azsdk-net-Data.Tables/1.0.0-dev.20200818.1",
          "(.NET Core 4.6.29130.01; Microsoft Windows 10.0.18363 )"
        ],
        "x-ms-client-request-id": "d0ed044f1f9c349b9077074a22df0d7e",
        "x-ms-date": "Tue, 18 Aug 2020 23:41:40 GMT",
        "x-ms-return-client-request-id": "true",
        "x-ms-version": "2019-02-02"
      },
      "RequestBody": null,
      "StatusCode": 204,
      "ResponseHeaders": {
        "Cache-Control": "no-cache",
        "Content-Length": "0",
        "Date": "Tue, 18 Aug 2020 23:41:39 GMT",
        "Server": [
          "Windows-Azure-Table/1.0",
          "Microsoft-HTTPAPI/2.0"
        ],
        "X-Content-Type-Options": "nosniff",
        "x-ms-client-request-id": "d0ed044f1f9c349b9077074a22df0d7e",
        "x-ms-request-id": "bc061c58-0002-006f-7fb9-756c3c000000",
        "x-ms-version": "2019-02-02"
      },
      "ResponseBody": []
    }
  ],
  "Variables": {
    "RandomSeed": "914743755",
    "TABLES_PRIMARY_STORAGE_ACCOUNT_KEY": "",
    "TABLES_STORAGE_ACCOUNT_NAME": "chrissscratch"
  }
}