{
  "Entries": [
    {
      "RequestUri": "https://chrissscratch.table.core.windows.net/Tables?$format=application%2Fjson%3Bodata%3Dfullmetadata",
      "RequestMethod": "POST",
      "RequestHeaders": {
        "Accept": "application/json",
        "Authorization": "Sanitized",
        "Content-Length": "33",
        "Content-Type": "application/json; odata=nometadata",
        "DataServiceVersion": "3.0",
        "traceparent": "00-c3665a0c6fe41244b7ffc6d3bc4cdd10-cfbcff3924a02444-00",
        "User-Agent": [
          "azsdk-net-Data.Tables/1.0.0-dev.20200728.1",
          "(.NET Core 4.6.29017.01; Microsoft Windows 10.0.18363 )"
        ],
        "x-ms-client-request-id": "59e3599441fc6ba59598503d87811ebe",
        "x-ms-date": "Tue, 28 Jul 2020 23:43:29 GMT",
        "x-ms-return-client-request-id": "true",
        "x-ms-version": "2019-02-02"
      },
      "RequestBody": {
        "TableName": "testtable34jrbdpa"
      },
      "StatusCode": 201,
      "ResponseHeaders": {
        "Cache-Control": "no-cache",
        "Content-Type": "application/json; odata=fullmetadata; streaming=true; charset=utf-8",
        "Date": "Tue, 28 Jul 2020 23:43:28 GMT",
        "Location": "https://chrissscratch.table.core.windows.net/Tables(\u0027testtable34jrbdpa\u0027)",
        "Server": [
          "Windows-Azure-Table/1.0",
          "Microsoft-HTTPAPI/2.0"
        ],
        "Transfer-Encoding": "chunked",
        "X-Content-Type-Options": "nosniff",
        "x-ms-client-request-id": "59e3599441fc6ba59598503d87811ebe",
        "x-ms-request-id": "f6c2d6e2-7002-000d-4638-652be4000000",
        "x-ms-version": "2019-02-02"
      },
      "ResponseBody": {
        "odata.metadata": "https://chrissscratch.table.core.windows.net/$metadata#Tables/@Element",
        "odata.type": "chrissscratch.Tables",
        "odata.id": "https://chrissscratch.table.core.windows.net/Tables(\u0027testtable34jrbdpa\u0027)",
        "odata.editLink": "Tables(\u0027testtable34jrbdpa\u0027)",
        "TableName": "testtable34jrbdpa"
      }
    },
    {
      "RequestUri": "https://chrissscratch.table.core.windows.net/testtable34jrbdpa(PartitionKey=\u0027somPartition\u0027,RowKey=\u00271\u0027)?$format=application%2Fjson%3Bodata%3Dfullmetadata",
      "RequestMethod": "PUT",
      "RequestHeaders": {
        "Accept": "application/json",
        "Authorization": "Sanitized",
        "Content-Length": "88",
        "Content-Type": "application/json",
        "DataServiceVersion": "3.0",
        "traceparent": "00-1d2a51a05d690f47a68f845eb1281154-4670b11c7d43d74f-00",
        "User-Agent": [
          "azsdk-net-Data.Tables/1.0.0-dev.20200728.1",
          "(.NET Core 4.6.29017.01; Microsoft Windows 10.0.18363 )"
        ],
        "x-ms-client-request-id": "11ebaeaf49abfe074e3f53162e419b9d",
        "x-ms-date": "Tue, 28 Jul 2020 23:43:29 GMT",
        "x-ms-return-client-request-id": "true",
        "x-ms-version": "2019-02-02"
      },
      "RequestBody": {
        "PartitionKey": "somPartition",
        "RowKey": "1",
        "SomeStringProperty": "This is the original"
      },
      "StatusCode": 204,
      "ResponseHeaders": {
        "Cache-Control": "no-cache",
        "Content-Length": "0",
        "Date": "Tue, 28 Jul 2020 23:43:28 GMT",
        "ETag": "W/\u0022datetime\u00272020-07-28T23%3A43%3A28.9067231Z\u0027\u0022",
        "Server": [
          "Windows-Azure-Table/1.0",
          "Microsoft-HTTPAPI/2.0"
        ],
        "X-Content-Type-Options": "nosniff",
        "x-ms-client-request-id": "11ebaeaf49abfe074e3f53162e419b9d",
        "x-ms-request-id": "f6c2d6ea-7002-000d-4c38-652be4000000",
        "x-ms-version": "2019-02-02"
      },
      "ResponseBody": []
    },
    {
      "RequestUri": "https://chrissscratch.table.core.windows.net/testtable34jrbdpa()?$format=application%2Fjson%3Bodata%3Dfullmetadata\u0026$filter=PartitionKey%20eq%20%27somPartition%27%20and%20RowKey%20eq%20%271%27",
      "RequestMethod": "GET",
      "RequestHeaders": {
        "Accept": "application/json",
        "Authorization": "Sanitized",
        "DataServiceVersion": "3.0",
        "User-Agent": [
          "azsdk-net-Data.Tables/1.0.0-dev.20200728.1",
          "(.NET Core 4.6.29017.01; Microsoft Windows 10.0.18363 )"
        ],
        "x-ms-client-request-id": "cc146a8cffc0705608d60c42a395724d",
        "x-ms-date": "Tue, 28 Jul 2020 23:43:29 GMT",
        "x-ms-return-client-request-id": "true",
        "x-ms-version": "2019-02-02"
      },
      "RequestBody": null,
      "StatusCode": 200,
      "ResponseHeaders": {
        "Cache-Control": "no-cache",
        "Content-Type": "application/json; odata=fullmetadata; streaming=true; charset=utf-8",
        "Date": "Tue, 28 Jul 2020 23:43:28 GMT",
        "Server": [
          "Windows-Azure-Table/1.0",
          "Microsoft-HTTPAPI/2.0"
        ],
        "Transfer-Encoding": "chunked",
        "X-Content-Type-Options": "nosniff",
        "x-ms-client-request-id": "cc146a8cffc0705608d60c42a395724d",
        "x-ms-request-id": "f6c2d6fb-7002-000d-5838-652be4000000",
        "x-ms-version": "2019-02-02"
      },
      "ResponseBody": {
        "odata.metadata": "https://chrissscratch.table.core.windows.net/$metadata#testtable34jrbdpa",
        "value": [
          {
            "odata.type": "chrissscratch.testtable34jrbdpa",
            "odata.id": "https://chrissscratch.table.core.windows.net/testtable34jrbdpa(PartitionKey=\u0027somPartition\u0027,RowKey=\u00271\u0027)",
            "odata.etag": "W/\u0022datetime\u00272020-07-28T23%3A43%3A28.9067231Z\u0027\u0022",
            "odata.editLink": "testtable34jrbdpa(PartitionKey=\u0027somPartition\u0027,RowKey=\u00271\u0027)",
            "PartitionKey": "somPartition",
            "RowKey": "1",
            "Timestamp@odata.type": "Edm.DateTime",
            "Timestamp": "2020-07-28T23:43:28.9067231Z",
            "SomeStringProperty": "This is the original"
          }
        ]
      }
    },
    {
      "RequestUri": "https://chrissscratch.table.core.windows.net/testtable34jrbdpa(PartitionKey=\u0027somPartition\u0027,RowKey=\u00271\u0027)?$format=application%2Fjson%3Bodata%3Dfullmetadata",
      "RequestMethod": "PUT",
      "RequestHeaders": {
        "Accept": "application/json",
        "Authorization": "Sanitized",
        "Content-Length": "536",
        "Content-Type": "application/json",
        "DataServiceVersion": "3.0",
        "If-Match": "*",
        "traceparent": "00-8d418643df13784ebde1c825da052873-82017d47422b6a44-00",
        "User-Agent": [
          "azsdk-net-Data.Tables/1.0.0-dev.20200728.1",
          "(.NET Core 4.6.29017.01; Microsoft Windows 10.0.18363 )"
        ],
        "x-ms-client-request-id": "de5238e627460fe8dc5aae0151546757",
        "x-ms-date": "Tue, 28 Jul 2020 23:43:29 GMT",
        "x-ms-return-client-request-id": "true",
        "x-ms-version": "2019-02-02"
      },
      "RequestBody": {
        "odata.type": "chrissscratch.testtable34jrbdpa",
        "odata.id": "https://chrissscratch.table.core.windows.net/testtable34jrbdpa(PartitionKey=\u0027somPartition\u0027,RowKey=\u00271\u0027)",
        "odata.etag": "W/\u0022datetime\u00272020-07-28T23%3A43%3A28.9067231Z\u0027\u0022",
        "odata.editLink": "testtable34jrbdpa(PartitionKey=\u0027somPartition\u0027,RowKey=\u00271\u0027)",
        "PartitionKey": "somPartition",
        "RowKey": "1",
        "Timestamp": "2020-07-28T23:43:28.9067231Z",
        "Timestamp@odata.type": "Edm.DateTime",
        "SomeStringProperty": "This is new and improved!"
      },
      "StatusCode": 204,
      "ResponseHeaders": {
        "Cache-Control": "no-cache",
        "Content-Length": "0",
        "Date": "Tue, 28 Jul 2020 23:43:28 GMT",
        "ETag": "W/\u0022datetime\u00272020-07-28T23%3A43%3A28.9967989Z\u0027\u0022",
        "Server": [
          "Windows-Azure-Table/1.0",
          "Microsoft-HTTPAPI/2.0"
        ],
        "X-Content-Type-Options": "nosniff",
        "x-ms-client-request-id": "de5238e627460fe8dc5aae0151546757",
        "x-ms-request-id": "f6c2d702-7002-000d-5f38-652be4000000",
        "x-ms-version": "2019-02-02"
      },
      "ResponseBody": []
    },
    {
      "RequestUri": "https://chrissscratch.table.core.windows.net/testtable34jrbdpa()?$format=application%2Fjson%3Bodata%3Dfullmetadata\u0026$filter=PartitionKey%20eq%20%27somPartition%27%20and%20RowKey%20eq%20%271%27",
      "RequestMethod": "GET",
      "RequestHeaders": {
        "Accept": "application/json",
        "Authorization": "Sanitized",
        "DataServiceVersion": "3.0",
        "User-Agent": [
          "azsdk-net-Data.Tables/1.0.0-dev.20200728.1",
          "(.NET Core 4.6.29017.01; Microsoft Windows 10.0.18363 )"
        ],
        "x-ms-client-request-id": "16fb9fb5f20ab003587b09d43dc45bb8",
        "x-ms-date": "Tue, 28 Jul 2020 23:43:29 GMT",
        "x-ms-return-client-request-id": "true",
        "x-ms-version": "2019-02-02"
      },
      "RequestBody": null,
      "StatusCode": 200,
      "ResponseHeaders": {
        "Cache-Control": "no-cache",
        "Content-Type": "application/json; odata=fullmetadata; streaming=true; charset=utf-8",
        "Date": "Tue, 28 Jul 2020 23:43:28 GMT",
        "Server": [
          "Windows-Azure-Table/1.0",
          "Microsoft-HTTPAPI/2.0"
        ],
        "Transfer-Encoding": "chunked",
        "X-Content-Type-Options": "nosniff",
        "x-ms-client-request-id": "16fb9fb5f20ab003587b09d43dc45bb8",
        "x-ms-request-id": "f6c2d70d-7002-000d-6a38-652be4000000",
        "x-ms-version": "2019-02-02"
      },
      "ResponseBody": {
        "odata.metadata": "https://chrissscratch.table.core.windows.net/$metadata#testtable34jrbdpa",
        "value": [
          {
            "odata.type": "chrissscratch.testtable34jrbdpa",
            "odata.id": "https://chrissscratch.table.core.windows.net/testtable34jrbdpa(PartitionKey=\u0027somPartition\u0027,RowKey=\u00271\u0027)",
            "odata.etag": "W/\u0022datetime\u00272020-07-28T23%3A43%3A28.9967989Z\u0027\u0022",
            "odata.editLink": "testtable34jrbdpa(PartitionKey=\u0027somPartition\u0027,RowKey=\u00271\u0027)",
            "PartitionKey": "somPartition",
            "RowKey": "1",
            "Timestamp@odata.type": "Edm.DateTime",
            "Timestamp": "2020-07-28T23:43:28.9967989Z",
            "SomeStringProperty": "This is new and improved!"
          }
        ]
      }
    },
    {
      "RequestUri": "https://chrissscratch.table.core.windows.net/testtable34jrbdpa(PartitionKey=\u0027somPartition\u0027,RowKey=\u00271\u0027)?$format=application%2Fjson%3Bodata%3Dfullmetadata",
      "RequestMethod": "PUT",
      "RequestHeaders": {
        "Accept": "application/json",
        "Authorization": "Sanitized",
        "Content-Length": "546",
        "Content-Type": "application/json",
        "DataServiceVersion": "3.0",
        "If-Match": "W/\u0022datetime\u00272020-07-28T23%3A43%3A28.9067231Z\u0027\u0022",
        "traceparent": "00-fda81ce0e6893d4286b3bd3cc5869b1c-b8f6fcf6960c1343-00",
        "User-Agent": [
          "azsdk-net-Data.Tables/1.0.0-dev.20200728.1",
          "(.NET Core 4.6.29017.01; Microsoft Windows 10.0.18363 )"
        ],
        "x-ms-client-request-id": "f63006ccbcee64578104f06550541eb3",
        "x-ms-date": "Tue, 28 Jul 2020 23:43:29 GMT",
        "x-ms-return-client-request-id": "true",
        "x-ms-version": "2019-02-02"
      },
      "RequestBody": {
        "odata.type": "chrissscratch.testtable34jrbdpa",
        "odata.id": "https://chrissscratch.table.core.windows.net/testtable34jrbdpa(PartitionKey=\u0027somPartition\u0027,RowKey=\u00271\u0027)",
        "odata.etag": "W/\u0022datetime\u00272020-07-28T23%3A43%3A28.9967989Z\u0027\u0022",
        "odata.editLink": "testtable34jrbdpa(PartitionKey=\u0027somPartition\u0027,RowKey=\u00271\u0027)",
        "PartitionKey": "somPartition",
        "RowKey": "1",
        "Timestamp": "2020-07-28T23:43:28.9967989Z",
        "Timestamp@odata.type": "Edm.DateTime",
        "SomeStringProperty": "This changed due to a matching Etag"
      },
      "StatusCode": 412,
      "ResponseHeaders": {
        "Cache-Control": "no-cache",
        "Content-Type": "application/json; odata=fullmetadata; streaming=true; charset=utf-8",
        "Date": "Tue, 28 Jul 2020 23:43:28 GMT",
        "Server": [
          "Windows-Azure-Table/1.0",
          "Microsoft-HTTPAPI/2.0"
        ],
        "Transfer-Encoding": "chunked",
        "X-Content-Type-Options": "nosniff",
        "x-ms-client-request-id": "f63006ccbcee64578104f06550541eb3",
        "x-ms-request-id": "f6c2d711-7002-000d-6e38-652be4000000",
        "x-ms-version": "2019-02-02"
      },
      "ResponseBody": {
        "odata.error": {
          "code": "UpdateConditionNotSatisfied",
          "message": {
            "lang": "en-US",
            "value": "The update condition specified in the request was not satisfied.\nRequestId:f6c2d711-7002-000d-6e38-652be4000000\nTime:2020-07-28T23:43:29.0728327Z"
          }
        }
      }
    },
    {
      "RequestUri": "https://chrissscratch.table.core.windows.net/testtable34jrbdpa(PartitionKey=\u0027somPartition\u0027,RowKey=\u00271\u0027)?$format=application%2Fjson%3Bodata%3Dfullmetadata",
      "RequestMethod": "PUT",
      "RequestHeaders": {
        "Accept": "application/json",
        "Authorization": "Sanitized",
        "Content-Length": "546",
        "Content-Type": "application/json",
        "DataServiceVersion": "3.0",
        "If-Match": "W/\u0022datetime\u00272020-07-28T23%3A43%3A28.9967989Z\u0027\u0022",
        "traceparent": "00-30f6416cf1c4bd49993072c0387fabe0-3727bf9b59eb904b-00",
        "User-Agent": [
          "azsdk-net-Data.Tables/1.0.0-dev.20200728.1",
          "(.NET Core 4.6.29017.01; Microsoft Windows 10.0.18363 )"
        ],
        "x-ms-client-request-id": "038db56f5c9af44234a286ca1e14d117",
        "x-ms-date": "Tue, 28 Jul 2020 23:43:29 GMT",
        "x-ms-return-client-request-id": "true",
        "x-ms-version": "2019-02-02"
      },
      "RequestBody": {
        "odata.type": "chrissscratch.testtable34jrbdpa",
        "odata.id": "https://chrissscratch.table.core.windows.net/testtable34jrbdpa(PartitionKey=\u0027somPartition\u0027,RowKey=\u00271\u0027)",
        "odata.etag": "W/\u0022datetime\u00272020-07-28T23%3A43%3A28.9967989Z\u0027\u0022",
        "odata.editLink": "testtable34jrbdpa(PartitionKey=\u0027somPartition\u0027,RowKey=\u00271\u0027)",
        "PartitionKey": "somPartition",
        "RowKey": "1",
        "Timestamp": "2020-07-28T23:43:28.9967989Z",
        "Timestamp@odata.type": "Edm.DateTime",
        "SomeStringProperty": "This changed due to a matching Etag"
      },
      "StatusCode": 204,
      "ResponseHeaders": {
        "Cache-Control": "no-cache",
        "Content-Length": "0",
        "Date": "Tue, 28 Jul 2020 23:43:28 GMT",
        "ETag": "W/\u0022datetime\u00272020-07-28T23%3A43%3A29.1199022Z\u0027\u0022",
        "Server": [
          "Windows-Azure-Table/1.0",
          "Microsoft-HTTPAPI/2.0"
        ],
        "X-Content-Type-Options": "nosniff",
        "x-ms-client-request-id": "038db56f5c9af44234a286ca1e14d117",
        "x-ms-request-id": "f6c2d718-7002-000d-7538-652be4000000",
        "x-ms-version": "2019-02-02"
      },
      "ResponseBody": []
    },
    {
      "RequestUri": "https://chrissscratch.table.core.windows.net/testtable34jrbdpa()?$format=application%2Fjson%3Bodata%3Dfullmetadata\u0026$filter=PartitionKey%20eq%20%27somPartition%27%20and%20RowKey%20eq%20%271%27",
      "RequestMethod": "GET",
      "RequestHeaders": {
        "Accept": "application/json",
        "Authorization": "Sanitized",
        "DataServiceVersion": "3.0",
        "User-Agent": [
          "azsdk-net-Data.Tables/1.0.0-dev.20200728.1",
          "(.NET Core 4.6.29017.01; Microsoft Windows 10.0.18363 )"
        ],
        "x-ms-client-request-id": "4a34f6ff7024f86848969405019d5f03",
        "x-ms-date": "Tue, 28 Jul 2020 23:43:29 GMT",
        "x-ms-return-client-request-id": "true",
        "x-ms-version": "2019-02-02"
      },
      "RequestBody": null,
      "StatusCode": 200,
      "ResponseHeaders": {
        "Cache-Control": "no-cache",
        "Content-Type": "application/json; odata=fullmetadata; streaming=true; charset=utf-8",
        "Date": "Tue, 28 Jul 2020 23:43:28 GMT",
        "Server": [
          "Windows-Azure-Table/1.0",
          "Microsoft-HTTPAPI/2.0"
        ],
        "Transfer-Encoding": "chunked",
        "X-Content-Type-Options": "nosniff",
        "x-ms-client-request-id": "4a34f6ff7024f86848969405019d5f03",
        "x-ms-request-id": "f6c2d720-7002-000d-7d38-652be4000000",
        "x-ms-version": "2019-02-02"
      },
      "ResponseBody": {
        "odata.metadata": "https://chrissscratch.table.core.windows.net/$metadata#testtable34jrbdpa",
        "value": [
          {
            "odata.type": "chrissscratch.testtable34jrbdpa",
            "odata.id": "https://chrissscratch.table.core.windows.net/testtable34jrbdpa(PartitionKey=\u0027somPartition\u0027,RowKey=\u00271\u0027)",
            "odata.etag": "W/\u0022datetime\u00272020-07-28T23%3A43%3A29.1199022Z\u0027\u0022",
            "odata.editLink": "testtable34jrbdpa(PartitionKey=\u0027somPartition\u0027,RowKey=\u00271\u0027)",
            "PartitionKey": "somPartition",
            "RowKey": "1",
            "Timestamp@odata.type": "Edm.DateTime",
            "Timestamp": "2020-07-28T23:43:29.1199022Z",
            "SomeStringProperty": "This changed due to a matching Etag"
          }
        ]
      }
    },
    {
      "RequestUri": "https://chrissscratch.table.core.windows.net/Tables(\u0027testtable34jrbdpa\u0027)",
      "RequestMethod": "DELETE",
      "RequestHeaders": {
        "Accept": "application/json",
        "Authorization": "Sanitized",
        "traceparent": "00-9455c76e57f8c54182a8c9078b9df39a-8b052666e1342f47-00",
        "User-Agent": [
          "azsdk-net-Data.Tables/1.0.0-dev.20200728.1",
          "(.NET Core 4.6.29017.01; Microsoft Windows 10.0.18363 )"
        ],
        "x-ms-client-request-id": "8864555d5837701ec43bc14b368c466d",
        "x-ms-date": "Tue, 28 Jul 2020 23:43:29 GMT",
        "x-ms-return-client-request-id": "true",
        "x-ms-version": "2019-02-02"
      },
      "RequestBody": null,
      "StatusCode": 204,
      "ResponseHeaders": {
        "Cache-Control": "no-cache",
        "Content-Length": "0",
        "Date": "Tue, 28 Jul 2020 23:43:28 GMT",
        "Server": [
          "Windows-Azure-Table/1.0",
          "Microsoft-HTTPAPI/2.0"
        ],
        "X-Content-Type-Options": "nosniff",
        "x-ms-client-request-id": "8864555d5837701ec43bc14b368c466d",
        "x-ms-request-id": "f6c2d721-7002-000d-7e38-652be4000000",
        "x-ms-version": "2019-02-02"
      },
      "ResponseBody": []
    }
  ],
  "Variables": {
    "RandomSeed": "1976958861",
    "TABLES_PRIMARY_STORAGE_ACCOUNT_KEY": "",
    "TABLES_STORAGE_ACCOUNT_NAME": "chrissscratch"
  }
}