{
  "Entries": [
    {
      "RequestUri": "https://chrisstablesprim.table.core.windows.net/Tables?$format=application%2Fjson%3Bodata%3Dminimalmetadata",
      "RequestMethod": "POST",
      "RequestHeaders": {
        "Accept": "application/json; odata=minimalmetadata",
        "Authorization": "Sanitized",
        "Content-Length": "33",
        "Content-Type": "application/json; odata=nometadata",
        "DataServiceVersion": "3.0",
        "traceparent": "00-7558572f58ac454aac0312eb88543a5a-a0e3b7827b4ad045-00",
        "User-Agent": [
          "azsdk-net-Data.Tables/3.0.0-alpha.20210104.1",
          "(.NET Core 4.6.29321.03; Microsoft Windows 10.0.19042 )"
        ],
        "x-ms-client-request-id": "d83a40587ac4bee4c2018fe4cafed795",
        "x-ms-date": "Mon, 04 Jan 2021 22:27:07 GMT",
        "x-ms-return-client-request-id": "true",
        "x-ms-version": "2019-02-02"
      },
      "RequestBody": {
        "TableName": "testtable1sfd3os6"
      },
      "StatusCode": 201,
      "ResponseHeaders": {
        "Cache-Control": "no-cache",
        "Content-Type": "application/json; odata=minimalmetadata; streaming=true; charset=utf-8",
        "Date": "Mon, 04 Jan 2021 22:26:56 GMT",
        "Location": "https://chrisstablesprim.table.core.windows.net/Tables(\u0027testtable1sfd3os6\u0027)",
        "Server": [
          "Windows-Azure-Table/1.0",
          "Microsoft-HTTPAPI/2.0"
        ],
        "Transfer-Encoding": "chunked",
        "X-Content-Type-Options": "nosniff",
        "x-ms-client-request-id": "d83a40587ac4bee4c2018fe4cafed795",
        "x-ms-request-id": "91003249-8002-0002-07e8-e21da1000000",
        "x-ms-version": "2019-02-02"
      },
      "ResponseBody": {
        "odata.metadata": "https://chrisstablesprim.table.core.windows.net/$metadata#Tables/@Element",
        "TableName": "testtable1sfd3os6"
      }
    },
    {
      "RequestUri": "https://chrisstablesprim.table.core.windows.net/testtable1sfd3os6(PartitionKey=\u0027somPartition\u0027,RowKey=\u00271\u0027)?$format=application%2Fjson%3Bodata%3Dminimalmetadata",
      "RequestMethod": "PUT",
      "RequestHeaders": {
        "Accept": "application/json",
        "Authorization": "Sanitized",
        "Content-Length": "88",
        "Content-Type": "application/json",
        "DataServiceVersion": "3.0",
        "traceparent": "00-dd2f24ac93edb84783a4fa98093b682b-f612d3630eba2143-00",
        "User-Agent": [
          "azsdk-net-Data.Tables/3.0.0-alpha.20210104.1",
          "(.NET Core 4.6.29321.03; Microsoft Windows 10.0.19042 )"
        ],
        "x-ms-client-request-id": "0a523213e8c55765d71c7952adc0ad7b",
        "x-ms-date": "Mon, 04 Jan 2021 22:27:07 GMT",
        "x-ms-return-client-request-id": "true",
        "x-ms-version": "2019-02-02"
      },
      "RequestBody": {
        "PartitionKey": "somPartition",
        "RowKey": "1",
        "SomeStringProperty": "This is the original"
      },
      "StatusCode": 204,
      "ResponseHeaders": {
        "Cache-Control": "no-cache",
        "Content-Length": "0",
        "Date": "Mon, 04 Jan 2021 22:26:56 GMT",
        "ETag": "W/\u0022datetime\u00272021-01-04T22%3A26%3A56.5614582Z\u0027\u0022",
        "Server": [
          "Windows-Azure-Table/1.0",
          "Microsoft-HTTPAPI/2.0"
        ],
        "X-Content-Type-Options": "nosniff",
        "x-ms-client-request-id": "0a523213e8c55765d71c7952adc0ad7b",
        "x-ms-request-id": "91003258-8002-0002-15e8-e21da1000000",
        "x-ms-version": "2019-02-02"
      },
      "ResponseBody": []
    },
    {
      "RequestUri": "https://chrisstablesprim.table.core.windows.net/testtable1sfd3os6()?$format=application%2Fjson%3Bodata%3Dminimalmetadata\u0026$filter=PartitionKey%20eq%20%27somPartition%27%20and%20RowKey%20eq%20%271%27",
      "RequestMethod": "GET",
      "RequestHeaders": {
        "Accept": "application/json; odata=minimalmetadata",
        "Authorization": "Sanitized",
        "DataServiceVersion": "3.0",
        "traceparent": "00-308a8896f0c375429a5fcbfc3f3c51af-870af891d1358844-00",
        "User-Agent": [
          "azsdk-net-Data.Tables/3.0.0-alpha.20210104.1",
          "(.NET Core 4.6.29321.03; Microsoft Windows 10.0.19042 )"
        ],
        "x-ms-client-request-id": "c75f72c7c8c206a3bb04d0d4c5156363",
        "x-ms-date": "Mon, 04 Jan 2021 22:27:07 GMT",
        "x-ms-return-client-request-id": "true",
        "x-ms-version": "2019-02-02"
      },
      "RequestBody": null,
      "StatusCode": 200,
      "ResponseHeaders": {
        "Cache-Control": "no-cache",
        "Content-Type": "application/json; odata=minimalmetadata; streaming=true; charset=utf-8",
        "Date": "Mon, 04 Jan 2021 22:26:56 GMT",
        "Server": [
          "Windows-Azure-Table/1.0",
          "Microsoft-HTTPAPI/2.0"
        ],
        "Transfer-Encoding": "chunked",
        "X-Content-Type-Options": "nosniff",
        "x-ms-client-request-id": "c75f72c7c8c206a3bb04d0d4c5156363",
        "x-ms-request-id": "9100325c-8002-0002-19e8-e21da1000000",
        "x-ms-version": "2019-02-02"
      },
      "ResponseBody": {
        "odata.metadata": "https://chrisstablesprim.table.core.windows.net/$metadata#testtable1sfd3os6",
        "value": [
          {
            "odata.etag": "W/\u0022datetime\u00272021-01-04T22%3A26%3A56.5614582Z\u0027\u0022",
            "PartitionKey": "somPartition",
            "RowKey": "1",
            "Timestamp": "2021-01-04T22:26:56.5614582Z",
            "SomeStringProperty": "This is the original"
          }
        ]
      }
    },
    {
      "RequestUri": "https://chrisstablesprim.table.core.windows.net/testtable1sfd3os6(PartitionKey=\u0027somPartition\u0027,RowKey=\u00271\u0027)?$format=application%2Fjson%3Bodata%3Dminimalmetadata",
      "RequestMethod": "PATCH",
      "RequestHeaders": {
        "Accept": "application/json",
        "Authorization": "Sanitized",
        "Content-Length": "80",
        "Content-Type": "application/json",
        "DataServiceVersion": "3.0",
        "traceparent": "00-bcca469b611613408ad2f5f2dce33d58-7cc590369d7bc94c-00",
        "User-Agent": [
          "azsdk-net-Data.Tables/3.0.0-alpha.20210104.1",
          "(.NET Core 4.6.29321.03; Microsoft Windows 10.0.19042 )"
        ],
        "x-ms-client-request-id": "fefeac8f21845893d480ed5d6a6c1541",
        "x-ms-date": "Mon, 04 Jan 2021 22:27:07 GMT",
        "x-ms-return-client-request-id": "true",
        "x-ms-version": "2019-02-02"
      },
      "RequestBody": {
        "PartitionKey": "somPartition",
        "RowKey": "1",
        "MergedProperty": "This was merged!"
      },
      "StatusCode": 204,
      "ResponseHeaders": {
        "Cache-Control": "no-cache",
        "Content-Length": "0",
        "Date": "Mon, 04 Jan 2021 22:26:56 GMT",
        "ETag": "W/\u0022datetime\u00272021-01-04T22%3A26%3A56.6965533Z\u0027\u0022",
        "Server": [
          "Windows-Azure-Table/1.0",
          "Microsoft-HTTPAPI/2.0"
        ],
        "X-Content-Type-Options": "nosniff",
        "x-ms-client-request-id": "fefeac8f21845893d480ed5d6a6c1541",
        "x-ms-request-id": "91003265-8002-0002-22e8-e21da1000000",
        "x-ms-version": "2019-02-02"
      },
      "ResponseBody": []
    },
    {
      "RequestUri": "https://chrisstablesprim.table.core.windows.net/testtable1sfd3os6()?$format=application%2Fjson%3Bodata%3Dminimalmetadata\u0026$filter=PartitionKey%20eq%20%27somPartition%27%20and%20RowKey%20eq%20%271%27",
      "RequestMethod": "GET",
      "RequestHeaders": {
        "Accept": "application/json; odata=minimalmetadata",
        "Authorization": "Sanitized",
        "DataServiceVersion": "3.0",
        "traceparent": "00-d5cc92691096b04d9d20f59e41e67ce8-95073d110bc71541-00",
        "User-Agent": [
          "azsdk-net-Data.Tables/3.0.0-alpha.20210104.1",
          "(.NET Core 4.6.29321.03; Microsoft Windows 10.0.19042 )"
        ],
        "x-ms-client-request-id": "8b0269e1cd774b428e4b4ec1179192c1",
        "x-ms-date": "Mon, 04 Jan 2021 22:27:07 GMT",
        "x-ms-return-client-request-id": "true",
        "x-ms-version": "2019-02-02"
      },
      "RequestBody": null,
      "StatusCode": 200,
      "ResponseHeaders": {
        "Cache-Control": "no-cache",
        "Content-Type": "application/json; odata=minimalmetadata; streaming=true; charset=utf-8",
        "Date": "Mon, 04 Jan 2021 22:26:56 GMT",
        "Server": [
          "Windows-Azure-Table/1.0",
          "Microsoft-HTTPAPI/2.0"
        ],
        "Transfer-Encoding": "chunked",
        "X-Content-Type-Options": "nosniff",
        "x-ms-client-request-id": "8b0269e1cd774b428e4b4ec1179192c1",
        "x-ms-request-id": "91003268-8002-0002-25e8-e21da1000000",
        "x-ms-version": "2019-02-02"
      },
      "ResponseBody": {
        "odata.metadata": "https://chrisstablesprim.table.core.windows.net/$metadata#testtable1sfd3os6",
        "value": [
          {
            "odata.etag": "W/\u0022datetime\u00272021-01-04T22%3A26%3A56.6965533Z\u0027\u0022",
            "PartitionKey": "somPartition",
            "RowKey": "1",
            "Timestamp": "2021-01-04T22:26:56.6965533Z",
            "MergedProperty": "This was merged!",
            "SomeStringProperty": "This is the original"
          }
        ]
      }
    },
    {
      "RequestUri": "https://chrisstablesprim.table.core.windows.net/testtable1sfd3os6(PartitionKey=\u0027somPartition\u0027,RowKey=\u00271\u0027)?$format=application%2Fjson%3Bodata%3Dminimalmetadata",
      "RequestMethod": "PATCH",
      "RequestHeaders": {
        "Accept": "application/json",
        "Authorization": "Sanitized",
        "Content-Length": "89",
        "Content-Type": "application/json",
        "DataServiceVersion": "3.0",
        "traceparent": "00-18ba28b1e644d04e913c3936414b3e41-56643281f4bdd84a-00",
        "User-Agent": [
          "azsdk-net-Data.Tables/3.0.0-alpha.20210104.1",
          "(.NET Core 4.6.29321.03; Microsoft Windows 10.0.19042 )"
        ],
        "x-ms-client-request-id": "00c316b8afc1a6f6df07f241db459c4f",
        "x-ms-date": "Mon, 04 Jan 2021 22:27:07 GMT",
        "x-ms-return-client-request-id": "true",
        "x-ms-version": "2019-02-02"
      },
      "RequestBody": {
        "PartitionKey": "somPartition",
        "RowKey": "1",
        "MergedProperty": "merged value was updated!"
      },
      "StatusCode": 204,
      "ResponseHeaders": {
        "Cache-Control": "no-cache",
        "Content-Length": "0",
        "Date": "Mon, 04 Jan 2021 22:26:56 GMT",
        "ETag": "W/\u0022datetime\u00272021-01-04T22%3A26%3A56.8386545Z\u0027\u0022",
        "Server": [
          "Windows-Azure-Table/1.0",
          "Microsoft-HTTPAPI/2.0"
        ],
        "X-Content-Type-Options": "nosniff",
        "x-ms-client-request-id": "00c316b8afc1a6f6df07f241db459c4f",
        "x-ms-request-id": "91003271-8002-0002-2de8-e21da1000000",
        "x-ms-version": "2019-02-02"
      },
      "ResponseBody": []
    },
    {
      "RequestUri": "https://chrisstablesprim.table.core.windows.net/testtable1sfd3os6()?$format=application%2Fjson%3Bodata%3Dminimalmetadata\u0026$filter=PartitionKey%20eq%20%27somPartition%27%20and%20RowKey%20eq%20%271%27",
      "RequestMethod": "GET",
      "RequestHeaders": {
        "Accept": "application/json; odata=minimalmetadata",
        "Authorization": "Sanitized",
        "DataServiceVersion": "3.0",
        "traceparent": "00-4cb7f1a0bd59ed4aae9bffbec6aed2c8-728331c3a3bdd048-00",
        "User-Agent": [
          "azsdk-net-Data.Tables/3.0.0-alpha.20210104.1",
          "(.NET Core 4.6.29321.03; Microsoft Windows 10.0.19042 )"
        ],
        "x-ms-client-request-id": "5cf28feed813c1eb6ab36f39d2d14043",
        "x-ms-date": "Mon, 04 Jan 2021 22:27:07 GMT",
        "x-ms-return-client-request-id": "true",
        "x-ms-version": "2019-02-02"
      },
      "RequestBody": null,
      "StatusCode": 200,
      "ResponseHeaders": {
        "Cache-Control": "no-cache",
        "Content-Type": "application/json; odata=minimalmetadata; streaming=true; charset=utf-8",
        "Date": "Mon, 04 Jan 2021 22:26:56 GMT",
        "Server": [
          "Windows-Azure-Table/1.0",
          "Microsoft-HTTPAPI/2.0"
        ],
        "Transfer-Encoding": "chunked",
        "X-Content-Type-Options": "nosniff",
        "x-ms-client-request-id": "5cf28feed813c1eb6ab36f39d2d14043",
        "x-ms-request-id": "9100327c-8002-0002-38e8-e21da1000000",
        "x-ms-version": "2019-02-02"
      },
      "ResponseBody": {
        "odata.metadata": "https://chrisstablesprim.table.core.windows.net/$metadata#testtable1sfd3os6",
        "value": [
          {
            "odata.etag": "W/\u0022datetime\u00272021-01-04T22%3A26%3A56.8386545Z\u0027\u0022",
            "PartitionKey": "somPartition",
            "RowKey": "1",
            "Timestamp": "2021-01-04T22:26:56.8386545Z",
            "MergedProperty": "merged value was updated!",
            "SomeStringProperty": "This is the original"
          }
        ]
      }
    },
    {
      "RequestUri": "https://chrisstablesprim.table.core.windows.net/Tables(\u0027testtable1sfd3os6\u0027)",
      "RequestMethod": "DELETE",
      "RequestHeaders": {
        "Accept": "application/json",
        "Authorization": "Sanitized",
        "traceparent": "00-61276e274fa54a4e999c18a1ac433c96-ba448ee2b1d04b4b-00",
        "User-Agent": [
          "azsdk-net-Data.Tables/3.0.0-alpha.20210104.1",
          "(.NET Core 4.6.29321.03; Microsoft Windows 10.0.19042 )"
        ],
        "x-ms-client-request-id": "54a52bee14a83280735cab70da006f48",
        "x-ms-date": "Mon, 04 Jan 2021 22:27:07 GMT",
        "x-ms-return-client-request-id": "true",
        "x-ms-version": "2019-02-02"
      },
      "RequestBody": null,
      "StatusCode": 204,
      "ResponseHeaders": {
        "Cache-Control": "no-cache",
        "Content-Length": "0",
        "Date": "Mon, 04 Jan 2021 22:26:56 GMT",
        "Server": [
          "Windows-Azure-Table/1.0",
          "Microsoft-HTTPAPI/2.0"
        ],
        "X-Content-Type-Options": "nosniff",
        "x-ms-client-request-id": "54a52bee14a83280735cab70da006f48",
        "x-ms-request-id": "91003283-8002-0002-3fe8-e21da1000000",
        "x-ms-version": "2019-02-02"
      },
      "ResponseBody": []
    }
  ],
  "Variables": {
    "RandomSeed": "381580319",
    "STORAGE_ENDPOINT_SUFFIX": "core.windows.net",
    "TABLES_PRIMARY_STORAGE_ACCOUNT_KEY": "Kg==",
    "TABLES_STORAGE_ACCOUNT_NAME": "chrisstablesprim"
  }
}