{
  "Entries": [
    {
      "RequestUri": "https://td29f528fe8af4d53prim.table.core.windows.net/Tables?$format=application%2Fjson%3Bodata%3Dminimalmetadata",
      "RequestMethod": "POST",
      "RequestHeaders": {
        "Accept": [
          "application/json",
          "application/json; odata=minimalmetadata"
        ],
        "Authorization": "Sanitized",
        "Content-Length": "33",
        "Content-Type": "application/json; odata=nometadata",
        "DataServiceVersion": "3.0",
        "traceparent": "00-d5804642b7bd6948b4921cebe5e5fa92-0239050c7886a24d-00",
        "User-Agent": [
          "azsdk-net-Data.Tables/1.0.0-dev.20200820.3",
          "(.NET Core 4.6.27514.02; Microsoft Windows 10.0.17763 )"
        ],
        "x-ms-client-request-id": "773232caf4ac27459110524016fa8395",
        "x-ms-date": "Thu, 20 Aug 2020 22:20:21 GMT",
        "x-ms-return-client-request-id": "true",
        "x-ms-version": "2019-02-02"
      },
      "RequestBody": {
        "TableName": "testtable445m49yq"
      },
      "StatusCode": 201,
      "ResponseHeaders": {
        "Cache-Control": "no-cache",
        "Content-Type": "application/json; odata=minimalmetadata; streaming=true; charset=utf-8",
        "Date": "Thu, 20 Aug 2020 22:20:21 GMT",
        "Location": "https://td29f528fe8af4d53prim.table.core.windows.net/Tables(\u0027testtable445m49yq\u0027)",
        "Server": [
          "Windows-Azure-Table/1.0",
          "Microsoft-HTTPAPI/2.0"
        ],
        "Transfer-Encoding": "chunked",
        "X-Content-Type-Options": "nosniff",
        "x-ms-client-request-id": "773232caf4ac27459110524016fa8395",
        "x-ms-request-id": "6bd1c9ed-1002-000d-6f40-77fcc0000000",
        "x-ms-version": "2019-02-02"
      },
      "ResponseBody": {
        "odata.metadata": "https://td29f528fe8af4d53prim.table.core.windows.net/$metadata#Tables/@Element",
        "TableName": "testtable445m49yq"
      }
    },
    {
      "RequestUri": "https://td29f528fe8af4d53prim.table.core.windows.net/testtable445m49yq(PartitionKey=\u0027somPartition\u0027,RowKey=\u00271\u0027)?$format=application%2Fjson%3Bodata%3Dminimalmetadata",
      "RequestMethod": "PUT",
      "RequestHeaders": {
        "Accept": [
          "application/json",
          "application/json"
        ],
        "Authorization": "Sanitized",
        "Content-Length": "88",
        "Content-Type": "application/json",
        "DataServiceVersion": "3.0",
        "traceparent": "00-299781efbbff7849acbdc988f544561b-3b814ca5d57f6349-00",
        "User-Agent": [
          "azsdk-net-Data.Tables/1.0.0-dev.20200820.3",
          "(.NET Core 4.6.27514.02; Microsoft Windows 10.0.17763 )"
        ],
        "x-ms-client-request-id": "c4ad7263b9e1ac10daf16502a0ea491f",
        "x-ms-date": "Thu, 20 Aug 2020 22:20:21 GMT",
        "x-ms-return-client-request-id": "true",
        "x-ms-version": "2019-02-02"
      },
      "RequestBody": {
        "PartitionKey": "somPartition",
        "RowKey": "1",
        "SomeStringProperty": "This is the original"
      },
      "StatusCode": 204,
      "ResponseHeaders": {
        "Cache-Control": "no-cache",
        "Content-Length": "0",
        "Date": "Thu, 20 Aug 2020 22:20:21 GMT",
        "ETag": "W/\u0022datetime\u00272020-08-20T22%3A20%3A21.7389512Z\u0027\u0022",
        "Server": [
          "Windows-Azure-Table/1.0",
          "Microsoft-HTTPAPI/2.0"
        ],
        "X-Content-Type-Options": "nosniff",
        "x-ms-client-request-id": "c4ad7263b9e1ac10daf16502a0ea491f",
        "x-ms-request-id": "6bd1c9ef-1002-000d-7040-77fcc0000000",
        "x-ms-version": "2019-02-02"
      },
      "ResponseBody": []
    },
    {
      "RequestUri": "https://td29f528fe8af4d53prim.table.core.windows.net/testtable445m49yq()?$format=application%2Fjson%3Bodata%3Dminimalmetadata\u0026$filter=PartitionKey%20eq%20%27somPartition%27%20and%20RowKey%20eq%20%271%27",
      "RequestMethod": "GET",
      "RequestHeaders": {
        "Accept": [
          "application/json",
          "application/json; odata=minimalmetadata"
        ],
        "Authorization": "Sanitized",
        "DataServiceVersion": "3.0",
        "User-Agent": [
          "azsdk-net-Data.Tables/1.0.0-dev.20200820.3",
          "(.NET Core 4.6.27514.02; Microsoft Windows 10.0.17763 )"
        ],
        "x-ms-client-request-id": "b7028d804f66348eb4d4388b8397d48c",
        "x-ms-date": "Thu, 20 Aug 2020 22:20:21 GMT",
        "x-ms-return-client-request-id": "true",
        "x-ms-version": "2019-02-02"
      },
      "RequestBody": null,
      "StatusCode": 200,
      "ResponseHeaders": {
        "Cache-Control": "no-cache",
        "Content-Type": "application/json; odata=minimalmetadata; streaming=true; charset=utf-8",
        "Date": "Thu, 20 Aug 2020 22:20:21 GMT",
        "Server": [
          "Windows-Azure-Table/1.0",
          "Microsoft-HTTPAPI/2.0"
        ],
        "Transfer-Encoding": "chunked",
        "X-Content-Type-Options": "nosniff",
        "x-ms-client-request-id": "b7028d804f66348eb4d4388b8397d48c",
        "x-ms-request-id": "6bd1c9f0-1002-000d-7140-77fcc0000000",
        "x-ms-version": "2019-02-02"
      },
      "ResponseBody": {
        "odata.metadata": "https://td29f528fe8af4d53prim.table.core.windows.net/$metadata#testtable445m49yq",
        "value": [
          {
            "odata.etag": "W/\u0022datetime\u00272020-08-20T22%3A20%3A21.7389512Z\u0027\u0022",
            "PartitionKey": "somPartition",
            "RowKey": "1",
            "Timestamp": "2020-08-20T22:20:21.7389512Z",
            "SomeStringProperty": "This is the original"
          }
        ]
      }
    },
    {
      "RequestUri": "https://td29f528fe8af4d53prim.table.core.windows.net/testtable445m49yq(PartitionKey=\u0027somPartition\u0027,RowKey=\u00271\u0027)?$format=application%2Fjson%3Bodata%3Dminimalmetadata",
      "RequestMethod": "PUT",
      "RequestHeaders": {
        "Accept": [
          "application/json",
          "application/json"
        ],
        "Authorization": "Sanitized",
        "Content-Length": "218",
        "Content-Type": "application/json",
        "DataServiceVersion": "3.0",
        "traceparent": "00-7e5ccec4f7e05d419335d965f74954c8-95085aff89584944-00",
        "User-Agent": [
          "azsdk-net-Data.Tables/1.0.0-dev.20200820.3",
          "(.NET Core 4.6.27514.02; Microsoft Windows 10.0.17763 )"
        ],
        "x-ms-client-request-id": "3e62d777694b79e921cbd103e024f126",
        "x-ms-date": "Thu, 20 Aug 2020 22:20:21 GMT",
        "x-ms-return-client-request-id": "true",
        "x-ms-version": "2019-02-02"
      },
      "RequestBody": {
        "odata.etag": "W/\u0022datetime\u00272020-08-20T22%3A20%3A21.7389512Z\u0027\u0022",
        "PartitionKey": "somPartition",
        "RowKey": "1",
        "Timestamp": "2020-08-20T22:20:21.7389512Z",
        "SomeStringProperty": "This is new and improved!"
      },
      "StatusCode": 204,
      "ResponseHeaders": {
        "Cache-Control": "no-cache",
        "Content-Length": "0",
        "Date": "Thu, 20 Aug 2020 22:20:21 GMT",
        "ETag": "W/\u0022datetime\u00272020-08-20T22%3A20%3A21.8800512Z\u0027\u0022",
        "Server": [
          "Windows-Azure-Table/1.0",
          "Microsoft-HTTPAPI/2.0"
        ],
        "X-Content-Type-Options": "nosniff",
        "x-ms-client-request-id": "3e62d777694b79e921cbd103e024f126",
        "x-ms-request-id": "6bd1c9f4-1002-000d-7340-77fcc0000000",
        "x-ms-version": "2019-02-02"
      },
      "ResponseBody": []
    },
    {
      "RequestUri": "https://td29f528fe8af4d53prim.table.core.windows.net/testtable445m49yq()?$format=application%2Fjson%3Bodata%3Dminimalmetadata\u0026$filter=PartitionKey%20eq%20%27somPartition%27%20and%20RowKey%20eq%20%271%27",
      "RequestMethod": "GET",
      "RequestHeaders": {
        "Accept": [
          "application/json",
          "application/json; odata=minimalmetadata"
        ],
        "Authorization": "Sanitized",
        "DataServiceVersion": "3.0",
        "User-Agent": [
          "azsdk-net-Data.Tables/1.0.0-dev.20200820.3",
          "(.NET Core 4.6.27514.02; Microsoft Windows 10.0.17763 )"
        ],
        "x-ms-client-request-id": "6c962008dd8013ece4790f0d81842843",
        "x-ms-date": "Thu, 20 Aug 2020 22:20:21 GMT",
        "x-ms-return-client-request-id": "true",
        "x-ms-version": "2019-02-02"
      },
      "RequestBody": null,
      "StatusCode": 200,
      "ResponseHeaders": {
        "Cache-Control": "no-cache",
        "Content-Type": "application/json; odata=minimalmetadata; streaming=true; charset=utf-8",
        "Date": "Thu, 20 Aug 2020 22:20:21 GMT",
        "Server": [
          "Windows-Azure-Table/1.0",
          "Microsoft-HTTPAPI/2.0"
        ],
        "Transfer-Encoding": "chunked",
        "X-Content-Type-Options": "nosniff",
        "x-ms-client-request-id": "6c962008dd8013ece4790f0d81842843",
        "x-ms-request-id": "6bd1c9f6-1002-000d-7540-77fcc0000000",
        "x-ms-version": "2019-02-02"
      },
      "ResponseBody": {
        "odata.metadata": "https://td29f528fe8af4d53prim.table.core.windows.net/$metadata#testtable445m49yq",
        "value": [
          {
            "odata.etag": "W/\u0022datetime\u00272020-08-20T22%3A20%3A21.8800512Z\u0027\u0022",
            "PartitionKey": "somPartition",
            "RowKey": "1",
            "Timestamp": "2020-08-20T22:20:21.8800512Z",
            "SomeStringProperty": "This is new and improved!"
          }
        ]
      }
    },
    {
      "RequestUri": "https://td29f528fe8af4d53prim.table.core.windows.net/Tables(\u0027testtable445m49yq\u0027)",
      "RequestMethod": "DELETE",
      "RequestHeaders": {
        "Accept": [
          "application/json",
          "application/json"
        ],
        "Authorization": "Sanitized",
        "traceparent": "00-57ff0e4bfc802640b2a13b3658e6a86d-63e6a2c4db397241-00",
        "User-Agent": [
          "azsdk-net-Data.Tables/1.0.0-dev.20200820.3",
          "(.NET Core 4.6.27514.02; Microsoft Windows 10.0.17763 )"
        ],
        "x-ms-client-request-id": "c88bd81c0b8716d4a489959a7d8b5490",
        "x-ms-date": "Thu, 20 Aug 2020 22:20:21 GMT",
        "x-ms-return-client-request-id": "true",
        "x-ms-version": "2019-02-02"
      },
      "RequestBody": null,
      "StatusCode": 204,
      "ResponseHeaders": {
        "Cache-Control": "no-cache",
        "Content-Length": "0",
        "Date": "Thu, 20 Aug 2020 22:20:21 GMT",
        "Server": [
          "Windows-Azure-Table/1.0",
          "Microsoft-HTTPAPI/2.0"
        ],
        "X-Content-Type-Options": "nosniff",
        "x-ms-client-request-id": "c88bd81c0b8716d4a489959a7d8b5490",
        "x-ms-request-id": "6bd1c9fc-1002-000d-7940-77fcc0000000",
        "x-ms-version": "2019-02-02"
      },
      "ResponseBody": []
    }
  ],
  "Variables": {
    "RandomSeed": "210916003",
    "TABLES_PRIMARY_STORAGE_ACCOUNT_KEY": "Kg==",
    "TABLES_STORAGE_ACCOUNT_NAME": "td29f528fe8af4d53prim"
  }
}