{
  "Entries": [
    {
      "RequestUri": "https://chrissscratch.table.core.windows.net/Tables?$format=application%2Fjson%3Bodata%3Dfullmetadata",
      "RequestMethod": "POST",
      "RequestHeaders": {
        "Authorization": "Sanitized",
        "Content-Length": "33",
        "Content-Type": "application/json; odata=nometadata",
        "DataServiceVersion": "3.0",
        "traceparent": "00-5ad68446ddacc44d9e05526f0119f5e7-8ec321dee3321747-00",
        "User-Agent": [
          "azsdk-net-Data.Tables/1.0.0-dev.20200713.1",
          "(.NET Core 4.6.28928.01; Microsoft Windows 10.0.18363 )"
        ],
        "x-ms-client-request-id": "34c6dbc1460cc62dd55fdd6430d3a8ed",
        "x-ms-date": "Tue, 14 Jul 2020 20:56:21 GMT",
        "x-ms-return-client-request-id": "true",
        "x-ms-version": "2019-02-02"
      },
      "RequestBody": {
        "TableName": "testtablevxz83ty2"
      },
      "StatusCode": 201,
      "ResponseHeaders": {
        "Cache-Control": "no-cache",
        "Content-Type": "application/json; odata=fullmetadata; streaming=true; charset=utf-8",
        "Date": "Tue, 14 Jul 2020 20:56:20 GMT",
        "Location": "https://chrissscratch.table.core.windows.net/Tables(\u0027testtablevxz83ty2\u0027)",
        "Server": [
          "Windows-Azure-Table/1.0",
          "Microsoft-HTTPAPI/2.0"
        ],
        "Transfer-Encoding": "chunked",
        "X-Content-Type-Options": "nosniff",
        "x-ms-client-request-id": "34c6dbc1460cc62dd55fdd6430d3a8ed",
        "x-ms-request-id": "20750af9-b002-001b-0421-5aea7a000000",
        "x-ms-version": "2019-02-02"
      },
      "ResponseBody": {
        "odata.metadata": "https://chrissscratch.table.core.windows.net/$metadata#Tables/@Element",
        "odata.type": "chrissscratch.Tables",
        "odata.id": "https://chrissscratch.table.core.windows.net/Tables(\u0027testtablevxz83ty2\u0027)",
        "odata.editLink": "Tables(\u0027testtablevxz83ty2\u0027)",
        "TableName": "testtablevxz83ty2"
      }
    },
    {
      "RequestUri": "https://chrissscratch.table.core.windows.net/testtablevxz83ty2(PartitionKey=\u0027somPartition\u0027,RowKey=\u002701\u0027)?$format=application%2Fjson%3Bodata%3Dfullmetadata",
      "RequestMethod": "PUT",
      "RequestHeaders": {
        "Authorization": "Sanitized",
        "Content-Length": "614",
        "Content-Type": "application/json",
        "DataServiceVersion": "3.0",
        "traceparent": "00-0c339e5c6c45364486d48c82e69190c0-a092648355695e4d-00",
        "User-Agent": [
          "azsdk-net-Data.Tables/1.0.0-dev.20200713.1",
          "(.NET Core 4.6.28928.01; Microsoft Windows 10.0.18363 )"
        ],
        "x-ms-client-request-id": "758acc3d35bb1604c156f32fe2981d2d",
        "x-ms-date": "Tue, 14 Jul 2020 20:56:21 GMT",
        "x-ms-return-client-request-id": "true",
        "x-ms-version": "2019-02-02"
      },
      "RequestBody": {
        "PartitionKey": "somPartition",
        "RowKey": "01",
        "SomeStringProperty": "This is table entity number 01",
        "SomeDateProperty": "2020-01-01T01:02:00.0000000Z",
        "SomeDateProperty@odata.type": "Edm.DateTime",
        "SomeGuidProperty": "0d391d16-97f1-4b9a-be68-4cc871f90001",
        "SomeGuidProperty@odata.type": "Edm.Guid",
        "SomeBinaryProperty": "AQIDBAU=",
        "SomeBinaryProperty@odata.type": "Edm.Binary",
        "SomeInt64Property": "1",
        "SomeInt64Property@odata.type": "Edm.Int64",
        "SomeDoubleProperty0": 1,
        "SomeDoubleProperty0@odata.type": "Edm.Double",
        "SomeDoubleProperty1": 1.1000000000000001,
        "SomeDoubleProperty1@odata.type": "Edm.Double",
        "SomeIntProperty": 1
      },
      "StatusCode": 204,
      "ResponseHeaders": {
        "Cache-Control": "no-cache",
        "Content-Length": "0",
        "Date": "Tue, 14 Jul 2020 20:56:20 GMT",
        "ETag": "W/\u0022datetime\u00272020-07-14T20%3A56%3A21.0838931Z\u0027\u0022",
        "Server": [
          "Windows-Azure-Table/1.0",
          "Microsoft-HTTPAPI/2.0"
        ],
        "X-Content-Type-Options": "nosniff",
        "x-ms-client-request-id": "758acc3d35bb1604c156f32fe2981d2d",
        "x-ms-request-id": "20750b02-b002-001b-0c21-5aea7a000000",
        "x-ms-version": "2019-02-02"
      },
      "ResponseBody": []
    },
    {
      "RequestUri": "https://chrissscratch.table.core.windows.net/testtablevxz83ty2()?$format=application%2Fjson%3Bodata%3Dfullmetadata\u0026$filter=PartitionKey%20eq%20%27somPartition%27%20and%20RowKey%20eq%20%2701%27",
      "RequestMethod": "GET",
      "RequestHeaders": {
        "Authorization": "Sanitized",
        "DataServiceVersion": "3.0",
        "User-Agent": [
          "azsdk-net-Data.Tables/1.0.0-dev.20200713.1",
          "(.NET Core 4.6.28928.01; Microsoft Windows 10.0.18363 )"
        ],
        "x-ms-client-request-id": "db87d345fe28899f09e5d3a646b3727a",
        "x-ms-date": "Tue, 14 Jul 2020 20:56:21 GMT",
        "x-ms-return-client-request-id": "true",
        "x-ms-version": "2019-02-02"
      },
      "RequestBody": null,
      "StatusCode": 200,
      "ResponseHeaders": {
        "Cache-Control": "no-cache",
        "Content-Type": "application/json; odata=fullmetadata; streaming=true; charset=utf-8",
        "Date": "Tue, 14 Jul 2020 20:56:20 GMT",
        "Server": [
          "Windows-Azure-Table/1.0",
          "Microsoft-HTTPAPI/2.0"
        ],
        "Transfer-Encoding": "chunked",
        "X-Content-Type-Options": "nosniff",
        "x-ms-client-request-id": "db87d345fe28899f09e5d3a646b3727a",
        "x-ms-request-id": "20750b0b-b002-001b-1421-5aea7a000000",
        "x-ms-version": "2019-02-02"
      },
      "ResponseBody": {
        "odata.metadata": "https://chrissscratch.table.core.windows.net/$metadata#testtablevxz83ty2",
        "value": [
          {
            "odata.type": "chrissscratch.testtablevxz83ty2",
            "odata.id": "https://chrissscratch.table.core.windows.net/testtablevxz83ty2(PartitionKey=\u0027somPartition\u0027,RowKey=\u002701\u0027)",
            "odata.etag": "W/\u0022datetime\u00272020-07-14T20%3A56%3A21.0838931Z\u0027\u0022",
            "odata.editLink": "testtablevxz83ty2(PartitionKey=\u0027somPartition\u0027,RowKey=\u002701\u0027)",
            "PartitionKey": "somPartition",
            "RowKey": "01",
            "Timestamp@odata.type": "Edm.DateTime",
            "Timestamp": "2020-07-14T20:56:21.0838931Z",
            "SomeBinaryProperty@odata.type": "Edm.Binary",
            "SomeBinaryProperty": "AQIDBAU=",
            "SomeDateProperty@odata.type": "Edm.DateTime",
            "SomeDateProperty": "2020-01-01T01:02:00Z",
            "SomeDoubleProperty0": 1.0,
            "SomeDoubleProperty1": 1.1,
            "SomeGuidProperty@odata.type": "Edm.Guid",
            "SomeGuidProperty": "0d391d16-97f1-4b9a-be68-4cc871f90001",
            "SomeInt64Property@odata.type": "Edm.Int64",
            "SomeInt64Property": "1",
            "SomeIntProperty": 1,
            "SomeStringProperty": "This is table entity number 01"
          }
        ]
      }
    },
    {
      "RequestUri": "https://chrissscratch.table.core.windows.net/Tables(\u0027testtablevxz83ty2\u0027)",
      "RequestMethod": "DELETE",
      "RequestHeaders": {
        "Accept": "application/json",
        "Authorization": "Sanitized",
        "traceparent": "00-1648efcf1822eb4abca664267e5f34ea-d06a42be1f47fd4e-00",
        "User-Agent": [
          "azsdk-net-Data.Tables/1.0.0-dev.20200713.1",
          "(.NET Core 4.6.28928.01; Microsoft Windows 10.0.18363 )"
        ],
        "x-ms-client-request-id": "95d636a4cf2c8c47d6af72b552fde33c",
        "x-ms-date": "Tue, 14 Jul 2020 20:56:21 GMT",
        "x-ms-return-client-request-id": "true",
        "x-ms-version": "2019-02-02"
      },
      "RequestBody": null,
      "StatusCode": 204,
      "ResponseHeaders": {
        "Cache-Control": "no-cache",
        "Content-Length": "0",
        "Date": "Tue, 14 Jul 2020 20:56:20 GMT",
        "Server": [
          "Windows-Azure-Table/1.0",
          "Microsoft-HTTPAPI/2.0"
        ],
        "X-Content-Type-Options": "nosniff",
        "x-ms-client-request-id": "95d636a4cf2c8c47d6af72b552fde33c",
        "x-ms-request-id": "20750b15-b002-001b-1d21-5aea7a000000",
        "x-ms-version": "2019-02-02"
      },
      "ResponseBody": []
    }
  ],
  "Variables": {
    "RandomSeed": "270087626",
    "TABLES_PRIMARY_STORAGE_ACCOUNT_KEY": "",
    "TABLES_STORAGE_ACCOUNT_NAME": "chrissscratch"
  }
}