{
  "Entries": [
    {
      "RequestUri": "https://chrisstablesprim.table.core.windows.net/Tables?$format=application%2Fjson%3Bodata%3Dminimalmetadata",
      "RequestMethod": "POST",
      "RequestHeaders": {
        "Accept": "application/json; odata=minimalmetadata",
        "Authorization": "Sanitized",
        "Content-Length": "33",
        "Content-Type": "application/json; odata=nometadata",
        "DataServiceVersion": "3.0",
        "traceparent": "00-1ac099145599ff47b485b80a659a75db-44670b424d1c084f-00",
        "User-Agent": [
          "azsdk-net-Data.Tables/12.3.0-alpha.20211018.1",
          "(.NET 5.0.11; Microsoft Windows 10.0.22000)"
        ],
        "x-ms-client-request-id": "1ba5dc949497e280697f544afd51b065",
        "x-ms-date": "Mon, 18 Oct 2021 17:13:20 GMT",
        "x-ms-return-client-request-id": "true",
        "x-ms-version": "2019-02-02"
      },
      "RequestBody": {
        "TableName": "testtablejtgescz6"
      },
      "StatusCode": 201,
      "ResponseHeaders": {
        "Cache-Control": "no-cache",
        "Content-Type": "application/json; odata=minimalmetadata; streaming=true; charset=utf-8",
        "Date": "Mon, 18 Oct 2021 17:13:19 GMT",
        "Location": "https://chrisstablesprim.table.core.windows.net/Tables(\u0027testtablejtgescz6\u0027)",
        "Server": [
          "Windows-Azure-Table/1.0",
          "Microsoft-HTTPAPI/2.0"
        ],
        "Transfer-Encoding": "chunked",
        "X-Content-Type-Options": "nosniff",
        "x-ms-client-request-id": "1ba5dc949497e280697f544afd51b065",
        "x-ms-request-id": "fbe15d71-9002-007c-0543-c48de6000000",
        "x-ms-version": "2019-02-02"
      },
      "ResponseBody": {
        "odata.metadata": "https://chrisstablesprim.table.core.windows.net/$metadata#Tables/@Element",
        "TableName": "testtablejtgescz6"
      }
    },
    {
      "RequestUri": "https://chrisstablesprim.table.core.windows.net/testtablejtgescz6(PartitionKey=\u0027somPartition\u0027,RowKey=\u002701\u0027)?$format=application%2Fjson%3Bodata%3Dminimalmetadata",
      "RequestMethod": "PUT",
      "RequestHeaders": {
        "Accept": "application/json",
        "Authorization": "Sanitized",
        "Content-Length": "721",
        "Content-Type": "application/json",
        "DataServiceVersion": "3.0",
        "traceparent": "00-c4057cdcbef35242baa1571b8299ce22-3ba2b04ad14ada4e-00",
        "User-Agent": [
          "azsdk-net-Data.Tables/12.3.0-alpha.20211018.1",
          "(.NET 5.0.11; Microsoft Windows 10.0.22000)"
        ],
        "x-ms-client-request-id": "4a2b22c3269a6428a9bdf9dac671d2cd",
        "x-ms-date": "Mon, 18 Oct 2021 17:13:20 GMT",
        "x-ms-return-client-request-id": "true",
        "x-ms-version": "2019-02-02"
      },
      "RequestBody": {
        "StringTypeProperty": "This is table entity number 01",
        "DatetimeTypeProperty": "2020-01-01T01:02:00.0000000Z",
        "DatetimeTypeProperty@odata.type": "Edm.DateTime",
        "DatetimeOffsetTypeProperty": "2020-01-01T01:02:00.0000000Z",
        "DatetimeOffsetTypeProperty@odata.type": "Edm.DateTime",
        "GuidTypeProperty": "0d391d16-97f1-4b9a-be68-4cc871f90001",
        "GuidTypeProperty@odata.type": "Edm.Guid",
        "BinaryTypeProperty": "AQIDBAU=",
        "BinaryTypeProperty@odata.type": "Edm.Binary",
        "Int64TypeProperty": "1",
        "Int64TypeProperty@odata.type": "Edm.Int64",
        "UInt64TypeProperty": "1",
        "UInt64TypeProperty@odata.type": "Edm.Int64",
        "DoubleTypeProperty": "NaN",
        "DoubleTypeProperty@odata.type": "Edm.Double",
        "IntTypeProperty": 1,
        "PartitionKey": "somPartition",
        "RowKey": "01"
      },
      "StatusCode": 204,
      "ResponseHeaders": {
        "Cache-Control": "no-cache",
        "Content-Length": "0",
        "Date": "Mon, 18 Oct 2021 17:13:19 GMT",
        "ETag": "W/\u0022datetime\u00272021-10-18T17%3A13%3A20.2256371Z\u0027\u0022",
        "Server": [
          "Windows-Azure-Table/1.0",
          "Microsoft-HTTPAPI/2.0"
        ],
        "X-Content-Type-Options": "nosniff",
        "x-ms-client-request-id": "4a2b22c3269a6428a9bdf9dac671d2cd",
        "x-ms-request-id": "fbe15d77-9002-007c-0a43-c48de6000000",
        "x-ms-version": "2019-02-02"
      },
      "ResponseBody": []
    },
    {
      "RequestUri": "https://chrisstablesprim.table.core.windows.net/testtablejtgescz6(PartitionKey=\u0027somPartition\u0027,RowKey=\u002701\u0027)?$format=application%2Fjson%3Bodata%3Dminimalmetadata",
      "RequestMethod": "GET",
      "RequestHeaders": {
        "Accept": "application/json; odata=minimalmetadata",
        "Authorization": "Sanitized",
        "DataServiceVersion": "3.0",
        "traceparent": "00-de2e7fa053304241b730533263ae11ec-5a680da8c0484b4d-00",
        "User-Agent": [
          "azsdk-net-Data.Tables/12.3.0-alpha.20211018.1",
          "(.NET 5.0.11; Microsoft Windows 10.0.22000)"
        ],
        "x-ms-client-request-id": "bc073b2c2d0edc77aec777f68626798e",
        "x-ms-date": "Mon, 18 Oct 2021 17:13:20 GMT",
        "x-ms-return-client-request-id": "true",
        "x-ms-version": "2019-02-02"
      },
      "RequestBody": null,
      "StatusCode": 200,
      "ResponseHeaders": {
        "Cache-Control": "no-cache",
        "Content-Type": "application/json; odata=minimalmetadata; streaming=true; charset=utf-8",
        "Date": "Mon, 18 Oct 2021 17:13:19 GMT",
        "ETag": "W/\u0022datetime\u00272021-10-18T17%3A13%3A20.2256371Z\u0027\u0022",
        "Server": [
          "Windows-Azure-Table/1.0",
          "Microsoft-HTTPAPI/2.0"
        ],
        "Transfer-Encoding": "chunked",
        "X-Content-Type-Options": "nosniff",
        "x-ms-client-request-id": "bc073b2c2d0edc77aec777f68626798e",
        "x-ms-request-id": "fbe15d82-9002-007c-1443-c48de6000000",
        "x-ms-version": "2019-02-02"
      },
      "ResponseBody": {
        "odata.metadata": "https://chrisstablesprim.table.core.windows.net/$metadata#testtablejtgescz6/@Element",
        "odata.etag": "W/\u0022datetime\u00272021-10-18T17%3A13%3A20.2256371Z\u0027\u0022",
        "PartitionKey": "somPartition",
        "RowKey": "01",
        "Timestamp": "2021-10-18T17:13:20.2256371Z",
        "BinaryTypeProperty@odata.type": "Edm.Binary",
        "BinaryTypeProperty": "AQIDBAU=",
        "DatetimeOffsetTypeProperty@odata.type": "Edm.DateTime",
        "DatetimeOffsetTypeProperty": "2020-01-01T01:02:00Z",
        "DatetimeTypeProperty@odata.type": "Edm.DateTime",
        "DatetimeTypeProperty": "2020-01-01T01:02:00Z",
        "DoubleTypeProperty@odata.type": "Edm.Double",
        "DoubleTypeProperty": "NaN",
        "GuidTypeProperty@odata.type": "Edm.Guid",
        "GuidTypeProperty": "0d391d16-97f1-4b9a-be68-4cc871f90001",
        "Int64TypeProperty@odata.type": "Edm.Int64",
        "Int64TypeProperty": "1",
        "IntTypeProperty": 1,
        "StringTypeProperty": "This is table entity number 01",
        "UInt64TypeProperty@odata.type": "Edm.Int64",
        "UInt64TypeProperty": "1"
      }
    },
    {
      "RequestUri": "https://chrisstablesprim.table.core.windows.net/Tables(\u0027testtablejtgescz6\u0027)",
      "RequestMethod": "DELETE",
      "RequestHeaders": {
        "Accept": "application/json",
        "Authorization": "Sanitized",
        "traceparent": "00-0b61d7c5178d03409f60c58a8a1a6649-c8008d16f7f4b64b-00",
        "User-Agent": [
          "azsdk-net-Data.Tables/12.3.0-alpha.20211018.1",
          "(.NET 5.0.11; Microsoft Windows 10.0.22000)"
        ],
        "x-ms-client-request-id": "2bdbea9dbe186de2b34172d99aa51bf8",
        "x-ms-date": "Mon, 18 Oct 2021 17:13:20 GMT",
        "x-ms-return-client-request-id": "true",
        "x-ms-version": "2019-02-02"
      },
      "RequestBody": null,
      "StatusCode": 204,
      "ResponseHeaders": {
        "Cache-Control": "no-cache",
        "Content-Length": "0",
        "Date": "Mon, 18 Oct 2021 17:13:19 GMT",
        "Server": [
          "Windows-Azure-Table/1.0",
          "Microsoft-HTTPAPI/2.0"
        ],
        "X-Content-Type-Options": "nosniff",
        "x-ms-client-request-id": "2bdbea9dbe186de2b34172d99aa51bf8",
        "x-ms-request-id": "fbe15d91-9002-007c-2143-c48de6000000",
        "x-ms-version": "2019-02-02"
      },
      "ResponseBody": []
    }
  ],
  "Variables": {
    "RandomSeed": "508189872",
    "STORAGE_ENDPOINT_SUFFIX": "core.windows.net",
    "TABLES_PRIMARY_STORAGE_ACCOUNT_KEY": "Kg==",
    "TABLES_STORAGE_ACCOUNT_NAME": "chrisstablesprim"
  }
}