{
  "Entries": [
    {
      "RequestUri": "https://t487ba7ce49634c8eprim.table.core.windows.net/Tables?$format=application%2Fjson%3Bodata%3Dminimalmetadata",
      "RequestMethod": "POST",
      "RequestHeaders": {
        "Accept": "application/json",
        "Authorization": "Sanitized",
        "Content-Length": "33",
        "Content-Type": "application/json; odata=nometadata",
        "DataServiceVersion": "3.0",
        "traceparent": "00-9d7ee5779a04be4db6971abebf195944-735d2773e963af4d-00",
        "User-Agent": [
          "azsdk-net-Data.Tables/1.0.0-dev.20200825.2",
          "(.NET Core 4.6.27514.02; Microsoft Windows 10.0.17763 )"
        ],
        "x-ms-client-request-id": "9a45019707d321fe4c1c4965c58f340e",
        "x-ms-date": "Tue, 25 Aug 2020 16:29:51 GMT",
        "x-ms-return-client-request-id": "true",
        "x-ms-version": "2019-02-02"
      },
      "RequestBody": {
        "TableName": "testtablenbyhvlyk"
      },
      "StatusCode": 201,
      "ResponseHeaders": {
        "Cache-Control": "no-cache",
        "Content-Type": "application/json; odata=minimalmetadata; streaming=true; charset=utf-8",
        "Date": "Tue, 25 Aug 2020 16:29:50 GMT",
        "Location": "https://t487ba7ce49634c8eprim.table.core.windows.net/Tables(\u0027testtablenbyhvlyk\u0027)",
        "Server": [
          "Windows-Azure-Table/1.0",
          "Microsoft-HTTPAPI/2.0"
        ],
        "Transfer-Encoding": "chunked",
        "X-Content-Type-Options": "nosniff",
        "x-ms-client-request-id": "9a45019707d321fe4c1c4965c58f340e",
        "x-ms-request-id": "acd0b779-d002-0089-18fc-7a60f1000000",
        "x-ms-version": "2019-02-02"
      },
      "ResponseBody": {
        "odata.metadata": "https://t487ba7ce49634c8eprim.table.core.windows.net/$metadata#Tables/@Element",
        "TableName": "testtablenbyhvlyk"
      }
    },
    {
      "RequestUri": "https://t487ba7ce49634c8eprim.table.core.windows.net/testtablenbyhvlyk()?tn=testtablenbyhvlyk\u0026sv=2019-02-02\u0026se=2040-01-01T01%3A01%3A00Z\u0026sp=r\u0026sig=Sanitized\u0026$format=application%2Fjson%3Bodata%3Dminimalmetadata",
      "RequestMethod": "GET",
      "RequestHeaders": {
        "Accept": "application/json",
        "DataServiceVersion": "3.0",
        "User-Agent": [
          "azsdk-net-Data.Tables/1.0.0-dev.20200825.2",
          "(.NET Core 4.6.27514.02; Microsoft Windows 10.0.17763 )"
        ],
        "x-ms-client-request-id": "484a0ef01cfcfa0cd36a865b16f6ac75",
        "x-ms-return-client-request-id": "true",
        "x-ms-version": "2019-02-02"
      },
      "RequestBody": null,
      "StatusCode": 200,
      "ResponseHeaders": {
        "Cache-Control": "no-cache",
        "Content-Type": "application/json; odata=minimalmetadata; streaming=true; charset=utf-8",
        "Date": "Tue, 25 Aug 2020 16:29:50 GMT",
        "Server": [
          "Windows-Azure-Table/1.0",
          "Microsoft-HTTPAPI/2.0"
        ],
        "Transfer-Encoding": "chunked",
        "X-Content-Type-Options": "nosniff",
        "x-ms-client-request-id": "484a0ef01cfcfa0cd36a865b16f6ac75",
        "x-ms-request-id": "acd0b77f-d002-0089-1dfc-7a60f1000000",
        "x-ms-version": "2019-02-02"
      },
      "ResponseBody": {
        "odata.metadata": "https://t487ba7ce49634c8eprim.table.core.windows.net/$metadata#testtablenbyhvlyk",
        "value": []
      }
    },
    {
      "RequestUri": "https://t487ba7ce49634c8eprim.table.core.windows.net/testtablenbyhvlyk(PartitionKey=\u0027partition\u0027,RowKey=\u002701\u0027)?tn=testtablenbyhvlyk\u0026sv=2019-02-02\u0026se=2040-01-01T01%3A01%3A00Z\u0026sp=r\u0026sig=Sanitized\u0026$format=application%2Fjson%3Bodata%3Dminimalmetadata",
      "RequestMethod": "PUT",
      "RequestHeaders": {
        "Accept": "application/json",
        "Content-Length": "611",
        "Content-Type": "application/json",
        "DataServiceVersion": "3.0",
        "traceparent": "00-e68134d7bd3fc547b2e64b26783c3e6b-b98e0b149d874244-00",
        "User-Agent": [
          "azsdk-net-Data.Tables/1.0.0-dev.20200825.2",
          "(.NET Core 4.6.27514.02; Microsoft Windows 10.0.17763 )"
        ],
        "x-ms-client-request-id": "843baa1ece62fcf8cc6fdfc349849f2c",
        "x-ms-return-client-request-id": "true",
        "x-ms-version": "2019-02-02"
      },
      "RequestBody": {
        "PartitionKey": "partition",
        "RowKey": "01",
        "SomeStringProperty": "This is table entity number 01",
        "SomeDateProperty": "2020-01-01T01:02:00.0000000Z",
        "SomeDateProperty@odata.type": "Edm.DateTime",
        "SomeGuidProperty": "0d391d16-97f1-4b9a-be68-4cc871f90001",
        "SomeGuidProperty@odata.type": "Edm.Guid",
        "SomeBinaryProperty": "AQIDBAU=",
        "SomeBinaryProperty@odata.type": "Edm.Binary",
        "SomeInt64Property": "1",
        "SomeInt64Property@odata.type": "Edm.Int64",
        "SomeDoubleProperty0": 1,
        "SomeDoubleProperty0@odata.type": "Edm.Double",
        "SomeDoubleProperty1": 1.1000000000000001,
        "SomeDoubleProperty1@odata.type": "Edm.Double",
        "SomeIntProperty": 1
      },
      "StatusCode": 403,
      "ResponseHeaders": {
        "Cache-Control": "no-cache",
        "Content-Type": "application/json; odata=minimalmetadata; streaming=true; charset=utf-8",
        "Date": "Tue, 25 Aug 2020 16:29:50 GMT",
        "Server": [
          "Windows-Azure-Table/1.0",
          "Microsoft-HTTPAPI/2.0"
        ],
        "Transfer-Encoding": "chunked",
        "X-Content-Type-Options": "nosniff",
        "x-ms-client-request-id": "843baa1ece62fcf8cc6fdfc349849f2c",
        "x-ms-request-id": "acd0b781-d002-0089-1ffc-7a60f1000000",
        "x-ms-version": "2019-02-02"
      },
      "ResponseBody": {
        "odata.error": {
          "code": "AuthorizationPermissionMismatch",
          "message": {
            "lang": "en-US",
            "value": "This request is not authorized to perform this operation using this permission.\nRequestId:acd0b781-d002-0089-1ffc-7a60f1000000\nTime:2020-08-25T16:29:51.3625478Z"
          }
        }
      }
    },
    {
      "RequestUri": "https://t487ba7ce49634c8eprim.table.core.windows.net/Tables(\u0027testtablenbyhvlyk\u0027)",
      "RequestMethod": "DELETE",
      "RequestHeaders": {
        "Accept": "application/json",
        "Authorization": "Sanitized",
        "traceparent": "00-926aa3e78f5037499a7bd9d7cd18dcae-57291cbccf0bef41-00",
        "User-Agent": [
          "azsdk-net-Data.Tables/1.0.0-dev.20200825.2",
          "(.NET Core 4.6.27514.02; Microsoft Windows 10.0.17763 )"
        ],
        "x-ms-client-request-id": "8630d7bcc2e37ba1f54ac66881a30b56",
        "x-ms-date": "Tue, 25 Aug 2020 16:29:51 GMT",
        "x-ms-return-client-request-id": "true",
        "x-ms-version": "2019-02-02"
      },
      "RequestBody": null,
      "StatusCode": 204,
      "ResponseHeaders": {
        "Cache-Control": "no-cache",
        "Content-Length": "0",
        "Date": "Tue, 25 Aug 2020 16:29:50 GMT",
        "Server": [
          "Windows-Azure-Table/1.0",
          "Microsoft-HTTPAPI/2.0"
        ],
        "X-Content-Type-Options": "nosniff",
        "x-ms-client-request-id": "8630d7bcc2e37ba1f54ac66881a30b56",
        "x-ms-request-id": "acd0b784-d002-0089-22fc-7a60f1000000",
        "x-ms-version": "2019-02-02"
      },
      "ResponseBody": []
    }
  ],
  "Variables": {
    "RandomSeed": "693929526",
    "TABLES_PRIMARY_STORAGE_ACCOUNT_KEY": "Kg==",
    "TABLES_STORAGE_ACCOUNT_NAME": "t487ba7ce49634c8eprim"
  }
}