{
  "Entries": [
    {
      "RequestUri": "/subscriptions/876407bb-5bd3-45c4-9c07-cd74a964b2fc/resourcegroups/sdktestingadfrg7502?api-version=2017-05-10",
      "EncodedRequestUri": "L3N1YnNjcmlwdGlvbnMvODc2NDA3YmItNWJkMy00NWM0LTljMDctY2Q3NGE5NjRiMmZjL3Jlc291cmNlZ3JvdXBzL3Nka3Rlc3RpbmdhZGZyZzc1MDI/YXBpLXZlcnNpb249MjAxNy0wNS0xMA==",
      "RequestMethod": "PUT",
      "RequestBody": "{\r\n  \"location\": \"East US 2\"\r\n}",
      "RequestHeaders": {
        "Content-Type": [
          "application/json; charset=utf-8"
        ],
        "Content-Length": [
          "31"
        ],
        "x-ms-client-request-id": [
          "06b8ceb3-f7a6-48ab-a123-4cc54b697299"
        ],
        "accept-language": [
          "en-US"
        ],
        "User-Agent": [
          "FxVersion/4.6.25211.01",
          "Microsoft.Azure.Management.ResourceManager.ResourceManagementClient/1.6.0.0"
        ]
      },
      "ResponseBody": "{\r\n  \"id\": \"/subscriptions/876407bb-5bd3-45c4-9c07-cd74a964b2fc/resourceGroups/sdktestingadfrg7502\",\r\n  \"name\": \"sdktestingadfrg7502\",\r\n  \"location\": \"eastus2\",\r\n  \"properties\": {\r\n    \"provisioningState\": \"Succeeded\"\r\n  }\r\n}",
      "ResponseHeaders": {
        "Content-Length": [
          "192"
        ],
        "Content-Type": [
          "application/json; charset=utf-8"
        ],
        "Expires": [
          "-1"
        ],
        "Cache-Control": [
          "no-cache"
        ],
        "Date": [
          "Tue, 31 Oct 2017 23:19:00 GMT"
        ],
        "Pragma": [
          "no-cache"
        ],
        "x-ms-ratelimit-remaining-subscription-writes": [
          "1125"
        ],
        "x-ms-request-id": [
          "c7c1f4ae-b19c-4d1d-83a2-d2dc736e2f62"
        ],
        "x-ms-correlation-request-id": [
          "c7c1f4ae-b19c-4d1d-83a2-d2dc736e2f62"
        ],
        "x-ms-routing-request-id": [
          "NORTHEUROPE:20171031T231900Z:c7c1f4ae-b19c-4d1d-83a2-d2dc736e2f62"
        ],
        "Strict-Transport-Security": [
          "max-age=31536000; includeSubDomains"
        ]
      },
      "StatusCode": 201
    },
    {
      "RequestUri": "/subscriptions/876407bb-5bd3-45c4-9c07-cd74a964b2fc/resourceGroups/sdktestingadfrg7502/providers/Microsoft.DataFactory/factories/sdktestingfactory5185?api-version=2017-09-01-preview",
      "EncodedRequestUri": "L3N1YnNjcmlwdGlvbnMvODc2NDA3YmItNWJkMy00NWM0LTljMDctY2Q3NGE5NjRiMmZjL3Jlc291cmNlR3JvdXBzL3Nka3Rlc3RpbmdhZGZyZzc1MDIvcHJvdmlkZXJzL01pY3Jvc29mdC5EYXRhRmFjdG9yeS9mYWN0b3JpZXMvc2RrdGVzdGluZ2ZhY3Rvcnk1MTg1P2FwaS12ZXJzaW9uPTIwMTctMDktMDEtcHJldmlldw==",
      "RequestMethod": "PUT",
      "RequestBody": "{\r\n  \"location\": \"East US 2\"\r\n}",
      "RequestHeaders": {
        "Content-Type": [
          "application/json; charset=utf-8"
        ],
        "Content-Length": [
          "31"
        ],
        "x-ms-client-request-id": [
          "788a3192-5f2e-4d44-a110-45d59d8506f9"
        ],
        "accept-language": [
          "en-US"
        ],
        "User-Agent": [
          "FxVersion/4.6.25211.01",
          "Microsoft.Azure.Management.DataFactory.DataFactoryManagementClient/0.2.1.0"
        ]
      },
      "ResponseBody": "{\r\n  \"name\": \"sdktestingfactory5185\",\r\n  \"tags\": {},\r\n  \"properties\": {\r\n    \"provisioningState\": \"Succeeded\",\r\n    \"loggingStorageAccountKey\": \"**********\",\r\n    \"createTime\": \"2017-10-31T23:19:04.6338736Z\",\r\n    \"version\": \"2017-09-01-preview\"\r\n  },\r\n  \"id\": \"/subscriptions/876407bb-5bd3-45c4-9c07-cd74a964b2fc/resourceGroups/sdktestingadfrg7502/providers/Microsoft.DataFactory/factories/sdktestingfactory5185\",\r\n  \"type\": \"Microsoft.DataFactory/factories\",\r\n  \"location\": \"East US 2\"\r\n}",
      "ResponseHeaders": {
        "Content-Type": [
          "application/json; charset=utf-8"
        ],
        "Expires": [
          "-1"
        ],
        "Cache-Control": [
          "no-cache"
        ],
        "Date": [
          "Tue, 31 Oct 2017 23:19:04 GMT"
        ],
        "Pragma": [
          "no-cache"
        ],
        "Transfer-Encoding": [
          "chunked"
        ],
        "Server": [
          "Microsoft-IIS/8.5"
        ],
        "Vary": [
          "Accept-Encoding"
        ],
        "x-ms-request-id": [
          "788a3192-5f2e-4d44-a110-45d59d8506f9"
        ],
        "Strict-Transport-Security": [
          "max-age=31536000; includeSubDomains"
        ],
        "X-Content-Type-Options": [
          "nosniff"
        ],
        "X-Powered-By": [
          "ASP.NET"
        ],
        "x-ms-ratelimit-remaining-subscription-writes": [
          "1150"
        ],
        "x-ms-correlation-request-id": [
          "062a4c44-7807-4f8e-a69a-6b60a0c451f9"
        ],
        "x-ms-routing-request-id": [
          "NORTHEUROPE:20171031T231904Z:062a4c44-7807-4f8e-a69a-6b60a0c451f9"
        ]
      },
      "StatusCode": 200
    },
    {
      "RequestUri": "/subscriptions/876407bb-5bd3-45c4-9c07-cd74a964b2fc/resourceGroups/sdktestingadfrg7502/providers/Microsoft.DataFactory/factories/sdktestingfactory5185/cancelpipelinerun/efbe5443-9879-4495-94a6-4d7c394133ad?api-version=2017-09-01-preview",
      "EncodedRequestUri": "L3N1YnNjcmlwdGlvbnMvODc2NDA3YmItNWJkMy00NWM0LTljMDctY2Q3NGE5NjRiMmZjL3Jlc291cmNlR3JvdXBzL3Nka3Rlc3RpbmdhZGZyZzc1MDIvcHJvdmlkZXJzL01pY3Jvc29mdC5EYXRhRmFjdG9yeS9mYWN0b3JpZXMvc2RrdGVzdGluZ2ZhY3Rvcnk1MTg1L2NhbmNlbHBpcGVsaW5lcnVuL2VmYmU1NDQzLTk4NzktNDQ5NS05NGE2LTRkN2MzOTQxMzNhZD9hcGktdmVyc2lvbj0yMDE3LTA5LTAxLXByZXZpZXc=",
      "RequestMethod": "POST",
      "RequestBody": "",
      "RequestHeaders": {
        "x-ms-client-request-id": [
          "025e02ae-b7f2-4250-a7de-08b83cdfcc78"
        ],
        "accept-language": [
          "en-US"
        ],
        "User-Agent": [
          "FxVersion/4.6.25211.01",
          "Microsoft.Azure.Management.DataFactory.DataFactoryManagementClient/0.2.1.0"
        ]
      },
      "ResponseBody": "{\r\n  \"code\": \"BadRequest\",\r\n  \"message\": \"Pipeline run does not exist\",\r\n  \"target\": \"cancelPipelineRun/efbe5443-9879-4495-94a6-4d7c394133ad\"\r\n}",
      "ResponseHeaders": {
        "Content-Length": [
          "127"
        ],
        "Content-Type": [
          "application/json; charset=utf-8"
        ],
        "Expires": [
          "-1"
        ],
        "Cache-Control": [
          "no-cache"
        ],
        "Date": [
          "Tue, 31 Oct 2017 23:19:05 GMT"
        ],
        "Pragma": [
          "no-cache"
        ],
        "Server": [
          "Microsoft-IIS/8.5"
        ],
        "x-ms-request-id": [
          "025e02ae-b7f2-4250-a7de-08b83cdfcc78"
        ],
        "Strict-Transport-Security": [
          "max-age=31536000; includeSubDomains"
        ],
        "X-Content-Type-Options": [
          "nosniff"
        ],
        "X-Powered-By": [
          "ASP.NET"
        ],
        "x-ms-ratelimit-remaining-subscription-writes": [
          "1149"
        ],
        "x-ms-correlation-request-id": [
          "ddcf1a85-83db-4db9-a53d-bbb2ff464db6"
        ],
        "x-ms-routing-request-id": [
          "NORTHEUROPE:20171031T231905Z:ddcf1a85-83db-4db9-a53d-bbb2ff464db6"
        ]
      },
      "StatusCode": 400
    },
    {
      "RequestUri": "/subscriptions/876407bb-5bd3-45c4-9c07-cd74a964b2fc/resourceGroups/sdktestingadfrg7502/providers/Microsoft.DataFactory/factories/sdktestingfactory5185?api-version=2017-09-01-preview",
      "EncodedRequestUri": "L3N1YnNjcmlwdGlvbnMvODc2NDA3YmItNWJkMy00NWM0LTljMDctY2Q3NGE5NjRiMmZjL3Jlc291cmNlR3JvdXBzL3Nka3Rlc3RpbmdhZGZyZzc1MDIvcHJvdmlkZXJzL01pY3Jvc29mdC5EYXRhRmFjdG9yeS9mYWN0b3JpZXMvc2RrdGVzdGluZ2ZhY3Rvcnk1MTg1P2FwaS12ZXJzaW9uPTIwMTctMDktMDEtcHJldmlldw==",
      "RequestMethod": "DELETE",
      "RequestBody": "",
      "RequestHeaders": {
        "x-ms-client-request-id": [
          "66ad9694-adcd-433a-a845-8949283718aa"
        ],
        "accept-language": [
          "en-US"
        ],
        "User-Agent": [
          "FxVersion/4.6.25211.01",
          "Microsoft.Azure.Management.DataFactory.DataFactoryManagementClient/0.2.1.0"
        ]
      },
      "ResponseBody": "",
      "ResponseHeaders": {
        "Content-Length": [
          "0"
        ],
        "Expires": [
          "-1"
        ],
        "Cache-Control": [
          "no-cache"
        ],
        "Date": [
          "Tue, 31 Oct 2017 23:19:06 GMT"
        ],
        "Pragma": [
          "no-cache"
        ],
        "Server": [
          "Microsoft-IIS/8.5"
        ],
        "x-ms-request-id": [
          "66ad9694-adcd-433a-a845-8949283718aa"
        ],
        "Strict-Transport-Security": [
          "max-age=31536000; includeSubDomains"
        ],
        "X-Content-Type-Options": [
          "nosniff"
        ],
        "X-Powered-By": [
          "ASP.NET"
        ],
        "x-ms-ratelimit-remaining-subscription-writes": [
          "1148"
        ],
        "x-ms-correlation-request-id": [
          "fb59acf1-167b-47eb-8db2-9c4c9d116e90"
        ],
        "x-ms-routing-request-id": [
          "NORTHEUROPE:20171031T231907Z:fb59acf1-167b-47eb-8db2-9c4c9d116e90"
        ]
      },
      "StatusCode": 200
    },
    {
      "RequestUri": "/subscriptions/876407bb-5bd3-45c4-9c07-cd74a964b2fc/resourcegroups/sdktestingadfrg7502?api-version=2017-05-10",
      "EncodedRequestUri": "L3N1YnNjcmlwdGlvbnMvODc2NDA3YmItNWJkMy00NWM0LTljMDctY2Q3NGE5NjRiMmZjL3Jlc291cmNlZ3JvdXBzL3Nka3Rlc3RpbmdhZGZyZzc1MDI/YXBpLXZlcnNpb249MjAxNy0wNS0xMA==",
      "RequestMethod": "DELETE",
      "RequestBody": "",
      "RequestHeaders": {
        "x-ms-client-request-id": [
          "f644ff2f-77ce-4e8b-a3cb-d44379a298e2"
        ],
        "accept-language": [
          "en-US"
        ],
        "User-Agent": [
          "FxVersion/4.6.25211.01",
          "Microsoft.Azure.Management.ResourceManager.ResourceManagementClient/1.6.0.0"
        ]
      },
      "ResponseBody": "",
      "ResponseHeaders": {
        "Content-Length": [
          "0"
        ],
        "Expires": [
          "-1"
        ],
        "Cache-Control": [
          "no-cache"
        ],
        "Date": [
          "Tue, 31 Oct 2017 23:19:07 GMT"
        ],
        "Pragma": [
          "no-cache"
        ],
        "Location": [
          "https://api-dogfood.resources.windows-int.net/subscriptions/876407bb-5bd3-45c4-9c07-cd74a964b2fc/operationresults/eyJqb2JJZCI6IlJFU09VUkNFR1JPVVBERUxFVElPTkpPQi1TREtURVNUSU5HQURGUkc3NTAyLUVBU1RVUzIiLCJqb2JMb2NhdGlvbiI6ImVhc3R1czIifQ?api-version=2017-05-10"
        ],
        "Retry-After": [
          "15"
        ],
        "x-ms-ratelimit-remaining-subscription-writes": [
          "1124"
        ],
        "x-ms-request-id": [
          "aafe6dcd-4962-425c-bc2e-93c966b279e6"
        ],
        "x-ms-correlation-request-id": [
          "aafe6dcd-4962-425c-bc2e-93c966b279e6"
        ],
        "x-ms-routing-request-id": [
          "NORTHEUROPE:20171031T231908Z:aafe6dcd-4962-425c-bc2e-93c966b279e6"
        ],
        "Strict-Transport-Security": [
          "max-age=31536000; includeSubDomains"
        ]
      },
      "StatusCode": 202
    },
    {
      "RequestUri": "/subscriptions/876407bb-5bd3-45c4-9c07-cd74a964b2fc/operationresults/eyJqb2JJZCI6IlJFU09VUkNFR1JPVVBERUxFVElPTkpPQi1TREtURVNUSU5HQURGUkc3NTAyLUVBU1RVUzIiLCJqb2JMb2NhdGlvbiI6ImVhc3R1czIifQ?api-version=2017-05-10",
      "EncodedRequestUri": "L3N1YnNjcmlwdGlvbnMvODc2NDA3YmItNWJkMy00NWM0LTljMDctY2Q3NGE5NjRiMmZjL29wZXJhdGlvbnJlc3VsdHMvZXlKcWIySkpaQ0k2SWxKRlUwOVZVa05GUjFKUFZWQkVSVXhGVkVsUFRrcFBRaTFUUkV0VVJWTlVTVTVIUVVSR1VrYzNOVEF5TFVWQlUxUlZVeklpTENKcWIySk1iMk5oZEdsdmJpSTZJbVZoYzNSMWN6SWlmUT9hcGktdmVyc2lvbj0yMDE3LTA1LTEw",
      "RequestMethod": "GET",
      "RequestBody": "",
      "RequestHeaders": {
        "User-Agent": [
          "FxVersion/4.6.25211.01",
          "Microsoft.Azure.Management.ResourceManager.ResourceManagementClient/1.6.0.0"
        ]
      },
      "ResponseBody": "",
      "ResponseHeaders": {
        "Content-Length": [
          "0"
        ],
        "Expires": [
          "-1"
        ],
        "Cache-Control": [
          "no-cache"
        ],
        "Date": [
          "Tue, 31 Oct 2017 23:19:22 GMT"
        ],
        "Pragma": [
          "no-cache"
        ],
        "Location": [
          "https://api-dogfood.resources.windows-int.net/subscriptions/876407bb-5bd3-45c4-9c07-cd74a964b2fc/operationresults/eyJqb2JJZCI6IlJFU09VUkNFR1JPVVBERUxFVElPTkpPQi1TREtURVNUSU5HQURGUkc3NTAyLUVBU1RVUzIiLCJqb2JMb2NhdGlvbiI6ImVhc3R1czIifQ?api-version=2017-05-10"
        ],
        "Retry-After": [
          "15"
        ],
        "x-ms-ratelimit-remaining-subscription-reads": [
          "14761"
        ],
        "x-ms-request-id": [
          "17575308-4b34-4a12-b555-36872bebb903"
        ],
        "x-ms-correlation-request-id": [
          "17575308-4b34-4a12-b555-36872bebb903"
        ],
        "x-ms-routing-request-id": [
          "NORTHEUROPE:20171031T231923Z:17575308-4b34-4a12-b555-36872bebb903"
        ],
        "Strict-Transport-Security": [
          "max-age=31536000; includeSubDomains"
        ]
      },
      "StatusCode": 202
    },
    {
      "RequestUri": "/subscriptions/876407bb-5bd3-45c4-9c07-cd74a964b2fc/operationresults/eyJqb2JJZCI6IlJFU09VUkNFR1JPVVBERUxFVElPTkpPQi1TREtURVNUSU5HQURGUkc3NTAyLUVBU1RVUzIiLCJqb2JMb2NhdGlvbiI6ImVhc3R1czIifQ?api-version=2017-05-10",
      "EncodedRequestUri": "L3N1YnNjcmlwdGlvbnMvODc2NDA3YmItNWJkMy00NWM0LTljMDctY2Q3NGE5NjRiMmZjL29wZXJhdGlvbnJlc3VsdHMvZXlKcWIySkpaQ0k2SWxKRlUwOVZVa05GUjFKUFZWQkVSVXhGVkVsUFRrcFBRaTFUUkV0VVJWTlVTVTVIUVVSR1VrYzNOVEF5TFVWQlUxUlZVeklpTENKcWIySk1iMk5oZEdsdmJpSTZJbVZoYzNSMWN6SWlmUT9hcGktdmVyc2lvbj0yMDE3LTA1LTEw",
      "RequestMethod": "GET",
      "RequestBody": "",
      "RequestHeaders": {
        "User-Agent": [
          "FxVersion/4.6.25211.01",
          "Microsoft.Azure.Management.ResourceManager.ResourceManagementClient/1.6.0.0"
        ]
      },
      "ResponseBody": "",
      "ResponseHeaders": {
        "Content-Length": [
          "0"
        ],
        "Expires": [
          "-1"
        ],
        "Cache-Control": [
          "no-cache"
        ],
        "Date": [
          "Tue, 31 Oct 2017 23:19:38 GMT"
        ],
        "Pragma": [
          "no-cache"
        ],
        "Location": [
          "https://api-dogfood.resources.windows-int.net/subscriptions/876407bb-5bd3-45c4-9c07-cd74a964b2fc/operationresults/eyJqb2JJZCI6IlJFU09VUkNFR1JPVVBERUxFVElPTkpPQi1TREtURVNUSU5HQURGUkc3NTAyLUVBU1RVUzIiLCJqb2JMb2NhdGlvbiI6ImVhc3R1czIifQ?api-version=2017-05-10"
        ],
        "Retry-After": [
          "15"
        ],
        "x-ms-ratelimit-remaining-subscription-reads": [
          "14760"
        ],
        "x-ms-request-id": [
          "3f352fcf-fba8-4a2c-8c37-5e1832ee890c"
        ],
        "x-ms-correlation-request-id": [
          "3f352fcf-fba8-4a2c-8c37-5e1832ee890c"
        ],
        "x-ms-routing-request-id": [
          "NORTHEUROPE:20171031T231938Z:3f352fcf-fba8-4a2c-8c37-5e1832ee890c"
        ],
        "Strict-Transport-Security": [
          "max-age=31536000; includeSubDomains"
        ]
      },
      "StatusCode": 202
    },
    {
      "RequestUri": "/subscriptions/876407bb-5bd3-45c4-9c07-cd74a964b2fc/operationresults/eyJqb2JJZCI6IlJFU09VUkNFR1JPVVBERUxFVElPTkpPQi1TREtURVNUSU5HQURGUkc3NTAyLUVBU1RVUzIiLCJqb2JMb2NhdGlvbiI6ImVhc3R1czIifQ?api-version=2017-05-10",
      "EncodedRequestUri": "L3N1YnNjcmlwdGlvbnMvODc2NDA3YmItNWJkMy00NWM0LTljMDctY2Q3NGE5NjRiMmZjL29wZXJhdGlvbnJlc3VsdHMvZXlKcWIySkpaQ0k2SWxKRlUwOVZVa05GUjFKUFZWQkVSVXhGVkVsUFRrcFBRaTFUUkV0VVJWTlVTVTVIUVVSR1VrYzNOVEF5TFVWQlUxUlZVeklpTENKcWIySk1iMk5oZEdsdmJpSTZJbVZoYzNSMWN6SWlmUT9hcGktdmVyc2lvbj0yMDE3LTA1LTEw",
      "RequestMethod": "GET",
      "RequestBody": "",
      "RequestHeaders": {
        "User-Agent": [
          "FxVersion/4.6.25211.01",
          "Microsoft.Azure.Management.ResourceManager.ResourceManagementClient/1.6.0.0"
        ]
      },
      "ResponseBody": "",
      "ResponseHeaders": {
        "Content-Length": [
          "0"
        ],
        "Expires": [
          "-1"
        ],
        "Cache-Control": [
          "no-cache"
        ],
        "Date": [
          "Tue, 31 Oct 2017 23:19:53 GMT"
        ],
        "Pragma": [
          "no-cache"
        ],
        "x-ms-ratelimit-remaining-subscription-reads": [
          "14759"
        ],
        "x-ms-request-id": [
          "3d868ab9-6227-45d2-bef2-17e63bbf4932"
        ],
        "x-ms-correlation-request-id": [
          "3d868ab9-6227-45d2-bef2-17e63bbf4932"
        ],
        "x-ms-routing-request-id": [
          "NORTHEUROPE:20171031T231953Z:3d868ab9-6227-45d2-bef2-17e63bbf4932"
        ],
        "Strict-Transport-Security": [
          "max-age=31536000; includeSubDomains"
        ]
      },
      "StatusCode": 200
    }
  ],
  "Names": {
    "RunTest": [
      "sdktestingadfrg7502",
      "sdktestingfactory5185"
    ]
  },
  "Variables": {
    "SubscriptionId": "876407bb-5bd3-45c4-9c07-cd74a964b2fc"
  }
}