{
  "Entries": [
    {
      "RequestUri": "/subscriptions/259fbb24-9bcd-4cfc-865c-fc33b22fe38a/resourcegroups/CosmosDBDotNetSDKTestsRG4986?api-version=2015-11-01",
      "EncodedRequestUri": "L3N1YnNjcmlwdGlvbnMvMjU5ZmJiMjQtOWJjZC00Y2ZjLTg2NWMtZmMzM2IyMmZlMzhhL3Jlc291cmNlZ3JvdXBzL0Nvc21vc0RCRG90TmV0U0RLVGVzdHNSRzQ5ODY/YXBpLXZlcnNpb249MjAxNS0xMS0wMQ==",
      "RequestMethod": "PUT",
      "RequestBody": "{\r\n  \"location\": \"central us\"\r\n}",
      "RequestHeaders": {
        "x-ms-client-request-id": [
          "217b421e-3dd0-48f6-ab3f-84475d0ec26b"
        ],
        "Accept-Language": [
          "en-US"
        ],
        "User-Agent": [
          "FxVersion/4.700.22.11601",
          "OSName/Windows",
          "OSVersion/Microsoft.Windows.10.0.22000",
          "Microsoft.Azure.Management.Resources.ResourceManagementClient/1.0.0.0"
        ],
        "Content-Type": [
          "application/json; charset=utf-8"
        ],
        "Content-Length": [
          "32"
        ]
      },
      "ResponseHeaders": {
        "Cache-Control": [
          "no-cache"
        ],
        "Pragma": [
          "no-cache"
        ],
        "x-ms-ratelimit-remaining-subscription-writes": [
          "1199"
        ],
        "x-ms-request-id": [
          "4513990a-4b9a-4b6b-9083-5fc30b918563"
        ],
        "x-ms-correlation-request-id": [
          "4513990a-4b9a-4b6b-9083-5fc30b918563"
        ],
        "x-ms-routing-request-id": [
          "SOUTHINDIA:20220412T110449Z:4513990a-4b9a-4b6b-9083-5fc30b918563"
        ],
        "Strict-Transport-Security": [
          "max-age=31536000; includeSubDomains"
        ],
        "X-Content-Type-Options": [
          "nosniff"
        ],
        "Date": [
          "Tue, 12 Apr 2022 11:04:48 GMT"
        ],
        "Content-Length": [
          "212"
        ],
        "Content-Type": [
          "application/json; charset=utf-8"
        ],
        "Expires": [
          "-1"
        ]
      },
      "ResponseBody": "{\r\n  \"id\": \"/subscriptions/259fbb24-9bcd-4cfc-865c-fc33b22fe38a/resourceGroups/CosmosDBDotNetSDKTestsRG4986\",\r\n  \"name\": \"CosmosDBDotNetSDKTestsRG4986\",\r\n  \"location\": \"centralus\",\r\n  \"properties\": {\r\n    \"provisioningState\": \"Succeeded\"\r\n  }\r\n}",
      "StatusCode": 201
    },
    {
      "RequestUri": "/subscriptions/259fbb24-9bcd-4cfc-865c-fc33b22fe38a/resourceGroups/CosmosDBDotNetSDKTestsRG4986/providers/Microsoft.DocumentDB/databaseAccounts/databaseaccount5254?api-version=2022-02-15-preview",
      "EncodedRequestUri": "L3N1YnNjcmlwdGlvbnMvMjU5ZmJiMjQtOWJjZC00Y2ZjLTg2NWMtZmMzM2IyMmZlMzhhL3Jlc291cmNlR3JvdXBzL0Nvc21vc0RCRG90TmV0U0RLVGVzdHNSRzQ5ODYvcHJvdmlkZXJzL01pY3Jvc29mdC5Eb2N1bWVudERCL2RhdGFiYXNlQWNjb3VudHMvZGF0YWJhc2VhY2NvdW50NTI1ND9hcGktdmVyc2lvbj0yMDIyLTAyLTE1LXByZXZpZXc=",
      "RequestMethod": "PUT",
      "RequestBody": "{\r\n  \"kind\": \"GlobalDocumentDB\",\r\n  \"properties\": {\r\n    \"locations\": [\r\n      {\r\n        \"locationName\": \"central us\"\r\n      }\r\n    ],\r\n    \"isVirtualNetworkFilterEnabled\": true,\r\n    \"enableAutomaticFailover\": false,\r\n    \"capabilities\": [\r\n      {\r\n        \"name\": \"EnableGremlin\"\r\n      }\r\n    ],\r\n    \"enableMultipleWriteLocations\": false,\r\n    \"disableKeyBasedMetadataWriteAccess\": false,\r\n    \"createMode\": \"Default\",\r\n    \"backupPolicy\": {\r\n      \"type\": \"Continuous\"\r\n    },\r\n    \"networkAclBypass\": \"AzureServices\",\r\n    \"databaseAccountOfferType\": \"Standard\"\r\n  },\r\n  \"location\": \"central us\"\r\n}",
      "RequestHeaders": {
        "x-ms-client-request-id": [
          "bb149d9b-3aa0-4ca0-bfe0-f1acb3d6310b"
        ],
        "Accept-Language": [
          "en-US"
        ],
        "User-Agent": [
          "FxVersion/4.700.22.11601",
          "OSName/Windows",
          "OSVersion/Microsoft.Windows.10.0.22000",
          "Microsoft.Azure.Management.CosmosDB.CosmosDBManagementClient/3.5.0.0"
        ],
        "Content-Type": [
          "application/json; charset=utf-8"
        ],
        "Content-Length": [
          "606"
        ]
      },
      "ResponseHeaders": {
        "Cache-Control": [
          "no-store, no-cache"
        ],
        "Pragma": [
          "no-cache"
        ],
        "Location": [
          "https://management.azure.com/subscriptions/259fbb24-9bcd-4cfc-865c-fc33b22fe38a/resourceGroups/CosmosDBDotNetSDKTestsRG4986/providers/Microsoft.DocumentDB/databaseAccounts/databaseaccount5254/operationResults/c69278ec-6f2e-44d8-b857-cf2a66f546c0?api-version=2022-02-15-preview"
        ],
        "x-ms-request-id": [
          "c69278ec-6f2e-44d8-b857-cf2a66f546c0"
        ],
        "Azure-AsyncOperation": [
          "https://management.azure.com/subscriptions/259fbb24-9bcd-4cfc-865c-fc33b22fe38a/providers/Microsoft.DocumentDB/locations/centralus/operationsStatus/c69278ec-6f2e-44d8-b857-cf2a66f546c0?api-version=2022-02-15-preview"
        ],
        "Strict-Transport-Security": [
          "max-age=31536000; includeSubDomains"
        ],
        "x-ms-gatewayversion": [
          "version=2.14.0"
        ],
        "Server": [
          "Microsoft-HTTPAPI/2.0"
        ],
        "x-ms-ratelimit-remaining-subscription-writes": [
          "1199"
        ],
        "x-ms-correlation-request-id": [
          "55e323e3-38ee-4df3-8d1c-e626927a12ee"
        ],
        "x-ms-routing-request-id": [
          "SOUTHINDIA:20220412T110506Z:55e323e3-38ee-4df3-8d1c-e626927a12ee"
        ],
        "X-Content-Type-Options": [
          "nosniff"
        ],
        "Date": [
          "Tue, 12 Apr 2022 11:05:05 GMT"
        ],
        "Content-Length": [
          "1993"
        ],
        "Content-Type": [
          "application/json"
        ]
      },
      "ResponseBody": "{\r\n  \"id\": \"/subscriptions/259fbb24-9bcd-4cfc-865c-fc33b22fe38a/resourceGroups/CosmosDBDotNetSDKTestsRG4986/providers/Microsoft.DocumentDB/databaseAccounts/databaseaccount5254\",\r\n  \"name\": \"databaseaccount5254\",\r\n  \"location\": \"Central US\",\r\n  \"type\": \"Microsoft.DocumentDB/databaseAccounts\",\r\n  \"kind\": \"GlobalDocumentDB\",\r\n  \"tags\": {},\r\n  \"systemData\": {\r\n    \"createdAt\": \"2022-04-12T11:05:02.6465811Z\"\r\n  },\r\n  \"properties\": {\r\n    \"provisioningState\": \"Creating\",\r\n    \"publicNetworkAccess\": \"Enabled\",\r\n    \"enableAutomaticFailover\": false,\r\n    \"enableMultipleWriteLocations\": false,\r\n    \"enablePartitionKeyMonitor\": false,\r\n    \"isVirtualNetworkFilterEnabled\": true,\r\n    \"virtualNetworkRules\": [],\r\n    \"EnabledApiTypes\": \"Gremlin, Sql\",\r\n    \"disableKeyBasedMetadataWriteAccess\": false,\r\n    \"enableFreeTier\": false,\r\n    \"enableAnalyticalStorage\": false,\r\n    \"analyticalStorageConfiguration\": {\r\n      \"schemaType\": \"WellDefined\"\r\n    },\r\n    \"instanceId\": \"b29e4f27-77a4-4ceb-abc3-25d3b7a255d8\",\r\n    \"createMode\": \"Default\",\r\n    \"databaseAccountOfferType\": \"Standard\",\r\n    \"defaultIdentity\": \"\",\r\n    \"networkAclBypass\": \"AzureServices\",\r\n    \"disableLocalAuth\": false,\r\n    \"consistencyPolicy\": {\r\n      \"defaultConsistencyLevel\": \"Session\",\r\n      \"maxIntervalInSeconds\": 5,\r\n      \"maxStalenessPrefix\": 100\r\n    },\r\n    \"configurationOverrides\": {},\r\n    \"writeLocations\": [\r\n      {\r\n        \"id\": \"databaseaccount5254-centralus\",\r\n        \"locationName\": \"Central US\",\r\n        \"provisioningState\": \"Creating\",\r\n        \"failoverPriority\": 0,\r\n        \"isZoneRedundant\": false\r\n      }\r\n    ],\r\n    \"readLocations\": [\r\n      {\r\n        \"id\": \"databaseaccount5254-centralus\",\r\n        \"locationName\": \"Central US\",\r\n        \"provisioningState\": \"Creating\",\r\n        \"failoverPriority\": 0,\r\n        \"isZoneRedundant\": false\r\n      }\r\n    ],\r\n    \"locations\": [\r\n      {\r\n        \"id\": \"databaseaccount5254-centralus\",\r\n        \"locationName\": \"Central US\",\r\n        \"provisioningState\": \"Creating\",\r\n        \"failoverPriority\": 0,\r\n        \"isZoneRedundant\": false\r\n      }\r\n    ],\r\n    \"failoverPolicies\": [\r\n      {\r\n        \"id\": \"databaseaccount5254-centralus\",\r\n        \"locationName\": \"Central US\",\r\n        \"failoverPriority\": 0\r\n      }\r\n    ],\r\n    \"cors\": [],\r\n    \"capabilities\": [\r\n      {\r\n        \"name\": \"EnableGremlin\"\r\n      }\r\n    ],\r\n    \"ipRules\": [],\r\n    \"backupPolicy\": {\r\n      \"type\": \"Continuous\",\r\n      \"continuousModeProperties\": {\r\n        \"tier\": \"Continuous30Days\"\r\n      }\r\n    },\r\n    \"networkAclBypassResourceIds\": [],\r\n    \"diagnosticLogSettings\": {\r\n      \"enableFullTextQuery\": \"None\"\r\n    }\r\n  },\r\n  \"identity\": {\r\n    \"type\": \"None\"\r\n  }\r\n}",
      "StatusCode": 200
    },
    {
      "RequestUri": "/subscriptions/259fbb24-9bcd-4cfc-865c-fc33b22fe38a/providers/Microsoft.DocumentDB/locations/centralus/operationsStatus/c69278ec-6f2e-44d8-b857-cf2a66f546c0?api-version=2022-02-15-preview",
      "EncodedRequestUri": "L3N1YnNjcmlwdGlvbnMvMjU5ZmJiMjQtOWJjZC00Y2ZjLTg2NWMtZmMzM2IyMmZlMzhhL3Byb3ZpZGVycy9NaWNyb3NvZnQuRG9jdW1lbnREQi9sb2NhdGlvbnMvY2VudHJhbHVzL29wZXJhdGlvbnNTdGF0dXMvYzY5Mjc4ZWMtNmYyZS00NGQ4LWI4NTctY2YyYTY2ZjU0NmMwP2FwaS12ZXJzaW9uPTIwMjItMDItMTUtcHJldmlldw==",
      "RequestMethod": "GET",
      "RequestBody": "",
      "RequestHeaders": {
        "User-Agent": [
          "FxVersion/4.700.22.11601",
          "OSName/Windows",
          "OSVersion/Microsoft.Windows.10.0.22000",
          "Microsoft.Azure.Management.CosmosDB.CosmosDBManagementClient/3.5.0.0"
        ]
      },
      "ResponseHeaders": {
        "Cache-Control": [
          "no-store, no-cache"
        ],
        "Pragma": [
          "no-cache"
        ],
        "Strict-Transport-Security": [
          "max-age=31536000; includeSubDomains"
        ],
        "x-ms-gatewayversion": [
          "version=2.14.0"
        ],
        "Server": [
          "Microsoft-HTTPAPI/2.0"
        ],
        "x-ms-ratelimit-remaining-subscription-reads": [
          "11999"
        ],
        "x-ms-request-id": [
          "b0229e80-6425-4b85-92e9-15cb93589d03"
        ],
        "x-ms-correlation-request-id": [
          "b0229e80-6425-4b85-92e9-15cb93589d03"
        ],
        "x-ms-routing-request-id": [
          "SOUTHINDIA:20220412T110536Z:b0229e80-6425-4b85-92e9-15cb93589d03"
        ],
        "X-Content-Type-Options": [
          "nosniff"
        ],
        "Date": [
          "Tue, 12 Apr 2022 11:05:36 GMT"
        ],
        "Content-Length": [
          "21"
        ],
        "Content-Type": [
          "application/json"
        ]
      },
      "ResponseBody": "{\r\n  \"status\": \"Dequeued\"\r\n}",
      "StatusCode": 200
    },
    {
      "RequestUri": "/subscriptions/259fbb24-9bcd-4cfc-865c-fc33b22fe38a/providers/Microsoft.DocumentDB/locations/centralus/operationsStatus/c69278ec-6f2e-44d8-b857-cf2a66f546c0?api-version=2022-02-15-preview",
      "EncodedRequestUri": "L3N1YnNjcmlwdGlvbnMvMjU5ZmJiMjQtOWJjZC00Y2ZjLTg2NWMtZmMzM2IyMmZlMzhhL3Byb3ZpZGVycy9NaWNyb3NvZnQuRG9jdW1lbnREQi9sb2NhdGlvbnMvY2VudHJhbHVzL29wZXJhdGlvbnNTdGF0dXMvYzY5Mjc4ZWMtNmYyZS00NGQ4LWI4NTctY2YyYTY2ZjU0NmMwP2FwaS12ZXJzaW9uPTIwMjItMDItMTUtcHJldmlldw==",
      "RequestMethod": "GET",
      "RequestBody": "",
      "RequestHeaders": {
        "User-Agent": [
          "FxVersion/4.700.22.11601",
          "OSName/Windows",
          "OSVersion/Microsoft.Windows.10.0.22000",
          "Microsoft.Azure.Management.CosmosDB.CosmosDBManagementClient/3.5.0.0"
        ]
      },
      "ResponseHeaders": {
        "Cache-Control": [
          "no-store, no-cache"
        ],
        "Pragma": [
          "no-cache"
        ],
        "Strict-Transport-Security": [
          "max-age=31536000; includeSubDomains"
        ],
        "x-ms-gatewayversion": [
          "version=2.14.0"
        ],
        "Server": [
          "Microsoft-HTTPAPI/2.0"
        ],
        "x-ms-ratelimit-remaining-subscription-reads": [
          "11998"
        ],
        "x-ms-request-id": [
          "a04633c8-28d1-4103-8e3f-832eccda73ab"
        ],
        "x-ms-correlation-request-id": [
          "a04633c8-28d1-4103-8e3f-832eccda73ab"
        ],
        "x-ms-routing-request-id": [
          "SOUTHINDIA:20220412T110607Z:a04633c8-28d1-4103-8e3f-832eccda73ab"
        ],
        "X-Content-Type-Options": [
          "nosniff"
        ],
        "Date": [
          "Tue, 12 Apr 2022 11:06:06 GMT"
        ],
        "Content-Length": [
          "21"
        ],
        "Content-Type": [
          "application/json"
        ]
      },
      "ResponseBody": "{\r\n  \"status\": \"Dequeued\"\r\n}",
      "StatusCode": 200
    },
    {
      "RequestUri": "/subscriptions/259fbb24-9bcd-4cfc-865c-fc33b22fe38a/providers/Microsoft.DocumentDB/locations/centralus/operationsStatus/c69278ec-6f2e-44d8-b857-cf2a66f546c0?api-version=2022-02-15-preview",
      "EncodedRequestUri": "L3N1YnNjcmlwdGlvbnMvMjU5ZmJiMjQtOWJjZC00Y2ZjLTg2NWMtZmMzM2IyMmZlMzhhL3Byb3ZpZGVycy9NaWNyb3NvZnQuRG9jdW1lbnREQi9sb2NhdGlvbnMvY2VudHJhbHVzL29wZXJhdGlvbnNTdGF0dXMvYzY5Mjc4ZWMtNmYyZS00NGQ4LWI4NTctY2YyYTY2ZjU0NmMwP2FwaS12ZXJzaW9uPTIwMjItMDItMTUtcHJldmlldw==",
      "RequestMethod": "GET",
      "RequestBody": "",
      "RequestHeaders": {
        "User-Agent": [
          "FxVersion/4.700.22.11601",
          "OSName/Windows",
          "OSVersion/Microsoft.Windows.10.0.22000",
          "Microsoft.Azure.Management.CosmosDB.CosmosDBManagementClient/3.5.0.0"
        ]
      },
      "ResponseHeaders": {
        "Cache-Control": [
          "no-store, no-cache"
        ],
        "Pragma": [
          "no-cache"
        ],
        "Strict-Transport-Security": [
          "max-age=31536000; includeSubDomains"
        ],
        "x-ms-gatewayversion": [
          "version=2.14.0"
        ],
        "Server": [
          "Microsoft-HTTPAPI/2.0"
        ],
        "x-ms-ratelimit-remaining-subscription-reads": [
          "11997"
        ],
        "x-ms-request-id": [
          "699133bd-e03a-4661-91bb-e0061d89db9c"
        ],
        "x-ms-correlation-request-id": [
          "699133bd-e03a-4661-91bb-e0061d89db9c"
        ],
        "x-ms-routing-request-id": [
          "SOUTHINDIA:20220412T110637Z:699133bd-e03a-4661-91bb-e0061d89db9c"
        ],
        "X-Content-Type-Options": [
          "nosniff"
        ],
        "Date": [
          "Tue, 12 Apr 2022 11:06:37 GMT"
        ],
        "Content-Length": [
          "21"
        ],
        "Content-Type": [
          "application/json"
        ]
      },
      "ResponseBody": "{\r\n  \"status\": \"Dequeued\"\r\n}",
      "StatusCode": 200
    },
    {
      "RequestUri": "/subscriptions/259fbb24-9bcd-4cfc-865c-fc33b22fe38a/providers/Microsoft.DocumentDB/locations/centralus/operationsStatus/c69278ec-6f2e-44d8-b857-cf2a66f546c0?api-version=2022-02-15-preview",
      "EncodedRequestUri": "L3N1YnNjcmlwdGlvbnMvMjU5ZmJiMjQtOWJjZC00Y2ZjLTg2NWMtZmMzM2IyMmZlMzhhL3Byb3ZpZGVycy9NaWNyb3NvZnQuRG9jdW1lbnREQi9sb2NhdGlvbnMvY2VudHJhbHVzL29wZXJhdGlvbnNTdGF0dXMvYzY5Mjc4ZWMtNmYyZS00NGQ4LWI4NTctY2YyYTY2ZjU0NmMwP2FwaS12ZXJzaW9uPTIwMjItMDItMTUtcHJldmlldw==",
      "RequestMethod": "GET",
      "RequestBody": "",
      "RequestHeaders": {
        "User-Agent": [
          "FxVersion/4.700.22.11601",
          "OSName/Windows",
          "OSVersion/Microsoft.Windows.10.0.22000",
          "Microsoft.Azure.Management.CosmosDB.CosmosDBManagementClient/3.5.0.0"
        ]
      },
      "ResponseHeaders": {
        "Cache-Control": [
          "no-store, no-cache"
        ],
        "Pragma": [
          "no-cache"
        ],
        "Strict-Transport-Security": [
          "max-age=31536000; includeSubDomains"
        ],
        "x-ms-gatewayversion": [
          "version=2.14.0"
        ],
        "Server": [
          "Microsoft-HTTPAPI/2.0"
        ],
        "x-ms-ratelimit-remaining-subscription-reads": [
          "11996"
        ],
        "x-ms-request-id": [
          "72a449c8-72bf-4958-a90f-e2cf5c66dbb6"
        ],
        "x-ms-correlation-request-id": [
          "72a449c8-72bf-4958-a90f-e2cf5c66dbb6"
        ],
        "x-ms-routing-request-id": [
          "SOUTHINDIA:20220412T110708Z:72a449c8-72bf-4958-a90f-e2cf5c66dbb6"
        ],
        "X-Content-Type-Options": [
          "nosniff"
        ],
        "Date": [
          "Tue, 12 Apr 2022 11:07:08 GMT"
        ],
        "Content-Length": [
          "21"
        ],
        "Content-Type": [
          "application/json"
        ]
      },
      "ResponseBody": "{\r\n  \"status\": \"Dequeued\"\r\n}",
      "StatusCode": 200
    },
    {
      "RequestUri": "/subscriptions/259fbb24-9bcd-4cfc-865c-fc33b22fe38a/providers/Microsoft.DocumentDB/locations/centralus/operationsStatus/c69278ec-6f2e-44d8-b857-cf2a66f546c0?api-version=2022-02-15-preview",
      "EncodedRequestUri": "L3N1YnNjcmlwdGlvbnMvMjU5ZmJiMjQtOWJjZC00Y2ZjLTg2NWMtZmMzM2IyMmZlMzhhL3Byb3ZpZGVycy9NaWNyb3NvZnQuRG9jdW1lbnREQi9sb2NhdGlvbnMvY2VudHJhbHVzL29wZXJhdGlvbnNTdGF0dXMvYzY5Mjc4ZWMtNmYyZS00NGQ4LWI4NTctY2YyYTY2ZjU0NmMwP2FwaS12ZXJzaW9uPTIwMjItMDItMTUtcHJldmlldw==",
      "RequestMethod": "GET",
      "RequestBody": "",
      "RequestHeaders": {
        "User-Agent": [
          "FxVersion/4.700.22.11601",
          "OSName/Windows",
          "OSVersion/Microsoft.Windows.10.0.22000",
          "Microsoft.Azure.Management.CosmosDB.CosmosDBManagementClient/3.5.0.0"
        ]
      },
      "ResponseHeaders": {
        "Cache-Control": [
          "no-store, no-cache"
        ],
        "Pragma": [
          "no-cache"
        ],
        "Strict-Transport-Security": [
          "max-age=31536000; includeSubDomains"
        ],
        "x-ms-gatewayversion": [
          "version=2.14.0"
        ],
        "Server": [
          "Microsoft-HTTPAPI/2.0"
        ],
        "x-ms-ratelimit-remaining-subscription-reads": [
          "11995"
        ],
        "x-ms-request-id": [
          "f0b8a41c-dd5a-4d77-a5c5-df7bb1bdc557"
        ],
        "x-ms-correlation-request-id": [
          "f0b8a41c-dd5a-4d77-a5c5-df7bb1bdc557"
        ],
        "x-ms-routing-request-id": [
          "SOUTHINDIA:20220412T110738Z:f0b8a41c-dd5a-4d77-a5c5-df7bb1bdc557"
        ],
        "X-Content-Type-Options": [
          "nosniff"
        ],
        "Date": [
          "Tue, 12 Apr 2022 11:07:37 GMT"
        ],
        "Content-Length": [
          "21"
        ],
        "Content-Type": [
          "application/json"
        ]
      },
      "ResponseBody": "{\r\n  \"status\": \"Dequeued\"\r\n}",
      "StatusCode": 200
    },
    {
      "RequestUri": "/subscriptions/259fbb24-9bcd-4cfc-865c-fc33b22fe38a/providers/Microsoft.DocumentDB/locations/centralus/operationsStatus/c69278ec-6f2e-44d8-b857-cf2a66f546c0?api-version=2022-02-15-preview",
      "EncodedRequestUri": "L3N1YnNjcmlwdGlvbnMvMjU5ZmJiMjQtOWJjZC00Y2ZjLTg2NWMtZmMzM2IyMmZlMzhhL3Byb3ZpZGVycy9NaWNyb3NvZnQuRG9jdW1lbnREQi9sb2NhdGlvbnMvY2VudHJhbHVzL29wZXJhdGlvbnNTdGF0dXMvYzY5Mjc4ZWMtNmYyZS00NGQ4LWI4NTctY2YyYTY2ZjU0NmMwP2FwaS12ZXJzaW9uPTIwMjItMDItMTUtcHJldmlldw==",
      "RequestMethod": "GET",
      "RequestBody": "",
      "RequestHeaders": {
        "User-Agent": [
          "FxVersion/4.700.22.11601",
          "OSName/Windows",
          "OSVersion/Microsoft.Windows.10.0.22000",
          "Microsoft.Azure.Management.CosmosDB.CosmosDBManagementClient/3.5.0.0"
        ]
      },
      "ResponseHeaders": {
        "Cache-Control": [
          "no-store, no-cache"
        ],
        "Pragma": [
          "no-cache"
        ],
        "Strict-Transport-Security": [
          "max-age=31536000; includeSubDomains"
        ],
        "x-ms-gatewayversion": [
          "version=2.14.0"
        ],
        "Server": [
          "Microsoft-HTTPAPI/2.0"
        ],
        "x-ms-ratelimit-remaining-subscription-reads": [
          "11994"
        ],
        "x-ms-request-id": [
          "432f21a2-ac27-4564-aeaa-4fd32e2b6f5f"
        ],
        "x-ms-correlation-request-id": [
          "432f21a2-ac27-4564-aeaa-4fd32e2b6f5f"
        ],
        "x-ms-routing-request-id": [
          "SOUTHINDIA:20220412T110808Z:432f21a2-ac27-4564-aeaa-4fd32e2b6f5f"
        ],
        "X-Content-Type-Options": [
          "nosniff"
        ],
        "Date": [
          "Tue, 12 Apr 2022 11:08:08 GMT"
        ],
        "Content-Length": [
          "21"
        ],
        "Content-Type": [
          "application/json"
        ]
      },
      "ResponseBody": "{\r\n  \"status\": \"Dequeued\"\r\n}",
      "StatusCode": 200
    },
    {
      "RequestUri": "/subscriptions/259fbb24-9bcd-4cfc-865c-fc33b22fe38a/providers/Microsoft.DocumentDB/locations/centralus/operationsStatus/c69278ec-6f2e-44d8-b857-cf2a66f546c0?api-version=2022-02-15-preview",
      "EncodedRequestUri": "L3N1YnNjcmlwdGlvbnMvMjU5ZmJiMjQtOWJjZC00Y2ZjLTg2NWMtZmMzM2IyMmZlMzhhL3Byb3ZpZGVycy9NaWNyb3NvZnQuRG9jdW1lbnREQi9sb2NhdGlvbnMvY2VudHJhbHVzL29wZXJhdGlvbnNTdGF0dXMvYzY5Mjc4ZWMtNmYyZS00NGQ4LWI4NTctY2YyYTY2ZjU0NmMwP2FwaS12ZXJzaW9uPTIwMjItMDItMTUtcHJldmlldw==",
      "RequestMethod": "GET",
      "RequestBody": "",
      "RequestHeaders": {
        "User-Agent": [
          "FxVersion/4.700.22.11601",
          "OSName/Windows",
          "OSVersion/Microsoft.Windows.10.0.22000",
          "Microsoft.Azure.Management.CosmosDB.CosmosDBManagementClient/3.5.0.0"
        ]
      },
      "ResponseHeaders": {
        "Cache-Control": [
          "no-store, no-cache"
        ],
        "Pragma": [
          "no-cache"
        ],
        "Strict-Transport-Security": [
          "max-age=31536000; includeSubDomains"
        ],
        "x-ms-gatewayversion": [
          "version=2.14.0"
        ],
        "Server": [
          "Microsoft-HTTPAPI/2.0"
        ],
        "x-ms-ratelimit-remaining-subscription-reads": [
          "11993"
        ],
        "x-ms-request-id": [
          "857a4438-8e68-4a35-a1ef-723002c79ba1"
        ],
        "x-ms-correlation-request-id": [
          "857a4438-8e68-4a35-a1ef-723002c79ba1"
        ],
        "x-ms-routing-request-id": [
          "SOUTHINDIA:20220412T110838Z:857a4438-8e68-4a35-a1ef-723002c79ba1"
        ],
        "X-Content-Type-Options": [
          "nosniff"
        ],
        "Date": [
          "Tue, 12 Apr 2022 11:08:38 GMT"
        ],
        "Content-Length": [
          "21"
        ],
        "Content-Type": [
          "application/json"
        ]
      },
      "ResponseBody": "{\r\n  \"status\": \"Dequeued\"\r\n}",
      "StatusCode": 200
    },
    {
      "RequestUri": "/subscriptions/259fbb24-9bcd-4cfc-865c-fc33b22fe38a/providers/Microsoft.DocumentDB/locations/centralus/operationsStatus/c69278ec-6f2e-44d8-b857-cf2a66f546c0?api-version=2022-02-15-preview",
      "EncodedRequestUri": "L3N1YnNjcmlwdGlvbnMvMjU5ZmJiMjQtOWJjZC00Y2ZjLTg2NWMtZmMzM2IyMmZlMzhhL3Byb3ZpZGVycy9NaWNyb3NvZnQuRG9jdW1lbnREQi9sb2NhdGlvbnMvY2VudHJhbHVzL29wZXJhdGlvbnNTdGF0dXMvYzY5Mjc4ZWMtNmYyZS00NGQ4LWI4NTctY2YyYTY2ZjU0NmMwP2FwaS12ZXJzaW9uPTIwMjItMDItMTUtcHJldmlldw==",
      "RequestMethod": "GET",
      "RequestBody": "",
      "RequestHeaders": {
        "User-Agent": [
          "FxVersion/4.700.22.11601",
          "OSName/Windows",
          "OSVersion/Microsoft.Windows.10.0.22000",
          "Microsoft.Azure.Management.CosmosDB.CosmosDBManagementClient/3.5.0.0"
        ]
      },
      "ResponseHeaders": {
        "Cache-Control": [
          "no-store, no-cache"
        ],
        "Pragma": [
          "no-cache"
        ],
        "Strict-Transport-Security": [
          "max-age=31536000; includeSubDomains"
        ],
        "x-ms-gatewayversion": [
          "version=2.14.0"
        ],
        "Server": [
          "Microsoft-HTTPAPI/2.0"
        ],
        "x-ms-ratelimit-remaining-subscription-reads": [
          "11992"
        ],
        "x-ms-request-id": [
          "8cee155b-6602-44ce-be73-4ac6aae8d9bc"
        ],
        "x-ms-correlation-request-id": [
          "8cee155b-6602-44ce-be73-4ac6aae8d9bc"
        ],
        "x-ms-routing-request-id": [
          "SOUTHINDIA:20220412T110909Z:8cee155b-6602-44ce-be73-4ac6aae8d9bc"
        ],
        "X-Content-Type-Options": [
          "nosniff"
        ],
        "Date": [
          "Tue, 12 Apr 2022 11:09:08 GMT"
        ],
        "Content-Length": [
          "21"
        ],
        "Content-Type": [
          "application/json"
        ]
      },
      "ResponseBody": "{\r\n  \"status\": \"Dequeued\"\r\n}",
      "StatusCode": 200
    },
    {
      "RequestUri": "/subscriptions/259fbb24-9bcd-4cfc-865c-fc33b22fe38a/providers/Microsoft.DocumentDB/locations/centralus/operationsStatus/c69278ec-6f2e-44d8-b857-cf2a66f546c0?api-version=2022-02-15-preview",
      "EncodedRequestUri": "L3N1YnNjcmlwdGlvbnMvMjU5ZmJiMjQtOWJjZC00Y2ZjLTg2NWMtZmMzM2IyMmZlMzhhL3Byb3ZpZGVycy9NaWNyb3NvZnQuRG9jdW1lbnREQi9sb2NhdGlvbnMvY2VudHJhbHVzL29wZXJhdGlvbnNTdGF0dXMvYzY5Mjc4ZWMtNmYyZS00NGQ4LWI4NTctY2YyYTY2ZjU0NmMwP2FwaS12ZXJzaW9uPTIwMjItMDItMTUtcHJldmlldw==",
      "RequestMethod": "GET",
      "RequestBody": "",
      "RequestHeaders": {
        "User-Agent": [
          "FxVersion/4.700.22.11601",
          "OSName/Windows",
          "OSVersion/Microsoft.Windows.10.0.22000",
          "Microsoft.Azure.Management.CosmosDB.CosmosDBManagementClient/3.5.0.0"
        ]
      },
      "ResponseHeaders": {
        "Cache-Control": [
          "no-store, no-cache"
        ],
        "Pragma": [
          "no-cache"
        ],
        "Strict-Transport-Security": [
          "max-age=31536000; includeSubDomains"
        ],
        "x-ms-gatewayversion": [
          "version=2.14.0"
        ],
        "Server": [
          "Microsoft-HTTPAPI/2.0"
        ],
        "x-ms-ratelimit-remaining-subscription-reads": [
          "11991"
        ],
        "x-ms-request-id": [
          "b60c468f-f8df-4b8a-b4da-aded2bd39f70"
        ],
        "x-ms-correlation-request-id": [
          "b60c468f-f8df-4b8a-b4da-aded2bd39f70"
        ],
        "x-ms-routing-request-id": [
          "SOUTHINDIA:20220412T110939Z:b60c468f-f8df-4b8a-b4da-aded2bd39f70"
        ],
        "X-Content-Type-Options": [
          "nosniff"
        ],
        "Date": [
          "Tue, 12 Apr 2022 11:09:38 GMT"
        ],
        "Content-Length": [
          "21"
        ],
        "Content-Type": [
          "application/json"
        ]
      },
      "ResponseBody": "{\r\n  \"status\": \"Dequeued\"\r\n}",
      "StatusCode": 200
    },
    {
      "RequestUri": "/subscriptions/259fbb24-9bcd-4cfc-865c-fc33b22fe38a/providers/Microsoft.DocumentDB/locations/centralus/operationsStatus/c69278ec-6f2e-44d8-b857-cf2a66f546c0?api-version=2022-02-15-preview",
      "EncodedRequestUri": "L3N1YnNjcmlwdGlvbnMvMjU5ZmJiMjQtOWJjZC00Y2ZjLTg2NWMtZmMzM2IyMmZlMzhhL3Byb3ZpZGVycy9NaWNyb3NvZnQuRG9jdW1lbnREQi9sb2NhdGlvbnMvY2VudHJhbHVzL29wZXJhdGlvbnNTdGF0dXMvYzY5Mjc4ZWMtNmYyZS00NGQ4LWI4NTctY2YyYTY2ZjU0NmMwP2FwaS12ZXJzaW9uPTIwMjItMDItMTUtcHJldmlldw==",
      "RequestMethod": "GET",
      "RequestBody": "",
      "RequestHeaders": {
        "User-Agent": [
          "FxVersion/4.700.22.11601",
          "OSName/Windows",
          "OSVersion/Microsoft.Windows.10.0.22000",
          "Microsoft.Azure.Management.CosmosDB.CosmosDBManagementClient/3.5.0.0"
        ]
      },
      "ResponseHeaders": {
        "Cache-Control": [
          "no-store, no-cache"
        ],
        "Pragma": [
          "no-cache"
        ],
        "Strict-Transport-Security": [
          "max-age=31536000; includeSubDomains"
        ],
        "x-ms-gatewayversion": [
          "version=2.14.0"
        ],
        "Server": [
          "Microsoft-HTTPAPI/2.0"
        ],
        "x-ms-ratelimit-remaining-subscription-reads": [
          "11990"
        ],
        "x-ms-request-id": [
          "776c764e-4525-4333-9385-341d01b04aee"
        ],
        "x-ms-correlation-request-id": [
          "776c764e-4525-4333-9385-341d01b04aee"
        ],
        "x-ms-routing-request-id": [
          "SOUTHINDIA:20220412T111009Z:776c764e-4525-4333-9385-341d01b04aee"
        ],
        "X-Content-Type-Options": [
          "nosniff"
        ],
        "Date": [
          "Tue, 12 Apr 2022 11:10:09 GMT"
        ],
        "Content-Length": [
          "22"
        ],
        "Content-Type": [
          "application/json"
        ]
      },
      "ResponseBody": "{\r\n  \"status\": \"Succeeded\"\r\n}",
      "StatusCode": 200
    },
    {
      "RequestUri": "/subscriptions/259fbb24-9bcd-4cfc-865c-fc33b22fe38a/resourceGroups/CosmosDBDotNetSDKTestsRG4986/providers/Microsoft.DocumentDB/databaseAccounts/databaseaccount5254?api-version=2022-02-15-preview",
      "EncodedRequestUri": "L3N1YnNjcmlwdGlvbnMvMjU5ZmJiMjQtOWJjZC00Y2ZjLTg2NWMtZmMzM2IyMmZlMzhhL3Jlc291cmNlR3JvdXBzL0Nvc21vc0RCRG90TmV0U0RLVGVzdHNSRzQ5ODYvcHJvdmlkZXJzL01pY3Jvc29mdC5Eb2N1bWVudERCL2RhdGFiYXNlQWNjb3VudHMvZGF0YWJhc2VhY2NvdW50NTI1ND9hcGktdmVyc2lvbj0yMDIyLTAyLTE1LXByZXZpZXc=",
      "RequestMethod": "GET",
      "RequestBody": "",
      "RequestHeaders": {
        "User-Agent": [
          "FxVersion/4.700.22.11601",
          "OSName/Windows",
          "OSVersion/Microsoft.Windows.10.0.22000",
          "Microsoft.Azure.Management.CosmosDB.CosmosDBManagementClient/3.5.0.0"
        ]
      },
      "ResponseHeaders": {
        "Cache-Control": [
          "no-store, no-cache"
        ],
        "Pragma": [
          "no-cache"
        ],
        "Strict-Transport-Security": [
          "max-age=31536000; includeSubDomains"
        ],
        "x-ms-gatewayversion": [
          "version=2.14.0"
        ],
        "Server": [
          "Microsoft-HTTPAPI/2.0"
        ],
        "x-ms-ratelimit-remaining-subscription-reads": [
          "11989"
        ],
        "x-ms-request-id": [
          "85d39ab7-ac13-4328-a0d7-5a0452fefe2d"
        ],
        "x-ms-correlation-request-id": [
          "85d39ab7-ac13-4328-a0d7-5a0452fefe2d"
        ],
        "x-ms-routing-request-id": [
          "SOUTHINDIA:20220412T111010Z:85d39ab7-ac13-4328-a0d7-5a0452fefe2d"
        ],
        "X-Content-Type-Options": [
          "nosniff"
        ],
        "Date": [
          "Tue, 12 Apr 2022 11:10:09 GMT"
        ],
        "Content-Length": [
          "2419"
        ],
        "Content-Type": [
          "application/json"
        ]
      },
      "ResponseBody": "{\r\n  \"id\": \"/subscriptions/259fbb24-9bcd-4cfc-865c-fc33b22fe38a/resourceGroups/CosmosDBDotNetSDKTestsRG4986/providers/Microsoft.DocumentDB/databaseAccounts/databaseaccount5254\",\r\n  \"name\": \"databaseaccount5254\",\r\n  \"location\": \"Central US\",\r\n  \"type\": \"Microsoft.DocumentDB/databaseAccounts\",\r\n  \"kind\": \"GlobalDocumentDB\",\r\n  \"tags\": {},\r\n  \"systemData\": {\r\n    \"createdAt\": \"2022-04-12T11:09:37.4498732Z\"\r\n  },\r\n  \"properties\": {\r\n    \"provisioningState\": \"Succeeded\",\r\n    \"documentEndpoint\": \"https://databaseaccount5254.documents.azure.com:443/\",\r\n    \"gremlinEndpoint\": \"https://databaseaccount5254.gremlin.cosmos.azure.com:443/\",\r\n    \"publicNetworkAccess\": \"Enabled\",\r\n    \"enableAutomaticFailover\": false,\r\n    \"enableMultipleWriteLocations\": false,\r\n    \"enablePartitionKeyMonitor\": false,\r\n    \"isVirtualNetworkFilterEnabled\": true,\r\n    \"virtualNetworkRules\": [],\r\n    \"EnabledApiTypes\": \"Gremlin, Sql\",\r\n    \"disableKeyBasedMetadataWriteAccess\": false,\r\n    \"enableFreeTier\": false,\r\n    \"enableAnalyticalStorage\": false,\r\n    \"analyticalStorageConfiguration\": {\r\n      \"schemaType\": \"WellDefined\"\r\n    },\r\n    \"instanceId\": \"b29e4f27-77a4-4ceb-abc3-25d3b7a255d8\",\r\n    \"createMode\": \"Default\",\r\n    \"databaseAccountOfferType\": \"Standard\",\r\n    \"defaultIdentity\": \"FirstPartyIdentity\",\r\n    \"networkAclBypass\": \"AzureServices\",\r\n    \"disableLocalAuth\": false,\r\n    \"consistencyPolicy\": {\r\n      \"defaultConsistencyLevel\": \"Session\",\r\n      \"maxIntervalInSeconds\": 5,\r\n      \"maxStalenessPrefix\": 100\r\n    },\r\n    \"configurationOverrides\": {},\r\n    \"writeLocations\": [\r\n      {\r\n        \"id\": \"databaseaccount5254-centralus\",\r\n        \"locationName\": \"Central US\",\r\n        \"documentEndpoint\": \"https://databaseaccount5254-centralus.documents.azure.com:443/\",\r\n        \"provisioningState\": \"Succeeded\",\r\n        \"failoverPriority\": 0,\r\n        \"isZoneRedundant\": false\r\n      }\r\n    ],\r\n    \"readLocations\": [\r\n      {\r\n        \"id\": \"databaseaccount5254-centralus\",\r\n        \"locationName\": \"Central US\",\r\n        \"documentEndpoint\": \"https://databaseaccount5254-centralus.documents.azure.com:443/\",\r\n        \"provisioningState\": \"Succeeded\",\r\n        \"failoverPriority\": 0,\r\n        \"isZoneRedundant\": false\r\n      }\r\n    ],\r\n    \"locations\": [\r\n      {\r\n        \"id\": \"databaseaccount5254-centralus\",\r\n        \"locationName\": \"Central US\",\r\n        \"documentEndpoint\": \"https://databaseaccount5254-centralus.documents.azure.com:443/\",\r\n        \"provisioningState\": \"Succeeded\",\r\n        \"failoverPriority\": 0,\r\n        \"isZoneRedundant\": false\r\n      }\r\n    ],\r\n    \"failoverPolicies\": [\r\n      {\r\n        \"id\": \"databaseaccount5254-centralus\",\r\n        \"locationName\": \"Central US\",\r\n        \"failoverPriority\": 0\r\n      }\r\n    ],\r\n    \"cors\": [],\r\n    \"capabilities\": [\r\n      {\r\n        \"name\": \"EnableGremlin\"\r\n      }\r\n    ],\r\n    \"ipRules\": [],\r\n    \"backupPolicy\": {\r\n      \"type\": \"Continuous\",\r\n      \"continuousModeProperties\": {\r\n        \"tier\": \"Continuous30Days\"\r\n      }\r\n    },\r\n    \"networkAclBypassResourceIds\": [],\r\n    \"diagnosticLogSettings\": {\r\n      \"enableFullTextQuery\": \"None\"\r\n    }\r\n  },\r\n  \"identity\": {\r\n    \"type\": \"None\"\r\n  }\r\n}",
      "StatusCode": 200
    },
    {
      "RequestUri": "/subscriptions/259fbb24-9bcd-4cfc-865c-fc33b22fe38a/resourceGroups/CosmosDBDotNetSDKTestsRG4986/providers/Microsoft.DocumentDB/databaseAccounts/databaseaccount5254/gremlinDatabases/gremlinDb9725?api-version=2022-02-15-preview",
      "EncodedRequestUri": "L3N1YnNjcmlwdGlvbnMvMjU5ZmJiMjQtOWJjZC00Y2ZjLTg2NWMtZmMzM2IyMmZlMzhhL3Jlc291cmNlR3JvdXBzL0Nvc21vc0RCRG90TmV0U0RLVGVzdHNSRzQ5ODYvcHJvdmlkZXJzL01pY3Jvc29mdC5Eb2N1bWVudERCL2RhdGFiYXNlQWNjb3VudHMvZGF0YWJhc2VhY2NvdW50NTI1NC9ncmVtbGluRGF0YWJhc2VzL2dyZW1saW5EYjk3MjU/YXBpLXZlcnNpb249MjAyMi0wMi0xNS1wcmV2aWV3",
      "RequestMethod": "PUT",
      "RequestBody": "{\r\n  \"properties\": {\r\n    \"resource\": {\r\n      \"id\": \"gremlinDb9725\"\r\n    },\r\n    \"options\": {}\r\n  }\r\n}",
      "RequestHeaders": {
        "x-ms-client-request-id": [
          "169a36fc-1948-4d30-946e-77173ef52dae"
        ],
        "Accept-Language": [
          "en-US"
        ],
        "User-Agent": [
          "FxVersion/4.700.22.11601",
          "OSName/Windows",
          "OSVersion/Microsoft.Windows.10.0.22000",
          "Microsoft.Azure.Management.CosmosDB.CosmosDBManagementClient/3.5.0.0"
        ],
        "Content-Type": [
          "application/json; charset=utf-8"
        ],
        "Content-Length": [
          "103"
        ]
      },
      "ResponseHeaders": {
        "Cache-Control": [
          "no-store, no-cache"
        ],
        "Pragma": [
          "no-cache"
        ],
        "Location": [
          "https://management.azure.com/subscriptions/259fbb24-9bcd-4cfc-865c-fc33b22fe38a/resourceGroups/CosmosDBDotNetSDKTestsRG4986/providers/Microsoft.DocumentDB/databaseAccounts/databaseaccount5254/gremlinDatabases/gremlinDb9725/operationResults/803aab7b-7e0b-47eb-9282-98c2c60fb791?api-version=2022-02-15-preview"
        ],
        "Azure-AsyncOperation": [
          "https://management.azure.com/subscriptions/259fbb24-9bcd-4cfc-865c-fc33b22fe38a/providers/Microsoft.DocumentDB/locations/centralus/operationsStatus/803aab7b-7e0b-47eb-9282-98c2c60fb791?api-version=2022-02-15-preview"
        ],
        "x-ms-request-id": [
          "803aab7b-7e0b-47eb-9282-98c2c60fb791"
        ],
        "Strict-Transport-Security": [
          "max-age=31536000; includeSubDomains"
        ],
        "x-ms-gatewayversion": [
          "version=2.14.0"
        ],
        "Server": [
          "Microsoft-HTTPAPI/2.0"
        ],
        "x-ms-ratelimit-remaining-subscription-writes": [
          "1198"
        ],
        "x-ms-correlation-request-id": [
          "617b20ca-27c5-44d7-af22-9bdefa6966d3"
        ],
        "x-ms-routing-request-id": [
          "SOUTHINDIA:20220412T111010Z:617b20ca-27c5-44d7-af22-9bdefa6966d3"
        ],
        "X-Content-Type-Options": [
          "nosniff"
        ],
        "Date": [
          "Tue, 12 Apr 2022 11:10:10 GMT"
        ],
        "Content-Length": [
          "21"
        ],
        "Content-Type": [
          "application/json"
        ]
      },
      "ResponseBody": "{\r\n  \"status\": \"Enqueued\"\r\n}",
      "StatusCode": 202
    },
    {
      "RequestUri": "/subscriptions/259fbb24-9bcd-4cfc-865c-fc33b22fe38a/providers/Microsoft.DocumentDB/locations/centralus/operationsStatus/803aab7b-7e0b-47eb-9282-98c2c60fb791?api-version=2022-02-15-preview",
      "EncodedRequestUri": "L3N1YnNjcmlwdGlvbnMvMjU5ZmJiMjQtOWJjZC00Y2ZjLTg2NWMtZmMzM2IyMmZlMzhhL3Byb3ZpZGVycy9NaWNyb3NvZnQuRG9jdW1lbnREQi9sb2NhdGlvbnMvY2VudHJhbHVzL29wZXJhdGlvbnNTdGF0dXMvODAzYWFiN2ItN2UwYi00N2ViLTkyODItOThjMmM2MGZiNzkxP2FwaS12ZXJzaW9uPTIwMjItMDItMTUtcHJldmlldw==",
      "RequestMethod": "GET",
      "RequestBody": "",
      "RequestHeaders": {
        "User-Agent": [
          "FxVersion/4.700.22.11601",
          "OSName/Windows",
          "OSVersion/Microsoft.Windows.10.0.22000",
          "Microsoft.Azure.Management.CosmosDB.CosmosDBManagementClient/3.5.0.0"
        ]
      },
      "ResponseHeaders": {
        "Cache-Control": [
          "no-store, no-cache"
        ],
        "Pragma": [
          "no-cache"
        ],
        "Strict-Transport-Security": [
          "max-age=31536000; includeSubDomains"
        ],
        "x-ms-gatewayversion": [
          "version=2.14.0"
        ],
        "Server": [
          "Microsoft-HTTPAPI/2.0"
        ],
        "x-ms-ratelimit-remaining-subscription-reads": [
          "11988"
        ],
        "x-ms-request-id": [
          "4f9cd558-0d75-4584-a418-f30e59562699"
        ],
        "x-ms-correlation-request-id": [
          "4f9cd558-0d75-4584-a418-f30e59562699"
        ],
        "x-ms-routing-request-id": [
          "SOUTHINDIA:20220412T111041Z:4f9cd558-0d75-4584-a418-f30e59562699"
        ],
        "X-Content-Type-Options": [
          "nosniff"
        ],
        "Date": [
          "Tue, 12 Apr 2022 11:10:40 GMT"
        ],
        "Content-Length": [
          "22"
        ],
        "Content-Type": [
          "application/json"
        ]
      },
      "ResponseBody": "{\r\n  \"status\": \"Succeeded\"\r\n}",
      "StatusCode": 200
    },
    {
      "RequestUri": "/subscriptions/259fbb24-9bcd-4cfc-865c-fc33b22fe38a/resourceGroups/CosmosDBDotNetSDKTestsRG4986/providers/Microsoft.DocumentDB/databaseAccounts/databaseaccount5254/gremlinDatabases/gremlinDb9725?api-version=2022-02-15-preview",
      "EncodedRequestUri": "L3N1YnNjcmlwdGlvbnMvMjU5ZmJiMjQtOWJjZC00Y2ZjLTg2NWMtZmMzM2IyMmZlMzhhL3Jlc291cmNlR3JvdXBzL0Nvc21vc0RCRG90TmV0U0RLVGVzdHNSRzQ5ODYvcHJvdmlkZXJzL01pY3Jvc29mdC5Eb2N1bWVudERCL2RhdGFiYXNlQWNjb3VudHMvZGF0YWJhc2VhY2NvdW50NTI1NC9ncmVtbGluRGF0YWJhc2VzL2dyZW1saW5EYjk3MjU/YXBpLXZlcnNpb249MjAyMi0wMi0xNS1wcmV2aWV3",
      "RequestMethod": "GET",
      "RequestBody": "",
      "RequestHeaders": {
        "User-Agent": [
          "FxVersion/4.700.22.11601",
          "OSName/Windows",
          "OSVersion/Microsoft.Windows.10.0.22000",
          "Microsoft.Azure.Management.CosmosDB.CosmosDBManagementClient/3.5.0.0"
        ]
      },
      "ResponseHeaders": {
        "Cache-Control": [
          "no-store, no-cache"
        ],
        "Pragma": [
          "no-cache"
        ],
        "Strict-Transport-Security": [
          "max-age=31536000; includeSubDomains"
        ],
        "x-ms-gatewayversion": [
          "version=2.14.0"
        ],
        "Server": [
          "Microsoft-HTTPAPI/2.0"
        ],
        "x-ms-ratelimit-remaining-subscription-reads": [
          "11987"
        ],
        "x-ms-request-id": [
          "d2c9f5a9-c706-474b-8da2-53ca83f10854"
        ],
        "x-ms-correlation-request-id": [
          "d2c9f5a9-c706-474b-8da2-53ca83f10854"
        ],
        "x-ms-routing-request-id": [
          "SOUTHINDIA:20220412T111041Z:d2c9f5a9-c706-474b-8da2-53ca83f10854"
        ],
        "X-Content-Type-Options": [
          "nosniff"
        ],
        "Date": [
          "Tue, 12 Apr 2022 11:10:40 GMT"
        ],
        "Content-Length": [
          "485"
        ],
        "Content-Type": [
          "application/json"
        ]
      },
      "ResponseBody": "{\r\n  \"id\": \"/subscriptions/259fbb24-9bcd-4cfc-865c-fc33b22fe38a/resourceGroups/CosmosDBDotNetSDKTestsRG4986/providers/Microsoft.DocumentDB/databaseAccounts/databaseaccount5254/gremlinDatabases/gremlinDb9725\",\r\n  \"type\": \"Microsoft.DocumentDB/databaseAccounts/gremlinDatabases\",\r\n  \"name\": \"gremlinDb9725\",\r\n  \"properties\": {\r\n    \"resource\": {\r\n      \"id\": \"gremlinDb9725\",\r\n      \"_rid\": \"CTw7AA==\",\r\n      \"_self\": \"dbs/CTw7AA==/\",\r\n      \"_etag\": \"\\\"00002404-0000-0300-0000-62555e170000\\\"\",\r\n      \"_colls\": \"colls/\",\r\n      \"_users\": \"users/\",\r\n      \"_ts\": 1649761815\r\n    }\r\n  }\r\n}",
      "StatusCode": 200
    },
    {
      "RequestUri": "/subscriptions/259fbb24-9bcd-4cfc-865c-fc33b22fe38a/resourceGroups/CosmosDBDotNetSDKTestsRG4986/providers/Microsoft.DocumentDB/databaseAccounts/databaseaccount5254/gremlinDatabases/gremlinDb9725?api-version=2022-02-15-preview",
      "EncodedRequestUri": "L3N1YnNjcmlwdGlvbnMvMjU5ZmJiMjQtOWJjZC00Y2ZjLTg2NWMtZmMzM2IyMmZlMzhhL3Jlc291cmNlR3JvdXBzL0Nvc21vc0RCRG90TmV0U0RLVGVzdHNSRzQ5ODYvcHJvdmlkZXJzL01pY3Jvc29mdC5Eb2N1bWVudERCL2RhdGFiYXNlQWNjb3VudHMvZGF0YWJhc2VhY2NvdW50NTI1NC9ncmVtbGluRGF0YWJhc2VzL2dyZW1saW5EYjk3MjU/YXBpLXZlcnNpb249MjAyMi0wMi0xNS1wcmV2aWV3",
      "RequestMethod": "GET",
      "RequestBody": "",
      "RequestHeaders": {
        "x-ms-client-request-id": [
          "44cfc5c5-f86c-4536-bac5-a749ed969896"
        ],
        "Accept-Language": [
          "en-US"
        ],
        "User-Agent": [
          "FxVersion/4.700.22.11601",
          "OSName/Windows",
          "OSVersion/Microsoft.Windows.10.0.22000",
          "Microsoft.Azure.Management.CosmosDB.CosmosDBManagementClient/3.5.0.0"
        ]
      },
      "ResponseHeaders": {
        "Cache-Control": [
          "no-store, no-cache"
        ],
        "Pragma": [
          "no-cache"
        ],
        "Strict-Transport-Security": [
          "max-age=31536000; includeSubDomains"
        ],
        "x-ms-gatewayversion": [
          "version=2.14.0"
        ],
        "Server": [
          "Microsoft-HTTPAPI/2.0"
        ],
        "x-ms-ratelimit-remaining-subscription-reads": [
          "11986"
        ],
        "x-ms-request-id": [
          "074fbc91-c7a2-41cb-9373-100e6183acd6"
        ],
        "x-ms-correlation-request-id": [
          "074fbc91-c7a2-41cb-9373-100e6183acd6"
        ],
        "x-ms-routing-request-id": [
          "SOUTHINDIA:20220412T111042Z:074fbc91-c7a2-41cb-9373-100e6183acd6"
        ],
        "X-Content-Type-Options": [
          "nosniff"
        ],
        "Date": [
          "Tue, 12 Apr 2022 11:10:41 GMT"
        ],
        "Content-Length": [
          "485"
        ],
        "Content-Type": [
          "application/json"
        ]
      },
      "ResponseBody": "{\r\n  \"id\": \"/subscriptions/259fbb24-9bcd-4cfc-865c-fc33b22fe38a/resourceGroups/CosmosDBDotNetSDKTestsRG4986/providers/Microsoft.DocumentDB/databaseAccounts/databaseaccount5254/gremlinDatabases/gremlinDb9725\",\r\n  \"type\": \"Microsoft.DocumentDB/databaseAccounts/gremlinDatabases\",\r\n  \"name\": \"gremlinDb9725\",\r\n  \"properties\": {\r\n    \"resource\": {\r\n      \"id\": \"gremlinDb9725\",\r\n      \"_rid\": \"CTw7AA==\",\r\n      \"_self\": \"dbs/CTw7AA==/\",\r\n      \"_etag\": \"\\\"00002404-0000-0300-0000-62555e170000\\\"\",\r\n      \"_colls\": \"colls/\",\r\n      \"_users\": \"users/\",\r\n      \"_ts\": 1649761815\r\n    }\r\n  }\r\n}",
      "StatusCode": 200
    },
    {
      "RequestUri": "/subscriptions/259fbb24-9bcd-4cfc-865c-fc33b22fe38a/resourceGroups/CosmosDBDotNetSDKTestsRG4986/providers/Microsoft.DocumentDB/databaseAccounts/databaseaccount5254/gremlinDatabases/gremlinDb3439?api-version=2022-02-15-preview",
      "EncodedRequestUri": "L3N1YnNjcmlwdGlvbnMvMjU5ZmJiMjQtOWJjZC00Y2ZjLTg2NWMtZmMzM2IyMmZlMzhhL3Jlc291cmNlR3JvdXBzL0Nvc21vc0RCRG90TmV0U0RLVGVzdHNSRzQ5ODYvcHJvdmlkZXJzL01pY3Jvc29mdC5Eb2N1bWVudERCL2RhdGFiYXNlQWNjb3VudHMvZGF0YWJhc2VhY2NvdW50NTI1NC9ncmVtbGluRGF0YWJhc2VzL2dyZW1saW5EYjM0Mzk/YXBpLXZlcnNpb249MjAyMi0wMi0xNS1wcmV2aWV3",
      "RequestMethod": "PUT",
      "RequestBody": "{\r\n  \"properties\": {\r\n    \"resource\": {\r\n      \"id\": \"gremlinDb3439\"\r\n    },\r\n    \"options\": {\r\n      \"throughput\": 700\r\n    }\r\n  },\r\n  \"location\": \"central us\",\r\n  \"tags\": {\r\n    \"key3\": \"value3\",\r\n    \"key4\": \"value4\"\r\n  }\r\n}",
      "RequestHeaders": {
        "x-ms-client-request-id": [
          "e338cf44-1c69-4db6-bd80-896f88cf0351"
        ],
        "Accept-Language": [
          "en-US"
        ],
        "User-Agent": [
          "FxVersion/4.700.22.11601",
          "OSName/Windows",
          "OSVersion/Microsoft.Windows.10.0.22000",
          "Microsoft.Azure.Management.CosmosDB.CosmosDBManagementClient/3.5.0.0"
        ],
        "Content-Type": [
          "application/json; charset=utf-8"
        ],
        "Content-Length": [
          "227"
        ]
      },
      "ResponseHeaders": {
        "Cache-Control": [
          "no-store, no-cache"
        ],
        "Pragma": [
          "no-cache"
        ],
        "Location": [
          "https://management.azure.com/subscriptions/259fbb24-9bcd-4cfc-865c-fc33b22fe38a/resourceGroups/CosmosDBDotNetSDKTestsRG4986/providers/Microsoft.DocumentDB/databaseAccounts/databaseaccount5254/gremlinDatabases/gremlinDb3439/operationResults/432891e3-b180-450d-84a2-f7652726e169?api-version=2022-02-15-preview"
        ],
        "Azure-AsyncOperation": [
          "https://management.azure.com/subscriptions/259fbb24-9bcd-4cfc-865c-fc33b22fe38a/providers/Microsoft.DocumentDB/locations/centralus/operationsStatus/432891e3-b180-450d-84a2-f7652726e169?api-version=2022-02-15-preview"
        ],
        "x-ms-request-id": [
          "432891e3-b180-450d-84a2-f7652726e169"
        ],
        "Strict-Transport-Security": [
          "max-age=31536000; includeSubDomains"
        ],
        "x-ms-gatewayversion": [
          "version=2.14.0"
        ],
        "Server": [
          "Microsoft-HTTPAPI/2.0"
        ],
        "x-ms-ratelimit-remaining-subscription-writes": [
          "1197"
        ],
        "x-ms-correlation-request-id": [
          "1435108f-75f1-4c89-a113-7a7cd38f11cb"
        ],
        "x-ms-routing-request-id": [
          "SOUTHINDIA:20220412T111042Z:1435108f-75f1-4c89-a113-7a7cd38f11cb"
        ],
        "X-Content-Type-Options": [
          "nosniff"
        ],
        "Date": [
          "Tue, 12 Apr 2022 11:10:41 GMT"
        ],
        "Content-Length": [
          "21"
        ],
        "Content-Type": [
          "application/json"
        ]
      },
      "ResponseBody": "{\r\n  \"status\": \"Enqueued\"\r\n}",
      "StatusCode": 202
    },
    {
      "RequestUri": "/subscriptions/259fbb24-9bcd-4cfc-865c-fc33b22fe38a/providers/Microsoft.DocumentDB/locations/centralus/operationsStatus/432891e3-b180-450d-84a2-f7652726e169?api-version=2022-02-15-preview",
      "EncodedRequestUri": "L3N1YnNjcmlwdGlvbnMvMjU5ZmJiMjQtOWJjZC00Y2ZjLTg2NWMtZmMzM2IyMmZlMzhhL3Byb3ZpZGVycy9NaWNyb3NvZnQuRG9jdW1lbnREQi9sb2NhdGlvbnMvY2VudHJhbHVzL29wZXJhdGlvbnNTdGF0dXMvNDMyODkxZTMtYjE4MC00NTBkLTg0YTItZjc2NTI3MjZlMTY5P2FwaS12ZXJzaW9uPTIwMjItMDItMTUtcHJldmlldw==",
      "RequestMethod": "GET",
      "RequestBody": "",
      "RequestHeaders": {
        "User-Agent": [
          "FxVersion/4.700.22.11601",
          "OSName/Windows",
          "OSVersion/Microsoft.Windows.10.0.22000",
          "Microsoft.Azure.Management.CosmosDB.CosmosDBManagementClient/3.5.0.0"
        ]
      },
      "ResponseHeaders": {
        "Cache-Control": [
          "no-store, no-cache"
        ],
        "Pragma": [
          "no-cache"
        ],
        "Strict-Transport-Security": [
          "max-age=31536000; includeSubDomains"
        ],
        "x-ms-gatewayversion": [
          "version=2.14.0"
        ],
        "Server": [
          "Microsoft-HTTPAPI/2.0"
        ],
        "x-ms-ratelimit-remaining-subscription-reads": [
          "11985"
        ],
        "x-ms-request-id": [
          "c4395a40-85b6-4e23-95af-68cfd45c82a8"
        ],
        "x-ms-correlation-request-id": [
          "c4395a40-85b6-4e23-95af-68cfd45c82a8"
        ],
        "x-ms-routing-request-id": [
          "SOUTHINDIA:20220412T111113Z:c4395a40-85b6-4e23-95af-68cfd45c82a8"
        ],
        "X-Content-Type-Options": [
          "nosniff"
        ],
        "Date": [
          "Tue, 12 Apr 2022 11:11:12 GMT"
        ],
        "Content-Length": [
          "22"
        ],
        "Content-Type": [
          "application/json"
        ]
      },
      "ResponseBody": "{\r\n  \"status\": \"Succeeded\"\r\n}",
      "StatusCode": 200
    },
    {
      "RequestUri": "/subscriptions/259fbb24-9bcd-4cfc-865c-fc33b22fe38a/resourceGroups/CosmosDBDotNetSDKTestsRG4986/providers/Microsoft.DocumentDB/databaseAccounts/databaseaccount5254/gremlinDatabases/gremlinDb3439?api-version=2022-02-15-preview",
      "EncodedRequestUri": "L3N1YnNjcmlwdGlvbnMvMjU5ZmJiMjQtOWJjZC00Y2ZjLTg2NWMtZmMzM2IyMmZlMzhhL3Jlc291cmNlR3JvdXBzL0Nvc21vc0RCRG90TmV0U0RLVGVzdHNSRzQ5ODYvcHJvdmlkZXJzL01pY3Jvc29mdC5Eb2N1bWVudERCL2RhdGFiYXNlQWNjb3VudHMvZGF0YWJhc2VhY2NvdW50NTI1NC9ncmVtbGluRGF0YWJhc2VzL2dyZW1saW5EYjM0Mzk/YXBpLXZlcnNpb249MjAyMi0wMi0xNS1wcmV2aWV3",
      "RequestMethod": "GET",
      "RequestBody": "",
      "RequestHeaders": {
        "User-Agent": [
          "FxVersion/4.700.22.11601",
          "OSName/Windows",
          "OSVersion/Microsoft.Windows.10.0.22000",
          "Microsoft.Azure.Management.CosmosDB.CosmosDBManagementClient/3.5.0.0"
        ]
      },
      "ResponseHeaders": {
        "Cache-Control": [
          "no-store, no-cache"
        ],
        "Pragma": [
          "no-cache"
        ],
        "Strict-Transport-Security": [
          "max-age=31536000; includeSubDomains"
        ],
        "x-ms-gatewayversion": [
          "version=2.14.0"
        ],
        "Server": [
          "Microsoft-HTTPAPI/2.0"
        ],
        "x-ms-ratelimit-remaining-subscription-reads": [
          "11984"
        ],
        "x-ms-request-id": [
          "3602d934-83a7-40d5-b721-7b532a957267"
        ],
        "x-ms-correlation-request-id": [
          "3602d934-83a7-40d5-b721-7b532a957267"
        ],
        "x-ms-routing-request-id": [
          "SOUTHINDIA:20220412T111113Z:3602d934-83a7-40d5-b721-7b532a957267"
        ],
        "X-Content-Type-Options": [
          "nosniff"
        ],
        "Date": [
          "Tue, 12 Apr 2022 11:11:13 GMT"
        ],
        "Content-Length": [
          "485"
        ],
        "Content-Type": [
          "application/json"
        ]
      },
      "ResponseBody": "{\r\n  \"id\": \"/subscriptions/259fbb24-9bcd-4cfc-865c-fc33b22fe38a/resourceGroups/CosmosDBDotNetSDKTestsRG4986/providers/Microsoft.DocumentDB/databaseAccounts/databaseaccount5254/gremlinDatabases/gremlinDb3439\",\r\n  \"type\": \"Microsoft.DocumentDB/databaseAccounts/gremlinDatabases\",\r\n  \"name\": \"gremlinDb3439\",\r\n  \"properties\": {\r\n    \"resource\": {\r\n      \"id\": \"gremlinDb3439\",\r\n      \"_rid\": \"U6dZAA==\",\r\n      \"_self\": \"dbs/U6dZAA==/\",\r\n      \"_etag\": \"\\\"00002704-0000-0300-0000-62555e3c0000\\\"\",\r\n      \"_colls\": \"colls/\",\r\n      \"_users\": \"users/\",\r\n      \"_ts\": 1649761852\r\n    }\r\n  }\r\n}",
      "StatusCode": 200
    },
    {
      "RequestUri": "/subscriptions/259fbb24-9bcd-4cfc-865c-fc33b22fe38a/resourceGroups/CosmosDBDotNetSDKTestsRG4986/providers/Microsoft.DocumentDB/databaseAccounts/databaseaccount5254/gremlinDatabases?api-version=2022-02-15-preview",
      "EncodedRequestUri": "L3N1YnNjcmlwdGlvbnMvMjU5ZmJiMjQtOWJjZC00Y2ZjLTg2NWMtZmMzM2IyMmZlMzhhL3Jlc291cmNlR3JvdXBzL0Nvc21vc0RCRG90TmV0U0RLVGVzdHNSRzQ5ODYvcHJvdmlkZXJzL01pY3Jvc29mdC5Eb2N1bWVudERCL2RhdGFiYXNlQWNjb3VudHMvZGF0YWJhc2VhY2NvdW50NTI1NC9ncmVtbGluRGF0YWJhc2VzP2FwaS12ZXJzaW9uPTIwMjItMDItMTUtcHJldmlldw==",
      "RequestMethod": "GET",
      "RequestBody": "",
      "RequestHeaders": {
        "x-ms-client-request-id": [
          "d706fe08-93b1-43fd-879d-57eedd9222d7"
        ],
        "Accept-Language": [
          "en-US"
        ],
        "User-Agent": [
          "FxVersion/4.700.22.11601",
          "OSName/Windows",
          "OSVersion/Microsoft.Windows.10.0.22000",
          "Microsoft.Azure.Management.CosmosDB.CosmosDBManagementClient/3.5.0.0"
        ]
      },
      "ResponseHeaders": {
        "Cache-Control": [
          "no-store, no-cache"
        ],
        "Pragma": [
          "no-cache"
        ],
        "Strict-Transport-Security": [
          "max-age=31536000; includeSubDomains"
        ],
        "x-ms-gatewayversion": [
          "version=2.14.0"
        ],
        "Server": [
          "Microsoft-HTTPAPI/2.0"
        ],
        "x-ms-ratelimit-remaining-subscription-reads": [
          "11983"
        ],
        "x-ms-request-id": [
          "d734b9ee-8aea-4010-96e6-3e01d6676043"
        ],
        "x-ms-correlation-request-id": [
          "d734b9ee-8aea-4010-96e6-3e01d6676043"
        ],
        "x-ms-routing-request-id": [
          "SOUTHINDIA:20220412T111113Z:d734b9ee-8aea-4010-96e6-3e01d6676043"
        ],
        "X-Content-Type-Options": [
          "nosniff"
        ],
        "Date": [
          "Tue, 12 Apr 2022 11:11:13 GMT"
        ],
        "Content-Length": [
          "983"
        ],
        "Content-Type": [
          "application/json"
        ]
      },
      "ResponseBody": "{\r\n  \"value\": [\r\n    {\r\n      \"id\": \"/subscriptions/259fbb24-9bcd-4cfc-865c-fc33b22fe38a/resourceGroups/CosmosDBDotNetSDKTestsRG4986/providers/Microsoft.DocumentDB/databaseAccounts/databaseaccount5254/gremlinDatabases/gremlinDb9725\",\r\n      \"type\": \"Microsoft.DocumentDB/databaseAccounts/gremlinDatabases\",\r\n      \"name\": \"gremlinDb9725\",\r\n      \"properties\": {\r\n        \"resource\": {\r\n          \"id\": \"gremlinDb9725\",\r\n          \"_rid\": \"CTw7AA==\",\r\n          \"_self\": \"dbs/CTw7AA==/\",\r\n          \"_etag\": \"\\\"00002404-0000-0300-0000-62555e170000\\\"\",\r\n          \"_colls\": \"colls/\",\r\n          \"_users\": \"users/\",\r\n          \"_ts\": 1649761815\r\n        }\r\n      }\r\n    },\r\n    {\r\n      \"id\": \"/subscriptions/259fbb24-9bcd-4cfc-865c-fc33b22fe38a/resourceGroups/CosmosDBDotNetSDKTestsRG4986/providers/Microsoft.DocumentDB/databaseAccounts/databaseaccount5254/gremlinDatabases/gremlinDb3439\",\r\n      \"type\": \"Microsoft.DocumentDB/databaseAccounts/gremlinDatabases\",\r\n      \"name\": \"gremlinDb3439\",\r\n      \"properties\": {\r\n        \"resource\": {\r\n          \"id\": \"gremlinDb3439\",\r\n          \"_rid\": \"U6dZAA==\",\r\n          \"_self\": \"dbs/U6dZAA==/\",\r\n          \"_etag\": \"\\\"00002704-0000-0300-0000-62555e3c0000\\\"\",\r\n          \"_colls\": \"colls/\",\r\n          \"_users\": \"users/\",\r\n          \"_ts\": 1649761852\r\n        }\r\n      }\r\n    }\r\n  ]\r\n}",
      "StatusCode": 200
    },
    {
      "RequestUri": "/subscriptions/259fbb24-9bcd-4cfc-865c-fc33b22fe38a/resourceGroups/CosmosDBDotNetSDKTestsRG4986/providers/Microsoft.DocumentDB/databaseAccounts/databaseaccount5254/gremlinDatabases/gremlinDb3439/throughputSettings/default?api-version=2022-02-15-preview",
      "EncodedRequestUri": "L3N1YnNjcmlwdGlvbnMvMjU5ZmJiMjQtOWJjZC00Y2ZjLTg2NWMtZmMzM2IyMmZlMzhhL3Jlc291cmNlR3JvdXBzL0Nvc21vc0RCRG90TmV0U0RLVGVzdHNSRzQ5ODYvcHJvdmlkZXJzL01pY3Jvc29mdC5Eb2N1bWVudERCL2RhdGFiYXNlQWNjb3VudHMvZGF0YWJhc2VhY2NvdW50NTI1NC9ncmVtbGluRGF0YWJhc2VzL2dyZW1saW5EYjM0MzkvdGhyb3VnaHB1dFNldHRpbmdzL2RlZmF1bHQ/YXBpLXZlcnNpb249MjAyMi0wMi0xNS1wcmV2aWV3",
      "RequestMethod": "GET",
      "RequestBody": "",
      "RequestHeaders": {
        "x-ms-client-request-id": [
          "74ab1986-63b0-461c-be9e-9de9ed85f212"
        ],
        "Accept-Language": [
          "en-US"
        ],
        "User-Agent": [
          "FxVersion/4.700.22.11601",
          "OSName/Windows",
          "OSVersion/Microsoft.Windows.10.0.22000",
          "Microsoft.Azure.Management.CosmosDB.CosmosDBManagementClient/3.5.0.0"
        ]
      },
      "ResponseHeaders": {
        "Cache-Control": [
          "no-store, no-cache"
        ],
        "Pragma": [
          "no-cache"
        ],
        "Strict-Transport-Security": [
          "max-age=31536000; includeSubDomains"
        ],
        "x-ms-gatewayversion": [
          "version=2.14.0"
        ],
        "Server": [
          "Microsoft-HTTPAPI/2.0"
        ],
        "x-ms-ratelimit-remaining-subscription-reads": [
          "11982"
        ],
        "x-ms-request-id": [
          "5a9ef517-b4a6-46aa-a3ec-3777281f4092"
        ],
        "x-ms-correlation-request-id": [
          "5a9ef517-b4a6-46aa-a3ec-3777281f4092"
        ],
        "x-ms-routing-request-id": [
          "SOUTHINDIA:20220412T111114Z:5a9ef517-b4a6-46aa-a3ec-3777281f4092"
        ],
        "X-Content-Type-Options": [
          "nosniff"
        ],
        "Date": [
          "Tue, 12 Apr 2022 11:11:14 GMT"
        ],
        "Content-Length": [
          "398"
        ],
        "Content-Type": [
          "application/json"
        ]
      },
      "ResponseBody": "{\r\n  \"id\": \"/subscriptions/259fbb24-9bcd-4cfc-865c-fc33b22fe38a/resourceGroups/CosmosDBDotNetSDKTestsRG4986/providers/Microsoft.DocumentDB/databaseAccounts/databaseaccount5254/gremlinDatabases/gremlinDb3439/throughputSettings/default\",\r\n  \"type\": \"Microsoft.DocumentDB/databaseAccounts/gremlinDatabases/throughputSettings\",\r\n  \"name\": \"Uj3F\",\r\n  \"properties\": {\r\n    \"resource\": {\r\n      \"throughput\": 700,\r\n      \"minimumThroughput\": \"400\"\r\n    }\r\n  }\r\n}",
      "StatusCode": 200
    },
    {
      "RequestUri": "/subscriptions/259fbb24-9bcd-4cfc-865c-fc33b22fe38a/resourceGroups/CosmosDBDotNetSDKTestsRG4986/providers/Microsoft.DocumentDB/databaseAccounts/databaseaccount5254/gremlinDatabases/gremlinDb9725/graphs/gremlinGraph7409?api-version=2022-02-15-preview",
      "EncodedRequestUri": "L3N1YnNjcmlwdGlvbnMvMjU5ZmJiMjQtOWJjZC00Y2ZjLTg2NWMtZmMzM2IyMmZlMzhhL3Jlc291cmNlR3JvdXBzL0Nvc21vc0RCRG90TmV0U0RLVGVzdHNSRzQ5ODYvcHJvdmlkZXJzL01pY3Jvc29mdC5Eb2N1bWVudERCL2RhdGFiYXNlQWNjb3VudHMvZGF0YWJhc2VhY2NvdW50NTI1NC9ncmVtbGluRGF0YWJhc2VzL2dyZW1saW5EYjk3MjUvZ3JhcGhzL2dyZW1saW5HcmFwaDc0MDk/YXBpLXZlcnNpb249MjAyMi0wMi0xNS1wcmV2aWV3",
      "RequestMethod": "PUT",
      "RequestBody": "{\r\n  \"properties\": {\r\n    \"resource\": {\r\n      \"id\": \"gremlinGraph7409\",\r\n      \"indexingPolicy\": {\r\n        \"automatic\": true,\r\n        \"indexingMode\": \"consistent\",\r\n        \"includedPaths\": [\r\n          {\r\n            \"path\": \"/*\"\r\n          }\r\n        ],\r\n        \"excludedPaths\": [\r\n          {\r\n            \"path\": \"/pathToNotIndex/*\"\r\n          }\r\n        ],\r\n        \"compositeIndexes\": [\r\n          [\r\n            {\r\n              \"path\": \"/orderByPath1\",\r\n              \"order\": \"ascending\"\r\n            },\r\n            {\r\n              \"path\": \"/orderByPath2\",\r\n              \"order\": \"descending\"\r\n            }\r\n          ],\r\n          [\r\n            {\r\n              \"path\": \"/orderByPath3\",\r\n              \"order\": \"ascending\"\r\n            },\r\n            {\r\n              \"path\": \"/orderByPath4\",\r\n              \"order\": \"descending\"\r\n            }\r\n          ]\r\n        ]\r\n      },\r\n      \"partitionKey\": {\r\n        \"paths\": [\r\n          \"/address\"\r\n        ],\r\n        \"kind\": \"Hash\"\r\n      },\r\n      \"defaultTtl\": -1\r\n    },\r\n    \"options\": {\r\n      \"throughput\": 700\r\n    }\r\n  }\r\n}",
      "RequestHeaders": {
        "x-ms-client-request-id": [
          "3c950a58-6a19-4640-842c-e48853823812"
        ],
        "Accept-Language": [
          "en-US"
        ],
        "User-Agent": [
          "FxVersion/4.700.22.11601",
          "OSName/Windows",
          "OSVersion/Microsoft.Windows.10.0.22000",
          "Microsoft.Azure.Management.CosmosDB.CosmosDBManagementClient/3.5.0.0"
        ],
        "Content-Type": [
          "application/json; charset=utf-8"
        ],
        "Content-Length": [
          "1101"
        ]
      },
      "ResponseHeaders": {
        "Cache-Control": [
          "no-store, no-cache"
        ],
        "Pragma": [
          "no-cache"
        ],
        "Location": [
          "https://management.azure.com/subscriptions/259fbb24-9bcd-4cfc-865c-fc33b22fe38a/resourceGroups/CosmosDBDotNetSDKTestsRG4986/providers/Microsoft.DocumentDB/databaseAccounts/databaseaccount5254/gremlinDatabases/gremlinDb9725/graphs/gremlinGraph7409/operationResults/fed4790a-8281-4291-82a5-711c3c69eb03?api-version=2022-02-15-preview"
        ],
        "Azure-AsyncOperation": [
          "https://management.azure.com/subscriptions/259fbb24-9bcd-4cfc-865c-fc33b22fe38a/providers/Microsoft.DocumentDB/locations/centralus/operationsStatus/fed4790a-8281-4291-82a5-711c3c69eb03?api-version=2022-02-15-preview"
        ],
        "x-ms-request-id": [
          "fed4790a-8281-4291-82a5-711c3c69eb03"
        ],
        "Strict-Transport-Security": [
          "max-age=31536000; includeSubDomains"
        ],
        "x-ms-gatewayversion": [
          "version=2.14.0"
        ],
        "Server": [
          "Microsoft-HTTPAPI/2.0"
        ],
        "x-ms-ratelimit-remaining-subscription-writes": [
          "1196"
        ],
        "x-ms-correlation-request-id": [
          "95a934b0-f467-4728-b644-249024a74b32"
        ],
        "x-ms-routing-request-id": [
          "SOUTHINDIA:20220412T111114Z:95a934b0-f467-4728-b644-249024a74b32"
        ],
        "X-Content-Type-Options": [
          "nosniff"
        ],
        "Date": [
          "Tue, 12 Apr 2022 11:11:14 GMT"
        ],
        "Content-Length": [
          "21"
        ],
        "Content-Type": [
          "application/json"
        ]
      },
      "ResponseBody": "{\r\n  \"status\": \"Enqueued\"\r\n}",
      "StatusCode": 202
    },
    {
      "RequestUri": "/subscriptions/259fbb24-9bcd-4cfc-865c-fc33b22fe38a/providers/Microsoft.DocumentDB/locations/centralus/operationsStatus/fed4790a-8281-4291-82a5-711c3c69eb03?api-version=2022-02-15-preview",
      "EncodedRequestUri": "L3N1YnNjcmlwdGlvbnMvMjU5ZmJiMjQtOWJjZC00Y2ZjLTg2NWMtZmMzM2IyMmZlMzhhL3Byb3ZpZGVycy9NaWNyb3NvZnQuRG9jdW1lbnREQi9sb2NhdGlvbnMvY2VudHJhbHVzL29wZXJhdGlvbnNTdGF0dXMvZmVkNDc5MGEtODI4MS00MjkxLTgyYTUtNzExYzNjNjllYjAzP2FwaS12ZXJzaW9uPTIwMjItMDItMTUtcHJldmlldw==",
      "RequestMethod": "GET",
      "RequestBody": "",
      "RequestHeaders": {
        "User-Agent": [
          "FxVersion/4.700.22.11601",
          "OSName/Windows",
          "OSVersion/Microsoft.Windows.10.0.22000",
          "Microsoft.Azure.Management.CosmosDB.CosmosDBManagementClient/3.5.0.0"
        ]
      },
      "ResponseHeaders": {
        "Cache-Control": [
          "no-store, no-cache"
        ],
        "Pragma": [
          "no-cache"
        ],
        "Strict-Transport-Security": [
          "max-age=31536000; includeSubDomains"
        ],
        "x-ms-gatewayversion": [
          "version=2.14.0"
        ],
        "Server": [
          "Microsoft-HTTPAPI/2.0"
        ],
        "x-ms-ratelimit-remaining-subscription-reads": [
          "11981"
        ],
        "x-ms-request-id": [
          "86519d54-1a05-4fa8-9bcd-50a5c5396e98"
        ],
        "x-ms-correlation-request-id": [
          "86519d54-1a05-4fa8-9bcd-50a5c5396e98"
        ],
        "x-ms-routing-request-id": [
          "SOUTHINDIA:20220412T111145Z:86519d54-1a05-4fa8-9bcd-50a5c5396e98"
        ],
        "X-Content-Type-Options": [
          "nosniff"
        ],
        "Date": [
          "Tue, 12 Apr 2022 11:11:45 GMT"
        ],
        "Content-Length": [
          "22"
        ],
        "Content-Type": [
          "application/json"
        ]
      },
      "ResponseBody": "{\r\n  \"status\": \"Succeeded\"\r\n}",
      "StatusCode": 200
    },
    {
      "RequestUri": "/subscriptions/259fbb24-9bcd-4cfc-865c-fc33b22fe38a/resourceGroups/CosmosDBDotNetSDKTestsRG4986/providers/Microsoft.DocumentDB/databaseAccounts/databaseaccount5254/gremlinDatabases/gremlinDb9725/graphs/gremlinGraph7409?api-version=2022-02-15-preview",
      "EncodedRequestUri": "L3N1YnNjcmlwdGlvbnMvMjU5ZmJiMjQtOWJjZC00Y2ZjLTg2NWMtZmMzM2IyMmZlMzhhL3Jlc291cmNlR3JvdXBzL0Nvc21vc0RCRG90TmV0U0RLVGVzdHNSRzQ5ODYvcHJvdmlkZXJzL01pY3Jvc29mdC5Eb2N1bWVudERCL2RhdGFiYXNlQWNjb3VudHMvZGF0YWJhc2VhY2NvdW50NTI1NC9ncmVtbGluRGF0YWJhc2VzL2dyZW1saW5EYjk3MjUvZ3JhcGhzL2dyZW1saW5HcmFwaDc0MDk/YXBpLXZlcnNpb249MjAyMi0wMi0xNS1wcmV2aWV3",
      "RequestMethod": "GET",
      "RequestBody": "",
      "RequestHeaders": {
        "User-Agent": [
          "FxVersion/4.700.22.11601",
          "OSName/Windows",
          "OSVersion/Microsoft.Windows.10.0.22000",
          "Microsoft.Azure.Management.CosmosDB.CosmosDBManagementClient/3.5.0.0"
        ]
      },
      "ResponseHeaders": {
        "Cache-Control": [
          "no-store, no-cache"
        ],
        "Pragma": [
          "no-cache"
        ],
        "Strict-Transport-Security": [
          "max-age=31536000; includeSubDomains"
        ],
        "x-ms-gatewayversion": [
          "version=2.14.0"
        ],
        "Server": [
          "Microsoft-HTTPAPI/2.0"
        ],
        "x-ms-ratelimit-remaining-subscription-reads": [
          "11980"
        ],
        "x-ms-request-id": [
          "d82c4aa1-9c11-4236-bc6c-1249d18e2bbd"
        ],
        "x-ms-correlation-request-id": [
          "d82c4aa1-9c11-4236-bc6c-1249d18e2bbd"
        ],
        "x-ms-routing-request-id": [
          "SOUTHINDIA:20220412T111145Z:d82c4aa1-9c11-4236-bc6c-1249d18e2bbd"
        ],
        "X-Content-Type-Options": [
          "nosniff"
        ],
        "Date": [
          "Tue, 12 Apr 2022 11:11:45 GMT"
        ],
        "Content-Length": [
          "1386"
        ],
        "Content-Type": [
          "application/json"
        ]
      },
      "ResponseBody": "{\r\n  \"id\": \"/subscriptions/259fbb24-9bcd-4cfc-865c-fc33b22fe38a/resourceGroups/CosmosDBDotNetSDKTestsRG4986/providers/Microsoft.DocumentDB/databaseAccounts/databaseaccount5254/gremlinDatabases/gremlinDb9725/graphs/gremlinGraph7409\",\r\n  \"type\": \"Microsoft.DocumentDB/databaseAccounts/gremlinDatabases/graphs\",\r\n  \"name\": \"gremlinGraph7409\",\r\n  \"properties\": {\r\n    \"resource\": {\r\n      \"id\": \"gremlinGraph7409\",\r\n      \"indexingPolicy\": {\r\n        \"indexingMode\": \"consistent\",\r\n        \"automatic\": true,\r\n        \"includedPaths\": [\r\n          {\r\n            \"path\": \"/*\"\r\n          }\r\n        ],\r\n        \"excludedPaths\": [\r\n          {\r\n            \"path\": \"/pathToNotIndex/*\"\r\n          },\r\n          {\r\n            \"path\": \"/\\\"_etag\\\"/?\"\r\n          }\r\n        ],\r\n        \"compositeIndexes\": [\r\n          [\r\n            {\r\n              \"path\": \"/orderByPath1\",\r\n              \"order\": \"ascending\"\r\n            },\r\n            {\r\n              \"path\": \"/orderByPath2\",\r\n              \"order\": \"descending\"\r\n            }\r\n          ],\r\n          [\r\n            {\r\n              \"path\": \"/orderByPath3\",\r\n              \"order\": \"ascending\"\r\n            },\r\n            {\r\n              \"path\": \"/orderByPath4\",\r\n              \"order\": \"descending\"\r\n            }\r\n          ]\r\n        ]\r\n      },\r\n      \"partitionKey\": {\r\n        \"paths\": [\r\n          \"/address\"\r\n        ],\r\n        \"kind\": \"Hash\"\r\n      },\r\n      \"defaultTtl\": -1,\r\n      \"uniqueKeyPolicy\": {\r\n        \"uniqueKeys\": []\r\n      },\r\n      \"conflictResolutionPolicy\": {\r\n        \"mode\": \"LastWriterWins\",\r\n        \"conflictResolutionPath\": \"/_ts\",\r\n        \"conflictResolutionProcedure\": \"\"\r\n      },\r\n      \"backupPolicy\": {\r\n        \"type\": 1\r\n      },\r\n      \"geospatialConfig\": {\r\n        \"type\": \"Geography\"\r\n      },\r\n      \"_rid\": \"CTw7ANYjOjo=\",\r\n      \"_ts\": 1649761883,\r\n      \"_self\": \"dbs/CTw7AA==/colls/CTw7ANYjOjo=/\",\r\n      \"_etag\": \"\\\"00002c04-0000-0300-0000-62555e5b0000\\\"\",\r\n      \"_docs\": \"docs/\",\r\n      \"_sprocs\": \"sprocs/\",\r\n      \"_triggers\": \"triggers/\",\r\n      \"_udfs\": \"udfs/\",\r\n      \"_conflicts\": \"conflicts/\",\r\n      \"statistics\": [\r\n        {\r\n          \"id\": \"0\",\r\n          \"sizeInKB\": 0,\r\n          \"documentCount\": 0,\r\n          \"sampledDistinctPartitionKeyCount\": 0,\r\n          \"partitionKeys\": []\r\n        }\r\n      ]\r\n    }\r\n  }\r\n}",
      "StatusCode": 200
    },
    {
      "RequestUri": "/subscriptions/259fbb24-9bcd-4cfc-865c-fc33b22fe38a/resourceGroups/CosmosDBDotNetSDKTestsRG4986/providers/Microsoft.DocumentDB/databaseAccounts/databaseaccount5254/gremlinDatabases/gremlinDb9725/graphs?api-version=2022-02-15-preview",
      "EncodedRequestUri": "L3N1YnNjcmlwdGlvbnMvMjU5ZmJiMjQtOWJjZC00Y2ZjLTg2NWMtZmMzM2IyMmZlMzhhL3Jlc291cmNlR3JvdXBzL0Nvc21vc0RCRG90TmV0U0RLVGVzdHNSRzQ5ODYvcHJvdmlkZXJzL01pY3Jvc29mdC5Eb2N1bWVudERCL2RhdGFiYXNlQWNjb3VudHMvZGF0YWJhc2VhY2NvdW50NTI1NC9ncmVtbGluRGF0YWJhc2VzL2dyZW1saW5EYjk3MjUvZ3JhcGhzP2FwaS12ZXJzaW9uPTIwMjItMDItMTUtcHJldmlldw==",
      "RequestMethod": "GET",
      "RequestBody": "",
      "RequestHeaders": {
        "x-ms-client-request-id": [
          "a001a17d-4b3a-4a8c-81bd-fbca3084dbbf"
        ],
        "Accept-Language": [
          "en-US"
        ],
        "User-Agent": [
          "FxVersion/4.700.22.11601",
          "OSName/Windows",
          "OSVersion/Microsoft.Windows.10.0.22000",
          "Microsoft.Azure.Management.CosmosDB.CosmosDBManagementClient/3.5.0.0"
        ]
      },
      "ResponseHeaders": {
        "Cache-Control": [
          "no-store, no-cache"
        ],
        "Pragma": [
          "no-cache"
        ],
        "Strict-Transport-Security": [
          "max-age=31536000; includeSubDomains"
        ],
        "x-ms-gatewayversion": [
          "version=2.14.0"
        ],
        "Server": [
          "Microsoft-HTTPAPI/2.0"
        ],
        "x-ms-ratelimit-remaining-subscription-reads": [
          "11979"
        ],
        "x-ms-request-id": [
          "f9b1b9f3-f2f5-42cd-89ae-b3eb87665db6"
        ],
        "x-ms-correlation-request-id": [
          "f9b1b9f3-f2f5-42cd-89ae-b3eb87665db6"
        ],
        "x-ms-routing-request-id": [
          "SOUTHINDIA:20220412T111146Z:f9b1b9f3-f2f5-42cd-89ae-b3eb87665db6"
        ],
        "X-Content-Type-Options": [
          "nosniff"
        ],
        "Date": [
          "Tue, 12 Apr 2022 11:11:46 GMT"
        ],
        "Content-Length": [
          "1285"
        ],
        "Content-Type": [
          "application/json"
        ]
      },
      "ResponseBody": "{\r\n  \"value\": [\r\n    {\r\n      \"id\": \"/subscriptions/259fbb24-9bcd-4cfc-865c-fc33b22fe38a/resourceGroups/CosmosDBDotNetSDKTestsRG4986/providers/Microsoft.DocumentDB/databaseAccounts/databaseaccount5254/gremlinDatabases/gremlinDb9725/graphs/gremlinGraph7409\",\r\n      \"type\": \"Microsoft.DocumentDB/databaseAccounts/gremlinDatabases/graphs\",\r\n      \"name\": \"gremlinGraph7409\",\r\n      \"properties\": {\r\n        \"resource\": {\r\n          \"id\": \"gremlinGraph7409\",\r\n          \"indexingPolicy\": {\r\n            \"indexingMode\": \"consistent\",\r\n            \"automatic\": true,\r\n            \"includedPaths\": [\r\n              {\r\n                \"path\": \"/*\"\r\n              }\r\n            ],\r\n            \"excludedPaths\": [\r\n              {\r\n                \"path\": \"/pathToNotIndex/*\"\r\n              },\r\n              {\r\n                \"path\": \"/\\\"_etag\\\"/?\"\r\n              }\r\n            ],\r\n            \"compositeIndexes\": [\r\n              [\r\n                {\r\n                  \"path\": \"/orderByPath1\",\r\n                  \"order\": \"ascending\"\r\n                },\r\n                {\r\n                  \"path\": \"/orderByPath2\",\r\n                  \"order\": \"descending\"\r\n                }\r\n              ],\r\n              [\r\n                {\r\n                  \"path\": \"/orderByPath3\",\r\n                  \"order\": \"ascending\"\r\n                },\r\n                {\r\n                  \"path\": \"/orderByPath4\",\r\n                  \"order\": \"descending\"\r\n                }\r\n              ]\r\n            ]\r\n          },\r\n          \"partitionKey\": {\r\n            \"paths\": [\r\n              \"/address\"\r\n            ],\r\n            \"kind\": \"Hash\"\r\n          },\r\n          \"defaultTtl\": -1,\r\n          \"uniqueKeyPolicy\": {\r\n            \"uniqueKeys\": []\r\n          },\r\n          \"conflictResolutionPolicy\": {\r\n            \"mode\": \"LastWriterWins\",\r\n            \"conflictResolutionPath\": \"/_ts\",\r\n            \"conflictResolutionProcedure\": \"\"\r\n          },\r\n          \"backupPolicy\": {\r\n            \"type\": 1\r\n          },\r\n          \"geospatialConfig\": {\r\n            \"type\": \"Geography\"\r\n          },\r\n          \"_rid\": \"CTw7ANYjOjo=\",\r\n          \"_ts\": 1649761883,\r\n          \"_self\": \"dbs/CTw7AA==/colls/CTw7ANYjOjo=/\",\r\n          \"_etag\": \"\\\"00002c04-0000-0300-0000-62555e5b0000\\\"\",\r\n          \"_docs\": \"docs/\",\r\n          \"_sprocs\": \"sprocs/\",\r\n          \"_triggers\": \"triggers/\",\r\n          \"_udfs\": \"udfs/\",\r\n          \"_conflicts\": \"conflicts/\"\r\n        }\r\n      }\r\n    }\r\n  ]\r\n}",
      "StatusCode": 200
    },
    {
      "RequestUri": "/subscriptions/259fbb24-9bcd-4cfc-865c-fc33b22fe38a/resourceGroups/CosmosDBDotNetSDKTestsRG4986/providers/Microsoft.DocumentDB/databaseAccounts/databaseaccount5254/gremlinDatabases/gremlinDb9725/graphs/gremlinGraph7409?api-version=2022-02-15-preview",
      "EncodedRequestUri": "L3N1YnNjcmlwdGlvbnMvMjU5ZmJiMjQtOWJjZC00Y2ZjLTg2NWMtZmMzM2IyMmZlMzhhL3Jlc291cmNlR3JvdXBzL0Nvc21vc0RCRG90TmV0U0RLVGVzdHNSRzQ5ODYvcHJvdmlkZXJzL01pY3Jvc29mdC5Eb2N1bWVudERCL2RhdGFiYXNlQWNjb3VudHMvZGF0YWJhc2VhY2NvdW50NTI1NC9ncmVtbGluRGF0YWJhc2VzL2dyZW1saW5EYjk3MjUvZ3JhcGhzL2dyZW1saW5HcmFwaDc0MDk/YXBpLXZlcnNpb249MjAyMi0wMi0xNS1wcmV2aWV3",
      "RequestMethod": "DELETE",
      "RequestBody": "",
      "RequestHeaders": {
        "x-ms-client-request-id": [
          "9ca84c12-be1a-4050-ba62-045282284882"
        ],
        "Accept-Language": [
          "en-US"
        ],
        "User-Agent": [
          "FxVersion/4.700.22.11601",
          "OSName/Windows",
          "OSVersion/Microsoft.Windows.10.0.22000",
          "Microsoft.Azure.Management.CosmosDB.CosmosDBManagementClient/3.5.0.0"
        ]
      },
      "ResponseHeaders": {
        "Cache-Control": [
          "no-store, no-cache"
        ],
        "Pragma": [
          "no-cache"
        ],
        "Location": [
          "https://management.azure.com/subscriptions/259fbb24-9bcd-4cfc-865c-fc33b22fe38a/resourceGroups/CosmosDBDotNetSDKTestsRG4986/providers/Microsoft.DocumentDB/databaseAccounts/databaseaccount5254/gremlinDatabases/gremlinDb9725/graphs/gremlinGraph7409/operationResults/e1b8612a-1fb8-4280-b3ac-e019fba3ed36?api-version=2022-02-15-preview"
        ],
        "Azure-AsyncOperation": [
          "https://management.azure.com/subscriptions/259fbb24-9bcd-4cfc-865c-fc33b22fe38a/providers/Microsoft.DocumentDB/locations/centralus/operationsStatus/e1b8612a-1fb8-4280-b3ac-e019fba3ed36?api-version=2022-02-15-preview"
        ],
        "x-ms-request-id": [
          "e1b8612a-1fb8-4280-b3ac-e019fba3ed36"
        ],
        "Strict-Transport-Security": [
          "max-age=31536000; includeSubDomains"
        ],
        "x-ms-gatewayversion": [
          "version=2.14.0"
        ],
        "Server": [
          "Microsoft-HTTPAPI/2.0"
        ],
        "x-ms-ratelimit-remaining-subscription-deletes": [
          "14999"
        ],
        "x-ms-correlation-request-id": [
          "f7d9bba7-b324-4e5b-b5de-b30fe38428dd"
        ],
        "x-ms-routing-request-id": [
          "SOUTHINDIA:20220412T111146Z:f7d9bba7-b324-4e5b-b5de-b30fe38428dd"
        ],
        "X-Content-Type-Options": [
          "nosniff"
        ],
        "Date": [
          "Tue, 12 Apr 2022 11:11:46 GMT"
        ],
        "Content-Length": [
          "21"
        ],
        "Content-Type": [
          "application/json"
        ]
      },
      "ResponseBody": "{\r\n  \"status\": \"Enqueued\"\r\n}",
      "StatusCode": 202
    },
    {
      "RequestUri": "/subscriptions/259fbb24-9bcd-4cfc-865c-fc33b22fe38a/resourceGroups/CosmosDBDotNetSDKTestsRG4986/providers/Microsoft.DocumentDB/databaseAccounts/databaseaccount5254/gremlinDatabases/gremlinDb9725?api-version=2022-02-15-preview",
      "EncodedRequestUri": "L3N1YnNjcmlwdGlvbnMvMjU5ZmJiMjQtOWJjZC00Y2ZjLTg2NWMtZmMzM2IyMmZlMzhhL3Jlc291cmNlR3JvdXBzL0Nvc21vc0RCRG90TmV0U0RLVGVzdHNSRzQ5ODYvcHJvdmlkZXJzL01pY3Jvc29mdC5Eb2N1bWVudERCL2RhdGFiYXNlQWNjb3VudHMvZGF0YWJhc2VhY2NvdW50NTI1NC9ncmVtbGluRGF0YWJhc2VzL2dyZW1saW5EYjk3MjU/YXBpLXZlcnNpb249MjAyMi0wMi0xNS1wcmV2aWV3",
      "RequestMethod": "DELETE",
      "RequestBody": "",
      "RequestHeaders": {
        "x-ms-client-request-id": [
          "48f4d4a7-9963-47c9-9226-bcff6190e268"
        ],
        "Accept-Language": [
          "en-US"
        ],
        "User-Agent": [
          "FxVersion/4.700.22.11601",
          "OSName/Windows",
          "OSVersion/Microsoft.Windows.10.0.22000",
          "Microsoft.Azure.Management.CosmosDB.CosmosDBManagementClient/3.5.0.0"
        ]
      },
      "ResponseHeaders": {
        "Cache-Control": [
          "no-store, no-cache"
        ],
        "Pragma": [
          "no-cache"
        ],
        "Location": [
          "https://management.azure.com/subscriptions/259fbb24-9bcd-4cfc-865c-fc33b22fe38a/resourceGroups/CosmosDBDotNetSDKTestsRG4986/providers/Microsoft.DocumentDB/databaseAccounts/databaseaccount5254/gremlinDatabases/gremlinDb9725/operationResults/91f031a2-ba2b-4d86-b18f-90698001fa4d?api-version=2022-02-15-preview"
        ],
        "Azure-AsyncOperation": [
          "https://management.azure.com/subscriptions/259fbb24-9bcd-4cfc-865c-fc33b22fe38a/providers/Microsoft.DocumentDB/locations/centralus/operationsStatus/91f031a2-ba2b-4d86-b18f-90698001fa4d?api-version=2022-02-15-preview"
        ],
        "x-ms-request-id": [
          "91f031a2-ba2b-4d86-b18f-90698001fa4d"
        ],
        "Strict-Transport-Security": [
          "max-age=31536000; includeSubDomains"
        ],
        "x-ms-gatewayversion": [
          "version=2.14.0"
        ],
        "Server": [
          "Microsoft-HTTPAPI/2.0"
        ],
        "x-ms-ratelimit-remaining-subscription-deletes": [
          "14999"
        ],
        "x-ms-correlation-request-id": [
          "9fa357b5-29b3-4505-919a-b5bcb9dfc3c9"
        ],
        "x-ms-routing-request-id": [
          "SOUTHINDIA:20220412T111148Z:9fa357b5-29b3-4505-919a-b5bcb9dfc3c9"
        ],
        "X-Content-Type-Options": [
          "nosniff"
        ],
        "Date": [
          "Tue, 12 Apr 2022 11:11:47 GMT"
        ],
        "Content-Length": [
          "21"
        ],
        "Content-Type": [
          "application/json"
        ]
      },
      "ResponseBody": "{\r\n  \"status\": \"Enqueued\"\r\n}",
      "StatusCode": 202
    },
    {
      "RequestUri": "/subscriptions/259fbb24-9bcd-4cfc-865c-fc33b22fe38a/resourceGroups/CosmosDBDotNetSDKTestsRG4986/providers/Microsoft.DocumentDB/databaseAccounts/databaseaccount5254/gremlinDatabases/gremlinDb3439?api-version=2022-02-15-preview",
      "EncodedRequestUri": "L3N1YnNjcmlwdGlvbnMvMjU5ZmJiMjQtOWJjZC00Y2ZjLTg2NWMtZmMzM2IyMmZlMzhhL3Jlc291cmNlR3JvdXBzL0Nvc21vc0RCRG90TmV0U0RLVGVzdHNSRzQ5ODYvcHJvdmlkZXJzL01pY3Jvc29mdC5Eb2N1bWVudERCL2RhdGFiYXNlQWNjb3VudHMvZGF0YWJhc2VhY2NvdW50NTI1NC9ncmVtbGluRGF0YWJhc2VzL2dyZW1saW5EYjM0Mzk/YXBpLXZlcnNpb249MjAyMi0wMi0xNS1wcmV2aWV3",
      "RequestMethod": "DELETE",
      "RequestBody": "",
      "RequestHeaders": {
        "x-ms-client-request-id": [
          "f542ce38-1049-4cde-b603-d6b224bfc151"
        ],
        "Accept-Language": [
          "en-US"
        ],
        "User-Agent": [
          "FxVersion/4.700.22.11601",
          "OSName/Windows",
          "OSVersion/Microsoft.Windows.10.0.22000",
          "Microsoft.Azure.Management.CosmosDB.CosmosDBManagementClient/3.5.0.0"
        ]
      },
      "ResponseHeaders": {
        "Cache-Control": [
          "no-store, no-cache"
        ],
        "Pragma": [
          "no-cache"
        ],
        "Location": [
          "https://management.azure.com/subscriptions/259fbb24-9bcd-4cfc-865c-fc33b22fe38a/resourceGroups/CosmosDBDotNetSDKTestsRG4986/providers/Microsoft.DocumentDB/databaseAccounts/databaseaccount5254/gremlinDatabases/gremlinDb3439/operationResults/78cf46fb-9544-463a-a219-7610fb0836b8?api-version=2022-02-15-preview"
        ],
        "Azure-AsyncOperation": [
          "https://management.azure.com/subscriptions/259fbb24-9bcd-4cfc-865c-fc33b22fe38a/providers/Microsoft.DocumentDB/locations/centralus/operationsStatus/78cf46fb-9544-463a-a219-7610fb0836b8?api-version=2022-02-15-preview"
        ],
        "x-ms-request-id": [
          "78cf46fb-9544-463a-a219-7610fb0836b8"
        ],
        "Strict-Transport-Security": [
          "max-age=31536000; includeSubDomains"
        ],
        "x-ms-gatewayversion": [
          "version=2.14.0"
        ],
        "Server": [
          "Microsoft-HTTPAPI/2.0"
        ],
        "x-ms-ratelimit-remaining-subscription-deletes": [
          "14999"
        ],
        "x-ms-correlation-request-id": [
          "11b70553-b682-49c6-993f-1e67d9a69560"
        ],
        "x-ms-routing-request-id": [
          "SOUTHINDIA:20220412T111148Z:11b70553-b682-49c6-993f-1e67d9a69560"
        ],
        "X-Content-Type-Options": [
          "nosniff"
        ],
        "Date": [
          "Tue, 12 Apr 2022 11:11:47 GMT"
        ],
        "Content-Length": [
          "21"
        ],
        "Content-Type": [
          "application/json"
        ]
      },
      "ResponseBody": "{\r\n  \"status\": \"Enqueued\"\r\n}",
      "StatusCode": 202
    }
  ],
  "Names": {
    "Init": [
      "CosmosDBDotNetSDKTestsRG4986"
    ],
    "CreateDatabaseAccount": [
      "databaseaccount5254"
    ],
    "GraphCRUDTests": [
      "gremlinDb9725",
      "gremlinDb3439",
      "gremlinGraph7409"
    ]
  },
  "Variables": {
    "SubscriptionId": "259fbb24-9bcd-4cfc-865c-fc33b22fe38a"
  }
}