{
  "Entries": [
    {
      "RequestUri": "/providers/Microsoft.DocumentDB/databaseAccountNames/db4096?api-version=2021-06-15",
      "EncodedRequestUri": "L3Byb3ZpZGVycy9NaWNyb3NvZnQuRG9jdW1lbnREQi9kYXRhYmFzZUFjY291bnROYW1lcy9kYjQwOTY/YXBpLXZlcnNpb249MjAyMS0wNi0xNQ==",
      "RequestMethod": "HEAD",
      "RequestBody": "",
      "RequestHeaders": {
        "x-ms-client-request-id": [
          "7b9128e4-33b6-43b5-87d9-6e1fc35279fd"
        ],
        "Accept-Language": [
          "en-US"
        ],
        "User-Agent": [
          "FxVersion/4.6.28207.03",
          "OSName/Windows",
          "OSVersion/Microsoft.Windows.10.0.19043.",
          "Microsoft.Azure.Management.CosmosDB.CosmosDBManagementClient/3.0.0.0"
        ]
      },
      "ResponseHeaders": {
        "Cache-Control": [
          "no-store, no-cache"
        ],
        "Pragma": [
          "no-cache"
        ],
        "Strict-Transport-Security": [
          "max-age=31536000; includeSubDomains"
        ],
        "x-ms-activity-id": [
          "7b9128e4-33b6-43b5-87d9-6e1fc35279fd"
        ],
        "Server": [
          "Microsoft-HTTPAPI/2.0"
        ],
        "x-ms-ratelimit-remaining-tenant-reads": [
          "11999"
        ],
        "x-ms-request-id": [
          "c9a69b92-a21a-4b1d-be75-24fae8815e8a"
        ],
        "x-ms-correlation-request-id": [
          "c9a69b92-a21a-4b1d-be75-24fae8815e8a"
        ],
        "x-ms-routing-request-id": [
          "WESTUS2:20210615T194257Z:c9a69b92-a21a-4b1d-be75-24fae8815e8a"
        ],
        "X-Content-Type-Options": [
          "nosniff"
        ],
        "Date": [
          "Tue, 15 Jun 2021 19:42:56 GMT"
        ],
        "Content-Length": [
          "0"
        ]
      },
      "ResponseBody": "",
      "StatusCode": 200
    },
    {
      "RequestUri": "/subscriptions/259fbb24-9bcd-4cfc-865c-fc33b22fe38a/resourceGroups/CosmosDBResourceGroup3668/providers/Microsoft.DocumentDB/databaseAccounts/db4096/gremlinDatabases/databaseName1002?api-version=2021-06-15",
      "EncodedRequestUri": "L3N1YnNjcmlwdGlvbnMvMjU5ZmJiMjQtOWJjZC00Y2ZjLTg2NWMtZmMzM2IyMmZlMzhhL3Jlc291cmNlR3JvdXBzL0Nvc21vc0RCUmVzb3VyY2VHcm91cDM2NjgvcHJvdmlkZXJzL01pY3Jvc29mdC5Eb2N1bWVudERCL2RhdGFiYXNlQWNjb3VudHMvZGI0MDk2L2dyZW1saW5EYXRhYmFzZXMvZGF0YWJhc2VOYW1lMTAwMj9hcGktdmVyc2lvbj0yMDIxLTA2LTE1",
      "RequestMethod": "PUT",
      "RequestBody": "{\r\n  \"properties\": {\r\n    \"resource\": {\r\n      \"id\": \"databaseName1002\"\r\n    },\r\n    \"options\": {}\r\n  }\r\n}",
      "RequestHeaders": {
        "x-ms-client-request-id": [
          "862d41ea-f97b-47f6-8a59-b3295274fdcf"
        ],
        "Accept-Language": [
          "en-US"
        ],
        "User-Agent": [
          "FxVersion/4.6.28207.03",
          "OSName/Windows",
          "OSVersion/Microsoft.Windows.10.0.19043.",
          "Microsoft.Azure.Management.CosmosDB.CosmosDBManagementClient/3.0.0.0"
        ],
        "Content-Type": [
          "application/json; charset=utf-8"
        ],
        "Content-Length": [
          "106"
        ]
      },
      "ResponseHeaders": {
        "Cache-Control": [
          "no-store, no-cache"
        ],
        "Pragma": [
          "no-cache"
        ],
        "Location": [
          "https://management.azure.com/subscriptions/259fbb24-9bcd-4cfc-865c-fc33b22fe38a/resourceGroups/CosmosDBResourceGroup3668/providers/Microsoft.DocumentDB/databaseAccounts/db4096/gremlinDatabases/databaseName1002/operationResults/6c967e68-7338-405a-81f4-68e2a40e2def?api-version=2021-06-15"
        ],
        "Azure-AsyncOperation": [
          "https://management.azure.com/subscriptions/259fbb24-9bcd-4cfc-865c-fc33b22fe38a/providers/Microsoft.DocumentDB/locations/eastus2/operationsStatus/6c967e68-7338-405a-81f4-68e2a40e2def?api-version=2021-06-15"
        ],
        "x-ms-request-id": [
          "6c967e68-7338-405a-81f4-68e2a40e2def"
        ],
        "Strict-Transport-Security": [
          "max-age=31536000; includeSubDomains"
        ],
        "x-ms-gatewayversion": [
          "version=2.14.0"
        ],
        "Server": [
          "Microsoft-HTTPAPI/2.0"
        ],
        "x-ms-ratelimit-remaining-subscription-writes": [
          "1199"
        ],
        "x-ms-correlation-request-id": [
          "c4a8422f-ae36-43d2-8c2e-cecb418b42ff"
        ],
        "x-ms-routing-request-id": [
          "WESTUS2:20210615T194259Z:c4a8422f-ae36-43d2-8c2e-cecb418b42ff"
        ],
        "X-Content-Type-Options": [
          "nosniff"
        ],
        "Date": [
          "Tue, 15 Jun 2021 19:42:58 GMT"
        ],
        "Content-Length": [
          "21"
        ],
        "Content-Type": [
          "application/json"
        ]
      },
      "ResponseBody": "{\r\n  \"status\": \"Enqueued\"\r\n}",
      "StatusCode": 202
    },
    {
      "RequestUri": "/subscriptions/259fbb24-9bcd-4cfc-865c-fc33b22fe38a/providers/Microsoft.DocumentDB/locations/eastus2/operationsStatus/6c967e68-7338-405a-81f4-68e2a40e2def?api-version=2021-06-15",
      "EncodedRequestUri": "L3N1YnNjcmlwdGlvbnMvMjU5ZmJiMjQtOWJjZC00Y2ZjLTg2NWMtZmMzM2IyMmZlMzhhL3Byb3ZpZGVycy9NaWNyb3NvZnQuRG9jdW1lbnREQi9sb2NhdGlvbnMvZWFzdHVzMi9vcGVyYXRpb25zU3RhdHVzLzZjOTY3ZTY4LTczMzgtNDA1YS04MWY0LTY4ZTJhNDBlMmRlZj9hcGktdmVyc2lvbj0yMDIxLTA2LTE1",
      "RequestMethod": "GET",
      "RequestBody": "",
      "RequestHeaders": {
        "User-Agent": [
          "FxVersion/4.6.28207.03",
          "OSName/Windows",
          "OSVersion/Microsoft.Windows.10.0.19043.",
          "Microsoft.Azure.Management.CosmosDB.CosmosDBManagementClient/3.0.0.0"
        ]
      },
      "ResponseHeaders": {
        "Cache-Control": [
          "no-store, no-cache"
        ],
        "Pragma": [
          "no-cache"
        ],
        "Strict-Transport-Security": [
          "max-age=31536000; includeSubDomains"
        ],
        "x-ms-gatewayversion": [
          "version=2.14.0"
        ],
        "Server": [
          "Microsoft-HTTPAPI/2.0"
        ],
        "x-ms-ratelimit-remaining-subscription-reads": [
          "11999"
        ],
        "x-ms-request-id": [
          "78240c0b-7370-411b-9ab9-92cd279b0d16"
        ],
        "x-ms-correlation-request-id": [
          "78240c0b-7370-411b-9ab9-92cd279b0d16"
        ],
        "x-ms-routing-request-id": [
          "WESTUS2:20210615T194329Z:78240c0b-7370-411b-9ab9-92cd279b0d16"
        ],
        "X-Content-Type-Options": [
          "nosniff"
        ],
        "Date": [
          "Tue, 15 Jun 2021 19:43:28 GMT"
        ],
        "Content-Length": [
          "22"
        ],
        "Content-Type": [
          "application/json"
        ]
      },
      "ResponseBody": "{\r\n  \"status\": \"Succeeded\"\r\n}",
      "StatusCode": 200
    },
    {
      "RequestUri": "/subscriptions/259fbb24-9bcd-4cfc-865c-fc33b22fe38a/resourceGroups/CosmosDBResourceGroup3668/providers/Microsoft.DocumentDB/databaseAccounts/db4096/gremlinDatabases/databaseName1002?api-version=2021-06-15",
      "EncodedRequestUri": "L3N1YnNjcmlwdGlvbnMvMjU5ZmJiMjQtOWJjZC00Y2ZjLTg2NWMtZmMzM2IyMmZlMzhhL3Jlc291cmNlR3JvdXBzL0Nvc21vc0RCUmVzb3VyY2VHcm91cDM2NjgvcHJvdmlkZXJzL01pY3Jvc29mdC5Eb2N1bWVudERCL2RhdGFiYXNlQWNjb3VudHMvZGI0MDk2L2dyZW1saW5EYXRhYmFzZXMvZGF0YWJhc2VOYW1lMTAwMj9hcGktdmVyc2lvbj0yMDIxLTA2LTE1",
      "RequestMethod": "GET",
      "RequestBody": "",
      "RequestHeaders": {
        "User-Agent": [
          "FxVersion/4.6.28207.03",
          "OSName/Windows",
          "OSVersion/Microsoft.Windows.10.0.19043.",
          "Microsoft.Azure.Management.CosmosDB.CosmosDBManagementClient/3.0.0.0"
        ]
      },
      "ResponseHeaders": {
        "Cache-Control": [
          "no-store, no-cache"
        ],
        "Pragma": [
          "no-cache"
        ],
        "Strict-Transport-Security": [
          "max-age=31536000; includeSubDomains"
        ],
        "x-ms-gatewayversion": [
          "version=2.14.0"
        ],
        "Server": [
          "Microsoft-HTTPAPI/2.0"
        ],
        "x-ms-ratelimit-remaining-subscription-reads": [
          "11998"
        ],
        "x-ms-request-id": [
          "8e51db8e-2c4e-433e-9329-93f14a6b6c43"
        ],
        "x-ms-correlation-request-id": [
          "8e51db8e-2c4e-433e-9329-93f14a6b6c43"
        ],
        "x-ms-routing-request-id": [
          "WESTUS2:20210615T194329Z:8e51db8e-2c4e-433e-9329-93f14a6b6c43"
        ],
        "X-Content-Type-Options": [
          "nosniff"
        ],
        "Date": [
          "Tue, 15 Jun 2021 19:43:29 GMT"
        ],
        "Content-Length": [
          "478"
        ],
        "Content-Type": [
          "application/json"
        ]
      },
      "ResponseBody": "{\r\n  \"id\": \"/subscriptions/259fbb24-9bcd-4cfc-865c-fc33b22fe38a/resourceGroups/CosmosDBResourceGroup3668/providers/Microsoft.DocumentDB/databaseAccounts/db4096/gremlinDatabases/databaseName1002\",\r\n  \"type\": \"Microsoft.DocumentDB/databaseAccounts/gremlinDatabases\",\r\n  \"name\": \"databaseName1002\",\r\n  \"properties\": {\r\n    \"resource\": {\r\n      \"id\": \"databaseName1002\",\r\n      \"_rid\": \"sYJ4AA==\",\r\n      \"_self\": \"dbs/sYJ4AA==/\",\r\n      \"_etag\": \"\\\"00007d00-0000-0200-0000-60b8476e0000\\\"\",\r\n      \"_colls\": \"colls/\",\r\n      \"_users\": \"users/\",\r\n      \"_ts\": 1622689646\r\n    }\r\n  }\r\n}",
      "StatusCode": 200
    },
    {
      "RequestUri": "/subscriptions/259fbb24-9bcd-4cfc-865c-fc33b22fe38a/resourceGroups/CosmosDBResourceGroup3668/providers/Microsoft.DocumentDB/databaseAccounts/db4096/gremlinDatabases/databaseName1002?api-version=2021-06-15",
      "EncodedRequestUri": "L3N1YnNjcmlwdGlvbnMvMjU5ZmJiMjQtOWJjZC00Y2ZjLTg2NWMtZmMzM2IyMmZlMzhhL3Jlc291cmNlR3JvdXBzL0Nvc21vc0RCUmVzb3VyY2VHcm91cDM2NjgvcHJvdmlkZXJzL01pY3Jvc29mdC5Eb2N1bWVudERCL2RhdGFiYXNlQWNjb3VudHMvZGI0MDk2L2dyZW1saW5EYXRhYmFzZXMvZGF0YWJhc2VOYW1lMTAwMj9hcGktdmVyc2lvbj0yMDIxLTA2LTE1",
      "RequestMethod": "GET",
      "RequestBody": "",
      "RequestHeaders": {
        "x-ms-client-request-id": [
          "1870b0bc-c6ed-4e77-9eb5-b011f15f5e6f"
        ],
        "Accept-Language": [
          "en-US"
        ],
        "User-Agent": [
          "FxVersion/4.6.28207.03",
          "OSName/Windows",
          "OSVersion/Microsoft.Windows.10.0.19043.",
          "Microsoft.Azure.Management.CosmosDB.CosmosDBManagementClient/3.0.0.0"
        ]
      },
      "ResponseHeaders": {
        "Cache-Control": [
          "no-store, no-cache"
        ],
        "Pragma": [
          "no-cache"
        ],
        "Strict-Transport-Security": [
          "max-age=31536000; includeSubDomains"
        ],
        "x-ms-gatewayversion": [
          "version=2.14.0"
        ],
        "Server": [
          "Microsoft-HTTPAPI/2.0"
        ],
        "x-ms-ratelimit-remaining-subscription-reads": [
          "11997"
        ],
        "x-ms-request-id": [
          "623de47a-17a3-4d55-a2c7-0af4092b9463"
        ],
        "x-ms-correlation-request-id": [
          "623de47a-17a3-4d55-a2c7-0af4092b9463"
        ],
        "x-ms-routing-request-id": [
          "WESTUS2:20210615T194329Z:623de47a-17a3-4d55-a2c7-0af4092b9463"
        ],
        "X-Content-Type-Options": [
          "nosniff"
        ],
        "Date": [
          "Tue, 15 Jun 2021 19:43:29 GMT"
        ],
        "Content-Length": [
          "478"
        ],
        "Content-Type": [
          "application/json"
        ]
      },
      "ResponseBody": "{\r\n  \"id\": \"/subscriptions/259fbb24-9bcd-4cfc-865c-fc33b22fe38a/resourceGroups/CosmosDBResourceGroup3668/providers/Microsoft.DocumentDB/databaseAccounts/db4096/gremlinDatabases/databaseName1002\",\r\n  \"type\": \"Microsoft.DocumentDB/databaseAccounts/gremlinDatabases\",\r\n  \"name\": \"databaseName1002\",\r\n  \"properties\": {\r\n    \"resource\": {\r\n      \"id\": \"databaseName1002\",\r\n      \"_rid\": \"sYJ4AA==\",\r\n      \"_self\": \"dbs/sYJ4AA==/\",\r\n      \"_etag\": \"\\\"00007d00-0000-0200-0000-60b8476e0000\\\"\",\r\n      \"_colls\": \"colls/\",\r\n      \"_users\": \"users/\",\r\n      \"_ts\": 1622689646\r\n    }\r\n  }\r\n}",
      "StatusCode": 200
    },
    {
      "RequestUri": "/subscriptions/259fbb24-9bcd-4cfc-865c-fc33b22fe38a/resourceGroups/CosmosDBResourceGroup3668/providers/Microsoft.DocumentDB/databaseAccounts/db4096/gremlinDatabases/databaseName21002?api-version=2021-06-15",
      "EncodedRequestUri": "L3N1YnNjcmlwdGlvbnMvMjU5ZmJiMjQtOWJjZC00Y2ZjLTg2NWMtZmMzM2IyMmZlMzhhL3Jlc291cmNlR3JvdXBzL0Nvc21vc0RCUmVzb3VyY2VHcm91cDM2NjgvcHJvdmlkZXJzL01pY3Jvc29mdC5Eb2N1bWVudERCL2RhdGFiYXNlQWNjb3VudHMvZGI0MDk2L2dyZW1saW5EYXRhYmFzZXMvZGF0YWJhc2VOYW1lMjEwMDI/YXBpLXZlcnNpb249MjAyMS0wNi0xNQ==",
      "RequestMethod": "PUT",
      "RequestBody": "{\r\n  \"properties\": {\r\n    \"resource\": {\r\n      \"id\": \"databaseName21002\"\r\n    },\r\n    \"options\": {\r\n      \"throughput\": 700\r\n    }\r\n  },\r\n  \"location\": \"EAST US 2\",\r\n  \"tags\": {\r\n    \"key3\": \"value3\",\r\n    \"key4\": \"value4\"\r\n  }\r\n}",
      "RequestHeaders": {
        "x-ms-client-request-id": [
          "60c1f29e-d8e7-4daa-a3a8-d93008cbf302"
        ],
        "Accept-Language": [
          "en-US"
        ],
        "User-Agent": [
          "FxVersion/4.6.28207.03",
          "OSName/Windows",
          "OSVersion/Microsoft.Windows.10.0.19043.",
          "Microsoft.Azure.Management.CosmosDB.CosmosDBManagementClient/3.0.0.0"
        ],
        "Content-Type": [
          "application/json; charset=utf-8"
        ],
        "Content-Length": [
          "230"
        ]
      },
      "ResponseHeaders": {
        "Cache-Control": [
          "no-store, no-cache"
        ],
        "Pragma": [
          "no-cache"
        ],
        "Location": [
          "https://management.azure.com/subscriptions/259fbb24-9bcd-4cfc-865c-fc33b22fe38a/resourceGroups/CosmosDBResourceGroup3668/providers/Microsoft.DocumentDB/databaseAccounts/db4096/gremlinDatabases/databaseName21002/operationResults/3482dc20-2ba6-4492-80d1-d72f31f6787d?api-version=2021-06-15"
        ],
        "Azure-AsyncOperation": [
          "https://management.azure.com/subscriptions/259fbb24-9bcd-4cfc-865c-fc33b22fe38a/providers/Microsoft.DocumentDB/locations/eastus2/operationsStatus/3482dc20-2ba6-4492-80d1-d72f31f6787d?api-version=2021-06-15"
        ],
        "x-ms-request-id": [
          "3482dc20-2ba6-4492-80d1-d72f31f6787d"
        ],
        "Strict-Transport-Security": [
          "max-age=31536000; includeSubDomains"
        ],
        "x-ms-gatewayversion": [
          "version=2.14.0"
        ],
        "Server": [
          "Microsoft-HTTPAPI/2.0"
        ],
        "x-ms-ratelimit-remaining-subscription-writes": [
          "1198"
        ],
        "x-ms-correlation-request-id": [
          "149a9132-d887-44f5-ac08-b043afff3db5"
        ],
        "x-ms-routing-request-id": [
          "WESTUS2:20210615T194330Z:149a9132-d887-44f5-ac08-b043afff3db5"
        ],
        "X-Content-Type-Options": [
          "nosniff"
        ],
        "Date": [
          "Tue, 15 Jun 2021 19:43:29 GMT"
        ],
        "Content-Length": [
          "21"
        ],
        "Content-Type": [
          "application/json"
        ]
      },
      "ResponseBody": "{\r\n  \"status\": \"Enqueued\"\r\n}",
      "StatusCode": 202
    },
    {
      "RequestUri": "/subscriptions/259fbb24-9bcd-4cfc-865c-fc33b22fe38a/providers/Microsoft.DocumentDB/locations/eastus2/operationsStatus/3482dc20-2ba6-4492-80d1-d72f31f6787d?api-version=2021-06-15",
      "EncodedRequestUri": "L3N1YnNjcmlwdGlvbnMvMjU5ZmJiMjQtOWJjZC00Y2ZjLTg2NWMtZmMzM2IyMmZlMzhhL3Byb3ZpZGVycy9NaWNyb3NvZnQuRG9jdW1lbnREQi9sb2NhdGlvbnMvZWFzdHVzMi9vcGVyYXRpb25zU3RhdHVzLzM0ODJkYzIwLTJiYTYtNDQ5Mi04MGQxLWQ3MmYzMWY2Nzg3ZD9hcGktdmVyc2lvbj0yMDIxLTA2LTE1",
      "RequestMethod": "GET",
      "RequestBody": "",
      "RequestHeaders": {
        "User-Agent": [
          "FxVersion/4.6.28207.03",
          "OSName/Windows",
          "OSVersion/Microsoft.Windows.10.0.19043.",
          "Microsoft.Azure.Management.CosmosDB.CosmosDBManagementClient/3.0.0.0"
        ]
      },
      "ResponseHeaders": {
        "Cache-Control": [
          "no-store, no-cache"
        ],
        "Pragma": [
          "no-cache"
        ],
        "Strict-Transport-Security": [
          "max-age=31536000; includeSubDomains"
        ],
        "x-ms-gatewayversion": [
          "version=2.14.0"
        ],
        "Server": [
          "Microsoft-HTTPAPI/2.0"
        ],
        "x-ms-ratelimit-remaining-subscription-reads": [
          "11996"
        ],
        "x-ms-request-id": [
          "ca7c6eb7-1ff7-4a2a-afd4-6dcf80fd8835"
        ],
        "x-ms-correlation-request-id": [
          "ca7c6eb7-1ff7-4a2a-afd4-6dcf80fd8835"
        ],
        "x-ms-routing-request-id": [
          "WESTUS2:20210615T194400Z:ca7c6eb7-1ff7-4a2a-afd4-6dcf80fd8835"
        ],
        "X-Content-Type-Options": [
          "nosniff"
        ],
        "Date": [
          "Tue, 15 Jun 2021 19:43:59 GMT"
        ],
        "Content-Length": [
          "22"
        ],
        "Content-Type": [
          "application/json"
        ]
      },
      "ResponseBody": "{\r\n  \"status\": \"Succeeded\"\r\n}",
      "StatusCode": 200
    },
    {
      "RequestUri": "/subscriptions/259fbb24-9bcd-4cfc-865c-fc33b22fe38a/resourceGroups/CosmosDBResourceGroup3668/providers/Microsoft.DocumentDB/databaseAccounts/db4096/gremlinDatabases/databaseName21002?api-version=2021-06-15",
      "EncodedRequestUri": "L3N1YnNjcmlwdGlvbnMvMjU5ZmJiMjQtOWJjZC00Y2ZjLTg2NWMtZmMzM2IyMmZlMzhhL3Jlc291cmNlR3JvdXBzL0Nvc21vc0RCUmVzb3VyY2VHcm91cDM2NjgvcHJvdmlkZXJzL01pY3Jvc29mdC5Eb2N1bWVudERCL2RhdGFiYXNlQWNjb3VudHMvZGI0MDk2L2dyZW1saW5EYXRhYmFzZXMvZGF0YWJhc2VOYW1lMjEwMDI/YXBpLXZlcnNpb249MjAyMS0wNi0xNQ==",
      "RequestMethod": "GET",
      "RequestBody": "",
      "RequestHeaders": {
        "User-Agent": [
          "FxVersion/4.6.28207.03",
          "OSName/Windows",
          "OSVersion/Microsoft.Windows.10.0.19043.",
          "Microsoft.Azure.Management.CosmosDB.CosmosDBManagementClient/3.0.0.0"
        ]
      },
      "ResponseHeaders": {
        "Cache-Control": [
          "no-store, no-cache"
        ],
        "Pragma": [
          "no-cache"
        ],
        "Strict-Transport-Security": [
          "max-age=31536000; includeSubDomains"
        ],
        "x-ms-gatewayversion": [
          "version=2.14.0"
        ],
        "Server": [
          "Microsoft-HTTPAPI/2.0"
        ],
        "x-ms-ratelimit-remaining-subscription-reads": [
          "11995"
        ],
        "x-ms-request-id": [
          "0a160144-e9af-443f-8bcf-148956237397"
        ],
        "x-ms-correlation-request-id": [
          "0a160144-e9af-443f-8bcf-148956237397"
        ],
        "x-ms-routing-request-id": [
          "WESTUS2:20210615T194400Z:0a160144-e9af-443f-8bcf-148956237397"
        ],
        "X-Content-Type-Options": [
          "nosniff"
        ],
        "Date": [
          "Tue, 15 Jun 2021 19:43:59 GMT"
        ],
        "Content-Length": [
          "481"
        ],
        "Content-Type": [
          "application/json"
        ]
      },
      "ResponseBody": "{\r\n  \"id\": \"/subscriptions/259fbb24-9bcd-4cfc-865c-fc33b22fe38a/resourceGroups/CosmosDBResourceGroup3668/providers/Microsoft.DocumentDB/databaseAccounts/db4096/gremlinDatabases/databaseName21002\",\r\n  \"type\": \"Microsoft.DocumentDB/databaseAccounts/gremlinDatabases\",\r\n  \"name\": \"databaseName21002\",\r\n  \"properties\": {\r\n    \"resource\": {\r\n      \"id\": \"databaseName21002\",\r\n      \"_rid\": \"U0t7AA==\",\r\n      \"_self\": \"dbs/U0t7AA==/\",\r\n      \"_etag\": \"\\\"00007f00-0000-0200-0000-60b8478f0000\\\"\",\r\n      \"_colls\": \"colls/\",\r\n      \"_users\": \"users/\",\r\n      \"_ts\": 1622689679\r\n    }\r\n  }\r\n}",
      "StatusCode": 200
    },
    {
      "RequestUri": "/subscriptions/259fbb24-9bcd-4cfc-865c-fc33b22fe38a/resourceGroups/CosmosDBResourceGroup3668/providers/Microsoft.DocumentDB/databaseAccounts/db4096/gremlinDatabases?api-version=2021-06-15",
      "EncodedRequestUri": "L3N1YnNjcmlwdGlvbnMvMjU5ZmJiMjQtOWJjZC00Y2ZjLTg2NWMtZmMzM2IyMmZlMzhhL3Jlc291cmNlR3JvdXBzL0Nvc21vc0RCUmVzb3VyY2VHcm91cDM2NjgvcHJvdmlkZXJzL01pY3Jvc29mdC5Eb2N1bWVudERCL2RhdGFiYXNlQWNjb3VudHMvZGI0MDk2L2dyZW1saW5EYXRhYmFzZXM/YXBpLXZlcnNpb249MjAyMS0wNi0xNQ==",
      "RequestMethod": "GET",
      "RequestBody": "",
      "RequestHeaders": {
        "x-ms-client-request-id": [
          "33c0e32e-1935-4661-af0e-01a704dc660d"
        ],
        "Accept-Language": [
          "en-US"
        ],
        "User-Agent": [
          "FxVersion/4.6.28207.03",
          "OSName/Windows",
          "OSVersion/Microsoft.Windows.10.0.19043.",
          "Microsoft.Azure.Management.CosmosDB.CosmosDBManagementClient/3.0.0.0"
        ]
      },
      "ResponseHeaders": {
        "Cache-Control": [
          "no-store, no-cache"
        ],
        "Pragma": [
          "no-cache"
        ],
        "Strict-Transport-Security": [
          "max-age=31536000; includeSubDomains"
        ],
        "x-ms-gatewayversion": [
          "version=2.14.0"
        ],
        "Server": [
          "Microsoft-HTTPAPI/2.0"
        ],
        "x-ms-ratelimit-remaining-subscription-reads": [
          "11994"
        ],
        "x-ms-request-id": [
          "2bce245b-a3f0-4cec-a48d-c4afc55f6b27"
        ],
        "x-ms-correlation-request-id": [
          "2bce245b-a3f0-4cec-a48d-c4afc55f6b27"
        ],
        "x-ms-routing-request-id": [
          "WESTUS2:20210615T194400Z:2bce245b-a3f0-4cec-a48d-c4afc55f6b27"
        ],
        "X-Content-Type-Options": [
          "nosniff"
        ],
        "Date": [
          "Tue, 15 Jun 2021 19:44:00 GMT"
        ],
        "Content-Length": [
          "972"
        ],
        "Content-Type": [
          "application/json"
        ]
      },
      "ResponseBody": "{\r\n  \"value\": [\r\n    {\r\n      \"id\": \"/subscriptions/259fbb24-9bcd-4cfc-865c-fc33b22fe38a/resourceGroups/CosmosDBResourceGroup3668/providers/Microsoft.DocumentDB/databaseAccounts/db4096/gremlinDatabases/databaseName1002\",\r\n      \"type\": \"Microsoft.DocumentDB/databaseAccounts/gremlinDatabases\",\r\n      \"name\": \"databaseName1002\",\r\n      \"properties\": {\r\n        \"resource\": {\r\n          \"id\": \"databaseName1002\",\r\n          \"_rid\": \"sYJ4AA==\",\r\n          \"_self\": \"dbs/sYJ4AA==/\",\r\n          \"_etag\": \"\\\"00007d00-0000-0200-0000-60b8476e0000\\\"\",\r\n          \"_colls\": \"colls/\",\r\n          \"_users\": \"users/\",\r\n          \"_ts\": 1622689646\r\n        }\r\n      }\r\n    },\r\n    {\r\n      \"id\": \"/subscriptions/259fbb24-9bcd-4cfc-865c-fc33b22fe38a/resourceGroups/CosmosDBResourceGroup3668/providers/Microsoft.DocumentDB/databaseAccounts/db4096/gremlinDatabases/databaseName21002\",\r\n      \"type\": \"Microsoft.DocumentDB/databaseAccounts/gremlinDatabases\",\r\n      \"name\": \"databaseName21002\",\r\n      \"properties\": {\r\n        \"resource\": {\r\n          \"id\": \"databaseName21002\",\r\n          \"_rid\": \"U0t7AA==\",\r\n          \"_self\": \"dbs/U0t7AA==/\",\r\n          \"_etag\": \"\\\"00007f00-0000-0200-0000-60b8478f0000\\\"\",\r\n          \"_colls\": \"colls/\",\r\n          \"_users\": \"users/\",\r\n          \"_ts\": 1622689679\r\n        }\r\n      }\r\n    }\r\n  ]\r\n}",
      "StatusCode": 200
    },
    {
      "RequestUri": "/subscriptions/259fbb24-9bcd-4cfc-865c-fc33b22fe38a/resourceGroups/CosmosDBResourceGroup3668/providers/Microsoft.DocumentDB/databaseAccounts/db4096/gremlinDatabases/databaseName21002/throughputSettings/default?api-version=2021-06-15",
      "EncodedRequestUri": "L3N1YnNjcmlwdGlvbnMvMjU5ZmJiMjQtOWJjZC00Y2ZjLTg2NWMtZmMzM2IyMmZlMzhhL3Jlc291cmNlR3JvdXBzL0Nvc21vc0RCUmVzb3VyY2VHcm91cDM2NjgvcHJvdmlkZXJzL01pY3Jvc29mdC5Eb2N1bWVudERCL2RhdGFiYXNlQWNjb3VudHMvZGI0MDk2L2dyZW1saW5EYXRhYmFzZXMvZGF0YWJhc2VOYW1lMjEwMDIvdGhyb3VnaHB1dFNldHRpbmdzL2RlZmF1bHQ/YXBpLXZlcnNpb249MjAyMS0wNi0xNQ==",
      "RequestMethod": "GET",
      "RequestBody": "",
      "RequestHeaders": {
        "x-ms-client-request-id": [
          "12bcefa2-9e21-4a07-b9cc-44796f8998fe"
        ],
        "Accept-Language": [
          "en-US"
        ],
        "User-Agent": [
          "FxVersion/4.6.28207.03",
          "OSName/Windows",
          "OSVersion/Microsoft.Windows.10.0.19043.",
          "Microsoft.Azure.Management.CosmosDB.CosmosDBManagementClient/3.0.0.0"
        ]
      },
      "ResponseHeaders": {
        "Cache-Control": [
          "no-store, no-cache"
        ],
        "Pragma": [
          "no-cache"
        ],
        "Strict-Transport-Security": [
          "max-age=31536000; includeSubDomains"
        ],
        "x-ms-gatewayversion": [
          "version=2.14.0"
        ],
        "Server": [
          "Microsoft-HTTPAPI/2.0"
        ],
        "x-ms-ratelimit-remaining-subscription-reads": [
          "11993"
        ],
        "x-ms-request-id": [
          "985b1b07-f36a-45eb-b314-1b636c964cc9"
        ],
        "x-ms-correlation-request-id": [
          "985b1b07-f36a-45eb-b314-1b636c964cc9"
        ],
        "x-ms-routing-request-id": [
          "WESTUS2:20210615T194401Z:985b1b07-f36a-45eb-b314-1b636c964cc9"
        ],
        "X-Content-Type-Options": [
          "nosniff"
        ],
        "Date": [
          "Tue, 15 Jun 2021 19:44:00 GMT"
        ],
        "Content-Length": [
          "386"
        ],
        "Content-Type": [
          "application/json"
        ]
      },
      "ResponseBody": "{\r\n  \"id\": \"/subscriptions/259fbb24-9bcd-4cfc-865c-fc33b22fe38a/resourceGroups/CosmosDBResourceGroup3668/providers/Microsoft.DocumentDB/databaseAccounts/db4096/gremlinDatabases/databaseName21002/throughputSettings/default\",\r\n  \"type\": \"Microsoft.DocumentDB/databaseAccounts/gremlinDatabases/throughputSettings\",\r\n  \"name\": \"qvak\",\r\n  \"properties\": {\r\n    \"resource\": {\r\n      \"throughput\": 700,\r\n      \"minimumThroughput\": \"400\"\r\n    }\r\n  }\r\n}",
      "StatusCode": 200
    },
    {
      "RequestUri": "/subscriptions/259fbb24-9bcd-4cfc-865c-fc33b22fe38a/resourceGroups/CosmosDBResourceGroup3668/providers/Microsoft.DocumentDB/databaseAccounts/db4096/gremlinDatabases/databaseName1002/graphs/gremlinGraphName1002?api-version=2021-06-15",
      "EncodedRequestUri": "L3N1YnNjcmlwdGlvbnMvMjU5ZmJiMjQtOWJjZC00Y2ZjLTg2NWMtZmMzM2IyMmZlMzhhL3Jlc291cmNlR3JvdXBzL0Nvc21vc0RCUmVzb3VyY2VHcm91cDM2NjgvcHJvdmlkZXJzL01pY3Jvc29mdC5Eb2N1bWVudERCL2RhdGFiYXNlQWNjb3VudHMvZGI0MDk2L2dyZW1saW5EYXRhYmFzZXMvZGF0YWJhc2VOYW1lMTAwMi9ncmFwaHMvZ3JlbWxpbkdyYXBoTmFtZTEwMDI/YXBpLXZlcnNpb249MjAyMS0wNi0xNQ==",
      "RequestMethod": "PUT",
      "RequestBody": "{\r\n  \"properties\": {\r\n    \"resource\": {\r\n      \"id\": \"gremlinGraphName1002\",\r\n      \"indexingPolicy\": {\r\n        \"automatic\": true,\r\n        \"indexingMode\": \"consistent\",\r\n        \"includedPaths\": [\r\n          {\r\n            \"path\": \"/*\"\r\n          }\r\n        ],\r\n        \"excludedPaths\": [\r\n          {\r\n            \"path\": \"/pathToNotIndex/*\"\r\n          }\r\n        ],\r\n        \"compositeIndexes\": [\r\n          [\r\n            {\r\n              \"path\": \"/orderByPath1\",\r\n              \"order\": \"ascending\"\r\n            },\r\n            {\r\n              \"path\": \"/orderByPath2\",\r\n              \"order\": \"descending\"\r\n            }\r\n          ],\r\n          [\r\n            {\r\n              \"path\": \"/orderByPath3\",\r\n              \"order\": \"ascending\"\r\n            },\r\n            {\r\n              \"path\": \"/orderByPath4\",\r\n              \"order\": \"descending\"\r\n            }\r\n          ]\r\n        ]\r\n      },\r\n      \"partitionKey\": {\r\n        \"paths\": [\r\n          \"/address\"\r\n        ],\r\n        \"kind\": \"Hash\"\r\n      },\r\n      \"defaultTtl\": -1\r\n    },\r\n    \"options\": {\r\n      \"throughput\": 700\r\n    }\r\n  }\r\n}",
      "RequestHeaders": {
        "x-ms-client-request-id": [
          "f8c9dafe-b839-4e81-8b6d-cde6c4837b90"
        ],
        "Accept-Language": [
          "en-US"
        ],
        "User-Agent": [
          "FxVersion/4.6.28207.03",
          "OSName/Windows",
          "OSVersion/Microsoft.Windows.10.0.19043.",
          "Microsoft.Azure.Management.CosmosDB.CosmosDBManagementClient/3.0.0.0"
        ],
        "Content-Type": [
          "application/json; charset=utf-8"
        ],
        "Content-Length": [
          "1105"
        ]
      },
      "ResponseHeaders": {
        "Cache-Control": [
          "no-store, no-cache"
        ],
        "Pragma": [
          "no-cache"
        ],
        "Location": [
          "https://management.azure.com/subscriptions/259fbb24-9bcd-4cfc-865c-fc33b22fe38a/resourceGroups/CosmosDBResourceGroup3668/providers/Microsoft.DocumentDB/databaseAccounts/db4096/gremlinDatabases/databaseName1002/graphs/gremlinGraphName1002/operationResults/67a7fb93-d2da-42bc-9d57-a2051f83dcea?api-version=2021-06-15"
        ],
        "Azure-AsyncOperation": [
          "https://management.azure.com/subscriptions/259fbb24-9bcd-4cfc-865c-fc33b22fe38a/providers/Microsoft.DocumentDB/locations/eastus2/operationsStatus/67a7fb93-d2da-42bc-9d57-a2051f83dcea?api-version=2021-06-15"
        ],
        "x-ms-request-id": [
          "67a7fb93-d2da-42bc-9d57-a2051f83dcea"
        ],
        "Strict-Transport-Security": [
          "max-age=31536000; includeSubDomains"
        ],
        "x-ms-gatewayversion": [
          "version=2.14.0"
        ],
        "Server": [
          "Microsoft-HTTPAPI/2.0"
        ],
        "x-ms-ratelimit-remaining-subscription-writes": [
          "1197"
        ],
        "x-ms-correlation-request-id": [
          "86c5ba87-cb9c-4dca-b950-3715b04bef50"
        ],
        "x-ms-routing-request-id": [
          "WESTUS2:20210615T194401Z:86c5ba87-cb9c-4dca-b950-3715b04bef50"
        ],
        "X-Content-Type-Options": [
          "nosniff"
        ],
        "Date": [
          "Tue, 15 Jun 2021 19:44:01 GMT"
        ],
        "Content-Length": [
          "21"
        ],
        "Content-Type": [
          "application/json"
        ]
      },
      "ResponseBody": "{\r\n  \"status\": \"Enqueued\"\r\n}",
      "StatusCode": 202
    },
    {
      "RequestUri": "/subscriptions/259fbb24-9bcd-4cfc-865c-fc33b22fe38a/providers/Microsoft.DocumentDB/locations/eastus2/operationsStatus/67a7fb93-d2da-42bc-9d57-a2051f83dcea?api-version=2021-06-15",
      "EncodedRequestUri": "L3N1YnNjcmlwdGlvbnMvMjU5ZmJiMjQtOWJjZC00Y2ZjLTg2NWMtZmMzM2IyMmZlMzhhL3Byb3ZpZGVycy9NaWNyb3NvZnQuRG9jdW1lbnREQi9sb2NhdGlvbnMvZWFzdHVzMi9vcGVyYXRpb25zU3RhdHVzLzY3YTdmYjkzLWQyZGEtNDJiYy05ZDU3LWEyMDUxZjgzZGNlYT9hcGktdmVyc2lvbj0yMDIxLTA2LTE1",
      "RequestMethod": "GET",
      "RequestBody": "",
      "RequestHeaders": {
        "User-Agent": [
          "FxVersion/4.6.28207.03",
          "OSName/Windows",
          "OSVersion/Microsoft.Windows.10.0.19043.",
          "Microsoft.Azure.Management.CosmosDB.CosmosDBManagementClient/3.0.0.0"
        ]
      },
      "ResponseHeaders": {
        "Cache-Control": [
          "no-store, no-cache"
        ],
        "Pragma": [
          "no-cache"
        ],
        "Strict-Transport-Security": [
          "max-age=31536000; includeSubDomains"
        ],
        "x-ms-gatewayversion": [
          "version=2.14.0"
        ],
        "Server": [
          "Microsoft-HTTPAPI/2.0"
        ],
        "x-ms-ratelimit-remaining-subscription-reads": [
          "11992"
        ],
        "x-ms-request-id": [
          "060468ed-78f7-4751-b35c-7c99cb6354b7"
        ],
        "x-ms-correlation-request-id": [
          "060468ed-78f7-4751-b35c-7c99cb6354b7"
        ],
        "x-ms-routing-request-id": [
          "WESTUS2:20210615T194432Z:060468ed-78f7-4751-b35c-7c99cb6354b7"
        ],
        "X-Content-Type-Options": [
          "nosniff"
        ],
        "Date": [
          "Tue, 15 Jun 2021 19:44:31 GMT"
        ],
        "Content-Length": [
          "22"
        ],
        "Content-Type": [
          "application/json"
        ]
      },
      "ResponseBody": "{\r\n  \"status\": \"Succeeded\"\r\n}",
      "StatusCode": 200
    },
    {
      "RequestUri": "/subscriptions/259fbb24-9bcd-4cfc-865c-fc33b22fe38a/resourceGroups/CosmosDBResourceGroup3668/providers/Microsoft.DocumentDB/databaseAccounts/db4096/gremlinDatabases/databaseName1002/graphs/gremlinGraphName1002?api-version=2021-06-15",
      "EncodedRequestUri": "L3N1YnNjcmlwdGlvbnMvMjU5ZmJiMjQtOWJjZC00Y2ZjLTg2NWMtZmMzM2IyMmZlMzhhL3Jlc291cmNlR3JvdXBzL0Nvc21vc0RCUmVzb3VyY2VHcm91cDM2NjgvcHJvdmlkZXJzL01pY3Jvc29mdC5Eb2N1bWVudERCL2RhdGFiYXNlQWNjb3VudHMvZGI0MDk2L2dyZW1saW5EYXRhYmFzZXMvZGF0YWJhc2VOYW1lMTAwMi9ncmFwaHMvZ3JlbWxpbkdyYXBoTmFtZTEwMDI/YXBpLXZlcnNpb249MjAyMS0wNi0xNQ==",
      "RequestMethod": "GET",
      "RequestBody": "",
      "RequestHeaders": {
        "User-Agent": [
          "FxVersion/4.6.28207.03",
          "OSName/Windows",
          "OSVersion/Microsoft.Windows.10.0.19043.",
          "Microsoft.Azure.Management.CosmosDB.CosmosDBManagementClient/3.0.0.0"
        ]
      },
      "ResponseHeaders": {
        "Cache-Control": [
          "no-store, no-cache"
        ],
        "Pragma": [
          "no-cache"
        ],
        "Strict-Transport-Security": [
          "max-age=31536000; includeSubDomains"
        ],
        "x-ms-gatewayversion": [
          "version=2.14.0"
        ],
        "Server": [
          "Microsoft-HTTPAPI/2.0"
        ],
        "x-ms-ratelimit-remaining-subscription-reads": [
          "11991"
        ],
        "x-ms-request-id": [
          "521288d4-c38f-48ee-bec5-2a1c0ac901aa"
        ],
        "x-ms-correlation-request-id": [
          "521288d4-c38f-48ee-bec5-2a1c0ac901aa"
        ],
        "x-ms-routing-request-id": [
          "WESTUS2:20210615T194432Z:521288d4-c38f-48ee-bec5-2a1c0ac901aa"
        ],
        "X-Content-Type-Options": [
          "nosniff"
        ],
        "Date": [
          "Tue, 15 Jun 2021 19:44:32 GMT"
        ],
        "Content-Length": [
          "1353"
        ],
        "Content-Type": [
          "application/json"
        ]
      },
      "ResponseBody": "{\r\n  \"id\": \"/subscriptions/259fbb24-9bcd-4cfc-865c-fc33b22fe38a/resourceGroups/CosmosDBResourceGroup3668/providers/Microsoft.DocumentDB/databaseAccounts/db4096/gremlinDatabases/databaseName1002/graphs/gremlinGraphName1002\",\r\n  \"type\": \"Microsoft.DocumentDB/databaseAccounts/gremlinDatabases/graphs\",\r\n  \"name\": \"gremlinGraphName1002\",\r\n  \"properties\": {\r\n    \"resource\": {\r\n      \"id\": \"gremlinGraphName1002\",\r\n      \"indexingPolicy\": {\r\n        \"indexingMode\": \"consistent\",\r\n        \"automatic\": true,\r\n        \"includedPaths\": [\r\n          {\r\n            \"path\": \"/*\"\r\n          }\r\n        ],\r\n        \"excludedPaths\": [\r\n          {\r\n            \"path\": \"/pathToNotIndex/*\"\r\n          },\r\n          {\r\n            \"path\": \"/\\\"_etag\\\"/?\"\r\n          }\r\n        ],\r\n        \"compositeIndexes\": [\r\n          [\r\n            {\r\n              \"path\": \"/orderByPath1\",\r\n              \"order\": \"ascending\"\r\n            },\r\n            {\r\n              \"path\": \"/orderByPath2\",\r\n              \"order\": \"descending\"\r\n            }\r\n          ],\r\n          [\r\n            {\r\n              \"path\": \"/orderByPath3\",\r\n              \"order\": \"ascending\"\r\n            },\r\n            {\r\n              \"path\": \"/orderByPath4\",\r\n              \"order\": \"descending\"\r\n            }\r\n          ]\r\n        ]\r\n      },\r\n      \"partitionKey\": {\r\n        \"paths\": [\r\n          \"/address\"\r\n        ],\r\n        \"kind\": \"Hash\"\r\n      },\r\n      \"defaultTtl\": -1,\r\n      \"uniqueKeyPolicy\": {\r\n        \"uniqueKeys\": []\r\n      },\r\n      \"conflictResolutionPolicy\": {\r\n        \"mode\": \"LastWriterWins\",\r\n        \"conflictResolutionPath\": \"/_ts\",\r\n        \"conflictResolutionProcedure\": \"\"\r\n      },\r\n      \"allowMaterializedViews\": false,\r\n      \"geospatialConfig\": {\r\n        \"type\": \"Geography\"\r\n      },\r\n      \"_rid\": \"sYJ4AKedDrc=\",\r\n      \"_ts\": 1623786247,\r\n      \"_self\": \"dbs/sYJ4AA==/colls/sYJ4AKedDrc=/\",\r\n      \"_etag\": \"\\\"00001306-0000-0200-0000-60c903070000\\\"\",\r\n      \"_docs\": \"docs/\",\r\n      \"_sprocs\": \"sprocs/\",\r\n      \"_triggers\": \"triggers/\",\r\n      \"_udfs\": \"udfs/\",\r\n      \"_conflicts\": \"conflicts/\",\r\n      \"statistics\": [\r\n        {\r\n          \"id\": \"0\",\r\n          \"sizeInKB\": 0,\r\n          \"documentCount\": 0,\r\n          \"partitionKeys\": []\r\n        }\r\n      ]\r\n    }\r\n  }\r\n}",
      "StatusCode": 200
    },
    {
      "RequestUri": "/subscriptions/259fbb24-9bcd-4cfc-865c-fc33b22fe38a/resourceGroups/CosmosDBResourceGroup3668/providers/Microsoft.DocumentDB/databaseAccounts/db4096/gremlinDatabases/databaseName1002/graphs?api-version=2021-06-15",
      "EncodedRequestUri": "L3N1YnNjcmlwdGlvbnMvMjU5ZmJiMjQtOWJjZC00Y2ZjLTg2NWMtZmMzM2IyMmZlMzhhL3Jlc291cmNlR3JvdXBzL0Nvc21vc0RCUmVzb3VyY2VHcm91cDM2NjgvcHJvdmlkZXJzL01pY3Jvc29mdC5Eb2N1bWVudERCL2RhdGFiYXNlQWNjb3VudHMvZGI0MDk2L2dyZW1saW5EYXRhYmFzZXMvZGF0YWJhc2VOYW1lMTAwMi9ncmFwaHM/YXBpLXZlcnNpb249MjAyMS0wNi0xNQ==",
      "RequestMethod": "GET",
      "RequestBody": "",
      "RequestHeaders": {
        "x-ms-client-request-id": [
          "64d361d6-f630-4e9b-9dea-08cc10a08ed0"
        ],
        "Accept-Language": [
          "en-US"
        ],
        "User-Agent": [
          "FxVersion/4.6.28207.03",
          "OSName/Windows",
          "OSVersion/Microsoft.Windows.10.0.19043.",
          "Microsoft.Azure.Management.CosmosDB.CosmosDBManagementClient/3.0.0.0"
        ]
      },
      "ResponseHeaders": {
        "Cache-Control": [
          "no-store, no-cache"
        ],
        "Pragma": [
          "no-cache"
        ],
        "Strict-Transport-Security": [
          "max-age=31536000; includeSubDomains"
        ],
        "x-ms-gatewayversion": [
          "version=2.14.0"
        ],
        "Server": [
          "Microsoft-HTTPAPI/2.0"
        ],
        "x-ms-ratelimit-remaining-subscription-reads": [
          "11990"
        ],
        "x-ms-request-id": [
          "86f2e94f-82aa-48ef-a502-b3e9a9808790"
        ],
        "x-ms-correlation-request-id": [
          "86f2e94f-82aa-48ef-a502-b3e9a9808790"
        ],
        "x-ms-routing-request-id": [
          "WESTUS2:20210615T194432Z:86f2e94f-82aa-48ef-a502-b3e9a9808790"
        ],
        "X-Content-Type-Options": [
          "nosniff"
        ],
        "Date": [
          "Tue, 15 Jun 2021 19:44:32 GMT"
        ],
        "Content-Length": [
          "1289"
        ],
        "Content-Type": [
          "application/json"
        ]
      },
      "ResponseBody": "{\r\n  \"value\": [\r\n    {\r\n      \"id\": \"/subscriptions/259fbb24-9bcd-4cfc-865c-fc33b22fe38a/resourceGroups/CosmosDBResourceGroup3668/providers/Microsoft.DocumentDB/databaseAccounts/db4096/gremlinDatabases/databaseName1002/graphs/gremlinGraphName1002\",\r\n      \"type\": \"Microsoft.DocumentDB/databaseAccounts/gremlinDatabases/graphs\",\r\n      \"name\": \"gremlinGraphName1002\",\r\n      \"properties\": {\r\n        \"resource\": {\r\n          \"id\": \"gremlinGraphName1002\",\r\n          \"indexingPolicy\": {\r\n            \"indexingMode\": \"consistent\",\r\n            \"automatic\": true,\r\n            \"includedPaths\": [\r\n              {\r\n                \"path\": \"/*\"\r\n              }\r\n            ],\r\n            \"excludedPaths\": [\r\n              {\r\n                \"path\": \"/pathToNotIndex/*\"\r\n              },\r\n              {\r\n                \"path\": \"/\\\"_etag\\\"/?\"\r\n              }\r\n            ],\r\n            \"compositeIndexes\": [\r\n              [\r\n                {\r\n                  \"path\": \"/orderByPath1\",\r\n                  \"order\": \"ascending\"\r\n                },\r\n                {\r\n                  \"path\": \"/orderByPath2\",\r\n                  \"order\": \"descending\"\r\n                }\r\n              ],\r\n              [\r\n                {\r\n                  \"path\": \"/orderByPath3\",\r\n                  \"order\": \"ascending\"\r\n                },\r\n                {\r\n                  \"path\": \"/orderByPath4\",\r\n                  \"order\": \"descending\"\r\n                }\r\n              ]\r\n            ]\r\n          },\r\n          \"partitionKey\": {\r\n            \"paths\": [\r\n              \"/address\"\r\n            ],\r\n            \"kind\": \"Hash\"\r\n          },\r\n          \"defaultTtl\": -1,\r\n          \"uniqueKeyPolicy\": {\r\n            \"uniqueKeys\": []\r\n          },\r\n          \"conflictResolutionPolicy\": {\r\n            \"mode\": \"LastWriterWins\",\r\n            \"conflictResolutionPath\": \"/_ts\",\r\n            \"conflictResolutionProcedure\": \"\"\r\n          },\r\n          \"allowMaterializedViews\": false,\r\n          \"geospatialConfig\": {\r\n            \"type\": \"Geography\"\r\n          },\r\n          \"_rid\": \"sYJ4AKedDrc=\",\r\n          \"_ts\": 1623786247,\r\n          \"_self\": \"dbs/sYJ4AA==/colls/sYJ4AKedDrc=/\",\r\n          \"_etag\": \"\\\"00001306-0000-0200-0000-60c903070000\\\"\",\r\n          \"_docs\": \"docs/\",\r\n          \"_sprocs\": \"sprocs/\",\r\n          \"_triggers\": \"triggers/\",\r\n          \"_udfs\": \"udfs/\",\r\n          \"_conflicts\": \"conflicts/\"\r\n        }\r\n      }\r\n    }\r\n  ]\r\n}",
      "StatusCode": 200
    }
  ],
  "Names": {},
  "Variables": {
    "SubscriptionId": "259fbb24-9bcd-4cfc-865c-fc33b22fe38a"
  }
}