{
  "Entries": [
    {
      "RequestUri": "https://pakrym-azconfig-ui.azconfig.io/kv/key-314090486?label=test_label",
      "RequestMethod": "PUT",
      "RequestHeaders": {
        "Accept": "application/vnd.microsoft.appconfig.kv\u002bjson",
        "Authorization": "Sanitized",
        "Content-Type": "application/json",
        "Date": "Tue, 21 May 2019 17:16:13 GMT",
        "If-None-Match": "*",
        "User-Agent": [
          "azsdk-net-config/1.0.0.0",
          "(.NET Core 4.6.27617.04; Microsoft Windows 10.0.16299 )"
        ],
        "x-ms-client-request-id": "08a9a5eac4a7c6e4a035e4bc2a93985f",
        "x-ms-content-sha256": "b11OQu6GthUatwGXUIKHHSRVyik0TdrUk5kZm3yZd2A=",
        "x-ms-return-client-request-id": "true"
      },
      "RequestBody": {
        "value": "test_value",
        "content_type": "test_content_type",
        "tags": {
          "tag1": "value1",
          "tag2": "value2"
        }
      },
      "StatusCode": 200,
      "ResponseHeaders": {
        "Connection": "keep-alive",
        "Content-Type": "application/vnd.microsoft.appconfig.kv\u002bjson; charset=utf-8",
        "Date": "Tue, 21 May 2019 17:16:13 GMT",
        "ETag": "\u0022fvtDYwVEFHREgKUCg92j8zOv0YL\u0022",
        "Last-Modified": "Tue, 21 May 2019 17:16:14 GMT",
        "Server": "nginx/1.13.9",
        "Strict-Transport-Security": "max-age=15724800; includeSubDomains;",
        "Sync-Token": "zAJw6V16=NDotMSMxOTY2NTg=;sn=196658",
        "Transfer-Encoding": "chunked",
        "x-ms-client-request-id": "08a9a5eac4a7c6e4a035e4bc2a93985f",
        "x-ms-correlation-request-id": "9f631f70-23b3-4768-b57f-dbffbfb216d1",
        "x-ms-request-id": "9f631f70-23b3-4768-b57f-dbffbfb216d1"
      },
      "ResponseBody": {
        "etag": "fvtDYwVEFHREgKUCg92j8zOv0YL",
        "key": "key-314090486",
        "label": "test_label",
        "content_type": "test_content_type",
        "value": "test_value",
        "tags": {
          "tag1": "value1",
          "tag2": "value2"
        },
        "locked": false,
        "last_modified": "2019-05-21T17:16:14\u002b00:00"
      }
    },
    {
      "RequestUri": "https://pakrym-azconfig-ui.azconfig.io/kv/key-314090486?label=test_label",
      "RequestMethod": "PUT",
      "RequestHeaders": {
        "Accept": "application/vnd.microsoft.appconfig.kv\u002bjson",
        "Authorization": "Sanitized",
        "Content-Type": "application/json",
        "Date": "Tue, 21 May 2019 17:16:13 GMT",
        "If-None-Match": "*",
        "User-Agent": [
          "azsdk-net-config/1.0.0.0",
          "(.NET Core 4.6.27617.04; Microsoft Windows 10.0.16299 )"
        ],
        "x-ms-client-request-id": "0edf752ddf45b6dd19639ea185f3f575",
        "x-ms-content-sha256": "b11OQu6GthUatwGXUIKHHSRVyik0TdrUk5kZm3yZd2A=",
        "x-ms-return-client-request-id": "true"
      },
      "RequestBody": {
        "value": "test_value",
        "content_type": "test_content_type",
        "tags": {
          "tag1": "value1",
          "tag2": "value2"
        }
      },
      "StatusCode": 412,
      "ResponseHeaders": {
        "Connection": "keep-alive",
        "Content-Length": "0",
        "Date": "Tue, 21 May 2019 17:16:13 GMT",
        "Server": "nginx/1.13.9",
        "Strict-Transport-Security": "max-age=15724800; includeSubDomains;",
        "x-ms-client-request-id": "0edf752ddf45b6dd19639ea185f3f575",
        "x-ms-correlation-request-id": "cd1b8524-57d3-4de5-ac98-f20509176f31",
        "x-ms-request-id": "cd1b8524-57d3-4de5-ac98-f20509176f31"
      },
      "ResponseBody": null
    },
    {
      "RequestUri": "https://pakrym-azconfig-ui.azconfig.io/kv/key-314090486?label=test_label",
      "RequestMethod": "DELETE",
      "RequestHeaders": {
        "Authorization": "Sanitized",
        "Date": "Tue, 21 May 2019 17:16:13 GMT",
        "User-Agent": [
          "azsdk-net-config/1.0.0.0",
          "(.NET Core 4.6.27617.04; Microsoft Windows 10.0.16299 )"
        ],
        "x-ms-client-request-id": "d6e35edfd2036d208de22d2e305231c3",
        "x-ms-content-sha256": "47DEQpj8HBSa\u002b/TImW\u002b5JCeuQeRkm5NMpJWZG3hSuFU=",
        "x-ms-return-client-request-id": "true"
      },
      "RequestBody": null,
      "StatusCode": 200,
      "ResponseHeaders": {
        "Connection": "keep-alive",
        "Content-Type": "application/vnd.microsoft.appconfig.kv\u002bjson; charset=utf-8",
        "Date": "Tue, 21 May 2019 17:16:13 GMT",
        "ETag": "\u0022fvtDYwVEFHREgKUCg92j8zOv0YL\u0022",
        "Last-Modified": "Tue, 21 May 2019 17:16:14 GMT",
        "Server": "nginx/1.13.9",
        "Strict-Transport-Security": "max-age=15724800; includeSubDomains;",
        "Sync-Token": "zAJw6V16=NDotMSMxOTY2NTk=;sn=196659",
        "Transfer-Encoding": "chunked",
        "x-ms-client-request-id": "d6e35edfd2036d208de22d2e305231c3",
        "x-ms-correlation-request-id": "61c4a105-fe6f-4bd9-9e98-9db98d1076f1",
        "x-ms-request-id": "61c4a105-fe6f-4bd9-9e98-9db98d1076f1"
      },
      "ResponseBody": {
        "etag": "fvtDYwVEFHREgKUCg92j8zOv0YL",
        "key": "key-314090486",
        "label": "test_label",
        "content_type": "test_content_type",
        "value": "test_value",
        "tags": {
          "tag1": "value1",
          "tag2": "value2"
        },
        "locked": false,
        "last_modified": "2019-05-21T17:16:14\u002b00:00"
      }
    }
  ],
  "Variables": {
    "APP_CONFIG_CONNECTION": "Endpoint=https://pakrym-azconfig-ui.azconfig.io;Id=0-l1-s0:h5pHKElA5IjSL3z\u002bFOYz;Secret=;",
    "RandomSeed": "38241668"
  }
}