{
  "Entries": [
    {
      "RequestUri": "https://pakrym-azconfig-ui.azconfig.io/kv/key-1068237825?label=test_label",
      "RequestMethod": "PUT",
      "RequestHeaders": {
        "Accept": "application/vnd.microsoft.appconfig.kv\u002bjson",
        "Authorization": "Sanitized",
        "Content-Type": "application/json",
        "Date": "Tue, 21 May 2019 17:32:28 GMT",
        "If-None-Match": "*",
        "User-Agent": [
          "azsdk-net-config/1.0.0.0",
          "(.NET Core 4.6.27617.04; Microsoft Windows 10.0.16299 )"
        ],
        "x-ms-client-request-id": "f16de15eb1f2478408b6dfa0275c981b",
        "x-ms-content-sha256": "b11OQu6GthUatwGXUIKHHSRVyik0TdrUk5kZm3yZd2A=",
        "x-ms-return-client-request-id": "true"
      },
      "RequestBody": {
        "value": "test_value",
        "content_type": "test_content_type",
        "tags": {
          "tag1": "value1",
          "tag2": "value2"
        }
      },
      "StatusCode": 200,
      "ResponseHeaders": {
        "Connection": "keep-alive",
        "Content-Type": "application/vnd.microsoft.appconfig.kv\u002bjson; charset=utf-8",
        "Date": "Tue, 21 May 2019 17:32:28 GMT",
        "ETag": "\u0022hvmSWLSQ50ozhSSoxOmgPpGHdMa\u0022",
        "Last-Modified": "Tue, 21 May 2019 17:32:28 GMT",
        "Server": "nginx/1.13.9",
        "Strict-Transport-Security": "max-age=15724800; includeSubDomains;",
        "Sync-Token": "zAJw6V16=NDotMSMxOTc3MDg=;sn=197708",
        "Transfer-Encoding": "chunked",
        "x-ms-client-request-id": "f16de15eb1f2478408b6dfa0275c981b",
        "x-ms-correlation-request-id": "e090c3bf-a5be-492b-902c-59002b93e0af",
        "x-ms-request-id": "e090c3bf-a5be-492b-902c-59002b93e0af"
      },
      "ResponseBody": {
        "etag": "hvmSWLSQ50ozhSSoxOmgPpGHdMa",
        "key": "key-1068237825",
        "label": "test_label",
        "content_type": "test_content_type",
        "value": "test_value",
        "tags": {
          "tag1": "value1",
          "tag2": "value2"
        },
        "locked": false,
        "last_modified": "2019-05-21T17:32:28\u002b00:00"
      }
    },
    {
      "RequestUri": "https://pakrym-azconfig-ui.azconfig.io/kv/key-1068237825?label=test_label",
      "RequestMethod": "PUT",
      "RequestHeaders": {
        "Accept": "application/vnd.microsoft.appconfig.kv\u002bjson",
        "Authorization": "Sanitized",
        "Content-Type": "application/json",
        "Date": "Tue, 21 May 2019 17:32:28 GMT",
        "If-None-Match": "*",
        "User-Agent": [
          "azsdk-net-config/1.0.0.0",
          "(.NET Core 4.6.27617.04; Microsoft Windows 10.0.16299 )"
        ],
        "x-ms-client-request-id": "7da3e323d12a50be5444c374ca23148f",
        "x-ms-content-sha256": "b11OQu6GthUatwGXUIKHHSRVyik0TdrUk5kZm3yZd2A=",
        "x-ms-return-client-request-id": "true"
      },
      "RequestBody": {
        "value": "test_value",
        "content_type": "test_content_type",
        "tags": {
          "tag1": "value1",
          "tag2": "value2"
        }
      },
      "StatusCode": 412,
      "ResponseHeaders": {
        "Connection": "keep-alive",
        "Content-Length": "0",
        "Date": "Tue, 21 May 2019 17:32:28 GMT",
        "Server": "nginx/1.13.9",
        "Strict-Transport-Security": "max-age=15724800; includeSubDomains;",
        "x-ms-client-request-id": "7da3e323d12a50be5444c374ca23148f",
        "x-ms-correlation-request-id": "fa1b92c2-0981-4e1e-b889-6c3f24510df0",
        "x-ms-request-id": "fa1b92c2-0981-4e1e-b889-6c3f24510df0"
      },
      "ResponseBody": null
    },
    {
      "RequestUri": "https://pakrym-azconfig-ui.azconfig.io/kv/key-1068237825?label=test_label",
      "RequestMethod": "DELETE",
      "RequestHeaders": {
        "Authorization": "Sanitized",
        "Date": "Tue, 21 May 2019 17:32:28 GMT",
        "User-Agent": [
          "azsdk-net-config/1.0.0.0",
          "(.NET Core 4.6.27617.04; Microsoft Windows 10.0.16299 )"
        ],
        "x-ms-client-request-id": "fb6890a452738443ea8b3be2df6efe18",
        "x-ms-content-sha256": "47DEQpj8HBSa\u002b/TImW\u002b5JCeuQeRkm5NMpJWZG3hSuFU=",
        "x-ms-return-client-request-id": "true"
      },
      "RequestBody": null,
      "StatusCode": 200,
      "ResponseHeaders": {
        "Connection": "keep-alive",
        "Content-Type": "application/vnd.microsoft.appconfig.kv\u002bjson; charset=utf-8",
        "Date": "Tue, 21 May 2019 17:32:28 GMT",
        "ETag": "\u0022hvmSWLSQ50ozhSSoxOmgPpGHdMa\u0022",
        "Last-Modified": "Tue, 21 May 2019 17:32:28 GMT",
        "Server": "nginx/1.13.9",
        "Strict-Transport-Security": "max-age=15724800; includeSubDomains;",
        "Sync-Token": "zAJw6V16=NDotMSMxOTc3MDk=;sn=197709",
        "Transfer-Encoding": "chunked",
        "x-ms-client-request-id": "fb6890a452738443ea8b3be2df6efe18",
        "x-ms-correlation-request-id": "e085fdea-5c41-490c-94d6-901fe8831c4a",
        "x-ms-request-id": "e085fdea-5c41-490c-94d6-901fe8831c4a"
      },
      "ResponseBody": {
        "etag": "hvmSWLSQ50ozhSSoxOmgPpGHdMa",
        "key": "key-1068237825",
        "label": "test_label",
        "content_type": "test_content_type",
        "value": "test_value",
        "tags": {
          "tag1": "value1",
          "tag2": "value2"
        },
        "locked": false,
        "last_modified": "2019-05-21T17:32:28\u002b00:00"
      }
    }
  ],
  "Variables": {
    "APP_CONFIG_CONNECTION": "Endpoint=https://pakrym-azconfig-ui.azconfig.io;Id=0-l1-s0:h5pHKElA5IjSL3z\u002bFOYz;Secret=;",
    "RandomSeed": "82284255"
  }
}