{
  "Entries": [
    {
      "RequestUri": "https://azconfig.azconfig.io/kv/key-659627235?label=test_label",
      "RequestMethod": "PUT",
      "RequestHeaders": {
        "Accept": "application/vnd.microsoft.appconfig.kv\u002bjson",
        "Authorization": "Sanitized",
        "Content-Length": "98",
        "Content-Type": "application/json",
        "Date": "Mon, 17 Jun 2019 21:50:18 GMT",
        "User-Agent": [
          "azsdk-net-config/1.0.0.0",
          "(.NET Core 4.6.27617.04; Microsoft Windows 10.0.18362 )"
        ],
        "x-ms-client-request-id": "0353973f7559fdcf5dc43efc655e71cb",
        "x-ms-content-sha256": "b11OQu6GthUatwGXUIKHHSRVyik0TdrUk5kZm3yZd2A=",
        "x-ms-return-client-request-id": "true"
      },
      "RequestBody": {
        "value": "test_value",
        "content_type": "test_content_type",
        "tags": {
          "tag1": "value1",
          "tag2": "value2"
        }
      },
      "StatusCode": 200,
      "ResponseHeaders": {
        "Access-Control-Allow-Credentials": "true",
        "Access-Control-Allow-Headers": "DNT, X-CustomHeader, Keep-Alive, User-Agent, X-Requested-With, If-Modified-Since, Cache-Control, Content-Type, Authorization, x-ms-client-request-id, x-ms-content-sha256, x-ms-date, host, Accept, Accept-Datetime, Date, If-Match, If-None-Match, Sync-Token, x-ms-return-client-request-id, ETag, Last-Modified, Link, Memento-Datetime, x-ms-retry-after, x-ms-request-id, WWW-Authenticate",
        "Access-Control-Allow-Methods": "GET, PUT, POST, DELETE, PATCH, OPTIONS",
        "Access-Control-Allow-Origin": "*",
        "Connection": "keep-alive",
        "Content-Type": "application/vnd.microsoft.appconfig.kv\u002bjson; charset=utf-8",
        "Date": "Mon, 17 Jun 2019 21:50:18 GMT",
        "ETag": "\u0022kHPexdX39jXUdcVO0j2ndOV2vOB\u0022",
        "Last-Modified": "Mon, 17 Jun 2019 21:50:18 GMT",
        "Server": "nginx/1.13.12",
        "Strict-Transport-Security": "max-age=15724800; includeSubDomains",
        "Sync-Token": "zAJw6V16=MjotMSMzNjc3MDA=;sn=367700",
        "Transfer-Encoding": "chunked",
        "x-ms-client-request-id": "0353973f7559fdcf5dc43efc655e71cb",
        "x-ms-correlation-request-id": "be8cf556-ca05-4a0c-bc32-7a00552d8455",
        "x-ms-request-id": "be8cf556-ca05-4a0c-bc32-7a00552d8455"
      },
      "ResponseBody": {
        "etag": "kHPexdX39jXUdcVO0j2ndOV2vOB",
        "key": "key-659627235",
        "label": "test_label",
        "content_type": "test_content_type",
        "value": "test_value",
        "tags": {
          "tag1": "value1",
          "tag2": "value2"
        },
        "locked": false,
        "last_modified": "2019-06-17T21:50:18\u002b00:00"
      }
    },
    {
      "RequestUri": "https://azconfig.azconfig.io/kv/key-659627235?label=test_label",
      "RequestMethod": "GET",
      "RequestHeaders": {
        "Accept": "application/vnd.microsoft.appconfig.kv\u002bjson",
        "Authorization": "Sanitized",
        "Content-Type": "application/json",
        "Date": "Mon, 17 Jun 2019 21:50:18 GMT",
        "User-Agent": [
          "azsdk-net-config/1.0.0.0",
          "(.NET Core 4.6.27617.04; Microsoft Windows 10.0.18362 )"
        ],
        "x-ms-client-request-id": "d33011653c06f50cef9cc58c79035bf7",
        "x-ms-content-sha256": "47DEQpj8HBSa\u002b/TImW\u002b5JCeuQeRkm5NMpJWZG3hSuFU=",
        "x-ms-return-client-request-id": "true"
      },
      "RequestBody": null,
      "StatusCode": 200,
      "ResponseHeaders": {
        "Access-Control-Allow-Credentials": "true",
        "Access-Control-Allow-Headers": "DNT, X-CustomHeader, Keep-Alive, User-Agent, X-Requested-With, If-Modified-Since, Cache-Control, Content-Type, Authorization, x-ms-client-request-id, x-ms-content-sha256, x-ms-date, host, Accept, Accept-Datetime, Date, If-Match, If-None-Match, Sync-Token, x-ms-return-client-request-id, ETag, Last-Modified, Link, Memento-Datetime, x-ms-retry-after, x-ms-request-id, WWW-Authenticate",
        "Access-Control-Allow-Methods": "GET, PUT, POST, DELETE, PATCH, OPTIONS",
        "Access-Control-Allow-Origin": "*",
        "Connection": "keep-alive",
        "Content-Type": "application/vnd.microsoft.appconfig.kv\u002bjson; charset=utf-8",
        "Date": "Mon, 17 Jun 2019 21:50:18 GMT",
        "ETag": "\u0022kHPexdX39jXUdcVO0j2ndOV2vOB\u0022",
        "Last-Modified": "Mon, 17 Jun 2019 21:50:18 GMT",
        "Server": "nginx/1.13.12",
        "Strict-Transport-Security": "max-age=15724800; includeSubDomains",
        "Sync-Token": "zAJw6V16=MjotMSMzNjc3MDA=;sn=367700",
        "Transfer-Encoding": "chunked",
        "x-ms-client-request-id": "d33011653c06f50cef9cc58c79035bf7",
        "x-ms-correlation-request-id": "3e779f5d-bafd-4552-bb75-a6af122ebd26",
        "x-ms-request-id": "3e779f5d-bafd-4552-bb75-a6af122ebd26"
      },
      "ResponseBody": {
        "etag": "kHPexdX39jXUdcVO0j2ndOV2vOB",
        "key": "key-659627235",
        "label": "test_label",
        "content_type": "test_content_type",
        "value": "test_value",
        "tags": {
          "tag1": "value1",
          "tag2": "value2"
        },
        "locked": false,
        "last_modified": "2019-06-17T21:50:18\u002b00:00"
      }
    },
    {
      "RequestUri": "https://azconfig.azconfig.io/kv/key-659627235?label=test_label",
      "RequestMethod": "DELETE",
      "RequestHeaders": {
        "Authorization": "Sanitized",
        "Date": "Mon, 17 Jun 2019 21:50:18 GMT",
        "If-Match": "\u0022kHPexdX39jXUdcVO0j2ndOV2vOB\u0022",
        "User-Agent": [
          "azsdk-net-config/1.0.0.0",
          "(.NET Core 4.6.27617.04; Microsoft Windows 10.0.18362 )"
        ],
        "x-ms-client-request-id": "b927d90fa4a4119ea12d029009c5f9d4",
        "x-ms-content-sha256": "47DEQpj8HBSa\u002b/TImW\u002b5JCeuQeRkm5NMpJWZG3hSuFU=",
        "x-ms-return-client-request-id": "true"
      },
      "RequestBody": null,
      "StatusCode": 200,
      "ResponseHeaders": {
        "Access-Control-Allow-Credentials": "true",
        "Access-Control-Allow-Headers": "DNT, X-CustomHeader, Keep-Alive, User-Agent, X-Requested-With, If-Modified-Since, Cache-Control, Content-Type, Authorization, x-ms-client-request-id, x-ms-content-sha256, x-ms-date, host, Accept, Accept-Datetime, Date, If-Match, If-None-Match, Sync-Token, x-ms-return-client-request-id, ETag, Last-Modified, Link, Memento-Datetime, x-ms-retry-after, x-ms-request-id, WWW-Authenticate",
        "Access-Control-Allow-Methods": "GET, PUT, POST, DELETE, PATCH, OPTIONS",
        "Access-Control-Allow-Origin": "*",
        "Connection": "keep-alive",
        "Content-Type": "application/vnd.microsoft.appconfig.kv\u002bjson; charset=utf-8",
        "Date": "Mon, 17 Jun 2019 21:50:18 GMT",
        "ETag": "\u0022kHPexdX39jXUdcVO0j2ndOV2vOB\u0022",
        "Last-Modified": "Mon, 17 Jun 2019 21:50:18 GMT",
        "Server": "nginx/1.13.12",
        "Strict-Transport-Security": "max-age=15724800; includeSubDomains",
        "Sync-Token": "zAJw6V16=MjotMSMzNjc3MDE=;sn=367701",
        "Transfer-Encoding": "chunked",
        "x-ms-client-request-id": "b927d90fa4a4119ea12d029009c5f9d4",
        "x-ms-correlation-request-id": "89ec1b2b-221b-42af-90f1-4ccadf01428c",
        "x-ms-request-id": "89ec1b2b-221b-42af-90f1-4ccadf01428c"
      },
      "ResponseBody": {
        "etag": "kHPexdX39jXUdcVO0j2ndOV2vOB",
        "key": "key-659627235",
        "label": "test_label",
        "content_type": "test_content_type",
        "value": "test_value",
        "tags": {
          "tag1": "value1",
          "tag2": "value2"
        },
        "locked": false,
        "last_modified": "2019-06-17T21:50:18\u002b00:00"
      }
    },
    {
      "RequestUri": "https://azconfig.azconfig.io/kv/key-659627235?label=test_label",
      "RequestMethod": "GET",
      "RequestHeaders": {
        "Accept": "application/vnd.microsoft.appconfig.kv\u002bjson",
        "Authorization": "Sanitized",
        "Content-Type": "application/json",
        "Date": "Mon, 17 Jun 2019 21:50:18 GMT",
        "User-Agent": [
          "azsdk-net-config/1.0.0.0",
          "(.NET Core 4.6.27617.04; Microsoft Windows 10.0.18362 )"
        ],
        "x-ms-client-request-id": "fe5ff423528502dd8a5e14bdb042835a",
        "x-ms-content-sha256": "47DEQpj8HBSa\u002b/TImW\u002b5JCeuQeRkm5NMpJWZG3hSuFU=",
        "x-ms-return-client-request-id": "true"
      },
      "RequestBody": null,
      "StatusCode": 404,
      "ResponseHeaders": {
        "Access-Control-Allow-Credentials": "true",
        "Access-Control-Allow-Headers": "DNT, X-CustomHeader, Keep-Alive, User-Agent, X-Requested-With, If-Modified-Since, Cache-Control, Content-Type, Authorization, x-ms-client-request-id, x-ms-content-sha256, x-ms-date, host, Accept, Accept-Datetime, Date, If-Match, If-None-Match, Sync-Token, x-ms-return-client-request-id, ETag, Last-Modified, Link, Memento-Datetime, x-ms-retry-after, x-ms-request-id, WWW-Authenticate",
        "Access-Control-Allow-Methods": "GET, PUT, POST, DELETE, PATCH, OPTIONS",
        "Access-Control-Allow-Origin": "*",
        "Connection": "keep-alive",
        "Content-Length": "0",
        "Date": "Mon, 17 Jun 2019 21:50:18 GMT",
        "Server": "nginx/1.13.12",
        "Strict-Transport-Security": "max-age=15724800; includeSubDomains",
        "x-ms-client-request-id": "fe5ff423528502dd8a5e14bdb042835a",
        "x-ms-correlation-request-id": "527d1134-c549-4cad-b0e7-086203de7186",
        "x-ms-request-id": "527d1134-c549-4cad-b0e7-086203de7186"
      },
      "ResponseBody": null
    }
  ],
  "Variables": {
    "APP_CONFIG_CONNECTION": "Endpoint=https://azconfig.azconfig.io;Id=0-l1-s0:jmADmc8mWy/CEawzwEA1;Secret=;",
    "RandomSeed": "1050785928"
  }
}