{
  "Entries": [
    {
      "RequestUri": "https://pakrym-azconfig-ui.azconfig.io/kv/keyFields-881848492?label=my_label",
      "RequestMethod": "PUT",
      "RequestHeaders": {
        "Accept": "application/vnd.microsoft.appconfig.kv\u002bjson",
        "Authorization": "Sanitized",
        "Content-Type": "application/json",
        "Date": "Tue, 21 May 2019 17:16:12 GMT",
        "If-None-Match": "*",
        "User-Agent": [
          "azsdk-net-config/1.0.0.0",
          "(.NET Core 4.6.27617.04; Microsoft Windows 10.0.16299 )"
        ],
        "x-ms-client-request-id": "c2d73ddded16da8f8f48f97abb0746cc",
        "x-ms-content-sha256": "0OIR8m2PFBz/tLVzxJAua4RsVSufVwRNmaSLhMmyIDE=",
        "x-ms-return-client-request-id": "true"
      },
      "RequestBody": {
        "value": "my_value",
        "content_type": "",
        "tags": {}
      },
      "StatusCode": 200,
      "ResponseHeaders": {
        "Connection": "keep-alive",
        "Content-Type": "application/vnd.microsoft.appconfig.kv\u002bjson; charset=utf-8",
        "Date": "Tue, 21 May 2019 17:16:11 GMT",
        "ETag": "\u00224f8DtrKIfeHcccRLUmo6K7NRzgX\u0022",
        "Last-Modified": "Tue, 21 May 2019 17:16:12 GMT",
        "Server": "nginx/1.13.9",
        "Strict-Transport-Security": "max-age=15724800; includeSubDomains;",
        "Sync-Token": "zAJw6V16=NDotMSMxOTY2MTg=;sn=196618",
        "Transfer-Encoding": "chunked",
        "x-ms-client-request-id": "c2d73ddded16da8f8f48f97abb0746cc",
        "x-ms-correlation-request-id": "9c371669-d33a-4d8e-b08e-1068017f9124",
        "x-ms-request-id": "9c371669-d33a-4d8e-b08e-1068017f9124"
      },
      "ResponseBody": {
        "etag": "4f8DtrKIfeHcccRLUmo6K7NRzgX",
        "key": "keyFields-881848492",
        "label": "my_label",
        "content_type": "",
        "value": "my_value",
        "tags": {},
        "locked": false,
        "last_modified": "2019-05-21T17:16:12\u002b00:00"
      }
    },
    {
      "RequestUri": "https://pakrym-azconfig-ui.azconfig.io/kv/?key=keyFields-881848492\u0026$select=key, label, etag",
      "RequestMethod": "GET",
      "RequestHeaders": {
        "Accept": "application/vnd.microsoft.appconfig.kv\u002bjson",
        "Authorization": "Sanitized",
        "Date": "Tue, 21 May 2019 17:16:12 GMT",
        "User-Agent": [
          "azsdk-net-config/1.0.0.0",
          "(.NET Core 4.6.27617.04; Microsoft Windows 10.0.16299 )"
        ],
        "x-ms-client-request-id": "b03496fa90d899008fd96f430f470488",
        "x-ms-content-sha256": "47DEQpj8HBSa\u002b/TImW\u002b5JCeuQeRkm5NMpJWZG3hSuFU=",
        "x-ms-return-client-request-id": "true"
      },
      "RequestBody": null,
      "StatusCode": 200,
      "ResponseHeaders": {
        "Connection": "keep-alive",
        "Content-Type": "application/vnd.microsoft.appconfig.kvset\u002bjson; charset=utf-8",
        "Date": "Tue, 21 May 2019 17:16:12 GMT",
        "Server": "nginx/1.13.9",
        "Strict-Transport-Security": "max-age=15724800; includeSubDomains;",
        "Sync-Token": "zAJw6V16=NDotMSMxOTY2MTg=;sn=196618",
        "Transfer-Encoding": "chunked",
        "x-ms-client-request-id": "b03496fa90d899008fd96f430f470488",
        "x-ms-correlation-request-id": "734916f4-858d-41cf-800e-5b6b40dae798",
        "x-ms-request-id": "734916f4-858d-41cf-800e-5b6b40dae798"
      },
      "ResponseBody": {
        "items": [
          {
            "etag": "4f8DtrKIfeHcccRLUmo6K7NRzgX",
            "key": "keyFields-881848492",
            "label": "my_label"
          }
        ]
      }
    },
    {
      "RequestUri": "https://pakrym-azconfig-ui.azconfig.io/kv/keyFields-881848492?label=my_label",
      "RequestMethod": "DELETE",
      "RequestHeaders": {
        "Authorization": "Sanitized",
        "Date": "Tue, 21 May 2019 17:16:12 GMT",
        "User-Agent": [
          "azsdk-net-config/1.0.0.0",
          "(.NET Core 4.6.27617.04; Microsoft Windows 10.0.16299 )"
        ],
        "x-ms-client-request-id": "a5039c95e58ce3bad1e94eae067fe3c7",
        "x-ms-content-sha256": "47DEQpj8HBSa\u002b/TImW\u002b5JCeuQeRkm5NMpJWZG3hSuFU=",
        "x-ms-return-client-request-id": "true"
      },
      "RequestBody": null,
      "StatusCode": 200,
      "ResponseHeaders": {
        "Connection": "keep-alive",
        "Content-Type": "application/vnd.microsoft.appconfig.kv\u002bjson; charset=utf-8",
        "Date": "Tue, 21 May 2019 17:16:12 GMT",
        "ETag": "\u00224f8DtrKIfeHcccRLUmo6K7NRzgX\u0022",
        "Last-Modified": "Tue, 21 May 2019 17:16:12 GMT",
        "Server": "nginx/1.13.9",
        "Strict-Transport-Security": "max-age=15724800; includeSubDomains;",
        "Sync-Token": "zAJw6V16=NDotMSMxOTY2MTk=;sn=196619",
        "Transfer-Encoding": "chunked",
        "x-ms-client-request-id": "a5039c95e58ce3bad1e94eae067fe3c7",
        "x-ms-correlation-request-id": "fe6a4304-4dd6-4772-9731-3e60c5d15479",
        "x-ms-request-id": "fe6a4304-4dd6-4772-9731-3e60c5d15479"
      },
      "ResponseBody": {
        "etag": "4f8DtrKIfeHcccRLUmo6K7NRzgX",
        "key": "keyFields-881848492",
        "label": "my_label",
        "content_type": "",
        "value": "my_value",
        "tags": {},
        "locked": false,
        "last_modified": "2019-05-21T17:16:12\u002b00:00"
      }
    }
  ],
  "Variables": {
    "APP_CONFIG_CONNECTION": "Endpoint=https://pakrym-azconfig-ui.azconfig.io;Id=0-l1-s0:h5pHKElA5IjSL3z\u002bFOYz;Secret=;",
    "RandomSeed": "1986620268"
  }
}