{
  "Entries": [
    {
      "RequestUri": "https://pakrym-azconfig-ui.azconfig.io/kv/key-582040163",
      "RequestMethod": "PUT",
      "RequestHeaders": {
        "Accept": "application/vnd.microsoft.appconfig.kv\u002bjson",
        "Authorization": "Sanitized",
        "Content-Type": "application/json",
        "Date": "Tue, 21 May 2019 17:32:30 GMT",
        "User-Agent": [
          "azsdk-net-config/1.0.0.0",
          "(.NET Core 4.6.27617.04; Microsoft Windows 10.0.16299 )"
        ],
        "x-ms-client-request-id": "08d595b6abfc7855118b1b9b58aec62f",
        "x-ms-content-sha256": "b11OQu6GthUatwGXUIKHHSRVyik0TdrUk5kZm3yZd2A=",
        "x-ms-return-client-request-id": "true"
      },
      "RequestBody": {
        "value": "test_value",
        "content_type": "test_content_type",
        "tags": {
          "tag1": "value1",
          "tag2": "value2"
        }
      },
      "StatusCode": 200,
      "ResponseHeaders": {
        "Connection": "keep-alive",
        "Content-Type": "application/vnd.microsoft.appconfig.kv\u002bjson; charset=utf-8",
        "Date": "Tue, 21 May 2019 17:32:30 GMT",
        "ETag": "\u0022orxzH6wFyOiJYfWjIIxUlNbUPWP\u0022",
        "Last-Modified": "Tue, 21 May 2019 17:32:31 GMT",
        "Server": "nginx/1.13.9",
        "Strict-Transport-Security": "max-age=15724800; includeSubDomains;",
        "Sync-Token": "zAJw6V16=NDotMSMxOTc3NDY=;sn=197746",
        "Transfer-Encoding": "chunked",
        "x-ms-client-request-id": "08d595b6abfc7855118b1b9b58aec62f",
        "x-ms-correlation-request-id": "d4aad1aa-4664-48c9-b384-5f5326c46d5d",
        "x-ms-request-id": "d4aad1aa-4664-48c9-b384-5f5326c46d5d"
      },
      "ResponseBody": {
        "etag": "orxzH6wFyOiJYfWjIIxUlNbUPWP",
        "key": "key-582040163",
        "label": null,
        "content_type": "test_content_type",
        "value": "test_value",
        "tags": {
          "tag1": "value1",
          "tag2": "value2"
        },
        "locked": false,
        "last_modified": "2019-05-21T17:32:31\u002b00:00"
      }
    },
    {
      "RequestUri": "https://pakrym-azconfig-ui.azconfig.io/kv/key-582040163",
      "RequestMethod": "GET",
      "RequestHeaders": {
        "Accept": "application/vnd.microsoft.appconfig.kv\u002bjson",
        "Authorization": "Sanitized",
        "Content-Type": "application/json",
        "Date": "Tue, 21 May 2019 17:32:30 GMT",
        "User-Agent": [
          "azsdk-net-config/1.0.0.0",
          "(.NET Core 4.6.27617.04; Microsoft Windows 10.0.16299 )"
        ],
        "x-ms-client-request-id": "a0c28c64cf4b1d85d4347f6d20073998",
        "x-ms-content-sha256": "47DEQpj8HBSa\u002b/TImW\u002b5JCeuQeRkm5NMpJWZG3hSuFU=",
        "x-ms-return-client-request-id": "true"
      },
      "RequestBody": null,
      "StatusCode": 200,
      "ResponseHeaders": {
        "Connection": "keep-alive",
        "Content-Type": "application/vnd.microsoft.appconfig.kv\u002bjson; charset=utf-8",
        "Date": "Tue, 21 May 2019 17:32:30 GMT",
        "ETag": "\u0022orxzH6wFyOiJYfWjIIxUlNbUPWP\u0022",
        "Last-Modified": "Tue, 21 May 2019 17:32:31 GMT",
        "Server": "nginx/1.13.9",
        "Strict-Transport-Security": "max-age=15724800; includeSubDomains;",
        "Sync-Token": "zAJw6V16=NDotMSMxOTc3NDY=;sn=197746",
        "Transfer-Encoding": "chunked",
        "x-ms-client-request-id": "a0c28c64cf4b1d85d4347f6d20073998",
        "x-ms-correlation-request-id": "c98c354e-6a04-429e-a790-50f0f5d4ea01",
        "x-ms-request-id": "c98c354e-6a04-429e-a790-50f0f5d4ea01"
      },
      "ResponseBody": {
        "etag": "orxzH6wFyOiJYfWjIIxUlNbUPWP",
        "key": "key-582040163",
        "label": null,
        "content_type": "test_content_type",
        "value": "test_value",
        "tags": {
          "tag1": "value1",
          "tag2": "value2"
        },
        "locked": false,
        "last_modified": "2019-05-21T17:32:31\u002b00:00"
      }
    },
    {
      "RequestUri": "https://pakrym-azconfig-ui.azconfig.io/kv/key-582040163",
      "RequestMethod": "DELETE",
      "RequestHeaders": {
        "Authorization": "Sanitized",
        "Date": "Tue, 21 May 2019 17:32:30 GMT",
        "User-Agent": [
          "azsdk-net-config/1.0.0.0",
          "(.NET Core 4.6.27617.04; Microsoft Windows 10.0.16299 )"
        ],
        "x-ms-client-request-id": "7e83067d383dfc46a96b8e5e16053e10",
        "x-ms-content-sha256": "47DEQpj8HBSa\u002b/TImW\u002b5JCeuQeRkm5NMpJWZG3hSuFU=",
        "x-ms-return-client-request-id": "true"
      },
      "RequestBody": null,
      "StatusCode": 200,
      "ResponseHeaders": {
        "Connection": "keep-alive",
        "Content-Type": "application/vnd.microsoft.appconfig.kv\u002bjson; charset=utf-8",
        "Date": "Tue, 21 May 2019 17:32:30 GMT",
        "ETag": "\u0022orxzH6wFyOiJYfWjIIxUlNbUPWP\u0022",
        "Last-Modified": "Tue, 21 May 2019 17:32:31 GMT",
        "Server": "nginx/1.13.9",
        "Strict-Transport-Security": "max-age=15724800; includeSubDomains;",
        "Sync-Token": "zAJw6V16=NDotMSMxOTc3NDc=;sn=197747",
        "Transfer-Encoding": "chunked",
        "x-ms-client-request-id": "7e83067d383dfc46a96b8e5e16053e10",
        "x-ms-correlation-request-id": "93343184-cfa9-45ae-8c5c-87f44f393d37",
        "x-ms-request-id": "93343184-cfa9-45ae-8c5c-87f44f393d37"
      },
      "ResponseBody": {
        "etag": "orxzH6wFyOiJYfWjIIxUlNbUPWP",
        "key": "key-582040163",
        "label": null,
        "content_type": "test_content_type",
        "value": "test_value",
        "tags": {
          "tag1": "value1",
          "tag2": "value2"
        },
        "locked": false,
        "last_modified": "2019-05-21T17:32:31\u002b00:00"
      }
    }
  ],
  "Variables": {
    "APP_CONFIG_CONNECTION": "Endpoint=https://pakrym-azconfig-ui.azconfig.io;Id=0-l1-s0:h5pHKElA5IjSL3z\u002bFOYz;Secret=;",
    "RandomSeed": "805160137"
  }
}