{
  "Entries": [
    {
      "RequestUri": "https://azconfig.azconfig.io/kv/key-1156008947?label=test_label",
      "RequestMethod": "PUT",
      "RequestHeaders": {
        "Accept": "application/vnd.microsoft.appconfig.kv\u002bjson",
        "Authorization": "Sanitized",
        "Content-Length": "98",
        "Content-Type": "application/json",
        "Date": "Mon, 17 Jun 2019 21:50:24 GMT",
        "If-None-Match": "*",
        "User-Agent": [
          "azsdk-net-config/1.0.0.0",
          "(.NET Core 4.6.27617.04; Microsoft Windows 10.0.18362 )"
        ],
        "x-ms-client-request-id": "2b8a4db4d922c10405a677caa449c6c6",
        "x-ms-content-sha256": "b11OQu6GthUatwGXUIKHHSRVyik0TdrUk5kZm3yZd2A=",
        "x-ms-return-client-request-id": "true"
      },
      "RequestBody": {
        "value": "test_value",
        "content_type": "test_content_type",
        "tags": {
          "tag1": "value1",
          "tag2": "value2"
        }
      },
      "StatusCode": 200,
      "ResponseHeaders": {
        "Access-Control-Allow-Credentials": "true",
        "Access-Control-Allow-Headers": "DNT, X-CustomHeader, Keep-Alive, User-Agent, X-Requested-With, If-Modified-Since, Cache-Control, Content-Type, Authorization, x-ms-client-request-id, x-ms-content-sha256, x-ms-date, host, Accept, Accept-Datetime, Date, If-Match, If-None-Match, Sync-Token, x-ms-return-client-request-id, ETag, Last-Modified, Link, Memento-Datetime, x-ms-retry-after, x-ms-request-id, WWW-Authenticate",
        "Access-Control-Allow-Methods": "GET, PUT, POST, DELETE, PATCH, OPTIONS",
        "Access-Control-Allow-Origin": "*",
        "Connection": "keep-alive",
        "Content-Type": "application/vnd.microsoft.appconfig.kv\u002bjson; charset=utf-8",
        "Date": "Mon, 17 Jun 2019 21:50:23 GMT",
        "ETag": "\u0022eGcMcHNvkprhTFpM7V2u5bONU0M\u0022",
        "Last-Modified": "Mon, 17 Jun 2019 21:50:24 GMT",
        "Server": "nginx/1.13.12",
        "Strict-Transport-Security": "max-age=15724800; includeSubDomains",
        "Sync-Token": "zAJw6V16=MjotMSMzNjc4MDI=;sn=367802",
        "Transfer-Encoding": "chunked",
        "x-ms-client-request-id": "2b8a4db4d922c10405a677caa449c6c6",
        "x-ms-correlation-request-id": "1713ca47-7f2a-4723-b319-2b619a8f88db",
        "x-ms-request-id": "1713ca47-7f2a-4723-b319-2b619a8f88db"
      },
      "ResponseBody": {
        "etag": "eGcMcHNvkprhTFpM7V2u5bONU0M",
        "key": "key-1156008947",
        "label": "test_label",
        "content_type": "test_content_type",
        "value": "test_value",
        "tags": {
          "tag1": "value1",
          "tag2": "value2"
        },
        "locked": false,
        "last_modified": "2019-06-17T21:50:24\u002b00:00"
      }
    },
    {
      "RequestUri": "https://azconfig.azconfig.io/kv/key-1156008947?label=test_label",
      "RequestMethod": "PUT",
      "RequestHeaders": {
        "Accept": "application/vnd.microsoft.appconfig.kv\u002bjson",
        "Authorization": "Sanitized",
        "Content-Length": "98",
        "Content-Type": "application/json",
        "Date": "Mon, 17 Jun 2019 21:50:24 GMT",
        "User-Agent": [
          "azsdk-net-config/1.0.0.0",
          "(.NET Core 4.6.27617.04; Microsoft Windows 10.0.18362 )"
        ],
        "x-ms-client-request-id": "923442048f7e6c29a08fb439d6c13cb2",
        "x-ms-content-sha256": "b11OQu6GthUatwGXUIKHHSRVyik0TdrUk5kZm3yZd2A=",
        "x-ms-return-client-request-id": "true"
      },
      "RequestBody": {
        "value": "test_value",
        "content_type": "test_content_type",
        "tags": {
          "tag1": "value1",
          "tag2": "value2"
        }
      },
      "StatusCode": 200,
      "ResponseHeaders": {
        "Access-Control-Allow-Credentials": "true",
        "Access-Control-Allow-Headers": "DNT, X-CustomHeader, Keep-Alive, User-Agent, X-Requested-With, If-Modified-Since, Cache-Control, Content-Type, Authorization, x-ms-client-request-id, x-ms-content-sha256, x-ms-date, host, Accept, Accept-Datetime, Date, If-Match, If-None-Match, Sync-Token, x-ms-return-client-request-id, ETag, Last-Modified, Link, Memento-Datetime, x-ms-retry-after, x-ms-request-id, WWW-Authenticate",
        "Access-Control-Allow-Methods": "GET, PUT, POST, DELETE, PATCH, OPTIONS",
        "Access-Control-Allow-Origin": "*",
        "Connection": "keep-alive",
        "Content-Type": "application/vnd.microsoft.appconfig.kv\u002bjson; charset=utf-8",
        "Date": "Mon, 17 Jun 2019 21:50:24 GMT",
        "ETag": "\u0022uqcXuBLLxXg8sbFX7HPpm21kw5b\u0022",
        "Last-Modified": "Mon, 17 Jun 2019 21:50:24 GMT",
        "Server": "nginx/1.13.12",
        "Strict-Transport-Security": "max-age=15724800; includeSubDomains",
        "Sync-Token": "zAJw6V16=MjotMSMzNjc4MDM=;sn=367803",
        "Transfer-Encoding": "chunked",
        "x-ms-client-request-id": "923442048f7e6c29a08fb439d6c13cb2",
        "x-ms-correlation-request-id": "93717af1-4b01-4a01-b2d7-ef641ae04057",
        "x-ms-request-id": "93717af1-4b01-4a01-b2d7-ef641ae04057"
      },
      "ResponseBody": {
        "etag": "uqcXuBLLxXg8sbFX7HPpm21kw5b",
        "key": "key-1156008947",
        "label": "test_label",
        "content_type": "test_content_type",
        "value": "test_value",
        "tags": {
          "tag1": "value1",
          "tag2": "value2"
        },
        "locked": false,
        "last_modified": "2019-06-17T21:50:24\u002b00:00"
      }
    },
    {
      "RequestUri": "https://azconfig.azconfig.io/kv/key-1156008947?label=test_label",
      "RequestMethod": "DELETE",
      "RequestHeaders": {
        "Authorization": "Sanitized",
        "Date": "Mon, 17 Jun 2019 21:50:24 GMT",
        "User-Agent": [
          "azsdk-net-config/1.0.0.0",
          "(.NET Core 4.6.27617.04; Microsoft Windows 10.0.18362 )"
        ],
        "x-ms-client-request-id": "0c11e28b5f8ee84999249b999da9e6bc",
        "x-ms-content-sha256": "47DEQpj8HBSa\u002b/TImW\u002b5JCeuQeRkm5NMpJWZG3hSuFU=",
        "x-ms-return-client-request-id": "true"
      },
      "RequestBody": null,
      "StatusCode": 200,
      "ResponseHeaders": {
        "Access-Control-Allow-Credentials": "true",
        "Access-Control-Allow-Headers": "DNT, X-CustomHeader, Keep-Alive, User-Agent, X-Requested-With, If-Modified-Since, Cache-Control, Content-Type, Authorization, x-ms-client-request-id, x-ms-content-sha256, x-ms-date, host, Accept, Accept-Datetime, Date, If-Match, If-None-Match, Sync-Token, x-ms-return-client-request-id, ETag, Last-Modified, Link, Memento-Datetime, x-ms-retry-after, x-ms-request-id, WWW-Authenticate",
        "Access-Control-Allow-Methods": "GET, PUT, POST, DELETE, PATCH, OPTIONS",
        "Access-Control-Allow-Origin": "*",
        "Connection": "keep-alive",
        "Content-Type": "application/vnd.microsoft.appconfig.kv\u002bjson; charset=utf-8",
        "Date": "Mon, 17 Jun 2019 21:50:24 GMT",
        "ETag": "\u0022uqcXuBLLxXg8sbFX7HPpm21kw5b\u0022",
        "Last-Modified": "Mon, 17 Jun 2019 21:50:24 GMT",
        "Server": "nginx/1.13.12",
        "Strict-Transport-Security": "max-age=15724800; includeSubDomains",
        "Sync-Token": "zAJw6V16=MjotMSMzNjc4MDQ=;sn=367804",
        "Transfer-Encoding": "chunked",
        "x-ms-client-request-id": "0c11e28b5f8ee84999249b999da9e6bc",
        "x-ms-correlation-request-id": "fd874e31-e945-4c19-a6a6-eefe7e0e3568",
        "x-ms-request-id": "fd874e31-e945-4c19-a6a6-eefe7e0e3568"
      },
      "ResponseBody": {
        "etag": "uqcXuBLLxXg8sbFX7HPpm21kw5b",
        "key": "key-1156008947",
        "label": "test_label",
        "content_type": "test_content_type",
        "value": "test_value",
        "tags": {
          "tag1": "value1",
          "tag2": "value2"
        },
        "locked": false,
        "last_modified": "2019-06-17T21:50:24\u002b00:00"
      }
    }
  ],
  "Variables": {
    "APP_CONFIG_CONNECTION": "Endpoint=https://azconfig.azconfig.io;Id=0-l1-s0:jmADmc8mWy/CEawzwEA1;Secret=;",
    "RandomSeed": "532201699"
  }
}