{
  "Entries": [
    {
      "RequestUri": "/Subscriptions/7b5644a8-2084-49a7-96f2-641f2c6f8c97/resourceGroups/RecoveryServices-WHNOWF6LI6NM4B55QDIYR3YG3YAEZNTDUOWHPQX7NJB2LHDGTXJA-West-US/providers/Microsoft.SiteRecoveryBVTD2/SiteRecoveryVault/hydratest/replicationFabrics?api-version=2015-11-10",
      "EncodedRequestUri": "L1N1YnNjcmlwdGlvbnMvN2I1NjQ0YTgtMjA4NC00OWE3LTk2ZjItNjQxZjJjNmY4Yzk3L3Jlc291cmNlR3JvdXBzL1JlY292ZXJ5U2VydmljZXMtV0hOT1dGNkxJNk5NNEI1NVFESVlSM1lHM1lBRVpOVERVT1dIUFFYN05KQjJMSERHVFhKQS1XZXN0LVVTL3Byb3ZpZGVycy9NaWNyb3NvZnQuU2l0ZVJlY292ZXJ5QlZURDIvU2l0ZVJlY292ZXJ5VmF1bHQvaHlkcmF0ZXN0L3JlcGxpY2F0aW9uRmFicmljcz9hcGktdmVyc2lvbj0yMDE1LTExLTEw",
      "RequestMethod": "GET",
      "RequestBody": "",
      "RequestHeaders": {
        "Accept-Language": [
          "en"
        ],
        "x-ms-client-request-id": [
          "bc74dbb2-d0ab-4f50-b246-d719ee67711c"
        ],
        "x-ms-version": [
          "2015-01-01"
        ],
        "User-Agent": [
          "Microsoft.Azure.Management.SiteRecovery.SiteRecoveryManagementClient/1.0.0.0"
        ]
      },
      "ResponseBody": "{\r\n  \"value\": [\r\n    {\r\n      \"name\": \"d1c6436f69e9f30593938429bb639dbaf7a207e8ff21faa29a3feb4ef1ebc4e1\",\r\n      \"type\": \"Microsoft.SiteRecoveryBVTD2/SiteRecoveryVault/replicationFabrics\",\r\n      \"id\": \"/Subscriptions/7b5644a8-2084-49a7-96f2-641f2c6f8c97/resourceGroups/RecoveryServices-WHNOWF6LI6NM4B55QDIYR3YG3YAEZNTDUOWHPQX7NJB2LHDGTXJA-West-US/providers/Microsoft.SiteRecoveryBVTD2/SiteRecoveryVault/hydratest/replicationFabrics/d1c6436f69e9f30593938429bb639dbaf7a207e8ff21faa29a3feb4ef1ebc4e1\",\r\n      \"properties\": {\r\n        \"friendlyName\": \"s1\",\r\n        \"encryptionDetails\": {\r\n          \"kekState\": \"None\",\r\n          \"kekCertThumbprint\": null\r\n        },\r\n        \"rolloverEncryptionDetails\": {\r\n          \"kekState\": \"None\",\r\n          \"kekCertThumbprint\": null\r\n        },\r\n        \"internalIdentifier\": \"3af182c9-31c7-4684-8f58-d793ef07def7\",\r\n        \"customDetails\": {\r\n          \"instanceType\": \"HyperVSite\"\r\n        }\r\n      }\r\n    }\r\n  ],\r\n  \"nextLink\": null\r\n}",
      "ResponseHeaders": {
        "Content-Length": [
          "758"
        ],
        "Content-Type": [
          "application/json"
        ],
        "Expires": [
          "-1"
        ],
        "Pragma": [
          "no-cache"
        ],
        "x-ms-request-id": [
          "bc74dbb2-d0ab-4f50-b246-d719ee67711c 3/17/2016 7:31:36 PM"
        ],
        "Strict-Transport-Security": [
          "max-age=31536000; includeSubDomains"
        ],
        "Cache-Control": [
          "no-cache"
        ],
        "Server": [
          "Microsoft-IIS/8.0",
          "Microsoft-IIS/8.0"
        ],
        "X-AspNet-Version": [
          "4.0.30319"
        ],
        "X-Powered-By": [
          "ASP.NET"
        ],
        "x-ms-client-request-id": [
          "bc74dbb2-d0ab-4f50-b246-d719ee67711c"
        ],
        "x-ms-ratelimit-remaining-subscription-reads": [
          "14945"
        ],
        "x-ms-correlation-request-id": [
          "b0be2985-cb55-4be5-a003-de87d8b1ff79"
        ],
        "x-ms-routing-request-id": [
          "CENTRALUS:20160317T193137Z:b0be2985-cb55-4be5-a003-de87d8b1ff79"
        ],
        "Date": [
          "Thu, 17 Mar 2016 19:31:36 GMT"
        ]
      },
      "StatusCode": 200
    },
    {
      "RequestUri": "/Subscriptions/7b5644a8-2084-49a7-96f2-641f2c6f8c97/resourceGroups/RecoveryServices-WHNOWF6LI6NM4B55QDIYR3YG3YAEZNTDUOWHPQX7NJB2LHDGTXJA-West-US/providers/Microsoft.SiteRecoveryBVTD2/SiteRecoveryVault/hydratest/replicationFabrics/d1c6436f69e9f30593938429bb639dbaf7a207e8ff21faa29a3feb4ef1ebc4e1/replicationProtectionContainers?api-version=2015-11-10",
      "EncodedRequestUri": "L1N1YnNjcmlwdGlvbnMvN2I1NjQ0YTgtMjA4NC00OWE3LTk2ZjItNjQxZjJjNmY4Yzk3L3Jlc291cmNlR3JvdXBzL1JlY292ZXJ5U2VydmljZXMtV0hOT1dGNkxJNk5NNEI1NVFESVlSM1lHM1lBRVpOVERVT1dIUFFYN05KQjJMSERHVFhKQS1XZXN0LVVTL3Byb3ZpZGVycy9NaWNyb3NvZnQuU2l0ZVJlY292ZXJ5QlZURDIvU2l0ZVJlY292ZXJ5VmF1bHQvaHlkcmF0ZXN0L3JlcGxpY2F0aW9uRmFicmljcy9kMWM2NDM2ZjY5ZTlmMzA1OTM5Mzg0MjliYjYzOWRiYWY3YTIwN2U4ZmYyMWZhYTI5YTNmZWI0ZWYxZWJjNGUxL3JlcGxpY2F0aW9uUHJvdGVjdGlvbkNvbnRhaW5lcnM/YXBpLXZlcnNpb249MjAxNS0xMS0xMA==",
      "RequestMethod": "GET",
      "RequestBody": "",
      "RequestHeaders": {
        "Accept-Language": [
          "en"
        ],
        "x-ms-client-request-id": [
          "bc74dbb2-d0ab-4f50-b246-d719ee67711c"
        ],
        "x-ms-version": [
          "2015-01-01"
        ],
        "User-Agent": [
          "Microsoft.Azure.Management.SiteRecovery.SiteRecoveryManagementClient/1.0.0.0"
        ]
      },
      "ResponseBody": "{\r\n  \"value\": [\r\n    {\r\n      \"id\": \"/Subscriptions/7b5644a8-2084-49a7-96f2-641f2c6f8c97/resourceGroups/RecoveryServices-WHNOWF6LI6NM4B55QDIYR3YG3YAEZNTDUOWHPQX7NJB2LHDGTXJA-West-US/providers/Microsoft.SiteRecoveryBVTD2/SiteRecoveryVault/hydratest/replicationFabrics/d1c6436f69e9f30593938429bb639dbaf7a207e8ff21faa29a3feb4ef1ebc4e1/replicationProtectionContainers/cloud_3af182c9-31c7-4684-8f58-d793ef07def7\",\r\n      \"name\": \"cloud_3af182c9-31c7-4684-8f58-d793ef07def7\",\r\n      \"type\": \"Microsoft.SiteRecoveryBVTD2/SiteRecoveryVault/replicationFabrics/replicationProtectionContainers\",\r\n      \"properties\": {\r\n        \"fabricFriendlyName\": \"s1\",\r\n        \"friendlyName\": \"s1\",\r\n        \"fabricType\": \"HyperVSite\",\r\n        \"protectedItemCount\": 1,\r\n        \"pairingStatus\": \"Paired\",\r\n        \"role\": \"Primary\",\r\n        \"fabricSpecificDetails\": null\r\n      }\r\n    }\r\n  ],\r\n  \"nextLink\": null\r\n}",
      "ResponseHeaders": {
        "Content-Length": [
          "745"
        ],
        "Content-Type": [
          "application/json"
        ],
        "Expires": [
          "-1"
        ],
        "Pragma": [
          "no-cache"
        ],
        "x-ms-request-id": [
          "bc74dbb2-d0ab-4f50-b246-d719ee67711c 3/17/2016 7:31:36 PM"
        ],
        "Strict-Transport-Security": [
          "max-age=31536000; includeSubDomains"
        ],
        "Cache-Control": [
          "no-cache"
        ],
        "Server": [
          "Microsoft-IIS/8.0",
          "Microsoft-IIS/8.0"
        ],
        "X-AspNet-Version": [
          "4.0.30319"
        ],
        "X-Powered-By": [
          "ASP.NET"
        ],
        "x-ms-client-request-id": [
          "bc74dbb2-d0ab-4f50-b246-d719ee67711c"
        ],
        "x-ms-ratelimit-remaining-subscription-reads": [
          "14944"
        ],
        "x-ms-correlation-request-id": [
          "1af645eb-0d58-47ae-ac7a-bb1de9d26444"
        ],
        "x-ms-routing-request-id": [
          "CENTRALUS:20160317T193138Z:1af645eb-0d58-47ae-ac7a-bb1de9d26444"
        ],
        "Date": [
          "Thu, 17 Mar 2016 19:31:37 GMT"
        ]
      },
      "StatusCode": 200
    },
    {
      "RequestUri": "/Subscriptions/7b5644a8-2084-49a7-96f2-641f2c6f8c97/resourceGroups/RecoveryServices-WHNOWF6LI6NM4B55QDIYR3YG3YAEZNTDUOWHPQX7NJB2LHDGTXJA-West-US/providers/Microsoft.SiteRecoveryBVTD2/SiteRecoveryVault/hydratest/replicationFabrics/d1c6436f69e9f30593938429bb639dbaf7a207e8ff21faa29a3feb4ef1ebc4e1/replicationProtectionContainers/cloud_3af182c9-31c7-4684-8f58-d793ef07def7/replicationProtectedItems?api-version=2015-11-10",
      "EncodedRequestUri": "L1N1YnNjcmlwdGlvbnMvN2I1NjQ0YTgtMjA4NC00OWE3LTk2ZjItNjQxZjJjNmY4Yzk3L3Jlc291cmNlR3JvdXBzL1JlY292ZXJ5U2VydmljZXMtV0hOT1dGNkxJNk5NNEI1NVFESVlSM1lHM1lBRVpOVERVT1dIUFFYN05KQjJMSERHVFhKQS1XZXN0LVVTL3Byb3ZpZGVycy9NaWNyb3NvZnQuU2l0ZVJlY292ZXJ5QlZURDIvU2l0ZVJlY292ZXJ5VmF1bHQvaHlkcmF0ZXN0L3JlcGxpY2F0aW9uRmFicmljcy9kMWM2NDM2ZjY5ZTlmMzA1OTM5Mzg0MjliYjYzOWRiYWY3YTIwN2U4ZmYyMWZhYTI5YTNmZWI0ZWYxZWJjNGUxL3JlcGxpY2F0aW9uUHJvdGVjdGlvbkNvbnRhaW5lcnMvY2xvdWRfM2FmMTgyYzktMzFjNy00Njg0LThmNTgtZDc5M2VmMDdkZWY3L3JlcGxpY2F0aW9uUHJvdGVjdGVkSXRlbXM/YXBpLXZlcnNpb249MjAxNS0xMS0xMA==",
      "RequestMethod": "GET",
      "RequestBody": "",
      "RequestHeaders": {
        "Accept-Language": [
          "en"
        ],
        "x-ms-client-request-id": [
          "bc74dbb2-d0ab-4f50-b246-d719ee67711c"
        ],
        "x-ms-version": [
          "2015-01-01"
        ],
        "User-Agent": [
          "Microsoft.Azure.Management.SiteRecovery.SiteRecoveryManagementClient/1.0.0.0"
        ]
      },
      "ResponseBody": "{\r\n  \"value\": [\r\n    {\r\n      \"id\": \"/Subscriptions/7b5644a8-2084-49a7-96f2-641f2c6f8c97/resourceGroups/RecoveryServices-WHNOWF6LI6NM4B55QDIYR3YG3YAEZNTDUOWHPQX7NJB2LHDGTXJA-West-US/providers/Microsoft.SiteRecoveryBVTD2/SiteRecoveryVault/hydratest/replicationFabrics/d1c6436f69e9f30593938429bb639dbaf7a207e8ff21faa29a3feb4ef1ebc4e1/replicationProtectionContainers/cloud_3af182c9-31c7-4684-8f58-d793ef07def7/replicationProtectedItems/a67f023a-45e3-49ba-9fad-ea73b18a6581\",\r\n      \"name\": \"a67f023a-45e3-49ba-9fad-ea73b18a6581\",\r\n      \"type\": \"Microsoft.SiteRecoveryBVTD2/SiteRecoveryVault/replicationFabrics/replicationProtectionContainers/replicationProtectedItems\",\r\n      \"properties\": {\r\n        \"friendlyName\": \"b\",\r\n        \"protectedItemType\": \"HyperVVirtualMachine\",\r\n        \"protectableItemId\": \"/Subscriptions/7b5644a8-2084-49a7-96f2-641f2c6f8c97/resourceGroups/RecoveryServices-WHNOWF6LI6NM4B55QDIYR3YG3YAEZNTDUOWHPQX7NJB2LHDGTXJA-West-US/providers/Microsoft.SiteRecoveryBVTD2/SiteRecoveryVault/hydratest/replicationFabrics/d1c6436f69e9f30593938429bb639dbaf7a207e8ff21faa29a3feb4ef1ebc4e1/replicationProtectionContainers/cloud_3af182c9-31c7-4684-8f58-d793ef07def7/replicationProtectableItems/1746aaee-ee92-4b51-9c7d-51c7a5dc47b5\",\r\n        \"recoveryServicesProviderId\": \"/Subscriptions/7b5644a8-2084-49a7-96f2-641f2c6f8c97/resourceGroups/RecoveryServices-WHNOWF6LI6NM4B55QDIYR3YG3YAEZNTDUOWHPQX7NJB2LHDGTXJA-West-US/providers/Microsoft.SiteRecoveryBVTD2/SiteRecoveryVault/hydratest/replicationFabrics/d1c6436f69e9f30593938429bb639dbaf7a207e8ff21faa29a3feb4ef1ebc4e1/replicationRecoveryServicesProviders/474c7130-ad73-4677-8f9d-8bde1a7b7c1d\",\r\n        \"primaryFabricFriendlyName\": \"s1\",\r\n        \"recoveryFabricFriendlyName\": \"Microsoft Azure\",\r\n        \"recoveryFabricId\": \"Microsoft Azure\",\r\n        \"primaryProtectionContainerFriendlyName\": \"s1\",\r\n        \"recoveryProtectionContainerFriendlyName\": \"Microsoft Azure\",\r\n        \"protectionState\": \"InitialReplicationInProgress\",\r\n        \"protectionStateDescription\": \"Initial replication is in progress\",\r\n        \"activeLocation\": \"Primary\",\r\n        \"testFailoverState\": \"None\",\r\n        \"testFailoverStateDescription\": \"None\",\r\n        \"allowedOperations\": [\r\n          \"DisableProtection\"\r\n        ],\r\n        \"replicationHealth\": \"Critical\",\r\n        \"replicationHealthErrors\": [\r\n          {\r\n            \"errorLevel\": \"Error\",\r\n            \"errorCode\": \"68501\",\r\n            \"errorMessage\": \"The virtual machine couldn't be replicated.\",\r\n            \"possibleCauses\": \"Replication errors occurred for virtual machine 'b' in cloud/site 's1' because of issues with connectivity to Azure storage.\",\r\n            \"recommendedAction\": \"Fix any issues in the Event Viewer logs (Applications and Service Logs - MicrosoftAzureRecoveryServices) on the Hyper-V host server and resume the replication.\",\r\n            \"creationTimeUtc\": \"2016-03-16T18:44:15.9685059Z\",\r\n            \"recoveryProviderErrorMessage\": \"\",\r\n            \"entityId\": \"1746aaee-ee92-4b51-9c7d-51c7a5dc47b5\"\r\n          },\r\n          {\r\n            \"errorLevel\": \"Error\",\r\n            \"errorCode\": \"68523\",\r\n            \"errorMessage\": \"The virtual machine couldn't be replicated.\",\r\n            \"possibleCauses\": \"Check the Provider error messages.\",\r\n            \"recommendedAction\": \"Fix any issues in the Event Viewer logs (Applications and Service Logs - MicrosoftAzureRecoveryServices) on the Hyper-V host server and if required resume the replication.\",\r\n            \"creationTimeUtc\": \"2016-03-16T18:44:15.9685059Z\",\r\n            \"recoveryProviderErrorMessage\": \"The configuration file for virtual machine 'b' could not be sent to the Azure Site Recovery. Your virtual machine will remain protected and you can failover to Azure. If a copy of the virtual machine is available, you can restore the virtual machine on a host and successfully initiate a failback to on-premises. In case, your virtual machine gets deleted from the host, you will not be able to failover back your virtual machine. (Virtual Machine ID 1746aaee-ee92-4b51-9c7d-51c7a5dc47b5 , Data Source ID 35186080996948, Task ID 18a7f41f-17cf-45f5-8088-4a444bf55a67)\\nInitial replication failed for virtual machine 'b' due to a network communication failure. (Virtual Machine ID 1746aaee-ee92-4b51-9c7d-51c7a5dc47b5, Data Source ID 35186080996948, Task ID 18a7f41f-17cf-45f5-8088-4a444bf55a67)\\nThe configuration file for virtual machine 'b' could not be sent to the Azure Site Recovery. Your virtual machine will remain protected and you can failover to Azure. If a copy of the virtual machine is available, you can restore the virtual machine on a host and successfully initiate a failback to on-premises. In case, your virtual machine gets deleted from the host, you will not be able to failover back your virtual machine. (Virtual Machine ID 1746aaee-ee92-4b51-9c7d-51c7a5dc47b5 , Data Source ID 35186080996948, Task ID 18a7f41f-17cf-45f5-8088-4a444bf55a67)\",\r\n            \"entityId\": \"1746aaee-ee92-4b51-9c7d-51c7a5dc47b5\"\r\n          }\r\n        ],\r\n        \"policyId\": \"/Subscriptions/7b5644a8-2084-49a7-96f2-641f2c6f8c97/resourceGroups/RecoveryServices-WHNOWF6LI6NM4B55QDIYR3YG3YAEZNTDUOWHPQX7NJB2LHDGTXJA-West-US/providers/Microsoft.SiteRecoveryBVTD2/SiteRecoveryVault/hydratest/replicationPolicies/1a8c7d3867877aebfaf6f76f09b885a2a282707488005b2afd02c3588eed824d\",\r\n        \"policyFriendlyName\": \"smbpg1\",\r\n        \"currentScenario\": {\r\n          \"scenarioName\": \"None\",\r\n          \"jobId\": \"/Subscriptions/7b5644a8-2084-49a7-96f2-641f2c6f8c97/resourceGroups/RecoveryServices-WHNOWF6LI6NM4B55QDIYR3YG3YAEZNTDUOWHPQX7NJB2LHDGTXJA-West-US/providers/Microsoft.SiteRecoveryBVTD2/SiteRecoveryVault/hydratest/replicationJobs/None\",\r\n          \"startTime\": \"1753-01-01T01:01:01Z\"\r\n        },\r\n        \"failoverRecoveryPointId\": \"/Subscriptions/7b5644a8-2084-49a7-96f2-641f2c6f8c97/resourceGroups/RecoveryServices-WHNOWF6LI6NM4B55QDIYR3YG3YAEZNTDUOWHPQX7NJB2LHDGTXJA-West-US/providers/Microsoft.SiteRecoveryBVTD2/SiteRecoveryVault/hydratest/replicationFabrics/d1c6436f69e9f30593938429bb639dbaf7a207e8ff21faa29a3feb4ef1ebc4e1/replicationProtectionContainers/cloud_3af182c9-31c7-4684-8f58-d793ef07def7/replicationProtectedItems/a67f023a-45e3-49ba-9fad-ea73b18a6581/recoveryPoints/\",\r\n        \"providerSpecificDetails\": {\r\n          \"instanceType\": \"HyperVReplicaAzure\",\r\n          \"azureVMDiskDetails\": [\r\n            {\r\n              \"vhdType\": \"OperatingSystem\",\r\n              \"vhdId\": \"f4361afe-dd89-41e4-9799-d6c31aa7c3cf\",\r\n              \"vhdName\": \"b\",\r\n              \"maxSizeMB\": \"10240\",\r\n              \"targetDiskLocation\": null,\r\n              \"targetDiskName\": null,\r\n              \"lunId\": \"0\"\r\n            }\r\n          ],\r\n          \"recoveryAzureVMName\": \"b\",\r\n          \"recoveryAzureVMSize\": \"Basic_A0\",\r\n          \"recoveryAzureStorageAccount\": \"/subscriptions/3358a936-60a4-4f94-84b9-2d1f65312051/resourceGroups/Default-Storage-WestUS/providers/Microsoft.ClassicStorage/storageAccounts/ammallstorage1\",\r\n          \"lastReplicatedTime\": null,\r\n          \"vmId\": \"1746aaee-ee92-4b51-9c7d-51c7a5dc47b5\",\r\n          \"vmProtectionState\": \"UnprotectedStatesBegin\",\r\n          \"vmProtectionStateDescription\": \"Enabling protection\",\r\n          \"initialReplicationDetails\": {\r\n            \"initialReplicationType\": \"InitialReplication\",\r\n            \"initialReplicationProgressPercentage\": \"0\"\r\n          },\r\n          \"vmNics\": [],\r\n          \"selectedRecoveryAzureNetworkId\": null,\r\n          \"encryption\": \"Disabled\",\r\n          \"oSDetails\": {\r\n            \"osType\": \"Windows\",\r\n            \"productType\": \"UNKNOWN\",\r\n            \"osEdition\": \"Standard\",\r\n            \"oSVersion\": \"1.1.1.1\",\r\n            \"oSMajorVersion\": \"0\",\r\n            \"oSMinorVersion\": \"0\"\r\n          },\r\n          \"sourceVmRAMSizeInMB\": 512,\r\n          \"sourceVmCPUCount\": 1\r\n        }\r\n      }\r\n    }\r\n  ],\r\n  \"nextLink\": null\r\n}",
      "ResponseHeaders": {
        "Content-Length": [
          "6715"
        ],
        "Content-Type": [
          "application/json"
        ],
        "Expires": [
          "-1"
        ],
        "Pragma": [
          "no-cache"
        ],
        "x-ms-request-id": [
          "bc74dbb2-d0ab-4f50-b246-d719ee67711c 3/17/2016 7:31:37 PM"
        ],
        "Strict-Transport-Security": [
          "max-age=31536000; includeSubDomains"
        ],
        "Cache-Control": [
          "no-cache"
        ],
        "Server": [
          "Microsoft-IIS/8.0",
          "Microsoft-IIS/8.0"
        ],
        "X-AspNet-Version": [
          "4.0.30319"
        ],
        "X-Powered-By": [
          "ASP.NET"
        ],
        "x-ms-client-request-id": [
          "bc74dbb2-d0ab-4f50-b246-d719ee67711c"
        ],
        "x-ms-ratelimit-remaining-subscription-reads": [
          "14943"
        ],
        "x-ms-correlation-request-id": [
          "581b31ae-da88-496b-89ef-cd98e50be624"
        ],
        "x-ms-routing-request-id": [
          "CENTRALUS:20160317T193138Z:581b31ae-da88-496b-89ef-cd98e50be624"
        ],
        "Date": [
          "Thu, 17 Mar 2016 19:31:38 GMT"
        ]
      },
      "StatusCode": 200
    },
    {
      "RequestUri": "/Subscriptions/7b5644a8-2084-49a7-96f2-641f2c6f8c97/resourceGroups/RecoveryServices-WHNOWF6LI6NM4B55QDIYR3YG3YAEZNTDUOWHPQX7NJB2LHDGTXJA-West-US/providers/Microsoft.SiteRecoveryBVTD2/SiteRecoveryVault/hydratest/replicationRecoveryPlans/rpTest?api-version=2015-11-10",
      "EncodedRequestUri": "L1N1YnNjcmlwdGlvbnMvN2I1NjQ0YTgtMjA4NC00OWE3LTk2ZjItNjQxZjJjNmY4Yzk3L3Jlc291cmNlR3JvdXBzL1JlY292ZXJ5U2VydmljZXMtV0hOT1dGNkxJNk5NNEI1NVFESVlSM1lHM1lBRVpOVERVT1dIUFFYN05KQjJMSERHVFhKQS1XZXN0LVVTL3Byb3ZpZGVycy9NaWNyb3NvZnQuU2l0ZVJlY292ZXJ5QlZURDIvU2l0ZVJlY292ZXJ5VmF1bHQvaHlkcmF0ZXN0L3JlcGxpY2F0aW9uUmVjb3ZlcnlQbGFucy9ycFRlc3Q/YXBpLXZlcnNpb249MjAxNS0xMS0xMA==",
      "RequestMethod": "PUT",
      "RequestBody": "{\r\n  \"properties\": {\r\n    \"primaryFabricId\": \"/Subscriptions/7b5644a8-2084-49a7-96f2-641f2c6f8c97/resourceGroups/RecoveryServices-WHNOWF6LI6NM4B55QDIYR3YG3YAEZNTDUOWHPQX7NJB2LHDGTXJA-West-US/providers/Microsoft.SiteRecoveryBVTD2/SiteRecoveryVault/hydratest/replicationFabrics/d1c6436f69e9f30593938429bb639dbaf7a207e8ff21faa29a3feb4ef1ebc4e1\",\r\n    \"recoveryFabricId\": \"microsoft azure\",\r\n    \"failoverDeploymentModel\": \"Classic\",\r\n    \"groups\": [\r\n      {\r\n        \"groupType\": \"Boot\",\r\n        \"replicationProtectedItems\": [\r\n          {\r\n            \"id\": \"/Subscriptions/7b5644a8-2084-49a7-96f2-641f2c6f8c97/resourceGroups/RecoveryServices-WHNOWF6LI6NM4B55QDIYR3YG3YAEZNTDUOWHPQX7NJB2LHDGTXJA-West-US/providers/Microsoft.SiteRecoveryBVTD2/SiteRecoveryVault/hydratest/replicationFabrics/d1c6436f69e9f30593938429bb639dbaf7a207e8ff21faa29a3feb4ef1ebc4e1/replicationProtectionContainers/cloud_3af182c9-31c7-4684-8f58-d793ef07def7/replicationProtectedItems/a67f023a-45e3-49ba-9fad-ea73b18a6581\"\r\n          }\r\n        ],\r\n        \"startGroupActions\": [],\r\n        \"endGroupActions\": []\r\n      }\r\n    ]\r\n  }\r\n}",
      "RequestHeaders": {
        "Content-Type": [
          "application/json"
        ],
        "Content-Length": [
          "1106"
        ],
        "Accept-Language": [
          "en"
        ],
        "Agent-Authentication": [
          ""
        ],
        "x-ms-client-request-id": [
          "bc74dbb2-d0ab-4f50-b246-d719ee67711c"
        ],
        "x-ms-version": [
          "2015-01-01"
        ],
        "User-Agent": [
          "Microsoft.Azure.Management.SiteRecovery.SiteRecoveryManagementClient/1.0.0.0"
        ]
      },
      "ResponseBody": "",
      "ResponseHeaders": {
        "Content-Length": [
          "0"
        ],
        "Expires": [
          "-1"
        ],
        "Pragma": [
          "no-cache"
        ],
        "Retry-After": [
          "30"
        ],
        "Azure-AsyncOperation": [
          "https://api-dogfood.resources.windows-int.net/Subscriptions/7b5644a8-2084-49a7-96f2-641f2c6f8c97/resourceGroups/RecoveryServices-WHNOWF6LI6NM4B55QDIYR3YG3YAEZNTDUOWHPQX7NJB2LHDGTXJA-West-US/providers/Microsoft.SiteRecoveryBVTD2/SiteRecoveryVault/hydratest/replicationJobs/eef9c612-f0ff-44ec-ad9c-d3ffac704121?api-version=2015-11-10"
        ],
        "x-ms-request-id": [
          "bc74dbb2-d0ab-4f50-b246-d719ee67711c 3/17/2016 7:31:38 PM"
        ],
        "Strict-Transport-Security": [
          "max-age=31536000; includeSubDomains"
        ],
        "x-ms-client-request-id": [
          "bc74dbb2-d0ab-4f50-b246-d719ee67711c"
        ],
        "x-ms-ratelimit-remaining-subscription-writes": [
          "1187"
        ],
        "x-ms-correlation-request-id": [
          "f1e2aab3-7081-4486-8540-607e52b5ddee"
        ],
        "x-ms-routing-request-id": [
          "CENTRALUS:20160317T193140Z:f1e2aab3-7081-4486-8540-607e52b5ddee"
        ],
        "Cache-Control": [
          "no-cache"
        ],
        "Date": [
          "Thu, 17 Mar 2016 19:31:39 GMT"
        ],
        "Location": [
          "https://api-dogfood.resources.windows-int.net/Subscriptions/7b5644a8-2084-49a7-96f2-641f2c6f8c97/resourceGroups/RecoveryServices-WHNOWF6LI6NM4B55QDIYR3YG3YAEZNTDUOWHPQX7NJB2LHDGTXJA-West-US/providers/Microsoft.SiteRecoveryBVTD2/SiteRecoveryVault/hydratest/replicationRecoveryPlans/rpTest/operationresults/eef9c612-f0ff-44ec-ad9c-d3ffac704121?api-version=2015-11-10"
        ],
        "X-Powered-By": [
          "ASP.NET"
        ]
      },
      "StatusCode": 202
    },
    {
      "RequestUri": "/Subscriptions/7b5644a8-2084-49a7-96f2-641f2c6f8c97/resourceGroups/RecoveryServices-WHNOWF6LI6NM4B55QDIYR3YG3YAEZNTDUOWHPQX7NJB2LHDGTXJA-West-US/providers/Microsoft.SiteRecoveryBVTD2/SiteRecoveryVault/hydratest/replicationRecoveryPlans/rpTest?api-version=2015-11-10",
      "EncodedRequestUri": "L1N1YnNjcmlwdGlvbnMvN2I1NjQ0YTgtMjA4NC00OWE3LTk2ZjItNjQxZjJjNmY4Yzk3L3Jlc291cmNlR3JvdXBzL1JlY292ZXJ5U2VydmljZXMtV0hOT1dGNkxJNk5NNEI1NVFESVlSM1lHM1lBRVpOVERVT1dIUFFYN05KQjJMSERHVFhKQS1XZXN0LVVTL3Byb3ZpZGVycy9NaWNyb3NvZnQuU2l0ZVJlY292ZXJ5QlZURDIvU2l0ZVJlY292ZXJ5VmF1bHQvaHlkcmF0ZXN0L3JlcGxpY2F0aW9uUmVjb3ZlcnlQbGFucy9ycFRlc3Q/YXBpLXZlcnNpb249MjAxNS0xMS0xMA==",
      "RequestMethod": "PUT",
      "RequestBody": "{\r\n  \"properties\": {\r\n    \"primaryFabricId\": \"/Subscriptions/7b5644a8-2084-49a7-96f2-641f2c6f8c97/resourceGroups/RecoveryServices-WHNOWF6LI6NM4B55QDIYR3YG3YAEZNTDUOWHPQX7NJB2LHDGTXJA-West-US/providers/Microsoft.SiteRecoveryBVTD2/SiteRecoveryVault/hydratest/replicationFabrics/d1c6436f69e9f30593938429bb639dbaf7a207e8ff21faa29a3feb4ef1ebc4e1\",\r\n    \"recoveryFabricId\": \"microsoft azure\",\r\n    \"failoverDeploymentModel\": \"Classic\",\r\n    \"groups\": [\r\n      {\r\n        \"groupType\": \"Boot\",\r\n        \"replicationProtectedItems\": [\r\n          {\r\n            \"id\": \"/Subscriptions/7b5644a8-2084-49a7-96f2-641f2c6f8c97/resourceGroups/RecoveryServices-WHNOWF6LI6NM4B55QDIYR3YG3YAEZNTDUOWHPQX7NJB2LHDGTXJA-West-US/providers/Microsoft.SiteRecoveryBVTD2/SiteRecoveryVault/hydratest/replicationFabrics/d1c6436f69e9f30593938429bb639dbaf7a207e8ff21faa29a3feb4ef1ebc4e1/replicationProtectionContainers/cloud_3af182c9-31c7-4684-8f58-d793ef07def7/replicationProtectedItems/a67f023a-45e3-49ba-9fad-ea73b18a6581\"\r\n          }\r\n        ],\r\n        \"startGroupActions\": [],\r\n        \"endGroupActions\": []\r\n      }\r\n    ]\r\n  }\r\n}",
      "RequestHeaders": {
        "Content-Type": [
          "application/json"
        ],
        "Content-Length": [
          "1106"
        ],
        "Accept-Language": [
          "en"
        ],
        "Agent-Authentication": [
          ""
        ],
        "x-ms-client-request-id": [
          "bc74dbb2-d0ab-4f50-b246-d719ee67711c"
        ],
        "x-ms-version": [
          "2015-01-01"
        ],
        "User-Agent": [
          "Microsoft.Azure.Management.SiteRecovery.SiteRecoveryManagementClient/1.0.0.0"
        ]
      },
      "ResponseBody": "{\r\n  \"error\": {\r\n    \"code\": \"BadRequest\",\r\n    \"message\": \"The resource name 'rpTest' is already in use.\",\r\n    \"details\": [\r\n      {\r\n        \"code\": \"ArmResourceNameNotAvailable\",\r\n        \"message\": \"The resource name 'rpTest' is already in use.\",\r\n        \"possibleCauses\": \"Another resource exists with the same name.\",\r\n        \"recommendedAction\": \"Specify a different resource name and try again.\",\r\n        \"clientRequestId\": \"\",\r\n        \"activityId\": \"00000000-0000-0000-0000-000000000000\"\r\n      }\r\n    ]\r\n  }\r\n}",
      "ResponseHeaders": {
        "Content-Length": [
          "405"
        ],
        "Content-Type": [
          "application/json"
        ],
        "Expires": [
          "-1"
        ],
        "Pragma": [
          "no-cache"
        ],
        "Strict-Transport-Security": [
          "max-age=31536000; includeSubDomains"
        ],
        "Cache-Control": [
          "no-cache"
        ],
        "Server": [
          "Microsoft-IIS/8.0",
          "Microsoft-IIS/8.0"
        ],
        "X-AspNet-Version": [
          "4.0.30319"
        ],
        "X-Powered-By": [
          "ASP.NET"
        ],
        "x-ms-request-id": [
          "73040b5a-1bd0-4433-95b7-2cf01210ff0b"
        ],
        "x-ms-client-request-id": [
          "bc74dbb2-d0ab-4f50-b246-d719ee67711c"
        ],
        "x-ms-ratelimit-remaining-subscription-writes": [
          "1186"
        ],
        "x-ms-correlation-request-id": [
          "73040b5a-1bd0-4433-95b7-2cf01210ff0b"
        ],
        "x-ms-routing-request-id": [
          "CENTRALUS:20160317T193213Z:73040b5a-1bd0-4433-95b7-2cf01210ff0b"
        ],
        "Date": [
          "Thu, 17 Mar 2016 19:32:12 GMT"
        ]
      },
      "StatusCode": 400
    },
    {
      "RequestUri": "/Subscriptions/7b5644a8-2084-49a7-96f2-641f2c6f8c97/resourceGroups/RecoveryServices-WHNOWF6LI6NM4B55QDIYR3YG3YAEZNTDUOWHPQX7NJB2LHDGTXJA-West-US/providers/Microsoft.SiteRecoveryBVTD2/SiteRecoveryVault/hydratest/replicationRecoveryPlans/rpTest/operationresults/eef9c612-f0ff-44ec-ad9c-d3ffac704121?api-version=2015-11-10",
      "EncodedRequestUri": "L1N1YnNjcmlwdGlvbnMvN2I1NjQ0YTgtMjA4NC00OWE3LTk2ZjItNjQxZjJjNmY4Yzk3L3Jlc291cmNlR3JvdXBzL1JlY292ZXJ5U2VydmljZXMtV0hOT1dGNkxJNk5NNEI1NVFESVlSM1lHM1lBRVpOVERVT1dIUFFYN05KQjJMSERHVFhKQS1XZXN0LVVTL3Byb3ZpZGVycy9NaWNyb3NvZnQuU2l0ZVJlY292ZXJ5QlZURDIvU2l0ZVJlY292ZXJ5VmF1bHQvaHlkcmF0ZXN0L3JlcGxpY2F0aW9uUmVjb3ZlcnlQbGFucy9ycFRlc3Qvb3BlcmF0aW9ucmVzdWx0cy9lZWY5YzYxMi1mMGZmLTQ0ZWMtYWQ5Yy1kM2ZmYWM3MDQxMjE/YXBpLXZlcnNpb249MjAxNS0xMS0xMA==",
      "RequestMethod": "GET",
      "RequestBody": "",
      "RequestHeaders": {
        "x-ms-client-request-id": [
          "8fde4214-6d19-4cd0-831b-32ae2688372a"
        ],
        "x-ms-version": [
          "2015-01-01"
        ],
        "User-Agent": [
          "Microsoft.Azure.Management.SiteRecovery.SiteRecoveryManagementClient/1.0.0.0"
        ]
      },
      "ResponseBody": "",
      "ResponseHeaders": {
        "Content-Length": [
          "0"
        ],
        "Expires": [
          "-1"
        ],
        "Pragma": [
          "no-cache"
        ],
        "Retry-After": [
          "30"
        ],
        "Azure-AsyncOperation": [
          "https://api-dogfood.resources.windows-int.net/Subscriptions/7b5644a8-2084-49a7-96f2-641f2c6f8c97/resourceGroups/RecoveryServices-WHNOWF6LI6NM4B55QDIYR3YG3YAEZNTDUOWHPQX7NJB2LHDGTXJA-West-US/providers/Microsoft.SiteRecoveryBVTD2/SiteRecoveryVault/hydratest/replicationJobs/eef9c612-f0ff-44ec-ad9c-d3ffac704121?api-version=2015-11-10"
        ],
        "x-ms-request-id": [
          "8fde4214-6d19-4cd0-831b-32ae2688372a 3/17/2016 7:31:40 PM"
        ],
        "Strict-Transport-Security": [
          "max-age=31536000; includeSubDomains"
        ],
        "x-ms-client-request-id": [
          "8fde4214-6d19-4cd0-831b-32ae2688372a"
        ],
        "x-ms-ratelimit-remaining-subscription-reads": [
          "14942"
        ],
        "x-ms-correlation-request-id": [
          "1ad010ec-0a99-4620-adee-9a23f19cce0b"
        ],
        "x-ms-routing-request-id": [
          "CENTRALUS:20160317T193141Z:1ad010ec-0a99-4620-adee-9a23f19cce0b"
        ],
        "Cache-Control": [
          "no-cache"
        ],
        "Date": [
          "Thu, 17 Mar 2016 19:31:41 GMT"
        ],
        "Location": [
          "https://api-dogfood.resources.windows-int.net/Subscriptions/7b5644a8-2084-49a7-96f2-641f2c6f8c97/resourceGroups/RecoveryServices-WHNOWF6LI6NM4B55QDIYR3YG3YAEZNTDUOWHPQX7NJB2LHDGTXJA-West-US/providers/Microsoft.SiteRecoveryBVTD2/SiteRecoveryVault/hydratest/replicationRecoveryPlans/rpTest/operationresults/eef9c612-f0ff-44ec-ad9c-d3ffac704121?api-version=2015-11-10"
        ],
        "X-Powered-By": [
          "ASP.NET"
        ]
      },
      "StatusCode": 202
    },
    {
      "RequestUri": "/Subscriptions/7b5644a8-2084-49a7-96f2-641f2c6f8c97/resourceGroups/RecoveryServices-WHNOWF6LI6NM4B55QDIYR3YG3YAEZNTDUOWHPQX7NJB2LHDGTXJA-West-US/providers/Microsoft.SiteRecoveryBVTD2/SiteRecoveryVault/hydratest/replicationRecoveryPlans/rpTest/operationresults/eef9c612-f0ff-44ec-ad9c-d3ffac704121?api-version=2015-11-10",
      "EncodedRequestUri": "L1N1YnNjcmlwdGlvbnMvN2I1NjQ0YTgtMjA4NC00OWE3LTk2ZjItNjQxZjJjNmY4Yzk3L3Jlc291cmNlR3JvdXBzL1JlY292ZXJ5U2VydmljZXMtV0hOT1dGNkxJNk5NNEI1NVFESVlSM1lHM1lBRVpOVERVT1dIUFFYN05KQjJMSERHVFhKQS1XZXN0LVVTL3Byb3ZpZGVycy9NaWNyb3NvZnQuU2l0ZVJlY292ZXJ5QlZURDIvU2l0ZVJlY292ZXJ5VmF1bHQvaHlkcmF0ZXN0L3JlcGxpY2F0aW9uUmVjb3ZlcnlQbGFucy9ycFRlc3Qvb3BlcmF0aW9ucmVzdWx0cy9lZWY5YzYxMi1mMGZmLTQ0ZWMtYWQ5Yy1kM2ZmYWM3MDQxMjE/YXBpLXZlcnNpb249MjAxNS0xMS0xMA==",
      "RequestMethod": "GET",
      "RequestBody": "",
      "RequestHeaders": {
        "x-ms-client-request-id": [
          "67d510b1-ca0c-4e5a-b672-ad6738000d10"
        ],
        "x-ms-version": [
          "2015-01-01"
        ],
        "User-Agent": [
          "Microsoft.Azure.Management.SiteRecovery.SiteRecoveryManagementClient/1.0.0.0"
        ]
      },
      "ResponseBody": "{\r\n  \"id\": \"/Subscriptions/7b5644a8-2084-49a7-96f2-641f2c6f8c97/resourceGroups/RecoveryServices-WHNOWF6LI6NM4B55QDIYR3YG3YAEZNTDUOWHPQX7NJB2LHDGTXJA-West-US/providers/Microsoft.SiteRecoveryBVTD2/SiteRecoveryVault/hydratest/replicationRecoveryPlans/rpTest\",\r\n  \"name\": \"rpTest\",\r\n  \"type\": \"Microsoft.SiteRecoveryBVTD2/SiteRecoveryVault/replicationRecoveryPlans\",\r\n  \"properties\": {\r\n    \"friendlyName\": \"rpTest\",\r\n    \"primaryFabricId\": \"/Subscriptions/7b5644a8-2084-49a7-96f2-641f2c6f8c97/resourceGroups/RecoveryServices-WHNOWF6LI6NM4B55QDIYR3YG3YAEZNTDUOWHPQX7NJB2LHDGTXJA-West-US/providers/Microsoft.SiteRecoveryBVTD2/SiteRecoveryVault/hydratest/replicationFabrics/d1c6436f69e9f30593938429bb639dbaf7a207e8ff21faa29a3feb4ef1ebc4e1\",\r\n    \"primaryFabricFriendlyName\": \"s1\",\r\n    \"recoveryFabricId\": \"Microsoft Azure\",\r\n    \"recoveryFabricFriendlyName\": \"Microsoft Azure\",\r\n    \"failoverDeploymentModel\": \"Classic\",\r\n    \"replicationProviders\": [\r\n      \"HyperVReplicaAzure\"\r\n    ],\r\n    \"allowedOperations\": [\r\n      \"PlannedFailover\",\r\n      \"UnplannedFailover\",\r\n      \"TestFailover\"\r\n    ],\r\n    \"currentScenario\": null,\r\n    \"currentScenarioStatus\": null,\r\n    \"currentScenarioStatusDescription\": null,\r\n    \"groups\": [\r\n      {\r\n        \"groupType\": \"Shutdown\",\r\n        \"replicationProtectedItems\": [],\r\n        \"startGroupActions\": [],\r\n        \"endGroupActions\": []\r\n      },\r\n      {\r\n        \"groupType\": \"Failover\",\r\n        \"replicationProtectedItems\": [],\r\n        \"startGroupActions\": [],\r\n        \"endGroupActions\": []\r\n      },\r\n      {\r\n        \"groupType\": \"Boot\",\r\n        \"replicationProtectedItems\": [\r\n          {\r\n            \"id\": \"/Subscriptions/7b5644a8-2084-49a7-96f2-641f2c6f8c97/resourceGroups/RecoveryServices-WHNOWF6LI6NM4B55QDIYR3YG3YAEZNTDUOWHPQX7NJB2LHDGTXJA-West-US/providers/Microsoft.SiteRecoveryBVTD2/SiteRecoveryVault/hydratest/replicationFabrics/d1c6436f69e9f30593938429bb639dbaf7a207e8ff21faa29a3feb4ef1ebc4e1/replicationProtectionContainers/cloud_3af182c9-31c7-4684-8f58-d793ef07def7/replicationProtectedItems/a67f023a-45e3-49ba-9fad-ea73b18a6581\",\r\n            \"virtualMachineId\": null\r\n          }\r\n        ],\r\n        \"startGroupActions\": [],\r\n        \"endGroupActions\": []\r\n      }\r\n    ]\r\n  }\r\n}",
      "ResponseHeaders": {
        "Content-Length": [
          "1839"
        ],
        "Content-Type": [
          "application/json"
        ],
        "Expires": [
          "-1"
        ],
        "Pragma": [
          "no-cache"
        ],
        "Azure-AsyncOperation": [
          "https://api-dogfood.resources.windows-int.net/Subscriptions/7b5644a8-2084-49a7-96f2-641f2c6f8c97/resourceGroups/RecoveryServices-WHNOWF6LI6NM4B55QDIYR3YG3YAEZNTDUOWHPQX7NJB2LHDGTXJA-West-US/providers/Microsoft.SiteRecoveryBVTD2/SiteRecoveryVault/hydratest/replicationJobs/eef9c612-f0ff-44ec-ad9c-d3ffac704121?api-version=2015-11-10"
        ],
        "x-ms-request-id": [
          "67d510b1-ca0c-4e5a-b672-ad6738000d10 3/17/2016 7:32:10 PM"
        ],
        "Strict-Transport-Security": [
          "max-age=31536000; includeSubDomains"
        ],
        "Cache-Control": [
          "no-cache"
        ],
        "Server": [
          "Microsoft-IIS/8.0",
          "Microsoft-IIS/8.0"
        ],
        "X-AspNet-Version": [
          "4.0.30319"
        ],
        "X-Powered-By": [
          "ASP.NET"
        ],
        "x-ms-client-request-id": [
          "67d510b1-ca0c-4e5a-b672-ad6738000d10"
        ],
        "x-ms-ratelimit-remaining-subscription-reads": [
          "14941"
        ],
        "x-ms-correlation-request-id": [
          "4500758e-e952-4fcc-94dd-1d508d02ed49"
        ],
        "x-ms-routing-request-id": [
          "CENTRALUS:20160317T193212Z:4500758e-e952-4fcc-94dd-1d508d02ed49"
        ],
        "Date": [
          "Thu, 17 Mar 2016 19:32:11 GMT"
        ]
      },
      "StatusCode": 200
    }
  ],
  "Names": {},
  "Variables": {
    "SubscriptionId": "7b5644a8-2084-49a7-96f2-641f2c6f8c97"
  }
}