{
  "Entries": [
    {
      "RequestUri": "https://management.azure.com/subscriptions/12053b8f-cab5-4f5c-9c1a-870580142abd/resourcegroups/dbaccount-9094?api-version=**",
      "RequestMethod": "GET",
      "RequestHeaders": {
        "Accept": "application/json",
        "Authorization": "Sanitized",
        "traceparent": "00-95070f0f14a8f948aa07b868b653f30a-a8d5b3b382f69a46-00",
        "User-Agent": "azsdk-net-ResourceManager/1.3.1 (.NET Core 3.1.29; Microsoft Windows 10.0.19044)",
        "x-ms-client-request-id": "79464558038e6314023c0b9859d10982",
        "x-ms-return-client-request-id": "true"
      },
      "RequestBody": null,
      "StatusCode": 200,
      "ResponseHeaders": {
        "Cache-Control": "no-cache",
        "Content-Length": "226",
        "Content-Type": "application/json; charset=utf-8",
        "Date": "Thu, 22 Sep 2022 05:30:52 GMT",
        "Expires": "-1",
        "Pragma": "no-cache",
        "Strict-Transport-Security": "max-age=31536000; includeSubDomains",
        "X-Content-Type-Options": "nosniff",
        "x-ms-correlation-request-id": "b89a506c-f042-4697-9f9f-fa316a6cfc9c",
        "x-ms-ratelimit-remaining-subscription-reads": "11354",
        "x-ms-request-id": "b89a506c-f042-4697-9f9f-fa316a6cfc9c",
        "x-ms-routing-request-id": "WESTCENTRALUS:20220922T053052Z:b89a506c-f042-4697-9f9f-fa316a6cfc9c"
      },
      "ResponseBody": {
        "id": "/subscriptions/12053b8f-cab5-4f5c-9c1a-870580142abd/resourceGroups/dbaccount-9094",
        "name": "dbaccount-9094",
        "type": "Microsoft.Resources/resourceGroups",
        "location": "westus2",
        "properties": {
          "provisioningState": "Succeeded"
        }
      }
    },
    {
      "RequestUri": "https://management.azure.com/subscriptions/12053b8f-cab5-4f5c-9c1a-870580142abd/resourceGroups/dbaccount-9094/providers/Microsoft.DocumentDB/databaseAccounts/dbaccount-54?api-version=2022-08-15",
      "RequestMethod": "PUT",
      "RequestHeaders": {
        "Accept": "application/json",
        "Authorization": "Sanitized",
        "Content-Length": "588",
        "Content-Type": "application/json",
        "traceparent": "00-745d103bc87ba64982a27ffe9da5c4c6-b5e3b0459969174a-00",
        "User-Agent": "azsdk-net-ResourceManager.CosmosDB/1.1.0-alpha.20220921.1 (.NET Core 3.1.29; Microsoft Windows 10.0.19044)",
        "x-ms-client-request-id": "841c7eb24ddb56e82ae575b6a688b9ff",
        "x-ms-return-client-request-id": "true"
      },
      "RequestBody": {
        "kind": "MongoDB",
        "tags": {
          "key1": "value1",
          "key2": "value2"
        },
        "location": "westus2",
        "properties": {
          "consistencyPolicy": {
            "defaultConsistencyLevel": "BoundedStaleness",
            "maxStalenessPrefix": 300,
            "maxIntervalInSeconds": 1000
          },
          "locations": [
            {
              "locationName": "westus",
              "isZoneRedundant": false
            }
          ],
          "databaseAccountOfferType": "Standard",
          "ipRules": [
            {
              "ipAddressOrRange": "23.43.230.120"
            }
          ],
          "isVirtualNetworkFilterEnabled": true,
          "enableAutomaticFailover": false,
          "capabilities": [
            {
              "name": "EnableMongo"
            },
            {
              "name": "EnableMongoRoleBasedAccessControl"
            }
          ],
          "connectorOffer": "Small",
          "disableKeyBasedMetadataWriteAccess": false
        }
      },
      "StatusCode": 200,
      "ResponseHeaders": {
        "Azure-AsyncOperation": "https://management.azure.com/subscriptions/12053b8f-cab5-4f5c-9c1a-870580142abd/providers/Microsoft.DocumentDB/locations/westus2/operationsStatus/e6115ad2-505e-4977-b799-ba01ff8e8f0a?api-version=2022-08-15",
        "Cache-Control": "no-store, no-cache",
        "Content-Length": "2445",
        "Content-Type": "application/json",
        "Date": "Thu, 22 Sep 2022 05:30:57 GMT",
        "Location": "https://management.azure.com/subscriptions/12053b8f-cab5-4f5c-9c1a-870580142abd/resourceGroups/dbaccount-9094/providers/Microsoft.DocumentDB/databaseAccounts/dbaccount-54/operationResults/e6115ad2-505e-4977-b799-ba01ff8e8f0a?api-version=2022-08-15",
        "Pragma": "no-cache",
        "Server": "Microsoft-HTTPAPI/2.0",
        "Strict-Transport-Security": "max-age=31536000; includeSubDomains",
        "X-Content-Type-Options": "nosniff",
        "x-ms-correlation-request-id": "d45813b7-75c5-4771-9fd1-37a2447347cd",
        "x-ms-gatewayversion": "version=2.14.0",
        "x-ms-ratelimit-remaining-subscription-writes": "1151",
        "x-ms-request-id": "e6115ad2-505e-4977-b799-ba01ff8e8f0a",
        "x-ms-routing-request-id": "WESTCENTRALUS:20220922T053057Z:d45813b7-75c5-4771-9fd1-37a2447347cd"
      },
      "ResponseBody": {
        "id": "/subscriptions/12053b8f-cab5-4f5c-9c1a-870580142abd/resourceGroups/dbaccount-9094/providers/Microsoft.DocumentDB/databaseAccounts/dbaccount-54",
        "name": "dbaccount-54",
        "location": "West US 2",
        "type": "Microsoft.DocumentDB/databaseAccounts",
        "kind": "MongoDB",
        "tags": {
          "key1": "value1",
          "key2": "value2"
        },
        "systemData": {
          "createdAt": "2022-09-22T05:30:55.3026083Z"
        },
        "properties": {
          "provisioningState": "Creating",
          "publicNetworkAccess": "Enabled",
          "enableAutomaticFailover": false,
          "enableMultipleWriteLocations": false,
          "enablePartitionKeyMonitor": false,
          "isVirtualNetworkFilterEnabled": true,
          "virtualNetworkRules": [],
          "EnabledApiTypes": "MongoDB",
          "disableKeyBasedMetadataWriteAccess": false,
          "enableFreeTier": false,
          "enableAnalyticalStorage": false,
          "analyticalStorageConfiguration": {
            "schemaType": "FullFidelity"
          },
          "instanceId": "edfb4b84-cb17-4291-a744-ba02093a62bd",
          "databaseAccountOfferType": "Standard",
          "enableCassandraConnector": false,
          "connectorOffer": "Small",
          "defaultIdentity": "",
          "networkAclBypass": "None",
          "disableLocalAuth": false,
          "enablePartitionMerge": false,
          "consistencyPolicy": {
            "defaultConsistencyLevel": "BoundedStaleness",
            "maxIntervalInSeconds": 1000,
            "maxStalenessPrefix": 300
          },
          "apiProperties": {
            "serverVersion": "3.6"
          },
          "configurationOverrides": {},
          "writeLocations": [
            {
              "id": "dbaccount-54-westus",
              "locationName": "West US",
              "provisioningState": "Creating",
              "failoverPriority": 0,
              "isZoneRedundant": false
            }
          ],
          "readLocations": [
            {
              "id": "dbaccount-54-westus",
              "locationName": "West US",
              "provisioningState": "Creating",
              "failoverPriority": 0,
              "isZoneRedundant": false
            }
          ],
          "locations": [
            {
              "id": "dbaccount-54-westus",
              "locationName": "West US",
              "provisioningState": "Creating",
              "failoverPriority": 0,
              "isZoneRedundant": false
            }
          ],
          "failoverPolicies": [
            {
              "id": "dbaccount-54-westus",
              "locationName": "West US",
              "failoverPriority": 0
            }
          ],
          "cors": [],
          "capabilities": [
            {
              "name": "EnableMongo"
            },
            {
              "name": "EnableMongoRoleBasedAccessControl"
            }
          ],
          "ipRules": [
            {
              "ipAddressOrRange": "23.43.230.120"
            }
          ],
          "backupPolicy": {
            "type": "Periodic",
            "periodicModeProperties": {
              "backupIntervalInMinutes": 240,
              "backupRetentionIntervalInHours": 8,
              "backupStorageRedundancy": "Invalid"
            }
          },
          "networkAclBypassResourceIds": [],
          "keysMetadata": {
            "primaryMasterKey": {
              "generationTime": "2022-09-22T05:30:55.3026083Z"
            },
            "secondaryMasterKey": {
              "generationTime": "2022-09-22T05:30:55.3026083Z"
            },
            "primaryReadonlyMasterKey": {
              "generationTime": "2022-09-22T05:30:55.3026083Z"
            },
            "secondaryReadonlyMasterKey": {
              "generationTime": "2022-09-22T05:30:55.3026083Z"
            }
          }
        },
        "identity": {
          "type": "None"
        }
      }
    },
    {
      "RequestUri": "https://management.azure.com/subscriptions/12053b8f-cab5-4f5c-9c1a-870580142abd/providers/Microsoft.DocumentDB/locations/westus2/operationsStatus/e6115ad2-505e-4977-b799-ba01ff8e8f0a?api-version=2022-08-15",
      "RequestMethod": "GET",
      "RequestHeaders": {
        "Authorization": "Sanitized",
        "traceparent": "00-745d103bc87ba64982a27ffe9da5c4c6-446214c23e83924b-00",
        "User-Agent": "azsdk-net-ResourceManager/1.3.1 (.NET Core 3.1.29; Microsoft Windows 10.0.19044)",
        "x-ms-client-request-id": "85dc2280e75ef87d5d23631d9fac5bb3",
        "x-ms-return-client-request-id": "true"
      },
      "RequestBody": null,
      "StatusCode": 200,
      "ResponseHeaders": {
        "Cache-Control": "no-store, no-cache",
        "Content-Length": "21",
        "Content-Type": "application/json",
        "Date": "Thu, 22 Sep 2022 05:30:57 GMT",
        "Pragma": "no-cache",
        "Server": "Microsoft-HTTPAPI/2.0",
        "Strict-Transport-Security": "max-age=31536000; includeSubDomains",
        "X-Content-Type-Options": "nosniff",
        "x-ms-correlation-request-id": "94952338-ca90-45b0-8d6c-5dc92321952f",
        "x-ms-gatewayversion": "version=2.14.0",
        "x-ms-ratelimit-remaining-subscription-reads": "11353",
        "x-ms-request-id": "94952338-ca90-45b0-8d6c-5dc92321952f",
        "x-ms-routing-request-id": "WESTCENTRALUS:20220922T053058Z:94952338-ca90-45b0-8d6c-5dc92321952f"
      },
      "ResponseBody": {
        "status": "Enqueued"
      }
    },
    {
      "RequestUri": "https://management.azure.com/subscriptions/12053b8f-cab5-4f5c-9c1a-870580142abd/providers/Microsoft.DocumentDB/locations/westus2/operationsStatus/e6115ad2-505e-4977-b799-ba01ff8e8f0a?api-version=2022-08-15",
      "RequestMethod": "GET",
      "RequestHeaders": {
        "Authorization": "Sanitized",
        "traceparent": "00-745d103bc87ba64982a27ffe9da5c4c6-274764dc1ff14344-00",
        "User-Agent": "azsdk-net-ResourceManager/1.3.1 (.NET Core 3.1.29; Microsoft Windows 10.0.19044)",
        "x-ms-client-request-id": "282c9851cd283cd38233ddc9393b8ff2",
        "x-ms-return-client-request-id": "true"
      },
      "RequestBody": null,
      "StatusCode": 200,
      "ResponseHeaders": {
        "Cache-Control": "no-store, no-cache",
        "Content-Length": "21",
        "Content-Type": "application/json",
        "Date": "Thu, 22 Sep 2022 05:30:58 GMT",
        "Pragma": "no-cache",
        "Server": "Microsoft-HTTPAPI/2.0",
        "Strict-Transport-Security": "max-age=31536000; includeSubDomains",
        "X-Content-Type-Options": "nosniff",
        "x-ms-correlation-request-id": "705b84a7-4763-4a40-9252-e3404ccc0f0d",
        "x-ms-gatewayversion": "version=2.14.0",
        "x-ms-ratelimit-remaining-subscription-reads": "11352",
        "x-ms-request-id": "705b84a7-4763-4a40-9252-e3404ccc0f0d",
        "x-ms-routing-request-id": "WESTCENTRALUS:20220922T053059Z:705b84a7-4763-4a40-9252-e3404ccc0f0d"
      },
      "ResponseBody": {
        "status": "Enqueued"
      }
    },
    {
      "RequestUri": "https://management.azure.com/subscriptions/12053b8f-cab5-4f5c-9c1a-870580142abd/providers/Microsoft.DocumentDB/locations/westus2/operationsStatus/e6115ad2-505e-4977-b799-ba01ff8e8f0a?api-version=2022-08-15",
      "RequestMethod": "GET",
      "RequestHeaders": {
        "Authorization": "Sanitized",
        "traceparent": "00-745d103bc87ba64982a27ffe9da5c4c6-1d1a47778bdad646-00",
        "User-Agent": "azsdk-net-ResourceManager/1.3.1 (.NET Core 3.1.29; Microsoft Windows 10.0.19044)",
        "x-ms-client-request-id": "8436920934ab45a02ce857d612de48fa",
        "x-ms-return-client-request-id": "true"
      },
      "RequestBody": null,
      "StatusCode": 200,
      "ResponseHeaders": {
        "Cache-Control": "no-store, no-cache",
        "Content-Length": "21",
        "Content-Type": "application/json",
        "Date": "Thu, 22 Sep 2022 05:30:59 GMT",
        "Pragma": "no-cache",
        "Server": "Microsoft-HTTPAPI/2.0",
        "Strict-Transport-Security": "max-age=31536000; includeSubDomains",
        "X-Content-Type-Options": "nosniff",
        "x-ms-correlation-request-id": "f5187447-9e1f-4dde-b975-f1ec2e0e1167",
        "x-ms-gatewayversion": "version=2.14.0",
        "x-ms-ratelimit-remaining-subscription-reads": "11351",
        "x-ms-request-id": "f5187447-9e1f-4dde-b975-f1ec2e0e1167",
        "x-ms-routing-request-id": "WESTCENTRALUS:20220922T053100Z:f5187447-9e1f-4dde-b975-f1ec2e0e1167"
      },
      "ResponseBody": {
        "status": "Enqueued"
      }
    },
    {
      "RequestUri": "https://management.azure.com/subscriptions/12053b8f-cab5-4f5c-9c1a-870580142abd/providers/Microsoft.DocumentDB/locations/westus2/operationsStatus/e6115ad2-505e-4977-b799-ba01ff8e8f0a?api-version=2022-08-15",
      "RequestMethod": "GET",
      "RequestHeaders": {
        "Authorization": "Sanitized",
        "traceparent": "00-745d103bc87ba64982a27ffe9da5c4c6-5fa48ab72d7b6c44-00",
        "User-Agent": "azsdk-net-ResourceManager/1.3.1 (.NET Core 3.1.29; Microsoft Windows 10.0.19044)",
        "x-ms-client-request-id": "2e5a60b5b40bb3ba4ea0022a09b3be21",
        "x-ms-return-client-request-id": "true"
      },
      "RequestBody": null,
      "StatusCode": 200,
      "ResponseHeaders": {
        "Cache-Control": "no-store, no-cache",
        "Content-Length": "21",
        "Content-Type": "application/json",
        "Date": "Thu, 22 Sep 2022 05:31:00 GMT",
        "Pragma": "no-cache",
        "Server": "Microsoft-HTTPAPI/2.0",
        "Strict-Transport-Security": "max-age=31536000; includeSubDomains",
        "X-Content-Type-Options": "nosniff",
        "x-ms-correlation-request-id": "a2243393-e417-4ced-8a98-a139f151def4",
        "x-ms-gatewayversion": "version=2.14.0",
        "x-ms-ratelimit-remaining-subscription-reads": "11350",
        "x-ms-request-id": "a2243393-e417-4ced-8a98-a139f151def4",
        "x-ms-routing-request-id": "WESTCENTRALUS:20220922T053101Z:a2243393-e417-4ced-8a98-a139f151def4"
      },
      "ResponseBody": {
        "status": "Dequeued"
      }
    },
    {
      "RequestUri": "https://management.azure.com/subscriptions/12053b8f-cab5-4f5c-9c1a-870580142abd/providers/Microsoft.DocumentDB/locations/westus2/operationsStatus/e6115ad2-505e-4977-b799-ba01ff8e8f0a?api-version=2022-08-15",
      "RequestMethod": "GET",
      "RequestHeaders": {
        "Authorization": "Sanitized",
        "traceparent": "00-745d103bc87ba64982a27ffe9da5c4c6-25d83a308638704e-00",
        "User-Agent": "azsdk-net-ResourceManager/1.3.1 (.NET Core 3.1.29; Microsoft Windows 10.0.19044)",
        "x-ms-client-request-id": "0d137193d7761d07f7e7fb4075fd29a4",
        "x-ms-return-client-request-id": "true"
      },
      "RequestBody": null,
      "StatusCode": 200,
      "ResponseHeaders": {
        "Cache-Control": "no-store, no-cache",
        "Content-Length": "21",
        "Content-Type": "application/json",
        "Date": "Thu, 22 Sep 2022 05:31:02 GMT",
        "Pragma": "no-cache",
        "Server": "Microsoft-HTTPAPI/2.0",
        "Strict-Transport-Security": "max-age=31536000; includeSubDomains",
        "X-Content-Type-Options": "nosniff",
        "x-ms-correlation-request-id": "7ef0bf3f-6233-412f-8ad9-3334c095ae34",
        "x-ms-gatewayversion": "version=2.14.0",
        "x-ms-ratelimit-remaining-subscription-reads": "11349",
        "x-ms-request-id": "7ef0bf3f-6233-412f-8ad9-3334c095ae34",
        "x-ms-routing-request-id": "WESTCENTRALUS:20220922T053103Z:7ef0bf3f-6233-412f-8ad9-3334c095ae34"
      },
      "ResponseBody": {
        "status": "Dequeued"
      }
    },
    {
      "RequestUri": "https://management.azure.com/subscriptions/12053b8f-cab5-4f5c-9c1a-870580142abd/providers/Microsoft.DocumentDB/locations/westus2/operationsStatus/e6115ad2-505e-4977-b799-ba01ff8e8f0a?api-version=2022-08-15",
      "RequestMethod": "GET",
      "RequestHeaders": {
        "Authorization": "Sanitized",
        "traceparent": "00-745d103bc87ba64982a27ffe9da5c4c6-5c62f4c352b8c247-00",
        "User-Agent": "azsdk-net-ResourceManager/1.3.1 (.NET Core 3.1.29; Microsoft Windows 10.0.19044)",
        "x-ms-client-request-id": "d813e2eb61e055e7d782350a32753b78",
        "x-ms-return-client-request-id": "true"
      },
      "RequestBody": null,
      "StatusCode": 200,
      "ResponseHeaders": {
        "Cache-Control": "no-store, no-cache",
        "Content-Length": "21",
        "Content-Type": "application/json",
        "Date": "Thu, 22 Sep 2022 05:31:06 GMT",
        "Pragma": "no-cache",
        "Server": "Microsoft-HTTPAPI/2.0",
        "Strict-Transport-Security": "max-age=31536000; includeSubDomains",
        "X-Content-Type-Options": "nosniff",
        "x-ms-correlation-request-id": "1522355a-7932-44f0-b2e5-52726011decf",
        "x-ms-gatewayversion": "version=2.14.0",
        "x-ms-ratelimit-remaining-subscription-reads": "11348",
        "x-ms-request-id": "1522355a-7932-44f0-b2e5-52726011decf",
        "x-ms-routing-request-id": "WESTCENTRALUS:20220922T053107Z:1522355a-7932-44f0-b2e5-52726011decf"
      },
      "ResponseBody": {
        "status": "Dequeued"
      }
    },
    {
      "RequestUri": "https://management.azure.com/subscriptions/12053b8f-cab5-4f5c-9c1a-870580142abd/providers/Microsoft.DocumentDB/locations/westus2/operationsStatus/e6115ad2-505e-4977-b799-ba01ff8e8f0a?api-version=2022-08-15",
      "RequestMethod": "GET",
      "RequestHeaders": {
        "Authorization": "Sanitized",
        "traceparent": "00-745d103bc87ba64982a27ffe9da5c4c6-e4776e97df325549-00",
        "User-Agent": "azsdk-net-ResourceManager/1.3.1 (.NET Core 3.1.29; Microsoft Windows 10.0.19044)",
        "x-ms-client-request-id": "a14336293bcade84583d3624b8793d51",
        "x-ms-return-client-request-id": "true"
      },
      "RequestBody": null,
      "StatusCode": 200,
      "ResponseHeaders": {
        "Cache-Control": "no-store, no-cache",
        "Content-Length": "21",
        "Content-Type": "application/json",
        "Date": "Thu, 22 Sep 2022 05:31:15 GMT",
        "Pragma": "no-cache",
        "Server": "Microsoft-HTTPAPI/2.0",
        "Strict-Transport-Security": "max-age=31536000; includeSubDomains",
        "X-Content-Type-Options": "nosniff",
        "x-ms-correlation-request-id": "aa4b4424-4d15-41a1-b084-184ba7755994",
        "x-ms-gatewayversion": "version=2.14.0",
        "x-ms-ratelimit-remaining-subscription-reads": "11347",
        "x-ms-request-id": "aa4b4424-4d15-41a1-b084-184ba7755994",
        "x-ms-routing-request-id": "WESTCENTRALUS:20220922T053115Z:aa4b4424-4d15-41a1-b084-184ba7755994"
      },
      "ResponseBody": {
        "status": "Dequeued"
      }
    },
    {
      "RequestUri": "https://management.azure.com/subscriptions/12053b8f-cab5-4f5c-9c1a-870580142abd/providers/Microsoft.DocumentDB/locations/westus2/operationsStatus/e6115ad2-505e-4977-b799-ba01ff8e8f0a?api-version=2022-08-15",
      "RequestMethod": "GET",
      "RequestHeaders": {
        "Authorization": "Sanitized",
        "traceparent": "00-745d103bc87ba64982a27ffe9da5c4c6-5e64c14652453747-00",
        "User-Agent": "azsdk-net-ResourceManager/1.3.1 (.NET Core 3.1.29; Microsoft Windows 10.0.19044)",
        "x-ms-client-request-id": "273f5d77e6a0314089be35f3a1fceb81",
        "x-ms-return-client-request-id": "true"
      },
      "RequestBody": null,
      "StatusCode": 200,
      "ResponseHeaders": {
        "Cache-Control": "no-store, no-cache",
        "Content-Length": "21",
        "Content-Type": "application/json",
        "Date": "Thu, 22 Sep 2022 05:31:31 GMT",
        "Pragma": "no-cache",
        "Server": "Microsoft-HTTPAPI/2.0",
        "Strict-Transport-Security": "max-age=31536000; includeSubDomains",
        "X-Content-Type-Options": "nosniff",
        "x-ms-correlation-request-id": "2f5528ba-2b69-468d-8ef4-27f4f5f4593b",
        "x-ms-gatewayversion": "version=2.14.0",
        "x-ms-ratelimit-remaining-subscription-reads": "11346",
        "x-ms-request-id": "2f5528ba-2b69-468d-8ef4-27f4f5f4593b",
        "x-ms-routing-request-id": "WESTCENTRALUS:20220922T053131Z:2f5528ba-2b69-468d-8ef4-27f4f5f4593b"
      },
      "ResponseBody": {
        "status": "Dequeued"
      }
    },
    {
      "RequestUri": "https://management.azure.com/subscriptions/12053b8f-cab5-4f5c-9c1a-870580142abd/providers/Microsoft.DocumentDB/locations/westus2/operationsStatus/e6115ad2-505e-4977-b799-ba01ff8e8f0a?api-version=2022-08-15",
      "RequestMethod": "GET",
      "RequestHeaders": {
        "Authorization": "Sanitized",
        "traceparent": "00-745d103bc87ba64982a27ffe9da5c4c6-0838cfcdd2721941-00",
        "User-Agent": "azsdk-net-ResourceManager/1.3.1 (.NET Core 3.1.29; Microsoft Windows 10.0.19044)",
        "x-ms-client-request-id": "3f1783ab87baafda5e3480a32bc39c5e",
        "x-ms-return-client-request-id": "true"
      },
      "RequestBody": null,
      "StatusCode": 200,
      "ResponseHeaders": {
        "Cache-Control": "no-store, no-cache",
        "Content-Length": "21",
        "Content-Type": "application/json",
        "Date": "Thu, 22 Sep 2022 05:32:03 GMT",
        "Pragma": "no-cache",
        "Server": "Microsoft-HTTPAPI/2.0",
        "Strict-Transport-Security": "max-age=31536000; includeSubDomains",
        "X-Content-Type-Options": "nosniff",
        "x-ms-correlation-request-id": "443ea027-1ec7-4138-ba55-c2d525f42713",
        "x-ms-gatewayversion": "version=2.14.0",
        "x-ms-ratelimit-remaining-subscription-reads": "11345",
        "x-ms-request-id": "443ea027-1ec7-4138-ba55-c2d525f42713",
        "x-ms-routing-request-id": "WESTCENTRALUS:20220922T053203Z:443ea027-1ec7-4138-ba55-c2d525f42713"
      },
      "ResponseBody": {
        "status": "Dequeued"
      }
    },
    {
      "RequestUri": "https://management.azure.com/subscriptions/12053b8f-cab5-4f5c-9c1a-870580142abd/providers/Microsoft.DocumentDB/locations/westus2/operationsStatus/e6115ad2-505e-4977-b799-ba01ff8e8f0a?api-version=2022-08-15",
      "RequestMethod": "GET",
      "RequestHeaders": {
        "Authorization": "Sanitized",
        "traceparent": "00-745d103bc87ba64982a27ffe9da5c4c6-2d395466e2cf3b48-00",
        "User-Agent": "azsdk-net-ResourceManager/1.3.1 (.NET Core 3.1.29; Microsoft Windows 10.0.19044)",
        "x-ms-client-request-id": "d493e444143642d8f511180b06913d5c",
        "x-ms-return-client-request-id": "true"
      },
      "RequestBody": null,
      "StatusCode": 200,
      "ResponseHeaders": {
        "Cache-Control": "no-store, no-cache",
        "Content-Length": "21",
        "Content-Type": "application/json",
        "Date": "Thu, 22 Sep 2022 05:32:35 GMT",
        "Pragma": "no-cache",
        "Server": "Microsoft-HTTPAPI/2.0",
        "Strict-Transport-Security": "max-age=31536000; includeSubDomains",
        "X-Content-Type-Options": "nosniff",
        "x-ms-correlation-request-id": "4a442e94-11a5-481b-b1d9-9ca1985404c7",
        "x-ms-gatewayversion": "version=2.14.0",
        "x-ms-ratelimit-remaining-subscription-reads": "11344",
        "x-ms-request-id": "4a442e94-11a5-481b-b1d9-9ca1985404c7",
        "x-ms-routing-request-id": "WESTCENTRALUS:20220922T053236Z:4a442e94-11a5-481b-b1d9-9ca1985404c7"
      },
      "ResponseBody": {
        "status": "Dequeued"
      }
    },
    {
      "RequestUri": "https://management.azure.com/subscriptions/12053b8f-cab5-4f5c-9c1a-870580142abd/providers/Microsoft.DocumentDB/locations/westus2/operationsStatus/e6115ad2-505e-4977-b799-ba01ff8e8f0a?api-version=2022-08-15",
      "RequestMethod": "GET",
      "RequestHeaders": {
        "Authorization": "Sanitized",
        "traceparent": "00-745d103bc87ba64982a27ffe9da5c4c6-73034ca5f799b740-00",
        "User-Agent": "azsdk-net-ResourceManager/1.3.1 (.NET Core 3.1.29; Microsoft Windows 10.0.19044)",
        "x-ms-client-request-id": "3578b451fe62f097838fc96b669d06c6",
        "x-ms-return-client-request-id": "true"
      },
      "RequestBody": null,
      "StatusCode": 200,
      "ResponseHeaders": {
        "Cache-Control": "no-store, no-cache",
        "Content-Length": "21",
        "Content-Type": "application/json",
        "Date": "Thu, 22 Sep 2022 05:33:07 GMT",
        "Pragma": "no-cache",
        "Server": "Microsoft-HTTPAPI/2.0",
        "Strict-Transport-Security": "max-age=31536000; includeSubDomains",
        "X-Content-Type-Options": "nosniff",
        "x-ms-correlation-request-id": "c18bc514-1b9f-4650-9abb-4b5ae692bba3",
        "x-ms-gatewayversion": "version=2.14.0",
        "x-ms-ratelimit-remaining-subscription-reads": "11343",
        "x-ms-request-id": "c18bc514-1b9f-4650-9abb-4b5ae692bba3",
        "x-ms-routing-request-id": "WESTCENTRALUS:20220922T053308Z:c18bc514-1b9f-4650-9abb-4b5ae692bba3"
      },
      "ResponseBody": {
        "status": "Dequeued"
      }
    },
    {
      "RequestUri": "https://management.azure.com/subscriptions/12053b8f-cab5-4f5c-9c1a-870580142abd/providers/Microsoft.DocumentDB/locations/westus2/operationsStatus/e6115ad2-505e-4977-b799-ba01ff8e8f0a?api-version=2022-08-15",
      "RequestMethod": "GET",
      "RequestHeaders": {
        "Authorization": "Sanitized",
        "traceparent": "00-745d103bc87ba64982a27ffe9da5c4c6-17719af8a81e5c46-00",
        "User-Agent": "azsdk-net-ResourceManager/1.3.1 (.NET Core 3.1.29; Microsoft Windows 10.0.19044)",
        "x-ms-client-request-id": "bdaed6221769974baad44aa86fcea9cc",
        "x-ms-return-client-request-id": "true"
      },
      "RequestBody": null,
      "StatusCode": 200,
      "ResponseHeaders": {
        "Cache-Control": "no-store, no-cache",
        "Content-Length": "21",
        "Content-Type": "application/json",
        "Date": "Thu, 22 Sep 2022 05:33:40 GMT",
        "Pragma": "no-cache",
        "Server": "Microsoft-HTTPAPI/2.0",
        "Strict-Transport-Security": "max-age=31536000; includeSubDomains",
        "X-Content-Type-Options": "nosniff",
        "x-ms-correlation-request-id": "48c4065f-016b-471e-926b-5252dca8ce03",
        "x-ms-gatewayversion": "version=2.14.0",
        "x-ms-ratelimit-remaining-subscription-reads": "11342",
        "x-ms-request-id": "48c4065f-016b-471e-926b-5252dca8ce03",
        "x-ms-routing-request-id": "WESTCENTRALUS:20220922T053340Z:48c4065f-016b-471e-926b-5252dca8ce03"
      },
      "ResponseBody": {
        "status": "Dequeued"
      }
    },
    {
      "RequestUri": "https://management.azure.com/subscriptions/12053b8f-cab5-4f5c-9c1a-870580142abd/providers/Microsoft.DocumentDB/locations/westus2/operationsStatus/e6115ad2-505e-4977-b799-ba01ff8e8f0a?api-version=2022-08-15",
      "RequestMethod": "GET",
      "RequestHeaders": {
        "Authorization": "Sanitized",
        "traceparent": "00-745d103bc87ba64982a27ffe9da5c4c6-9fba088e9424844c-00",
        "User-Agent": "azsdk-net-ResourceManager/1.3.1 (.NET Core 3.1.29; Microsoft Windows 10.0.19044)",
        "x-ms-client-request-id": "765123f7674a46fc4da350a64b6cdc58",
        "x-ms-return-client-request-id": "true"
      },
      "RequestBody": null,
      "StatusCode": 200,
      "ResponseHeaders": {
        "Cache-Control": "no-store, no-cache",
        "Content-Length": "21",
        "Content-Type": "application/json",
        "Date": "Thu, 22 Sep 2022 05:34:12 GMT",
        "Pragma": "no-cache",
        "Server": "Microsoft-HTTPAPI/2.0",
        "Strict-Transport-Security": "max-age=31536000; includeSubDomains",
        "X-Content-Type-Options": "nosniff",
        "x-ms-correlation-request-id": "dac39f4f-37ff-44ce-85f7-c002a8cb08ae",
        "x-ms-gatewayversion": "version=2.14.0",
        "x-ms-ratelimit-remaining-subscription-reads": "11341",
        "x-ms-request-id": "dac39f4f-37ff-44ce-85f7-c002a8cb08ae",
        "x-ms-routing-request-id": "WESTCENTRALUS:20220922T053412Z:dac39f4f-37ff-44ce-85f7-c002a8cb08ae"
      },
      "ResponseBody": {
        "status": "Dequeued"
      }
    },
    {
      "RequestUri": "https://management.azure.com/subscriptions/12053b8f-cab5-4f5c-9c1a-870580142abd/providers/Microsoft.DocumentDB/locations/westus2/operationsStatus/e6115ad2-505e-4977-b799-ba01ff8e8f0a?api-version=2022-08-15",
      "RequestMethod": "GET",
      "RequestHeaders": {
        "Authorization": "Sanitized",
        "traceparent": "00-745d103bc87ba64982a27ffe9da5c4c6-1f094dd88a989e44-00",
        "User-Agent": "azsdk-net-ResourceManager/1.3.1 (.NET Core 3.1.29; Microsoft Windows 10.0.19044)",
        "x-ms-client-request-id": "2fe9510b80e33af269e08a8db4ee80b5",
        "x-ms-return-client-request-id": "true"
      },
      "RequestBody": null,
      "StatusCode": 200,
      "ResponseHeaders": {
        "Cache-Control": "no-store, no-cache",
        "Content-Length": "21",
        "Content-Type": "application/json",
        "Date": "Thu, 22 Sep 2022 05:34:44 GMT",
        "Pragma": "no-cache",
        "Server": "Microsoft-HTTPAPI/2.0",
        "Strict-Transport-Security": "max-age=31536000; includeSubDomains",
        "X-Content-Type-Options": "nosniff",
        "x-ms-correlation-request-id": "787295f4-5bbc-4d43-a26c-1606c1e05942",
        "x-ms-gatewayversion": "version=2.14.0",
        "x-ms-ratelimit-remaining-subscription-reads": "11340",
        "x-ms-request-id": "787295f4-5bbc-4d43-a26c-1606c1e05942",
        "x-ms-routing-request-id": "WESTCENTRALUS:20220922T053444Z:787295f4-5bbc-4d43-a26c-1606c1e05942"
      },
      "ResponseBody": {
        "status": "Dequeued"
      }
    },
    {
      "RequestUri": "https://management.azure.com/subscriptions/12053b8f-cab5-4f5c-9c1a-870580142abd/providers/Microsoft.DocumentDB/locations/westus2/operationsStatus/e6115ad2-505e-4977-b799-ba01ff8e8f0a?api-version=2022-08-15",
      "RequestMethod": "GET",
      "RequestHeaders": {
        "Authorization": "Sanitized",
        "traceparent": "00-745d103bc87ba64982a27ffe9da5c4c6-dcc662203dfa284c-00",
        "User-Agent": "azsdk-net-ResourceManager/1.3.1 (.NET Core 3.1.29; Microsoft Windows 10.0.19044)",
        "x-ms-client-request-id": "4273fce68f4bba7bda676fc5c6a44c3d",
        "x-ms-return-client-request-id": "true"
      },
      "RequestBody": null,
      "StatusCode": 200,
      "ResponseHeaders": {
        "Cache-Control": "no-store, no-cache",
        "Content-Length": "21",
        "Content-Type": "application/json",
        "Date": "Thu, 22 Sep 2022 05:35:16 GMT",
        "Pragma": "no-cache",
        "Server": "Microsoft-HTTPAPI/2.0",
        "Strict-Transport-Security": "max-age=31536000; includeSubDomains",
        "X-Content-Type-Options": "nosniff",
        "x-ms-correlation-request-id": "443e3c78-2ec1-4619-bb82-5b668d8b039f",
        "x-ms-gatewayversion": "version=2.14.0",
        "x-ms-ratelimit-remaining-subscription-reads": "11445",
        "x-ms-request-id": "443e3c78-2ec1-4619-bb82-5b668d8b039f",
        "x-ms-routing-request-id": "WESTCENTRALUS:20220922T053516Z:443e3c78-2ec1-4619-bb82-5b668d8b039f"
      },
      "ResponseBody": {
        "status": "Dequeued"
      }
    },
    {
      "RequestUri": "https://management.azure.com/subscriptions/12053b8f-cab5-4f5c-9c1a-870580142abd/providers/Microsoft.DocumentDB/locations/westus2/operationsStatus/e6115ad2-505e-4977-b799-ba01ff8e8f0a?api-version=2022-08-15",
      "RequestMethod": "GET",
      "RequestHeaders": {
        "Authorization": "Sanitized",
        "traceparent": "00-745d103bc87ba64982a27ffe9da5c4c6-28f4c08a811b6f42-00",
        "User-Agent": "azsdk-net-ResourceManager/1.3.1 (.NET Core 3.1.29; Microsoft Windows 10.0.19044)",
        "x-ms-client-request-id": "1d9df1f779e477e931160d69dc6e915e",
        "x-ms-return-client-request-id": "true"
      },
      "RequestBody": null,
      "StatusCode": 200,
      "ResponseHeaders": {
        "Cache-Control": "no-store, no-cache",
        "Content-Length": "22",
        "Content-Type": "application/json",
        "Date": "Thu, 22 Sep 2022 05:35:48 GMT",
        "Pragma": "no-cache",
        "Server": "Microsoft-HTTPAPI/2.0",
        "Strict-Transport-Security": "max-age=31536000; includeSubDomains",
        "X-Content-Type-Options": "nosniff",
        "x-ms-correlation-request-id": "09cd37a2-2ba7-4de8-a656-09a5b21ba0bc",
        "x-ms-gatewayversion": "version=2.14.0",
        "x-ms-ratelimit-remaining-subscription-reads": "11444",
        "x-ms-request-id": "09cd37a2-2ba7-4de8-a656-09a5b21ba0bc",
        "x-ms-routing-request-id": "WESTCENTRALUS:20220922T053548Z:09cd37a2-2ba7-4de8-a656-09a5b21ba0bc"
      },
      "ResponseBody": {
        "status": "Succeeded"
      }
    },
    {
      "RequestUri": "https://management.azure.com/subscriptions/12053b8f-cab5-4f5c-9c1a-870580142abd/resourceGroups/dbaccount-9094/providers/Microsoft.DocumentDB/databaseAccounts/dbaccount-54?api-version=2022-08-15",
      "RequestMethod": "GET",
      "RequestHeaders": {
        "Authorization": "Sanitized",
        "traceparent": "00-745d103bc87ba64982a27ffe9da5c4c6-5a20e235b242604f-00",
        "User-Agent": "azsdk-net-ResourceManager/1.3.1 (.NET Core 3.1.29; Microsoft Windows 10.0.19044)",
        "x-ms-client-request-id": "4ebf9b229af87b0cd52e547b102c74c4",
        "x-ms-return-client-request-id": "true"
      },
      "RequestBody": null,
      "StatusCode": 200,
      "ResponseHeaders": {
        "Cache-Control": "no-store, no-cache",
        "Content-Length": "2844",
        "Content-Type": "application/json",
        "Date": "Thu, 22 Sep 2022 05:35:48 GMT",
        "Pragma": "no-cache",
        "Server": "Microsoft-HTTPAPI/2.0",
        "Strict-Transport-Security": "max-age=31536000; includeSubDomains",
        "X-Content-Type-Options": "nosniff",
        "x-ms-correlation-request-id": "bfbdecc9-115f-4fe4-b50b-c5a7fd580e48",
        "x-ms-gatewayversion": "version=2.14.0",
        "x-ms-ratelimit-remaining-subscription-reads": "11443",
        "x-ms-request-id": "bfbdecc9-115f-4fe4-b50b-c5a7fd580e48",
        "x-ms-routing-request-id": "WESTCENTRALUS:20220922T053549Z:bfbdecc9-115f-4fe4-b50b-c5a7fd580e48"
      },
      "ResponseBody": {
        "id": "/subscriptions/12053b8f-cab5-4f5c-9c1a-870580142abd/resourceGroups/dbaccount-9094/providers/Microsoft.DocumentDB/databaseAccounts/dbaccount-54",
        "name": "dbaccount-54",
        "location": "West US 2",
        "type": "Microsoft.DocumentDB/databaseAccounts",
        "kind": "MongoDB",
        "tags": {
          "key1": "value1",
          "key2": "value2"
        },
        "systemData": {
          "createdAt": "2022-09-22T05:35:24.1760424Z"
        },
        "properties": {
          "provisioningState": "Succeeded",
          "documentEndpoint": "https://dbaccount-54.documents.azure.com:443/",
          "mongoEndpoint": "https://dbaccount-54.mongo.cosmos.azure.com:443/",
          "publicNetworkAccess": "Enabled",
          "enableAutomaticFailover": false,
          "enableMultipleWriteLocations": false,
          "enablePartitionKeyMonitor": false,
          "isVirtualNetworkFilterEnabled": true,
          "virtualNetworkRules": [],
          "EnabledApiTypes": "MongoDB",
          "disableKeyBasedMetadataWriteAccess": false,
          "enableFreeTier": false,
          "enableAnalyticalStorage": false,
          "analyticalStorageConfiguration": {
            "schemaType": "FullFidelity"
          },
          "instanceId": "edfb4b84-cb17-4291-a744-ba02093a62bd",
          "databaseAccountOfferType": "Standard",
          "enableCassandraConnector": false,
          "connectorOffer": "Small",
          "defaultIdentity": "FirstPartyIdentity",
          "networkAclBypass": "None",
          "disableLocalAuth": false,
          "enablePartitionMerge": false,
          "consistencyPolicy": {
            "defaultConsistencyLevel": "BoundedStaleness",
            "maxIntervalInSeconds": 1000,
            "maxStalenessPrefix": 300
          },
          "apiProperties": {
            "serverVersion": "3.6"
          },
          "configurationOverrides": {
            "EnableBsonSchema": "True"
          },
          "writeLocations": [
            {
              "id": "dbaccount-54-westus",
              "locationName": "West US",
              "documentEndpoint": "https://dbaccount-54-westus.documents.azure.com:443/",
              "provisioningState": "Succeeded",
              "failoverPriority": 0,
              "isZoneRedundant": false
            }
          ],
          "readLocations": [
            {
              "id": "dbaccount-54-westus",
              "locationName": "West US",
              "documentEndpoint": "https://dbaccount-54-westus.documents.azure.com:443/",
              "provisioningState": "Succeeded",
              "failoverPriority": 0,
              "isZoneRedundant": false
            }
          ],
          "locations": [
            {
              "id": "dbaccount-54-westus",
              "locationName": "West US",
              "documentEndpoint": "https://dbaccount-54-westus.documents.azure.com:443/",
              "provisioningState": "Succeeded",
              "failoverPriority": 0,
              "isZoneRedundant": false
            }
          ],
          "failoverPolicies": [
            {
              "id": "dbaccount-54-westus",
              "locationName": "West US",
              "failoverPriority": 0
            }
          ],
          "cors": [],
          "capabilities": [
            {
              "name": "EnableMongo"
            },
            {
              "name": "EnableMongoRoleBasedAccessControl"
            }
          ],
          "ipRules": [
            {
              "ipAddressOrRange": "23.43.230.120"
            }
          ],
          "backupPolicy": {
            "type": "Periodic",
            "periodicModeProperties": {
              "backupIntervalInMinutes": 240,
              "backupRetentionIntervalInHours": 8,
              "backupStorageRedundancy": "Geo"
            }
          },
          "networkAclBypassResourceIds": [],
          "keysMetadata": {
            "primaryMasterKey": {
              "generationTime": "2022-09-22T05:35:24.1760424Z"
            },
            "secondaryMasterKey": {
              "generationTime": "2022-09-22T05:35:24.1760424Z"
            },
            "primaryReadonlyMasterKey": {
              "generationTime": "2022-09-22T05:35:24.1760424Z"
            },
            "secondaryReadonlyMasterKey": {
              "generationTime": "2022-09-22T05:35:24.1760424Z"
            }
          }
        },
        "identity": {
          "type": "None"
        }
      }
    },
    {
      "RequestUri": "https://management.azure.com/subscriptions/12053b8f-cab5-4f5c-9c1a-870580142abd/resourceGroups/dbaccount-9094/providers/Microsoft.DocumentDB/databaseAccounts/dbaccount-54/mongodbDatabases/mongodb-1943?api-version=2022-08-15",
      "RequestMethod": "PUT",
      "RequestHeaders": {
        "Accept": "application/json",
        "Authorization": "Sanitized",
        "Content-Length": "108",
        "Content-Type": "application/json",
        "traceparent": "00-142847299b6c824780062c4b1096e73e-5b7d6978141e8044-00",
        "User-Agent": "azsdk-net-ResourceManager.CosmosDB/1.1.0-alpha.20220921.1 (.NET Core 3.1.29; Microsoft Windows 10.0.19044)",
        "x-ms-client-request-id": "c2954c9463516dd013fc10348211de6c",
        "x-ms-return-client-request-id": "true"
      },
      "RequestBody": {
        "tags": {},
        "location": "westus",
        "properties": {
          "resource": {
            "id": "mongodb-1943"
          },
          "options": {
            "throughput": 700
          }
        }
      },
      "StatusCode": 202,
      "ResponseHeaders": {
        "Azure-AsyncOperation": "https://management.azure.com/subscriptions/12053b8f-cab5-4f5c-9c1a-870580142abd/providers/Microsoft.DocumentDB/locations/westus2/operationsStatus/2de663d5-1afd-473e-ba26-426b82303df8?api-version=2022-08-15",
        "Cache-Control": "no-store, no-cache",
        "Content-Length": "21",
        "Content-Type": "application/json",
        "Date": "Thu, 22 Sep 2022 05:35:48 GMT",
        "Location": "https://management.azure.com/subscriptions/12053b8f-cab5-4f5c-9c1a-870580142abd/resourceGroups/dbaccount-9094/providers/Microsoft.DocumentDB/databaseAccounts/dbaccount-54/mongodbDatabases/mongodb-1943/operationResults/2de663d5-1afd-473e-ba26-426b82303df8?api-version=2022-08-15",
        "Pragma": "no-cache",
        "Server": "Microsoft-HTTPAPI/2.0",
        "Strict-Transport-Security": "max-age=31536000; includeSubDomains",
        "X-Content-Type-Options": "nosniff",
        "x-ms-correlation-request-id": "66ac67ec-a1fe-4ca3-b60e-bb8f5f0af38f",
        "x-ms-gatewayversion": "version=2.14.0",
        "x-ms-ratelimit-remaining-subscription-writes": "1159",
        "x-ms-request-id": "2de663d5-1afd-473e-ba26-426b82303df8",
        "x-ms-routing-request-id": "WESTCENTRALUS:20220922T053549Z:66ac67ec-a1fe-4ca3-b60e-bb8f5f0af38f"
      },
      "ResponseBody": {
        "status": "Enqueued"
      }
    },
    {
      "RequestUri": "https://management.azure.com/subscriptions/12053b8f-cab5-4f5c-9c1a-870580142abd/providers/Microsoft.DocumentDB/locations/westus2/operationsStatus/2de663d5-1afd-473e-ba26-426b82303df8?api-version=2022-08-15",
      "RequestMethod": "GET",
      "RequestHeaders": {
        "Authorization": "Sanitized",
        "traceparent": "00-142847299b6c824780062c4b1096e73e-59d098e5e9a4db46-00",
        "User-Agent": "azsdk-net-ResourceManager/1.3.1 (.NET Core 3.1.29; Microsoft Windows 10.0.19044)",
        "x-ms-client-request-id": "8fd548a2cfd8bf0dcb523bfc89d7f8c4",
        "x-ms-return-client-request-id": "true"
      },
      "RequestBody": null,
      "StatusCode": 200,
      "ResponseHeaders": {
        "Cache-Control": "no-store, no-cache",
        "Content-Length": "21",
        "Content-Type": "application/json",
        "Date": "Thu, 22 Sep 2022 05:35:48 GMT",
        "Pragma": "no-cache",
        "Server": "Microsoft-HTTPAPI/2.0",
        "Strict-Transport-Security": "max-age=31536000; includeSubDomains",
        "X-Content-Type-Options": "nosniff",
        "x-ms-correlation-request-id": "1b9b915f-d96b-41be-9747-7706a9d0822c",
        "x-ms-gatewayversion": "version=2.14.0",
        "x-ms-ratelimit-remaining-subscription-reads": "11442",
        "x-ms-request-id": "1b9b915f-d96b-41be-9747-7706a9d0822c",
        "x-ms-routing-request-id": "WESTCENTRALUS:20220922T053549Z:1b9b915f-d96b-41be-9747-7706a9d0822c"
      },
      "ResponseBody": {
        "status": "Enqueued"
      }
    },
    {
      "RequestUri": "https://management.azure.com/subscriptions/12053b8f-cab5-4f5c-9c1a-870580142abd/providers/Microsoft.DocumentDB/locations/westus2/operationsStatus/2de663d5-1afd-473e-ba26-426b82303df8?api-version=2022-08-15",
      "RequestMethod": "GET",
      "RequestHeaders": {
        "Authorization": "Sanitized",
        "traceparent": "00-142847299b6c824780062c4b1096e73e-968485b5f5bf2a47-00",
        "User-Agent": "azsdk-net-ResourceManager/1.3.1 (.NET Core 3.1.29; Microsoft Windows 10.0.19044)",
        "x-ms-client-request-id": "ffa5e850488996df0738dd2f1b1a48a5",
        "x-ms-return-client-request-id": "true"
      },
      "RequestBody": null,
      "StatusCode": 200,
      "ResponseHeaders": {
        "Cache-Control": "no-store, no-cache",
        "Content-Length": "21",
        "Content-Type": "application/json",
        "Date": "Thu, 22 Sep 2022 05:35:50 GMT",
        "Pragma": "no-cache",
        "Server": "Microsoft-HTTPAPI/2.0",
        "Strict-Transport-Security": "max-age=31536000; includeSubDomains",
        "X-Content-Type-Options": "nosniff",
        "x-ms-correlation-request-id": "1d5cb681-1045-4f5d-bf10-cc0bbe4b61d0",
        "x-ms-gatewayversion": "version=2.14.0",
        "x-ms-ratelimit-remaining-subscription-reads": "11441",
        "x-ms-request-id": "1d5cb681-1045-4f5d-bf10-cc0bbe4b61d0",
        "x-ms-routing-request-id": "WESTCENTRALUS:20220922T053550Z:1d5cb681-1045-4f5d-bf10-cc0bbe4b61d0"
      },
      "ResponseBody": {
        "status": "Enqueued"
      }
    },
    {
      "RequestUri": "https://management.azure.com/subscriptions/12053b8f-cab5-4f5c-9c1a-870580142abd/providers/Microsoft.DocumentDB/locations/westus2/operationsStatus/2de663d5-1afd-473e-ba26-426b82303df8?api-version=2022-08-15",
      "RequestMethod": "GET",
      "RequestHeaders": {
        "Authorization": "Sanitized",
        "traceparent": "00-142847299b6c824780062c4b1096e73e-d59d930776e6a643-00",
        "User-Agent": "azsdk-net-ResourceManager/1.3.1 (.NET Core 3.1.29; Microsoft Windows 10.0.19044)",
        "x-ms-client-request-id": "3a920c954e3c069402e46092c148d30d",
        "x-ms-return-client-request-id": "true"
      },
      "RequestBody": null,
      "StatusCode": 200,
      "ResponseHeaders": {
        "Cache-Control": "no-store, no-cache",
        "Content-Length": "21",
        "Content-Type": "application/json",
        "Date": "Thu, 22 Sep 2022 05:35:51 GMT",
        "Pragma": "no-cache",
        "Server": "Microsoft-HTTPAPI/2.0",
        "Strict-Transport-Security": "max-age=31536000; includeSubDomains",
        "X-Content-Type-Options": "nosniff",
        "x-ms-correlation-request-id": "36c55939-9c80-422a-a81e-54db6005b6f0",
        "x-ms-gatewayversion": "version=2.14.0",
        "x-ms-ratelimit-remaining-subscription-reads": "11440",
        "x-ms-request-id": "36c55939-9c80-422a-a81e-54db6005b6f0",
        "x-ms-routing-request-id": "WESTCENTRALUS:20220922T053552Z:36c55939-9c80-422a-a81e-54db6005b6f0"
      },
      "ResponseBody": {
        "status": "Enqueued"
      }
    },
    {
      "RequestUri": "https://management.azure.com/subscriptions/12053b8f-cab5-4f5c-9c1a-870580142abd/providers/Microsoft.DocumentDB/locations/westus2/operationsStatus/2de663d5-1afd-473e-ba26-426b82303df8?api-version=2022-08-15",
      "RequestMethod": "GET",
      "RequestHeaders": {
        "Authorization": "Sanitized",
        "traceparent": "00-142847299b6c824780062c4b1096e73e-1df0c1e8c064504a-00",
        "User-Agent": "azsdk-net-ResourceManager/1.3.1 (.NET Core 3.1.29; Microsoft Windows 10.0.19044)",
        "x-ms-client-request-id": "3c65832867c7597b693e879ff2dea3b0",
        "x-ms-return-client-request-id": "true"
      },
      "RequestBody": null,
      "StatusCode": 200,
      "ResponseHeaders": {
        "Cache-Control": "no-store, no-cache",
        "Content-Length": "21",
        "Content-Type": "application/json",
        "Date": "Thu, 22 Sep 2022 05:35:52 GMT",
        "Pragma": "no-cache",
        "Server": "Microsoft-HTTPAPI/2.0",
        "Strict-Transport-Security": "max-age=31536000; includeSubDomains",
        "X-Content-Type-Options": "nosniff",
        "x-ms-correlation-request-id": "9d64b5ea-8e0e-4d8d-8594-41aa25f679c3",
        "x-ms-gatewayversion": "version=2.14.0",
        "x-ms-ratelimit-remaining-subscription-reads": "11439",
        "x-ms-request-id": "9d64b5ea-8e0e-4d8d-8594-41aa25f679c3",
        "x-ms-routing-request-id": "WESTCENTRALUS:20220922T053553Z:9d64b5ea-8e0e-4d8d-8594-41aa25f679c3"
      },
      "ResponseBody": {
        "status": "Enqueued"
      }
    },
    {
      "RequestUri": "https://management.azure.com/subscriptions/12053b8f-cab5-4f5c-9c1a-870580142abd/providers/Microsoft.DocumentDB/locations/westus2/operationsStatus/2de663d5-1afd-473e-ba26-426b82303df8?api-version=2022-08-15",
      "RequestMethod": "GET",
      "RequestHeaders": {
        "Authorization": "Sanitized",
        "traceparent": "00-142847299b6c824780062c4b1096e73e-4972b4a53f87864b-00",
        "User-Agent": "azsdk-net-ResourceManager/1.3.1 (.NET Core 3.1.29; Microsoft Windows 10.0.19044)",
        "x-ms-client-request-id": "7c67950abe450287549ffca4e84cd4bf",
        "x-ms-return-client-request-id": "true"
      },
      "RequestBody": null,
      "StatusCode": 200,
      "ResponseHeaders": {
        "Cache-Control": "no-store, no-cache",
        "Content-Length": "21",
        "Content-Type": "application/json",
        "Date": "Thu, 22 Sep 2022 05:35:54 GMT",
        "Pragma": "no-cache",
        "Server": "Microsoft-HTTPAPI/2.0",
        "Strict-Transport-Security": "max-age=31536000; includeSubDomains",
        "X-Content-Type-Options": "nosniff",
        "x-ms-correlation-request-id": "222c2d89-096b-4d0c-a066-84ffa76cb4f3",
        "x-ms-gatewayversion": "version=2.14.0",
        "x-ms-ratelimit-remaining-subscription-reads": "11438",
        "x-ms-request-id": "222c2d89-096b-4d0c-a066-84ffa76cb4f3",
        "x-ms-routing-request-id": "WESTCENTRALUS:20220922T053555Z:222c2d89-096b-4d0c-a066-84ffa76cb4f3"
      },
      "ResponseBody": {
        "status": "Dequeued"
      }
    },
    {
      "RequestUri": "https://management.azure.com/subscriptions/12053b8f-cab5-4f5c-9c1a-870580142abd/providers/Microsoft.DocumentDB/locations/westus2/operationsStatus/2de663d5-1afd-473e-ba26-426b82303df8?api-version=2022-08-15",
      "RequestMethod": "GET",
      "RequestHeaders": {
        "Authorization": "Sanitized",
        "traceparent": "00-142847299b6c824780062c4b1096e73e-8330b058579fe645-00",
        "User-Agent": "azsdk-net-ResourceManager/1.3.1 (.NET Core 3.1.29; Microsoft Windows 10.0.19044)",
        "x-ms-client-request-id": "9706cf640cb52dde9138d0fdc6f41424",
        "x-ms-return-client-request-id": "true"
      },
      "RequestBody": null,
      "StatusCode": 200,
      "ResponseHeaders": {
        "Cache-Control": "no-store, no-cache",
        "Content-Length": "22",
        "Content-Type": "application/json",
        "Date": "Thu, 22 Sep 2022 05:35:58 GMT",
        "Pragma": "no-cache",
        "Server": "Microsoft-HTTPAPI/2.0",
        "Strict-Transport-Security": "max-age=31536000; includeSubDomains",
        "X-Content-Type-Options": "nosniff",
        "x-ms-correlation-request-id": "f645feca-fc6b-4f21-bc74-4baab2d77cc5",
        "x-ms-gatewayversion": "version=2.14.0",
        "x-ms-ratelimit-remaining-subscription-reads": "11437",
        "x-ms-request-id": "f645feca-fc6b-4f21-bc74-4baab2d77cc5",
        "x-ms-routing-request-id": "WESTCENTRALUS:20220922T053559Z:f645feca-fc6b-4f21-bc74-4baab2d77cc5"
      },
      "ResponseBody": {
        "status": "Succeeded"
      }
    },
    {
      "RequestUri": "https://management.azure.com/subscriptions/12053b8f-cab5-4f5c-9c1a-870580142abd/resourceGroups/dbaccount-9094/providers/Microsoft.DocumentDB/databaseAccounts/dbaccount-54/mongodbDatabases/mongodb-1943?api-version=2022-08-15",
      "RequestMethod": "GET",
      "RequestHeaders": {
        "Authorization": "Sanitized",
        "traceparent": "00-142847299b6c824780062c4b1096e73e-56df8768d753bb47-00",
        "User-Agent": "azsdk-net-ResourceManager/1.3.1 (.NET Core 3.1.29; Microsoft Windows 10.0.19044)",
        "x-ms-client-request-id": "2c88af4056e069c7fb62e8286ad6711c",
        "x-ms-return-client-request-id": "true"
      },
      "RequestBody": null,
      "StatusCode": 200,
      "ResponseHeaders": {
        "Cache-Control": "no-store, no-cache",
        "Content-Length": "315",
        "Content-Type": "application/json",
        "Date": "Thu, 22 Sep 2022 05:35:59 GMT",
        "Pragma": "no-cache",
        "Server": "Microsoft-HTTPAPI/2.0",
        "Strict-Transport-Security": "max-age=31536000; includeSubDomains",
        "X-Content-Type-Options": "nosniff",
        "x-ms-correlation-request-id": "2235ed9d-2bc9-4016-bb51-7ea6187855a2",
        "x-ms-gatewayversion": "version=2.14.0",
        "x-ms-ratelimit-remaining-subscription-reads": "11436",
        "x-ms-request-id": "2235ed9d-2bc9-4016-bb51-7ea6187855a2",
        "x-ms-routing-request-id": "WESTCENTRALUS:20220922T053600Z:2235ed9d-2bc9-4016-bb51-7ea6187855a2"
      },
      "ResponseBody": {
        "id": "/subscriptions/12053b8f-cab5-4f5c-9c1a-870580142abd/resourceGroups/dbaccount-9094/providers/Microsoft.DocumentDB/databaseAccounts/dbaccount-54/mongodbDatabases/mongodb-1943",
        "type": "Microsoft.DocumentDB/databaseAccounts/mongodbDatabases",
        "name": "mongodb-1943",
        "properties": {
          "resource": {
            "id": "mongodb-1943"
          }
        }
      }
    },
    {
      "RequestUri": "https://management.azure.com/subscriptions/12053b8f-cab5-4f5c-9c1a-870580142abd/resourceGroups/dbaccount-9094/providers/Microsoft.DocumentDB/databaseAccounts/dbaccount-54/mongodbRoleDefinitions/mongodb-1943.mongo-role-def-6546?api-version=2022-08-15",
      "RequestMethod": "PUT",
      "RequestHeaders": {
        "Accept": "application/json",
        "Authorization": "Sanitized",
        "Content-Length": "190",
        "Content-Type": "application/json",
        "traceparent": "00-c2a0b21a60401648843d6c42c8d3a0ca-12e43a4a1ab8c547-00",
        "User-Agent": "azsdk-net-ResourceManager.CosmosDB/1.1.0-alpha.20220921.1 (.NET Core 3.1.29; Microsoft Windows 10.0.19044)",
        "x-ms-client-request-id": "d7223bc8fb0bb7fe3aeb0dee8a3b5f8b",
        "x-ms-return-client-request-id": "true"
      },
      "RequestBody": {
        "properties": {
          "roleName": "mongo-role-def-6546",
          "type": "CustomRole",
          "databaseName": "mongodb-1943",
          "privileges": [
            {
              "resource": {
                "db": "mongodb-1943",
                "collection": "test"
              },
              "actions": [
                "insert"
              ]
            }
          ]
        }
      },
      "StatusCode": 202,
      "ResponseHeaders": {
        "Azure-AsyncOperation": "https://management.azure.com/subscriptions/12053b8f-cab5-4f5c-9c1a-870580142abd/providers/Microsoft.DocumentDB/locations/westus2/operationsStatus/87126048-87d3-4787-b3fa-cd4894a243b2?api-version=2022-08-15",
        "Cache-Control": "no-store, no-cache",
        "Content-Length": "21",
        "Content-Type": "application/json",
        "Date": "Thu, 22 Sep 2022 05:36:00 GMT",
        "Location": "https://management.azure.com/subscriptions/12053b8f-cab5-4f5c-9c1a-870580142abd/resourceGroups/dbaccount-9094/providers/Microsoft.DocumentDB/databaseAccounts/dbaccount-54/mongodbRoleDefinitions/mongodb-1943.mongo-role-def-6546/operationResults/87126048-87d3-4787-b3fa-cd4894a243b2?api-version=2022-08-15",
        "Pragma": "no-cache",
        "Server": "Microsoft-HTTPAPI/2.0",
        "Strict-Transport-Security": "max-age=31536000; includeSubDomains",
        "X-Content-Type-Options": "nosniff",
        "x-ms-correlation-request-id": "e39bd48a-2ce8-4f8e-bebf-f505b4e407c5",
        "x-ms-gatewayversion": "version=2.14.0",
        "x-ms-ratelimit-remaining-subscription-writes": "1158",
        "x-ms-request-id": "87126048-87d3-4787-b3fa-cd4894a243b2",
        "x-ms-routing-request-id": "WESTCENTRALUS:20220922T053601Z:e39bd48a-2ce8-4f8e-bebf-f505b4e407c5"
      },
      "ResponseBody": {
        "status": "Enqueued"
      }
    },
    {
      "RequestUri": "https://management.azure.com/subscriptions/12053b8f-cab5-4f5c-9c1a-870580142abd/providers/Microsoft.DocumentDB/locations/westus2/operationsStatus/87126048-87d3-4787-b3fa-cd4894a243b2?api-version=2022-08-15",
      "RequestMethod": "GET",
      "RequestHeaders": {
        "Authorization": "Sanitized",
        "traceparent": "00-c2a0b21a60401648843d6c42c8d3a0ca-c4a04cd09d72364b-00",
        "User-Agent": "azsdk-net-ResourceManager/1.3.1 (.NET Core 3.1.29; Microsoft Windows 10.0.19044)",
        "x-ms-client-request-id": "b9fe94b44cf1b4358974a66bba7b7127",
        "x-ms-return-client-request-id": "true"
      },
      "RequestBody": null,
      "StatusCode": 200,
      "ResponseHeaders": {
        "Cache-Control": "no-store, no-cache",
        "Content-Length": "21",
        "Content-Type": "application/json",
        "Date": "Thu, 22 Sep 2022 05:36:00 GMT",
        "Pragma": "no-cache",
        "Server": "Microsoft-HTTPAPI/2.0",
        "Strict-Transport-Security": "max-age=31536000; includeSubDomains",
        "X-Content-Type-Options": "nosniff",
        "x-ms-correlation-request-id": "ab4ff560-4159-4541-b72a-2456d10a2dff",
        "x-ms-gatewayversion": "version=2.14.0",
        "x-ms-ratelimit-remaining-subscription-reads": "11435",
        "x-ms-request-id": "ab4ff560-4159-4541-b72a-2456d10a2dff",
        "x-ms-routing-request-id": "WESTCENTRALUS:20220922T053601Z:ab4ff560-4159-4541-b72a-2456d10a2dff"
      },
      "ResponseBody": {
        "status": "Enqueued"
      }
    },
    {
      "RequestUri": "https://management.azure.com/subscriptions/12053b8f-cab5-4f5c-9c1a-870580142abd/providers/Microsoft.DocumentDB/locations/westus2/operationsStatus/87126048-87d3-4787-b3fa-cd4894a243b2?api-version=2022-08-15",
      "RequestMethod": "GET",
      "RequestHeaders": {
        "Authorization": "Sanitized",
        "traceparent": "00-c2a0b21a60401648843d6c42c8d3a0ca-31149327db16af4c-00",
        "User-Agent": "azsdk-net-ResourceManager/1.3.1 (.NET Core 3.1.29; Microsoft Windows 10.0.19044)",
        "x-ms-client-request-id": "72919d885737e9c02d1a3b6fa8da0277",
        "x-ms-return-client-request-id": "true"
      },
      "RequestBody": null,
      "StatusCode": 200,
      "ResponseHeaders": {
        "Cache-Control": "no-store, no-cache",
        "Content-Length": "21",
        "Content-Type": "application/json",
        "Date": "Thu, 22 Sep 2022 05:36:01 GMT",
        "Pragma": "no-cache",
        "Server": "Microsoft-HTTPAPI/2.0",
        "Strict-Transport-Security": "max-age=31536000; includeSubDomains",
        "X-Content-Type-Options": "nosniff",
        "x-ms-correlation-request-id": "f918a87f-b76a-4757-ba8a-5e3446f88457",
        "x-ms-gatewayversion": "version=2.14.0",
        "x-ms-ratelimit-remaining-subscription-reads": "11434",
        "x-ms-request-id": "f918a87f-b76a-4757-ba8a-5e3446f88457",
        "x-ms-routing-request-id": "WESTCENTRALUS:20220922T053602Z:f918a87f-b76a-4757-ba8a-5e3446f88457"
      },
      "ResponseBody": {
        "status": "Enqueued"
      }
    },
    {
      "RequestUri": "https://management.azure.com/subscriptions/12053b8f-cab5-4f5c-9c1a-870580142abd/providers/Microsoft.DocumentDB/locations/westus2/operationsStatus/87126048-87d3-4787-b3fa-cd4894a243b2?api-version=2022-08-15",
      "RequestMethod": "GET",
      "RequestHeaders": {
        "Authorization": "Sanitized",
        "traceparent": "00-c2a0b21a60401648843d6c42c8d3a0ca-e1b8b99c02965e4b-00",
        "User-Agent": "azsdk-net-ResourceManager/1.3.1 (.NET Core 3.1.29; Microsoft Windows 10.0.19044)",
        "x-ms-client-request-id": "f5394630a63c8b992e843a3438a24d20",
        "x-ms-return-client-request-id": "true"
      },
      "RequestBody": null,
      "StatusCode": 200,
      "ResponseHeaders": {
        "Cache-Control": "no-store, no-cache",
        "Content-Length": "21",
        "Content-Type": "application/json",
        "Date": "Thu, 22 Sep 2022 05:36:03 GMT",
        "Pragma": "no-cache",
        "Server": "Microsoft-HTTPAPI/2.0",
        "Strict-Transport-Security": "max-age=31536000; includeSubDomains",
        "X-Content-Type-Options": "nosniff",
        "x-ms-correlation-request-id": "28479aeb-2e0e-4022-afd7-51b784c2542c",
        "x-ms-gatewayversion": "version=2.14.0",
        "x-ms-ratelimit-remaining-subscription-reads": "11433",
        "x-ms-request-id": "28479aeb-2e0e-4022-afd7-51b784c2542c",
        "x-ms-routing-request-id": "WESTCENTRALUS:20220922T053603Z:28479aeb-2e0e-4022-afd7-51b784c2542c"
      },
      "ResponseBody": {
        "status": "Enqueued"
      }
    },
    {
      "RequestUri": "https://management.azure.com/subscriptions/12053b8f-cab5-4f5c-9c1a-870580142abd/providers/Microsoft.DocumentDB/locations/westus2/operationsStatus/87126048-87d3-4787-b3fa-cd4894a243b2?api-version=2022-08-15",
      "RequestMethod": "GET",
      "RequestHeaders": {
        "Authorization": "Sanitized",
        "traceparent": "00-c2a0b21a60401648843d6c42c8d3a0ca-aa011dd5b7416f47-00",
        "User-Agent": "azsdk-net-ResourceManager/1.3.1 (.NET Core 3.1.29; Microsoft Windows 10.0.19044)",
        "x-ms-client-request-id": "189b2b2948315d8fd3158cd711c50baf",
        "x-ms-return-client-request-id": "true"
      },
      "RequestBody": null,
      "StatusCode": 200,
      "ResponseHeaders": {
        "Cache-Control": "no-store, no-cache",
        "Content-Length": "21",
        "Content-Type": "application/json",
        "Date": "Thu, 22 Sep 2022 05:36:04 GMT",
        "Pragma": "no-cache",
        "Server": "Microsoft-HTTPAPI/2.0",
        "Strict-Transport-Security": "max-age=31536000; includeSubDomains",
        "X-Content-Type-Options": "nosniff",
        "x-ms-correlation-request-id": "5fd7f910-2105-46fe-a727-8369246a4912",
        "x-ms-gatewayversion": "version=2.14.0",
        "x-ms-ratelimit-remaining-subscription-reads": "11432",
        "x-ms-request-id": "5fd7f910-2105-46fe-a727-8369246a4912",
        "x-ms-routing-request-id": "WESTCENTRALUS:20220922T053605Z:5fd7f910-2105-46fe-a727-8369246a4912"
      },
      "ResponseBody": {
        "status": "Enqueued"
      }
    },
    {
      "RequestUri": "https://management.azure.com/subscriptions/12053b8f-cab5-4f5c-9c1a-870580142abd/providers/Microsoft.DocumentDB/locations/westus2/operationsStatus/87126048-87d3-4787-b3fa-cd4894a243b2?api-version=2022-08-15",
      "RequestMethod": "GET",
      "RequestHeaders": {
        "Authorization": "Sanitized",
        "traceparent": "00-c2a0b21a60401648843d6c42c8d3a0ca-4ac7a9395cdbfe44-00",
        "User-Agent": "azsdk-net-ResourceManager/1.3.1 (.NET Core 3.1.29; Microsoft Windows 10.0.19044)",
        "x-ms-client-request-id": "733a2f727c41e1ea030643b21c8cb08a",
        "x-ms-return-client-request-id": "true"
      },
      "RequestBody": null,
      "StatusCode": 200,
      "ResponseHeaders": {
        "Cache-Control": "no-store, no-cache",
        "Content-Length": "21",
        "Content-Type": "application/json",
        "Date": "Thu, 22 Sep 2022 05:36:06 GMT",
        "Pragma": "no-cache",
        "Server": "Microsoft-HTTPAPI/2.0",
        "Strict-Transport-Security": "max-age=31536000; includeSubDomains",
        "X-Content-Type-Options": "nosniff",
        "x-ms-correlation-request-id": "a71b3e50-7d31-4da0-a63c-4b7820074917",
        "x-ms-gatewayversion": "version=2.14.0",
        "x-ms-ratelimit-remaining-subscription-reads": "11431",
        "x-ms-request-id": "a71b3e50-7d31-4da0-a63c-4b7820074917",
        "x-ms-routing-request-id": "WESTCENTRALUS:20220922T053607Z:a71b3e50-7d31-4da0-a63c-4b7820074917"
      },
      "ResponseBody": {
        "status": "Dequeued"
      }
    },
    {
      "RequestUri": "https://management.azure.com/subscriptions/12053b8f-cab5-4f5c-9c1a-870580142abd/providers/Microsoft.DocumentDB/locations/westus2/operationsStatus/87126048-87d3-4787-b3fa-cd4894a243b2?api-version=2022-08-15",
      "RequestMethod": "GET",
      "RequestHeaders": {
        "Authorization": "Sanitized",
        "traceparent": "00-c2a0b21a60401648843d6c42c8d3a0ca-d968fd8decaa3243-00",
        "User-Agent": "azsdk-net-ResourceManager/1.3.1 (.NET Core 3.1.29; Microsoft Windows 10.0.19044)",
        "x-ms-client-request-id": "7c451acde93ee745b7dc22271ac27a69",
        "x-ms-return-client-request-id": "true"
      },
      "RequestBody": null,
      "StatusCode": 200,
      "ResponseHeaders": {
        "Cache-Control": "no-store, no-cache",
        "Content-Length": "21",
        "Content-Type": "application/json",
        "Date": "Thu, 22 Sep 2022 05:36:10 GMT",
        "Pragma": "no-cache",
        "Server": "Microsoft-HTTPAPI/2.0",
        "Strict-Transport-Security": "max-age=31536000; includeSubDomains",
        "X-Content-Type-Options": "nosniff",
        "x-ms-correlation-request-id": "887e07bb-6762-4cf2-84ff-804da52d79f7",
        "x-ms-gatewayversion": "version=2.14.0",
        "x-ms-ratelimit-remaining-subscription-reads": "11430",
        "x-ms-request-id": "887e07bb-6762-4cf2-84ff-804da52d79f7",
        "x-ms-routing-request-id": "WESTCENTRALUS:20220922T053611Z:887e07bb-6762-4cf2-84ff-804da52d79f7"
      },
      "ResponseBody": {
        "status": "Dequeued"
      }
    },
    {
      "RequestUri": "https://management.azure.com/subscriptions/12053b8f-cab5-4f5c-9c1a-870580142abd/providers/Microsoft.DocumentDB/locations/westus2/operationsStatus/87126048-87d3-4787-b3fa-cd4894a243b2?api-version=2022-08-15",
      "RequestMethod": "GET",
      "RequestHeaders": {
        "Authorization": "Sanitized",
        "traceparent": "00-c2a0b21a60401648843d6c42c8d3a0ca-6566ec26e7e40d48-00",
        "User-Agent": "azsdk-net-ResourceManager/1.3.1 (.NET Core 3.1.29; Microsoft Windows 10.0.19044)",
        "x-ms-client-request-id": "08c28b79d967adde41ba152a04dc4046",
        "x-ms-return-client-request-id": "true"
      },
      "RequestBody": null,
      "StatusCode": 200,
      "ResponseHeaders": {
        "Cache-Control": "no-store, no-cache",
        "Content-Length": "22",
        "Content-Type": "application/json",
        "Date": "Thu, 22 Sep 2022 05:36:18 GMT",
        "Pragma": "no-cache",
        "Server": "Microsoft-HTTPAPI/2.0",
        "Strict-Transport-Security": "max-age=31536000; includeSubDomains",
        "X-Content-Type-Options": "nosniff",
        "x-ms-correlation-request-id": "0593ac7e-5e9d-4dc9-a492-63ba6d26301c",
        "x-ms-gatewayversion": "version=2.14.0",
        "x-ms-ratelimit-remaining-subscription-reads": "11429",
        "x-ms-request-id": "0593ac7e-5e9d-4dc9-a492-63ba6d26301c",
        "x-ms-routing-request-id": "WESTCENTRALUS:20220922T053619Z:0593ac7e-5e9d-4dc9-a492-63ba6d26301c"
      },
      "ResponseBody": {
        "status": "Succeeded"
      }
    },
    {
      "RequestUri": "https://management.azure.com/subscriptions/12053b8f-cab5-4f5c-9c1a-870580142abd/resourceGroups/dbaccount-9094/providers/Microsoft.DocumentDB/databaseAccounts/dbaccount-54/mongodbRoleDefinitions/mongodb-1943.mongo-role-def-6546?api-version=2022-08-15",
      "RequestMethod": "GET",
      "RequestHeaders": {
        "Authorization": "Sanitized",
        "traceparent": "00-c2a0b21a60401648843d6c42c8d3a0ca-b52d8a23d700134a-00",
        "User-Agent": "azsdk-net-ResourceManager/1.3.1 (.NET Core 3.1.29; Microsoft Windows 10.0.19044)",
        "x-ms-client-request-id": "f70a01648e7f8971e953bc6559c3c641",
        "x-ms-return-client-request-id": "true"
      },
      "RequestBody": null,
      "StatusCode": 200,
      "ResponseHeaders": {
        "Cache-Control": "no-store, no-cache",
        "Content-Length": "495",
        "Content-Type": "application/json",
        "Date": "Thu, 22 Sep 2022 05:36:19 GMT",
        "Pragma": "no-cache",
        "Server": "Microsoft-HTTPAPI/2.0",
        "Strict-Transport-Security": "max-age=31536000; includeSubDomains",
        "X-Content-Type-Options": "nosniff",
        "x-ms-correlation-request-id": "0ec7d9bc-bc1c-41f9-a88a-6a0bd396c79c",
        "x-ms-gatewayversion": "version=2.14.0",
        "x-ms-ratelimit-remaining-subscription-reads": "11428",
        "x-ms-request-id": "0ec7d9bc-bc1c-41f9-a88a-6a0bd396c79c",
        "x-ms-routing-request-id": "WESTCENTRALUS:20220922T053620Z:0ec7d9bc-bc1c-41f9-a88a-6a0bd396c79c"
      },
      "ResponseBody": {
        "id": "/subscriptions/12053b8f-cab5-4f5c-9c1a-870580142abd/resourceGroups/dbaccount-9094/providers/Microsoft.DocumentDB/databaseAccounts/dbaccount-54/mongodbRoleDefinitions/mongodb-1943.mongo-role-def-6546",
        "name": "mongo-role-def-6546",
        "properties": {
          "roleName": "mongo-role-def-6546",
          "type": 1,
          "databaseName": "mongodb-1943",
          "privileges": [
            {
              "resource": {
                "db": "mongodb-1943",
                "collection": "test"
              },
              "actions": [
                "insert"
              ]
            }
          ],
          "roles": []
        },
        "type": "Microsoft.DocumentDB/databaseAccounts/mongodbRoleDefinitions"
      }
    },
    {
      "RequestUri": "https://management.azure.com/subscriptions/12053b8f-cab5-4f5c-9c1a-870580142abd/resourceGroups/dbaccount-9094/providers/Microsoft.DocumentDB/databaseAccounts/dbaccount-54/mongodbRoleDefinitions/mongodb-1943.mongo-role-def-6546?api-version=2022-08-15",
      "RequestMethod": "GET",
      "RequestHeaders": {
        "Accept": "application/json",
        "Authorization": "Sanitized",
        "traceparent": "00-d0469fe164d6ab488b0e81833a9bda00-c8172533f2022445-00",
        "User-Agent": "azsdk-net-ResourceManager.CosmosDB/1.1.0-alpha.20220921.1 (.NET Core 3.1.29; Microsoft Windows 10.0.19044)",
        "x-ms-client-request-id": "9139da8ba8caf3223b973b84d41ae2da",
        "x-ms-return-client-request-id": "true"
      },
      "RequestBody": null,
      "StatusCode": 200,
      "ResponseHeaders": {
        "Cache-Control": "no-store, no-cache",
        "Content-Length": "495",
        "Content-Type": "application/json",
        "Date": "Thu, 22 Sep 2022 05:36:19 GMT",
        "Pragma": "no-cache",
        "Server": "Microsoft-HTTPAPI/2.0",
        "Strict-Transport-Security": "max-age=31536000; includeSubDomains",
        "X-Content-Type-Options": "nosniff",
        "x-ms-correlation-request-id": "ca2f9ff0-7162-4d22-ab0c-d8c47a492f2b",
        "x-ms-gatewayversion": "version=2.14.0",
        "x-ms-ratelimit-remaining-subscription-reads": "11427",
        "x-ms-request-id": "ca2f9ff0-7162-4d22-ab0c-d8c47a492f2b",
        "x-ms-routing-request-id": "WESTCENTRALUS:20220922T053620Z:ca2f9ff0-7162-4d22-ab0c-d8c47a492f2b"
      },
      "ResponseBody": {
        "id": "/subscriptions/12053b8f-cab5-4f5c-9c1a-870580142abd/resourceGroups/dbaccount-9094/providers/Microsoft.DocumentDB/databaseAccounts/dbaccount-54/mongodbRoleDefinitions/mongodb-1943.mongo-role-def-6546",
        "name": "mongo-role-def-6546",
        "properties": {
          "roleName": "mongo-role-def-6546",
          "type": 1,
          "databaseName": "mongodb-1943",
          "privileges": [
            {
              "resource": {
                "db": "mongodb-1943",
                "collection": "test"
              },
              "actions": [
                "insert"
              ]
            }
          ],
          "roles": []
        },
        "type": "Microsoft.DocumentDB/databaseAccounts/mongodbRoleDefinitions"
      }
    },
    {
      "RequestUri": "https://management.azure.com/subscriptions/12053b8f-cab5-4f5c-9c1a-870580142abd/resourceGroups/dbaccount-9094/providers/Microsoft.DocumentDB/databaseAccounts/dbaccount-54/mongodbRoleDefinitions/mongodb-1943.mongo-role-def-6546?api-version=2022-08-15",
      "RequestMethod": "GET",
      "RequestHeaders": {
        "Accept": "application/json",
        "Authorization": "Sanitized",
        "traceparent": "00-fd8a7965dc98fe46b1b8170e6cdd1c15-d2ebf5c14feeb44d-00",
        "User-Agent": "azsdk-net-ResourceManager.CosmosDB/1.1.0-alpha.20220921.1 (.NET Core 3.1.29; Microsoft Windows 10.0.19044)",
        "x-ms-client-request-id": "19c2db9c82b8eae919391e141d79547e",
        "x-ms-return-client-request-id": "true"
      },
      "RequestBody": null,
      "StatusCode": 200,
      "ResponseHeaders": {
        "Cache-Control": "no-store, no-cache",
        "Content-Length": "495",
        "Content-Type": "application/json",
        "Date": "Thu, 22 Sep 2022 05:36:19 GMT",
        "Pragma": "no-cache",
        "Server": "Microsoft-HTTPAPI/2.0",
        "Strict-Transport-Security": "max-age=31536000; includeSubDomains",
        "X-Content-Type-Options": "nosniff",
        "x-ms-correlation-request-id": "1e733aa0-4ec5-4b5e-838e-711826b3b92f",
        "x-ms-gatewayversion": "version=2.14.0",
        "x-ms-ratelimit-remaining-subscription-reads": "11426",
        "x-ms-request-id": "1e733aa0-4ec5-4b5e-838e-711826b3b92f",
        "x-ms-routing-request-id": "WESTCENTRALUS:20220922T053620Z:1e733aa0-4ec5-4b5e-838e-711826b3b92f"
      },
      "ResponseBody": {
        "id": "/subscriptions/12053b8f-cab5-4f5c-9c1a-870580142abd/resourceGroups/dbaccount-9094/providers/Microsoft.DocumentDB/databaseAccounts/dbaccount-54/mongodbRoleDefinitions/mongodb-1943.mongo-role-def-6546",
        "name": "mongo-role-def-6546",
        "properties": {
          "roleName": "mongo-role-def-6546",
          "type": 1,
          "databaseName": "mongodb-1943",
          "privileges": [
            {
              "resource": {
                "db": "mongodb-1943",
                "collection": "test"
              },
              "actions": [
                "insert"
              ]
            }
          ],
          "roles": []
        },
        "type": "Microsoft.DocumentDB/databaseAccounts/mongodbRoleDefinitions"
      }
    },
    {
      "RequestUri": "https://management.azure.com/subscriptions/12053b8f-cab5-4f5c-9c1a-870580142abd/resourceGroups/dbaccount-9094/providers/Microsoft.DocumentDB/databaseAccounts/dbaccount-54/mongodbRoleDefinitions/mongodb-1943.mongo-role-def-6546?api-version=2022-08-15",
      "RequestMethod": "PUT",
      "RequestHeaders": {
        "Accept": "application/json",
        "Authorization": "Sanitized",
        "Content-Length": "188",
        "Content-Type": "application/json",
        "traceparent": "00-31acc6833d8dc14e844d46a5d80d4363-a66ca5575904704f-00",
        "User-Agent": "azsdk-net-ResourceManager.CosmosDB/1.1.0-alpha.20220921.1 (.NET Core 3.1.29; Microsoft Windows 10.0.19044)",
        "x-ms-client-request-id": "2a9fd3f3afa2bc7cde17bce753edb4ce",
        "x-ms-return-client-request-id": "true"
      },
      "RequestBody": {
        "properties": {
          "roleName": "mongo-role-def-6546",
          "type": "CustomRole",
          "databaseName": "mongodb-1943",
          "privileges": [
            {
              "resource": {
                "db": "mongodb-1943",
                "collection": "test"
              },
              "actions": [
                "find"
              ]
            }
          ]
        }
      },
      "StatusCode": 202,
      "ResponseHeaders": {
        "Azure-AsyncOperation": "https://management.azure.com/subscriptions/12053b8f-cab5-4f5c-9c1a-870580142abd/providers/Microsoft.DocumentDB/locations/westus2/operationsStatus/70112bbb-150f-4273-8681-7a44706b1147?api-version=2022-08-15",
        "Cache-Control": "no-store, no-cache",
        "Content-Length": "21",
        "Content-Type": "application/json",
        "Date": "Thu, 22 Sep 2022 05:36:20 GMT",
        "Location": "https://management.azure.com/subscriptions/12053b8f-cab5-4f5c-9c1a-870580142abd/resourceGroups/dbaccount-9094/providers/Microsoft.DocumentDB/databaseAccounts/dbaccount-54/mongodbRoleDefinitions/mongodb-1943.mongo-role-def-6546/operationResults/70112bbb-150f-4273-8681-7a44706b1147?api-version=2022-08-15",
        "Pragma": "no-cache",
        "Server": "Microsoft-HTTPAPI/2.0",
        "Strict-Transport-Security": "max-age=31536000; includeSubDomains",
        "X-Content-Type-Options": "nosniff",
        "x-ms-correlation-request-id": "d4aa2911-951f-486c-b0d5-38c32fc706b8",
        "x-ms-gatewayversion": "version=2.14.0",
        "x-ms-ratelimit-remaining-subscription-writes": "1157",
        "x-ms-request-id": "70112bbb-150f-4273-8681-7a44706b1147",
        "x-ms-routing-request-id": "WESTCENTRALUS:20220922T053621Z:d4aa2911-951f-486c-b0d5-38c32fc706b8"
      },
      "ResponseBody": {
        "status": "Enqueued"
      }
    },
    {
      "RequestUri": "https://management.azure.com/subscriptions/12053b8f-cab5-4f5c-9c1a-870580142abd/providers/Microsoft.DocumentDB/locations/westus2/operationsStatus/70112bbb-150f-4273-8681-7a44706b1147?api-version=2022-08-15",
      "RequestMethod": "GET",
      "RequestHeaders": {
        "Authorization": "Sanitized",
        "traceparent": "00-31acc6833d8dc14e844d46a5d80d4363-4ff5bcc49401dc48-00",
        "User-Agent": "azsdk-net-ResourceManager/1.3.1 (.NET Core 3.1.29; Microsoft Windows 10.0.19044)",
        "x-ms-client-request-id": "0090bd43b87bec375f063aa0c601962c",
        "x-ms-return-client-request-id": "true"
      },
      "RequestBody": null,
      "StatusCode": 200,
      "ResponseHeaders": {
        "Cache-Control": "no-store, no-cache",
        "Content-Length": "21",
        "Content-Type": "application/json",
        "Date": "Thu, 22 Sep 2022 05:36:21 GMT",
        "Pragma": "no-cache",
        "Server": "Microsoft-HTTPAPI/2.0",
        "Strict-Transport-Security": "max-age=31536000; includeSubDomains",
        "X-Content-Type-Options": "nosniff",
        "x-ms-correlation-request-id": "74533e24-3938-452e-9332-38dc380fdf83",
        "x-ms-gatewayversion": "version=2.14.0",
        "x-ms-ratelimit-remaining-subscription-reads": "11425",
        "x-ms-request-id": "74533e24-3938-452e-9332-38dc380fdf83",
        "x-ms-routing-request-id": "WESTCENTRALUS:20220922T053622Z:74533e24-3938-452e-9332-38dc380fdf83"
      },
      "ResponseBody": {
        "status": "Enqueued"
      }
    },
    {
      "RequestUri": "https://management.azure.com/subscriptions/12053b8f-cab5-4f5c-9c1a-870580142abd/providers/Microsoft.DocumentDB/locations/westus2/operationsStatus/70112bbb-150f-4273-8681-7a44706b1147?api-version=2022-08-15",
      "RequestMethod": "GET",
      "RequestHeaders": {
        "Authorization": "Sanitized",
        "traceparent": "00-31acc6833d8dc14e844d46a5d80d4363-e7b056b67cebba41-00",
        "User-Agent": "azsdk-net-ResourceManager/1.3.1 (.NET Core 3.1.29; Microsoft Windows 10.0.19044)",
        "x-ms-client-request-id": "3ba45084d7b0457d4a96385337eb32d0",
        "x-ms-return-client-request-id": "true"
      },
      "RequestBody": null,
      "StatusCode": 200,
      "ResponseHeaders": {
        "Cache-Control": "no-store, no-cache",
        "Content-Length": "21",
        "Content-Type": "application/json",
        "Date": "Thu, 22 Sep 2022 05:36:23 GMT",
        "Pragma": "no-cache",
        "Server": "Microsoft-HTTPAPI/2.0",
        "Strict-Transport-Security": "max-age=31536000; includeSubDomains",
        "X-Content-Type-Options": "nosniff",
        "x-ms-correlation-request-id": "7b260faa-be7c-41d5-8afa-d62efbadffaa",
        "x-ms-gatewayversion": "version=2.14.0",
        "x-ms-ratelimit-remaining-subscription-reads": "11424",
        "x-ms-request-id": "7b260faa-be7c-41d5-8afa-d62efbadffaa",
        "x-ms-routing-request-id": "WESTCENTRALUS:20220922T053623Z:7b260faa-be7c-41d5-8afa-d62efbadffaa"
      },
      "ResponseBody": {
        "status": "Enqueued"
      }
    },
    {
      "RequestUri": "https://management.azure.com/subscriptions/12053b8f-cab5-4f5c-9c1a-870580142abd/providers/Microsoft.DocumentDB/locations/westus2/operationsStatus/70112bbb-150f-4273-8681-7a44706b1147?api-version=2022-08-15",
      "RequestMethod": "GET",
      "RequestHeaders": {
        "Authorization": "Sanitized",
        "traceparent": "00-31acc6833d8dc14e844d46a5d80d4363-0a7557ef1ab80649-00",
        "User-Agent": "azsdk-net-ResourceManager/1.3.1 (.NET Core 3.1.29; Microsoft Windows 10.0.19044)",
        "x-ms-client-request-id": "95a4fa41b45cb752aadc1dfa72e842ef",
        "x-ms-return-client-request-id": "true"
      },
      "RequestBody": null,
      "StatusCode": 200,
      "ResponseHeaders": {
        "Cache-Control": "no-store, no-cache",
        "Content-Length": "21",
        "Content-Type": "application/json",
        "Date": "Thu, 22 Sep 2022 05:36:24 GMT",
        "Pragma": "no-cache",
        "Server": "Microsoft-HTTPAPI/2.0",
        "Strict-Transport-Security": "max-age=31536000; includeSubDomains",
        "X-Content-Type-Options": "nosniff",
        "x-ms-correlation-request-id": "845b3def-b297-419a-bdb1-8c9ee6b8ff65",
        "x-ms-gatewayversion": "version=2.14.0",
        "x-ms-ratelimit-remaining-subscription-reads": "11423",
        "x-ms-request-id": "845b3def-b297-419a-bdb1-8c9ee6b8ff65",
        "x-ms-routing-request-id": "WESTCENTRALUS:20220922T053624Z:845b3def-b297-419a-bdb1-8c9ee6b8ff65"
      },
      "ResponseBody": {
        "status": "Enqueued"
      }
    },
    {
      "RequestUri": "https://management.azure.com/subscriptions/12053b8f-cab5-4f5c-9c1a-870580142abd/providers/Microsoft.DocumentDB/locations/westus2/operationsStatus/70112bbb-150f-4273-8681-7a44706b1147?api-version=2022-08-15",
      "RequestMethod": "GET",
      "RequestHeaders": {
        "Authorization": "Sanitized",
        "traceparent": "00-31acc6833d8dc14e844d46a5d80d4363-786c9e9291ef2044-00",
        "User-Agent": "azsdk-net-ResourceManager/1.3.1 (.NET Core 3.1.29; Microsoft Windows 10.0.19044)",
        "x-ms-client-request-id": "390c4bb89a6a6c103f4ab6e57fe4b574",
        "x-ms-return-client-request-id": "true"
      },
      "RequestBody": null,
      "StatusCode": 200,
      "ResponseHeaders": {
        "Cache-Control": "no-store, no-cache",
        "Content-Length": "21",
        "Content-Type": "application/json",
        "Date": "Thu, 22 Sep 2022 05:36:25 GMT",
        "Pragma": "no-cache",
        "Server": "Microsoft-HTTPAPI/2.0",
        "Strict-Transport-Security": "max-age=31536000; includeSubDomains",
        "X-Content-Type-Options": "nosniff",
        "x-ms-correlation-request-id": "7ca0ffdd-6a49-43ea-8687-a5f8a62e0f27",
        "x-ms-gatewayversion": "version=2.14.0",
        "x-ms-ratelimit-remaining-subscription-reads": "11422",
        "x-ms-request-id": "7ca0ffdd-6a49-43ea-8687-a5f8a62e0f27",
        "x-ms-routing-request-id": "WESTCENTRALUS:20220922T053625Z:7ca0ffdd-6a49-43ea-8687-a5f8a62e0f27"
      },
      "ResponseBody": {
        "status": "Enqueued"
      }
    },
    {
      "RequestUri": "https://management.azure.com/subscriptions/12053b8f-cab5-4f5c-9c1a-870580142abd/providers/Microsoft.DocumentDB/locations/westus2/operationsStatus/70112bbb-150f-4273-8681-7a44706b1147?api-version=2022-08-15",
      "RequestMethod": "GET",
      "RequestHeaders": {
        "Authorization": "Sanitized",
        "traceparent": "00-31acc6833d8dc14e844d46a5d80d4363-e7e7aa57fcbe6f43-00",
        "User-Agent": "azsdk-net-ResourceManager/1.3.1 (.NET Core 3.1.29; Microsoft Windows 10.0.19044)",
        "x-ms-client-request-id": "cb5f6ad3015dcfcffdec91d4b983d261",
        "x-ms-return-client-request-id": "true"
      },
      "RequestBody": null,
      "StatusCode": 200,
      "ResponseHeaders": {
        "Cache-Control": "no-store, no-cache",
        "Content-Length": "21",
        "Content-Type": "application/json",
        "Date": "Thu, 22 Sep 2022 05:36:27 GMT",
        "Pragma": "no-cache",
        "Server": "Microsoft-HTTPAPI/2.0",
        "Strict-Transport-Security": "max-age=31536000; includeSubDomains",
        "X-Content-Type-Options": "nosniff",
        "x-ms-correlation-request-id": "4d6be011-f5ca-4849-ba10-0ab06ac084d6",
        "x-ms-gatewayversion": "version=2.14.0",
        "x-ms-ratelimit-remaining-subscription-reads": "11421",
        "x-ms-request-id": "4d6be011-f5ca-4849-ba10-0ab06ac084d6",
        "x-ms-routing-request-id": "WESTCENTRALUS:20220922T053627Z:4d6be011-f5ca-4849-ba10-0ab06ac084d6"
      },
      "ResponseBody": {
        "status": "Dequeued"
      }
    },
    {
      "RequestUri": "https://management.azure.com/subscriptions/12053b8f-cab5-4f5c-9c1a-870580142abd/providers/Microsoft.DocumentDB/locations/westus2/operationsStatus/70112bbb-150f-4273-8681-7a44706b1147?api-version=2022-08-15",
      "RequestMethod": "GET",
      "RequestHeaders": {
        "Authorization": "Sanitized",
        "traceparent": "00-31acc6833d8dc14e844d46a5d80d4363-ff9904c9c6c88e40-00",
        "User-Agent": "azsdk-net-ResourceManager/1.3.1 (.NET Core 3.1.29; Microsoft Windows 10.0.19044)",
        "x-ms-client-request-id": "eb9a4953f8dea665e9375511fd6d37c5",
        "x-ms-return-client-request-id": "true"
      },
      "RequestBody": null,
      "StatusCode": 200,
      "ResponseHeaders": {
        "Cache-Control": "no-store, no-cache",
        "Content-Length": "21",
        "Content-Type": "application/json",
        "Date": "Thu, 22 Sep 2022 05:36:31 GMT",
        "Pragma": "no-cache",
        "Server": "Microsoft-HTTPAPI/2.0",
        "Strict-Transport-Security": "max-age=31536000; includeSubDomains",
        "X-Content-Type-Options": "nosniff",
        "x-ms-correlation-request-id": "728b4dad-0c38-48b9-99df-a28847721dcd",
        "x-ms-gatewayversion": "version=2.14.0",
        "x-ms-ratelimit-remaining-subscription-reads": "11420",
        "x-ms-request-id": "728b4dad-0c38-48b9-99df-a28847721dcd",
        "x-ms-routing-request-id": "WESTCENTRALUS:20220922T053631Z:728b4dad-0c38-48b9-99df-a28847721dcd"
      },
      "ResponseBody": {
        "status": "Dequeued"
      }
    },
    {
      "RequestUri": "https://management.azure.com/subscriptions/12053b8f-cab5-4f5c-9c1a-870580142abd/providers/Microsoft.DocumentDB/locations/westus2/operationsStatus/70112bbb-150f-4273-8681-7a44706b1147?api-version=2022-08-15",
      "RequestMethod": "GET",
      "RequestHeaders": {
        "Authorization": "Sanitized",
        "traceparent": "00-31acc6833d8dc14e844d46a5d80d4363-010eca6787ab5f42-00",
        "User-Agent": "azsdk-net-ResourceManager/1.3.1 (.NET Core 3.1.29; Microsoft Windows 10.0.19044)",
        "x-ms-client-request-id": "0826a9267688b7917c3d3c7d093cb3bc",
        "x-ms-return-client-request-id": "true"
      },
      "RequestBody": null,
      "StatusCode": 200,
      "ResponseHeaders": {
        "Cache-Control": "no-store, no-cache",
        "Content-Length": "22",
        "Content-Type": "application/json",
        "Date": "Thu, 22 Sep 2022 05:36:39 GMT",
        "Pragma": "no-cache",
        "Server": "Microsoft-HTTPAPI/2.0",
        "Strict-Transport-Security": "max-age=31536000; includeSubDomains",
        "X-Content-Type-Options": "nosniff",
        "x-ms-correlation-request-id": "20832828-9c3b-4334-9f70-f1df231bba3b",
        "x-ms-gatewayversion": "version=2.14.0",
        "x-ms-ratelimit-remaining-subscription-reads": "11419",
        "x-ms-request-id": "20832828-9c3b-4334-9f70-f1df231bba3b",
        "x-ms-routing-request-id": "WESTCENTRALUS:20220922T053639Z:20832828-9c3b-4334-9f70-f1df231bba3b"
      },
      "ResponseBody": {
        "status": "Succeeded"
      }
    },
    {
      "RequestUri": "https://management.azure.com/subscriptions/12053b8f-cab5-4f5c-9c1a-870580142abd/resourceGroups/dbaccount-9094/providers/Microsoft.DocumentDB/databaseAccounts/dbaccount-54/mongodbRoleDefinitions/mongodb-1943.mongo-role-def-6546?api-version=2022-08-15",
      "RequestMethod": "GET",
      "RequestHeaders": {
        "Authorization": "Sanitized",
        "traceparent": "00-31acc6833d8dc14e844d46a5d80d4363-95ad5ff4f405a74c-00",
        "User-Agent": "azsdk-net-ResourceManager/1.3.1 (.NET Core 3.1.29; Microsoft Windows 10.0.19044)",
        "x-ms-client-request-id": "36915478c949db9504b9e125abbdd28f",
        "x-ms-return-client-request-id": "true"
      },
      "RequestBody": null,
      "StatusCode": 200,
      "ResponseHeaders": {
        "Cache-Control": "no-store, no-cache",
        "Content-Length": "493",
        "Content-Type": "application/json",
        "Date": "Thu, 22 Sep 2022 05:36:40 GMT",
        "Pragma": "no-cache",
        "Server": "Microsoft-HTTPAPI/2.0",
        "Strict-Transport-Security": "max-age=31536000; includeSubDomains",
        "X-Content-Type-Options": "nosniff",
        "x-ms-correlation-request-id": "d4f22e69-9ae3-4f9c-ae8e-408fb7b225c1",
        "x-ms-gatewayversion": "version=2.14.0",
        "x-ms-ratelimit-remaining-subscription-reads": "11418",
        "x-ms-request-id": "d4f22e69-9ae3-4f9c-ae8e-408fb7b225c1",
        "x-ms-routing-request-id": "WESTCENTRALUS:20220922T053640Z:d4f22e69-9ae3-4f9c-ae8e-408fb7b225c1"
      },
      "ResponseBody": {
        "id": "/subscriptions/12053b8f-cab5-4f5c-9c1a-870580142abd/resourceGroups/dbaccount-9094/providers/Microsoft.DocumentDB/databaseAccounts/dbaccount-54/mongodbRoleDefinitions/mongodb-1943.mongo-role-def-6546",
        "name": "mongo-role-def-6546",
        "properties": {
          "roleName": "mongo-role-def-6546",
          "type": 1,
          "databaseName": "mongodb-1943",
          "privileges": [
            {
              "resource": {
                "db": "mongodb-1943",
                "collection": "test"
              },
              "actions": [
                "find"
              ]
            }
          ],
          "roles": []
        },
        "type": "Microsoft.DocumentDB/databaseAccounts/mongodbRoleDefinitions"
      }
    },
    {
      "RequestUri": "https://management.azure.com/subscriptions/12053b8f-cab5-4f5c-9c1a-870580142abd/resourceGroups/dbaccount-9094/providers/Microsoft.DocumentDB/databaseAccounts/dbaccount-54/mongodbRoleDefinitions/mongodb-1943.mongo-role-def-6546?api-version=2022-08-15",
      "RequestMethod": "GET",
      "RequestHeaders": {
        "Accept": "application/json",
        "Authorization": "Sanitized",
        "traceparent": "00-82f0996307af1c4aa4628a620e461b42-23ac76b2bb55974e-00",
        "User-Agent": "azsdk-net-ResourceManager.CosmosDB/1.1.0-alpha.20220921.1 (.NET Core 3.1.29; Microsoft Windows 10.0.19044)",
        "x-ms-client-request-id": "0fadcbb4ca5dddd8b7e36fa1bce89dad",
        "x-ms-return-client-request-id": "true"
      },
      "RequestBody": null,
      "StatusCode": 200,
      "ResponseHeaders": {
        "Cache-Control": "no-store, no-cache",
        "Content-Length": "493",
        "Content-Type": "application/json",
        "Date": "Thu, 22 Sep 2022 05:36:40 GMT",
        "Pragma": "no-cache",
        "Server": "Microsoft-HTTPAPI/2.0",
        "Strict-Transport-Security": "max-age=31536000; includeSubDomains",
        "X-Content-Type-Options": "nosniff",
        "x-ms-correlation-request-id": "869c4e22-b4a5-445d-99af-65033eedf032",
        "x-ms-gatewayversion": "version=2.14.0",
        "x-ms-ratelimit-remaining-subscription-reads": "11417",
        "x-ms-request-id": "869c4e22-b4a5-445d-99af-65033eedf032",
        "x-ms-routing-request-id": "WESTCENTRALUS:20220922T053640Z:869c4e22-b4a5-445d-99af-65033eedf032"
      },
      "ResponseBody": {
        "id": "/subscriptions/12053b8f-cab5-4f5c-9c1a-870580142abd/resourceGroups/dbaccount-9094/providers/Microsoft.DocumentDB/databaseAccounts/dbaccount-54/mongodbRoleDefinitions/mongodb-1943.mongo-role-def-6546",
        "name": "mongo-role-def-6546",
        "properties": {
          "roleName": "mongo-role-def-6546",
          "type": 1,
          "databaseName": "mongodb-1943",
          "privileges": [
            {
              "resource": {
                "db": "mongodb-1943",
                "collection": "test"
              },
              "actions": [
                "find"
              ]
            }
          ],
          "roles": []
        },
        "type": "Microsoft.DocumentDB/databaseAccounts/mongodbRoleDefinitions"
      }
    },
    {
      "RequestUri": "https://management.azure.com/subscriptions/12053b8f-cab5-4f5c-9c1a-870580142abd/resourceGroups/dbaccount-9094/providers/Microsoft.DocumentDB/databaseAccounts/dbaccount-54/mongodbRoleDefinitions/mongodb-1943.mongo-role-def-6546?api-version=2022-08-15",
      "RequestMethod": "GET",
      "RequestHeaders": {
        "Accept": "application/json",
        "Authorization": "Sanitized",
        "traceparent": "00-200fca8c7a7ece47be25ed430b50c7c6-a1d06e7670eec442-00",
        "User-Agent": "azsdk-net-ResourceManager.CosmosDB/1.1.0-alpha.20220921.1 (.NET Core 3.1.29; Microsoft Windows 10.0.19044)",
        "x-ms-client-request-id": "a899998401db5d7b134b03cf956c0bbe",
        "x-ms-return-client-request-id": "true"
      },
      "RequestBody": null,
      "StatusCode": 200,
      "ResponseHeaders": {
        "Cache-Control": "no-store, no-cache",
        "Content-Length": "493",
        "Content-Type": "application/json",
        "Date": "Thu, 22 Sep 2022 05:36:40 GMT",
        "Pragma": "no-cache",
        "Server": "Microsoft-HTTPAPI/2.0",
        "Strict-Transport-Security": "max-age=31536000; includeSubDomains",
        "X-Content-Type-Options": "nosniff",
        "x-ms-correlation-request-id": "a1052a74-f5a1-4da7-99c3-f4fbe9ffcf4a",
        "x-ms-gatewayversion": "version=2.14.0",
        "x-ms-ratelimit-remaining-subscription-reads": "11416",
        "x-ms-request-id": "a1052a74-f5a1-4da7-99c3-f4fbe9ffcf4a",
        "x-ms-routing-request-id": "WESTCENTRALUS:20220922T053641Z:a1052a74-f5a1-4da7-99c3-f4fbe9ffcf4a"
      },
      "ResponseBody": {
        "id": "/subscriptions/12053b8f-cab5-4f5c-9c1a-870580142abd/resourceGroups/dbaccount-9094/providers/Microsoft.DocumentDB/databaseAccounts/dbaccount-54/mongodbRoleDefinitions/mongodb-1943.mongo-role-def-6546",
        "name": "mongo-role-def-6546",
        "properties": {
          "roleName": "mongo-role-def-6546",
          "type": 1,
          "databaseName": "mongodb-1943",
          "privileges": [
            {
              "resource": {
                "db": "mongodb-1943",
                "collection": "test"
              },
              "actions": [
                "find"
              ]
            }
          ],
          "roles": []
        },
        "type": "Microsoft.DocumentDB/databaseAccounts/mongodbRoleDefinitions"
      }
    },
    {
      "RequestUri": "https://management.azure.com/subscriptions/12053b8f-cab5-4f5c-9c1a-870580142abd/resourceGroups/dbaccount-9094/providers/Microsoft.DocumentDB/databaseAccounts/dbaccount-54/mongodbRoleDefinitions/mongodb-1943.mongo-role-def-6546?api-version=2022-08-15",
      "RequestMethod": "DELETE",
      "RequestHeaders": {
        "Accept": "application/json",
        "Authorization": "Sanitized",
        "traceparent": "00-34768270c53dc040b3d5b0d417dcbc5b-800d68cb6e1ce249-00",
        "User-Agent": "azsdk-net-ResourceManager.CosmosDB/1.1.0-alpha.20220921.1 (.NET Core 3.1.29; Microsoft Windows 10.0.19044)",
        "x-ms-client-request-id": "3dc8ad6aa38fad5e7cb47e6659f41e1c",
        "x-ms-return-client-request-id": "true"
      },
      "RequestBody": null,
      "StatusCode": 202,
      "ResponseHeaders": {
        "Azure-AsyncOperation": "https://management.azure.com/subscriptions/12053b8f-cab5-4f5c-9c1a-870580142abd/providers/Microsoft.DocumentDB/locations/westus2/operationsStatus/7c33f404-e725-4702-92d7-b6906032e32c?api-version=2022-08-15",
        "Cache-Control": "no-store, no-cache",
        "Content-Length": "21",
        "Content-Type": "application/json",
        "Date": "Thu, 22 Sep 2022 05:36:41 GMT",
        "Location": "https://management.azure.com/subscriptions/12053b8f-cab5-4f5c-9c1a-870580142abd/resourceGroups/dbaccount-9094/providers/Microsoft.DocumentDB/databaseAccounts/dbaccount-54/mongodbRoleDefinitions/mongodb-1943.mongo-role-def-6546/operationResults/7c33f404-e725-4702-92d7-b6906032e32c?api-version=2022-08-15",
        "Pragma": "no-cache",
        "Server": "Microsoft-HTTPAPI/2.0",
        "Strict-Transport-Security": "max-age=31536000; includeSubDomains",
        "X-Content-Type-Options": "nosniff",
        "x-ms-correlation-request-id": "88d69869-a5da-4bd8-a868-9dc9de8056c6",
        "x-ms-gatewayversion": "version=2.14.0",
        "x-ms-ratelimit-remaining-subscription-deletes": "14977",
        "x-ms-request-id": "7c33f404-e725-4702-92d7-b6906032e32c",
        "x-ms-routing-request-id": "WESTCENTRALUS:20220922T053641Z:88d69869-a5da-4bd8-a868-9dc9de8056c6"
      },
      "ResponseBody": {
        "status": "Enqueued"
      }
    },
    {
      "RequestUri": "https://management.azure.com/subscriptions/12053b8f-cab5-4f5c-9c1a-870580142abd/providers/Microsoft.DocumentDB/locations/westus2/operationsStatus/7c33f404-e725-4702-92d7-b6906032e32c?api-version=2022-08-15",
      "RequestMethod": "GET",
      "RequestHeaders": {
        "Authorization": "Sanitized",
        "traceparent": "00-34768270c53dc040b3d5b0d417dcbc5b-ca75386572a2fd48-00",
        "User-Agent": "azsdk-net-ResourceManager/1.3.1 (.NET Core 3.1.29; Microsoft Windows 10.0.19044)",
        "x-ms-client-request-id": "0f36b1d75f20e11e3aec2c278315031f",
        "x-ms-return-client-request-id": "true"
      },
      "RequestBody": null,
      "StatusCode": 200,
      "ResponseHeaders": {
        "Cache-Control": "no-store, no-cache",
        "Content-Length": "21",
        "Content-Type": "application/json",
        "Date": "Thu, 22 Sep 2022 05:36:41 GMT",
        "Pragma": "no-cache",
        "Server": "Microsoft-HTTPAPI/2.0",
        "Strict-Transport-Security": "max-age=31536000; includeSubDomains",
        "X-Content-Type-Options": "nosniff",
        "x-ms-correlation-request-id": "7669bde9-8015-4175-a9e0-6ec3ac58c00b",
        "x-ms-gatewayversion": "version=2.14.0",
        "x-ms-ratelimit-remaining-subscription-reads": "11415",
        "x-ms-request-id": "7669bde9-8015-4175-a9e0-6ec3ac58c00b",
        "x-ms-routing-request-id": "WESTCENTRALUS:20220922T053641Z:7669bde9-8015-4175-a9e0-6ec3ac58c00b"
      },
      "ResponseBody": {
        "status": "Enqueued"
      }
    },
    {
      "RequestUri": "https://management.azure.com/subscriptions/12053b8f-cab5-4f5c-9c1a-870580142abd/providers/Microsoft.DocumentDB/locations/westus2/operationsStatus/7c33f404-e725-4702-92d7-b6906032e32c?api-version=2022-08-15",
      "RequestMethod": "GET",
      "RequestHeaders": {
        "Authorization": "Sanitized",
        "traceparent": "00-34768270c53dc040b3d5b0d417dcbc5b-707fdf9a30298246-00",
        "User-Agent": "azsdk-net-ResourceManager/1.3.1 (.NET Core 3.1.29; Microsoft Windows 10.0.19044)",
        "x-ms-client-request-id": "60b3e72cf9cb419bf915ee3fa74ce672",
        "x-ms-return-client-request-id": "true"
      },
      "RequestBody": null,
      "StatusCode": 200,
      "ResponseHeaders": {
        "Cache-Control": "no-store, no-cache",
        "Content-Length": "21",
        "Content-Type": "application/json",
        "Date": "Thu, 22 Sep 2022 05:36:42 GMT",
        "Pragma": "no-cache",
        "Server": "Microsoft-HTTPAPI/2.0",
        "Strict-Transport-Security": "max-age=31536000; includeSubDomains",
        "X-Content-Type-Options": "nosniff",
        "x-ms-correlation-request-id": "caf33d01-8e7a-45b9-8b4b-f4b465a61c99",
        "x-ms-gatewayversion": "version=2.14.0",
        "x-ms-ratelimit-remaining-subscription-reads": "11414",
        "x-ms-request-id": "caf33d01-8e7a-45b9-8b4b-f4b465a61c99",
        "x-ms-routing-request-id": "WESTCENTRALUS:20220922T053643Z:caf33d01-8e7a-45b9-8b4b-f4b465a61c99"
      },
      "ResponseBody": {
        "status": "Enqueued"
      }
    },
    {
      "RequestUri": "https://management.azure.com/subscriptions/12053b8f-cab5-4f5c-9c1a-870580142abd/providers/Microsoft.DocumentDB/locations/westus2/operationsStatus/7c33f404-e725-4702-92d7-b6906032e32c?api-version=2022-08-15",
      "RequestMethod": "GET",
      "RequestHeaders": {
        "Authorization": "Sanitized",
        "traceparent": "00-34768270c53dc040b3d5b0d417dcbc5b-cee5540dbfdbe04a-00",
        "User-Agent": "azsdk-net-ResourceManager/1.3.1 (.NET Core 3.1.29; Microsoft Windows 10.0.19044)",
        "x-ms-client-request-id": "a88e336c0fbebcfc16bfd737fc8c2f3a",
        "x-ms-return-client-request-id": "true"
      },
      "RequestBody": null,
      "StatusCode": 200,
      "ResponseHeaders": {
        "Cache-Control": "no-store, no-cache",
        "Content-Length": "21",
        "Content-Type": "application/json",
        "Date": "Thu, 22 Sep 2022 05:36:44 GMT",
        "Pragma": "no-cache",
        "Server": "Microsoft-HTTPAPI/2.0",
        "Strict-Transport-Security": "max-age=31536000; includeSubDomains",
        "X-Content-Type-Options": "nosniff",
        "x-ms-correlation-request-id": "f42b176e-faf1-4334-ba96-94d211928e35",
        "x-ms-gatewayversion": "version=2.14.0",
        "x-ms-ratelimit-remaining-subscription-reads": "11413",
        "x-ms-request-id": "f42b176e-faf1-4334-ba96-94d211928e35",
        "x-ms-routing-request-id": "WESTCENTRALUS:20220922T053644Z:f42b176e-faf1-4334-ba96-94d211928e35"
      },
      "ResponseBody": {
        "status": "Enqueued"
      }
    },
    {
      "RequestUri": "https://management.azure.com/subscriptions/12053b8f-cab5-4f5c-9c1a-870580142abd/providers/Microsoft.DocumentDB/locations/westus2/operationsStatus/7c33f404-e725-4702-92d7-b6906032e32c?api-version=2022-08-15",
      "RequestMethod": "GET",
      "RequestHeaders": {
        "Authorization": "Sanitized",
        "traceparent": "00-34768270c53dc040b3d5b0d417dcbc5b-25c7d910f90b474d-00",
        "User-Agent": "azsdk-net-ResourceManager/1.3.1 (.NET Core 3.1.29; Microsoft Windows 10.0.19044)",
        "x-ms-client-request-id": "e0e6dc4ce755de7f15f5150a71df39ee",
        "x-ms-return-client-request-id": "true"
      },
      "RequestBody": null,
      "StatusCode": 200,
      "ResponseHeaders": {
        "Cache-Control": "no-store, no-cache",
        "Content-Length": "21",
        "Content-Type": "application/json",
        "Date": "Thu, 22 Sep 2022 05:36:45 GMT",
        "Pragma": "no-cache",
        "Server": "Microsoft-HTTPAPI/2.0",
        "Strict-Transport-Security": "max-age=31536000; includeSubDomains",
        "X-Content-Type-Options": "nosniff",
        "x-ms-correlation-request-id": "2c691956-b00d-404c-933c-9205bc5545dd",
        "x-ms-gatewayversion": "version=2.14.0",
        "x-ms-ratelimit-remaining-subscription-reads": "11412",
        "x-ms-request-id": "2c691956-b00d-404c-933c-9205bc5545dd",
        "x-ms-routing-request-id": "WESTCENTRALUS:20220922T053645Z:2c691956-b00d-404c-933c-9205bc5545dd"
      },
      "ResponseBody": {
        "status": "Dequeued"
      }
    },
    {
      "RequestUri": "https://management.azure.com/subscriptions/12053b8f-cab5-4f5c-9c1a-870580142abd/providers/Microsoft.DocumentDB/locations/westus2/operationsStatus/7c33f404-e725-4702-92d7-b6906032e32c?api-version=2022-08-15",
      "RequestMethod": "GET",
      "RequestHeaders": {
        "Authorization": "Sanitized",
        "traceparent": "00-34768270c53dc040b3d5b0d417dcbc5b-020f88bea505ba4f-00",
        "User-Agent": "azsdk-net-ResourceManager/1.3.1 (.NET Core 3.1.29; Microsoft Windows 10.0.19044)",
        "x-ms-client-request-id": "4fbbba065a871c60eaf74a0c2263446c",
        "x-ms-return-client-request-id": "true"
      },
      "RequestBody": null,
      "StatusCode": 200,
      "ResponseHeaders": {
        "Cache-Control": "no-store, no-cache",
        "Content-Length": "21",
        "Content-Type": "application/json",
        "Date": "Thu, 22 Sep 2022 05:36:47 GMT",
        "Pragma": "no-cache",
        "Server": "Microsoft-HTTPAPI/2.0",
        "Strict-Transport-Security": "max-age=31536000; includeSubDomains",
        "X-Content-Type-Options": "nosniff",
        "x-ms-correlation-request-id": "f4386133-bf79-4e24-85b2-1af1e326e212",
        "x-ms-gatewayversion": "version=2.14.0",
        "x-ms-ratelimit-remaining-subscription-reads": "11411",
        "x-ms-request-id": "f4386133-bf79-4e24-85b2-1af1e326e212",
        "x-ms-routing-request-id": "WESTCENTRALUS:20220922T053647Z:f4386133-bf79-4e24-85b2-1af1e326e212"
      },
      "ResponseBody": {
        "status": "Dequeued"
      }
    },
    {
      "RequestUri": "https://management.azure.com/subscriptions/12053b8f-cab5-4f5c-9c1a-870580142abd/providers/Microsoft.DocumentDB/locations/westus2/operationsStatus/7c33f404-e725-4702-92d7-b6906032e32c?api-version=2022-08-15",
      "RequestMethod": "GET",
      "RequestHeaders": {
        "Authorization": "Sanitized",
        "traceparent": "00-34768270c53dc040b3d5b0d417dcbc5b-a75a85a7a0a01a46-00",
        "User-Agent": "azsdk-net-ResourceManager/1.3.1 (.NET Core 3.1.29; Microsoft Windows 10.0.19044)",
        "x-ms-client-request-id": "cbf2b4e50666841cb3b092c8f9f14b37",
        "x-ms-return-client-request-id": "true"
      },
      "RequestBody": null,
      "StatusCode": 200,
      "ResponseHeaders": {
        "Cache-Control": "no-store, no-cache",
        "Content-Length": "21",
        "Content-Type": "application/json",
        "Date": "Thu, 22 Sep 2022 05:36:51 GMT",
        "Pragma": "no-cache",
        "Server": "Microsoft-HTTPAPI/2.0",
        "Strict-Transport-Security": "max-age=31536000; includeSubDomains",
        "X-Content-Type-Options": "nosniff",
        "x-ms-correlation-request-id": "1940db7f-0c43-488a-81fb-09c23be12eb0",
        "x-ms-gatewayversion": "version=2.14.0",
        "x-ms-ratelimit-remaining-subscription-reads": "11410",
        "x-ms-request-id": "1940db7f-0c43-488a-81fb-09c23be12eb0",
        "x-ms-routing-request-id": "WESTCENTRALUS:20220922T053651Z:1940db7f-0c43-488a-81fb-09c23be12eb0"
      },
      "ResponseBody": {
        "status": "Dequeued"
      }
    },
    {
      "RequestUri": "https://management.azure.com/subscriptions/12053b8f-cab5-4f5c-9c1a-870580142abd/providers/Microsoft.DocumentDB/locations/westus2/operationsStatus/7c33f404-e725-4702-92d7-b6906032e32c?api-version=2022-08-15",
      "RequestMethod": "GET",
      "RequestHeaders": {
        "Authorization": "Sanitized",
        "traceparent": "00-34768270c53dc040b3d5b0d417dcbc5b-2819e523e5041342-00",
        "User-Agent": "azsdk-net-ResourceManager/1.3.1 (.NET Core 3.1.29; Microsoft Windows 10.0.19044)",
        "x-ms-client-request-id": "4231e885dfd1f1b27bc9f55e9d73bbb2",
        "x-ms-return-client-request-id": "true"
      },
      "RequestBody": null,
      "StatusCode": 200,
      "ResponseHeaders": {
        "Cache-Control": "no-store, no-cache",
        "Content-Length": "22",
        "Content-Type": "application/json",
        "Date": "Thu, 22 Sep 2022 05:36:59 GMT",
        "Pragma": "no-cache",
        "Server": "Microsoft-HTTPAPI/2.0",
        "Strict-Transport-Security": "max-age=31536000; includeSubDomains",
        "X-Content-Type-Options": "nosniff",
        "x-ms-correlation-request-id": "2dab1542-e2ad-45d8-95b4-fa08d2e3031c",
        "x-ms-gatewayversion": "version=2.14.0",
        "x-ms-ratelimit-remaining-subscription-reads": "11409",
        "x-ms-request-id": "2dab1542-e2ad-45d8-95b4-fa08d2e3031c",
        "x-ms-routing-request-id": "WESTCENTRALUS:20220922T053659Z:2dab1542-e2ad-45d8-95b4-fa08d2e3031c"
      },
      "ResponseBody": {
        "status": "Succeeded"
      }
    },
    {
      "RequestUri": "https://management.azure.com/subscriptions/12053b8f-cab5-4f5c-9c1a-870580142abd/resourceGroups/dbaccount-9094/providers/Microsoft.DocumentDB/databaseAccounts/dbaccount-54/mongodbDatabases/mongodb-1943?api-version=2022-08-15",
      "RequestMethod": "DELETE",
      "RequestHeaders": {
        "Authorization": "Sanitized",
        "traceparent": "00-9f9ddf87b8facf4a9ee76ea6307ab437-bb9257666223c34c-00",
        "User-Agent": "azsdk-net-ResourceManager.CosmosDB/1.1.0-alpha.20220921.1 (.NET Core 3.1.29; Microsoft Windows 10.0.19044)",
        "x-ms-client-request-id": "bd24a9b16eec00889d369cd6c89822f9",
        "x-ms-return-client-request-id": "true"
      },
      "RequestBody": null,
      "StatusCode": 202,
      "ResponseHeaders": {
        "Azure-AsyncOperation": "https://management.azure.com/subscriptions/12053b8f-cab5-4f5c-9c1a-870580142abd/providers/Microsoft.DocumentDB/locations/westus2/operationsStatus/146c6cc6-19ce-4dcb-8496-84861ea89fa9?api-version=2022-08-15",
        "Cache-Control": "no-store, no-cache",
        "Content-Length": "21",
        "Content-Type": "application/json",
        "Date": "Thu, 22 Sep 2022 05:37:00 GMT",
        "Location": "https://management.azure.com/subscriptions/12053b8f-cab5-4f5c-9c1a-870580142abd/resourceGroups/dbaccount-9094/providers/Microsoft.DocumentDB/databaseAccounts/dbaccount-54/mongodbDatabases/mongodb-1943/operationResults/146c6cc6-19ce-4dcb-8496-84861ea89fa9?api-version=2022-08-15",
        "Pragma": "no-cache",
        "Server": "Microsoft-HTTPAPI/2.0",
        "Strict-Transport-Security": "max-age=31536000; includeSubDomains",
        "X-Content-Type-Options": "nosniff",
        "x-ms-correlation-request-id": "b3df3c32-28a0-4d0e-8aa5-228cfcd4416f",
        "x-ms-gatewayversion": "version=2.14.0",
        "x-ms-ratelimit-remaining-subscription-deletes": "14976",
        "x-ms-request-id": "146c6cc6-19ce-4dcb-8496-84861ea89fa9",
        "x-ms-routing-request-id": "WESTCENTRALUS:20220922T053700Z:b3df3c32-28a0-4d0e-8aa5-228cfcd4416f"
      },
      "ResponseBody": {
        "status": "Enqueued"
      }
    },
    {
      "RequestUri": "https://management.azure.com/subscriptions/12053b8f-cab5-4f5c-9c1a-870580142abd/providers/Microsoft.DocumentDB/locations/westus2/operationsStatus/146c6cc6-19ce-4dcb-8496-84861ea89fa9?api-version=2022-08-15",
      "RequestMethod": "GET",
      "RequestHeaders": {
        "Authorization": "Sanitized",
        "traceparent": "00-9f9ddf87b8facf4a9ee76ea6307ab437-b38349fb7f18044d-00",
        "User-Agent": "azsdk-net-ResourceManager/1.3.1 (.NET Core 3.1.29; Microsoft Windows 10.0.19044)",
        "x-ms-client-request-id": "5017e0f58dcd174a6030a59a43dc29e3",
        "x-ms-return-client-request-id": "true"
      },
      "RequestBody": null,
      "StatusCode": 200,
      "ResponseHeaders": {
        "Cache-Control": "no-store, no-cache",
        "Content-Length": "21",
        "Content-Type": "application/json",
        "Date": "Thu, 22 Sep 2022 05:37:00 GMT",
        "Pragma": "no-cache",
        "Server": "Microsoft-HTTPAPI/2.0",
        "Strict-Transport-Security": "max-age=31536000; includeSubDomains",
        "X-Content-Type-Options": "nosniff",
        "x-ms-correlation-request-id": "2342ca4a-9fd2-40c6-b5ce-e39096a7174a",
        "x-ms-gatewayversion": "version=2.14.0",
        "x-ms-ratelimit-remaining-subscription-reads": "11408",
        "x-ms-request-id": "2342ca4a-9fd2-40c6-b5ce-e39096a7174a",
        "x-ms-routing-request-id": "WESTCENTRALUS:20220922T053700Z:2342ca4a-9fd2-40c6-b5ce-e39096a7174a"
      },
      "ResponseBody": {
        "status": "Enqueued"
      }
    },
    {
      "RequestUri": "https://management.azure.com/subscriptions/12053b8f-cab5-4f5c-9c1a-870580142abd/providers/Microsoft.DocumentDB/locations/westus2/operationsStatus/146c6cc6-19ce-4dcb-8496-84861ea89fa9?api-version=2022-08-15",
      "RequestMethod": "GET",
      "RequestHeaders": {
        "Authorization": "Sanitized",
        "traceparent": "00-9f9ddf87b8facf4a9ee76ea6307ab437-2d15458f38f20644-00",
        "User-Agent": "azsdk-net-ResourceManager/1.3.1 (.NET Core 3.1.29; Microsoft Windows 10.0.19044)",
        "x-ms-client-request-id": "89b2fba681edaf7f0d1ebceb1febefde",
        "x-ms-return-client-request-id": "true"
      },
      "RequestBody": null,
      "StatusCode": 200,
      "ResponseHeaders": {
        "Cache-Control": "no-store, no-cache",
        "Content-Length": "21",
        "Content-Type": "application/json",
        "Date": "Thu, 22 Sep 2022 05:37:01 GMT",
        "Pragma": "no-cache",
        "Server": "Microsoft-HTTPAPI/2.0",
        "Strict-Transport-Security": "max-age=31536000; includeSubDomains",
        "X-Content-Type-Options": "nosniff",
        "x-ms-correlation-request-id": "21a276b8-2632-4104-92ef-c4765bb43568",
        "x-ms-gatewayversion": "version=2.14.0",
        "x-ms-ratelimit-remaining-subscription-reads": "11407",
        "x-ms-request-id": "21a276b8-2632-4104-92ef-c4765bb43568",
        "x-ms-routing-request-id": "WESTCENTRALUS:20220922T053701Z:21a276b8-2632-4104-92ef-c4765bb43568"
      },
      "ResponseBody": {
        "status": "Enqueued"
      }
    },
    {
      "RequestUri": "https://management.azure.com/subscriptions/12053b8f-cab5-4f5c-9c1a-870580142abd/providers/Microsoft.DocumentDB/locations/westus2/operationsStatus/146c6cc6-19ce-4dcb-8496-84861ea89fa9?api-version=2022-08-15",
      "RequestMethod": "GET",
      "RequestHeaders": {
        "Authorization": "Sanitized",
        "traceparent": "00-9f9ddf87b8facf4a9ee76ea6307ab437-215d1b818d1be249-00",
        "User-Agent": "azsdk-net-ResourceManager/1.3.1 (.NET Core 3.1.29; Microsoft Windows 10.0.19044)",
        "x-ms-client-request-id": "e7e15c4ed2801e2bc86ed9025c00c224",
        "x-ms-return-client-request-id": "true"
      },
      "RequestBody": null,
      "StatusCode": 200,
      "ResponseHeaders": {
        "Cache-Control": "no-store, no-cache",
        "Content-Length": "21",
        "Content-Type": "application/json",
        "Date": "Thu, 22 Sep 2022 05:37:02 GMT",
        "Pragma": "no-cache",
        "Server": "Microsoft-HTTPAPI/2.0",
        "Strict-Transport-Security": "max-age=31536000; includeSubDomains",
        "X-Content-Type-Options": "nosniff",
        "x-ms-correlation-request-id": "a0d909c7-0437-42b1-9422-8aba6978eaaa",
        "x-ms-gatewayversion": "version=2.14.0",
        "x-ms-ratelimit-remaining-subscription-reads": "11406",
        "x-ms-request-id": "a0d909c7-0437-42b1-9422-8aba6978eaaa",
        "x-ms-routing-request-id": "WESTCENTRALUS:20220922T053702Z:a0d909c7-0437-42b1-9422-8aba6978eaaa"
      },
      "ResponseBody": {
        "status": "Enqueued"
      }
    },
    {
      "RequestUri": "https://management.azure.com/subscriptions/12053b8f-cab5-4f5c-9c1a-870580142abd/providers/Microsoft.DocumentDB/locations/westus2/operationsStatus/146c6cc6-19ce-4dcb-8496-84861ea89fa9?api-version=2022-08-15",
      "RequestMethod": "GET",
      "RequestHeaders": {
        "Authorization": "Sanitized",
        "traceparent": "00-9f9ddf87b8facf4a9ee76ea6307ab437-cd7418f71b24c149-00",
        "User-Agent": "azsdk-net-ResourceManager/1.3.1 (.NET Core 3.1.29; Microsoft Windows 10.0.19044)",
        "x-ms-client-request-id": "14f66bd75d0c7352616843aed15ef875",
        "x-ms-return-client-request-id": "true"
      },
      "RequestBody": null,
      "StatusCode": 200,
      "ResponseHeaders": {
        "Cache-Control": "no-store, no-cache",
        "Content-Length": "21",
        "Content-Type": "application/json",
        "Date": "Thu, 22 Sep 2022 05:37:03 GMT",
        "Pragma": "no-cache",
        "Server": "Microsoft-HTTPAPI/2.0",
        "Strict-Transport-Security": "max-age=31536000; includeSubDomains",
        "X-Content-Type-Options": "nosniff",
        "x-ms-correlation-request-id": "8edff2be-936a-448b-be32-638672315c55",
        "x-ms-gatewayversion": "version=2.14.0",
        "x-ms-ratelimit-remaining-subscription-reads": "11405",
        "x-ms-request-id": "8edff2be-936a-448b-be32-638672315c55",
        "x-ms-routing-request-id": "WESTCENTRALUS:20220922T053704Z:8edff2be-936a-448b-be32-638672315c55"
      },
      "ResponseBody": {
        "status": "Dequeued"
      }
    },
    {
      "RequestUri": "https://management.azure.com/subscriptions/12053b8f-cab5-4f5c-9c1a-870580142abd/providers/Microsoft.DocumentDB/locations/westus2/operationsStatus/146c6cc6-19ce-4dcb-8496-84861ea89fa9?api-version=2022-08-15",
      "RequestMethod": "GET",
      "RequestHeaders": {
        "Authorization": "Sanitized",
        "traceparent": "00-9f9ddf87b8facf4a9ee76ea6307ab437-bf9583cc9ef49542-00",
        "User-Agent": "azsdk-net-ResourceManager/1.3.1 (.NET Core 3.1.29; Microsoft Windows 10.0.19044)",
        "x-ms-client-request-id": "e74bc74141fad463cf93c17ea87d530c",
        "x-ms-return-client-request-id": "true"
      },
      "RequestBody": null,
      "StatusCode": 200,
      "ResponseHeaders": {
        "Cache-Control": "no-store, no-cache",
        "Content-Length": "22",
        "Content-Type": "application/json",
        "Date": "Thu, 22 Sep 2022 05:37:05 GMT",
        "Pragma": "no-cache",
        "Server": "Microsoft-HTTPAPI/2.0",
        "Strict-Transport-Security": "max-age=31536000; includeSubDomains",
        "X-Content-Type-Options": "nosniff",
        "x-ms-correlation-request-id": "b0617421-c870-4dfe-8586-43fb02884460",
        "x-ms-gatewayversion": "version=2.14.0",
        "x-ms-ratelimit-remaining-subscription-reads": "11404",
        "x-ms-request-id": "b0617421-c870-4dfe-8586-43fb02884460",
        "x-ms-routing-request-id": "WESTCENTRALUS:20220922T053706Z:b0617421-c870-4dfe-8586-43fb02884460"
      },
      "ResponseBody": {
        "status": "Succeeded"
      }
    },
    {
      "RequestUri": "https://management.azure.com/subscriptions/12053b8f-cab5-4f5c-9c1a-870580142abd/resourceGroups/dbaccount-9094/providers/Microsoft.DocumentDB/databaseAccounts/dbaccount-54?api-version=2022-08-15",
      "RequestMethod": "DELETE",
      "RequestHeaders": {
        "Authorization": "Sanitized",
        "traceparent": "00-5a9e7e06305f704fb4441d21ab39d943-224495fb2b46ac4d-00",
        "User-Agent": "azsdk-net-ResourceManager.CosmosDB/1.1.0-alpha.20220921.1 (.NET Core 3.1.29; Microsoft Windows 10.0.19044)",
        "x-ms-client-request-id": "b314975cdaf4f1d1096e86188f7d4d6a",
        "x-ms-return-client-request-id": "true"
      },
      "RequestBody": null,
      "StatusCode": 202,
      "ResponseHeaders": {
        "Azure-AsyncOperation": "https://management.azure.com/subscriptions/12053b8f-cab5-4f5c-9c1a-870580142abd/providers/Microsoft.DocumentDB/locations/westus2/operationsStatus/f98954dc-6672-4088-baa6-d8f48d0984e9?api-version=2022-08-15",
        "Cache-Control": "no-store, no-cache",
        "Content-Length": "21",
        "Content-Type": "application/json",
        "Date": "Thu, 22 Sep 2022 05:37:07 GMT",
        "Location": "https://management.azure.com/subscriptions/12053b8f-cab5-4f5c-9c1a-870580142abd/providers/Microsoft.DocumentDB/locations/westus2/operationResults/f98954dc-6672-4088-baa6-d8f48d0984e9?api-version=2022-08-15",
        "Pragma": "no-cache",
        "Server": "Microsoft-HTTPAPI/2.0",
        "Strict-Transport-Security": "max-age=31536000; includeSubDomains",
        "X-Content-Type-Options": "nosniff",
        "x-ms-correlation-request-id": "32b1d5f8-3c63-4eaf-a2dd-31a2e6352c38",
        "x-ms-gatewayversion": "version=2.14.0",
        "x-ms-ratelimit-remaining-subscription-deletes": "14975",
        "x-ms-request-id": "f98954dc-6672-4088-baa6-d8f48d0984e9",
        "x-ms-routing-request-id": "WESTCENTRALUS:20220922T053707Z:32b1d5f8-3c63-4eaf-a2dd-31a2e6352c38"
      },
      "ResponseBody": {
        "status": "Enqueued"
      }
    },
    {
      "RequestUri": "https://management.azure.com/subscriptions/12053b8f-cab5-4f5c-9c1a-870580142abd/providers/Microsoft.DocumentDB/locations/westus2/operationsStatus/f98954dc-6672-4088-baa6-d8f48d0984e9?api-version=2022-08-15",
      "RequestMethod": "GET",
      "RequestHeaders": {
        "Authorization": "Sanitized",
        "traceparent": "00-5a9e7e06305f704fb4441d21ab39d943-92a18b87fb266941-00",
        "User-Agent": "azsdk-net-ResourceManager/1.3.1 (.NET Core 3.1.29; Microsoft Windows 10.0.19044)",
        "x-ms-client-request-id": "39523615444a6780f55ade8cbb4b4552",
        "x-ms-return-client-request-id": "true"
      },
      "RequestBody": null,
      "StatusCode": 200,
      "ResponseHeaders": {
        "Cache-Control": "no-store, no-cache",
        "Content-Length": "21",
        "Content-Type": "application/json",
        "Date": "Thu, 22 Sep 2022 05:37:07 GMT",
        "Pragma": "no-cache",
        "Server": "Microsoft-HTTPAPI/2.0",
        "Strict-Transport-Security": "max-age=31536000; includeSubDomains",
        "X-Content-Type-Options": "nosniff",
        "x-ms-correlation-request-id": "1b02353f-e8ca-4e35-ab4f-9fcbde795716",
        "x-ms-gatewayversion": "version=2.14.0",
        "x-ms-ratelimit-remaining-subscription-reads": "11403",
        "x-ms-request-id": "1b02353f-e8ca-4e35-ab4f-9fcbde795716",
        "x-ms-routing-request-id": "WESTCENTRALUS:20220922T053707Z:1b02353f-e8ca-4e35-ab4f-9fcbde795716"
      },
      "ResponseBody": {
        "status": "Enqueued"
      }
    },
    {
      "RequestUri": "https://management.azure.com/subscriptions/12053b8f-cab5-4f5c-9c1a-870580142abd/providers/Microsoft.DocumentDB/locations/westus2/operationsStatus/f98954dc-6672-4088-baa6-d8f48d0984e9?api-version=2022-08-15",
      "RequestMethod": "GET",
      "RequestHeaders": {
        "Authorization": "Sanitized",
        "traceparent": "00-5a9e7e06305f704fb4441d21ab39d943-d5b0f35f0af14449-00",
        "User-Agent": "azsdk-net-ResourceManager/1.3.1 (.NET Core 3.1.29; Microsoft Windows 10.0.19044)",
        "x-ms-client-request-id": "44075646bebc81576d7fabd295585434",
        "x-ms-return-client-request-id": "true"
      },
      "RequestBody": null,
      "StatusCode": 200,
      "ResponseHeaders": {
        "Cache-Control": "no-store, no-cache",
        "Content-Length": "21",
        "Content-Type": "application/json",
        "Date": "Thu, 22 Sep 2022 05:37:08 GMT",
        "Pragma": "no-cache",
        "Server": "Microsoft-HTTPAPI/2.0",
        "Strict-Transport-Security": "max-age=31536000; includeSubDomains",
        "X-Content-Type-Options": "nosniff",
        "x-ms-correlation-request-id": "9f01af81-7b16-4958-8379-c7ba9117b83d",
        "x-ms-gatewayversion": "version=2.14.0",
        "x-ms-ratelimit-remaining-subscription-reads": "11402",
        "x-ms-request-id": "9f01af81-7b16-4958-8379-c7ba9117b83d",
        "x-ms-routing-request-id": "WESTCENTRALUS:20220922T053708Z:9f01af81-7b16-4958-8379-c7ba9117b83d"
      },
      "ResponseBody": {
        "status": "Enqueued"
      }
    },
    {
      "RequestUri": "https://management.azure.com/subscriptions/12053b8f-cab5-4f5c-9c1a-870580142abd/providers/Microsoft.DocumentDB/locations/westus2/operationsStatus/f98954dc-6672-4088-baa6-d8f48d0984e9?api-version=2022-08-15",
      "RequestMethod": "GET",
      "RequestHeaders": {
        "Authorization": "Sanitized",
        "traceparent": "00-5a9e7e06305f704fb4441d21ab39d943-980e05284f2a5340-00",
        "User-Agent": "azsdk-net-ResourceManager/1.3.1 (.NET Core 3.1.29; Microsoft Windows 10.0.19044)",
        "x-ms-client-request-id": "5803a1a3132a3220e2599f5afc9dd9bd",
        "x-ms-return-client-request-id": "true"
      },
      "RequestBody": null,
      "StatusCode": 200,
      "ResponseHeaders": {
        "Cache-Control": "no-store, no-cache",
        "Content-Length": "21",
        "Content-Type": "application/json",
        "Date": "Thu, 22 Sep 2022 05:37:09 GMT",
        "Pragma": "no-cache",
        "Server": "Microsoft-HTTPAPI/2.0",
        "Strict-Transport-Security": "max-age=31536000; includeSubDomains",
        "X-Content-Type-Options": "nosniff",
        "x-ms-correlation-request-id": "03857284-25cd-4e69-8551-9b1a84f4bcda",
        "x-ms-gatewayversion": "version=2.14.0",
        "x-ms-ratelimit-remaining-subscription-reads": "11401",
        "x-ms-request-id": "03857284-25cd-4e69-8551-9b1a84f4bcda",
        "x-ms-routing-request-id": "WESTCENTRALUS:20220922T053709Z:03857284-25cd-4e69-8551-9b1a84f4bcda"
      },
      "ResponseBody": {
        "status": "Enqueued"
      }
    },
    {
      "RequestUri": "https://management.azure.com/subscriptions/12053b8f-cab5-4f5c-9c1a-870580142abd/providers/Microsoft.DocumentDB/locations/westus2/operationsStatus/f98954dc-6672-4088-baa6-d8f48d0984e9?api-version=2022-08-15",
      "RequestMethod": "GET",
      "RequestHeaders": {
        "Authorization": "Sanitized",
        "traceparent": "00-5a9e7e06305f704fb4441d21ab39d943-6df34a64b1bebd40-00",
        "User-Agent": "azsdk-net-ResourceManager/1.3.1 (.NET Core 3.1.29; Microsoft Windows 10.0.19044)",
        "x-ms-client-request-id": "4532f2dc86cc5627dfd1ccca99aed19c",
        "x-ms-return-client-request-id": "true"
      },
      "RequestBody": null,
      "StatusCode": 200,
      "ResponseHeaders": {
        "Cache-Control": "no-store, no-cache",
        "Content-Length": "21",
        "Content-Type": "application/json",
        "Date": "Thu, 22 Sep 2022 05:37:10 GMT",
        "Pragma": "no-cache",
        "Server": "Microsoft-HTTPAPI/2.0",
        "Strict-Transport-Security": "max-age=31536000; includeSubDomains",
        "X-Content-Type-Options": "nosniff",
        "x-ms-correlation-request-id": "724338bf-9325-4256-9bba-24e990ef0ab8",
        "x-ms-gatewayversion": "version=2.14.0",
        "x-ms-ratelimit-remaining-subscription-reads": "11400",
        "x-ms-request-id": "724338bf-9325-4256-9bba-24e990ef0ab8",
        "x-ms-routing-request-id": "WESTCENTRALUS:20220922T053710Z:724338bf-9325-4256-9bba-24e990ef0ab8"
      },
      "ResponseBody": {
        "status": "Dequeued"
      }
    },
    {
      "RequestUri": "https://management.azure.com/subscriptions/12053b8f-cab5-4f5c-9c1a-870580142abd/providers/Microsoft.DocumentDB/locations/westus2/operationsStatus/f98954dc-6672-4088-baa6-d8f48d0984e9?api-version=2022-08-15",
      "RequestMethod": "GET",
      "RequestHeaders": {
        "Authorization": "Sanitized",
        "traceparent": "00-5a9e7e06305f704fb4441d21ab39d943-789c39fcc5020443-00",
        "User-Agent": "azsdk-net-ResourceManager/1.3.1 (.NET Core 3.1.29; Microsoft Windows 10.0.19044)",
        "x-ms-client-request-id": "1ae9a906ec48332836d562631efd84cf",
        "x-ms-return-client-request-id": "true"
      },
      "RequestBody": null,
      "StatusCode": 200,
      "ResponseHeaders": {
        "Cache-Control": "no-store, no-cache",
        "Content-Length": "21",
        "Content-Type": "application/json",
        "Date": "Thu, 22 Sep 2022 05:37:12 GMT",
        "Pragma": "no-cache",
        "Server": "Microsoft-HTTPAPI/2.0",
        "Strict-Transport-Security": "max-age=31536000; includeSubDomains",
        "X-Content-Type-Options": "nosniff",
        "x-ms-correlation-request-id": "c75c39d6-600a-4206-bbf9-528043caea0e",
        "x-ms-gatewayversion": "version=2.14.0",
        "x-ms-ratelimit-remaining-subscription-reads": "11399",
        "x-ms-request-id": "c75c39d6-600a-4206-bbf9-528043caea0e",
        "x-ms-routing-request-id": "WESTCENTRALUS:20220922T053713Z:c75c39d6-600a-4206-bbf9-528043caea0e"
      },
      "ResponseBody": {
        "status": "Dequeued"
      }
    },
    {
      "RequestUri": "https://management.azure.com/subscriptions/12053b8f-cab5-4f5c-9c1a-870580142abd/providers/Microsoft.DocumentDB/locations/westus2/operationsStatus/f98954dc-6672-4088-baa6-d8f48d0984e9?api-version=2022-08-15",
      "RequestMethod": "GET",
      "RequestHeaders": {
        "Authorization": "Sanitized",
        "traceparent": "00-5a9e7e06305f704fb4441d21ab39d943-1eb78f13cbd6964f-00",
        "User-Agent": "azsdk-net-ResourceManager/1.3.1 (.NET Core 3.1.29; Microsoft Windows 10.0.19044)",
        "x-ms-client-request-id": "a3f5eda50e261c687aac785846559934",
        "x-ms-return-client-request-id": "true"
      },
      "RequestBody": null,
      "StatusCode": 200,
      "ResponseHeaders": {
        "Cache-Control": "no-store, no-cache",
        "Content-Length": "21",
        "Content-Type": "application/json",
        "Date": "Thu, 22 Sep 2022 05:37:16 GMT",
        "Pragma": "no-cache",
        "Server": "Microsoft-HTTPAPI/2.0",
        "Strict-Transport-Security": "max-age=31536000; includeSubDomains",
        "X-Content-Type-Options": "nosniff",
        "x-ms-correlation-request-id": "51185fff-ac10-4988-b96e-2a2b7f0aa5e8",
        "x-ms-gatewayversion": "version=2.14.0",
        "x-ms-ratelimit-remaining-subscription-reads": "11398",
        "x-ms-request-id": "51185fff-ac10-4988-b96e-2a2b7f0aa5e8",
        "x-ms-routing-request-id": "WESTCENTRALUS:20220922T053717Z:51185fff-ac10-4988-b96e-2a2b7f0aa5e8"
      },
      "ResponseBody": {
        "status": "Dequeued"
      }
    },
    {
      "RequestUri": "https://management.azure.com/subscriptions/12053b8f-cab5-4f5c-9c1a-870580142abd/providers/Microsoft.DocumentDB/locations/westus2/operationsStatus/f98954dc-6672-4088-baa6-d8f48d0984e9?api-version=2022-08-15",
      "RequestMethod": "GET",
      "RequestHeaders": {
        "Authorization": "Sanitized",
        "traceparent": "00-5a9e7e06305f704fb4441d21ab39d943-39a363ef17313442-00",
        "User-Agent": "azsdk-net-ResourceManager/1.3.1 (.NET Core 3.1.29; Microsoft Windows 10.0.19044)",
        "x-ms-client-request-id": "52530387bfb4ef75c9ff0ff724c438e2",
        "x-ms-return-client-request-id": "true"
      },
      "RequestBody": null,
      "StatusCode": 200,
      "ResponseHeaders": {
        "Cache-Control": "no-store, no-cache",
        "Content-Length": "21",
        "Content-Type": "application/json",
        "Date": "Thu, 22 Sep 2022 05:37:24 GMT",
        "Pragma": "no-cache",
        "Server": "Microsoft-HTTPAPI/2.0",
        "Strict-Transport-Security": "max-age=31536000; includeSubDomains",
        "X-Content-Type-Options": "nosniff",
        "x-ms-correlation-request-id": "86b84616-cd84-4c05-acc7-9ca3796aae4d",
        "x-ms-gatewayversion": "version=2.14.0",
        "x-ms-ratelimit-remaining-subscription-reads": "11397",
        "x-ms-request-id": "86b84616-cd84-4c05-acc7-9ca3796aae4d",
        "x-ms-routing-request-id": "WESTCENTRALUS:20220922T053725Z:86b84616-cd84-4c05-acc7-9ca3796aae4d"
      },
      "ResponseBody": {
        "status": "Dequeued"
      }
    },
    {
      "RequestUri": "https://management.azure.com/subscriptions/12053b8f-cab5-4f5c-9c1a-870580142abd/providers/Microsoft.DocumentDB/locations/westus2/operationsStatus/f98954dc-6672-4088-baa6-d8f48d0984e9?api-version=2022-08-15",
      "RequestMethod": "GET",
      "RequestHeaders": {
        "Authorization": "Sanitized",
        "traceparent": "00-5a9e7e06305f704fb4441d21ab39d943-4cffe41d45fb9d4b-00",
        "User-Agent": "azsdk-net-ResourceManager/1.3.1 (.NET Core 3.1.29; Microsoft Windows 10.0.19044)",
        "x-ms-client-request-id": "ab25fc4c2eb8f77541cc9f9b74d0ece1",
        "x-ms-return-client-request-id": "true"
      },
      "RequestBody": null,
      "StatusCode": 200,
      "ResponseHeaders": {
        "Cache-Control": "no-store, no-cache",
        "Content-Length": "21",
        "Content-Type": "application/json",
        "Date": "Thu, 22 Sep 2022 05:37:40 GMT",
        "Pragma": "no-cache",
        "Server": "Microsoft-HTTPAPI/2.0",
        "Strict-Transport-Security": "max-age=31536000; includeSubDomains",
        "X-Content-Type-Options": "nosniff",
        "x-ms-correlation-request-id": "1a7721b2-8bb1-466f-b80b-49130b4b9bf9",
        "x-ms-gatewayversion": "version=2.14.0",
        "x-ms-ratelimit-remaining-subscription-reads": "11396",
        "x-ms-request-id": "1a7721b2-8bb1-466f-b80b-49130b4b9bf9",
        "x-ms-routing-request-id": "WESTCENTRALUS:20220922T053741Z:1a7721b2-8bb1-466f-b80b-49130b4b9bf9"
      },
      "ResponseBody": {
        "status": "Dequeued"
      }
    },
    {
      "RequestUri": "https://management.azure.com/subscriptions/12053b8f-cab5-4f5c-9c1a-870580142abd/providers/Microsoft.DocumentDB/locations/westus2/operationsStatus/f98954dc-6672-4088-baa6-d8f48d0984e9?api-version=2022-08-15",
      "RequestMethod": "GET",
      "RequestHeaders": {
        "Authorization": "Sanitized",
        "traceparent": "00-5a9e7e06305f704fb4441d21ab39d943-f0e85bf62c69ab4c-00",
        "User-Agent": "azsdk-net-ResourceManager/1.3.1 (.NET Core 3.1.29; Microsoft Windows 10.0.19044)",
        "x-ms-client-request-id": "1adc2d3b32a9e61b7805da26ff70f8b5",
        "x-ms-return-client-request-id": "true"
      },
      "RequestBody": null,
      "StatusCode": 200,
      "ResponseHeaders": {
        "Cache-Control": "no-store, no-cache",
        "Content-Length": "21",
        "Content-Type": "application/json",
        "Date": "Thu, 22 Sep 2022 05:38:12 GMT",
        "Pragma": "no-cache",
        "Server": "Microsoft-HTTPAPI/2.0",
        "Strict-Transport-Security": "max-age=31536000; includeSubDomains",
        "X-Content-Type-Options": "nosniff",
        "x-ms-correlation-request-id": "b3bd4b49-a452-4d4f-b8e4-d88177dcf338",
        "x-ms-gatewayversion": "version=2.14.0",
        "x-ms-ratelimit-remaining-subscription-reads": "11395",
        "x-ms-request-id": "b3bd4b49-a452-4d4f-b8e4-d88177dcf338",
        "x-ms-routing-request-id": "WESTCENTRALUS:20220922T053813Z:b3bd4b49-a452-4d4f-b8e4-d88177dcf338"
      },
      "ResponseBody": {
        "status": "Dequeued"
      }
    },
    {
      "RequestUri": "https://management.azure.com/subscriptions/12053b8f-cab5-4f5c-9c1a-870580142abd/providers/Microsoft.DocumentDB/locations/westus2/operationsStatus/f98954dc-6672-4088-baa6-d8f48d0984e9?api-version=2022-08-15",
      "RequestMethod": "GET",
      "RequestHeaders": {
        "Authorization": "Sanitized",
        "traceparent": "00-5a9e7e06305f704fb4441d21ab39d943-87f36ff507031e44-00",
        "User-Agent": "azsdk-net-ResourceManager/1.3.1 (.NET Core 3.1.29; Microsoft Windows 10.0.19044)",
        "x-ms-client-request-id": "490b9674ed2f587c8e5c11e81fd97bf8",
        "x-ms-return-client-request-id": "true"
      },
      "RequestBody": null,
      "StatusCode": 200,
      "ResponseHeaders": {
        "Cache-Control": "no-store, no-cache",
        "Content-Length": "21",
        "Content-Type": "application/json",
        "Date": "Thu, 22 Sep 2022 05:38:45 GMT",
        "Pragma": "no-cache",
        "Server": "Microsoft-HTTPAPI/2.0",
        "Strict-Transport-Security": "max-age=31536000; includeSubDomains",
        "X-Content-Type-Options": "nosniff",
        "x-ms-correlation-request-id": "e01bcd82-ead6-4a07-bf57-0214a1e7da8c",
        "x-ms-gatewayversion": "version=2.14.0",
        "x-ms-ratelimit-remaining-subscription-reads": "11394",
        "x-ms-request-id": "e01bcd82-ead6-4a07-bf57-0214a1e7da8c",
        "x-ms-routing-request-id": "WESTCENTRALUS:20220922T053845Z:e01bcd82-ead6-4a07-bf57-0214a1e7da8c"
      },
      "ResponseBody": {
        "status": "Dequeued"
      }
    },
    {
      "RequestUri": "https://management.azure.com/subscriptions/12053b8f-cab5-4f5c-9c1a-870580142abd/providers/Microsoft.DocumentDB/locations/westus2/operationsStatus/f98954dc-6672-4088-baa6-d8f48d0984e9?api-version=2022-08-15",
      "RequestMethod": "GET",
      "RequestHeaders": {
        "Authorization": "Sanitized",
        "traceparent": "00-5a9e7e06305f704fb4441d21ab39d943-5fcecd8599e5e642-00",
        "User-Agent": "azsdk-net-ResourceManager/1.3.1 (.NET Core 3.1.29; Microsoft Windows 10.0.19044)",
        "x-ms-client-request-id": "f6bb2d131de81a38e13f33b2544ef7d0",
        "x-ms-return-client-request-id": "true"
      },
      "RequestBody": null,
      "StatusCode": 200,
      "ResponseHeaders": {
        "Cache-Control": "no-store, no-cache",
        "Content-Length": "21",
        "Content-Type": "application/json",
        "Date": "Thu, 22 Sep 2022 05:39:17 GMT",
        "Pragma": "no-cache",
        "Server": "Microsoft-HTTPAPI/2.0",
        "Strict-Transport-Security": "max-age=31536000; includeSubDomains",
        "X-Content-Type-Options": "nosniff",
        "x-ms-correlation-request-id": "545a2807-35c6-4149-b8ff-ea81966c9e35",
        "x-ms-gatewayversion": "version=2.14.0",
        "x-ms-ratelimit-remaining-subscription-reads": "11393",
        "x-ms-request-id": "545a2807-35c6-4149-b8ff-ea81966c9e35",
        "x-ms-routing-request-id": "WESTCENTRALUS:20220922T053917Z:545a2807-35c6-4149-b8ff-ea81966c9e35"
      },
      "ResponseBody": {
        "status": "Dequeued"
      }
    },
    {
      "RequestUri": "https://management.azure.com/subscriptions/12053b8f-cab5-4f5c-9c1a-870580142abd/providers/Microsoft.DocumentDB/locations/westus2/operationsStatus/f98954dc-6672-4088-baa6-d8f48d0984e9?api-version=2022-08-15",
      "RequestMethod": "GET",
      "RequestHeaders": {
        "Authorization": "Sanitized",
        "traceparent": "00-5a9e7e06305f704fb4441d21ab39d943-f03c0645154c4e46-00",
        "User-Agent": "azsdk-net-ResourceManager/1.3.1 (.NET Core 3.1.29; Microsoft Windows 10.0.19044)",
        "x-ms-client-request-id": "dd27ead3a2c44db1b1838c4c2032c69e",
        "x-ms-return-client-request-id": "true"
      },
      "RequestBody": null,
      "StatusCode": 200,
      "ResponseHeaders": {
        "Cache-Control": "no-store, no-cache",
        "Content-Length": "21",
        "Content-Type": "application/json",
        "Date": "Thu, 22 Sep 2022 05:39:49 GMT",
        "Pragma": "no-cache",
        "Server": "Microsoft-HTTPAPI/2.0",
        "Strict-Transport-Security": "max-age=31536000; includeSubDomains",
        "X-Content-Type-Options": "nosniff",
        "x-ms-correlation-request-id": "a30c7a55-0303-4c2b-80ba-2e9ae55a8ed4",
        "x-ms-gatewayversion": "version=2.14.0",
        "x-ms-ratelimit-remaining-subscription-reads": "11392",
        "x-ms-request-id": "a30c7a55-0303-4c2b-80ba-2e9ae55a8ed4",
        "x-ms-routing-request-id": "WESTCENTRALUS:20220922T053950Z:a30c7a55-0303-4c2b-80ba-2e9ae55a8ed4"
      },
      "ResponseBody": {
        "status": "Dequeued"
      }
    },
    {
      "RequestUri": "https://management.azure.com/subscriptions/12053b8f-cab5-4f5c-9c1a-870580142abd/providers/Microsoft.DocumentDB/locations/westus2/operationsStatus/f98954dc-6672-4088-baa6-d8f48d0984e9?api-version=2022-08-15",
      "RequestMethod": "GET",
      "RequestHeaders": {
        "Authorization": "Sanitized",
        "traceparent": "00-5a9e7e06305f704fb4441d21ab39d943-78787ae758d25e44-00",
        "User-Agent": "azsdk-net-ResourceManager/1.3.1 (.NET Core 3.1.29; Microsoft Windows 10.0.19044)",
        "x-ms-client-request-id": "d213e18902b456cd5ef167f0bac9043f",
        "x-ms-return-client-request-id": "true"
      },
      "RequestBody": null,
      "StatusCode": 200,
      "ResponseHeaders": {
        "Cache-Control": "no-store, no-cache",
        "Content-Length": "21",
        "Content-Type": "application/json",
        "Date": "Thu, 22 Sep 2022 05:40:21 GMT",
        "Pragma": "no-cache",
        "Server": "Microsoft-HTTPAPI/2.0",
        "Strict-Transport-Security": "max-age=31536000; includeSubDomains",
        "X-Content-Type-Options": "nosniff",
        "x-ms-correlation-request-id": "37586f7b-2b59-4d3f-b439-5781be406c64",
        "x-ms-gatewayversion": "version=2.14.0",
        "x-ms-ratelimit-remaining-subscription-reads": "11430",
        "x-ms-request-id": "37586f7b-2b59-4d3f-b439-5781be406c64",
        "x-ms-routing-request-id": "WESTCENTRALUS:20220922T054022Z:37586f7b-2b59-4d3f-b439-5781be406c64"
      },
      "ResponseBody": {
        "status": "Dequeued"
      }
    },
    {
      "RequestUri": "https://management.azure.com/subscriptions/12053b8f-cab5-4f5c-9c1a-870580142abd/providers/Microsoft.DocumentDB/locations/westus2/operationsStatus/f98954dc-6672-4088-baa6-d8f48d0984e9?api-version=2022-08-15",
      "RequestMethod": "GET",
      "RequestHeaders": {
        "Authorization": "Sanitized",
        "traceparent": "00-5a9e7e06305f704fb4441d21ab39d943-8fe8d8426d8f854b-00",
        "User-Agent": "azsdk-net-ResourceManager/1.3.1 (.NET Core 3.1.29; Microsoft Windows 10.0.19044)",
        "x-ms-client-request-id": "351440649eb270347c6e456490ebfaaf",
        "x-ms-return-client-request-id": "true"
      },
      "RequestBody": null,
      "StatusCode": 200,
      "ResponseHeaders": {
        "Cache-Control": "no-store, no-cache",
        "Content-Length": "21",
        "Content-Type": "application/json",
        "Date": "Thu, 22 Sep 2022 05:40:54 GMT",
        "Pragma": "no-cache",
        "Server": "Microsoft-HTTPAPI/2.0",
        "Strict-Transport-Security": "max-age=31536000; includeSubDomains",
        "X-Content-Type-Options": "nosniff",
        "x-ms-correlation-request-id": "0171e11d-15b5-4f1d-8727-529c1301ccad",
        "x-ms-gatewayversion": "version=2.14.0",
        "x-ms-ratelimit-remaining-subscription-reads": "11429",
        "x-ms-request-id": "0171e11d-15b5-4f1d-8727-529c1301ccad",
        "x-ms-routing-request-id": "WESTCENTRALUS:20220922T054054Z:0171e11d-15b5-4f1d-8727-529c1301ccad"
      },
      "ResponseBody": {
        "status": "Dequeued"
      }
    },
    {
      "RequestUri": "https://management.azure.com/subscriptions/12053b8f-cab5-4f5c-9c1a-870580142abd/providers/Microsoft.DocumentDB/locations/westus2/operationsStatus/f98954dc-6672-4088-baa6-d8f48d0984e9?api-version=2022-08-15",
      "RequestMethod": "GET",
      "RequestHeaders": {
        "Authorization": "Sanitized",
        "traceparent": "00-5a9e7e06305f704fb4441d21ab39d943-7bdc16f8e9d58f44-00",
        "User-Agent": "azsdk-net-ResourceManager/1.3.1 (.NET Core 3.1.29; Microsoft Windows 10.0.19044)",
        "x-ms-client-request-id": "73289478253bd11c1cd07ed33ac093e7",
        "x-ms-return-client-request-id": "true"
      },
      "RequestBody": null,
      "StatusCode": 200,
      "ResponseHeaders": {
        "Cache-Control": "no-store, no-cache",
        "Content-Length": "21",
        "Content-Type": "application/json",
        "Date": "Thu, 22 Sep 2022 05:41:26 GMT",
        "Pragma": "no-cache",
        "Server": "Microsoft-HTTPAPI/2.0",
        "Strict-Transport-Security": "max-age=31536000; includeSubDomains",
        "X-Content-Type-Options": "nosniff",
        "x-ms-correlation-request-id": "46c0ff14-a424-4fa3-8ddb-f119fdb241d5",
        "x-ms-gatewayversion": "version=2.14.0",
        "x-ms-ratelimit-remaining-subscription-reads": "11428",
        "x-ms-request-id": "46c0ff14-a424-4fa3-8ddb-f119fdb241d5",
        "x-ms-routing-request-id": "WESTCENTRALUS:20220922T054126Z:46c0ff14-a424-4fa3-8ddb-f119fdb241d5"
      },
      "ResponseBody": {
        "status": "Dequeued"
      }
    },
    {
      "RequestUri": "https://management.azure.com/subscriptions/12053b8f-cab5-4f5c-9c1a-870580142abd/providers/Microsoft.DocumentDB/locations/westus2/operationsStatus/f98954dc-6672-4088-baa6-d8f48d0984e9?api-version=2022-08-15",
      "RequestMethod": "GET",
      "RequestHeaders": {
        "Authorization": "Sanitized",
        "traceparent": "00-5a9e7e06305f704fb4441d21ab39d943-98ee4f3a2c7eae44-00",
        "User-Agent": "azsdk-net-ResourceManager/1.3.1 (.NET Core 3.1.29; Microsoft Windows 10.0.19044)",
        "x-ms-client-request-id": "dfe84d7f901eebecaca35646bc68c572",
        "x-ms-return-client-request-id": "true"
      },
      "RequestBody": null,
      "StatusCode": 200,
      "ResponseHeaders": {
        "Cache-Control": "no-store, no-cache",
        "Content-Length": "21",
        "Content-Type": "application/json",
        "Date": "Thu, 22 Sep 2022 05:41:58 GMT",
        "Pragma": "no-cache",
        "Server": "Microsoft-HTTPAPI/2.0",
        "Strict-Transport-Security": "max-age=31536000; includeSubDomains",
        "X-Content-Type-Options": "nosniff",
        "x-ms-correlation-request-id": "ce7d760e-1baa-4181-b231-f03257ca6631",
        "x-ms-gatewayversion": "version=2.14.0",
        "x-ms-ratelimit-remaining-subscription-reads": "11427",
        "x-ms-request-id": "ce7d760e-1baa-4181-b231-f03257ca6631",
        "x-ms-routing-request-id": "WESTCENTRALUS:20220922T054158Z:ce7d760e-1baa-4181-b231-f03257ca6631"
      },
      "ResponseBody": {
        "status": "Dequeued"
      }
    },
    {
      "RequestUri": "https://management.azure.com/subscriptions/12053b8f-cab5-4f5c-9c1a-870580142abd/providers/Microsoft.DocumentDB/locations/westus2/operationsStatus/f98954dc-6672-4088-baa6-d8f48d0984e9?api-version=2022-08-15",
      "RequestMethod": "GET",
      "RequestHeaders": {
        "Authorization": "Sanitized",
        "traceparent": "00-5a9e7e06305f704fb4441d21ab39d943-ab8fa3bfef5e154b-00",
        "User-Agent": "azsdk-net-ResourceManager/1.3.1 (.NET Core 3.1.29; Microsoft Windows 10.0.19044)",
        "x-ms-client-request-id": "2577b8f790a03f04244219e11f6035bb",
        "x-ms-return-client-request-id": "true"
      },
      "RequestBody": null,
      "StatusCode": 200,
      "ResponseHeaders": {
        "Cache-Control": "no-store, no-cache",
        "Content-Length": "21",
        "Content-Type": "application/json",
        "Date": "Thu, 22 Sep 2022 05:42:30 GMT",
        "Pragma": "no-cache",
        "Server": "Microsoft-HTTPAPI/2.0",
        "Strict-Transport-Security": "max-age=31536000; includeSubDomains",
        "X-Content-Type-Options": "nosniff",
        "x-ms-correlation-request-id": "7d5ec9e5-8688-40f9-9ff0-14c893d61943",
        "x-ms-gatewayversion": "version=2.14.0",
        "x-ms-ratelimit-remaining-subscription-reads": "11426",
        "x-ms-request-id": "7d5ec9e5-8688-40f9-9ff0-14c893d61943",
        "x-ms-routing-request-id": "WESTCENTRALUS:20220922T054230Z:7d5ec9e5-8688-40f9-9ff0-14c893d61943"
      },
      "ResponseBody": {
        "status": "Dequeued"
      }
    },
    {
      "RequestUri": "https://management.azure.com/subscriptions/12053b8f-cab5-4f5c-9c1a-870580142abd/providers/Microsoft.DocumentDB/locations/westus2/operationsStatus/f98954dc-6672-4088-baa6-d8f48d0984e9?api-version=2022-08-15",
      "RequestMethod": "GET",
      "RequestHeaders": {
        "Authorization": "Sanitized",
        "traceparent": "00-5a9e7e06305f704fb4441d21ab39d943-444c1dc190cd534b-00",
        "User-Agent": "azsdk-net-ResourceManager/1.3.1 (.NET Core 3.1.29; Microsoft Windows 10.0.19044)",
        "x-ms-client-request-id": "43e55dda1a03e790a83dc697cfd514b3",
        "x-ms-return-client-request-id": "true"
      },
      "RequestBody": null,
      "StatusCode": 200,
      "ResponseHeaders": {
        "Cache-Control": "no-store, no-cache",
        "Content-Length": "21",
        "Content-Type": "application/json",
        "Date": "Thu, 22 Sep 2022 05:43:02 GMT",
        "Pragma": "no-cache",
        "Server": "Microsoft-HTTPAPI/2.0",
        "Strict-Transport-Security": "max-age=31536000; includeSubDomains",
        "X-Content-Type-Options": "nosniff",
        "x-ms-correlation-request-id": "90946da2-1897-48d7-bb3b-2085b9e3785b",
        "x-ms-gatewayversion": "version=2.14.0",
        "x-ms-ratelimit-remaining-subscription-reads": "11425",
        "x-ms-request-id": "90946da2-1897-48d7-bb3b-2085b9e3785b",
        "x-ms-routing-request-id": "WESTCENTRALUS:20220922T054303Z:90946da2-1897-48d7-bb3b-2085b9e3785b"
      },
      "ResponseBody": {
        "status": "Dequeued"
      }
    },
    {
      "RequestUri": "https://management.azure.com/subscriptions/12053b8f-cab5-4f5c-9c1a-870580142abd/providers/Microsoft.DocumentDB/locations/westus2/operationsStatus/f98954dc-6672-4088-baa6-d8f48d0984e9?api-version=2022-08-15",
      "RequestMethod": "GET",
      "RequestHeaders": {
        "Authorization": "Sanitized",
        "traceparent": "00-5a9e7e06305f704fb4441d21ab39d943-230c614edb7c7640-00",
        "User-Agent": "azsdk-net-ResourceManager/1.3.1 (.NET Core 3.1.29; Microsoft Windows 10.0.19044)",
        "x-ms-client-request-id": "81dc0c0b6d48ee4649a9badb770acb4b",
        "x-ms-return-client-request-id": "true"
      },
      "RequestBody": null,
      "StatusCode": 200,
      "ResponseHeaders": {
        "Cache-Control": "no-store, no-cache",
        "Content-Length": "21",
        "Content-Type": "application/json",
        "Date": "Thu, 22 Sep 2022 05:43:35 GMT",
        "Pragma": "no-cache",
        "Server": "Microsoft-HTTPAPI/2.0",
        "Strict-Transport-Security": "max-age=31536000; includeSubDomains",
        "X-Content-Type-Options": "nosniff",
        "x-ms-correlation-request-id": "10f7bef9-de51-448e-973f-4c451174175e",
        "x-ms-gatewayversion": "version=2.14.0",
        "x-ms-ratelimit-remaining-subscription-reads": "11424",
        "x-ms-request-id": "10f7bef9-de51-448e-973f-4c451174175e",
        "x-ms-routing-request-id": "WESTCENTRALUS:20220922T054335Z:10f7bef9-de51-448e-973f-4c451174175e"
      },
      "ResponseBody": {
        "status": "Dequeued"
      }
    },
    {
      "RequestUri": "https://management.azure.com/subscriptions/12053b8f-cab5-4f5c-9c1a-870580142abd/providers/Microsoft.DocumentDB/locations/westus2/operationsStatus/f98954dc-6672-4088-baa6-d8f48d0984e9?api-version=2022-08-15",
      "RequestMethod": "GET",
      "RequestHeaders": {
        "Authorization": "Sanitized",
        "traceparent": "00-5a9e7e06305f704fb4441d21ab39d943-ebd3cd0a7e084d49-00",
        "User-Agent": "azsdk-net-ResourceManager/1.3.1 (.NET Core 3.1.29; Microsoft Windows 10.0.19044)",
        "x-ms-client-request-id": "5e6b9a6d8183dc6f28907d63ca6c6f4e",
        "x-ms-return-client-request-id": "true"
      },
      "RequestBody": null,
      "StatusCode": 200,
      "ResponseHeaders": {
        "Cache-Control": "no-store, no-cache",
        "Content-Length": "21",
        "Content-Type": "application/json",
        "Date": "Thu, 22 Sep 2022 05:44:07 GMT",
        "Pragma": "no-cache",
        "Server": "Microsoft-HTTPAPI/2.0",
        "Strict-Transport-Security": "max-age=31536000; includeSubDomains",
        "X-Content-Type-Options": "nosniff",
        "x-ms-correlation-request-id": "21cafc9c-1536-4cd9-a8c6-3c915caae164",
        "x-ms-gatewayversion": "version=2.14.0",
        "x-ms-ratelimit-remaining-subscription-reads": "11423",
        "x-ms-request-id": "21cafc9c-1536-4cd9-a8c6-3c915caae164",
        "x-ms-routing-request-id": "WESTCENTRALUS:20220922T054407Z:21cafc9c-1536-4cd9-a8c6-3c915caae164"
      },
      "ResponseBody": {
        "status": "Dequeued"
      }
    },
    {
      "RequestUri": "https://management.azure.com/subscriptions/12053b8f-cab5-4f5c-9c1a-870580142abd/providers/Microsoft.DocumentDB/locations/westus2/operationsStatus/f98954dc-6672-4088-baa6-d8f48d0984e9?api-version=2022-08-15",
      "RequestMethod": "GET",
      "RequestHeaders": {
        "Authorization": "Sanitized",
        "traceparent": "00-5a9e7e06305f704fb4441d21ab39d943-043aec9830389c49-00",
        "User-Agent": "azsdk-net-ResourceManager/1.3.1 (.NET Core 3.1.29; Microsoft Windows 10.0.19044)",
        "x-ms-client-request-id": "13d6652db3846d7217f6fa595fb5709e",
        "x-ms-return-client-request-id": "true"
      },
      "RequestBody": null,
      "StatusCode": 200,
      "ResponseHeaders": {
        "Cache-Control": "no-store, no-cache",
        "Content-Length": "21",
        "Content-Type": "application/json",
        "Date": "Thu, 22 Sep 2022 05:44:39 GMT",
        "Pragma": "no-cache",
        "Server": "Microsoft-HTTPAPI/2.0",
        "Strict-Transport-Security": "max-age=31536000; includeSubDomains",
        "X-Content-Type-Options": "nosniff",
        "x-ms-correlation-request-id": "8552f196-c04a-402d-9ab7-a7b65dea067e",
        "x-ms-gatewayversion": "version=2.14.0",
        "x-ms-ratelimit-remaining-subscription-reads": "11422",
        "x-ms-request-id": "8552f196-c04a-402d-9ab7-a7b65dea067e",
        "x-ms-routing-request-id": "WESTCENTRALUS:20220922T054439Z:8552f196-c04a-402d-9ab7-a7b65dea067e"
      },
      "ResponseBody": {
        "status": "Dequeued"
      }
    },
    {
      "RequestUri": "https://management.azure.com/subscriptions/12053b8f-cab5-4f5c-9c1a-870580142abd/providers/Microsoft.DocumentDB/locations/westus2/operationsStatus/f98954dc-6672-4088-baa6-d8f48d0984e9?api-version=2022-08-15",
      "RequestMethod": "GET",
      "RequestHeaders": {
        "Authorization": "Sanitized",
        "traceparent": "00-5a9e7e06305f704fb4441d21ab39d943-9215ab6b4fb45744-00",
        "User-Agent": "azsdk-net-ResourceManager/1.3.1 (.NET Core 3.1.29; Microsoft Windows 10.0.19044)",
        "x-ms-client-request-id": "342a7a72b66a892f9cff59b8f0e324dc",
        "x-ms-return-client-request-id": "true"
      },
      "RequestBody": null,
      "StatusCode": 200,
      "ResponseHeaders": {
        "Cache-Control": "no-store, no-cache",
        "Content-Length": "21",
        "Content-Type": "application/json",
        "Date": "Thu, 22 Sep 2022 05:45:11 GMT",
        "Pragma": "no-cache",
        "Server": "Microsoft-HTTPAPI/2.0",
        "Strict-Transport-Security": "max-age=31536000; includeSubDomains",
        "X-Content-Type-Options": "nosniff",
        "x-ms-correlation-request-id": "ab615f8e-3955-43db-93b6-a529f6398def",
        "x-ms-gatewayversion": "version=2.14.0",
        "x-ms-ratelimit-remaining-subscription-reads": "11493",
        "x-ms-request-id": "ab615f8e-3955-43db-93b6-a529f6398def",
        "x-ms-routing-request-id": "WESTCENTRALUS:20220922T054511Z:ab615f8e-3955-43db-93b6-a529f6398def"
      },
      "ResponseBody": {
        "status": "Dequeued"
      }
    },
    {
      "RequestUri": "https://management.azure.com/subscriptions/12053b8f-cab5-4f5c-9c1a-870580142abd/providers/Microsoft.DocumentDB/locations/westus2/operationsStatus/f98954dc-6672-4088-baa6-d8f48d0984e9?api-version=2022-08-15",
      "RequestMethod": "GET",
      "RequestHeaders": {
        "Authorization": "Sanitized",
        "traceparent": "00-5a9e7e06305f704fb4441d21ab39d943-9141c0a99bf35342-00",
        "User-Agent": "azsdk-net-ResourceManager/1.3.1 (.NET Core 3.1.29; Microsoft Windows 10.0.19044)",
        "x-ms-client-request-id": "11ad6c39b734b9c728fe478c87157c73",
        "x-ms-return-client-request-id": "true"
      },
      "RequestBody": null,
      "StatusCode": 200,
      "ResponseHeaders": {
        "Cache-Control": "no-store, no-cache",
        "Content-Length": "22",
        "Content-Type": "application/json",
        "Date": "Thu, 22 Sep 2022 05:45:43 GMT",
        "Pragma": "no-cache",
        "Server": "Microsoft-HTTPAPI/2.0",
        "Strict-Transport-Security": "max-age=31536000; includeSubDomains",
        "X-Content-Type-Options": "nosniff",
        "x-ms-correlation-request-id": "cc23ff11-9287-40ff-88a9-e6d30f24ce4d",
        "x-ms-gatewayversion": "version=2.14.0",
        "x-ms-ratelimit-remaining-subscription-reads": "11492",
        "x-ms-request-id": "cc23ff11-9287-40ff-88a9-e6d30f24ce4d",
        "x-ms-routing-request-id": "WESTCENTRALUS:20220922T054544Z:cc23ff11-9287-40ff-88a9-e6d30f24ce4d"
      },
      "ResponseBody": {
        "status": "Succeeded"
      }
    }
  ],
  "Variables": {
    "AZURE_AUTHORITY_HOST": null,
    "RandomSeed": "237881274",
    "RESOURCE_MANAGER_URL": null,
    "SUBSCRIPTION_ID": "12053b8f-cab5-4f5c-9c1a-870580142abd"
  }
}
