{
  "Entries": [
    {
      "RequestUri": "https://management.azure.com/subscriptions/12053b8f-cab5-4f5c-9c1a-870580142abd/resourcegroups/dbaccount-8108?api-version=**",
      "RequestMethod": "GET",
      "RequestHeaders": {
        "Accept": "application/json",
        "Authorization": "Sanitized",
        "traceparent": "00-580c41977e885e41930b1371bb775db8-f62fae84287a124b-00",
        "User-Agent": "azsdk-net-ResourceManager/1.3.1 (.NET Core 3.1.29; Microsoft Windows 10.0.19044)",
        "x-ms-client-request-id": "7fdf0ffd375dc183258812ece47bfa76",
        "x-ms-return-client-request-id": "true"
      },
      "RequestBody": null,
      "StatusCode": 200,
      "ResponseHeaders": {
        "Cache-Control": "no-cache",
        "Content-Length": "226",
        "Content-Type": "application/json; charset=utf-8",
        "Date": "Thu, 22 Sep 2022 06:44:49 GMT",
        "Expires": "-1",
        "Pragma": "no-cache",
        "Strict-Transport-Security": "max-age=31536000; includeSubDomains",
        "X-Content-Type-Options": "nosniff",
        "x-ms-correlation-request-id": "dda9bbdf-a13a-4e83-bc0c-58a9c1a4c21e",
        "x-ms-ratelimit-remaining-subscription-reads": "11692",
        "x-ms-request-id": "dda9bbdf-a13a-4e83-bc0c-58a9c1a4c21e",
        "x-ms-routing-request-id": "WESTCENTRALUS:20220922T064450Z:dda9bbdf-a13a-4e83-bc0c-58a9c1a4c21e"
      },
      "ResponseBody": {
        "id": "/subscriptions/12053b8f-cab5-4f5c-9c1a-870580142abd/resourceGroups/dbaccount-8108",
        "name": "dbaccount-8108",
        "type": "Microsoft.Resources/resourceGroups",
        "location": "westus2",
        "properties": {
          "provisioningState": "Succeeded"
        }
      }
    },
    {
      "RequestUri": "https://management.azure.com/subscriptions/12053b8f-cab5-4f5c-9c1a-870580142abd/resourceGroups/dbaccount-8108/providers/Microsoft.DocumentDB/databaseAccounts/dbaccount-8479?api-version=2022-08-15",
      "RequestMethod": "PUT",
      "RequestHeaders": {
        "Accept": "application/json",
        "Authorization": "Sanitized",
        "Content-Length": "588",
        "Content-Type": "application/json",
        "traceparent": "00-5f2ef083d83db0498ae33b75844ddc33-7145b97d4546a746-00",
        "User-Agent": "azsdk-net-ResourceManager.CosmosDB/1.1.0-alpha.20220921.1 (.NET Core 3.1.29; Microsoft Windows 10.0.19044)",
        "x-ms-client-request-id": "ab7b2810826d92a0e0e8a7f4c0ad1b36",
        "x-ms-return-client-request-id": "true"
      },
      "RequestBody": {
        "kind": "MongoDB",
        "tags": {
          "key1": "value1",
          "key2": "value2"
        },
        "location": "westus2",
        "properties": {
          "consistencyPolicy": {
            "defaultConsistencyLevel": "BoundedStaleness",
            "maxStalenessPrefix": 300,
            "maxIntervalInSeconds": 1000
          },
          "locations": [
            {
              "locationName": "westus",
              "isZoneRedundant": false
            }
          ],
          "databaseAccountOfferType": "Standard",
          "ipRules": [
            {
              "ipAddressOrRange": "23.43.230.120"
            }
          ],
          "isVirtualNetworkFilterEnabled": true,
          "enableAutomaticFailover": false,
          "capabilities": [
            {
              "name": "EnableMongo"
            },
            {
              "name": "EnableMongoRoleBasedAccessControl"
            }
          ],
          "connectorOffer": "Small",
          "disableKeyBasedMetadataWriteAccess": false
        }
      },
      "StatusCode": 200,
      "ResponseHeaders": {
        "Azure-AsyncOperation": "https://management.azure.com/subscriptions/12053b8f-cab5-4f5c-9c1a-870580142abd/providers/Microsoft.DocumentDB/locations/westus2/operationsStatus/8cbf339f-1a98-425e-be4d-fef7e47782af?api-version=2022-08-15",
        "Cache-Control": "no-store, no-cache",
        "Content-Length": "2457",
        "Content-Type": "application/json",
        "Date": "Thu, 22 Sep 2022 06:44:55 GMT",
        "Location": "https://management.azure.com/subscriptions/12053b8f-cab5-4f5c-9c1a-870580142abd/resourceGroups/dbaccount-8108/providers/Microsoft.DocumentDB/databaseAccounts/dbaccount-8479/operationResults/8cbf339f-1a98-425e-be4d-fef7e47782af?api-version=2022-08-15",
        "Pragma": "no-cache",
        "Server": "Microsoft-HTTPAPI/2.0",
        "Strict-Transport-Security": "max-age=31536000; includeSubDomains",
        "X-Content-Type-Options": "nosniff",
        "x-ms-correlation-request-id": "f60d0b10-1d63-428e-b902-3f4940b6f0ae",
        "x-ms-gatewayversion": "version=2.14.0",
        "x-ms-ratelimit-remaining-subscription-writes": "1185",
        "x-ms-request-id": "8cbf339f-1a98-425e-be4d-fef7e47782af",
        "x-ms-routing-request-id": "WESTCENTRALUS:20220922T064456Z:f60d0b10-1d63-428e-b902-3f4940b6f0ae"
      },
      "ResponseBody": {
        "id": "/subscriptions/12053b8f-cab5-4f5c-9c1a-870580142abd/resourceGroups/dbaccount-8108/providers/Microsoft.DocumentDB/databaseAccounts/dbaccount-8479",
        "name": "dbaccount-8479",
        "location": "West US 2",
        "type": "Microsoft.DocumentDB/databaseAccounts",
        "kind": "MongoDB",
        "tags": {
          "key1": "value1",
          "key2": "value2"
        },
        "systemData": {
          "createdAt": "2022-09-22T06:44:53.5548163Z"
        },
        "properties": {
          "provisioningState": "Creating",
          "publicNetworkAccess": "Enabled",
          "enableAutomaticFailover": false,
          "enableMultipleWriteLocations": false,
          "enablePartitionKeyMonitor": false,
          "isVirtualNetworkFilterEnabled": true,
          "virtualNetworkRules": [],
          "EnabledApiTypes": "MongoDB",
          "disableKeyBasedMetadataWriteAccess": false,
          "enableFreeTier": false,
          "enableAnalyticalStorage": false,
          "analyticalStorageConfiguration": {
            "schemaType": "FullFidelity"
          },
          "instanceId": "9002a173-be92-474f-88a0-a21bce44cc1a",
          "databaseAccountOfferType": "Standard",
          "enableCassandraConnector": false,
          "connectorOffer": "Small",
          "defaultIdentity": "",
          "networkAclBypass": "None",
          "disableLocalAuth": false,
          "enablePartitionMerge": false,
          "consistencyPolicy": {
            "defaultConsistencyLevel": "BoundedStaleness",
            "maxIntervalInSeconds": 1000,
            "maxStalenessPrefix": 300
          },
          "apiProperties": {
            "serverVersion": "3.6"
          },
          "configurationOverrides": {},
          "writeLocations": [
            {
              "id": "dbaccount-8479-westus",
              "locationName": "West US",
              "provisioningState": "Creating",
              "failoverPriority": 0,
              "isZoneRedundant": false
            }
          ],
          "readLocations": [
            {
              "id": "dbaccount-8479-westus",
              "locationName": "West US",
              "provisioningState": "Creating",
              "failoverPriority": 0,
              "isZoneRedundant": false
            }
          ],
          "locations": [
            {
              "id": "dbaccount-8479-westus",
              "locationName": "West US",
              "provisioningState": "Creating",
              "failoverPriority": 0,
              "isZoneRedundant": false
            }
          ],
          "failoverPolicies": [
            {
              "id": "dbaccount-8479-westus",
              "locationName": "West US",
              "failoverPriority": 0
            }
          ],
          "cors": [],
          "capabilities": [
            {
              "name": "EnableMongo"
            },
            {
              "name": "EnableMongoRoleBasedAccessControl"
            }
          ],
          "ipRules": [
            {
              "ipAddressOrRange": "23.43.230.120"
            }
          ],
          "backupPolicy": {
            "type": "Periodic",
            "periodicModeProperties": {
              "backupIntervalInMinutes": 240,
              "backupRetentionIntervalInHours": 8,
              "backupStorageRedundancy": "Invalid"
            }
          },
          "networkAclBypassResourceIds": [],
          "keysMetadata": {
            "primaryMasterKey": {
              "generationTime": "2022-09-22T06:44:53.5548163Z"
            },
            "secondaryMasterKey": {
              "generationTime": "2022-09-22T06:44:53.5548163Z"
            },
            "primaryReadonlyMasterKey": {
              "generationTime": "2022-09-22T06:44:53.5548163Z"
            },
            "secondaryReadonlyMasterKey": {
              "generationTime": "2022-09-22T06:44:53.5548163Z"
            }
          }
        },
        "identity": {
          "type": "None"
        }
      }
    },
    {
      "RequestUri": "https://management.azure.com/subscriptions/12053b8f-cab5-4f5c-9c1a-870580142abd/providers/Microsoft.DocumentDB/locations/westus2/operationsStatus/8cbf339f-1a98-425e-be4d-fef7e47782af?api-version=2022-08-15",
      "RequestMethod": "GET",
      "RequestHeaders": {
        "Authorization": "Sanitized",
        "traceparent": "00-5f2ef083d83db0498ae33b75844ddc33-fca46021ed9d454a-00",
        "User-Agent": "azsdk-net-ResourceManager/1.3.1 (.NET Core 3.1.29; Microsoft Windows 10.0.19044)",
        "x-ms-client-request-id": "8bec0a32515b8d903fec7d4edbcc64da",
        "x-ms-return-client-request-id": "true"
      },
      "RequestBody": null,
      "StatusCode": 200,
      "ResponseHeaders": {
        "Cache-Control": "no-store, no-cache",
        "Content-Length": "21",
        "Content-Type": "application/json",
        "Date": "Thu, 22 Sep 2022 06:44:55 GMT",
        "Pragma": "no-cache",
        "Server": "Microsoft-HTTPAPI/2.0",
        "Strict-Transport-Security": "max-age=31536000; includeSubDomains",
        "X-Content-Type-Options": "nosniff",
        "x-ms-correlation-request-id": "e37403b7-ccb5-4f5c-8510-c8cf99e5c1ae",
        "x-ms-gatewayversion": "version=2.14.0",
        "x-ms-ratelimit-remaining-subscription-reads": "11691",
        "x-ms-request-id": "e37403b7-ccb5-4f5c-8510-c8cf99e5c1ae",
        "x-ms-routing-request-id": "WESTCENTRALUS:20220922T064456Z:e37403b7-ccb5-4f5c-8510-c8cf99e5c1ae"
      },
      "ResponseBody": {
        "status": "Enqueued"
      }
    },
    {
      "RequestUri": "https://management.azure.com/subscriptions/12053b8f-cab5-4f5c-9c1a-870580142abd/providers/Microsoft.DocumentDB/locations/westus2/operationsStatus/8cbf339f-1a98-425e-be4d-fef7e47782af?api-version=2022-08-15",
      "RequestMethod": "GET",
      "RequestHeaders": {
        "Authorization": "Sanitized",
        "traceparent": "00-5f2ef083d83db0498ae33b75844ddc33-e95e913a842ac845-00",
        "User-Agent": "azsdk-net-ResourceManager/1.3.1 (.NET Core 3.1.29; Microsoft Windows 10.0.19044)",
        "x-ms-client-request-id": "d906b6f7355a8fa467f50b84624a4aaa",
        "x-ms-return-client-request-id": "true"
      },
      "RequestBody": null,
      "StatusCode": 200,
      "ResponseHeaders": {
        "Cache-Control": "no-store, no-cache",
        "Content-Length": "21",
        "Content-Type": "application/json",
        "Date": "Thu, 22 Sep 2022 06:44:56 GMT",
        "Pragma": "no-cache",
        "Server": "Microsoft-HTTPAPI/2.0",
        "Strict-Transport-Security": "max-age=31536000; includeSubDomains",
        "X-Content-Type-Options": "nosniff",
        "x-ms-correlation-request-id": "3996e2a0-27db-488f-b5dd-9f005aeea152",
        "x-ms-gatewayversion": "version=2.14.0",
        "x-ms-ratelimit-remaining-subscription-reads": "11690",
        "x-ms-request-id": "3996e2a0-27db-488f-b5dd-9f005aeea152",
        "x-ms-routing-request-id": "WESTCENTRALUS:20220922T064457Z:3996e2a0-27db-488f-b5dd-9f005aeea152"
      },
      "ResponseBody": {
        "status": "Enqueued"
      }
    },
    {
      "RequestUri": "https://management.azure.com/subscriptions/12053b8f-cab5-4f5c-9c1a-870580142abd/providers/Microsoft.DocumentDB/locations/westus2/operationsStatus/8cbf339f-1a98-425e-be4d-fef7e47782af?api-version=2022-08-15",
      "RequestMethod": "GET",
      "RequestHeaders": {
        "Authorization": "Sanitized",
        "traceparent": "00-5f2ef083d83db0498ae33b75844ddc33-7631e67cf9221344-00",
        "User-Agent": "azsdk-net-ResourceManager/1.3.1 (.NET Core 3.1.29; Microsoft Windows 10.0.19044)",
        "x-ms-client-request-id": "b6c255ab8fc08bda111302ca0372a9d4",
        "x-ms-return-client-request-id": "true"
      },
      "RequestBody": null,
      "StatusCode": 200,
      "ResponseHeaders": {
        "Cache-Control": "no-store, no-cache",
        "Content-Length": "21",
        "Content-Type": "application/json",
        "Date": "Thu, 22 Sep 2022 06:44:57 GMT",
        "Pragma": "no-cache",
        "Server": "Microsoft-HTTPAPI/2.0",
        "Strict-Transport-Security": "max-age=31536000; includeSubDomains",
        "X-Content-Type-Options": "nosniff",
        "x-ms-correlation-request-id": "38b2d49b-ba52-4fb3-985f-f9284dd44da0",
        "x-ms-gatewayversion": "version=2.14.0",
        "x-ms-ratelimit-remaining-subscription-reads": "11689",
        "x-ms-request-id": "38b2d49b-ba52-4fb3-985f-f9284dd44da0",
        "x-ms-routing-request-id": "WESTCENTRALUS:20220922T064458Z:38b2d49b-ba52-4fb3-985f-f9284dd44da0"
      },
      "ResponseBody": {
        "status": "Enqueued"
      }
    },
    {
      "RequestUri": "https://management.azure.com/subscriptions/12053b8f-cab5-4f5c-9c1a-870580142abd/providers/Microsoft.DocumentDB/locations/westus2/operationsStatus/8cbf339f-1a98-425e-be4d-fef7e47782af?api-version=2022-08-15",
      "RequestMethod": "GET",
      "RequestHeaders": {
        "Authorization": "Sanitized",
        "traceparent": "00-5f2ef083d83db0498ae33b75844ddc33-7bea6278247d3a43-00",
        "User-Agent": "azsdk-net-ResourceManager/1.3.1 (.NET Core 3.1.29; Microsoft Windows 10.0.19044)",
        "x-ms-client-request-id": "905e4584632efdf6665d2465460b2af4",
        "x-ms-return-client-request-id": "true"
      },
      "RequestBody": null,
      "StatusCode": 200,
      "ResponseHeaders": {
        "Cache-Control": "no-store, no-cache",
        "Content-Length": "21",
        "Content-Type": "application/json",
        "Date": "Thu, 22 Sep 2022 06:44:58 GMT",
        "Pragma": "no-cache",
        "Server": "Microsoft-HTTPAPI/2.0",
        "Strict-Transport-Security": "max-age=31536000; includeSubDomains",
        "X-Content-Type-Options": "nosniff",
        "x-ms-correlation-request-id": "f9baceb0-4b4a-4134-9bf5-98fdea589dcb",
        "x-ms-gatewayversion": "version=2.14.0",
        "x-ms-ratelimit-remaining-subscription-reads": "11688",
        "x-ms-request-id": "f9baceb0-4b4a-4134-9bf5-98fdea589dcb",
        "x-ms-routing-request-id": "WESTCENTRALUS:20220922T064459Z:f9baceb0-4b4a-4134-9bf5-98fdea589dcb"
      },
      "ResponseBody": {
        "status": "Dequeued"
      }
    },
    {
      "RequestUri": "https://management.azure.com/subscriptions/12053b8f-cab5-4f5c-9c1a-870580142abd/providers/Microsoft.DocumentDB/locations/westus2/operationsStatus/8cbf339f-1a98-425e-be4d-fef7e47782af?api-version=2022-08-15",
      "RequestMethod": "GET",
      "RequestHeaders": {
        "Authorization": "Sanitized",
        "traceparent": "00-5f2ef083d83db0498ae33b75844ddc33-9d7eb5283a0d5a48-00",
        "User-Agent": "azsdk-net-ResourceManager/1.3.1 (.NET Core 3.1.29; Microsoft Windows 10.0.19044)",
        "x-ms-client-request-id": "86a2d3a1ae0a6819dc7ac74732da8bf5",
        "x-ms-return-client-request-id": "true"
      },
      "RequestBody": null,
      "StatusCode": 200,
      "ResponseHeaders": {
        "Cache-Control": "no-store, no-cache",
        "Content-Length": "21",
        "Content-Type": "application/json",
        "Date": "Thu, 22 Sep 2022 06:45:00 GMT",
        "Pragma": "no-cache",
        "Server": "Microsoft-HTTPAPI/2.0",
        "Strict-Transport-Security": "max-age=31536000; includeSubDomains",
        "X-Content-Type-Options": "nosniff",
        "x-ms-correlation-request-id": "f1c1b189-9b35-4b85-9189-486f067ad62b",
        "x-ms-gatewayversion": "version=2.14.0",
        "x-ms-ratelimit-remaining-subscription-reads": "11696",
        "x-ms-request-id": "f1c1b189-9b35-4b85-9189-486f067ad62b",
        "x-ms-routing-request-id": "WESTCENTRALUS:20220922T064501Z:f1c1b189-9b35-4b85-9189-486f067ad62b"
      },
      "ResponseBody": {
        "status": "Dequeued"
      }
    },
    {
      "RequestUri": "https://management.azure.com/subscriptions/12053b8f-cab5-4f5c-9c1a-870580142abd/providers/Microsoft.DocumentDB/locations/westus2/operationsStatus/8cbf339f-1a98-425e-be4d-fef7e47782af?api-version=2022-08-15",
      "RequestMethod": "GET",
      "RequestHeaders": {
        "Authorization": "Sanitized",
        "traceparent": "00-5f2ef083d83db0498ae33b75844ddc33-defcfc80fb6aa54b-00",
        "User-Agent": "azsdk-net-ResourceManager/1.3.1 (.NET Core 3.1.29; Microsoft Windows 10.0.19044)",
        "x-ms-client-request-id": "1cff364cbaec487c5ec44f636a744505",
        "x-ms-return-client-request-id": "true"
      },
      "RequestBody": null,
      "StatusCode": 200,
      "ResponseHeaders": {
        "Cache-Control": "no-store, no-cache",
        "Content-Length": "21",
        "Content-Type": "application/json",
        "Date": "Thu, 22 Sep 2022 06:45:04 GMT",
        "Pragma": "no-cache",
        "Server": "Microsoft-HTTPAPI/2.0",
        "Strict-Transport-Security": "max-age=31536000; includeSubDomains",
        "X-Content-Type-Options": "nosniff",
        "x-ms-correlation-request-id": "65d40891-72d5-4fbe-af41-cbe5e3aac033",
        "x-ms-gatewayversion": "version=2.14.0",
        "x-ms-ratelimit-remaining-subscription-reads": "11695",
        "x-ms-request-id": "65d40891-72d5-4fbe-af41-cbe5e3aac033",
        "x-ms-routing-request-id": "WESTCENTRALUS:20220922T064505Z:65d40891-72d5-4fbe-af41-cbe5e3aac033"
      },
      "ResponseBody": {
        "status": "Dequeued"
      }
    },
    {
      "RequestUri": "https://management.azure.com/subscriptions/12053b8f-cab5-4f5c-9c1a-870580142abd/providers/Microsoft.DocumentDB/locations/westus2/operationsStatus/8cbf339f-1a98-425e-be4d-fef7e47782af?api-version=2022-08-15",
      "RequestMethod": "GET",
      "RequestHeaders": {
        "Authorization": "Sanitized",
        "traceparent": "00-5f2ef083d83db0498ae33b75844ddc33-f7374db452ce7b44-00",
        "User-Agent": "azsdk-net-ResourceManager/1.3.1 (.NET Core 3.1.29; Microsoft Windows 10.0.19044)",
        "x-ms-client-request-id": "30280de822cfd6c92bf5b4b39bafca8b",
        "x-ms-return-client-request-id": "true"
      },
      "RequestBody": null,
      "StatusCode": 200,
      "ResponseHeaders": {
        "Cache-Control": "no-store, no-cache",
        "Content-Length": "21",
        "Content-Type": "application/json",
        "Date": "Thu, 22 Sep 2022 06:45:13 GMT",
        "Pragma": "no-cache",
        "Server": "Microsoft-HTTPAPI/2.0",
        "Strict-Transport-Security": "max-age=31536000; includeSubDomains",
        "X-Content-Type-Options": "nosniff",
        "x-ms-correlation-request-id": "a6e930dd-d8e9-4261-8eb1-59c9ac60b509",
        "x-ms-gatewayversion": "version=2.14.0",
        "x-ms-ratelimit-remaining-subscription-reads": "11694",
        "x-ms-request-id": "a6e930dd-d8e9-4261-8eb1-59c9ac60b509",
        "x-ms-routing-request-id": "WESTCENTRALUS:20220922T064513Z:a6e930dd-d8e9-4261-8eb1-59c9ac60b509"
      },
      "ResponseBody": {
        "status": "Dequeued"
      }
    },
    {
      "RequestUri": "https://management.azure.com/subscriptions/12053b8f-cab5-4f5c-9c1a-870580142abd/providers/Microsoft.DocumentDB/locations/westus2/operationsStatus/8cbf339f-1a98-425e-be4d-fef7e47782af?api-version=2022-08-15",
      "RequestMethod": "GET",
      "RequestHeaders": {
        "Authorization": "Sanitized",
        "traceparent": "00-5f2ef083d83db0498ae33b75844ddc33-0595e44c7b204043-00",
        "User-Agent": "azsdk-net-ResourceManager/1.3.1 (.NET Core 3.1.29; Microsoft Windows 10.0.19044)",
        "x-ms-client-request-id": "0f182fd10e0be708565a28465eb6fd67",
        "x-ms-return-client-request-id": "true"
      },
      "RequestBody": null,
      "StatusCode": 200,
      "ResponseHeaders": {
        "Cache-Control": "no-store, no-cache",
        "Content-Length": "21",
        "Content-Type": "application/json",
        "Date": "Thu, 22 Sep 2022 06:45:29 GMT",
        "Pragma": "no-cache",
        "Server": "Microsoft-HTTPAPI/2.0",
        "Strict-Transport-Security": "max-age=31536000; includeSubDomains",
        "X-Content-Type-Options": "nosniff",
        "x-ms-correlation-request-id": "e39fcf97-f785-4a42-bb06-852fda784f53",
        "x-ms-gatewayversion": "version=2.14.0",
        "x-ms-ratelimit-remaining-subscription-reads": "11693",
        "x-ms-request-id": "e39fcf97-f785-4a42-bb06-852fda784f53",
        "x-ms-routing-request-id": "WESTCENTRALUS:20220922T064530Z:e39fcf97-f785-4a42-bb06-852fda784f53"
      },
      "ResponseBody": {
        "status": "Dequeued"
      }
    },
    {
      "RequestUri": "https://management.azure.com/subscriptions/12053b8f-cab5-4f5c-9c1a-870580142abd/providers/Microsoft.DocumentDB/locations/westus2/operationsStatus/8cbf339f-1a98-425e-be4d-fef7e47782af?api-version=2022-08-15",
      "RequestMethod": "GET",
      "RequestHeaders": {
        "Authorization": "Sanitized",
        "traceparent": "00-5f2ef083d83db0498ae33b75844ddc33-76c8ade146168f40-00",
        "User-Agent": "azsdk-net-ResourceManager/1.3.1 (.NET Core 3.1.29; Microsoft Windows 10.0.19044)",
        "x-ms-client-request-id": "255fc1355ab229256d29f0f605c9acaf",
        "x-ms-return-client-request-id": "true"
      },
      "RequestBody": null,
      "StatusCode": 200,
      "ResponseHeaders": {
        "Cache-Control": "no-store, no-cache",
        "Content-Length": "21",
        "Content-Type": "application/json",
        "Date": "Thu, 22 Sep 2022 06:46:01 GMT",
        "Pragma": "no-cache",
        "Server": "Microsoft-HTTPAPI/2.0",
        "Strict-Transport-Security": "max-age=31536000; includeSubDomains",
        "X-Content-Type-Options": "nosniff",
        "x-ms-correlation-request-id": "cd4a1945-991d-4e3c-8239-d4c79827d0c2",
        "x-ms-gatewayversion": "version=2.14.0",
        "x-ms-ratelimit-remaining-subscription-reads": "11692",
        "x-ms-request-id": "cd4a1945-991d-4e3c-8239-d4c79827d0c2",
        "x-ms-routing-request-id": "WESTCENTRALUS:20220922T064602Z:cd4a1945-991d-4e3c-8239-d4c79827d0c2"
      },
      "ResponseBody": {
        "status": "Dequeued"
      }
    },
    {
      "RequestUri": "https://management.azure.com/subscriptions/12053b8f-cab5-4f5c-9c1a-870580142abd/providers/Microsoft.DocumentDB/locations/westus2/operationsStatus/8cbf339f-1a98-425e-be4d-fef7e47782af?api-version=2022-08-15",
      "RequestMethod": "GET",
      "RequestHeaders": {
        "Authorization": "Sanitized",
        "traceparent": "00-5f2ef083d83db0498ae33b75844ddc33-28399f3cbb304a4c-00",
        "User-Agent": "azsdk-net-ResourceManager/1.3.1 (.NET Core 3.1.29; Microsoft Windows 10.0.19044)",
        "x-ms-client-request-id": "3b91c4f9355bd9fa0540da75fa827775",
        "x-ms-return-client-request-id": "true"
      },
      "RequestBody": null,
      "StatusCode": 200,
      "ResponseHeaders": {
        "Cache-Control": "no-store, no-cache",
        "Content-Length": "21",
        "Content-Type": "application/json",
        "Date": "Thu, 22 Sep 2022 06:46:33 GMT",
        "Pragma": "no-cache",
        "Server": "Microsoft-HTTPAPI/2.0",
        "Strict-Transport-Security": "max-age=31536000; includeSubDomains",
        "X-Content-Type-Options": "nosniff",
        "x-ms-correlation-request-id": "0ebca665-54e8-41cb-91b2-04771b0ed8df",
        "x-ms-gatewayversion": "version=2.14.0",
        "x-ms-ratelimit-remaining-subscription-reads": "11691",
        "x-ms-request-id": "0ebca665-54e8-41cb-91b2-04771b0ed8df",
        "x-ms-routing-request-id": "WESTCENTRALUS:20220922T064634Z:0ebca665-54e8-41cb-91b2-04771b0ed8df"
      },
      "ResponseBody": {
        "status": "Dequeued"
      }
    },
    {
      "RequestUri": "https://management.azure.com/subscriptions/12053b8f-cab5-4f5c-9c1a-870580142abd/providers/Microsoft.DocumentDB/locations/westus2/operationsStatus/8cbf339f-1a98-425e-be4d-fef7e47782af?api-version=2022-08-15",
      "RequestMethod": "GET",
      "RequestHeaders": {
        "Authorization": "Sanitized",
        "traceparent": "00-5f2ef083d83db0498ae33b75844ddc33-798fc61763f50e4b-00",
        "User-Agent": "azsdk-net-ResourceManager/1.3.1 (.NET Core 3.1.29; Microsoft Windows 10.0.19044)",
        "x-ms-client-request-id": "da7d4df8a54f77d909eea2e11d11e18d",
        "x-ms-return-client-request-id": "true"
      },
      "RequestBody": null,
      "StatusCode": 200,
      "ResponseHeaders": {
        "Cache-Control": "no-store, no-cache",
        "Content-Length": "21",
        "Content-Type": "application/json",
        "Date": "Thu, 22 Sep 2022 06:47:05 GMT",
        "Pragma": "no-cache",
        "Server": "Microsoft-HTTPAPI/2.0",
        "Strict-Transport-Security": "max-age=31536000; includeSubDomains",
        "X-Content-Type-Options": "nosniff",
        "x-ms-correlation-request-id": "49d453dc-7fc3-47e0-9bb8-6b6470a60c89",
        "x-ms-gatewayversion": "version=2.14.0",
        "x-ms-ratelimit-remaining-subscription-reads": "11690",
        "x-ms-request-id": "49d453dc-7fc3-47e0-9bb8-6b6470a60c89",
        "x-ms-routing-request-id": "WESTCENTRALUS:20220922T064706Z:49d453dc-7fc3-47e0-9bb8-6b6470a60c89"
      },
      "ResponseBody": {
        "status": "Dequeued"
      }
    },
    {
      "RequestUri": "https://management.azure.com/subscriptions/12053b8f-cab5-4f5c-9c1a-870580142abd/providers/Microsoft.DocumentDB/locations/westus2/operationsStatus/8cbf339f-1a98-425e-be4d-fef7e47782af?api-version=2022-08-15",
      "RequestMethod": "GET",
      "RequestHeaders": {
        "Authorization": "Sanitized",
        "traceparent": "00-5f2ef083d83db0498ae33b75844ddc33-51005b3c9393f149-00",
        "User-Agent": "azsdk-net-ResourceManager/1.3.1 (.NET Core 3.1.29; Microsoft Windows 10.0.19044)",
        "x-ms-client-request-id": "9a4c78adc224000bc785207180b02fea",
        "x-ms-return-client-request-id": "true"
      },
      "RequestBody": null,
      "StatusCode": 200,
      "ResponseHeaders": {
        "Cache-Control": "no-store, no-cache",
        "Content-Length": "21",
        "Content-Type": "application/json",
        "Date": "Thu, 22 Sep 2022 06:47:38 GMT",
        "Pragma": "no-cache",
        "Server": "Microsoft-HTTPAPI/2.0",
        "Strict-Transport-Security": "max-age=31536000; includeSubDomains",
        "X-Content-Type-Options": "nosniff",
        "x-ms-correlation-request-id": "8fa0edb7-f142-4e18-944a-9297f8ad8635",
        "x-ms-gatewayversion": "version=2.14.0",
        "x-ms-ratelimit-remaining-subscription-reads": "11689",
        "x-ms-request-id": "8fa0edb7-f142-4e18-944a-9297f8ad8635",
        "x-ms-routing-request-id": "WESTCENTRALUS:20220922T064738Z:8fa0edb7-f142-4e18-944a-9297f8ad8635"
      },
      "ResponseBody": {
        "status": "Dequeued"
      }
    },
    {
      "RequestUri": "https://management.azure.com/subscriptions/12053b8f-cab5-4f5c-9c1a-870580142abd/providers/Microsoft.DocumentDB/locations/westus2/operationsStatus/8cbf339f-1a98-425e-be4d-fef7e47782af?api-version=2022-08-15",
      "RequestMethod": "GET",
      "RequestHeaders": {
        "Authorization": "Sanitized",
        "traceparent": "00-5f2ef083d83db0498ae33b75844ddc33-cd5ce7e4d1908942-00",
        "User-Agent": "azsdk-net-ResourceManager/1.3.1 (.NET Core 3.1.29; Microsoft Windows 10.0.19044)",
        "x-ms-client-request-id": "b8fe7ab2d24b545feb1a316d9218bcf3",
        "x-ms-return-client-request-id": "true"
      },
      "RequestBody": null,
      "StatusCode": 200,
      "ResponseHeaders": {
        "Cache-Control": "no-store, no-cache",
        "Content-Length": "21",
        "Content-Type": "application/json",
        "Date": "Thu, 22 Sep 2022 06:48:10 GMT",
        "Pragma": "no-cache",
        "Server": "Microsoft-HTTPAPI/2.0",
        "Strict-Transport-Security": "max-age=31536000; includeSubDomains",
        "X-Content-Type-Options": "nosniff",
        "x-ms-correlation-request-id": "9eb91ce7-49db-4319-bba3-fe0cc1331b89",
        "x-ms-gatewayversion": "version=2.14.0",
        "x-ms-ratelimit-remaining-subscription-reads": "11688",
        "x-ms-request-id": "9eb91ce7-49db-4319-bba3-fe0cc1331b89",
        "x-ms-routing-request-id": "WESTCENTRALUS:20220922T064810Z:9eb91ce7-49db-4319-bba3-fe0cc1331b89"
      },
      "ResponseBody": {
        "status": "Dequeued"
      }
    },
    {
      "RequestUri": "https://management.azure.com/subscriptions/12053b8f-cab5-4f5c-9c1a-870580142abd/providers/Microsoft.DocumentDB/locations/westus2/operationsStatus/8cbf339f-1a98-425e-be4d-fef7e47782af?api-version=2022-08-15",
      "RequestMethod": "GET",
      "RequestHeaders": {
        "Authorization": "Sanitized",
        "traceparent": "00-5f2ef083d83db0498ae33b75844ddc33-3757a9b1a5a7e345-00",
        "User-Agent": "azsdk-net-ResourceManager/1.3.1 (.NET Core 3.1.29; Microsoft Windows 10.0.19044)",
        "x-ms-client-request-id": "81c84d5edd353551417c12ca8467f658",
        "x-ms-return-client-request-id": "true"
      },
      "RequestBody": null,
      "StatusCode": 200,
      "ResponseHeaders": {
        "Cache-Control": "no-store, no-cache",
        "Content-Length": "21",
        "Content-Type": "application/json",
        "Date": "Thu, 22 Sep 2022 06:48:42 GMT",
        "Pragma": "no-cache",
        "Server": "Microsoft-HTTPAPI/2.0",
        "Strict-Transport-Security": "max-age=31536000; includeSubDomains",
        "X-Content-Type-Options": "nosniff",
        "x-ms-correlation-request-id": "a38377d0-6ef9-44b9-896f-d6998da4618b",
        "x-ms-gatewayversion": "version=2.14.0",
        "x-ms-ratelimit-remaining-subscription-reads": "11687",
        "x-ms-request-id": "a38377d0-6ef9-44b9-896f-d6998da4618b",
        "x-ms-routing-request-id": "WESTCENTRALUS:20220922T064842Z:a38377d0-6ef9-44b9-896f-d6998da4618b"
      },
      "ResponseBody": {
        "status": "Dequeued"
      }
    },
    {
      "RequestUri": "https://management.azure.com/subscriptions/12053b8f-cab5-4f5c-9c1a-870580142abd/providers/Microsoft.DocumentDB/locations/westus2/operationsStatus/8cbf339f-1a98-425e-be4d-fef7e47782af?api-version=2022-08-15",
      "RequestMethod": "GET",
      "RequestHeaders": {
        "Authorization": "Sanitized",
        "traceparent": "00-5f2ef083d83db0498ae33b75844ddc33-a661aafbb67a6a4f-00",
        "User-Agent": "azsdk-net-ResourceManager/1.3.1 (.NET Core 3.1.29; Microsoft Windows 10.0.19044)",
        "x-ms-client-request-id": "a22fb7bf2913da4119f8ae09909e6eaf",
        "x-ms-return-client-request-id": "true"
      },
      "RequestBody": null,
      "StatusCode": 200,
      "ResponseHeaders": {
        "Cache-Control": "no-store, no-cache",
        "Content-Length": "22",
        "Content-Type": "application/json",
        "Date": "Thu, 22 Sep 2022 06:49:14 GMT",
        "Pragma": "no-cache",
        "Server": "Microsoft-HTTPAPI/2.0",
        "Strict-Transport-Security": "max-age=31536000; includeSubDomains",
        "X-Content-Type-Options": "nosniff",
        "x-ms-correlation-request-id": "77af7137-4246-4a62-885c-b9dea65585a8",
        "x-ms-gatewayversion": "version=2.14.0",
        "x-ms-ratelimit-remaining-subscription-reads": "11686",
        "x-ms-request-id": "77af7137-4246-4a62-885c-b9dea65585a8",
        "x-ms-routing-request-id": "WESTCENTRALUS:20220922T064914Z:77af7137-4246-4a62-885c-b9dea65585a8"
      },
      "ResponseBody": {
        "status": "Succeeded"
      }
    },
    {
      "RequestUri": "https://management.azure.com/subscriptions/12053b8f-cab5-4f5c-9c1a-870580142abd/resourceGroups/dbaccount-8108/providers/Microsoft.DocumentDB/databaseAccounts/dbaccount-8479?api-version=2022-08-15",
      "RequestMethod": "GET",
      "RequestHeaders": {
        "Authorization": "Sanitized",
        "traceparent": "00-5f2ef083d83db0498ae33b75844ddc33-583baeb4f2a5f845-00",
        "User-Agent": "azsdk-net-ResourceManager/1.3.1 (.NET Core 3.1.29; Microsoft Windows 10.0.19044)",
        "x-ms-client-request-id": "33132dc9aee8d4b429c976cec095cf84",
        "x-ms-return-client-request-id": "true"
      },
      "RequestBody": null,
      "StatusCode": 200,
      "ResponseHeaders": {
        "Cache-Control": "no-store, no-cache",
        "Content-Length": "2866",
        "Content-Type": "application/json",
        "Date": "Thu, 22 Sep 2022 06:49:14 GMT",
        "Pragma": "no-cache",
        "Server": "Microsoft-HTTPAPI/2.0",
        "Strict-Transport-Security": "max-age=31536000; includeSubDomains",
        "X-Content-Type-Options": "nosniff",
        "x-ms-correlation-request-id": "cde96a21-6b70-4a2c-9cd4-ac965898d433",
        "x-ms-gatewayversion": "version=2.14.0",
        "x-ms-ratelimit-remaining-subscription-reads": "11685",
        "x-ms-request-id": "cde96a21-6b70-4a2c-9cd4-ac965898d433",
        "x-ms-routing-request-id": "WESTCENTRALUS:20220922T064914Z:cde96a21-6b70-4a2c-9cd4-ac965898d433"
      },
      "ResponseBody": {
        "id": "/subscriptions/12053b8f-cab5-4f5c-9c1a-870580142abd/resourceGroups/dbaccount-8108/providers/Microsoft.DocumentDB/databaseAccounts/dbaccount-8479",
        "name": "dbaccount-8479",
        "location": "West US 2",
        "type": "Microsoft.DocumentDB/databaseAccounts",
        "kind": "MongoDB",
        "tags": {
          "key1": "value1",
          "key2": "value2"
        },
        "systemData": {
          "createdAt": "2022-09-22T06:48:54.9179442Z"
        },
        "properties": {
          "provisioningState": "Succeeded",
          "documentEndpoint": "https://dbaccount-8479.documents.azure.com:443/",
          "mongoEndpoint": "https://dbaccount-8479.mongo.cosmos.azure.com:443/",
          "publicNetworkAccess": "Enabled",
          "enableAutomaticFailover": false,
          "enableMultipleWriteLocations": false,
          "enablePartitionKeyMonitor": false,
          "isVirtualNetworkFilterEnabled": true,
          "virtualNetworkRules": [],
          "EnabledApiTypes": "MongoDB",
          "disableKeyBasedMetadataWriteAccess": false,
          "enableFreeTier": false,
          "enableAnalyticalStorage": false,
          "analyticalStorageConfiguration": {
            "schemaType": "FullFidelity"
          },
          "instanceId": "9002a173-be92-474f-88a0-a21bce44cc1a",
          "databaseAccountOfferType": "Standard",
          "enableCassandraConnector": false,
          "connectorOffer": "Small",
          "defaultIdentity": "FirstPartyIdentity",
          "networkAclBypass": "None",
          "disableLocalAuth": false,
          "enablePartitionMerge": false,
          "consistencyPolicy": {
            "defaultConsistencyLevel": "BoundedStaleness",
            "maxIntervalInSeconds": 1000,
            "maxStalenessPrefix": 300
          },
          "apiProperties": {
            "serverVersion": "3.6"
          },
          "configurationOverrides": {
            "EnableBsonSchema": "True"
          },
          "writeLocations": [
            {
              "id": "dbaccount-8479-westus",
              "locationName": "West US",
              "documentEndpoint": "https://dbaccount-8479-westus.documents.azure.com:443/",
              "provisioningState": "Succeeded",
              "failoverPriority": 0,
              "isZoneRedundant": false
            }
          ],
          "readLocations": [
            {
              "id": "dbaccount-8479-westus",
              "locationName": "West US",
              "documentEndpoint": "https://dbaccount-8479-westus.documents.azure.com:443/",
              "provisioningState": "Succeeded",
              "failoverPriority": 0,
              "isZoneRedundant": false
            }
          ],
          "locations": [
            {
              "id": "dbaccount-8479-westus",
              "locationName": "West US",
              "documentEndpoint": "https://dbaccount-8479-westus.documents.azure.com:443/",
              "provisioningState": "Succeeded",
              "failoverPriority": 0,
              "isZoneRedundant": false
            }
          ],
          "failoverPolicies": [
            {
              "id": "dbaccount-8479-westus",
              "locationName": "West US",
              "failoverPriority": 0
            }
          ],
          "cors": [],
          "capabilities": [
            {
              "name": "EnableMongo"
            },
            {
              "name": "EnableMongoRoleBasedAccessControl"
            }
          ],
          "ipRules": [
            {
              "ipAddressOrRange": "23.43.230.120"
            }
          ],
          "backupPolicy": {
            "type": "Periodic",
            "periodicModeProperties": {
              "backupIntervalInMinutes": 240,
              "backupRetentionIntervalInHours": 8,
              "backupStorageRedundancy": "Geo"
            }
          },
          "networkAclBypassResourceIds": [],
          "keysMetadata": {
            "primaryMasterKey": {
              "generationTime": "2022-09-22T06:48:54.9179442Z"
            },
            "secondaryMasterKey": {
              "generationTime": "2022-09-22T06:48:54.9179442Z"
            },
            "primaryReadonlyMasterKey": {
              "generationTime": "2022-09-22T06:48:54.9179442Z"
            },
            "secondaryReadonlyMasterKey": {
              "generationTime": "2022-09-22T06:48:54.9179442Z"
            }
          }
        },
        "identity": {
          "type": "None"
        }
      }
    },
    {
      "RequestUri": "https://management.azure.com/subscriptions/12053b8f-cab5-4f5c-9c1a-870580142abd/resourceGroups/dbaccount-8108/providers/Microsoft.DocumentDB/databaseAccounts/dbaccount-8479/mongodbDatabases/mongodb-415?api-version=2022-08-15",
      "RequestMethod": "PUT",
      "RequestHeaders": {
        "Accept": "application/json",
        "Authorization": "Sanitized",
        "Content-Length": "107",
        "Content-Type": "application/json",
        "traceparent": "00-4c71ae03e6bfd746ac6f82023ce3193d-b9f844b44a8eb646-00",
        "User-Agent": "azsdk-net-ResourceManager.CosmosDB/1.1.0-alpha.20220921.1 (.NET Core 3.1.29; Microsoft Windows 10.0.19044)",
        "x-ms-client-request-id": "daadd92319e835df0bed683d2e47a4a3",
        "x-ms-return-client-request-id": "true"
      },
      "RequestBody": {
        "tags": {},
        "location": "westus",
        "properties": {
          "resource": {
            "id": "mongodb-415"
          },
          "options": {
            "throughput": 700
          }
        }
      },
      "StatusCode": 202,
      "ResponseHeaders": {
        "Azure-AsyncOperation": "https://management.azure.com/subscriptions/12053b8f-cab5-4f5c-9c1a-870580142abd/providers/Microsoft.DocumentDB/locations/westus2/operationsStatus/9595d817-9145-47c4-b4d5-1e2f1d4b4e08?api-version=2022-08-15",
        "Cache-Control": "no-store, no-cache",
        "Content-Length": "21",
        "Content-Type": "application/json",
        "Date": "Thu, 22 Sep 2022 06:49:15 GMT",
        "Location": "https://management.azure.com/subscriptions/12053b8f-cab5-4f5c-9c1a-870580142abd/resourceGroups/dbaccount-8108/providers/Microsoft.DocumentDB/databaseAccounts/dbaccount-8479/mongodbDatabases/mongodb-415/operationResults/9595d817-9145-47c4-b4d5-1e2f1d4b4e08?api-version=2022-08-15",
        "Pragma": "no-cache",
        "Server": "Microsoft-HTTPAPI/2.0",
        "Strict-Transport-Security": "max-age=31536000; includeSubDomains",
        "X-Content-Type-Options": "nosniff",
        "x-ms-correlation-request-id": "a4a5ece4-e441-4e6e-86de-4267cc496b16",
        "x-ms-gatewayversion": "version=2.14.0",
        "x-ms-ratelimit-remaining-subscription-writes": "1184",
        "x-ms-request-id": "9595d817-9145-47c4-b4d5-1e2f1d4b4e08",
        "x-ms-routing-request-id": "WESTCENTRALUS:20220922T064915Z:a4a5ece4-e441-4e6e-86de-4267cc496b16"
      },
      "ResponseBody": {
        "status": "Enqueued"
      }
    },
    {
      "RequestUri": "https://management.azure.com/subscriptions/12053b8f-cab5-4f5c-9c1a-870580142abd/providers/Microsoft.DocumentDB/locations/westus2/operationsStatus/9595d817-9145-47c4-b4d5-1e2f1d4b4e08?api-version=2022-08-15",
      "RequestMethod": "GET",
      "RequestHeaders": {
        "Authorization": "Sanitized",
        "traceparent": "00-4c71ae03e6bfd746ac6f82023ce3193d-10aa9ca5b4397743-00",
        "User-Agent": "azsdk-net-ResourceManager/1.3.1 (.NET Core 3.1.29; Microsoft Windows 10.0.19044)",
        "x-ms-client-request-id": "b7e52a2993f0afc64dde27fa4577a5e2",
        "x-ms-return-client-request-id": "true"
      },
      "RequestBody": null,
      "StatusCode": 200,
      "ResponseHeaders": {
        "Cache-Control": "no-store, no-cache",
        "Content-Length": "21",
        "Content-Type": "application/json",
        "Date": "Thu, 22 Sep 2022 06:49:15 GMT",
        "Pragma": "no-cache",
        "Server": "Microsoft-HTTPAPI/2.0",
        "Strict-Transport-Security": "max-age=31536000; includeSubDomains",
        "X-Content-Type-Options": "nosniff",
        "x-ms-correlation-request-id": "0db8dc2b-1292-4626-a334-4c54b40e2a98",
        "x-ms-gatewayversion": "version=2.14.0",
        "x-ms-ratelimit-remaining-subscription-reads": "11684",
        "x-ms-request-id": "0db8dc2b-1292-4626-a334-4c54b40e2a98",
        "x-ms-routing-request-id": "WESTCENTRALUS:20220922T064915Z:0db8dc2b-1292-4626-a334-4c54b40e2a98"
      },
      "ResponseBody": {
        "status": "Enqueued"
      }
    },
    {
      "RequestUri": "https://management.azure.com/subscriptions/12053b8f-cab5-4f5c-9c1a-870580142abd/providers/Microsoft.DocumentDB/locations/westus2/operationsStatus/9595d817-9145-47c4-b4d5-1e2f1d4b4e08?api-version=2022-08-15",
      "RequestMethod": "GET",
      "RequestHeaders": {
        "Authorization": "Sanitized",
        "traceparent": "00-4c71ae03e6bfd746ac6f82023ce3193d-9df74fa11a80244b-00",
        "User-Agent": "azsdk-net-ResourceManager/1.3.1 (.NET Core 3.1.29; Microsoft Windows 10.0.19044)",
        "x-ms-client-request-id": "5dc0d2247894602f689cd78da0958299",
        "x-ms-return-client-request-id": "true"
      },
      "RequestBody": null,
      "StatusCode": 200,
      "ResponseHeaders": {
        "Cache-Control": "no-store, no-cache",
        "Content-Length": "21",
        "Content-Type": "application/json",
        "Date": "Thu, 22 Sep 2022 06:49:16 GMT",
        "Pragma": "no-cache",
        "Server": "Microsoft-HTTPAPI/2.0",
        "Strict-Transport-Security": "max-age=31536000; includeSubDomains",
        "X-Content-Type-Options": "nosniff",
        "x-ms-correlation-request-id": "9b80bd30-233d-47f1-9c3f-cb89d1ab3e58",
        "x-ms-gatewayversion": "version=2.14.0",
        "x-ms-ratelimit-remaining-subscription-reads": "11683",
        "x-ms-request-id": "9b80bd30-233d-47f1-9c3f-cb89d1ab3e58",
        "x-ms-routing-request-id": "WESTCENTRALUS:20220922T064916Z:9b80bd30-233d-47f1-9c3f-cb89d1ab3e58"
      },
      "ResponseBody": {
        "status": "Enqueued"
      }
    },
    {
      "RequestUri": "https://management.azure.com/subscriptions/12053b8f-cab5-4f5c-9c1a-870580142abd/providers/Microsoft.DocumentDB/locations/westus2/operationsStatus/9595d817-9145-47c4-b4d5-1e2f1d4b4e08?api-version=2022-08-15",
      "RequestMethod": "GET",
      "RequestHeaders": {
        "Authorization": "Sanitized",
        "traceparent": "00-4c71ae03e6bfd746ac6f82023ce3193d-5d43f6d0cca8734a-00",
        "User-Agent": "azsdk-net-ResourceManager/1.3.1 (.NET Core 3.1.29; Microsoft Windows 10.0.19044)",
        "x-ms-client-request-id": "0414e4d3ec617bb39c5009769c75cb8b",
        "x-ms-return-client-request-id": "true"
      },
      "RequestBody": null,
      "StatusCode": 200,
      "ResponseHeaders": {
        "Cache-Control": "no-store, no-cache",
        "Content-Length": "21",
        "Content-Type": "application/json",
        "Date": "Thu, 22 Sep 2022 06:49:17 GMT",
        "Pragma": "no-cache",
        "Server": "Microsoft-HTTPAPI/2.0",
        "Strict-Transport-Security": "max-age=31536000; includeSubDomains",
        "X-Content-Type-Options": "nosniff",
        "x-ms-correlation-request-id": "548710a2-afcf-4461-aec8-6025ca71bd49",
        "x-ms-gatewayversion": "version=2.14.0",
        "x-ms-ratelimit-remaining-subscription-reads": "11682",
        "x-ms-request-id": "548710a2-afcf-4461-aec8-6025ca71bd49",
        "x-ms-routing-request-id": "WESTCENTRALUS:20220922T064917Z:548710a2-afcf-4461-aec8-6025ca71bd49"
      },
      "ResponseBody": {
        "status": "Enqueued"
      }
    },
    {
      "RequestUri": "https://management.azure.com/subscriptions/12053b8f-cab5-4f5c-9c1a-870580142abd/providers/Microsoft.DocumentDB/locations/westus2/operationsStatus/9595d817-9145-47c4-b4d5-1e2f1d4b4e08?api-version=2022-08-15",
      "RequestMethod": "GET",
      "RequestHeaders": {
        "Authorization": "Sanitized",
        "traceparent": "00-4c71ae03e6bfd746ac6f82023ce3193d-66a51c24ed664b4d-00",
        "User-Agent": "azsdk-net-ResourceManager/1.3.1 (.NET Core 3.1.29; Microsoft Windows 10.0.19044)",
        "x-ms-client-request-id": "e02696b4bcb2b0effa854e54bb390fb8",
        "x-ms-return-client-request-id": "true"
      },
      "RequestBody": null,
      "StatusCode": 200,
      "ResponseHeaders": {
        "Cache-Control": "no-store, no-cache",
        "Content-Length": "21",
        "Content-Type": "application/json",
        "Date": "Thu, 22 Sep 2022 06:49:18 GMT",
        "Pragma": "no-cache",
        "Server": "Microsoft-HTTPAPI/2.0",
        "Strict-Transport-Security": "max-age=31536000; includeSubDomains",
        "X-Content-Type-Options": "nosniff",
        "x-ms-correlation-request-id": "8cc35212-74e7-41e9-b9db-3dc5b2bb8986",
        "x-ms-gatewayversion": "version=2.14.0",
        "x-ms-ratelimit-remaining-subscription-reads": "11681",
        "x-ms-request-id": "8cc35212-74e7-41e9-b9db-3dc5b2bb8986",
        "x-ms-routing-request-id": "WESTCENTRALUS:20220922T064918Z:8cc35212-74e7-41e9-b9db-3dc5b2bb8986"
      },
      "ResponseBody": {
        "status": "Dequeued"
      }
    },
    {
      "RequestUri": "https://management.azure.com/subscriptions/12053b8f-cab5-4f5c-9c1a-870580142abd/providers/Microsoft.DocumentDB/locations/westus2/operationsStatus/9595d817-9145-47c4-b4d5-1e2f1d4b4e08?api-version=2022-08-15",
      "RequestMethod": "GET",
      "RequestHeaders": {
        "Authorization": "Sanitized",
        "traceparent": "00-4c71ae03e6bfd746ac6f82023ce3193d-18e3a858eb97de48-00",
        "User-Agent": "azsdk-net-ResourceManager/1.3.1 (.NET Core 3.1.29; Microsoft Windows 10.0.19044)",
        "x-ms-client-request-id": "61268d5ba16337801f44c0436eb9c3f3",
        "x-ms-return-client-request-id": "true"
      },
      "RequestBody": null,
      "StatusCode": 200,
      "ResponseHeaders": {
        "Cache-Control": "no-store, no-cache",
        "Content-Length": "21",
        "Content-Type": "application/json",
        "Date": "Thu, 22 Sep 2022 06:49:20 GMT",
        "Pragma": "no-cache",
        "Server": "Microsoft-HTTPAPI/2.0",
        "Strict-Transport-Security": "max-age=31536000; includeSubDomains",
        "X-Content-Type-Options": "nosniff",
        "x-ms-correlation-request-id": "7de20eb3-966f-4509-9e89-fb3186de6a50",
        "x-ms-gatewayversion": "version=2.14.0",
        "x-ms-ratelimit-remaining-subscription-reads": "11680",
        "x-ms-request-id": "7de20eb3-966f-4509-9e89-fb3186de6a50",
        "x-ms-routing-request-id": "WESTCENTRALUS:20220922T064920Z:7de20eb3-966f-4509-9e89-fb3186de6a50"
      },
      "ResponseBody": {
        "status": "Dequeued"
      }
    },
    {
      "RequestUri": "https://management.azure.com/subscriptions/12053b8f-cab5-4f5c-9c1a-870580142abd/providers/Microsoft.DocumentDB/locations/westus2/operationsStatus/9595d817-9145-47c4-b4d5-1e2f1d4b4e08?api-version=2022-08-15",
      "RequestMethod": "GET",
      "RequestHeaders": {
        "Authorization": "Sanitized",
        "traceparent": "00-4c71ae03e6bfd746ac6f82023ce3193d-8f1b4556d493b04d-00",
        "User-Agent": "azsdk-net-ResourceManager/1.3.1 (.NET Core 3.1.29; Microsoft Windows 10.0.19044)",
        "x-ms-client-request-id": "09d84cd1a26f17e7f56309db9d5ec063",
        "x-ms-return-client-request-id": "true"
      },
      "RequestBody": null,
      "StatusCode": 200,
      "ResponseHeaders": {
        "Cache-Control": "no-store, no-cache",
        "Content-Length": "22",
        "Content-Type": "application/json",
        "Date": "Thu, 22 Sep 2022 06:49:24 GMT",
        "Pragma": "no-cache",
        "Server": "Microsoft-HTTPAPI/2.0",
        "Strict-Transport-Security": "max-age=31536000; includeSubDomains",
        "X-Content-Type-Options": "nosniff",
        "x-ms-correlation-request-id": "66a6906e-d0e3-448c-8af4-9ef74d5bbbbd",
        "x-ms-gatewayversion": "version=2.14.0",
        "x-ms-ratelimit-remaining-subscription-reads": "11679",
        "x-ms-request-id": "66a6906e-d0e3-448c-8af4-9ef74d5bbbbd",
        "x-ms-routing-request-id": "WESTCENTRALUS:20220922T064924Z:66a6906e-d0e3-448c-8af4-9ef74d5bbbbd"
      },
      "ResponseBody": {
        "status": "Succeeded"
      }
    },
    {
      "RequestUri": "https://management.azure.com/subscriptions/12053b8f-cab5-4f5c-9c1a-870580142abd/resourceGroups/dbaccount-8108/providers/Microsoft.DocumentDB/databaseAccounts/dbaccount-8479/mongodbDatabases/mongodb-415?api-version=2022-08-15",
      "RequestMethod": "GET",
      "RequestHeaders": {
        "Authorization": "Sanitized",
        "traceparent": "00-4c71ae03e6bfd746ac6f82023ce3193d-a4d8c1710a70f240-00",
        "User-Agent": "azsdk-net-ResourceManager/1.3.1 (.NET Core 3.1.29; Microsoft Windows 10.0.19044)",
        "x-ms-client-request-id": "0e1a5141694e132816eec06dfcab4240",
        "x-ms-return-client-request-id": "true"
      },
      "RequestBody": null,
      "StatusCode": 200,
      "ResponseHeaders": {
        "Cache-Control": "no-store, no-cache",
        "Content-Length": "314",
        "Content-Type": "application/json",
        "Date": "Thu, 22 Sep 2022 06:49:25 GMT",
        "Pragma": "no-cache",
        "Server": "Microsoft-HTTPAPI/2.0",
        "Strict-Transport-Security": "max-age=31536000; includeSubDomains",
        "X-Content-Type-Options": "nosniff",
        "x-ms-correlation-request-id": "715e7757-e8d2-4d8e-92f6-ac426d8f9fc2",
        "x-ms-gatewayversion": "version=2.14.0",
        "x-ms-ratelimit-remaining-subscription-reads": "11678",
        "x-ms-request-id": "715e7757-e8d2-4d8e-92f6-ac426d8f9fc2",
        "x-ms-routing-request-id": "WESTCENTRALUS:20220922T064925Z:715e7757-e8d2-4d8e-92f6-ac426d8f9fc2"
      },
      "ResponseBody": {
        "id": "/subscriptions/12053b8f-cab5-4f5c-9c1a-870580142abd/resourceGroups/dbaccount-8108/providers/Microsoft.DocumentDB/databaseAccounts/dbaccount-8479/mongodbDatabases/mongodb-415",
        "type": "Microsoft.DocumentDB/databaseAccounts/mongodbDatabases",
        "name": "mongodb-415",
        "properties": {
          "resource": {
            "id": "mongodb-415"
          }
        }
      }
    },
    {
      "RequestUri": "https://management.azure.com/subscriptions/12053b8f-cab5-4f5c-9c1a-870580142abd/resourceGroups/dbaccount-8108/providers/Microsoft.DocumentDB/databaseAccounts/dbaccount-8479/mongodbRoleDefinitions/mongodb-415.mongo-role-def-4274?api-version=2022-08-15",
      "RequestMethod": "PUT",
      "RequestHeaders": {
        "Accept": "application/json",
        "Authorization": "Sanitized",
        "Content-Length": "188",
        "Content-Type": "application/json",
        "traceparent": "00-3f6f4c0668e9d540aded306d38ffea8d-10690109d09ae747-00",
        "User-Agent": "azsdk-net-ResourceManager.CosmosDB/1.1.0-alpha.20220921.1 (.NET Core 3.1.29; Microsoft Windows 10.0.19044)",
        "x-ms-client-request-id": "606f835b4805a6b90f6c0097a499c184",
        "x-ms-return-client-request-id": "true"
      },
      "RequestBody": {
        "properties": {
          "roleName": "mongo-role-def-4274",
          "type": "CustomRole",
          "databaseName": "mongodb-415",
          "privileges": [
            {
              "resource": {
                "db": "mongodb-415",
                "collection": "test"
              },
              "actions": [
                "insert"
              ]
            }
          ]
        }
      },
      "StatusCode": 202,
      "ResponseHeaders": {
        "Azure-AsyncOperation": "https://management.azure.com/subscriptions/12053b8f-cab5-4f5c-9c1a-870580142abd/providers/Microsoft.DocumentDB/locations/westus2/operationsStatus/108e56c7-e7f9-4b95-a370-4dd17c846a3b?api-version=2022-08-15",
        "Cache-Control": "no-store, no-cache",
        "Content-Length": "21",
        "Content-Type": "application/json",
        "Date": "Thu, 22 Sep 2022 06:49:26 GMT",
        "Location": "https://management.azure.com/subscriptions/12053b8f-cab5-4f5c-9c1a-870580142abd/resourceGroups/dbaccount-8108/providers/Microsoft.DocumentDB/databaseAccounts/dbaccount-8479/mongodbRoleDefinitions/mongodb-415.mongo-role-def-4274/operationResults/108e56c7-e7f9-4b95-a370-4dd17c846a3b?api-version=2022-08-15",
        "Pragma": "no-cache",
        "Server": "Microsoft-HTTPAPI/2.0",
        "Strict-Transport-Security": "max-age=31536000; includeSubDomains",
        "X-Content-Type-Options": "nosniff",
        "x-ms-correlation-request-id": "8bbce64f-3a48-4fd2-8b41-c41209cfd967",
        "x-ms-gatewayversion": "version=2.14.0",
        "x-ms-ratelimit-remaining-subscription-writes": "1183",
        "x-ms-request-id": "108e56c7-e7f9-4b95-a370-4dd17c846a3b",
        "x-ms-routing-request-id": "WESTCENTRALUS:20220922T064926Z:8bbce64f-3a48-4fd2-8b41-c41209cfd967"
      },
      "ResponseBody": {
        "status": "Enqueued"
      }
    },
    {
      "RequestUri": "https://management.azure.com/subscriptions/12053b8f-cab5-4f5c-9c1a-870580142abd/providers/Microsoft.DocumentDB/locations/westus2/operationsStatus/108e56c7-e7f9-4b95-a370-4dd17c846a3b?api-version=2022-08-15",
      "RequestMethod": "GET",
      "RequestHeaders": {
        "Authorization": "Sanitized",
        "traceparent": "00-3f6f4c0668e9d540aded306d38ffea8d-fbaed8256bdf334c-00",
        "User-Agent": "azsdk-net-ResourceManager/1.3.1 (.NET Core 3.1.29; Microsoft Windows 10.0.19044)",
        "x-ms-client-request-id": "db4219c90250083b60673efd277b7154",
        "x-ms-return-client-request-id": "true"
      },
      "RequestBody": null,
      "StatusCode": 200,
      "ResponseHeaders": {
        "Cache-Control": "no-store, no-cache",
        "Content-Length": "21",
        "Content-Type": "application/json",
        "Date": "Thu, 22 Sep 2022 06:49:26 GMT",
        "Pragma": "no-cache",
        "Server": "Microsoft-HTTPAPI/2.0",
        "Strict-Transport-Security": "max-age=31536000; includeSubDomains",
        "X-Content-Type-Options": "nosniff",
        "x-ms-correlation-request-id": "fdff1634-7b4c-4169-83c3-5d1b6c8095ea",
        "x-ms-gatewayversion": "version=2.14.0",
        "x-ms-ratelimit-remaining-subscription-reads": "11677",
        "x-ms-request-id": "fdff1634-7b4c-4169-83c3-5d1b6c8095ea",
        "x-ms-routing-request-id": "WESTCENTRALUS:20220922T064926Z:fdff1634-7b4c-4169-83c3-5d1b6c8095ea"
      },
      "ResponseBody": {
        "status": "Enqueued"
      }
    },
    {
      "RequestUri": "https://management.azure.com/subscriptions/12053b8f-cab5-4f5c-9c1a-870580142abd/providers/Microsoft.DocumentDB/locations/westus2/operationsStatus/108e56c7-e7f9-4b95-a370-4dd17c846a3b?api-version=2022-08-15",
      "RequestMethod": "GET",
      "RequestHeaders": {
        "Authorization": "Sanitized",
        "traceparent": "00-3f6f4c0668e9d540aded306d38ffea8d-6638f79ba59cdb4b-00",
        "User-Agent": "azsdk-net-ResourceManager/1.3.1 (.NET Core 3.1.29; Microsoft Windows 10.0.19044)",
        "x-ms-client-request-id": "a99fe8ffa025b50d1b4a9b12c8d82cf5",
        "x-ms-return-client-request-id": "true"
      },
      "RequestBody": null,
      "StatusCode": 200,
      "ResponseHeaders": {
        "Cache-Control": "no-store, no-cache",
        "Content-Length": "21",
        "Content-Type": "application/json",
        "Date": "Thu, 22 Sep 2022 06:49:27 GMT",
        "Pragma": "no-cache",
        "Server": "Microsoft-HTTPAPI/2.0",
        "Strict-Transport-Security": "max-age=31536000; includeSubDomains",
        "X-Content-Type-Options": "nosniff",
        "x-ms-correlation-request-id": "0818d0da-8a64-4207-9c44-c1e04259b82b",
        "x-ms-gatewayversion": "version=2.14.0",
        "x-ms-ratelimit-remaining-subscription-reads": "11676",
        "x-ms-request-id": "0818d0da-8a64-4207-9c44-c1e04259b82b",
        "x-ms-routing-request-id": "WESTCENTRALUS:20220922T064927Z:0818d0da-8a64-4207-9c44-c1e04259b82b"
      },
      "ResponseBody": {
        "status": "Enqueued"
      }
    },
    {
      "RequestUri": "https://management.azure.com/subscriptions/12053b8f-cab5-4f5c-9c1a-870580142abd/providers/Microsoft.DocumentDB/locations/westus2/operationsStatus/108e56c7-e7f9-4b95-a370-4dd17c846a3b?api-version=2022-08-15",
      "RequestMethod": "GET",
      "RequestHeaders": {
        "Authorization": "Sanitized",
        "traceparent": "00-3f6f4c0668e9d540aded306d38ffea8d-585cca8750a88444-00",
        "User-Agent": "azsdk-net-ResourceManager/1.3.1 (.NET Core 3.1.29; Microsoft Windows 10.0.19044)",
        "x-ms-client-request-id": "8bcedf22e5565a33c6143f4c676afc49",
        "x-ms-return-client-request-id": "true"
      },
      "RequestBody": null,
      "StatusCode": 200,
      "ResponseHeaders": {
        "Cache-Control": "no-store, no-cache",
        "Content-Length": "21",
        "Content-Type": "application/json",
        "Date": "Thu, 22 Sep 2022 06:49:28 GMT",
        "Pragma": "no-cache",
        "Server": "Microsoft-HTTPAPI/2.0",
        "Strict-Transport-Security": "max-age=31536000; includeSubDomains",
        "X-Content-Type-Options": "nosniff",
        "x-ms-correlation-request-id": "13a47315-76b3-4684-82c6-5ca689c7253d",
        "x-ms-gatewayversion": "version=2.14.0",
        "x-ms-ratelimit-remaining-subscription-reads": "11675",
        "x-ms-request-id": "13a47315-76b3-4684-82c6-5ca689c7253d",
        "x-ms-routing-request-id": "WESTCENTRALUS:20220922T064929Z:13a47315-76b3-4684-82c6-5ca689c7253d"
      },
      "ResponseBody": {
        "status": "Enqueued"
      }
    },
    {
      "RequestUri": "https://management.azure.com/subscriptions/12053b8f-cab5-4f5c-9c1a-870580142abd/providers/Microsoft.DocumentDB/locations/westus2/operationsStatus/108e56c7-e7f9-4b95-a370-4dd17c846a3b?api-version=2022-08-15",
      "RequestMethod": "GET",
      "RequestHeaders": {
        "Authorization": "Sanitized",
        "traceparent": "00-3f6f4c0668e9d540aded306d38ffea8d-14e75b455c575f4e-00",
        "User-Agent": "azsdk-net-ResourceManager/1.3.1 (.NET Core 3.1.29; Microsoft Windows 10.0.19044)",
        "x-ms-client-request-id": "91e22c81a07b28fb0b8dbf0667294088",
        "x-ms-return-client-request-id": "true"
      },
      "RequestBody": null,
      "StatusCode": 200,
      "ResponseHeaders": {
        "Cache-Control": "no-store, no-cache",
        "Content-Length": "21",
        "Content-Type": "application/json",
        "Date": "Thu, 22 Sep 2022 06:49:29 GMT",
        "Pragma": "no-cache",
        "Server": "Microsoft-HTTPAPI/2.0",
        "Strict-Transport-Security": "max-age=31536000; includeSubDomains",
        "X-Content-Type-Options": "nosniff",
        "x-ms-correlation-request-id": "976d3ab8-17f0-4dc0-81c7-3809d151ac8f",
        "x-ms-gatewayversion": "version=2.14.0",
        "x-ms-ratelimit-remaining-subscription-reads": "11674",
        "x-ms-request-id": "976d3ab8-17f0-4dc0-81c7-3809d151ac8f",
        "x-ms-routing-request-id": "WESTCENTRALUS:20220922T064930Z:976d3ab8-17f0-4dc0-81c7-3809d151ac8f"
      },
      "ResponseBody": {
        "status": "Dequeued"
      }
    },
    {
      "RequestUri": "https://management.azure.com/subscriptions/12053b8f-cab5-4f5c-9c1a-870580142abd/providers/Microsoft.DocumentDB/locations/westus2/operationsStatus/108e56c7-e7f9-4b95-a370-4dd17c846a3b?api-version=2022-08-15",
      "RequestMethod": "GET",
      "RequestHeaders": {
        "Authorization": "Sanitized",
        "traceparent": "00-3f6f4c0668e9d540aded306d38ffea8d-9a565b049fc93c4b-00",
        "User-Agent": "azsdk-net-ResourceManager/1.3.1 (.NET Core 3.1.29; Microsoft Windows 10.0.19044)",
        "x-ms-client-request-id": "47da493ae6ad19fdb445e21061c04eb1",
        "x-ms-return-client-request-id": "true"
      },
      "RequestBody": null,
      "StatusCode": 200,
      "ResponseHeaders": {
        "Cache-Control": "no-store, no-cache",
        "Content-Length": "21",
        "Content-Type": "application/json",
        "Date": "Thu, 22 Sep 2022 06:49:31 GMT",
        "Pragma": "no-cache",
        "Server": "Microsoft-HTTPAPI/2.0",
        "Strict-Transport-Security": "max-age=31536000; includeSubDomains",
        "X-Content-Type-Options": "nosniff",
        "x-ms-correlation-request-id": "3e9ba35c-96fc-4643-a61b-1af11e58d6b3",
        "x-ms-gatewayversion": "version=2.14.0",
        "x-ms-ratelimit-remaining-subscription-reads": "11673",
        "x-ms-request-id": "3e9ba35c-96fc-4643-a61b-1af11e58d6b3",
        "x-ms-routing-request-id": "WESTCENTRALUS:20220922T064932Z:3e9ba35c-96fc-4643-a61b-1af11e58d6b3"
      },
      "ResponseBody": {
        "status": "Dequeued"
      }
    },
    {
      "RequestUri": "https://management.azure.com/subscriptions/12053b8f-cab5-4f5c-9c1a-870580142abd/providers/Microsoft.DocumentDB/locations/westus2/operationsStatus/108e56c7-e7f9-4b95-a370-4dd17c846a3b?api-version=2022-08-15",
      "RequestMethod": "GET",
      "RequestHeaders": {
        "Authorization": "Sanitized",
        "traceparent": "00-3f6f4c0668e9d540aded306d38ffea8d-258c41b672d7f643-00",
        "User-Agent": "azsdk-net-ResourceManager/1.3.1 (.NET Core 3.1.29; Microsoft Windows 10.0.19044)",
        "x-ms-client-request-id": "9b91514e9bf58179e4a67fc9252df29c",
        "x-ms-return-client-request-id": "true"
      },
      "RequestBody": null,
      "StatusCode": 200,
      "ResponseHeaders": {
        "Cache-Control": "no-store, no-cache",
        "Content-Length": "21",
        "Content-Type": "application/json",
        "Date": "Thu, 22 Sep 2022 06:49:35 GMT",
        "Pragma": "no-cache",
        "Server": "Microsoft-HTTPAPI/2.0",
        "Strict-Transport-Security": "max-age=31536000; includeSubDomains",
        "X-Content-Type-Options": "nosniff",
        "x-ms-correlation-request-id": "5a251d35-1955-44a8-b594-65ec70cccac5",
        "x-ms-gatewayversion": "version=2.14.0",
        "x-ms-ratelimit-remaining-subscription-reads": "11672",
        "x-ms-request-id": "5a251d35-1955-44a8-b594-65ec70cccac5",
        "x-ms-routing-request-id": "WESTCENTRALUS:20220922T064936Z:5a251d35-1955-44a8-b594-65ec70cccac5"
      },
      "ResponseBody": {
        "status": "Dequeued"
      }
    },
    {
      "RequestUri": "https://management.azure.com/subscriptions/12053b8f-cab5-4f5c-9c1a-870580142abd/providers/Microsoft.DocumentDB/locations/westus2/operationsStatus/108e56c7-e7f9-4b95-a370-4dd17c846a3b?api-version=2022-08-15",
      "RequestMethod": "GET",
      "RequestHeaders": {
        "Authorization": "Sanitized",
        "traceparent": "00-3f6f4c0668e9d540aded306d38ffea8d-b821f67c1cc2bb4a-00",
        "User-Agent": "azsdk-net-ResourceManager/1.3.1 (.NET Core 3.1.29; Microsoft Windows 10.0.19044)",
        "x-ms-client-request-id": "1d12b7d4b4909a9c2ec8dc36beeac64b",
        "x-ms-return-client-request-id": "true"
      },
      "RequestBody": null,
      "StatusCode": 200,
      "ResponseHeaders": {
        "Cache-Control": "no-store, no-cache",
        "Content-Length": "22",
        "Content-Type": "application/json",
        "Date": "Thu, 22 Sep 2022 06:49:43 GMT",
        "Pragma": "no-cache",
        "Server": "Microsoft-HTTPAPI/2.0",
        "Strict-Transport-Security": "max-age=31536000; includeSubDomains",
        "X-Content-Type-Options": "nosniff",
        "x-ms-correlation-request-id": "3f59e227-202e-4c07-9400-c908482eeff0",
        "x-ms-gatewayversion": "version=2.14.0",
        "x-ms-ratelimit-remaining-subscription-reads": "11671",
        "x-ms-request-id": "3f59e227-202e-4c07-9400-c908482eeff0",
        "x-ms-routing-request-id": "WESTCENTRALUS:20220922T064944Z:3f59e227-202e-4c07-9400-c908482eeff0"
      },
      "ResponseBody": {
        "status": "Succeeded"
      }
    },
    {
      "RequestUri": "https://management.azure.com/subscriptions/12053b8f-cab5-4f5c-9c1a-870580142abd/resourceGroups/dbaccount-8108/providers/Microsoft.DocumentDB/databaseAccounts/dbaccount-8479/mongodbRoleDefinitions/mongodb-415.mongo-role-def-4274?api-version=2022-08-15",
      "RequestMethod": "GET",
      "RequestHeaders": {
        "Authorization": "Sanitized",
        "traceparent": "00-3f6f4c0668e9d540aded306d38ffea8d-ee5f221fc2aa7149-00",
        "User-Agent": "azsdk-net-ResourceManager/1.3.1 (.NET Core 3.1.29; Microsoft Windows 10.0.19044)",
        "x-ms-client-request-id": "15b70e3ea4989f92cf5863066634f386",
        "x-ms-return-client-request-id": "true"
      },
      "RequestBody": null,
      "StatusCode": 200,
      "ResponseHeaders": {
        "Cache-Control": "no-store, no-cache",
        "Content-Length": "494",
        "Content-Type": "application/json",
        "Date": "Thu, 22 Sep 2022 06:49:44 GMT",
        "Pragma": "no-cache",
        "Server": "Microsoft-HTTPAPI/2.0",
        "Strict-Transport-Security": "max-age=31536000; includeSubDomains",
        "X-Content-Type-Options": "nosniff",
        "x-ms-correlation-request-id": "2866f748-1aa2-462d-8819-317989c75990",
        "x-ms-gatewayversion": "version=2.14.0",
        "x-ms-ratelimit-remaining-subscription-reads": "11670",
        "x-ms-request-id": "2866f748-1aa2-462d-8819-317989c75990",
        "x-ms-routing-request-id": "WESTCENTRALUS:20220922T064944Z:2866f748-1aa2-462d-8819-317989c75990"
      },
      "ResponseBody": {
        "id": "/subscriptions/12053b8f-cab5-4f5c-9c1a-870580142abd/resourceGroups/dbaccount-8108/providers/Microsoft.DocumentDB/databaseAccounts/dbaccount-8479/mongodbRoleDefinitions/mongodb-415.mongo-role-def-4274",
        "name": "mongo-role-def-4274",
        "properties": {
          "roleName": "mongo-role-def-4274",
          "type": 1,
          "databaseName": "mongodb-415",
          "privileges": [
            {
              "resource": {
                "db": "mongodb-415",
                "collection": "test"
              },
              "actions": [
                "insert"
              ]
            }
          ],
          "roles": []
        },
        "type": "Microsoft.DocumentDB/databaseAccounts/mongodbRoleDefinitions"
      }
    },
    {
      "RequestUri": "https://management.azure.com/subscriptions/12053b8f-cab5-4f5c-9c1a-870580142abd/resourceGroups/dbaccount-8108/providers/Microsoft.DocumentDB/databaseAccounts/dbaccount-8479/mongodbRoleDefinitions?api-version=2022-08-15",
      "RequestMethod": "GET",
      "RequestHeaders": {
        "Accept": "application/json",
        "Authorization": "Sanitized",
        "traceparent": "00-9b91559aaee09f4282e852c5dd9dae7f-20de819b4d82ca4b-00",
        "User-Agent": "azsdk-net-ResourceManager.CosmosDB/1.1.0-alpha.20220921.1 (.NET Core 3.1.29; Microsoft Windows 10.0.19044)",
        "x-ms-client-request-id": "aa3c455230ae9921b5f66d2cbe43c3fa",
        "x-ms-return-client-request-id": "true"
      },
      "RequestBody": null,
      "StatusCode": 200,
      "ResponseHeaders": {
        "Cache-Control": "no-store, no-cache",
        "Content-Length": "506",
        "Content-Type": "application/json",
        "Date": "Thu, 22 Sep 2022 06:49:44 GMT",
        "Pragma": "no-cache",
        "Server": "Microsoft-HTTPAPI/2.0",
        "Strict-Transport-Security": "max-age=31536000; includeSubDomains",
        "X-Content-Type-Options": "nosniff",
        "x-ms-correlation-request-id": "c7acddc2-8803-46f0-8a80-0905111507b2",
        "x-ms-gatewayversion": "version=2.14.0",
        "x-ms-ratelimit-remaining-subscription-reads": "11669",
        "x-ms-request-id": "c7acddc2-8803-46f0-8a80-0905111507b2",
        "x-ms-routing-request-id": "WESTCENTRALUS:20220922T064944Z:c7acddc2-8803-46f0-8a80-0905111507b2"
      },
      "ResponseBody": {
        "value": [
          {
            "id": "/subscriptions/12053b8f-cab5-4f5c-9c1a-870580142abd/resourceGroups/dbaccount-8108/providers/Microsoft.DocumentDB/databaseAccounts/dbaccount-8479/mongodbRoleDefinitions/mongodb-415.mongo-role-def-4274",
            "name": "mongo-role-def-4274",
            "properties": {
              "roleName": "mongo-role-def-4274",
              "type": 1,
              "databaseName": "mongodb-415",
              "privileges": [
                {
                  "resource": {
                    "db": "mongodb-415",
                    "collection": "test"
                  },
                  "actions": [
                    "insert"
                  ]
                }
              ],
              "roles": []
            },
            "type": "Microsoft.DocumentDB/databaseAccounts/mongodbRoleDefinitions"
          }
        ]
      }
    },
    {
      "RequestUri": "https://management.azure.com/subscriptions/12053b8f-cab5-4f5c-9c1a-870580142abd/resourceGroups/dbaccount-8108/providers/Microsoft.DocumentDB/databaseAccounts/dbaccount-8479/mongodbRoleDefinitions/mongodb-415.mongo-role-def-4274?api-version=2022-08-15",
      "RequestMethod": "GET",
      "RequestHeaders": {
        "Accept": "application/json",
        "Authorization": "Sanitized",
        "traceparent": "00-c2055c7d352da64787ec48aebfb1aa05-3724a7b4e5687045-00",
        "User-Agent": "azsdk-net-ResourceManager.CosmosDB/1.1.0-alpha.20220921.1 (.NET Core 3.1.29; Microsoft Windows 10.0.19044)",
        "x-ms-client-request-id": "178a34dfdc752f0424724e37519533f9",
        "x-ms-return-client-request-id": "true"
      },
      "RequestBody": null,
      "StatusCode": 200,
      "ResponseHeaders": {
        "Cache-Control": "no-store, no-cache",
        "Content-Length": "494",
        "Content-Type": "application/json",
        "Date": "Thu, 22 Sep 2022 06:49:44 GMT",
        "Pragma": "no-cache",
        "Server": "Microsoft-HTTPAPI/2.0",
        "Strict-Transport-Security": "max-age=31536000; includeSubDomains",
        "X-Content-Type-Options": "nosniff",
        "x-ms-correlation-request-id": "7f9f7374-a75d-4c58-b3fb-00623c77a94a",
        "x-ms-gatewayversion": "version=2.14.0",
        "x-ms-ratelimit-remaining-subscription-reads": "11668",
        "x-ms-request-id": "7f9f7374-a75d-4c58-b3fb-00623c77a94a",
        "x-ms-routing-request-id": "WESTCENTRALUS:20220922T064945Z:7f9f7374-a75d-4c58-b3fb-00623c77a94a"
      },
      "ResponseBody": {
        "id": "/subscriptions/12053b8f-cab5-4f5c-9c1a-870580142abd/resourceGroups/dbaccount-8108/providers/Microsoft.DocumentDB/databaseAccounts/dbaccount-8479/mongodbRoleDefinitions/mongodb-415.mongo-role-def-4274",
        "name": "mongo-role-def-4274",
        "properties": {
          "roleName": "mongo-role-def-4274",
          "type": 1,
          "databaseName": "mongodb-415",
          "privileges": [
            {
              "resource": {
                "db": "mongodb-415",
                "collection": "test"
              },
              "actions": [
                "insert"
              ]
            }
          ],
          "roles": []
        },
        "type": "Microsoft.DocumentDB/databaseAccounts/mongodbRoleDefinitions"
      }
    },
    {
      "RequestUri": "https://management.azure.com/subscriptions/12053b8f-cab5-4f5c-9c1a-870580142abd/resourceGroups/dbaccount-8108/providers/Microsoft.DocumentDB/databaseAccounts/dbaccount-8479/mongodbRoleDefinitions/mongodb-415.mongo-role-def-4274?api-version=2022-08-15",
      "RequestMethod": "DELETE",
      "RequestHeaders": {
        "Accept": "application/json",
        "Authorization": "Sanitized",
        "traceparent": "00-84b5e0ee512f9a448640c8f91b938d19-3ac3f5043093dd4c-00",
        "User-Agent": "azsdk-net-ResourceManager.CosmosDB/1.1.0-alpha.20220921.1 (.NET Core 3.1.29; Microsoft Windows 10.0.19044)",
        "x-ms-client-request-id": "78e356d41cad0e9ced1e60a13766e08c",
        "x-ms-return-client-request-id": "true"
      },
      "RequestBody": null,
      "StatusCode": 202,
      "ResponseHeaders": {
        "Azure-AsyncOperation": "https://management.azure.com/subscriptions/12053b8f-cab5-4f5c-9c1a-870580142abd/providers/Microsoft.DocumentDB/locations/westus2/operationsStatus/5d278790-172a-4e50-a982-2dd16008d9dd?api-version=2022-08-15",
        "Cache-Control": "no-store, no-cache",
        "Content-Length": "21",
        "Content-Type": "application/json",
        "Date": "Thu, 22 Sep 2022 06:49:45 GMT",
        "Location": "https://management.azure.com/subscriptions/12053b8f-cab5-4f5c-9c1a-870580142abd/resourceGroups/dbaccount-8108/providers/Microsoft.DocumentDB/databaseAccounts/dbaccount-8479/mongodbRoleDefinitions/mongodb-415.mongo-role-def-4274/operationResults/5d278790-172a-4e50-a982-2dd16008d9dd?api-version=2022-08-15",
        "Pragma": "no-cache",
        "Server": "Microsoft-HTTPAPI/2.0",
        "Strict-Transport-Security": "max-age=31536000; includeSubDomains",
        "X-Content-Type-Options": "nosniff",
        "x-ms-correlation-request-id": "47ca4e3e-33b3-4ae3-af64-4d1f7a9a65aa",
        "x-ms-gatewayversion": "version=2.14.0",
        "x-ms-ratelimit-remaining-subscription-deletes": "14987",
        "x-ms-request-id": "5d278790-172a-4e50-a982-2dd16008d9dd",
        "x-ms-routing-request-id": "WESTCENTRALUS:20220922T064945Z:47ca4e3e-33b3-4ae3-af64-4d1f7a9a65aa"
      },
      "ResponseBody": {
        "status": "Enqueued"
      }
    },
    {
      "RequestUri": "https://management.azure.com/subscriptions/12053b8f-cab5-4f5c-9c1a-870580142abd/providers/Microsoft.DocumentDB/locations/westus2/operationsStatus/5d278790-172a-4e50-a982-2dd16008d9dd?api-version=2022-08-15",
      "RequestMethod": "GET",
      "RequestHeaders": {
        "Authorization": "Sanitized",
        "traceparent": "00-84b5e0ee512f9a448640c8f91b938d19-5ca4b42bced1d443-00",
        "User-Agent": "azsdk-net-ResourceManager/1.3.1 (.NET Core 3.1.29; Microsoft Windows 10.0.19044)",
        "x-ms-client-request-id": "685773c24b60c24c977c29577c63f8be",
        "x-ms-return-client-request-id": "true"
      },
      "RequestBody": null,
      "StatusCode": 200,
      "ResponseHeaders": {
        "Cache-Control": "no-store, no-cache",
        "Content-Length": "21",
        "Content-Type": "application/json",
        "Date": "Thu, 22 Sep 2022 06:49:45 GMT",
        "Pragma": "no-cache",
        "Server": "Microsoft-HTTPAPI/2.0",
        "Strict-Transport-Security": "max-age=31536000; includeSubDomains",
        "X-Content-Type-Options": "nosniff",
        "x-ms-correlation-request-id": "6b487c34-5cd2-470d-847e-ce369aa387a2",
        "x-ms-gatewayversion": "version=2.14.0",
        "x-ms-ratelimit-remaining-subscription-reads": "11667",
        "x-ms-request-id": "6b487c34-5cd2-470d-847e-ce369aa387a2",
        "x-ms-routing-request-id": "WESTCENTRALUS:20220922T064946Z:6b487c34-5cd2-470d-847e-ce369aa387a2"
      },
      "ResponseBody": {
        "status": "Enqueued"
      }
    },
    {
      "RequestUri": "https://management.azure.com/subscriptions/12053b8f-cab5-4f5c-9c1a-870580142abd/providers/Microsoft.DocumentDB/locations/westus2/operationsStatus/5d278790-172a-4e50-a982-2dd16008d9dd?api-version=2022-08-15",
      "RequestMethod": "GET",
      "RequestHeaders": {
        "Authorization": "Sanitized",
        "traceparent": "00-84b5e0ee512f9a448640c8f91b938d19-9157675cf63af347-00",
        "User-Agent": "azsdk-net-ResourceManager/1.3.1 (.NET Core 3.1.29; Microsoft Windows 10.0.19044)",
        "x-ms-client-request-id": "e7a3c191016df850456d37a096602b03",
        "x-ms-return-client-request-id": "true"
      },
      "RequestBody": null,
      "StatusCode": 200,
      "ResponseHeaders": {
        "Cache-Control": "no-store, no-cache",
        "Content-Length": "21",
        "Content-Type": "application/json",
        "Date": "Thu, 22 Sep 2022 06:49:46 GMT",
        "Pragma": "no-cache",
        "Server": "Microsoft-HTTPAPI/2.0",
        "Strict-Transport-Security": "max-age=31536000; includeSubDomains",
        "X-Content-Type-Options": "nosniff",
        "x-ms-correlation-request-id": "7c56bd9d-001f-49d3-889f-b70fa7cc934b",
        "x-ms-gatewayversion": "version=2.14.0",
        "x-ms-ratelimit-remaining-subscription-reads": "11666",
        "x-ms-request-id": "7c56bd9d-001f-49d3-889f-b70fa7cc934b",
        "x-ms-routing-request-id": "WESTCENTRALUS:20220922T064947Z:7c56bd9d-001f-49d3-889f-b70fa7cc934b"
      },
      "ResponseBody": {
        "status": "Enqueued"
      }
    },
    {
      "RequestUri": "https://management.azure.com/subscriptions/12053b8f-cab5-4f5c-9c1a-870580142abd/providers/Microsoft.DocumentDB/locations/westus2/operationsStatus/5d278790-172a-4e50-a982-2dd16008d9dd?api-version=2022-08-15",
      "RequestMethod": "GET",
      "RequestHeaders": {
        "Authorization": "Sanitized",
        "traceparent": "00-84b5e0ee512f9a448640c8f91b938d19-7d018b15f0b4ee49-00",
        "User-Agent": "azsdk-net-ResourceManager/1.3.1 (.NET Core 3.1.29; Microsoft Windows 10.0.19044)",
        "x-ms-client-request-id": "c3df40d5780e492b1c649a2db2b8f8dd",
        "x-ms-return-client-request-id": "true"
      },
      "RequestBody": null,
      "StatusCode": 200,
      "ResponseHeaders": {
        "Cache-Control": "no-store, no-cache",
        "Content-Length": "21",
        "Content-Type": "application/json",
        "Date": "Thu, 22 Sep 2022 06:49:47 GMT",
        "Pragma": "no-cache",
        "Server": "Microsoft-HTTPAPI/2.0",
        "Strict-Transport-Security": "max-age=31536000; includeSubDomains",
        "X-Content-Type-Options": "nosniff",
        "x-ms-correlation-request-id": "ff8c7ec2-20cf-4d1b-96b4-5afe6d28eede",
        "x-ms-gatewayversion": "version=2.14.0",
        "x-ms-ratelimit-remaining-subscription-reads": "11665",
        "x-ms-request-id": "ff8c7ec2-20cf-4d1b-96b4-5afe6d28eede",
        "x-ms-routing-request-id": "WESTCENTRALUS:20220922T064948Z:ff8c7ec2-20cf-4d1b-96b4-5afe6d28eede"
      },
      "ResponseBody": {
        "status": "Enqueued"
      }
    },
    {
      "RequestUri": "https://management.azure.com/subscriptions/12053b8f-cab5-4f5c-9c1a-870580142abd/providers/Microsoft.DocumentDB/locations/westus2/operationsStatus/5d278790-172a-4e50-a982-2dd16008d9dd?api-version=2022-08-15",
      "RequestMethod": "GET",
      "RequestHeaders": {
        "Authorization": "Sanitized",
        "traceparent": "00-84b5e0ee512f9a448640c8f91b938d19-a37c0545b7f73e41-00",
        "User-Agent": "azsdk-net-ResourceManager/1.3.1 (.NET Core 3.1.29; Microsoft Windows 10.0.19044)",
        "x-ms-client-request-id": "20aac7146046c1b1235f22f214ac2c37",
        "x-ms-return-client-request-id": "true"
      },
      "RequestBody": null,
      "StatusCode": 200,
      "ResponseHeaders": {
        "Cache-Control": "no-store, no-cache",
        "Content-Length": "21",
        "Content-Type": "application/json",
        "Date": "Thu, 22 Sep 2022 06:49:48 GMT",
        "Pragma": "no-cache",
        "Server": "Microsoft-HTTPAPI/2.0",
        "Strict-Transport-Security": "max-age=31536000; includeSubDomains",
        "X-Content-Type-Options": "nosniff",
        "x-ms-correlation-request-id": "305d0c62-0ac6-426a-8f4d-34673b65e307",
        "x-ms-gatewayversion": "version=2.14.0",
        "x-ms-ratelimit-remaining-subscription-reads": "11664",
        "x-ms-request-id": "305d0c62-0ac6-426a-8f4d-34673b65e307",
        "x-ms-routing-request-id": "WESTCENTRALUS:20220922T064949Z:305d0c62-0ac6-426a-8f4d-34673b65e307"
      },
      "ResponseBody": {
        "status": "Dequeued"
      }
    },
    {
      "RequestUri": "https://management.azure.com/subscriptions/12053b8f-cab5-4f5c-9c1a-870580142abd/providers/Microsoft.DocumentDB/locations/westus2/operationsStatus/5d278790-172a-4e50-a982-2dd16008d9dd?api-version=2022-08-15",
      "RequestMethod": "GET",
      "RequestHeaders": {
        "Authorization": "Sanitized",
        "traceparent": "00-84b5e0ee512f9a448640c8f91b938d19-7b677b3f23078448-00",
        "User-Agent": "azsdk-net-ResourceManager/1.3.1 (.NET Core 3.1.29; Microsoft Windows 10.0.19044)",
        "x-ms-client-request-id": "3c822651348319b09659cb096622458c",
        "x-ms-return-client-request-id": "true"
      },
      "RequestBody": null,
      "StatusCode": 200,
      "ResponseHeaders": {
        "Cache-Control": "no-store, no-cache",
        "Content-Length": "21",
        "Content-Type": "application/json",
        "Date": "Thu, 22 Sep 2022 06:49:50 GMT",
        "Pragma": "no-cache",
        "Server": "Microsoft-HTTPAPI/2.0",
        "Strict-Transport-Security": "max-age=31536000; includeSubDomains",
        "X-Content-Type-Options": "nosniff",
        "x-ms-correlation-request-id": "f8262327-05a7-4745-8e9b-4f3c38cc3cbd",
        "x-ms-gatewayversion": "version=2.14.0",
        "x-ms-ratelimit-remaining-subscription-reads": "11663",
        "x-ms-request-id": "f8262327-05a7-4745-8e9b-4f3c38cc3cbd",
        "x-ms-routing-request-id": "WESTCENTRALUS:20220922T064951Z:f8262327-05a7-4745-8e9b-4f3c38cc3cbd"
      },
      "ResponseBody": {
        "status": "Dequeued"
      }
    },
    {
      "RequestUri": "https://management.azure.com/subscriptions/12053b8f-cab5-4f5c-9c1a-870580142abd/providers/Microsoft.DocumentDB/locations/westus2/operationsStatus/5d278790-172a-4e50-a982-2dd16008d9dd?api-version=2022-08-15",
      "RequestMethod": "GET",
      "RequestHeaders": {
        "Authorization": "Sanitized",
        "traceparent": "00-84b5e0ee512f9a448640c8f91b938d19-f3e2773072c3ee45-00",
        "User-Agent": "azsdk-net-ResourceManager/1.3.1 (.NET Core 3.1.29; Microsoft Windows 10.0.19044)",
        "x-ms-client-request-id": "cf8b59740ab674bd8e1ea0af55393470",
        "x-ms-return-client-request-id": "true"
      },
      "RequestBody": null,
      "StatusCode": 200,
      "ResponseHeaders": {
        "Cache-Control": "no-store, no-cache",
        "Content-Length": "21",
        "Content-Type": "application/json",
        "Date": "Thu, 22 Sep 2022 06:49:54 GMT",
        "Pragma": "no-cache",
        "Server": "Microsoft-HTTPAPI/2.0",
        "Strict-Transport-Security": "max-age=31536000; includeSubDomains",
        "X-Content-Type-Options": "nosniff",
        "x-ms-correlation-request-id": "c93d77fd-f1de-43a9-9339-6b2af86f8261",
        "x-ms-gatewayversion": "version=2.14.0",
        "x-ms-ratelimit-remaining-subscription-reads": "11662",
        "x-ms-request-id": "c93d77fd-f1de-43a9-9339-6b2af86f8261",
        "x-ms-routing-request-id": "WESTCENTRALUS:20220922T064955Z:c93d77fd-f1de-43a9-9339-6b2af86f8261"
      },
      "ResponseBody": {
        "status": "Dequeued"
      }
    },
    {
      "RequestUri": "https://management.azure.com/subscriptions/12053b8f-cab5-4f5c-9c1a-870580142abd/providers/Microsoft.DocumentDB/locations/westus2/operationsStatus/5d278790-172a-4e50-a982-2dd16008d9dd?api-version=2022-08-15",
      "RequestMethod": "GET",
      "RequestHeaders": {
        "Authorization": "Sanitized",
        "traceparent": "00-84b5e0ee512f9a448640c8f91b938d19-7a3922fb2e3e7b4f-00",
        "User-Agent": "azsdk-net-ResourceManager/1.3.1 (.NET Core 3.1.29; Microsoft Windows 10.0.19044)",
        "x-ms-client-request-id": "8cdc6338bc36e05a17908aec95a85a00",
        "x-ms-return-client-request-id": "true"
      },
      "RequestBody": null,
      "StatusCode": 200,
      "ResponseHeaders": {
        "Cache-Control": "no-store, no-cache",
        "Content-Length": "22",
        "Content-Type": "application/json",
        "Date": "Thu, 22 Sep 2022 06:50:02 GMT",
        "Pragma": "no-cache",
        "Server": "Microsoft-HTTPAPI/2.0",
        "Strict-Transport-Security": "max-age=31536000; includeSubDomains",
        "X-Content-Type-Options": "nosniff",
        "x-ms-correlation-request-id": "17d37876-b844-4ce8-a0c2-b1b757dc73e5",
        "x-ms-gatewayversion": "version=2.14.0",
        "x-ms-ratelimit-remaining-subscription-reads": "11678",
        "x-ms-request-id": "17d37876-b844-4ce8-a0c2-b1b757dc73e5",
        "x-ms-routing-request-id": "WESTCENTRALUS:20220922T065003Z:17d37876-b844-4ce8-a0c2-b1b757dc73e5"
      },
      "ResponseBody": {
        "status": "Succeeded"
      }
    },
    {
      "RequestUri": "https://management.azure.com/subscriptions/12053b8f-cab5-4f5c-9c1a-870580142abd/resourceGroups/dbaccount-8108/providers/Microsoft.DocumentDB/databaseAccounts/dbaccount-8479/mongodbDatabases/mongodb-415?api-version=2022-08-15",
      "RequestMethod": "DELETE",
      "RequestHeaders": {
        "Authorization": "Sanitized",
        "traceparent": "00-92300453d80a5549b6298b795f3700da-bc7ba70262245c40-00",
        "User-Agent": "azsdk-net-ResourceManager.CosmosDB/1.1.0-alpha.20220921.1 (.NET Core 3.1.29; Microsoft Windows 10.0.19044)",
        "x-ms-client-request-id": "ba7d96195c204681680dad659401c35c",
        "x-ms-return-client-request-id": "true"
      },
      "RequestBody": null,
      "StatusCode": 202,
      "ResponseHeaders": {
        "Azure-AsyncOperation": "https://management.azure.com/subscriptions/12053b8f-cab5-4f5c-9c1a-870580142abd/providers/Microsoft.DocumentDB/locations/westus2/operationsStatus/8e028be5-cafe-4339-8180-7ca4322418b9?api-version=2022-08-15",
        "Cache-Control": "no-store, no-cache",
        "Content-Length": "21",
        "Content-Type": "application/json",
        "Date": "Thu, 22 Sep 2022 06:50:03 GMT",
        "Location": "https://management.azure.com/subscriptions/12053b8f-cab5-4f5c-9c1a-870580142abd/resourceGroups/dbaccount-8108/providers/Microsoft.DocumentDB/databaseAccounts/dbaccount-8479/mongodbDatabases/mongodb-415/operationResults/8e028be5-cafe-4339-8180-7ca4322418b9?api-version=2022-08-15",
        "Pragma": "no-cache",
        "Server": "Microsoft-HTTPAPI/2.0",
        "Strict-Transport-Security": "max-age=31536000; includeSubDomains",
        "X-Content-Type-Options": "nosniff",
        "x-ms-correlation-request-id": "ad6794d0-c218-4e87-b4be-6cccdd4d12a4",
        "x-ms-gatewayversion": "version=2.14.0",
        "x-ms-ratelimit-remaining-subscription-deletes": "14986",
        "x-ms-request-id": "8e028be5-cafe-4339-8180-7ca4322418b9",
        "x-ms-routing-request-id": "WESTCENTRALUS:20220922T065004Z:ad6794d0-c218-4e87-b4be-6cccdd4d12a4"
      },
      "ResponseBody": {
        "status": "Enqueued"
      }
    },
    {
      "RequestUri": "https://management.azure.com/subscriptions/12053b8f-cab5-4f5c-9c1a-870580142abd/providers/Microsoft.DocumentDB/locations/westus2/operationsStatus/8e028be5-cafe-4339-8180-7ca4322418b9?api-version=2022-08-15",
      "RequestMethod": "GET",
      "RequestHeaders": {
        "Authorization": "Sanitized",
        "traceparent": "00-92300453d80a5549b6298b795f3700da-ec0639b7ce86274c-00",
        "User-Agent": "azsdk-net-ResourceManager/1.3.1 (.NET Core 3.1.29; Microsoft Windows 10.0.19044)",
        "x-ms-client-request-id": "bf95a0c37abcdb4fe29524280ff44b16",
        "x-ms-return-client-request-id": "true"
      },
      "RequestBody": null,
      "StatusCode": 200,
      "ResponseHeaders": {
        "Cache-Control": "no-store, no-cache",
        "Content-Length": "21",
        "Content-Type": "application/json",
        "Date": "Thu, 22 Sep 2022 06:50:03 GMT",
        "Pragma": "no-cache",
        "Server": "Microsoft-HTTPAPI/2.0",
        "Strict-Transport-Security": "max-age=31536000; includeSubDomains",
        "X-Content-Type-Options": "nosniff",
        "x-ms-correlation-request-id": "3a286740-2f46-49f6-a769-1b3196d212d3",
        "x-ms-gatewayversion": "version=2.14.0",
        "x-ms-ratelimit-remaining-subscription-reads": "11677",
        "x-ms-request-id": "3a286740-2f46-49f6-a769-1b3196d212d3",
        "x-ms-routing-request-id": "WESTCENTRALUS:20220922T065004Z:3a286740-2f46-49f6-a769-1b3196d212d3"
      },
      "ResponseBody": {
        "status": "Enqueued"
      }
    },
    {
      "RequestUri": "https://management.azure.com/subscriptions/12053b8f-cab5-4f5c-9c1a-870580142abd/providers/Microsoft.DocumentDB/locations/westus2/operationsStatus/8e028be5-cafe-4339-8180-7ca4322418b9?api-version=2022-08-15",
      "RequestMethod": "GET",
      "RequestHeaders": {
        "Authorization": "Sanitized",
        "traceparent": "00-92300453d80a5549b6298b795f3700da-aac9202e93cd244e-00",
        "User-Agent": "azsdk-net-ResourceManager/1.3.1 (.NET Core 3.1.29; Microsoft Windows 10.0.19044)",
        "x-ms-client-request-id": "3bc72ecc56d761b940c5bb75a45bc697",
        "x-ms-return-client-request-id": "true"
      },
      "RequestBody": null,
      "StatusCode": 200,
      "ResponseHeaders": {
        "Cache-Control": "no-store, no-cache",
        "Content-Length": "21",
        "Content-Type": "application/json",
        "Date": "Thu, 22 Sep 2022 06:50:04 GMT",
        "Pragma": "no-cache",
        "Server": "Microsoft-HTTPAPI/2.0",
        "Strict-Transport-Security": "max-age=31536000; includeSubDomains",
        "X-Content-Type-Options": "nosniff",
        "x-ms-correlation-request-id": "dd943107-3567-414e-9923-93f8bdc16336",
        "x-ms-gatewayversion": "version=2.14.0",
        "x-ms-ratelimit-remaining-subscription-reads": "11676",
        "x-ms-request-id": "dd943107-3567-414e-9923-93f8bdc16336",
        "x-ms-routing-request-id": "WESTCENTRALUS:20220922T065005Z:dd943107-3567-414e-9923-93f8bdc16336"
      },
      "ResponseBody": {
        "status": "Enqueued"
      }
    },
    {
      "RequestUri": "https://management.azure.com/subscriptions/12053b8f-cab5-4f5c-9c1a-870580142abd/providers/Microsoft.DocumentDB/locations/westus2/operationsStatus/8e028be5-cafe-4339-8180-7ca4322418b9?api-version=2022-08-15",
      "RequestMethod": "GET",
      "RequestHeaders": {
        "Authorization": "Sanitized",
        "traceparent": "00-92300453d80a5549b6298b795f3700da-b1c25166b7744c41-00",
        "User-Agent": "azsdk-net-ResourceManager/1.3.1 (.NET Core 3.1.29; Microsoft Windows 10.0.19044)",
        "x-ms-client-request-id": "f3a1c72f046baaa00af521b1942da90a",
        "x-ms-return-client-request-id": "true"
      },
      "RequestBody": null,
      "StatusCode": 200,
      "ResponseHeaders": {
        "Cache-Control": "no-store, no-cache",
        "Content-Length": "21",
        "Content-Type": "application/json",
        "Date": "Thu, 22 Sep 2022 06:50:05 GMT",
        "Pragma": "no-cache",
        "Server": "Microsoft-HTTPAPI/2.0",
        "Strict-Transport-Security": "max-age=31536000; includeSubDomains",
        "X-Content-Type-Options": "nosniff",
        "x-ms-correlation-request-id": "279505db-79fe-40b4-ad6e-0eba7e838558",
        "x-ms-gatewayversion": "version=2.14.0",
        "x-ms-ratelimit-remaining-subscription-reads": "11675",
        "x-ms-request-id": "279505db-79fe-40b4-ad6e-0eba7e838558",
        "x-ms-routing-request-id": "WESTCENTRALUS:20220922T065006Z:279505db-79fe-40b4-ad6e-0eba7e838558"
      },
      "ResponseBody": {
        "status": "Enqueued"
      }
    },
    {
      "RequestUri": "https://management.azure.com/subscriptions/12053b8f-cab5-4f5c-9c1a-870580142abd/providers/Microsoft.DocumentDB/locations/westus2/operationsStatus/8e028be5-cafe-4339-8180-7ca4322418b9?api-version=2022-08-15",
      "RequestMethod": "GET",
      "RequestHeaders": {
        "Authorization": "Sanitized",
        "traceparent": "00-92300453d80a5549b6298b795f3700da-dc431f6a5cbe2541-00",
        "User-Agent": "azsdk-net-ResourceManager/1.3.1 (.NET Core 3.1.29; Microsoft Windows 10.0.19044)",
        "x-ms-client-request-id": "5159a25fa3096d0de6347ff6bfda3686",
        "x-ms-return-client-request-id": "true"
      },
      "RequestBody": null,
      "StatusCode": 200,
      "ResponseHeaders": {
        "Cache-Control": "no-store, no-cache",
        "Content-Length": "21",
        "Content-Type": "application/json",
        "Date": "Thu, 22 Sep 2022 06:50:06 GMT",
        "Pragma": "no-cache",
        "Server": "Microsoft-HTTPAPI/2.0",
        "Strict-Transport-Security": "max-age=31536000; includeSubDomains",
        "X-Content-Type-Options": "nosniff",
        "x-ms-correlation-request-id": "5c741357-270b-4171-b2f9-b843504eb1d7",
        "x-ms-gatewayversion": "version=2.14.0",
        "x-ms-ratelimit-remaining-subscription-reads": "11674",
        "x-ms-request-id": "5c741357-270b-4171-b2f9-b843504eb1d7",
        "x-ms-routing-request-id": "WESTCENTRALUS:20220922T065007Z:5c741357-270b-4171-b2f9-b843504eb1d7"
      },
      "ResponseBody": {
        "status": "Enqueued"
      }
    },
    {
      "RequestUri": "https://management.azure.com/subscriptions/12053b8f-cab5-4f5c-9c1a-870580142abd/providers/Microsoft.DocumentDB/locations/westus2/operationsStatus/8e028be5-cafe-4339-8180-7ca4322418b9?api-version=2022-08-15",
      "RequestMethod": "GET",
      "RequestHeaders": {
        "Authorization": "Sanitized",
        "traceparent": "00-92300453d80a5549b6298b795f3700da-9e368b44c80baa42-00",
        "User-Agent": "azsdk-net-ResourceManager/1.3.1 (.NET Core 3.1.29; Microsoft Windows 10.0.19044)",
        "x-ms-client-request-id": "47f98cce5852c7aa8d1c30e23508cc12",
        "x-ms-return-client-request-id": "true"
      },
      "RequestBody": null,
      "StatusCode": 200,
      "ResponseHeaders": {
        "Cache-Control": "no-store, no-cache",
        "Content-Length": "21",
        "Content-Type": "application/json",
        "Date": "Thu, 22 Sep 2022 06:50:08 GMT",
        "Pragma": "no-cache",
        "Server": "Microsoft-HTTPAPI/2.0",
        "Strict-Transport-Security": "max-age=31536000; includeSubDomains",
        "X-Content-Type-Options": "nosniff",
        "x-ms-correlation-request-id": "cb8c311f-c026-430e-8a2d-4e4abd01ba2e",
        "x-ms-gatewayversion": "version=2.14.0",
        "x-ms-ratelimit-remaining-subscription-reads": "11673",
        "x-ms-request-id": "cb8c311f-c026-430e-8a2d-4e4abd01ba2e",
        "x-ms-routing-request-id": "WESTCENTRALUS:20220922T065009Z:cb8c311f-c026-430e-8a2d-4e4abd01ba2e"
      },
      "ResponseBody": {
        "status": "Dequeued"
      }
    },
    {
      "RequestUri": "https://management.azure.com/subscriptions/12053b8f-cab5-4f5c-9c1a-870580142abd/providers/Microsoft.DocumentDB/locations/westus2/operationsStatus/8e028be5-cafe-4339-8180-7ca4322418b9?api-version=2022-08-15",
      "RequestMethod": "GET",
      "RequestHeaders": {
        "Authorization": "Sanitized",
        "traceparent": "00-92300453d80a5549b6298b795f3700da-fa0555d17ffbb247-00",
        "User-Agent": "azsdk-net-ResourceManager/1.3.1 (.NET Core 3.1.29; Microsoft Windows 10.0.19044)",
        "x-ms-client-request-id": "0216b01c74028b8eb9340d3785a9eb30",
        "x-ms-return-client-request-id": "true"
      },
      "RequestBody": null,
      "StatusCode": 200,
      "ResponseHeaders": {
        "Cache-Control": "no-store, no-cache",
        "Content-Length": "22",
        "Content-Type": "application/json",
        "Date": "Thu, 22 Sep 2022 06:50:13 GMT",
        "Pragma": "no-cache",
        "Server": "Microsoft-HTTPAPI/2.0",
        "Strict-Transport-Security": "max-age=31536000; includeSubDomains",
        "X-Content-Type-Options": "nosniff",
        "x-ms-correlation-request-id": "1696458e-63fa-49bb-ae20-0c1ec2580a7a",
        "x-ms-gatewayversion": "version=2.14.0",
        "x-ms-ratelimit-remaining-subscription-reads": "11672",
        "x-ms-request-id": "1696458e-63fa-49bb-ae20-0c1ec2580a7a",
        "x-ms-routing-request-id": "WESTCENTRALUS:20220922T065013Z:1696458e-63fa-49bb-ae20-0c1ec2580a7a"
      },
      "ResponseBody": {
        "status": "Succeeded"
      }
    },
    {
      "RequestUri": "https://management.azure.com/subscriptions/12053b8f-cab5-4f5c-9c1a-870580142abd/resourceGroups/dbaccount-8108/providers/Microsoft.DocumentDB/databaseAccounts/dbaccount-8479?api-version=2022-08-15",
      "RequestMethod": "DELETE",
      "RequestHeaders": {
        "Authorization": "Sanitized",
        "traceparent": "00-281ca116aa2cf240aa21d48bfbe1bd22-dc792b3fbc44294a-00",
        "User-Agent": "azsdk-net-ResourceManager.CosmosDB/1.1.0-alpha.20220921.1 (.NET Core 3.1.29; Microsoft Windows 10.0.19044)",
        "x-ms-client-request-id": "08e29abe613307b8f891c4ec722b37de",
        "x-ms-return-client-request-id": "true"
      },
      "RequestBody": null,
      "StatusCode": 202,
      "ResponseHeaders": {
        "Azure-AsyncOperation": "https://management.azure.com/subscriptions/12053b8f-cab5-4f5c-9c1a-870580142abd/providers/Microsoft.DocumentDB/locations/westus2/operationsStatus/b11f3ced-c447-4ba9-b1fb-5d7eb4e41657?api-version=2022-08-15",
        "Cache-Control": "no-store, no-cache",
        "Content-Length": "21",
        "Content-Type": "application/json",
        "Date": "Thu, 22 Sep 2022 06:50:14 GMT",
        "Location": "https://management.azure.com/subscriptions/12053b8f-cab5-4f5c-9c1a-870580142abd/providers/Microsoft.DocumentDB/locations/westus2/operationResults/b11f3ced-c447-4ba9-b1fb-5d7eb4e41657?api-version=2022-08-15",
        "Pragma": "no-cache",
        "Server": "Microsoft-HTTPAPI/2.0",
        "Strict-Transport-Security": "max-age=31536000; includeSubDomains",
        "X-Content-Type-Options": "nosniff",
        "x-ms-correlation-request-id": "dd2e7cba-9d7f-4d5b-b566-f00e39caaa53",
        "x-ms-gatewayversion": "version=2.14.0",
        "x-ms-ratelimit-remaining-subscription-deletes": "14985",
        "x-ms-request-id": "b11f3ced-c447-4ba9-b1fb-5d7eb4e41657",
        "x-ms-routing-request-id": "WESTCENTRALUS:20220922T065014Z:dd2e7cba-9d7f-4d5b-b566-f00e39caaa53"
      },
      "ResponseBody": {
        "status": "Enqueued"
      }
    },
    {
      "RequestUri": "https://management.azure.com/subscriptions/12053b8f-cab5-4f5c-9c1a-870580142abd/providers/Microsoft.DocumentDB/locations/westus2/operationsStatus/b11f3ced-c447-4ba9-b1fb-5d7eb4e41657?api-version=2022-08-15",
      "RequestMethod": "GET",
      "RequestHeaders": {
        "Authorization": "Sanitized",
        "traceparent": "00-281ca116aa2cf240aa21d48bfbe1bd22-174c8365c6afba4e-00",
        "User-Agent": "azsdk-net-ResourceManager/1.3.1 (.NET Core 3.1.29; Microsoft Windows 10.0.19044)",
        "x-ms-client-request-id": "9a240030c325badff70e0a70b0a1198e",
        "x-ms-return-client-request-id": "true"
      },
      "RequestBody": null,
      "StatusCode": 200,
      "ResponseHeaders": {
        "Cache-Control": "no-store, no-cache",
        "Content-Length": "21",
        "Content-Type": "application/json",
        "Date": "Thu, 22 Sep 2022 06:50:14 GMT",
        "Pragma": "no-cache",
        "Server": "Microsoft-HTTPAPI/2.0",
        "Strict-Transport-Security": "max-age=31536000; includeSubDomains",
        "X-Content-Type-Options": "nosniff",
        "x-ms-correlation-request-id": "79bea65f-f112-4790-a588-3aae2d60e411",
        "x-ms-gatewayversion": "version=2.14.0",
        "x-ms-ratelimit-remaining-subscription-reads": "11671",
        "x-ms-request-id": "79bea65f-f112-4790-a588-3aae2d60e411",
        "x-ms-routing-request-id": "WESTCENTRALUS:20220922T065014Z:79bea65f-f112-4790-a588-3aae2d60e411"
      },
      "ResponseBody": {
        "status": "Enqueued"
      }
    },
    {
      "RequestUri": "https://management.azure.com/subscriptions/12053b8f-cab5-4f5c-9c1a-870580142abd/providers/Microsoft.DocumentDB/locations/westus2/operationsStatus/b11f3ced-c447-4ba9-b1fb-5d7eb4e41657?api-version=2022-08-15",
      "RequestMethod": "GET",
      "RequestHeaders": {
        "Authorization": "Sanitized",
        "traceparent": "00-281ca116aa2cf240aa21d48bfbe1bd22-c46981a533cd6c4e-00",
        "User-Agent": "azsdk-net-ResourceManager/1.3.1 (.NET Core 3.1.29; Microsoft Windows 10.0.19044)",
        "x-ms-client-request-id": "19cf2efcddcf896c16880ac5d49abc85",
        "x-ms-return-client-request-id": "true"
      },
      "RequestBody": null,
      "StatusCode": 200,
      "ResponseHeaders": {
        "Cache-Control": "no-store, no-cache",
        "Content-Length": "21",
        "Content-Type": "application/json",
        "Date": "Thu, 22 Sep 2022 06:50:15 GMT",
        "Pragma": "no-cache",
        "Server": "Microsoft-HTTPAPI/2.0",
        "Strict-Transport-Security": "max-age=31536000; includeSubDomains",
        "X-Content-Type-Options": "nosniff",
        "x-ms-correlation-request-id": "b3bc144a-b975-4e51-b0bd-e0b7e625b123",
        "x-ms-gatewayversion": "version=2.14.0",
        "x-ms-ratelimit-remaining-subscription-reads": "11670",
        "x-ms-request-id": "b3bc144a-b975-4e51-b0bd-e0b7e625b123",
        "x-ms-routing-request-id": "WESTCENTRALUS:20220922T065015Z:b3bc144a-b975-4e51-b0bd-e0b7e625b123"
      },
      "ResponseBody": {
        "status": "Enqueued"
      }
    },
    {
      "RequestUri": "https://management.azure.com/subscriptions/12053b8f-cab5-4f5c-9c1a-870580142abd/providers/Microsoft.DocumentDB/locations/westus2/operationsStatus/b11f3ced-c447-4ba9-b1fb-5d7eb4e41657?api-version=2022-08-15",
      "RequestMethod": "GET",
      "RequestHeaders": {
        "Authorization": "Sanitized",
        "traceparent": "00-281ca116aa2cf240aa21d48bfbe1bd22-61f8e0f68c7d6d4f-00",
        "User-Agent": "azsdk-net-ResourceManager/1.3.1 (.NET Core 3.1.29; Microsoft Windows 10.0.19044)",
        "x-ms-client-request-id": "72bce04e9d06a3b98d1f16b52a13a95c",
        "x-ms-return-client-request-id": "true"
      },
      "RequestBody": null,
      "StatusCode": 200,
      "ResponseHeaders": {
        "Cache-Control": "no-store, no-cache",
        "Content-Length": "21",
        "Content-Type": "application/json",
        "Date": "Thu, 22 Sep 2022 06:50:16 GMT",
        "Pragma": "no-cache",
        "Server": "Microsoft-HTTPAPI/2.0",
        "Strict-Transport-Security": "max-age=31536000; includeSubDomains",
        "X-Content-Type-Options": "nosniff",
        "x-ms-correlation-request-id": "d816ecc1-c8d0-4eb3-9a65-ca96284953c9",
        "x-ms-gatewayversion": "version=2.14.0",
        "x-ms-ratelimit-remaining-subscription-reads": "11669",
        "x-ms-request-id": "d816ecc1-c8d0-4eb3-9a65-ca96284953c9",
        "x-ms-routing-request-id": "WESTCENTRALUS:20220922T065016Z:d816ecc1-c8d0-4eb3-9a65-ca96284953c9"
      },
      "ResponseBody": {
        "status": "Enqueued"
      }
    },
    {
      "RequestUri": "https://management.azure.com/subscriptions/12053b8f-cab5-4f5c-9c1a-870580142abd/providers/Microsoft.DocumentDB/locations/westus2/operationsStatus/b11f3ced-c447-4ba9-b1fb-5d7eb4e41657?api-version=2022-08-15",
      "RequestMethod": "GET",
      "RequestHeaders": {
        "Authorization": "Sanitized",
        "traceparent": "00-281ca116aa2cf240aa21d48bfbe1bd22-fc7987e00617b249-00",
        "User-Agent": "azsdk-net-ResourceManager/1.3.1 (.NET Core 3.1.29; Microsoft Windows 10.0.19044)",
        "x-ms-client-request-id": "1c21fe5429a25314949b849cb919e65d",
        "x-ms-return-client-request-id": "true"
      },
      "RequestBody": null,
      "StatusCode": 200,
      "ResponseHeaders": {
        "Cache-Control": "no-store, no-cache",
        "Content-Length": "21",
        "Content-Type": "application/json",
        "Date": "Thu, 22 Sep 2022 06:50:17 GMT",
        "Pragma": "no-cache",
        "Server": "Microsoft-HTTPAPI/2.0",
        "Strict-Transport-Security": "max-age=31536000; includeSubDomains",
        "X-Content-Type-Options": "nosniff",
        "x-ms-correlation-request-id": "731d3d7d-9801-4174-89fb-be837dae7d38",
        "x-ms-gatewayversion": "version=2.14.0",
        "x-ms-ratelimit-remaining-subscription-reads": "11668",
        "x-ms-request-id": "731d3d7d-9801-4174-89fb-be837dae7d38",
        "x-ms-routing-request-id": "WESTCENTRALUS:20220922T065017Z:731d3d7d-9801-4174-89fb-be837dae7d38"
      },
      "ResponseBody": {
        "status": "Enqueued"
      }
    },
    {
      "RequestUri": "https://management.azure.com/subscriptions/12053b8f-cab5-4f5c-9c1a-870580142abd/providers/Microsoft.DocumentDB/locations/westus2/operationsStatus/b11f3ced-c447-4ba9-b1fb-5d7eb4e41657?api-version=2022-08-15",
      "RequestMethod": "GET",
      "RequestHeaders": {
        "Authorization": "Sanitized",
        "traceparent": "00-281ca116aa2cf240aa21d48bfbe1bd22-425984fe0788b04f-00",
        "User-Agent": "azsdk-net-ResourceManager/1.3.1 (.NET Core 3.1.29; Microsoft Windows 10.0.19044)",
        "x-ms-client-request-id": "cf218452a7e55f88752c8cafc6b65f02",
        "x-ms-return-client-request-id": "true"
      },
      "RequestBody": null,
      "StatusCode": 200,
      "ResponseHeaders": {
        "Cache-Control": "no-store, no-cache",
        "Content-Length": "21",
        "Content-Type": "application/json",
        "Date": "Thu, 22 Sep 2022 06:50:19 GMT",
        "Pragma": "no-cache",
        "Server": "Microsoft-HTTPAPI/2.0",
        "Strict-Transport-Security": "max-age=31536000; includeSubDomains",
        "X-Content-Type-Options": "nosniff",
        "x-ms-correlation-request-id": "a2fab3cc-1669-47ab-a1e2-bebb3f43e253",
        "x-ms-gatewayversion": "version=2.14.0",
        "x-ms-ratelimit-remaining-subscription-reads": "11667",
        "x-ms-request-id": "a2fab3cc-1669-47ab-a1e2-bebb3f43e253",
        "x-ms-routing-request-id": "WESTCENTRALUS:20220922T065020Z:a2fab3cc-1669-47ab-a1e2-bebb3f43e253"
      },
      "ResponseBody": {
        "status": "Dequeued"
      }
    },
    {
      "RequestUri": "https://management.azure.com/subscriptions/12053b8f-cab5-4f5c-9c1a-870580142abd/providers/Microsoft.DocumentDB/locations/westus2/operationsStatus/b11f3ced-c447-4ba9-b1fb-5d7eb4e41657?api-version=2022-08-15",
      "RequestMethod": "GET",
      "RequestHeaders": {
        "Authorization": "Sanitized",
        "traceparent": "00-281ca116aa2cf240aa21d48bfbe1bd22-5f2127e454552349-00",
        "User-Agent": "azsdk-net-ResourceManager/1.3.1 (.NET Core 3.1.29; Microsoft Windows 10.0.19044)",
        "x-ms-client-request-id": "d671addf9f7925e3cc68de6b191cea73",
        "x-ms-return-client-request-id": "true"
      },
      "RequestBody": null,
      "StatusCode": 200,
      "ResponseHeaders": {
        "Cache-Control": "no-store, no-cache",
        "Content-Length": "21",
        "Content-Type": "application/json",
        "Date": "Thu, 22 Sep 2022 06:50:23 GMT",
        "Pragma": "no-cache",
        "Server": "Microsoft-HTTPAPI/2.0",
        "Strict-Transport-Security": "max-age=31536000; includeSubDomains",
        "X-Content-Type-Options": "nosniff",
        "x-ms-correlation-request-id": "6ae832f4-3bba-47aa-be4e-c002dfb42c18",
        "x-ms-gatewayversion": "version=2.14.0",
        "x-ms-ratelimit-remaining-subscription-reads": "11666",
        "x-ms-request-id": "6ae832f4-3bba-47aa-be4e-c002dfb42c18",
        "x-ms-routing-request-id": "WESTCENTRALUS:20220922T065024Z:6ae832f4-3bba-47aa-be4e-c002dfb42c18"
      },
      "ResponseBody": {
        "status": "Dequeued"
      }
    },
    {
      "RequestUri": "https://management.azure.com/subscriptions/12053b8f-cab5-4f5c-9c1a-870580142abd/providers/Microsoft.DocumentDB/locations/westus2/operationsStatus/b11f3ced-c447-4ba9-b1fb-5d7eb4e41657?api-version=2022-08-15",
      "RequestMethod": "GET",
      "RequestHeaders": {
        "Authorization": "Sanitized",
        "traceparent": "00-281ca116aa2cf240aa21d48bfbe1bd22-9ff5138ec7253244-00",
        "User-Agent": "azsdk-net-ResourceManager/1.3.1 (.NET Core 3.1.29; Microsoft Windows 10.0.19044)",
        "x-ms-client-request-id": "a562b939d9f2ad7775c1a7769c648ddd",
        "x-ms-return-client-request-id": "true"
      },
      "RequestBody": null,
      "StatusCode": 200,
      "ResponseHeaders": {
        "Cache-Control": "no-store, no-cache",
        "Content-Length": "21",
        "Content-Type": "application/json",
        "Date": "Thu, 22 Sep 2022 06:50:32 GMT",
        "Pragma": "no-cache",
        "Server": "Microsoft-HTTPAPI/2.0",
        "Strict-Transport-Security": "max-age=31536000; includeSubDomains",
        "X-Content-Type-Options": "nosniff",
        "x-ms-correlation-request-id": "0e1107a7-14e2-4bde-8535-f346b484f77d",
        "x-ms-gatewayversion": "version=2.14.0",
        "x-ms-ratelimit-remaining-subscription-reads": "11665",
        "x-ms-request-id": "0e1107a7-14e2-4bde-8535-f346b484f77d",
        "x-ms-routing-request-id": "WESTCENTRALUS:20220922T065032Z:0e1107a7-14e2-4bde-8535-f346b484f77d"
      },
      "ResponseBody": {
        "status": "Dequeued"
      }
    },
    {
      "RequestUri": "https://management.azure.com/subscriptions/12053b8f-cab5-4f5c-9c1a-870580142abd/providers/Microsoft.DocumentDB/locations/westus2/operationsStatus/b11f3ced-c447-4ba9-b1fb-5d7eb4e41657?api-version=2022-08-15",
      "RequestMethod": "GET",
      "RequestHeaders": {
        "Authorization": "Sanitized",
        "traceparent": "00-281ca116aa2cf240aa21d48bfbe1bd22-f95191aacb0d1a40-00",
        "User-Agent": "azsdk-net-ResourceManager/1.3.1 (.NET Core 3.1.29; Microsoft Windows 10.0.19044)",
        "x-ms-client-request-id": "0bbd823b0fa7b2e4a1fc027cc81d4558",
        "x-ms-return-client-request-id": "true"
      },
      "RequestBody": null,
      "StatusCode": 200,
      "ResponseHeaders": {
        "Cache-Control": "no-store, no-cache",
        "Content-Length": "21",
        "Content-Type": "application/json",
        "Date": "Thu, 22 Sep 2022 06:50:47 GMT",
        "Pragma": "no-cache",
        "Server": "Microsoft-HTTPAPI/2.0",
        "Strict-Transport-Security": "max-age=31536000; includeSubDomains",
        "X-Content-Type-Options": "nosniff",
        "x-ms-correlation-request-id": "a6bedd6d-5f23-436f-9350-a57013efb3ab",
        "x-ms-gatewayversion": "version=2.14.0",
        "x-ms-ratelimit-remaining-subscription-reads": "11664",
        "x-ms-request-id": "a6bedd6d-5f23-436f-9350-a57013efb3ab",
        "x-ms-routing-request-id": "WESTCENTRALUS:20220922T065048Z:a6bedd6d-5f23-436f-9350-a57013efb3ab"
      },
      "ResponseBody": {
        "status": "Dequeued"
      }
    },
    {
      "RequestUri": "https://management.azure.com/subscriptions/12053b8f-cab5-4f5c-9c1a-870580142abd/providers/Microsoft.DocumentDB/locations/westus2/operationsStatus/b11f3ced-c447-4ba9-b1fb-5d7eb4e41657?api-version=2022-08-15",
      "RequestMethod": "GET",
      "RequestHeaders": {
        "Authorization": "Sanitized",
        "traceparent": "00-281ca116aa2cf240aa21d48bfbe1bd22-133e31a30015d14b-00",
        "User-Agent": "azsdk-net-ResourceManager/1.3.1 (.NET Core 3.1.29; Microsoft Windows 10.0.19044)",
        "x-ms-client-request-id": "0c751841b953051036c460b7f86d8868",
        "x-ms-return-client-request-id": "true"
      },
      "RequestBody": null,
      "StatusCode": 200,
      "ResponseHeaders": {
        "Cache-Control": "no-store, no-cache",
        "Content-Length": "21",
        "Content-Type": "application/json",
        "Date": "Thu, 22 Sep 2022 06:51:19 GMT",
        "Pragma": "no-cache",
        "Server": "Microsoft-HTTPAPI/2.0",
        "Strict-Transport-Security": "max-age=31536000; includeSubDomains",
        "X-Content-Type-Options": "nosniff",
        "x-ms-correlation-request-id": "f8dfd55e-ce25-4356-8924-8fc4707cedb3",
        "x-ms-gatewayversion": "version=2.14.0",
        "x-ms-ratelimit-remaining-subscription-reads": "11663",
        "x-ms-request-id": "f8dfd55e-ce25-4356-8924-8fc4707cedb3",
        "x-ms-routing-request-id": "WESTCENTRALUS:20220922T065120Z:f8dfd55e-ce25-4356-8924-8fc4707cedb3"
      },
      "ResponseBody": {
        "status": "Dequeued"
      }
    },
    {
      "RequestUri": "https://management.azure.com/subscriptions/12053b8f-cab5-4f5c-9c1a-870580142abd/providers/Microsoft.DocumentDB/locations/westus2/operationsStatus/b11f3ced-c447-4ba9-b1fb-5d7eb4e41657?api-version=2022-08-15",
      "RequestMethod": "GET",
      "RequestHeaders": {
        "Authorization": "Sanitized",
        "traceparent": "00-281ca116aa2cf240aa21d48bfbe1bd22-34f160acca63604a-00",
        "User-Agent": "azsdk-net-ResourceManager/1.3.1 (.NET Core 3.1.29; Microsoft Windows 10.0.19044)",
        "x-ms-client-request-id": "972f00dade5e29ccd5b004f5d6fae458",
        "x-ms-return-client-request-id": "true"
      },
      "RequestBody": null,
      "StatusCode": 200,
      "ResponseHeaders": {
        "Cache-Control": "no-store, no-cache",
        "Content-Length": "21",
        "Content-Type": "application/json",
        "Date": "Thu, 22 Sep 2022 06:51:52 GMT",
        "Pragma": "no-cache",
        "Server": "Microsoft-HTTPAPI/2.0",
        "Strict-Transport-Security": "max-age=31536000; includeSubDomains",
        "X-Content-Type-Options": "nosniff",
        "x-ms-correlation-request-id": "7498c198-3f23-4bc6-88e3-30fa5433acb9",
        "x-ms-gatewayversion": "version=2.14.0",
        "x-ms-ratelimit-remaining-subscription-reads": "11662",
        "x-ms-request-id": "7498c198-3f23-4bc6-88e3-30fa5433acb9",
        "x-ms-routing-request-id": "WESTCENTRALUS:20220922T065152Z:7498c198-3f23-4bc6-88e3-30fa5433acb9"
      },
      "ResponseBody": {
        "status": "Dequeued"
      }
    },
    {
      "RequestUri": "https://management.azure.com/subscriptions/12053b8f-cab5-4f5c-9c1a-870580142abd/providers/Microsoft.DocumentDB/locations/westus2/operationsStatus/b11f3ced-c447-4ba9-b1fb-5d7eb4e41657?api-version=2022-08-15",
      "RequestMethod": "GET",
      "RequestHeaders": {
        "Authorization": "Sanitized",
        "traceparent": "00-281ca116aa2cf240aa21d48bfbe1bd22-f9b32da046c0b244-00",
        "User-Agent": "azsdk-net-ResourceManager/1.3.1 (.NET Core 3.1.29; Microsoft Windows 10.0.19044)",
        "x-ms-client-request-id": "84344e7c80ee828972b8d5e3af2cba34",
        "x-ms-return-client-request-id": "true"
      },
      "RequestBody": null,
      "StatusCode": 200,
      "ResponseHeaders": {
        "Cache-Control": "no-store, no-cache",
        "Content-Length": "21",
        "Content-Type": "application/json",
        "Date": "Thu, 22 Sep 2022 06:52:24 GMT",
        "Pragma": "no-cache",
        "Server": "Microsoft-HTTPAPI/2.0",
        "Strict-Transport-Security": "max-age=31536000; includeSubDomains",
        "X-Content-Type-Options": "nosniff",
        "x-ms-correlation-request-id": "09581b5c-6c15-41a4-a21f-e195c0786730",
        "x-ms-gatewayversion": "version=2.14.0",
        "x-ms-ratelimit-remaining-subscription-reads": "11661",
        "x-ms-request-id": "09581b5c-6c15-41a4-a21f-e195c0786730",
        "x-ms-routing-request-id": "WESTCENTRALUS:20220922T065224Z:09581b5c-6c15-41a4-a21f-e195c0786730"
      },
      "ResponseBody": {
        "status": "Dequeued"
      }
    },
    {
      "RequestUri": "https://management.azure.com/subscriptions/12053b8f-cab5-4f5c-9c1a-870580142abd/providers/Microsoft.DocumentDB/locations/westus2/operationsStatus/b11f3ced-c447-4ba9-b1fb-5d7eb4e41657?api-version=2022-08-15",
      "RequestMethod": "GET",
      "RequestHeaders": {
        "Authorization": "Sanitized",
        "traceparent": "00-281ca116aa2cf240aa21d48bfbe1bd22-bdff4d3dc7e19f46-00",
        "User-Agent": "azsdk-net-ResourceManager/1.3.1 (.NET Core 3.1.29; Microsoft Windows 10.0.19044)",
        "x-ms-client-request-id": "c8a19a73aeee62fa4b4b37a3b41a2e3b",
        "x-ms-return-client-request-id": "true"
      },
      "RequestBody": null,
      "StatusCode": 200,
      "ResponseHeaders": {
        "Cache-Control": "no-store, no-cache",
        "Content-Length": "21",
        "Content-Type": "application/json",
        "Date": "Thu, 22 Sep 2022 06:52:56 GMT",
        "Pragma": "no-cache",
        "Server": "Microsoft-HTTPAPI/2.0",
        "Strict-Transport-Security": "max-age=31536000; includeSubDomains",
        "X-Content-Type-Options": "nosniff",
        "x-ms-correlation-request-id": "be75344f-2d38-4927-aa53-7e7509ea993a",
        "x-ms-gatewayversion": "version=2.14.0",
        "x-ms-ratelimit-remaining-subscription-reads": "11660",
        "x-ms-request-id": "be75344f-2d38-4927-aa53-7e7509ea993a",
        "x-ms-routing-request-id": "WESTCENTRALUS:20220922T065256Z:be75344f-2d38-4927-aa53-7e7509ea993a"
      },
      "ResponseBody": {
        "status": "Dequeued"
      }
    },
    {
      "RequestUri": "https://management.azure.com/subscriptions/12053b8f-cab5-4f5c-9c1a-870580142abd/providers/Microsoft.DocumentDB/locations/westus2/operationsStatus/b11f3ced-c447-4ba9-b1fb-5d7eb4e41657?api-version=2022-08-15",
      "RequestMethod": "GET",
      "RequestHeaders": {
        "Authorization": "Sanitized",
        "traceparent": "00-281ca116aa2cf240aa21d48bfbe1bd22-de04ea1df8f19a4a-00",
        "User-Agent": "azsdk-net-ResourceManager/1.3.1 (.NET Core 3.1.29; Microsoft Windows 10.0.19044)",
        "x-ms-client-request-id": "a93b07df04385a7976ac25a609e87aa8",
        "x-ms-return-client-request-id": "true"
      },
      "RequestBody": null,
      "StatusCode": 200,
      "ResponseHeaders": {
        "Cache-Control": "no-store, no-cache",
        "Content-Length": "21",
        "Content-Type": "application/json",
        "Date": "Thu, 22 Sep 2022 06:53:28 GMT",
        "Pragma": "no-cache",
        "Server": "Microsoft-HTTPAPI/2.0",
        "Strict-Transport-Security": "max-age=31536000; includeSubDomains",
        "X-Content-Type-Options": "nosniff",
        "x-ms-correlation-request-id": "1ec766d2-d1a7-450c-b892-3d98d4f98206",
        "x-ms-gatewayversion": "version=2.14.0",
        "x-ms-ratelimit-remaining-subscription-reads": "11659",
        "x-ms-request-id": "1ec766d2-d1a7-450c-b892-3d98d4f98206",
        "x-ms-routing-request-id": "WESTCENTRALUS:20220922T065328Z:1ec766d2-d1a7-450c-b892-3d98d4f98206"
      },
      "ResponseBody": {
        "status": "Dequeued"
      }
    },
    {
      "RequestUri": "https://management.azure.com/subscriptions/12053b8f-cab5-4f5c-9c1a-870580142abd/providers/Microsoft.DocumentDB/locations/westus2/operationsStatus/b11f3ced-c447-4ba9-b1fb-5d7eb4e41657?api-version=2022-08-15",
      "RequestMethod": "GET",
      "RequestHeaders": {
        "Authorization": "Sanitized",
        "traceparent": "00-281ca116aa2cf240aa21d48bfbe1bd22-811d6e579f44c348-00",
        "User-Agent": "azsdk-net-ResourceManager/1.3.1 (.NET Core 3.1.29; Microsoft Windows 10.0.19044)",
        "x-ms-client-request-id": "3c82d0f51c58cd6a54d138a348e5cd57",
        "x-ms-return-client-request-id": "true"
      },
      "RequestBody": null,
      "StatusCode": 200,
      "ResponseHeaders": {
        "Cache-Control": "no-store, no-cache",
        "Content-Length": "21",
        "Content-Type": "application/json",
        "Date": "Thu, 22 Sep 2022 06:54:00 GMT",
        "Pragma": "no-cache",
        "Server": "Microsoft-HTTPAPI/2.0",
        "Strict-Transport-Security": "max-age=31536000; includeSubDomains",
        "X-Content-Type-Options": "nosniff",
        "x-ms-correlation-request-id": "18586c04-2222-4ece-b8d5-7cad421f8a96",
        "x-ms-gatewayversion": "version=2.14.0",
        "x-ms-ratelimit-remaining-subscription-reads": "11658",
        "x-ms-request-id": "18586c04-2222-4ece-b8d5-7cad421f8a96",
        "x-ms-routing-request-id": "WESTCENTRALUS:20220922T065401Z:18586c04-2222-4ece-b8d5-7cad421f8a96"
      },
      "ResponseBody": {
        "status": "Dequeued"
      }
    },
    {
      "RequestUri": "https://management.azure.com/subscriptions/12053b8f-cab5-4f5c-9c1a-870580142abd/providers/Microsoft.DocumentDB/locations/westus2/operationsStatus/b11f3ced-c447-4ba9-b1fb-5d7eb4e41657?api-version=2022-08-15",
      "RequestMethod": "GET",
      "RequestHeaders": {
        "Authorization": "Sanitized",
        "traceparent": "00-281ca116aa2cf240aa21d48bfbe1bd22-e7802b2e25be3349-00",
        "User-Agent": "azsdk-net-ResourceManager/1.3.1 (.NET Core 3.1.29; Microsoft Windows 10.0.19044)",
        "x-ms-client-request-id": "a703998911f16ffb2047514188535963",
        "x-ms-return-client-request-id": "true"
      },
      "RequestBody": null,
      "StatusCode": 200,
      "ResponseHeaders": {
        "Cache-Control": "no-store, no-cache",
        "Content-Length": "21",
        "Content-Type": "application/json",
        "Date": "Thu, 22 Sep 2022 06:54:33 GMT",
        "Pragma": "no-cache",
        "Server": "Microsoft-HTTPAPI/2.0",
        "Strict-Transport-Security": "max-age=31536000; includeSubDomains",
        "X-Content-Type-Options": "nosniff",
        "x-ms-correlation-request-id": "831a31d0-db75-4cbb-9d68-f37f4e57cfc6",
        "x-ms-gatewayversion": "version=2.14.0",
        "x-ms-ratelimit-remaining-subscription-reads": "11657",
        "x-ms-request-id": "831a31d0-db75-4cbb-9d68-f37f4e57cfc6",
        "x-ms-routing-request-id": "WESTCENTRALUS:20220922T065433Z:831a31d0-db75-4cbb-9d68-f37f4e57cfc6"
      },
      "ResponseBody": {
        "status": "Dequeued"
      }
    },
    {
      "RequestUri": "https://management.azure.com/subscriptions/12053b8f-cab5-4f5c-9c1a-870580142abd/providers/Microsoft.DocumentDB/locations/westus2/operationsStatus/b11f3ced-c447-4ba9-b1fb-5d7eb4e41657?api-version=2022-08-15",
      "RequestMethod": "GET",
      "RequestHeaders": {
        "Authorization": "Sanitized",
        "traceparent": "00-281ca116aa2cf240aa21d48bfbe1bd22-850dbe042914e64d-00",
        "User-Agent": "azsdk-net-ResourceManager/1.3.1 (.NET Core 3.1.29; Microsoft Windows 10.0.19044)",
        "x-ms-client-request-id": "e4ae8fd1f297c3e39d6d5466cbd61191",
        "x-ms-return-client-request-id": "true"
      },
      "RequestBody": null,
      "StatusCode": 200,
      "ResponseHeaders": {
        "Cache-Control": "no-store, no-cache",
        "Content-Length": "21",
        "Content-Type": "application/json",
        "Date": "Thu, 22 Sep 2022 06:55:04 GMT",
        "Pragma": "no-cache",
        "Server": "Microsoft-HTTPAPI/2.0",
        "Strict-Transport-Security": "max-age=31536000; includeSubDomains",
        "X-Content-Type-Options": "nosniff",
        "x-ms-correlation-request-id": "ffb214c5-aca7-4842-ac3d-a97bb720d511",
        "x-ms-gatewayversion": "version=2.14.0",
        "x-ms-ratelimit-remaining-subscription-reads": "11702",
        "x-ms-request-id": "ffb214c5-aca7-4842-ac3d-a97bb720d511",
        "x-ms-routing-request-id": "WESTCENTRALUS:20220922T065505Z:ffb214c5-aca7-4842-ac3d-a97bb720d511"
      },
      "ResponseBody": {
        "status": "Dequeued"
      }
    },
    {
      "RequestUri": "https://management.azure.com/subscriptions/12053b8f-cab5-4f5c-9c1a-870580142abd/providers/Microsoft.DocumentDB/locations/westus2/operationsStatus/b11f3ced-c447-4ba9-b1fb-5d7eb4e41657?api-version=2022-08-15",
      "RequestMethod": "GET",
      "RequestHeaders": {
        "Authorization": "Sanitized",
        "traceparent": "00-281ca116aa2cf240aa21d48bfbe1bd22-e814d1bda17bdc4a-00",
        "User-Agent": "azsdk-net-ResourceManager/1.3.1 (.NET Core 3.1.29; Microsoft Windows 10.0.19044)",
        "x-ms-client-request-id": "701dcddfd2e5e3b6d4131b10cb284501",
        "x-ms-return-client-request-id": "true"
      },
      "RequestBody": null,
      "StatusCode": 200,
      "ResponseHeaders": {
        "Cache-Control": "no-store, no-cache",
        "Content-Length": "21",
        "Content-Type": "application/json",
        "Date": "Thu, 22 Sep 2022 06:55:36 GMT",
        "Pragma": "no-cache",
        "Server": "Microsoft-HTTPAPI/2.0",
        "Strict-Transport-Security": "max-age=31536000; includeSubDomains",
        "X-Content-Type-Options": "nosniff",
        "x-ms-correlation-request-id": "efecd56c-b0da-4ceb-ac6e-37d8ee594d33",
        "x-ms-gatewayversion": "version=2.14.0",
        "x-ms-ratelimit-remaining-subscription-reads": "11701",
        "x-ms-request-id": "efecd56c-b0da-4ceb-ac6e-37d8ee594d33",
        "x-ms-routing-request-id": "WESTCENTRALUS:20220922T065537Z:efecd56c-b0da-4ceb-ac6e-37d8ee594d33"
      },
      "ResponseBody": {
        "status": "Dequeued"
      }
    },
    {
      "RequestUri": "https://management.azure.com/subscriptions/12053b8f-cab5-4f5c-9c1a-870580142abd/providers/Microsoft.DocumentDB/locations/westus2/operationsStatus/b11f3ced-c447-4ba9-b1fb-5d7eb4e41657?api-version=2022-08-15",
      "RequestMethod": "GET",
      "RequestHeaders": {
        "Authorization": "Sanitized",
        "traceparent": "00-281ca116aa2cf240aa21d48bfbe1bd22-1d42cb25ff32dc4c-00",
        "User-Agent": "azsdk-net-ResourceManager/1.3.1 (.NET Core 3.1.29; Microsoft Windows 10.0.19044)",
        "x-ms-client-request-id": "b9d1d578e93796bfb5400a84bc94a34a",
        "x-ms-return-client-request-id": "true"
      },
      "RequestBody": null,
      "StatusCode": 200,
      "ResponseHeaders": {
        "Cache-Control": "no-store, no-cache",
        "Content-Length": "21",
        "Content-Type": "application/json",
        "Date": "Thu, 22 Sep 2022 06:56:09 GMT",
        "Pragma": "no-cache",
        "Server": "Microsoft-HTTPAPI/2.0",
        "Strict-Transport-Security": "max-age=31536000; includeSubDomains",
        "X-Content-Type-Options": "nosniff",
        "x-ms-correlation-request-id": "18be85b3-a4e7-47d0-8b3c-cc4eebcfd975",
        "x-ms-gatewayversion": "version=2.14.0",
        "x-ms-ratelimit-remaining-subscription-reads": "11700",
        "x-ms-request-id": "18be85b3-a4e7-47d0-8b3c-cc4eebcfd975",
        "x-ms-routing-request-id": "WESTCENTRALUS:20220922T065609Z:18be85b3-a4e7-47d0-8b3c-cc4eebcfd975"
      },
      "ResponseBody": {
        "status": "Dequeued"
      }
    },
    {
      "RequestUri": "https://management.azure.com/subscriptions/12053b8f-cab5-4f5c-9c1a-870580142abd/providers/Microsoft.DocumentDB/locations/westus2/operationsStatus/b11f3ced-c447-4ba9-b1fb-5d7eb4e41657?api-version=2022-08-15",
      "RequestMethod": "GET",
      "RequestHeaders": {
        "Authorization": "Sanitized",
        "traceparent": "00-281ca116aa2cf240aa21d48bfbe1bd22-2b232f01b735fd49-00",
        "User-Agent": "azsdk-net-ResourceManager/1.3.1 (.NET Core 3.1.29; Microsoft Windows 10.0.19044)",
        "x-ms-client-request-id": "bb62c036e836ff7dd8ca0f84d7d2f874",
        "x-ms-return-client-request-id": "true"
      },
      "RequestBody": null,
      "StatusCode": 200,
      "ResponseHeaders": {
        "Cache-Control": "no-store, no-cache",
        "Content-Length": "21",
        "Content-Type": "application/json",
        "Date": "Thu, 22 Sep 2022 06:56:41 GMT",
        "Pragma": "no-cache",
        "Server": "Microsoft-HTTPAPI/2.0",
        "Strict-Transport-Security": "max-age=31536000; includeSubDomains",
        "X-Content-Type-Options": "nosniff",
        "x-ms-correlation-request-id": "58dd6b67-9469-4232-a330-d4b8bdf4804d",
        "x-ms-gatewayversion": "version=2.14.0",
        "x-ms-ratelimit-remaining-subscription-reads": "11699",
        "x-ms-request-id": "58dd6b67-9469-4232-a330-d4b8bdf4804d",
        "x-ms-routing-request-id": "WESTCENTRALUS:20220922T065641Z:58dd6b67-9469-4232-a330-d4b8bdf4804d"
      },
      "ResponseBody": {
        "status": "Dequeued"
      }
    },
    {
      "RequestUri": "https://management.azure.com/subscriptions/12053b8f-cab5-4f5c-9c1a-870580142abd/providers/Microsoft.DocumentDB/locations/westus2/operationsStatus/b11f3ced-c447-4ba9-b1fb-5d7eb4e41657?api-version=2022-08-15",
      "RequestMethod": "GET",
      "RequestHeaders": {
        "Authorization": "Sanitized",
        "traceparent": "00-281ca116aa2cf240aa21d48bfbe1bd22-3a2fe9eeae112543-00",
        "User-Agent": "azsdk-net-ResourceManager/1.3.1 (.NET Core 3.1.29; Microsoft Windows 10.0.19044)",
        "x-ms-client-request-id": "f5ee53285804f6590d86baa4c832263f",
        "x-ms-return-client-request-id": "true"
      },
      "RequestBody": null,
      "StatusCode": 200,
      "ResponseHeaders": {
        "Cache-Control": "no-store, no-cache",
        "Content-Length": "21",
        "Content-Type": "application/json",
        "Date": "Thu, 22 Sep 2022 06:57:12 GMT",
        "Pragma": "no-cache",
        "Server": "Microsoft-HTTPAPI/2.0",
        "Strict-Transport-Security": "max-age=31536000; includeSubDomains",
        "X-Content-Type-Options": "nosniff",
        "x-ms-correlation-request-id": "c5f06598-2061-481a-aa7f-80656301a451",
        "x-ms-gatewayversion": "version=2.14.0",
        "x-ms-ratelimit-remaining-subscription-reads": "11698",
        "x-ms-request-id": "c5f06598-2061-481a-aa7f-80656301a451",
        "x-ms-routing-request-id": "WESTCENTRALUS:20220922T065713Z:c5f06598-2061-481a-aa7f-80656301a451"
      },
      "ResponseBody": {
        "status": "Dequeued"
      }
    },
    {
      "RequestUri": "https://management.azure.com/subscriptions/12053b8f-cab5-4f5c-9c1a-870580142abd/providers/Microsoft.DocumentDB/locations/westus2/operationsStatus/b11f3ced-c447-4ba9-b1fb-5d7eb4e41657?api-version=2022-08-15",
      "RequestMethod": "GET",
      "RequestHeaders": {
        "Authorization": "Sanitized",
        "traceparent": "00-281ca116aa2cf240aa21d48bfbe1bd22-e6b316293c34c549-00",
        "User-Agent": "azsdk-net-ResourceManager/1.3.1 (.NET Core 3.1.29; Microsoft Windows 10.0.19044)",
        "x-ms-client-request-id": "0adad06f89c68fca57d2e06cd93bbfe3",
        "x-ms-return-client-request-id": "true"
      },
      "RequestBody": null,
      "StatusCode": 200,
      "ResponseHeaders": {
        "Cache-Control": "no-store, no-cache",
        "Content-Length": "21",
        "Content-Type": "application/json",
        "Date": "Thu, 22 Sep 2022 06:57:45 GMT",
        "Pragma": "no-cache",
        "Server": "Microsoft-HTTPAPI/2.0",
        "Strict-Transport-Security": "max-age=31536000; includeSubDomains",
        "X-Content-Type-Options": "nosniff",
        "x-ms-correlation-request-id": "29972b8c-7fa8-4b42-9f24-d014278238ed",
        "x-ms-gatewayversion": "version=2.14.0",
        "x-ms-ratelimit-remaining-subscription-reads": "11697",
        "x-ms-request-id": "29972b8c-7fa8-4b42-9f24-d014278238ed",
        "x-ms-routing-request-id": "WESTCENTRALUS:20220922T065745Z:29972b8c-7fa8-4b42-9f24-d014278238ed"
      },
      "ResponseBody": {
        "status": "Dequeued"
      }
    },
    {
      "RequestUri": "https://management.azure.com/subscriptions/12053b8f-cab5-4f5c-9c1a-870580142abd/providers/Microsoft.DocumentDB/locations/westus2/operationsStatus/b11f3ced-c447-4ba9-b1fb-5d7eb4e41657?api-version=2022-08-15",
      "RequestMethod": "GET",
      "RequestHeaders": {
        "Authorization": "Sanitized",
        "traceparent": "00-281ca116aa2cf240aa21d48bfbe1bd22-7d7262b0970abc45-00",
        "User-Agent": "azsdk-net-ResourceManager/1.3.1 (.NET Core 3.1.29; Microsoft Windows 10.0.19044)",
        "x-ms-client-request-id": "695b9548ada6de46666badaf2dd937a5",
        "x-ms-return-client-request-id": "true"
      },
      "RequestBody": null,
      "StatusCode": 200,
      "ResponseHeaders": {
        "Cache-Control": "no-store, no-cache",
        "Content-Length": "21",
        "Content-Type": "application/json",
        "Date": "Thu, 22 Sep 2022 06:58:17 GMT",
        "Pragma": "no-cache",
        "Server": "Microsoft-HTTPAPI/2.0",
        "Strict-Transport-Security": "max-age=31536000; includeSubDomains",
        "X-Content-Type-Options": "nosniff",
        "x-ms-correlation-request-id": "a1349815-bb9e-42da-a3e1-b603e9b1ebe3",
        "x-ms-gatewayversion": "version=2.14.0",
        "x-ms-ratelimit-remaining-subscription-reads": "11696",
        "x-ms-request-id": "a1349815-bb9e-42da-a3e1-b603e9b1ebe3",
        "x-ms-routing-request-id": "WESTCENTRALUS:20220922T065817Z:a1349815-bb9e-42da-a3e1-b603e9b1ebe3"
      },
      "ResponseBody": {
        "status": "Dequeued"
      }
    },
    {
      "RequestUri": "https://management.azure.com/subscriptions/12053b8f-cab5-4f5c-9c1a-870580142abd/providers/Microsoft.DocumentDB/locations/westus2/operationsStatus/b11f3ced-c447-4ba9-b1fb-5d7eb4e41657?api-version=2022-08-15",
      "RequestMethod": "GET",
      "RequestHeaders": {
        "Authorization": "Sanitized",
        "traceparent": "00-281ca116aa2cf240aa21d48bfbe1bd22-b6d09d9d51837c43-00",
        "User-Agent": "azsdk-net-ResourceManager/1.3.1 (.NET Core 3.1.29; Microsoft Windows 10.0.19044)",
        "x-ms-client-request-id": "0614cfa4edf89eae885e9d3177ec1cd2",
        "x-ms-return-client-request-id": "true"
      },
      "RequestBody": null,
      "StatusCode": 200,
      "ResponseHeaders": {
        "Cache-Control": "no-store, no-cache",
        "Content-Length": "22",
        "Content-Type": "application/json",
        "Date": "Thu, 22 Sep 2022 06:58:48 GMT",
        "Pragma": "no-cache",
        "Server": "Microsoft-HTTPAPI/2.0",
        "Strict-Transport-Security": "max-age=31536000; includeSubDomains",
        "X-Content-Type-Options": "nosniff",
        "x-ms-correlation-request-id": "475cf757-7cfe-4b8d-9378-4e3633d1f652",
        "x-ms-gatewayversion": "version=2.14.0",
        "x-ms-ratelimit-remaining-subscription-reads": "11695",
        "x-ms-request-id": "475cf757-7cfe-4b8d-9378-4e3633d1f652",
        "x-ms-routing-request-id": "WESTCENTRALUS:20220922T065849Z:475cf757-7cfe-4b8d-9378-4e3633d1f652"
      },
      "ResponseBody": {
        "status": "Succeeded"
      }
    }
  ],
  "Variables": {
    "AZURE_AUTHORITY_HOST": null,
    "RandomSeed": "2045539904",
    "RESOURCE_MANAGER_URL": null,
    "SUBSCRIPTION_ID": "12053b8f-cab5-4f5c-9c1a-870580142abd"
  }
}
