{
  "Entries": [
    {
      "RequestUri": "https://management.azure.com/subscriptions/259fbb24-9bcd-4cfc-865c-fc33b22fe38a/resourcegroups/dbaccount-1968?api-version=**",
      "RequestMethod": "GET",
      "RequestHeaders": {
        "Accept": "application/json",
        "Authorization": "Sanitized",
        "traceparent": "00-a63ad218ef2b264b8ed3a15664fccc81-856c5c494d6fbd4a-00",
        "User-Agent": "azsdk-net-ResourceManager/1.4.0 (.NET Framework 4.8.4614.0; Microsoft Windows 10.0.19044 )",
        "x-ms-client-request-id": "7d2b6ab53d7f55ae80631e2c37cc8b00",
        "x-ms-return-client-request-id": "true"
      },
      "RequestBody": null,
      "StatusCode": 200,
      "ResponseHeaders": {
        "Cache-Control": "no-cache",
        "Content-Length": "226",
        "Content-Type": "application/json; charset=utf-8",
        "Date": "Thu, 23 Mar 2023 07:22:15 GMT",
        "Expires": "-1",
        "Pragma": "no-cache",
        "Strict-Transport-Security": "max-age=31536000; includeSubDomains",
        "X-Content-Type-Options": "nosniff",
        "x-ms-correlation-request-id": "55f1dafe-8431-4f93-9c5b-570f1c3342a1",
        "x-ms-ratelimit-remaining-subscription-reads": "11996",
        "x-ms-request-id": "55f1dafe-8431-4f93-9c5b-570f1c3342a1",
        "x-ms-routing-request-id": "EASTUS:20230323T072215Z:55f1dafe-8431-4f93-9c5b-570f1c3342a1"
      },
      "ResponseBody": {
        "id": "/subscriptions/259fbb24-9bcd-4cfc-865c-fc33b22fe38a/resourceGroups/dbaccount-1968",
        "name": "dbaccount-1968",
        "type": "Microsoft.Resources/resourceGroups",
        "location": "westus2",
        "properties": {
          "provisioningState": "Succeeded"
        }
      }
    },
    {
      "RequestUri": "https://management.azure.com/subscriptions/259fbb24-9bcd-4cfc-865c-fc33b22fe38a/resourceGroups/dbaccount-1968/providers/Microsoft.DocumentDB/databaseAccounts/dbaccount-8775?api-version=2022-11-15",
      "RequestMethod": "PUT",
      "RequestHeaders": {
        "Accept": "application/json",
        "Authorization": "Sanitized",
        "Content-Length": "588",
        "Content-Type": "application/json",
        "traceparent": "00-6bcd927e06eb5c47a619c851e6d5f6f0-e9f5e394aef2a443-00",
        "User-Agent": "azsdk-net-ResourceManager.CosmosDB/1.3.0-alpha.20230322.1 (.NET Framework 4.8.4614.0; Microsoft Windows 10.0.19044 )",
        "x-ms-client-request-id": "03fce7bfdaa9019c84cd48bb7d786d57",
        "x-ms-return-client-request-id": "true"
      },
      "RequestBody": {
        "kind": "MongoDB",
        "tags": {
          "key1": "value1",
          "key2": "value2"
        },
        "location": "westus2",
        "properties": {
          "consistencyPolicy": {
            "defaultConsistencyLevel": "BoundedStaleness",
            "maxStalenessPrefix": 300,
            "maxIntervalInSeconds": 1000
          },
          "locations": [
            {
              "locationName": "westus",
              "isZoneRedundant": false
            }
          ],
          "databaseAccountOfferType": "Standard",
          "ipRules": [
            {
              "ipAddressOrRange": "23.43.230.120"
            }
          ],
          "isVirtualNetworkFilterEnabled": true,
          "enableAutomaticFailover": false,
          "capabilities": [
            {
              "name": "EnableMongo"
            },
            {
              "name": "EnableMongoRoleBasedAccessControl"
            }
          ],
          "connectorOffer": "Small",
          "disableKeyBasedMetadataWriteAccess": false
        }
      },
      "StatusCode": 200,
      "ResponseHeaders": {
        "Azure-AsyncOperation": "https://management.azure.com/subscriptions/259fbb24-9bcd-4cfc-865c-fc33b22fe38a/providers/Microsoft.DocumentDB/locations/westus2/operationsStatus/a9b04149-1cbd-46bd-8d30-dd421d548c3a?api-version=2022-11-15",
        "Cache-Control": "no-store, no-cache",
        "Content-Length": "2427",
        "Content-Type": "application/json",
        "Date": "Thu, 23 Mar 2023 07:22:22 GMT",
        "Location": "https://management.azure.com/subscriptions/259fbb24-9bcd-4cfc-865c-fc33b22fe38a/resourceGroups/dbaccount-1968/providers/Microsoft.DocumentDB/databaseAccounts/dbaccount-8775/operationResults/a9b04149-1cbd-46bd-8d30-dd421d548c3a?api-version=2022-11-15",
        "Pragma": "no-cache",
        "Server": "Microsoft-HTTPAPI/2.0",
        "Strict-Transport-Security": "max-age=31536000; includeSubDomains",
        "X-Content-Type-Options": "nosniff",
        "x-ms-correlation-request-id": "1c6bb0ad-aa1b-4b3c-9518-bbd86883ade5",
        "x-ms-gatewayversion": "version=2.14.0",
        "x-ms-ratelimit-remaining-subscription-writes": "1199",
        "x-ms-request-id": "a9b04149-1cbd-46bd-8d30-dd421d548c3a",
        "x-ms-routing-request-id": "EASTUS:20230323T072223Z:1c6bb0ad-aa1b-4b3c-9518-bbd86883ade5"
      },
      "ResponseBody": {
        "id": "/subscriptions/259fbb24-9bcd-4cfc-865c-fc33b22fe38a/resourceGroups/dbaccount-1968/providers/Microsoft.DocumentDB/databaseAccounts/dbaccount-8775",
        "name": "dbaccount-8775",
        "location": "West US 2",
        "type": "Microsoft.DocumentDB/databaseAccounts",
        "kind": "MongoDB",
        "tags": {
          "key1": "value1",
          "key2": "value2"
        },
        "systemData": {
          "createdAt": "2023-03-23T07:22:19.8699379Z"
        },
        "properties": {
          "provisioningState": "Creating",
          "publicNetworkAccess": "Enabled",
          "enableAutomaticFailover": false,
          "enableMultipleWriteLocations": false,
          "enablePartitionKeyMonitor": false,
          "isVirtualNetworkFilterEnabled": true,
          "virtualNetworkRules": [],
          "EnabledApiTypes": "MongoDB",
          "disableKeyBasedMetadataWriteAccess": false,
          "enableFreeTier": false,
          "enableAnalyticalStorage": false,
          "analyticalStorageConfiguration": {
            "schemaType": "FullFidelity"
          },
          "instanceId": "b9cda252-d1a0-441f-bee9-6876e8bde93a",
          "databaseAccountOfferType": "Standard",
          "defaultIdentity": "",
          "networkAclBypass": "None",
          "disableLocalAuth": false,
          "enablePartitionMerge": false,
          "minimalTlsVersion": "Tls12",
          "consistencyPolicy": {
            "defaultConsistencyLevel": "BoundedStaleness",
            "maxIntervalInSeconds": 1000,
            "maxStalenessPrefix": 300
          },
          "apiProperties": {
            "serverVersion": "3.6"
          },
          "configurationOverrides": {},
          "writeLocations": [
            {
              "id": "dbaccount-8775-westus",
              "locationName": "West US",
              "provisioningState": "Creating",
              "failoverPriority": 0,
              "isZoneRedundant": false
            }
          ],
          "readLocations": [
            {
              "id": "dbaccount-8775-westus",
              "locationName": "West US",
              "provisioningState": "Creating",
              "failoverPriority": 0,
              "isZoneRedundant": false
            }
          ],
          "locations": [
            {
              "id": "dbaccount-8775-westus",
              "locationName": "West US",
              "provisioningState": "Creating",
              "failoverPriority": 0,
              "isZoneRedundant": false
            }
          ],
          "failoverPolicies": [
            {
              "id": "dbaccount-8775-westus",
              "locationName": "West US",
              "failoverPriority": 0
            }
          ],
          "cors": [],
          "capabilities": [
            {
              "name": "EnableMongo"
            },
            {
              "name": "EnableMongoRoleBasedAccessControl"
            }
          ],
          "ipRules": [
            {
              "ipAddressOrRange": "23.43.230.120"
            }
          ],
          "backupPolicy": {
            "type": "Periodic",
            "periodicModeProperties": {
              "backupIntervalInMinutes": 240,
              "backupRetentionIntervalInHours": 8,
              "backupStorageRedundancy": "Invalid"
            }
          },
          "networkAclBypassResourceIds": [],
          "keysMetadata": {
            "primaryMasterKey": {
              "generationTime": "2023-03-23T07:22:19.8699379Z"
            },
            "secondaryMasterKey": {
              "generationTime": "2023-03-23T07:22:19.8699379Z"
            },
            "primaryReadonlyMasterKey": {
              "generationTime": "2023-03-23T07:22:19.8699379Z"
            },
            "secondaryReadonlyMasterKey": {
              "generationTime": "2023-03-23T07:22:19.8699379Z"
            }
          }
        },
        "identity": {
          "type": "None"
        }
      }
    },
    {
      "RequestUri": "https://management.azure.com/subscriptions/259fbb24-9bcd-4cfc-865c-fc33b22fe38a/providers/Microsoft.DocumentDB/locations/westus2/operationsStatus/a9b04149-1cbd-46bd-8d30-dd421d548c3a?api-version=2022-11-15",
      "RequestMethod": "GET",
      "RequestHeaders": {
        "Authorization": "Sanitized",
        "traceparent": "00-6bcd927e06eb5c47a619c851e6d5f6f0-32991cb03c33144f-00",
        "User-Agent": "azsdk-net-ResourceManager/1.4.0 (.NET Framework 4.8.4614.0; Microsoft Windows 10.0.19044 )",
        "x-ms-client-request-id": "c394eff4bbe2900b8e7bfa70669903eb",
        "x-ms-return-client-request-id": "true"
      },
      "RequestBody": null,
      "StatusCode": 200,
      "ResponseHeaders": {
        "Cache-Control": "no-store, no-cache",
        "Content-Length": "21",
        "Content-Type": "application/json",
        "Date": "Thu, 23 Mar 2023 07:22:22 GMT",
        "Pragma": "no-cache",
        "Server": "Microsoft-HTTPAPI/2.0",
        "Strict-Transport-Security": "max-age=31536000; includeSubDomains",
        "X-Content-Type-Options": "nosniff",
        "x-ms-correlation-request-id": "441baf12-da68-4761-b314-b057991a2cd9",
        "x-ms-gatewayversion": "version=2.14.0",
        "x-ms-ratelimit-remaining-subscription-reads": "11995",
        "x-ms-request-id": "441baf12-da68-4761-b314-b057991a2cd9",
        "x-ms-routing-request-id": "EASTUS:20230323T072223Z:441baf12-da68-4761-b314-b057991a2cd9"
      },
      "ResponseBody": {
        "status": "Enqueued"
      }
    },
    {
      "RequestUri": "https://management.azure.com/subscriptions/259fbb24-9bcd-4cfc-865c-fc33b22fe38a/providers/Microsoft.DocumentDB/locations/westus2/operationsStatus/a9b04149-1cbd-46bd-8d30-dd421d548c3a?api-version=2022-11-15",
      "RequestMethod": "GET",
      "RequestHeaders": {
        "Authorization": "Sanitized",
        "traceparent": "00-6bcd927e06eb5c47a619c851e6d5f6f0-57e6d59f69225547-00",
        "User-Agent": "azsdk-net-ResourceManager/1.4.0 (.NET Framework 4.8.4614.0; Microsoft Windows 10.0.19044 )",
        "x-ms-client-request-id": "aeeed5b0ec5cd3e2228d19b4c04503ac",
        "x-ms-return-client-request-id": "true"
      },
      "RequestBody": null,
      "StatusCode": 200,
      "ResponseHeaders": {
        "Cache-Control": "no-store, no-cache",
        "Content-Length": "21",
        "Content-Type": "application/json",
        "Date": "Thu, 23 Mar 2023 07:22:24 GMT",
        "Pragma": "no-cache",
        "Server": "Microsoft-HTTPAPI/2.0",
        "Strict-Transport-Security": "max-age=31536000; includeSubDomains",
        "X-Content-Type-Options": "nosniff",
        "x-ms-correlation-request-id": "eac4eefc-9b20-4258-b899-0cc2dc213f9a",
        "x-ms-gatewayversion": "version=2.14.0",
        "x-ms-ratelimit-remaining-subscription-reads": "11994",
        "x-ms-request-id": "eac4eefc-9b20-4258-b899-0cc2dc213f9a",
        "x-ms-routing-request-id": "EASTUS:20230323T072224Z:eac4eefc-9b20-4258-b899-0cc2dc213f9a"
      },
      "ResponseBody": {
        "status": "Enqueued"
      }
    },
    {
      "RequestUri": "https://management.azure.com/subscriptions/259fbb24-9bcd-4cfc-865c-fc33b22fe38a/providers/Microsoft.DocumentDB/locations/westus2/operationsStatus/a9b04149-1cbd-46bd-8d30-dd421d548c3a?api-version=2022-11-15",
      "RequestMethod": "GET",
      "RequestHeaders": {
        "Authorization": "Sanitized",
        "traceparent": "00-6bcd927e06eb5c47a619c851e6d5f6f0-26540cf706de6c48-00",
        "User-Agent": "azsdk-net-ResourceManager/1.4.0 (.NET Framework 4.8.4614.0; Microsoft Windows 10.0.19044 )",
        "x-ms-client-request-id": "8dc7eaa7aae38d74129e85dff054074f",
        "x-ms-return-client-request-id": "true"
      },
      "RequestBody": null,
      "StatusCode": 200,
      "ResponseHeaders": {
        "Cache-Control": "no-store, no-cache",
        "Content-Length": "21",
        "Content-Type": "application/json",
        "Date": "Thu, 23 Mar 2023 07:22:25 GMT",
        "Pragma": "no-cache",
        "Server": "Microsoft-HTTPAPI/2.0",
        "Strict-Transport-Security": "max-age=31536000; includeSubDomains",
        "X-Content-Type-Options": "nosniff",
        "x-ms-correlation-request-id": "29fd8a07-da52-4d36-b38d-29aa0d111984",
        "x-ms-gatewayversion": "version=2.14.0",
        "x-ms-ratelimit-remaining-subscription-reads": "11993",
        "x-ms-request-id": "29fd8a07-da52-4d36-b38d-29aa0d111984",
        "x-ms-routing-request-id": "EASTUS:20230323T072225Z:29fd8a07-da52-4d36-b38d-29aa0d111984"
      },
      "ResponseBody": {
        "status": "Enqueued"
      }
    },
    {
      "RequestUri": "https://management.azure.com/subscriptions/259fbb24-9bcd-4cfc-865c-fc33b22fe38a/providers/Microsoft.DocumentDB/locations/westus2/operationsStatus/a9b04149-1cbd-46bd-8d30-dd421d548c3a?api-version=2022-11-15",
      "RequestMethod": "GET",
      "RequestHeaders": {
        "Authorization": "Sanitized",
        "traceparent": "00-6bcd927e06eb5c47a619c851e6d5f6f0-236b2fe357268c40-00",
        "User-Agent": "azsdk-net-ResourceManager/1.4.0 (.NET Framework 4.8.4614.0; Microsoft Windows 10.0.19044 )",
        "x-ms-client-request-id": "28a52df177e907010dc1a054a157cf49",
        "x-ms-return-client-request-id": "true"
      },
      "RequestBody": null,
      "StatusCode": 200,
      "ResponseHeaders": {
        "Cache-Control": "no-store, no-cache",
        "Content-Length": "21",
        "Content-Type": "application/json",
        "Date": "Thu, 23 Mar 2023 07:22:26 GMT",
        "Pragma": "no-cache",
        "Server": "Microsoft-HTTPAPI/2.0",
        "Strict-Transport-Security": "max-age=31536000; includeSubDomains",
        "X-Content-Type-Options": "nosniff",
        "x-ms-correlation-request-id": "89454269-d59b-4d8f-b975-7baa6232f61b",
        "x-ms-gatewayversion": "version=2.14.0",
        "x-ms-ratelimit-remaining-subscription-reads": "11992",
        "x-ms-request-id": "89454269-d59b-4d8f-b975-7baa6232f61b",
        "x-ms-routing-request-id": "EASTUS:20230323T072226Z:89454269-d59b-4d8f-b975-7baa6232f61b"
      },
      "ResponseBody": {
        "status": "Enqueued"
      }
    },
    {
      "RequestUri": "https://management.azure.com/subscriptions/259fbb24-9bcd-4cfc-865c-fc33b22fe38a/providers/Microsoft.DocumentDB/locations/westus2/operationsStatus/a9b04149-1cbd-46bd-8d30-dd421d548c3a?api-version=2022-11-15",
      "RequestMethod": "GET",
      "RequestHeaders": {
        "Authorization": "Sanitized",
        "traceparent": "00-6bcd927e06eb5c47a619c851e6d5f6f0-4e05020d34205f4b-00",
        "User-Agent": "azsdk-net-ResourceManager/1.4.0 (.NET Framework 4.8.4614.0; Microsoft Windows 10.0.19044 )",
        "x-ms-client-request-id": "7cc94e7775d2060860619cbe6703e3cd",
        "x-ms-return-client-request-id": "true"
      },
      "RequestBody": null,
      "StatusCode": 200,
      "ResponseHeaders": {
        "Cache-Control": "no-store, no-cache",
        "Content-Length": "21",
        "Content-Type": "application/json",
        "Date": "Thu, 23 Mar 2023 07:22:28 GMT",
        "Pragma": "no-cache",
        "Server": "Microsoft-HTTPAPI/2.0",
        "Strict-Transport-Security": "max-age=31536000; includeSubDomains",
        "X-Content-Type-Options": "nosniff",
        "x-ms-correlation-request-id": "0616399c-9e97-4d89-b10a-019befc710df",
        "x-ms-gatewayversion": "version=2.14.0",
        "x-ms-ratelimit-remaining-subscription-reads": "11991",
        "x-ms-request-id": "0616399c-9e97-4d89-b10a-019befc710df",
        "x-ms-routing-request-id": "EASTUS:20230323T072228Z:0616399c-9e97-4d89-b10a-019befc710df"
      },
      "ResponseBody": {
        "status": "Dequeued"
      }
    },
    {
      "RequestUri": "https://management.azure.com/subscriptions/259fbb24-9bcd-4cfc-865c-fc33b22fe38a/providers/Microsoft.DocumentDB/locations/westus2/operationsStatus/a9b04149-1cbd-46bd-8d30-dd421d548c3a?api-version=2022-11-15",
      "RequestMethod": "GET",
      "RequestHeaders": {
        "Authorization": "Sanitized",
        "traceparent": "00-6bcd927e06eb5c47a619c851e6d5f6f0-2a67c55b2cfe4d44-00",
        "User-Agent": "azsdk-net-ResourceManager/1.4.0 (.NET Framework 4.8.4614.0; Microsoft Windows 10.0.19044 )",
        "x-ms-client-request-id": "92c2ca86db9f30c2e8bf80220a1fecbb",
        "x-ms-return-client-request-id": "true"
      },
      "RequestBody": null,
      "StatusCode": 200,
      "ResponseHeaders": {
        "Cache-Control": "no-store, no-cache",
        "Content-Length": "21",
        "Content-Type": "application/json",
        "Date": "Thu, 23 Mar 2023 07:22:32 GMT",
        "Pragma": "no-cache",
        "Server": "Microsoft-HTTPAPI/2.0",
        "Strict-Transport-Security": "max-age=31536000; includeSubDomains",
        "X-Content-Type-Options": "nosniff",
        "x-ms-correlation-request-id": "7fb47338-f1fb-4ce1-a734-6363c325d546",
        "x-ms-gatewayversion": "version=2.14.0",
        "x-ms-ratelimit-remaining-subscription-reads": "11990",
        "x-ms-request-id": "7fb47338-f1fb-4ce1-a734-6363c325d546",
        "x-ms-routing-request-id": "EASTUS:20230323T072233Z:7fb47338-f1fb-4ce1-a734-6363c325d546"
      },
      "ResponseBody": {
        "status": "Dequeued"
      }
    },
    {
      "RequestUri": "https://management.azure.com/subscriptions/259fbb24-9bcd-4cfc-865c-fc33b22fe38a/providers/Microsoft.DocumentDB/locations/westus2/operationsStatus/a9b04149-1cbd-46bd-8d30-dd421d548c3a?api-version=2022-11-15",
      "RequestMethod": "GET",
      "RequestHeaders": {
        "Authorization": "Sanitized",
        "traceparent": "00-6bcd927e06eb5c47a619c851e6d5f6f0-8db97c682de8e842-00",
        "User-Agent": "azsdk-net-ResourceManager/1.4.0 (.NET Framework 4.8.4614.0; Microsoft Windows 10.0.19044 )",
        "x-ms-client-request-id": "a1673bce8b8b7c7d259fc788db439f09",
        "x-ms-return-client-request-id": "true"
      },
      "RequestBody": null,
      "StatusCode": 200,
      "ResponseHeaders": {
        "Cache-Control": "no-store, no-cache",
        "Content-Length": "21",
        "Content-Type": "application/json",
        "Date": "Thu, 23 Mar 2023 07:22:40 GMT",
        "Pragma": "no-cache",
        "Server": "Microsoft-HTTPAPI/2.0",
        "Strict-Transport-Security": "max-age=31536000; includeSubDomains",
        "X-Content-Type-Options": "nosniff",
        "x-ms-correlation-request-id": "da5b1a86-030d-4798-aaa4-b75a50016f63",
        "x-ms-gatewayversion": "version=2.14.0",
        "x-ms-ratelimit-remaining-subscription-reads": "11989",
        "x-ms-request-id": "da5b1a86-030d-4798-aaa4-b75a50016f63",
        "x-ms-routing-request-id": "EASTUS:20230323T072241Z:da5b1a86-030d-4798-aaa4-b75a50016f63"
      },
      "ResponseBody": {
        "status": "Dequeued"
      }
    },
    {
      "RequestUri": "https://management.azure.com/subscriptions/259fbb24-9bcd-4cfc-865c-fc33b22fe38a/providers/Microsoft.DocumentDB/locations/westus2/operationsStatus/a9b04149-1cbd-46bd-8d30-dd421d548c3a?api-version=2022-11-15",
      "RequestMethod": "GET",
      "RequestHeaders": {
        "Authorization": "Sanitized",
        "traceparent": "00-6bcd927e06eb5c47a619c851e6d5f6f0-b6c471d446254742-00",
        "User-Agent": "azsdk-net-ResourceManager/1.4.0 (.NET Framework 4.8.4614.0; Microsoft Windows 10.0.19044 )",
        "x-ms-client-request-id": "d6ced2de3c949ca98c999413f4e6fc41",
        "x-ms-return-client-request-id": "true"
      },
      "RequestBody": null,
      "StatusCode": 200,
      "ResponseHeaders": {
        "Cache-Control": "no-store, no-cache",
        "Content-Length": "21",
        "Content-Type": "application/json",
        "Date": "Thu, 23 Mar 2023 07:22:56 GMT",
        "Pragma": "no-cache",
        "Server": "Microsoft-HTTPAPI/2.0",
        "Strict-Transport-Security": "max-age=31536000; includeSubDomains",
        "X-Content-Type-Options": "nosniff",
        "x-ms-correlation-request-id": "5d65c416-3b61-4811-babd-73beb206b5c6",
        "x-ms-gatewayversion": "version=2.14.0",
        "x-ms-ratelimit-remaining-subscription-reads": "11988",
        "x-ms-request-id": "5d65c416-3b61-4811-babd-73beb206b5c6",
        "x-ms-routing-request-id": "EASTUS:20230323T072257Z:5d65c416-3b61-4811-babd-73beb206b5c6"
      },
      "ResponseBody": {
        "status": "Dequeued"
      }
    },
    {
      "RequestUri": "https://management.azure.com/subscriptions/259fbb24-9bcd-4cfc-865c-fc33b22fe38a/providers/Microsoft.DocumentDB/locations/westus2/operationsStatus/a9b04149-1cbd-46bd-8d30-dd421d548c3a?api-version=2022-11-15",
      "RequestMethod": "GET",
      "RequestHeaders": {
        "Authorization": "Sanitized",
        "traceparent": "00-6bcd927e06eb5c47a619c851e6d5f6f0-c07bac14aa1dec4c-00",
        "User-Agent": "azsdk-net-ResourceManager/1.4.0 (.NET Framework 4.8.4614.0; Microsoft Windows 10.0.19044 )",
        "x-ms-client-request-id": "2cefe174419bfa424c466d00133a54a4",
        "x-ms-return-client-request-id": "true"
      },
      "RequestBody": null,
      "StatusCode": 200,
      "ResponseHeaders": {
        "Cache-Control": "no-store, no-cache",
        "Content-Length": "21",
        "Content-Type": "application/json",
        "Date": "Thu, 23 Mar 2023 07:23:29 GMT",
        "Pragma": "no-cache",
        "Server": "Microsoft-HTTPAPI/2.0",
        "Strict-Transport-Security": "max-age=31536000; includeSubDomains",
        "X-Content-Type-Options": "nosniff",
        "x-ms-correlation-request-id": "db5ad236-d070-4cac-a3d0-06923f7a954b",
        "x-ms-gatewayversion": "version=2.14.0",
        "x-ms-ratelimit-remaining-subscription-reads": "11987",
        "x-ms-request-id": "db5ad236-d070-4cac-a3d0-06923f7a954b",
        "x-ms-routing-request-id": "EASTUS:20230323T072329Z:db5ad236-d070-4cac-a3d0-06923f7a954b"
      },
      "ResponseBody": {
        "status": "Dequeued"
      }
    },
    {
      "RequestUri": "https://management.azure.com/subscriptions/259fbb24-9bcd-4cfc-865c-fc33b22fe38a/providers/Microsoft.DocumentDB/locations/westus2/operationsStatus/a9b04149-1cbd-46bd-8d30-dd421d548c3a?api-version=2022-11-15",
      "RequestMethod": "GET",
      "RequestHeaders": {
        "Authorization": "Sanitized",
        "traceparent": "00-6bcd927e06eb5c47a619c851e6d5f6f0-c0ffd563f34e4a4b-00",
        "User-Agent": "azsdk-net-ResourceManager/1.4.0 (.NET Framework 4.8.4614.0; Microsoft Windows 10.0.19044 )",
        "x-ms-client-request-id": "3744761f1551922692cb15f2f76a873f",
        "x-ms-return-client-request-id": "true"
      },
      "RequestBody": null,
      "StatusCode": 200,
      "ResponseHeaders": {
        "Cache-Control": "no-store, no-cache",
        "Content-Length": "21",
        "Content-Type": "application/json",
        "Date": "Thu, 23 Mar 2023 07:24:01 GMT",
        "Pragma": "no-cache",
        "Server": "Microsoft-HTTPAPI/2.0",
        "Strict-Transport-Security": "max-age=31536000; includeSubDomains",
        "X-Content-Type-Options": "nosniff",
        "x-ms-correlation-request-id": "31994197-b584-49d8-8902-eadf9ee2a1e8",
        "x-ms-gatewayversion": "version=2.14.0",
        "x-ms-ratelimit-remaining-subscription-reads": "11986",
        "x-ms-request-id": "31994197-b584-49d8-8902-eadf9ee2a1e8",
        "x-ms-routing-request-id": "EASTUS:20230323T072401Z:31994197-b584-49d8-8902-eadf9ee2a1e8"
      },
      "ResponseBody": {
        "status": "Dequeued"
      }
    },
    {
      "RequestUri": "https://management.azure.com/subscriptions/259fbb24-9bcd-4cfc-865c-fc33b22fe38a/providers/Microsoft.DocumentDB/locations/westus2/operationsStatus/a9b04149-1cbd-46bd-8d30-dd421d548c3a?api-version=2022-11-15",
      "RequestMethod": "GET",
      "RequestHeaders": {
        "Authorization": "Sanitized",
        "traceparent": "00-6bcd927e06eb5c47a619c851e6d5f6f0-0fd2a09fd3b0ab4f-00",
        "User-Agent": "azsdk-net-ResourceManager/1.4.0 (.NET Framework 4.8.4614.0; Microsoft Windows 10.0.19044 )",
        "x-ms-client-request-id": "fa1386a373549c6e8fd48a4ecfa88851",
        "x-ms-return-client-request-id": "true"
      },
      "RequestBody": null,
      "StatusCode": 200,
      "ResponseHeaders": {
        "Cache-Control": "no-store, no-cache",
        "Content-Length": "21",
        "Content-Type": "application/json",
        "Date": "Thu, 23 Mar 2023 07:24:33 GMT",
        "Pragma": "no-cache",
        "Server": "Microsoft-HTTPAPI/2.0",
        "Strict-Transport-Security": "max-age=31536000; includeSubDomains",
        "X-Content-Type-Options": "nosniff",
        "x-ms-correlation-request-id": "231c31e0-b9d6-4bb0-80bd-d5ecd2c7bd66",
        "x-ms-gatewayversion": "version=2.14.0",
        "x-ms-ratelimit-remaining-subscription-reads": "11985",
        "x-ms-request-id": "231c31e0-b9d6-4bb0-80bd-d5ecd2c7bd66",
        "x-ms-routing-request-id": "EASTUS:20230323T072433Z:231c31e0-b9d6-4bb0-80bd-d5ecd2c7bd66"
      },
      "ResponseBody": {
        "status": "Dequeued"
      }
    },
    {
      "RequestUri": "https://management.azure.com/subscriptions/259fbb24-9bcd-4cfc-865c-fc33b22fe38a/providers/Microsoft.DocumentDB/locations/westus2/operationsStatus/a9b04149-1cbd-46bd-8d30-dd421d548c3a?api-version=2022-11-15",
      "RequestMethod": "GET",
      "RequestHeaders": {
        "Authorization": "Sanitized",
        "traceparent": "00-6bcd927e06eb5c47a619c851e6d5f6f0-5e8fd6ec231dad4c-00",
        "User-Agent": "azsdk-net-ResourceManager/1.4.0 (.NET Framework 4.8.4614.0; Microsoft Windows 10.0.19044 )",
        "x-ms-client-request-id": "7df3ef44c4a25ff0ba5d99d02b5002e2",
        "x-ms-return-client-request-id": "true"
      },
      "RequestBody": null,
      "StatusCode": 200,
      "ResponseHeaders": {
        "Cache-Control": "no-store, no-cache",
        "Content-Length": "21",
        "Content-Type": "application/json",
        "Date": "Thu, 23 Mar 2023 07:25:05 GMT",
        "Pragma": "no-cache",
        "Server": "Microsoft-HTTPAPI/2.0",
        "Strict-Transport-Security": "max-age=31536000; includeSubDomains",
        "X-Content-Type-Options": "nosniff",
        "x-ms-correlation-request-id": "ff64dc3f-2bd0-4cd1-b975-ea1dfd09da79",
        "x-ms-gatewayversion": "version=2.14.0",
        "x-ms-ratelimit-remaining-subscription-reads": "11984",
        "x-ms-request-id": "ff64dc3f-2bd0-4cd1-b975-ea1dfd09da79",
        "x-ms-routing-request-id": "EASTUS:20230323T072505Z:ff64dc3f-2bd0-4cd1-b975-ea1dfd09da79"
      },
      "ResponseBody": {
        "status": "Dequeued"
      }
    },
    {
      "RequestUri": "https://management.azure.com/subscriptions/259fbb24-9bcd-4cfc-865c-fc33b22fe38a/providers/Microsoft.DocumentDB/locations/westus2/operationsStatus/a9b04149-1cbd-46bd-8d30-dd421d548c3a?api-version=2022-11-15",
      "RequestMethod": "GET",
      "RequestHeaders": {
        "Authorization": "Sanitized",
        "traceparent": "00-6bcd927e06eb5c47a619c851e6d5f6f0-c0ed5dbfba57b24c-00",
        "User-Agent": "azsdk-net-ResourceManager/1.4.0 (.NET Framework 4.8.4614.0; Microsoft Windows 10.0.19044 )",
        "x-ms-client-request-id": "8d5c2dbf5a26ab4f08a7a77c8bd8c2e9",
        "x-ms-return-client-request-id": "true"
      },
      "RequestBody": null,
      "StatusCode": 200,
      "ResponseHeaders": {
        "Cache-Control": "no-store, no-cache",
        "Content-Length": "21",
        "Content-Type": "application/json",
        "Date": "Thu, 23 Mar 2023 07:25:36 GMT",
        "Pragma": "no-cache",
        "Server": "Microsoft-HTTPAPI/2.0",
        "Strict-Transport-Security": "max-age=31536000; includeSubDomains",
        "X-Content-Type-Options": "nosniff",
        "x-ms-correlation-request-id": "2fa5e297-4c42-4f0b-9b5e-562dfae8b9a1",
        "x-ms-gatewayversion": "version=2.14.0",
        "x-ms-ratelimit-remaining-subscription-reads": "11983",
        "x-ms-request-id": "2fa5e297-4c42-4f0b-9b5e-562dfae8b9a1",
        "x-ms-routing-request-id": "EASTUS:20230323T072537Z:2fa5e297-4c42-4f0b-9b5e-562dfae8b9a1"
      },
      "ResponseBody": {
        "status": "Dequeued"
      }
    },
    {
      "RequestUri": "https://management.azure.com/subscriptions/259fbb24-9bcd-4cfc-865c-fc33b22fe38a/providers/Microsoft.DocumentDB/locations/westus2/operationsStatus/a9b04149-1cbd-46bd-8d30-dd421d548c3a?api-version=2022-11-15",
      "RequestMethod": "GET",
      "RequestHeaders": {
        "Authorization": "Sanitized",
        "traceparent": "00-6bcd927e06eb5c47a619c851e6d5f6f0-ee3d785253041d4b-00",
        "User-Agent": "azsdk-net-ResourceManager/1.4.0 (.NET Framework 4.8.4614.0; Microsoft Windows 10.0.19044 )",
        "x-ms-client-request-id": "07aec3430976de9d96b43ff7da9d703f",
        "x-ms-return-client-request-id": "true"
      },
      "RequestBody": null,
      "StatusCode": 200,
      "ResponseHeaders": {
        "Cache-Control": "no-store, no-cache",
        "Content-Length": "21",
        "Content-Type": "application/json",
        "Date": "Thu, 23 Mar 2023 07:26:09 GMT",
        "Pragma": "no-cache",
        "Server": "Microsoft-HTTPAPI/2.0",
        "Strict-Transport-Security": "max-age=31536000; includeSubDomains",
        "X-Content-Type-Options": "nosniff",
        "x-ms-correlation-request-id": "b01254c4-d138-4294-8cdc-f38f303fc045",
        "x-ms-gatewayversion": "version=2.14.0",
        "x-ms-ratelimit-remaining-subscription-reads": "11982",
        "x-ms-request-id": "b01254c4-d138-4294-8cdc-f38f303fc045",
        "x-ms-routing-request-id": "EASTUS:20230323T072610Z:b01254c4-d138-4294-8cdc-f38f303fc045"
      },
      "ResponseBody": {
        "status": "Dequeued"
      }
    },
    {
      "RequestUri": "https://management.azure.com/subscriptions/259fbb24-9bcd-4cfc-865c-fc33b22fe38a/providers/Microsoft.DocumentDB/locations/westus2/operationsStatus/a9b04149-1cbd-46bd-8d30-dd421d548c3a?api-version=2022-11-15",
      "RequestMethod": "GET",
      "RequestHeaders": {
        "Authorization": "Sanitized",
        "Connection": "close",
        "traceparent": "00-6bcd927e06eb5c47a619c851e6d5f6f0-e5e2a2e2ad737f4e-00",
        "User-Agent": "azsdk-net-ResourceManager/1.4.0 (.NET Framework 4.8.4614.0; Microsoft Windows 10.0.19044 )",
        "x-ms-client-request-id": "a18ea7d1fb4ce92b9f4774fa1d73d3e1",
        "x-ms-return-client-request-id": "true"
      },
      "RequestBody": null,
      "StatusCode": 200,
      "ResponseHeaders": {
        "Cache-Control": "no-store, no-cache",
        "Connection": "close",
        "Content-Length": "21",
        "Content-Type": "application/json",
        "Date": "Thu, 23 Mar 2023 07:26:41 GMT",
        "Pragma": "no-cache",
        "Server": "Microsoft-HTTPAPI/2.0",
        "Strict-Transport-Security": "max-age=31536000; includeSubDomains",
        "X-Content-Type-Options": "nosniff",
        "x-ms-correlation-request-id": "ed1a3a39-812a-4902-a9c2-2c38642cd603",
        "x-ms-gatewayversion": "version=2.14.0",
        "x-ms-ratelimit-remaining-subscription-reads": "11981",
        "x-ms-request-id": "ed1a3a39-812a-4902-a9c2-2c38642cd603",
        "x-ms-routing-request-id": "EASTUS:20230323T072642Z:ed1a3a39-812a-4902-a9c2-2c38642cd603"
      },
      "ResponseBody": {
        "status": "Dequeued"
      }
    },
    {
      "RequestUri": "https://management.azure.com/subscriptions/259fbb24-9bcd-4cfc-865c-fc33b22fe38a/providers/Microsoft.DocumentDB/locations/westus2/operationsStatus/a9b04149-1cbd-46bd-8d30-dd421d548c3a?api-version=2022-11-15",
      "RequestMethod": "GET",
      "RequestHeaders": {
        "Authorization": "Sanitized",
        "traceparent": "00-6bcd927e06eb5c47a619c851e6d5f6f0-58e0ad376c2e1449-00",
        "User-Agent": "azsdk-net-ResourceManager/1.4.0 (.NET Framework 4.8.4614.0; Microsoft Windows 10.0.19044 )",
        "x-ms-client-request-id": "688daf9afaa2b56c907df7721b58d16b",
        "x-ms-return-client-request-id": "true"
      },
      "RequestBody": null,
      "StatusCode": 200,
      "ResponseHeaders": {
        "Cache-Control": "no-store, no-cache",
        "Content-Length": "22",
        "Content-Type": "application/json",
        "Date": "Thu, 23 Mar 2023 07:27:14 GMT",
        "Pragma": "no-cache",
        "Server": "Microsoft-HTTPAPI/2.0",
        "Strict-Transport-Security": "max-age=31536000; includeSubDomains",
        "X-Content-Type-Options": "nosniff",
        "x-ms-correlation-request-id": "b87e06ac-4014-4419-95f8-f8f239191140",
        "x-ms-gatewayversion": "version=2.14.0",
        "x-ms-ratelimit-remaining-subscription-reads": "11999",
        "x-ms-request-id": "b87e06ac-4014-4419-95f8-f8f239191140",
        "x-ms-routing-request-id": "EASTUS:20230323T072714Z:b87e06ac-4014-4419-95f8-f8f239191140"
      },
      "ResponseBody": {
        "status": "Succeeded"
      }
    },
    {
      "RequestUri": "https://management.azure.com/subscriptions/259fbb24-9bcd-4cfc-865c-fc33b22fe38a/resourceGroups/dbaccount-1968/providers/Microsoft.DocumentDB/databaseAccounts/dbaccount-8775?api-version=2022-11-15",
      "RequestMethod": "GET",
      "RequestHeaders": {
        "Authorization": "Sanitized",
        "traceparent": "00-6bcd927e06eb5c47a619c851e6d5f6f0-3a3ab52f98ef4c42-00",
        "User-Agent": "azsdk-net-ResourceManager/1.4.0 (.NET Framework 4.8.4614.0; Microsoft Windows 10.0.19044 )",
        "x-ms-client-request-id": "e4ab67362149489d98c4682e94a2c122",
        "x-ms-return-client-request-id": "true"
      },
      "RequestBody": null,
      "StatusCode": 200,
      "ResponseHeaders": {
        "Cache-Control": "no-store, no-cache",
        "Content-Length": "2900",
        "Content-Type": "application/json",
        "Date": "Thu, 23 Mar 2023 07:27:14 GMT",
        "Pragma": "no-cache",
        "Server": "Microsoft-HTTPAPI/2.0",
        "Strict-Transport-Security": "max-age=31536000; includeSubDomains",
        "X-Content-Type-Options": "nosniff",
        "x-ms-correlation-request-id": "3fd15a49-b835-4e9e-84a5-e16c969c7484",
        "x-ms-gatewayversion": "version=2.14.0",
        "x-ms-ratelimit-remaining-subscription-reads": "11998",
        "x-ms-request-id": "3fd15a49-b835-4e9e-84a5-e16c969c7484",
        "x-ms-routing-request-id": "EASTUS:20230323T072714Z:3fd15a49-b835-4e9e-84a5-e16c969c7484"
      },
      "ResponseBody": {
        "id": "/subscriptions/259fbb24-9bcd-4cfc-865c-fc33b22fe38a/resourceGroups/dbaccount-1968/providers/Microsoft.DocumentDB/databaseAccounts/dbaccount-8775",
        "name": "dbaccount-8775",
        "location": "West US 2",
        "type": "Microsoft.DocumentDB/databaseAccounts",
        "kind": "MongoDB",
        "tags": {
          "key1": "value1",
          "key2": "value2"
        },
        "systemData": {
          "createdAt": "2023-03-23T07:26:40.7472183Z"
        },
        "properties": {
          "provisioningState": "Succeeded",
          "documentEndpoint": "https://dbaccount-8775.documents.azure.com:443/",
          "sqlEndpoint": "https://dbaccount-8775.documents.azure.com:443/",
          "mongoEndpoint": "https://dbaccount-8775.mongo.cosmos.azure.com:443/",
          "publicNetworkAccess": "Enabled",
          "enableAutomaticFailover": false,
          "enableMultipleWriteLocations": false,
          "enablePartitionKeyMonitor": false,
          "isVirtualNetworkFilterEnabled": true,
          "virtualNetworkRules": [],
          "EnabledApiTypes": "MongoDB",
          "disableKeyBasedMetadataWriteAccess": false,
          "enableFreeTier": false,
          "enableAnalyticalStorage": false,
          "analyticalStorageConfiguration": {
            "schemaType": "FullFidelity"
          },
          "instanceId": "b9cda252-d1a0-441f-bee9-6876e8bde93a",
          "databaseAccountOfferType": "Standard",
          "defaultIdentity": "FirstPartyIdentity",
          "networkAclBypass": "None",
          "disableLocalAuth": false,
          "enablePartitionMerge": false,
          "minimalTlsVersion": "Tls12",
          "consistencyPolicy": {
            "defaultConsistencyLevel": "BoundedStaleness",
            "maxIntervalInSeconds": 1000,
            "maxStalenessPrefix": 300
          },
          "apiProperties": {
            "serverVersion": "3.6"
          },
          "configurationOverrides": {
            "EnableBsonSchema": "True"
          },
          "writeLocations": [
            {
              "id": "dbaccount-8775-westus",
              "locationName": "West US",
              "documentEndpoint": "https://dbaccount-8775-westus.documents.azure.com:443/",
              "provisioningState": "Succeeded",
              "failoverPriority": 0,
              "isZoneRedundant": false
            }
          ],
          "readLocations": [
            {
              "id": "dbaccount-8775-westus",
              "locationName": "West US",
              "documentEndpoint": "https://dbaccount-8775-westus.documents.azure.com:443/",
              "provisioningState": "Succeeded",
              "failoverPriority": 0,
              "isZoneRedundant": false
            }
          ],
          "locations": [
            {
              "id": "dbaccount-8775-westus",
              "locationName": "West US",
              "documentEndpoint": "https://dbaccount-8775-westus.documents.azure.com:443/",
              "provisioningState": "Succeeded",
              "failoverPriority": 0,
              "isZoneRedundant": false
            }
          ],
          "failoverPolicies": [
            {
              "id": "dbaccount-8775-westus",
              "locationName": "West US",
              "failoverPriority": 0
            }
          ],
          "cors": [],
          "capabilities": [
            {
              "name": "EnableMongo"
            },
            {
              "name": "EnableMongoRoleBasedAccessControl"
            }
          ],
          "ipRules": [
            {
              "ipAddressOrRange": "23.43.230.120"
            }
          ],
          "backupPolicy": {
            "type": "Periodic",
            "periodicModeProperties": {
              "backupIntervalInMinutes": 240,
              "backupRetentionIntervalInHours": 8,
              "backupStorageRedundancy": "Geo"
            }
          },
          "networkAclBypassResourceIds": [],
          "keysMetadata": {
            "primaryMasterKey": {
              "generationTime": "2023-03-23T07:26:40.7472183Z"
            },
            "secondaryMasterKey": {
              "generationTime": "2023-03-23T07:26:40.7472183Z"
            },
            "primaryReadonlyMasterKey": {
              "generationTime": "2023-03-23T07:26:40.7472183Z"
            },
            "secondaryReadonlyMasterKey": {
              "generationTime": "2023-03-23T07:26:40.7472183Z"
            }
          }
        },
        "identity": {
          "type": "None"
        }
      }
    },
    {
      "RequestUri": "https://management.azure.com/subscriptions/259fbb24-9bcd-4cfc-865c-fc33b22fe38a/resourceGroups/dbaccount-1968/providers/Microsoft.DocumentDB/databaseAccounts/dbaccount-8775/mongodbDatabases/mongodb-9938?api-version=2022-11-15",
      "RequestMethod": "PUT",
      "RequestHeaders": {
        "Accept": "application/json",
        "Authorization": "Sanitized",
        "Content-Length": "108",
        "Content-Type": "application/json",
        "traceparent": "00-73beb9fdd8d79640b1ea8ce8d2228854-188308065624fb47-00",
        "User-Agent": "azsdk-net-ResourceManager.CosmosDB/1.3.0-alpha.20230322.1 (.NET Framework 4.8.4614.0; Microsoft Windows 10.0.19044 )",
        "x-ms-client-request-id": "2a5c5de00810d69d3bd910ce03b8ce46",
        "x-ms-return-client-request-id": "true"
      },
      "RequestBody": {
        "tags": {},
        "location": "westus",
        "properties": {
          "resource": {
            "id": "mongodb-9938"
          },
          "options": {
            "throughput": 700
          }
        }
      },
      "StatusCode": 202,
      "ResponseHeaders": {
        "Azure-AsyncOperation": "https://management.azure.com/subscriptions/259fbb24-9bcd-4cfc-865c-fc33b22fe38a/providers/Microsoft.DocumentDB/locations/westus2/operationsStatus/d05ebf43-02d7-4c25-bb9e-1171527eea16?api-version=2022-11-15",
        "Cache-Control": "no-store, no-cache",
        "Content-Length": "21",
        "Content-Type": "application/json",
        "Date": "Thu, 23 Mar 2023 07:27:15 GMT",
        "Location": "https://management.azure.com/subscriptions/259fbb24-9bcd-4cfc-865c-fc33b22fe38a/resourceGroups/dbaccount-1968/providers/Microsoft.DocumentDB/databaseAccounts/dbaccount-8775/mongodbDatabases/mongodb-9938/operationResults/d05ebf43-02d7-4c25-bb9e-1171527eea16?api-version=2022-11-15",
        "Pragma": "no-cache",
        "Server": "Microsoft-HTTPAPI/2.0",
        "Strict-Transport-Security": "max-age=31536000; includeSubDomains",
        "X-Content-Type-Options": "nosniff",
        "x-ms-correlation-request-id": "8a9c934b-100e-4ac6-a26f-77622579f457",
        "x-ms-gatewayversion": "version=2.14.0",
        "x-ms-ratelimit-remaining-subscription-writes": "1199",
        "x-ms-request-id": "d05ebf43-02d7-4c25-bb9e-1171527eea16",
        "x-ms-routing-request-id": "EASTUS:20230323T072715Z:8a9c934b-100e-4ac6-a26f-77622579f457"
      },
      "ResponseBody": {
        "status": "Enqueued"
      }
    },
    {
      "RequestUri": "https://management.azure.com/subscriptions/259fbb24-9bcd-4cfc-865c-fc33b22fe38a/providers/Microsoft.DocumentDB/locations/westus2/operationsStatus/d05ebf43-02d7-4c25-bb9e-1171527eea16?api-version=2022-11-15",
      "RequestMethod": "GET",
      "RequestHeaders": {
        "Authorization": "Sanitized",
        "traceparent": "00-73beb9fdd8d79640b1ea8ce8d2228854-b030121712c7764e-00",
        "User-Agent": "azsdk-net-ResourceManager/1.4.0 (.NET Framework 4.8.4614.0; Microsoft Windows 10.0.19044 )",
        "x-ms-client-request-id": "bd91d4bca7fc2e5acad4a87010cf44df",
        "x-ms-return-client-request-id": "true"
      },
      "RequestBody": null,
      "StatusCode": 200,
      "ResponseHeaders": {
        "Cache-Control": "no-store, no-cache",
        "Content-Length": "21",
        "Content-Type": "application/json",
        "Date": "Thu, 23 Mar 2023 07:27:15 GMT",
        "Pragma": "no-cache",
        "Server": "Microsoft-HTTPAPI/2.0",
        "Strict-Transport-Security": "max-age=31536000; includeSubDomains",
        "X-Content-Type-Options": "nosniff",
        "x-ms-correlation-request-id": "14a7ea94-089e-4066-a4d3-c274c51fc0bd",
        "x-ms-gatewayversion": "version=2.14.0",
        "x-ms-ratelimit-remaining-subscription-reads": "11997",
        "x-ms-request-id": "14a7ea94-089e-4066-a4d3-c274c51fc0bd",
        "x-ms-routing-request-id": "EASTUS:20230323T072715Z:14a7ea94-089e-4066-a4d3-c274c51fc0bd"
      },
      "ResponseBody": {
        "status": "Enqueued"
      }
    },
    {
      "RequestUri": "https://management.azure.com/subscriptions/259fbb24-9bcd-4cfc-865c-fc33b22fe38a/providers/Microsoft.DocumentDB/locations/westus2/operationsStatus/d05ebf43-02d7-4c25-bb9e-1171527eea16?api-version=2022-11-15",
      "RequestMethod": "GET",
      "RequestHeaders": {
        "Authorization": "Sanitized",
        "traceparent": "00-73beb9fdd8d79640b1ea8ce8d2228854-9fc6bef8c48eb54b-00",
        "User-Agent": "azsdk-net-ResourceManager/1.4.0 (.NET Framework 4.8.4614.0; Microsoft Windows 10.0.19044 )",
        "x-ms-client-request-id": "8bb921f60cdef15ac5e317cb39bf43fe",
        "x-ms-return-client-request-id": "true"
      },
      "RequestBody": null,
      "StatusCode": 200,
      "ResponseHeaders": {
        "Cache-Control": "no-store, no-cache",
        "Content-Length": "21",
        "Content-Type": "application/json",
        "Date": "Thu, 23 Mar 2023 07:27:16 GMT",
        "Pragma": "no-cache",
        "Server": "Microsoft-HTTPAPI/2.0",
        "Strict-Transport-Security": "max-age=31536000; includeSubDomains",
        "X-Content-Type-Options": "nosniff",
        "x-ms-correlation-request-id": "172e167a-acaf-48e2-bc29-b8e7b3e0a2bf",
        "x-ms-gatewayversion": "version=2.14.0",
        "x-ms-ratelimit-remaining-subscription-reads": "11996",
        "x-ms-request-id": "172e167a-acaf-48e2-bc29-b8e7b3e0a2bf",
        "x-ms-routing-request-id": "EASTUS:20230323T072716Z:172e167a-acaf-48e2-bc29-b8e7b3e0a2bf"
      },
      "ResponseBody": {
        "status": "Enqueued"
      }
    },
    {
      "RequestUri": "https://management.azure.com/subscriptions/259fbb24-9bcd-4cfc-865c-fc33b22fe38a/providers/Microsoft.DocumentDB/locations/westus2/operationsStatus/d05ebf43-02d7-4c25-bb9e-1171527eea16?api-version=2022-11-15",
      "RequestMethod": "GET",
      "RequestHeaders": {
        "Authorization": "Sanitized",
        "traceparent": "00-73beb9fdd8d79640b1ea8ce8d2228854-e134753185792548-00",
        "User-Agent": "azsdk-net-ResourceManager/1.4.0 (.NET Framework 4.8.4614.0; Microsoft Windows 10.0.19044 )",
        "x-ms-client-request-id": "2f1122b91127ce4aaf95eaf346286842",
        "x-ms-return-client-request-id": "true"
      },
      "RequestBody": null,
      "StatusCode": 200,
      "ResponseHeaders": {
        "Cache-Control": "no-store, no-cache",
        "Content-Length": "21",
        "Content-Type": "application/json",
        "Date": "Thu, 23 Mar 2023 07:27:17 GMT",
        "Pragma": "no-cache",
        "Server": "Microsoft-HTTPAPI/2.0",
        "Strict-Transport-Security": "max-age=31536000; includeSubDomains",
        "X-Content-Type-Options": "nosniff",
        "x-ms-correlation-request-id": "b1cccd17-caff-405a-995b-1ade47352326",
        "x-ms-gatewayversion": "version=2.14.0",
        "x-ms-ratelimit-remaining-subscription-reads": "11995",
        "x-ms-request-id": "b1cccd17-caff-405a-995b-1ade47352326",
        "x-ms-routing-request-id": "EASTUS:20230323T072717Z:b1cccd17-caff-405a-995b-1ade47352326"
      },
      "ResponseBody": {
        "status": "Enqueued"
      }
    },
    {
      "RequestUri": "https://management.azure.com/subscriptions/259fbb24-9bcd-4cfc-865c-fc33b22fe38a/providers/Microsoft.DocumentDB/locations/westus2/operationsStatus/d05ebf43-02d7-4c25-bb9e-1171527eea16?api-version=2022-11-15",
      "RequestMethod": "GET",
      "RequestHeaders": {
        "Authorization": "Sanitized",
        "traceparent": "00-73beb9fdd8d79640b1ea8ce8d2228854-7e2a5a3b8b0fb244-00",
        "User-Agent": "azsdk-net-ResourceManager/1.4.0 (.NET Framework 4.8.4614.0; Microsoft Windows 10.0.19044 )",
        "x-ms-client-request-id": "71e7ef009584b00f799ff7188f8ef50b",
        "x-ms-return-client-request-id": "true"
      },
      "RequestBody": null,
      "StatusCode": 200,
      "ResponseHeaders": {
        "Cache-Control": "no-store, no-cache",
        "Content-Length": "21",
        "Content-Type": "application/json",
        "Date": "Thu, 23 Mar 2023 07:27:18 GMT",
        "Pragma": "no-cache",
        "Server": "Microsoft-HTTPAPI/2.0",
        "Strict-Transport-Security": "max-age=31536000; includeSubDomains",
        "X-Content-Type-Options": "nosniff",
        "x-ms-correlation-request-id": "40ed59a1-4512-4c9b-b3f0-a884953e633a",
        "x-ms-gatewayversion": "version=2.14.0",
        "x-ms-ratelimit-remaining-subscription-reads": "11994",
        "x-ms-request-id": "40ed59a1-4512-4c9b-b3f0-a884953e633a",
        "x-ms-routing-request-id": "EASTUS:20230323T072718Z:40ed59a1-4512-4c9b-b3f0-a884953e633a"
      },
      "ResponseBody": {
        "status": "Enqueued"
      }
    },
    {
      "RequestUri": "https://management.azure.com/subscriptions/259fbb24-9bcd-4cfc-865c-fc33b22fe38a/providers/Microsoft.DocumentDB/locations/westus2/operationsStatus/d05ebf43-02d7-4c25-bb9e-1171527eea16?api-version=2022-11-15",
      "RequestMethod": "GET",
      "RequestHeaders": {
        "Authorization": "Sanitized",
        "traceparent": "00-73beb9fdd8d79640b1ea8ce8d2228854-30b563a6f36d9141-00",
        "User-Agent": "azsdk-net-ResourceManager/1.4.0 (.NET Framework 4.8.4614.0; Microsoft Windows 10.0.19044 )",
        "x-ms-client-request-id": "edb7aa9014bde4b7d6eadb492166ab9d",
        "x-ms-return-client-request-id": "true"
      },
      "RequestBody": null,
      "StatusCode": 200,
      "ResponseHeaders": {
        "Cache-Control": "no-store, no-cache",
        "Content-Length": "21",
        "Content-Type": "application/json",
        "Date": "Thu, 23 Mar 2023 07:27:21 GMT",
        "Pragma": "no-cache",
        "Server": "Microsoft-HTTPAPI/2.0",
        "Strict-Transport-Security": "max-age=31536000; includeSubDomains",
        "X-Content-Type-Options": "nosniff",
        "x-ms-correlation-request-id": "f4d8bd62-2f72-41a9-82df-a542891def00",
        "x-ms-gatewayversion": "version=2.14.0",
        "x-ms-ratelimit-remaining-subscription-reads": "11993",
        "x-ms-request-id": "f4d8bd62-2f72-41a9-82df-a542891def00",
        "x-ms-routing-request-id": "EASTUS:20230323T072721Z:f4d8bd62-2f72-41a9-82df-a542891def00"
      },
      "ResponseBody": {
        "status": "Dequeued"
      }
    },
    {
      "RequestUri": "https://management.azure.com/subscriptions/259fbb24-9bcd-4cfc-865c-fc33b22fe38a/providers/Microsoft.DocumentDB/locations/westus2/operationsStatus/d05ebf43-02d7-4c25-bb9e-1171527eea16?api-version=2022-11-15",
      "RequestMethod": "GET",
      "RequestHeaders": {
        "Authorization": "Sanitized",
        "traceparent": "00-73beb9fdd8d79640b1ea8ce8d2228854-6b10a20450523d41-00",
        "User-Agent": "azsdk-net-ResourceManager/1.4.0 (.NET Framework 4.8.4614.0; Microsoft Windows 10.0.19044 )",
        "x-ms-client-request-id": "49cad57bd1d7237a1361b5881a323e20",
        "x-ms-return-client-request-id": "true"
      },
      "RequestBody": null,
      "StatusCode": 200,
      "ResponseHeaders": {
        "Cache-Control": "no-store, no-cache",
        "Content-Length": "22",
        "Content-Type": "application/json",
        "Date": "Thu, 23 Mar 2023 07:27:25 GMT",
        "Pragma": "no-cache",
        "Server": "Microsoft-HTTPAPI/2.0",
        "Strict-Transport-Security": "max-age=31536000; includeSubDomains",
        "X-Content-Type-Options": "nosniff",
        "x-ms-correlation-request-id": "3d893c38-0923-47ee-b95d-7cef21646487",
        "x-ms-gatewayversion": "version=2.14.0",
        "x-ms-ratelimit-remaining-subscription-reads": "11992",
        "x-ms-request-id": "3d893c38-0923-47ee-b95d-7cef21646487",
        "x-ms-routing-request-id": "EASTUS:20230323T072725Z:3d893c38-0923-47ee-b95d-7cef21646487"
      },
      "ResponseBody": {
        "status": "Succeeded"
      }
    },
    {
      "RequestUri": "https://management.azure.com/subscriptions/259fbb24-9bcd-4cfc-865c-fc33b22fe38a/resourceGroups/dbaccount-1968/providers/Microsoft.DocumentDB/databaseAccounts/dbaccount-8775/mongodbDatabases/mongodb-9938?api-version=2022-11-15",
      "RequestMethod": "GET",
      "RequestHeaders": {
        "Authorization": "Sanitized",
        "traceparent": "00-73beb9fdd8d79640b1ea8ce8d2228854-5dbc4afd4495bf46-00",
        "User-Agent": "azsdk-net-ResourceManager/1.4.0 (.NET Framework 4.8.4614.0; Microsoft Windows 10.0.19044 )",
        "x-ms-client-request-id": "9b62dfa07a70ec8537029b99b9c68e13",
        "x-ms-return-client-request-id": "true"
      },
      "RequestBody": null,
      "StatusCode": 200,
      "ResponseHeaders": {
        "Cache-Control": "no-store, no-cache",
        "Content-Length": "317",
        "Content-Type": "application/json",
        "Date": "Thu, 23 Mar 2023 07:27:25 GMT",
        "Pragma": "no-cache",
        "Server": "Microsoft-HTTPAPI/2.0",
        "Strict-Transport-Security": "max-age=31536000; includeSubDomains",
        "X-Content-Type-Options": "nosniff",
        "x-ms-correlation-request-id": "054889b6-4a83-49ee-bcf9-c0c129f73bfd",
        "x-ms-gatewayversion": "version=2.14.0",
        "x-ms-ratelimit-remaining-subscription-reads": "11991",
        "x-ms-request-id": "054889b6-4a83-49ee-bcf9-c0c129f73bfd",
        "x-ms-routing-request-id": "EASTUS:20230323T072726Z:054889b6-4a83-49ee-bcf9-c0c129f73bfd"
      },
      "ResponseBody": {
        "id": "/subscriptions/259fbb24-9bcd-4cfc-865c-fc33b22fe38a/resourceGroups/dbaccount-1968/providers/Microsoft.DocumentDB/databaseAccounts/dbaccount-8775/mongodbDatabases/mongodb-9938",
        "type": "Microsoft.DocumentDB/databaseAccounts/mongodbDatabases",
        "name": "mongodb-9938",
        "properties": {
          "resource": {
            "id": "mongodb-9938"
          }
        }
      }
    },
    {
      "RequestUri": "https://management.azure.com/subscriptions/259fbb24-9bcd-4cfc-865c-fc33b22fe38a/resourceGroups/dbaccount-1968/providers/Microsoft.DocumentDB/databaseAccounts/dbaccount-8775/mongodbRoleDefinitions/mongodb-9938.mongo-role-def-5282?api-version=2022-11-15",
      "RequestMethod": "PUT",
      "RequestHeaders": {
        "Accept": "application/json",
        "Authorization": "Sanitized",
        "Content-Length": "190",
        "Content-Type": "application/json",
        "traceparent": "00-dc65d801862a8849a8e226a04b3471fb-aac52a29dd1f8e43-00",
        "User-Agent": "azsdk-net-ResourceManager.CosmosDB/1.3.0-alpha.20230322.1 (.NET Framework 4.8.4614.0; Microsoft Windows 10.0.19044 )",
        "x-ms-client-request-id": "c4ba9d5933ac30be93da5b5e2fcaa3ac",
        "x-ms-return-client-request-id": "true"
      },
      "RequestBody": {
        "properties": {
          "roleName": "mongo-role-def-5282",
          "type": "CustomRole",
          "databaseName": "mongodb-9938",
          "privileges": [
            {
              "resource": {
                "db": "mongodb-9938",
                "collection": "test"
              },
              "actions": [
                "insert"
              ]
            }
          ]
        }
      },
      "StatusCode": 202,
      "ResponseHeaders": {
        "Azure-AsyncOperation": "https://management.azure.com/subscriptions/259fbb24-9bcd-4cfc-865c-fc33b22fe38a/providers/Microsoft.DocumentDB/locations/westus2/operationsStatus/a0aa9cbc-b082-4fa2-a091-9a6f4a06162a?api-version=2022-11-15",
        "Cache-Control": "no-store, no-cache",
        "Content-Length": "21",
        "Content-Type": "application/json",
        "Date": "Thu, 23 Mar 2023 07:27:27 GMT",
        "Location": "https://management.azure.com/subscriptions/259fbb24-9bcd-4cfc-865c-fc33b22fe38a/resourceGroups/dbaccount-1968/providers/Microsoft.DocumentDB/databaseAccounts/dbaccount-8775/mongodbRoleDefinitions/mongodb-9938.mongo-role-def-5282/operationResults/a0aa9cbc-b082-4fa2-a091-9a6f4a06162a?api-version=2022-11-15",
        "Pragma": "no-cache",
        "Server": "Microsoft-HTTPAPI/2.0",
        "Strict-Transport-Security": "max-age=31536000; includeSubDomains",
        "X-Content-Type-Options": "nosniff",
        "x-ms-correlation-request-id": "0e58a048-246f-412e-953c-22682764c0ca",
        "x-ms-gatewayversion": "version=2.14.0",
        "x-ms-ratelimit-remaining-subscription-writes": "1198",
        "x-ms-request-id": "a0aa9cbc-b082-4fa2-a091-9a6f4a06162a",
        "x-ms-routing-request-id": "EASTUS:20230323T072727Z:0e58a048-246f-412e-953c-22682764c0ca"
      },
      "ResponseBody": {
        "status": "Enqueued"
      }
    },
    {
      "RequestUri": "https://management.azure.com/subscriptions/259fbb24-9bcd-4cfc-865c-fc33b22fe38a/providers/Microsoft.DocumentDB/locations/westus2/operationsStatus/a0aa9cbc-b082-4fa2-a091-9a6f4a06162a?api-version=2022-11-15",
      "RequestMethod": "GET",
      "RequestHeaders": {
        "Authorization": "Sanitized",
        "traceparent": "00-dc65d801862a8849a8e226a04b3471fb-3cc05b42871f7242-00",
        "User-Agent": "azsdk-net-ResourceManager/1.4.0 (.NET Framework 4.8.4614.0; Microsoft Windows 10.0.19044 )",
        "x-ms-client-request-id": "95c093a25c83abf4a46adda0298d0738",
        "x-ms-return-client-request-id": "true"
      },
      "RequestBody": null,
      "StatusCode": 200,
      "ResponseHeaders": {
        "Cache-Control": "no-store, no-cache",
        "Content-Length": "21",
        "Content-Type": "application/json",
        "Date": "Thu, 23 Mar 2023 07:27:27 GMT",
        "Pragma": "no-cache",
        "Server": "Microsoft-HTTPAPI/2.0",
        "Strict-Transport-Security": "max-age=31536000; includeSubDomains",
        "X-Content-Type-Options": "nosniff",
        "x-ms-correlation-request-id": "c1332c90-186c-4d57-9505-3046c811b24b",
        "x-ms-gatewayversion": "version=2.14.0",
        "x-ms-ratelimit-remaining-subscription-reads": "11990",
        "x-ms-request-id": "c1332c90-186c-4d57-9505-3046c811b24b",
        "x-ms-routing-request-id": "EASTUS:20230323T072727Z:c1332c90-186c-4d57-9505-3046c811b24b"
      },
      "ResponseBody": {
        "status": "Enqueued"
      }
    },
    {
      "RequestUri": "https://management.azure.com/subscriptions/259fbb24-9bcd-4cfc-865c-fc33b22fe38a/providers/Microsoft.DocumentDB/locations/westus2/operationsStatus/a0aa9cbc-b082-4fa2-a091-9a6f4a06162a?api-version=2022-11-15",
      "RequestMethod": "GET",
      "RequestHeaders": {
        "Authorization": "Sanitized",
        "traceparent": "00-dc65d801862a8849a8e226a04b3471fb-e674e863d6301942-00",
        "User-Agent": "azsdk-net-ResourceManager/1.4.0 (.NET Framework 4.8.4614.0; Microsoft Windows 10.0.19044 )",
        "x-ms-client-request-id": "1dfeedf70f4c2ce59c6ae69a5e885029",
        "x-ms-return-client-request-id": "true"
      },
      "RequestBody": null,
      "StatusCode": 200,
      "ResponseHeaders": {
        "Cache-Control": "no-store, no-cache",
        "Content-Length": "21",
        "Content-Type": "application/json",
        "Date": "Thu, 23 Mar 2023 07:27:28 GMT",
        "Pragma": "no-cache",
        "Server": "Microsoft-HTTPAPI/2.0",
        "Strict-Transport-Security": "max-age=31536000; includeSubDomains",
        "X-Content-Type-Options": "nosniff",
        "x-ms-correlation-request-id": "2e7a0942-c6f9-4c62-816d-94988219fd24",
        "x-ms-gatewayversion": "version=2.14.0",
        "x-ms-ratelimit-remaining-subscription-reads": "11989",
        "x-ms-request-id": "2e7a0942-c6f9-4c62-816d-94988219fd24",
        "x-ms-routing-request-id": "EASTUS:20230323T072728Z:2e7a0942-c6f9-4c62-816d-94988219fd24"
      },
      "ResponseBody": {
        "status": "Enqueued"
      }
    },
    {
      "RequestUri": "https://management.azure.com/subscriptions/259fbb24-9bcd-4cfc-865c-fc33b22fe38a/providers/Microsoft.DocumentDB/locations/westus2/operationsStatus/a0aa9cbc-b082-4fa2-a091-9a6f4a06162a?api-version=2022-11-15",
      "RequestMethod": "GET",
      "RequestHeaders": {
        "Authorization": "Sanitized",
        "traceparent": "00-dc65d801862a8849a8e226a04b3471fb-d24ca55e850d3c4e-00",
        "User-Agent": "azsdk-net-ResourceManager/1.4.0 (.NET Framework 4.8.4614.0; Microsoft Windows 10.0.19044 )",
        "x-ms-client-request-id": "9cbc888d0e0a5f28b4965fa44f602650",
        "x-ms-return-client-request-id": "true"
      },
      "RequestBody": null,
      "StatusCode": 200,
      "ResponseHeaders": {
        "Cache-Control": "no-store, no-cache",
        "Content-Length": "21",
        "Content-Type": "application/json",
        "Date": "Thu, 23 Mar 2023 07:27:29 GMT",
        "Pragma": "no-cache",
        "Server": "Microsoft-HTTPAPI/2.0",
        "Strict-Transport-Security": "max-age=31536000; includeSubDomains",
        "X-Content-Type-Options": "nosniff",
        "x-ms-correlation-request-id": "994c0f4d-e22b-4954-a52a-9bcaf0e4d2df",
        "x-ms-gatewayversion": "version=2.14.0",
        "x-ms-ratelimit-remaining-subscription-reads": "11988",
        "x-ms-request-id": "994c0f4d-e22b-4954-a52a-9bcaf0e4d2df",
        "x-ms-routing-request-id": "EASTUS:20230323T072729Z:994c0f4d-e22b-4954-a52a-9bcaf0e4d2df"
      },
      "ResponseBody": {
        "status": "Enqueued"
      }
    },
    {
      "RequestUri": "https://management.azure.com/subscriptions/259fbb24-9bcd-4cfc-865c-fc33b22fe38a/providers/Microsoft.DocumentDB/locations/westus2/operationsStatus/a0aa9cbc-b082-4fa2-a091-9a6f4a06162a?api-version=2022-11-15",
      "RequestMethod": "GET",
      "RequestHeaders": {
        "Authorization": "Sanitized",
        "traceparent": "00-dc65d801862a8849a8e226a04b3471fb-11b4b4d5162bbb48-00",
        "User-Agent": "azsdk-net-ResourceManager/1.4.0 (.NET Framework 4.8.4614.0; Microsoft Windows 10.0.19044 )",
        "x-ms-client-request-id": "f33f9c09306b9287ae93f81876594c1b",
        "x-ms-return-client-request-id": "true"
      },
      "RequestBody": null,
      "StatusCode": 200,
      "ResponseHeaders": {
        "Cache-Control": "no-store, no-cache",
        "Content-Length": "21",
        "Content-Type": "application/json",
        "Date": "Thu, 23 Mar 2023 07:27:30 GMT",
        "Pragma": "no-cache",
        "Server": "Microsoft-HTTPAPI/2.0",
        "Strict-Transport-Security": "max-age=31536000; includeSubDomains",
        "X-Content-Type-Options": "nosniff",
        "x-ms-correlation-request-id": "f9bdaae1-706a-4695-af5b-fad35844d10c",
        "x-ms-gatewayversion": "version=2.14.0",
        "x-ms-ratelimit-remaining-subscription-reads": "11987",
        "x-ms-request-id": "f9bdaae1-706a-4695-af5b-fad35844d10c",
        "x-ms-routing-request-id": "EASTUS:20230323T072730Z:f9bdaae1-706a-4695-af5b-fad35844d10c"
      },
      "ResponseBody": {
        "status": "Dequeued"
      }
    },
    {
      "RequestUri": "https://management.azure.com/subscriptions/259fbb24-9bcd-4cfc-865c-fc33b22fe38a/providers/Microsoft.DocumentDB/locations/westus2/operationsStatus/a0aa9cbc-b082-4fa2-a091-9a6f4a06162a?api-version=2022-11-15",
      "RequestMethod": "GET",
      "RequestHeaders": {
        "Authorization": "Sanitized",
        "traceparent": "00-dc65d801862a8849a8e226a04b3471fb-09d60617ca74994d-00",
        "User-Agent": "azsdk-net-ResourceManager/1.4.0 (.NET Framework 4.8.4614.0; Microsoft Windows 10.0.19044 )",
        "x-ms-client-request-id": "a113b41a6bd1e82dc49f68b5b040dd3c",
        "x-ms-return-client-request-id": "true"
      },
      "RequestBody": null,
      "StatusCode": 200,
      "ResponseHeaders": {
        "Cache-Control": "no-store, no-cache",
        "Content-Length": "21",
        "Content-Type": "application/json",
        "Date": "Thu, 23 Mar 2023 07:27:32 GMT",
        "Pragma": "no-cache",
        "Server": "Microsoft-HTTPAPI/2.0",
        "Strict-Transport-Security": "max-age=31536000; includeSubDomains",
        "X-Content-Type-Options": "nosniff",
        "x-ms-correlation-request-id": "d437adf0-e9e0-4a73-ba77-4c36012a6c41",
        "x-ms-gatewayversion": "version=2.14.0",
        "x-ms-ratelimit-remaining-subscription-reads": "11986",
        "x-ms-request-id": "d437adf0-e9e0-4a73-ba77-4c36012a6c41",
        "x-ms-routing-request-id": "EASTUS:20230323T072732Z:d437adf0-e9e0-4a73-ba77-4c36012a6c41"
      },
      "ResponseBody": {
        "status": "Dequeued"
      }
    },
    {
      "RequestUri": "https://management.azure.com/subscriptions/259fbb24-9bcd-4cfc-865c-fc33b22fe38a/providers/Microsoft.DocumentDB/locations/westus2/operationsStatus/a0aa9cbc-b082-4fa2-a091-9a6f4a06162a?api-version=2022-11-15",
      "RequestMethod": "GET",
      "RequestHeaders": {
        "Authorization": "Sanitized",
        "traceparent": "00-dc65d801862a8849a8e226a04b3471fb-0c26f307cc6c6d41-00",
        "User-Agent": "azsdk-net-ResourceManager/1.4.0 (.NET Framework 4.8.4614.0; Microsoft Windows 10.0.19044 )",
        "x-ms-client-request-id": "c29096445c495cbd0029ed76160fe85b",
        "x-ms-return-client-request-id": "true"
      },
      "RequestBody": null,
      "StatusCode": 200,
      "ResponseHeaders": {
        "Cache-Control": "no-store, no-cache",
        "Content-Length": "21",
        "Content-Type": "application/json",
        "Date": "Thu, 23 Mar 2023 07:27:36 GMT",
        "Pragma": "no-cache",
        "Server": "Microsoft-HTTPAPI/2.0",
        "Strict-Transport-Security": "max-age=31536000; includeSubDomains",
        "X-Content-Type-Options": "nosniff",
        "x-ms-correlation-request-id": "58146370-08ac-4e02-afc8-2239bae18998",
        "x-ms-gatewayversion": "version=2.14.0",
        "x-ms-ratelimit-remaining-subscription-reads": "11985",
        "x-ms-request-id": "58146370-08ac-4e02-afc8-2239bae18998",
        "x-ms-routing-request-id": "EASTUS:20230323T072737Z:58146370-08ac-4e02-afc8-2239bae18998"
      },
      "ResponseBody": {
        "status": "Dequeued"
      }
    },
    {
      "RequestUri": "https://management.azure.com/subscriptions/259fbb24-9bcd-4cfc-865c-fc33b22fe38a/providers/Microsoft.DocumentDB/locations/westus2/operationsStatus/a0aa9cbc-b082-4fa2-a091-9a6f4a06162a?api-version=2022-11-15",
      "RequestMethod": "GET",
      "RequestHeaders": {
        "Authorization": "Sanitized",
        "traceparent": "00-dc65d801862a8849a8e226a04b3471fb-339d2e49f12c3d44-00",
        "User-Agent": "azsdk-net-ResourceManager/1.4.0 (.NET Framework 4.8.4614.0; Microsoft Windows 10.0.19044 )",
        "x-ms-client-request-id": "9a894349844d9e7e6e562eccc7d1e16e",
        "x-ms-return-client-request-id": "true"
      },
      "RequestBody": null,
      "StatusCode": 200,
      "ResponseHeaders": {
        "Cache-Control": "no-store, no-cache",
        "Content-Length": "22",
        "Content-Type": "application/json",
        "Date": "Thu, 23 Mar 2023 07:27:44 GMT",
        "Pragma": "no-cache",
        "Server": "Microsoft-HTTPAPI/2.0",
        "Strict-Transport-Security": "max-age=31536000; includeSubDomains",
        "X-Content-Type-Options": "nosniff",
        "x-ms-correlation-request-id": "21d261a9-4abf-4386-b690-ce9c723f7627",
        "x-ms-gatewayversion": "version=2.14.0",
        "x-ms-ratelimit-remaining-subscription-reads": "11984",
        "x-ms-request-id": "21d261a9-4abf-4386-b690-ce9c723f7627",
        "x-ms-routing-request-id": "EASTUS:20230323T072745Z:21d261a9-4abf-4386-b690-ce9c723f7627"
      },
      "ResponseBody": {
        "status": "Succeeded"
      }
    },
    {
      "RequestUri": "https://management.azure.com/subscriptions/259fbb24-9bcd-4cfc-865c-fc33b22fe38a/resourceGroups/dbaccount-1968/providers/Microsoft.DocumentDB/databaseAccounts/dbaccount-8775/mongodbRoleDefinitions/mongodb-9938.mongo-role-def-5282?api-version=2022-11-15",
      "RequestMethod": "GET",
      "RequestHeaders": {
        "Authorization": "Sanitized",
        "traceparent": "00-dc65d801862a8849a8e226a04b3471fb-ac5e5b365f026149-00",
        "User-Agent": "azsdk-net-ResourceManager/1.4.0 (.NET Framework 4.8.4614.0; Microsoft Windows 10.0.19044 )",
        "x-ms-client-request-id": "e0d4bbb58ac8bdd2f6b6a0a77db7d1b5",
        "x-ms-return-client-request-id": "true"
      },
      "RequestBody": null,
      "StatusCode": 200,
      "ResponseHeaders": {
        "Cache-Control": "no-store, no-cache",
        "Content-Length": "497",
        "Content-Type": "application/json",
        "Date": "Thu, 23 Mar 2023 07:27:45 GMT",
        "Pragma": "no-cache",
        "Server": "Microsoft-HTTPAPI/2.0",
        "Strict-Transport-Security": "max-age=31536000; includeSubDomains",
        "X-Content-Type-Options": "nosniff",
        "x-ms-correlation-request-id": "7132ea44-6848-4ca7-92d8-1d2c6df3cabe",
        "x-ms-gatewayversion": "version=2.14.0",
        "x-ms-ratelimit-remaining-subscription-reads": "11983",
        "x-ms-request-id": "7132ea44-6848-4ca7-92d8-1d2c6df3cabe",
        "x-ms-routing-request-id": "EASTUS:20230323T072745Z:7132ea44-6848-4ca7-92d8-1d2c6df3cabe"
      },
      "ResponseBody": {
        "id": "/subscriptions/259fbb24-9bcd-4cfc-865c-fc33b22fe38a/resourceGroups/dbaccount-1968/providers/Microsoft.DocumentDB/databaseAccounts/dbaccount-8775/mongodbRoleDefinitions/mongodb-9938.mongo-role-def-5282",
        "name": "mongo-role-def-5282",
        "properties": {
          "roleName": "mongo-role-def-5282",
          "type": 1,
          "databaseName": "mongodb-9938",
          "privileges": [
            {
              "resource": {
                "db": "mongodb-9938",
                "collection": "test"
              },
              "actions": [
                "insert"
              ]
            }
          ],
          "roles": []
        },
        "type": "Microsoft.DocumentDB/databaseAccounts/mongodbRoleDefinitions"
      }
    },
    {
      "RequestUri": "https://management.azure.com/subscriptions/259fbb24-9bcd-4cfc-865c-fc33b22fe38a/resourceGroups/dbaccount-1968/providers/Microsoft.DocumentDB/databaseAccounts/dbaccount-8775/mongodbRoleDefinitions?api-version=2022-11-15",
      "RequestMethod": "GET",
      "RequestHeaders": {
        "Accept": "application/json",
        "Authorization": "Sanitized",
        "User-Agent": "azsdk-net-ResourceManager.CosmosDB/1.3.0-alpha.20230322.1 (.NET Framework 4.8.4614.0; Microsoft Windows 10.0.19044 )",
        "x-ms-client-request-id": "6c6b0db642b6bfef17f254f22ef0942f",
        "x-ms-return-client-request-id": "true"
      },
      "RequestBody": null,
      "StatusCode": 200,
      "ResponseHeaders": {
        "Cache-Control": "no-store, no-cache",
        "Content-Length": "509",
        "Content-Type": "application/json",
        "Date": "Thu, 23 Mar 2023 07:27:45 GMT",
        "Pragma": "no-cache",
        "Server": "Microsoft-HTTPAPI/2.0",
        "Strict-Transport-Security": "max-age=31536000; includeSubDomains",
        "X-Content-Type-Options": "nosniff",
        "x-ms-correlation-request-id": "58cf1120-978d-4f7c-bb8a-3131470e2788",
        "x-ms-gatewayversion": "version=2.14.0",
        "x-ms-ratelimit-remaining-subscription-reads": "11982",
        "x-ms-request-id": "58cf1120-978d-4f7c-bb8a-3131470e2788",
        "x-ms-routing-request-id": "EASTUS:20230323T072746Z:58cf1120-978d-4f7c-bb8a-3131470e2788"
      },
      "ResponseBody": {
        "value": [
          {
            "id": "/subscriptions/259fbb24-9bcd-4cfc-865c-fc33b22fe38a/resourceGroups/dbaccount-1968/providers/Microsoft.DocumentDB/databaseAccounts/dbaccount-8775/mongodbRoleDefinitions/mongodb-9938.mongo-role-def-5282",
            "name": "mongo-role-def-5282",
            "properties": {
              "roleName": "mongo-role-def-5282",
              "type": 1,
              "databaseName": "mongodb-9938",
              "privileges": [
                {
                  "resource": {
                    "db": "mongodb-9938",
                    "collection": "test"
                  },
                  "actions": [
                    "insert"
                  ]
                }
              ],
              "roles": []
            },
            "type": "Microsoft.DocumentDB/databaseAccounts/mongodbRoleDefinitions"
          }
        ]
      }
    },
    {
      "RequestUri": "https://management.azure.com/subscriptions/259fbb24-9bcd-4cfc-865c-fc33b22fe38a/resourceGroups/dbaccount-1968/providers/Microsoft.DocumentDB/databaseAccounts/dbaccount-8775/mongodbRoleDefinitions/mongodb-9938.mongo-role-def-5282?api-version=2022-11-15",
      "RequestMethod": "GET",
      "RequestHeaders": {
        "Accept": "application/json",
        "Authorization": "Sanitized",
        "traceparent": "00-ae50fb2e2ccef1408be8d1b4a62690b3-dccbf65e0f376d44-00",
        "User-Agent": "azsdk-net-ResourceManager.CosmosDB/1.3.0-alpha.20230322.1 (.NET Framework 4.8.4614.0; Microsoft Windows 10.0.19044 )",
        "x-ms-client-request-id": "5bc07f48083bbf9270cba496e4d720b7",
        "x-ms-return-client-request-id": "true"
      },
      "RequestBody": null,
      "StatusCode": 200,
      "ResponseHeaders": {
        "Cache-Control": "no-store, no-cache",
        "Content-Length": "497",
        "Content-Type": "application/json",
        "Date": "Thu, 23 Mar 2023 07:27:46 GMT",
        "Pragma": "no-cache",
        "Server": "Microsoft-HTTPAPI/2.0",
        "Strict-Transport-Security": "max-age=31536000; includeSubDomains",
        "X-Content-Type-Options": "nosniff",
        "x-ms-correlation-request-id": "ae604128-6894-42e5-a226-3a7686bc9ed2",
        "x-ms-gatewayversion": "version=2.14.0",
        "x-ms-ratelimit-remaining-subscription-reads": "11981",
        "x-ms-request-id": "ae604128-6894-42e5-a226-3a7686bc9ed2",
        "x-ms-routing-request-id": "EASTUS:20230323T072746Z:ae604128-6894-42e5-a226-3a7686bc9ed2"
      },
      "ResponseBody": {
        "id": "/subscriptions/259fbb24-9bcd-4cfc-865c-fc33b22fe38a/resourceGroups/dbaccount-1968/providers/Microsoft.DocumentDB/databaseAccounts/dbaccount-8775/mongodbRoleDefinitions/mongodb-9938.mongo-role-def-5282",
        "name": "mongo-role-def-5282",
        "properties": {
          "roleName": "mongo-role-def-5282",
          "type": 1,
          "databaseName": "mongodb-9938",
          "privileges": [
            {
              "resource": {
                "db": "mongodb-9938",
                "collection": "test"
              },
              "actions": [
                "insert"
              ]
            }
          ],
          "roles": []
        },
        "type": "Microsoft.DocumentDB/databaseAccounts/mongodbRoleDefinitions"
      }
    },
    {
      "RequestUri": "https://management.azure.com/subscriptions/259fbb24-9bcd-4cfc-865c-fc33b22fe38a/resourceGroups/dbaccount-1968/providers/Microsoft.DocumentDB/databaseAccounts/dbaccount-8775/mongodbRoleDefinitions/mongodb-9938.mongo-role-def-5282?api-version=2022-11-15",
      "RequestMethod": "DELETE",
      "RequestHeaders": {
        "Accept": "application/json",
        "Authorization": "Sanitized",
        "traceparent": "00-1f69435cb8e8a8449736a457bac0752a-883f57d2bd58eb4e-00",
        "User-Agent": "azsdk-net-ResourceManager.CosmosDB/1.3.0-alpha.20230322.1 (.NET Framework 4.8.4614.0; Microsoft Windows 10.0.19044 )",
        "x-ms-client-request-id": "ba167884756573b7cb14c8d636e08f05",
        "x-ms-return-client-request-id": "true"
      },
      "RequestBody": null,
      "StatusCode": 202,
      "ResponseHeaders": {
        "Azure-AsyncOperation": "https://management.azure.com/subscriptions/259fbb24-9bcd-4cfc-865c-fc33b22fe38a/providers/Microsoft.DocumentDB/locations/westus2/operationsStatus/b37539ba-b5cb-45ed-810c-b75520e4b684?api-version=2022-11-15",
        "Cache-Control": "no-store, no-cache",
        "Content-Length": "21",
        "Content-Type": "application/json",
        "Date": "Thu, 23 Mar 2023 07:27:46 GMT",
        "Location": "https://management.azure.com/subscriptions/259fbb24-9bcd-4cfc-865c-fc33b22fe38a/resourceGroups/dbaccount-1968/providers/Microsoft.DocumentDB/databaseAccounts/dbaccount-8775/mongodbRoleDefinitions/mongodb-9938.mongo-role-def-5282/operationResults/b37539ba-b5cb-45ed-810c-b75520e4b684?api-version=2022-11-15",
        "Pragma": "no-cache",
        "Server": "Microsoft-HTTPAPI/2.0",
        "Strict-Transport-Security": "max-age=31536000; includeSubDomains",
        "X-Content-Type-Options": "nosniff",
        "x-ms-correlation-request-id": "c23d51f2-4419-4b19-b010-f1d852448a60",
        "x-ms-gatewayversion": "version=2.14.0",
        "x-ms-ratelimit-remaining-subscription-deletes": "14999",
        "x-ms-request-id": "b37539ba-b5cb-45ed-810c-b75520e4b684",
        "x-ms-routing-request-id": "EASTUS:20230323T072747Z:c23d51f2-4419-4b19-b010-f1d852448a60"
      },
      "ResponseBody": {
        "status": "Enqueued"
      }
    },
    {
      "RequestUri": "https://management.azure.com/subscriptions/259fbb24-9bcd-4cfc-865c-fc33b22fe38a/providers/Microsoft.DocumentDB/locations/westus2/operationsStatus/b37539ba-b5cb-45ed-810c-b75520e4b684?api-version=2022-11-15",
      "RequestMethod": "GET",
      "RequestHeaders": {
        "Authorization": "Sanitized",
        "traceparent": "00-1f69435cb8e8a8449736a457bac0752a-008860434bd64149-00",
        "User-Agent": "azsdk-net-ResourceManager/1.4.0 (.NET Framework 4.8.4614.0; Microsoft Windows 10.0.19044 )",
        "x-ms-client-request-id": "b56d9cd1dadad2c9c84d90263fbc8990",
        "x-ms-return-client-request-id": "true"
      },
      "RequestBody": null,
      "StatusCode": 200,
      "ResponseHeaders": {
        "Cache-Control": "no-store, no-cache",
        "Content-Length": "21",
        "Content-Type": "application/json",
        "Date": "Thu, 23 Mar 2023 07:27:46 GMT",
        "Pragma": "no-cache",
        "Server": "Microsoft-HTTPAPI/2.0",
        "Strict-Transport-Security": "max-age=31536000; includeSubDomains",
        "X-Content-Type-Options": "nosniff",
        "x-ms-correlation-request-id": "58459cf1-e80c-4178-b246-b9937fe3df9f",
        "x-ms-gatewayversion": "version=2.14.0",
        "x-ms-ratelimit-remaining-subscription-reads": "11980",
        "x-ms-request-id": "58459cf1-e80c-4178-b246-b9937fe3df9f",
        "x-ms-routing-request-id": "EASTUS:20230323T072747Z:58459cf1-e80c-4178-b246-b9937fe3df9f"
      },
      "ResponseBody": {
        "status": "Enqueued"
      }
    },
    {
      "RequestUri": "https://management.azure.com/subscriptions/259fbb24-9bcd-4cfc-865c-fc33b22fe38a/providers/Microsoft.DocumentDB/locations/westus2/operationsStatus/b37539ba-b5cb-45ed-810c-b75520e4b684?api-version=2022-11-15",
      "RequestMethod": "GET",
      "RequestHeaders": {
        "Authorization": "Sanitized",
        "traceparent": "00-1f69435cb8e8a8449736a457bac0752a-7c5998a912303b40-00",
        "User-Agent": "azsdk-net-ResourceManager/1.4.0 (.NET Framework 4.8.4614.0; Microsoft Windows 10.0.19044 )",
        "x-ms-client-request-id": "73759e3c22770ec0fe6840b979ccd472",
        "x-ms-return-client-request-id": "true"
      },
      "RequestBody": null,
      "StatusCode": 200,
      "ResponseHeaders": {
        "Cache-Control": "no-store, no-cache",
        "Content-Length": "21",
        "Content-Type": "application/json",
        "Date": "Thu, 23 Mar 2023 07:27:48 GMT",
        "Pragma": "no-cache",
        "Server": "Microsoft-HTTPAPI/2.0",
        "Strict-Transport-Security": "max-age=31536000; includeSubDomains",
        "X-Content-Type-Options": "nosniff",
        "x-ms-correlation-request-id": "4855d586-3a11-4df2-900a-54fbae8e2209",
        "x-ms-gatewayversion": "version=2.14.0",
        "x-ms-ratelimit-remaining-subscription-reads": "11979",
        "x-ms-request-id": "4855d586-3a11-4df2-900a-54fbae8e2209",
        "x-ms-routing-request-id": "EASTUS:20230323T072748Z:4855d586-3a11-4df2-900a-54fbae8e2209"
      },
      "ResponseBody": {
        "status": "Enqueued"
      }
    },
    {
      "RequestUri": "https://management.azure.com/subscriptions/259fbb24-9bcd-4cfc-865c-fc33b22fe38a/providers/Microsoft.DocumentDB/locations/westus2/operationsStatus/b37539ba-b5cb-45ed-810c-b75520e4b684?api-version=2022-11-15",
      "RequestMethod": "GET",
      "RequestHeaders": {
        "Authorization": "Sanitized",
        "traceparent": "00-1f69435cb8e8a8449736a457bac0752a-16804f4169d17043-00",
        "User-Agent": "azsdk-net-ResourceManager/1.4.0 (.NET Framework 4.8.4614.0; Microsoft Windows 10.0.19044 )",
        "x-ms-client-request-id": "99048838da72472aa78c35a9e6536dbe",
        "x-ms-return-client-request-id": "true"
      },
      "RequestBody": null,
      "StatusCode": 200,
      "ResponseHeaders": {
        "Cache-Control": "no-store, no-cache",
        "Content-Length": "21",
        "Content-Type": "application/json",
        "Date": "Thu, 23 Mar 2023 07:27:49 GMT",
        "Pragma": "no-cache",
        "Server": "Microsoft-HTTPAPI/2.0",
        "Strict-Transport-Security": "max-age=31536000; includeSubDomains",
        "X-Content-Type-Options": "nosniff",
        "x-ms-correlation-request-id": "65a0366c-b7f1-40d1-a7e1-af34495a3497",
        "x-ms-gatewayversion": "version=2.14.0",
        "x-ms-ratelimit-remaining-subscription-reads": "11978",
        "x-ms-request-id": "65a0366c-b7f1-40d1-a7e1-af34495a3497",
        "x-ms-routing-request-id": "EASTUS:20230323T072749Z:65a0366c-b7f1-40d1-a7e1-af34495a3497"
      },
      "ResponseBody": {
        "status": "Enqueued"
      }
    },
    {
      "RequestUri": "https://management.azure.com/subscriptions/259fbb24-9bcd-4cfc-865c-fc33b22fe38a/providers/Microsoft.DocumentDB/locations/westus2/operationsStatus/b37539ba-b5cb-45ed-810c-b75520e4b684?api-version=2022-11-15",
      "RequestMethod": "GET",
      "RequestHeaders": {
        "Authorization": "Sanitized",
        "traceparent": "00-1f69435cb8e8a8449736a457bac0752a-274cb02df68ad94b-00",
        "User-Agent": "azsdk-net-ResourceManager/1.4.0 (.NET Framework 4.8.4614.0; Microsoft Windows 10.0.19044 )",
        "x-ms-client-request-id": "ffae6b2268e3aec8dc5fb6729a0f59fb",
        "x-ms-return-client-request-id": "true"
      },
      "RequestBody": null,
      "StatusCode": 200,
      "ResponseHeaders": {
        "Cache-Control": "no-store, no-cache",
        "Content-Length": "21",
        "Content-Type": "application/json",
        "Date": "Thu, 23 Mar 2023 07:27:50 GMT",
        "Pragma": "no-cache",
        "Server": "Microsoft-HTTPAPI/2.0",
        "Strict-Transport-Security": "max-age=31536000; includeSubDomains",
        "X-Content-Type-Options": "nosniff",
        "x-ms-correlation-request-id": "d2dbd2b0-7c52-454a-93c4-563d9ce477c4",
        "x-ms-gatewayversion": "version=2.14.0",
        "x-ms-ratelimit-remaining-subscription-reads": "11977",
        "x-ms-request-id": "d2dbd2b0-7c52-454a-93c4-563d9ce477c4",
        "x-ms-routing-request-id": "EASTUS:20230323T072750Z:d2dbd2b0-7c52-454a-93c4-563d9ce477c4"
      },
      "ResponseBody": {
        "status": "Dequeued"
      }
    },
    {
      "RequestUri": "https://management.azure.com/subscriptions/259fbb24-9bcd-4cfc-865c-fc33b22fe38a/providers/Microsoft.DocumentDB/locations/westus2/operationsStatus/b37539ba-b5cb-45ed-810c-b75520e4b684?api-version=2022-11-15",
      "RequestMethod": "GET",
      "RequestHeaders": {
        "Authorization": "Sanitized",
        "traceparent": "00-1f69435cb8e8a8449736a457bac0752a-095eaaec1679274c-00",
        "User-Agent": "azsdk-net-ResourceManager/1.4.0 (.NET Framework 4.8.4614.0; Microsoft Windows 10.0.19044 )",
        "x-ms-client-request-id": "b7ee1d78f0b7611d732ecbebed1728ab",
        "x-ms-return-client-request-id": "true"
      },
      "RequestBody": null,
      "StatusCode": 200,
      "ResponseHeaders": {
        "Cache-Control": "no-store, no-cache",
        "Content-Length": "21",
        "Content-Type": "application/json",
        "Date": "Thu, 23 Mar 2023 07:27:52 GMT",
        "Pragma": "no-cache",
        "Server": "Microsoft-HTTPAPI/2.0",
        "Strict-Transport-Security": "max-age=31536000; includeSubDomains",
        "X-Content-Type-Options": "nosniff",
        "x-ms-correlation-request-id": "1b856867-869c-4665-916c-5e3c18bec020",
        "x-ms-gatewayversion": "version=2.14.0",
        "x-ms-ratelimit-remaining-subscription-reads": "11976",
        "x-ms-request-id": "1b856867-869c-4665-916c-5e3c18bec020",
        "x-ms-routing-request-id": "EASTUS:20230323T072752Z:1b856867-869c-4665-916c-5e3c18bec020"
      },
      "ResponseBody": {
        "status": "Dequeued"
      }
    },
    {
      "RequestUri": "https://management.azure.com/subscriptions/259fbb24-9bcd-4cfc-865c-fc33b22fe38a/providers/Microsoft.DocumentDB/locations/westus2/operationsStatus/b37539ba-b5cb-45ed-810c-b75520e4b684?api-version=2022-11-15",
      "RequestMethod": "GET",
      "RequestHeaders": {
        "Authorization": "Sanitized",
        "traceparent": "00-1f69435cb8e8a8449736a457bac0752a-ee3c86feb80ecc42-00",
        "User-Agent": "azsdk-net-ResourceManager/1.4.0 (.NET Framework 4.8.4614.0; Microsoft Windows 10.0.19044 )",
        "x-ms-client-request-id": "0d9781fad51ed08fc055bc1323b8ad97",
        "x-ms-return-client-request-id": "true"
      },
      "RequestBody": null,
      "StatusCode": 200,
      "ResponseHeaders": {
        "Cache-Control": "no-store, no-cache",
        "Content-Length": "21",
        "Content-Type": "application/json",
        "Date": "Thu, 23 Mar 2023 07:27:56 GMT",
        "Pragma": "no-cache",
        "Server": "Microsoft-HTTPAPI/2.0",
        "Strict-Transport-Security": "max-age=31536000; includeSubDomains",
        "X-Content-Type-Options": "nosniff",
        "x-ms-correlation-request-id": "9d2c900d-4a75-46c5-926c-b28f3636e97e",
        "x-ms-gatewayversion": "version=2.14.0",
        "x-ms-ratelimit-remaining-subscription-reads": "11975",
        "x-ms-request-id": "9d2c900d-4a75-46c5-926c-b28f3636e97e",
        "x-ms-routing-request-id": "EASTUS:20230323T072757Z:9d2c900d-4a75-46c5-926c-b28f3636e97e"
      },
      "ResponseBody": {
        "status": "Dequeued"
      }
    },
    {
      "RequestUri": "https://management.azure.com/subscriptions/259fbb24-9bcd-4cfc-865c-fc33b22fe38a/providers/Microsoft.DocumentDB/locations/westus2/operationsStatus/b37539ba-b5cb-45ed-810c-b75520e4b684?api-version=2022-11-15",
      "RequestMethod": "GET",
      "RequestHeaders": {
        "Authorization": "Sanitized",
        "traceparent": "00-1f69435cb8e8a8449736a457bac0752a-fde884eee0ae834a-00",
        "User-Agent": "azsdk-net-ResourceManager/1.4.0 (.NET Framework 4.8.4614.0; Microsoft Windows 10.0.19044 )",
        "x-ms-client-request-id": "c8303a32b66531074d4c8bb49cddc1c4",
        "x-ms-return-client-request-id": "true"
      },
      "RequestBody": null,
      "StatusCode": 200,
      "ResponseHeaders": {
        "Cache-Control": "no-store, no-cache",
        "Content-Length": "22",
        "Content-Type": "application/json",
        "Date": "Thu, 23 Mar 2023 07:28:04 GMT",
        "Pragma": "no-cache",
        "Server": "Microsoft-HTTPAPI/2.0",
        "Strict-Transport-Security": "max-age=31536000; includeSubDomains",
        "X-Content-Type-Options": "nosniff",
        "x-ms-correlation-request-id": "1d215c24-3c38-4c76-a32f-021118ca4c6a",
        "x-ms-gatewayversion": "version=2.14.0",
        "x-ms-ratelimit-remaining-subscription-reads": "11974",
        "x-ms-request-id": "1d215c24-3c38-4c76-a32f-021118ca4c6a",
        "x-ms-routing-request-id": "EASTUS:20230323T072805Z:1d215c24-3c38-4c76-a32f-021118ca4c6a"
      },
      "ResponseBody": {
        "status": "Succeeded"
      }
    },
    {
      "RequestUri": "https://management.azure.com/subscriptions/259fbb24-9bcd-4cfc-865c-fc33b22fe38a/resourceGroups/dbaccount-1968/providers/Microsoft.DocumentDB/databaseAccounts/dbaccount-8775/mongodbDatabases/mongodb-9938?api-version=2022-11-15",
      "RequestMethod": "DELETE",
      "RequestHeaders": {
        "Authorization": "Sanitized",
        "traceparent": "00-81560d1c5a22604596acd3d623229b07-b4b6577c059eeb4d-00",
        "User-Agent": "azsdk-net-ResourceManager.CosmosDB/1.3.0-alpha.20230322.1 (.NET Framework 4.8.4614.0; Microsoft Windows 10.0.19044 )",
        "x-ms-client-request-id": "18770b364c78a3dc8e1df762330a3eba",
        "x-ms-return-client-request-id": "true"
      },
      "RequestBody": null,
      "StatusCode": 202,
      "ResponseHeaders": {
        "Azure-AsyncOperation": "https://management.azure.com/subscriptions/259fbb24-9bcd-4cfc-865c-fc33b22fe38a/providers/Microsoft.DocumentDB/locations/westus2/operationsStatus/1b195ee7-fe5f-4303-bfe1-15a98532dd24?api-version=2022-11-15",
        "Cache-Control": "no-store, no-cache",
        "Content-Length": "21",
        "Content-Type": "application/json",
        "Date": "Thu, 23 Mar 2023 07:28:05 GMT",
        "Location": "https://management.azure.com/subscriptions/259fbb24-9bcd-4cfc-865c-fc33b22fe38a/resourceGroups/dbaccount-1968/providers/Microsoft.DocumentDB/databaseAccounts/dbaccount-8775/mongodbDatabases/mongodb-9938/operationResults/1b195ee7-fe5f-4303-bfe1-15a98532dd24?api-version=2022-11-15",
        "Pragma": "no-cache",
        "Server": "Microsoft-HTTPAPI/2.0",
        "Strict-Transport-Security": "max-age=31536000; includeSubDomains",
        "X-Content-Type-Options": "nosniff",
        "x-ms-correlation-request-id": "b41c8cc1-2367-43b7-bc10-77cb295d70c6",
        "x-ms-gatewayversion": "version=2.14.0",
        "x-ms-ratelimit-remaining-subscription-deletes": "14998",
        "x-ms-request-id": "1b195ee7-fe5f-4303-bfe1-15a98532dd24",
        "x-ms-routing-request-id": "EASTUS:20230323T072805Z:b41c8cc1-2367-43b7-bc10-77cb295d70c6"
      },
      "ResponseBody": {
        "status": "Enqueued"
      }
    },
    {
      "RequestUri": "https://management.azure.com/subscriptions/259fbb24-9bcd-4cfc-865c-fc33b22fe38a/providers/Microsoft.DocumentDB/locations/westus2/operationsStatus/1b195ee7-fe5f-4303-bfe1-15a98532dd24?api-version=2022-11-15",
      "RequestMethod": "GET",
      "RequestHeaders": {
        "Authorization": "Sanitized",
        "traceparent": "00-81560d1c5a22604596acd3d623229b07-e927a741c75d544d-00",
        "User-Agent": "azsdk-net-ResourceManager/1.4.0 (.NET Framework 4.8.4614.0; Microsoft Windows 10.0.19044 )",
        "x-ms-client-request-id": "18dcf8949441e61f5d8c3a48bfa4fe43",
        "x-ms-return-client-request-id": "true"
      },
      "RequestBody": null,
      "StatusCode": 200,
      "ResponseHeaders": {
        "Cache-Control": "no-store, no-cache",
        "Content-Length": "21",
        "Content-Type": "application/json",
        "Date": "Thu, 23 Mar 2023 07:28:05 GMT",
        "Pragma": "no-cache",
        "Server": "Microsoft-HTTPAPI/2.0",
        "Strict-Transport-Security": "max-age=31536000; includeSubDomains",
        "X-Content-Type-Options": "nosniff",
        "x-ms-correlation-request-id": "fcd56404-0a2e-4279-a508-4a2150a7e7a4",
        "x-ms-gatewayversion": "version=2.14.0",
        "x-ms-ratelimit-remaining-subscription-reads": "11973",
        "x-ms-request-id": "fcd56404-0a2e-4279-a508-4a2150a7e7a4",
        "x-ms-routing-request-id": "EASTUS:20230323T072805Z:fcd56404-0a2e-4279-a508-4a2150a7e7a4"
      },
      "ResponseBody": {
        "status": "Enqueued"
      }
    },
    {
      "RequestUri": "https://management.azure.com/subscriptions/259fbb24-9bcd-4cfc-865c-fc33b22fe38a/providers/Microsoft.DocumentDB/locations/westus2/operationsStatus/1b195ee7-fe5f-4303-bfe1-15a98532dd24?api-version=2022-11-15",
      "RequestMethod": "GET",
      "RequestHeaders": {
        "Authorization": "Sanitized",
        "traceparent": "00-81560d1c5a22604596acd3d623229b07-43fb843b76b5b347-00",
        "User-Agent": "azsdk-net-ResourceManager/1.4.0 (.NET Framework 4.8.4614.0; Microsoft Windows 10.0.19044 )",
        "x-ms-client-request-id": "6733d00e0d25d6ddc5329e138c0a59b3",
        "x-ms-return-client-request-id": "true"
      },
      "RequestBody": null,
      "StatusCode": 200,
      "ResponseHeaders": {
        "Cache-Control": "no-store, no-cache",
        "Content-Length": "21",
        "Content-Type": "application/json",
        "Date": "Thu, 23 Mar 2023 07:28:06 GMT",
        "Pragma": "no-cache",
        "Server": "Microsoft-HTTPAPI/2.0",
        "Strict-Transport-Security": "max-age=31536000; includeSubDomains",
        "X-Content-Type-Options": "nosniff",
        "x-ms-correlation-request-id": "bacf320c-aa89-405c-a937-fc0851b18e60",
        "x-ms-gatewayversion": "version=2.14.0",
        "x-ms-ratelimit-remaining-subscription-reads": "11972",
        "x-ms-request-id": "bacf320c-aa89-405c-a937-fc0851b18e60",
        "x-ms-routing-request-id": "EASTUS:20230323T072807Z:bacf320c-aa89-405c-a937-fc0851b18e60"
      },
      "ResponseBody": {
        "status": "Enqueued"
      }
    },
    {
      "RequestUri": "https://management.azure.com/subscriptions/259fbb24-9bcd-4cfc-865c-fc33b22fe38a/providers/Microsoft.DocumentDB/locations/westus2/operationsStatus/1b195ee7-fe5f-4303-bfe1-15a98532dd24?api-version=2022-11-15",
      "RequestMethod": "GET",
      "RequestHeaders": {
        "Authorization": "Sanitized",
        "traceparent": "00-81560d1c5a22604596acd3d623229b07-ea6ef9bd2df86545-00",
        "User-Agent": "azsdk-net-ResourceManager/1.4.0 (.NET Framework 4.8.4614.0; Microsoft Windows 10.0.19044 )",
        "x-ms-client-request-id": "3bce14e8262dec7915d1555a25fd85d5",
        "x-ms-return-client-request-id": "true"
      },
      "RequestBody": null,
      "StatusCode": 200,
      "ResponseHeaders": {
        "Cache-Control": "no-store, no-cache",
        "Content-Length": "21",
        "Content-Type": "application/json",
        "Date": "Thu, 23 Mar 2023 07:28:07 GMT",
        "Pragma": "no-cache",
        "Server": "Microsoft-HTTPAPI/2.0",
        "Strict-Transport-Security": "max-age=31536000; includeSubDomains",
        "X-Content-Type-Options": "nosniff",
        "x-ms-correlation-request-id": "eb9ce7fb-0b42-4bbe-9a16-8d7a947140ee",
        "x-ms-gatewayversion": "version=2.14.0",
        "x-ms-ratelimit-remaining-subscription-reads": "11971",
        "x-ms-request-id": "eb9ce7fb-0b42-4bbe-9a16-8d7a947140ee",
        "x-ms-routing-request-id": "EASTUS:20230323T072808Z:eb9ce7fb-0b42-4bbe-9a16-8d7a947140ee"
      },
      "ResponseBody": {
        "status": "Enqueued"
      }
    },
    {
      "RequestUri": "https://management.azure.com/subscriptions/259fbb24-9bcd-4cfc-865c-fc33b22fe38a/providers/Microsoft.DocumentDB/locations/westus2/operationsStatus/1b195ee7-fe5f-4303-bfe1-15a98532dd24?api-version=2022-11-15",
      "RequestMethod": "GET",
      "RequestHeaders": {
        "Authorization": "Sanitized",
        "traceparent": "00-81560d1c5a22604596acd3d623229b07-d7e3950bd955f742-00",
        "User-Agent": "azsdk-net-ResourceManager/1.4.0 (.NET Framework 4.8.4614.0; Microsoft Windows 10.0.19044 )",
        "x-ms-client-request-id": "78c37c67cda686bd1a06520ff50c5a52",
        "x-ms-return-client-request-id": "true"
      },
      "RequestBody": null,
      "StatusCode": 200,
      "ResponseHeaders": {
        "Cache-Control": "no-store, no-cache",
        "Content-Length": "21",
        "Content-Type": "application/json",
        "Date": "Thu, 23 Mar 2023 07:28:08 GMT",
        "Pragma": "no-cache",
        "Server": "Microsoft-HTTPAPI/2.0",
        "Strict-Transport-Security": "max-age=31536000; includeSubDomains",
        "X-Content-Type-Options": "nosniff",
        "x-ms-correlation-request-id": "6a5d0c3e-4b77-460b-91cd-7c55d976e83e",
        "x-ms-gatewayversion": "version=2.14.0",
        "x-ms-ratelimit-remaining-subscription-reads": "11970",
        "x-ms-request-id": "6a5d0c3e-4b77-460b-91cd-7c55d976e83e",
        "x-ms-routing-request-id": "EASTUS:20230323T072809Z:6a5d0c3e-4b77-460b-91cd-7c55d976e83e"
      },
      "ResponseBody": {
        "status": "Dequeued"
      }
    },
    {
      "RequestUri": "https://management.azure.com/subscriptions/259fbb24-9bcd-4cfc-865c-fc33b22fe38a/providers/Microsoft.DocumentDB/locations/westus2/operationsStatus/1b195ee7-fe5f-4303-bfe1-15a98532dd24?api-version=2022-11-15",
      "RequestMethod": "GET",
      "RequestHeaders": {
        "Authorization": "Sanitized",
        "traceparent": "00-81560d1c5a22604596acd3d623229b07-43156d9943daa54e-00",
        "User-Agent": "azsdk-net-ResourceManager/1.4.0 (.NET Framework 4.8.4614.0; Microsoft Windows 10.0.19044 )",
        "x-ms-client-request-id": "aa5f8632c2d6e81557475254b883b0c8",
        "x-ms-return-client-request-id": "true"
      },
      "RequestBody": null,
      "StatusCode": 200,
      "ResponseHeaders": {
        "Cache-Control": "no-store, no-cache",
        "Content-Length": "21",
        "Content-Type": "application/json",
        "Date": "Thu, 23 Mar 2023 07:28:10 GMT",
        "Pragma": "no-cache",
        "Server": "Microsoft-HTTPAPI/2.0",
        "Strict-Transport-Security": "max-age=31536000; includeSubDomains",
        "X-Content-Type-Options": "nosniff",
        "x-ms-correlation-request-id": "88ec43c1-dc96-45fb-9d77-b3265c53057e",
        "x-ms-gatewayversion": "version=2.14.0",
        "x-ms-ratelimit-remaining-subscription-reads": "11969",
        "x-ms-request-id": "88ec43c1-dc96-45fb-9d77-b3265c53057e",
        "x-ms-routing-request-id": "EASTUS:20230323T072811Z:88ec43c1-dc96-45fb-9d77-b3265c53057e"
      },
      "ResponseBody": {
        "status": "Dequeued"
      }
    },
    {
      "RequestUri": "https://management.azure.com/subscriptions/259fbb24-9bcd-4cfc-865c-fc33b22fe38a/providers/Microsoft.DocumentDB/locations/westus2/operationsStatus/1b195ee7-fe5f-4303-bfe1-15a98532dd24?api-version=2022-11-15",
      "RequestMethod": "GET",
      "RequestHeaders": {
        "Authorization": "Sanitized",
        "traceparent": "00-81560d1c5a22604596acd3d623229b07-f505b99fa521d04c-00",
        "User-Agent": "azsdk-net-ResourceManager/1.4.0 (.NET Framework 4.8.4614.0; Microsoft Windows 10.0.19044 )",
        "x-ms-client-request-id": "0fabc8ade1461b0d57482127d369f609",
        "x-ms-return-client-request-id": "true"
      },
      "RequestBody": null,
      "StatusCode": 200,
      "ResponseHeaders": {
        "Cache-Control": "no-store, no-cache",
        "Content-Length": "22",
        "Content-Type": "application/json",
        "Date": "Thu, 23 Mar 2023 07:28:14 GMT",
        "Pragma": "no-cache",
        "Server": "Microsoft-HTTPAPI/2.0",
        "Strict-Transport-Security": "max-age=31536000; includeSubDomains",
        "X-Content-Type-Options": "nosniff",
        "x-ms-correlation-request-id": "6cb47e44-5927-4cea-bd19-ddb6a7a9f633",
        "x-ms-gatewayversion": "version=2.14.0",
        "x-ms-ratelimit-remaining-subscription-reads": "11968",
        "x-ms-request-id": "6cb47e44-5927-4cea-bd19-ddb6a7a9f633",
        "x-ms-routing-request-id": "EASTUS:20230323T072815Z:6cb47e44-5927-4cea-bd19-ddb6a7a9f633"
      },
      "ResponseBody": {
        "status": "Succeeded"
      }
    },
    {
      "RequestUri": "https://management.azure.com/subscriptions/259fbb24-9bcd-4cfc-865c-fc33b22fe38a/resourceGroups/dbaccount-1968/providers/Microsoft.DocumentDB/databaseAccounts/dbaccount-8775?api-version=2022-11-15",
      "RequestMethod": "DELETE",
      "RequestHeaders": {
        "Authorization": "Sanitized",
        "traceparent": "00-3da1077361af8847a8f4fb7906c38805-d13d843b60f14544-00",
        "User-Agent": "azsdk-net-ResourceManager.CosmosDB/1.3.0-alpha.20230322.1 (.NET Framework 4.8.4614.0; Microsoft Windows 10.0.19044 )",
        "x-ms-client-request-id": "9f270276da9da4ff66db205e7a69cd97",
        "x-ms-return-client-request-id": "true"
      },
      "RequestBody": null,
      "StatusCode": 202,
      "ResponseHeaders": {
        "Azure-AsyncOperation": "https://management.azure.com/subscriptions/259fbb24-9bcd-4cfc-865c-fc33b22fe38a/providers/Microsoft.DocumentDB/locations/westus2/operationsStatus/73cc10c3-c291-49a2-b3a0-98c54e00ee55?api-version=2022-11-15",
        "Cache-Control": "no-store, no-cache",
        "Content-Length": "21",
        "Content-Type": "application/json",
        "Date": "Thu, 23 Mar 2023 07:28:16 GMT",
        "Location": "https://management.azure.com/subscriptions/259fbb24-9bcd-4cfc-865c-fc33b22fe38a/providers/Microsoft.DocumentDB/locations/westus2/operationResults/73cc10c3-c291-49a2-b3a0-98c54e00ee55?api-version=2022-11-15",
        "Pragma": "no-cache",
        "Server": "Microsoft-HTTPAPI/2.0",
        "Strict-Transport-Security": "max-age=31536000; includeSubDomains",
        "X-Content-Type-Options": "nosniff",
        "x-ms-correlation-request-id": "1a5da8e1-1c7a-4f9e-b6f9-ba77c7098b97",
        "x-ms-gatewayversion": "version=2.14.0",
        "x-ms-ratelimit-remaining-subscription-deletes": "14997",
        "x-ms-request-id": "73cc10c3-c291-49a2-b3a0-98c54e00ee55",
        "x-ms-routing-request-id": "EASTUS:20230323T072816Z:1a5da8e1-1c7a-4f9e-b6f9-ba77c7098b97"
      },
      "ResponseBody": {
        "status": "Enqueued"
      }
    },
    {
      "RequestUri": "https://management.azure.com/subscriptions/259fbb24-9bcd-4cfc-865c-fc33b22fe38a/providers/Microsoft.DocumentDB/locations/westus2/operationsStatus/73cc10c3-c291-49a2-b3a0-98c54e00ee55?api-version=2022-11-15",
      "RequestMethod": "GET",
      "RequestHeaders": {
        "Authorization": "Sanitized",
        "traceparent": "00-3da1077361af8847a8f4fb7906c38805-6557efb45a153a47-00",
        "User-Agent": "azsdk-net-ResourceManager/1.4.0 (.NET Framework 4.8.4614.0; Microsoft Windows 10.0.19044 )",
        "x-ms-client-request-id": "b5dd4950115bd22ac906a86bc0aea0ed",
        "x-ms-return-client-request-id": "true"
      },
      "RequestBody": null,
      "StatusCode": 200,
      "ResponseHeaders": {
        "Cache-Control": "no-store, no-cache",
        "Content-Length": "21",
        "Content-Type": "application/json",
        "Date": "Thu, 23 Mar 2023 07:28:16 GMT",
        "Pragma": "no-cache",
        "Server": "Microsoft-HTTPAPI/2.0",
        "Strict-Transport-Security": "max-age=31536000; includeSubDomains",
        "X-Content-Type-Options": "nosniff",
        "x-ms-correlation-request-id": "986813f9-3fce-4286-9fed-1660e1304ae1",
        "x-ms-gatewayversion": "version=2.14.0",
        "x-ms-ratelimit-remaining-subscription-reads": "11967",
        "x-ms-request-id": "986813f9-3fce-4286-9fed-1660e1304ae1",
        "x-ms-routing-request-id": "EASTUS:20230323T072816Z:986813f9-3fce-4286-9fed-1660e1304ae1"
      },
      "ResponseBody": {
        "status": "Enqueued"
      }
    },
    {
      "RequestUri": "https://management.azure.com/subscriptions/259fbb24-9bcd-4cfc-865c-fc33b22fe38a/providers/Microsoft.DocumentDB/locations/westus2/operationsStatus/73cc10c3-c291-49a2-b3a0-98c54e00ee55?api-version=2022-11-15",
      "RequestMethod": "GET",
      "RequestHeaders": {
        "Authorization": "Sanitized",
        "traceparent": "00-3da1077361af8847a8f4fb7906c38805-1a02dc89e46cb24f-00",
        "User-Agent": "azsdk-net-ResourceManager/1.4.0 (.NET Framework 4.8.4614.0; Microsoft Windows 10.0.19044 )",
        "x-ms-client-request-id": "49d1897ac9072aa8f6d5265986710378",
        "x-ms-return-client-request-id": "true"
      },
      "RequestBody": null,
      "StatusCode": 200,
      "ResponseHeaders": {
        "Cache-Control": "no-store, no-cache",
        "Content-Length": "21",
        "Content-Type": "application/json",
        "Date": "Thu, 23 Mar 2023 07:28:17 GMT",
        "Pragma": "no-cache",
        "Server": "Microsoft-HTTPAPI/2.0",
        "Strict-Transport-Security": "max-age=31536000; includeSubDomains",
        "X-Content-Type-Options": "nosniff",
        "x-ms-correlation-request-id": "e94e35b4-37d1-496d-8a8a-09382e394314",
        "x-ms-gatewayversion": "version=2.14.0",
        "x-ms-ratelimit-remaining-subscription-reads": "11966",
        "x-ms-request-id": "e94e35b4-37d1-496d-8a8a-09382e394314",
        "x-ms-routing-request-id": "EASTUS:20230323T072817Z:e94e35b4-37d1-496d-8a8a-09382e394314"
      },
      "ResponseBody": {
        "status": "Enqueued"
      }
    },
    {
      "RequestUri": "https://management.azure.com/subscriptions/259fbb24-9bcd-4cfc-865c-fc33b22fe38a/providers/Microsoft.DocumentDB/locations/westus2/operationsStatus/73cc10c3-c291-49a2-b3a0-98c54e00ee55?api-version=2022-11-15",
      "RequestMethod": "GET",
      "RequestHeaders": {
        "Authorization": "Sanitized",
        "traceparent": "00-3da1077361af8847a8f4fb7906c38805-851491d5bdb20440-00",
        "User-Agent": "azsdk-net-ResourceManager/1.4.0 (.NET Framework 4.8.4614.0; Microsoft Windows 10.0.19044 )",
        "x-ms-client-request-id": "310e32c6188b443b5f8f6359a3a090ca",
        "x-ms-return-client-request-id": "true"
      },
      "RequestBody": null,
      "StatusCode": 200,
      "ResponseHeaders": {
        "Cache-Control": "no-store, no-cache",
        "Content-Length": "21",
        "Content-Type": "application/json",
        "Date": "Thu, 23 Mar 2023 07:28:18 GMT",
        "Pragma": "no-cache",
        "Server": "Microsoft-HTTPAPI/2.0",
        "Strict-Transport-Security": "max-age=31536000; includeSubDomains",
        "X-Content-Type-Options": "nosniff",
        "x-ms-correlation-request-id": "ecbe8cfb-64e5-490b-b213-91325307f819",
        "x-ms-gatewayversion": "version=2.14.0",
        "x-ms-ratelimit-remaining-subscription-reads": "11965",
        "x-ms-request-id": "ecbe8cfb-64e5-490b-b213-91325307f819",
        "x-ms-routing-request-id": "EASTUS:20230323T072819Z:ecbe8cfb-64e5-490b-b213-91325307f819"
      },
      "ResponseBody": {
        "status": "Enqueued"
      }
    },
    {
      "RequestUri": "https://management.azure.com/subscriptions/259fbb24-9bcd-4cfc-865c-fc33b22fe38a/providers/Microsoft.DocumentDB/locations/westus2/operationsStatus/73cc10c3-c291-49a2-b3a0-98c54e00ee55?api-version=2022-11-15",
      "RequestMethod": "GET",
      "RequestHeaders": {
        "Authorization": "Sanitized",
        "traceparent": "00-3da1077361af8847a8f4fb7906c38805-1c5b4b83151a8444-00",
        "User-Agent": "azsdk-net-ResourceManager/1.4.0 (.NET Framework 4.8.4614.0; Microsoft Windows 10.0.19044 )",
        "x-ms-client-request-id": "171365a3cb1c87e6a0b3be86ead04b58",
        "x-ms-return-client-request-id": "true"
      },
      "RequestBody": null,
      "StatusCode": 200,
      "ResponseHeaders": {
        "Cache-Control": "no-store, no-cache",
        "Content-Length": "21",
        "Content-Type": "application/json",
        "Date": "Thu, 23 Mar 2023 07:28:19 GMT",
        "Pragma": "no-cache",
        "Server": "Microsoft-HTTPAPI/2.0",
        "Strict-Transport-Security": "max-age=31536000; includeSubDomains",
        "X-Content-Type-Options": "nosniff",
        "x-ms-correlation-request-id": "ff3c619d-3fcf-46c6-8406-7a3ea7976ad0",
        "x-ms-gatewayversion": "version=2.14.0",
        "x-ms-ratelimit-remaining-subscription-reads": "11964",
        "x-ms-request-id": "ff3c619d-3fcf-46c6-8406-7a3ea7976ad0",
        "x-ms-routing-request-id": "EASTUS:20230323T072820Z:ff3c619d-3fcf-46c6-8406-7a3ea7976ad0"
      },
      "ResponseBody": {
        "status": "Dequeued"
      }
    },
    {
      "RequestUri": "https://management.azure.com/subscriptions/259fbb24-9bcd-4cfc-865c-fc33b22fe38a/providers/Microsoft.DocumentDB/locations/westus2/operationsStatus/73cc10c3-c291-49a2-b3a0-98c54e00ee55?api-version=2022-11-15",
      "RequestMethod": "GET",
      "RequestHeaders": {
        "Authorization": "Sanitized",
        "traceparent": "00-3da1077361af8847a8f4fb7906c38805-666c1ff0151fac40-00",
        "User-Agent": "azsdk-net-ResourceManager/1.4.0 (.NET Framework 4.8.4614.0; Microsoft Windows 10.0.19044 )",
        "x-ms-client-request-id": "8da430036fa061624e8de977664f8755",
        "x-ms-return-client-request-id": "true"
      },
      "RequestBody": null,
      "StatusCode": 200,
      "ResponseHeaders": {
        "Cache-Control": "no-store, no-cache",
        "Content-Length": "21",
        "Content-Type": "application/json",
        "Date": "Thu, 23 Mar 2023 07:28:21 GMT",
        "Pragma": "no-cache",
        "Server": "Microsoft-HTTPAPI/2.0",
        "Strict-Transport-Security": "max-age=31536000; includeSubDomains",
        "X-Content-Type-Options": "nosniff",
        "x-ms-correlation-request-id": "cab0399d-0b4f-4fe5-a129-75bca0139bb7",
        "x-ms-gatewayversion": "version=2.14.0",
        "x-ms-ratelimit-remaining-subscription-reads": "11963",
        "x-ms-request-id": "cab0399d-0b4f-4fe5-a129-75bca0139bb7",
        "x-ms-routing-request-id": "EASTUS:20230323T072822Z:cab0399d-0b4f-4fe5-a129-75bca0139bb7"
      },
      "ResponseBody": {
        "status": "Dequeued"
      }
    },
    {
      "RequestUri": "https://management.azure.com/subscriptions/259fbb24-9bcd-4cfc-865c-fc33b22fe38a/providers/Microsoft.DocumentDB/locations/westus2/operationsStatus/73cc10c3-c291-49a2-b3a0-98c54e00ee55?api-version=2022-11-15",
      "RequestMethod": "GET",
      "RequestHeaders": {
        "Authorization": "Sanitized",
        "traceparent": "00-3da1077361af8847a8f4fb7906c38805-7ed5e684a042194d-00",
        "User-Agent": "azsdk-net-ResourceManager/1.4.0 (.NET Framework 4.8.4614.0; Microsoft Windows 10.0.19044 )",
        "x-ms-client-request-id": "20b65c44eb5dfb5b4c8691d859b5598f",
        "x-ms-return-client-request-id": "true"
      },
      "RequestBody": null,
      "StatusCode": 200,
      "ResponseHeaders": {
        "Cache-Control": "no-store, no-cache",
        "Content-Length": "21",
        "Content-Type": "application/json",
        "Date": "Thu, 23 Mar 2023 07:28:25 GMT",
        "Pragma": "no-cache",
        "Server": "Microsoft-HTTPAPI/2.0",
        "Strict-Transport-Security": "max-age=31536000; includeSubDomains",
        "X-Content-Type-Options": "nosniff",
        "x-ms-correlation-request-id": "6a92d553-9b50-4b5a-943e-59de192692b2",
        "x-ms-gatewayversion": "version=2.14.0",
        "x-ms-ratelimit-remaining-subscription-reads": "11962",
        "x-ms-request-id": "6a92d553-9b50-4b5a-943e-59de192692b2",
        "x-ms-routing-request-id": "EASTUS:20230323T072826Z:6a92d553-9b50-4b5a-943e-59de192692b2"
      },
      "ResponseBody": {
        "status": "Dequeued"
      }
    },
    {
      "RequestUri": "https://management.azure.com/subscriptions/259fbb24-9bcd-4cfc-865c-fc33b22fe38a/providers/Microsoft.DocumentDB/locations/westus2/operationsStatus/73cc10c3-c291-49a2-b3a0-98c54e00ee55?api-version=2022-11-15",
      "RequestMethod": "GET",
      "RequestHeaders": {
        "Authorization": "Sanitized",
        "traceparent": "00-3da1077361af8847a8f4fb7906c38805-9ddd6d47f2c8f44d-00",
        "User-Agent": "azsdk-net-ResourceManager/1.4.0 (.NET Framework 4.8.4614.0; Microsoft Windows 10.0.19044 )",
        "x-ms-client-request-id": "73560b4302fb332903b1c98fe16f2151",
        "x-ms-return-client-request-id": "true"
      },
      "RequestBody": null,
      "StatusCode": 200,
      "ResponseHeaders": {
        "Cache-Control": "no-store, no-cache",
        "Content-Length": "21",
        "Content-Type": "application/json",
        "Date": "Thu, 23 Mar 2023 07:28:33 GMT",
        "Pragma": "no-cache",
        "Server": "Microsoft-HTTPAPI/2.0",
        "Strict-Transport-Security": "max-age=31536000; includeSubDomains",
        "X-Content-Type-Options": "nosniff",
        "x-ms-correlation-request-id": "24b9818f-74dd-4c36-bd56-b3eb6ff66269",
        "x-ms-gatewayversion": "version=2.14.0",
        "x-ms-ratelimit-remaining-subscription-reads": "11961",
        "x-ms-request-id": "24b9818f-74dd-4c36-bd56-b3eb6ff66269",
        "x-ms-routing-request-id": "EASTUS:20230323T072834Z:24b9818f-74dd-4c36-bd56-b3eb6ff66269"
      },
      "ResponseBody": {
        "status": "Dequeued"
      }
    },
    {
      "RequestUri": "https://management.azure.com/subscriptions/259fbb24-9bcd-4cfc-865c-fc33b22fe38a/providers/Microsoft.DocumentDB/locations/westus2/operationsStatus/73cc10c3-c291-49a2-b3a0-98c54e00ee55?api-version=2022-11-15",
      "RequestMethod": "GET",
      "RequestHeaders": {
        "Authorization": "Sanitized",
        "traceparent": "00-3da1077361af8847a8f4fb7906c38805-1f73589fab38a249-00",
        "User-Agent": "azsdk-net-ResourceManager/1.4.0 (.NET Framework 4.8.4614.0; Microsoft Windows 10.0.19044 )",
        "x-ms-client-request-id": "8d41682b2b1a17fad4a94119de8a0798",
        "x-ms-return-client-request-id": "true"
      },
      "RequestBody": null,
      "StatusCode": 200,
      "ResponseHeaders": {
        "Cache-Control": "no-store, no-cache",
        "Content-Length": "21",
        "Content-Type": "application/json",
        "Date": "Thu, 23 Mar 2023 07:28:49 GMT",
        "Pragma": "no-cache",
        "Server": "Microsoft-HTTPAPI/2.0",
        "Strict-Transport-Security": "max-age=31536000; includeSubDomains",
        "X-Content-Type-Options": "nosniff",
        "x-ms-correlation-request-id": "00883cb3-7ff6-47d6-a615-84f699f486c5",
        "x-ms-gatewayversion": "version=2.14.0",
        "x-ms-ratelimit-remaining-subscription-reads": "11960",
        "x-ms-request-id": "00883cb3-7ff6-47d6-a615-84f699f486c5",
        "x-ms-routing-request-id": "EASTUS:20230323T072850Z:00883cb3-7ff6-47d6-a615-84f699f486c5"
      },
      "ResponseBody": {
        "status": "Dequeued"
      }
    },
    {
      "RequestUri": "https://management.azure.com/subscriptions/259fbb24-9bcd-4cfc-865c-fc33b22fe38a/providers/Microsoft.DocumentDB/locations/westus2/operationsStatus/73cc10c3-c291-49a2-b3a0-98c54e00ee55?api-version=2022-11-15",
      "RequestMethod": "GET",
      "RequestHeaders": {
        "Authorization": "Sanitized",
        "traceparent": "00-3da1077361af8847a8f4fb7906c38805-6b11081fb6cd2d42-00",
        "User-Agent": "azsdk-net-ResourceManager/1.4.0 (.NET Framework 4.8.4614.0; Microsoft Windows 10.0.19044 )",
        "x-ms-client-request-id": "5a335a3314f8415933821dac21cb19dd",
        "x-ms-return-client-request-id": "true"
      },
      "RequestBody": null,
      "StatusCode": 200,
      "ResponseHeaders": {
        "Cache-Control": "no-store, no-cache",
        "Content-Length": "21",
        "Content-Type": "application/json",
        "Date": "Thu, 23 Mar 2023 07:29:22 GMT",
        "Pragma": "no-cache",
        "Server": "Microsoft-HTTPAPI/2.0",
        "Strict-Transport-Security": "max-age=31536000; includeSubDomains",
        "X-Content-Type-Options": "nosniff",
        "x-ms-correlation-request-id": "e49d06fa-81ed-4f64-be9e-742133d685ef",
        "x-ms-gatewayversion": "version=2.14.0",
        "x-ms-ratelimit-remaining-subscription-reads": "11959",
        "x-ms-request-id": "e49d06fa-81ed-4f64-be9e-742133d685ef",
        "x-ms-routing-request-id": "EASTUS:20230323T072922Z:e49d06fa-81ed-4f64-be9e-742133d685ef"
      },
      "ResponseBody": {
        "status": "Dequeued"
      }
    },
    {
      "RequestUri": "https://management.azure.com/subscriptions/259fbb24-9bcd-4cfc-865c-fc33b22fe38a/providers/Microsoft.DocumentDB/locations/westus2/operationsStatus/73cc10c3-c291-49a2-b3a0-98c54e00ee55?api-version=2022-11-15",
      "RequestMethod": "GET",
      "RequestHeaders": {
        "Authorization": "Sanitized",
        "traceparent": "00-3da1077361af8847a8f4fb7906c38805-f4569ffa4e4ed748-00",
        "User-Agent": "azsdk-net-ResourceManager/1.4.0 (.NET Framework 4.8.4614.0; Microsoft Windows 10.0.19044 )",
        "x-ms-client-request-id": "f1ac3f65cc731875113e9e52c00f5579",
        "x-ms-return-client-request-id": "true"
      },
      "RequestBody": null,
      "StatusCode": 200,
      "ResponseHeaders": {
        "Cache-Control": "no-store, no-cache",
        "Content-Length": "21",
        "Content-Type": "application/json",
        "Date": "Thu, 23 Mar 2023 07:29:54 GMT",
        "Pragma": "no-cache",
        "Server": "Microsoft-HTTPAPI/2.0",
        "Strict-Transport-Security": "max-age=31536000; includeSubDomains",
        "X-Content-Type-Options": "nosniff",
        "x-ms-correlation-request-id": "9c3bf26c-8f73-4f7f-8fec-5a62267f1d3b",
        "x-ms-gatewayversion": "version=2.14.0",
        "x-ms-ratelimit-remaining-subscription-reads": "11958",
        "x-ms-request-id": "9c3bf26c-8f73-4f7f-8fec-5a62267f1d3b",
        "x-ms-routing-request-id": "EASTUS:20230323T072954Z:9c3bf26c-8f73-4f7f-8fec-5a62267f1d3b"
      },
      "ResponseBody": {
        "status": "Dequeued"
      }
    },
    {
      "RequestUri": "https://management.azure.com/subscriptions/259fbb24-9bcd-4cfc-865c-fc33b22fe38a/providers/Microsoft.DocumentDB/locations/westus2/operationsStatus/73cc10c3-c291-49a2-b3a0-98c54e00ee55?api-version=2022-11-15",
      "RequestMethod": "GET",
      "RequestHeaders": {
        "Authorization": "Sanitized",
        "traceparent": "00-3da1077361af8847a8f4fb7906c38805-e2c5bc35e754a641-00",
        "User-Agent": "azsdk-net-ResourceManager/1.4.0 (.NET Framework 4.8.4614.0; Microsoft Windows 10.0.19044 )",
        "x-ms-client-request-id": "875b30a9c63b17580eff5a970d4ef508",
        "x-ms-return-client-request-id": "true"
      },
      "RequestBody": null,
      "StatusCode": 200,
      "ResponseHeaders": {
        "Cache-Control": "no-store, no-cache",
        "Content-Length": "21",
        "Content-Type": "application/json",
        "Date": "Thu, 23 Mar 2023 07:30:26 GMT",
        "Pragma": "no-cache",
        "Server": "Microsoft-HTTPAPI/2.0",
        "Strict-Transport-Security": "max-age=31536000; includeSubDomains",
        "X-Content-Type-Options": "nosniff",
        "x-ms-correlation-request-id": "f441914d-9e10-44f3-befb-95c9877ea5bb",
        "x-ms-gatewayversion": "version=2.14.0",
        "x-ms-ratelimit-remaining-subscription-reads": "11957",
        "x-ms-request-id": "f441914d-9e10-44f3-befb-95c9877ea5bb",
        "x-ms-routing-request-id": "EASTUS:20230323T073026Z:f441914d-9e10-44f3-befb-95c9877ea5bb"
      },
      "ResponseBody": {
        "status": "Dequeued"
      }
    },
    {
      "RequestUri": "https://management.azure.com/subscriptions/259fbb24-9bcd-4cfc-865c-fc33b22fe38a/providers/Microsoft.DocumentDB/locations/westus2/operationsStatus/73cc10c3-c291-49a2-b3a0-98c54e00ee55?api-version=2022-11-15",
      "RequestMethod": "GET",
      "RequestHeaders": {
        "Authorization": "Sanitized",
        "traceparent": "00-3da1077361af8847a8f4fb7906c38805-778d322e3712d24a-00",
        "User-Agent": "azsdk-net-ResourceManager/1.4.0 (.NET Framework 4.8.4614.0; Microsoft Windows 10.0.19044 )",
        "x-ms-client-request-id": "9eb3648f16dd6724e41a49ba75078023",
        "x-ms-return-client-request-id": "true"
      },
      "RequestBody": null,
      "StatusCode": 200,
      "ResponseHeaders": {
        "Cache-Control": "no-store, no-cache",
        "Content-Length": "21",
        "Content-Type": "application/json",
        "Date": "Thu, 23 Mar 2023 07:30:58 GMT",
        "Pragma": "no-cache",
        "Server": "Microsoft-HTTPAPI/2.0",
        "Strict-Transport-Security": "max-age=31536000; includeSubDomains",
        "X-Content-Type-Options": "nosniff",
        "x-ms-correlation-request-id": "2acc7539-002e-4475-8a51-8a9f2caba347",
        "x-ms-gatewayversion": "version=2.14.0",
        "x-ms-ratelimit-remaining-subscription-reads": "11956",
        "x-ms-request-id": "2acc7539-002e-4475-8a51-8a9f2caba347",
        "x-ms-routing-request-id": "EASTUS:20230323T073059Z:2acc7539-002e-4475-8a51-8a9f2caba347"
      },
      "ResponseBody": {
        "status": "Dequeued"
      }
    },
    {
      "RequestUri": "https://management.azure.com/subscriptions/259fbb24-9bcd-4cfc-865c-fc33b22fe38a/providers/Microsoft.DocumentDB/locations/westus2/operationsStatus/73cc10c3-c291-49a2-b3a0-98c54e00ee55?api-version=2022-11-15",
      "RequestMethod": "GET",
      "RequestHeaders": {
        "Authorization": "Sanitized",
        "traceparent": "00-3da1077361af8847a8f4fb7906c38805-7e282bac9680b442-00",
        "User-Agent": "azsdk-net-ResourceManager/1.4.0 (.NET Framework 4.8.4614.0; Microsoft Windows 10.0.19044 )",
        "x-ms-client-request-id": "f002a42d91709fa1e795e27471de0ac2",
        "x-ms-return-client-request-id": "true"
      },
      "RequestBody": null,
      "StatusCode": 200,
      "ResponseHeaders": {
        "Cache-Control": "no-store, no-cache",
        "Content-Length": "21",
        "Content-Type": "application/json",
        "Date": "Thu, 23 Mar 2023 07:31:30 GMT",
        "Pragma": "no-cache",
        "Server": "Microsoft-HTTPAPI/2.0",
        "Strict-Transport-Security": "max-age=31536000; includeSubDomains",
        "X-Content-Type-Options": "nosniff",
        "x-ms-correlation-request-id": "8a84b96c-a72a-4640-8205-79515496f1a9",
        "x-ms-gatewayversion": "version=2.14.0",
        "x-ms-ratelimit-remaining-subscription-reads": "11955",
        "x-ms-request-id": "8a84b96c-a72a-4640-8205-79515496f1a9",
        "x-ms-routing-request-id": "EASTUS:20230323T073131Z:8a84b96c-a72a-4640-8205-79515496f1a9"
      },
      "ResponseBody": {
        "status": "Dequeued"
      }
    },
    {
      "RequestUri": "https://management.azure.com/subscriptions/259fbb24-9bcd-4cfc-865c-fc33b22fe38a/providers/Microsoft.DocumentDB/locations/westus2/operationsStatus/73cc10c3-c291-49a2-b3a0-98c54e00ee55?api-version=2022-11-15",
      "RequestMethod": "GET",
      "RequestHeaders": {
        "Authorization": "Sanitized",
        "traceparent": "00-3da1077361af8847a8f4fb7906c38805-8ea26457ecf10c42-00",
        "User-Agent": "azsdk-net-ResourceManager/1.4.0 (.NET Framework 4.8.4614.0; Microsoft Windows 10.0.19044 )",
        "x-ms-client-request-id": "5cc29549b65b939b0cf4a3207c9ea107",
        "x-ms-return-client-request-id": "true"
      },
      "RequestBody": null,
      "StatusCode": 200,
      "ResponseHeaders": {
        "Cache-Control": "no-store, no-cache",
        "Content-Length": "21",
        "Content-Type": "application/json",
        "Date": "Thu, 23 Mar 2023 07:32:02 GMT",
        "Pragma": "no-cache",
        "Server": "Microsoft-HTTPAPI/2.0",
        "Strict-Transport-Security": "max-age=31536000; includeSubDomains",
        "X-Content-Type-Options": "nosniff",
        "x-ms-correlation-request-id": "ee5add94-2e44-4236-9a70-262674b5d4f9",
        "x-ms-gatewayversion": "version=2.14.0",
        "x-ms-ratelimit-remaining-subscription-reads": "11954",
        "x-ms-request-id": "ee5add94-2e44-4236-9a70-262674b5d4f9",
        "x-ms-routing-request-id": "EASTUS:20230323T073203Z:ee5add94-2e44-4236-9a70-262674b5d4f9"
      },
      "ResponseBody": {
        "status": "Dequeued"
      }
    },
    {
      "RequestUri": "https://management.azure.com/subscriptions/259fbb24-9bcd-4cfc-865c-fc33b22fe38a/providers/Microsoft.DocumentDB/locations/westus2/operationsStatus/73cc10c3-c291-49a2-b3a0-98c54e00ee55?api-version=2022-11-15",
      "RequestMethod": "GET",
      "RequestHeaders": {
        "Authorization": "Sanitized",
        "Connection": "close",
        "traceparent": "00-3da1077361af8847a8f4fb7906c38805-6a8e45d4bcc5354c-00",
        "User-Agent": "azsdk-net-ResourceManager/1.4.0 (.NET Framework 4.8.4614.0; Microsoft Windows 10.0.19044 )",
        "x-ms-client-request-id": "696a367e044bfe98c314b64834b0f506",
        "x-ms-return-client-request-id": "true"
      },
      "RequestBody": null,
      "StatusCode": 200,
      "ResponseHeaders": {
        "Cache-Control": "no-store, no-cache",
        "Connection": "close",
        "Content-Length": "21",
        "Content-Type": "application/json",
        "Date": "Thu, 23 Mar 2023 07:32:34 GMT",
        "Pragma": "no-cache",
        "Server": "Microsoft-HTTPAPI/2.0",
        "Strict-Transport-Security": "max-age=31536000; includeSubDomains",
        "X-Content-Type-Options": "nosniff",
        "x-ms-correlation-request-id": "f594c13a-4aa0-4602-99e2-77c5ae31f021",
        "x-ms-gatewayversion": "version=2.14.0",
        "x-ms-ratelimit-remaining-subscription-reads": "11953",
        "x-ms-request-id": "f594c13a-4aa0-4602-99e2-77c5ae31f021",
        "x-ms-routing-request-id": "EASTUS:20230323T073235Z:f594c13a-4aa0-4602-99e2-77c5ae31f021"
      },
      "ResponseBody": {
        "status": "Dequeued"
      }
    },
    {
      "RequestUri": "https://management.azure.com/subscriptions/259fbb24-9bcd-4cfc-865c-fc33b22fe38a/providers/Microsoft.DocumentDB/locations/westus2/operationsStatus/73cc10c3-c291-49a2-b3a0-98c54e00ee55?api-version=2022-11-15",
      "RequestMethod": "GET",
      "RequestHeaders": {
        "Authorization": "Sanitized",
        "traceparent": "00-3da1077361af8847a8f4fb7906c38805-bb97f2e4b0ff0f44-00",
        "User-Agent": "azsdk-net-ResourceManager/1.4.0 (.NET Framework 4.8.4614.0; Microsoft Windows 10.0.19044 )",
        "x-ms-client-request-id": "e070860f244476c7086fe47bee812249",
        "x-ms-return-client-request-id": "true"
      },
      "RequestBody": null,
      "StatusCode": 200,
      "ResponseHeaders": {
        "Cache-Control": "no-store, no-cache",
        "Content-Length": "21",
        "Content-Type": "application/json",
        "Date": "Thu, 23 Mar 2023 07:33:06 GMT",
        "Pragma": "no-cache",
        "Server": "Microsoft-HTTPAPI/2.0",
        "Strict-Transport-Security": "max-age=31536000; includeSubDomains",
        "X-Content-Type-Options": "nosniff",
        "x-ms-correlation-request-id": "29960a5e-e681-447a-a96e-39310e806c01",
        "x-ms-gatewayversion": "version=2.14.0",
        "x-ms-ratelimit-remaining-subscription-reads": "11952",
        "x-ms-request-id": "29960a5e-e681-447a-a96e-39310e806c01",
        "x-ms-routing-request-id": "EASTUS:20230323T073307Z:29960a5e-e681-447a-a96e-39310e806c01"
      },
      "ResponseBody": {
        "status": "Dequeued"
      }
    },
    {
      "RequestUri": "https://management.azure.com/subscriptions/259fbb24-9bcd-4cfc-865c-fc33b22fe38a/providers/Microsoft.DocumentDB/locations/westus2/operationsStatus/73cc10c3-c291-49a2-b3a0-98c54e00ee55?api-version=2022-11-15",
      "RequestMethod": "GET",
      "RequestHeaders": {
        "Authorization": "Sanitized",
        "traceparent": "00-3da1077361af8847a8f4fb7906c38805-60c44d029f80ab41-00",
        "User-Agent": "azsdk-net-ResourceManager/1.4.0 (.NET Framework 4.8.4614.0; Microsoft Windows 10.0.19044 )",
        "x-ms-client-request-id": "3bf5dbf4a1744477fdc49846ff535f5b",
        "x-ms-return-client-request-id": "true"
      },
      "RequestBody": null,
      "StatusCode": 200,
      "ResponseHeaders": {
        "Cache-Control": "no-store, no-cache",
        "Content-Length": "21",
        "Content-Type": "application/json",
        "Date": "Thu, 23 Mar 2023 07:33:38 GMT",
        "Pragma": "no-cache",
        "Server": "Microsoft-HTTPAPI/2.0",
        "Strict-Transport-Security": "max-age=31536000; includeSubDomains",
        "X-Content-Type-Options": "nosniff",
        "x-ms-correlation-request-id": "c553647b-0d11-4da7-85d6-bb1a5bb163fa",
        "x-ms-gatewayversion": "version=2.14.0",
        "x-ms-ratelimit-remaining-subscription-reads": "11951",
        "x-ms-request-id": "c553647b-0d11-4da7-85d6-bb1a5bb163fa",
        "x-ms-routing-request-id": "EASTUS:20230323T073339Z:c553647b-0d11-4da7-85d6-bb1a5bb163fa"
      },
      "ResponseBody": {
        "status": "Dequeued"
      }
    },
    {
      "RequestUri": "https://management.azure.com/subscriptions/259fbb24-9bcd-4cfc-865c-fc33b22fe38a/providers/Microsoft.DocumentDB/locations/westus2/operationsStatus/73cc10c3-c291-49a2-b3a0-98c54e00ee55?api-version=2022-11-15",
      "RequestMethod": "GET",
      "RequestHeaders": {
        "Authorization": "Sanitized",
        "traceparent": "00-3da1077361af8847a8f4fb7906c38805-443558123289bb4f-00",
        "User-Agent": "azsdk-net-ResourceManager/1.4.0 (.NET Framework 4.8.4614.0; Microsoft Windows 10.0.19044 )",
        "x-ms-client-request-id": "f6109cfec12d59c26ff360dc1f1c0f41",
        "x-ms-return-client-request-id": "true"
      },
      "RequestBody": null,
      "StatusCode": 200,
      "ResponseHeaders": {
        "Cache-Control": "no-store, no-cache",
        "Content-Length": "21",
        "Content-Type": "application/json",
        "Date": "Thu, 23 Mar 2023 07:34:10 GMT",
        "Pragma": "no-cache",
        "Server": "Microsoft-HTTPAPI/2.0",
        "Strict-Transport-Security": "max-age=31536000; includeSubDomains",
        "X-Content-Type-Options": "nosniff",
        "x-ms-correlation-request-id": "7d939a24-ed6c-42e0-a928-684f19bfe097",
        "x-ms-gatewayversion": "version=2.14.0",
        "x-ms-ratelimit-remaining-subscription-reads": "11950",
        "x-ms-request-id": "7d939a24-ed6c-42e0-a928-684f19bfe097",
        "x-ms-routing-request-id": "EASTUS:20230323T073411Z:7d939a24-ed6c-42e0-a928-684f19bfe097"
      },
      "ResponseBody": {
        "status": "Dequeued"
      }
    },
    {
      "RequestUri": "https://management.azure.com/subscriptions/259fbb24-9bcd-4cfc-865c-fc33b22fe38a/providers/Microsoft.DocumentDB/locations/westus2/operationsStatus/73cc10c3-c291-49a2-b3a0-98c54e00ee55?api-version=2022-11-15",
      "RequestMethod": "GET",
      "RequestHeaders": {
        "Authorization": "Sanitized",
        "traceparent": "00-3da1077361af8847a8f4fb7906c38805-d0178905fa614c42-00",
        "User-Agent": "azsdk-net-ResourceManager/1.4.0 (.NET Framework 4.8.4614.0; Microsoft Windows 10.0.19044 )",
        "x-ms-client-request-id": "58536df2baba6e920f2ce2808b8076b5",
        "x-ms-return-client-request-id": "true"
      },
      "RequestBody": null,
      "StatusCode": 200,
      "ResponseHeaders": {
        "Cache-Control": "no-store, no-cache",
        "Content-Length": "21",
        "Content-Type": "application/json",
        "Date": "Thu, 23 Mar 2023 07:34:43 GMT",
        "Pragma": "no-cache",
        "Server": "Microsoft-HTTPAPI/2.0",
        "Strict-Transport-Security": "max-age=31536000; includeSubDomains",
        "X-Content-Type-Options": "nosniff",
        "x-ms-correlation-request-id": "677b8e91-9bc3-4e3e-827b-7e4f895346ff",
        "x-ms-gatewayversion": "version=2.14.0",
        "x-ms-ratelimit-remaining-subscription-reads": "11949",
        "x-ms-request-id": "677b8e91-9bc3-4e3e-827b-7e4f895346ff",
        "x-ms-routing-request-id": "EASTUS:20230323T073443Z:677b8e91-9bc3-4e3e-827b-7e4f895346ff"
      },
      "ResponseBody": {
        "status": "Dequeued"
      }
    },
    {
      "RequestUri": "https://management.azure.com/subscriptions/259fbb24-9bcd-4cfc-865c-fc33b22fe38a/providers/Microsoft.DocumentDB/locations/westus2/operationsStatus/73cc10c3-c291-49a2-b3a0-98c54e00ee55?api-version=2022-11-15",
      "RequestMethod": "GET",
      "RequestHeaders": {
        "Authorization": "Sanitized",
        "traceparent": "00-3da1077361af8847a8f4fb7906c38805-8db307cf08197341-00",
        "User-Agent": "azsdk-net-ResourceManager/1.4.0 (.NET Framework 4.8.4614.0; Microsoft Windows 10.0.19044 )",
        "x-ms-client-request-id": "517d890f2b70331c189bcb80409a24e0",
        "x-ms-return-client-request-id": "true"
      },
      "RequestBody": null,
      "StatusCode": 200,
      "ResponseHeaders": {
        "Cache-Control": "no-store, no-cache",
        "Content-Length": "21",
        "Content-Type": "application/json",
        "Date": "Thu, 23 Mar 2023 07:35:15 GMT",
        "Pragma": "no-cache",
        "Server": "Microsoft-HTTPAPI/2.0",
        "Strict-Transport-Security": "max-age=31536000; includeSubDomains",
        "X-Content-Type-Options": "nosniff",
        "x-ms-correlation-request-id": "275f155b-f545-40b4-802d-91f9350106ed",
        "x-ms-gatewayversion": "version=2.14.0",
        "x-ms-ratelimit-remaining-subscription-reads": "11948",
        "x-ms-request-id": "275f155b-f545-40b4-802d-91f9350106ed",
        "x-ms-routing-request-id": "EASTUS:20230323T073516Z:275f155b-f545-40b4-802d-91f9350106ed"
      },
      "ResponseBody": {
        "status": "Dequeued"
      }
    },
    {
      "RequestUri": "https://management.azure.com/subscriptions/259fbb24-9bcd-4cfc-865c-fc33b22fe38a/providers/Microsoft.DocumentDB/locations/westus2/operationsStatus/73cc10c3-c291-49a2-b3a0-98c54e00ee55?api-version=2022-11-15",
      "RequestMethod": "GET",
      "RequestHeaders": {
        "Authorization": "Sanitized",
        "traceparent": "00-3da1077361af8847a8f4fb7906c38805-233dfebb50f01f4f-00",
        "User-Agent": "azsdk-net-ResourceManager/1.4.0 (.NET Framework 4.8.4614.0; Microsoft Windows 10.0.19044 )",
        "x-ms-client-request-id": "925456b406ff44a00aa1e600de42cdee",
        "x-ms-return-client-request-id": "true"
      },
      "RequestBody": null,
      "StatusCode": 200,
      "ResponseHeaders": {
        "Cache-Control": "no-store, no-cache",
        "Content-Length": "21",
        "Content-Type": "application/json",
        "Date": "Thu, 23 Mar 2023 07:35:47 GMT",
        "Pragma": "no-cache",
        "Server": "Microsoft-HTTPAPI/2.0",
        "Strict-Transport-Security": "max-age=31536000; includeSubDomains",
        "X-Content-Type-Options": "nosniff",
        "x-ms-correlation-request-id": "69c69799-099b-4a74-a7f2-ef75d89b8a93",
        "x-ms-gatewayversion": "version=2.14.0",
        "x-ms-ratelimit-remaining-subscription-reads": "11947",
        "x-ms-request-id": "69c69799-099b-4a74-a7f2-ef75d89b8a93",
        "x-ms-routing-request-id": "EASTUS:20230323T073548Z:69c69799-099b-4a74-a7f2-ef75d89b8a93"
      },
      "ResponseBody": {
        "status": "Dequeued"
      }
    },
    {
      "RequestUri": "https://management.azure.com/subscriptions/259fbb24-9bcd-4cfc-865c-fc33b22fe38a/providers/Microsoft.DocumentDB/locations/westus2/operationsStatus/73cc10c3-c291-49a2-b3a0-98c54e00ee55?api-version=2022-11-15",
      "RequestMethod": "GET",
      "RequestHeaders": {
        "Authorization": "Sanitized",
        "traceparent": "00-3da1077361af8847a8f4fb7906c38805-3ec8556cb189ed42-00",
        "User-Agent": "azsdk-net-ResourceManager/1.4.0 (.NET Framework 4.8.4614.0; Microsoft Windows 10.0.19044 )",
        "x-ms-client-request-id": "96ccab7cbe9fc7d15020401fee112d74",
        "x-ms-return-client-request-id": "true"
      },
      "RequestBody": null,
      "StatusCode": 200,
      "ResponseHeaders": {
        "Cache-Control": "no-store, no-cache",
        "Content-Length": "21",
        "Content-Type": "application/json",
        "Date": "Thu, 23 Mar 2023 07:36:19 GMT",
        "Pragma": "no-cache",
        "Server": "Microsoft-HTTPAPI/2.0",
        "Strict-Transport-Security": "max-age=31536000; includeSubDomains",
        "X-Content-Type-Options": "nosniff",
        "x-ms-correlation-request-id": "bea14953-5a7a-44d9-8e04-7916b9ed8ebc",
        "x-ms-gatewayversion": "version=2.14.0",
        "x-ms-ratelimit-remaining-subscription-reads": "11946",
        "x-ms-request-id": "bea14953-5a7a-44d9-8e04-7916b9ed8ebc",
        "x-ms-routing-request-id": "EASTUS:20230323T073620Z:bea14953-5a7a-44d9-8e04-7916b9ed8ebc"
      },
      "ResponseBody": {
        "status": "Dequeued"
      }
    },
    {
      "RequestUri": "https://management.azure.com/subscriptions/259fbb24-9bcd-4cfc-865c-fc33b22fe38a/providers/Microsoft.DocumentDB/locations/westus2/operationsStatus/73cc10c3-c291-49a2-b3a0-98c54e00ee55?api-version=2022-11-15",
      "RequestMethod": "GET",
      "RequestHeaders": {
        "Authorization": "Sanitized",
        "traceparent": "00-3da1077361af8847a8f4fb7906c38805-79ef7ecfb74ffb44-00",
        "User-Agent": "azsdk-net-ResourceManager/1.4.0 (.NET Framework 4.8.4614.0; Microsoft Windows 10.0.19044 )",
        "x-ms-client-request-id": "35cb0207e32c09b6e83946ce441b55d5",
        "x-ms-return-client-request-id": "true"
      },
      "RequestBody": null,
      "StatusCode": 200,
      "ResponseHeaders": {
        "Cache-Control": "no-store, no-cache",
        "Content-Length": "21",
        "Content-Type": "application/json",
        "Date": "Thu, 23 Mar 2023 07:36:51 GMT",
        "Pragma": "no-cache",
        "Server": "Microsoft-HTTPAPI/2.0",
        "Strict-Transport-Security": "max-age=31536000; includeSubDomains",
        "X-Content-Type-Options": "nosniff",
        "x-ms-correlation-request-id": "18c6bfa1-651a-497f-b846-304afaf6ce0f",
        "x-ms-gatewayversion": "version=2.14.0",
        "x-ms-ratelimit-remaining-subscription-reads": "11945",
        "x-ms-request-id": "18c6bfa1-651a-497f-b846-304afaf6ce0f",
        "x-ms-routing-request-id": "EASTUS:20230323T073652Z:18c6bfa1-651a-497f-b846-304afaf6ce0f"
      },
      "ResponseBody": {
        "status": "Dequeued"
      }
    },
    {
      "RequestUri": "https://management.azure.com/subscriptions/259fbb24-9bcd-4cfc-865c-fc33b22fe38a/providers/Microsoft.DocumentDB/locations/westus2/operationsStatus/73cc10c3-c291-49a2-b3a0-98c54e00ee55?api-version=2022-11-15",
      "RequestMethod": "GET",
      "RequestHeaders": {
        "Authorization": "Sanitized",
        "traceparent": "00-3da1077361af8847a8f4fb7906c38805-7cae6fe25bf93841-00",
        "User-Agent": "azsdk-net-ResourceManager/1.4.0 (.NET Framework 4.8.4614.0; Microsoft Windows 10.0.19044 )",
        "x-ms-client-request-id": "9503dccd8ecdf641858c41dec58155f9",
        "x-ms-return-client-request-id": "true"
      },
      "RequestBody": null,
      "StatusCode": 200,
      "ResponseHeaders": {
        "Cache-Control": "no-store, no-cache",
        "Content-Length": "22",
        "Content-Type": "application/json",
        "Date": "Thu, 23 Mar 2023 07:37:23 GMT",
        "Pragma": "no-cache",
        "Server": "Microsoft-HTTPAPI/2.0",
        "Strict-Transport-Security": "max-age=31536000; includeSubDomains",
        "X-Content-Type-Options": "nosniff",
        "x-ms-correlation-request-id": "5472c184-7910-4bb0-92dd-0e0fd4bb374e",
        "x-ms-gatewayversion": "version=2.14.0",
        "x-ms-ratelimit-remaining-subscription-reads": "11944",
        "x-ms-request-id": "5472c184-7910-4bb0-92dd-0e0fd4bb374e",
        "x-ms-routing-request-id": "EASTUS:20230323T073724Z:5472c184-7910-4bb0-92dd-0e0fd4bb374e"
      },
      "ResponseBody": {
        "status": "Succeeded"
      }
    }
  ],
  "Variables": {
    "AZURE_AUTHORITY_HOST": "https://login.microsoftonline.com/",
    "RandomSeed": "1414993436",
    "RESOURCE_MANAGER_URL": "https://management.azure.com/",
    "SUBSCRIPTION_ID": "259fbb24-9bcd-4cfc-865c-fc33b22fe38a"
  }
}
