{
  "Entries": [
    {
      "RequestUri": "/subscriptions/6926fc75-ce7d-4c9e-a87f-c4e38c594eb5/resourcegroups/azsmnet9354?api-version=2017-05-10",
      "RequestMethod": "PUT",
      "RequestHeaders": {
        "accept-language": "en-US",
        "Content-Length": "35",
        "Content-Type": "application/json; charset=utf-8",
        "User-Agent": [
          "FxVersion/4.6.25211.01",
          "Microsoft.Azure.Management.ResourceManager.ResourceManagementClient/1.6.0.0"
        ],
        "x-ms-client-request-id": "85875621-49c3-414b-9cef-9b6a00bf66a0"
      },
      "RequestBody": [
        "{\r\n",
        "  \u0022location\u0022: \u0022centraluseuap\u0022\r\n",
        "}"
      ],
      "StatusCode": 201,
      "ResponseHeaders": {
        "Cache-Control": "no-cache",
        "Content-Length": "215",
        "Content-Type": "application/json; charset=utf-8",
        "Date": "Tue, 09 Jan 2018 01:03:04 GMT",
        "Expires": "-1",
        "Pragma": "no-cache",
        "Strict-Transport-Security": "max-age=31536000; includeSubDomains",
        "x-ms-correlation-request-id": "4932c176-d374-4334-a164-98d73c9598fd",
        "x-ms-ratelimit-remaining-subscription-writes": "1199",
        "x-ms-request-id": "4932c176-d374-4334-a164-98d73c9598fd",
        "x-ms-routing-request-id": "WESTUS2:20180109T010305Z:4932c176-d374-4334-a164-98d73c9598fd"
      },
      "ResponseBody": [
        "{\r\n",
        "  \u0022id\u0022: \u0022/subscriptions/6926fc75-ce7d-4c9e-a87f-c4e38c594eb5/resourceGroups/azsmnet9354\u0022,\r\n",
        "  \u0022name\u0022: \u0022azsmnet9354\u0022,\r\n",
        "  \u0022location\u0022: \u0022centraluseuap\u0022,\r\n",
        "  \u0022properties\u0022: {\r\n",
        "    \u0022provisioningState\u0022: \u0022Succeeded\u0022\r\n",
        "  }\r\n",
        "}"
      ]
    },
    {
      "RequestUri": "/subscriptions/6926fc75-ce7d-4c9e-a87f-c4e38c594eb5/resourcegroups/azsmnet9354/providers/Microsoft.Resources/deployments/azsmnet7458?api-version=2017-05-10",
      "RequestMethod": "PUT",
      "RequestHeaders": {
        "accept-language": "en-US",
        "Content-Length": "10934",
        "Content-Type": "application/json; charset=utf-8",
        "User-Agent": [
          "FxVersion/4.6.25211.01",
          "Microsoft.Azure.Management.ResourceManager.ResourceManagementClient/1.6.0.0"
        ],
        "x-ms-client-request-id": "297152ef-e32f-41ca-8d72-b6a455f30e15"
      },
      "RequestBody": [
        "{\r\n",
        "  \u0022properties\u0022: {\r\n",
        "    \u0022template\u0022: {\r\n",
        "      \u0022$schema\u0022: \u0022http://schema.management.azure.com/schemas/2015-01-01/deploymentTemplate.json#\u0022,\r\n",
        "      \u0022contentVersion\u0022: \u00221.0.0.0\u0022,\r\n",
        "      \u0022parameters\u0022: {\r\n",
        "        \u0022resourceGroupName\u0022: {\r\n",
        "          \u0022type\u0022: \u0022String\u0022\r\n",
        "        },\r\n",
        "        \u0022location\u0022: {\r\n",
        "          \u0022type\u0022: \u0022String\u0022\r\n",
        "        },\r\n",
        "        \u0022virtualMachineName\u0022: {\r\n",
        "          \u0022type\u0022: \u0022String\u0022\r\n",
        "        },\r\n",
        "        \u0022virtualMachineSize\u0022: {\r\n",
        "          \u0022type\u0022: \u0022String\u0022\r\n",
        "        },\r\n",
        "        \u0022adminUsername\u0022: {\r\n",
        "          \u0022type\u0022: \u0022String\u0022\r\n",
        "        },\r\n",
        "        \u0022storageAccountName\u0022: {\r\n",
        "          \u0022type\u0022: \u0022String\u0022\r\n",
        "        },\r\n",
        "        \u0022virtualNetworkName\u0022: {\r\n",
        "          \u0022type\u0022: \u0022String\u0022\r\n",
        "        },\r\n",
        "        \u0022routeTableName\u0022: {\r\n",
        "          \u0022type\u0022: \u0022String\u0022\r\n",
        "        },\r\n",
        "        \u0022networkInterfaceName\u0022: {\r\n",
        "          \u0022type\u0022: \u0022String\u0022\r\n",
        "        },\r\n",
        "        \u0022networkSecurityGroupName\u0022: {\r\n",
        "          \u0022type\u0022: \u0022String\u0022\r\n",
        "        },\r\n",
        "        \u0022adminPassword\u0022: {\r\n",
        "          \u0022type\u0022: \u0022SecureString\u0022\r\n",
        "        },\r\n",
        "        \u0022storageAccountType\u0022: {\r\n",
        "          \u0022type\u0022: \u0022String\u0022\r\n",
        "        },\r\n",
        "        \u0022diagnosticsStorageAccountName\u0022: {\r\n",
        "          \u0022type\u0022: \u0022String\u0022\r\n",
        "        },\r\n",
        "        \u0022diagnosticsStorageAccountId\u0022: {\r\n",
        "          \u0022type\u0022: \u0022String\u0022\r\n",
        "        },\r\n",
        "        \u0022diagnosticsStorageAccountType\u0022: {\r\n",
        "          \u0022type\u0022: \u0022String\u0022\r\n",
        "        },\r\n",
        "        \u0022addressPrefix\u0022: {\r\n",
        "          \u0022type\u0022: \u0022String\u0022\r\n",
        "        },\r\n",
        "        \u0022subnetName\u0022: {\r\n",
        "          \u0022type\u0022: \u0022String\u0022\r\n",
        "        },\r\n",
        "        \u0022subnetPrefix\u0022: {\r\n",
        "          \u0022type\u0022: \u0022String\u0022\r\n",
        "        },\r\n",
        "        \u0022publicIpAddressName\u0022: {\r\n",
        "          \u0022type\u0022: \u0022String\u0022\r\n",
        "        },\r\n",
        "        \u0022publicIpAddressType\u0022: {\r\n",
        "          \u0022type\u0022: \u0022String\u0022\r\n",
        "        }\r\n",
        "      },\r\n",
        "      \u0022variables\u0022: {\r\n",
        "        \u0022vnetId\u0022: \u0022[resourceId(parameters(\u0027resourceGroupName\u0027),\u0027Microsoft.Network/virtualNetworks\u0027, parameters(\u0027virtualNetworkName\u0027))]\u0022,\r\n",
        "        \u0022subnetRef\u0022: \u0022[concat(variables(\u0027vnetId\u0027), \u0027/subnets/\u0027, parameters(\u0027subnetName\u0027))]\u0022\r\n",
        "      },\r\n",
        "      \u0022resources\u0022: [\r\n",
        "        {\r\n",
        "          \u0022type\u0022: \u0022Microsoft.Compute/virtualMachines\u0022,\r\n",
        "          \u0022name\u0022: \u0022[parameters(\u0027virtualMachineName\u0027)]\u0022,\r\n",
        "          \u0022apiVersion\u0022: \u00222015-06-15\u0022,\r\n",
        "          \u0022location\u0022: \u0022[parameters(\u0027location\u0027)]\u0022,\r\n",
        "          \u0022properties\u0022: {\r\n",
        "            \u0022osProfile\u0022: {\r\n",
        "              \u0022computerName\u0022: \u0022[parameters(\u0027virtualMachineName\u0027)]\u0022,\r\n",
        "              \u0022adminUsername\u0022: \u0022[parameters(\u0027adminUsername\u0027)]\u0022,\r\n",
        "              \u0022adminPassword\u0022: \u0022[parameters(\u0027adminPassword\u0027)]\u0022,\r\n",
        "              \u0022windowsConfiguration\u0022: {\r\n",
        "                \u0022provisionVmAgent\u0022: \u0022true\u0022\r\n",
        "              }\r\n",
        "            },\r\n",
        "            \u0022hardwareProfile\u0022: {\r\n",
        "              \u0022vmSize\u0022: \u0022[parameters(\u0027virtualMachineSize\u0027)]\u0022\r\n",
        "            },\r\n",
        "            \u0022storageProfile\u0022: {\r\n",
        "              \u0022imageReference\u0022: {\r\n",
        "                \u0022publisher\u0022: \u0022MicrosoftWindowsServer\u0022,\r\n",
        "                \u0022offer\u0022: \u0022WindowsServer\u0022,\r\n",
        "                \u0022sku\u0022: \u00222016-Datacenter\u0022,\r\n",
        "                \u0022version\u0022: \u0022latest\u0022\r\n",
        "              },\r\n",
        "              \u0022osDisk\u0022: {\r\n",
        "                \u0022name\u0022: \u0022[parameters(\u0027virtualMachineName\u0027)]\u0022,\r\n",
        "                \u0022createOption\u0022: \u0022fromImage\u0022,\r\n",
        "                \u0022vhd\u0022: {\r\n",
        "                  \u0022uri\u0022: \u0022[concat(concat(reference(resourceId(parameters(\u0027resourceGroupName\u0027), \u0027Microsoft.Storage/storageAccounts\u0027, parameters(\u0027storageAccountName\u0027)), \u00272015-06-15\u0027).primaryEndpoints[\u0027blob\u0027], \u0027vhds/\u0027), parameters(\u0027virtualMachineName\u0027), \u002720161217141554.vhd\u0027)]\u0022\r\n",
        "                }\r\n",
        "              },\r\n",
        "              \u0022dataDisks\u0022: []\r\n",
        "            },\r\n",
        "            \u0022networkProfile\u0022: {\r\n",
        "              \u0022networkInterfaces\u0022: [\r\n",
        "                {\r\n",
        "                  \u0022id\u0022: \u0022[resourceId(\u0027Microsoft.Network/networkInterfaces\u0027, parameters(\u0027networkInterfaceName\u0027))]\u0022\r\n",
        "                }\r\n",
        "              ]\r\n",
        "            },\r\n",
        "            \u0022diagnosticsProfile\u0022: {\r\n",
        "              \u0022bootDiagnostics\u0022: {\r\n",
        "                \u0022enabled\u0022: true,\r\n",
        "                \u0022storageUri\u0022: \u0022[reference(resourceId(parameters(\u0027resourceGroupName\u0027), \u0027Microsoft.Storage/storageAccounts\u0027, parameters(\u0027diagnosticsStorageAccountName\u0027)), \u00272015-06-15\u0027).primaryEndpoints[\u0027blob\u0027]]\u0022\r\n",
        "              }\r\n",
        "            }\r\n",
        "          },\r\n",
        "          \u0022dependsOn\u0022: [\r\n",
        "            \u0022[concat(\u0027Microsoft.Network/networkInterfaces/\u0027, parameters(\u0027networkInterfaceName\u0027))]\u0022,\r\n",
        "            \u0022[concat(\u0027Microsoft.Storage/storageAccounts/\u0027, parameters(\u0027storageAccountName\u0027))]\u0022,\r\n",
        "            \u0022[concat(\u0027Microsoft.Storage/storageAccounts/\u0027, parameters(\u0027diagnosticsStorageAccountName\u0027))]\u0022\r\n",
        "          ]\r\n",
        "        },\r\n",
        "        {\r\n",
        "          \u0022type\u0022: \u0022Microsoft.Storage/storageAccounts\u0022,\r\n",
        "          \u0022name\u0022: \u0022[parameters(\u0027storageAccountName\u0027)]\u0022,\r\n",
        "          \u0022apiVersion\u0022: \u00222015-06-15\u0022,\r\n",
        "          \u0022location\u0022: \u0022[parameters(\u0027location\u0027)]\u0022,\r\n",
        "          \u0022properties\u0022: {\r\n",
        "            \u0022accountType\u0022: \u0022[parameters(\u0027storageAccountType\u0027)]\u0022\r\n",
        "          }\r\n",
        "        },\r\n",
        "        {\r\n",
        "          \u0022type\u0022: \u0022Microsoft.Storage/storageAccounts\u0022,\r\n",
        "          \u0022name\u0022: \u0022[parameters(\u0027diagnosticsStorageAccountName\u0027)]\u0022,\r\n",
        "          \u0022apiVersion\u0022: \u00222015-06-15\u0022,\r\n",
        "          \u0022location\u0022: \u0022[parameters(\u0027location\u0027)]\u0022,\r\n",
        "          \u0022properties\u0022: {\r\n",
        "            \u0022accountType\u0022: \u0022[parameters(\u0027diagnosticsStorageAccountType\u0027)]\u0022\r\n",
        "          }\r\n",
        "        },\r\n",
        "        {\r\n",
        "          \u0022type\u0022: \u0022Microsoft.Network/routeTables\u0022,\r\n",
        "          \u0022name\u0022: \u0022[parameters(\u0027routeTableName\u0027)]\u0022,\r\n",
        "          \u0022apiVersion\u0022: \u00222016-09-01\u0022,\r\n",
        "          \u0022location\u0022: \u0022[parameters(\u0027location\u0027)]\u0022,\r\n",
        "          \u0022properties\u0022: {\r\n",
        "            \u0022routes\u0022: [\r\n",
        "              {\r\n",
        "                \u0022name\u0022: \u0022route1\u0022,\r\n",
        "                \u0022properties\u0022: {\r\n",
        "                  \u0022addressPrefix\u0022: \u002210.1.3.0/24\u0022,\r\n",
        "                  \u0022nextHopType\u0022: \u0022VirtualAppliance\u0022,\r\n",
        "                  \u0022nextHopIpAddress\u0022: \u002210.0.1.2\u0022\r\n",
        "                }\r\n",
        "              }\r\n",
        "            ]\r\n",
        "          }\r\n",
        "        },\r\n",
        "        {\r\n",
        "          \u0022type\u0022: \u0022Microsoft.Network/virtualNetworks\u0022,\r\n",
        "          \u0022name\u0022: \u0022[parameters(\u0027virtualNetworkName\u0027)]\u0022,\r\n",
        "          \u0022apiVersion\u0022: \u00222016-09-01\u0022,\r\n",
        "          \u0022location\u0022: \u0022[parameters(\u0027location\u0027)]\u0022,\r\n",
        "          \u0022properties\u0022: {\r\n",
        "            \u0022addressSpace\u0022: {\r\n",
        "              \u0022addressPrefixes\u0022: [\r\n",
        "                \u0022[parameters(\u0027addressPrefix\u0027)]\u0022\r\n",
        "              ]\r\n",
        "            },\r\n",
        "            \u0022subnets\u0022: [\r\n",
        "              {\r\n",
        "                \u0022name\u0022: \u0022[parameters(\u0027subnetName\u0027)]\u0022,\r\n",
        "                \u0022properties\u0022: {\r\n",
        "                  \u0022addressPrefix\u0022: \u0022[parameters(\u0027subnetPrefix\u0027)]\u0022,\r\n",
        "                  \u0022routeTable\u0022: {\r\n",
        "                    \u0022id\u0022: \u0022[resourceId(\u0027Microsoft.Network/routeTables\u0027, parameters(\u0027routeTableName\u0027))]\u0022\r\n",
        "                  }\r\n",
        "                }\r\n",
        "              }\r\n",
        "            ]\r\n",
        "          },\r\n",
        "          \u0022dependsOn\u0022: [\r\n",
        "            \u0022[concat(\u0027Microsoft.Network/routeTables/\u0027, parameters(\u0027routeTableName\u0027))]\u0022\r\n",
        "          ]\r\n",
        "        },\r\n",
        "        {\r\n",
        "          \u0022type\u0022: \u0022Microsoft.Network/networkInterfaces\u0022,\r\n",
        "          \u0022name\u0022: \u0022[parameters(\u0027networkInterfaceName\u0027)]\u0022,\r\n",
        "          \u0022apiVersion\u0022: \u00222016-09-01\u0022,\r\n",
        "          \u0022location\u0022: \u0022[parameters(\u0027location\u0027)]\u0022,\r\n",
        "          \u0022properties\u0022: {\r\n",
        "            \u0022ipConfigurations\u0022: [\r\n",
        "              {\r\n",
        "                \u0022name\u0022: \u0022ipconfig1\u0022,\r\n",
        "                \u0022properties\u0022: {\r\n",
        "                  \u0022subnet\u0022: {\r\n",
        "                    \u0022id\u0022: \u0022[variables(\u0027subnetRef\u0027)]\u0022\r\n",
        "                  },\r\n",
        "                  \u0022privateIPAllocationMethod\u0022: \u0022Dynamic\u0022,\r\n",
        "                  \u0022publicIpAddress\u0022: {\r\n",
        "                    \u0022id\u0022: \u0022[resourceId(parameters(\u0027resourceGroupName\u0027),\u0027Microsoft.Network/publicIpAddresses\u0027, parameters(\u0027publicIpAddressName\u0027))]\u0022\r\n",
        "                  }\r\n",
        "                }\r\n",
        "              }\r\n",
        "            ],\r\n",
        "            \u0022networkSecurityGroup\u0022: {\r\n",
        "              \u0022id\u0022: \u0022[resourceId(parameters(\u0027resourceGroupName\u0027), \u0027Microsoft.Network/networkSecurityGroups\u0027, parameters(\u0027networkSecurityGroupName\u0027))]\u0022\r\n",
        "            }\r\n",
        "          },\r\n",
        "          \u0022dependsOn\u0022: [\r\n",
        "            \u0022[concat(\u0027Microsoft.Network/virtualNetworks/\u0027, parameters(\u0027virtualNetworkName\u0027))]\u0022,\r\n",
        "            \u0022[concat(\u0027Microsoft.Network/publicIpAddresses/\u0027, parameters(\u0027publicIpAddressName\u0027))]\u0022,\r\n",
        "            \u0022[concat(\u0027Microsoft.Network/networkSecurityGroups/\u0027, parameters(\u0027networkSecurityGroupName\u0027))]\u0022\r\n",
        "          ]\r\n",
        "        },\r\n",
        "        {\r\n",
        "          \u0022type\u0022: \u0022Microsoft.Network/publicIpAddresses\u0022,\r\n",
        "          \u0022name\u0022: \u0022[parameters(\u0027publicIpAddressName\u0027)]\u0022,\r\n",
        "          \u0022apiVersion\u0022: \u00222016-09-01\u0022,\r\n",
        "          \u0022location\u0022: \u0022[parameters(\u0027location\u0027)]\u0022,\r\n",
        "          \u0022properties\u0022: {\r\n",
        "            \u0022publicIpAllocationMethod\u0022: \u0022[parameters(\u0027publicIpAddressType\u0027)]\u0022\r\n",
        "          }\r\n",
        "        },\r\n",
        "        {\r\n",
        "          \u0022type\u0022: \u0022Microsoft.Network/networkSecurityGroups\u0022,\r\n",
        "          \u0022name\u0022: \u0022[parameters(\u0027networkSecurityGroupName\u0027)]\u0022,\r\n",
        "          \u0022apiVersion\u0022: \u00222016-09-01\u0022,\r\n",
        "          \u0022location\u0022: \u0022[parameters(\u0027location\u0027)]\u0022,\r\n",
        "          \u0022properties\u0022: {\r\n",
        "            \u0022securityRules\u0022: [\r\n",
        "              {\r\n",
        "                \u0022name\u0022: \u0022default-allow-rdp\u0022,\r\n",
        "                \u0022properties\u0022: {\r\n",
        "                  \u0022priority\u0022: 1000,\r\n",
        "                  \u0022sourceAddressPrefix\u0022: \u0022*\u0022,\r\n",
        "                  \u0022protocol\u0022: \u0022TCP\u0022,\r\n",
        "                  \u0022destinationPortRange\u0022: \u00223389\u0022,\r\n",
        "                  \u0022access\u0022: \u0022Allow\u0022,\r\n",
        "                  \u0022direction\u0022: \u0022Inbound\u0022,\r\n",
        "                  \u0022sourcePortRange\u0022: \u0022*\u0022,\r\n",
        "                  \u0022destinationAddressPrefix\u0022: \u0022*\u0022\r\n",
        "                }\r\n",
        "              }\r\n",
        "            ]\r\n",
        "          }\r\n",
        "        }\r\n",
        "      ],\r\n",
        "      \u0022outputs\u0022: {\r\n",
        "        \u0022adminUsername\u0022: {\r\n",
        "          \u0022type\u0022: \u0022String\u0022,\r\n",
        "          \u0022value\u0022: \u0022[parameters(\u0027adminUsername\u0027)]\u0022\r\n",
        "        }\r\n",
        "      }\r\n",
        "    },\r\n",
        "    \u0022parameters\u0022: {\r\n",
        "      \u0022resourceGroupName\u0022: {\r\n",
        "        \u0022value\u0022: \u0022azsmnet9354\u0022\r\n",
        "      },\r\n",
        "      \u0022location\u0022: {\r\n",
        "        \u0022value\u0022: \u0022centraluseuap\u0022\r\n",
        "      },\r\n",
        "      \u0022virtualMachineName\u0022: {\r\n",
        "        \u0022value\u0022: \u0022azsmnet9065\u0022\r\n",
        "      },\r\n",
        "      \u0022virtualMachineSize\u0022: {\r\n",
        "        \u0022value\u0022: \u0022Standard_DS1_v2\u0022\r\n",
        "      },\r\n",
        "      \u0022adminUsername\u0022: {\r\n",
        "        \u0022value\u0022: \u0022netanalytics32\u0022\r\n",
        "      },\r\n",
        "      \u0022storageAccountName\u0022: {\r\n",
        "        \u0022value\u0022: \u0022azsmnet2751\u0022\r\n",
        "      },\r\n",
        "      \u0022routeTableName\u0022: {\r\n",
        "        \u0022value\u0022: \u0022azsmnet9354RT\u0022\r\n",
        "      },\r\n",
        "      \u0022virtualNetworkName\u0022: {\r\n",
        "        \u0022value\u0022: \u0022azsmnet9354-vnet\u0022\r\n",
        "      },\r\n",
        "      \u0022networkInterfaceName\u0022: {\r\n",
        "        \u0022value\u0022: \u0022azsmnet1516\u0022\r\n",
        "      },\r\n",
        "      \u0022networkSecurityGroupName\u0022: {\r\n",
        "        \u0022value\u0022: \u0022azsmnet9065-nsg\u0022\r\n",
        "      },\r\n",
        "      \u0022adminPassword\u0022: {\r\n",
        "        \u0022value\u0022: \u0022AzureSDKNetworkTest#fd700bbf@9437@453a@ad35@d70171ca1a3a\u0022\r\n",
        "      },\r\n",
        "      \u0022storageAccountType\u0022: {\r\n",
        "        \u0022value\u0022: \u0022Premium_LRS\u0022\r\n",
        "      },\r\n",
        "      \u0022diagnosticsStorageAccountName\u0022: {\r\n",
        "        \u0022value\u0022: \u0022azsmnet525\u0022\r\n",
        "      },\r\n",
        "      \u0022diagnosticsStorageAccountId\u0022: {\r\n",
        "        \u0022value\u0022: \u0022Microsoft.Storage/storageAccounts/azsmnet525\u0022\r\n",
        "      },\r\n",
        "      \u0022diagnosticsStorageAccountType\u0022: {\r\n",
        "        \u0022value\u0022: \u0022Standard_LRS\u0022\r\n",
        "      },\r\n",
        "      \u0022addressPrefix\u0022: {\r\n",
        "        \u0022value\u0022: \u002210.17.3.0/24\u0022\r\n",
        "      },\r\n",
        "      \u0022subnetName\u0022: {\r\n",
        "        \u0022value\u0022: \u0022default\u0022\r\n",
        "      },\r\n",
        "      \u0022subnetPrefix\u0022: {\r\n",
        "        \u0022value\u0022: \u002210.17.3.0/24\u0022\r\n",
        "      },\r\n",
        "      \u0022publicIpAddressName\u0022: {\r\n",
        "        \u0022value\u0022: \u0022azsmnet9065-ip\u0022\r\n",
        "      },\r\n",
        "      \u0022publicIpAddressType\u0022: {\r\n",
        "        \u0022value\u0022: \u0022Dynamic\u0022\r\n",
        "      }\r\n",
        "    },\r\n",
        "    \u0022mode\u0022: \u0022Incremental\u0022\r\n",
        "  }\r\n",
        "}"
      ],
      "StatusCode": 201,
      "ResponseHeaders": {
        "Azure-AsyncOperation": "https://management.azure.com/subscriptions/6926fc75-ce7d-4c9e-a87f-c4e38c594eb5/resourcegroups/azsmnet9354/providers/Microsoft.Resources/deployments/azsmnet7458/operationStatuses/08586861470986462424?api-version=2017-05-10",
        "Cache-Control": "no-cache",
        "Content-Length": "7600",
        "Content-Type": "application/json; charset=utf-8",
        "Date": "Tue, 09 Jan 2018 01:03:07 GMT",
        "Expires": "-1",
        "Pragma": "no-cache",
        "Strict-Transport-Security": "max-age=31536000; includeSubDomains",
        "x-ms-correlation-request-id": "4f5ae3a9-011a-4ca3-8cea-518f34601244",
        "x-ms-ratelimit-remaining-subscription-writes": "1198",
        "x-ms-request-id": "4f5ae3a9-011a-4ca3-8cea-518f34601244",
        "x-ms-routing-request-id": "WESTUS2:20180109T010308Z:4f5ae3a9-011a-4ca3-8cea-518f34601244"
      },
      "ResponseBody": [
        "{\r\n",
        "  \u0022id\u0022: \u0022/subscriptions/6926fc75-ce7d-4c9e-a87f-c4e38c594eb5/resourceGroups/azsmnet9354/providers/Microsoft.Resources/deployments/azsmnet7458\u0022,\r\n",
        "  \u0022name\u0022: \u0022azsmnet7458\u0022,\r\n",
        "  \u0022properties\u0022: {\r\n",
        "    \u0022templateHash\u0022: \u00229908915175891452045\u0022,\r\n",
        "    \u0022parameters\u0022: {\r\n",
        "      \u0022resourceGroupName\u0022: {\r\n",
        "        \u0022type\u0022: \u0022String\u0022,\r\n",
        "        \u0022value\u0022: \u0022azsmnet9354\u0022\r\n",
        "      },\r\n",
        "      \u0022location\u0022: {\r\n",
        "        \u0022type\u0022: \u0022String\u0022,\r\n",
        "        \u0022value\u0022: \u0022centraluseuap\u0022\r\n",
        "      },\r\n",
        "      \u0022virtualMachineName\u0022: {\r\n",
        "        \u0022type\u0022: \u0022String\u0022,\r\n",
        "        \u0022value\u0022: \u0022azsmnet9065\u0022\r\n",
        "      },\r\n",
        "      \u0022virtualMachineSize\u0022: {\r\n",
        "        \u0022type\u0022: \u0022String\u0022,\r\n",
        "        \u0022value\u0022: \u0022Standard_DS1_v2\u0022\r\n",
        "      },\r\n",
        "      \u0022adminUsername\u0022: {\r\n",
        "        \u0022type\u0022: \u0022String\u0022,\r\n",
        "        \u0022value\u0022: \u0022netanalytics32\u0022\r\n",
        "      },\r\n",
        "      \u0022storageAccountName\u0022: {\r\n",
        "        \u0022type\u0022: \u0022String\u0022,\r\n",
        "        \u0022value\u0022: \u0022azsmnet2751\u0022\r\n",
        "      },\r\n",
        "      \u0022virtualNetworkName\u0022: {\r\n",
        "        \u0022type\u0022: \u0022String\u0022,\r\n",
        "        \u0022value\u0022: \u0022azsmnet9354-vnet\u0022\r\n",
        "      },\r\n",
        "      \u0022routeTableName\u0022: {\r\n",
        "        \u0022type\u0022: \u0022String\u0022,\r\n",
        "        \u0022value\u0022: \u0022azsmnet9354RT\u0022\r\n",
        "      },\r\n",
        "      \u0022networkInterfaceName\u0022: {\r\n",
        "        \u0022type\u0022: \u0022String\u0022,\r\n",
        "        \u0022value\u0022: \u0022azsmnet1516\u0022\r\n",
        "      },\r\n",
        "      \u0022networkSecurityGroupName\u0022: {\r\n",
        "        \u0022type\u0022: \u0022String\u0022,\r\n",
        "        \u0022value\u0022: \u0022azsmnet9065-nsg\u0022\r\n",
        "      },\r\n",
        "      \u0022adminPassword\u0022: {\r\n",
        "        \u0022type\u0022: \u0022SecureString\u0022\r\n",
        "      },\r\n",
        "      \u0022storageAccountType\u0022: {\r\n",
        "        \u0022type\u0022: \u0022String\u0022,\r\n",
        "        \u0022value\u0022: \u0022Premium_LRS\u0022\r\n",
        "      },\r\n",
        "      \u0022diagnosticsStorageAccountName\u0022: {\r\n",
        "        \u0022type\u0022: \u0022String\u0022,\r\n",
        "        \u0022value\u0022: \u0022azsmnet525\u0022\r\n",
        "      },\r\n",
        "      \u0022diagnosticsStorageAccountId\u0022: {\r\n",
        "        \u0022type\u0022: \u0022String\u0022,\r\n",
        "        \u0022value\u0022: \u0022Microsoft.Storage/storageAccounts/azsmnet525\u0022\r\n",
        "      },\r\n",
        "      \u0022diagnosticsStorageAccountType\u0022: {\r\n",
        "        \u0022type\u0022: \u0022String\u0022,\r\n",
        "        \u0022value\u0022: \u0022Standard_LRS\u0022\r\n",
        "      },\r\n",
        "      \u0022addressPrefix\u0022: {\r\n",
        "        \u0022type\u0022: \u0022String\u0022,\r\n",
        "        \u0022value\u0022: \u002210.17.3.0/24\u0022\r\n",
        "      },\r\n",
        "      \u0022subnetName\u0022: {\r\n",
        "        \u0022type\u0022: \u0022String\u0022,\r\n",
        "        \u0022value\u0022: \u0022default\u0022\r\n",
        "      },\r\n",
        "      \u0022subnetPrefix\u0022: {\r\n",
        "        \u0022type\u0022: \u0022String\u0022,\r\n",
        "        \u0022value\u0022: \u002210.17.3.0/24\u0022\r\n",
        "      },\r\n",
        "      \u0022publicIpAddressName\u0022: {\r\n",
        "        \u0022type\u0022: \u0022String\u0022,\r\n",
        "        \u0022value\u0022: \u0022azsmnet9065-ip\u0022\r\n",
        "      },\r\n",
        "      \u0022publicIpAddressType\u0022: {\r\n",
        "        \u0022type\u0022: \u0022String\u0022,\r\n",
        "        \u0022value\u0022: \u0022Dynamic\u0022\r\n",
        "      }\r\n",
        "    },\r\n",
        "    \u0022mode\u0022: \u0022Incremental\u0022,\r\n",
        "    \u0022provisioningState\u0022: \u0022Accepted\u0022,\r\n",
        "    \u0022timestamp\u0022: \u00222018-01-09T01:03:07.7591181Z\u0022,\r\n",
        "    \u0022duration\u0022: \u0022PT0.9276687S\u0022,\r\n",
        "    \u0022correlationId\u0022: \u00224f5ae3a9-011a-4ca3-8cea-518f34601244\u0022,\r\n",
        "    \u0022providers\u0022: [\r\n",
        "      {\r\n",
        "        \u0022namespace\u0022: \u0022Microsoft.Compute\u0022,\r\n",
        "        \u0022resourceTypes\u0022: [\r\n",
        "          {\r\n",
        "            \u0022resourceType\u0022: \u0022virtualMachines\u0022,\r\n",
        "            \u0022locations\u0022: [\r\n",
        "              \u0022centraluseuap\u0022\r\n",
        "            ]\r\n",
        "          }\r\n",
        "        ]\r\n",
        "      },\r\n",
        "      {\r\n",
        "        \u0022namespace\u0022: \u0022Microsoft.Storage\u0022,\r\n",
        "        \u0022resourceTypes\u0022: [\r\n",
        "          {\r\n",
        "            \u0022resourceType\u0022: \u0022storageAccounts\u0022,\r\n",
        "            \u0022locations\u0022: [\r\n",
        "              \u0022centraluseuap\u0022\r\n",
        "            ]\r\n",
        "          }\r\n",
        "        ]\r\n",
        "      },\r\n",
        "      {\r\n",
        "        \u0022namespace\u0022: \u0022Microsoft.Network\u0022,\r\n",
        "        \u0022resourceTypes\u0022: [\r\n",
        "          {\r\n",
        "            \u0022resourceType\u0022: \u0022routeTables\u0022,\r\n",
        "            \u0022locations\u0022: [\r\n",
        "              \u0022centraluseuap\u0022\r\n",
        "            ]\r\n",
        "          },\r\n",
        "          {\r\n",
        "            \u0022resourceType\u0022: \u0022virtualNetworks\u0022,\r\n",
        "            \u0022locations\u0022: [\r\n",
        "              \u0022centraluseuap\u0022\r\n",
        "            ]\r\n",
        "          },\r\n",
        "          {\r\n",
        "            \u0022resourceType\u0022: \u0022networkInterfaces\u0022,\r\n",
        "            \u0022locations\u0022: [\r\n",
        "              \u0022centraluseuap\u0022\r\n",
        "            ]\r\n",
        "          },\r\n",
        "          {\r\n",
        "            \u0022resourceType\u0022: \u0022publicIpAddresses\u0022,\r\n",
        "            \u0022locations\u0022: [\r\n",
        "              \u0022centraluseuap\u0022\r\n",
        "            ]\r\n",
        "          },\r\n",
        "          {\r\n",
        "            \u0022resourceType\u0022: \u0022networkSecurityGroups\u0022,\r\n",
        "            \u0022locations\u0022: [\r\n",
        "              \u0022centraluseuap\u0022\r\n",
        "            ]\r\n",
        "          }\r\n",
        "        ]\r\n",
        "      }\r\n",
        "    ],\r\n",
        "    \u0022dependencies\u0022: [\r\n",
        "      {\r\n",
        "        \u0022dependsOn\u0022: [\r\n",
        "          {\r\n",
        "            \u0022id\u0022: \u0022/subscriptions/6926fc75-ce7d-4c9e-a87f-c4e38c594eb5/resourceGroups/azsmnet9354/providers/Microsoft.Network/networkInterfaces/azsmnet1516\u0022,\r\n",
        "            \u0022resourceType\u0022: \u0022Microsoft.Network/networkInterfaces\u0022,\r\n",
        "            \u0022resourceName\u0022: \u0022azsmnet1516\u0022\r\n",
        "          },\r\n",
        "          {\r\n",
        "            \u0022id\u0022: \u0022/subscriptions/6926fc75-ce7d-4c9e-a87f-c4e38c594eb5/resourceGroups/azsmnet9354/providers/Microsoft.Storage/storageAccounts/azsmnet2751\u0022,\r\n",
        "            \u0022resourceType\u0022: \u0022Microsoft.Storage/storageAccounts\u0022,\r\n",
        "            \u0022resourceName\u0022: \u0022azsmnet2751\u0022\r\n",
        "          },\r\n",
        "          {\r\n",
        "            \u0022id\u0022: \u0022/subscriptions/6926fc75-ce7d-4c9e-a87f-c4e38c594eb5/resourceGroups/azsmnet9354/providers/Microsoft.Storage/storageAccounts/azsmnet525\u0022,\r\n",
        "            \u0022resourceType\u0022: \u0022Microsoft.Storage/storageAccounts\u0022,\r\n",
        "            \u0022resourceName\u0022: \u0022azsmnet525\u0022\r\n",
        "          },\r\n",
        "          {\r\n",
        "            \u0022id\u0022: \u0022/subscriptions/6926fc75-ce7d-4c9e-a87f-c4e38c594eb5/resourceGroups/azsmnet9354/providers/Microsoft.Storage/storageAccounts/azsmnet2751\u0022,\r\n",
        "            \u0022resourceType\u0022: \u0022Microsoft.Storage/storageAccounts\u0022,\r\n",
        "            \u0022resourceName\u0022: \u0022azsmnet2751\u0022,\r\n",
        "            \u0022apiVersion\u0022: \u00222015-06-15\u0022\r\n",
        "          },\r\n",
        "          {\r\n",
        "            \u0022id\u0022: \u0022/subscriptions/6926fc75-ce7d-4c9e-a87f-c4e38c594eb5/resourceGroups/azsmnet9354/providers/Microsoft.Storage/storageAccounts/azsmnet525\u0022,\r\n",
        "            \u0022resourceType\u0022: \u0022Microsoft.Storage/storageAccounts\u0022,\r\n",
        "            \u0022resourceName\u0022: \u0022azsmnet525\u0022,\r\n",
        "            \u0022apiVersion\u0022: \u00222015-06-15\u0022\r\n",
        "          }\r\n",
        "        ],\r\n",
        "        \u0022id\u0022: \u0022/subscriptions/6926fc75-ce7d-4c9e-a87f-c4e38c594eb5/resourceGroups/azsmnet9354/providers/Microsoft.Compute/virtualMachines/azsmnet9065\u0022,\r\n",
        "        \u0022resourceType\u0022: \u0022Microsoft.Compute/virtualMachines\u0022,\r\n",
        "        \u0022resourceName\u0022: \u0022azsmnet9065\u0022\r\n",
        "      },\r\n",
        "      {\r\n",
        "        \u0022dependsOn\u0022: [\r\n",
        "          {\r\n",
        "            \u0022id\u0022: \u0022/subscriptions/6926fc75-ce7d-4c9e-a87f-c4e38c594eb5/resourceGroups/azsmnet9354/providers/Microsoft.Network/routeTables/azsmnet9354RT\u0022,\r\n",
        "            \u0022resourceType\u0022: \u0022Microsoft.Network/routeTables\u0022,\r\n",
        "            \u0022resourceName\u0022: \u0022azsmnet9354RT\u0022\r\n",
        "          }\r\n",
        "        ],\r\n",
        "        \u0022id\u0022: \u0022/subscriptions/6926fc75-ce7d-4c9e-a87f-c4e38c594eb5/resourceGroups/azsmnet9354/providers/Microsoft.Network/virtualNetworks/azsmnet9354-vnet\u0022,\r\n",
        "        \u0022resourceType\u0022: \u0022Microsoft.Network/virtualNetworks\u0022,\r\n",
        "        \u0022resourceName\u0022: \u0022azsmnet9354-vnet\u0022\r\n",
        "      },\r\n",
        "      {\r\n",
        "        \u0022dependsOn\u0022: [\r\n",
        "          {\r\n",
        "            \u0022id\u0022: \u0022/subscriptions/6926fc75-ce7d-4c9e-a87f-c4e38c594eb5/resourceGroups/azsmnet9354/providers/Microsoft.Network/virtualNetworks/azsmnet9354-vnet\u0022,\r\n",
        "            \u0022resourceType\u0022: \u0022Microsoft.Network/virtualNetworks\u0022,\r\n",
        "            \u0022resourceName\u0022: \u0022azsmnet9354-vnet\u0022\r\n",
        "          },\r\n",
        "          {\r\n",
        "            \u0022id\u0022: \u0022/subscriptions/6926fc75-ce7d-4c9e-a87f-c4e38c594eb5/resourceGroups/azsmnet9354/providers/Microsoft.Network/publicIpAddresses/azsmnet9065-ip\u0022,\r\n",
        "            \u0022resourceType\u0022: \u0022Microsoft.Network/publicIpAddresses\u0022,\r\n",
        "            \u0022resourceName\u0022: \u0022azsmnet9065-ip\u0022\r\n",
        "          },\r\n",
        "          {\r\n",
        "            \u0022id\u0022: \u0022/subscriptions/6926fc75-ce7d-4c9e-a87f-c4e38c594eb5/resourceGroups/azsmnet9354/providers/Microsoft.Network/networkSecurityGroups/azsmnet9065-nsg\u0022,\r\n",
        "            \u0022resourceType\u0022: \u0022Microsoft.Network/networkSecurityGroups\u0022,\r\n",
        "            \u0022resourceName\u0022: \u0022azsmnet9065-nsg\u0022\r\n",
        "          }\r\n",
        "        ],\r\n",
        "        \u0022id\u0022: \u0022/subscriptions/6926fc75-ce7d-4c9e-a87f-c4e38c594eb5/resourceGroups/azsmnet9354/providers/Microsoft.Network/networkInterfaces/azsmnet1516\u0022,\r\n",
        "        \u0022resourceType\u0022: \u0022Microsoft.Network/networkInterfaces\u0022,\r\n",
        "        \u0022resourceName\u0022: \u0022azsmnet1516\u0022\r\n",
        "      }\r\n",
        "    ]\r\n",
        "  }\r\n",
        "}"
      ]
    },
    {
      "RequestUri": "/subscriptions/6926fc75-ce7d-4c9e-a87f-c4e38c594eb5/resourcegroups/azsmnet9354/providers/Microsoft.Resources/deployments/azsmnet7458/operationStatuses/08586861470986462424?api-version=2017-05-10",
      "RequestMethod": "GET",
      "RequestHeaders": {
        "User-Agent": [
          "FxVersion/4.6.25211.01",
          "Microsoft.Azure.Management.ResourceManager.ResourceManagementClient/1.6.0.0"
        ]
      },
      "RequestBody": [],
      "StatusCode": 200,
      "ResponseHeaders": {
        "Cache-Control": "no-cache",
        "Content-Type": "application/json; charset=utf-8",
        "Date": "Tue, 09 Jan 2018 01:03:38 GMT",
        "Expires": "-1",
        "Pragma": "no-cache",
        "Strict-Transport-Security": "max-age=31536000; includeSubDomains",
        "Vary": "Accept-Encoding",
        "x-ms-correlation-request-id": "3dd01418-7728-422c-9c6b-a24271f40764",
        "x-ms-ratelimit-remaining-subscription-reads": "14994",
        "x-ms-request-id": "3dd01418-7728-422c-9c6b-a24271f40764",
        "x-ms-routing-request-id": "WESTUS2:20180109T010338Z:3dd01418-7728-422c-9c6b-a24271f40764"
      },
      "ResponseBody": [
        "{\r\n",
        "  \u0022status\u0022: \u0022Running\u0022\r\n",
        "}"
      ]
    },
    {
      "RequestUri": "/subscriptions/6926fc75-ce7d-4c9e-a87f-c4e38c594eb5/resourcegroups/azsmnet9354/providers/Microsoft.Resources/deployments/azsmnet7458/operationStatuses/08586861470986462424?api-version=2017-05-10",
      "RequestMethod": "GET",
      "RequestHeaders": {
        "User-Agent": [
          "FxVersion/4.6.25211.01",
          "Microsoft.Azure.Management.ResourceManager.ResourceManagementClient/1.6.0.0"
        ]
      },
      "RequestBody": [],
      "StatusCode": 200,
      "ResponseHeaders": {
        "Cache-Control": "no-cache",
        "Content-Type": "application/json; charset=utf-8",
        "Date": "Tue, 09 Jan 2018 01:04:08 GMT",
        "Expires": "-1",
        "Pragma": "no-cache",
        "Strict-Transport-Security": "max-age=31536000; includeSubDomains",
        "Vary": "Accept-Encoding",
        "x-ms-correlation-request-id": "a743f7e5-1a43-4ccf-b036-14ac4c28c85d",
        "x-ms-ratelimit-remaining-subscription-reads": "14993",
        "x-ms-request-id": "a743f7e5-1a43-4ccf-b036-14ac4c28c85d",
        "x-ms-routing-request-id": "WESTUS2:20180109T010408Z:a743f7e5-1a43-4ccf-b036-14ac4c28c85d"
      },
      "ResponseBody": [
        "{\r\n",
        "  \u0022status\u0022: \u0022Running\u0022\r\n",
        "}"
      ]
    },
    {
      "RequestUri": "/subscriptions/6926fc75-ce7d-4c9e-a87f-c4e38c594eb5/resourcegroups/azsmnet9354/providers/Microsoft.Resources/deployments/azsmnet7458/operationStatuses/08586861470986462424?api-version=2017-05-10",
      "RequestMethod": "GET",
      "RequestHeaders": {
        "User-Agent": [
          "FxVersion/4.6.25211.01",
          "Microsoft.Azure.Management.ResourceManager.ResourceManagementClient/1.6.0.0"
        ]
      },
      "RequestBody": [],
      "StatusCode": 200,
      "ResponseHeaders": {
        "Cache-Control": "no-cache",
        "Content-Type": "application/json; charset=utf-8",
        "Date": "Tue, 09 Jan 2018 01:04:38 GMT",
        "Expires": "-1",
        "Pragma": "no-cache",
        "Strict-Transport-Security": "max-age=31536000; includeSubDomains",
        "Vary": "Accept-Encoding",
        "x-ms-correlation-request-id": "83bc39db-ceb2-4623-be2f-5000dbb6d68c",
        "x-ms-ratelimit-remaining-subscription-reads": "14992",
        "x-ms-request-id": "83bc39db-ceb2-4623-be2f-5000dbb6d68c",
        "x-ms-routing-request-id": "WESTUS2:20180109T010438Z:83bc39db-ceb2-4623-be2f-5000dbb6d68c"
      },
      "ResponseBody": [
        "{\r\n",
        "  \u0022status\u0022: \u0022Running\u0022\r\n",
        "}"
      ]
    },
    {
      "RequestUri": "/subscriptions/6926fc75-ce7d-4c9e-a87f-c4e38c594eb5/resourcegroups/azsmnet9354/providers/Microsoft.Resources/deployments/azsmnet7458/operationStatuses/08586861470986462424?api-version=2017-05-10",
      "RequestMethod": "GET",
      "RequestHeaders": {
        "User-Agent": [
          "FxVersion/4.6.25211.01",
          "Microsoft.Azure.Management.ResourceManager.ResourceManagementClient/1.6.0.0"
        ]
      },
      "RequestBody": [],
      "StatusCode": 200,
      "ResponseHeaders": {
        "Cache-Control": "no-cache",
        "Content-Type": "application/json; charset=utf-8",
        "Date": "Tue, 09 Jan 2018 01:05:08 GMT",
        "Expires": "-1",
        "Pragma": "no-cache",
        "Strict-Transport-Security": "max-age=31536000; includeSubDomains",
        "Vary": "Accept-Encoding",
        "x-ms-correlation-request-id": "3945c98a-222a-4fa3-aad0-d889a57412d9",
        "x-ms-ratelimit-remaining-subscription-reads": "14991",
        "x-ms-request-id": "3945c98a-222a-4fa3-aad0-d889a57412d9",
        "x-ms-routing-request-id": "WESTUS2:20180109T010509Z:3945c98a-222a-4fa3-aad0-d889a57412d9"
      },
      "ResponseBody": [
        "{\r\n",
        "  \u0022status\u0022: \u0022Running\u0022\r\n",
        "}"
      ]
    },
    {
      "RequestUri": "/subscriptions/6926fc75-ce7d-4c9e-a87f-c4e38c594eb5/resourcegroups/azsmnet9354/providers/Microsoft.Resources/deployments/azsmnet7458/operationStatuses/08586861470986462424?api-version=2017-05-10",
      "RequestMethod": "GET",
      "RequestHeaders": {
        "User-Agent": [
          "FxVersion/4.6.25211.01",
          "Microsoft.Azure.Management.ResourceManager.ResourceManagementClient/1.6.0.0"
        ]
      },
      "RequestBody": [],
      "StatusCode": 200,
      "ResponseHeaders": {
        "Cache-Control": "no-cache",
        "Content-Type": "application/json; charset=utf-8",
        "Date": "Tue, 09 Jan 2018 01:05:38 GMT",
        "Expires": "-1",
        "Pragma": "no-cache",
        "Strict-Transport-Security": "max-age=31536000; includeSubDomains",
        "Vary": "Accept-Encoding",
        "x-ms-correlation-request-id": "b2b06bd7-726e-436d-a7bd-4f7ccdb1e921",
        "x-ms-ratelimit-remaining-subscription-reads": "14990",
        "x-ms-request-id": "b2b06bd7-726e-436d-a7bd-4f7ccdb1e921",
        "x-ms-routing-request-id": "WESTUS2:20180109T010539Z:b2b06bd7-726e-436d-a7bd-4f7ccdb1e921"
      },
      "ResponseBody": [
        "{\r\n",
        "  \u0022status\u0022: \u0022Running\u0022\r\n",
        "}"
      ]
    },
    {
      "RequestUri": "/subscriptions/6926fc75-ce7d-4c9e-a87f-c4e38c594eb5/resourcegroups/azsmnet9354/providers/Microsoft.Resources/deployments/azsmnet7458/operationStatuses/08586861470986462424?api-version=2017-05-10",
      "RequestMethod": "GET",
      "RequestHeaders": {
        "User-Agent": [
          "FxVersion/4.6.25211.01",
          "Microsoft.Azure.Management.ResourceManager.ResourceManagementClient/1.6.0.0"
        ]
      },
      "RequestBody": [],
      "StatusCode": 200,
      "ResponseHeaders": {
        "Cache-Control": "no-cache",
        "Content-Type": "application/json; charset=utf-8",
        "Date": "Tue, 09 Jan 2018 01:06:08 GMT",
        "Expires": "-1",
        "Pragma": "no-cache",
        "Strict-Transport-Security": "max-age=31536000; includeSubDomains",
        "Vary": "Accept-Encoding",
        "x-ms-correlation-request-id": "0237d3b1-d7fa-4922-bb3d-98589e9afd63",
        "x-ms-ratelimit-remaining-subscription-reads": "14989",
        "x-ms-request-id": "0237d3b1-d7fa-4922-bb3d-98589e9afd63",
        "x-ms-routing-request-id": "WESTUS2:20180109T010609Z:0237d3b1-d7fa-4922-bb3d-98589e9afd63"
      },
      "ResponseBody": [
        "{\r\n",
        "  \u0022status\u0022: \u0022Running\u0022\r\n",
        "}"
      ]
    },
    {
      "RequestUri": "/subscriptions/6926fc75-ce7d-4c9e-a87f-c4e38c594eb5/resourcegroups/azsmnet9354/providers/Microsoft.Resources/deployments/azsmnet7458/operationStatuses/08586861470986462424?api-version=2017-05-10",
      "RequestMethod": "GET",
      "RequestHeaders": {
        "User-Agent": [
          "FxVersion/4.6.25211.01",
          "Microsoft.Azure.Management.ResourceManager.ResourceManagementClient/1.6.0.0"
        ]
      },
      "RequestBody": [],
      "StatusCode": 200,
      "ResponseHeaders": {
        "Cache-Control": "no-cache",
        "Content-Type": "application/json; charset=utf-8",
        "Date": "Tue, 09 Jan 2018 01:06:38 GMT",
        "Expires": "-1",
        "Pragma": "no-cache",
        "Strict-Transport-Security": "max-age=31536000; includeSubDomains",
        "Vary": "Accept-Encoding",
        "x-ms-correlation-request-id": "a838741c-8664-4cdc-a532-0466bbad18df",
        "x-ms-ratelimit-remaining-subscription-reads": "14988",
        "x-ms-request-id": "a838741c-8664-4cdc-a532-0466bbad18df",
        "x-ms-routing-request-id": "WESTUS2:20180109T010639Z:a838741c-8664-4cdc-a532-0466bbad18df"
      },
      "ResponseBody": [
        "{\r\n",
        "  \u0022status\u0022: \u0022Running\u0022\r\n",
        "}"
      ]
    },
    {
      "RequestUri": "/subscriptions/6926fc75-ce7d-4c9e-a87f-c4e38c594eb5/resourcegroups/azsmnet9354/providers/Microsoft.Resources/deployments/azsmnet7458/operationStatuses/08586861470986462424?api-version=2017-05-10",
      "RequestMethod": "GET",
      "RequestHeaders": {
        "User-Agent": [
          "FxVersion/4.6.25211.01",
          "Microsoft.Azure.Management.ResourceManager.ResourceManagementClient/1.6.0.0"
        ]
      },
      "RequestBody": [],
      "StatusCode": 200,
      "ResponseHeaders": {
        "Cache-Control": "no-cache",
        "Content-Type": "application/json; charset=utf-8",
        "Date": "Tue, 09 Jan 2018 01:07:09 GMT",
        "Expires": "-1",
        "Pragma": "no-cache",
        "Strict-Transport-Security": "max-age=31536000; includeSubDomains",
        "Vary": "Accept-Encoding",
        "x-ms-correlation-request-id": "583d92ac-d617-4008-880e-0a74d631fa0e",
        "x-ms-ratelimit-remaining-subscription-reads": "14987",
        "x-ms-request-id": "583d92ac-d617-4008-880e-0a74d631fa0e",
        "x-ms-routing-request-id": "WESTUS2:20180109T010709Z:583d92ac-d617-4008-880e-0a74d631fa0e"
      },
      "ResponseBody": [
        "{\r\n",
        "  \u0022status\u0022: \u0022Running\u0022\r\n",
        "}"
      ]
    },
    {
      "RequestUri": "/subscriptions/6926fc75-ce7d-4c9e-a87f-c4e38c594eb5/resourcegroups/azsmnet9354/providers/Microsoft.Resources/deployments/azsmnet7458/operationStatuses/08586861470986462424?api-version=2017-05-10",
      "RequestMethod": "GET",
      "RequestHeaders": {
        "User-Agent": [
          "FxVersion/4.6.25211.01",
          "Microsoft.Azure.Management.ResourceManager.ResourceManagementClient/1.6.0.0"
        ]
      },
      "RequestBody": [],
      "StatusCode": 200,
      "ResponseHeaders": {
        "Cache-Control": "no-cache",
        "Content-Type": "application/json; charset=utf-8",
        "Date": "Tue, 09 Jan 2018 01:07:39 GMT",
        "Expires": "-1",
        "Pragma": "no-cache",
        "Strict-Transport-Security": "max-age=31536000; includeSubDomains",
        "Vary": "Accept-Encoding",
        "x-ms-correlation-request-id": "fc52c201-82fe-482d-983f-f2389581381a",
        "x-ms-ratelimit-remaining-subscription-reads": "14986",
        "x-ms-request-id": "fc52c201-82fe-482d-983f-f2389581381a",
        "x-ms-routing-request-id": "WESTUS2:20180109T010740Z:fc52c201-82fe-482d-983f-f2389581381a"
      },
      "ResponseBody": [
        "{\r\n",
        "  \u0022status\u0022: \u0022Running\u0022\r\n",
        "}"
      ]
    },
    {
      "RequestUri": "/subscriptions/6926fc75-ce7d-4c9e-a87f-c4e38c594eb5/resourcegroups/azsmnet9354/providers/Microsoft.Resources/deployments/azsmnet7458/operationStatuses/08586861470986462424?api-version=2017-05-10",
      "RequestMethod": "GET",
      "RequestHeaders": {
        "User-Agent": [
          "FxVersion/4.6.25211.01",
          "Microsoft.Azure.Management.ResourceManager.ResourceManagementClient/1.6.0.0"
        ]
      },
      "RequestBody": [],
      "StatusCode": 200,
      "ResponseHeaders": {
        "Cache-Control": "no-cache",
        "Content-Type": "application/json; charset=utf-8",
        "Date": "Tue, 09 Jan 2018 01:08:09 GMT",
        "Expires": "-1",
        "Pragma": "no-cache",
        "Strict-Transport-Security": "max-age=31536000; includeSubDomains",
        "Vary": "Accept-Encoding",
        "x-ms-correlation-request-id": "c82c680a-9ee0-48c7-b2a0-8f134ce92515",
        "x-ms-ratelimit-remaining-subscription-reads": "14985",
        "x-ms-request-id": "c82c680a-9ee0-48c7-b2a0-8f134ce92515",
        "x-ms-routing-request-id": "WESTUS2:20180109T010810Z:c82c680a-9ee0-48c7-b2a0-8f134ce92515"
      },
      "ResponseBody": [
        "{\r\n",
        "  \u0022status\u0022: \u0022Succeeded\u0022\r\n",
        "}"
      ]
    },
    {
      "RequestUri": "/subscriptions/6926fc75-ce7d-4c9e-a87f-c4e38c594eb5/resourcegroups/azsmnet9354/providers/Microsoft.Resources/deployments/azsmnet7458?api-version=2017-05-10",
      "RequestMethod": "GET",
      "RequestHeaders": {
        "User-Agent": [
          "FxVersion/4.6.25211.01",
          "Microsoft.Azure.Management.ResourceManager.ResourceManagementClient/1.6.0.0"
        ]
      },
      "RequestBody": [],
      "StatusCode": 200,
      "ResponseHeaders": {
        "Cache-Control": "no-cache",
        "Content-Type": "application/json; charset=utf-8",
        "Date": "Tue, 09 Jan 2018 01:08:09 GMT",
        "Expires": "-1",
        "Pragma": "no-cache",
        "Strict-Transport-Security": "max-age=31536000; includeSubDomains",
        "Vary": "Accept-Encoding",
        "x-ms-correlation-request-id": "c706aba1-8715-4767-812d-f31964189014",
        "x-ms-ratelimit-remaining-subscription-reads": "14984",
        "x-ms-request-id": "c706aba1-8715-4767-812d-f31964189014",
        "x-ms-routing-request-id": "WESTUS2:20180109T010810Z:c706aba1-8715-4767-812d-f31964189014"
      },
      "ResponseBody": [
        "{\r\n",
        "  \u0022id\u0022: \u0022/subscriptions/6926fc75-ce7d-4c9e-a87f-c4e38c594eb5/resourceGroups/azsmnet9354/providers/Microsoft.Resources/deployments/azsmnet7458\u0022,\r\n",
        "  \u0022name\u0022: \u0022azsmnet7458\u0022,\r\n",
        "  \u0022properties\u0022: {\r\n",
        "    \u0022templateHash\u0022: \u00229908915175891452045\u0022,\r\n",
        "    \u0022parameters\u0022: {\r\n",
        "      \u0022resourceGroupName\u0022: {\r\n",
        "        \u0022type\u0022: \u0022String\u0022,\r\n",
        "        \u0022value\u0022: \u0022azsmnet9354\u0022\r\n",
        "      },\r\n",
        "      \u0022location\u0022: {\r\n",
        "        \u0022type\u0022: \u0022String\u0022,\r\n",
        "        \u0022value\u0022: \u0022centraluseuap\u0022\r\n",
        "      },\r\n",
        "      \u0022virtualMachineName\u0022: {\r\n",
        "        \u0022type\u0022: \u0022String\u0022,\r\n",
        "        \u0022value\u0022: \u0022azsmnet9065\u0022\r\n",
        "      },\r\n",
        "      \u0022virtualMachineSize\u0022: {\r\n",
        "        \u0022type\u0022: \u0022String\u0022,\r\n",
        "        \u0022value\u0022: \u0022Standard_DS1_v2\u0022\r\n",
        "      },\r\n",
        "      \u0022adminUsername\u0022: {\r\n",
        "        \u0022type\u0022: \u0022String\u0022,\r\n",
        "        \u0022value\u0022: \u0022netanalytics32\u0022\r\n",
        "      },\r\n",
        "      \u0022storageAccountName\u0022: {\r\n",
        "        \u0022type\u0022: \u0022String\u0022,\r\n",
        "        \u0022value\u0022: \u0022azsmnet2751\u0022\r\n",
        "      },\r\n",
        "      \u0022virtualNetworkName\u0022: {\r\n",
        "        \u0022type\u0022: \u0022String\u0022,\r\n",
        "        \u0022value\u0022: \u0022azsmnet9354-vnet\u0022\r\n",
        "      },\r\n",
        "      \u0022routeTableName\u0022: {\r\n",
        "        \u0022type\u0022: \u0022String\u0022,\r\n",
        "        \u0022value\u0022: \u0022azsmnet9354RT\u0022\r\n",
        "      },\r\n",
        "      \u0022networkInterfaceName\u0022: {\r\n",
        "        \u0022type\u0022: \u0022String\u0022,\r\n",
        "        \u0022value\u0022: \u0022azsmnet1516\u0022\r\n",
        "      },\r\n",
        "      \u0022networkSecurityGroupName\u0022: {\r\n",
        "        \u0022type\u0022: \u0022String\u0022,\r\n",
        "        \u0022value\u0022: \u0022azsmnet9065-nsg\u0022\r\n",
        "      },\r\n",
        "      \u0022adminPassword\u0022: {\r\n",
        "        \u0022type\u0022: \u0022SecureString\u0022\r\n",
        "      },\r\n",
        "      \u0022storageAccountType\u0022: {\r\n",
        "        \u0022type\u0022: \u0022String\u0022,\r\n",
        "        \u0022value\u0022: \u0022Premium_LRS\u0022\r\n",
        "      },\r\n",
        "      \u0022diagnosticsStorageAccountName\u0022: {\r\n",
        "        \u0022type\u0022: \u0022String\u0022,\r\n",
        "        \u0022value\u0022: \u0022azsmnet525\u0022\r\n",
        "      },\r\n",
        "      \u0022diagnosticsStorageAccountId\u0022: {\r\n",
        "        \u0022type\u0022: \u0022String\u0022,\r\n",
        "        \u0022value\u0022: \u0022Microsoft.Storage/storageAccounts/azsmnet525\u0022\r\n",
        "      },\r\n",
        "      \u0022diagnosticsStorageAccountType\u0022: {\r\n",
        "        \u0022type\u0022: \u0022String\u0022,\r\n",
        "        \u0022value\u0022: \u0022Standard_LRS\u0022\r\n",
        "      },\r\n",
        "      \u0022addressPrefix\u0022: {\r\n",
        "        \u0022type\u0022: \u0022String\u0022,\r\n",
        "        \u0022value\u0022: \u002210.17.3.0/24\u0022\r\n",
        "      },\r\n",
        "      \u0022subnetName\u0022: {\r\n",
        "        \u0022type\u0022: \u0022String\u0022,\r\n",
        "        \u0022value\u0022: \u0022default\u0022\r\n",
        "      },\r\n",
        "      \u0022subnetPrefix\u0022: {\r\n",
        "        \u0022type\u0022: \u0022String\u0022,\r\n",
        "        \u0022value\u0022: \u002210.17.3.0/24\u0022\r\n",
        "      },\r\n",
        "      \u0022publicIpAddressName\u0022: {\r\n",
        "        \u0022type\u0022: \u0022String\u0022,\r\n",
        "        \u0022value\u0022: \u0022azsmnet9065-ip\u0022\r\n",
        "      },\r\n",
        "      \u0022publicIpAddressType\u0022: {\r\n",
        "        \u0022type\u0022: \u0022String\u0022,\r\n",
        "        \u0022value\u0022: \u0022Dynamic\u0022\r\n",
        "      }\r\n",
        "    },\r\n",
        "    \u0022mode\u0022: \u0022Incremental\u0022,\r\n",
        "    \u0022provisioningState\u0022: \u0022Succeeded\u0022,\r\n",
        "    \u0022timestamp\u0022: \u00222018-01-09T01:07:57.2241886Z\u0022,\r\n",
        "    \u0022duration\u0022: \u0022PT4M50.3927392S\u0022,\r\n",
        "    \u0022correlationId\u0022: \u00224f5ae3a9-011a-4ca3-8cea-518f34601244\u0022,\r\n",
        "    \u0022providers\u0022: [\r\n",
        "      {\r\n",
        "        \u0022namespace\u0022: \u0022Microsoft.Compute\u0022,\r\n",
        "        \u0022resourceTypes\u0022: [\r\n",
        "          {\r\n",
        "            \u0022resourceType\u0022: \u0022virtualMachines\u0022,\r\n",
        "            \u0022locations\u0022: [\r\n",
        "              \u0022centraluseuap\u0022\r\n",
        "            ]\r\n",
        "          }\r\n",
        "        ]\r\n",
        "      },\r\n",
        "      {\r\n",
        "        \u0022namespace\u0022: \u0022Microsoft.Storage\u0022,\r\n",
        "        \u0022resourceTypes\u0022: [\r\n",
        "          {\r\n",
        "            \u0022resourceType\u0022: \u0022storageAccounts\u0022,\r\n",
        "            \u0022locations\u0022: [\r\n",
        "              \u0022centraluseuap\u0022\r\n",
        "            ]\r\n",
        "          }\r\n",
        "        ]\r\n",
        "      },\r\n",
        "      {\r\n",
        "        \u0022namespace\u0022: \u0022Microsoft.Network\u0022,\r\n",
        "        \u0022resourceTypes\u0022: [\r\n",
        "          {\r\n",
        "            \u0022resourceType\u0022: \u0022routeTables\u0022,\r\n",
        "            \u0022locations\u0022: [\r\n",
        "              \u0022centraluseuap\u0022\r\n",
        "            ]\r\n",
        "          },\r\n",
        "          {\r\n",
        "            \u0022resourceType\u0022: \u0022virtualNetworks\u0022,\r\n",
        "            \u0022locations\u0022: [\r\n",
        "              \u0022centraluseuap\u0022\r\n",
        "            ]\r\n",
        "          },\r\n",
        "          {\r\n",
        "            \u0022resourceType\u0022: \u0022networkInterfaces\u0022,\r\n",
        "            \u0022locations\u0022: [\r\n",
        "              \u0022centraluseuap\u0022\r\n",
        "            ]\r\n",
        "          },\r\n",
        "          {\r\n",
        "            \u0022resourceType\u0022: \u0022publicIpAddresses\u0022,\r\n",
        "            \u0022locations\u0022: [\r\n",
        "              \u0022centraluseuap\u0022\r\n",
        "            ]\r\n",
        "          },\r\n",
        "          {\r\n",
        "            \u0022resourceType\u0022: \u0022networkSecurityGroups\u0022,\r\n",
        "            \u0022locations\u0022: [\r\n",
        "              \u0022centraluseuap\u0022\r\n",
        "            ]\r\n",
        "          }\r\n",
        "        ]\r\n",
        "      }\r\n",
        "    ],\r\n",
        "    \u0022dependencies\u0022: [\r\n",
        "      {\r\n",
        "        \u0022dependsOn\u0022: [\r\n",
        "          {\r\n",
        "            \u0022id\u0022: \u0022/subscriptions/6926fc75-ce7d-4c9e-a87f-c4e38c594eb5/resourceGroups/azsmnet9354/providers/Microsoft.Network/networkInterfaces/azsmnet1516\u0022,\r\n",
        "            \u0022resourceType\u0022: \u0022Microsoft.Network/networkInterfaces\u0022,\r\n",
        "            \u0022resourceName\u0022: \u0022azsmnet1516\u0022\r\n",
        "          },\r\n",
        "          {\r\n",
        "            \u0022id\u0022: \u0022/subscriptions/6926fc75-ce7d-4c9e-a87f-c4e38c594eb5/resourceGroups/azsmnet9354/providers/Microsoft.Storage/storageAccounts/azsmnet2751\u0022,\r\n",
        "            \u0022resourceType\u0022: \u0022Microsoft.Storage/storageAccounts\u0022,\r\n",
        "            \u0022resourceName\u0022: \u0022azsmnet2751\u0022\r\n",
        "          },\r\n",
        "          {\r\n",
        "            \u0022id\u0022: \u0022/subscriptions/6926fc75-ce7d-4c9e-a87f-c4e38c594eb5/resourceGroups/azsmnet9354/providers/Microsoft.Storage/storageAccounts/azsmnet525\u0022,\r\n",
        "            \u0022resourceType\u0022: \u0022Microsoft.Storage/storageAccounts\u0022,\r\n",
        "            \u0022resourceName\u0022: \u0022azsmnet525\u0022\r\n",
        "          },\r\n",
        "          {\r\n",
        "            \u0022id\u0022: \u0022/subscriptions/6926fc75-ce7d-4c9e-a87f-c4e38c594eb5/resourceGroups/azsmnet9354/providers/Microsoft.Storage/storageAccounts/azsmnet2751\u0022,\r\n",
        "            \u0022resourceType\u0022: \u0022Microsoft.Storage/storageAccounts\u0022,\r\n",
        "            \u0022resourceName\u0022: \u0022azsmnet2751\u0022,\r\n",
        "            \u0022apiVersion\u0022: \u00222015-06-15\u0022\r\n",
        "          },\r\n",
        "          {\r\n",
        "            \u0022id\u0022: \u0022/subscriptions/6926fc75-ce7d-4c9e-a87f-c4e38c594eb5/resourceGroups/azsmnet9354/providers/Microsoft.Storage/storageAccounts/azsmnet525\u0022,\r\n",
        "            \u0022resourceType\u0022: \u0022Microsoft.Storage/storageAccounts\u0022,\r\n",
        "            \u0022resourceName\u0022: \u0022azsmnet525\u0022,\r\n",
        "            \u0022apiVersion\u0022: \u00222015-06-15\u0022\r\n",
        "          }\r\n",
        "        ],\r\n",
        "        \u0022id\u0022: \u0022/subscriptions/6926fc75-ce7d-4c9e-a87f-c4e38c594eb5/resourceGroups/azsmnet9354/providers/Microsoft.Compute/virtualMachines/azsmnet9065\u0022,\r\n",
        "        \u0022resourceType\u0022: \u0022Microsoft.Compute/virtualMachines\u0022,\r\n",
        "        \u0022resourceName\u0022: \u0022azsmnet9065\u0022\r\n",
        "      },\r\n",
        "      {\r\n",
        "        \u0022dependsOn\u0022: [\r\n",
        "          {\r\n",
        "            \u0022id\u0022: \u0022/subscriptions/6926fc75-ce7d-4c9e-a87f-c4e38c594eb5/resourceGroups/azsmnet9354/providers/Microsoft.Network/routeTables/azsmnet9354RT\u0022,\r\n",
        "            \u0022resourceType\u0022: \u0022Microsoft.Network/routeTables\u0022,\r\n",
        "            \u0022resourceName\u0022: \u0022azsmnet9354RT\u0022\r\n",
        "          }\r\n",
        "        ],\r\n",
        "        \u0022id\u0022: \u0022/subscriptions/6926fc75-ce7d-4c9e-a87f-c4e38c594eb5/resourceGroups/azsmnet9354/providers/Microsoft.Network/virtualNetworks/azsmnet9354-vnet\u0022,\r\n",
        "        \u0022resourceType\u0022: \u0022Microsoft.Network/virtualNetworks\u0022,\r\n",
        "        \u0022resourceName\u0022: \u0022azsmnet9354-vnet\u0022\r\n",
        "      },\r\n",
        "      {\r\n",
        "        \u0022dependsOn\u0022: [\r\n",
        "          {\r\n",
        "            \u0022id\u0022: \u0022/subscriptions/6926fc75-ce7d-4c9e-a87f-c4e38c594eb5/resourceGroups/azsmnet9354/providers/Microsoft.Network/virtualNetworks/azsmnet9354-vnet\u0022,\r\n",
        "            \u0022resourceType\u0022: \u0022Microsoft.Network/virtualNetworks\u0022,\r\n",
        "            \u0022resourceName\u0022: \u0022azsmnet9354-vnet\u0022\r\n",
        "          },\r\n",
        "          {\r\n",
        "            \u0022id\u0022: \u0022/subscriptions/6926fc75-ce7d-4c9e-a87f-c4e38c594eb5/resourceGroups/azsmnet9354/providers/Microsoft.Network/publicIpAddresses/azsmnet9065-ip\u0022,\r\n",
        "            \u0022resourceType\u0022: \u0022Microsoft.Network/publicIpAddresses\u0022,\r\n",
        "            \u0022resourceName\u0022: \u0022azsmnet9065-ip\u0022\r\n",
        "          },\r\n",
        "          {\r\n",
        "            \u0022id\u0022: \u0022/subscriptions/6926fc75-ce7d-4c9e-a87f-c4e38c594eb5/resourceGroups/azsmnet9354/providers/Microsoft.Network/networkSecurityGroups/azsmnet9065-nsg\u0022,\r\n",
        "            \u0022resourceType\u0022: \u0022Microsoft.Network/networkSecurityGroups\u0022,\r\n",
        "            \u0022resourceName\u0022: \u0022azsmnet9065-nsg\u0022\r\n",
        "          }\r\n",
        "        ],\r\n",
        "        \u0022id\u0022: \u0022/subscriptions/6926fc75-ce7d-4c9e-a87f-c4e38c594eb5/resourceGroups/azsmnet9354/providers/Microsoft.Network/networkInterfaces/azsmnet1516\u0022,\r\n",
        "        \u0022resourceType\u0022: \u0022Microsoft.Network/networkInterfaces\u0022,\r\n",
        "        \u0022resourceName\u0022: \u0022azsmnet1516\u0022\r\n",
        "      }\r\n",
        "    ],\r\n",
        "    \u0022outputs\u0022: {\r\n",
        "      \u0022adminUsername\u0022: {\r\n",
        "        \u0022type\u0022: \u0022String\u0022,\r\n",
        "        \u0022value\u0022: \u0022netanalytics32\u0022\r\n",
        "      }\r\n",
        "    },\r\n",
        "    \u0022outputResources\u0022: [\r\n",
        "      {\r\n",
        "        \u0022id\u0022: \u0022/subscriptions/6926fc75-ce7d-4c9e-a87f-c4e38c594eb5/resourceGroups/azsmnet9354/providers/Microsoft.Compute/virtualMachines/azsmnet9065\u0022\r\n",
        "      },\r\n",
        "      {\r\n",
        "        \u0022id\u0022: \u0022/subscriptions/6926fc75-ce7d-4c9e-a87f-c4e38c594eb5/resourceGroups/azsmnet9354/providers/Microsoft.Network/networkInterfaces/azsmnet1516\u0022\r\n",
        "      },\r\n",
        "      {\r\n",
        "        \u0022id\u0022: \u0022/subscriptions/6926fc75-ce7d-4c9e-a87f-c4e38c594eb5/resourceGroups/azsmnet9354/providers/Microsoft.Network/networkSecurityGroups/azsmnet9065-nsg\u0022\r\n",
        "      },\r\n",
        "      {\r\n",
        "        \u0022id\u0022: \u0022/subscriptions/6926fc75-ce7d-4c9e-a87f-c4e38c594eb5/resourceGroups/azsmnet9354/providers/Microsoft.Network/publicIpAddresses/azsmnet9065-ip\u0022\r\n",
        "      },\r\n",
        "      {\r\n",
        "        \u0022id\u0022: \u0022/subscriptions/6926fc75-ce7d-4c9e-a87f-c4e38c594eb5/resourceGroups/azsmnet9354/providers/Microsoft.Network/routeTables/azsmnet9354RT\u0022\r\n",
        "      },\r\n",
        "      {\r\n",
        "        \u0022id\u0022: \u0022/subscriptions/6926fc75-ce7d-4c9e-a87f-c4e38c594eb5/resourceGroups/azsmnet9354/providers/Microsoft.Network/virtualNetworks/azsmnet9354-vnet\u0022\r\n",
        "      },\r\n",
        "      {\r\n",
        "        \u0022id\u0022: \u0022/subscriptions/6926fc75-ce7d-4c9e-a87f-c4e38c594eb5/resourceGroups/azsmnet9354/providers/Microsoft.Storage/storageAccounts/azsmnet2751\u0022\r\n",
        "      },\r\n",
        "      {\r\n",
        "        \u0022id\u0022: \u0022/subscriptions/6926fc75-ce7d-4c9e-a87f-c4e38c594eb5/resourceGroups/azsmnet9354/providers/Microsoft.Storage/storageAccounts/azsmnet525\u0022\r\n",
        "      }\r\n",
        "    ]\r\n",
        "  }\r\n",
        "}"
      ]
    },
    {
      "RequestUri": "/subscriptions/6926fc75-ce7d-4c9e-a87f-c4e38c594eb5/resourceGroups/azsmnet9354/providers/Microsoft.Compute/virtualMachines/azsmnet9065?api-version=2017-03-30",
      "RequestMethod": "GET",
      "RequestHeaders": {
        "accept-language": "en-US",
        "User-Agent": [
          "FxVersion/4.6.25211.01",
          "Microsoft.Azure.Management.Compute.ComputeManagementClient/15.0.0.0"
        ],
        "x-ms-client-request-id": "72a18b55-e292-4c05-b0a6-fc7dd45f6209"
      },
      "RequestBody": [],
      "StatusCode": 200,
      "ResponseHeaders": {
        "Cache-Control": "no-cache",
        "Content-Type": "application/json; charset=utf-8",
        "Date": "Tue, 09 Jan 2018 01:08:13 GMT",
        "Expires": "-1",
        "Pragma": "no-cache",
        "Server": [
          "Microsoft-HTTPAPI/2.0",
          "Microsoft-HTTPAPI/2.0"
        ],
        "Strict-Transport-Security": "max-age=31536000; includeSubDomains",
        "Transfer-Encoding": "chunked",
        "Vary": "Accept-Encoding",
        "x-ms-correlation-request-id": "5ebe42ab-f57d-4110-94c3-26d3812a1324",
        "x-ms-ratelimit-remaining-resource": "Microsoft.Compute/LowCostGet3Min;4792,Microsoft.Compute/LowCostGet30Min;38368",
        "x-ms-ratelimit-remaining-subscription-reads": "14993",
        "x-ms-request-id": "a5b79289-14e5-424d-9d19-43295a92f72d",
        "x-ms-routing-request-id": "WESTUS2:20180109T010814Z:5ebe42ab-f57d-4110-94c3-26d3812a1324",
        "x-ms-served-by": "2c223045-be2d-404a-9296-860d66b16631_131593718576129854"
      },
      "ResponseBody": [
        "{\r\n",
        "  \u0022properties\u0022: {\r\n",
        "    \u0022vmId\u0022: \u00225bcc6275-1e91-4096-aac1-dc1fd4da5a11\u0022,\r\n",
        "    \u0022hardwareProfile\u0022: {\r\n",
        "      \u0022vmSize\u0022: \u0022Standard_DS1_v2\u0022\r\n",
        "    },\r\n",
        "    \u0022storageProfile\u0022: {\r\n",
        "      \u0022imageReference\u0022: {\r\n",
        "        \u0022publisher\u0022: \u0022MicrosoftWindowsServer\u0022,\r\n",
        "        \u0022offer\u0022: \u0022WindowsServer\u0022,\r\n",
        "        \u0022sku\u0022: \u00222016-Datacenter\u0022,\r\n",
        "        \u0022version\u0022: \u0022latest\u0022\r\n",
        "      },\r\n",
        "      \u0022osDisk\u0022: {\r\n",
        "        \u0022osType\u0022: \u0022Windows\u0022,\r\n",
        "        \u0022name\u0022: \u0022azsmnet9065\u0022,\r\n",
        "        \u0022createOption\u0022: \u0022FromImage\u0022,\r\n",
        "        \u0022vhd\u0022: {\r\n",
        "          \u0022uri\u0022: \u0022https://azsmnet2751.blob.core.windows.net/vhds/azsmnet906520161217141554.vhd\u0022\r\n",
        "        },\r\n",
        "        \u0022caching\u0022: \u0022ReadWrite\u0022,\r\n",
        "        \u0022diskSizeGB\u0022: 127\r\n",
        "      },\r\n",
        "      \u0022dataDisks\u0022: []\r\n",
        "    },\r\n",
        "    \u0022osProfile\u0022: {\r\n",
        "      \u0022computerName\u0022: \u0022azsmnet9065\u0022,\r\n",
        "      \u0022adminUsername\u0022: \u0022netanalytics32\u0022,\r\n",
        "      \u0022windowsConfiguration\u0022: {\r\n",
        "        \u0022provisionVMAgent\u0022: true,\r\n",
        "        \u0022enableAutomaticUpdates\u0022: true\r\n",
        "      },\r\n",
        "      \u0022secrets\u0022: []\r\n",
        "    },\r\n",
        "    \u0022networkProfile\u0022: {\r\n",
        "      \u0022networkInterfaces\u0022: [\r\n",
        "        {\r\n",
        "          \u0022id\u0022: \u0022/subscriptions/6926fc75-ce7d-4c9e-a87f-c4e38c594eb5/resourceGroups/azsmnet9354/providers/Microsoft.Network/networkInterfaces/azsmnet1516\u0022\r\n",
        "        }\r\n",
        "      ]\r\n",
        "    },\r\n",
        "    \u0022diagnosticsProfile\u0022: {\r\n",
        "      \u0022bootDiagnostics\u0022: {\r\n",
        "        \u0022enabled\u0022: true,\r\n",
        "        \u0022storageUri\u0022: \u0022https://azsmnet525.blob.core.windows.net/\u0022\r\n",
        "      }\r\n",
        "    },\r\n",
        "    \u0022provisioningState\u0022: \u0022Succeeded\u0022\r\n",
        "  },\r\n",
        "  \u0022type\u0022: \u0022Microsoft.Compute/virtualMachines\u0022,\r\n",
        "  \u0022location\u0022: \u0022CentralUSEUAP\u0022,\r\n",
        "  \u0022id\u0022: \u0022/subscriptions/6926fc75-ce7d-4c9e-a87f-c4e38c594eb5/resourceGroups/azsmnet9354/providers/Microsoft.Compute/virtualMachines/azsmnet9065\u0022,\r\n",
        "  \u0022name\u0022: \u0022azsmnet9065\u0022\r\n",
        "}"
      ]
    },
    {
      "RequestUri": "/subscriptions/6926fc75-ce7d-4c9e-a87f-c4e38c594eb5/resourceGroups/azsmnet9354/providers/Microsoft.Compute/virtualMachines/azsmnet9065/extensions/NetworkWatcherAgent?api-version=2017-03-30",
      "RequestMethod": "PUT",
      "RequestHeaders": {
        "accept-language": "en-US",
        "Content-Length": "188",
        "Content-Type": "application/json; charset=utf-8",
        "User-Agent": [
          "FxVersion/4.6.25211.01",
          "Microsoft.Azure.Management.Compute.ComputeManagementClient/15.0.0.0"
        ],
        "x-ms-client-request-id": "233df60a-e448-418b-a04d-5a47338569d7"
      },
      "RequestBody": [
        "{\r\n",
        "  \u0022properties\u0022: {\r\n",
        "    \u0022publisher\u0022: \u0022Microsoft.Azure.NetworkWatcher\u0022,\r\n",
        "    \u0022type\u0022: \u0022NetworkWatcherAgentWindows\u0022,\r\n",
        "    \u0022typeHandlerVersion\u0022: \u00221.4\u0022\r\n",
        "  },\r\n",
        "  \u0022location\u0022: \u0022centraluseuap\u0022\r\n",
        "}"
      ],
      "StatusCode": 201,
      "ResponseHeaders": {
        "Azure-AsyncOperation": "https://management.azure.com/subscriptions/6926fc75-ce7d-4c9e-a87f-c4e38c594eb5/providers/Microsoft.Compute/locations/CentralUSEUAP/operations/7afd1040-9cb4-410b-a9d6-6ad2ad556454?api-version=2017-03-30",
        "Cache-Control": "no-cache",
        "Content-Length": "536",
        "Content-Type": "application/json; charset=utf-8",
        "Date": "Tue, 09 Jan 2018 01:08:15 GMT",
        "Expires": "-1",
        "Pragma": "no-cache",
        "Server": [
          "Microsoft-HTTPAPI/2.0",
          "Microsoft-HTTPAPI/2.0"
        ],
        "Strict-Transport-Security": "max-age=31536000; includeSubDomains",
        "x-ms-correlation-request-id": "94ef4466-f3bc-4667-8345-d12fc5241fb2",
        "x-ms-ratelimit-remaining-resource": "Microsoft.Compute/UpdateVM3Min;239,Microsoft.Compute/UpdateVM30Min;1197",
        "x-ms-ratelimit-remaining-subscription-writes": "1199",
        "x-ms-request-id": "7afd1040-9cb4-410b-a9d6-6ad2ad556454",
        "x-ms-routing-request-id": "WESTUS2:20180109T010815Z:94ef4466-f3bc-4667-8345-d12fc5241fb2",
        "x-ms-served-by": "2c223045-be2d-404a-9296-860d66b16631_131593718576129854"
      },
      "ResponseBody": [
        "{\r\n",
        "  \u0022properties\u0022: {\r\n",
        "    \u0022publisher\u0022: \u0022Microsoft.Azure.NetworkWatcher\u0022,\r\n",
        "    \u0022type\u0022: \u0022NetworkWatcherAgentWindows\u0022,\r\n",
        "    \u0022typeHandlerVersion\u0022: \u00221.4\u0022,\r\n",
        "    \u0022autoUpgradeMinorVersion\u0022: false,\r\n",
        "    \u0022provisioningState\u0022: \u0022Creating\u0022\r\n",
        "  },\r\n",
        "  \u0022type\u0022: \u0022Microsoft.Compute/virtualMachines/extensions\u0022,\r\n",
        "  \u0022location\u0022: \u0022CentralUSEUAP\u0022,\r\n",
        "  \u0022id\u0022: \u0022/subscriptions/6926fc75-ce7d-4c9e-a87f-c4e38c594eb5/resourceGroups/azsmnet9354/providers/Microsoft.Compute/virtualMachines/azsmnet9065/extensions/NetworkWatcherAgent\u0022,\r\n",
        "  \u0022name\u0022: \u0022NetworkWatcherAgent\u0022\r\n",
        "}"
      ]
    },
    {
      "RequestUri": "/subscriptions/6926fc75-ce7d-4c9e-a87f-c4e38c594eb5/providers/Microsoft.Compute/locations/CentralUSEUAP/operations/7afd1040-9cb4-410b-a9d6-6ad2ad556454?api-version=2017-03-30",
      "RequestMethod": "GET",
      "RequestHeaders": {
        "User-Agent": [
          "FxVersion/4.6.25211.01",
          "Microsoft.Azure.Management.Compute.ComputeManagementClient/15.0.0.0"
        ]
      },
      "RequestBody": [],
      "StatusCode": 200,
      "ResponseHeaders": {
        "Cache-Control": "no-cache",
        "Content-Type": "application/json; charset=utf-8",
        "Date": "Tue, 09 Jan 2018 01:08:45 GMT",
        "Expires": "-1",
        "Pragma": "no-cache",
        "Server": [
          "Microsoft-HTTPAPI/2.0",
          "Microsoft-HTTPAPI/2.0"
        ],
        "Strict-Transport-Security": "max-age=31536000; includeSubDomains",
        "Transfer-Encoding": "chunked",
        "Vary": "Accept-Encoding",
        "x-ms-correlation-request-id": "359d398c-976d-48c9-aa6b-6b13fd3fc161",
        "x-ms-ratelimit-remaining-resource": "Microsoft.Compute/GetOperation3Min;11983,Microsoft.Compute/GetOperation30Min;23904",
        "x-ms-ratelimit-remaining-subscription-reads": "14992",
        "x-ms-request-id": "f5837d40-7769-4ff3-81e7-54ad5bcdcffd",
        "x-ms-routing-request-id": "WESTUS2:20180109T010846Z:359d398c-976d-48c9-aa6b-6b13fd3fc161",
        "x-ms-served-by": "2c223045-be2d-404a-9296-860d66b16631_131593718576129854"
      },
      "ResponseBody": [
        "{\r\n",
        "  \u0022startTime\u0022: \u00222018-01-08T17:08:15.4131843-08:00\u0022,\r\n",
        "  \u0022status\u0022: \u0022InProgress\u0022,\r\n",
        "  \u0022name\u0022: \u00227afd1040-9cb4-410b-a9d6-6ad2ad556454\u0022\r\n",
        "}"
      ]
    },
    {
      "RequestUri": "/subscriptions/6926fc75-ce7d-4c9e-a87f-c4e38c594eb5/providers/Microsoft.Compute/locations/CentralUSEUAP/operations/7afd1040-9cb4-410b-a9d6-6ad2ad556454?api-version=2017-03-30",
      "RequestMethod": "GET",
      "RequestHeaders": {
        "User-Agent": [
          "FxVersion/4.6.25211.01",
          "Microsoft.Azure.Management.Compute.ComputeManagementClient/15.0.0.0"
        ]
      },
      "RequestBody": [],
      "StatusCode": 200,
      "ResponseHeaders": {
        "Cache-Control": "no-cache",
        "Content-Type": "application/json; charset=utf-8",
        "Date": "Tue, 09 Jan 2018 01:09:15 GMT",
        "Expires": "-1",
        "Pragma": "no-cache",
        "Server": [
          "Microsoft-HTTPAPI/2.0",
          "Microsoft-HTTPAPI/2.0"
        ],
        "Strict-Transport-Security": "max-age=31536000; includeSubDomains",
        "Transfer-Encoding": "chunked",
        "Vary": "Accept-Encoding",
        "x-ms-correlation-request-id": "70fb0883-c153-4e01-818c-9228e1ddf005",
        "x-ms-ratelimit-remaining-resource": "Microsoft.Compute/GetOperation3Min;11984,Microsoft.Compute/GetOperation30Min;23901",
        "x-ms-ratelimit-remaining-subscription-reads": "14991",
        "x-ms-request-id": "06d0bb08-9977-4e41-8b15-dae09070470d",
        "x-ms-routing-request-id": "WESTUS2:20180109T010916Z:70fb0883-c153-4e01-818c-9228e1ddf005",
        "x-ms-served-by": "2c223045-be2d-404a-9296-860d66b16631_131593718576129854"
      },
      "ResponseBody": [
        "{\r\n",
        "  \u0022startTime\u0022: \u00222018-01-08T17:08:15.4131843-08:00\u0022,\r\n",
        "  \u0022endTime\u0022: \u00222018-01-08T17:08:58.8985497-08:00\u0022,\r\n",
        "  \u0022status\u0022: \u0022Succeeded\u0022,\r\n",
        "  \u0022name\u0022: \u00227afd1040-9cb4-410b-a9d6-6ad2ad556454\u0022\r\n",
        "}"
      ]
    },
    {
      "RequestUri": "/subscriptions/6926fc75-ce7d-4c9e-a87f-c4e38c594eb5/resourceGroups/azsmnet9354/providers/Microsoft.Compute/virtualMachines/azsmnet9065/extensions/NetworkWatcherAgent?api-version=2017-03-30",
      "RequestMethod": "GET",
      "RequestHeaders": {
        "User-Agent": [
          "FxVersion/4.6.25211.01",
          "Microsoft.Azure.Management.Compute.ComputeManagementClient/15.0.0.0"
        ]
      },
      "RequestBody": [],
      "StatusCode": 200,
      "ResponseHeaders": {
        "Cache-Control": "no-cache",
        "Content-Type": "application/json; charset=utf-8",
        "Date": "Tue, 09 Jan 2018 01:09:15 GMT",
        "Expires": "-1",
        "Pragma": "no-cache",
        "Server": [
          "Microsoft-HTTPAPI/2.0",
          "Microsoft-HTTPAPI/2.0"
        ],
        "Strict-Transport-Security": "max-age=31536000; includeSubDomains",
        "Transfer-Encoding": "chunked",
        "Vary": "Accept-Encoding",
        "x-ms-correlation-request-id": "8e279805-e57b-43b9-828b-409d75beb412",
        "x-ms-ratelimit-remaining-resource": "Microsoft.Compute/LowCostGet3Min;4790,Microsoft.Compute/LowCostGet30Min;38364",
        "x-ms-ratelimit-remaining-subscription-reads": "14990",
        "x-ms-request-id": "749b8a5d-25e6-4efd-ae91-3d2e4aa7c3a7",
        "x-ms-routing-request-id": "WESTUS2:20180109T010916Z:8e279805-e57b-43b9-828b-409d75beb412",
        "x-ms-served-by": "2c223045-be2d-404a-9296-860d66b16631_131593718576129854"
      },
      "ResponseBody": [
        "{\r\n",
        "  \u0022properties\u0022: {\r\n",
        "    \u0022publisher\u0022: \u0022Microsoft.Azure.NetworkWatcher\u0022,\r\n",
        "    \u0022type\u0022: \u0022NetworkWatcherAgentWindows\u0022,\r\n",
        "    \u0022typeHandlerVersion\u0022: \u00221.4\u0022,\r\n",
        "    \u0022autoUpgradeMinorVersion\u0022: false,\r\n",
        "    \u0022provisioningState\u0022: \u0022Succeeded\u0022\r\n",
        "  },\r\n",
        "  \u0022type\u0022: \u0022Microsoft.Compute/virtualMachines/extensions\u0022,\r\n",
        "  \u0022location\u0022: \u0022CentralUSEUAP\u0022,\r\n",
        "  \u0022id\u0022: \u0022/subscriptions/6926fc75-ce7d-4c9e-a87f-c4e38c594eb5/resourceGroups/azsmnet9354/providers/Microsoft.Compute/virtualMachines/azsmnet9065/extensions/NetworkWatcherAgent\u0022,\r\n",
        "  \u0022name\u0022: \u0022NetworkWatcherAgent\u0022\r\n",
        "}"
      ]
    },
    {
      "RequestUri": "/subscriptions/6926fc75-ce7d-4c9e-a87f-c4e38c594eb5/resourceGroups/azsmnet9354/providers/Microsoft.Network/networkWatchers/azsmnet3403?api-version=2017-10-01",
      "RequestMethod": "PUT",
      "RequestHeaders": {
        "accept-language": "en-US",
        "Content-Length": "35",
        "Content-Type": "application/json; charset=utf-8",
        "User-Agent": [
          "FxVersion/4.6.25211.01",
          "Microsoft.Azure.Management.Network.NetworkManagementClient/16.1.0.0"
        ],
        "x-ms-client-request-id": "0f7a181a-54ff-4fdb-b9b9-e0e76ef2db8b"
      },
      "RequestBody": [
        "{\r\n",
        "  \u0022location\u0022: \u0022centraluseuap\u0022\r\n",
        "}"
      ],
      "StatusCode": 201,
      "ResponseHeaders": {
        "Azure-AsyncOperation": "https://management.azure.com/subscriptions/6926fc75-ce7d-4c9e-a87f-c4e38c594eb5/providers/Microsoft.Network/locations/centraluseuap/operations/0a5e9192-11e7-431a-8047-34cf4e13e3ed?api-version=2017-10-01",
        "Cache-Control": "no-cache",
        "Content-Length": "408",
        "Content-Type": "application/json; charset=utf-8",
        "Date": "Tue, 09 Jan 2018 01:09:17 GMT",
        "Expires": "-1",
        "Pragma": "no-cache",
        "Server": [
          "Microsoft-HTTPAPI/2.0",
          "Microsoft-HTTPAPI/2.0"
        ],
        "Strict-Transport-Security": "max-age=31536000; includeSubDomains",
        "x-ms-correlation-request-id": "2043e69b-6eef-4052-a92e-f3b05ffd35d8",
        "x-ms-ratelimit-remaining-subscription-writes": "1199",
        "x-ms-request-id": "0a5e9192-11e7-431a-8047-34cf4e13e3ed",
        "x-ms-routing-request-id": "WESTUS2:20180109T010918Z:2043e69b-6eef-4052-a92e-f3b05ffd35d8"
      },
      "ResponseBody": [
        "{\r\n",
        "  \u0022name\u0022: \u0022azsmnet3403\u0022,\r\n",
        "  \u0022id\u0022: \u0022/subscriptions/6926fc75-ce7d-4c9e-a87f-c4e38c594eb5/resourceGroups/azsmnet9354/providers/Microsoft.Network/networkWatchers/azsmnet3403\u0022,\r\n",
        "  \u0022etag\u0022: \u0022W/\\\u0022bba6e993-670d-4fc0-b5cc-60f47a55da82\\\u0022\u0022,\r\n",
        "  \u0022type\u0022: \u0022Microsoft.Network/networkWatchers\u0022,\r\n",
        "  \u0022location\u0022: \u0022centraluseuap\u0022,\r\n",
        "  \u0022properties\u0022: {\r\n",
        "    \u0022provisioningState\u0022: \u0022Succeeded\u0022,\r\n",
        "    \u0022runningOperationIds\u0022: []\r\n",
        "  }\r\n",
        "}"
      ]
    },
    {
      "RequestUri": "/subscriptions/6926fc75-ce7d-4c9e-a87f-c4e38c594eb5/resourceGroups/azsmnet9354/providers/Microsoft.Network/networkWatchers/azsmnet3403/connectionMonitors/azsmnet9392?api-version=2017-10-01",
      "RequestMethod": "PUT",
      "RequestHeaders": {
        "accept-language": "en-US",
        "Content-Length": "360",
        "Content-Type": "application/json; charset=utf-8",
        "User-Agent": [
          "FxVersion/4.6.25211.01",
          "Microsoft.Azure.Management.Network.NetworkManagementClient/16.1.0.0"
        ],
        "x-ms-client-request-id": "a35de19d-53d3-4b68-bf36-93938c1ccb7b"
      },
      "RequestBody": [
        "{\r\n",
        "  \u0022location\u0022: \u0022centraluseuap\u0022,\r\n",
        "  \u0022properties\u0022: {\r\n",
        "    \u0022source\u0022: {\r\n",
        "      \u0022resourceId\u0022: \u0022/subscriptions/6926fc75-ce7d-4c9e-a87f-c4e38c594eb5/resourceGroups/azsmnet9354/providers/Microsoft.Compute/virtualMachines/azsmnet9065\u0022\r\n",
        "    },\r\n",
        "    \u0022destination\u0022: {\r\n",
        "      \u0022address\u0022: \u0022bing.com\u0022,\r\n",
        "      \u0022port\u0022: 80\r\n",
        "    },\r\n",
        "    \u0022monitoringIntervalInSeconds\u0022: 30\r\n",
        "  }\r\n",
        "}"
      ],
      "StatusCode": 201,
      "ResponseHeaders": {
        "Azure-AsyncOperation": "https://management.azure.com/subscriptions/6926fc75-ce7d-4c9e-a87f-c4e38c594eb5/providers/Microsoft.Network/locations/centraluseuap/operations/133bdb4a-901a-4ffa-9809-d50c34bba39e?api-version=2017-10-01",
        "Cache-Control": "no-cache",
        "Content-Length": "807",
        "Content-Type": "application/json; charset=utf-8",
        "Date": "Tue, 09 Jan 2018 01:09:18 GMT",
        "Expires": "-1",
        "Pragma": "no-cache",
        "Retry-After": "10",
        "Server": [
          "Microsoft-HTTPAPI/2.0",
          "Microsoft-HTTPAPI/2.0"
        ],
        "Strict-Transport-Security": "max-age=31536000; includeSubDomains",
        "x-ms-correlation-request-id": "f95c3808-02ca-4ded-8eae-f07ab51f1943",
        "x-ms-ratelimit-remaining-subscription-writes": "1198",
        "x-ms-request-id": "133bdb4a-901a-4ffa-9809-d50c34bba39e",
        "x-ms-routing-request-id": "WESTUS2:20180109T010919Z:f95c3808-02ca-4ded-8eae-f07ab51f1943"
      },
      "ResponseBody": [
        "{\r\n",
        "  \u0022name\u0022: \u0022azsmnet9392\u0022,\r\n",
        "  \u0022id\u0022: \u0022/subscriptions/6926fc75-ce7d-4c9e-a87f-c4e38c594eb5/resourceGroups/azsmnet9354/providers/Microsoft.Network/networkWatchers/azsmnet3403/connectionMonitors/azsmnet9392\u0022,\r\n",
        "  \u0022etag\u0022: \u0022W/\\\u0022a6d2648b-019a-48e8-b65c-963f7a0832a8\\\u0022\u0022,\r\n",
        "  \u0022properties\u0022: {\r\n",
        "    \u0022provisioningState\u0022: \u0022Updating\u0022,\r\n",
        "    \u0022source\u0022: {\r\n",
        "      \u0022resourceId\u0022: \u0022/subscriptions/6926fc75-ce7d-4c9e-a87f-c4e38c594eb5/resourceGroups/azsmnet9354/providers/Microsoft.Compute/virtualMachines/azsmnet9065\u0022,\r\n",
        "      \u0022port\u0022: 0\r\n",
        "    },\r\n",
        "    \u0022destination\u0022: {\r\n",
        "      \u0022address\u0022: \u0022bing.com\u0022,\r\n",
        "      \u0022port\u0022: 80\r\n",
        "    },\r\n",
        "    \u0022monitoringIntervalInSeconds\u0022: 30,\r\n",
        "    \u0022autoStart\u0022: true,\r\n",
        "    \u0022monitoringStatus\u0022: \u0022NotStarted\u0022\r\n",
        "  },\r\n",
        "  \u0022location\u0022: \u0022centraluseuap\u0022,\r\n",
        "  \u0022type\u0022: \u0022Microsoft.Network/networkWatchers/connectionMonitors\u0022\r\n",
        "}"
      ]
    },
    {
      "RequestUri": "/subscriptions/6926fc75-ce7d-4c9e-a87f-c4e38c594eb5/resourceGroups/azsmnet9354/providers/Microsoft.Network/networkWatchers/azsmnet3403/connectionMonitors/azsmnet9392?api-version=2017-10-01",
      "RequestMethod": "PUT",
      "RequestHeaders": {
        "accept-language": "en-US",
        "Content-Length": "360",
        "Content-Type": "application/json; charset=utf-8",
        "User-Agent": [
          "FxVersion/4.6.25211.01",
          "Microsoft.Azure.Management.Network.NetworkManagementClient/16.1.0.0"
        ],
        "x-ms-client-request-id": "4cc2859c-267e-424c-81ff-edd35eb1acbd"
      },
      "RequestBody": [
        "{\r\n",
        "  \u0022location\u0022: \u0022centraluseuap\u0022,\r\n",
        "  \u0022properties\u0022: {\r\n",
        "    \u0022source\u0022: {\r\n",
        "      \u0022resourceId\u0022: \u0022/subscriptions/6926fc75-ce7d-4c9e-a87f-c4e38c594eb5/resourceGroups/azsmnet9354/providers/Microsoft.Compute/virtualMachines/azsmnet9065\u0022\r\n",
        "    },\r\n",
        "    \u0022destination\u0022: {\r\n",
        "      \u0022address\u0022: \u0022bing.com\u0022,\r\n",
        "      \u0022port\u0022: 80\r\n",
        "    },\r\n",
        "    \u0022monitoringIntervalInSeconds\u0022: 60\r\n",
        "  }\r\n",
        "}"
      ],
      "StatusCode": 200,
      "ResponseHeaders": {
        "Azure-AsyncOperation": "https://management.azure.com/subscriptions/6926fc75-ce7d-4c9e-a87f-c4e38c594eb5/providers/Microsoft.Network/locations/centraluseuap/operations/04ad2a2d-0308-46b2-a1e5-97741fb27c84?api-version=2017-10-01",
        "Cache-Control": "no-cache",
        "Content-Type": "application/json; charset=utf-8",
        "Date": "Tue, 09 Jan 2018 01:10:00 GMT",
        "Expires": "-1",
        "Pragma": "no-cache",
        "Retry-After": "10",
        "Server": [
          "Microsoft-HTTPAPI/2.0",
          "Microsoft-HTTPAPI/2.0"
        ],
        "Strict-Transport-Security": "max-age=31536000; includeSubDomains",
        "Transfer-Encoding": "chunked",
        "Vary": "Accept-Encoding",
        "x-ms-correlation-request-id": "fe576574-96ca-49d5-a393-2cdfc624d231",
        "x-ms-ratelimit-remaining-subscription-writes": "1197",
        "x-ms-request-id": "04ad2a2d-0308-46b2-a1e5-97741fb27c84",
        "x-ms-routing-request-id": "WESTUS2:20180109T011001Z:fe576574-96ca-49d5-a393-2cdfc624d231"
      },
      "ResponseBody": [
        "{\r\n",
        "  \u0022name\u0022: \u0022azsmnet9392\u0022,\r\n",
        "  \u0022id\u0022: \u0022/subscriptions/6926fc75-ce7d-4c9e-a87f-c4e38c594eb5/resourceGroups/azsmnet9354/providers/Microsoft.Network/networkWatchers/azsmnet3403/connectionMonitors/azsmnet9392\u0022,\r\n",
        "  \u0022etag\u0022: \u0022W/\\\u002231cfd9aa-9d95-4177-af7b-4cf5a5f8820e\\\u0022\u0022,\r\n",
        "  \u0022properties\u0022: {\r\n",
        "    \u0022provisioningState\u0022: \u0022Updating\u0022,\r\n",
        "    \u0022source\u0022: {\r\n",
        "      \u0022resourceId\u0022: \u0022/subscriptions/6926fc75-ce7d-4c9e-a87f-c4e38c594eb5/resourceGroups/azsmnet9354/providers/Microsoft.Compute/virtualMachines/azsmnet9065\u0022,\r\n",
        "      \u0022port\u0022: 0\r\n",
        "    },\r\n",
        "    \u0022destination\u0022: {\r\n",
        "      \u0022address\u0022: \u0022bing.com\u0022,\r\n",
        "      \u0022port\u0022: 80\r\n",
        "    },\r\n",
        "    \u0022monitoringIntervalInSeconds\u0022: 60,\r\n",
        "    \u0022autoStart\u0022: true,\r\n",
        "    \u0022monitoringStatus\u0022: \u0022NotStarted\u0022\r\n",
        "  },\r\n",
        "  \u0022location\u0022: \u0022centraluseuap\u0022,\r\n",
        "  \u0022type\u0022: \u0022Microsoft.Network/networkWatchers/connectionMonitors\u0022\r\n",
        "}"
      ]
    },
    {
      "RequestUri": "/subscriptions/6926fc75-ce7d-4c9e-a87f-c4e38c594eb5/providers/Microsoft.Network/locations/centraluseuap/operations/133bdb4a-901a-4ffa-9809-d50c34bba39e?api-version=2017-10-01",
      "RequestMethod": "GET",
      "RequestHeaders": {
        "User-Agent": [
          "FxVersion/4.6.25211.01",
          "Microsoft.Azure.Management.Network.NetworkManagementClient/16.1.0.0"
        ]
      },
      "RequestBody": [],
      "StatusCode": 200,
      "ResponseHeaders": {
        "Cache-Control": "no-cache",
        "Content-Type": "application/json; charset=utf-8",
        "Date": "Tue, 09 Jan 2018 01:09:28 GMT",
        "Expires": "-1",
        "Pragma": "no-cache",
        "Retry-After": "10",
        "Server": [
          "Microsoft-HTTPAPI/2.0",
          "Microsoft-HTTPAPI/2.0"
        ],
        "Strict-Transport-Security": "max-age=31536000; includeSubDomains",
        "Transfer-Encoding": "chunked",
        "Vary": "Accept-Encoding",
        "x-ms-correlation-request-id": "1d5d4440-872f-43d6-a0fa-357a7435021e",
        "x-ms-ratelimit-remaining-subscription-reads": "14990",
        "x-ms-request-id": "ca47873e-b755-4d50-a368-0fc37903a76d",
        "x-ms-routing-request-id": "WESTUS2:20180109T010929Z:1d5d4440-872f-43d6-a0fa-357a7435021e"
      },
      "ResponseBody": [
        "{\r\n",
        "  \u0022status\u0022: \u0022InProgress\u0022\r\n",
        "}"
      ]
    },
    {
      "RequestUri": "/subscriptions/6926fc75-ce7d-4c9e-a87f-c4e38c594eb5/providers/Microsoft.Network/locations/centraluseuap/operations/133bdb4a-901a-4ffa-9809-d50c34bba39e?api-version=2017-10-01",
      "RequestMethod": "GET",
      "RequestHeaders": {
        "User-Agent": [
          "FxVersion/4.6.25211.01",
          "Microsoft.Azure.Management.Network.NetworkManagementClient/16.1.0.0"
        ]
      },
      "RequestBody": [],
      "StatusCode": 200,
      "ResponseHeaders": {
        "Cache-Control": "no-cache",
        "Content-Type": "application/json; charset=utf-8",
        "Date": "Tue, 09 Jan 2018 01:09:39 GMT",
        "Expires": "-1",
        "Pragma": "no-cache",
        "Retry-After": "10",
        "Server": [
          "Microsoft-HTTPAPI/2.0",
          "Microsoft-HTTPAPI/2.0"
        ],
        "Strict-Transport-Security": "max-age=31536000; includeSubDomains",
        "Transfer-Encoding": "chunked",
        "Vary": "Accept-Encoding",
        "x-ms-correlation-request-id": "252dfdf0-76c3-4f21-a892-414fb7dc9fb1",
        "x-ms-ratelimit-remaining-subscription-reads": "14989",
        "x-ms-request-id": "8d1f3e9c-55c6-4251-9fb5-15630189f2fc",
        "x-ms-routing-request-id": "WESTUS2:20180109T010939Z:252dfdf0-76c3-4f21-a892-414fb7dc9fb1"
      },
      "ResponseBody": [
        "{\r\n",
        "  \u0022status\u0022: \u0022InProgress\u0022\r\n",
        "}"
      ]
    },
    {
      "RequestUri": "/subscriptions/6926fc75-ce7d-4c9e-a87f-c4e38c594eb5/providers/Microsoft.Network/locations/centraluseuap/operations/133bdb4a-901a-4ffa-9809-d50c34bba39e?api-version=2017-10-01",
      "RequestMethod": "GET",
      "RequestHeaders": {
        "User-Agent": [
          "FxVersion/4.6.25211.01",
          "Microsoft.Azure.Management.Network.NetworkManagementClient/16.1.0.0"
        ]
      },
      "RequestBody": [],
      "StatusCode": 200,
      "ResponseHeaders": {
        "Cache-Control": "no-cache",
        "Content-Type": "application/json; charset=utf-8",
        "Date": "Tue, 09 Jan 2018 01:09:49 GMT",
        "Expires": "-1",
        "Pragma": "no-cache",
        "Retry-After": "10",
        "Server": [
          "Microsoft-HTTPAPI/2.0",
          "Microsoft-HTTPAPI/2.0"
        ],
        "Strict-Transport-Security": "max-age=31536000; includeSubDomains",
        "Transfer-Encoding": "chunked",
        "Vary": "Accept-Encoding",
        "x-ms-correlation-request-id": "9e3ea198-38d1-45e0-a185-1a5123bf78b3",
        "x-ms-ratelimit-remaining-subscription-reads": "14988",
        "x-ms-request-id": "219d9e20-12fb-41b6-8b64-2532cb9e2123",
        "x-ms-routing-request-id": "WESTUS2:20180109T010950Z:9e3ea198-38d1-45e0-a185-1a5123bf78b3"
      },
      "ResponseBody": [
        "{\r\n",
        "  \u0022status\u0022: \u0022InProgress\u0022\r\n",
        "}"
      ]
    },
    {
      "RequestUri": "/subscriptions/6926fc75-ce7d-4c9e-a87f-c4e38c594eb5/providers/Microsoft.Network/locations/centraluseuap/operations/133bdb4a-901a-4ffa-9809-d50c34bba39e?api-version=2017-10-01",
      "RequestMethod": "GET",
      "RequestHeaders": {
        "User-Agent": [
          "FxVersion/4.6.25211.01",
          "Microsoft.Azure.Management.Network.NetworkManagementClient/16.1.0.0"
        ]
      },
      "RequestBody": [],
      "StatusCode": 200,
      "ResponseHeaders": {
        "Cache-Control": "no-cache",
        "Content-Type": "application/json; charset=utf-8",
        "Date": "Tue, 09 Jan 2018 01:09:59 GMT",
        "Expires": "-1",
        "Pragma": "no-cache",
        "Server": [
          "Microsoft-HTTPAPI/2.0",
          "Microsoft-HTTPAPI/2.0"
        ],
        "Strict-Transport-Security": "max-age=31536000; includeSubDomains",
        "Transfer-Encoding": "chunked",
        "Vary": "Accept-Encoding",
        "x-ms-correlation-request-id": "b06be560-1c10-43d7-8d00-7dbe826375fc",
        "x-ms-ratelimit-remaining-subscription-reads": "14987",
        "x-ms-request-id": "be86f72f-d0d9-4150-86e6-78caabad81a8",
        "x-ms-routing-request-id": "WESTUS2:20180109T011000Z:b06be560-1c10-43d7-8d00-7dbe826375fc"
      },
      "ResponseBody": [
        "{\r\n",
        "  \u0022status\u0022: \u0022Succeeded\u0022\r\n",
        "}"
      ]
    },
    {
      "RequestUri": "/subscriptions/6926fc75-ce7d-4c9e-a87f-c4e38c594eb5/resourceGroups/azsmnet9354/providers/Microsoft.Network/networkWatchers/azsmnet3403/connectionMonitors/azsmnet9392?api-version=2017-10-01",
      "RequestMethod": "GET",
      "RequestHeaders": {
        "User-Agent": [
          "FxVersion/4.6.25211.01",
          "Microsoft.Azure.Management.Network.NetworkManagementClient/16.1.0.0"
        ]
      },
      "RequestBody": [],
      "StatusCode": 200,
      "ResponseHeaders": {
        "Cache-Control": "no-cache",
        "Content-Type": "application/json; charset=utf-8",
        "Date": "Tue, 09 Jan 2018 01:09:59 GMT",
        "ETag": "W/\u0022033bc81d-3405-4507-b353-b2c7df32e984\u0022",
        "Expires": "-1",
        "Pragma": "no-cache",
        "Server": [
          "Microsoft-HTTPAPI/2.0",
          "Microsoft-HTTPAPI/2.0"
        ],
        "Strict-Transport-Security": "max-age=31536000; includeSubDomains",
        "Transfer-Encoding": "chunked",
        "Vary": "Accept-Encoding",
        "x-ms-correlation-request-id": "a0dc00ca-5f5d-4684-8ede-1e273fb244f3",
        "x-ms-ratelimit-remaining-subscription-reads": "14986",
        "x-ms-request-id": "7e1c3a69-da13-439c-9e81-8c01b4e8cdc1",
        "x-ms-routing-request-id": "WESTUS2:20180109T011000Z:a0dc00ca-5f5d-4684-8ede-1e273fb244f3"
      },
      "ResponseBody": [
        "{\r\n",
        "  \u0022name\u0022: \u0022azsmnet9392\u0022,\r\n",
        "  \u0022id\u0022: \u0022/subscriptions/6926fc75-ce7d-4c9e-a87f-c4e38c594eb5/resourceGroups/azsmnet9354/providers/Microsoft.Network/networkWatchers/azsmnet3403/connectionMonitors/azsmnet9392\u0022,\r\n",
        "  \u0022etag\u0022: \u0022W/\\\u0022033bc81d-3405-4507-b353-b2c7df32e984\\\u0022\u0022,\r\n",
        "  \u0022properties\u0022: {\r\n",
        "    \u0022provisioningState\u0022: \u0022Succeeded\u0022,\r\n",
        "    \u0022source\u0022: {\r\n",
        "      \u0022resourceId\u0022: \u0022/subscriptions/6926fc75-ce7d-4c9e-a87f-c4e38c594eb5/resourceGroups/azsmnet9354/providers/Microsoft.Compute/virtualMachines/azsmnet9065\u0022,\r\n",
        "      \u0022port\u0022: 0\r\n",
        "    },\r\n",
        "    \u0022destination\u0022: {\r\n",
        "      \u0022address\u0022: \u0022bing.com\u0022,\r\n",
        "      \u0022port\u0022: 80\r\n",
        "    },\r\n",
        "    \u0022monitoringIntervalInSeconds\u0022: 30,\r\n",
        "    \u0022autoStart\u0022: true,\r\n",
        "    \u0022startTime\u0022: \u00222018-01-09T01:09:52.2514826Z\u0022,\r\n",
        "    \u0022monitoringStatus\u0022: \u0022Running\u0022\r\n",
        "  },\r\n",
        "  \u0022location\u0022: \u0022centraluseuap\u0022,\r\n",
        "  \u0022type\u0022: \u0022Microsoft.Network/networkWatchers/connectionMonitors\u0022\r\n",
        "}"
      ]
    },
    {
      "RequestUri": "/subscriptions/6926fc75-ce7d-4c9e-a87f-c4e38c594eb5/resourceGroups/azsmnet9354/providers/Microsoft.Network/networkWatchers/azsmnet3403/connectionMonitors/azsmnet9392?api-version=2017-10-01",
      "RequestMethod": "GET",
      "RequestHeaders": {
        "User-Agent": [
          "FxVersion/4.6.25211.01",
          "Microsoft.Azure.Management.Network.NetworkManagementClient/16.1.0.0"
        ]
      },
      "RequestBody": [],
      "StatusCode": 200,
      "ResponseHeaders": {
        "Cache-Control": "no-cache",
        "Content-Type": "application/json; charset=utf-8",
        "Date": "Tue, 09 Jan 2018 01:10:31 GMT",
        "ETag": "W/\u0022b8859502-323f-4c1f-98f9-619054a778cd\u0022",
        "Expires": "-1",
        "Pragma": "no-cache",
        "Server": [
          "Microsoft-HTTPAPI/2.0",
          "Microsoft-HTTPAPI/2.0"
        ],
        "Strict-Transport-Security": "max-age=31536000; includeSubDomains",
        "Transfer-Encoding": "chunked",
        "Vary": "Accept-Encoding",
        "x-ms-correlation-request-id": "dbee2b41-65ea-42d8-95bb-493bfa0acb19",
        "x-ms-ratelimit-remaining-subscription-reads": "14982",
        "x-ms-request-id": "2e046643-36a8-4736-9b2c-9e5c897739d3",
        "x-ms-routing-request-id": "WESTUS2:20180109T011032Z:dbee2b41-65ea-42d8-95bb-493bfa0acb19"
      },
      "ResponseBody": [
        "{\r\n",
        "  \u0022name\u0022: \u0022azsmnet9392\u0022,\r\n",
        "  \u0022id\u0022: \u0022/subscriptions/6926fc75-ce7d-4c9e-a87f-c4e38c594eb5/resourceGroups/azsmnet9354/providers/Microsoft.Network/networkWatchers/azsmnet3403/connectionMonitors/azsmnet9392\u0022,\r\n",
        "  \u0022etag\u0022: \u0022W/\\\u0022b8859502-323f-4c1f-98f9-619054a778cd\\\u0022\u0022,\r\n",
        "  \u0022properties\u0022: {\r\n",
        "    \u0022provisioningState\u0022: \u0022Succeeded\u0022,\r\n",
        "    \u0022source\u0022: {\r\n",
        "      \u0022resourceId\u0022: \u0022/subscriptions/6926fc75-ce7d-4c9e-a87f-c4e38c594eb5/resourceGroups/azsmnet9354/providers/Microsoft.Compute/virtualMachines/azsmnet9065\u0022,\r\n",
        "      \u0022port\u0022: 0\r\n",
        "    },\r\n",
        "    \u0022destination\u0022: {\r\n",
        "      \u0022address\u0022: \u0022bing.com\u0022,\r\n",
        "      \u0022port\u0022: 80\r\n",
        "    },\r\n",
        "    \u0022monitoringIntervalInSeconds\u0022: 60,\r\n",
        "    \u0022autoStart\u0022: true,\r\n",
        "    \u0022startTime\u0022: \u00222018-01-09T01:10:22.5172339Z\u0022,\r\n",
        "    \u0022monitoringStatus\u0022: \u0022Running\u0022\r\n",
        "  },\r\n",
        "  \u0022location\u0022: \u0022centraluseuap\u0022,\r\n",
        "  \u0022type\u0022: \u0022Microsoft.Network/networkWatchers/connectionMonitors\u0022\r\n",
        "}"
      ]
    },
    {
      "RequestUri": "/subscriptions/6926fc75-ce7d-4c9e-a87f-c4e38c594eb5/providers/Microsoft.Network/locations/centraluseuap/operations/04ad2a2d-0308-46b2-a1e5-97741fb27c84?api-version=2017-10-01",
      "RequestMethod": "GET",
      "RequestHeaders": {
        "User-Agent": [
          "FxVersion/4.6.25211.01",
          "Microsoft.Azure.Management.Network.NetworkManagementClient/16.1.0.0"
        ]
      },
      "RequestBody": [],
      "StatusCode": 200,
      "ResponseHeaders": {
        "Cache-Control": "no-cache",
        "Content-Type": "application/json; charset=utf-8",
        "Date": "Tue, 09 Jan 2018 01:10:11 GMT",
        "Expires": "-1",
        "Pragma": "no-cache",
        "Retry-After": "10",
        "Server": [
          "Microsoft-HTTPAPI/2.0",
          "Microsoft-HTTPAPI/2.0"
        ],
        "Strict-Transport-Security": "max-age=31536000; includeSubDomains",
        "Transfer-Encoding": "chunked",
        "Vary": "Accept-Encoding",
        "x-ms-correlation-request-id": "947707e0-c6ce-420a-97cc-f03824f3ab6e",
        "x-ms-ratelimit-remaining-subscription-reads": "14985",
        "x-ms-request-id": "05989895-760d-4400-b011-6d279f3ca227",
        "x-ms-routing-request-id": "WESTUS2:20180109T011011Z:947707e0-c6ce-420a-97cc-f03824f3ab6e"
      },
      "ResponseBody": [
        "{\r\n",
        "  \u0022status\u0022: \u0022InProgress\u0022\r\n",
        "}"
      ]
    },
    {
      "RequestUri": "/subscriptions/6926fc75-ce7d-4c9e-a87f-c4e38c594eb5/providers/Microsoft.Network/locations/centraluseuap/operations/04ad2a2d-0308-46b2-a1e5-97741fb27c84?api-version=2017-10-01",
      "RequestMethod": "GET",
      "RequestHeaders": {
        "User-Agent": [
          "FxVersion/4.6.25211.01",
          "Microsoft.Azure.Management.Network.NetworkManagementClient/16.1.0.0"
        ]
      },
      "RequestBody": [],
      "StatusCode": 200,
      "ResponseHeaders": {
        "Cache-Control": "no-cache",
        "Content-Type": "application/json; charset=utf-8",
        "Date": "Tue, 09 Jan 2018 01:10:21 GMT",
        "Expires": "-1",
        "Pragma": "no-cache",
        "Retry-After": "10",
        "Server": [
          "Microsoft-HTTPAPI/2.0",
          "Microsoft-HTTPAPI/2.0"
        ],
        "Strict-Transport-Security": "max-age=31536000; includeSubDomains",
        "Transfer-Encoding": "chunked",
        "Vary": "Accept-Encoding",
        "x-ms-correlation-request-id": "fc763e58-200a-4a84-978f-72301cbd4e78",
        "x-ms-ratelimit-remaining-subscription-reads": "14984",
        "x-ms-request-id": "97055e37-37c9-4626-8d1f-3fcf3f35c7df",
        "x-ms-routing-request-id": "WESTUS2:20180109T011021Z:fc763e58-200a-4a84-978f-72301cbd4e78"
      },
      "ResponseBody": [
        "{\r\n",
        "  \u0022status\u0022: \u0022InProgress\u0022\r\n",
        "}"
      ]
    },
    {
      "RequestUri": "/subscriptions/6926fc75-ce7d-4c9e-a87f-c4e38c594eb5/providers/Microsoft.Network/locations/centraluseuap/operations/04ad2a2d-0308-46b2-a1e5-97741fb27c84?api-version=2017-10-01",
      "RequestMethod": "GET",
      "RequestHeaders": {
        "User-Agent": [
          "FxVersion/4.6.25211.01",
          "Microsoft.Azure.Management.Network.NetworkManagementClient/16.1.0.0"
        ]
      },
      "RequestBody": [],
      "StatusCode": 200,
      "ResponseHeaders": {
        "Cache-Control": "no-cache",
        "Content-Type": "application/json; charset=utf-8",
        "Date": "Tue, 09 Jan 2018 01:10:31 GMT",
        "Expires": "-1",
        "Pragma": "no-cache",
        "Server": [
          "Microsoft-HTTPAPI/2.0",
          "Microsoft-HTTPAPI/2.0"
        ],
        "Strict-Transport-Security": "max-age=31536000; includeSubDomains",
        "Transfer-Encoding": "chunked",
        "Vary": "Accept-Encoding",
        "x-ms-correlation-request-id": "0b483dc5-27de-495f-8a39-fe1e7e7d26bc",
        "x-ms-ratelimit-remaining-subscription-reads": "14983",
        "x-ms-request-id": "169dd94e-e08d-48db-ab32-6c6b619755a3",
        "x-ms-routing-request-id": "WESTUS2:20180109T011032Z:0b483dc5-27de-495f-8a39-fe1e7e7d26bc"
      },
      "ResponseBody": [
        "{\r\n",
        "  \u0022status\u0022: \u0022Succeeded\u0022\r\n",
        "}"
      ]
    }
  ],
  "Variables": {
    "SubscriptionId": "6926fc75-ce7d-4c9e-a87f-c4e38c594eb5"
  }
}