{
  "Entries": [
    {
      "RequestUri": "/subscriptions/da28f5e5-aa45-46fe-90c8-053ca49ab4b5/resourcegroups/aci_rg8978?api-version=2015-11-01",
      "EncodedRequestUri": "L3N1YnNjcmlwdGlvbnMvZGEyOGY1ZTUtYWE0NS00NmZlLTkwYzgtMDUzY2E0OWFiNGI1L3Jlc291cmNlZ3JvdXBzL2FjaV9yZzg5Nzg/YXBpLXZlcnNpb249MjAxNS0xMS0wMQ==",
      "RequestMethod": "PUT",
      "RequestBody": "{\r\n  \"location\": \"westus\"\r\n}",
      "RequestHeaders": {
        "x-ms-client-request-id": [
          "5735d4d6-b4e0-4fd4-b192-d7ac50065aa7"
        ],
        "Accept-Language": [
          "en-US"
        ],
        "User-Agent": [
          "FxVersion/4.6.30411.01",
          "OSName/Windows",
          "OSVersion/Microsoft.Windows.10.0.19043.",
          "Microsoft.Azure.Management.Resources.ResourceManagementClient/1.0.0.0"
        ],
        "Content-Type": [
          "application/json; charset=utf-8"
        ],
        "Content-Length": [
          "28"
        ]
      },
      "ResponseHeaders": {
        "Cache-Control": [
          "no-cache"
        ],
        "Pragma": [
          "no-cache"
        ],
        "x-ms-ratelimit-remaining-subscription-writes": [
          "1199"
        ],
        "x-ms-request-id": [
          "241d461a-7eb8-44a3-a0b6-8fd06c288945"
        ],
        "x-ms-correlation-request-id": [
          "241d461a-7eb8-44a3-a0b6-8fd06c288945"
        ],
        "x-ms-routing-request-id": [
          "WESTUS2:20210917T184728Z:241d461a-7eb8-44a3-a0b6-8fd06c288945"
        ],
        "Strict-Transport-Security": [
          "max-age=31536000; includeSubDomains"
        ],
        "X-Content-Type-Options": [
          "nosniff"
        ],
        "Date": [
          "Fri, 17 Sep 2021 18:47:27 GMT"
        ],
        "Content-Length": [
          "173"
        ],
        "Content-Type": [
          "application/json; charset=utf-8"
        ],
        "Expires": [
          "-1"
        ]
      },
      "ResponseBody": "{\r\n  \"id\": \"/subscriptions/da28f5e5-aa45-46fe-90c8-053ca49ab4b5/resourceGroups/aci_rg8978\",\r\n  \"name\": \"aci_rg8978\",\r\n  \"location\": \"westus\",\r\n  \"properties\": {\r\n    \"provisioningState\": \"Succeeded\"\r\n  }\r\n}",
      "StatusCode": 201
    },
    {
      "RequestUri": "/subscriptions/da28f5e5-aa45-46fe-90c8-053ca49ab4b5/resourceGroups/aci_rg8978/providers/Microsoft.ContainerInstance/containerGroups/acinetsdk9041?api-version=2021-07-01",
      "EncodedRequestUri": "L3N1YnNjcmlwdGlvbnMvZGEyOGY1ZTUtYWE0NS00NmZlLTkwYzgtMDUzY2E0OWFiNGI1L3Jlc291cmNlR3JvdXBzL2FjaV9yZzg5NzgvcHJvdmlkZXJzL01pY3Jvc29mdC5Db250YWluZXJJbnN0YW5jZS9jb250YWluZXJHcm91cHMvYWNpbmV0c2RrOTA0MT9hcGktdmVyc2lvbj0yMDIxLTA3LTAx",
      "RequestMethod": "PUT",
      "RequestBody": "{\r\n  \"identity\": {\r\n    \"type\": \"SystemAssigned\"\r\n  },\r\n  \"properties\": {\r\n    \"containers\": [\r\n      {\r\n        \"name\": \"acinetsdk9041\",\r\n        \"properties\": {\r\n          \"image\": \"alpine\",\r\n          \"command\": [\r\n            \"/bin/sh\",\r\n            \"-c\",\r\n            \"while true; do sleep 10; done\"\r\n          ],\r\n          \"ports\": [\r\n            {\r\n              \"port\": 80\r\n            }\r\n          ],\r\n          \"environmentVariables\": [\r\n            {\r\n              \"name\": \"secretEnv\",\r\n              \"secureValue\": \"secretValue1\"\r\n            }\r\n          ],\r\n          \"resources\": {\r\n            \"requests\": {\r\n              \"memoryInGB\": 1.5,\r\n              \"cpu\": 1.0\r\n            }\r\n          },\r\n          \"livenessProbe\": {\r\n            \"exec\": {\r\n              \"command\": [\r\n                \"ls\"\r\n              ]\r\n            },\r\n            \"periodSeconds\": 20\r\n          }\r\n        }\r\n      }\r\n    ],\r\n    \"restartPolicy\": \"Never\",\r\n    \"ipAddress\": {\r\n      \"ports\": [\r\n        {\r\n          \"protocol\": \"TCP\",\r\n          \"port\": 80\r\n        }\r\n      ],\r\n      \"type\": \"Public\",\r\n      \"dnsNameLabel\": \"acinetsdk9041\"\r\n    },\r\n    \"osType\": \"Linux\",\r\n    \"diagnostics\": {\r\n      \"logAnalytics\": {\r\n        \"workspaceId\": \"workspaceid\",\r\n        \"workspaceKey\": \"workspacekey\"\r\n      }\r\n    },\r\n    \"sku\": \"Standard\",\r\n    \"initContainers\": [\r\n      {\r\n        \"name\": \"acinetsdk9041init\",\r\n        \"properties\": {\r\n          \"image\": \"alpine\",\r\n          \"command\": [\r\n            \"/bin/sh\",\r\n            \"-c\",\r\n            \"sleep 5\"\r\n          ],\r\n          \"environmentVariables\": [\r\n            {\r\n              \"name\": \"secretEnv\",\r\n              \"secureValue\": \"secretValue1\"\r\n            }\r\n          ]\r\n        }\r\n      }\r\n    ]\r\n  },\r\n  \"location\": \"westus\"\r\n}",
      "RequestHeaders": {
        "x-ms-client-request-id": [
          "e16bc147-adc8-4096-a84a-d855e728d986"
        ],
        "Accept-Language": [
          "en-US"
        ],
        "User-Agent": [
          "FxVersion/4.6.30411.01",
          "OSName/Windows",
          "OSVersion/Microsoft.Windows.10.0.19043.",
          "Microsoft.Azure.Management.ContainerInstance.ContainerInstanceManagementClient/5.0.0.0"
        ],
        "Content-Type": [
          "application/json; charset=utf-8"
        ],
        "Content-Length": [
          "1792"
        ]
      },
      "ResponseHeaders": {
        "Cache-Control": [
          "no-cache"
        ],
        "Pragma": [
          "no-cache"
        ],
        "Azure-AsyncOperation": [
          "https://management.azure.com/subscriptions/da28f5e5-aa45-46fe-90c8-053ca49ab4b5/providers/Microsoft.ContainerInstance/locations/westus/operations/9cc17110-72b4-4a18-be45-10707296043d?api-version=2018-06-01"
        ],
        "x-ms-ratelimit-remaining-subscription-resource-requests-pt5m": [
          "192"
        ],
        "x-ms-ratelimit-remaining-subscription-resource-requests-pt1h": [
          "446"
        ],
        "x-ms-request-id": [
          "westus:9cc17110-72b4-4a18-be45-10707296043d"
        ],
        "x-ms-ratelimit-remaining-subscription-writes": [
          "1198"
        ],
        "x-ms-correlation-request-id": [
          "f339e127-2f2e-4f76-b566-49a750176281"
        ],
        "x-ms-routing-request-id": [
          "WESTUS2:20210917T184734Z:f339e127-2f2e-4f76-b566-49a750176281"
        ],
        "Strict-Transport-Security": [
          "max-age=31536000; includeSubDomains"
        ],
        "X-Content-Type-Options": [
          "nosniff"
        ],
        "Date": [
          "Fri, 17 Sep 2021 18:47:33 GMT"
        ],
        "Content-Length": [
          "1228"
        ],
        "Content-Type": [
          "application/json; charset=utf-8"
        ],
        "Expires": [
          "-1"
        ]
      },
      "ResponseBody": "{\r\n  \"properties\": {\r\n    \"sku\": \"Standard\",\r\n    \"provisioningState\": \"Pending\",\r\n    \"containers\": [\r\n      {\r\n        \"name\": \"acinetsdk9041\",\r\n        \"properties\": {\r\n          \"image\": \"alpine\",\r\n          \"command\": [\r\n            \"/bin/sh\",\r\n            \"-c\",\r\n            \"while true; do sleep 10; done\"\r\n          ],\r\n          \"ports\": [\r\n            {\r\n              \"port\": 80\r\n            }\r\n          ],\r\n          \"environmentVariables\": [\r\n            {\r\n              \"name\": \"secretEnv\"\r\n            }\r\n          ],\r\n          \"resources\": {\r\n            \"requests\": {\r\n              \"memoryInGB\": 1.5,\r\n              \"cpu\": 1.0\r\n            }\r\n          },\r\n          \"livenessProbe\": {\r\n            \"exec\": {\r\n              \"command\": [\r\n                \"ls\"\r\n              ]\r\n            },\r\n            \"periodSeconds\": 20\r\n          }\r\n        }\r\n      }\r\n    ],\r\n    \"initContainers\": [\r\n      {\r\n        \"name\": \"acinetsdk9041init\",\r\n        \"properties\": {\r\n          \"image\": \"alpine\",\r\n          \"command\": [\r\n            \"/bin/sh\",\r\n            \"-c\",\r\n            \"sleep 5\"\r\n          ],\r\n          \"environmentVariables\": [\r\n            {\r\n              \"name\": \"secretEnv\"\r\n            }\r\n          ]\r\n        }\r\n      }\r\n    ],\r\n    \"restartPolicy\": \"Never\",\r\n    \"ipAddress\": {\r\n      \"ports\": [\r\n        {\r\n          \"protocol\": \"TCP\",\r\n          \"port\": 80\r\n        }\r\n      ],\r\n      \"type\": \"Public\",\r\n      \"dnsNameLabel\": \"acinetsdk9041\",\r\n      \"fqdn\": \"acinetsdk9041.westus.azurecontainer.io\"\r\n    },\r\n    \"osType\": \"Linux\",\r\n    \"instanceView\": {\r\n      \"events\": [],\r\n      \"state\": \"Pending\"\r\n    },\r\n    \"diagnostics\": {\r\n      \"logAnalytics\": {\r\n        \"workspaceId\": \"workspaceid\"\r\n      }\r\n    }\r\n  },\r\n  \"identity\": {\r\n    \"principalId\": \"762dc388-065d-481a-9460-261e1dc5e2b6\",\r\n    \"tenantId\": \"72f988bf-86f1-41af-91ab-2d7cd011db47\",\r\n    \"type\": \"SystemAssigned\"\r\n  },\r\n  \"id\": \"/subscriptions/da28f5e5-aa45-46fe-90c8-053ca49ab4b5/resourceGroups/aci_rg8978/providers/Microsoft.ContainerInstance/containerGroups/acinetsdk9041\",\r\n  \"name\": \"acinetsdk9041\",\r\n  \"type\": \"Microsoft.ContainerInstance/containerGroups\",\r\n  \"location\": \"westus\"\r\n}",
      "StatusCode": 201
    },
    {
      "RequestUri": "/subscriptions/da28f5e5-aa45-46fe-90c8-053ca49ab4b5/providers/Microsoft.ContainerInstance/locations/westus/operations/9cc17110-72b4-4a18-be45-10707296043d?api-version=2018-06-01",
      "EncodedRequestUri": "L3N1YnNjcmlwdGlvbnMvZGEyOGY1ZTUtYWE0NS00NmZlLTkwYzgtMDUzY2E0OWFiNGI1L3Byb3ZpZGVycy9NaWNyb3NvZnQuQ29udGFpbmVySW5zdGFuY2UvbG9jYXRpb25zL3dlc3R1cy9vcGVyYXRpb25zLzljYzE3MTEwLTcyYjQtNGExOC1iZTQ1LTEwNzA3Mjk2MDQzZD9hcGktdmVyc2lvbj0yMDE4LTA2LTAx",
      "RequestMethod": "GET",
      "RequestBody": "",
      "RequestHeaders": {
        "User-Agent": [
          "FxVersion/4.6.30411.01",
          "OSName/Windows",
          "OSVersion/Microsoft.Windows.10.0.19043.",
          "Microsoft.Azure.Management.ContainerInstance.ContainerInstanceManagementClient/5.0.0.0"
        ]
      },
      "ResponseHeaders": {
        "Cache-Control": [
          "no-cache"
        ],
        "Pragma": [
          "no-cache"
        ],
        "Vary": [
          "Accept-Encoding"
        ],
        "x-ms-request-id": [
          "westus:a79b5d58-a0d3-4763-aa73-9ed9becaedde"
        ],
        "x-ms-ratelimit-remaining-subscription-reads": [
          "11999"
        ],
        "x-ms-correlation-request-id": [
          "263347be-482b-49ab-a678-80a4542a6cd5"
        ],
        "x-ms-routing-request-id": [
          "WESTUS2:20210917T184804Z:263347be-482b-49ab-a678-80a4542a6cd5"
        ],
        "Strict-Transport-Security": [
          "max-age=31536000; includeSubDomains"
        ],
        "X-Content-Type-Options": [
          "nosniff"
        ],
        "Date": [
          "Fri, 17 Sep 2021 18:48:03 GMT"
        ],
        "Content-Length": [
          "243"
        ],
        "Content-Type": [
          "application/json; charset=utf-8"
        ],
        "Expires": [
          "-1"
        ]
      },
      "ResponseBody": "{\r\n  \"id\": \"/subscriptions/da28f5e5-aa45-46fe-90c8-053ca49ab4b5/resourceGroups/aci_rg8978/providers/Microsoft.ContainerInstance/containerGroups/acinetsdk9041\",\r\n  \"status\": \"Pending\",\r\n  \"startTime\": \"2021-09-17T18:47:33.4918445Z\",\r\n  \"properties\": {\r\n    \"events\": []\r\n  }\r\n}",
      "StatusCode": 200
    },
    {
      "RequestUri": "/subscriptions/da28f5e5-aa45-46fe-90c8-053ca49ab4b5/providers/Microsoft.ContainerInstance/locations/westus/operations/9cc17110-72b4-4a18-be45-10707296043d?api-version=2018-06-01",
      "EncodedRequestUri": "L3N1YnNjcmlwdGlvbnMvZGEyOGY1ZTUtYWE0NS00NmZlLTkwYzgtMDUzY2E0OWFiNGI1L3Byb3ZpZGVycy9NaWNyb3NvZnQuQ29udGFpbmVySW5zdGFuY2UvbG9jYXRpb25zL3dlc3R1cy9vcGVyYXRpb25zLzljYzE3MTEwLTcyYjQtNGExOC1iZTQ1LTEwNzA3Mjk2MDQzZD9hcGktdmVyc2lvbj0yMDE4LTA2LTAx",
      "RequestMethod": "GET",
      "RequestBody": "",
      "RequestHeaders": {
        "User-Agent": [
          "FxVersion/4.6.30411.01",
          "OSName/Windows",
          "OSVersion/Microsoft.Windows.10.0.19043.",
          "Microsoft.Azure.Management.ContainerInstance.ContainerInstanceManagementClient/5.0.0.0"
        ]
      },
      "ResponseHeaders": {
        "Cache-Control": [
          "no-cache"
        ],
        "Pragma": [
          "no-cache"
        ],
        "Vary": [
          "Accept-Encoding"
        ],
        "x-ms-request-id": [
          "westus:79bf7806-c451-4189-9687-7369bc7052e2"
        ],
        "x-ms-ratelimit-remaining-subscription-reads": [
          "11998"
        ],
        "x-ms-correlation-request-id": [
          "a80fcbf7-db91-4d89-9e6a-eb2f6b0ca0b9"
        ],
        "x-ms-routing-request-id": [
          "WESTUS2:20210917T184834Z:a80fcbf7-db91-4d89-9e6a-eb2f6b0ca0b9"
        ],
        "Strict-Transport-Security": [
          "max-age=31536000; includeSubDomains"
        ],
        "X-Content-Type-Options": [
          "nosniff"
        ],
        "Date": [
          "Fri, 17 Sep 2021 18:48:33 GMT"
        ],
        "Content-Length": [
          "244"
        ],
        "Content-Type": [
          "application/json; charset=utf-8"
        ],
        "Expires": [
          "-1"
        ]
      },
      "ResponseBody": "{\r\n  \"id\": \"/subscriptions/da28f5e5-aa45-46fe-90c8-053ca49ab4b5/resourceGroups/aci_rg8978/providers/Microsoft.ContainerInstance/containerGroups/acinetsdk9041\",\r\n  \"status\": \"Creating\",\r\n  \"startTime\": \"2021-09-17T18:47:33.4918445Z\",\r\n  \"properties\": {\r\n    \"events\": []\r\n  }\r\n}",
      "StatusCode": 200
    },
    {
      "RequestUri": "/subscriptions/da28f5e5-aa45-46fe-90c8-053ca49ab4b5/providers/Microsoft.ContainerInstance/locations/westus/operations/9cc17110-72b4-4a18-be45-10707296043d?api-version=2018-06-01",
      "EncodedRequestUri": "L3N1YnNjcmlwdGlvbnMvZGEyOGY1ZTUtYWE0NS00NmZlLTkwYzgtMDUzY2E0OWFiNGI1L3Byb3ZpZGVycy9NaWNyb3NvZnQuQ29udGFpbmVySW5zdGFuY2UvbG9jYXRpb25zL3dlc3R1cy9vcGVyYXRpb25zLzljYzE3MTEwLTcyYjQtNGExOC1iZTQ1LTEwNzA3Mjk2MDQzZD9hcGktdmVyc2lvbj0yMDE4LTA2LTAx",
      "RequestMethod": "GET",
      "RequestBody": "",
      "RequestHeaders": {
        "User-Agent": [
          "FxVersion/4.6.30411.01",
          "OSName/Windows",
          "OSVersion/Microsoft.Windows.10.0.19043.",
          "Microsoft.Azure.Management.ContainerInstance.ContainerInstanceManagementClient/5.0.0.0"
        ]
      },
      "ResponseHeaders": {
        "Cache-Control": [
          "no-cache"
        ],
        "Pragma": [
          "no-cache"
        ],
        "Vary": [
          "Accept-Encoding"
        ],
        "x-ms-request-id": [
          "westus:44931d97-c949-4c6d-a625-8854acbdc35f"
        ],
        "x-ms-ratelimit-remaining-subscription-reads": [
          "11997"
        ],
        "x-ms-correlation-request-id": [
          "91e5e681-f7b9-4c07-a518-d779233089f9"
        ],
        "x-ms-routing-request-id": [
          "WESTUS2:20210917T184904Z:91e5e681-f7b9-4c07-a518-d779233089f9"
        ],
        "Strict-Transport-Security": [
          "max-age=31536000; includeSubDomains"
        ],
        "X-Content-Type-Options": [
          "nosniff"
        ],
        "Date": [
          "Fri, 17 Sep 2021 18:49:03 GMT"
        ],
        "Content-Length": [
          "244"
        ],
        "Content-Type": [
          "application/json; charset=utf-8"
        ],
        "Expires": [
          "-1"
        ]
      },
      "ResponseBody": "{\r\n  \"id\": \"/subscriptions/da28f5e5-aa45-46fe-90c8-053ca49ab4b5/resourceGroups/aci_rg8978/providers/Microsoft.ContainerInstance/containerGroups/acinetsdk9041\",\r\n  \"status\": \"Creating\",\r\n  \"startTime\": \"2021-09-17T18:47:33.4918445Z\",\r\n  \"properties\": {\r\n    \"events\": []\r\n  }\r\n}",
      "StatusCode": 200
    },
    {
      "RequestUri": "/subscriptions/da28f5e5-aa45-46fe-90c8-053ca49ab4b5/providers/Microsoft.ContainerInstance/locations/westus/operations/9cc17110-72b4-4a18-be45-10707296043d?api-version=2018-06-01",
      "EncodedRequestUri": "L3N1YnNjcmlwdGlvbnMvZGEyOGY1ZTUtYWE0NS00NmZlLTkwYzgtMDUzY2E0OWFiNGI1L3Byb3ZpZGVycy9NaWNyb3NvZnQuQ29udGFpbmVySW5zdGFuY2UvbG9jYXRpb25zL3dlc3R1cy9vcGVyYXRpb25zLzljYzE3MTEwLTcyYjQtNGExOC1iZTQ1LTEwNzA3Mjk2MDQzZD9hcGktdmVyc2lvbj0yMDE4LTA2LTAx",
      "RequestMethod": "GET",
      "RequestBody": "",
      "RequestHeaders": {
        "User-Agent": [
          "FxVersion/4.6.30411.01",
          "OSName/Windows",
          "OSVersion/Microsoft.Windows.10.0.19043.",
          "Microsoft.Azure.Management.ContainerInstance.ContainerInstanceManagementClient/5.0.0.0"
        ]
      },
      "ResponseHeaders": {
        "Cache-Control": [
          "no-cache"
        ],
        "Pragma": [
          "no-cache"
        ],
        "Vary": [
          "Accept-Encoding"
        ],
        "x-ms-request-id": [
          "westus:6e7c334e-2ce8-4b36-8ba1-887234175609"
        ],
        "x-ms-ratelimit-remaining-subscription-reads": [
          "11996"
        ],
        "x-ms-correlation-request-id": [
          "81586f3b-9725-4da3-9558-ab89bb44f8d3"
        ],
        "x-ms-routing-request-id": [
          "WESTUS2:20210917T184934Z:81586f3b-9725-4da3-9558-ab89bb44f8d3"
        ],
        "Strict-Transport-Security": [
          "max-age=31536000; includeSubDomains"
        ],
        "X-Content-Type-Options": [
          "nosniff"
        ],
        "Date": [
          "Fri, 17 Sep 2021 18:49:34 GMT"
        ],
        "Content-Length": [
          "244"
        ],
        "Content-Type": [
          "application/json; charset=utf-8"
        ],
        "Expires": [
          "-1"
        ]
      },
      "ResponseBody": "{\r\n  \"id\": \"/subscriptions/da28f5e5-aa45-46fe-90c8-053ca49ab4b5/resourceGroups/aci_rg8978/providers/Microsoft.ContainerInstance/containerGroups/acinetsdk9041\",\r\n  \"status\": \"Creating\",\r\n  \"startTime\": \"2021-09-17T18:47:33.4918445Z\",\r\n  \"properties\": {\r\n    \"events\": []\r\n  }\r\n}",
      "StatusCode": 200
    },
    {
      "RequestUri": "/subscriptions/da28f5e5-aa45-46fe-90c8-053ca49ab4b5/providers/Microsoft.ContainerInstance/locations/westus/operations/9cc17110-72b4-4a18-be45-10707296043d?api-version=2018-06-01",
      "EncodedRequestUri": "L3N1YnNjcmlwdGlvbnMvZGEyOGY1ZTUtYWE0NS00NmZlLTkwYzgtMDUzY2E0OWFiNGI1L3Byb3ZpZGVycy9NaWNyb3NvZnQuQ29udGFpbmVySW5zdGFuY2UvbG9jYXRpb25zL3dlc3R1cy9vcGVyYXRpb25zLzljYzE3MTEwLTcyYjQtNGExOC1iZTQ1LTEwNzA3Mjk2MDQzZD9hcGktdmVyc2lvbj0yMDE4LTA2LTAx",
      "RequestMethod": "GET",
      "RequestBody": "",
      "RequestHeaders": {
        "User-Agent": [
          "FxVersion/4.6.30411.01",
          "OSName/Windows",
          "OSVersion/Microsoft.Windows.10.0.19043.",
          "Microsoft.Azure.Management.ContainerInstance.ContainerInstanceManagementClient/5.0.0.0"
        ]
      },
      "ResponseHeaders": {
        "Cache-Control": [
          "no-cache"
        ],
        "Pragma": [
          "no-cache"
        ],
        "Vary": [
          "Accept-Encoding"
        ],
        "x-ms-request-id": [
          "westus:1d3011fb-f7c4-4de7-b622-1faccbba7ee0"
        ],
        "x-ms-ratelimit-remaining-subscription-reads": [
          "11995"
        ],
        "x-ms-correlation-request-id": [
          "3a3d36fa-049e-4bab-b50c-a00cb411c123"
        ],
        "x-ms-routing-request-id": [
          "WESTUS2:20210917T185004Z:3a3d36fa-049e-4bab-b50c-a00cb411c123"
        ],
        "Strict-Transport-Security": [
          "max-age=31536000; includeSubDomains"
        ],
        "X-Content-Type-Options": [
          "nosniff"
        ],
        "Date": [
          "Fri, 17 Sep 2021 18:50:03 GMT"
        ],
        "Content-Length": [
          "720"
        ],
        "Content-Type": [
          "application/json; charset=utf-8"
        ],
        "Expires": [
          "-1"
        ]
      },
      "ResponseBody": "{\r\n  \"id\": \"/subscriptions/da28f5e5-aa45-46fe-90c8-053ca49ab4b5/resourceGroups/aci_rg8978/providers/Microsoft.ContainerInstance/containerGroups/acinetsdk9041\",\r\n  \"status\": \"Creating\",\r\n  \"startTime\": \"2021-09-17T18:47:33.4918445Z\",\r\n  \"properties\": {\r\n    \"events\": [\r\n      {\r\n        \"count\": 1,\r\n        \"firstTimestamp\": \"2021-09-17T18:47:39Z\",\r\n        \"lastTimestamp\": \"2021-09-17T18:47:39Z\",\r\n        \"name\": \"Pulling\",\r\n        \"message\": \"pulling image \\\"alpine@sha256:69704ef328d05a9f806b6b8502915e6a0a4faa4d72018dc42343f511490daf8a\\\"\",\r\n        \"type\": \"Normal\"\r\n      },\r\n      {\r\n        \"count\": 1,\r\n        \"firstTimestamp\": \"2021-09-17T18:47:45Z\",\r\n        \"lastTimestamp\": \"2021-09-17T18:47:45Z\",\r\n        \"name\": \"Pulled\",\r\n        \"message\": \"Successfully pulled image \\\"alpine@sha256:69704ef328d05a9f806b6b8502915e6a0a4faa4d72018dc42343f511490daf8a\\\"\",\r\n        \"type\": \"Normal\"\r\n      }\r\n    ]\r\n  }\r\n}",
      "StatusCode": 200
    },
    {
      "RequestUri": "/subscriptions/da28f5e5-aa45-46fe-90c8-053ca49ab4b5/providers/Microsoft.ContainerInstance/locations/westus/operations/9cc17110-72b4-4a18-be45-10707296043d?api-version=2018-06-01",
      "EncodedRequestUri": "L3N1YnNjcmlwdGlvbnMvZGEyOGY1ZTUtYWE0NS00NmZlLTkwYzgtMDUzY2E0OWFiNGI1L3Byb3ZpZGVycy9NaWNyb3NvZnQuQ29udGFpbmVySW5zdGFuY2UvbG9jYXRpb25zL3dlc3R1cy9vcGVyYXRpb25zLzljYzE3MTEwLTcyYjQtNGExOC1iZTQ1LTEwNzA3Mjk2MDQzZD9hcGktdmVyc2lvbj0yMDE4LTA2LTAx",
      "RequestMethod": "GET",
      "RequestBody": "",
      "RequestHeaders": {
        "User-Agent": [
          "FxVersion/4.6.30411.01",
          "OSName/Windows",
          "OSVersion/Microsoft.Windows.10.0.19043.",
          "Microsoft.Azure.Management.ContainerInstance.ContainerInstanceManagementClient/5.0.0.0"
        ]
      },
      "ResponseHeaders": {
        "Cache-Control": [
          "no-cache"
        ],
        "Pragma": [
          "no-cache"
        ],
        "Vary": [
          "Accept-Encoding"
        ],
        "x-ms-request-id": [
          "westus:e14790f0-bf41-4da4-81a8-d4781822e669"
        ],
        "x-ms-ratelimit-remaining-subscription-reads": [
          "11994"
        ],
        "x-ms-correlation-request-id": [
          "9ee6cde3-d41f-4231-bfce-2de92dec5e7c"
        ],
        "x-ms-routing-request-id": [
          "WESTUS2:20210917T185034Z:9ee6cde3-d41f-4231-bfce-2de92dec5e7c"
        ],
        "Strict-Transport-Security": [
          "max-age=31536000; includeSubDomains"
        ],
        "X-Content-Type-Options": [
          "nosniff"
        ],
        "Date": [
          "Fri, 17 Sep 2021 18:50:34 GMT"
        ],
        "Content-Length": [
          "874"
        ],
        "Content-Type": [
          "application/json; charset=utf-8"
        ],
        "Expires": [
          "-1"
        ]
      },
      "ResponseBody": "{\r\n  \"id\": \"/subscriptions/da28f5e5-aa45-46fe-90c8-053ca49ab4b5/resourceGroups/aci_rg8978/providers/Microsoft.ContainerInstance/containerGroups/acinetsdk9041\",\r\n  \"status\": \"Creating\",\r\n  \"startTime\": \"2021-09-17T18:47:33.4918445Z\",\r\n  \"properties\": {\r\n    \"events\": [\r\n      {\r\n        \"count\": 1,\r\n        \"firstTimestamp\": \"2021-09-17T18:47:39Z\",\r\n        \"lastTimestamp\": \"2021-09-17T18:47:39Z\",\r\n        \"name\": \"Pulling\",\r\n        \"message\": \"pulling image \\\"alpine@sha256:69704ef328d05a9f806b6b8502915e6a0a4faa4d72018dc42343f511490daf8a\\\"\",\r\n        \"type\": \"Normal\"\r\n      },\r\n      {\r\n        \"count\": 1,\r\n        \"firstTimestamp\": \"2021-09-17T18:47:45Z\",\r\n        \"lastTimestamp\": \"2021-09-17T18:47:45Z\",\r\n        \"name\": \"Pulled\",\r\n        \"message\": \"Successfully pulled image \\\"alpine@sha256:69704ef328d05a9f806b6b8502915e6a0a4faa4d72018dc42343f511490daf8a\\\"\",\r\n        \"type\": \"Normal\"\r\n      },\r\n      {\r\n        \"count\": 1,\r\n        \"firstTimestamp\": \"2021-09-17T18:50:13Z\",\r\n        \"lastTimestamp\": \"2021-09-17T18:50:13Z\",\r\n        \"name\": \"Started\",\r\n        \"message\": \"Started container\",\r\n        \"type\": \"Normal\"\r\n      }\r\n    ]\r\n  }\r\n}",
      "StatusCode": 200
    },
    {
      "RequestUri": "/subscriptions/da28f5e5-aa45-46fe-90c8-053ca49ab4b5/providers/Microsoft.ContainerInstance/locations/westus/operations/9cc17110-72b4-4a18-be45-10707296043d?api-version=2018-06-01",
      "EncodedRequestUri": "L3N1YnNjcmlwdGlvbnMvZGEyOGY1ZTUtYWE0NS00NmZlLTkwYzgtMDUzY2E0OWFiNGI1L3Byb3ZpZGVycy9NaWNyb3NvZnQuQ29udGFpbmVySW5zdGFuY2UvbG9jYXRpb25zL3dlc3R1cy9vcGVyYXRpb25zLzljYzE3MTEwLTcyYjQtNGExOC1iZTQ1LTEwNzA3Mjk2MDQzZD9hcGktdmVyc2lvbj0yMDE4LTA2LTAx",
      "RequestMethod": "GET",
      "RequestBody": "",
      "RequestHeaders": {
        "User-Agent": [
          "FxVersion/4.6.30411.01",
          "OSName/Windows",
          "OSVersion/Microsoft.Windows.10.0.19043.",
          "Microsoft.Azure.Management.ContainerInstance.ContainerInstanceManagementClient/5.0.0.0"
        ]
      },
      "ResponseHeaders": {
        "Cache-Control": [
          "no-cache"
        ],
        "Pragma": [
          "no-cache"
        ],
        "Vary": [
          "Accept-Encoding"
        ],
        "x-ms-request-id": [
          "westus:218604ab-49d8-49b7-80d8-73b5b2827d54"
        ],
        "x-ms-ratelimit-remaining-subscription-reads": [
          "11993"
        ],
        "x-ms-correlation-request-id": [
          "a6963c85-b791-46a2-a249-7e5e6d8619b8"
        ],
        "x-ms-routing-request-id": [
          "WESTUS2:20210917T185104Z:a6963c85-b791-46a2-a249-7e5e6d8619b8"
        ],
        "Strict-Transport-Security": [
          "max-age=31536000; includeSubDomains"
        ],
        "X-Content-Type-Options": [
          "nosniff"
        ],
        "Date": [
          "Fri, 17 Sep 2021 18:51:03 GMT"
        ],
        "Content-Length": [
          "874"
        ],
        "Content-Type": [
          "application/json; charset=utf-8"
        ],
        "Expires": [
          "-1"
        ]
      },
      "ResponseBody": "{\r\n  \"id\": \"/subscriptions/da28f5e5-aa45-46fe-90c8-053ca49ab4b5/resourceGroups/aci_rg8978/providers/Microsoft.ContainerInstance/containerGroups/acinetsdk9041\",\r\n  \"status\": \"Creating\",\r\n  \"startTime\": \"2021-09-17T18:47:33.4918445Z\",\r\n  \"properties\": {\r\n    \"events\": [\r\n      {\r\n        \"count\": 1,\r\n        \"firstTimestamp\": \"2021-09-17T18:47:39Z\",\r\n        \"lastTimestamp\": \"2021-09-17T18:47:39Z\",\r\n        \"name\": \"Pulling\",\r\n        \"message\": \"pulling image \\\"alpine@sha256:69704ef328d05a9f806b6b8502915e6a0a4faa4d72018dc42343f511490daf8a\\\"\",\r\n        \"type\": \"Normal\"\r\n      },\r\n      {\r\n        \"count\": 1,\r\n        \"firstTimestamp\": \"2021-09-17T18:47:45Z\",\r\n        \"lastTimestamp\": \"2021-09-17T18:47:45Z\",\r\n        \"name\": \"Pulled\",\r\n        \"message\": \"Successfully pulled image \\\"alpine@sha256:69704ef328d05a9f806b6b8502915e6a0a4faa4d72018dc42343f511490daf8a\\\"\",\r\n        \"type\": \"Normal\"\r\n      },\r\n      {\r\n        \"count\": 1,\r\n        \"firstTimestamp\": \"2021-09-17T18:50:13Z\",\r\n        \"lastTimestamp\": \"2021-09-17T18:50:13Z\",\r\n        \"name\": \"Started\",\r\n        \"message\": \"Started container\",\r\n        \"type\": \"Normal\"\r\n      }\r\n    ]\r\n  }\r\n}",
      "StatusCode": 200
    },
    {
      "RequestUri": "/subscriptions/da28f5e5-aa45-46fe-90c8-053ca49ab4b5/providers/Microsoft.ContainerInstance/locations/westus/operations/9cc17110-72b4-4a18-be45-10707296043d?api-version=2018-06-01",
      "EncodedRequestUri": "L3N1YnNjcmlwdGlvbnMvZGEyOGY1ZTUtYWE0NS00NmZlLTkwYzgtMDUzY2E0OWFiNGI1L3Byb3ZpZGVycy9NaWNyb3NvZnQuQ29udGFpbmVySW5zdGFuY2UvbG9jYXRpb25zL3dlc3R1cy9vcGVyYXRpb25zLzljYzE3MTEwLTcyYjQtNGExOC1iZTQ1LTEwNzA3Mjk2MDQzZD9hcGktdmVyc2lvbj0yMDE4LTA2LTAx",
      "RequestMethod": "GET",
      "RequestBody": "",
      "RequestHeaders": {
        "User-Agent": [
          "FxVersion/4.6.30411.01",
          "OSName/Windows",
          "OSVersion/Microsoft.Windows.10.0.19043.",
          "Microsoft.Azure.Management.ContainerInstance.ContainerInstanceManagementClient/5.0.0.0"
        ]
      },
      "ResponseHeaders": {
        "Cache-Control": [
          "no-cache"
        ],
        "Pragma": [
          "no-cache"
        ],
        "Vary": [
          "Accept-Encoding"
        ],
        "x-ms-request-id": [
          "westus:7beb663b-5385-42c3-8fc8-319377065009"
        ],
        "x-ms-ratelimit-remaining-subscription-reads": [
          "11992"
        ],
        "x-ms-correlation-request-id": [
          "7b58f554-0587-470e-ba7e-d89218831167"
        ],
        "x-ms-routing-request-id": [
          "WESTUS2:20210917T185134Z:7b58f554-0587-470e-ba7e-d89218831167"
        ],
        "Strict-Transport-Security": [
          "max-age=31536000; includeSubDomains"
        ],
        "X-Content-Type-Options": [
          "nosniff"
        ],
        "Date": [
          "Fri, 17 Sep 2021 18:51:34 GMT"
        ],
        "Content-Length": [
          "874"
        ],
        "Content-Type": [
          "application/json; charset=utf-8"
        ],
        "Expires": [
          "-1"
        ]
      },
      "ResponseBody": "{\r\n  \"id\": \"/subscriptions/da28f5e5-aa45-46fe-90c8-053ca49ab4b5/resourceGroups/aci_rg8978/providers/Microsoft.ContainerInstance/containerGroups/acinetsdk9041\",\r\n  \"status\": \"Creating\",\r\n  \"startTime\": \"2021-09-17T18:47:33.4918445Z\",\r\n  \"properties\": {\r\n    \"events\": [\r\n      {\r\n        \"count\": 1,\r\n        \"firstTimestamp\": \"2021-09-17T18:47:39Z\",\r\n        \"lastTimestamp\": \"2021-09-17T18:47:39Z\",\r\n        \"name\": \"Pulling\",\r\n        \"message\": \"pulling image \\\"alpine@sha256:69704ef328d05a9f806b6b8502915e6a0a4faa4d72018dc42343f511490daf8a\\\"\",\r\n        \"type\": \"Normal\"\r\n      },\r\n      {\r\n        \"count\": 1,\r\n        \"firstTimestamp\": \"2021-09-17T18:47:45Z\",\r\n        \"lastTimestamp\": \"2021-09-17T18:47:45Z\",\r\n        \"name\": \"Pulled\",\r\n        \"message\": \"Successfully pulled image \\\"alpine@sha256:69704ef328d05a9f806b6b8502915e6a0a4faa4d72018dc42343f511490daf8a\\\"\",\r\n        \"type\": \"Normal\"\r\n      },\r\n      {\r\n        \"count\": 1,\r\n        \"firstTimestamp\": \"2021-09-17T18:50:13Z\",\r\n        \"lastTimestamp\": \"2021-09-17T18:50:13Z\",\r\n        \"name\": \"Started\",\r\n        \"message\": \"Started container\",\r\n        \"type\": \"Normal\"\r\n      }\r\n    ]\r\n  }\r\n}",
      "StatusCode": 200
    },
    {
      "RequestUri": "/subscriptions/da28f5e5-aa45-46fe-90c8-053ca49ab4b5/providers/Microsoft.ContainerInstance/locations/westus/operations/9cc17110-72b4-4a18-be45-10707296043d?api-version=2018-06-01",
      "EncodedRequestUri": "L3N1YnNjcmlwdGlvbnMvZGEyOGY1ZTUtYWE0NS00NmZlLTkwYzgtMDUzY2E0OWFiNGI1L3Byb3ZpZGVycy9NaWNyb3NvZnQuQ29udGFpbmVySW5zdGFuY2UvbG9jYXRpb25zL3dlc3R1cy9vcGVyYXRpb25zLzljYzE3MTEwLTcyYjQtNGExOC1iZTQ1LTEwNzA3Mjk2MDQzZD9hcGktdmVyc2lvbj0yMDE4LTA2LTAx",
      "RequestMethod": "GET",
      "RequestBody": "",
      "RequestHeaders": {
        "User-Agent": [
          "FxVersion/4.6.30411.01",
          "OSName/Windows",
          "OSVersion/Microsoft.Windows.10.0.19043.",
          "Microsoft.Azure.Management.ContainerInstance.ContainerInstanceManagementClient/5.0.0.0"
        ]
      },
      "ResponseHeaders": {
        "Cache-Control": [
          "no-cache"
        ],
        "Pragma": [
          "no-cache"
        ],
        "Vary": [
          "Accept-Encoding"
        ],
        "x-ms-request-id": [
          "westus:585c5343-92ea-46e7-a879-e9681907f83b"
        ],
        "x-ms-ratelimit-remaining-subscription-reads": [
          "11991"
        ],
        "x-ms-correlation-request-id": [
          "5ace26db-3d78-499b-8926-3463619f1e44"
        ],
        "x-ms-routing-request-id": [
          "WESTUS2:20210917T185204Z:5ace26db-3d78-499b-8926-3463619f1e44"
        ],
        "Strict-Transport-Security": [
          "max-age=31536000; includeSubDomains"
        ],
        "X-Content-Type-Options": [
          "nosniff"
        ],
        "Date": [
          "Fri, 17 Sep 2021 18:52:04 GMT"
        ],
        "Content-Length": [
          "875"
        ],
        "Content-Type": [
          "application/json; charset=utf-8"
        ],
        "Expires": [
          "-1"
        ]
      },
      "ResponseBody": "{\r\n  \"id\": \"/subscriptions/da28f5e5-aa45-46fe-90c8-053ca49ab4b5/resourceGroups/aci_rg8978/providers/Microsoft.ContainerInstance/containerGroups/acinetsdk9041\",\r\n  \"status\": \"Succeeded\",\r\n  \"startTime\": \"2021-09-17T18:47:33.4918445Z\",\r\n  \"properties\": {\r\n    \"events\": [\r\n      {\r\n        \"count\": 1,\r\n        \"firstTimestamp\": \"2021-09-17T18:47:39Z\",\r\n        \"lastTimestamp\": \"2021-09-17T18:47:39Z\",\r\n        \"name\": \"Pulling\",\r\n        \"message\": \"pulling image \\\"alpine@sha256:69704ef328d05a9f806b6b8502915e6a0a4faa4d72018dc42343f511490daf8a\\\"\",\r\n        \"type\": \"Normal\"\r\n      },\r\n      {\r\n        \"count\": 1,\r\n        \"firstTimestamp\": \"2021-09-17T18:47:45Z\",\r\n        \"lastTimestamp\": \"2021-09-17T18:47:45Z\",\r\n        \"name\": \"Pulled\",\r\n        \"message\": \"Successfully pulled image \\\"alpine@sha256:69704ef328d05a9f806b6b8502915e6a0a4faa4d72018dc42343f511490daf8a\\\"\",\r\n        \"type\": \"Normal\"\r\n      },\r\n      {\r\n        \"count\": 1,\r\n        \"firstTimestamp\": \"2021-09-17T18:50:13Z\",\r\n        \"lastTimestamp\": \"2021-09-17T18:50:13Z\",\r\n        \"name\": \"Started\",\r\n        \"message\": \"Started container\",\r\n        \"type\": \"Normal\"\r\n      }\r\n    ]\r\n  }\r\n}",
      "StatusCode": 200
    },
    {
      "RequestUri": "/subscriptions/da28f5e5-aa45-46fe-90c8-053ca49ab4b5/resourceGroups/aci_rg8978/providers/Microsoft.ContainerInstance/containerGroups/acinetsdk9041?api-version=2021-07-01",
      "EncodedRequestUri": "L3N1YnNjcmlwdGlvbnMvZGEyOGY1ZTUtYWE0NS00NmZlLTkwYzgtMDUzY2E0OWFiNGI1L3Jlc291cmNlR3JvdXBzL2FjaV9yZzg5NzgvcHJvdmlkZXJzL01pY3Jvc29mdC5Db250YWluZXJJbnN0YW5jZS9jb250YWluZXJHcm91cHMvYWNpbmV0c2RrOTA0MT9hcGktdmVyc2lvbj0yMDIxLTA3LTAx",
      "RequestMethod": "GET",
      "RequestBody": "",
      "RequestHeaders": {
        "User-Agent": [
          "FxVersion/4.6.30411.01",
          "OSName/Windows",
          "OSVersion/Microsoft.Windows.10.0.19043.",
          "Microsoft.Azure.Management.ContainerInstance.ContainerInstanceManagementClient/5.0.0.0"
        ]
      },
      "ResponseHeaders": {
        "Cache-Control": [
          "no-cache"
        ],
        "Pragma": [
          "no-cache"
        ],
        "Vary": [
          "Accept-Encoding"
        ],
        "x-ms-request-id": [
          "westus:611b428f-dbba-487b-b13e-da74c36136fd"
        ],
        "x-ms-ratelimit-remaining-subscription-reads": [
          "11990"
        ],
        "x-ms-correlation-request-id": [
          "36329345-fa88-458e-a95a-ec680dc4a7c6"
        ],
        "x-ms-routing-request-id": [
          "WESTUS2:20210917T185204Z:36329345-fa88-458e-a95a-ec680dc4a7c6"
        ],
        "Strict-Transport-Security": [
          "max-age=31536000; includeSubDomains"
        ],
        "X-Content-Type-Options": [
          "nosniff"
        ],
        "Date": [
          "Fri, 17 Sep 2021 18:52:04 GMT"
        ],
        "Content-Length": [
          "2222"
        ],
        "Content-Type": [
          "application/json; charset=utf-8"
        ],
        "Expires": [
          "-1"
        ]
      },
      "ResponseBody": "{\r\n  \"properties\": {\r\n    \"sku\": \"Standard\",\r\n    \"provisioningState\": \"Succeeded\",\r\n    \"containers\": [\r\n      {\r\n        \"name\": \"acinetsdk9041\",\r\n        \"properties\": {\r\n          \"image\": \"alpine\",\r\n          \"command\": [\r\n            \"/bin/sh\",\r\n            \"-c\",\r\n            \"while true; do sleep 10; done\"\r\n          ],\r\n          \"ports\": [\r\n            {\r\n              \"port\": 80\r\n            }\r\n          ],\r\n          \"environmentVariables\": [\r\n            {\r\n              \"name\": \"secretEnv\"\r\n            }\r\n          ],\r\n          \"instanceView\": {\r\n            \"restartCount\": 0,\r\n            \"currentState\": {\r\n              \"state\": \"Running\",\r\n              \"startTime\": \"2021-09-17T18:50:13.488Z\",\r\n              \"detailStatus\": \"\"\r\n            },\r\n            \"events\": [\r\n              {\r\n                \"count\": 1,\r\n                \"firstTimestamp\": \"2021-09-17T18:47:39Z\",\r\n                \"lastTimestamp\": \"2021-09-17T18:47:39Z\",\r\n                \"name\": \"Pulling\",\r\n                \"message\": \"pulling image \\\"alpine@sha256:69704ef328d05a9f806b6b8502915e6a0a4faa4d72018dc42343f511490daf8a\\\"\",\r\n                \"type\": \"Normal\"\r\n              },\r\n              {\r\n                \"count\": 1,\r\n                \"firstTimestamp\": \"2021-09-17T18:47:45Z\",\r\n                \"lastTimestamp\": \"2021-09-17T18:47:45Z\",\r\n                \"name\": \"Pulled\",\r\n                \"message\": \"Successfully pulled image \\\"alpine@sha256:69704ef328d05a9f806b6b8502915e6a0a4faa4d72018dc42343f511490daf8a\\\"\",\r\n                \"type\": \"Normal\"\r\n              },\r\n              {\r\n                \"count\": 1,\r\n                \"firstTimestamp\": \"2021-09-17T18:50:13Z\",\r\n                \"lastTimestamp\": \"2021-09-17T18:50:13Z\",\r\n                \"name\": \"Started\",\r\n                \"message\": \"Started container\",\r\n                \"type\": \"Normal\"\r\n              }\r\n            ]\r\n          },\r\n          \"resources\": {\r\n            \"requests\": {\r\n              \"memoryInGB\": 1.5,\r\n              \"cpu\": 1.0\r\n            }\r\n          },\r\n          \"livenessProbe\": {\r\n            \"exec\": {\r\n              \"command\": [\r\n                \"ls\"\r\n              ]\r\n            },\r\n            \"periodSeconds\": 20\r\n          }\r\n        }\r\n      }\r\n    ],\r\n    \"initContainers\": [\r\n      {\r\n        \"name\": \"acinetsdk9041init\",\r\n        \"properties\": {\r\n          \"image\": \"alpine\",\r\n          \"command\": [\r\n            \"/bin/sh\",\r\n            \"-c\",\r\n            \"sleep 5\"\r\n          ],\r\n          \"environmentVariables\": [\r\n            {\r\n              \"name\": \"secretEnv\"\r\n            }\r\n          ],\r\n          \"instanceView\": {\r\n            \"restartCount\": 0,\r\n            \"currentState\": {\r\n              \"state\": \"Terminated\",\r\n              \"startTime\": \"2021-09-17T18:48:52.031Z\",\r\n              \"exitCode\": 0,\r\n              \"finishTime\": \"2021-09-17T18:49:09.086Z\",\r\n              \"detailStatus\": \"Completed\"\r\n            },\r\n            \"events\": []\r\n          }\r\n        }\r\n      }\r\n    ],\r\n    \"restartPolicy\": \"Never\",\r\n    \"ipAddress\": {\r\n      \"ports\": [\r\n        {\r\n          \"protocol\": \"TCP\",\r\n          \"port\": 80\r\n        }\r\n      ],\r\n      \"ip\": \"40.83.201.174\",\r\n      \"type\": \"Public\",\r\n      \"dnsNameLabel\": \"acinetsdk9041\",\r\n      \"fqdn\": \"acinetsdk9041.westus.azurecontainer.io\"\r\n    },\r\n    \"osType\": \"Linux\",\r\n    \"instanceView\": {\r\n      \"events\": [],\r\n      \"state\": \"Running\"\r\n    },\r\n    \"diagnostics\": {\r\n      \"logAnalytics\": {\r\n        \"workspaceId\": \"workspaceid\"\r\n      }\r\n    }\r\n  },\r\n  \"identity\": {\r\n    \"principalId\": \"762dc388-065d-481a-9460-261e1dc5e2b6\",\r\n    \"tenantId\": \"72f988bf-86f1-41af-91ab-2d7cd011db47\",\r\n    \"type\": \"SystemAssigned\"\r\n  },\r\n  \"id\": \"/subscriptions/da28f5e5-aa45-46fe-90c8-053ca49ab4b5/resourceGroups/aci_rg8978/providers/Microsoft.ContainerInstance/containerGroups/acinetsdk9041\",\r\n  \"name\": \"acinetsdk9041\",\r\n  \"type\": \"Microsoft.ContainerInstance/containerGroups\",\r\n  \"location\": \"westus\"\r\n}",
      "StatusCode": 200
    },
    {
      "RequestUri": "/subscriptions/da28f5e5-aa45-46fe-90c8-053ca49ab4b5/resourcegroups/aci_rg5426?api-version=2015-11-01",
      "EncodedRequestUri": "L3N1YnNjcmlwdGlvbnMvZGEyOGY1ZTUtYWE0NS00NmZlLTkwYzgtMDUzY2E0OWFiNGI1L3Jlc291cmNlZ3JvdXBzL2FjaV9yZzU0MjY/YXBpLXZlcnNpb249MjAxNS0xMS0wMQ==",
      "RequestMethod": "PUT",
      "RequestBody": "{\r\n  \"location\": \"westus\"\r\n}",
      "RequestHeaders": {
        "x-ms-client-request-id": [
          "9d056e4d-189f-44be-8326-5613b545f657"
        ],
        "Accept-Language": [
          "en-US"
        ],
        "User-Agent": [
          "FxVersion/4.6.30411.01",
          "OSName/Windows",
          "OSVersion/Microsoft.Windows.10.0.19043.",
          "Microsoft.Azure.Management.Resources.ResourceManagementClient/1.0.0.0"
        ],
        "Content-Type": [
          "application/json; charset=utf-8"
        ],
        "Content-Length": [
          "28"
        ]
      },
      "ResponseHeaders": {
        "Cache-Control": [
          "no-cache"
        ],
        "Pragma": [
          "no-cache"
        ],
        "x-ms-ratelimit-remaining-subscription-writes": [
          "1197"
        ],
        "x-ms-request-id": [
          "c56da66c-75a6-4e92-acbf-3d5b5114b03a"
        ],
        "x-ms-correlation-request-id": [
          "c56da66c-75a6-4e92-acbf-3d5b5114b03a"
        ],
        "x-ms-routing-request-id": [
          "WESTUS2:20210917T185205Z:c56da66c-75a6-4e92-acbf-3d5b5114b03a"
        ],
        "Strict-Transport-Security": [
          "max-age=31536000; includeSubDomains"
        ],
        "X-Content-Type-Options": [
          "nosniff"
        ],
        "Date": [
          "Fri, 17 Sep 2021 18:52:05 GMT"
        ],
        "Content-Length": [
          "173"
        ],
        "Content-Type": [
          "application/json; charset=utf-8"
        ],
        "Expires": [
          "-1"
        ]
      },
      "ResponseBody": "{\r\n  \"id\": \"/subscriptions/da28f5e5-aa45-46fe-90c8-053ca49ab4b5/resourceGroups/aci_rg5426\",\r\n  \"name\": \"aci_rg5426\",\r\n  \"location\": \"westus\",\r\n  \"properties\": {\r\n    \"provisioningState\": \"Succeeded\"\r\n  }\r\n}",
      "StatusCode": 201
    },
    {
      "RequestUri": "/subscriptions/da28f5e5-aa45-46fe-90c8-053ca49ab4b5/resourceGroups/aci_rg5426/providers/Microsoft.ContainerInstance/containerGroups/acinetsdk7795?api-version=2021-07-01",
      "EncodedRequestUri": "L3N1YnNjcmlwdGlvbnMvZGEyOGY1ZTUtYWE0NS00NmZlLTkwYzgtMDUzY2E0OWFiNGI1L3Jlc291cmNlR3JvdXBzL2FjaV9yZzU0MjYvcHJvdmlkZXJzL01pY3Jvc29mdC5Db250YWluZXJJbnN0YW5jZS9jb250YWluZXJHcm91cHMvYWNpbmV0c2RrNzc5NT9hcGktdmVyc2lvbj0yMDIxLTA3LTAx",
      "RequestMethod": "PUT",
      "RequestBody": "{\r\n  \"identity\": {\r\n    \"type\": \"SystemAssigned\"\r\n  },\r\n  \"properties\": {\r\n    \"containers\": [\r\n      {\r\n        \"name\": \"acinetsdk7795\",\r\n        \"properties\": {\r\n          \"image\": \"alpine\",\r\n          \"command\": [\r\n            \"/bin/sh\",\r\n            \"-c\",\r\n            \"while true; do sleep 10; done\"\r\n          ],\r\n          \"ports\": [\r\n            {\r\n              \"port\": 80\r\n            }\r\n          ],\r\n          \"environmentVariables\": [\r\n            {\r\n              \"name\": \"secretEnv\",\r\n              \"secureValue\": \"secretValue1\"\r\n            }\r\n          ],\r\n          \"resources\": {\r\n            \"requests\": {\r\n              \"memoryInGB\": 1.5,\r\n              \"cpu\": 1.0\r\n            }\r\n          },\r\n          \"livenessProbe\": {\r\n            \"exec\": {\r\n              \"command\": [\r\n                \"ls\"\r\n              ]\r\n            },\r\n            \"periodSeconds\": 20\r\n          }\r\n        }\r\n      }\r\n    ],\r\n    \"restartPolicy\": \"Never\",\r\n    \"ipAddress\": {\r\n      \"ports\": [\r\n        {\r\n          \"protocol\": \"TCP\",\r\n          \"port\": 80\r\n        }\r\n      ],\r\n      \"type\": \"Public\",\r\n      \"dnsNameLabel\": \"acinetsdk7795\"\r\n    },\r\n    \"osType\": \"Linux\",\r\n    \"diagnostics\": {\r\n      \"logAnalytics\": {\r\n        \"workspaceId\": \"workspaceid\",\r\n        \"workspaceKey\": \"workspacekey\"\r\n      }\r\n    },\r\n    \"sku\": \"Standard\",\r\n    \"initContainers\": [\r\n      {\r\n        \"name\": \"acinetsdk7795init\",\r\n        \"properties\": {\r\n          \"image\": \"alpine\",\r\n          \"command\": [\r\n            \"/bin/sh\",\r\n            \"-c\",\r\n            \"sleep 5\"\r\n          ],\r\n          \"environmentVariables\": [\r\n            {\r\n              \"name\": \"secretEnv\",\r\n              \"secureValue\": \"secretValue1\"\r\n            }\r\n          ]\r\n        }\r\n      }\r\n    ]\r\n  },\r\n  \"location\": \"westus\"\r\n}",
      "RequestHeaders": {
        "x-ms-client-request-id": [
          "6bad9367-cb0a-4fc0-b04a-b29834a92bac"
        ],
        "Accept-Language": [
          "en-US"
        ],
        "User-Agent": [
          "FxVersion/4.6.30411.01",
          "OSName/Windows",
          "OSVersion/Microsoft.Windows.10.0.19043.",
          "Microsoft.Azure.Management.ContainerInstance.ContainerInstanceManagementClient/5.0.0.0"
        ],
        "Content-Type": [
          "application/json; charset=utf-8"
        ],
        "Content-Length": [
          "1792"
        ]
      },
      "ResponseHeaders": {
        "Cache-Control": [
          "no-cache"
        ],
        "Pragma": [
          "no-cache"
        ],
        "Azure-AsyncOperation": [
          "https://management.azure.com/subscriptions/da28f5e5-aa45-46fe-90c8-053ca49ab4b5/providers/Microsoft.ContainerInstance/locations/westus/operations/b8392247-15f5-4a18-9037-d61220b2835e?api-version=2018-06-01"
        ],
        "x-ms-ratelimit-remaining-subscription-resource-requests-pt5m": [
          "190"
        ],
        "x-ms-ratelimit-remaining-subscription-resource-requests-pt1h": [
          "490"
        ],
        "x-ms-request-id": [
          "westus:b8392247-15f5-4a18-9037-d61220b2835e"
        ],
        "x-ms-ratelimit-remaining-subscription-writes": [
          "1196"
        ],
        "x-ms-correlation-request-id": [
          "ebef685f-11c2-4720-9384-8e5810e59460"
        ],
        "x-ms-routing-request-id": [
          "WESTUS2:20210917T185210Z:ebef685f-11c2-4720-9384-8e5810e59460"
        ],
        "Strict-Transport-Security": [
          "max-age=31536000; includeSubDomains"
        ],
        "X-Content-Type-Options": [
          "nosniff"
        ],
        "Date": [
          "Fri, 17 Sep 2021 18:52:10 GMT"
        ],
        "Content-Length": [
          "1228"
        ],
        "Content-Type": [
          "application/json; charset=utf-8"
        ],
        "Expires": [
          "-1"
        ]
      },
      "ResponseBody": "{\r\n  \"properties\": {\r\n    \"sku\": \"Standard\",\r\n    \"provisioningState\": \"Pending\",\r\n    \"containers\": [\r\n      {\r\n        \"name\": \"acinetsdk7795\",\r\n        \"properties\": {\r\n          \"image\": \"alpine\",\r\n          \"command\": [\r\n            \"/bin/sh\",\r\n            \"-c\",\r\n            \"while true; do sleep 10; done\"\r\n          ],\r\n          \"ports\": [\r\n            {\r\n              \"port\": 80\r\n            }\r\n          ],\r\n          \"environmentVariables\": [\r\n            {\r\n              \"name\": \"secretEnv\"\r\n            }\r\n          ],\r\n          \"resources\": {\r\n            \"requests\": {\r\n              \"memoryInGB\": 1.5,\r\n              \"cpu\": 1.0\r\n            }\r\n          },\r\n          \"livenessProbe\": {\r\n            \"exec\": {\r\n              \"command\": [\r\n                \"ls\"\r\n              ]\r\n            },\r\n            \"periodSeconds\": 20\r\n          }\r\n        }\r\n      }\r\n    ],\r\n    \"initContainers\": [\r\n      {\r\n        \"name\": \"acinetsdk7795init\",\r\n        \"properties\": {\r\n          \"image\": \"alpine\",\r\n          \"command\": [\r\n            \"/bin/sh\",\r\n            \"-c\",\r\n            \"sleep 5\"\r\n          ],\r\n          \"environmentVariables\": [\r\n            {\r\n              \"name\": \"secretEnv\"\r\n            }\r\n          ]\r\n        }\r\n      }\r\n    ],\r\n    \"restartPolicy\": \"Never\",\r\n    \"ipAddress\": {\r\n      \"ports\": [\r\n        {\r\n          \"protocol\": \"TCP\",\r\n          \"port\": 80\r\n        }\r\n      ],\r\n      \"type\": \"Public\",\r\n      \"dnsNameLabel\": \"acinetsdk7795\",\r\n      \"fqdn\": \"acinetsdk7795.westus.azurecontainer.io\"\r\n    },\r\n    \"osType\": \"Linux\",\r\n    \"instanceView\": {\r\n      \"events\": [],\r\n      \"state\": \"Pending\"\r\n    },\r\n    \"diagnostics\": {\r\n      \"logAnalytics\": {\r\n        \"workspaceId\": \"workspaceid\"\r\n      }\r\n    }\r\n  },\r\n  \"identity\": {\r\n    \"principalId\": \"3b25fff2-fd5f-44d7-86c0-4975b1d5b066\",\r\n    \"tenantId\": \"72f988bf-86f1-41af-91ab-2d7cd011db47\",\r\n    \"type\": \"SystemAssigned\"\r\n  },\r\n  \"id\": \"/subscriptions/da28f5e5-aa45-46fe-90c8-053ca49ab4b5/resourceGroups/aci_rg5426/providers/Microsoft.ContainerInstance/containerGroups/acinetsdk7795\",\r\n  \"name\": \"acinetsdk7795\",\r\n  \"type\": \"Microsoft.ContainerInstance/containerGroups\",\r\n  \"location\": \"westus\"\r\n}",
      "StatusCode": 201
    },
    {
      "RequestUri": "/subscriptions/da28f5e5-aa45-46fe-90c8-053ca49ab4b5/providers/Microsoft.ContainerInstance/locations/westus/operations/b8392247-15f5-4a18-9037-d61220b2835e?api-version=2018-06-01",
      "EncodedRequestUri": "L3N1YnNjcmlwdGlvbnMvZGEyOGY1ZTUtYWE0NS00NmZlLTkwYzgtMDUzY2E0OWFiNGI1L3Byb3ZpZGVycy9NaWNyb3NvZnQuQ29udGFpbmVySW5zdGFuY2UvbG9jYXRpb25zL3dlc3R1cy9vcGVyYXRpb25zL2I4MzkyMjQ3LTE1ZjUtNGExOC05MDM3LWQ2MTIyMGIyODM1ZT9hcGktdmVyc2lvbj0yMDE4LTA2LTAx",
      "RequestMethod": "GET",
      "RequestBody": "",
      "RequestHeaders": {
        "User-Agent": [
          "FxVersion/4.6.30411.01",
          "OSName/Windows",
          "OSVersion/Microsoft.Windows.10.0.19043.",
          "Microsoft.Azure.Management.ContainerInstance.ContainerInstanceManagementClient/5.0.0.0"
        ]
      },
      "ResponseHeaders": {
        "Cache-Control": [
          "no-cache"
        ],
        "Pragma": [
          "no-cache"
        ],
        "Vary": [
          "Accept-Encoding"
        ],
        "x-ms-request-id": [
          "westus:dc9be7fa-f642-4e89-b21c-46133ce92097"
        ],
        "x-ms-ratelimit-remaining-subscription-reads": [
          "11989"
        ],
        "x-ms-correlation-request-id": [
          "2ced3caa-abc6-4279-80be-7ab60b35ac87"
        ],
        "x-ms-routing-request-id": [
          "WESTUS2:20210917T185240Z:2ced3caa-abc6-4279-80be-7ab60b35ac87"
        ],
        "Strict-Transport-Security": [
          "max-age=31536000; includeSubDomains"
        ],
        "X-Content-Type-Options": [
          "nosniff"
        ],
        "Date": [
          "Fri, 17 Sep 2021 18:52:39 GMT"
        ],
        "Content-Length": [
          "721"
        ],
        "Content-Type": [
          "application/json; charset=utf-8"
        ],
        "Expires": [
          "-1"
        ]
      },
      "ResponseBody": "{\r\n  \"id\": \"/subscriptions/da28f5e5-aa45-46fe-90c8-053ca49ab4b5/resourceGroups/aci_rg5426/providers/Microsoft.ContainerInstance/containerGroups/acinetsdk7795\",\r\n  \"status\": \"Succeeded\",\r\n  \"startTime\": \"2021-09-17T18:52:09.8266719Z\",\r\n  \"properties\": {\r\n    \"events\": [\r\n      {\r\n        \"count\": 1,\r\n        \"firstTimestamp\": \"2021-09-17T18:52:16Z\",\r\n        \"lastTimestamp\": \"2021-09-17T18:52:16Z\",\r\n        \"name\": \"Pulling\",\r\n        \"message\": \"pulling image \\\"alpine@sha256:69704ef328d05a9f806b6b8502915e6a0a4faa4d72018dc42343f511490daf8a\\\"\",\r\n        \"type\": \"Normal\"\r\n      },\r\n      {\r\n        \"count\": 1,\r\n        \"firstTimestamp\": \"2021-09-17T18:52:18Z\",\r\n        \"lastTimestamp\": \"2021-09-17T18:52:18Z\",\r\n        \"name\": \"Pulled\",\r\n        \"message\": \"Successfully pulled image \\\"alpine@sha256:69704ef328d05a9f806b6b8502915e6a0a4faa4d72018dc42343f511490daf8a\\\"\",\r\n        \"type\": \"Normal\"\r\n      }\r\n    ]\r\n  }\r\n}",
      "StatusCode": 200
    },
    {
      "RequestUri": "/subscriptions/da28f5e5-aa45-46fe-90c8-053ca49ab4b5/resourceGroups/aci_rg5426/providers/Microsoft.ContainerInstance/containerGroups/acinetsdk7795?api-version=2021-07-01",
      "EncodedRequestUri": "L3N1YnNjcmlwdGlvbnMvZGEyOGY1ZTUtYWE0NS00NmZlLTkwYzgtMDUzY2E0OWFiNGI1L3Jlc291cmNlR3JvdXBzL2FjaV9yZzU0MjYvcHJvdmlkZXJzL01pY3Jvc29mdC5Db250YWluZXJJbnN0YW5jZS9jb250YWluZXJHcm91cHMvYWNpbmV0c2RrNzc5NT9hcGktdmVyc2lvbj0yMDIxLTA3LTAx",
      "RequestMethod": "GET",
      "RequestBody": "",
      "RequestHeaders": {
        "User-Agent": [
          "FxVersion/4.6.30411.01",
          "OSName/Windows",
          "OSVersion/Microsoft.Windows.10.0.19043.",
          "Microsoft.Azure.Management.ContainerInstance.ContainerInstanceManagementClient/5.0.0.0"
        ]
      },
      "ResponseHeaders": {
        "Cache-Control": [
          "no-cache"
        ],
        "Pragma": [
          "no-cache"
        ],
        "Vary": [
          "Accept-Encoding"
        ],
        "x-ms-request-id": [
          "westus:8e9bfeea-3c54-41ff-a1a2-91b7927d350c"
        ],
        "x-ms-ratelimit-remaining-subscription-reads": [
          "11988"
        ],
        "x-ms-correlation-request-id": [
          "c70b7dee-16ad-4a36-8c0b-0db7c5c2b099"
        ],
        "x-ms-routing-request-id": [
          "WESTUS2:20210917T185312Z:c70b7dee-16ad-4a36-8c0b-0db7c5c2b099"
        ],
        "Strict-Transport-Security": [
          "max-age=31536000; includeSubDomains"
        ],
        "X-Content-Type-Options": [
          "nosniff"
        ],
        "Date": [
          "Fri, 17 Sep 2021 18:53:12 GMT"
        ],
        "Content-Length": [
          "2221"
        ],
        "Content-Type": [
          "application/json; charset=utf-8"
        ],
        "Expires": [
          "-1"
        ]
      },
      "ResponseBody": "{\r\n  \"properties\": {\r\n    \"sku\": \"Standard\",\r\n    \"provisioningState\": \"Succeeded\",\r\n    \"containers\": [\r\n      {\r\n        \"name\": \"acinetsdk7795\",\r\n        \"properties\": {\r\n          \"image\": \"alpine\",\r\n          \"command\": [\r\n            \"/bin/sh\",\r\n            \"-c\",\r\n            \"while true; do sleep 10; done\"\r\n          ],\r\n          \"ports\": [\r\n            {\r\n              \"port\": 80\r\n            }\r\n          ],\r\n          \"environmentVariables\": [\r\n            {\r\n              \"name\": \"secretEnv\"\r\n            }\r\n          ],\r\n          \"instanceView\": {\r\n            \"restartCount\": 0,\r\n            \"currentState\": {\r\n              \"state\": \"Running\",\r\n              \"startTime\": \"2021-09-17T18:52:33.129Z\",\r\n              \"detailStatus\": \"\"\r\n            },\r\n            \"events\": [\r\n              {\r\n                \"count\": 1,\r\n                \"firstTimestamp\": \"2021-09-17T18:52:16Z\",\r\n                \"lastTimestamp\": \"2021-09-17T18:52:16Z\",\r\n                \"name\": \"Pulling\",\r\n                \"message\": \"pulling image \\\"alpine@sha256:69704ef328d05a9f806b6b8502915e6a0a4faa4d72018dc42343f511490daf8a\\\"\",\r\n                \"type\": \"Normal\"\r\n              },\r\n              {\r\n                \"count\": 1,\r\n                \"firstTimestamp\": \"2021-09-17T18:52:18Z\",\r\n                \"lastTimestamp\": \"2021-09-17T18:52:18Z\",\r\n                \"name\": \"Pulled\",\r\n                \"message\": \"Successfully pulled image \\\"alpine@sha256:69704ef328d05a9f806b6b8502915e6a0a4faa4d72018dc42343f511490daf8a\\\"\",\r\n                \"type\": \"Normal\"\r\n              },\r\n              {\r\n                \"count\": 1,\r\n                \"firstTimestamp\": \"2021-09-17T18:52:33Z\",\r\n                \"lastTimestamp\": \"2021-09-17T18:52:33Z\",\r\n                \"name\": \"Started\",\r\n                \"message\": \"Started container\",\r\n                \"type\": \"Normal\"\r\n              }\r\n            ]\r\n          },\r\n          \"resources\": {\r\n            \"requests\": {\r\n              \"memoryInGB\": 1.5,\r\n              \"cpu\": 1.0\r\n            }\r\n          },\r\n          \"livenessProbe\": {\r\n            \"exec\": {\r\n              \"command\": [\r\n                \"ls\"\r\n              ]\r\n            },\r\n            \"periodSeconds\": 20\r\n          }\r\n        }\r\n      }\r\n    ],\r\n    \"initContainers\": [\r\n      {\r\n        \"name\": \"acinetsdk7795init\",\r\n        \"properties\": {\r\n          \"image\": \"alpine\",\r\n          \"command\": [\r\n            \"/bin/sh\",\r\n            \"-c\",\r\n            \"sleep 5\"\r\n          ],\r\n          \"environmentVariables\": [\r\n            {\r\n              \"name\": \"secretEnv\"\r\n            }\r\n          ],\r\n          \"instanceView\": {\r\n            \"restartCount\": 0,\r\n            \"currentState\": {\r\n              \"state\": \"Terminated\",\r\n              \"startTime\": \"2021-09-17T18:52:23.357Z\",\r\n              \"exitCode\": 0,\r\n              \"finishTime\": \"2021-09-17T18:52:31.021Z\",\r\n              \"detailStatus\": \"Completed\"\r\n            },\r\n            \"events\": []\r\n          }\r\n        }\r\n      }\r\n    ],\r\n    \"restartPolicy\": \"Never\",\r\n    \"ipAddress\": {\r\n      \"ports\": [\r\n        {\r\n          \"protocol\": \"TCP\",\r\n          \"port\": 80\r\n        }\r\n      ],\r\n      \"ip\": \"13.93.214.23\",\r\n      \"type\": \"Public\",\r\n      \"dnsNameLabel\": \"acinetsdk7795\",\r\n      \"fqdn\": \"acinetsdk7795.westus.azurecontainer.io\"\r\n    },\r\n    \"osType\": \"Linux\",\r\n    \"instanceView\": {\r\n      \"events\": [],\r\n      \"state\": \"Running\"\r\n    },\r\n    \"diagnostics\": {\r\n      \"logAnalytics\": {\r\n        \"workspaceId\": \"workspaceid\"\r\n      }\r\n    }\r\n  },\r\n  \"identity\": {\r\n    \"principalId\": \"3b25fff2-fd5f-44d7-86c0-4975b1d5b066\",\r\n    \"tenantId\": \"72f988bf-86f1-41af-91ab-2d7cd011db47\",\r\n    \"type\": \"SystemAssigned\"\r\n  },\r\n  \"id\": \"/subscriptions/da28f5e5-aa45-46fe-90c8-053ca49ab4b5/resourceGroups/aci_rg5426/providers/Microsoft.ContainerInstance/containerGroups/acinetsdk7795\",\r\n  \"name\": \"acinetsdk7795\",\r\n  \"type\": \"Microsoft.ContainerInstance/containerGroups\",\r\n  \"location\": \"westus\"\r\n}",
      "StatusCode": 200
    },
    {
      "RequestUri": "/subscriptions/da28f5e5-aa45-46fe-90c8-053ca49ab4b5/resourceGroups/aci_rg8978/providers/Microsoft.ContainerInstance/containerGroups?api-version=2021-07-01",
      "EncodedRequestUri": "L3N1YnNjcmlwdGlvbnMvZGEyOGY1ZTUtYWE0NS00NmZlLTkwYzgtMDUzY2E0OWFiNGI1L3Jlc291cmNlR3JvdXBzL2FjaV9yZzg5NzgvcHJvdmlkZXJzL01pY3Jvc29mdC5Db250YWluZXJJbnN0YW5jZS9jb250YWluZXJHcm91cHM/YXBpLXZlcnNpb249MjAyMS0wNy0wMQ==",
      "RequestMethod": "GET",
      "RequestBody": "",
      "RequestHeaders": {
        "x-ms-client-request-id": [
          "4ea77f03-75af-4b25-9c8a-9fcc977172e1"
        ],
        "Accept-Language": [
          "en-US"
        ],
        "User-Agent": [
          "FxVersion/4.6.30411.01",
          "OSName/Windows",
          "OSVersion/Microsoft.Windows.10.0.19043.",
          "Microsoft.Azure.Management.ContainerInstance.ContainerInstanceManagementClient/5.0.0.0"
        ]
      },
      "ResponseHeaders": {
        "Cache-Control": [
          "no-cache"
        ],
        "Pragma": [
          "no-cache"
        ],
        "Vary": [
          "Accept-Encoding"
        ],
        "x-ms-request-id": [
          "westus:4bdf2acb-0de4-484b-9278-35aaf405c972"
        ],
        "x-ms-ratelimit-remaining-subscription-reads": [
          "11987"
        ],
        "x-ms-correlation-request-id": [
          "2a130faa-71ad-4bbf-a213-e659642bcfd3"
        ],
        "x-ms-routing-request-id": [
          "WESTUS2:20210917T185313Z:2a130faa-71ad-4bbf-a213-e659642bcfd3"
        ],
        "Strict-Transport-Security": [
          "max-age=31536000; includeSubDomains"
        ],
        "X-Content-Type-Options": [
          "nosniff"
        ],
        "Date": [
          "Fri, 17 Sep 2021 18:53:12 GMT"
        ],
        "Content-Length": [
          "1216"
        ],
        "Content-Type": [
          "application/json; charset=utf-8"
        ],
        "Expires": [
          "-1"
        ]
      },
      "ResponseBody": "{\r\n  \"value\": [\r\n    {\r\n      \"properties\": {\r\n        \"sku\": \"Standard\",\r\n        \"provisioningState\": \"Succeeded\",\r\n        \"containers\": [\r\n          {\r\n            \"name\": \"acinetsdk9041\",\r\n            \"properties\": {\r\n              \"image\": \"alpine\",\r\n              \"command\": [\r\n                \"/bin/sh\",\r\n                \"-c\",\r\n                \"while true; do sleep 10; done\"\r\n              ],\r\n              \"ports\": [\r\n                {\r\n                  \"port\": 80\r\n                }\r\n              ],\r\n              \"environmentVariables\": [\r\n                {\r\n                  \"name\": \"secretEnv\"\r\n                }\r\n              ],\r\n              \"resources\": {\r\n                \"requests\": {\r\n                  \"memoryInGB\": 1.5,\r\n                  \"cpu\": 1.0\r\n                }\r\n              },\r\n              \"livenessProbe\": {\r\n                \"exec\": {\r\n                  \"command\": [\r\n                    \"ls\"\r\n                  ]\r\n                },\r\n                \"periodSeconds\": 20\r\n              }\r\n            }\r\n          }\r\n        ],\r\n        \"initContainers\": [\r\n          {\r\n            \"name\": \"acinetsdk9041init\",\r\n            \"properties\": {\r\n              \"image\": \"alpine\",\r\n              \"command\": [\r\n                \"/bin/sh\",\r\n                \"-c\",\r\n                \"sleep 5\"\r\n              ],\r\n              \"environmentVariables\": [\r\n                {\r\n                  \"name\": \"secretEnv\"\r\n                }\r\n              ]\r\n            }\r\n          }\r\n        ],\r\n        \"restartPolicy\": \"Never\",\r\n        \"ipAddress\": {\r\n          \"ports\": [\r\n            {\r\n              \"protocol\": \"TCP\",\r\n              \"port\": 80\r\n            }\r\n          ],\r\n          \"ip\": \"40.83.201.174\",\r\n          \"type\": \"Public\",\r\n          \"dnsNameLabel\": \"acinetsdk9041\",\r\n          \"fqdn\": \"acinetsdk9041.westus.azurecontainer.io\"\r\n        },\r\n        \"osType\": \"Linux\",\r\n        \"diagnostics\": {\r\n          \"logAnalytics\": {\r\n            \"workspaceId\": \"workspaceid\"\r\n          }\r\n        }\r\n      },\r\n      \"identity\": {\r\n        \"principalId\": \"762dc388-065d-481a-9460-261e1dc5e2b6\",\r\n        \"tenantId\": \"72f988bf-86f1-41af-91ab-2d7cd011db47\",\r\n        \"type\": \"SystemAssigned\"\r\n      },\r\n      \"id\": \"/subscriptions/da28f5e5-aa45-46fe-90c8-053ca49ab4b5/resourceGroups/aci_rg8978/providers/Microsoft.ContainerInstance/containerGroups/acinetsdk9041\",\r\n      \"name\": \"acinetsdk9041\",\r\n      \"type\": \"Microsoft.ContainerInstance/containerGroups\",\r\n      \"location\": \"westus\"\r\n    }\r\n  ]\r\n}",
      "StatusCode": 200
    }
  ],
  "Names": {
    "CreateResourceGroup": [
      "aci_rg8978",
      "aci_rg5426"
    ],
    "ContainerInstanceListByResourceGroupTest": [
      "acinetsdk9041",
      "acinetsdk7795"
    ]
  },
  "Variables": {
    "SubscriptionId": "da28f5e5-aa45-46fe-90c8-053ca49ab4b5"
  }
}