{
  "Entries": [
    {
      "RequestUri": "/subscriptions/da28f5e5-aa45-46fe-90c8-053ca49ab4b5/resourcegroups/aci_rg1097?api-version=2015-11-01",
      "EncodedRequestUri": "L3N1YnNjcmlwdGlvbnMvZGEyOGY1ZTUtYWE0NS00NmZlLTkwYzgtMDUzY2E0OWFiNGI1L3Jlc291cmNlZ3JvdXBzL2FjaV9yZzEwOTc/YXBpLXZlcnNpb249MjAxNS0xMS0wMQ==",
      "RequestMethod": "PUT",
      "RequestBody": "{\r\n  \"location\": \"westus\"\r\n}",
      "RequestHeaders": {
        "x-ms-client-request-id": [
          "d1bddf9c-be7f-4f54-b0ab-6999ab511429"
        ],
        "Accept-Language": [
          "en-US"
        ],
        "User-Agent": [
          "FxVersion/4.700.22.11601",
          "OSName/Windows",
          "OSVersion/Microsoft.Windows.10.0.22000",
          "Microsoft.Azure.Management.Resources.ResourceManagementClient/1.0.0.0"
        ],
        "Content-Type": [
          "application/json; charset=utf-8"
        ],
        "Content-Length": [
          "28"
        ]
      },
      "ResponseHeaders": {
        "Cache-Control": [
          "no-cache"
        ],
        "Pragma": [
          "no-cache"
        ],
        "x-ms-ratelimit-remaining-subscription-writes": [
          "1199"
        ],
        "x-ms-request-id": [
          "5584cf52-7c60-4bba-92a4-50115535fe2c"
        ],
        "x-ms-correlation-request-id": [
          "5584cf52-7c60-4bba-92a4-50115535fe2c"
        ],
        "x-ms-routing-request-id": [
          "WESTUS2:20220405T234821Z:5584cf52-7c60-4bba-92a4-50115535fe2c"
        ],
        "Strict-Transport-Security": [
          "max-age=31536000; includeSubDomains"
        ],
        "X-Content-Type-Options": [
          "nosniff"
        ],
        "Date": [
          "Tue, 05 Apr 2022 23:48:21 GMT"
        ],
        "Content-Length": [
          "173"
        ],
        "Content-Type": [
          "application/json; charset=utf-8"
        ],
        "Expires": [
          "-1"
        ]
      },
      "ResponseBody": "{\r\n  \"id\": \"/subscriptions/da28f5e5-aa45-46fe-90c8-053ca49ab4b5/resourceGroups/aci_rg1097\",\r\n  \"name\": \"aci_rg1097\",\r\n  \"location\": \"westus\",\r\n  \"properties\": {\r\n    \"provisioningState\": \"Succeeded\"\r\n  }\r\n}",
      "StatusCode": 201
    },
    {
      "RequestUri": "/subscriptions/da28f5e5-aa45-46fe-90c8-053ca49ab4b5/resourceGroups/aci_rg1097/providers/Microsoft.ContainerInstance/containerGroups/acinetsdk8292?api-version=2021-10-01",
      "EncodedRequestUri": "L3N1YnNjcmlwdGlvbnMvZGEyOGY1ZTUtYWE0NS00NmZlLTkwYzgtMDUzY2E0OWFiNGI1L3Jlc291cmNlR3JvdXBzL2FjaV9yZzEwOTcvcHJvdmlkZXJzL01pY3Jvc29mdC5Db250YWluZXJJbnN0YW5jZS9jb250YWluZXJHcm91cHMvYWNpbmV0c2RrODI5Mj9hcGktdmVyc2lvbj0yMDIxLTEwLTAx",
      "RequestMethod": "PUT",
      "RequestBody": "{\r\n  \"identity\": {\r\n    \"type\": \"SystemAssigned\"\r\n  },\r\n  \"properties\": {\r\n    \"containers\": [\r\n      {\r\n        \"name\": \"acinetsdk8292\",\r\n        \"properties\": {\r\n          \"image\": \"alpine\",\r\n          \"command\": [\r\n            \"/bin/sh\",\r\n            \"-c\",\r\n            \"while true; do sleep 10; done\"\r\n          ],\r\n          \"ports\": [\r\n            {\r\n              \"port\": 80\r\n            }\r\n          ],\r\n          \"environmentVariables\": [\r\n            {\r\n              \"name\": \"secretEnv\",\r\n              \"secureValue\": \"secretValue1\"\r\n            }\r\n          ],\r\n          \"resources\": {\r\n            \"requests\": {\r\n              \"memoryInGB\": 1.5,\r\n              \"cpu\": 1.0\r\n            }\r\n          },\r\n          \"livenessProbe\": {\r\n            \"exec\": {\r\n              \"command\": [\r\n                \"ls\"\r\n              ]\r\n            },\r\n            \"periodSeconds\": 20\r\n          }\r\n        }\r\n      }\r\n    ],\r\n    \"restartPolicy\": \"Never\",\r\n    \"ipAddress\": {\r\n      \"ports\": [\r\n        {\r\n          \"protocol\": \"TCP\",\r\n          \"port\": 80\r\n        }\r\n      ],\r\n      \"type\": \"Public\",\r\n      \"dnsNameLabel\": \"acinetsdk8292\"\r\n    },\r\n    \"osType\": \"Linux\",\r\n    \"diagnostics\": {\r\n      \"logAnalytics\": {\r\n        \"workspaceId\": \"workspaceid\",\r\n        \"workspaceKey\": \"workspacekey\"\r\n      }\r\n    },\r\n    \"sku\": \"Standard\",\r\n    \"encryptionProperties\": {\r\n      \"vaultBaseUrl\": \"https://cloudaci-cloudtest.vault.azure.net/\",\r\n      \"keyName\": \"testencryptionkey\",\r\n      \"keyVersion\": \"804d3f1d5ce2456b9bc3dc9e35aaa67e\"\r\n    },\r\n    \"initContainers\": [\r\n      {\r\n        \"name\": \"acinetsdk8292init\",\r\n        \"properties\": {\r\n          \"image\": \"alpine\",\r\n          \"command\": [\r\n            \"/bin/sh\",\r\n            \"-c\",\r\n            \"sleep 5\"\r\n          ],\r\n          \"environmentVariables\": [\r\n            {\r\n              \"name\": \"secretEnv\",\r\n              \"secureValue\": \"secretValue1\"\r\n            }\r\n          ]\r\n        }\r\n      }\r\n    ]\r\n  },\r\n  \"location\": \"westus\"\r\n}",
      "RequestHeaders": {
        "x-ms-client-request-id": [
          "8bb7a206-b989-45ce-b077-df00755e0cdd"
        ],
        "Accept-Language": [
          "en-US"
        ],
        "User-Agent": [
          "FxVersion/4.700.22.11601",
          "OSName/Windows",
          "OSVersion/Microsoft.Windows.10.0.22000",
          "Microsoft.Azure.Management.ContainerInstance.ContainerInstanceManagementClient/7.0.0.0"
        ],
        "Content-Type": [
          "application/json; charset=utf-8"
        ],
        "Content-Length": [
          "1996"
        ]
      },
      "ResponseHeaders": {
        "Cache-Control": [
          "no-cache"
        ],
        "Pragma": [
          "no-cache"
        ],
        "Azure-AsyncOperation": [
          "https://management.azure.com/subscriptions/da28f5e5-aa45-46fe-90c8-053ca49ab4b5/providers/Microsoft.ContainerInstance/locations/westus/operations/29aee9c7-d086-4f79-9462-dc6f0c865c79?api-version=2018-06-01"
        ],
        "x-ms-ratelimit-remaining-subscription-resource-requests-pt5m": [
          "1498"
        ],
        "x-ms-ratelimit-remaining-subscription-resource-requests-pt1h": [
          "14939"
        ],
        "x-ms-request-id": [
          "westus:29aee9c7-d086-4f79-9462-dc6f0c865c79"
        ],
        "x-ms-ratelimit-remaining-subscription-writes": [
          "1198"
        ],
        "x-ms-correlation-request-id": [
          "d24c03ab-98c6-4b7c-aa39-d0a1551cee34"
        ],
        "x-ms-routing-request-id": [
          "WESTUS2:20220405T234827Z:d24c03ab-98c6-4b7c-aa39-d0a1551cee34"
        ],
        "Strict-Transport-Security": [
          "max-age=31536000; includeSubDomains"
        ],
        "X-Content-Type-Options": [
          "nosniff"
        ],
        "Date": [
          "Tue, 05 Apr 2022 23:48:27 GMT"
        ],
        "Content-Length": [
          "1439"
        ],
        "Content-Type": [
          "application/json; charset=utf-8"
        ],
        "Expires": [
          "-1"
        ]
      },
      "ResponseBody": "{\r\n  \"properties\": {\r\n    \"sku\": \"Standard\",\r\n    \"encryptionProperties\": {\r\n      \"vaultBaseUrl\": \"https://cloudaci-cloudtest.vault.azure.net/\",\r\n      \"keyName\": \"testencryptionkey\",\r\n      \"keyVersion\": \"804d3f1d5ce2456b9bc3dc9e35aaa67e\"\r\n    },\r\n    \"provisioningState\": \"Pending\",\r\n    \"containers\": [\r\n      {\r\n        \"name\": \"acinetsdk8292\",\r\n        \"properties\": {\r\n          \"image\": \"alpine\",\r\n          \"command\": [\r\n            \"/bin/sh\",\r\n            \"-c\",\r\n            \"while true; do sleep 10; done\"\r\n          ],\r\n          \"ports\": [\r\n            {\r\n              \"port\": 80\r\n            }\r\n          ],\r\n          \"environmentVariables\": [\r\n            {\r\n              \"name\": \"secretEnv\"\r\n            }\r\n          ],\r\n          \"resources\": {\r\n            \"requests\": {\r\n              \"memoryInGB\": 1.5,\r\n              \"cpu\": 1.0\r\n            }\r\n          },\r\n          \"livenessProbe\": {\r\n            \"exec\": {\r\n              \"command\": [\r\n                \"ls\"\r\n              ]\r\n            },\r\n            \"periodSeconds\": 20\r\n          }\r\n        }\r\n      }\r\n    ],\r\n    \"initContainers\": [\r\n      {\r\n        \"name\": \"acinetsdk8292init\",\r\n        \"properties\": {\r\n          \"image\": \"alpine\",\r\n          \"command\": [\r\n            \"/bin/sh\",\r\n            \"-c\",\r\n            \"sleep 5\"\r\n          ],\r\n          \"environmentVariables\": [\r\n            {\r\n              \"name\": \"secretEnv\"\r\n            }\r\n          ]\r\n        }\r\n      }\r\n    ],\r\n    \"restartPolicy\": \"Never\",\r\n    \"ipAddress\": {\r\n      \"ports\": [\r\n        {\r\n          \"protocol\": \"TCP\",\r\n          \"port\": 80\r\n        }\r\n      ],\r\n      \"type\": \"Public\",\r\n      \"dnsNameLabel\": \"acinetsdk8292\",\r\n      \"autoGeneratedDomainNameLabelScope\": \"Unsecure\",\r\n      \"fqdn\": \"acinetsdk8292.westus.azurecontainer.io\"\r\n    },\r\n    \"osType\": \"Linux\",\r\n    \"instanceView\": {\r\n      \"events\": [],\r\n      \"state\": \"Pending\"\r\n    },\r\n    \"diagnostics\": {\r\n      \"logAnalytics\": {\r\n        \"workspaceId\": \"workspaceid\"\r\n      }\r\n    }\r\n  },\r\n  \"identity\": {\r\n    \"principalId\": \"c2312a95-90e1-46cc-ab70-91cca5b08279\",\r\n    \"tenantId\": \"72f988bf-86f1-41af-91ab-2d7cd011db47\",\r\n    \"type\": \"SystemAssigned\"\r\n  },\r\n  \"id\": \"/subscriptions/da28f5e5-aa45-46fe-90c8-053ca49ab4b5/resourceGroups/aci_rg1097/providers/Microsoft.ContainerInstance/containerGroups/acinetsdk8292\",\r\n  \"name\": \"acinetsdk8292\",\r\n  \"type\": \"Microsoft.ContainerInstance/containerGroups\",\r\n  \"location\": \"westus\"\r\n}",
      "StatusCode": 201
    },
    {
      "RequestUri": "/subscriptions/da28f5e5-aa45-46fe-90c8-053ca49ab4b5/providers/Microsoft.ContainerInstance/locations/westus/operations/29aee9c7-d086-4f79-9462-dc6f0c865c79?api-version=2018-06-01",
      "EncodedRequestUri": "L3N1YnNjcmlwdGlvbnMvZGEyOGY1ZTUtYWE0NS00NmZlLTkwYzgtMDUzY2E0OWFiNGI1L3Byb3ZpZGVycy9NaWNyb3NvZnQuQ29udGFpbmVySW5zdGFuY2UvbG9jYXRpb25zL3dlc3R1cy9vcGVyYXRpb25zLzI5YWVlOWM3LWQwODYtNGY3OS05NDYyLWRjNmYwYzg2NWM3OT9hcGktdmVyc2lvbj0yMDE4LTA2LTAx",
      "RequestMethod": "GET",
      "RequestBody": "",
      "RequestHeaders": {
        "User-Agent": [
          "FxVersion/4.700.22.11601",
          "OSName/Windows",
          "OSVersion/Microsoft.Windows.10.0.22000",
          "Microsoft.Azure.Management.ContainerInstance.ContainerInstanceManagementClient/7.0.0.0"
        ]
      },
      "ResponseHeaders": {
        "Cache-Control": [
          "no-cache"
        ],
        "Pragma": [
          "no-cache"
        ],
        "Vary": [
          "Accept-Encoding"
        ],
        "x-ms-request-id": [
          "westus:ce311267-eae8-4b70-9d42-aaf114689634"
        ],
        "x-ms-ratelimit-remaining-subscription-reads": [
          "11999"
        ],
        "x-ms-correlation-request-id": [
          "d669f9e4-055f-446f-baba-ac8d0b7e999e"
        ],
        "x-ms-routing-request-id": [
          "WESTUS2:20220405T234857Z:d669f9e4-055f-446f-baba-ac8d0b7e999e"
        ],
        "Strict-Transport-Security": [
          "max-age=31536000; includeSubDomains"
        ],
        "X-Content-Type-Options": [
          "nosniff"
        ],
        "Date": [
          "Tue, 05 Apr 2022 23:48:57 GMT"
        ],
        "Content-Length": [
          "243"
        ],
        "Content-Type": [
          "application/json; charset=utf-8"
        ],
        "Expires": [
          "-1"
        ]
      },
      "ResponseBody": "{\r\n  \"id\": \"/subscriptions/da28f5e5-aa45-46fe-90c8-053ca49ab4b5/resourceGroups/aci_rg1097/providers/Microsoft.ContainerInstance/containerGroups/acinetsdk8292\",\r\n  \"status\": \"Pending\",\r\n  \"startTime\": \"2022-04-05T23:48:27.3398637Z\",\r\n  \"properties\": {\r\n    \"events\": []\r\n  }\r\n}",
      "StatusCode": 200
    },
    {
      "RequestUri": "/subscriptions/da28f5e5-aa45-46fe-90c8-053ca49ab4b5/providers/Microsoft.ContainerInstance/locations/westus/operations/29aee9c7-d086-4f79-9462-dc6f0c865c79?api-version=2018-06-01",
      "EncodedRequestUri": "L3N1YnNjcmlwdGlvbnMvZGEyOGY1ZTUtYWE0NS00NmZlLTkwYzgtMDUzY2E0OWFiNGI1L3Byb3ZpZGVycy9NaWNyb3NvZnQuQ29udGFpbmVySW5zdGFuY2UvbG9jYXRpb25zL3dlc3R1cy9vcGVyYXRpb25zLzI5YWVlOWM3LWQwODYtNGY3OS05NDYyLWRjNmYwYzg2NWM3OT9hcGktdmVyc2lvbj0yMDE4LTA2LTAx",
      "RequestMethod": "GET",
      "RequestBody": "",
      "RequestHeaders": {
        "User-Agent": [
          "FxVersion/4.700.22.11601",
          "OSName/Windows",
          "OSVersion/Microsoft.Windows.10.0.22000",
          "Microsoft.Azure.Management.ContainerInstance.ContainerInstanceManagementClient/7.0.0.0"
        ]
      },
      "ResponseHeaders": {
        "Cache-Control": [
          "no-cache"
        ],
        "Pragma": [
          "no-cache"
        ],
        "Vary": [
          "Accept-Encoding"
        ],
        "x-ms-request-id": [
          "westus:01eb574a-52ae-4c38-ab00-a5489a904e06"
        ],
        "x-ms-ratelimit-remaining-subscription-reads": [
          "11998"
        ],
        "x-ms-correlation-request-id": [
          "87d2c458-1630-4c26-a1d9-d84cc844398d"
        ],
        "x-ms-routing-request-id": [
          "WESTUS2:20220405T234928Z:87d2c458-1630-4c26-a1d9-d84cc844398d"
        ],
        "Strict-Transport-Security": [
          "max-age=31536000; includeSubDomains"
        ],
        "X-Content-Type-Options": [
          "nosniff"
        ],
        "Date": [
          "Tue, 05 Apr 2022 23:49:27 GMT"
        ],
        "Content-Length": [
          "245"
        ],
        "Content-Type": [
          "application/json; charset=utf-8"
        ],
        "Expires": [
          "-1"
        ]
      },
      "ResponseBody": "{\r\n  \"id\": \"/subscriptions/da28f5e5-aa45-46fe-90c8-053ca49ab4b5/resourceGroups/aci_rg1097/providers/Microsoft.ContainerInstance/containerGroups/acinetsdk8292\",\r\n  \"status\": \"Succeeded\",\r\n  \"startTime\": \"2022-04-05T23:48:27.3398637Z\",\r\n  \"properties\": {\r\n    \"events\": []\r\n  }\r\n}",
      "StatusCode": 200
    },
    {
      "RequestUri": "/subscriptions/da28f5e5-aa45-46fe-90c8-053ca49ab4b5/resourceGroups/aci_rg1097/providers/Microsoft.ContainerInstance/containerGroups/acinetsdk8292?api-version=2021-10-01",
      "EncodedRequestUri": "L3N1YnNjcmlwdGlvbnMvZGEyOGY1ZTUtYWE0NS00NmZlLTkwYzgtMDUzY2E0OWFiNGI1L3Jlc291cmNlR3JvdXBzL2FjaV9yZzEwOTcvcHJvdmlkZXJzL01pY3Jvc29mdC5Db250YWluZXJJbnN0YW5jZS9jb250YWluZXJHcm91cHMvYWNpbmV0c2RrODI5Mj9hcGktdmVyc2lvbj0yMDIxLTEwLTAx",
      "RequestMethod": "GET",
      "RequestBody": "",
      "RequestHeaders": {
        "User-Agent": [
          "FxVersion/4.700.22.11601",
          "OSName/Windows",
          "OSVersion/Microsoft.Windows.10.0.22000",
          "Microsoft.Azure.Management.ContainerInstance.ContainerInstanceManagementClient/7.0.0.0"
        ]
      },
      "ResponseHeaders": {
        "Cache-Control": [
          "no-cache"
        ],
        "Pragma": [
          "no-cache"
        ],
        "Vary": [
          "Accept-Encoding"
        ],
        "x-ms-request-id": [
          "westus:d2527846-ff0c-4321-b2cb-0302c68165eb"
        ],
        "x-ms-ratelimit-remaining-subscription-reads": [
          "11997"
        ],
        "x-ms-correlation-request-id": [
          "dc726ab9-9e5a-4067-b0cc-2566879375b4"
        ],
        "x-ms-routing-request-id": [
          "WESTUS2:20220405T234928Z:dc726ab9-9e5a-4067-b0cc-2566879375b4"
        ],
        "Strict-Transport-Security": [
          "max-age=31536000; includeSubDomains"
        ],
        "X-Content-Type-Options": [
          "nosniff"
        ],
        "Date": [
          "Tue, 05 Apr 2022 23:49:27 GMT"
        ],
        "Content-Length": [
          "1777"
        ],
        "Content-Type": [
          "application/json; charset=utf-8"
        ],
        "Expires": [
          "-1"
        ]
      },
      "ResponseBody": "{\r\n  \"properties\": {\r\n    \"sku\": \"Standard\",\r\n    \"encryptionProperties\": {\r\n      \"vaultBaseUrl\": \"https://cloudaci-cloudtest.vault.azure.net/\",\r\n      \"keyName\": \"testencryptionkey\",\r\n      \"keyVersion\": \"804d3f1d5ce2456b9bc3dc9e35aaa67e\"\r\n    },\r\n    \"provisioningState\": \"Succeeded\",\r\n    \"containers\": [\r\n      {\r\n        \"name\": \"acinetsdk8292\",\r\n        \"properties\": {\r\n          \"image\": \"alpine\",\r\n          \"command\": [\r\n            \"/bin/sh\",\r\n            \"-c\",\r\n            \"while true; do sleep 10; done\"\r\n          ],\r\n          \"ports\": [\r\n            {\r\n              \"port\": 80\r\n            }\r\n          ],\r\n          \"environmentVariables\": [\r\n            {\r\n              \"name\": \"secretEnv\"\r\n            }\r\n          ],\r\n          \"instanceView\": {\r\n            \"restartCount\": 0,\r\n            \"currentState\": {\r\n              \"state\": \"Running\",\r\n              \"startTime\": \"2022-04-05T23:49:04.323Z\",\r\n              \"detailStatus\": \"\"\r\n            }\r\n          },\r\n          \"resources\": {\r\n            \"requests\": {\r\n              \"memoryInGB\": 1.5,\r\n              \"cpu\": 1.0\r\n            }\r\n          },\r\n          \"livenessProbe\": {\r\n            \"exec\": {\r\n              \"command\": [\r\n                \"ls\"\r\n              ]\r\n            },\r\n            \"periodSeconds\": 20\r\n          }\r\n        }\r\n      }\r\n    ],\r\n    \"initContainers\": [\r\n      {\r\n        \"name\": \"acinetsdk8292init\",\r\n        \"properties\": {\r\n          \"image\": \"alpine\",\r\n          \"command\": [\r\n            \"/bin/sh\",\r\n            \"-c\",\r\n            \"sleep 5\"\r\n          ],\r\n          \"environmentVariables\": [\r\n            {\r\n              \"name\": \"secretEnv\"\r\n            }\r\n          ],\r\n          \"instanceView\": {\r\n            \"restartCount\": 0,\r\n            \"currentState\": {\r\n              \"state\": \"Terminated\",\r\n              \"startTime\": \"2022-04-05T23:48:44.579Z\",\r\n              \"exitCode\": 0,\r\n              \"finishTime\": \"2022-04-05T23:49:02.109Z\",\r\n              \"detailStatus\": \"Completed\"\r\n            }\r\n          }\r\n        }\r\n      }\r\n    ],\r\n    \"restartPolicy\": \"Never\",\r\n    \"ipAddress\": {\r\n      \"ports\": [\r\n        {\r\n          \"protocol\": \"TCP\",\r\n          \"port\": 80\r\n        }\r\n      ],\r\n      \"ip\": \"13.93.158.3\",\r\n      \"type\": \"Public\",\r\n      \"dnsNameLabel\": \"acinetsdk8292\",\r\n      \"autoGeneratedDomainNameLabelScope\": \"Unsecure\",\r\n      \"fqdn\": \"acinetsdk8292.westus.azurecontainer.io\"\r\n    },\r\n    \"osType\": \"Linux\",\r\n    \"instanceView\": {\r\n      \"events\": [],\r\n      \"state\": \"Running\"\r\n    },\r\n    \"diagnostics\": {\r\n      \"logAnalytics\": {\r\n        \"workspaceId\": \"workspaceid\"\r\n      }\r\n    }\r\n  },\r\n  \"identity\": {\r\n    \"principalId\": \"c2312a95-90e1-46cc-ab70-91cca5b08279\",\r\n    \"tenantId\": \"72f988bf-86f1-41af-91ab-2d7cd011db47\",\r\n    \"type\": \"SystemAssigned\"\r\n  },\r\n  \"id\": \"/subscriptions/da28f5e5-aa45-46fe-90c8-053ca49ab4b5/resourceGroups/aci_rg1097/providers/Microsoft.ContainerInstance/containerGroups/acinetsdk8292\",\r\n  \"name\": \"acinetsdk8292\",\r\n  \"type\": \"Microsoft.ContainerInstance/containerGroups\",\r\n  \"location\": \"westus\"\r\n}",
      "StatusCode": 200
    }
  ],
  "Names": {
    "CreateResourceGroup": [
      "aci_rg1097"
    ],
    "ContainerInstanceCreateTest": [
      "acinetsdk8292"
    ]
  },
  "Variables": {
    "SubscriptionId": "da28f5e5-aa45-46fe-90c8-053ca49ab4b5"
  }
}