{
  "Entries": [
    {
      "RequestUri": "/subscriptions/e2ee545b-783f-4634-a277-e35f55c90660/resourcegroups/cdnResourceGroup4505?api-version=2015-11-01",
      "EncodedRequestUri": "L3N1YnNjcmlwdGlvbnMvZTJlZTU0NWItNzgzZi00NjM0LWEyNzctZTM1ZjU1YzkwNjYwL3Jlc291cmNlZ3JvdXBzL2NkblJlc291cmNlR3JvdXA0NTA1P2FwaS12ZXJzaW9uPTIwMTUtMTEtMDE=",
      "RequestMethod": "PUT",
      "RequestBody": "{\r\n  \"location\": \"westus\"\r\n}",
      "RequestHeaders": {
        "Content-Type": [
          "application/json; charset=utf-8"
        ],
        "Content-Length": [
          "28"
        ],
        "x-ms-client-request-id": [
          "32641f14-2930-4640-a28d-93df50c3e29b"
        ],
        "accept-language": [
          "en-US"
        ],
        "User-Agent": [
          "FxVersion/4.6.25211.01",
          "Microsoft.Azure.Management.Resources.ResourceManagementClient/1.0.0.0"
        ]
      },
      "ResponseBody": "{\r\n  \"id\": \"/subscriptions/e2ee545b-783f-4634-a277-e35f55c90660/resourceGroups/cdnResourceGroup4505\",\r\n  \"name\": \"cdnResourceGroup4505\",\r\n  \"location\": \"westus\",\r\n  \"properties\": {\r\n    \"provisioningState\": \"Succeeded\"\r\n  }\r\n}",
      "ResponseHeaders": {
        "Content-Length": [
          "193"
        ],
        "Content-Type": [
          "application/json; charset=utf-8"
        ],
        "Expires": [
          "-1"
        ],
        "Cache-Control": [
          "no-cache"
        ],
        "Date": [
          "Tue, 13 Feb 2018 20:34:33 GMT"
        ],
        "Pragma": [
          "no-cache"
        ],
        "x-ms-ratelimit-remaining-subscription-writes": [
          "1198"
        ],
        "x-ms-request-id": [
          "86ad4f32-5c50-4fe7-a5fe-da0e1e1773bb"
        ],
        "x-ms-correlation-request-id": [
          "86ad4f32-5c50-4fe7-a5fe-da0e1e1773bb"
        ],
        "x-ms-routing-request-id": [
          "WESTUS2:20180213T203434Z:86ad4f32-5c50-4fe7-a5fe-da0e1e1773bb"
        ],
        "Strict-Transport-Security": [
          "max-age=31536000; includeSubDomains"
        ]
      },
      "StatusCode": 201
    },
    {
      "RequestUri": "/subscriptions/e2ee545b-783f-4634-a277-e35f55c90660/resourceGroups/cdnResourceGroup4505/providers/Microsoft.Cdn/profiles/profile5973?api-version=2017-10-12",
      "EncodedRequestUri": "L3N1YnNjcmlwdGlvbnMvZTJlZTU0NWItNzgzZi00NjM0LWEyNzctZTM1ZjU1YzkwNjYwL3Jlc291cmNlR3JvdXBzL2NkblJlc291cmNlR3JvdXA0NTA1L3Byb3ZpZGVycy9NaWNyb3NvZnQuQ2RuL3Byb2ZpbGVzL3Byb2ZpbGU1OTczP2FwaS12ZXJzaW9uPTIwMTctMTAtMTI=",
      "RequestMethod": "PUT",
      "RequestBody": "{\r\n  \"sku\": {\r\n    \"name\": \"Standard_Verizon\"\r\n  },\r\n  \"location\": \"WestUs\",\r\n  \"tags\": {\r\n    \"key1\": \"value1\",\r\n    \"key2\": \"value2\"\r\n  }\r\n}",
      "RequestHeaders": {
        "Content-Type": [
          "application/json; charset=utf-8"
        ],
        "Content-Length": [
          "142"
        ],
        "x-ms-client-request-id": [
          "ae2a1fe2-20db-4bb0-982e-9204a76f4046"
        ],
        "accept-language": [
          "en-US"
        ],
        "User-Agent": [
          "FxVersion/4.6.25211.01",
          "Microsoft.Azure.Management.Cdn.CdnManagementClient/4.0.0.0"
        ]
      },
      "ResponseBody": "{\r\n  \"name\": \"profile5973\",\r\n  \"id\": \"/subscriptions/e2ee545b-783f-4634-a277-e35f55c90660/resourcegroups/cdnResourceGroup4505/providers/Microsoft.Cdn/profiles/profile5973\",\r\n  \"type\": \"Microsoft.Cdn/profiles\",\r\n  \"tags\": {\r\n    \"key1\": \"value1\",\r\n    \"key2\": \"value2\"\r\n  },\r\n  \"location\": \"WestUs\",\r\n  \"sku\": {\r\n    \"name\": \"Standard_Verizon\"\r\n  },\r\n  \"properties\": {\r\n    \"provisioningState\": \"Creating\",\r\n    \"resourceState\": \"Creating\"\r\n  }\r\n}",
      "ResponseHeaders": {
        "Content-Length": [
          "398"
        ],
        "Content-Type": [
          "application/json; odata.metadata=minimal"
        ],
        "Expires": [
          "-1"
        ],
        "Cache-Control": [
          "no-cache"
        ],
        "Date": [
          "Tue, 13 Feb 2018 20:34:35 GMT"
        ],
        "Pragma": [
          "no-cache"
        ],
        "Retry-After": [
          "10"
        ],
        "Server": [
          "Microsoft-IIS/8.5"
        ],
        "x-ms-request-id": [
          "70f95074-afda-4d82-ac3c-ca8068985417"
        ],
        "x-ms-client-request-id": [
          "ae2a1fe2-20db-4bb0-982e-9204a76f4046"
        ],
        "Azure-AsyncOperation": [
          "https://management.azure.com/subscriptions/e2ee545b-783f-4634-a277-e35f55c90660/resourcegroups/cdnResourceGroup4505/providers/Microsoft.Cdn/operationresults/5d9205c3-a8f2-4a47-a26f-e96699cc0e63?api-version=2017-10-12"
        ],
        "OData-Version": [
          "4.0"
        ],
        "Strict-Transport-Security": [
          "max-age=31536000; includeSubDomains"
        ],
        "X-AspNet-Version": [
          "4.0.30319"
        ],
        "X-Powered-By": [
          "ASP.NET"
        ],
        "x-ms-ratelimit-remaining-subscription-writes": [
          "1199"
        ],
        "x-ms-correlation-request-id": [
          "e75f06e2-201c-44f9-839b-04ddd71dd998"
        ],
        "x-ms-routing-request-id": [
          "WESTUS2:20180213T203436Z:e75f06e2-201c-44f9-839b-04ddd71dd998"
        ]
      },
      "StatusCode": 201
    },
    {
      "RequestUri": "/subscriptions/e2ee545b-783f-4634-a277-e35f55c90660/resourcegroups/cdnResourceGroup4505/providers/Microsoft.Cdn/operationresults/5d9205c3-a8f2-4a47-a26f-e96699cc0e63?api-version=2017-10-12",
      "EncodedRequestUri": "L3N1YnNjcmlwdGlvbnMvZTJlZTU0NWItNzgzZi00NjM0LWEyNzctZTM1ZjU1YzkwNjYwL3Jlc291cmNlZ3JvdXBzL2NkblJlc291cmNlR3JvdXA0NTA1L3Byb3ZpZGVycy9NaWNyb3NvZnQuQ2RuL29wZXJhdGlvbnJlc3VsdHMvNWQ5MjA1YzMtYThmMi00YTQ3LWEyNmYtZTk2Njk5Y2MwZTYzP2FwaS12ZXJzaW9uPTIwMTctMTAtMTI=",
      "RequestMethod": "GET",
      "RequestBody": "",
      "RequestHeaders": {
        "User-Agent": [
          "FxVersion/4.6.25211.01",
          "Microsoft.Azure.Management.Cdn.CdnManagementClient/4.0.0.0"
        ]
      },
      "ResponseBody": "{\r\n  \"status\": \"InProgress\",\r\n  \"error\": {\r\n    \"code\": \"None\",\r\n    \"message\": null\r\n  }\r\n}",
      "ResponseHeaders": {
        "Content-Type": [
          "application/json; odata.metadata=minimal; odata.streaming=true"
        ],
        "Expires": [
          "-1"
        ],
        "Cache-Control": [
          "no-cache"
        ],
        "Date": [
          "Tue, 13 Feb 2018 20:34:45 GMT"
        ],
        "Pragma": [
          "no-cache"
        ],
        "Transfer-Encoding": [
          "chunked"
        ],
        "Server": [
          "Microsoft-IIS/8.5"
        ],
        "Vary": [
          "Accept-Encoding"
        ],
        "x-ms-request-id": [
          "ec010b81-7aae-49c5-ba5d-2781a831215c"
        ],
        "x-ms-client-request-id": [
          "dfa0fbf1-2aee-4889-b8bd-cb18d33d1d7d"
        ],
        "OData-Version": [
          "4.0"
        ],
        "Strict-Transport-Security": [
          "max-age=31536000; includeSubDomains"
        ],
        "X-AspNet-Version": [
          "4.0.30319"
        ],
        "X-Powered-By": [
          "ASP.NET"
        ],
        "x-ms-ratelimit-remaining-subscription-reads": [
          "14999"
        ],
        "x-ms-correlation-request-id": [
          "6046f2c3-ec6e-4c0d-b3fd-271e37b67180"
        ],
        "x-ms-routing-request-id": [
          "WESTUS2:20180213T203446Z:6046f2c3-ec6e-4c0d-b3fd-271e37b67180"
        ]
      },
      "StatusCode": 200
    },
    {
      "RequestUri": "/subscriptions/e2ee545b-783f-4634-a277-e35f55c90660/resourcegroups/cdnResourceGroup4505/providers/Microsoft.Cdn/operationresults/5d9205c3-a8f2-4a47-a26f-e96699cc0e63?api-version=2017-10-12",
      "EncodedRequestUri": "L3N1YnNjcmlwdGlvbnMvZTJlZTU0NWItNzgzZi00NjM0LWEyNzctZTM1ZjU1YzkwNjYwL3Jlc291cmNlZ3JvdXBzL2NkblJlc291cmNlR3JvdXA0NTA1L3Byb3ZpZGVycy9NaWNyb3NvZnQuQ2RuL29wZXJhdGlvbnJlc3VsdHMvNWQ5MjA1YzMtYThmMi00YTQ3LWEyNmYtZTk2Njk5Y2MwZTYzP2FwaS12ZXJzaW9uPTIwMTctMTAtMTI=",
      "RequestMethod": "GET",
      "RequestBody": "",
      "RequestHeaders": {
        "User-Agent": [
          "FxVersion/4.6.25211.01",
          "Microsoft.Azure.Management.Cdn.CdnManagementClient/4.0.0.0"
        ]
      },
      "ResponseBody": "{\r\n  \"status\": \"InProgress\",\r\n  \"error\": {\r\n    \"code\": \"None\",\r\n    \"message\": null\r\n  }\r\n}",
      "ResponseHeaders": {
        "Content-Type": [
          "application/json; odata.metadata=minimal; odata.streaming=true"
        ],
        "Expires": [
          "-1"
        ],
        "Cache-Control": [
          "no-cache"
        ],
        "Date": [
          "Tue, 13 Feb 2018 20:34:55 GMT"
        ],
        "Pragma": [
          "no-cache"
        ],
        "Transfer-Encoding": [
          "chunked"
        ],
        "Server": [
          "Microsoft-IIS/8.5"
        ],
        "Vary": [
          "Accept-Encoding"
        ],
        "x-ms-request-id": [
          "f92a61e5-e339-4e5c-88e0-53fc0344ee40"
        ],
        "x-ms-client-request-id": [
          "06aed9e8-39da-40b2-b129-6a01d2a8e7e5"
        ],
        "OData-Version": [
          "4.0"
        ],
        "Strict-Transport-Security": [
          "max-age=31536000; includeSubDomains"
        ],
        "X-AspNet-Version": [
          "4.0.30319"
        ],
        "X-Powered-By": [
          "ASP.NET"
        ],
        "x-ms-ratelimit-remaining-subscription-reads": [
          "14998"
        ],
        "x-ms-correlation-request-id": [
          "186effde-81e8-4ca6-82c6-c8d45da1de01"
        ],
        "x-ms-routing-request-id": [
          "WESTUS2:20180213T203456Z:186effde-81e8-4ca6-82c6-c8d45da1de01"
        ]
      },
      "StatusCode": 200
    },
    {
      "RequestUri": "/subscriptions/e2ee545b-783f-4634-a277-e35f55c90660/resourcegroups/cdnResourceGroup4505/providers/Microsoft.Cdn/operationresults/5d9205c3-a8f2-4a47-a26f-e96699cc0e63?api-version=2017-10-12",
      "EncodedRequestUri": "L3N1YnNjcmlwdGlvbnMvZTJlZTU0NWItNzgzZi00NjM0LWEyNzctZTM1ZjU1YzkwNjYwL3Jlc291cmNlZ3JvdXBzL2NkblJlc291cmNlR3JvdXA0NTA1L3Byb3ZpZGVycy9NaWNyb3NvZnQuQ2RuL29wZXJhdGlvbnJlc3VsdHMvNWQ5MjA1YzMtYThmMi00YTQ3LWEyNmYtZTk2Njk5Y2MwZTYzP2FwaS12ZXJzaW9uPTIwMTctMTAtMTI=",
      "RequestMethod": "GET",
      "RequestBody": "",
      "RequestHeaders": {
        "User-Agent": [
          "FxVersion/4.6.25211.01",
          "Microsoft.Azure.Management.Cdn.CdnManagementClient/4.0.0.0"
        ]
      },
      "ResponseBody": "{\r\n  \"status\": \"InProgress\",\r\n  \"error\": {\r\n    \"code\": \"None\",\r\n    \"message\": null\r\n  }\r\n}",
      "ResponseHeaders": {
        "Content-Type": [
          "application/json; odata.metadata=minimal; odata.streaming=true"
        ],
        "Expires": [
          "-1"
        ],
        "Cache-Control": [
          "no-cache"
        ],
        "Date": [
          "Tue, 13 Feb 2018 20:35:06 GMT"
        ],
        "Pragma": [
          "no-cache"
        ],
        "Transfer-Encoding": [
          "chunked"
        ],
        "Server": [
          "Microsoft-IIS/8.5"
        ],
        "Vary": [
          "Accept-Encoding"
        ],
        "x-ms-request-id": [
          "6ea8723d-7744-4694-8c8e-39266ec1e689"
        ],
        "x-ms-client-request-id": [
          "7ec9706c-e661-42ab-9a7f-523b647f2b6f"
        ],
        "OData-Version": [
          "4.0"
        ],
        "Strict-Transport-Security": [
          "max-age=31536000; includeSubDomains"
        ],
        "X-AspNet-Version": [
          "4.0.30319"
        ],
        "X-Powered-By": [
          "ASP.NET"
        ],
        "x-ms-ratelimit-remaining-subscription-reads": [
          "14997"
        ],
        "x-ms-correlation-request-id": [
          "556f54e7-d44f-49ab-b0d2-1d803a71e81a"
        ],
        "x-ms-routing-request-id": [
          "WESTUS2:20180213T203506Z:556f54e7-d44f-49ab-b0d2-1d803a71e81a"
        ]
      },
      "StatusCode": 200
    },
    {
      "RequestUri": "/subscriptions/e2ee545b-783f-4634-a277-e35f55c90660/resourcegroups/cdnResourceGroup4505/providers/Microsoft.Cdn/operationresults/5d9205c3-a8f2-4a47-a26f-e96699cc0e63?api-version=2017-10-12",
      "EncodedRequestUri": "L3N1YnNjcmlwdGlvbnMvZTJlZTU0NWItNzgzZi00NjM0LWEyNzctZTM1ZjU1YzkwNjYwL3Jlc291cmNlZ3JvdXBzL2NkblJlc291cmNlR3JvdXA0NTA1L3Byb3ZpZGVycy9NaWNyb3NvZnQuQ2RuL29wZXJhdGlvbnJlc3VsdHMvNWQ5MjA1YzMtYThmMi00YTQ3LWEyNmYtZTk2Njk5Y2MwZTYzP2FwaS12ZXJzaW9uPTIwMTctMTAtMTI=",
      "RequestMethod": "GET",
      "RequestBody": "",
      "RequestHeaders": {
        "User-Agent": [
          "FxVersion/4.6.25211.01",
          "Microsoft.Azure.Management.Cdn.CdnManagementClient/4.0.0.0"
        ]
      },
      "ResponseBody": "{\r\n  \"status\": \"Succeeded\",\r\n  \"error\": {\r\n    \"code\": \"None\",\r\n    \"message\": null\r\n  }\r\n}",
      "ResponseHeaders": {
        "Content-Type": [
          "application/json; odata.metadata=minimal; odata.streaming=true"
        ],
        "Expires": [
          "-1"
        ],
        "Cache-Control": [
          "no-cache"
        ],
        "Date": [
          "Tue, 13 Feb 2018 20:35:16 GMT"
        ],
        "Pragma": [
          "no-cache"
        ],
        "Transfer-Encoding": [
          "chunked"
        ],
        "Server": [
          "Microsoft-IIS/8.5"
        ],
        "Vary": [
          "Accept-Encoding"
        ],
        "x-ms-request-id": [
          "625d4e48-fd33-4499-a9e0-b33232a1ac3c"
        ],
        "x-ms-client-request-id": [
          "0e3fe64c-6135-4b26-b1d1-2d8ed08909a9"
        ],
        "OData-Version": [
          "4.0"
        ],
        "Strict-Transport-Security": [
          "max-age=31536000; includeSubDomains"
        ],
        "X-AspNet-Version": [
          "4.0.30319"
        ],
        "X-Powered-By": [
          "ASP.NET"
        ],
        "x-ms-ratelimit-remaining-subscription-reads": [
          "14996"
        ],
        "x-ms-correlation-request-id": [
          "37f03e6a-0dc8-46fd-b67a-33be827a27bf"
        ],
        "x-ms-routing-request-id": [
          "WESTUS2:20180213T203517Z:37f03e6a-0dc8-46fd-b67a-33be827a27bf"
        ]
      },
      "StatusCode": 200
    },
    {
      "RequestUri": "/subscriptions/e2ee545b-783f-4634-a277-e35f55c90660/resourceGroups/cdnResourceGroup4505/providers/Microsoft.Cdn/profiles/profile5973?api-version=2017-10-12",
      "EncodedRequestUri": "L3N1YnNjcmlwdGlvbnMvZTJlZTU0NWItNzgzZi00NjM0LWEyNzctZTM1ZjU1YzkwNjYwL3Jlc291cmNlR3JvdXBzL2NkblJlc291cmNlR3JvdXA0NTA1L3Byb3ZpZGVycy9NaWNyb3NvZnQuQ2RuL3Byb2ZpbGVzL3Byb2ZpbGU1OTczP2FwaS12ZXJzaW9uPTIwMTctMTAtMTI=",
      "RequestMethod": "GET",
      "RequestBody": "",
      "RequestHeaders": {
        "User-Agent": [
          "FxVersion/4.6.25211.01",
          "Microsoft.Azure.Management.Cdn.CdnManagementClient/4.0.0.0"
        ]
      },
      "ResponseBody": "{\r\n  \"name\": \"profile5973\",\r\n  \"id\": \"/subscriptions/e2ee545b-783f-4634-a277-e35f55c90660/resourcegroups/cdnResourceGroup4505/providers/Microsoft.Cdn/profiles/profile5973\",\r\n  \"type\": \"Microsoft.Cdn/profiles\",\r\n  \"tags\": {\r\n    \"key1\": \"value1\",\r\n    \"key2\": \"value2\"\r\n  },\r\n  \"location\": \"WestUs\",\r\n  \"sku\": {\r\n    \"name\": \"Standard_Verizon\"\r\n  },\r\n  \"properties\": {\r\n    \"provisioningState\": \"Succeeded\",\r\n    \"resourceState\": \"Active\"\r\n  }\r\n}",
      "ResponseHeaders": {
        "Content-Type": [
          "application/json; odata.metadata=minimal; odata.streaming=true"
        ],
        "Expires": [
          "-1"
        ],
        "Cache-Control": [
          "no-cache"
        ],
        "Date": [
          "Tue, 13 Feb 2018 20:35:17 GMT"
        ],
        "Pragma": [
          "no-cache"
        ],
        "Transfer-Encoding": [
          "chunked"
        ],
        "Server": [
          "Microsoft-IIS/8.5"
        ],
        "Vary": [
          "Accept-Encoding"
        ],
        "x-ms-request-id": [
          "2f6c31ca-814c-4720-aa26-7ede19b38bf1"
        ],
        "x-ms-client-request-id": [
          "8990e29c-8817-4249-9b01-e362fc66550b"
        ],
        "OData-Version": [
          "4.0"
        ],
        "Strict-Transport-Security": [
          "max-age=31536000; includeSubDomains"
        ],
        "X-AspNet-Version": [
          "4.0.30319"
        ],
        "X-Powered-By": [
          "ASP.NET"
        ],
        "x-ms-ratelimit-remaining-subscription-reads": [
          "14995"
        ],
        "x-ms-correlation-request-id": [
          "1a73b95d-ce18-4f9d-8275-cf50d1672613"
        ],
        "x-ms-routing-request-id": [
          "WESTUS2:20180213T203517Z:1a73b95d-ce18-4f9d-8275-cf50d1672613"
        ]
      },
      "StatusCode": 200
    },
    {
      "RequestUri": "/subscriptions/e2ee545b-783f-4634-a277-e35f55c90660/resourceGroups/cdnResourceGroup4505/providers/Microsoft.Cdn/profiles/profile5973/endpoints/endpoint-8e02deffed3c?api-version=2017-10-12",
      "EncodedRequestUri": "L3N1YnNjcmlwdGlvbnMvZTJlZTU0NWItNzgzZi00NjM0LWEyNzctZTM1ZjU1YzkwNjYwL3Jlc291cmNlR3JvdXBzL2NkblJlc291cmNlR3JvdXA0NTA1L3Byb3ZpZGVycy9NaWNyb3NvZnQuQ2RuL3Byb2ZpbGVzL3Byb2ZpbGU1OTczL2VuZHBvaW50cy9lbmRwb2ludC04ZTAyZGVmZmVkM2M/YXBpLXZlcnNpb249MjAxNy0xMC0xMg==",
      "RequestMethod": "PUT",
      "RequestBody": "{\r\n  \"properties\": {\r\n    \"isHttpAllowed\": true,\r\n    \"isHttpsAllowed\": true,\r\n    \"origins\": [\r\n      {\r\n        \"name\": \"origin1\",\r\n        \"properties\": {\r\n          \"hostName\": \"host1.hello.com\"\r\n        }\r\n      }\r\n    ]\r\n  },\r\n  \"location\": \"WestUs\"\r\n}",
      "RequestHeaders": {
        "Content-Type": [
          "application/json; charset=utf-8"
        ],
        "Content-Length": [
          "258"
        ],
        "x-ms-client-request-id": [
          "a018ec6b-50eb-4d9d-8fa1-af62da73d37f"
        ],
        "accept-language": [
          "en-US"
        ],
        "User-Agent": [
          "FxVersion/4.6.25211.01",
          "Microsoft.Azure.Management.Cdn.CdnManagementClient/4.0.0.0"
        ]
      },
      "ResponseBody": "{\r\n  \"name\": \"endpoint-8e02deffed3c\",\r\n  \"id\": \"/subscriptions/e2ee545b-783f-4634-a277-e35f55c90660/resourcegroups/cdnResourceGroup4505/providers/Microsoft.Cdn/profiles/profile5973/endpoints/endpoint-8e02deffed3c\",\r\n  \"type\": \"Microsoft.Cdn/profiles/endpoints\",\r\n  \"tags\": {},\r\n  \"location\": \"WestUs\",\r\n  \"properties\": {\r\n    \"hostName\": \"endpoint-8e02deffed3c.azureedge.net\",\r\n    \"originHostHeader\": null,\r\n    \"provisioningState\": \"Creating\",\r\n    \"resourceState\": \"Creating\",\r\n    \"isHttpAllowed\": true,\r\n    \"isHttpsAllowed\": true,\r\n    \"queryStringCachingBehavior\": \"IgnoreQueryString\",\r\n    \"originPath\": null,\r\n    \"origins\": [\r\n      {\r\n        \"name\": \"origin1\",\r\n        \"properties\": {\r\n          \"hostName\": \"host1.hello.com\",\r\n          \"httpPort\": null,\r\n          \"httpsPort\": null\r\n        }\r\n      }\r\n    ],\r\n    \"customDomains\": [],\r\n    \"contentTypesToCompress\": [],\r\n    \"isCompressionEnabled\": false,\r\n    \"optimizationType\": null,\r\n    \"probePath\": null,\r\n    \"geoFilters\": [],\r\n    \"deliveryPolicy\": null\r\n  }\r\n}",
      "ResponseHeaders": {
        "Content-Length": [
          "917"
        ],
        "Content-Type": [
          "application/json; odata.metadata=minimal"
        ],
        "Expires": [
          "-1"
        ],
        "Cache-Control": [
          "no-cache"
        ],
        "Date": [
          "Tue, 13 Feb 2018 20:35:19 GMT"
        ],
        "Pragma": [
          "no-cache"
        ],
        "Retry-After": [
          "10"
        ],
        "Server": [
          "Microsoft-IIS/8.5"
        ],
        "x-ms-request-id": [
          "8459118f-3d22-4c5a-9129-ff36f1b3dbae"
        ],
        "x-ms-client-request-id": [
          "a018ec6b-50eb-4d9d-8fa1-af62da73d37f"
        ],
        "Azure-AsyncOperation": [
          "https://management.azure.com/subscriptions/e2ee545b-783f-4634-a277-e35f55c90660/resourcegroups/cdnResourceGroup4505/providers/Microsoft.Cdn/operationresults/506a7ed6-064b-44d1-a16a-0e1108c71a8d?api-version=2017-10-12"
        ],
        "OData-Version": [
          "4.0"
        ],
        "Strict-Transport-Security": [
          "max-age=31536000; includeSubDomains"
        ],
        "X-AspNet-Version": [
          "4.0.30319"
        ],
        "X-Powered-By": [
          "ASP.NET"
        ],
        "x-ms-ratelimit-remaining-subscription-writes": [
          "1198"
        ],
        "x-ms-correlation-request-id": [
          "297a3526-614e-4df7-a2e1-8ee5aab1f115"
        ],
        "x-ms-routing-request-id": [
          "WESTUS2:20180213T203519Z:297a3526-614e-4df7-a2e1-8ee5aab1f115"
        ]
      },
      "StatusCode": 201
    },
    {
      "RequestUri": "/subscriptions/e2ee545b-783f-4634-a277-e35f55c90660/resourcegroups/cdnResourceGroup4505/providers/Microsoft.Cdn/operationresults/506a7ed6-064b-44d1-a16a-0e1108c71a8d?api-version=2017-10-12",
      "EncodedRequestUri": "L3N1YnNjcmlwdGlvbnMvZTJlZTU0NWItNzgzZi00NjM0LWEyNzctZTM1ZjU1YzkwNjYwL3Jlc291cmNlZ3JvdXBzL2NkblJlc291cmNlR3JvdXA0NTA1L3Byb3ZpZGVycy9NaWNyb3NvZnQuQ2RuL29wZXJhdGlvbnJlc3VsdHMvNTA2YTdlZDYtMDY0Yi00NGQxLWExNmEtMGUxMTA4YzcxYThkP2FwaS12ZXJzaW9uPTIwMTctMTAtMTI=",
      "RequestMethod": "GET",
      "RequestBody": "",
      "RequestHeaders": {
        "User-Agent": [
          "FxVersion/4.6.25211.01",
          "Microsoft.Azure.Management.Cdn.CdnManagementClient/4.0.0.0"
        ]
      },
      "ResponseBody": "{\r\n  \"status\": \"Succeeded\",\r\n  \"error\": {\r\n    \"code\": \"None\",\r\n    \"message\": null\r\n  }\r\n}",
      "ResponseHeaders": {
        "Content-Type": [
          "application/json; odata.metadata=minimal; odata.streaming=true"
        ],
        "Expires": [
          "-1"
        ],
        "Cache-Control": [
          "no-cache"
        ],
        "Date": [
          "Tue, 13 Feb 2018 20:35:29 GMT"
        ],
        "Pragma": [
          "no-cache"
        ],
        "Transfer-Encoding": [
          "chunked"
        ],
        "Server": [
          "Microsoft-IIS/8.5"
        ],
        "Vary": [
          "Accept-Encoding"
        ],
        "x-ms-request-id": [
          "e244fd5e-8d92-4258-8778-ebe861033b6a"
        ],
        "x-ms-client-request-id": [
          "cef09044-8b2c-4d4d-88be-ed398e6dba58"
        ],
        "OData-Version": [
          "4.0"
        ],
        "Strict-Transport-Security": [
          "max-age=31536000; includeSubDomains"
        ],
        "X-AspNet-Version": [
          "4.0.30319"
        ],
        "X-Powered-By": [
          "ASP.NET"
        ],
        "x-ms-ratelimit-remaining-subscription-reads": [
          "14994"
        ],
        "x-ms-correlation-request-id": [
          "4e901143-5dbd-411d-bcea-ac926ef9d625"
        ],
        "x-ms-routing-request-id": [
          "WESTUS2:20180213T203529Z:4e901143-5dbd-411d-bcea-ac926ef9d625"
        ]
      },
      "StatusCode": 200
    },
    {
      "RequestUri": "/subscriptions/e2ee545b-783f-4634-a277-e35f55c90660/resourceGroups/cdnResourceGroup4505/providers/Microsoft.Cdn/profiles/profile5973/endpoints/endpoint-8e02deffed3c?api-version=2017-10-12",
      "EncodedRequestUri": "L3N1YnNjcmlwdGlvbnMvZTJlZTU0NWItNzgzZi00NjM0LWEyNzctZTM1ZjU1YzkwNjYwL3Jlc291cmNlR3JvdXBzL2NkblJlc291cmNlR3JvdXA0NTA1L3Byb3ZpZGVycy9NaWNyb3NvZnQuQ2RuL3Byb2ZpbGVzL3Byb2ZpbGU1OTczL2VuZHBvaW50cy9lbmRwb2ludC04ZTAyZGVmZmVkM2M/YXBpLXZlcnNpb249MjAxNy0xMC0xMg==",
      "RequestMethod": "GET",
      "RequestBody": "",
      "RequestHeaders": {
        "User-Agent": [
          "FxVersion/4.6.25211.01",
          "Microsoft.Azure.Management.Cdn.CdnManagementClient/4.0.0.0"
        ]
      },
      "ResponseBody": "{\r\n  \"name\": \"endpoint-8e02deffed3c\",\r\n  \"id\": \"/subscriptions/e2ee545b-783f-4634-a277-e35f55c90660/resourcegroups/cdnResourceGroup4505/providers/Microsoft.Cdn/profiles/profile5973/endpoints/endpoint-8e02deffed3c\",\r\n  \"type\": \"Microsoft.Cdn/profiles/endpoints\",\r\n  \"tags\": {},\r\n  \"location\": \"WestUs\",\r\n  \"properties\": {\r\n    \"hostName\": \"endpoint-8e02deffed3c.azureedge.net\",\r\n    \"originHostHeader\": null,\r\n    \"provisioningState\": \"Succeeded\",\r\n    \"resourceState\": \"Running\",\r\n    \"isHttpAllowed\": true,\r\n    \"isHttpsAllowed\": true,\r\n    \"queryStringCachingBehavior\": \"IgnoreQueryString\",\r\n    \"originPath\": null,\r\n    \"origins\": [\r\n      {\r\n        \"name\": \"origin1\",\r\n        \"properties\": {\r\n          \"hostName\": \"host1.hello.com\",\r\n          \"httpPort\": null,\r\n          \"httpsPort\": null\r\n        }\r\n      }\r\n    ],\r\n    \"customDomains\": [],\r\n    \"contentTypesToCompress\": [],\r\n    \"isCompressionEnabled\": false,\r\n    \"optimizationType\": null,\r\n    \"probePath\": null,\r\n    \"geoFilters\": [],\r\n    \"deliveryPolicy\": null\r\n  }\r\n}",
      "ResponseHeaders": {
        "Content-Type": [
          "application/json; odata.metadata=minimal; odata.streaming=true"
        ],
        "Expires": [
          "-1"
        ],
        "Cache-Control": [
          "no-cache"
        ],
        "Date": [
          "Tue, 13 Feb 2018 20:35:29 GMT"
        ],
        "Pragma": [
          "no-cache"
        ],
        "Transfer-Encoding": [
          "chunked"
        ],
        "Server": [
          "Microsoft-IIS/8.5"
        ],
        "Vary": [
          "Accept-Encoding"
        ],
        "x-ms-request-id": [
          "7a8001ca-3570-471d-b6b2-08d1a2eb4d90"
        ],
        "x-ms-client-request-id": [
          "3360a190-c4b3-4158-be50-33470b1af193"
        ],
        "OData-Version": [
          "4.0"
        ],
        "Strict-Transport-Security": [
          "max-age=31536000; includeSubDomains"
        ],
        "X-AspNet-Version": [
          "4.0.30319"
        ],
        "X-Powered-By": [
          "ASP.NET"
        ],
        "x-ms-ratelimit-remaining-subscription-reads": [
          "14993"
        ],
        "x-ms-correlation-request-id": [
          "49380e14-fb4b-4377-bd69-c4e1a77792bd"
        ],
        "x-ms-routing-request-id": [
          "WESTUS2:20180213T203530Z:49380e14-fb4b-4377-bd69-c4e1a77792bd"
        ]
      },
      "StatusCode": 200
    },
    {
      "RequestUri": "/subscriptions/e2ee545b-783f-4634-a277-e35f55c90660/resourceGroups/cdnResourceGroup4505/providers/Microsoft.Cdn/profiles/profile5973/endpoints/endpoint-8e02deffed3c/validateCustomDomain?api-version=2017-10-12",
      "EncodedRequestUri": "L3N1YnNjcmlwdGlvbnMvZTJlZTU0NWItNzgzZi00NjM0LWEyNzctZTM1ZjU1YzkwNjYwL3Jlc291cmNlR3JvdXBzL2NkblJlc291cmNlR3JvdXA0NTA1L3Byb3ZpZGVycy9NaWNyb3NvZnQuQ2RuL3Byb2ZpbGVzL3Byb2ZpbGU1OTczL2VuZHBvaW50cy9lbmRwb2ludC04ZTAyZGVmZmVkM2MvdmFsaWRhdGVDdXN0b21Eb21haW4/YXBpLXZlcnNpb249MjAxNy0xMC0xMg==",
      "RequestMethod": "POST",
      "RequestBody": "{\r\n  \"hostName\": \"customdomain34.azureedge-test.net\"\r\n}",
      "RequestHeaders": {
        "Content-Type": [
          "application/json; charset=utf-8"
        ],
        "Content-Length": [
          "55"
        ],
        "x-ms-client-request-id": [
          "befb25b6-e32d-46a0-a731-03e345ce50fd"
        ],
        "accept-language": [
          "en-US"
        ],
        "User-Agent": [
          "FxVersion/4.6.25211.01",
          "Microsoft.Azure.Management.Cdn.CdnManagementClient/4.0.0.0"
        ]
      },
      "ResponseBody": "{\r\n  \"customDomainValidated\": true,\r\n  \"message\": null,\r\n  \"reason\": null\r\n}",
      "ResponseHeaders": {
        "Content-Type": [
          "application/json; odata.metadata=minimal"
        ],
        "Expires": [
          "-1"
        ],
        "Cache-Control": [
          "no-cache"
        ],
        "Date": [
          "Tue, 13 Feb 2018 20:35:30 GMT"
        ],
        "Pragma": [
          "no-cache"
        ],
        "Transfer-Encoding": [
          "chunked"
        ],
        "Server": [
          "Microsoft-IIS/8.5"
        ],
        "Vary": [
          "Accept-Encoding"
        ],
        "x-ms-request-id": [
          "67de63bc-ef7e-4002-819f-d6dd26678159"
        ],
        "x-ms-client-request-id": [
          "befb25b6-e32d-46a0-a731-03e345ce50fd"
        ],
        "OData-Version": [
          "4.0"
        ],
        "Strict-Transport-Security": [
          "max-age=31536000; includeSubDomains"
        ],
        "X-AspNet-Version": [
          "4.0.30319"
        ],
        "X-Powered-By": [
          "ASP.NET"
        ],
        "x-ms-ratelimit-remaining-subscription-writes": [
          "1197"
        ],
        "x-ms-correlation-request-id": [
          "c3e1f745-1e44-489b-99f1-bd03e57548db"
        ],
        "x-ms-routing-request-id": [
          "WESTUS2:20180213T203530Z:c3e1f745-1e44-489b-99f1-bd03e57548db"
        ]
      },
      "StatusCode": 200
    },
    {
      "RequestUri": "/subscriptions/e2ee545b-783f-4634-a277-e35f55c90660/resourceGroups/cdnResourceGroup4505/providers/Microsoft.Cdn/profiles/profile5973/endpoints/endpoint-8e02deffed3c/validateCustomDomain?api-version=2017-10-12",
      "EncodedRequestUri": "L3N1YnNjcmlwdGlvbnMvZTJlZTU0NWItNzgzZi00NjM0LWEyNzctZTM1ZjU1YzkwNjYwL3Jlc291cmNlR3JvdXBzL2NkblJlc291cmNlR3JvdXA0NTA1L3Byb3ZpZGVycy9NaWNyb3NvZnQuQ2RuL3Byb2ZpbGVzL3Byb2ZpbGU1OTczL2VuZHBvaW50cy9lbmRwb2ludC04ZTAyZGVmZmVkM2MvdmFsaWRhdGVDdXN0b21Eb21haW4/YXBpLXZlcnNpb249MjAxNy0xMC0xMg==",
      "RequestMethod": "POST",
      "RequestBody": "{\r\n  \"hostName\": \"customdomain4.hello.com\"\r\n}",
      "RequestHeaders": {
        "Content-Type": [
          "application/json; charset=utf-8"
        ],
        "Content-Length": [
          "45"
        ],
        "x-ms-client-request-id": [
          "6393fc63-1e19-4028-befd-f4004f74227c"
        ],
        "accept-language": [
          "en-US"
        ],
        "User-Agent": [
          "FxVersion/4.6.25211.01",
          "Microsoft.Azure.Management.Cdn.CdnManagementClient/4.0.0.0"
        ]
      },
      "ResponseBody": "{\r\n  \"customDomainValidated\": false,\r\n  \"message\": \"We couldn't find a DNS record for custom domain that points to endpoint. To map a domain to this endpoint, create a CNAME record with your DNS provider for custom domain that points to endpoint.\",\r\n  \"reason\": \"IncorrectMapping\"\r\n}",
      "ResponseHeaders": {
        "Content-Type": [
          "application/json; odata.metadata=minimal"
        ],
        "Expires": [
          "-1"
        ],
        "Cache-Control": [
          "no-cache"
        ],
        "Date": [
          "Tue, 13 Feb 2018 20:35:30 GMT"
        ],
        "Pragma": [
          "no-cache"
        ],
        "Transfer-Encoding": [
          "chunked"
        ],
        "Server": [
          "Microsoft-IIS/8.5"
        ],
        "Vary": [
          "Accept-Encoding"
        ],
        "x-ms-request-id": [
          "9de3e29d-66dd-4df9-a42f-4a2fc51baaf4"
        ],
        "x-ms-client-request-id": [
          "6393fc63-1e19-4028-befd-f4004f74227c"
        ],
        "OData-Version": [
          "4.0"
        ],
        "Strict-Transport-Security": [
          "max-age=31536000; includeSubDomains"
        ],
        "X-AspNet-Version": [
          "4.0.30319"
        ],
        "X-Powered-By": [
          "ASP.NET"
        ],
        "x-ms-ratelimit-remaining-subscription-writes": [
          "1196"
        ],
        "x-ms-correlation-request-id": [
          "271ddd4e-4859-4e5a-9380-8c7d1d59d9ec"
        ],
        "x-ms-routing-request-id": [
          "WESTUS2:20180213T203531Z:271ddd4e-4859-4e5a-9380-8c7d1d59d9ec"
        ]
      },
      "StatusCode": 200
    },
    {
      "RequestUri": "/subscriptions/e2ee545b-783f-4634-a277-e35f55c90660/resourceGroups/cdnResourceGroup4505/providers/Microsoft.Cdn/profiles/profile5973/endpoints/endpoint-8e02deffed3c/validateCustomDomain?api-version=2017-10-12",
      "EncodedRequestUri": "L3N1YnNjcmlwdGlvbnMvZTJlZTU0NWItNzgzZi00NjM0LWEyNzctZTM1ZjU1YzkwNjYwL3Jlc291cmNlR3JvdXBzL2NkblJlc291cmNlR3JvdXA0NTA1L3Byb3ZpZGVycy9NaWNyb3NvZnQuQ2RuL3Byb2ZpbGVzL3Byb2ZpbGU1OTczL2VuZHBvaW50cy9lbmRwb2ludC04ZTAyZGVmZmVkM2MvdmFsaWRhdGVDdXN0b21Eb21haW4/YXBpLXZlcnNpb249MjAxNy0xMC0xMg==",
      "RequestMethod": "POST",
      "RequestBody": "{\r\n  \"hostName\": \"invalid\\\\custom/domain\"\r\n}",
      "RequestHeaders": {
        "Content-Type": [
          "application/json; charset=utf-8"
        ],
        "Content-Length": [
          "44"
        ],
        "x-ms-client-request-id": [
          "97f5be70-00ac-4743-91d2-9f96ee2fca2b"
        ],
        "accept-language": [
          "en-US"
        ],
        "User-Agent": [
          "FxVersion/4.6.25211.01",
          "Microsoft.Azure.Management.Cdn.CdnManagementClient/4.0.0.0"
        ]
      },
      "ResponseBody": "{\r\n  \"error\": {\r\n    \"code\": \"BadRequest\",\r\n    \"message\": \"HostName \\\"invalid\\\\custom/domain\\\" is invalid. It must be a valid domain name, IP version 4, or IP version 6.\"\r\n  }\r\n}",
      "ResponseHeaders": {
        "Content-Length": [
          "179"
        ],
        "Content-Type": [
          "application/json; charset=utf-8"
        ],
        "Content-Language": [
          "en-US"
        ],
        "Expires": [
          "-1"
        ],
        "Cache-Control": [
          "no-cache"
        ],
        "Date": [
          "Tue, 13 Feb 2018 20:35:30 GMT"
        ],
        "Pragma": [
          "no-cache"
        ],
        "Server": [
          "Microsoft-IIS/8.5"
        ],
        "x-ms-request-id": [
          "73bcd2dd-c334-40dd-a822-1248af5f41e1"
        ],
        "x-ms-client-request-id": [
          "97f5be70-00ac-4743-91d2-9f96ee2fca2b"
        ],
        "Strict-Transport-Security": [
          "max-age=31536000; includeSubDomains"
        ],
        "X-AspNet-Version": [
          "4.0.30319"
        ],
        "X-Powered-By": [
          "ASP.NET"
        ],
        "x-ms-ratelimit-remaining-subscription-writes": [
          "1195"
        ],
        "x-ms-correlation-request-id": [
          "f83bbcc5-f15f-4ad7-95c7-452350f53995"
        ],
        "x-ms-routing-request-id": [
          "WESTUS2:20180213T203531Z:f83bbcc5-f15f-4ad7-95c7-452350f53995"
        ]
      },
      "StatusCode": 400
    },
    {
      "RequestUri": "/subscriptions/e2ee545b-783f-4634-a277-e35f55c90660/resourcegroups/cdnResourceGroup4505?api-version=2015-11-01",
      "EncodedRequestUri": "L3N1YnNjcmlwdGlvbnMvZTJlZTU0NWItNzgzZi00NjM0LWEyNzctZTM1ZjU1YzkwNjYwL3Jlc291cmNlZ3JvdXBzL2NkblJlc291cmNlR3JvdXA0NTA1P2FwaS12ZXJzaW9uPTIwMTUtMTEtMDE=",
      "RequestMethod": "DELETE",
      "RequestBody": "",
      "RequestHeaders": {
        "x-ms-client-request-id": [
          "70a6b068-81f7-451a-b1f2-52da046604d1"
        ],
        "accept-language": [
          "en-US"
        ],
        "User-Agent": [
          "FxVersion/4.6.25211.01",
          "Microsoft.Azure.Management.Resources.ResourceManagementClient/1.0.0.0"
        ]
      },
      "ResponseBody": "",
      "ResponseHeaders": {
        "Content-Length": [
          "0"
        ],
        "Expires": [
          "-1"
        ],
        "Cache-Control": [
          "no-cache"
        ],
        "Date": [
          "Tue, 13 Feb 2018 20:35:31 GMT"
        ],
        "Pragma": [
          "no-cache"
        ],
        "Location": [
          "https://management.azure.com/subscriptions/e2ee545b-783f-4634-a277-e35f55c90660/operationresults/eyJqb2JJZCI6IlJFU09VUkNFR1JPVVBERUxFVElPTkpPQi1DRE5SRVNPVVJDRUdST1VQNDUwNS1XRVNUVVMiLCJqb2JMb2NhdGlvbiI6Indlc3R1cyJ9?api-version=2015-11-01"
        ],
        "Retry-After": [
          "15"
        ],
        "x-ms-ratelimit-remaining-subscription-writes": [
          "1197"
        ],
        "x-ms-request-id": [
          "a87e64a4-4fb8-4d6b-868e-0c095241106b"
        ],
        "x-ms-correlation-request-id": [
          "a87e64a4-4fb8-4d6b-868e-0c095241106b"
        ],
        "x-ms-routing-request-id": [
          "WESTUS2:20180213T203532Z:a87e64a4-4fb8-4d6b-868e-0c095241106b"
        ],
        "Strict-Transport-Security": [
          "max-age=31536000; includeSubDomains"
        ]
      },
      "StatusCode": 202
    },
    {
      "RequestUri": "/subscriptions/e2ee545b-783f-4634-a277-e35f55c90660/operationresults/eyJqb2JJZCI6IlJFU09VUkNFR1JPVVBERUxFVElPTkpPQi1DRE5SRVNPVVJDRUdST1VQNDUwNS1XRVNUVVMiLCJqb2JMb2NhdGlvbiI6Indlc3R1cyJ9?api-version=2015-11-01",
      "EncodedRequestUri": "L3N1YnNjcmlwdGlvbnMvZTJlZTU0NWItNzgzZi00NjM0LWEyNzctZTM1ZjU1YzkwNjYwL29wZXJhdGlvbnJlc3VsdHMvZXlKcWIySkpaQ0k2SWxKRlUwOVZVa05GUjFKUFZWQkVSVXhGVkVsUFRrcFBRaTFEUkU1U1JWTlBWVkpEUlVkU1QxVlFORFV3TlMxWFJWTlVWVk1pTENKcWIySk1iMk5oZEdsdmJpSTZJbmRsYzNSMWN5Sjk/YXBpLXZlcnNpb249MjAxNS0xMS0wMQ==",
      "RequestMethod": "GET",
      "RequestBody": "",
      "RequestHeaders": {
        "User-Agent": [
          "FxVersion/4.6.25211.01",
          "Microsoft.Azure.Management.Resources.ResourceManagementClient/1.0.0.0"
        ]
      },
      "ResponseBody": "",
      "ResponseHeaders": {
        "Content-Length": [
          "0"
        ],
        "Expires": [
          "-1"
        ],
        "Cache-Control": [
          "no-cache"
        ],
        "Date": [
          "Tue, 13 Feb 2018 20:35:46 GMT"
        ],
        "Pragma": [
          "no-cache"
        ],
        "Location": [
          "https://management.azure.com/subscriptions/e2ee545b-783f-4634-a277-e35f55c90660/operationresults/eyJqb2JJZCI6IlJFU09VUkNFR1JPVVBERUxFVElPTkpPQi1DRE5SRVNPVVJDRUdST1VQNDUwNS1XRVNUVVMiLCJqb2JMb2NhdGlvbiI6Indlc3R1cyJ9?api-version=2015-11-01"
        ],
        "Retry-After": [
          "15"
        ],
        "x-ms-ratelimit-remaining-subscription-reads": [
          "14999"
        ],
        "x-ms-request-id": [
          "2f826949-068a-42a2-a3be-39cf233bb2d6"
        ],
        "x-ms-correlation-request-id": [
          "2f826949-068a-42a2-a3be-39cf233bb2d6"
        ],
        "x-ms-routing-request-id": [
          "WESTUS2:20180213T203547Z:2f826949-068a-42a2-a3be-39cf233bb2d6"
        ],
        "Strict-Transport-Security": [
          "max-age=31536000; includeSubDomains"
        ]
      },
      "StatusCode": 202
    },
    {
      "RequestUri": "/subscriptions/e2ee545b-783f-4634-a277-e35f55c90660/operationresults/eyJqb2JJZCI6IlJFU09VUkNFR1JPVVBERUxFVElPTkpPQi1DRE5SRVNPVVJDRUdST1VQNDUwNS1XRVNUVVMiLCJqb2JMb2NhdGlvbiI6Indlc3R1cyJ9?api-version=2015-11-01",
      "EncodedRequestUri": "L3N1YnNjcmlwdGlvbnMvZTJlZTU0NWItNzgzZi00NjM0LWEyNzctZTM1ZjU1YzkwNjYwL29wZXJhdGlvbnJlc3VsdHMvZXlKcWIySkpaQ0k2SWxKRlUwOVZVa05GUjFKUFZWQkVSVXhGVkVsUFRrcFBRaTFEUkU1U1JWTlBWVkpEUlVkU1QxVlFORFV3TlMxWFJWTlVWVk1pTENKcWIySk1iMk5oZEdsdmJpSTZJbmRsYzNSMWN5Sjk/YXBpLXZlcnNpb249MjAxNS0xMS0wMQ==",
      "RequestMethod": "GET",
      "RequestBody": "",
      "RequestHeaders": {
        "User-Agent": [
          "FxVersion/4.6.25211.01",
          "Microsoft.Azure.Management.Resources.ResourceManagementClient/1.0.0.0"
        ]
      },
      "ResponseBody": "",
      "ResponseHeaders": {
        "Content-Length": [
          "0"
        ],
        "Expires": [
          "-1"
        ],
        "Cache-Control": [
          "no-cache"
        ],
        "Date": [
          "Tue, 13 Feb 2018 20:36:02 GMT"
        ],
        "Pragma": [
          "no-cache"
        ],
        "Location": [
          "https://management.azure.com/subscriptions/e2ee545b-783f-4634-a277-e35f55c90660/operationresults/eyJqb2JJZCI6IlJFU09VUkNFR1JPVVBERUxFVElPTkpPQi1DRE5SRVNPVVJDRUdST1VQNDUwNS1XRVNUVVMiLCJqb2JMb2NhdGlvbiI6Indlc3R1cyJ9?api-version=2015-11-01"
        ],
        "Retry-After": [
          "15"
        ],
        "x-ms-ratelimit-remaining-subscription-reads": [
          "14998"
        ],
        "x-ms-request-id": [
          "927d43a4-49b5-4bdb-b3e8-73ca33e02b85"
        ],
        "x-ms-correlation-request-id": [
          "927d43a4-49b5-4bdb-b3e8-73ca33e02b85"
        ],
        "x-ms-routing-request-id": [
          "WESTUS2:20180213T203602Z:927d43a4-49b5-4bdb-b3e8-73ca33e02b85"
        ],
        "Strict-Transport-Security": [
          "max-age=31536000; includeSubDomains"
        ]
      },
      "StatusCode": 202
    },
    {
      "RequestUri": "/subscriptions/e2ee545b-783f-4634-a277-e35f55c90660/operationresults/eyJqb2JJZCI6IlJFU09VUkNFR1JPVVBERUxFVElPTkpPQi1DRE5SRVNPVVJDRUdST1VQNDUwNS1XRVNUVVMiLCJqb2JMb2NhdGlvbiI6Indlc3R1cyJ9?api-version=2015-11-01",
      "EncodedRequestUri": "L3N1YnNjcmlwdGlvbnMvZTJlZTU0NWItNzgzZi00NjM0LWEyNzctZTM1ZjU1YzkwNjYwL29wZXJhdGlvbnJlc3VsdHMvZXlKcWIySkpaQ0k2SWxKRlUwOVZVa05GUjFKUFZWQkVSVXhGVkVsUFRrcFBRaTFEUkU1U1JWTlBWVkpEUlVkU1QxVlFORFV3TlMxWFJWTlVWVk1pTENKcWIySk1iMk5oZEdsdmJpSTZJbmRsYzNSMWN5Sjk/YXBpLXZlcnNpb249MjAxNS0xMS0wMQ==",
      "RequestMethod": "GET",
      "RequestBody": "",
      "RequestHeaders": {
        "User-Agent": [
          "FxVersion/4.6.25211.01",
          "Microsoft.Azure.Management.Resources.ResourceManagementClient/1.0.0.0"
        ]
      },
      "ResponseBody": "",
      "ResponseHeaders": {
        "Content-Length": [
          "0"
        ],
        "Expires": [
          "-1"
        ],
        "Cache-Control": [
          "no-cache"
        ],
        "Date": [
          "Tue, 13 Feb 2018 20:36:16 GMT"
        ],
        "Pragma": [
          "no-cache"
        ],
        "Location": [
          "https://management.azure.com/subscriptions/e2ee545b-783f-4634-a277-e35f55c90660/operationresults/eyJqb2JJZCI6IlJFU09VUkNFR1JPVVBERUxFVElPTkpPQi1DRE5SRVNPVVJDRUdST1VQNDUwNS1XRVNUVVMiLCJqb2JMb2NhdGlvbiI6Indlc3R1cyJ9?api-version=2015-11-01"
        ],
        "Retry-After": [
          "15"
        ],
        "x-ms-ratelimit-remaining-subscription-reads": [
          "14997"
        ],
        "x-ms-request-id": [
          "d977b1b0-5d8a-4b0d-892c-677ba1b7c5b6"
        ],
        "x-ms-correlation-request-id": [
          "d977b1b0-5d8a-4b0d-892c-677ba1b7c5b6"
        ],
        "x-ms-routing-request-id": [
          "WESTUS2:20180213T203617Z:d977b1b0-5d8a-4b0d-892c-677ba1b7c5b6"
        ],
        "Strict-Transport-Security": [
          "max-age=31536000; includeSubDomains"
        ]
      },
      "StatusCode": 202
    },
    {
      "RequestUri": "/subscriptions/e2ee545b-783f-4634-a277-e35f55c90660/operationresults/eyJqb2JJZCI6IlJFU09VUkNFR1JPVVBERUxFVElPTkpPQi1DRE5SRVNPVVJDRUdST1VQNDUwNS1XRVNUVVMiLCJqb2JMb2NhdGlvbiI6Indlc3R1cyJ9?api-version=2015-11-01",
      "EncodedRequestUri": "L3N1YnNjcmlwdGlvbnMvZTJlZTU0NWItNzgzZi00NjM0LWEyNzctZTM1ZjU1YzkwNjYwL29wZXJhdGlvbnJlc3VsdHMvZXlKcWIySkpaQ0k2SWxKRlUwOVZVa05GUjFKUFZWQkVSVXhGVkVsUFRrcFBRaTFEUkU1U1JWTlBWVkpEUlVkU1QxVlFORFV3TlMxWFJWTlVWVk1pTENKcWIySk1iMk5oZEdsdmJpSTZJbmRsYzNSMWN5Sjk/YXBpLXZlcnNpb249MjAxNS0xMS0wMQ==",
      "RequestMethod": "GET",
      "RequestBody": "",
      "RequestHeaders": {
        "User-Agent": [
          "FxVersion/4.6.25211.01",
          "Microsoft.Azure.Management.Resources.ResourceManagementClient/1.0.0.0"
        ]
      },
      "ResponseBody": "",
      "ResponseHeaders": {
        "Content-Length": [
          "0"
        ],
        "Expires": [
          "-1"
        ],
        "Cache-Control": [
          "no-cache"
        ],
        "Date": [
          "Tue, 13 Feb 2018 20:36:31 GMT"
        ],
        "Pragma": [
          "no-cache"
        ],
        "Location": [
          "https://management.azure.com/subscriptions/e2ee545b-783f-4634-a277-e35f55c90660/operationresults/eyJqb2JJZCI6IlJFU09VUkNFR1JPVVBERUxFVElPTkpPQi1DRE5SRVNPVVJDRUdST1VQNDUwNS1XRVNUVVMiLCJqb2JMb2NhdGlvbiI6Indlc3R1cyJ9?api-version=2015-11-01"
        ],
        "Retry-After": [
          "15"
        ],
        "x-ms-ratelimit-remaining-subscription-reads": [
          "14996"
        ],
        "x-ms-request-id": [
          "b4f20a84-866b-4cbf-87dc-bfa830e32041"
        ],
        "x-ms-correlation-request-id": [
          "b4f20a84-866b-4cbf-87dc-bfa830e32041"
        ],
        "x-ms-routing-request-id": [
          "WESTUS2:20180213T203632Z:b4f20a84-866b-4cbf-87dc-bfa830e32041"
        ],
        "Strict-Transport-Security": [
          "max-age=31536000; includeSubDomains"
        ]
      },
      "StatusCode": 202
    },
    {
      "RequestUri": "/subscriptions/e2ee545b-783f-4634-a277-e35f55c90660/operationresults/eyJqb2JJZCI6IlJFU09VUkNFR1JPVVBERUxFVElPTkpPQi1DRE5SRVNPVVJDRUdST1VQNDUwNS1XRVNUVVMiLCJqb2JMb2NhdGlvbiI6Indlc3R1cyJ9?api-version=2015-11-01",
      "EncodedRequestUri": "L3N1YnNjcmlwdGlvbnMvZTJlZTU0NWItNzgzZi00NjM0LWEyNzctZTM1ZjU1YzkwNjYwL29wZXJhdGlvbnJlc3VsdHMvZXlKcWIySkpaQ0k2SWxKRlUwOVZVa05GUjFKUFZWQkVSVXhGVkVsUFRrcFBRaTFEUkU1U1JWTlBWVkpEUlVkU1QxVlFORFV3TlMxWFJWTlVWVk1pTENKcWIySk1iMk5oZEdsdmJpSTZJbmRsYzNSMWN5Sjk/YXBpLXZlcnNpb249MjAxNS0xMS0wMQ==",
      "RequestMethod": "GET",
      "RequestBody": "",
      "RequestHeaders": {
        "User-Agent": [
          "FxVersion/4.6.25211.01",
          "Microsoft.Azure.Management.Resources.ResourceManagementClient/1.0.0.0"
        ]
      },
      "ResponseBody": "",
      "ResponseHeaders": {
        "Content-Length": [
          "0"
        ],
        "Expires": [
          "-1"
        ],
        "Cache-Control": [
          "no-cache"
        ],
        "Date": [
          "Tue, 13 Feb 2018 20:36:47 GMT"
        ],
        "Pragma": [
          "no-cache"
        ],
        "Location": [
          "https://management.azure.com/subscriptions/e2ee545b-783f-4634-a277-e35f55c90660/operationresults/eyJqb2JJZCI6IlJFU09VUkNFR1JPVVBERUxFVElPTkpPQi1DRE5SRVNPVVJDRUdST1VQNDUwNS1XRVNUVVMiLCJqb2JMb2NhdGlvbiI6Indlc3R1cyJ9?api-version=2015-11-01"
        ],
        "Retry-After": [
          "15"
        ],
        "x-ms-ratelimit-remaining-subscription-reads": [
          "14995"
        ],
        "x-ms-request-id": [
          "e6215fde-30a2-4469-a0e7-62923465a59e"
        ],
        "x-ms-correlation-request-id": [
          "e6215fde-30a2-4469-a0e7-62923465a59e"
        ],
        "x-ms-routing-request-id": [
          "WESTUS2:20180213T203647Z:e6215fde-30a2-4469-a0e7-62923465a59e"
        ],
        "Strict-Transport-Security": [
          "max-age=31536000; includeSubDomains"
        ]
      },
      "StatusCode": 202
    },
    {
      "RequestUri": "/subscriptions/e2ee545b-783f-4634-a277-e35f55c90660/operationresults/eyJqb2JJZCI6IlJFU09VUkNFR1JPVVBERUxFVElPTkpPQi1DRE5SRVNPVVJDRUdST1VQNDUwNS1XRVNUVVMiLCJqb2JMb2NhdGlvbiI6Indlc3R1cyJ9?api-version=2015-11-01",
      "EncodedRequestUri": "L3N1YnNjcmlwdGlvbnMvZTJlZTU0NWItNzgzZi00NjM0LWEyNzctZTM1ZjU1YzkwNjYwL29wZXJhdGlvbnJlc3VsdHMvZXlKcWIySkpaQ0k2SWxKRlUwOVZVa05GUjFKUFZWQkVSVXhGVkVsUFRrcFBRaTFEUkU1U1JWTlBWVkpEUlVkU1QxVlFORFV3TlMxWFJWTlVWVk1pTENKcWIySk1iMk5oZEdsdmJpSTZJbmRsYzNSMWN5Sjk/YXBpLXZlcnNpb249MjAxNS0xMS0wMQ==",
      "RequestMethod": "GET",
      "RequestBody": "",
      "RequestHeaders": {
        "User-Agent": [
          "FxVersion/4.6.25211.01",
          "Microsoft.Azure.Management.Resources.ResourceManagementClient/1.0.0.0"
        ]
      },
      "ResponseBody": "",
      "ResponseHeaders": {
        "Content-Length": [
          "0"
        ],
        "Expires": [
          "-1"
        ],
        "Cache-Control": [
          "no-cache"
        ],
        "Date": [
          "Tue, 13 Feb 2018 20:37:02 GMT"
        ],
        "Pragma": [
          "no-cache"
        ],
        "Location": [
          "https://management.azure.com/subscriptions/e2ee545b-783f-4634-a277-e35f55c90660/operationresults/eyJqb2JJZCI6IlJFU09VUkNFR1JPVVBERUxFVElPTkpPQi1DRE5SRVNPVVJDRUdST1VQNDUwNS1XRVNUVVMiLCJqb2JMb2NhdGlvbiI6Indlc3R1cyJ9?api-version=2015-11-01"
        ],
        "Retry-After": [
          "15"
        ],
        "x-ms-ratelimit-remaining-subscription-reads": [
          "14994"
        ],
        "x-ms-request-id": [
          "314f7abc-dcb6-4af7-b911-0ae7fe60c98f"
        ],
        "x-ms-correlation-request-id": [
          "314f7abc-dcb6-4af7-b911-0ae7fe60c98f"
        ],
        "x-ms-routing-request-id": [
          "WESTUS2:20180213T203702Z:314f7abc-dcb6-4af7-b911-0ae7fe60c98f"
        ],
        "Strict-Transport-Security": [
          "max-age=31536000; includeSubDomains"
        ]
      },
      "StatusCode": 202
    },
    {
      "RequestUri": "/subscriptions/e2ee545b-783f-4634-a277-e35f55c90660/operationresults/eyJqb2JJZCI6IlJFU09VUkNFR1JPVVBERUxFVElPTkpPQi1DRE5SRVNPVVJDRUdST1VQNDUwNS1XRVNUVVMiLCJqb2JMb2NhdGlvbiI6Indlc3R1cyJ9?api-version=2015-11-01",
      "EncodedRequestUri": "L3N1YnNjcmlwdGlvbnMvZTJlZTU0NWItNzgzZi00NjM0LWEyNzctZTM1ZjU1YzkwNjYwL29wZXJhdGlvbnJlc3VsdHMvZXlKcWIySkpaQ0k2SWxKRlUwOVZVa05GUjFKUFZWQkVSVXhGVkVsUFRrcFBRaTFEUkU1U1JWTlBWVkpEUlVkU1QxVlFORFV3TlMxWFJWTlVWVk1pTENKcWIySk1iMk5oZEdsdmJpSTZJbmRsYzNSMWN5Sjk/YXBpLXZlcnNpb249MjAxNS0xMS0wMQ==",
      "RequestMethod": "GET",
      "RequestBody": "",
      "RequestHeaders": {
        "User-Agent": [
          "FxVersion/4.6.25211.01",
          "Microsoft.Azure.Management.Resources.ResourceManagementClient/1.0.0.0"
        ]
      },
      "ResponseBody": "",
      "ResponseHeaders": {
        "Content-Length": [
          "0"
        ],
        "Expires": [
          "-1"
        ],
        "Cache-Control": [
          "no-cache"
        ],
        "Date": [
          "Tue, 13 Feb 2018 20:37:16 GMT"
        ],
        "Pragma": [
          "no-cache"
        ],
        "Location": [
          "https://management.azure.com/subscriptions/e2ee545b-783f-4634-a277-e35f55c90660/operationresults/eyJqb2JJZCI6IlJFU09VUkNFR1JPVVBERUxFVElPTkpPQi1DRE5SRVNPVVJDRUdST1VQNDUwNS1XRVNUVVMiLCJqb2JMb2NhdGlvbiI6Indlc3R1cyJ9?api-version=2015-11-01"
        ],
        "Retry-After": [
          "15"
        ],
        "x-ms-ratelimit-remaining-subscription-reads": [
          "14993"
        ],
        "x-ms-request-id": [
          "d355d2b2-8ee8-478f-bbab-8f805e784ddf"
        ],
        "x-ms-correlation-request-id": [
          "d355d2b2-8ee8-478f-bbab-8f805e784ddf"
        ],
        "x-ms-routing-request-id": [
          "WESTUS2:20180213T203717Z:d355d2b2-8ee8-478f-bbab-8f805e784ddf"
        ],
        "Strict-Transport-Security": [
          "max-age=31536000; includeSubDomains"
        ]
      },
      "StatusCode": 202
    },
    {
      "RequestUri": "/subscriptions/e2ee545b-783f-4634-a277-e35f55c90660/operationresults/eyJqb2JJZCI6IlJFU09VUkNFR1JPVVBERUxFVElPTkpPQi1DRE5SRVNPVVJDRUdST1VQNDUwNS1XRVNUVVMiLCJqb2JMb2NhdGlvbiI6Indlc3R1cyJ9?api-version=2015-11-01",
      "EncodedRequestUri": "L3N1YnNjcmlwdGlvbnMvZTJlZTU0NWItNzgzZi00NjM0LWEyNzctZTM1ZjU1YzkwNjYwL29wZXJhdGlvbnJlc3VsdHMvZXlKcWIySkpaQ0k2SWxKRlUwOVZVa05GUjFKUFZWQkVSVXhGVkVsUFRrcFBRaTFEUkU1U1JWTlBWVkpEUlVkU1QxVlFORFV3TlMxWFJWTlVWVk1pTENKcWIySk1iMk5oZEdsdmJpSTZJbmRsYzNSMWN5Sjk/YXBpLXZlcnNpb249MjAxNS0xMS0wMQ==",
      "RequestMethod": "GET",
      "RequestBody": "",
      "RequestHeaders": {
        "User-Agent": [
          "FxVersion/4.6.25211.01",
          "Microsoft.Azure.Management.Resources.ResourceManagementClient/1.0.0.0"
        ]
      },
      "ResponseBody": "",
      "ResponseHeaders": {
        "Content-Length": [
          "0"
        ],
        "Expires": [
          "-1"
        ],
        "Cache-Control": [
          "no-cache"
        ],
        "Date": [
          "Tue, 13 Feb 2018 20:37:31 GMT"
        ],
        "Pragma": [
          "no-cache"
        ],
        "Location": [
          "https://management.azure.com/subscriptions/e2ee545b-783f-4634-a277-e35f55c90660/operationresults/eyJqb2JJZCI6IlJFU09VUkNFR1JPVVBERUxFVElPTkpPQi1DRE5SRVNPVVJDRUdST1VQNDUwNS1XRVNUVVMiLCJqb2JMb2NhdGlvbiI6Indlc3R1cyJ9?api-version=2015-11-01"
        ],
        "Retry-After": [
          "15"
        ],
        "x-ms-ratelimit-remaining-subscription-reads": [
          "14992"
        ],
        "x-ms-request-id": [
          "e64d1ac1-69f8-4ae2-9f25-c668d56f24e4"
        ],
        "x-ms-correlation-request-id": [
          "e64d1ac1-69f8-4ae2-9f25-c668d56f24e4"
        ],
        "x-ms-routing-request-id": [
          "WESTUS2:20180213T203732Z:e64d1ac1-69f8-4ae2-9f25-c668d56f24e4"
        ],
        "Strict-Transport-Security": [
          "max-age=31536000; includeSubDomains"
        ]
      },
      "StatusCode": 202
    },
    {
      "RequestUri": "/subscriptions/e2ee545b-783f-4634-a277-e35f55c90660/operationresults/eyJqb2JJZCI6IlJFU09VUkNFR1JPVVBERUxFVElPTkpPQi1DRE5SRVNPVVJDRUdST1VQNDUwNS1XRVNUVVMiLCJqb2JMb2NhdGlvbiI6Indlc3R1cyJ9?api-version=2015-11-01",
      "EncodedRequestUri": "L3N1YnNjcmlwdGlvbnMvZTJlZTU0NWItNzgzZi00NjM0LWEyNzctZTM1ZjU1YzkwNjYwL29wZXJhdGlvbnJlc3VsdHMvZXlKcWIySkpaQ0k2SWxKRlUwOVZVa05GUjFKUFZWQkVSVXhGVkVsUFRrcFBRaTFEUkU1U1JWTlBWVkpEUlVkU1QxVlFORFV3TlMxWFJWTlVWVk1pTENKcWIySk1iMk5oZEdsdmJpSTZJbmRsYzNSMWN5Sjk/YXBpLXZlcnNpb249MjAxNS0xMS0wMQ==",
      "RequestMethod": "GET",
      "RequestBody": "",
      "RequestHeaders": {
        "User-Agent": [
          "FxVersion/4.6.25211.01",
          "Microsoft.Azure.Management.Resources.ResourceManagementClient/1.0.0.0"
        ]
      },
      "ResponseBody": "",
      "ResponseHeaders": {
        "Content-Length": [
          "0"
        ],
        "Expires": [
          "-1"
        ],
        "Cache-Control": [
          "no-cache"
        ],
        "Date": [
          "Tue, 13 Feb 2018 20:37:47 GMT"
        ],
        "Pragma": [
          "no-cache"
        ],
        "Location": [
          "https://management.azure.com/subscriptions/e2ee545b-783f-4634-a277-e35f55c90660/operationresults/eyJqb2JJZCI6IlJFU09VUkNFR1JPVVBERUxFVElPTkpPQi1DRE5SRVNPVVJDRUdST1VQNDUwNS1XRVNUVVMiLCJqb2JMb2NhdGlvbiI6Indlc3R1cyJ9?api-version=2015-11-01"
        ],
        "Retry-After": [
          "15"
        ],
        "x-ms-ratelimit-remaining-subscription-reads": [
          "14991"
        ],
        "x-ms-request-id": [
          "da513871-be5a-435f-a79c-0e3b0be917b1"
        ],
        "x-ms-correlation-request-id": [
          "da513871-be5a-435f-a79c-0e3b0be917b1"
        ],
        "x-ms-routing-request-id": [
          "WESTUS2:20180213T203747Z:da513871-be5a-435f-a79c-0e3b0be917b1"
        ],
        "Strict-Transport-Security": [
          "max-age=31536000; includeSubDomains"
        ]
      },
      "StatusCode": 202
    },
    {
      "RequestUri": "/subscriptions/e2ee545b-783f-4634-a277-e35f55c90660/operationresults/eyJqb2JJZCI6IlJFU09VUkNFR1JPVVBERUxFVElPTkpPQi1DRE5SRVNPVVJDRUdST1VQNDUwNS1XRVNUVVMiLCJqb2JMb2NhdGlvbiI6Indlc3R1cyJ9?api-version=2015-11-01",
      "EncodedRequestUri": "L3N1YnNjcmlwdGlvbnMvZTJlZTU0NWItNzgzZi00NjM0LWEyNzctZTM1ZjU1YzkwNjYwL29wZXJhdGlvbnJlc3VsdHMvZXlKcWIySkpaQ0k2SWxKRlUwOVZVa05GUjFKUFZWQkVSVXhGVkVsUFRrcFBRaTFEUkU1U1JWTlBWVkpEUlVkU1QxVlFORFV3TlMxWFJWTlVWVk1pTENKcWIySk1iMk5oZEdsdmJpSTZJbmRsYzNSMWN5Sjk/YXBpLXZlcnNpb249MjAxNS0xMS0wMQ==",
      "RequestMethod": "GET",
      "RequestBody": "",
      "RequestHeaders": {
        "User-Agent": [
          "FxVersion/4.6.25211.01",
          "Microsoft.Azure.Management.Resources.ResourceManagementClient/1.0.0.0"
        ]
      },
      "ResponseBody": "",
      "ResponseHeaders": {
        "Content-Length": [
          "0"
        ],
        "Expires": [
          "-1"
        ],
        "Cache-Control": [
          "no-cache"
        ],
        "Date": [
          "Tue, 13 Feb 2018 20:38:02 GMT"
        ],
        "Pragma": [
          "no-cache"
        ],
        "Location": [
          "https://management.azure.com/subscriptions/e2ee545b-783f-4634-a277-e35f55c90660/operationresults/eyJqb2JJZCI6IlJFU09VUkNFR1JPVVBERUxFVElPTkpPQi1DRE5SRVNPVVJDRUdST1VQNDUwNS1XRVNUVVMiLCJqb2JMb2NhdGlvbiI6Indlc3R1cyJ9?api-version=2015-11-01"
        ],
        "Retry-After": [
          "15"
        ],
        "x-ms-ratelimit-remaining-subscription-reads": [
          "14990"
        ],
        "x-ms-request-id": [
          "c7f647e2-03f4-42ee-b2d4-0d96c940c14a"
        ],
        "x-ms-correlation-request-id": [
          "c7f647e2-03f4-42ee-b2d4-0d96c940c14a"
        ],
        "x-ms-routing-request-id": [
          "WESTUS2:20180213T203802Z:c7f647e2-03f4-42ee-b2d4-0d96c940c14a"
        ],
        "Strict-Transport-Security": [
          "max-age=31536000; includeSubDomains"
        ]
      },
      "StatusCode": 202
    },
    {
      "RequestUri": "/subscriptions/e2ee545b-783f-4634-a277-e35f55c90660/operationresults/eyJqb2JJZCI6IlJFU09VUkNFR1JPVVBERUxFVElPTkpPQi1DRE5SRVNPVVJDRUdST1VQNDUwNS1XRVNUVVMiLCJqb2JMb2NhdGlvbiI6Indlc3R1cyJ9?api-version=2015-11-01",
      "EncodedRequestUri": "L3N1YnNjcmlwdGlvbnMvZTJlZTU0NWItNzgzZi00NjM0LWEyNzctZTM1ZjU1YzkwNjYwL29wZXJhdGlvbnJlc3VsdHMvZXlKcWIySkpaQ0k2SWxKRlUwOVZVa05GUjFKUFZWQkVSVXhGVkVsUFRrcFBRaTFEUkU1U1JWTlBWVkpEUlVkU1QxVlFORFV3TlMxWFJWTlVWVk1pTENKcWIySk1iMk5oZEdsdmJpSTZJbmRsYzNSMWN5Sjk/YXBpLXZlcnNpb249MjAxNS0xMS0wMQ==",
      "RequestMethod": "GET",
      "RequestBody": "",
      "RequestHeaders": {
        "User-Agent": [
          "FxVersion/4.6.25211.01",
          "Microsoft.Azure.Management.Resources.ResourceManagementClient/1.0.0.0"
        ]
      },
      "ResponseBody": "",
      "ResponseHeaders": {
        "Content-Length": [
          "0"
        ],
        "Expires": [
          "-1"
        ],
        "Cache-Control": [
          "no-cache"
        ],
        "Date": [
          "Tue, 13 Feb 2018 20:38:17 GMT"
        ],
        "Pragma": [
          "no-cache"
        ],
        "x-ms-ratelimit-remaining-subscription-reads": [
          "14989"
        ],
        "x-ms-request-id": [
          "c9d988c4-7aa9-4f2f-a8bd-2f0f9bfa95a0"
        ],
        "x-ms-correlation-request-id": [
          "c9d988c4-7aa9-4f2f-a8bd-2f0f9bfa95a0"
        ],
        "x-ms-routing-request-id": [
          "WESTUS2:20180213T203818Z:c9d988c4-7aa9-4f2f-a8bd-2f0f9bfa95a0"
        ],
        "Strict-Transport-Security": [
          "max-age=31536000; includeSubDomains"
        ]
      },
      "StatusCode": 200
    },
    {
      "RequestUri": "/subscriptions/e2ee545b-783f-4634-a277-e35f55c90660/operationresults/eyJqb2JJZCI6IlJFU09VUkNFR1JPVVBERUxFVElPTkpPQi1DRE5SRVNPVVJDRUdST1VQNDUwNS1XRVNUVVMiLCJqb2JMb2NhdGlvbiI6Indlc3R1cyJ9?api-version=2015-11-01",
      "EncodedRequestUri": "L3N1YnNjcmlwdGlvbnMvZTJlZTU0NWItNzgzZi00NjM0LWEyNzctZTM1ZjU1YzkwNjYwL29wZXJhdGlvbnJlc3VsdHMvZXlKcWIySkpaQ0k2SWxKRlUwOVZVa05GUjFKUFZWQkVSVXhGVkVsUFRrcFBRaTFEUkU1U1JWTlBWVkpEUlVkU1QxVlFORFV3TlMxWFJWTlVWVk1pTENKcWIySk1iMk5oZEdsdmJpSTZJbmRsYzNSMWN5Sjk/YXBpLXZlcnNpb249MjAxNS0xMS0wMQ==",
      "RequestMethod": "GET",
      "RequestBody": "",
      "RequestHeaders": {
        "User-Agent": [
          "FxVersion/4.6.25211.01",
          "Microsoft.Azure.Management.Resources.ResourceManagementClient/1.0.0.0"
        ]
      },
      "ResponseBody": "",
      "ResponseHeaders": {
        "Content-Length": [
          "0"
        ],
        "Expires": [
          "-1"
        ],
        "Cache-Control": [
          "no-cache"
        ],
        "Date": [
          "Tue, 13 Feb 2018 20:38:17 GMT"
        ],
        "Pragma": [
          "no-cache"
        ],
        "x-ms-ratelimit-remaining-subscription-reads": [
          "14989"
        ],
        "x-ms-request-id": [
          "c9d988c4-7aa9-4f2f-a8bd-2f0f9bfa95a0"
        ],
        "x-ms-correlation-request-id": [
          "c9d988c4-7aa9-4f2f-a8bd-2f0f9bfa95a0"
        ],
        "x-ms-routing-request-id": [
          "WESTUS2:20180213T203818Z:c9d988c4-7aa9-4f2f-a8bd-2f0f9bfa95a0"
        ],
        "Strict-Transport-Security": [
          "max-age=31536000; includeSubDomains"
        ]
      },
      "StatusCode": 200
    }
  ],
  "Names": {
    "CreateResourceGroup": [
      "cdnResourceGroup4505"
    ],
    "ValidateCustomDomainTest": [
      "profile5973"
    ]
  },
  "Variables": {
    "SubscriptionId": "e2ee545b-783f-4634-a277-e35f55c90660"
  }
}