{
  "Entries": [
    {
      "RequestUri": "https://heathskeyvault.vault.azure.net/secrets/227959232?api-version=7.2",
      "RequestMethod": "PUT",
      "RequestHeaders": {
        "Accept": "application/json",
        "Content-Type": "application/json",
        "traceparent": "00-9a35261ba8120945a2b46fba7ba3e2e0-d16d88272abeb54b-00",
        "User-Agent": [
          "azsdk-net-Security.KeyVault.Secrets/4.2.0-alpha.20210219.1",
          "(.NET 5.0.3; Microsoft Windows 10.0.19042)"
        ],
        "x-ms-client-request-id": "617380bea0fd1b10fc56511d2182c30a",
        "x-ms-return-client-request-id": "true"
      },
      "RequestBody": null,
      "StatusCode": 401,
      "ResponseHeaders": {
        "Cache-Control": "no-cache",
        "Content-Length": "87",
        "Content-Type": "application/json; charset=utf-8",
        "Date": "Sat, 20 Feb 2021 01:02:41 GMT",
        "Expires": "-1",
        "Pragma": "no-cache",
        "Strict-Transport-Security": "max-age=31536000;includeSubDomains",
        "WWW-Authenticate": "Bearer authorization=\u0022https://login.windows.net/72f988bf-86f1-41af-91ab-2d7cd011db47\u0022, resource=\u0022https://vault.azure.net\u0022",
        "X-Content-Type-Options": "nosniff",
        "x-ms-keyvault-network-info": "conn_type=Ipv4;addr=67.171.12.239;act_addr_fam=InterNetwork;",
        "x-ms-keyvault-region": "westus2",
        "x-ms-keyvault-service-version": "1.2.164.2",
        "x-ms-request-id": "f5a7b92e-7223-4a76-afbb-4984f18703ac",
        "X-Powered-By": "ASP.NET"
      },
      "ResponseBody": {
        "error": {
          "code": "Unauthorized",
          "message": "Request is missing a Bearer or PoP token."
        }
      }
    },
    {
      "RequestUri": "https://heathskeyvault.vault.azure.net/secrets/227959232?api-version=7.2",
      "RequestMethod": "PUT",
      "RequestHeaders": {
        "Accept": "application/json",
        "Authorization": "Sanitized",
        "Content-Length": "17",
        "Content-Type": "application/json",
        "traceparent": "00-9a35261ba8120945a2b46fba7ba3e2e0-d16d88272abeb54b-00",
        "User-Agent": [
          "azsdk-net-Security.KeyVault.Secrets/4.2.0-alpha.20210219.1",
          "(.NET 5.0.3; Microsoft Windows 10.0.19042)"
        ],
        "x-ms-client-request-id": "617380bea0fd1b10fc56511d2182c30a",
        "x-ms-return-client-request-id": "true"
      },
      "RequestBody": {
        "value": "value"
      },
      "StatusCode": 200,
      "ResponseHeaders": {
        "Cache-Control": "no-cache",
        "Content-Length": "247",
        "Content-Type": "application/json; charset=utf-8",
        "Date": "Sat, 20 Feb 2021 01:02:41 GMT",
        "Expires": "-1",
        "Pragma": "no-cache",
        "Strict-Transport-Security": "max-age=31536000;includeSubDomains",
        "X-Content-Type-Options": "nosniff",
        "x-ms-keyvault-network-info": "conn_type=Ipv4;addr=67.171.12.239;act_addr_fam=InterNetwork;",
        "x-ms-keyvault-region": "westus2",
        "x-ms-keyvault-service-version": "1.2.164.2",
        "x-ms-request-id": "b01060ab-28c3-40b2-bcd2-9f68973375c5",
        "X-Powered-By": "ASP.NET"
      },
      "ResponseBody": {
        "value": "value",
        "id": "https://heathskeyvault.vault.azure.net/secrets/227959232/f4af4232a7b84ea68b1ffa8cbbf9ecc7",
        "attributes": {
          "enabled": true,
          "created": 1613782961,
          "updated": 1613782961,
          "recoveryLevel": "Recoverable\u002BPurgeable",
          "recoverableDays": 90
        }
      }
    },
    {
      "RequestUri": "https://heathskeyvault.vault.azure.net/secrets/227959232/?api-version=7.2",
      "RequestMethod": "GET",
      "RequestHeaders": {
        "Accept": "application/json",
        "Authorization": "Sanitized",
        "Content-Type": "application/json",
        "traceparent": "00-0b6c9a1bdea600489a0ec16ccec07540-0dbd9c16156a4e41-00",
        "User-Agent": [
          "azsdk-net-Security.KeyVault.Secrets/4.2.0-alpha.20210219.1",
          "(.NET 5.0.3; Microsoft Windows 10.0.19042)"
        ],
        "x-ms-client-request-id": "3a30498c23a2f82fc834a5514910b44e",
        "x-ms-return-client-request-id": "true"
      },
      "RequestBody": null,
      "StatusCode": 200,
      "ResponseHeaders": {
        "Cache-Control": "no-cache",
        "Content-Length": "247",
        "Content-Type": "application/json; charset=utf-8",
        "Date": "Sat, 20 Feb 2021 01:02:41 GMT",
        "Expires": "-1",
        "Pragma": "no-cache",
        "Strict-Transport-Security": "max-age=31536000;includeSubDomains",
        "X-Content-Type-Options": "nosniff",
        "x-ms-keyvault-network-info": "conn_type=Ipv4;addr=67.171.12.239;act_addr_fam=InterNetwork;",
        "x-ms-keyvault-region": "westus2",
        "x-ms-keyvault-service-version": "1.2.164.2",
        "x-ms-request-id": "3141ff09-6565-43bb-98bf-870c845b2936",
        "X-Powered-By": "ASP.NET"
      },
      "ResponseBody": {
        "value": "value",
        "id": "https://heathskeyvault.vault.azure.net/secrets/227959232/f4af4232a7b84ea68b1ffa8cbbf9ecc7",
        "attributes": {
          "enabled": true,
          "created": 1613782961,
          "updated": 1613782961,
          "recoveryLevel": "Recoverable\u002BPurgeable",
          "recoverableDays": 90
        }
      }
    }
  ],
  "Variables": {
    "AZURE_KEYVAULT_URL": "https://heathskeyvault.vault.azure.net/",
    "RandomSeed": "1916725693"
  }
}