{
  "Entries": [
    {
      "RequestUri": "https://heathskeyvault.vault.azure.net/secrets/1772541065?api-version=7.4-preview.1",
      "RequestMethod": "PUT",
      "RequestHeaders": {
        "Accept": "application/json",
        "Content-Length": "0",
        "traceparent": "00-77e5dee14d2cab8ce61ae025f930086c-03a12cd5fcf4d943-00",
        "User-Agent": "azsdk-net-Security.KeyVault.Secrets/4.5.0-alpha.20221031.1 (.NET 6.0.10; Microsoft Windows 10.0.22621)",
        "x-ms-client-request-id": "727dacacf2f88f8cef42421567c817e7",
        "x-ms-return-client-request-id": "true"
      },
      "RequestBody": null,
      "StatusCode": 401,
      "ResponseHeaders": {
        "Cache-Control": "no-cache",
        "Content-Length": "97",
        "Content-Type": "application/json; charset=utf-8",
        "Date": "Mon, 31 Oct 2022 23:17:56 GMT",
        "Expires": "-1",
        "Pragma": "no-cache",
        "Strict-Transport-Security": "max-age=31536000;includeSubDomains",
        "WWW-Authenticate": "Bearer authorization=\u0022https://login.windows.net/72f988bf-86f1-41af-91ab-2d7cd011db47\u0022, resource=\u0022https://vault.azure.net\u0022",
        "X-Content-Type-Options": "nosniff",
        "x-ms-client-request-id": "727dacacf2f88f8cef42421567c817e7",
        "x-ms-keyvault-network-info": "conn_type=Ipv4;addr=24.16.19.131;act_addr_fam=InterNetwork;",
        "x-ms-keyvault-region": "westus",
        "x-ms-keyvault-service-version": "1.9.538.1",
        "x-ms-request-id": "088e04b3-35b6-46fc-908d-b91af99f93e5"
      },
      "ResponseBody": {
        "error": {
          "code": "Unauthorized",
          "message": "AKV10000: Request is missing a Bearer or PoP token."
        }
      }
    },
    {
      "RequestUri": "https://heathskeyvault.vault.azure.net/secrets/1772541065?api-version=7.4-preview.1",
      "RequestMethod": "PUT",
      "RequestHeaders": {
        "Accept": "application/json",
        "Authorization": "Sanitized",
        "Content-Length": "18",
        "Content-Type": "application/json",
        "traceparent": "00-77e5dee14d2cab8ce61ae025f930086c-03a12cd5fcf4d943-00",
        "User-Agent": "azsdk-net-Security.KeyVault.Secrets/4.5.0-alpha.20221031.1 (.NET 6.0.10; Microsoft Windows 10.0.22621)",
        "x-ms-client-request-id": "727dacacf2f88f8cef42421567c817e7",
        "x-ms-return-client-request-id": "true"
      },
      "RequestBody": {
        "value": "value1"
      },
      "StatusCode": 200,
      "ResponseHeaders": {
        "Cache-Control": "no-cache",
        "Content-Length": "258",
        "Content-Type": "application/json; charset=utf-8",
        "Date": "Mon, 31 Oct 2022 23:17:56 GMT",
        "Expires": "-1",
        "Pragma": "no-cache",
        "Strict-Transport-Security": "max-age=31536000;includeSubDomains",
        "X-Content-Type-Options": "nosniff",
        "x-ms-client-request-id": "727dacacf2f88f8cef42421567c817e7",
        "x-ms-keyvault-network-info": "conn_type=Ipv4;addr=24.16.19.131;act_addr_fam=InterNetwork;",
        "x-ms-keyvault-rbac-assignment-id": "0ecc3e39-c3aa-550c-9221-2cec9776c051",
        "x-ms-keyvault-rbac-cache": "ra_age=44;da_age=44;rd_age=44;brd_age=10948;ra_notif_age=458;dec_lev=1;",
        "x-ms-keyvault-region": "westus",
        "x-ms-keyvault-service-version": "1.9.538.1",
        "x-ms-request-id": "e73bf811-93ce-4cae-8d7f-2026c5ee034d"
      },
      "ResponseBody": {
        "value": "value1",
        "id": "https://heathskeyvault.vault.azure.net/secrets/1772541065/3bb112767f644cff8fc7f4f90027d8a4",
        "attributes": {
          "enabled": true,
          "created": 1667258277,
          "updated": 1667258277,
          "recoveryLevel": "CustomizedRecoverable\u002BPurgeable",
          "recoverableDays": 7
        }
      }
    },
    {
      "RequestUri": "https://heathskeyvault.vault.azure.net/secrets/1772541065?api-version=7.4-preview.1",
      "RequestMethod": "PUT",
      "RequestHeaders": {
        "Accept": "application/json",
        "Authorization": "Sanitized",
        "Content-Length": "18",
        "Content-Type": "application/json",
        "traceparent": "00-997d6dfcba7d8f37a45e564a537808d9-0877186d906a64cf-00",
        "User-Agent": "azsdk-net-Security.KeyVault.Secrets/4.5.0-alpha.20221031.1 (.NET 6.0.10; Microsoft Windows 10.0.22621)",
        "x-ms-client-request-id": "a3acb8a0d40f6192cb0e881a29e87673",
        "x-ms-return-client-request-id": "true"
      },
      "RequestBody": {
        "value": "value2"
      },
      "StatusCode": 200,
      "ResponseHeaders": {
        "Cache-Control": "no-cache",
        "Content-Length": "258",
        "Content-Type": "application/json; charset=utf-8",
        "Date": "Mon, 31 Oct 2022 23:17:57 GMT",
        "Expires": "-1",
        "Pragma": "no-cache",
        "Strict-Transport-Security": "max-age=31536000;includeSubDomains",
        "X-Content-Type-Options": "nosniff",
        "x-ms-client-request-id": "a3acb8a0d40f6192cb0e881a29e87673",
        "x-ms-keyvault-network-info": "conn_type=Ipv4;addr=24.16.19.131;act_addr_fam=InterNetwork;",
        "x-ms-keyvault-rbac-assignment-id": "0ecc3e39-c3aa-550c-9221-2cec9776c051",
        "x-ms-keyvault-rbac-cache": "ra_age=44;da_age=44;rd_age=44;brd_age=10948;ra_notif_age=458;dec_lev=0;",
        "x-ms-keyvault-region": "westus",
        "x-ms-keyvault-service-version": "1.9.538.1",
        "x-ms-request-id": "5b6ef64f-abdf-40a0-9934-8f8d4e2fa699"
      },
      "ResponseBody": {
        "value": "value2",
        "id": "https://heathskeyvault.vault.azure.net/secrets/1772541065/1723f8611b43446ba44586bc17272c35",
        "attributes": {
          "enabled": true,
          "created": 1667258277,
          "updated": 1667258277,
          "recoveryLevel": "CustomizedRecoverable\u002BPurgeable",
          "recoverableDays": 7
        }
      }
    },
    {
      "RequestUri": "https://heathskeyvault.vault.azure.net/secrets/1772541065?api-version=7.4-preview.1",
      "RequestMethod": "PUT",
      "RequestHeaders": {
        "Accept": "application/json",
        "Authorization": "Sanitized",
        "Content-Length": "18",
        "Content-Type": "application/json",
        "traceparent": "00-71bdfeb3c7e168af5e4efccc30608bbf-4ec83fd3c5d6ea2d-00",
        "User-Agent": "azsdk-net-Security.KeyVault.Secrets/4.5.0-alpha.20221031.1 (.NET 6.0.10; Microsoft Windows 10.0.22621)",
        "x-ms-client-request-id": "f562b239975f940e6303b80c08e85a49",
        "x-ms-return-client-request-id": "true"
      },
      "RequestBody": {
        "value": "value3"
      },
      "StatusCode": 200,
      "ResponseHeaders": {
        "Cache-Control": "no-cache",
        "Content-Length": "258",
        "Content-Type": "application/json; charset=utf-8",
        "Date": "Mon, 31 Oct 2022 23:17:57 GMT",
        "Expires": "-1",
        "Pragma": "no-cache",
        "Strict-Transport-Security": "max-age=31536000;includeSubDomains",
        "X-Content-Type-Options": "nosniff",
        "x-ms-client-request-id": "f562b239975f940e6303b80c08e85a49",
        "x-ms-keyvault-network-info": "conn_type=Ipv4;addr=24.16.19.131;act_addr_fam=InterNetwork;",
        "x-ms-keyvault-rbac-assignment-id": "0ecc3e39-c3aa-550c-9221-2cec9776c051",
        "x-ms-keyvault-rbac-cache": "ra_age=44;da_age=44;rd_age=44;brd_age=10948;ra_notif_age=458;dec_lev=0;",
        "x-ms-keyvault-region": "westus",
        "x-ms-keyvault-service-version": "1.9.538.1",
        "x-ms-request-id": "a4a68aa9-bf27-4c2e-ac32-cf5e41d18416"
      },
      "ResponseBody": {
        "value": "value3",
        "id": "https://heathskeyvault.vault.azure.net/secrets/1772541065/c66ac7f63724490a8ced30b0b1be6746",
        "attributes": {
          "enabled": true,
          "created": 1667258277,
          "updated": 1667258277,
          "recoveryLevel": "CustomizedRecoverable\u002BPurgeable",
          "recoverableDays": 7
        }
      }
    },
    {
      "RequestUri": "https://heathskeyvault.vault.azure.net/secrets/1772541065/1723f8611b43446ba44586bc17272c35?api-version=7.4-preview.1",
      "RequestMethod": "GET",
      "RequestHeaders": {
        "Accept": "application/json",
        "Authorization": "Sanitized",
        "traceparent": "00-f516e3c817621466c994cd8a01c677c8-161e83cb80a39166-00",
        "User-Agent": "azsdk-net-Security.KeyVault.Secrets/4.5.0-alpha.20221031.1 (.NET 6.0.10; Microsoft Windows 10.0.22621)",
        "x-ms-client-request-id": "c945f63cf41cd87a1a1ba7ea6a716607",
        "x-ms-return-client-request-id": "true"
      },
      "RequestBody": null,
      "StatusCode": 200,
      "ResponseHeaders": {
        "Cache-Control": "no-cache",
        "Content-Length": "258",
        "Content-Type": "application/json; charset=utf-8",
        "Date": "Mon, 31 Oct 2022 23:17:57 GMT",
        "Expires": "-1",
        "Pragma": "no-cache",
        "Strict-Transport-Security": "max-age=31536000;includeSubDomains",
        "X-Content-Type-Options": "nosniff",
        "x-ms-client-request-id": "c945f63cf41cd87a1a1ba7ea6a716607",
        "x-ms-keyvault-network-info": "conn_type=Ipv4;addr=24.16.19.131;act_addr_fam=InterNetwork;",
        "x-ms-keyvault-rbac-assignment-id": "0ecc3e39-c3aa-550c-9221-2cec9776c051",
        "x-ms-keyvault-rbac-cache": "ra_age=44;da_age=44;rd_age=44;brd_age=10948;ra_notif_age=458;dec_lev=1;",
        "x-ms-keyvault-region": "westus",
        "x-ms-keyvault-service-version": "1.9.538.1",
        "x-ms-request-id": "0b03a9c2-6920-43a2-9932-2925a8135395"
      },
      "ResponseBody": {
        "value": "value2",
        "id": "https://heathskeyvault.vault.azure.net/secrets/1772541065/1723f8611b43446ba44586bc17272c35",
        "attributes": {
          "enabled": true,
          "created": 1667258277,
          "updated": 1667258277,
          "recoveryLevel": "CustomizedRecoverable\u002BPurgeable",
          "recoverableDays": 7
        }
      }
    }
  ],
  "Variables": {
    "AZURE_AUTHORITY_HOST": "https://login.microsoftonline.com/",
    "AZURE_KEYVAULT_URL": "https://heathskeyvault.vault.azure.net/",
    "RandomSeed": "2088204259"
  }
}
