{
  "Entries": [
    {
      "RequestUri": "https:\u002f\u002fdotnettestvault.vault.azure.net\u002fsecrets\u002f1940938463?api-version=7.0",
      "RequestMethod": "PUT",
      "RequestHeaders": {
        "Accept": "application\u002fjson",
        "Content-Type": "application\u002fjson",
        "Request-Id": "|4297f0d-4c61899ebaa789f5.",
        "User-Agent": [
          "azsdk-net-Security.KeyVault.Secrets\u002f4.0.0-dev.20190806.1\u002b549ac09c0c12d70f945de85b89974088680893d4",
          "(.NET Core 4.6.27817.01; Microsoft Windows 10.0.18362 )"
        ],
        "x-ms-client-request-id": "c18bbbdec8c427664b9a0a84095e3f9f",
        "x-ms-return-client-request-id": "true"
      },
      "RequestBody": null,
      "StatusCode": 401,
      "ResponseHeaders": {
        "Cache-Control": "no-cache",
        "Content-Length": "87",
        "Content-Type": "application\u002fjson; charset=utf-8",
        "Date": "Tue, 06 Aug 2019 17:54:17 GMT",
        "Expires": "-1",
        "Pragma": "no-cache",
        "Server": "Microsoft-IIS\u002f10.0",
        "Strict-Transport-Security": "max-age=31536000;includeSubDomains",
        "WWW-Authenticate": "Bearer authorization=\u0022https:\u002f\u002flogin.windows.net\u002f72f988bf-86f1-41af-91ab-2d7cd011db47\u0022, resource=\u0022https:\u002f\u002fvault.azure.net\u0022",
        "X-AspNet-Version": "4.0.30319",
        "X-Content-Type-Options": "nosniff",
        "x-ms-keyvault-network-info": "addr=131.107.160.97;act_addr_fam=InterNetwork;",
        "x-ms-keyvault-region": "westus",
        "x-ms-keyvault-service-version": "1.1.0.875",
        "x-ms-request-id": "bafea59a-b326-4c08-8292-02ca27298b05",
        "X-Powered-By": "ASP.NET"
      },
      "ResponseBody": {
        "error": {
          "code": "Unauthorized",
          "message": "Request is missing a Bearer or PoP token."
        }
      }
    },
    {
      "RequestUri": "https:\u002f\u002fdotnettestvault.vault.azure.net\u002fsecrets\u002f1940938463?api-version=7.0",
      "RequestMethod": "PUT",
      "RequestHeaders": {
        "Accept": "application\u002fjson",
        "Authorization": "Sanitized",
        "Content-Length": "17",
        "Content-Type": "application\u002fjson",
        "Request-Id": "|4297f0d-4c61899ebaa789f5.",
        "User-Agent": [
          "azsdk-net-Security.KeyVault.Secrets\u002f4.0.0-dev.20190806.1\u002b549ac09c0c12d70f945de85b89974088680893d4",
          "(.NET Core 4.6.27817.01; Microsoft Windows 10.0.18362 )"
        ],
        "x-ms-client-request-id": "c18bbbdec8c427664b9a0a84095e3f9f",
        "x-ms-return-client-request-id": "true"
      },
      "RequestBody": {
        "value": "value"
      },
      "StatusCode": 200,
      "ResponseHeaders": {
        "Cache-Control": "no-cache",
        "Content-Length": "228",
        "Content-Type": "application\u002fjson; charset=utf-8",
        "Date": "Tue, 06 Aug 2019 17:54:18 GMT",
        "Expires": "-1",
        "Pragma": "no-cache",
        "Server": "Microsoft-IIS\u002f10.0",
        "Strict-Transport-Security": "max-age=31536000;includeSubDomains",
        "X-AspNet-Version": "4.0.30319",
        "X-Content-Type-Options": "nosniff",
        "x-ms-keyvault-network-info": "addr=131.107.160.97;act_addr_fam=InterNetwork;",
        "x-ms-keyvault-region": "westus",
        "x-ms-keyvault-service-version": "1.1.0.875",
        "x-ms-request-id": "2e8a39e5-c5f9-4e4c-9785-d297d022e399",
        "X-Powered-By": "ASP.NET"
      },
      "ResponseBody": {
        "value": "value",
        "id": "https:\u002f\u002fdotnettestvault.vault.azure.net\u002fsecrets\u002f1940938463\u002fb4c2c9e4585942199b5d1ccd25ce2ba7",
        "attributes": {
          "enabled": true,
          "created": 1565114058,
          "updated": 1565114058,
          "recoveryLevel": "Recoverable\u002bPurgeable"
        }
      }
    },
    {
      "RequestUri": "https:\u002f\u002fdotnettestvault.vault.azure.net\u002fsecrets\u002f1940938463?api-version=7.0",
      "RequestMethod": "DELETE",
      "RequestHeaders": {
        "Accept": "application\u002fjson",
        "Authorization": "Sanitized",
        "Content-Type": "application\u002fjson",
        "Request-Id": "|4297f0e-4c61899ebaa789f5.",
        "User-Agent": [
          "azsdk-net-Security.KeyVault.Secrets\u002f4.0.0-dev.20190806.1\u002b549ac09c0c12d70f945de85b89974088680893d4",
          "(.NET Core 4.6.27817.01; Microsoft Windows 10.0.18362 )"
        ],
        "x-ms-client-request-id": "7e2e0cafd71d95cdbe66fe60dcb113d2",
        "x-ms-return-client-request-id": "true"
      },
      "RequestBody": null,
      "StatusCode": 200,
      "ResponseHeaders": {
        "Cache-Control": "no-cache",
        "Content-Length": "350",
        "Content-Type": "application\u002fjson; charset=utf-8",
        "Date": "Tue, 06 Aug 2019 17:54:18 GMT",
        "Expires": "-1",
        "Pragma": "no-cache",
        "Server": "Microsoft-IIS\u002f10.0",
        "Strict-Transport-Security": "max-age=31536000;includeSubDomains",
        "X-AspNet-Version": "4.0.30319",
        "X-Content-Type-Options": "nosniff",
        "x-ms-keyvault-network-info": "addr=131.107.160.97;act_addr_fam=InterNetwork;",
        "x-ms-keyvault-region": "westus",
        "x-ms-keyvault-service-version": "1.1.0.875",
        "x-ms-request-id": "f40458aa-6540-4408-b30c-d8bd9cb57511",
        "X-Powered-By": "ASP.NET"
      },
      "ResponseBody": {
        "recoveryId": "https:\u002f\u002fdotnettestvault.vault.azure.net\u002fdeletedsecrets\u002f1940938463",
        "deletedDate": 1565114058,
        "scheduledPurgeDate": 1572890058,
        "id": "https:\u002f\u002fdotnettestvault.vault.azure.net\u002fsecrets\u002f1940938463\u002fb4c2c9e4585942199b5d1ccd25ce2ba7",
        "attributes": {
          "enabled": true,
          "created": 1565114058,
          "updated": 1565114058,
          "recoveryLevel": "Recoverable\u002bPurgeable"
        }
      }
    },
    {
      "RequestUri": "https:\u002f\u002fdotnettestvault.vault.azure.net\u002fsecrets\u002f1940938463\u002f?api-version=7.0",
      "RequestMethod": "GET",
      "RequestHeaders": {
        "Accept": "application\u002fjson",
        "Authorization": "Sanitized",
        "Content-Type": "application\u002fjson",
        "Request-Id": "|4297f0f-4c61899ebaa789f5.",
        "User-Agent": [
          "azsdk-net-Security.KeyVault.Secrets\u002f4.0.0-dev.20190806.1\u002b549ac09c0c12d70f945de85b89974088680893d4",
          "(.NET Core 4.6.27817.01; Microsoft Windows 10.0.18362 )"
        ],
        "x-ms-client-request-id": "358194a35fc917b419fa3e59194cdf48",
        "x-ms-return-client-request-id": "true"
      },
      "RequestBody": null,
      "StatusCode": 404,
      "ResponseHeaders": {
        "Cache-Control": "no-cache",
        "Content-Length": "76",
        "Content-Type": "application\u002fjson; charset=utf-8",
        "Date": "Tue, 06 Aug 2019 17:54:18 GMT",
        "Expires": "-1",
        "Pragma": "no-cache",
        "Server": "Microsoft-IIS\u002f10.0",
        "Strict-Transport-Security": "max-age=31536000;includeSubDomains",
        "X-AspNet-Version": "4.0.30319",
        "X-Content-Type-Options": "nosniff",
        "x-ms-keyvault-network-info": "addr=131.107.160.97;act_addr_fam=InterNetwork;",
        "x-ms-keyvault-region": "westus",
        "x-ms-keyvault-service-version": "1.1.0.875",
        "x-ms-request-id": "1f993886-86ee-4174-b7ce-a82e2fd300ef",
        "X-Powered-By": "ASP.NET"
      },
      "ResponseBody": {
        "error": {
          "code": "SecretNotFound",
          "message": "Secret not found: 1940938463"
        }
      }
    },
    {
      "RequestUri": "https:\u002f\u002fdotnettestvault.vault.azure.net\u002fdeletedsecrets\u002f1940938463?api-version=7.0",
      "RequestMethod": "DELETE",
      "RequestHeaders": {
        "Accept": "application\u002fjson",
        "Authorization": "Sanitized",
        "Content-Type": "application\u002fjson",
        "Request-Id": "|4297f14-4c61899ebaa789f5.",
        "User-Agent": [
          "azsdk-net-Security.KeyVault.Secrets\u002f4.0.0-dev.20190806.1\u002b549ac09c0c12d70f945de85b89974088680893d4",
          "(.NET Core 4.6.27817.01; Microsoft Windows 10.0.18362 )"
        ],
        "x-ms-client-request-id": "13d7907855572b5f9034a161c301f202",
        "x-ms-return-client-request-id": "true"
      },
      "RequestBody": null,
      "StatusCode": 204,
      "ResponseHeaders": {
        "Cache-Control": "no-cache",
        "Date": "Tue, 06 Aug 2019 17:54:32 GMT",
        "Expires": "-1",
        "Pragma": "no-cache",
        "Server": "Microsoft-IIS\u002f10.0",
        "Strict-Transport-Security": "max-age=31536000;includeSubDomains",
        "X-AspNet-Version": "4.0.30319",
        "X-Content-Type-Options": "nosniff",
        "x-ms-keyvault-network-info": "addr=131.107.160.97;act_addr_fam=InterNetwork;",
        "x-ms-keyvault-region": "westus",
        "x-ms-keyvault-service-version": "1.1.0.875",
        "x-ms-request-id": "4c115cf7-506b-4b59-99a7-e26fb76cb280",
        "X-Powered-By": "ASP.NET"
      },
      "ResponseBody": []
    }
  ],
  "Variables": {
    "AZURE_KEYVAULT_URL": "https:\u002f\u002fdotnettestvault.vault.azure.net\u002f",
    "RandomSeed": "2141145193"
  }
}