{
  "Entries": [
    {
      "RequestUri": "https://heathskv.vault.azure.net/secrets/702023456?api-version=7.1",
      "RequestMethod": "PUT",
      "RequestHeaders": {
        "Accept": "application/json",
        "Content-Type": "application/json",
        "traceparent": "00-99393de5cc006149aa2b06ee52b20cd0-80f8f1a4bb57a94a-00",
        "User-Agent": [
          "azsdk-net-Security.KeyVault.Secrets/4.1.0-dev.20200729.1",
          "(.NET Core 4.6.29017.01; Microsoft Windows 10.0.19041 )"
        ],
        "x-ms-client-request-id": "339797b6c62ad096f63f15b535725b78",
        "x-ms-return-client-request-id": "true"
      },
      "RequestBody": null,
      "StatusCode": 401,
      "ResponseHeaders": {
        "Cache-Control": "no-cache",
        "Content-Length": "87",
        "Content-Type": "application/json; charset=utf-8",
        "Date": "Wed, 29 Jul 2020 22:30:17 GMT",
        "Expires": "-1",
        "Pragma": "no-cache",
        "Strict-Transport-Security": "max-age=31536000;includeSubDomains",
        "WWW-Authenticate": "Bearer authorization=\u0022https://login.windows.net/72f988bf-86f1-41af-91ab-2d7cd011db47\u0022, resource=\u0022https://vault.azure.net\u0022",
        "X-AspNet-Version": "4.0.30319",
        "X-Content-Type-Options": "nosniff",
        "x-ms-keyvault-network-info": "conn_type=Ipv4;addr=67.171.12.239;act_addr_fam=InterNetwork;",
        "x-ms-keyvault-region": "westus2",
        "x-ms-keyvault-service-version": "1.1.10.0",
        "x-ms-request-id": "e34b91c6-712b-448c-b302-2cc4021c7288",
        "X-Powered-By": "ASP.NET"
      },
      "ResponseBody": {
        "error": {
          "code": "Unauthorized",
          "message": "Request is missing a Bearer or PoP token."
        }
      }
    },
    {
      "RequestUri": "https://heathskv.vault.azure.net/secrets/702023456?api-version=7.1",
      "RequestMethod": "PUT",
      "RequestHeaders": {
        "Accept": "application/json",
        "Authorization": "Sanitized",
        "Content-Length": "17",
        "Content-Type": "application/json",
        "traceparent": "00-99393de5cc006149aa2b06ee52b20cd0-80f8f1a4bb57a94a-00",
        "User-Agent": [
          "azsdk-net-Security.KeyVault.Secrets/4.1.0-dev.20200729.1",
          "(.NET Core 4.6.29017.01; Microsoft Windows 10.0.19041 )"
        ],
        "x-ms-client-request-id": "339797b6c62ad096f63f15b535725b78",
        "x-ms-return-client-request-id": "true"
      },
      "RequestBody": {
        "value": "value"
      },
      "StatusCode": 200,
      "ResponseHeaders": {
        "Cache-Control": "no-cache",
        "Content-Length": "241",
        "Content-Type": "application/json; charset=utf-8",
        "Date": "Wed, 29 Jul 2020 22:30:17 GMT",
        "Expires": "-1",
        "Pragma": "no-cache",
        "Strict-Transport-Security": "max-age=31536000;includeSubDomains",
        "X-AspNet-Version": "4.0.30319",
        "X-Content-Type-Options": "nosniff",
        "x-ms-keyvault-network-info": "conn_type=Ipv4;addr=67.171.12.239;act_addr_fam=InterNetwork;",
        "x-ms-keyvault-region": "westus2",
        "x-ms-keyvault-service-version": "1.1.10.0",
        "x-ms-request-id": "79a303df-b354-4dd2-b570-cada179da1fd",
        "X-Powered-By": "ASP.NET"
      },
      "ResponseBody": {
        "value": "value",
        "id": "https://heathskv.vault.azure.net/secrets/702023456/087654b151b245d1a6b153b5bf41bafb",
        "attributes": {
          "enabled": true,
          "created": 1596061818,
          "updated": 1596061818,
          "recoveryLevel": "Recoverable\u002BPurgeable",
          "recoverableDays": 90
        }
      }
    },
    {
      "RequestUri": "https://heathskv.vault.azure.net/secrets/702023456?api-version=7.1",
      "RequestMethod": "DELETE",
      "RequestHeaders": {
        "Accept": "application/json",
        "Authorization": "Sanitized",
        "Content-Type": "application/json",
        "traceparent": "00-4b068e5b8f4cfb488d89cfd05c170fc2-d89cde20ab943f43-00",
        "User-Agent": [
          "azsdk-net-Security.KeyVault.Secrets/4.1.0-dev.20200729.1",
          "(.NET Core 4.6.29017.01; Microsoft Windows 10.0.19041 )"
        ],
        "x-ms-client-request-id": "8aae8ca0c1bb7747d819ef3f044cd67d",
        "x-ms-return-client-request-id": "true"
      },
      "RequestBody": null,
      "StatusCode": 200,
      "ResponseHeaders": {
        "Cache-Control": "no-cache",
        "Content-Length": "355",
        "Content-Type": "application/json; charset=utf-8",
        "Date": "Wed, 29 Jul 2020 22:30:18 GMT",
        "Expires": "-1",
        "Pragma": "no-cache",
        "Strict-Transport-Security": "max-age=31536000;includeSubDomains",
        "X-AspNet-Version": "4.0.30319",
        "X-Content-Type-Options": "nosniff",
        "x-ms-keyvault-network-info": "conn_type=Ipv4;addr=67.171.12.239;act_addr_fam=InterNetwork;",
        "x-ms-keyvault-region": "westus2",
        "x-ms-keyvault-service-version": "1.1.10.0",
        "x-ms-request-id": "369a7f1c-d44b-49fa-8de8-bdafd508ff5e",
        "X-Powered-By": "ASP.NET"
      },
      "ResponseBody": {
        "recoveryId": "https://heathskv.vault.azure.net/deletedsecrets/702023456",
        "deletedDate": 1596061818,
        "scheduledPurgeDate": 1603837818,
        "id": "https://heathskv.vault.azure.net/secrets/702023456/087654b151b245d1a6b153b5bf41bafb",
        "attributes": {
          "enabled": true,
          "created": 1596061818,
          "updated": 1596061818,
          "recoveryLevel": "Recoverable\u002BPurgeable",
          "recoverableDays": 90
        }
      }
    },
    {
      "RequestUri": "https://heathskv.vault.azure.net/secrets/702023456/?api-version=7.1",
      "RequestMethod": "GET",
      "RequestHeaders": {
        "Accept": "application/json",
        "Authorization": "Sanitized",
        "Content-Type": "application/json",
        "traceparent": "00-57344a7caf550f49bb2be15e2995471a-b7eaa92b84036e4e-00",
        "User-Agent": [
          "azsdk-net-Security.KeyVault.Secrets/4.1.0-dev.20200729.1",
          "(.NET Core 4.6.29017.01; Microsoft Windows 10.0.19041 )"
        ],
        "x-ms-client-request-id": "f81d368d3e8aff13a59dc5b32ac22bd1",
        "x-ms-return-client-request-id": "true"
      },
      "RequestBody": null,
      "StatusCode": 404,
      "ResponseHeaders": {
        "Cache-Control": "no-cache",
        "Content-Length": "306",
        "Content-Type": "application/json; charset=utf-8",
        "Date": "Wed, 29 Jul 2020 22:30:18 GMT",
        "Expires": "-1",
        "Pragma": "no-cache",
        "Strict-Transport-Security": "max-age=31536000;includeSubDomains",
        "X-AspNet-Version": "4.0.30319",
        "X-Content-Type-Options": "nosniff",
        "x-ms-keyvault-network-info": "conn_type=Ipv4;addr=67.171.12.239;act_addr_fam=InterNetwork;",
        "x-ms-keyvault-region": "westus2",
        "x-ms-keyvault-service-version": "1.1.10.0",
        "x-ms-request-id": "4a819beb-7c44-4e7d-9e6d-2c3bf7f76a0f",
        "X-Powered-By": "ASP.NET"
      },
      "ResponseBody": {
        "error": {
          "code": "SecretNotFound",
          "message": "A secret with (name/id) 702023456 was not found in this key vault. If you recently deleted this secret you may be able to recover it using the correct recovery command. For help resolving this issue, please see https://go.microsoft.com/fwlink/?linkid=2125182"
        }
      }
    }
  ],
  "Variables": {
    "AZURE_KEYVAULT_URL": "https://heathskv.vault.azure.net",
    "RandomSeed": "2131429183"
  }
}
