{
  "Entries": [
    {
      "RequestUri": "https://heathskeyvault.vault.azure.net/secrets/1075585220?api-version=7.2",
      "RequestMethod": "PUT",
      "RequestHeaders": {
        "Accept": "application/json",
        "Content-Type": "application/json",
        "traceparent": "00-733a7d23006bb9458b40096c478fc515-a91ad2fc3cbc934f-00",
        "User-Agent": [
          "azsdk-net-Security.KeyVault.Secrets/4.2.0-alpha.20210219.1",
          "(.NET 5.0.3; Microsoft Windows 10.0.19042)"
        ],
        "x-ms-client-request-id": "19ec10f12e778a77fa49003ba07b62fc",
        "x-ms-return-client-request-id": "true"
      },
      "RequestBody": null,
      "StatusCode": 401,
      "ResponseHeaders": {
        "Cache-Control": "no-cache",
        "Content-Length": "87",
        "Content-Type": "application/json; charset=utf-8",
        "Date": "Sat, 20 Feb 2021 01:05:54 GMT",
        "Expires": "-1",
        "Pragma": "no-cache",
        "Strict-Transport-Security": "max-age=31536000;includeSubDomains",
        "WWW-Authenticate": "Bearer authorization=\u0022https://login.windows.net/72f988bf-86f1-41af-91ab-2d7cd011db47\u0022, resource=\u0022https://vault.azure.net\u0022",
        "X-Content-Type-Options": "nosniff",
        "x-ms-keyvault-network-info": "conn_type=Ipv4;addr=67.171.12.239;act_addr_fam=InterNetwork;",
        "x-ms-keyvault-region": "westus2",
        "x-ms-keyvault-service-version": "1.2.164.2",
        "x-ms-request-id": "c267e575-5550-43ae-9275-d525ccd17fab",
        "X-Powered-By": "ASP.NET"
      },
      "ResponseBody": {
        "error": {
          "code": "Unauthorized",
          "message": "Request is missing a Bearer or PoP token."
        }
      }
    },
    {
      "RequestUri": "https://heathskeyvault.vault.azure.net/secrets/1075585220?api-version=7.2",
      "RequestMethod": "PUT",
      "RequestHeaders": {
        "Accept": "application/json",
        "Authorization": "Sanitized",
        "Content-Length": "27",
        "Content-Type": "application/json",
        "traceparent": "00-733a7d23006bb9458b40096c478fc515-a91ad2fc3cbc934f-00",
        "User-Agent": [
          "azsdk-net-Security.KeyVault.Secrets/4.2.0-alpha.20210219.1",
          "(.NET 5.0.3; Microsoft Windows 10.0.19042)"
        ],
        "x-ms-client-request-id": "19ec10f12e778a77fa49003ba07b62fc",
        "x-ms-return-client-request-id": "true"
      },
      "RequestBody": {
        "value": "CrudBasicValue1"
      },
      "StatusCode": 200,
      "ResponseHeaders": {
        "Cache-Control": "no-cache",
        "Content-Length": "258",
        "Content-Type": "application/json; charset=utf-8",
        "Date": "Sat, 20 Feb 2021 01:05:54 GMT",
        "Expires": "-1",
        "Pragma": "no-cache",
        "Strict-Transport-Security": "max-age=31536000;includeSubDomains",
        "X-Content-Type-Options": "nosniff",
        "x-ms-keyvault-network-info": "conn_type=Ipv4;addr=67.171.12.239;act_addr_fam=InterNetwork;",
        "x-ms-keyvault-region": "westus2",
        "x-ms-keyvault-service-version": "1.2.164.2",
        "x-ms-request-id": "83ca5e68-66c0-49d0-ba4d-5605ae9e664b",
        "X-Powered-By": "ASP.NET"
      },
      "ResponseBody": {
        "value": "CrudBasicValue1",
        "id": "https://heathskeyvault.vault.azure.net/secrets/1075585220/9fd1e0a161264a3dbbd07b8f3337c805",
        "attributes": {
          "enabled": true,
          "created": 1613783154,
          "updated": 1613783154,
          "recoveryLevel": "Recoverable\u002BPurgeable",
          "recoverableDays": 90
        }
      }
    },
    {
      "RequestUri": "https://heathskeyvault.vault.azure.net/secrets/1075585220/9fd1e0a161264a3dbbd07b8f3337c805?api-version=7.2",
      "RequestMethod": "PATCH",
      "RequestHeaders": {
        "Accept": "application/json",
        "Authorization": "Sanitized",
        "Content-Length": "32",
        "Content-Type": "application/json",
        "traceparent": "00-40e10c27ee14164982483c9dfa6c0a1a-f2c7c70f7efcea40-00",
        "User-Agent": [
          "azsdk-net-Security.KeyVault.Secrets/4.2.0-alpha.20210219.1",
          "(.NET 5.0.3; Microsoft Windows 10.0.19042)"
        ],
        "x-ms-client-request-id": "ceef6f177b2552f50ce8e8bb9eff811f",
        "x-ms-return-client-request-id": "true"
      },
      "RequestBody": {
        "attributes": {
          "enabled": false
        }
      },
      "StatusCode": 200,
      "ResponseHeaders": {
        "Cache-Control": "no-cache",
        "Content-Length": "233",
        "Content-Type": "application/json; charset=utf-8",
        "Date": "Sat, 20 Feb 2021 01:05:54 GMT",
        "Expires": "-1",
        "Pragma": "no-cache",
        "Strict-Transport-Security": "max-age=31536000;includeSubDomains",
        "X-Content-Type-Options": "nosniff",
        "x-ms-keyvault-network-info": "conn_type=Ipv4;addr=67.171.12.239;act_addr_fam=InterNetwork;",
        "x-ms-keyvault-region": "westus2",
        "x-ms-keyvault-service-version": "1.2.164.2",
        "x-ms-request-id": "b325ce0c-fc29-4bcf-a718-2f7dc443bd1c",
        "X-Powered-By": "ASP.NET"
      },
      "ResponseBody": {
        "id": "https://heathskeyvault.vault.azure.net/secrets/1075585220/9fd1e0a161264a3dbbd07b8f3337c805",
        "attributes": {
          "enabled": false,
          "created": 1613783154,
          "updated": 1613783154,
          "recoveryLevel": "Recoverable\u002BPurgeable",
          "recoverableDays": 90
        }
      }
    },
    {
      "RequestUri": "https://heathskeyvault.vault.azure.net/secrets/1075585220/?api-version=7.2",
      "RequestMethod": "GET",
      "RequestHeaders": {
        "Accept": "application/json",
        "Authorization": "Sanitized",
        "Content-Type": "application/json",
        "traceparent": "00-9cd9130c8429c841b2bb35297c1cf7d8-812a6f641b1bdc41-00",
        "User-Agent": [
          "azsdk-net-Security.KeyVault.Secrets/4.2.0-alpha.20210219.1",
          "(.NET 5.0.3; Microsoft Windows 10.0.19042)"
        ],
        "x-ms-client-request-id": "b519b2495cb67b40e3c712cc995850af",
        "x-ms-return-client-request-id": "true"
      },
      "RequestBody": null,
      "StatusCode": 403,
      "ResponseHeaders": {
        "Cache-Control": "no-cache",
        "Content-Length": "132",
        "Content-Type": "application/json; charset=utf-8",
        "Date": "Sat, 20 Feb 2021 01:05:54 GMT",
        "Expires": "-1",
        "Pragma": "no-cache",
        "Strict-Transport-Security": "max-age=31536000;includeSubDomains",
        "X-Content-Type-Options": "nosniff",
        "x-ms-keyvault-network-info": "conn_type=Ipv4;addr=67.171.12.239;act_addr_fam=InterNetwork;",
        "x-ms-keyvault-region": "westus2",
        "x-ms-keyvault-service-version": "1.2.164.2",
        "x-ms-request-id": "a694a99e-a21a-44f3-93c7-f3ba0cb38cc9",
        "X-Powered-By": "ASP.NET"
      },
      "ResponseBody": {
        "error": {
          "code": "Forbidden",
          "message": "Operation get is not allowed on a disabled secret.",
          "innererror": {
            "code": "SecretDisabled"
          }
        }
      }
    },
    {
      "RequestUri": "https://heathskeyvault.vault.azure.net/secrets/1075585220/9fd1e0a161264a3dbbd07b8f3337c805?api-version=7.2",
      "RequestMethod": "PATCH",
      "RequestHeaders": {
        "Accept": "application/json",
        "Authorization": "Sanitized",
        "Content-Length": "31",
        "Content-Type": "application/json",
        "traceparent": "00-3ae8c4ba272b3c4a9af5a2d3913806c7-4d61132ec2811b41-00",
        "User-Agent": [
          "azsdk-net-Security.KeyVault.Secrets/4.2.0-alpha.20210219.1",
          "(.NET 5.0.3; Microsoft Windows 10.0.19042)"
        ],
        "x-ms-client-request-id": "feaf33501772769f1b990d8e45bcebfa",
        "x-ms-return-client-request-id": "true"
      },
      "RequestBody": {
        "attributes": {
          "enabled": true
        }
      },
      "StatusCode": 200,
      "ResponseHeaders": {
        "Cache-Control": "no-cache",
        "Content-Length": "232",
        "Content-Type": "application/json; charset=utf-8",
        "Date": "Sat, 20 Feb 2021 01:05:54 GMT",
        "Expires": "-1",
        "Pragma": "no-cache",
        "Strict-Transport-Security": "max-age=31536000;includeSubDomains",
        "X-Content-Type-Options": "nosniff",
        "x-ms-keyvault-network-info": "conn_type=Ipv4;addr=67.171.12.239;act_addr_fam=InterNetwork;",
        "x-ms-keyvault-region": "westus2",
        "x-ms-keyvault-service-version": "1.2.164.2",
        "x-ms-request-id": "ae7904f4-affc-4331-b905-641f2e5b604b",
        "X-Powered-By": "ASP.NET"
      },
      "ResponseBody": {
        "id": "https://heathskeyvault.vault.azure.net/secrets/1075585220/9fd1e0a161264a3dbbd07b8f3337c805",
        "attributes": {
          "enabled": true,
          "created": 1613783154,
          "updated": 1613783154,
          "recoveryLevel": "Recoverable\u002BPurgeable",
          "recoverableDays": 90
        }
      }
    }
  ],
  "Variables": {
    "AZURE_KEYVAULT_URL": "https://heathskeyvault.vault.azure.net/",
    "RandomSeed": "783925952"
  }
}