{
  "Entries": [
    {
      "RequestUri": "https://heathskeyvaulthsm.managedhsm.azure.net/keys/655627435/create?api-version=7.2",
      "RequestMethod": "POST",
      "RequestHeaders": {
        "Accept": "application/json",
        "Content-Type": "application/json",
        "traceparent": "00-10de78a5bc5c8749a16eda70b51b8801-f56998433f1ece42-00",
        "User-Agent": [
          "azsdk-net-Security.KeyVault.Keys/4.2.0-alpha.20210219.1",
          "(.NET 5.0.3; Microsoft Windows 10.0.19042)"
        ],
        "x-ms-client-request-id": "4c81d1e908319a0043ffe6b6c939e1d3",
        "x-ms-return-client-request-id": "true"
      },
      "RequestBody": null,
      "StatusCode": 401,
      "ResponseHeaders": {
        "Cache-Control": "no-cache",
        "Content-Length": "0",
        "Content-Security-Policy": "default-src \u0027self\u0027",
        "Content-Type": "application/json; charset=utf-8",
        "Strict-Transport-Security": "max-age=31536000; includeSubDomains",
        "WWW-Authenticate": "Bearer authorization=\u0022https://login.microsoftonline.com/72f988bf-86f1-41af-91ab-2d7cd011db47\u0022, resource=\u0022https://managedhsm.azure.net\u0022",
        "X-Content-Type-Options": "nosniff",
        "X-Frame-Options": "SAMEORIGIN",
        "x-ms-request-id": "228bb26e-7353-11eb-bcb9-0242ac120006",
        "x-ms-server-latency": "0"
      },
      "ResponseBody": []
    },
    {
      "RequestUri": "https://heathskeyvaulthsm.managedhsm.azure.net/keys/655627435/create?api-version=7.2",
      "RequestMethod": "POST",
      "RequestHeaders": {
        "Accept": "application/json",
        "Authorization": "Sanitized",
        "Content-Length": "13",
        "Content-Type": "application/json",
        "traceparent": "00-10de78a5bc5c8749a16eda70b51b8801-f56998433f1ece42-00",
        "User-Agent": [
          "azsdk-net-Security.KeyVault.Keys/4.2.0-alpha.20210219.1",
          "(.NET 5.0.3; Microsoft Windows 10.0.19042)"
        ],
        "x-ms-client-request-id": "4c81d1e908319a0043ffe6b6c939e1d3",
        "x-ms-return-client-request-id": "true"
      },
      "RequestBody": {
        "kty": "RSA"
      },
      "StatusCode": 200,
      "ResponseHeaders": {
        "Cache-Control": "no-cache",
        "Content-Length": "710",
        "Content-Security-Policy": "default-src \u0027self\u0027",
        "Content-Type": "application/json; charset=utf-8",
        "Strict-Transport-Security": "max-age=31536000; includeSubDomains",
        "X-Content-Type-Options": "nosniff",
        "X-Frame-Options": "SAMEORIGIN",
        "x-ms-keyvault-network-info": "addr=67.171.12.239",
        "x-ms-keyvault-region": "southcentralus",
        "x-ms-request-id": "22ba0196-7353-11eb-bcb9-0242ac120006",
        "x-ms-server-latency": "244"
      },
      "ResponseBody": {
        "attributes": {
          "created": 1613808646,
          "enabled": true,
          "exportable": false,
          "recoverableDays": 90,
          "recoveryLevel": "Recoverable\u002BPurgeable",
          "updated": 1613808646
        },
        "key": {
          "e": "AQAB",
          "key_ops": [
            "wrapKey",
            "decrypt",
            "encrypt",
            "unwrapKey",
            "sign",
            "verify"
          ],
          "kid": "https://heathskeyvaulthsm.managedhsm.azure.net/keys/655627435/650eb8ade20d0ca032ed17f82965baf5",
          "kty": "RSA-HSM",
          "n": "ulevKX3u34u8HcNuoVJLaVTc5R0DCYRbzI5luhVDUz0hKMz7ioBDXBt0CJ2HJHM3p40YILqT62D-CEZxq3yMeHCrTsgL63bisaPJ4-GriuVO02tgpGAWKvc364Ip2HzXEof9tMmNBSorrjZBqTHSr4099P5vQ3SDh-5J2LzT8xoT5TPUgQ0Yb4hwhq5M6t6bdUS09Xn-iLt4HccE-gn2EPt4w1kcPiqsQgWkv2ZqVlT0DVb089nO8ersdFlHoONDszeKU7dORfYCw3x-V2fj1sGbG4A8X9MCKo2f_2KxkRnH4umWGH1TlBLRGyMZ_Y8FnpSUOH2OfP0uUL9Og8RWCQ"
        }
      }
    },
    {
      "RequestUri": "https://heathskeyvaulthsm.managedhsm.azure.net/keys/655627435/?api-version=7.2",
      "RequestMethod": "GET",
      "RequestHeaders": {
        "Accept": "application/json",
        "Authorization": "Sanitized",
        "Content-Type": "application/json",
        "traceparent": "00-df816e783ccb7347a892b9f1045555ce-417a2811816fd445-00",
        "User-Agent": [
          "azsdk-net-Security.KeyVault.Keys/4.2.0-alpha.20210219.1",
          "(.NET 5.0.3; Microsoft Windows 10.0.19042)"
        ],
        "x-ms-client-request-id": "1447bbdb6e05e8a558abb8c63fcbc9b5",
        "x-ms-return-client-request-id": "true"
      },
      "RequestBody": null,
      "StatusCode": 200,
      "ResponseHeaders": {
        "Cache-Control": "no-cache",
        "Content-Length": "710",
        "Content-Security-Policy": "default-src \u0027self\u0027",
        "Content-Type": "application/json; charset=utf-8",
        "Strict-Transport-Security": "max-age=31536000; includeSubDomains",
        "X-Content-Type-Options": "nosniff",
        "X-Frame-Options": "SAMEORIGIN",
        "x-ms-build-version": "1.0.20210204-1-c9f88df4-develop",
        "x-ms-keyvault-network-info": "addr=67.171.12.239",
        "x-ms-keyvault-region": "southcentralus",
        "x-ms-request-id": "2308f7ec-7353-11eb-bcb9-0242ac120006",
        "x-ms-server-latency": "128"
      },
      "ResponseBody": {
        "attributes": {
          "created": 1613808646,
          "enabled": true,
          "exportable": false,
          "recoverableDays": 90,
          "recoveryLevel": "Recoverable\u002BPurgeable",
          "updated": 1613808646
        },
        "key": {
          "e": "AQAB",
          "key_ops": [
            "verify",
            "sign",
            "unwrapKey",
            "decrypt",
            "encrypt",
            "wrapKey"
          ],
          "kid": "https://heathskeyvaulthsm.managedhsm.azure.net/keys/655627435/650eb8ade20d0ca032ed17f82965baf5",
          "kty": "RSA-HSM",
          "n": "ulevKX3u34u8HcNuoVJLaVTc5R0DCYRbzI5luhVDUz0hKMz7ioBDXBt0CJ2HJHM3p40YILqT62D-CEZxq3yMeHCrTsgL63bisaPJ4-GriuVO02tgpGAWKvc364Ip2HzXEof9tMmNBSorrjZBqTHSr4099P5vQ3SDh-5J2LzT8xoT5TPUgQ0Yb4hwhq5M6t6bdUS09Xn-iLt4HccE-gn2EPt4w1kcPiqsQgWkv2ZqVlT0DVb089nO8ersdFlHoONDszeKU7dORfYCw3x-V2fj1sGbG4A8X9MCKo2f_2KxkRnH4umWGH1TlBLRGyMZ_Y8FnpSUOH2OfP0uUL9Og8RWCQ"
        }
      }
    }
  ],
  "Variables": {
    "AZURE_MANAGEDHSM_URL": "https://heathskeyvaulthsm.managedhsm.azure.net/",
    "RandomSeed": "1434068161"
  }
}