{
  "Entries": [
    {
      "RequestUri": "https://heathskeyvaulthsm.managedhsm.azure.net/keys/569167365/create?api-version=7.4-preview.1",
      "RequestMethod": "POST",
      "RequestHeaders": {
        "Accept": "application/json",
        "Content-Length": "0",
        "traceparent": "00-3243f6fb7eb13fcb10a2b9172e4f5b81-e428a1cfcc9556d5-00",
        "User-Agent": "azsdk-net-Security.KeyVault.Keys/4.5.0-alpha.20221102.1 (.NET 6.0.10; Microsoft Windows 10.0.22621)",
        "x-ms-client-request-id": "55abf7463ad123c640c9520121407981",
        "x-ms-return-client-request-id": "true"
      },
      "RequestBody": null,
      "StatusCode": 401,
      "ResponseHeaders": {
        "Cache-Control": "no-cache",
        "Content-Length": "0",
        "Content-Security-Policy": "default-src \u0027self\u0027",
        "Content-Type": "application/json; charset=utf-8",
        "Strict-Transport-Security": "max-age=31536000; includeSubDomains",
        "WWW-Authenticate": "Bearer authorization=\u0022https://login.microsoftonline.com/72f988bf-86f1-41af-91ab-2d7cd011db47\u0022, resource=\u0022https://managedhsm.azure.net\u0022",
        "X-Content-Type-Options": "nosniff",
        "X-Frame-Options": "SAMEORIGIN",
        "x-ms-request-id": "9ef40baa-5af4-11ed-972b-000d3a612dea",
        "x-ms-server-latency": "1"
      },
      "ResponseBody": null
    },
    {
      "RequestUri": "https://heathskeyvaulthsm.managedhsm.azure.net/keys/569167365/create?api-version=7.4-preview.1",
      "RequestMethod": "POST",
      "RequestHeaders": {
        "Accept": "application/json",
        "Authorization": "Sanitized",
        "Content-Length": "13",
        "Content-Type": "application/json",
        "traceparent": "00-3243f6fb7eb13fcb10a2b9172e4f5b81-e428a1cfcc9556d5-00",
        "User-Agent": "azsdk-net-Security.KeyVault.Keys/4.5.0-alpha.20221102.1 (.NET 6.0.10; Microsoft Windows 10.0.22621)",
        "x-ms-client-request-id": "55abf7463ad123c640c9520121407981",
        "x-ms-return-client-request-id": "true"
      },
      "RequestBody": {
        "kty": "RSA"
      },
      "StatusCode": 200,
      "ResponseHeaders": {
        "Cache-Control": "no-cache",
        "Content-Length": "719",
        "Content-Security-Policy": "default-src \u0027self\u0027",
        "Content-Type": "application/json; charset=utf-8",
        "Strict-Transport-Security": "max-age=31536000; includeSubDomains",
        "X-Content-Type-Options": "nosniff",
        "X-Frame-Options": "SAMEORIGIN",
        "x-ms-keyvault-network-info": "conn_type=Ipv4;addr=131.107.174.211;act_addr_fam=Ipv4;",
        "x-ms-keyvault-region": "northus",
        "x-ms-request-id": "9f07a476-5af4-11ed-972b-000d3a612dea",
        "x-ms-server-latency": "268"
      },
      "ResponseBody": {
        "attributes": {
          "created": 1667424220,
          "enabled": true,
          "exportable": false,
          "recoverableDays": 7,
          "recoveryLevel": "CustomizedRecoverable\u002BPurgeable",
          "updated": 1667424220
        },
        "key": {
          "e": "AQAB",
          "key_ops": [
            "wrapKey",
            "decrypt",
            "encrypt",
            "unwrapKey",
            "sign",
            "verify"
          ],
          "kid": "https://heathskeyvaulthsm.managedhsm.azure.net/keys/569167365/0d3b73c6d6fd02c9226ac0a073c4bcfe",
          "kty": "RSA-HSM",
          "n": "m923YzjMpiNkVyK8AROfoWGrLb6nLU7tyQiV5l-bBCfmlYECfvp2z8VWb7OoGb8z7OGonXOXdrHEUPi03NCX_ukuj0YyWqHZRZH_yPWBrJI-zWmdlkPkYd_9GGijSLvLV9fsvgoHJB8b-avIkGY6ncBfX_IfGEJaQiOkBsMcY28JlBGZnW0oM1v_NXYn5_654QuAn2jua_tiLn9kJDrAn6V3JxfjOnBUdDV2j_0b7xgBmWnyQE_dSwZKTKNLrfgTtdyYnMg8MB1p-prm8zmcfsVFK9eVz66EuGHVGx03PgwMs1R3ALEV0T8vZRaf2VtFGSoo602BXcBRAs5xqLLjMQ"
        }
      }
    },
    {
      "RequestUri": "https://heathskeyvaulthsm.managedhsm.azure.net/keys/569167365/?api-version=7.4-preview.1",
      "RequestMethod": "GET",
      "RequestHeaders": {
        "Accept": "application/json",
        "Authorization": "Sanitized",
        "traceparent": "00-ab0925066f936499fdac849ed2ce0e0e-4dcb002d30e92ac4-00",
        "User-Agent": "azsdk-net-Security.KeyVault.Keys/4.5.0-alpha.20221102.1 (.NET 6.0.10; Microsoft Windows 10.0.22621)",
        "x-ms-client-request-id": "24b91c28b89366caa90e817833336d55",
        "x-ms-return-client-request-id": "true"
      },
      "RequestBody": null,
      "StatusCode": 200,
      "ResponseHeaders": {
        "Cache-Control": "no-cache",
        "Content-Length": "719",
        "Content-Security-Policy": "default-src \u0027self\u0027",
        "Content-Type": "application/json; charset=utf-8",
        "Strict-Transport-Security": "max-age=31536000; includeSubDomains",
        "X-Content-Type-Options": "nosniff",
        "X-Frame-Options": "SAMEORIGIN",
        "x-ms-build-version": "1.0.20221020-1-945ffe56-develop",
        "x-ms-keyvault-network-info": "conn_type=Ipv4;addr=131.107.174.211;act_addr_fam=Ipv4;",
        "x-ms-keyvault-region": "northus",
        "x-ms-request-id": "9f38cb00-5af4-11ed-972b-000d3a612dea",
        "x-ms-server-latency": "87"
      },
      "ResponseBody": {
        "attributes": {
          "created": 1667424220,
          "enabled": true,
          "exportable": false,
          "recoverableDays": 7,
          "recoveryLevel": "CustomizedRecoverable\u002BPurgeable",
          "updated": 1667424220
        },
        "key": {
          "e": "AQAB",
          "key_ops": [
            "verify",
            "sign",
            "unwrapKey",
            "decrypt",
            "encrypt",
            "wrapKey"
          ],
          "kid": "https://heathskeyvaulthsm.managedhsm.azure.net/keys/569167365/0d3b73c6d6fd02c9226ac0a073c4bcfe",
          "kty": "RSA-HSM",
          "n": "m923YzjMpiNkVyK8AROfoWGrLb6nLU7tyQiV5l-bBCfmlYECfvp2z8VWb7OoGb8z7OGonXOXdrHEUPi03NCX_ukuj0YyWqHZRZH_yPWBrJI-zWmdlkPkYd_9GGijSLvLV9fsvgoHJB8b-avIkGY6ncBfX_IfGEJaQiOkBsMcY28JlBGZnW0oM1v_NXYn5_654QuAn2jua_tiLn9kJDrAn6V3JxfjOnBUdDV2j_0b7xgBmWnyQE_dSwZKTKNLrfgTtdyYnMg8MB1p-prm8zmcfsVFK9eVz66EuGHVGx03PgwMs1R3ALEV0T8vZRaf2VtFGSoo602BXcBRAs5xqLLjMQ"
        }
      }
    }
  ],
  "Variables": {
    "AZURE_AUTHORITY_HOST": "https://login.microsoftonline.com/",
    "AZURE_MANAGEDHSM_URL": "https://heathskeyvaulthsm.managedhsm.azure.net/",
    "RandomSeed": "280080091"
  }
}
