{
  "Entries": [
    {
      "RequestUri": "https://heathskeyvaulthsm.managedhsm.azure.net/keys/1907139561/create?api-version=7.1",
      "RequestMethod": "POST",
      "RequestHeaders": {
        "Accept": "application/json",
        "Content-Type": "application/json",
        "traceparent": "00-6539b39854733645a84f49808518cfab-72143b813c70914a-00",
        "User-Agent": [
          "azsdk-net-Security.KeyVault.Keys/4.2.0-alpha.20201029.1",
          "(.NET Core 4.6.29321.03; Microsoft Windows 10.0.19042 )"
        ],
        "x-ms-client-request-id": "8f3bd3a30340d3b3264c10c799533215",
        "x-ms-return-client-request-id": "true"
      },
      "RequestBody": null,
      "StatusCode": 401,
      "ResponseHeaders": {
        "Cache-Control": "no-cache",
        "Content-Length": "0",
        "Content-Security-Policy": "default-src \u0027self\u0027",
        "Content-Type": "application/json; charset=utf-8",
        "Strict-Transport-Security": "max-age=31536000; includeSubDomains",
        "WWW-Authenticate": "Bearer authorization=\u0022https://login.microsoftonline.com/72f988bf-86f1-41af-91ab-2d7cd011db47\u0022, resource=\u0022https://managedhsm.azure.net\u0022",
        "X-Content-Type-Options": "nosniff",
        "X-Frame-Options": "SAMEORIGIN",
        "x-ms-request-id": "9854e428-1a09-11eb-b905-0242ac120005",
        "x-ms-server-latency": "0"
      },
      "ResponseBody": []
    },
    {
      "RequestUri": "https://heathskeyvaulthsm.managedhsm.azure.net/keys/1907139561/create?api-version=7.1",
      "RequestMethod": "POST",
      "RequestHeaders": {
        "Accept": "application/json",
        "Authorization": "Sanitized",
        "Content-Length": "16",
        "Content-Type": "application/json",
        "traceparent": "00-6539b39854733645a84f49808518cfab-72143b813c70914a-00",
        "User-Agent": [
          "azsdk-net-Security.KeyVault.Keys/4.2.0-alpha.20201029.1",
          "(.NET Core 4.6.29321.03; Microsoft Windows 10.0.19042 )"
        ],
        "x-ms-client-request-id": "8f3bd3a30340d3b3264c10c799533215",
        "x-ms-return-client-request-id": "true"
      },
      "RequestBody": {
        "kty": "EC-HSM"
      },
      "StatusCode": 200,
      "ResponseHeaders": {
        "Cache-Control": "no-cache",
        "Content-Length": "422",
        "Content-Security-Policy": "default-src \u0027self\u0027",
        "Content-Type": "application/json; charset=utf-8",
        "Strict-Transport-Security": "max-age=31536000; includeSubDomains",
        "X-Content-Type-Options": "nosniff",
        "X-Frame-Options": "SAMEORIGIN",
        "x-ms-keyvault-network-info": "addr=67.171.12.239",
        "x-ms-keyvault-region": "southcentralus",
        "x-ms-request-id": "9854e428-1a09-11eb-b905-0242ac120005",
        "x-ms-server-latency": "284"
      },
      "ResponseBody": {
        "attributes": {
          "created": 1604005045,
          "enabled": true,
          "exportable": false,
          "recoverableDays": 90,
          "recoveryLevel": "Recoverable\u002BPurgeable",
          "updated": 1604005045
        },
        "key": {
          "crv": "P-256",
          "key_ops": [
            "verify",
            "sign"
          ],
          "kid": "https://heathskeyvaulthsm.managedhsm.azure.net/keys/1907139561/bd65f687e84a0cae8ea2c39bf607c424",
          "kty": "EC-HSM",
          "x": "wzsD8IBs31CWYbd6a8NKo8nZrDXnwldVK3uNX2rIiuw",
          "y": "XX0_UJgvaVezHlu8wkUX53TLofqPnFc7ztGvg7YjJNI"
        }
      }
    },
    {
      "RequestUri": "https://heathskeyvaulthsm.managedhsm.azure.net/keys/1907139561/?api-version=7.1",
      "RequestMethod": "GET",
      "RequestHeaders": {
        "Accept": "application/json",
        "Authorization": "Sanitized",
        "Content-Type": "application/json",
        "traceparent": "00-e237f0057d27f041bf6e4ccfa9954082-cf9ed5327e14de4e-00",
        "User-Agent": [
          "azsdk-net-Security.KeyVault.Keys/4.2.0-alpha.20201029.1",
          "(.NET Core 4.6.29321.03; Microsoft Windows 10.0.19042 )"
        ],
        "x-ms-client-request-id": "7bef5340ef4f51a3bde98edb97f39369",
        "x-ms-return-client-request-id": "true"
      },
      "RequestBody": null,
      "StatusCode": 200,
      "ResponseHeaders": {
        "Cache-Control": "no-cache",
        "Content-Length": "422",
        "Content-Security-Policy": "default-src \u0027self\u0027",
        "Content-Type": "application/json; charset=utf-8",
        "Strict-Transport-Security": "max-age=31536000; includeSubDomains",
        "X-Content-Type-Options": "nosniff",
        "X-Frame-Options": "SAMEORIGIN",
        "x-ms-build-version": "1.0.20200917-2-1617fc9c-develop",
        "x-ms-keyvault-network-info": "addr=67.171.12.239",
        "x-ms-keyvault-region": "southcentralus",
        "x-ms-request-id": "9854e428-1a09-11eb-b905-0242ac120005",
        "x-ms-server-latency": "16"
      },
      "ResponseBody": {
        "attributes": {
          "created": 1604005045,
          "enabled": true,
          "exportable": false,
          "recoverableDays": 90,
          "recoveryLevel": "Recoverable\u002BPurgeable",
          "updated": 1604005045
        },
        "key": {
          "crv": "P-256",
          "key_ops": [
            "sign",
            "verify"
          ],
          "kid": "https://heathskeyvaulthsm.managedhsm.azure.net/keys/1907139561/bd65f687e84a0cae8ea2c39bf607c424",
          "kty": "EC-HSM",
          "x": "wzsD8IBs31CWYbd6a8NKo8nZrDXnwldVK3uNX2rIiuw",
          "y": "XX0_UJgvaVezHlu8wkUX53TLofqPnFc7ztGvg7YjJNI"
        }
      }
    }
  ],
  "Variables": {
    "AZURE_MANAGEDHSM_URL": "https://heathskeyvaulthsm.managedhsm.azure.net/",
    "RandomSeed": "1411952042"
  }
}