{
  "Entries": [
    {
      "RequestUri": "https://heathskeyvaulthsm.managedhsm.azure.net/keys/1118919611/create?api-version=7.3",
      "RequestMethod": "POST",
      "RequestHeaders": {
        "Accept": "application/json",
        "Content-Length": "0",
        "traceparent": "00-62911d2e4a2c751f4ff530fdd78af9de-3d2b909d0cdbdda6-00",
        "User-Agent": "azsdk-net-Security.KeyVault.Keys/4.3.0-alpha.20220322.1 (.NET 6.0.3; Microsoft Windows 10.0.22000)",
        "x-ms-client-request-id": "c91aa46fac7879c89e6ae410a7c37aec",
        "x-ms-return-client-request-id": "true"
      },
      "RequestBody": null,
      "StatusCode": 401,
      "ResponseHeaders": {
        "Cache-Control": "no-cache",
        "Content-Length": "0",
        "Content-Security-Policy": "default-src \u0027self\u0027",
        "Content-Type": "application/json; charset=utf-8",
        "Strict-Transport-Security": "max-age=31536000; includeSubDomains",
        "WWW-Authenticate": "Bearer authorization=\u0022https://login.microsoftonline.com/72f988bf-86f1-41af-91ab-2d7cd011db47\u0022, resource=\u0022https://managedhsm.azure.net\u0022",
        "X-Content-Type-Options": "nosniff",
        "X-Frame-Options": "SAMEORIGIN",
        "x-ms-request-id": "ec156c66-aad3-11ec-bbab-000d3aeeda4b",
        "x-ms-server-latency": "0"
      },
      "ResponseBody": null
    },
    {
      "RequestUri": "https://heathskeyvaulthsm.managedhsm.azure.net/keys/1118919611/create?api-version=7.3",
      "RequestMethod": "POST",
      "RequestHeaders": {
        "Accept": "application/json",
        "Authorization": "Sanitized",
        "Content-Length": "17",
        "Content-Type": "application/json",
        "traceparent": "00-62911d2e4a2c751f4ff530fdd78af9de-3d2b909d0cdbdda6-00",
        "User-Agent": "azsdk-net-Security.KeyVault.Keys/4.3.0-alpha.20220322.1 (.NET 6.0.3; Microsoft Windows 10.0.22000)",
        "x-ms-client-request-id": "c91aa46fac7879c89e6ae410a7c37aec",
        "x-ms-return-client-request-id": "true"
      },
      "RequestBody": {
        "kty": "RSA-HSM"
      },
      "StatusCode": 200,
      "ResponseHeaders": {
        "Cache-Control": "no-cache",
        "Content-Length": "720",
        "Content-Security-Policy": "default-src \u0027self\u0027",
        "Content-Type": "application/json; charset=utf-8",
        "Strict-Transport-Security": "max-age=31536000; includeSubDomains",
        "X-Content-Type-Options": "nosniff",
        "X-Frame-Options": "SAMEORIGIN",
        "x-ms-keyvault-network-info": "conn_type=Ipv4;addr=67.171.12.239;act_addr_fam=Ipv4;",
        "x-ms-keyvault-region": "southcentralus",
        "x-ms-request-id": "ec3cc072-aad3-11ec-bbab-000d3aeeda4b",
        "x-ms-server-latency": "225"
      },
      "ResponseBody": {
        "attributes": {
          "created": 1648058772,
          "enabled": true,
          "exportable": false,
          "recoverableDays": 7,
          "recoveryLevel": "CustomizedRecoverable\u002BPurgeable",
          "updated": 1648058772
        },
        "key": {
          "e": "AQAB",
          "key_ops": [
            "wrapKey",
            "decrypt",
            "encrypt",
            "unwrapKey",
            "sign",
            "verify"
          ],
          "kid": "https://heathskeyvaulthsm.managedhsm.azure.net/keys/1118919611/a905ab4721c20007bea77dec5a4cfd63",
          "kty": "RSA-HSM",
          "n": "y9_9AD9GNjKurI3Itk_nqRpqSt1e0b4GKEKEUi41C2r0y8UG73Q3Cwcm3PQDoY3Dw7-BCz1U39rajn6nBYVv33Nt46BOfNiTiVtKjmhWop4-TG-JoVJoBExpguoegEMERO-rDoEh-NuC4O8-cFLCdrPzITgiasObpfA6B3l6hp8wqStZaY1t-5Q76tUR_CrCDYabof907r6ieL0G9ImjTx9CuRQjcM0EC0Enz474quura94Hd5gY47fUeZQrtcQT9fRGPhKuBnS6lrIwhh9TMtrzIhFWam4W9PbShBZzbmkSosnal62CS1czmYu9k-DZXK_oF-zZc0g0OcmSnMIbIw"
        }
      }
    },
    {
      "RequestUri": "https://heathskeyvaulthsm.managedhsm.azure.net/keys/1118919611?api-version=7.3",
      "RequestMethod": "DELETE",
      "RequestHeaders": {
        "Accept": "application/json",
        "Authorization": "Sanitized",
        "traceparent": "00-b03b80d2a8be79c2e8bfc4b20152fef9-8ddeb9554af015f1-00",
        "User-Agent": "azsdk-net-Security.KeyVault.Keys/4.3.0-alpha.20220322.1 (.NET 6.0.3; Microsoft Windows 10.0.22000)",
        "x-ms-client-request-id": "107af557fde0c50bf21773a9f23ff9ef",
        "x-ms-return-client-request-id": "true"
      },
      "RequestBody": null,
      "StatusCode": 200,
      "ResponseHeaders": {
        "Cache-Control": "no-cache",
        "Content-Length": "862",
        "Content-Security-Policy": "default-src \u0027self\u0027",
        "Content-Type": "application/json; charset=utf-8",
        "Strict-Transport-Security": "max-age=31536000; includeSubDomains",
        "X-Content-Type-Options": "nosniff",
        "X-Frame-Options": "SAMEORIGIN",
        "x-ms-keyvault-network-info": "conn_type=Ipv4;addr=67.171.12.239;act_addr_fam=Ipv4;",
        "x-ms-keyvault-region": "southcentralus",
        "x-ms-request-id": "ec6a0b54-aad3-11ec-bbab-000d3aeeda4b",
        "x-ms-server-latency": "203"
      },
      "ResponseBody": {
        "attributes": {
          "created": 1648058772,
          "enabled": true,
          "exportable": false,
          "recoverableDays": 7,
          "recoveryLevel": "CustomizedRecoverable\u002BPurgeable",
          "updated": 1648058772
        },
        "deletedDate": 1648058772,
        "key": {
          "e": "AQAB",
          "key_ops": [
            "wrapKey",
            "encrypt",
            "decrypt",
            "unwrapKey",
            "sign",
            "verify"
          ],
          "kid": "https://heathskeyvaulthsm.managedhsm.azure.net/keys/1118919611/a905ab4721c20007bea77dec5a4cfd63",
          "kty": "RSA-HSM",
          "n": "y9_9AD9GNjKurI3Itk_nqRpqSt1e0b4GKEKEUi41C2r0y8UG73Q3Cwcm3PQDoY3Dw7-BCz1U39rajn6nBYVv33Nt46BOfNiTiVtKjmhWop4-TG-JoVJoBExpguoegEMERO-rDoEh-NuC4O8-cFLCdrPzITgiasObpfA6B3l6hp8wqStZaY1t-5Q76tUR_CrCDYabof907r6ieL0G9ImjTx9CuRQjcM0EC0Enz474quura94Hd5gY47fUeZQrtcQT9fRGPhKuBnS6lrIwhh9TMtrzIhFWam4W9PbShBZzbmkSosnal62CS1czmYu9k-DZXK_oF-zZc0g0OcmSnMIbIw"
        },
        "recoveryId": "https://heathskeyvaulthsm.managedhsm.azure.net/deletedkeys/1118919611",
        "scheduledPurgeDate": 1648663572
      }
    },
    {
      "RequestUri": "https://heathskeyvaulthsm.managedhsm.azure.net/deletedkeys/1118919611?api-version=7.3",
      "RequestMethod": "GET",
      "RequestHeaders": {
        "Accept": "application/json",
        "Authorization": "Sanitized",
        "User-Agent": "azsdk-net-Security.KeyVault.Keys/4.3.0-alpha.20220322.1 (.NET 6.0.3; Microsoft Windows 10.0.22000)",
        "x-ms-client-request-id": "82c088c12e92e053c7505786f7c397e1",
        "x-ms-return-client-request-id": "true"
      },
      "RequestBody": null,
      "StatusCode": 200,
      "ResponseHeaders": {
        "Cache-Control": "no-cache",
        "Content-Length": "862",
        "Content-Security-Policy": "default-src \u0027self\u0027",
        "Content-Type": "application/json; charset=utf-8",
        "Strict-Transport-Security": "max-age=31536000; includeSubDomains",
        "X-Content-Type-Options": "nosniff",
        "X-Frame-Options": "SAMEORIGIN",
        "x-ms-build-version": "1.0.20220305-2-902fedaa-closebadconnections",
        "x-ms-keyvault-network-info": "conn_type=Ipv4;addr=67.171.12.239;act_addr_fam=Ipv4;",
        "x-ms-keyvault-region": "southcentralus",
        "x-ms-request-id": "ec943f32-aad3-11ec-bbab-000d3aeeda4b",
        "x-ms-server-latency": "32"
      },
      "ResponseBody": {
        "attributes": {
          "created": 1648058772,
          "enabled": true,
          "exportable": false,
          "recoverableDays": 7,
          "recoveryLevel": "CustomizedRecoverable\u002BPurgeable",
          "updated": 1648058772
        },
        "deletedDate": 1648058772,
        "key": {
          "e": "AQAB",
          "key_ops": [
            "verify",
            "sign",
            "unwrapKey",
            "encrypt",
            "decrypt",
            "wrapKey"
          ],
          "kid": "https://heathskeyvaulthsm.managedhsm.azure.net/keys/1118919611/a905ab4721c20007bea77dec5a4cfd63",
          "kty": "RSA-HSM",
          "n": "y9_9AD9GNjKurI3Itk_nqRpqSt1e0b4GKEKEUi41C2r0y8UG73Q3Cwcm3PQDoY3Dw7-BCz1U39rajn6nBYVv33Nt46BOfNiTiVtKjmhWop4-TG-JoVJoBExpguoegEMERO-rDoEh-NuC4O8-cFLCdrPzITgiasObpfA6B3l6hp8wqStZaY1t-5Q76tUR_CrCDYabof907r6ieL0G9ImjTx9CuRQjcM0EC0Enz474quura94Hd5gY47fUeZQrtcQT9fRGPhKuBnS6lrIwhh9TMtrzIhFWam4W9PbShBZzbmkSosnal62CS1czmYu9k-DZXK_oF-zZc0g0OcmSnMIbIw"
        },
        "recoveryId": "https://heathskeyvaulthsm.managedhsm.azure.net/deletedkeys/1118919611",
        "scheduledPurgeDate": 1648663572
      }
    },
    {
      "RequestUri": "https://heathskeyvaulthsm.managedhsm.azure.net/keys/1118919611/?api-version=7.3",
      "RequestMethod": "GET",
      "RequestHeaders": {
        "Accept": "application/json",
        "Authorization": "Sanitized",
        "traceparent": "00-360e92c3d424f7dfec3a96bb89742713-2cb61a71709be348-00",
        "User-Agent": "azsdk-net-Security.KeyVault.Keys/4.3.0-alpha.20220322.1 (.NET 6.0.3; Microsoft Windows 10.0.22000)",
        "x-ms-client-request-id": "46726991f72f71db9854d661381f875f",
        "x-ms-return-client-request-id": "true"
      },
      "RequestBody": null,
      "StatusCode": 404,
      "ResponseHeaders": {
        "Cache-Control": "no-cache",
        "Content-Length": "174",
        "Content-Security-Policy": "default-src \u0027self\u0027",
        "Content-Type": "application/json; charset=utf-8",
        "Strict-Transport-Security": "max-age=31536000; includeSubDomains",
        "X-Content-Type-Options": "nosniff",
        "X-Frame-Options": "SAMEORIGIN",
        "x-ms-build-version": "1.0.20220305-2-902fedaa-closebadconnections",
        "x-ms-request-id": "eca4dcf2-aad3-11ec-bbab-000d3aeeda4b",
        "x-ms-server-latency": "16"
      },
      "ResponseBody": {
        "error": {
          "code": "KeyNotFound",
          "message": "Key not found: https://heathskeyvaulthsm.managedhsm.azure.net/keys/1118919611 (Activity ID: eca4dcf2-aad3-11ec-bbab-000d3aeeda4b)"
        }
      }
    }
  ],
  "Variables": {
    "AZURE_MANAGEDHSM_URL": "https://heathskeyvaulthsm.managedhsm.azure.net/",
    "RandomSeed": "518880993"
  }
}
