{
  "Entries": [
    {
      "RequestUri": "https://heathskeyvaulthsm.managedhsm.azure.net/keys/674785617/create?api-version=7.3",
      "RequestMethod": "POST",
      "RequestHeaders": {
        "Accept": "application/json",
        "Content-Length": "0",
        "traceparent": "00-f982062138e463a911ee4fffb4936949-e03f4f38addd10db-00",
        "User-Agent": "azsdk-net-Security.KeyVault.Keys/4.3.0-alpha.20220322.1 (.NET 6.0.3; Microsoft Windows 10.0.22000)",
        "x-ms-client-request-id": "c7991af06b00c937a8d81f78e8707871",
        "x-ms-return-client-request-id": "true"
      },
      "RequestBody": null,
      "StatusCode": 401,
      "ResponseHeaders": {
        "Cache-Control": "no-cache",
        "Content-Length": "0",
        "Content-Security-Policy": "default-src \u0027self\u0027",
        "Content-Type": "application/json; charset=utf-8",
        "Strict-Transport-Security": "max-age=31536000; includeSubDomains",
        "WWW-Authenticate": "Bearer authorization=\u0022https://login.microsoftonline.com/72f988bf-86f1-41af-91ab-2d7cd011db47\u0022, resource=\u0022https://managedhsm.azure.net\u0022",
        "X-Content-Type-Options": "nosniff",
        "X-Frame-Options": "SAMEORIGIN",
        "x-ms-request-id": "a60fd6f6-aad4-11ec-9185-000d3aeeda4b",
        "x-ms-server-latency": "1"
      },
      "ResponseBody": null
    },
    {
      "RequestUri": "https://heathskeyvaulthsm.managedhsm.azure.net/keys/674785617/create?api-version=7.3",
      "RequestMethod": "POST",
      "RequestHeaders": {
        "Accept": "application/json",
        "Authorization": "Sanitized",
        "Content-Length": "17",
        "Content-Type": "application/json",
        "traceparent": "00-f982062138e463a911ee4fffb4936949-e03f4f38addd10db-00",
        "User-Agent": "azsdk-net-Security.KeyVault.Keys/4.3.0-alpha.20220322.1 (.NET 6.0.3; Microsoft Windows 10.0.22000)",
        "x-ms-client-request-id": "c7991af06b00c937a8d81f78e8707871",
        "x-ms-return-client-request-id": "true"
      },
      "RequestBody": {
        "kty": "RSA-HSM"
      },
      "StatusCode": 200,
      "ResponseHeaders": {
        "Cache-Control": "no-cache",
        "Content-Length": "719",
        "Content-Security-Policy": "default-src \u0027self\u0027",
        "Content-Type": "application/json; charset=utf-8",
        "Strict-Transport-Security": "max-age=31536000; includeSubDomains",
        "X-Content-Type-Options": "nosniff",
        "X-Frame-Options": "SAMEORIGIN",
        "x-ms-keyvault-network-info": "conn_type=Ipv4;addr=67.171.12.239;act_addr_fam=Ipv4;",
        "x-ms-keyvault-region": "southcentralus",
        "x-ms-request-id": "a64467cc-aad4-11ec-9185-000d3aeeda4b",
        "x-ms-server-latency": "230"
      },
      "ResponseBody": {
        "attributes": {
          "created": 1648059084,
          "enabled": true,
          "exportable": false,
          "recoverableDays": 7,
          "recoveryLevel": "CustomizedRecoverable\u002BPurgeable",
          "updated": 1648059084
        },
        "key": {
          "e": "AQAB",
          "key_ops": [
            "wrapKey",
            "decrypt",
            "encrypt",
            "unwrapKey",
            "sign",
            "verify"
          ],
          "kid": "https://heathskeyvaulthsm.managedhsm.azure.net/keys/674785617/5b67c7df20400386045a786b3cf70219",
          "kty": "RSA-HSM",
          "n": "ueKlHG11DF2HB_AQGYzYCYUNBWldBd-NOf74u5SPphX3PlOZPW6m0RmUYLJNZEVhlEGPqyYa-AWj3fM4-fC2fHJIH5SmQP5GQLYW1rQhAhspoYsQz04fIlWuQpvpjSwRz_UqkVFazXfTul2Bo8zk-bSLf_PjglzGFYhUgczUOJGM5CoJq1Il9GXAWWBbpbiBzmf-QpwQER016TAS7sjO9694Ls7CCkrOI74FSaLrD0eImhuJ0QA73bKe68D1NGpAXGuaYGOfbveGYVbTQpiLYaYx9TYBUoerf3DSbqghlr1D7I2lTB4HcKbzAxl_wmk6AIQcPNmrzMVSKfMAlYHFZw"
        }
      }
    },
    {
      "RequestUri": "https://heathskeyvaulthsm.managedhsm.azure.net/keys/674785617?api-version=7.3",
      "RequestMethod": "DELETE",
      "RequestHeaders": {
        "Accept": "application/json",
        "Authorization": "Sanitized",
        "traceparent": "00-604dcf8b6995a0e46f07145dd00de7f8-ae077db7000cf646-00",
        "User-Agent": "azsdk-net-Security.KeyVault.Keys/4.3.0-alpha.20220322.1 (.NET 6.0.3; Microsoft Windows 10.0.22000)",
        "x-ms-client-request-id": "da386851fa5020bd6109acde0da5956a",
        "x-ms-return-client-request-id": "true"
      },
      "RequestBody": null,
      "StatusCode": 200,
      "ResponseHeaders": {
        "Cache-Control": "no-cache",
        "Content-Length": "860",
        "Content-Security-Policy": "default-src \u0027self\u0027",
        "Content-Type": "application/json; charset=utf-8",
        "Strict-Transport-Security": "max-age=31536000; includeSubDomains",
        "X-Content-Type-Options": "nosniff",
        "X-Frame-Options": "SAMEORIGIN",
        "x-ms-keyvault-network-info": "conn_type=Ipv4;addr=67.171.12.239;act_addr_fam=Ipv4;",
        "x-ms-keyvault-region": "southcentralus",
        "x-ms-request-id": "a672338c-aad4-11ec-9185-000d3aeeda4b",
        "x-ms-server-latency": "186"
      },
      "ResponseBody": {
        "attributes": {
          "created": 1648059084,
          "enabled": true,
          "exportable": false,
          "recoverableDays": 7,
          "recoveryLevel": "CustomizedRecoverable\u002BPurgeable",
          "updated": 1648059084
        },
        "deletedDate": 1648059084,
        "key": {
          "e": "AQAB",
          "key_ops": [
            "wrapKey",
            "encrypt",
            "decrypt",
            "unwrapKey",
            "sign",
            "verify"
          ],
          "kid": "https://heathskeyvaulthsm.managedhsm.azure.net/keys/674785617/5b67c7df20400386045a786b3cf70219",
          "kty": "RSA-HSM",
          "n": "ueKlHG11DF2HB_AQGYzYCYUNBWldBd-NOf74u5SPphX3PlOZPW6m0RmUYLJNZEVhlEGPqyYa-AWj3fM4-fC2fHJIH5SmQP5GQLYW1rQhAhspoYsQz04fIlWuQpvpjSwRz_UqkVFazXfTul2Bo8zk-bSLf_PjglzGFYhUgczUOJGM5CoJq1Il9GXAWWBbpbiBzmf-QpwQER016TAS7sjO9694Ls7CCkrOI74FSaLrD0eImhuJ0QA73bKe68D1NGpAXGuaYGOfbveGYVbTQpiLYaYx9TYBUoerf3DSbqghlr1D7I2lTB4HcKbzAxl_wmk6AIQcPNmrzMVSKfMAlYHFZw"
        },
        "recoveryId": "https://heathskeyvaulthsm.managedhsm.azure.net/deletedkeys/674785617",
        "scheduledPurgeDate": 1648663884
      }
    },
    {
      "RequestUri": "https://heathskeyvaulthsm.managedhsm.azure.net/deletedkeys/674785617?api-version=7.3",
      "RequestMethod": "GET",
      "RequestHeaders": {
        "Accept": "application/json",
        "Authorization": "Sanitized",
        "User-Agent": "azsdk-net-Security.KeyVault.Keys/4.3.0-alpha.20220322.1 (.NET 6.0.3; Microsoft Windows 10.0.22000)",
        "x-ms-client-request-id": "c0b6f9016dfe5debe209dee7eb7c3062",
        "x-ms-return-client-request-id": "true"
      },
      "RequestBody": null,
      "StatusCode": 200,
      "ResponseHeaders": {
        "Cache-Control": "no-cache",
        "Content-Length": "860",
        "Content-Security-Policy": "default-src \u0027self\u0027",
        "Content-Type": "application/json; charset=utf-8",
        "Strict-Transport-Security": "max-age=31536000; includeSubDomains",
        "X-Content-Type-Options": "nosniff",
        "X-Frame-Options": "SAMEORIGIN",
        "x-ms-build-version": "1.0.20220305-2-902fedaa-closebadconnections",
        "x-ms-keyvault-network-info": "conn_type=Ipv4;addr=67.171.12.239;act_addr_fam=Ipv4;",
        "x-ms-keyvault-region": "southcentralus",
        "x-ms-request-id": "a69c5270-aad4-11ec-9185-000d3aeeda4b",
        "x-ms-server-latency": "37"
      },
      "ResponseBody": {
        "attributes": {
          "created": 1648059084,
          "enabled": true,
          "exportable": false,
          "recoverableDays": 7,
          "recoveryLevel": "CustomizedRecoverable\u002BPurgeable",
          "updated": 1648059084
        },
        "deletedDate": 1648059084,
        "key": {
          "e": "AQAB",
          "key_ops": [
            "verify",
            "sign",
            "unwrapKey",
            "encrypt",
            "decrypt",
            "wrapKey"
          ],
          "kid": "https://heathskeyvaulthsm.managedhsm.azure.net/keys/674785617/5b67c7df20400386045a786b3cf70219",
          "kty": "RSA-HSM",
          "n": "ueKlHG11DF2HB_AQGYzYCYUNBWldBd-NOf74u5SPphX3PlOZPW6m0RmUYLJNZEVhlEGPqyYa-AWj3fM4-fC2fHJIH5SmQP5GQLYW1rQhAhspoYsQz04fIlWuQpvpjSwRz_UqkVFazXfTul2Bo8zk-bSLf_PjglzGFYhUgczUOJGM5CoJq1Il9GXAWWBbpbiBzmf-QpwQER016TAS7sjO9694Ls7CCkrOI74FSaLrD0eImhuJ0QA73bKe68D1NGpAXGuaYGOfbveGYVbTQpiLYaYx9TYBUoerf3DSbqghlr1D7I2lTB4HcKbzAxl_wmk6AIQcPNmrzMVSKfMAlYHFZw"
        },
        "recoveryId": "https://heathskeyvaulthsm.managedhsm.azure.net/deletedkeys/674785617",
        "scheduledPurgeDate": 1648663884
      }
    },
    {
      "RequestUri": "https://heathskeyvaulthsm.managedhsm.azure.net/keys/674785617/?api-version=7.3",
      "RequestMethod": "GET",
      "RequestHeaders": {
        "Accept": "application/json",
        "Authorization": "Sanitized",
        "traceparent": "00-4633e062354762c2be2172884c3604ea-8db01e93877026a6-00",
        "User-Agent": "azsdk-net-Security.KeyVault.Keys/4.3.0-alpha.20220322.1 (.NET 6.0.3; Microsoft Windows 10.0.22000)",
        "x-ms-client-request-id": "03380a29b1d2f5005d7865f6be59bc02",
        "x-ms-return-client-request-id": "true"
      },
      "RequestBody": null,
      "StatusCode": 404,
      "ResponseHeaders": {
        "Cache-Control": "no-cache",
        "Content-Length": "173",
        "Content-Security-Policy": "default-src \u0027self\u0027",
        "Content-Type": "application/json; charset=utf-8",
        "Strict-Transport-Security": "max-age=31536000; includeSubDomains",
        "X-Content-Type-Options": "nosniff",
        "X-Frame-Options": "SAMEORIGIN",
        "x-ms-build-version": "1.0.20220305-2-902fedaa-closebadconnections",
        "x-ms-request-id": "a6accb50-aad4-11ec-9185-000d3aeeda4b",
        "x-ms-server-latency": "17"
      },
      "ResponseBody": {
        "error": {
          "code": "KeyNotFound",
          "message": "Key not found: https://heathskeyvaulthsm.managedhsm.azure.net/keys/674785617 (Activity ID: a6accb50-aad4-11ec-9185-000d3aeeda4b)"
        }
      }
    }
  ],
  "Variables": {
    "AZURE_MANAGEDHSM_URL": "https://heathskeyvaulthsm.managedhsm.azure.net/",
    "RandomSeed": "220223652"
  }
}
