{
  "Entries": [
    {
      "RequestUri": "https://heathskeyvaulthsm.managedhsm.azure.net/keys/5335290540/create?api-version=7.3",
      "RequestMethod": "POST",
      "RequestHeaders": {
        "Accept": "application/json",
        "Content-Length": "0",
        "traceparent": "00-a1243626d81b83e82305fad52edd2f68-dc6c07d564375918-00",
        "User-Agent": "azsdk-net-Security.KeyVault.Keys/4.3.0-alpha.20220322.1 (.NET 6.0.3; Microsoft Windows 10.0.22000)",
        "x-ms-client-request-id": "818ed69ced497847aadc929cee8773a0",
        "x-ms-return-client-request-id": "true"
      },
      "RequestBody": null,
      "StatusCode": 401,
      "ResponseHeaders": {
        "Cache-Control": "no-cache",
        "Content-Length": "0",
        "Content-Security-Policy": "default-src \u0027self\u0027",
        "Content-Type": "application/json; charset=utf-8",
        "Strict-Transport-Security": "max-age=31536000; includeSubDomains",
        "WWW-Authenticate": "Bearer authorization=\u0022https://login.microsoftonline.com/72f988bf-86f1-41af-91ab-2d7cd011db47\u0022, resource=\u0022https://managedhsm.azure.net\u0022",
        "X-Content-Type-Options": "nosniff",
        "X-Frame-Options": "SAMEORIGIN",
        "x-ms-request-id": "aa5851d4-aad4-11ec-9185-000d3aeeda4b",
        "x-ms-server-latency": "1"
      },
      "ResponseBody": null
    },
    {
      "RequestUri": "https://heathskeyvaulthsm.managedhsm.azure.net/keys/5335290540/create?api-version=7.3",
      "RequestMethod": "POST",
      "RequestHeaders": {
        "Accept": "application/json",
        "Authorization": "Sanitized",
        "Content-Length": "12",
        "Content-Type": "application/json",
        "traceparent": "00-a1243626d81b83e82305fad52edd2f68-dc6c07d564375918-00",
        "User-Agent": "azsdk-net-Security.KeyVault.Keys/4.3.0-alpha.20220322.1 (.NET 6.0.3; Microsoft Windows 10.0.22000)",
        "x-ms-client-request-id": "818ed69ced497847aadc929cee8773a0",
        "x-ms-return-client-request-id": "true"
      },
      "RequestBody": {
        "kty": "EC"
      },
      "StatusCode": 200,
      "ResponseHeaders": {
        "Cache-Control": "no-cache",
        "Content-Length": "431",
        "Content-Security-Policy": "default-src \u0027self\u0027",
        "Content-Type": "application/json; charset=utf-8",
        "Strict-Transport-Security": "max-age=31536000; includeSubDomains",
        "X-Content-Type-Options": "nosniff",
        "X-Frame-Options": "SAMEORIGIN",
        "x-ms-keyvault-network-info": "conn_type=Ipv4;addr=67.171.12.239;act_addr_fam=Ipv4;",
        "x-ms-keyvault-region": "southcentralus",
        "x-ms-request-id": "aa7d3fd0-aad4-11ec-9185-000d3aeeda4b",
        "x-ms-server-latency": "278"
      },
      "ResponseBody": {
        "attributes": {
          "created": 1648059091,
          "enabled": true,
          "exportable": false,
          "recoverableDays": 7,
          "recoveryLevel": "CustomizedRecoverable\u002BPurgeable",
          "updated": 1648059091
        },
        "key": {
          "crv": "P-256",
          "key_ops": [
            "verify",
            "sign"
          ],
          "kid": "https://heathskeyvaulthsm.managedhsm.azure.net/keys/5335290540/618781e343220b7bb0bc4fb44162020e",
          "kty": "EC-HSM",
          "x": "zXbRsX5P7QGbB2D2P6UlXv1JW4QI75FL00fW32Mg7hc",
          "y": "uBAUCXpXedqI51oveyZAJbUOQophihvzcW9xLY-jvIE"
        }
      }
    },
    {
      "RequestUri": "https://heathskeyvaulthsm.managedhsm.azure.net/keys/5335290540?api-version=7.3",
      "RequestMethod": "DELETE",
      "RequestHeaders": {
        "Accept": "application/json",
        "Authorization": "Sanitized",
        "traceparent": "00-bfe888b3ff5059fb0e0c893c58c4e03e-a0f3e2c60c31043c-00",
        "User-Agent": "azsdk-net-Security.KeyVault.Keys/4.3.0-alpha.20220322.1 (.NET 6.0.3; Microsoft Windows 10.0.22000)",
        "x-ms-client-request-id": "5faa78e747c09272282a6f3acb5e7d85",
        "x-ms-return-client-request-id": "true"
      },
      "RequestBody": null,
      "StatusCode": 200,
      "ResponseHeaders": {
        "Cache-Control": "no-cache",
        "Content-Length": "573",
        "Content-Security-Policy": "default-src \u0027self\u0027",
        "Content-Type": "application/json; charset=utf-8",
        "Strict-Transport-Security": "max-age=31536000; includeSubDomains",
        "X-Content-Type-Options": "nosniff",
        "X-Frame-Options": "SAMEORIGIN",
        "x-ms-keyvault-network-info": "conn_type=Ipv4;addr=67.171.12.239;act_addr_fam=Ipv4;",
        "x-ms-keyvault-region": "southcentralus",
        "x-ms-request-id": "aab830d6-aad4-11ec-9185-000d3aeeda4b",
        "x-ms-server-latency": "196"
      },
      "ResponseBody": {
        "attributes": {
          "created": 1648059091,
          "enabled": true,
          "exportable": false,
          "recoverableDays": 7,
          "recoveryLevel": "CustomizedRecoverable\u002BPurgeable",
          "updated": 1648059091
        },
        "deletedDate": 1648059091,
        "key": {
          "crv": "P-256",
          "key_ops": [
            "verify",
            "sign"
          ],
          "kid": "https://heathskeyvaulthsm.managedhsm.azure.net/keys/5335290540/618781e343220b7bb0bc4fb44162020e",
          "kty": "EC-HSM",
          "x": "zXbRsX5P7QGbB2D2P6UlXv1JW4QI75FL00fW32Mg7hc",
          "y": "uBAUCXpXedqI51oveyZAJbUOQophihvzcW9xLY-jvIE"
        },
        "recoveryId": "https://heathskeyvaulthsm.managedhsm.azure.net/deletedkeys/5335290540",
        "scheduledPurgeDate": 1648663891
      }
    },
    {
      "RequestUri": "https://heathskeyvaulthsm.managedhsm.azure.net/keys/5335290541/create?api-version=7.3",
      "RequestMethod": "POST",
      "RequestHeaders": {
        "Accept": "application/json",
        "Authorization": "Sanitized",
        "Content-Length": "12",
        "Content-Type": "application/json",
        "traceparent": "00-f2e5934c3e58a40b260d30dd1de18765-8e4b64d504f0af10-00",
        "User-Agent": "azsdk-net-Security.KeyVault.Keys/4.3.0-alpha.20220322.1 (.NET 6.0.3; Microsoft Windows 10.0.22000)",
        "x-ms-client-request-id": "8b9cdd2aefc2c297cc8ef7d6780daf4c",
        "x-ms-return-client-request-id": "true"
      },
      "RequestBody": {
        "kty": "EC"
      },
      "StatusCode": 200,
      "ResponseHeaders": {
        "Cache-Control": "no-cache",
        "Content-Length": "431",
        "Content-Security-Policy": "default-src \u0027self\u0027",
        "Content-Type": "application/json; charset=utf-8",
        "Strict-Transport-Security": "max-age=31536000; includeSubDomains",
        "X-Content-Type-Options": "nosniff",
        "X-Frame-Options": "SAMEORIGIN",
        "x-ms-keyvault-network-info": "conn_type=Ipv4;addr=67.171.12.239;act_addr_fam=Ipv4;",
        "x-ms-keyvault-region": "southcentralus",
        "x-ms-request-id": "aaf1d58e-aad4-11ec-9185-000d3aeeda4b",
        "x-ms-server-latency": "253"
      },
      "ResponseBody": {
        "attributes": {
          "created": 1648059091,
          "enabled": true,
          "exportable": false,
          "recoverableDays": 7,
          "recoveryLevel": "CustomizedRecoverable\u002BPurgeable",
          "updated": 1648059091
        },
        "key": {
          "crv": "P-256",
          "key_ops": [
            "verify",
            "sign"
          ],
          "kid": "https://heathskeyvaulthsm.managedhsm.azure.net/keys/5335290541/532915e269ac45b185c4afd79775e7f7",
          "kty": "EC-HSM",
          "x": "QkN_18EU2N1chwsUEfRsl1L-feQEEworJyIiyrFTPu0",
          "y": "23iuolYlwAFJTxWusmfQPlOAclNM4idO8kFDOH_DDeM"
        }
      }
    },
    {
      "RequestUri": "https://heathskeyvaulthsm.managedhsm.azure.net/keys/5335290541?api-version=7.3",
      "RequestMethod": "DELETE",
      "RequestHeaders": {
        "Accept": "application/json",
        "Authorization": "Sanitized",
        "traceparent": "00-5efdd11a5260694fe37c7a07f3bc0c80-8c56fbc65691d7e4-00",
        "User-Agent": "azsdk-net-Security.KeyVault.Keys/4.3.0-alpha.20220322.1 (.NET 6.0.3; Microsoft Windows 10.0.22000)",
        "x-ms-client-request-id": "1abc265ee51f551d63fb591f7d0cac4b",
        "x-ms-return-client-request-id": "true"
      },
      "RequestBody": null,
      "StatusCode": 200,
      "ResponseHeaders": {
        "Cache-Control": "no-cache",
        "Content-Length": "573",
        "Content-Security-Policy": "default-src \u0027self\u0027",
        "Content-Type": "application/json; charset=utf-8",
        "Strict-Transport-Security": "max-age=31536000; includeSubDomains",
        "X-Content-Type-Options": "nosniff",
        "X-Frame-Options": "SAMEORIGIN",
        "x-ms-keyvault-network-info": "conn_type=Ipv4;addr=67.171.12.239;act_addr_fam=Ipv4;",
        "x-ms-keyvault-region": "southcentralus",
        "x-ms-request-id": "ab347f1a-aad4-11ec-9185-000d3aeeda4b",
        "x-ms-server-latency": "210"
      },
      "ResponseBody": {
        "attributes": {
          "created": 1648059091,
          "enabled": true,
          "exportable": false,
          "recoverableDays": 7,
          "recoveryLevel": "CustomizedRecoverable\u002BPurgeable",
          "updated": 1648059091
        },
        "deletedDate": 1648059092,
        "key": {
          "crv": "P-256",
          "key_ops": [
            "verify",
            "sign"
          ],
          "kid": "https://heathskeyvaulthsm.managedhsm.azure.net/keys/5335290541/532915e269ac45b185c4afd79775e7f7",
          "kty": "EC-HSM",
          "x": "QkN_18EU2N1chwsUEfRsl1L-feQEEworJyIiyrFTPu0",
          "y": "23iuolYlwAFJTxWusmfQPlOAclNM4idO8kFDOH_DDeM"
        },
        "recoveryId": "https://heathskeyvaulthsm.managedhsm.azure.net/deletedkeys/5335290541",
        "scheduledPurgeDate": 1648663892
      }
    },
    {
      "RequestUri": "https://heathskeyvaulthsm.managedhsm.azure.net/deletedkeys/?api-version=7.3",
      "RequestMethod": "GET",
      "RequestHeaders": {
        "Accept": "application/json",
        "Authorization": "Sanitized",
        "traceparent": "00-db2182ad8c3f9c2ffaa7678fe7caf34a-dc7405d8c85878b5-00",
        "User-Agent": "azsdk-net-Security.KeyVault.Keys/4.3.0-alpha.20220322.1 (.NET 6.0.3; Microsoft Windows 10.0.22000)",
        "x-ms-client-request-id": "6b77ace19e9b766147c5393752eb05c8",
        "x-ms-return-client-request-id": "true"
      },
      "RequestBody": null,
      "StatusCode": 200,
      "ResponseHeaders": {
        "Cache-Control": "no-cache",
        "Content-Length": "3942",
        "Content-Security-Policy": "default-src \u0027self\u0027",
        "Content-Type": "application/json; charset=utf-8",
        "Strict-Transport-Security": "max-age=31536000; includeSubDomains",
        "X-Content-Type-Options": "nosniff",
        "X-Frame-Options": "SAMEORIGIN",
        "x-ms-build-version": "1.0.20220305-2-902fedaa-closebadconnections",
        "x-ms-keyvault-network-info": "conn_type=Ipv4;addr=67.171.12.239;act_addr_fam=Ipv4;",
        "x-ms-keyvault-region": "southcentralus",
        "x-ms-request-id": "ab876c52-aad4-11ec-9185-000d3aeeda4b",
        "x-ms-server-latency": "34"
      },
      "ResponseBody": {
        "nextLink": "https://heathskeyvaulthsm.managedhsm.azure.net/deletedkeys/?maxresults=25\u0026$skiptoken=K1JJRDp-bXFSK0FQVko2MVVaQUFBQUFBQUFBQT09I1JUOjEjVFJDOjEwI0lTVjoyI0lFTzo2NTU2Nw",
        "value": [
          {
            "attributes": {
              "created": 1648058117,
              "enabled": true,
              "exportable": false,
              "recoverableDays": 7,
              "recoveryLevel": "CustomizedRecoverable\u002BPurgeable",
              "updated": 1648058117
            },
            "deletedDate": 1648058117,
            "kid": "https://heathskeyvaulthsm.managedhsm.azure.net/keys/133881953",
            "recoveryId": "https://heathskeyvaulthsm.managedhsm.azure.net/deletedkeys/133881953",
            "scheduledPurgeDate": 1648662917
          },
          {
            "attributes": {
              "created": 1648058118,
              "enabled": true,
              "exportable": false,
              "recoverableDays": 7,
              "recoveryLevel": "CustomizedRecoverable\u002BPurgeable",
              "updated": 1648058118
            },
            "deletedDate": 1648058118,
            "kid": "https://heathskeyvaulthsm.managedhsm.azure.net/keys/1819708732",
            "recoveryId": "https://heathskeyvaulthsm.managedhsm.azure.net/deletedkeys/1819708732",
            "scheduledPurgeDate": 1648662918
          },
          {
            "attributes": {
              "created": 1648058119,
              "enabled": true,
              "exportable": false,
              "recoverableDays": 7,
              "recoveryLevel": "CustomizedRecoverable\u002BPurgeable",
              "updated": 1648058119
            },
            "deletedDate": 1648058119,
            "kid": "https://heathskeyvaulthsm.managedhsm.azure.net/keys/1001819577",
            "recoveryId": "https://heathskeyvaulthsm.managedhsm.azure.net/deletedkeys/1001819577",
            "scheduledPurgeDate": 1648662919
          },
          {
            "attributes": {
              "created": 1648058120,
              "enabled": true,
              "exportable": false,
              "recoverableDays": 7,
              "recoveryLevel": "CustomizedRecoverable\u002BPurgeable",
              "updated": 1648058120
            },
            "deletedDate": 1648058121,
            "kid": "https://heathskeyvaulthsm.managedhsm.azure.net/keys/1114930412",
            "recoveryId": "https://heathskeyvaulthsm.managedhsm.azure.net/deletedkeys/1114930412",
            "scheduledPurgeDate": 1648662921
          },
          {
            "attributes": {
              "created": 1648058121,
              "enabled": true,
              "exportable": false,
              "recoverableDays": 7,
              "recoveryLevel": "CustomizedRecoverable\u002BPurgeable",
              "updated": 1648058121
            },
            "deletedDate": 1648058122,
            "kid": "https://heathskeyvaulthsm.managedhsm.azure.net/keys/2107233215",
            "recoveryId": "https://heathskeyvaulthsm.managedhsm.azure.net/deletedkeys/2107233215",
            "scheduledPurgeDate": 1648662922
          },
          {
            "attributes": {
              "created": 1648058122,
              "enabled": true,
              "exportable": false,
              "recoverableDays": 7,
              "recoveryLevel": "CustomizedRecoverable\u002BPurgeable",
              "updated": 1648058122
            },
            "deletedDate": 1648058123,
            "kid": "https://heathskeyvaulthsm.managedhsm.azure.net/keys/430299760",
            "recoveryId": "https://heathskeyvaulthsm.managedhsm.azure.net/deletedkeys/430299760",
            "scheduledPurgeDate": 1648662923
          },
          {
            "attributes": {
              "created": 1648058124,
              "enabled": true,
              "exportable": false,
              "recoverableDays": 7,
              "recoveryLevel": "CustomizedRecoverable\u002BPurgeable",
              "updated": 1648058124
            },
            "deletedDate": 1648058125,
            "kid": "https://heathskeyvaulthsm.managedhsm.azure.net/keys/2078254641",
            "recoveryId": "https://heathskeyvaulthsm.managedhsm.azure.net/deletedkeys/2078254641",
            "scheduledPurgeDate": 1648662925
          },
          {
            "attributes": {
              "created": 1648058126,
              "enabled": true,
              "exportable": false,
              "recoverableDays": 7,
              "recoveryLevel": "CustomizedRecoverable\u002BPurgeable",
              "updated": 1648058126
            },
            "deletedDate": 1648058127,
            "kid": "https://heathskeyvaulthsm.managedhsm.azure.net/keys/1162617275",
            "recoveryId": "https://heathskeyvaulthsm.managedhsm.azure.net/deletedkeys/1162617275",
            "scheduledPurgeDate": 1648662927
          },
          {
            "attributes": {
              "created": 1648058128,
              "enabled": true,
              "exportable": false,
              "recoverableDays": 7,
              "recoveryLevel": "CustomizedRecoverable\u002BPurgeable",
              "updated": 1648058128
            },
            "deletedDate": 1648058129,
            "kid": "https://heathskeyvaulthsm.managedhsm.azure.net/keys/256674297",
            "recoveryId": "https://heathskeyvaulthsm.managedhsm.azure.net/deletedkeys/256674297",
            "scheduledPurgeDate": 1648662929
          },
          {
            "attributes": {
              "created": 1648058131,
              "enabled": true,
              "exportable": false,
              "recoverableDays": 7,
              "recoveryLevel": "CustomizedRecoverable\u002BPurgeable",
              "updated": 1648058131
            },
            "deletedDate": 1648058131,
            "kid": "https://heathskeyvaulthsm.managedhsm.azure.net/keys/1133230882",
            "recoveryId": "https://heathskeyvaulthsm.managedhsm.azure.net/deletedkeys/1133230882",
            "scheduledPurgeDate": 1648662931
          }
        ]
      }
    },
    {
      "RequestUri": "https://heathskeyvaulthsm.managedhsm.azure.net/deletedkeys/?maxresults=25\u0026$skiptoken=K1JJRDp-bXFSK0FQVko2MVVaQUFBQUFBQUFBQT09I1JUOjEjVFJDOjEwI0lTVjoyI0lFTzo2NTU2Nw",
      "RequestMethod": "GET",
      "RequestHeaders": {
        "Accept": "application/json",
        "Authorization": "Sanitized",
        "traceparent": "00-ebdd49e5291ede2e9d804a8ba4e0f540-c33f995f10c9dcd1-00",
        "User-Agent": "azsdk-net-Security.KeyVault.Keys/4.3.0-alpha.20220322.1 (.NET 6.0.3; Microsoft Windows 10.0.22000)",
        "x-ms-client-request-id": "5aa43fe10731fca9a72d50a4c0176168",
        "x-ms-return-client-request-id": "true"
      },
      "RequestBody": null,
      "StatusCode": 200,
      "ResponseHeaders": {
        "Cache-Control": "no-cache",
        "Content-Length": "3930",
        "Content-Security-Policy": "default-src \u0027self\u0027",
        "Content-Type": "application/json; charset=utf-8",
        "Strict-Transport-Security": "max-age=31536000; includeSubDomains",
        "X-Content-Type-Options": "nosniff",
        "X-Frame-Options": "SAMEORIGIN",
        "x-ms-build-version": "1.0.20220305-2-902fedaa-closebadconnections",
        "x-ms-keyvault-network-info": "conn_type=Ipv4;addr=67.171.12.239;act_addr_fam=Ipv4;",
        "x-ms-keyvault-region": "southcentralus",
        "x-ms-request-id": "ab9a595c-aad4-11ec-9185-000d3aeeda4b",
        "x-ms-server-latency": "40"
      },
      "ResponseBody": {
        "nextLink": "https://heathskeyvaulthsm.managedhsm.azure.net/deletedkeys/?maxresults=25\u0026$skiptoken=K1JJRDp-bXFSK0FQVko2MVV0QUFBQUFBQUFBQT09I1JUOjIjVFJDOjIwI0lTVjoyI0lFTzo2NTU2Nw",
        "value": [
          {
            "attributes": {
              "created": 1648058133,
              "enabled": true,
              "exportable": false,
              "recoverableDays": 7,
              "recoveryLevel": "CustomizedRecoverable\u002BPurgeable",
              "updated": 1648058133
            },
            "deletedDate": 1648058133,
            "kid": "https://heathskeyvaulthsm.managedhsm.azure.net/keys/430067490",
            "recoveryId": "https://heathskeyvaulthsm.managedhsm.azure.net/deletedkeys/430067490",
            "scheduledPurgeDate": 1648662933
          },
          {
            "attributes": {
              "created": 1648058135,
              "enabled": true,
              "exportable": false,
              "recoverableDays": 7,
              "recoveryLevel": "CustomizedRecoverable\u002BPurgeable",
              "updated": 1648058135
            },
            "deletedDate": 1648058135,
            "kid": "https://heathskeyvaulthsm.managedhsm.azure.net/keys/98158167",
            "recoveryId": "https://heathskeyvaulthsm.managedhsm.azure.net/deletedkeys/98158167",
            "scheduledPurgeDate": 1648662935
          },
          {
            "attributes": {
              "created": 1648058136,
              "enabled": true,
              "exportable": false,
              "recoverableDays": 7,
              "recoveryLevel": "CustomizedRecoverable\u002BPurgeable",
              "updated": 1648058136
            },
            "deletedDate": 1648058136,
            "kid": "https://heathskeyvaulthsm.managedhsm.azure.net/keys/218072311",
            "recoveryId": "https://heathskeyvaulthsm.managedhsm.azure.net/deletedkeys/218072311",
            "scheduledPurgeDate": 1648662936
          },
          {
            "attributes": {
              "created": 1648058137,
              "enabled": true,
              "exportable": false,
              "recoverableDays": 7,
              "recoveryLevel": "CustomizedRecoverable\u002BPurgeable",
              "updated": 1648058137
            },
            "deletedDate": 1648058137,
            "kid": "https://heathskeyvaulthsm.managedhsm.azure.net/keys/102958951",
            "recoveryId": "https://heathskeyvaulthsm.managedhsm.azure.net/deletedkeys/102958951",
            "scheduledPurgeDate": 1648662937
          },
          {
            "attributes": {
              "created": 1648058138,
              "enabled": true,
              "exportable": false,
              "recoverableDays": 7,
              "recoveryLevel": "CustomizedRecoverable\u002BPurgeable",
              "updated": 1648058138
            },
            "deletedDate": 1648058138,
            "kid": "https://heathskeyvaulthsm.managedhsm.azure.net/keys/237267786",
            "recoveryId": "https://heathskeyvaulthsm.managedhsm.azure.net/deletedkeys/237267786",
            "scheduledPurgeDate": 1648662938
          },
          {
            "attributes": {
              "created": 1648058139,
              "enabled": true,
              "exportable": false,
              "recoverableDays": 7,
              "recoveryLevel": "CustomizedRecoverable\u002BPurgeable",
              "updated": 1648058139
            },
            "deletedDate": 1648058139,
            "kid": "https://heathskeyvaulthsm.managedhsm.azure.net/keys/633408512",
            "recoveryId": "https://heathskeyvaulthsm.managedhsm.azure.net/deletedkeys/633408512",
            "scheduledPurgeDate": 1648662939
          },
          {
            "attributes": {
              "created": 1648058140,
              "enabled": true,
              "exportable": false,
              "recoverableDays": 7,
              "recoveryLevel": "CustomizedRecoverable\u002BPurgeable",
              "updated": 1648058140
            },
            "deletedDate": 1648058140,
            "kid": "https://heathskeyvaulthsm.managedhsm.azure.net/keys/1749111439",
            "recoveryId": "https://heathskeyvaulthsm.managedhsm.azure.net/deletedkeys/1749111439",
            "scheduledPurgeDate": 1648662940
          },
          {
            "attributes": {
              "created": 1648058141,
              "enabled": true,
              "exportable": false,
              "recoverableDays": 7,
              "recoveryLevel": "CustomizedRecoverable\u002BPurgeable",
              "updated": 1648058141
            },
            "deletedDate": 1648058141,
            "kid": "https://heathskeyvaulthsm.managedhsm.azure.net/keys/1174689120",
            "recoveryId": "https://heathskeyvaulthsm.managedhsm.azure.net/deletedkeys/1174689120",
            "scheduledPurgeDate": 1648662941
          },
          {
            "attributes": {
              "created": 1648058141,
              "enabled": true,
              "exportable": false,
              "recoverableDays": 7,
              "recoveryLevel": "CustomizedRecoverable\u002BPurgeable",
              "updated": 1648058141
            },
            "deletedDate": 1648058142,
            "kid": "https://heathskeyvaulthsm.managedhsm.azure.net/keys/1616089256",
            "recoveryId": "https://heathskeyvaulthsm.managedhsm.azure.net/deletedkeys/1616089256",
            "scheduledPurgeDate": 1648662942
          },
          {
            "attributes": {
              "created": 1648058142,
              "enabled": true,
              "exportable": false,
              "recoverableDays": 7,
              "recoveryLevel": "CustomizedRecoverable\u002BPurgeable",
              "updated": 1648058142
            },
            "deletedDate": 1648058143,
            "kid": "https://heathskeyvaulthsm.managedhsm.azure.net/keys/46421141",
            "recoveryId": "https://heathskeyvaulthsm.managedhsm.azure.net/deletedkeys/46421141",
            "scheduledPurgeDate": 1648662943
          }
        ]
      }
    },
    {
      "RequestUri": "https://heathskeyvaulthsm.managedhsm.azure.net/deletedkeys/?maxresults=25\u0026$skiptoken=K1JJRDp-bXFSK0FQVko2MVV0QUFBQUFBQUFBQT09I1JUOjIjVFJDOjIwI0lTVjoyI0lFTzo2NTU2Nw",
      "RequestMethod": "GET",
      "RequestHeaders": {
        "Accept": "application/json",
        "Authorization": "Sanitized",
        "traceparent": "00-9d8aad21f235bd6f6728b448f428d84c-5899b76d83ff781f-00",
        "User-Agent": "azsdk-net-Security.KeyVault.Keys/4.3.0-alpha.20220322.1 (.NET 6.0.3; Microsoft Windows 10.0.22000)",
        "x-ms-client-request-id": "a350d3a3af24db7ec1645ddc292df1d4",
        "x-ms-return-client-request-id": "true"
      },
      "RequestBody": null,
      "StatusCode": 200,
      "ResponseHeaders": {
        "Cache-Control": "no-cache",
        "Content-Length": "3934",
        "Content-Security-Policy": "default-src \u0027self\u0027",
        "Content-Type": "application/json; charset=utf-8",
        "Strict-Transport-Security": "max-age=31536000; includeSubDomains",
        "X-Content-Type-Options": "nosniff",
        "X-Frame-Options": "SAMEORIGIN",
        "x-ms-build-version": "1.0.20220305-2-902fedaa-closebadconnections",
        "x-ms-keyvault-network-info": "conn_type=Ipv4;addr=67.171.12.239;act_addr_fam=Ipv4;",
        "x-ms-keyvault-region": "southcentralus",
        "x-ms-request-id": "abb24288-aad4-11ec-9185-000d3aeeda4b",
        "x-ms-server-latency": "39"
      },
      "ResponseBody": {
        "nextLink": "https://heathskeyvaulthsm.managedhsm.azure.net/deletedkeys/?maxresults=25\u0026$skiptoken=K1JJRDp-bXFSK0FQVko2MVZCQUFBQUFBQUFBQT09I1JUOjMjVFJDOjMwI0lTVjoyI0lFTzo2NTU2Nw",
        "value": [
          {
            "attributes": {
              "created": 1648058143,
              "enabled": true,
              "exportable": false,
              "recoverableDays": 7,
              "recoveryLevel": "CustomizedRecoverable\u002BPurgeable",
              "updated": 1648058143
            },
            "deletedDate": 1648058144,
            "kid": "https://heathskeyvaulthsm.managedhsm.azure.net/keys/1618074211",
            "recoveryId": "https://heathskeyvaulthsm.managedhsm.azure.net/deletedkeys/1618074211",
            "scheduledPurgeDate": 1648662944
          },
          {
            "attributes": {
              "created": 1648058144,
              "enabled": true,
              "exportable": false,
              "recoverableDays": 7,
              "recoveryLevel": "CustomizedRecoverable\u002BPurgeable",
              "updated": 1648058144
            },
            "deletedDate": 1648058145,
            "kid": "https://heathskeyvaulthsm.managedhsm.azure.net/keys/839414494",
            "recoveryId": "https://heathskeyvaulthsm.managedhsm.azure.net/deletedkeys/839414494",
            "scheduledPurgeDate": 1648662945
          },
          {
            "attributes": {
              "created": 1648058145,
              "enabled": true,
              "exportable": false,
              "recoverableDays": 7,
              "recoveryLevel": "CustomizedRecoverable\u002BPurgeable",
              "updated": 1648058145
            },
            "deletedDate": 1648058146,
            "kid": "https://heathskeyvaulthsm.managedhsm.azure.net/keys/884564612",
            "recoveryId": "https://heathskeyvaulthsm.managedhsm.azure.net/deletedkeys/884564612",
            "scheduledPurgeDate": 1648662946
          },
          {
            "attributes": {
              "created": 1648058146,
              "enabled": true,
              "exportable": false,
              "recoverableDays": 7,
              "recoveryLevel": "CustomizedRecoverable\u002BPurgeable",
              "updated": 1648058146
            },
            "deletedDate": 1648058147,
            "kid": "https://heathskeyvaulthsm.managedhsm.azure.net/keys/420672641",
            "recoveryId": "https://heathskeyvaulthsm.managedhsm.azure.net/deletedkeys/420672641",
            "scheduledPurgeDate": 1648662947
          },
          {
            "attributes": {
              "created": 1648058147,
              "enabled": true,
              "exportable": false,
              "recoverableDays": 7,
              "recoveryLevel": "CustomizedRecoverable\u002BPurgeable",
              "updated": 1648058147
            },
            "deletedDate": 1648058148,
            "kid": "https://heathskeyvaulthsm.managedhsm.azure.net/keys/680204333",
            "recoveryId": "https://heathskeyvaulthsm.managedhsm.azure.net/deletedkeys/680204333",
            "scheduledPurgeDate": 1648662948
          },
          {
            "attributes": {
              "created": 1648058148,
              "enabled": true,
              "exportable": false,
              "recoverableDays": 7,
              "recoveryLevel": "CustomizedRecoverable\u002BPurgeable",
              "updated": 1648058148
            },
            "deletedDate": 1648058149,
            "kid": "https://heathskeyvaulthsm.managedhsm.azure.net/keys/866490578",
            "recoveryId": "https://heathskeyvaulthsm.managedhsm.azure.net/deletedkeys/866490578",
            "scheduledPurgeDate": 1648662949
          },
          {
            "attributes": {
              "created": 1648058149,
              "enabled": true,
              "exportable": false,
              "recoverableDays": 7,
              "recoveryLevel": "CustomizedRecoverable\u002BPurgeable",
              "updated": 1648058149
            },
            "deletedDate": 1648058150,
            "kid": "https://heathskeyvaulthsm.managedhsm.azure.net/keys/429369233",
            "recoveryId": "https://heathskeyvaulthsm.managedhsm.azure.net/deletedkeys/429369233",
            "scheduledPurgeDate": 1648662950
          },
          {
            "attributes": {
              "created": 1648058152,
              "enabled": true,
              "exportable": false,
              "recoverableDays": 7,
              "recoveryLevel": "CustomizedRecoverable\u002BPurgeable",
              "updated": 1648058152
            },
            "deletedDate": 1648058152,
            "kid": "https://heathskeyvaulthsm.managedhsm.azure.net/keys/528471776",
            "recoveryId": "https://heathskeyvaulthsm.managedhsm.azure.net/deletedkeys/528471776",
            "scheduledPurgeDate": 1648662952
          },
          {
            "attributes": {
              "created": 1648058153,
              "enabled": true,
              "exportable": false,
              "recoverableDays": 7,
              "recoveryLevel": "CustomizedRecoverable\u002BPurgeable",
              "updated": 1648058153
            },
            "deletedDate": 1648058154,
            "kid": "https://heathskeyvaulthsm.managedhsm.azure.net/keys/1060910490",
            "recoveryId": "https://heathskeyvaulthsm.managedhsm.azure.net/deletedkeys/1060910490",
            "scheduledPurgeDate": 1648662954
          },
          {
            "attributes": {
              "created": 1648058155,
              "enabled": true,
              "exportable": false,
              "recoverableDays": 7,
              "recoveryLevel": "CustomizedRecoverable\u002BPurgeable",
              "updated": 1648058155
            },
            "deletedDate": 1648058156,
            "kid": "https://heathskeyvaulthsm.managedhsm.azure.net/keys/1739850064",
            "recoveryId": "https://heathskeyvaulthsm.managedhsm.azure.net/deletedkeys/1739850064",
            "scheduledPurgeDate": 1648662956
          }
        ]
      }
    },
    {
      "RequestUri": "https://heathskeyvaulthsm.managedhsm.azure.net/deletedkeys/?maxresults=25\u0026$skiptoken=K1JJRDp-bXFSK0FQVko2MVZCQUFBQUFBQUFBQT09I1JUOjMjVFJDOjMwI0lTVjoyI0lFTzo2NTU2Nw",
      "RequestMethod": "GET",
      "RequestHeaders": {
        "Accept": "application/json",
        "Authorization": "Sanitized",
        "traceparent": "00-404384cb8dcd08625b452e385113a132-d9b64e287c6c8ef0-00",
        "User-Agent": "azsdk-net-Security.KeyVault.Keys/4.3.0-alpha.20220322.1 (.NET 6.0.3; Microsoft Windows 10.0.22000)",
        "x-ms-client-request-id": "57e55f40ead3da8e027ac36e4dbdb62f",
        "x-ms-return-client-request-id": "true"
      },
      "RequestBody": null,
      "StatusCode": 200,
      "ResponseHeaders": {
        "Cache-Control": "no-cache",
        "Content-Length": "3936",
        "Content-Security-Policy": "default-src \u0027self\u0027",
        "Content-Type": "application/json; charset=utf-8",
        "Strict-Transport-Security": "max-age=31536000; includeSubDomains",
        "X-Content-Type-Options": "nosniff",
        "X-Frame-Options": "SAMEORIGIN",
        "x-ms-build-version": "1.0.20220305-2-902fedaa-closebadconnections",
        "x-ms-keyvault-network-info": "conn_type=Ipv4;addr=67.171.12.239;act_addr_fam=Ipv4;",
        "x-ms-keyvault-region": "southcentralus",
        "x-ms-request-id": "abd4f94a-aad4-11ec-9185-000d3aeeda4b",
        "x-ms-server-latency": "38"
      },
      "ResponseBody": {
        "nextLink": "https://heathskeyvaulthsm.managedhsm.azure.net/deletedkeys/?maxresults=25\u0026$skiptoken=K1JJRDp-bXFSK0FQVko2MVZWQUFBQUFBQUFBQT09I1JUOjQjVFJDOjQwI0lTVjoyI0lFTzo2NTU2Nw",
        "value": [
          {
            "attributes": {
              "created": 1648058158,
              "enabled": true,
              "exportable": false,
              "recoverableDays": 7,
              "recoveryLevel": "CustomizedRecoverable\u002BPurgeable",
              "updated": 1648058158
            },
            "deletedDate": 1648058158,
            "kid": "https://heathskeyvaulthsm.managedhsm.azure.net/keys/1557233113",
            "recoveryId": "https://heathskeyvaulthsm.managedhsm.azure.net/deletedkeys/1557233113",
            "scheduledPurgeDate": 1648662958
          },
          {
            "attributes": {
              "created": 1648058160,
              "enabled": true,
              "exportable": false,
              "recoverableDays": 7,
              "recoveryLevel": "CustomizedRecoverable\u002BPurgeable",
              "updated": 1648058160
            },
            "deletedDate": 1648058160,
            "kid": "https://heathskeyvaulthsm.managedhsm.azure.net/keys/1392807193",
            "recoveryId": "https://heathskeyvaulthsm.managedhsm.azure.net/deletedkeys/1392807193",
            "scheduledPurgeDate": 1648662960
          },
          {
            "attributes": {
              "created": 1648058162,
              "enabled": true,
              "exportable": false,
              "recoverableDays": 7,
              "recoveryLevel": "CustomizedRecoverable\u002BPurgeable",
              "updated": 1648058162
            },
            "deletedDate": 1648058162,
            "kid": "https://heathskeyvaulthsm.managedhsm.azure.net/keys/127815255",
            "recoveryId": "https://heathskeyvaulthsm.managedhsm.azure.net/deletedkeys/127815255",
            "scheduledPurgeDate": 1648662962
          },
          {
            "attributes": {
              "created": 1648058164,
              "enabled": true,
              "exportable": false,
              "recoverableDays": 7,
              "recoveryLevel": "CustomizedRecoverable\u002BPurgeable",
              "updated": 1648058164
            },
            "deletedDate": 1648058164,
            "kid": "https://heathskeyvaulthsm.managedhsm.azure.net/keys/1735710224",
            "recoveryId": "https://heathskeyvaulthsm.managedhsm.azure.net/deletedkeys/1735710224",
            "scheduledPurgeDate": 1648662964
          },
          {
            "attributes": {
              "created": 1648058166,
              "enabled": true,
              "exportable": false,
              "recoverableDays": 7,
              "recoveryLevel": "CustomizedRecoverable\u002BPurgeable",
              "updated": 1648058166
            },
            "deletedDate": 1648058166,
            "kid": "https://heathskeyvaulthsm.managedhsm.azure.net/keys/59400574",
            "recoveryId": "https://heathskeyvaulthsm.managedhsm.azure.net/deletedkeys/59400574",
            "scheduledPurgeDate": 1648662966
          },
          {
            "attributes": {
              "created": 1648058168,
              "enabled": true,
              "exportable": false,
              "recoverableDays": 7,
              "recoveryLevel": "CustomizedRecoverable\u002BPurgeable",
              "updated": 1648058168
            },
            "deletedDate": 1648058168,
            "kid": "https://heathskeyvaulthsm.managedhsm.azure.net/keys/905042264",
            "recoveryId": "https://heathskeyvaulthsm.managedhsm.azure.net/deletedkeys/905042264",
            "scheduledPurgeDate": 1648662968
          },
          {
            "attributes": {
              "created": 1648058170,
              "enabled": true,
              "exportable": false,
              "recoverableDays": 7,
              "recoveryLevel": "CustomizedRecoverable\u002BPurgeable",
              "updated": 1648058170
            },
            "deletedDate": 1648058171,
            "kid": "https://heathskeyvaulthsm.managedhsm.azure.net/keys/1115940716",
            "recoveryId": "https://heathskeyvaulthsm.managedhsm.azure.net/deletedkeys/1115940716",
            "scheduledPurgeDate": 1648662971
          },
          {
            "attributes": {
              "created": 1648058172,
              "enabled": true,
              "exportable": false,
              "recoverableDays": 7,
              "recoveryLevel": "CustomizedRecoverable\u002BPurgeable",
              "updated": 1648058172
            },
            "deletedDate": 1648058173,
            "kid": "https://heathskeyvaulthsm.managedhsm.azure.net/keys/968791385",
            "recoveryId": "https://heathskeyvaulthsm.managedhsm.azure.net/deletedkeys/968791385",
            "scheduledPurgeDate": 1648662973
          },
          {
            "attributes": {
              "created": 1648058174,
              "enabled": true,
              "exportable": false,
              "recoverableDays": 7,
              "recoveryLevel": "CustomizedRecoverable\u002BPurgeable",
              "updated": 1648058174
            },
            "deletedDate": 1648058175,
            "kid": "https://heathskeyvaulthsm.managedhsm.azure.net/keys/963743440",
            "recoveryId": "https://heathskeyvaulthsm.managedhsm.azure.net/deletedkeys/963743440",
            "scheduledPurgeDate": 1648662975
          },
          {
            "attributes": {
              "created": 1648058176,
              "enabled": true,
              "exportable": false,
              "recoverableDays": 7,
              "recoveryLevel": "CustomizedRecoverable\u002BPurgeable",
              "updated": 1648058176
            },
            "deletedDate": 1648058177,
            "kid": "https://heathskeyvaulthsm.managedhsm.azure.net/keys/1533978478",
            "recoveryId": "https://heathskeyvaulthsm.managedhsm.azure.net/deletedkeys/1533978478",
            "scheduledPurgeDate": 1648662977
          }
        ]
      }
    },
    {
      "RequestUri": "https://heathskeyvaulthsm.managedhsm.azure.net/deletedkeys/?maxresults=25\u0026$skiptoken=K1JJRDp-bXFSK0FQVko2MVZWQUFBQUFBQUFBQT09I1JUOjQjVFJDOjQwI0lTVjoyI0lFTzo2NTU2Nw",
      "RequestMethod": "GET",
      "RequestHeaders": {
        "Accept": "application/json",
        "Authorization": "Sanitized",
        "traceparent": "00-fc481ec10849bc879097f5c728c3e3e4-e2be2f3a274e9ef8-00",
        "User-Agent": "azsdk-net-Security.KeyVault.Keys/4.3.0-alpha.20220322.1 (.NET 6.0.3; Microsoft Windows 10.0.22000)",
        "x-ms-client-request-id": "7f94d164629a32a3c0c899ccaaccd37a",
        "x-ms-return-client-request-id": "true"
      },
      "RequestBody": null,
      "StatusCode": 200,
      "ResponseHeaders": {
        "Cache-Control": "no-cache",
        "Content-Length": "3936",
        "Content-Security-Policy": "default-src \u0027self\u0027",
        "Content-Type": "application/json; charset=utf-8",
        "Strict-Transport-Security": "max-age=31536000; includeSubDomains",
        "X-Content-Type-Options": "nosniff",
        "X-Frame-Options": "SAMEORIGIN",
        "x-ms-build-version": "1.0.20220305-2-902fedaa-closebadconnections",
        "x-ms-keyvault-network-info": "conn_type=Ipv4;addr=67.171.12.239;act_addr_fam=Ipv4;",
        "x-ms-keyvault-region": "southcentralus",
        "x-ms-request-id": "abe785ba-aad4-11ec-9185-000d3aeeda4b",
        "x-ms-server-latency": "37"
      },
      "ResponseBody": {
        "nextLink": "https://heathskeyvaulthsm.managedhsm.azure.net/deletedkeys/?maxresults=25\u0026$skiptoken=K1JJRDp-bXFSK0FQVko2MVZwQUFBQUFBQUFBQT09I1JUOjUjVFJDOjUwI0lTVjoyI0lFTzo2NTU2Nw",
        "value": [
          {
            "attributes": {
              "created": 1648058178,
              "enabled": true,
              "exportable": false,
              "recoverableDays": 7,
              "recoveryLevel": "CustomizedRecoverable\u002BPurgeable",
              "updated": 1648058178
            },
            "deletedDate": 1648058179,
            "kid": "https://heathskeyvaulthsm.managedhsm.azure.net/keys/631517524",
            "recoveryId": "https://heathskeyvaulthsm.managedhsm.azure.net/deletedkeys/631517524",
            "scheduledPurgeDate": 1648662979
          },
          {
            "attributes": {
              "created": 1648058181,
              "enabled": true,
              "exportable": false,
              "recoverableDays": 7,
              "recoveryLevel": "CustomizedRecoverable\u002BPurgeable",
              "updated": 1648058181
            },
            "deletedDate": 1648058181,
            "kid": "https://heathskeyvaulthsm.managedhsm.azure.net/keys/418775551",
            "recoveryId": "https://heathskeyvaulthsm.managedhsm.azure.net/deletedkeys/418775551",
            "scheduledPurgeDate": 1648662981
          },
          {
            "attributes": {
              "created": 1648058183,
              "enabled": true,
              "exportable": false,
              "recoverableDays": 7,
              "recoveryLevel": "CustomizedRecoverable\u002BPurgeable",
              "updated": 1648058183
            },
            "deletedDate": 1648058184,
            "kid": "https://heathskeyvaulthsm.managedhsm.azure.net/keys/55728269",
            "recoveryId": "https://heathskeyvaulthsm.managedhsm.azure.net/deletedkeys/55728269",
            "scheduledPurgeDate": 1648662984
          },
          {
            "attributes": {
              "created": 1648058185,
              "enabled": true,
              "exportable": false,
              "recoverableDays": 7,
              "recoveryLevel": "CustomizedRecoverable\u002BPurgeable",
              "updated": 1648058185
            },
            "deletedDate": 1648058186,
            "kid": "https://heathskeyvaulthsm.managedhsm.azure.net/keys/477274535",
            "recoveryId": "https://heathskeyvaulthsm.managedhsm.azure.net/deletedkeys/477274535",
            "scheduledPurgeDate": 1648662986
          },
          {
            "attributes": {
              "created": 1648058187,
              "enabled": true,
              "exportable": false,
              "recoverableDays": 7,
              "recoveryLevel": "CustomizedRecoverable\u002BPurgeable",
              "updated": 1648058187
            },
            "deletedDate": 1648058188,
            "kid": "https://heathskeyvaulthsm.managedhsm.azure.net/keys/1408076477",
            "recoveryId": "https://heathskeyvaulthsm.managedhsm.azure.net/deletedkeys/1408076477",
            "scheduledPurgeDate": 1648662988
          },
          {
            "attributes": {
              "created": 1648058190,
              "enabled": true,
              "exportable": false,
              "recoverableDays": 7,
              "recoveryLevel": "CustomizedRecoverable\u002BPurgeable",
              "updated": 1648058190
            },
            "deletedDate": 1648058191,
            "kid": "https://heathskeyvaulthsm.managedhsm.azure.net/keys/1277140626",
            "recoveryId": "https://heathskeyvaulthsm.managedhsm.azure.net/deletedkeys/1277140626",
            "scheduledPurgeDate": 1648662991
          },
          {
            "attributes": {
              "created": 1648058192,
              "enabled": true,
              "exportable": false,
              "recoverableDays": 7,
              "recoveryLevel": "CustomizedRecoverable\u002BPurgeable",
              "updated": 1648058192
            },
            "deletedDate": 1648058193,
            "kid": "https://heathskeyvaulthsm.managedhsm.azure.net/keys/1419054934",
            "recoveryId": "https://heathskeyvaulthsm.managedhsm.azure.net/deletedkeys/1419054934",
            "scheduledPurgeDate": 1648662993
          },
          {
            "attributes": {
              "created": 1648058194,
              "enabled": true,
              "exportable": false,
              "recoverableDays": 7,
              "recoveryLevel": "CustomizedRecoverable\u002BPurgeable",
              "updated": 1648058194
            },
            "deletedDate": 1648058195,
            "kid": "https://heathskeyvaulthsm.managedhsm.azure.net/keys/1536868869",
            "recoveryId": "https://heathskeyvaulthsm.managedhsm.azure.net/deletedkeys/1536868869",
            "scheduledPurgeDate": 1648662995
          },
          {
            "attributes": {
              "created": 1648058197,
              "enabled": true,
              "exportable": false,
              "recoverableDays": 7,
              "recoveryLevel": "CustomizedRecoverable\u002BPurgeable",
              "updated": 1648058197
            },
            "deletedDate": 1648058197,
            "kid": "https://heathskeyvaulthsm.managedhsm.azure.net/keys/667834742",
            "recoveryId": "https://heathskeyvaulthsm.managedhsm.azure.net/deletedkeys/667834742",
            "scheduledPurgeDate": 1648662997
          },
          {
            "attributes": {
              "created": 1648058199,
              "enabled": true,
              "exportable": false,
              "recoverableDays": 7,
              "recoveryLevel": "CustomizedRecoverable\u002BPurgeable",
              "updated": 1648058199
            },
            "deletedDate": 1648058199,
            "kid": "https://heathskeyvaulthsm.managedhsm.azure.net/keys/1132797250",
            "recoveryId": "https://heathskeyvaulthsm.managedhsm.azure.net/deletedkeys/1132797250",
            "scheduledPurgeDate": 1648662999
          }
        ]
      }
    },
    {
      "RequestUri": "https://heathskeyvaulthsm.managedhsm.azure.net/deletedkeys/?maxresults=25\u0026$skiptoken=K1JJRDp-bXFSK0FQVko2MVZwQUFBQUFBQUFBQT09I1JUOjUjVFJDOjUwI0lTVjoyI0lFTzo2NTU2Nw",
      "RequestMethod": "GET",
      "RequestHeaders": {
        "Accept": "application/json",
        "Authorization": "Sanitized",
        "traceparent": "00-26739b4f6466350c18d9edb17b62fd8d-5ea22c3fcf221d71-00",
        "User-Agent": "azsdk-net-Security.KeyVault.Keys/4.3.0-alpha.20220322.1 (.NET 6.0.3; Microsoft Windows 10.0.22000)",
        "x-ms-client-request-id": "60647b3b0932b9944476a0a9eb108d04",
        "x-ms-return-client-request-id": "true"
      },
      "RequestBody": null,
      "StatusCode": 200,
      "ResponseHeaders": {
        "Cache-Control": "no-cache",
        "Content-Length": "3942",
        "Content-Security-Policy": "default-src \u0027self\u0027",
        "Content-Type": "application/json; charset=utf-8",
        "Strict-Transport-Security": "max-age=31536000; includeSubDomains",
        "X-Content-Type-Options": "nosniff",
        "X-Frame-Options": "SAMEORIGIN",
        "x-ms-build-version": "1.0.20220305-2-902fedaa-closebadconnections",
        "x-ms-keyvault-network-info": "conn_type=Ipv4;addr=67.171.12.239;act_addr_fam=Ipv4;",
        "x-ms-keyvault-region": "southcentralus",
        "x-ms-request-id": "abf8ac96-aad4-11ec-9185-000d3aeeda4b",
        "x-ms-server-latency": "34"
      },
      "ResponseBody": {
        "nextLink": "https://heathskeyvaulthsm.managedhsm.azure.net/deletedkeys/?maxresults=25\u0026$skiptoken=K1JJRDp-bXFSK0FQVko2MVY5QUFBQUFBQUFBQT09I1JUOjYjVFJDOjYwI0lTVjoyI0lFTzo2NTU2Nw",
        "value": [
          {
            "attributes": {
              "created": 1648058201,
              "enabled": true,
              "exportable": false,
              "recoverableDays": 7,
              "recoveryLevel": "CustomizedRecoverable\u002BPurgeable",
              "updated": 1648058201
            },
            "deletedDate": 1648058202,
            "kid": "https://heathskeyvaulthsm.managedhsm.azure.net/keys/1900354062",
            "recoveryId": "https://heathskeyvaulthsm.managedhsm.azure.net/deletedkeys/1900354062",
            "scheduledPurgeDate": 1648663002
          },
          {
            "attributes": {
              "created": 1648058203,
              "enabled": true,
              "exportable": false,
              "recoverableDays": 7,
              "recoveryLevel": "CustomizedRecoverable\u002BPurgeable",
              "updated": 1648058203
            },
            "deletedDate": 1648058204,
            "kid": "https://heathskeyvaulthsm.managedhsm.azure.net/keys/1980167242",
            "recoveryId": "https://heathskeyvaulthsm.managedhsm.azure.net/deletedkeys/1980167242",
            "scheduledPurgeDate": 1648663004
          },
          {
            "attributes": {
              "created": 1648058205,
              "enabled": true,
              "exportable": false,
              "recoverableDays": 7,
              "recoveryLevel": "CustomizedRecoverable\u002BPurgeable",
              "updated": 1648058205
            },
            "deletedDate": 1648058206,
            "kid": "https://heathskeyvaulthsm.managedhsm.azure.net/keys/800109820",
            "recoveryId": "https://heathskeyvaulthsm.managedhsm.azure.net/deletedkeys/800109820",
            "scheduledPurgeDate": 1648663006
          },
          {
            "attributes": {
              "created": 1648058208,
              "enabled": true,
              "exportable": false,
              "recoverableDays": 7,
              "recoveryLevel": "CustomizedRecoverable\u002BPurgeable",
              "updated": 1648058208
            },
            "deletedDate": 1648058209,
            "kid": "https://heathskeyvaulthsm.managedhsm.azure.net/keys/1089179207",
            "recoveryId": "https://heathskeyvaulthsm.managedhsm.azure.net/deletedkeys/1089179207",
            "scheduledPurgeDate": 1648663009
          },
          {
            "attributes": {
              "created": 1648058210,
              "enabled": true,
              "exportable": false,
              "recoverableDays": 7,
              "recoveryLevel": "CustomizedRecoverable\u002BPurgeable",
              "updated": 1648058210
            },
            "deletedDate": 1648058211,
            "kid": "https://heathskeyvaulthsm.managedhsm.azure.net/keys/1126061937",
            "recoveryId": "https://heathskeyvaulthsm.managedhsm.azure.net/deletedkeys/1126061937",
            "scheduledPurgeDate": 1648663011
          },
          {
            "attributes": {
              "created": 1648058213,
              "enabled": true,
              "exportable": false,
              "recoverableDays": 7,
              "recoveryLevel": "CustomizedRecoverable\u002BPurgeable",
              "updated": 1648058213
            },
            "deletedDate": 1648058214,
            "kid": "https://heathskeyvaulthsm.managedhsm.azure.net/keys/1666000432",
            "recoveryId": "https://heathskeyvaulthsm.managedhsm.azure.net/deletedkeys/1666000432",
            "scheduledPurgeDate": 1648663014
          },
          {
            "attributes": {
              "created": 1648058215,
              "enabled": true,
              "exportable": false,
              "recoverableDays": 7,
              "recoveryLevel": "CustomizedRecoverable\u002BPurgeable",
              "updated": 1648058215
            },
            "deletedDate": 1648058216,
            "kid": "https://heathskeyvaulthsm.managedhsm.azure.net/keys/1066494201",
            "recoveryId": "https://heathskeyvaulthsm.managedhsm.azure.net/deletedkeys/1066494201",
            "scheduledPurgeDate": 1648663016
          },
          {
            "attributes": {
              "created": 1648058217,
              "enabled": true,
              "exportable": false,
              "recoverableDays": 7,
              "recoveryLevel": "CustomizedRecoverable\u002BPurgeable",
              "updated": 1648058217
            },
            "deletedDate": 1648058218,
            "kid": "https://heathskeyvaulthsm.managedhsm.azure.net/keys/259840471",
            "recoveryId": "https://heathskeyvaulthsm.managedhsm.azure.net/deletedkeys/259840471",
            "scheduledPurgeDate": 1648663018
          },
          {
            "attributes": {
              "created": 1648058219,
              "enabled": true,
              "exportable": false,
              "recoverableDays": 7,
              "recoveryLevel": "CustomizedRecoverable\u002BPurgeable",
              "updated": 1648058219
            },
            "deletedDate": 1648058220,
            "kid": "https://heathskeyvaulthsm.managedhsm.azure.net/keys/2035056729",
            "recoveryId": "https://heathskeyvaulthsm.managedhsm.azure.net/deletedkeys/2035056729",
            "scheduledPurgeDate": 1648663020
          },
          {
            "attributes": {
              "created": 1648058221,
              "enabled": true,
              "exportable": false,
              "recoverableDays": 7,
              "recoveryLevel": "CustomizedRecoverable\u002BPurgeable",
              "updated": 1648058221
            },
            "deletedDate": 1648058222,
            "kid": "https://heathskeyvaulthsm.managedhsm.azure.net/keys/546923513",
            "recoveryId": "https://heathskeyvaulthsm.managedhsm.azure.net/deletedkeys/546923513",
            "scheduledPurgeDate": 1648663022
          }
        ]
      }
    },
    {
      "RequestUri": "https://heathskeyvaulthsm.managedhsm.azure.net/deletedkeys/?maxresults=25\u0026$skiptoken=K1JJRDp-bXFSK0FQVko2MVY5QUFBQUFBQUFBQT09I1JUOjYjVFJDOjYwI0lTVjoyI0lFTzo2NTU2Nw",
      "RequestMethod": "GET",
      "RequestHeaders": {
        "Accept": "application/json",
        "Authorization": "Sanitized",
        "traceparent": "00-f1cab9bb3856f03f126e5556e870a340-4fbea91c77247005-00",
        "User-Agent": "azsdk-net-Security.KeyVault.Keys/4.3.0-alpha.20220322.1 (.NET 6.0.3; Microsoft Windows 10.0.22000)",
        "x-ms-client-request-id": "57782dae7298dd3abbb3970a50c13036",
        "x-ms-return-client-request-id": "true"
      },
      "RequestBody": null,
      "StatusCode": 200,
      "ResponseHeaders": {
        "Cache-Control": "no-cache",
        "Content-Length": "3938",
        "Content-Security-Policy": "default-src \u0027self\u0027",
        "Content-Type": "application/json; charset=utf-8",
        "Strict-Transport-Security": "max-age=31536000; includeSubDomains",
        "X-Content-Type-Options": "nosniff",
        "X-Frame-Options": "SAMEORIGIN",
        "x-ms-build-version": "1.0.20220305-2-902fedaa-closebadconnections",
        "x-ms-keyvault-network-info": "conn_type=Ipv4;addr=67.171.12.239;act_addr_fam=Ipv4;",
        "x-ms-keyvault-region": "southcentralus",
        "x-ms-request-id": "ac0ab74c-aad4-11ec-9185-000d3aeeda4b",
        "x-ms-server-latency": "35"
      },
      "ResponseBody": {
        "nextLink": "https://heathskeyvaulthsm.managedhsm.azure.net/deletedkeys/?maxresults=25\u0026$skiptoken=K1JJRDp-bXFSK0FQVko2MVdSQUFBQUFBQUFBQT09I1JUOjcjVFJDOjcwI0lTVjoyI0lFTzo2NTU2Nw",
        "value": [
          {
            "attributes": {
              "created": 1648058223,
              "enabled": true,
              "exportable": false,
              "recoverableDays": 7,
              "recoveryLevel": "CustomizedRecoverable\u002BPurgeable",
              "updated": 1648058223
            },
            "deletedDate": 1648058224,
            "kid": "https://heathskeyvaulthsm.managedhsm.azure.net/keys/2007079643",
            "recoveryId": "https://heathskeyvaulthsm.managedhsm.azure.net/deletedkeys/2007079643",
            "scheduledPurgeDate": 1648663024
          },
          {
            "attributes": {
              "created": 1648058425,
              "enabled": true,
              "exportable": false,
              "recoverableDays": 7,
              "recoveryLevel": "CustomizedRecoverable\u002BPurgeable",
              "updated": 1648058425
            },
            "deletedDate": 1648058426,
            "kid": "https://heathskeyvaulthsm.managedhsm.azure.net/keys/1414222882",
            "recoveryId": "https://heathskeyvaulthsm.managedhsm.azure.net/deletedkeys/1414222882",
            "scheduledPurgeDate": 1648663226
          },
          {
            "attributes": {
              "created": 1648058426,
              "enabled": true,
              "exportable": false,
              "recoverableDays": 7,
              "recoveryLevel": "CustomizedRecoverable\u002BPurgeable",
              "updated": 1648058426
            },
            "deletedDate": 1648058427,
            "kid": "https://heathskeyvaulthsm.managedhsm.azure.net/keys/798360467",
            "recoveryId": "https://heathskeyvaulthsm.managedhsm.azure.net/deletedkeys/798360467",
            "scheduledPurgeDate": 1648663227
          },
          {
            "attributes": {
              "created": 1648058427,
              "enabled": true,
              "exportable": false,
              "recoverableDays": 7,
              "recoveryLevel": "CustomizedRecoverable\u002BPurgeable",
              "updated": 1648058427
            },
            "deletedDate": 1648058427,
            "kid": "https://heathskeyvaulthsm.managedhsm.azure.net/keys/1246747557",
            "recoveryId": "https://heathskeyvaulthsm.managedhsm.azure.net/deletedkeys/1246747557",
            "scheduledPurgeDate": 1648663227
          },
          {
            "attributes": {
              "created": 1648058428,
              "enabled": true,
              "exportable": false,
              "recoverableDays": 7,
              "recoveryLevel": "CustomizedRecoverable\u002BPurgeable",
              "updated": 1648058428
            },
            "deletedDate": 1648058428,
            "kid": "https://heathskeyvaulthsm.managedhsm.azure.net/keys/982153893",
            "recoveryId": "https://heathskeyvaulthsm.managedhsm.azure.net/deletedkeys/982153893",
            "scheduledPurgeDate": 1648663228
          },
          {
            "attributes": {
              "created": 1648058429,
              "enabled": true,
              "exportable": false,
              "recoverableDays": 7,
              "recoveryLevel": "CustomizedRecoverable\u002BPurgeable",
              "updated": 1648058429
            },
            "deletedDate": 1648058429,
            "kid": "https://heathskeyvaulthsm.managedhsm.azure.net/keys/1556357856",
            "recoveryId": "https://heathskeyvaulthsm.managedhsm.azure.net/deletedkeys/1556357856",
            "scheduledPurgeDate": 1648663229
          },
          {
            "attributes": {
              "created": 1648058430,
              "enabled": true,
              "exportable": false,
              "recoverableDays": 7,
              "recoveryLevel": "CustomizedRecoverable\u002BPurgeable",
              "updated": 1648058430
            },
            "deletedDate": 1648058430,
            "kid": "https://heathskeyvaulthsm.managedhsm.azure.net/keys/136944807",
            "recoveryId": "https://heathskeyvaulthsm.managedhsm.azure.net/deletedkeys/136944807",
            "scheduledPurgeDate": 1648663230
          },
          {
            "attributes": {
              "created": 1648058431,
              "enabled": true,
              "exportable": false,
              "recoverableDays": 7,
              "recoveryLevel": "CustomizedRecoverable\u002BPurgeable",
              "updated": 1648058431
            },
            "deletedDate": 1648058432,
            "kid": "https://heathskeyvaulthsm.managedhsm.azure.net/keys/1268069372",
            "recoveryId": "https://heathskeyvaulthsm.managedhsm.azure.net/deletedkeys/1268069372",
            "scheduledPurgeDate": 1648663232
          },
          {
            "attributes": {
              "created": 1648058433,
              "enabled": true,
              "exportable": false,
              "recoverableDays": 7,
              "recoveryLevel": "CustomizedRecoverable\u002BPurgeable",
              "updated": 1648058433
            },
            "deletedDate": 1648058434,
            "kid": "https://heathskeyvaulthsm.managedhsm.azure.net/keys/1256512596",
            "recoveryId": "https://heathskeyvaulthsm.managedhsm.azure.net/deletedkeys/1256512596",
            "scheduledPurgeDate": 1648663234
          },
          {
            "attributes": {
              "created": 1648058435,
              "enabled": true,
              "exportable": false,
              "recoverableDays": 7,
              "recoveryLevel": "CustomizedRecoverable\u002BPurgeable",
              "updated": 1648058435
            },
            "deletedDate": 1648058436,
            "kid": "https://heathskeyvaulthsm.managedhsm.azure.net/keys/12356445",
            "recoveryId": "https://heathskeyvaulthsm.managedhsm.azure.net/deletedkeys/12356445",
            "scheduledPurgeDate": 1648663236
          }
        ]
      }
    },
    {
      "RequestUri": "https://heathskeyvaulthsm.managedhsm.azure.net/deletedkeys/?maxresults=25\u0026$skiptoken=K1JJRDp-bXFSK0FQVko2MVdSQUFBQUFBQUFBQT09I1JUOjcjVFJDOjcwI0lTVjoyI0lFTzo2NTU2Nw",
      "RequestMethod": "GET",
      "RequestHeaders": {
        "Accept": "application/json",
        "Authorization": "Sanitized",
        "traceparent": "00-582904caa4b278dd3cb7651d5f6d5942-2ab916095af3ff28-00",
        "User-Agent": "azsdk-net-Security.KeyVault.Keys/4.3.0-alpha.20220322.1 (.NET 6.0.3; Microsoft Windows 10.0.22000)",
        "x-ms-client-request-id": "d23348a756585afd3cdb3a23c2f946b0",
        "x-ms-return-client-request-id": "true"
      },
      "RequestBody": null,
      "StatusCode": 200,
      "ResponseHeaders": {
        "Cache-Control": "no-cache",
        "Content-Length": "3938",
        "Content-Security-Policy": "default-src \u0027self\u0027",
        "Content-Type": "application/json; charset=utf-8",
        "Strict-Transport-Security": "max-age=31536000; includeSubDomains",
        "X-Content-Type-Options": "nosniff",
        "X-Frame-Options": "SAMEORIGIN",
        "x-ms-build-version": "1.0.20220305-2-902fedaa-closebadconnections",
        "x-ms-keyvault-network-info": "conn_type=Ipv4;addr=67.171.12.239;act_addr_fam=Ipv4;",
        "x-ms-keyvault-region": "southcentralus",
        "x-ms-request-id": "ac1ebb3e-aad4-11ec-9185-000d3aeeda4b",
        "x-ms-server-latency": "36"
      },
      "ResponseBody": {
        "nextLink": "https://heathskeyvaulthsm.managedhsm.azure.net/deletedkeys/?maxresults=25\u0026$skiptoken=K1JJRDp-bXFSK0FQVko2MVdsQUFBQUFBQUFBQT09I1JUOjgjVFJDOjgwI0lTVjoyI0lFTzo2NTU2Nw",
        "value": [
          {
            "attributes": {
              "created": 1648058437,
              "enabled": true,
              "exportable": false,
              "recoverableDays": 7,
              "recoveryLevel": "CustomizedRecoverable\u002BPurgeable",
              "updated": 1648058437
            },
            "deletedDate": 1648058438,
            "kid": "https://heathskeyvaulthsm.managedhsm.azure.net/keys/1658414533",
            "recoveryId": "https://heathskeyvaulthsm.managedhsm.azure.net/deletedkeys/1658414533",
            "scheduledPurgeDate": 1648663238
          },
          {
            "attributes": {
              "created": 1648058439,
              "enabled": true,
              "exportable": false,
              "recoverableDays": 7,
              "recoveryLevel": "CustomizedRecoverable\u002BPurgeable",
              "updated": 1648058439
            },
            "deletedDate": 1648058440,
            "kid": "https://heathskeyvaulthsm.managedhsm.azure.net/keys/304619748",
            "recoveryId": "https://heathskeyvaulthsm.managedhsm.azure.net/deletedkeys/304619748",
            "scheduledPurgeDate": 1648663240
          },
          {
            "attributes": {
              "created": 1648058441,
              "enabled": true,
              "exportable": false,
              "recoverableDays": 7,
              "recoveryLevel": "CustomizedRecoverable\u002BPurgeable",
              "updated": 1648058441
            },
            "deletedDate": 1648058442,
            "kid": "https://heathskeyvaulthsm.managedhsm.azure.net/keys/682208790",
            "recoveryId": "https://heathskeyvaulthsm.managedhsm.azure.net/deletedkeys/682208790",
            "scheduledPurgeDate": 1648663242
          },
          {
            "attributes": {
              "created": 1648058442,
              "enabled": true,
              "exportable": false,
              "recoverableDays": 7,
              "recoveryLevel": "CustomizedRecoverable\u002BPurgeable",
              "updated": 1648058442
            },
            "deletedDate": 1648058443,
            "kid": "https://heathskeyvaulthsm.managedhsm.azure.net/keys/1020005647",
            "recoveryId": "https://heathskeyvaulthsm.managedhsm.azure.net/deletedkeys/1020005647",
            "scheduledPurgeDate": 1648663243
          },
          {
            "attributes": {
              "created": 1648058443,
              "enabled": true,
              "exportable": false,
              "recoverableDays": 7,
              "recoveryLevel": "CustomizedRecoverable\u002BPurgeable",
              "updated": 1648058443
            },
            "deletedDate": 1648058444,
            "kid": "https://heathskeyvaulthsm.managedhsm.azure.net/keys/496328661",
            "recoveryId": "https://heathskeyvaulthsm.managedhsm.azure.net/deletedkeys/496328661",
            "scheduledPurgeDate": 1648663244
          },
          {
            "attributes": {
              "created": 1648058444,
              "enabled": true,
              "exportable": false,
              "recoverableDays": 7,
              "recoveryLevel": "CustomizedRecoverable\u002BPurgeable",
              "updated": 1648058444
            },
            "deletedDate": 1648058444,
            "kid": "https://heathskeyvaulthsm.managedhsm.azure.net/keys/426359675",
            "recoveryId": "https://heathskeyvaulthsm.managedhsm.azure.net/deletedkeys/426359675",
            "scheduledPurgeDate": 1648663244
          },
          {
            "attributes": {
              "created": 1648058445,
              "enabled": true,
              "exportable": false,
              "recoverableDays": 7,
              "recoveryLevel": "CustomizedRecoverable\u002BPurgeable",
              "updated": 1648058445
            },
            "deletedDate": 1648058445,
            "kid": "https://heathskeyvaulthsm.managedhsm.azure.net/keys/397739236",
            "recoveryId": "https://heathskeyvaulthsm.managedhsm.azure.net/deletedkeys/397739236",
            "scheduledPurgeDate": 1648663245
          },
          {
            "attributes": {
              "created": 1648058446,
              "enabled": true,
              "exportable": false,
              "recoverableDays": 7,
              "recoveryLevel": "CustomizedRecoverable\u002BPurgeable",
              "updated": 1648058446
            },
            "deletedDate": 1648058446,
            "kid": "https://heathskeyvaulthsm.managedhsm.azure.net/keys/1967088882",
            "recoveryId": "https://heathskeyvaulthsm.managedhsm.azure.net/deletedkeys/1967088882",
            "scheduledPurgeDate": 1648663246
          },
          {
            "attributes": {
              "created": 1648058447,
              "enabled": true,
              "exportable": false,
              "recoverableDays": 7,
              "recoveryLevel": "CustomizedRecoverable\u002BPurgeable",
              "updated": 1648058447
            },
            "deletedDate": 1648058447,
            "kid": "https://heathskeyvaulthsm.managedhsm.azure.net/keys/1378751369",
            "recoveryId": "https://heathskeyvaulthsm.managedhsm.azure.net/deletedkeys/1378751369",
            "scheduledPurgeDate": 1648663247
          },
          {
            "attributes": {
              "created": 1648058447,
              "enabled": true,
              "exportable": false,
              "recoverableDays": 7,
              "recoveryLevel": "CustomizedRecoverable\u002BPurgeable",
              "updated": 1648058447
            },
            "deletedDate": 1648058448,
            "kid": "https://heathskeyvaulthsm.managedhsm.azure.net/keys/1045162159",
            "recoveryId": "https://heathskeyvaulthsm.managedhsm.azure.net/deletedkeys/1045162159",
            "scheduledPurgeDate": 1648663248
          }
        ]
      }
    },
    {
      "RequestUri": "https://heathskeyvaulthsm.managedhsm.azure.net/deletedkeys/?maxresults=25\u0026$skiptoken=K1JJRDp-bXFSK0FQVko2MVdsQUFBQUFBQUFBQT09I1JUOjgjVFJDOjgwI0lTVjoyI0lFTzo2NTU2Nw",
      "RequestMethod": "GET",
      "RequestHeaders": {
        "Accept": "application/json",
        "Authorization": "Sanitized",
        "traceparent": "00-400b91de26290fab973a1992e22ee6ea-db21648cfaacbc7f-00",
        "User-Agent": "azsdk-net-Security.KeyVault.Keys/4.3.0-alpha.20220322.1 (.NET 6.0.3; Microsoft Windows 10.0.22000)",
        "x-ms-client-request-id": "7c1e953b7b54c9e24186a47f728a6883",
        "x-ms-return-client-request-id": "true"
      },
      "RequestBody": null,
      "StatusCode": 200,
      "ResponseHeaders": {
        "Cache-Control": "no-cache",
        "Content-Length": "3934",
        "Content-Security-Policy": "default-src \u0027self\u0027",
        "Content-Type": "application/json; charset=utf-8",
        "Strict-Transport-Security": "max-age=31536000; includeSubDomains",
        "X-Content-Type-Options": "nosniff",
        "X-Frame-Options": "SAMEORIGIN",
        "x-ms-build-version": "1.0.20220305-2-902fedaa-closebadconnections",
        "x-ms-keyvault-network-info": "conn_type=Ipv4;addr=67.171.12.239;act_addr_fam=Ipv4;",
        "x-ms-keyvault-region": "southcentralus",
        "x-ms-request-id": "ac31f668-aad4-11ec-9185-000d3aeeda4b",
        "x-ms-server-latency": "43"
      },
      "ResponseBody": {
        "nextLink": "https://heathskeyvaulthsm.managedhsm.azure.net/deletedkeys/?maxresults=25\u0026$skiptoken=K1JJRDp-bXFSK0FQVko2MVc1QUFBQUFBQUFBQT09I1JUOjkjVFJDOjkwI0lTVjoyI0lFTzo2NTU2Nw",
        "value": [
          {
            "attributes": {
              "created": 1648058448,
              "enabled": true,
              "exportable": false,
              "recoverableDays": 7,
              "recoveryLevel": "CustomizedRecoverable\u002BPurgeable",
              "updated": 1648058448
            },
            "deletedDate": 1648058449,
            "kid": "https://heathskeyvaulthsm.managedhsm.azure.net/keys/1942582475",
            "recoveryId": "https://heathskeyvaulthsm.managedhsm.azure.net/deletedkeys/1942582475",
            "scheduledPurgeDate": 1648663249
          },
          {
            "attributes": {
              "created": 1648058449,
              "enabled": true,
              "exportable": false,
              "recoverableDays": 7,
              "recoveryLevel": "CustomizedRecoverable\u002BPurgeable",
              "updated": 1648058449
            },
            "deletedDate": 1648058450,
            "kid": "https://heathskeyvaulthsm.managedhsm.azure.net/keys/1784885498",
            "recoveryId": "https://heathskeyvaulthsm.managedhsm.azure.net/deletedkeys/1784885498",
            "scheduledPurgeDate": 1648663250
          },
          {
            "attributes": {
              "created": 1648058450,
              "enabled": true,
              "exportable": false,
              "recoverableDays": 7,
              "recoveryLevel": "CustomizedRecoverable\u002BPurgeable",
              "updated": 1648058450
            },
            "deletedDate": 1648058451,
            "kid": "https://heathskeyvaulthsm.managedhsm.azure.net/keys/333518815",
            "recoveryId": "https://heathskeyvaulthsm.managedhsm.azure.net/deletedkeys/333518815",
            "scheduledPurgeDate": 1648663251
          },
          {
            "attributes": {
              "created": 1648058451,
              "enabled": true,
              "exportable": false,
              "recoverableDays": 7,
              "recoveryLevel": "CustomizedRecoverable\u002BPurgeable",
              "updated": 1648058451
            },
            "deletedDate": 1648058452,
            "kid": "https://heathskeyvaulthsm.managedhsm.azure.net/keys/822678134",
            "recoveryId": "https://heathskeyvaulthsm.managedhsm.azure.net/deletedkeys/822678134",
            "scheduledPurgeDate": 1648663252
          },
          {
            "attributes": {
              "created": 1648058452,
              "enabled": true,
              "exportable": false,
              "recoverableDays": 7,
              "recoveryLevel": "CustomizedRecoverable\u002BPurgeable",
              "updated": 1648058452
            },
            "deletedDate": 1648058453,
            "kid": "https://heathskeyvaulthsm.managedhsm.azure.net/keys/118434413",
            "recoveryId": "https://heathskeyvaulthsm.managedhsm.azure.net/deletedkeys/118434413",
            "scheduledPurgeDate": 1648663253
          },
          {
            "attributes": {
              "created": 1648058453,
              "enabled": true,
              "exportable": false,
              "recoverableDays": 7,
              "recoveryLevel": "CustomizedRecoverable\u002BPurgeable",
              "updated": 1648058453
            },
            "deletedDate": 1648058454,
            "kid": "https://heathskeyvaulthsm.managedhsm.azure.net/keys/799501225",
            "recoveryId": "https://heathskeyvaulthsm.managedhsm.azure.net/deletedkeys/799501225",
            "scheduledPurgeDate": 1648663254
          },
          {
            "attributes": {
              "created": 1648058454,
              "enabled": true,
              "exportable": false,
              "recoverableDays": 7,
              "recoveryLevel": "CustomizedRecoverable\u002BPurgeable",
              "updated": 1648058454
            },
            "deletedDate": 1648058455,
            "kid": "https://heathskeyvaulthsm.managedhsm.azure.net/keys/557830329",
            "recoveryId": "https://heathskeyvaulthsm.managedhsm.azure.net/deletedkeys/557830329",
            "scheduledPurgeDate": 1648663255
          },
          {
            "attributes": {
              "created": 1648058455,
              "enabled": true,
              "exportable": false,
              "recoverableDays": 7,
              "recoveryLevel": "CustomizedRecoverable\u002BPurgeable",
              "updated": 1648058455
            },
            "deletedDate": 1648058456,
            "kid": "https://heathskeyvaulthsm.managedhsm.azure.net/keys/823039809",
            "recoveryId": "https://heathskeyvaulthsm.managedhsm.azure.net/deletedkeys/823039809",
            "scheduledPurgeDate": 1648663256
          },
          {
            "attributes": {
              "created": 1648058458,
              "enabled": true,
              "exportable": false,
              "recoverableDays": 7,
              "recoveryLevel": "CustomizedRecoverable\u002BPurgeable",
              "updated": 1648058458
            },
            "deletedDate": 1648058458,
            "kid": "https://heathskeyvaulthsm.managedhsm.azure.net/keys/469362895",
            "recoveryId": "https://heathskeyvaulthsm.managedhsm.azure.net/deletedkeys/469362895",
            "scheduledPurgeDate": 1648663258
          },
          {
            "attributes": {
              "created": 1648058459,
              "enabled": true,
              "exportable": false,
              "recoverableDays": 7,
              "recoveryLevel": "CustomizedRecoverable\u002BPurgeable",
              "updated": 1648058459
            },
            "deletedDate": 1648058460,
            "kid": "https://heathskeyvaulthsm.managedhsm.azure.net/keys/2087306922",
            "recoveryId": "https://heathskeyvaulthsm.managedhsm.azure.net/deletedkeys/2087306922",
            "scheduledPurgeDate": 1648663260
          }
        ]
      }
    },
    {
      "RequestUri": "https://heathskeyvaulthsm.managedhsm.azure.net/deletedkeys/?maxresults=25\u0026$skiptoken=K1JJRDp-bXFSK0FQVko2MVc1QUFBQUFBQUFBQT09I1JUOjkjVFJDOjkwI0lTVjoyI0lFTzo2NTU2Nw",
      "RequestMethod": "GET",
      "RequestHeaders": {
        "Accept": "application/json",
        "Authorization": "Sanitized",
        "traceparent": "00-d6ad7fadd7324d4e252fc8a4752f8e8b-dda8645c408c2ffa-00",
        "User-Agent": "azsdk-net-Security.KeyVault.Keys/4.3.0-alpha.20220322.1 (.NET 6.0.3; Microsoft Windows 10.0.22000)",
        "x-ms-client-request-id": "a3026a46bbdd57ab2f1e1bbd37171bc1",
        "x-ms-return-client-request-id": "true"
      },
      "RequestBody": null,
      "StatusCode": 200,
      "ResponseHeaders": {
        "Cache-Control": "no-cache",
        "Content-Length": "3938",
        "Content-Security-Policy": "default-src \u0027self\u0027",
        "Content-Type": "application/json; charset=utf-8",
        "Strict-Transport-Security": "max-age=31536000; includeSubDomains",
        "X-Content-Type-Options": "nosniff",
        "X-Frame-Options": "SAMEORIGIN",
        "x-ms-build-version": "1.0.20220305-2-902fedaa-closebadconnections",
        "x-ms-keyvault-network-info": "conn_type=Ipv4;addr=67.171.12.239;act_addr_fam=Ipv4;",
        "x-ms-keyvault-region": "southcentralus",
        "x-ms-request-id": "ac443a12-aad4-11ec-9185-000d3aeeda4b",
        "x-ms-server-latency": "39"
      },
      "ResponseBody": {
        "nextLink": "https://heathskeyvaulthsm.managedhsm.azure.net/deletedkeys/?maxresults=25\u0026$skiptoken=K1JJRDp-bXFSK0FQVko2MVhOQUFBQUFBQUFBQT09I1JUOjEwI1RSQzoxMDAjSVNWOjIjSUVPOjY1NTY3",
        "value": [
          {
            "attributes": {
              "created": 1648058461,
              "enabled": true,
              "exportable": false,
              "recoverableDays": 7,
              "recoveryLevel": "CustomizedRecoverable\u002BPurgeable",
              "updated": 1648058461
            },
            "deletedDate": 1648058462,
            "kid": "https://heathskeyvaulthsm.managedhsm.azure.net/keys/1062185476",
            "recoveryId": "https://heathskeyvaulthsm.managedhsm.azure.net/deletedkeys/1062185476",
            "scheduledPurgeDate": 1648663262
          },
          {
            "attributes": {
              "created": 1648058463,
              "enabled": true,
              "exportable": false,
              "recoverableDays": 7,
              "recoveryLevel": "CustomizedRecoverable\u002BPurgeable",
              "updated": 1648058463
            },
            "deletedDate": 1648058464,
            "kid": "https://heathskeyvaulthsm.managedhsm.azure.net/keys/1037992011",
            "recoveryId": "https://heathskeyvaulthsm.managedhsm.azure.net/deletedkeys/1037992011",
            "scheduledPurgeDate": 1648663264
          },
          {
            "attributes": {
              "created": 1648058465,
              "enabled": true,
              "exportable": false,
              "recoverableDays": 7,
              "recoveryLevel": "CustomizedRecoverable\u002BPurgeable",
              "updated": 1648058465
            },
            "deletedDate": 1648058466,
            "kid": "https://heathskeyvaulthsm.managedhsm.azure.net/keys/1337783230",
            "recoveryId": "https://heathskeyvaulthsm.managedhsm.azure.net/deletedkeys/1337783230",
            "scheduledPurgeDate": 1648663266
          },
          {
            "attributes": {
              "created": 1648058467,
              "enabled": true,
              "exportable": false,
              "recoverableDays": 7,
              "recoveryLevel": "CustomizedRecoverable\u002BPurgeable",
              "updated": 1648058467
            },
            "deletedDate": 1648058468,
            "kid": "https://heathskeyvaulthsm.managedhsm.azure.net/keys/860935623",
            "recoveryId": "https://heathskeyvaulthsm.managedhsm.azure.net/deletedkeys/860935623",
            "scheduledPurgeDate": 1648663268
          },
          {
            "attributes": {
              "created": 1648058469,
              "enabled": true,
              "exportable": false,
              "recoverableDays": 7,
              "recoveryLevel": "CustomizedRecoverable\u002BPurgeable",
              "updated": 1648058469
            },
            "deletedDate": 1648058470,
            "kid": "https://heathskeyvaulthsm.managedhsm.azure.net/keys/316781058",
            "recoveryId": "https://heathskeyvaulthsm.managedhsm.azure.net/deletedkeys/316781058",
            "scheduledPurgeDate": 1648663270
          },
          {
            "attributes": {
              "created": 1648058471,
              "enabled": true,
              "exportable": false,
              "recoverableDays": 7,
              "recoveryLevel": "CustomizedRecoverable\u002BPurgeable",
              "updated": 1648058471
            },
            "deletedDate": 1648058472,
            "kid": "https://heathskeyvaulthsm.managedhsm.azure.net/keys/848708469",
            "recoveryId": "https://heathskeyvaulthsm.managedhsm.azure.net/deletedkeys/848708469",
            "scheduledPurgeDate": 1648663272
          },
          {
            "attributes": {
              "created": 1648058474,
              "enabled": true,
              "exportable": false,
              "recoverableDays": 7,
              "recoveryLevel": "CustomizedRecoverable\u002BPurgeable",
              "updated": 1648058474
            },
            "deletedDate": 1648058474,
            "kid": "https://heathskeyvaulthsm.managedhsm.azure.net/keys/919348250",
            "recoveryId": "https://heathskeyvaulthsm.managedhsm.azure.net/deletedkeys/919348250",
            "scheduledPurgeDate": 1648663274
          },
          {
            "attributes": {
              "created": 1648058476,
              "enabled": true,
              "exportable": false,
              "recoverableDays": 7,
              "recoveryLevel": "CustomizedRecoverable\u002BPurgeable",
              "updated": 1648058476
            },
            "deletedDate": 1648058477,
            "kid": "https://heathskeyvaulthsm.managedhsm.azure.net/keys/714813662",
            "recoveryId": "https://heathskeyvaulthsm.managedhsm.azure.net/deletedkeys/714813662",
            "scheduledPurgeDate": 1648663277
          },
          {
            "attributes": {
              "created": 1648058478,
              "enabled": true,
              "exportable": false,
              "recoverableDays": 7,
              "recoveryLevel": "CustomizedRecoverable\u002BPurgeable",
              "updated": 1648058478
            },
            "deletedDate": 1648058479,
            "kid": "https://heathskeyvaulthsm.managedhsm.azure.net/keys/1323394181",
            "recoveryId": "https://heathskeyvaulthsm.managedhsm.azure.net/deletedkeys/1323394181",
            "scheduledPurgeDate": 1648663279
          },
          {
            "attributes": {
              "created": 1648058480,
              "enabled": true,
              "exportable": false,
              "recoverableDays": 7,
              "recoveryLevel": "CustomizedRecoverable\u002BPurgeable",
              "updated": 1648058480
            },
            "deletedDate": 1648058481,
            "kid": "https://heathskeyvaulthsm.managedhsm.azure.net/keys/832027644",
            "recoveryId": "https://heathskeyvaulthsm.managedhsm.azure.net/deletedkeys/832027644",
            "scheduledPurgeDate": 1648663281
          }
        ]
      }
    },
    {
      "RequestUri": "https://heathskeyvaulthsm.managedhsm.azure.net/deletedkeys/?maxresults=25\u0026$skiptoken=K1JJRDp-bXFSK0FQVko2MVhOQUFBQUFBQUFBQT09I1JUOjEwI1RSQzoxMDAjSVNWOjIjSUVPOjY1NTY3",
      "RequestMethod": "GET",
      "RequestHeaders": {
        "Accept": "application/json",
        "Authorization": "Sanitized",
        "traceparent": "00-ce1646c6cba090824ab8a21433e6f4d6-a1b6602ff17b16ff-00",
        "User-Agent": "azsdk-net-Security.KeyVault.Keys/4.3.0-alpha.20220322.1 (.NET 6.0.3; Microsoft Windows 10.0.22000)",
        "x-ms-client-request-id": "bbcfe76cb3a32be1666990d2b17de7b1",
        "x-ms-return-client-request-id": "true"
      },
      "RequestBody": null,
      "StatusCode": 200,
      "ResponseHeaders": {
        "Cache-Control": "no-cache",
        "Content-Length": "3936",
        "Content-Security-Policy": "default-src \u0027self\u0027",
        "Content-Type": "application/json; charset=utf-8",
        "Strict-Transport-Security": "max-age=31536000; includeSubDomains",
        "X-Content-Type-Options": "nosniff",
        "X-Frame-Options": "SAMEORIGIN",
        "x-ms-build-version": "1.0.20220305-2-902fedaa-closebadconnections",
        "x-ms-keyvault-network-info": "conn_type=Ipv4;addr=67.171.12.239;act_addr_fam=Ipv4;",
        "x-ms-keyvault-region": "southcentralus",
        "x-ms-request-id": "ac564e00-aad4-11ec-9185-000d3aeeda4b",
        "x-ms-server-latency": "43"
      },
      "ResponseBody": {
        "nextLink": "https://heathskeyvaulthsm.managedhsm.azure.net/deletedkeys/?maxresults=25\u0026$skiptoken=K1JJRDp-bXFSK0FQVko2MVhoQUFBQUFBQUFBQT09I1JUOjExI1RSQzoxMTAjSVNWOjIjSUVPOjY1NTY3",
        "value": [
          {
            "attributes": {
              "created": 1648058482,
              "enabled": true,
              "exportable": false,
              "recoverableDays": 7,
              "recoveryLevel": "CustomizedRecoverable\u002BPurgeable",
              "updated": 1648058482
            },
            "deletedDate": 1648058483,
            "kid": "https://heathskeyvaulthsm.managedhsm.azure.net/keys/864722086",
            "recoveryId": "https://heathskeyvaulthsm.managedhsm.azure.net/deletedkeys/864722086",
            "scheduledPurgeDate": 1648663283
          },
          {
            "attributes": {
              "created": 1648058485,
              "enabled": true,
              "exportable": false,
              "recoverableDays": 7,
              "recoveryLevel": "CustomizedRecoverable\u002BPurgeable",
              "updated": 1648058485
            },
            "deletedDate": 1648058485,
            "kid": "https://heathskeyvaulthsm.managedhsm.azure.net/keys/638921893",
            "recoveryId": "https://heathskeyvaulthsm.managedhsm.azure.net/deletedkeys/638921893",
            "scheduledPurgeDate": 1648663285
          },
          {
            "attributes": {
              "created": 1648058487,
              "enabled": true,
              "exportable": false,
              "recoverableDays": 7,
              "recoveryLevel": "CustomizedRecoverable\u002BPurgeable",
              "updated": 1648058487
            },
            "deletedDate": 1648058488,
            "kid": "https://heathskeyvaulthsm.managedhsm.azure.net/keys/1319621412",
            "recoveryId": "https://heathskeyvaulthsm.managedhsm.azure.net/deletedkeys/1319621412",
            "scheduledPurgeDate": 1648663288
          },
          {
            "attributes": {
              "created": 1648058489,
              "enabled": true,
              "exportable": false,
              "recoverableDays": 7,
              "recoveryLevel": "CustomizedRecoverable\u002BPurgeable",
              "updated": 1648058489
            },
            "deletedDate": 1648058490,
            "kid": "https://heathskeyvaulthsm.managedhsm.azure.net/keys/502849234",
            "recoveryId": "https://heathskeyvaulthsm.managedhsm.azure.net/deletedkeys/502849234",
            "scheduledPurgeDate": 1648663290
          },
          {
            "attributes": {
              "created": 1648058491,
              "enabled": true,
              "exportable": false,
              "recoverableDays": 7,
              "recoveryLevel": "CustomizedRecoverable\u002BPurgeable",
              "updated": 1648058491
            },
            "deletedDate": 1648058492,
            "kid": "https://heathskeyvaulthsm.managedhsm.azure.net/keys/68959532",
            "recoveryId": "https://heathskeyvaulthsm.managedhsm.azure.net/deletedkeys/68959532",
            "scheduledPurgeDate": 1648663292
          },
          {
            "attributes": {
              "created": 1648058494,
              "enabled": true,
              "exportable": false,
              "recoverableDays": 7,
              "recoveryLevel": "CustomizedRecoverable\u002BPurgeable",
              "updated": 1648058494
            },
            "deletedDate": 1648058495,
            "kid": "https://heathskeyvaulthsm.managedhsm.azure.net/keys/1921624385",
            "recoveryId": "https://heathskeyvaulthsm.managedhsm.azure.net/deletedkeys/1921624385",
            "scheduledPurgeDate": 1648663295
          },
          {
            "attributes": {
              "created": 1648058497,
              "enabled": true,
              "exportable": false,
              "recoverableDays": 7,
              "recoveryLevel": "CustomizedRecoverable\u002BPurgeable",
              "updated": 1648058497
            },
            "deletedDate": 1648058497,
            "kid": "https://heathskeyvaulthsm.managedhsm.azure.net/keys/432949481",
            "recoveryId": "https://heathskeyvaulthsm.managedhsm.azure.net/deletedkeys/432949481",
            "scheduledPurgeDate": 1648663297
          },
          {
            "attributes": {
              "created": 1648058499,
              "enabled": true,
              "exportable": false,
              "recoverableDays": 7,
              "recoveryLevel": "CustomizedRecoverable\u002BPurgeable",
              "updated": 1648058499
            },
            "deletedDate": 1648058500,
            "kid": "https://heathskeyvaulthsm.managedhsm.azure.net/keys/1321334613",
            "recoveryId": "https://heathskeyvaulthsm.managedhsm.azure.net/deletedkeys/1321334613",
            "scheduledPurgeDate": 1648663300
          },
          {
            "attributes": {
              "created": 1648058502,
              "enabled": true,
              "exportable": false,
              "recoverableDays": 7,
              "recoveryLevel": "CustomizedRecoverable\u002BPurgeable",
              "updated": 1648058502
            },
            "deletedDate": 1648058502,
            "kid": "https://heathskeyvaulthsm.managedhsm.azure.net/keys/1777870303",
            "recoveryId": "https://heathskeyvaulthsm.managedhsm.azure.net/deletedkeys/1777870303",
            "scheduledPurgeDate": 1648663302
          },
          {
            "attributes": {
              "created": 1648058504,
              "enabled": true,
              "exportable": false,
              "recoverableDays": 7,
              "recoveryLevel": "CustomizedRecoverable\u002BPurgeable",
              "updated": 1648058504
            },
            "deletedDate": 1648058505,
            "kid": "https://heathskeyvaulthsm.managedhsm.azure.net/keys/446392749",
            "recoveryId": "https://heathskeyvaulthsm.managedhsm.azure.net/deletedkeys/446392749",
            "scheduledPurgeDate": 1648663305
          }
        ]
      }
    },
    {
      "RequestUri": "https://heathskeyvaulthsm.managedhsm.azure.net/deletedkeys/?maxresults=25\u0026$skiptoken=K1JJRDp-bXFSK0FQVko2MVhoQUFBQUFBQUFBQT09I1JUOjExI1RSQzoxMTAjSVNWOjIjSUVPOjY1NTY3",
      "RequestMethod": "GET",
      "RequestHeaders": {
        "Accept": "application/json",
        "Authorization": "Sanitized",
        "traceparent": "00-94ca8a7775f7ec7596a6321c35824232-935c3d6b1ea9050a-00",
        "User-Agent": "azsdk-net-Security.KeyVault.Keys/4.3.0-alpha.20220322.1 (.NET 6.0.3; Microsoft Windows 10.0.22000)",
        "x-ms-client-request-id": "58ddb772a3f77fd2e9c64c356025912a",
        "x-ms-return-client-request-id": "true"
      },
      "RequestBody": null,
      "StatusCode": 200,
      "ResponseHeaders": {
        "Cache-Control": "no-cache",
        "Content-Length": "3942",
        "Content-Security-Policy": "default-src \u0027self\u0027",
        "Content-Type": "application/json; charset=utf-8",
        "Strict-Transport-Security": "max-age=31536000; includeSubDomains",
        "X-Content-Type-Options": "nosniff",
        "X-Frame-Options": "SAMEORIGIN",
        "x-ms-build-version": "1.0.20220305-2-902fedaa-closebadconnections",
        "x-ms-keyvault-network-info": "conn_type=Ipv4;addr=67.171.12.239;act_addr_fam=Ipv4;",
        "x-ms-keyvault-region": "southcentralus",
        "x-ms-request-id": "ac6b3c34-aad4-11ec-9185-000d3aeeda4b",
        "x-ms-server-latency": "37"
      },
      "ResponseBody": {
        "nextLink": "https://heathskeyvaulthsm.managedhsm.azure.net/deletedkeys/?maxresults=25\u0026$skiptoken=K1JJRDp-bXFSK0FQVko2MVgxQUFBQUFBQUFBQT09I1JUOjEyI1RSQzoxMjAjSVNWOjIjSUVPOjY1NTY3",
        "value": [
          {
            "attributes": {
              "created": 1648058506,
              "enabled": true,
              "exportable": false,
              "recoverableDays": 7,
              "recoveryLevel": "CustomizedRecoverable\u002BPurgeable",
              "updated": 1648058506
            },
            "deletedDate": 1648058507,
            "kid": "https://heathskeyvaulthsm.managedhsm.azure.net/keys/793618147",
            "recoveryId": "https://heathskeyvaulthsm.managedhsm.azure.net/deletedkeys/793618147",
            "scheduledPurgeDate": 1648663307
          },
          {
            "attributes": {
              "created": 1648058508,
              "enabled": true,
              "exportable": false,
              "recoverableDays": 7,
              "recoveryLevel": "CustomizedRecoverable\u002BPurgeable",
              "updated": 1648058508
            },
            "deletedDate": 1648058509,
            "kid": "https://heathskeyvaulthsm.managedhsm.azure.net/keys/1482063970",
            "recoveryId": "https://heathskeyvaulthsm.managedhsm.azure.net/deletedkeys/1482063970",
            "scheduledPurgeDate": 1648663309
          },
          {
            "attributes": {
              "created": 1648058511,
              "enabled": true,
              "exportable": false,
              "recoverableDays": 7,
              "recoveryLevel": "CustomizedRecoverable\u002BPurgeable",
              "updated": 1648058511
            },
            "deletedDate": 1648058511,
            "kid": "https://heathskeyvaulthsm.managedhsm.azure.net/keys/787681379",
            "recoveryId": "https://heathskeyvaulthsm.managedhsm.azure.net/deletedkeys/787681379",
            "scheduledPurgeDate": 1648663311
          },
          {
            "attributes": {
              "created": 1648058513,
              "enabled": true,
              "exportable": false,
              "recoverableDays": 7,
              "recoveryLevel": "CustomizedRecoverable\u002BPurgeable",
              "updated": 1648058513
            },
            "deletedDate": 1648058514,
            "kid": "https://heathskeyvaulthsm.managedhsm.azure.net/keys/1770475393",
            "recoveryId": "https://heathskeyvaulthsm.managedhsm.azure.net/deletedkeys/1770475393",
            "scheduledPurgeDate": 1648663314
          },
          {
            "attributes": {
              "created": 1648058515,
              "enabled": true,
              "exportable": false,
              "recoverableDays": 7,
              "recoveryLevel": "CustomizedRecoverable\u002BPurgeable",
              "updated": 1648058515
            },
            "deletedDate": 1648058516,
            "kid": "https://heathskeyvaulthsm.managedhsm.azure.net/keys/1648846204",
            "recoveryId": "https://heathskeyvaulthsm.managedhsm.azure.net/deletedkeys/1648846204",
            "scheduledPurgeDate": 1648663316
          },
          {
            "attributes": {
              "created": 1648058518,
              "enabled": true,
              "exportable": false,
              "recoverableDays": 7,
              "recoveryLevel": "CustomizedRecoverable\u002BPurgeable",
              "updated": 1648058518
            },
            "deletedDate": 1648058519,
            "kid": "https://heathskeyvaulthsm.managedhsm.azure.net/keys/2133331775",
            "recoveryId": "https://heathskeyvaulthsm.managedhsm.azure.net/deletedkeys/2133331775",
            "scheduledPurgeDate": 1648663319
          },
          {
            "attributes": {
              "created": 1648058520,
              "enabled": true,
              "exportable": false,
              "recoverableDays": 7,
              "recoveryLevel": "CustomizedRecoverable\u002BPurgeable",
              "updated": 1648058520
            },
            "deletedDate": 1648058521,
            "kid": "https://heathskeyvaulthsm.managedhsm.azure.net/keys/774073090",
            "recoveryId": "https://heathskeyvaulthsm.managedhsm.azure.net/deletedkeys/774073090",
            "scheduledPurgeDate": 1648663321
          },
          {
            "attributes": {
              "created": 1648058523,
              "enabled": true,
              "exportable": false,
              "recoverableDays": 7,
              "recoveryLevel": "CustomizedRecoverable\u002BPurgeable",
              "updated": 1648058523
            },
            "deletedDate": 1648058524,
            "kid": "https://heathskeyvaulthsm.managedhsm.azure.net/keys/1174259747",
            "recoveryId": "https://heathskeyvaulthsm.managedhsm.azure.net/deletedkeys/1174259747",
            "scheduledPurgeDate": 1648663324
          },
          {
            "attributes": {
              "created": 1648058525,
              "enabled": true,
              "exportable": false,
              "recoverableDays": 7,
              "recoveryLevel": "CustomizedRecoverable\u002BPurgeable",
              "updated": 1648058525
            },
            "deletedDate": 1648058526,
            "kid": "https://heathskeyvaulthsm.managedhsm.azure.net/keys/2082425950",
            "recoveryId": "https://heathskeyvaulthsm.managedhsm.azure.net/deletedkeys/2082425950",
            "scheduledPurgeDate": 1648663326
          },
          {
            "attributes": {
              "created": 1648058527,
              "enabled": true,
              "exportable": false,
              "recoverableDays": 7,
              "recoveryLevel": "CustomizedRecoverable\u002BPurgeable",
              "updated": 1648058527
            },
            "deletedDate": 1648058528,
            "kid": "https://heathskeyvaulthsm.managedhsm.azure.net/keys/466396448",
            "recoveryId": "https://heathskeyvaulthsm.managedhsm.azure.net/deletedkeys/466396448",
            "scheduledPurgeDate": 1648663328
          }
        ]
      }
    },
    {
      "RequestUri": "https://heathskeyvaulthsm.managedhsm.azure.net/deletedkeys/?maxresults=25\u0026$skiptoken=K1JJRDp-bXFSK0FQVko2MVgxQUFBQUFBQUFBQT09I1JUOjEyI1RSQzoxMjAjSVNWOjIjSUVPOjY1NTY3",
      "RequestMethod": "GET",
      "RequestHeaders": {
        "Accept": "application/json",
        "Authorization": "Sanitized",
        "traceparent": "00-9b05bd1625c4848c524afc8551c738d1-a89bf0ff52711e62-00",
        "User-Agent": "azsdk-net-Security.KeyVault.Keys/4.3.0-alpha.20220322.1 (.NET 6.0.3; Microsoft Windows 10.0.22000)",
        "x-ms-client-request-id": "8b12e36badbb92e088d73c732ad8a6b2",
        "x-ms-return-client-request-id": "true"
      },
      "RequestBody": null,
      "StatusCode": 200,
      "ResponseHeaders": {
        "Cache-Control": "no-cache",
        "Content-Length": "3938",
        "Content-Security-Policy": "default-src \u0027self\u0027",
        "Content-Type": "application/json; charset=utf-8",
        "Strict-Transport-Security": "max-age=31536000; includeSubDomains",
        "X-Content-Type-Options": "nosniff",
        "X-Frame-Options": "SAMEORIGIN",
        "x-ms-build-version": "1.0.20220305-2-902fedaa-closebadconnections",
        "x-ms-keyvault-network-info": "conn_type=Ipv4;addr=67.171.12.239;act_addr_fam=Ipv4;",
        "x-ms-keyvault-region": "southcentralus",
        "x-ms-request-id": "ac7dbf3a-aad4-11ec-9185-000d3aeeda4b",
        "x-ms-server-latency": "44"
      },
      "ResponseBody": {
        "nextLink": "https://heathskeyvaulthsm.managedhsm.azure.net/deletedkeys/?maxresults=25\u0026$skiptoken=K1JJRDp-bXFSK0FQVko2MVVKQVFBQUFBQUFBQT09I1JUOjEzI1RSQzoxMzAjSVNWOjIjSUVPOjY1NTY3",
        "value": [
          {
            "attributes": {
              "created": 1648058530,
              "enabled": true,
              "exportable": false,
              "recoverableDays": 7,
              "recoveryLevel": "CustomizedRecoverable\u002BPurgeable",
              "updated": 1648058530
            },
            "deletedDate": 1648058531,
            "kid": "https://heathskeyvaulthsm.managedhsm.azure.net/keys/95721751",
            "recoveryId": "https://heathskeyvaulthsm.managedhsm.azure.net/deletedkeys/95721751",
            "scheduledPurgeDate": 1648663331
          },
          {
            "attributes": {
              "created": 1648058532,
              "enabled": true,
              "exportable": false,
              "recoverableDays": 7,
              "recoveryLevel": "CustomizedRecoverable\u002BPurgeable",
              "updated": 1648058532
            },
            "deletedDate": 1648058532,
            "kid": "https://heathskeyvaulthsm.managedhsm.azure.net/keys/883052925",
            "recoveryId": "https://heathskeyvaulthsm.managedhsm.azure.net/deletedkeys/883052925",
            "scheduledPurgeDate": 1648663332
          },
          {
            "attributes": {
              "created": 1648058735,
              "enabled": true,
              "exportable": false,
              "recoverableDays": 7,
              "recoveryLevel": "CustomizedRecoverable\u002BPurgeable",
              "updated": 1648058735
            },
            "deletedDate": 1648058736,
            "kid": "https://heathskeyvaulthsm.managedhsm.azure.net/keys/15834064",
            "recoveryId": "https://heathskeyvaulthsm.managedhsm.azure.net/deletedkeys/15834064",
            "scheduledPurgeDate": 1648663536
          },
          {
            "attributes": {
              "created": 1648058737,
              "enabled": true,
              "exportable": false,
              "recoverableDays": 7,
              "recoveryLevel": "CustomizedRecoverable\u002BPurgeable",
              "updated": 1648058737
            },
            "deletedDate": 1648058738,
            "kid": "https://heathskeyvaulthsm.managedhsm.azure.net/keys/1821434156",
            "recoveryId": "https://heathskeyvaulthsm.managedhsm.azure.net/deletedkeys/1821434156",
            "scheduledPurgeDate": 1648663538
          },
          {
            "attributes": {
              "created": 1648058739,
              "enabled": true,
              "exportable": false,
              "recoverableDays": 7,
              "recoveryLevel": "CustomizedRecoverable\u002BPurgeable",
              "updated": 1648058739
            },
            "deletedDate": 1648058740,
            "kid": "https://heathskeyvaulthsm.managedhsm.azure.net/keys/1747113122",
            "recoveryId": "https://heathskeyvaulthsm.managedhsm.azure.net/deletedkeys/1747113122",
            "scheduledPurgeDate": 1648663540
          },
          {
            "attributes": {
              "created": 1648058742,
              "enabled": true,
              "exportable": false,
              "recoverableDays": 7,
              "recoveryLevel": "CustomizedRecoverable\u002BPurgeable",
              "updated": 1648058742
            },
            "deletedDate": 1648058742,
            "kid": "https://heathskeyvaulthsm.managedhsm.azure.net/keys/1846083679",
            "recoveryId": "https://heathskeyvaulthsm.managedhsm.azure.net/deletedkeys/1846083679",
            "scheduledPurgeDate": 1648663542
          },
          {
            "attributes": {
              "created": 1648058745,
              "enabled": true,
              "exportable": false,
              "recoverableDays": 7,
              "recoveryLevel": "CustomizedRecoverable\u002BPurgeable",
              "updated": 1648058745
            },
            "deletedDate": 1648058745,
            "kid": "https://heathskeyvaulthsm.managedhsm.azure.net/keys/1609278654",
            "recoveryId": "https://heathskeyvaulthsm.managedhsm.azure.net/deletedkeys/1609278654",
            "scheduledPurgeDate": 1648663545
          },
          {
            "attributes": {
              "created": 1648058747,
              "enabled": true,
              "exportable": false,
              "recoverableDays": 7,
              "recoveryLevel": "CustomizedRecoverable\u002BPurgeable",
              "updated": 1648058747
            },
            "deletedDate": 1648058748,
            "kid": "https://heathskeyvaulthsm.managedhsm.azure.net/keys/470883084",
            "recoveryId": "https://heathskeyvaulthsm.managedhsm.azure.net/deletedkeys/470883084",
            "scheduledPurgeDate": 1648663548
          },
          {
            "attributes": {
              "created": 1648058749,
              "enabled": true,
              "exportable": false,
              "recoverableDays": 7,
              "recoveryLevel": "CustomizedRecoverable\u002BPurgeable",
              "updated": 1648058749
            },
            "deletedDate": 1648058750,
            "kid": "https://heathskeyvaulthsm.managedhsm.azure.net/keys/1347386547",
            "recoveryId": "https://heathskeyvaulthsm.managedhsm.azure.net/deletedkeys/1347386547",
            "scheduledPurgeDate": 1648663550
          },
          {
            "attributes": {
              "created": 1648058751,
              "enabled": true,
              "exportable": false,
              "recoverableDays": 7,
              "recoveryLevel": "CustomizedRecoverable\u002BPurgeable",
              "updated": 1648058751
            },
            "deletedDate": 1648058752,
            "kid": "https://heathskeyvaulthsm.managedhsm.azure.net/keys/1750395719",
            "recoveryId": "https://heathskeyvaulthsm.managedhsm.azure.net/deletedkeys/1750395719",
            "scheduledPurgeDate": 1648663552
          }
        ]
      }
    },
    {
      "RequestUri": "https://heathskeyvaulthsm.managedhsm.azure.net/deletedkeys/?maxresults=25\u0026$skiptoken=K1JJRDp-bXFSK0FQVko2MVVKQVFBQUFBQUFBQT09I1JUOjEzI1RSQzoxMzAjSVNWOjIjSUVPOjY1NTY3",
      "RequestMethod": "GET",
      "RequestHeaders": {
        "Accept": "application/json",
        "Authorization": "Sanitized",
        "traceparent": "00-6d8c227383b232f3fcee955e3a465f6c-b3d4a12871c26d7d-00",
        "User-Agent": "azsdk-net-Security.KeyVault.Keys/4.3.0-alpha.20220322.1 (.NET 6.0.3; Microsoft Windows 10.0.22000)",
        "x-ms-client-request-id": "804a6936c339c9ca1450d1dc66accb41",
        "x-ms-return-client-request-id": "true"
      },
      "RequestBody": null,
      "StatusCode": 200,
      "ResponseHeaders": {
        "Cache-Control": "no-cache",
        "Content-Length": "3979",
        "Content-Security-Policy": "default-src \u0027self\u0027",
        "Content-Type": "application/json; charset=utf-8",
        "Strict-Transport-Security": "max-age=31536000; includeSubDomains",
        "X-Content-Type-Options": "nosniff",
        "X-Frame-Options": "SAMEORIGIN",
        "x-ms-build-version": "1.0.20220305-2-902fedaa-closebadconnections",
        "x-ms-keyvault-network-info": "conn_type=Ipv4;addr=67.171.12.239;act_addr_fam=Ipv4;",
        "x-ms-keyvault-region": "southcentralus",
        "x-ms-request-id": "ac90800c-aad4-11ec-9185-000d3aeeda4b",
        "x-ms-server-latency": "41"
      },
      "ResponseBody": {
        "nextLink": "https://heathskeyvaulthsm.managedhsm.azure.net/deletedkeys/?maxresults=25\u0026$skiptoken=K1JJRDp-bXFSK0FQVko2MVVkQVFBQUFBQUFBQT09I1JUOjE0I1RSQzoxNDAjSVNWOjIjSUVPOjY1NTY3",
        "value": [
          {
            "attributes": {
              "created": 1648058753,
              "enabled": false,
              "exp": 1567128012,
              "exportable": false,
              "nbf": 1564536012,
              "recoverableDays": 7,
              "recoveryLevel": "CustomizedRecoverable\u002BPurgeable",
              "updated": 1648058753
            },
            "deletedDate": 1648058754,
            "kid": "https://heathskeyvaulthsm.managedhsm.azure.net/keys/1981076471",
            "recoveryId": "https://heathskeyvaulthsm.managedhsm.azure.net/deletedkeys/1981076471",
            "scheduledPurgeDate": 1648663554
          },
          {
            "attributes": {
              "created": 1648058754,
              "enabled": true,
              "exportable": false,
              "recoverableDays": 7,
              "recoveryLevel": "CustomizedRecoverable\u002BPurgeable",
              "updated": 1648058754
            },
            "deletedDate": 1648058755,
            "kid": "https://heathskeyvaulthsm.managedhsm.azure.net/keys/1679970359",
            "recoveryId": "https://heathskeyvaulthsm.managedhsm.azure.net/deletedkeys/1679970359",
            "scheduledPurgeDate": 1648663555
          },
          {
            "attributes": {
              "created": 1648058755,
              "enabled": true,
              "exportable": false,
              "recoverableDays": 7,
              "recoveryLevel": "CustomizedRecoverable\u002BPurgeable",
              "updated": 1648058755
            },
            "deletedDate": 1648058756,
            "kid": "https://heathskeyvaulthsm.managedhsm.azure.net/keys/2019181318",
            "recoveryId": "https://heathskeyvaulthsm.managedhsm.azure.net/deletedkeys/2019181318",
            "scheduledPurgeDate": 1648663556
          },
          {
            "attributes": {
              "created": 1648058757,
              "enabled": true,
              "exportable": false,
              "recoverableDays": 7,
              "recoveryLevel": "CustomizedRecoverable\u002BPurgeable",
              "updated": 1648058757
            },
            "deletedDate": 1648058758,
            "kid": "https://heathskeyvaulthsm.managedhsm.azure.net/keys/1541722395",
            "recoveryId": "https://heathskeyvaulthsm.managedhsm.azure.net/deletedkeys/1541722395",
            "scheduledPurgeDate": 1648663558
          },
          {
            "attributes": {
              "created": 1648058759,
              "enabled": true,
              "exportable": false,
              "recoverableDays": 7,
              "recoveryLevel": "CustomizedRecoverable\u002BPurgeable",
              "updated": 1648058759
            },
            "deletedDate": 1648058760,
            "kid": "https://heathskeyvaulthsm.managedhsm.azure.net/keys/606092395",
            "recoveryId": "https://heathskeyvaulthsm.managedhsm.azure.net/deletedkeys/606092395",
            "scheduledPurgeDate": 1648663560
          },
          {
            "attributes": {
              "created": 1648058761,
              "enabled": true,
              "exportable": false,
              "recoverableDays": 7,
              "recoveryLevel": "CustomizedRecoverable\u002BPurgeable",
              "updated": 1648058761
            },
            "deletedDate": 1648058763,
            "kid": "https://heathskeyvaulthsm.managedhsm.azure.net/keys/260257715",
            "recoveryId": "https://heathskeyvaulthsm.managedhsm.azure.net/deletedkeys/260257715",
            "scheduledPurgeDate": 1648663563
          },
          {
            "attributes": {
              "created": 1648058765,
              "enabled": true,
              "exportable": false,
              "recoverableDays": 7,
              "recoveryLevel": "CustomizedRecoverable\u002BPurgeable",
              "updated": 1648058765
            },
            "deletedDate": 1648058765,
            "kid": "https://heathskeyvaulthsm.managedhsm.azure.net/keys/1251961464",
            "recoveryId": "https://heathskeyvaulthsm.managedhsm.azure.net/deletedkeys/1251961464",
            "scheduledPurgeDate": 1648663565
          },
          {
            "attributes": {
              "created": 1648058767,
              "enabled": true,
              "exportable": false,
              "recoverableDays": 7,
              "recoveryLevel": "CustomizedRecoverable\u002BPurgeable",
              "updated": 1648058767
            },
            "deletedDate": 1648058767,
            "kid": "https://heathskeyvaulthsm.managedhsm.azure.net/keys/156888409",
            "recoveryId": "https://heathskeyvaulthsm.managedhsm.azure.net/deletedkeys/156888409",
            "scheduledPurgeDate": 1648663567
          },
          {
            "attributes": {
              "created": 1648058769,
              "enabled": true,
              "exportable": false,
              "recoverableDays": 7,
              "recoveryLevel": "CustomizedRecoverable\u002BPurgeable",
              "updated": 1648058769
            },
            "deletedDate": 1648058769,
            "kid": "https://heathskeyvaulthsm.managedhsm.azure.net/keys/1038931079",
            "recoveryId": "https://heathskeyvaulthsm.managedhsm.azure.net/deletedkeys/1038931079",
            "scheduledPurgeDate": 1648663569
          },
          {
            "attributes": {
              "created": 1648058772,
              "enabled": true,
              "exportable": false,
              "recoverableDays": 7,
              "recoveryLevel": "CustomizedRecoverable\u002BPurgeable",
              "updated": 1648058772
            },
            "deletedDate": 1648058772,
            "kid": "https://heathskeyvaulthsm.managedhsm.azure.net/keys/1118919611",
            "recoveryId": "https://heathskeyvaulthsm.managedhsm.azure.net/deletedkeys/1118919611",
            "scheduledPurgeDate": 1648663572
          }
        ]
      }
    },
    {
      "RequestUri": "https://heathskeyvaulthsm.managedhsm.azure.net/deletedkeys/?maxresults=25\u0026$skiptoken=K1JJRDp-bXFSK0FQVko2MVVkQVFBQUFBQUFBQT09I1JUOjE0I1RSQzoxNDAjSVNWOjIjSUVPOjY1NTY3",
      "RequestMethod": "GET",
      "RequestHeaders": {
        "Accept": "application/json",
        "Authorization": "Sanitized",
        "traceparent": "00-f22cd5e9388254e53763e910693e4bdb-7fa7fbc1a55887a8-00",
        "User-Agent": "azsdk-net-Security.KeyVault.Keys/4.3.0-alpha.20220322.1 (.NET 6.0.3; Microsoft Windows 10.0.22000)",
        "x-ms-client-request-id": "ce6766d85c6ac5f6d74acf1f665f5411",
        "x-ms-return-client-request-id": "true"
      },
      "RequestBody": null,
      "StatusCode": 200,
      "ResponseHeaders": {
        "Cache-Control": "no-cache",
        "Content-Length": "3952",
        "Content-Security-Policy": "default-src \u0027self\u0027",
        "Content-Type": "application/json; charset=utf-8",
        "Strict-Transport-Security": "max-age=31536000; includeSubDomains",
        "X-Content-Type-Options": "nosniff",
        "X-Frame-Options": "SAMEORIGIN",
        "x-ms-build-version": "1.0.20220305-2-902fedaa-closebadconnections",
        "x-ms-keyvault-network-info": "conn_type=Ipv4;addr=67.171.12.239;act_addr_fam=Ipv4;",
        "x-ms-keyvault-region": "southcentralus",
        "x-ms-request-id": "aca60aee-aad4-11ec-9185-000d3aeeda4b",
        "x-ms-server-latency": "40"
      },
      "ResponseBody": {
        "nextLink": "https://heathskeyvaulthsm.managedhsm.azure.net/deletedkeys/?maxresults=25\u0026$skiptoken=K1JJRDp-bXFSK0FQVko2MVV4QVFBQUFBQUFBQT09I1JUOjE1I1RSQzoxNTAjSVNWOjIjSUVPOjY1NTY3",
        "value": [
          {
            "attributes": {
              "created": 1648058774,
              "enabled": true,
              "exportable": false,
              "recoverableDays": 7,
              "recoveryLevel": "CustomizedRecoverable\u002BPurgeable",
              "updated": 1648058774
            },
            "deletedDate": 1648058774,
            "kid": "https://heathskeyvaulthsm.managedhsm.azure.net/keys/1907145843",
            "recoveryId": "https://heathskeyvaulthsm.managedhsm.azure.net/deletedkeys/1907145843",
            "scheduledPurgeDate": 1648663574
          },
          {
            "attributes": {
              "created": 1648058777,
              "enabled": true,
              "exportable": false,
              "recoverableDays": 7,
              "recoveryLevel": "CustomizedRecoverable\u002BPurgeable",
              "updated": 1648058777
            },
            "deletedDate": 1648058777,
            "kid": "https://heathskeyvaulthsm.managedhsm.azure.net/keys/1894130042",
            "recoveryId": "https://heathskeyvaulthsm.managedhsm.azure.net/deletedkeys/1894130042",
            "scheduledPurgeDate": 1648663577
          },
          {
            "attributes": {
              "created": 1648058779,
              "enabled": true,
              "exportable": false,
              "recoverableDays": 7,
              "recoveryLevel": "CustomizedRecoverable\u002BPurgeable",
              "updated": 1648058779
            },
            "deletedDate": 1648058780,
            "kid": "https://heathskeyvaulthsm.managedhsm.azure.net/keys/20776698720",
            "recoveryId": "https://heathskeyvaulthsm.managedhsm.azure.net/deletedkeys/20776698720",
            "scheduledPurgeDate": 1648663580
          },
          {
            "attributes": {
              "created": 1648058780,
              "enabled": true,
              "exportable": false,
              "recoverableDays": 7,
              "recoveryLevel": "CustomizedRecoverable\u002BPurgeable",
              "updated": 1648058780
            },
            "deletedDate": 1648058781,
            "kid": "https://heathskeyvaulthsm.managedhsm.azure.net/keys/20776698721",
            "recoveryId": "https://heathskeyvaulthsm.managedhsm.azure.net/deletedkeys/20776698721",
            "scheduledPurgeDate": 1648663581
          },
          {
            "attributes": {
              "created": 1648058784,
              "enabled": true,
              "exportable": false,
              "recoverableDays": 7,
              "recoveryLevel": "CustomizedRecoverable\u002BPurgeable",
              "updated": 1648058784
            },
            "deletedDate": 1648058785,
            "kid": "https://heathskeyvaulthsm.managedhsm.azure.net/keys/1874291921",
            "recoveryId": "https://heathskeyvaulthsm.managedhsm.azure.net/deletedkeys/1874291921",
            "scheduledPurgeDate": 1648663585
          },
          {
            "attributes": {
              "created": 1648058787,
              "enabled": true,
              "exportable": false,
              "recoverableDays": 7,
              "recoveryLevel": "CustomizedRecoverable\u002BPurgeable",
              "updated": 1648058787
            },
            "deletedDate": 1648058787,
            "kid": "https://heathskeyvaulthsm.managedhsm.azure.net/keys/308270820",
            "recoveryId": "https://heathskeyvaulthsm.managedhsm.azure.net/deletedkeys/308270820",
            "scheduledPurgeDate": 1648663587
          },
          {
            "attributes": {
              "created": 1648058789,
              "enabled": true,
              "exportable": false,
              "recoverableDays": 7,
              "recoveryLevel": "CustomizedRecoverable\u002BPurgeable",
              "updated": 1648058789
            },
            "deletedDate": 1648058789,
            "kid": "https://heathskeyvaulthsm.managedhsm.azure.net/keys/2088207089",
            "recoveryId": "https://heathskeyvaulthsm.managedhsm.azure.net/deletedkeys/2088207089",
            "scheduledPurgeDate": 1648663589
          },
          {
            "attributes": {
              "created": 1648058791,
              "enabled": true,
              "exportable": false,
              "recoverableDays": 7,
              "recoveryLevel": "CustomizedRecoverable\u002BPurgeable",
              "updated": 1648058791
            },
            "deletedDate": 1648058792,
            "kid": "https://heathskeyvaulthsm.managedhsm.azure.net/keys/1893454195",
            "recoveryId": "https://heathskeyvaulthsm.managedhsm.azure.net/deletedkeys/1893454195",
            "scheduledPurgeDate": 1648663592
          },
          {
            "attributes": {
              "created": 1648058794,
              "enabled": true,
              "exportable": false,
              "recoverableDays": 7,
              "recoveryLevel": "CustomizedRecoverable\u002BPurgeable",
              "updated": 1648058794
            },
            "deletedDate": 1648058795,
            "kid": "https://heathskeyvaulthsm.managedhsm.azure.net/keys/3914062850",
            "recoveryId": "https://heathskeyvaulthsm.managedhsm.azure.net/deletedkeys/3914062850",
            "scheduledPurgeDate": 1648663595
          },
          {
            "attributes": {
              "created": 1648058794,
              "enabled": true,
              "exportable": false,
              "recoverableDays": 7,
              "recoveryLevel": "CustomizedRecoverable\u002BPurgeable",
              "updated": 1648058794
            },
            "deletedDate": 1648058795,
            "kid": "https://heathskeyvaulthsm.managedhsm.azure.net/keys/3914062851",
            "recoveryId": "https://heathskeyvaulthsm.managedhsm.azure.net/deletedkeys/3914062851",
            "scheduledPurgeDate": 1648663595
          }
        ]
      }
    },
    {
      "RequestUri": "https://heathskeyvaulthsm.managedhsm.azure.net/deletedkeys/?maxresults=25\u0026$skiptoken=K1JJRDp-bXFSK0FQVko2MVV4QVFBQUFBQUFBQT09I1JUOjE1I1RSQzoxNTAjSVNWOjIjSUVPOjY1NTY3",
      "RequestMethod": "GET",
      "RequestHeaders": {
        "Accept": "application/json",
        "Authorization": "Sanitized",
        "traceparent": "00-3b89b0deab74544a812a623d94419427-f109e7677a313ead-00",
        "User-Agent": "azsdk-net-Security.KeyVault.Keys/4.3.0-alpha.20220322.1 (.NET 6.0.3; Microsoft Windows 10.0.22000)",
        "x-ms-client-request-id": "f6ff9a1f10daa7f01849776bdb032cdc",
        "x-ms-return-client-request-id": "true"
      },
      "RequestBody": null,
      "StatusCode": 200,
      "ResponseHeaders": {
        "Cache-Control": "no-cache",
        "Content-Length": "3958",
        "Content-Security-Policy": "default-src \u0027self\u0027",
        "Content-Type": "application/json; charset=utf-8",
        "Strict-Transport-Security": "max-age=31536000; includeSubDomains",
        "X-Content-Type-Options": "nosniff",
        "X-Frame-Options": "SAMEORIGIN",
        "x-ms-build-version": "1.0.20220305-2-902fedaa-closebadconnections",
        "x-ms-keyvault-network-info": "conn_type=Ipv4;addr=67.171.12.239;act_addr_fam=Ipv4;",
        "x-ms-keyvault-region": "southcentralus",
        "x-ms-request-id": "acbbcffa-aad4-11ec-9185-000d3aeeda4b",
        "x-ms-server-latency": "38"
      },
      "ResponseBody": {
        "nextLink": "https://heathskeyvaulthsm.managedhsm.azure.net/deletedkeys/?maxresults=25\u0026$skiptoken=K1JJRDp-bXFSK0FQVko2MVZHQVFBQUFBQUFBQT09I1JUOjE2I1RSQzoxNjAjSVNWOjIjSUVPOjY1NTY3",
        "value": [
          {
            "attributes": {
              "created": 1648058798,
              "enabled": true,
              "exportable": false,
              "recoverableDays": 7,
              "recoveryLevel": "CustomizedRecoverable\u002BPurgeable",
              "updated": 1648058798
            },
            "deletedDate": 1648058798,
            "kid": "https://heathskeyvaulthsm.managedhsm.azure.net/keys/985178593",
            "recoveryId": "https://heathskeyvaulthsm.managedhsm.azure.net/deletedkeys/985178593",
            "scheduledPurgeDate": 1648663598
          },
          {
            "attributes": {
              "created": 1648058800,
              "enabled": true,
              "exportable": false,
              "recoverableDays": 7,
              "recoveryLevel": "CustomizedRecoverable\u002BPurgeable",
              "updated": 1648058800
            },
            "deletedDate": 1648058801,
            "kid": "https://heathskeyvaulthsm.managedhsm.azure.net/keys/1736812877",
            "recoveryId": "https://heathskeyvaulthsm.managedhsm.azure.net/deletedkeys/1736812877",
            "scheduledPurgeDate": 1648663601
          },
          {
            "attributes": {
              "created": 1648058802,
              "enabled": true,
              "exportable": false,
              "recoverableDays": 7,
              "recoveryLevel": "CustomizedRecoverable\u002BPurgeable",
              "updated": 1648058802
            },
            "deletedDate": 1648058803,
            "kid": "https://heathskeyvaulthsm.managedhsm.azure.net/keys/1949641824",
            "recoveryId": "https://heathskeyvaulthsm.managedhsm.azure.net/deletedkeys/1949641824",
            "scheduledPurgeDate": 1648663603
          },
          {
            "attributes": {
              "created": 1648058805,
              "enabled": true,
              "exportable": false,
              "recoverableDays": 7,
              "recoveryLevel": "CustomizedRecoverable\u002BPurgeable",
              "updated": 1648058805
            },
            "deletedDate": 1648058806,
            "kid": "https://heathskeyvaulthsm.managedhsm.azure.net/keys/850022372",
            "recoveryId": "https://heathskeyvaulthsm.managedhsm.azure.net/deletedkeys/850022372",
            "scheduledPurgeDate": 1648663606
          },
          {
            "attributes": {
              "created": 1648058808,
              "enabled": true,
              "exportable": false,
              "recoverableDays": 7,
              "recoveryLevel": "CustomizedRecoverable\u002BPurgeable",
              "updated": 1648058808
            },
            "deletedDate": 1648058809,
            "kid": "https://heathskeyvaulthsm.managedhsm.azure.net/keys/1950471096",
            "recoveryId": "https://heathskeyvaulthsm.managedhsm.azure.net/deletedkeys/1950471096",
            "scheduledPurgeDate": 1648663609
          },
          {
            "attributes": {
              "created": 1648058811,
              "enabled": true,
              "exportable": true,
              "recoverableDays": 7,
              "recoveryLevel": "CustomizedRecoverable\u002BPurgeable",
              "updated": 1648058811
            },
            "deletedDate": 1648058813,
            "kid": "https://heathskeyvaulthsm.managedhsm.azure.net/keys/1385207565",
            "recoveryId": "https://heathskeyvaulthsm.managedhsm.azure.net/deletedkeys/1385207565",
            "scheduledPurgeDate": 1648663613
          },
          {
            "attributes": {
              "created": 1648058814,
              "enabled": true,
              "exportable": true,
              "recoverableDays": 7,
              "recoveryLevel": "CustomizedRecoverable\u002BPurgeable",
              "updated": 1648058814
            },
            "deletedDate": 1648058816,
            "kid": "https://heathskeyvaulthsm.managedhsm.azure.net/keys/1401970797",
            "recoveryId": "https://heathskeyvaulthsm.managedhsm.azure.net/deletedkeys/1401970797",
            "scheduledPurgeDate": 1648663616
          },
          {
            "attributes": {
              "created": 1648058817,
              "enabled": true,
              "exportable": false,
              "recoverableDays": 7,
              "recoveryLevel": "CustomizedRecoverable\u002BPurgeable",
              "updated": 1648058817
            },
            "deletedDate": 1648058818,
            "kid": "https://heathskeyvaulthsm.managedhsm.azure.net/keys/1367814632",
            "recoveryId": "https://heathskeyvaulthsm.managedhsm.azure.net/deletedkeys/1367814632",
            "scheduledPurgeDate": 1648663618
          },
          {
            "attributes": {
              "created": 1648058820,
              "enabled": true,
              "exp": 1648058820,
              "exportable": false,
              "recoverableDays": 7,
              "recoveryLevel": "CustomizedRecoverable\u002BPurgeable",
              "updated": 1648058820
            },
            "deletedDate": 1648058820,
            "kid": "https://heathskeyvaulthsm.managedhsm.azure.net/keys/735657245",
            "recoveryId": "https://heathskeyvaulthsm.managedhsm.azure.net/deletedkeys/735657245",
            "scheduledPurgeDate": 1648663620
          },
          {
            "attributes": {
              "created": 1648058822,
              "enabled": false,
              "exportable": false,
              "recoverableDays": 7,
              "recoveryLevel": "CustomizedRecoverable\u002BPurgeable",
              "updated": 1648058822
            },
            "deletedDate": 1648058822,
            "kid": "https://heathskeyvaulthsm.managedhsm.azure.net/keys/166736454",
            "recoveryId": "https://heathskeyvaulthsm.managedhsm.azure.net/deletedkeys/166736454",
            "scheduledPurgeDate": 1648663622
          }
        ]
      }
    },
    {
      "RequestUri": "https://heathskeyvaulthsm.managedhsm.azure.net/deletedkeys/?maxresults=25\u0026$skiptoken=K1JJRDp-bXFSK0FQVko2MVZHQVFBQUFBQUFBQT09I1JUOjE2I1RSQzoxNjAjSVNWOjIjSUVPOjY1NTY3",
      "RequestMethod": "GET",
      "RequestHeaders": {
        "Accept": "application/json",
        "Authorization": "Sanitized",
        "traceparent": "00-f372986fb7bf8c6443e7312fb7503772-d3b66bf54e7ad8c4-00",
        "User-Agent": "azsdk-net-Security.KeyVault.Keys/4.3.0-alpha.20220322.1 (.NET 6.0.3; Microsoft Windows 10.0.22000)",
        "x-ms-client-request-id": "c39afb0cd871da477384a9eef3aa62b4",
        "x-ms-return-client-request-id": "true"
      },
      "RequestBody": null,
      "StatusCode": 200,
      "ResponseHeaders": {
        "Cache-Control": "no-cache",
        "Content-Length": "4072",
        "Content-Security-Policy": "default-src \u0027self\u0027",
        "Content-Type": "application/json; charset=utf-8",
        "Strict-Transport-Security": "max-age=31536000; includeSubDomains",
        "X-Content-Type-Options": "nosniff",
        "X-Frame-Options": "SAMEORIGIN",
        "x-ms-build-version": "1.0.20220305-2-902fedaa-closebadconnections",
        "x-ms-keyvault-network-info": "conn_type=Ipv4;addr=67.171.12.239;act_addr_fam=Ipv4;",
        "x-ms-keyvault-region": "southcentralus",
        "x-ms-request-id": "acd06e9c-aad4-11ec-9185-000d3aeeda4b",
        "x-ms-server-latency": "43"
      },
      "ResponseBody": {
        "nextLink": "https://heathskeyvaulthsm.managedhsm.azure.net/deletedkeys/?maxresults=25\u0026$skiptoken=K1JJRDp-bXFSK0FQVko2MVZhQVFBQUFBQUFBQT09I1JUOjE3I1RSQzoxNzAjSVNWOjIjSUVPOjY1NTY3",
        "value": [
          {
            "attributes": {
              "created": 1648058824,
              "enabled": true,
              "exp": 1648145224,
              "exportable": false,
              "recoverableDays": 7,
              "recoveryLevel": "CustomizedRecoverable\u002BPurgeable",
              "updated": 1648058824
            },
            "deletedDate": 1648058825,
            "kid": "https://heathskeyvaulthsm.managedhsm.azure.net/keys/219151489",
            "recoveryId": "https://heathskeyvaulthsm.managedhsm.azure.net/deletedkeys/219151489",
            "scheduledPurgeDate": 1648663625
          },
          {
            "attributes": {
              "created": 1648058826,
              "enabled": true,
              "exportable": false,
              "recoverableDays": 7,
              "recoveryLevel": "CustomizedRecoverable\u002BPurgeable",
              "updated": 1648058827
            },
            "deletedDate": 1648058827,
            "kid": "https://heathskeyvaulthsm.managedhsm.azure.net/keys/1977655001",
            "recoveryId": "https://heathskeyvaulthsm.managedhsm.azure.net/deletedkeys/1977655001",
            "scheduledPurgeDate": 1648663627,
            "tags": {
              "D": "5"
            }
          },
          {
            "attributes": {
              "created": 1648058828,
              "enabled": false,
              "exportable": false,
              "recoverableDays": 7,
              "recoveryLevel": "CustomizedRecoverable\u002BPurgeable",
              "updated": 1648058829
            },
            "deletedDate": 1648058829,
            "kid": "https://heathskeyvaulthsm.managedhsm.azure.net/keys/669108371",
            "recoveryId": "https://heathskeyvaulthsm.managedhsm.azure.net/deletedkeys/669108371",
            "scheduledPurgeDate": 1648663629
          },
          {
            "attributes": {
              "created": 1648058831,
              "enabled": true,
              "exp": 1648058831,
              "exportable": false,
              "recoverableDays": 7,
              "recoveryLevel": "CustomizedRecoverable\u002BPurgeable",
              "updated": 1648058831
            },
            "deletedDate": 1648058831,
            "kid": "https://heathskeyvaulthsm.managedhsm.azure.net/keys/168759408",
            "recoveryId": "https://heathskeyvaulthsm.managedhsm.azure.net/deletedkeys/168759408",
            "scheduledPurgeDate": 1648663631
          },
          {
            "attributes": {
              "created": 1648058833,
              "enabled": true,
              "exp": 1648145233,
              "exportable": false,
              "recoverableDays": 7,
              "recoveryLevel": "CustomizedRecoverable\u002BPurgeable",
              "updated": 1648058833
            },
            "deletedDate": 1648058834,
            "kid": "https://heathskeyvaulthsm.managedhsm.azure.net/keys/918862624",
            "recoveryId": "https://heathskeyvaulthsm.managedhsm.azure.net/deletedkeys/918862624",
            "scheduledPurgeDate": 1648663634
          },
          {
            "attributes": {
              "created": 1648058835,
              "enabled": true,
              "exp": 1648058835,
              "exportable": false,
              "recoverableDays": 7,
              "recoveryLevel": "CustomizedRecoverable\u002BPurgeable",
              "updated": 1648058835
            },
            "deletedDate": 1648058836,
            "kid": "https://heathskeyvaulthsm.managedhsm.azure.net/keys/1061487258",
            "recoveryId": "https://heathskeyvaulthsm.managedhsm.azure.net/deletedkeys/1061487258",
            "scheduledPurgeDate": 1648663636
          },
          {
            "attributes": {
              "created": 1648058837,
              "enabled": false,
              "exportable": false,
              "recoverableDays": 7,
              "recoveryLevel": "CustomizedRecoverable\u002BPurgeable",
              "updated": 1648058838
            },
            "deletedDate": 1648058838,
            "kid": "https://heathskeyvaulthsm.managedhsm.azure.net/keys/470283165",
            "recoveryId": "https://heathskeyvaulthsm.managedhsm.azure.net/deletedkeys/470283165",
            "scheduledPurgeDate": 1648663638
          },
          {
            "attributes": {
              "created": 1648058839,
              "enabled": true,
              "exp": 1648145240,
              "exportable": false,
              "recoverableDays": 7,
              "recoveryLevel": "CustomizedRecoverable\u002BPurgeable",
              "updated": 1648058840
            },
            "deletedDate": 1648058840,
            "kid": "https://heathskeyvaulthsm.managedhsm.azure.net/keys/1588582569",
            "recoveryId": "https://heathskeyvaulthsm.managedhsm.azure.net/deletedkeys/1588582569",
            "scheduledPurgeDate": 1648663640
          },
          {
            "attributes": {
              "created": 1648058842,
              "enabled": true,
              "exportable": false,
              "recoverableDays": 7,
              "recoveryLevel": "CustomizedRecoverable\u002BPurgeable",
              "updated": 1648058842
            },
            "deletedDate": 1648058842,
            "kid": "https://heathskeyvaulthsm.managedhsm.azure.net/keys/54285694",
            "recoveryId": "https://heathskeyvaulthsm.managedhsm.azure.net/deletedkeys/54285694",
            "scheduledPurgeDate": 1648663642,
            "tags": {
              "D": "5"
            }
          },
          {
            "attributes": {
              "created": 1648058844,
              "enabled": true,
              "exportable": false,
              "recoverableDays": 7,
              "recoveryLevel": "CustomizedRecoverable\u002BPurgeable",
              "updated": 1648058845
            },
            "deletedDate": 1648058845,
            "kid": "https://heathskeyvaulthsm.managedhsm.azure.net/keys/315822362",
            "recoveryId": "https://heathskeyvaulthsm.managedhsm.azure.net/deletedkeys/315822362",
            "scheduledPurgeDate": 1648663645,
            "tags": {
              "D": "5"
            }
          }
        ]
      }
    },
    {
      "RequestUri": "https://heathskeyvaulthsm.managedhsm.azure.net/deletedkeys/?maxresults=25\u0026$skiptoken=K1JJRDp-bXFSK0FQVko2MVZhQVFBQUFBQUFBQT09I1JUOjE3I1RSQzoxNzAjSVNWOjIjSUVPOjY1NTY3",
      "RequestMethod": "GET",
      "RequestHeaders": {
        "Accept": "application/json",
        "Authorization": "Sanitized",
        "traceparent": "00-e92f75e2067bc590e1ea1bda2db8ec4a-06e291eb817ebba8-00",
        "User-Agent": "azsdk-net-Security.KeyVault.Keys/4.3.0-alpha.20220322.1 (.NET 6.0.3; Microsoft Windows 10.0.22000)",
        "x-ms-client-request-id": "cbbcc0fbd4acc86676bfb521e58ae9d3",
        "x-ms-return-client-request-id": "true"
      },
      "RequestBody": null,
      "StatusCode": 200,
      "ResponseHeaders": {
        "Cache-Control": "no-cache",
        "Content-Length": "3973",
        "Content-Security-Policy": "default-src \u0027self\u0027",
        "Content-Type": "application/json; charset=utf-8",
        "Strict-Transport-Security": "max-age=31536000; includeSubDomains",
        "X-Content-Type-Options": "nosniff",
        "X-Frame-Options": "SAMEORIGIN",
        "x-ms-build-version": "1.0.20220305-2-902fedaa-closebadconnections",
        "x-ms-keyvault-network-info": "conn_type=Ipv4;addr=67.171.12.239;act_addr_fam=Ipv4;",
        "x-ms-keyvault-region": "southcentralus",
        "x-ms-request-id": "ace331a8-aad4-11ec-9185-000d3aeeda4b",
        "x-ms-server-latency": "38"
      },
      "ResponseBody": {
        "nextLink": "https://heathskeyvaulthsm.managedhsm.azure.net/deletedkeys/?maxresults=25\u0026$skiptoken=K1JJRDp-bXFSK0FQVko2MVZ1QVFBQUFBQUFBQT09I1JUOjE4I1RSQzoxODAjSVNWOjIjSUVPOjY1NTY3",
        "value": [
          {
            "attributes": {
              "created": 1648059048,
              "enabled": true,
              "exportable": false,
              "recoverableDays": 7,
              "recoveryLevel": "CustomizedRecoverable\u002BPurgeable",
              "updated": 1648059048
            },
            "deletedDate": 1648059048,
            "kid": "https://heathskeyvaulthsm.managedhsm.azure.net/keys/1549586055",
            "recoveryId": "https://heathskeyvaulthsm.managedhsm.azure.net/deletedkeys/1549586055",
            "scheduledPurgeDate": 1648663848
          },
          {
            "attributes": {
              "created": 1648059050,
              "enabled": true,
              "exportable": false,
              "recoverableDays": 7,
              "recoveryLevel": "CustomizedRecoverable\u002BPurgeable",
              "updated": 1648059050
            },
            "deletedDate": 1648059050,
            "kid": "https://heathskeyvaulthsm.managedhsm.azure.net/keys/1919856544",
            "recoveryId": "https://heathskeyvaulthsm.managedhsm.azure.net/deletedkeys/1919856544",
            "scheduledPurgeDate": 1648663850
          },
          {
            "attributes": {
              "created": 1648059052,
              "enabled": true,
              "exportable": false,
              "recoverableDays": 7,
              "recoveryLevel": "CustomizedRecoverable\u002BPurgeable",
              "updated": 1648059052
            },
            "deletedDate": 1648059053,
            "kid": "https://heathskeyvaulthsm.managedhsm.azure.net/keys/1268164727",
            "recoveryId": "https://heathskeyvaulthsm.managedhsm.azure.net/deletedkeys/1268164727",
            "scheduledPurgeDate": 1648663853
          },
          {
            "attributes": {
              "created": 1648059054,
              "enabled": true,
              "exportable": false,
              "recoverableDays": 7,
              "recoveryLevel": "CustomizedRecoverable\u002BPurgeable",
              "updated": 1648059054
            },
            "deletedDate": 1648059055,
            "kid": "https://heathskeyvaulthsm.managedhsm.azure.net/keys/348515843",
            "recoveryId": "https://heathskeyvaulthsm.managedhsm.azure.net/deletedkeys/348515843",
            "scheduledPurgeDate": 1648663855
          },
          {
            "attributes": {
              "created": 1648059057,
              "enabled": true,
              "exportable": false,
              "recoverableDays": 7,
              "recoveryLevel": "CustomizedRecoverable\u002BPurgeable",
              "updated": 1648059057
            },
            "deletedDate": 1648059057,
            "kid": "https://heathskeyvaulthsm.managedhsm.azure.net/keys/1899610745",
            "recoveryId": "https://heathskeyvaulthsm.managedhsm.azure.net/deletedkeys/1899610745",
            "scheduledPurgeDate": 1648663857
          },
          {
            "attributes": {
              "created": 1648059059,
              "enabled": true,
              "exportable": false,
              "recoverableDays": 7,
              "recoveryLevel": "CustomizedRecoverable\u002BPurgeable",
              "updated": 1648059059
            },
            "deletedDate": 1648059060,
            "kid": "https://heathskeyvaulthsm.managedhsm.azure.net/keys/1617173126",
            "recoveryId": "https://heathskeyvaulthsm.managedhsm.azure.net/deletedkeys/1617173126",
            "scheduledPurgeDate": 1648663860
          },
          {
            "attributes": {
              "created": 1648059061,
              "enabled": true,
              "exportable": false,
              "recoverableDays": 7,
              "recoveryLevel": "CustomizedRecoverable\u002BPurgeable",
              "updated": 1648059061
            },
            "deletedDate": 1648059062,
            "kid": "https://heathskeyvaulthsm.managedhsm.azure.net/keys/722822526",
            "recoveryId": "https://heathskeyvaulthsm.managedhsm.azure.net/deletedkeys/722822526",
            "scheduledPurgeDate": 1648663862
          },
          {
            "attributes": {
              "created": 1648059063,
              "enabled": true,
              "exportable": false,
              "recoverableDays": 7,
              "recoveryLevel": "CustomizedRecoverable\u002BPurgeable",
              "updated": 1648059063
            },
            "deletedDate": 1648059064,
            "kid": "https://heathskeyvaulthsm.managedhsm.azure.net/keys/159875440",
            "recoveryId": "https://heathskeyvaulthsm.managedhsm.azure.net/deletedkeys/159875440",
            "scheduledPurgeDate": 1648663864
          },
          {
            "attributes": {
              "created": 1648059065,
              "enabled": false,
              "exp": 1567128012,
              "exportable": false,
              "nbf": 1564536012,
              "recoverableDays": 7,
              "recoveryLevel": "CustomizedRecoverable\u002BPurgeable",
              "updated": 1648059065
            },
            "deletedDate": 1648059066,
            "kid": "https://heathskeyvaulthsm.managedhsm.azure.net/keys/13597590",
            "recoveryId": "https://heathskeyvaulthsm.managedhsm.azure.net/deletedkeys/13597590",
            "scheduledPurgeDate": 1648663866
          },
          {
            "attributes": {
              "created": 1648059066,
              "enabled": true,
              "exportable": false,
              "recoverableDays": 7,
              "recoveryLevel": "CustomizedRecoverable\u002BPurgeable",
              "updated": 1648059066
            },
            "deletedDate": 1648059066,
            "kid": "https://heathskeyvaulthsm.managedhsm.azure.net/keys/845747505",
            "recoveryId": "https://heathskeyvaulthsm.managedhsm.azure.net/deletedkeys/845747505",
            "scheduledPurgeDate": 1648663866
          }
        ]
      }
    },
    {
      "RequestUri": "https://heathskeyvaulthsm.managedhsm.azure.net/deletedkeys/?maxresults=25\u0026$skiptoken=K1JJRDp-bXFSK0FQVko2MVZ1QVFBQUFBQUFBQT09I1JUOjE4I1RSQzoxODAjSVNWOjIjSUVPOjY1NTY3",
      "RequestMethod": "GET",
      "RequestHeaders": {
        "Accept": "application/json",
        "Authorization": "Sanitized",
        "traceparent": "00-a7cdc3e7ded57178d583794975041175-d26b8129f11694c5-00",
        "User-Agent": "azsdk-net-Security.KeyVault.Keys/4.3.0-alpha.20220322.1 (.NET 6.0.3; Microsoft Windows 10.0.22000)",
        "x-ms-client-request-id": "6a13f31e90c4479f532583566701b46d",
        "x-ms-return-client-request-id": "true"
      },
      "RequestBody": null,
      "StatusCode": 200,
      "ResponseHeaders": {
        "Cache-Control": "no-cache",
        "Content-Length": "3940",
        "Content-Security-Policy": "default-src \u0027self\u0027",
        "Content-Type": "application/json; charset=utf-8",
        "Strict-Transport-Security": "max-age=31536000; includeSubDomains",
        "X-Content-Type-Options": "nosniff",
        "X-Frame-Options": "SAMEORIGIN",
        "x-ms-build-version": "1.0.20220305-2-902fedaa-closebadconnections",
        "x-ms-keyvault-network-info": "conn_type=Ipv4;addr=67.171.12.239;act_addr_fam=Ipv4;",
        "x-ms-keyvault-region": "southcentralus",
        "x-ms-request-id": "acf56db4-aad4-11ec-9185-000d3aeeda4b",
        "x-ms-server-latency": "41"
      },
      "ResponseBody": {
        "nextLink": "https://heathskeyvaulthsm.managedhsm.azure.net/deletedkeys/?maxresults=25\u0026$skiptoken=K1JJRDp-bXFSK0FQVko2MVdDQVFBQUFBQUFBQT09I1JUOjE5I1RSQzoxOTAjSVNWOjIjSUVPOjY1NTY3",
        "value": [
          {
            "attributes": {
              "created": 1648059067,
              "enabled": true,
              "exportable": false,
              "recoverableDays": 7,
              "recoveryLevel": "CustomizedRecoverable\u002BPurgeable",
              "updated": 1648059067
            },
            "deletedDate": 1648059067,
            "kid": "https://heathskeyvaulthsm.managedhsm.azure.net/keys/700127088",
            "recoveryId": "https://heathskeyvaulthsm.managedhsm.azure.net/deletedkeys/700127088",
            "scheduledPurgeDate": 1648663867
          },
          {
            "attributes": {
              "created": 1648059069,
              "enabled": true,
              "exportable": false,
              "recoverableDays": 7,
              "recoveryLevel": "CustomizedRecoverable\u002BPurgeable",
              "updated": 1648059069
            },
            "deletedDate": 1648059069,
            "kid": "https://heathskeyvaulthsm.managedhsm.azure.net/keys/1172751197",
            "recoveryId": "https://heathskeyvaulthsm.managedhsm.azure.net/deletedkeys/1172751197",
            "scheduledPurgeDate": 1648663869
          },
          {
            "attributes": {
              "created": 1648059071,
              "enabled": true,
              "exportable": false,
              "recoverableDays": 7,
              "recoveryLevel": "CustomizedRecoverable\u002BPurgeable",
              "updated": 1648059071
            },
            "deletedDate": 1648059071,
            "kid": "https://heathskeyvaulthsm.managedhsm.azure.net/keys/1704685752",
            "recoveryId": "https://heathskeyvaulthsm.managedhsm.azure.net/deletedkeys/1704685752",
            "scheduledPurgeDate": 1648663871
          },
          {
            "attributes": {
              "created": 1648059073,
              "enabled": true,
              "exportable": false,
              "recoverableDays": 7,
              "recoveryLevel": "CustomizedRecoverable\u002BPurgeable",
              "updated": 1648059073
            },
            "deletedDate": 1648059075,
            "kid": "https://heathskeyvaulthsm.managedhsm.azure.net/keys/1751221243",
            "recoveryId": "https://heathskeyvaulthsm.managedhsm.azure.net/deletedkeys/1751221243",
            "scheduledPurgeDate": 1648663875
          },
          {
            "attributes": {
              "created": 1648059077,
              "enabled": true,
              "exportable": false,
              "recoverableDays": 7,
              "recoveryLevel": "CustomizedRecoverable\u002BPurgeable",
              "updated": 1648059077
            },
            "deletedDate": 1648059077,
            "kid": "https://heathskeyvaulthsm.managedhsm.azure.net/keys/1493410319",
            "recoveryId": "https://heathskeyvaulthsm.managedhsm.azure.net/deletedkeys/1493410319",
            "scheduledPurgeDate": 1648663877
          },
          {
            "attributes": {
              "created": 1648059079,
              "enabled": true,
              "exportable": false,
              "recoverableDays": 7,
              "recoveryLevel": "CustomizedRecoverable\u002BPurgeable",
              "updated": 1648059079
            },
            "deletedDate": 1648059079,
            "kid": "https://heathskeyvaulthsm.managedhsm.azure.net/keys/169959166",
            "recoveryId": "https://heathskeyvaulthsm.managedhsm.azure.net/deletedkeys/169959166",
            "scheduledPurgeDate": 1648663879
          },
          {
            "attributes": {
              "created": 1648059081,
              "enabled": true,
              "exportable": false,
              "recoverableDays": 7,
              "recoveryLevel": "CustomizedRecoverable\u002BPurgeable",
              "updated": 1648059081
            },
            "deletedDate": 1648059081,
            "kid": "https://heathskeyvaulthsm.managedhsm.azure.net/keys/1201470050",
            "recoveryId": "https://heathskeyvaulthsm.managedhsm.azure.net/deletedkeys/1201470050",
            "scheduledPurgeDate": 1648663881
          },
          {
            "attributes": {
              "created": 1648059084,
              "enabled": true,
              "exportable": false,
              "recoverableDays": 7,
              "recoveryLevel": "CustomizedRecoverable\u002BPurgeable",
              "updated": 1648059084
            },
            "deletedDate": 1648059084,
            "kid": "https://heathskeyvaulthsm.managedhsm.azure.net/keys/674785617",
            "recoveryId": "https://heathskeyvaulthsm.managedhsm.azure.net/deletedkeys/674785617",
            "scheduledPurgeDate": 1648663884
          },
          {
            "attributes": {
              "created": 1648059086,
              "enabled": true,
              "exportable": false,
              "recoverableDays": 7,
              "recoveryLevel": "CustomizedRecoverable\u002BPurgeable",
              "updated": 1648059086
            },
            "deletedDate": 1648059086,
            "kid": "https://heathskeyvaulthsm.managedhsm.azure.net/keys/788868082",
            "recoveryId": "https://heathskeyvaulthsm.managedhsm.azure.net/deletedkeys/788868082",
            "scheduledPurgeDate": 1648663886
          },
          {
            "attributes": {
              "created": 1648059088,
              "enabled": true,
              "exportable": false,
              "recoverableDays": 7,
              "recoveryLevel": "CustomizedRecoverable\u002BPurgeable",
              "updated": 1648059088
            },
            "deletedDate": 1648059089,
            "kid": "https://heathskeyvaulthsm.managedhsm.azure.net/keys/137730773",
            "recoveryId": "https://heathskeyvaulthsm.managedhsm.azure.net/deletedkeys/137730773",
            "scheduledPurgeDate": 1648663889
          }
        ]
      }
    },
    {
      "RequestUri": "https://heathskeyvaulthsm.managedhsm.azure.net/deletedkeys/?maxresults=25\u0026$skiptoken=K1JJRDp-bXFSK0FQVko2MVdDQVFBQUFBQUFBQT09I1JUOjE5I1RSQzoxOTAjSVNWOjIjSUVPOjY1NTY3",
      "RequestMethod": "GET",
      "RequestHeaders": {
        "Accept": "application/json",
        "Authorization": "Sanitized",
        "traceparent": "00-659197769ff4d5a882062d052d85f859-a4ddf3a117024c59-00",
        "User-Agent": "azsdk-net-Security.KeyVault.Keys/4.3.0-alpha.20220322.1 (.NET 6.0.3; Microsoft Windows 10.0.22000)",
        "x-ms-client-request-id": "1b6fc2e66047372f95d24db22326f4e8",
        "x-ms-return-client-request-id": "true"
      },
      "RequestBody": null,
      "StatusCode": 200,
      "ResponseHeaders": {
        "Cache-Control": "no-cache",
        "Content-Length": "763",
        "Content-Security-Policy": "default-src \u0027self\u0027",
        "Content-Type": "application/json; charset=utf-8",
        "Strict-Transport-Security": "max-age=31536000; includeSubDomains",
        "X-Content-Type-Options": "nosniff",
        "X-Frame-Options": "SAMEORIGIN",
        "x-ms-build-version": "1.0.20220305-2-902fedaa-closebadconnections",
        "x-ms-keyvault-network-info": "conn_type=Ipv4;addr=67.171.12.239;act_addr_fam=Ipv4;",
        "x-ms-keyvault-region": "southcentralus",
        "x-ms-request-id": "ad0bb1a0-aad4-11ec-9185-000d3aeeda4b",
        "x-ms-server-latency": "37"
      },
      "ResponseBody": {
        "value": [
          {
            "attributes": {
              "created": 1648059091,
              "enabled": true,
              "exportable": false,
              "recoverableDays": 7,
              "recoveryLevel": "CustomizedRecoverable\u002BPurgeable",
              "updated": 1648059091
            },
            "deletedDate": 1648059091,
            "kid": "https://heathskeyvaulthsm.managedhsm.azure.net/keys/5335290540",
            "recoveryId": "https://heathskeyvaulthsm.managedhsm.azure.net/deletedkeys/5335290540",
            "scheduledPurgeDate": 1648663891
          },
          {
            "attributes": {
              "created": 1648059091,
              "enabled": true,
              "exportable": false,
              "recoverableDays": 7,
              "recoveryLevel": "CustomizedRecoverable\u002BPurgeable",
              "updated": 1648059091
            },
            "deletedDate": 1648059092,
            "kid": "https://heathskeyvaulthsm.managedhsm.azure.net/keys/5335290541",
            "recoveryId": "https://heathskeyvaulthsm.managedhsm.azure.net/deletedkeys/5335290541",
            "scheduledPurgeDate": 1648663892
          }
        ]
      }
    }
  ],
  "Variables": {
    "AZURE_MANAGEDHSM_URL": "https://heathskeyvaulthsm.managedhsm.azure.net/",
    "RandomSeed": "906417491"
  }
}
