{
  "Entries": [
    {
      "RequestUri": "https://heathskeyvaulthsm.managedhsm.azure.net/keys/807761626/create?api-version=7.1",
      "RequestMethod": "POST",
      "RequestHeaders": {
        "Accept": "application/json",
        "Content-Type": "application/json",
        "traceparent": "00-964297ba5f899b439cf40c3e7612f06b-b4fe2e399c22ce41-00",
        "User-Agent": [
          "azsdk-net-Security.KeyVault.Keys/4.2.0-alpha.20210205.1",
          "(.NET Core 4.6.29518.01; Microsoft Windows 10.0.19042 )"
        ],
        "x-ms-client-request-id": "a54765e91f2360ff46ad0f89c0a5d731",
        "x-ms-return-client-request-id": "true"
      },
      "RequestBody": null,
      "StatusCode": 401,
      "ResponseHeaders": {
        "Cache-Control": "no-cache",
        "Content-Length": "0",
        "Content-Security-Policy": "default-src \u0027self\u0027",
        "Content-Type": "application/json; charset=utf-8",
        "Strict-Transport-Security": "max-age=31536000; includeSubDomains",
        "WWW-Authenticate": "Bearer authorization=\u0022https://login.microsoftonline.com/72f988bf-86f1-41af-91ab-2d7cd011db47\u0022, resource=\u0022https://managedhsm.azure.net\u0022",
        "X-Content-Type-Options": "nosniff",
        "X-Frame-Options": "SAMEORIGIN",
        "x-ms-request-id": "c927eb0c-6803-11eb-bf80-0242ac120008",
        "x-ms-server-latency": "1"
      },
      "ResponseBody": []
    },
    {
      "RequestUri": "https://heathskeyvaulthsm.managedhsm.azure.net/keys/807761626/create?api-version=7.1",
      "RequestMethod": "POST",
      "RequestHeaders": {
        "Accept": "application/json",
        "Authorization": "Sanitized",
        "Content-Length": "12",
        "Content-Type": "application/json",
        "traceparent": "00-964297ba5f899b439cf40c3e7612f06b-b4fe2e399c22ce41-00",
        "User-Agent": [
          "azsdk-net-Security.KeyVault.Keys/4.2.0-alpha.20210205.1",
          "(.NET Core 4.6.29518.01; Microsoft Windows 10.0.19042 )"
        ],
        "x-ms-client-request-id": "a54765e91f2360ff46ad0f89c0a5d731",
        "x-ms-return-client-request-id": "true"
      },
      "RequestBody": {
        "kty": "EC"
      },
      "StatusCode": 200,
      "ResponseHeaders": {
        "Cache-Control": "no-cache",
        "Content-Length": "421",
        "Content-Security-Policy": "default-src \u0027self\u0027",
        "Content-Type": "application/json; charset=utf-8",
        "Strict-Transport-Security": "max-age=31536000; includeSubDomains",
        "X-Content-Type-Options": "nosniff",
        "X-Frame-Options": "SAMEORIGIN",
        "x-ms-keyvault-network-info": "addr=67.171.12.239",
        "x-ms-keyvault-region": "southcentralus",
        "x-ms-request-id": "c9486332-6803-11eb-bf80-0242ac120008",
        "x-ms-server-latency": "305"
      },
      "ResponseBody": {
        "attributes": {
          "created": 1612565103,
          "enabled": true,
          "exportable": false,
          "recoverableDays": 90,
          "recoveryLevel": "Recoverable\u002BPurgeable",
          "updated": 1612565103
        },
        "key": {
          "crv": "P-256",
          "key_ops": [
            "verify",
            "sign"
          ],
          "kid": "https://heathskeyvaulthsm.managedhsm.azure.net/keys/807761626/7d437998e585060d3e051304f1f1a6d2",
          "kty": "EC-HSM",
          "x": "T5KHdQpcGSP8w8wyDY5rGzfeA9gMPorpPBM6iP92ND0",
          "y": "6O-JvbflByjUVqpoZkmV9h-BVK30VWaHNCRd8QJZW8g"
        }
      }
    },
    {
      "RequestUri": "https://heathskeyvaulthsm.managedhsm.azure.net/keys/807761626?api-version=7.1",
      "RequestMethod": "DELETE",
      "RequestHeaders": {
        "Accept": "application/json",
        "Authorization": "Sanitized",
        "Content-Type": "application/json",
        "traceparent": "00-bb9355d6741a8e4ab28eae3246f4b885-3886e76558ee8f4e-00",
        "User-Agent": [
          "azsdk-net-Security.KeyVault.Keys/4.2.0-alpha.20210205.1",
          "(.NET Core 4.6.29518.01; Microsoft Windows 10.0.19042 )"
        ],
        "x-ms-client-request-id": "f407884f0dc935f7eb9c6636184d0707",
        "x-ms-return-client-request-id": "true"
      },
      "RequestBody": null,
      "StatusCode": 200,
      "ResponseHeaders": {
        "Cache-Control": "no-cache",
        "Content-Length": "562",
        "Content-Security-Policy": "default-src \u0027self\u0027",
        "Content-Type": "application/json; charset=utf-8",
        "Strict-Transport-Security": "max-age=31536000; includeSubDomains",
        "X-Content-Type-Options": "nosniff",
        "X-Frame-Options": "SAMEORIGIN",
        "x-ms-keyvault-network-info": "addr=67.171.12.239",
        "x-ms-keyvault-region": "southcentralus",
        "x-ms-request-id": "c981b34e-6803-11eb-bf80-0242ac120008",
        "x-ms-server-latency": "200"
      },
      "ResponseBody": {
        "attributes": {
          "created": 1612565103,
          "enabled": true,
          "exportable": false,
          "recoverableDays": 90,
          "recoveryLevel": "Recoverable\u002BPurgeable",
          "updated": 1612565103
        },
        "deletedDate": 1612565104,
        "key": {
          "crv": "P-256",
          "key_ops": [
            "verify",
            "sign"
          ],
          "kid": "https://heathskeyvaulthsm.managedhsm.azure.net/keys/807761626/7d437998e585060d3e051304f1f1a6d2",
          "kty": "EC-HSM",
          "x": "T5KHdQpcGSP8w8wyDY5rGzfeA9gMPorpPBM6iP92ND0",
          "y": "6O-JvbflByjUVqpoZkmV9h-BVK30VWaHNCRd8QJZW8g"
        },
        "recoveryId": "https://heathskeyvaulthsm.managedhsm.azure.net/deletedkeys/807761626",
        "scheduledPurgeDate": 1620341104
      }
    },
    {
      "RequestUri": "https://heathskeyvaulthsm.managedhsm.azure.net/deletedkeys/807761626?api-version=7.1",
      "RequestMethod": "GET",
      "RequestHeaders": {
        "Accept": "application/json",
        "Authorization": "Sanitized",
        "Content-Type": "application/json",
        "traceparent": "00-49464ac61e2fd34bb825a1bc1de18f67-84ef445f12a04e41-00",
        "User-Agent": [
          "azsdk-net-Security.KeyVault.Keys/4.2.0-alpha.20210205.1",
          "(.NET Core 4.6.29518.01; Microsoft Windows 10.0.19042 )"
        ],
        "x-ms-client-request-id": "9d68ee68d9a1db106d11b986b9c847f8",
        "x-ms-return-client-request-id": "true"
      },
      "RequestBody": null,
      "StatusCode": 200,
      "ResponseHeaders": {
        "Cache-Control": "no-cache",
        "Content-Length": "562",
        "Content-Security-Policy": "default-src \u0027self\u0027",
        "Content-Type": "application/json; charset=utf-8",
        "Strict-Transport-Security": "max-age=31536000; includeSubDomains",
        "X-Content-Type-Options": "nosniff",
        "X-Frame-Options": "SAMEORIGIN",
        "x-ms-build-version": "1.0.20210128-1-4c3070d1-develop",
        "x-ms-keyvault-network-info": "addr=67.171.12.239",
        "x-ms-keyvault-region": "southcentralus",
        "x-ms-request-id": "c9bac9e0-6803-11eb-bf80-0242ac120008",
        "x-ms-server-latency": "34"
      },
      "ResponseBody": {
        "attributes": {
          "created": 1612565103,
          "enabled": true,
          "exportable": false,
          "recoverableDays": 90,
          "recoveryLevel": "Recoverable\u002BPurgeable",
          "updated": 1612565103
        },
        "deletedDate": 1612565104,
        "key": {
          "crv": "P-256",
          "key_ops": [
            "sign",
            "verify"
          ],
          "kid": "https://heathskeyvaulthsm.managedhsm.azure.net/keys/807761626/7d437998e585060d3e051304f1f1a6d2",
          "kty": "EC-HSM",
          "x": "T5KHdQpcGSP8w8wyDY5rGzfeA9gMPorpPBM6iP92ND0",
          "y": "6O-JvbflByjUVqpoZkmV9h-BVK30VWaHNCRd8QJZW8g"
        },
        "recoveryId": "https://heathskeyvaulthsm.managedhsm.azure.net/deletedkeys/807761626",
        "scheduledPurgeDate": 1620341104
      }
    }
  ],
  "Variables": {
    "AZURE_MANAGEDHSM_URL": "https://heathskeyvaulthsm.managedhsm.azure.net/",
    "RandomSeed": "1167758562"
  }
}