{
  "Entries": [
    {
      "RequestUri": "https://heathskvtesthsm.managedhsm.azure.net/keys/1200860200/create?api-version=7.2",
      "RequestMethod": "POST",
      "RequestHeaders": {
        "Accept": "application/json",
        "Content-Type": "application/json",
        "traceparent": "00-d0324ece119aa8438af85a30be9231d0-0164c08c3d65434d-00",
        "User-Agent": [
          "azsdk-net-Security.KeyVault.Keys/4.3.0-alpha.20210713.1",
          "(.NET 5.0.8; Microsoft Windows 10.0.19043)"
        ],
        "x-ms-client-request-id": "7ff00908ecc4b67004d2738e969bca83",
        "x-ms-return-client-request-id": "true"
      },
      "RequestBody": null,
      "StatusCode": 401,
      "ResponseHeaders": {
        "Cache-Control": "no-cache",
        "Content-Length": "0",
        "Content-Security-Policy": "default-src \u0027self\u0027",
        "Content-Type": "application/json; charset=utf-8",
        "Strict-Transport-Security": "max-age=31536000; includeSubDomains",
        "WWW-Authenticate": "Bearer authorization=\u0022https://login.microsoftonline.com/72f988bf-86f1-41af-91ab-2d7cd011db47\u0022, resource=\u0022https://managedhsm.azure.net\u0022",
        "X-Content-Type-Options": "nosniff",
        "X-Frame-Options": "SAMEORIGIN",
        "x-ms-request-id": "86494922-e448-11eb-adb3-000d3aeb0164",
        "x-ms-server-latency": "0"
      },
      "ResponseBody": []
    },
    {
      "RequestUri": "https://heathskvtesthsm.managedhsm.azure.net/keys/1200860200/create?api-version=7.2",
      "RequestMethod": "POST",
      "RequestHeaders": {
        "Accept": "application/json",
        "Authorization": "Sanitized",
        "Content-Length": "17",
        "Content-Type": "application/json",
        "traceparent": "00-d0324ece119aa8438af85a30be9231d0-0164c08c3d65434d-00",
        "User-Agent": [
          "azsdk-net-Security.KeyVault.Keys/4.3.0-alpha.20210713.1",
          "(.NET 5.0.8; Microsoft Windows 10.0.19043)"
        ],
        "x-ms-client-request-id": "7ff00908ecc4b67004d2738e969bca83",
        "x-ms-return-client-request-id": "true"
      },
      "RequestBody": {
        "kty": "RSA-HSM"
      },
      "StatusCode": 200,
      "ResponseHeaders": {
        "Cache-Control": "no-cache",
        "Content-Length": "709",
        "Content-Security-Policy": "default-src \u0027self\u0027",
        "Content-Type": "application/json; charset=utf-8",
        "Strict-Transport-Security": "max-age=31536000; includeSubDomains",
        "X-Content-Type-Options": "nosniff",
        "X-Frame-Options": "SAMEORIGIN",
        "x-ms-keyvault-network-info": "conn_type=Ipv4;addr=67.171.12.239;act_addr_fam=Ipv4;",
        "x-ms-keyvault-region": "southcentralus",
        "x-ms-request-id": "8667b8d0-e448-11eb-adb3-000d3aeb0164",
        "x-ms-server-latency": "218"
      },
      "ResponseBody": {
        "attributes": {
          "created": 1626228570,
          "enabled": true,
          "exportable": false,
          "recoverableDays": 90,
          "recoveryLevel": "Recoverable\u002BPurgeable",
          "updated": 1626228570
        },
        "key": {
          "e": "AQAB",
          "key_ops": [
            "wrapKey",
            "decrypt",
            "encrypt",
            "unwrapKey",
            "sign",
            "verify"
          ],
          "kid": "https://heathskvtesthsm.managedhsm.azure.net/keys/1200860200/5a2d621858e140893af2e53fd8c517d8",
          "kty": "RSA-HSM",
          "n": "rbhs0TlWIpwBz2e6fVwAXLGQX2sLkcf2QxP4L62DaBG3i8N6saqomb3bnZjkOx6HWB778dW8QGpnTwQgRXQyXBoKuA7xZDyaokUysZKf9CgAMCC0zsmP8KhWbztnVDld00kbDc8NCPBQqr20-CE-TnLHDPFkSQVaXaDemV5Uwi_KoEZQNaaWugMgL2OnH7VGdJVFqBq3jzlQgmvzkA8HBBg71c_YaBq8wj4LCyNeCGGNggog2Xh2qcCQMjWmf-qaicdXPwlJJgKXzJAxQXM3ky_uAnS4XO8C9q9PCYPr-mN4yVo8Jai-02qMEodskgNqbgW70WiyVDkNAMGjq_OE2Q"
        }
      }
    },
    {
      "RequestUri": "https://heathskvtesthsm.managedhsm.azure.net/keys/1200860200/?api-version=7.2",
      "RequestMethod": "GET",
      "RequestHeaders": {
        "Accept": "application/json",
        "Authorization": "Sanitized",
        "Content-Type": "application/json",
        "traceparent": "00-4c9261e5a180624cb1b14db66ced0be1-bc41991536592140-00",
        "User-Agent": [
          "azsdk-net-Security.KeyVault.Keys/4.3.0-alpha.20210713.1",
          "(.NET 5.0.8; Microsoft Windows 10.0.19043)"
        ],
        "x-ms-client-request-id": "e23500c956f46f2578e3d678ff1e7a02",
        "x-ms-return-client-request-id": "true"
      },
      "RequestBody": null,
      "StatusCode": 200,
      "ResponseHeaders": {
        "Cache-Control": "no-cache",
        "Content-Length": "709",
        "Content-Security-Policy": "default-src \u0027self\u0027",
        "Content-Type": "application/json; charset=utf-8",
        "Strict-Transport-Security": "max-age=31536000; includeSubDomains",
        "X-Content-Type-Options": "nosniff",
        "X-Frame-Options": "SAMEORIGIN",
        "x-ms-build-version": "1.0.20210605-1-ffd80f31-develop",
        "x-ms-keyvault-network-info": "conn_type=Ipv4;addr=67.171.12.239;act_addr_fam=Ipv4;",
        "x-ms-keyvault-region": "southcentralus",
        "x-ms-request-id": "869347e8-e448-11eb-adb3-000d3aeb0164",
        "x-ms-server-latency": "65"
      },
      "ResponseBody": {
        "attributes": {
          "created": 1626228570,
          "enabled": true,
          "exportable": false,
          "recoverableDays": 90,
          "recoveryLevel": "Recoverable\u002BPurgeable",
          "updated": 1626228570
        },
        "key": {
          "e": "AQAB",
          "key_ops": [
            "verify",
            "sign",
            "unwrapKey",
            "decrypt",
            "encrypt",
            "wrapKey"
          ],
          "kid": "https://heathskvtesthsm.managedhsm.azure.net/keys/1200860200/5a2d621858e140893af2e53fd8c517d8",
          "kty": "RSA-HSM",
          "n": "rbhs0TlWIpwBz2e6fVwAXLGQX2sLkcf2QxP4L62DaBG3i8N6saqomb3bnZjkOx6HWB778dW8QGpnTwQgRXQyXBoKuA7xZDyaokUysZKf9CgAMCC0zsmP8KhWbztnVDld00kbDc8NCPBQqr20-CE-TnLHDPFkSQVaXaDemV5Uwi_KoEZQNaaWugMgL2OnH7VGdJVFqBq3jzlQgmvzkA8HBBg71c_YaBq8wj4LCyNeCGGNggog2Xh2qcCQMjWmf-qaicdXPwlJJgKXzJAxQXM3ky_uAnS4XO8C9q9PCYPr-mN4yVo8Jai-02qMEodskgNqbgW70WiyVDkNAMGjq_OE2Q"
        }
      }
    }
  ],
  "Variables": {
    "AZURE_MANAGEDHSM_URL": "https://heathskvtesthsm.managedhsm.azure.net/",
    "RandomSeed": "106457297"
  }
}