{
  "Entries": [
    {
      "RequestUri": "https://heathskeyvaulthsm.managedhsm.azure.net/keys/850022372/create?api-version=7.3",
      "RequestMethod": "POST",
      "RequestHeaders": {
        "Accept": "application/json",
        "Content-Length": "0",
        "traceparent": "00-4f91e4a17c4264a7bfda788f9d86fcf9-d57c0102fb3b6eae-00",
        "User-Agent": "azsdk-net-Security.KeyVault.Keys/4.3.0-alpha.20220322.1 (.NET 6.0.3; Microsoft Windows 10.0.22000)",
        "x-ms-client-request-id": "ea32e2e88309db899ad2b4a76ccc8c39",
        "x-ms-return-client-request-id": "true"
      },
      "RequestBody": null,
      "StatusCode": 401,
      "ResponseHeaders": {
        "Cache-Control": "no-cache",
        "Content-Length": "0",
        "Content-Security-Policy": "default-src \u0027self\u0027",
        "Content-Type": "application/json; charset=utf-8",
        "Strict-Transport-Security": "max-age=31536000; includeSubDomains",
        "WWW-Authenticate": "Bearer authorization=\u0022https://login.microsoftonline.com/72f988bf-86f1-41af-91ab-2d7cd011db47\u0022, resource=\u0022https://managedhsm.azure.net\u0022",
        "X-Content-Type-Options": "nosniff",
        "X-Frame-Options": "SAMEORIGIN",
        "x-ms-request-id": "fff7b572-aad3-11ec-bbab-000d3aeeda4b",
        "x-ms-server-latency": "1"
      },
      "ResponseBody": null
    },
    {
      "RequestUri": "https://heathskeyvaulthsm.managedhsm.azure.net/keys/850022372/create?api-version=7.3",
      "RequestMethod": "POST",
      "RequestHeaders": {
        "Accept": "application/json",
        "Authorization": "Sanitized",
        "Content-Length": "12",
        "Content-Type": "application/json",
        "traceparent": "00-4f91e4a17c4264a7bfda788f9d86fcf9-d57c0102fb3b6eae-00",
        "User-Agent": "azsdk-net-Security.KeyVault.Keys/4.3.0-alpha.20220322.1 (.NET 6.0.3; Microsoft Windows 10.0.22000)",
        "x-ms-client-request-id": "ea32e2e88309db899ad2b4a76ccc8c39",
        "x-ms-return-client-request-id": "true"
      },
      "RequestBody": {
        "kty": "EC"
      },
      "StatusCode": 200,
      "ResponseHeaders": {
        "Cache-Control": "no-cache",
        "Content-Length": "430",
        "Content-Security-Policy": "default-src \u0027self\u0027",
        "Content-Type": "application/json; charset=utf-8",
        "Strict-Transport-Security": "max-age=31536000; includeSubDomains",
        "X-Content-Type-Options": "nosniff",
        "X-Frame-Options": "SAMEORIGIN",
        "x-ms-keyvault-network-info": "conn_type=Ipv4;addr=67.171.12.239;act_addr_fam=Ipv4;",
        "x-ms-keyvault-region": "southcentralus",
        "x-ms-request-id": "0018c9ba-aad4-11ec-bbab-000d3aeeda4b",
        "x-ms-server-latency": "266"
      },
      "ResponseBody": {
        "attributes": {
          "created": 1648058805,
          "enabled": true,
          "exportable": false,
          "recoverableDays": 7,
          "recoveryLevel": "CustomizedRecoverable\u002BPurgeable",
          "updated": 1648058805
        },
        "key": {
          "crv": "P-256",
          "key_ops": [
            "verify",
            "sign"
          ],
          "kid": "https://heathskeyvaulthsm.managedhsm.azure.net/keys/850022372/a44c574bd60c48a69f07925dba1c8157",
          "kty": "EC-HSM",
          "x": "M6ORpw8xz9QC-eOlwFEYzWXkDLuDFTnJ5af-6RpMpQs",
          "y": "c64cWMKqsbUukw6Ins1i7ugel4jL1WFDHAZ-v1qE7DU"
        }
      }
    },
    {
      "RequestUri": "https://heathskeyvaulthsm.managedhsm.azure.net/keys/850022372?api-version=7.3",
      "RequestMethod": "DELETE",
      "RequestHeaders": {
        "Accept": "application/json",
        "Authorization": "Sanitized",
        "traceparent": "00-416b569db8577859f6af18ca85d524a0-f3d9892559d9dba3-00",
        "User-Agent": "azsdk-net-Security.KeyVault.Keys/4.3.0-alpha.20220322.1 (.NET 6.0.3; Microsoft Windows 10.0.22000)",
        "x-ms-client-request-id": "ae3d554a842810022ec1b5fba73cf9c1",
        "x-ms-return-client-request-id": "true"
      },
      "RequestBody": null,
      "StatusCode": 200,
      "ResponseHeaders": {
        "Cache-Control": "no-cache",
        "Content-Length": "571",
        "Content-Security-Policy": "default-src \u0027self\u0027",
        "Content-Type": "application/json; charset=utf-8",
        "Strict-Transport-Security": "max-age=31536000; includeSubDomains",
        "X-Content-Type-Options": "nosniff",
        "X-Frame-Options": "SAMEORIGIN",
        "x-ms-keyvault-network-info": "conn_type=Ipv4;addr=67.171.12.239;act_addr_fam=Ipv4;",
        "x-ms-keyvault-region": "southcentralus",
        "x-ms-request-id": "004ed730-aad4-11ec-bbab-000d3aeeda4b",
        "x-ms-server-latency": "187"
      },
      "ResponseBody": {
        "attributes": {
          "created": 1648058805,
          "enabled": true,
          "exportable": false,
          "recoverableDays": 7,
          "recoveryLevel": "CustomizedRecoverable\u002BPurgeable",
          "updated": 1648058805
        },
        "deletedDate": 1648058805,
        "key": {
          "crv": "P-256",
          "key_ops": [
            "verify",
            "sign"
          ],
          "kid": "https://heathskeyvaulthsm.managedhsm.azure.net/keys/850022372/a44c574bd60c48a69f07925dba1c8157",
          "kty": "EC-HSM",
          "x": "M6ORpw8xz9QC-eOlwFEYzWXkDLuDFTnJ5af-6RpMpQs",
          "y": "c64cWMKqsbUukw6Ins1i7ugel4jL1WFDHAZ-v1qE7DU"
        },
        "recoveryId": "https://heathskeyvaulthsm.managedhsm.azure.net/deletedkeys/850022372",
        "scheduledPurgeDate": 1648663605
      }
    },
    {
      "RequestUri": "https://heathskeyvaulthsm.managedhsm.azure.net/keys/850022372/?api-version=7.3",
      "RequestMethod": "GET",
      "RequestHeaders": {
        "Accept": "application/json",
        "Authorization": "Sanitized",
        "traceparent": "00-50b07a0598829b0d24de9f8f3d679bcc-1d0091ec275352fd-00",
        "User-Agent": "azsdk-net-Security.KeyVault.Keys/4.3.0-alpha.20220322.1 (.NET 6.0.3; Microsoft Windows 10.0.22000)",
        "x-ms-client-request-id": "7a796613aa0163bce021bb47cd8d345e",
        "x-ms-return-client-request-id": "true"
      },
      "RequestBody": null,
      "StatusCode": 404,
      "ResponseHeaders": {
        "Cache-Control": "no-cache",
        "Content-Length": "173",
        "Content-Security-Policy": "default-src \u0027self\u0027",
        "Content-Type": "application/json; charset=utf-8",
        "Strict-Transport-Security": "max-age=31536000; includeSubDomains",
        "X-Content-Type-Options": "nosniff",
        "X-Frame-Options": "SAMEORIGIN",
        "x-ms-build-version": "1.0.20220305-2-902fedaa-closebadconnections",
        "x-ms-request-id": "008c95b6-aad4-11ec-bbab-000d3aeeda4b",
        "x-ms-server-latency": "19"
      },
      "ResponseBody": {
        "error": {
          "code": "KeyNotFound",
          "message": "Key not found: https://heathskeyvaulthsm.managedhsm.azure.net/keys/850022372 (Activity ID: 008c95b6-aad4-11ec-bbab-000d3aeeda4b)"
        }
      }
    },
    {
      "RequestUri": "https://heathskeyvaulthsm.managedhsm.azure.net/deletedkeys/850022372/recover?api-version=7.3",
      "RequestMethod": "POST",
      "RequestHeaders": {
        "Accept": "application/json",
        "Authorization": "Sanitized",
        "Content-Length": "0",
        "traceparent": "00-eb4331b2e2c13c4195f37b7b034a7b9f-214b533351f59d02-00",
        "User-Agent": "azsdk-net-Security.KeyVault.Keys/4.3.0-alpha.20220322.1 (.NET 6.0.3; Microsoft Windows 10.0.22000)",
        "x-ms-client-request-id": "2283f3d9f1ad169179fd218b6e56ec63",
        "x-ms-return-client-request-id": "true"
      },
      "RequestBody": null,
      "StatusCode": 200,
      "ResponseHeaders": {
        "Cache-Control": "no-cache",
        "Content-Length": "430",
        "Content-Security-Policy": "default-src \u0027self\u0027",
        "Content-Type": "application/json; charset=utf-8",
        "Strict-Transport-Security": "max-age=31536000; includeSubDomains",
        "X-Content-Type-Options": "nosniff",
        "X-Frame-Options": "SAMEORIGIN",
        "x-ms-keyvault-network-info": "conn_type=Ipv4;addr=67.171.12.239;act_addr_fam=Ipv4;",
        "x-ms-keyvault-region": "southcentralus",
        "x-ms-request-id": "009f27ee-aad4-11ec-bbab-000d3aeeda4b",
        "x-ms-server-latency": "140"
      },
      "ResponseBody": {
        "attributes": {
          "created": 1648058805,
          "enabled": true,
          "exportable": false,
          "recoverableDays": 7,
          "recoveryLevel": "CustomizedRecoverable\u002BPurgeable",
          "updated": 1648058805
        },
        "key": {
          "crv": "P-256",
          "key_ops": [
            "sign",
            "verify"
          ],
          "kid": "https://heathskeyvaulthsm.managedhsm.azure.net/keys/850022372/a44c574bd60c48a69f07925dba1c8157",
          "kty": "EC-HSM",
          "x": "M6ORpw8xz9QC-eOlwFEYzWXkDLuDFTnJ5af-6RpMpQs",
          "y": "c64cWMKqsbUukw6Ins1i7ugel4jL1WFDHAZ-v1qE7DU"
        }
      }
    },
    {
      "RequestUri": "https://heathskeyvaulthsm.managedhsm.azure.net/keys/850022372/?api-version=7.3",
      "RequestMethod": "GET",
      "RequestHeaders": {
        "Accept": "application/json",
        "Authorization": "Sanitized",
        "traceparent": "00-019a403dafbed5ff028afc73c7d04185-2eee450f72329d53-00",
        "User-Agent": "azsdk-net-Security.KeyVault.Keys/4.3.0-alpha.20220322.1 (.NET 6.0.3; Microsoft Windows 10.0.22000)",
        "x-ms-client-request-id": "30d2b768e14822b6d46300038830f489",
        "x-ms-return-client-request-id": "true"
      },
      "RequestBody": null,
      "StatusCode": 200,
      "ResponseHeaders": {
        "Cache-Control": "no-cache",
        "Content-Length": "430",
        "Content-Security-Policy": "default-src \u0027self\u0027",
        "Content-Type": "application/json; charset=utf-8",
        "Strict-Transport-Security": "max-age=31536000; includeSubDomains",
        "X-Content-Type-Options": "nosniff",
        "X-Frame-Options": "SAMEORIGIN",
        "x-ms-build-version": "1.0.20220305-2-902fedaa-closebadconnections",
        "x-ms-keyvault-network-info": "conn_type=Ipv4;addr=67.171.12.239;act_addr_fam=Ipv4;",
        "x-ms-keyvault-region": "southcentralus",
        "x-ms-request-id": "00cefe42-aad4-11ec-bbab-000d3aeeda4b",
        "x-ms-server-latency": "1"
      },
      "ResponseBody": {
        "attributes": {
          "created": 1648058805,
          "enabled": true,
          "exportable": false,
          "recoverableDays": 7,
          "recoveryLevel": "CustomizedRecoverable\u002BPurgeable",
          "updated": 1648058805
        },
        "key": {
          "crv": "P-256",
          "key_ops": [
            "sign",
            "verify"
          ],
          "kid": "https://heathskeyvaulthsm.managedhsm.azure.net/keys/850022372/a44c574bd60c48a69f07925dba1c8157",
          "kty": "EC-HSM",
          "x": "M6ORpw8xz9QC-eOlwFEYzWXkDLuDFTnJ5af-6RpMpQs",
          "y": "c64cWMKqsbUukw6Ins1i7ugel4jL1WFDHAZ-v1qE7DU"
        }
      }
    }
  ],
  "Variables": {
    "AZURE_MANAGEDHSM_URL": "https://heathskeyvaulthsm.managedhsm.azure.net/",
    "RandomSeed": "1460050432"
  }
}
