{
  "Entries": [
    {
      "RequestUri": "https://heathskvtest1hsm.managedhsm.azure.net/keys/1836212307/create?api-version=7.3-preview",
      "RequestMethod": "POST",
      "RequestHeaders": {
        "Accept": "application/json",
        "Content-Type": "application/json",
        "traceparent": "00-1dec6d36a2d05a42a2a6af9157a137c5-1b79902fd86ba848-00",
        "User-Agent": [
          "azsdk-net-Security.KeyVault.Keys/4.3.0-alpha.20210720.1",
          "(.NET 5.0.8; Microsoft Windows 10.0.19043)"
        ],
        "x-ms-client-request-id": "30c15e2a90d87282aefc300e8e282d06",
        "x-ms-return-client-request-id": "true"
      },
      "RequestBody": null,
      "StatusCode": 401,
      "ResponseHeaders": {
        "Cache-Control": "no-cache",
        "Content-Length": "0",
        "Content-Security-Policy": "default-src \u0027self\u0027",
        "Content-Type": "application/json; charset=utf-8",
        "Strict-Transport-Security": "max-age=31536000; includeSubDomains",
        "WWW-Authenticate": "Bearer authorization=\u0022https://login.microsoftonline.com/72f988bf-86f1-41af-91ab-2d7cd011db47\u0022, resource=\u0022https://managedhsm.azure.net\u0022",
        "X-Content-Type-Options": "nosniff",
        "X-Frame-Options": "SAMEORIGIN",
        "x-ms-request-id": "df749fb4-e985-11eb-ac1e-000d3aeb0164",
        "x-ms-server-latency": "1"
      },
      "ResponseBody": []
    },
    {
      "RequestUri": "https://heathskvtest1hsm.managedhsm.azure.net/keys/1836212307/create?api-version=7.3-preview",
      "RequestMethod": "POST",
      "RequestHeaders": {
        "Accept": "application/json",
        "Authorization": "Sanitized",
        "Content-Length": "33",
        "Content-Type": "application/json",
        "traceparent": "00-1dec6d36a2d05a42a2a6af9157a137c5-1b79902fd86ba848-00",
        "User-Agent": [
          "azsdk-net-Security.KeyVault.Keys/4.3.0-alpha.20210720.1",
          "(.NET 5.0.8; Microsoft Windows 10.0.19043)"
        ],
        "x-ms-client-request-id": "30c15e2a90d87282aefc300e8e282d06",
        "x-ms-return-client-request-id": "true"
      },
      "RequestBody": {
        "kty": "RSA-HSM",
        "key_size": 2048
      },
      "StatusCode": 200,
      "ResponseHeaders": {
        "Cache-Control": "no-cache",
        "Content-Length": "719",
        "Content-Security-Policy": "default-src \u0027self\u0027",
        "Content-Type": "application/json; charset=utf-8",
        "Strict-Transport-Security": "max-age=31536000; includeSubDomains",
        "X-Content-Type-Options": "nosniff",
        "X-Frame-Options": "SAMEORIGIN",
        "x-ms-keyvault-network-info": "conn_type=Ipv4;addr=67.171.12.239;act_addr_fam=Ipv4;",
        "x-ms-keyvault-region": "southcentralus",
        "x-ms-request-id": "df970d7e-e985-11eb-ac1e-000d3aeb0164",
        "x-ms-server-latency": "237"
      },
      "ResponseBody": {
        "attributes": {
          "created": 1626804675,
          "enabled": true,
          "exportable": false,
          "recoverableDays": 7,
          "recoveryLevel": "CustomizedRecoverable\u002BPurgeable",
          "updated": 1626804675
        },
        "key": {
          "e": "AQAB",
          "key_ops": [
            "wrapKey",
            "decrypt",
            "encrypt",
            "unwrapKey",
            "sign",
            "verify"
          ],
          "kid": "https://heathskvtest1hsm.managedhsm.azure.net/keys/1836212307/ffb3ed36c40f458fb31fe11421e90e19",
          "kty": "RSA-HSM",
          "n": "k7Uuyyv6eqAfB9C63bvDnFkdMbEv4wyoLyYJC47F8rMJUMg04c6XID6eaRpF3VT_ac6uAXixMysJx_AkP9KRjkz-iXCCStm70OIyQu0m_OrTw3kAJwv_sDp9sGen9Fv9j-v3uSh9JYjvebevlcUHoB1lvImcnMrL0o72iuzu7KO2luOeIiLguVDIYv6l2uehtDLkS6cV0vCRPtpK38m32pTRB4oYXaD8lU74DLKEjOtv5DOrFBpTE_ZnB5Q7RazGmRN_SA8U2U0m1HgFh_M8DCOiEkiO112aFCruHZEDDX3FWXe5Ft-QmPUo9-uRaPKKRvTEOBNzuTAJgRJ2g8Yc0w"
        }
      }
    },
    {
      "RequestUri": "https://heathskvtest1hsm.managedhsm.azure.net/keys/1836212307/ffb3ed36c40f458fb31fe11421e90e19?api-version=7.3-preview",
      "RequestMethod": "PATCH",
      "RequestHeaders": {
        "Accept": "application/json",
        "Authorization": "Sanitized",
        "Content-Length": "521",
        "Content-Type": "application/json",
        "traceparent": "00-23750db61386da44b6d56e0c12db2894-a5b9f45659c51d42-00",
        "User-Agent": [
          "azsdk-net-Security.KeyVault.Keys/4.3.0-alpha.20210720.1",
          "(.NET 5.0.8; Microsoft Windows 10.0.19043)"
        ],
        "x-ms-client-request-id": "395aae2f43b28abec8ddd4936862e3f4",
        "x-ms-return-client-request-id": "true"
      },
      "RequestBody": {
        "attributes": {
          "exportable": true
        },
        "release_policy": {
          "data": "ew0KICAgICJhbnlPZiI6IFsNCiAgICAgICAgew0KICAgICAgICAgICAgImFueU9mIjogWw0KICAgICAgICAgICAgICAgIHsNCiAgICAgICAgICAgICAgICAgICAgImNsYWltIjogInNkay10ZXN0IiwNCiAgICAgICAgICAgICAgICAgICAgImNvbmRpdGlvbiI6ICJlcXVhbHMiLA0KICAgICAgICAgICAgICAgICAgICAidmFsdWUiOiAidHJ1ZSINCiAgICAgICAgICAgICAgICB9DQogICAgICAgICAgICBdLA0KICAgICAgICAgICAgImF1dGhvcml0eSI6ICJodHRwczovL3NrcmF0dGVzdGF0aW9uLmF6dXJld2Vic2l0ZXMubmV0LyINCiAgICAgICAgfQ0KICAgIF0sDQogICAgInZlcnNpb24iOiAiMS4wIg0KfQ"
        }
      },
      "StatusCode": 400,
      "ResponseHeaders": {
        "Cache-Control": "no-cache",
        "Content-Length": "141",
        "Content-Security-Policy": "default-src \u0027self\u0027",
        "Content-Type": "application/json; charset=utf-8",
        "Strict-Transport-Security": "max-age=31536000; includeSubDomains",
        "X-Content-Type-Options": "nosniff",
        "X-Frame-Options": "SAMEORIGIN",
        "x-ms-request-id": "dfc5efd6-e985-11eb-ac1e-000d3aeb0164",
        "x-ms-server-latency": "76"
      },
      "ResponseBody": {
        "error": {
          "code": "BadParameter",
          "message": "Cannot modify the exportable state of a key (Activity ID: dfc5efd6-e985-11eb-ac1e-000d3aeb0164)"
        }
      }
    }
  ],
  "Variables": {
    "AZURE_KEYVAULT_ATTESTATION_URL": "https://skrattestation.azurewebsites.net/",
    "AZURE_MANAGEDHSM_URL": "https://heathskvtest1hsm.managedhsm.azure.net/",
    "RandomSeed": "1106655270"
  }
}