{
  "Entries": [
    {
      "RequestUri": "https://heathskeyvaulthsm.managedhsm.azure.net/keys/1952024810/create?api-version=7.2",
      "RequestMethod": "POST",
      "RequestHeaders": {
        "Accept": "application/json",
        "Content-Type": "application/json",
        "traceparent": "00-9c0d9a10bedf014aa7e1727049e88d77-4dfe2ab7275a8641-00",
        "User-Agent": [
          "azsdk-net-Security.KeyVault.Keys/4.2.0-alpha.20210219.1",
          "(.NET 5.0.3; Microsoft Windows 10.0.19042)"
        ],
        "x-ms-client-request-id": "42c52d4d6185e942f39405bcdfcbcdef",
        "x-ms-return-client-request-id": "true"
      },
      "RequestBody": null,
      "StatusCode": 401,
      "ResponseHeaders": {
        "Cache-Control": "no-cache",
        "Content-Length": "0",
        "Content-Security-Policy": "default-src \u0027self\u0027",
        "Content-Type": "application/json; charset=utf-8",
        "Strict-Transport-Security": "max-age=31536000; includeSubDomains",
        "WWW-Authenticate": "Bearer authorization=\u0022https://login.microsoftonline.com/72f988bf-86f1-41af-91ab-2d7cd011db47\u0022, resource=\u0022https://managedhsm.azure.net\u0022",
        "X-Content-Type-Options": "nosniff",
        "X-Frame-Options": "SAMEORIGIN",
        "x-ms-request-id": "4baeec92-7353-11eb-bcb9-0242ac120006",
        "x-ms-server-latency": "1"
      },
      "ResponseBody": []
    },
    {
      "RequestUri": "https://heathskeyvaulthsm.managedhsm.azure.net/keys/1952024810/create?api-version=7.2",
      "RequestMethod": "POST",
      "RequestHeaders": {
        "Accept": "application/json",
        "Authorization": "Sanitized",
        "Content-Length": "41",
        "Content-Type": "application/json",
        "traceparent": "00-9c0d9a10bedf014aa7e1727049e88d77-4dfe2ab7275a8641-00",
        "User-Agent": [
          "azsdk-net-Security.KeyVault.Keys/4.2.0-alpha.20210219.1",
          "(.NET 5.0.3; Microsoft Windows 10.0.19042)"
        ],
        "x-ms-client-request-id": "42c52d4d6185e942f39405bcdfcbcdef",
        "x-ms-return-client-request-id": "true"
      },
      "RequestBody": {
        "kty": "EC-HSM",
        "tags": {
          "A": "1",
          "B": "2"
        }
      },
      "StatusCode": 200,
      "ResponseHeaders": {
        "Cache-Control": "no-cache",
        "Content-Length": "447",
        "Content-Security-Policy": "default-src \u0027self\u0027",
        "Content-Type": "application/json; charset=utf-8",
        "Strict-Transport-Security": "max-age=31536000; includeSubDomains",
        "X-Content-Type-Options": "nosniff",
        "X-Frame-Options": "SAMEORIGIN",
        "x-ms-keyvault-network-info": "addr=67.171.12.239",
        "x-ms-keyvault-region": "southcentralus",
        "x-ms-request-id": "4bc64c5c-7353-11eb-bcb9-0242ac120006",
        "x-ms-server-latency": "326"
      },
      "ResponseBody": {
        "attributes": {
          "created": 1613808715,
          "enabled": true,
          "exportable": false,
          "recoverableDays": 90,
          "recoveryLevel": "Recoverable\u002BPurgeable",
          "updated": 1613808715
        },
        "key": {
          "crv": "P-256",
          "key_ops": [
            "verify",
            "sign"
          ],
          "kid": "https://heathskeyvaulthsm.managedhsm.azure.net/keys/1952024810/3a34c37685a84bd918d1f2f3d5cd95ba",
          "kty": "EC-HSM",
          "x": "QDv_vyjLzkIhZco4cVMeVHaSnDRPEYWtPDCLa0R8t0g",
          "y": "atNCu7gCAzqch_FCNmx8a0ibmQYNNyyEHQeBu--ZHjU"
        },
        "tags": {
          "A": "1",
          "B": "2"
        }
      }
    },
    {
      "RequestUri": "https://heathskeyvaulthsm.managedhsm.azure.net/keys/1952024810/3a34c37685a84bd918d1f2f3d5cd95ba?api-version=7.2",
      "RequestMethod": "PATCH",
      "RequestHeaders": {
        "Accept": "application/json",
        "Authorization": "Sanitized",
        "Content-Length": "64",
        "Content-Type": "application/json",
        "traceparent": "00-8120f76265388f45aa47fad5a3f5081f-af9bcbeefe29c84c-00",
        "User-Agent": [
          "azsdk-net-Security.KeyVault.Keys/4.2.0-alpha.20210219.1",
          "(.NET 5.0.3; Microsoft Windows 10.0.19042)"
        ],
        "x-ms-client-request-id": "8903074b4cd6470aebd08ad2657772f9",
        "x-ms-return-client-request-id": "true"
      },
      "RequestBody": {
        "attributes": {
          "enabled": true
        },
        "tags": {
          "A": "1",
          "B": "3",
          "C": "4"
        }
      },
      "StatusCode": 200,
      "ResponseHeaders": {
        "Cache-Control": "no-cache",
        "Content-Length": "455",
        "Content-Security-Policy": "default-src \u0027self\u0027",
        "Content-Type": "application/json; charset=utf-8",
        "Strict-Transport-Security": "max-age=31536000; includeSubDomains",
        "X-Content-Type-Options": "nosniff",
        "X-Frame-Options": "SAMEORIGIN",
        "x-ms-keyvault-network-info": "addr=67.171.12.239",
        "x-ms-keyvault-region": "southcentralus",
        "x-ms-request-id": "4c0c5b20-7353-11eb-bcb9-0242ac120006",
        "x-ms-server-latency": "242"
      },
      "ResponseBody": {
        "attributes": {
          "created": 1613808715,
          "enabled": true,
          "exportable": false,
          "recoverableDays": 90,
          "recoveryLevel": "Recoverable\u002BPurgeable",
          "updated": 1613808716
        },
        "key": {
          "crv": "P-256",
          "key_ops": [
            "verify",
            "sign"
          ],
          "kid": "https://heathskeyvaulthsm.managedhsm.azure.net/keys/1952024810/3a34c37685a84bd918d1f2f3d5cd95ba",
          "kty": "EC-HSM",
          "x": "QDv_vyjLzkIhZco4cVMeVHaSnDRPEYWtPDCLa0R8t0g",
          "y": "atNCu7gCAzqch_FCNmx8a0ibmQYNNyyEHQeBu--ZHjU"
        },
        "tags": {
          "A": "1",
          "B": "3",
          "C": "4"
        }
      }
    },
    {
      "RequestUri": "https://heathskeyvaulthsm.managedhsm.azure.net/keys/1952024810/3a34c37685a84bd918d1f2f3d5cd95ba?api-version=7.2",
      "RequestMethod": "PATCH",
      "RequestHeaders": {
        "Accept": "application/json",
        "Authorization": "Sanitized",
        "Content-Length": "48",
        "Content-Type": "application/json",
        "traceparent": "00-c71ac37b1b07d343a383825cad0af5f1-a12254421afe8c49-00",
        "User-Agent": [
          "azsdk-net-Security.KeyVault.Keys/4.2.0-alpha.20210219.1",
          "(.NET 5.0.3; Microsoft Windows 10.0.19042)"
        ],
        "x-ms-client-request-id": "011fb2ac3d1908cbba0e2b77ecd42c57",
        "x-ms-return-client-request-id": "true"
      },
      "RequestBody": {
        "attributes": {
          "enabled": true
        },
        "tags": {
          "D": "5"
        }
      },
      "StatusCode": 200,
      "ResponseHeaders": {
        "Cache-Control": "no-cache",
        "Content-Length": "439",
        "Content-Security-Policy": "default-src \u0027self\u0027",
        "Content-Type": "application/json; charset=utf-8",
        "Strict-Transport-Security": "max-age=31536000; includeSubDomains",
        "X-Content-Type-Options": "nosniff",
        "X-Frame-Options": "SAMEORIGIN",
        "x-ms-keyvault-network-info": "addr=67.171.12.239",
        "x-ms-keyvault-region": "southcentralus",
        "x-ms-request-id": "4c3ba61e-7353-11eb-bcb9-0242ac120006",
        "x-ms-server-latency": "114"
      },
      "ResponseBody": {
        "attributes": {
          "created": 1613808715,
          "enabled": true,
          "exportable": false,
          "recoverableDays": 90,
          "recoveryLevel": "Recoverable\u002BPurgeable",
          "updated": 1613808716
        },
        "key": {
          "crv": "P-256",
          "key_ops": [
            "verify",
            "sign"
          ],
          "kid": "https://heathskeyvaulthsm.managedhsm.azure.net/keys/1952024810/3a34c37685a84bd918d1f2f3d5cd95ba",
          "kty": "EC-HSM",
          "x": "QDv_vyjLzkIhZco4cVMeVHaSnDRPEYWtPDCLa0R8t0g",
          "y": "atNCu7gCAzqch_FCNmx8a0ibmQYNNyyEHQeBu--ZHjU"
        },
        "tags": {
          "D": "5"
        }
      }
    }
  ],
  "Variables": {
    "AZURE_MANAGEDHSM_URL": "https://heathskeyvaulthsm.managedhsm.azure.net/",
    "RandomSeed": "568918035"
  }
}