{
  "Entries": [
    {
      "RequestUri": "https://heathskeyvaulthsm.managedhsm.azure.net/keys/842854778/create?api-version=7.4-preview.1",
      "RequestMethod": "POST",
      "RequestHeaders": {
        "Accept": "application/json",
        "Content-Length": "0",
        "traceparent": "00-9a7610417d3cd3ce4085ca95786469f7-067235d44f011f53-00",
        "User-Agent": "azsdk-net-Security.KeyVault.Keys/4.5.0-alpha.20221102.1 (.NET 6.0.10; Microsoft Windows 10.0.22621)",
        "x-ms-client-request-id": "93f413a004a9b0eaac594a5eb0f66a38",
        "x-ms-return-client-request-id": "true"
      },
      "RequestBody": null,
      "StatusCode": 401,
      "ResponseHeaders": {
        "Cache-Control": "no-cache",
        "Content-Length": "0",
        "Content-Security-Policy": "default-src \u0027self\u0027",
        "Content-Type": "application/json; charset=utf-8",
        "Strict-Transport-Security": "max-age=31536000; includeSubDomains",
        "WWW-Authenticate": "Bearer authorization=\u0022https://login.microsoftonline.com/72f988bf-86f1-41af-91ab-2d7cd011db47\u0022, resource=\u0022https://managedhsm.azure.net\u0022",
        "X-Content-Type-Options": "nosniff",
        "X-Frame-Options": "SAMEORIGIN",
        "x-ms-request-id": "c52e5690-5af4-11ed-972b-000d3a612dea",
        "x-ms-server-latency": "0"
      },
      "ResponseBody": null
    },
    {
      "RequestUri": "https://heathskeyvaulthsm.managedhsm.azure.net/keys/842854778/create?api-version=7.4-preview.1",
      "RequestMethod": "POST",
      "RequestHeaders": {
        "Accept": "application/json",
        "Authorization": "Sanitized",
        "Content-Length": "42",
        "Content-Type": "application/json",
        "traceparent": "00-9a7610417d3cd3ce4085ca95786469f7-067235d44f011f53-00",
        "User-Agent": "azsdk-net-Security.KeyVault.Keys/4.5.0-alpha.20221102.1 (.NET 6.0.10; Microsoft Windows 10.0.22621)",
        "x-ms-client-request-id": "93f413a004a9b0eaac594a5eb0f66a38",
        "x-ms-return-client-request-id": "true"
      },
      "RequestBody": {
        "kty": "RSA-HSM",
        "tags": {
          "A": "1",
          "B": "2"
        }
      },
      "StatusCode": 200,
      "ResponseHeaders": {
        "Cache-Control": "no-cache",
        "Content-Length": "744",
        "Content-Security-Policy": "default-src \u0027self\u0027",
        "Content-Type": "application/json; charset=utf-8",
        "Strict-Transport-Security": "max-age=31536000; includeSubDomains",
        "X-Content-Type-Options": "nosniff",
        "X-Frame-Options": "SAMEORIGIN",
        "x-ms-keyvault-network-info": "conn_type=Ipv4;addr=131.107.174.211;act_addr_fam=Ipv4;",
        "x-ms-keyvault-region": "northus",
        "x-ms-request-id": "c5407244-5af4-11ed-972b-000d3a612dea",
        "x-ms-server-latency": "324"
      },
      "ResponseBody": {
        "attributes": {
          "created": 1667424284,
          "enabled": true,
          "exportable": false,
          "recoverableDays": 7,
          "recoveryLevel": "CustomizedRecoverable\u002BPurgeable",
          "updated": 1667424284
        },
        "key": {
          "e": "AQAB",
          "key_ops": [
            "wrapKey",
            "decrypt",
            "encrypt",
            "unwrapKey",
            "sign",
            "verify"
          ],
          "kid": "https://heathskeyvaulthsm.managedhsm.azure.net/keys/842854778/75258b26e478478bb5a8107e7678187d",
          "kty": "RSA-HSM",
          "n": "ivpiZYjwTWJ71qcpPooFBC4YkI79wUV9owWzTV7EwvsBcFX48c6T1mwLDDyE9ufMnHv94m2f1No6cq9m786q9QIrIuPGNr1zk7COyppBOo1FyrOZiPobolAkJL2DQyUzhpaaMntVdR7VnqjQuaM-RBFAXaco3fKpqSd8VWJNilryCWB62-1MhRyUexrSrzN8Aa3zXFBb4yaEvc-ukDAQa0lHmgLNuqHnkQRKFbDhSD_vqV1byZZ1EgVW6pll1kzUcdWeQSoLTR6XfjqAlwHHhAl5w1C7e4Xvy6aRTo-9zrjHAxU1FoDRQ2QmEqZhUOlP4OqiY2HmskEaB9e9PFJshQ"
        },
        "tags": {
          "A": "1",
          "B": "2"
        }
      }
    },
    {
      "RequestUri": "https://heathskeyvaulthsm.managedhsm.azure.net/keys/842854778/75258b26e478478bb5a8107e7678187d?api-version=7.4-preview.1",
      "RequestMethod": "PATCH",
      "RequestHeaders": {
        "Accept": "application/json",
        "Authorization": "Sanitized",
        "Content-Length": "83",
        "Content-Type": "application/json",
        "traceparent": "00-ef000256f4af0dd8f268d8fd5c104902-0e0057a4cfc9354a-00",
        "User-Agent": "azsdk-net-Security.KeyVault.Keys/4.5.0-alpha.20221102.1 (.NET 6.0.10; Microsoft Windows 10.0.22621)",
        "x-ms-client-request-id": "517356d7957d56f5c78fd711d65c7c91",
        "x-ms-return-client-request-id": "true"
      },
      "RequestBody": {
        "attributes": {
          "enabled": true,
          "exportable": false
        },
        "tags": {
          "A": "1",
          "B": "3",
          "C": "4"
        }
      },
      "StatusCode": 200,
      "ResponseHeaders": {
        "Cache-Control": "no-cache",
        "Content-Length": "752",
        "Content-Security-Policy": "default-src \u0027self\u0027",
        "Content-Type": "application/json; charset=utf-8",
        "Strict-Transport-Security": "max-age=31536000; includeSubDomains",
        "X-Content-Type-Options": "nosniff",
        "X-Frame-Options": "SAMEORIGIN",
        "x-ms-keyvault-network-info": "conn_type=Ipv4;addr=131.107.174.211;act_addr_fam=Ipv4;",
        "x-ms-keyvault-region": "northus",
        "x-ms-request-id": "c57a3416-5af4-11ed-972b-000d3a612dea",
        "x-ms-server-latency": "161"
      },
      "ResponseBody": {
        "attributes": {
          "created": 1667424284,
          "enabled": true,
          "exportable": false,
          "recoverableDays": 7,
          "recoveryLevel": "CustomizedRecoverable\u002BPurgeable",
          "updated": 1667424285
        },
        "key": {
          "e": "AQAB",
          "key_ops": [
            "wrapKey",
            "verify",
            "sign",
            "unwrapKey",
            "encrypt",
            "decrypt"
          ],
          "kid": "https://heathskeyvaulthsm.managedhsm.azure.net/keys/842854778/75258b26e478478bb5a8107e7678187d",
          "kty": "RSA-HSM",
          "n": "ivpiZYjwTWJ71qcpPooFBC4YkI79wUV9owWzTV7EwvsBcFX48c6T1mwLDDyE9ufMnHv94m2f1No6cq9m786q9QIrIuPGNr1zk7COyppBOo1FyrOZiPobolAkJL2DQyUzhpaaMntVdR7VnqjQuaM-RBFAXaco3fKpqSd8VWJNilryCWB62-1MhRyUexrSrzN8Aa3zXFBb4yaEvc-ukDAQa0lHmgLNuqHnkQRKFbDhSD_vqV1byZZ1EgVW6pll1kzUcdWeQSoLTR6XfjqAlwHHhAl5w1C7e4Xvy6aRTo-9zrjHAxU1FoDRQ2QmEqZhUOlP4OqiY2HmskEaB9e9PFJshQ"
        },
        "tags": {
          "A": "1",
          "B": "3",
          "C": "4"
        }
      }
    },
    {
      "RequestUri": "https://heathskeyvaulthsm.managedhsm.azure.net/keys/842854778/75258b26e478478bb5a8107e7678187d?api-version=7.4-preview.1",
      "RequestMethod": "PATCH",
      "RequestHeaders": {
        "Accept": "application/json",
        "Authorization": "Sanitized",
        "Content-Length": "67",
        "Content-Type": "application/json",
        "traceparent": "00-ec5aa42606b95d207e9343f01dfe33ab-3c9b2f74561a2cab-00",
        "User-Agent": "azsdk-net-Security.KeyVault.Keys/4.5.0-alpha.20221102.1 (.NET 6.0.10; Microsoft Windows 10.0.22621)",
        "x-ms-client-request-id": "d0c3d36dd54912af17ea163dd425af99",
        "x-ms-return-client-request-id": "true"
      },
      "RequestBody": {
        "attributes": {
          "enabled": true,
          "exportable": false
        },
        "tags": {
          "D": "5"
        }
      },
      "StatusCode": 200,
      "ResponseHeaders": {
        "Cache-Control": "no-cache",
        "Content-Length": "736",
        "Content-Security-Policy": "default-src \u0027self\u0027",
        "Content-Type": "application/json; charset=utf-8",
        "Strict-Transport-Security": "max-age=31536000; includeSubDomains",
        "X-Content-Type-Options": "nosniff",
        "X-Frame-Options": "SAMEORIGIN",
        "x-ms-keyvault-network-info": "conn_type=Ipv4;addr=131.107.174.211;act_addr_fam=Ipv4;",
        "x-ms-keyvault-region": "northus",
        "x-ms-request-id": "c59ae5a8-5af4-11ed-972b-000d3a612dea",
        "x-ms-server-latency": "75"
      },
      "ResponseBody": {
        "attributes": {
          "created": 1667424284,
          "enabled": true,
          "exportable": false,
          "recoverableDays": 7,
          "recoveryLevel": "CustomizedRecoverable\u002BPurgeable",
          "updated": 1667424285
        },
        "key": {
          "e": "AQAB",
          "key_ops": [
            "wrapKey",
            "verify",
            "sign",
            "unwrapKey",
            "decrypt",
            "encrypt"
          ],
          "kid": "https://heathskeyvaulthsm.managedhsm.azure.net/keys/842854778/75258b26e478478bb5a8107e7678187d",
          "kty": "RSA-HSM",
          "n": "ivpiZYjwTWJ71qcpPooFBC4YkI79wUV9owWzTV7EwvsBcFX48c6T1mwLDDyE9ufMnHv94m2f1No6cq9m786q9QIrIuPGNr1zk7COyppBOo1FyrOZiPobolAkJL2DQyUzhpaaMntVdR7VnqjQuaM-RBFAXaco3fKpqSd8VWJNilryCWB62-1MhRyUexrSrzN8Aa3zXFBb4yaEvc-ukDAQa0lHmgLNuqHnkQRKFbDhSD_vqV1byZZ1EgVW6pll1kzUcdWeQSoLTR6XfjqAlwHHhAl5w1C7e4Xvy6aRTo-9zrjHAxU1FoDRQ2QmEqZhUOlP4OqiY2HmskEaB9e9PFJshQ"
        },
        "tags": {
          "D": "5"
        }
      }
    }
  ],
  "Variables": {
    "AZURE_AUTHORITY_HOST": "https://login.microsoftonline.com/",
    "AZURE_MANAGEDHSM_URL": "https://heathskeyvaulthsm.managedhsm.azure.net/",
    "RandomSeed": "292783174"
  }
}
