{
  "Entries": [
    {
      "RequestUri": "https://heathskvtesthsm.managedhsm.azure.net/keys/641279705/create?api-version=7.2",
      "RequestMethod": "POST",
      "RequestHeaders": {
        "Accept": "application/json",
        "Content-Type": "application/json",
        "traceparent": "00-315afe5085dae74f84c5cc470604cf59-7bf2af52de32d046-00",
        "User-Agent": [
          "azsdk-net-Security.KeyVault.Keys/4.3.0-alpha.20210713.1",
          "(.NET 5.0.8; Microsoft Windows 10.0.19043)"
        ],
        "x-ms-client-request-id": "abd2b0aa94a8178ea9d02fd238fcac67",
        "x-ms-return-client-request-id": "true"
      },
      "RequestBody": null,
      "StatusCode": 401,
      "ResponseHeaders": {
        "Cache-Control": "no-cache",
        "Content-Length": "0",
        "Content-Security-Policy": "default-src \u0027self\u0027",
        "Content-Type": "application/json; charset=utf-8",
        "Strict-Transport-Security": "max-age=31536000; includeSubDomains",
        "WWW-Authenticate": "Bearer authorization=\u0022https://login.microsoftonline.com/72f988bf-86f1-41af-91ab-2d7cd011db47\u0022, resource=\u0022https://managedhsm.azure.net\u0022",
        "X-Content-Type-Options": "nosniff",
        "X-Frame-Options": "SAMEORIGIN",
        "x-ms-request-id": "4cf26d3e-e448-11eb-ba03-000d3a70aa3b",
        "x-ms-server-latency": "1"
      },
      "ResponseBody": []
    },
    {
      "RequestUri": "https://heathskvtesthsm.managedhsm.azure.net/keys/641279705/create?api-version=7.2",
      "RequestMethod": "POST",
      "RequestHeaders": {
        "Accept": "application/json",
        "Authorization": "Sanitized",
        "Content-Length": "16",
        "Content-Type": "application/json",
        "traceparent": "00-315afe5085dae74f84c5cc470604cf59-7bf2af52de32d046-00",
        "User-Agent": [
          "azsdk-net-Security.KeyVault.Keys/4.3.0-alpha.20210713.1",
          "(.NET 5.0.8; Microsoft Windows 10.0.19043)"
        ],
        "x-ms-client-request-id": "abd2b0aa94a8178ea9d02fd238fcac67",
        "x-ms-return-client-request-id": "true"
      },
      "RequestBody": {
        "kty": "EC-HSM"
      },
      "StatusCode": 200,
      "ResponseHeaders": {
        "Cache-Control": "no-cache",
        "Content-Length": "419",
        "Content-Security-Policy": "default-src \u0027self\u0027",
        "Content-Type": "application/json; charset=utf-8",
        "Strict-Transport-Security": "max-age=31536000; includeSubDomains",
        "X-Content-Type-Options": "nosniff",
        "X-Frame-Options": "SAMEORIGIN",
        "x-ms-keyvault-network-info": "conn_type=Ipv4;addr=67.171.12.239;act_addr_fam=Ipv4;",
        "x-ms-keyvault-region": "southcentralus",
        "x-ms-request-id": "4d08615c-e448-11eb-ba03-000d3a70aa3b",
        "x-ms-server-latency": "269"
      },
      "ResponseBody": {
        "attributes": {
          "created": 1626228474,
          "enabled": true,
          "exportable": false,
          "recoverableDays": 90,
          "recoveryLevel": "Recoverable\u002BPurgeable",
          "updated": 1626228474
        },
        "key": {
          "crv": "P-256",
          "key_ops": [
            "verify",
            "sign"
          ],
          "kid": "https://heathskvtesthsm.managedhsm.azure.net/keys/641279705/b5937c0b0e20057b03e17e271e3e180f",
          "kty": "EC-HSM",
          "x": "ALk9JkIzcZxnCswtKwBoBAyn1VEKkdbLMGP-6-_y7sg",
          "y": "QzYLoQrNZUP9U7wfz_o29wkC6ambOhF3v1sja37LLpU"
        }
      }
    },
    {
      "RequestUri": "https://heathskvtesthsm.managedhsm.azure.net/keys/641279705/b5937c0b0e20057b03e17e271e3e180f?api-version=7.2",
      "RequestMethod": "PATCH",
      "RequestHeaders": {
        "Accept": "application/json",
        "Authorization": "Sanitized",
        "Content-Length": "76",
        "Content-Type": "application/json",
        "traceparent": "00-e5e98f86993fc84db9cbd23a288933ad-413e3fe3cf0a3344-00",
        "User-Agent": [
          "azsdk-net-Security.KeyVault.Keys/4.3.0-alpha.20210713.1",
          "(.NET 5.0.8; Microsoft Windows 10.0.19043)"
        ],
        "x-ms-client-request-id": "a421d9b271382d1d831bbb6d4dee24b5",
        "x-ms-return-client-request-id": "true"
      },
      "RequestBody": {
        "attributes": {
          "enabled": true,
          "exp": 1626228474
        },
        "key_ops": [
          "verify",
          "sign"
        ]
      },
      "StatusCode": 200,
      "ResponseHeaders": {
        "Cache-Control": "no-cache",
        "Content-Length": "436",
        "Content-Security-Policy": "default-src \u0027self\u0027",
        "Content-Type": "application/json; charset=utf-8",
        "Strict-Transport-Security": "max-age=31536000; includeSubDomains",
        "X-Content-Type-Options": "nosniff",
        "X-Frame-Options": "SAMEORIGIN",
        "x-ms-keyvault-network-info": "conn_type=Ipv4;addr=67.171.12.239;act_addr_fam=Ipv4;",
        "x-ms-keyvault-region": "southcentralus",
        "x-ms-request-id": "4d3b9f22-e448-11eb-ba03-000d3a70aa3b",
        "x-ms-server-latency": "185"
      },
      "ResponseBody": {
        "attributes": {
          "created": 1626228474,
          "enabled": true,
          "exp": 1626228474,
          "exportable": false,
          "recoverableDays": 90,
          "recoveryLevel": "Recoverable\u002BPurgeable",
          "updated": 1626228475
        },
        "key": {
          "crv": "P-256",
          "key_ops": [
            "verify",
            "sign"
          ],
          "kid": "https://heathskvtesthsm.managedhsm.azure.net/keys/641279705/b5937c0b0e20057b03e17e271e3e180f",
          "kty": "EC-HSM",
          "x": "ALk9JkIzcZxnCswtKwBoBAyn1VEKkdbLMGP-6-_y7sg",
          "y": "QzYLoQrNZUP9U7wfz_o29wkC6ambOhF3v1sja37LLpU"
        }
      }
    }
  ],
  "Variables": {
    "AZURE_MANAGEDHSM_URL": "https://heathskvtesthsm.managedhsm.azure.net/",
    "RandomSeed": "638014431"
  }
}