{
  "Entries": [
    {
      "RequestUri": "https://login.microsoftonline.com/common/discovery/instance?api-version=1.1\u0026authorization_endpoint=https%3A%2F%2Flogin.microsoftonline.com%2Fc54fac88-3dd3-461f-a7c4-8a368e0340b3%2Foauth2%2Fv2.0%2Fauthorize",
      "RequestMethod": "GET",
      "RequestHeaders": {
        "client-request-id": "404f2323-e5dc-4881-b0c1-06729e18a1a6",
        "Request-Id": "00-a5431b59819a3d4f884700f89713706c-ba91ced5f60e4f44-00",
        "return-client-request-id": "true",
        "traceparent": "00-a5431b59819a3d4f884700f89713706c-ba91ced5f60e4f44-00",
        "User-Agent": [
          "azsdk-net-Identity/1.2.0-dev.20200604.1\u002Bd07dcc5a7b904af0bb3c2b801eee4b2ec1d10750",
          "(.NET Core 4.6.28801.04; Microsoft Windows 10.0.18363 )"
        ],
        "x-app-name": "UnknownClient",
        "x-app-ver": "0.0.0.0",
        "x-client-current-telemetry": "1|1003,0|",
        "x-client-last-telemetry": "",
        "x-client-OS": "Microsoft Windows 10.0.18363 ",
        "x-client-SKU": "MSAL.NetCore",
        "x-client-Ver": "4.10.0.0",
        "x-ms-client-request-id": "f3548871c2bd992649339173ae0eba69",
        "x-ms-return-client-request-id": "true"
      },
      "RequestBody": null,
      "StatusCode": 200,
      "ResponseHeaders": {
        "Access-Control-Allow-Methods": "GET, OPTIONS",
        "Access-Control-Allow-Origin": "*",
        "Cache-Control": "max-age=86400, private",
        "client-request-id": "404f2323-e5dc-4881-b0c1-06729e18a1a6",
        "Content-Length": "980",
        "Content-Type": "application/json; charset=utf-8",
        "Date": "Thu, 04 Jun 2020 13:08:09 GMT",
        "P3P": "CP=\u0022DSP CUR OTPi IND OTRi ONL FIN\u0022",
        "Set-Cookie": [
          "fpc=ArwN4Sp0iuZArCOiVpol7nMZVSmMAgAAADbpatYOAAAAdzmUzwIAAAA36WrWDgAAAA; expires=Sat, 04-Jul-2020 13:08:09 GMT; path=/; secure; HttpOnly; SameSite=None",
          "x-ms-gateway-slice=prod; path=/; SameSite=None; secure; HttpOnly",
          "stsservicecookie=ests; path=/; secure; HttpOnly; SameSite=None"
        ],
        "Strict-Transport-Security": "max-age=31536000; includeSubDomains",
        "X-Content-Type-Options": "nosniff",
        "x-ms-ests-server": "2.1.10681.6 - WUS2 ProdSlices",
        "x-ms-request-id": "b95b9fae-25d1-4886-a8f5-e65457771400"
      },
      "ResponseBody": {
        "tenant_discovery_endpoint": "https://login.microsoftonline.com/c54fac88-3dd3-461f-a7c4-8a368e0340b3/v2.0/.well-known/openid-configuration",
        "api-version": "1.1",
        "metadata": [
          {
            "preferred_network": "login.microsoftonline.com",
            "preferred_cache": "login.windows.net",
            "aliases": [
              "login.microsoftonline.com",
              "login.windows.net",
              "login.microsoft.com",
              "sts.windows.net"
            ]
          },
          {
            "preferred_network": "login.partner.microsoftonline.cn",
            "preferred_cache": "login.partner.microsoftonline.cn",
            "aliases": [
              "login.partner.microsoftonline.cn",
              "login.chinacloudapi.cn"
            ]
          },
          {
            "preferred_network": "login.microsoftonline.de",
            "preferred_cache": "login.microsoftonline.de",
            "aliases": [
              "login.microsoftonline.de"
            ]
          },
          {
            "preferred_network": "login.microsoftonline.us",
            "preferred_cache": "login.microsoftonline.us",
            "aliases": [
              "login.microsoftonline.us",
              "login.usgovcloudapi.net"
            ]
          },
          {
            "preferred_network": "login-us.microsoftonline.com",
            "preferred_cache": "login-us.microsoftonline.com",
            "aliases": [
              "login-us.microsoftonline.com"
            ]
          }
        ]
      }
    },
    {
      "RequestUri": "https://login.microsoftonline.com/c54fac88-3dd3-461f-a7c4-8a368e0340b3/v2.0/.well-known/openid-configuration",
      "RequestMethod": "GET",
      "RequestHeaders": {
        "client-request-id": "404f2323-e5dc-4881-b0c1-06729e18a1a6",
        "Request-Id": "00-a5431b59819a3d4f884700f89713706c-24b9a34cfe908844-00",
        "return-client-request-id": "true",
        "traceparent": "00-a5431b59819a3d4f884700f89713706c-24b9a34cfe908844-00",
        "User-Agent": [
          "azsdk-net-Identity/1.2.0-dev.20200604.1\u002Bd07dcc5a7b904af0bb3c2b801eee4b2ec1d10750",
          "(.NET Core 4.6.28801.04; Microsoft Windows 10.0.18363 )"
        ],
        "x-app-name": "UnknownClient",
        "x-app-ver": "0.0.0.0",
        "x-client-current-telemetry": "1|1003,0|",
        "x-client-last-telemetry": "",
        "x-client-OS": "Microsoft Windows 10.0.18363 ",
        "x-client-SKU": "MSAL.NetCore",
        "x-client-Ver": "4.10.0.0",
        "x-ms-client-request-id": "ff5eb3275aa50db1e05f5b911c16748c",
        "x-ms-return-client-request-id": "true"
      },
      "RequestBody": null,
      "StatusCode": 200,
      "ResponseHeaders": {
        "Access-Control-Allow-Methods": "GET, OPTIONS",
        "Access-Control-Allow-Origin": "*",
        "Cache-Control": "max-age=86400, private",
        "client-request-id": "404f2323-e5dc-4881-b0c1-06729e18a1a6",
        "Content-Length": "1523",
        "Content-Type": "application/json; charset=utf-8",
        "Date": "Thu, 04 Jun 2020 13:08:09 GMT",
        "P3P": "CP=\u0022DSP CUR OTPi IND OTRi ONL FIN\u0022",
        "Set-Cookie": [
          "fpc=ArwN4Sp0iuZArCOiVpol7nMZVSmMAgAAADbpatYOAAAAdzmUzwIAAAA36WrWDgAAAA; expires=Sat, 04-Jul-2020 13:08:09 GMT; path=/; secure; HttpOnly; SameSite=None",
          "x-ms-gateway-slice=prod; path=/; SameSite=None; secure; HttpOnly",
          "stsservicecookie=ests; path=/; secure; HttpOnly; SameSite=None"
        ],
        "Strict-Transport-Security": "max-age=31536000; includeSubDomains",
        "X-Content-Type-Options": "nosniff",
        "x-ms-ests-server": "2.1.10681.4 - WUS2 ProdSlices",
        "x-ms-request-id": "05f1898f-e921-4c70-a8f0-79c1f6a15900"
      },
      "ResponseBody": {
        "token_endpoint": "https://login.microsoftonline.com/c54fac88-3dd3-461f-a7c4-8a368e0340b3/oauth2/v2.0/token",
        "token_endpoint_auth_methods_supported": [
          "client_secret_post",
          "private_key_jwt",
          "client_secret_basic"
        ],
        "jwks_uri": "https://login.microsoftonline.com/c54fac88-3dd3-461f-a7c4-8a368e0340b3/discovery/v2.0/keys",
        "response_modes_supported": [
          "query",
          "fragment",
          "form_post"
        ],
        "subject_types_supported": [
          "pairwise"
        ],
        "id_token_signing_alg_values_supported": [
          "RS256"
        ],
        "response_types_supported": [
          "code",
          "id_token",
          "code id_token",
          "id_token token"
        ],
        "scopes_supported": [
          "openid",
          "profile",
          "email",
          "offline_access"
        ],
        "issuer": "https://login.microsoftonline.com/c54fac88-3dd3-461f-a7c4-8a368e0340b3/v2.0",
        "request_uri_parameter_supported": false,
        "userinfo_endpoint": "https://graph.microsoft.com/oidc/userinfo",
        "authorization_endpoint": "https://login.microsoftonline.com/c54fac88-3dd3-461f-a7c4-8a368e0340b3/oauth2/v2.0/authorize",
        "http_logout_supported": true,
        "frontchannel_logout_supported": true,
        "end_session_endpoint": "https://login.microsoftonline.com/c54fac88-3dd3-461f-a7c4-8a368e0340b3/oauth2/v2.0/logout",
        "claims_supported": [
          "sub",
          "iss",
          "cloud_instance_name",
          "cloud_instance_host_name",
          "cloud_graph_host_name",
          "msgraph_host",
          "aud",
          "exp",
          "iat",
          "auth_time",
          "acr",
          "nonce",
          "preferred_username",
          "name",
          "tid",
          "ver",
          "at_hash",
          "c_hash",
          "email"
        ],
        "tenant_region_scope": "NA",
        "cloud_instance_name": "microsoftonline.com",
        "cloud_graph_host_name": "graph.windows.net",
        "msgraph_host": "graph.microsoft.com",
        "rbac_url": "https://pas.windows.net"
      }
    },
    {
      "RequestUri": "https://login.microsoftonline.com/common/userrealm/testuser@azuresdkplayground.onmicrosoft.com?api-version=1.0",
      "RequestMethod": "GET",
      "RequestHeaders": {
        "Request-Id": "00-a5431b59819a3d4f884700f89713706c-31ea4ccbf27d9245-00",
        "traceparent": "00-a5431b59819a3d4f884700f89713706c-31ea4ccbf27d9245-00",
        "User-Agent": [
          "azsdk-net-Identity/1.2.0-dev.20200604.1\u002Bd07dcc5a7b904af0bb3c2b801eee4b2ec1d10750",
          "(.NET Core 4.6.28801.04; Microsoft Windows 10.0.18363 )"
        ],
        "x-client-OS": "Microsoft Windows 10.0.18363 ",
        "x-client-SKU": "MSAL.NetCore",
        "x-client-Ver": "4.10.0.0",
        "x-ms-client-request-id": "001ced6ba6baeafa0eef57b864245024",
        "x-ms-return-client-request-id": "true"
      },
      "RequestBody": null,
      "StatusCode": 200,
      "ResponseHeaders": {
        "Cache-Control": "no-store, no-cache",
        "Content-Disposition": "inline; filename=userrealm.json",
        "Content-Length": "187",
        "Content-Type": "application/json; charset=utf-8",
        "Date": "Thu, 04 Jun 2020 13:08:09 GMT",
        "Expires": "-1",
        "P3P": "CP=\u0022DSP CUR OTPi IND OTRi ONL FIN\u0022",
        "Pragma": "no-cache",
        "Set-Cookie": [
          "fpc=ArwN4Sp0iuZArCOiVpol7nMZVSmMAgAAADbpatYOAAAAdzmUzwIAAAA36WrWDgAAAA; expires=Sat, 04-Jul-2020 13:08:09 GMT; path=/; secure; HttpOnly; SameSite=None",
          "x-ms-gateway-slice=prod; path=/; SameSite=None; secure; HttpOnly",
          "stsservicecookie=ests; path=/; secure; HttpOnly; SameSite=None"
        ],
        "Strict-Transport-Security": "max-age=31536000; includeSubDomains",
        "X-Content-Type-Options": "nosniff",
        "x-ms-ests-server": "2.1.10681.4 - WUS2 ProdSlices",
        "x-ms-request-id": "87a39310-cc10-4a7d-9d69-04b99a694600"
      },
      "ResponseBody": {
        "ver": "1.0",
        "account_type": "Managed",
        "domain_name": "azuresdkplayground.onmicrosoft.com",
        "cloud_instance_name": "microsoftonline.com",
        "cloud_audience_urn": "urn:federation:MicrosoftOnline"
      }
    },
    {
      "RequestUri": "https://login.microsoftonline.com/c54fac88-3dd3-461f-a7c4-8a368e0340b3/oauth2/v2.0/token",
      "RequestMethod": "POST",
      "RequestHeaders": {
        "client-request-id": "404f2323-e5dc-4881-b0c1-06729e18a1a6",
        "Content-Length": "9",
        "Request-Id": "00-a5431b59819a3d4f884700f89713706c-213bf768489d104e-00",
        "return-client-request-id": "true",
        "traceparent": "00-a5431b59819a3d4f884700f89713706c-213bf768489d104e-00",
        "User-Agent": [
          "azsdk-net-Identity/1.2.0-dev.20200604.1\u002Bd07dcc5a7b904af0bb3c2b801eee4b2ec1d10750",
          "(.NET Core 4.6.28801.04; Microsoft Windows 10.0.18363 )"
        ],
        "x-app-name": "UnknownClient",
        "x-app-ver": "0.0.0.0",
        "x-client-current-telemetry": "1|1003,0|",
        "x-client-last-telemetry": "",
        "x-client-OS": "Microsoft Windows 10.0.18363 ",
        "x-client-SKU": "MSAL.NetCore",
        "x-client-Ver": "4.10.0.0",
        "x-ms-client-request-id": "afd9aafb9ec31795d646125d67957d33",
        "x-ms-return-client-request-id": "true"
      },
      "RequestBody": "U2FuaXRpemVk",
      "StatusCode": 200,
      "ResponseHeaders": {
        "Cache-Control": "no-store, no-cache",
        "client-request-id": "404f2323-e5dc-4881-b0c1-06729e18a1a6",
        "Content-Length": "1512",
        "Content-Type": "application/json; charset=utf-8",
        "Date": "Thu, 04 Jun 2020 13:08:09 GMT",
        "Expires": "-1",
        "P3P": "CP=\u0022DSP CUR OTPi IND OTRi ONL FIN\u0022",
        "Pragma": "no-cache",
        "Set-Cookie": [
          "fpc=ArwN4Sp0iuZArCOiVpol7nMZVSmMAgAAADbpatYOAAAAdzmUzwMAAAA36WrWDgAAAA; expires=Sat, 04-Jul-2020 13:08:10 GMT; path=/; secure; HttpOnly; SameSite=None",
          "x-ms-gateway-slice=prod; path=/; SameSite=None; secure; HttpOnly",
          "stsservicecookie=ests; path=/; secure; HttpOnly; SameSite=None"
        ],
        "Strict-Transport-Security": "max-age=31536000; includeSubDomains",
        "X-Content-Type-Options": "nosniff",
        "x-ms-clitelem": "1,0,0,,",
        "x-ms-ests-server": "2.1.10681.4 - WUS2 ProdSlices",
        "x-ms-request-id": "ecd2e59e-d104-46f0-8af5-94cf93505600"
      },
      "ResponseBody": {
        "token_type": "Bearer",
        "scope": "https://vault.azure.net/user_impersonation https://vault.azure.net/.default",
        "expires_in": 3599,
        "ext_expires_in": 3599,
        "access_token": "Sanitized",
        "refresh_token": "Sanitized",
        "foci": "1",
        "id_token": "eyJ0eXAiOiJKV1QiLCJhbGciOiJSUzI1NiIsImtpZCI6IlNzWnNCTmhaY0YzUTlTNHRycFFCVEJ5TlJSSSJ9.eyJhdWQiOiIwNGIwNzc5NS04ZGRiLTQ2MWEtYmJlZS0wMmY5ZTFiZjdiNDYiLCJpc3MiOiJodHRwczovL2xvZ2luLm1pY3Jvc29mdG9ubGluZS5jb20vYzU0ZmFjODgtM2RkMy00NjFmLWE3YzQtOGEzNjhlMDM0MGIzL3YyLjAiLCJpYXQiOjE1OTEyNzU3ODksIm5iZiI6MTU5MTI3NTc4OSwiZXhwIjoxNTkxMjc5Njg5LCJhaW8iOiJBVFFBeS84UEFBQUFJQzA1QUd4Z0h4NWdtLzRzTlBkL21iT2xhdExiMnh4ZEsyYVZwT0p5TUQ3UkUwcitqbThndlZlNFJpMHpYalAzIiwibmFtZSI6InRlc3R1c2VyIiwib2lkIjoiMjMzNjY0ZmEtNGU5Mi00Yzg1LTg5NzctZjc4MmEyNDI1OGU0IiwicHJlZmVycmVkX3VzZXJuYW1lIjoidGVzdHVzZXJAYXp1cmVzZGtwbGF5Z3JvdW5kLm9ubWljcm9zb2Z0LmNvbSIsInN1YiI6InppWGhoM2RGVF9ERFA2a2w4aGI0aGVVUGdmTWlJRUJmUUt6RjZIYTZuc0UiLCJ0aWQiOiJjNTRmYWM4OC0zZGQzLTQ2MWYtYTdjNC04YTM2OGUwMzQwYjMiLCJ1dGkiOiJudVhTN0FUUjhFYUs5WlRQazFCV0FBIiwidmVyIjoiMi4wIn0.jZFvCEZY6Y0Y4RKtlHR3uMmLMborMQYuI1eQjhmxeob-RQtdfPxg4QtnAno-YtLHMsBKnd7bS-sP0WCvAqSJOeITOP_DF9oZo372OoTzzgvL3ocFwS8eDxfcCab_sGzHXsH-_3pE5QH_CPhSVGujmG33W0_Ztulrljtl9xwAsfspok97_TzqwaJv_r_WAc7aEWBSqG2tIYgPNfe6o5TcdT5HrGat1cOLSViL1SzEbQ1ZR_Onmqjl7XdtnvbVHUDdxkxzmCeVCFAE4tfb4dyeEtq10HkLixHFbfcrXvU8j6QIiLqB6A6Q1Eq8ts_OPsXvOJKk5iXr3wdPso-C5cIQgg",
        "client_info": "eyJ1aWQiOiIyMzM2NjRmYS00ZTkyLTRjODUtODk3Ny1mNzgyYTI0MjU4ZTQiLCJ1dGlkIjoiYzU0ZmFjODgtM2RkMy00NjFmLWE3YzQtOGEzNjhlMDM0MGIzIn0"
      }
    }
  ],
  "Variables": {
    "AZURE_IDENTITY_TEST_TENANTID": "c54fac88-3dd3-461f-a7c4-8a368e0340b3",
    "AZURE_IDENTITY_TEST_USERNAME": "testuser@azuresdkplayground.onmicrosoft.com",
    "RandomSeed": "456267963"
  }
}