{
  "Entries": [
    {
      "RequestUri": "https://login.microsoftonline.com/common/discovery/instance?api-version=1.1\u0026authorization_endpoint=https%3A%2F%2Flogin.microsoftonline.com%2Fc54fac88-3dd3-461f-a7c4-8a368e0340b3%2Foauth2%2Fv2.0%2Fauthorize",
      "RequestMethod": "GET",
      "RequestHeaders": {
        "client-request-id": "d36bd923-18fd-47b5-a998-e25d40fa7c0f",
        "return-client-request-id": "true",
        "traceparent": "00-57a011f81a296e449a7338232f36b46a-c2345c9b6004674d-00",
        "User-Agent": [
          "azsdk-net-Identity/1.2.0-dev.20200716.1",
          "(.NET Core 4.6.28928.01; Microsoft Windows 10.0.18363 )"
        ],
        "x-app-name": "UnknownClient",
        "x-app-ver": "0.0.0.0",
        "x-client-OS": "Microsoft Windows 10.0.18363 ",
        "x-client-SKU": "MSAL.NetCore",
        "x-client-Ver": "4.16.1.0",
        "x-ms-client-request-id": "d8ccb782f5e117fd9c41e7d0be9d8be2",
        "x-ms-return-client-request-id": "true"
      },
      "RequestBody": null,
      "StatusCode": 200,
      "ResponseHeaders": {
        "Access-Control-Allow-Methods": "GET, OPTIONS",
        "Access-Control-Allow-Origin": "*",
        "Cache-Control": "max-age=86400, private",
        "client-request-id": "d36bd923-18fd-47b5-a998-e25d40fa7c0f",
        "Content-Length": "980",
        "Content-Type": "application/json; charset=utf-8",
        "Date": "Thu, 16 Jul 2020 07:39:00 GMT",
        "P3P": "CP=\u0022DSP CUR OTPi IND OTRi ONL FIN\u0022",
        "Set-Cookie": [
          "fpc=Au73AAbOEZ1MhRD-hUtg0wsCGiLjAQAAABL7odYOAAAAFMDINAEAAAAT-6HWDgAAAA; expires=Sat, 15-Aug-2020 07:39:00 GMT; path=/; secure; HttpOnly; SameSite=None",
          "x-ms-gateway-slice=prod; path=/; SameSite=None; secure; HttpOnly",
          "stsservicecookie=ests; path=/; secure; HttpOnly; SameSite=None"
        ],
        "Strict-Transport-Security": "max-age=31536000; includeSubDomains",
        "X-Content-Type-Options": "nosniff",
        "x-ms-ests-server": "2.1.10821.14 - WUS2 ProdSlices",
        "x-ms-request-id": "82cfe1e1-4ea7-4ed0-a3b4-401795f62701"
      },
      "ResponseBody": {
        "tenant_discovery_endpoint": "https://login.microsoftonline.com/c54fac88-3dd3-461f-a7c4-8a368e0340b3/v2.0/.well-known/openid-configuration",
        "api-version": "1.1",
        "metadata": [
          {
            "preferred_network": "login.microsoftonline.com",
            "preferred_cache": "login.windows.net",
            "aliases": [
              "login.microsoftonline.com",
              "login.windows.net",
              "login.microsoft.com",
              "sts.windows.net"
            ]
          },
          {
            "preferred_network": "login.partner.microsoftonline.cn",
            "preferred_cache": "login.partner.microsoftonline.cn",
            "aliases": [
              "login.partner.microsoftonline.cn",
              "login.chinacloudapi.cn"
            ]
          },
          {
            "preferred_network": "login.microsoftonline.de",
            "preferred_cache": "login.microsoftonline.de",
            "aliases": [
              "login.microsoftonline.de"
            ]
          },
          {
            "preferred_network": "login.microsoftonline.us",
            "preferred_cache": "login.microsoftonline.us",
            "aliases": [
              "login.microsoftonline.us",
              "login.usgovcloudapi.net"
            ]
          },
          {
            "preferred_network": "login-us.microsoftonline.com",
            "preferred_cache": "login-us.microsoftonline.com",
            "aliases": [
              "login-us.microsoftonline.com"
            ]
          }
        ]
      }
    },
    {
      "RequestUri": "https://login.microsoftonline.com/common/userrealm/sschaab716@azuresdkplayground.onmicrosoft.com?api-version=1.0",
      "RequestMethod": "GET",
      "RequestHeaders": {
        "traceparent": "00-57a011f81a296e449a7338232f36b46a-ee3ce1d0e00eb944-00",
        "User-Agent": [
          "azsdk-net-Identity/1.2.0-dev.20200716.1",
          "(.NET Core 4.6.28928.01; Microsoft Windows 10.0.18363 )"
        ],
        "x-client-OS": "Microsoft Windows 10.0.18363 ",
        "x-client-SKU": "MSAL.NetCore",
        "x-client-Ver": "4.16.1.0",
        "x-ms-client-request-id": "8108e0ee2b9c5e9193c7d3b63981f663",
        "x-ms-return-client-request-id": "true"
      },
      "RequestBody": null,
      "StatusCode": 200,
      "ResponseHeaders": {
        "Cache-Control": "no-store, no-cache",
        "Content-Disposition": "inline; filename=userrealm.json",
        "Content-Length": "187",
        "Content-Type": "application/json; charset=utf-8",
        "Date": "Thu, 16 Jul 2020 07:39:00 GMT",
        "Expires": "-1",
        "P3P": "CP=\u0022DSP CUR OTPi IND OTRi ONL FIN\u0022",
        "Pragma": "no-cache",
        "Set-Cookie": [
          "fpc=Au73AAbOEZ1MhRD-hUtg0wsCGiLjAQAAABL7odYOAAAAFMDINAEAAAAT-6HWDgAAAA; expires=Sat, 15-Aug-2020 07:39:00 GMT; path=/; secure; HttpOnly; SameSite=None",
          "x-ms-gateway-slice=prod; path=/; SameSite=None; secure; HttpOnly",
          "stsservicecookie=ests; path=/; secure; HttpOnly; SameSite=None"
        ],
        "Strict-Transport-Security": "max-age=31536000; includeSubDomains",
        "X-Content-Type-Options": "nosniff",
        "x-ms-ests-server": "2.1.10821.14 - WUS2 ProdSlices",
        "x-ms-request-id": "82cfe1e1-4ea7-4ed0-a3b4-401796f62701"
      },
      "ResponseBody": {
        "ver": "1.0",
        "account_type": "Managed",
        "domain_name": "azuresdkplayground.onmicrosoft.com",
        "cloud_instance_name": "microsoftonline.com",
        "cloud_audience_urn": "urn:federation:MicrosoftOnline"
      }
    },
    {
      "RequestUri": "https://login.microsoftonline.com/c54fac88-3dd3-461f-a7c4-8a368e0340b3/oauth2/v2.0/token",
      "RequestMethod": "POST",
      "RequestHeaders": {
        "client-request-id": "d36bd923-18fd-47b5-a998-e25d40fa7c0f",
        "Content-Length": "9",
        "return-client-request-id": "true",
        "traceparent": "00-57a011f81a296e449a7338232f36b46a-8da8e3380fdfe048-00",
        "User-Agent": [
          "azsdk-net-Identity/1.2.0-dev.20200716.1",
          "(.NET Core 4.6.28928.01; Microsoft Windows 10.0.18363 )"
        ],
        "x-app-name": "UnknownClient",
        "x-app-ver": "0.0.0.0",
        "x-client-current-telemetry": "2|1003,0|",
        "x-client-last-telemetry": "2|0|||",
        "x-client-OS": "Microsoft Windows 10.0.18363 ",
        "x-client-SKU": "MSAL.NetCore",
        "x-client-Ver": "4.16.1.0",
        "x-ms-client-request-id": "0b85252f1c6f7fa24a0a95edb1f0fd62",
        "x-ms-lib-capability": "retry-after, h429",
        "x-ms-PKeyAuth": "1.0",
        "x-ms-return-client-request-id": "true"
      },
      "RequestBody": "U2FuaXRpemVk",
      "StatusCode": 200,
      "ResponseHeaders": {
        "Cache-Control": "no-store, no-cache",
        "client-request-id": "d36bd923-18fd-47b5-a998-e25d40fa7c0f",
        "Content-Length": "1517",
        "Content-Type": "application/json; charset=utf-8",
        "Date": "Thu, 16 Jul 2020 07:39:00 GMT",
        "Expires": "-1",
        "P3P": "CP=\u0022DSP CUR OTPi IND OTRi ONL FIN\u0022",
        "Pragma": "no-cache",
        "Set-Cookie": [
          "fpc=Au73AAbOEZ1MhRD-hUtg0wsCGiLjAQAAABL7odYOAAAAFMDINAIAAAAT-6HWDgAAAA; expires=Sat, 15-Aug-2020 07:39:00 GMT; path=/; secure; HttpOnly; SameSite=None",
          "x-ms-gateway-slice=prod; path=/; SameSite=None; secure; HttpOnly",
          "stsservicecookie=ests; path=/; secure; HttpOnly; SameSite=None"
        ],
        "Strict-Transport-Security": "max-age=31536000; includeSubDomains",
        "X-Content-Type-Options": "nosniff",
        "x-ms-clitelem": "1,0,0,,",
        "x-ms-ests-server": "2.1.10821.14 - WUS2 ProdSlices",
        "x-ms-request-id": "9b93e29d-1c39-4aa5-951c-fe00eaa62301"
      },
      "ResponseBody": {
        "token_type": "Bearer",
        "scope": "https://vault.azure.net/user_impersonation https://vault.azure.net/.default",
        "expires_in": 3599,
        "ext_expires_in": 3599,
        "access_token": "Sanitized",
        "refresh_token": "Sanitized",
        "foci": "1",
        "id_token": "eyJ0eXAiOiJKV1QiLCJhbGciOiJSUzI1NiIsImtpZCI6Imh1Tjk1SXZQZmVocTM0R3pCRFoxR1hHaXJuTSJ9.eyJhdWQiOiIwNGIwNzc5NS04ZGRiLTQ2MWEtYmJlZS0wMmY5ZTFiZjdiNDYiLCJpc3MiOiJodHRwczovL2xvZ2luLm1pY3Jvc29mdG9ubGluZS5jb20vYzU0ZmFjODgtM2RkMy00NjFmLWE3YzQtOGEzNjhlMDM0MGIzL3YyLjAiLCJpYXQiOjE1OTQ4ODQ4NDAsIm5iZiI6MTU5NDg4NDg0MCwiZXhwIjoxNTk0ODg4NzQwLCJhaW8iOiJBVFFBeS84UUFBQUFnSXNINVFRbDZ3U0lCTVN0RWdQT1dZYVV1OUUwTTM2Uk54ajdPY29OVlp1MmNDcTNONGt5OXJjMXNJcmEzTFR4IiwibmFtZSI6InNzY2hhYWI3MTYiLCJvaWQiOiI0ZjY1ZmYzMy03MDdlLTQ0YTMtOGU4OS05ZTg0OTA2ODY5OGEiLCJwcmVmZXJyZWRfdXNlcm5hbWUiOiJzc2NoYWFiNzE2QGF6dXJlc2RrcGxheWdyb3VuZC5vbm1pY3Jvc29mdC5jb20iLCJzdWIiOiJhYVozeGRhaVUtdE9OR0hMdzRsZFd3LXJpREpwekpud1NkNFIzVmNZRU5jIiwidGlkIjoiYzU0ZmFjODgtM2RkMy00NjFmLWE3YzQtOGEzNjhlMDM0MGIzIiwidXRpIjoibmVLVG16a2NwVXFWSFA0QTZxWWpBUSIsInZlciI6IjIuMCJ9.Cw0Gnv8iODmCqyURY-Rcn3fVuZbx9Bta-E_z9Ys939S7c-Qq8LSrPV1LRzuVDnIpZJLjOnf3gvGyHUEtOkAa0HOlbzpN5rXLJAWbR0smtIDMSrxxsPR9nJPiUCuimq7-8tLQKtonU7pd7wZdotoE9UYtQGl7I8m9ISCBGUZdHF4OYrW2UMgs-Y-LZPVjiVqI9X8drRC9p21MBGHP554oYR_2MewVX33Lci9PUk-5VOIKtPxsKaGjYCe2_j2qMICT4vrlGPee7oxIKbvBJFpTje5H8W-CKiSkfhkhN4TNOJG-w6nxRxENIJcYc0Ap60DoqhulKYmpfbn_Fa2S9wrt8w",
        "client_info": "eyJ1aWQiOiI0ZjY1ZmYzMy03MDdlLTQ0YTMtOGU4OS05ZTg0OTA2ODY5OGEiLCJ1dGlkIjoiYzU0ZmFjODgtM2RkMy00NjFmLWE3YzQtOGEzNjhlMDM0MGIzIn0"
      }
    }
  ],
  "Variables": {
    "AZURE_IDENTITY_TEST_TENANTID": "c54fac88-3dd3-461f-a7c4-8a368e0340b3",
    "AZURE_IDENTITY_TEST_USERNAME": "sschaab716@azuresdkplayground.onmicrosoft.com",
    "RandomSeed": "177763837"
  }
}