{
  "Entries": [
    {
      "RequestUri": "/subscriptions/964c10bb-8a6c-43bc-83d3-6b318c6c7305/resourcegroups/hdi8776?api-version=2014-04-01-preview",
      "EncodedRequestUri": "L3N1YnNjcmlwdGlvbnMvOTY0YzEwYmItOGE2Yy00M2JjLTgzZDMtNmIzMThjNmM3MzA1L3Jlc291cmNlZ3JvdXBzL2hkaTg3NzY/YXBpLXZlcnNpb249MjAxNC0wNC0wMS1wcmV2aWV3",
      "RequestMethod": "PUT",
      "RequestBody": "{\r\n  \"location\": \"West US\"\r\n}",
      "RequestHeaders": {
        "Content-Type": [
          "application/json; charset=utf-8"
        ],
        "Content-Length": [
          "29"
        ],
        "User-Agent": [
          "Microsoft.Azure.Management.Resources.ResourceManagementClient/2.0.0.0"
        ]
      },
      "ResponseBody": "{\r\n  \"id\": \"/subscriptions/964c10bb-8a6c-43bc-83d3-6b318c6c7305/resourceGroups/hdi8776\",\r\n  \"name\": \"hdi8776\",\r\n  \"location\": \"westus\",\r\n  \"properties\": {\r\n    \"provisioningState\": \"Succeeded\"\r\n  }\r\n}",
      "ResponseHeaders": {
        "Content-Length": [
          "167"
        ],
        "Content-Type": [
          "application/json; charset=utf-8"
        ],
        "Expires": [
          "-1"
        ],
        "Pragma": [
          "no-cache"
        ],
        "x-ms-ratelimit-remaining-subscription-writes": [
          "1198"
        ],
        "x-ms-request-id": [
          "81582233-782b-494e-9117-135464ba9ab3"
        ],
        "x-ms-correlation-request-id": [
          "81582233-782b-494e-9117-135464ba9ab3"
        ],
        "x-ms-routing-request-id": [
          "WESTUS2:20170330T203804Z:81582233-782b-494e-9117-135464ba9ab3"
        ],
        "Strict-Transport-Security": [
          "max-age=31536000; includeSubDomains"
        ],
        "Cache-Control": [
          "no-cache"
        ],
        "Date": [
          "Thu, 30 Mar 2017 20:38:04 GMT"
        ]
      },
      "StatusCode": 201
    },
    {
      "RequestUri": "/subscriptions/964c10bb-8a6c-43bc-83d3-6b318c6c7305/resourceGroups/hdi8776/providers/Microsoft.HDInsight/clusters/hdisdk-datalake5?api-version=2015-03-01-preview",
      "EncodedRequestUri": "L3N1YnNjcmlwdGlvbnMvOTY0YzEwYmItOGE2Yy00M2JjLTgzZDMtNmIzMThjNmM3MzA1L3Jlc291cmNlR3JvdXBzL2hkaTg3NzYvcHJvdmlkZXJzL01pY3Jvc29mdC5IREluc2lnaHQvY2x1c3RlcnMvaGRpc2RrLWRhdGFsYWtlNT9hcGktdmVyc2lvbj0yMDE1LTAzLTAxLXByZXZpZXc=",
      "RequestMethod": "PUT",
      "RequestBody": "{\r\n  \"location\": \"East US\",\r\n  \"properties\": {\r\n    \"clusterVersion\": \"3.2\",\r\n    \"osType\": \"Windows\",\r\n    \"tier\": \"Standard\",\r\n    \"clusterDefinition\": {\r\n      \"kind\": \"Hadoop\",\r\n      \"componentVersion\": {},\r\n      \"configurations\": {\r\n        \"core-site\": {\r\n          \"fs.defaultFS\": \"wasb://tempkafka02container@kafka01test.blob.core.windows.net\"\r\n         },\r\n        \"gateway\": {\r\n          \"restAuthCredential.isEnabled\": \"true\",\r\n          \"restAuthCredential.username\": \"hadoopuser\",\r\n          \"restAuthCredential.password\": \"Password1!\"\r\n        },\r\n        \"clusterIdentity\": {\r\n          \"clusterIdentity.applicationId\": \"dd97bd76-6ddf-4c12-a416-1c2e913c549c\",\r\n          \"clusterIdentity.aadTenantId\": \"https://login.windows.net/72f988bf-86f1-41af-91ab-2d7cd011db47\",\r\n          \"clusterIdentity.resourceUri\": \"https://datalake.azure.net/\"\r\n        }\r\n      }\r\n    },\r\n    \"computeProfile\": {\r\n      \"roles\": [\r\n        {\r\n          \"name\": \"headnode\",\r\n          \"targetInstanceCount\": 2,\r\n          \"hardwareProfile\": {\r\n            \"vmSize\": \"Standard_D3\"\r\n          },\r\n          \"osProfile\": {\r\n            \"windowsOperatingSystemProfile\": {}\r\n          },\r\n          \"scriptActions\": [\r\n            {\r\n              \"name\": \"action\",\r\n              \"uri\": \"https://uri.com/\",\r\n              \"parameters\": \"params\"\r\n            }\r\n          ]\r\n        },\r\n        {\r\n          \"name\": \"workernode\",\r\n          \"targetInstanceCount\": 3,\r\n          \"hardwareProfile\": {\r\n            \"vmSize\": \"Large\"\r\n          },\r\n          \"osProfile\": {\r\n            \"windowsOperatingSystemProfile\": {}\r\n          },\r\n          \"scriptActions\": [\r\n            {\r\n              \"name\": \"action\",\r\n              \"uri\": \"https://uri.com/\",\r\n              \"parameters\": \"params\"\r\n            }\r\n          ]\r\n        }\r\n      ]\r\n    }\r\n  }\r\n}",
      "RequestHeaders": {
        "Content-Type": [
          "application/json"
        ],
        "Content-Length": [
          "5439"
        ],
        "User-Agent": [
          "ARM",
          "SDK",
          "v2.0.3"
        ]
      },
      "ResponseBody": "{\r\n  \"id\": \"/subscriptions/964c10bb-8a6c-43bc-83d3-6b318c6c7305/resourceGroups/hdi8776/providers/Microsoft.HDInsight/clusters/hdisdk-datalake5\",\r\n  \"name\": \"hdisdk-datalake5\",\r\n  \"type\": \"Microsoft.HDInsight/clusters\",\r\n  \"location\": \"East US\",\r\n  \"etag\": \"f9917e41-b4d2-4556-9e8b-6989eaa7b1ce\",\r\n  \"tags\": null,\r\n  \"properties\": {\r\n    \"clusterVersion\": \"3.2.7.1234\",\r\n    \"osType\": \"Windows\",\r\n    \"clusterDefinition\": {\r\n      \"kind\": \"Hadoop\"\r\n    },\r\n    \"computeProfile\": {\r\n      \"roles\": [\r\n        {\r\n          \"name\": \"HeadNode\",\r\n          \"targetInstanceCount\": 2,\r\n          \"hardwareProfile\": {\r\n            \"vmSize\": \"Standard_D3\"\r\n          }\r\n        },\r\n        {\r\n          \"name\": \"workernode\",\r\n          \"targetInstanceCount\": 3,\r\n          \"hardwareProfile\": {\r\n            \"vmSize\": \"Large\"\r\n          }\r\n        }\r\n      ]\r\n    },\r\n    \"provisioningState\": \"InProgress\",\r\n    \"clusterState\": \"Accepted\",\r\n    \"createdDate\": \"2017-03-30T20:38:06.74\",\r\n    \"quotaInfo\": {\r\n      \"coresUsed\": 20\r\n    },\r\n    \"connectivityEndpoints\": [\r\n      {\r\n        \"name\": \"HTTPS\",\r\n        \"protocol\": \"TCP\",\r\n        \"location\": \"hdisdk-datalake5.cloudapp.net\",\r\n        \"port\": 443\r\n      }\r\n    ],\r\n    \"tier\": \"standard\"\r\n  }\r\n}",
      "ResponseHeaders": {
        "Content-Length": [
          "842"
        ],
        "Content-Type": [
          "application/json; charset=utf-8"
        ],
        "Expires": [
          "-1"
        ],
        "Pragma": [
          "no-cache"
        ],
        "x-ms-hdi-clusteruri": [
          "https://management.azure.com/subscriptions/964c10bb-8a6c-43bc-83d3-6b318c6c7305/resourceGroups/hdi8776/providers/Microsoft.HDInsight/clusters/hdisdk-datalake5?api-version=2015-03-01-preview"
        ],
        "Azure-AsyncOperation": [
          "https://management.azure.com:443/subscriptions/964c10bb-8a6c-43bc-83d3-6b318c6c7305/resourceGroups/hdi8776/providers/Microsoft.HDInsight/clusters/hdisdk-datalake5/azureasyncoperations/create?api-version=2015-03-01-preview"
        ],
        "x-ms-request-id": [
          "6fd257b8-d93a-44d9-8534-5ff911f83005"
        ],
        "x-ms-hdi-served-by": [
          "global"
        ],
        "x-ms-ratelimit-remaining-subscription-writes": [
          "1197"
        ],
        "x-ms-correlation-request-id": [
          "8f7f238e-1579-4e58-916f-9dbdbe567c8d"
        ],
        "x-ms-routing-request-id": [
          "WESTUS2:20170330T203806Z:8f7f238e-1579-4e58-916f-9dbdbe567c8d"
        ],
        "Strict-Transport-Security": [
          "max-age=31536000; includeSubDomains"
        ],
        "Cache-Control": [
          "no-cache"
        ],
        "Date": [
          "Thu, 30 Mar 2017 20:38:05 GMT"
        ],
        "ETag": [
          "\"f9917e41-b4d2-4556-9e8b-6989eaa7b1ce\""
        ],
        "Server": [
          "Microsoft-IIS/8.5"
        ],
        "X-Powered-By": [
          "ASP.NET"
        ]
      },
      "StatusCode": 200
    },
    {
      "RequestUri": "/subscriptions/964c10bb-8a6c-43bc-83d3-6b318c6c7305/resourceGroups/hdi8776/providers/Microsoft.HDInsight/clusters/hdisdk-datalake5?api-version=2015-03-01-preview",
      "EncodedRequestUri": "L3N1YnNjcmlwdGlvbnMvOTY0YzEwYmItOGE2Yy00M2JjLTgzZDMtNmIzMThjNmM3MzA1L3Jlc291cmNlR3JvdXBzL2hkaTg3NzYvcHJvdmlkZXJzL01pY3Jvc29mdC5IREluc2lnaHQvY2x1c3RlcnMvaGRpc2RrLWRhdGFsYWtlNT9hcGktdmVyc2lvbj0yMDE1LTAzLTAxLXByZXZpZXc=",
      "RequestMethod": "GET",
      "RequestBody": "",
      "RequestHeaders": {
        "User-Agent": [
          "ARM",
          "SDK",
          "v2.0.3"
        ]
      },
      "ResponseBody": "{\r\n  \"id\": \"/subscriptions/964c10bb-8a6c-43bc-83d3-6b318c6c7305/resourceGroups/hdi8776/providers/Microsoft.HDInsight/clusters/hdisdk-datalake5\",\r\n  \"name\": \"hdisdk-datalake5\",\r\n  \"type\": \"Microsoft.HDInsight/clusters\",\r\n  \"location\": \"East US\",\r\n  \"etag\": \"f9917e41-b4d2-4556-9e8b-6989eaa7b1ce\",\r\n  \"tags\": null,\r\n  \"properties\": {\r\n    \"clusterVersion\": \"3.2.7.1234\",\r\n    \"osType\": \"Windows\",\r\n    \"clusterDefinition\": {\r\n      \"kind\": \"Hadoop\"\r\n    },\r\n    \"computeProfile\": {\r\n      \"roles\": [\r\n        {\r\n          \"name\": \"HeadNode\",\r\n          \"targetInstanceCount\": 2,\r\n          \"hardwareProfile\": {\r\n            \"vmSize\": \"Standard_D3\"\r\n          }\r\n        },\r\n        {\r\n          \"name\": \"workernode\",\r\n          \"targetInstanceCount\": 3,\r\n          \"hardwareProfile\": {\r\n            \"vmSize\": \"Large\"\r\n          }\r\n        }\r\n      ]\r\n    },\r\n    \"provisioningState\": \"InProgress\",\r\n    \"clusterState\": \"Accepted\",\r\n    \"createdDate\": \"2017-03-30T20:38:06.74\",\r\n    \"quotaInfo\": {\r\n      \"coresUsed\": 20\r\n    },\r\n    \"connectivityEndpoints\": [\r\n      {\r\n        \"name\": \"HTTPS\",\r\n        \"protocol\": \"TCP\",\r\n        \"location\": \"hdisdk-datalake5.cloudapp.net\",\r\n        \"port\": 443\r\n      }\r\n    ],\r\n    \"tier\": \"standard\"\r\n  }\r\n}",
      "ResponseHeaders": {
        "Content-Length": [
          "842"
        ],
        "Content-Type": [
          "application/json; charset=utf-8"
        ],
        "Expires": [
          "-1"
        ],
        "Pragma": [
          "no-cache"
        ],
        "x-ms-request-id": [
          "75115962-1b77-4a65-a1f6-8ec839818b24"
        ],
        "x-ms-hdi-served-by": [
          "global"
        ],
        "x-ms-ratelimit-remaining-subscription-reads": [
          "14811"
        ],
        "x-ms-correlation-request-id": [
          "14771a57-067f-4f62-9e9e-fb4d57dce1fd"
        ],
        "x-ms-routing-request-id": [
          "WESTUS2:20170330T203806Z:14771a57-067f-4f62-9e9e-fb4d57dce1fd"
        ],
        "Strict-Transport-Security": [
          "max-age=31536000; includeSubDomains"
        ],
        "Cache-Control": [
          "no-cache"
        ],
        "Date": [
          "Thu, 30 Mar 2017 20:38:06 GMT"
        ],
        "Server": [
          "Microsoft-IIS/8.5"
        ],
        "X-Powered-By": [
          "ASP.NET"
        ]
      },
      "StatusCode": 200
    },
    {
      "RequestUri": "/subscriptions/964c10bb-8a6c-43bc-83d3-6b318c6c7305/resourceGroups/hdi8776/providers/Microsoft.HDInsight/clusters/hdisdk-datalake5?api-version=2015-03-01-preview",
      "EncodedRequestUri": "L3N1YnNjcmlwdGlvbnMvOTY0YzEwYmItOGE2Yy00M2JjLTgzZDMtNmIzMThjNmM3MzA1L3Jlc291cmNlR3JvdXBzL2hkaTg3NzYvcHJvdmlkZXJzL01pY3Jvc29mdC5IREluc2lnaHQvY2x1c3RlcnMvaGRpc2RrLWRhdGFsYWtlNT9hcGktdmVyc2lvbj0yMDE1LTAzLTAxLXByZXZpZXc=",
      "RequestMethod": "GET",
      "RequestBody": "",
      "RequestHeaders": {
        "User-Agent": [
          "ARM",
          "SDK",
          "v2.0.3"
        ]
      },
      "ResponseBody": "{\r\n  \"id\": \"/subscriptions/964c10bb-8a6c-43bc-83d3-6b318c6c7305/resourceGroups/hdi8776/providers/Microsoft.HDInsight/clusters/hdisdk-datalake5\",\r\n  \"name\": \"hdisdk-datalake5\",\r\n  \"type\": \"Microsoft.HDInsight/clusters\",\r\n  \"location\": \"East US\",\r\n  \"etag\": \"f9917e41-b4d2-4556-9e8b-6989eaa7b1ce\",\r\n  \"tags\": null,\r\n  \"properties\": {\r\n    \"clusterVersion\": \"3.2.7.1234\",\r\n    \"osType\": \"Windows\",\r\n    \"clusterDefinition\": {\r\n      \"kind\": \"Hadoop\"\r\n    },\r\n    \"computeProfile\": {\r\n      \"roles\": [\r\n        {\r\n          \"name\": \"HeadNode\",\r\n          \"targetInstanceCount\": 2,\r\n          \"hardwareProfile\": {\r\n            \"vmSize\": \"Standard_D3\"\r\n          }\r\n        },\r\n        {\r\n          \"name\": \"workernode\",\r\n          \"targetInstanceCount\": 3,\r\n          \"hardwareProfile\": {\r\n            \"vmSize\": \"Large\"\r\n          }\r\n        }\r\n      ]\r\n    },\r\n    \"provisioningState\": \"InProgress\",\r\n    \"clusterState\": \"Accepted\",\r\n    \"createdDate\": \"2017-03-30T20:38:06.74\",\r\n    \"quotaInfo\": {\r\n      \"coresUsed\": 20\r\n    },\r\n    \"connectivityEndpoints\": [\r\n      {\r\n        \"name\": \"HTTPS\",\r\n        \"protocol\": \"TCP\",\r\n        \"location\": \"hdisdk-datalake5.cloudapp.net\",\r\n        \"port\": 443\r\n      }\r\n    ],\r\n    \"tier\": \"standard\"\r\n  }\r\n}",
      "ResponseHeaders": {
        "Content-Length": [
          "842"
        ],
        "Content-Type": [
          "application/json; charset=utf-8"
        ],
        "Expires": [
          "-1"
        ],
        "Pragma": [
          "no-cache"
        ],
        "x-ms-request-id": [
          "6429ddb1-47da-4a5c-a89a-2b2d3c00e3ab"
        ],
        "x-ms-hdi-served-by": [
          "global"
        ],
        "x-ms-ratelimit-remaining-subscription-reads": [
          "14808"
        ],
        "x-ms-correlation-request-id": [
          "53a9816e-78e5-4a7c-bc5c-6b8672bab8e0"
        ],
        "x-ms-routing-request-id": [
          "WESTUS2:20170330T203906Z:53a9816e-78e5-4a7c-bc5c-6b8672bab8e0"
        ],
        "Strict-Transport-Security": [
          "max-age=31536000; includeSubDomains"
        ],
        "Cache-Control": [
          "no-cache"
        ],
        "Date": [
          "Thu, 30 Mar 2017 20:39:05 GMT"
        ],
        "Server": [
          "Microsoft-IIS/8.5"
        ],
        "X-Powered-By": [
          "ASP.NET"
        ]
      },
      "StatusCode": 200
    },
    {
      "RequestUri": "/subscriptions/964c10bb-8a6c-43bc-83d3-6b318c6c7305/resourceGroups/hdi8776/providers/Microsoft.HDInsight/clusters/hdisdk-datalake5?api-version=2015-03-01-preview",
      "EncodedRequestUri": "L3N1YnNjcmlwdGlvbnMvOTY0YzEwYmItOGE2Yy00M2JjLTgzZDMtNmIzMThjNmM3MzA1L3Jlc291cmNlR3JvdXBzL2hkaTg3NzYvcHJvdmlkZXJzL01pY3Jvc29mdC5IREluc2lnaHQvY2x1c3RlcnMvaGRpc2RrLWRhdGFsYWtlNT9hcGktdmVyc2lvbj0yMDE1LTAzLTAxLXByZXZpZXc=",
      "RequestMethod": "GET",
      "RequestBody": "",
      "RequestHeaders": {
        "User-Agent": [
          "ARM",
          "SDK",
          "v2.0.3"
        ]
      },
      "ResponseBody": "{\r\n  \"id\": \"/subscriptions/964c10bb-8a6c-43bc-83d3-6b318c6c7305/resourceGroups/hdi8776/providers/Microsoft.HDInsight/clusters/hdisdk-datalake5\",\r\n  \"name\": \"hdisdk-datalake5\",\r\n  \"type\": \"Microsoft.HDInsight/clusters\",\r\n  \"location\": \"East US\",\r\n  \"etag\": \"f9917e41-b4d2-4556-9e8b-6989eaa7b1ce\",\r\n  \"tags\": null,\r\n  \"properties\": {\r\n    \"clusterVersion\": \"3.2.7.1234\",\r\n    \"osType\": \"Windows\",\r\n    \"clusterDefinition\": {\r\n      \"kind\": \"Hadoop\"\r\n    },\r\n    \"computeProfile\": {\r\n      \"roles\": [\r\n        {\r\n          \"name\": \"HeadNode\",\r\n          \"targetInstanceCount\": 2,\r\n          \"hardwareProfile\": {\r\n            \"vmSize\": \"Standard_D3\"\r\n          }\r\n        },\r\n        {\r\n          \"name\": \"workernode\",\r\n          \"targetInstanceCount\": 3,\r\n          \"hardwareProfile\": {\r\n            \"vmSize\": \"Large\"\r\n          }\r\n        }\r\n      ]\r\n    },\r\n    \"provisioningState\": \"InProgress\",\r\n    \"clusterState\": \"ClusterStorageProvisioned\",\r\n    \"createdDate\": \"2017-03-30T20:38:06.74\",\r\n    \"quotaInfo\": {\r\n      \"coresUsed\": 20\r\n    },\r\n    \"connectivityEndpoints\": [\r\n      {\r\n        \"name\": \"HTTPS\",\r\n        \"protocol\": \"TCP\",\r\n        \"location\": \"hdisdk-datalake5.azurehdinsight.net\",\r\n        \"port\": 443\r\n      }\r\n    ],\r\n    \"tier\": \"standard\"\r\n  }\r\n}",
      "ResponseHeaders": {
        "Content-Length": [
          "865"
        ],
        "Content-Type": [
          "application/json; charset=utf-8"
        ],
        "Expires": [
          "-1"
        ],
        "Pragma": [
          "no-cache"
        ],
        "x-ms-request-id": [
          "3e7022de-e71d-4b1d-9a1c-aeb61789ac2f"
        ],
        "x-ms-hdi-served-by": [
          "global"
        ],
        "x-ms-ratelimit-remaining-subscription-reads": [
          "14820"
        ],
        "x-ms-correlation-request-id": [
          "2afc6a1d-df5b-4266-9dbb-07a5e96b50a9"
        ],
        "x-ms-routing-request-id": [
          "WESTUS2:20170330T204007Z:2afc6a1d-df5b-4266-9dbb-07a5e96b50a9"
        ],
        "Strict-Transport-Security": [
          "max-age=31536000; includeSubDomains"
        ],
        "Cache-Control": [
          "no-cache"
        ],
        "Date": [
          "Thu, 30 Mar 2017 20:40:06 GMT"
        ],
        "Server": [
          "Microsoft-IIS/8.5"
        ],
        "X-Powered-By": [
          "ASP.NET"
        ]
      },
      "StatusCode": 200
    },
    {
      "RequestUri": "/subscriptions/964c10bb-8a6c-43bc-83d3-6b318c6c7305/resourceGroups/hdi8776/providers/Microsoft.HDInsight/clusters/hdisdk-datalake5?api-version=2015-03-01-preview",
      "EncodedRequestUri": "L3N1YnNjcmlwdGlvbnMvOTY0YzEwYmItOGE2Yy00M2JjLTgzZDMtNmIzMThjNmM3MzA1L3Jlc291cmNlR3JvdXBzL2hkaTg3NzYvcHJvdmlkZXJzL01pY3Jvc29mdC5IREluc2lnaHQvY2x1c3RlcnMvaGRpc2RrLWRhdGFsYWtlNT9hcGktdmVyc2lvbj0yMDE1LTAzLTAxLXByZXZpZXc=",
      "RequestMethod": "GET",
      "RequestBody": "",
      "RequestHeaders": {
        "User-Agent": [
          "ARM",
          "SDK",
          "v2.0.3"
        ]
      },
      "ResponseBody": "{\r\n  \"id\": \"/subscriptions/964c10bb-8a6c-43bc-83d3-6b318c6c7305/resourceGroups/hdi8776/providers/Microsoft.HDInsight/clusters/hdisdk-datalake5\",\r\n  \"name\": \"hdisdk-datalake5\",\r\n  \"type\": \"Microsoft.HDInsight/clusters\",\r\n  \"location\": \"East US\",\r\n  \"etag\": \"f9917e41-b4d2-4556-9e8b-6989eaa7b1ce\",\r\n  \"tags\": null,\r\n  \"properties\": {\r\n    \"clusterVersion\": \"3.2.7.1234\",\r\n    \"osType\": \"Windows\",\r\n    \"clusterDefinition\": {\r\n      \"kind\": \"Hadoop\"\r\n    },\r\n    \"computeProfile\": {\r\n      \"roles\": [\r\n        {\r\n          \"name\": \"HeadNode\",\r\n          \"targetInstanceCount\": 2,\r\n          \"hardwareProfile\": {\r\n            \"vmSize\": \"Standard_D3\"\r\n          }\r\n        },\r\n        {\r\n          \"name\": \"workernode\",\r\n          \"targetInstanceCount\": 3,\r\n          \"hardwareProfile\": {\r\n            \"vmSize\": \"Large\"\r\n          }\r\n        }\r\n      ]\r\n    },\r\n    \"provisioningState\": \"InProgress\",\r\n    \"clusterState\": \"ClusterStorageProvisioned\",\r\n    \"createdDate\": \"2017-03-30T20:38:06.74\",\r\n    \"quotaInfo\": {\r\n      \"coresUsed\": 20\r\n    },\r\n    \"connectivityEndpoints\": [\r\n      {\r\n        \"name\": \"HTTPS\",\r\n        \"protocol\": \"TCP\",\r\n        \"location\": \"hdisdk-datalake5.azurehdinsight.net\",\r\n        \"port\": 443\r\n      }\r\n    ],\r\n    \"tier\": \"standard\"\r\n  }\r\n}",
      "ResponseHeaders": {
        "Content-Length": [
          "865"
        ],
        "Content-Type": [
          "application/json; charset=utf-8"
        ],
        "Expires": [
          "-1"
        ],
        "Pragma": [
          "no-cache"
        ],
        "x-ms-request-id": [
          "0a1d71e2-a474-4aa1-ae90-28983ecd99f0"
        ],
        "x-ms-hdi-served-by": [
          "global"
        ],
        "x-ms-ratelimit-remaining-subscription-reads": [
          "14813"
        ],
        "x-ms-correlation-request-id": [
          "8cf02b17-b09c-4149-bff5-3f8d1024128c"
        ],
        "x-ms-routing-request-id": [
          "WESTUS2:20170330T204107Z:8cf02b17-b09c-4149-bff5-3f8d1024128c"
        ],
        "Strict-Transport-Security": [
          "max-age=31536000; includeSubDomains"
        ],
        "Cache-Control": [
          "no-cache"
        ],
        "Date": [
          "Thu, 30 Mar 2017 20:41:06 GMT"
        ],
        "Server": [
          "Microsoft-IIS/8.5"
        ],
        "X-Powered-By": [
          "ASP.NET"
        ]
      },
      "StatusCode": 200
    },
    {
      "RequestUri": "/subscriptions/964c10bb-8a6c-43bc-83d3-6b318c6c7305/resourceGroups/hdi8776/providers/Microsoft.HDInsight/clusters/hdisdk-datalake5?api-version=2015-03-01-preview",
      "EncodedRequestUri": "L3N1YnNjcmlwdGlvbnMvOTY0YzEwYmItOGE2Yy00M2JjLTgzZDMtNmIzMThjNmM3MzA1L3Jlc291cmNlR3JvdXBzL2hkaTg3NzYvcHJvdmlkZXJzL01pY3Jvc29mdC5IREluc2lnaHQvY2x1c3RlcnMvaGRpc2RrLWRhdGFsYWtlNT9hcGktdmVyc2lvbj0yMDE1LTAzLTAxLXByZXZpZXc=",
      "RequestMethod": "GET",
      "RequestBody": "",
      "RequestHeaders": {
        "User-Agent": [
          "ARM",
          "SDK",
          "v2.0.3"
        ]
      },
      "ResponseBody": "{\r\n  \"id\": \"/subscriptions/964c10bb-8a6c-43bc-83d3-6b318c6c7305/resourceGroups/hdi8776/providers/Microsoft.HDInsight/clusters/hdisdk-datalake5\",\r\n  \"name\": \"hdisdk-datalake5\",\r\n  \"type\": \"Microsoft.HDInsight/clusters\",\r\n  \"location\": \"East US\",\r\n  \"etag\": \"f9917e41-b4d2-4556-9e8b-6989eaa7b1ce\",\r\n  \"tags\": null,\r\n  \"properties\": {\r\n    \"clusterVersion\": \"3.2.7.1234\",\r\n    \"osType\": \"Windows\",\r\n    \"clusterDefinition\": {\r\n      \"kind\": \"Hadoop\"\r\n    },\r\n    \"computeProfile\": {\r\n      \"roles\": [\r\n        {\r\n          \"name\": \"HeadNode\",\r\n          \"targetInstanceCount\": 2,\r\n          \"hardwareProfile\": {\r\n            \"vmSize\": \"Standard_D3\"\r\n          }\r\n        },\r\n        {\r\n          \"name\": \"workernode\",\r\n          \"targetInstanceCount\": 3,\r\n          \"hardwareProfile\": {\r\n            \"vmSize\": \"Large\"\r\n          }\r\n        }\r\n      ]\r\n    },\r\n    \"provisioningState\": \"InProgress\",\r\n    \"clusterState\": \"ClusterStorageProvisioned\",\r\n    \"createdDate\": \"2017-03-30T20:38:06.74\",\r\n    \"quotaInfo\": {\r\n      \"coresUsed\": 20\r\n    },\r\n    \"connectivityEndpoints\": [\r\n      {\r\n        \"name\": \"HTTPS\",\r\n        \"protocol\": \"TCP\",\r\n        \"location\": \"hdisdk-datalake5.azurehdinsight.net\",\r\n        \"port\": 443\r\n      }\r\n    ],\r\n    \"tier\": \"standard\"\r\n  }\r\n}",
      "ResponseHeaders": {
        "Content-Length": [
          "865"
        ],
        "Content-Type": [
          "application/json; charset=utf-8"
        ],
        "Expires": [
          "-1"
        ],
        "Pragma": [
          "no-cache"
        ],
        "x-ms-request-id": [
          "48bdf70c-cc7b-4d08-aafb-032589a7dcb8"
        ],
        "x-ms-hdi-served-by": [
          "global"
        ],
        "x-ms-ratelimit-remaining-subscription-reads": [
          "14795"
        ],
        "x-ms-correlation-request-id": [
          "9c1c7fe4-ec31-43f5-9ba4-8a65c764eeb7"
        ],
        "x-ms-routing-request-id": [
          "WESTUS2:20170330T204207Z:9c1c7fe4-ec31-43f5-9ba4-8a65c764eeb7"
        ],
        "Strict-Transport-Security": [
          "max-age=31536000; includeSubDomains"
        ],
        "Cache-Control": [
          "no-cache"
        ],
        "Date": [
          "Thu, 30 Mar 2017 20:42:07 GMT"
        ],
        "Server": [
          "Microsoft-IIS/8.5"
        ],
        "X-Powered-By": [
          "ASP.NET"
        ]
      },
      "StatusCode": 200
    },
    {
      "RequestUri": "/subscriptions/964c10bb-8a6c-43bc-83d3-6b318c6c7305/resourceGroups/hdi8776/providers/Microsoft.HDInsight/clusters/hdisdk-datalake5?api-version=2015-03-01-preview",
      "EncodedRequestUri": "L3N1YnNjcmlwdGlvbnMvOTY0YzEwYmItOGE2Yy00M2JjLTgzZDMtNmIzMThjNmM3MzA1L3Jlc291cmNlR3JvdXBzL2hkaTg3NzYvcHJvdmlkZXJzL01pY3Jvc29mdC5IREluc2lnaHQvY2x1c3RlcnMvaGRpc2RrLWRhdGFsYWtlNT9hcGktdmVyc2lvbj0yMDE1LTAzLTAxLXByZXZpZXc=",
      "RequestMethod": "GET",
      "RequestBody": "",
      "RequestHeaders": {
        "User-Agent": [
          "ARM",
          "SDK",
          "v2.0.3"
        ]
      },
      "ResponseBody": "{\r\n  \"id\": \"/subscriptions/964c10bb-8a6c-43bc-83d3-6b318c6c7305/resourceGroups/hdi8776/providers/Microsoft.HDInsight/clusters/hdisdk-datalake5\",\r\n  \"name\": \"hdisdk-datalake5\",\r\n  \"type\": \"Microsoft.HDInsight/clusters\",\r\n  \"location\": \"East US\",\r\n  \"etag\": \"f9917e41-b4d2-4556-9e8b-6989eaa7b1ce\",\r\n  \"tags\": null,\r\n  \"properties\": {\r\n    \"clusterVersion\": \"3.2.7.1234\",\r\n    \"osType\": \"Windows\",\r\n    \"clusterDefinition\": {\r\n      \"kind\": \"Hadoop\"\r\n    },\r\n    \"computeProfile\": {\r\n      \"roles\": [\r\n        {\r\n          \"name\": \"HeadNode\",\r\n          \"targetInstanceCount\": 2,\r\n          \"hardwareProfile\": {\r\n            \"vmSize\": \"Standard_D3\"\r\n          }\r\n        },\r\n        {\r\n          \"name\": \"workernode\",\r\n          \"targetInstanceCount\": 3,\r\n          \"hardwareProfile\": {\r\n            \"vmSize\": \"Large\"\r\n          }\r\n        }\r\n      ]\r\n    },\r\n    \"provisioningState\": \"InProgress\",\r\n    \"clusterState\": \"ClusterStorageProvisioned\",\r\n    \"createdDate\": \"2017-03-30T20:38:06.74\",\r\n    \"quotaInfo\": {\r\n      \"coresUsed\": 20\r\n    },\r\n    \"connectivityEndpoints\": [\r\n      {\r\n        \"name\": \"HTTPS\",\r\n        \"protocol\": \"TCP\",\r\n        \"location\": \"hdisdk-datalake5.azurehdinsight.net\",\r\n        \"port\": 443\r\n      }\r\n    ],\r\n    \"tier\": \"standard\"\r\n  }\r\n}",
      "ResponseHeaders": {
        "Content-Length": [
          "865"
        ],
        "Content-Type": [
          "application/json; charset=utf-8"
        ],
        "Expires": [
          "-1"
        ],
        "Pragma": [
          "no-cache"
        ],
        "x-ms-request-id": [
          "af86d4b4-b2c9-49a3-90d4-84e2c4619084"
        ],
        "x-ms-hdi-served-by": [
          "global"
        ],
        "x-ms-ratelimit-remaining-subscription-reads": [
          "14791"
        ],
        "x-ms-correlation-request-id": [
          "04c9e36b-b028-4c81-a93b-4759087fa6ad"
        ],
        "x-ms-routing-request-id": [
          "WESTUS2:20170330T204308Z:04c9e36b-b028-4c81-a93b-4759087fa6ad"
        ],
        "Strict-Transport-Security": [
          "max-age=31536000; includeSubDomains"
        ],
        "Cache-Control": [
          "no-cache"
        ],
        "Date": [
          "Thu, 30 Mar 2017 20:43:07 GMT"
        ],
        "Server": [
          "Microsoft-IIS/8.5"
        ],
        "X-Powered-By": [
          "ASP.NET"
        ]
      },
      "StatusCode": 200
    },
    {
      "RequestUri": "/subscriptions/964c10bb-8a6c-43bc-83d3-6b318c6c7305/resourceGroups/hdi8776/providers/Microsoft.HDInsight/clusters/hdisdk-datalake5?api-version=2015-03-01-preview",
      "EncodedRequestUri": "L3N1YnNjcmlwdGlvbnMvOTY0YzEwYmItOGE2Yy00M2JjLTgzZDMtNmIzMThjNmM3MzA1L3Jlc291cmNlR3JvdXBzL2hkaTg3NzYvcHJvdmlkZXJzL01pY3Jvc29mdC5IREluc2lnaHQvY2x1c3RlcnMvaGRpc2RrLWRhdGFsYWtlNT9hcGktdmVyc2lvbj0yMDE1LTAzLTAxLXByZXZpZXc=",
      "RequestMethod": "GET",
      "RequestBody": "",
      "RequestHeaders": {
        "User-Agent": [
          "ARM",
          "SDK",
          "v2.0.3"
        ]
      },
      "ResponseBody": "{\r\n  \"id\": \"/subscriptions/964c10bb-8a6c-43bc-83d3-6b318c6c7305/resourceGroups/hdi8776/providers/Microsoft.HDInsight/clusters/hdisdk-datalake5\",\r\n  \"name\": \"hdisdk-datalake5\",\r\n  \"type\": \"Microsoft.HDInsight/clusters\",\r\n  \"location\": \"East US\",\r\n  \"etag\": \"f9917e41-b4d2-4556-9e8b-6989eaa7b1ce\",\r\n  \"tags\": null,\r\n  \"properties\": {\r\n    \"clusterVersion\": \"3.2.7.1234\",\r\n    \"osType\": \"Windows\",\r\n    \"clusterDefinition\": {\r\n      \"kind\": \"Hadoop\"\r\n    },\r\n    \"computeProfile\": {\r\n      \"roles\": [\r\n        {\r\n          \"name\": \"HeadNode\",\r\n          \"targetInstanceCount\": 2,\r\n          \"hardwareProfile\": {\r\n            \"vmSize\": \"Standard_D3\"\r\n          }\r\n        },\r\n        {\r\n          \"name\": \"workernode\",\r\n          \"targetInstanceCount\": 3,\r\n          \"hardwareProfile\": {\r\n            \"vmSize\": \"Large\"\r\n          }\r\n        }\r\n      ]\r\n    },\r\n    \"provisioningState\": \"InProgress\",\r\n    \"clusterState\": \"AzureVMConfiguration\",\r\n    \"createdDate\": \"2017-03-30T20:38:06.74\",\r\n    \"quotaInfo\": {\r\n      \"coresUsed\": 20\r\n    },\r\n    \"connectivityEndpoints\": [\r\n      {\r\n        \"name\": \"HTTPS\",\r\n        \"protocol\": \"TCP\",\r\n        \"location\": \"hdisdk-datalake5.azurehdinsight.net\",\r\n        \"port\": 443\r\n      }\r\n    ],\r\n    \"tier\": \"standard\"\r\n  }\r\n}",
      "ResponseHeaders": {
        "Content-Length": [
          "860"
        ],
        "Content-Type": [
          "application/json; charset=utf-8"
        ],
        "Expires": [
          "-1"
        ],
        "Pragma": [
          "no-cache"
        ],
        "x-ms-request-id": [
          "9119868a-720c-41c4-bbe0-55366001bb49"
        ],
        "x-ms-hdi-served-by": [
          "global"
        ],
        "x-ms-ratelimit-remaining-subscription-reads": [
          "14787"
        ],
        "x-ms-correlation-request-id": [
          "f5187580-38b3-4f62-aaac-5539d5dab04d"
        ],
        "x-ms-routing-request-id": [
          "WESTUS2:20170330T204408Z:f5187580-38b3-4f62-aaac-5539d5dab04d"
        ],
        "Strict-Transport-Security": [
          "max-age=31536000; includeSubDomains"
        ],
        "Cache-Control": [
          "no-cache"
        ],
        "Date": [
          "Thu, 30 Mar 2017 20:44:07 GMT"
        ],
        "Server": [
          "Microsoft-IIS/8.5"
        ],
        "X-Powered-By": [
          "ASP.NET"
        ]
      },
      "StatusCode": 200
    },
    {
      "RequestUri": "/subscriptions/964c10bb-8a6c-43bc-83d3-6b318c6c7305/resourceGroups/hdi8776/providers/Microsoft.HDInsight/clusters/hdisdk-datalake5?api-version=2015-03-01-preview",
      "EncodedRequestUri": "L3N1YnNjcmlwdGlvbnMvOTY0YzEwYmItOGE2Yy00M2JjLTgzZDMtNmIzMThjNmM3MzA1L3Jlc291cmNlR3JvdXBzL2hkaTg3NzYvcHJvdmlkZXJzL01pY3Jvc29mdC5IREluc2lnaHQvY2x1c3RlcnMvaGRpc2RrLWRhdGFsYWtlNT9hcGktdmVyc2lvbj0yMDE1LTAzLTAxLXByZXZpZXc=",
      "RequestMethod": "GET",
      "RequestBody": "",
      "RequestHeaders": {
        "User-Agent": [
          "ARM",
          "SDK",
          "v2.0.3"
        ]
      },
      "ResponseBody": "{\r\n  \"id\": \"/subscriptions/964c10bb-8a6c-43bc-83d3-6b318c6c7305/resourceGroups/hdi8776/providers/Microsoft.HDInsight/clusters/hdisdk-datalake5\",\r\n  \"name\": \"hdisdk-datalake5\",\r\n  \"type\": \"Microsoft.HDInsight/clusters\",\r\n  \"location\": \"East US\",\r\n  \"etag\": \"f9917e41-b4d2-4556-9e8b-6989eaa7b1ce\",\r\n  \"tags\": null,\r\n  \"properties\": {\r\n    \"clusterVersion\": \"3.2.7.1234\",\r\n    \"osType\": \"Windows\",\r\n    \"clusterDefinition\": {\r\n      \"kind\": \"Hadoop\"\r\n    },\r\n    \"computeProfile\": {\r\n      \"roles\": [\r\n        {\r\n          \"name\": \"HeadNode\",\r\n          \"targetInstanceCount\": 2,\r\n          \"hardwareProfile\": {\r\n            \"vmSize\": \"Standard_D3\"\r\n          }\r\n        },\r\n        {\r\n          \"name\": \"workernode\",\r\n          \"targetInstanceCount\": 3,\r\n          \"hardwareProfile\": {\r\n            \"vmSize\": \"Large\"\r\n          }\r\n        }\r\n      ]\r\n    },\r\n    \"provisioningState\": \"InProgress\",\r\n    \"clusterState\": \"AzureVMConfiguration\",\r\n    \"createdDate\": \"2017-03-30T20:38:06.74\",\r\n    \"quotaInfo\": {\r\n      \"coresUsed\": 20\r\n    },\r\n    \"connectivityEndpoints\": [\r\n      {\r\n        \"name\": \"HTTPS\",\r\n        \"protocol\": \"TCP\",\r\n        \"location\": \"hdisdk-datalake5.azurehdinsight.net\",\r\n        \"port\": 443\r\n      }\r\n    ],\r\n    \"tier\": \"standard\"\r\n  }\r\n}",
      "ResponseHeaders": {
        "Content-Length": [
          "860"
        ],
        "Content-Type": [
          "application/json; charset=utf-8"
        ],
        "Expires": [
          "-1"
        ],
        "Pragma": [
          "no-cache"
        ],
        "x-ms-request-id": [
          "95301ece-dc84-40de-83d6-278397d4143b"
        ],
        "x-ms-hdi-served-by": [
          "global"
        ],
        "x-ms-ratelimit-remaining-subscription-reads": [
          "14805"
        ],
        "x-ms-correlation-request-id": [
          "fcff0b78-c16a-4d7a-bc61-9d7db6448eeb"
        ],
        "x-ms-routing-request-id": [
          "WESTUS2:20170330T204508Z:fcff0b78-c16a-4d7a-bc61-9d7db6448eeb"
        ],
        "Strict-Transport-Security": [
          "max-age=31536000; includeSubDomains"
        ],
        "Cache-Control": [
          "no-cache"
        ],
        "Date": [
          "Thu, 30 Mar 2017 20:45:07 GMT"
        ],
        "Server": [
          "Microsoft-IIS/8.5"
        ],
        "X-Powered-By": [
          "ASP.NET"
        ]
      },
      "StatusCode": 200
    },
    {
      "RequestUri": "/subscriptions/964c10bb-8a6c-43bc-83d3-6b318c6c7305/resourceGroups/hdi8776/providers/Microsoft.HDInsight/clusters/hdisdk-datalake5?api-version=2015-03-01-preview",
      "EncodedRequestUri": "L3N1YnNjcmlwdGlvbnMvOTY0YzEwYmItOGE2Yy00M2JjLTgzZDMtNmIzMThjNmM3MzA1L3Jlc291cmNlR3JvdXBzL2hkaTg3NzYvcHJvdmlkZXJzL01pY3Jvc29mdC5IREluc2lnaHQvY2x1c3RlcnMvaGRpc2RrLWRhdGFsYWtlNT9hcGktdmVyc2lvbj0yMDE1LTAzLTAxLXByZXZpZXc=",
      "RequestMethod": "GET",
      "RequestBody": "",
      "RequestHeaders": {
        "User-Agent": [
          "ARM",
          "SDK",
          "v2.0.3"
        ]
      },
      "ResponseBody": "{\r\n  \"id\": \"/subscriptions/964c10bb-8a6c-43bc-83d3-6b318c6c7305/resourceGroups/hdi8776/providers/Microsoft.HDInsight/clusters/hdisdk-datalake5\",\r\n  \"name\": \"hdisdk-datalake5\",\r\n  \"type\": \"Microsoft.HDInsight/clusters\",\r\n  \"location\": \"East US\",\r\n  \"etag\": \"f9917e41-b4d2-4556-9e8b-6989eaa7b1ce\",\r\n  \"tags\": null,\r\n  \"properties\": {\r\n    \"clusterVersion\": \"3.2.7.1234\",\r\n    \"osType\": \"Windows\",\r\n    \"clusterDefinition\": {\r\n      \"kind\": \"Hadoop\"\r\n    },\r\n    \"computeProfile\": {\r\n      \"roles\": [\r\n        {\r\n          \"name\": \"HeadNode\",\r\n          \"targetInstanceCount\": 2,\r\n          \"hardwareProfile\": {\r\n            \"vmSize\": \"Standard_D3\"\r\n          }\r\n        },\r\n        {\r\n          \"name\": \"workernode\",\r\n          \"targetInstanceCount\": 3,\r\n          \"hardwareProfile\": {\r\n            \"vmSize\": \"Large\"\r\n          }\r\n        }\r\n      ]\r\n    },\r\n    \"provisioningState\": \"InProgress\",\r\n    \"clusterState\": \"AzureVMConfiguration\",\r\n    \"createdDate\": \"2017-03-30T20:38:06.74\",\r\n    \"quotaInfo\": {\r\n      \"coresUsed\": 20\r\n    },\r\n    \"connectivityEndpoints\": [\r\n      {\r\n        \"name\": \"HTTPS\",\r\n        \"protocol\": \"TCP\",\r\n        \"location\": \"hdisdk-datalake5.azurehdinsight.net\",\r\n        \"port\": 443\r\n      }\r\n    ],\r\n    \"tier\": \"standard\"\r\n  }\r\n}",
      "ResponseHeaders": {
        "Content-Length": [
          "860"
        ],
        "Content-Type": [
          "application/json; charset=utf-8"
        ],
        "Expires": [
          "-1"
        ],
        "Pragma": [
          "no-cache"
        ],
        "x-ms-request-id": [
          "37ad4557-96a2-41b1-9b78-c01e205a6cc9"
        ],
        "x-ms-hdi-served-by": [
          "global"
        ],
        "x-ms-ratelimit-remaining-subscription-reads": [
          "14800"
        ],
        "x-ms-correlation-request-id": [
          "03837ae9-d550-456b-9f53-ee8dc34672a3"
        ],
        "x-ms-routing-request-id": [
          "WESTUS2:20170330T204608Z:03837ae9-d550-456b-9f53-ee8dc34672a3"
        ],
        "Strict-Transport-Security": [
          "max-age=31536000; includeSubDomains"
        ],
        "Cache-Control": [
          "no-cache"
        ],
        "Date": [
          "Thu, 30 Mar 2017 20:46:07 GMT"
        ],
        "Server": [
          "Microsoft-IIS/8.5"
        ],
        "X-Powered-By": [
          "ASP.NET"
        ]
      },
      "StatusCode": 200
    },
    {
      "RequestUri": "/subscriptions/964c10bb-8a6c-43bc-83d3-6b318c6c7305/resourceGroups/hdi8776/providers/Microsoft.HDInsight/clusters/hdisdk-datalake5?api-version=2015-03-01-preview",
      "EncodedRequestUri": "L3N1YnNjcmlwdGlvbnMvOTY0YzEwYmItOGE2Yy00M2JjLTgzZDMtNmIzMThjNmM3MzA1L3Jlc291cmNlR3JvdXBzL2hkaTg3NzYvcHJvdmlkZXJzL01pY3Jvc29mdC5IREluc2lnaHQvY2x1c3RlcnMvaGRpc2RrLWRhdGFsYWtlNT9hcGktdmVyc2lvbj0yMDE1LTAzLTAxLXByZXZpZXc=",
      "RequestMethod": "GET",
      "RequestBody": "",
      "RequestHeaders": {
        "User-Agent": [
          "ARM",
          "SDK",
          "v2.0.3"
        ]
      },
      "ResponseBody": "{\r\n  \"id\": \"/subscriptions/964c10bb-8a6c-43bc-83d3-6b318c6c7305/resourceGroups/hdi8776/providers/Microsoft.HDInsight/clusters/hdisdk-datalake5\",\r\n  \"name\": \"hdisdk-datalake5\",\r\n  \"type\": \"Microsoft.HDInsight/clusters\",\r\n  \"location\": \"East US\",\r\n  \"etag\": \"f9917e41-b4d2-4556-9e8b-6989eaa7b1ce\",\r\n  \"tags\": null,\r\n  \"properties\": {\r\n    \"clusterVersion\": \"3.2.7.1234\",\r\n    \"osType\": \"Windows\",\r\n    \"clusterDefinition\": {\r\n      \"kind\": \"Hadoop\"\r\n    },\r\n    \"computeProfile\": {\r\n      \"roles\": [\r\n        {\r\n          \"name\": \"HeadNode\",\r\n          \"targetInstanceCount\": 2,\r\n          \"hardwareProfile\": {\r\n            \"vmSize\": \"Standard_D3\"\r\n          }\r\n        },\r\n        {\r\n          \"name\": \"workernode\",\r\n          \"targetInstanceCount\": 3,\r\n          \"hardwareProfile\": {\r\n            \"vmSize\": \"Large\"\r\n          }\r\n        }\r\n      ]\r\n    },\r\n    \"provisioningState\": \"InProgress\",\r\n    \"clusterState\": \"AzureVMConfiguration\",\r\n    \"createdDate\": \"2017-03-30T20:38:06.74\",\r\n    \"quotaInfo\": {\r\n      \"coresUsed\": 20\r\n    },\r\n    \"connectivityEndpoints\": [\r\n      {\r\n        \"name\": \"HTTPS\",\r\n        \"protocol\": \"TCP\",\r\n        \"location\": \"hdisdk-datalake5.azurehdinsight.net\",\r\n        \"port\": 443\r\n      }\r\n    ],\r\n    \"tier\": \"standard\"\r\n  }\r\n}",
      "ResponseHeaders": {
        "Content-Length": [
          "860"
        ],
        "Content-Type": [
          "application/json; charset=utf-8"
        ],
        "Expires": [
          "-1"
        ],
        "Pragma": [
          "no-cache"
        ],
        "x-ms-request-id": [
          "f5a0236d-1e94-4b8e-b25d-e1c4e828cf1d"
        ],
        "x-ms-hdi-served-by": [
          "global"
        ],
        "x-ms-ratelimit-remaining-subscription-reads": [
          "14796"
        ],
        "x-ms-correlation-request-id": [
          "6d689f46-3a9e-4566-9acc-5a781672b8ff"
        ],
        "x-ms-routing-request-id": [
          "WESTUS2:20170330T204709Z:6d689f46-3a9e-4566-9acc-5a781672b8ff"
        ],
        "Strict-Transport-Security": [
          "max-age=31536000; includeSubDomains"
        ],
        "Cache-Control": [
          "no-cache"
        ],
        "Date": [
          "Thu, 30 Mar 2017 20:47:08 GMT"
        ],
        "Server": [
          "Microsoft-IIS/8.5"
        ],
        "X-Powered-By": [
          "ASP.NET"
        ]
      },
      "StatusCode": 200
    },
    {
      "RequestUri": "/subscriptions/964c10bb-8a6c-43bc-83d3-6b318c6c7305/resourceGroups/hdi8776/providers/Microsoft.HDInsight/clusters/hdisdk-datalake5?api-version=2015-03-01-preview",
      "EncodedRequestUri": "L3N1YnNjcmlwdGlvbnMvOTY0YzEwYmItOGE2Yy00M2JjLTgzZDMtNmIzMThjNmM3MzA1L3Jlc291cmNlR3JvdXBzL2hkaTg3NzYvcHJvdmlkZXJzL01pY3Jvc29mdC5IREluc2lnaHQvY2x1c3RlcnMvaGRpc2RrLWRhdGFsYWtlNT9hcGktdmVyc2lvbj0yMDE1LTAzLTAxLXByZXZpZXc=",
      "RequestMethod": "GET",
      "RequestBody": "",
      "RequestHeaders": {
        "User-Agent": [
          "ARM",
          "SDK",
          "v2.0.3"
        ]
      },
      "ResponseBody": "{\r\n  \"id\": \"/subscriptions/964c10bb-8a6c-43bc-83d3-6b318c6c7305/resourceGroups/hdi8776/providers/Microsoft.HDInsight/clusters/hdisdk-datalake5\",\r\n  \"name\": \"hdisdk-datalake5\",\r\n  \"type\": \"Microsoft.HDInsight/clusters\",\r\n  \"location\": \"East US\",\r\n  \"etag\": \"f9917e41-b4d2-4556-9e8b-6989eaa7b1ce\",\r\n  \"tags\": null,\r\n  \"properties\": {\r\n    \"clusterVersion\": \"3.2.7.1234\",\r\n    \"osType\": \"Windows\",\r\n    \"clusterDefinition\": {\r\n      \"kind\": \"Hadoop\"\r\n    },\r\n    \"computeProfile\": {\r\n      \"roles\": [\r\n        {\r\n          \"name\": \"HeadNode\",\r\n          \"targetInstanceCount\": 2,\r\n          \"hardwareProfile\": {\r\n            \"vmSize\": \"Standard_D3\"\r\n          }\r\n        },\r\n        {\r\n          \"name\": \"workernode\",\r\n          \"targetInstanceCount\": 3,\r\n          \"hardwareProfile\": {\r\n            \"vmSize\": \"Large\"\r\n          }\r\n        }\r\n      ]\r\n    },\r\n    \"provisioningState\": \"InProgress\",\r\n    \"clusterState\": \"AzureVMConfiguration\",\r\n    \"createdDate\": \"2017-03-30T20:38:06.74\",\r\n    \"quotaInfo\": {\r\n      \"coresUsed\": 20\r\n    },\r\n    \"connectivityEndpoints\": [\r\n      {\r\n        \"name\": \"HTTPS\",\r\n        \"protocol\": \"TCP\",\r\n        \"location\": \"hdisdk-datalake5.azurehdinsight.net\",\r\n        \"port\": 443\r\n      }\r\n    ],\r\n    \"tier\": \"standard\"\r\n  }\r\n}",
      "ResponseHeaders": {
        "Content-Length": [
          "860"
        ],
        "Content-Type": [
          "application/json; charset=utf-8"
        ],
        "Expires": [
          "-1"
        ],
        "Pragma": [
          "no-cache"
        ],
        "x-ms-request-id": [
          "3665b381-fdfe-46c3-ba51-930584371be7"
        ],
        "x-ms-hdi-served-by": [
          "global"
        ],
        "x-ms-ratelimit-remaining-subscription-reads": [
          "14793"
        ],
        "x-ms-correlation-request-id": [
          "d51e4891-655b-4184-87f4-78a63091aca2"
        ],
        "x-ms-routing-request-id": [
          "WESTUS2:20170330T204809Z:d51e4891-655b-4184-87f4-78a63091aca2"
        ],
        "Strict-Transport-Security": [
          "max-age=31536000; includeSubDomains"
        ],
        "Cache-Control": [
          "no-cache"
        ],
        "Date": [
          "Thu, 30 Mar 2017 20:48:08 GMT"
        ],
        "Server": [
          "Microsoft-IIS/8.5"
        ],
        "X-Powered-By": [
          "ASP.NET"
        ]
      },
      "StatusCode": 200
    },
    {
      "RequestUri": "/subscriptions/964c10bb-8a6c-43bc-83d3-6b318c6c7305/resourceGroups/hdi8776/providers/Microsoft.HDInsight/clusters/hdisdk-datalake5?api-version=2015-03-01-preview",
      "EncodedRequestUri": "L3N1YnNjcmlwdGlvbnMvOTY0YzEwYmItOGE2Yy00M2JjLTgzZDMtNmIzMThjNmM3MzA1L3Jlc291cmNlR3JvdXBzL2hkaTg3NzYvcHJvdmlkZXJzL01pY3Jvc29mdC5IREluc2lnaHQvY2x1c3RlcnMvaGRpc2RrLWRhdGFsYWtlNT9hcGktdmVyc2lvbj0yMDE1LTAzLTAxLXByZXZpZXc=",
      "RequestMethod": "GET",
      "RequestBody": "",
      "RequestHeaders": {
        "User-Agent": [
          "ARM",
          "SDK",
          "v2.0.3"
        ]
      },
      "ResponseBody": "{\r\n  \"id\": \"/subscriptions/964c10bb-8a6c-43bc-83d3-6b318c6c7305/resourceGroups/hdi8776/providers/Microsoft.HDInsight/clusters/hdisdk-datalake5\",\r\n  \"name\": \"hdisdk-datalake5\",\r\n  \"type\": \"Microsoft.HDInsight/clusters\",\r\n  \"location\": \"East US\",\r\n  \"etag\": \"f9917e41-b4d2-4556-9e8b-6989eaa7b1ce\",\r\n  \"tags\": null,\r\n  \"properties\": {\r\n    \"clusterVersion\": \"3.2.7.1234\",\r\n    \"osType\": \"Windows\",\r\n    \"clusterDefinition\": {\r\n      \"kind\": \"Hadoop\"\r\n    },\r\n    \"computeProfile\": {\r\n      \"roles\": [\r\n        {\r\n          \"name\": \"HeadNode\",\r\n          \"targetInstanceCount\": 2,\r\n          \"hardwareProfile\": {\r\n            \"vmSize\": \"Standard_D3\"\r\n          }\r\n        },\r\n        {\r\n          \"name\": \"workernode\",\r\n          \"targetInstanceCount\": 3,\r\n          \"hardwareProfile\": {\r\n            \"vmSize\": \"Large\"\r\n          }\r\n        }\r\n      ]\r\n    },\r\n    \"provisioningState\": \"InProgress\",\r\n    \"clusterState\": \"AzureVMConfiguration\",\r\n    \"createdDate\": \"2017-03-30T20:38:06.74\",\r\n    \"quotaInfo\": {\r\n      \"coresUsed\": 20\r\n    },\r\n    \"connectivityEndpoints\": [\r\n      {\r\n        \"name\": \"HTTPS\",\r\n        \"protocol\": \"TCP\",\r\n        \"location\": \"hdisdk-datalake5.azurehdinsight.net\",\r\n        \"port\": 443\r\n      }\r\n    ],\r\n    \"tier\": \"standard\"\r\n  }\r\n}",
      "ResponseHeaders": {
        "Content-Length": [
          "860"
        ],
        "Content-Type": [
          "application/json; charset=utf-8"
        ],
        "Expires": [
          "-1"
        ],
        "Pragma": [
          "no-cache"
        ],
        "x-ms-request-id": [
          "a9fd2de9-9248-49cc-8bf5-459198a928ed"
        ],
        "x-ms-hdi-served-by": [
          "global"
        ],
        "x-ms-ratelimit-remaining-subscription-reads": [
          "14788"
        ],
        "x-ms-correlation-request-id": [
          "e15a4231-26d1-47dc-87ca-83732e6412bd"
        ],
        "x-ms-routing-request-id": [
          "WESTUS2:20170330T204909Z:e15a4231-26d1-47dc-87ca-83732e6412bd"
        ],
        "Strict-Transport-Security": [
          "max-age=31536000; includeSubDomains"
        ],
        "Cache-Control": [
          "no-cache"
        ],
        "Date": [
          "Thu, 30 Mar 2017 20:49:09 GMT"
        ],
        "Server": [
          "Microsoft-IIS/8.5"
        ],
        "X-Powered-By": [
          "ASP.NET"
        ]
      },
      "StatusCode": 200
    },
    {
      "RequestUri": "/subscriptions/964c10bb-8a6c-43bc-83d3-6b318c6c7305/resourceGroups/hdi8776/providers/Microsoft.HDInsight/clusters/hdisdk-datalake5?api-version=2015-03-01-preview",
      "EncodedRequestUri": "L3N1YnNjcmlwdGlvbnMvOTY0YzEwYmItOGE2Yy00M2JjLTgzZDMtNmIzMThjNmM3MzA1L3Jlc291cmNlR3JvdXBzL2hkaTg3NzYvcHJvdmlkZXJzL01pY3Jvc29mdC5IREluc2lnaHQvY2x1c3RlcnMvaGRpc2RrLWRhdGFsYWtlNT9hcGktdmVyc2lvbj0yMDE1LTAzLTAxLXByZXZpZXc=",
      "RequestMethod": "GET",
      "RequestBody": "",
      "RequestHeaders": {
        "User-Agent": [
          "ARM",
          "SDK",
          "v2.0.3"
        ]
      },
      "ResponseBody": "{\r\n  \"id\": \"/subscriptions/964c10bb-8a6c-43bc-83d3-6b318c6c7305/resourceGroups/hdi8776/providers/Microsoft.HDInsight/clusters/hdisdk-datalake5\",\r\n  \"name\": \"hdisdk-datalake5\",\r\n  \"type\": \"Microsoft.HDInsight/clusters\",\r\n  \"location\": \"East US\",\r\n  \"etag\": \"f9917e41-b4d2-4556-9e8b-6989eaa7b1ce\",\r\n  \"tags\": null,\r\n  \"properties\": {\r\n    \"clusterVersion\": \"3.2.7.1234\",\r\n    \"osType\": \"Windows\",\r\n    \"clusterDefinition\": {\r\n      \"kind\": \"Hadoop\"\r\n    },\r\n    \"computeProfile\": {\r\n      \"roles\": [\r\n        {\r\n          \"name\": \"HeadNode\",\r\n          \"targetInstanceCount\": 2,\r\n          \"hardwareProfile\": {\r\n            \"vmSize\": \"Standard_D3\"\r\n          }\r\n        },\r\n        {\r\n          \"name\": \"workernode\",\r\n          \"targetInstanceCount\": 3,\r\n          \"hardwareProfile\": {\r\n            \"vmSize\": \"Large\"\r\n          }\r\n        }\r\n      ]\r\n    },\r\n    \"provisioningState\": \"InProgress\",\r\n    \"clusterState\": \"AzureVMConfiguration\",\r\n    \"createdDate\": \"2017-03-30T20:38:06.74\",\r\n    \"quotaInfo\": {\r\n      \"coresUsed\": 20\r\n    },\r\n    \"connectivityEndpoints\": [\r\n      {\r\n        \"name\": \"HTTPS\",\r\n        \"protocol\": \"TCP\",\r\n        \"location\": \"hdisdk-datalake5.azurehdinsight.net\",\r\n        \"port\": 443\r\n      }\r\n    ],\r\n    \"tier\": \"standard\"\r\n  }\r\n}",
      "ResponseHeaders": {
        "Content-Length": [
          "860"
        ],
        "Content-Type": [
          "application/json; charset=utf-8"
        ],
        "Expires": [
          "-1"
        ],
        "Pragma": [
          "no-cache"
        ],
        "x-ms-request-id": [
          "665e49b1-0bfc-4db5-9dd0-bfd12b36cf61"
        ],
        "x-ms-hdi-served-by": [
          "global"
        ],
        "x-ms-ratelimit-remaining-subscription-reads": [
          "14823"
        ],
        "x-ms-correlation-request-id": [
          "030a0ad7-b463-4ece-a254-d7ce593cf4c8"
        ],
        "x-ms-routing-request-id": [
          "WESTUS2:20170330T205010Z:030a0ad7-b463-4ece-a254-d7ce593cf4c8"
        ],
        "Strict-Transport-Security": [
          "max-age=31536000; includeSubDomains"
        ],
        "Cache-Control": [
          "no-cache"
        ],
        "Date": [
          "Thu, 30 Mar 2017 20:50:10 GMT"
        ],
        "Server": [
          "Microsoft-IIS/8.5"
        ],
        "X-Powered-By": [
          "ASP.NET"
        ]
      },
      "StatusCode": 200
    },
    {
      "RequestUri": "/subscriptions/964c10bb-8a6c-43bc-83d3-6b318c6c7305/resourceGroups/hdi8776/providers/Microsoft.HDInsight/clusters/hdisdk-datalake5?api-version=2015-03-01-preview",
      "EncodedRequestUri": "L3N1YnNjcmlwdGlvbnMvOTY0YzEwYmItOGE2Yy00M2JjLTgzZDMtNmIzMThjNmM3MzA1L3Jlc291cmNlR3JvdXBzL2hkaTg3NzYvcHJvdmlkZXJzL01pY3Jvc29mdC5IREluc2lnaHQvY2x1c3RlcnMvaGRpc2RrLWRhdGFsYWtlNT9hcGktdmVyc2lvbj0yMDE1LTAzLTAxLXByZXZpZXc=",
      "RequestMethod": "GET",
      "RequestBody": "",
      "RequestHeaders": {
        "User-Agent": [
          "ARM",
          "SDK",
          "v2.0.3"
        ]
      },
      "ResponseBody": "{\r\n  \"id\": \"/subscriptions/964c10bb-8a6c-43bc-83d3-6b318c6c7305/resourceGroups/hdi8776/providers/Microsoft.HDInsight/clusters/hdisdk-datalake5\",\r\n  \"name\": \"hdisdk-datalake5\",\r\n  \"type\": \"Microsoft.HDInsight/clusters\",\r\n  \"location\": \"East US\",\r\n  \"etag\": \"f9917e41-b4d2-4556-9e8b-6989eaa7b1ce\",\r\n  \"tags\": null,\r\n  \"properties\": {\r\n    \"clusterVersion\": \"3.2.7.1234\",\r\n    \"osType\": \"Windows\",\r\n    \"clusterDefinition\": {\r\n      \"kind\": \"Hadoop\"\r\n    },\r\n    \"computeProfile\": {\r\n      \"roles\": [\r\n        {\r\n          \"name\": \"HeadNode\",\r\n          \"targetInstanceCount\": 2,\r\n          \"hardwareProfile\": {\r\n            \"vmSize\": \"Standard_D3\"\r\n          }\r\n        },\r\n        {\r\n          \"name\": \"workernode\",\r\n          \"targetInstanceCount\": 3,\r\n          \"hardwareProfile\": {\r\n            \"vmSize\": \"Large\"\r\n          }\r\n        }\r\n      ]\r\n    },\r\n    \"provisioningState\": \"InProgress\",\r\n    \"clusterState\": \"AzureVMConfiguration\",\r\n    \"createdDate\": \"2017-03-30T20:38:06.74\",\r\n    \"quotaInfo\": {\r\n      \"coresUsed\": 20\r\n    },\r\n    \"connectivityEndpoints\": [\r\n      {\r\n        \"name\": \"HTTPS\",\r\n        \"protocol\": \"TCP\",\r\n        \"location\": \"hdisdk-datalake5.azurehdinsight.net\",\r\n        \"port\": 443\r\n      }\r\n    ],\r\n    \"tier\": \"standard\"\r\n  }\r\n}",
      "ResponseHeaders": {
        "Content-Length": [
          "860"
        ],
        "Content-Type": [
          "application/json; charset=utf-8"
        ],
        "Expires": [
          "-1"
        ],
        "Pragma": [
          "no-cache"
        ],
        "x-ms-request-id": [
          "f5067c77-749c-44e3-ac6e-f07111d39daa"
        ],
        "x-ms-hdi-served-by": [
          "global"
        ],
        "x-ms-ratelimit-remaining-subscription-reads": [
          "14817"
        ],
        "x-ms-correlation-request-id": [
          "6a0e889a-d2be-4afb-9a65-654cbc1583d7"
        ],
        "x-ms-routing-request-id": [
          "WESTUS2:20170330T205110Z:6a0e889a-d2be-4afb-9a65-654cbc1583d7"
        ],
        "Strict-Transport-Security": [
          "max-age=31536000; includeSubDomains"
        ],
        "Cache-Control": [
          "no-cache"
        ],
        "Date": [
          "Thu, 30 Mar 2017 20:51:09 GMT"
        ],
        "Server": [
          "Microsoft-IIS/8.5"
        ],
        "X-Powered-By": [
          "ASP.NET"
        ]
      },
      "StatusCode": 200
    },
    {
      "RequestUri": "/subscriptions/964c10bb-8a6c-43bc-83d3-6b318c6c7305/resourceGroups/hdi8776/providers/Microsoft.HDInsight/clusters/hdisdk-datalake5?api-version=2015-03-01-preview",
      "EncodedRequestUri": "L3N1YnNjcmlwdGlvbnMvOTY0YzEwYmItOGE2Yy00M2JjLTgzZDMtNmIzMThjNmM3MzA1L3Jlc291cmNlR3JvdXBzL2hkaTg3NzYvcHJvdmlkZXJzL01pY3Jvc29mdC5IREluc2lnaHQvY2x1c3RlcnMvaGRpc2RrLWRhdGFsYWtlNT9hcGktdmVyc2lvbj0yMDE1LTAzLTAxLXByZXZpZXc=",
      "RequestMethod": "GET",
      "RequestBody": "",
      "RequestHeaders": {
        "User-Agent": [
          "ARM",
          "SDK",
          "v2.0.3"
        ]
      },
      "ResponseBody": "{\r\n  \"id\": \"/subscriptions/964c10bb-8a6c-43bc-83d3-6b318c6c7305/resourceGroups/hdi8776/providers/Microsoft.HDInsight/clusters/hdisdk-datalake5\",\r\n  \"name\": \"hdisdk-datalake5\",\r\n  \"type\": \"Microsoft.HDInsight/clusters\",\r\n  \"location\": \"East US\",\r\n  \"etag\": \"f9917e41-b4d2-4556-9e8b-6989eaa7b1ce\",\r\n  \"tags\": null,\r\n  \"properties\": {\r\n    \"clusterVersion\": \"3.2.7.1234\",\r\n    \"osType\": \"Windows\",\r\n    \"clusterDefinition\": {\r\n      \"kind\": \"Hadoop\"\r\n    },\r\n    \"computeProfile\": {\r\n      \"roles\": [\r\n        {\r\n          \"name\": \"HeadNode\",\r\n          \"targetInstanceCount\": 2,\r\n          \"hardwareProfile\": {\r\n            \"vmSize\": \"Standard_D3\"\r\n          }\r\n        },\r\n        {\r\n          \"name\": \"workernode\",\r\n          \"targetInstanceCount\": 3,\r\n          \"hardwareProfile\": {\r\n            \"vmSize\": \"Large\"\r\n          }\r\n        }\r\n      ]\r\n    },\r\n    \"provisioningState\": \"InProgress\",\r\n    \"clusterState\": \"AzureVMConfiguration\",\r\n    \"createdDate\": \"2017-03-30T20:38:06.74\",\r\n    \"quotaInfo\": {\r\n      \"coresUsed\": 20\r\n    },\r\n    \"connectivityEndpoints\": [\r\n      {\r\n        \"name\": \"HTTPS\",\r\n        \"protocol\": \"TCP\",\r\n        \"location\": \"hdisdk-datalake5.azurehdinsight.net\",\r\n        \"port\": 443\r\n      }\r\n    ],\r\n    \"tier\": \"standard\"\r\n  }\r\n}",
      "ResponseHeaders": {
        "Content-Length": [
          "860"
        ],
        "Content-Type": [
          "application/json; charset=utf-8"
        ],
        "Expires": [
          "-1"
        ],
        "Pragma": [
          "no-cache"
        ],
        "x-ms-request-id": [
          "d01ee1b9-ecf3-40c4-a4fd-7ab77435b43a"
        ],
        "x-ms-hdi-served-by": [
          "global"
        ],
        "x-ms-ratelimit-remaining-subscription-reads": [
          "14813"
        ],
        "x-ms-correlation-request-id": [
          "ce8f6ee8-e5b0-4af9-955e-0611745dd250"
        ],
        "x-ms-routing-request-id": [
          "WESTUS2:20170330T205210Z:ce8f6ee8-e5b0-4af9-955e-0611745dd250"
        ],
        "Strict-Transport-Security": [
          "max-age=31536000; includeSubDomains"
        ],
        "Cache-Control": [
          "no-cache"
        ],
        "Date": [
          "Thu, 30 Mar 2017 20:52:09 GMT"
        ],
        "Server": [
          "Microsoft-IIS/8.5"
        ],
        "X-Powered-By": [
          "ASP.NET"
        ]
      },
      "StatusCode": 200
    },
    {
      "RequestUri": "/subscriptions/964c10bb-8a6c-43bc-83d3-6b318c6c7305/resourceGroups/hdi8776/providers/Microsoft.HDInsight/clusters/hdisdk-datalake5?api-version=2015-03-01-preview",
      "EncodedRequestUri": "L3N1YnNjcmlwdGlvbnMvOTY0YzEwYmItOGE2Yy00M2JjLTgzZDMtNmIzMThjNmM3MzA1L3Jlc291cmNlR3JvdXBzL2hkaTg3NzYvcHJvdmlkZXJzL01pY3Jvc29mdC5IREluc2lnaHQvY2x1c3RlcnMvaGRpc2RrLWRhdGFsYWtlNT9hcGktdmVyc2lvbj0yMDE1LTAzLTAxLXByZXZpZXc=",
      "RequestMethod": "GET",
      "RequestBody": "",
      "RequestHeaders": {
        "User-Agent": [
          "ARM",
          "SDK",
          "v2.0.3"
        ]
      },
      "ResponseBody": "{\r\n  \"id\": \"/subscriptions/964c10bb-8a6c-43bc-83d3-6b318c6c7305/resourceGroups/hdi8776/providers/Microsoft.HDInsight/clusters/hdisdk-datalake5\",\r\n  \"name\": \"hdisdk-datalake5\",\r\n  \"type\": \"Microsoft.HDInsight/clusters\",\r\n  \"location\": \"East US\",\r\n  \"etag\": \"f9917e41-b4d2-4556-9e8b-6989eaa7b1ce\",\r\n  \"tags\": null,\r\n  \"properties\": {\r\n    \"clusterVersion\": \"3.2.7.1234\",\r\n    \"osType\": \"Windows\",\r\n    \"clusterDefinition\": {\r\n      \"kind\": \"Hadoop\"\r\n    },\r\n    \"computeProfile\": {\r\n      \"roles\": [\r\n        {\r\n          \"name\": \"HeadNode\",\r\n          \"targetInstanceCount\": 2,\r\n          \"hardwareProfile\": {\r\n            \"vmSize\": \"Standard_D3\"\r\n          }\r\n        },\r\n        {\r\n          \"name\": \"workernode\",\r\n          \"targetInstanceCount\": 3,\r\n          \"hardwareProfile\": {\r\n            \"vmSize\": \"Large\"\r\n          }\r\n        }\r\n      ]\r\n    },\r\n    \"provisioningState\": \"InProgress\",\r\n    \"clusterState\": \"AzureVMConfiguration\",\r\n    \"createdDate\": \"2017-03-30T20:38:06.74\",\r\n    \"quotaInfo\": {\r\n      \"coresUsed\": 20\r\n    },\r\n    \"connectivityEndpoints\": [\r\n      {\r\n        \"name\": \"HTTPS\",\r\n        \"protocol\": \"TCP\",\r\n        \"location\": \"hdisdk-datalake5.azurehdinsight.net\",\r\n        \"port\": 443\r\n      }\r\n    ],\r\n    \"tier\": \"standard\"\r\n  }\r\n}",
      "ResponseHeaders": {
        "Content-Length": [
          "860"
        ],
        "Content-Type": [
          "application/json; charset=utf-8"
        ],
        "Expires": [
          "-1"
        ],
        "Pragma": [
          "no-cache"
        ],
        "x-ms-request-id": [
          "00524262-363e-4943-a0a5-7f8f10fdc7c2"
        ],
        "x-ms-hdi-served-by": [
          "global"
        ],
        "x-ms-ratelimit-remaining-subscription-reads": [
          "14808"
        ],
        "x-ms-correlation-request-id": [
          "c5f10f35-2f33-43b4-9a4c-bdcc035d681e"
        ],
        "x-ms-routing-request-id": [
          "WESTUS2:20170330T205310Z:c5f10f35-2f33-43b4-9a4c-bdcc035d681e"
        ],
        "Strict-Transport-Security": [
          "max-age=31536000; includeSubDomains"
        ],
        "Cache-Control": [
          "no-cache"
        ],
        "Date": [
          "Thu, 30 Mar 2017 20:53:10 GMT"
        ],
        "Server": [
          "Microsoft-IIS/8.5"
        ],
        "X-Powered-By": [
          "ASP.NET"
        ]
      },
      "StatusCode": 200
    },
    {
      "RequestUri": "/subscriptions/964c10bb-8a6c-43bc-83d3-6b318c6c7305/resourceGroups/hdi8776/providers/Microsoft.HDInsight/clusters/hdisdk-datalake5?api-version=2015-03-01-preview",
      "EncodedRequestUri": "L3N1YnNjcmlwdGlvbnMvOTY0YzEwYmItOGE2Yy00M2JjLTgzZDMtNmIzMThjNmM3MzA1L3Jlc291cmNlR3JvdXBzL2hkaTg3NzYvcHJvdmlkZXJzL01pY3Jvc29mdC5IREluc2lnaHQvY2x1c3RlcnMvaGRpc2RrLWRhdGFsYWtlNT9hcGktdmVyc2lvbj0yMDE1LTAzLTAxLXByZXZpZXc=",
      "RequestMethod": "GET",
      "RequestBody": "",
      "RequestHeaders": {
        "User-Agent": [
          "ARM",
          "SDK",
          "v2.0.3"
        ]
      },
      "ResponseBody": "{\r\n  \"id\": \"/subscriptions/964c10bb-8a6c-43bc-83d3-6b318c6c7305/resourceGroups/hdi8776/providers/Microsoft.HDInsight/clusters/hdisdk-datalake5\",\r\n  \"name\": \"hdisdk-datalake5\",\r\n  \"type\": \"Microsoft.HDInsight/clusters\",\r\n  \"location\": \"East US\",\r\n  \"etag\": \"f9917e41-b4d2-4556-9e8b-6989eaa7b1ce\",\r\n  \"tags\": null,\r\n  \"properties\": {\r\n    \"clusterVersion\": \"3.2.7.1234\",\r\n    \"osType\": \"Windows\",\r\n    \"clusterDefinition\": {\r\n      \"kind\": \"Hadoop\"\r\n    },\r\n    \"computeProfile\": {\r\n      \"roles\": [\r\n        {\r\n          \"name\": \"HeadNode\",\r\n          \"targetInstanceCount\": 2,\r\n          \"hardwareProfile\": {\r\n            \"vmSize\": \"Standard_D3\"\r\n          }\r\n        },\r\n        {\r\n          \"name\": \"workernode\",\r\n          \"targetInstanceCount\": 3,\r\n          \"hardwareProfile\": {\r\n            \"vmSize\": \"Large\"\r\n          }\r\n        }\r\n      ]\r\n    },\r\n    \"provisioningState\": \"InProgress\",\r\n    \"clusterState\": \"AzureVMConfiguration\",\r\n    \"createdDate\": \"2017-03-30T20:38:06.74\",\r\n    \"quotaInfo\": {\r\n      \"coresUsed\": 20\r\n    },\r\n    \"connectivityEndpoints\": [\r\n      {\r\n        \"name\": \"HTTPS\",\r\n        \"protocol\": \"TCP\",\r\n        \"location\": \"hdisdk-datalake5.azurehdinsight.net\",\r\n        \"port\": 443\r\n      }\r\n    ],\r\n    \"tier\": \"standard\"\r\n  }\r\n}",
      "ResponseHeaders": {
        "Content-Length": [
          "860"
        ],
        "Content-Type": [
          "application/json; charset=utf-8"
        ],
        "Expires": [
          "-1"
        ],
        "Pragma": [
          "no-cache"
        ],
        "x-ms-request-id": [
          "15bd7f50-9570-466f-ba29-98310fb74cbd"
        ],
        "x-ms-hdi-served-by": [
          "global"
        ],
        "x-ms-ratelimit-remaining-subscription-reads": [
          "14803"
        ],
        "x-ms-correlation-request-id": [
          "2f91c4a1-6a34-4bee-92c0-01860f9859c7"
        ],
        "x-ms-routing-request-id": [
          "WESTUS2:20170330T205411Z:2f91c4a1-6a34-4bee-92c0-01860f9859c7"
        ],
        "Strict-Transport-Security": [
          "max-age=31536000; includeSubDomains"
        ],
        "Cache-Control": [
          "no-cache"
        ],
        "Date": [
          "Thu, 30 Mar 2017 20:54:10 GMT"
        ],
        "Server": [
          "Microsoft-IIS/8.5"
        ],
        "X-Powered-By": [
          "ASP.NET"
        ]
      },
      "StatusCode": 200
    },
    {
      "RequestUri": "/subscriptions/964c10bb-8a6c-43bc-83d3-6b318c6c7305/resourceGroups/hdi8776/providers/Microsoft.HDInsight/clusters/hdisdk-datalake5?api-version=2015-03-01-preview",
      "EncodedRequestUri": "L3N1YnNjcmlwdGlvbnMvOTY0YzEwYmItOGE2Yy00M2JjLTgzZDMtNmIzMThjNmM3MzA1L3Jlc291cmNlR3JvdXBzL2hkaTg3NzYvcHJvdmlkZXJzL01pY3Jvc29mdC5IREluc2lnaHQvY2x1c3RlcnMvaGRpc2RrLWRhdGFsYWtlNT9hcGktdmVyc2lvbj0yMDE1LTAzLTAxLXByZXZpZXc=",
      "RequestMethod": "GET",
      "RequestBody": "",
      "RequestHeaders": {
        "User-Agent": [
          "ARM",
          "SDK",
          "v2.0.3"
        ]
      },
      "ResponseBody": "{\r\n  \"id\": \"/subscriptions/964c10bb-8a6c-43bc-83d3-6b318c6c7305/resourceGroups/hdi8776/providers/Microsoft.HDInsight/clusters/hdisdk-datalake5\",\r\n  \"name\": \"hdisdk-datalake5\",\r\n  \"type\": \"Microsoft.HDInsight/clusters\",\r\n  \"location\": \"East US\",\r\n  \"etag\": \"f9917e41-b4d2-4556-9e8b-6989eaa7b1ce\",\r\n  \"tags\": null,\r\n  \"properties\": {\r\n    \"clusterVersion\": \"3.2.7.1234\",\r\n    \"osType\": \"Windows\",\r\n    \"clusterDefinition\": {\r\n      \"kind\": \"Hadoop\"\r\n    },\r\n    \"computeProfile\": {\r\n      \"roles\": [\r\n        {\r\n          \"name\": \"HeadNode\",\r\n          \"targetInstanceCount\": 2,\r\n          \"hardwareProfile\": {\r\n            \"vmSize\": \"Standard_D3\"\r\n          }\r\n        },\r\n        {\r\n          \"name\": \"workernode\",\r\n          \"targetInstanceCount\": 3,\r\n          \"hardwareProfile\": {\r\n            \"vmSize\": \"Large\"\r\n          }\r\n        }\r\n      ]\r\n    },\r\n    \"provisioningState\": \"InProgress\",\r\n    \"clusterState\": \"AzureVMConfiguration\",\r\n    \"createdDate\": \"2017-03-30T20:38:06.74\",\r\n    \"quotaInfo\": {\r\n      \"coresUsed\": 20\r\n    },\r\n    \"connectivityEndpoints\": [\r\n      {\r\n        \"name\": \"HTTPS\",\r\n        \"protocol\": \"TCP\",\r\n        \"location\": \"hdisdk-datalake5.azurehdinsight.net\",\r\n        \"port\": 443\r\n      }\r\n    ],\r\n    \"tier\": \"standard\"\r\n  }\r\n}",
      "ResponseHeaders": {
        "Content-Length": [
          "860"
        ],
        "Content-Type": [
          "application/json; charset=utf-8"
        ],
        "Expires": [
          "-1"
        ],
        "Pragma": [
          "no-cache"
        ],
        "x-ms-request-id": [
          "59b053d9-4cb5-4b8a-be1c-d6ce2f7db646"
        ],
        "x-ms-hdi-served-by": [
          "global"
        ],
        "x-ms-ratelimit-remaining-subscription-reads": [
          "14806"
        ],
        "x-ms-correlation-request-id": [
          "26c12647-e5af-431b-ae7b-1266727d234f"
        ],
        "x-ms-routing-request-id": [
          "WESTUS2:20170330T205511Z:26c12647-e5af-431b-ae7b-1266727d234f"
        ],
        "Strict-Transport-Security": [
          "max-age=31536000; includeSubDomains"
        ],
        "Cache-Control": [
          "no-cache"
        ],
        "Date": [
          "Thu, 30 Mar 2017 20:55:10 GMT"
        ],
        "Server": [
          "Microsoft-IIS/8.5"
        ],
        "X-Powered-By": [
          "ASP.NET"
        ]
      },
      "StatusCode": 200
    },
    {
      "RequestUri": "/subscriptions/964c10bb-8a6c-43bc-83d3-6b318c6c7305/resourceGroups/hdi8776/providers/Microsoft.HDInsight/clusters/hdisdk-datalake5?api-version=2015-03-01-preview",
      "EncodedRequestUri": "L3N1YnNjcmlwdGlvbnMvOTY0YzEwYmItOGE2Yy00M2JjLTgzZDMtNmIzMThjNmM3MzA1L3Jlc291cmNlR3JvdXBzL2hkaTg3NzYvcHJvdmlkZXJzL01pY3Jvc29mdC5IREluc2lnaHQvY2x1c3RlcnMvaGRpc2RrLWRhdGFsYWtlNT9hcGktdmVyc2lvbj0yMDE1LTAzLTAxLXByZXZpZXc=",
      "RequestMethod": "GET",
      "RequestBody": "",
      "RequestHeaders": {
        "User-Agent": [
          "ARM",
          "SDK",
          "v2.0.3"
        ]
      },
      "ResponseBody": "{\r\n  \"id\": \"/subscriptions/964c10bb-8a6c-43bc-83d3-6b318c6c7305/resourceGroups/hdi8776/providers/Microsoft.HDInsight/clusters/hdisdk-datalake5\",\r\n  \"name\": \"hdisdk-datalake5\",\r\n  \"type\": \"Microsoft.HDInsight/clusters\",\r\n  \"location\": \"East US\",\r\n  \"etag\": \"f9917e41-b4d2-4556-9e8b-6989eaa7b1ce\",\r\n  \"tags\": null,\r\n  \"properties\": {\r\n    \"clusterVersion\": \"3.2.7.1234\",\r\n    \"osType\": \"Windows\",\r\n    \"clusterDefinition\": {\r\n      \"kind\": \"Hadoop\"\r\n    },\r\n    \"computeProfile\": {\r\n      \"roles\": [\r\n        {\r\n          \"name\": \"HeadNode\",\r\n          \"targetInstanceCount\": 2,\r\n          \"hardwareProfile\": {\r\n            \"vmSize\": \"Standard_D3\"\r\n          }\r\n        },\r\n        {\r\n          \"name\": \"workernode\",\r\n          \"targetInstanceCount\": 3,\r\n          \"hardwareProfile\": {\r\n            \"vmSize\": \"Large\"\r\n          }\r\n        }\r\n      ]\r\n    },\r\n    \"provisioningState\": \"InProgress\",\r\n    \"clusterState\": \"AzureVMConfiguration\",\r\n    \"createdDate\": \"2017-03-30T20:38:06.74\",\r\n    \"quotaInfo\": {\r\n      \"coresUsed\": 20\r\n    },\r\n    \"connectivityEndpoints\": [\r\n      {\r\n        \"name\": \"HTTPS\",\r\n        \"protocol\": \"TCP\",\r\n        \"location\": \"hdisdk-datalake5.azurehdinsight.net\",\r\n        \"port\": 443\r\n      }\r\n    ],\r\n    \"tier\": \"standard\"\r\n  }\r\n}",
      "ResponseHeaders": {
        "Content-Length": [
          "860"
        ],
        "Content-Type": [
          "application/json; charset=utf-8"
        ],
        "Expires": [
          "-1"
        ],
        "Pragma": [
          "no-cache"
        ],
        "x-ms-request-id": [
          "9527173e-36cd-4ef8-b48e-d3fb486b8bd2"
        ],
        "x-ms-hdi-served-by": [
          "global"
        ],
        "x-ms-ratelimit-remaining-subscription-reads": [
          "14799"
        ],
        "x-ms-correlation-request-id": [
          "46e2a35f-2405-4b12-9df4-1f18c20459c4"
        ],
        "x-ms-routing-request-id": [
          "WESTUS2:20170330T205612Z:46e2a35f-2405-4b12-9df4-1f18c20459c4"
        ],
        "Strict-Transport-Security": [
          "max-age=31536000; includeSubDomains"
        ],
        "Cache-Control": [
          "no-cache"
        ],
        "Date": [
          "Thu, 30 Mar 2017 20:56:11 GMT"
        ],
        "Server": [
          "Microsoft-IIS/8.5"
        ],
        "X-Powered-By": [
          "ASP.NET"
        ]
      },
      "StatusCode": 200
    },
    {
      "RequestUri": "/subscriptions/964c10bb-8a6c-43bc-83d3-6b318c6c7305/resourceGroups/hdi8776/providers/Microsoft.HDInsight/clusters/hdisdk-datalake5?api-version=2015-03-01-preview",
      "EncodedRequestUri": "L3N1YnNjcmlwdGlvbnMvOTY0YzEwYmItOGE2Yy00M2JjLTgzZDMtNmIzMThjNmM3MzA1L3Jlc291cmNlR3JvdXBzL2hkaTg3NzYvcHJvdmlkZXJzL01pY3Jvc29mdC5IREluc2lnaHQvY2x1c3RlcnMvaGRpc2RrLWRhdGFsYWtlNT9hcGktdmVyc2lvbj0yMDE1LTAzLTAxLXByZXZpZXc=",
      "RequestMethod": "GET",
      "RequestBody": "",
      "RequestHeaders": {
        "User-Agent": [
          "ARM",
          "SDK",
          "v2.0.3"
        ]
      },
      "ResponseBody": "{\r\n  \"id\": \"/subscriptions/964c10bb-8a6c-43bc-83d3-6b318c6c7305/resourceGroups/hdi8776/providers/Microsoft.HDInsight/clusters/hdisdk-datalake5\",\r\n  \"name\": \"hdisdk-datalake5\",\r\n  \"type\": \"Microsoft.HDInsight/clusters\",\r\n  \"location\": \"East US\",\r\n  \"etag\": \"f9917e41-b4d2-4556-9e8b-6989eaa7b1ce\",\r\n  \"tags\": null,\r\n  \"properties\": {\r\n    \"clusterVersion\": \"3.2.7.1234\",\r\n    \"osType\": \"Windows\",\r\n    \"clusterDefinition\": {\r\n      \"kind\": \"Hadoop\"\r\n    },\r\n    \"computeProfile\": {\r\n      \"roles\": [\r\n        {\r\n          \"name\": \"HeadNode\",\r\n          \"targetInstanceCount\": 2,\r\n          \"hardwareProfile\": {\r\n            \"vmSize\": \"Standard_D3\"\r\n          }\r\n        },\r\n        {\r\n          \"name\": \"workernode\",\r\n          \"targetInstanceCount\": 3,\r\n          \"hardwareProfile\": {\r\n            \"vmSize\": \"Large\"\r\n          }\r\n        }\r\n      ]\r\n    },\r\n    \"provisioningState\": \"InProgress\",\r\n    \"clusterState\": \"AzureVMConfiguration\",\r\n    \"createdDate\": \"2017-03-30T20:38:06.74\",\r\n    \"quotaInfo\": {\r\n      \"coresUsed\": 20\r\n    },\r\n    \"connectivityEndpoints\": [\r\n      {\r\n        \"name\": \"HTTPS\",\r\n        \"protocol\": \"TCP\",\r\n        \"location\": \"hdisdk-datalake5.azurehdinsight.net\",\r\n        \"port\": 443\r\n      }\r\n    ],\r\n    \"tier\": \"standard\"\r\n  }\r\n}",
      "ResponseHeaders": {
        "Content-Length": [
          "860"
        ],
        "Content-Type": [
          "application/json; charset=utf-8"
        ],
        "Expires": [
          "-1"
        ],
        "Pragma": [
          "no-cache"
        ],
        "x-ms-request-id": [
          "439d8a93-badb-4792-9d9c-fe9bd203ac39"
        ],
        "x-ms-hdi-served-by": [
          "global"
        ],
        "x-ms-ratelimit-remaining-subscription-reads": [
          "14796"
        ],
        "x-ms-correlation-request-id": [
          "8bee8212-41e5-4ff1-bc7e-1c0094f90a7c"
        ],
        "x-ms-routing-request-id": [
          "WESTUS2:20170330T205712Z:8bee8212-41e5-4ff1-bc7e-1c0094f90a7c"
        ],
        "Strict-Transport-Security": [
          "max-age=31536000; includeSubDomains"
        ],
        "Cache-Control": [
          "no-cache"
        ],
        "Date": [
          "Thu, 30 Mar 2017 20:57:11 GMT"
        ],
        "Server": [
          "Microsoft-IIS/8.5"
        ],
        "X-Powered-By": [
          "ASP.NET"
        ]
      },
      "StatusCode": 200
    },
    {
      "RequestUri": "/subscriptions/964c10bb-8a6c-43bc-83d3-6b318c6c7305/resourceGroups/hdi8776/providers/Microsoft.HDInsight/clusters/hdisdk-datalake5?api-version=2015-03-01-preview",
      "EncodedRequestUri": "L3N1YnNjcmlwdGlvbnMvOTY0YzEwYmItOGE2Yy00M2JjLTgzZDMtNmIzMThjNmM3MzA1L3Jlc291cmNlR3JvdXBzL2hkaTg3NzYvcHJvdmlkZXJzL01pY3Jvc29mdC5IREluc2lnaHQvY2x1c3RlcnMvaGRpc2RrLWRhdGFsYWtlNT9hcGktdmVyc2lvbj0yMDE1LTAzLTAxLXByZXZpZXc=",
      "RequestMethod": "GET",
      "RequestBody": "",
      "RequestHeaders": {
        "User-Agent": [
          "ARM",
          "SDK",
          "v2.0.3"
        ]
      },
      "ResponseBody": "{\r\n  \"id\": \"/subscriptions/964c10bb-8a6c-43bc-83d3-6b318c6c7305/resourceGroups/hdi8776/providers/Microsoft.HDInsight/clusters/hdisdk-datalake5\",\r\n  \"name\": \"hdisdk-datalake5\",\r\n  \"type\": \"Microsoft.HDInsight/clusters\",\r\n  \"location\": \"East US\",\r\n  \"etag\": \"f9917e41-b4d2-4556-9e8b-6989eaa7b1ce\",\r\n  \"tags\": null,\r\n  \"properties\": {\r\n    \"clusterVersion\": \"3.2.7.1234\",\r\n    \"osType\": \"Windows\",\r\n    \"clusterDefinition\": {\r\n      \"kind\": \"Hadoop\"\r\n    },\r\n    \"computeProfile\": {\r\n      \"roles\": [\r\n        {\r\n          \"name\": \"HeadNode\",\r\n          \"targetInstanceCount\": 2,\r\n          \"hardwareProfile\": {\r\n            \"vmSize\": \"Standard_D3\"\r\n          }\r\n        },\r\n        {\r\n          \"name\": \"workernode\",\r\n          \"targetInstanceCount\": 3,\r\n          \"hardwareProfile\": {\r\n            \"vmSize\": \"Large\"\r\n          }\r\n        }\r\n      ]\r\n    },\r\n    \"provisioningState\": \"InProgress\",\r\n    \"clusterState\": \"AzureVMConfiguration\",\r\n    \"createdDate\": \"2017-03-30T20:38:06.74\",\r\n    \"quotaInfo\": {\r\n      \"coresUsed\": 20\r\n    },\r\n    \"connectivityEndpoints\": [\r\n      {\r\n        \"name\": \"HTTPS\",\r\n        \"protocol\": \"TCP\",\r\n        \"location\": \"hdisdk-datalake5.azurehdinsight.net\",\r\n        \"port\": 443\r\n      }\r\n    ],\r\n    \"tier\": \"standard\"\r\n  }\r\n}",
      "ResponseHeaders": {
        "Content-Length": [
          "860"
        ],
        "Content-Type": [
          "application/json; charset=utf-8"
        ],
        "Expires": [
          "-1"
        ],
        "Pragma": [
          "no-cache"
        ],
        "x-ms-request-id": [
          "c53db155-f5b3-4e2e-999a-c6c72f1bc45c"
        ],
        "x-ms-hdi-served-by": [
          "global"
        ],
        "x-ms-ratelimit-remaining-subscription-reads": [
          "14787"
        ],
        "x-ms-correlation-request-id": [
          "cb70c36d-dc78-49da-a797-ecf027453c57"
        ],
        "x-ms-routing-request-id": [
          "WESTUS2:20170330T205812Z:cb70c36d-dc78-49da-a797-ecf027453c57"
        ],
        "Strict-Transport-Security": [
          "max-age=31536000; includeSubDomains"
        ],
        "Cache-Control": [
          "no-cache"
        ],
        "Date": [
          "Thu, 30 Mar 2017 20:58:12 GMT"
        ],
        "Server": [
          "Microsoft-IIS/8.5"
        ],
        "X-Powered-By": [
          "ASP.NET"
        ]
      },
      "StatusCode": 200
    },
    {
      "RequestUri": "/subscriptions/964c10bb-8a6c-43bc-83d3-6b318c6c7305/resourceGroups/hdi8776/providers/Microsoft.HDInsight/clusters/hdisdk-datalake5?api-version=2015-03-01-preview",
      "EncodedRequestUri": "L3N1YnNjcmlwdGlvbnMvOTY0YzEwYmItOGE2Yy00M2JjLTgzZDMtNmIzMThjNmM3MzA1L3Jlc291cmNlR3JvdXBzL2hkaTg3NzYvcHJvdmlkZXJzL01pY3Jvc29mdC5IREluc2lnaHQvY2x1c3RlcnMvaGRpc2RrLWRhdGFsYWtlNT9hcGktdmVyc2lvbj0yMDE1LTAzLTAxLXByZXZpZXc=",
      "RequestMethod": "GET",
      "RequestBody": "",
      "RequestHeaders": {
        "User-Agent": [
          "ARM",
          "SDK",
          "v2.0.3"
        ]
      },
      "ResponseBody": "{\r\n  \"id\": \"/subscriptions/964c10bb-8a6c-43bc-83d3-6b318c6c7305/resourceGroups/hdi8776/providers/Microsoft.HDInsight/clusters/hdisdk-datalake5\",\r\n  \"name\": \"hdisdk-datalake5\",\r\n  \"type\": \"Microsoft.HDInsight/clusters\",\r\n  \"location\": \"East US\",\r\n  \"etag\": \"f9917e41-b4d2-4556-9e8b-6989eaa7b1ce\",\r\n  \"tags\": null,\r\n  \"properties\": {\r\n    \"clusterVersion\": \"3.2.7.1234\",\r\n    \"osType\": \"Windows\",\r\n    \"clusterDefinition\": {\r\n      \"kind\": \"Hadoop\"\r\n    },\r\n    \"computeProfile\": {\r\n      \"roles\": [\r\n        {\r\n          \"name\": \"HeadNode\",\r\n          \"targetInstanceCount\": 2,\r\n          \"hardwareProfile\": {\r\n            \"vmSize\": \"Standard_D3\"\r\n          }\r\n        },\r\n        {\r\n          \"name\": \"workernode\",\r\n          \"targetInstanceCount\": 3,\r\n          \"hardwareProfile\": {\r\n            \"vmSize\": \"Large\"\r\n          }\r\n        }\r\n      ]\r\n    },\r\n    \"provisioningState\": \"InProgress\",\r\n    \"clusterState\": \"HdInsightConfiguration\",\r\n    \"createdDate\": \"2017-03-30T20:38:06.74\",\r\n    \"quotaInfo\": {\r\n      \"coresUsed\": 20\r\n    },\r\n    \"connectivityEndpoints\": [\r\n      {\r\n        \"name\": \"HTTPS\",\r\n        \"protocol\": \"TCP\",\r\n        \"location\": \"hdisdk-datalake5.azurehdinsight.net\",\r\n        \"port\": 443\r\n      }\r\n    ],\r\n    \"tier\": \"standard\"\r\n  }\r\n}",
      "ResponseHeaders": {
        "Content-Length": [
          "862"
        ],
        "Content-Type": [
          "application/json; charset=utf-8"
        ],
        "Expires": [
          "-1"
        ],
        "Pragma": [
          "no-cache"
        ],
        "x-ms-request-id": [
          "4e448fd6-25cb-4d9e-bbde-a8b842b1c953"
        ],
        "x-ms-hdi-served-by": [
          "global"
        ],
        "x-ms-ratelimit-remaining-subscription-reads": [
          "14785"
        ],
        "x-ms-correlation-request-id": [
          "c1295616-4f3c-4dc2-bd64-b9a7b393ee2e"
        ],
        "x-ms-routing-request-id": [
          "WESTUS2:20170330T205913Z:c1295616-4f3c-4dc2-bd64-b9a7b393ee2e"
        ],
        "Strict-Transport-Security": [
          "max-age=31536000; includeSubDomains"
        ],
        "Cache-Control": [
          "no-cache"
        ],
        "Date": [
          "Thu, 30 Mar 2017 20:59:12 GMT"
        ],
        "Server": [
          "Microsoft-IIS/8.5"
        ],
        "X-Powered-By": [
          "ASP.NET"
        ]
      },
      "StatusCode": 200
    },
    {
      "RequestUri": "/subscriptions/964c10bb-8a6c-43bc-83d3-6b318c6c7305/resourceGroups/hdi8776/providers/Microsoft.HDInsight/clusters/hdisdk-datalake5?api-version=2015-03-01-preview",
      "EncodedRequestUri": "L3N1YnNjcmlwdGlvbnMvOTY0YzEwYmItOGE2Yy00M2JjLTgzZDMtNmIzMThjNmM3MzA1L3Jlc291cmNlR3JvdXBzL2hkaTg3NzYvcHJvdmlkZXJzL01pY3Jvc29mdC5IREluc2lnaHQvY2x1c3RlcnMvaGRpc2RrLWRhdGFsYWtlNT9hcGktdmVyc2lvbj0yMDE1LTAzLTAxLXByZXZpZXc=",
      "RequestMethod": "GET",
      "RequestBody": "",
      "RequestHeaders": {
        "User-Agent": [
          "ARM",
          "SDK",
          "v2.0.3"
        ]
      },
      "ResponseBody": "{\r\n  \"id\": \"/subscriptions/964c10bb-8a6c-43bc-83d3-6b318c6c7305/resourceGroups/hdi8776/providers/Microsoft.HDInsight/clusters/hdisdk-datalake5\",\r\n  \"name\": \"hdisdk-datalake5\",\r\n  \"type\": \"Microsoft.HDInsight/clusters\",\r\n  \"location\": \"East US\",\r\n  \"etag\": \"f9917e41-b4d2-4556-9e8b-6989eaa7b1ce\",\r\n  \"tags\": null,\r\n  \"properties\": {\r\n    \"clusterVersion\": \"3.2.7.1234\",\r\n    \"osType\": \"Windows\",\r\n    \"clusterDefinition\": {\r\n      \"kind\": \"Hadoop\"\r\n    },\r\n    \"computeProfile\": {\r\n      \"roles\": [\r\n        {\r\n          \"name\": \"HeadNode\",\r\n          \"targetInstanceCount\": 2,\r\n          \"hardwareProfile\": {\r\n            \"vmSize\": \"Standard_D3\"\r\n          }\r\n        },\r\n        {\r\n          \"name\": \"workernode\",\r\n          \"targetInstanceCount\": 3,\r\n          \"hardwareProfile\": {\r\n            \"vmSize\": \"Large\"\r\n          }\r\n        }\r\n      ]\r\n    },\r\n    \"provisioningState\": \"InProgress\",\r\n    \"clusterState\": \"HdInsightConfiguration\",\r\n    \"createdDate\": \"2017-03-30T20:38:06.74\",\r\n    \"quotaInfo\": {\r\n      \"coresUsed\": 20\r\n    },\r\n    \"connectivityEndpoints\": [\r\n      {\r\n        \"name\": \"HTTPS\",\r\n        \"protocol\": \"TCP\",\r\n        \"location\": \"hdisdk-datalake5.azurehdinsight.net\",\r\n        \"port\": 443\r\n      }\r\n    ],\r\n    \"tier\": \"standard\"\r\n  }\r\n}",
      "ResponseHeaders": {
        "Content-Length": [
          "862"
        ],
        "Content-Type": [
          "application/json; charset=utf-8"
        ],
        "Expires": [
          "-1"
        ],
        "Pragma": [
          "no-cache"
        ],
        "x-ms-request-id": [
          "6f9bbc17-8a53-48dd-9d25-efa2602e6803"
        ],
        "x-ms-hdi-served-by": [
          "global"
        ],
        "x-ms-ratelimit-remaining-subscription-reads": [
          "14794"
        ],
        "x-ms-correlation-request-id": [
          "1e9ffd21-6322-4a9e-ae39-7cac95b91f59"
        ],
        "x-ms-routing-request-id": [
          "WESTUS2:20170330T210013Z:1e9ffd21-6322-4a9e-ae39-7cac95b91f59"
        ],
        "Strict-Transport-Security": [
          "max-age=31536000; includeSubDomains"
        ],
        "Cache-Control": [
          "no-cache"
        ],
        "Date": [
          "Thu, 30 Mar 2017 21:00:12 GMT"
        ],
        "Server": [
          "Microsoft-IIS/8.5"
        ],
        "X-Powered-By": [
          "ASP.NET"
        ]
      },
      "StatusCode": 200
    },
    {
      "RequestUri": "/subscriptions/964c10bb-8a6c-43bc-83d3-6b318c6c7305/resourceGroups/hdi8776/providers/Microsoft.HDInsight/clusters/hdisdk-datalake5?api-version=2015-03-01-preview",
      "EncodedRequestUri": "L3N1YnNjcmlwdGlvbnMvOTY0YzEwYmItOGE2Yy00M2JjLTgzZDMtNmIzMThjNmM3MzA1L3Jlc291cmNlR3JvdXBzL2hkaTg3NzYvcHJvdmlkZXJzL01pY3Jvc29mdC5IREluc2lnaHQvY2x1c3RlcnMvaGRpc2RrLWRhdGFsYWtlNT9hcGktdmVyc2lvbj0yMDE1LTAzLTAxLXByZXZpZXc=",
      "RequestMethod": "GET",
      "RequestBody": "",
      "RequestHeaders": {
        "User-Agent": [
          "ARM",
          "SDK",
          "v2.0.3"
        ]
      },
      "ResponseBody": "{\r\n  \"id\": \"/subscriptions/964c10bb-8a6c-43bc-83d3-6b318c6c7305/resourceGroups/hdi8776/providers/Microsoft.HDInsight/clusters/hdisdk-datalake5\",\r\n  \"name\": \"hdisdk-datalake5\",\r\n  \"type\": \"Microsoft.HDInsight/clusters\",\r\n  \"location\": \"East US\",\r\n  \"etag\": \"f9917e41-b4d2-4556-9e8b-6989eaa7b1ce\",\r\n  \"tags\": null,\r\n  \"properties\": {\r\n    \"clusterVersion\": \"3.2.7.1234\",\r\n    \"osType\": \"Windows\",\r\n    \"clusterDefinition\": {\r\n      \"kind\": \"Hadoop\"\r\n    },\r\n    \"computeProfile\": {\r\n      \"roles\": [\r\n        {\r\n          \"name\": \"HeadNode\",\r\n          \"targetInstanceCount\": 2,\r\n          \"hardwareProfile\": {\r\n            \"vmSize\": \"Standard_D3\"\r\n          }\r\n        },\r\n        {\r\n          \"name\": \"workernode\",\r\n          \"targetInstanceCount\": 3,\r\n          \"hardwareProfile\": {\r\n            \"vmSize\": \"Large\"\r\n          }\r\n        }\r\n      ]\r\n    },\r\n    \"provisioningState\": \"InProgress\",\r\n    \"clusterState\": \"ClusterCustomization\",\r\n    \"createdDate\": \"2017-03-30T20:38:06.74\",\r\n    \"quotaInfo\": {\r\n      \"coresUsed\": 20\r\n    },\r\n    \"connectivityEndpoints\": [\r\n      {\r\n        \"name\": \"HTTPS\",\r\n        \"protocol\": \"TCP\",\r\n        \"location\": \"hdisdk-datalake5.azurehdinsight.net\",\r\n        \"port\": 443\r\n      }\r\n    ],\r\n    \"tier\": \"standard\"\r\n  }\r\n}",
      "ResponseHeaders": {
        "Content-Length": [
          "860"
        ],
        "Content-Type": [
          "application/json; charset=utf-8"
        ],
        "Expires": [
          "-1"
        ],
        "Pragma": [
          "no-cache"
        ],
        "x-ms-request-id": [
          "b32b1a9d-3df4-43a3-a27f-8b93e464b6b9"
        ],
        "x-ms-hdi-served-by": [
          "global"
        ],
        "x-ms-ratelimit-remaining-subscription-reads": [
          "14792"
        ],
        "x-ms-correlation-request-id": [
          "67b4a6e2-3830-4080-a762-8145fbf88f16"
        ],
        "x-ms-routing-request-id": [
          "WESTUS2:20170330T210113Z:67b4a6e2-3830-4080-a762-8145fbf88f16"
        ],
        "Strict-Transport-Security": [
          "max-age=31536000; includeSubDomains"
        ],
        "Cache-Control": [
          "no-cache"
        ],
        "Date": [
          "Thu, 30 Mar 2017 21:01:13 GMT"
        ],
        "Server": [
          "Microsoft-IIS/8.5"
        ],
        "X-Powered-By": [
          "ASP.NET"
        ]
      },
      "StatusCode": 200
    },
    {
      "RequestUri": "/subscriptions/964c10bb-8a6c-43bc-83d3-6b318c6c7305/resourceGroups/hdi8776/providers/Microsoft.HDInsight/clusters/hdisdk-datalake5?api-version=2015-03-01-preview",
      "EncodedRequestUri": "L3N1YnNjcmlwdGlvbnMvOTY0YzEwYmItOGE2Yy00M2JjLTgzZDMtNmIzMThjNmM3MzA1L3Jlc291cmNlR3JvdXBzL2hkaTg3NzYvcHJvdmlkZXJzL01pY3Jvc29mdC5IREluc2lnaHQvY2x1c3RlcnMvaGRpc2RrLWRhdGFsYWtlNT9hcGktdmVyc2lvbj0yMDE1LTAzLTAxLXByZXZpZXc=",
      "RequestMethod": "GET",
      "RequestBody": "",
      "RequestHeaders": {
        "User-Agent": [
          "ARM",
          "SDK",
          "v2.0.3"
        ]
      },
      "ResponseBody": "{\r\n  \"id\": \"/subscriptions/964c10bb-8a6c-43bc-83d3-6b318c6c7305/resourceGroups/hdi8776/providers/Microsoft.HDInsight/clusters/hdisdk-datalake5\",\r\n  \"name\": \"hdisdk-datalake5\",\r\n  \"type\": \"Microsoft.HDInsight/clusters\",\r\n  \"location\": \"East US\",\r\n  \"etag\": \"f9917e41-b4d2-4556-9e8b-6989eaa7b1ce\",\r\n  \"tags\": null,\r\n  \"properties\": {\r\n    \"clusterVersion\": \"3.2.7.1234\",\r\n    \"osType\": \"Windows\",\r\n    \"clusterDefinition\": {\r\n      \"kind\": \"Hadoop\"\r\n    },\r\n    \"computeProfile\": {\r\n      \"roles\": [\r\n        {\r\n          \"name\": \"HeadNode\",\r\n          \"targetInstanceCount\": 2,\r\n          \"hardwareProfile\": {\r\n            \"vmSize\": \"Standard_D3\"\r\n          }\r\n        },\r\n        {\r\n          \"name\": \"workernode\",\r\n          \"targetInstanceCount\": 3,\r\n          \"hardwareProfile\": {\r\n            \"vmSize\": \"Large\"\r\n          }\r\n        }\r\n      ]\r\n    },\r\n    \"provisioningState\": \"InProgress\",\r\n    \"clusterState\": \"ClusterCustomization\",\r\n    \"createdDate\": \"2017-03-30T20:38:06.74\",\r\n    \"quotaInfo\": {\r\n      \"coresUsed\": 20\r\n    },\r\n    \"connectivityEndpoints\": [\r\n      {\r\n        \"name\": \"HTTPS\",\r\n        \"protocol\": \"TCP\",\r\n        \"location\": \"hdisdk-datalake5.azurehdinsight.net\",\r\n        \"port\": 443\r\n      }\r\n    ],\r\n    \"tier\": \"standard\"\r\n  }\r\n}",
      "ResponseHeaders": {
        "Content-Length": [
          "860"
        ],
        "Content-Type": [
          "application/json; charset=utf-8"
        ],
        "Expires": [
          "-1"
        ],
        "Pragma": [
          "no-cache"
        ],
        "x-ms-request-id": [
          "3ffd7fad-c5c0-4e62-8d2e-bd188be483ff"
        ],
        "x-ms-hdi-served-by": [
          "global"
        ],
        "x-ms-ratelimit-remaining-subscription-reads": [
          "14787"
        ],
        "x-ms-correlation-request-id": [
          "30121512-0477-43f4-aa5e-63b0eda5e4e8"
        ],
        "x-ms-routing-request-id": [
          "WESTUS2:20170330T210213Z:30121512-0477-43f4-aa5e-63b0eda5e4e8"
        ],
        "Strict-Transport-Security": [
          "max-age=31536000; includeSubDomains"
        ],
        "Cache-Control": [
          "no-cache"
        ],
        "Date": [
          "Thu, 30 Mar 2017 21:02:13 GMT"
        ],
        "Server": [
          "Microsoft-IIS/8.5"
        ],
        "X-Powered-By": [
          "ASP.NET"
        ]
      },
      "StatusCode": 200
    },
    {
      "RequestUri": "/subscriptions/964c10bb-8a6c-43bc-83d3-6b318c6c7305/resourceGroups/hdi8776/providers/Microsoft.HDInsight/clusters/hdisdk-datalake5?api-version=2015-03-01-preview",
      "EncodedRequestUri": "L3N1YnNjcmlwdGlvbnMvOTY0YzEwYmItOGE2Yy00M2JjLTgzZDMtNmIzMThjNmM3MzA1L3Jlc291cmNlR3JvdXBzL2hkaTg3NzYvcHJvdmlkZXJzL01pY3Jvc29mdC5IREluc2lnaHQvY2x1c3RlcnMvaGRpc2RrLWRhdGFsYWtlNT9hcGktdmVyc2lvbj0yMDE1LTAzLTAxLXByZXZpZXc=",
      "RequestMethod": "GET",
      "RequestBody": "",
      "RequestHeaders": {
        "User-Agent": [
          "ARM",
          "SDK",
          "v2.0.3"
        ]
      },
      "ResponseBody": "{\r\n  \"id\": \"/subscriptions/964c10bb-8a6c-43bc-83d3-6b318c6c7305/resourceGroups/hdi8776/providers/Microsoft.HDInsight/clusters/hdisdk-datalake5\",\r\n  \"name\": \"hdisdk-datalake5\",\r\n  \"type\": \"Microsoft.HDInsight/clusters\",\r\n  \"location\": \"East US\",\r\n  \"etag\": \"f9917e41-b4d2-4556-9e8b-6989eaa7b1ce\",\r\n  \"tags\": null,\r\n  \"properties\": {\r\n    \"clusterVersion\": \"3.2.7.1234\",\r\n    \"osType\": \"Windows\",\r\n    \"clusterDefinition\": {\r\n      \"kind\": \"Hadoop\"\r\n    },\r\n    \"computeProfile\": {\r\n      \"roles\": [\r\n        {\r\n          \"name\": \"HeadNode\",\r\n          \"targetInstanceCount\": 2,\r\n          \"hardwareProfile\": {\r\n            \"vmSize\": \"Standard_D3\"\r\n          }\r\n        },\r\n        {\r\n          \"name\": \"workernode\",\r\n          \"targetInstanceCount\": 3,\r\n          \"hardwareProfile\": {\r\n            \"vmSize\": \"Large\"\r\n          }\r\n        }\r\n      ]\r\n    },\r\n    \"provisioningState\": \"InProgress\",\r\n    \"clusterState\": \"ClusterCustomization\",\r\n    \"createdDate\": \"2017-03-30T20:38:06.74\",\r\n    \"quotaInfo\": {\r\n      \"coresUsed\": 20\r\n    },\r\n    \"connectivityEndpoints\": [\r\n      {\r\n        \"name\": \"HTTPS\",\r\n        \"protocol\": \"TCP\",\r\n        \"location\": \"hdisdk-datalake5.azurehdinsight.net\",\r\n        \"port\": 443\r\n      }\r\n    ],\r\n    \"tier\": \"standard\"\r\n  }\r\n}",
      "ResponseHeaders": {
        "Content-Length": [
          "860"
        ],
        "Content-Type": [
          "application/json; charset=utf-8"
        ],
        "Expires": [
          "-1"
        ],
        "Pragma": [
          "no-cache"
        ],
        "x-ms-request-id": [
          "dfcf14ea-78b0-45eb-aee6-1f19e15a713c"
        ],
        "x-ms-hdi-served-by": [
          "global"
        ],
        "x-ms-ratelimit-remaining-subscription-reads": [
          "14782"
        ],
        "x-ms-correlation-request-id": [
          "a5e578c8-0414-49d0-b8ab-f0cc619f2871"
        ],
        "x-ms-routing-request-id": [
          "WESTUS2:20170330T210314Z:a5e578c8-0414-49d0-b8ab-f0cc619f2871"
        ],
        "Strict-Transport-Security": [
          "max-age=31536000; includeSubDomains"
        ],
        "Cache-Control": [
          "no-cache"
        ],
        "Date": [
          "Thu, 30 Mar 2017 21:03:13 GMT"
        ],
        "Server": [
          "Microsoft-IIS/8.5"
        ],
        "X-Powered-By": [
          "ASP.NET"
        ]
      },
      "StatusCode": 200
    },
    {
      "RequestUri": "/subscriptions/964c10bb-8a6c-43bc-83d3-6b318c6c7305/resourceGroups/hdi8776/providers/Microsoft.HDInsight/clusters/hdisdk-datalake5?api-version=2015-03-01-preview",
      "EncodedRequestUri": "L3N1YnNjcmlwdGlvbnMvOTY0YzEwYmItOGE2Yy00M2JjLTgzZDMtNmIzMThjNmM3MzA1L3Jlc291cmNlR3JvdXBzL2hkaTg3NzYvcHJvdmlkZXJzL01pY3Jvc29mdC5IREluc2lnaHQvY2x1c3RlcnMvaGRpc2RrLWRhdGFsYWtlNT9hcGktdmVyc2lvbj0yMDE1LTAzLTAxLXByZXZpZXc=",
      "RequestMethod": "GET",
      "RequestBody": "",
      "RequestHeaders": {
        "User-Agent": [
          "ARM",
          "SDK",
          "v2.0.3"
        ]
      },
      "ResponseBody": "{\r\n  \"id\": \"/subscriptions/964c10bb-8a6c-43bc-83d3-6b318c6c7305/resourceGroups/hdi8776/providers/Microsoft.HDInsight/clusters/hdisdk-datalake5\",\r\n  \"name\": \"hdisdk-datalake5\",\r\n  \"type\": \"Microsoft.HDInsight/clusters\",\r\n  \"location\": \"East US\",\r\n  \"etag\": \"f9917e41-b4d2-4556-9e8b-6989eaa7b1ce\",\r\n  \"tags\": null,\r\n  \"properties\": {\r\n    \"clusterVersion\": \"3.2.7.1234\",\r\n    \"osType\": \"Windows\",\r\n    \"clusterDefinition\": {\r\n      \"kind\": \"Hadoop\"\r\n    },\r\n    \"computeProfile\": {\r\n      \"roles\": [\r\n        {\r\n          \"name\": \"HeadNode\",\r\n          \"targetInstanceCount\": 2,\r\n          \"hardwareProfile\": {\r\n            \"vmSize\": \"Standard_D3\"\r\n          }\r\n        },\r\n        {\r\n          \"name\": \"workernode\",\r\n          \"targetInstanceCount\": 3,\r\n          \"hardwareProfile\": {\r\n            \"vmSize\": \"Large\"\r\n          }\r\n        }\r\n      ]\r\n    },\r\n    \"provisioningState\": \"InProgress\",\r\n    \"clusterState\": \"ClusterCustomization\",\r\n    \"createdDate\": \"2017-03-30T20:38:06.74\",\r\n    \"quotaInfo\": {\r\n      \"coresUsed\": 20\r\n    },\r\n    \"connectivityEndpoints\": [\r\n      {\r\n        \"name\": \"HTTPS\",\r\n        \"protocol\": \"TCP\",\r\n        \"location\": \"hdisdk-datalake5.azurehdinsight.net\",\r\n        \"port\": 443\r\n      }\r\n    ],\r\n    \"tier\": \"standard\"\r\n  }\r\n}",
      "ResponseHeaders": {
        "Content-Length": [
          "860"
        ],
        "Content-Type": [
          "application/json; charset=utf-8"
        ],
        "Expires": [
          "-1"
        ],
        "Pragma": [
          "no-cache"
        ],
        "x-ms-request-id": [
          "f6725749-a664-4686-8ce9-c80d5ef61c8f"
        ],
        "x-ms-hdi-served-by": [
          "global"
        ],
        "x-ms-ratelimit-remaining-subscription-reads": [
          "14779"
        ],
        "x-ms-correlation-request-id": [
          "18249ca6-17db-4d22-9ccb-6fb4bc9b2355"
        ],
        "x-ms-routing-request-id": [
          "WESTUS2:20170330T210414Z:18249ca6-17db-4d22-9ccb-6fb4bc9b2355"
        ],
        "Strict-Transport-Security": [
          "max-age=31536000; includeSubDomains"
        ],
        "Cache-Control": [
          "no-cache"
        ],
        "Date": [
          "Thu, 30 Mar 2017 21:04:13 GMT"
        ],
        "Server": [
          "Microsoft-IIS/8.5"
        ],
        "X-Powered-By": [
          "ASP.NET"
        ]
      },
      "StatusCode": 200
    },
    {
      "RequestUri": "/subscriptions/964c10bb-8a6c-43bc-83d3-6b318c6c7305/resourceGroups/hdi8776/providers/Microsoft.HDInsight/clusters/hdisdk-datalake5?api-version=2015-03-01-preview",
      "EncodedRequestUri": "L3N1YnNjcmlwdGlvbnMvOTY0YzEwYmItOGE2Yy00M2JjLTgzZDMtNmIzMThjNmM3MzA1L3Jlc291cmNlR3JvdXBzL2hkaTg3NzYvcHJvdmlkZXJzL01pY3Jvc29mdC5IREluc2lnaHQvY2x1c3RlcnMvaGRpc2RrLWRhdGFsYWtlNT9hcGktdmVyc2lvbj0yMDE1LTAzLTAxLXByZXZpZXc=",
      "RequestMethod": "GET",
      "RequestBody": "",
      "RequestHeaders": {
        "User-Agent": [
          "ARM",
          "SDK",
          "v2.0.3"
        ]
      },
      "ResponseBody": "{\r\n  \"id\": \"/subscriptions/964c10bb-8a6c-43bc-83d3-6b318c6c7305/resourceGroups/hdi8776/providers/Microsoft.HDInsight/clusters/hdisdk-datalake5\",\r\n  \"name\": \"hdisdk-datalake5\",\r\n  \"type\": \"Microsoft.HDInsight/clusters\",\r\n  \"location\": \"East US\",\r\n  \"etag\": \"f9917e41-b4d2-4556-9e8b-6989eaa7b1ce\",\r\n  \"tags\": null,\r\n  \"properties\": {\r\n    \"clusterVersion\": \"3.2.7.1234\",\r\n    \"osType\": \"Windows\",\r\n    \"clusterDefinition\": {\r\n      \"kind\": \"Hadoop\"\r\n    },\r\n    \"computeProfile\": {\r\n      \"roles\": [\r\n        {\r\n          \"name\": \"HeadNode\",\r\n          \"targetInstanceCount\": 2,\r\n          \"hardwareProfile\": {\r\n            \"vmSize\": \"Standard_D3\"\r\n          }\r\n        },\r\n        {\r\n          \"name\": \"workernode\",\r\n          \"targetInstanceCount\": 3,\r\n          \"hardwareProfile\": {\r\n            \"vmSize\": \"Large\"\r\n          }\r\n        }\r\n      ]\r\n    },\r\n    \"provisioningState\": \"InProgress\",\r\n    \"clusterState\": \"ClusterCustomization\",\r\n    \"createdDate\": \"2017-03-30T20:38:06.74\",\r\n    \"quotaInfo\": {\r\n      \"coresUsed\": 20\r\n    },\r\n    \"connectivityEndpoints\": [\r\n      {\r\n        \"name\": \"HTTPS\",\r\n        \"protocol\": \"TCP\",\r\n        \"location\": \"hdisdk-datalake5.azurehdinsight.net\",\r\n        \"port\": 443\r\n      }\r\n    ],\r\n    \"tier\": \"standard\"\r\n  }\r\n}",
      "ResponseHeaders": {
        "Content-Length": [
          "860"
        ],
        "Content-Type": [
          "application/json; charset=utf-8"
        ],
        "Expires": [
          "-1"
        ],
        "Pragma": [
          "no-cache"
        ],
        "x-ms-request-id": [
          "9beb209d-4053-46ae-9ff1-32a60bb838d6"
        ],
        "x-ms-hdi-served-by": [
          "global"
        ],
        "x-ms-ratelimit-remaining-subscription-reads": [
          "14792"
        ],
        "x-ms-correlation-request-id": [
          "98e28a86-4f04-4e9c-a1c5-0943036039ea"
        ],
        "x-ms-routing-request-id": [
          "WESTUS2:20170330T210514Z:98e28a86-4f04-4e9c-a1c5-0943036039ea"
        ],
        "Strict-Transport-Security": [
          "max-age=31536000; includeSubDomains"
        ],
        "Cache-Control": [
          "no-cache"
        ],
        "Date": [
          "Thu, 30 Mar 2017 21:05:14 GMT"
        ],
        "Server": [
          "Microsoft-IIS/8.5"
        ],
        "X-Powered-By": [
          "ASP.NET"
        ]
      },
      "StatusCode": 200
    },
    {
      "RequestUri": "/subscriptions/964c10bb-8a6c-43bc-83d3-6b318c6c7305/resourceGroups/hdi8776/providers/Microsoft.HDInsight/clusters/hdisdk-datalake5?api-version=2015-03-01-preview",
      "EncodedRequestUri": "L3N1YnNjcmlwdGlvbnMvOTY0YzEwYmItOGE2Yy00M2JjLTgzZDMtNmIzMThjNmM3MzA1L3Jlc291cmNlR3JvdXBzL2hkaTg3NzYvcHJvdmlkZXJzL01pY3Jvc29mdC5IREluc2lnaHQvY2x1c3RlcnMvaGRpc2RrLWRhdGFsYWtlNT9hcGktdmVyc2lvbj0yMDE1LTAzLTAxLXByZXZpZXc=",
      "RequestMethod": "GET",
      "RequestBody": "",
      "RequestHeaders": {
        "User-Agent": [
          "ARM",
          "SDK",
          "v2.0.3"
        ]
      },
      "ResponseBody": "{\r\n  \"id\": \"/subscriptions/964c10bb-8a6c-43bc-83d3-6b318c6c7305/resourceGroups/hdi8776/providers/Microsoft.HDInsight/clusters/hdisdk-datalake5\",\r\n  \"name\": \"hdisdk-datalake5\",\r\n  \"type\": \"Microsoft.HDInsight/clusters\",\r\n  \"location\": \"East US\",\r\n  \"etag\": \"f9917e41-b4d2-4556-9e8b-6989eaa7b1ce\",\r\n  \"tags\": null,\r\n  \"properties\": {\r\n    \"clusterVersion\": \"3.2.7.1234\",\r\n    \"osType\": \"Windows\",\r\n    \"clusterDefinition\": {\r\n      \"kind\": \"Hadoop\"\r\n    },\r\n    \"computeProfile\": {\r\n      \"roles\": [\r\n        {\r\n          \"name\": \"HeadNode\",\r\n          \"targetInstanceCount\": 2,\r\n          \"hardwareProfile\": {\r\n            \"vmSize\": \"Standard_D3\"\r\n          }\r\n        },\r\n        {\r\n          \"name\": \"workernode\",\r\n          \"targetInstanceCount\": 3,\r\n          \"hardwareProfile\": {\r\n            \"vmSize\": \"Large\"\r\n          }\r\n        }\r\n      ]\r\n    },\r\n    \"provisioningState\": \"InProgress\",\r\n    \"clusterState\": \"ClusterCustomization\",\r\n    \"createdDate\": \"2017-03-30T20:38:06.74\",\r\n    \"quotaInfo\": {\r\n      \"coresUsed\": 20\r\n    },\r\n    \"connectivityEndpoints\": [\r\n      {\r\n        \"name\": \"HTTPS\",\r\n        \"protocol\": \"TCP\",\r\n        \"location\": \"hdisdk-datalake5.azurehdinsight.net\",\r\n        \"port\": 443\r\n      }\r\n    ],\r\n    \"tier\": \"standard\"\r\n  }\r\n}",
      "ResponseHeaders": {
        "Content-Length": [
          "860"
        ],
        "Content-Type": [
          "application/json; charset=utf-8"
        ],
        "Expires": [
          "-1"
        ],
        "Pragma": [
          "no-cache"
        ],
        "x-ms-request-id": [
          "acfa66fb-925f-450b-aa55-9fc305c10931"
        ],
        "x-ms-hdi-served-by": [
          "global"
        ],
        "x-ms-ratelimit-remaining-subscription-reads": [
          "14788"
        ],
        "x-ms-correlation-request-id": [
          "fa9dc6cc-d836-4b62-a90e-650620df2b2b"
        ],
        "x-ms-routing-request-id": [
          "WESTUS2:20170330T210615Z:fa9dc6cc-d836-4b62-a90e-650620df2b2b"
        ],
        "Strict-Transport-Security": [
          "max-age=31536000; includeSubDomains"
        ],
        "Cache-Control": [
          "no-cache"
        ],
        "Date": [
          "Thu, 30 Mar 2017 21:06:14 GMT"
        ],
        "Server": [
          "Microsoft-IIS/8.5"
        ],
        "X-Powered-By": [
          "ASP.NET"
        ]
      },
      "StatusCode": 200
    },
    {
      "RequestUri": "/subscriptions/964c10bb-8a6c-43bc-83d3-6b318c6c7305/resourceGroups/hdi8776/providers/Microsoft.HDInsight/clusters/hdisdk-datalake5?api-version=2015-03-01-preview",
      "EncodedRequestUri": "L3N1YnNjcmlwdGlvbnMvOTY0YzEwYmItOGE2Yy00M2JjLTgzZDMtNmIzMThjNmM3MzA1L3Jlc291cmNlR3JvdXBzL2hkaTg3NzYvcHJvdmlkZXJzL01pY3Jvc29mdC5IREluc2lnaHQvY2x1c3RlcnMvaGRpc2RrLWRhdGFsYWtlNT9hcGktdmVyc2lvbj0yMDE1LTAzLTAxLXByZXZpZXc=",
      "RequestMethod": "GET",
      "RequestBody": "",
      "RequestHeaders": {
        "User-Agent": [
          "ARM",
          "SDK",
          "v2.0.3"
        ]
      },
      "ResponseBody": "{\r\n  \"id\": \"/subscriptions/964c10bb-8a6c-43bc-83d3-6b318c6c7305/resourceGroups/hdi8776/providers/Microsoft.HDInsight/clusters/hdisdk-datalake5\",\r\n  \"name\": \"hdisdk-datalake5\",\r\n  \"type\": \"Microsoft.HDInsight/clusters\",\r\n  \"location\": \"East US\",\r\n  \"etag\": \"f9917e41-b4d2-4556-9e8b-6989eaa7b1ce\",\r\n  \"tags\": null,\r\n  \"properties\": {\r\n    \"clusterVersion\": \"3.2.7.1234\",\r\n    \"osType\": \"Windows\",\r\n    \"clusterDefinition\": {\r\n      \"kind\": \"Hadoop\"\r\n    },\r\n    \"computeProfile\": {\r\n      \"roles\": [\r\n        {\r\n          \"name\": \"HeadNode\",\r\n          \"targetInstanceCount\": 2,\r\n          \"hardwareProfile\": {\r\n            \"vmSize\": \"Standard_D3\"\r\n          }\r\n        },\r\n        {\r\n          \"name\": \"workernode\",\r\n          \"targetInstanceCount\": 3,\r\n          \"hardwareProfile\": {\r\n            \"vmSize\": \"Large\"\r\n          }\r\n        }\r\n      ]\r\n    },\r\n    \"provisioningState\": \"Failed\",\r\n    \"clusterState\": \"Error\",\r\n    \"createdDate\": \"2017-03-30T20:38:06.74\",\r\n    \"quotaInfo\": {\r\n      \"coresUsed\": 20\r\n    },\r\n    \"errors\": [\r\n      {\r\n        \"code\": \"ClusterCustomizationError\",\r\n        \"message\": \"Cluster deployment failed due to an error in the custom script action.\"\r\n      }\r\n    ],\r\n    \"connectivityEndpoints\": [\r\n      {\r\n        \"name\": \"HTTPS\",\r\n        \"protocol\": \"TCP\",\r\n        \"location\": \"hdisdk-datalake5.azurehdinsight.net\",\r\n        \"port\": 443\r\n      }\r\n    ],\r\n    \"tier\": \"standard\"\r\n  }\r\n}",
      "ResponseHeaders": {
        "Content-Length": [
          "972"
        ],
        "Content-Type": [
          "application/json; charset=utf-8"
        ],
        "Expires": [
          "-1"
        ],
        "Pragma": [
          "no-cache"
        ],
        "x-ms-request-id": [
          "e8cbb6b0-d5fc-4d09-bdec-6e0ef4a9f7ee"
        ],
        "x-ms-hdi-served-by": [
          "global"
        ],
        "x-ms-ratelimit-remaining-subscription-reads": [
          "14786"
        ],
        "x-ms-correlation-request-id": [
          "0f413b78-88c7-4a1a-803b-f6305ff2f049"
        ],
        "x-ms-routing-request-id": [
          "WESTUS2:20170330T210715Z:0f413b78-88c7-4a1a-803b-f6305ff2f049"
        ],
        "Strict-Transport-Security": [
          "max-age=31536000; includeSubDomains"
        ],
        "Cache-Control": [
          "no-cache"
        ],
        "Date": [
          "Thu, 30 Mar 2017 21:07:14 GMT"
        ],
        "Server": [
          "Microsoft-IIS/8.5"
        ],
        "X-Powered-By": [
          "ASP.NET"
        ]
      },
      "StatusCode": 200
    },
    {
      "RequestUri": "/subscriptions/964c10bb-8a6c-43bc-83d3-6b318c6c7305/resourceGroups/hdi8776/providers/Microsoft.HDInsight/clusters/hdisdk-datalake5?api-version=2015-03-01-preview",
      "EncodedRequestUri": "L3N1YnNjcmlwdGlvbnMvOTY0YzEwYmItOGE2Yy00M2JjLTgzZDMtNmIzMThjNmM3MzA1L3Jlc291cmNlR3JvdXBzL2hkaTg3NzYvcHJvdmlkZXJzL01pY3Jvc29mdC5IREluc2lnaHQvY2x1c3RlcnMvaGRpc2RrLWRhdGFsYWtlNT9hcGktdmVyc2lvbj0yMDE1LTAzLTAxLXByZXZpZXc=",
      "RequestMethod": "GET",
      "RequestBody": "",
      "RequestHeaders": {
        "User-Agent": [
          "ARM",
          "SDK",
          "v2.0.3"
        ]
      },
      "ResponseBody": "{\r\n  \"id\": \"/subscriptions/964c10bb-8a6c-43bc-83d3-6b318c6c7305/resourceGroups/hdi8776/providers/Microsoft.HDInsight/clusters/hdisdk-datalake5\",\r\n  \"name\": \"hdisdk-datalake5\",\r\n  \"type\": \"Microsoft.HDInsight/clusters\",\r\n  \"location\": \"East US\",\r\n  \"etag\": \"f9917e41-b4d2-4556-9e8b-6989eaa7b1ce\",\r\n  \"tags\": null,\r\n  \"properties\": {\r\n    \"clusterVersion\": \"3.2.7.1234\",\r\n    \"osType\": \"Windows\",\r\n    \"clusterDefinition\": {\r\n      \"kind\": \"Hadoop\"\r\n    },\r\n    \"computeProfile\": {\r\n      \"roles\": [\r\n        {\r\n          \"name\": \"HeadNode\",\r\n          \"targetInstanceCount\": 2,\r\n          \"hardwareProfile\": {\r\n            \"vmSize\": \"Standard_D3\"\r\n          }\r\n        },\r\n        {\r\n          \"name\": \"workernode\",\r\n          \"targetInstanceCount\": 3,\r\n          \"hardwareProfile\": {\r\n            \"vmSize\": \"Large\"\r\n          }\r\n        }\r\n      ]\r\n    },\r\n    \"provisioningState\": \"Failed\",\r\n    \"clusterState\": \"Error\",\r\n    \"createdDate\": \"2017-03-30T20:38:06.74\",\r\n    \"quotaInfo\": {\r\n      \"coresUsed\": 20\r\n    },\r\n    \"errors\": [\r\n      {\r\n        \"code\": \"ClusterCustomizationError\",\r\n        \"message\": \"Cluster deployment failed due to an error in the custom script action.\"\r\n      }\r\n    ],\r\n    \"connectivityEndpoints\": [\r\n      {\r\n        \"name\": \"HTTPS\",\r\n        \"protocol\": \"TCP\",\r\n        \"location\": \"hdisdk-datalake5.azurehdinsight.net\",\r\n        \"port\": 443\r\n      }\r\n    ],\r\n    \"tier\": \"standard\"\r\n  }\r\n}",
      "ResponseHeaders": {
        "Content-Length": [
          "972"
        ],
        "Content-Type": [
          "application/json; charset=utf-8"
        ],
        "Expires": [
          "-1"
        ],
        "Pragma": [
          "no-cache"
        ],
        "x-ms-request-id": [
          "9a72b2cf-ac28-48f1-9ea0-e061e8a5cdcd"
        ],
        "x-ms-hdi-served-by": [
          "global"
        ],
        "x-ms-ratelimit-remaining-subscription-reads": [
          "14785"
        ],
        "x-ms-correlation-request-id": [
          "1b7055ff-6017-4869-925d-79f030236726"
        ],
        "x-ms-routing-request-id": [
          "WESTUS2:20170330T210715Z:1b7055ff-6017-4869-925d-79f030236726"
        ],
        "Strict-Transport-Security": [
          "max-age=31536000; includeSubDomains"
        ],
        "Cache-Control": [
          "no-cache"
        ],
        "Date": [
          "Thu, 30 Mar 2017 21:07:14 GMT"
        ],
        "Server": [
          "Microsoft-IIS/8.5"
        ],
        "X-Powered-By": [
          "ASP.NET"
        ]
      },
      "StatusCode": 200
    },
    {
      "RequestUri": "/subscriptions/964c10bb-8a6c-43bc-83d3-6b318c6c7305/resourceGroups/hdi8776/providers/Microsoft.HDInsight/clusters/hdisdk-datalake5?api-version=2015-03-01-preview",
      "EncodedRequestUri": "L3N1YnNjcmlwdGlvbnMvOTY0YzEwYmItOGE2Yy00M2JjLTgzZDMtNmIzMThjNmM3MzA1L3Jlc291cmNlR3JvdXBzL2hkaTg3NzYvcHJvdmlkZXJzL01pY3Jvc29mdC5IREluc2lnaHQvY2x1c3RlcnMvaGRpc2RrLWRhdGFsYWtlNT9hcGktdmVyc2lvbj0yMDE1LTAzLTAxLXByZXZpZXc=",
      "RequestMethod": "DELETE",
      "RequestBody": "",
      "RequestHeaders": {
        "User-Agent": [
          "ARM",
          "SDK",
          "v2.0.3"
        ]
      },
      "ResponseBody": "",
      "ResponseHeaders": {
        "Content-Length": [
          "0"
        ],
        "Expires": [
          "-1"
        ],
        "Pragma": [
          "no-cache"
        ],
        "Retry-After": [
          "60"
        ],
        "Azure-AsyncOperation": [
          "https://management.azure.com:443/subscriptions/964c10bb-8a6c-43bc-83d3-6b318c6c7305/providers/Microsoft.HDInsight/locations/East US/azureasyncoperations/28d9320f-969c-4634-9be9-a1e7eaa11012-0?api-version=2015-03-01-preview"
        ],
        "x-ms-request-id": [
          "485dbdee-92b9-4693-acbc-a6afe8ae880b"
        ],
        "x-ms-hdi-served-by": [
          "global"
        ],
        "x-ms-ratelimit-remaining-subscription-writes": [
          "1196"
        ],
        "x-ms-correlation-request-id": [
          "f7bacec5-217f-41c5-8329-d7f65badf074"
        ],
        "x-ms-routing-request-id": [
          "WESTUS2:20170330T210716Z:f7bacec5-217f-41c5-8329-d7f65badf074"
        ],
        "Strict-Transport-Security": [
          "max-age=31536000; includeSubDomains"
        ],
        "Cache-Control": [
          "no-cache"
        ],
        "Date": [
          "Thu, 30 Mar 2017 21:07:15 GMT"
        ],
        "Location": [
          "https://management.azure.com/subscriptions/964c10bb-8a6c-43bc-83d3-6b318c6c7305/providers/Microsoft.HDInsight/locations/East%20US/operationresults/28d9320f-969c-4634-9be9-a1e7eaa11012-0?api-version=2015-03-01-preview"
        ],
        "Server": [
          "Microsoft-IIS/8.5"
        ],
        "X-Powered-By": [
          "ASP.NET"
        ]
      },
      "StatusCode": 202
    },
    {
      "RequestUri": "/subscriptions/964c10bb-8a6c-43bc-83d3-6b318c6c7305/providers/Microsoft.HDInsight/locations/East%20US/azureasyncoperations/28d9320f-969c-4634-9be9-a1e7eaa11012-0?api-version=2015-03-01-preview",
      "EncodedRequestUri": "L3N1YnNjcmlwdGlvbnMvOTY0YzEwYmItOGE2Yy00M2JjLTgzZDMtNmIzMThjNmM3MzA1L3Byb3ZpZGVycy9NaWNyb3NvZnQuSERJbnNpZ2h0L2xvY2F0aW9ucy9FYXN0JTIwVVMvYXp1cmVhc3luY29wZXJhdGlvbnMvMjhkOTMyMGYtOTY5Yy00NjM0LTliZTktYTFlN2VhYTExMDEyLTA/YXBpLXZlcnNpb249MjAxNS0wMy0wMS1wcmV2aWV3",
      "RequestMethod": "GET",
      "RequestBody": "",
      "RequestHeaders": {
        "User-Agent": [
          "ARM",
          "SDK",
          "v2.0.3"
        ],
        "x-ms-version": [
          "2015-03-01-preview"
        ]
      },
      "ResponseBody": "{\r\n  \"status\": \"InProgress\"\r\n}",
      "ResponseHeaders": {
        "Content-Length": [
          "23"
        ],
        "Content-Type": [
          "application/json; charset=utf-8"
        ],
        "Expires": [
          "-1"
        ],
        "Pragma": [
          "no-cache"
        ],
        "x-ms-request-id": [
          "3019606d-ac2e-4976-acb8-e51708629f16"
        ],
        "x-ms-hdi-served-by": [
          "global"
        ],
        "x-ms-ratelimit-remaining-subscription-reads": [
          "14784"
        ],
        "x-ms-correlation-request-id": [
          "ba070733-0ead-4911-8148-6b61c0352698"
        ],
        "x-ms-routing-request-id": [
          "WESTUS2:20170330T210717Z:ba070733-0ead-4911-8148-6b61c0352698"
        ],
        "Strict-Transport-Security": [
          "max-age=31536000; includeSubDomains"
        ],
        "Cache-Control": [
          "no-cache"
        ],
        "Date": [
          "Thu, 30 Mar 2017 21:07:16 GMT"
        ],
        "Server": [
          "Microsoft-IIS/8.5"
        ],
        "X-Powered-By": [
          "ASP.NET"
        ]
      },
      "StatusCode": 200
    },
    {
      "RequestUri": "/subscriptions/964c10bb-8a6c-43bc-83d3-6b318c6c7305/providers/Microsoft.HDInsight/locations/East%20US/azureasyncoperations/28d9320f-969c-4634-9be9-a1e7eaa11012-0?api-version=2015-03-01-preview",
      "EncodedRequestUri": "L3N1YnNjcmlwdGlvbnMvOTY0YzEwYmItOGE2Yy00M2JjLTgzZDMtNmIzMThjNmM3MzA1L3Byb3ZpZGVycy9NaWNyb3NvZnQuSERJbnNpZ2h0L2xvY2F0aW9ucy9FYXN0JTIwVVMvYXp1cmVhc3luY29wZXJhdGlvbnMvMjhkOTMyMGYtOTY5Yy00NjM0LTliZTktYTFlN2VhYTExMDEyLTA/YXBpLXZlcnNpb249MjAxNS0wMy0wMS1wcmV2aWV3",
      "RequestMethod": "GET",
      "RequestBody": "",
      "RequestHeaders": {
        "User-Agent": [
          "ARM",
          "SDK",
          "v2.0.3"
        ],
        "x-ms-version": [
          "2015-03-01-preview"
        ]
      },
      "ResponseBody": "{\r\n  \"status\": \"InProgress\"\r\n}",
      "ResponseHeaders": {
        "Content-Length": [
          "23"
        ],
        "Content-Type": [
          "application/json; charset=utf-8"
        ],
        "Expires": [
          "-1"
        ],
        "Pragma": [
          "no-cache"
        ],
        "x-ms-request-id": [
          "12a7b366-ebb6-40d7-8db4-7aefc6f55f62"
        ],
        "x-ms-hdi-served-by": [
          "global"
        ],
        "x-ms-ratelimit-remaining-subscription-reads": [
          "14779"
        ],
        "x-ms-correlation-request-id": [
          "95600009-c395-4e59-88c4-22d130dce6c2"
        ],
        "x-ms-routing-request-id": [
          "WESTUS2:20170330T210817Z:95600009-c395-4e59-88c4-22d130dce6c2"
        ],
        "Strict-Transport-Security": [
          "max-age=31536000; includeSubDomains"
        ],
        "Cache-Control": [
          "no-cache"
        ],
        "Date": [
          "Thu, 30 Mar 2017 21:08:17 GMT"
        ],
        "Server": [
          "Microsoft-IIS/8.5"
        ],
        "X-Powered-By": [
          "ASP.NET"
        ]
      },
      "StatusCode": 200
    },
    {
      "RequestUri": "/subscriptions/964c10bb-8a6c-43bc-83d3-6b318c6c7305/providers/Microsoft.HDInsight/locations/East%20US/azureasyncoperations/28d9320f-969c-4634-9be9-a1e7eaa11012-0?api-version=2015-03-01-preview",
      "EncodedRequestUri": "L3N1YnNjcmlwdGlvbnMvOTY0YzEwYmItOGE2Yy00M2JjLTgzZDMtNmIzMThjNmM3MzA1L3Byb3ZpZGVycy9NaWNyb3NvZnQuSERJbnNpZ2h0L2xvY2F0aW9ucy9FYXN0JTIwVVMvYXp1cmVhc3luY29wZXJhdGlvbnMvMjhkOTMyMGYtOTY5Yy00NjM0LTliZTktYTFlN2VhYTExMDEyLTA/YXBpLXZlcnNpb249MjAxNS0wMy0wMS1wcmV2aWV3",
      "RequestMethod": "GET",
      "RequestBody": "",
      "RequestHeaders": {
        "User-Agent": [
          "ARM",
          "SDK",
          "v2.0.3"
        ],
        "x-ms-version": [
          "2015-03-01-preview"
        ]
      },
      "ResponseBody": "{\r\n  \"status\": \"InProgress\"\r\n}",
      "ResponseHeaders": {
        "Content-Length": [
          "23"
        ],
        "Content-Type": [
          "application/json; charset=utf-8"
        ],
        "Expires": [
          "-1"
        ],
        "Pragma": [
          "no-cache"
        ],
        "x-ms-request-id": [
          "e45ff076-3ae5-4a9e-a343-9c6cfe199aaf"
        ],
        "x-ms-hdi-served-by": [
          "global"
        ],
        "x-ms-ratelimit-remaining-subscription-reads": [
          "14775"
        ],
        "x-ms-correlation-request-id": [
          "e3820a91-768a-40bf-bf70-785eef615f99"
        ],
        "x-ms-routing-request-id": [
          "WESTUS2:20170330T210918Z:e3820a91-768a-40bf-bf70-785eef615f99"
        ],
        "Strict-Transport-Security": [
          "max-age=31536000; includeSubDomains"
        ],
        "Cache-Control": [
          "no-cache"
        ],
        "Date": [
          "Thu, 30 Mar 2017 21:09:17 GMT"
        ],
        "Server": [
          "Microsoft-IIS/8.5"
        ],
        "X-Powered-By": [
          "ASP.NET"
        ]
      },
      "StatusCode": 200
    },
    {
      "RequestUri": "/subscriptions/964c10bb-8a6c-43bc-83d3-6b318c6c7305/providers/Microsoft.HDInsight/locations/East%20US/azureasyncoperations/28d9320f-969c-4634-9be9-a1e7eaa11012-0?api-version=2015-03-01-preview",
      "EncodedRequestUri": "L3N1YnNjcmlwdGlvbnMvOTY0YzEwYmItOGE2Yy00M2JjLTgzZDMtNmIzMThjNmM3MzA1L3Byb3ZpZGVycy9NaWNyb3NvZnQuSERJbnNpZ2h0L2xvY2F0aW9ucy9FYXN0JTIwVVMvYXp1cmVhc3luY29wZXJhdGlvbnMvMjhkOTMyMGYtOTY5Yy00NjM0LTliZTktYTFlN2VhYTExMDEyLTA/YXBpLXZlcnNpb249MjAxNS0wMy0wMS1wcmV2aWV3",
      "RequestMethod": "GET",
      "RequestBody": "",
      "RequestHeaders": {
        "User-Agent": [
          "ARM",
          "SDK",
          "v2.0.3"
        ],
        "x-ms-version": [
          "2015-03-01-preview"
        ]
      },
      "ResponseBody": "{\r\n  \"status\": \"Succeeded\"\r\n}",
      "ResponseHeaders": {
        "Content-Length": [
          "22"
        ],
        "Content-Type": [
          "application/json; charset=utf-8"
        ],
        "Expires": [
          "-1"
        ],
        "Pragma": [
          "no-cache"
        ],
        "x-ms-request-id": [
          "359a1d53-eb52-433d-a1ac-ca5a326753b9"
        ],
        "x-ms-hdi-served-by": [
          "global"
        ],
        "x-ms-ratelimit-remaining-subscription-reads": [
          "14791"
        ],
        "x-ms-correlation-request-id": [
          "94e5c8bc-8171-4398-9529-cb639c87ca55"
        ],
        "x-ms-routing-request-id": [
          "WESTUS2:20170330T211018Z:94e5c8bc-8171-4398-9529-cb639c87ca55"
        ],
        "Strict-Transport-Security": [
          "max-age=31536000; includeSubDomains"
        ],
        "Cache-Control": [
          "no-cache"
        ],
        "Date": [
          "Thu, 30 Mar 2017 21:10:18 GMT"
        ],
        "Server": [
          "Microsoft-IIS/8.5"
        ],
        "X-Powered-By": [
          "ASP.NET"
        ]
      },
      "StatusCode": 200
    }
  ],
  "Names": {
    "CreateResourceGroup": [
      "hdi8776"
    ]
  },
  "Variables": {
    "SubscriptionId": "964c10bb-8a6c-43bc-83d3-6b318c6c7305"
  }
}