{
  "Entries": [
    {
      "RequestUri": "/subscriptions/3c729b2a-4f86-4bb2-abe8-4b8647af156c/providers/Microsoft.Search/register?api-version=2016-09-01",
      "EncodedRequestUri": "L3N1YnNjcmlwdGlvbnMvM2M3MjliMmEtNGY4Ni00YmIyLWFiZTgtNGI4NjQ3YWYxNTZjL3Byb3ZpZGVycy9NaWNyb3NvZnQuU2VhcmNoL3JlZ2lzdGVyP2FwaS12ZXJzaW9uPTIwMTYtMDktMDE=",
      "RequestMethod": "POST",
      "RequestBody": "",
      "RequestHeaders": {
        "x-ms-client-request-id": [
          "fa8c1404-c23b-44cc-8cf1-75bae5953e87"
        ],
        "Accept-Language": [
          "en-US"
        ],
        "User-Agent": [
          "FxVersion/4.6.28207.04",
          "OSName/Windows",
          "OSVersion/Microsoft.Windows.10.0.17763.",
          "Microsoft.Azure.Management.ResourceManager.ResourceManagementClient/1.5.0.0"
        ]
      },
      "ResponseHeaders": {
        "Cache-Control": [
          "no-cache"
        ],
        "Pragma": [
          "no-cache"
        ],
        "x-ms-ratelimit-remaining-subscription-writes": [
          "1199"
        ],
        "x-ms-request-id": [
          "7ff3ffb7-3ed1-4202-9ab1-5fc27294e73d"
        ],
        "x-ms-correlation-request-id": [
          "7ff3ffb7-3ed1-4202-9ab1-5fc27294e73d"
        ],
        "x-ms-routing-request-id": [
          "NORTHEUROPE:20200123T011044Z:7ff3ffb7-3ed1-4202-9ab1-5fc27294e73d"
        ],
        "Strict-Transport-Security": [
          "max-age=31536000; includeSubDomains"
        ],
        "X-Content-Type-Options": [
          "nosniff"
        ],
        "Date": [
          "Thu, 23 Jan 2020 01:10:44 GMT"
        ],
        "Content-Length": [
          "2699"
        ],
        "Content-Type": [
          "application/json; charset=utf-8"
        ],
        "Expires": [
          "-1"
        ]
      },
      "ResponseBody": "{\r\n  \"id\": \"/subscriptions/3c729b2a-4f86-4bb2-abe8-4b8647af156c/providers/Microsoft.Search\",\r\n  \"namespace\": \"Microsoft.Search\",\r\n  \"authorization\": {\r\n    \"applicationId\": \"804f4a7a-7d6e-4df7-bf8c-e7f0106e16c2\",\r\n    \"roleDefinitionId\": \"20FA3191-87CF-4C3D-9510-74CCB594A310\"\r\n  },\r\n  \"resourceTypes\": [\r\n    {\r\n      \"resourceType\": \"searchServices\",\r\n      \"locations\": [\r\n        \"West US\",\r\n        \"East US\"\r\n      ],\r\n      \"apiVersions\": [\r\n        \"2019-10-01-Preview\",\r\n        \"2015-08-19\",\r\n        \"2015-02-28\",\r\n        \"2014-07-31-Preview\"\r\n      ],\r\n      \"capabilities\": \"CrossResourceGroupResourceMove, CrossSubscriptionResourceMove, SystemAssignedResourceIdentity\"\r\n    },\r\n    {\r\n      \"resourceType\": \"searchServicesCit\",\r\n      \"locations\": [\r\n        \"West US\"\r\n      ],\r\n      \"apiVersions\": [\r\n        \"2019-10-01-Preview\",\r\n        \"2015-08-19\",\r\n        \"2015-02-28\",\r\n        \"2014-07-31-Preview\"\r\n      ],\r\n      \"capabilities\": \"CrossResourceGroupResourceMove, CrossSubscriptionResourceMove, SystemAssignedResourceIdentity\"\r\n    },\r\n    {\r\n      \"resourceType\": \"searchServicesTHHILL\",\r\n      \"locations\": [\r\n        \"East US\"\r\n      ],\r\n      \"apiVersions\": [\r\n        \"2019-10-01-Preview\",\r\n        \"2015-08-19\",\r\n        \"2015-02-28\",\r\n        \"2014-07-31-Preview\"\r\n      ],\r\n      \"capabilities\": \"CrossResourceGroupResourceMove, CrossSubscriptionResourceMove, SystemAssignedResourceIdentity\"\r\n    },\r\n    {\r\n      \"resourceType\": \"searchServicesInt\",\r\n      \"locations\": [\r\n        \"West US\"\r\n      ],\r\n      \"apiVersions\": [\r\n        \"2019-10-01-Preview\",\r\n        \"2015-08-19\",\r\n        \"2015-02-28\",\r\n        \"2014-07-31-Preview\"\r\n      ],\r\n      \"capabilities\": \"CrossResourceGroupResourceMove, CrossSubscriptionResourceMove, SystemAssignedResourceIdentity\"\r\n    },\r\n    {\r\n      \"resourceType\": \"searchServicesPpe\",\r\n      \"locations\": [\r\n        \"West US\"\r\n      ],\r\n      \"apiVersions\": [\r\n        \"2019-10-01-Preview\",\r\n        \"2015-08-19\",\r\n        \"2015-02-28\",\r\n        \"2014-07-31-Preview\"\r\n      ],\r\n      \"capabilities\": \"CrossResourceGroupResourceMove, CrossSubscriptionResourceMove, SystemAssignedResourceIdentity\"\r\n    },\r\n    {\r\n      \"resourceType\": \"checkServiceNameAvailability\",\r\n      \"locations\": [],\r\n      \"apiVersions\": [\r\n        \"2015-02-28\",\r\n        \"2014-07-31-Preview\"\r\n      ]\r\n    },\r\n    {\r\n      \"resourceType\": \"checkServiceNameAvailabilityCit\",\r\n      \"locations\": [],\r\n      \"apiVersions\": [\r\n        \"2015-02-28\",\r\n        \"2014-07-31-Preview\"\r\n      ]\r\n    },\r\n    {\r\n      \"resourceType\": \"checkServiceNameAvailabilityInt\",\r\n      \"locations\": [],\r\n      \"apiVersions\": [\r\n        \"2015-02-28\",\r\n        \"2014-07-31-Preview\"\r\n      ]\r\n    },\r\n    {\r\n      \"resourceType\": \"checkServiceNameAvailabilityPpe\",\r\n      \"locations\": [],\r\n      \"apiVersions\": [\r\n        \"2015-02-28\",\r\n        \"2014-07-31-Preview\"\r\n      ]\r\n    },\r\n    {\r\n      \"resourceType\": \"checkNameAvailability\",\r\n      \"locations\": [],\r\n      \"apiVersions\": [\r\n        \"2019-10-01-Preview\",\r\n        \"2015-08-19\"\r\n      ]\r\n    },\r\n    {\r\n      \"resourceType\": \"checkNameAvailabilityCit\",\r\n      \"locations\": [],\r\n      \"apiVersions\": [\r\n        \"2019-10-01-Preview\",\r\n        \"2015-08-19\"\r\n      ]\r\n    },\r\n    {\r\n      \"resourceType\": \"checkNameAvailabilityInt\",\r\n      \"locations\": [],\r\n      \"apiVersions\": [\r\n        \"2019-10-01-Preview\",\r\n        \"2015-08-19\"\r\n      ]\r\n    },\r\n    {\r\n      \"resourceType\": \"checkNameAvailabilityPpe\",\r\n      \"locations\": [],\r\n      \"apiVersions\": [\r\n        \"2019-10-01-Preview\",\r\n        \"2015-08-19\"\r\n      ]\r\n    },\r\n    {\r\n      \"resourceType\": \"resourceHealthMetadata\",\r\n      \"locations\": [],\r\n      \"apiVersions\": [\r\n        \"2019-10-01-Preview\",\r\n        \"2015-08-19\"\r\n      ]\r\n    },\r\n    {\r\n      \"resourceType\": \"operations\",\r\n      \"locations\": [],\r\n      \"apiVersions\": [\r\n        \"2019-10-01-Preview\",\r\n        \"2015-08-19\",\r\n        \"2015-02-28\"\r\n      ]\r\n    }\r\n  ],\r\n  \"registrationState\": \"Registered\"\r\n}",
      "StatusCode": 200
    },
    {
      "RequestUri": "/subscriptions/3c729b2a-4f86-4bb2-abe8-4b8647af156c/resourcegroups/azsmnet6195?api-version=2016-09-01",
      "EncodedRequestUri": "L3N1YnNjcmlwdGlvbnMvM2M3MjliMmEtNGY4Ni00YmIyLWFiZTgtNGI4NjQ3YWYxNTZjL3Jlc291cmNlZ3JvdXBzL2F6c21uZXQ2MTk1P2FwaS12ZXJzaW9uPTIwMTYtMDktMDE=",
      "RequestMethod": "PUT",
      "RequestBody": "{\r\n  \"location\": \"West US\"\r\n}",
      "RequestHeaders": {
        "x-ms-client-request-id": [
          "f6503910-c0fb-4f16-9c13-e54d1dd00d7e"
        ],
        "Accept-Language": [
          "en-US"
        ],
        "User-Agent": [
          "FxVersion/4.6.28207.04",
          "OSName/Windows",
          "OSVersion/Microsoft.Windows.10.0.17763.",
          "Microsoft.Azure.Management.ResourceManager.ResourceManagementClient/1.5.0.0"
        ],
        "Content-Type": [
          "application/json; charset=utf-8"
        ],
        "Content-Length": [
          "29"
        ]
      },
      "ResponseHeaders": {
        "Cache-Control": [
          "no-cache"
        ],
        "Pragma": [
          "no-cache"
        ],
        "x-ms-ratelimit-remaining-subscription-writes": [
          "1199"
        ],
        "x-ms-request-id": [
          "2c905a8c-7a04-4544-b5be-39fea50eb64a"
        ],
        "x-ms-correlation-request-id": [
          "2c905a8c-7a04-4544-b5be-39fea50eb64a"
        ],
        "x-ms-routing-request-id": [
          "NORTHEUROPE:20200123T011058Z:2c905a8c-7a04-4544-b5be-39fea50eb64a"
        ],
        "Strict-Transport-Security": [
          "max-age=31536000; includeSubDomains"
        ],
        "X-Content-Type-Options": [
          "nosniff"
        ],
        "Date": [
          "Thu, 23 Jan 2020 01:10:58 GMT"
        ],
        "Content-Length": [
          "175"
        ],
        "Content-Type": [
          "application/json; charset=utf-8"
        ],
        "Expires": [
          "-1"
        ]
      },
      "ResponseBody": "{\r\n  \"id\": \"/subscriptions/3c729b2a-4f86-4bb2-abe8-4b8647af156c/resourceGroups/azsmnet6195\",\r\n  \"name\": \"azsmnet6195\",\r\n  \"location\": \"westus\",\r\n  \"properties\": {\r\n    \"provisioningState\": \"Succeeded\"\r\n  }\r\n}",
      "StatusCode": 201
    },
    {
      "RequestUri": "/subscriptions/3c729b2a-4f86-4bb2-abe8-4b8647af156c/resourceGroups/azsmnet6195/providers/Microsoft.Search/searchServices/azs-7216?api-version=2019-10-01-preview",
      "EncodedRequestUri": "L3N1YnNjcmlwdGlvbnMvM2M3MjliMmEtNGY4Ni00YmIyLWFiZTgtNGI4NjQ3YWYxNTZjL3Jlc291cmNlR3JvdXBzL2F6c21uZXQ2MTk1L3Byb3ZpZGVycy9NaWNyb3NvZnQuU2VhcmNoL3NlYXJjaFNlcnZpY2VzL2F6cy03MjE2P2FwaS12ZXJzaW9uPTIwMTktMTAtMDEtcHJldmlldw==",
      "RequestMethod": "PUT",
      "RequestBody": "{\r\n  \"sku\": {\r\n    \"name\": \"free\"\r\n  },\r\n  \"location\": \"West US\"\r\n}",
      "RequestHeaders": {
        "x-ms-client-request-id": [
          "c7467f71-a59c-499c-9013-87a121acee69"
        ],
        "Accept-Language": [
          "en-US"
        ],
        "User-Agent": [
          "FxVersion/4.6.28207.04",
          "OSName/Windows",
          "OSVersion/Microsoft.Windows.10.0.17763.",
          "Microsoft.Azure.Management.Search.SearchManagementClient/3.0.0.0"
        ],
        "Content-Type": [
          "application/json; charset=utf-8"
        ],
        "Content-Length": [
          "67"
        ]
      },
      "ResponseHeaders": {
        "Cache-Control": [
          "no-cache"
        ],
        "Pragma": [
          "no-cache"
        ],
        "ETag": [
          "W/\"datetime'2020-01-23T01%3A11%3A04.3020482Z'\""
        ],
        "x-ms-request-id": [
          "c7467f71-a59c-499c-9013-87a121acee69"
        ],
        "request-id": [
          "c7467f71-a59c-499c-9013-87a121acee69"
        ],
        "elapsed-time": [
          "2137"
        ],
        "Strict-Transport-Security": [
          "max-age=31536000; includeSubDomains"
        ],
        "x-ms-ratelimit-remaining-subscription-writes": [
          "1198"
        ],
        "x-ms-correlation-request-id": [
          "43b971ff-748d-466a-b371-dbecd17ed3cb"
        ],
        "x-ms-routing-request-id": [
          "NORTHEUROPE:20200123T011105Z:43b971ff-748d-466a-b371-dbecd17ed3cb"
        ],
        "X-Content-Type-Options": [
          "nosniff"
        ],
        "Date": [
          "Thu, 23 Jan 2020 01:11:05 GMT"
        ],
        "Content-Length": [
          "491"
        ],
        "Content-Type": [
          "application/json; charset=utf-8"
        ],
        "Expires": [
          "-1"
        ]
      },
      "ResponseBody": "{\r\n  \"id\": \"/subscriptions/3c729b2a-4f86-4bb2-abe8-4b8647af156c/resourceGroups/azsmnet6195/providers/Microsoft.Search/searchServices/azs-7216\",\r\n  \"name\": \"azs-7216\",\r\n  \"type\": \"Microsoft.Search/searchServices\",\r\n  \"location\": \"West US\",\r\n  \"properties\": {\r\n    \"replicaCount\": 1,\r\n    \"partitionCount\": 1,\r\n    \"status\": \"running\",\r\n    \"statusDetails\": \"\",\r\n    \"provisioningState\": \"succeeded\",\r\n    \"hostingMode\": \"Default\",\r\n    \"networkRuleSet\": {\r\n      \"endpointAccess\": \"Public\",\r\n      \"ipRules\": [],\r\n      \"bypass\": \"None\"\r\n    },\r\n    \"privateEndpointConnections\": []\r\n  },\r\n  \"sku\": {\r\n    \"name\": \"free\"\r\n  }\r\n}",
      "StatusCode": 201
    },
    {
      "RequestUri": "/subscriptions/3c729b2a-4f86-4bb2-abe8-4b8647af156c/resourceGroups/azsmnet6195/providers/Microsoft.Search/searchServices/azs-7216/listAdminKeys?api-version=2019-10-01-preview",
      "EncodedRequestUri": "L3N1YnNjcmlwdGlvbnMvM2M3MjliMmEtNGY4Ni00YmIyLWFiZTgtNGI4NjQ3YWYxNTZjL3Jlc291cmNlR3JvdXBzL2F6c21uZXQ2MTk1L3Byb3ZpZGVycy9NaWNyb3NvZnQuU2VhcmNoL3NlYXJjaFNlcnZpY2VzL2F6cy03MjE2L2xpc3RBZG1pbktleXM/YXBpLXZlcnNpb249MjAxOS0xMC0wMS1wcmV2aWV3",
      "RequestMethod": "POST",
      "RequestBody": "",
      "RequestHeaders": {
        "x-ms-client-request-id": [
          "f370ce45-7cfc-4c2a-bfaa-d8869cc2cbab"
        ],
        "Accept-Language": [
          "en-US"
        ],
        "User-Agent": [
          "FxVersion/4.6.28207.04",
          "OSName/Windows",
          "OSVersion/Microsoft.Windows.10.0.17763.",
          "Microsoft.Azure.Management.Search.SearchManagementClient/3.0.0.0"
        ]
      },
      "ResponseHeaders": {
        "Cache-Control": [
          "no-cache"
        ],
        "Pragma": [
          "no-cache"
        ],
        "Vary": [
          "Accept-Encoding"
        ],
        "x-ms-request-id": [
          "f370ce45-7cfc-4c2a-bfaa-d8869cc2cbab"
        ],
        "request-id": [
          "f370ce45-7cfc-4c2a-bfaa-d8869cc2cbab"
        ],
        "elapsed-time": [
          "243"
        ],
        "Strict-Transport-Security": [
          "max-age=31536000; includeSubDomains"
        ],
        "x-ms-ratelimit-remaining-subscription-writes": [
          "1198"
        ],
        "x-ms-correlation-request-id": [
          "1a3dbb73-36b1-4451-995e-523344e21fe1"
        ],
        "x-ms-routing-request-id": [
          "NORTHEUROPE:20200123T011107Z:1a3dbb73-36b1-4451-995e-523344e21fe1"
        ],
        "X-Content-Type-Options": [
          "nosniff"
        ],
        "Date": [
          "Thu, 23 Jan 2020 01:11:06 GMT"
        ],
        "Content-Length": [
          "99"
        ],
        "Content-Type": [
          "application/json; charset=utf-8"
        ],
        "Expires": [
          "-1"
        ]
      },
      "ResponseBody": "{\r\n  \"primaryKey\": \"84445489F0DEF4D62F5CCE1E01ED75B7\",\r\n  \"secondaryKey\": \"6CC70BF4954619467E256E2A4F242383\"\r\n}",
      "StatusCode": 200
    },
    {
      "RequestUri": "/subscriptions/3c729b2a-4f86-4bb2-abe8-4b8647af156c/resourceGroups/azsmnet6195/providers/Microsoft.Search/searchServices/azs-7216/listQueryKeys?api-version=2019-10-01-preview",
      "EncodedRequestUri": "L3N1YnNjcmlwdGlvbnMvM2M3MjliMmEtNGY4Ni00YmIyLWFiZTgtNGI4NjQ3YWYxNTZjL3Jlc291cmNlR3JvdXBzL2F6c21uZXQ2MTk1L3Byb3ZpZGVycy9NaWNyb3NvZnQuU2VhcmNoL3NlYXJjaFNlcnZpY2VzL2F6cy03MjE2L2xpc3RRdWVyeUtleXM/YXBpLXZlcnNpb249MjAxOS0xMC0wMS1wcmV2aWV3",
      "RequestMethod": "POST",
      "RequestBody": "",
      "RequestHeaders": {
        "x-ms-client-request-id": [
          "0907f03e-549d-40f9-a522-ed7b102e007b"
        ],
        "Accept-Language": [
          "en-US"
        ],
        "User-Agent": [
          "FxVersion/4.6.28207.04",
          "OSName/Windows",
          "OSVersion/Microsoft.Windows.10.0.17763.",
          "Microsoft.Azure.Management.Search.SearchManagementClient/3.0.0.0"
        ]
      },
      "ResponseHeaders": {
        "Cache-Control": [
          "no-cache"
        ],
        "Pragma": [
          "no-cache"
        ],
        "Vary": [
          "Accept-Encoding"
        ],
        "x-ms-request-id": [
          "0907f03e-549d-40f9-a522-ed7b102e007b"
        ],
        "request-id": [
          "0907f03e-549d-40f9-a522-ed7b102e007b"
        ],
        "elapsed-time": [
          "448"
        ],
        "Strict-Transport-Security": [
          "max-age=31536000; includeSubDomains"
        ],
        "x-ms-ratelimit-remaining-subscription-writes": [
          "1197"
        ],
        "x-ms-correlation-request-id": [
          "4541e76e-1f6b-4c26-ac63-36924450cccb"
        ],
        "x-ms-routing-request-id": [
          "NORTHEUROPE:20200123T011108Z:4541e76e-1f6b-4c26-ac63-36924450cccb"
        ],
        "X-Content-Type-Options": [
          "nosniff"
        ],
        "Date": [
          "Thu, 23 Jan 2020 01:11:08 GMT"
        ],
        "Content-Length": [
          "82"
        ],
        "Content-Type": [
          "application/json; charset=utf-8"
        ],
        "Expires": [
          "-1"
        ]
      },
      "ResponseBody": "{\r\n  \"value\": [\r\n    {\r\n      \"name\": null,\r\n      \"key\": \"71E3A219AA7BEAD1156B30E24C4A5C0B\"\r\n    }\r\n  ],\r\n  \"nextLink\": null\r\n}",
      "StatusCode": 200
    },
    {
      "RequestUri": "/datasources('azsmnet1587')?api-version=2019-05-06",
      "EncodedRequestUri": "L2RhdGFzb3VyY2VzKCdhenNtbmV0MTU4NycpP2FwaS12ZXJzaW9uPTIwMTktMDUtMDY=",
      "RequestMethod": "PUT",
      "RequestBody": "{\r\n  \"name\": \"azsmnet1587\",\r\n  \"description\": \"Some data source\",\r\n  \"type\": \"azuresql\",\r\n  \"credentials\": {\r\n    \"connectionString\": \"Server=tcp:azs-playground.database.windows.net,1433;Database=usgs;User ID=reader;Password=EdrERBt3j6mZDP;Trusted_Connection=False;Encrypt=True;Connection Timeout=30;\"\r\n  },\r\n  \"container\": {\r\n    \"name\": \"GeoNamesRI\"\r\n  }\r\n}",
      "RequestHeaders": {
        "client-request-id": [
          "9d2a93c6-f56f-4067-9c53-2100a3e25bb8"
        ],
        "Prefer": [
          "return=representation"
        ],
        "Accept-Language": [
          "en-US"
        ],
        "api-key": [
          "84445489F0DEF4D62F5CCE1E01ED75B7"
        ],
        "User-Agent": [
          "FxVersion/4.6.28207.04",
          "OSName/Windows",
          "OSVersion/Microsoft.Windows.10.0.17763.",
          "Microsoft.Azure.Search.SearchServiceClient/10.1.0.0"
        ],
        "Content-Type": [
          "application/json; charset=utf-8"
        ],
        "Content-Length": [
          "359"
        ]
      },
      "ResponseHeaders": {
        "Cache-Control": [
          "no-cache"
        ],
        "Pragma": [
          "no-cache"
        ],
        "ETag": [
          "W/\"0x8D79FA121B811DB\""
        ],
        "Location": [
          "https://azs-7216.search-dogfood.windows-int.net/datasources('azsmnet1587')?api-version=2019-05-06"
        ],
        "request-id": [
          "9d2a93c6-f56f-4067-9c53-2100a3e25bb8"
        ],
        "elapsed-time": [
          "37"
        ],
        "OData-Version": [
          "4.0"
        ],
        "Preference-Applied": [
          "odata.include-annotations=\"*\""
        ],
        "Strict-Transport-Security": [
          "max-age=15724800; includeSubDomains"
        ],
        "Date": [
          "Thu, 23 Jan 2020 01:11:09 GMT"
        ],
        "Content-Type": [
          "application/json; odata.metadata=minimal"
        ],
        "Expires": [
          "-1"
        ],
        "Content-Length": [
          "378"
        ]
      },
      "ResponseBody": "{\r\n  \"@odata.context\": \"https://azs-7216.search-dogfood.windows-int.net/$metadata#datasources/$entity\",\r\n  \"@odata.etag\": \"\\\"0x8D79FA121B811DB\\\"\",\r\n  \"name\": \"azsmnet1587\",\r\n  \"description\": \"Some data source\",\r\n  \"type\": \"azuresql\",\r\n  \"subtype\": null,\r\n  \"credentials\": {\r\n    \"connectionString\": null\r\n  },\r\n  \"container\": {\r\n    \"name\": \"GeoNamesRI\",\r\n    \"query\": null\r\n  },\r\n  \"dataChangeDetectionPolicy\": null,\r\n  \"dataDeletionDetectionPolicy\": null\r\n}",
      "StatusCode": 201
    },
    {
      "RequestUri": "/subscriptions/3c729b2a-4f86-4bb2-abe8-4b8647af156c/resourceGroups/azsmnet6195/providers/Microsoft.Search/searchServices/azs-7216?api-version=2019-10-01-preview",
      "EncodedRequestUri": "L3N1YnNjcmlwdGlvbnMvM2M3MjliMmEtNGY4Ni00YmIyLWFiZTgtNGI4NjQ3YWYxNTZjL3Jlc291cmNlR3JvdXBzL2F6c21uZXQ2MTk1L3Byb3ZpZGVycy9NaWNyb3NvZnQuU2VhcmNoL3NlYXJjaFNlcnZpY2VzL2F6cy03MjE2P2FwaS12ZXJzaW9uPTIwMTktMTAtMDEtcHJldmlldw==",
      "RequestMethod": "DELETE",
      "RequestBody": "",
      "RequestHeaders": {
        "x-ms-client-request-id": [
          "762bfe51-193c-4624-affb-18eea363021c"
        ],
        "Accept-Language": [
          "en-US"
        ],
        "User-Agent": [
          "FxVersion/4.6.28207.04",
          "OSName/Windows",
          "OSVersion/Microsoft.Windows.10.0.17763.",
          "Microsoft.Azure.Management.Search.SearchManagementClient/3.0.0.0"
        ]
      },
      "ResponseHeaders": {
        "Cache-Control": [
          "no-cache"
        ],
        "Pragma": [
          "no-cache"
        ],
        "x-ms-request-id": [
          "762bfe51-193c-4624-affb-18eea363021c"
        ],
        "request-id": [
          "762bfe51-193c-4624-affb-18eea363021c"
        ],
        "elapsed-time": [
          "879"
        ],
        "Strict-Transport-Security": [
          "max-age=31536000; includeSubDomains"
        ],
        "x-ms-ratelimit-remaining-subscription-deletes": [
          "14999"
        ],
        "x-ms-correlation-request-id": [
          "5b7211f8-8f67-43b3-8173-954d5be7322a"
        ],
        "x-ms-routing-request-id": [
          "NORTHEUROPE:20200123T011150Z:5b7211f8-8f67-43b3-8173-954d5be7322a"
        ],
        "X-Content-Type-Options": [
          "nosniff"
        ],
        "Date": [
          "Thu, 23 Jan 2020 01:11:49 GMT"
        ],
        "Expires": [
          "-1"
        ],
        "Content-Length": [
          "0"
        ]
      },
      "ResponseBody": "",
      "StatusCode": 200
    }
  ],
  "Names": {
    "GenerateName": [
      "azsmnet6195",
      "azsmnet1587"
    ],
    "GenerateServiceName": [
      "azs-7216"
    ]
  },
  "Variables": {
    "SubscriptionId": "3c729b2a-4f86-4bb2-abe8-4b8647af156c"
  }
}