{
  "Entries": [
    {
      "RequestUri": "/subscriptions/3c729b2a-4f86-4bb2-abe8-4b8647af156c/providers/Microsoft.Search/register?api-version=2016-09-01",
      "EncodedRequestUri": "L3N1YnNjcmlwdGlvbnMvM2M3MjliMmEtNGY4Ni00YmIyLWFiZTgtNGI4NjQ3YWYxNTZjL3Byb3ZpZGVycy9NaWNyb3NvZnQuU2VhcmNoL3JlZ2lzdGVyP2FwaS12ZXJzaW9uPTIwMTYtMDktMDE=",
      "RequestMethod": "POST",
      "RequestBody": "",
      "RequestHeaders": {
        "x-ms-client-request-id": [
          "94603f83-95bb-4b5f-bb6d-318d0e7dbc3a"
        ],
        "accept-language": [
          "en-US"
        ],
        "User-Agent": [
          "FxVersion/4.8.4018.0",
          "OSName/Windows",
          "OSVersion/10.0.18362.0",
          "Microsoft.Azure.Management.ResourceManager.ResourceManagementClient/1.5.0.0"
        ]
      },
      "ResponseHeaders": {
        "Pragma": [
          "no-cache"
        ],
        "x-ms-ratelimit-remaining-subscription-writes": [
          "1198"
        ],
        "x-ms-request-id": [
          "faf679c8-3ee9-46ab-8a8c-30769d9ec13a"
        ],
        "x-ms-correlation-request-id": [
          "faf679c8-3ee9-46ab-8a8c-30769d9ec13a"
        ],
        "x-ms-routing-request-id": [
          "NORTHEUROPE:20191028T194325Z:faf679c8-3ee9-46ab-8a8c-30769d9ec13a"
        ],
        "Strict-Transport-Security": [
          "max-age=31536000; includeSubDomains"
        ],
        "X-Content-Type-Options": [
          "nosniff"
        ],
        "Cache-Control": [
          "no-cache"
        ],
        "Date": [
          "Mon, 28 Oct 2019 19:43:25 GMT"
        ],
        "Content-Length": [
          "2708"
        ],
        "Content-Type": [
          "application/json; charset=utf-8"
        ],
        "Expires": [
          "-1"
        ]
      },
      "ResponseBody": "{\r\n  \"id\": \"/subscriptions/3c729b2a-4f86-4bb2-abe8-4b8647af156c/providers/Microsoft.Search\",\r\n  \"namespace\": \"Microsoft.Search\",\r\n  \"authorization\": {\r\n    \"applicationId\": \"804f4a7a-7d6e-4df7-bf8c-e7f0106e16c2\",\r\n    \"roleDefinitionId\": \"20FA3191-87CF-4C3D-9510-74CCB594A310\"\r\n  },\r\n  \"resourceTypes\": [\r\n    {\r\n      \"resourceType\": \"searchServices\",\r\n      \"locations\": [\r\n        \"West US\",\r\n        \"East US\"\r\n      ],\r\n      \"apiVersions\": [\r\n        \"2015-08-19\",\r\n        \"2015-02-28\",\r\n        \"2014-07-31-Preview\"\r\n      ],\r\n      \"capabilities\": \"CrossResourceGroupResourceMove, CrossSubscriptionResourceMove, SystemAssignedResourceIdentity\"\r\n    },\r\n    {\r\n      \"resourceType\": \"searchServicesCit\",\r\n      \"locations\": [\r\n        \"West US\"\r\n      ],\r\n      \"apiVersions\": [\r\n        \"2015-08-19\",\r\n        \"2015-02-28\",\r\n        \"2014-07-31-Preview\"\r\n      ],\r\n      \"capabilities\": \"CrossResourceGroupResourceMove, CrossSubscriptionResourceMove, SystemAssignedResourceIdentity\"\r\n    },\r\n    {\r\n      \"resourceType\": \"searchServicesSisatti1\",\r\n      \"locations\": [\r\n        \"East US\"\r\n      ],\r\n      \"apiVersions\": [\r\n        \"2015-08-19\",\r\n        \"2015-02-28\",\r\n        \"2014-07-31-Preview\"\r\n      ],\r\n      \"capabilities\": \"CrossResourceGroupResourceMove, CrossSubscriptionResourceMove, SystemAssignedResourceIdentity\"\r\n    },\r\n    {\r\n      \"resourceType\": \"searchServicesTHHILL\",\r\n      \"locations\": [\r\n        \"East US\"\r\n      ],\r\n      \"apiVersions\": [\r\n        \"2015-08-19\",\r\n        \"2015-02-28\",\r\n        \"2014-07-31-Preview\"\r\n      ],\r\n      \"capabilities\": \"CrossResourceGroupResourceMove, CrossSubscriptionResourceMove, SystemAssignedResourceIdentity\"\r\n    },\r\n    {\r\n      \"resourceType\": \"searchServicesInt\",\r\n      \"locations\": [\r\n        \"West US\"\r\n      ],\r\n      \"apiVersions\": [\r\n        \"2015-08-19\",\r\n        \"2015-02-28\",\r\n        \"2014-07-31-Preview\"\r\n      ],\r\n      \"capabilities\": \"CrossResourceGroupResourceMove, CrossSubscriptionResourceMove, SystemAssignedResourceIdentity\"\r\n    },\r\n    {\r\n      \"resourceType\": \"searchServicesPpe\",\r\n      \"locations\": [\r\n        \"West US\"\r\n      ],\r\n      \"apiVersions\": [\r\n        \"2015-08-19\",\r\n        \"2015-02-28\",\r\n        \"2014-07-31-Preview\"\r\n      ],\r\n      \"capabilities\": \"CrossResourceGroupResourceMove, CrossSubscriptionResourceMove, SystemAssignedResourceIdentity\"\r\n    },\r\n    {\r\n      \"resourceType\": \"checkServiceNameAvailability\",\r\n      \"locations\": [],\r\n      \"apiVersions\": [\r\n        \"2015-02-28\",\r\n        \"2014-07-31-Preview\"\r\n      ]\r\n    },\r\n    {\r\n      \"resourceType\": \"checkServiceNameAvailabilityCit\",\r\n      \"locations\": [],\r\n      \"apiVersions\": [\r\n        \"2015-02-28\",\r\n        \"2014-07-31-Preview\"\r\n      ]\r\n    },\r\n    {\r\n      \"resourceType\": \"checkServiceNameAvailabilityInt\",\r\n      \"locations\": [],\r\n      \"apiVersions\": [\r\n        \"2015-02-28\",\r\n        \"2014-07-31-Preview\"\r\n      ]\r\n    },\r\n    {\r\n      \"resourceType\": \"checkServiceNameAvailabilityPpe\",\r\n      \"locations\": [],\r\n      \"apiVersions\": [\r\n        \"2015-02-28\",\r\n        \"2014-07-31-Preview\"\r\n      ]\r\n    },\r\n    {\r\n      \"resourceType\": \"checkNameAvailability\",\r\n      \"locations\": [],\r\n      \"apiVersions\": [\r\n        \"2015-08-19\"\r\n      ]\r\n    },\r\n    {\r\n      \"resourceType\": \"checkNameAvailabilityCit\",\r\n      \"locations\": [],\r\n      \"apiVersions\": [\r\n        \"2015-08-19\"\r\n      ]\r\n    },\r\n    {\r\n      \"resourceType\": \"checkNameAvailabilityInt\",\r\n      \"locations\": [],\r\n      \"apiVersions\": [\r\n        \"2015-08-19\"\r\n      ]\r\n    },\r\n    {\r\n      \"resourceType\": \"checkNameAvailabilityPpe\",\r\n      \"locations\": [],\r\n      \"apiVersions\": [\r\n        \"2015-08-19\"\r\n      ]\r\n    },\r\n    {\r\n      \"resourceType\": \"resourceHealthMetadata\",\r\n      \"locations\": [],\r\n      \"apiVersions\": [\r\n        \"2015-08-19\"\r\n      ]\r\n    },\r\n    {\r\n      \"resourceType\": \"operations\",\r\n      \"locations\": [],\r\n      \"apiVersions\": [\r\n        \"2015-08-19\",\r\n        \"2015-02-28\"\r\n      ]\r\n    }\r\n  ],\r\n  \"registrationState\": \"Registered\"\r\n}",
      "StatusCode": 200
    },
    {
      "RequestUri": "/subscriptions/3c729b2a-4f86-4bb2-abe8-4b8647af156c/resourcegroups/azsmnet9054?api-version=2016-09-01",
      "EncodedRequestUri": "L3N1YnNjcmlwdGlvbnMvM2M3MjliMmEtNGY4Ni00YmIyLWFiZTgtNGI4NjQ3YWYxNTZjL3Jlc291cmNlZ3JvdXBzL2F6c21uZXQ5MDU0P2FwaS12ZXJzaW9uPTIwMTYtMDktMDE=",
      "RequestMethod": "PUT",
      "RequestBody": "{\r\n  \"location\": \"West US\"\r\n}",
      "RequestHeaders": {
        "x-ms-client-request-id": [
          "6d29fc2a-2c45-422f-ab25-c6e7b0710868"
        ],
        "accept-language": [
          "en-US"
        ],
        "User-Agent": [
          "FxVersion/4.8.4018.0",
          "OSName/Windows",
          "OSVersion/10.0.18362.0",
          "Microsoft.Azure.Management.ResourceManager.ResourceManagementClient/1.5.0.0"
        ],
        "Content-Type": [
          "application/json; charset=utf-8"
        ],
        "Content-Length": [
          "29"
        ]
      },
      "ResponseHeaders": {
        "Pragma": [
          "no-cache"
        ],
        "x-ms-ratelimit-remaining-subscription-writes": [
          "1198"
        ],
        "x-ms-request-id": [
          "f688e825-8baa-4533-a80b-37e423b35df4"
        ],
        "x-ms-correlation-request-id": [
          "f688e825-8baa-4533-a80b-37e423b35df4"
        ],
        "x-ms-routing-request-id": [
          "NORTHEUROPE:20191028T194328Z:f688e825-8baa-4533-a80b-37e423b35df4"
        ],
        "Strict-Transport-Security": [
          "max-age=31536000; includeSubDomains"
        ],
        "X-Content-Type-Options": [
          "nosniff"
        ],
        "Cache-Control": [
          "no-cache"
        ],
        "Date": [
          "Mon, 28 Oct 2019 19:43:28 GMT"
        ],
        "Content-Length": [
          "175"
        ],
        "Content-Type": [
          "application/json; charset=utf-8"
        ],
        "Expires": [
          "-1"
        ]
      },
      "ResponseBody": "{\r\n  \"id\": \"/subscriptions/3c729b2a-4f86-4bb2-abe8-4b8647af156c/resourceGroups/azsmnet9054\",\r\n  \"name\": \"azsmnet9054\",\r\n  \"location\": \"westus\",\r\n  \"properties\": {\r\n    \"provisioningState\": \"Succeeded\"\r\n  }\r\n}",
      "StatusCode": 201
    },
    {
      "RequestUri": "/subscriptions/3c729b2a-4f86-4bb2-abe8-4b8647af156c/resourceGroups/azsmnet9054/providers/Microsoft.Search/searchServices/azs-6047?api-version=2015-08-19",
      "EncodedRequestUri": "L3N1YnNjcmlwdGlvbnMvM2M3MjliMmEtNGY4Ni00YmIyLWFiZTgtNGI4NjQ3YWYxNTZjL3Jlc291cmNlR3JvdXBzL2F6c21uZXQ5MDU0L3Byb3ZpZGVycy9NaWNyb3NvZnQuU2VhcmNoL3NlYXJjaFNlcnZpY2VzL2F6cy02MDQ3P2FwaS12ZXJzaW9uPTIwMTUtMDgtMTk=",
      "RequestMethod": "PUT",
      "RequestBody": "{\r\n  \"sku\": {\r\n    \"name\": \"free\"\r\n  },\r\n  \"location\": \"West US\"\r\n}",
      "RequestHeaders": {
        "x-ms-client-request-id": [
          "6bd92ff2-6c6c-48ac-ba91-a28e51738a84"
        ],
        "accept-language": [
          "en-US"
        ],
        "User-Agent": [
          "FxVersion/4.8.4018.0",
          "OSName/Windows",
          "OSVersion/10.0.18362.0",
          "Microsoft.Azure.Management.Search.SearchManagementClient/3.0.0.0"
        ],
        "Content-Type": [
          "application/json; charset=utf-8"
        ],
        "Content-Length": [
          "67"
        ]
      },
      "ResponseHeaders": {
        "Pragma": [
          "no-cache"
        ],
        "x-ms-request-id": [
          "6bd92ff2-6c6c-48ac-ba91-a28e51738a84"
        ],
        "request-id": [
          "6bd92ff2-6c6c-48ac-ba91-a28e51738a84"
        ],
        "elapsed-time": [
          "1328"
        ],
        "Strict-Transport-Security": [
          "max-age=31536000; includeSubDomains"
        ],
        "x-ms-ratelimit-remaining-subscription-writes": [
          "1197"
        ],
        "x-ms-correlation-request-id": [
          "eaea2cc0-4be8-4d16-860d-82c9ca6ee526"
        ],
        "x-ms-routing-request-id": [
          "NORTHEUROPE:20191028T194331Z:eaea2cc0-4be8-4d16-860d-82c9ca6ee526"
        ],
        "X-Content-Type-Options": [
          "nosniff"
        ],
        "Cache-Control": [
          "no-cache"
        ],
        "Date": [
          "Mon, 28 Oct 2019 19:43:31 GMT"
        ],
        "ETag": [
          "W/\"datetime'2019-10-28T19%3A43%3A30.9800537Z'\""
        ],
        "Content-Length": [
          "385"
        ],
        "Content-Type": [
          "application/json; charset=utf-8"
        ],
        "Expires": [
          "-1"
        ]
      },
      "ResponseBody": "{\r\n  \"id\": \"/subscriptions/3c729b2a-4f86-4bb2-abe8-4b8647af156c/resourceGroups/azsmnet9054/providers/Microsoft.Search/searchServices/azs-6047\",\r\n  \"name\": \"azs-6047\",\r\n  \"type\": \"Microsoft.Search/searchServices\",\r\n  \"location\": \"West US\",\r\n  \"properties\": {\r\n    \"replicaCount\": 1,\r\n    \"partitionCount\": 1,\r\n    \"status\": \"running\",\r\n    \"statusDetails\": \"\",\r\n    \"provisioningState\": \"succeeded\",\r\n    \"hostingMode\": \"Default\"\r\n  },\r\n  \"sku\": {\r\n    \"name\": \"free\"\r\n  }\r\n}",
      "StatusCode": 201
    },
    {
      "RequestUri": "/subscriptions/3c729b2a-4f86-4bb2-abe8-4b8647af156c/resourceGroups/azsmnet9054/providers/Microsoft.Search/searchServices/azs-6047/listAdminKeys?api-version=2015-08-19",
      "EncodedRequestUri": "L3N1YnNjcmlwdGlvbnMvM2M3MjliMmEtNGY4Ni00YmIyLWFiZTgtNGI4NjQ3YWYxNTZjL3Jlc291cmNlR3JvdXBzL2F6c21uZXQ5MDU0L3Byb3ZpZGVycy9NaWNyb3NvZnQuU2VhcmNoL3NlYXJjaFNlcnZpY2VzL2F6cy02MDQ3L2xpc3RBZG1pbktleXM/YXBpLXZlcnNpb249MjAxNS0wOC0xOQ==",
      "RequestMethod": "POST",
      "RequestBody": "",
      "RequestHeaders": {
        "x-ms-client-request-id": [
          "a1961c33-edfa-42e2-931a-3bc2b8949cb0"
        ],
        "accept-language": [
          "en-US"
        ],
        "User-Agent": [
          "FxVersion/4.8.4018.0",
          "OSName/Windows",
          "OSVersion/10.0.18362.0",
          "Microsoft.Azure.Management.Search.SearchManagementClient/3.0.0.0"
        ]
      },
      "ResponseHeaders": {
        "Pragma": [
          "no-cache"
        ],
        "Vary": [
          "Accept-Encoding"
        ],
        "x-ms-request-id": [
          "a1961c33-edfa-42e2-931a-3bc2b8949cb0"
        ],
        "request-id": [
          "a1961c33-edfa-42e2-931a-3bc2b8949cb0"
        ],
        "elapsed-time": [
          "99"
        ],
        "Strict-Transport-Security": [
          "max-age=31536000; includeSubDomains"
        ],
        "x-ms-ratelimit-remaining-subscription-writes": [
          "1197"
        ],
        "x-ms-correlation-request-id": [
          "374b9620-2949-4b1e-8bd6-0224d23fe1a5"
        ],
        "x-ms-routing-request-id": [
          "NORTHEUROPE:20191028T194334Z:374b9620-2949-4b1e-8bd6-0224d23fe1a5"
        ],
        "X-Content-Type-Options": [
          "nosniff"
        ],
        "Cache-Control": [
          "no-cache"
        ],
        "Date": [
          "Mon, 28 Oct 2019 19:43:33 GMT"
        ],
        "Content-Length": [
          "99"
        ],
        "Content-Type": [
          "application/json; charset=utf-8"
        ],
        "Expires": [
          "-1"
        ]
      },
      "ResponseBody": "{\r\n  \"primaryKey\": \"94D8DDE6EFD19C61DCF329F2AB48B593\",\r\n  \"secondaryKey\": \"4B3370D44914547C1A86262BA199D625\"\r\n}",
      "StatusCode": 200
    },
    {
      "RequestUri": "/subscriptions/3c729b2a-4f86-4bb2-abe8-4b8647af156c/resourceGroups/azsmnet9054/providers/Microsoft.Search/searchServices/azs-6047/listQueryKeys?api-version=2015-08-19",
      "EncodedRequestUri": "L3N1YnNjcmlwdGlvbnMvM2M3MjliMmEtNGY4Ni00YmIyLWFiZTgtNGI4NjQ3YWYxNTZjL3Jlc291cmNlR3JvdXBzL2F6c21uZXQ5MDU0L3Byb3ZpZGVycy9NaWNyb3NvZnQuU2VhcmNoL3NlYXJjaFNlcnZpY2VzL2F6cy02MDQ3L2xpc3RRdWVyeUtleXM/YXBpLXZlcnNpb249MjAxNS0wOC0xOQ==",
      "RequestMethod": "GET",
      "RequestBody": "",
      "RequestHeaders": {
        "x-ms-client-request-id": [
          "608a1adf-0c90-4852-9c63-d05e3587fab4"
        ],
        "accept-language": [
          "en-US"
        ],
        "User-Agent": [
          "FxVersion/4.8.4018.0",
          "OSName/Windows",
          "OSVersion/10.0.18362.0",
          "Microsoft.Azure.Management.Search.SearchManagementClient/3.0.0.0"
        ]
      },
      "ResponseHeaders": {
        "Pragma": [
          "no-cache"
        ],
        "Vary": [
          "Accept-Encoding"
        ],
        "x-ms-request-id": [
          "608a1adf-0c90-4852-9c63-d05e3587fab4"
        ],
        "request-id": [
          "608a1adf-0c90-4852-9c63-d05e3587fab4"
        ],
        "elapsed-time": [
          "98"
        ],
        "Strict-Transport-Security": [
          "max-age=31536000; includeSubDomains"
        ],
        "x-ms-ratelimit-remaining-subscription-reads": [
          "14998"
        ],
        "x-ms-correlation-request-id": [
          "667dc8dd-d449-43dc-b921-117e764417f6"
        ],
        "x-ms-routing-request-id": [
          "NORTHEUROPE:20191028T194334Z:667dc8dd-d449-43dc-b921-117e764417f6"
        ],
        "X-Content-Type-Options": [
          "nosniff"
        ],
        "Cache-Control": [
          "no-cache"
        ],
        "Date": [
          "Mon, 28 Oct 2019 19:43:33 GMT"
        ],
        "Content-Length": [
          "82"
        ],
        "Content-Type": [
          "application/json; charset=utf-8"
        ],
        "Expires": [
          "-1"
        ]
      },
      "ResponseBody": "{\r\n  \"value\": [\r\n    {\r\n      \"name\": null,\r\n      \"key\": \"ABF8E7C08D9C4BAB2D4EF0DE29E32DAA\"\r\n    }\r\n  ],\r\n  \"nextLink\": null\r\n}",
      "StatusCode": 200
    },
    {
      "RequestUri": "/datasources?api-version=2019-05-06-Preview",
      "EncodedRequestUri": "L2RhdGFzb3VyY2VzP2FwaS12ZXJzaW9uPTIwMTktMDUtMDYtUHJldmlldw==",
      "RequestMethod": "POST",
      "RequestBody": "{\r\n  \"name\": \"azsmnet2489\",\r\n  \"description\": \"Some data source\",\r\n  \"type\": \"azuresql\",\r\n  \"credentials\": {\r\n    \"connectionString\": \"Server=tcp:azs-playground.database.windows.net,1433;Database=usgs;User ID=reader;Password=EdrERBt3j6mZDP;Trusted_Connection=False;Encrypt=True;Connection Timeout=30;\"\r\n  },\r\n  \"container\": {\r\n    \"name\": \"GeoNamesRI\"\r\n  }\r\n}",
      "RequestHeaders": {
        "client-request-id": [
          "fb45c561-cc65-4d13-8860-3ab51c015f39"
        ],
        "accept-language": [
          "en-US"
        ],
        "api-key": [
          "94D8DDE6EFD19C61DCF329F2AB48B593"
        ],
        "User-Agent": [
          "FxVersion/4.8.4018.0",
          "OSName/Windows",
          "OSVersion/10.0.18362.0",
          "Microsoft.Azure.Search.SearchServiceClient/11.0.0.0"
        ],
        "Content-Type": [
          "application/json; charset=utf-8"
        ],
        "Content-Length": [
          "359"
        ]
      },
      "ResponseHeaders": {
        "Pragma": [
          "no-cache"
        ],
        "request-id": [
          "fb45c561-cc65-4d13-8860-3ab51c015f39"
        ],
        "elapsed-time": [
          "39"
        ],
        "OData-Version": [
          "4.0"
        ],
        "Preference-Applied": [
          "odata.include-annotations=\"*\""
        ],
        "Strict-Transport-Security": [
          "max-age=15724800; includeSubDomains"
        ],
        "Cache-Control": [
          "no-cache"
        ],
        "Date": [
          "Mon, 28 Oct 2019 19:43:36 GMT"
        ],
        "ETag": [
          "W/\"0x8D75BDF1F927595\""
        ],
        "Location": [
          "https://azs-6047.search-dogfood.windows-int.net/datasources('azsmnet2489')?api-version=2019-05-06-Preview"
        ],
        "Content-Length": [
          "378"
        ],
        "Content-Type": [
          "application/json; odata.metadata=minimal"
        ],
        "Expires": [
          "-1"
        ]
      },
      "ResponseBody": "{\r\n  \"@odata.context\": \"https://azs-6047.search-dogfood.windows-int.net/$metadata#datasources/$entity\",\r\n  \"@odata.etag\": \"\\\"0x8D75BDF1F927595\\\"\",\r\n  \"name\": \"azsmnet2489\",\r\n  \"description\": \"Some data source\",\r\n  \"type\": \"azuresql\",\r\n  \"subtype\": null,\r\n  \"credentials\": {\r\n    \"connectionString\": null\r\n  },\r\n  \"container\": {\r\n    \"name\": \"GeoNamesRI\",\r\n    \"query\": null\r\n  },\r\n  \"dataChangeDetectionPolicy\": null,\r\n  \"dataDeletionDetectionPolicy\": null\r\n}",
      "StatusCode": 201
    },
    {
      "RequestUri": "/datasources?api-version=2019-05-06-Preview",
      "EncodedRequestUri": "L2RhdGFzb3VyY2VzP2FwaS12ZXJzaW9uPTIwMTktMDUtMDYtUHJldmlldw==",
      "RequestMethod": "POST",
      "RequestBody": "{\r\n  \"name\": \"azsmnet4950\",\r\n  \"description\": \"Some data source\",\r\n  \"type\": \"azuresql\",\r\n  \"credentials\": {\r\n    \"connectionString\": \"Server=tcp:azs-playground.database.windows.net,1433;Database=usgs;User ID=reader;Password=EdrERBt3j6mZDP;Trusted_Connection=False;Encrypt=True;Connection Timeout=30;\"\r\n  },\r\n  \"container\": {\r\n    \"name\": \"GeoNamesRI\"\r\n  },\r\n  \"dataDeletionDetectionPolicy\": {\r\n    \"@odata.type\": \"#Microsoft.Azure.Search.SoftDeleteColumnDeletionDetectionPolicy\",\r\n    \"softDeleteColumnName\": \"isDeleted\",\r\n    \"softDeleteMarkerValue\": \"1\"\r\n  }\r\n}",
      "RequestHeaders": {
        "client-request-id": [
          "a559fc0e-e2c4-4430-ab2c-addd629f862c"
        ],
        "accept-language": [
          "en-US"
        ],
        "api-key": [
          "94D8DDE6EFD19C61DCF329F2AB48B593"
        ],
        "User-Agent": [
          "FxVersion/4.8.4018.0",
          "OSName/Windows",
          "OSVersion/10.0.18362.0",
          "Microsoft.Azure.Search.SearchServiceClient/11.0.0.0"
        ],
        "Content-Type": [
          "application/json; charset=utf-8"
        ],
        "Content-Length": [
          "564"
        ]
      },
      "ResponseHeaders": {
        "Pragma": [
          "no-cache"
        ],
        "request-id": [
          "a559fc0e-e2c4-4430-ab2c-addd629f862c"
        ],
        "elapsed-time": [
          "39"
        ],
        "OData-Version": [
          "4.0"
        ],
        "Preference-Applied": [
          "odata.include-annotations=\"*\""
        ],
        "Strict-Transport-Security": [
          "max-age=15724800; includeSubDomains"
        ],
        "Cache-Control": [
          "no-cache"
        ],
        "Date": [
          "Mon, 28 Oct 2019 19:43:36 GMT"
        ],
        "ETag": [
          "W/\"0x8D75BDF1FB5E49A\""
        ],
        "Location": [
          "https://azs-6047.search-dogfood.windows-int.net/datasources('azsmnet4950')?api-version=2019-05-06-Preview"
        ],
        "Content-Length": [
          "518"
        ],
        "Content-Type": [
          "application/json; odata.metadata=minimal"
        ],
        "Expires": [
          "-1"
        ]
      },
      "ResponseBody": "{\r\n  \"@odata.context\": \"https://azs-6047.search-dogfood.windows-int.net/$metadata#datasources/$entity\",\r\n  \"@odata.etag\": \"\\\"0x8D75BDF1FB5E49A\\\"\",\r\n  \"name\": \"azsmnet4950\",\r\n  \"description\": \"Some data source\",\r\n  \"type\": \"azuresql\",\r\n  \"subtype\": null,\r\n  \"credentials\": {\r\n    \"connectionString\": null\r\n  },\r\n  \"container\": {\r\n    \"name\": \"GeoNamesRI\",\r\n    \"query\": null\r\n  },\r\n  \"dataChangeDetectionPolicy\": null,\r\n  \"dataDeletionDetectionPolicy\": {\r\n    \"@odata.type\": \"#Microsoft.Azure.Search.SoftDeleteColumnDeletionDetectionPolicy\",\r\n    \"softDeleteColumnName\": \"isDeleted\",\r\n    \"softDeleteMarkerValue\": \"1\"\r\n  }\r\n}",
      "StatusCode": 201
    },
    {
      "RequestUri": "/datasources?api-version=2019-05-06-Preview",
      "EncodedRequestUri": "L2RhdGFzb3VyY2VzP2FwaS12ZXJzaW9uPTIwMTktMDUtMDYtUHJldmlldw==",
      "RequestMethod": "POST",
      "RequestBody": "{\r\n  \"name\": \"azsmnet7666\",\r\n  \"description\": \"Some data source\",\r\n  \"type\": \"azuresql\",\r\n  \"credentials\": {\r\n    \"connectionString\": \"Server=tcp:azs-playground.database.windows.net,1433;Database=usgs;User ID=reader;Password=EdrERBt3j6mZDP;Trusted_Connection=False;Encrypt=True;Connection Timeout=30;\"\r\n  },\r\n  \"container\": {\r\n    \"name\": \"GeoNamesRI\"\r\n  },\r\n  \"dataChangeDetectionPolicy\": {\r\n    \"@odata.type\": \"#Microsoft.Azure.Search.SqlIntegratedChangeTrackingPolicy\"\r\n  }\r\n}",
      "RequestHeaders": {
        "client-request-id": [
          "f1149fd6-6500-44b4-95e0-45fb661b9d28"
        ],
        "accept-language": [
          "en-US"
        ],
        "api-key": [
          "94D8DDE6EFD19C61DCF329F2AB48B593"
        ],
        "User-Agent": [
          "FxVersion/4.8.4018.0",
          "OSName/Windows",
          "OSVersion/10.0.18362.0",
          "Microsoft.Azure.Search.SearchServiceClient/11.0.0.0"
        ],
        "Content-Type": [
          "application/json; charset=utf-8"
        ],
        "Content-Length": [
          "479"
        ]
      },
      "ResponseHeaders": {
        "Pragma": [
          "no-cache"
        ],
        "request-id": [
          "f1149fd6-6500-44b4-95e0-45fb661b9d28"
        ],
        "elapsed-time": [
          "2782"
        ],
        "OData-Version": [
          "4.0"
        ],
        "Preference-Applied": [
          "odata.include-annotations=\"*\""
        ],
        "Strict-Transport-Security": [
          "max-age=15724800; includeSubDomains"
        ],
        "Cache-Control": [
          "no-cache"
        ],
        "Date": [
          "Mon, 28 Oct 2019 19:43:39 GMT"
        ],
        "ETag": [
          "W/\"0x8D75BDF21789A69\""
        ],
        "Location": [
          "https://azs-6047.search-dogfood.windows-int.net/datasources('azsmnet7666')?api-version=2019-05-06-Preview"
        ],
        "Content-Length": [
          "449"
        ],
        "Content-Type": [
          "application/json; odata.metadata=minimal"
        ],
        "Expires": [
          "-1"
        ]
      },
      "ResponseBody": "{\r\n  \"@odata.context\": \"https://azs-6047.search-dogfood.windows-int.net/$metadata#datasources/$entity\",\r\n  \"@odata.etag\": \"\\\"0x8D75BDF21789A69\\\"\",\r\n  \"name\": \"azsmnet7666\",\r\n  \"description\": \"Some data source\",\r\n  \"type\": \"azuresql\",\r\n  \"subtype\": null,\r\n  \"credentials\": {\r\n    \"connectionString\": null\r\n  },\r\n  \"container\": {\r\n    \"name\": \"GeoNamesRI\",\r\n    \"query\": null\r\n  },\r\n  \"dataChangeDetectionPolicy\": {\r\n    \"@odata.type\": \"#Microsoft.Azure.Search.SqlIntegratedChangeTrackingPolicy\"\r\n  },\r\n  \"dataDeletionDetectionPolicy\": null\r\n}",
      "StatusCode": 201
    },
    {
      "RequestUri": "/datasources?api-version=2019-05-06-Preview",
      "EncodedRequestUri": "L2RhdGFzb3VyY2VzP2FwaS12ZXJzaW9uPTIwMTktMDUtMDYtUHJldmlldw==",
      "RequestMethod": "POST",
      "RequestBody": "{\r\n  \"name\": \"azsmnet9815\",\r\n  \"description\": \"Some data source\",\r\n  \"type\": \"azuresql\",\r\n  \"credentials\": {\r\n    \"connectionString\": \"Server=tcp:azs-playground.database.windows.net,1433;Database=usgs;User ID=reader;Password=EdrERBt3j6mZDP;Trusted_Connection=False;Encrypt=True;Connection Timeout=30;\"\r\n  },\r\n  \"container\": {\r\n    \"name\": \"GeoNamesRI\"\r\n  },\r\n  \"dataChangeDetectionPolicy\": {\r\n    \"@odata.type\": \"#Microsoft.Azure.Search.HighWaterMarkChangeDetectionPolicy\",\r\n    \"highWaterMarkColumnName\": \"fakecolumn\"\r\n  },\r\n  \"dataDeletionDetectionPolicy\": {\r\n    \"@odata.type\": \"#Microsoft.Azure.Search.SoftDeleteColumnDeletionDetectionPolicy\",\r\n    \"softDeleteColumnName\": \"isDeleted\",\r\n    \"softDeleteMarkerValue\": \"1\"\r\n  }\r\n}",
      "RequestHeaders": {
        "client-request-id": [
          "ec10f54d-dd50-49c6-a31f-0ed329ab9c35"
        ],
        "accept-language": [
          "en-US"
        ],
        "api-key": [
          "94D8DDE6EFD19C61DCF329F2AB48B593"
        ],
        "User-Agent": [
          "FxVersion/4.8.4018.0",
          "OSName/Windows",
          "OSVersion/10.0.18362.0",
          "Microsoft.Azure.Search.SearchServiceClient/11.0.0.0"
        ],
        "Content-Type": [
          "application/json; charset=utf-8"
        ],
        "Content-Length": [
          "731"
        ]
      },
      "ResponseHeaders": {
        "Pragma": [
          "no-cache"
        ],
        "request-id": [
          "ec10f54d-dd50-49c6-a31f-0ed329ab9c35"
        ],
        "elapsed-time": [
          "42"
        ],
        "OData-Version": [
          "4.0"
        ],
        "Preference-Applied": [
          "odata.include-annotations=\"*\""
        ],
        "Strict-Transport-Security": [
          "max-age=15724800; includeSubDomains"
        ],
        "Cache-Control": [
          "no-cache"
        ],
        "Date": [
          "Mon, 28 Oct 2019 19:43:39 GMT"
        ],
        "ETag": [
          "W/\"0x8D75BDF2191A6C6\""
        ],
        "Location": [
          "https://azs-6047.search-dogfood.windows-int.net/datasources('azsmnet9815')?api-version=2019-05-06-Preview"
        ],
        "Content-Length": [
          "629"
        ],
        "Content-Type": [
          "application/json; odata.metadata=minimal"
        ],
        "Expires": [
          "-1"
        ]
      },
      "ResponseBody": "{\r\n  \"@odata.context\": \"https://azs-6047.search-dogfood.windows-int.net/$metadata#datasources/$entity\",\r\n  \"@odata.etag\": \"\\\"0x8D75BDF2191A6C6\\\"\",\r\n  \"name\": \"azsmnet9815\",\r\n  \"description\": \"Some data source\",\r\n  \"type\": \"azuresql\",\r\n  \"subtype\": null,\r\n  \"credentials\": {\r\n    \"connectionString\": null\r\n  },\r\n  \"container\": {\r\n    \"name\": \"GeoNamesRI\",\r\n    \"query\": null\r\n  },\r\n  \"dataChangeDetectionPolicy\": {\r\n    \"@odata.type\": \"#Microsoft.Azure.Search.HighWaterMarkChangeDetectionPolicy\",\r\n    \"highWaterMarkColumnName\": \"fakecolumn\"\r\n  },\r\n  \"dataDeletionDetectionPolicy\": {\r\n    \"@odata.type\": \"#Microsoft.Azure.Search.SoftDeleteColumnDeletionDetectionPolicy\",\r\n    \"softDeleteColumnName\": \"isDeleted\",\r\n    \"softDeleteMarkerValue\": \"1\"\r\n  }\r\n}",
      "StatusCode": 201
    },
    {
      "RequestUri": "/datasources?api-version=2019-05-06-Preview",
      "EncodedRequestUri": "L2RhdGFzb3VyY2VzP2FwaS12ZXJzaW9uPTIwMTktMDUtMDYtUHJldmlldw==",
      "RequestMethod": "POST",
      "RequestBody": "{\r\n  \"name\": \"azsmnet4074\",\r\n  \"description\": \"Some data source\",\r\n  \"type\": \"azuresql\",\r\n  \"credentials\": {\r\n    \"connectionString\": \"Server=tcp:azs-playground.database.windows.net,1433;Database=usgs;User ID=reader;Password=EdrERBt3j6mZDP;Trusted_Connection=False;Encrypt=True;Connection Timeout=30;\"\r\n  },\r\n  \"container\": {\r\n    \"name\": \"GeoNamesRI\"\r\n  }\r\n}",
      "RequestHeaders": {
        "client-request-id": [
          "1b138ef5-08fc-4dca-a984-f86f5d50485d"
        ],
        "accept-language": [
          "en-US"
        ],
        "api-key": [
          "94D8DDE6EFD19C61DCF329F2AB48B593"
        ],
        "User-Agent": [
          "FxVersion/4.8.4018.0",
          "OSName/Windows",
          "OSVersion/10.0.18362.0",
          "Microsoft.Azure.Search.SearchServiceClient/11.0.0.0"
        ],
        "Content-Type": [
          "application/json; charset=utf-8"
        ],
        "Content-Length": [
          "359"
        ]
      },
      "ResponseHeaders": {
        "Pragma": [
          "no-cache"
        ],
        "request-id": [
          "1b138ef5-08fc-4dca-a984-f86f5d50485d"
        ],
        "elapsed-time": [
          "35"
        ],
        "OData-Version": [
          "4.0"
        ],
        "Preference-Applied": [
          "odata.include-annotations=\"*\""
        ],
        "Strict-Transport-Security": [
          "max-age=15724800; includeSubDomains"
        ],
        "Cache-Control": [
          "no-cache"
        ],
        "Date": [
          "Mon, 28 Oct 2019 19:43:39 GMT"
        ],
        "ETag": [
          "W/\"0x8D75BDF21AD4BAC\""
        ],
        "Location": [
          "https://azs-6047.search-dogfood.windows-int.net/datasources('azsmnet4074')?api-version=2019-05-06-Preview"
        ],
        "Content-Length": [
          "378"
        ],
        "Content-Type": [
          "application/json; odata.metadata=minimal"
        ],
        "Expires": [
          "-1"
        ]
      },
      "ResponseBody": "{\r\n  \"@odata.context\": \"https://azs-6047.search-dogfood.windows-int.net/$metadata#datasources/$entity\",\r\n  \"@odata.etag\": \"\\\"0x8D75BDF21AD4BAC\\\"\",\r\n  \"name\": \"azsmnet4074\",\r\n  \"description\": \"Some data source\",\r\n  \"type\": \"azuresql\",\r\n  \"subtype\": null,\r\n  \"credentials\": {\r\n    \"connectionString\": null\r\n  },\r\n  \"container\": {\r\n    \"name\": \"GeoNamesRI\",\r\n    \"query\": null\r\n  },\r\n  \"dataChangeDetectionPolicy\": null,\r\n  \"dataDeletionDetectionPolicy\": null\r\n}",
      "StatusCode": 201
    },
    {
      "RequestUri": "/datasources?api-version=2019-05-06-Preview",
      "EncodedRequestUri": "L2RhdGFzb3VyY2VzP2FwaS12ZXJzaW9uPTIwMTktMDUtMDYtUHJldmlldw==",
      "RequestMethod": "POST",
      "RequestBody": "{\r\n  \"name\": \"azsmnet5746\",\r\n  \"description\": \"Some data source\",\r\n  \"type\": \"azuresql\",\r\n  \"credentials\": {\r\n    \"connectionString\": \"Server=tcp:azs-playground.database.windows.net,1433;Database=usgs;User ID=reader;Password=EdrERBt3j6mZDP;Trusted_Connection=False;Encrypt=True;Connection Timeout=30;\"\r\n  },\r\n  \"container\": {\r\n    \"name\": \"GeoNamesRI\"\r\n  },\r\n  \"dataDeletionDetectionPolicy\": {\r\n    \"@odata.type\": \"#Microsoft.Azure.Search.SoftDeleteColumnDeletionDetectionPolicy\",\r\n    \"softDeleteColumnName\": \"isDeleted\",\r\n    \"softDeleteMarkerValue\": \"1\"\r\n  }\r\n}",
      "RequestHeaders": {
        "client-request-id": [
          "bee4165c-c9b6-45c2-9f3b-700f0231d028"
        ],
        "accept-language": [
          "en-US"
        ],
        "api-key": [
          "94D8DDE6EFD19C61DCF329F2AB48B593"
        ],
        "User-Agent": [
          "FxVersion/4.8.4018.0",
          "OSName/Windows",
          "OSVersion/10.0.18362.0",
          "Microsoft.Azure.Search.SearchServiceClient/11.0.0.0"
        ],
        "Content-Type": [
          "application/json; charset=utf-8"
        ],
        "Content-Length": [
          "564"
        ]
      },
      "ResponseHeaders": {
        "Pragma": [
          "no-cache"
        ],
        "request-id": [
          "bee4165c-c9b6-45c2-9f3b-700f0231d028"
        ],
        "elapsed-time": [
          "36"
        ],
        "OData-Version": [
          "4.0"
        ],
        "Preference-Applied": [
          "odata.include-annotations=\"*\""
        ],
        "Strict-Transport-Security": [
          "max-age=15724800; includeSubDomains"
        ],
        "Cache-Control": [
          "no-cache"
        ],
        "Date": [
          "Mon, 28 Oct 2019 19:43:39 GMT"
        ],
        "ETag": [
          "W/\"0x8D75BDF21C87B51\""
        ],
        "Location": [
          "https://azs-6047.search-dogfood.windows-int.net/datasources('azsmnet5746')?api-version=2019-05-06-Preview"
        ],
        "Content-Length": [
          "518"
        ],
        "Content-Type": [
          "application/json; odata.metadata=minimal"
        ],
        "Expires": [
          "-1"
        ]
      },
      "ResponseBody": "{\r\n  \"@odata.context\": \"https://azs-6047.search-dogfood.windows-int.net/$metadata#datasources/$entity\",\r\n  \"@odata.etag\": \"\\\"0x8D75BDF21C87B51\\\"\",\r\n  \"name\": \"azsmnet5746\",\r\n  \"description\": \"Some data source\",\r\n  \"type\": \"azuresql\",\r\n  \"subtype\": null,\r\n  \"credentials\": {\r\n    \"connectionString\": null\r\n  },\r\n  \"container\": {\r\n    \"name\": \"GeoNamesRI\",\r\n    \"query\": null\r\n  },\r\n  \"dataChangeDetectionPolicy\": null,\r\n  \"dataDeletionDetectionPolicy\": {\r\n    \"@odata.type\": \"#Microsoft.Azure.Search.SoftDeleteColumnDeletionDetectionPolicy\",\r\n    \"softDeleteColumnName\": \"isDeleted\",\r\n    \"softDeleteMarkerValue\": \"1\"\r\n  }\r\n}",
      "StatusCode": 201
    },
    {
      "RequestUri": "/datasources?api-version=2019-05-06-Preview",
      "EncodedRequestUri": "L2RhdGFzb3VyY2VzP2FwaS12ZXJzaW9uPTIwMTktMDUtMDYtUHJldmlldw==",
      "RequestMethod": "POST",
      "RequestBody": "{\r\n  \"name\": \"azsmnet218\",\r\n  \"description\": \"Some data source\",\r\n  \"type\": \"azuresql\",\r\n  \"credentials\": {\r\n    \"connectionString\": \"Server=tcp:azs-playground.database.windows.net,1433;Database=usgs;User ID=reader;Password=EdrERBt3j6mZDP;Trusted_Connection=False;Encrypt=True;Connection Timeout=30;\"\r\n  },\r\n  \"container\": {\r\n    \"name\": \"GeoNamesRI\"\r\n  },\r\n  \"dataChangeDetectionPolicy\": {\r\n    \"@odata.type\": \"#Microsoft.Azure.Search.SqlIntegratedChangeTrackingPolicy\"\r\n  }\r\n}",
      "RequestHeaders": {
        "client-request-id": [
          "faffdbb3-5677-42a5-ab9a-326b1feef08f"
        ],
        "accept-language": [
          "en-US"
        ],
        "api-key": [
          "94D8DDE6EFD19C61DCF329F2AB48B593"
        ],
        "User-Agent": [
          "FxVersion/4.8.4018.0",
          "OSName/Windows",
          "OSVersion/10.0.18362.0",
          "Microsoft.Azure.Search.SearchServiceClient/11.0.0.0"
        ],
        "Content-Type": [
          "application/json; charset=utf-8"
        ],
        "Content-Length": [
          "478"
        ]
      },
      "ResponseHeaders": {
        "Pragma": [
          "no-cache"
        ],
        "request-id": [
          "faffdbb3-5677-42a5-ab9a-326b1feef08f"
        ],
        "elapsed-time": [
          "107"
        ],
        "OData-Version": [
          "4.0"
        ],
        "Preference-Applied": [
          "odata.include-annotations=\"*\""
        ],
        "Strict-Transport-Security": [
          "max-age=15724800; includeSubDomains"
        ],
        "Cache-Control": [
          "no-cache"
        ],
        "Date": [
          "Mon, 28 Oct 2019 19:43:39 GMT"
        ],
        "ETag": [
          "W/\"0x8D75BDF21EF1F6E\""
        ],
        "Location": [
          "https://azs-6047.search-dogfood.windows-int.net/datasources('azsmnet218')?api-version=2019-05-06-Preview"
        ],
        "Content-Length": [
          "448"
        ],
        "Content-Type": [
          "application/json; odata.metadata=minimal"
        ],
        "Expires": [
          "-1"
        ]
      },
      "ResponseBody": "{\r\n  \"@odata.context\": \"https://azs-6047.search-dogfood.windows-int.net/$metadata#datasources/$entity\",\r\n  \"@odata.etag\": \"\\\"0x8D75BDF21EF1F6E\\\"\",\r\n  \"name\": \"azsmnet218\",\r\n  \"description\": \"Some data source\",\r\n  \"type\": \"azuresql\",\r\n  \"subtype\": null,\r\n  \"credentials\": {\r\n    \"connectionString\": null\r\n  },\r\n  \"container\": {\r\n    \"name\": \"GeoNamesRI\",\r\n    \"query\": null\r\n  },\r\n  \"dataChangeDetectionPolicy\": {\r\n    \"@odata.type\": \"#Microsoft.Azure.Search.SqlIntegratedChangeTrackingPolicy\"\r\n  },\r\n  \"dataDeletionDetectionPolicy\": null\r\n}",
      "StatusCode": 201
    },
    {
      "RequestUri": "/datasources?api-version=2019-05-06-Preview",
      "EncodedRequestUri": "L2RhdGFzb3VyY2VzP2FwaS12ZXJzaW9uPTIwMTktMDUtMDYtUHJldmlldw==",
      "RequestMethod": "POST",
      "RequestBody": "{\r\n  \"name\": \"azsmnet6522\",\r\n  \"description\": \"Some data source\",\r\n  \"type\": \"azuresql\",\r\n  \"credentials\": {\r\n    \"connectionString\": \"Server=tcp:azs-playground.database.windows.net,1433;Database=usgs;User ID=reader;Password=EdrERBt3j6mZDP;Trusted_Connection=False;Encrypt=True;Connection Timeout=30;\"\r\n  },\r\n  \"container\": {\r\n    \"name\": \"GeoNamesRI\"\r\n  },\r\n  \"dataChangeDetectionPolicy\": {\r\n    \"@odata.type\": \"#Microsoft.Azure.Search.HighWaterMarkChangeDetectionPolicy\",\r\n    \"highWaterMarkColumnName\": \"fakecolumn\"\r\n  },\r\n  \"dataDeletionDetectionPolicy\": {\r\n    \"@odata.type\": \"#Microsoft.Azure.Search.SoftDeleteColumnDeletionDetectionPolicy\",\r\n    \"softDeleteColumnName\": \"isDeleted\",\r\n    \"softDeleteMarkerValue\": \"1\"\r\n  }\r\n}",
      "RequestHeaders": {
        "client-request-id": [
          "6b68b164-0efd-43b8-a746-191642db3773"
        ],
        "accept-language": [
          "en-US"
        ],
        "api-key": [
          "94D8DDE6EFD19C61DCF329F2AB48B593"
        ],
        "User-Agent": [
          "FxVersion/4.8.4018.0",
          "OSName/Windows",
          "OSVersion/10.0.18362.0",
          "Microsoft.Azure.Search.SearchServiceClient/11.0.0.0"
        ],
        "Content-Type": [
          "application/json; charset=utf-8"
        ],
        "Content-Length": [
          "731"
        ]
      },
      "ResponseHeaders": {
        "Pragma": [
          "no-cache"
        ],
        "request-id": [
          "6b68b164-0efd-43b8-a746-191642db3773"
        ],
        "elapsed-time": [
          "38"
        ],
        "OData-Version": [
          "4.0"
        ],
        "Preference-Applied": [
          "odata.include-annotations=\"*\""
        ],
        "Strict-Transport-Security": [
          "max-age=15724800; includeSubDomains"
        ],
        "Cache-Control": [
          "no-cache"
        ],
        "Date": [
          "Mon, 28 Oct 2019 19:43:39 GMT"
        ],
        "ETag": [
          "W/\"0x8D75BDF220AEB7D\""
        ],
        "Location": [
          "https://azs-6047.search-dogfood.windows-int.net/datasources('azsmnet6522')?api-version=2019-05-06-Preview"
        ],
        "Content-Length": [
          "629"
        ],
        "Content-Type": [
          "application/json; odata.metadata=minimal"
        ],
        "Expires": [
          "-1"
        ]
      },
      "ResponseBody": "{\r\n  \"@odata.context\": \"https://azs-6047.search-dogfood.windows-int.net/$metadata#datasources/$entity\",\r\n  \"@odata.etag\": \"\\\"0x8D75BDF220AEB7D\\\"\",\r\n  \"name\": \"azsmnet6522\",\r\n  \"description\": \"Some data source\",\r\n  \"type\": \"azuresql\",\r\n  \"subtype\": null,\r\n  \"credentials\": {\r\n    \"connectionString\": null\r\n  },\r\n  \"container\": {\r\n    \"name\": \"GeoNamesRI\",\r\n    \"query\": null\r\n  },\r\n  \"dataChangeDetectionPolicy\": {\r\n    \"@odata.type\": \"#Microsoft.Azure.Search.HighWaterMarkChangeDetectionPolicy\",\r\n    \"highWaterMarkColumnName\": \"fakecolumn\"\r\n  },\r\n  \"dataDeletionDetectionPolicy\": {\r\n    \"@odata.type\": \"#Microsoft.Azure.Search.SoftDeleteColumnDeletionDetectionPolicy\",\r\n    \"softDeleteColumnName\": \"isDeleted\",\r\n    \"softDeleteMarkerValue\": \"1\"\r\n  }\r\n}",
      "StatusCode": 201
    },
    {
      "RequestUri": "/datasources?api-version=2019-05-06-Preview",
      "EncodedRequestUri": "L2RhdGFzb3VyY2VzP2FwaS12ZXJzaW9uPTIwMTktMDUtMDYtUHJldmlldw==",
      "RequestMethod": "POST",
      "RequestBody": "{\r\n  \"name\": \"azsmnet8542\",\r\n  \"description\": \"Some data source\",\r\n  \"type\": \"cosmosdb\",\r\n  \"credentials\": {\r\n    \"connectionString\": \"AccountEndpoint=https://NotaRealAccount.documents.azure.com;AccountKey=fake;Database=someFakeDatabase\"\r\n  },\r\n  \"container\": {\r\n    \"name\": \"faketable\",\r\n    \"query\": \"SELECT ... FROM x where x._ts > @HighWaterMark\"\r\n  }\r\n}",
      "RequestHeaders": {
        "client-request-id": [
          "a7998c40-cd2f-4eb1-8926-587939b049a1"
        ],
        "accept-language": [
          "en-US"
        ],
        "api-key": [
          "94D8DDE6EFD19C61DCF329F2AB48B593"
        ],
        "User-Agent": [
          "FxVersion/4.8.4018.0",
          "OSName/Windows",
          "OSVersion/10.0.18362.0",
          "Microsoft.Azure.Search.SearchServiceClient/11.0.0.0"
        ],
        "Content-Type": [
          "application/json; charset=utf-8"
        ],
        "Content-Length": [
          "358"
        ]
      },
      "ResponseHeaders": {
        "Pragma": [
          "no-cache"
        ],
        "request-id": [
          "a7998c40-cd2f-4eb1-8926-587939b049a1"
        ],
        "elapsed-time": [
          "201"
        ],
        "OData-Version": [
          "4.0"
        ],
        "Preference-Applied": [
          "odata.include-annotations=\"*\""
        ],
        "Strict-Transport-Security": [
          "max-age=15724800; includeSubDomains"
        ],
        "Cache-Control": [
          "no-cache"
        ],
        "Date": [
          "Mon, 28 Oct 2019 19:43:40 GMT"
        ],
        "ETag": [
          "W/\"0x8D75BDF223FC3CD\""
        ],
        "Location": [
          "https://azs-6047.search-dogfood.windows-int.net/datasources('azsmnet8542')?api-version=2019-05-06-Preview"
        ],
        "Content-Length": [
          "421"
        ],
        "Content-Type": [
          "application/json; odata.metadata=minimal"
        ],
        "Expires": [
          "-1"
        ]
      },
      "ResponseBody": "{\r\n  \"@odata.context\": \"https://azs-6047.search-dogfood.windows-int.net/$metadata#datasources/$entity\",\r\n  \"@odata.etag\": \"\\\"0x8D75BDF223FC3CD\\\"\",\r\n  \"name\": \"azsmnet8542\",\r\n  \"description\": \"Some data source\",\r\n  \"type\": \"cosmosdb\",\r\n  \"subtype\": null,\r\n  \"credentials\": {\r\n    \"connectionString\": null\r\n  },\r\n  \"container\": {\r\n    \"name\": \"faketable\",\r\n    \"query\": \"SELECT ... FROM x where x._ts > @HighWaterMark\"\r\n  },\r\n  \"dataChangeDetectionPolicy\": null,\r\n  \"dataDeletionDetectionPolicy\": null\r\n}",
      "StatusCode": 201
    },
    {
      "RequestUri": "/datasources?api-version=2019-05-06-Preview",
      "EncodedRequestUri": "L2RhdGFzb3VyY2VzP2FwaS12ZXJzaW9uPTIwMTktMDUtMDYtUHJldmlldw==",
      "RequestMethod": "POST",
      "RequestBody": "{\r\n  \"name\": \"azsmnet5758\",\r\n  \"description\": \"Some data source\",\r\n  \"type\": \"cosmosdb\",\r\n  \"credentials\": {\r\n    \"connectionString\": \"AccountEndpoint=https://NotaRealAccount.documents.azure.com;AccountKey=fake;Database=someFakeDatabase\"\r\n  },\r\n  \"container\": {\r\n    \"name\": \"faketable\",\r\n    \"query\": \"SELECT ... FROM x where x._ts > @HighWaterMark\"\r\n  },\r\n  \"dataChangeDetectionPolicy\": {\r\n    \"@odata.type\": \"#Microsoft.Azure.Search.HighWaterMarkChangeDetectionPolicy\",\r\n    \"highWaterMarkColumnName\": \"_ts\"\r\n  }\r\n}",
      "RequestHeaders": {
        "client-request-id": [
          "473ad321-6638-45b2-9210-0ea039070602"
        ],
        "accept-language": [
          "en-US"
        ],
        "api-key": [
          "94D8DDE6EFD19C61DCF329F2AB48B593"
        ],
        "User-Agent": [
          "FxVersion/4.8.4018.0",
          "OSName/Windows",
          "OSVersion/10.0.18362.0",
          "Microsoft.Azure.Search.SearchServiceClient/11.0.0.0"
        ],
        "Content-Type": [
          "application/json; charset=utf-8"
        ],
        "Content-Length": [
          "518"
        ]
      },
      "ResponseHeaders": {
        "Pragma": [
          "no-cache"
        ],
        "request-id": [
          "473ad321-6638-45b2-9210-0ea039070602"
        ],
        "elapsed-time": [
          "37"
        ],
        "OData-Version": [
          "4.0"
        ],
        "Preference-Applied": [
          "odata.include-annotations=\"*\""
        ],
        "Strict-Transport-Security": [
          "max-age=15724800; includeSubDomains"
        ],
        "Cache-Control": [
          "no-cache"
        ],
        "Date": [
          "Mon, 28 Oct 2019 19:43:40 GMT"
        ],
        "ETag": [
          "W/\"0x8D75BDF225ACC5B\""
        ],
        "Location": [
          "https://azs-6047.search-dogfood.windows-int.net/datasources('azsmnet5758')?api-version=2019-05-06-Preview"
        ],
        "Content-Length": [
          "525"
        ],
        "Content-Type": [
          "application/json; odata.metadata=minimal"
        ],
        "Expires": [
          "-1"
        ]
      },
      "ResponseBody": "{\r\n  \"@odata.context\": \"https://azs-6047.search-dogfood.windows-int.net/$metadata#datasources/$entity\",\r\n  \"@odata.etag\": \"\\\"0x8D75BDF225ACC5B\\\"\",\r\n  \"name\": \"azsmnet5758\",\r\n  \"description\": \"Some data source\",\r\n  \"type\": \"cosmosdb\",\r\n  \"subtype\": null,\r\n  \"credentials\": {\r\n    \"connectionString\": null\r\n  },\r\n  \"container\": {\r\n    \"name\": \"faketable\",\r\n    \"query\": \"SELECT ... FROM x where x._ts > @HighWaterMark\"\r\n  },\r\n  \"dataChangeDetectionPolicy\": {\r\n    \"@odata.type\": \"#Microsoft.Azure.Search.HighWaterMarkChangeDetectionPolicy\",\r\n    \"highWaterMarkColumnName\": \"_ts\"\r\n  },\r\n  \"dataDeletionDetectionPolicy\": null\r\n}",
      "StatusCode": 201
    },
    {
      "RequestUri": "/datasources?api-version=2019-05-06-Preview",
      "EncodedRequestUri": "L2RhdGFzb3VyY2VzP2FwaS12ZXJzaW9uPTIwMTktMDUtMDYtUHJldmlldw==",
      "RequestMethod": "POST",
      "RequestBody": "{\r\n  \"name\": \"azsmnet8653\",\r\n  \"description\": \"Some data source\",\r\n  \"type\": \"cosmosdb\",\r\n  \"credentials\": {\r\n    \"connectionString\": \"AccountEndpoint=https://NotaRealAccount.documents.azure.com;AccountKey=fake;Database=someFakeDatabase\"\r\n  },\r\n  \"container\": {\r\n    \"name\": \"faketable\",\r\n    \"query\": \"SELECT ... FROM x where x._ts > @HighWaterMark\"\r\n  },\r\n  \"dataDeletionDetectionPolicy\": {\r\n    \"@odata.type\": \"#Microsoft.Azure.Search.SoftDeleteColumnDeletionDetectionPolicy\",\r\n    \"softDeleteColumnName\": \"isDeleted\",\r\n    \"softDeleteMarkerValue\": \"1\"\r\n  }\r\n}",
      "RequestHeaders": {
        "client-request-id": [
          "1aa2b7d3-4b14-4ba1-8200-1f2d2b6a9099"
        ],
        "accept-language": [
          "en-US"
        ],
        "api-key": [
          "94D8DDE6EFD19C61DCF329F2AB48B593"
        ],
        "User-Agent": [
          "FxVersion/4.8.4018.0",
          "OSName/Windows",
          "OSVersion/10.0.18362.0",
          "Microsoft.Azure.Search.SearchServiceClient/11.0.0.0"
        ],
        "Content-Type": [
          "application/json; charset=utf-8"
        ],
        "Content-Length": [
          "563"
        ]
      },
      "ResponseHeaders": {
        "Pragma": [
          "no-cache"
        ],
        "request-id": [
          "1aa2b7d3-4b14-4ba1-8200-1f2d2b6a9099"
        ],
        "elapsed-time": [
          "32"
        ],
        "OData-Version": [
          "4.0"
        ],
        "Preference-Applied": [
          "odata.include-annotations=\"*\""
        ],
        "Strict-Transport-Security": [
          "max-age=15724800; includeSubDomains"
        ],
        "Cache-Control": [
          "no-cache"
        ],
        "Date": [
          "Mon, 28 Oct 2019 19:43:40 GMT"
        ],
        "ETag": [
          "W/\"0x8D75BDF2275388D\""
        ],
        "Location": [
          "https://azs-6047.search-dogfood.windows-int.net/datasources('azsmnet8653')?api-version=2019-05-06-Preview"
        ],
        "Content-Length": [
          "561"
        ],
        "Content-Type": [
          "application/json; odata.metadata=minimal"
        ],
        "Expires": [
          "-1"
        ]
      },
      "ResponseBody": "{\r\n  \"@odata.context\": \"https://azs-6047.search-dogfood.windows-int.net/$metadata#datasources/$entity\",\r\n  \"@odata.etag\": \"\\\"0x8D75BDF2275388D\\\"\",\r\n  \"name\": \"azsmnet8653\",\r\n  \"description\": \"Some data source\",\r\n  \"type\": \"cosmosdb\",\r\n  \"subtype\": null,\r\n  \"credentials\": {\r\n    \"connectionString\": null\r\n  },\r\n  \"container\": {\r\n    \"name\": \"faketable\",\r\n    \"query\": \"SELECT ... FROM x where x._ts > @HighWaterMark\"\r\n  },\r\n  \"dataChangeDetectionPolicy\": null,\r\n  \"dataDeletionDetectionPolicy\": {\r\n    \"@odata.type\": \"#Microsoft.Azure.Search.SoftDeleteColumnDeletionDetectionPolicy\",\r\n    \"softDeleteColumnName\": \"isDeleted\",\r\n    \"softDeleteMarkerValue\": \"1\"\r\n  }\r\n}",
      "StatusCode": 201
    },
    {
      "RequestUri": "/datasources?api-version=2019-05-06-Preview",
      "EncodedRequestUri": "L2RhdGFzb3VyY2VzP2FwaS12ZXJzaW9uPTIwMTktMDUtMDYtUHJldmlldw==",
      "RequestMethod": "POST",
      "RequestBody": "{\r\n  \"name\": \"azsmnet3559\",\r\n  \"description\": \"Some data source\",\r\n  \"type\": \"cosmosdb\",\r\n  \"credentials\": {\r\n    \"connectionString\": \"AccountEndpoint=https://NotaRealAccount.documents.azure.com;AccountKey=fake;Database=someFakeDatabase\"\r\n  },\r\n  \"container\": {\r\n    \"name\": \"faketable\",\r\n    \"query\": \"SELECT ... FROM x where x._ts > @HighWaterMark\"\r\n  },\r\n  \"dataChangeDetectionPolicy\": {\r\n    \"@odata.type\": \"#Microsoft.Azure.Search.HighWaterMarkChangeDetectionPolicy\",\r\n    \"highWaterMarkColumnName\": \"_ts\"\r\n  },\r\n  \"dataDeletionDetectionPolicy\": {\r\n    \"@odata.type\": \"#Microsoft.Azure.Search.SoftDeleteColumnDeletionDetectionPolicy\",\r\n    \"softDeleteColumnName\": \"isDeleted\",\r\n    \"softDeleteMarkerValue\": \"1\"\r\n  }\r\n}",
      "RequestHeaders": {
        "client-request-id": [
          "e3db55bc-7a3f-4f7d-97f2-58ca7b8ff206"
        ],
        "accept-language": [
          "en-US"
        ],
        "api-key": [
          "94D8DDE6EFD19C61DCF329F2AB48B593"
        ],
        "User-Agent": [
          "FxVersion/4.8.4018.0",
          "OSName/Windows",
          "OSVersion/10.0.18362.0",
          "Microsoft.Azure.Search.SearchServiceClient/11.0.0.0"
        ],
        "Content-Type": [
          "application/json; charset=utf-8"
        ],
        "Content-Length": [
          "723"
        ]
      },
      "ResponseHeaders": {
        "Pragma": [
          "no-cache"
        ],
        "request-id": [
          "e3db55bc-7a3f-4f7d-97f2-58ca7b8ff206"
        ],
        "elapsed-time": [
          "36"
        ],
        "OData-Version": [
          "4.0"
        ],
        "Preference-Applied": [
          "odata.include-annotations=\"*\""
        ],
        "Strict-Transport-Security": [
          "max-age=15724800; includeSubDomains"
        ],
        "Cache-Control": [
          "no-cache"
        ],
        "Date": [
          "Mon, 28 Oct 2019 19:43:40 GMT"
        ],
        "ETag": [
          "W/\"0x8D75BDF22901A03\""
        ],
        "Location": [
          "https://azs-6047.search-dogfood.windows-int.net/datasources('azsmnet3559')?api-version=2019-05-06-Preview"
        ],
        "Content-Length": [
          "665"
        ],
        "Content-Type": [
          "application/json; odata.metadata=minimal"
        ],
        "Expires": [
          "-1"
        ]
      },
      "ResponseBody": "{\r\n  \"@odata.context\": \"https://azs-6047.search-dogfood.windows-int.net/$metadata#datasources/$entity\",\r\n  \"@odata.etag\": \"\\\"0x8D75BDF22901A03\\\"\",\r\n  \"name\": \"azsmnet3559\",\r\n  \"description\": \"Some data source\",\r\n  \"type\": \"cosmosdb\",\r\n  \"subtype\": null,\r\n  \"credentials\": {\r\n    \"connectionString\": null\r\n  },\r\n  \"container\": {\r\n    \"name\": \"faketable\",\r\n    \"query\": \"SELECT ... FROM x where x._ts > @HighWaterMark\"\r\n  },\r\n  \"dataChangeDetectionPolicy\": {\r\n    \"@odata.type\": \"#Microsoft.Azure.Search.HighWaterMarkChangeDetectionPolicy\",\r\n    \"highWaterMarkColumnName\": \"_ts\"\r\n  },\r\n  \"dataDeletionDetectionPolicy\": {\r\n    \"@odata.type\": \"#Microsoft.Azure.Search.SoftDeleteColumnDeletionDetectionPolicy\",\r\n    \"softDeleteColumnName\": \"isDeleted\",\r\n    \"softDeleteMarkerValue\": \"1\"\r\n  }\r\n}",
      "StatusCode": 201
    },
    {
      "RequestUri": "/datasources?api-version=2019-05-06-Preview",
      "EncodedRequestUri": "L2RhdGFzb3VyY2VzP2FwaS12ZXJzaW9uPTIwMTktMDUtMDYtUHJldmlldw==",
      "RequestMethod": "POST",
      "RequestBody": "{\r\n  \"name\": \"azsmnet8818\",\r\n  \"description\": \"Some data source\",\r\n  \"type\": \"azureblob\",\r\n  \"credentials\": {\r\n    \"connectionString\": \"DefaultEndpointsProtocol=https;AccountName=NotaRealAccount;AccountKey=fake;\"\r\n  },\r\n  \"container\": {\r\n    \"name\": \"fakecontainer\",\r\n    \"query\": \"/fakefolder/\"\r\n  }\r\n}",
      "RequestHeaders": {
        "client-request-id": [
          "6aceda8a-8424-42b0-b4d9-2ce1ce955ed4"
        ],
        "accept-language": [
          "en-US"
        ],
        "api-key": [
          "94D8DDE6EFD19C61DCF329F2AB48B593"
        ],
        "User-Agent": [
          "FxVersion/4.8.4018.0",
          "OSName/Windows",
          "OSVersion/10.0.18362.0",
          "Microsoft.Azure.Search.SearchServiceClient/11.0.0.0"
        ],
        "Content-Type": [
          "application/json; charset=utf-8"
        ],
        "Content-Length": [
          "303"
        ]
      },
      "ResponseHeaders": {
        "Pragma": [
          "no-cache"
        ],
        "request-id": [
          "6aceda8a-8424-42b0-b4d9-2ce1ce955ed4"
        ],
        "elapsed-time": [
          "38"
        ],
        "OData-Version": [
          "4.0"
        ],
        "Preference-Applied": [
          "odata.include-annotations=\"*\""
        ],
        "Strict-Transport-Security": [
          "max-age=15724800; includeSubDomains"
        ],
        "Cache-Control": [
          "no-cache"
        ],
        "Date": [
          "Mon, 28 Oct 2019 19:43:41 GMT"
        ],
        "ETag": [
          "W/\"0x8D75BDF22ABBEF7\""
        ],
        "Location": [
          "https://azs-6047.search-dogfood.windows-int.net/datasources('azsmnet8818')?api-version=2019-05-06-Preview"
        ],
        "Content-Length": [
          "392"
        ],
        "Content-Type": [
          "application/json; odata.metadata=minimal"
        ],
        "Expires": [
          "-1"
        ]
      },
      "ResponseBody": "{\r\n  \"@odata.context\": \"https://azs-6047.search-dogfood.windows-int.net/$metadata#datasources/$entity\",\r\n  \"@odata.etag\": \"\\\"0x8D75BDF22ABBEF7\\\"\",\r\n  \"name\": \"azsmnet8818\",\r\n  \"description\": \"Some data source\",\r\n  \"type\": \"azureblob\",\r\n  \"subtype\": null,\r\n  \"credentials\": {\r\n    \"connectionString\": null\r\n  },\r\n  \"container\": {\r\n    \"name\": \"fakecontainer\",\r\n    \"query\": \"/fakefolder/\"\r\n  },\r\n  \"dataChangeDetectionPolicy\": null,\r\n  \"dataDeletionDetectionPolicy\": null\r\n}",
      "StatusCode": 201
    },
    {
      "RequestUri": "/datasources?api-version=2019-05-06-Preview",
      "EncodedRequestUri": "L2RhdGFzb3VyY2VzP2FwaS12ZXJzaW9uPTIwMTktMDUtMDYtUHJldmlldw==",
      "RequestMethod": "POST",
      "RequestBody": "{\r\n  \"name\": \"azsmnet7378\",\r\n  \"description\": \"Some data source\",\r\n  \"type\": \"azureblob\",\r\n  \"credentials\": {\r\n    \"connectionString\": \"DefaultEndpointsProtocol=https;AccountName=NotaRealAccount;AccountKey=fake;\"\r\n  },\r\n  \"container\": {\r\n    \"name\": \"fakecontainer\",\r\n    \"query\": \"/fakefolder/\"\r\n  },\r\n  \"dataDeletionDetectionPolicy\": {\r\n    \"@odata.type\": \"#Microsoft.Azure.Search.SoftDeleteColumnDeletionDetectionPolicy\",\r\n    \"softDeleteColumnName\": \"isDeleted\",\r\n    \"softDeleteMarkerValue\": \"1\"\r\n  }\r\n}",
      "RequestHeaders": {
        "client-request-id": [
          "366f6de9-828f-44b6-94a2-f96fb96ebc8b"
        ],
        "accept-language": [
          "en-US"
        ],
        "api-key": [
          "94D8DDE6EFD19C61DCF329F2AB48B593"
        ],
        "User-Agent": [
          "FxVersion/4.8.4018.0",
          "OSName/Windows",
          "OSVersion/10.0.18362.0",
          "Microsoft.Azure.Search.SearchServiceClient/11.0.0.0"
        ],
        "Content-Type": [
          "application/json; charset=utf-8"
        ],
        "Content-Length": [
          "508"
        ]
      },
      "ResponseHeaders": {
        "Pragma": [
          "no-cache"
        ],
        "request-id": [
          "366f6de9-828f-44b6-94a2-f96fb96ebc8b"
        ],
        "elapsed-time": [
          "55"
        ],
        "OData-Version": [
          "4.0"
        ],
        "Preference-Applied": [
          "odata.include-annotations=\"*\""
        ],
        "Strict-Transport-Security": [
          "max-age=15724800; includeSubDomains"
        ],
        "Cache-Control": [
          "no-cache"
        ],
        "Date": [
          "Mon, 28 Oct 2019 19:43:41 GMT"
        ],
        "ETag": [
          "W/\"0x8D75BDF22C715BC\""
        ],
        "Location": [
          "https://azs-6047.search-dogfood.windows-int.net/datasources('azsmnet7378')?api-version=2019-05-06-Preview"
        ],
        "Content-Length": [
          "532"
        ],
        "Content-Type": [
          "application/json; odata.metadata=minimal"
        ],
        "Expires": [
          "-1"
        ]
      },
      "ResponseBody": "{\r\n  \"@odata.context\": \"https://azs-6047.search-dogfood.windows-int.net/$metadata#datasources/$entity\",\r\n  \"@odata.etag\": \"\\\"0x8D75BDF22C715BC\\\"\",\r\n  \"name\": \"azsmnet7378\",\r\n  \"description\": \"Some data source\",\r\n  \"type\": \"azureblob\",\r\n  \"subtype\": null,\r\n  \"credentials\": {\r\n    \"connectionString\": null\r\n  },\r\n  \"container\": {\r\n    \"name\": \"fakecontainer\",\r\n    \"query\": \"/fakefolder/\"\r\n  },\r\n  \"dataChangeDetectionPolicy\": null,\r\n  \"dataDeletionDetectionPolicy\": {\r\n    \"@odata.type\": \"#Microsoft.Azure.Search.SoftDeleteColumnDeletionDetectionPolicy\",\r\n    \"softDeleteColumnName\": \"isDeleted\",\r\n    \"softDeleteMarkerValue\": \"1\"\r\n  }\r\n}",
      "StatusCode": 201
    },
    {
      "RequestUri": "/datasources?api-version=2019-05-06-Preview",
      "EncodedRequestUri": "L2RhdGFzb3VyY2VzP2FwaS12ZXJzaW9uPTIwMTktMDUtMDYtUHJldmlldw==",
      "RequestMethod": "POST",
      "RequestBody": "{\r\n  \"name\": \"azsmnet3819\",\r\n  \"description\": \"Some data source\",\r\n  \"type\": \"azuretable\",\r\n  \"credentials\": {\r\n    \"connectionString\": \"DefaultEndpointsProtocol=https;AccountName=NotaRealAccount;AccountKey=fake;\"\r\n  },\r\n  \"container\": {\r\n    \"name\": \"faketable\",\r\n    \"query\": \"fake query\"\r\n  }\r\n}",
      "RequestHeaders": {
        "client-request-id": [
          "57eb9cec-0a94-4145-aeff-6bf3aab26aeb"
        ],
        "accept-language": [
          "en-US"
        ],
        "api-key": [
          "94D8DDE6EFD19C61DCF329F2AB48B593"
        ],
        "User-Agent": [
          "FxVersion/4.8.4018.0",
          "OSName/Windows",
          "OSVersion/10.0.18362.0",
          "Microsoft.Azure.Search.SearchServiceClient/11.0.0.0"
        ],
        "Content-Type": [
          "application/json; charset=utf-8"
        ],
        "Content-Length": [
          "298"
        ]
      },
      "ResponseHeaders": {
        "Pragma": [
          "no-cache"
        ],
        "request-id": [
          "57eb9cec-0a94-4145-aeff-6bf3aab26aeb"
        ],
        "elapsed-time": [
          "35"
        ],
        "OData-Version": [
          "4.0"
        ],
        "Preference-Applied": [
          "odata.include-annotations=\"*\""
        ],
        "Strict-Transport-Security": [
          "max-age=15724800; includeSubDomains"
        ],
        "Cache-Control": [
          "no-cache"
        ],
        "Date": [
          "Mon, 28 Oct 2019 19:43:41 GMT"
        ],
        "ETag": [
          "W/\"0x8D75BDF22E5052F\""
        ],
        "Location": [
          "https://azs-6047.search-dogfood.windows-int.net/datasources('azsmnet3819')?api-version=2019-05-06-Preview"
        ],
        "Content-Length": [
          "387"
        ],
        "Content-Type": [
          "application/json; odata.metadata=minimal"
        ],
        "Expires": [
          "-1"
        ]
      },
      "ResponseBody": "{\r\n  \"@odata.context\": \"https://azs-6047.search-dogfood.windows-int.net/$metadata#datasources/$entity\",\r\n  \"@odata.etag\": \"\\\"0x8D75BDF22E5052F\\\"\",\r\n  \"name\": \"azsmnet3819\",\r\n  \"description\": \"Some data source\",\r\n  \"type\": \"azuretable\",\r\n  \"subtype\": null,\r\n  \"credentials\": {\r\n    \"connectionString\": null\r\n  },\r\n  \"container\": {\r\n    \"name\": \"faketable\",\r\n    \"query\": \"fake query\"\r\n  },\r\n  \"dataChangeDetectionPolicy\": null,\r\n  \"dataDeletionDetectionPolicy\": null\r\n}",
      "StatusCode": 201
    },
    {
      "RequestUri": "/datasources?api-version=2019-05-06-Preview",
      "EncodedRequestUri": "L2RhdGFzb3VyY2VzP2FwaS12ZXJzaW9uPTIwMTktMDUtMDYtUHJldmlldw==",
      "RequestMethod": "POST",
      "RequestBody": "{\r\n  \"name\": \"azsmnet5535\",\r\n  \"description\": \"Some data source\",\r\n  \"type\": \"azuretable\",\r\n  \"credentials\": {\r\n    \"connectionString\": \"DefaultEndpointsProtocol=https;AccountName=NotaRealAccount;AccountKey=fake;\"\r\n  },\r\n  \"container\": {\r\n    \"name\": \"faketable\",\r\n    \"query\": \"fake query\"\r\n  },\r\n  \"dataDeletionDetectionPolicy\": {\r\n    \"@odata.type\": \"#Microsoft.Azure.Search.SoftDeleteColumnDeletionDetectionPolicy\",\r\n    \"softDeleteColumnName\": \"isDeleted\",\r\n    \"softDeleteMarkerValue\": \"1\"\r\n  }\r\n}",
      "RequestHeaders": {
        "client-request-id": [
          "c8882447-d2c2-4b9c-8016-921a6ab8e65a"
        ],
        "accept-language": [
          "en-US"
        ],
        "api-key": [
          "94D8DDE6EFD19C61DCF329F2AB48B593"
        ],
        "User-Agent": [
          "FxVersion/4.8.4018.0",
          "OSName/Windows",
          "OSVersion/10.0.18362.0",
          "Microsoft.Azure.Search.SearchServiceClient/11.0.0.0"
        ],
        "Content-Type": [
          "application/json; charset=utf-8"
        ],
        "Content-Length": [
          "503"
        ]
      },
      "ResponseHeaders": {
        "Pragma": [
          "no-cache"
        ],
        "request-id": [
          "c8882447-d2c2-4b9c-8016-921a6ab8e65a"
        ],
        "elapsed-time": [
          "35"
        ],
        "OData-Version": [
          "4.0"
        ],
        "Preference-Applied": [
          "odata.include-annotations=\"*\""
        ],
        "Strict-Transport-Security": [
          "max-age=15724800; includeSubDomains"
        ],
        "Cache-Control": [
          "no-cache"
        ],
        "Date": [
          "Mon, 28 Oct 2019 19:43:41 GMT"
        ],
        "ETag": [
          "W/\"0x8D75BDF2300F855\""
        ],
        "Location": [
          "https://azs-6047.search-dogfood.windows-int.net/datasources('azsmnet5535')?api-version=2019-05-06-Preview"
        ],
        "Content-Length": [
          "527"
        ],
        "Content-Type": [
          "application/json; odata.metadata=minimal"
        ],
        "Expires": [
          "-1"
        ]
      },
      "ResponseBody": "{\r\n  \"@odata.context\": \"https://azs-6047.search-dogfood.windows-int.net/$metadata#datasources/$entity\",\r\n  \"@odata.etag\": \"\\\"0x8D75BDF2300F855\\\"\",\r\n  \"name\": \"azsmnet5535\",\r\n  \"description\": \"Some data source\",\r\n  \"type\": \"azuretable\",\r\n  \"subtype\": null,\r\n  \"credentials\": {\r\n    \"connectionString\": null\r\n  },\r\n  \"container\": {\r\n    \"name\": \"faketable\",\r\n    \"query\": \"fake query\"\r\n  },\r\n  \"dataChangeDetectionPolicy\": null,\r\n  \"dataDeletionDetectionPolicy\": {\r\n    \"@odata.type\": \"#Microsoft.Azure.Search.SoftDeleteColumnDeletionDetectionPolicy\",\r\n    \"softDeleteColumnName\": \"isDeleted\",\r\n    \"softDeleteMarkerValue\": \"1\"\r\n  }\r\n}",
      "StatusCode": 201
    },
    {
      "RequestUri": "/datasources('azsmnet2489')?api-version=2019-05-06-Preview",
      "EncodedRequestUri": "L2RhdGFzb3VyY2VzKCdhenNtbmV0MjQ4OScpP2FwaS12ZXJzaW9uPTIwMTktMDUtMDYtUHJldmlldw==",
      "RequestMethod": "GET",
      "RequestBody": "",
      "RequestHeaders": {
        "client-request-id": [
          "4f3af0ae-c384-4181-804d-375c342bb15a"
        ],
        "accept-language": [
          "en-US"
        ],
        "api-key": [
          "94D8DDE6EFD19C61DCF329F2AB48B593"
        ],
        "User-Agent": [
          "FxVersion/4.8.4018.0",
          "OSName/Windows",
          "OSVersion/10.0.18362.0",
          "Microsoft.Azure.Search.SearchServiceClient/11.0.0.0"
        ]
      },
      "ResponseHeaders": {
        "Pragma": [
          "no-cache"
        ],
        "request-id": [
          "4f3af0ae-c384-4181-804d-375c342bb15a"
        ],
        "elapsed-time": [
          "47"
        ],
        "OData-Version": [
          "4.0"
        ],
        "Preference-Applied": [
          "odata.include-annotations=\"*\""
        ],
        "Strict-Transport-Security": [
          "max-age=15724800; includeSubDomains"
        ],
        "Cache-Control": [
          "no-cache"
        ],
        "Date": [
          "Mon, 28 Oct 2019 19:43:36 GMT"
        ],
        "ETag": [
          "W/\"0x8D75BDF1F927595\""
        ],
        "Content-Length": [
          "378"
        ],
        "Content-Type": [
          "application/json; odata.metadata=minimal; odata.streaming=true"
        ],
        "Expires": [
          "-1"
        ]
      },
      "ResponseBody": "{\r\n  \"@odata.context\": \"https://azs-6047.search-dogfood.windows-int.net/$metadata#datasources/$entity\",\r\n  \"@odata.etag\": \"\\\"0x8D75BDF1F927595\\\"\",\r\n  \"name\": \"azsmnet2489\",\r\n  \"description\": \"Some data source\",\r\n  \"type\": \"azuresql\",\r\n  \"subtype\": null,\r\n  \"credentials\": {\r\n    \"connectionString\": null\r\n  },\r\n  \"container\": {\r\n    \"name\": \"GeoNamesRI\",\r\n    \"query\": null\r\n  },\r\n  \"dataChangeDetectionPolicy\": null,\r\n  \"dataDeletionDetectionPolicy\": null\r\n}",
      "StatusCode": 200
    },
    {
      "RequestUri": "/datasources('azsmnet2489')?api-version=2019-05-06-Preview",
      "EncodedRequestUri": "L2RhdGFzb3VyY2VzKCdhenNtbmV0MjQ4OScpP2FwaS12ZXJzaW9uPTIwMTktMDUtMDYtUHJldmlldw==",
      "RequestMethod": "DELETE",
      "RequestBody": "",
      "RequestHeaders": {
        "client-request-id": [
          "254af512-16a7-494a-80b8-3958085bb37e"
        ],
        "accept-language": [
          "en-US"
        ],
        "api-key": [
          "94D8DDE6EFD19C61DCF329F2AB48B593"
        ],
        "User-Agent": [
          "FxVersion/4.8.4018.0",
          "OSName/Windows",
          "OSVersion/10.0.18362.0",
          "Microsoft.Azure.Search.SearchServiceClient/11.0.0.0"
        ]
      },
      "ResponseHeaders": {
        "Pragma": [
          "no-cache"
        ],
        "request-id": [
          "254af512-16a7-494a-80b8-3958085bb37e"
        ],
        "elapsed-time": [
          "20"
        ],
        "Strict-Transport-Security": [
          "max-age=15724800; includeSubDomains"
        ],
        "Cache-Control": [
          "no-cache"
        ],
        "Date": [
          "Mon, 28 Oct 2019 19:43:36 GMT"
        ],
        "Expires": [
          "-1"
        ]
      },
      "ResponseBody": "",
      "StatusCode": 204
    },
    {
      "RequestUri": "/datasources('azsmnet4950')?api-version=2019-05-06-Preview",
      "EncodedRequestUri": "L2RhdGFzb3VyY2VzKCdhenNtbmV0NDk1MCcpP2FwaS12ZXJzaW9uPTIwMTktMDUtMDYtUHJldmlldw==",
      "RequestMethod": "GET",
      "RequestBody": "",
      "RequestHeaders": {
        "client-request-id": [
          "1988cd09-6f88-4e87-9747-c3f6eab835d1"
        ],
        "accept-language": [
          "en-US"
        ],
        "api-key": [
          "94D8DDE6EFD19C61DCF329F2AB48B593"
        ],
        "User-Agent": [
          "FxVersion/4.8.4018.0",
          "OSName/Windows",
          "OSVersion/10.0.18362.0",
          "Microsoft.Azure.Search.SearchServiceClient/11.0.0.0"
        ]
      },
      "ResponseHeaders": {
        "Pragma": [
          "no-cache"
        ],
        "request-id": [
          "1988cd09-6f88-4e87-9747-c3f6eab835d1"
        ],
        "elapsed-time": [
          "29"
        ],
        "OData-Version": [
          "4.0"
        ],
        "Preference-Applied": [
          "odata.include-annotations=\"*\""
        ],
        "Strict-Transport-Security": [
          "max-age=15724800; includeSubDomains"
        ],
        "Cache-Control": [
          "no-cache"
        ],
        "Date": [
          "Mon, 28 Oct 2019 19:43:36 GMT"
        ],
        "ETag": [
          "W/\"0x8D75BDF1FB5E49A\""
        ],
        "Content-Length": [
          "518"
        ],
        "Content-Type": [
          "application/json; odata.metadata=minimal; odata.streaming=true"
        ],
        "Expires": [
          "-1"
        ]
      },
      "ResponseBody": "{\r\n  \"@odata.context\": \"https://azs-6047.search-dogfood.windows-int.net/$metadata#datasources/$entity\",\r\n  \"@odata.etag\": \"\\\"0x8D75BDF1FB5E49A\\\"\",\r\n  \"name\": \"azsmnet4950\",\r\n  \"description\": \"Some data source\",\r\n  \"type\": \"azuresql\",\r\n  \"subtype\": null,\r\n  \"credentials\": {\r\n    \"connectionString\": null\r\n  },\r\n  \"container\": {\r\n    \"name\": \"GeoNamesRI\",\r\n    \"query\": null\r\n  },\r\n  \"dataChangeDetectionPolicy\": null,\r\n  \"dataDeletionDetectionPolicy\": {\r\n    \"@odata.type\": \"#Microsoft.Azure.Search.SoftDeleteColumnDeletionDetectionPolicy\",\r\n    \"softDeleteColumnName\": \"isDeleted\",\r\n    \"softDeleteMarkerValue\": \"1\"\r\n  }\r\n}",
      "StatusCode": 200
    },
    {
      "RequestUri": "/datasources('azsmnet4950')?api-version=2019-05-06-Preview",
      "EncodedRequestUri": "L2RhdGFzb3VyY2VzKCdhenNtbmV0NDk1MCcpP2FwaS12ZXJzaW9uPTIwMTktMDUtMDYtUHJldmlldw==",
      "RequestMethod": "DELETE",
      "RequestBody": "",
      "RequestHeaders": {
        "client-request-id": [
          "1064f917-0077-4619-934e-2c3d0cea9f1b"
        ],
        "accept-language": [
          "en-US"
        ],
        "api-key": [
          "94D8DDE6EFD19C61DCF329F2AB48B593"
        ],
        "User-Agent": [
          "FxVersion/4.8.4018.0",
          "OSName/Windows",
          "OSVersion/10.0.18362.0",
          "Microsoft.Azure.Search.SearchServiceClient/11.0.0.0"
        ]
      },
      "ResponseHeaders": {
        "Pragma": [
          "no-cache"
        ],
        "request-id": [
          "1064f917-0077-4619-934e-2c3d0cea9f1b"
        ],
        "elapsed-time": [
          "20"
        ],
        "Strict-Transport-Security": [
          "max-age=15724800; includeSubDomains"
        ],
        "Cache-Control": [
          "no-cache"
        ],
        "Date": [
          "Mon, 28 Oct 2019 19:43:36 GMT"
        ],
        "Expires": [
          "-1"
        ]
      },
      "ResponseBody": "",
      "StatusCode": 204
    },
    {
      "RequestUri": "/datasources('azsmnet7666')?api-version=2019-05-06-Preview",
      "EncodedRequestUri": "L2RhdGFzb3VyY2VzKCdhenNtbmV0NzY2NicpP2FwaS12ZXJzaW9uPTIwMTktMDUtMDYtUHJldmlldw==",
      "RequestMethod": "GET",
      "RequestBody": "",
      "RequestHeaders": {
        "client-request-id": [
          "b88fe541-dc20-41a8-8053-93eb516b7dc4"
        ],
        "accept-language": [
          "en-US"
        ],
        "api-key": [
          "94D8DDE6EFD19C61DCF329F2AB48B593"
        ],
        "User-Agent": [
          "FxVersion/4.8.4018.0",
          "OSName/Windows",
          "OSVersion/10.0.18362.0",
          "Microsoft.Azure.Search.SearchServiceClient/11.0.0.0"
        ]
      },
      "ResponseHeaders": {
        "Pragma": [
          "no-cache"
        ],
        "request-id": [
          "b88fe541-dc20-41a8-8053-93eb516b7dc4"
        ],
        "elapsed-time": [
          "8"
        ],
        "OData-Version": [
          "4.0"
        ],
        "Preference-Applied": [
          "odata.include-annotations=\"*\""
        ],
        "Strict-Transport-Security": [
          "max-age=15724800; includeSubDomains"
        ],
        "Cache-Control": [
          "no-cache"
        ],
        "Date": [
          "Mon, 28 Oct 2019 19:43:39 GMT"
        ],
        "ETag": [
          "W/\"0x8D75BDF21789A69\""
        ],
        "Content-Length": [
          "449"
        ],
        "Content-Type": [
          "application/json; odata.metadata=minimal; odata.streaming=true"
        ],
        "Expires": [
          "-1"
        ]
      },
      "ResponseBody": "{\r\n  \"@odata.context\": \"https://azs-6047.search-dogfood.windows-int.net/$metadata#datasources/$entity\",\r\n  \"@odata.etag\": \"\\\"0x8D75BDF21789A69\\\"\",\r\n  \"name\": \"azsmnet7666\",\r\n  \"description\": \"Some data source\",\r\n  \"type\": \"azuresql\",\r\n  \"subtype\": null,\r\n  \"credentials\": {\r\n    \"connectionString\": null\r\n  },\r\n  \"container\": {\r\n    \"name\": \"GeoNamesRI\",\r\n    \"query\": null\r\n  },\r\n  \"dataChangeDetectionPolicy\": {\r\n    \"@odata.type\": \"#Microsoft.Azure.Search.SqlIntegratedChangeTrackingPolicy\"\r\n  },\r\n  \"dataDeletionDetectionPolicy\": null\r\n}",
      "StatusCode": 200
    },
    {
      "RequestUri": "/datasources('azsmnet7666')?api-version=2019-05-06-Preview",
      "EncodedRequestUri": "L2RhdGFzb3VyY2VzKCdhenNtbmV0NzY2NicpP2FwaS12ZXJzaW9uPTIwMTktMDUtMDYtUHJldmlldw==",
      "RequestMethod": "DELETE",
      "RequestBody": "",
      "RequestHeaders": {
        "client-request-id": [
          "420f3e90-50fa-43b3-9e63-29b6d42df5c4"
        ],
        "accept-language": [
          "en-US"
        ],
        "api-key": [
          "94D8DDE6EFD19C61DCF329F2AB48B593"
        ],
        "User-Agent": [
          "FxVersion/4.8.4018.0",
          "OSName/Windows",
          "OSVersion/10.0.18362.0",
          "Microsoft.Azure.Search.SearchServiceClient/11.0.0.0"
        ]
      },
      "ResponseHeaders": {
        "Pragma": [
          "no-cache"
        ],
        "request-id": [
          "420f3e90-50fa-43b3-9e63-29b6d42df5c4"
        ],
        "elapsed-time": [
          "21"
        ],
        "Strict-Transport-Security": [
          "max-age=15724800; includeSubDomains"
        ],
        "Cache-Control": [
          "no-cache"
        ],
        "Date": [
          "Mon, 28 Oct 2019 19:43:39 GMT"
        ],
        "Expires": [
          "-1"
        ]
      },
      "ResponseBody": "",
      "StatusCode": 204
    },
    {
      "RequestUri": "/datasources('azsmnet9815')?api-version=2019-05-06-Preview",
      "EncodedRequestUri": "L2RhdGFzb3VyY2VzKCdhenNtbmV0OTgxNScpP2FwaS12ZXJzaW9uPTIwMTktMDUtMDYtUHJldmlldw==",
      "RequestMethod": "GET",
      "RequestBody": "",
      "RequestHeaders": {
        "client-request-id": [
          "80748d33-583a-4987-86d7-1138babb4c4a"
        ],
        "accept-language": [
          "en-US"
        ],
        "api-key": [
          "94D8DDE6EFD19C61DCF329F2AB48B593"
        ],
        "User-Agent": [
          "FxVersion/4.8.4018.0",
          "OSName/Windows",
          "OSVersion/10.0.18362.0",
          "Microsoft.Azure.Search.SearchServiceClient/11.0.0.0"
        ]
      },
      "ResponseHeaders": {
        "Pragma": [
          "no-cache"
        ],
        "request-id": [
          "80748d33-583a-4987-86d7-1138babb4c4a"
        ],
        "elapsed-time": [
          "27"
        ],
        "OData-Version": [
          "4.0"
        ],
        "Preference-Applied": [
          "odata.include-annotations=\"*\""
        ],
        "Strict-Transport-Security": [
          "max-age=15724800; includeSubDomains"
        ],
        "Cache-Control": [
          "no-cache"
        ],
        "Date": [
          "Mon, 28 Oct 2019 19:43:39 GMT"
        ],
        "ETag": [
          "W/\"0x8D75BDF2191A6C6\""
        ],
        "Content-Length": [
          "629"
        ],
        "Content-Type": [
          "application/json; odata.metadata=minimal; odata.streaming=true"
        ],
        "Expires": [
          "-1"
        ]
      },
      "ResponseBody": "{\r\n  \"@odata.context\": \"https://azs-6047.search-dogfood.windows-int.net/$metadata#datasources/$entity\",\r\n  \"@odata.etag\": \"\\\"0x8D75BDF2191A6C6\\\"\",\r\n  \"name\": \"azsmnet9815\",\r\n  \"description\": \"Some data source\",\r\n  \"type\": \"azuresql\",\r\n  \"subtype\": null,\r\n  \"credentials\": {\r\n    \"connectionString\": null\r\n  },\r\n  \"container\": {\r\n    \"name\": \"GeoNamesRI\",\r\n    \"query\": null\r\n  },\r\n  \"dataChangeDetectionPolicy\": {\r\n    \"@odata.type\": \"#Microsoft.Azure.Search.HighWaterMarkChangeDetectionPolicy\",\r\n    \"highWaterMarkColumnName\": \"fakecolumn\"\r\n  },\r\n  \"dataDeletionDetectionPolicy\": {\r\n    \"@odata.type\": \"#Microsoft.Azure.Search.SoftDeleteColumnDeletionDetectionPolicy\",\r\n    \"softDeleteColumnName\": \"isDeleted\",\r\n    \"softDeleteMarkerValue\": \"1\"\r\n  }\r\n}",
      "StatusCode": 200
    },
    {
      "RequestUri": "/datasources('azsmnet9815')?api-version=2019-05-06-Preview",
      "EncodedRequestUri": "L2RhdGFzb3VyY2VzKCdhenNtbmV0OTgxNScpP2FwaS12ZXJzaW9uPTIwMTktMDUtMDYtUHJldmlldw==",
      "RequestMethod": "DELETE",
      "RequestBody": "",
      "RequestHeaders": {
        "client-request-id": [
          "f768bfdb-91c2-4f02-a952-7aa3e78e76e4"
        ],
        "accept-language": [
          "en-US"
        ],
        "api-key": [
          "94D8DDE6EFD19C61DCF329F2AB48B593"
        ],
        "User-Agent": [
          "FxVersion/4.8.4018.0",
          "OSName/Windows",
          "OSVersion/10.0.18362.0",
          "Microsoft.Azure.Search.SearchServiceClient/11.0.0.0"
        ]
      },
      "ResponseHeaders": {
        "Pragma": [
          "no-cache"
        ],
        "request-id": [
          "f768bfdb-91c2-4f02-a952-7aa3e78e76e4"
        ],
        "elapsed-time": [
          "19"
        ],
        "Strict-Transport-Security": [
          "max-age=15724800; includeSubDomains"
        ],
        "Cache-Control": [
          "no-cache"
        ],
        "Date": [
          "Mon, 28 Oct 2019 19:43:39 GMT"
        ],
        "Expires": [
          "-1"
        ]
      },
      "ResponseBody": "",
      "StatusCode": 204
    },
    {
      "RequestUri": "/datasources('azsmnet4074')?api-version=2019-05-06-Preview",
      "EncodedRequestUri": "L2RhdGFzb3VyY2VzKCdhenNtbmV0NDA3NCcpP2FwaS12ZXJzaW9uPTIwMTktMDUtMDYtUHJldmlldw==",
      "RequestMethod": "GET",
      "RequestBody": "",
      "RequestHeaders": {
        "client-request-id": [
          "ac633345-8616-4ab4-84f0-a6604901b46e"
        ],
        "accept-language": [
          "en-US"
        ],
        "api-key": [
          "94D8DDE6EFD19C61DCF329F2AB48B593"
        ],
        "User-Agent": [
          "FxVersion/4.8.4018.0",
          "OSName/Windows",
          "OSVersion/10.0.18362.0",
          "Microsoft.Azure.Search.SearchServiceClient/11.0.0.0"
        ]
      },
      "ResponseHeaders": {
        "Pragma": [
          "no-cache"
        ],
        "request-id": [
          "ac633345-8616-4ab4-84f0-a6604901b46e"
        ],
        "elapsed-time": [
          "27"
        ],
        "OData-Version": [
          "4.0"
        ],
        "Preference-Applied": [
          "odata.include-annotations=\"*\""
        ],
        "Strict-Transport-Security": [
          "max-age=15724800; includeSubDomains"
        ],
        "Cache-Control": [
          "no-cache"
        ],
        "Date": [
          "Mon, 28 Oct 2019 19:43:39 GMT"
        ],
        "ETag": [
          "W/\"0x8D75BDF21AD4BAC\""
        ],
        "Content-Length": [
          "378"
        ],
        "Content-Type": [
          "application/json; odata.metadata=minimal; odata.streaming=true"
        ],
        "Expires": [
          "-1"
        ]
      },
      "ResponseBody": "{\r\n  \"@odata.context\": \"https://azs-6047.search-dogfood.windows-int.net/$metadata#datasources/$entity\",\r\n  \"@odata.etag\": \"\\\"0x8D75BDF21AD4BAC\\\"\",\r\n  \"name\": \"azsmnet4074\",\r\n  \"description\": \"Some data source\",\r\n  \"type\": \"azuresql\",\r\n  \"subtype\": null,\r\n  \"credentials\": {\r\n    \"connectionString\": null\r\n  },\r\n  \"container\": {\r\n    \"name\": \"GeoNamesRI\",\r\n    \"query\": null\r\n  },\r\n  \"dataChangeDetectionPolicy\": null,\r\n  \"dataDeletionDetectionPolicy\": null\r\n}",
      "StatusCode": 200
    },
    {
      "RequestUri": "/datasources('azsmnet4074')?api-version=2019-05-06-Preview",
      "EncodedRequestUri": "L2RhdGFzb3VyY2VzKCdhenNtbmV0NDA3NCcpP2FwaS12ZXJzaW9uPTIwMTktMDUtMDYtUHJldmlldw==",
      "RequestMethod": "DELETE",
      "RequestBody": "",
      "RequestHeaders": {
        "client-request-id": [
          "0332d134-43c4-48aa-8ebe-267d7f9549d1"
        ],
        "accept-language": [
          "en-US"
        ],
        "api-key": [
          "94D8DDE6EFD19C61DCF329F2AB48B593"
        ],
        "User-Agent": [
          "FxVersion/4.8.4018.0",
          "OSName/Windows",
          "OSVersion/10.0.18362.0",
          "Microsoft.Azure.Search.SearchServiceClient/11.0.0.0"
        ]
      },
      "ResponseHeaders": {
        "Pragma": [
          "no-cache"
        ],
        "request-id": [
          "0332d134-43c4-48aa-8ebe-267d7f9549d1"
        ],
        "elapsed-time": [
          "21"
        ],
        "Strict-Transport-Security": [
          "max-age=15724800; includeSubDomains"
        ],
        "Cache-Control": [
          "no-cache"
        ],
        "Date": [
          "Mon, 28 Oct 2019 19:43:39 GMT"
        ],
        "Expires": [
          "-1"
        ]
      },
      "ResponseBody": "",
      "StatusCode": 204
    },
    {
      "RequestUri": "/datasources('azsmnet5746')?api-version=2019-05-06-Preview",
      "EncodedRequestUri": "L2RhdGFzb3VyY2VzKCdhenNtbmV0NTc0NicpP2FwaS12ZXJzaW9uPTIwMTktMDUtMDYtUHJldmlldw==",
      "RequestMethod": "GET",
      "RequestBody": "",
      "RequestHeaders": {
        "client-request-id": [
          "247d8080-9546-4f33-b723-c27d079f03b3"
        ],
        "accept-language": [
          "en-US"
        ],
        "api-key": [
          "94D8DDE6EFD19C61DCF329F2AB48B593"
        ],
        "User-Agent": [
          "FxVersion/4.8.4018.0",
          "OSName/Windows",
          "OSVersion/10.0.18362.0",
          "Microsoft.Azure.Search.SearchServiceClient/11.0.0.0"
        ]
      },
      "ResponseHeaders": {
        "Pragma": [
          "no-cache"
        ],
        "request-id": [
          "247d8080-9546-4f33-b723-c27d079f03b3"
        ],
        "elapsed-time": [
          "27"
        ],
        "OData-Version": [
          "4.0"
        ],
        "Preference-Applied": [
          "odata.include-annotations=\"*\""
        ],
        "Strict-Transport-Security": [
          "max-age=15724800; includeSubDomains"
        ],
        "Cache-Control": [
          "no-cache"
        ],
        "Date": [
          "Mon, 28 Oct 2019 19:43:39 GMT"
        ],
        "ETag": [
          "W/\"0x8D75BDF21C87B51\""
        ],
        "Content-Length": [
          "518"
        ],
        "Content-Type": [
          "application/json; odata.metadata=minimal; odata.streaming=true"
        ],
        "Expires": [
          "-1"
        ]
      },
      "ResponseBody": "{\r\n  \"@odata.context\": \"https://azs-6047.search-dogfood.windows-int.net/$metadata#datasources/$entity\",\r\n  \"@odata.etag\": \"\\\"0x8D75BDF21C87B51\\\"\",\r\n  \"name\": \"azsmnet5746\",\r\n  \"description\": \"Some data source\",\r\n  \"type\": \"azuresql\",\r\n  \"subtype\": null,\r\n  \"credentials\": {\r\n    \"connectionString\": null\r\n  },\r\n  \"container\": {\r\n    \"name\": \"GeoNamesRI\",\r\n    \"query\": null\r\n  },\r\n  \"dataChangeDetectionPolicy\": null,\r\n  \"dataDeletionDetectionPolicy\": {\r\n    \"@odata.type\": \"#Microsoft.Azure.Search.SoftDeleteColumnDeletionDetectionPolicy\",\r\n    \"softDeleteColumnName\": \"isDeleted\",\r\n    \"softDeleteMarkerValue\": \"1\"\r\n  }\r\n}",
      "StatusCode": 200
    },
    {
      "RequestUri": "/datasources('azsmnet5746')?api-version=2019-05-06-Preview",
      "EncodedRequestUri": "L2RhdGFzb3VyY2VzKCdhenNtbmV0NTc0NicpP2FwaS12ZXJzaW9uPTIwMTktMDUtMDYtUHJldmlldw==",
      "RequestMethod": "DELETE",
      "RequestBody": "",
      "RequestHeaders": {
        "client-request-id": [
          "36441828-4fc8-46eb-9e48-5082932cf066"
        ],
        "accept-language": [
          "en-US"
        ],
        "api-key": [
          "94D8DDE6EFD19C61DCF329F2AB48B593"
        ],
        "User-Agent": [
          "FxVersion/4.8.4018.0",
          "OSName/Windows",
          "OSVersion/10.0.18362.0",
          "Microsoft.Azure.Search.SearchServiceClient/11.0.0.0"
        ]
      },
      "ResponseHeaders": {
        "Pragma": [
          "no-cache"
        ],
        "request-id": [
          "36441828-4fc8-46eb-9e48-5082932cf066"
        ],
        "elapsed-time": [
          "21"
        ],
        "Strict-Transport-Security": [
          "max-age=15724800; includeSubDomains"
        ],
        "Cache-Control": [
          "no-cache"
        ],
        "Date": [
          "Mon, 28 Oct 2019 19:43:39 GMT"
        ],
        "Expires": [
          "-1"
        ]
      },
      "ResponseBody": "",
      "StatusCode": 204
    },
    {
      "RequestUri": "/datasources('azsmnet218')?api-version=2019-05-06-Preview",
      "EncodedRequestUri": "L2RhdGFzb3VyY2VzKCdhenNtbmV0MjE4Jyk/YXBpLXZlcnNpb249MjAxOS0wNS0wNi1QcmV2aWV3",
      "RequestMethod": "GET",
      "RequestBody": "",
      "RequestHeaders": {
        "client-request-id": [
          "b2c8f96f-f63f-43cc-b1ed-e90d025b76f2"
        ],
        "accept-language": [
          "en-US"
        ],
        "api-key": [
          "94D8DDE6EFD19C61DCF329F2AB48B593"
        ],
        "User-Agent": [
          "FxVersion/4.8.4018.0",
          "OSName/Windows",
          "OSVersion/10.0.18362.0",
          "Microsoft.Azure.Search.SearchServiceClient/11.0.0.0"
        ]
      },
      "ResponseHeaders": {
        "Pragma": [
          "no-cache"
        ],
        "request-id": [
          "b2c8f96f-f63f-43cc-b1ed-e90d025b76f2"
        ],
        "elapsed-time": [
          "28"
        ],
        "OData-Version": [
          "4.0"
        ],
        "Preference-Applied": [
          "odata.include-annotations=\"*\""
        ],
        "Strict-Transport-Security": [
          "max-age=15724800; includeSubDomains"
        ],
        "Cache-Control": [
          "no-cache"
        ],
        "Date": [
          "Mon, 28 Oct 2019 19:43:39 GMT"
        ],
        "ETag": [
          "W/\"0x8D75BDF21EF1F6E\""
        ],
        "Content-Length": [
          "448"
        ],
        "Content-Type": [
          "application/json; odata.metadata=minimal; odata.streaming=true"
        ],
        "Expires": [
          "-1"
        ]
      },
      "ResponseBody": "{\r\n  \"@odata.context\": \"https://azs-6047.search-dogfood.windows-int.net/$metadata#datasources/$entity\",\r\n  \"@odata.etag\": \"\\\"0x8D75BDF21EF1F6E\\\"\",\r\n  \"name\": \"azsmnet218\",\r\n  \"description\": \"Some data source\",\r\n  \"type\": \"azuresql\",\r\n  \"subtype\": null,\r\n  \"credentials\": {\r\n    \"connectionString\": null\r\n  },\r\n  \"container\": {\r\n    \"name\": \"GeoNamesRI\",\r\n    \"query\": null\r\n  },\r\n  \"dataChangeDetectionPolicy\": {\r\n    \"@odata.type\": \"#Microsoft.Azure.Search.SqlIntegratedChangeTrackingPolicy\"\r\n  },\r\n  \"dataDeletionDetectionPolicy\": null\r\n}",
      "StatusCode": 200
    },
    {
      "RequestUri": "/datasources('azsmnet218')?api-version=2019-05-06-Preview",
      "EncodedRequestUri": "L2RhdGFzb3VyY2VzKCdhenNtbmV0MjE4Jyk/YXBpLXZlcnNpb249MjAxOS0wNS0wNi1QcmV2aWV3",
      "RequestMethod": "DELETE",
      "RequestBody": "",
      "RequestHeaders": {
        "client-request-id": [
          "fdc4e76c-a1c9-4fc9-826f-22e6042cbf85"
        ],
        "accept-language": [
          "en-US"
        ],
        "api-key": [
          "94D8DDE6EFD19C61DCF329F2AB48B593"
        ],
        "User-Agent": [
          "FxVersion/4.8.4018.0",
          "OSName/Windows",
          "OSVersion/10.0.18362.0",
          "Microsoft.Azure.Search.SearchServiceClient/11.0.0.0"
        ]
      },
      "ResponseHeaders": {
        "Pragma": [
          "no-cache"
        ],
        "request-id": [
          "fdc4e76c-a1c9-4fc9-826f-22e6042cbf85"
        ],
        "elapsed-time": [
          "22"
        ],
        "Strict-Transport-Security": [
          "max-age=15724800; includeSubDomains"
        ],
        "Cache-Control": [
          "no-cache"
        ],
        "Date": [
          "Mon, 28 Oct 2019 19:43:39 GMT"
        ],
        "Expires": [
          "-1"
        ]
      },
      "ResponseBody": "",
      "StatusCode": 204
    },
    {
      "RequestUri": "/datasources('azsmnet6522')?api-version=2019-05-06-Preview",
      "EncodedRequestUri": "L2RhdGFzb3VyY2VzKCdhenNtbmV0NjUyMicpP2FwaS12ZXJzaW9uPTIwMTktMDUtMDYtUHJldmlldw==",
      "RequestMethod": "GET",
      "RequestBody": "",
      "RequestHeaders": {
        "client-request-id": [
          "4b4a3017-117b-455f-bcc3-e99fc4ff3a74"
        ],
        "accept-language": [
          "en-US"
        ],
        "api-key": [
          "94D8DDE6EFD19C61DCF329F2AB48B593"
        ],
        "User-Agent": [
          "FxVersion/4.8.4018.0",
          "OSName/Windows",
          "OSVersion/10.0.18362.0",
          "Microsoft.Azure.Search.SearchServiceClient/11.0.0.0"
        ]
      },
      "ResponseHeaders": {
        "Pragma": [
          "no-cache"
        ],
        "request-id": [
          "4b4a3017-117b-455f-bcc3-e99fc4ff3a74"
        ],
        "elapsed-time": [
          "28"
        ],
        "OData-Version": [
          "4.0"
        ],
        "Preference-Applied": [
          "odata.include-annotations=\"*\""
        ],
        "Strict-Transport-Security": [
          "max-age=15724800; includeSubDomains"
        ],
        "Cache-Control": [
          "no-cache"
        ],
        "Date": [
          "Mon, 28 Oct 2019 19:43:40 GMT"
        ],
        "ETag": [
          "W/\"0x8D75BDF220AEB7D\""
        ],
        "Content-Length": [
          "629"
        ],
        "Content-Type": [
          "application/json; odata.metadata=minimal; odata.streaming=true"
        ],
        "Expires": [
          "-1"
        ]
      },
      "ResponseBody": "{\r\n  \"@odata.context\": \"https://azs-6047.search-dogfood.windows-int.net/$metadata#datasources/$entity\",\r\n  \"@odata.etag\": \"\\\"0x8D75BDF220AEB7D\\\"\",\r\n  \"name\": \"azsmnet6522\",\r\n  \"description\": \"Some data source\",\r\n  \"type\": \"azuresql\",\r\n  \"subtype\": null,\r\n  \"credentials\": {\r\n    \"connectionString\": null\r\n  },\r\n  \"container\": {\r\n    \"name\": \"GeoNamesRI\",\r\n    \"query\": null\r\n  },\r\n  \"dataChangeDetectionPolicy\": {\r\n    \"@odata.type\": \"#Microsoft.Azure.Search.HighWaterMarkChangeDetectionPolicy\",\r\n    \"highWaterMarkColumnName\": \"fakecolumn\"\r\n  },\r\n  \"dataDeletionDetectionPolicy\": {\r\n    \"@odata.type\": \"#Microsoft.Azure.Search.SoftDeleteColumnDeletionDetectionPolicy\",\r\n    \"softDeleteColumnName\": \"isDeleted\",\r\n    \"softDeleteMarkerValue\": \"1\"\r\n  }\r\n}",
      "StatusCode": 200
    },
    {
      "RequestUri": "/datasources('azsmnet6522')?api-version=2019-05-06-Preview",
      "EncodedRequestUri": "L2RhdGFzb3VyY2VzKCdhenNtbmV0NjUyMicpP2FwaS12ZXJzaW9uPTIwMTktMDUtMDYtUHJldmlldw==",
      "RequestMethod": "DELETE",
      "RequestBody": "",
      "RequestHeaders": {
        "client-request-id": [
          "63c3167a-8fcc-456d-959a-b1e269f96959"
        ],
        "accept-language": [
          "en-US"
        ],
        "api-key": [
          "94D8DDE6EFD19C61DCF329F2AB48B593"
        ],
        "User-Agent": [
          "FxVersion/4.8.4018.0",
          "OSName/Windows",
          "OSVersion/10.0.18362.0",
          "Microsoft.Azure.Search.SearchServiceClient/11.0.0.0"
        ]
      },
      "ResponseHeaders": {
        "Pragma": [
          "no-cache"
        ],
        "request-id": [
          "63c3167a-8fcc-456d-959a-b1e269f96959"
        ],
        "elapsed-time": [
          "21"
        ],
        "Strict-Transport-Security": [
          "max-age=15724800; includeSubDomains"
        ],
        "Cache-Control": [
          "no-cache"
        ],
        "Date": [
          "Mon, 28 Oct 2019 19:43:40 GMT"
        ],
        "Expires": [
          "-1"
        ]
      },
      "ResponseBody": "",
      "StatusCode": 204
    },
    {
      "RequestUri": "/datasources('azsmnet8542')?api-version=2019-05-06-Preview",
      "EncodedRequestUri": "L2RhdGFzb3VyY2VzKCdhenNtbmV0ODU0MicpP2FwaS12ZXJzaW9uPTIwMTktMDUtMDYtUHJldmlldw==",
      "RequestMethod": "GET",
      "RequestBody": "",
      "RequestHeaders": {
        "client-request-id": [
          "f57a94c8-c83e-4adc-ba0b-f5e7f1cc25bc"
        ],
        "accept-language": [
          "en-US"
        ],
        "api-key": [
          "94D8DDE6EFD19C61DCF329F2AB48B593"
        ],
        "User-Agent": [
          "FxVersion/4.8.4018.0",
          "OSName/Windows",
          "OSVersion/10.0.18362.0",
          "Microsoft.Azure.Search.SearchServiceClient/11.0.0.0"
        ]
      },
      "ResponseHeaders": {
        "Pragma": [
          "no-cache"
        ],
        "request-id": [
          "f57a94c8-c83e-4adc-ba0b-f5e7f1cc25bc"
        ],
        "elapsed-time": [
          "28"
        ],
        "OData-Version": [
          "4.0"
        ],
        "Preference-Applied": [
          "odata.include-annotations=\"*\""
        ],
        "Strict-Transport-Security": [
          "max-age=15724800; includeSubDomains"
        ],
        "Cache-Control": [
          "no-cache"
        ],
        "Date": [
          "Mon, 28 Oct 2019 19:43:40 GMT"
        ],
        "ETag": [
          "W/\"0x8D75BDF223FC3CD\""
        ],
        "Content-Length": [
          "421"
        ],
        "Content-Type": [
          "application/json; odata.metadata=minimal; odata.streaming=true"
        ],
        "Expires": [
          "-1"
        ]
      },
      "ResponseBody": "{\r\n  \"@odata.context\": \"https://azs-6047.search-dogfood.windows-int.net/$metadata#datasources/$entity\",\r\n  \"@odata.etag\": \"\\\"0x8D75BDF223FC3CD\\\"\",\r\n  \"name\": \"azsmnet8542\",\r\n  \"description\": \"Some data source\",\r\n  \"type\": \"cosmosdb\",\r\n  \"subtype\": null,\r\n  \"credentials\": {\r\n    \"connectionString\": null\r\n  },\r\n  \"container\": {\r\n    \"name\": \"faketable\",\r\n    \"query\": \"SELECT ... FROM x where x._ts > @HighWaterMark\"\r\n  },\r\n  \"dataChangeDetectionPolicy\": null,\r\n  \"dataDeletionDetectionPolicy\": null\r\n}",
      "StatusCode": 200
    },
    {
      "RequestUri": "/datasources('azsmnet8542')?api-version=2019-05-06-Preview",
      "EncodedRequestUri": "L2RhdGFzb3VyY2VzKCdhenNtbmV0ODU0MicpP2FwaS12ZXJzaW9uPTIwMTktMDUtMDYtUHJldmlldw==",
      "RequestMethod": "DELETE",
      "RequestBody": "",
      "RequestHeaders": {
        "client-request-id": [
          "331d331f-043b-4c8d-93a8-7da3bda037fd"
        ],
        "accept-language": [
          "en-US"
        ],
        "api-key": [
          "94D8DDE6EFD19C61DCF329F2AB48B593"
        ],
        "User-Agent": [
          "FxVersion/4.8.4018.0",
          "OSName/Windows",
          "OSVersion/10.0.18362.0",
          "Microsoft.Azure.Search.SearchServiceClient/11.0.0.0"
        ]
      },
      "ResponseHeaders": {
        "Pragma": [
          "no-cache"
        ],
        "request-id": [
          "331d331f-043b-4c8d-93a8-7da3bda037fd"
        ],
        "elapsed-time": [
          "18"
        ],
        "Strict-Transport-Security": [
          "max-age=15724800; includeSubDomains"
        ],
        "Cache-Control": [
          "no-cache"
        ],
        "Date": [
          "Mon, 28 Oct 2019 19:43:40 GMT"
        ],
        "Expires": [
          "-1"
        ]
      },
      "ResponseBody": "",
      "StatusCode": 204
    },
    {
      "RequestUri": "/datasources('azsmnet5758')?api-version=2019-05-06-Preview",
      "EncodedRequestUri": "L2RhdGFzb3VyY2VzKCdhenNtbmV0NTc1OCcpP2FwaS12ZXJzaW9uPTIwMTktMDUtMDYtUHJldmlldw==",
      "RequestMethod": "GET",
      "RequestBody": "",
      "RequestHeaders": {
        "client-request-id": [
          "48f2be75-44f1-4001-a22b-d6dda2f81173"
        ],
        "accept-language": [
          "en-US"
        ],
        "api-key": [
          "94D8DDE6EFD19C61DCF329F2AB48B593"
        ],
        "User-Agent": [
          "FxVersion/4.8.4018.0",
          "OSName/Windows",
          "OSVersion/10.0.18362.0",
          "Microsoft.Azure.Search.SearchServiceClient/11.0.0.0"
        ]
      },
      "ResponseHeaders": {
        "Pragma": [
          "no-cache"
        ],
        "request-id": [
          "48f2be75-44f1-4001-a22b-d6dda2f81173"
        ],
        "elapsed-time": [
          "28"
        ],
        "OData-Version": [
          "4.0"
        ],
        "Preference-Applied": [
          "odata.include-annotations=\"*\""
        ],
        "Strict-Transport-Security": [
          "max-age=15724800; includeSubDomains"
        ],
        "Cache-Control": [
          "no-cache"
        ],
        "Date": [
          "Mon, 28 Oct 2019 19:43:40 GMT"
        ],
        "ETag": [
          "W/\"0x8D75BDF225ACC5B\""
        ],
        "Content-Length": [
          "525"
        ],
        "Content-Type": [
          "application/json; odata.metadata=minimal; odata.streaming=true"
        ],
        "Expires": [
          "-1"
        ]
      },
      "ResponseBody": "{\r\n  \"@odata.context\": \"https://azs-6047.search-dogfood.windows-int.net/$metadata#datasources/$entity\",\r\n  \"@odata.etag\": \"\\\"0x8D75BDF225ACC5B\\\"\",\r\n  \"name\": \"azsmnet5758\",\r\n  \"description\": \"Some data source\",\r\n  \"type\": \"cosmosdb\",\r\n  \"subtype\": null,\r\n  \"credentials\": {\r\n    \"connectionString\": null\r\n  },\r\n  \"container\": {\r\n    \"name\": \"faketable\",\r\n    \"query\": \"SELECT ... FROM x where x._ts > @HighWaterMark\"\r\n  },\r\n  \"dataChangeDetectionPolicy\": {\r\n    \"@odata.type\": \"#Microsoft.Azure.Search.HighWaterMarkChangeDetectionPolicy\",\r\n    \"highWaterMarkColumnName\": \"_ts\"\r\n  },\r\n  \"dataDeletionDetectionPolicy\": null\r\n}",
      "StatusCode": 200
    },
    {
      "RequestUri": "/datasources('azsmnet5758')?api-version=2019-05-06-Preview",
      "EncodedRequestUri": "L2RhdGFzb3VyY2VzKCdhenNtbmV0NTc1OCcpP2FwaS12ZXJzaW9uPTIwMTktMDUtMDYtUHJldmlldw==",
      "RequestMethod": "DELETE",
      "RequestBody": "",
      "RequestHeaders": {
        "client-request-id": [
          "0b607067-03ac-4864-8d4d-2980e6865826"
        ],
        "accept-language": [
          "en-US"
        ],
        "api-key": [
          "94D8DDE6EFD19C61DCF329F2AB48B593"
        ],
        "User-Agent": [
          "FxVersion/4.8.4018.0",
          "OSName/Windows",
          "OSVersion/10.0.18362.0",
          "Microsoft.Azure.Search.SearchServiceClient/11.0.0.0"
        ]
      },
      "ResponseHeaders": {
        "Pragma": [
          "no-cache"
        ],
        "request-id": [
          "0b607067-03ac-4864-8d4d-2980e6865826"
        ],
        "elapsed-time": [
          "19"
        ],
        "Strict-Transport-Security": [
          "max-age=15724800; includeSubDomains"
        ],
        "Cache-Control": [
          "no-cache"
        ],
        "Date": [
          "Mon, 28 Oct 2019 19:43:40 GMT"
        ],
        "Expires": [
          "-1"
        ]
      },
      "ResponseBody": "",
      "StatusCode": 204
    },
    {
      "RequestUri": "/datasources('azsmnet8653')?api-version=2019-05-06-Preview",
      "EncodedRequestUri": "L2RhdGFzb3VyY2VzKCdhenNtbmV0ODY1MycpP2FwaS12ZXJzaW9uPTIwMTktMDUtMDYtUHJldmlldw==",
      "RequestMethod": "GET",
      "RequestBody": "",
      "RequestHeaders": {
        "client-request-id": [
          "ae16e7cc-9b7c-4228-b898-c63cf5594429"
        ],
        "accept-language": [
          "en-US"
        ],
        "api-key": [
          "94D8DDE6EFD19C61DCF329F2AB48B593"
        ],
        "User-Agent": [
          "FxVersion/4.8.4018.0",
          "OSName/Windows",
          "OSVersion/10.0.18362.0",
          "Microsoft.Azure.Search.SearchServiceClient/11.0.0.0"
        ]
      },
      "ResponseHeaders": {
        "Pragma": [
          "no-cache"
        ],
        "request-id": [
          "ae16e7cc-9b7c-4228-b898-c63cf5594429"
        ],
        "elapsed-time": [
          "27"
        ],
        "OData-Version": [
          "4.0"
        ],
        "Preference-Applied": [
          "odata.include-annotations=\"*\""
        ],
        "Strict-Transport-Security": [
          "max-age=15724800; includeSubDomains"
        ],
        "Cache-Control": [
          "no-cache"
        ],
        "Date": [
          "Mon, 28 Oct 2019 19:43:40 GMT"
        ],
        "ETag": [
          "W/\"0x8D75BDF2275388D\""
        ],
        "Content-Length": [
          "561"
        ],
        "Content-Type": [
          "application/json; odata.metadata=minimal; odata.streaming=true"
        ],
        "Expires": [
          "-1"
        ]
      },
      "ResponseBody": "{\r\n  \"@odata.context\": \"https://azs-6047.search-dogfood.windows-int.net/$metadata#datasources/$entity\",\r\n  \"@odata.etag\": \"\\\"0x8D75BDF2275388D\\\"\",\r\n  \"name\": \"azsmnet8653\",\r\n  \"description\": \"Some data source\",\r\n  \"type\": \"cosmosdb\",\r\n  \"subtype\": null,\r\n  \"credentials\": {\r\n    \"connectionString\": null\r\n  },\r\n  \"container\": {\r\n    \"name\": \"faketable\",\r\n    \"query\": \"SELECT ... FROM x where x._ts > @HighWaterMark\"\r\n  },\r\n  \"dataChangeDetectionPolicy\": null,\r\n  \"dataDeletionDetectionPolicy\": {\r\n    \"@odata.type\": \"#Microsoft.Azure.Search.SoftDeleteColumnDeletionDetectionPolicy\",\r\n    \"softDeleteColumnName\": \"isDeleted\",\r\n    \"softDeleteMarkerValue\": \"1\"\r\n  }\r\n}",
      "StatusCode": 200
    },
    {
      "RequestUri": "/datasources('azsmnet8653')?api-version=2019-05-06-Preview",
      "EncodedRequestUri": "L2RhdGFzb3VyY2VzKCdhenNtbmV0ODY1MycpP2FwaS12ZXJzaW9uPTIwMTktMDUtMDYtUHJldmlldw==",
      "RequestMethod": "DELETE",
      "RequestBody": "",
      "RequestHeaders": {
        "client-request-id": [
          "a6ca43da-c66e-4d40-8c80-d8979676df5d"
        ],
        "accept-language": [
          "en-US"
        ],
        "api-key": [
          "94D8DDE6EFD19C61DCF329F2AB48B593"
        ],
        "User-Agent": [
          "FxVersion/4.8.4018.0",
          "OSName/Windows",
          "OSVersion/10.0.18362.0",
          "Microsoft.Azure.Search.SearchServiceClient/11.0.0.0"
        ]
      },
      "ResponseHeaders": {
        "Pragma": [
          "no-cache"
        ],
        "request-id": [
          "a6ca43da-c66e-4d40-8c80-d8979676df5d"
        ],
        "elapsed-time": [
          "20"
        ],
        "Strict-Transport-Security": [
          "max-age=15724800; includeSubDomains"
        ],
        "Cache-Control": [
          "no-cache"
        ],
        "Date": [
          "Mon, 28 Oct 2019 19:43:40 GMT"
        ],
        "Expires": [
          "-1"
        ]
      },
      "ResponseBody": "",
      "StatusCode": 204
    },
    {
      "RequestUri": "/datasources('azsmnet3559')?api-version=2019-05-06-Preview",
      "EncodedRequestUri": "L2RhdGFzb3VyY2VzKCdhenNtbmV0MzU1OScpP2FwaS12ZXJzaW9uPTIwMTktMDUtMDYtUHJldmlldw==",
      "RequestMethod": "GET",
      "RequestBody": "",
      "RequestHeaders": {
        "client-request-id": [
          "b6e5ccdb-f5a3-4092-8e15-e11553bf326c"
        ],
        "accept-language": [
          "en-US"
        ],
        "api-key": [
          "94D8DDE6EFD19C61DCF329F2AB48B593"
        ],
        "User-Agent": [
          "FxVersion/4.8.4018.0",
          "OSName/Windows",
          "OSVersion/10.0.18362.0",
          "Microsoft.Azure.Search.SearchServiceClient/11.0.0.0"
        ]
      },
      "ResponseHeaders": {
        "Pragma": [
          "no-cache"
        ],
        "request-id": [
          "b6e5ccdb-f5a3-4092-8e15-e11553bf326c"
        ],
        "elapsed-time": [
          "29"
        ],
        "OData-Version": [
          "4.0"
        ],
        "Preference-Applied": [
          "odata.include-annotations=\"*\""
        ],
        "Strict-Transport-Security": [
          "max-age=15724800; includeSubDomains"
        ],
        "Cache-Control": [
          "no-cache"
        ],
        "Date": [
          "Mon, 28 Oct 2019 19:43:40 GMT"
        ],
        "ETag": [
          "W/\"0x8D75BDF22901A03\""
        ],
        "Content-Length": [
          "665"
        ],
        "Content-Type": [
          "application/json; odata.metadata=minimal; odata.streaming=true"
        ],
        "Expires": [
          "-1"
        ]
      },
      "ResponseBody": "{\r\n  \"@odata.context\": \"https://azs-6047.search-dogfood.windows-int.net/$metadata#datasources/$entity\",\r\n  \"@odata.etag\": \"\\\"0x8D75BDF22901A03\\\"\",\r\n  \"name\": \"azsmnet3559\",\r\n  \"description\": \"Some data source\",\r\n  \"type\": \"cosmosdb\",\r\n  \"subtype\": null,\r\n  \"credentials\": {\r\n    \"connectionString\": null\r\n  },\r\n  \"container\": {\r\n    \"name\": \"faketable\",\r\n    \"query\": \"SELECT ... FROM x where x._ts > @HighWaterMark\"\r\n  },\r\n  \"dataChangeDetectionPolicy\": {\r\n    \"@odata.type\": \"#Microsoft.Azure.Search.HighWaterMarkChangeDetectionPolicy\",\r\n    \"highWaterMarkColumnName\": \"_ts\"\r\n  },\r\n  \"dataDeletionDetectionPolicy\": {\r\n    \"@odata.type\": \"#Microsoft.Azure.Search.SoftDeleteColumnDeletionDetectionPolicy\",\r\n    \"softDeleteColumnName\": \"isDeleted\",\r\n    \"softDeleteMarkerValue\": \"1\"\r\n  }\r\n}",
      "StatusCode": 200
    },
    {
      "RequestUri": "/datasources('azsmnet3559')?api-version=2019-05-06-Preview",
      "EncodedRequestUri": "L2RhdGFzb3VyY2VzKCdhenNtbmV0MzU1OScpP2FwaS12ZXJzaW9uPTIwMTktMDUtMDYtUHJldmlldw==",
      "RequestMethod": "DELETE",
      "RequestBody": "",
      "RequestHeaders": {
        "client-request-id": [
          "2a7e3be4-4a37-4f72-a7c2-a986729c999c"
        ],
        "accept-language": [
          "en-US"
        ],
        "api-key": [
          "94D8DDE6EFD19C61DCF329F2AB48B593"
        ],
        "User-Agent": [
          "FxVersion/4.8.4018.0",
          "OSName/Windows",
          "OSVersion/10.0.18362.0",
          "Microsoft.Azure.Search.SearchServiceClient/11.0.0.0"
        ]
      },
      "ResponseHeaders": {
        "Pragma": [
          "no-cache"
        ],
        "request-id": [
          "2a7e3be4-4a37-4f72-a7c2-a986729c999c"
        ],
        "elapsed-time": [
          "19"
        ],
        "Strict-Transport-Security": [
          "max-age=15724800; includeSubDomains"
        ],
        "Cache-Control": [
          "no-cache"
        ],
        "Date": [
          "Mon, 28 Oct 2019 19:43:40 GMT"
        ],
        "Expires": [
          "-1"
        ]
      },
      "ResponseBody": "",
      "StatusCode": 204
    },
    {
      "RequestUri": "/datasources('azsmnet8818')?api-version=2019-05-06-Preview",
      "EncodedRequestUri": "L2RhdGFzb3VyY2VzKCdhenNtbmV0ODgxOCcpP2FwaS12ZXJzaW9uPTIwMTktMDUtMDYtUHJldmlldw==",
      "RequestMethod": "GET",
      "RequestBody": "",
      "RequestHeaders": {
        "client-request-id": [
          "11efef38-8640-4b38-894e-ec607e5f59a4"
        ],
        "accept-language": [
          "en-US"
        ],
        "api-key": [
          "94D8DDE6EFD19C61DCF329F2AB48B593"
        ],
        "User-Agent": [
          "FxVersion/4.8.4018.0",
          "OSName/Windows",
          "OSVersion/10.0.18362.0",
          "Microsoft.Azure.Search.SearchServiceClient/11.0.0.0"
        ]
      },
      "ResponseHeaders": {
        "Pragma": [
          "no-cache"
        ],
        "request-id": [
          "11efef38-8640-4b38-894e-ec607e5f59a4"
        ],
        "elapsed-time": [
          "27"
        ],
        "OData-Version": [
          "4.0"
        ],
        "Preference-Applied": [
          "odata.include-annotations=\"*\""
        ],
        "Strict-Transport-Security": [
          "max-age=15724800; includeSubDomains"
        ],
        "Cache-Control": [
          "no-cache"
        ],
        "Date": [
          "Mon, 28 Oct 2019 19:43:41 GMT"
        ],
        "ETag": [
          "W/\"0x8D75BDF22ABBEF7\""
        ],
        "Content-Length": [
          "392"
        ],
        "Content-Type": [
          "application/json; odata.metadata=minimal; odata.streaming=true"
        ],
        "Expires": [
          "-1"
        ]
      },
      "ResponseBody": "{\r\n  \"@odata.context\": \"https://azs-6047.search-dogfood.windows-int.net/$metadata#datasources/$entity\",\r\n  \"@odata.etag\": \"\\\"0x8D75BDF22ABBEF7\\\"\",\r\n  \"name\": \"azsmnet8818\",\r\n  \"description\": \"Some data source\",\r\n  \"type\": \"azureblob\",\r\n  \"subtype\": null,\r\n  \"credentials\": {\r\n    \"connectionString\": null\r\n  },\r\n  \"container\": {\r\n    \"name\": \"fakecontainer\",\r\n    \"query\": \"/fakefolder/\"\r\n  },\r\n  \"dataChangeDetectionPolicy\": null,\r\n  \"dataDeletionDetectionPolicy\": null\r\n}",
      "StatusCode": 200
    },
    {
      "RequestUri": "/datasources('azsmnet8818')?api-version=2019-05-06-Preview",
      "EncodedRequestUri": "L2RhdGFzb3VyY2VzKCdhenNtbmV0ODgxOCcpP2FwaS12ZXJzaW9uPTIwMTktMDUtMDYtUHJldmlldw==",
      "RequestMethod": "DELETE",
      "RequestBody": "",
      "RequestHeaders": {
        "client-request-id": [
          "73fd33cf-2653-4b4d-95fb-76ff63eea0e8"
        ],
        "accept-language": [
          "en-US"
        ],
        "api-key": [
          "94D8DDE6EFD19C61DCF329F2AB48B593"
        ],
        "User-Agent": [
          "FxVersion/4.8.4018.0",
          "OSName/Windows",
          "OSVersion/10.0.18362.0",
          "Microsoft.Azure.Search.SearchServiceClient/11.0.0.0"
        ]
      },
      "ResponseHeaders": {
        "Pragma": [
          "no-cache"
        ],
        "request-id": [
          "73fd33cf-2653-4b4d-95fb-76ff63eea0e8"
        ],
        "elapsed-time": [
          "20"
        ],
        "Strict-Transport-Security": [
          "max-age=15724800; includeSubDomains"
        ],
        "Cache-Control": [
          "no-cache"
        ],
        "Date": [
          "Mon, 28 Oct 2019 19:43:41 GMT"
        ],
        "Expires": [
          "-1"
        ]
      },
      "ResponseBody": "",
      "StatusCode": 204
    },
    {
      "RequestUri": "/datasources('azsmnet7378')?api-version=2019-05-06-Preview",
      "EncodedRequestUri": "L2RhdGFzb3VyY2VzKCdhenNtbmV0NzM3OCcpP2FwaS12ZXJzaW9uPTIwMTktMDUtMDYtUHJldmlldw==",
      "RequestMethod": "GET",
      "RequestBody": "",
      "RequestHeaders": {
        "client-request-id": [
          "95afb85c-b901-4d98-bf99-adbaf7214e2d"
        ],
        "accept-language": [
          "en-US"
        ],
        "api-key": [
          "94D8DDE6EFD19C61DCF329F2AB48B593"
        ],
        "User-Agent": [
          "FxVersion/4.8.4018.0",
          "OSName/Windows",
          "OSVersion/10.0.18362.0",
          "Microsoft.Azure.Search.SearchServiceClient/11.0.0.0"
        ]
      },
      "ResponseHeaders": {
        "Pragma": [
          "no-cache"
        ],
        "request-id": [
          "95afb85c-b901-4d98-bf99-adbaf7214e2d"
        ],
        "elapsed-time": [
          "26"
        ],
        "OData-Version": [
          "4.0"
        ],
        "Preference-Applied": [
          "odata.include-annotations=\"*\""
        ],
        "Strict-Transport-Security": [
          "max-age=15724800; includeSubDomains"
        ],
        "Cache-Control": [
          "no-cache"
        ],
        "Date": [
          "Mon, 28 Oct 2019 19:43:41 GMT"
        ],
        "ETag": [
          "W/\"0x8D75BDF22C715BC\""
        ],
        "Content-Length": [
          "532"
        ],
        "Content-Type": [
          "application/json; odata.metadata=minimal; odata.streaming=true"
        ],
        "Expires": [
          "-1"
        ]
      },
      "ResponseBody": "{\r\n  \"@odata.context\": \"https://azs-6047.search-dogfood.windows-int.net/$metadata#datasources/$entity\",\r\n  \"@odata.etag\": \"\\\"0x8D75BDF22C715BC\\\"\",\r\n  \"name\": \"azsmnet7378\",\r\n  \"description\": \"Some data source\",\r\n  \"type\": \"azureblob\",\r\n  \"subtype\": null,\r\n  \"credentials\": {\r\n    \"connectionString\": null\r\n  },\r\n  \"container\": {\r\n    \"name\": \"fakecontainer\",\r\n    \"query\": \"/fakefolder/\"\r\n  },\r\n  \"dataChangeDetectionPolicy\": null,\r\n  \"dataDeletionDetectionPolicy\": {\r\n    \"@odata.type\": \"#Microsoft.Azure.Search.SoftDeleteColumnDeletionDetectionPolicy\",\r\n    \"softDeleteColumnName\": \"isDeleted\",\r\n    \"softDeleteMarkerValue\": \"1\"\r\n  }\r\n}",
      "StatusCode": 200
    },
    {
      "RequestUri": "/datasources('azsmnet7378')?api-version=2019-05-06-Preview",
      "EncodedRequestUri": "L2RhdGFzb3VyY2VzKCdhenNtbmV0NzM3OCcpP2FwaS12ZXJzaW9uPTIwMTktMDUtMDYtUHJldmlldw==",
      "RequestMethod": "DELETE",
      "RequestBody": "",
      "RequestHeaders": {
        "client-request-id": [
          "ce066d23-256b-4cce-ac24-2cc394f00adc"
        ],
        "accept-language": [
          "en-US"
        ],
        "api-key": [
          "94D8DDE6EFD19C61DCF329F2AB48B593"
        ],
        "User-Agent": [
          "FxVersion/4.8.4018.0",
          "OSName/Windows",
          "OSVersion/10.0.18362.0",
          "Microsoft.Azure.Search.SearchServiceClient/11.0.0.0"
        ]
      },
      "ResponseHeaders": {
        "Pragma": [
          "no-cache"
        ],
        "request-id": [
          "ce066d23-256b-4cce-ac24-2cc394f00adc"
        ],
        "elapsed-time": [
          "19"
        ],
        "Strict-Transport-Security": [
          "max-age=15724800; includeSubDomains"
        ],
        "Cache-Control": [
          "no-cache"
        ],
        "Date": [
          "Mon, 28 Oct 2019 19:43:41 GMT"
        ],
        "Expires": [
          "-1"
        ]
      },
      "ResponseBody": "",
      "StatusCode": 204
    },
    {
      "RequestUri": "/datasources('azsmnet3819')?api-version=2019-05-06-Preview",
      "EncodedRequestUri": "L2RhdGFzb3VyY2VzKCdhenNtbmV0MzgxOScpP2FwaS12ZXJzaW9uPTIwMTktMDUtMDYtUHJldmlldw==",
      "RequestMethod": "GET",
      "RequestBody": "",
      "RequestHeaders": {
        "client-request-id": [
          "11780c5d-5ea5-4975-85c7-df07e2e37592"
        ],
        "accept-language": [
          "en-US"
        ],
        "api-key": [
          "94D8DDE6EFD19C61DCF329F2AB48B593"
        ],
        "User-Agent": [
          "FxVersion/4.8.4018.0",
          "OSName/Windows",
          "OSVersion/10.0.18362.0",
          "Microsoft.Azure.Search.SearchServiceClient/11.0.0.0"
        ]
      },
      "ResponseHeaders": {
        "Pragma": [
          "no-cache"
        ],
        "request-id": [
          "11780c5d-5ea5-4975-85c7-df07e2e37592"
        ],
        "elapsed-time": [
          "33"
        ],
        "OData-Version": [
          "4.0"
        ],
        "Preference-Applied": [
          "odata.include-annotations=\"*\""
        ],
        "Strict-Transport-Security": [
          "max-age=15724800; includeSubDomains"
        ],
        "Cache-Control": [
          "no-cache"
        ],
        "Date": [
          "Mon, 28 Oct 2019 19:43:41 GMT"
        ],
        "ETag": [
          "W/\"0x8D75BDF22E5052F\""
        ],
        "Content-Length": [
          "387"
        ],
        "Content-Type": [
          "application/json; odata.metadata=minimal; odata.streaming=true"
        ],
        "Expires": [
          "-1"
        ]
      },
      "ResponseBody": "{\r\n  \"@odata.context\": \"https://azs-6047.search-dogfood.windows-int.net/$metadata#datasources/$entity\",\r\n  \"@odata.etag\": \"\\\"0x8D75BDF22E5052F\\\"\",\r\n  \"name\": \"azsmnet3819\",\r\n  \"description\": \"Some data source\",\r\n  \"type\": \"azuretable\",\r\n  \"subtype\": null,\r\n  \"credentials\": {\r\n    \"connectionString\": null\r\n  },\r\n  \"container\": {\r\n    \"name\": \"faketable\",\r\n    \"query\": \"fake query\"\r\n  },\r\n  \"dataChangeDetectionPolicy\": null,\r\n  \"dataDeletionDetectionPolicy\": null\r\n}",
      "StatusCode": 200
    },
    {
      "RequestUri": "/datasources('azsmnet3819')?api-version=2019-05-06-Preview",
      "EncodedRequestUri": "L2RhdGFzb3VyY2VzKCdhenNtbmV0MzgxOScpP2FwaS12ZXJzaW9uPTIwMTktMDUtMDYtUHJldmlldw==",
      "RequestMethod": "DELETE",
      "RequestBody": "",
      "RequestHeaders": {
        "client-request-id": [
          "9d688f7a-f026-43bb-8cab-6eed02d70606"
        ],
        "accept-language": [
          "en-US"
        ],
        "api-key": [
          "94D8DDE6EFD19C61DCF329F2AB48B593"
        ],
        "User-Agent": [
          "FxVersion/4.8.4018.0",
          "OSName/Windows",
          "OSVersion/10.0.18362.0",
          "Microsoft.Azure.Search.SearchServiceClient/11.0.0.0"
        ]
      },
      "ResponseHeaders": {
        "Pragma": [
          "no-cache"
        ],
        "request-id": [
          "9d688f7a-f026-43bb-8cab-6eed02d70606"
        ],
        "elapsed-time": [
          "21"
        ],
        "Strict-Transport-Security": [
          "max-age=15724800; includeSubDomains"
        ],
        "Cache-Control": [
          "no-cache"
        ],
        "Date": [
          "Mon, 28 Oct 2019 19:43:41 GMT"
        ],
        "Expires": [
          "-1"
        ]
      },
      "ResponseBody": "",
      "StatusCode": 204
    },
    {
      "RequestUri": "/datasources('azsmnet5535')?api-version=2019-05-06-Preview",
      "EncodedRequestUri": "L2RhdGFzb3VyY2VzKCdhenNtbmV0NTUzNScpP2FwaS12ZXJzaW9uPTIwMTktMDUtMDYtUHJldmlldw==",
      "RequestMethod": "GET",
      "RequestBody": "",
      "RequestHeaders": {
        "client-request-id": [
          "43ff2149-067f-4cbf-b87f-f34dcdb1ccdd"
        ],
        "accept-language": [
          "en-US"
        ],
        "api-key": [
          "94D8DDE6EFD19C61DCF329F2AB48B593"
        ],
        "User-Agent": [
          "FxVersion/4.8.4018.0",
          "OSName/Windows",
          "OSVersion/10.0.18362.0",
          "Microsoft.Azure.Search.SearchServiceClient/11.0.0.0"
        ]
      },
      "ResponseHeaders": {
        "Pragma": [
          "no-cache"
        ],
        "request-id": [
          "43ff2149-067f-4cbf-b87f-f34dcdb1ccdd"
        ],
        "elapsed-time": [
          "28"
        ],
        "OData-Version": [
          "4.0"
        ],
        "Preference-Applied": [
          "odata.include-annotations=\"*\""
        ],
        "Strict-Transport-Security": [
          "max-age=15724800; includeSubDomains"
        ],
        "Cache-Control": [
          "no-cache"
        ],
        "Date": [
          "Mon, 28 Oct 2019 19:43:41 GMT"
        ],
        "ETag": [
          "W/\"0x8D75BDF2300F855\""
        ],
        "Content-Length": [
          "527"
        ],
        "Content-Type": [
          "application/json; odata.metadata=minimal; odata.streaming=true"
        ],
        "Expires": [
          "-1"
        ]
      },
      "ResponseBody": "{\r\n  \"@odata.context\": \"https://azs-6047.search-dogfood.windows-int.net/$metadata#datasources/$entity\",\r\n  \"@odata.etag\": \"\\\"0x8D75BDF2300F855\\\"\",\r\n  \"name\": \"azsmnet5535\",\r\n  \"description\": \"Some data source\",\r\n  \"type\": \"azuretable\",\r\n  \"subtype\": null,\r\n  \"credentials\": {\r\n    \"connectionString\": null\r\n  },\r\n  \"container\": {\r\n    \"name\": \"faketable\",\r\n    \"query\": \"fake query\"\r\n  },\r\n  \"dataChangeDetectionPolicy\": null,\r\n  \"dataDeletionDetectionPolicy\": {\r\n    \"@odata.type\": \"#Microsoft.Azure.Search.SoftDeleteColumnDeletionDetectionPolicy\",\r\n    \"softDeleteColumnName\": \"isDeleted\",\r\n    \"softDeleteMarkerValue\": \"1\"\r\n  }\r\n}",
      "StatusCode": 200
    },
    {
      "RequestUri": "/datasources('azsmnet5535')?api-version=2019-05-06-Preview",
      "EncodedRequestUri": "L2RhdGFzb3VyY2VzKCdhenNtbmV0NTUzNScpP2FwaS12ZXJzaW9uPTIwMTktMDUtMDYtUHJldmlldw==",
      "RequestMethod": "DELETE",
      "RequestBody": "",
      "RequestHeaders": {
        "client-request-id": [
          "ed409592-1050-4f33-a61a-959c40e7879b"
        ],
        "accept-language": [
          "en-US"
        ],
        "api-key": [
          "94D8DDE6EFD19C61DCF329F2AB48B593"
        ],
        "User-Agent": [
          "FxVersion/4.8.4018.0",
          "OSName/Windows",
          "OSVersion/10.0.18362.0",
          "Microsoft.Azure.Search.SearchServiceClient/11.0.0.0"
        ]
      },
      "ResponseHeaders": {
        "Pragma": [
          "no-cache"
        ],
        "request-id": [
          "ed409592-1050-4f33-a61a-959c40e7879b"
        ],
        "elapsed-time": [
          "22"
        ],
        "Strict-Transport-Security": [
          "max-age=15724800; includeSubDomains"
        ],
        "Cache-Control": [
          "no-cache"
        ],
        "Date": [
          "Mon, 28 Oct 2019 19:43:41 GMT"
        ],
        "Expires": [
          "-1"
        ]
      },
      "ResponseBody": "",
      "StatusCode": 204
    },
    {
      "RequestUri": "/subscriptions/3c729b2a-4f86-4bb2-abe8-4b8647af156c/resourceGroups/azsmnet9054/providers/Microsoft.Search/searchServices/azs-6047?api-version=2015-08-19",
      "EncodedRequestUri": "L3N1YnNjcmlwdGlvbnMvM2M3MjliMmEtNGY4Ni00YmIyLWFiZTgtNGI4NjQ3YWYxNTZjL3Jlc291cmNlR3JvdXBzL2F6c21uZXQ5MDU0L3Byb3ZpZGVycy9NaWNyb3NvZnQuU2VhcmNoL3NlYXJjaFNlcnZpY2VzL2F6cy02MDQ3P2FwaS12ZXJzaW9uPTIwMTUtMDgtMTk=",
      "RequestMethod": "DELETE",
      "RequestBody": "",
      "RequestHeaders": {
        "x-ms-client-request-id": [
          "a1a5b0d5-93d0-479e-ae12-20281ac0891c"
        ],
        "accept-language": [
          "en-US"
        ],
        "User-Agent": [
          "FxVersion/4.8.4018.0",
          "OSName/Windows",
          "OSVersion/10.0.18362.0",
          "Microsoft.Azure.Management.Search.SearchManagementClient/3.0.0.0"
        ]
      },
      "ResponseHeaders": {
        "Pragma": [
          "no-cache"
        ],
        "x-ms-request-id": [
          "a1a5b0d5-93d0-479e-ae12-20281ac0891c"
        ],
        "request-id": [
          "a1a5b0d5-93d0-479e-ae12-20281ac0891c"
        ],
        "elapsed-time": [
          "902"
        ],
        "Strict-Transport-Security": [
          "max-age=31536000; includeSubDomains"
        ],
        "x-ms-ratelimit-remaining-subscription-deletes": [
          "14999"
        ],
        "x-ms-correlation-request-id": [
          "299590ba-4b27-462d-a741-34dd85c68f6d"
        ],
        "x-ms-routing-request-id": [
          "NORTHEUROPE:20191028T194345Z:299590ba-4b27-462d-a741-34dd85c68f6d"
        ],
        "X-Content-Type-Options": [
          "nosniff"
        ],
        "Cache-Control": [
          "no-cache"
        ],
        "Date": [
          "Mon, 28 Oct 2019 19:43:45 GMT"
        ],
        "Content-Length": [
          "0"
        ],
        "Expires": [
          "-1"
        ]
      },
      "ResponseBody": "",
      "StatusCode": 200
    }
  ],
  "Names": {
    "GenerateName": [
      "azsmnet9054",
      "azsmnet2489",
      "azsmnet4950",
      "azsmnet7666",
      "azsmnet9815",
      "azsmnet4074",
      "azsmnet5746",
      "azsmnet218",
      "azsmnet6522",
      "azsmnet8542",
      "azsmnet5758",
      "azsmnet8653",
      "azsmnet3559",
      "azsmnet8818",
      "azsmnet7378",
      "azsmnet3819",
      "azsmnet5535"
    ],
    "GenerateServiceName": [
      "azs-6047"
    ]
  },
  "Variables": {
    "SubscriptionId": "3c729b2a-4f86-4bb2-abe8-4b8647af156c"
  }
}