{
  "Entries": [
    {
      "RequestUri": "/luis/authoring/v3.0-preview/apps/6c859d36-47a0-4dd9-a2ab-7817e211646b/versions/0.1/prebuilts",
      "EncodedRequestUri": "L2x1aXMvYXV0aG9yaW5nL3YzLjAtcHJldmlldy9hcHBzLzZjODU5ZDM2LTQ3YTAtNGRkOS1hMmFiLTc4MTdlMjExNjQ2Yi92ZXJzaW9ucy8wLjEvcHJlYnVpbHRz",
      "RequestMethod": "POST",
      "RequestBody": "[\r\n  \"number\"\r\n]",
      "RequestHeaders": {
        "Ocp-Apim-Subscription-Key": [
          "120f721e60454544a884022b1bc988a5"
        ],
        "User-Agent": [
          "FxVersion/4.6.27817.01",
          "OSName/Windows",
          "OSVersion/Microsoft.Windows.10.0.18363.",
          "Microsoft.Azure.CognitiveServices.Language.LUIS.Authoring.LUISAuthoringClient/3.8.0.0"
        ],
        "Content-Type": [
          "application/json; charset=utf-8"
        ],
        "Content-Length": [
          "16"
        ]
      },
      "ResponseHeaders": {
        "Cache-Control": [
          "no-store, proxy-revalidate, no-cache, max-age=0, private"
        ],
        "Pragma": [
          "no-cache"
        ],
        "Apim-Request-Id": [
          "09107848-a371-4723-ac4c-e8eba8e551d1"
        ],
        "Request-Id": [
          "09107848-a371-4723-ac4c-e8eba8e551d1"
        ],
        "Strict-Transport-Security": [
          "max-age=31536000; includeSubDomains; preload"
        ],
        "Request-Context": [
          "appId=cid-v1:26a3540d-a02a-4998-a060-715488fd769b"
        ],
        "X-Content-Type-Options": [
          "nosniff"
        ],
        "X-Frame-Options": [
          "SAMEORIGIN"
        ],
        "Date": [
          "Tue, 29 Oct 2019 13:22:36 GMT"
        ],
        "Content-Length": [
          "128"
        ],
        "Content-Type": [
          "application/json; charset=utf-8"
        ]
      },
      "ResponseBody": "[\r\n  {\r\n    \"id\": \"0938b0f5-ef07-438d-ba52-7295ab9d1ba5\",\r\n    \"name\": \"number\",\r\n    \"typeId\": 2,\r\n    \"readableType\": \"Prebuilt Entity Extractor\",\r\n    \"roles\": []\r\n  }\r\n]",
      "StatusCode": 201
    },
    {
      "RequestUri": "/luis/authoring/v3.0-preview/apps/6c859d36-47a0-4dd9-a2ab-7817e211646b/versions/0.1/prebuilts/0938b0f5-ef07-438d-ba52-7295ab9d1ba5",
      "EncodedRequestUri": "L2x1aXMvYXV0aG9yaW5nL3YzLjAtcHJldmlldy9hcHBzLzZjODU5ZDM2LTQ3YTAtNGRkOS1hMmFiLTc4MTdlMjExNjQ2Yi92ZXJzaW9ucy8wLjEvcHJlYnVpbHRzLzA5MzhiMGY1LWVmMDctNDM4ZC1iYTUyLTcyOTVhYjlkMWJhNQ==",
      "RequestMethod": "GET",
      "RequestBody": "",
      "RequestHeaders": {
        "Ocp-Apim-Subscription-Key": [
          "120f721e60454544a884022b1bc988a5"
        ],
        "User-Agent": [
          "FxVersion/4.6.27817.01",
          "OSName/Windows",
          "OSVersion/Microsoft.Windows.10.0.18363.",
          "Microsoft.Azure.CognitiveServices.Language.LUIS.Authoring.LUISAuthoringClient/3.8.0.0"
        ]
      },
      "ResponseHeaders": {
        "Cache-Control": [
          "no-store, proxy-revalidate, no-cache, max-age=0, private"
        ],
        "Pragma": [
          "no-cache"
        ],
        "Apim-Request-Id": [
          "c89363c7-8f1d-4538-bdee-325fac01617a"
        ],
        "Request-Id": [
          "c89363c7-8f1d-4538-bdee-325fac01617a"
        ],
        "Strict-Transport-Security": [
          "max-age=31536000; includeSubDomains; preload"
        ],
        "Request-Context": [
          "appId=cid-v1:26a3540d-a02a-4998-a060-715488fd769b"
        ],
        "X-Content-Type-Options": [
          "nosniff"
        ],
        "X-Frame-Options": [
          "SAMEORIGIN"
        ],
        "Date": [
          "Tue, 29 Oct 2019 13:22:36 GMT"
        ],
        "Content-Length": [
          "126"
        ],
        "Content-Type": [
          "application/json; charset=utf-8"
        ]
      },
      "ResponseBody": "{\r\n  \"id\": \"0938b0f5-ef07-438d-ba52-7295ab9d1ba5\",\r\n  \"name\": \"number\",\r\n  \"typeId\": 2,\r\n  \"readableType\": \"Prebuilt Entity Extractor\",\r\n  \"roles\": []\r\n}",
      "StatusCode": 200
    },
    {
      "RequestUri": "/luis/authoring/v3.0-preview/apps/6c859d36-47a0-4dd9-a2ab-7817e211646b/versions/0.1/prebuilts/0938b0f5-ef07-438d-ba52-7295ab9d1ba5",
      "EncodedRequestUri": "L2x1aXMvYXV0aG9yaW5nL3YzLjAtcHJldmlldy9hcHBzLzZjODU5ZDM2LTQ3YTAtNGRkOS1hMmFiLTc4MTdlMjExNjQ2Yi92ZXJzaW9ucy8wLjEvcHJlYnVpbHRzLzA5MzhiMGY1LWVmMDctNDM4ZC1iYTUyLTcyOTVhYjlkMWJhNQ==",
      "RequestMethod": "DELETE",
      "RequestBody": "",
      "RequestHeaders": {
        "Ocp-Apim-Subscription-Key": [
          "120f721e60454544a884022b1bc988a5"
        ],
        "User-Agent": [
          "FxVersion/4.6.27817.01",
          "OSName/Windows",
          "OSVersion/Microsoft.Windows.10.0.18363.",
          "Microsoft.Azure.CognitiveServices.Language.LUIS.Authoring.LUISAuthoringClient/3.8.0.0"
        ]
      },
      "ResponseHeaders": {
        "Cache-Control": [
          "no-store, proxy-revalidate, no-cache, max-age=0, private"
        ],
        "Pragma": [
          "no-cache"
        ],
        "Apim-Request-Id": [
          "e9a53832-7617-486c-a950-ab63a66bf95c"
        ],
        "Request-Id": [
          "e9a53832-7617-486c-a950-ab63a66bf95c"
        ],
        "Strict-Transport-Security": [
          "max-age=31536000; includeSubDomains; preload"
        ],
        "Request-Context": [
          "appId=cid-v1:26a3540d-a02a-4998-a060-715488fd769b"
        ],
        "X-Content-Type-Options": [
          "nosniff"
        ],
        "X-Frame-Options": [
          "SAMEORIGIN"
        ],
        "Date": [
          "Tue, 29 Oct 2019 13:22:36 GMT"
        ],
        "Content-Length": [
          "51"
        ],
        "Content-Type": [
          "application/json; charset=utf-8"
        ]
      },
      "ResponseBody": "{\r\n  \"code\": \"Success\",\r\n  \"message\": \"Operation Successful\"\r\n}",
      "StatusCode": 200
    }
  ],
  "Names": {},
  "Variables": {}
}