{
  "Entries": [
    {
      "RequestUri": "/Subscriptions/c183865e-6077-46f2-a3b1-deb0f4f4650a/resourceGroups/siterecoveryprod1/providers/Microsoft.RecoveryServices/vaults/SDKVault/replicationFabrics/SiteRecoveryTestSite1/replicationProtectionContainers?api-version=2016-08-10",
      "EncodedRequestUri": "L1N1YnNjcmlwdGlvbnMvYzE4Mzg2NWUtNjA3Ny00NmYyLWEzYjEtZGViMGY0ZjQ2NTBhL3Jlc291cmNlR3JvdXBzL3NpdGVyZWNvdmVyeXByb2QxL3Byb3ZpZGVycy9NaWNyb3NvZnQuUmVjb3ZlcnlTZXJ2aWNlcy92YXVsdHMvU0RLVmF1bHQvcmVwbGljYXRpb25GYWJyaWNzL1NpdGVSZWNvdmVyeVRlc3RTaXRlMS9yZXBsaWNhdGlvblByb3RlY3Rpb25Db250YWluZXJzP2FwaS12ZXJzaW9uPTIwMTYtMDgtMTA=",
      "RequestMethod": "GET",
      "RequestBody": "",
      "RequestHeaders": {
        "x-ms-client-request-id": [
          "bdd772d4-1d8b-49fe-9575-f9119e15929a"
        ],
        "accept-language": [
          "en-US"
        ],
        "User-Agent": [
          "FxVersion/4.6.25009.03",
          "Microsoft.Azure.Management.RecoveryServices.SiteRecovery.SiteRecoveryManagementClient/1.0.0.0"
        ]
      },
      "ResponseBody": "{\r\n  \"value\": [\r\n    {\r\n      \"id\": \"/Subscriptions/c183865e-6077-46f2-a3b1-deb0f4f4650a/resourceGroups/siterecoveryprod1/providers/Microsoft.RecoveryServices/vaults/SDKVault/replicationFabrics/SiteRecoveryTestSite1/replicationProtectionContainers/cloud_fa06e03b-e306-52f4-a01f-88cdeba67a1c\",\r\n      \"name\": \"cloud_fa06e03b-e306-52f4-a01f-88cdeba67a1c\",\r\n      \"type\": \"Microsoft.RecoveryServices/vaults/replicationFabrics/replicationProtectionContainers\",\r\n      \"properties\": {\r\n        \"fabricFriendlyName\": \"SiteRecoveryTestSite1\",\r\n        \"friendlyName\": \"SiteRecoveryTestSite1\",\r\n        \"fabricType\": \"HyperVSite\",\r\n        \"protectedItemCount\": 1,\r\n        \"pairingStatus\": \"Paired\",\r\n        \"role\": \"Primary\",\r\n        \"fabricSpecificDetails\": null\r\n      }\r\n    }\r\n  ],\r\n  \"nextLink\": null\r\n}",
      "ResponseHeaders": {
        "Content-Type": [
          "application/json"
        ],
        "Expires": [
          "-1"
        ],
        "Cache-Control": [
          "no-cache"
        ],
        "Date": [
          "Mon, 15 May 2017 13:53:24 GMT"
        ],
        "Pragma": [
          "no-cache"
        ],
        "Transfer-Encoding": [
          "chunked"
        ],
        "Server": [
          "Microsoft-IIS/8.0",
          "Microsoft-IIS/8.5"
        ],
        "Vary": [
          "Accept-Encoding"
        ],
        "x-ms-request-id": [
          "bdd772d4-1d8b-49fe-9575-f9119e15929a 5/15/2017 1:53:24 PM"
        ],
        "Strict-Transport-Security": [
          "max-age=31536000; includeSubDomains"
        ],
        "X-AspNet-Version": [
          "4.0.30319"
        ],
        "X-Powered-By": [
          "ASP.NET"
        ],
        "x-ms-client-request-id": [
          "bdd772d4-1d8b-49fe-9575-f9119e15929a"
        ],
        "x-ms-ratelimit-remaining-subscription-reads": [
          "14100"
        ],
        "x-ms-correlation-request-id": [
          "90a60ee4-d2b3-4ff6-85c8-1eab2ddc8d08"
        ],
        "x-ms-routing-request-id": [
          "CENTRALINDIA:20170515T135324Z:90a60ee4-d2b3-4ff6-85c8-1eab2ddc8d08"
        ]
      },
      "StatusCode": 200
    },
    {
      "RequestUri": "/Subscriptions/c183865e-6077-46f2-a3b1-deb0f4f4650a/resourceGroups/siterecoveryprod1/providers/Microsoft.RecoveryServices/vaults/SDKVault/replicationFabrics/SiteRecoveryTestSite1/replicationProtectionContainers/cloud_fa06e03b-e306-52f4-a01f-88cdeba67a1c/replicationProtectedItems/vm2/recoveryPoints?api-version=2016-08-10",
      "EncodedRequestUri": "L1N1YnNjcmlwdGlvbnMvYzE4Mzg2NWUtNjA3Ny00NmYyLWEzYjEtZGViMGY0ZjQ2NTBhL3Jlc291cmNlR3JvdXBzL3NpdGVyZWNvdmVyeXByb2QxL3Byb3ZpZGVycy9NaWNyb3NvZnQuUmVjb3ZlcnlTZXJ2aWNlcy92YXVsdHMvU0RLVmF1bHQvcmVwbGljYXRpb25GYWJyaWNzL1NpdGVSZWNvdmVyeVRlc3RTaXRlMS9yZXBsaWNhdGlvblByb3RlY3Rpb25Db250YWluZXJzL2Nsb3VkX2ZhMDZlMDNiLWUzMDYtNTJmNC1hMDFmLTg4Y2RlYmE2N2ExYy9yZXBsaWNhdGlvblByb3RlY3RlZEl0ZW1zL3ZtMi9yZWNvdmVyeVBvaW50cz9hcGktdmVyc2lvbj0yMDE2LTA4LTEw",
      "RequestMethod": "GET",
      "RequestBody": "",
      "RequestHeaders": {
        "x-ms-client-request-id": [
          "3346201e-5c37-485b-a706-7b776aaa3ec4"
        ],
        "accept-language": [
          "en-US"
        ],
        "User-Agent": [
          "FxVersion/4.6.25009.03",
          "Microsoft.Azure.Management.RecoveryServices.SiteRecovery.SiteRecoveryManagementClient/1.0.0.0"
        ]
      },
      "ResponseBody": "{\r\n  \"value\": [\r\n    {\r\n      \"name\": \"471fbbc7-6e8c-475f-bc97-5d89d856732c\",\r\n      \"type\": \"Microsoft.RecoveryServices/vaults/replicationFabrics/replicationProtectionContainers/replicationProtectedItems/recoveryPoints\",\r\n      \"id\": \"/Subscriptions/c183865e-6077-46f2-a3b1-deb0f4f4650a/resourceGroups/siterecoveryprod1/providers/Microsoft.RecoveryServices/vaults/SDKVault/replicationFabrics/SiteRecoveryTestSite1/replicationProtectionContainers/cloud_fa06e03b-e306-52f4-a01f-88cdeba67a1c/replicationProtectedItems/vm2/recoveryPoints/471fbbc7-6e8c-475f-bc97-5d89d856732c\",\r\n      \"properties\": {\r\n        \"recoveryPointTime\": \"2017-05-15T13:34:35.4120244Z\",\r\n        \"recoveryPointType\": \"CrashConsistent\"\r\n      }\r\n    },\r\n    {\r\n      \"name\": \"bdc783bf-c86d-4fb3-ba44-bd0cd83416b4\",\r\n      \"type\": \"Microsoft.RecoveryServices/vaults/replicationFabrics/replicationProtectionContainers/replicationProtectedItems/recoveryPoints\",\r\n      \"id\": \"/Subscriptions/c183865e-6077-46f2-a3b1-deb0f4f4650a/resourceGroups/siterecoveryprod1/providers/Microsoft.RecoveryServices/vaults/SDKVault/replicationFabrics/SiteRecoveryTestSite1/replicationProtectionContainers/cloud_fa06e03b-e306-52f4-a01f-88cdeba67a1c/replicationProtectedItems/vm2/recoveryPoints/bdc783bf-c86d-4fb3-ba44-bd0cd83416b4\",\r\n      \"properties\": {\r\n        \"recoveryPointTime\": \"2017-05-15T13:39:35.4139776Z\",\r\n        \"recoveryPointType\": \"CrashConsistent\"\r\n      }\r\n    },\r\n    {\r\n      \"name\": \"92eb6e67-ac18-4043-af5e-6cd5d5891810\",\r\n      \"type\": \"Microsoft.RecoveryServices/vaults/replicationFabrics/replicationProtectionContainers/replicationProtectedItems/recoveryPoints\",\r\n      \"id\": \"/Subscriptions/c183865e-6077-46f2-a3b1-deb0f4f4650a/resourceGroups/siterecoveryprod1/providers/Microsoft.RecoveryServices/vaults/SDKVault/replicationFabrics/SiteRecoveryTestSite1/replicationProtectionContainers/cloud_fa06e03b-e306-52f4-a01f-88cdeba67a1c/replicationProtectedItems/vm2/recoveryPoints/92eb6e67-ac18-4043-af5e-6cd5d5891810\",\r\n      \"properties\": {\r\n        \"recoveryPointTime\": \"2017-05-15T13:44:35.4159275Z\",\r\n        \"recoveryPointType\": \"CrashConsistent\"\r\n      }\r\n    },\r\n    {\r\n      \"name\": \"fea6a87e-f27e-4e73-b297-39e81cf857c5\",\r\n      \"type\": \"Microsoft.RecoveryServices/vaults/replicationFabrics/replicationProtectionContainers/replicationProtectedItems/recoveryPoints\",\r\n      \"id\": \"/Subscriptions/c183865e-6077-46f2-a3b1-deb0f4f4650a/resourceGroups/siterecoveryprod1/providers/Microsoft.RecoveryServices/vaults/SDKVault/replicationFabrics/SiteRecoveryTestSite1/replicationProtectionContainers/cloud_fa06e03b-e306-52f4-a01f-88cdeba67a1c/replicationProtectedItems/vm2/recoveryPoints/fea6a87e-f27e-4e73-b297-39e81cf857c5\",\r\n      \"properties\": {\r\n        \"recoveryPointTime\": \"2017-05-15T13:47:31.1669721Z\",\r\n        \"recoveryPointType\": \"CrashConsistent\"\r\n      }\r\n    }\r\n  ],\r\n  \"nextLink\": null\r\n}",
      "ResponseHeaders": {
        "Content-Type": [
          "application/json"
        ],
        "Expires": [
          "-1"
        ],
        "Cache-Control": [
          "no-cache"
        ],
        "Date": [
          "Mon, 15 May 2017 13:53:25 GMT"
        ],
        "Pragma": [
          "no-cache"
        ],
        "Transfer-Encoding": [
          "chunked"
        ],
        "Server": [
          "Microsoft-IIS/8.0",
          "Microsoft-IIS/8.5"
        ],
        "Vary": [
          "Accept-Encoding"
        ],
        "x-ms-request-id": [
          "3346201e-5c37-485b-a706-7b776aaa3ec4 5/15/2017 1:53:26 PM"
        ],
        "Strict-Transport-Security": [
          "max-age=31536000; includeSubDomains"
        ],
        "X-AspNet-Version": [
          "4.0.30319"
        ],
        "X-Powered-By": [
          "ASP.NET"
        ],
        "x-ms-client-request-id": [
          "3346201e-5c37-485b-a706-7b776aaa3ec4"
        ],
        "x-ms-ratelimit-remaining-subscription-reads": [
          "14099"
        ],
        "x-ms-correlation-request-id": [
          "693fb17b-5433-45ec-b86a-24d077da4d70"
        ],
        "x-ms-routing-request-id": [
          "CENTRALINDIA:20170515T135325Z:693fb17b-5433-45ec-b86a-24d077da4d70"
        ]
      },
      "StatusCode": 200
    },
    {
      "RequestUri": "/Subscriptions/c183865e-6077-46f2-a3b1-deb0f4f4650a/resourceGroups/siterecoveryprod1/providers/Microsoft.RecoveryServices/vaults/SDKVault/replicationFabrics/SiteRecoveryTestSite1/replicationProtectionContainers/cloud_fa06e03b-e306-52f4-a01f-88cdeba67a1c/replicationProtectedItems/vm2/applyRecoveryPoint?api-version=2016-08-10",
      "EncodedRequestUri": "L1N1YnNjcmlwdGlvbnMvYzE4Mzg2NWUtNjA3Ny00NmYyLWEzYjEtZGViMGY0ZjQ2NTBhL3Jlc291cmNlR3JvdXBzL3NpdGVyZWNvdmVyeXByb2QxL3Byb3ZpZGVycy9NaWNyb3NvZnQuUmVjb3ZlcnlTZXJ2aWNlcy92YXVsdHMvU0RLVmF1bHQvcmVwbGljYXRpb25GYWJyaWNzL1NpdGVSZWNvdmVyeVRlc3RTaXRlMS9yZXBsaWNhdGlvblByb3RlY3Rpb25Db250YWluZXJzL2Nsb3VkX2ZhMDZlMDNiLWUzMDYtNTJmNC1hMDFmLTg4Y2RlYmE2N2ExYy9yZXBsaWNhdGlvblByb3RlY3RlZEl0ZW1zL3ZtMi9hcHBseVJlY292ZXJ5UG9pbnQ/YXBpLXZlcnNpb249MjAxNi0wOC0xMA==",
      "RequestMethod": "POST",
      "RequestBody": "{\r\n  \"properties\": {\r\n    \"recoveryPointId\": \"/Subscriptions/c183865e-6077-46f2-a3b1-deb0f4f4650a/resourceGroups/siterecoveryprod1/providers/Microsoft.RecoveryServices/vaults/SDKVault/replicationFabrics/SiteRecoveryTestSite1/replicationProtectionContainers/cloud_fa06e03b-e306-52f4-a01f-88cdeba67a1c/replicationProtectedItems/vm2/recoveryPoints/92eb6e67-ac18-4043-af5e-6cd5d5891810\",\r\n    \"providerSpecificDetails\": {\r\n      \"instanceType\": \"HyperVReplicaAzure\",\r\n      \"vaultLocation\": \"West US\"\r\n    }\r\n  }\r\n}",
      "RequestHeaders": {
        "Content-Type": [
          "application/json; charset=utf-8"
        ],
        "Content-Length": [
          "511"
        ],
        "x-ms-client-request-id": [
          "22d846de-2cfa-40a3-a05f-372f47cfa879"
        ],
        "accept-language": [
          "en-US"
        ],
        "User-Agent": [
          "FxVersion/4.6.25009.03",
          "Microsoft.Azure.Management.RecoveryServices.SiteRecovery.SiteRecoveryManagementClient/1.0.0.0"
        ]
      },
      "ResponseBody": "",
      "ResponseHeaders": {
        "Content-Length": [
          "0"
        ],
        "Expires": [
          "-1"
        ],
        "Cache-Control": [
          "no-cache"
        ],
        "Date": [
          "Mon, 15 May 2017 13:53:26 GMT"
        ],
        "Pragma": [
          "no-cache"
        ],
        "Location": [
          "https://management.azure.com/Subscriptions/c183865e-6077-46f2-a3b1-deb0f4f4650a/resourceGroups/siterecoveryprod1/providers/Microsoft.RecoveryServices/vaults/SDKVault/replicationFabrics/SiteRecoveryTestSite1/replicationProtectionContainers/cloud_fa06e03b-e306-52f4-a01f-88cdeba67a1c/replicationProtectedItems/vm2/operationresults/66a0354e-5f45-4286-97e0-351790eb8f56?api-version=2016-08-10"
        ],
        "Retry-After": [
          "30"
        ],
        "x-ms-request-id": [
          "/Subscriptions/c183865e-6077-46f2-a3b1-deb0f4f4650a/resourceGroups/siterecoveryprod1/providers/Microsoft.RecoveryServices/vaults/SDKVault/replicationJobs/66a0354e-5f45-4286-97e0-351790eb8f56",
          "22d846de-2cfa-40a3-a05f-372f47cfa879 5/15/2017 1:53:27 PM"
        ],
        "Azure-AsyncOperation": [
          "https://management.azure.com/Subscriptions/c183865e-6077-46f2-a3b1-deb0f4f4650a/resourceGroups/siterecoveryprod1/providers/Microsoft.RecoveryServices/vaults/SDKVault/replicationJobs/66a0354e-5f45-4286-97e0-351790eb8f56?api-version=2016-08-10"
        ],
        "Strict-Transport-Security": [
          "max-age=31536000; includeSubDomains"
        ],
        "x-ms-client-request-id": [
          "22d846de-2cfa-40a3-a05f-372f47cfa879"
        ],
        "X-Powered-By": [
          "ASP.NET"
        ],
        "x-ms-ratelimit-remaining-subscription-writes": [
          "1198"
        ],
        "x-ms-correlation-request-id": [
          "a846ac9a-3d35-4751-b97c-e1dbb8e6872d"
        ],
        "x-ms-routing-request-id": [
          "CENTRALINDIA:20170515T135326Z:a846ac9a-3d35-4751-b97c-e1dbb8e6872d"
        ]
      },
      "StatusCode": 202
    },
    {
      "RequestUri": "/Subscriptions/c183865e-6077-46f2-a3b1-deb0f4f4650a/resourceGroups/siterecoveryprod1/providers/Microsoft.RecoveryServices/vaults/SDKVault/replicationJobs/66a0354e-5f45-4286-97e0-351790eb8f56?api-version=2016-08-10",
      "EncodedRequestUri": "L1N1YnNjcmlwdGlvbnMvYzE4Mzg2NWUtNjA3Ny00NmYyLWEzYjEtZGViMGY0ZjQ2NTBhL3Jlc291cmNlR3JvdXBzL3NpdGVyZWNvdmVyeXByb2QxL3Byb3ZpZGVycy9NaWNyb3NvZnQuUmVjb3ZlcnlTZXJ2aWNlcy92YXVsdHMvU0RLVmF1bHQvcmVwbGljYXRpb25Kb2JzLzY2YTAzNTRlLTVmNDUtNDI4Ni05N2UwLTM1MTc5MGViOGY1Nj9hcGktdmVyc2lvbj0yMDE2LTA4LTEw",
      "RequestMethod": "GET",
      "RequestBody": "",
      "RequestHeaders": {
        "User-Agent": [
          "FxVersion/4.6.25009.03",
          "Microsoft.Azure.Management.RecoveryServices.SiteRecovery.SiteRecoveryManagementClient/1.0.0.0"
        ]
      },
      "ResponseBody": "{\r\n  \"id\": \"/Subscriptions/c183865e-6077-46f2-a3b1-deb0f4f4650a/resourceGroups/siterecoveryprod1/providers/Microsoft.RecoveryServices/vaults/SDKVault/replicationJobs/66a0354e-5f45-4286-97e0-351790eb8f56\",\r\n  \"name\": \"66a0354e-5f45-4286-97e0-351790eb8f56\",\r\n  \"properties\": {\r\n    \"activityId\": \"22d846de-2cfa-40a3-a05f-372f47cfa879 ActivityId: a846ac9a-3d35-4751-b97c-e1dbb8e6872d\",\r\n    \"scenarioName\": \"ChangePit\",\r\n    \"friendlyName\": \"Change the recovery point\",\r\n    \"state\": \"InProgress\",\r\n    \"stateDescription\": \"InProgress\",\r\n    \"tasks\": [\r\n      {\r\n        \"taskId\": \"51e9c29c-a180-4ac0-959d-a15b625f28a0\",\r\n        \"name\": \"ChangePitPreflightCheck\",\r\n        \"startTime\": \"2017-05-15T13:53:27.5056266Z\",\r\n        \"endTime\": \"2017-05-15T13:53:30.6156192Z\",\r\n        \"allowedActions\": [],\r\n        \"friendlyName\": \"Change the prerequisites check\",\r\n        \"state\": \"Succeeded\",\r\n        \"stateDescription\": \"Completed\",\r\n        \"taskType\": \"TaskDetails\",\r\n        \"customDetails\": {\r\n          \"instanceType\": \"TaskDetails\"\r\n        },\r\n        \"groupTaskCustomDetails\": null,\r\n        \"errors\": []\r\n      },\r\n      {\r\n        \"taskId\": \"5559af91-1aff-480e-ac42-23420dbd5a15\",\r\n        \"name\": \"ShutdownVmRecovery\",\r\n        \"startTime\": \"2017-05-15T13:53:30.678121Z\",\r\n        \"endTime\": \"0001-01-01T00:00:00\",\r\n        \"allowedActions\": [],\r\n        \"friendlyName\": \"Shutdown the virtual machine on recovery\",\r\n        \"state\": \"InProgress\",\r\n        \"stateDescription\": \"InProgress\",\r\n        \"taskType\": \"TaskDetails\",\r\n        \"customDetails\": {\r\n          \"instanceType\": \"TaskDetails\"\r\n        },\r\n        \"groupTaskCustomDetails\": null,\r\n        \"errors\": []\r\n      },\r\n      {\r\n        \"taskId\": \"ea6e7936-1231-4045-aba3-ca648bb9a4ce\",\r\n        \"name\": \"CancelFailoverRecovery\",\r\n        \"startTime\": \"0001-01-01T00:00:00\",\r\n        \"endTime\": \"0001-01-01T00:00:00\",\r\n        \"allowedActions\": [],\r\n        \"friendlyName\": \"Cancel failover recovery\",\r\n        \"state\": \"NotStarted\",\r\n        \"stateDescription\": \"NotStarted\",\r\n        \"taskType\": \"TaskDetails\",\r\n        \"customDetails\": {\r\n          \"instanceType\": \"TaskDetails\"\r\n        },\r\n        \"groupTaskCustomDetails\": null,\r\n        \"errors\": []\r\n      },\r\n      {\r\n        \"taskId\": \"d1f33c41-4e13-48a3-99b2-b7edbee72508\",\r\n        \"name\": \"VmFailover\",\r\n        \"startTime\": \"0001-01-01T00:00:00\",\r\n        \"endTime\": \"0001-01-01T00:00:00\",\r\n        \"allowedActions\": [],\r\n        \"friendlyName\": \"Start failover\",\r\n        \"state\": \"NotStarted\",\r\n        \"stateDescription\": \"NotStarted\",\r\n        \"taskType\": \"TaskDetails\",\r\n        \"customDetails\": {\r\n          \"instanceType\": \"TaskDetails\"\r\n        },\r\n        \"groupTaskCustomDetails\": null,\r\n        \"errors\": []\r\n      },\r\n      {\r\n        \"taskId\": \"d59b1784-a246-4042-89fd-fe04196b0b01\",\r\n        \"name\": \"VmFoStartVmOnSecondary\",\r\n        \"startTime\": \"0001-01-01T00:00:00\",\r\n        \"endTime\": \"0001-01-01T00:00:00\",\r\n        \"allowedActions\": [],\r\n        \"friendlyName\": \"Start the replica virtual machine\",\r\n        \"state\": \"NotStarted\",\r\n        \"stateDescription\": \"NotStarted\",\r\n        \"taskType\": \"TaskDetails\",\r\n        \"customDetails\": {\r\n          \"instanceType\": \"TaskDetails\"\r\n        },\r\n        \"groupTaskCustomDetails\": null,\r\n        \"errors\": []\r\n      }\r\n    ],\r\n    \"errors\": [],\r\n    \"startTime\": \"2017-05-15T13:53:27.0887478Z\",\r\n    \"allowedActions\": [\r\n      \"Cancel\"\r\n    ],\r\n    \"targetObjectId\": \"cf29eb7a-58e1-45b4-b760-c530c1134df4\",\r\n    \"targetObjectName\": \"vm2\",\r\n    \"targetInstanceType\": \"ProtectionEntity\",\r\n    \"customDetails\": {\r\n      \"instanceType\": \"AsrJobDetails\",\r\n      \"affectedObjectDetails\": {\r\n        \"PrimaryVmId\": \"cf29eb7a-58e1-45b4-b760-c530c1134df4\",\r\n        \"PrimaryVmName\": \"vm2\",\r\n        \"RecoveryVmId\": \"\",\r\n        \"RecoveryVmName\": \"vm2\",\r\n        \"ProtectionProfileId\": \"0cf7844a-0d07-5dcc-9184-43f90652cd9c\",\r\n        \"PrimaryCloudId\": \"cloud_fa06e03b-e306-52f4-a01f-88cdeba67a1c\",\r\n        \"PrimaryCloudName\": \"SiteRecoveryTestSite1\",\r\n        \"RecoveryCloudId\": \"d38048d4-b460-4791-8ece-108395ee8478\",\r\n        \"RecoveryCloudName\": \"Microsoft Azure\",\r\n        \"PrimaryVmmId\": \"fa06e03b-e306-52f4-a01f-88cdeba67a1c\",\r\n        \"PrimaryVmmName\": \"SiteRecoveryTestSite1\",\r\n        \"RecoveryVmmId\": \"21a9403c-6ec1-44f2-b744-b4e50b792387\",\r\n        \"RecoveryVmmName\": \"Microsoft Azure\",\r\n        \"PrimaryFabricProviderId\": \"HyperVSite\",\r\n        \"RecoveryFabricProviderId\": \"Azure\"\r\n      }\r\n    }\r\n  },\r\n  \"status\": \"InProgress\",\r\n  \"error\": null,\r\n  \"startTime\": \"2017-05-15T13:53:27.0887478Z\",\r\n  \"endTime\": null\r\n}",
      "ResponseHeaders": {
        "Content-Type": [
          "application/json"
        ],
        "Expires": [
          "-1"
        ],
        "Cache-Control": [
          "no-cache"
        ],
        "Date": [
          "Mon, 15 May 2017 13:53:56 GMT"
        ],
        "Pragma": [
          "no-cache"
        ],
        "Transfer-Encoding": [
          "chunked"
        ],
        "Server": [
          "Microsoft-IIS/8.0",
          "Microsoft-IIS/8.5"
        ],
        "Vary": [
          "Accept-Encoding"
        ],
        "x-ms-request-id": [
          "/Subscriptions/c183865e-6077-46f2-a3b1-deb0f4f4650a/resourceGroups/siterecoveryprod1/providers/Microsoft.RecoveryServices/vaults/SDKVault/replicationJobs/66a0354e-5f45-4286-97e0-351790eb8f56"
        ],
        "Strict-Transport-Security": [
          "max-age=31536000; includeSubDomains"
        ],
        "X-AspNet-Version": [
          "4.0.30319"
        ],
        "X-Powered-By": [
          "ASP.NET"
        ],
        "x-ms-client-request-id": [
          "b80f52db-8e6d-44f7-b4ef-978af8a38066"
        ],
        "x-ms-ratelimit-remaining-subscription-reads": [
          "14087"
        ],
        "x-ms-correlation-request-id": [
          "2ad626b5-93a9-4899-b636-65df4d57447f"
        ],
        "x-ms-routing-request-id": [
          "CENTRALINDIA:20170515T135357Z:2ad626b5-93a9-4899-b636-65df4d57447f"
        ]
      },
      "StatusCode": 200
    },
    {
      "RequestUri": "/Subscriptions/c183865e-6077-46f2-a3b1-deb0f4f4650a/resourceGroups/siterecoveryprod1/providers/Microsoft.RecoveryServices/vaults/SDKVault/replicationJobs/66a0354e-5f45-4286-97e0-351790eb8f56?api-version=2016-08-10",
      "EncodedRequestUri": "L1N1YnNjcmlwdGlvbnMvYzE4Mzg2NWUtNjA3Ny00NmYyLWEzYjEtZGViMGY0ZjQ2NTBhL3Jlc291cmNlR3JvdXBzL3NpdGVyZWNvdmVyeXByb2QxL3Byb3ZpZGVycy9NaWNyb3NvZnQuUmVjb3ZlcnlTZXJ2aWNlcy92YXVsdHMvU0RLVmF1bHQvcmVwbGljYXRpb25Kb2JzLzY2YTAzNTRlLTVmNDUtNDI4Ni05N2UwLTM1MTc5MGViOGY1Nj9hcGktdmVyc2lvbj0yMDE2LTA4LTEw",
      "RequestMethod": "GET",
      "RequestBody": "",
      "RequestHeaders": {
        "User-Agent": [
          "FxVersion/4.6.25009.03",
          "Microsoft.Azure.Management.RecoveryServices.SiteRecovery.SiteRecoveryManagementClient/1.0.0.0"
        ]
      },
      "ResponseBody": "{\r\n  \"id\": \"/Subscriptions/c183865e-6077-46f2-a3b1-deb0f4f4650a/resourceGroups/siterecoveryprod1/providers/Microsoft.RecoveryServices/vaults/SDKVault/replicationJobs/66a0354e-5f45-4286-97e0-351790eb8f56\",\r\n  \"name\": \"66a0354e-5f45-4286-97e0-351790eb8f56\",\r\n  \"properties\": {\r\n    \"activityId\": \"22d846de-2cfa-40a3-a05f-372f47cfa879 ActivityId: a846ac9a-3d35-4751-b97c-e1dbb8e6872d\",\r\n    \"scenarioName\": \"ChangePit\",\r\n    \"friendlyName\": \"Change the recovery point\",\r\n    \"state\": \"InProgress\",\r\n    \"stateDescription\": \"InProgress\",\r\n    \"tasks\": [\r\n      {\r\n        \"taskId\": \"51e9c29c-a180-4ac0-959d-a15b625f28a0\",\r\n        \"name\": \"ChangePitPreflightCheck\",\r\n        \"startTime\": \"2017-05-15T13:53:27.5056266Z\",\r\n        \"endTime\": \"2017-05-15T13:53:30.6156192Z\",\r\n        \"allowedActions\": [],\r\n        \"friendlyName\": \"Change the prerequisites check\",\r\n        \"state\": \"Succeeded\",\r\n        \"stateDescription\": \"Completed\",\r\n        \"taskType\": \"TaskDetails\",\r\n        \"customDetails\": {\r\n          \"instanceType\": \"TaskDetails\"\r\n        },\r\n        \"groupTaskCustomDetails\": null,\r\n        \"errors\": []\r\n      },\r\n      {\r\n        \"taskId\": \"5559af91-1aff-480e-ac42-23420dbd5a15\",\r\n        \"name\": \"ShutdownVmRecovery\",\r\n        \"startTime\": \"2017-05-15T13:53:30.678121Z\",\r\n        \"endTime\": \"0001-01-01T00:00:00\",\r\n        \"allowedActions\": [],\r\n        \"friendlyName\": \"Shutdown the virtual machine on recovery\",\r\n        \"state\": \"InProgress\",\r\n        \"stateDescription\": \"InProgress\",\r\n        \"taskType\": \"TaskDetails\",\r\n        \"customDetails\": {\r\n          \"instanceType\": \"TaskDetails\"\r\n        },\r\n        \"groupTaskCustomDetails\": null,\r\n        \"errors\": []\r\n      },\r\n      {\r\n        \"taskId\": \"ea6e7936-1231-4045-aba3-ca648bb9a4ce\",\r\n        \"name\": \"CancelFailoverRecovery\",\r\n        \"startTime\": \"0001-01-01T00:00:00\",\r\n        \"endTime\": \"0001-01-01T00:00:00\",\r\n        \"allowedActions\": [],\r\n        \"friendlyName\": \"Cancel failover recovery\",\r\n        \"state\": \"NotStarted\",\r\n        \"stateDescription\": \"NotStarted\",\r\n        \"taskType\": \"TaskDetails\",\r\n        \"customDetails\": {\r\n          \"instanceType\": \"TaskDetails\"\r\n        },\r\n        \"groupTaskCustomDetails\": null,\r\n        \"errors\": []\r\n      },\r\n      {\r\n        \"taskId\": \"d1f33c41-4e13-48a3-99b2-b7edbee72508\",\r\n        \"name\": \"VmFailover\",\r\n        \"startTime\": \"0001-01-01T00:00:00\",\r\n        \"endTime\": \"0001-01-01T00:00:00\",\r\n        \"allowedActions\": [],\r\n        \"friendlyName\": \"Start failover\",\r\n        \"state\": \"NotStarted\",\r\n        \"stateDescription\": \"NotStarted\",\r\n        \"taskType\": \"TaskDetails\",\r\n        \"customDetails\": {\r\n          \"instanceType\": \"TaskDetails\"\r\n        },\r\n        \"groupTaskCustomDetails\": null,\r\n        \"errors\": []\r\n      },\r\n      {\r\n        \"taskId\": \"d59b1784-a246-4042-89fd-fe04196b0b01\",\r\n        \"name\": \"VmFoStartVmOnSecondary\",\r\n        \"startTime\": \"0001-01-01T00:00:00\",\r\n        \"endTime\": \"0001-01-01T00:00:00\",\r\n        \"allowedActions\": [],\r\n        \"friendlyName\": \"Start the replica virtual machine\",\r\n        \"state\": \"NotStarted\",\r\n        \"stateDescription\": \"NotStarted\",\r\n        \"taskType\": \"TaskDetails\",\r\n        \"customDetails\": {\r\n          \"instanceType\": \"TaskDetails\"\r\n        },\r\n        \"groupTaskCustomDetails\": null,\r\n        \"errors\": []\r\n      }\r\n    ],\r\n    \"errors\": [],\r\n    \"startTime\": \"2017-05-15T13:53:27.0887478Z\",\r\n    \"allowedActions\": [\r\n      \"Cancel\"\r\n    ],\r\n    \"targetObjectId\": \"cf29eb7a-58e1-45b4-b760-c530c1134df4\",\r\n    \"targetObjectName\": \"vm2\",\r\n    \"targetInstanceType\": \"ProtectionEntity\",\r\n    \"customDetails\": {\r\n      \"instanceType\": \"AsrJobDetails\",\r\n      \"affectedObjectDetails\": {\r\n        \"PrimaryVmId\": \"cf29eb7a-58e1-45b4-b760-c530c1134df4\",\r\n        \"PrimaryVmName\": \"vm2\",\r\n        \"RecoveryVmId\": \"\",\r\n        \"RecoveryVmName\": \"vm2\",\r\n        \"ProtectionProfileId\": \"0cf7844a-0d07-5dcc-9184-43f90652cd9c\",\r\n        \"PrimaryCloudId\": \"cloud_fa06e03b-e306-52f4-a01f-88cdeba67a1c\",\r\n        \"PrimaryCloudName\": \"SiteRecoveryTestSite1\",\r\n        \"RecoveryCloudId\": \"d38048d4-b460-4791-8ece-108395ee8478\",\r\n        \"RecoveryCloudName\": \"Microsoft Azure\",\r\n        \"PrimaryVmmId\": \"fa06e03b-e306-52f4-a01f-88cdeba67a1c\",\r\n        \"PrimaryVmmName\": \"SiteRecoveryTestSite1\",\r\n        \"RecoveryVmmId\": \"21a9403c-6ec1-44f2-b744-b4e50b792387\",\r\n        \"RecoveryVmmName\": \"Microsoft Azure\",\r\n        \"PrimaryFabricProviderId\": \"HyperVSite\",\r\n        \"RecoveryFabricProviderId\": \"Azure\"\r\n      }\r\n    }\r\n  },\r\n  \"status\": \"InProgress\",\r\n  \"error\": null,\r\n  \"startTime\": \"2017-05-15T13:53:27.0887478Z\",\r\n  \"endTime\": null\r\n}",
      "ResponseHeaders": {
        "Content-Type": [
          "application/json"
        ],
        "Expires": [
          "-1"
        ],
        "Cache-Control": [
          "no-cache"
        ],
        "Date": [
          "Mon, 15 May 2017 13:54:27 GMT"
        ],
        "Pragma": [
          "no-cache"
        ],
        "Transfer-Encoding": [
          "chunked"
        ],
        "Server": [
          "Microsoft-IIS/8.0",
          "Microsoft-IIS/8.5"
        ],
        "Vary": [
          "Accept-Encoding"
        ],
        "x-ms-request-id": [
          "/Subscriptions/c183865e-6077-46f2-a3b1-deb0f4f4650a/resourceGroups/siterecoveryprod1/providers/Microsoft.RecoveryServices/vaults/SDKVault/replicationJobs/66a0354e-5f45-4286-97e0-351790eb8f56"
        ],
        "Strict-Transport-Security": [
          "max-age=31536000; includeSubDomains"
        ],
        "X-AspNet-Version": [
          "4.0.30319"
        ],
        "X-Powered-By": [
          "ASP.NET"
        ],
        "x-ms-client-request-id": [
          "98d874d4-e5cd-43e7-93a9-a63e8ba5fb85"
        ],
        "x-ms-ratelimit-remaining-subscription-reads": [
          "14079"
        ],
        "x-ms-correlation-request-id": [
          "d1ed0e7d-6971-40fd-a64e-57d9ee4d1cc2"
        ],
        "x-ms-routing-request-id": [
          "CENTRALINDIA:20170515T135427Z:d1ed0e7d-6971-40fd-a64e-57d9ee4d1cc2"
        ]
      },
      "StatusCode": 200
    },
    {
      "RequestUri": "/Subscriptions/c183865e-6077-46f2-a3b1-deb0f4f4650a/resourceGroups/siterecoveryprod1/providers/Microsoft.RecoveryServices/vaults/SDKVault/replicationJobs/66a0354e-5f45-4286-97e0-351790eb8f56?api-version=2016-08-10",
      "EncodedRequestUri": "L1N1YnNjcmlwdGlvbnMvYzE4Mzg2NWUtNjA3Ny00NmYyLWEzYjEtZGViMGY0ZjQ2NTBhL3Jlc291cmNlR3JvdXBzL3NpdGVyZWNvdmVyeXByb2QxL3Byb3ZpZGVycy9NaWNyb3NvZnQuUmVjb3ZlcnlTZXJ2aWNlcy92YXVsdHMvU0RLVmF1bHQvcmVwbGljYXRpb25Kb2JzLzY2YTAzNTRlLTVmNDUtNDI4Ni05N2UwLTM1MTc5MGViOGY1Nj9hcGktdmVyc2lvbj0yMDE2LTA4LTEw",
      "RequestMethod": "GET",
      "RequestBody": "",
      "RequestHeaders": {
        "User-Agent": [
          "FxVersion/4.6.25009.03",
          "Microsoft.Azure.Management.RecoveryServices.SiteRecovery.SiteRecoveryManagementClient/1.0.0.0"
        ]
      },
      "ResponseBody": "{\r\n  \"id\": \"/Subscriptions/c183865e-6077-46f2-a3b1-deb0f4f4650a/resourceGroups/siterecoveryprod1/providers/Microsoft.RecoveryServices/vaults/SDKVault/replicationJobs/66a0354e-5f45-4286-97e0-351790eb8f56\",\r\n  \"name\": \"66a0354e-5f45-4286-97e0-351790eb8f56\",\r\n  \"properties\": {\r\n    \"activityId\": \"22d846de-2cfa-40a3-a05f-372f47cfa879 ActivityId: a846ac9a-3d35-4751-b97c-e1dbb8e6872d\",\r\n    \"scenarioName\": \"ChangePit\",\r\n    \"friendlyName\": \"Change the recovery point\",\r\n    \"state\": \"InProgress\",\r\n    \"stateDescription\": \"InProgress\",\r\n    \"tasks\": [\r\n      {\r\n        \"taskId\": \"51e9c29c-a180-4ac0-959d-a15b625f28a0\",\r\n        \"name\": \"ChangePitPreflightCheck\",\r\n        \"startTime\": \"2017-05-15T13:53:27.5056266Z\",\r\n        \"endTime\": \"2017-05-15T13:53:30.6156192Z\",\r\n        \"allowedActions\": [],\r\n        \"friendlyName\": \"Change the prerequisites check\",\r\n        \"state\": \"Succeeded\",\r\n        \"stateDescription\": \"Completed\",\r\n        \"taskType\": \"TaskDetails\",\r\n        \"customDetails\": {\r\n          \"instanceType\": \"TaskDetails\"\r\n        },\r\n        \"groupTaskCustomDetails\": null,\r\n        \"errors\": []\r\n      },\r\n      {\r\n        \"taskId\": \"5559af91-1aff-480e-ac42-23420dbd5a15\",\r\n        \"name\": \"ShutdownVmRecovery\",\r\n        \"startTime\": \"2017-05-15T13:53:30.678121Z\",\r\n        \"endTime\": \"0001-01-01T00:00:00\",\r\n        \"allowedActions\": [],\r\n        \"friendlyName\": \"Shutdown the virtual machine on recovery\",\r\n        \"state\": \"InProgress\",\r\n        \"stateDescription\": \"InProgress\",\r\n        \"taskType\": \"TaskDetails\",\r\n        \"customDetails\": {\r\n          \"instanceType\": \"TaskDetails\"\r\n        },\r\n        \"groupTaskCustomDetails\": null,\r\n        \"errors\": []\r\n      },\r\n      {\r\n        \"taskId\": \"ea6e7936-1231-4045-aba3-ca648bb9a4ce\",\r\n        \"name\": \"CancelFailoverRecovery\",\r\n        \"startTime\": \"0001-01-01T00:00:00\",\r\n        \"endTime\": \"0001-01-01T00:00:00\",\r\n        \"allowedActions\": [],\r\n        \"friendlyName\": \"Cancel failover recovery\",\r\n        \"state\": \"NotStarted\",\r\n        \"stateDescription\": \"NotStarted\",\r\n        \"taskType\": \"TaskDetails\",\r\n        \"customDetails\": {\r\n          \"instanceType\": \"TaskDetails\"\r\n        },\r\n        \"groupTaskCustomDetails\": null,\r\n        \"errors\": []\r\n      },\r\n      {\r\n        \"taskId\": \"d1f33c41-4e13-48a3-99b2-b7edbee72508\",\r\n        \"name\": \"VmFailover\",\r\n        \"startTime\": \"0001-01-01T00:00:00\",\r\n        \"endTime\": \"0001-01-01T00:00:00\",\r\n        \"allowedActions\": [],\r\n        \"friendlyName\": \"Start failover\",\r\n        \"state\": \"NotStarted\",\r\n        \"stateDescription\": \"NotStarted\",\r\n        \"taskType\": \"TaskDetails\",\r\n        \"customDetails\": {\r\n          \"instanceType\": \"TaskDetails\"\r\n        },\r\n        \"groupTaskCustomDetails\": null,\r\n        \"errors\": []\r\n      },\r\n      {\r\n        \"taskId\": \"d59b1784-a246-4042-89fd-fe04196b0b01\",\r\n        \"name\": \"VmFoStartVmOnSecondary\",\r\n        \"startTime\": \"0001-01-01T00:00:00\",\r\n        \"endTime\": \"0001-01-01T00:00:00\",\r\n        \"allowedActions\": [],\r\n        \"friendlyName\": \"Start the replica virtual machine\",\r\n        \"state\": \"NotStarted\",\r\n        \"stateDescription\": \"NotStarted\",\r\n        \"taskType\": \"TaskDetails\",\r\n        \"customDetails\": {\r\n          \"instanceType\": \"TaskDetails\"\r\n        },\r\n        \"groupTaskCustomDetails\": null,\r\n        \"errors\": []\r\n      }\r\n    ],\r\n    \"errors\": [],\r\n    \"startTime\": \"2017-05-15T13:53:27.0887478Z\",\r\n    \"allowedActions\": [\r\n      \"Cancel\"\r\n    ],\r\n    \"targetObjectId\": \"cf29eb7a-58e1-45b4-b760-c530c1134df4\",\r\n    \"targetObjectName\": \"vm2\",\r\n    \"targetInstanceType\": \"ProtectionEntity\",\r\n    \"customDetails\": {\r\n      \"instanceType\": \"AsrJobDetails\",\r\n      \"affectedObjectDetails\": {\r\n        \"PrimaryVmId\": \"cf29eb7a-58e1-45b4-b760-c530c1134df4\",\r\n        \"PrimaryVmName\": \"vm2\",\r\n        \"RecoveryVmId\": \"\",\r\n        \"RecoveryVmName\": \"vm2\",\r\n        \"ProtectionProfileId\": \"0cf7844a-0d07-5dcc-9184-43f90652cd9c\",\r\n        \"PrimaryCloudId\": \"cloud_fa06e03b-e306-52f4-a01f-88cdeba67a1c\",\r\n        \"PrimaryCloudName\": \"SiteRecoveryTestSite1\",\r\n        \"RecoveryCloudId\": \"d38048d4-b460-4791-8ece-108395ee8478\",\r\n        \"RecoveryCloudName\": \"Microsoft Azure\",\r\n        \"PrimaryVmmId\": \"fa06e03b-e306-52f4-a01f-88cdeba67a1c\",\r\n        \"PrimaryVmmName\": \"SiteRecoveryTestSite1\",\r\n        \"RecoveryVmmId\": \"21a9403c-6ec1-44f2-b744-b4e50b792387\",\r\n        \"RecoveryVmmName\": \"Microsoft Azure\",\r\n        \"PrimaryFabricProviderId\": \"HyperVSite\",\r\n        \"RecoveryFabricProviderId\": \"Azure\"\r\n      }\r\n    }\r\n  },\r\n  \"status\": \"InProgress\",\r\n  \"error\": null,\r\n  \"startTime\": \"2017-05-15T13:53:27.0887478Z\",\r\n  \"endTime\": null\r\n}",
      "ResponseHeaders": {
        "Content-Type": [
          "application/json"
        ],
        "Expires": [
          "-1"
        ],
        "Cache-Control": [
          "no-cache"
        ],
        "Date": [
          "Mon, 15 May 2017 13:54:57 GMT"
        ],
        "Pragma": [
          "no-cache"
        ],
        "Transfer-Encoding": [
          "chunked"
        ],
        "Server": [
          "Microsoft-IIS/8.0",
          "Microsoft-IIS/8.5"
        ],
        "Vary": [
          "Accept-Encoding"
        ],
        "x-ms-request-id": [
          "/Subscriptions/c183865e-6077-46f2-a3b1-deb0f4f4650a/resourceGroups/siterecoveryprod1/providers/Microsoft.RecoveryServices/vaults/SDKVault/replicationJobs/66a0354e-5f45-4286-97e0-351790eb8f56"
        ],
        "Strict-Transport-Security": [
          "max-age=31536000; includeSubDomains"
        ],
        "X-AspNet-Version": [
          "4.0.30319"
        ],
        "X-Powered-By": [
          "ASP.NET"
        ],
        "x-ms-client-request-id": [
          "31a09d29-afa6-40d6-92a0-b9482dba1db4"
        ],
        "x-ms-ratelimit-remaining-subscription-reads": [
          "14071"
        ],
        "x-ms-correlation-request-id": [
          "96557267-4d52-4b11-b86d-1c28a01ddcd5"
        ],
        "x-ms-routing-request-id": [
          "CENTRALINDIA:20170515T135458Z:96557267-4d52-4b11-b86d-1c28a01ddcd5"
        ]
      },
      "StatusCode": 200
    },
    {
      "RequestUri": "/Subscriptions/c183865e-6077-46f2-a3b1-deb0f4f4650a/resourceGroups/siterecoveryprod1/providers/Microsoft.RecoveryServices/vaults/SDKVault/replicationJobs/66a0354e-5f45-4286-97e0-351790eb8f56?api-version=2016-08-10",
      "EncodedRequestUri": "L1N1YnNjcmlwdGlvbnMvYzE4Mzg2NWUtNjA3Ny00NmYyLWEzYjEtZGViMGY0ZjQ2NTBhL3Jlc291cmNlR3JvdXBzL3NpdGVyZWNvdmVyeXByb2QxL3Byb3ZpZGVycy9NaWNyb3NvZnQuUmVjb3ZlcnlTZXJ2aWNlcy92YXVsdHMvU0RLVmF1bHQvcmVwbGljYXRpb25Kb2JzLzY2YTAzNTRlLTVmNDUtNDI4Ni05N2UwLTM1MTc5MGViOGY1Nj9hcGktdmVyc2lvbj0yMDE2LTA4LTEw",
      "RequestMethod": "GET",
      "RequestBody": "",
      "RequestHeaders": {
        "User-Agent": [
          "FxVersion/4.6.25009.03",
          "Microsoft.Azure.Management.RecoveryServices.SiteRecovery.SiteRecoveryManagementClient/1.0.0.0"
        ]
      },
      "ResponseBody": "{\r\n  \"id\": \"/Subscriptions/c183865e-6077-46f2-a3b1-deb0f4f4650a/resourceGroups/siterecoveryprod1/providers/Microsoft.RecoveryServices/vaults/SDKVault/replicationJobs/66a0354e-5f45-4286-97e0-351790eb8f56\",\r\n  \"name\": \"66a0354e-5f45-4286-97e0-351790eb8f56\",\r\n  \"properties\": {\r\n    \"activityId\": \"22d846de-2cfa-40a3-a05f-372f47cfa879 ActivityId: a846ac9a-3d35-4751-b97c-e1dbb8e6872d\",\r\n    \"scenarioName\": \"ChangePit\",\r\n    \"friendlyName\": \"Change the recovery point\",\r\n    \"state\": \"InProgress\",\r\n    \"stateDescription\": \"InProgress\",\r\n    \"tasks\": [\r\n      {\r\n        \"taskId\": \"51e9c29c-a180-4ac0-959d-a15b625f28a0\",\r\n        \"name\": \"ChangePitPreflightCheck\",\r\n        \"startTime\": \"2017-05-15T13:53:27.5056266Z\",\r\n        \"endTime\": \"2017-05-15T13:53:30.6156192Z\",\r\n        \"allowedActions\": [],\r\n        \"friendlyName\": \"Change the prerequisites check\",\r\n        \"state\": \"Succeeded\",\r\n        \"stateDescription\": \"Completed\",\r\n        \"taskType\": \"TaskDetails\",\r\n        \"customDetails\": {\r\n          \"instanceType\": \"TaskDetails\"\r\n        },\r\n        \"groupTaskCustomDetails\": null,\r\n        \"errors\": []\r\n      },\r\n      {\r\n        \"taskId\": \"5559af91-1aff-480e-ac42-23420dbd5a15\",\r\n        \"name\": \"ShutdownVmRecovery\",\r\n        \"startTime\": \"2017-05-15T13:53:30.678121Z\",\r\n        \"endTime\": \"0001-01-01T00:00:00\",\r\n        \"allowedActions\": [],\r\n        \"friendlyName\": \"Shutdown the virtual machine on recovery\",\r\n        \"state\": \"InProgress\",\r\n        \"stateDescription\": \"InProgress\",\r\n        \"taskType\": \"TaskDetails\",\r\n        \"customDetails\": {\r\n          \"instanceType\": \"TaskDetails\"\r\n        },\r\n        \"groupTaskCustomDetails\": null,\r\n        \"errors\": []\r\n      },\r\n      {\r\n        \"taskId\": \"ea6e7936-1231-4045-aba3-ca648bb9a4ce\",\r\n        \"name\": \"CancelFailoverRecovery\",\r\n        \"startTime\": \"0001-01-01T00:00:00\",\r\n        \"endTime\": \"0001-01-01T00:00:00\",\r\n        \"allowedActions\": [],\r\n        \"friendlyName\": \"Cancel failover recovery\",\r\n        \"state\": \"NotStarted\",\r\n        \"stateDescription\": \"NotStarted\",\r\n        \"taskType\": \"TaskDetails\",\r\n        \"customDetails\": {\r\n          \"instanceType\": \"TaskDetails\"\r\n        },\r\n        \"groupTaskCustomDetails\": null,\r\n        \"errors\": []\r\n      },\r\n      {\r\n        \"taskId\": \"d1f33c41-4e13-48a3-99b2-b7edbee72508\",\r\n        \"name\": \"VmFailover\",\r\n        \"startTime\": \"0001-01-01T00:00:00\",\r\n        \"endTime\": \"0001-01-01T00:00:00\",\r\n        \"allowedActions\": [],\r\n        \"friendlyName\": \"Start failover\",\r\n        \"state\": \"NotStarted\",\r\n        \"stateDescription\": \"NotStarted\",\r\n        \"taskType\": \"TaskDetails\",\r\n        \"customDetails\": {\r\n          \"instanceType\": \"TaskDetails\"\r\n        },\r\n        \"groupTaskCustomDetails\": null,\r\n        \"errors\": []\r\n      },\r\n      {\r\n        \"taskId\": \"d59b1784-a246-4042-89fd-fe04196b0b01\",\r\n        \"name\": \"VmFoStartVmOnSecondary\",\r\n        \"startTime\": \"0001-01-01T00:00:00\",\r\n        \"endTime\": \"0001-01-01T00:00:00\",\r\n        \"allowedActions\": [],\r\n        \"friendlyName\": \"Start the replica virtual machine\",\r\n        \"state\": \"NotStarted\",\r\n        \"stateDescription\": \"NotStarted\",\r\n        \"taskType\": \"TaskDetails\",\r\n        \"customDetails\": {\r\n          \"instanceType\": \"TaskDetails\"\r\n        },\r\n        \"groupTaskCustomDetails\": null,\r\n        \"errors\": []\r\n      }\r\n    ],\r\n    \"errors\": [],\r\n    \"startTime\": \"2017-05-15T13:53:27.0887478Z\",\r\n    \"allowedActions\": [\r\n      \"Cancel\"\r\n    ],\r\n    \"targetObjectId\": \"cf29eb7a-58e1-45b4-b760-c530c1134df4\",\r\n    \"targetObjectName\": \"vm2\",\r\n    \"targetInstanceType\": \"ProtectionEntity\",\r\n    \"customDetails\": {\r\n      \"instanceType\": \"AsrJobDetails\",\r\n      \"affectedObjectDetails\": {\r\n        \"PrimaryVmId\": \"cf29eb7a-58e1-45b4-b760-c530c1134df4\",\r\n        \"PrimaryVmName\": \"vm2\",\r\n        \"RecoveryVmId\": \"\",\r\n        \"RecoveryVmName\": \"vm2\",\r\n        \"ProtectionProfileId\": \"0cf7844a-0d07-5dcc-9184-43f90652cd9c\",\r\n        \"PrimaryCloudId\": \"cloud_fa06e03b-e306-52f4-a01f-88cdeba67a1c\",\r\n        \"PrimaryCloudName\": \"SiteRecoveryTestSite1\",\r\n        \"RecoveryCloudId\": \"d38048d4-b460-4791-8ece-108395ee8478\",\r\n        \"RecoveryCloudName\": \"Microsoft Azure\",\r\n        \"PrimaryVmmId\": \"fa06e03b-e306-52f4-a01f-88cdeba67a1c\",\r\n        \"PrimaryVmmName\": \"SiteRecoveryTestSite1\",\r\n        \"RecoveryVmmId\": \"21a9403c-6ec1-44f2-b744-b4e50b792387\",\r\n        \"RecoveryVmmName\": \"Microsoft Azure\",\r\n        \"PrimaryFabricProviderId\": \"HyperVSite\",\r\n        \"RecoveryFabricProviderId\": \"Azure\"\r\n      }\r\n    }\r\n  },\r\n  \"status\": \"InProgress\",\r\n  \"error\": null,\r\n  \"startTime\": \"2017-05-15T13:53:27.0887478Z\",\r\n  \"endTime\": null\r\n}",
      "ResponseHeaders": {
        "Content-Type": [
          "application/json"
        ],
        "Expires": [
          "-1"
        ],
        "Cache-Control": [
          "no-cache"
        ],
        "Date": [
          "Mon, 15 May 2017 13:55:28 GMT"
        ],
        "Pragma": [
          "no-cache"
        ],
        "Transfer-Encoding": [
          "chunked"
        ],
        "Server": [
          "Microsoft-IIS/8.0",
          "Microsoft-IIS/8.5"
        ],
        "Vary": [
          "Accept-Encoding"
        ],
        "x-ms-request-id": [
          "/Subscriptions/c183865e-6077-46f2-a3b1-deb0f4f4650a/resourceGroups/siterecoveryprod1/providers/Microsoft.RecoveryServices/vaults/SDKVault/replicationJobs/66a0354e-5f45-4286-97e0-351790eb8f56"
        ],
        "Strict-Transport-Security": [
          "max-age=31536000; includeSubDomains"
        ],
        "X-AspNet-Version": [
          "4.0.30319"
        ],
        "X-Powered-By": [
          "ASP.NET"
        ],
        "x-ms-client-request-id": [
          "2c94a970-3151-4e7c-bf2a-d4fb1eb85f14"
        ],
        "x-ms-ratelimit-remaining-subscription-reads": [
          "14138"
        ],
        "x-ms-correlation-request-id": [
          "3f92a770-b47a-48c5-bdcf-94ecd94b1422"
        ],
        "x-ms-routing-request-id": [
          "CENTRALINDIA:20170515T135528Z:3f92a770-b47a-48c5-bdcf-94ecd94b1422"
        ]
      },
      "StatusCode": 200
    },
    {
      "RequestUri": "/Subscriptions/c183865e-6077-46f2-a3b1-deb0f4f4650a/resourceGroups/siterecoveryprod1/providers/Microsoft.RecoveryServices/vaults/SDKVault/replicationJobs/66a0354e-5f45-4286-97e0-351790eb8f56?api-version=2016-08-10",
      "EncodedRequestUri": "L1N1YnNjcmlwdGlvbnMvYzE4Mzg2NWUtNjA3Ny00NmYyLWEzYjEtZGViMGY0ZjQ2NTBhL3Jlc291cmNlR3JvdXBzL3NpdGVyZWNvdmVyeXByb2QxL3Byb3ZpZGVycy9NaWNyb3NvZnQuUmVjb3ZlcnlTZXJ2aWNlcy92YXVsdHMvU0RLVmF1bHQvcmVwbGljYXRpb25Kb2JzLzY2YTAzNTRlLTVmNDUtNDI4Ni05N2UwLTM1MTc5MGViOGY1Nj9hcGktdmVyc2lvbj0yMDE2LTA4LTEw",
      "RequestMethod": "GET",
      "RequestBody": "",
      "RequestHeaders": {
        "User-Agent": [
          "FxVersion/4.6.25009.03",
          "Microsoft.Azure.Management.RecoveryServices.SiteRecovery.SiteRecoveryManagementClient/1.0.0.0"
        ]
      },
      "ResponseBody": "{\r\n  \"id\": \"/Subscriptions/c183865e-6077-46f2-a3b1-deb0f4f4650a/resourceGroups/siterecoveryprod1/providers/Microsoft.RecoveryServices/vaults/SDKVault/replicationJobs/66a0354e-5f45-4286-97e0-351790eb8f56\",\r\n  \"name\": \"66a0354e-5f45-4286-97e0-351790eb8f56\",\r\n  \"properties\": {\r\n    \"activityId\": \"22d846de-2cfa-40a3-a05f-372f47cfa879 ActivityId: a846ac9a-3d35-4751-b97c-e1dbb8e6872d\",\r\n    \"scenarioName\": \"ChangePit\",\r\n    \"friendlyName\": \"Change the recovery point\",\r\n    \"state\": \"InProgress\",\r\n    \"stateDescription\": \"InProgress\",\r\n    \"tasks\": [\r\n      {\r\n        \"taskId\": \"51e9c29c-a180-4ac0-959d-a15b625f28a0\",\r\n        \"name\": \"ChangePitPreflightCheck\",\r\n        \"startTime\": \"2017-05-15T13:53:27.5056266Z\",\r\n        \"endTime\": \"2017-05-15T13:53:30.6156192Z\",\r\n        \"allowedActions\": [],\r\n        \"friendlyName\": \"Change the prerequisites check\",\r\n        \"state\": \"Succeeded\",\r\n        \"stateDescription\": \"Completed\",\r\n        \"taskType\": \"TaskDetails\",\r\n        \"customDetails\": {\r\n          \"instanceType\": \"TaskDetails\"\r\n        },\r\n        \"groupTaskCustomDetails\": null,\r\n        \"errors\": []\r\n      },\r\n      {\r\n        \"taskId\": \"5559af91-1aff-480e-ac42-23420dbd5a15\",\r\n        \"name\": \"ShutdownVmRecovery\",\r\n        \"startTime\": \"2017-05-15T13:53:30.678121Z\",\r\n        \"endTime\": \"0001-01-01T00:00:00\",\r\n        \"allowedActions\": [],\r\n        \"friendlyName\": \"Shutdown the virtual machine on recovery\",\r\n        \"state\": \"InProgress\",\r\n        \"stateDescription\": \"InProgress\",\r\n        \"taskType\": \"TaskDetails\",\r\n        \"customDetails\": {\r\n          \"instanceType\": \"TaskDetails\"\r\n        },\r\n        \"groupTaskCustomDetails\": null,\r\n        \"errors\": []\r\n      },\r\n      {\r\n        \"taskId\": \"ea6e7936-1231-4045-aba3-ca648bb9a4ce\",\r\n        \"name\": \"CancelFailoverRecovery\",\r\n        \"startTime\": \"0001-01-01T00:00:00\",\r\n        \"endTime\": \"0001-01-01T00:00:00\",\r\n        \"allowedActions\": [],\r\n        \"friendlyName\": \"Cancel failover recovery\",\r\n        \"state\": \"NotStarted\",\r\n        \"stateDescription\": \"NotStarted\",\r\n        \"taskType\": \"TaskDetails\",\r\n        \"customDetails\": {\r\n          \"instanceType\": \"TaskDetails\"\r\n        },\r\n        \"groupTaskCustomDetails\": null,\r\n        \"errors\": []\r\n      },\r\n      {\r\n        \"taskId\": \"d1f33c41-4e13-48a3-99b2-b7edbee72508\",\r\n        \"name\": \"VmFailover\",\r\n        \"startTime\": \"0001-01-01T00:00:00\",\r\n        \"endTime\": \"0001-01-01T00:00:00\",\r\n        \"allowedActions\": [],\r\n        \"friendlyName\": \"Start failover\",\r\n        \"state\": \"NotStarted\",\r\n        \"stateDescription\": \"NotStarted\",\r\n        \"taskType\": \"TaskDetails\",\r\n        \"customDetails\": {\r\n          \"instanceType\": \"TaskDetails\"\r\n        },\r\n        \"groupTaskCustomDetails\": null,\r\n        \"errors\": []\r\n      },\r\n      {\r\n        \"taskId\": \"d59b1784-a246-4042-89fd-fe04196b0b01\",\r\n        \"name\": \"VmFoStartVmOnSecondary\",\r\n        \"startTime\": \"0001-01-01T00:00:00\",\r\n        \"endTime\": \"0001-01-01T00:00:00\",\r\n        \"allowedActions\": [],\r\n        \"friendlyName\": \"Start the replica virtual machine\",\r\n        \"state\": \"NotStarted\",\r\n        \"stateDescription\": \"NotStarted\",\r\n        \"taskType\": \"TaskDetails\",\r\n        \"customDetails\": {\r\n          \"instanceType\": \"TaskDetails\"\r\n        },\r\n        \"groupTaskCustomDetails\": null,\r\n        \"errors\": []\r\n      }\r\n    ],\r\n    \"errors\": [],\r\n    \"startTime\": \"2017-05-15T13:53:27.0887478Z\",\r\n    \"allowedActions\": [\r\n      \"Cancel\"\r\n    ],\r\n    \"targetObjectId\": \"cf29eb7a-58e1-45b4-b760-c530c1134df4\",\r\n    \"targetObjectName\": \"vm2\",\r\n    \"targetInstanceType\": \"ProtectionEntity\",\r\n    \"customDetails\": {\r\n      \"instanceType\": \"AsrJobDetails\",\r\n      \"affectedObjectDetails\": {\r\n        \"PrimaryVmId\": \"cf29eb7a-58e1-45b4-b760-c530c1134df4\",\r\n        \"PrimaryVmName\": \"vm2\",\r\n        \"RecoveryVmId\": \"\",\r\n        \"RecoveryVmName\": \"vm2\",\r\n        \"ProtectionProfileId\": \"0cf7844a-0d07-5dcc-9184-43f90652cd9c\",\r\n        \"PrimaryCloudId\": \"cloud_fa06e03b-e306-52f4-a01f-88cdeba67a1c\",\r\n        \"PrimaryCloudName\": \"SiteRecoveryTestSite1\",\r\n        \"RecoveryCloudId\": \"d38048d4-b460-4791-8ece-108395ee8478\",\r\n        \"RecoveryCloudName\": \"Microsoft Azure\",\r\n        \"PrimaryVmmId\": \"fa06e03b-e306-52f4-a01f-88cdeba67a1c\",\r\n        \"PrimaryVmmName\": \"SiteRecoveryTestSite1\",\r\n        \"RecoveryVmmId\": \"21a9403c-6ec1-44f2-b744-b4e50b792387\",\r\n        \"RecoveryVmmName\": \"Microsoft Azure\",\r\n        \"PrimaryFabricProviderId\": \"HyperVSite\",\r\n        \"RecoveryFabricProviderId\": \"Azure\"\r\n      }\r\n    }\r\n  },\r\n  \"status\": \"InProgress\",\r\n  \"error\": null,\r\n  \"startTime\": \"2017-05-15T13:53:27.0887478Z\",\r\n  \"endTime\": null\r\n}",
      "ResponseHeaders": {
        "Content-Type": [
          "application/json"
        ],
        "Expires": [
          "-1"
        ],
        "Cache-Control": [
          "no-cache"
        ],
        "Date": [
          "Mon, 15 May 2017 13:55:58 GMT"
        ],
        "Pragma": [
          "no-cache"
        ],
        "Transfer-Encoding": [
          "chunked"
        ],
        "Server": [
          "Microsoft-IIS/8.0",
          "Microsoft-IIS/8.5"
        ],
        "Vary": [
          "Accept-Encoding"
        ],
        "x-ms-request-id": [
          "/Subscriptions/c183865e-6077-46f2-a3b1-deb0f4f4650a/resourceGroups/siterecoveryprod1/providers/Microsoft.RecoveryServices/vaults/SDKVault/replicationJobs/66a0354e-5f45-4286-97e0-351790eb8f56"
        ],
        "Strict-Transport-Security": [
          "max-age=31536000; includeSubDomains"
        ],
        "X-AspNet-Version": [
          "4.0.30319"
        ],
        "X-Powered-By": [
          "ASP.NET"
        ],
        "x-ms-client-request-id": [
          "67c9dc8a-0ba0-414e-9eeb-ed3c841211e6"
        ],
        "x-ms-ratelimit-remaining-subscription-reads": [
          "14133"
        ],
        "x-ms-correlation-request-id": [
          "6673c474-c6c3-47c3-92c4-b64baa623a5c"
        ],
        "x-ms-routing-request-id": [
          "CENTRALINDIA:20170515T135558Z:6673c474-c6c3-47c3-92c4-b64baa623a5c"
        ]
      },
      "StatusCode": 200
    },
    {
      "RequestUri": "/Subscriptions/c183865e-6077-46f2-a3b1-deb0f4f4650a/resourceGroups/siterecoveryprod1/providers/Microsoft.RecoveryServices/vaults/SDKVault/replicationJobs/66a0354e-5f45-4286-97e0-351790eb8f56?api-version=2016-08-10",
      "EncodedRequestUri": "L1N1YnNjcmlwdGlvbnMvYzE4Mzg2NWUtNjA3Ny00NmYyLWEzYjEtZGViMGY0ZjQ2NTBhL3Jlc291cmNlR3JvdXBzL3NpdGVyZWNvdmVyeXByb2QxL3Byb3ZpZGVycy9NaWNyb3NvZnQuUmVjb3ZlcnlTZXJ2aWNlcy92YXVsdHMvU0RLVmF1bHQvcmVwbGljYXRpb25Kb2JzLzY2YTAzNTRlLTVmNDUtNDI4Ni05N2UwLTM1MTc5MGViOGY1Nj9hcGktdmVyc2lvbj0yMDE2LTA4LTEw",
      "RequestMethod": "GET",
      "RequestBody": "",
      "RequestHeaders": {
        "User-Agent": [
          "FxVersion/4.6.25009.03",
          "Microsoft.Azure.Management.RecoveryServices.SiteRecovery.SiteRecoveryManagementClient/1.0.0.0"
        ]
      },
      "ResponseBody": "{\r\n  \"id\": \"/Subscriptions/c183865e-6077-46f2-a3b1-deb0f4f4650a/resourceGroups/siterecoveryprod1/providers/Microsoft.RecoveryServices/vaults/SDKVault/replicationJobs/66a0354e-5f45-4286-97e0-351790eb8f56\",\r\n  \"name\": \"66a0354e-5f45-4286-97e0-351790eb8f56\",\r\n  \"properties\": {\r\n    \"activityId\": \"22d846de-2cfa-40a3-a05f-372f47cfa879 ActivityId: a846ac9a-3d35-4751-b97c-e1dbb8e6872d\",\r\n    \"scenarioName\": \"ChangePit\",\r\n    \"friendlyName\": \"Change the recovery point\",\r\n    \"state\": \"InProgress\",\r\n    \"stateDescription\": \"InProgress\",\r\n    \"tasks\": [\r\n      {\r\n        \"taskId\": \"51e9c29c-a180-4ac0-959d-a15b625f28a0\",\r\n        \"name\": \"ChangePitPreflightCheck\",\r\n        \"startTime\": \"2017-05-15T13:53:27.5056266Z\",\r\n        \"endTime\": \"2017-05-15T13:53:30.6156192Z\",\r\n        \"allowedActions\": [],\r\n        \"friendlyName\": \"Change the prerequisites check\",\r\n        \"state\": \"Succeeded\",\r\n        \"stateDescription\": \"Completed\",\r\n        \"taskType\": \"TaskDetails\",\r\n        \"customDetails\": {\r\n          \"instanceType\": \"TaskDetails\"\r\n        },\r\n        \"groupTaskCustomDetails\": null,\r\n        \"errors\": []\r\n      },\r\n      {\r\n        \"taskId\": \"5559af91-1aff-480e-ac42-23420dbd5a15\",\r\n        \"name\": \"ShutdownVmRecovery\",\r\n        \"startTime\": \"2017-05-15T13:53:30.678121Z\",\r\n        \"endTime\": \"0001-01-01T00:00:00\",\r\n        \"allowedActions\": [],\r\n        \"friendlyName\": \"Shutdown the virtual machine on recovery\",\r\n        \"state\": \"InProgress\",\r\n        \"stateDescription\": \"InProgress\",\r\n        \"taskType\": \"TaskDetails\",\r\n        \"customDetails\": {\r\n          \"instanceType\": \"TaskDetails\"\r\n        },\r\n        \"groupTaskCustomDetails\": null,\r\n        \"errors\": []\r\n      },\r\n      {\r\n        \"taskId\": \"ea6e7936-1231-4045-aba3-ca648bb9a4ce\",\r\n        \"name\": \"CancelFailoverRecovery\",\r\n        \"startTime\": \"0001-01-01T00:00:00\",\r\n        \"endTime\": \"0001-01-01T00:00:00\",\r\n        \"allowedActions\": [],\r\n        \"friendlyName\": \"Cancel failover recovery\",\r\n        \"state\": \"NotStarted\",\r\n        \"stateDescription\": \"NotStarted\",\r\n        \"taskType\": \"TaskDetails\",\r\n        \"customDetails\": {\r\n          \"instanceType\": \"TaskDetails\"\r\n        },\r\n        \"groupTaskCustomDetails\": null,\r\n        \"errors\": []\r\n      },\r\n      {\r\n        \"taskId\": \"d1f33c41-4e13-48a3-99b2-b7edbee72508\",\r\n        \"name\": \"VmFailover\",\r\n        \"startTime\": \"0001-01-01T00:00:00\",\r\n        \"endTime\": \"0001-01-01T00:00:00\",\r\n        \"allowedActions\": [],\r\n        \"friendlyName\": \"Start failover\",\r\n        \"state\": \"NotStarted\",\r\n        \"stateDescription\": \"NotStarted\",\r\n        \"taskType\": \"TaskDetails\",\r\n        \"customDetails\": {\r\n          \"instanceType\": \"TaskDetails\"\r\n        },\r\n        \"groupTaskCustomDetails\": null,\r\n        \"errors\": []\r\n      },\r\n      {\r\n        \"taskId\": \"d59b1784-a246-4042-89fd-fe04196b0b01\",\r\n        \"name\": \"VmFoStartVmOnSecondary\",\r\n        \"startTime\": \"0001-01-01T00:00:00\",\r\n        \"endTime\": \"0001-01-01T00:00:00\",\r\n        \"allowedActions\": [],\r\n        \"friendlyName\": \"Start the replica virtual machine\",\r\n        \"state\": \"NotStarted\",\r\n        \"stateDescription\": \"NotStarted\",\r\n        \"taskType\": \"TaskDetails\",\r\n        \"customDetails\": {\r\n          \"instanceType\": \"TaskDetails\"\r\n        },\r\n        \"groupTaskCustomDetails\": null,\r\n        \"errors\": []\r\n      }\r\n    ],\r\n    \"errors\": [],\r\n    \"startTime\": \"2017-05-15T13:53:27.0887478Z\",\r\n    \"allowedActions\": [\r\n      \"Cancel\"\r\n    ],\r\n    \"targetObjectId\": \"cf29eb7a-58e1-45b4-b760-c530c1134df4\",\r\n    \"targetObjectName\": \"vm2\",\r\n    \"targetInstanceType\": \"ProtectionEntity\",\r\n    \"customDetails\": {\r\n      \"instanceType\": \"AsrJobDetails\",\r\n      \"affectedObjectDetails\": {\r\n        \"PrimaryVmId\": \"cf29eb7a-58e1-45b4-b760-c530c1134df4\",\r\n        \"PrimaryVmName\": \"vm2\",\r\n        \"RecoveryVmId\": \"\",\r\n        \"RecoveryVmName\": \"vm2\",\r\n        \"ProtectionProfileId\": \"0cf7844a-0d07-5dcc-9184-43f90652cd9c\",\r\n        \"PrimaryCloudId\": \"cloud_fa06e03b-e306-52f4-a01f-88cdeba67a1c\",\r\n        \"PrimaryCloudName\": \"SiteRecoveryTestSite1\",\r\n        \"RecoveryCloudId\": \"d38048d4-b460-4791-8ece-108395ee8478\",\r\n        \"RecoveryCloudName\": \"Microsoft Azure\",\r\n        \"PrimaryVmmId\": \"fa06e03b-e306-52f4-a01f-88cdeba67a1c\",\r\n        \"PrimaryVmmName\": \"SiteRecoveryTestSite1\",\r\n        \"RecoveryVmmId\": \"21a9403c-6ec1-44f2-b744-b4e50b792387\",\r\n        \"RecoveryVmmName\": \"Microsoft Azure\",\r\n        \"PrimaryFabricProviderId\": \"HyperVSite\",\r\n        \"RecoveryFabricProviderId\": \"Azure\"\r\n      }\r\n    }\r\n  },\r\n  \"status\": \"InProgress\",\r\n  \"error\": null,\r\n  \"startTime\": \"2017-05-15T13:53:27.0887478Z\",\r\n  \"endTime\": null\r\n}",
      "ResponseHeaders": {
        "Content-Type": [
          "application/json"
        ],
        "Expires": [
          "-1"
        ],
        "Cache-Control": [
          "no-cache"
        ],
        "Date": [
          "Mon, 15 May 2017 13:56:28 GMT"
        ],
        "Pragma": [
          "no-cache"
        ],
        "Transfer-Encoding": [
          "chunked"
        ],
        "Server": [
          "Microsoft-IIS/8.0",
          "Microsoft-IIS/8.5"
        ],
        "Vary": [
          "Accept-Encoding"
        ],
        "x-ms-request-id": [
          "/Subscriptions/c183865e-6077-46f2-a3b1-deb0f4f4650a/resourceGroups/siterecoveryprod1/providers/Microsoft.RecoveryServices/vaults/SDKVault/replicationJobs/66a0354e-5f45-4286-97e0-351790eb8f56"
        ],
        "Strict-Transport-Security": [
          "max-age=31536000; includeSubDomains"
        ],
        "X-AspNet-Version": [
          "4.0.30319"
        ],
        "X-Powered-By": [
          "ASP.NET"
        ],
        "x-ms-client-request-id": [
          "fb45c997-a256-44f0-962e-ca9a854f7056"
        ],
        "x-ms-ratelimit-remaining-subscription-reads": [
          "14120"
        ],
        "x-ms-correlation-request-id": [
          "c99cefc5-3705-4762-a399-82f860d87505"
        ],
        "x-ms-routing-request-id": [
          "CENTRALINDIA:20170515T135629Z:c99cefc5-3705-4762-a399-82f860d87505"
        ]
      },
      "StatusCode": 200
    },
    {
      "RequestUri": "/Subscriptions/c183865e-6077-46f2-a3b1-deb0f4f4650a/resourceGroups/siterecoveryprod1/providers/Microsoft.RecoveryServices/vaults/SDKVault/replicationJobs/66a0354e-5f45-4286-97e0-351790eb8f56?api-version=2016-08-10",
      "EncodedRequestUri": "L1N1YnNjcmlwdGlvbnMvYzE4Mzg2NWUtNjA3Ny00NmYyLWEzYjEtZGViMGY0ZjQ2NTBhL3Jlc291cmNlR3JvdXBzL3NpdGVyZWNvdmVyeXByb2QxL3Byb3ZpZGVycy9NaWNyb3NvZnQuUmVjb3ZlcnlTZXJ2aWNlcy92YXVsdHMvU0RLVmF1bHQvcmVwbGljYXRpb25Kb2JzLzY2YTAzNTRlLTVmNDUtNDI4Ni05N2UwLTM1MTc5MGViOGY1Nj9hcGktdmVyc2lvbj0yMDE2LTA4LTEw",
      "RequestMethod": "GET",
      "RequestBody": "",
      "RequestHeaders": {
        "User-Agent": [
          "FxVersion/4.6.25009.03",
          "Microsoft.Azure.Management.RecoveryServices.SiteRecovery.SiteRecoveryManagementClient/1.0.0.0"
        ]
      },
      "ResponseBody": "{\r\n  \"id\": \"/Subscriptions/c183865e-6077-46f2-a3b1-deb0f4f4650a/resourceGroups/siterecoveryprod1/providers/Microsoft.RecoveryServices/vaults/SDKVault/replicationJobs/66a0354e-5f45-4286-97e0-351790eb8f56\",\r\n  \"name\": \"66a0354e-5f45-4286-97e0-351790eb8f56\",\r\n  \"properties\": {\r\n    \"activityId\": \"22d846de-2cfa-40a3-a05f-372f47cfa879 ActivityId: a846ac9a-3d35-4751-b97c-e1dbb8e6872d\",\r\n    \"scenarioName\": \"ChangePit\",\r\n    \"friendlyName\": \"Change the recovery point\",\r\n    \"state\": \"InProgress\",\r\n    \"stateDescription\": \"InProgress\",\r\n    \"tasks\": [\r\n      {\r\n        \"taskId\": \"51e9c29c-a180-4ac0-959d-a15b625f28a0\",\r\n        \"name\": \"ChangePitPreflightCheck\",\r\n        \"startTime\": \"2017-05-15T13:53:27.5056266Z\",\r\n        \"endTime\": \"2017-05-15T13:53:30.6156192Z\",\r\n        \"allowedActions\": [],\r\n        \"friendlyName\": \"Change the prerequisites check\",\r\n        \"state\": \"Succeeded\",\r\n        \"stateDescription\": \"Completed\",\r\n        \"taskType\": \"TaskDetails\",\r\n        \"customDetails\": {\r\n          \"instanceType\": \"TaskDetails\"\r\n        },\r\n        \"groupTaskCustomDetails\": null,\r\n        \"errors\": []\r\n      },\r\n      {\r\n        \"taskId\": \"5559af91-1aff-480e-ac42-23420dbd5a15\",\r\n        \"name\": \"ShutdownVmRecovery\",\r\n        \"startTime\": \"2017-05-15T13:53:30.678121Z\",\r\n        \"endTime\": \"2017-05-15T13:56:42.631443Z\",\r\n        \"allowedActions\": [],\r\n        \"friendlyName\": \"Shutdown the virtual machine on recovery\",\r\n        \"state\": \"Succeeded\",\r\n        \"stateDescription\": \"Completed\",\r\n        \"taskType\": \"TaskDetails\",\r\n        \"customDetails\": {\r\n          \"instanceType\": \"TaskDetails\"\r\n        },\r\n        \"groupTaskCustomDetails\": null,\r\n        \"errors\": []\r\n      },\r\n      {\r\n        \"taskId\": \"ea6e7936-1231-4045-aba3-ca648bb9a4ce\",\r\n        \"name\": \"CancelFailoverRecovery\",\r\n        \"startTime\": \"2017-05-15T13:56:42.6937737Z\",\r\n        \"endTime\": \"0001-01-01T00:00:00\",\r\n        \"allowedActions\": [],\r\n        \"friendlyName\": \"Cancel failover recovery\",\r\n        \"state\": \"InProgress\",\r\n        \"stateDescription\": \"InProgress\",\r\n        \"taskType\": \"TaskDetails\",\r\n        \"customDetails\": {\r\n          \"instanceType\": \"TaskDetails\"\r\n        },\r\n        \"groupTaskCustomDetails\": null,\r\n        \"errors\": []\r\n      },\r\n      {\r\n        \"taskId\": \"d1f33c41-4e13-48a3-99b2-b7edbee72508\",\r\n        \"name\": \"VmFailover\",\r\n        \"startTime\": \"0001-01-01T00:00:00\",\r\n        \"endTime\": \"0001-01-01T00:00:00\",\r\n        \"allowedActions\": [],\r\n        \"friendlyName\": \"Start failover\",\r\n        \"state\": \"NotStarted\",\r\n        \"stateDescription\": \"NotStarted\",\r\n        \"taskType\": \"TaskDetails\",\r\n        \"customDetails\": {\r\n          \"instanceType\": \"TaskDetails\"\r\n        },\r\n        \"groupTaskCustomDetails\": null,\r\n        \"errors\": []\r\n      },\r\n      {\r\n        \"taskId\": \"d59b1784-a246-4042-89fd-fe04196b0b01\",\r\n        \"name\": \"VmFoStartVmOnSecondary\",\r\n        \"startTime\": \"0001-01-01T00:00:00\",\r\n        \"endTime\": \"0001-01-01T00:00:00\",\r\n        \"allowedActions\": [],\r\n        \"friendlyName\": \"Start the replica virtual machine\",\r\n        \"state\": \"NotStarted\",\r\n        \"stateDescription\": \"NotStarted\",\r\n        \"taskType\": \"TaskDetails\",\r\n        \"customDetails\": {\r\n          \"instanceType\": \"TaskDetails\"\r\n        },\r\n        \"groupTaskCustomDetails\": null,\r\n        \"errors\": []\r\n      }\r\n    ],\r\n    \"errors\": [],\r\n    \"startTime\": \"2017-05-15T13:53:27.0887478Z\",\r\n    \"allowedActions\": [\r\n      \"Cancel\"\r\n    ],\r\n    \"targetObjectId\": \"cf29eb7a-58e1-45b4-b760-c530c1134df4\",\r\n    \"targetObjectName\": \"vm2\",\r\n    \"targetInstanceType\": \"ProtectionEntity\",\r\n    \"customDetails\": {\r\n      \"instanceType\": \"AsrJobDetails\",\r\n      \"affectedObjectDetails\": {\r\n        \"PrimaryVmId\": \"cf29eb7a-58e1-45b4-b760-c530c1134df4\",\r\n        \"PrimaryVmName\": \"vm2\",\r\n        \"RecoveryVmId\": \"\",\r\n        \"RecoveryVmName\": \"vm2\",\r\n        \"ProtectionProfileId\": \"0cf7844a-0d07-5dcc-9184-43f90652cd9c\",\r\n        \"PrimaryCloudId\": \"cloud_fa06e03b-e306-52f4-a01f-88cdeba67a1c\",\r\n        \"PrimaryCloudName\": \"SiteRecoveryTestSite1\",\r\n        \"RecoveryCloudId\": \"d38048d4-b460-4791-8ece-108395ee8478\",\r\n        \"RecoveryCloudName\": \"Microsoft Azure\",\r\n        \"PrimaryVmmId\": \"fa06e03b-e306-52f4-a01f-88cdeba67a1c\",\r\n        \"PrimaryVmmName\": \"SiteRecoveryTestSite1\",\r\n        \"RecoveryVmmId\": \"21a9403c-6ec1-44f2-b744-b4e50b792387\",\r\n        \"RecoveryVmmName\": \"Microsoft Azure\",\r\n        \"PrimaryFabricProviderId\": \"HyperVSite\",\r\n        \"RecoveryFabricProviderId\": \"Azure\"\r\n      }\r\n    }\r\n  },\r\n  \"status\": \"InProgress\",\r\n  \"error\": null,\r\n  \"startTime\": \"2017-05-15T13:53:27.0887478Z\",\r\n  \"endTime\": null\r\n}",
      "ResponseHeaders": {
        "Content-Type": [
          "application/json"
        ],
        "Expires": [
          "-1"
        ],
        "Cache-Control": [
          "no-cache"
        ],
        "Date": [
          "Mon, 15 May 2017 13:56:59 GMT"
        ],
        "Pragma": [
          "no-cache"
        ],
        "Transfer-Encoding": [
          "chunked"
        ],
        "Server": [
          "Microsoft-IIS/8.0",
          "Microsoft-IIS/8.5"
        ],
        "Vary": [
          "Accept-Encoding"
        ],
        "x-ms-request-id": [
          "/Subscriptions/c183865e-6077-46f2-a3b1-deb0f4f4650a/resourceGroups/siterecoveryprod1/providers/Microsoft.RecoveryServices/vaults/SDKVault/replicationJobs/66a0354e-5f45-4286-97e0-351790eb8f56"
        ],
        "Strict-Transport-Security": [
          "max-age=31536000; includeSubDomains"
        ],
        "X-AspNet-Version": [
          "4.0.30319"
        ],
        "X-Powered-By": [
          "ASP.NET"
        ],
        "x-ms-client-request-id": [
          "14178325-d509-4223-972b-bd85d2de3b0b"
        ],
        "x-ms-ratelimit-remaining-subscription-reads": [
          "14112"
        ],
        "x-ms-correlation-request-id": [
          "9e1a8812-60a9-4143-8904-1e050e54aab3"
        ],
        "x-ms-routing-request-id": [
          "CENTRALINDIA:20170515T135659Z:9e1a8812-60a9-4143-8904-1e050e54aab3"
        ]
      },
      "StatusCode": 200
    },
    {
      "RequestUri": "/Subscriptions/c183865e-6077-46f2-a3b1-deb0f4f4650a/resourceGroups/siterecoveryprod1/providers/Microsoft.RecoveryServices/vaults/SDKVault/replicationJobs/66a0354e-5f45-4286-97e0-351790eb8f56?api-version=2016-08-10",
      "EncodedRequestUri": "L1N1YnNjcmlwdGlvbnMvYzE4Mzg2NWUtNjA3Ny00NmYyLWEzYjEtZGViMGY0ZjQ2NTBhL3Jlc291cmNlR3JvdXBzL3NpdGVyZWNvdmVyeXByb2QxL3Byb3ZpZGVycy9NaWNyb3NvZnQuUmVjb3ZlcnlTZXJ2aWNlcy92YXVsdHMvU0RLVmF1bHQvcmVwbGljYXRpb25Kb2JzLzY2YTAzNTRlLTVmNDUtNDI4Ni05N2UwLTM1MTc5MGViOGY1Nj9hcGktdmVyc2lvbj0yMDE2LTA4LTEw",
      "RequestMethod": "GET",
      "RequestBody": "",
      "RequestHeaders": {
        "User-Agent": [
          "FxVersion/4.6.25009.03",
          "Microsoft.Azure.Management.RecoveryServices.SiteRecovery.SiteRecoveryManagementClient/1.0.0.0"
        ]
      },
      "ResponseBody": "{\r\n  \"id\": \"/Subscriptions/c183865e-6077-46f2-a3b1-deb0f4f4650a/resourceGroups/siterecoveryprod1/providers/Microsoft.RecoveryServices/vaults/SDKVault/replicationJobs/66a0354e-5f45-4286-97e0-351790eb8f56\",\r\n  \"name\": \"66a0354e-5f45-4286-97e0-351790eb8f56\",\r\n  \"properties\": {\r\n    \"activityId\": \"22d846de-2cfa-40a3-a05f-372f47cfa879 ActivityId: a846ac9a-3d35-4751-b97c-e1dbb8e6872d\",\r\n    \"scenarioName\": \"ChangePit\",\r\n    \"friendlyName\": \"Change the recovery point\",\r\n    \"state\": \"InProgress\",\r\n    \"stateDescription\": \"InProgress\",\r\n    \"tasks\": [\r\n      {\r\n        \"taskId\": \"51e9c29c-a180-4ac0-959d-a15b625f28a0\",\r\n        \"name\": \"ChangePitPreflightCheck\",\r\n        \"startTime\": \"2017-05-15T13:53:27.5056266Z\",\r\n        \"endTime\": \"2017-05-15T13:53:30.6156192Z\",\r\n        \"allowedActions\": [],\r\n        \"friendlyName\": \"Change the prerequisites check\",\r\n        \"state\": \"Succeeded\",\r\n        \"stateDescription\": \"Completed\",\r\n        \"taskType\": \"TaskDetails\",\r\n        \"customDetails\": {\r\n          \"instanceType\": \"TaskDetails\"\r\n        },\r\n        \"groupTaskCustomDetails\": null,\r\n        \"errors\": []\r\n      },\r\n      {\r\n        \"taskId\": \"5559af91-1aff-480e-ac42-23420dbd5a15\",\r\n        \"name\": \"ShutdownVmRecovery\",\r\n        \"startTime\": \"2017-05-15T13:53:30.678121Z\",\r\n        \"endTime\": \"2017-05-15T13:56:42.631443Z\",\r\n        \"allowedActions\": [],\r\n        \"friendlyName\": \"Shutdown the virtual machine on recovery\",\r\n        \"state\": \"Succeeded\",\r\n        \"stateDescription\": \"Completed\",\r\n        \"taskType\": \"TaskDetails\",\r\n        \"customDetails\": {\r\n          \"instanceType\": \"TaskDetails\"\r\n        },\r\n        \"groupTaskCustomDetails\": null,\r\n        \"errors\": []\r\n      },\r\n      {\r\n        \"taskId\": \"ea6e7936-1231-4045-aba3-ca648bb9a4ce\",\r\n        \"name\": \"CancelFailoverRecovery\",\r\n        \"startTime\": \"2017-05-15T13:56:42.6937737Z\",\r\n        \"endTime\": \"0001-01-01T00:00:00\",\r\n        \"allowedActions\": [],\r\n        \"friendlyName\": \"Cancel failover recovery\",\r\n        \"state\": \"InProgress\",\r\n        \"stateDescription\": \"InProgress\",\r\n        \"taskType\": \"TaskDetails\",\r\n        \"customDetails\": {\r\n          \"instanceType\": \"TaskDetails\"\r\n        },\r\n        \"groupTaskCustomDetails\": null,\r\n        \"errors\": []\r\n      },\r\n      {\r\n        \"taskId\": \"d1f33c41-4e13-48a3-99b2-b7edbee72508\",\r\n        \"name\": \"VmFailover\",\r\n        \"startTime\": \"0001-01-01T00:00:00\",\r\n        \"endTime\": \"0001-01-01T00:00:00\",\r\n        \"allowedActions\": [],\r\n        \"friendlyName\": \"Start failover\",\r\n        \"state\": \"NotStarted\",\r\n        \"stateDescription\": \"NotStarted\",\r\n        \"taskType\": \"TaskDetails\",\r\n        \"customDetails\": {\r\n          \"instanceType\": \"TaskDetails\"\r\n        },\r\n        \"groupTaskCustomDetails\": null,\r\n        \"errors\": []\r\n      },\r\n      {\r\n        \"taskId\": \"d59b1784-a246-4042-89fd-fe04196b0b01\",\r\n        \"name\": \"VmFoStartVmOnSecondary\",\r\n        \"startTime\": \"0001-01-01T00:00:00\",\r\n        \"endTime\": \"0001-01-01T00:00:00\",\r\n        \"allowedActions\": [],\r\n        \"friendlyName\": \"Start the replica virtual machine\",\r\n        \"state\": \"NotStarted\",\r\n        \"stateDescription\": \"NotStarted\",\r\n        \"taskType\": \"TaskDetails\",\r\n        \"customDetails\": {\r\n          \"instanceType\": \"TaskDetails\"\r\n        },\r\n        \"groupTaskCustomDetails\": null,\r\n        \"errors\": []\r\n      }\r\n    ],\r\n    \"errors\": [],\r\n    \"startTime\": \"2017-05-15T13:53:27.0887478Z\",\r\n    \"allowedActions\": [\r\n      \"Cancel\"\r\n    ],\r\n    \"targetObjectId\": \"cf29eb7a-58e1-45b4-b760-c530c1134df4\",\r\n    \"targetObjectName\": \"vm2\",\r\n    \"targetInstanceType\": \"ProtectionEntity\",\r\n    \"customDetails\": {\r\n      \"instanceType\": \"AsrJobDetails\",\r\n      \"affectedObjectDetails\": {\r\n        \"PrimaryVmId\": \"cf29eb7a-58e1-45b4-b760-c530c1134df4\",\r\n        \"PrimaryVmName\": \"vm2\",\r\n        \"RecoveryVmId\": \"\",\r\n        \"RecoveryVmName\": \"vm2\",\r\n        \"ProtectionProfileId\": \"0cf7844a-0d07-5dcc-9184-43f90652cd9c\",\r\n        \"PrimaryCloudId\": \"cloud_fa06e03b-e306-52f4-a01f-88cdeba67a1c\",\r\n        \"PrimaryCloudName\": \"SiteRecoveryTestSite1\",\r\n        \"RecoveryCloudId\": \"d38048d4-b460-4791-8ece-108395ee8478\",\r\n        \"RecoveryCloudName\": \"Microsoft Azure\",\r\n        \"PrimaryVmmId\": \"fa06e03b-e306-52f4-a01f-88cdeba67a1c\",\r\n        \"PrimaryVmmName\": \"SiteRecoveryTestSite1\",\r\n        \"RecoveryVmmId\": \"21a9403c-6ec1-44f2-b744-b4e50b792387\",\r\n        \"RecoveryVmmName\": \"Microsoft Azure\",\r\n        \"PrimaryFabricProviderId\": \"HyperVSite\",\r\n        \"RecoveryFabricProviderId\": \"Azure\"\r\n      }\r\n    }\r\n  },\r\n  \"status\": \"InProgress\",\r\n  \"error\": null,\r\n  \"startTime\": \"2017-05-15T13:53:27.0887478Z\",\r\n  \"endTime\": null\r\n}",
      "ResponseHeaders": {
        "Content-Type": [
          "application/json"
        ],
        "Expires": [
          "-1"
        ],
        "Cache-Control": [
          "no-cache"
        ],
        "Date": [
          "Mon, 15 May 2017 13:57:29 GMT"
        ],
        "Pragma": [
          "no-cache"
        ],
        "Transfer-Encoding": [
          "chunked"
        ],
        "Server": [
          "Microsoft-IIS/8.0",
          "Microsoft-IIS/8.5"
        ],
        "Vary": [
          "Accept-Encoding"
        ],
        "x-ms-request-id": [
          "/Subscriptions/c183865e-6077-46f2-a3b1-deb0f4f4650a/resourceGroups/siterecoveryprod1/providers/Microsoft.RecoveryServices/vaults/SDKVault/replicationJobs/66a0354e-5f45-4286-97e0-351790eb8f56"
        ],
        "Strict-Transport-Security": [
          "max-age=31536000; includeSubDomains"
        ],
        "X-AspNet-Version": [
          "4.0.30319"
        ],
        "X-Powered-By": [
          "ASP.NET"
        ],
        "x-ms-client-request-id": [
          "8f925db3-1a96-432e-adaf-7fb08d3a25d8"
        ],
        "x-ms-ratelimit-remaining-subscription-reads": [
          "14101"
        ],
        "x-ms-correlation-request-id": [
          "be22854b-a890-4e88-aa95-712385a230f0"
        ],
        "x-ms-routing-request-id": [
          "CENTRALINDIA:20170515T135730Z:be22854b-a890-4e88-aa95-712385a230f0"
        ]
      },
      "StatusCode": 200
    },
    {
      "RequestUri": "/Subscriptions/c183865e-6077-46f2-a3b1-deb0f4f4650a/resourceGroups/siterecoveryprod1/providers/Microsoft.RecoveryServices/vaults/SDKVault/replicationJobs/66a0354e-5f45-4286-97e0-351790eb8f56?api-version=2016-08-10",
      "EncodedRequestUri": "L1N1YnNjcmlwdGlvbnMvYzE4Mzg2NWUtNjA3Ny00NmYyLWEzYjEtZGViMGY0ZjQ2NTBhL3Jlc291cmNlR3JvdXBzL3NpdGVyZWNvdmVyeXByb2QxL3Byb3ZpZGVycy9NaWNyb3NvZnQuUmVjb3ZlcnlTZXJ2aWNlcy92YXVsdHMvU0RLVmF1bHQvcmVwbGljYXRpb25Kb2JzLzY2YTAzNTRlLTVmNDUtNDI4Ni05N2UwLTM1MTc5MGViOGY1Nj9hcGktdmVyc2lvbj0yMDE2LTA4LTEw",
      "RequestMethod": "GET",
      "RequestBody": "",
      "RequestHeaders": {
        "User-Agent": [
          "FxVersion/4.6.25009.03",
          "Microsoft.Azure.Management.RecoveryServices.SiteRecovery.SiteRecoveryManagementClient/1.0.0.0"
        ]
      },
      "ResponseBody": "{\r\n  \"id\": \"/Subscriptions/c183865e-6077-46f2-a3b1-deb0f4f4650a/resourceGroups/siterecoveryprod1/providers/Microsoft.RecoveryServices/vaults/SDKVault/replicationJobs/66a0354e-5f45-4286-97e0-351790eb8f56\",\r\n  \"name\": \"66a0354e-5f45-4286-97e0-351790eb8f56\",\r\n  \"properties\": {\r\n    \"activityId\": \"22d846de-2cfa-40a3-a05f-372f47cfa879 ActivityId: a846ac9a-3d35-4751-b97c-e1dbb8e6872d\",\r\n    \"scenarioName\": \"ChangePit\",\r\n    \"friendlyName\": \"Change the recovery point\",\r\n    \"state\": \"InProgress\",\r\n    \"stateDescription\": \"InProgress\",\r\n    \"tasks\": [\r\n      {\r\n        \"taskId\": \"51e9c29c-a180-4ac0-959d-a15b625f28a0\",\r\n        \"name\": \"ChangePitPreflightCheck\",\r\n        \"startTime\": \"2017-05-15T13:53:27.5056266Z\",\r\n        \"endTime\": \"2017-05-15T13:53:30.6156192Z\",\r\n        \"allowedActions\": [],\r\n        \"friendlyName\": \"Change the prerequisites check\",\r\n        \"state\": \"Succeeded\",\r\n        \"stateDescription\": \"Completed\",\r\n        \"taskType\": \"TaskDetails\",\r\n        \"customDetails\": {\r\n          \"instanceType\": \"TaskDetails\"\r\n        },\r\n        \"groupTaskCustomDetails\": null,\r\n        \"errors\": []\r\n      },\r\n      {\r\n        \"taskId\": \"5559af91-1aff-480e-ac42-23420dbd5a15\",\r\n        \"name\": \"ShutdownVmRecovery\",\r\n        \"startTime\": \"2017-05-15T13:53:30.678121Z\",\r\n        \"endTime\": \"2017-05-15T13:56:42.631443Z\",\r\n        \"allowedActions\": [],\r\n        \"friendlyName\": \"Shutdown the virtual machine on recovery\",\r\n        \"state\": \"Succeeded\",\r\n        \"stateDescription\": \"Completed\",\r\n        \"taskType\": \"TaskDetails\",\r\n        \"customDetails\": {\r\n          \"instanceType\": \"TaskDetails\"\r\n        },\r\n        \"groupTaskCustomDetails\": null,\r\n        \"errors\": []\r\n      },\r\n      {\r\n        \"taskId\": \"ea6e7936-1231-4045-aba3-ca648bb9a4ce\",\r\n        \"name\": \"CancelFailoverRecovery\",\r\n        \"startTime\": \"2017-05-15T13:56:42.6937737Z\",\r\n        \"endTime\": \"2017-05-15T13:57:48.0840547Z\",\r\n        \"allowedActions\": [],\r\n        \"friendlyName\": \"Cancel failover recovery\",\r\n        \"state\": \"Succeeded\",\r\n        \"stateDescription\": \"Completed\",\r\n        \"taskType\": \"TaskDetails\",\r\n        \"customDetails\": {\r\n          \"instanceType\": \"TaskDetails\"\r\n        },\r\n        \"groupTaskCustomDetails\": null,\r\n        \"errors\": []\r\n      },\r\n      {\r\n        \"taskId\": \"d1f33c41-4e13-48a3-99b2-b7edbee72508\",\r\n        \"name\": \"VmFailover\",\r\n        \"startTime\": \"2017-05-15T13:57:48.146563Z\",\r\n        \"endTime\": \"0001-01-01T00:00:00\",\r\n        \"allowedActions\": [],\r\n        \"friendlyName\": \"Start failover\",\r\n        \"state\": \"InProgress\",\r\n        \"stateDescription\": \"InProgress\",\r\n        \"taskType\": \"TaskDetails\",\r\n        \"customDetails\": {\r\n          \"instanceType\": \"TaskDetails\"\r\n        },\r\n        \"groupTaskCustomDetails\": null,\r\n        \"errors\": []\r\n      },\r\n      {\r\n        \"taskId\": \"d59b1784-a246-4042-89fd-fe04196b0b01\",\r\n        \"name\": \"VmFoStartVmOnSecondary\",\r\n        \"startTime\": \"0001-01-01T00:00:00\",\r\n        \"endTime\": \"0001-01-01T00:00:00\",\r\n        \"allowedActions\": [],\r\n        \"friendlyName\": \"Start the replica virtual machine\",\r\n        \"state\": \"NotStarted\",\r\n        \"stateDescription\": \"NotStarted\",\r\n        \"taskType\": \"TaskDetails\",\r\n        \"customDetails\": {\r\n          \"instanceType\": \"TaskDetails\"\r\n        },\r\n        \"groupTaskCustomDetails\": null,\r\n        \"errors\": []\r\n      }\r\n    ],\r\n    \"errors\": [],\r\n    \"startTime\": \"2017-05-15T13:53:27.0887478Z\",\r\n    \"allowedActions\": [\r\n      \"Cancel\"\r\n    ],\r\n    \"targetObjectId\": \"cf29eb7a-58e1-45b4-b760-c530c1134df4\",\r\n    \"targetObjectName\": \"vm2\",\r\n    \"targetInstanceType\": \"ProtectionEntity\",\r\n    \"customDetails\": {\r\n      \"instanceType\": \"AsrJobDetails\",\r\n      \"affectedObjectDetails\": {\r\n        \"PrimaryVmId\": \"cf29eb7a-58e1-45b4-b760-c530c1134df4\",\r\n        \"PrimaryVmName\": \"vm2\",\r\n        \"RecoveryVmId\": \"\",\r\n        \"RecoveryVmName\": \"vm2\",\r\n        \"ProtectionProfileId\": \"0cf7844a-0d07-5dcc-9184-43f90652cd9c\",\r\n        \"PrimaryCloudId\": \"cloud_fa06e03b-e306-52f4-a01f-88cdeba67a1c\",\r\n        \"PrimaryCloudName\": \"SiteRecoveryTestSite1\",\r\n        \"RecoveryCloudId\": \"d38048d4-b460-4791-8ece-108395ee8478\",\r\n        \"RecoveryCloudName\": \"Microsoft Azure\",\r\n        \"PrimaryVmmId\": \"fa06e03b-e306-52f4-a01f-88cdeba67a1c\",\r\n        \"PrimaryVmmName\": \"SiteRecoveryTestSite1\",\r\n        \"RecoveryVmmId\": \"21a9403c-6ec1-44f2-b744-b4e50b792387\",\r\n        \"RecoveryVmmName\": \"Microsoft Azure\",\r\n        \"PrimaryFabricProviderId\": \"HyperVSite\",\r\n        \"RecoveryFabricProviderId\": \"Azure\"\r\n      }\r\n    }\r\n  },\r\n  \"status\": \"InProgress\",\r\n  \"error\": null,\r\n  \"startTime\": \"2017-05-15T13:53:27.0887478Z\",\r\n  \"endTime\": null\r\n}",
      "ResponseHeaders": {
        "Content-Type": [
          "application/json"
        ],
        "Expires": [
          "-1"
        ],
        "Cache-Control": [
          "no-cache"
        ],
        "Date": [
          "Mon, 15 May 2017 13:58:00 GMT"
        ],
        "Pragma": [
          "no-cache"
        ],
        "Transfer-Encoding": [
          "chunked"
        ],
        "Server": [
          "Microsoft-IIS/8.0",
          "Microsoft-IIS/8.5"
        ],
        "Vary": [
          "Accept-Encoding"
        ],
        "x-ms-request-id": [
          "/Subscriptions/c183865e-6077-46f2-a3b1-deb0f4f4650a/resourceGroups/siterecoveryprod1/providers/Microsoft.RecoveryServices/vaults/SDKVault/replicationJobs/66a0354e-5f45-4286-97e0-351790eb8f56"
        ],
        "Strict-Transport-Security": [
          "max-age=31536000; includeSubDomains"
        ],
        "X-AspNet-Version": [
          "4.0.30319"
        ],
        "X-Powered-By": [
          "ASP.NET"
        ],
        "x-ms-client-request-id": [
          "43aba1e3-1f5e-45ea-b311-323bfb5f4faa"
        ],
        "x-ms-ratelimit-remaining-subscription-reads": [
          "14093"
        ],
        "x-ms-correlation-request-id": [
          "8f87e45a-dc94-4b84-ac74-9a7b347fd296"
        ],
        "x-ms-routing-request-id": [
          "CENTRALINDIA:20170515T135800Z:8f87e45a-dc94-4b84-ac74-9a7b347fd296"
        ]
      },
      "StatusCode": 200
    },
    {
      "RequestUri": "/Subscriptions/c183865e-6077-46f2-a3b1-deb0f4f4650a/resourceGroups/siterecoveryprod1/providers/Microsoft.RecoveryServices/vaults/SDKVault/replicationJobs/66a0354e-5f45-4286-97e0-351790eb8f56?api-version=2016-08-10",
      "EncodedRequestUri": "L1N1YnNjcmlwdGlvbnMvYzE4Mzg2NWUtNjA3Ny00NmYyLWEzYjEtZGViMGY0ZjQ2NTBhL3Jlc291cmNlR3JvdXBzL3NpdGVyZWNvdmVyeXByb2QxL3Byb3ZpZGVycy9NaWNyb3NvZnQuUmVjb3ZlcnlTZXJ2aWNlcy92YXVsdHMvU0RLVmF1bHQvcmVwbGljYXRpb25Kb2JzLzY2YTAzNTRlLTVmNDUtNDI4Ni05N2UwLTM1MTc5MGViOGY1Nj9hcGktdmVyc2lvbj0yMDE2LTA4LTEw",
      "RequestMethod": "GET",
      "RequestBody": "",
      "RequestHeaders": {
        "User-Agent": [
          "FxVersion/4.6.25009.03",
          "Microsoft.Azure.Management.RecoveryServices.SiteRecovery.SiteRecoveryManagementClient/1.0.0.0"
        ]
      },
      "ResponseBody": "{\r\n  \"id\": \"/Subscriptions/c183865e-6077-46f2-a3b1-deb0f4f4650a/resourceGroups/siterecoveryprod1/providers/Microsoft.RecoveryServices/vaults/SDKVault/replicationJobs/66a0354e-5f45-4286-97e0-351790eb8f56\",\r\n  \"name\": \"66a0354e-5f45-4286-97e0-351790eb8f56\",\r\n  \"properties\": {\r\n    \"activityId\": \"22d846de-2cfa-40a3-a05f-372f47cfa879 ActivityId: a846ac9a-3d35-4751-b97c-e1dbb8e6872d\",\r\n    \"scenarioName\": \"ChangePit\",\r\n    \"friendlyName\": \"Change the recovery point\",\r\n    \"state\": \"InProgress\",\r\n    \"stateDescription\": \"InProgress\",\r\n    \"tasks\": [\r\n      {\r\n        \"taskId\": \"51e9c29c-a180-4ac0-959d-a15b625f28a0\",\r\n        \"name\": \"ChangePitPreflightCheck\",\r\n        \"startTime\": \"2017-05-15T13:53:27.5056266Z\",\r\n        \"endTime\": \"2017-05-15T13:53:30.6156192Z\",\r\n        \"allowedActions\": [],\r\n        \"friendlyName\": \"Change the prerequisites check\",\r\n        \"state\": \"Succeeded\",\r\n        \"stateDescription\": \"Completed\",\r\n        \"taskType\": \"TaskDetails\",\r\n        \"customDetails\": {\r\n          \"instanceType\": \"TaskDetails\"\r\n        },\r\n        \"groupTaskCustomDetails\": null,\r\n        \"errors\": []\r\n      },\r\n      {\r\n        \"taskId\": \"5559af91-1aff-480e-ac42-23420dbd5a15\",\r\n        \"name\": \"ShutdownVmRecovery\",\r\n        \"startTime\": \"2017-05-15T13:53:30.678121Z\",\r\n        \"endTime\": \"2017-05-15T13:56:42.631443Z\",\r\n        \"allowedActions\": [],\r\n        \"friendlyName\": \"Shutdown the virtual machine on recovery\",\r\n        \"state\": \"Succeeded\",\r\n        \"stateDescription\": \"Completed\",\r\n        \"taskType\": \"TaskDetails\",\r\n        \"customDetails\": {\r\n          \"instanceType\": \"TaskDetails\"\r\n        },\r\n        \"groupTaskCustomDetails\": null,\r\n        \"errors\": []\r\n      },\r\n      {\r\n        \"taskId\": \"ea6e7936-1231-4045-aba3-ca648bb9a4ce\",\r\n        \"name\": \"CancelFailoverRecovery\",\r\n        \"startTime\": \"2017-05-15T13:56:42.6937737Z\",\r\n        \"endTime\": \"2017-05-15T13:57:48.0840547Z\",\r\n        \"allowedActions\": [],\r\n        \"friendlyName\": \"Cancel failover recovery\",\r\n        \"state\": \"Succeeded\",\r\n        \"stateDescription\": \"Completed\",\r\n        \"taskType\": \"TaskDetails\",\r\n        \"customDetails\": {\r\n          \"instanceType\": \"TaskDetails\"\r\n        },\r\n        \"groupTaskCustomDetails\": null,\r\n        \"errors\": []\r\n      },\r\n      {\r\n        \"taskId\": \"d1f33c41-4e13-48a3-99b2-b7edbee72508\",\r\n        \"name\": \"VmFailover\",\r\n        \"startTime\": \"2017-05-15T13:57:48.146563Z\",\r\n        \"endTime\": \"0001-01-01T00:00:00\",\r\n        \"allowedActions\": [],\r\n        \"friendlyName\": \"Start failover\",\r\n        \"state\": \"InProgress\",\r\n        \"stateDescription\": \"InProgress\",\r\n        \"taskType\": \"TaskDetails\",\r\n        \"customDetails\": {\r\n          \"instanceType\": \"TaskDetails\"\r\n        },\r\n        \"groupTaskCustomDetails\": null,\r\n        \"errors\": []\r\n      },\r\n      {\r\n        \"taskId\": \"d59b1784-a246-4042-89fd-fe04196b0b01\",\r\n        \"name\": \"VmFoStartVmOnSecondary\",\r\n        \"startTime\": \"0001-01-01T00:00:00\",\r\n        \"endTime\": \"0001-01-01T00:00:00\",\r\n        \"allowedActions\": [],\r\n        \"friendlyName\": \"Start the replica virtual machine\",\r\n        \"state\": \"NotStarted\",\r\n        \"stateDescription\": \"NotStarted\",\r\n        \"taskType\": \"TaskDetails\",\r\n        \"customDetails\": {\r\n          \"instanceType\": \"TaskDetails\"\r\n        },\r\n        \"groupTaskCustomDetails\": null,\r\n        \"errors\": []\r\n      }\r\n    ],\r\n    \"errors\": [],\r\n    \"startTime\": \"2017-05-15T13:53:27.0887478Z\",\r\n    \"allowedActions\": [\r\n      \"Cancel\"\r\n    ],\r\n    \"targetObjectId\": \"cf29eb7a-58e1-45b4-b760-c530c1134df4\",\r\n    \"targetObjectName\": \"vm2\",\r\n    \"targetInstanceType\": \"ProtectionEntity\",\r\n    \"customDetails\": {\r\n      \"instanceType\": \"AsrJobDetails\",\r\n      \"affectedObjectDetails\": {\r\n        \"PrimaryVmId\": \"cf29eb7a-58e1-45b4-b760-c530c1134df4\",\r\n        \"PrimaryVmName\": \"vm2\",\r\n        \"RecoveryVmId\": \"\",\r\n        \"RecoveryVmName\": \"vm2\",\r\n        \"ProtectionProfileId\": \"0cf7844a-0d07-5dcc-9184-43f90652cd9c\",\r\n        \"PrimaryCloudId\": \"cloud_fa06e03b-e306-52f4-a01f-88cdeba67a1c\",\r\n        \"PrimaryCloudName\": \"SiteRecoveryTestSite1\",\r\n        \"RecoveryCloudId\": \"d38048d4-b460-4791-8ece-108395ee8478\",\r\n        \"RecoveryCloudName\": \"Microsoft Azure\",\r\n        \"PrimaryVmmId\": \"fa06e03b-e306-52f4-a01f-88cdeba67a1c\",\r\n        \"PrimaryVmmName\": \"SiteRecoveryTestSite1\",\r\n        \"RecoveryVmmId\": \"21a9403c-6ec1-44f2-b744-b4e50b792387\",\r\n        \"RecoveryVmmName\": \"Microsoft Azure\",\r\n        \"PrimaryFabricProviderId\": \"HyperVSite\",\r\n        \"RecoveryFabricProviderId\": \"Azure\"\r\n      }\r\n    }\r\n  },\r\n  \"status\": \"InProgress\",\r\n  \"error\": null,\r\n  \"startTime\": \"2017-05-15T13:53:27.0887478Z\",\r\n  \"endTime\": null\r\n}",
      "ResponseHeaders": {
        "Content-Type": [
          "application/json"
        ],
        "Expires": [
          "-1"
        ],
        "Cache-Control": [
          "no-cache"
        ],
        "Date": [
          "Mon, 15 May 2017 13:58:30 GMT"
        ],
        "Pragma": [
          "no-cache"
        ],
        "Transfer-Encoding": [
          "chunked"
        ],
        "Server": [
          "Microsoft-IIS/8.0",
          "Microsoft-IIS/8.5"
        ],
        "Vary": [
          "Accept-Encoding"
        ],
        "x-ms-request-id": [
          "/Subscriptions/c183865e-6077-46f2-a3b1-deb0f4f4650a/resourceGroups/siterecoveryprod1/providers/Microsoft.RecoveryServices/vaults/SDKVault/replicationJobs/66a0354e-5f45-4286-97e0-351790eb8f56"
        ],
        "Strict-Transport-Security": [
          "max-age=31536000; includeSubDomains"
        ],
        "X-AspNet-Version": [
          "4.0.30319"
        ],
        "X-Powered-By": [
          "ASP.NET"
        ],
        "x-ms-client-request-id": [
          "3cef98a0-d65d-472e-8a7e-d6b24ec78c67"
        ],
        "x-ms-ratelimit-remaining-subscription-reads": [
          "14085"
        ],
        "x-ms-correlation-request-id": [
          "1a5e9420-bde9-418f-b04c-968024dc4025"
        ],
        "x-ms-routing-request-id": [
          "CENTRALINDIA:20170515T135830Z:1a5e9420-bde9-418f-b04c-968024dc4025"
        ]
      },
      "StatusCode": 200
    },
    {
      "RequestUri": "/Subscriptions/c183865e-6077-46f2-a3b1-deb0f4f4650a/resourceGroups/siterecoveryprod1/providers/Microsoft.RecoveryServices/vaults/SDKVault/replicationJobs/66a0354e-5f45-4286-97e0-351790eb8f56?api-version=2016-08-10",
      "EncodedRequestUri": "L1N1YnNjcmlwdGlvbnMvYzE4Mzg2NWUtNjA3Ny00NmYyLWEzYjEtZGViMGY0ZjQ2NTBhL3Jlc291cmNlR3JvdXBzL3NpdGVyZWNvdmVyeXByb2QxL3Byb3ZpZGVycy9NaWNyb3NvZnQuUmVjb3ZlcnlTZXJ2aWNlcy92YXVsdHMvU0RLVmF1bHQvcmVwbGljYXRpb25Kb2JzLzY2YTAzNTRlLTVmNDUtNDI4Ni05N2UwLTM1MTc5MGViOGY1Nj9hcGktdmVyc2lvbj0yMDE2LTA4LTEw",
      "RequestMethod": "GET",
      "RequestBody": "",
      "RequestHeaders": {
        "User-Agent": [
          "FxVersion/4.6.25009.03",
          "Microsoft.Azure.Management.RecoveryServices.SiteRecovery.SiteRecoveryManagementClient/1.0.0.0"
        ]
      },
      "ResponseBody": "{\r\n  \"id\": \"/Subscriptions/c183865e-6077-46f2-a3b1-deb0f4f4650a/resourceGroups/siterecoveryprod1/providers/Microsoft.RecoveryServices/vaults/SDKVault/replicationJobs/66a0354e-5f45-4286-97e0-351790eb8f56\",\r\n  \"name\": \"66a0354e-5f45-4286-97e0-351790eb8f56\",\r\n  \"properties\": {\r\n    \"activityId\": \"22d846de-2cfa-40a3-a05f-372f47cfa879 ActivityId: a846ac9a-3d35-4751-b97c-e1dbb8e6872d\",\r\n    \"scenarioName\": \"ChangePit\",\r\n    \"friendlyName\": \"Change the recovery point\",\r\n    \"state\": \"InProgress\",\r\n    \"stateDescription\": \"InProgress\",\r\n    \"tasks\": [\r\n      {\r\n        \"taskId\": \"51e9c29c-a180-4ac0-959d-a15b625f28a0\",\r\n        \"name\": \"ChangePitPreflightCheck\",\r\n        \"startTime\": \"2017-05-15T13:53:27.5056266Z\",\r\n        \"endTime\": \"2017-05-15T13:53:30.6156192Z\",\r\n        \"allowedActions\": [],\r\n        \"friendlyName\": \"Change the prerequisites check\",\r\n        \"state\": \"Succeeded\",\r\n        \"stateDescription\": \"Completed\",\r\n        \"taskType\": \"TaskDetails\",\r\n        \"customDetails\": {\r\n          \"instanceType\": \"TaskDetails\"\r\n        },\r\n        \"groupTaskCustomDetails\": null,\r\n        \"errors\": []\r\n      },\r\n      {\r\n        \"taskId\": \"5559af91-1aff-480e-ac42-23420dbd5a15\",\r\n        \"name\": \"ShutdownVmRecovery\",\r\n        \"startTime\": \"2017-05-15T13:53:30.678121Z\",\r\n        \"endTime\": \"2017-05-15T13:56:42.631443Z\",\r\n        \"allowedActions\": [],\r\n        \"friendlyName\": \"Shutdown the virtual machine on recovery\",\r\n        \"state\": \"Succeeded\",\r\n        \"stateDescription\": \"Completed\",\r\n        \"taskType\": \"TaskDetails\",\r\n        \"customDetails\": {\r\n          \"instanceType\": \"TaskDetails\"\r\n        },\r\n        \"groupTaskCustomDetails\": null,\r\n        \"errors\": []\r\n      },\r\n      {\r\n        \"taskId\": \"ea6e7936-1231-4045-aba3-ca648bb9a4ce\",\r\n        \"name\": \"CancelFailoverRecovery\",\r\n        \"startTime\": \"2017-05-15T13:56:42.6937737Z\",\r\n        \"endTime\": \"2017-05-15T13:57:48.0840547Z\",\r\n        \"allowedActions\": [],\r\n        \"friendlyName\": \"Cancel failover recovery\",\r\n        \"state\": \"Succeeded\",\r\n        \"stateDescription\": \"Completed\",\r\n        \"taskType\": \"TaskDetails\",\r\n        \"customDetails\": {\r\n          \"instanceType\": \"TaskDetails\"\r\n        },\r\n        \"groupTaskCustomDetails\": null,\r\n        \"errors\": []\r\n      },\r\n      {\r\n        \"taskId\": \"d1f33c41-4e13-48a3-99b2-b7edbee72508\",\r\n        \"name\": \"VmFailover\",\r\n        \"startTime\": \"2017-05-15T13:57:48.146563Z\",\r\n        \"endTime\": \"0001-01-01T00:00:00\",\r\n        \"allowedActions\": [],\r\n        \"friendlyName\": \"Start failover\",\r\n        \"state\": \"InProgress\",\r\n        \"stateDescription\": \"InProgress\",\r\n        \"taskType\": \"TaskDetails\",\r\n        \"customDetails\": {\r\n          \"instanceType\": \"TaskDetails\"\r\n        },\r\n        \"groupTaskCustomDetails\": null,\r\n        \"errors\": []\r\n      },\r\n      {\r\n        \"taskId\": \"d59b1784-a246-4042-89fd-fe04196b0b01\",\r\n        \"name\": \"VmFoStartVmOnSecondary\",\r\n        \"startTime\": \"0001-01-01T00:00:00\",\r\n        \"endTime\": \"0001-01-01T00:00:00\",\r\n        \"allowedActions\": [],\r\n        \"friendlyName\": \"Start the replica virtual machine\",\r\n        \"state\": \"NotStarted\",\r\n        \"stateDescription\": \"NotStarted\",\r\n        \"taskType\": \"TaskDetails\",\r\n        \"customDetails\": {\r\n          \"instanceType\": \"TaskDetails\"\r\n        },\r\n        \"groupTaskCustomDetails\": null,\r\n        \"errors\": []\r\n      }\r\n    ],\r\n    \"errors\": [],\r\n    \"startTime\": \"2017-05-15T13:53:27.0887478Z\",\r\n    \"allowedActions\": [\r\n      \"Cancel\"\r\n    ],\r\n    \"targetObjectId\": \"cf29eb7a-58e1-45b4-b760-c530c1134df4\",\r\n    \"targetObjectName\": \"vm2\",\r\n    \"targetInstanceType\": \"ProtectionEntity\",\r\n    \"customDetails\": {\r\n      \"instanceType\": \"AsrJobDetails\",\r\n      \"affectedObjectDetails\": {\r\n        \"PrimaryVmId\": \"cf29eb7a-58e1-45b4-b760-c530c1134df4\",\r\n        \"PrimaryVmName\": \"vm2\",\r\n        \"RecoveryVmId\": \"\",\r\n        \"RecoveryVmName\": \"vm2\",\r\n        \"ProtectionProfileId\": \"0cf7844a-0d07-5dcc-9184-43f90652cd9c\",\r\n        \"PrimaryCloudId\": \"cloud_fa06e03b-e306-52f4-a01f-88cdeba67a1c\",\r\n        \"PrimaryCloudName\": \"SiteRecoveryTestSite1\",\r\n        \"RecoveryCloudId\": \"d38048d4-b460-4791-8ece-108395ee8478\",\r\n        \"RecoveryCloudName\": \"Microsoft Azure\",\r\n        \"PrimaryVmmId\": \"fa06e03b-e306-52f4-a01f-88cdeba67a1c\",\r\n        \"PrimaryVmmName\": \"SiteRecoveryTestSite1\",\r\n        \"RecoveryVmmId\": \"21a9403c-6ec1-44f2-b744-b4e50b792387\",\r\n        \"RecoveryVmmName\": \"Microsoft Azure\",\r\n        \"PrimaryFabricProviderId\": \"HyperVSite\",\r\n        \"RecoveryFabricProviderId\": \"Azure\"\r\n      }\r\n    }\r\n  },\r\n  \"status\": \"InProgress\",\r\n  \"error\": null,\r\n  \"startTime\": \"2017-05-15T13:53:27.0887478Z\",\r\n  \"endTime\": null\r\n}",
      "ResponseHeaders": {
        "Content-Type": [
          "application/json"
        ],
        "Expires": [
          "-1"
        ],
        "Cache-Control": [
          "no-cache"
        ],
        "Date": [
          "Mon, 15 May 2017 13:59:00 GMT"
        ],
        "Pragma": [
          "no-cache"
        ],
        "Transfer-Encoding": [
          "chunked"
        ],
        "Server": [
          "Microsoft-IIS/8.0",
          "Microsoft-IIS/8.5"
        ],
        "Vary": [
          "Accept-Encoding"
        ],
        "x-ms-request-id": [
          "/Subscriptions/c183865e-6077-46f2-a3b1-deb0f4f4650a/resourceGroups/siterecoveryprod1/providers/Microsoft.RecoveryServices/vaults/SDKVault/replicationJobs/66a0354e-5f45-4286-97e0-351790eb8f56"
        ],
        "Strict-Transport-Security": [
          "max-age=31536000; includeSubDomains"
        ],
        "X-AspNet-Version": [
          "4.0.30319"
        ],
        "X-Powered-By": [
          "ASP.NET"
        ],
        "x-ms-client-request-id": [
          "c9ab67b8-f879-4d56-a603-3f7d9306a860"
        ],
        "x-ms-ratelimit-remaining-subscription-reads": [
          "14079"
        ],
        "x-ms-correlation-request-id": [
          "d389f1f6-05bf-4105-9730-bd896da7b842"
        ],
        "x-ms-routing-request-id": [
          "CENTRALINDIA:20170515T135901Z:d389f1f6-05bf-4105-9730-bd896da7b842"
        ]
      },
      "StatusCode": 200
    },
    {
      "RequestUri": "/Subscriptions/c183865e-6077-46f2-a3b1-deb0f4f4650a/resourceGroups/siterecoveryprod1/providers/Microsoft.RecoveryServices/vaults/SDKVault/replicationJobs/66a0354e-5f45-4286-97e0-351790eb8f56?api-version=2016-08-10",
      "EncodedRequestUri": "L1N1YnNjcmlwdGlvbnMvYzE4Mzg2NWUtNjA3Ny00NmYyLWEzYjEtZGViMGY0ZjQ2NTBhL3Jlc291cmNlR3JvdXBzL3NpdGVyZWNvdmVyeXByb2QxL3Byb3ZpZGVycy9NaWNyb3NvZnQuUmVjb3ZlcnlTZXJ2aWNlcy92YXVsdHMvU0RLVmF1bHQvcmVwbGljYXRpb25Kb2JzLzY2YTAzNTRlLTVmNDUtNDI4Ni05N2UwLTM1MTc5MGViOGY1Nj9hcGktdmVyc2lvbj0yMDE2LTA4LTEw",
      "RequestMethod": "GET",
      "RequestBody": "",
      "RequestHeaders": {
        "User-Agent": [
          "FxVersion/4.6.25009.03",
          "Microsoft.Azure.Management.RecoveryServices.SiteRecovery.SiteRecoveryManagementClient/1.0.0.0"
        ]
      },
      "ResponseBody": "{\r\n  \"id\": \"/Subscriptions/c183865e-6077-46f2-a3b1-deb0f4f4650a/resourceGroups/siterecoveryprod1/providers/Microsoft.RecoveryServices/vaults/SDKVault/replicationJobs/66a0354e-5f45-4286-97e0-351790eb8f56\",\r\n  \"name\": \"66a0354e-5f45-4286-97e0-351790eb8f56\",\r\n  \"properties\": {\r\n    \"activityId\": \"22d846de-2cfa-40a3-a05f-372f47cfa879 ActivityId: a846ac9a-3d35-4751-b97c-e1dbb8e6872d\",\r\n    \"scenarioName\": \"ChangePit\",\r\n    \"friendlyName\": \"Change the recovery point\",\r\n    \"state\": \"InProgress\",\r\n    \"stateDescription\": \"InProgress\",\r\n    \"tasks\": [\r\n      {\r\n        \"taskId\": \"51e9c29c-a180-4ac0-959d-a15b625f28a0\",\r\n        \"name\": \"ChangePitPreflightCheck\",\r\n        \"startTime\": \"2017-05-15T13:53:27.5056266Z\",\r\n        \"endTime\": \"2017-05-15T13:53:30.6156192Z\",\r\n        \"allowedActions\": [],\r\n        \"friendlyName\": \"Change the prerequisites check\",\r\n        \"state\": \"Succeeded\",\r\n        \"stateDescription\": \"Completed\",\r\n        \"taskType\": \"TaskDetails\",\r\n        \"customDetails\": {\r\n          \"instanceType\": \"TaskDetails\"\r\n        },\r\n        \"groupTaskCustomDetails\": null,\r\n        \"errors\": []\r\n      },\r\n      {\r\n        \"taskId\": \"5559af91-1aff-480e-ac42-23420dbd5a15\",\r\n        \"name\": \"ShutdownVmRecovery\",\r\n        \"startTime\": \"2017-05-15T13:53:30.678121Z\",\r\n        \"endTime\": \"2017-05-15T13:56:42.631443Z\",\r\n        \"allowedActions\": [],\r\n        \"friendlyName\": \"Shutdown the virtual machine on recovery\",\r\n        \"state\": \"Succeeded\",\r\n        \"stateDescription\": \"Completed\",\r\n        \"taskType\": \"TaskDetails\",\r\n        \"customDetails\": {\r\n          \"instanceType\": \"TaskDetails\"\r\n        },\r\n        \"groupTaskCustomDetails\": null,\r\n        \"errors\": []\r\n      },\r\n      {\r\n        \"taskId\": \"ea6e7936-1231-4045-aba3-ca648bb9a4ce\",\r\n        \"name\": \"CancelFailoverRecovery\",\r\n        \"startTime\": \"2017-05-15T13:56:42.6937737Z\",\r\n        \"endTime\": \"2017-05-15T13:57:48.0840547Z\",\r\n        \"allowedActions\": [],\r\n        \"friendlyName\": \"Cancel failover recovery\",\r\n        \"state\": \"Succeeded\",\r\n        \"stateDescription\": \"Completed\",\r\n        \"taskType\": \"TaskDetails\",\r\n        \"customDetails\": {\r\n          \"instanceType\": \"TaskDetails\"\r\n        },\r\n        \"groupTaskCustomDetails\": null,\r\n        \"errors\": []\r\n      },\r\n      {\r\n        \"taskId\": \"d1f33c41-4e13-48a3-99b2-b7edbee72508\",\r\n        \"name\": \"VmFailover\",\r\n        \"startTime\": \"2017-05-15T13:57:48.146563Z\",\r\n        \"endTime\": \"0001-01-01T00:00:00\",\r\n        \"allowedActions\": [],\r\n        \"friendlyName\": \"Start failover\",\r\n        \"state\": \"InProgress\",\r\n        \"stateDescription\": \"InProgress\",\r\n        \"taskType\": \"TaskDetails\",\r\n        \"customDetails\": {\r\n          \"instanceType\": \"TaskDetails\"\r\n        },\r\n        \"groupTaskCustomDetails\": null,\r\n        \"errors\": []\r\n      },\r\n      {\r\n        \"taskId\": \"d59b1784-a246-4042-89fd-fe04196b0b01\",\r\n        \"name\": \"VmFoStartVmOnSecondary\",\r\n        \"startTime\": \"0001-01-01T00:00:00\",\r\n        \"endTime\": \"0001-01-01T00:00:00\",\r\n        \"allowedActions\": [],\r\n        \"friendlyName\": \"Start the replica virtual machine\",\r\n        \"state\": \"NotStarted\",\r\n        \"stateDescription\": \"NotStarted\",\r\n        \"taskType\": \"TaskDetails\",\r\n        \"customDetails\": {\r\n          \"instanceType\": \"TaskDetails\"\r\n        },\r\n        \"groupTaskCustomDetails\": null,\r\n        \"errors\": []\r\n      }\r\n    ],\r\n    \"errors\": [],\r\n    \"startTime\": \"2017-05-15T13:53:27.0887478Z\",\r\n    \"allowedActions\": [\r\n      \"Cancel\"\r\n    ],\r\n    \"targetObjectId\": \"cf29eb7a-58e1-45b4-b760-c530c1134df4\",\r\n    \"targetObjectName\": \"vm2\",\r\n    \"targetInstanceType\": \"ProtectionEntity\",\r\n    \"customDetails\": {\r\n      \"instanceType\": \"AsrJobDetails\",\r\n      \"affectedObjectDetails\": {\r\n        \"PrimaryVmId\": \"cf29eb7a-58e1-45b4-b760-c530c1134df4\",\r\n        \"PrimaryVmName\": \"vm2\",\r\n        \"RecoveryVmId\": \"\",\r\n        \"RecoveryVmName\": \"vm2\",\r\n        \"ProtectionProfileId\": \"0cf7844a-0d07-5dcc-9184-43f90652cd9c\",\r\n        \"PrimaryCloudId\": \"cloud_fa06e03b-e306-52f4-a01f-88cdeba67a1c\",\r\n        \"PrimaryCloudName\": \"SiteRecoveryTestSite1\",\r\n        \"RecoveryCloudId\": \"d38048d4-b460-4791-8ece-108395ee8478\",\r\n        \"RecoveryCloudName\": \"Microsoft Azure\",\r\n        \"PrimaryVmmId\": \"fa06e03b-e306-52f4-a01f-88cdeba67a1c\",\r\n        \"PrimaryVmmName\": \"SiteRecoveryTestSite1\",\r\n        \"RecoveryVmmId\": \"21a9403c-6ec1-44f2-b744-b4e50b792387\",\r\n        \"RecoveryVmmName\": \"Microsoft Azure\",\r\n        \"PrimaryFabricProviderId\": \"HyperVSite\",\r\n        \"RecoveryFabricProviderId\": \"Azure\"\r\n      }\r\n    }\r\n  },\r\n  \"status\": \"InProgress\",\r\n  \"error\": null,\r\n  \"startTime\": \"2017-05-15T13:53:27.0887478Z\",\r\n  \"endTime\": null\r\n}",
      "ResponseHeaders": {
        "Content-Type": [
          "application/json"
        ],
        "Expires": [
          "-1"
        ],
        "Cache-Control": [
          "no-cache"
        ],
        "Date": [
          "Mon, 15 May 2017 13:59:31 GMT"
        ],
        "Pragma": [
          "no-cache"
        ],
        "Transfer-Encoding": [
          "chunked"
        ],
        "Server": [
          "Microsoft-IIS/8.0",
          "Microsoft-IIS/8.5"
        ],
        "Vary": [
          "Accept-Encoding"
        ],
        "x-ms-request-id": [
          "/Subscriptions/c183865e-6077-46f2-a3b1-deb0f4f4650a/resourceGroups/siterecoveryprod1/providers/Microsoft.RecoveryServices/vaults/SDKVault/replicationJobs/66a0354e-5f45-4286-97e0-351790eb8f56"
        ],
        "Strict-Transport-Security": [
          "max-age=31536000; includeSubDomains"
        ],
        "X-AspNet-Version": [
          "4.0.30319"
        ],
        "X-Powered-By": [
          "ASP.NET"
        ],
        "x-ms-client-request-id": [
          "75aea459-0334-4634-a8c1-318ff70675bc"
        ],
        "x-ms-ratelimit-remaining-subscription-reads": [
          "14073"
        ],
        "x-ms-correlation-request-id": [
          "d6f0bb7a-0395-4910-83d8-b4ff7531a6c4"
        ],
        "x-ms-routing-request-id": [
          "CENTRALINDIA:20170515T135931Z:d6f0bb7a-0395-4910-83d8-b4ff7531a6c4"
        ]
      },
      "StatusCode": 200
    },
    {
      "RequestUri": "/Subscriptions/c183865e-6077-46f2-a3b1-deb0f4f4650a/resourceGroups/siterecoveryprod1/providers/Microsoft.RecoveryServices/vaults/SDKVault/replicationJobs/66a0354e-5f45-4286-97e0-351790eb8f56?api-version=2016-08-10",
      "EncodedRequestUri": "L1N1YnNjcmlwdGlvbnMvYzE4Mzg2NWUtNjA3Ny00NmYyLWEzYjEtZGViMGY0ZjQ2NTBhL3Jlc291cmNlR3JvdXBzL3NpdGVyZWNvdmVyeXByb2QxL3Byb3ZpZGVycy9NaWNyb3NvZnQuUmVjb3ZlcnlTZXJ2aWNlcy92YXVsdHMvU0RLVmF1bHQvcmVwbGljYXRpb25Kb2JzLzY2YTAzNTRlLTVmNDUtNDI4Ni05N2UwLTM1MTc5MGViOGY1Nj9hcGktdmVyc2lvbj0yMDE2LTA4LTEw",
      "RequestMethod": "GET",
      "RequestBody": "",
      "RequestHeaders": {
        "User-Agent": [
          "FxVersion/4.6.25009.03",
          "Microsoft.Azure.Management.RecoveryServices.SiteRecovery.SiteRecoveryManagementClient/1.0.0.0"
        ]
      },
      "ResponseBody": "{\r\n  \"id\": \"/Subscriptions/c183865e-6077-46f2-a3b1-deb0f4f4650a/resourceGroups/siterecoveryprod1/providers/Microsoft.RecoveryServices/vaults/SDKVault/replicationJobs/66a0354e-5f45-4286-97e0-351790eb8f56\",\r\n  \"name\": \"66a0354e-5f45-4286-97e0-351790eb8f56\",\r\n  \"properties\": {\r\n    \"activityId\": \"22d846de-2cfa-40a3-a05f-372f47cfa879 ActivityId: a846ac9a-3d35-4751-b97c-e1dbb8e6872d\",\r\n    \"scenarioName\": \"ChangePit\",\r\n    \"friendlyName\": \"Change the recovery point\",\r\n    \"state\": \"InProgress\",\r\n    \"stateDescription\": \"InProgress\",\r\n    \"tasks\": [\r\n      {\r\n        \"taskId\": \"51e9c29c-a180-4ac0-959d-a15b625f28a0\",\r\n        \"name\": \"ChangePitPreflightCheck\",\r\n        \"startTime\": \"2017-05-15T13:53:27.5056266Z\",\r\n        \"endTime\": \"2017-05-15T13:53:30.6156192Z\",\r\n        \"allowedActions\": [],\r\n        \"friendlyName\": \"Change the prerequisites check\",\r\n        \"state\": \"Succeeded\",\r\n        \"stateDescription\": \"Completed\",\r\n        \"taskType\": \"TaskDetails\",\r\n        \"customDetails\": {\r\n          \"instanceType\": \"TaskDetails\"\r\n        },\r\n        \"groupTaskCustomDetails\": null,\r\n        \"errors\": []\r\n      },\r\n      {\r\n        \"taskId\": \"5559af91-1aff-480e-ac42-23420dbd5a15\",\r\n        \"name\": \"ShutdownVmRecovery\",\r\n        \"startTime\": \"2017-05-15T13:53:30.678121Z\",\r\n        \"endTime\": \"2017-05-15T13:56:42.631443Z\",\r\n        \"allowedActions\": [],\r\n        \"friendlyName\": \"Shutdown the virtual machine on recovery\",\r\n        \"state\": \"Succeeded\",\r\n        \"stateDescription\": \"Completed\",\r\n        \"taskType\": \"TaskDetails\",\r\n        \"customDetails\": {\r\n          \"instanceType\": \"TaskDetails\"\r\n        },\r\n        \"groupTaskCustomDetails\": null,\r\n        \"errors\": []\r\n      },\r\n      {\r\n        \"taskId\": \"ea6e7936-1231-4045-aba3-ca648bb9a4ce\",\r\n        \"name\": \"CancelFailoverRecovery\",\r\n        \"startTime\": \"2017-05-15T13:56:42.6937737Z\",\r\n        \"endTime\": \"2017-05-15T13:57:48.0840547Z\",\r\n        \"allowedActions\": [],\r\n        \"friendlyName\": \"Cancel failover recovery\",\r\n        \"state\": \"Succeeded\",\r\n        \"stateDescription\": \"Completed\",\r\n        \"taskType\": \"TaskDetails\",\r\n        \"customDetails\": {\r\n          \"instanceType\": \"TaskDetails\"\r\n        },\r\n        \"groupTaskCustomDetails\": null,\r\n        \"errors\": []\r\n      },\r\n      {\r\n        \"taskId\": \"d1f33c41-4e13-48a3-99b2-b7edbee72508\",\r\n        \"name\": \"VmFailover\",\r\n        \"startTime\": \"2017-05-15T13:57:48.146563Z\",\r\n        \"endTime\": \"0001-01-01T00:00:00\",\r\n        \"allowedActions\": [],\r\n        \"friendlyName\": \"Start failover\",\r\n        \"state\": \"InProgress\",\r\n        \"stateDescription\": \"InProgress\",\r\n        \"taskType\": \"TaskDetails\",\r\n        \"customDetails\": {\r\n          \"instanceType\": \"TaskDetails\"\r\n        },\r\n        \"groupTaskCustomDetails\": null,\r\n        \"errors\": []\r\n      },\r\n      {\r\n        \"taskId\": \"d59b1784-a246-4042-89fd-fe04196b0b01\",\r\n        \"name\": \"VmFoStartVmOnSecondary\",\r\n        \"startTime\": \"0001-01-01T00:00:00\",\r\n        \"endTime\": \"0001-01-01T00:00:00\",\r\n        \"allowedActions\": [],\r\n        \"friendlyName\": \"Start the replica virtual machine\",\r\n        \"state\": \"NotStarted\",\r\n        \"stateDescription\": \"NotStarted\",\r\n        \"taskType\": \"TaskDetails\",\r\n        \"customDetails\": {\r\n          \"instanceType\": \"TaskDetails\"\r\n        },\r\n        \"groupTaskCustomDetails\": null,\r\n        \"errors\": []\r\n      }\r\n    ],\r\n    \"errors\": [],\r\n    \"startTime\": \"2017-05-15T13:53:27.0887478Z\",\r\n    \"allowedActions\": [\r\n      \"Cancel\"\r\n    ],\r\n    \"targetObjectId\": \"cf29eb7a-58e1-45b4-b760-c530c1134df4\",\r\n    \"targetObjectName\": \"vm2\",\r\n    \"targetInstanceType\": \"ProtectionEntity\",\r\n    \"customDetails\": {\r\n      \"instanceType\": \"AsrJobDetails\",\r\n      \"affectedObjectDetails\": {\r\n        \"PrimaryVmId\": \"cf29eb7a-58e1-45b4-b760-c530c1134df4\",\r\n        \"PrimaryVmName\": \"vm2\",\r\n        \"RecoveryVmId\": \"\",\r\n        \"RecoveryVmName\": \"vm2\",\r\n        \"ProtectionProfileId\": \"0cf7844a-0d07-5dcc-9184-43f90652cd9c\",\r\n        \"PrimaryCloudId\": \"cloud_fa06e03b-e306-52f4-a01f-88cdeba67a1c\",\r\n        \"PrimaryCloudName\": \"SiteRecoveryTestSite1\",\r\n        \"RecoveryCloudId\": \"d38048d4-b460-4791-8ece-108395ee8478\",\r\n        \"RecoveryCloudName\": \"Microsoft Azure\",\r\n        \"PrimaryVmmId\": \"fa06e03b-e306-52f4-a01f-88cdeba67a1c\",\r\n        \"PrimaryVmmName\": \"SiteRecoveryTestSite1\",\r\n        \"RecoveryVmmId\": \"21a9403c-6ec1-44f2-b744-b4e50b792387\",\r\n        \"RecoveryVmmName\": \"Microsoft Azure\",\r\n        \"PrimaryFabricProviderId\": \"HyperVSite\",\r\n        \"RecoveryFabricProviderId\": \"Azure\"\r\n      }\r\n    }\r\n  },\r\n  \"status\": \"InProgress\",\r\n  \"error\": null,\r\n  \"startTime\": \"2017-05-15T13:53:27.0887478Z\",\r\n  \"endTime\": null\r\n}",
      "ResponseHeaders": {
        "Content-Type": [
          "application/json"
        ],
        "Expires": [
          "-1"
        ],
        "Cache-Control": [
          "no-cache"
        ],
        "Date": [
          "Mon, 15 May 2017 14:00:01 GMT"
        ],
        "Pragma": [
          "no-cache"
        ],
        "Transfer-Encoding": [
          "chunked"
        ],
        "Server": [
          "Microsoft-IIS/8.0",
          "Microsoft-IIS/8.5"
        ],
        "Vary": [
          "Accept-Encoding"
        ],
        "x-ms-request-id": [
          "/Subscriptions/c183865e-6077-46f2-a3b1-deb0f4f4650a/resourceGroups/siterecoveryprod1/providers/Microsoft.RecoveryServices/vaults/SDKVault/replicationJobs/66a0354e-5f45-4286-97e0-351790eb8f56"
        ],
        "Strict-Transport-Security": [
          "max-age=31536000; includeSubDomains"
        ],
        "X-AspNet-Version": [
          "4.0.30319"
        ],
        "X-Powered-By": [
          "ASP.NET"
        ],
        "x-ms-client-request-id": [
          "5963ad2d-dbb2-4e3c-a330-a34b1bf5becd"
        ],
        "x-ms-ratelimit-remaining-subscription-reads": [
          "14148"
        ],
        "x-ms-correlation-request-id": [
          "6c6862d1-4e61-4cca-a5d4-0d09a8662557"
        ],
        "x-ms-routing-request-id": [
          "CENTRALINDIA:20170515T140001Z:6c6862d1-4e61-4cca-a5d4-0d09a8662557"
        ]
      },
      "StatusCode": 200
    },
    {
      "RequestUri": "/Subscriptions/c183865e-6077-46f2-a3b1-deb0f4f4650a/resourceGroups/siterecoveryprod1/providers/Microsoft.RecoveryServices/vaults/SDKVault/replicationJobs/66a0354e-5f45-4286-97e0-351790eb8f56?api-version=2016-08-10",
      "EncodedRequestUri": "L1N1YnNjcmlwdGlvbnMvYzE4Mzg2NWUtNjA3Ny00NmYyLWEzYjEtZGViMGY0ZjQ2NTBhL3Jlc291cmNlR3JvdXBzL3NpdGVyZWNvdmVyeXByb2QxL3Byb3ZpZGVycy9NaWNyb3NvZnQuUmVjb3ZlcnlTZXJ2aWNlcy92YXVsdHMvU0RLVmF1bHQvcmVwbGljYXRpb25Kb2JzLzY2YTAzNTRlLTVmNDUtNDI4Ni05N2UwLTM1MTc5MGViOGY1Nj9hcGktdmVyc2lvbj0yMDE2LTA4LTEw",
      "RequestMethod": "GET",
      "RequestBody": "",
      "RequestHeaders": {
        "User-Agent": [
          "FxVersion/4.6.25009.03",
          "Microsoft.Azure.Management.RecoveryServices.SiteRecovery.SiteRecoveryManagementClient/1.0.0.0"
        ]
      },
      "ResponseBody": "{\r\n  \"id\": \"/Subscriptions/c183865e-6077-46f2-a3b1-deb0f4f4650a/resourceGroups/siterecoveryprod1/providers/Microsoft.RecoveryServices/vaults/SDKVault/replicationJobs/66a0354e-5f45-4286-97e0-351790eb8f56\",\r\n  \"name\": \"66a0354e-5f45-4286-97e0-351790eb8f56\",\r\n  \"properties\": {\r\n    \"activityId\": \"22d846de-2cfa-40a3-a05f-372f47cfa879 ActivityId: a846ac9a-3d35-4751-b97c-e1dbb8e6872d\",\r\n    \"scenarioName\": \"ChangePit\",\r\n    \"friendlyName\": \"Change the recovery point\",\r\n    \"state\": \"InProgress\",\r\n    \"stateDescription\": \"InProgress\",\r\n    \"tasks\": [\r\n      {\r\n        \"taskId\": \"51e9c29c-a180-4ac0-959d-a15b625f28a0\",\r\n        \"name\": \"ChangePitPreflightCheck\",\r\n        \"startTime\": \"2017-05-15T13:53:27.5056266Z\",\r\n        \"endTime\": \"2017-05-15T13:53:30.6156192Z\",\r\n        \"allowedActions\": [],\r\n        \"friendlyName\": \"Change the prerequisites check\",\r\n        \"state\": \"Succeeded\",\r\n        \"stateDescription\": \"Completed\",\r\n        \"taskType\": \"TaskDetails\",\r\n        \"customDetails\": {\r\n          \"instanceType\": \"TaskDetails\"\r\n        },\r\n        \"groupTaskCustomDetails\": null,\r\n        \"errors\": []\r\n      },\r\n      {\r\n        \"taskId\": \"5559af91-1aff-480e-ac42-23420dbd5a15\",\r\n        \"name\": \"ShutdownVmRecovery\",\r\n        \"startTime\": \"2017-05-15T13:53:30.678121Z\",\r\n        \"endTime\": \"2017-05-15T13:56:42.631443Z\",\r\n        \"allowedActions\": [],\r\n        \"friendlyName\": \"Shutdown the virtual machine on recovery\",\r\n        \"state\": \"Succeeded\",\r\n        \"stateDescription\": \"Completed\",\r\n        \"taskType\": \"TaskDetails\",\r\n        \"customDetails\": {\r\n          \"instanceType\": \"TaskDetails\"\r\n        },\r\n        \"groupTaskCustomDetails\": null,\r\n        \"errors\": []\r\n      },\r\n      {\r\n        \"taskId\": \"ea6e7936-1231-4045-aba3-ca648bb9a4ce\",\r\n        \"name\": \"CancelFailoverRecovery\",\r\n        \"startTime\": \"2017-05-15T13:56:42.6937737Z\",\r\n        \"endTime\": \"2017-05-15T13:57:48.0840547Z\",\r\n        \"allowedActions\": [],\r\n        \"friendlyName\": \"Cancel failover recovery\",\r\n        \"state\": \"Succeeded\",\r\n        \"stateDescription\": \"Completed\",\r\n        \"taskType\": \"TaskDetails\",\r\n        \"customDetails\": {\r\n          \"instanceType\": \"TaskDetails\"\r\n        },\r\n        \"groupTaskCustomDetails\": null,\r\n        \"errors\": []\r\n      },\r\n      {\r\n        \"taskId\": \"d1f33c41-4e13-48a3-99b2-b7edbee72508\",\r\n        \"name\": \"VmFailover\",\r\n        \"startTime\": \"2017-05-15T13:57:48.146563Z\",\r\n        \"endTime\": \"0001-01-01T00:00:00\",\r\n        \"allowedActions\": [],\r\n        \"friendlyName\": \"Start failover\",\r\n        \"state\": \"InProgress\",\r\n        \"stateDescription\": \"InProgress\",\r\n        \"taskType\": \"TaskDetails\",\r\n        \"customDetails\": {\r\n          \"instanceType\": \"TaskDetails\"\r\n        },\r\n        \"groupTaskCustomDetails\": null,\r\n        \"errors\": []\r\n      },\r\n      {\r\n        \"taskId\": \"d59b1784-a246-4042-89fd-fe04196b0b01\",\r\n        \"name\": \"VmFoStartVmOnSecondary\",\r\n        \"startTime\": \"0001-01-01T00:00:00\",\r\n        \"endTime\": \"0001-01-01T00:00:00\",\r\n        \"allowedActions\": [],\r\n        \"friendlyName\": \"Start the replica virtual machine\",\r\n        \"state\": \"NotStarted\",\r\n        \"stateDescription\": \"NotStarted\",\r\n        \"taskType\": \"TaskDetails\",\r\n        \"customDetails\": {\r\n          \"instanceType\": \"TaskDetails\"\r\n        },\r\n        \"groupTaskCustomDetails\": null,\r\n        \"errors\": []\r\n      }\r\n    ],\r\n    \"errors\": [],\r\n    \"startTime\": \"2017-05-15T13:53:27.0887478Z\",\r\n    \"allowedActions\": [\r\n      \"Cancel\"\r\n    ],\r\n    \"targetObjectId\": \"cf29eb7a-58e1-45b4-b760-c530c1134df4\",\r\n    \"targetObjectName\": \"vm2\",\r\n    \"targetInstanceType\": \"ProtectionEntity\",\r\n    \"customDetails\": {\r\n      \"instanceType\": \"AsrJobDetails\",\r\n      \"affectedObjectDetails\": {\r\n        \"PrimaryVmId\": \"cf29eb7a-58e1-45b4-b760-c530c1134df4\",\r\n        \"PrimaryVmName\": \"vm2\",\r\n        \"RecoveryVmId\": \"\",\r\n        \"RecoveryVmName\": \"vm2\",\r\n        \"ProtectionProfileId\": \"0cf7844a-0d07-5dcc-9184-43f90652cd9c\",\r\n        \"PrimaryCloudId\": \"cloud_fa06e03b-e306-52f4-a01f-88cdeba67a1c\",\r\n        \"PrimaryCloudName\": \"SiteRecoveryTestSite1\",\r\n        \"RecoveryCloudId\": \"d38048d4-b460-4791-8ece-108395ee8478\",\r\n        \"RecoveryCloudName\": \"Microsoft Azure\",\r\n        \"PrimaryVmmId\": \"fa06e03b-e306-52f4-a01f-88cdeba67a1c\",\r\n        \"PrimaryVmmName\": \"SiteRecoveryTestSite1\",\r\n        \"RecoveryVmmId\": \"21a9403c-6ec1-44f2-b744-b4e50b792387\",\r\n        \"RecoveryVmmName\": \"Microsoft Azure\",\r\n        \"PrimaryFabricProviderId\": \"HyperVSite\",\r\n        \"RecoveryFabricProviderId\": \"Azure\"\r\n      }\r\n    }\r\n  },\r\n  \"status\": \"InProgress\",\r\n  \"error\": null,\r\n  \"startTime\": \"2017-05-15T13:53:27.0887478Z\",\r\n  \"endTime\": null\r\n}",
      "ResponseHeaders": {
        "Content-Type": [
          "application/json"
        ],
        "Expires": [
          "-1"
        ],
        "Cache-Control": [
          "no-cache"
        ],
        "Date": [
          "Mon, 15 May 2017 14:00:31 GMT"
        ],
        "Pragma": [
          "no-cache"
        ],
        "Transfer-Encoding": [
          "chunked"
        ],
        "Server": [
          "Microsoft-IIS/8.0",
          "Microsoft-IIS/8.5"
        ],
        "Vary": [
          "Accept-Encoding"
        ],
        "x-ms-request-id": [
          "/Subscriptions/c183865e-6077-46f2-a3b1-deb0f4f4650a/resourceGroups/siterecoveryprod1/providers/Microsoft.RecoveryServices/vaults/SDKVault/replicationJobs/66a0354e-5f45-4286-97e0-351790eb8f56"
        ],
        "Strict-Transport-Security": [
          "max-age=31536000; includeSubDomains"
        ],
        "X-AspNet-Version": [
          "4.0.30319"
        ],
        "X-Powered-By": [
          "ASP.NET"
        ],
        "x-ms-client-request-id": [
          "5d1492c8-60ec-4a9c-8590-3a9b4a350358"
        ],
        "x-ms-ratelimit-remaining-subscription-reads": [
          "14141"
        ],
        "x-ms-correlation-request-id": [
          "56c8dc60-af76-4378-a596-b74261174c49"
        ],
        "x-ms-routing-request-id": [
          "CENTRALINDIA:20170515T140032Z:56c8dc60-af76-4378-a596-b74261174c49"
        ]
      },
      "StatusCode": 200
    },
    {
      "RequestUri": "/Subscriptions/c183865e-6077-46f2-a3b1-deb0f4f4650a/resourceGroups/siterecoveryprod1/providers/Microsoft.RecoveryServices/vaults/SDKVault/replicationJobs/66a0354e-5f45-4286-97e0-351790eb8f56?api-version=2016-08-10",
      "EncodedRequestUri": "L1N1YnNjcmlwdGlvbnMvYzE4Mzg2NWUtNjA3Ny00NmYyLWEzYjEtZGViMGY0ZjQ2NTBhL3Jlc291cmNlR3JvdXBzL3NpdGVyZWNvdmVyeXByb2QxL3Byb3ZpZGVycy9NaWNyb3NvZnQuUmVjb3ZlcnlTZXJ2aWNlcy92YXVsdHMvU0RLVmF1bHQvcmVwbGljYXRpb25Kb2JzLzY2YTAzNTRlLTVmNDUtNDI4Ni05N2UwLTM1MTc5MGViOGY1Nj9hcGktdmVyc2lvbj0yMDE2LTA4LTEw",
      "RequestMethod": "GET",
      "RequestBody": "",
      "RequestHeaders": {
        "User-Agent": [
          "FxVersion/4.6.25009.03",
          "Microsoft.Azure.Management.RecoveryServices.SiteRecovery.SiteRecoveryManagementClient/1.0.0.0"
        ]
      },
      "ResponseBody": "{\r\n  \"id\": \"/Subscriptions/c183865e-6077-46f2-a3b1-deb0f4f4650a/resourceGroups/siterecoveryprod1/providers/Microsoft.RecoveryServices/vaults/SDKVault/replicationJobs/66a0354e-5f45-4286-97e0-351790eb8f56\",\r\n  \"name\": \"66a0354e-5f45-4286-97e0-351790eb8f56\",\r\n  \"properties\": {\r\n    \"activityId\": \"22d846de-2cfa-40a3-a05f-372f47cfa879 ActivityId: a846ac9a-3d35-4751-b97c-e1dbb8e6872d\",\r\n    \"scenarioName\": \"ChangePit\",\r\n    \"friendlyName\": \"Change the recovery point\",\r\n    \"state\": \"Succeeded\",\r\n    \"stateDescription\": \"Completed\",\r\n    \"tasks\": [\r\n      {\r\n        \"taskId\": \"51e9c29c-a180-4ac0-959d-a15b625f28a0\",\r\n        \"name\": \"ChangePitPreflightCheck\",\r\n        \"startTime\": \"2017-05-15T13:53:27.5056266Z\",\r\n        \"endTime\": \"2017-05-15T13:53:30.6156192Z\",\r\n        \"allowedActions\": [],\r\n        \"friendlyName\": \"Change the prerequisites check\",\r\n        \"state\": \"Succeeded\",\r\n        \"stateDescription\": \"Completed\",\r\n        \"taskType\": \"TaskDetails\",\r\n        \"customDetails\": {\r\n          \"instanceType\": \"TaskDetails\"\r\n        },\r\n        \"groupTaskCustomDetails\": null,\r\n        \"errors\": []\r\n      },\r\n      {\r\n        \"taskId\": \"5559af91-1aff-480e-ac42-23420dbd5a15\",\r\n        \"name\": \"ShutdownVmRecovery\",\r\n        \"startTime\": \"2017-05-15T13:53:30.678121Z\",\r\n        \"endTime\": \"2017-05-15T13:56:42.631443Z\",\r\n        \"allowedActions\": [],\r\n        \"friendlyName\": \"Shutdown the virtual machine on recovery\",\r\n        \"state\": \"Succeeded\",\r\n        \"stateDescription\": \"Completed\",\r\n        \"taskType\": \"TaskDetails\",\r\n        \"customDetails\": {\r\n          \"instanceType\": \"TaskDetails\"\r\n        },\r\n        \"groupTaskCustomDetails\": null,\r\n        \"errors\": []\r\n      },\r\n      {\r\n        \"taskId\": \"ea6e7936-1231-4045-aba3-ca648bb9a4ce\",\r\n        \"name\": \"CancelFailoverRecovery\",\r\n        \"startTime\": \"2017-05-15T13:56:42.6937737Z\",\r\n        \"endTime\": \"2017-05-15T13:57:48.0840547Z\",\r\n        \"allowedActions\": [],\r\n        \"friendlyName\": \"Cancel failover recovery\",\r\n        \"state\": \"Succeeded\",\r\n        \"stateDescription\": \"Completed\",\r\n        \"taskType\": \"TaskDetails\",\r\n        \"customDetails\": {\r\n          \"instanceType\": \"TaskDetails\"\r\n        },\r\n        \"groupTaskCustomDetails\": null,\r\n        \"errors\": []\r\n      },\r\n      {\r\n        \"taskId\": \"d1f33c41-4e13-48a3-99b2-b7edbee72508\",\r\n        \"name\": \"VmFailover\",\r\n        \"startTime\": \"2017-05-15T13:57:48.146563Z\",\r\n        \"endTime\": \"2017-05-15T14:01:02.2384797Z\",\r\n        \"allowedActions\": [],\r\n        \"friendlyName\": \"Start failover\",\r\n        \"state\": \"Succeeded\",\r\n        \"stateDescription\": \"Completed\",\r\n        \"taskType\": \"TaskDetails\",\r\n        \"customDetails\": {\r\n          \"instanceType\": \"TaskDetails\"\r\n        },\r\n        \"groupTaskCustomDetails\": null,\r\n        \"errors\": []\r\n      },\r\n      {\r\n        \"taskId\": \"d59b1784-a246-4042-89fd-fe04196b0b01\",\r\n        \"name\": \"VmFoStartVmOnSecondary\",\r\n        \"startTime\": \"2017-05-15T14:01:02.3166168Z\",\r\n        \"endTime\": \"2017-05-15T14:01:02.3166168Z\",\r\n        \"allowedActions\": [],\r\n        \"friendlyName\": \"Start the replica virtual machine\",\r\n        \"state\": \"Succeeded\",\r\n        \"stateDescription\": \"Completed\",\r\n        \"taskType\": \"TaskDetails\",\r\n        \"customDetails\": {\r\n          \"instanceType\": \"TaskDetails\"\r\n        },\r\n        \"groupTaskCustomDetails\": null,\r\n        \"errors\": []\r\n      }\r\n    ],\r\n    \"errors\": [],\r\n    \"startTime\": \"2017-05-15T13:53:27.0887478Z\",\r\n    \"endTime\": \"2017-05-15T14:01:02Z\",\r\n    \"allowedActions\": [],\r\n    \"targetObjectId\": \"cf29eb7a-58e1-45b4-b760-c530c1134df4\",\r\n    \"targetObjectName\": \"vm2\",\r\n    \"targetInstanceType\": \"ProtectionEntity\",\r\n    \"customDetails\": {\r\n      \"instanceType\": \"AsrJobDetails\",\r\n      \"affectedObjectDetails\": {\r\n        \"PrimaryVmId\": \"cf29eb7a-58e1-45b4-b760-c530c1134df4\",\r\n        \"PrimaryVmName\": \"vm2\",\r\n        \"RecoveryVmId\": \"\",\r\n        \"RecoveryVmName\": \"vm2\",\r\n        \"ProtectionProfileId\": \"0cf7844a-0d07-5dcc-9184-43f90652cd9c\",\r\n        \"PrimaryCloudId\": \"cloud_fa06e03b-e306-52f4-a01f-88cdeba67a1c\",\r\n        \"PrimaryCloudName\": \"SiteRecoveryTestSite1\",\r\n        \"RecoveryCloudId\": \"d38048d4-b460-4791-8ece-108395ee8478\",\r\n        \"RecoveryCloudName\": \"Microsoft Azure\",\r\n        \"PrimaryVmmId\": \"fa06e03b-e306-52f4-a01f-88cdeba67a1c\",\r\n        \"PrimaryVmmName\": \"SiteRecoveryTestSite1\",\r\n        \"RecoveryVmmId\": \"21a9403c-6ec1-44f2-b744-b4e50b792387\",\r\n        \"RecoveryVmmName\": \"Microsoft Azure\",\r\n        \"PrimaryFabricProviderId\": \"HyperVSite\",\r\n        \"RecoveryFabricProviderId\": \"Azure\"\r\n      }\r\n    }\r\n  },\r\n  \"status\": \"Succeeded\",\r\n  \"error\": null,\r\n  \"startTime\": \"2017-05-15T13:53:27.0887478Z\",\r\n  \"endTime\": \"2017-05-15T14:01:02Z\"\r\n}",
      "ResponseHeaders": {
        "Content-Type": [
          "application/json"
        ],
        "Expires": [
          "-1"
        ],
        "Cache-Control": [
          "no-cache"
        ],
        "Date": [
          "Mon, 15 May 2017 14:01:01 GMT"
        ],
        "Pragma": [
          "no-cache"
        ],
        "Transfer-Encoding": [
          "chunked"
        ],
        "Server": [
          "Microsoft-IIS/8.0",
          "Microsoft-IIS/8.5"
        ],
        "Vary": [
          "Accept-Encoding"
        ],
        "x-ms-request-id": [
          "/Subscriptions/c183865e-6077-46f2-a3b1-deb0f4f4650a/resourceGroups/siterecoveryprod1/providers/Microsoft.RecoveryServices/vaults/SDKVault/replicationJobs/66a0354e-5f45-4286-97e0-351790eb8f56"
        ],
        "Strict-Transport-Security": [
          "max-age=31536000; includeSubDomains"
        ],
        "X-AspNet-Version": [
          "4.0.30319"
        ],
        "X-Powered-By": [
          "ASP.NET"
        ],
        "x-ms-client-request-id": [
          "15a3cb7c-8204-43b5-a673-373353e56f37"
        ],
        "x-ms-ratelimit-remaining-subscription-reads": [
          "14135"
        ],
        "x-ms-correlation-request-id": [
          "db7796ae-02e9-40c5-8af8-6d1b03b266c2"
        ],
        "x-ms-routing-request-id": [
          "CENTRALINDIA:20170515T140102Z:db7796ae-02e9-40c5-8af8-6d1b03b266c2"
        ]
      },
      "StatusCode": 200
    }
  ],
  "Names": {},
  "Variables": {
    "SubscriptionId": "c183865e-6077-46f2-a3b1-deb0f4f4650a"
  }
}