{
  "Entries": [
    {
      "RequestUri": "/Subscriptions/c183865e-6077-46f2-a3b1-deb0f4f4650a/resourceGroups/siterecoveryprod1/providers/Microsoft.RecoveryServices/vaults/SDKVault/replicationFabrics/SiteRecoveryTestSite1?api-version=2016-08-10",
      "EncodedRequestUri": "L1N1YnNjcmlwdGlvbnMvYzE4Mzg2NWUtNjA3Ny00NmYyLWEzYjEtZGViMGY0ZjQ2NTBhL3Jlc291cmNlR3JvdXBzL3NpdGVyZWNvdmVyeXByb2QxL3Byb3ZpZGVycy9NaWNyb3NvZnQuUmVjb3ZlcnlTZXJ2aWNlcy92YXVsdHMvU0RLVmF1bHQvcmVwbGljYXRpb25GYWJyaWNzL1NpdGVSZWNvdmVyeVRlc3RTaXRlMT9hcGktdmVyc2lvbj0yMDE2LTA4LTEw",
      "RequestMethod": "GET",
      "RequestBody": "",
      "RequestHeaders": {
        "x-ms-client-request-id": [
          "5cb2be28-11e6-47e9-9fbf-e659a6970ddf"
        ],
        "accept-language": [
          "en-US"
        ],
        "User-Agent": [
          "FxVersion/4.6.25009.03",
          "Microsoft.Azure.Management.RecoveryServices.SiteRecovery.SiteRecoveryManagementClient/1.4.0.0"
        ]
      },
      "ResponseBody": "{\r\n  \"name\": \"SiteRecoveryTestSite1\",\r\n  \"type\": \"Microsoft.RecoveryServices/vaults/replicationFabrics\",\r\n  \"id\": \"/Subscriptions/c183865e-6077-46f2-a3b1-deb0f4f4650a/resourceGroups/siterecoveryprod1/providers/Microsoft.RecoveryServices/vaults/SDKVault/replicationFabrics/SiteRecoveryTestSite1\",\r\n  \"properties\": {\r\n    \"friendlyName\": \"SiteRecoveryTestSite1\",\r\n    \"encryptionDetails\": {\r\n      \"kekState\": \"None\",\r\n      \"kekCertThumbprint\": null\r\n    },\r\n    \"rolloverEncryptionDetails\": {\r\n      \"kekState\": \"None\",\r\n      \"kekCertThumbprint\": null\r\n    },\r\n    \"internalIdentifier\": \"fa06e03b-e306-52f4-a01f-88cdeba67a1c\",\r\n    \"bcdrState\": \"Valid\",\r\n    \"customDetails\": {\r\n      \"instanceType\": \"HyperVSite\"\r\n    },\r\n    \"healthErrorDetails\": [],\r\n    \"health\": \"Normal\"\r\n  }\r\n}",
      "ResponseHeaders": {
        "Content-Type": [
          "application/json"
        ],
        "Expires": [
          "-1"
        ],
        "Cache-Control": [
          "no-cache"
        ],
        "Date": [
          "Thu, 11 May 2017 17:49:21 GMT"
        ],
        "Pragma": [
          "no-cache"
        ],
        "Transfer-Encoding": [
          "chunked"
        ],
        "Server": [
          "Microsoft-IIS/8.0",
          "Microsoft-IIS/8.5"
        ],
        "Vary": [
          "Accept-Encoding"
        ],
        "x-ms-request-id": [
          "5cb2be28-11e6-47e9-9fbf-e659a6970ddf 5/11/2017 5:49:22 PM"
        ],
        "Strict-Transport-Security": [
          "max-age=31536000; includeSubDomains"
        ],
        "X-AspNet-Version": [
          "4.0.30319"
        ],
        "X-Powered-By": [
          "ASP.NET"
        ],
        "x-ms-client-request-id": [
          "5cb2be28-11e6-47e9-9fbf-e659a6970ddf"
        ],
        "x-ms-ratelimit-remaining-subscription-reads": [
          "13983"
        ],
        "x-ms-correlation-request-id": [
          "b1957b73-c831-4c82-a13f-a95521012e57"
        ],
        "x-ms-routing-request-id": [
          "CENTRALINDIA:20170511T174922Z:b1957b73-c831-4c82-a13f-a95521012e57"
        ]
      },
      "StatusCode": 200
    },
    {
      "RequestUri": "/Subscriptions/c183865e-6077-46f2-a3b1-deb0f4f4650a/resourceGroups/siterecoveryprod1/providers/Microsoft.RecoveryServices/vaults/SDKVault/replicationFabrics/SiteRecoveryTestSite1/replicationProtectionContainers?api-version=2016-08-10",
      "EncodedRequestUri": "L1N1YnNjcmlwdGlvbnMvYzE4Mzg2NWUtNjA3Ny00NmYyLWEzYjEtZGViMGY0ZjQ2NTBhL3Jlc291cmNlR3JvdXBzL3NpdGVyZWNvdmVyeXByb2QxL3Byb3ZpZGVycy9NaWNyb3NvZnQuUmVjb3ZlcnlTZXJ2aWNlcy92YXVsdHMvU0RLVmF1bHQvcmVwbGljYXRpb25GYWJyaWNzL1NpdGVSZWNvdmVyeVRlc3RTaXRlMS9yZXBsaWNhdGlvblByb3RlY3Rpb25Db250YWluZXJzP2FwaS12ZXJzaW9uPTIwMTYtMDgtMTA=",
      "RequestMethod": "GET",
      "RequestBody": "",
      "RequestHeaders": {
        "x-ms-client-request-id": [
          "7525bdc6-2765-4450-8fb4-3d0a3e2e7208"
        ],
        "accept-language": [
          "en-US"
        ],
        "User-Agent": [
          "FxVersion/4.6.25009.03",
          "Microsoft.Azure.Management.RecoveryServices.SiteRecovery.SiteRecoveryManagementClient/1.4.0.0"
        ]
      },
      "ResponseBody": "{\r\n  \"value\": [\r\n    {\r\n      \"id\": \"/Subscriptions/c183865e-6077-46f2-a3b1-deb0f4f4650a/resourceGroups/siterecoveryprod1/providers/Microsoft.RecoveryServices/vaults/SDKVault/replicationFabrics/SiteRecoveryTestSite1/replicationProtectionContainers/cloud_fa06e03b-e306-52f4-a01f-88cdeba67a1c\",\r\n      \"name\": \"cloud_fa06e03b-e306-52f4-a01f-88cdeba67a1c\",\r\n      \"type\": \"Microsoft.RecoveryServices/vaults/replicationFabrics/replicationProtectionContainers\",\r\n      \"properties\": {\r\n        \"fabricFriendlyName\": \"SiteRecoveryTestSite1\",\r\n        \"friendlyName\": \"SiteRecoveryTestSite1\",\r\n        \"fabricType\": \"HyperVSite\",\r\n        \"protectedItemCount\": 0,\r\n        \"pairingStatus\": \"NotPaired\",\r\n        \"role\": \"\",\r\n        \"fabricSpecificDetails\": null\r\n      }\r\n    }\r\n  ],\r\n  \"nextLink\": null\r\n}",
      "ResponseHeaders": {
        "Content-Type": [
          "application/json"
        ],
        "Expires": [
          "-1"
        ],
        "Cache-Control": [
          "no-cache"
        ],
        "Date": [
          "Thu, 11 May 2017 17:49:22 GMT"
        ],
        "Pragma": [
          "no-cache"
        ],
        "Transfer-Encoding": [
          "chunked"
        ],
        "Server": [
          "Microsoft-IIS/8.0",
          "Microsoft-IIS/8.5"
        ],
        "Vary": [
          "Accept-Encoding"
        ],
        "x-ms-request-id": [
          "7525bdc6-2765-4450-8fb4-3d0a3e2e7208 5/11/2017 5:49:22 PM"
        ],
        "Strict-Transport-Security": [
          "max-age=31536000; includeSubDomains"
        ],
        "X-AspNet-Version": [
          "4.0.30319"
        ],
        "X-Powered-By": [
          "ASP.NET"
        ],
        "x-ms-client-request-id": [
          "7525bdc6-2765-4450-8fb4-3d0a3e2e7208"
        ],
        "x-ms-ratelimit-remaining-subscription-reads": [
          "13981"
        ],
        "x-ms-correlation-request-id": [
          "6b64c750-41a5-4fa1-9389-3d39d37f16f3"
        ],
        "x-ms-routing-request-id": [
          "CENTRALINDIA:20170511T174922Z:6b64c750-41a5-4fa1-9389-3d39d37f16f3"
        ]
      },
      "StatusCode": 200
    },
    {
      "RequestUri": "/Subscriptions/c183865e-6077-46f2-a3b1-deb0f4f4650a/resourceGroups/siterecoveryprod1/providers/Microsoft.RecoveryServices/vaults/SDKVault/replicationFabrics/SiteRecoveryTestSite1/replicationProtectionContainers/cloud_fa06e03b-e306-52f4-a01f-88cdeba67a1c?api-version=2016-08-10",
      "EncodedRequestUri": "L1N1YnNjcmlwdGlvbnMvYzE4Mzg2NWUtNjA3Ny00NmYyLWEzYjEtZGViMGY0ZjQ2NTBhL3Jlc291cmNlR3JvdXBzL3NpdGVyZWNvdmVyeXByb2QxL3Byb3ZpZGVycy9NaWNyb3NvZnQuUmVjb3ZlcnlTZXJ2aWNlcy92YXVsdHMvU0RLVmF1bHQvcmVwbGljYXRpb25GYWJyaWNzL1NpdGVSZWNvdmVyeVRlc3RTaXRlMS9yZXBsaWNhdGlvblByb3RlY3Rpb25Db250YWluZXJzL2Nsb3VkX2ZhMDZlMDNiLWUzMDYtNTJmNC1hMDFmLTg4Y2RlYmE2N2ExYz9hcGktdmVyc2lvbj0yMDE2LTA4LTEw",
      "RequestMethod": "GET",
      "RequestBody": "",
      "RequestHeaders": {
        "x-ms-client-request-id": [
          "a08bc151-a89f-4d11-bb8b-1f3211ffef32"
        ],
        "accept-language": [
          "en-US"
        ],
        "User-Agent": [
          "FxVersion/4.6.25009.03",
          "Microsoft.Azure.Management.RecoveryServices.SiteRecovery.SiteRecoveryManagementClient/1.4.0.0"
        ]
      },
      "ResponseBody": "{\r\n  \"id\": \"/Subscriptions/c183865e-6077-46f2-a3b1-deb0f4f4650a/resourceGroups/siterecoveryprod1/providers/Microsoft.RecoveryServices/vaults/SDKVault/replicationFabrics/SiteRecoveryTestSite1/replicationProtectionContainers/cloud_fa06e03b-e306-52f4-a01f-88cdeba67a1c\",\r\n  \"name\": \"cloud_fa06e03b-e306-52f4-a01f-88cdeba67a1c\",\r\n  \"type\": \"Microsoft.RecoveryServices/vaults/replicationFabrics/replicationProtectionContainers\",\r\n  \"properties\": {\r\n    \"fabricFriendlyName\": \"SiteRecoveryTestSite1\",\r\n    \"friendlyName\": \"SiteRecoveryTestSite1\",\r\n    \"fabricType\": \"HyperVSite\",\r\n    \"protectedItemCount\": 0,\r\n    \"pairingStatus\": \"NotPaired\",\r\n    \"role\": \"\",\r\n    \"fabricSpecificDetails\": null\r\n  }\r\n}",
      "ResponseHeaders": {
        "Content-Type": [
          "application/json"
        ],
        "Expires": [
          "-1"
        ],
        "Cache-Control": [
          "no-cache"
        ],
        "Date": [
          "Thu, 11 May 2017 17:49:22 GMT"
        ],
        "Pragma": [
          "no-cache"
        ],
        "Transfer-Encoding": [
          "chunked"
        ],
        "Server": [
          "Microsoft-IIS/8.0",
          "Microsoft-IIS/8.5"
        ],
        "Vary": [
          "Accept-Encoding"
        ],
        "x-ms-request-id": [
          "a08bc151-a89f-4d11-bb8b-1f3211ffef32 5/11/2017 5:49:23 PM"
        ],
        "Strict-Transport-Security": [
          "max-age=31536000; includeSubDomains"
        ],
        "X-AspNet-Version": [
          "4.0.30319"
        ],
        "X-Powered-By": [
          "ASP.NET"
        ],
        "x-ms-client-request-id": [
          "a08bc151-a89f-4d11-bb8b-1f3211ffef32"
        ],
        "x-ms-ratelimit-remaining-subscription-reads": [
          "13980"
        ],
        "x-ms-correlation-request-id": [
          "70e4280d-6682-4872-b848-198496cf5dfe"
        ],
        "x-ms-routing-request-id": [
          "CENTRALINDIA:20170511T174923Z:70e4280d-6682-4872-b848-198496cf5dfe"
        ]
      },
      "StatusCode": 200
    }
  ],
  "Names": {},
  "Variables": {
    "SubscriptionId": "c183865e-6077-46f2-a3b1-deb0f4f4650a"
  }
}