{
  "Entries": [
    {
      "RequestUri": "/Subscriptions/c183865e-6077-46f2-a3b1-deb0f4f4650a/resourceGroups/resourceGroupPS1/providers/Microsoft.RecoveryServices/vaults/vault1/replicationFabrics/cloud1?api-version=2016-08-10",
      "EncodedRequestUri": "L1N1YnNjcmlwdGlvbnMvYzE4Mzg2NWUtNjA3Ny00NmYyLWEzYjEtZGViMGY0ZjQ2NTBhL3Jlc291cmNlR3JvdXBzL3Jlc291cmNlR3JvdXBQUzEvcHJvdmlkZXJzL01pY3Jvc29mdC5SZWNvdmVyeVNlcnZpY2VzL3ZhdWx0cy92YXVsdDEvcmVwbGljYXRpb25GYWJyaWNzL2Nsb3VkMT9hcGktdmVyc2lvbj0yMDE2LTA4LTEw",
      "RequestMethod": "GET",
      "RequestBody": "",
      "RequestHeaders": {
        "x-ms-client-request-id": [
          "f7cb97ec-a6b8-4a49-955d-719b1177c522"
        ],
        "accept-language": [
          "en-US"
        ],
        "User-Agent": [
          "FxVersion/4.6.25009.03",
          "Microsoft.Azure.Management.RecoveryServices.SiteRecovery.SiteRecoveryManagementClient/1.4.0.0"
        ]
      },
      "ResponseBody": "{\r\n  \"name\": \"cloud1\",\r\n  \"type\": \"Microsoft.RecoveryServices/vaults/replicationFabrics\",\r\n  \"id\": \"/Subscriptions/c183865e-6077-46f2-a3b1-deb0f4f4650a/resourceGroups/resourceGroupPS1/providers/Microsoft.RecoveryServices/vaults/vault1/replicationFabrics/cloud1\",\r\n  \"properties\": {\r\n    \"friendlyName\": \"cloud1\",\r\n    \"encryptionDetails\": {\r\n      \"kekState\": \"None\",\r\n      \"kekCertThumbprint\": null\r\n    },\r\n    \"rolloverEncryptionDetails\": {\r\n      \"kekState\": \"None\",\r\n      \"kekCertThumbprint\": null\r\n    },\r\n    \"internalIdentifier\": \"6d224fc6-f326-5d35-96de-fbf51efb3179\",\r\n    \"bcdrState\": \"Valid\",\r\n    \"customDetails\": {\r\n      \"instanceType\": \"HyperVSite\"\r\n    },\r\n    \"healthErrorDetails\": [],\r\n    \"health\": \"Normal\"\r\n  }\r\n}",
      "ResponseHeaders": {
        "Content-Type": [
          "application/json"
        ],
        "Expires": [
          "-1"
        ],
        "Cache-Control": [
          "no-cache"
        ],
        "Date": [
          "Wed, 10 May 2017 14:57:11 GMT"
        ],
        "Pragma": [
          "no-cache"
        ],
        "Transfer-Encoding": [
          "chunked"
        ],
        "Server": [
          "Microsoft-IIS/8.0",
          "Microsoft-IIS/8.5"
        ],
        "Vary": [
          "Accept-Encoding"
        ],
        "x-ms-request-id": [
          "f7cb97ec-a6b8-4a49-955d-719b1177c522 5/10/2017 2:57:11 PM"
        ],
        "Strict-Transport-Security": [
          "max-age=31536000; includeSubDomains"
        ],
        "X-AspNet-Version": [
          "4.0.30319"
        ],
        "X-Powered-By": [
          "ASP.NET"
        ],
        "x-ms-client-request-id": [
          "f7cb97ec-a6b8-4a49-955d-719b1177c522"
        ],
        "x-ms-ratelimit-remaining-subscription-reads": [
          "14977"
        ],
        "x-ms-correlation-request-id": [
          "0a134ce1-9308-4bc6-93b6-89bd1c32924f"
        ],
        "x-ms-routing-request-id": [
          "CENTRALINDIA:20170510T145712Z:0a134ce1-9308-4bc6-93b6-89bd1c32924f"
        ]
      },
      "StatusCode": 200
    },
    {
      "RequestUri": "/Subscriptions/c183865e-6077-46f2-a3b1-deb0f4f4650a/resourceGroups/resourceGroupPS1/providers/Microsoft.RecoveryServices/vaults/vault1/replicationFabrics/cloud1/replicationProtectionContainers?api-version=2016-08-10",
      "EncodedRequestUri": "L1N1YnNjcmlwdGlvbnMvYzE4Mzg2NWUtNjA3Ny00NmYyLWEzYjEtZGViMGY0ZjQ2NTBhL3Jlc291cmNlR3JvdXBzL3Jlc291cmNlR3JvdXBQUzEvcHJvdmlkZXJzL01pY3Jvc29mdC5SZWNvdmVyeVNlcnZpY2VzL3ZhdWx0cy92YXVsdDEvcmVwbGljYXRpb25GYWJyaWNzL2Nsb3VkMS9yZXBsaWNhdGlvblByb3RlY3Rpb25Db250YWluZXJzP2FwaS12ZXJzaW9uPTIwMTYtMDgtMTA=",
      "RequestMethod": "GET",
      "RequestBody": "",
      "RequestHeaders": {
        "x-ms-client-request-id": [
          "d4db4492-3bcd-4736-a231-b763e2bf63bd"
        ],
        "accept-language": [
          "en-US"
        ],
        "User-Agent": [
          "FxVersion/4.6.25009.03",
          "Microsoft.Azure.Management.RecoveryServices.SiteRecovery.SiteRecoveryManagementClient/1.4.0.0"
        ]
      },
      "ResponseBody": "{\r\n  \"value\": [\r\n    {\r\n      \"id\": \"/Subscriptions/c183865e-6077-46f2-a3b1-deb0f4f4650a/resourceGroups/resourceGroupPS1/providers/Microsoft.RecoveryServices/vaults/vault1/replicationFabrics/cloud1/replicationProtectionContainers/cloud_6d224fc6-f326-5d35-96de-fbf51efb3179\",\r\n      \"name\": \"cloud_6d224fc6-f326-5d35-96de-fbf51efb3179\",\r\n      \"type\": \"Microsoft.RecoveryServices/vaults/replicationFabrics/replicationProtectionContainers\",\r\n      \"properties\": {\r\n        \"fabricFriendlyName\": \"cloud1\",\r\n        \"friendlyName\": \"cloud1\",\r\n        \"fabricType\": \"HyperVSite\",\r\n        \"protectedItemCount\": 2,\r\n        \"pairingStatus\": \"Paired\",\r\n        \"role\": \"Primary\",\r\n        \"fabricSpecificDetails\": null\r\n      }\r\n    }\r\n  ],\r\n  \"nextLink\": null\r\n}",
      "ResponseHeaders": {
        "Content-Type": [
          "application/json"
        ],
        "Expires": [
          "-1"
        ],
        "Cache-Control": [
          "no-cache"
        ],
        "Date": [
          "Wed, 10 May 2017 14:57:12 GMT"
        ],
        "Pragma": [
          "no-cache"
        ],
        "Transfer-Encoding": [
          "chunked"
        ],
        "Server": [
          "Microsoft-IIS/8.0",
          "Microsoft-IIS/8.5"
        ],
        "Vary": [
          "Accept-Encoding"
        ],
        "x-ms-request-id": [
          "d4db4492-3bcd-4736-a231-b763e2bf63bd 5/10/2017 2:57:12 PM"
        ],
        "Strict-Transport-Security": [
          "max-age=31536000; includeSubDomains"
        ],
        "X-AspNet-Version": [
          "4.0.30319"
        ],
        "X-Powered-By": [
          "ASP.NET"
        ],
        "x-ms-client-request-id": [
          "d4db4492-3bcd-4736-a231-b763e2bf63bd"
        ],
        "x-ms-ratelimit-remaining-subscription-reads": [
          "14976"
        ],
        "x-ms-correlation-request-id": [
          "69a2c747-47c7-477c-8423-af2561d90499"
        ],
        "x-ms-routing-request-id": [
          "CENTRALINDIA:20170510T145712Z:69a2c747-47c7-477c-8423-af2561d90499"
        ]
      },
      "StatusCode": 200
    },
    {
      "RequestUri": "/Subscriptions/c183865e-6077-46f2-a3b1-deb0f4f4650a/resourceGroups/resourceGroupPS1/providers/Microsoft.RecoveryServices/vaults/vault1/replicationFabrics/cloud1/replicationProtectionContainers/cloud_6d224fc6-f326-5d35-96de-fbf51efb3179?api-version=2016-08-10",
      "EncodedRequestUri": "L1N1YnNjcmlwdGlvbnMvYzE4Mzg2NWUtNjA3Ny00NmYyLWEzYjEtZGViMGY0ZjQ2NTBhL3Jlc291cmNlR3JvdXBzL3Jlc291cmNlR3JvdXBQUzEvcHJvdmlkZXJzL01pY3Jvc29mdC5SZWNvdmVyeVNlcnZpY2VzL3ZhdWx0cy92YXVsdDEvcmVwbGljYXRpb25GYWJyaWNzL2Nsb3VkMS9yZXBsaWNhdGlvblByb3RlY3Rpb25Db250YWluZXJzL2Nsb3VkXzZkMjI0ZmM2LWYzMjYtNWQzNS05NmRlLWZiZjUxZWZiMzE3OT9hcGktdmVyc2lvbj0yMDE2LTA4LTEw",
      "RequestMethod": "GET",
      "RequestBody": "",
      "RequestHeaders": {
        "x-ms-client-request-id": [
          "abf54394-3c40-42e8-8ec1-c0c66eb25319"
        ],
        "accept-language": [
          "en-US"
        ],
        "User-Agent": [
          "FxVersion/4.6.25009.03",
          "Microsoft.Azure.Management.RecoveryServices.SiteRecovery.SiteRecoveryManagementClient/1.4.0.0"
        ]
      },
      "ResponseBody": "{\r\n  \"id\": \"/Subscriptions/c183865e-6077-46f2-a3b1-deb0f4f4650a/resourceGroups/resourceGroupPS1/providers/Microsoft.RecoveryServices/vaults/vault1/replicationFabrics/cloud1/replicationProtectionContainers/cloud_6d224fc6-f326-5d35-96de-fbf51efb3179\",\r\n  \"name\": \"cloud_6d224fc6-f326-5d35-96de-fbf51efb3179\",\r\n  \"type\": \"Microsoft.RecoveryServices/vaults/replicationFabrics/replicationProtectionContainers\",\r\n  \"properties\": {\r\n    \"fabricFriendlyName\": \"cloud1\",\r\n    \"friendlyName\": \"cloud1\",\r\n    \"fabricType\": \"HyperVSite\",\r\n    \"protectedItemCount\": 2,\r\n    \"pairingStatus\": \"Paired\",\r\n    \"role\": \"Primary\",\r\n    \"fabricSpecificDetails\": null\r\n  }\r\n}",
      "ResponseHeaders": {
        "Content-Type": [
          "application/json"
        ],
        "Expires": [
          "-1"
        ],
        "Cache-Control": [
          "no-cache"
        ],
        "Date": [
          "Wed, 10 May 2017 14:57:12 GMT"
        ],
        "Pragma": [
          "no-cache"
        ],
        "Transfer-Encoding": [
          "chunked"
        ],
        "Server": [
          "Microsoft-IIS/8.0",
          "Microsoft-IIS/8.5"
        ],
        "Vary": [
          "Accept-Encoding"
        ],
        "x-ms-request-id": [
          "abf54394-3c40-42e8-8ec1-c0c66eb25319 5/10/2017 2:57:12 PM"
        ],
        "Strict-Transport-Security": [
          "max-age=31536000; includeSubDomains"
        ],
        "X-AspNet-Version": [
          "4.0.30319"
        ],
        "X-Powered-By": [
          "ASP.NET"
        ],
        "x-ms-client-request-id": [
          "abf54394-3c40-42e8-8ec1-c0c66eb25319"
        ],
        "x-ms-ratelimit-remaining-subscription-reads": [
          "14975"
        ],
        "x-ms-correlation-request-id": [
          "02747206-ef96-4c89-a5cd-9298b047ee57"
        ],
        "x-ms-routing-request-id": [
          "CENTRALINDIA:20170510T145712Z:02747206-ef96-4c89-a5cd-9298b047ee57"
        ]
      },
      "StatusCode": 200
    }
  ],
  "Names": {},
  "Variables": {
    "SubscriptionId": "c183865e-6077-46f2-a3b1-deb0f4f4650a"
  }
}