{
  "Entries": [
    {
      "RequestUri": "https://management.azure.com/subscriptions/db1ab6f0-4769-4b27-930e-01e2ef9c123c?api-version=2019-11-01",
      "RequestMethod": "GET",
      "RequestHeaders": {
        "Accept": "application/json",
        "Authorization": "Sanitized",
        "traceparent": "00-750caebe1af17f45b8dc62cfcf602684-3666f982d267a34f-00",
        "User-Agent": [
          "azsdk-net-ResourceManager/1.0.0-beta.5",
          "(.NET Core 3.1.21; Microsoft Windows 10.0.22000)"
        ],
        "x-ms-client-request-id": "75b257379628852029d0556d29674582",
        "x-ms-return-client-request-id": "true"
      },
      "RequestBody": null,
      "StatusCode": 200,
      "ResponseHeaders": {
        "Cache-Control": "no-cache",
        "Content-Length": "468",
        "Content-Type": "application/json; charset=utf-8",
        "Date": "Tue, 07 Dec 2021 07:00:12 GMT",
        "Expires": "-1",
        "Pragma": "no-cache",
        "Strict-Transport-Security": "max-age=31536000; includeSubDomains",
        "X-Content-Type-Options": "nosniff",
        "x-ms-correlation-request-id": "ce8c8d8f-6cc0-4d5f-b771-0c1cafbe5434",
        "x-ms-ratelimit-remaining-subscription-reads": "11999",
        "x-ms-request-id": "ce8c8d8f-6cc0-4d5f-b771-0c1cafbe5434",
        "x-ms-routing-request-id": "SOUTHEASTASIA:20211207T070013Z:ce8c8d8f-6cc0-4d5f-b771-0c1cafbe5434"
      },
      "ResponseBody": {
        "id": "/subscriptions/db1ab6f0-4769-4b27-930e-01e2ef9c123c",
        "authorizationSource": "RoleBased",
        "managedByTenants": [],
        "tags": {
          "tagKey1": "tagValue1",
          "tagKey2": "tagValue2"
        },
        "subscriptionId": "db1ab6f0-4769-4b27-930e-01e2ef9c123c",
        "tenantId": "72f988bf-86f1-41af-91ab-2d7cd011db47",
        "displayName": ".NET Mgmt SDK Test with TTL = 1 Day",
        "state": "Enabled",
        "subscriptionPolicies": {
          "locationPlacementId": "Internal_2014-09-01",
          "quotaId": "Internal_2014-09-01",
          "spendingLimit": "Off"
        }
      }
    },
    {
      "RequestUri": "https://management.azure.com/subscriptions/db1ab6f0-4769-4b27-930e-01e2ef9c123c/resourcegroups/testRG-9720?api-version=2019-10-01",
      "RequestMethod": "PUT",
      "RequestHeaders": {
        "Accept": "application/json",
        "Authorization": "Sanitized",
        "Content-Length": "43",
        "Content-Type": "application/json",
        "User-Agent": [
          "azsdk-net-ResourceManager/1.0.0-beta.5",
          "(.NET Core 3.1.21; Microsoft Windows 10.0.22000)"
        ],
        "x-ms-client-request-id": "11ddea98b1b7318f0f1dbbecca52f7f6",
        "x-ms-return-client-request-id": "true"
      },
      "RequestBody": {
        "location": "eastus",
        "tags": {
          "test": "env"
        }
      },
      "StatusCode": 201,
      "ResponseHeaders": {
        "Cache-Control": "no-cache",
        "Content-Length": "241",
        "Content-Type": "application/json; charset=utf-8",
        "Date": "Tue, 07 Dec 2021 07:00:15 GMT",
        "Expires": "-1",
        "Pragma": "no-cache",
        "Strict-Transport-Security": "max-age=31536000; includeSubDomains",
        "X-Content-Type-Options": "nosniff",
        "x-ms-correlation-request-id": "55de4b6a-d964-47ed-b6c6-98e1fcd748db",
        "x-ms-ratelimit-remaining-subscription-writes": "1199",
        "x-ms-request-id": "55de4b6a-d964-47ed-b6c6-98e1fcd748db",
        "x-ms-routing-request-id": "SOUTHEASTASIA:20211207T070016Z:55de4b6a-d964-47ed-b6c6-98e1fcd748db"
      },
      "ResponseBody": {
        "id": "/subscriptions/db1ab6f0-4769-4b27-930e-01e2ef9c123c/resourceGroups/testRG-9720",
        "name": "testRG-9720",
        "type": "Microsoft.Resources/resourceGroups",
        "location": "eastus",
        "tags": {
          "test": "env"
        },
        "properties": {
          "provisioningState": "Succeeded"
        }
      }
    },
    {
      "RequestUri": "https://management.azure.com/subscriptions/db1ab6f0-4769-4b27-930e-01e2ef9c123c/resourceGroups/testRG-9720/providers/Microsoft.Web/serverfarms/testAppServicePlan6540?api-version=2021-02-01",
      "RequestMethod": "PUT",
      "RequestHeaders": {
        "Accept": "application/json",
        "Authorization": "Sanitized",
        "Content-Length": "136",
        "Content-Type": "application/json",
        "User-Agent": [
          "azsdk-net-ResourceManager.AppService/1.0.0-alpha.20211207.1",
          "(.NET Core 3.1.21; Microsoft Windows 10.0.22000)"
        ],
        "x-ms-client-request-id": "2ced7ce5cb16fa12197b341fa6ff6664",
        "x-ms-return-client-request-id": "true"
      },
      "RequestBody": {
        "sku": {
          "name": "S1",
          "tier": "STANDARD",
          "capacity": 1
        },
        "tags": {},
        "location": "eastus",
        "properties": {
          "perSiteScaling": false,
          "isXenon": false
        }
      },
      "StatusCode": 200,
      "ResponseHeaders": {
        "Cache-Control": "no-cache",
        "Content-Length": "1490",
        "Content-Type": "application/json",
        "Date": "Tue, 07 Dec 2021 07:00:29 GMT",
        "ETag": "\u00221D7EB381DE79D95\u0022",
        "Expires": "-1",
        "Pragma": "no-cache",
        "Server": "Microsoft-IIS/10.0",
        "Strict-Transport-Security": "max-age=31536000; includeSubDomains",
        "X-AspNet-Version": "4.0.30319",
        "X-Content-Type-Options": "nosniff",
        "x-ms-correlation-request-id": "172a57c4-a088-4235-9e65-4164ce156363",
        "x-ms-ratelimit-remaining-subscription-writes": "1198",
        "x-ms-request-id": "c235b172-1eea-47a4-8185-65ef24388468",
        "x-ms-routing-request-id": "SOUTHEASTASIA:20211207T070030Z:172a57c4-a088-4235-9e65-4164ce156363",
        "X-Powered-By": "ASP.NET"
      },
      "ResponseBody": {
        "id": "/subscriptions/db1ab6f0-4769-4b27-930e-01e2ef9c123c/resourceGroups/testRG-9720/providers/Microsoft.Web/serverfarms/testAppServicePlan6540",
        "name": "testAppServicePlan6540",
        "type": "Microsoft.Web/serverfarms",
        "kind": "app",
        "location": "eastus",
        "tags": {},
        "properties": {
          "serverFarmId": 3931,
          "name": "testAppServicePlan6540",
          "sku": {
            "name": "S1",
            "tier": "Standard",
            "size": "S1",
            "family": "S",
            "capacity": 1
          },
          "workerSize": "Default",
          "workerSizeId": 0,
          "workerTierName": null,
          "numberOfWorkers": 1,
          "currentWorkerSize": "Default",
          "currentWorkerSizeId": 0,
          "currentNumberOfWorkers": 1,
          "status": "Ready",
          "webSpace": "testRG-9720-EastUSwebspace",
          "subscription": "db1ab6f0-4769-4b27-930e-01e2ef9c123c",
          "adminSiteName": null,
          "hostingEnvironment": null,
          "hostingEnvironmentProfile": null,
          "maximumNumberOfWorkers": 0,
          "planName": "VirtualDedicatedPlan",
          "adminRuntimeSiteName": null,
          "computeMode": "Dedicated",
          "siteMode": null,
          "geoRegion": "East US",
          "perSiteScaling": false,
          "elasticScaleEnabled": false,
          "maximumElasticWorkerCount": 1,
          "numberOfSites": 0,
          "hostingEnvironmentId": null,
          "isSpot": false,
          "spotExpirationTime": null,
          "freeOfferExpirationTime": null,
          "tags": {},
          "kind": "app",
          "resourceGroup": "testRG-9720",
          "reserved": false,
          "isXenon": false,
          "hyperV": false,
          "mdmId": "waws-prod-blu-295_3931",
          "targetWorkerCount": 0,
          "targetWorkerSizeId": 0,
          "provisioningState": "Succeeded",
          "webSiteId": null,
          "existingServerFarmIds": null,
          "kubeEnvironmentProfile": null,
          "zoneRedundant": false
        },
        "sku": {
          "name": "S1",
          "tier": "Standard",
          "size": "S1",
          "family": "S",
          "capacity": 1
        }
      }
    }
  ],
  "Variables": {
    "RandomSeed": "2025959173",
    "RESOURCE_MANAGER_URL": null,
    "SUBSCRIPTION_ID": "db1ab6f0-4769-4b27-930e-01e2ef9c123c"
  }
}