{
  "Entries": [
    {
      "RequestUri": "/subscriptions/326100e2-f69d-4268-8503-075374f62b6e/resourceGroups/Default-EventHub-3335/providers/Microsoft.EventHub/namespaces/sdk-NS-4625?api-version=2021-06-01-preview",
      "EncodedRequestUri": "L3N1YnNjcmlwdGlvbnMvMzI2MTAwZTItZjY5ZC00MjY4LTg1MDMtMDc1Mzc0ZjYyYjZlL3Jlc291cmNlR3JvdXBzL0RlZmF1bHQtRXZlbnRIdWItMzMzNS9wcm92aWRlcnMvTWljcm9zb2Z0LkV2ZW50SHViL25hbWVzcGFjZXMvc2RrLU5TLTQ2MjU/YXBpLXZlcnNpb249MjAyMS0wNi0wMS1wcmV2aWV3",
      "RequestMethod": "DELETE",
      "RequestBody": "",
      "RequestHeaders": {
        "x-ms-client-request-id": [
          "2d83370c-9200-4012-ae36-86a8957e60c5"
        ],
        "Accept-Language": [
          "en-US"
        ],
        "User-Agent": [
          "FxVersion/4.6.27817.03",
          "OSName/Windows",
          "OSVersion/Microsoft.Windows.10.0.19043.",
          "Microsoft.Azure.Management.EventHub.EventHubManagementClient/2.9.0.0"
        ]
      },
      "ResponseHeaders": {
        "Cache-Control": [
          "no-cache"
        ],
        "Pragma": [
          "no-cache"
        ],
        "Location": [
          "https://management.azure.com/subscriptions/326100e2-f69d-4268-8503-075374f62b6e/resourceGroups/Default-EventHub-3335/providers/Microsoft.EventHub/namespaces/sdk-NS-4625/operationresults/sdk-NS-4625?api-version=2021-06-01-preview"
        ],
        "x-ms-request-id": [
          "4bace5d8-f1f7-47b0-8a18-bb593e4c2ce6_M10SN1_M10SN1"
        ],
        "Server-SB": [
          "Service-Bus-Resource-Provider/SN1"
        ],
        "Server": [
          "Service-Bus-Resource-Provider/SN1",
          "Microsoft-HTTPAPI/2.0"
        ],
        "x-ms-ratelimit-remaining-subscription-deletes": [
          "14999"
        ],
        "x-ms-correlation-request-id": [
          "503f3d23-20ce-495a-9f9e-9bc9eeb6cd37"
        ],
        "x-ms-routing-request-id": [
          "WESTUS:20210924T043255Z:503f3d23-20ce-495a-9f9e-9bc9eeb6cd37"
        ],
        "Strict-Transport-Security": [
          "max-age=31536000; includeSubDomains"
        ],
        "X-Content-Type-Options": [
          "nosniff"
        ],
        "Date": [
          "Fri, 24 Sep 2021 04:32:55 GMT"
        ],
        "Expires": [
          "-1"
        ],
        "Content-Length": [
          "0"
        ]
      },
      "ResponseBody": "",
      "StatusCode": 202
    },
    {
      "RequestUri": "/subscriptions/326100e2-f69d-4268-8503-075374f62b6e/resourceGroups/Default-EventHub-3335/providers/Microsoft.EventHub/namespaces/sdk-NS-2038?api-version=2021-06-01-preview",
      "EncodedRequestUri": "L3N1YnNjcmlwdGlvbnMvMzI2MTAwZTItZjY5ZC00MjY4LTg1MDMtMDc1Mzc0ZjYyYjZlL3Jlc291cmNlR3JvdXBzL0RlZmF1bHQtRXZlbnRIdWItMzMzNS9wcm92aWRlcnMvTWljcm9zb2Z0LkV2ZW50SHViL25hbWVzcGFjZXMvc2RrLU5TLTIwMzg/YXBpLXZlcnNpb249MjAyMS0wNi0wMS1wcmV2aWV3",
      "RequestMethod": "DELETE",
      "RequestBody": "",
      "RequestHeaders": {
        "x-ms-client-request-id": [
          "d77e6bdb-6938-467a-aef1-990f3e0e0623"
        ],
        "Accept-Language": [
          "en-US"
        ],
        "User-Agent": [
          "FxVersion/4.6.27817.03",
          "OSName/Windows",
          "OSVersion/Microsoft.Windows.10.0.19043.",
          "Microsoft.Azure.Management.EventHub.EventHubManagementClient/2.9.0.0"
        ]
      },
      "ResponseHeaders": {
        "Cache-Control": [
          "no-cache"
        ],
        "Pragma": [
          "no-cache"
        ],
        "Location": [
          "https://management.azure.com/subscriptions/326100e2-f69d-4268-8503-075374f62b6e/resourceGroups/Default-EventHub-3335/providers/Microsoft.EventHub/namespaces/sdk-NS-2038/operationresults/sdk-NS-2038?api-version=2021-06-01-preview"
        ],
        "x-ms-request-id": [
          "29d78a51-1985-40a1-8823-7b8ded837c87_M4SN1_M4SN1"
        ],
        "Server-SB": [
          "Service-Bus-Resource-Provider/SN1"
        ],
        "Server": [
          "Service-Bus-Resource-Provider/SN1",
          "Microsoft-HTTPAPI/2.0"
        ],
        "x-ms-ratelimit-remaining-subscription-deletes": [
          "14999"
        ],
        "x-ms-correlation-request-id": [
          "97c9327d-a756-4cdd-ba6c-e72bcb509191"
        ],
        "x-ms-routing-request-id": [
          "WESTUS:20210924T043255Z:97c9327d-a756-4cdd-ba6c-e72bcb509191"
        ],
        "Strict-Transport-Security": [
          "max-age=31536000; includeSubDomains"
        ],
        "X-Content-Type-Options": [
          "nosniff"
        ],
        "Date": [
          "Fri, 24 Sep 2021 04:32:54 GMT"
        ],
        "Expires": [
          "-1"
        ],
        "Content-Length": [
          "0"
        ]
      },
      "ResponseBody": "",
      "StatusCode": 202
    },
    {
      "RequestUri": "/subscriptions/326100e2-f69d-4268-8503-075374f62b6e/providers/Microsoft.EventHub?api-version=2015-11-01",
      "EncodedRequestUri": "L3N1YnNjcmlwdGlvbnMvMzI2MTAwZTItZjY5ZC00MjY4LTg1MDMtMDc1Mzc0ZjYyYjZlL3Byb3ZpZGVycy9NaWNyb3NvZnQuRXZlbnRIdWI/YXBpLXZlcnNpb249MjAxNS0xMS0wMQ==",
      "RequestMethod": "GET",
      "RequestBody": "",
      "RequestHeaders": {
        "x-ms-client-request-id": [
          "c2c131a8-901a-4707-9c9f-47fce4564425"
        ],
        "Accept-Language": [
          "en-US"
        ],
        "User-Agent": [
          "FxVersion/4.6.27817.03",
          "OSName/Windows",
          "OSVersion/Microsoft.Windows.10.0.19043.",
          "Microsoft.Azure.Management.Resources.ResourceManagementClient/1.0.0.0"
        ]
      },
      "ResponseHeaders": {
        "Cache-Control": [
          "no-cache"
        ],
        "Pragma": [
          "no-cache"
        ],
        "x-ms-ratelimit-remaining-subscription-reads": [
          "11999"
        ],
        "x-ms-request-id": [
          "3d0d63dd-815f-4f51-9ac2-66734b8d00f1"
        ],
        "x-ms-correlation-request-id": [
          "3d0d63dd-815f-4f51-9ac2-66734b8d00f1"
        ],
        "x-ms-routing-request-id": [
          "WESTUS:20210924T043255Z:3d0d63dd-815f-4f51-9ac2-66734b8d00f1"
        ],
        "Strict-Transport-Security": [
          "max-age=31536000; includeSubDomains"
        ],
        "X-Content-Type-Options": [
          "nosniff"
        ],
        "Date": [
          "Fri, 24 Sep 2021 04:32:54 GMT"
        ],
        "Content-Type": [
          "application/json; charset=utf-8"
        ],
        "Expires": [
          "-1"
        ],
        "Content-Length": [
          "4274"
        ]
      },
      "ResponseBody": "{\r\n  \"id\": \"/subscriptions/326100e2-f69d-4268-8503-075374f62b6e/providers/Microsoft.EventHub\",\r\n  \"namespace\": \"Microsoft.EventHub\",\r\n  \"authorizations\": [\r\n    {\r\n      \"applicationId\": \"80369ed6-5f11-4dd9-bef3-692475845e77\",\r\n      \"roleDefinitionId\": \"eb8e1991-5de0-42a6-a64b-29b059341b7b\"\r\n    },\r\n    {\r\n      \"applicationId\": \"6201d19e-14fb-4472-a2d6-5634a5c97568\"\r\n    }\r\n  ],\r\n  \"resourceTypes\": [\r\n    {\r\n      \"resourceType\": \"namespaces\",\r\n      \"locations\": [\r\n        \"Australia East\",\r\n        \"Australia Southeast\",\r\n        \"Central US\",\r\n        \"East US\",\r\n        \"East US 2\",\r\n        \"West US\",\r\n        \"West US 2\",\r\n        \"North Central US\",\r\n        \"South Central US\",\r\n        \"West Central US\",\r\n        \"East Asia\",\r\n        \"Southeast Asia\",\r\n        \"Brazil South\",\r\n        \"Japan East\",\r\n        \"Japan West\",\r\n        \"North Europe\",\r\n        \"West Europe\",\r\n        \"Central India\",\r\n        \"South India\",\r\n        \"West India\",\r\n        \"Canada Central\",\r\n        \"Canada East\",\r\n        \"UK West\",\r\n        \"UK South\",\r\n        \"Korea Central\",\r\n        \"Korea South\",\r\n        \"France Central\",\r\n        \"South Africa North\",\r\n        \"UAE North\",\r\n        \"Australia Central\",\r\n        \"Switzerland North\",\r\n        \"Germany West Central\",\r\n        \"Norway East\",\r\n        \"Jio India West\",\r\n        \"West US 3\",\r\n        \"Central US EUAP\",\r\n        \"East US 2 EUAP\",\r\n        \"UAE Central\",\r\n        \"Norway West\",\r\n        \"Sweden Central\"\r\n      ],\r\n      \"apiVersions\": [\r\n        \"2021-06-01-preview\",\r\n        \"2021-01-01-preview\",\r\n        \"2018-01-01-preview\",\r\n        \"2017-04-01\",\r\n        \"2015-08-01\",\r\n        \"2014-09-01\"\r\n      ],\r\n      \"capabilities\": \"CrossResourceGroupResourceMove, CrossSubscriptionResourceMove, SystemAssignedResourceIdentity\"\r\n    },\r\n    {\r\n      \"resourceType\": \"clusters\",\r\n      \"locations\": [\r\n        \"Australia East\",\r\n        \"Australia Southeast\",\r\n        \"Central US\",\r\n        \"East US\",\r\n        \"East US 2\",\r\n        \"West US\",\r\n        \"West US 2\",\r\n        \"North Central US\",\r\n        \"South Central US\",\r\n        \"West Central US\",\r\n        \"East Asia\",\r\n        \"Southeast Asia\",\r\n        \"Brazil South\",\r\n        \"Japan East\",\r\n        \"Japan West\",\r\n        \"North Europe\",\r\n        \"West Europe\",\r\n        \"Central India\",\r\n        \"South India\",\r\n        \"West India\",\r\n        \"Canada Central\",\r\n        \"Canada East\",\r\n        \"UK West\",\r\n        \"UK South\",\r\n        \"Korea Central\",\r\n        \"Korea South\",\r\n        \"France Central\",\r\n        \"South Africa North\",\r\n        \"Australia Central\",\r\n        \"UAE North\",\r\n        \"Switzerland North\",\r\n        \"Germany West Central\",\r\n        \"Norway East\",\r\n        \"Jio India West\",\r\n        \"West US 3\",\r\n        \"Central US EUAP\",\r\n        \"East US 2 EUAP\",\r\n        \"UAE Central\",\r\n        \"Norway West\",\r\n        \"Sweden Central\"\r\n      ],\r\n      \"apiVersions\": [\r\n        \"2018-01-01-preview\"\r\n      ],\r\n      \"capabilities\": \"CrossResourceGroupResourceMove, CrossSubscriptionResourceMove\"\r\n    },\r\n    {\r\n      \"resourceType\": \"namespaces/authorizationrules\",\r\n      \"locations\": [],\r\n      \"apiVersions\": [\r\n        \"2021-06-01-preview\",\r\n        \"2021-01-01-preview\",\r\n        \"2018-01-01-preview\",\r\n        \"2017-04-01\",\r\n        \"2015-08-01\",\r\n        \"2014-09-01\"\r\n      ]\r\n    },\r\n    {\r\n      \"resourceType\": \"namespaces/networkrulesets\",\r\n      \"locations\": [],\r\n      \"apiVersions\": [\r\n        \"2021-06-01-preview\",\r\n        \"2021-01-01-preview\",\r\n        \"2018-01-01-preview\",\r\n        \"2017-04-01\"\r\n      ]\r\n    },\r\n    {\r\n      \"resourceType\": \"namespaces/privateEndpointConnections\",\r\n      \"locations\": [],\r\n      \"apiVersions\": [\r\n        \"2021-06-01-preview\",\r\n        \"2021-01-01-preview\",\r\n        \"2018-01-01-preview\"\r\n      ]\r\n    },\r\n    {\r\n      \"resourceType\": \"namespaces/eventhubs\",\r\n      \"locations\": [],\r\n      \"apiVersions\": [\r\n        \"2021-06-01-preview\",\r\n        \"2021-01-01-preview\",\r\n        \"2018-01-01-preview\",\r\n        \"2017-04-01\",\r\n        \"2015-08-01\",\r\n        \"2014-09-01\"\r\n      ]\r\n    },\r\n    {\r\n      \"resourceType\": \"namespaces/eventhubs/authorizationrules\",\r\n      \"locations\": [],\r\n      \"apiVersions\": [\r\n        \"2021-06-01-preview\",\r\n        \"2021-01-01-preview\",\r\n        \"2018-01-01-preview\",\r\n        \"2017-04-01\",\r\n        \"2015-08-01\",\r\n        \"2014-09-01\"\r\n      ]\r\n    },\r\n    {\r\n      \"resourceType\": \"namespaces/eventhubs/consumergroups\",\r\n      \"locations\": [],\r\n      \"apiVersions\": [\r\n        \"2021-06-01-preview\",\r\n        \"2021-01-01-preview\",\r\n        \"2018-01-01-preview\",\r\n        \"2017-04-01\",\r\n        \"2015-08-01\",\r\n        \"2014-09-01\"\r\n      ]\r\n    },\r\n    {\r\n      \"resourceType\": \"checkNamespaceAvailability\",\r\n      \"locations\": [],\r\n      \"apiVersions\": [\r\n        \"2015-08-01\",\r\n        \"2014-09-01\"\r\n      ]\r\n    },\r\n    {\r\n      \"resourceType\": \"checkNameAvailability\",\r\n      \"locations\": [],\r\n      \"apiVersions\": [\r\n        \"2021-06-01-preview\",\r\n        \"2021-01-01-preview\",\r\n        \"2018-01-01-preview\",\r\n        \"2017-04-01\",\r\n        \"2015-08-01\",\r\n        \"2014-09-01\"\r\n      ]\r\n    },\r\n    {\r\n      \"resourceType\": \"sku\",\r\n      \"locations\": [],\r\n      \"apiVersions\": [\r\n        \"2017-04-01\",\r\n        \"2015-08-01\",\r\n        \"2014-09-01\"\r\n      ]\r\n    },\r\n    {\r\n      \"resourceType\": \"operations\",\r\n      \"locations\": [],\r\n      \"apiVersions\": [\r\n        \"2021-06-01-preview\",\r\n        \"2021-01-01-preview\",\r\n        \"2018-01-01-preview\",\r\n        \"2017-04-01\",\r\n        \"2015-08-01\",\r\n        \"2014-09-01\"\r\n      ]\r\n    },\r\n    {\r\n      \"resourceType\": \"namespaces/disasterrecoveryconfigs\",\r\n      \"locations\": [],\r\n      \"apiVersions\": [\r\n        \"2021-06-01-preview\",\r\n        \"2021-01-01-preview\",\r\n        \"2018-01-01-preview\",\r\n        \"2017-04-01\"\r\n      ]\r\n    },\r\n    {\r\n      \"resourceType\": \"namespaces/disasterrecoveryconfigs/checkNameAvailability\",\r\n      \"locations\": [],\r\n      \"apiVersions\": [\r\n        \"2021-06-01-preview\",\r\n        \"2021-01-01-preview\",\r\n        \"2018-01-01-preview\",\r\n        \"2017-04-01\",\r\n        \"2015-08-01\",\r\n        \"2014-09-01\"\r\n      ]\r\n    },\r\n    {\r\n      \"resourceType\": \"locations\",\r\n      \"locations\": [],\r\n      \"apiVersions\": [\r\n        \"2018-01-01-preview\",\r\n        \"2017-04-01\"\r\n      ]\r\n    },\r\n    {\r\n      \"resourceType\": \"locations/deleteVirtualNetworkOrSubnets\",\r\n      \"locations\": [],\r\n      \"apiVersions\": [\r\n        \"2018-01-01-preview\",\r\n        \"2017-04-01\"\r\n      ]\r\n    },\r\n    {\r\n      \"resourceType\": \"availableClusterRegions\",\r\n      \"locations\": [],\r\n      \"apiVersions\": [\r\n        \"2018-01-01-preview\"\r\n      ]\r\n    }\r\n  ],\r\n  \"registrationState\": \"Registered\"\r\n}",
      "StatusCode": 200
    },
    {
      "RequestUri": "/subscriptions/326100e2-f69d-4268-8503-075374f62b6e/resourceGroups/Default-EventHub-3335/providers/Microsoft.EventHub/namespaces/sdk-NS-6015?api-version=2021-06-01-preview",
      "EncodedRequestUri": "L3N1YnNjcmlwdGlvbnMvMzI2MTAwZTItZjY5ZC00MjY4LTg1MDMtMDc1Mzc0ZjYyYjZlL3Jlc291cmNlR3JvdXBzL0RlZmF1bHQtRXZlbnRIdWItMzMzNS9wcm92aWRlcnMvTWljcm9zb2Z0LkV2ZW50SHViL25hbWVzcGFjZXMvc2RrLU5TLTYwMTU/YXBpLXZlcnNpb249MjAyMS0wNi0wMS1wcmV2aWV3",
      "RequestMethod": "DELETE",
      "RequestBody": "",
      "RequestHeaders": {
        "x-ms-client-request-id": [
          "6f01037f-1e3c-45c3-9183-40cf8f9850e6"
        ],
        "Accept-Language": [
          "en-US"
        ],
        "User-Agent": [
          "FxVersion/4.6.27817.03",
          "OSName/Windows",
          "OSVersion/Microsoft.Windows.10.0.19043.",
          "Microsoft.Azure.Management.EventHub.EventHubManagementClient/2.9.0.0"
        ]
      },
      "ResponseHeaders": {
        "Cache-Control": [
          "no-cache"
        ],
        "Pragma": [
          "no-cache"
        ],
        "Location": [
          "https://management.azure.com/subscriptions/326100e2-f69d-4268-8503-075374f62b6e/resourceGroups/Default-EventHub-3335/providers/Microsoft.EventHub/namespaces/sdk-NS-6015/operationresults/sdk-NS-6015?api-version=2021-06-01-preview"
        ],
        "x-ms-request-id": [
          "02c8f9cc-44a8-432e-95cc-d5d3dc1bdb2b_M7SN1_M7SN1"
        ],
        "Server-SB": [
          "Service-Bus-Resource-Provider/SN1"
        ],
        "Server": [
          "Service-Bus-Resource-Provider/SN1",
          "Microsoft-HTTPAPI/2.0"
        ],
        "x-ms-ratelimit-remaining-subscription-deletes": [
          "14998"
        ],
        "x-ms-correlation-request-id": [
          "e18c2c96-504b-4821-84ff-69444f45a612"
        ],
        "x-ms-routing-request-id": [
          "WESTCENTRALUS:20210924T043255Z:e18c2c96-504b-4821-84ff-69444f45a612"
        ],
        "Strict-Transport-Security": [
          "max-age=31536000; includeSubDomains"
        ],
        "X-Content-Type-Options": [
          "nosniff"
        ],
        "Date": [
          "Fri, 24 Sep 2021 04:32:55 GMT"
        ],
        "Expires": [
          "-1"
        ],
        "Content-Length": [
          "0"
        ]
      },
      "ResponseBody": "",
      "StatusCode": 202
    },
    {
      "RequestUri": "/subscriptions/326100e2-f69d-4268-8503-075374f62b6e/resourcegroups/Default-EventHub-3634?api-version=2015-11-01",
      "EncodedRequestUri": "L3N1YnNjcmlwdGlvbnMvMzI2MTAwZTItZjY5ZC00MjY4LTg1MDMtMDc1Mzc0ZjYyYjZlL3Jlc291cmNlZ3JvdXBzL0RlZmF1bHQtRXZlbnRIdWItMzYzND9hcGktdmVyc2lvbj0yMDE1LTExLTAx",
      "RequestMethod": "PUT",
      "RequestBody": "{\r\n  \"location\": \"Australia East\"\r\n}",
      "RequestHeaders": {
        "x-ms-client-request-id": [
          "e4da27eb-3dad-4d35-b7f6-53b4ca35e457"
        ],
        "Accept-Language": [
          "en-US"
        ],
        "User-Agent": [
          "FxVersion/4.6.27817.03",
          "OSName/Windows",
          "OSVersion/Microsoft.Windows.10.0.19043.",
          "Microsoft.Azure.Management.Resources.ResourceManagementClient/1.0.0.0"
        ],
        "Content-Type": [
          "application/json; charset=utf-8"
        ],
        "Content-Length": [
          "36"
        ]
      },
      "ResponseHeaders": {
        "Cache-Control": [
          "no-cache"
        ],
        "Pragma": [
          "no-cache"
        ],
        "x-ms-ratelimit-remaining-subscription-writes": [
          "1199"
        ],
        "x-ms-request-id": [
          "1a435c9e-35cc-46bd-8957-b4bb089f1f67"
        ],
        "x-ms-correlation-request-id": [
          "1a435c9e-35cc-46bd-8957-b4bb089f1f67"
        ],
        "x-ms-routing-request-id": [
          "WESTUS:20210924T043257Z:1a435c9e-35cc-46bd-8957-b4bb089f1f67"
        ],
        "Strict-Transport-Security": [
          "max-age=31536000; includeSubDomains"
        ],
        "X-Content-Type-Options": [
          "nosniff"
        ],
        "Date": [
          "Fri, 24 Sep 2021 04:32:56 GMT"
        ],
        "Content-Length": [
          "202"
        ],
        "Content-Type": [
          "application/json; charset=utf-8"
        ],
        "Expires": [
          "-1"
        ]
      },
      "ResponseBody": "{\r\n  \"id\": \"/subscriptions/326100e2-f69d-4268-8503-075374f62b6e/resourceGroups/Default-EventHub-3634\",\r\n  \"name\": \"Default-EventHub-3634\",\r\n  \"location\": \"australiaeast\",\r\n  \"properties\": {\r\n    \"provisioningState\": \"Succeeded\"\r\n  }\r\n}",
      "StatusCode": 201
    },
    {
      "RequestUri": "/subscriptions/326100e2-f69d-4268-8503-075374f62b6e/resourceGroups/Default-EventHub-3634/providers/Microsoft.EventHub/namespaces/sdk-NS-6819?api-version=2021-06-01-preview",
      "EncodedRequestUri": "L3N1YnNjcmlwdGlvbnMvMzI2MTAwZTItZjY5ZC00MjY4LTg1MDMtMDc1Mzc0ZjYyYjZlL3Jlc291cmNlR3JvdXBzL0RlZmF1bHQtRXZlbnRIdWItMzYzNC9wcm92aWRlcnMvTWljcm9zb2Z0LkV2ZW50SHViL25hbWVzcGFjZXMvc2RrLU5TLTY4MTk/YXBpLXZlcnNpb249MjAyMS0wNi0wMS1wcmV2aWV3",
      "RequestMethod": "PUT",
      "RequestBody": "{\r\n  \"sku\": {\r\n    \"name\": \"Standard\",\r\n    \"tier\": \"Standard\"\r\n  },\r\n  \"location\": \"Australia East\",\r\n  \"tags\": {\r\n    \"tag1\": \"value1\",\r\n    \"tag2\": \"value2\"\r\n  }\r\n}",
      "RequestHeaders": {
        "x-ms-client-request-id": [
          "a9d34ab8-ef23-4c50-836b-5bc411837a96"
        ],
        "Accept-Language": [
          "en-US"
        ],
        "User-Agent": [
          "FxVersion/4.6.27817.03",
          "OSName/Windows",
          "OSVersion/Microsoft.Windows.10.0.19043.",
          "Microsoft.Azure.Management.EventHub.EventHubManagementClient/2.9.0.0"
        ],
        "Content-Type": [
          "application/json; charset=utf-8"
        ],
        "Content-Length": [
          "167"
        ]
      },
      "ResponseHeaders": {
        "Cache-Control": [
          "no-cache"
        ],
        "Pragma": [
          "no-cache"
        ],
        "x-ms-request-id": [
          "787ea68b-13fb-4475-82ed-e1ab85df7c8e_M6SN1_M6SN1"
        ],
        "Server-SB": [
          "Service-Bus-Resource-Provider/SN1"
        ],
        "Server": [
          "Service-Bus-Resource-Provider/SN1",
          "Microsoft-HTTPAPI/2.0"
        ],
        "x-ms-ratelimit-remaining-subscription-resource-requests": [
          "49"
        ],
        "x-ms-correlation-request-id": [
          "3a39f8d4-4a8e-4faa-a08d-62ebdce6c82f"
        ],
        "x-ms-routing-request-id": [
          "WESTUS:20210924T043306Z:3a39f8d4-4a8e-4faa-a08d-62ebdce6c82f"
        ],
        "Strict-Transport-Security": [
          "max-age=31536000; includeSubDomains"
        ],
        "X-Content-Type-Options": [
          "nosniff"
        ],
        "Date": [
          "Fri, 24 Sep 2021 04:33:05 GMT"
        ],
        "Content-Length": [
          "734"
        ],
        "Content-Type": [
          "application/json; charset=utf-8"
        ],
        "Expires": [
          "-1"
        ]
      },
      "ResponseBody": "{\r\n  \"sku\": {\r\n    \"name\": \"Standard\",\r\n    \"tier\": \"Standard\",\r\n    \"capacity\": 1\r\n  },\r\n  \"id\": \"/subscriptions/326100e2-f69d-4268-8503-075374f62b6e/resourceGroups/Default-EventHub-3634/providers/Microsoft.EventHub/namespaces/sdk-NS-6819\",\r\n  \"name\": \"sdk-NS-6819\",\r\n  \"type\": \"Microsoft.EventHub/Namespaces\",\r\n  \"location\": \"Australia East\",\r\n  \"tags\": {\r\n    \"tag1\": \"value1\",\r\n    \"tag2\": \"value2\"\r\n  },\r\n  \"properties\": {\r\n    \"disableLocalAuth\": false,\r\n    \"zoneRedundant\": false,\r\n    \"isAutoInflateEnabled\": false,\r\n    \"maximumThroughputUnits\": 0,\r\n    \"kafkaEnabled\": true,\r\n    \"provisioningState\": \"Created\",\r\n    \"metricId\": \"326100e2-f69d-4268-8503-075374f62b6e:sdk-ns-6819\",\r\n    \"createdAt\": \"2021-09-24T04:33:04.27Z\",\r\n    \"updatedAt\": \"2021-09-24T04:33:04.27Z\",\r\n    \"serviceBusEndpoint\": \"https://sdk-NS-6819.servicebus.windows.net:443/\",\r\n    \"status\": \"Activating\"\r\n  }\r\n}",
      "StatusCode": 200
    },
    {
      "RequestUri": "/subscriptions/326100e2-f69d-4268-8503-075374f62b6e/resourceGroups/Default-EventHub-3634/providers/Microsoft.EventHub/namespaces/sdk-NS-6819?api-version=2021-06-01-preview",
      "EncodedRequestUri": "L3N1YnNjcmlwdGlvbnMvMzI2MTAwZTItZjY5ZC00MjY4LTg1MDMtMDc1Mzc0ZjYyYjZlL3Jlc291cmNlR3JvdXBzL0RlZmF1bHQtRXZlbnRIdWItMzYzNC9wcm92aWRlcnMvTWljcm9zb2Z0LkV2ZW50SHViL25hbWVzcGFjZXMvc2RrLU5TLTY4MTk/YXBpLXZlcnNpb249MjAyMS0wNi0wMS1wcmV2aWV3",
      "RequestMethod": "GET",
      "RequestBody": "",
      "RequestHeaders": {
        "User-Agent": [
          "FxVersion/4.6.27817.03",
          "OSName/Windows",
          "OSVersion/Microsoft.Windows.10.0.19043.",
          "Microsoft.Azure.Management.EventHub.EventHubManagementClient/2.9.0.0"
        ]
      },
      "ResponseHeaders": {
        "Cache-Control": [
          "no-cache"
        ],
        "Pragma": [
          "no-cache"
        ],
        "x-ms-request-id": [
          "902a6074-1bb5-49c2-99e6-a89cdd0e943c_M5SN1_M5SN1"
        ],
        "Server-SB": [
          "Service-Bus-Resource-Provider/SN1"
        ],
        "Server": [
          "Service-Bus-Resource-Provider/SN1",
          "Microsoft-HTTPAPI/2.0"
        ],
        "x-ms-ratelimit-remaining-subscription-reads": [
          "11999"
        ],
        "x-ms-correlation-request-id": [
          "13876b4b-7e8f-4e35-8d17-de1d0b0e45c8"
        ],
        "x-ms-routing-request-id": [
          "WESTUS:20210924T043336Z:13876b4b-7e8f-4e35-8d17-de1d0b0e45c8"
        ],
        "Strict-Transport-Security": [
          "max-age=31536000; includeSubDomains"
        ],
        "X-Content-Type-Options": [
          "nosniff"
        ],
        "Date": [
          "Fri, 24 Sep 2021 04:33:35 GMT"
        ],
        "Content-Length": [
          "734"
        ],
        "Content-Type": [
          "application/json; charset=utf-8"
        ],
        "Expires": [
          "-1"
        ]
      },
      "ResponseBody": "{\r\n  \"sku\": {\r\n    \"name\": \"Standard\",\r\n    \"tier\": \"Standard\",\r\n    \"capacity\": 1\r\n  },\r\n  \"id\": \"/subscriptions/326100e2-f69d-4268-8503-075374f62b6e/resourceGroups/Default-EventHub-3634/providers/Microsoft.EventHub/namespaces/sdk-NS-6819\",\r\n  \"name\": \"sdk-NS-6819\",\r\n  \"type\": \"Microsoft.EventHub/Namespaces\",\r\n  \"location\": \"Australia East\",\r\n  \"tags\": {\r\n    \"tag1\": \"value1\",\r\n    \"tag2\": \"value2\"\r\n  },\r\n  \"properties\": {\r\n    \"disableLocalAuth\": false,\r\n    \"zoneRedundant\": false,\r\n    \"isAutoInflateEnabled\": false,\r\n    \"maximumThroughputUnits\": 0,\r\n    \"kafkaEnabled\": true,\r\n    \"provisioningState\": \"Created\",\r\n    \"metricId\": \"326100e2-f69d-4268-8503-075374f62b6e:sdk-ns-6819\",\r\n    \"createdAt\": \"2021-09-24T04:33:04.27Z\",\r\n    \"updatedAt\": \"2021-09-24T04:33:04.27Z\",\r\n    \"serviceBusEndpoint\": \"https://sdk-NS-6819.servicebus.windows.net:443/\",\r\n    \"status\": \"Activating\"\r\n  }\r\n}",
      "StatusCode": 200
    },
    {
      "RequestUri": "/subscriptions/326100e2-f69d-4268-8503-075374f62b6e/resourceGroups/Default-EventHub-3634/providers/Microsoft.EventHub/namespaces/sdk-NS-6819?api-version=2021-06-01-preview",
      "EncodedRequestUri": "L3N1YnNjcmlwdGlvbnMvMzI2MTAwZTItZjY5ZC00MjY4LTg1MDMtMDc1Mzc0ZjYyYjZlL3Jlc291cmNlR3JvdXBzL0RlZmF1bHQtRXZlbnRIdWItMzYzNC9wcm92aWRlcnMvTWljcm9zb2Z0LkV2ZW50SHViL25hbWVzcGFjZXMvc2RrLU5TLTY4MTk/YXBpLXZlcnNpb249MjAyMS0wNi0wMS1wcmV2aWV3",
      "RequestMethod": "GET",
      "RequestBody": "",
      "RequestHeaders": {
        "User-Agent": [
          "FxVersion/4.6.27817.03",
          "OSName/Windows",
          "OSVersion/Microsoft.Windows.10.0.19043.",
          "Microsoft.Azure.Management.EventHub.EventHubManagementClient/2.9.0.0"
        ]
      },
      "ResponseHeaders": {
        "Cache-Control": [
          "no-cache"
        ],
        "Pragma": [
          "no-cache"
        ],
        "x-ms-request-id": [
          "ccf4fc26-4cb8-4796-823d-933a86e66c69_M5SN1_M5SN1"
        ],
        "Server-SB": [
          "Service-Bus-Resource-Provider/SN1"
        ],
        "Server": [
          "Service-Bus-Resource-Provider/SN1",
          "Microsoft-HTTPAPI/2.0"
        ],
        "x-ms-ratelimit-remaining-subscription-reads": [
          "11998"
        ],
        "x-ms-correlation-request-id": [
          "5efe139e-7d1c-46a8-a2fb-7b2c6a805f1f"
        ],
        "x-ms-routing-request-id": [
          "WESTUS:20210924T043406Z:5efe139e-7d1c-46a8-a2fb-7b2c6a805f1f"
        ],
        "Strict-Transport-Security": [
          "max-age=31536000; includeSubDomains"
        ],
        "X-Content-Type-Options": [
          "nosniff"
        ],
        "Date": [
          "Fri, 24 Sep 2021 04:34:05 GMT"
        ],
        "Content-Length": [
          "733"
        ],
        "Content-Type": [
          "application/json; charset=utf-8"
        ],
        "Expires": [
          "-1"
        ]
      },
      "ResponseBody": "{\r\n  \"sku\": {\r\n    \"name\": \"Standard\",\r\n    \"tier\": \"Standard\",\r\n    \"capacity\": 1\r\n  },\r\n  \"id\": \"/subscriptions/326100e2-f69d-4268-8503-075374f62b6e/resourceGroups/Default-EventHub-3634/providers/Microsoft.EventHub/namespaces/sdk-NS-6819\",\r\n  \"name\": \"sdk-NS-6819\",\r\n  \"type\": \"Microsoft.EventHub/Namespaces\",\r\n  \"location\": \"Australia East\",\r\n  \"tags\": {\r\n    \"tag1\": \"value1\",\r\n    \"tag2\": \"value2\"\r\n  },\r\n  \"properties\": {\r\n    \"disableLocalAuth\": false,\r\n    \"zoneRedundant\": false,\r\n    \"isAutoInflateEnabled\": false,\r\n    \"maximumThroughputUnits\": 0,\r\n    \"kafkaEnabled\": true,\r\n    \"provisioningState\": \"Succeeded\",\r\n    \"metricId\": \"326100e2-f69d-4268-8503-075374f62b6e:sdk-ns-6819\",\r\n    \"createdAt\": \"2021-09-24T04:33:04.27Z\",\r\n    \"updatedAt\": \"2021-09-24T04:33:52.483Z\",\r\n    \"serviceBusEndpoint\": \"https://sdk-NS-6819.servicebus.windows.net:443/\",\r\n    \"status\": \"Active\"\r\n  }\r\n}",
      "StatusCode": 200
    },
    {
      "RequestUri": "/subscriptions/326100e2-f69d-4268-8503-075374f62b6e/resourceGroups/Default-EventHub-3634/providers/Microsoft.EventHub/namespaces/sdk-NS-6819?api-version=2021-06-01-preview",
      "EncodedRequestUri": "L3N1YnNjcmlwdGlvbnMvMzI2MTAwZTItZjY5ZC00MjY4LTg1MDMtMDc1Mzc0ZjYyYjZlL3Jlc291cmNlR3JvdXBzL0RlZmF1bHQtRXZlbnRIdWItMzYzNC9wcm92aWRlcnMvTWljcm9zb2Z0LkV2ZW50SHViL25hbWVzcGFjZXMvc2RrLU5TLTY4MTk/YXBpLXZlcnNpb249MjAyMS0wNi0wMS1wcmV2aWV3",
      "RequestMethod": "GET",
      "RequestBody": "",
      "RequestHeaders": {
        "x-ms-client-request-id": [
          "50be10dd-95ee-4cd6-8233-ed254a2455ce"
        ],
        "Accept-Language": [
          "en-US"
        ],
        "User-Agent": [
          "FxVersion/4.6.27817.03",
          "OSName/Windows",
          "OSVersion/Microsoft.Windows.10.0.19043.",
          "Microsoft.Azure.Management.EventHub.EventHubManagementClient/2.9.0.0"
        ]
      },
      "ResponseHeaders": {
        "Cache-Control": [
          "no-cache"
        ],
        "Pragma": [
          "no-cache"
        ],
        "x-ms-request-id": [
          "e5ca0ee8-8a8a-41a4-bf1a-a5a550c0f939_M5SN1_M5SN1"
        ],
        "Server-SB": [
          "Service-Bus-Resource-Provider/SN1"
        ],
        "Server": [
          "Service-Bus-Resource-Provider/SN1",
          "Microsoft-HTTPAPI/2.0"
        ],
        "x-ms-ratelimit-remaining-subscription-reads": [
          "11997"
        ],
        "x-ms-correlation-request-id": [
          "f1789392-0a58-4e74-9b1f-0b85aba0d035"
        ],
        "x-ms-routing-request-id": [
          "WESTUS:20210924T043411Z:f1789392-0a58-4e74-9b1f-0b85aba0d035"
        ],
        "Strict-Transport-Security": [
          "max-age=31536000; includeSubDomains"
        ],
        "X-Content-Type-Options": [
          "nosniff"
        ],
        "Date": [
          "Fri, 24 Sep 2021 04:34:10 GMT"
        ],
        "Content-Length": [
          "733"
        ],
        "Content-Type": [
          "application/json; charset=utf-8"
        ],
        "Expires": [
          "-1"
        ]
      },
      "ResponseBody": "{\r\n  \"sku\": {\r\n    \"name\": \"Standard\",\r\n    \"tier\": \"Standard\",\r\n    \"capacity\": 1\r\n  },\r\n  \"id\": \"/subscriptions/326100e2-f69d-4268-8503-075374f62b6e/resourceGroups/Default-EventHub-3634/providers/Microsoft.EventHub/namespaces/sdk-NS-6819\",\r\n  \"name\": \"sdk-NS-6819\",\r\n  \"type\": \"Microsoft.EventHub/Namespaces\",\r\n  \"location\": \"Australia East\",\r\n  \"tags\": {\r\n    \"tag1\": \"value1\",\r\n    \"tag2\": \"value2\"\r\n  },\r\n  \"properties\": {\r\n    \"disableLocalAuth\": false,\r\n    \"zoneRedundant\": false,\r\n    \"isAutoInflateEnabled\": false,\r\n    \"maximumThroughputUnits\": 0,\r\n    \"kafkaEnabled\": true,\r\n    \"provisioningState\": \"Succeeded\",\r\n    \"metricId\": \"326100e2-f69d-4268-8503-075374f62b6e:sdk-ns-6819\",\r\n    \"createdAt\": \"2021-09-24T04:33:04.27Z\",\r\n    \"updatedAt\": \"2021-09-24T04:33:52.483Z\",\r\n    \"serviceBusEndpoint\": \"https://sdk-NS-6819.servicebus.windows.net:443/\",\r\n    \"status\": \"Active\"\r\n  }\r\n}",
      "StatusCode": 200
    },
    {
      "RequestUri": "/subscriptions/326100e2-f69d-4268-8503-075374f62b6e/resourceGroups/Default-EventHub-3634/providers/Microsoft.EventHub/namespaces/sdk-NS-6819?api-version=2021-06-01-preview",
      "EncodedRequestUri": "L3N1YnNjcmlwdGlvbnMvMzI2MTAwZTItZjY5ZC00MjY4LTg1MDMtMDc1Mzc0ZjYyYjZlL3Jlc291cmNlR3JvdXBzL0RlZmF1bHQtRXZlbnRIdWItMzYzNC9wcm92aWRlcnMvTWljcm9zb2Z0LkV2ZW50SHViL25hbWVzcGFjZXMvc2RrLU5TLTY4MTk/YXBpLXZlcnNpb249MjAyMS0wNi0wMS1wcmV2aWV3",
      "RequestMethod": "GET",
      "RequestBody": "",
      "RequestHeaders": {
        "x-ms-client-request-id": [
          "4ece1379-1ce3-4225-81bd-01bc9482c747"
        ],
        "Accept-Language": [
          "en-US"
        ],
        "User-Agent": [
          "FxVersion/4.6.27817.03",
          "OSName/Windows",
          "OSVersion/Microsoft.Windows.10.0.19043.",
          "Microsoft.Azure.Management.EventHub.EventHubManagementClient/2.9.0.0"
        ]
      },
      "ResponseHeaders": {
        "Cache-Control": [
          "no-cache"
        ],
        "Pragma": [
          "no-cache"
        ],
        "x-ms-request-id": [
          "2fde8407-8942-4bbc-8781-ee8a9245bad2_M5SN1_M5SN1"
        ],
        "Server-SB": [
          "Service-Bus-Resource-Provider/SN1"
        ],
        "Server": [
          "Service-Bus-Resource-Provider/SN1",
          "Microsoft-HTTPAPI/2.0"
        ],
        "x-ms-ratelimit-remaining-subscription-reads": [
          "11996"
        ],
        "x-ms-correlation-request-id": [
          "50fa7ef5-a74c-4faf-bffe-f3503b85862e"
        ],
        "x-ms-routing-request-id": [
          "WESTUS:20210924T043411Z:50fa7ef5-a74c-4faf-bffe-f3503b85862e"
        ],
        "Strict-Transport-Security": [
          "max-age=31536000; includeSubDomains"
        ],
        "X-Content-Type-Options": [
          "nosniff"
        ],
        "Date": [
          "Fri, 24 Sep 2021 04:34:10 GMT"
        ],
        "Content-Length": [
          "733"
        ],
        "Content-Type": [
          "application/json; charset=utf-8"
        ],
        "Expires": [
          "-1"
        ]
      },
      "ResponseBody": "{\r\n  \"sku\": {\r\n    \"name\": \"Standard\",\r\n    \"tier\": \"Standard\",\r\n    \"capacity\": 1\r\n  },\r\n  \"id\": \"/subscriptions/326100e2-f69d-4268-8503-075374f62b6e/resourceGroups/Default-EventHub-3634/providers/Microsoft.EventHub/namespaces/sdk-NS-6819\",\r\n  \"name\": \"sdk-NS-6819\",\r\n  \"type\": \"Microsoft.EventHub/Namespaces\",\r\n  \"location\": \"Australia East\",\r\n  \"tags\": {\r\n    \"tag1\": \"value1\",\r\n    \"tag2\": \"value2\"\r\n  },\r\n  \"properties\": {\r\n    \"disableLocalAuth\": false,\r\n    \"zoneRedundant\": false,\r\n    \"isAutoInflateEnabled\": false,\r\n    \"maximumThroughputUnits\": 0,\r\n    \"kafkaEnabled\": true,\r\n    \"provisioningState\": \"Succeeded\",\r\n    \"metricId\": \"326100e2-f69d-4268-8503-075374f62b6e:sdk-ns-6819\",\r\n    \"createdAt\": \"2021-09-24T04:33:04.27Z\",\r\n    \"updatedAt\": \"2021-09-24T04:33:52.483Z\",\r\n    \"serviceBusEndpoint\": \"https://sdk-NS-6819.servicebus.windows.net:443/\",\r\n    \"status\": \"Active\"\r\n  }\r\n}",
      "StatusCode": 200
    },
    {
      "RequestUri": "/subscriptions/326100e2-f69d-4268-8503-075374f62b6e/resourceGroups/Default-EventHub-3634/providers/Microsoft.EventHub/namespaces/sdk-NS-6819/eventhubs/dk-EventHub-azsmnet2715azsmnet4263azsmnet2126azsmnet4804azsmnet5558azsmnet2095azsmnet9560azsmnet640azsmnet6891azsmnet2235azsmnet1064azsmnet4826azsmnet286azsmnet8829azsmnet2760azsmnet9436azsmnet2510azsmnet1574azsmnet5834azsmnet7128azsmnet1625azsmnet4876azsm?api-version=2021-06-01-preview",
      "EncodedRequestUri": "L3N1YnNjcmlwdGlvbnMvMzI2MTAwZTItZjY5ZC00MjY4LTg1MDMtMDc1Mzc0ZjYyYjZlL3Jlc291cmNlR3JvdXBzL0RlZmF1bHQtRXZlbnRIdWItMzYzNC9wcm92aWRlcnMvTWljcm9zb2Z0LkV2ZW50SHViL25hbWVzcGFjZXMvc2RrLU5TLTY4MTkvZXZlbnRodWJzL2RrLUV2ZW50SHViLWF6c21uZXQyNzE1YXpzbW5ldDQyNjNhenNtbmV0MjEyNmF6c21uZXQ0ODA0YXpzbW5ldDU1NThhenNtbmV0MjA5NWF6c21uZXQ5NTYwYXpzbW5ldDY0MGF6c21uZXQ2ODkxYXpzbW5ldDIyMzVhenNtbmV0MTA2NGF6c21uZXQ0ODI2YXpzbW5ldDI4NmF6c21uZXQ4ODI5YXpzbW5ldDI3NjBhenNtbmV0OTQzNmF6c21uZXQyNTEwYXpzbW5ldDE1NzRhenNtbmV0NTgzNGF6c21uZXQ3MTI4YXpzbW5ldDE2MjVhenNtbmV0NDg3NmF6c20/YXBpLXZlcnNpb249MjAyMS0wNi0wMS1wcmV2aWV3",
      "RequestMethod": "PUT",
      "RequestBody": "{\r\n  \"properties\": {\r\n    \"messageRetentionInDays\": 5\r\n  }\r\n}",
      "RequestHeaders": {
        "x-ms-client-request-id": [
          "b6aa4279-52ae-46b6-a6eb-6dd14e233749"
        ],
        "Accept-Language": [
          "en-US"
        ],
        "User-Agent": [
          "FxVersion/4.6.27817.03",
          "OSName/Windows",
          "OSVersion/Microsoft.Windows.10.0.19043.",
          "Microsoft.Azure.Management.EventHub.EventHubManagementClient/2.9.0.0"
        ],
        "Content-Type": [
          "application/json; charset=utf-8"
        ],
        "Content-Length": [
          "61"
        ]
      },
      "ResponseHeaders": {
        "Cache-Control": [
          "no-cache"
        ],
        "Pragma": [
          "no-cache"
        ],
        "x-ms-request-id": [
          "80873df9-39fd-433c-abdf-8f54eff301e7_M5SN1_M5SN1"
        ],
        "Server-SB": [
          "Service-Bus-Resource-Provider/SN1"
        ],
        "Server": [
          "Service-Bus-Resource-Provider/SN1",
          "Microsoft-HTTPAPI/2.0"
        ],
        "x-ms-ratelimit-remaining-subscription-writes": [
          "1199"
        ],
        "x-ms-correlation-request-id": [
          "05958ffb-be62-4c78-a902-dd67d306fa8e"
        ],
        "x-ms-routing-request-id": [
          "WESTUS:20210924T043415Z:05958ffb-be62-4c78-a902-dd67d306fa8e"
        ],
        "Strict-Transport-Security": [
          "max-age=31536000; includeSubDomains"
        ],
        "X-Content-Type-Options": [
          "nosniff"
        ],
        "Date": [
          "Fri, 24 Sep 2021 04:34:14 GMT"
        ],
        "Content-Length": [
          "947"
        ],
        "Content-Type": [
          "application/json; charset=utf-8"
        ],
        "Expires": [
          "-1"
        ]
      },
      "ResponseBody": "{\r\n  \"id\": \"/subscriptions/326100e2-f69d-4268-8503-075374f62b6e/resourceGroups/Default-EventHub-3634/providers/Microsoft.EventHub/namespaces/sdk-NS-6819/eventhubs/dk-EventHub-azsmnet2715azsmnet4263azsmnet2126azsmnet4804azsmnet5558azsmnet2095azsmnet9560azsmnet640azsmnet6891azsmnet2235azsmnet1064azsmnet4826azsmnet286azsmnet8829azsmnet2760azsmnet9436azsmnet2510azsmnet1574azsmnet5834azsmnet7128azsmnet1625azsmnet4876azsm\",\r\n  \"name\": \"dk-EventHub-azsmnet2715azsmnet4263azsmnet2126azsmnet4804azsmnet5558azsmnet2095azsmnet9560azsmnet640azsmnet6891azsmnet2235azsmnet1064azsmnet4826azsmnet286azsmnet8829azsmnet2760azsmnet9436azsmnet2510azsmnet1574azsmnet5834azsmnet7128azsmnet1625azsmnet4876azsm\",\r\n  \"type\": \"Microsoft.EventHub/Namespaces/EventHubs\",\r\n  \"location\": \"Australia East\",\r\n  \"properties\": {\r\n    \"messageRetentionInDays\": 5,\r\n    \"partitionCount\": 4,\r\n    \"status\": \"Active\",\r\n    \"createdAt\": \"2021-09-24T04:34:14.3Z\",\r\n    \"updatedAt\": \"2021-09-24T04:34:14.543Z\",\r\n    \"partitionIds\": [\r\n      \"0\",\r\n      \"1\",\r\n      \"2\",\r\n      \"3\"\r\n    ]\r\n  }\r\n}",
      "StatusCode": 200
    },
    {
      "RequestUri": "/subscriptions/326100e2-f69d-4268-8503-075374f62b6e/resourceGroups/Default-EventHub-3634/providers/Microsoft.EventHub/namespaces/sdk-NS-6819/eventhubs/dk-EventHub-azsmnet2715azsmnet4263azsmnet2126azsmnet4804azsmnet5558azsmnet2095azsmnet9560azsmnet640azsmnet6891azsmnet2235azsmnet1064azsmnet4826azsmnet286azsmnet8829azsmnet2760azsmnet9436azsmnet2510azsmnet1574azsmnet5834azsmnet7128azsmnet1625azsmnet4876azsm?api-version=2021-06-01-preview",
      "EncodedRequestUri": "L3N1YnNjcmlwdGlvbnMvMzI2MTAwZTItZjY5ZC00MjY4LTg1MDMtMDc1Mzc0ZjYyYjZlL3Jlc291cmNlR3JvdXBzL0RlZmF1bHQtRXZlbnRIdWItMzYzNC9wcm92aWRlcnMvTWljcm9zb2Z0LkV2ZW50SHViL25hbWVzcGFjZXMvc2RrLU5TLTY4MTkvZXZlbnRodWJzL2RrLUV2ZW50SHViLWF6c21uZXQyNzE1YXpzbW5ldDQyNjNhenNtbmV0MjEyNmF6c21uZXQ0ODA0YXpzbW5ldDU1NThhenNtbmV0MjA5NWF6c21uZXQ5NTYwYXpzbW5ldDY0MGF6c21uZXQ2ODkxYXpzbW5ldDIyMzVhenNtbmV0MTA2NGF6c21uZXQ0ODI2YXpzbW5ldDI4NmF6c21uZXQ4ODI5YXpzbW5ldDI3NjBhenNtbmV0OTQzNmF6c21uZXQyNTEwYXpzbW5ldDE1NzRhenNtbmV0NTgzNGF6c21uZXQ3MTI4YXpzbW5ldDE2MjVhenNtbmV0NDg3NmF6c20/YXBpLXZlcnNpb249MjAyMS0wNi0wMS1wcmV2aWV3",
      "RequestMethod": "GET",
      "RequestBody": "",
      "RequestHeaders": {
        "x-ms-client-request-id": [
          "9c3a6897-bbe9-40dd-9b7a-0ac66e054b89"
        ],
        "Accept-Language": [
          "en-US"
        ],
        "User-Agent": [
          "FxVersion/4.6.27817.03",
          "OSName/Windows",
          "OSVersion/Microsoft.Windows.10.0.19043.",
          "Microsoft.Azure.Management.EventHub.EventHubManagementClient/2.9.0.0"
        ]
      },
      "ResponseHeaders": {
        "Cache-Control": [
          "no-cache"
        ],
        "Pragma": [
          "no-cache"
        ],
        "x-ms-request-id": [
          "45c94932-9a14-40b4-8662-a33de048f251_M6SN1_M6SN1"
        ],
        "Server-SB": [
          "Service-Bus-Resource-Provider/SN1"
        ],
        "Server": [
          "Service-Bus-Resource-Provider/SN1",
          "Microsoft-HTTPAPI/2.0"
        ],
        "x-ms-ratelimit-remaining-subscription-reads": [
          "11995"
        ],
        "x-ms-correlation-request-id": [
          "7bee83e7-9e4e-4f26-93de-4d03cf0c0440"
        ],
        "x-ms-routing-request-id": [
          "WESTUS:20210924T043416Z:7bee83e7-9e4e-4f26-93de-4d03cf0c0440"
        ],
        "Strict-Transport-Security": [
          "max-age=31536000; includeSubDomains"
        ],
        "X-Content-Type-Options": [
          "nosniff"
        ],
        "Date": [
          "Fri, 24 Sep 2021 04:34:15 GMT"
        ],
        "Content-Length": [
          "945"
        ],
        "Content-Type": [
          "application/json; charset=utf-8"
        ],
        "Expires": [
          "-1"
        ]
      },
      "ResponseBody": "{\r\n  \"id\": \"/subscriptions/326100e2-f69d-4268-8503-075374f62b6e/resourceGroups/Default-EventHub-3634/providers/Microsoft.EventHub/namespaces/sdk-NS-6819/eventhubs/dk-EventHub-azsmnet2715azsmnet4263azsmnet2126azsmnet4804azsmnet5558azsmnet2095azsmnet9560azsmnet640azsmnet6891azsmnet2235azsmnet1064azsmnet4826azsmnet286azsmnet8829azsmnet2760azsmnet9436azsmnet2510azsmnet1574azsmnet5834azsmnet7128azsmnet1625azsmnet4876azsm\",\r\n  \"name\": \"dk-EventHub-azsmnet2715azsmnet4263azsmnet2126azsmnet4804azsmnet5558azsmnet2095azsmnet9560azsmnet640azsmnet6891azsmnet2235azsmnet1064azsmnet4826azsmnet286azsmnet8829azsmnet2760azsmnet9436azsmnet2510azsmnet1574azsmnet5834azsmnet7128azsmnet1625azsmnet4876azsm\",\r\n  \"type\": \"Microsoft.EventHub/Namespaces/EventHubs\",\r\n  \"location\": \"Australia East\",\r\n  \"properties\": {\r\n    \"messageRetentionInDays\": 5,\r\n    \"partitionCount\": 4,\r\n    \"status\": \"Active\",\r\n    \"createdAt\": \"2021-09-24T04:34:14.3\",\r\n    \"updatedAt\": \"2021-09-24T04:34:14.543\",\r\n    \"partitionIds\": [\r\n      \"0\",\r\n      \"1\",\r\n      \"2\",\r\n      \"3\"\r\n    ]\r\n  }\r\n}",
      "StatusCode": 200
    },
    {
      "RequestUri": "/subscriptions/326100e2-f69d-4268-8503-075374f62b6e/resourceGroups/Default-EventHub-3634/providers/Microsoft.EventHub/namespaces/sdk-NS-6819/eventhubs/dk-EventHub-azsmnet2715azsmnet4263azsmnet2126azsmnet4804azsmnet5558azsmnet2095azsmnet9560azsmnet640azsmnet6891azsmnet2235azsmnet1064azsmnet4826azsmnet286azsmnet8829azsmnet2760azsmnet9436azsmnet2510azsmnet1574azsmnet5834azsmnet7128azsmnet1625azsmnet4876azsm/authorizationRules/sdk-Authrules-?api-version=2021-06-01-preview",
      "EncodedRequestUri": "L3N1YnNjcmlwdGlvbnMvMzI2MTAwZTItZjY5ZC00MjY4LTg1MDMtMDc1Mzc0ZjYyYjZlL3Jlc291cmNlR3JvdXBzL0RlZmF1bHQtRXZlbnRIdWItMzYzNC9wcm92aWRlcnMvTWljcm9zb2Z0LkV2ZW50SHViL25hbWVzcGFjZXMvc2RrLU5TLTY4MTkvZXZlbnRodWJzL2RrLUV2ZW50SHViLWF6c21uZXQyNzE1YXpzbW5ldDQyNjNhenNtbmV0MjEyNmF6c21uZXQ0ODA0YXpzbW5ldDU1NThhenNtbmV0MjA5NWF6c21uZXQ5NTYwYXpzbW5ldDY0MGF6c21uZXQ2ODkxYXpzbW5ldDIyMzVhenNtbmV0MTA2NGF6c21uZXQ0ODI2YXpzbW5ldDI4NmF6c21uZXQ4ODI5YXpzbW5ldDI3NjBhenNtbmV0OTQzNmF6c21uZXQyNTEwYXpzbW5ldDE1NzRhenNtbmV0NTgzNGF6c21uZXQ3MTI4YXpzbW5ldDE2MjVhenNtbmV0NDg3NmF6c20vYXV0aG9yaXphdGlvblJ1bGVzL3Nkay1BdXRocnVsZXMtP2FwaS12ZXJzaW9uPTIwMjEtMDYtMDEtcHJldmlldw==",
      "RequestMethod": "PUT",
      "RequestBody": "{\r\n  \"properties\": {\r\n    \"rights\": [\r\n      \"Listen\",\r\n      \"Send\"\r\n    ]\r\n  }\r\n}",
      "RequestHeaders": {
        "x-ms-client-request-id": [
          "93db74ef-5cc1-4e37-a183-7966edf2e6c4"
        ],
        "Accept-Language": [
          "en-US"
        ],
        "User-Agent": [
          "FxVersion/4.6.27817.03",
          "OSName/Windows",
          "OSVersion/Microsoft.Windows.10.0.19043.",
          "Microsoft.Azure.Management.EventHub.EventHubManagementClient/2.9.0.0"
        ],
        "Content-Type": [
          "application/json; charset=utf-8"
        ],
        "Content-Length": [
          "83"
        ]
      },
      "ResponseHeaders": {
        "Cache-Control": [
          "no-cache"
        ],
        "Pragma": [
          "no-cache"
        ],
        "x-ms-request-id": [
          "1944a6a4-40de-4b52-b67a-835a9fe37883_M6SN1_M6SN1"
        ],
        "Server-SB": [
          "Service-Bus-Resource-Provider/SN1"
        ],
        "Server": [
          "Service-Bus-Resource-Provider/SN1",
          "Microsoft-HTTPAPI/2.0"
        ],
        "x-ms-ratelimit-remaining-subscription-writes": [
          "1198"
        ],
        "x-ms-correlation-request-id": [
          "b859b508-96f9-4efd-a473-d181b399d3a2"
        ],
        "x-ms-routing-request-id": [
          "WESTUS:20210924T043417Z:b859b508-96f9-4efd-a473-d181b399d3a2"
        ],
        "Strict-Transport-Security": [
          "max-age=31536000; includeSubDomains"
        ],
        "X-Content-Type-Options": [
          "nosniff"
        ],
        "Date": [
          "Fri, 24 Sep 2021 04:34:16 GMT"
        ],
        "Content-Length": [
          "612"
        ],
        "Content-Type": [
          "application/json; charset=utf-8"
        ],
        "Expires": [
          "-1"
        ]
      },
      "ResponseBody": "{\r\n  \"id\": \"/subscriptions/326100e2-f69d-4268-8503-075374f62b6e/resourceGroups/Default-EventHub-3634/providers/Microsoft.EventHub/namespaces/sdk-NS-6819/eventhubs/dk-EventHub-azsmnet2715azsmnet4263azsmnet2126azsmnet4804azsmnet5558azsmnet2095azsmnet9560azsmnet640azsmnet6891azsmnet2235azsmnet1064azsmnet4826azsmnet286azsmnet8829azsmnet2760azsmnet9436azsmnet2510azsmnet1574azsmnet5834azsmnet7128azsmnet1625azsmnet4876azsm/authorizationRules/sdk-Authrules-\",\r\n  \"name\": \"sdk-Authrules-\",\r\n  \"type\": \"Microsoft.EventHub/Namespaces/EventHubs/AuthorizationRules\",\r\n  \"location\": \"Australia East\",\r\n  \"properties\": {\r\n    \"rights\": [\r\n      \"Listen\",\r\n      \"Send\"\r\n    ]\r\n  }\r\n}",
      "StatusCode": 200
    },
    {
      "RequestUri": "/subscriptions/326100e2-f69d-4268-8503-075374f62b6e/resourceGroups/Default-EventHub-3634/providers/Microsoft.EventHub/namespaces/sdk-NS-6819/eventhubs/dk-EventHub-azsmnet2715azsmnet4263azsmnet2126azsmnet4804azsmnet5558azsmnet2095azsmnet9560azsmnet640azsmnet6891azsmnet2235azsmnet1064azsmnet4826azsmnet286azsmnet8829azsmnet2760azsmnet9436azsmnet2510azsmnet1574azsmnet5834azsmnet7128azsmnet1625azsmnet4876azsm/authorizationRules/sdk-Authrules-?api-version=2021-06-01-preview",
      "EncodedRequestUri": "L3N1YnNjcmlwdGlvbnMvMzI2MTAwZTItZjY5ZC00MjY4LTg1MDMtMDc1Mzc0ZjYyYjZlL3Jlc291cmNlR3JvdXBzL0RlZmF1bHQtRXZlbnRIdWItMzYzNC9wcm92aWRlcnMvTWljcm9zb2Z0LkV2ZW50SHViL25hbWVzcGFjZXMvc2RrLU5TLTY4MTkvZXZlbnRodWJzL2RrLUV2ZW50SHViLWF6c21uZXQyNzE1YXpzbW5ldDQyNjNhenNtbmV0MjEyNmF6c21uZXQ0ODA0YXpzbW5ldDU1NThhenNtbmV0MjA5NWF6c21uZXQ5NTYwYXpzbW5ldDY0MGF6c21uZXQ2ODkxYXpzbW5ldDIyMzVhenNtbmV0MTA2NGF6c21uZXQ0ODI2YXpzbW5ldDI4NmF6c21uZXQ4ODI5YXpzbW5ldDI3NjBhenNtbmV0OTQzNmF6c21uZXQyNTEwYXpzbW5ldDE1NzRhenNtbmV0NTgzNGF6c21uZXQ3MTI4YXpzbW5ldDE2MjVhenNtbmV0NDg3NmF6c20vYXV0aG9yaXphdGlvblJ1bGVzL3Nkay1BdXRocnVsZXMtP2FwaS12ZXJzaW9uPTIwMjEtMDYtMDEtcHJldmlldw==",
      "RequestMethod": "PUT",
      "RequestBody": "{\r\n  \"properties\": {\r\n    \"rights\": [\r\n      \"Listen\"\r\n    ]\r\n  }\r\n}",
      "RequestHeaders": {
        "x-ms-client-request-id": [
          "d92e23af-1b8e-477d-bd44-079193498c47"
        ],
        "Accept-Language": [
          "en-US"
        ],
        "User-Agent": [
          "FxVersion/4.6.27817.03",
          "OSName/Windows",
          "OSVersion/Microsoft.Windows.10.0.19043.",
          "Microsoft.Azure.Management.EventHub.EventHubManagementClient/2.9.0.0"
        ],
        "Content-Type": [
          "application/json; charset=utf-8"
        ],
        "Content-Length": [
          "68"
        ]
      },
      "ResponseHeaders": {
        "Cache-Control": [
          "no-cache"
        ],
        "Pragma": [
          "no-cache"
        ],
        "x-ms-request-id": [
          "96613159-ece7-412b-b158-50ce8970dc62_M6SN1_M6SN1"
        ],
        "Server-SB": [
          "Service-Bus-Resource-Provider/SN1"
        ],
        "Server": [
          "Service-Bus-Resource-Provider/SN1",
          "Microsoft-HTTPAPI/2.0"
        ],
        "x-ms-ratelimit-remaining-subscription-writes": [
          "1197"
        ],
        "x-ms-correlation-request-id": [
          "fa533613-3ac2-4537-a1e3-f9d549adce95"
        ],
        "x-ms-routing-request-id": [
          "WESTUS:20210924T043419Z:fa533613-3ac2-4537-a1e3-f9d549adce95"
        ],
        "Strict-Transport-Security": [
          "max-age=31536000; includeSubDomains"
        ],
        "X-Content-Type-Options": [
          "nosniff"
        ],
        "Date": [
          "Fri, 24 Sep 2021 04:34:18 GMT"
        ],
        "Content-Length": [
          "605"
        ],
        "Content-Type": [
          "application/json; charset=utf-8"
        ],
        "Expires": [
          "-1"
        ]
      },
      "ResponseBody": "{\r\n  \"id\": \"/subscriptions/326100e2-f69d-4268-8503-075374f62b6e/resourceGroups/Default-EventHub-3634/providers/Microsoft.EventHub/namespaces/sdk-NS-6819/eventhubs/dk-EventHub-azsmnet2715azsmnet4263azsmnet2126azsmnet4804azsmnet5558azsmnet2095azsmnet9560azsmnet640azsmnet6891azsmnet2235azsmnet1064azsmnet4826azsmnet286azsmnet8829azsmnet2760azsmnet9436azsmnet2510azsmnet1574azsmnet5834azsmnet7128azsmnet1625azsmnet4876azsm/authorizationRules/sdk-Authrules-\",\r\n  \"name\": \"sdk-Authrules-\",\r\n  \"type\": \"Microsoft.EventHub/Namespaces/EventHubs/AuthorizationRules\",\r\n  \"location\": \"Australia East\",\r\n  \"properties\": {\r\n    \"rights\": [\r\n      \"Listen\"\r\n    ]\r\n  }\r\n}",
      "StatusCode": 200
    },
    {
      "RequestUri": "/subscriptions/326100e2-f69d-4268-8503-075374f62b6e/resourceGroups/Default-EventHub-3634/providers/Microsoft.EventHub/namespaces/sdk-NS-6819/eventhubs/dk-EventHub-azsmnet2715azsmnet4263azsmnet2126azsmnet4804azsmnet5558azsmnet2095azsmnet9560azsmnet640azsmnet6891azsmnet2235azsmnet1064azsmnet4826azsmnet286azsmnet8829azsmnet2760azsmnet9436azsmnet2510azsmnet1574azsmnet5834azsmnet7128azsmnet1625azsmnet4876azsm/authorizationRules/sdk-Authrules-?api-version=2021-06-01-preview",
      "EncodedRequestUri": "L3N1YnNjcmlwdGlvbnMvMzI2MTAwZTItZjY5ZC00MjY4LTg1MDMtMDc1Mzc0ZjYyYjZlL3Jlc291cmNlR3JvdXBzL0RlZmF1bHQtRXZlbnRIdWItMzYzNC9wcm92aWRlcnMvTWljcm9zb2Z0LkV2ZW50SHViL25hbWVzcGFjZXMvc2RrLU5TLTY4MTkvZXZlbnRodWJzL2RrLUV2ZW50SHViLWF6c21uZXQyNzE1YXpzbW5ldDQyNjNhenNtbmV0MjEyNmF6c21uZXQ0ODA0YXpzbW5ldDU1NThhenNtbmV0MjA5NWF6c21uZXQ5NTYwYXpzbW5ldDY0MGF6c21uZXQ2ODkxYXpzbW5ldDIyMzVhenNtbmV0MTA2NGF6c21uZXQ0ODI2YXpzbW5ldDI4NmF6c21uZXQ4ODI5YXpzbW5ldDI3NjBhenNtbmV0OTQzNmF6c21uZXQyNTEwYXpzbW5ldDE1NzRhenNtbmV0NTgzNGF6c21uZXQ3MTI4YXpzbW5ldDE2MjVhenNtbmV0NDg3NmF6c20vYXV0aG9yaXphdGlvblJ1bGVzL3Nkay1BdXRocnVsZXMtP2FwaS12ZXJzaW9uPTIwMjEtMDYtMDEtcHJldmlldw==",
      "RequestMethod": "GET",
      "RequestBody": "",
      "RequestHeaders": {
        "x-ms-client-request-id": [
          "f4928564-8bc3-48fa-8b3d-99fb411b23db"
        ],
        "Accept-Language": [
          "en-US"
        ],
        "User-Agent": [
          "FxVersion/4.6.27817.03",
          "OSName/Windows",
          "OSVersion/Microsoft.Windows.10.0.19043.",
          "Microsoft.Azure.Management.EventHub.EventHubManagementClient/2.9.0.0"
        ]
      },
      "ResponseHeaders": {
        "Cache-Control": [
          "no-cache"
        ],
        "Pragma": [
          "no-cache"
        ],
        "x-ms-request-id": [
          "594ae6b5-9334-40f3-9a22-995e606a8c8b_M6SN1_M6SN1"
        ],
        "Server-SB": [
          "Service-Bus-Resource-Provider/SN1"
        ],
        "Server": [
          "Service-Bus-Resource-Provider/SN1",
          "Microsoft-HTTPAPI/2.0"
        ],
        "x-ms-ratelimit-remaining-subscription-reads": [
          "11994"
        ],
        "x-ms-correlation-request-id": [
          "4354b320-6a13-4444-8b24-92c817362b77"
        ],
        "x-ms-routing-request-id": [
          "WESTUS:20210924T043418Z:4354b320-6a13-4444-8b24-92c817362b77"
        ],
        "Strict-Transport-Security": [
          "max-age=31536000; includeSubDomains"
        ],
        "X-Content-Type-Options": [
          "nosniff"
        ],
        "Date": [
          "Fri, 24 Sep 2021 04:34:17 GMT"
        ],
        "Content-Length": [
          "612"
        ],
        "Content-Type": [
          "application/json; charset=utf-8"
        ],
        "Expires": [
          "-1"
        ]
      },
      "ResponseBody": "{\r\n  \"id\": \"/subscriptions/326100e2-f69d-4268-8503-075374f62b6e/resourceGroups/Default-EventHub-3634/providers/Microsoft.EventHub/namespaces/sdk-NS-6819/eventhubs/dk-EventHub-azsmnet2715azsmnet4263azsmnet2126azsmnet4804azsmnet5558azsmnet2095azsmnet9560azsmnet640azsmnet6891azsmnet2235azsmnet1064azsmnet4826azsmnet286azsmnet8829azsmnet2760azsmnet9436azsmnet2510azsmnet1574azsmnet5834azsmnet7128azsmnet1625azsmnet4876azsm/authorizationRules/sdk-Authrules-\",\r\n  \"name\": \"sdk-Authrules-\",\r\n  \"type\": \"Microsoft.EventHub/Namespaces/EventHubs/AuthorizationRules\",\r\n  \"location\": \"Australia East\",\r\n  \"properties\": {\r\n    \"rights\": [\r\n      \"Listen\",\r\n      \"Send\"\r\n    ]\r\n  }\r\n}",
      "StatusCode": 200
    },
    {
      "RequestUri": "/subscriptions/326100e2-f69d-4268-8503-075374f62b6e/resourceGroups/Default-EventHub-3634/providers/Microsoft.EventHub/namespaces/sdk-NS-6819/eventhubs/dk-EventHub-azsmnet2715azsmnet4263azsmnet2126azsmnet4804azsmnet5558azsmnet2095azsmnet9560azsmnet640azsmnet6891azsmnet2235azsmnet1064azsmnet4826azsmnet286azsmnet8829azsmnet2760azsmnet9436azsmnet2510azsmnet1574azsmnet5834azsmnet7128azsmnet1625azsmnet4876azsm/authorizationRules/sdk-Authrules-?api-version=2021-06-01-preview",
      "EncodedRequestUri": "L3N1YnNjcmlwdGlvbnMvMzI2MTAwZTItZjY5ZC00MjY4LTg1MDMtMDc1Mzc0ZjYyYjZlL3Jlc291cmNlR3JvdXBzL0RlZmF1bHQtRXZlbnRIdWItMzYzNC9wcm92aWRlcnMvTWljcm9zb2Z0LkV2ZW50SHViL25hbWVzcGFjZXMvc2RrLU5TLTY4MTkvZXZlbnRodWJzL2RrLUV2ZW50SHViLWF6c21uZXQyNzE1YXpzbW5ldDQyNjNhenNtbmV0MjEyNmF6c21uZXQ0ODA0YXpzbW5ldDU1NThhenNtbmV0MjA5NWF6c21uZXQ5NTYwYXpzbW5ldDY0MGF6c21uZXQ2ODkxYXpzbW5ldDIyMzVhenNtbmV0MTA2NGF6c21uZXQ0ODI2YXpzbW5ldDI4NmF6c21uZXQ4ODI5YXpzbW5ldDI3NjBhenNtbmV0OTQzNmF6c21uZXQyNTEwYXpzbW5ldDE1NzRhenNtbmV0NTgzNGF6c21uZXQ3MTI4YXpzbW5ldDE2MjVhenNtbmV0NDg3NmF6c20vYXV0aG9yaXphdGlvblJ1bGVzL3Nkay1BdXRocnVsZXMtP2FwaS12ZXJzaW9uPTIwMjEtMDYtMDEtcHJldmlldw==",
      "RequestMethod": "GET",
      "RequestBody": "",
      "RequestHeaders": {
        "x-ms-client-request-id": [
          "a7d4b005-2aeb-45aa-8a8a-ce74c28a23d5"
        ],
        "Accept-Language": [
          "en-US"
        ],
        "User-Agent": [
          "FxVersion/4.6.27817.03",
          "OSName/Windows",
          "OSVersion/Microsoft.Windows.10.0.19043.",
          "Microsoft.Azure.Management.EventHub.EventHubManagementClient/2.9.0.0"
        ]
      },
      "ResponseHeaders": {
        "Cache-Control": [
          "no-cache"
        ],
        "Pragma": [
          "no-cache"
        ],
        "x-ms-request-id": [
          "a56517fe-eb1a-4385-a785-af5d59a9d1fb_M6SN1_M6SN1"
        ],
        "Server-SB": [
          "Service-Bus-Resource-Provider/SN1"
        ],
        "Server": [
          "Service-Bus-Resource-Provider/SN1",
          "Microsoft-HTTPAPI/2.0"
        ],
        "x-ms-ratelimit-remaining-subscription-reads": [
          "11992"
        ],
        "x-ms-correlation-request-id": [
          "75016848-bc5d-4a81-bc20-96552f971987"
        ],
        "x-ms-routing-request-id": [
          "WESTUS:20210924T043419Z:75016848-bc5d-4a81-bc20-96552f971987"
        ],
        "Strict-Transport-Security": [
          "max-age=31536000; includeSubDomains"
        ],
        "X-Content-Type-Options": [
          "nosniff"
        ],
        "Date": [
          "Fri, 24 Sep 2021 04:34:18 GMT"
        ],
        "Content-Length": [
          "605"
        ],
        "Content-Type": [
          "application/json; charset=utf-8"
        ],
        "Expires": [
          "-1"
        ]
      },
      "ResponseBody": "{\r\n  \"id\": \"/subscriptions/326100e2-f69d-4268-8503-075374f62b6e/resourceGroups/Default-EventHub-3634/providers/Microsoft.EventHub/namespaces/sdk-NS-6819/eventhubs/dk-EventHub-azsmnet2715azsmnet4263azsmnet2126azsmnet4804azsmnet5558azsmnet2095azsmnet9560azsmnet640azsmnet6891azsmnet2235azsmnet1064azsmnet4826azsmnet286azsmnet8829azsmnet2760azsmnet9436azsmnet2510azsmnet1574azsmnet5834azsmnet7128azsmnet1625azsmnet4876azsm/authorizationRules/sdk-Authrules-\",\r\n  \"name\": \"sdk-Authrules-\",\r\n  \"type\": \"Microsoft.EventHub/Namespaces/EventHubs/AuthorizationRules\",\r\n  \"location\": \"Australia East\",\r\n  \"properties\": {\r\n    \"rights\": [\r\n      \"Listen\"\r\n    ]\r\n  }\r\n}",
      "StatusCode": 200
    },
    {
      "RequestUri": "/subscriptions/326100e2-f69d-4268-8503-075374f62b6e/resourceGroups/Default-EventHub-3634/providers/Microsoft.EventHub/namespaces/sdk-NS-6819/eventhubs/dk-EventHub-azsmnet2715azsmnet4263azsmnet2126azsmnet4804azsmnet5558azsmnet2095azsmnet9560azsmnet640azsmnet6891azsmnet2235azsmnet1064azsmnet4826azsmnet286azsmnet8829azsmnet2760azsmnet9436azsmnet2510azsmnet1574azsmnet5834azsmnet7128azsmnet1625azsmnet4876azsm/authorizationRules?api-version=2021-06-01-preview",
      "EncodedRequestUri": "L3N1YnNjcmlwdGlvbnMvMzI2MTAwZTItZjY5ZC00MjY4LTg1MDMtMDc1Mzc0ZjYyYjZlL3Jlc291cmNlR3JvdXBzL0RlZmF1bHQtRXZlbnRIdWItMzYzNC9wcm92aWRlcnMvTWljcm9zb2Z0LkV2ZW50SHViL25hbWVzcGFjZXMvc2RrLU5TLTY4MTkvZXZlbnRodWJzL2RrLUV2ZW50SHViLWF6c21uZXQyNzE1YXpzbW5ldDQyNjNhenNtbmV0MjEyNmF6c21uZXQ0ODA0YXpzbW5ldDU1NThhenNtbmV0MjA5NWF6c21uZXQ5NTYwYXpzbW5ldDY0MGF6c21uZXQ2ODkxYXpzbW5ldDIyMzVhenNtbmV0MTA2NGF6c21uZXQ0ODI2YXpzbW5ldDI4NmF6c21uZXQ4ODI5YXpzbW5ldDI3NjBhenNtbmV0OTQzNmF6c21uZXQyNTEwYXpzbW5ldDE1NzRhenNtbmV0NTgzNGF6c21uZXQ3MTI4YXpzbW5ldDE2MjVhenNtbmV0NDg3NmF6c20vYXV0aG9yaXphdGlvblJ1bGVzP2FwaS12ZXJzaW9uPTIwMjEtMDYtMDEtcHJldmlldw==",
      "RequestMethod": "GET",
      "RequestBody": "",
      "RequestHeaders": {
        "x-ms-client-request-id": [
          "bc85db80-66b0-47ce-9652-853a8947c864"
        ],
        "Accept-Language": [
          "en-US"
        ],
        "User-Agent": [
          "FxVersion/4.6.27817.03",
          "OSName/Windows",
          "OSVersion/Microsoft.Windows.10.0.19043.",
          "Microsoft.Azure.Management.EventHub.EventHubManagementClient/2.9.0.0"
        ]
      },
      "ResponseHeaders": {
        "Cache-Control": [
          "no-cache"
        ],
        "Pragma": [
          "no-cache"
        ],
        "x-ms-request-id": [
          "f9d7eb47-2437-46e3-baf8-8f924340a55b_M6SN1_M6SN1"
        ],
        "Server-SB": [
          "Service-Bus-Resource-Provider/SN1"
        ],
        "Server": [
          "Service-Bus-Resource-Provider/SN1",
          "Microsoft-HTTPAPI/2.0"
        ],
        "x-ms-ratelimit-remaining-subscription-reads": [
          "11993"
        ],
        "x-ms-correlation-request-id": [
          "9a24451c-074c-40c1-a485-77816aa75122"
        ],
        "x-ms-routing-request-id": [
          "WESTUS:20210924T043418Z:9a24451c-074c-40c1-a485-77816aa75122"
        ],
        "Strict-Transport-Security": [
          "max-age=31536000; includeSubDomains"
        ],
        "X-Content-Type-Options": [
          "nosniff"
        ],
        "Date": [
          "Fri, 24 Sep 2021 04:34:17 GMT"
        ],
        "Content-Length": [
          "624"
        ],
        "Content-Type": [
          "application/json; charset=utf-8"
        ],
        "Expires": [
          "-1"
        ]
      },
      "ResponseBody": "{\r\n  \"value\": [\r\n    {\r\n      \"id\": \"/subscriptions/326100e2-f69d-4268-8503-075374f62b6e/resourceGroups/Default-EventHub-3634/providers/Microsoft.EventHub/namespaces/sdk-NS-6819/eventhubs/dk-EventHub-azsmnet2715azsmnet4263azsmnet2126azsmnet4804azsmnet5558azsmnet2095azsmnet9560azsmnet640azsmnet6891azsmnet2235azsmnet1064azsmnet4826azsmnet286azsmnet8829azsmnet2760azsmnet9436azsmnet2510azsmnet1574azsmnet5834azsmnet7128azsmnet1625azsmnet4876azsm/authorizationRules/sdk-Authrules-\",\r\n      \"name\": \"sdk-Authrules-\",\r\n      \"type\": \"Microsoft.EventHub/Namespaces/EventHubs/AuthorizationRules\",\r\n      \"location\": \"Australia East\",\r\n      \"properties\": {\r\n        \"rights\": [\r\n          \"Listen\",\r\n          \"Send\"\r\n        ]\r\n      }\r\n    }\r\n  ]\r\n}",
      "StatusCode": 200
    },
    {
      "RequestUri": "/subscriptions/326100e2-f69d-4268-8503-075374f62b6e/resourceGroups/Default-EventHub-3634/providers/Microsoft.EventHub/namespaces/sdk-NS-6819/eventhubs/dk-EventHub-azsmnet2715azsmnet4263azsmnet2126azsmnet4804azsmnet5558azsmnet2095azsmnet9560azsmnet640azsmnet6891azsmnet2235azsmnet1064azsmnet4826azsmnet286azsmnet8829azsmnet2760azsmnet9436azsmnet2510azsmnet1574azsmnet5834azsmnet7128azsmnet1625azsmnet4876azsm/authorizationRules/sdk-Authrules-/listKeys?api-version=2021-06-01-preview",
      "EncodedRequestUri": "L3N1YnNjcmlwdGlvbnMvMzI2MTAwZTItZjY5ZC00MjY4LTg1MDMtMDc1Mzc0ZjYyYjZlL3Jlc291cmNlR3JvdXBzL0RlZmF1bHQtRXZlbnRIdWItMzYzNC9wcm92aWRlcnMvTWljcm9zb2Z0LkV2ZW50SHViL25hbWVzcGFjZXMvc2RrLU5TLTY4MTkvZXZlbnRodWJzL2RrLUV2ZW50SHViLWF6c21uZXQyNzE1YXpzbW5ldDQyNjNhenNtbmV0MjEyNmF6c21uZXQ0ODA0YXpzbW5ldDU1NThhenNtbmV0MjA5NWF6c21uZXQ5NTYwYXpzbW5ldDY0MGF6c21uZXQ2ODkxYXpzbW5ldDIyMzVhenNtbmV0MTA2NGF6c21uZXQ0ODI2YXpzbW5ldDI4NmF6c21uZXQ4ODI5YXpzbW5ldDI3NjBhenNtbmV0OTQzNmF6c21uZXQyNTEwYXpzbW5ldDE1NzRhenNtbmV0NTgzNGF6c21uZXQ3MTI4YXpzbW5ldDE2MjVhenNtbmV0NDg3NmF6c20vYXV0aG9yaXphdGlvblJ1bGVzL3Nkay1BdXRocnVsZXMtL2xpc3RLZXlzP2FwaS12ZXJzaW9uPTIwMjEtMDYtMDEtcHJldmlldw==",
      "RequestMethod": "POST",
      "RequestBody": "",
      "RequestHeaders": {
        "x-ms-client-request-id": [
          "44f62bd3-f262-496c-a055-aac3fbc9907a"
        ],
        "Accept-Language": [
          "en-US"
        ],
        "User-Agent": [
          "FxVersion/4.6.27817.03",
          "OSName/Windows",
          "OSVersion/Microsoft.Windows.10.0.19043.",
          "Microsoft.Azure.Management.EventHub.EventHubManagementClient/2.9.0.0"
        ]
      },
      "ResponseHeaders": {
        "Cache-Control": [
          "no-cache"
        ],
        "Pragma": [
          "no-cache"
        ],
        "x-ms-request-id": [
          "38702f08-af38-4c0f-939f-03bdcae283a9_M6SN1_M6SN1"
        ],
        "Server-SB": [
          "Service-Bus-Resource-Provider/SN1"
        ],
        "Server": [
          "Service-Bus-Resource-Provider/SN1",
          "Microsoft-HTTPAPI/2.0"
        ],
        "x-ms-ratelimit-remaining-subscription-writes": [
          "1199"
        ],
        "x-ms-correlation-request-id": [
          "1968d67c-cf66-4d22-973f-5105f807db41"
        ],
        "x-ms-routing-request-id": [
          "WESTUS:20210924T043420Z:1968d67c-cf66-4d22-973f-5105f807db41"
        ],
        "Strict-Transport-Security": [
          "max-age=31536000; includeSubDomains"
        ],
        "X-Content-Type-Options": [
          "nosniff"
        ],
        "Date": [
          "Fri, 24 Sep 2021 04:34:19 GMT"
        ],
        "Content-Length": [
          "1036"
        ],
        "Content-Type": [
          "application/json; charset=utf-8"
        ],
        "Expires": [
          "-1"
        ]
      },
      "ResponseBody": "{\r\n  \"primaryConnectionString\": \"Endpoint=sb://sdk-ns-6819.servicebus.windows.net/;SharedAccessKeyName=sdk-Authrules-;SharedAccessKey=V+zTSh9lT9ZUe10jq8kl3uIRlkMwTkX+qTuOBNqIpTw=;EntityPath=dk-EventHub-azsmnet2715azsmnet4263azsmnet2126azsmnet4804azsmnet5558azsmnet2095azsmnet9560azsmnet640azsmnet6891azsmnet2235azsmnet1064azsmnet4826azsmnet286azsmnet8829azsmnet2760azsmnet9436azsmnet2510azsmnet1574azsmnet5834azsmnet7128azsmnet1625azsmnet4876azsm\",\r\n  \"secondaryConnectionString\": \"Endpoint=sb://sdk-ns-6819.servicebus.windows.net/;SharedAccessKeyName=sdk-Authrules-;SharedAccessKey=8g0T0iOYJPmejHVmix9LDCS1Ka9CMQU4G8wZZuh1IwM=;EntityPath=dk-EventHub-azsmnet2715azsmnet4263azsmnet2126azsmnet4804azsmnet5558azsmnet2095azsmnet9560azsmnet640azsmnet6891azsmnet2235azsmnet1064azsmnet4826azsmnet286azsmnet8829azsmnet2760azsmnet9436azsmnet2510azsmnet1574azsmnet5834azsmnet7128azsmnet1625azsmnet4876azsm\",\r\n  \"primaryKey\": \"V+zTSh9lT9ZUe10jq8kl3uIRlkMwTkX+qTuOBNqIpTw=\",\r\n  \"secondaryKey\": \"8g0T0iOYJPmejHVmix9LDCS1Ka9CMQU4G8wZZuh1IwM=\",\r\n  \"keyName\": \"sdk-Authrules-\"\r\n}",
      "StatusCode": 200
    },
    {
      "RequestUri": "/subscriptions/326100e2-f69d-4268-8503-075374f62b6e/resourceGroups/Default-EventHub-3634/providers/Microsoft.EventHub/namespaces/sdk-NS-6819/eventhubs/dk-EventHub-azsmnet2715azsmnet4263azsmnet2126azsmnet4804azsmnet5558azsmnet2095azsmnet9560azsmnet640azsmnet6891azsmnet2235azsmnet1064azsmnet4826azsmnet286azsmnet8829azsmnet2760azsmnet9436azsmnet2510azsmnet1574azsmnet5834azsmnet7128azsmnet1625azsmnet4876azsm/authorizationRules/sdk-Authrules-/regenerateKeys?api-version=2021-06-01-preview",
      "EncodedRequestUri": "L3N1YnNjcmlwdGlvbnMvMzI2MTAwZTItZjY5ZC00MjY4LTg1MDMtMDc1Mzc0ZjYyYjZlL3Jlc291cmNlR3JvdXBzL0RlZmF1bHQtRXZlbnRIdWItMzYzNC9wcm92aWRlcnMvTWljcm9zb2Z0LkV2ZW50SHViL25hbWVzcGFjZXMvc2RrLU5TLTY4MTkvZXZlbnRodWJzL2RrLUV2ZW50SHViLWF6c21uZXQyNzE1YXpzbW5ldDQyNjNhenNtbmV0MjEyNmF6c21uZXQ0ODA0YXpzbW5ldDU1NThhenNtbmV0MjA5NWF6c21uZXQ5NTYwYXpzbW5ldDY0MGF6c21uZXQ2ODkxYXpzbW5ldDIyMzVhenNtbmV0MTA2NGF6c21uZXQ0ODI2YXpzbW5ldDI4NmF6c21uZXQ4ODI5YXpzbW5ldDI3NjBhenNtbmV0OTQzNmF6c21uZXQyNTEwYXpzbW5ldDE1NzRhenNtbmV0NTgzNGF6c21uZXQ3MTI4YXpzbW5ldDE2MjVhenNtbmV0NDg3NmF6c20vYXV0aG9yaXphdGlvblJ1bGVzL3Nkay1BdXRocnVsZXMtL3JlZ2VuZXJhdGVLZXlzP2FwaS12ZXJzaW9uPTIwMjEtMDYtMDEtcHJldmlldw==",
      "RequestMethod": "POST",
      "RequestBody": "{\r\n  \"keyType\": \"PrimaryKey\"\r\n}",
      "RequestHeaders": {
        "x-ms-client-request-id": [
          "1d64405f-8b5b-436b-b5ba-5966a86cbcab"
        ],
        "Accept-Language": [
          "en-US"
        ],
        "User-Agent": [
          "FxVersion/4.6.27817.03",
          "OSName/Windows",
          "OSVersion/Microsoft.Windows.10.0.19043.",
          "Microsoft.Azure.Management.EventHub.EventHubManagementClient/2.9.0.0"
        ],
        "Content-Type": [
          "application/json; charset=utf-8"
        ],
        "Content-Length": [
          "31"
        ]
      },
      "ResponseHeaders": {
        "Cache-Control": [
          "no-cache"
        ],
        "Pragma": [
          "no-cache"
        ],
        "x-ms-request-id": [
          "52de28a4-e311-4f22-bb40-7b790ecc4739_M6SN1_M6SN1"
        ],
        "Server-SB": [
          "Service-Bus-Resource-Provider/SN1"
        ],
        "Server": [
          "Service-Bus-Resource-Provider/SN1",
          "Microsoft-HTTPAPI/2.0"
        ],
        "x-ms-ratelimit-remaining-subscription-writes": [
          "1198"
        ],
        "x-ms-correlation-request-id": [
          "bea39b01-a0c9-4c62-9dc8-0919363a68fd"
        ],
        "x-ms-routing-request-id": [
          "WESTUS:20210924T043421Z:bea39b01-a0c9-4c62-9dc8-0919363a68fd"
        ],
        "Strict-Transport-Security": [
          "max-age=31536000; includeSubDomains"
        ],
        "X-Content-Type-Options": [
          "nosniff"
        ],
        "Date": [
          "Fri, 24 Sep 2021 04:34:21 GMT"
        ],
        "Content-Length": [
          "1036"
        ],
        "Content-Type": [
          "application/json; charset=utf-8"
        ],
        "Expires": [
          "-1"
        ]
      },
      "ResponseBody": "{\r\n  \"primaryConnectionString\": \"Endpoint=sb://sdk-ns-6819.servicebus.windows.net/;SharedAccessKeyName=sdk-Authrules-;SharedAccessKey=vjeyrWkL5bmGO7j0sUsYygnpAimB2g6we1LyKo6IVYE=;EntityPath=dk-EventHub-azsmnet2715azsmnet4263azsmnet2126azsmnet4804azsmnet5558azsmnet2095azsmnet9560azsmnet640azsmnet6891azsmnet2235azsmnet1064azsmnet4826azsmnet286azsmnet8829azsmnet2760azsmnet9436azsmnet2510azsmnet1574azsmnet5834azsmnet7128azsmnet1625azsmnet4876azsm\",\r\n  \"secondaryConnectionString\": \"Endpoint=sb://sdk-ns-6819.servicebus.windows.net/;SharedAccessKeyName=sdk-Authrules-;SharedAccessKey=8g0T0iOYJPmejHVmix9LDCS1Ka9CMQU4G8wZZuh1IwM=;EntityPath=dk-EventHub-azsmnet2715azsmnet4263azsmnet2126azsmnet4804azsmnet5558azsmnet2095azsmnet9560azsmnet640azsmnet6891azsmnet2235azsmnet1064azsmnet4826azsmnet286azsmnet8829azsmnet2760azsmnet9436azsmnet2510azsmnet1574azsmnet5834azsmnet7128azsmnet1625azsmnet4876azsm\",\r\n  \"primaryKey\": \"vjeyrWkL5bmGO7j0sUsYygnpAimB2g6we1LyKo6IVYE=\",\r\n  \"secondaryKey\": \"8g0T0iOYJPmejHVmix9LDCS1Ka9CMQU4G8wZZuh1IwM=\",\r\n  \"keyName\": \"sdk-Authrules-\"\r\n}",
      "StatusCode": 200
    },
    {
      "RequestUri": "/subscriptions/326100e2-f69d-4268-8503-075374f62b6e/resourceGroups/Default-EventHub-3634/providers/Microsoft.EventHub/namespaces/sdk-NS-6819/eventhubs/dk-EventHub-azsmnet2715azsmnet4263azsmnet2126azsmnet4804azsmnet5558azsmnet2095azsmnet9560azsmnet640azsmnet6891azsmnet2235azsmnet1064azsmnet4826azsmnet286azsmnet8829azsmnet2760azsmnet9436azsmnet2510azsmnet1574azsmnet5834azsmnet7128azsmnet1625azsmnet4876azsm/authorizationRules/sdk-Authrules-?api-version=2021-06-01-preview",
      "EncodedRequestUri": "L3N1YnNjcmlwdGlvbnMvMzI2MTAwZTItZjY5ZC00MjY4LTg1MDMtMDc1Mzc0ZjYyYjZlL3Jlc291cmNlR3JvdXBzL0RlZmF1bHQtRXZlbnRIdWItMzYzNC9wcm92aWRlcnMvTWljcm9zb2Z0LkV2ZW50SHViL25hbWVzcGFjZXMvc2RrLU5TLTY4MTkvZXZlbnRodWJzL2RrLUV2ZW50SHViLWF6c21uZXQyNzE1YXpzbW5ldDQyNjNhenNtbmV0MjEyNmF6c21uZXQ0ODA0YXpzbW5ldDU1NThhenNtbmV0MjA5NWF6c21uZXQ5NTYwYXpzbW5ldDY0MGF6c21uZXQ2ODkxYXpzbW5ldDIyMzVhenNtbmV0MTA2NGF6c21uZXQ0ODI2YXpzbW5ldDI4NmF6c21uZXQ4ODI5YXpzbW5ldDI3NjBhenNtbmV0OTQzNmF6c21uZXQyNTEwYXpzbW5ldDE1NzRhenNtbmV0NTgzNGF6c21uZXQ3MTI4YXpzbW5ldDE2MjVhenNtbmV0NDg3NmF6c20vYXV0aG9yaXphdGlvblJ1bGVzL3Nkay1BdXRocnVsZXMtP2FwaS12ZXJzaW9uPTIwMjEtMDYtMDEtcHJldmlldw==",
      "RequestMethod": "DELETE",
      "RequestBody": "",
      "RequestHeaders": {
        "x-ms-client-request-id": [
          "a1fd13f5-4529-48b6-91c1-c5c6eafdea41"
        ],
        "Accept-Language": [
          "en-US"
        ],
        "User-Agent": [
          "FxVersion/4.6.27817.03",
          "OSName/Windows",
          "OSVersion/Microsoft.Windows.10.0.19043.",
          "Microsoft.Azure.Management.EventHub.EventHubManagementClient/2.9.0.0"
        ]
      },
      "ResponseHeaders": {
        "Cache-Control": [
          "no-cache"
        ],
        "Pragma": [
          "no-cache"
        ],
        "x-ms-request-id": [
          "9d978ce0-19b5-41d4-af48-b81803c218f4_M6SN1_M6SN1"
        ],
        "Server-SB": [
          "Service-Bus-Resource-Provider/SN1"
        ],
        "Server": [
          "Service-Bus-Resource-Provider/SN1",
          "Microsoft-HTTPAPI/2.0"
        ],
        "x-ms-ratelimit-remaining-subscription-deletes": [
          "14999"
        ],
        "x-ms-correlation-request-id": [
          "84742d9c-636d-4262-a59a-77fd7cc0ea95"
        ],
        "x-ms-routing-request-id": [
          "WESTUS:20210924T043422Z:84742d9c-636d-4262-a59a-77fd7cc0ea95"
        ],
        "Strict-Transport-Security": [
          "max-age=31536000; includeSubDomains"
        ],
        "X-Content-Type-Options": [
          "nosniff"
        ],
        "Date": [
          "Fri, 24 Sep 2021 04:34:22 GMT"
        ],
        "Expires": [
          "-1"
        ],
        "Content-Length": [
          "0"
        ]
      },
      "ResponseBody": "",
      "StatusCode": 200
    },
    {
      "RequestUri": "/subscriptions/326100e2-f69d-4268-8503-075374f62b6e/resourceGroups/Default-EventHub-3634/providers/Microsoft.EventHub/namespaces/sdk-NS-6819/eventhubs/dk-EventHub-azsmnet2715azsmnet4263azsmnet2126azsmnet4804azsmnet5558azsmnet2095azsmnet9560azsmnet640azsmnet6891azsmnet2235azsmnet1064azsmnet4826azsmnet286azsmnet8829azsmnet2760azsmnet9436azsmnet2510azsmnet1574azsmnet5834azsmnet7128azsmnet1625azsmnet4876azsm?api-version=2021-06-01-preview",
      "EncodedRequestUri": "L3N1YnNjcmlwdGlvbnMvMzI2MTAwZTItZjY5ZC00MjY4LTg1MDMtMDc1Mzc0ZjYyYjZlL3Jlc291cmNlR3JvdXBzL0RlZmF1bHQtRXZlbnRIdWItMzYzNC9wcm92aWRlcnMvTWljcm9zb2Z0LkV2ZW50SHViL25hbWVzcGFjZXMvc2RrLU5TLTY4MTkvZXZlbnRodWJzL2RrLUV2ZW50SHViLWF6c21uZXQyNzE1YXpzbW5ldDQyNjNhenNtbmV0MjEyNmF6c21uZXQ0ODA0YXpzbW5ldDU1NThhenNtbmV0MjA5NWF6c21uZXQ5NTYwYXpzbW5ldDY0MGF6c21uZXQ2ODkxYXpzbW5ldDIyMzVhenNtbmV0MTA2NGF6c21uZXQ0ODI2YXpzbW5ldDI4NmF6c21uZXQ4ODI5YXpzbW5ldDI3NjBhenNtbmV0OTQzNmF6c21uZXQyNTEwYXpzbW5ldDE1NzRhenNtbmV0NTgzNGF6c21uZXQ3MTI4YXpzbW5ldDE2MjVhenNtbmV0NDg3NmF6c20/YXBpLXZlcnNpb249MjAyMS0wNi0wMS1wcmV2aWV3",
      "RequestMethod": "DELETE",
      "RequestBody": "",
      "RequestHeaders": {
        "x-ms-client-request-id": [
          "42b7b366-fe59-402c-a26b-e0506ea7f1b3"
        ],
        "Accept-Language": [
          "en-US"
        ],
        "User-Agent": [
          "FxVersion/4.6.27817.03",
          "OSName/Windows",
          "OSVersion/Microsoft.Windows.10.0.19043.",
          "Microsoft.Azure.Management.EventHub.EventHubManagementClient/2.9.0.0"
        ]
      },
      "ResponseHeaders": {
        "Cache-Control": [
          "no-cache"
        ],
        "Pragma": [
          "no-cache"
        ],
        "x-ms-request-id": [
          "462f82c2-16f9-450b-afb2-7733c864df8c_M6SN1_M6SN1"
        ],
        "Server-SB": [
          "Service-Bus-Resource-Provider/SN1"
        ],
        "Server": [
          "Service-Bus-Resource-Provider/SN1",
          "Microsoft-HTTPAPI/2.0"
        ],
        "x-ms-ratelimit-remaining-subscription-deletes": [
          "14998"
        ],
        "x-ms-correlation-request-id": [
          "4d478ab3-2f92-4d96-ad9a-795f7361379b"
        ],
        "x-ms-routing-request-id": [
          "WESTUS:20210924T043429Z:4d478ab3-2f92-4d96-ad9a-795f7361379b"
        ],
        "Strict-Transport-Security": [
          "max-age=31536000; includeSubDomains"
        ],
        "X-Content-Type-Options": [
          "nosniff"
        ],
        "Date": [
          "Fri, 24 Sep 2021 04:34:29 GMT"
        ],
        "Expires": [
          "-1"
        ],
        "Content-Length": [
          "0"
        ]
      },
      "ResponseBody": "",
      "StatusCode": 200
    },
    {
      "RequestUri": "/subscriptions/326100e2-f69d-4268-8503-075374f62b6e/resourceGroups/Default-EventHub-3634/providers/Microsoft.EventHub/namespaces/sdk-NS-6819?api-version=2021-06-01-preview",
      "EncodedRequestUri": "L3N1YnNjcmlwdGlvbnMvMzI2MTAwZTItZjY5ZC00MjY4LTg1MDMtMDc1Mzc0ZjYyYjZlL3Jlc291cmNlR3JvdXBzL0RlZmF1bHQtRXZlbnRIdWItMzYzNC9wcm92aWRlcnMvTWljcm9zb2Z0LkV2ZW50SHViL25hbWVzcGFjZXMvc2RrLU5TLTY4MTk/YXBpLXZlcnNpb249MjAyMS0wNi0wMS1wcmV2aWV3",
      "RequestMethod": "DELETE",
      "RequestBody": "",
      "RequestHeaders": {
        "x-ms-client-request-id": [
          "6e80066f-ae36-4bdd-b22b-8871f61c179d"
        ],
        "Accept-Language": [
          "en-US"
        ],
        "User-Agent": [
          "FxVersion/4.6.27817.03",
          "OSName/Windows",
          "OSVersion/Microsoft.Windows.10.0.19043.",
          "Microsoft.Azure.Management.EventHub.EventHubManagementClient/2.9.0.0"
        ]
      },
      "ResponseHeaders": {
        "Cache-Control": [
          "no-cache"
        ],
        "Pragma": [
          "no-cache"
        ],
        "Location": [
          "https://management.azure.com/subscriptions/326100e2-f69d-4268-8503-075374f62b6e/resourceGroups/Default-EventHub-3634/providers/Microsoft.EventHub/namespaces/sdk-NS-6819/operationresults/sdk-NS-6819?api-version=2021-06-01-preview"
        ],
        "x-ms-request-id": [
          "8bc03cba-02bd-49d9-bbe2-4017440c5508_M6SN1_M6SN1"
        ],
        "Server-SB": [
          "Service-Bus-Resource-Provider/SN1"
        ],
        "Server": [
          "Service-Bus-Resource-Provider/SN1",
          "Microsoft-HTTPAPI/2.0"
        ],
        "x-ms-ratelimit-remaining-subscription-deletes": [
          "14997"
        ],
        "x-ms-correlation-request-id": [
          "3a0f4e69-eb4f-4ac8-b362-01c1f64c53e1"
        ],
        "x-ms-routing-request-id": [
          "WESTUS:20210924T043430Z:3a0f4e69-eb4f-4ac8-b362-01c1f64c53e1"
        ],
        "Strict-Transport-Security": [
          "max-age=31536000; includeSubDomains"
        ],
        "X-Content-Type-Options": [
          "nosniff"
        ],
        "Date": [
          "Fri, 24 Sep 2021 04:34:30 GMT"
        ],
        "Expires": [
          "-1"
        ],
        "Content-Length": [
          "0"
        ]
      },
      "ResponseBody": "",
      "StatusCode": 202
    },
    {
      "RequestUri": "/subscriptions/326100e2-f69d-4268-8503-075374f62b6e/resourceGroups/Default-EventHub-3634/providers/Microsoft.EventHub/namespaces/sdk-NS-6819/operationresults/sdk-NS-6819?api-version=2021-06-01-preview",
      "EncodedRequestUri": "L3N1YnNjcmlwdGlvbnMvMzI2MTAwZTItZjY5ZC00MjY4LTg1MDMtMDc1Mzc0ZjYyYjZlL3Jlc291cmNlR3JvdXBzL0RlZmF1bHQtRXZlbnRIdWItMzYzNC9wcm92aWRlcnMvTWljcm9zb2Z0LkV2ZW50SHViL25hbWVzcGFjZXMvc2RrLU5TLTY4MTkvb3BlcmF0aW9ucmVzdWx0cy9zZGstTlMtNjgxOT9hcGktdmVyc2lvbj0yMDIxLTA2LTAxLXByZXZpZXc=",
      "RequestMethod": "GET",
      "RequestBody": "",
      "RequestHeaders": {
        "User-Agent": [
          "FxVersion/4.6.27817.03",
          "OSName/Windows",
          "OSVersion/Microsoft.Windows.10.0.19043.",
          "Microsoft.Azure.Management.EventHub.EventHubManagementClient/2.9.0.0"
        ]
      },
      "ResponseHeaders": {
        "Cache-Control": [
          "no-cache"
        ],
        "Pragma": [
          "no-cache"
        ],
        "x-ms-request-id": [
          "d4bc526e-3a9d-47c4-bf74-4092826a018c_M5SN1_M5SN1"
        ],
        "Server-SB": [
          "Service-Bus-Resource-Provider/SN1"
        ],
        "Server": [
          "Service-Bus-Resource-Provider/SN1",
          "Microsoft-HTTPAPI/2.0"
        ],
        "x-ms-ratelimit-remaining-subscription-reads": [
          "11991"
        ],
        "x-ms-correlation-request-id": [
          "046f79cb-13c1-4087-9ca9-6bf287ddae52"
        ],
        "x-ms-routing-request-id": [
          "WESTUS:20210924T043501Z:046f79cb-13c1-4087-9ca9-6bf287ddae52"
        ],
        "Strict-Transport-Security": [
          "max-age=31536000; includeSubDomains"
        ],
        "X-Content-Type-Options": [
          "nosniff"
        ],
        "Date": [
          "Fri, 24 Sep 2021 04:35:00 GMT"
        ],
        "Expires": [
          "-1"
        ],
        "Content-Length": [
          "0"
        ]
      },
      "ResponseBody": "",
      "StatusCode": 200
    },
    {
      "RequestUri": "/subscriptions/326100e2-f69d-4268-8503-075374f62b6e/resourceGroups/Default-EventHub-3634/providers/Microsoft.EventHub/namespaces/sdk-NS-6819/operationresults/sdk-NS-6819?api-version=2021-06-01-preview",
      "EncodedRequestUri": "L3N1YnNjcmlwdGlvbnMvMzI2MTAwZTItZjY5ZC00MjY4LTg1MDMtMDc1Mzc0ZjYyYjZlL3Jlc291cmNlR3JvdXBzL0RlZmF1bHQtRXZlbnRIdWItMzYzNC9wcm92aWRlcnMvTWljcm9zb2Z0LkV2ZW50SHViL25hbWVzcGFjZXMvc2RrLU5TLTY4MTkvb3BlcmF0aW9ucmVzdWx0cy9zZGstTlMtNjgxOT9hcGktdmVyc2lvbj0yMDIxLTA2LTAxLXByZXZpZXc=",
      "RequestMethod": "GET",
      "RequestBody": "",
      "RequestHeaders": {
        "User-Agent": [
          "FxVersion/4.6.27817.03",
          "OSName/Windows",
          "OSVersion/Microsoft.Windows.10.0.19043.",
          "Microsoft.Azure.Management.EventHub.EventHubManagementClient/2.9.0.0"
        ]
      },
      "ResponseHeaders": {
        "Cache-Control": [
          "no-cache"
        ],
        "Pragma": [
          "no-cache"
        ],
        "x-ms-request-id": [
          "41b33766-c8a6-4fa4-a8ef-da8af4620837_M5SN1_M5SN1"
        ],
        "Server-SB": [
          "Service-Bus-Resource-Provider/SN1"
        ],
        "Server": [
          "Service-Bus-Resource-Provider/SN1",
          "Microsoft-HTTPAPI/2.0"
        ],
        "x-ms-ratelimit-remaining-subscription-reads": [
          "11990"
        ],
        "x-ms-correlation-request-id": [
          "e0ce2880-b91c-43ab-bef1-9923664b3a8f"
        ],
        "x-ms-routing-request-id": [
          "WESTUS:20210924T043501Z:e0ce2880-b91c-43ab-bef1-9923664b3a8f"
        ],
        "Strict-Transport-Security": [
          "max-age=31536000; includeSubDomains"
        ],
        "X-Content-Type-Options": [
          "nosniff"
        ],
        "Date": [
          "Fri, 24 Sep 2021 04:35:00 GMT"
        ],
        "Expires": [
          "-1"
        ],
        "Content-Length": [
          "0"
        ]
      },
      "ResponseBody": "",
      "StatusCode": 200
    }
  ],
  "Names": {
    "EventhubCreateGetUpdateDeleteAuthorizationRules_Length": [
      "azsmnet2715",
      "azsmnet4263",
      "azsmnet2126",
      "azsmnet4804",
      "azsmnet5558",
      "azsmnet2095",
      "azsmnet9560",
      "azsmnet640",
      "azsmnet6891",
      "azsmnet2235",
      "azsmnet1064",
      "azsmnet4826",
      "azsmnet286",
      "azsmnet8829",
      "azsmnet2760",
      "azsmnet9436",
      "azsmnet2510",
      "azsmnet1574",
      "azsmnet5834",
      "azsmnet7128",
      "azsmnet1625",
      "azsmnet4876",
      "azsmnet8004",
      "Default-EventHub-3634",
      "sdk-NS-6819"
    ]
  },
  "Variables": {
    "SubscriptionId": "326100e2-f69d-4268-8503-075374f62b6e",
    "CreatePrimaryKey": "T8V7yY5lllI8napiUvl/cgdEpNmZyKipgzsrrPFBF2E=",
    "UpdatePrimaryKey": "Cn2IrMmfulMXII35uGIX5uf4d9bE183IL7t4YzUEKM0="
  }
}