{
  "Entries": [
    {
      "RequestUri": "https://management.azure.com/subscriptions/db1ab6f0-4769-4b27-930e-01e2ef9c123c?api-version=2019-11-01",
      "RequestMethod": "GET",
      "RequestHeaders": {
        "Accept": "application/json",
        "Authorization": "Sanitized",
        "traceparent": "00-48ed8ea2bf38c247abe3dbb22e5cbf3e-973eb277e13e1f42-00",
        "User-Agent": [
          "azsdk-net-ResourceManager/1.0.0-beta.5",
          "(.NET Core 3.1.21; Microsoft Windows 10.0.19043)"
        ],
        "x-ms-client-request-id": "3189bd05c547f8041163fd0b0697372f",
        "x-ms-return-client-request-id": "true"
      },
      "RequestBody": null,
      "StatusCode": 200,
      "ResponseHeaders": {
        "Cache-Control": "no-cache",
        "Content-Length": "468",
        "Content-Type": "application/json; charset=utf-8",
        "Date": "Wed, 17 Nov 2021 06:26:26 GMT",
        "Expires": "-1",
        "Pragma": "no-cache",
        "Strict-Transport-Security": "max-age=31536000; includeSubDomains",
        "X-Content-Type-Options": "nosniff",
        "x-ms-correlation-request-id": "b6c9f466-8729-4610-97b0-e80cbcdbaade",
        "x-ms-ratelimit-remaining-subscription-reads": "11675",
        "x-ms-request-id": "b6c9f466-8729-4610-97b0-e80cbcdbaade",
        "x-ms-routing-request-id": "SOUTHEASTASIA:20211117T062627Z:b6c9f466-8729-4610-97b0-e80cbcdbaade"
      },
      "ResponseBody": {
        "id": "/subscriptions/db1ab6f0-4769-4b27-930e-01e2ef9c123c",
        "authorizationSource": "RoleBased",
        "managedByTenants": [],
        "tags": {
          "tagKey1": "tagValue1",
          "tagKey2": "tagValue2"
        },
        "subscriptionId": "db1ab6f0-4769-4b27-930e-01e2ef9c123c",
        "tenantId": "72f988bf-86f1-41af-91ab-2d7cd011db47",
        "displayName": ".NET Mgmt SDK Test with TTL = 1 Day",
        "state": "Enabled",
        "subscriptionPolicies": {
          "locationPlacementId": "Internal_2014-09-01",
          "quotaId": "Internal_2014-09-01",
          "spendingLimit": "Off"
        }
      }
    },
    {
      "RequestUri": "https://management.azure.com/subscriptions/db1ab6f0-4769-4b27-930e-01e2ef9c123c/resourcegroups/Default-AppConfiguration-7848?api-version=2019-10-01",
      "RequestMethod": "PUT",
      "RequestHeaders": {
        "Accept": "application/json",
        "Authorization": "Sanitized",
        "Content-Length": "21",
        "Content-Type": "application/json",
        "User-Agent": [
          "azsdk-net-ResourceManager/1.0.0-beta.5",
          "(.NET Core 3.1.21; Microsoft Windows 10.0.19043)"
        ],
        "x-ms-client-request-id": "43117144077b513fdc7f5f225a7986cc",
        "x-ms-return-client-request-id": "true"
      },
      "RequestBody": {
        "location": "eastus"
      },
      "StatusCode": 201,
      "ResponseHeaders": {
        "Cache-Control": "no-cache",
        "Content-Length": "255",
        "Content-Type": "application/json; charset=utf-8",
        "Date": "Wed, 17 Nov 2021 06:26:27 GMT",
        "Expires": "-1",
        "Pragma": "no-cache",
        "Strict-Transport-Security": "max-age=31536000; includeSubDomains",
        "X-Content-Type-Options": "nosniff",
        "x-ms-correlation-request-id": "61bf9a01-4af7-43ca-8e15-265e35968ff3",
        "x-ms-ratelimit-remaining-subscription-writes": "1195",
        "x-ms-request-id": "61bf9a01-4af7-43ca-8e15-265e35968ff3",
        "x-ms-routing-request-id": "SOUTHEASTASIA:20211117T062628Z:61bf9a01-4af7-43ca-8e15-265e35968ff3"
      },
      "ResponseBody": {
        "id": "/subscriptions/db1ab6f0-4769-4b27-930e-01e2ef9c123c/resourceGroups/Default-AppConfiguration-7848",
        "name": "Default-AppConfiguration-7848",
        "type": "Microsoft.Resources/resourceGroups",
        "location": "eastus",
        "properties": {
          "provisioningState": "Succeeded"
        }
      }
    },
    {
      "RequestUri": "https://management.azure.com/subscriptions/db1ab6f0-4769-4b27-930e-01e2ef9c123c/resourceGroups/Default-AppConfiguration-7848/providers/Microsoft.AppConfiguration/configurationStores/testapp-4276?api-version=2020-06-01",
      "RequestMethod": "PUT",
      "RequestHeaders": {
        "Accept": "application/json",
        "Authorization": "Sanitized",
        "Content-Length": "105",
        "Content-Type": "application/json",
        "User-Agent": [
          "azsdk-net-ResourceManager.AppConfiguration/1.0.0-alpha.20211117.1",
          "(.NET Core 3.1.21; Microsoft Windows 10.0.19043)"
        ],
        "x-ms-client-request-id": "33745e668fa50a01c9286cb0ef8c6d5c",
        "x-ms-return-client-request-id": "true"
      },
      "RequestBody": {
        "sku": {
          "name": "Standard"
        },
        "tags": {},
        "location": "eastus",
        "properties": {
          "publicNetworkAccess": "Disabled"
        }
      },
      "StatusCode": 201,
      "ResponseHeaders": {
        "Azure-AsyncOperation": "https://management.azure.com/subscriptions/db1ab6f0-4769-4b27-930e-01e2ef9c123c/providers/Microsoft.AppConfiguration/locations/eastus/operationsStatus/8b56582c-dfed-7088-ff72-dfd3bfb49bf2?api-version=2020-06-01",
        "Cache-Control": "no-cache",
        "Content-Length": "474",
        "Content-Type": "application/json; charset=utf-8",
        "Date": "Wed, 17 Nov 2021 06:26:30 GMT",
        "Expires": "-1",
        "Pragma": "no-cache",
        "Retry-After": "10",
        "Server": "nginx/1.17.10",
        "Strict-Transport-Security": "max-age=31536000; includeSubDomains",
        "X-Content-Type-Options": "nosniff",
        "x-ms-client-request-id": "33745e668fa50a01c9286cb0ef8c6d5c",
        "x-ms-correlation-request-id": "852f6f1c-5b16-478d-b472-50c3f0fb288b",
        "x-ms-ratelimit-remaining-subscription-writes": "1194",
        "x-ms-request-id": "b2fe18eb-8799-4ec9-96cd-4c7dd10490ef",
        "x-ms-routing-request-id": "SOUTHEASTASIA:20211117T062631Z:852f6f1c-5b16-478d-b472-50c3f0fb288b"
      },
      "ResponseBody": {
        "type": "Microsoft.AppConfiguration/configurationStores",
        "location": "eastus",
        "properties": {
          "provisioningState": "Creating",
          "creationDate": "2021-11-17T06:26:30.3199499\u002B00:00",
          "endpoint": null,
          "encryption": null,
          "privateEndpointConnections": null
        },
        "sku": {
          "name": "Standard"
        },
        "id": "/subscriptions/db1ab6f0-4769-4b27-930e-01e2ef9c123c/resourceGroups/Default-AppConfiguration-7848/providers/Microsoft.AppConfiguration/configurationStores/testapp-4276",
        "name": "testapp-4276",
        "tags": {}
      }
    },
    {
      "RequestUri": "https://management.azure.com/subscriptions/db1ab6f0-4769-4b27-930e-01e2ef9c123c/providers/Microsoft.AppConfiguration/locations/eastus/operationsStatus/8b56582c-dfed-7088-ff72-dfd3bfb49bf2?api-version=2020-06-01",
      "RequestMethod": "GET",
      "RequestHeaders": {
        "Authorization": "Sanitized",
        "User-Agent": [
          "azsdk-net-ResourceManager/1.0.0-beta.5",
          "(.NET Core 3.1.21; Microsoft Windows 10.0.19043)"
        ],
        "x-ms-client-request-id": "399f6531fcc3e19f0f38b1ded3a0edf3",
        "x-ms-return-client-request-id": "true"
      },
      "RequestBody": null,
      "StatusCode": 200,
      "ResponseHeaders": {
        "Azure-AsyncOperation": "https://management.azure.com/subscriptions/db1ab6f0-4769-4b27-930e-01e2ef9c123c/providers/Microsoft.AppConfiguration/locations/eastus/operationsStatus/8b56582c-dfed-7088-ff72-dfd3bfb49bf2?api-version=2020-06-01",
        "Cache-Control": "no-cache",
        "Content-Length": "248",
        "Content-Type": "application/json; charset=utf-8",
        "Date": "Wed, 17 Nov 2021 06:26:31 GMT",
        "Expires": "-1",
        "Pragma": "no-cache",
        "Server": "nginx/1.17.10",
        "Strict-Transport-Security": "max-age=31536000; includeSubDomains",
        "Vary": "Accept-Encoding",
        "X-Content-Type-Options": "nosniff",
        "x-ms-client-request-id": "399f6531fcc3e19f0f38b1ded3a0edf3",
        "x-ms-correlation-request-id": "19aec0d7-002d-4b42-a85d-c45a0b61b1fd",
        "x-ms-ratelimit-remaining-subscription-reads": "11674",
        "x-ms-request-id": "9bbcce8c-859e-439a-afa6-58d081a49aab",
        "x-ms-routing-request-id": "SOUTHEASTASIA:20211117T062631Z:19aec0d7-002d-4b42-a85d-c45a0b61b1fd"
      },
      "ResponseBody": {
        "id": "/subscriptions/db1ab6f0-4769-4b27-930e-01e2ef9c123c/providers/Microsoft.AppConfiguration/locations/eastus/operationsStatus/8b56582c-dfed-7088-ff72-dfd3bfb49bf2",
        "name": "8b56582c-dfed-7088-ff72-dfd3bfb49bf2",
        "status": "Succeeded",
        "error": null
      }
    },
    {
      "RequestUri": "https://management.azure.com/subscriptions/db1ab6f0-4769-4b27-930e-01e2ef9c123c/resourceGroups/Default-AppConfiguration-7848/providers/Microsoft.AppConfiguration/configurationStores/testapp-4276?api-version=2020-06-01",
      "RequestMethod": "GET",
      "RequestHeaders": {
        "Authorization": "Sanitized",
        "User-Agent": [
          "azsdk-net-ResourceManager/1.0.0-beta.5",
          "(.NET Core 3.1.21; Microsoft Windows 10.0.19043)"
        ],
        "x-ms-client-request-id": "401dc6f169936cc860f6fa50c89b282a",
        "x-ms-return-client-request-id": "true"
      },
      "RequestBody": null,
      "StatusCode": 200,
      "ResponseHeaders": {
        "Cache-Control": "no-cache",
        "Content-Length": "553",
        "Content-Type": "application/json; charset=utf-8",
        "Date": "Wed, 17 Nov 2021 06:26:31 GMT",
        "ETag": "W/\u002247004a64-0000-0100-0000-6194a0970000\u0022",
        "Expires": "-1",
        "Pragma": "no-cache",
        "Server": "nginx/1.17.10",
        "Strict-Transport-Security": "max-age=31536000; includeSubDomains",
        "Vary": "Accept-Encoding",
        "X-Content-Type-Options": "nosniff",
        "x-ms-client-request-id": "401dc6f169936cc860f6fa50c89b282a",
        "x-ms-correlation-request-id": "f8baf5eb-a634-4777-b6ed-964c6e478151",
        "x-ms-ratelimit-remaining-subscription-reads": "11673",
        "x-ms-request-id": "f6f76ee9-1b07-4c07-b217-59fda816a36c",
        "x-ms-routing-request-id": "SOUTHEASTASIA:20211117T062632Z:f8baf5eb-a634-4777-b6ed-964c6e478151"
      },
      "ResponseBody": {
        "type": "Microsoft.AppConfiguration/configurationStores",
        "location": "eastus",
        "properties": {
          "provisioningState": "Succeeded",
          "creationDate": "2021-11-17T06:26:30\u002B00:00",
          "endpoint": "https://testapp-4276.azconfig.io",
          "encryption": {
            "keyVaultProperties": null
          },
          "privateEndpointConnections": null,
          "publicNetworkAccess": "Disabled"
        },
        "sku": {
          "name": "standard"
        },
        "id": "/subscriptions/db1ab6f0-4769-4b27-930e-01e2ef9c123c/resourceGroups/default-appconfiguration-7848/providers/Microsoft.AppConfiguration/configurationStores/testapp-4276",
        "name": "testapp-4276",
        "tags": {}
      }
    },
    {
      "RequestUri": "https://management.azure.com/subscriptions/db1ab6f0-4769-4b27-930e-01e2ef9c123c/resourceGroups/Default-AppConfiguration-7848/providers/Microsoft.Network/virtualNetworks/vnetname3824?api-version=2021-02-01",
      "RequestMethod": "PUT",
      "RequestHeaders": {
        "Accept": "application/json",
        "Authorization": "Sanitized",
        "Content-Length": "267",
        "Content-Type": "application/json",
        "User-Agent": [
          "azsdk-net-ResourceManager.Network/1.0.0-beta.3",
          "(.NET Core 3.1.21; Microsoft Windows 10.0.19043)"
        ],
        "x-ms-client-request-id": "897f8f9034ec4098991153a4481eaa98",
        "x-ms-return-client-request-id": "true"
      },
      "RequestBody": {
        "location": "eastus",
        "properties": {
          "addressSpace": {
            "addressPrefixes": [
              "10.0.0.0/16"
            ]
          },
          "dhcpOptions": {
            "dnsServers": [
              "10.1.1.1",
              "10.1.2.4"
            ]
          },
          "subnets": [
            {
              "name": "subnetname2131",
              "properties": {
                "addressPrefix": "10.0.0.0/24",
                "privateEndpointNetworkPolicies": "Disabled"
              }
            }
          ]
        }
      },
      "StatusCode": 201,
      "ResponseHeaders": {
        "Azure-AsyncNotification": "Enabled",
        "Azure-AsyncOperation": "https://management.azure.com/subscriptions/db1ab6f0-4769-4b27-930e-01e2ef9c123c/providers/Microsoft.Network/locations/eastus/operations/e77ff2b5-bf61-4f22-a0a0-d72747333c9f?api-version=2021-02-01",
        "Cache-Control": "no-cache",
        "Content-Length": "1381",
        "Content-Type": "application/json; charset=utf-8",
        "Date": "Wed, 17 Nov 2021 06:26:34 GMT",
        "Expires": "-1",
        "Pragma": "no-cache",
        "Retry-After": "3",
        "Server": [
          "Microsoft-HTTPAPI/2.0",
          "Microsoft-HTTPAPI/2.0"
        ],
        "Strict-Transport-Security": "max-age=31536000; includeSubDomains",
        "X-Content-Type-Options": "nosniff",
        "x-ms-arm-service-request-id": "0c030253-01a9-4d25-98c0-9f4cfb0522c7",
        "x-ms-client-request-id": "897f8f9034ec4098991153a4481eaa98",
        "x-ms-correlation-request-id": "dd08e268-ca8e-4de3-a1f6-8969dd3d4f25",
        "x-ms-ratelimit-remaining-subscription-writes": "1193",
        "x-ms-request-id": "e77ff2b5-bf61-4f22-a0a0-d72747333c9f",
        "x-ms-routing-request-id": "SOUTHEASTASIA:20211117T062635Z:dd08e268-ca8e-4de3-a1f6-8969dd3d4f25"
      },
      "ResponseBody": [
        "{\r\n",
        "  \u0022name\u0022: \u0022vnetname3824\u0022,\r\n",
        "  \u0022id\u0022: \u0022/subscriptions/db1ab6f0-4769-4b27-930e-01e2ef9c123c/resourceGroups/Default-AppConfiguration-7848/providers/Microsoft.Network/virtualNetworks/vnetname3824\u0022,\r\n",
        "  \u0022etag\u0022: \u0022W/\\\u002221018056-a6c2-4779-9b26-b5f45293d400\\\u0022\u0022,\r\n",
        "  \u0022type\u0022: \u0022Microsoft.Network/virtualNetworks\u0022,\r\n",
        "  \u0022location\u0022: \u0022eastus\u0022,\r\n",
        "  \u0022properties\u0022: {\r\n",
        "    \u0022provisioningState\u0022: \u0022Updating\u0022,\r\n",
        "    \u0022resourceGuid\u0022: \u0022843b8d85-304d-43fd-a01a-5ecfddd069f5\u0022,\r\n",
        "    \u0022addressSpace\u0022: {\r\n",
        "      \u0022addressPrefixes\u0022: [\r\n",
        "        \u002210.0.0.0/16\u0022\r\n",
        "      ]\r\n",
        "    },\r\n",
        "    \u0022dhcpOptions\u0022: {\r\n",
        "      \u0022dnsServers\u0022: [\r\n",
        "        \u002210.1.1.1\u0022,\r\n",
        "        \u002210.1.2.4\u0022\r\n",
        "      ]\r\n",
        "    },\r\n",
        "    \u0022subnets\u0022: [\r\n",
        "      {\r\n",
        "        \u0022name\u0022: \u0022subnetname2131\u0022,\r\n",
        "        \u0022id\u0022: \u0022/subscriptions/db1ab6f0-4769-4b27-930e-01e2ef9c123c/resourceGroups/Default-AppConfiguration-7848/providers/Microsoft.Network/virtualNetworks/vnetname3824/subnets/subnetname2131\u0022,\r\n",
        "        \u0022etag\u0022: \u0022W/\\\u002221018056-a6c2-4779-9b26-b5f45293d400\\\u0022\u0022,\r\n",
        "        \u0022properties\u0022: {\r\n",
        "          \u0022provisioningState\u0022: \u0022Updating\u0022,\r\n",
        "          \u0022addressPrefix\u0022: \u002210.0.0.0/24\u0022,\r\n",
        "          \u0022delegations\u0022: [],\r\n",
        "          \u0022privateEndpointNetworkPolicies\u0022: \u0022Disabled\u0022,\r\n",
        "          \u0022privateLinkServiceNetworkPolicies\u0022: \u0022Enabled\u0022\r\n",
        "        },\r\n",
        "        \u0022type\u0022: \u0022Microsoft.Network/virtualNetworks/subnets\u0022\r\n",
        "      }\r\n",
        "    ],\r\n",
        "    \u0022virtualNetworkPeerings\u0022: [],\r\n",
        "    \u0022enableDdosProtection\u0022: false\r\n",
        "  }\r\n",
        "}"
      ]
    },
    {
      "RequestUri": "https://management.azure.com/subscriptions/db1ab6f0-4769-4b27-930e-01e2ef9c123c/providers/Microsoft.Network/locations/eastus/operations/e77ff2b5-bf61-4f22-a0a0-d72747333c9f?api-version=2021-02-01",
      "RequestMethod": "GET",
      "RequestHeaders": {
        "Authorization": "Sanitized",
        "User-Agent": [
          "azsdk-net-ResourceManager/1.0.0-beta.5",
          "(.NET Core 3.1.21; Microsoft Windows 10.0.19043)"
        ],
        "x-ms-client-request-id": "434e860f6321bd062ddca68116232442",
        "x-ms-return-client-request-id": "true"
      },
      "RequestBody": null,
      "StatusCode": 200,
      "ResponseHeaders": {
        "Cache-Control": "no-cache",
        "Content-Length": "30",
        "Content-Type": "application/json; charset=utf-8",
        "Date": "Wed, 17 Nov 2021 06:26:35 GMT",
        "Expires": "-1",
        "Pragma": "no-cache",
        "Retry-After": "10",
        "Server": [
          "Microsoft-HTTPAPI/2.0",
          "Microsoft-HTTPAPI/2.0"
        ],
        "Strict-Transport-Security": "max-age=31536000; includeSubDomains",
        "X-Content-Type-Options": "nosniff",
        "x-ms-arm-service-request-id": "d21b10ef-7ac2-40ff-913a-385d4eceb5c9",
        "x-ms-client-request-id": "434e860f6321bd062ddca68116232442",
        "x-ms-correlation-request-id": "ed1fa478-5c41-43dd-80e9-061dc32af8d0",
        "x-ms-ratelimit-remaining-subscription-reads": "11672",
        "x-ms-request-id": "4715e18b-e0a1-402e-9707-c9746f3db573",
        "x-ms-routing-request-id": "SOUTHEASTASIA:20211117T062635Z:ed1fa478-5c41-43dd-80e9-061dc32af8d0"
      },
      "ResponseBody": [
        "{\r\n",
        "  \u0022status\u0022: \u0022InProgress\u0022\r\n",
        "}"
      ]
    },
    {
      "RequestUri": "https://management.azure.com/subscriptions/db1ab6f0-4769-4b27-930e-01e2ef9c123c/providers/Microsoft.Network/locations/eastus/operations/e77ff2b5-bf61-4f22-a0a0-d72747333c9f?api-version=2021-02-01",
      "RequestMethod": "GET",
      "RequestHeaders": {
        "Authorization": "Sanitized",
        "User-Agent": [
          "azsdk-net-ResourceManager/1.0.0-beta.5",
          "(.NET Core 3.1.21; Microsoft Windows 10.0.19043)"
        ],
        "x-ms-client-request-id": "f3e9624b0d2737a946b6edb95ccc3f4a",
        "x-ms-return-client-request-id": "true"
      },
      "RequestBody": null,
      "StatusCode": 200,
      "ResponseHeaders": {
        "Cache-Control": "no-cache",
        "Content-Length": "29",
        "Content-Type": "application/json; charset=utf-8",
        "Date": "Wed, 17 Nov 2021 06:26:36 GMT",
        "Expires": "-1",
        "Pragma": "no-cache",
        "Server": [
          "Microsoft-HTTPAPI/2.0",
          "Microsoft-HTTPAPI/2.0"
        ],
        "Strict-Transport-Security": "max-age=31536000; includeSubDomains",
        "X-Content-Type-Options": "nosniff",
        "x-ms-arm-service-request-id": "49727b15-24e1-4d16-b44a-401baaeaf029",
        "x-ms-client-request-id": "f3e9624b0d2737a946b6edb95ccc3f4a",
        "x-ms-correlation-request-id": "42822613-276e-4697-9dba-b8478b33d08e",
        "x-ms-ratelimit-remaining-subscription-reads": "11671",
        "x-ms-request-id": "902482fe-13b2-40f2-b82f-3bab30708bf2",
        "x-ms-routing-request-id": "SOUTHEASTASIA:20211117T062637Z:42822613-276e-4697-9dba-b8478b33d08e"
      },
      "ResponseBody": [
        "{\r\n",
        "  \u0022status\u0022: \u0022Succeeded\u0022\r\n",
        "}"
      ]
    },
    {
      "RequestUri": "https://management.azure.com/subscriptions/db1ab6f0-4769-4b27-930e-01e2ef9c123c/resourceGroups/Default-AppConfiguration-7848/providers/Microsoft.Network/virtualNetworks/vnetname3824?api-version=2021-02-01",
      "RequestMethod": "GET",
      "RequestHeaders": {
        "Authorization": "Sanitized",
        "User-Agent": [
          "azsdk-net-ResourceManager/1.0.0-beta.5",
          "(.NET Core 3.1.21; Microsoft Windows 10.0.19043)"
        ],
        "x-ms-client-request-id": "c194def867cf0376ceb6eda4b1c8b279",
        "x-ms-return-client-request-id": "true"
      },
      "RequestBody": null,
      "StatusCode": 200,
      "ResponseHeaders": {
        "Cache-Control": "no-cache",
        "Content-Length": "1383",
        "Content-Type": "application/json; charset=utf-8",
        "Date": "Wed, 17 Nov 2021 06:26:36 GMT",
        "ETag": "W/\u0022c05269b7-5f94-4f46-9e4c-f4fa825b394d\u0022",
        "Expires": "-1",
        "Pragma": "no-cache",
        "Server": [
          "Microsoft-HTTPAPI/2.0",
          "Microsoft-HTTPAPI/2.0"
        ],
        "Strict-Transport-Security": "max-age=31536000; includeSubDomains",
        "X-Content-Type-Options": "nosniff",
        "x-ms-arm-service-request-id": "901eb59e-1033-4943-b204-5fc2faa307c0",
        "x-ms-client-request-id": "c194def867cf0376ceb6eda4b1c8b279",
        "x-ms-correlation-request-id": "1ce63195-27c4-4d27-acb7-14a8291b3177",
        "x-ms-ratelimit-remaining-subscription-reads": "11670",
        "x-ms-request-id": "e2e33c83-e042-4edc-9385-f014ebb27d4b",
        "x-ms-routing-request-id": "SOUTHEASTASIA:20211117T062637Z:1ce63195-27c4-4d27-acb7-14a8291b3177"
      },
      "ResponseBody": [
        "{\r\n",
        "  \u0022name\u0022: \u0022vnetname3824\u0022,\r\n",
        "  \u0022id\u0022: \u0022/subscriptions/db1ab6f0-4769-4b27-930e-01e2ef9c123c/resourceGroups/Default-AppConfiguration-7848/providers/Microsoft.Network/virtualNetworks/vnetname3824\u0022,\r\n",
        "  \u0022etag\u0022: \u0022W/\\\u0022c05269b7-5f94-4f46-9e4c-f4fa825b394d\\\u0022\u0022,\r\n",
        "  \u0022type\u0022: \u0022Microsoft.Network/virtualNetworks\u0022,\r\n",
        "  \u0022location\u0022: \u0022eastus\u0022,\r\n",
        "  \u0022properties\u0022: {\r\n",
        "    \u0022provisioningState\u0022: \u0022Succeeded\u0022,\r\n",
        "    \u0022resourceGuid\u0022: \u0022843b8d85-304d-43fd-a01a-5ecfddd069f5\u0022,\r\n",
        "    \u0022addressSpace\u0022: {\r\n",
        "      \u0022addressPrefixes\u0022: [\r\n",
        "        \u002210.0.0.0/16\u0022\r\n",
        "      ]\r\n",
        "    },\r\n",
        "    \u0022dhcpOptions\u0022: {\r\n",
        "      \u0022dnsServers\u0022: [\r\n",
        "        \u002210.1.1.1\u0022,\r\n",
        "        \u002210.1.2.4\u0022\r\n",
        "      ]\r\n",
        "    },\r\n",
        "    \u0022subnets\u0022: [\r\n",
        "      {\r\n",
        "        \u0022name\u0022: \u0022subnetname2131\u0022,\r\n",
        "        \u0022id\u0022: \u0022/subscriptions/db1ab6f0-4769-4b27-930e-01e2ef9c123c/resourceGroups/Default-AppConfiguration-7848/providers/Microsoft.Network/virtualNetworks/vnetname3824/subnets/subnetname2131\u0022,\r\n",
        "        \u0022etag\u0022: \u0022W/\\\u0022c05269b7-5f94-4f46-9e4c-f4fa825b394d\\\u0022\u0022,\r\n",
        "        \u0022properties\u0022: {\r\n",
        "          \u0022provisioningState\u0022: \u0022Succeeded\u0022,\r\n",
        "          \u0022addressPrefix\u0022: \u002210.0.0.0/24\u0022,\r\n",
        "          \u0022delegations\u0022: [],\r\n",
        "          \u0022privateEndpointNetworkPolicies\u0022: \u0022Disabled\u0022,\r\n",
        "          \u0022privateLinkServiceNetworkPolicies\u0022: \u0022Enabled\u0022\r\n",
        "        },\r\n",
        "        \u0022type\u0022: \u0022Microsoft.Network/virtualNetworks/subnets\u0022\r\n",
        "      }\r\n",
        "    ],\r\n",
        "    \u0022virtualNetworkPeerings\u0022: [],\r\n",
        "    \u0022enableDdosProtection\u0022: false\r\n",
        "  }\r\n",
        "}"
      ]
    },
    {
      "RequestUri": "https://management.azure.com/subscriptions/db1ab6f0-4769-4b27-930e-01e2ef9c123c/resourceGroups/Default-AppConfiguration-7848/providers/Microsoft.Network/privateEndpoints/endpointxyz5816?api-version=2021-02-01",
      "RequestMethod": "PUT",
      "RequestHeaders": {
        "Accept": "application/json",
        "Authorization": "Sanitized",
        "Content-Length": "595",
        "Content-Type": "application/json",
        "User-Agent": [
          "azsdk-net-ResourceManager.Network/1.0.0-beta.3",
          "(.NET Core 3.1.21; Microsoft Windows 10.0.19043)"
        ],
        "x-ms-client-request-id": "9e80960f2565024cdd16fd6a764d6161",
        "x-ms-return-client-request-id": "true"
      },
      "RequestBody": {
        "location": "eastus",
        "properties": {
          "subnet": {
            "id": "/subscriptions/db1ab6f0-4769-4b27-930e-01e2ef9c123c/resourceGroups/Default-AppConfiguration-7848/providers/Microsoft.Network/virtualNetworks/vnetname3824/subnets/subnetname2131",
            "properties": {}
          },
          "privateLinkServiceConnections": [
            {
              "name": "myconnection",
              "properties": {
                "privateLinkServiceId": "/subscriptions/db1ab6f0-4769-4b27-930e-01e2ef9c123c/resourceGroups/default-appconfiguration-7848/providers/Microsoft.AppConfiguration/configurationStores/testapp-4276",
                "groupIds": [
                  "configurationStores"
                ],
                "requestMessage": "Please approve my connection"
              }
            }
          ]
        }
      },
      "StatusCode": 201,
      "ResponseHeaders": {
        "Azure-AsyncNotification": "Enabled",
        "Azure-AsyncOperation": "https://management.azure.com/subscriptions/db1ab6f0-4769-4b27-930e-01e2ef9c123c/providers/Microsoft.Network/locations/eastus/operations/d3e572ea-cd81-4805-aae9-9c9e41f8d9ef?api-version=2021-02-01",
        "Cache-Control": "no-cache",
        "Content-Length": "2106",
        "Content-Type": "application/json; charset=utf-8",
        "Date": "Wed, 17 Nov 2021 06:26:40 GMT",
        "Expires": "-1",
        "Pragma": "no-cache",
        "Retry-After": "10",
        "Server": [
          "Microsoft-HTTPAPI/2.0",
          "Microsoft-HTTPAPI/2.0"
        ],
        "Strict-Transport-Security": "max-age=31536000; includeSubDomains",
        "X-Content-Type-Options": "nosniff",
        "x-ms-arm-service-request-id": "72d0eca2-8d75-48ce-af8e-9875de7f19b8",
        "x-ms-client-request-id": "9e80960f2565024cdd16fd6a764d6161",
        "x-ms-correlation-request-id": "97dfd0d4-451c-4156-a50e-8142e0e9a437",
        "x-ms-ratelimit-remaining-subscription-writes": "1192",
        "x-ms-request-id": "d3e572ea-cd81-4805-aae9-9c9e41f8d9ef",
        "x-ms-routing-request-id": "SOUTHEASTASIA:20211117T062641Z:97dfd0d4-451c-4156-a50e-8142e0e9a437"
      },
      "ResponseBody": [
        "{\r\n",
        "  \u0022name\u0022: \u0022endpointxyz5816\u0022,\r\n",
        "  \u0022id\u0022: \u0022/subscriptions/db1ab6f0-4769-4b27-930e-01e2ef9c123c/resourceGroups/Default-AppConfiguration-7848/providers/Microsoft.Network/privateEndpoints/endpointxyz5816\u0022,\r\n",
        "  \u0022etag\u0022: \u0022W/\\\u00227a7b3c8a-3581-440b-9c3b-14273dc42f66\\\u0022\u0022,\r\n",
        "  \u0022type\u0022: \u0022Microsoft.Network/privateEndpoints\u0022,\r\n",
        "  \u0022location\u0022: \u0022eastus\u0022,\r\n",
        "  \u0022properties\u0022: {\r\n",
        "    \u0022provisioningState\u0022: \u0022Updating\u0022,\r\n",
        "    \u0022resourceGuid\u0022: \u00224293a341-e837-46f6-bf87-8622e7522e8d\u0022,\r\n",
        "    \u0022privateLinkServiceConnections\u0022: [\r\n",
        "      {\r\n",
        "        \u0022name\u0022: \u0022myconnection\u0022,\r\n",
        "        \u0022id\u0022: \u0022/subscriptions/db1ab6f0-4769-4b27-930e-01e2ef9c123c/resourceGroups/Default-AppConfiguration-7848/providers/Microsoft.Network/privateEndpoints/endpointxyz5816/privateLinkServiceConnections/myconnection\u0022,\r\n",
        "        \u0022etag\u0022: \u0022W/\\\u00227a7b3c8a-3581-440b-9c3b-14273dc42f66\\\u0022\u0022,\r\n",
        "        \u0022properties\u0022: {\r\n",
        "          \u0022provisioningState\u0022: \u0022Succeeded\u0022,\r\n",
        "          \u0022privateLinkServiceId\u0022: \u0022/subscriptions/db1ab6f0-4769-4b27-930e-01e2ef9c123c/resourceGroups/default-appconfiguration-7848/providers/Microsoft.AppConfiguration/configurationStores/testapp-4276\u0022,\r\n",
        "          \u0022groupIds\u0022: [\r\n",
        "            \u0022configurationStores\u0022\r\n",
        "          ],\r\n",
        "          \u0022requestMessage\u0022: \u0022Please approve my connection\u0022,\r\n",
        "          \u0022privateLinkServiceConnectionState\u0022: {\r\n",
        "            \u0022status\u0022: \u0022Approved\u0022,\r\n",
        "            \u0022description\u0022: \u0022Please approve my connection\u0022,\r\n",
        "            \u0022actionsRequired\u0022: \u0022None\u0022\r\n",
        "          }\r\n",
        "        },\r\n",
        "        \u0022type\u0022: \u0022Microsoft.Network/privateEndpoints/privateLinkServiceConnections\u0022\r\n",
        "      }\r\n",
        "    ],\r\n",
        "    \u0022manualPrivateLinkServiceConnections\u0022: [],\r\n",
        "    \u0022subnet\u0022: {\r\n",
        "      \u0022id\u0022: \u0022/subscriptions/db1ab6f0-4769-4b27-930e-01e2ef9c123c/resourceGroups/Default-AppConfiguration-7848/providers/Microsoft.Network/virtualNetworks/vnetname3824/subnets/subnetname2131\u0022\r\n",
        "    },\r\n",
        "    \u0022networkInterfaces\u0022: [\r\n",
        "      {\r\n",
        "        \u0022id\u0022: \u0022/subscriptions/db1ab6f0-4769-4b27-930e-01e2ef9c123c/resourceGroups/Default-AppConfiguration-7848/providers/Microsoft.Network/networkInterfaces/endpointxyz5816.nic.bba3e885-64d9-42a2-a704-ac11c2e5b1e5\u0022\r\n",
        "      }\r\n",
        "    ],\r\n",
        "    \u0022customDnsConfigs\u0022: []\r\n",
        "  }\r\n",
        "}"
      ]
    },
    {
      "RequestUri": "https://management.azure.com/subscriptions/db1ab6f0-4769-4b27-930e-01e2ef9c123c/providers/Microsoft.Network/locations/eastus/operations/d3e572ea-cd81-4805-aae9-9c9e41f8d9ef?api-version=2021-02-01",
      "RequestMethod": "GET",
      "RequestHeaders": {
        "Authorization": "Sanitized",
        "User-Agent": [
          "azsdk-net-ResourceManager/1.0.0-beta.5",
          "(.NET Core 3.1.21; Microsoft Windows 10.0.19043)"
        ],
        "x-ms-client-request-id": "c6aa7404a04bd2e59292e4b9690b8d81",
        "x-ms-return-client-request-id": "true"
      },
      "RequestBody": null,
      "StatusCode": 200,
      "ResponseHeaders": {
        "Cache-Control": "no-cache",
        "Content-Length": "30",
        "Content-Type": "application/json; charset=utf-8",
        "Date": "Wed, 17 Nov 2021 06:26:41 GMT",
        "Expires": "-1",
        "Pragma": "no-cache",
        "Retry-After": "10",
        "Server": [
          "Microsoft-HTTPAPI/2.0",
          "Microsoft-HTTPAPI/2.0"
        ],
        "Strict-Transport-Security": "max-age=31536000; includeSubDomains",
        "X-Content-Type-Options": "nosniff",
        "x-ms-arm-service-request-id": "a43ccc7a-7351-4392-a14c-32c9181d4157",
        "x-ms-client-request-id": "c6aa7404a04bd2e59292e4b9690b8d81",
        "x-ms-correlation-request-id": "d051522d-5fff-4eee-adb0-054504540dfe",
        "x-ms-ratelimit-remaining-subscription-reads": "11669",
        "x-ms-request-id": "197e8ef1-40c9-488e-b227-0ecc1dc4163d",
        "x-ms-routing-request-id": "SOUTHEASTASIA:20211117T062641Z:d051522d-5fff-4eee-adb0-054504540dfe"
      },
      "ResponseBody": [
        "{\r\n",
        "  \u0022status\u0022: \u0022InProgress\u0022\r\n",
        "}"
      ]
    },
    {
      "RequestUri": "https://management.azure.com/subscriptions/db1ab6f0-4769-4b27-930e-01e2ef9c123c/providers/Microsoft.Network/locations/eastus/operations/d3e572ea-cd81-4805-aae9-9c9e41f8d9ef?api-version=2021-02-01",
      "RequestMethod": "GET",
      "RequestHeaders": {
        "Authorization": "Sanitized",
        "User-Agent": [
          "azsdk-net-ResourceManager/1.0.0-beta.5",
          "(.NET Core 3.1.21; Microsoft Windows 10.0.19043)"
        ],
        "x-ms-client-request-id": "55078c557a3facea239cb28000dae2d8",
        "x-ms-return-client-request-id": "true"
      },
      "RequestBody": null,
      "StatusCode": 200,
      "ResponseHeaders": {
        "Cache-Control": "no-cache",
        "Content-Length": "30",
        "Content-Type": "application/json; charset=utf-8",
        "Date": "Wed, 17 Nov 2021 06:26:42 GMT",
        "Expires": "-1",
        "Pragma": "no-cache",
        "Retry-After": "20",
        "Server": [
          "Microsoft-HTTPAPI/2.0",
          "Microsoft-HTTPAPI/2.0"
        ],
        "Strict-Transport-Security": "max-age=31536000; includeSubDomains",
        "X-Content-Type-Options": "nosniff",
        "x-ms-arm-service-request-id": "b804d21c-8998-490e-b9c7-78014d2c3d9e",
        "x-ms-client-request-id": "55078c557a3facea239cb28000dae2d8",
        "x-ms-correlation-request-id": "a6e7576a-7791-4f8b-999a-ebf26a952f2e",
        "x-ms-ratelimit-remaining-subscription-reads": "11668",
        "x-ms-request-id": "3c1e31f7-5605-40cf-9206-5c05a3e45252",
        "x-ms-routing-request-id": "SOUTHEASTASIA:20211117T062643Z:a6e7576a-7791-4f8b-999a-ebf26a952f2e"
      },
      "ResponseBody": [
        "{\r\n",
        "  \u0022status\u0022: \u0022InProgress\u0022\r\n",
        "}"
      ]
    },
    {
      "RequestUri": "https://management.azure.com/subscriptions/db1ab6f0-4769-4b27-930e-01e2ef9c123c/providers/Microsoft.Network/locations/eastus/operations/d3e572ea-cd81-4805-aae9-9c9e41f8d9ef?api-version=2021-02-01",
      "RequestMethod": "GET",
      "RequestHeaders": {
        "Authorization": "Sanitized",
        "User-Agent": [
          "azsdk-net-ResourceManager/1.0.0-beta.5",
          "(.NET Core 3.1.21; Microsoft Windows 10.0.19043)"
        ],
        "x-ms-client-request-id": "01667f909ba3fc1576b6a4fc7eb97ae0",
        "x-ms-return-client-request-id": "true"
      },
      "RequestBody": null,
      "StatusCode": 200,
      "ResponseHeaders": {
        "Cache-Control": "no-cache",
        "Content-Length": "30",
        "Content-Type": "application/json; charset=utf-8",
        "Date": "Wed, 17 Nov 2021 06:26:43 GMT",
        "Expires": "-1",
        "Pragma": "no-cache",
        "Retry-After": "20",
        "Server": [
          "Microsoft-HTTPAPI/2.0",
          "Microsoft-HTTPAPI/2.0"
        ],
        "Strict-Transport-Security": "max-age=31536000; includeSubDomains",
        "X-Content-Type-Options": "nosniff",
        "x-ms-arm-service-request-id": "5459b234-ef88-4a37-9f91-a3d2028bf3ab",
        "x-ms-client-request-id": "01667f909ba3fc1576b6a4fc7eb97ae0",
        "x-ms-correlation-request-id": "34851ce2-d8bd-45b0-9d02-9835601b2ff5",
        "x-ms-ratelimit-remaining-subscription-reads": "11667",
        "x-ms-request-id": "29d4139a-4170-41b1-9bb6-2b5f664b03aa",
        "x-ms-routing-request-id": "SOUTHEASTASIA:20211117T062644Z:34851ce2-d8bd-45b0-9d02-9835601b2ff5"
      },
      "ResponseBody": [
        "{\r\n",
        "  \u0022status\u0022: \u0022InProgress\u0022\r\n",
        "}"
      ]
    },
    {
      "RequestUri": "https://management.azure.com/subscriptions/db1ab6f0-4769-4b27-930e-01e2ef9c123c/providers/Microsoft.Network/locations/eastus/operations/d3e572ea-cd81-4805-aae9-9c9e41f8d9ef?api-version=2021-02-01",
      "RequestMethod": "GET",
      "RequestHeaders": {
        "Authorization": "Sanitized",
        "User-Agent": [
          "azsdk-net-ResourceManager/1.0.0-beta.5",
          "(.NET Core 3.1.21; Microsoft Windows 10.0.19043)"
        ],
        "x-ms-client-request-id": "931ca45731fc893e89fda2afee64d2b8",
        "x-ms-return-client-request-id": "true"
      },
      "RequestBody": null,
      "StatusCode": 200,
      "ResponseHeaders": {
        "Cache-Control": "no-cache",
        "Content-Length": "30",
        "Content-Type": "application/json; charset=utf-8",
        "Date": "Wed, 17 Nov 2021 06:26:45 GMT",
        "Expires": "-1",
        "Pragma": "no-cache",
        "Retry-After": "40",
        "Server": [
          "Microsoft-HTTPAPI/2.0",
          "Microsoft-HTTPAPI/2.0"
        ],
        "Strict-Transport-Security": "max-age=31536000; includeSubDomains",
        "X-Content-Type-Options": "nosniff",
        "x-ms-arm-service-request-id": "581ad854-e24d-4016-8b2e-9d03438b15b5",
        "x-ms-client-request-id": "931ca45731fc893e89fda2afee64d2b8",
        "x-ms-correlation-request-id": "cf5242c2-f750-4c45-bbc9-e6de2b81117f",
        "x-ms-ratelimit-remaining-subscription-reads": "11666",
        "x-ms-request-id": "63dd70a7-3471-489e-a706-6d17e5596ca1",
        "x-ms-routing-request-id": "SOUTHEASTASIA:20211117T062645Z:cf5242c2-f750-4c45-bbc9-e6de2b81117f"
      },
      "ResponseBody": [
        "{\r\n",
        "  \u0022status\u0022: \u0022InProgress\u0022\r\n",
        "}"
      ]
    },
    {
      "RequestUri": "https://management.azure.com/subscriptions/db1ab6f0-4769-4b27-930e-01e2ef9c123c/providers/Microsoft.Network/locations/eastus/operations/d3e572ea-cd81-4805-aae9-9c9e41f8d9ef?api-version=2021-02-01",
      "RequestMethod": "GET",
      "RequestHeaders": {
        "Authorization": "Sanitized",
        "User-Agent": [
          "azsdk-net-ResourceManager/1.0.0-beta.5",
          "(.NET Core 3.1.21; Microsoft Windows 10.0.19043)"
        ],
        "x-ms-client-request-id": "e9280baf8ba5badd760bde88d6ee2d6a",
        "x-ms-return-client-request-id": "true"
      },
      "RequestBody": null,
      "StatusCode": 200,
      "ResponseHeaders": {
        "Cache-Control": "no-cache",
        "Content-Length": "30",
        "Content-Type": "application/json; charset=utf-8",
        "Date": "Wed, 17 Nov 2021 06:26:46 GMT",
        "Expires": "-1",
        "Pragma": "no-cache",
        "Retry-After": "40",
        "Server": [
          "Microsoft-HTTPAPI/2.0",
          "Microsoft-HTTPAPI/2.0"
        ],
        "Strict-Transport-Security": "max-age=31536000; includeSubDomains",
        "X-Content-Type-Options": "nosniff",
        "x-ms-arm-service-request-id": "761e78f1-8282-4b33-bd75-ea48b7d97b70",
        "x-ms-client-request-id": "e9280baf8ba5badd760bde88d6ee2d6a",
        "x-ms-correlation-request-id": "ae155fbc-0c4c-4e40-86f3-c335564f2650",
        "x-ms-ratelimit-remaining-subscription-reads": "11665",
        "x-ms-request-id": "3b0bef83-18a0-4119-9d98-484936853c05",
        "x-ms-routing-request-id": "SOUTHEASTASIA:20211117T062647Z:ae155fbc-0c4c-4e40-86f3-c335564f2650"
      },
      "ResponseBody": [
        "{\r\n",
        "  \u0022status\u0022: \u0022InProgress\u0022\r\n",
        "}"
      ]
    },
    {
      "RequestUri": "https://management.azure.com/subscriptions/db1ab6f0-4769-4b27-930e-01e2ef9c123c/providers/Microsoft.Network/locations/eastus/operations/d3e572ea-cd81-4805-aae9-9c9e41f8d9ef?api-version=2021-02-01",
      "RequestMethod": "GET",
      "RequestHeaders": {
        "Authorization": "Sanitized",
        "User-Agent": [
          "azsdk-net-ResourceManager/1.0.0-beta.5",
          "(.NET Core 3.1.21; Microsoft Windows 10.0.19043)"
        ],
        "x-ms-client-request-id": "5b29d1214fbd5edb41dc78a5f8660e12",
        "x-ms-return-client-request-id": "true"
      },
      "RequestBody": null,
      "StatusCode": 200,
      "ResponseHeaders": {
        "Cache-Control": "no-cache",
        "Content-Length": "30",
        "Content-Type": "application/json; charset=utf-8",
        "Date": "Wed, 17 Nov 2021 06:26:47 GMT",
        "Expires": "-1",
        "Pragma": "no-cache",
        "Retry-After": "80",
        "Server": [
          "Microsoft-HTTPAPI/2.0",
          "Microsoft-HTTPAPI/2.0"
        ],
        "Strict-Transport-Security": "max-age=31536000; includeSubDomains",
        "X-Content-Type-Options": "nosniff",
        "x-ms-arm-service-request-id": "5f98419a-28f8-481c-9d28-fc9419b0e77b",
        "x-ms-client-request-id": "5b29d1214fbd5edb41dc78a5f8660e12",
        "x-ms-correlation-request-id": "7ad49733-4c04-4605-9534-4c90e2e2f954",
        "x-ms-ratelimit-remaining-subscription-reads": "11664",
        "x-ms-request-id": "de32a90b-2794-400a-9947-e6cf234cb412",
        "x-ms-routing-request-id": "SOUTHEASTASIA:20211117T062648Z:7ad49733-4c04-4605-9534-4c90e2e2f954"
      },
      "ResponseBody": [
        "{\r\n",
        "  \u0022status\u0022: \u0022InProgress\u0022\r\n",
        "}"
      ]
    },
    {
      "RequestUri": "https://management.azure.com/subscriptions/db1ab6f0-4769-4b27-930e-01e2ef9c123c/providers/Microsoft.Network/locations/eastus/operations/d3e572ea-cd81-4805-aae9-9c9e41f8d9ef?api-version=2021-02-01",
      "RequestMethod": "GET",
      "RequestHeaders": {
        "Authorization": "Sanitized",
        "User-Agent": [
          "azsdk-net-ResourceManager/1.0.0-beta.5",
          "(.NET Core 3.1.21; Microsoft Windows 10.0.19043)"
        ],
        "x-ms-client-request-id": "734cece49190cb3ac6621df152b5b39b",
        "x-ms-return-client-request-id": "true"
      },
      "RequestBody": null,
      "StatusCode": 200,
      "ResponseHeaders": {
        "Cache-Control": "no-cache",
        "Content-Length": "30",
        "Content-Type": "application/json; charset=utf-8",
        "Date": "Wed, 17 Nov 2021 06:26:48 GMT",
        "Expires": "-1",
        "Pragma": "no-cache",
        "Retry-After": "80",
        "Server": [
          "Microsoft-HTTPAPI/2.0",
          "Microsoft-HTTPAPI/2.0"
        ],
        "Strict-Transport-Security": "max-age=31536000; includeSubDomains",
        "X-Content-Type-Options": "nosniff",
        "x-ms-arm-service-request-id": "c7eae478-68dc-4144-8f1c-d6d40ced4626",
        "x-ms-client-request-id": "734cece49190cb3ac6621df152b5b39b",
        "x-ms-correlation-request-id": "178b9293-b3f6-412e-9af3-f32326bdb09a",
        "x-ms-ratelimit-remaining-subscription-reads": "11663",
        "x-ms-request-id": "12241a5d-26dd-44c1-abaf-1c330b9a1a01",
        "x-ms-routing-request-id": "SOUTHEASTASIA:20211117T062649Z:178b9293-b3f6-412e-9af3-f32326bdb09a"
      },
      "ResponseBody": [
        "{\r\n",
        "  \u0022status\u0022: \u0022InProgress\u0022\r\n",
        "}"
      ]
    },
    {
      "RequestUri": "https://management.azure.com/subscriptions/db1ab6f0-4769-4b27-930e-01e2ef9c123c/providers/Microsoft.Network/locations/eastus/operations/d3e572ea-cd81-4805-aae9-9c9e41f8d9ef?api-version=2021-02-01",
      "RequestMethod": "GET",
      "RequestHeaders": {
        "Authorization": "Sanitized",
        "User-Agent": [
          "azsdk-net-ResourceManager/1.0.0-beta.5",
          "(.NET Core 3.1.21; Microsoft Windows 10.0.19043)"
        ],
        "x-ms-client-request-id": "1c8e38cf763b60fa2fcaa8c91338c10f",
        "x-ms-return-client-request-id": "true"
      },
      "RequestBody": null,
      "StatusCode": 200,
      "ResponseHeaders": {
        "Cache-Control": "no-cache",
        "Content-Length": "30",
        "Content-Type": "application/json; charset=utf-8",
        "Date": "Wed, 17 Nov 2021 06:26:50 GMT",
        "Expires": "-1",
        "Pragma": "no-cache",
        "Retry-After": "160",
        "Server": [
          "Microsoft-HTTPAPI/2.0",
          "Microsoft-HTTPAPI/2.0"
        ],
        "Strict-Transport-Security": "max-age=31536000; includeSubDomains",
        "X-Content-Type-Options": "nosniff",
        "x-ms-arm-service-request-id": "3a13b384-b0f5-4b91-8120-0436223512aa",
        "x-ms-client-request-id": "1c8e38cf763b60fa2fcaa8c91338c10f",
        "x-ms-correlation-request-id": "97a1ca25-8e4d-461b-9437-fb226caaf443",
        "x-ms-ratelimit-remaining-subscription-reads": "11662",
        "x-ms-request-id": "f76c1ad8-7c07-40c2-b254-38cc86bc916c",
        "x-ms-routing-request-id": "SOUTHEASTASIA:20211117T062651Z:97a1ca25-8e4d-461b-9437-fb226caaf443"
      },
      "ResponseBody": [
        "{\r\n",
        "  \u0022status\u0022: \u0022InProgress\u0022\r\n",
        "}"
      ]
    },
    {
      "RequestUri": "https://management.azure.com/subscriptions/db1ab6f0-4769-4b27-930e-01e2ef9c123c/providers/Microsoft.Network/locations/eastus/operations/d3e572ea-cd81-4805-aae9-9c9e41f8d9ef?api-version=2021-02-01",
      "RequestMethod": "GET",
      "RequestHeaders": {
        "Authorization": "Sanitized",
        "User-Agent": [
          "azsdk-net-ResourceManager/1.0.0-beta.5",
          "(.NET Core 3.1.21; Microsoft Windows 10.0.19043)"
        ],
        "x-ms-client-request-id": "e9a4ccfcbaa190da975d945b32ea0c8c",
        "x-ms-return-client-request-id": "true"
      },
      "RequestBody": null,
      "StatusCode": 200,
      "ResponseHeaders": {
        "Cache-Control": "no-cache",
        "Content-Length": "30",
        "Content-Type": "application/json; charset=utf-8",
        "Date": "Wed, 17 Nov 2021 06:26:51 GMT",
        "Expires": "-1",
        "Pragma": "no-cache",
        "Retry-After": "160",
        "Server": [
          "Microsoft-HTTPAPI/2.0",
          "Microsoft-HTTPAPI/2.0"
        ],
        "Strict-Transport-Security": "max-age=31536000; includeSubDomains",
        "X-Content-Type-Options": "nosniff",
        "x-ms-arm-service-request-id": "641b3bbd-fd84-4b4d-988d-43ad7facafcb",
        "x-ms-client-request-id": "e9a4ccfcbaa190da975d945b32ea0c8c",
        "x-ms-correlation-request-id": "fa26e511-0d93-4777-8100-1daf35929a40",
        "x-ms-ratelimit-remaining-subscription-reads": "11661",
        "x-ms-request-id": "e6b5d1b1-1832-4a6d-b113-03395b3a34f1",
        "x-ms-routing-request-id": "SOUTHEASTASIA:20211117T062652Z:fa26e511-0d93-4777-8100-1daf35929a40"
      },
      "ResponseBody": [
        "{\r\n",
        "  \u0022status\u0022: \u0022InProgress\u0022\r\n",
        "}"
      ]
    },
    {
      "RequestUri": "https://management.azure.com/subscriptions/db1ab6f0-4769-4b27-930e-01e2ef9c123c/providers/Microsoft.Network/locations/eastus/operations/d3e572ea-cd81-4805-aae9-9c9e41f8d9ef?api-version=2021-02-01",
      "RequestMethod": "GET",
      "RequestHeaders": {
        "Authorization": "Sanitized",
        "User-Agent": [
          "azsdk-net-ResourceManager/1.0.0-beta.5",
          "(.NET Core 3.1.21; Microsoft Windows 10.0.19043)"
        ],
        "x-ms-client-request-id": "c0d5dc28f2d86dd6f2ec44c6e871b78e",
        "x-ms-return-client-request-id": "true"
      },
      "RequestBody": null,
      "StatusCode": 200,
      "ResponseHeaders": {
        "Cache-Control": "no-cache",
        "Content-Length": "30",
        "Content-Type": "application/json; charset=utf-8",
        "Date": "Wed, 17 Nov 2021 06:26:53 GMT",
        "Expires": "-1",
        "Pragma": "no-cache",
        "Retry-After": "100",
        "Server": [
          "Microsoft-HTTPAPI/2.0",
          "Microsoft-HTTPAPI/2.0"
        ],
        "Strict-Transport-Security": "max-age=31536000; includeSubDomains",
        "X-Content-Type-Options": "nosniff",
        "x-ms-arm-service-request-id": "e818eb6f-041a-4eff-a153-fddc5e5379ed",
        "x-ms-client-request-id": "c0d5dc28f2d86dd6f2ec44c6e871b78e",
        "x-ms-correlation-request-id": "66966437-7736-4961-bcb3-70333b114cde",
        "x-ms-ratelimit-remaining-subscription-reads": "11660",
        "x-ms-request-id": "fe12b42f-ec49-4fff-8de7-1e900b2b13a6",
        "x-ms-routing-request-id": "SOUTHEASTASIA:20211117T062653Z:66966437-7736-4961-bcb3-70333b114cde"
      },
      "ResponseBody": [
        "{\r\n",
        "  \u0022status\u0022: \u0022InProgress\u0022\r\n",
        "}"
      ]
    },
    {
      "RequestUri": "https://management.azure.com/subscriptions/db1ab6f0-4769-4b27-930e-01e2ef9c123c/providers/Microsoft.Network/locations/eastus/operations/d3e572ea-cd81-4805-aae9-9c9e41f8d9ef?api-version=2021-02-01",
      "RequestMethod": "GET",
      "RequestHeaders": {
        "Authorization": "Sanitized",
        "User-Agent": [
          "azsdk-net-ResourceManager/1.0.0-beta.5",
          "(.NET Core 3.1.21; Microsoft Windows 10.0.19043)"
        ],
        "x-ms-client-request-id": "86f50da0c91115fa5efe85dde19e2d45",
        "x-ms-return-client-request-id": "true"
      },
      "RequestBody": null,
      "StatusCode": 200,
      "ResponseHeaders": {
        "Cache-Control": "no-cache",
        "Content-Length": "30",
        "Content-Type": "application/json; charset=utf-8",
        "Date": "Wed, 17 Nov 2021 06:26:54 GMT",
        "Expires": "-1",
        "Pragma": "no-cache",
        "Retry-After": "100",
        "Server": [
          "Microsoft-HTTPAPI/2.0",
          "Microsoft-HTTPAPI/2.0"
        ],
        "Strict-Transport-Security": "max-age=31536000; includeSubDomains",
        "X-Content-Type-Options": "nosniff",
        "x-ms-arm-service-request-id": "556fb21a-97de-432e-aa28-2513109947a5",
        "x-ms-client-request-id": "86f50da0c91115fa5efe85dde19e2d45",
        "x-ms-correlation-request-id": "1f4be636-79ad-4239-8ae4-de0c12cb987a",
        "x-ms-ratelimit-remaining-subscription-reads": "11659",
        "x-ms-request-id": "a56b6812-aab1-4069-9093-97bf6a8c742b",
        "x-ms-routing-request-id": "SOUTHEASTASIA:20211117T062655Z:1f4be636-79ad-4239-8ae4-de0c12cb987a"
      },
      "ResponseBody": [
        "{\r\n",
        "  \u0022status\u0022: \u0022InProgress\u0022\r\n",
        "}"
      ]
    },
    {
      "RequestUri": "https://management.azure.com/subscriptions/db1ab6f0-4769-4b27-930e-01e2ef9c123c/providers/Microsoft.Network/locations/eastus/operations/d3e572ea-cd81-4805-aae9-9c9e41f8d9ef?api-version=2021-02-01",
      "RequestMethod": "GET",
      "RequestHeaders": {
        "Authorization": "Sanitized",
        "User-Agent": [
          "azsdk-net-ResourceManager/1.0.0-beta.5",
          "(.NET Core 3.1.21; Microsoft Windows 10.0.19043)"
        ],
        "x-ms-client-request-id": "37a11bbd01630937f536f7b57513a725",
        "x-ms-return-client-request-id": "true"
      },
      "RequestBody": null,
      "StatusCode": 200,
      "ResponseHeaders": {
        "Cache-Control": "no-cache",
        "Content-Length": "30",
        "Content-Type": "application/json; charset=utf-8",
        "Date": "Wed, 17 Nov 2021 06:26:55 GMT",
        "Expires": "-1",
        "Pragma": "no-cache",
        "Retry-After": "100",
        "Server": [
          "Microsoft-HTTPAPI/2.0",
          "Microsoft-HTTPAPI/2.0"
        ],
        "Strict-Transport-Security": "max-age=31536000; includeSubDomains",
        "X-Content-Type-Options": "nosniff",
        "x-ms-arm-service-request-id": "800c561c-eec8-44a8-be43-40690425a073",
        "x-ms-client-request-id": "37a11bbd01630937f536f7b57513a725",
        "x-ms-correlation-request-id": "db07e1be-048b-4a01-9a35-03f02fd74ade",
        "x-ms-ratelimit-remaining-subscription-reads": "11658",
        "x-ms-request-id": "01783745-baa2-4707-a275-9feaa7702c51",
        "x-ms-routing-request-id": "SOUTHEASTASIA:20211117T062656Z:db07e1be-048b-4a01-9a35-03f02fd74ade"
      },
      "ResponseBody": [
        "{\r\n",
        "  \u0022status\u0022: \u0022InProgress\u0022\r\n",
        "}"
      ]
    },
    {
      "RequestUri": "https://management.azure.com/subscriptions/db1ab6f0-4769-4b27-930e-01e2ef9c123c/providers/Microsoft.Network/locations/eastus/operations/d3e572ea-cd81-4805-aae9-9c9e41f8d9ef?api-version=2021-02-01",
      "RequestMethod": "GET",
      "RequestHeaders": {
        "Authorization": "Sanitized",
        "User-Agent": [
          "azsdk-net-ResourceManager/1.0.0-beta.5",
          "(.NET Core 3.1.21; Microsoft Windows 10.0.19043)"
        ],
        "x-ms-client-request-id": "25ba06a685f45e7be2bf62da6df88c53",
        "x-ms-return-client-request-id": "true"
      },
      "RequestBody": null,
      "StatusCode": 200,
      "ResponseHeaders": {
        "Cache-Control": "no-cache",
        "Content-Length": "30",
        "Content-Type": "application/json; charset=utf-8",
        "Date": "Wed, 17 Nov 2021 06:26:57 GMT",
        "Expires": "-1",
        "Pragma": "no-cache",
        "Retry-After": "100",
        "Server": [
          "Microsoft-HTTPAPI/2.0",
          "Microsoft-HTTPAPI/2.0"
        ],
        "Strict-Transport-Security": "max-age=31536000; includeSubDomains",
        "X-Content-Type-Options": "nosniff",
        "x-ms-arm-service-request-id": "d03e0863-626a-4b81-8eaa-925e7016ae70",
        "x-ms-client-request-id": "25ba06a685f45e7be2bf62da6df88c53",
        "x-ms-correlation-request-id": "1905903e-a722-46f0-b85a-b58c526967b6",
        "x-ms-ratelimit-remaining-subscription-reads": "11657",
        "x-ms-request-id": "972bad5c-d424-49ce-8bf7-948bc42577d7",
        "x-ms-routing-request-id": "SOUTHEASTASIA:20211117T062657Z:1905903e-a722-46f0-b85a-b58c526967b6"
      },
      "ResponseBody": [
        "{\r\n",
        "  \u0022status\u0022: \u0022InProgress\u0022\r\n",
        "}"
      ]
    },
    {
      "RequestUri": "https://management.azure.com/subscriptions/db1ab6f0-4769-4b27-930e-01e2ef9c123c/providers/Microsoft.Network/locations/eastus/operations/d3e572ea-cd81-4805-aae9-9c9e41f8d9ef?api-version=2021-02-01",
      "RequestMethod": "GET",
      "RequestHeaders": {
        "Authorization": "Sanitized",
        "User-Agent": [
          "azsdk-net-ResourceManager/1.0.0-beta.5",
          "(.NET Core 3.1.21; Microsoft Windows 10.0.19043)"
        ],
        "x-ms-client-request-id": "cc08ffbe80d09f2bd6eb90dad2449f4a",
        "x-ms-return-client-request-id": "true"
      },
      "RequestBody": null,
      "StatusCode": 200,
      "ResponseHeaders": {
        "Cache-Control": "no-cache",
        "Content-Length": "30",
        "Content-Type": "application/json; charset=utf-8",
        "Date": "Wed, 17 Nov 2021 06:26:58 GMT",
        "Expires": "-1",
        "Pragma": "no-cache",
        "Retry-After": "100",
        "Server": [
          "Microsoft-HTTPAPI/2.0",
          "Microsoft-HTTPAPI/2.0"
        ],
        "Strict-Transport-Security": "max-age=31536000; includeSubDomains",
        "X-Content-Type-Options": "nosniff",
        "x-ms-arm-service-request-id": "bf5a2f41-1f38-4271-84c5-e71a8c3321e8",
        "x-ms-client-request-id": "cc08ffbe80d09f2bd6eb90dad2449f4a",
        "x-ms-correlation-request-id": "406e5bf7-42f3-4b59-b44e-2d7dfcc3fb3c",
        "x-ms-ratelimit-remaining-subscription-reads": "11656",
        "x-ms-request-id": "d10a305a-fd83-457d-ab37-de60ac597810",
        "x-ms-routing-request-id": "SOUTHEASTASIA:20211117T062659Z:406e5bf7-42f3-4b59-b44e-2d7dfcc3fb3c"
      },
      "ResponseBody": [
        "{\r\n",
        "  \u0022status\u0022: \u0022InProgress\u0022\r\n",
        "}"
      ]
    },
    {
      "RequestUri": "https://management.azure.com/subscriptions/db1ab6f0-4769-4b27-930e-01e2ef9c123c/providers/Microsoft.Network/locations/eastus/operations/d3e572ea-cd81-4805-aae9-9c9e41f8d9ef?api-version=2021-02-01",
      "RequestMethod": "GET",
      "RequestHeaders": {
        "Authorization": "Sanitized",
        "User-Agent": [
          "azsdk-net-ResourceManager/1.0.0-beta.5",
          "(.NET Core 3.1.21; Microsoft Windows 10.0.19043)"
        ],
        "x-ms-client-request-id": "da375f5608e43850a04254a39f5c9cfc",
        "x-ms-return-client-request-id": "true"
      },
      "RequestBody": null,
      "StatusCode": 200,
      "ResponseHeaders": {
        "Cache-Control": "no-cache",
        "Content-Length": "30",
        "Content-Type": "application/json; charset=utf-8",
        "Date": "Wed, 17 Nov 2021 06:26:59 GMT",
        "Expires": "-1",
        "Pragma": "no-cache",
        "Retry-After": "100",
        "Server": [
          "Microsoft-HTTPAPI/2.0",
          "Microsoft-HTTPAPI/2.0"
        ],
        "Strict-Transport-Security": "max-age=31536000; includeSubDomains",
        "X-Content-Type-Options": "nosniff",
        "x-ms-arm-service-request-id": "19a11a5b-d859-45de-89d6-719831851a49",
        "x-ms-client-request-id": "da375f5608e43850a04254a39f5c9cfc",
        "x-ms-correlation-request-id": "509b2a24-1c02-4dac-b464-44a5e3dfc9a6",
        "x-ms-ratelimit-remaining-subscription-reads": "11655",
        "x-ms-request-id": "433ce21e-f0b7-4d58-b31a-03b58103646b",
        "x-ms-routing-request-id": "SOUTHEASTASIA:20211117T062700Z:509b2a24-1c02-4dac-b464-44a5e3dfc9a6"
      },
      "ResponseBody": [
        "{\r\n",
        "  \u0022status\u0022: \u0022InProgress\u0022\r\n",
        "}"
      ]
    },
    {
      "RequestUri": "https://management.azure.com/subscriptions/db1ab6f0-4769-4b27-930e-01e2ef9c123c/providers/Microsoft.Network/locations/eastus/operations/d3e572ea-cd81-4805-aae9-9c9e41f8d9ef?api-version=2021-02-01",
      "RequestMethod": "GET",
      "RequestHeaders": {
        "Authorization": "Sanitized",
        "User-Agent": [
          "azsdk-net-ResourceManager/1.0.0-beta.5",
          "(.NET Core 3.1.21; Microsoft Windows 10.0.19043)"
        ],
        "x-ms-client-request-id": "76f6a4a9da0b2655db1a4f09f5a08c9d",
        "x-ms-return-client-request-id": "true"
      },
      "RequestBody": null,
      "StatusCode": 200,
      "ResponseHeaders": {
        "Cache-Control": "no-cache",
        "Content-Length": "30",
        "Content-Type": "application/json; charset=utf-8",
        "Date": "Wed, 17 Nov 2021 06:27:00 GMT",
        "Expires": "-1",
        "Pragma": "no-cache",
        "Retry-After": "100",
        "Server": [
          "Microsoft-HTTPAPI/2.0",
          "Microsoft-HTTPAPI/2.0"
        ],
        "Strict-Transport-Security": "max-age=31536000; includeSubDomains",
        "X-Content-Type-Options": "nosniff",
        "x-ms-arm-service-request-id": "321a1867-9c2a-4101-922d-b9fa609f7725",
        "x-ms-client-request-id": "76f6a4a9da0b2655db1a4f09f5a08c9d",
        "x-ms-correlation-request-id": "3e335f67-c2a9-4a35-bd15-79f14c7e0065",
        "x-ms-ratelimit-remaining-subscription-reads": "11654",
        "x-ms-request-id": "da13d5f8-e6ba-406c-9f9d-18c4f4ebecbc",
        "x-ms-routing-request-id": "SOUTHEASTASIA:20211117T062701Z:3e335f67-c2a9-4a35-bd15-79f14c7e0065"
      },
      "ResponseBody": [
        "{\r\n",
        "  \u0022status\u0022: \u0022InProgress\u0022\r\n",
        "}"
      ]
    },
    {
      "RequestUri": "https://management.azure.com/subscriptions/db1ab6f0-4769-4b27-930e-01e2ef9c123c/providers/Microsoft.Network/locations/eastus/operations/d3e572ea-cd81-4805-aae9-9c9e41f8d9ef?api-version=2021-02-01",
      "RequestMethod": "GET",
      "RequestHeaders": {
        "Authorization": "Sanitized",
        "User-Agent": [
          "azsdk-net-ResourceManager/1.0.0-beta.5",
          "(.NET Core 3.1.21; Microsoft Windows 10.0.19043)"
        ],
        "x-ms-client-request-id": "0e83171fb1c1b66faed02c8d2b870079",
        "x-ms-return-client-request-id": "true"
      },
      "RequestBody": null,
      "StatusCode": 200,
      "ResponseHeaders": {
        "Cache-Control": "no-cache",
        "Content-Length": "30",
        "Content-Type": "application/json; charset=utf-8",
        "Date": "Wed, 17 Nov 2021 06:27:02 GMT",
        "Expires": "-1",
        "Pragma": "no-cache",
        "Retry-After": "100",
        "Server": [
          "Microsoft-HTTPAPI/2.0",
          "Microsoft-HTTPAPI/2.0"
        ],
        "Strict-Transport-Security": "max-age=31536000; includeSubDomains",
        "X-Content-Type-Options": "nosniff",
        "x-ms-arm-service-request-id": "12f6a8e7-2eae-4802-82a3-7295cf59c21c",
        "x-ms-client-request-id": "0e83171fb1c1b66faed02c8d2b870079",
        "x-ms-correlation-request-id": "3b36dd58-3b83-4fb4-b12e-e6a36687161a",
        "x-ms-ratelimit-remaining-subscription-reads": "11653",
        "x-ms-request-id": "32e053b9-75c7-4129-988d-db877e1aedb4",
        "x-ms-routing-request-id": "SOUTHEASTASIA:20211117T062703Z:3b36dd58-3b83-4fb4-b12e-e6a36687161a"
      },
      "ResponseBody": [
        "{\r\n",
        "  \u0022status\u0022: \u0022InProgress\u0022\r\n",
        "}"
      ]
    },
    {
      "RequestUri": "https://management.azure.com/subscriptions/db1ab6f0-4769-4b27-930e-01e2ef9c123c/providers/Microsoft.Network/locations/eastus/operations/d3e572ea-cd81-4805-aae9-9c9e41f8d9ef?api-version=2021-02-01",
      "RequestMethod": "GET",
      "RequestHeaders": {
        "Authorization": "Sanitized",
        "User-Agent": [
          "azsdk-net-ResourceManager/1.0.0-beta.5",
          "(.NET Core 3.1.21; Microsoft Windows 10.0.19043)"
        ],
        "x-ms-client-request-id": "2e30934e294e7c3f0911fec9b9474200",
        "x-ms-return-client-request-id": "true"
      },
      "RequestBody": null,
      "StatusCode": 200,
      "ResponseHeaders": {
        "Cache-Control": "no-cache",
        "Content-Length": "30",
        "Content-Type": "application/json; charset=utf-8",
        "Date": "Wed, 17 Nov 2021 06:27:03 GMT",
        "Expires": "-1",
        "Pragma": "no-cache",
        "Retry-After": "100",
        "Server": [
          "Microsoft-HTTPAPI/2.0",
          "Microsoft-HTTPAPI/2.0"
        ],
        "Strict-Transport-Security": "max-age=31536000; includeSubDomains",
        "X-Content-Type-Options": "nosniff",
        "x-ms-arm-service-request-id": "bc52e3f5-e97e-4c04-bf2a-8a715c54e0a3",
        "x-ms-client-request-id": "2e30934e294e7c3f0911fec9b9474200",
        "x-ms-correlation-request-id": "f7dd6c0a-81bc-45a3-bbfb-14b682233204",
        "x-ms-ratelimit-remaining-subscription-reads": "11652",
        "x-ms-request-id": "6bfc8611-cb47-4a07-8bb0-18cedb8527c8",
        "x-ms-routing-request-id": "SOUTHEASTASIA:20211117T062704Z:f7dd6c0a-81bc-45a3-bbfb-14b682233204"
      },
      "ResponseBody": [
        "{\r\n",
        "  \u0022status\u0022: \u0022InProgress\u0022\r\n",
        "}"
      ]
    },
    {
      "RequestUri": "https://management.azure.com/subscriptions/db1ab6f0-4769-4b27-930e-01e2ef9c123c/providers/Microsoft.Network/locations/eastus/operations/d3e572ea-cd81-4805-aae9-9c9e41f8d9ef?api-version=2021-02-01",
      "RequestMethod": "GET",
      "RequestHeaders": {
        "Authorization": "Sanitized",
        "User-Agent": [
          "azsdk-net-ResourceManager/1.0.0-beta.5",
          "(.NET Core 3.1.21; Microsoft Windows 10.0.19043)"
        ],
        "x-ms-client-request-id": "8783b7b68ed9f83b3540c83aaec8fa54",
        "x-ms-return-client-request-id": "true"
      },
      "RequestBody": null,
      "StatusCode": 200,
      "ResponseHeaders": {
        "Cache-Control": "no-cache",
        "Content-Length": "30",
        "Content-Type": "application/json; charset=utf-8",
        "Date": "Wed, 17 Nov 2021 06:27:05 GMT",
        "Expires": "-1",
        "Pragma": "no-cache",
        "Retry-After": "100",
        "Server": [
          "Microsoft-HTTPAPI/2.0",
          "Microsoft-HTTPAPI/2.0"
        ],
        "Strict-Transport-Security": "max-age=31536000; includeSubDomains",
        "X-Content-Type-Options": "nosniff",
        "x-ms-arm-service-request-id": "1c328767-4861-4e23-b800-0a6f38426789",
        "x-ms-client-request-id": "8783b7b68ed9f83b3540c83aaec8fa54",
        "x-ms-correlation-request-id": "e09e6ca7-ff1d-4a7b-9a23-080090ff83e9",
        "x-ms-ratelimit-remaining-subscription-reads": "11651",
        "x-ms-request-id": "c84e8b8e-45c9-4480-b83d-34d85ec9d021",
        "x-ms-routing-request-id": "SOUTHEASTASIA:20211117T062706Z:e09e6ca7-ff1d-4a7b-9a23-080090ff83e9"
      },
      "ResponseBody": [
        "{\r\n",
        "  \u0022status\u0022: \u0022InProgress\u0022\r\n",
        "}"
      ]
    },
    {
      "RequestUri": "https://management.azure.com/subscriptions/db1ab6f0-4769-4b27-930e-01e2ef9c123c/providers/Microsoft.Network/locations/eastus/operations/d3e572ea-cd81-4805-aae9-9c9e41f8d9ef?api-version=2021-02-01",
      "RequestMethod": "GET",
      "RequestHeaders": {
        "Authorization": "Sanitized",
        "User-Agent": [
          "azsdk-net-ResourceManager/1.0.0-beta.5",
          "(.NET Core 3.1.21; Microsoft Windows 10.0.19043)"
        ],
        "x-ms-client-request-id": "61bad51a5d6ff64fd80704b0b2a5fc67",
        "x-ms-return-client-request-id": "true"
      },
      "RequestBody": null,
      "StatusCode": 200,
      "ResponseHeaders": {
        "Cache-Control": "no-cache",
        "Content-Length": "30",
        "Content-Type": "application/json; charset=utf-8",
        "Date": "Wed, 17 Nov 2021 06:27:06 GMT",
        "Expires": "-1",
        "Pragma": "no-cache",
        "Retry-After": "100",
        "Server": [
          "Microsoft-HTTPAPI/2.0",
          "Microsoft-HTTPAPI/2.0"
        ],
        "Strict-Transport-Security": "max-age=31536000; includeSubDomains",
        "X-Content-Type-Options": "nosniff",
        "x-ms-arm-service-request-id": "72dca804-3cce-4d36-9d7a-c222694f74e5",
        "x-ms-client-request-id": "61bad51a5d6ff64fd80704b0b2a5fc67",
        "x-ms-correlation-request-id": "eb28533b-fdd8-4d02-99bb-3cb79a291d58",
        "x-ms-ratelimit-remaining-subscription-reads": "11650",
        "x-ms-request-id": "9fc7b463-b2ad-454f-9e78-ae1245a44a19",
        "x-ms-routing-request-id": "SOUTHEASTASIA:20211117T062707Z:eb28533b-fdd8-4d02-99bb-3cb79a291d58"
      },
      "ResponseBody": [
        "{\r\n",
        "  \u0022status\u0022: \u0022InProgress\u0022\r\n",
        "}"
      ]
    },
    {
      "RequestUri": "https://management.azure.com/subscriptions/db1ab6f0-4769-4b27-930e-01e2ef9c123c/providers/Microsoft.Network/locations/eastus/operations/d3e572ea-cd81-4805-aae9-9c9e41f8d9ef?api-version=2021-02-01",
      "RequestMethod": "GET",
      "RequestHeaders": {
        "Authorization": "Sanitized",
        "User-Agent": [
          "azsdk-net-ResourceManager/1.0.0-beta.5",
          "(.NET Core 3.1.21; Microsoft Windows 10.0.19043)"
        ],
        "x-ms-client-request-id": "74d62b8d7904c09f5838f90e6104cd41",
        "x-ms-return-client-request-id": "true"
      },
      "RequestBody": null,
      "StatusCode": 200,
      "ResponseHeaders": {
        "Cache-Control": "no-cache",
        "Content-Length": "29",
        "Content-Type": "application/json; charset=utf-8",
        "Date": "Wed, 17 Nov 2021 06:27:08 GMT",
        "Expires": "-1",
        "Pragma": "no-cache",
        "Server": [
          "Microsoft-HTTPAPI/2.0",
          "Microsoft-HTTPAPI/2.0"
        ],
        "Strict-Transport-Security": "max-age=31536000; includeSubDomains",
        "X-Content-Type-Options": "nosniff",
        "x-ms-arm-service-request-id": "0eff9a07-7fd0-4924-a00d-14e1de313cf1",
        "x-ms-client-request-id": "74d62b8d7904c09f5838f90e6104cd41",
        "x-ms-correlation-request-id": "2daf62cc-65e6-4f13-8fb9-3230dd595c54",
        "x-ms-ratelimit-remaining-subscription-reads": "11649",
        "x-ms-request-id": "79bcfb53-c902-4113-9770-673ab5624898",
        "x-ms-routing-request-id": "SOUTHEASTASIA:20211117T062708Z:2daf62cc-65e6-4f13-8fb9-3230dd595c54"
      },
      "ResponseBody": [
        "{\r\n",
        "  \u0022status\u0022: \u0022Succeeded\u0022\r\n",
        "}"
      ]
    },
    {
      "RequestUri": "https://management.azure.com/subscriptions/db1ab6f0-4769-4b27-930e-01e2ef9c123c/resourceGroups/Default-AppConfiguration-7848/providers/Microsoft.Network/privateEndpoints/endpointxyz5816?api-version=2021-02-01",
      "RequestMethod": "GET",
      "RequestHeaders": {
        "Authorization": "Sanitized",
        "User-Agent": [
          "azsdk-net-ResourceManager/1.0.0-beta.5",
          "(.NET Core 3.1.21; Microsoft Windows 10.0.19043)"
        ],
        "x-ms-client-request-id": "e3afaa16e18c5890688dafd1898a458f",
        "x-ms-return-client-request-id": "true"
      },
      "RequestBody": null,
      "StatusCode": 200,
      "ResponseHeaders": {
        "Cache-Control": "no-cache",
        "Content-Length": "2220",
        "Content-Type": "application/json; charset=utf-8",
        "Date": "Wed, 17 Nov 2021 06:27:08 GMT",
        "ETag": "W/\u00224fa8996d-ad97-4f92-8d12-e58cf4fe7ae1\u0022",
        "Expires": "-1",
        "Pragma": "no-cache",
        "Server": [
          "Microsoft-HTTPAPI/2.0",
          "Microsoft-HTTPAPI/2.0"
        ],
        "Strict-Transport-Security": "max-age=31536000; includeSubDomains",
        "X-Content-Type-Options": "nosniff",
        "x-ms-arm-service-request-id": "a54f2ff0-7702-45cc-892c-d6e7b31a621a",
        "x-ms-client-request-id": "e3afaa16e18c5890688dafd1898a458f",
        "x-ms-correlation-request-id": "e9d28b06-c8d9-4b95-8e3f-5f395aabef0a",
        "x-ms-ratelimit-remaining-subscription-reads": "11648",
        "x-ms-request-id": "0e63097f-f5e4-4b4a-8f74-6b754da772c6",
        "x-ms-routing-request-id": "SOUTHEASTASIA:20211117T062708Z:e9d28b06-c8d9-4b95-8e3f-5f395aabef0a"
      },
      "ResponseBody": [
        "{\r\n",
        "  \u0022name\u0022: \u0022endpointxyz5816\u0022,\r\n",
        "  \u0022id\u0022: \u0022/subscriptions/db1ab6f0-4769-4b27-930e-01e2ef9c123c/resourceGroups/Default-AppConfiguration-7848/providers/Microsoft.Network/privateEndpoints/endpointxyz5816\u0022,\r\n",
        "  \u0022etag\u0022: \u0022W/\\\u00224fa8996d-ad97-4f92-8d12-e58cf4fe7ae1\\\u0022\u0022,\r\n",
        "  \u0022type\u0022: \u0022Microsoft.Network/privateEndpoints\u0022,\r\n",
        "  \u0022location\u0022: \u0022eastus\u0022,\r\n",
        "  \u0022properties\u0022: {\r\n",
        "    \u0022provisioningState\u0022: \u0022Succeeded\u0022,\r\n",
        "    \u0022resourceGuid\u0022: \u00224293a341-e837-46f6-bf87-8622e7522e8d\u0022,\r\n",
        "    \u0022privateLinkServiceConnections\u0022: [\r\n",
        "      {\r\n",
        "        \u0022name\u0022: \u0022myconnection\u0022,\r\n",
        "        \u0022id\u0022: \u0022/subscriptions/db1ab6f0-4769-4b27-930e-01e2ef9c123c/resourceGroups/Default-AppConfiguration-7848/providers/Microsoft.Network/privateEndpoints/endpointxyz5816/privateLinkServiceConnections/myconnection\u0022,\r\n",
        "        \u0022etag\u0022: \u0022W/\\\u00224fa8996d-ad97-4f92-8d12-e58cf4fe7ae1\\\u0022\u0022,\r\n",
        "        \u0022properties\u0022: {\r\n",
        "          \u0022provisioningState\u0022: \u0022Succeeded\u0022,\r\n",
        "          \u0022privateLinkServiceId\u0022: \u0022/subscriptions/db1ab6f0-4769-4b27-930e-01e2ef9c123c/resourceGroups/default-appconfiguration-7848/providers/Microsoft.AppConfiguration/configurationStores/testapp-4276\u0022,\r\n",
        "          \u0022groupIds\u0022: [\r\n",
        "            \u0022configurationStores\u0022\r\n",
        "          ],\r\n",
        "          \u0022requestMessage\u0022: \u0022Please approve my connection\u0022,\r\n",
        "          \u0022privateLinkServiceConnectionState\u0022: {\r\n",
        "            \u0022status\u0022: \u0022Approved\u0022,\r\n",
        "            \u0022description\u0022: \u0022Auto-Approved\u0022,\r\n",
        "            \u0022actionsRequired\u0022: \u0022None\u0022\r\n",
        "          }\r\n",
        "        },\r\n",
        "        \u0022type\u0022: \u0022Microsoft.Network/privateEndpoints/privateLinkServiceConnections\u0022\r\n",
        "      }\r\n",
        "    ],\r\n",
        "    \u0022manualPrivateLinkServiceConnections\u0022: [],\r\n",
        "    \u0022subnet\u0022: {\r\n",
        "      \u0022id\u0022: \u0022/subscriptions/db1ab6f0-4769-4b27-930e-01e2ef9c123c/resourceGroups/Default-AppConfiguration-7848/providers/Microsoft.Network/virtualNetworks/vnetname3824/subnets/subnetname2131\u0022\r\n",
        "    },\r\n",
        "    \u0022networkInterfaces\u0022: [\r\n",
        "      {\r\n",
        "        \u0022id\u0022: \u0022/subscriptions/db1ab6f0-4769-4b27-930e-01e2ef9c123c/resourceGroups/Default-AppConfiguration-7848/providers/Microsoft.Network/networkInterfaces/endpointxyz5816.nic.bba3e885-64d9-42a2-a704-ac11c2e5b1e5\u0022\r\n",
        "      }\r\n",
        "    ],\r\n",
        "    \u0022customDnsConfigs\u0022: [\r\n",
        "      {\r\n",
        "        \u0022fqdn\u0022: \u0022testapp-4276.azconfig.io\u0022,\r\n",
        "        \u0022ipAddresses\u0022: [\r\n",
        "          \u002210.0.0.4\u0022\r\n",
        "        ]\r\n",
        "      }\r\n",
        "    ]\r\n",
        "  }\r\n",
        "}"
      ]
    },
    {
      "RequestUri": "https://management.azure.com/subscriptions/db1ab6f0-4769-4b27-930e-01e2ef9c123c/resourceGroups/default-appconfiguration-7848/providers/Microsoft.AppConfiguration/configurationStores/testapp-4276/privateEndpointConnections?api-version=2020-06-01",
      "RequestMethod": "GET",
      "RequestHeaders": {
        "Accept": "application/json",
        "Authorization": "Sanitized",
        "User-Agent": [
          "azsdk-net-ResourceManager.AppConfiguration/1.0.0-alpha.20211117.1",
          "(.NET Core 3.1.21; Microsoft Windows 10.0.19043)"
        ],
        "x-ms-client-request-id": "82ad604386f2a15035f90936644095d4",
        "x-ms-return-client-request-id": "true"
      },
      "RequestBody": null,
      "StatusCode": 200,
      "ResponseHeaders": {
        "Cache-Control": "no-cache",
        "Content-Length": "668",
        "Content-Type": "application/json; charset=utf-8",
        "Date": "Wed, 17 Nov 2021 06:27:09 GMT",
        "Expires": "-1",
        "Pragma": "no-cache",
        "Server": "nginx/1.17.10",
        "Strict-Transport-Security": "max-age=31536000; includeSubDomains",
        "Vary": "Accept-Encoding",
        "X-Content-Type-Options": "nosniff",
        "x-ms-client-request-id": "82ad604386f2a15035f90936644095d4",
        "x-ms-correlation-request-id": "69e76785-7fb6-45f0-b7c5-c4ff19e9fbad",
        "x-ms-ratelimit-remaining-subscription-reads": "11647",
        "x-ms-request-id": "d1935297-897e-4bd3-a8bc-2f428c7c375f",
        "x-ms-routing-request-id": "SOUTHEASTASIA:20211117T062709Z:69e76785-7fb6-45f0-b7c5-c4ff19e9fbad"
      },
      "ResponseBody": {
        "value": [
          {
            "type": "Microsoft.AppConfiguration/configurationStores/privateEndpointConnections",
            "properties": {
              "provisioningState": "Succeeded",
              "privateEndpoint": {
                "id": "/subscriptions/db1ab6f0-4769-4b27-930e-01e2ef9c123c/resourceGroups/Default-AppConfiguration-7848/providers/Microsoft.Network/privateEndpoints/endpointxyz5816"
              },
              "privateLinkServiceConnectionState": {
                "status": "Approved",
                "description": "Auto-Approved"
              }
            },
            "id": "/subscriptions/db1ab6f0-4769-4b27-930e-01e2ef9c123c/resourceGroups/default-appconfiguration-7848/providers/Microsoft.AppConfiguration/configurationStores/testapp-4276/privateEndpointConnections/myconnection",
            "name": "myconnection"
          }
        ],
        "nextLink": null
      }
    },
    {
      "RequestUri": "https://management.azure.com/subscriptions/db1ab6f0-4769-4b27-930e-01e2ef9c123c/resourceGroups/default-appconfiguration-7848/providers/Microsoft.AppConfiguration/configurationStores/testapp-4276/privateEndpointConnections/myconnection?api-version=2020-06-01",
      "RequestMethod": "PUT",
      "RequestHeaders": {
        "Accept": "application/json",
        "Authorization": "Sanitized",
        "Content-Length": "295",
        "Content-Type": "application/json",
        "User-Agent": [
          "azsdk-net-ResourceManager.AppConfiguration/1.0.0-alpha.20211117.1",
          "(.NET Core 3.1.21; Microsoft Windows 10.0.19043)"
        ],
        "x-ms-client-request-id": "089ac33919f5acdb9b7d0b77c9ce36cd",
        "x-ms-return-client-request-id": "true"
      },
      "RequestBody": {
        "properties": {
          "privateEndpoint": {
            "id": "/subscriptions/db1ab6f0-4769-4b27-930e-01e2ef9c123c/resourceGroups/Default-AppConfiguration-7848/providers/Microsoft.Network/privateEndpoints/endpointxyz5816"
          },
          "privateLinkServiceConnectionState": {
            "status": "Approved",
            "description": "Update descriptions"
          }
        }
      },
      "StatusCode": 201,
      "ResponseHeaders": {
        "Azure-AsyncOperation": "https://management.azure.com/subscriptions/db1ab6f0-4769-4b27-930e-01e2ef9c123c/providers/Microsoft.AppConfiguration/locations/eastus/operationsStatus/64e877ed-0732-ffb5-a9af-e6e453116003?api-version=2020-06-01",
        "Cache-Control": "no-cache",
        "Content-Length": "483",
        "Content-Type": "application/json; charset=utf-8",
        "Date": "Wed, 17 Nov 2021 06:27:09 GMT",
        "Expires": "-1",
        "Pragma": "no-cache",
        "Retry-After": "10",
        "Server": "nginx/1.17.10",
        "Strict-Transport-Security": "max-age=31536000; includeSubDomains",
        "X-Content-Type-Options": "nosniff",
        "x-ms-client-request-id": "089ac33919f5acdb9b7d0b77c9ce36cd",
        "x-ms-correlation-request-id": "3302e3f0-cfad-40aa-9856-404a5fe7401e",
        "x-ms-ratelimit-remaining-subscription-writes": "1191",
        "x-ms-request-id": "96b488c9-ce7a-42a7-ae38-8ae5ff17f997",
        "x-ms-routing-request-id": "SOUTHEASTASIA:20211117T062709Z:3302e3f0-cfad-40aa-9856-404a5fe7401e"
      },
      "ResponseBody": {
        "type": "Microsoft.AppConfiguration/configurationStores/privateEndpointConnections",
        "properties": {
          "provisioningState": "Updating",
          "privateEndpoint": null,
          "privateLinkServiceConnectionState": {
            "status": "Approved",
            "description": "Update descriptions"
          }
        },
        "id": "/subscriptions/db1ab6f0-4769-4b27-930e-01e2ef9c123c/resourceGroups/default-appconfiguration-7848/providers/Microsoft.AppConfiguration/configurationStores/testapp-4276/privateEndpointConnections/myconnection",
        "name": "myconnection"
      }
    },
    {
      "RequestUri": "https://management.azure.com/subscriptions/db1ab6f0-4769-4b27-930e-01e2ef9c123c/providers/Microsoft.AppConfiguration/locations/eastus/operationsStatus/64e877ed-0732-ffb5-a9af-e6e453116003?api-version=2020-06-01",
      "RequestMethod": "GET",
      "RequestHeaders": {
        "Authorization": "Sanitized",
        "User-Agent": [
          "azsdk-net-ResourceManager/1.0.0-beta.5",
          "(.NET Core 3.1.21; Microsoft Windows 10.0.19043)"
        ],
        "x-ms-client-request-id": "c697daf73df02a998500e7747ad8d767",
        "x-ms-return-client-request-id": "true"
      },
      "RequestBody": null,
      "StatusCode": 200,
      "ResponseHeaders": {
        "Azure-AsyncOperation": "https://management.azure.com/subscriptions/db1ab6f0-4769-4b27-930e-01e2ef9c123c/providers/Microsoft.AppConfiguration/locations/eastus/operationsStatus/64e877ed-0732-ffb5-a9af-e6e453116003?api-version=2020-06-01",
        "Cache-Control": "no-cache",
        "Content-Length": "247",
        "Content-Type": "application/json; charset=utf-8",
        "Date": "Wed, 17 Nov 2021 06:27:09 GMT",
        "Expires": "-1",
        "Pragma": "no-cache",
        "Retry-After": "10",
        "Server": "nginx/1.17.10",
        "Strict-Transport-Security": "max-age=31536000; includeSubDomains",
        "Vary": "Accept-Encoding",
        "X-Content-Type-Options": "nosniff",
        "x-ms-client-request-id": "c697daf73df02a998500e7747ad8d767",
        "x-ms-correlation-request-id": "709c1553-36e3-4c97-a9bd-8ee6a242c1b3",
        "x-ms-ratelimit-remaining-subscription-reads": "11646",
        "x-ms-request-id": "44ba2064-64e0-4fec-ab30-52035b7307f2",
        "x-ms-routing-request-id": "SOUTHEASTASIA:20211117T062710Z:709c1553-36e3-4c97-a9bd-8ee6a242c1b3"
      },
      "ResponseBody": {
        "id": "/subscriptions/db1ab6f0-4769-4b27-930e-01e2ef9c123c/providers/Microsoft.AppConfiguration/locations/eastus/operationsStatus/64e877ed-0732-ffb5-a9af-e6e453116003",
        "name": "64e877ed-0732-ffb5-a9af-e6e453116003",
        "status": "Updating",
        "error": null
      }
    },
    {
      "RequestUri": "https://management.azure.com/subscriptions/db1ab6f0-4769-4b27-930e-01e2ef9c123c/providers/Microsoft.AppConfiguration/locations/eastus/operationsStatus/64e877ed-0732-ffb5-a9af-e6e453116003?api-version=2020-06-01",
      "RequestMethod": "GET",
      "RequestHeaders": {
        "Authorization": "Sanitized",
        "User-Agent": [
          "azsdk-net-ResourceManager/1.0.0-beta.5",
          "(.NET Core 3.1.21; Microsoft Windows 10.0.19043)"
        ],
        "x-ms-client-request-id": "fb433bc39476ef7c740aade76b48d441",
        "x-ms-return-client-request-id": "true"
      },
      "RequestBody": null,
      "StatusCode": 200,
      "ResponseHeaders": {
        "Azure-AsyncOperation": "https://management.azure.com/subscriptions/db1ab6f0-4769-4b27-930e-01e2ef9c123c/providers/Microsoft.AppConfiguration/locations/eastus/operationsStatus/64e877ed-0732-ffb5-a9af-e6e453116003?api-version=2020-06-01",
        "Cache-Control": "no-cache",
        "Content-Length": "247",
        "Content-Type": "application/json; charset=utf-8",
        "Date": "Wed, 17 Nov 2021 06:27:11 GMT",
        "Expires": "-1",
        "Pragma": "no-cache",
        "Retry-After": "10",
        "Server": "nginx/1.17.10",
        "Strict-Transport-Security": "max-age=31536000; includeSubDomains",
        "Vary": "Accept-Encoding",
        "X-Content-Type-Options": "nosniff",
        "x-ms-client-request-id": "fb433bc39476ef7c740aade76b48d441",
        "x-ms-correlation-request-id": "6f4c478b-30f8-4781-a8ec-36a3435a880e",
        "x-ms-ratelimit-remaining-subscription-reads": "11645",
        "x-ms-request-id": "67d545c2-7627-4a71-99b5-29f41d8f593c",
        "x-ms-routing-request-id": "SOUTHEASTASIA:20211117T062711Z:6f4c478b-30f8-4781-a8ec-36a3435a880e"
      },
      "ResponseBody": {
        "id": "/subscriptions/db1ab6f0-4769-4b27-930e-01e2ef9c123c/providers/Microsoft.AppConfiguration/locations/eastus/operationsStatus/64e877ed-0732-ffb5-a9af-e6e453116003",
        "name": "64e877ed-0732-ffb5-a9af-e6e453116003",
        "status": "Updating",
        "error": null
      }
    },
    {
      "RequestUri": "https://management.azure.com/subscriptions/db1ab6f0-4769-4b27-930e-01e2ef9c123c/providers/Microsoft.AppConfiguration/locations/eastus/operationsStatus/64e877ed-0732-ffb5-a9af-e6e453116003?api-version=2020-06-01",
      "RequestMethod": "GET",
      "RequestHeaders": {
        "Authorization": "Sanitized",
        "User-Agent": [
          "azsdk-net-ResourceManager/1.0.0-beta.5",
          "(.NET Core 3.1.21; Microsoft Windows 10.0.19043)"
        ],
        "x-ms-client-request-id": "ef7fe4886f36b5ddcfa07b5763da1481",
        "x-ms-return-client-request-id": "true"
      },
      "RequestBody": null,
      "StatusCode": 200,
      "ResponseHeaders": {
        "Azure-AsyncOperation": "https://management.azure.com/subscriptions/db1ab6f0-4769-4b27-930e-01e2ef9c123c/providers/Microsoft.AppConfiguration/locations/eastus/operationsStatus/64e877ed-0732-ffb5-a9af-e6e453116003?api-version=2020-06-01",
        "Cache-Control": "no-cache",
        "Content-Length": "247",
        "Content-Type": "application/json; charset=utf-8",
        "Date": "Wed, 17 Nov 2021 06:27:12 GMT",
        "Expires": "-1",
        "Pragma": "no-cache",
        "Retry-After": "10",
        "Server": "nginx/1.17.10",
        "Strict-Transport-Security": "max-age=31536000; includeSubDomains",
        "Vary": "Accept-Encoding",
        "X-Content-Type-Options": "nosniff",
        "x-ms-client-request-id": "ef7fe4886f36b5ddcfa07b5763da1481",
        "x-ms-correlation-request-id": "a7fb5604-9906-45f5-a9c2-cc3caebd37b6",
        "x-ms-ratelimit-remaining-subscription-reads": "11644",
        "x-ms-request-id": "32efd10d-43c8-444f-ba0a-3ba84dba0774",
        "x-ms-routing-request-id": "SOUTHEASTASIA:20211117T062712Z:a7fb5604-9906-45f5-a9c2-cc3caebd37b6"
      },
      "ResponseBody": {
        "id": "/subscriptions/db1ab6f0-4769-4b27-930e-01e2ef9c123c/providers/Microsoft.AppConfiguration/locations/eastus/operationsStatus/64e877ed-0732-ffb5-a9af-e6e453116003",
        "name": "64e877ed-0732-ffb5-a9af-e6e453116003",
        "status": "Updating",
        "error": null
      }
    },
    {
      "RequestUri": "https://management.azure.com/subscriptions/db1ab6f0-4769-4b27-930e-01e2ef9c123c/providers/Microsoft.AppConfiguration/locations/eastus/operationsStatus/64e877ed-0732-ffb5-a9af-e6e453116003?api-version=2020-06-01",
      "RequestMethod": "GET",
      "RequestHeaders": {
        "Authorization": "Sanitized",
        "User-Agent": [
          "azsdk-net-ResourceManager/1.0.0-beta.5",
          "(.NET Core 3.1.21; Microsoft Windows 10.0.19043)"
        ],
        "x-ms-client-request-id": "9ccf4537f91563b15ea852e58fb2be3c",
        "x-ms-return-client-request-id": "true"
      },
      "RequestBody": null,
      "StatusCode": 200,
      "ResponseHeaders": {
        "Azure-AsyncOperation": "https://management.azure.com/subscriptions/db1ab6f0-4769-4b27-930e-01e2ef9c123c/providers/Microsoft.AppConfiguration/locations/eastus/operationsStatus/64e877ed-0732-ffb5-a9af-e6e453116003?api-version=2020-06-01",
        "Cache-Control": "no-cache",
        "Content-Length": "247",
        "Content-Type": "application/json; charset=utf-8",
        "Date": "Wed, 17 Nov 2021 06:27:13 GMT",
        "Expires": "-1",
        "Pragma": "no-cache",
        "Retry-After": "10",
        "Server": "nginx/1.17.10",
        "Strict-Transport-Security": "max-age=31536000; includeSubDomains",
        "Vary": "Accept-Encoding",
        "X-Content-Type-Options": "nosniff",
        "x-ms-client-request-id": "9ccf4537f91563b15ea852e58fb2be3c",
        "x-ms-correlation-request-id": "187f6752-6f82-40df-997d-4b12af208f7b",
        "x-ms-ratelimit-remaining-subscription-reads": "11643",
        "x-ms-request-id": "72c296df-bde6-4b72-8c96-7b0f4e65a525",
        "x-ms-routing-request-id": "SOUTHEASTASIA:20211117T062713Z:187f6752-6f82-40df-997d-4b12af208f7b"
      },
      "ResponseBody": {
        "id": "/subscriptions/db1ab6f0-4769-4b27-930e-01e2ef9c123c/providers/Microsoft.AppConfiguration/locations/eastus/operationsStatus/64e877ed-0732-ffb5-a9af-e6e453116003",
        "name": "64e877ed-0732-ffb5-a9af-e6e453116003",
        "status": "Updating",
        "error": null
      }
    },
    {
      "RequestUri": "https://management.azure.com/subscriptions/db1ab6f0-4769-4b27-930e-01e2ef9c123c/providers/Microsoft.AppConfiguration/locations/eastus/operationsStatus/64e877ed-0732-ffb5-a9af-e6e453116003?api-version=2020-06-01",
      "RequestMethod": "GET",
      "RequestHeaders": {
        "Authorization": "Sanitized",
        "User-Agent": [
          "azsdk-net-ResourceManager/1.0.0-beta.5",
          "(.NET Core 3.1.21; Microsoft Windows 10.0.19043)"
        ],
        "x-ms-client-request-id": "95eba62be85953315d8d2bd519258b99",
        "x-ms-return-client-request-id": "true"
      },
      "RequestBody": null,
      "StatusCode": 200,
      "ResponseHeaders": {
        "Azure-AsyncOperation": "https://management.azure.com/subscriptions/db1ab6f0-4769-4b27-930e-01e2ef9c123c/providers/Microsoft.AppConfiguration/locations/eastus/operationsStatus/64e877ed-0732-ffb5-a9af-e6e453116003?api-version=2020-06-01",
        "Cache-Control": "no-cache",
        "Content-Length": "247",
        "Content-Type": "application/json; charset=utf-8",
        "Date": "Wed, 17 Nov 2021 06:27:15 GMT",
        "Expires": "-1",
        "Pragma": "no-cache",
        "Retry-After": "10",
        "Server": "nginx/1.17.10",
        "Strict-Transport-Security": "max-age=31536000; includeSubDomains",
        "Vary": "Accept-Encoding",
        "X-Content-Type-Options": "nosniff",
        "x-ms-client-request-id": "95eba62be85953315d8d2bd519258b99",
        "x-ms-correlation-request-id": "eb19306e-a8c4-4de2-998d-05282961967a",
        "x-ms-ratelimit-remaining-subscription-reads": "11642",
        "x-ms-request-id": "23f310ee-1a4d-4c18-b3f9-473ebf82487b",
        "x-ms-routing-request-id": "SOUTHEASTASIA:20211117T062715Z:eb19306e-a8c4-4de2-998d-05282961967a"
      },
      "ResponseBody": {
        "id": "/subscriptions/db1ab6f0-4769-4b27-930e-01e2ef9c123c/providers/Microsoft.AppConfiguration/locations/eastus/operationsStatus/64e877ed-0732-ffb5-a9af-e6e453116003",
        "name": "64e877ed-0732-ffb5-a9af-e6e453116003",
        "status": "Updating",
        "error": null
      }
    },
    {
      "RequestUri": "https://management.azure.com/subscriptions/db1ab6f0-4769-4b27-930e-01e2ef9c123c/providers/Microsoft.AppConfiguration/locations/eastus/operationsStatus/64e877ed-0732-ffb5-a9af-e6e453116003?api-version=2020-06-01",
      "RequestMethod": "GET",
      "RequestHeaders": {
        "Authorization": "Sanitized",
        "User-Agent": [
          "azsdk-net-ResourceManager/1.0.0-beta.5",
          "(.NET Core 3.1.21; Microsoft Windows 10.0.19043)"
        ],
        "x-ms-client-request-id": "26b02bf638798f2b331c908e1df8261c",
        "x-ms-return-client-request-id": "true"
      },
      "RequestBody": null,
      "StatusCode": 200,
      "ResponseHeaders": {
        "Azure-AsyncOperation": "https://management.azure.com/subscriptions/db1ab6f0-4769-4b27-930e-01e2ef9c123c/providers/Microsoft.AppConfiguration/locations/eastus/operationsStatus/64e877ed-0732-ffb5-a9af-e6e453116003?api-version=2020-06-01",
        "Cache-Control": "no-cache",
        "Content-Length": "247",
        "Content-Type": "application/json; charset=utf-8",
        "Date": "Wed, 17 Nov 2021 06:27:16 GMT",
        "Expires": "-1",
        "Pragma": "no-cache",
        "Retry-After": "10",
        "Server": "nginx/1.17.10",
        "Strict-Transport-Security": "max-age=31536000; includeSubDomains",
        "Vary": "Accept-Encoding",
        "X-Content-Type-Options": "nosniff",
        "x-ms-client-request-id": "26b02bf638798f2b331c908e1df8261c",
        "x-ms-correlation-request-id": "748232c9-8930-496b-9117-b67372ac3d28",
        "x-ms-ratelimit-remaining-subscription-reads": "11641",
        "x-ms-request-id": "82519adb-0654-4e59-b62b-1f3d6c1b8a72",
        "x-ms-routing-request-id": "SOUTHEASTASIA:20211117T062716Z:748232c9-8930-496b-9117-b67372ac3d28"
      },
      "ResponseBody": {
        "id": "/subscriptions/db1ab6f0-4769-4b27-930e-01e2ef9c123c/providers/Microsoft.AppConfiguration/locations/eastus/operationsStatus/64e877ed-0732-ffb5-a9af-e6e453116003",
        "name": "64e877ed-0732-ffb5-a9af-e6e453116003",
        "status": "Updating",
        "error": null
      }
    },
    {
      "RequestUri": "https://management.azure.com/subscriptions/db1ab6f0-4769-4b27-930e-01e2ef9c123c/providers/Microsoft.AppConfiguration/locations/eastus/operationsStatus/64e877ed-0732-ffb5-a9af-e6e453116003?api-version=2020-06-01",
      "RequestMethod": "GET",
      "RequestHeaders": {
        "Authorization": "Sanitized",
        "User-Agent": [
          "azsdk-net-ResourceManager/1.0.0-beta.5",
          "(.NET Core 3.1.21; Microsoft Windows 10.0.19043)"
        ],
        "x-ms-client-request-id": "bd2b3ee27eee4f28147b3f88cddb4938",
        "x-ms-return-client-request-id": "true"
      },
      "RequestBody": null,
      "StatusCode": 200,
      "ResponseHeaders": {
        "Azure-AsyncOperation": "https://management.azure.com/subscriptions/db1ab6f0-4769-4b27-930e-01e2ef9c123c/providers/Microsoft.AppConfiguration/locations/eastus/operationsStatus/64e877ed-0732-ffb5-a9af-e6e453116003?api-version=2020-06-01",
        "Cache-Control": "no-cache",
        "Content-Length": "247",
        "Content-Type": "application/json; charset=utf-8",
        "Date": "Wed, 17 Nov 2021 06:27:17 GMT",
        "Expires": "-1",
        "Pragma": "no-cache",
        "Retry-After": "10",
        "Server": "nginx/1.17.10",
        "Strict-Transport-Security": "max-age=31536000; includeSubDomains",
        "Vary": "Accept-Encoding",
        "X-Content-Type-Options": "nosniff",
        "x-ms-client-request-id": "bd2b3ee27eee4f28147b3f88cddb4938",
        "x-ms-correlation-request-id": "97b8d1ee-8314-47eb-81bb-fc5211483859",
        "x-ms-ratelimit-remaining-subscription-reads": "11640",
        "x-ms-request-id": "3771873f-d394-4dbe-a296-8e910062a241",
        "x-ms-routing-request-id": "SOUTHEASTASIA:20211117T062717Z:97b8d1ee-8314-47eb-81bb-fc5211483859"
      },
      "ResponseBody": {
        "id": "/subscriptions/db1ab6f0-4769-4b27-930e-01e2ef9c123c/providers/Microsoft.AppConfiguration/locations/eastus/operationsStatus/64e877ed-0732-ffb5-a9af-e6e453116003",
        "name": "64e877ed-0732-ffb5-a9af-e6e453116003",
        "status": "Updating",
        "error": null
      }
    },
    {
      "RequestUri": "https://management.azure.com/subscriptions/db1ab6f0-4769-4b27-930e-01e2ef9c123c/providers/Microsoft.AppConfiguration/locations/eastus/operationsStatus/64e877ed-0732-ffb5-a9af-e6e453116003?api-version=2020-06-01",
      "RequestMethod": "GET",
      "RequestHeaders": {
        "Authorization": "Sanitized",
        "User-Agent": [
          "azsdk-net-ResourceManager/1.0.0-beta.5",
          "(.NET Core 3.1.21; Microsoft Windows 10.0.19043)"
        ],
        "x-ms-client-request-id": "64efb81c9802f3c37a5c623d57a33565",
        "x-ms-return-client-request-id": "true"
      },
      "RequestBody": null,
      "StatusCode": 200,
      "ResponseHeaders": {
        "Azure-AsyncOperation": "https://management.azure.com/subscriptions/db1ab6f0-4769-4b27-930e-01e2ef9c123c/providers/Microsoft.AppConfiguration/locations/eastus/operationsStatus/64e877ed-0732-ffb5-a9af-e6e453116003?api-version=2020-06-01",
        "Cache-Control": "no-cache",
        "Content-Length": "247",
        "Content-Type": "application/json; charset=utf-8",
        "Date": "Wed, 17 Nov 2021 06:27:19 GMT",
        "Expires": "-1",
        "Pragma": "no-cache",
        "Retry-After": "10",
        "Server": "nginx/1.17.10",
        "Strict-Transport-Security": "max-age=31536000; includeSubDomains",
        "Vary": "Accept-Encoding",
        "X-Content-Type-Options": "nosniff",
        "x-ms-client-request-id": "64efb81c9802f3c37a5c623d57a33565",
        "x-ms-correlation-request-id": "a9748c83-ce32-46fa-9f1b-fc2087fec1e4",
        "x-ms-ratelimit-remaining-subscription-reads": "11639",
        "x-ms-request-id": "5243c329-f2ab-4288-93e3-9776f6f518c1",
        "x-ms-routing-request-id": "SOUTHEASTASIA:20211117T062719Z:a9748c83-ce32-46fa-9f1b-fc2087fec1e4"
      },
      "ResponseBody": {
        "id": "/subscriptions/db1ab6f0-4769-4b27-930e-01e2ef9c123c/providers/Microsoft.AppConfiguration/locations/eastus/operationsStatus/64e877ed-0732-ffb5-a9af-e6e453116003",
        "name": "64e877ed-0732-ffb5-a9af-e6e453116003",
        "status": "Updating",
        "error": null
      }
    },
    {
      "RequestUri": "https://management.azure.com/subscriptions/db1ab6f0-4769-4b27-930e-01e2ef9c123c/providers/Microsoft.AppConfiguration/locations/eastus/operationsStatus/64e877ed-0732-ffb5-a9af-e6e453116003?api-version=2020-06-01",
      "RequestMethod": "GET",
      "RequestHeaders": {
        "Authorization": "Sanitized",
        "User-Agent": [
          "azsdk-net-ResourceManager/1.0.0-beta.5",
          "(.NET Core 3.1.21; Microsoft Windows 10.0.19043)"
        ],
        "x-ms-client-request-id": "daf20e67cef977aa036111fdf8a3c158",
        "x-ms-return-client-request-id": "true"
      },
      "RequestBody": null,
      "StatusCode": 200,
      "ResponseHeaders": {
        "Azure-AsyncOperation": "https://management.azure.com/subscriptions/db1ab6f0-4769-4b27-930e-01e2ef9c123c/providers/Microsoft.AppConfiguration/locations/eastus/operationsStatus/64e877ed-0732-ffb5-a9af-e6e453116003?api-version=2020-06-01",
        "Cache-Control": "no-cache",
        "Content-Length": "248",
        "Content-Type": "application/json; charset=utf-8",
        "Date": "Wed, 17 Nov 2021 06:27:20 GMT",
        "Expires": "-1",
        "Pragma": "no-cache",
        "Server": "nginx/1.17.10",
        "Strict-Transport-Security": "max-age=31536000; includeSubDomains",
        "Vary": "Accept-Encoding",
        "X-Content-Type-Options": "nosniff",
        "x-ms-client-request-id": "daf20e67cef977aa036111fdf8a3c158",
        "x-ms-correlation-request-id": "5b952eb4-768d-46e1-aa69-2861aea72889",
        "x-ms-ratelimit-remaining-subscription-reads": "11638",
        "x-ms-request-id": "a20cfc94-5f19-4841-94a3-d1d8cdbae11b",
        "x-ms-routing-request-id": "SOUTHEASTASIA:20211117T062720Z:5b952eb4-768d-46e1-aa69-2861aea72889"
      },
      "ResponseBody": {
        "id": "/subscriptions/db1ab6f0-4769-4b27-930e-01e2ef9c123c/providers/Microsoft.AppConfiguration/locations/eastus/operationsStatus/64e877ed-0732-ffb5-a9af-e6e453116003",
        "name": "64e877ed-0732-ffb5-a9af-e6e453116003",
        "status": "Succeeded",
        "error": null
      }
    },
    {
      "RequestUri": "https://management.azure.com/subscriptions/db1ab6f0-4769-4b27-930e-01e2ef9c123c/resourceGroups/default-appconfiguration-7848/providers/Microsoft.AppConfiguration/configurationStores/testapp-4276/privateEndpointConnections/myconnection?api-version=2020-06-01",
      "RequestMethod": "GET",
      "RequestHeaders": {
        "Authorization": "Sanitized",
        "User-Agent": [
          "azsdk-net-ResourceManager/1.0.0-beta.5",
          "(.NET Core 3.1.21; Microsoft Windows 10.0.19043)"
        ],
        "x-ms-client-request-id": "657158d2c2084a1a7a3842921ceaf771",
        "x-ms-return-client-request-id": "true"
      },
      "RequestBody": null,
      "StatusCode": 200,
      "ResponseHeaders": {
        "Cache-Control": "no-cache",
        "Content-Length": "646",
        "Content-Type": "application/json; charset=utf-8",
        "Date": "Wed, 17 Nov 2021 06:27:20 GMT",
        "Expires": "-1",
        "Pragma": "no-cache",
        "Server": "nginx/1.17.10",
        "Strict-Transport-Security": "max-age=31536000; includeSubDomains",
        "Vary": "Accept-Encoding",
        "X-Content-Type-Options": "nosniff",
        "x-ms-client-request-id": "657158d2c2084a1a7a3842921ceaf771",
        "x-ms-correlation-request-id": "ec848bc7-1b7b-4898-ae5c-22f336e142d1",
        "x-ms-ratelimit-remaining-subscription-reads": "11637",
        "x-ms-request-id": "ef4109a4-885d-4d40-89f0-861003229ff3",
        "x-ms-routing-request-id": "SOUTHEASTASIA:20211117T062720Z:ec848bc7-1b7b-4898-ae5c-22f336e142d1"
      },
      "ResponseBody": {
        "type": "Microsoft.AppConfiguration/configurationStores/privateEndpointConnections",
        "properties": {
          "provisioningState": "Succeeded",
          "privateEndpoint": {
            "id": "/subscriptions/db1ab6f0-4769-4b27-930e-01e2ef9c123c/resourceGroups/Default-AppConfiguration-7848/providers/Microsoft.Network/privateEndpoints/endpointxyz5816"
          },
          "privateLinkServiceConnectionState": {
            "status": "Approved",
            "description": "Update descriptions"
          }
        },
        "id": "/subscriptions/db1ab6f0-4769-4b27-930e-01e2ef9c123c/resourceGroups/default-appconfiguration-7848/providers/Microsoft.AppConfiguration/configurationStores/testapp-4276/privateEndpointConnections/myconnection",
        "name": "myconnection"
      }
    }
  ],
  "Variables": {
    "RandomSeed": "1198482453",
    "RESOURCE_MANAGER_URL": null,
    "SUBSCRIPTION_ID": "db1ab6f0-4769-4b27-930e-01e2ef9c123c"
  }
}