{
  "Entries": [
    {
      "RequestUri": "https://management.azure.com/subscriptions/db1ab6f0-4769-4b27-930e-01e2ef9c123c?api-version=2021-01-01",
      "RequestMethod": "GET",
      "RequestHeaders": {
        "Accept": "application/json",
        "Authorization": "Sanitized",
        "traceparent": "00-c8dd1729c4f02b74514f0bb97255c102-389219b3462446ac-00",
        "User-Agent": "azsdk-net-ResourceManager/1.3.2 (.NET 6.0.11; Microsoft Windows 10.0.22621)",
        "x-ms-client-request-id": "730dbb46ef1583cab10d050481ae5396",
        "x-ms-return-client-request-id": "true"
      },
      "RequestBody": null,
      "StatusCode": 200,
      "ResponseHeaders": {
        "Cache-Control": "no-cache",
        "Content-Length": "748",
        "Content-Type": "application/json; charset=utf-8",
        "Date": "Mon, 21 Nov 2022 08:37:38 GMT",
        "Expires": "-1",
        "Pragma": "no-cache",
        "Strict-Transport-Security": "max-age=31536000; includeSubDomains",
        "X-Content-Type-Options": "nosniff",
        "x-ms-correlation-request-id": "2bda4f00-e34a-4747-8418-46f01d13b7f7",
        "x-ms-ratelimit-remaining-subscription-reads": "11967",
        "x-ms-request-id": "2bda4f00-e34a-4747-8418-46f01d13b7f7",
        "x-ms-routing-request-id": "SOUTHEASTASIA:20221121T083738Z:2bda4f00-e34a-4747-8418-46f01d13b7f7"
      },
      "ResponseBody": {
        "id": "/subscriptions/db1ab6f0-4769-4b27-930e-01e2ef9c123c",
        "authorizationSource": "RoleBased",
        "managedByTenants": [],
        "tags": {
          "TagKey-9823": "TagValue-1254",
          "TagKey-3481": "TagValue-320",
          "TagKey-4926": "TagValue-1187",
          "TagKey-751": "TagValue-3921",
          "TagKey-1866": "TagValue-8559",
          "TagKey-3094": "TagValue-9190",
          "TagKey-2449": "TagValue-9",
          "TagKey-8379": "TagValue-164",
          "TagKey-7470": "TagValue-2205",
          "TagKey-4236": "TagValue-3698",
          "TagKey-5316": "TagValue-2725"
        },
        "subscriptionId": "db1ab6f0-4769-4b27-930e-01e2ef9c123c",
        "tenantId": "72f988bf-86f1-41af-91ab-2d7cd011db47",
        "displayName": ".NET Mgmt SDK Test with TTL = 1 Day",
        "state": "Enabled",
        "subscriptionPolicies": {
          "locationPlacementId": "Internal_2014-09-01",
          "quotaId": "Internal_2014-09-01",
          "spendingLimit": "Off"
        }
      }
    },
    {
      "RequestUri": "https://management.azure.com/subscriptions/db1ab6f0-4769-4b27-930e-01e2ef9c123c/resourcegroups/testRG-4932?api-version=**",
      "RequestMethod": "PUT",
      "RequestHeaders": {
        "Accept": "application/json",
        "Authorization": "Sanitized",
        "Content-Length": "43",
        "Content-Type": "application/json",
        "traceparent": "00-14e8bce1735a7994bb12b50ca16b5483-18dea35959ae616d-00",
        "User-Agent": "azsdk-net-ResourceManager/1.3.2 (.NET 6.0.11; Microsoft Windows 10.0.22621)",
        "x-ms-client-request-id": "f9d9321a0c6b84170b2c817fff3b7f12",
        "x-ms-return-client-request-id": "true"
      },
      "RequestBody": {
        "tags": {
          "test": "env"
        },
        "location": "eastus"
      },
      "StatusCode": 201,
      "ResponseHeaders": {
        "Cache-Control": "no-cache",
        "Content-Length": "241",
        "Content-Type": "application/json; charset=utf-8",
        "Date": "Mon, 21 Nov 2022 08:37:39 GMT",
        "Expires": "-1",
        "Pragma": "no-cache",
        "Strict-Transport-Security": "max-age=31536000; includeSubDomains",
        "X-Content-Type-Options": "nosniff",
        "x-ms-correlation-request-id": "a5591622-3777-467d-bd5b-026289a1e0b2",
        "x-ms-ratelimit-remaining-subscription-writes": "1126",
        "x-ms-request-id": "a5591622-3777-467d-bd5b-026289a1e0b2",
        "x-ms-routing-request-id": "SOUTHEASTASIA:20221121T083740Z:a5591622-3777-467d-bd5b-026289a1e0b2"
      },
      "ResponseBody": {
        "id": "/subscriptions/db1ab6f0-4769-4b27-930e-01e2ef9c123c/resourceGroups/testRG-4932",
        "name": "testRG-4932",
        "type": "Microsoft.Resources/resourceGroups",
        "location": "eastus",
        "tags": {
          "test": "env"
        },
        "properties": {
          "provisioningState": "Succeeded"
        }
      }
    },
    {
      "RequestUri": "https://management.azure.com/subscriptions/db1ab6f0-4769-4b27-930e-01e2ef9c123c/resourceGroups/testRG-4932/providers/Microsoft.Compute/availabilitySets/testAS-3565?api-version=2021-04-01",
      "RequestMethod": "PUT",
      "RequestHeaders": {
        "Accept": "application/json",
        "Authorization": "Sanitized",
        "Content-Length": "60",
        "Content-Type": "application/json",
        "traceparent": "00-3531c2b4c547b5ddcdb447c2c18491e3-7f102d71c27d5d6a-00",
        "User-Agent": "azsdk-net-ResourceManager.Compute/1.1.0-alpha.20221121.1 (.NET 6.0.11; Microsoft Windows 10.0.22621)",
        "x-ms-client-request-id": "42583277474b2fc357347a9aa2e3cfbd",
        "x-ms-return-client-request-id": "true"
      },
      "RequestBody": {
        "tags": {
          "key": "value"
        },
        "location": "eastus",
        "properties": {}
      },
      "StatusCode": 200,
      "ResponseHeaders": {
        "Cache-Control": "no-cache",
        "Content-Length": "428",
        "Content-Type": "application/json; charset=utf-8",
        "Date": "Mon, 21 Nov 2022 08:37:42 GMT",
        "Expires": "-1",
        "Pragma": "no-cache",
        "Server": [
          "Microsoft-HTTPAPI/2.0",
          "Microsoft-HTTPAPI/2.0"
        ],
        "Strict-Transport-Security": "max-age=31536000; includeSubDomains",
        "X-Content-Type-Options": "nosniff",
        "x-ms-client-request-id": "42583277474b2fc357347a9aa2e3cfbd",
        "x-ms-correlation-request-id": "19cf158c-e817-4722-8707-ceef674ddd48",
        "x-ms-ratelimit-remaining-resource": "Microsoft.Compute/PutVM3Min;203,Microsoft.Compute/PutVM30Min;1152",
        "x-ms-ratelimit-remaining-subscription-writes": "1125",
        "x-ms-request-id": "a843f795-0af9-4693-987e-2f5a5d613a49",
        "x-ms-routing-request-id": "SOUTHEASTASIA:20221121T083743Z:19cf158c-e817-4722-8707-ceef674ddd48"
      },
      "ResponseBody": {
        "name": "testAS-3565",
        "id": "/subscriptions/db1ab6f0-4769-4b27-930e-01e2ef9c123c/resourceGroups/testRG-4932/providers/Microsoft.Compute/availabilitySets/testAS-3565",
        "type": "Microsoft.Compute/availabilitySets",
        "location": "eastus",
        "tags": {
          "key": "value"
        },
        "properties": {
          "platformUpdateDomainCount": 5,
          "platformFaultDomainCount": 3
        },
        "sku": {
          "name": "Classic"
        }
      }
    },
    {
      "RequestUri": "https://management.azure.com/providers/Microsoft.Compute?api-version=2021-04-01",
      "RequestMethod": "GET",
      "RequestHeaders": {
        "Accept": "application/json",
        "Authorization": "Sanitized",
        "traceparent": "00-ff67a8af255dd81b761b9638e39477e7-841e96a9c963f099-00",
        "User-Agent": "azsdk-net-ResourceManager/1.3.2 (.NET 6.0.11; Microsoft Windows 10.0.22621)",
        "x-ms-client-request-id": "ae60ede34c8300505b91e39d02310eca",
        "x-ms-return-client-request-id": "true"
      },
      "RequestBody": null,
      "StatusCode": 200,
      "ResponseHeaders": {
        "Cache-Control": "no-cache",
        "Content-Length": "88414",
        "Content-Type": "application/json; charset=utf-8",
        "Date": "Mon, 21 Nov 2022 08:37:42 GMT",
        "Expires": "-1",
        "Pragma": "no-cache",
        "Strict-Transport-Security": "max-age=31536000; includeSubDomains",
        "X-Content-Type-Options": "nosniff",
        "x-ms-correlation-request-id": "79e4f303-ce90-4def-9b0f-6bca5d8a6527",
        "x-ms-ratelimit-remaining-tenant-reads": "11998",
        "x-ms-request-id": "79e4f303-ce90-4def-9b0f-6bca5d8a6527",
        "x-ms-routing-request-id": "SOUTHEASTASIA:20221121T083743Z:79e4f303-ce90-4def-9b0f-6bca5d8a6527"
      },
      "ResponseBody": {
        "namespace": "Microsoft.Compute",
        "resourceTypes": [
          {
            "resourceType": "availabilitySets",
            "locations": [
              "East US",
              "East US 2",
              "West US",
              "Central US",
              "North Central US",
              "South Central US",
              "North Europe",
              "West Europe",
              "East Asia",
              "Southeast Asia",
              "Japan East",
              "Japan West",
              "Australia East",
              "Australia Southeast",
              "Australia Central",
              "Brazil South",
              "South India",
              "Central India",
              "West India",
              "Canada Central",
              "Canada East",
              "West US 2",
              "West Central US",
              "UK South",
              "UK West",
              "Korea Central",
              "Korea South",
              "France Central",
              "South Africa North",
              "UAE North",
              "Switzerland North",
              "Germany West Central",
              "Norway East",
              "Jio India West",
              "West US 3",
              "Sweden Central",
              "Qatar Central",
              "France South",
              "Australia Central 2",
              "South Africa West",
              "UAE Central",
              "Switzerland West",
              "Germany North",
              "Norway West",
              "Brazil Southeast",
              "Jio India Central",
              "Sweden South",
              "Israel Central",
              "Poland Central",
              "Malaysia South",
              "East US STG",
              "South Central US STG",
              "East US 2 EUAP",
              "Central US EUAP"
            ],
            "apiVersions": [
              "2022-11-01",
              "2022-08-01",
              "2022-03-01",
              "2021-11-01",
              "2021-07-01",
              "2021-04-01",
              "2021-03-01",
              "2020-12-01",
              "2020-06-01",
              "2019-12-01",
              "2019-07-01",
              "2019-03-01",
              "2018-10-01",
              "2018-06-01",
              "2018-04-01",
              "2017-12-01",
              "2017-03-30",
              "2016-08-30",
              "2016-04-30-preview",
              "2016-03-30",
              "2015-06-15",
              "2015-05-01-preview"
            ],
            "defaultApiVersion": "2021-07-01",
            "apiProfiles": [
              {
                "profileVersion": "2017-03-09-profile",
                "apiVersion": "2016-03-30"
              },
              {
                "profileVersion": "2018-03-01-hybrid",
                "apiVersion": "2017-03-30"
              },
              {
                "profileVersion": "2018-06-01-profile",
                "apiVersion": "2017-12-01"
              },
              {
                "profileVersion": "2019-03-01-hybrid",
                "apiVersion": "2017-12-01"
              },
              {
                "profileVersion": "2020-09-01-hybrid",
                "apiVersion": "2020-06-01"
              }
            ],
            "capabilities": "SupportsTags, SupportsLocation"
          },
          {
            "resourceType": "virtualMachines",
            "locations": [
              "East US",
              "East US 2",
              "West US",
              "Central US",
              "North Central US",
              "South Central US",
              "North Europe",
              "West Europe",
              "East Asia",
              "Southeast Asia",
              "Japan East",
              "Japan West",
              "Australia East",
              "Australia Southeast",
              "Australia Central",
              "Brazil South",
              "South India",
              "Central India",
              "West India",
              "Canada Central",
              "Canada East",
              "West US 2",
              "West Central US",
              "UK South",
              "UK West",
              "Korea Central",
              "Korea South",
              "France Central",
              "South Africa North",
              "UAE North",
              "Switzerland North",
              "Germany West Central",
              "Norway East",
              "Jio India West",
              "West US 3",
              "Sweden Central",
              "Qatar Central",
              "France South",
              "Australia Central 2",
              "South Africa West",
              "UAE Central",
              "Switzerland West",
              "Germany North",
              "Norway West",
              "Brazil Southeast",
              "Jio India Central",
              "Sweden South",
              "Israel Central",
              "Poland Central",
              "Malaysia South",
              "East US STG",
              "South Central US STG",
              "East US 2 EUAP",
              "Central US EUAP"
            ],
            "apiVersions": [
              "2022-11-01",
              "2022-08-01",
              "2022-03-01",
              "2021-11-01",
              "2021-07-01",
              "2021-04-01",
              "2021-03-01",
              "2020-12-01",
              "2020-06-01",
              "2019-12-01",
              "2019-07-01",
              "2019-03-01",
              "2018-10-01",
              "2018-06-01",
              "2018-04-01",
              "2017-12-01",
              "2017-03-30",
              "2016-08-30",
              "2016-04-30-preview",
              "2016-03-30",
              "2015-06-15",
              "2015-05-01-preview"
            ],
            "defaultApiVersion": "2021-07-01",
            "apiProfiles": [
              {
                "profileVersion": "2017-03-09-profile",
                "apiVersion": "2016-03-30"
              },
              {
                "profileVersion": "2018-03-01-hybrid",
                "apiVersion": "2017-03-30"
              },
              {
                "profileVersion": "2018-06-01-profile",
                "apiVersion": "2017-12-01"
              },
              {
                "profileVersion": "2019-03-01-hybrid",
                "apiVersion": "2017-12-01"
              },
              {
                "profileVersion": "2020-09-01-hybrid",
                "apiVersion": "2020-06-01"
              }
            ],
            "zoneMappings": [],
            "capabilities": "SupportsTags, SupportsLocation"
          },
          {
            "resourceType": "virtualMachines/extensions",
            "locations": [
              "East US",
              "East US 2",
              "West US",
              "Central US",
              "North Central US",
              "South Central US",
              "North Europe",
              "West Europe",
              "East Asia",
              "Southeast Asia",
              "Japan East",
              "Japan West",
              "Australia East",
              "Australia Southeast",
              "Australia Central",
              "Brazil South",
              "South India",
              "Central India",
              "West India",
              "Canada Central",
              "Canada East",
              "West US 2",
              "West Central US",
              "UK South",
              "UK West",
              "Korea Central",
              "Korea South",
              "France Central",
              "South Africa North",
              "UAE North",
              "Switzerland North",
              "Germany West Central",
              "Norway East",
              "Jio India West",
              "West US 3",
              "Sweden Central",
              "Qatar Central",
              "France South",
              "Australia Central 2",
              "South Africa West",
              "UAE Central",
              "Switzerland West",
              "Germany North",
              "Norway West",
              "Brazil Southeast",
              "Jio India Central",
              "Sweden South",
              "Israel Central",
              "Poland Central",
              "Malaysia South",
              "East US STG",
              "South Central US STG",
              "East US 2 EUAP",
              "Central US EUAP"
            ],
            "apiVersions": [
              "2022-11-01",
              "2022-08-01",
              "2022-03-01",
              "2021-11-01",
              "2021-07-01",
              "2021-04-01",
              "2021-03-01",
              "2020-12-01",
              "2020-06-01",
              "2019-12-01",
              "2019-07-01",
              "2019-03-01",
              "2018-10-01",
              "2018-06-01",
              "2018-04-01",
              "2017-12-01",
              "2017-03-30",
              "2016-08-30",
              "2016-04-30-preview",
              "2016-03-30",
              "2015-06-15",
              "2015-05-01-preview"
            ],
            "defaultApiVersion": "2021-07-01",
            "apiProfiles": [
              {
                "profileVersion": "2017-03-09-profile",
                "apiVersion": "2016-03-30"
              },
              {
                "profileVersion": "2018-03-01-hybrid",
                "apiVersion": "2017-03-30"
              },
              {
                "profileVersion": "2018-06-01-profile",
                "apiVersion": "2017-12-01"
              },
              {
                "profileVersion": "2019-03-01-hybrid",
                "apiVersion": "2017-12-01"
              },
              {
                "profileVersion": "2020-09-01-hybrid",
                "apiVersion": "2020-06-01"
              }
            ],
            "capabilities": "SupportsTags, SupportsLocation"
          },
          {
            "resourceType": "virtualMachineScaleSets",
            "locations": [
              "East US",
              "East US 2",
              "West US",
              "Central US",
              "North Central US",
              "South Central US",
              "North Europe",
              "West Europe",
              "East Asia",
              "Southeast Asia",
              "Japan East",
              "Japan West",
              "Australia East",
              "Australia Southeast",
              "Australia Central",
              "Brazil South",
              "South India",
              "Central India",
              "West India",
              "Canada Central",
              "Canada East",
              "West US 2",
              "West Central US",
              "UK South",
              "UK West",
              "Korea Central",
              "Korea South",
              "France Central",
              "South Africa North",
              "UAE North",
              "Switzerland North",
              "Germany West Central",
              "Norway East",
              "Jio India West",
              "West US 3",
              "Sweden Central",
              "Qatar Central",
              "France South",
              "Australia Central 2",
              "South Africa West",
              "UAE Central",
              "Switzerland West",
              "Germany North",
              "Norway West",
              "Brazil Southeast",
              "Jio India Central",
              "Sweden South",
              "Israel Central",
              "Poland Central",
              "Malaysia South",
              "East US STG",
              "South Central US STG",
              "East US 2 EUAP",
              "Central US EUAP"
            ],
            "apiVersions": [
              "2022-11-01",
              "2022-08-01",
              "2022-03-01",
              "2021-11-01",
              "2021-07-01",
              "2021-04-01",
              "2021-03-01",
              "2020-12-01",
              "2020-06-01",
              "2019-12-01",
              "2019-07-01",
              "2019-03-01",
              "2018-10-01",
              "2018-06-01",
              "2018-04-01",
              "2017-12-01",
              "2017-10-30-preview",
              "2017-03-30",
              "2016-08-30",
              "2016-04-30-preview",
              "2016-03-30",
              "2015-06-15",
              "2015-05-01-preview"
            ],
            "defaultApiVersion": "2021-07-01",
            "apiProfiles": [
              {
                "profileVersion": "2017-03-09-profile",
                "apiVersion": "2016-03-30"
              },
              {
                "profileVersion": "2018-03-01-hybrid",
                "apiVersion": "2017-03-30"
              },
              {
                "profileVersion": "2018-06-01-profile",
                "apiVersion": "2017-12-01"
              },
              {
                "profileVersion": "2019-03-01-hybrid",
                "apiVersion": "2017-12-01"
              },
              {
                "profileVersion": "2020-09-01-hybrid",
                "apiVersion": "2020-06-01"
              }
            ],
            "zoneMappings": [],
            "capabilities": "SupportsTags, SupportsLocation"
          },
          {
            "resourceType": "virtualMachineScaleSets/extensions",
            "locations": [
              "East US",
              "East US 2",
              "West US",
              "Central US",
              "North Central US",
              "South Central US",
              "North Europe",
              "West Europe",
              "East Asia",
              "Southeast Asia",
              "Japan East",
              "Japan West",
              "Australia East",
              "Australia Southeast",
              "Australia Central",
              "Brazil South",
              "South India",
              "Central India",
              "West India",
              "Canada Central",
              "Canada East",
              "West US 2",
              "West Central US",
              "UK South",
              "UK West",
              "Korea Central",
              "Korea South",
              "France Central",
              "South Africa North",
              "UAE North",
              "Switzerland North",
              "Germany West Central",
              "Norway East",
              "Jio India West",
              "West US 3",
              "Sweden Central",
              "Qatar Central",
              "France South",
              "Australia Central 2",
              "South Africa West",
              "UAE Central",
              "Switzerland West",
              "Germany North",
              "Norway West",
              "Brazil Southeast",
              "Jio India Central",
              "Sweden South",
              "Israel Central",
              "Poland Central",
              "Malaysia South",
              "East US STG",
              "South Central US STG",
              "East US 2 EUAP",
              "Central US EUAP"
            ],
            "apiVersions": [
              "2022-11-01",
              "2022-08-01",
              "2022-03-01",
              "2021-11-01",
              "2021-07-01",
              "2021-04-01",
              "2021-03-01",
              "2020-12-01",
              "2020-06-01",
              "2019-12-01",
              "2019-07-01",
              "2019-03-01",
              "2018-10-01",
              "2018-06-01",
              "2018-04-01",
              "2017-12-01",
              "2017-10-30-preview",
              "2017-03-30",
              "2016-08-30",
              "2016-04-30-preview",
              "2016-03-30",
              "2015-06-15",
              "2015-05-01-preview"
            ],
            "defaultApiVersion": "2015-06-15",
            "apiProfiles": [
              {
                "profileVersion": "2017-03-09-profile",
                "apiVersion": "2016-03-30"
              },
              {
                "profileVersion": "2018-03-01-hybrid",
                "apiVersion": "2017-03-30"
              },
              {
                "profileVersion": "2018-06-01-profile",
                "apiVersion": "2017-12-01"
              },
              {
                "profileVersion": "2019-03-01-hybrid",
                "apiVersion": "2017-12-01"
              },
              {
                "profileVersion": "2020-09-01-hybrid",
                "apiVersion": "2020-06-01"
              }
            ],
            "capabilities": "None"
          },
          {
            "resourceType": "virtualMachineScaleSets/virtualMachines",
            "locations": [
              "East US",
              "East US 2",
              "West US",
              "Central US",
              "North Central US",
              "South Central US",
              "North Europe",
              "West Europe",
              "East Asia",
              "Southeast Asia",
              "Japan East",
              "Japan West",
              "Australia East",
              "Australia Southeast",
              "Australia Central",
              "Brazil South",
              "South India",
              "Central India",
              "West India",
              "Canada Central",
              "Canada East",
              "West US 2",
              "West Central US",
              "UK South",
              "UK West",
              "Korea Central",
              "Korea South",
              "France Central",
              "South Africa North",
              "UAE North",
              "Switzerland North",
              "Germany West Central",
              "Norway East",
              "Jio India West",
              "West US 3",
              "Sweden Central",
              "Qatar Central",
              "France South",
              "Australia Central 2",
              "South Africa West",
              "UAE Central",
              "Switzerland West",
              "Germany North",
              "Norway West",
              "Brazil Southeast",
              "Jio India Central",
              "Sweden South",
              "Israel Central",
              "Poland Central",
              "Malaysia South",
              "East US STG",
              "South Central US STG",
              "East US 2 EUAP",
              "Central US EUAP"
            ],
            "apiVersions": [
              "2022-11-01",
              "2022-08-01",
              "2022-03-01",
              "2021-11-01",
              "2021-07-01",
              "2021-04-01",
              "2021-03-01",
              "2020-12-01",
              "2020-06-01",
              "2019-12-01",
              "2019-07-01",
              "2019-03-01",
              "2018-10-01",
              "2018-06-01",
              "2018-04-01",
              "2017-12-01",
              "2017-10-30-preview",
              "2017-03-30",
              "2016-08-30",
              "2016-04-30-preview",
              "2016-03-30",
              "2015-06-15",
              "2015-05-01-preview"
            ],
            "defaultApiVersion": "2021-07-01",
            "apiProfiles": [
              {
                "profileVersion": "2017-03-09-profile",
                "apiVersion": "2016-03-30"
              },
              {
                "profileVersion": "2018-03-01-hybrid",
                "apiVersion": "2017-03-30"
              },
              {
                "profileVersion": "2018-06-01-profile",
                "apiVersion": "2017-12-01"
              },
              {
                "profileVersion": "2019-03-01-hybrid",
                "apiVersion": "2017-12-01"
              },
              {
                "profileVersion": "2020-09-01-hybrid",
                "apiVersion": "2020-06-01"
              }
            ],
            "capabilities": "None"
          },
          {
            "resourceType": "virtualMachineScaleSets/virtualMachines/extensions",
            "locations": [
              "East US",
              "East US 2",
              "West US",
              "Central US",
              "North Central US",
              "South Central US",
              "North Europe",
              "West Europe",
              "East Asia",
              "Southeast Asia",
              "Japan East",
              "Japan West",
              "Australia East",
              "Australia Southeast",
              "Australia Central",
              "Brazil South",
              "South India",
              "Central India",
              "West India",
              "Canada Central",
              "Canada East",
              "West US 2",
              "West Central US",
              "UK South",
              "UK West",
              "Korea Central",
              "Korea South",
              "France Central",
              "South Africa North",
              "UAE North",
              "Switzerland North",
              "Germany West Central",
              "Norway East",
              "Jio India West",
              "West US 3",
              "Sweden Central",
              "Qatar Central",
              "France South",
              "Australia Central 2",
              "South Africa West",
              "UAE Central",
              "Switzerland West",
              "Germany North",
              "Norway West",
              "Brazil Southeast",
              "Jio India Central",
              "Sweden South",
              "Israel Central",
              "Poland Central",
              "Malaysia South",
              "East US STG",
              "South Central US STG",
              "East US 2 EUAP",
              "Central US EUAP"
            ],
            "apiVersions": [
              "2022-11-01",
              "2022-08-01",
              "2022-03-01",
              "2021-11-01",
              "2021-07-01",
              "2021-04-01",
              "2021-03-01",
              "2020-12-01",
              "2020-06-01",
              "2019-12-01",
              "2019-07-01",
              "2019-03-01",
              "2018-10-01",
              "2018-06-01",
              "2018-04-01",
              "2017-12-01",
              "2017-10-30-preview",
              "2017-03-30",
              "2016-08-30",
              "2016-04-30-preview",
              "2016-03-30",
              "2015-06-15",
              "2015-05-01-preview"
            ],
            "apiProfiles": [
              {
                "profileVersion": "2017-03-09-profile",
                "apiVersion": "2016-03-30"
              },
              {
                "profileVersion": "2018-03-01-hybrid",
                "apiVersion": "2017-03-30"
              },
              {
                "profileVersion": "2018-06-01-profile",
                "apiVersion": "2017-12-01"
              },
              {
                "profileVersion": "2019-03-01-hybrid",
                "apiVersion": "2017-12-01"
              },
              {
                "profileVersion": "2020-09-01-hybrid",
                "apiVersion": "2020-06-01"
              }
            ],
            "capabilities": "None"
          },
          {
            "resourceType": "virtualMachineScaleSets/networkInterfaces",
            "locations": [
              "East US",
              "East US 2",
              "West US",
              "Central US",
              "North Central US",
              "South Central US",
              "North Europe",
              "West Europe",
              "East Asia",
              "Southeast Asia",
              "Japan East",
              "Japan West",
              "Australia East",
              "Australia Southeast",
              "Australia Central",
              "Brazil South",
              "South India",
              "Central India",
              "West India",
              "Canada Central",
              "Canada East",
              "West US 2",
              "West Central US",
              "UK South",
              "UK West",
              "Korea Central",
              "Korea South",
              "France Central",
              "South Africa North",
              "UAE North",
              "Switzerland North",
              "Germany West Central",
              "Norway East",
              "Jio India West",
              "West US 3",
              "Sweden Central",
              "Qatar Central",
              "France South",
              "Australia Central 2",
              "South Africa West",
              "UAE Central",
              "Switzerland West",
              "Germany North",
              "Norway West",
              "Brazil Southeast",
              "Jio India Central",
              "Sweden South",
              "Israel Central",
              "Poland Central",
              "Malaysia South",
              "East US STG",
              "South Central US STG",
              "East US 2 EUAP",
              "Central US EUAP"
            ],
            "apiVersions": [
              "2022-11-01",
              "2022-08-01",
              "2022-03-01",
              "2021-11-01",
              "2021-07-01",
              "2021-04-01",
              "2021-03-01",
              "2020-12-01",
              "2020-06-01",
              "2019-12-01",
              "2019-07-01",
              "2019-03-01",
              "2018-10-01",
              "2018-06-01",
              "2018-04-01",
              "2017-12-01",
              "2017-03-30",
              "2016-09-01",
              "2016-08-01",
              "2016-07-01",
              "2016-06-01",
              "2016-04-30-preview",
              "2016-03-30",
              "2015-06-15",
              "2015-05-01-preview"
            ],
            "apiProfiles": [
              {
                "profileVersion": "2017-03-09-profile",
                "apiVersion": "2016-03-30"
              },
              {
                "profileVersion": "2018-03-01-hybrid",
                "apiVersion": "2017-03-30"
              },
              {
                "profileVersion": "2018-06-01-profile",
                "apiVersion": "2017-12-01"
              },
              {
                "profileVersion": "2019-03-01-hybrid",
                "apiVersion": "2017-12-01"
              },
              {
                "profileVersion": "2020-09-01-hybrid",
                "apiVersion": "2020-06-01"
              }
            ],
            "capabilities": "None"
          },
          {
            "resourceType": "virtualMachineScaleSets/virtualMachines/networkInterfaces",
            "locations": [
              "East US",
              "East US 2",
              "West US",
              "Central US",
              "North Central US",
              "South Central US",
              "North Europe",
              "West Europe",
              "East Asia",
              "Southeast Asia",
              "Japan East",
              "Japan West",
              "Australia East",
              "Australia Southeast",
              "Australia Central",
              "Brazil South",
              "South India",
              "Central India",
              "West India",
              "Canada Central",
              "Canada East",
              "West US 2",
              "West Central US",
              "UK South",
              "UK West",
              "Korea Central",
              "Korea South",
              "France Central",
              "South Africa North",
              "UAE North",
              "Switzerland North",
              "Germany West Central",
              "Norway East",
              "Jio India West",
              "West US 3",
              "Sweden Central",
              "Qatar Central",
              "France South",
              "Australia Central 2",
              "South Africa West",
              "UAE Central",
              "Switzerland West",
              "Germany North",
              "Norway West",
              "Brazil Southeast",
              "Jio India Central",
              "Sweden South",
              "Israel Central",
              "Poland Central",
              "Malaysia South",
              "East US STG",
              "South Central US STG",
              "East US 2 EUAP",
              "Central US EUAP"
            ],
            "apiVersions": [
              "2022-11-01",
              "2022-08-01",
              "2022-03-01",
              "2021-11-01",
              "2021-07-01",
              "2021-04-01",
              "2021-03-01",
              "2020-12-01",
              "2020-06-01",
              "2019-12-01",
              "2019-07-01",
              "2019-03-01",
              "2018-10-01",
              "2018-06-01",
              "2018-04-01",
              "2017-12-01",
              "2017-03-30",
              "2016-09-01",
              "2016-08-01",
              "2016-07-01",
              "2016-06-01",
              "2016-04-30-preview",
              "2016-03-30",
              "2015-06-15",
              "2015-05-01-preview"
            ],
            "apiProfiles": [
              {
                "profileVersion": "2017-03-09-profile",
                "apiVersion": "2016-03-30"
              },
              {
                "profileVersion": "2018-03-01-hybrid",
                "apiVersion": "2017-03-30"
              },
              {
                "profileVersion": "2018-06-01-profile",
                "apiVersion": "2017-12-01"
              },
              {
                "profileVersion": "2019-03-01-hybrid",
                "apiVersion": "2017-12-01"
              },
              {
                "profileVersion": "2020-09-01-hybrid",
                "apiVersion": "2020-06-01"
              }
            ],
            "capabilities": "None"
          },
          {
            "resourceType": "virtualMachineScaleSets/publicIPAddresses",
            "locations": [
              "East US",
              "East US 2",
              "West US",
              "Central US",
              "North Central US",
              "South Central US",
              "North Europe",
              "West Europe",
              "East Asia",
              "Southeast Asia",
              "Japan East",
              "Japan West",
              "Australia East",
              "Australia Southeast",
              "Australia Central",
              "Brazil South",
              "South India",
              "Central India",
              "West India",
              "Canada Central",
              "Canada East",
              "West US 2",
              "West Central US",
              "UK South",
              "UK West",
              "Korea Central",
              "Korea South",
              "France Central",
              "South Africa North",
              "UAE North",
              "Switzerland North",
              "Germany West Central",
              "Norway East",
              "Jio India West",
              "West US 3",
              "Sweden Central",
              "Qatar Central",
              "France South",
              "Australia Central 2",
              "South Africa West",
              "UAE Central",
              "Switzerland West",
              "Germany North",
              "Norway West",
              "Brazil Southeast",
              "Jio India Central",
              "Sweden South",
              "Israel Central",
              "Poland Central",
              "Malaysia South",
              "East US STG",
              "South Central US STG",
              "East US 2 EUAP",
              "Central US EUAP"
            ],
            "apiVersions": [
              "2022-11-01",
              "2022-08-01",
              "2022-03-01",
              "2021-11-01",
              "2021-07-01",
              "2021-04-01",
              "2021-03-01",
              "2020-12-01",
              "2020-06-01",
              "2019-12-01",
              "2019-07-01",
              "2019-03-01",
              "2018-10-01",
              "2018-06-01",
              "2018-04-01",
              "2017-12-01",
              "2017-03-30"
            ],
            "apiProfiles": [
              {
                "profileVersion": "2018-03-01-hybrid",
                "apiVersion": "2017-03-30"
              },
              {
                "profileVersion": "2018-06-01-profile",
                "apiVersion": "2017-12-01"
              },
              {
                "profileVersion": "2019-03-01-hybrid",
                "apiVersion": "2017-12-01"
              },
              {
                "profileVersion": "2020-09-01-hybrid",
                "apiVersion": "2020-06-01"
              }
            ],
            "capabilities": "None"
          },
          {
            "resourceType": "locations",
            "locations": [],
            "apiVersions": [
              "2022-11-01",
              "2022-08-01",
              "2022-03-01",
              "2021-11-01",
              "2021-07-01",
              "2021-04-01",
              "2021-03-01",
              "2020-12-01",
              "2020-06-01",
              "2019-12-01",
              "2019-07-01",
              "2019-03-01",
              "2018-10-01",
              "2018-06-01",
              "2018-04-01",
              "2017-12-01",
              "2017-03-30",
              "2016-08-30",
              "2016-04-30-preview",
              "2016-03-30",
              "2015-06-15",
              "2015-05-01-preview"
            ],
            "capabilities": "None"
          },
          {
            "resourceType": "locations/operations",
            "locations": [
              "East US",
              "East US 2",
              "West US",
              "Central US",
              "North Central US",
              "South Central US",
              "North Europe",
              "West Europe",
              "East Asia",
              "Southeast Asia",
              "Japan East",
              "Japan West",
              "Australia East",
              "Australia Southeast",
              "Australia Central",
              "Brazil South",
              "South India",
              "Central India",
              "West India",
              "Canada Central",
              "Canada East",
              "West US 2",
              "West Central US",
              "UK South",
              "UK West",
              "Korea Central",
              "Korea South",
              "France Central",
              "South Africa North",
              "UAE North",
              "Switzerland North",
              "Germany West Central",
              "Norway East",
              "Jio India West",
              "West US 3",
              "Sweden Central",
              "Qatar Central",
              "France South",
              "Australia Central 2",
              "South Africa West",
              "UAE Central",
              "Switzerland West",
              "Germany North",
              "Norway West",
              "Brazil Southeast",
              "Jio India Central",
              "Sweden South",
              "Israel Central",
              "Poland Central",
              "Malaysia South",
              "East US STG",
              "South Central US STG",
              "East US 2 EUAP",
              "Central US EUAP"
            ],
            "apiVersions": [
              "2022-11-01",
              "2022-08-01",
              "2022-03-01",
              "2021-11-01",
              "2021-07-01",
              "2021-04-01",
              "2021-03-01",
              "2020-12-01",
              "2020-06-01",
              "2019-12-01",
              "2019-07-01",
              "2019-03-01",
              "2018-10-01",
              "2018-06-01",
              "2018-04-01",
              "2017-12-01",
              "2017-10-30-preview",
              "2017-03-30",
              "2016-08-30",
              "2016-04-30-preview",
              "2016-03-30",
              "2015-06-15",
              "2015-05-01-preview"
            ],
            "apiProfiles": [
              {
                "profileVersion": "2017-03-09-profile",
                "apiVersion": "2016-03-30"
              },
              {
                "profileVersion": "2018-03-01-hybrid",
                "apiVersion": "2017-03-30"
              },
              {
                "profileVersion": "2018-06-01-profile",
                "apiVersion": "2017-12-01"
              },
              {
                "profileVersion": "2019-03-01-hybrid",
                "apiVersion": "2017-12-01"
              },
              {
                "profileVersion": "2020-09-01-hybrid",
                "apiVersion": "2020-06-01"
              }
            ],
            "capabilities": "None"
          },
          {
            "resourceType": "locations/vmSizes",
            "locations": [
              "East US",
              "East US 2",
              "West US",
              "Central US",
              "North Central US",
              "South Central US",
              "North Europe",
              "West Europe",
              "East Asia",
              "Southeast Asia",
              "Japan East",
              "Japan West",
              "Australia East",
              "Australia Southeast",
              "Australia Central",
              "Brazil South",
              "South India",
              "Central India",
              "West India",
              "Canada Central",
              "Canada East",
              "West US 2",
              "West Central US",
              "UK South",
              "UK West",
              "Korea Central",
              "Korea South",
              "France Central",
              "South Africa North",
              "UAE North",
              "Switzerland North",
              "Germany West Central",
              "Norway East",
              "Jio India West",
              "West US 3",
              "Sweden Central",
              "Qatar Central",
              "France South",
              "Australia Central 2",
              "South Africa West",
              "UAE Central",
              "Switzerland West",
              "Germany North",
              "Norway West",
              "Brazil Southeast",
              "Jio India Central",
              "Sweden South",
              "Israel Central",
              "Poland Central",
              "Malaysia South",
              "East US STG",
              "South Central US STG",
              "East US 2 EUAP",
              "Central US EUAP"
            ],
            "apiVersions": [
              "2022-11-01",
              "2022-08-01",
              "2022-03-01",
              "2021-11-01",
              "2021-07-01",
              "2021-04-01",
              "2021-03-01",
              "2020-12-01",
              "2020-06-01",
              "2019-12-01",
              "2019-07-01",
              "2019-03-01",
              "2018-10-01",
              "2018-06-01",
              "2018-04-01",
              "2017-12-01",
              "2017-03-30",
              "2016-08-30",
              "2016-04-30-preview",
              "2016-03-30",
              "2015-06-15",
              "2015-05-01-preview"
            ],
            "apiProfiles": [
              {
                "profileVersion": "2017-03-09-profile",
                "apiVersion": "2016-03-30"
              },
              {
                "profileVersion": "2018-03-01-hybrid",
                "apiVersion": "2017-03-30"
              },
              {
                "profileVersion": "2018-06-01-profile",
                "apiVersion": "2017-12-01"
              },
              {
                "profileVersion": "2019-03-01-hybrid",
                "apiVersion": "2017-12-01"
              },
              {
                "profileVersion": "2020-09-01-hybrid",
                "apiVersion": "2020-06-01"
              }
            ],
            "capabilities": "None"
          },
          {
            "resourceType": "locations/runCommands",
            "locations": [
              "East US",
              "East US 2",
              "West US",
              "Central US",
              "North Central US",
              "South Central US",
              "North Europe",
              "West Europe",
              "East Asia",
              "Southeast Asia",
              "Japan East",
              "Japan West",
              "Australia East",
              "Australia Southeast",
              "Australia Central",
              "Brazil South",
              "South India",
              "Central India",
              "West India",
              "Canada Central",
              "Canada East",
              "West US 2",
              "West Central US",
              "UK South",
              "UK West",
              "Korea Central",
              "Korea South",
              "France Central",
              "South Africa North",
              "UAE North",
              "Switzerland North",
              "Germany West Central",
              "Norway East",
              "Jio India West",
              "West US 3",
              "Sweden Central",
              "Qatar Central",
              "France South",
              "Australia Central 2",
              "South Africa West",
              "UAE Central",
              "Switzerland West",
              "Germany North",
              "Norway West",
              "Brazil Southeast",
              "Jio India Central",
              "Sweden South",
              "Israel Central",
              "Poland Central",
              "Malaysia South",
              "East US STG",
              "South Central US STG",
              "East US 2 EUAP",
              "Central US EUAP"
            ],
            "apiVersions": [
              "2022-11-01",
              "2022-08-01",
              "2022-03-01",
              "2021-11-01",
              "2021-07-01",
              "2021-04-01",
              "2021-03-01",
              "2020-12-01",
              "2020-06-01",
              "2019-12-01",
              "2019-07-01",
              "2019-03-01",
              "2018-10-01",
              "2018-06-01",
              "2018-04-01",
              "2017-12-01",
              "2017-03-30"
            ],
            "apiProfiles": [
              {
                "profileVersion": "2018-03-01-hybrid",
                "apiVersion": "2017-03-30"
              },
              {
                "profileVersion": "2018-06-01-profile",
                "apiVersion": "2017-12-01"
              },
              {
                "profileVersion": "2019-03-01-hybrid",
                "apiVersion": "2017-12-01"
              },
              {
                "profileVersion": "2020-09-01-hybrid",
                "apiVersion": "2020-06-01"
              }
            ],
            "capabilities": "None"
          },
          {
            "resourceType": "locations/usages",
            "locations": [
              "East US",
              "East US 2",
              "West US",
              "Central US",
              "North Central US",
              "South Central US",
              "North Europe",
              "West Europe",
              "East Asia",
              "Southeast Asia",
              "Japan East",
              "Japan West",
              "Australia East",
              "Australia Southeast",
              "Australia Central",
              "Brazil South",
              "South India",
              "Central India",
              "West India",
              "Canada Central",
              "Canada East",
              "West US 2",
              "West Central US",
              "UK South",
              "UK West",
              "Korea Central",
              "Korea South",
              "France Central",
              "South Africa North",
              "UAE North",
              "Switzerland North",
              "Germany West Central",
              "Norway East",
              "Jio India West",
              "West US 3",
              "Sweden Central",
              "Qatar Central",
              "France South",
              "Australia Central 2",
              "South Africa West",
              "UAE Central",
              "Switzerland West",
              "Germany North",
              "Norway West",
              "Brazil Southeast",
              "Jio India Central",
              "Sweden South",
              "Israel Central",
              "Poland Central",
              "Malaysia South",
              "East US STG",
              "South Central US STG",
              "East US 2 EUAP",
              "Central US EUAP"
            ],
            "apiVersions": [
              "2022-11-01",
              "2022-08-01",
              "2022-03-01",
              "2021-11-01",
              "2021-07-01",
              "2021-04-01",
              "2021-03-01",
              "2020-12-01",
              "2020-06-01",
              "2019-12-01",
              "2019-07-01",
              "2019-03-01",
              "2018-10-01",
              "2018-06-01",
              "2018-04-01",
              "2017-12-01",
              "2017-03-30",
              "2016-08-30",
              "2016-04-30-preview",
              "2016-03-30",
              "2015-06-15",
              "2015-05-01-preview"
            ],
            "apiProfiles": [
              {
                "profileVersion": "2017-03-09-profile",
                "apiVersion": "2016-03-30"
              },
              {
                "profileVersion": "2018-03-01-hybrid",
                "apiVersion": "2017-03-30"
              },
              {
                "profileVersion": "2018-06-01-profile",
                "apiVersion": "2017-12-01"
              },
              {
                "profileVersion": "2019-03-01-hybrid",
                "apiVersion": "2017-12-01"
              },
              {
                "profileVersion": "2020-09-01-hybrid",
                "apiVersion": "2020-06-01"
              }
            ],
            "capabilities": "None"
          },
          {
            "resourceType": "locations/systemInfo",
            "locations": [
              "East US",
              "East US 2",
              "West US",
              "Central US",
              "North Central US",
              "South Central US",
              "North Europe",
              "West Europe",
              "East Asia",
              "Southeast Asia",
              "Japan East",
              "Japan West",
              "Australia East",
              "Australia Southeast",
              "Australia Central",
              "Brazil South",
              "South India",
              "Central India",
              "West India",
              "Canada Central",
              "Canada East",
              "West US 2",
              "West Central US",
              "UK South",
              "UK West",
              "Korea Central",
              "Korea South",
              "France Central",
              "South Africa North",
              "UAE North",
              "Switzerland North",
              "Germany West Central",
              "Norway East",
              "Jio India West",
              "West US 3",
              "Sweden Central",
              "Qatar Central",
              "France South",
              "Australia Central 2",
              "South Africa West",
              "UAE Central",
              "Switzerland West",
              "Germany North",
              "Norway West",
              "Brazil Southeast",
              "Jio India Central",
              "Sweden South",
              "Israel Central",
              "Poland Central",
              "Malaysia South",
              "East US STG",
              "South Central US STG",
              "East US 2 EUAP",
              "Central US EUAP"
            ],
            "apiVersions": [
              "2022-11-01",
              "2022-08-01",
              "2022-03-01",
              "2021-11-01",
              "2021-07-01",
              "2021-04-01",
              "2021-03-01",
              "2020-12-01",
              "2020-06-01",
              "2019-12-01",
              "2019-07-01",
              "2019-03-01",
              "2018-10-01",
              "2018-06-01",
              "2018-04-01",
              "2017-12-01"
            ],
            "capabilities": "None"
          },
          {
            "resourceType": "locations/virtualMachines",
            "locations": [
              "East US",
              "East US 2",
              "West US",
              "Central US",
              "North Central US",
              "South Central US",
              "North Europe",
              "West Europe",
              "East Asia",
              "Southeast Asia",
              "Japan East",
              "Japan West",
              "Australia East",
              "Australia Southeast",
              "Australia Central",
              "Brazil South",
              "South India",
              "Central India",
              "West India",
              "Canada Central",
              "Canada East",
              "West US 2",
              "West Central US",
              "UK South",
              "UK West",
              "Korea Central",
              "Korea South",
              "France Central",
              "South Africa North",
              "UAE North",
              "Switzerland North",
              "Germany West Central",
              "Norway East",
              "Jio India West",
              "West US 3",
              "Sweden Central",
              "Qatar Central",
              "France South",
              "Australia Central 2",
              "South Africa West",
              "UAE Central",
              "Switzerland West",
              "Germany North",
              "Norway West",
              "Brazil Southeast",
              "Jio India Central",
              "Sweden South",
              "Israel Central",
              "Poland Central",
              "Malaysia South",
              "East US STG",
              "South Central US STG",
              "East US 2 EUAP",
              "Central US EUAP"
            ],
            "apiVersions": [
              "2022-11-01",
              "2022-08-01",
              "2022-03-01",
              "2021-11-01",
              "2021-07-01",
              "2021-04-01",
              "2021-03-01",
              "2020-12-01",
              "2020-06-01",
              "2019-12-01",
              "2019-07-01",
              "2019-03-01",
              "2018-10-01",
              "2018-06-01",
              "2018-04-01",
              "2017-12-01",
              "2017-03-30",
              "2016-08-30"
            ],
            "defaultApiVersion": "2021-07-01",
            "apiProfiles": [
              {
                "profileVersion": "2018-03-01-hybrid",
                "apiVersion": "2017-03-30"
              },
              {
                "profileVersion": "2018-06-01-profile",
                "apiVersion": "2017-12-01"
              },
              {
                "profileVersion": "2019-03-01-hybrid",
                "apiVersion": "2017-12-01"
              },
              {
                "profileVersion": "2020-09-01-hybrid",
                "apiVersion": "2020-06-01"
              }
            ],
            "capabilities": "None"
          },
          {
            "resourceType": "locations/virtualMachineScaleSets",
            "locations": [
              "East US",
              "East US 2",
              "West US",
              "Central US",
              "North Central US",
              "South Central US",
              "North Europe",
              "West Europe",
              "East Asia",
              "Southeast Asia",
              "Japan East",
              "Japan West",
              "Australia East",
              "Australia Southeast",
              "Australia Central",
              "Brazil South",
              "South India",
              "Central India",
              "West India",
              "Canada Central",
              "Canada East",
              "West US 2",
              "West Central US",
              "UK South",
              "UK West",
              "Korea Central",
              "Korea South",
              "France Central",
              "South Africa North",
              "UAE North",
              "Switzerland North",
              "Germany West Central",
              "Norway East",
              "Jio India West",
              "West US 3",
              "Sweden Central",
              "Qatar Central",
              "France South",
              "Australia Central 2",
              "South Africa West",
              "UAE Central",
              "Switzerland West",
              "Germany North",
              "Norway West",
              "Brazil Southeast",
              "Jio India Central",
              "Sweden South",
              "Israel Central",
              "Poland Central",
              "Malaysia South",
              "East US STG",
              "South Central US STG",
              "East US 2 EUAP",
              "Central US EUAP"
            ],
            "apiVersions": [
              "2022-11-01",
              "2022-08-01",
              "2022-03-01",
              "2021-11-01",
              "2021-07-01",
              "2021-04-01",
              "2021-03-01",
              "2020-12-01",
              "2020-06-01",
              "2019-12-01",
              "2019-07-01",
              "2019-03-01",
              "2018-10-01",
              "2018-06-01",
              "2018-04-01",
              "2017-12-01",
              "2017-03-30",
              "2016-08-30"
            ],
            "defaultApiVersion": "2021-07-01",
            "apiProfiles": [
              {
                "profileVersion": "2018-03-01-hybrid",
                "apiVersion": "2017-03-30"
              },
              {
                "profileVersion": "2018-06-01-profile",
                "apiVersion": "2017-12-01"
              },
              {
                "profileVersion": "2019-03-01-hybrid",
                "apiVersion": "2017-12-01"
              },
              {
                "profileVersion": "2020-09-01-hybrid",
                "apiVersion": "2020-06-01"
              }
            ],
            "capabilities": "None"
          },
          {
            "resourceType": "locations/publishers",
            "locations": [
              "East US",
              "East US 2",
              "West US",
              "Central US",
              "North Central US",
              "South Central US",
              "North Europe",
              "West Europe",
              "East Asia",
              "Southeast Asia",
              "Japan East",
              "Japan West",
              "Australia East",
              "Australia Southeast",
              "Australia Central",
              "Brazil South",
              "South India",
              "Central India",
              "West India",
              "Canada Central",
              "Canada East",
              "West US 2",
              "West Central US",
              "UK South",
              "UK West",
              "Korea Central",
              "Korea South",
              "France Central",
              "South Africa North",
              "UAE North",
              "Switzerland North",
              "Germany West Central",
              "Norway East",
              "Jio India West",
              "West US 3",
              "Sweden Central",
              "Qatar Central",
              "France South",
              "Australia Central 2",
              "South Africa West",
              "UAE Central",
              "Switzerland West",
              "Germany North",
              "Norway West",
              "Brazil Southeast",
              "Jio India Central",
              "Sweden South",
              "Israel Central",
              "Poland Central",
              "Malaysia South",
              "East US STG",
              "South Central US STG",
              "East US 2 EUAP",
              "Central US EUAP"
            ],
            "apiVersions": [
              "2022-11-01",
              "2022-08-01",
              "2022-03-03",
              "2022-03-01",
              "2022-01-03",
              "2021-11-01",
              "2021-07-01",
              "2021-04-01",
              "2021-03-01",
              "2020-12-01",
              "2020-09-30",
              "2020-06-01",
              "2019-12-01",
              "2019-07-01",
              "2019-03-01",
              "2018-10-01",
              "2018-06-01",
              "2018-04-01",
              "2017-12-01",
              "2017-03-30",
              "2016-08-30",
              "2016-04-30-preview",
              "2016-03-30",
              "2015-06-15",
              "2015-05-01-preview"
            ],
            "apiProfiles": [
              {
                "profileVersion": "2017-03-09-profile",
                "apiVersion": "2016-03-30"
              },
              {
                "profileVersion": "2018-03-01-hybrid",
                "apiVersion": "2017-03-30"
              },
              {
                "profileVersion": "2018-06-01-profile",
                "apiVersion": "2017-12-01"
              },
              {
                "profileVersion": "2019-03-01-hybrid",
                "apiVersion": "2017-12-01"
              },
              {
                "profileVersion": "2020-09-01-hybrid",
                "apiVersion": "2020-06-01"
              }
            ],
            "capabilities": "None"
          },
          {
            "resourceType": "operations",
            "locations": [
              "East US",
              "East US 2",
              "West US",
              "Central US",
              "North Central US",
              "South Central US",
              "North Europe",
              "West Europe",
              "East Asia",
              "Southeast Asia",
              "Japan East",
              "Japan West",
              "Australia East",
              "Australia Southeast",
              "Australia Central",
              "Brazil South",
              "South India",
              "Central India",
              "West India",
              "Canada Central",
              "Canada East",
              "West US 2",
              "West Central US",
              "UK South",
              "UK West",
              "Korea Central",
              "Korea South",
              "France Central",
              "South Africa North",
              "UAE North",
              "Switzerland North",
              "Germany West Central",
              "Norway East",
              "Jio India West",
              "West US 3",
              "Sweden Central",
              "Qatar Central",
              "France South",
              "Australia Central 2",
              "South Africa West",
              "UAE Central",
              "Switzerland West",
              "Germany North",
              "Norway West",
              "Brazil Southeast",
              "Jio India Central",
              "Sweden South",
              "Israel Central",
              "Poland Central",
              "Malaysia South",
              "East US STG",
              "South Central US STG",
              "East US 2 EUAP",
              "Central US EUAP"
            ],
            "apiVersions": [
              "2022-11-01",
              "2022-08-01",
              "2022-03-01",
              "2021-11-01",
              "2021-07-01",
              "2021-04-01",
              "2021-03-01",
              "2020-12-01",
              "2020-06-01",
              "2019-12-01",
              "2019-07-01",
              "2019-03-01",
              "2018-10-01",
              "2018-06-01",
              "2018-04-01",
              "2017-12-01",
              "2017-03-30",
              "2016-08-30",
              "2016-03-30",
              "2015-06-15",
              "2015-05-01-preview"
            ],
            "capabilities": "None"
          },
          {
            "resourceType": "virtualMachines/runCommands",
            "locations": [
              "East US",
              "East US 2",
              "West US",
              "Central US",
              "North Central US",
              "South Central US",
              "North Europe",
              "West Europe",
              "East Asia",
              "Southeast Asia",
              "Japan East",
              "Japan West",
              "Australia East",
              "Australia Southeast",
              "Australia Central",
              "Brazil South",
              "South India",
              "Central India",
              "West India",
              "Canada Central",
              "Canada East",
              "West US 2",
              "West Central US",
              "UK South",
              "UK West",
              "Korea Central",
              "Korea South",
              "France Central",
              "South Africa North",
              "UAE North",
              "Switzerland North",
              "Germany West Central",
              "Norway East",
              "Jio India West",
              "West US 3",
              "Sweden Central",
              "Qatar Central",
              "East US 2 EUAP",
              "Central US EUAP"
            ],
            "apiVersions": [
              "2022-11-01",
              "2022-08-01",
              "2022-03-01",
              "2021-11-01",
              "2021-07-01",
              "2021-04-01",
              "2021-03-01",
              "2020-12-01",
              "2020-06-01",
              "2019-12-01"
            ],
            "defaultApiVersion": "2021-07-01",
            "capabilities": "SupportsTags, SupportsLocation"
          },
          {
            "resourceType": "virtualMachineScaleSets/applications",
            "locations": [
              "East US",
              "East US 2",
              "West US",
              "Central US",
              "North Central US",
              "South Central US",
              "North Europe",
              "West Europe",
              "East Asia",
              "Southeast Asia",
              "Japan East",
              "Japan West",
              "Australia East",
              "Australia Southeast",
              "Australia Central",
              "Brazil South",
              "South India",
              "Central India",
              "West India",
              "Canada Central",
              "Canada East",
              "West US 2",
              "West Central US",
              "UK South",
              "UK West",
              "Korea Central",
              "Korea South",
              "France Central",
              "South Africa North",
              "UAE North",
              "Switzerland North",
              "Germany West Central",
              "Norway East",
              "Jio India West",
              "West US 3",
              "Sweden Central",
              "Qatar Central",
              "France South",
              "Australia Central 2",
              "South Africa West",
              "UAE Central",
              "Switzerland West",
              "Germany North",
              "Norway West",
              "Brazil Southeast",
              "Jio India Central",
              "Sweden South",
              "Israel Central",
              "Poland Central",
              "Malaysia South",
              "East US STG",
              "South Central US STG",
              "East US 2 EUAP",
              "Central US EUAP"
            ],
            "apiVersions": [
              "2022-11-01",
              "2022-08-01",
              "2022-03-01",
              "2021-11-01",
              "2021-07-01"
            ],
            "defaultApiVersion": "2021-07-01",
            "capabilities": "None"
          },
          {
            "resourceType": "virtualMachines/applications",
            "locations": [
              "East US",
              "East US 2",
              "West US",
              "Central US",
              "North Central US",
              "South Central US",
              "North Europe",
              "West Europe",
              "East Asia",
              "Southeast Asia",
              "Japan East",
              "Japan West",
              "Australia East",
              "Australia Southeast",
              "Australia Central",
              "Brazil South",
              "South India",
              "Central India",
              "West India",
              "Canada Central",
              "Canada East",
              "West US 2",
              "West Central US",
              "UK South",
              "UK West",
              "Korea Central",
              "Korea South",
              "France Central",
              "South Africa North",
              "UAE North",
              "Switzerland North",
              "Germany West Central",
              "Norway East",
              "Jio India West",
              "West US 3",
              "Sweden Central",
              "Qatar Central",
              "France South",
              "Australia Central 2",
              "South Africa West",
              "UAE Central",
              "Switzerland West",
              "Germany North",
              "Norway West",
              "Brazil Southeast",
              "Jio India Central",
              "Sweden South",
              "Israel Central",
              "Poland Central",
              "Malaysia South",
              "East US STG",
              "South Central US STG",
              "East US 2 EUAP",
              "Central US EUAP"
            ],
            "apiVersions": [
              "2022-11-01",
              "2022-08-01",
              "2022-03-01",
              "2021-11-01",
              "2021-07-01"
            ],
            "defaultApiVersion": "2021-07-01",
            "capabilities": "SupportsTags, SupportsLocation"
          },
          {
            "resourceType": "locations/edgeZones",
            "locations": [],
            "apiVersions": [
              "2022-11-01",
              "2022-08-01",
              "2022-03-01",
              "2021-11-01",
              "2021-07-01",
              "2021-04-01",
              "2021-03-01",
              "2020-12-01"
            ],
            "capabilities": "None"
          },
          {
            "resourceType": "locations/edgeZones/vmimages",
            "locations": [
              "East US",
              "East US 2",
              "West US",
              "Central US",
              "North Central US",
              "South Central US",
              "North Europe",
              "West Europe",
              "East Asia",
              "Southeast Asia",
              "Japan East",
              "Japan West",
              "Australia East",
              "Australia Southeast",
              "Australia Central",
              "Brazil South",
              "South India",
              "Central India",
              "West India",
              "Canada Central",
              "Canada East",
              "West US 2",
              "West Central US",
              "UK South",
              "UK West",
              "Korea Central",
              "Korea South",
              "France Central",
              "South Africa North",
              "UAE North",
              "Switzerland North",
              "Germany West Central",
              "Norway East",
              "Jio India West",
              "West US 3",
              "Sweden Central",
              "Qatar Central",
              "France South",
              "Australia Central 2",
              "South Africa West",
              "UAE Central",
              "Switzerland West",
              "Germany North",
              "Norway West",
              "Brazil Southeast",
              "Jio India Central",
              "Sweden South",
              "Israel Central",
              "Poland Central",
              "Malaysia South",
              "East US STG",
              "South Central US STG",
              "East US 2 EUAP",
              "Central US EUAP"
            ],
            "apiVersions": [
              "2022-11-01",
              "2022-08-01",
              "2022-03-01",
              "2021-11-01",
              "2021-07-01",
              "2021-04-01",
              "2021-03-01",
              "2020-12-01"
            ],
            "capabilities": "None"
          },
          {
            "resourceType": "locations/edgeZones/publishers",
            "locations": [
              "East US",
              "East US 2",
              "West US",
              "Central US",
              "North Central US",
              "South Central US",
              "North Europe",
              "West Europe",
              "East Asia",
              "Southeast Asia",
              "Japan East",
              "Japan West",
              "Australia East",
              "Australia Southeast",
              "Australia Central",
              "Brazil South",
              "South India",
              "Central India",
              "West India",
              "Canada Central",
              "Canada East",
              "West US 2",
              "West Central US",
              "UK South",
              "UK West",
              "Korea Central",
              "Korea South",
              "France Central",
              "South Africa North",
              "UAE North",
              "Switzerland North",
              "Germany West Central",
              "Norway East",
              "Jio India West",
              "West US 3",
              "Sweden Central",
              "Qatar Central",
              "France South",
              "Australia Central 2",
              "South Africa West",
              "UAE Central",
              "Switzerland West",
              "Germany North",
              "Norway West",
              "Brazil Southeast",
              "Jio India Central",
              "Sweden South",
              "Israel Central",
              "Poland Central",
              "Malaysia South",
              "East US STG",
              "South Central US STG",
              "East US 2 EUAP",
              "Central US EUAP"
            ],
            "apiVersions": [
              "2022-11-01",
              "2022-08-01",
              "2022-03-01",
              "2021-11-01",
              "2021-07-01",
              "2021-04-01",
              "2021-03-01",
              "2020-12-01"
            ],
            "capabilities": "None"
          },
          {
            "resourceType": "restorePointCollections",
            "locations": [
              "Southeast Asia",
              "East US 2",
              "Central US",
              "West Europe",
              "East US",
              "North Central US",
              "South Central US",
              "West US",
              "North Europe",
              "East Asia",
              "Brazil South",
              "West US 2",
              "West Central US",
              "UK West",
              "UK South",
              "Japan East",
              "Japan West",
              "Canada Central",
              "Canada East",
              "Central India",
              "South India",
              "Australia East",
              "Australia Southeast",
              "Korea Central",
              "Korea South",
              "West India",
              "France Central",
              "South Africa North",
              "UAE North",
              "Australia Central",
              "Switzerland North",
              "Germany West Central",
              "Norway East",
              "Jio India West",
              "West US 3",
              "Sweden Central",
              "Qatar Central",
              "France South",
              "Australia Central 2",
              "South Africa West",
              "UAE Central",
              "Switzerland West",
              "Germany North",
              "Norway West",
              "Brazil Southeast",
              "Jio India Central",
              "Sweden South",
              "Israel Central",
              "Poland Central",
              "Malaysia South",
              "East US STG",
              "South Central US STG",
              "East US 2 EUAP",
              "Central US EUAP"
            ],
            "apiVersions": [
              "2022-11-01",
              "2022-08-01",
              "2022-03-01",
              "2021-11-01",
              "2021-07-01",
              "2021-04-01",
              "2021-03-01",
              "2020-12-01",
              "2020-06-01",
              "2019-12-01",
              "2019-07-01",
              "2019-03-01",
              "2018-10-01",
              "2018-06-01",
              "2018-04-01",
              "2017-12-01",
              "2017-03-30"
            ],
            "defaultApiVersion": "2021-07-01",
            "capabilities": "SupportsTags, SupportsLocation"
          },
          {
            "resourceType": "restorePointCollections/restorePoints",
            "locations": [
              "Southeast Asia",
              "East US 2",
              "Central US",
              "West Europe",
              "East US",
              "North Central US",
              "South Central US",
              "West US",
              "North Europe",
              "East Asia",
              "Brazil South",
              "West US 2",
              "West Central US",
              "UK West",
              "UK South",
              "Japan East",
              "Japan West",
              "Canada Central",
              "Canada East",
              "Central India",
              "South India",
              "Australia East",
              "Australia Southeast",
              "Korea Central",
              "Korea South",
              "West India",
              "France Central",
              "South Africa North",
              "UAE North",
              "Australia Central",
              "Switzerland North",
              "Germany West Central",
              "Norway East",
              "Jio India West",
              "West US 3",
              "Sweden Central",
              "Qatar Central",
              "France South",
              "Australia Central 2",
              "South Africa West",
              "UAE Central",
              "Switzerland West",
              "Germany North",
              "Norway West",
              "Brazil Southeast",
              "Jio India Central",
              "Sweden South",
              "Israel Central",
              "Poland Central",
              "Malaysia South",
              "East US STG",
              "South Central US STG",
              "East US 2 EUAP",
              "Central US EUAP"
            ],
            "apiVersions": [
              "2022-11-01",
              "2022-08-01",
              "2022-03-01",
              "2021-11-01",
              "2021-07-01",
              "2021-04-01",
              "2021-03-01",
              "2020-12-01",
              "2020-06-01",
              "2019-12-01",
              "2019-07-01",
              "2019-03-01",
              "2018-10-01",
              "2018-06-01",
              "2018-04-01",
              "2017-12-01",
              "2017-03-30"
            ],
            "capabilities": "None"
          },
          {
            "resourceType": "proximityPlacementGroups",
            "locations": [
              "East US",
              "East US 2",
              "West US",
              "Central US",
              "North Central US",
              "South Central US",
              "North Europe",
              "West Europe",
              "East Asia",
              "Southeast Asia",
              "Japan East",
              "Japan West",
              "Australia East",
              "Australia Southeast",
              "Australia Central",
              "Brazil South",
              "South India",
              "Central India",
              "West India",
              "Canada Central",
              "Canada East",
              "West US 2",
              "West Central US",
              "UK South",
              "UK West",
              "Korea Central",
              "Korea South",
              "France Central",
              "South Africa North",
              "UAE North",
              "Switzerland North",
              "Germany West Central",
              "Norway East",
              "Jio India West",
              "West US 3",
              "Sweden Central",
              "Qatar Central",
              "France South",
              "Australia Central 2",
              "South Africa West",
              "UAE Central",
              "Switzerland West",
              "Germany North",
              "Norway West",
              "Brazil Southeast",
              "Jio India Central",
              "Sweden South",
              "Israel Central",
              "Poland Central",
              "Malaysia South",
              "East US STG",
              "South Central US STG",
              "East US 2 EUAP",
              "Central US EUAP"
            ],
            "apiVersions": [
              "2022-11-01",
              "2022-08-01",
              "2022-03-01",
              "2021-11-01",
              "2021-07-01",
              "2021-04-01",
              "2021-03-01",
              "2020-12-01",
              "2020-06-01",
              "2019-12-01",
              "2019-07-01",
              "2019-03-01",
              "2018-10-01",
              "2018-06-01",
              "2018-04-01"
            ],
            "defaultApiVersion": "2021-07-01",
            "zoneMappings": [],
            "capabilities": "SupportsTags, SupportsLocation"
          },
          {
            "resourceType": "sshPublicKeys",
            "locations": [
              "East US",
              "East US 2",
              "West US",
              "Central US",
              "North Central US",
              "South Central US",
              "North Europe",
              "West Europe",
              "East Asia",
              "Southeast Asia",
              "Japan East",
              "Japan West",
              "Australia East",
              "Australia Southeast",
              "Australia Central",
              "Brazil South",
              "South India",
              "Central India",
              "West India",
              "Canada Central",
              "Canada East",
              "West US 2",
              "West Central US",
              "UK South",
              "UK West",
              "Korea Central",
              "Korea South",
              "France Central",
              "South Africa North",
              "UAE North",
              "Switzerland North",
              "Germany West Central",
              "Norway East",
              "Jio India West",
              "West US 3",
              "Sweden Central",
              "Qatar Central",
              "France South",
              "Australia Central 2",
              "South Africa West",
              "UAE Central",
              "Switzerland West",
              "Germany North",
              "Norway West",
              "Brazil Southeast",
              "Jio India Central",
              "Sweden South",
              "Israel Central",
              "Poland Central",
              "Malaysia South",
              "East US STG",
              "South Central US STG",
              "East US 2 EUAP",
              "Central US EUAP"
            ],
            "apiVersions": [
              "2022-11-01",
              "2022-08-01",
              "2022-03-01",
              "2021-11-01",
              "2021-07-01",
              "2021-04-01",
              "2021-03-01",
              "2020-12-01",
              "2020-06-01",
              "2019-12-01"
            ],
            "defaultApiVersion": "2021-07-01",
            "capabilities": "SupportsTags, SupportsLocation"
          },
          {
            "resourceType": "capacityReservationGroups",
            "locations": [
              "East US",
              "East US 2",
              "West US",
              "Central US",
              "North Central US",
              "South Central US",
              "North Europe",
              "West Europe",
              "East Asia",
              "Southeast Asia",
              "Japan East",
              "Japan West",
              "Australia East",
              "Australia Southeast",
              "Australia Central",
              "Brazil South",
              "South India",
              "Central India",
              "West India",
              "Canada Central",
              "Canada East",
              "West US 2",
              "West Central US",
              "UK South",
              "UK West",
              "Korea Central",
              "Korea South",
              "France Central",
              "South Africa North",
              "UAE North",
              "Switzerland North",
              "Germany West Central",
              "Norway East",
              "Jio India West",
              "West US 3",
              "Sweden Central",
              "Qatar Central",
              "East US 2 EUAP",
              "Central US EUAP",
              "France South",
              "Australia Central 2",
              "South Africa West",
              "UAE Central",
              "Switzerland West",
              "Germany North",
              "Norway West",
              "Brazil Southeast",
              "Jio India Central",
              "Sweden South",
              "Israel Central",
              "Poland Central",
              "Malaysia South",
              "East US STG",
              "South Central US STG"
            ],
            "apiVersions": [
              "2022-11-01",
              "2022-08-01",
              "2022-03-01",
              "2021-11-01",
              "2021-07-01",
              "2021-04-01",
              "2021-03-01",
              "2020-12-01",
              "2020-06-01"
            ],
            "defaultApiVersion": "2021-07-01",
            "zoneMappings": [],
            "capabilities": "SupportsTags, SupportsLocation"
          },
          {
            "resourceType": "capacityReservationGroups/capacityReservations",
            "locations": [
              "East US",
              "East US 2",
              "West US",
              "Central US",
              "North Central US",
              "South Central US",
              "North Europe",
              "West Europe",
              "East Asia",
              "Southeast Asia",
              "Japan East",
              "Japan West",
              "Australia East",
              "Australia Southeast",
              "Australia Central",
              "Brazil South",
              "South India",
              "Central India",
              "West India",
              "Canada Central",
              "Canada East",
              "West US 2",
              "West Central US",
              "UK South",
              "UK West",
              "Korea Central",
              "Korea South",
              "France Central",
              "South Africa North",
              "UAE North",
              "Switzerland North",
              "Germany West Central",
              "Norway East",
              "Jio India West",
              "West US 3",
              "Sweden Central",
              "Qatar Central",
              "East US 2 EUAP",
              "Central US EUAP",
              "France South",
              "Australia Central 2",
              "South Africa West",
              "UAE Central",
              "Switzerland West",
              "Germany North",
              "Norway West",
              "Brazil Southeast",
              "Jio India Central",
              "Sweden South",
              "Israel Central",
              "Poland Central",
              "Malaysia South",
              "East US STG",
              "South Central US STG"
            ],
            "apiVersions": [
              "2022-11-01",
              "2022-08-01",
              "2022-03-01",
              "2021-11-01",
              "2021-07-01",
              "2021-04-01",
              "2021-03-01",
              "2020-12-01",
              "2020-06-01"
            ],
            "defaultApiVersion": "2021-07-01",
            "zoneMappings": [],
            "capabilities": "SupportsTags, SupportsLocation"
          },
          {
            "resourceType": "virtualMachines/metricDefinitions",
            "locations": [
              "East US",
              "East US 2",
              "West US",
              "Central US",
              "North Central US",
              "South Central US",
              "North Europe",
              "West Europe",
              "East Asia",
              "Southeast Asia",
              "Japan East",
              "Japan West",
              "Australia East",
              "Australia Southeast",
              "Australia Central",
              "Brazil South",
              "South India",
              "Central India",
              "West India",
              "Canada Central",
              "Canada East",
              "West US 2",
              "West Central US",
              "UK South",
              "UK West",
              "East US 2 EUAP",
              "Central US EUAP",
              "Korea Central",
              "Korea South",
              "France Central",
              "France South",
              "Australia Central 2",
              "South Africa North",
              "South Africa West",
              "UAE North",
              "UAE Central",
              "Switzerland North",
              "Switzerland West",
              "Germany North",
              "Germany West Central",
              "Norway East",
              "Norway West",
              "Brazil Southeast",
              "West US 3",
              "Jio India West",
              "Jio India Central",
              "Sweden Central",
              "Sweden South",
              "Qatar Central",
              "Israel Central",
              "Poland Central",
              "Malaysia South",
              "East US STG",
              "South Central US STG"
            ],
            "apiVersions": [
              "2014-04-01"
            ],
            "capabilities": "None"
          },
          {
            "resourceType": "locations/spotEvictionRates",
            "locations": [
              "East US",
              "East US 2",
              "West US",
              "Central US",
              "North Central US",
              "South Central US",
              "North Europe",
              "West Europe",
              "East Asia",
              "Southeast Asia",
              "Japan East",
              "Japan West",
              "Australia East",
              "Australia Southeast",
              "Australia Central",
              "Brazil South",
              "South India",
              "Central India",
              "West India",
              "Canada Central",
              "Canada East",
              "West US 2",
              "West Central US",
              "UK South",
              "UK West",
              "Korea Central",
              "Korea South",
              "France Central",
              "South Africa North",
              "UAE North",
              "Switzerland North",
              "Germany West Central",
              "Norway East",
              "Jio India West",
              "West US 3",
              "Sweden Central",
              "Qatar Central",
              "France South",
              "Australia Central 2",
              "South Africa West",
              "UAE Central",
              "Switzerland West",
              "Germany North",
              "Norway West",
              "Brazil Southeast",
              "Jio India Central",
              "Sweden South",
              "Israel Central",
              "Poland Central",
              "Malaysia South",
              "East US STG",
              "South Central US STG",
              "East US 2 EUAP",
              "Central US EUAP"
            ],
            "apiVersions": [
              "2022-11-01",
              "2022-08-01",
              "2022-03-01",
              "2021-11-01",
              "2021-07-01",
              "2021-04-01",
              "2021-03-01",
              "2020-12-01",
              "2020-06-01"
            ],
            "defaultApiVersion": "2021-07-01",
            "capabilities": "None"
          },
          {
            "resourceType": "locations/spotPriceHistory",
            "locations": [
              "East US",
              "East US 2",
              "West US",
              "Central US",
              "North Central US",
              "South Central US",
              "North Europe",
              "West Europe",
              "East Asia",
              "Southeast Asia",
              "Japan East",
              "Japan West",
              "Australia East",
              "Australia Southeast",
              "Australia Central",
              "Brazil South",
              "South India",
              "Central India",
              "West India",
              "Canada Central",
              "Canada East",
              "West US 2",
              "West Central US",
              "UK South",
              "UK West",
              "Korea Central",
              "Korea South",
              "France Central",
              "South Africa North",
              "UAE North",
              "Switzerland North",
              "Germany West Central",
              "Norway East",
              "Jio India West",
              "West US 3",
              "Sweden Central",
              "Qatar Central",
              "France South",
              "Australia Central 2",
              "South Africa West",
              "UAE Central",
              "Switzerland West",
              "Germany North",
              "Norway West",
              "Brazil Southeast",
              "Jio India Central",
              "Sweden South",
              "Israel Central",
              "Poland Central",
              "Malaysia South",
              "East US STG",
              "South Central US STG",
              "East US 2 EUAP",
              "Central US EUAP"
            ],
            "apiVersions": [
              "2022-11-01",
              "2022-08-01",
              "2022-03-01",
              "2021-11-01",
              "2021-07-01",
              "2021-04-01",
              "2021-03-01",
              "2020-12-01",
              "2020-06-01"
            ],
            "defaultApiVersion": "2021-07-01",
            "capabilities": "None"
          },
          {
            "resourceType": "locations/recommendations",
            "locations": [
              "East US",
              "East US 2",
              "West US",
              "Central US",
              "North Central US",
              "South Central US",
              "North Europe",
              "West Europe",
              "East Asia",
              "Southeast Asia",
              "Japan East",
              "Japan West",
              "Australia East",
              "Australia Southeast",
              "Australia Central",
              "Brazil South",
              "South India",
              "Central India",
              "West India",
              "Canada Central",
              "Canada East",
              "West US 2",
              "West Central US",
              "UK South",
              "UK West",
              "Korea Central",
              "Korea South",
              "France Central",
              "South Africa North",
              "UAE North",
              "Switzerland North",
              "Germany West Central",
              "Norway East",
              "Jio India West",
              "West US 3",
              "Sweden Central",
              "Qatar Central",
              "France South",
              "Australia Central 2",
              "South Africa West",
              "UAE Central",
              "Switzerland West",
              "Germany North",
              "Norway West",
              "Brazil Southeast",
              "Jio India Central",
              "Sweden South",
              "Israel Central",
              "Poland Central",
              "Malaysia South",
              "East US STG",
              "South Central US STG",
              "East US 2 EUAP",
              "Central US EUAP"
            ],
            "apiVersions": [
              "2022-11-01",
              "2022-08-01",
              "2022-03-01",
              "2021-11-01",
              "2021-07-01"
            ],
            "defaultApiVersion": "2021-07-01",
            "capabilities": "None"
          },
          {
            "resourceType": "locations/sharedGalleries",
            "locations": [
              "East US",
              "East US 2",
              "West US",
              "Central US",
              "North Central US",
              "South Central US",
              "North Europe",
              "West Europe",
              "East Asia",
              "Southeast Asia",
              "Japan East",
              "Japan West",
              "Australia East",
              "Australia Southeast",
              "Australia Central",
              "Brazil South",
              "South India",
              "Central India",
              "West India",
              "Canada Central",
              "Canada East",
              "West US 2",
              "West Central US",
              "UK South",
              "UK West",
              "Korea Central",
              "Korea South",
              "France Central",
              "South Africa North",
              "UAE North",
              "Switzerland North",
              "Germany West Central",
              "Norway East",
              "Jio India West",
              "West US 3",
              "Sweden Central",
              "Qatar Central",
              "France South",
              "Australia Central 2",
              "South Africa West",
              "UAE Central",
              "Switzerland West",
              "Germany North",
              "Norway West",
              "Brazil Southeast",
              "Jio India Central",
              "Sweden South",
              "Israel Central",
              "Poland Central",
              "Malaysia South",
              "East US STG",
              "South Central US STG",
              "East US 2 EUAP",
              "Central US EUAP"
            ],
            "apiVersions": [
              "2022-11-01",
              "2022-08-01",
              "2022-03-03",
              "2022-03-01",
              "2022-01-03",
              "2021-11-01",
              "2021-07-01",
              "2021-04-01",
              "2021-03-01",
              "2020-12-01",
              "2020-09-30",
              "2020-06-01",
              "2019-12-01",
              "2019-07-01",
              "2019-03-01",
              "2018-10-01",
              "2018-06-01",
              "2018-04-01",
              "2017-12-01",
              "2017-03-30",
              "2016-08-30",
              "2016-04-30-preview",
              "2016-03-30",
              "2015-06-15",
              "2015-05-01-preview"
            ],
            "apiProfiles": [
              {
                "profileVersion": "2017-03-09-profile",
                "apiVersion": "2016-03-30"
              },
              {
                "profileVersion": "2018-03-01-hybrid",
                "apiVersion": "2017-03-30"
              },
              {
                "profileVersion": "2018-06-01-profile",
                "apiVersion": "2017-12-01"
              },
              {
                "profileVersion": "2019-03-01-hybrid",
                "apiVersion": "2017-12-01"
              },
              {
                "profileVersion": "2020-09-01-hybrid",
                "apiVersion": "2020-06-01"
              }
            ],
            "capabilities": "None"
          },
          {
            "resourceType": "locations/communityGalleries",
            "locations": [
              "East US",
              "East US 2",
              "West US",
              "Central US",
              "North Central US",
              "South Central US",
              "North Europe",
              "West Europe",
              "East Asia",
              "Southeast Asia",
              "Japan East",
              "Japan West",
              "Australia East",
              "Australia Southeast",
              "Australia Central",
              "Brazil South",
              "South India",
              "Central India",
              "West India",
              "Canada Central",
              "Canada East",
              "West US 2",
              "West Central US",
              "UK South",
              "UK West",
              "Korea Central",
              "Korea South",
              "France Central",
              "South Africa North",
              "UAE North",
              "Switzerland North",
              "Germany West Central",
              "Norway East",
              "Jio India West",
              "West US 3",
              "Sweden Central",
              "Qatar Central",
              "France South",
              "Australia Central 2",
              "South Africa West",
              "UAE Central",
              "Switzerland West",
              "Germany North",
              "Norway West",
              "Brazil Southeast",
              "Jio India Central",
              "Sweden South",
              "Israel Central",
              "Poland Central",
              "Malaysia South",
              "East US STG",
              "South Central US STG",
              "East US 2 EUAP",
              "Central US EUAP"
            ],
            "apiVersions": [
              "2022-11-01",
              "2022-08-01",
              "2022-03-03",
              "2022-03-01",
              "2022-01-03",
              "2021-11-01",
              "2021-07-01",
              "2021-04-01",
              "2021-03-01",
              "2020-12-01",
              "2020-09-30",
              "2020-06-01",
              "2019-12-01",
              "2019-07-01",
              "2019-03-01",
              "2018-10-01",
              "2018-06-01",
              "2018-04-01",
              "2017-12-01",
              "2017-03-30",
              "2016-08-30",
              "2016-04-30-preview",
              "2016-03-30",
              "2015-06-15",
              "2015-05-01-preview"
            ],
            "apiProfiles": [
              {
                "profileVersion": "2017-03-09-profile",
                "apiVersion": "2016-03-30"
              },
              {
                "profileVersion": "2018-03-01-hybrid",
                "apiVersion": "2017-03-30"
              },
              {
                "profileVersion": "2018-06-01-profile",
                "apiVersion": "2017-12-01"
              },
              {
                "profileVersion": "2019-03-01-hybrid",
                "apiVersion": "2017-12-01"
              },
              {
                "profileVersion": "2020-09-01-hybrid",
                "apiVersion": "2020-06-01"
              }
            ],
            "capabilities": "None"
          },
          {
            "resourceType": "sharedVMImages",
            "locations": [
              "West Central US",
              "South Central US",
              "East US 2",
              "Southeast Asia",
              "West Europe",
              "West US",
              "East US",
              "Canada Central",
              "North Europe",
              "North Central US",
              "Brazil South",
              "UK West",
              "West India",
              "East Asia",
              "Australia East",
              "Japan East",
              "Korea South",
              "West US 2",
              "Canada East",
              "UK South",
              "Central India",
              "South India",
              "Australia Southeast",
              "Japan West",
              "Korea Central",
              "France Central",
              "Central US",
              "Australia Central",
              "France South",
              "Australia Central 2",
              "East US STG",
              "South Central US STG",
              "East US 2 EUAP",
              "Central US EUAP"
            ],
            "apiVersions": [
              "2017-10-15-preview"
            ],
            "defaultApiVersion": "2017-10-15-preview",
            "capabilities": "SupportsTags, SupportsLocation"
          },
          {
            "resourceType": "sharedVMImages/versions",
            "locations": [
              "West Central US",
              "South Central US",
              "East US 2",
              "Southeast Asia",
              "West Europe",
              "West US",
              "East US",
              "Canada Central",
              "North Europe",
              "North Central US",
              "Brazil South",
              "UK West",
              "West India",
              "East Asia",
              "Australia East",
              "Japan East",
              "Korea South",
              "West US 2",
              "Canada East",
              "UK South",
              "Central India",
              "South India",
              "Australia Southeast",
              "Japan West",
              "Korea Central",
              "France Central",
              "Central US",
              "Australia Central",
              "France South",
              "Australia Central 2",
              "East US STG",
              "South Central US STG",
              "East US 2 EUAP",
              "Central US EUAP"
            ],
            "apiVersions": [
              "2017-10-15-preview"
            ],
            "defaultApiVersion": "2017-10-15-preview",
            "capabilities": "SupportsTags, SupportsLocation"
          },
          {
            "resourceType": "locations/artifactPublishers",
            "locations": [
              "West Central US",
              "South Central US",
              "East US 2",
              "Southeast Asia",
              "West Europe",
              "West US",
              "East US",
              "Canada Central",
              "North Europe",
              "North Central US",
              "Brazil South",
              "UK West",
              "West India",
              "East Asia",
              "Australia East",
              "Japan East",
              "Korea South",
              "West US 2",
              "Canada East",
              "UK South",
              "Central India",
              "South India",
              "Australia Southeast",
              "Japan West",
              "Korea Central",
              "France Central",
              "Central US",
              "Australia Central",
              "France South",
              "Australia Central 2",
              "East US STG",
              "South Central US STG",
              "East US 2 EUAP",
              "Central US EUAP"
            ],
            "apiVersions": [
              "2017-10-15-preview"
            ],
            "capabilities": "None"
          },
          {
            "resourceType": "locations/capsoperations",
            "locations": [
              "West Central US",
              "South Central US",
              "East US 2",
              "Southeast Asia",
              "West Europe",
              "West US",
              "East US",
              "Canada Central",
              "North Europe",
              "North Central US",
              "Brazil South",
              "UK West",
              "West India",
              "East Asia",
              "Australia East",
              "Japan East",
              "Korea South",
              "West US 2",
              "Canada East",
              "UK South",
              "Central India",
              "South India",
              "Australia Southeast",
              "Japan West",
              "Korea Central",
              "France Central",
              "Central US",
              "Australia Central",
              "South Africa North",
              "UAE North",
              "Switzerland North",
              "Germany West Central",
              "Norway East",
              "Jio India West",
              "West US 3",
              "Sweden Central",
              "Qatar Central",
              "France South",
              "Australia Central 2",
              "South Africa West",
              "UAE Central",
              "Switzerland West",
              "Germany North",
              "Norway West",
              "Brazil Southeast",
              "Jio India Central",
              "Sweden South",
              "Israel Central",
              "Poland Central",
              "Malaysia South",
              "East US STG",
              "South Central US STG",
              "East US 2 EUAP",
              "Central US EUAP"
            ],
            "apiVersions": [
              "2022-08-03",
              "2022-03-03",
              "2022-01-03",
              "2021-10-01",
              "2021-07-01",
              "2021-03-01",
              "2020-09-30",
              "2019-12-01",
              "2019-07-01",
              "2019-03-01",
              "2018-06-01",
              "2017-10-15-preview"
            ],
            "capabilities": "None"
          },
          {
            "resourceType": "galleries",
            "locations": [
              "West Central US",
              "South Central US",
              "East US 2",
              "Southeast Asia",
              "West Europe",
              "West US",
              "East US",
              "Canada Central",
              "North Europe",
              "North Central US",
              "Brazil South",
              "UK West",
              "West India",
              "East Asia",
              "Australia East",
              "Japan East",
              "Korea South",
              "West US 2",
              "Canada East",
              "UK South",
              "Central India",
              "South India",
              "Australia Southeast",
              "Japan West",
              "Korea Central",
              "France Central",
              "Central US",
              "Australia Central",
              "South Africa North",
              "UAE North",
              "Switzerland North",
              "Germany West Central",
              "Norway East",
              "Jio India West",
              "West US 3",
              "Sweden Central",
              "Qatar Central",
              "France South",
              "Australia Central 2",
              "South Africa West",
              "UAE Central",
              "Switzerland West",
              "Germany North",
              "Norway West",
              "Brazil Southeast",
              "Jio India Central",
              "Sweden South",
              "Israel Central",
              "Poland Central",
              "Malaysia South",
              "East US STG",
              "South Central US STG",
              "East US 2 EUAP",
              "Central US EUAP"
            ],
            "apiVersions": [
              "2022-08-03",
              "2022-03-03",
              "2022-01-03",
              "2021-10-01",
              "2021-07-01",
              "2021-03-01",
              "2020-09-30",
              "2019-12-01",
              "2019-07-01",
              "2019-03-01",
              "2018-06-01"
            ],
            "defaultApiVersion": "2018-06-01",
            "capabilities": "SupportsTags, SupportsLocation"
          },
          {
            "resourceType": "galleries/images",
            "locations": [
              "West Central US",
              "South Central US",
              "East US 2",
              "Southeast Asia",
              "West Europe",
              "West US",
              "East US",
              "Canada Central",
              "North Europe",
              "North Central US",
              "Brazil South",
              "UK West",
              "West India",
              "East Asia",
              "Australia East",
              "Japan East",
              "Korea South",
              "West US 2",
              "Canada East",
              "UK South",
              "Central India",
              "South India",
              "Australia Southeast",
              "Japan West",
              "Korea Central",
              "France Central",
              "Central US",
              "Australia Central",
              "South Africa North",
              "UAE North",
              "Switzerland North",
              "Germany West Central",
              "Norway East",
              "Jio India West",
              "West US 3",
              "Sweden Central",
              "Qatar Central",
              "France South",
              "Australia Central 2",
              "South Africa West",
              "UAE Central",
              "Switzerland West",
              "Germany North",
              "Norway West",
              "Brazil Southeast",
              "Jio India Central",
              "Sweden South",
              "Israel Central",
              "Poland Central",
              "Malaysia South",
              "East US STG",
              "South Central US STG",
              "East US 2 EUAP",
              "Central US EUAP"
            ],
            "apiVersions": [
              "2022-08-03",
              "2022-03-03",
              "2022-01-03",
              "2021-10-01",
              "2021-07-01",
              "2021-03-01",
              "2020-09-30",
              "2019-12-01",
              "2019-07-01",
              "2019-03-01",
              "2018-06-01"
            ],
            "defaultApiVersion": "2018-06-01",
            "capabilities": "SupportsTags, SupportsLocation"
          },
          {
            "resourceType": "galleries/images/versions",
            "locations": [
              "West Central US",
              "South Central US",
              "East US 2",
              "Southeast Asia",
              "West Europe",
              "West US",
              "East US",
              "Canada Central",
              "North Europe",
              "North Central US",
              "Brazil South",
              "UK West",
              "West India",
              "East Asia",
              "Australia East",
              "Japan East",
              "Korea South",
              "West US 2",
              "Canada East",
              "UK South",
              "Central India",
              "South India",
              "Australia Southeast",
              "Japan West",
              "Korea Central",
              "France Central",
              "Central US",
              "Australia Central",
              "South Africa North",
              "UAE North",
              "Switzerland North",
              "Germany West Central",
              "Norway East",
              "Jio India West",
              "West US 3",
              "Sweden Central",
              "Qatar Central",
              "France South",
              "Australia Central 2",
              "South Africa West",
              "UAE Central",
              "Switzerland West",
              "Germany North",
              "Norway West",
              "Brazil Southeast",
              "Jio India Central",
              "Sweden South",
              "Israel Central",
              "Poland Central",
              "Malaysia South",
              "East US STG",
              "South Central US STG",
              "East US 2 EUAP",
              "Central US EUAP"
            ],
            "apiVersions": [
              "2022-08-03",
              "2022-03-03",
              "2022-01-03",
              "2021-10-01",
              "2021-07-01",
              "2021-03-01",
              "2020-09-30",
              "2019-12-01",
              "2019-07-01",
              "2019-03-01",
              "2018-06-01"
            ],
            "defaultApiVersion": "2018-06-01",
            "capabilities": "SupportsTags, SupportsLocation"
          },
          {
            "resourceType": "locations/galleries",
            "locations": [
              "West Central US",
              "South Central US",
              "East US 2",
              "Southeast Asia",
              "West Europe",
              "West US",
              "East US",
              "Canada Central",
              "North Europe",
              "North Central US",
              "Brazil South",
              "UK West",
              "West India",
              "East Asia",
              "Australia East",
              "Japan East",
              "Korea South",
              "West US 2",
              "Canada East",
              "UK South",
              "Central India",
              "South India",
              "Australia Southeast",
              "Japan West",
              "Korea Central",
              "France Central",
              "Central US",
              "Australia Central",
              "South Africa North",
              "UAE North",
              "Switzerland North",
              "Germany West Central",
              "Norway East",
              "Jio India West",
              "West US 3",
              "Sweden Central",
              "Qatar Central",
              "France South",
              "Australia Central 2",
              "South Africa West",
              "UAE Central",
              "Switzerland West",
              "Germany North",
              "Norway West",
              "Brazil Southeast",
              "Jio India Central",
              "Sweden South",
              "Israel Central",
              "Poland Central",
              "Malaysia South",
              "East US STG",
              "South Central US STG",
              "East US 2 EUAP",
              "Central US EUAP"
            ],
            "apiVersions": [
              "2022-08-03",
              "2022-03-03",
              "2022-01-03",
              "2021-10-01",
              "2021-07-01",
              "2021-03-01",
              "2020-09-30",
              "2019-12-01",
              "2019-07-01",
              "2019-03-01",
              "2018-06-01"
            ],
            "defaultApiVersion": "2018-06-01",
            "capabilities": "None"
          },
          {
            "resourceType": "galleries/applications",
            "locations": [
              "West Central US",
              "South Central US",
              "East US 2",
              "Southeast Asia",
              "West Europe",
              "West US",
              "East US",
              "Canada Central",
              "North Europe",
              "North Central US",
              "Brazil South",
              "UK West",
              "West India",
              "East Asia",
              "Australia East",
              "Japan East",
              "Korea South",
              "West US 2",
              "Canada East",
              "UK South",
              "Central India",
              "South India",
              "Australia Southeast",
              "Japan West",
              "Korea Central",
              "France Central",
              "Central US",
              "Australia Central",
              "South Africa North",
              "UAE North",
              "Switzerland North",
              "Germany West Central",
              "Norway East",
              "Jio India West",
              "West US 3",
              "Sweden Central",
              "Qatar Central",
              "France South",
              "Australia Central 2",
              "South Africa West",
              "UAE Central",
              "Switzerland West",
              "Germany North",
              "Norway West",
              "Brazil Southeast",
              "Jio India Central",
              "Sweden South",
              "Israel Central",
              "Poland Central",
              "Malaysia South",
              "East US STG",
              "South Central US STG",
              "East US 2 EUAP",
              "Central US EUAP"
            ],
            "apiVersions": [
              "2022-08-03",
              "2022-03-03",
              "2022-01-03",
              "2021-10-01",
              "2021-07-01",
              "2021-03-01",
              "2020-09-30",
              "2019-12-01",
              "2019-07-01",
              "2019-03-01"
            ],
            "defaultApiVersion": "2019-03-01",
            "capabilities": "SupportsTags, SupportsLocation"
          },
          {
            "resourceType": "galleries/applications/versions",
            "locations": [
              "West Central US",
              "South Central US",
              "East US 2",
              "Southeast Asia",
              "West Europe",
              "West US",
              "East US",
              "Canada Central",
              "North Europe",
              "North Central US",
              "Brazil South",
              "UK West",
              "West India",
              "East Asia",
              "Australia East",
              "Japan East",
              "Korea South",
              "West US 2",
              "Canada East",
              "UK South",
              "Central India",
              "South India",
              "Australia Southeast",
              "Japan West",
              "Korea Central",
              "France Central",
              "Central US",
              "Australia Central",
              "South Africa North",
              "UAE North",
              "Switzerland North",
              "Germany West Central",
              "Norway East",
              "Jio India West",
              "West US 3",
              "Sweden Central",
              "Qatar Central",
              "France South",
              "Australia Central 2",
              "South Africa West",
              "UAE Central",
              "Switzerland West",
              "Germany North",
              "Norway West",
              "Brazil Southeast",
              "Jio India Central",
              "Sweden South",
              "Israel Central",
              "Poland Central",
              "Malaysia South",
              "East US STG",
              "South Central US STG",
              "East US 2 EUAP",
              "Central US EUAP"
            ],
            "apiVersions": [
              "2022-08-03",
              "2022-03-03",
              "2022-01-03",
              "2021-10-01",
              "2021-07-01",
              "2021-03-01",
              "2020-09-30",
              "2019-12-01",
              "2019-07-01",
              "2019-03-01"
            ],
            "defaultApiVersion": "2019-03-01",
            "capabilities": "SupportsTags, SupportsLocation"
          },
          {
            "resourceType": "sharedVMExtensions",
            "locations": [
              "West US",
              "East US 2 EUAP",
              "Central US EUAP",
              "France South",
              "Australia Central 2",
              "South Africa West",
              "UAE Central",
              "Switzerland West",
              "Germany North",
              "Norway West",
              "Brazil Southeast",
              "Jio India Central",
              "Sweden South",
              "Israel Central",
              "Poland Central",
              "Malaysia South",
              "East US STG",
              "South Central US STG",
              "Southeast Asia",
              "East US 2",
              "Central US",
              "West Europe",
              "East US",
              "North Central US",
              "South Central US",
              "North Europe",
              "East Asia",
              "Brazil South",
              "West US 2",
              "West Central US",
              "UK West",
              "UK South",
              "Japan East",
              "Japan West",
              "Canada Central",
              "Canada East",
              "Central India",
              "South India",
              "Australia East",
              "Australia Southeast",
              "Korea Central",
              "Korea South",
              "West India",
              "France Central",
              "South Africa North",
              "UAE North",
              "Australia Central",
              "Switzerland North",
              "Germany West Central",
              "Norway East",
              "Jio India West",
              "West US 3",
              "Sweden Central",
              "Qatar Central"
            ],
            "apiVersions": [
              "2022-08-03",
              "2022-03-03",
              "2022-01-03",
              "2021-10-01",
              "2021-07-01",
              "2021-03-01",
              "2020-09-30",
              "2019-12-01"
            ],
            "defaultApiVersion": "2019-12-01",
            "capabilities": "SupportsTags, SupportsLocation"
          },
          {
            "resourceType": "sharedVMExtensions/versions",
            "locations": [
              "West US",
              "East US 2 EUAP",
              "Central US EUAP",
              "France South",
              "Australia Central 2",
              "South Africa West",
              "UAE Central",
              "Switzerland West",
              "Germany North",
              "Norway West",
              "Brazil Southeast",
              "Jio India Central",
              "Sweden South",
              "Israel Central",
              "Poland Central",
              "Malaysia South",
              "East US STG",
              "South Central US STG",
              "Southeast Asia",
              "East US 2",
              "Central US",
              "West Europe",
              "East US",
              "North Central US",
              "South Central US",
              "North Europe",
              "East Asia",
              "Brazil South",
              "West US 2",
              "West Central US",
              "UK West",
              "UK South",
              "Japan East",
              "Japan West",
              "Canada Central",
              "Canada East",
              "Central India",
              "South India",
              "Australia East",
              "Australia Southeast",
              "Korea Central",
              "Korea South",
              "West India",
              "France Central",
              "South Africa North",
              "UAE North",
              "Australia Central",
              "Switzerland North",
              "Germany West Central",
              "Norway East",
              "Jio India West",
              "West US 3",
              "Sweden Central",
              "Qatar Central"
            ],
            "apiVersions": [
              "2022-08-03",
              "2022-03-03",
              "2022-01-03",
              "2021-10-01",
              "2021-07-01",
              "2021-03-01",
              "2020-09-30",
              "2019-12-01"
            ],
            "defaultApiVersion": "2019-12-01",
            "capabilities": "SupportsTags, SupportsLocation"
          },
          {
            "resourceType": "galleries/serviceArtifacts",
            "locations": [
              "West US",
              "East US 2 EUAP",
              "Central US EUAP",
              "France South",
              "Australia Central 2",
              "South Africa West",
              "UAE Central",
              "Switzerland West",
              "Germany North",
              "Norway West",
              "Brazil Southeast",
              "Jio India Central",
              "Sweden South",
              "Israel Central",
              "Poland Central",
              "Malaysia South",
              "East US STG",
              "South Central US STG",
              "West Central US",
              "South Central US",
              "East US 2",
              "Southeast Asia",
              "West Europe",
              "East US",
              "Canada Central",
              "North Europe",
              "North Central US",
              "Brazil South",
              "UK West",
              "West India",
              "East Asia",
              "Australia East",
              "Japan East",
              "Korea South",
              "West US 2",
              "Canada East",
              "UK South",
              "Central India",
              "South India",
              "Australia Southeast",
              "Japan West",
              "Korea Central",
              "France Central",
              "Central US",
              "Australia Central",
              "South Africa North",
              "UAE North",
              "Switzerland North",
              "Germany West Central",
              "Norway East",
              "Jio India West",
              "West US 3",
              "Sweden Central",
              "Qatar Central"
            ],
            "apiVersions": [
              "2022-08-03"
            ],
            "defaultApiVersion": "2022-08-03",
            "capabilities": "SupportsTags, SupportsLocation"
          },
          {
            "resourceType": "disks",
            "locations": [
              "Southeast Asia",
              "East US 2",
              "Central US",
              "West Europe",
              "East US",
              "North Central US",
              "South Central US",
              "West US",
              "North Europe",
              "East Asia",
              "Brazil South",
              "West US 2",
              "West Central US",
              "UK West",
              "UK South",
              "Japan East",
              "Japan West",
              "Canada Central",
              "Canada East",
              "Central India",
              "South India",
              "Australia East",
              "Australia Southeast",
              "Korea Central",
              "Korea South",
              "West India",
              "France Central",
              "South Africa North",
              "UAE North",
              "Australia Central",
              "Switzerland North",
              "Germany West Central",
              "Norway East",
              "Jio India West",
              "West US 3",
              "Sweden Central",
              "Qatar Central",
              "France South",
              "Australia Central 2",
              "South Africa West",
              "UAE Central",
              "Switzerland West",
              "Germany North",
              "Norway West",
              "Brazil Southeast",
              "Jio India Central",
              "Sweden South",
              "Israel Central",
              "Poland Central",
              "Malaysia South",
              "East US STG",
              "South Central US STG",
              "East US 2 EUAP",
              "Central US EUAP"
            ],
            "apiVersions": [
              "2022-07-02",
              "2022-03-02",
              "2021-12-01",
              "2021-08-01",
              "2021-04-01",
              "2020-12-01",
              "2020-09-30",
              "2020-06-30",
              "2020-05-01",
              "2019-11-01",
              "2019-07-01",
              "2019-03-01",
              "2018-09-30",
              "2018-06-01",
              "2018-04-01",
              "2017-03-30",
              "2016-04-30-preview"
            ],
            "defaultApiVersion": "2021-08-01",
            "apiProfiles": [
              {
                "profileVersion": "2018-03-01-hybrid",
                "apiVersion": "2017-03-30"
              },
              {
                "profileVersion": "2018-06-01-profile",
                "apiVersion": "2018-04-01"
              }
            ],
            "zoneMappings": [],
            "capabilities": "SupportsTags, SupportsLocation"
          },
          {
            "resourceType": "snapshots",
            "locations": [
              "Southeast Asia",
              "East US 2",
              "Central US",
              "West Europe",
              "East US",
              "North Central US",
              "South Central US",
              "West US",
              "North Europe",
              "East Asia",
              "Brazil South",
              "West US 2",
              "West Central US",
              "UK West",
              "UK South",
              "Japan East",
              "Japan West",
              "Canada Central",
              "Canada East",
              "Central India",
              "South India",
              "Australia East",
              "Australia Southeast",
              "Korea Central",
              "Korea South",
              "West India",
              "France Central",
              "South Africa North",
              "UAE North",
              "Australia Central",
              "Switzerland North",
              "Germany West Central",
              "Norway East",
              "Jio India West",
              "West US 3",
              "Sweden Central",
              "Qatar Central",
              "France South",
              "Australia Central 2",
              "South Africa West",
              "UAE Central",
              "Switzerland West",
              "Germany North",
              "Norway West",
              "Brazil Southeast",
              "Jio India Central",
              "Sweden South",
              "Israel Central",
              "Poland Central",
              "Malaysia South",
              "East US STG",
              "South Central US STG",
              "East US 2 EUAP",
              "Central US EUAP"
            ],
            "apiVersions": [
              "2022-07-02",
              "2022-03-02",
              "2021-12-01",
              "2021-08-01",
              "2021-04-01",
              "2020-12-01",
              "2020-09-30",
              "2020-06-30",
              "2020-05-01",
              "2019-11-01",
              "2019-07-01",
              "2019-03-01",
              "2018-09-30",
              "2018-06-01",
              "2018-04-01",
              "2017-03-30",
              "2016-04-30-preview"
            ],
            "defaultApiVersion": "2021-08-01",
            "apiProfiles": [
              {
                "profileVersion": "2018-03-01-hybrid",
                "apiVersion": "2017-03-30"
              },
              {
                "profileVersion": "2018-06-01-profile",
                "apiVersion": "2018-04-01"
              }
            ],
            "capabilities": "SupportsTags, SupportsLocation"
          },
          {
            "resourceType": "locations/diskoperations",
            "locations": [
              "Southeast Asia",
              "East US 2",
              "Central US",
              "West Europe",
              "East US",
              "North Central US",
              "South Central US",
              "West US",
              "North Europe",
              "East Asia",
              "Brazil South",
              "West US 2",
              "West Central US",
              "UK West",
              "UK South",
              "Japan East",
              "Japan West",
              "Canada Central",
              "Canada East",
              "Central India",
              "South India",
              "Australia East",
              "Australia Southeast",
              "Korea Central",
              "Korea South",
              "West India",
              "France Central",
              "South Africa North",
              "UAE North",
              "Australia Central",
              "Switzerland North",
              "Germany West Central",
              "Norway East",
              "Jio India West",
              "West US 3",
              "Sweden Central",
              "Qatar Central",
              "France South",
              "Australia Central 2",
              "South Africa West",
              "UAE Central",
              "Switzerland West",
              "Germany North",
              "Norway West",
              "Brazil Southeast",
              "Jio India Central",
              "Sweden South",
              "Israel Central",
              "Poland Central",
              "Malaysia South",
              "East US STG",
              "South Central US STG",
              "East US 2 EUAP",
              "Central US EUAP"
            ],
            "apiVersions": [
              "2022-07-02",
              "2022-03-02",
              "2021-12-01",
              "2021-08-01",
              "2021-04-01",
              "2020-12-01",
              "2020-09-30",
              "2020-06-30",
              "2020-05-01",
              "2019-11-01",
              "2019-07-01",
              "2019-03-01",
              "2018-09-30",
              "2018-06-01",
              "2018-04-01",
              "2017-03-30",
              "2016-04-30-preview"
            ],
            "apiProfiles": [
              {
                "profileVersion": "2018-03-01-hybrid",
                "apiVersion": "2017-03-30"
              },
              {
                "profileVersion": "2018-06-01-profile",
                "apiVersion": "2018-04-01"
              }
            ],
            "capabilities": "None"
          },
          {
            "resourceType": "diskEncryptionSets",
            "locations": [
              "Southeast Asia",
              "East US 2",
              "Central US",
              "West Europe",
              "East US",
              "North Central US",
              "South Central US",
              "West US",
              "North Europe",
              "East Asia",
              "Brazil South",
              "West US 2",
              "West Central US",
              "UK West",
              "UK South",
              "Japan East",
              "Japan West",
              "Canada Central",
              "Canada East",
              "Central India",
              "South India",
              "Australia East",
              "Australia Southeast",
              "Korea Central",
              "Korea South",
              "West India",
              "France Central",
              "South Africa North",
              "UAE North",
              "Australia Central",
              "Switzerland North",
              "Germany West Central",
              "Norway East",
              "Jio India West",
              "West US 3",
              "Sweden Central",
              "Qatar Central",
              "East US 2 EUAP",
              "Central US EUAP",
              "France South",
              "Australia Central 2",
              "South Africa West",
              "UAE Central",
              "Switzerland West",
              "Germany North",
              "Norway West",
              "Brazil Southeast",
              "Jio India Central",
              "Sweden South",
              "Israel Central",
              "Poland Central",
              "Malaysia South",
              "East US STG",
              "South Central US STG"
            ],
            "apiVersions": [
              "2022-07-02",
              "2022-03-02",
              "2021-12-01",
              "2021-08-01",
              "2021-04-01",
              "2020-12-01",
              "2020-09-30",
              "2020-06-30",
              "2020-05-01",
              "2019-11-01",
              "2019-07-01"
            ],
            "defaultApiVersion": "2021-08-01",
            "capabilities": "SupportsTags, SupportsLocation"
          },
          {
            "resourceType": "diskAccesses",
            "locations": [
              "Southeast Asia",
              "East US 2",
              "Central US",
              "West Europe",
              "East US",
              "North Central US",
              "South Central US",
              "West US",
              "North Europe",
              "East Asia",
              "Brazil South",
              "West US 2",
              "West Central US",
              "UK West",
              "UK South",
              "Japan East",
              "Japan West",
              "Canada Central",
              "Canada East",
              "Central India",
              "South India",
              "Australia East",
              "Australia Southeast",
              "Korea Central",
              "Korea South",
              "West India",
              "France Central",
              "South Africa North",
              "UAE North",
              "Australia Central",
              "Switzerland North",
              "Germany West Central",
              "Norway East",
              "Jio India West",
              "West US 3",
              "Sweden Central",
              "Qatar Central",
              "East US 2 EUAP",
              "Central US EUAP",
              "France South",
              "Australia Central 2",
              "South Africa West",
              "UAE Central",
              "Switzerland West",
              "Germany North",
              "Norway West",
              "Brazil Southeast",
              "Jio India Central",
              "Sweden South",
              "Israel Central",
              "Poland Central",
              "Malaysia South",
              "East US STG",
              "South Central US STG"
            ],
            "apiVersions": [
              "2022-07-02",
              "2022-03-02",
              "2021-12-01",
              "2021-08-01",
              "2021-04-01",
              "2020-12-01",
              "2020-09-30",
              "2020-06-30",
              "2020-05-01"
            ],
            "defaultApiVersion": "2021-08-01",
            "capabilities": "SupportsTags, SupportsLocation"
          },
          {
            "resourceType": "restorePointCollections/restorePoints/diskRestorePoints",
            "locations": [
              "West US",
              "East US 2 EUAP",
              "Central US EUAP",
              "Southeast Asia",
              "East US 2",
              "Central US",
              "West Europe",
              "East US",
              "North Central US",
              "South Central US",
              "North Europe",
              "East Asia",
              "Brazil South",
              "West US 2",
              "West Central US",
              "UK West",
              "UK South",
              "Japan East",
              "Japan West",
              "Canada Central",
              "Canada East",
              "Central India",
              "South India",
              "Australia East",
              "Australia Southeast",
              "Korea Central",
              "Korea South",
              "West India",
              "France Central",
              "South Africa North",
              "UAE North",
              "Australia Central",
              "Switzerland North",
              "Germany West Central",
              "Norway East",
              "Jio India West",
              "West US 3",
              "Sweden Central",
              "Qatar Central",
              "France South",
              "Australia Central 2",
              "South Africa West",
              "UAE Central",
              "Switzerland West",
              "Germany North",
              "Norway West",
              "Brazil Southeast",
              "Jio India Central",
              "Sweden South",
              "Israel Central",
              "Poland Central",
              "Malaysia South",
              "East US STG",
              "South Central US STG"
            ],
            "apiVersions": [
              "2022-07-02",
              "2022-03-02",
              "2021-12-01",
              "2021-08-01",
              "2021-04-01",
              "2020-12-01",
              "2020-09-30"
            ],
            "defaultApiVersion": "2021-08-01",
            "capabilities": "None"
          },
          {
            "resourceType": "locations/vsmoperations",
            "locations": [
              "Southeast Asia",
              "East US 2",
              "Central US",
              "West Europe",
              "East US",
              "North Central US",
              "South Central US",
              "West US",
              "North Europe",
              "East Asia",
              "Brazil South",
              "West US 2",
              "West Central US",
              "UK West",
              "UK South",
              "Japan East",
              "Japan West",
              "Canada Central",
              "Canada East",
              "Central India",
              "South India",
              "Australia East",
              "Australia Southeast",
              "Korea Central",
              "Korea South",
              "West India",
              "France Central",
              "South Africa North",
              "UAE North",
              "Australia Central",
              "Switzerland North",
              "Germany West Central",
              "Norway East",
              "Jio India West",
              "West US 3",
              "Sweden Central",
              "Qatar Central",
              "East US 2 EUAP",
              "Central US EUAP",
              "France South",
              "Australia Central 2",
              "South Africa West",
              "UAE Central",
              "Switzerland West",
              "Germany North",
              "Norway West",
              "Brazil Southeast",
              "Jio India Central",
              "Sweden South",
              "Israel Central",
              "Poland Central",
              "Malaysia South",
              "East US STG",
              "South Central US STG"
            ],
            "apiVersions": [
              "2020-06-01",
              "2019-12-01",
              "2019-07-01",
              "2019-03-01",
              "2018-10-01",
              "2018-06-01",
              "2018-04-01",
              "2017-12-01",
              "2017-03-30",
              "2016-08-30",
              "2016-04-30-preview",
              "2016-03-30",
              "2015-06-15",
              "2015-05-01-preview"
            ],
            "capabilities": "None"
          },
          {
            "resourceType": "cloudServices",
            "locations": [
              "Southeast Asia",
              "East US 2",
              "Central US",
              "West Europe",
              "East US",
              "North Central US",
              "South Central US",
              "West US",
              "North Europe",
              "East Asia",
              "Brazil South",
              "West US 2",
              "West Central US",
              "UK West",
              "UK South",
              "Japan East",
              "Japan West",
              "Canada Central",
              "Canada East",
              "Central India",
              "South India",
              "Australia East",
              "Australia Southeast",
              "Korea Central",
              "Korea South",
              "West India",
              "France Central",
              "South Africa North",
              "UAE North",
              "Australia Central",
              "Switzerland North",
              "Germany West Central",
              "Norway East",
              "Jio India West",
              "West US 3",
              "Sweden Central",
              "Qatar Central",
              "France South",
              "Australia Central 2",
              "South Africa West",
              "UAE Central",
              "Switzerland West",
              "Germany North",
              "Norway West",
              "Brazil Southeast",
              "Jio India Central",
              "Sweden South",
              "Israel Central",
              "Poland Central",
              "Malaysia South",
              "East US STG",
              "South Central US STG",
              "East US 2 EUAP",
              "Central US EUAP"
            ],
            "apiVersions": [
              "2022-09-04",
              "2022-04-04",
              "2021-03-01",
              "2020-10-01-preview"
            ],
            "defaultApiVersion": "2021-03-01",
            "zoneMappings": [],
            "capabilities": "SupportsTags, SupportsLocation"
          },
          {
            "resourceType": "cloudServices/roles",
            "locations": [
              "Southeast Asia",
              "East US 2",
              "Central US",
              "West Europe",
              "East US",
              "North Central US",
              "South Central US",
              "West US",
              "North Europe",
              "East Asia",
              "Brazil South",
              "West US 2",
              "West Central US",
              "UK West",
              "UK South",
              "Japan East",
              "Japan West",
              "Canada Central",
              "Canada East",
              "Central India",
              "South India",
              "Australia East",
              "Australia Southeast",
              "Korea Central",
              "Korea South",
              "West India",
              "France Central",
              "South Africa North",
              "UAE North",
              "Australia Central",
              "Switzerland North",
              "Germany West Central",
              "Norway East",
              "Jio India West",
              "West US 3",
              "Sweden Central",
              "Qatar Central",
              "East US 2 EUAP",
              "Central US EUAP",
              "France South",
              "Australia Central 2",
              "South Africa West",
              "UAE Central",
              "Switzerland West",
              "Germany North",
              "Norway West",
              "Brazil Southeast",
              "Jio India Central",
              "Sweden South",
              "Israel Central",
              "Poland Central",
              "Malaysia South",
              "East US STG",
              "South Central US STG"
            ],
            "apiVersions": [
              "2022-09-04",
              "2022-04-04",
              "2021-03-01",
              "2020-10-01-preview"
            ],
            "defaultApiVersion": "2021-03-01",
            "capabilities": "None"
          },
          {
            "resourceType": "cloudServices/roleInstances",
            "locations": [
              "Southeast Asia",
              "East US 2",
              "Central US",
              "West Europe",
              "East US",
              "North Central US",
              "South Central US",
              "West US",
              "North Europe",
              "East Asia",
              "Brazil South",
              "West US 2",
              "West Central US",
              "UK West",
              "UK South",
              "Japan East",
              "Japan West",
              "Canada Central",
              "Canada East",
              "Central India",
              "South India",
              "Australia East",
              "Australia Southeast",
              "Korea Central",
              "Korea South",
              "West India",
              "France Central",
              "South Africa North",
              "UAE North",
              "Australia Central",
              "Switzerland North",
              "Germany West Central",
              "Norway East",
              "Jio India West",
              "West US 3",
              "Sweden Central",
              "Qatar Central",
              "East US 2 EUAP",
              "Central US EUAP",
              "France South",
              "Australia Central 2",
              "South Africa West",
              "UAE Central",
              "Switzerland West",
              "Germany North",
              "Norway West",
              "Brazil Southeast",
              "Jio India Central",
              "Sweden South",
              "Israel Central",
              "Poland Central",
              "Malaysia South",
              "East US STG",
              "South Central US STG"
            ],
            "apiVersions": [
              "2022-09-04",
              "2022-04-04",
              "2021-03-01",
              "2020-10-01-preview"
            ],
            "defaultApiVersion": "2021-03-01",
            "capabilities": "None"
          },
          {
            "resourceType": "locations/csoperations",
            "locations": [
              "Southeast Asia",
              "East US 2",
              "Central US",
              "West Europe",
              "East US",
              "North Central US",
              "South Central US",
              "West US",
              "North Europe",
              "East Asia",
              "Brazil South",
              "West US 2",
              "West Central US",
              "UK West",
              "UK South",
              "Japan East",
              "Japan West",
              "Canada Central",
              "Canada East",
              "Central India",
              "South India",
              "Australia East",
              "Australia Southeast",
              "Korea Central",
              "Korea South",
              "West India",
              "France Central",
              "South Africa North",
              "UAE North",
              "Australia Central",
              "Switzerland North",
              "Germany West Central",
              "Norway East",
              "Jio India West",
              "West US 3",
              "Sweden Central",
              "Qatar Central",
              "East US 2 EUAP",
              "Central US EUAP",
              "France South",
              "Australia Central 2",
              "South Africa West",
              "UAE Central",
              "Switzerland West",
              "Germany North",
              "Norway West",
              "Brazil Southeast",
              "Jio India Central",
              "Sweden South",
              "Israel Central",
              "Poland Central",
              "Malaysia South",
              "East US STG",
              "South Central US STG"
            ],
            "apiVersions": [
              "2022-09-04",
              "2022-04-04",
              "2021-03-01",
              "2020-10-01-preview"
            ],
            "capabilities": "None"
          },
          {
            "resourceType": "locations/cloudServiceOsVersions",
            "locations": [
              "Southeast Asia",
              "East US 2",
              "Central US",
              "West Europe",
              "East US",
              "North Central US",
              "South Central US",
              "West US",
              "North Europe",
              "East Asia",
              "Brazil South",
              "West US 2",
              "West Central US",
              "UK West",
              "UK South",
              "Japan East",
              "Japan West",
              "Canada Central",
              "Canada East",
              "Central India",
              "South India",
              "Australia East",
              "Australia Southeast",
              "Korea Central",
              "Korea South",
              "West India",
              "France Central",
              "South Africa North",
              "UAE North",
              "Australia Central",
              "Switzerland North",
              "Germany West Central",
              "Norway East",
              "Jio India West",
              "West US 3",
              "Sweden Central",
              "Qatar Central",
              "East US 2 EUAP",
              "Central US EUAP",
              "France South",
              "Australia Central 2",
              "South Africa West",
              "UAE Central",
              "Switzerland West",
              "Germany North",
              "Norway West",
              "Brazil Southeast",
              "Jio India Central",
              "Sweden South",
              "Israel Central",
              "Poland Central",
              "Malaysia South",
              "East US STG",
              "South Central US STG"
            ],
            "apiVersions": [
              "2022-09-04",
              "2022-04-04",
              "2021-03-01"
            ],
            "defaultApiVersion": "2021-03-01",
            "capabilities": "None"
          },
          {
            "resourceType": "locations/cloudServiceOsFamilies",
            "locations": [
              "Southeast Asia",
              "East US 2",
              "Central US",
              "West Europe",
              "East US",
              "North Central US",
              "South Central US",
              "West US",
              "North Europe",
              "East Asia",
              "Brazil South",
              "West US 2",
              "West Central US",
              "UK West",
              "UK South",
              "Japan East",
              "Japan West",
              "Canada Central",
              "Canada East",
              "Central India",
              "South India",
              "Australia East",
              "Australia Southeast",
              "Korea Central",
              "Korea South",
              "West India",
              "France Central",
              "South Africa North",
              "UAE North",
              "Australia Central",
              "Switzerland North",
              "Germany West Central",
              "Norway East",
              "Jio India West",
              "West US 3",
              "Sweden Central",
              "Qatar Central",
              "East US 2 EUAP",
              "Central US EUAP",
              "France South",
              "Australia Central 2",
              "South Africa West",
              "UAE Central",
              "Switzerland West",
              "Germany North",
              "Norway West",
              "Brazil Southeast",
              "Jio India Central",
              "Sweden South",
              "Israel Central",
              "Poland Central",
              "Malaysia South",
              "East US STG",
              "South Central US STG"
            ],
            "apiVersions": [
              "2022-09-04",
              "2022-04-04",
              "2021-03-01"
            ],
            "defaultApiVersion": "2021-03-01",
            "capabilities": "None"
          },
          {
            "resourceType": "cloudServices/networkInterfaces",
            "locations": [
              "Southeast Asia",
              "East US 2",
              "Central US",
              "West Europe",
              "East US",
              "North Central US",
              "South Central US",
              "West US",
              "North Europe",
              "East Asia",
              "Brazil South",
              "West US 2",
              "West Central US",
              "UK West",
              "UK South",
              "Japan East",
              "Japan West",
              "Canada Central",
              "Canada East",
              "Central India",
              "South India",
              "Australia East",
              "Australia Southeast",
              "Korea Central",
              "Korea South",
              "West India",
              "France Central",
              "South Africa North",
              "UAE North",
              "Australia Central",
              "Switzerland North",
              "Germany West Central",
              "Norway East",
              "Jio India West",
              "West US 3",
              "Sweden Central",
              "Qatar Central",
              "East US 2 EUAP",
              "Central US EUAP",
              "France South",
              "Australia Central 2",
              "South Africa West",
              "UAE Central",
              "Switzerland West",
              "Germany North",
              "Norway West",
              "Brazil Southeast",
              "Jio India Central",
              "Sweden South",
              "Israel Central",
              "Poland Central",
              "Malaysia South",
              "East US STG",
              "South Central US STG"
            ],
            "apiVersions": [
              "2021-03-01",
              "2020-10-01-preview"
            ],
            "capabilities": "None"
          },
          {
            "resourceType": "cloudServices/roleInstances/networkInterfaces",
            "locations": [
              "Southeast Asia",
              "East US 2",
              "Central US",
              "West Europe",
              "East US",
              "North Central US",
              "South Central US",
              "West US",
              "North Europe",
              "East Asia",
              "Brazil South",
              "West US 2",
              "West Central US",
              "UK West",
              "UK South",
              "Japan East",
              "Japan West",
              "Canada Central",
              "Canada East",
              "Central India",
              "South India",
              "Australia East",
              "Australia Southeast",
              "Korea Central",
              "Korea South",
              "West India",
              "France Central",
              "South Africa North",
              "UAE North",
              "Australia Central",
              "Switzerland North",
              "Germany West Central",
              "Norway East",
              "Jio India West",
              "West US 3",
              "Sweden Central",
              "Qatar Central",
              "East US 2 EUAP",
              "Central US EUAP",
              "France South",
              "Australia Central 2",
              "South Africa West",
              "UAE Central",
              "Switzerland West",
              "Germany North",
              "Norway West",
              "Brazil Southeast",
              "Jio India Central",
              "Sweden South",
              "Israel Central",
              "Poland Central",
              "Malaysia South",
              "East US STG",
              "South Central US STG"
            ],
            "apiVersions": [
              "2021-03-01",
              "2020-10-01-preview"
            ],
            "capabilities": "None"
          },
          {
            "resourceType": "cloudServices/publicIPAddresses",
            "locations": [
              "Southeast Asia",
              "East US 2",
              "Central US",
              "West Europe",
              "East US",
              "North Central US",
              "South Central US",
              "West US",
              "North Europe",
              "East Asia",
              "Brazil South",
              "West US 2",
              "West Central US",
              "UK West",
              "UK South",
              "Japan East",
              "Japan West",
              "Canada Central",
              "Canada East",
              "Central India",
              "South India",
              "Australia East",
              "Australia Southeast",
              "Korea Central",
              "Korea South",
              "West India",
              "France Central",
              "South Africa North",
              "UAE North",
              "Australia Central",
              "Switzerland North",
              "Germany West Central",
              "Norway East",
              "Jio India West",
              "West US 3",
              "Sweden Central",
              "Qatar Central",
              "East US 2 EUAP",
              "Central US EUAP",
              "France South",
              "Australia Central 2",
              "South Africa West",
              "UAE Central",
              "Switzerland West",
              "Germany North",
              "Norway West",
              "Brazil Southeast",
              "Jio India Central",
              "Sweden South",
              "Israel Central",
              "Poland Central",
              "Malaysia South",
              "East US STG",
              "South Central US STG"
            ],
            "apiVersions": [
              "2021-03-01",
              "2020-10-01-preview"
            ],
            "capabilities": "None"
          },
          {
            "resourceType": "images",
            "locations": [
              "Southeast Asia",
              "East US 2",
              "Central US",
              "West Europe",
              "East US",
              "North Central US",
              "South Central US",
              "West US",
              "North Europe",
              "East Asia",
              "Brazil South",
              "West US 2",
              "West Central US",
              "UK West",
              "UK South",
              "Japan East",
              "Japan West",
              "Canada Central",
              "Canada East",
              "Central India",
              "South India",
              "Australia East",
              "Australia Southeast",
              "Korea Central",
              "Korea South",
              "West India",
              "France Central",
              "South Africa North",
              "UAE North",
              "Australia Central",
              "Switzerland North",
              "Germany West Central",
              "Norway East",
              "Jio India West",
              "West US 3",
              "Sweden Central",
              "Qatar Central",
              "France South",
              "Australia Central 2",
              "South Africa West",
              "UAE Central",
              "Switzerland West",
              "Germany North",
              "Norway West",
              "Brazil Southeast",
              "Jio India Central",
              "Sweden South",
              "Israel Central",
              "Poland Central",
              "Malaysia South",
              "East US STG",
              "South Central US STG",
              "East US 2 EUAP",
              "Central US EUAP"
            ],
            "apiVersions": [
              "2022-11-01",
              "2022-08-01",
              "2022-03-01",
              "2021-11-01",
              "2021-07-01",
              "2021-04-01",
              "2021-03-01",
              "2020-12-01",
              "2020-06-01",
              "2019-12-01",
              "2019-07-01",
              "2019-03-01",
              "2018-10-01",
              "2018-06-01",
              "2018-04-01",
              "2017-12-01",
              "2017-03-30",
              "2016-08-30",
              "2016-04-30-preview"
            ],
            "defaultApiVersion": "2021-07-01",
            "apiProfiles": [
              {
                "profileVersion": "2018-03-01-hybrid",
                "apiVersion": "2017-03-30"
              },
              {
                "profileVersion": "2018-06-01-profile",
                "apiVersion": "2018-04-01"
              }
            ],
            "capabilities": "SupportsTags, SupportsLocation"
          },
          {
            "resourceType": "locations/diagnostics",
            "locations": [
              "West Central US",
              "Southeast Asia",
              "East US 2",
              "East US",
              "South Central US",
              "West Europe",
              "North Europe",
              "West US 2",
              "UK South",
              "Australia East",
              "East US 2 EUAP",
              "Central US EUAP",
              "South India",
              "Central India",
              "West India",
              "Korea Central",
              "Korea South",
              "Jio India West",
              "Japan West",
              "Japan East",
              "East Asia",
              "Canada Central",
              "Canada East",
              "South Africa North",
              "Central US",
              "West US 3",
              "West US",
              "UK West",
              "France Central",
              "UAE North",
              "Australia Central",
              "Australia Southeast",
              "Switzerland North",
              "Germany West Central",
              "Norway East",
              "North Central US",
              "Brazil South",
              "France South",
              "UAE Central",
              "Australia Central 2",
              "South Africa West",
              "Brazil Southeast",
              "Jio India Central",
              "Switzerland West",
              "Germany North",
              "Norway West",
              "Sweden Central",
              "Sweden South",
              "Qatar Central",
              "East US STG",
              "South Central US STG"
            ],
            "apiVersions": [
              "2021-06-01-preview"
            ],
            "defaultApiVersion": "2021-06-01-preview",
            "capabilities": "None"
          },
          {
            "resourceType": "locations/diagnosticOperations",
            "locations": [
              "West Central US",
              "Southeast Asia",
              "East US 2",
              "East US",
              "South Central US",
              "West Europe",
              "North Europe",
              "West US 2",
              "UK South",
              "Australia East",
              "East US 2 EUAP",
              "Central US EUAP",
              "South India",
              "Central India",
              "West India",
              "Korea Central",
              "Korea South",
              "Jio India West",
              "Japan West",
              "Japan East",
              "East Asia",
              "Canada Central",
              "Canada East",
              "South Africa North",
              "Central US",
              "West US 3",
              "West US",
              "UK West",
              "France Central",
              "UAE North",
              "Australia Central",
              "Australia Southeast",
              "Switzerland North",
              "Germany West Central",
              "Norway East",
              "North Central US",
              "Brazil South",
              "France South",
              "UAE Central",
              "Australia Central 2",
              "South Africa West",
              "Brazil Southeast",
              "Jio India Central",
              "Switzerland West",
              "Germany North",
              "Norway West",
              "Sweden Central",
              "Sweden South",
              "Qatar Central",
              "East US STG",
              "South Central US STG"
            ],
            "apiVersions": [
              "2021-06-01-preview"
            ],
            "defaultApiVersion": "2021-06-01-preview",
            "capabilities": "None"
          },
          {
            "resourceType": "locations/logAnalytics",
            "locations": [
              "East US",
              "East US 2",
              "West US",
              "Central US",
              "North Central US",
              "South Central US",
              "North Europe",
              "West Europe",
              "East Asia",
              "Southeast Asia",
              "Japan East",
              "Japan West",
              "Australia East",
              "Australia Southeast",
              "Australia Central",
              "Brazil South",
              "South India",
              "Central India",
              "West India",
              "Canada Central",
              "Canada East",
              "West US 2",
              "West Central US",
              "UK South",
              "UK West",
              "Korea Central",
              "Korea South",
              "France Central",
              "South Africa North",
              "UAE North",
              "Switzerland North",
              "Germany West Central",
              "Norway East",
              "Jio India West",
              "West US 3",
              "Sweden Central",
              "Qatar Central",
              "France South",
              "Australia Central 2",
              "South Africa West",
              "UAE Central",
              "Switzerland West",
              "Germany North",
              "Norway West",
              "Brazil Southeast",
              "Jio India Central",
              "Sweden South",
              "Israel Central",
              "Poland Central",
              "Malaysia South",
              "East US STG",
              "South Central US STG",
              "East US 2 EUAP",
              "Central US EUAP"
            ],
            "apiVersions": [
              "2022-11-01",
              "2022-08-01",
              "2022-03-01",
              "2021-11-01",
              "2021-07-01",
              "2021-04-01",
              "2021-03-01",
              "2020-12-01",
              "2020-06-01",
              "2019-12-01",
              "2019-07-01",
              "2019-03-01",
              "2018-10-01",
              "2018-06-01",
              "2018-04-01",
              "2017-12-01"
            ],
            "capabilities": "None"
          },
          {
            "resourceType": "hostGroups",
            "locations": [
              "Central US",
              "East US 2",
              "West Europe",
              "Southeast Asia",
              "France Central",
              "North Europe",
              "West US 2",
              "East US 2 EUAP",
              "East US",
              "UK South",
              "Japan East",
              "Japan West",
              "East Asia",
              "Central US EUAP",
              "North Central US",
              "South Central US",
              "Canada East",
              "Korea Central",
              "Brazil South",
              "UK West",
              "Canada Central",
              "West US",
              "West Central US",
              "Central India",
              "South India",
              "Australia Southeast",
              "Korea South",
              "West India",
              "South Africa North",
              "UAE North",
              "Australia Central",
              "Switzerland North",
              "Germany West Central",
              "Norway East",
              "Australia East",
              "Jio India West",
              "West US 3",
              "Sweden Central",
              "Qatar Central",
              "France South",
              "Australia Central 2",
              "South Africa West",
              "UAE Central",
              "Switzerland West",
              "Germany North",
              "Norway West",
              "Brazil Southeast",
              "Jio India Central",
              "Sweden South",
              "Israel Central",
              "Poland Central",
              "Malaysia South",
              "East US STG",
              "South Central US STG"
            ],
            "apiVersions": [
              "2022-11-01",
              "2022-08-01",
              "2022-03-01",
              "2021-11-01",
              "2021-07-01",
              "2021-04-01",
              "2021-03-01",
              "2020-12-01",
              "2020-06-01",
              "2019-12-01",
              "2019-07-01",
              "2019-03-01",
              "2018-10-01"
            ],
            "defaultApiVersion": "2021-07-01",
            "zoneMappings": [],
            "capabilities": "SupportsTags, SupportsLocation"
          },
          {
            "resourceType": "hostGroups/hosts",
            "locations": [
              "Central US",
              "East US 2",
              "West Europe",
              "Southeast Asia",
              "France Central",
              "North Europe",
              "West US 2",
              "East US 2 EUAP",
              "East US",
              "UK South",
              "Japan East",
              "Japan West",
              "East Asia",
              "Central US EUAP",
              "North Central US",
              "South Central US",
              "Canada East",
              "Korea Central",
              "Brazil South",
              "UK West",
              "Canada Central",
              "West US",
              "West Central US",
              "Central India",
              "South India",
              "Australia Southeast",
              "Korea South",
              "West India",
              "South Africa North",
              "UAE North",
              "Australia Central",
              "Switzerland North",
              "Germany West Central",
              "Norway East",
              "Australia East",
              "Jio India West",
              "West US 3",
              "Sweden Central",
              "Qatar Central",
              "France South",
              "Australia Central 2",
              "South Africa West",
              "UAE Central",
              "Switzerland West",
              "Germany North",
              "Norway West",
              "Brazil Southeast",
              "Jio India Central",
              "Sweden South",
              "Israel Central",
              "Poland Central",
              "Malaysia South",
              "East US STG",
              "South Central US STG"
            ],
            "apiVersions": [
              "2022-11-01",
              "2022-08-01",
              "2022-03-01",
              "2021-11-01",
              "2021-07-01",
              "2021-04-01",
              "2021-03-01",
              "2020-12-01",
              "2020-06-01",
              "2019-12-01",
              "2019-07-01",
              "2019-03-01",
              "2018-10-01"
            ],
            "defaultApiVersion": "2021-07-01",
            "zoneMappings": [],
            "capabilities": "SupportsTags, SupportsLocation"
          }
        ]
      }
    }
  ],
  "Variables": {
    "AZURE_AUTHORITY_HOST": "https://login.microsoftonline.com/",
    "RandomSeed": "2064716237",
    "RESOURCE_MANAGER_URL": null,
    "SUBSCRIPTION_ID": "db1ab6f0-4769-4b27-930e-01e2ef9c123c"
  }
}
