{
  "Entries": [
    {
      "RequestUri": "https://management.azure.com/subscriptions/e37510d7-33b6-4676-886f-ee75bcc01871?api-version=2021-01-01",
      "RequestMethod": "GET",
      "RequestHeaders": {
        "Accept": "application/json",
        "Authorization": "Sanitized",
        "traceparent": "00-3841a93a412f0fc6838f6f6982e436d9-8d2cb8a32a8839ef-00",
        "User-Agent": "azsdk-net-ResourceManager/1.4.0 (.NET 7.0.5; Microsoft Windows 10.0.22621)",
        "x-ms-client-request-id": "1d9bee1bfb8c07b44b28aec21fb23719",
        "x-ms-return-client-request-id": "true"
      },
      "RequestBody": null,
      "StatusCode": 200,
      "ResponseHeaders": {
        "Cache-Control": "no-cache",
        "Content-Length": "456",
        "Content-Type": "application/json; charset=utf-8",
        "Date": "Fri, 28 Apr 2023 17:53:54 GMT",
        "Expires": "-1",
        "Pragma": "no-cache",
        "Strict-Transport-Security": "max-age=31536000; includeSubDomains",
        "X-Content-Type-Options": "nosniff",
        "x-ms-correlation-request-id": "1b51b3be-0ad7-4bd0-9ed9-b4114d5f88b6",
        "x-ms-ratelimit-remaining-subscription-reads": "11960",
        "x-ms-request-id": "1b51b3be-0ad7-4bd0-9ed9-b4114d5f88b6",
        "x-ms-routing-request-id": "CANADACENTRAL:20230428T175354Z:1b51b3be-0ad7-4bd0-9ed9-b4114d5f88b6"
      },
      "ResponseBody": {
        "id": "/subscriptions/e37510d7-33b6-4676-886f-ee75bcc01871",
        "authorizationSource": "RoleBased",
        "managedByTenants": [],
        "tags": {
          "SkipGreenTeamLinuxSSHAuthForSub": "1020642667"
        },
        "subscriptionId": "e37510d7-33b6-4676-886f-ee75bcc01871",
        "tenantId": "72f988bf-86f1-41af-91ab-2d7cd011db47",
        "displayName": "CPlat SDK/PowerShell",
        "state": "Enabled",
        "subscriptionPolicies": {
          "locationPlacementId": "Internal_2014-09-01",
          "quotaId": "Internal_2014-09-01",
          "spendingLimit": "Off"
        }
      }
    },
    {
      "RequestUri": "https://management.azure.com/subscriptions/e37510d7-33b6-4676-886f-ee75bcc01871/resourcegroups/testRG-3192?api-version=**",
      "RequestMethod": "PUT",
      "RequestHeaders": {
        "Accept": "application/json",
        "Authorization": "Sanitized",
        "Content-Length": "43",
        "Content-Type": "application/json",
        "traceparent": "00-df12b2a9ad609e2b3dcf4fc73e7392ec-f78ddac207442160-00",
        "User-Agent": "azsdk-net-ResourceManager/1.4.0 (.NET 7.0.5; Microsoft Windows 10.0.22621)",
        "x-ms-client-request-id": "21f0f373a81b577137b58cc2b08ae501",
        "x-ms-return-client-request-id": "true"
      },
      "RequestBody": {
        "tags": {
          "test": "env"
        },
        "location": "eastus"
      },
      "StatusCode": 201,
      "ResponseHeaders": {
        "Cache-Control": "no-cache",
        "Content-Length": "241",
        "Content-Type": "application/json; charset=utf-8",
        "Date": "Fri, 28 Apr 2023 17:53:54 GMT",
        "Expires": "-1",
        "Pragma": "no-cache",
        "Strict-Transport-Security": "max-age=31536000; includeSubDomains",
        "X-Content-Type-Options": "nosniff",
        "x-ms-correlation-request-id": "f682a916-af14-4ff1-9680-81db944182fb",
        "x-ms-ratelimit-remaining-subscription-writes": "1060",
        "x-ms-request-id": "f682a916-af14-4ff1-9680-81db944182fb",
        "x-ms-routing-request-id": "CANADACENTRAL:20230428T175355Z:f682a916-af14-4ff1-9680-81db944182fb"
      },
      "ResponseBody": {
        "id": "/subscriptions/e37510d7-33b6-4676-886f-ee75bcc01871/resourceGroups/testRG-3192",
        "name": "testRG-3192",
        "type": "Microsoft.Resources/resourceGroups",
        "location": "eastus",
        "tags": {
          "test": "env"
        },
        "properties": {
          "provisioningState": "Succeeded"
        }
      }
    },
    {
      "RequestUri": "https://management.azure.com/subscriptions/e37510d7-33b6-4676-886f-ee75bcc01871/resourceGroups/testRG-3192/providers/Microsoft.Compute/availabilitySets/testAS-2350?api-version=2023-03-01",
      "RequestMethod": "PUT",
      "RequestHeaders": {
        "Accept": "application/json",
        "Authorization": "Sanitized",
        "Content-Length": "60",
        "Content-Type": "application/json",
        "traceparent": "00-7ed3cf3d3c440dd75f81716dcf82768c-f3c38b55803a3588-00",
        "User-Agent": "azsdk-net-ResourceManager.Compute/1.2.0-alpha.20230428.1 (.NET 7.0.5; Microsoft Windows 10.0.22621)",
        "x-ms-client-request-id": "022ca199c16d0c4db725e82a73f29d44",
        "x-ms-return-client-request-id": "true"
      },
      "RequestBody": {
        "tags": {
          "key": "value"
        },
        "location": "eastus",
        "properties": {}
      },
      "StatusCode": 200,
      "ResponseHeaders": {
        "Cache-Control": "no-cache",
        "Content-Length": "428",
        "Content-Type": "application/json; charset=utf-8",
        "Date": "Fri, 28 Apr 2023 17:53:55 GMT",
        "Expires": "-1",
        "Pragma": "no-cache",
        "Server": [
          "Microsoft-HTTPAPI/2.0",
          "Microsoft-HTTPAPI/2.0"
        ],
        "Strict-Transport-Security": "max-age=31536000; includeSubDomains",
        "X-Content-Type-Options": "nosniff",
        "x-ms-client-request-id": "022ca199c16d0c4db725e82a73f29d44",
        "x-ms-correlation-request-id": "e33365f1-d390-471b-b95e-4c3df7b7df35",
        "x-ms-ratelimit-remaining-resource": "Microsoft.Compute/PutVM3Min;144,Microsoft.Compute/PutVM30Min;1104",
        "x-ms-ratelimit-remaining-subscription-writes": "1059",
        "x-ms-request-id": "11188fa9-db6a-47c0-a7b2-c61e355b3cea",
        "x-ms-routing-request-id": "CANADACENTRAL:20230428T175355Z:e33365f1-d390-471b-b95e-4c3df7b7df35"
      },
      "ResponseBody": {
        "name": "testAS-2350",
        "id": "/subscriptions/e37510d7-33b6-4676-886f-ee75bcc01871/resourceGroups/testRG-3192/providers/Microsoft.Compute/availabilitySets/testAS-2350",
        "type": "Microsoft.Compute/availabilitySets",
        "location": "eastus",
        "tags": {
          "key": "value"
        },
        "properties": {
          "platformUpdateDomainCount": 5,
          "platformFaultDomainCount": 3
        },
        "sku": {
          "name": "Classic"
        }
      }
    },
    {
      "RequestUri": "https://management.azure.com/providers/Microsoft.Compute?api-version=**",
      "RequestMethod": "GET",
      "RequestHeaders": {
        "Accept": "application/json",
        "Authorization": "Sanitized",
        "traceparent": "00-e511cc9290250e928f582f65764e74ae-4e332019cc4d8ace-00",
        "User-Agent": "azsdk-net-ResourceManager/1.4.0 (.NET 7.0.5; Microsoft Windows 10.0.22621)",
        "x-ms-client-request-id": "f89c15edfad0f2d2ac34c3ff7b887824",
        "x-ms-return-client-request-id": "true"
      },
      "RequestBody": null,
      "StatusCode": 200,
      "ResponseHeaders": {
        "Cache-Control": "no-cache",
        "Content-Length": "94210",
        "Content-Type": "application/json; charset=utf-8",
        "Date": "Fri, 28 Apr 2023 17:53:55 GMT",
        "Expires": "-1",
        "Pragma": "no-cache",
        "Strict-Transport-Security": "max-age=31536000; includeSubDomains",
        "X-Content-Type-Options": "nosniff",
        "x-ms-correlation-request-id": "53c70eaa-a0f0-4c57-847e-8b631d1d8d91",
        "x-ms-ratelimit-remaining-tenant-reads": "11998",
        "x-ms-request-id": "53c70eaa-a0f0-4c57-847e-8b631d1d8d91",
        "x-ms-routing-request-id": "CANADACENTRAL:20230428T175355Z:53c70eaa-a0f0-4c57-847e-8b631d1d8d91"
      },
      "ResponseBody": {
        "namespace": "Microsoft.Compute",
        "resourceTypes": [
          {
            "resourceType": "availabilitySets",
            "locations": [
              "East US",
              "East US 2",
              "West US",
              "Central US",
              "North Central US",
              "South Central US",
              "North Europe",
              "West Europe",
              "East Asia",
              "Southeast Asia",
              "Japan East",
              "Japan West",
              "Australia East",
              "Australia Southeast",
              "Australia Central",
              "Brazil South",
              "South India",
              "Central India",
              "West India",
              "Canada Central",
              "Canada East",
              "West US 2",
              "West Central US",
              "UK South",
              "UK West",
              "Korea Central",
              "Korea South",
              "France Central",
              "South Africa North",
              "UAE North",
              "Switzerland North",
              "Germany West Central",
              "Norway East",
              "Jio India West",
              "West US 3",
              "Sweden Central",
              "Qatar Central",
              "Poland Central",
              "France South",
              "Australia Central 2",
              "South Africa West",
              "UAE Central",
              "Switzerland West",
              "Germany North",
              "Norway West",
              "Brazil Southeast",
              "East US SLV",
              "Jio India Central",
              "Sweden South",
              "Israel Central",
              "Malaysia South",
              "Italy North",
              "Taiwan North",
              "Taiwan NorthWest",
              "Mexico Central",
              "East US STG",
              "South Central US STG",
              "East US 2 EUAP",
              "Central US EUAP"
            ],
            "apiVersions": [
              "2023-03-01",
              "2022-11-01",
              "2022-08-01",
              "2022-03-01",
              "2021-11-01",
              "2021-07-01",
              "2021-04-01",
              "2021-03-01",
              "2020-12-01",
              "2020-06-01",
              "2019-12-01",
              "2019-07-01",
              "2019-03-01",
              "2018-10-01",
              "2018-06-01",
              "2018-04-01",
              "2017-12-01",
              "2017-03-30",
              "2016-08-30",
              "2016-04-30-preview",
              "2016-03-30",
              "2015-06-15",
              "2015-05-01-preview"
            ],
            "defaultApiVersion": "2022-03-01",
            "apiProfiles": [
              {
                "profileVersion": "2017-03-09-profile",
                "apiVersion": "2016-03-30"
              },
              {
                "profileVersion": "2018-03-01-hybrid",
                "apiVersion": "2017-03-30"
              },
              {
                "profileVersion": "2018-06-01-profile",
                "apiVersion": "2017-12-01"
              },
              {
                "profileVersion": "2019-03-01-hybrid",
                "apiVersion": "2017-12-01"
              },
              {
                "profileVersion": "2020-09-01-hybrid",
                "apiVersion": "2020-06-01"
              }
            ],
            "capabilities": "SupportsTags, SupportsLocation"
          },
          {
            "resourceType": "virtualMachines",
            "locations": [
              "East US",
              "East US 2",
              "West US",
              "Central US",
              "North Central US",
              "South Central US",
              "North Europe",
              "West Europe",
              "East Asia",
              "Southeast Asia",
              "Japan East",
              "Japan West",
              "Australia East",
              "Australia Southeast",
              "Australia Central",
              "Brazil South",
              "South India",
              "Central India",
              "West India",
              "Canada Central",
              "Canada East",
              "West US 2",
              "West Central US",
              "UK South",
              "UK West",
              "Korea Central",
              "Korea South",
              "France Central",
              "South Africa North",
              "UAE North",
              "Switzerland North",
              "Germany West Central",
              "Norway East",
              "Jio India West",
              "West US 3",
              "Sweden Central",
              "Qatar Central",
              "Poland Central",
              "France South",
              "Australia Central 2",
              "South Africa West",
              "UAE Central",
              "Switzerland West",
              "Germany North",
              "Norway West",
              "Brazil Southeast",
              "East US SLV",
              "Jio India Central",
              "Sweden South",
              "Israel Central",
              "Malaysia South",
              "Italy North",
              "Taiwan North",
              "Taiwan NorthWest",
              "Mexico Central",
              "East US STG",
              "South Central US STG",
              "East US 2 EUAP",
              "Central US EUAP"
            ],
            "apiVersions": [
              "2023-03-01",
              "2022-11-01",
              "2022-08-01",
              "2022-03-01",
              "2021-11-01",
              "2021-07-01",
              "2021-04-01",
              "2021-03-01",
              "2020-12-01",
              "2020-06-01",
              "2019-12-01",
              "2019-07-01",
              "2019-03-01",
              "2018-10-01",
              "2018-06-01",
              "2018-04-01",
              "2017-12-01",
              "2017-03-30",
              "2016-08-30",
              "2016-04-30-preview",
              "2016-03-30",
              "2015-06-15",
              "2015-05-01-preview"
            ],
            "defaultApiVersion": "2022-03-01",
            "apiProfiles": [
              {
                "profileVersion": "2017-03-09-profile",
                "apiVersion": "2016-03-30"
              },
              {
                "profileVersion": "2018-03-01-hybrid",
                "apiVersion": "2017-03-30"
              },
              {
                "profileVersion": "2018-06-01-profile",
                "apiVersion": "2017-12-01"
              },
              {
                "profileVersion": "2019-03-01-hybrid",
                "apiVersion": "2017-12-01"
              },
              {
                "profileVersion": "2020-09-01-hybrid",
                "apiVersion": "2020-06-01"
              }
            ],
            "zoneMappings": [],
            "capabilities": "SupportsTags, SupportsLocation"
          },
          {
            "resourceType": "virtualMachines/extensions",
            "locations": [
              "East US",
              "East US 2",
              "West US",
              "Central US",
              "North Central US",
              "South Central US",
              "North Europe",
              "West Europe",
              "East Asia",
              "Southeast Asia",
              "Japan East",
              "Japan West",
              "Australia East",
              "Australia Southeast",
              "Australia Central",
              "Brazil South",
              "South India",
              "Central India",
              "West India",
              "Canada Central",
              "Canada East",
              "West US 2",
              "West Central US",
              "UK South",
              "UK West",
              "Korea Central",
              "Korea South",
              "France Central",
              "South Africa North",
              "UAE North",
              "Switzerland North",
              "Germany West Central",
              "Norway East",
              "Jio India West",
              "West US 3",
              "Sweden Central",
              "Qatar Central",
              "Poland Central",
              "France South",
              "Australia Central 2",
              "South Africa West",
              "UAE Central",
              "Switzerland West",
              "Germany North",
              "Norway West",
              "Brazil Southeast",
              "East US SLV",
              "Jio India Central",
              "Sweden South",
              "Israel Central",
              "Malaysia South",
              "Italy North",
              "Taiwan North",
              "Taiwan NorthWest",
              "Mexico Central",
              "East US STG",
              "South Central US STG",
              "East US 2 EUAP",
              "Central US EUAP"
            ],
            "apiVersions": [
              "2023-03-01",
              "2022-11-01",
              "2022-08-01",
              "2022-03-01",
              "2021-11-01",
              "2021-07-01",
              "2021-04-01",
              "2021-03-01",
              "2020-12-01",
              "2020-06-01",
              "2019-12-01",
              "2019-07-01",
              "2019-03-01",
              "2018-10-01",
              "2018-06-01",
              "2018-04-01",
              "2017-12-01",
              "2017-03-30",
              "2016-08-30",
              "2016-04-30-preview",
              "2016-03-30",
              "2015-06-15",
              "2015-05-01-preview"
            ],
            "defaultApiVersion": "2022-03-01",
            "apiProfiles": [
              {
                "profileVersion": "2017-03-09-profile",
                "apiVersion": "2016-03-30"
              },
              {
                "profileVersion": "2018-03-01-hybrid",
                "apiVersion": "2017-03-30"
              },
              {
                "profileVersion": "2018-06-01-profile",
                "apiVersion": "2017-12-01"
              },
              {
                "profileVersion": "2019-03-01-hybrid",
                "apiVersion": "2017-12-01"
              },
              {
                "profileVersion": "2020-09-01-hybrid",
                "apiVersion": "2020-06-01"
              }
            ],
            "capabilities": "SupportsTags, SupportsLocation"
          },
          {
            "resourceType": "virtualMachineScaleSets",
            "locations": [
              "East US",
              "East US 2",
              "West US",
              "Central US",
              "North Central US",
              "South Central US",
              "North Europe",
              "West Europe",
              "East Asia",
              "Southeast Asia",
              "Japan East",
              "Japan West",
              "Australia East",
              "Australia Southeast",
              "Australia Central",
              "Brazil South",
              "South India",
              "Central India",
              "West India",
              "Canada Central",
              "Canada East",
              "West US 2",
              "West Central US",
              "UK South",
              "UK West",
              "Korea Central",
              "Korea South",
              "France Central",
              "South Africa North",
              "UAE North",
              "Switzerland North",
              "Germany West Central",
              "Norway East",
              "Jio India West",
              "West US 3",
              "Sweden Central",
              "Qatar Central",
              "Poland Central",
              "France South",
              "Australia Central 2",
              "South Africa West",
              "UAE Central",
              "Switzerland West",
              "Germany North",
              "Norway West",
              "Brazil Southeast",
              "East US SLV",
              "Jio India Central",
              "Sweden South",
              "Israel Central",
              "Malaysia South",
              "Italy North",
              "Taiwan North",
              "Taiwan NorthWest",
              "Mexico Central",
              "East US STG",
              "South Central US STG",
              "East US 2 EUAP",
              "Central US EUAP"
            ],
            "apiVersions": [
              "2023-03-01",
              "2022-11-01",
              "2022-08-01",
              "2022-03-01",
              "2021-11-01",
              "2021-07-01",
              "2021-04-01",
              "2021-03-01",
              "2020-12-01",
              "2020-06-01",
              "2019-12-01",
              "2019-07-01",
              "2019-03-01",
              "2018-10-01",
              "2018-06-01",
              "2018-04-01",
              "2017-12-01",
              "2017-10-30-preview",
              "2017-03-30",
              "2016-08-30",
              "2016-04-30-preview",
              "2016-03-30",
              "2015-06-15",
              "2015-05-01-preview"
            ],
            "defaultApiVersion": "2022-03-01",
            "apiProfiles": [
              {
                "profileVersion": "2017-03-09-profile",
                "apiVersion": "2016-03-30"
              },
              {
                "profileVersion": "2018-03-01-hybrid",
                "apiVersion": "2017-03-30"
              },
              {
                "profileVersion": "2018-06-01-profile",
                "apiVersion": "2017-12-01"
              },
              {
                "profileVersion": "2019-03-01-hybrid",
                "apiVersion": "2017-12-01"
              },
              {
                "profileVersion": "2020-09-01-hybrid",
                "apiVersion": "2020-06-01"
              }
            ],
            "zoneMappings": [],
            "capabilities": "SupportsTags, SupportsLocation"
          },
          {
            "resourceType": "virtualMachineScaleSets/extensions",
            "locations": [
              "East US",
              "East US 2",
              "West US",
              "Central US",
              "North Central US",
              "South Central US",
              "North Europe",
              "West Europe",
              "East Asia",
              "Southeast Asia",
              "Japan East",
              "Japan West",
              "Australia East",
              "Australia Southeast",
              "Australia Central",
              "Brazil South",
              "South India",
              "Central India",
              "West India",
              "Canada Central",
              "Canada East",
              "West US 2",
              "West Central US",
              "UK South",
              "UK West",
              "Korea Central",
              "Korea South",
              "France Central",
              "South Africa North",
              "UAE North",
              "Switzerland North",
              "Germany West Central",
              "Norway East",
              "Jio India West",
              "West US 3",
              "Sweden Central",
              "Qatar Central",
              "Poland Central",
              "France South",
              "Australia Central 2",
              "South Africa West",
              "UAE Central",
              "Switzerland West",
              "Germany North",
              "Norway West",
              "Brazil Southeast",
              "East US SLV",
              "Jio India Central",
              "Sweden South",
              "Israel Central",
              "Malaysia South",
              "Italy North",
              "Taiwan North",
              "Taiwan NorthWest",
              "Mexico Central",
              "East US STG",
              "South Central US STG",
              "East US 2 EUAP",
              "Central US EUAP"
            ],
            "apiVersions": [
              "2023-03-01",
              "2022-11-01",
              "2022-08-01",
              "2022-03-01",
              "2021-11-01",
              "2021-07-01",
              "2021-04-01",
              "2021-03-01",
              "2020-12-01",
              "2020-06-01",
              "2019-12-01",
              "2019-07-01",
              "2019-03-01",
              "2018-10-01",
              "2018-06-01",
              "2018-04-01",
              "2017-12-01",
              "2017-10-30-preview",
              "2017-03-30",
              "2016-08-30",
              "2016-04-30-preview",
              "2016-03-30",
              "2015-06-15",
              "2015-05-01-preview"
            ],
            "defaultApiVersion": "2015-06-15",
            "apiProfiles": [
              {
                "profileVersion": "2017-03-09-profile",
                "apiVersion": "2016-03-30"
              },
              {
                "profileVersion": "2018-03-01-hybrid",
                "apiVersion": "2017-03-30"
              },
              {
                "profileVersion": "2018-06-01-profile",
                "apiVersion": "2017-12-01"
              },
              {
                "profileVersion": "2019-03-01-hybrid",
                "apiVersion": "2017-12-01"
              },
              {
                "profileVersion": "2020-09-01-hybrid",
                "apiVersion": "2020-06-01"
              }
            ],
            "capabilities": "None"
          },
          {
            "resourceType": "virtualMachineScaleSets/virtualMachines",
            "locations": [
              "East US",
              "East US 2",
              "West US",
              "Central US",
              "North Central US",
              "South Central US",
              "North Europe",
              "West Europe",
              "East Asia",
              "Southeast Asia",
              "Japan East",
              "Japan West",
              "Australia East",
              "Australia Southeast",
              "Australia Central",
              "Brazil South",
              "South India",
              "Central India",
              "West India",
              "Canada Central",
              "Canada East",
              "West US 2",
              "West Central US",
              "UK South",
              "UK West",
              "Korea Central",
              "Korea South",
              "France Central",
              "South Africa North",
              "UAE North",
              "Switzerland North",
              "Germany West Central",
              "Norway East",
              "Jio India West",
              "West US 3",
              "Sweden Central",
              "Qatar Central",
              "Poland Central",
              "France South",
              "Australia Central 2",
              "South Africa West",
              "UAE Central",
              "Switzerland West",
              "Germany North",
              "Norway West",
              "Brazil Southeast",
              "East US SLV",
              "Jio India Central",
              "Sweden South",
              "Israel Central",
              "Malaysia South",
              "Italy North",
              "Taiwan North",
              "Taiwan NorthWest",
              "Mexico Central",
              "East US STG",
              "South Central US STG",
              "East US 2 EUAP",
              "Central US EUAP"
            ],
            "apiVersions": [
              "2023-03-01",
              "2022-11-01",
              "2022-08-01",
              "2022-03-01",
              "2021-11-01",
              "2021-07-01",
              "2021-04-01",
              "2021-03-01",
              "2020-12-01",
              "2020-06-01",
              "2019-12-01",
              "2019-07-01",
              "2019-03-01",
              "2018-10-01",
              "2018-06-01",
              "2018-04-01",
              "2017-12-01",
              "2017-10-30-preview",
              "2017-03-30",
              "2016-08-30",
              "2016-04-30-preview",
              "2016-03-30",
              "2015-06-15",
              "2015-05-01-preview"
            ],
            "defaultApiVersion": "2022-03-01",
            "apiProfiles": [
              {
                "profileVersion": "2017-03-09-profile",
                "apiVersion": "2016-03-30"
              },
              {
                "profileVersion": "2018-03-01-hybrid",
                "apiVersion": "2017-03-30"
              },
              {
                "profileVersion": "2018-06-01-profile",
                "apiVersion": "2017-12-01"
              },
              {
                "profileVersion": "2019-03-01-hybrid",
                "apiVersion": "2017-12-01"
              },
              {
                "profileVersion": "2020-09-01-hybrid",
                "apiVersion": "2020-06-01"
              }
            ],
            "capabilities": "None"
          },
          {
            "resourceType": "virtualMachineScaleSets/virtualMachines/extensions",
            "locations": [
              "East US",
              "East US 2",
              "West US",
              "Central US",
              "North Central US",
              "South Central US",
              "North Europe",
              "West Europe",
              "East Asia",
              "Southeast Asia",
              "Japan East",
              "Japan West",
              "Australia East",
              "Australia Southeast",
              "Australia Central",
              "Brazil South",
              "South India",
              "Central India",
              "West India",
              "Canada Central",
              "Canada East",
              "West US 2",
              "West Central US",
              "UK South",
              "UK West",
              "Korea Central",
              "Korea South",
              "France Central",
              "South Africa North",
              "UAE North",
              "Switzerland North",
              "Germany West Central",
              "Norway East",
              "Jio India West",
              "West US 3",
              "Sweden Central",
              "Qatar Central",
              "Poland Central",
              "France South",
              "Australia Central 2",
              "South Africa West",
              "UAE Central",
              "Switzerland West",
              "Germany North",
              "Norway West",
              "Brazil Southeast",
              "East US SLV",
              "Jio India Central",
              "Sweden South",
              "Israel Central",
              "Malaysia South",
              "Italy North",
              "Taiwan North",
              "Taiwan NorthWest",
              "Mexico Central",
              "East US STG",
              "South Central US STG",
              "East US 2 EUAP",
              "Central US EUAP"
            ],
            "apiVersions": [
              "2023-03-01",
              "2022-11-01",
              "2022-08-01",
              "2022-03-01",
              "2021-11-01",
              "2021-07-01",
              "2021-04-01",
              "2021-03-01",
              "2020-12-01",
              "2020-06-01",
              "2019-12-01",
              "2019-07-01",
              "2019-03-01",
              "2018-10-01",
              "2018-06-01",
              "2018-04-01",
              "2017-12-01",
              "2017-10-30-preview",
              "2017-03-30",
              "2016-08-30",
              "2016-04-30-preview",
              "2016-03-30",
              "2015-06-15",
              "2015-05-01-preview"
            ],
            "apiProfiles": [
              {
                "profileVersion": "2017-03-09-profile",
                "apiVersion": "2016-03-30"
              },
              {
                "profileVersion": "2018-03-01-hybrid",
                "apiVersion": "2017-03-30"
              },
              {
                "profileVersion": "2018-06-01-profile",
                "apiVersion": "2017-12-01"
              },
              {
                "profileVersion": "2019-03-01-hybrid",
                "apiVersion": "2017-12-01"
              },
              {
                "profileVersion": "2020-09-01-hybrid",
                "apiVersion": "2020-06-01"
              }
            ],
            "capabilities": "None"
          },
          {
            "resourceType": "virtualMachineScaleSets/networkInterfaces",
            "locations": [
              "East US",
              "East US 2",
              "West US",
              "Central US",
              "North Central US",
              "South Central US",
              "North Europe",
              "West Europe",
              "East Asia",
              "Southeast Asia",
              "Japan East",
              "Japan West",
              "Australia East",
              "Australia Southeast",
              "Australia Central",
              "Brazil South",
              "South India",
              "Central India",
              "West India",
              "Canada Central",
              "Canada East",
              "West US 2",
              "West Central US",
              "UK South",
              "UK West",
              "Korea Central",
              "Korea South",
              "France Central",
              "South Africa North",
              "UAE North",
              "Switzerland North",
              "Germany West Central",
              "Norway East",
              "Jio India West",
              "West US 3",
              "Sweden Central",
              "Qatar Central",
              "Poland Central",
              "France South",
              "Australia Central 2",
              "South Africa West",
              "UAE Central",
              "Switzerland West",
              "Germany North",
              "Norway West",
              "Brazil Southeast",
              "East US SLV",
              "Jio India Central",
              "Sweden South",
              "Israel Central",
              "Malaysia South",
              "Italy North",
              "Taiwan North",
              "Taiwan NorthWest",
              "Mexico Central",
              "East US STG",
              "South Central US STG",
              "East US 2 EUAP",
              "Central US EUAP"
            ],
            "apiVersions": [
              "2023-03-01",
              "2022-11-01",
              "2022-08-01",
              "2022-03-01",
              "2021-11-01",
              "2021-07-01",
              "2021-04-01",
              "2021-03-01",
              "2020-12-01",
              "2020-06-01",
              "2019-12-01",
              "2019-07-01",
              "2019-03-01",
              "2018-10-01",
              "2018-06-01",
              "2018-04-01",
              "2017-12-01",
              "2017-03-30",
              "2016-09-01",
              "2016-08-01",
              "2016-07-01",
              "2016-06-01",
              "2016-04-30-preview",
              "2016-03-30",
              "2015-06-15",
              "2015-05-01-preview"
            ],
            "apiProfiles": [
              {
                "profileVersion": "2017-03-09-profile",
                "apiVersion": "2016-03-30"
              },
              {
                "profileVersion": "2018-03-01-hybrid",
                "apiVersion": "2017-03-30"
              },
              {
                "profileVersion": "2018-06-01-profile",
                "apiVersion": "2017-12-01"
              },
              {
                "profileVersion": "2019-03-01-hybrid",
                "apiVersion": "2017-12-01"
              },
              {
                "profileVersion": "2020-09-01-hybrid",
                "apiVersion": "2020-06-01"
              }
            ],
            "capabilities": "None"
          },
          {
            "resourceType": "virtualMachineScaleSets/virtualMachines/networkInterfaces",
            "locations": [
              "East US",
              "East US 2",
              "West US",
              "Central US",
              "North Central US",
              "South Central US",
              "North Europe",
              "West Europe",
              "East Asia",
              "Southeast Asia",
              "Japan East",
              "Japan West",
              "Australia East",
              "Australia Southeast",
              "Australia Central",
              "Brazil South",
              "South India",
              "Central India",
              "West India",
              "Canada Central",
              "Canada East",
              "West US 2",
              "West Central US",
              "UK South",
              "UK West",
              "Korea Central",
              "Korea South",
              "France Central",
              "South Africa North",
              "UAE North",
              "Switzerland North",
              "Germany West Central",
              "Norway East",
              "Jio India West",
              "West US 3",
              "Sweden Central",
              "Qatar Central",
              "Poland Central",
              "France South",
              "Australia Central 2",
              "South Africa West",
              "UAE Central",
              "Switzerland West",
              "Germany North",
              "Norway West",
              "Brazil Southeast",
              "East US SLV",
              "Jio India Central",
              "Sweden South",
              "Israel Central",
              "Malaysia South",
              "Italy North",
              "Taiwan North",
              "Taiwan NorthWest",
              "Mexico Central",
              "East US STG",
              "South Central US STG",
              "East US 2 EUAP",
              "Central US EUAP"
            ],
            "apiVersions": [
              "2023-03-01",
              "2022-11-01",
              "2022-08-01",
              "2022-03-01",
              "2021-11-01",
              "2021-07-01",
              "2021-04-01",
              "2021-03-01",
              "2020-12-01",
              "2020-06-01",
              "2019-12-01",
              "2019-07-01",
              "2019-03-01",
              "2018-10-01",
              "2018-06-01",
              "2018-04-01",
              "2017-12-01",
              "2017-03-30",
              "2016-09-01",
              "2016-08-01",
              "2016-07-01",
              "2016-06-01",
              "2016-04-30-preview",
              "2016-03-30",
              "2015-06-15",
              "2015-05-01-preview"
            ],
            "apiProfiles": [
              {
                "profileVersion": "2017-03-09-profile",
                "apiVersion": "2016-03-30"
              },
              {
                "profileVersion": "2018-03-01-hybrid",
                "apiVersion": "2017-03-30"
              },
              {
                "profileVersion": "2018-06-01-profile",
                "apiVersion": "2017-12-01"
              },
              {
                "profileVersion": "2019-03-01-hybrid",
                "apiVersion": "2017-12-01"
              },
              {
                "profileVersion": "2020-09-01-hybrid",
                "apiVersion": "2020-06-01"
              }
            ],
            "capabilities": "None"
          },
          {
            "resourceType": "virtualMachineScaleSets/publicIPAddresses",
            "locations": [
              "East US",
              "East US 2",
              "West US",
              "Central US",
              "North Central US",
              "South Central US",
              "North Europe",
              "West Europe",
              "East Asia",
              "Southeast Asia",
              "Japan East",
              "Japan West",
              "Australia East",
              "Australia Southeast",
              "Australia Central",
              "Brazil South",
              "South India",
              "Central India",
              "West India",
              "Canada Central",
              "Canada East",
              "West US 2",
              "West Central US",
              "UK South",
              "UK West",
              "Korea Central",
              "Korea South",
              "France Central",
              "South Africa North",
              "UAE North",
              "Switzerland North",
              "Germany West Central",
              "Norway East",
              "Jio India West",
              "West US 3",
              "Sweden Central",
              "Qatar Central",
              "Poland Central",
              "France South",
              "Australia Central 2",
              "South Africa West",
              "UAE Central",
              "Switzerland West",
              "Germany North",
              "Norway West",
              "Brazil Southeast",
              "East US SLV",
              "Jio India Central",
              "Sweden South",
              "Israel Central",
              "Malaysia South",
              "Italy North",
              "Taiwan North",
              "Taiwan NorthWest",
              "Mexico Central",
              "East US STG",
              "South Central US STG",
              "East US 2 EUAP",
              "Central US EUAP"
            ],
            "apiVersions": [
              "2023-03-01",
              "2022-11-01",
              "2022-08-01",
              "2022-03-01",
              "2021-11-01",
              "2021-07-01",
              "2021-04-01",
              "2021-03-01",
              "2020-12-01",
              "2020-06-01",
              "2019-12-01",
              "2019-07-01",
              "2019-03-01",
              "2018-10-01",
              "2018-06-01",
              "2018-04-01",
              "2017-12-01",
              "2017-03-30"
            ],
            "apiProfiles": [
              {
                "profileVersion": "2018-03-01-hybrid",
                "apiVersion": "2017-03-30"
              },
              {
                "profileVersion": "2018-06-01-profile",
                "apiVersion": "2017-12-01"
              },
              {
                "profileVersion": "2019-03-01-hybrid",
                "apiVersion": "2017-12-01"
              },
              {
                "profileVersion": "2020-09-01-hybrid",
                "apiVersion": "2020-06-01"
              }
            ],
            "capabilities": "None"
          },
          {
            "resourceType": "locations",
            "locations": [],
            "apiVersions": [
              "2023-03-01",
              "2022-11-01",
              "2022-08-01",
              "2022-03-01",
              "2021-11-01",
              "2021-07-01",
              "2021-04-01",
              "2021-03-01",
              "2020-12-01",
              "2020-06-01",
              "2019-12-01",
              "2019-07-01",
              "2019-03-01",
              "2018-10-01",
              "2018-06-01",
              "2018-04-01",
              "2017-12-01",
              "2017-03-30",
              "2016-08-30",
              "2016-04-30-preview",
              "2016-03-30",
              "2015-06-15",
              "2015-05-01-preview"
            ],
            "capabilities": "None"
          },
          {
            "resourceType": "locations/operations",
            "locations": [
              "East US",
              "East US 2",
              "West US",
              "Central US",
              "North Central US",
              "South Central US",
              "North Europe",
              "West Europe",
              "East Asia",
              "Southeast Asia",
              "Japan East",
              "Japan West",
              "Australia East",
              "Australia Southeast",
              "Australia Central",
              "Brazil South",
              "South India",
              "Central India",
              "West India",
              "Canada Central",
              "Canada East",
              "West US 2",
              "West Central US",
              "UK South",
              "UK West",
              "Korea Central",
              "Korea South",
              "France Central",
              "South Africa North",
              "UAE North",
              "Switzerland North",
              "Germany West Central",
              "Norway East",
              "Jio India West",
              "West US 3",
              "Sweden Central",
              "Qatar Central",
              "Poland Central",
              "France South",
              "Australia Central 2",
              "South Africa West",
              "UAE Central",
              "Switzerland West",
              "Germany North",
              "Norway West",
              "Brazil Southeast",
              "East US SLV",
              "Jio India Central",
              "Sweden South",
              "Israel Central",
              "Malaysia South",
              "Italy North",
              "Taiwan North",
              "Taiwan NorthWest",
              "Mexico Central",
              "East US STG",
              "South Central US STG",
              "East US 2 EUAP",
              "Central US EUAP"
            ],
            "apiVersions": [
              "2023-03-01",
              "2022-11-01",
              "2022-08-01",
              "2022-03-01",
              "2021-11-01",
              "2021-07-01",
              "2021-04-01",
              "2021-03-01",
              "2020-12-01",
              "2020-06-01",
              "2019-12-01",
              "2019-07-01",
              "2019-03-01",
              "2018-10-01",
              "2018-06-01",
              "2018-04-01",
              "2017-12-01",
              "2017-10-30-preview",
              "2017-03-30",
              "2016-08-30",
              "2016-04-30-preview",
              "2016-03-30",
              "2015-06-15",
              "2015-05-01-preview"
            ],
            "apiProfiles": [
              {
                "profileVersion": "2017-03-09-profile",
                "apiVersion": "2016-03-30"
              },
              {
                "profileVersion": "2018-03-01-hybrid",
                "apiVersion": "2017-03-30"
              },
              {
                "profileVersion": "2018-06-01-profile",
                "apiVersion": "2017-12-01"
              },
              {
                "profileVersion": "2019-03-01-hybrid",
                "apiVersion": "2017-12-01"
              },
              {
                "profileVersion": "2020-09-01-hybrid",
                "apiVersion": "2020-06-01"
              }
            ],
            "capabilities": "None"
          },
          {
            "resourceType": "locations/vmSizes",
            "locations": [
              "East US",
              "East US 2",
              "West US",
              "Central US",
              "North Central US",
              "South Central US",
              "North Europe",
              "West Europe",
              "East Asia",
              "Southeast Asia",
              "Japan East",
              "Japan West",
              "Australia East",
              "Australia Southeast",
              "Australia Central",
              "Brazil South",
              "South India",
              "Central India",
              "West India",
              "Canada Central",
              "Canada East",
              "West US 2",
              "West Central US",
              "UK South",
              "UK West",
              "Korea Central",
              "Korea South",
              "France Central",
              "South Africa North",
              "UAE North",
              "Switzerland North",
              "Germany West Central",
              "Norway East",
              "Jio India West",
              "West US 3",
              "Sweden Central",
              "Qatar Central",
              "Poland Central",
              "France South",
              "Australia Central 2",
              "South Africa West",
              "UAE Central",
              "Switzerland West",
              "Germany North",
              "Norway West",
              "Brazil Southeast",
              "East US SLV",
              "Jio India Central",
              "Sweden South",
              "Israel Central",
              "Malaysia South",
              "Italy North",
              "Taiwan North",
              "Taiwan NorthWest",
              "Mexico Central",
              "East US STG",
              "South Central US STG",
              "East US 2 EUAP",
              "Central US EUAP"
            ],
            "apiVersions": [
              "2023-03-01",
              "2022-11-01",
              "2022-08-01",
              "2022-03-01",
              "2021-11-01",
              "2021-07-01",
              "2021-04-01",
              "2021-03-01",
              "2020-12-01",
              "2020-06-01",
              "2019-12-01",
              "2019-07-01",
              "2019-03-01",
              "2018-10-01",
              "2018-06-01",
              "2018-04-01",
              "2017-12-01",
              "2017-03-30",
              "2016-08-30",
              "2016-04-30-preview",
              "2016-03-30",
              "2015-06-15",
              "2015-05-01-preview"
            ],
            "apiProfiles": [
              {
                "profileVersion": "2017-03-09-profile",
                "apiVersion": "2016-03-30"
              },
              {
                "profileVersion": "2018-03-01-hybrid",
                "apiVersion": "2017-03-30"
              },
              {
                "profileVersion": "2018-06-01-profile",
                "apiVersion": "2017-12-01"
              },
              {
                "profileVersion": "2019-03-01-hybrid",
                "apiVersion": "2017-12-01"
              },
              {
                "profileVersion": "2020-09-01-hybrid",
                "apiVersion": "2020-06-01"
              }
            ],
            "capabilities": "None"
          },
          {
            "resourceType": "locations/runCommands",
            "locations": [
              "East US",
              "East US 2",
              "West US",
              "Central US",
              "North Central US",
              "South Central US",
              "North Europe",
              "West Europe",
              "East Asia",
              "Southeast Asia",
              "Japan East",
              "Japan West",
              "Australia East",
              "Australia Southeast",
              "Australia Central",
              "Brazil South",
              "South India",
              "Central India",
              "West India",
              "Canada Central",
              "Canada East",
              "West US 2",
              "West Central US",
              "UK South",
              "UK West",
              "Korea Central",
              "Korea South",
              "France Central",
              "South Africa North",
              "UAE North",
              "Switzerland North",
              "Germany West Central",
              "Norway East",
              "Jio India West",
              "West US 3",
              "Sweden Central",
              "Qatar Central",
              "Poland Central",
              "France South",
              "Australia Central 2",
              "South Africa West",
              "UAE Central",
              "Switzerland West",
              "Germany North",
              "Norway West",
              "Brazil Southeast",
              "East US SLV",
              "Jio India Central",
              "Sweden South",
              "Israel Central",
              "Malaysia South",
              "Italy North",
              "Taiwan North",
              "Taiwan NorthWest",
              "Mexico Central",
              "East US STG",
              "South Central US STG",
              "East US 2 EUAP",
              "Central US EUAP"
            ],
            "apiVersions": [
              "2023-03-01",
              "2022-11-01",
              "2022-08-01",
              "2022-03-01",
              "2021-11-01",
              "2021-07-01",
              "2021-04-01",
              "2021-03-01",
              "2020-12-01",
              "2020-06-01",
              "2019-12-01",
              "2019-07-01",
              "2019-03-01",
              "2018-10-01",
              "2018-06-01",
              "2018-04-01",
              "2017-12-01",
              "2017-03-30"
            ],
            "apiProfiles": [
              {
                "profileVersion": "2018-03-01-hybrid",
                "apiVersion": "2017-03-30"
              },
              {
                "profileVersion": "2018-06-01-profile",
                "apiVersion": "2017-12-01"
              },
              {
                "profileVersion": "2019-03-01-hybrid",
                "apiVersion": "2017-12-01"
              },
              {
                "profileVersion": "2020-09-01-hybrid",
                "apiVersion": "2020-06-01"
              }
            ],
            "capabilities": "None"
          },
          {
            "resourceType": "locations/systemInfo",
            "locations": [
              "East US",
              "East US 2",
              "West US",
              "Central US",
              "North Central US",
              "South Central US",
              "North Europe",
              "West Europe",
              "East Asia",
              "Southeast Asia",
              "Japan East",
              "Japan West",
              "Australia East",
              "Australia Southeast",
              "Australia Central",
              "Brazil South",
              "South India",
              "Central India",
              "West India",
              "Canada Central",
              "Canada East",
              "West US 2",
              "West Central US",
              "UK South",
              "UK West",
              "Korea Central",
              "Korea South",
              "France Central",
              "South Africa North",
              "UAE North",
              "Switzerland North",
              "Germany West Central",
              "Norway East",
              "Jio India West",
              "West US 3",
              "Sweden Central",
              "Qatar Central",
              "Poland Central",
              "France South",
              "Australia Central 2",
              "South Africa West",
              "UAE Central",
              "Switzerland West",
              "Germany North",
              "Norway West",
              "Brazil Southeast",
              "East US SLV",
              "Jio India Central",
              "Sweden South",
              "Israel Central",
              "Malaysia South",
              "Italy North",
              "Taiwan North",
              "Taiwan NorthWest",
              "Mexico Central",
              "East US STG",
              "South Central US STG",
              "East US 2 EUAP",
              "Central US EUAP"
            ],
            "apiVersions": [
              "2023-03-01",
              "2022-11-01",
              "2022-08-01",
              "2022-03-01",
              "2021-11-01",
              "2021-07-01",
              "2021-04-01",
              "2021-03-01",
              "2020-12-01",
              "2020-06-01",
              "2019-12-01",
              "2019-07-01",
              "2019-03-01",
              "2018-10-01",
              "2018-06-01",
              "2018-04-01",
              "2017-12-01"
            ],
            "capabilities": "None"
          },
          {
            "resourceType": "locations/virtualMachines",
            "locations": [
              "East US",
              "East US 2",
              "West US",
              "Central US",
              "North Central US",
              "South Central US",
              "North Europe",
              "West Europe",
              "East Asia",
              "Southeast Asia",
              "Japan East",
              "Japan West",
              "Australia East",
              "Australia Southeast",
              "Australia Central",
              "Brazil South",
              "South India",
              "Central India",
              "West India",
              "Canada Central",
              "Canada East",
              "West US 2",
              "West Central US",
              "UK South",
              "UK West",
              "Korea Central",
              "Korea South",
              "France Central",
              "South Africa North",
              "UAE North",
              "Switzerland North",
              "Germany West Central",
              "Norway East",
              "Jio India West",
              "West US 3",
              "Sweden Central",
              "Qatar Central",
              "Poland Central",
              "France South",
              "Australia Central 2",
              "South Africa West",
              "UAE Central",
              "Switzerland West",
              "Germany North",
              "Norway West",
              "Brazil Southeast",
              "East US SLV",
              "Jio India Central",
              "Sweden South",
              "Israel Central",
              "Malaysia South",
              "Italy North",
              "Taiwan North",
              "Taiwan NorthWest",
              "Mexico Central",
              "East US STG",
              "South Central US STG",
              "East US 2 EUAP",
              "Central US EUAP"
            ],
            "apiVersions": [
              "2023-03-01",
              "2022-11-01",
              "2022-08-01",
              "2022-03-01",
              "2021-11-01",
              "2021-07-01",
              "2021-04-01",
              "2021-03-01",
              "2020-12-01",
              "2020-06-01",
              "2019-12-01",
              "2019-07-01",
              "2019-03-01",
              "2018-10-01",
              "2018-06-01",
              "2018-04-01",
              "2017-12-01",
              "2017-03-30",
              "2016-08-30"
            ],
            "defaultApiVersion": "2022-03-01",
            "apiProfiles": [
              {
                "profileVersion": "2018-03-01-hybrid",
                "apiVersion": "2017-03-30"
              },
              {
                "profileVersion": "2018-06-01-profile",
                "apiVersion": "2017-12-01"
              },
              {
                "profileVersion": "2019-03-01-hybrid",
                "apiVersion": "2017-12-01"
              },
              {
                "profileVersion": "2020-09-01-hybrid",
                "apiVersion": "2020-06-01"
              }
            ],
            "capabilities": "None"
          },
          {
            "resourceType": "locations/virtualMachineScaleSets",
            "locations": [
              "East US",
              "East US 2",
              "West US",
              "Central US",
              "North Central US",
              "South Central US",
              "North Europe",
              "West Europe",
              "East Asia",
              "Southeast Asia",
              "Japan East",
              "Japan West",
              "Australia East",
              "Australia Southeast",
              "Australia Central",
              "Brazil South",
              "South India",
              "Central India",
              "West India",
              "Canada Central",
              "Canada East",
              "West US 2",
              "West Central US",
              "UK South",
              "UK West",
              "Korea Central",
              "Korea South",
              "France Central",
              "South Africa North",
              "UAE North",
              "Switzerland North",
              "Germany West Central",
              "Norway East",
              "Jio India West",
              "West US 3",
              "Sweden Central",
              "Qatar Central",
              "Poland Central",
              "France South",
              "Australia Central 2",
              "South Africa West",
              "UAE Central",
              "Switzerland West",
              "Germany North",
              "Norway West",
              "Brazil Southeast",
              "East US SLV",
              "Jio India Central",
              "Sweden South",
              "Israel Central",
              "Malaysia South",
              "Italy North",
              "Taiwan North",
              "Taiwan NorthWest",
              "Mexico Central",
              "East US STG",
              "South Central US STG",
              "East US 2 EUAP",
              "Central US EUAP"
            ],
            "apiVersions": [
              "2023-03-01",
              "2022-11-01",
              "2022-08-01",
              "2022-03-01",
              "2021-11-01",
              "2021-07-01",
              "2021-04-01",
              "2021-03-01",
              "2020-12-01",
              "2020-06-01",
              "2019-12-01",
              "2019-07-01",
              "2019-03-01",
              "2018-10-01",
              "2018-06-01",
              "2018-04-01",
              "2017-12-01",
              "2017-03-30",
              "2016-08-30"
            ],
            "defaultApiVersion": "2022-03-01",
            "apiProfiles": [
              {
                "profileVersion": "2018-03-01-hybrid",
                "apiVersion": "2017-03-30"
              },
              {
                "profileVersion": "2018-06-01-profile",
                "apiVersion": "2017-12-01"
              },
              {
                "profileVersion": "2019-03-01-hybrid",
                "apiVersion": "2017-12-01"
              },
              {
                "profileVersion": "2020-09-01-hybrid",
                "apiVersion": "2020-06-01"
              }
            ],
            "capabilities": "None"
          },
          {
            "resourceType": "locations/publishers",
            "locations": [
              "East US",
              "East US 2",
              "West US",
              "Central US",
              "North Central US",
              "South Central US",
              "North Europe",
              "West Europe",
              "East Asia",
              "Southeast Asia",
              "Japan East",
              "Japan West",
              "Australia East",
              "Australia Southeast",
              "Australia Central",
              "Brazil South",
              "South India",
              "Central India",
              "West India",
              "Canada Central",
              "Canada East",
              "West US 2",
              "West Central US",
              "UK South",
              "UK West",
              "Korea Central",
              "Korea South",
              "France Central",
              "South Africa North",
              "UAE North",
              "Switzerland North",
              "Germany West Central",
              "Norway East",
              "Jio India West",
              "West US 3",
              "Sweden Central",
              "Qatar Central",
              "Poland Central",
              "France South",
              "Australia Central 2",
              "South Africa West",
              "UAE Central",
              "Switzerland West",
              "Germany North",
              "Norway West",
              "Brazil Southeast",
              "East US SLV",
              "Jio India Central",
              "Sweden South",
              "Israel Central",
              "Malaysia South",
              "Italy North",
              "Taiwan North",
              "Taiwan NorthWest",
              "Mexico Central",
              "East US STG",
              "South Central US STG",
              "East US 2 EUAP",
              "Central US EUAP"
            ],
            "apiVersions": [
              "2023-03-01",
              "2022-11-01",
              "2022-08-01",
              "2022-03-03",
              "2022-03-01",
              "2022-01-03",
              "2021-11-01",
              "2021-07-01",
              "2021-04-01",
              "2021-03-01",
              "2020-12-01",
              "2020-09-30",
              "2020-06-01",
              "2019-12-01",
              "2019-07-01",
              "2019-03-01",
              "2018-10-01",
              "2018-06-01",
              "2018-04-01",
              "2017-12-01",
              "2017-03-30",
              "2016-08-30",
              "2016-04-30-preview",
              "2016-03-30",
              "2015-06-15",
              "2015-05-01-preview"
            ],
            "apiProfiles": [
              {
                "profileVersion": "2017-03-09-profile",
                "apiVersion": "2016-03-30"
              },
              {
                "profileVersion": "2018-03-01-hybrid",
                "apiVersion": "2017-03-30"
              },
              {
                "profileVersion": "2018-06-01-profile",
                "apiVersion": "2017-12-01"
              },
              {
                "profileVersion": "2019-03-01-hybrid",
                "apiVersion": "2017-12-01"
              },
              {
                "profileVersion": "2020-09-01-hybrid",
                "apiVersion": "2020-06-01"
              }
            ],
            "capabilities": "None"
          },
          {
            "resourceType": "operations",
            "locations": [
              "East US",
              "East US 2",
              "West US",
              "Central US",
              "North Central US",
              "South Central US",
              "North Europe",
              "West Europe",
              "East Asia",
              "Southeast Asia",
              "Japan East",
              "Japan West",
              "Australia East",
              "Australia Southeast",
              "Australia Central",
              "Brazil South",
              "South India",
              "Central India",
              "West India",
              "Canada Central",
              "Canada East",
              "West US 2",
              "West Central US",
              "UK South",
              "UK West",
              "Korea Central",
              "Korea South",
              "France Central",
              "South Africa North",
              "UAE North",
              "Switzerland North",
              "Germany West Central",
              "Norway East",
              "Jio India West",
              "West US 3",
              "Sweden Central",
              "Qatar Central",
              "Poland Central",
              "France South",
              "Australia Central 2",
              "South Africa West",
              "UAE Central",
              "Switzerland West",
              "Germany North",
              "Norway West",
              "Brazil Southeast",
              "East US SLV",
              "Jio India Central",
              "Sweden South",
              "Israel Central",
              "Malaysia South",
              "Italy North",
              "Taiwan North",
              "Taiwan NorthWest",
              "Mexico Central",
              "East US STG",
              "South Central US STG",
              "East US 2 EUAP",
              "Central US EUAP"
            ],
            "apiVersions": [
              "2023-03-01",
              "2022-11-01",
              "2022-08-01",
              "2022-03-01",
              "2021-11-01",
              "2021-07-01",
              "2021-04-01",
              "2021-03-01",
              "2020-12-01",
              "2020-06-01",
              "2019-12-01",
              "2019-07-01",
              "2019-03-01",
              "2018-10-01",
              "2018-06-01",
              "2018-04-01",
              "2017-12-01",
              "2017-03-30",
              "2016-08-30",
              "2016-03-30",
              "2015-06-15",
              "2015-05-01-preview"
            ],
            "capabilities": "None"
          },
          {
            "resourceType": "virtualMachines/runCommands",
            "locations": [
              "East US",
              "East US 2",
              "West US",
              "Central US",
              "North Central US",
              "South Central US",
              "North Europe",
              "West Europe",
              "East Asia",
              "Southeast Asia",
              "Japan East",
              "Japan West",
              "Australia East",
              "Australia Southeast",
              "Australia Central",
              "Brazil South",
              "South India",
              "Central India",
              "West India",
              "Canada Central",
              "Canada East",
              "West US 2",
              "West Central US",
              "UK South",
              "UK West",
              "Korea Central",
              "Korea South",
              "France Central",
              "South Africa North",
              "UAE North",
              "Switzerland North",
              "Germany West Central",
              "Norway East",
              "Jio India West",
              "West US 3",
              "Sweden Central",
              "Qatar Central",
              "Poland Central",
              "East US 2 EUAP",
              "Central US EUAP"
            ],
            "apiVersions": [
              "2023-03-01",
              "2022-11-01",
              "2022-08-01",
              "2022-03-01",
              "2021-11-01",
              "2021-07-01",
              "2021-04-01",
              "2021-03-01",
              "2020-12-01",
              "2020-06-01",
              "2019-12-01"
            ],
            "defaultApiVersion": "2022-03-01",
            "capabilities": "SupportsTags, SupportsLocation"
          },
          {
            "resourceType": "virtualMachineScaleSets/applications",
            "locations": [
              "East US",
              "East US 2",
              "West US",
              "Central US",
              "North Central US",
              "South Central US",
              "North Europe",
              "West Europe",
              "East Asia",
              "Southeast Asia",
              "Japan East",
              "Japan West",
              "Australia East",
              "Australia Southeast",
              "Australia Central",
              "Brazil South",
              "South India",
              "Central India",
              "West India",
              "Canada Central",
              "Canada East",
              "West US 2",
              "West Central US",
              "UK South",
              "UK West",
              "Korea Central",
              "Korea South",
              "France Central",
              "South Africa North",
              "UAE North",
              "Switzerland North",
              "Germany West Central",
              "Norway East",
              "Jio India West",
              "West US 3",
              "Sweden Central",
              "Qatar Central",
              "Poland Central",
              "France South",
              "Australia Central 2",
              "South Africa West",
              "UAE Central",
              "Switzerland West",
              "Germany North",
              "Norway West",
              "Brazil Southeast",
              "East US SLV",
              "Jio India Central",
              "Sweden South",
              "Israel Central",
              "Malaysia South",
              "Italy North",
              "Taiwan North",
              "Taiwan NorthWest",
              "Mexico Central",
              "East US STG",
              "South Central US STG",
              "East US 2 EUAP",
              "Central US EUAP"
            ],
            "apiVersions": [
              "2023-03-01",
              "2022-11-01",
              "2022-08-01",
              "2022-03-01",
              "2021-11-01",
              "2021-07-01"
            ],
            "defaultApiVersion": "2022-03-01",
            "capabilities": "None"
          },
          {
            "resourceType": "virtualMachines/applications",
            "locations": [
              "East US",
              "East US 2",
              "West US",
              "Central US",
              "North Central US",
              "South Central US",
              "North Europe",
              "West Europe",
              "East Asia",
              "Southeast Asia",
              "Japan East",
              "Japan West",
              "Australia East",
              "Australia Southeast",
              "Australia Central",
              "Brazil South",
              "South India",
              "Central India",
              "West India",
              "Canada Central",
              "Canada East",
              "West US 2",
              "West Central US",
              "UK South",
              "UK West",
              "Korea Central",
              "Korea South",
              "France Central",
              "South Africa North",
              "UAE North",
              "Switzerland North",
              "Germany West Central",
              "Norway East",
              "Jio India West",
              "West US 3",
              "Sweden Central",
              "Qatar Central",
              "Poland Central",
              "France South",
              "Australia Central 2",
              "South Africa West",
              "UAE Central",
              "Switzerland West",
              "Germany North",
              "Norway West",
              "Brazil Southeast",
              "East US SLV",
              "Jio India Central",
              "Sweden South",
              "Israel Central",
              "Malaysia South",
              "Italy North",
              "Taiwan North",
              "Taiwan NorthWest",
              "Mexico Central",
              "East US STG",
              "South Central US STG",
              "East US 2 EUAP",
              "Central US EUAP"
            ],
            "apiVersions": [
              "2023-03-01",
              "2022-11-01",
              "2022-08-01",
              "2022-03-01",
              "2021-11-01",
              "2021-07-01"
            ],
            "defaultApiVersion": "2022-03-01",
            "capabilities": "SupportsTags, SupportsLocation"
          },
          {
            "resourceType": "locations/edgeZones",
            "locations": [],
            "apiVersions": [
              "2023-03-01",
              "2022-11-01",
              "2022-08-01",
              "2022-03-01",
              "2021-11-01",
              "2021-07-01",
              "2021-04-01",
              "2021-03-01",
              "2020-12-01"
            ],
            "capabilities": "None"
          },
          {
            "resourceType": "locations/edgeZones/vmimages",
            "locations": [
              "East US",
              "East US 2",
              "West US",
              "Central US",
              "North Central US",
              "South Central US",
              "North Europe",
              "West Europe",
              "East Asia",
              "Southeast Asia",
              "Japan East",
              "Japan West",
              "Australia East",
              "Australia Southeast",
              "Australia Central",
              "Brazil South",
              "South India",
              "Central India",
              "West India",
              "Canada Central",
              "Canada East",
              "West US 2",
              "West Central US",
              "UK South",
              "UK West",
              "Korea Central",
              "Korea South",
              "France Central",
              "South Africa North",
              "UAE North",
              "Switzerland North",
              "Germany West Central",
              "Norway East",
              "Jio India West",
              "West US 3",
              "Sweden Central",
              "Qatar Central",
              "Poland Central",
              "France South",
              "Australia Central 2",
              "South Africa West",
              "UAE Central",
              "Switzerland West",
              "Germany North",
              "Norway West",
              "Brazil Southeast",
              "East US SLV",
              "Jio India Central",
              "Sweden South",
              "Israel Central",
              "Malaysia South",
              "Italy North",
              "Taiwan North",
              "Taiwan NorthWest",
              "Mexico Central",
              "East US STG",
              "South Central US STG",
              "East US 2 EUAP",
              "Central US EUAP"
            ],
            "apiVersions": [
              "2023-03-01",
              "2022-11-01",
              "2022-08-01",
              "2022-03-01",
              "2021-11-01",
              "2021-07-01",
              "2021-04-01",
              "2021-03-01",
              "2020-12-01"
            ],
            "capabilities": "None"
          },
          {
            "resourceType": "locations/edgeZones/publishers",
            "locations": [
              "East US",
              "East US 2",
              "West US",
              "Central US",
              "North Central US",
              "South Central US",
              "North Europe",
              "West Europe",
              "East Asia",
              "Southeast Asia",
              "Japan East",
              "Japan West",
              "Australia East",
              "Australia Southeast",
              "Australia Central",
              "Brazil South",
              "South India",
              "Central India",
              "West India",
              "Canada Central",
              "Canada East",
              "West US 2",
              "West Central US",
              "UK South",
              "UK West",
              "Korea Central",
              "Korea South",
              "France Central",
              "South Africa North",
              "UAE North",
              "Switzerland North",
              "Germany West Central",
              "Norway East",
              "Jio India West",
              "West US 3",
              "Sweden Central",
              "Qatar Central",
              "Poland Central",
              "France South",
              "Australia Central 2",
              "South Africa West",
              "UAE Central",
              "Switzerland West",
              "Germany North",
              "Norway West",
              "Brazil Southeast",
              "East US SLV",
              "Jio India Central",
              "Sweden South",
              "Israel Central",
              "Malaysia South",
              "Italy North",
              "Taiwan North",
              "Taiwan NorthWest",
              "Mexico Central",
              "East US STG",
              "South Central US STG",
              "East US 2 EUAP",
              "Central US EUAP"
            ],
            "apiVersions": [
              "2023-03-01",
              "2022-11-01",
              "2022-08-01",
              "2022-03-01",
              "2021-11-01",
              "2021-07-01",
              "2021-04-01",
              "2021-03-01",
              "2020-12-01"
            ],
            "capabilities": "None"
          },
          {
            "resourceType": "restorePointCollections",
            "locations": [
              "Southeast Asia",
              "East US 2",
              "Central US",
              "West Europe",
              "East US",
              "North Central US",
              "South Central US",
              "West US",
              "North Europe",
              "East Asia",
              "Brazil South",
              "West US 2",
              "West Central US",
              "UK West",
              "UK South",
              "Japan East",
              "Japan West",
              "Canada Central",
              "Canada East",
              "Central India",
              "South India",
              "Australia East",
              "Australia Southeast",
              "Korea Central",
              "Korea South",
              "West India",
              "France Central",
              "South Africa North",
              "UAE North",
              "Australia Central",
              "Switzerland North",
              "Germany West Central",
              "Norway East",
              "Jio India West",
              "West US 3",
              "Sweden Central",
              "Qatar Central",
              "Poland Central",
              "France South",
              "Australia Central 2",
              "South Africa West",
              "UAE Central",
              "Switzerland West",
              "Germany North",
              "Norway West",
              "Brazil Southeast",
              "East US SLV",
              "Jio India Central",
              "Sweden South",
              "Israel Central",
              "Malaysia South",
              "Italy North",
              "Taiwan North",
              "Taiwan NorthWest",
              "Mexico Central",
              "East US STG",
              "South Central US STG",
              "East US 2 EUAP",
              "Central US EUAP"
            ],
            "apiVersions": [
              "2023-03-01",
              "2022-11-01",
              "2022-08-01",
              "2022-03-01",
              "2021-11-01",
              "2021-07-01",
              "2021-04-01",
              "2021-03-01",
              "2020-12-01",
              "2020-06-01",
              "2019-12-01",
              "2019-07-01",
              "2019-03-01",
              "2018-10-01",
              "2018-06-01",
              "2018-04-01",
              "2017-12-01",
              "2017-03-30"
            ],
            "defaultApiVersion": "2022-03-01",
            "capabilities": "SupportsTags, SupportsLocation"
          },
          {
            "resourceType": "restorePointCollections/restorePoints",
            "locations": [
              "Southeast Asia",
              "East US 2",
              "Central US",
              "West Europe",
              "East US",
              "North Central US",
              "South Central US",
              "West US",
              "North Europe",
              "East Asia",
              "Brazil South",
              "West US 2",
              "West Central US",
              "UK West",
              "UK South",
              "Japan East",
              "Japan West",
              "Canada Central",
              "Canada East",
              "Central India",
              "South India",
              "Australia East",
              "Australia Southeast",
              "Korea Central",
              "Korea South",
              "West India",
              "France Central",
              "South Africa North",
              "UAE North",
              "Australia Central",
              "Switzerland North",
              "Germany West Central",
              "Norway East",
              "Jio India West",
              "West US 3",
              "Sweden Central",
              "Qatar Central",
              "Poland Central",
              "France South",
              "Australia Central 2",
              "South Africa West",
              "UAE Central",
              "Switzerland West",
              "Germany North",
              "Norway West",
              "Brazil Southeast",
              "East US SLV",
              "Jio India Central",
              "Sweden South",
              "Israel Central",
              "Malaysia South",
              "Italy North",
              "Taiwan North",
              "Taiwan NorthWest",
              "Mexico Central",
              "East US STG",
              "South Central US STG",
              "East US 2 EUAP",
              "Central US EUAP"
            ],
            "apiVersions": [
              "2023-03-01",
              "2022-11-01",
              "2022-08-01",
              "2022-03-01",
              "2021-11-01",
              "2021-07-01",
              "2021-04-01",
              "2021-03-01",
              "2020-12-01",
              "2020-06-01",
              "2019-12-01",
              "2019-07-01",
              "2019-03-01",
              "2018-10-01",
              "2018-06-01",
              "2018-04-01",
              "2017-12-01",
              "2017-03-30"
            ],
            "capabilities": "None"
          },
          {
            "resourceType": "proximityPlacementGroups",
            "locations": [
              "East US",
              "East US 2",
              "West US",
              "Central US",
              "North Central US",
              "South Central US",
              "North Europe",
              "West Europe",
              "East Asia",
              "Southeast Asia",
              "Japan East",
              "Japan West",
              "Australia East",
              "Australia Southeast",
              "Australia Central",
              "Brazil South",
              "South India",
              "Central India",
              "West India",
              "Canada Central",
              "Canada East",
              "West US 2",
              "West Central US",
              "UK South",
              "UK West",
              "Korea Central",
              "Korea South",
              "France Central",
              "South Africa North",
              "UAE North",
              "Switzerland North",
              "Germany West Central",
              "Norway East",
              "Jio India West",
              "West US 3",
              "Sweden Central",
              "Qatar Central",
              "Poland Central",
              "France South",
              "Australia Central 2",
              "South Africa West",
              "UAE Central",
              "Switzerland West",
              "Germany North",
              "Norway West",
              "Brazil Southeast",
              "East US SLV",
              "Jio India Central",
              "Sweden South",
              "Israel Central",
              "Malaysia South",
              "Italy North",
              "Taiwan North",
              "Taiwan NorthWest",
              "Mexico Central",
              "East US STG",
              "South Central US STG",
              "East US 2 EUAP",
              "Central US EUAP"
            ],
            "apiVersions": [
              "2023-03-01",
              "2022-11-01",
              "2022-08-01",
              "2022-03-01",
              "2021-11-01",
              "2021-07-01",
              "2021-04-01",
              "2021-03-01",
              "2020-12-01",
              "2020-06-01",
              "2019-12-01",
              "2019-07-01",
              "2019-03-01",
              "2018-10-01",
              "2018-06-01",
              "2018-04-01"
            ],
            "defaultApiVersion": "2022-03-01",
            "zoneMappings": [],
            "capabilities": "SupportsTags, SupportsLocation"
          },
          {
            "resourceType": "sshPublicKeys",
            "locations": [
              "East US",
              "East US 2",
              "West US",
              "Central US",
              "North Central US",
              "South Central US",
              "North Europe",
              "West Europe",
              "East Asia",
              "Southeast Asia",
              "Japan East",
              "Japan West",
              "Australia East",
              "Australia Southeast",
              "Australia Central",
              "Brazil South",
              "South India",
              "Central India",
              "West India",
              "Canada Central",
              "Canada East",
              "West US 2",
              "West Central US",
              "UK South",
              "UK West",
              "Korea Central",
              "Korea South",
              "France Central",
              "South Africa North",
              "UAE North",
              "Switzerland North",
              "Germany West Central",
              "Norway East",
              "Jio India West",
              "West US 3",
              "Sweden Central",
              "Qatar Central",
              "Poland Central",
              "France South",
              "Australia Central 2",
              "South Africa West",
              "UAE Central",
              "Switzerland West",
              "Germany North",
              "Norway West",
              "Brazil Southeast",
              "East US SLV",
              "Jio India Central",
              "Sweden South",
              "Israel Central",
              "Malaysia South",
              "Italy North",
              "Taiwan North",
              "Taiwan NorthWest",
              "Mexico Central",
              "East US STG",
              "South Central US STG",
              "East US 2 EUAP",
              "Central US EUAP"
            ],
            "apiVersions": [
              "2023-03-01",
              "2022-11-01",
              "2022-08-01",
              "2022-03-01",
              "2021-11-01",
              "2021-07-01",
              "2021-04-01",
              "2021-03-01",
              "2020-12-01",
              "2020-06-01",
              "2019-12-01"
            ],
            "defaultApiVersion": "2022-03-01",
            "capabilities": "SupportsTags, SupportsLocation"
          },
          {
            "resourceType": "capacityReservationGroups",
            "locations": [
              "East US",
              "East US 2",
              "West US",
              "Central US",
              "North Central US",
              "South Central US",
              "North Europe",
              "West Europe",
              "East Asia",
              "Southeast Asia",
              "Japan East",
              "Japan West",
              "Australia East",
              "Australia Southeast",
              "Australia Central",
              "Brazil South",
              "South India",
              "Central India",
              "West India",
              "Canada Central",
              "Canada East",
              "West US 2",
              "West Central US",
              "UK South",
              "UK West",
              "Korea Central",
              "Korea South",
              "France Central",
              "South Africa North",
              "UAE North",
              "Switzerland North",
              "Germany West Central",
              "Norway East",
              "Jio India West",
              "West US 3",
              "Sweden Central",
              "Qatar Central",
              "Poland Central",
              "East US 2 EUAP",
              "Central US EUAP",
              "France South",
              "Australia Central 2",
              "South Africa West",
              "UAE Central",
              "Switzerland West",
              "Germany North",
              "Norway West",
              "Brazil Southeast",
              "East US SLV",
              "Jio India Central",
              "Sweden South",
              "Israel Central",
              "Malaysia South",
              "Italy North",
              "Taiwan North",
              "Taiwan NorthWest",
              "Mexico Central",
              "East US STG",
              "South Central US STG"
            ],
            "apiVersions": [
              "2023-03-01",
              "2022-11-01",
              "2022-08-01",
              "2022-03-01",
              "2021-11-01",
              "2021-07-01",
              "2021-04-01",
              "2021-03-01",
              "2020-12-01",
              "2020-06-01"
            ],
            "defaultApiVersion": "2022-03-01",
            "zoneMappings": [],
            "capabilities": "SupportsTags, SupportsLocation"
          },
          {
            "resourceType": "capacityReservationGroups/capacityReservations",
            "locations": [
              "East US",
              "East US 2",
              "West US",
              "Central US",
              "North Central US",
              "South Central US",
              "North Europe",
              "West Europe",
              "East Asia",
              "Southeast Asia",
              "Japan East",
              "Japan West",
              "Australia East",
              "Australia Southeast",
              "Australia Central",
              "Brazil South",
              "South India",
              "Central India",
              "West India",
              "Canada Central",
              "Canada East",
              "West US 2",
              "West Central US",
              "UK South",
              "UK West",
              "Korea Central",
              "Korea South",
              "France Central",
              "South Africa North",
              "UAE North",
              "Switzerland North",
              "Germany West Central",
              "Norway East",
              "Jio India West",
              "West US 3",
              "Sweden Central",
              "Qatar Central",
              "Poland Central",
              "East US 2 EUAP",
              "Central US EUAP",
              "France South",
              "Australia Central 2",
              "South Africa West",
              "UAE Central",
              "Switzerland West",
              "Germany North",
              "Norway West",
              "Brazil Southeast",
              "East US SLV",
              "Jio India Central",
              "Sweden South",
              "Israel Central",
              "Malaysia South",
              "Italy North",
              "Taiwan North",
              "Taiwan NorthWest",
              "Mexico Central",
              "East US STG",
              "South Central US STG"
            ],
            "apiVersions": [
              "2023-03-01",
              "2022-11-01",
              "2022-08-01",
              "2022-03-01",
              "2021-11-01",
              "2021-07-01",
              "2021-04-01",
              "2021-03-01",
              "2020-12-01",
              "2020-06-01"
            ],
            "defaultApiVersion": "2022-03-01",
            "zoneMappings": [],
            "capabilities": "SupportsTags, SupportsLocation"
          },
          {
            "resourceType": "virtualMachines/metricDefinitions",
            "locations": [
              "East US",
              "East US 2",
              "West US",
              "Central US",
              "North Central US",
              "South Central US",
              "North Europe",
              "West Europe",
              "East Asia",
              "Southeast Asia",
              "Japan East",
              "Japan West",
              "Australia East",
              "Australia Southeast",
              "Australia Central",
              "Brazil South",
              "South India",
              "Central India",
              "West India",
              "Canada Central",
              "Canada East",
              "West US 2",
              "West Central US",
              "UK South",
              "UK West",
              "East US 2 EUAP",
              "Central US EUAP",
              "Korea Central",
              "Korea South",
              "France Central",
              "France South",
              "Australia Central 2",
              "South Africa North",
              "South Africa West",
              "UAE North",
              "UAE Central",
              "Switzerland North",
              "Switzerland West",
              "Germany North",
              "Germany West Central",
              "Norway East",
              "Norway West",
              "Brazil Southeast",
              "West US 3",
              "East US SLV",
              "Jio India West",
              "Jio India Central",
              "Sweden Central",
              "Sweden South",
              "Qatar Central",
              "Israel Central",
              "Poland Central",
              "Malaysia South",
              "Italy North",
              "Taiwan North",
              "Taiwan NorthWest",
              "Mexico Central",
              "East US STG",
              "South Central US STG"
            ],
            "apiVersions": [
              "2014-04-01"
            ],
            "capabilities": "None"
          },
          {
            "resourceType": "locations/spotEvictionRates",
            "locations": [
              "East US",
              "East US 2",
              "West US",
              "Central US",
              "North Central US",
              "South Central US",
              "North Europe",
              "West Europe",
              "East Asia",
              "Southeast Asia",
              "Japan East",
              "Japan West",
              "Australia East",
              "Australia Southeast",
              "Australia Central",
              "Brazil South",
              "South India",
              "Central India",
              "West India",
              "Canada Central",
              "Canada East",
              "West US 2",
              "West Central US",
              "UK South",
              "UK West",
              "Korea Central",
              "Korea South",
              "France Central",
              "South Africa North",
              "UAE North",
              "Switzerland North",
              "Germany West Central",
              "Norway East",
              "Jio India West",
              "West US 3",
              "Sweden Central",
              "Qatar Central",
              "Poland Central",
              "France South",
              "Australia Central 2",
              "South Africa West",
              "UAE Central",
              "Switzerland West",
              "Germany North",
              "Norway West",
              "Brazil Southeast",
              "East US SLV",
              "Jio India Central",
              "Sweden South",
              "Israel Central",
              "Malaysia South",
              "Italy North",
              "Taiwan North",
              "Taiwan NorthWest",
              "Mexico Central",
              "East US STG",
              "South Central US STG",
              "East US 2 EUAP",
              "Central US EUAP"
            ],
            "apiVersions": [
              "2023-03-01",
              "2022-11-01",
              "2022-08-01",
              "2022-03-01",
              "2021-11-01",
              "2021-07-01",
              "2021-04-01",
              "2021-03-01",
              "2020-12-01",
              "2020-06-01"
            ],
            "defaultApiVersion": "2022-03-01",
            "capabilities": "None"
          },
          {
            "resourceType": "locations/spotPriceHistory",
            "locations": [
              "East US",
              "East US 2",
              "West US",
              "Central US",
              "North Central US",
              "South Central US",
              "North Europe",
              "West Europe",
              "East Asia",
              "Southeast Asia",
              "Japan East",
              "Japan West",
              "Australia East",
              "Australia Southeast",
              "Australia Central",
              "Brazil South",
              "South India",
              "Central India",
              "West India",
              "Canada Central",
              "Canada East",
              "West US 2",
              "West Central US",
              "UK South",
              "UK West",
              "Korea Central",
              "Korea South",
              "France Central",
              "South Africa North",
              "UAE North",
              "Switzerland North",
              "Germany West Central",
              "Norway East",
              "Jio India West",
              "West US 3",
              "Sweden Central",
              "Qatar Central",
              "Poland Central",
              "France South",
              "Australia Central 2",
              "South Africa West",
              "UAE Central",
              "Switzerland West",
              "Germany North",
              "Norway West",
              "Brazil Southeast",
              "East US SLV",
              "Jio India Central",
              "Sweden South",
              "Israel Central",
              "Malaysia South",
              "Italy North",
              "Taiwan North",
              "Taiwan NorthWest",
              "Mexico Central",
              "East US STG",
              "South Central US STG",
              "East US 2 EUAP",
              "Central US EUAP"
            ],
            "apiVersions": [
              "2023-03-01",
              "2022-11-01",
              "2022-08-01",
              "2022-03-01",
              "2021-11-01",
              "2021-07-01",
              "2021-04-01",
              "2021-03-01",
              "2020-12-01",
              "2020-06-01"
            ],
            "defaultApiVersion": "2022-03-01",
            "capabilities": "None"
          },
          {
            "resourceType": "locations/recommendations",
            "locations": [
              "East US",
              "East US 2",
              "West US",
              "Central US",
              "North Central US",
              "South Central US",
              "North Europe",
              "West Europe",
              "East Asia",
              "Southeast Asia",
              "Japan East",
              "Japan West",
              "Australia East",
              "Australia Southeast",
              "Australia Central",
              "Brazil South",
              "South India",
              "Central India",
              "West India",
              "Canada Central",
              "Canada East",
              "West US 2",
              "West Central US",
              "UK South",
              "UK West",
              "Korea Central",
              "Korea South",
              "France Central",
              "South Africa North",
              "UAE North",
              "Switzerland North",
              "Germany West Central",
              "Norway East",
              "Jio India West",
              "West US 3",
              "Sweden Central",
              "Qatar Central",
              "Poland Central",
              "France South",
              "Australia Central 2",
              "South Africa West",
              "UAE Central",
              "Switzerland West",
              "Germany North",
              "Norway West",
              "Brazil Southeast",
              "East US SLV",
              "Jio India Central",
              "Sweden South",
              "Israel Central",
              "Malaysia South",
              "Italy North",
              "Taiwan North",
              "Taiwan NorthWest",
              "Mexico Central",
              "East US STG",
              "South Central US STG",
              "East US 2 EUAP",
              "Central US EUAP"
            ],
            "apiVersions": [
              "2023-03-01",
              "2022-11-01",
              "2022-08-01",
              "2022-03-01",
              "2021-11-01",
              "2021-07-01"
            ],
            "defaultApiVersion": "2022-03-01",
            "capabilities": "None"
          },
          {
            "resourceType": "locations/sharedGalleries",
            "locations": [
              "East US",
              "East US 2",
              "West US",
              "Central US",
              "North Central US",
              "South Central US",
              "North Europe",
              "West Europe",
              "East Asia",
              "Southeast Asia",
              "Japan East",
              "Japan West",
              "Australia East",
              "Australia Southeast",
              "Australia Central",
              "Brazil South",
              "South India",
              "Central India",
              "West India",
              "Canada Central",
              "Canada East",
              "West US 2",
              "West Central US",
              "UK South",
              "UK West",
              "Korea Central",
              "Korea South",
              "France Central",
              "South Africa North",
              "UAE North",
              "Switzerland North",
              "Germany West Central",
              "Norway East",
              "Jio India West",
              "West US 3",
              "Sweden Central",
              "Qatar Central",
              "Poland Central",
              "France South",
              "Australia Central 2",
              "South Africa West",
              "UAE Central",
              "Switzerland West",
              "Germany North",
              "Norway West",
              "Brazil Southeast",
              "East US SLV",
              "Jio India Central",
              "Sweden South",
              "Israel Central",
              "Malaysia South",
              "Italy North",
              "Taiwan North",
              "Taiwan NorthWest",
              "Mexico Central",
              "East US STG",
              "South Central US STG",
              "East US 2 EUAP",
              "Central US EUAP"
            ],
            "apiVersions": [
              "2023-03-01",
              "2022-11-01",
              "2022-08-01",
              "2022-03-03",
              "2022-03-01",
              "2022-01-03",
              "2021-11-01",
              "2021-07-01",
              "2021-04-01",
              "2021-03-01",
              "2020-12-01",
              "2020-09-30",
              "2020-06-01",
              "2019-12-01",
              "2019-07-01",
              "2019-03-01",
              "2018-10-01",
              "2018-06-01",
              "2018-04-01",
              "2017-12-01",
              "2017-03-30",
              "2016-08-30",
              "2016-04-30-preview",
              "2016-03-30",
              "2015-06-15",
              "2015-05-01-preview"
            ],
            "apiProfiles": [
              {
                "profileVersion": "2017-03-09-profile",
                "apiVersion": "2016-03-30"
              },
              {
                "profileVersion": "2018-03-01-hybrid",
                "apiVersion": "2017-03-30"
              },
              {
                "profileVersion": "2018-06-01-profile",
                "apiVersion": "2017-12-01"
              },
              {
                "profileVersion": "2019-03-01-hybrid",
                "apiVersion": "2017-12-01"
              },
              {
                "profileVersion": "2020-09-01-hybrid",
                "apiVersion": "2020-06-01"
              }
            ],
            "capabilities": "None"
          },
          {
            "resourceType": "locations/communityGalleries",
            "locations": [
              "East US",
              "East US 2",
              "West US",
              "Central US",
              "North Central US",
              "South Central US",
              "North Europe",
              "West Europe",
              "East Asia",
              "Southeast Asia",
              "Japan East",
              "Japan West",
              "Australia East",
              "Australia Southeast",
              "Australia Central",
              "Brazil South",
              "South India",
              "Central India",
              "West India",
              "Canada Central",
              "Canada East",
              "West US 2",
              "West Central US",
              "UK South",
              "UK West",
              "Korea Central",
              "Korea South",
              "France Central",
              "South Africa North",
              "UAE North",
              "Switzerland North",
              "Germany West Central",
              "Norway East",
              "Jio India West",
              "West US 3",
              "Sweden Central",
              "Qatar Central",
              "Poland Central",
              "France South",
              "Australia Central 2",
              "South Africa West",
              "UAE Central",
              "Switzerland West",
              "Germany North",
              "Norway West",
              "Brazil Southeast",
              "East US SLV",
              "Jio India Central",
              "Sweden South",
              "Israel Central",
              "Malaysia South",
              "Italy North",
              "Taiwan North",
              "Taiwan NorthWest",
              "Mexico Central",
              "East US STG",
              "South Central US STG",
              "East US 2 EUAP",
              "Central US EUAP"
            ],
            "apiVersions": [
              "2023-03-01",
              "2022-11-01",
              "2022-08-01",
              "2022-03-03",
              "2022-03-01",
              "2022-01-03",
              "2021-11-01",
              "2021-07-01",
              "2021-04-01",
              "2021-03-01",
              "2020-12-01",
              "2020-09-30",
              "2020-06-01",
              "2019-12-01",
              "2019-07-01",
              "2019-03-01",
              "2018-10-01",
              "2018-06-01",
              "2018-04-01",
              "2017-12-01",
              "2017-03-30",
              "2016-08-30",
              "2016-04-30-preview",
              "2016-03-30",
              "2015-06-15",
              "2015-05-01-preview"
            ],
            "apiProfiles": [
              {
                "profileVersion": "2017-03-09-profile",
                "apiVersion": "2016-03-30"
              },
              {
                "profileVersion": "2018-03-01-hybrid",
                "apiVersion": "2017-03-30"
              },
              {
                "profileVersion": "2018-06-01-profile",
                "apiVersion": "2017-12-01"
              },
              {
                "profileVersion": "2019-03-01-hybrid",
                "apiVersion": "2017-12-01"
              },
              {
                "profileVersion": "2020-09-01-hybrid",
                "apiVersion": "2020-06-01"
              }
            ],
            "capabilities": "None"
          },
          {
            "resourceType": "sharedVMImages",
            "locations": [
              "West Central US",
              "South Central US",
              "East US 2",
              "Southeast Asia",
              "West Europe",
              "West US",
              "East US",
              "Canada Central",
              "North Europe",
              "North Central US",
              "Brazil South",
              "UK West",
              "West India",
              "East Asia",
              "Australia East",
              "Japan East",
              "Korea South",
              "West US 2",
              "Canada East",
              "UK South",
              "Central India",
              "South India",
              "Australia Southeast",
              "Japan West",
              "Korea Central",
              "France Central",
              "Central US",
              "Australia Central",
              "France South",
              "Australia Central 2",
              "East US STG",
              "South Central US STG",
              "East US 2 EUAP",
              "Central US EUAP"
            ],
            "apiVersions": [
              "2017-10-15-preview"
            ],
            "defaultApiVersion": "2017-10-15-preview",
            "capabilities": "SupportsTags, SupportsLocation"
          },
          {
            "resourceType": "sharedVMImages/versions",
            "locations": [
              "West Central US",
              "South Central US",
              "East US 2",
              "Southeast Asia",
              "West Europe",
              "West US",
              "East US",
              "Canada Central",
              "North Europe",
              "North Central US",
              "Brazil South",
              "UK West",
              "West India",
              "East Asia",
              "Australia East",
              "Japan East",
              "Korea South",
              "West US 2",
              "Canada East",
              "UK South",
              "Central India",
              "South India",
              "Australia Southeast",
              "Japan West",
              "Korea Central",
              "France Central",
              "Central US",
              "Australia Central",
              "France South",
              "Australia Central 2",
              "East US STG",
              "South Central US STG",
              "East US 2 EUAP",
              "Central US EUAP"
            ],
            "apiVersions": [
              "2017-10-15-preview"
            ],
            "defaultApiVersion": "2017-10-15-preview",
            "capabilities": "SupportsTags, SupportsLocation"
          },
          {
            "resourceType": "locations/artifactPublishers",
            "locations": [
              "West Central US",
              "South Central US",
              "East US 2",
              "Southeast Asia",
              "West Europe",
              "West US",
              "East US",
              "Canada Central",
              "North Europe",
              "North Central US",
              "Brazil South",
              "UK West",
              "West India",
              "East Asia",
              "Australia East",
              "Japan East",
              "Korea South",
              "West US 2",
              "Canada East",
              "UK South",
              "Central India",
              "South India",
              "Australia Southeast",
              "Japan West",
              "Korea Central",
              "France Central",
              "Central US",
              "Australia Central",
              "France South",
              "Australia Central 2",
              "East US STG",
              "South Central US STG",
              "East US 2 EUAP",
              "Central US EUAP"
            ],
            "apiVersions": [
              "2017-10-15-preview"
            ],
            "capabilities": "None"
          },
          {
            "resourceType": "locations/capsoperations",
            "locations": [
              "West Central US",
              "South Central US",
              "East US 2",
              "Southeast Asia",
              "West Europe",
              "West US",
              "East US",
              "Canada Central",
              "North Europe",
              "North Central US",
              "Brazil South",
              "UK West",
              "West India",
              "East Asia",
              "Australia East",
              "Japan East",
              "Korea South",
              "West US 2",
              "Canada East",
              "UK South",
              "Central India",
              "South India",
              "Australia Southeast",
              "Japan West",
              "Korea Central",
              "France Central",
              "Central US",
              "Australia Central",
              "South Africa North",
              "UAE North",
              "Switzerland North",
              "Germany West Central",
              "Norway East",
              "Jio India West",
              "West US 3",
              "Sweden Central",
              "Qatar Central",
              "Poland Central",
              "France South",
              "Australia Central 2",
              "South Africa West",
              "UAE Central",
              "Switzerland West",
              "Germany North",
              "Norway West",
              "Brazil Southeast",
              "East US SLV",
              "Jio India Central",
              "Sweden South",
              "Israel Central",
              "Malaysia South",
              "Italy North",
              "Taiwan North",
              "Taiwan NorthWest",
              "Mexico Central",
              "East US STG",
              "South Central US STG",
              "East US 2 EUAP",
              "Central US EUAP"
            ],
            "apiVersions": [
              "2022-08-03",
              "2022-03-03",
              "2022-01-03",
              "2021-10-01",
              "2021-07-01",
              "2021-03-01",
              "2020-09-30",
              "2019-12-01",
              "2019-07-01",
              "2019-03-01",
              "2018-06-01",
              "2017-10-15-preview"
            ],
            "capabilities": "None"
          },
          {
            "resourceType": "galleries",
            "locations": [
              "West Central US",
              "South Central US",
              "East US 2",
              "Southeast Asia",
              "West Europe",
              "West US",
              "East US",
              "Canada Central",
              "North Europe",
              "North Central US",
              "Brazil South",
              "UK West",
              "West India",
              "East Asia",
              "Australia East",
              "Japan East",
              "Korea South",
              "West US 2",
              "Canada East",
              "UK South",
              "Central India",
              "South India",
              "Australia Southeast",
              "Japan West",
              "Korea Central",
              "France Central",
              "Central US",
              "Australia Central",
              "South Africa North",
              "UAE North",
              "Switzerland North",
              "Germany West Central",
              "Norway East",
              "Jio India West",
              "West US 3",
              "Sweden Central",
              "Qatar Central",
              "Poland Central",
              "France South",
              "Australia Central 2",
              "South Africa West",
              "UAE Central",
              "Switzerland West",
              "Germany North",
              "Norway West",
              "Brazil Southeast",
              "East US SLV",
              "Jio India Central",
              "Sweden South",
              "Israel Central",
              "Malaysia South",
              "Italy North",
              "Taiwan North",
              "Taiwan NorthWest",
              "Mexico Central",
              "East US STG",
              "South Central US STG",
              "East US 2 EUAP",
              "Central US EUAP"
            ],
            "apiVersions": [
              "2022-08-03",
              "2022-03-03",
              "2022-01-03",
              "2021-10-01",
              "2021-07-01",
              "2021-03-01",
              "2020-09-30",
              "2019-12-01",
              "2019-07-01",
              "2019-03-01",
              "2018-06-01"
            ],
            "defaultApiVersion": "2018-06-01",
            "capabilities": "SupportsTags, SupportsLocation"
          },
          {
            "resourceType": "galleries/images",
            "locations": [
              "West Central US",
              "South Central US",
              "East US 2",
              "Southeast Asia",
              "West Europe",
              "West US",
              "East US",
              "Canada Central",
              "North Europe",
              "North Central US",
              "Brazil South",
              "UK West",
              "West India",
              "East Asia",
              "Australia East",
              "Japan East",
              "Korea South",
              "West US 2",
              "Canada East",
              "UK South",
              "Central India",
              "South India",
              "Australia Southeast",
              "Japan West",
              "Korea Central",
              "France Central",
              "Central US",
              "Australia Central",
              "South Africa North",
              "UAE North",
              "Switzerland North",
              "Germany West Central",
              "Norway East",
              "Jio India West",
              "West US 3",
              "Sweden Central",
              "Qatar Central",
              "Poland Central",
              "France South",
              "Australia Central 2",
              "South Africa West",
              "UAE Central",
              "Switzerland West",
              "Germany North",
              "Norway West",
              "Brazil Southeast",
              "East US SLV",
              "Jio India Central",
              "Sweden South",
              "Israel Central",
              "Malaysia South",
              "Italy North",
              "Taiwan North",
              "Taiwan NorthWest",
              "Mexico Central",
              "East US STG",
              "South Central US STG",
              "East US 2 EUAP",
              "Central US EUAP"
            ],
            "apiVersions": [
              "2022-08-03",
              "2022-03-03",
              "2022-01-03",
              "2021-10-01",
              "2021-07-01",
              "2021-03-01",
              "2020-09-30",
              "2019-12-01",
              "2019-07-01",
              "2019-03-01",
              "2018-06-01"
            ],
            "defaultApiVersion": "2018-06-01",
            "capabilities": "SupportsTags, SupportsLocation"
          },
          {
            "resourceType": "galleries/images/versions",
            "locations": [
              "West Central US",
              "South Central US",
              "East US 2",
              "Southeast Asia",
              "West Europe",
              "West US",
              "East US",
              "Canada Central",
              "North Europe",
              "North Central US",
              "Brazil South",
              "UK West",
              "West India",
              "East Asia",
              "Australia East",
              "Japan East",
              "Korea South",
              "West US 2",
              "Canada East",
              "UK South",
              "Central India",
              "South India",
              "Australia Southeast",
              "Japan West",
              "Korea Central",
              "France Central",
              "Central US",
              "Australia Central",
              "South Africa North",
              "UAE North",
              "Switzerland North",
              "Germany West Central",
              "Norway East",
              "Jio India West",
              "West US 3",
              "Sweden Central",
              "Qatar Central",
              "Poland Central",
              "France South",
              "Australia Central 2",
              "South Africa West",
              "UAE Central",
              "Switzerland West",
              "Germany North",
              "Norway West",
              "Brazil Southeast",
              "East US SLV",
              "Jio India Central",
              "Sweden South",
              "Israel Central",
              "Malaysia South",
              "Italy North",
              "Taiwan North",
              "Taiwan NorthWest",
              "Mexico Central",
              "East US STG",
              "South Central US STG",
              "East US 2 EUAP",
              "Central US EUAP"
            ],
            "apiVersions": [
              "2022-08-03",
              "2022-03-03",
              "2022-01-03",
              "2021-10-01",
              "2021-07-01",
              "2021-03-01",
              "2020-09-30",
              "2019-12-01",
              "2019-07-01",
              "2019-03-01",
              "2018-06-01"
            ],
            "defaultApiVersion": "2018-06-01",
            "capabilities": "SupportsTags, SupportsLocation"
          },
          {
            "resourceType": "locations/galleries",
            "locations": [
              "West Central US",
              "South Central US",
              "East US 2",
              "Southeast Asia",
              "West Europe",
              "West US",
              "East US",
              "Canada Central",
              "North Europe",
              "North Central US",
              "Brazil South",
              "UK West",
              "West India",
              "East Asia",
              "Australia East",
              "Japan East",
              "Korea South",
              "West US 2",
              "Canada East",
              "UK South",
              "Central India",
              "South India",
              "Australia Southeast",
              "Japan West",
              "Korea Central",
              "France Central",
              "Central US",
              "Australia Central",
              "South Africa North",
              "UAE North",
              "Switzerland North",
              "Germany West Central",
              "Norway East",
              "Jio India West",
              "West US 3",
              "Sweden Central",
              "Qatar Central",
              "Poland Central",
              "France South",
              "Australia Central 2",
              "South Africa West",
              "UAE Central",
              "Switzerland West",
              "Germany North",
              "Norway West",
              "Brazil Southeast",
              "East US SLV",
              "Jio India Central",
              "Sweden South",
              "Israel Central",
              "Malaysia South",
              "Italy North",
              "Taiwan North",
              "Taiwan NorthWest",
              "Mexico Central",
              "East US STG",
              "South Central US STG",
              "East US 2 EUAP",
              "Central US EUAP"
            ],
            "apiVersions": [
              "2022-08-03",
              "2022-03-03",
              "2022-01-03",
              "2021-10-01",
              "2021-07-01",
              "2021-03-01",
              "2020-09-30",
              "2019-12-01",
              "2019-07-01",
              "2019-03-01",
              "2018-06-01"
            ],
            "defaultApiVersion": "2018-06-01",
            "capabilities": "None"
          },
          {
            "resourceType": "galleries/applications",
            "locations": [
              "West Central US",
              "South Central US",
              "East US 2",
              "Southeast Asia",
              "West Europe",
              "West US",
              "East US",
              "Canada Central",
              "North Europe",
              "North Central US",
              "Brazil South",
              "UK West",
              "West India",
              "East Asia",
              "Australia East",
              "Japan East",
              "Korea South",
              "West US 2",
              "Canada East",
              "UK South",
              "Central India",
              "South India",
              "Australia Southeast",
              "Japan West",
              "Korea Central",
              "France Central",
              "Central US",
              "Australia Central",
              "South Africa North",
              "UAE North",
              "Switzerland North",
              "Germany West Central",
              "Norway East",
              "Jio India West",
              "West US 3",
              "Sweden Central",
              "Qatar Central",
              "Poland Central",
              "France South",
              "Australia Central 2",
              "South Africa West",
              "UAE Central",
              "Switzerland West",
              "Germany North",
              "Norway West",
              "Brazil Southeast",
              "East US SLV",
              "Jio India Central",
              "Sweden South",
              "Israel Central",
              "Malaysia South",
              "Italy North",
              "Taiwan North",
              "Taiwan NorthWest",
              "Mexico Central",
              "East US STG",
              "South Central US STG",
              "East US 2 EUAP",
              "Central US EUAP"
            ],
            "apiVersions": [
              "2022-08-03",
              "2022-03-03",
              "2022-01-03",
              "2021-10-01",
              "2021-07-01",
              "2021-03-01",
              "2020-09-30",
              "2019-12-01",
              "2019-07-01",
              "2019-03-01"
            ],
            "defaultApiVersion": "2019-03-01",
            "capabilities": "SupportsTags, SupportsLocation"
          },
          {
            "resourceType": "galleries/applications/versions",
            "locations": [
              "West Central US",
              "South Central US",
              "East US 2",
              "Southeast Asia",
              "West Europe",
              "West US",
              "East US",
              "Canada Central",
              "North Europe",
              "North Central US",
              "Brazil South",
              "UK West",
              "West India",
              "East Asia",
              "Australia East",
              "Japan East",
              "Korea South",
              "West US 2",
              "Canada East",
              "UK South",
              "Central India",
              "South India",
              "Australia Southeast",
              "Japan West",
              "Korea Central",
              "France Central",
              "Central US",
              "Australia Central",
              "South Africa North",
              "UAE North",
              "Switzerland North",
              "Germany West Central",
              "Norway East",
              "Jio India West",
              "West US 3",
              "Sweden Central",
              "Qatar Central",
              "Poland Central",
              "France South",
              "Australia Central 2",
              "South Africa West",
              "UAE Central",
              "Switzerland West",
              "Germany North",
              "Norway West",
              "Brazil Southeast",
              "East US SLV",
              "Jio India Central",
              "Sweden South",
              "Israel Central",
              "Malaysia South",
              "Italy North",
              "Taiwan North",
              "Taiwan NorthWest",
              "Mexico Central",
              "East US STG",
              "South Central US STG",
              "East US 2 EUAP",
              "Central US EUAP"
            ],
            "apiVersions": [
              "2022-08-03",
              "2022-03-03",
              "2022-01-03",
              "2021-10-01",
              "2021-07-01",
              "2021-03-01",
              "2020-09-30",
              "2019-12-01",
              "2019-07-01",
              "2019-03-01"
            ],
            "defaultApiVersion": "2019-03-01",
            "capabilities": "SupportsTags, SupportsLocation"
          },
          {
            "resourceType": "sharedVMExtensions",
            "locations": [
              "West US",
              "East US 2 EUAP",
              "Central US EUAP",
              "France South",
              "Australia Central 2",
              "South Africa West",
              "UAE Central",
              "Switzerland West",
              "Germany North",
              "Norway West",
              "Brazil Southeast",
              "East US SLV",
              "Jio India Central",
              "Sweden South",
              "Israel Central",
              "Malaysia South",
              "Italy North",
              "Taiwan North",
              "Taiwan NorthWest",
              "Mexico Central",
              "East US STG",
              "South Central US STG",
              "Southeast Asia",
              "East US 2",
              "Central US",
              "West Europe",
              "East US",
              "North Central US",
              "South Central US",
              "North Europe",
              "East Asia",
              "Brazil South",
              "West US 2",
              "West Central US",
              "UK West",
              "UK South",
              "Japan East",
              "Japan West",
              "Canada Central",
              "Canada East",
              "Central India",
              "South India",
              "Australia East",
              "Australia Southeast",
              "Korea Central",
              "Korea South",
              "West India",
              "France Central",
              "South Africa North",
              "UAE North",
              "Australia Central",
              "Switzerland North",
              "Germany West Central",
              "Norway East",
              "Jio India West",
              "West US 3",
              "Sweden Central",
              "Qatar Central",
              "Poland Central"
            ],
            "apiVersions": [
              "2022-08-03",
              "2022-03-03",
              "2022-01-03",
              "2021-10-01",
              "2021-07-01",
              "2021-03-01",
              "2020-09-30",
              "2019-12-01"
            ],
            "defaultApiVersion": "2019-12-01",
            "capabilities": "SupportsTags, SupportsLocation"
          },
          {
            "resourceType": "sharedVMExtensions/versions",
            "locations": [
              "West US",
              "East US 2 EUAP",
              "Central US EUAP",
              "France South",
              "Australia Central 2",
              "South Africa West",
              "UAE Central",
              "Switzerland West",
              "Germany North",
              "Norway West",
              "Brazil Southeast",
              "East US SLV",
              "Jio India Central",
              "Sweden South",
              "Israel Central",
              "Malaysia South",
              "Italy North",
              "Taiwan North",
              "Taiwan NorthWest",
              "Mexico Central",
              "East US STG",
              "South Central US STG",
              "Southeast Asia",
              "East US 2",
              "Central US",
              "West Europe",
              "East US",
              "North Central US",
              "South Central US",
              "North Europe",
              "East Asia",
              "Brazil South",
              "West US 2",
              "West Central US",
              "UK West",
              "UK South",
              "Japan East",
              "Japan West",
              "Canada Central",
              "Canada East",
              "Central India",
              "South India",
              "Australia East",
              "Australia Southeast",
              "Korea Central",
              "Korea South",
              "West India",
              "France Central",
              "South Africa North",
              "UAE North",
              "Australia Central",
              "Switzerland North",
              "Germany West Central",
              "Norway East",
              "Jio India West",
              "West US 3",
              "Sweden Central",
              "Qatar Central",
              "Poland Central"
            ],
            "apiVersions": [
              "2022-08-03",
              "2022-03-03",
              "2022-01-03",
              "2021-10-01",
              "2021-07-01",
              "2021-03-01",
              "2020-09-30",
              "2019-12-01"
            ],
            "defaultApiVersion": "2019-12-01",
            "capabilities": "SupportsTags, SupportsLocation"
          },
          {
            "resourceType": "galleries/serviceArtifacts",
            "locations": [
              "West US",
              "East US 2 EUAP",
              "Central US EUAP",
              "France South",
              "Australia Central 2",
              "South Africa West",
              "UAE Central",
              "Switzerland West",
              "Germany North",
              "Norway West",
              "Brazil Southeast",
              "East US SLV",
              "Jio India Central",
              "Sweden South",
              "Israel Central",
              "Malaysia South",
              "Italy North",
              "Taiwan North",
              "Taiwan NorthWest",
              "Mexico Central",
              "East US STG",
              "South Central US STG",
              "West Central US",
              "South Central US",
              "East US 2",
              "Southeast Asia",
              "West Europe",
              "East US",
              "Canada Central",
              "North Europe",
              "North Central US",
              "Brazil South",
              "UK West",
              "West India",
              "East Asia",
              "Australia East",
              "Japan East",
              "Korea South",
              "West US 2",
              "Canada East",
              "UK South",
              "Central India",
              "South India",
              "Australia Southeast",
              "Japan West",
              "Korea Central",
              "France Central",
              "Central US",
              "Australia Central",
              "South Africa North",
              "UAE North",
              "Switzerland North",
              "Germany West Central",
              "Norway East",
              "Jio India West",
              "West US 3",
              "Sweden Central",
              "Qatar Central",
              "Poland Central"
            ],
            "apiVersions": [
              "2022-08-03"
            ],
            "defaultApiVersion": "2022-08-03",
            "capabilities": "SupportsTags, SupportsLocation"
          },
          {
            "resourceType": "disks",
            "locations": [
              "Southeast Asia",
              "East US 2",
              "Central US",
              "West Europe",
              "East US",
              "North Central US",
              "South Central US",
              "West US",
              "North Europe",
              "East Asia",
              "Brazil South",
              "West US 2",
              "West Central US",
              "UK West",
              "UK South",
              "Japan East",
              "Japan West",
              "Canada Central",
              "Canada East",
              "Central India",
              "South India",
              "Australia East",
              "Australia Southeast",
              "Korea Central",
              "Korea South",
              "West India",
              "France Central",
              "South Africa North",
              "UAE North",
              "Australia Central",
              "Switzerland North",
              "Germany West Central",
              "Norway East",
              "Jio India West",
              "West US 3",
              "Sweden Central",
              "Qatar Central",
              "Poland Central",
              "France South",
              "Australia Central 2",
              "South Africa West",
              "UAE Central",
              "Switzerland West",
              "Germany North",
              "Norway West",
              "Brazil Southeast",
              "East US SLV",
              "Jio India Central",
              "Sweden South",
              "Israel Central",
              "Malaysia South",
              "Italy North",
              "Taiwan North",
              "Taiwan NorthWest",
              "Mexico Central",
              "East US STG",
              "South Central US STG",
              "East US 2 EUAP",
              "Central US EUAP"
            ],
            "apiVersions": [
              "2023-01-02",
              "2022-07-02",
              "2022-03-02",
              "2021-12-01",
              "2021-08-01",
              "2021-04-01",
              "2020-12-01",
              "2020-09-30",
              "2020-06-30",
              "2020-05-01",
              "2019-11-01",
              "2019-07-01",
              "2019-03-01",
              "2018-09-30",
              "2018-06-01",
              "2018-04-01",
              "2017-03-30",
              "2016-04-30-preview"
            ],
            "defaultApiVersion": "2022-03-02",
            "apiProfiles": [
              {
                "profileVersion": "2018-03-01-hybrid",
                "apiVersion": "2017-03-30"
              },
              {
                "profileVersion": "2018-06-01-profile",
                "apiVersion": "2018-04-01"
              }
            ],
            "zoneMappings": [],
            "capabilities": "SupportsTags, SupportsLocation"
          },
          {
            "resourceType": "snapshots",
            "locations": [
              "Southeast Asia",
              "East US 2",
              "Central US",
              "West Europe",
              "East US",
              "North Central US",
              "South Central US",
              "West US",
              "North Europe",
              "East Asia",
              "Brazil South",
              "West US 2",
              "West Central US",
              "UK West",
              "UK South",
              "Japan East",
              "Japan West",
              "Canada Central",
              "Canada East",
              "Central India",
              "South India",
              "Australia East",
              "Australia Southeast",
              "Korea Central",
              "Korea South",
              "West India",
              "France Central",
              "South Africa North",
              "UAE North",
              "Australia Central",
              "Switzerland North",
              "Germany West Central",
              "Norway East",
              "Jio India West",
              "West US 3",
              "Sweden Central",
              "Qatar Central",
              "Poland Central",
              "France South",
              "Australia Central 2",
              "South Africa West",
              "UAE Central",
              "Switzerland West",
              "Germany North",
              "Norway West",
              "Brazil Southeast",
              "East US SLV",
              "Jio India Central",
              "Sweden South",
              "Israel Central",
              "Malaysia South",
              "Italy North",
              "Taiwan North",
              "Taiwan NorthWest",
              "Mexico Central",
              "East US STG",
              "South Central US STG",
              "East US 2 EUAP",
              "Central US EUAP"
            ],
            "apiVersions": [
              "2023-01-02",
              "2022-07-02",
              "2022-03-02",
              "2021-12-01",
              "2021-08-01",
              "2021-04-01",
              "2020-12-01",
              "2020-09-30",
              "2020-06-30",
              "2020-05-01",
              "2019-11-01",
              "2019-07-01",
              "2019-03-01",
              "2018-09-30",
              "2018-06-01",
              "2018-04-01",
              "2017-03-30",
              "2016-04-30-preview"
            ],
            "defaultApiVersion": "2022-03-02",
            "apiProfiles": [
              {
                "profileVersion": "2018-03-01-hybrid",
                "apiVersion": "2017-03-30"
              },
              {
                "profileVersion": "2018-06-01-profile",
                "apiVersion": "2018-04-01"
              }
            ],
            "capabilities": "SupportsTags, SupportsLocation"
          },
          {
            "resourceType": "locations/diskoperations",
            "locations": [
              "Southeast Asia",
              "East US 2",
              "Central US",
              "West Europe",
              "East US",
              "North Central US",
              "South Central US",
              "West US",
              "North Europe",
              "East Asia",
              "Brazil South",
              "West US 2",
              "West Central US",
              "UK West",
              "UK South",
              "Japan East",
              "Japan West",
              "Canada Central",
              "Canada East",
              "Central India",
              "South India",
              "Australia East",
              "Australia Southeast",
              "Korea Central",
              "Korea South",
              "West India",
              "France Central",
              "South Africa North",
              "UAE North",
              "Australia Central",
              "Switzerland North",
              "Germany West Central",
              "Norway East",
              "Jio India West",
              "West US 3",
              "Sweden Central",
              "Qatar Central",
              "Poland Central",
              "France South",
              "Australia Central 2",
              "South Africa West",
              "UAE Central",
              "Switzerland West",
              "Germany North",
              "Norway West",
              "Brazil Southeast",
              "East US SLV",
              "Jio India Central",
              "Sweden South",
              "Israel Central",
              "Malaysia South",
              "Italy North",
              "Taiwan North",
              "Taiwan NorthWest",
              "Mexico Central",
              "East US STG",
              "South Central US STG",
              "East US 2 EUAP",
              "Central US EUAP"
            ],
            "apiVersions": [
              "2023-01-02",
              "2022-07-02",
              "2022-03-02",
              "2021-12-01",
              "2021-08-01",
              "2021-04-01",
              "2020-12-01",
              "2020-09-30",
              "2020-06-30",
              "2020-05-01",
              "2019-11-01",
              "2019-07-01",
              "2019-03-01",
              "2018-09-30",
              "2018-06-01",
              "2018-04-01",
              "2017-03-30",
              "2016-04-30-preview"
            ],
            "apiProfiles": [
              {
                "profileVersion": "2018-03-01-hybrid",
                "apiVersion": "2017-03-30"
              },
              {
                "profileVersion": "2018-06-01-profile",
                "apiVersion": "2018-04-01"
              }
            ],
            "capabilities": "None"
          },
          {
            "resourceType": "diskEncryptionSets",
            "locations": [
              "Southeast Asia",
              "East US 2",
              "Central US",
              "West Europe",
              "East US",
              "North Central US",
              "South Central US",
              "West US",
              "North Europe",
              "East Asia",
              "Brazil South",
              "West US 2",
              "West Central US",
              "UK West",
              "UK South",
              "Japan East",
              "Japan West",
              "Canada Central",
              "Canada East",
              "Central India",
              "South India",
              "Australia East",
              "Australia Southeast",
              "Korea Central",
              "Korea South",
              "West India",
              "France Central",
              "South Africa North",
              "UAE North",
              "Australia Central",
              "Switzerland North",
              "Germany West Central",
              "Norway East",
              "Jio India West",
              "West US 3",
              "Sweden Central",
              "Qatar Central",
              "Poland Central",
              "East US 2 EUAP",
              "Central US EUAP",
              "France South",
              "Australia Central 2",
              "South Africa West",
              "UAE Central",
              "Switzerland West",
              "Germany North",
              "Norway West",
              "Brazil Southeast",
              "East US SLV",
              "Jio India Central",
              "Sweden South",
              "Israel Central",
              "Malaysia South",
              "Italy North",
              "Taiwan North",
              "Taiwan NorthWest",
              "Mexico Central",
              "East US STG",
              "South Central US STG"
            ],
            "apiVersions": [
              "2023-01-02",
              "2022-07-02",
              "2022-03-02",
              "2021-12-01",
              "2021-08-01",
              "2021-04-01",
              "2020-12-01",
              "2020-09-30",
              "2020-06-30",
              "2020-05-01",
              "2019-11-01",
              "2019-07-01"
            ],
            "defaultApiVersion": "2022-03-02",
            "capabilities": "SupportsTags, SupportsLocation"
          },
          {
            "resourceType": "diskAccesses",
            "locations": [
              "Southeast Asia",
              "East US 2",
              "Central US",
              "West Europe",
              "East US",
              "North Central US",
              "South Central US",
              "West US",
              "North Europe",
              "East Asia",
              "Brazil South",
              "West US 2",
              "West Central US",
              "UK West",
              "UK South",
              "Japan East",
              "Japan West",
              "Canada Central",
              "Canada East",
              "Central India",
              "South India",
              "Australia East",
              "Australia Southeast",
              "Korea Central",
              "Korea South",
              "West India",
              "France Central",
              "South Africa North",
              "UAE North",
              "Australia Central",
              "Switzerland North",
              "Germany West Central",
              "Norway East",
              "Jio India West",
              "West US 3",
              "Sweden Central",
              "Qatar Central",
              "Poland Central",
              "East US 2 EUAP",
              "Central US EUAP",
              "France South",
              "Australia Central 2",
              "South Africa West",
              "UAE Central",
              "Switzerland West",
              "Germany North",
              "Norway West",
              "Brazil Southeast",
              "East US SLV",
              "Jio India Central",
              "Sweden South",
              "Israel Central",
              "Malaysia South",
              "Italy North",
              "Taiwan North",
              "Taiwan NorthWest",
              "Mexico Central",
              "East US STG",
              "South Central US STG"
            ],
            "apiVersions": [
              "2023-01-02",
              "2022-07-02",
              "2022-03-02",
              "2021-12-01",
              "2021-08-01",
              "2021-04-01",
              "2020-12-01",
              "2020-09-30",
              "2020-06-30",
              "2020-05-01"
            ],
            "defaultApiVersion": "2022-03-02",
            "capabilities": "SupportsTags, SupportsLocation"
          },
          {
            "resourceType": "restorePointCollections/restorePoints/diskRestorePoints",
            "locations": [
              "West US",
              "East US 2 EUAP",
              "Central US EUAP",
              "Southeast Asia",
              "East US 2",
              "Central US",
              "West Europe",
              "East US",
              "North Central US",
              "South Central US",
              "North Europe",
              "East Asia",
              "Brazil South",
              "West US 2",
              "West Central US",
              "UK West",
              "UK South",
              "Japan East",
              "Japan West",
              "Canada Central",
              "Canada East",
              "Central India",
              "South India",
              "Australia East",
              "Australia Southeast",
              "Korea Central",
              "Korea South",
              "West India",
              "France Central",
              "South Africa North",
              "UAE North",
              "Australia Central",
              "Switzerland North",
              "Germany West Central",
              "Norway East",
              "Jio India West",
              "West US 3",
              "Sweden Central",
              "Qatar Central",
              "Poland Central",
              "France South",
              "Australia Central 2",
              "South Africa West",
              "UAE Central",
              "Switzerland West",
              "Germany North",
              "Norway West",
              "Brazil Southeast",
              "East US SLV",
              "Jio India Central",
              "Sweden South",
              "Israel Central",
              "Malaysia South",
              "Italy North",
              "Taiwan North",
              "Taiwan NorthWest",
              "Mexico Central",
              "East US STG",
              "South Central US STG"
            ],
            "apiVersions": [
              "2023-01-02",
              "2022-07-02",
              "2022-03-02",
              "2021-12-01",
              "2021-08-01",
              "2021-04-01",
              "2020-12-01",
              "2020-09-30"
            ],
            "defaultApiVersion": "2022-03-02",
            "capabilities": "None"
          },
          {
            "resourceType": "locations/vsmoperations",
            "locations": [
              "Southeast Asia",
              "East US 2",
              "Central US",
              "West Europe",
              "East US",
              "North Central US",
              "South Central US",
              "West US",
              "North Europe",
              "East Asia",
              "Brazil South",
              "West US 2",
              "West Central US",
              "UK West",
              "UK South",
              "Japan East",
              "Japan West",
              "Canada Central",
              "Canada East",
              "Central India",
              "South India",
              "Australia East",
              "Australia Southeast",
              "Korea Central",
              "Korea South",
              "West India",
              "France Central",
              "South Africa North",
              "UAE North",
              "Australia Central",
              "Switzerland North",
              "Germany West Central",
              "Norway East",
              "Jio India West",
              "West US 3",
              "Sweden Central",
              "Qatar Central",
              "Poland Central",
              "East US 2 EUAP",
              "Central US EUAP",
              "France South",
              "Australia Central 2",
              "South Africa West",
              "UAE Central",
              "Switzerland West",
              "Germany North",
              "Norway West",
              "Brazil Southeast",
              "East US SLV",
              "Jio India Central",
              "Sweden South",
              "Israel Central",
              "Malaysia South",
              "Italy North",
              "Taiwan North",
              "Taiwan NorthWest",
              "Mexico Central",
              "East US STG",
              "South Central US STG"
            ],
            "apiVersions": [
              "2020-06-01",
              "2019-12-01",
              "2019-07-01",
              "2019-03-01",
              "2018-10-01",
              "2018-06-01",
              "2018-04-01",
              "2017-12-01",
              "2017-03-30",
              "2016-08-30",
              "2016-04-30-preview",
              "2016-03-30",
              "2015-06-15",
              "2015-05-01-preview"
            ],
            "capabilities": "None"
          },
          {
            "resourceType": "cloudServices",
            "locations": [
              "Southeast Asia",
              "East US 2",
              "Central US",
              "West Europe",
              "East US",
              "North Central US",
              "South Central US",
              "West US",
              "North Europe",
              "East Asia",
              "Brazil South",
              "West US 2",
              "West Central US",
              "UK West",
              "UK South",
              "Japan East",
              "Japan West",
              "Canada Central",
              "Canada East",
              "Central India",
              "South India",
              "Australia East",
              "Australia Southeast",
              "Korea Central",
              "Korea South",
              "West India",
              "France Central",
              "South Africa North",
              "UAE North",
              "Australia Central",
              "Switzerland North",
              "Germany West Central",
              "Norway East",
              "Jio India West",
              "West US 3",
              "Sweden Central",
              "Qatar Central",
              "Poland Central",
              "France South",
              "Australia Central 2",
              "South Africa West",
              "UAE Central",
              "Switzerland West",
              "Germany North",
              "Norway West",
              "Brazil Southeast",
              "East US SLV",
              "Jio India Central",
              "Sweden South",
              "Israel Central",
              "Malaysia South",
              "Italy North",
              "Taiwan North",
              "Taiwan NorthWest",
              "Mexico Central",
              "East US STG",
              "South Central US STG",
              "East US 2 EUAP",
              "Central US EUAP"
            ],
            "apiVersions": [
              "2022-09-04",
              "2022-04-04",
              "2021-03-01",
              "2020-10-01-preview"
            ],
            "defaultApiVersion": "2021-03-01",
            "zoneMappings": [],
            "capabilities": "SupportsTags, SupportsLocation"
          },
          {
            "resourceType": "cloudServices/roles",
            "locations": [
              "Southeast Asia",
              "East US 2",
              "Central US",
              "West Europe",
              "East US",
              "North Central US",
              "South Central US",
              "West US",
              "North Europe",
              "East Asia",
              "Brazil South",
              "West US 2",
              "West Central US",
              "UK West",
              "UK South",
              "Japan East",
              "Japan West",
              "Canada Central",
              "Canada East",
              "Central India",
              "South India",
              "Australia East",
              "Australia Southeast",
              "Korea Central",
              "Korea South",
              "West India",
              "France Central",
              "South Africa North",
              "UAE North",
              "Australia Central",
              "Switzerland North",
              "Germany West Central",
              "Norway East",
              "Jio India West",
              "West US 3",
              "Sweden Central",
              "Qatar Central",
              "Poland Central",
              "East US 2 EUAP",
              "Central US EUAP",
              "France South",
              "Australia Central 2",
              "South Africa West",
              "UAE Central",
              "Switzerland West",
              "Germany North",
              "Norway West",
              "Brazil Southeast",
              "East US SLV",
              "Jio India Central",
              "Sweden South",
              "Israel Central",
              "Malaysia South",
              "Italy North",
              "Taiwan North",
              "Taiwan NorthWest",
              "Mexico Central",
              "East US STG",
              "South Central US STG"
            ],
            "apiVersions": [
              "2022-09-04",
              "2022-04-04",
              "2021-03-01",
              "2020-10-01-preview"
            ],
            "defaultApiVersion": "2021-03-01",
            "capabilities": "None"
          },
          {
            "resourceType": "cloudServices/roleInstances",
            "locations": [
              "Southeast Asia",
              "East US 2",
              "Central US",
              "West Europe",
              "East US",
              "North Central US",
              "South Central US",
              "West US",
              "North Europe",
              "East Asia",
              "Brazil South",
              "West US 2",
              "West Central US",
              "UK West",
              "UK South",
              "Japan East",
              "Japan West",
              "Canada Central",
              "Canada East",
              "Central India",
              "South India",
              "Australia East",
              "Australia Southeast",
              "Korea Central",
              "Korea South",
              "West India",
              "France Central",
              "South Africa North",
              "UAE North",
              "Australia Central",
              "Switzerland North",
              "Germany West Central",
              "Norway East",
              "Jio India West",
              "West US 3",
              "Sweden Central",
              "Qatar Central",
              "Poland Central",
              "East US 2 EUAP",
              "Central US EUAP",
              "France South",
              "Australia Central 2",
              "South Africa West",
              "UAE Central",
              "Switzerland West",
              "Germany North",
              "Norway West",
              "Brazil Southeast",
              "East US SLV",
              "Jio India Central",
              "Sweden South",
              "Israel Central",
              "Malaysia South",
              "Italy North",
              "Taiwan North",
              "Taiwan NorthWest",
              "Mexico Central",
              "East US STG",
              "South Central US STG"
            ],
            "apiVersions": [
              "2022-09-04",
              "2022-04-04",
              "2021-03-01",
              "2020-10-01-preview"
            ],
            "defaultApiVersion": "2021-03-01",
            "capabilities": "None"
          },
          {
            "resourceType": "locations/csoperations",
            "locations": [
              "Southeast Asia",
              "East US 2",
              "Central US",
              "West Europe",
              "East US",
              "North Central US",
              "South Central US",
              "West US",
              "North Europe",
              "East Asia",
              "Brazil South",
              "West US 2",
              "West Central US",
              "UK West",
              "UK South",
              "Japan East",
              "Japan West",
              "Canada Central",
              "Canada East",
              "Central India",
              "South India",
              "Australia East",
              "Australia Southeast",
              "Korea Central",
              "Korea South",
              "West India",
              "France Central",
              "South Africa North",
              "UAE North",
              "Australia Central",
              "Switzerland North",
              "Germany West Central",
              "Norway East",
              "Jio India West",
              "West US 3",
              "Sweden Central",
              "Qatar Central",
              "Poland Central",
              "East US 2 EUAP",
              "Central US EUAP",
              "France South",
              "Australia Central 2",
              "South Africa West",
              "UAE Central",
              "Switzerland West",
              "Germany North",
              "Norway West",
              "Brazil Southeast",
              "East US SLV",
              "Jio India Central",
              "Sweden South",
              "Israel Central",
              "Malaysia South",
              "Italy North",
              "Taiwan North",
              "Taiwan NorthWest",
              "Mexico Central",
              "East US STG",
              "South Central US STG"
            ],
            "apiVersions": [
              "2022-09-04",
              "2022-04-04",
              "2021-03-01",
              "2020-10-01-preview"
            ],
            "capabilities": "None"
          },
          {
            "resourceType": "locations/cloudServiceOsVersions",
            "locations": [
              "Southeast Asia",
              "East US 2",
              "Central US",
              "West Europe",
              "East US",
              "North Central US",
              "South Central US",
              "West US",
              "North Europe",
              "East Asia",
              "Brazil South",
              "West US 2",
              "West Central US",
              "UK West",
              "UK South",
              "Japan East",
              "Japan West",
              "Canada Central",
              "Canada East",
              "Central India",
              "South India",
              "Australia East",
              "Australia Southeast",
              "Korea Central",
              "Korea South",
              "West India",
              "France Central",
              "South Africa North",
              "UAE North",
              "Australia Central",
              "Switzerland North",
              "Germany West Central",
              "Norway East",
              "Jio India West",
              "West US 3",
              "Sweden Central",
              "Qatar Central",
              "Poland Central",
              "East US 2 EUAP",
              "Central US EUAP",
              "France South",
              "Australia Central 2",
              "South Africa West",
              "UAE Central",
              "Switzerland West",
              "Germany North",
              "Norway West",
              "Brazil Southeast",
              "East US SLV",
              "Jio India Central",
              "Sweden South",
              "Israel Central",
              "Malaysia South",
              "Italy North",
              "Taiwan North",
              "Taiwan NorthWest",
              "Mexico Central",
              "East US STG",
              "South Central US STG"
            ],
            "apiVersions": [
              "2022-09-04",
              "2022-04-04",
              "2021-03-01"
            ],
            "defaultApiVersion": "2021-03-01",
            "capabilities": "None"
          },
          {
            "resourceType": "locations/cloudServiceOsFamilies",
            "locations": [
              "Southeast Asia",
              "East US 2",
              "Central US",
              "West Europe",
              "East US",
              "North Central US",
              "South Central US",
              "West US",
              "North Europe",
              "East Asia",
              "Brazil South",
              "West US 2",
              "West Central US",
              "UK West",
              "UK South",
              "Japan East",
              "Japan West",
              "Canada Central",
              "Canada East",
              "Central India",
              "South India",
              "Australia East",
              "Australia Southeast",
              "Korea Central",
              "Korea South",
              "West India",
              "France Central",
              "South Africa North",
              "UAE North",
              "Australia Central",
              "Switzerland North",
              "Germany West Central",
              "Norway East",
              "Jio India West",
              "West US 3",
              "Sweden Central",
              "Qatar Central",
              "Poland Central",
              "East US 2 EUAP",
              "Central US EUAP",
              "France South",
              "Australia Central 2",
              "South Africa West",
              "UAE Central",
              "Switzerland West",
              "Germany North",
              "Norway West",
              "Brazil Southeast",
              "East US SLV",
              "Jio India Central",
              "Sweden South",
              "Israel Central",
              "Malaysia South",
              "Italy North",
              "Taiwan North",
              "Taiwan NorthWest",
              "Mexico Central",
              "East US STG",
              "South Central US STG"
            ],
            "apiVersions": [
              "2022-09-04",
              "2022-04-04",
              "2021-03-01"
            ],
            "defaultApiVersion": "2021-03-01",
            "capabilities": "None"
          },
          {
            "resourceType": "cloudServices/networkInterfaces",
            "locations": [
              "Southeast Asia",
              "East US 2",
              "Central US",
              "West Europe",
              "East US",
              "North Central US",
              "South Central US",
              "West US",
              "North Europe",
              "East Asia",
              "Brazil South",
              "West US 2",
              "West Central US",
              "UK West",
              "UK South",
              "Japan East",
              "Japan West",
              "Canada Central",
              "Canada East",
              "Central India",
              "South India",
              "Australia East",
              "Australia Southeast",
              "Korea Central",
              "Korea South",
              "West India",
              "France Central",
              "South Africa North",
              "UAE North",
              "Australia Central",
              "Switzerland North",
              "Germany West Central",
              "Norway East",
              "Jio India West",
              "West US 3",
              "Sweden Central",
              "Qatar Central",
              "Poland Central",
              "East US 2 EUAP",
              "Central US EUAP",
              "France South",
              "Australia Central 2",
              "South Africa West",
              "UAE Central",
              "Switzerland West",
              "Germany North",
              "Norway West",
              "Brazil Southeast",
              "East US SLV",
              "Jio India Central",
              "Sweden South",
              "Israel Central",
              "Malaysia South",
              "Italy North",
              "Taiwan North",
              "Taiwan NorthWest",
              "Mexico Central",
              "East US STG",
              "South Central US STG"
            ],
            "apiVersions": [
              "2021-03-01",
              "2020-10-01-preview"
            ],
            "capabilities": "None"
          },
          {
            "resourceType": "cloudServices/roleInstances/networkInterfaces",
            "locations": [
              "Southeast Asia",
              "East US 2",
              "Central US",
              "West Europe",
              "East US",
              "North Central US",
              "South Central US",
              "West US",
              "North Europe",
              "East Asia",
              "Brazil South",
              "West US 2",
              "West Central US",
              "UK West",
              "UK South",
              "Japan East",
              "Japan West",
              "Canada Central",
              "Canada East",
              "Central India",
              "South India",
              "Australia East",
              "Australia Southeast",
              "Korea Central",
              "Korea South",
              "West India",
              "France Central",
              "South Africa North",
              "UAE North",
              "Australia Central",
              "Switzerland North",
              "Germany West Central",
              "Norway East",
              "Jio India West",
              "West US 3",
              "Sweden Central",
              "Qatar Central",
              "Poland Central",
              "East US 2 EUAP",
              "Central US EUAP",
              "France South",
              "Australia Central 2",
              "South Africa West",
              "UAE Central",
              "Switzerland West",
              "Germany North",
              "Norway West",
              "Brazil Southeast",
              "East US SLV",
              "Jio India Central",
              "Sweden South",
              "Israel Central",
              "Malaysia South",
              "Italy North",
              "Taiwan North",
              "Taiwan NorthWest",
              "Mexico Central",
              "East US STG",
              "South Central US STG"
            ],
            "apiVersions": [
              "2021-03-01",
              "2020-10-01-preview"
            ],
            "capabilities": "None"
          },
          {
            "resourceType": "cloudServices/publicIPAddresses",
            "locations": [
              "Southeast Asia",
              "East US 2",
              "Central US",
              "West Europe",
              "East US",
              "North Central US",
              "South Central US",
              "West US",
              "North Europe",
              "East Asia",
              "Brazil South",
              "West US 2",
              "West Central US",
              "UK West",
              "UK South",
              "Japan East",
              "Japan West",
              "Canada Central",
              "Canada East",
              "Central India",
              "South India",
              "Australia East",
              "Australia Southeast",
              "Korea Central",
              "Korea South",
              "West India",
              "France Central",
              "South Africa North",
              "UAE North",
              "Australia Central",
              "Switzerland North",
              "Germany West Central",
              "Norway East",
              "Jio India West",
              "West US 3",
              "Sweden Central",
              "Qatar Central",
              "Poland Central",
              "East US 2 EUAP",
              "Central US EUAP",
              "France South",
              "Australia Central 2",
              "South Africa West",
              "UAE Central",
              "Switzerland West",
              "Germany North",
              "Norway West",
              "Brazil Southeast",
              "East US SLV",
              "Jio India Central",
              "Sweden South",
              "Israel Central",
              "Malaysia South",
              "Italy North",
              "Taiwan North",
              "Taiwan NorthWest",
              "Mexico Central",
              "East US STG",
              "South Central US STG"
            ],
            "apiVersions": [
              "2021-03-01",
              "2020-10-01-preview"
            ],
            "capabilities": "None"
          },
          {
            "resourceType": "locations/usages",
            "locations": [
              "East US",
              "East US 2",
              "West US",
              "Central US",
              "North Central US",
              "South Central US",
              "North Europe",
              "West Europe",
              "East Asia",
              "Southeast Asia",
              "Japan East",
              "Japan West",
              "Australia East",
              "Australia Southeast",
              "Australia Central",
              "Brazil South",
              "South India",
              "Central India",
              "West India",
              "Canada Central",
              "Canada East",
              "West US 2",
              "West Central US",
              "UK South",
              "UK West",
              "Korea Central",
              "Korea South",
              "France Central",
              "South Africa North",
              "UAE North",
              "Switzerland North",
              "Germany West Central",
              "Norway East",
              "Jio India West",
              "West US 3",
              "Sweden Central",
              "Qatar Central",
              "Poland Central",
              "East US 2 EUAP",
              "Central US EUAP",
              "South Central US STG",
              "France South",
              "Australia Central 2",
              "South Africa West",
              "UAE Central",
              "Switzerland West",
              "Germany North",
              "Norway West",
              "Brazil Southeast",
              "East US SLV",
              "Jio India Central",
              "Sweden South",
              "Israel Central",
              "Malaysia South",
              "Italy North",
              "Taiwan North",
              "Taiwan NorthWest",
              "Mexico Central",
              "East US STG"
            ],
            "apiVersions": [
              "2023-03-01",
              "2022-11-01",
              "2022-08-01",
              "2022-03-01",
              "2021-11-01",
              "2021-07-01",
              "2021-04-01",
              "2021-03-01",
              "2020-12-01",
              "2020-06-01",
              "2019-12-01",
              "2019-07-01",
              "2019-03-01",
              "2018-10-01",
              "2018-06-01",
              "2018-04-01",
              "2017-12-01",
              "2017-03-30",
              "2016-08-30",
              "2016-04-30-preview",
              "2016-03-30",
              "2015-06-15",
              "2015-05-01-preview"
            ],
            "defaultApiVersion": "2022-03-01",
            "apiProfiles": [
              {
                "profileVersion": "2017-03-09-profile",
                "apiVersion": "2016-03-30"
              },
              {
                "profileVersion": "2018-03-01-hybrid",
                "apiVersion": "2017-03-30"
              },
              {
                "profileVersion": "2018-06-01-profile",
                "apiVersion": "2017-12-01"
              },
              {
                "profileVersion": "2019-03-01-hybrid",
                "apiVersion": "2017-12-01"
              },
              {
                "profileVersion": "2020-09-01-hybrid",
                "apiVersion": "2020-06-01"
              }
            ],
            "capabilities": "None"
          },
          {
            "resourceType": "images",
            "locations": [
              "Southeast Asia",
              "East US 2",
              "Central US",
              "West Europe",
              "East US",
              "North Central US",
              "South Central US",
              "West US",
              "North Europe",
              "East Asia",
              "Brazil South",
              "West US 2",
              "West Central US",
              "UK West",
              "UK South",
              "Japan East",
              "Japan West",
              "Canada Central",
              "Canada East",
              "Central India",
              "South India",
              "Australia East",
              "Australia Southeast",
              "Korea Central",
              "Korea South",
              "West India",
              "France Central",
              "South Africa North",
              "UAE North",
              "Australia Central",
              "Switzerland North",
              "Germany West Central",
              "Norway East",
              "Jio India West",
              "West US 3",
              "Sweden Central",
              "Qatar Central",
              "Poland Central",
              "France South",
              "Australia Central 2",
              "South Africa West",
              "UAE Central",
              "Switzerland West",
              "Germany North",
              "Norway West",
              "Brazil Southeast",
              "East US SLV",
              "Jio India Central",
              "Sweden South",
              "Israel Central",
              "Malaysia South",
              "Italy North",
              "Taiwan North",
              "Taiwan NorthWest",
              "Mexico Central",
              "East US STG",
              "South Central US STG",
              "East US 2 EUAP",
              "Central US EUAP"
            ],
            "apiVersions": [
              "2023-03-01",
              "2022-11-01",
              "2022-08-01",
              "2022-03-01",
              "2021-11-01",
              "2021-07-01",
              "2021-04-01",
              "2021-03-01",
              "2020-12-01",
              "2020-06-01",
              "2019-12-01",
              "2019-07-01",
              "2019-03-01",
              "2018-10-01",
              "2018-06-01",
              "2018-04-01",
              "2017-12-01",
              "2017-03-30",
              "2016-08-30",
              "2016-04-30-preview"
            ],
            "defaultApiVersion": "2022-03-01",
            "apiProfiles": [
              {
                "profileVersion": "2018-03-01-hybrid",
                "apiVersion": "2017-03-30"
              },
              {
                "profileVersion": "2018-06-01-profile",
                "apiVersion": "2018-04-01"
              }
            ],
            "capabilities": "SupportsTags, SupportsLocation"
          },
          {
            "resourceType": "locations/diagnostics",
            "locations": [
              "West Central US",
              "Southeast Asia",
              "East US 2",
              "East US",
              "South Central US",
              "West Europe",
              "North Europe",
              "West US 2",
              "UK South",
              "Australia East",
              "East US 2 EUAP",
              "Central US EUAP",
              "South India",
              "Central India",
              "West India",
              "Korea Central",
              "Korea South",
              "Jio India West",
              "Japan West",
              "Japan East",
              "East Asia",
              "Canada Central",
              "Canada East",
              "South Africa North",
              "Central US",
              "West US 3",
              "West US",
              "UK West",
              "France Central",
              "UAE North",
              "Australia Central",
              "Australia Southeast",
              "Switzerland North",
              "Germany West Central",
              "Norway East",
              "North Central US",
              "Brazil South",
              "France South",
              "UAE Central",
              "Australia Central 2",
              "South Africa West",
              "Brazil Southeast",
              "Jio India Central",
              "Switzerland West",
              "Germany North",
              "Norway West",
              "Sweden Central",
              "Sweden South",
              "Qatar Central",
              "East US STG",
              "South Central US STG"
            ],
            "apiVersions": [
              "2021-06-01-preview"
            ],
            "defaultApiVersion": "2021-06-01-preview",
            "capabilities": "None"
          },
          {
            "resourceType": "locations/diagnosticOperations",
            "locations": [
              "West Central US",
              "Southeast Asia",
              "East US 2",
              "East US",
              "South Central US",
              "West Europe",
              "North Europe",
              "West US 2",
              "UK South",
              "Australia East",
              "East US 2 EUAP",
              "Central US EUAP",
              "South India",
              "Central India",
              "West India",
              "Korea Central",
              "Korea South",
              "Jio India West",
              "Japan West",
              "Japan East",
              "East Asia",
              "Canada Central",
              "Canada East",
              "South Africa North",
              "Central US",
              "West US 3",
              "West US",
              "UK West",
              "France Central",
              "UAE North",
              "Australia Central",
              "Australia Southeast",
              "Switzerland North",
              "Germany West Central",
              "Norway East",
              "North Central US",
              "Brazil South",
              "France South",
              "UAE Central",
              "Australia Central 2",
              "South Africa West",
              "Brazil Southeast",
              "Jio India Central",
              "Switzerland West",
              "Germany North",
              "Norway West",
              "Sweden Central",
              "Sweden South",
              "Qatar Central",
              "East US STG",
              "South Central US STG"
            ],
            "apiVersions": [
              "2021-06-01-preview"
            ],
            "defaultApiVersion": "2021-06-01-preview",
            "capabilities": "None"
          },
          {
            "resourceType": "locations/logAnalytics",
            "locations": [
              "East US",
              "East US 2",
              "West US",
              "Central US",
              "North Central US",
              "South Central US",
              "North Europe",
              "West Europe",
              "East Asia",
              "Southeast Asia",
              "Japan East",
              "Japan West",
              "Australia East",
              "Australia Southeast",
              "Australia Central",
              "Brazil South",
              "South India",
              "Central India",
              "West India",
              "Canada Central",
              "Canada East",
              "West US 2",
              "West Central US",
              "UK South",
              "UK West",
              "Korea Central",
              "Korea South",
              "France Central",
              "South Africa North",
              "UAE North",
              "Switzerland North",
              "Germany West Central",
              "Norway East",
              "Jio India West",
              "West US 3",
              "Sweden Central",
              "Qatar Central",
              "Poland Central",
              "France South",
              "Australia Central 2",
              "South Africa West",
              "UAE Central",
              "Switzerland West",
              "Germany North",
              "Norway West",
              "Brazil Southeast",
              "East US SLV",
              "Jio India Central",
              "Sweden South",
              "Israel Central",
              "Malaysia South",
              "Italy North",
              "Taiwan North",
              "Taiwan NorthWest",
              "Mexico Central",
              "East US STG",
              "South Central US STG",
              "East US 2 EUAP",
              "Central US EUAP"
            ],
            "apiVersions": [
              "2023-03-01",
              "2022-11-01",
              "2022-08-01",
              "2022-03-01",
              "2021-11-01",
              "2021-07-01",
              "2021-04-01",
              "2021-03-01",
              "2020-12-01",
              "2020-06-01",
              "2019-12-01",
              "2019-07-01",
              "2019-03-01",
              "2018-10-01",
              "2018-06-01",
              "2018-04-01",
              "2017-12-01"
            ],
            "capabilities": "None"
          },
          {
            "resourceType": "hostGroups",
            "locations": [
              "Central US",
              "East US 2",
              "West Europe",
              "Southeast Asia",
              "France Central",
              "North Europe",
              "West US 2",
              "East US 2 EUAP",
              "East US",
              "UK South",
              "Japan East",
              "Japan West",
              "East Asia",
              "Central US EUAP",
              "North Central US",
              "South Central US",
              "Canada East",
              "Korea Central",
              "Brazil South",
              "UK West",
              "Canada Central",
              "West US",
              "West Central US",
              "Central India",
              "South India",
              "Australia Southeast",
              "Korea South",
              "West India",
              "South Africa North",
              "UAE North",
              "Australia Central",
              "Switzerland North",
              "Germany West Central",
              "Norway East",
              "Australia East",
              "Jio India West",
              "West US 3",
              "Sweden Central",
              "Qatar Central",
              "Poland Central",
              "France South",
              "Australia Central 2",
              "South Africa West",
              "UAE Central",
              "Switzerland West",
              "Germany North",
              "Norway West",
              "Brazil Southeast",
              "East US SLV",
              "Jio India Central",
              "Sweden South",
              "Israel Central",
              "Malaysia South",
              "Italy North",
              "Taiwan North",
              "Taiwan NorthWest",
              "Mexico Central",
              "East US STG",
              "South Central US STG"
            ],
            "apiVersions": [
              "2023-03-01",
              "2022-11-01",
              "2022-08-01",
              "2022-03-01",
              "2021-11-01",
              "2021-07-01",
              "2021-04-01",
              "2021-03-01",
              "2020-12-01",
              "2020-06-01",
              "2019-12-01",
              "2019-07-01",
              "2019-03-01",
              "2018-10-01"
            ],
            "defaultApiVersion": "2022-03-01",
            "zoneMappings": [],
            "capabilities": "SupportsTags, SupportsLocation"
          },
          {
            "resourceType": "hostGroups/hosts",
            "locations": [
              "Central US",
              "East US 2",
              "West Europe",
              "Southeast Asia",
              "France Central",
              "North Europe",
              "West US 2",
              "East US 2 EUAP",
              "East US",
              "UK South",
              "Japan East",
              "Japan West",
              "East Asia",
              "Central US EUAP",
              "North Central US",
              "South Central US",
              "Canada East",
              "Korea Central",
              "Brazil South",
              "UK West",
              "Canada Central",
              "West US",
              "West Central US",
              "Central India",
              "South India",
              "Australia Southeast",
              "Korea South",
              "West India",
              "South Africa North",
              "UAE North",
              "Australia Central",
              "Switzerland North",
              "Germany West Central",
              "Norway East",
              "Australia East",
              "Jio India West",
              "West US 3",
              "Sweden Central",
              "Qatar Central",
              "Poland Central",
              "France South",
              "Australia Central 2",
              "South Africa West",
              "UAE Central",
              "Switzerland West",
              "Germany North",
              "Norway West",
              "Brazil Southeast",
              "East US SLV",
              "Jio India Central",
              "Sweden South",
              "Israel Central",
              "Malaysia South",
              "Italy North",
              "Taiwan North",
              "Taiwan NorthWest",
              "Mexico Central",
              "East US STG",
              "South Central US STG"
            ],
            "apiVersions": [
              "2023-03-01",
              "2022-11-01",
              "2022-08-01",
              "2022-03-01",
              "2021-11-01",
              "2021-07-01",
              "2021-04-01",
              "2021-03-01",
              "2020-12-01",
              "2020-06-01",
              "2019-12-01",
              "2019-07-01",
              "2019-03-01",
              "2018-10-01"
            ],
            "defaultApiVersion": "2022-03-01",
            "zoneMappings": [],
            "capabilities": "SupportsTags, SupportsLocation"
          }
        ]
      }
    }
  ],
  "Variables": {
    "AZURE_AUTHORITY_HOST": "https://login.microsoftonline.com",
    "RandomSeed": "1370327504",
    "RESOURCE_MANAGER_URL": null,
    "SUBSCRIPTION_ID": "e37510d7-33b6-4676-886f-ee75bcc01871"
  }
}
