{
  "Entries": [
    {
      "RequestUri": "https://management.azure.com/subscriptions/db1ab6f0-4769-4b27-930e-01e2ef9c123c?api-version=2021-01-01",
      "RequestMethod": "GET",
      "RequestHeaders": {
        "Accept": "application/json",
        "Authorization": "Sanitized",
        "traceparent": "00-9ab6f3ed8e633d94a3be559d7e2e709d-2d1818dd38c2c744-00",
        "User-Agent": "azsdk-net-ResourceManager/1.3.2 (.NET 6.0.11; Microsoft Windows 10.0.22621)",
        "x-ms-client-request-id": "9a16fe26285622f0a997b4ef40d7b03d",
        "x-ms-return-client-request-id": "true"
      },
      "RequestBody": null,
      "StatusCode": 200,
      "ResponseHeaders": {
        "Cache-Control": "no-cache",
        "Content-Length": "748",
        "Content-Type": "application/json; charset=utf-8",
        "Date": "Mon, 21 Nov 2022 08:37:26 GMT",
        "Expires": "-1",
        "Pragma": "no-cache",
        "Strict-Transport-Security": "max-age=31536000; includeSubDomains",
        "X-Content-Type-Options": "nosniff",
        "x-ms-correlation-request-id": "da6404dd-905e-4370-b766-853fcaaf6d13",
        "x-ms-ratelimit-remaining-subscription-reads": "11968",
        "x-ms-request-id": "da6404dd-905e-4370-b766-853fcaaf6d13",
        "x-ms-routing-request-id": "SOUTHEASTASIA:20221121T083726Z:da6404dd-905e-4370-b766-853fcaaf6d13"
      },
      "ResponseBody": {
        "id": "/subscriptions/db1ab6f0-4769-4b27-930e-01e2ef9c123c",
        "authorizationSource": "RoleBased",
        "managedByTenants": [],
        "tags": {
          "TagKey-9823": "TagValue-1254",
          "TagKey-3481": "TagValue-320",
          "TagKey-4926": "TagValue-1187",
          "TagKey-751": "TagValue-3921",
          "TagKey-1866": "TagValue-8559",
          "TagKey-3094": "TagValue-9190",
          "TagKey-2449": "TagValue-9",
          "TagKey-8379": "TagValue-164",
          "TagKey-7470": "TagValue-2205",
          "TagKey-4236": "TagValue-3698",
          "TagKey-5316": "TagValue-2725"
        },
        "subscriptionId": "db1ab6f0-4769-4b27-930e-01e2ef9c123c",
        "tenantId": "72f988bf-86f1-41af-91ab-2d7cd011db47",
        "displayName": ".NET Mgmt SDK Test with TTL = 1 Day",
        "state": "Enabled",
        "subscriptionPolicies": {
          "locationPlacementId": "Internal_2014-09-01",
          "quotaId": "Internal_2014-09-01",
          "spendingLimit": "Off"
        }
      }
    },
    {
      "RequestUri": "https://management.azure.com/subscriptions/db1ab6f0-4769-4b27-930e-01e2ef9c123c/resourcegroups/testRG-7228?api-version=**",
      "RequestMethod": "PUT",
      "RequestHeaders": {
        "Accept": "application/json",
        "Authorization": "Sanitized",
        "Content-Length": "43",
        "Content-Type": "application/json",
        "traceparent": "00-996c2fc58e93553ffa21785d0827d3af-1c1d7790bfdde289-00",
        "User-Agent": "azsdk-net-ResourceManager/1.3.2 (.NET 6.0.11; Microsoft Windows 10.0.22621)",
        "x-ms-client-request-id": "76b24fc6344289bb41c2c0077ac3b763",
        "x-ms-return-client-request-id": "true"
      },
      "RequestBody": {
        "tags": {
          "test": "env"
        },
        "location": "eastus"
      },
      "StatusCode": 201,
      "ResponseHeaders": {
        "Cache-Control": "no-cache",
        "Content-Length": "241",
        "Content-Type": "application/json; charset=utf-8",
        "Date": "Mon, 21 Nov 2022 08:37:27 GMT",
        "Expires": "-1",
        "Pragma": "no-cache",
        "Strict-Transport-Security": "max-age=31536000; includeSubDomains",
        "X-Content-Type-Options": "nosniff",
        "x-ms-correlation-request-id": "b545c6f5-81e1-4196-ae02-2fa36e333556",
        "x-ms-ratelimit-remaining-subscription-writes": "1128",
        "x-ms-request-id": "b545c6f5-81e1-4196-ae02-2fa36e333556",
        "x-ms-routing-request-id": "SOUTHEASTASIA:20221121T083727Z:b545c6f5-81e1-4196-ae02-2fa36e333556"
      },
      "ResponseBody": {
        "id": "/subscriptions/db1ab6f0-4769-4b27-930e-01e2ef9c123c/resourceGroups/testRG-7228",
        "name": "testRG-7228",
        "type": "Microsoft.Resources/resourceGroups",
        "location": "eastus",
        "tags": {
          "test": "env"
        },
        "properties": {
          "provisioningState": "Succeeded"
        }
      }
    },
    {
      "RequestUri": "https://management.azure.com/subscriptions/db1ab6f0-4769-4b27-930e-01e2ef9c123c/resourceGroups/testRG-7228/providers/Microsoft.Compute/availabilitySets/testAS-7714?api-version=2021-04-01",
      "RequestMethod": "PUT",
      "RequestHeaders": {
        "Accept": "application/json",
        "Authorization": "Sanitized",
        "Content-Length": "60",
        "Content-Type": "application/json",
        "traceparent": "00-42d1d0f91440935989b43130e62016a4-0819b7df97f941a3-00",
        "User-Agent": "azsdk-net-ResourceManager.Compute/1.1.0-alpha.20221121.1 (.NET 6.0.11; Microsoft Windows 10.0.22621)",
        "x-ms-client-request-id": "76d78c6baf877ba713e91bc44c52a654",
        "x-ms-return-client-request-id": "true"
      },
      "RequestBody": {
        "tags": {
          "key": "value"
        },
        "location": "eastus",
        "properties": {}
      },
      "StatusCode": 200,
      "ResponseHeaders": {
        "Cache-Control": "no-cache",
        "Content-Length": "428",
        "Content-Type": "application/json; charset=utf-8",
        "Date": "Mon, 21 Nov 2022 08:37:30 GMT",
        "Expires": "-1",
        "Pragma": "no-cache",
        "Server": [
          "Microsoft-HTTPAPI/2.0",
          "Microsoft-HTTPAPI/2.0"
        ],
        "Strict-Transport-Security": "max-age=31536000; includeSubDomains",
        "X-Content-Type-Options": "nosniff",
        "x-ms-client-request-id": "76d78c6baf877ba713e91bc44c52a654",
        "x-ms-correlation-request-id": "7ab5b99d-4cbb-4301-b80f-0601d0c4a4d6",
        "x-ms-ratelimit-remaining-resource": "Microsoft.Compute/PutVM3Min;201,Microsoft.Compute/PutVM30Min;1153",
        "x-ms-ratelimit-remaining-subscription-writes": "1127",
        "x-ms-request-id": "e02573a7-4eac-4214-9fbd-c4f547a6fbaf",
        "x-ms-routing-request-id": "SOUTHEASTASIA:20221121T083730Z:7ab5b99d-4cbb-4301-b80f-0601d0c4a4d6"
      },
      "ResponseBody": {
        "name": "testAS-7714",
        "id": "/subscriptions/db1ab6f0-4769-4b27-930e-01e2ef9c123c/resourceGroups/testRG-7228/providers/Microsoft.Compute/availabilitySets/testAS-7714",
        "type": "Microsoft.Compute/availabilitySets",
        "location": "eastus",
        "tags": {
          "key": "value"
        },
        "properties": {
          "platformUpdateDomainCount": 5,
          "platformFaultDomainCount": 3
        },
        "sku": {
          "name": "Classic"
        }
      }
    },
    {
      "RequestUri": "https://management.azure.com/subscriptions/db1ab6f0-4769-4b27-930e-01e2ef9c123c/resourceGroups/testRG-7228/providers/Microsoft.Compute/availabilitySets/testAS-7714?api-version=2021-04-01",
      "RequestMethod": "DELETE",
      "RequestHeaders": {
        "Accept": "application/json",
        "Authorization": "Sanitized",
        "traceparent": "00-69539716b637ea104d22b5fcb289350a-c3b6c61bc0a51afb-00",
        "User-Agent": "azsdk-net-ResourceManager.Compute/1.1.0-alpha.20221121.1 (.NET 6.0.11; Microsoft Windows 10.0.22621)",
        "x-ms-client-request-id": "4bbdb628b0dee2bbdecce72d62a11cf1",
        "x-ms-return-client-request-id": "true"
      },
      "RequestBody": null,
      "StatusCode": 200,
      "ResponseHeaders": {
        "Cache-Control": "no-cache",
        "Content-Length": "0",
        "Date": "Mon, 21 Nov 2022 08:37:35 GMT",
        "Expires": "-1",
        "Pragma": "no-cache",
        "Server": [
          "Microsoft-HTTPAPI/2.0",
          "Microsoft-HTTPAPI/2.0"
        ],
        "Strict-Transport-Security": "max-age=31536000; includeSubDomains",
        "X-Content-Type-Options": "nosniff",
        "x-ms-client-request-id": "4bbdb628b0dee2bbdecce72d62a11cf1",
        "x-ms-correlation-request-id": "fea9ed32-2ba5-4c7a-b682-6864fedb94d2",
        "x-ms-ratelimit-remaining-resource": "Microsoft.Compute/DeleteVM3Min;220,Microsoft.Compute/DeleteVM30Min;1177",
        "x-ms-ratelimit-remaining-subscription-deletes": "14998",
        "x-ms-request-id": "fb4f6399-2372-46cc-a86c-8e40e81e9dcd",
        "x-ms-routing-request-id": "SOUTHEASTASIA:20221121T083736Z:fea9ed32-2ba5-4c7a-b682-6864fedb94d2"
      },
      "ResponseBody": null
    }
  ],
  "Variables": {
    "AZURE_AUTHORITY_HOST": "https://login.microsoftonline.com/",
    "RandomSeed": "898159247",
    "RESOURCE_MANAGER_URL": null,
    "SUBSCRIPTION_ID": "db1ab6f0-4769-4b27-930e-01e2ef9c123c"
  }
}
