{
  "Entries": [
    {
      "RequestUri": "https://management.azure.com/subscriptions/db1ab6f0-4769-4b27-930e-01e2ef9c123c?api-version=2021-01-01",
      "RequestMethod": "GET",
      "RequestHeaders": {
        "Accept": "application/json",
        "Authorization": "Sanitized",
        "traceparent": "00-8572518d5660721ff095cdc757b2d34c-3d3e41edd9084b14-00",
        "User-Agent": "azsdk-net-ResourceManager/1.2.0 (.NET 6.0.7; Microsoft Windows 10.0.17763)",
        "x-ms-client-request-id": "622dcccc565d3e7e45aa754f57d8b31d",
        "x-ms-return-client-request-id": "true"
      },
      "RequestBody": null,
      "StatusCode": 200,
      "ResponseHeaders": {
        "Cache-Control": "no-cache",
        "Content-Length": "747",
        "Content-Type": "application/json; charset=utf-8",
        "Date": "Wed, 27 Jul 2022 00:45:00 GMT",
        "Expires": "-1",
        "Pragma": "no-cache",
        "Strict-Transport-Security": "max-age=31536000; includeSubDomains",
        "X-Content-Type-Options": "nosniff",
        "x-ms-correlation-request-id": "ecb192fd-ed10-43e3-893f-4e148b34a965",
        "x-ms-ratelimit-remaining-subscription-reads": "11978",
        "x-ms-request-id": "ecb192fd-ed10-43e3-893f-4e148b34a965",
        "x-ms-routing-request-id": "WESTCENTRALUS:20220727T004500Z:ecb192fd-ed10-43e3-893f-4e148b34a965"
      },
      "ResponseBody": {
        "id": "/subscriptions/db1ab6f0-4769-4b27-930e-01e2ef9c123c",
        "authorizationSource": "RoleBased",
        "managedByTenants": [],
        "tags": {
          "TagKey-9823": "TagValue-566",
          "TagKey-3481": "TagValue-320",
          "TagKey-4926": "TagValue-1187",
          "TagKey-751": "TagValue-3921",
          "TagKey-1866": "TagValue-8559",
          "TagKey-3094": "TagValue-9190",
          "TagKey-2449": "TagValue-9",
          "TagKey-8379": "TagValue-164",
          "TagKey-7470": "TagValue-2205",
          "TagKey-4236": "TagValue-3698",
          "TagKey-5316": "TagValue-2725"
        },
        "subscriptionId": "db1ab6f0-4769-4b27-930e-01e2ef9c123c",
        "tenantId": "72f988bf-86f1-41af-91ab-2d7cd011db47",
        "displayName": ".NET Mgmt SDK Test with TTL = 1 Day",
        "state": "Enabled",
        "subscriptionPolicies": {
          "locationPlacementId": "Internal_2014-09-01",
          "quotaId": "Internal_2014-09-01",
          "spendingLimit": "Off"
        }
      }
    },
    {
      "RequestUri": "https://management.azure.com/subscriptions/db1ab6f0-4769-4b27-930e-01e2ef9c123c/resourcegroups/testRG-154?api-version=**",
      "RequestMethod": "PUT",
      "RequestHeaders": {
        "Accept": "application/json",
        "Authorization": "Sanitized",
        "Content-Length": "43",
        "Content-Type": "application/json",
        "traceparent": "00-984a877d5a074b4c28be7dc3d9f5f798-5e7aed4700800f6e-00",
        "User-Agent": "azsdk-net-ResourceManager/1.2.0 (.NET 6.0.7; Microsoft Windows 10.0.17763)",
        "x-ms-client-request-id": "e9832714eaf38248651de0d0f619414e",
        "x-ms-return-client-request-id": "true"
      },
      "RequestBody": {
        "tags": {
          "test": "env"
        },
        "location": "eastus"
      },
      "StatusCode": 201,
      "ResponseHeaders": {
        "Cache-Control": "no-cache",
        "Content-Length": "239",
        "Content-Type": "application/json; charset=utf-8",
        "Date": "Wed, 27 Jul 2022 00:45:01 GMT",
        "Expires": "-1",
        "Pragma": "no-cache",
        "Strict-Transport-Security": "max-age=31536000; includeSubDomains",
        "X-Content-Type-Options": "nosniff",
        "x-ms-correlation-request-id": "44831dbb-e129-40a9-a171-39cd270f1345",
        "x-ms-ratelimit-remaining-subscription-writes": "1124",
        "x-ms-request-id": "44831dbb-e129-40a9-a171-39cd270f1345",
        "x-ms-routing-request-id": "WESTCENTRALUS:20220727T004501Z:44831dbb-e129-40a9-a171-39cd270f1345"
      },
      "ResponseBody": {
        "id": "/subscriptions/db1ab6f0-4769-4b27-930e-01e2ef9c123c/resourceGroups/testRG-154",
        "name": "testRG-154",
        "type": "Microsoft.Resources/resourceGroups",
        "location": "eastus",
        "tags": {
          "test": "env"
        },
        "properties": {
          "provisioningState": "Succeeded"
        }
      }
    },
    {
      "RequestUri": "https://management.azure.com/subscriptions/db1ab6f0-4769-4b27-930e-01e2ef9c123c/resourceGroups/testRG-154/providers/Microsoft.Compute/availabilitySets/testAS-176?api-version=2021-04-01",
      "RequestMethod": "PUT",
      "RequestHeaders": {
        "Accept": "application/json",
        "Authorization": "Sanitized",
        "Content-Length": "60",
        "Content-Type": "application/json",
        "traceparent": "00-2a1a9d0b1ae7af4ea0331bc51666d214-09e196bd728e3ec9-00",
        "User-Agent": "azsdk-net-ResourceManager.Compute/1.1.0-alpha.20220726.1 (.NET 6.0.7; Microsoft Windows 10.0.17763)",
        "x-ms-client-request-id": "78257242cc82773492183e36f221e471",
        "x-ms-return-client-request-id": "true"
      },
      "RequestBody": {
        "tags": {
          "key": "value"
        },
        "location": "eastus",
        "properties": {}
      },
      "StatusCode": 200,
      "ResponseHeaders": {
        "Cache-Control": "no-cache",
        "Content-Length": "425",
        "Content-Type": "application/json; charset=utf-8",
        "Date": "Wed, 27 Jul 2022 00:45:02 GMT",
        "Expires": "-1",
        "Pragma": "no-cache",
        "Server": [
          "Microsoft-HTTPAPI/2.0",
          "Microsoft-HTTPAPI/2.0"
        ],
        "Strict-Transport-Security": "max-age=31536000; includeSubDomains",
        "X-Content-Type-Options": "nosniff",
        "x-ms-client-request-id": "78257242cc82773492183e36f221e471",
        "x-ms-correlation-request-id": "4d697801-037b-435d-af27-a671747b5ea8",
        "x-ms-ratelimit-remaining-resource": "Microsoft.Compute/PutVM3Min;190,Microsoft.Compute/PutVM30Min;1150",
        "x-ms-ratelimit-remaining-subscription-writes": "1123",
        "x-ms-request-id": "54e2ac3d-2a1a-402d-b340-15c51c8b5453",
        "x-ms-routing-request-id": "WESTCENTRALUS:20220727T004502Z:4d697801-037b-435d-af27-a671747b5ea8"
      },
      "ResponseBody": {
        "name": "testAS-176",
        "id": "/subscriptions/db1ab6f0-4769-4b27-930e-01e2ef9c123c/resourceGroups/testRG-154/providers/Microsoft.Compute/availabilitySets/testAS-176",
        "type": "Microsoft.Compute/availabilitySets",
        "location": "eastus",
        "tags": {
          "key": "value"
        },
        "properties": {
          "platformUpdateDomainCount": 5,
          "platformFaultDomainCount": 3
        },
        "sku": {
          "name": "Classic"
        }
      }
    },
    {
      "RequestUri": "https://management.azure.com/subscriptions/db1ab6f0-4769-4b27-930e-01e2ef9c123c/resourceGroups/testRG-154/providers/Microsoft.Compute/availabilitySets/testAS-176?api-version=2021-04-01",
      "RequestMethod": "GET",
      "RequestHeaders": {
        "Accept": "application/json",
        "Authorization": "Sanitized",
        "traceparent": "00-882fb34de7a889b200b02184a355fd80-0ced03b4e2adfa46-00",
        "User-Agent": "azsdk-net-ResourceManager.Compute/1.1.0-alpha.20220726.1 (.NET 6.0.7; Microsoft Windows 10.0.17763)",
        "x-ms-client-request-id": "18de40c4e2e943d919daf1605e75b35b",
        "x-ms-return-client-request-id": "true"
      },
      "RequestBody": null,
      "StatusCode": 200,
      "ResponseHeaders": {
        "Cache-Control": "no-cache",
        "Content-Length": "453",
        "Content-Type": "application/json; charset=utf-8",
        "Date": "Wed, 27 Jul 2022 00:45:02 GMT",
        "Expires": "-1",
        "Pragma": "no-cache",
        "Server": [
          "Microsoft-HTTPAPI/2.0",
          "Microsoft-HTTPAPI/2.0"
        ],
        "Strict-Transport-Security": "max-age=31536000; includeSubDomains",
        "X-Content-Type-Options": "nosniff",
        "x-ms-client-request-id": "18de40c4e2e943d919daf1605e75b35b",
        "x-ms-correlation-request-id": "6da4c967-eef6-47f4-b4b4-108cdb681957",
        "x-ms-ratelimit-remaining-resource": "Microsoft.Compute/LowCostGet3Min;3968,Microsoft.Compute/LowCostGet30Min;31809",
        "x-ms-ratelimit-remaining-subscription-reads": "11977",
        "x-ms-request-id": "82b569c9-1e0c-4c9f-be22-a9b2382c4565",
        "x-ms-routing-request-id": "WESTCENTRALUS:20220727T004503Z:6da4c967-eef6-47f4-b4b4-108cdb681957"
      },
      "ResponseBody": {
        "name": "testAS-176",
        "id": "/subscriptions/db1ab6f0-4769-4b27-930e-01e2ef9c123c/resourceGroups/testRG-154/providers/Microsoft.Compute/availabilitySets/testAS-176",
        "type": "Microsoft.Compute/availabilitySets",
        "location": "eastus",
        "tags": {
          "key": "value"
        },
        "properties": {
          "platformUpdateDomainCount": 5,
          "platformFaultDomainCount": 3,
          "virtualMachines": []
        },
        "sku": {
          "name": "Classic"
        }
      }
    }
  ],
  "Variables": {
    "AZURE_AUTHORITY_HOST": "https://login.microsoftonline.com",
    "RandomSeed": "799261874",
    "RESOURCE_MANAGER_URL": null,
    "SUBSCRIPTION_ID": "db1ab6f0-4769-4b27-930e-01e2ef9c123c"
  }
}
