{
  "Entries": [
    {
      "RequestUri": "/subscriptions/21abd678-18c5-4660-9fdd-8c5ba6b6fe1f/providers/Microsoft.Batch?api-version=2017-05-10",
      "EncodedRequestUri": "L3N1YnNjcmlwdGlvbnMvMjFhYmQ2NzgtMThjNS00NjYwLTlmZGQtOGM1YmE2YjZmZTFmL3Byb3ZpZGVycy9NaWNyb3NvZnQuQmF0Y2g/YXBpLXZlcnNpb249MjAxNy0wNS0xMA==",
      "RequestMethod": "GET",
      "RequestBody": "",
      "RequestHeaders": {
        "x-ms-client-request-id": [
          "e34ea06f-8584-4a9b-8ac6-673a8e938a49"
        ],
        "accept-language": [
          "en-US"
        ],
        "User-Agent": [
          "FxVersion/4.6.26614.01",
          "OSName/Windows",
          "OSVersion/Microsoft.Windows.10.0.18363.",
          "Microsoft.Azure.Management.ResourceManager.ResourceManagementClient/1.6.0.0"
        ]
      },
      "ResponseHeaders": {
        "Cache-Control": [
          "no-cache"
        ],
        "Date": [
          "Fri, 29 May 2020 16:24:03 GMT"
        ],
        "Pragma": [
          "no-cache"
        ],
        "x-ms-ratelimit-remaining-subscription-reads": [
          "11999"
        ],
        "x-ms-request-id": [
          "c8be4868-be00-42da-bed6-10f5b3afd354"
        ],
        "x-ms-correlation-request-id": [
          "c8be4868-be00-42da-bed6-10f5b3afd354"
        ],
        "x-ms-routing-request-id": [
          "WESTUS:20200529T162404Z:c8be4868-be00-42da-bed6-10f5b3afd354"
        ],
        "Strict-Transport-Security": [
          "max-age=31536000; includeSubDomains"
        ],
        "X-Content-Type-Options": [
          "nosniff"
        ],
        "Content-Length": [
          "4871"
        ],
        "Content-Type": [
          "application/json; charset=utf-8"
        ],
        "Expires": [
          "-1"
        ]
      },
      "ResponseBody": "{\r\n  \"id\": \"/subscriptions/21abd678-18c5-4660-9fdd-8c5ba6b6fe1f/providers/Microsoft.Batch\",\r\n  \"namespace\": \"Microsoft.Batch\",\r\n  \"authorization\": {\r\n    \"applicationId\": \"ddbf3205-c6bd-46ae-8127-60eb93363864\",\r\n    \"roleDefinitionId\": \"b7f84953-1d03-4eab-9ea4-45f065258ff8\"\r\n  },\r\n  \"resourceTypes\": [\r\n    {\r\n      \"resourceType\": \"batchAccounts\",\r\n      \"locations\": [\r\n        \"West Europe\",\r\n        \"East US\",\r\n        \"East US 2\",\r\n        \"West US\",\r\n        \"North Central US\",\r\n        \"Brazil South\",\r\n        \"North Europe\",\r\n        \"Central US\",\r\n        \"East Asia\",\r\n        \"Japan East\",\r\n        \"Australia Southeast\",\r\n        \"Japan West\",\r\n        \"Korea South\",\r\n        \"Korea Central\",\r\n        \"Southeast Asia\",\r\n        \"South Central US\",\r\n        \"Australia East\",\r\n        \"South India\",\r\n        \"Central India\",\r\n        \"West India\",\r\n        \"Canada Central\",\r\n        \"Canada East\",\r\n        \"UK South\",\r\n        \"UK West\",\r\n        \"West Central US\",\r\n        \"West US 2\",\r\n        \"France Central\",\r\n        \"South Africa North\",\r\n        \"UAE North\",\r\n        \"Australia Central\",\r\n        \"Germany West Central\",\r\n        \"Switzerland North\",\r\n        \"Norway East\",\r\n        \"East US 2 EUAP\",\r\n        \"Central US EUAP\"\r\n      ],\r\n      \"apiVersions\": [\r\n        \"2020-05-01\",\r\n        \"2020-03-01-preview\",\r\n        \"2020-03-01\",\r\n        \"2019-08-01\",\r\n        \"2019-04-01\",\r\n        \"2018-12-01\",\r\n        \"2017-09-01\",\r\n        \"2017-05-01\",\r\n        \"2017-01-01\",\r\n        \"2015-12-01\",\r\n        \"2015-09-01\",\r\n        \"2015-07-01\",\r\n        \"2014-05-01-privatepreview\"\r\n      ],\r\n      \"apiProfiles\": [\r\n        {\r\n          \"profileVersion\": \"2018-06-01-profile\",\r\n          \"apiVersion\": \"2017-09-01\"\r\n        }\r\n      ],\r\n      \"capabilities\": \"CrossResourceGroupResourceMove, CrossSubscriptionResourceMove, SystemAssignedResourceIdentity\"\r\n    },\r\n    {\r\n      \"resourceType\": \"operations\",\r\n      \"locations\": [\r\n        \"West Europe\",\r\n        \"East US\",\r\n        \"East US 2\",\r\n        \"West US\",\r\n        \"North Central US\",\r\n        \"Brazil South\",\r\n        \"North Europe\",\r\n        \"Central US\",\r\n        \"East Asia\",\r\n        \"Japan East\",\r\n        \"Australia Southeast\",\r\n        \"Japan West\",\r\n        \"Korea South\",\r\n        \"Korea Central\",\r\n        \"Southeast Asia\",\r\n        \"South Central US\",\r\n        \"Australia East\",\r\n        \"South India\",\r\n        \"Central India\",\r\n        \"West India\",\r\n        \"Canada Central\",\r\n        \"Canada East\",\r\n        \"UK South\",\r\n        \"UK West\",\r\n        \"West Central US\",\r\n        \"West US 2\",\r\n        \"France Central\",\r\n        \"South Africa North\",\r\n        \"UAE North\",\r\n        \"Australia Central\",\r\n        \"Germany West Central\",\r\n        \"Switzerland North\",\r\n        \"Norway East\",\r\n        \"East US 2 EUAP\",\r\n        \"Central US EUAP\"\r\n      ],\r\n      \"apiVersions\": [\r\n        \"2020-05-01\",\r\n        \"2020-03-01-preview\",\r\n        \"2020-03-01\",\r\n        \"2019-08-01\",\r\n        \"2019-04-01\",\r\n        \"2018-12-01\",\r\n        \"2017-09-01\",\r\n        \"2017-05-01\",\r\n        \"2017-01-01\",\r\n        \"2015-12-01\",\r\n        \"2015-09-01\"\r\n      ],\r\n      \"apiProfiles\": [\r\n        {\r\n          \"profileVersion\": \"2018-06-01-profile\",\r\n          \"apiVersion\": \"2017-09-01\"\r\n        }\r\n      ]\r\n    },\r\n    {\r\n      \"resourceType\": \"locations\",\r\n      \"locations\": [],\r\n      \"apiVersions\": [\r\n        \"2020-05-01\",\r\n        \"2020-03-01-preview\",\r\n        \"2020-03-01\",\r\n        \"2019-08-01\",\r\n        \"2019-04-01\",\r\n        \"2018-12-01\",\r\n        \"2017-09-01\",\r\n        \"2017-05-01\",\r\n        \"2017-01-01\",\r\n        \"2015-12-01\",\r\n        \"2015-09-01\"\r\n      ],\r\n      \"apiProfiles\": [\r\n        {\r\n          \"profileVersion\": \"2018-06-01-profile\",\r\n          \"apiVersion\": \"2017-09-01\"\r\n        }\r\n      ]\r\n    },\r\n    {\r\n      \"resourceType\": \"locations/quotas\",\r\n      \"locations\": [\r\n        \"West Europe\",\r\n        \"East US\",\r\n        \"East US 2\",\r\n        \"West US\",\r\n        \"North Central US\",\r\n        \"Brazil South\",\r\n        \"North Europe\",\r\n        \"Central US\",\r\n        \"East Asia\",\r\n        \"Japan East\",\r\n        \"Australia Southeast\",\r\n        \"Japan West\",\r\n        \"Korea South\",\r\n        \"Korea Central\",\r\n        \"Southeast Asia\",\r\n        \"South Central US\",\r\n        \"Australia East\",\r\n        \"South India\",\r\n        \"Central India\",\r\n        \"West India\",\r\n        \"Canada Central\",\r\n        \"Canada East\",\r\n        \"UK South\",\r\n        \"UK West\",\r\n        \"West Central US\",\r\n        \"West US 2\",\r\n        \"France Central\",\r\n        \"South Africa North\",\r\n        \"UAE North\",\r\n        \"Australia Central\",\r\n        \"Germany West Central\",\r\n        \"Switzerland North\",\r\n        \"Norway East\",\r\n        \"East US 2 EUAP\",\r\n        \"Central US EUAP\"\r\n      ],\r\n      \"apiVersions\": [\r\n        \"2020-05-01\",\r\n        \"2020-03-01-preview\",\r\n        \"2020-03-01\",\r\n        \"2019-08-01\",\r\n        \"2019-04-01\",\r\n        \"2018-12-01\",\r\n        \"2017-09-01\",\r\n        \"2017-05-01\",\r\n        \"2017-01-01\",\r\n        \"2015-12-01\",\r\n        \"2015-09-01\"\r\n      ],\r\n      \"apiProfiles\": [\r\n        {\r\n          \"profileVersion\": \"2018-06-01-profile\",\r\n          \"apiVersion\": \"2017-09-01\"\r\n        }\r\n      ]\r\n    },\r\n    {\r\n      \"resourceType\": \"locations/checkNameAvailability\",\r\n      \"locations\": [\r\n        \"West Europe\",\r\n        \"East US\",\r\n        \"East US 2\",\r\n        \"West US\",\r\n        \"North Central US\",\r\n        \"Brazil South\",\r\n        \"North Europe\",\r\n        \"Central US\",\r\n        \"East Asia\",\r\n        \"Japan East\",\r\n        \"Australia Southeast\",\r\n        \"Japan West\",\r\n        \"Korea South\",\r\n        \"Korea Central\",\r\n        \"Southeast Asia\",\r\n        \"South Central US\",\r\n        \"Australia East\",\r\n        \"South India\",\r\n        \"Central India\",\r\n        \"West India\",\r\n        \"Canada Central\",\r\n        \"Canada East\",\r\n        \"UK South\",\r\n        \"UK West\",\r\n        \"West Central US\",\r\n        \"West US 2\",\r\n        \"France Central\",\r\n        \"South Africa North\",\r\n        \"UAE North\",\r\n        \"Australia Central\",\r\n        \"Germany West Central\",\r\n        \"Switzerland North\",\r\n        \"Norway East\",\r\n        \"East US 2 EUAP\",\r\n        \"Central US EUAP\"\r\n      ],\r\n      \"apiVersions\": [\r\n        \"2020-05-01\",\r\n        \"2020-03-01-preview\",\r\n        \"2020-03-01\",\r\n        \"2019-08-01\",\r\n        \"2019-04-01\",\r\n        \"2018-12-01\",\r\n        \"2017-09-01\",\r\n        \"2017-05-01\"\r\n      ],\r\n      \"apiProfiles\": [\r\n        {\r\n          \"profileVersion\": \"2018-06-01-profile\",\r\n          \"apiVersion\": \"2017-09-01\"\r\n        }\r\n      ]\r\n    },\r\n    {\r\n      \"resourceType\": \"locations/accountOperationResults\",\r\n      \"locations\": [\r\n        \"West Europe\",\r\n        \"East US\",\r\n        \"East US 2\",\r\n        \"West US\",\r\n        \"North Central US\",\r\n        \"Brazil South\",\r\n        \"North Europe\",\r\n        \"Central US\",\r\n        \"East Asia\",\r\n        \"Japan East\",\r\n        \"Australia Southeast\",\r\n        \"Japan West\",\r\n        \"Korea South\",\r\n        \"Korea Central\",\r\n        \"Southeast Asia\",\r\n        \"South Central US\",\r\n        \"Australia East\",\r\n        \"South India\",\r\n        \"Central India\",\r\n        \"West India\",\r\n        \"Canada Central\",\r\n        \"Canada East\",\r\n        \"UK South\",\r\n        \"UK West\",\r\n        \"West Central US\",\r\n        \"West US 2\",\r\n        \"France Central\",\r\n        \"South Africa North\",\r\n        \"UAE North\",\r\n        \"Australia Central\",\r\n        \"Germany West Central\",\r\n        \"Switzerland North\",\r\n        \"Norway East\",\r\n        \"East US 2 EUAP\",\r\n        \"Central US EUAP\"\r\n      ],\r\n      \"apiVersions\": [\r\n        \"2020-05-01\",\r\n        \"2020-03-01-preview\",\r\n        \"2020-03-01\",\r\n        \"2019-08-01\",\r\n        \"2019-04-01\",\r\n        \"2018-12-01\",\r\n        \"2017-09-01\",\r\n        \"2017-05-01\",\r\n        \"2017-01-01\",\r\n        \"2015-12-01\",\r\n        \"2015-09-01\",\r\n        \"2015-07-01\",\r\n        \"2014-05-01-privatepreview\"\r\n      ]\r\n    }\r\n  ],\r\n  \"registrationState\": \"Registered\"\r\n}",
      "StatusCode": 200
    },
    {
      "RequestUri": "/subscriptions/21abd678-18c5-4660-9fdd-8c5ba6b6fe1f/resourcegroups/azsmnet6894?api-version=2017-05-10",
      "EncodedRequestUri": "L3N1YnNjcmlwdGlvbnMvMjFhYmQ2NzgtMThjNS00NjYwLTlmZGQtOGM1YmE2YjZmZTFmL3Jlc291cmNlZ3JvdXBzL2F6c21uZXQ2ODk0P2FwaS12ZXJzaW9uPTIwMTctMDUtMTA=",
      "RequestMethod": "PUT",
      "RequestBody": "{\r\n  \"location\": \"East US\"\r\n}",
      "RequestHeaders": {
        "x-ms-client-request-id": [
          "cd788fa0-b482-4c10-a809-e2bd06931694"
        ],
        "accept-language": [
          "en-US"
        ],
        "User-Agent": [
          "FxVersion/4.6.26614.01",
          "OSName/Windows",
          "OSVersion/Microsoft.Windows.10.0.18363.",
          "Microsoft.Azure.Management.ResourceManager.ResourceManagementClient/1.6.0.0"
        ],
        "Content-Type": [
          "application/json; charset=utf-8"
        ],
        "Content-Length": [
          "29"
        ]
      },
      "ResponseHeaders": {
        "Cache-Control": [
          "no-cache"
        ],
        "Date": [
          "Fri, 29 May 2020 16:24:05 GMT"
        ],
        "Pragma": [
          "no-cache"
        ],
        "x-ms-ratelimit-remaining-subscription-writes": [
          "1199"
        ],
        "x-ms-request-id": [
          "ea71c3b8-bbf9-4ec9-a2cd-f7dbbcc7ed2e"
        ],
        "x-ms-correlation-request-id": [
          "ea71c3b8-bbf9-4ec9-a2cd-f7dbbcc7ed2e"
        ],
        "x-ms-routing-request-id": [
          "WESTUS:20200529T162406Z:ea71c3b8-bbf9-4ec9-a2cd-f7dbbcc7ed2e"
        ],
        "Strict-Transport-Security": [
          "max-age=31536000; includeSubDomains"
        ],
        "X-Content-Type-Options": [
          "nosniff"
        ],
        "Content-Length": [
          "175"
        ],
        "Content-Type": [
          "application/json; charset=utf-8"
        ],
        "Expires": [
          "-1"
        ]
      },
      "ResponseBody": "{\r\n  \"id\": \"/subscriptions/21abd678-18c5-4660-9fdd-8c5ba6b6fe1f/resourceGroups/azsmnet6894\",\r\n  \"name\": \"azsmnet6894\",\r\n  \"location\": \"eastus\",\r\n  \"properties\": {\r\n    \"provisioningState\": \"Succeeded\"\r\n  }\r\n}",
      "StatusCode": 201
    },
    {
      "RequestUri": "/subscriptions/21abd678-18c5-4660-9fdd-8c5ba6b6fe1f/resourceGroups/azsmnet6894/providers/Microsoft.Batch/batchAccounts/azsmnet1882?api-version=2020-05-01",
      "EncodedRequestUri": "L3N1YnNjcmlwdGlvbnMvMjFhYmQ2NzgtMThjNS00NjYwLTlmZGQtOGM1YmE2YjZmZTFmL3Jlc291cmNlR3JvdXBzL2F6c21uZXQ2ODk0L3Byb3ZpZGVycy9NaWNyb3NvZnQuQmF0Y2gvYmF0Y2hBY2NvdW50cy9henNtbmV0MTg4Mj9hcGktdmVyc2lvbj0yMDIwLTA1LTAx",
      "RequestMethod": "PUT",
      "RequestBody": "{\r\n  \"location\": \"East US\"\r\n}",
      "RequestHeaders": {
        "x-ms-client-request-id": [
          "510c33df-f922-4441-a7dc-06aaadc93ed8"
        ],
        "accept-language": [
          "en-US"
        ],
        "User-Agent": [
          "FxVersion/4.6.26614.01",
          "OSName/Windows",
          "OSVersion/Microsoft.Windows.10.0.18363.",
          "Microsoft.Azure.Management.Batch.BatchManagementClient/10.0.0.0"
        ],
        "Content-Type": [
          "application/json; charset=utf-8"
        ],
        "Content-Length": [
          "29"
        ]
      },
      "ResponseHeaders": {
        "Cache-Control": [
          "no-cache"
        ],
        "Date": [
          "Fri, 29 May 2020 16:24:09 GMT"
        ],
        "Pragma": [
          "no-cache"
        ],
        "Location": [
          "https://management.azure.com/subscriptions/21abd678-18c5-4660-9fdd-8c5ba6b6fe1f/resourceGroups/azsmnet6894/providers/Microsoft.Batch/batchAccounts/azsmnet1882/operationResults/41ee3a4b-63ef-4ce7-aff5-d25303c0b363?api-version=2020-05-01"
        ],
        "Retry-After": [
          "15"
        ],
        "Server": [
          "Microsoft-HTTPAPI/2.0"
        ],
        "x-ms-request-id": [
          "41ee3a4b-63ef-4ce7-aff5-d25303c0b363"
        ],
        "Strict-Transport-Security": [
          "max-age=31536000; includeSubDomains"
        ],
        "X-Content-Type-Options": [
          "nosniff"
        ],
        "x-ms-ratelimit-remaining-subscription-writes": [
          "1199"
        ],
        "x-ms-correlation-request-id": [
          "63adf9a9-3376-4158-8d65-45134680ec58"
        ],
        "x-ms-routing-request-id": [
          "WESTUS:20200529T162409Z:63adf9a9-3376-4158-8d65-45134680ec58"
        ],
        "Content-Length": [
          "0"
        ],
        "Expires": [
          "-1"
        ]
      },
      "ResponseBody": "",
      "StatusCode": 202
    },
    {
      "RequestUri": "/subscriptions/21abd678-18c5-4660-9fdd-8c5ba6b6fe1f/resourceGroups/azsmnet6894/providers/Microsoft.Batch/batchAccounts/azsmnet1882/operationResults/41ee3a4b-63ef-4ce7-aff5-d25303c0b363?api-version=2020-05-01",
      "EncodedRequestUri": "L3N1YnNjcmlwdGlvbnMvMjFhYmQ2NzgtMThjNS00NjYwLTlmZGQtOGM1YmE2YjZmZTFmL3Jlc291cmNlR3JvdXBzL2F6c21uZXQ2ODk0L3Byb3ZpZGVycy9NaWNyb3NvZnQuQmF0Y2gvYmF0Y2hBY2NvdW50cy9henNtbmV0MTg4Mi9vcGVyYXRpb25SZXN1bHRzLzQxZWUzYTRiLTYzZWYtNGNlNy1hZmY1LWQyNTMwM2MwYjM2Mz9hcGktdmVyc2lvbj0yMDIwLTA1LTAx",
      "RequestMethod": "GET",
      "RequestBody": "",
      "RequestHeaders": {
        "User-Agent": [
          "FxVersion/4.6.26614.01",
          "OSName/Windows",
          "OSVersion/Microsoft.Windows.10.0.18363.",
          "Microsoft.Azure.Management.Batch.BatchManagementClient/10.0.0.0"
        ]
      },
      "ResponseHeaders": {
        "Cache-Control": [
          "no-cache"
        ],
        "Date": [
          "Fri, 29 May 2020 16:24:24 GMT"
        ],
        "Pragma": [
          "no-cache"
        ],
        "ETag": [
          "\"0x8D803ECC085BD16\""
        ],
        "Server": [
          "Microsoft-HTTPAPI/2.0"
        ],
        "x-ms-ratelimit-remaining-subscription-reads": [
          "11999"
        ],
        "x-ms-request-id": [
          "fec49985-c23b-4b0c-80fe-7641b85bcacd"
        ],
        "Strict-Transport-Security": [
          "max-age=31536000; includeSubDomains"
        ],
        "X-Content-Type-Options": [
          "nosniff"
        ],
        "x-ms-correlation-request-id": [
          "359dbd09-441f-459f-ab51-acef96f795b8"
        ],
        "x-ms-routing-request-id": [
          "WESTUS:20200529T162425Z:359dbd09-441f-459f-ab51-acef96f795b8"
        ],
        "Content-Length": [
          "2232"
        ],
        "Content-Type": [
          "application/json; charset=utf-8"
        ],
        "Expires": [
          "-1"
        ],
        "Last-Modified": [
          "Fri, 29 May 2020 16:24:25 GMT"
        ]
      },
      "ResponseBody": "{\r\n  \"id\": \"/subscriptions/21abd678-18c5-4660-9fdd-8c5ba6b6fe1f/resourceGroups/azsmnet6894/providers/Microsoft.Batch/batchAccounts/azsmnet1882\",\r\n  \"name\": \"azsmnet1882\",\r\n  \"type\": \"Microsoft.Batch/batchAccounts\",\r\n  \"location\": \"eastus\",\r\n  \"properties\": {\r\n    \"accountEndpoint\": \"azsmnet1882.pilotprod2.eastus.batch.azure.com\",\r\n    \"provisioningState\": \"Succeeded\",\r\n    \"dedicatedCoreQuota\": 700,\r\n    \"dedicatedCoreQuotaPerVMFamily\": [\r\n      {\r\n        \"name\": \"standardAv2Family\",\r\n        \"coreQuota\": 100\r\n      },\r\n      {\r\n        \"name\": \"standardDv2Family\",\r\n        \"coreQuota\": 100\r\n      },\r\n      {\r\n        \"name\": \"standardDv3Family\",\r\n        \"coreQuota\": 100\r\n      },\r\n      {\r\n        \"name\": \"standardEv3Family\",\r\n        \"coreQuota\": 50\r\n      },\r\n      {\r\n        \"name\": \"standardDSv2Family\",\r\n        \"coreQuota\": 100\r\n      },\r\n      {\r\n        \"name\": \"standardDSv3Family\",\r\n        \"coreQuota\": 100\r\n      },\r\n      {\r\n        \"name\": \"standardESv3Family\",\r\n        \"coreQuota\": 50\r\n      },\r\n      {\r\n        \"name\": \"standardFFamily\",\r\n        \"coreQuota\": 50\r\n      },\r\n      {\r\n        \"name\": \"standardFSFamily\",\r\n        \"coreQuota\": 50\r\n      },\r\n      {\r\n        \"name\": \"standardA0_A7Family\",\r\n        \"coreQuota\": 0\r\n      },\r\n      {\r\n        \"name\": \"standardA8_A11Family\",\r\n        \"coreQuota\": 0\r\n      },\r\n      {\r\n        \"name\": \"standardDFamily\",\r\n        \"coreQuota\": 0\r\n      },\r\n      {\r\n        \"name\": \"standardGFamily\",\r\n        \"coreQuota\": 0\r\n      },\r\n      {\r\n        \"name\": \"basicAFamily\",\r\n        \"coreQuota\": 0\r\n      },\r\n      {\r\n        \"name\": \"standardNVFamily\",\r\n        \"coreQuota\": 0\r\n      },\r\n      {\r\n        \"name\": \"standardNVPromoFamily\",\r\n        \"coreQuota\": 0\r\n      },\r\n      {\r\n        \"name\": \"standardNCFamily\",\r\n        \"coreQuota\": 0\r\n      },\r\n      {\r\n        \"name\": \"standardNCPromoFamily\",\r\n        \"coreQuota\": 0\r\n      },\r\n      {\r\n        \"name\": \"standardHFamily\",\r\n        \"coreQuota\": 0\r\n      },\r\n      {\r\n        \"name\": \"standardHPromoFamily\",\r\n        \"coreQuota\": 0\r\n      },\r\n      {\r\n        \"name\": \"standardMSFamily\",\r\n        \"coreQuota\": 0\r\n      },\r\n      {\r\n        \"name\": \"standardDSFamily\",\r\n        \"coreQuota\": 0\r\n      },\r\n      {\r\n        \"name\": \"standardGSFamily\",\r\n        \"coreQuota\": 0\r\n      },\r\n      {\r\n        \"name\": \"standardLSFamily\",\r\n        \"coreQuota\": 0\r\n      },\r\n      {\r\n        \"name\": \"standardLSv2Family\",\r\n        \"coreQuota\": 0\r\n      },\r\n      {\r\n        \"name\": \"standardNCSv2Family\",\r\n        \"coreQuota\": 0\r\n      },\r\n      {\r\n        \"name\": \"standardNDSFamily\",\r\n        \"coreQuota\": 0\r\n      },\r\n      {\r\n        \"name\": \"standardNCSv3Family\",\r\n        \"coreQuota\": 0\r\n      },\r\n      {\r\n        \"name\": \"standardFSv2Family\",\r\n        \"coreQuota\": 0\r\n      },\r\n      {\r\n        \"name\": \"standardHBSFamily\",\r\n        \"coreQuota\": 0\r\n      },\r\n      {\r\n        \"name\": \"standardHCSFamily\",\r\n        \"coreQuota\": 0\r\n      },\r\n      {\r\n        \"name\": \"standardNVSv3Family\",\r\n        \"coreQuota\": 0\r\n      },\r\n      {\r\n        \"name\": \"standardHBrsv2Family\",\r\n        \"coreQuota\": 0\r\n      },\r\n      {\r\n        \"name\": \"standardDASv4Family\",\r\n        \"coreQuota\": 0\r\n      },\r\n      {\r\n        \"name\": \"standardEAv4Family\",\r\n        \"coreQuota\": 0\r\n      },\r\n      {\r\n        \"name\": \"standardEASv4Family\",\r\n        \"coreQuota\": 0\r\n      }\r\n    ],\r\n    \"dedicatedCoreQuotaPerVMFamilyEnforced\": false,\r\n    \"lowPriorityCoreQuota\": 500,\r\n    \"poolQuota\": 100,\r\n    \"activeJobAndJobScheduleQuota\": 300,\r\n    \"poolAllocationMode\": \"BatchService\",\r\n    \"publicNetworkAccess\": \"Enabled\",\r\n    \"encryption\": {\r\n      \"keySource\": \"Microsoft.Batch\"\r\n    }\r\n  },\r\n  \"identity\": {\r\n    \"type\": \"None\"\r\n  }\r\n}",
      "StatusCode": 200
    },
    {
      "RequestUri": "/subscriptions/21abd678-18c5-4660-9fdd-8c5ba6b6fe1f/resourceGroups/azsmnet6894/providers/Microsoft.Batch/batchAccounts/azsmnet1882/pools/test_paas_pool?api-version=2020-05-01",
      "EncodedRequestUri": "L3N1YnNjcmlwdGlvbnMvMjFhYmQ2NzgtMThjNS00NjYwLTlmZGQtOGM1YmE2YjZmZTFmL3Jlc291cmNlR3JvdXBzL2F6c21uZXQ2ODk0L3Byb3ZpZGVycy9NaWNyb3NvZnQuQmF0Y2gvYmF0Y2hBY2NvdW50cy9henNtbmV0MTg4Mi9wb29scy90ZXN0X3BhYXNfcG9vbD9hcGktdmVyc2lvbj0yMDIwLTA1LTAx",
      "RequestMethod": "PUT",
      "RequestBody": "{\r\n  \"properties\": {\r\n    \"displayName\": \"test_pool\",\r\n    \"vmSize\": \"small\",\r\n    \"deploymentConfiguration\": {\r\n      \"cloudServiceConfiguration\": {\r\n        \"osFamily\": \"5\"\r\n      }\r\n    },\r\n    \"scaleSettings\": {\r\n      \"fixedScale\": {\r\n        \"targetDedicatedNodes\": 0,\r\n        \"targetLowPriorityNodes\": 0\r\n      }\r\n    },\r\n    \"userAccounts\": [\r\n      {\r\n        \"name\": \"username\",\r\n        \"password\": \"randompasswd\"\r\n      }\r\n    ],\r\n    \"startTask\": {\r\n      \"commandLine\": \"cmd.exe /c \\\"echo hello world\\\"\",\r\n      \"resourceFiles\": [\r\n        {\r\n          \"httpUrl\": \"https://blobsource.com\",\r\n          \"filePath\": \"filename.txt\"\r\n        }\r\n      ],\r\n      \"environmentSettings\": [\r\n        {\r\n          \"name\": \"ENV_VAR\",\r\n          \"value\": \"env_value\"\r\n        }\r\n      ],\r\n      \"userIdentity\": {\r\n        \"autoUser\": {\r\n          \"elevationLevel\": \"Admin\"\r\n        }\r\n      }\r\n    }\r\n  }\r\n}",
      "RequestHeaders": {
        "x-ms-client-request-id": [
          "24591f36-978f-4033-8ee1-07c2f4dfd5dd"
        ],
        "accept-language": [
          "en-US"
        ],
        "User-Agent": [
          "FxVersion/4.6.26614.01",
          "OSName/Windows",
          "OSVersion/Microsoft.Windows.10.0.18363.",
          "Microsoft.Azure.Management.Batch.BatchManagementClient/10.0.0.0"
        ],
        "Content-Type": [
          "application/json; charset=utf-8"
        ],
        "Content-Length": [
          "909"
        ]
      },
      "ResponseHeaders": {
        "Cache-Control": [
          "no-cache"
        ],
        "Date": [
          "Fri, 29 May 2020 16:24:25 GMT"
        ],
        "Pragma": [
          "no-cache"
        ],
        "ETag": [
          "W/\"0x8D803ECC0DA798E\""
        ],
        "Server": [
          "Microsoft-HTTPAPI/2.0"
        ],
        "x-ms-ratelimit-remaining-subscription-writes": [
          "1198"
        ],
        "x-ms-request-id": [
          "c6e05d67-eec1-4a29-9df7-41b8840deb3d"
        ],
        "Strict-Transport-Security": [
          "max-age=31536000; includeSubDomains"
        ],
        "X-Content-Type-Options": [
          "nosniff"
        ],
        "x-ms-correlation-request-id": [
          "064c9844-87e1-40b4-8f59-9c213db3100d"
        ],
        "x-ms-routing-request-id": [
          "WESTUS:20200529T162425Z:064c9844-87e1-40b4-8f59-9c213db3100d"
        ],
        "Content-Length": [
          "1551"
        ],
        "Content-Type": [
          "application/json; charset=utf-8"
        ],
        "Expires": [
          "-1"
        ],
        "Last-Modified": [
          "Fri, 29 May 2020 16:24:25 GMT"
        ]
      },
      "ResponseBody": "{\r\n  \"id\": \"/subscriptions/21abd678-18c5-4660-9fdd-8c5ba6b6fe1f/resourceGroups/azsmnet6894/providers/Microsoft.Batch/batchAccounts/azsmnet1882/pools/test_paas_pool\",\r\n  \"name\": \"test_paas_pool\",\r\n  \"type\": \"Microsoft.Batch/batchAccounts/pools\",\r\n  \"etag\": \"W/\\\"0x8D803ECC0DA798E\\\"\",\r\n  \"properties\": {\r\n    \"displayName\": \"test_pool\",\r\n    \"lastModified\": \"2020-05-29T16:24:25.5633806Z\",\r\n    \"creationTime\": \"2020-05-29T16:24:25.5633806Z\",\r\n    \"provisioningState\": \"Succeeded\",\r\n    \"provisioningStateTransitionTime\": \"2020-05-29T16:24:25.5633806Z\",\r\n    \"allocationState\": \"Resizing\",\r\n    \"allocationStateTransitionTime\": \"2020-05-29T16:24:25.5633806Z\",\r\n    \"vmSize\": \"Small\",\r\n    \"interNodeCommunication\": \"Disabled\",\r\n    \"maxTasksPerNode\": 1,\r\n    \"taskSchedulingPolicy\": {\r\n      \"nodeFillType\": \"Spread\"\r\n    },\r\n    \"deploymentConfiguration\": {\r\n      \"cloudServiceConfiguration\": {\r\n        \"osFamily\": \"5\",\r\n        \"osVersion\": \"*\"\r\n      }\r\n    },\r\n    \"scaleSettings\": {\r\n      \"fixedScale\": {\r\n        \"targetDedicatedNodes\": 0,\r\n        \"targetLowPriorityNodes\": 0,\r\n        \"resizeTimeout\": \"PT15M\"\r\n      }\r\n    },\r\n    \"startTask\": {\r\n      \"commandLine\": \"cmd.exe /c \\\"echo hello world\\\"\",\r\n      \"resourceFiles\": [\r\n        {\r\n          \"filePath\": \"filename.txt\",\r\n          \"httpUrl\": \"https://blobsource.com\"\r\n        }\r\n      ],\r\n      \"environmentSettings\": [\r\n        {\r\n          \"name\": \"ENV_VAR\",\r\n          \"value\": \"env_value\"\r\n        }\r\n      ],\r\n      \"userIdentity\": {\r\n        \"autoUser\": {\r\n          \"scope\": \"Pool\",\r\n          \"elevationLevel\": \"Admin\"\r\n        }\r\n      },\r\n      \"maxTaskRetryCount\": 0,\r\n      \"waitForSuccess\": true\r\n    },\r\n    \"userAccounts\": [\r\n      {\r\n        \"name\": \"username\",\r\n        \"elevationLevel\": \"NonAdmin\",\r\n        \"windowsUserConfiguration\": {\r\n          \"loginMode\": \"Interactive\"\r\n        }\r\n      }\r\n    ],\r\n    \"resizeOperationStatus\": {\r\n      \"targetDedicatedNodes\": 0,\r\n      \"nodeDeallocationOption\": \"Requeue\",\r\n      \"resizeTimeout\": \"PT15M\",\r\n      \"startTime\": \"2020-05-29T16:24:25.5633806Z\"\r\n    },\r\n    \"currentDedicatedNodes\": 0,\r\n    \"currentLowPriorityNodes\": 0\r\n  }\r\n}",
      "StatusCode": 200
    },
    {
      "RequestUri": "/subscriptions/21abd678-18c5-4660-9fdd-8c5ba6b6fe1f/resourceGroups/azsmnet6894/providers/Microsoft.Batch/batchAccounts/azsmnet1882/pools/test_iaas_pool?api-version=2020-05-01",
      "EncodedRequestUri": "L3N1YnNjcmlwdGlvbnMvMjFhYmQ2NzgtMThjNS00NjYwLTlmZGQtOGM1YmE2YjZmZTFmL3Jlc291cmNlR3JvdXBzL2F6c21uZXQ2ODk0L3Byb3ZpZGVycy9NaWNyb3NvZnQuQmF0Y2gvYmF0Y2hBY2NvdW50cy9henNtbmV0MTg4Mi9wb29scy90ZXN0X2lhYXNfcG9vbD9hcGktdmVyc2lvbj0yMDIwLTA1LTAx",
      "RequestMethod": "PUT",
      "RequestBody": "{\r\n  \"properties\": {\r\n    \"displayName\": \"test_pool\",\r\n    \"vmSize\": \"Standard_A1\",\r\n    \"deploymentConfiguration\": {\r\n      \"virtualMachineConfiguration\": {\r\n        \"imageReference\": {\r\n          \"publisher\": \"MicrosoftWindowsServer\",\r\n          \"offer\": \"WindowsServer\",\r\n          \"sku\": \"2016-Datacenter-smalldisk\"\r\n        },\r\n        \"nodeAgentSkuId\": \"batch.node.windows amd64\",\r\n        \"windowsConfiguration\": {\r\n          \"enableAutomaticUpdates\": true\r\n        }\r\n      }\r\n    },\r\n    \"scaleSettings\": {\r\n      \"fixedScale\": {\r\n        \"targetDedicatedNodes\": 0,\r\n        \"targetLowPriorityNodes\": 0\r\n      }\r\n    }\r\n  }\r\n}",
      "RequestHeaders": {
        "x-ms-client-request-id": [
          "b9d488f1-33a9-4161-a760-f4414cbb00af"
        ],
        "accept-language": [
          "en-US"
        ],
        "User-Agent": [
          "FxVersion/4.6.26614.01",
          "OSName/Windows",
          "OSVersion/Microsoft.Windows.10.0.18363.",
          "Microsoft.Azure.Management.Batch.BatchManagementClient/10.0.0.0"
        ],
        "Content-Type": [
          "application/json; charset=utf-8"
        ],
        "Content-Length": [
          "635"
        ]
      },
      "ResponseHeaders": {
        "Cache-Control": [
          "no-cache"
        ],
        "Date": [
          "Fri, 29 May 2020 16:24:25 GMT"
        ],
        "Pragma": [
          "no-cache"
        ],
        "ETag": [
          "W/\"0x8D803ECC11BF0CB\""
        ],
        "Server": [
          "Microsoft-HTTPAPI/2.0"
        ],
        "x-ms-ratelimit-remaining-subscription-writes": [
          "1197"
        ],
        "x-ms-request-id": [
          "2ab42853-a5a4-4610-804f-420fea97c458"
        ],
        "Strict-Transport-Security": [
          "max-age=31536000; includeSubDomains"
        ],
        "X-Content-Type-Options": [
          "nosniff"
        ],
        "x-ms-correlation-request-id": [
          "0ccc671f-157c-4ec1-b631-0cd73b4243d0"
        ],
        "x-ms-routing-request-id": [
          "WESTUS:20200529T162426Z:0ccc671f-157c-4ec1-b631-0cd73b4243d0"
        ],
        "Content-Length": [
          "1320"
        ],
        "Content-Type": [
          "application/json; charset=utf-8"
        ],
        "Expires": [
          "-1"
        ],
        "Last-Modified": [
          "Fri, 29 May 2020 16:24:25 GMT"
        ]
      },
      "ResponseBody": "{\r\n  \"id\": \"/subscriptions/21abd678-18c5-4660-9fdd-8c5ba6b6fe1f/resourceGroups/azsmnet6894/providers/Microsoft.Batch/batchAccounts/azsmnet1882/pools/test_iaas_pool\",\r\n  \"name\": \"test_iaas_pool\",\r\n  \"type\": \"Microsoft.Batch/batchAccounts/pools\",\r\n  \"etag\": \"W/\\\"0x8D803ECC11BF0CB\\\"\",\r\n  \"properties\": {\r\n    \"displayName\": \"test_pool\",\r\n    \"lastModified\": \"2020-05-29T16:24:25.9924171Z\",\r\n    \"creationTime\": \"2020-05-29T16:24:25.9924171Z\",\r\n    \"provisioningState\": \"Succeeded\",\r\n    \"provisioningStateTransitionTime\": \"2020-05-29T16:24:25.9924171Z\",\r\n    \"allocationState\": \"Resizing\",\r\n    \"allocationStateTransitionTime\": \"2020-05-29T16:24:25.9924171Z\",\r\n    \"vmSize\": \"STANDARD_A1\",\r\n    \"interNodeCommunication\": \"Disabled\",\r\n    \"maxTasksPerNode\": 1,\r\n    \"taskSchedulingPolicy\": {\r\n      \"nodeFillType\": \"Spread\"\r\n    },\r\n    \"deploymentConfiguration\": {\r\n      \"virtualMachineConfiguration\": {\r\n        \"imageReference\": {\r\n          \"publisher\": \"MicrosoftWindowsServer\",\r\n          \"offer\": \"WindowsServer\",\r\n          \"sku\": \"2016-Datacenter-smalldisk\",\r\n          \"version\": \"latest\"\r\n        },\r\n        \"nodeAgentSkuId\": \"batch.node.windows amd64\",\r\n        \"windowsConfiguration\": {\r\n          \"enableAutomaticUpdates\": true\r\n        }\r\n      }\r\n    },\r\n    \"scaleSettings\": {\r\n      \"fixedScale\": {\r\n        \"targetDedicatedNodes\": 0,\r\n        \"targetLowPriorityNodes\": 0,\r\n        \"resizeTimeout\": \"PT15M\"\r\n      }\r\n    },\r\n    \"resizeOperationStatus\": {\r\n      \"targetDedicatedNodes\": 0,\r\n      \"nodeDeallocationOption\": \"Requeue\",\r\n      \"resizeTimeout\": \"PT15M\",\r\n      \"startTime\": \"2020-05-29T16:24:25.9924171Z\"\r\n    },\r\n    \"currentDedicatedNodes\": 0,\r\n    \"currentLowPriorityNodes\": 0\r\n  }\r\n}",
      "StatusCode": 200
    },
    {
      "RequestUri": "/subscriptions/21abd678-18c5-4660-9fdd-8c5ba6b6fe1f/resourceGroups/azsmnet6894/providers/Microsoft.Batch/batchAccounts/azsmnet1882/pools?api-version=2020-05-01",
      "EncodedRequestUri": "L3N1YnNjcmlwdGlvbnMvMjFhYmQ2NzgtMThjNS00NjYwLTlmZGQtOGM1YmE2YjZmZTFmL3Jlc291cmNlR3JvdXBzL2F6c21uZXQ2ODk0L3Byb3ZpZGVycy9NaWNyb3NvZnQuQmF0Y2gvYmF0Y2hBY2NvdW50cy9henNtbmV0MTg4Mi9wb29scz9hcGktdmVyc2lvbj0yMDIwLTA1LTAx",
      "RequestMethod": "GET",
      "RequestBody": "",
      "RequestHeaders": {
        "x-ms-client-request-id": [
          "f1bdf806-eb0a-4af2-b70b-bcb03dbef503"
        ],
        "accept-language": [
          "en-US"
        ],
        "User-Agent": [
          "FxVersion/4.6.26614.01",
          "OSName/Windows",
          "OSVersion/Microsoft.Windows.10.0.18363.",
          "Microsoft.Azure.Management.Batch.BatchManagementClient/10.0.0.0"
        ]
      },
      "ResponseHeaders": {
        "Cache-Control": [
          "no-cache"
        ],
        "Date": [
          "Fri, 29 May 2020 16:24:25 GMT"
        ],
        "Pragma": [
          "no-cache"
        ],
        "Server": [
          "Microsoft-HTTPAPI/2.0"
        ],
        "x-ms-ratelimit-remaining-subscription-reads": [
          "11998"
        ],
        "x-ms-request-id": [
          "5d8e77f5-c63d-4001-92a8-dd838de2039c"
        ],
        "Strict-Transport-Security": [
          "max-age=31536000; includeSubDomains"
        ],
        "X-Content-Type-Options": [
          "nosniff"
        ],
        "x-ms-correlation-request-id": [
          "cb19d612-6b6d-4341-b126-3dc804d500f5"
        ],
        "x-ms-routing-request-id": [
          "WESTUS:20200529T162426Z:cb19d612-6b6d-4341-b126-3dc804d500f5"
        ],
        "Content-Length": [
          "2884"
        ],
        "Content-Type": [
          "application/json; charset=utf-8"
        ],
        "Expires": [
          "-1"
        ]
      },
      "ResponseBody": "{\r\n  \"value\": [\r\n    {\r\n      \"id\": \"/subscriptions/21abd678-18c5-4660-9fdd-8c5ba6b6fe1f/resourceGroups/azsmnet6894/providers/Microsoft.Batch/batchAccounts/azsmnet1882/pools/test_iaas_pool\",\r\n      \"name\": \"test_iaas_pool\",\r\n      \"type\": \"Microsoft.Batch/batchAccounts/pools\",\r\n      \"etag\": \"W/\\\"0x8D803ECC11BF0CB\\\"\",\r\n      \"properties\": {\r\n        \"displayName\": \"test_pool\",\r\n        \"lastModified\": \"2020-05-29T16:24:25.9924171Z\",\r\n        \"creationTime\": \"2020-05-29T16:24:25.9924171Z\",\r\n        \"provisioningState\": \"Succeeded\",\r\n        \"provisioningStateTransitionTime\": \"2020-05-29T16:24:25.9924171Z\",\r\n        \"allocationState\": \"Resizing\",\r\n        \"allocationStateTransitionTime\": \"2020-05-29T16:24:25.9924171Z\",\r\n        \"vmSize\": \"STANDARD_A1\",\r\n        \"interNodeCommunication\": \"Disabled\",\r\n        \"maxTasksPerNode\": 1,\r\n        \"taskSchedulingPolicy\": {\r\n          \"nodeFillType\": \"Spread\"\r\n        },\r\n        \"deploymentConfiguration\": {\r\n          \"virtualMachineConfiguration\": {\r\n            \"imageReference\": {\r\n              \"publisher\": \"MicrosoftWindowsServer\",\r\n              \"offer\": \"WindowsServer\",\r\n              \"sku\": \"2016-Datacenter-smalldisk\",\r\n              \"version\": \"latest\"\r\n            },\r\n            \"nodeAgentSkuId\": \"batch.node.windows amd64\",\r\n            \"windowsConfiguration\": {\r\n              \"enableAutomaticUpdates\": true\r\n            }\r\n          }\r\n        },\r\n        \"scaleSettings\": {\r\n          \"fixedScale\": {\r\n            \"targetDedicatedNodes\": 0,\r\n            \"targetLowPriorityNodes\": 0,\r\n            \"resizeTimeout\": \"PT15M\"\r\n          }\r\n        },\r\n        \"resizeOperationStatus\": {\r\n          \"targetDedicatedNodes\": 0,\r\n          \"nodeDeallocationOption\": \"Requeue\",\r\n          \"resizeTimeout\": \"PT15M\",\r\n          \"startTime\": \"2020-05-29T16:24:25.9924171Z\"\r\n        },\r\n        \"currentDedicatedNodes\": 0,\r\n        \"currentLowPriorityNodes\": 0\r\n      }\r\n    },\r\n    {\r\n      \"id\": \"/subscriptions/21abd678-18c5-4660-9fdd-8c5ba6b6fe1f/resourceGroups/azsmnet6894/providers/Microsoft.Batch/batchAccounts/azsmnet1882/pools/test_paas_pool\",\r\n      \"name\": \"test_paas_pool\",\r\n      \"type\": \"Microsoft.Batch/batchAccounts/pools\",\r\n      \"etag\": \"W/\\\"0x8D803ECC0DA798E\\\"\",\r\n      \"properties\": {\r\n        \"displayName\": \"test_pool\",\r\n        \"lastModified\": \"2020-05-29T16:24:25.5633806Z\",\r\n        \"creationTime\": \"2020-05-29T16:24:25.5633806Z\",\r\n        \"provisioningState\": \"Succeeded\",\r\n        \"provisioningStateTransitionTime\": \"2020-05-29T16:24:25.5633806Z\",\r\n        \"allocationState\": \"Resizing\",\r\n        \"allocationStateTransitionTime\": \"2020-05-29T16:24:25.5633806Z\",\r\n        \"vmSize\": \"Small\",\r\n        \"interNodeCommunication\": \"Disabled\",\r\n        \"maxTasksPerNode\": 1,\r\n        \"taskSchedulingPolicy\": {\r\n          \"nodeFillType\": \"Spread\"\r\n        },\r\n        \"deploymentConfiguration\": {\r\n          \"cloudServiceConfiguration\": {\r\n            \"osFamily\": \"5\",\r\n            \"osVersion\": \"*\"\r\n          }\r\n        },\r\n        \"scaleSettings\": {\r\n          \"fixedScale\": {\r\n            \"targetDedicatedNodes\": 0,\r\n            \"targetLowPriorityNodes\": 0,\r\n            \"resizeTimeout\": \"PT15M\"\r\n          }\r\n        },\r\n        \"startTask\": {\r\n          \"commandLine\": \"cmd.exe /c \\\"echo hello world\\\"\",\r\n          \"resourceFiles\": [\r\n            {\r\n              \"filePath\": \"filename.txt\",\r\n              \"httpUrl\": \"https://blobsource.com\"\r\n            }\r\n          ],\r\n          \"environmentSettings\": [\r\n            {\r\n              \"name\": \"ENV_VAR\",\r\n              \"value\": \"env_value\"\r\n            }\r\n          ],\r\n          \"userIdentity\": {\r\n            \"autoUser\": {\r\n              \"scope\": \"Pool\",\r\n              \"elevationLevel\": \"Admin\"\r\n            }\r\n          },\r\n          \"maxTaskRetryCount\": 0,\r\n          \"waitForSuccess\": true\r\n        },\r\n        \"userAccounts\": [\r\n          {\r\n            \"name\": \"username\",\r\n            \"elevationLevel\": \"NonAdmin\",\r\n            \"windowsUserConfiguration\": {\r\n              \"loginMode\": \"Interactive\"\r\n            }\r\n          }\r\n        ],\r\n        \"resizeOperationStatus\": {\r\n          \"targetDedicatedNodes\": 0,\r\n          \"nodeDeallocationOption\": \"Requeue\",\r\n          \"resizeTimeout\": \"PT15M\",\r\n          \"startTime\": \"2020-05-29T16:24:25.5633806Z\"\r\n        },\r\n        \"currentDedicatedNodes\": 0,\r\n        \"currentLowPriorityNodes\": 0\r\n      }\r\n    }\r\n  ]\r\n}",
      "StatusCode": 200
    },
    {
      "RequestUri": "/subscriptions/21abd678-18c5-4660-9fdd-8c5ba6b6fe1f/resourceGroups/azsmnet6894/providers/Microsoft.Batch/batchAccounts/azsmnet1882/pools/test_iaas_pool?api-version=2020-05-01",
      "EncodedRequestUri": "L3N1YnNjcmlwdGlvbnMvMjFhYmQ2NzgtMThjNS00NjYwLTlmZGQtOGM1YmE2YjZmZTFmL3Jlc291cmNlR3JvdXBzL2F6c21uZXQ2ODk0L3Byb3ZpZGVycy9NaWNyb3NvZnQuQmF0Y2gvYmF0Y2hBY2NvdW50cy9henNtbmV0MTg4Mi9wb29scy90ZXN0X2lhYXNfcG9vbD9hcGktdmVyc2lvbj0yMDIwLTA1LTAx",
      "RequestMethod": "GET",
      "RequestBody": "",
      "RequestHeaders": {
        "x-ms-client-request-id": [
          "2475efd6-65c0-4d9a-af91-e6c9134acf20"
        ],
        "accept-language": [
          "en-US"
        ],
        "User-Agent": [
          "FxVersion/4.6.26614.01",
          "OSName/Windows",
          "OSVersion/Microsoft.Windows.10.0.18363.",
          "Microsoft.Azure.Management.Batch.BatchManagementClient/10.0.0.0"
        ]
      },
      "ResponseHeaders": {
        "Cache-Control": [
          "no-cache"
        ],
        "Date": [
          "Fri, 29 May 2020 16:24:26 GMT"
        ],
        "Pragma": [
          "no-cache"
        ],
        "ETag": [
          "W/\"0x8D803ECC11BF0CB\""
        ],
        "Server": [
          "Microsoft-HTTPAPI/2.0"
        ],
        "x-ms-ratelimit-remaining-subscription-reads": [
          "11997"
        ],
        "x-ms-request-id": [
          "9c104069-fd79-4d55-9fdd-840b68cf88bd"
        ],
        "Strict-Transport-Security": [
          "max-age=31536000; includeSubDomains"
        ],
        "X-Content-Type-Options": [
          "nosniff"
        ],
        "x-ms-correlation-request-id": [
          "99f91195-9d5f-41e9-837d-fdd1f1c0f7a1"
        ],
        "x-ms-routing-request-id": [
          "WESTUS:20200529T162426Z:99f91195-9d5f-41e9-837d-fdd1f1c0f7a1"
        ],
        "Content-Length": [
          "1320"
        ],
        "Content-Type": [
          "application/json; charset=utf-8"
        ],
        "Expires": [
          "-1"
        ],
        "Last-Modified": [
          "Fri, 29 May 2020 16:24:25 GMT"
        ]
      },
      "ResponseBody": "{\r\n  \"id\": \"/subscriptions/21abd678-18c5-4660-9fdd-8c5ba6b6fe1f/resourceGroups/azsmnet6894/providers/Microsoft.Batch/batchAccounts/azsmnet1882/pools/test_iaas_pool\",\r\n  \"name\": \"test_iaas_pool\",\r\n  \"type\": \"Microsoft.Batch/batchAccounts/pools\",\r\n  \"etag\": \"W/\\\"0x8D803ECC11BF0CB\\\"\",\r\n  \"properties\": {\r\n    \"displayName\": \"test_pool\",\r\n    \"lastModified\": \"2020-05-29T16:24:25.9924171Z\",\r\n    \"creationTime\": \"2020-05-29T16:24:25.9924171Z\",\r\n    \"provisioningState\": \"Succeeded\",\r\n    \"provisioningStateTransitionTime\": \"2020-05-29T16:24:25.9924171Z\",\r\n    \"allocationState\": \"Resizing\",\r\n    \"allocationStateTransitionTime\": \"2020-05-29T16:24:25.9924171Z\",\r\n    \"vmSize\": \"STANDARD_A1\",\r\n    \"interNodeCommunication\": \"Disabled\",\r\n    \"maxTasksPerNode\": 1,\r\n    \"taskSchedulingPolicy\": {\r\n      \"nodeFillType\": \"Spread\"\r\n    },\r\n    \"deploymentConfiguration\": {\r\n      \"virtualMachineConfiguration\": {\r\n        \"imageReference\": {\r\n          \"publisher\": \"MicrosoftWindowsServer\",\r\n          \"offer\": \"WindowsServer\",\r\n          \"sku\": \"2016-Datacenter-smalldisk\",\r\n          \"version\": \"latest\"\r\n        },\r\n        \"nodeAgentSkuId\": \"batch.node.windows amd64\",\r\n        \"windowsConfiguration\": {\r\n          \"enableAutomaticUpdates\": true\r\n        }\r\n      }\r\n    },\r\n    \"scaleSettings\": {\r\n      \"fixedScale\": {\r\n        \"targetDedicatedNodes\": 0,\r\n        \"targetLowPriorityNodes\": 0,\r\n        \"resizeTimeout\": \"PT15M\"\r\n      }\r\n    },\r\n    \"resizeOperationStatus\": {\r\n      \"targetDedicatedNodes\": 0,\r\n      \"nodeDeallocationOption\": \"Requeue\",\r\n      \"resizeTimeout\": \"PT15M\",\r\n      \"startTime\": \"2020-05-29T16:24:25.9924171Z\"\r\n    },\r\n    \"currentDedicatedNodes\": 0,\r\n    \"currentLowPriorityNodes\": 0\r\n  }\r\n}",
      "StatusCode": 200
    },
    {
      "RequestUri": "/subscriptions/21abd678-18c5-4660-9fdd-8c5ba6b6fe1f/resourceGroups/azsmnet6894/providers/Microsoft.Batch/batchAccounts/azsmnet1882/pools/test_iaas_pool/stopResize?api-version=2020-05-01",
      "EncodedRequestUri": "L3N1YnNjcmlwdGlvbnMvMjFhYmQ2NzgtMThjNS00NjYwLTlmZGQtOGM1YmE2YjZmZTFmL3Jlc291cmNlR3JvdXBzL2F6c21uZXQ2ODk0L3Byb3ZpZGVycy9NaWNyb3NvZnQuQmF0Y2gvYmF0Y2hBY2NvdW50cy9henNtbmV0MTg4Mi9wb29scy90ZXN0X2lhYXNfcG9vbC9zdG9wUmVzaXplP2FwaS12ZXJzaW9uPTIwMjAtMDUtMDE=",
      "RequestMethod": "POST",
      "RequestBody": "",
      "RequestHeaders": {
        "x-ms-client-request-id": [
          "ffba8196-c134-488a-a687-83ce622983ae"
        ],
        "accept-language": [
          "en-US"
        ],
        "User-Agent": [
          "FxVersion/4.6.26614.01",
          "OSName/Windows",
          "OSVersion/Microsoft.Windows.10.0.18363.",
          "Microsoft.Azure.Management.Batch.BatchManagementClient/10.0.0.0"
        ]
      },
      "ResponseHeaders": {
        "Cache-Control": [
          "no-cache"
        ],
        "Date": [
          "Fri, 29 May 2020 16:24:28 GMT"
        ],
        "Pragma": [
          "no-cache"
        ],
        "ETag": [
          "W/\"0x8D803ECC11BF0CB\""
        ],
        "Server": [
          "Microsoft-HTTPAPI/2.0"
        ],
        "x-ms-ratelimit-remaining-subscription-writes": [
          "1199"
        ],
        "x-ms-request-id": [
          "31ff06bc-0ba6-4e3a-9916-21f502e2bbf5"
        ],
        "Strict-Transport-Security": [
          "max-age=31536000; includeSubDomains"
        ],
        "X-Content-Type-Options": [
          "nosniff"
        ],
        "x-ms-correlation-request-id": [
          "e16a460e-c9d0-434c-87ea-f53d86e83138"
        ],
        "x-ms-routing-request-id": [
          "WESTUS:20200529T162429Z:e16a460e-c9d0-434c-87ea-f53d86e83138"
        ],
        "Content-Length": [
          "1317"
        ],
        "Content-Type": [
          "application/json; charset=utf-8"
        ],
        "Expires": [
          "-1"
        ],
        "Last-Modified": [
          "Fri, 29 May 2020 16:24:25 GMT"
        ]
      },
      "ResponseBody": "{\r\n  \"id\": \"/subscriptions/21abd678-18c5-4660-9fdd-8c5ba6b6fe1f/resourceGroups/azsmnet6894/providers/Microsoft.Batch/batchAccounts/azsmnet1882/pools/test_iaas_pool\",\r\n  \"name\": \"test_iaas_pool\",\r\n  \"type\": \"Microsoft.Batch/batchAccounts/pools\",\r\n  \"etag\": \"W/\\\"0x8D803ECC11BF0CB\\\"\",\r\n  \"properties\": {\r\n    \"displayName\": \"test_pool\",\r\n    \"lastModified\": \"2020-05-29T16:24:25.9924171Z\",\r\n    \"creationTime\": \"2020-05-29T16:24:25.9924171Z\",\r\n    \"provisioningState\": \"Succeeded\",\r\n    \"provisioningStateTransitionTime\": \"2020-05-29T16:24:25.9924171Z\",\r\n    \"allocationState\": \"Steady\",\r\n    \"allocationStateTransitionTime\": \"2020-05-29T16:24:29.131294Z\",\r\n    \"vmSize\": \"STANDARD_A1\",\r\n    \"interNodeCommunication\": \"Disabled\",\r\n    \"maxTasksPerNode\": 1,\r\n    \"taskSchedulingPolicy\": {\r\n      \"nodeFillType\": \"Spread\"\r\n    },\r\n    \"deploymentConfiguration\": {\r\n      \"virtualMachineConfiguration\": {\r\n        \"imageReference\": {\r\n          \"publisher\": \"MicrosoftWindowsServer\",\r\n          \"offer\": \"WindowsServer\",\r\n          \"sku\": \"2016-Datacenter-smalldisk\",\r\n          \"version\": \"latest\"\r\n        },\r\n        \"nodeAgentSkuId\": \"batch.node.windows amd64\",\r\n        \"windowsConfiguration\": {\r\n          \"enableAutomaticUpdates\": true\r\n        }\r\n      }\r\n    },\r\n    \"scaleSettings\": {\r\n      \"fixedScale\": {\r\n        \"targetDedicatedNodes\": 0,\r\n        \"targetLowPriorityNodes\": 0,\r\n        \"resizeTimeout\": \"PT15M\"\r\n      }\r\n    },\r\n    \"resizeOperationStatus\": {\r\n      \"targetDedicatedNodes\": 0,\r\n      \"nodeDeallocationOption\": \"Requeue\",\r\n      \"resizeTimeout\": \"PT15M\",\r\n      \"startTime\": \"2020-05-29T16:24:25.9924171Z\"\r\n    },\r\n    \"currentDedicatedNodes\": 0,\r\n    \"currentLowPriorityNodes\": 0\r\n  }\r\n}",
      "StatusCode": 200
    },
    {
      "RequestUri": "/subscriptions/21abd678-18c5-4660-9fdd-8c5ba6b6fe1f/resourceGroups/azsmnet6894/providers/Microsoft.Batch/batchAccounts/azsmnet1882/pools/test_iaas_pool/disableAutoScale?api-version=2020-05-01",
      "EncodedRequestUri": "L3N1YnNjcmlwdGlvbnMvMjFhYmQ2NzgtMThjNS00NjYwLTlmZGQtOGM1YmE2YjZmZTFmL3Jlc291cmNlR3JvdXBzL2F6c21uZXQ2ODk0L3Byb3ZpZGVycy9NaWNyb3NvZnQuQmF0Y2gvYmF0Y2hBY2NvdW50cy9henNtbmV0MTg4Mi9wb29scy90ZXN0X2lhYXNfcG9vbC9kaXNhYmxlQXV0b1NjYWxlP2FwaS12ZXJzaW9uPTIwMjAtMDUtMDE=",
      "RequestMethod": "POST",
      "RequestBody": "",
      "RequestHeaders": {
        "x-ms-client-request-id": [
          "36eff610-2b08-4314-b247-b700e5c881f9"
        ],
        "accept-language": [
          "en-US"
        ],
        "User-Agent": [
          "FxVersion/4.6.26614.01",
          "OSName/Windows",
          "OSVersion/Microsoft.Windows.10.0.18363.",
          "Microsoft.Azure.Management.Batch.BatchManagementClient/10.0.0.0"
        ]
      },
      "ResponseHeaders": {
        "Cache-Control": [
          "no-cache"
        ],
        "Date": [
          "Fri, 29 May 2020 16:24:28 GMT"
        ],
        "Pragma": [
          "no-cache"
        ],
        "ETag": [
          "W/\"0x8D803ECC31B6C43\""
        ],
        "Server": [
          "Microsoft-HTTPAPI/2.0"
        ],
        "x-ms-ratelimit-remaining-subscription-writes": [
          "1198"
        ],
        "x-ms-request-id": [
          "8d315a67-d064-4620-8afd-7932f716624a"
        ],
        "Strict-Transport-Security": [
          "max-age=31536000; includeSubDomains"
        ],
        "X-Content-Type-Options": [
          "nosniff"
        ],
        "x-ms-correlation-request-id": [
          "eb63798b-4ac4-4556-aeaa-7eeeb6dca385"
        ],
        "x-ms-routing-request-id": [
          "WESTUS:20200529T162429Z:eb63798b-4ac4-4556-aeaa-7eeeb6dca385"
        ],
        "Content-Length": [
          "1167"
        ],
        "Content-Type": [
          "application/json; charset=utf-8"
        ],
        "Expires": [
          "-1"
        ],
        "Last-Modified": [
          "Fri, 29 May 2020 16:24:29 GMT"
        ]
      },
      "ResponseBody": "{\r\n  \"id\": \"/subscriptions/21abd678-18c5-4660-9fdd-8c5ba6b6fe1f/resourceGroups/azsmnet6894/providers/Microsoft.Batch/batchAccounts/azsmnet1882/pools/test_iaas_pool\",\r\n  \"name\": \"test_iaas_pool\",\r\n  \"type\": \"Microsoft.Batch/batchAccounts/pools\",\r\n  \"etag\": \"W/\\\"0x8D803ECC31B6C43\\\"\",\r\n  \"properties\": {\r\n    \"displayName\": \"test_pool\",\r\n    \"lastModified\": \"2020-05-29T16:24:29.3444675Z\",\r\n    \"creationTime\": \"2020-05-29T16:24:25.9924171Z\",\r\n    \"provisioningState\": \"Succeeded\",\r\n    \"provisioningStateTransitionTime\": \"2020-05-29T16:24:25.9924171Z\",\r\n    \"allocationState\": \"Resizing\",\r\n    \"allocationStateTransitionTime\": \"2020-05-29T16:24:29.3444675Z\",\r\n    \"vmSize\": \"STANDARD_A1\",\r\n    \"interNodeCommunication\": \"Disabled\",\r\n    \"maxTasksPerNode\": 1,\r\n    \"taskSchedulingPolicy\": {\r\n      \"nodeFillType\": \"Spread\"\r\n    },\r\n    \"deploymentConfiguration\": {\r\n      \"virtualMachineConfiguration\": {\r\n        \"imageReference\": {\r\n          \"publisher\": \"MicrosoftWindowsServer\",\r\n          \"offer\": \"WindowsServer\",\r\n          \"sku\": \"2016-Datacenter-smalldisk\",\r\n          \"version\": \"latest\"\r\n        },\r\n        \"nodeAgentSkuId\": \"batch.node.windows amd64\",\r\n        \"windowsConfiguration\": {\r\n          \"enableAutomaticUpdates\": true\r\n        }\r\n      }\r\n    },\r\n    \"scaleSettings\": {\r\n      \"fixedScale\": {\r\n        \"targetDedicatedNodes\": 0,\r\n        \"targetLowPriorityNodes\": 0,\r\n        \"resizeTimeout\": \"PT15M\"\r\n      }\r\n    },\r\n    \"currentDedicatedNodes\": 0,\r\n    \"currentLowPriorityNodes\": 0\r\n  }\r\n}",
      "StatusCode": 200
    },
    {
      "RequestUri": "/subscriptions/21abd678-18c5-4660-9fdd-8c5ba6b6fe1f/resourceGroups/azsmnet6894/providers/Microsoft.Batch/batchAccounts/azsmnet1882/pools/test_paas_pool?api-version=2020-05-01",
      "EncodedRequestUri": "L3N1YnNjcmlwdGlvbnMvMjFhYmQ2NzgtMThjNS00NjYwLTlmZGQtOGM1YmE2YjZmZTFmL3Jlc291cmNlR3JvdXBzL2F6c21uZXQ2ODk0L3Byb3ZpZGVycy9NaWNyb3NvZnQuQmF0Y2gvYmF0Y2hBY2NvdW50cy9henNtbmV0MTg4Mi9wb29scy90ZXN0X3BhYXNfcG9vbD9hcGktdmVyc2lvbj0yMDIwLTA1LTAx",
      "RequestMethod": "DELETE",
      "RequestBody": "",
      "RequestHeaders": {
        "x-ms-client-request-id": [
          "9680a337-86af-4a92-bef9-09d3f869a151"
        ],
        "accept-language": [
          "en-US"
        ],
        "User-Agent": [
          "FxVersion/4.6.26614.01",
          "OSName/Windows",
          "OSVersion/Microsoft.Windows.10.0.18363.",
          "Microsoft.Azure.Management.Batch.BatchManagementClient/10.0.0.0"
        ]
      },
      "ResponseHeaders": {
        "Cache-Control": [
          "no-cache"
        ],
        "Date": [
          "Fri, 29 May 2020 16:24:29 GMT"
        ],
        "Pragma": [
          "no-cache"
        ],
        "Location": [
          "https://management.azure.com/subscriptions/21abd678-18c5-4660-9fdd-8c5ba6b6fe1f/resourceGroups/azsmnet6894/providers/Microsoft.Batch/batchAccounts/azsmnet1882/poolOperationResults/delete-test_paas_pool?api-version=2020-05-01"
        ],
        "Retry-After": [
          "15"
        ],
        "Server": [
          "Microsoft-HTTPAPI/2.0"
        ],
        "x-ms-request-id": [
          "f8151f21-4507-4550-abcb-83b59ef0bc52"
        ],
        "Strict-Transport-Security": [
          "max-age=31536000; includeSubDomains"
        ],
        "X-Content-Type-Options": [
          "nosniff"
        ],
        "x-ms-ratelimit-remaining-subscription-deletes": [
          "14999"
        ],
        "x-ms-correlation-request-id": [
          "6879247e-7bc1-49f1-a3d3-94bb5e32b3ed"
        ],
        "x-ms-routing-request-id": [
          "WESTUS:20200529T162429Z:6879247e-7bc1-49f1-a3d3-94bb5e32b3ed"
        ],
        "Content-Length": [
          "0"
        ],
        "Expires": [
          "-1"
        ]
      },
      "ResponseBody": "",
      "StatusCode": 202
    },
    {
      "RequestUri": "/subscriptions/21abd678-18c5-4660-9fdd-8c5ba6b6fe1f/resourceGroups/azsmnet6894/providers/Microsoft.Batch/batchAccounts/azsmnet1882/poolOperationResults/delete-test_paas_pool?api-version=2020-05-01",
      "EncodedRequestUri": "L3N1YnNjcmlwdGlvbnMvMjFhYmQ2NzgtMThjNS00NjYwLTlmZGQtOGM1YmE2YjZmZTFmL3Jlc291cmNlR3JvdXBzL2F6c21uZXQ2ODk0L3Byb3ZpZGVycy9NaWNyb3NvZnQuQmF0Y2gvYmF0Y2hBY2NvdW50cy9henNtbmV0MTg4Mi9wb29sT3BlcmF0aW9uUmVzdWx0cy9kZWxldGUtdGVzdF9wYWFzX3Bvb2w/YXBpLXZlcnNpb249MjAyMC0wNS0wMQ==",
      "RequestMethod": "GET",
      "RequestBody": "",
      "RequestHeaders": {
        "User-Agent": [
          "FxVersion/4.6.26614.01",
          "OSName/Windows",
          "OSVersion/Microsoft.Windows.10.0.18363.",
          "Microsoft.Azure.Management.Batch.BatchManagementClient/10.0.0.0"
        ]
      },
      "ResponseHeaders": {
        "Cache-Control": [
          "no-cache"
        ],
        "Date": [
          "Fri, 29 May 2020 16:24:44 GMT"
        ],
        "Pragma": [
          "no-cache"
        ],
        "Server": [
          "Microsoft-HTTPAPI/2.0"
        ],
        "x-ms-request-id": [
          "b12cac6f-cb02-4a70-87f9-c4f23938dd42"
        ],
        "Strict-Transport-Security": [
          "max-age=31536000; includeSubDomains"
        ],
        "X-Content-Type-Options": [
          "nosniff"
        ],
        "x-ms-ratelimit-remaining-subscription-reads": [
          "11996"
        ],
        "x-ms-correlation-request-id": [
          "ac5d4b83-3135-4e51-a917-a4460ee6be4e"
        ],
        "x-ms-routing-request-id": [
          "WESTUS:20200529T162445Z:ac5d4b83-3135-4e51-a917-a4460ee6be4e"
        ],
        "Content-Length": [
          "0"
        ],
        "Expires": [
          "-1"
        ]
      },
      "ResponseBody": "",
      "StatusCode": 200
    },
    {
      "RequestUri": "/subscriptions/21abd678-18c5-4660-9fdd-8c5ba6b6fe1f/resourceGroups/azsmnet6894/providers/Microsoft.Batch/batchAccounts/azsmnet1882/poolOperationResults/delete-test_paas_pool?api-version=2020-05-01",
      "EncodedRequestUri": "L3N1YnNjcmlwdGlvbnMvMjFhYmQ2NzgtMThjNS00NjYwLTlmZGQtOGM1YmE2YjZmZTFmL3Jlc291cmNlR3JvdXBzL2F6c21uZXQ2ODk0L3Byb3ZpZGVycy9NaWNyb3NvZnQuQmF0Y2gvYmF0Y2hBY2NvdW50cy9henNtbmV0MTg4Mi9wb29sT3BlcmF0aW9uUmVzdWx0cy9kZWxldGUtdGVzdF9wYWFzX3Bvb2w/YXBpLXZlcnNpb249MjAyMC0wNS0wMQ==",
      "RequestMethod": "GET",
      "RequestBody": "",
      "RequestHeaders": {
        "User-Agent": [
          "FxVersion/4.6.26614.01",
          "OSName/Windows",
          "OSVersion/Microsoft.Windows.10.0.18363.",
          "Microsoft.Azure.Management.Batch.BatchManagementClient/10.0.0.0"
        ]
      },
      "ResponseHeaders": {
        "Cache-Control": [
          "no-cache"
        ],
        "Date": [
          "Fri, 29 May 2020 16:24:44 GMT"
        ],
        "Pragma": [
          "no-cache"
        ],
        "Server": [
          "Microsoft-HTTPAPI/2.0"
        ],
        "x-ms-request-id": [
          "994f361c-9d3c-45b0-8620-1914befaa6ec"
        ],
        "Strict-Transport-Security": [
          "max-age=31536000; includeSubDomains"
        ],
        "X-Content-Type-Options": [
          "nosniff"
        ],
        "x-ms-ratelimit-remaining-subscription-reads": [
          "11995"
        ],
        "x-ms-correlation-request-id": [
          "4961a240-8a0a-4e63-a747-faa70fc602e0"
        ],
        "x-ms-routing-request-id": [
          "WESTUS:20200529T162445Z:4961a240-8a0a-4e63-a747-faa70fc602e0"
        ],
        "Content-Length": [
          "0"
        ],
        "Expires": [
          "-1"
        ]
      },
      "ResponseBody": "",
      "StatusCode": 200
    },
    {
      "RequestUri": "/subscriptions/21abd678-18c5-4660-9fdd-8c5ba6b6fe1f/resourceGroups/azsmnet6894/providers/Microsoft.Batch/batchAccounts/azsmnet1882/pools/test_iaas_pool?api-version=2020-05-01",
      "EncodedRequestUri": "L3N1YnNjcmlwdGlvbnMvMjFhYmQ2NzgtMThjNS00NjYwLTlmZGQtOGM1YmE2YjZmZTFmL3Jlc291cmNlR3JvdXBzL2F6c21uZXQ2ODk0L3Byb3ZpZGVycy9NaWNyb3NvZnQuQmF0Y2gvYmF0Y2hBY2NvdW50cy9henNtbmV0MTg4Mi9wb29scy90ZXN0X2lhYXNfcG9vbD9hcGktdmVyc2lvbj0yMDIwLTA1LTAx",
      "RequestMethod": "DELETE",
      "RequestBody": "",
      "RequestHeaders": {
        "x-ms-client-request-id": [
          "6ef94f52-7b83-432f-b333-a10e831b31e6"
        ],
        "accept-language": [
          "en-US"
        ],
        "User-Agent": [
          "FxVersion/4.6.26614.01",
          "OSName/Windows",
          "OSVersion/Microsoft.Windows.10.0.18363.",
          "Microsoft.Azure.Management.Batch.BatchManagementClient/10.0.0.0"
        ]
      },
      "ResponseHeaders": {
        "Cache-Control": [
          "no-cache"
        ],
        "Date": [
          "Fri, 29 May 2020 16:24:44 GMT"
        ],
        "Pragma": [
          "no-cache"
        ],
        "Location": [
          "https://management.azure.com/subscriptions/21abd678-18c5-4660-9fdd-8c5ba6b6fe1f/resourceGroups/azsmnet6894/providers/Microsoft.Batch/batchAccounts/azsmnet1882/poolOperationResults/delete-test_iaas_pool?api-version=2020-05-01"
        ],
        "Retry-After": [
          "15"
        ],
        "Server": [
          "Microsoft-HTTPAPI/2.0"
        ],
        "x-ms-request-id": [
          "f2d4af87-602e-4c08-a786-31bda3b59c4c"
        ],
        "Strict-Transport-Security": [
          "max-age=31536000; includeSubDomains"
        ],
        "X-Content-Type-Options": [
          "nosniff"
        ],
        "x-ms-ratelimit-remaining-subscription-deletes": [
          "14998"
        ],
        "x-ms-correlation-request-id": [
          "6fdc96e4-9d91-4dfd-833f-e72ed2f0e6b4"
        ],
        "x-ms-routing-request-id": [
          "WESTUS:20200529T162445Z:6fdc96e4-9d91-4dfd-833f-e72ed2f0e6b4"
        ],
        "Content-Length": [
          "0"
        ],
        "Expires": [
          "-1"
        ]
      },
      "ResponseBody": "",
      "StatusCode": 202
    },
    {
      "RequestUri": "/subscriptions/21abd678-18c5-4660-9fdd-8c5ba6b6fe1f/resourceGroups/azsmnet6894/providers/Microsoft.Batch/batchAccounts/azsmnet1882/poolOperationResults/delete-test_iaas_pool?api-version=2020-05-01",
      "EncodedRequestUri": "L3N1YnNjcmlwdGlvbnMvMjFhYmQ2NzgtMThjNS00NjYwLTlmZGQtOGM1YmE2YjZmZTFmL3Jlc291cmNlR3JvdXBzL2F6c21uZXQ2ODk0L3Byb3ZpZGVycy9NaWNyb3NvZnQuQmF0Y2gvYmF0Y2hBY2NvdW50cy9henNtbmV0MTg4Mi9wb29sT3BlcmF0aW9uUmVzdWx0cy9kZWxldGUtdGVzdF9pYWFzX3Bvb2w/YXBpLXZlcnNpb249MjAyMC0wNS0wMQ==",
      "RequestMethod": "GET",
      "RequestBody": "",
      "RequestHeaders": {
        "User-Agent": [
          "FxVersion/4.6.26614.01",
          "OSName/Windows",
          "OSVersion/Microsoft.Windows.10.0.18363.",
          "Microsoft.Azure.Management.Batch.BatchManagementClient/10.0.0.0"
        ]
      },
      "ResponseHeaders": {
        "Cache-Control": [
          "no-cache"
        ],
        "Date": [
          "Fri, 29 May 2020 16:24:59 GMT"
        ],
        "Pragma": [
          "no-cache"
        ],
        "Server": [
          "Microsoft-HTTPAPI/2.0"
        ],
        "x-ms-request-id": [
          "05e14b12-2aa6-493c-b3c4-81974dbc2429"
        ],
        "Strict-Transport-Security": [
          "max-age=31536000; includeSubDomains"
        ],
        "X-Content-Type-Options": [
          "nosniff"
        ],
        "x-ms-ratelimit-remaining-subscription-reads": [
          "11994"
        ],
        "x-ms-correlation-request-id": [
          "d34edc05-7253-45e7-9310-d7baeee3b815"
        ],
        "x-ms-routing-request-id": [
          "WESTUS:20200529T162500Z:d34edc05-7253-45e7-9310-d7baeee3b815"
        ],
        "Content-Length": [
          "0"
        ],
        "Expires": [
          "-1"
        ]
      },
      "ResponseBody": "",
      "StatusCode": 200
    },
    {
      "RequestUri": "/subscriptions/21abd678-18c5-4660-9fdd-8c5ba6b6fe1f/resourceGroups/azsmnet6894/providers/Microsoft.Batch/batchAccounts/azsmnet1882/poolOperationResults/delete-test_iaas_pool?api-version=2020-05-01",
      "EncodedRequestUri": "L3N1YnNjcmlwdGlvbnMvMjFhYmQ2NzgtMThjNS00NjYwLTlmZGQtOGM1YmE2YjZmZTFmL3Jlc291cmNlR3JvdXBzL2F6c21uZXQ2ODk0L3Byb3ZpZGVycy9NaWNyb3NvZnQuQmF0Y2gvYmF0Y2hBY2NvdW50cy9henNtbmV0MTg4Mi9wb29sT3BlcmF0aW9uUmVzdWx0cy9kZWxldGUtdGVzdF9pYWFzX3Bvb2w/YXBpLXZlcnNpb249MjAyMC0wNS0wMQ==",
      "RequestMethod": "GET",
      "RequestBody": "",
      "RequestHeaders": {
        "User-Agent": [
          "FxVersion/4.6.26614.01",
          "OSName/Windows",
          "OSVersion/Microsoft.Windows.10.0.18363.",
          "Microsoft.Azure.Management.Batch.BatchManagementClient/10.0.0.0"
        ]
      },
      "ResponseHeaders": {
        "Cache-Control": [
          "no-cache"
        ],
        "Date": [
          "Fri, 29 May 2020 16:24:59 GMT"
        ],
        "Pragma": [
          "no-cache"
        ],
        "Server": [
          "Microsoft-HTTPAPI/2.0"
        ],
        "x-ms-request-id": [
          "aa523d5f-2be3-47e3-8b07-2cf436e3687d"
        ],
        "Strict-Transport-Security": [
          "max-age=31536000; includeSubDomains"
        ],
        "X-Content-Type-Options": [
          "nosniff"
        ],
        "x-ms-ratelimit-remaining-subscription-reads": [
          "11993"
        ],
        "x-ms-correlation-request-id": [
          "4b58893c-c3a5-4222-9bf1-e2da38d39241"
        ],
        "x-ms-routing-request-id": [
          "WESTUS:20200529T162500Z:4b58893c-c3a5-4222-9bf1-e2da38d39241"
        ],
        "Content-Length": [
          "0"
        ],
        "Expires": [
          "-1"
        ]
      },
      "ResponseBody": "",
      "StatusCode": 200
    },
    {
      "RequestUri": "/subscriptions/21abd678-18c5-4660-9fdd-8c5ba6b6fe1f/resourceGroups/azsmnet6894/providers/Microsoft.Batch/batchAccounts/azsmnet1882/pools/test_paas_pool?api-version=2020-05-01",
      "EncodedRequestUri": "L3N1YnNjcmlwdGlvbnMvMjFhYmQ2NzgtMThjNS00NjYwLTlmZGQtOGM1YmE2YjZmZTFmL3Jlc291cmNlR3JvdXBzL2F6c21uZXQ2ODk0L3Byb3ZpZGVycy9NaWNyb3NvZnQuQmF0Y2gvYmF0Y2hBY2NvdW50cy9henNtbmV0MTg4Mi9wb29scy90ZXN0X3BhYXNfcG9vbD9hcGktdmVyc2lvbj0yMDIwLTA1LTAx",
      "RequestMethod": "GET",
      "RequestBody": "",
      "RequestHeaders": {
        "x-ms-client-request-id": [
          "be86cfff-5eb7-4798-80fd-f132d719c3cc"
        ],
        "accept-language": [
          "en-US"
        ],
        "User-Agent": [
          "FxVersion/4.6.26614.01",
          "OSName/Windows",
          "OSVersion/Microsoft.Windows.10.0.18363.",
          "Microsoft.Azure.Management.Batch.BatchManagementClient/10.0.0.0"
        ]
      },
      "ResponseHeaders": {
        "Cache-Control": [
          "no-cache"
        ],
        "Date": [
          "Fri, 29 May 2020 16:25:00 GMT"
        ],
        "Pragma": [
          "no-cache"
        ],
        "Server": [
          "Microsoft-HTTPAPI/2.0"
        ],
        "x-ms-ratelimit-remaining-subscription-reads": [
          "11992"
        ],
        "x-ms-request-id": [
          "46082740-3597-477e-8c13-1e1ef1d9fc8b"
        ],
        "Strict-Transport-Security": [
          "max-age=31536000; includeSubDomains"
        ],
        "X-Content-Type-Options": [
          "nosniff"
        ],
        "x-ms-correlation-request-id": [
          "d81a17fc-af17-4239-9fee-8a41b66f3669"
        ],
        "x-ms-routing-request-id": [
          "WESTUS:20200529T162500Z:d81a17fc-af17-4239-9fee-8a41b66f3669"
        ],
        "Content-Length": [
          "187"
        ],
        "Content-Type": [
          "application/json; charset=utf-8"
        ],
        "Expires": [
          "-1"
        ]
      },
      "ResponseBody": "{\r\n  \"error\": {\r\n    \"code\": \"PoolNotFound\",\r\n    \"message\": \"The specified pool does not exist.\\nRequestId:46082740-3597-477e-8c13-1e1ef1d9fc8b\\nTime:2020-05-29T16:25:00.8029002Z\",\r\n    \"target\": \"BatchAccount\"\r\n  }\r\n}",
      "StatusCode": 404
    },
    {
      "RequestUri": "/subscriptions/21abd678-18c5-4660-9fdd-8c5ba6b6fe1f/resourceGroups/azsmnet6894/providers/Microsoft.Batch/batchAccounts/azsmnet1882?api-version=2020-05-01",
      "EncodedRequestUri": "L3N1YnNjcmlwdGlvbnMvMjFhYmQ2NzgtMThjNS00NjYwLTlmZGQtOGM1YmE2YjZmZTFmL3Jlc291cmNlR3JvdXBzL2F6c21uZXQ2ODk0L3Byb3ZpZGVycy9NaWNyb3NvZnQuQmF0Y2gvYmF0Y2hBY2NvdW50cy9henNtbmV0MTg4Mj9hcGktdmVyc2lvbj0yMDIwLTA1LTAx",
      "RequestMethod": "DELETE",
      "RequestBody": "",
      "RequestHeaders": {
        "x-ms-client-request-id": [
          "3c743943-ec5e-456b-b702-bba50b6635fb"
        ],
        "accept-language": [
          "en-US"
        ],
        "User-Agent": [
          "FxVersion/4.6.26614.01",
          "OSName/Windows",
          "OSVersion/Microsoft.Windows.10.0.18363.",
          "Microsoft.Azure.Management.Batch.BatchManagementClient/10.0.0.0"
        ]
      },
      "ResponseHeaders": {
        "Cache-Control": [
          "no-cache"
        ],
        "Date": [
          "Fri, 29 May 2020 16:25:00 GMT"
        ],
        "Pragma": [
          "no-cache"
        ],
        "Location": [
          "https://management.azure.com/subscriptions/21abd678-18c5-4660-9fdd-8c5ba6b6fe1f/providers/Microsoft.Batch/locations/eastus/accountOperationResults/azsmnet1882-cf9de990-f5ff-4056-8645-32476ebe669c?api-version=2020-05-01"
        ],
        "Retry-After": [
          "15"
        ],
        "Server": [
          "Microsoft-HTTPAPI/2.0"
        ],
        "x-ms-request-id": [
          "cf9de990-f5ff-4056-8645-32476ebe669c"
        ],
        "Strict-Transport-Security": [
          "max-age=31536000; includeSubDomains"
        ],
        "X-Content-Type-Options": [
          "nosniff"
        ],
        "x-ms-ratelimit-remaining-subscription-deletes": [
          "14997"
        ],
        "x-ms-correlation-request-id": [
          "43842c9b-7049-464c-9304-c08a67342dfb"
        ],
        "x-ms-routing-request-id": [
          "WESTUS:20200529T162501Z:43842c9b-7049-464c-9304-c08a67342dfb"
        ],
        "Content-Length": [
          "0"
        ],
        "Expires": [
          "-1"
        ]
      },
      "ResponseBody": "",
      "StatusCode": 202
    },
    {
      "RequestUri": "/subscriptions/21abd678-18c5-4660-9fdd-8c5ba6b6fe1f/providers/Microsoft.Batch/locations/eastus/accountOperationResults/azsmnet1882-cf9de990-f5ff-4056-8645-32476ebe669c?api-version=2020-05-01",
      "EncodedRequestUri": "L3N1YnNjcmlwdGlvbnMvMjFhYmQ2NzgtMThjNS00NjYwLTlmZGQtOGM1YmE2YjZmZTFmL3Byb3ZpZGVycy9NaWNyb3NvZnQuQmF0Y2gvbG9jYXRpb25zL2Vhc3R1cy9hY2NvdW50T3BlcmF0aW9uUmVzdWx0cy9henNtbmV0MTg4Mi1jZjlkZTk5MC1mNWZmLTQwNTYtODY0NS0zMjQ3NmViZTY2OWM/YXBpLXZlcnNpb249MjAyMC0wNS0wMQ==",
      "RequestMethod": "GET",
      "RequestBody": "",
      "RequestHeaders": {
        "User-Agent": [
          "FxVersion/4.6.26614.01",
          "OSName/Windows",
          "OSVersion/Microsoft.Windows.10.0.18363.",
          "Microsoft.Azure.Management.Batch.BatchManagementClient/10.0.0.0"
        ]
      },
      "ResponseHeaders": {
        "Cache-Control": [
          "no-cache"
        ],
        "Date": [
          "Fri, 29 May 2020 16:25:15 GMT"
        ],
        "Pragma": [
          "no-cache"
        ],
        "Location": [
          "https://management.azure.com/subscriptions/21abd678-18c5-4660-9fdd-8c5ba6b6fe1f/providers/Microsoft.Batch/locations/eastus/accountOperationResults/azsmnet1882-cf9de990-f5ff-4056-8645-32476ebe669c?api-version=2020-05-01"
        ],
        "Retry-After": [
          "15"
        ],
        "Server": [
          "Microsoft-HTTPAPI/2.0"
        ],
        "x-ms-request-id": [
          "63d6244f-2098-4303-a87e-e4f5a5c9d137"
        ],
        "Strict-Transport-Security": [
          "max-age=31536000; includeSubDomains"
        ],
        "X-Content-Type-Options": [
          "nosniff"
        ],
        "x-ms-ratelimit-remaining-subscription-reads": [
          "11991"
        ],
        "x-ms-correlation-request-id": [
          "684ddaed-a789-4e74-a259-b1be26b8a923"
        ],
        "x-ms-routing-request-id": [
          "WESTUS:20200529T162516Z:684ddaed-a789-4e74-a259-b1be26b8a923"
        ],
        "Content-Length": [
          "0"
        ],
        "Expires": [
          "-1"
        ]
      },
      "ResponseBody": "",
      "StatusCode": 202
    },
    {
      "RequestUri": "/subscriptions/21abd678-18c5-4660-9fdd-8c5ba6b6fe1f/providers/Microsoft.Batch/locations/eastus/accountOperationResults/azsmnet1882-cf9de990-f5ff-4056-8645-32476ebe669c?api-version=2020-05-01",
      "EncodedRequestUri": "L3N1YnNjcmlwdGlvbnMvMjFhYmQ2NzgtMThjNS00NjYwLTlmZGQtOGM1YmE2YjZmZTFmL3Byb3ZpZGVycy9NaWNyb3NvZnQuQmF0Y2gvbG9jYXRpb25zL2Vhc3R1cy9hY2NvdW50T3BlcmF0aW9uUmVzdWx0cy9henNtbmV0MTg4Mi1jZjlkZTk5MC1mNWZmLTQwNTYtODY0NS0zMjQ3NmViZTY2OWM/YXBpLXZlcnNpb249MjAyMC0wNS0wMQ==",
      "RequestMethod": "GET",
      "RequestBody": "",
      "RequestHeaders": {
        "User-Agent": [
          "FxVersion/4.6.26614.01",
          "OSName/Windows",
          "OSVersion/Microsoft.Windows.10.0.18363.",
          "Microsoft.Azure.Management.Batch.BatchManagementClient/10.0.0.0"
        ]
      },
      "ResponseHeaders": {
        "Cache-Control": [
          "no-cache"
        ],
        "Date": [
          "Fri, 29 May 2020 16:25:30 GMT"
        ],
        "Pragma": [
          "no-cache"
        ],
        "Location": [
          "https://management.azure.com/subscriptions/21abd678-18c5-4660-9fdd-8c5ba6b6fe1f/providers/Microsoft.Batch/locations/eastus/accountOperationResults/azsmnet1882-cf9de990-f5ff-4056-8645-32476ebe669c?api-version=2020-05-01"
        ],
        "Retry-After": [
          "15"
        ],
        "Server": [
          "Microsoft-HTTPAPI/2.0"
        ],
        "x-ms-request-id": [
          "50462f63-9394-4910-9f35-12ada1404a6a"
        ],
        "Strict-Transport-Security": [
          "max-age=31536000; includeSubDomains"
        ],
        "X-Content-Type-Options": [
          "nosniff"
        ],
        "x-ms-ratelimit-remaining-subscription-reads": [
          "11990"
        ],
        "x-ms-correlation-request-id": [
          "4e5bb6db-7fac-4a8e-bf88-8ea0c81b2eb4"
        ],
        "x-ms-routing-request-id": [
          "WESTUS:20200529T162531Z:4e5bb6db-7fac-4a8e-bf88-8ea0c81b2eb4"
        ],
        "Content-Length": [
          "0"
        ],
        "Expires": [
          "-1"
        ]
      },
      "ResponseBody": "",
      "StatusCode": 202
    },
    {
      "RequestUri": "/subscriptions/21abd678-18c5-4660-9fdd-8c5ba6b6fe1f/providers/Microsoft.Batch/locations/eastus/accountOperationResults/azsmnet1882-cf9de990-f5ff-4056-8645-32476ebe669c?api-version=2020-05-01",
      "EncodedRequestUri": "L3N1YnNjcmlwdGlvbnMvMjFhYmQ2NzgtMThjNS00NjYwLTlmZGQtOGM1YmE2YjZmZTFmL3Byb3ZpZGVycy9NaWNyb3NvZnQuQmF0Y2gvbG9jYXRpb25zL2Vhc3R1cy9hY2NvdW50T3BlcmF0aW9uUmVzdWx0cy9henNtbmV0MTg4Mi1jZjlkZTk5MC1mNWZmLTQwNTYtODY0NS0zMjQ3NmViZTY2OWM/YXBpLXZlcnNpb249MjAyMC0wNS0wMQ==",
      "RequestMethod": "GET",
      "RequestBody": "",
      "RequestHeaders": {
        "User-Agent": [
          "FxVersion/4.6.26614.01",
          "OSName/Windows",
          "OSVersion/Microsoft.Windows.10.0.18363.",
          "Microsoft.Azure.Management.Batch.BatchManagementClient/10.0.0.0"
        ]
      },
      "ResponseHeaders": {
        "Cache-Control": [
          "no-cache"
        ],
        "Date": [
          "Fri, 29 May 2020 16:25:46 GMT"
        ],
        "Pragma": [
          "no-cache"
        ],
        "Location": [
          "https://management.azure.com/subscriptions/21abd678-18c5-4660-9fdd-8c5ba6b6fe1f/providers/Microsoft.Batch/locations/eastus/accountOperationResults/azsmnet1882-cf9de990-f5ff-4056-8645-32476ebe669c?api-version=2020-05-01"
        ],
        "Retry-After": [
          "15"
        ],
        "Server": [
          "Microsoft-HTTPAPI/2.0"
        ],
        "x-ms-request-id": [
          "0875ec8e-a197-447b-affb-d80ec5045464"
        ],
        "Strict-Transport-Security": [
          "max-age=31536000; includeSubDomains"
        ],
        "X-Content-Type-Options": [
          "nosniff"
        ],
        "x-ms-ratelimit-remaining-subscription-reads": [
          "11989"
        ],
        "x-ms-correlation-request-id": [
          "0e1ac14d-723b-4b5c-a897-d6f175d0f468"
        ],
        "x-ms-routing-request-id": [
          "WESTUS:20200529T162546Z:0e1ac14d-723b-4b5c-a897-d6f175d0f468"
        ],
        "Content-Length": [
          "0"
        ],
        "Expires": [
          "-1"
        ]
      },
      "ResponseBody": "",
      "StatusCode": 202
    },
    {
      "RequestUri": "/subscriptions/21abd678-18c5-4660-9fdd-8c5ba6b6fe1f/providers/Microsoft.Batch/locations/eastus/accountOperationResults/azsmnet1882-cf9de990-f5ff-4056-8645-32476ebe669c?api-version=2020-05-01",
      "EncodedRequestUri": "L3N1YnNjcmlwdGlvbnMvMjFhYmQ2NzgtMThjNS00NjYwLTlmZGQtOGM1YmE2YjZmZTFmL3Byb3ZpZGVycy9NaWNyb3NvZnQuQmF0Y2gvbG9jYXRpb25zL2Vhc3R1cy9hY2NvdW50T3BlcmF0aW9uUmVzdWx0cy9henNtbmV0MTg4Mi1jZjlkZTk5MC1mNWZmLTQwNTYtODY0NS0zMjQ3NmViZTY2OWM/YXBpLXZlcnNpb249MjAyMC0wNS0wMQ==",
      "RequestMethod": "GET",
      "RequestBody": "",
      "RequestHeaders": {
        "User-Agent": [
          "FxVersion/4.6.26614.01",
          "OSName/Windows",
          "OSVersion/Microsoft.Windows.10.0.18363.",
          "Microsoft.Azure.Management.Batch.BatchManagementClient/10.0.0.0"
        ]
      },
      "ResponseHeaders": {
        "Cache-Control": [
          "no-cache"
        ],
        "Date": [
          "Fri, 29 May 2020 16:26:01 GMT"
        ],
        "Pragma": [
          "no-cache"
        ],
        "Location": [
          "https://management.azure.com/subscriptions/21abd678-18c5-4660-9fdd-8c5ba6b6fe1f/providers/Microsoft.Batch/locations/eastus/accountOperationResults/azsmnet1882-cf9de990-f5ff-4056-8645-32476ebe669c?api-version=2020-05-01"
        ],
        "Retry-After": [
          "15"
        ],
        "Server": [
          "Microsoft-HTTPAPI/2.0"
        ],
        "x-ms-request-id": [
          "210a8313-2fa1-4df3-9752-9e3b46ae031b"
        ],
        "Strict-Transport-Security": [
          "max-age=31536000; includeSubDomains"
        ],
        "X-Content-Type-Options": [
          "nosniff"
        ],
        "x-ms-ratelimit-remaining-subscription-reads": [
          "11988"
        ],
        "x-ms-correlation-request-id": [
          "10dbedca-c9e2-4d49-b34c-dc9f669617bb"
        ],
        "x-ms-routing-request-id": [
          "WESTUS:20200529T162601Z:10dbedca-c9e2-4d49-b34c-dc9f669617bb"
        ],
        "Content-Length": [
          "0"
        ],
        "Expires": [
          "-1"
        ]
      },
      "ResponseBody": "",
      "StatusCode": 202
    },
    {
      "RequestUri": "/subscriptions/21abd678-18c5-4660-9fdd-8c5ba6b6fe1f/providers/Microsoft.Batch/locations/eastus/accountOperationResults/azsmnet1882-cf9de990-f5ff-4056-8645-32476ebe669c?api-version=2020-05-01",
      "EncodedRequestUri": "L3N1YnNjcmlwdGlvbnMvMjFhYmQ2NzgtMThjNS00NjYwLTlmZGQtOGM1YmE2YjZmZTFmL3Byb3ZpZGVycy9NaWNyb3NvZnQuQmF0Y2gvbG9jYXRpb25zL2Vhc3R1cy9hY2NvdW50T3BlcmF0aW9uUmVzdWx0cy9henNtbmV0MTg4Mi1jZjlkZTk5MC1mNWZmLTQwNTYtODY0NS0zMjQ3NmViZTY2OWM/YXBpLXZlcnNpb249MjAyMC0wNS0wMQ==",
      "RequestMethod": "GET",
      "RequestBody": "",
      "RequestHeaders": {
        "User-Agent": [
          "FxVersion/4.6.26614.01",
          "OSName/Windows",
          "OSVersion/Microsoft.Windows.10.0.18363.",
          "Microsoft.Azure.Management.Batch.BatchManagementClient/10.0.0.0"
        ]
      },
      "ResponseHeaders": {
        "Cache-Control": [
          "no-cache"
        ],
        "Date": [
          "Fri, 29 May 2020 16:26:16 GMT"
        ],
        "Pragma": [
          "no-cache"
        ],
        "Location": [
          "https://management.azure.com/subscriptions/21abd678-18c5-4660-9fdd-8c5ba6b6fe1f/providers/Microsoft.Batch/locations/eastus/accountOperationResults/azsmnet1882-cf9de990-f5ff-4056-8645-32476ebe669c?api-version=2020-05-01"
        ],
        "Retry-After": [
          "15"
        ],
        "Server": [
          "Microsoft-HTTPAPI/2.0"
        ],
        "x-ms-request-id": [
          "ca73ae9f-4b85-4f33-a02d-fcfe548c9ceb"
        ],
        "Strict-Transport-Security": [
          "max-age=31536000; includeSubDomains"
        ],
        "X-Content-Type-Options": [
          "nosniff"
        ],
        "x-ms-ratelimit-remaining-subscription-reads": [
          "11987"
        ],
        "x-ms-correlation-request-id": [
          "5c3868ca-6817-4a78-ac85-51142792269d"
        ],
        "x-ms-routing-request-id": [
          "WESTUS:20200529T162617Z:5c3868ca-6817-4a78-ac85-51142792269d"
        ],
        "Content-Length": [
          "0"
        ],
        "Expires": [
          "-1"
        ]
      },
      "ResponseBody": "",
      "StatusCode": 202
    },
    {
      "RequestUri": "/subscriptions/21abd678-18c5-4660-9fdd-8c5ba6b6fe1f/providers/Microsoft.Batch/locations/eastus/accountOperationResults/azsmnet1882-cf9de990-f5ff-4056-8645-32476ebe669c?api-version=2020-05-01",
      "EncodedRequestUri": "L3N1YnNjcmlwdGlvbnMvMjFhYmQ2NzgtMThjNS00NjYwLTlmZGQtOGM1YmE2YjZmZTFmL3Byb3ZpZGVycy9NaWNyb3NvZnQuQmF0Y2gvbG9jYXRpb25zL2Vhc3R1cy9hY2NvdW50T3BlcmF0aW9uUmVzdWx0cy9henNtbmV0MTg4Mi1jZjlkZTk5MC1mNWZmLTQwNTYtODY0NS0zMjQ3NmViZTY2OWM/YXBpLXZlcnNpb249MjAyMC0wNS0wMQ==",
      "RequestMethod": "GET",
      "RequestBody": "",
      "RequestHeaders": {
        "User-Agent": [
          "FxVersion/4.6.26614.01",
          "OSName/Windows",
          "OSVersion/Microsoft.Windows.10.0.18363.",
          "Microsoft.Azure.Management.Batch.BatchManagementClient/10.0.0.0"
        ]
      },
      "ResponseHeaders": {
        "Cache-Control": [
          "no-cache"
        ],
        "Date": [
          "Fri, 29 May 2020 16:26:31 GMT"
        ],
        "Pragma": [
          "no-cache"
        ],
        "Location": [
          "https://management.azure.com/subscriptions/21abd678-18c5-4660-9fdd-8c5ba6b6fe1f/providers/Microsoft.Batch/locations/eastus/accountOperationResults/azsmnet1882-cf9de990-f5ff-4056-8645-32476ebe669c?api-version=2020-05-01"
        ],
        "Retry-After": [
          "15"
        ],
        "Server": [
          "Microsoft-HTTPAPI/2.0"
        ],
        "x-ms-request-id": [
          "c2d730f2-19ea-4992-8f77-7120b65006b8"
        ],
        "Strict-Transport-Security": [
          "max-age=31536000; includeSubDomains"
        ],
        "X-Content-Type-Options": [
          "nosniff"
        ],
        "x-ms-ratelimit-remaining-subscription-reads": [
          "11986"
        ],
        "x-ms-correlation-request-id": [
          "4cf5d88b-5191-4211-b862-764b0d1d9a85"
        ],
        "x-ms-routing-request-id": [
          "WESTUS:20200529T162632Z:4cf5d88b-5191-4211-b862-764b0d1d9a85"
        ],
        "Content-Length": [
          "0"
        ],
        "Expires": [
          "-1"
        ]
      },
      "ResponseBody": "",
      "StatusCode": 202
    },
    {
      "RequestUri": "/subscriptions/21abd678-18c5-4660-9fdd-8c5ba6b6fe1f/providers/Microsoft.Batch/locations/eastus/accountOperationResults/azsmnet1882-cf9de990-f5ff-4056-8645-32476ebe669c?api-version=2020-05-01",
      "EncodedRequestUri": "L3N1YnNjcmlwdGlvbnMvMjFhYmQ2NzgtMThjNS00NjYwLTlmZGQtOGM1YmE2YjZmZTFmL3Byb3ZpZGVycy9NaWNyb3NvZnQuQmF0Y2gvbG9jYXRpb25zL2Vhc3R1cy9hY2NvdW50T3BlcmF0aW9uUmVzdWx0cy9henNtbmV0MTg4Mi1jZjlkZTk5MC1mNWZmLTQwNTYtODY0NS0zMjQ3NmViZTY2OWM/YXBpLXZlcnNpb249MjAyMC0wNS0wMQ==",
      "RequestMethod": "GET",
      "RequestBody": "",
      "RequestHeaders": {
        "User-Agent": [
          "FxVersion/4.6.26614.01",
          "OSName/Windows",
          "OSVersion/Microsoft.Windows.10.0.18363.",
          "Microsoft.Azure.Management.Batch.BatchManagementClient/10.0.0.0"
        ]
      },
      "ResponseHeaders": {
        "Cache-Control": [
          "no-cache"
        ],
        "Date": [
          "Fri, 29 May 2020 16:26:46 GMT"
        ],
        "Pragma": [
          "no-cache"
        ],
        "Location": [
          "https://management.azure.com/subscriptions/21abd678-18c5-4660-9fdd-8c5ba6b6fe1f/providers/Microsoft.Batch/locations/eastus/accountOperationResults/azsmnet1882-cf9de990-f5ff-4056-8645-32476ebe669c?api-version=2020-05-01"
        ],
        "Retry-After": [
          "15"
        ],
        "Server": [
          "Microsoft-HTTPAPI/2.0"
        ],
        "x-ms-request-id": [
          "f3bd807a-5c36-4034-b70b-8c376d4b6047"
        ],
        "Strict-Transport-Security": [
          "max-age=31536000; includeSubDomains"
        ],
        "X-Content-Type-Options": [
          "nosniff"
        ],
        "x-ms-ratelimit-remaining-subscription-reads": [
          "11985"
        ],
        "x-ms-correlation-request-id": [
          "e712760f-04e6-4c78-91f0-b020ea5d965b"
        ],
        "x-ms-routing-request-id": [
          "WESTUS:20200529T162647Z:e712760f-04e6-4c78-91f0-b020ea5d965b"
        ],
        "Content-Length": [
          "0"
        ],
        "Expires": [
          "-1"
        ]
      },
      "ResponseBody": "",
      "StatusCode": 202
    },
    {
      "RequestUri": "/subscriptions/21abd678-18c5-4660-9fdd-8c5ba6b6fe1f/providers/Microsoft.Batch/locations/eastus/accountOperationResults/azsmnet1882-cf9de990-f5ff-4056-8645-32476ebe669c?api-version=2020-05-01",
      "EncodedRequestUri": "L3N1YnNjcmlwdGlvbnMvMjFhYmQ2NzgtMThjNS00NjYwLTlmZGQtOGM1YmE2YjZmZTFmL3Byb3ZpZGVycy9NaWNyb3NvZnQuQmF0Y2gvbG9jYXRpb25zL2Vhc3R1cy9hY2NvdW50T3BlcmF0aW9uUmVzdWx0cy9henNtbmV0MTg4Mi1jZjlkZTk5MC1mNWZmLTQwNTYtODY0NS0zMjQ3NmViZTY2OWM/YXBpLXZlcnNpb249MjAyMC0wNS0wMQ==",
      "RequestMethod": "GET",
      "RequestBody": "",
      "RequestHeaders": {
        "User-Agent": [
          "FxVersion/4.6.26614.01",
          "OSName/Windows",
          "OSVersion/Microsoft.Windows.10.0.18363.",
          "Microsoft.Azure.Management.Batch.BatchManagementClient/10.0.0.0"
        ]
      },
      "ResponseHeaders": {
        "Cache-Control": [
          "no-cache"
        ],
        "Date": [
          "Fri, 29 May 2020 16:27:01 GMT"
        ],
        "Pragma": [
          "no-cache"
        ],
        "Location": [
          "https://management.azure.com/subscriptions/21abd678-18c5-4660-9fdd-8c5ba6b6fe1f/providers/Microsoft.Batch/locations/eastus/accountOperationResults/azsmnet1882-cf9de990-f5ff-4056-8645-32476ebe669c?api-version=2020-05-01"
        ],
        "Retry-After": [
          "15"
        ],
        "Server": [
          "Microsoft-HTTPAPI/2.0"
        ],
        "x-ms-request-id": [
          "47095f2f-6a53-4721-9571-a2df88c72eba"
        ],
        "Strict-Transport-Security": [
          "max-age=31536000; includeSubDomains"
        ],
        "X-Content-Type-Options": [
          "nosniff"
        ],
        "x-ms-ratelimit-remaining-subscription-reads": [
          "11984"
        ],
        "x-ms-correlation-request-id": [
          "dafaa20b-0297-42ab-a595-9857f05d81fb"
        ],
        "x-ms-routing-request-id": [
          "WESTUS:20200529T162702Z:dafaa20b-0297-42ab-a595-9857f05d81fb"
        ],
        "Content-Length": [
          "0"
        ],
        "Expires": [
          "-1"
        ]
      },
      "ResponseBody": "",
      "StatusCode": 202
    },
    {
      "RequestUri": "/subscriptions/21abd678-18c5-4660-9fdd-8c5ba6b6fe1f/providers/Microsoft.Batch/locations/eastus/accountOperationResults/azsmnet1882-cf9de990-f5ff-4056-8645-32476ebe669c?api-version=2020-05-01",
      "EncodedRequestUri": "L3N1YnNjcmlwdGlvbnMvMjFhYmQ2NzgtMThjNS00NjYwLTlmZGQtOGM1YmE2YjZmZTFmL3Byb3ZpZGVycy9NaWNyb3NvZnQuQmF0Y2gvbG9jYXRpb25zL2Vhc3R1cy9hY2NvdW50T3BlcmF0aW9uUmVzdWx0cy9henNtbmV0MTg4Mi1jZjlkZTk5MC1mNWZmLTQwNTYtODY0NS0zMjQ3NmViZTY2OWM/YXBpLXZlcnNpb249MjAyMC0wNS0wMQ==",
      "RequestMethod": "GET",
      "RequestBody": "",
      "RequestHeaders": {
        "User-Agent": [
          "FxVersion/4.6.26614.01",
          "OSName/Windows",
          "OSVersion/Microsoft.Windows.10.0.18363.",
          "Microsoft.Azure.Management.Batch.BatchManagementClient/10.0.0.0"
        ]
      },
      "ResponseHeaders": {
        "Cache-Control": [
          "no-cache"
        ],
        "Date": [
          "Fri, 29 May 2020 16:27:16 GMT"
        ],
        "Pragma": [
          "no-cache"
        ],
        "Location": [
          "https://management.azure.com/subscriptions/21abd678-18c5-4660-9fdd-8c5ba6b6fe1f/providers/Microsoft.Batch/locations/eastus/accountOperationResults/azsmnet1882-cf9de990-f5ff-4056-8645-32476ebe669c?api-version=2020-05-01"
        ],
        "Retry-After": [
          "15"
        ],
        "Server": [
          "Microsoft-HTTPAPI/2.0"
        ],
        "x-ms-request-id": [
          "5551e832-5b08-4b19-89f7-5b1c27920cb2"
        ],
        "Strict-Transport-Security": [
          "max-age=31536000; includeSubDomains"
        ],
        "X-Content-Type-Options": [
          "nosniff"
        ],
        "x-ms-ratelimit-remaining-subscription-reads": [
          "11983"
        ],
        "x-ms-correlation-request-id": [
          "fb9cfa77-85a1-489d-b4a3-e8b81693df93"
        ],
        "x-ms-routing-request-id": [
          "WESTUS:20200529T162717Z:fb9cfa77-85a1-489d-b4a3-e8b81693df93"
        ],
        "Content-Length": [
          "0"
        ],
        "Expires": [
          "-1"
        ]
      },
      "ResponseBody": "",
      "StatusCode": 202
    },
    {
      "RequestUri": "/subscriptions/21abd678-18c5-4660-9fdd-8c5ba6b6fe1f/providers/Microsoft.Batch/locations/eastus/accountOperationResults/azsmnet1882-cf9de990-f5ff-4056-8645-32476ebe669c?api-version=2020-05-01",
      "EncodedRequestUri": "L3N1YnNjcmlwdGlvbnMvMjFhYmQ2NzgtMThjNS00NjYwLTlmZGQtOGM1YmE2YjZmZTFmL3Byb3ZpZGVycy9NaWNyb3NvZnQuQmF0Y2gvbG9jYXRpb25zL2Vhc3R1cy9hY2NvdW50T3BlcmF0aW9uUmVzdWx0cy9henNtbmV0MTg4Mi1jZjlkZTk5MC1mNWZmLTQwNTYtODY0NS0zMjQ3NmViZTY2OWM/YXBpLXZlcnNpb249MjAyMC0wNS0wMQ==",
      "RequestMethod": "GET",
      "RequestBody": "",
      "RequestHeaders": {
        "User-Agent": [
          "FxVersion/4.6.26614.01",
          "OSName/Windows",
          "OSVersion/Microsoft.Windows.10.0.18363.",
          "Microsoft.Azure.Management.Batch.BatchManagementClient/10.0.0.0"
        ]
      },
      "ResponseHeaders": {
        "Cache-Control": [
          "no-cache"
        ],
        "Date": [
          "Fri, 29 May 2020 16:27:32 GMT"
        ],
        "Pragma": [
          "no-cache"
        ],
        "Location": [
          "https://management.azure.com/subscriptions/21abd678-18c5-4660-9fdd-8c5ba6b6fe1f/providers/Microsoft.Batch/locations/eastus/accountOperationResults/azsmnet1882-cf9de990-f5ff-4056-8645-32476ebe669c?api-version=2020-05-01"
        ],
        "Retry-After": [
          "15"
        ],
        "Server": [
          "Microsoft-HTTPAPI/2.0"
        ],
        "x-ms-request-id": [
          "357da888-0cf2-4115-8bc5-cb6989e82215"
        ],
        "Strict-Transport-Security": [
          "max-age=31536000; includeSubDomains"
        ],
        "X-Content-Type-Options": [
          "nosniff"
        ],
        "x-ms-ratelimit-remaining-subscription-reads": [
          "11982"
        ],
        "x-ms-correlation-request-id": [
          "3c2c7991-601c-40c5-801e-5366502e283c"
        ],
        "x-ms-routing-request-id": [
          "WESTUS:20200529T162732Z:3c2c7991-601c-40c5-801e-5366502e283c"
        ],
        "Content-Length": [
          "0"
        ],
        "Expires": [
          "-1"
        ]
      },
      "ResponseBody": "",
      "StatusCode": 202
    },
    {
      "RequestUri": "/subscriptions/21abd678-18c5-4660-9fdd-8c5ba6b6fe1f/providers/Microsoft.Batch/locations/eastus/accountOperationResults/azsmnet1882-cf9de990-f5ff-4056-8645-32476ebe669c?api-version=2020-05-01",
      "EncodedRequestUri": "L3N1YnNjcmlwdGlvbnMvMjFhYmQ2NzgtMThjNS00NjYwLTlmZGQtOGM1YmE2YjZmZTFmL3Byb3ZpZGVycy9NaWNyb3NvZnQuQmF0Y2gvbG9jYXRpb25zL2Vhc3R1cy9hY2NvdW50T3BlcmF0aW9uUmVzdWx0cy9henNtbmV0MTg4Mi1jZjlkZTk5MC1mNWZmLTQwNTYtODY0NS0zMjQ3NmViZTY2OWM/YXBpLXZlcnNpb249MjAyMC0wNS0wMQ==",
      "RequestMethod": "GET",
      "RequestBody": "",
      "RequestHeaders": {
        "User-Agent": [
          "FxVersion/4.6.26614.01",
          "OSName/Windows",
          "OSVersion/Microsoft.Windows.10.0.18363.",
          "Microsoft.Azure.Management.Batch.BatchManagementClient/10.0.0.0"
        ]
      },
      "ResponseHeaders": {
        "Cache-Control": [
          "no-cache"
        ],
        "Date": [
          "Fri, 29 May 2020 16:27:47 GMT"
        ],
        "Pragma": [
          "no-cache"
        ],
        "Location": [
          "https://management.azure.com/subscriptions/21abd678-18c5-4660-9fdd-8c5ba6b6fe1f/providers/Microsoft.Batch/locations/eastus/accountOperationResults/azsmnet1882-cf9de990-f5ff-4056-8645-32476ebe669c?api-version=2020-05-01"
        ],
        "Retry-After": [
          "15"
        ],
        "Server": [
          "Microsoft-HTTPAPI/2.0"
        ],
        "x-ms-request-id": [
          "d21e81fe-c91e-4b75-8503-d42ba96e3b63"
        ],
        "Strict-Transport-Security": [
          "max-age=31536000; includeSubDomains"
        ],
        "X-Content-Type-Options": [
          "nosniff"
        ],
        "x-ms-ratelimit-remaining-subscription-reads": [
          "11981"
        ],
        "x-ms-correlation-request-id": [
          "686e075c-8f53-4107-99c2-b1be3167853c"
        ],
        "x-ms-routing-request-id": [
          "WESTUS:20200529T162747Z:686e075c-8f53-4107-99c2-b1be3167853c"
        ],
        "Content-Length": [
          "0"
        ],
        "Expires": [
          "-1"
        ]
      },
      "ResponseBody": "",
      "StatusCode": 202
    },
    {
      "RequestUri": "/subscriptions/21abd678-18c5-4660-9fdd-8c5ba6b6fe1f/providers/Microsoft.Batch/locations/eastus/accountOperationResults/azsmnet1882-cf9de990-f5ff-4056-8645-32476ebe669c?api-version=2020-05-01",
      "EncodedRequestUri": "L3N1YnNjcmlwdGlvbnMvMjFhYmQ2NzgtMThjNS00NjYwLTlmZGQtOGM1YmE2YjZmZTFmL3Byb3ZpZGVycy9NaWNyb3NvZnQuQmF0Y2gvbG9jYXRpb25zL2Vhc3R1cy9hY2NvdW50T3BlcmF0aW9uUmVzdWx0cy9henNtbmV0MTg4Mi1jZjlkZTk5MC1mNWZmLTQwNTYtODY0NS0zMjQ3NmViZTY2OWM/YXBpLXZlcnNpb249MjAyMC0wNS0wMQ==",
      "RequestMethod": "GET",
      "RequestBody": "",
      "RequestHeaders": {
        "User-Agent": [
          "FxVersion/4.6.26614.01",
          "OSName/Windows",
          "OSVersion/Microsoft.Windows.10.0.18363.",
          "Microsoft.Azure.Management.Batch.BatchManagementClient/10.0.0.0"
        ]
      },
      "ResponseHeaders": {
        "Cache-Control": [
          "no-cache"
        ],
        "Date": [
          "Fri, 29 May 2020 16:28:02 GMT"
        ],
        "Pragma": [
          "no-cache"
        ],
        "Location": [
          "https://management.azure.com/subscriptions/21abd678-18c5-4660-9fdd-8c5ba6b6fe1f/providers/Microsoft.Batch/locations/eastus/accountOperationResults/azsmnet1882-cf9de990-f5ff-4056-8645-32476ebe669c?api-version=2020-05-01"
        ],
        "Retry-After": [
          "15"
        ],
        "Server": [
          "Microsoft-HTTPAPI/2.0"
        ],
        "x-ms-request-id": [
          "7dd767a6-98c0-4eda-927f-416eeeb0a19b"
        ],
        "Strict-Transport-Security": [
          "max-age=31536000; includeSubDomains"
        ],
        "X-Content-Type-Options": [
          "nosniff"
        ],
        "x-ms-ratelimit-remaining-subscription-reads": [
          "11980"
        ],
        "x-ms-correlation-request-id": [
          "dc880d14-0f2c-4ac7-bff3-0ac989ecd2b1"
        ],
        "x-ms-routing-request-id": [
          "WESTUS:20200529T162802Z:dc880d14-0f2c-4ac7-bff3-0ac989ecd2b1"
        ],
        "Content-Length": [
          "0"
        ],
        "Expires": [
          "-1"
        ]
      },
      "ResponseBody": "",
      "StatusCode": 202
    },
    {
      "RequestUri": "/subscriptions/21abd678-18c5-4660-9fdd-8c5ba6b6fe1f/providers/Microsoft.Batch/locations/eastus/accountOperationResults/azsmnet1882-cf9de990-f5ff-4056-8645-32476ebe669c?api-version=2020-05-01",
      "EncodedRequestUri": "L3N1YnNjcmlwdGlvbnMvMjFhYmQ2NzgtMThjNS00NjYwLTlmZGQtOGM1YmE2YjZmZTFmL3Byb3ZpZGVycy9NaWNyb3NvZnQuQmF0Y2gvbG9jYXRpb25zL2Vhc3R1cy9hY2NvdW50T3BlcmF0aW9uUmVzdWx0cy9henNtbmV0MTg4Mi1jZjlkZTk5MC1mNWZmLTQwNTYtODY0NS0zMjQ3NmViZTY2OWM/YXBpLXZlcnNpb249MjAyMC0wNS0wMQ==",
      "RequestMethod": "GET",
      "RequestBody": "",
      "RequestHeaders": {
        "User-Agent": [
          "FxVersion/4.6.26614.01",
          "OSName/Windows",
          "OSVersion/Microsoft.Windows.10.0.18363.",
          "Microsoft.Azure.Management.Batch.BatchManagementClient/10.0.0.0"
        ]
      },
      "ResponseHeaders": {
        "Cache-Control": [
          "no-cache"
        ],
        "Date": [
          "Fri, 29 May 2020 16:28:17 GMT"
        ],
        "Pragma": [
          "no-cache"
        ],
        "Location": [
          "https://management.azure.com/subscriptions/21abd678-18c5-4660-9fdd-8c5ba6b6fe1f/providers/Microsoft.Batch/locations/eastus/accountOperationResults/azsmnet1882-cf9de990-f5ff-4056-8645-32476ebe669c?api-version=2020-05-01"
        ],
        "Retry-After": [
          "15"
        ],
        "Server": [
          "Microsoft-HTTPAPI/2.0"
        ],
        "x-ms-request-id": [
          "2631f404-c760-463e-9bad-6e400cdf71b2"
        ],
        "Strict-Transport-Security": [
          "max-age=31536000; includeSubDomains"
        ],
        "X-Content-Type-Options": [
          "nosniff"
        ],
        "x-ms-ratelimit-remaining-subscription-reads": [
          "11979"
        ],
        "x-ms-correlation-request-id": [
          "07c656cb-d3b7-4c58-a7f5-3d1fa01f2e7c"
        ],
        "x-ms-routing-request-id": [
          "WESTUS:20200529T162818Z:07c656cb-d3b7-4c58-a7f5-3d1fa01f2e7c"
        ],
        "Content-Length": [
          "0"
        ],
        "Expires": [
          "-1"
        ]
      },
      "ResponseBody": "",
      "StatusCode": 202
    },
    {
      "RequestUri": "/subscriptions/21abd678-18c5-4660-9fdd-8c5ba6b6fe1f/providers/Microsoft.Batch/locations/eastus/accountOperationResults/azsmnet1882-cf9de990-f5ff-4056-8645-32476ebe669c?api-version=2020-05-01",
      "EncodedRequestUri": "L3N1YnNjcmlwdGlvbnMvMjFhYmQ2NzgtMThjNS00NjYwLTlmZGQtOGM1YmE2YjZmZTFmL3Byb3ZpZGVycy9NaWNyb3NvZnQuQmF0Y2gvbG9jYXRpb25zL2Vhc3R1cy9hY2NvdW50T3BlcmF0aW9uUmVzdWx0cy9henNtbmV0MTg4Mi1jZjlkZTk5MC1mNWZmLTQwNTYtODY0NS0zMjQ3NmViZTY2OWM/YXBpLXZlcnNpb249MjAyMC0wNS0wMQ==",
      "RequestMethod": "GET",
      "RequestBody": "",
      "RequestHeaders": {
        "User-Agent": [
          "FxVersion/4.6.26614.01",
          "OSName/Windows",
          "OSVersion/Microsoft.Windows.10.0.18363.",
          "Microsoft.Azure.Management.Batch.BatchManagementClient/10.0.0.0"
        ]
      },
      "ResponseHeaders": {
        "Cache-Control": [
          "no-cache"
        ],
        "Date": [
          "Fri, 29 May 2020 16:28:32 GMT"
        ],
        "Pragma": [
          "no-cache"
        ],
        "Location": [
          "https://management.azure.com/subscriptions/21abd678-18c5-4660-9fdd-8c5ba6b6fe1f/providers/Microsoft.Batch/locations/eastus/accountOperationResults/azsmnet1882-cf9de990-f5ff-4056-8645-32476ebe669c?api-version=2020-05-01"
        ],
        "Retry-After": [
          "15"
        ],
        "Server": [
          "Microsoft-HTTPAPI/2.0"
        ],
        "x-ms-request-id": [
          "2d1ee261-6e90-43ca-b17e-c1785544d3c3"
        ],
        "Strict-Transport-Security": [
          "max-age=31536000; includeSubDomains"
        ],
        "X-Content-Type-Options": [
          "nosniff"
        ],
        "x-ms-ratelimit-remaining-subscription-reads": [
          "11978"
        ],
        "x-ms-correlation-request-id": [
          "73be1790-c000-4c9d-9339-3414020fe577"
        ],
        "x-ms-routing-request-id": [
          "WESTUS:20200529T162833Z:73be1790-c000-4c9d-9339-3414020fe577"
        ],
        "Content-Length": [
          "0"
        ],
        "Expires": [
          "-1"
        ]
      },
      "ResponseBody": "",
      "StatusCode": 202
    },
    {
      "RequestUri": "/subscriptions/21abd678-18c5-4660-9fdd-8c5ba6b6fe1f/providers/Microsoft.Batch/locations/eastus/accountOperationResults/azsmnet1882-cf9de990-f5ff-4056-8645-32476ebe669c?api-version=2020-05-01",
      "EncodedRequestUri": "L3N1YnNjcmlwdGlvbnMvMjFhYmQ2NzgtMThjNS00NjYwLTlmZGQtOGM1YmE2YjZmZTFmL3Byb3ZpZGVycy9NaWNyb3NvZnQuQmF0Y2gvbG9jYXRpb25zL2Vhc3R1cy9hY2NvdW50T3BlcmF0aW9uUmVzdWx0cy9henNtbmV0MTg4Mi1jZjlkZTk5MC1mNWZmLTQwNTYtODY0NS0zMjQ3NmViZTY2OWM/YXBpLXZlcnNpb249MjAyMC0wNS0wMQ==",
      "RequestMethod": "GET",
      "RequestBody": "",
      "RequestHeaders": {
        "User-Agent": [
          "FxVersion/4.6.26614.01",
          "OSName/Windows",
          "OSVersion/Microsoft.Windows.10.0.18363.",
          "Microsoft.Azure.Management.Batch.BatchManagementClient/10.0.0.0"
        ]
      },
      "ResponseHeaders": {
        "Cache-Control": [
          "no-cache"
        ],
        "Date": [
          "Fri, 29 May 2020 16:28:47 GMT"
        ],
        "Pragma": [
          "no-cache"
        ],
        "Location": [
          "https://management.azure.com/subscriptions/21abd678-18c5-4660-9fdd-8c5ba6b6fe1f/providers/Microsoft.Batch/locations/eastus/accountOperationResults/azsmnet1882-cf9de990-f5ff-4056-8645-32476ebe669c?api-version=2020-05-01"
        ],
        "Retry-After": [
          "15"
        ],
        "Server": [
          "Microsoft-HTTPAPI/2.0"
        ],
        "x-ms-request-id": [
          "e383429a-7523-4e38-bf86-bd77d693a590"
        ],
        "Strict-Transport-Security": [
          "max-age=31536000; includeSubDomains"
        ],
        "X-Content-Type-Options": [
          "nosniff"
        ],
        "x-ms-ratelimit-remaining-subscription-reads": [
          "11977"
        ],
        "x-ms-correlation-request-id": [
          "2bdd093d-9aa8-4029-bbfe-efde113813bf"
        ],
        "x-ms-routing-request-id": [
          "WESTUS:20200529T162848Z:2bdd093d-9aa8-4029-bbfe-efde113813bf"
        ],
        "Content-Length": [
          "0"
        ],
        "Expires": [
          "-1"
        ]
      },
      "ResponseBody": "",
      "StatusCode": 202
    },
    {
      "RequestUri": "/subscriptions/21abd678-18c5-4660-9fdd-8c5ba6b6fe1f/providers/Microsoft.Batch/locations/eastus/accountOperationResults/azsmnet1882-cf9de990-f5ff-4056-8645-32476ebe669c?api-version=2020-05-01",
      "EncodedRequestUri": "L3N1YnNjcmlwdGlvbnMvMjFhYmQ2NzgtMThjNS00NjYwLTlmZGQtOGM1YmE2YjZmZTFmL3Byb3ZpZGVycy9NaWNyb3NvZnQuQmF0Y2gvbG9jYXRpb25zL2Vhc3R1cy9hY2NvdW50T3BlcmF0aW9uUmVzdWx0cy9henNtbmV0MTg4Mi1jZjlkZTk5MC1mNWZmLTQwNTYtODY0NS0zMjQ3NmViZTY2OWM/YXBpLXZlcnNpb249MjAyMC0wNS0wMQ==",
      "RequestMethod": "GET",
      "RequestBody": "",
      "RequestHeaders": {
        "User-Agent": [
          "FxVersion/4.6.26614.01",
          "OSName/Windows",
          "OSVersion/Microsoft.Windows.10.0.18363.",
          "Microsoft.Azure.Management.Batch.BatchManagementClient/10.0.0.0"
        ]
      },
      "ResponseHeaders": {
        "Cache-Control": [
          "no-cache"
        ],
        "Date": [
          "Fri, 29 May 2020 16:29:03 GMT"
        ],
        "Pragma": [
          "no-cache"
        ],
        "Location": [
          "https://management.azure.com/subscriptions/21abd678-18c5-4660-9fdd-8c5ba6b6fe1f/providers/Microsoft.Batch/locations/eastus/accountOperationResults/azsmnet1882-cf9de990-f5ff-4056-8645-32476ebe669c?api-version=2020-05-01"
        ],
        "Retry-After": [
          "15"
        ],
        "Server": [
          "Microsoft-HTTPAPI/2.0"
        ],
        "x-ms-request-id": [
          "81960e45-ce8c-4244-a854-c75c22cdd098"
        ],
        "Strict-Transport-Security": [
          "max-age=31536000; includeSubDomains"
        ],
        "X-Content-Type-Options": [
          "nosniff"
        ],
        "x-ms-ratelimit-remaining-subscription-reads": [
          "11976"
        ],
        "x-ms-correlation-request-id": [
          "7a43ffec-df68-424b-b6b0-7b8440a904f1"
        ],
        "x-ms-routing-request-id": [
          "WESTUS:20200529T162903Z:7a43ffec-df68-424b-b6b0-7b8440a904f1"
        ],
        "Content-Length": [
          "0"
        ],
        "Expires": [
          "-1"
        ]
      },
      "ResponseBody": "",
      "StatusCode": 202
    },
    {
      "RequestUri": "/subscriptions/21abd678-18c5-4660-9fdd-8c5ba6b6fe1f/providers/Microsoft.Batch/locations/eastus/accountOperationResults/azsmnet1882-cf9de990-f5ff-4056-8645-32476ebe669c?api-version=2020-05-01",
      "EncodedRequestUri": "L3N1YnNjcmlwdGlvbnMvMjFhYmQ2NzgtMThjNS00NjYwLTlmZGQtOGM1YmE2YjZmZTFmL3Byb3ZpZGVycy9NaWNyb3NvZnQuQmF0Y2gvbG9jYXRpb25zL2Vhc3R1cy9hY2NvdW50T3BlcmF0aW9uUmVzdWx0cy9henNtbmV0MTg4Mi1jZjlkZTk5MC1mNWZmLTQwNTYtODY0NS0zMjQ3NmViZTY2OWM/YXBpLXZlcnNpb249MjAyMC0wNS0wMQ==",
      "RequestMethod": "GET",
      "RequestBody": "",
      "RequestHeaders": {
        "User-Agent": [
          "FxVersion/4.6.26614.01",
          "OSName/Windows",
          "OSVersion/Microsoft.Windows.10.0.18363.",
          "Microsoft.Azure.Management.Batch.BatchManagementClient/10.0.0.0"
        ]
      },
      "ResponseHeaders": {
        "Cache-Control": [
          "no-cache"
        ],
        "Date": [
          "Fri, 29 May 2020 16:29:18 GMT"
        ],
        "Pragma": [
          "no-cache"
        ],
        "Location": [
          "https://management.azure.com/subscriptions/21abd678-18c5-4660-9fdd-8c5ba6b6fe1f/providers/Microsoft.Batch/locations/eastus/accountOperationResults/azsmnet1882-cf9de990-f5ff-4056-8645-32476ebe669c?api-version=2020-05-01"
        ],
        "Retry-After": [
          "15"
        ],
        "Server": [
          "Microsoft-HTTPAPI/2.0"
        ],
        "x-ms-request-id": [
          "d6c639e0-04fa-41bd-a213-c603cfae3fc3"
        ],
        "Strict-Transport-Security": [
          "max-age=31536000; includeSubDomains"
        ],
        "X-Content-Type-Options": [
          "nosniff"
        ],
        "x-ms-ratelimit-remaining-subscription-reads": [
          "11975"
        ],
        "x-ms-correlation-request-id": [
          "368fe9a3-b65b-4705-a96c-8c7a41fa9b8b"
        ],
        "x-ms-routing-request-id": [
          "WESTUS:20200529T162918Z:368fe9a3-b65b-4705-a96c-8c7a41fa9b8b"
        ],
        "Content-Length": [
          "0"
        ],
        "Expires": [
          "-1"
        ]
      },
      "ResponseBody": "",
      "StatusCode": 202
    },
    {
      "RequestUri": "/subscriptions/21abd678-18c5-4660-9fdd-8c5ba6b6fe1f/providers/Microsoft.Batch/locations/eastus/accountOperationResults/azsmnet1882-cf9de990-f5ff-4056-8645-32476ebe669c?api-version=2020-05-01",
      "EncodedRequestUri": "L3N1YnNjcmlwdGlvbnMvMjFhYmQ2NzgtMThjNS00NjYwLTlmZGQtOGM1YmE2YjZmZTFmL3Byb3ZpZGVycy9NaWNyb3NvZnQuQmF0Y2gvbG9jYXRpb25zL2Vhc3R1cy9hY2NvdW50T3BlcmF0aW9uUmVzdWx0cy9henNtbmV0MTg4Mi1jZjlkZTk5MC1mNWZmLTQwNTYtODY0NS0zMjQ3NmViZTY2OWM/YXBpLXZlcnNpb249MjAyMC0wNS0wMQ==",
      "RequestMethod": "GET",
      "RequestBody": "",
      "RequestHeaders": {
        "User-Agent": [
          "FxVersion/4.6.26614.01",
          "OSName/Windows",
          "OSVersion/Microsoft.Windows.10.0.18363.",
          "Microsoft.Azure.Management.Batch.BatchManagementClient/10.0.0.0"
        ]
      },
      "ResponseHeaders": {
        "Cache-Control": [
          "no-cache"
        ],
        "Date": [
          "Fri, 29 May 2020 16:29:33 GMT"
        ],
        "Pragma": [
          "no-cache"
        ],
        "Location": [
          "https://management.azure.com/subscriptions/21abd678-18c5-4660-9fdd-8c5ba6b6fe1f/providers/Microsoft.Batch/locations/eastus/accountOperationResults/azsmnet1882-cf9de990-f5ff-4056-8645-32476ebe669c?api-version=2020-05-01"
        ],
        "Retry-After": [
          "15"
        ],
        "Server": [
          "Microsoft-HTTPAPI/2.0"
        ],
        "x-ms-request-id": [
          "7d5c72ba-4569-4fb3-bab4-5ab9bba8dada"
        ],
        "Strict-Transport-Security": [
          "max-age=31536000; includeSubDomains"
        ],
        "X-Content-Type-Options": [
          "nosniff"
        ],
        "x-ms-ratelimit-remaining-subscription-reads": [
          "11974"
        ],
        "x-ms-correlation-request-id": [
          "f411a742-5885-4e7d-88e2-b5f121712b82"
        ],
        "x-ms-routing-request-id": [
          "WESTUS:20200529T162933Z:f411a742-5885-4e7d-88e2-b5f121712b82"
        ],
        "Content-Length": [
          "0"
        ],
        "Expires": [
          "-1"
        ]
      },
      "ResponseBody": "",
      "StatusCode": 202
    },
    {
      "RequestUri": "/subscriptions/21abd678-18c5-4660-9fdd-8c5ba6b6fe1f/providers/Microsoft.Batch/locations/eastus/accountOperationResults/azsmnet1882-cf9de990-f5ff-4056-8645-32476ebe669c?api-version=2020-05-01",
      "EncodedRequestUri": "L3N1YnNjcmlwdGlvbnMvMjFhYmQ2NzgtMThjNS00NjYwLTlmZGQtOGM1YmE2YjZmZTFmL3Byb3ZpZGVycy9NaWNyb3NvZnQuQmF0Y2gvbG9jYXRpb25zL2Vhc3R1cy9hY2NvdW50T3BlcmF0aW9uUmVzdWx0cy9henNtbmV0MTg4Mi1jZjlkZTk5MC1mNWZmLTQwNTYtODY0NS0zMjQ3NmViZTY2OWM/YXBpLXZlcnNpb249MjAyMC0wNS0wMQ==",
      "RequestMethod": "GET",
      "RequestBody": "",
      "RequestHeaders": {
        "User-Agent": [
          "FxVersion/4.6.26614.01",
          "OSName/Windows",
          "OSVersion/Microsoft.Windows.10.0.18363.",
          "Microsoft.Azure.Management.Batch.BatchManagementClient/10.0.0.0"
        ]
      },
      "ResponseHeaders": {
        "Cache-Control": [
          "no-cache"
        ],
        "Date": [
          "Fri, 29 May 2020 16:29:48 GMT"
        ],
        "Pragma": [
          "no-cache"
        ],
        "Location": [
          "https://management.azure.com/subscriptions/21abd678-18c5-4660-9fdd-8c5ba6b6fe1f/providers/Microsoft.Batch/locations/eastus/accountOperationResults/azsmnet1882-cf9de990-f5ff-4056-8645-32476ebe669c?api-version=2020-05-01"
        ],
        "Retry-After": [
          "15"
        ],
        "Server": [
          "Microsoft-HTTPAPI/2.0"
        ],
        "x-ms-request-id": [
          "4230fdf0-93bc-4bf7-bba9-aa01f9e27e14"
        ],
        "Strict-Transport-Security": [
          "max-age=31536000; includeSubDomains"
        ],
        "X-Content-Type-Options": [
          "nosniff"
        ],
        "x-ms-ratelimit-remaining-subscription-reads": [
          "11973"
        ],
        "x-ms-correlation-request-id": [
          "2d06d887-f53e-4220-b220-63d5dc5e4b65"
        ],
        "x-ms-routing-request-id": [
          "WESTUS:20200529T162949Z:2d06d887-f53e-4220-b220-63d5dc5e4b65"
        ],
        "Content-Length": [
          "0"
        ],
        "Expires": [
          "-1"
        ]
      },
      "ResponseBody": "",
      "StatusCode": 202
    },
    {
      "RequestUri": "/subscriptions/21abd678-18c5-4660-9fdd-8c5ba6b6fe1f/providers/Microsoft.Batch/locations/eastus/accountOperationResults/azsmnet1882-cf9de990-f5ff-4056-8645-32476ebe669c?api-version=2020-05-01",
      "EncodedRequestUri": "L3N1YnNjcmlwdGlvbnMvMjFhYmQ2NzgtMThjNS00NjYwLTlmZGQtOGM1YmE2YjZmZTFmL3Byb3ZpZGVycy9NaWNyb3NvZnQuQmF0Y2gvbG9jYXRpb25zL2Vhc3R1cy9hY2NvdW50T3BlcmF0aW9uUmVzdWx0cy9henNtbmV0MTg4Mi1jZjlkZTk5MC1mNWZmLTQwNTYtODY0NS0zMjQ3NmViZTY2OWM/YXBpLXZlcnNpb249MjAyMC0wNS0wMQ==",
      "RequestMethod": "GET",
      "RequestBody": "",
      "RequestHeaders": {
        "User-Agent": [
          "FxVersion/4.6.26614.01",
          "OSName/Windows",
          "OSVersion/Microsoft.Windows.10.0.18363.",
          "Microsoft.Azure.Management.Batch.BatchManagementClient/10.0.0.0"
        ]
      },
      "ResponseHeaders": {
        "Cache-Control": [
          "no-cache"
        ],
        "Date": [
          "Fri, 29 May 2020 16:30:03 GMT"
        ],
        "Pragma": [
          "no-cache"
        ],
        "Location": [
          "https://management.azure.com/subscriptions/21abd678-18c5-4660-9fdd-8c5ba6b6fe1f/providers/Microsoft.Batch/locations/eastus/accountOperationResults/azsmnet1882-cf9de990-f5ff-4056-8645-32476ebe669c?api-version=2020-05-01"
        ],
        "Retry-After": [
          "15"
        ],
        "Server": [
          "Microsoft-HTTPAPI/2.0"
        ],
        "x-ms-request-id": [
          "4cc2a26e-ca87-49e3-b40f-3f32d22a1e0e"
        ],
        "Strict-Transport-Security": [
          "max-age=31536000; includeSubDomains"
        ],
        "X-Content-Type-Options": [
          "nosniff"
        ],
        "x-ms-ratelimit-remaining-subscription-reads": [
          "11972"
        ],
        "x-ms-correlation-request-id": [
          "d665ede8-3f50-4938-8823-0f9e5dbe8866"
        ],
        "x-ms-routing-request-id": [
          "WESTUS:20200529T163004Z:d665ede8-3f50-4938-8823-0f9e5dbe8866"
        ],
        "Content-Length": [
          "0"
        ],
        "Expires": [
          "-1"
        ]
      },
      "ResponseBody": "",
      "StatusCode": 202
    },
    {
      "RequestUri": "/subscriptions/21abd678-18c5-4660-9fdd-8c5ba6b6fe1f/providers/Microsoft.Batch/locations/eastus/accountOperationResults/azsmnet1882-cf9de990-f5ff-4056-8645-32476ebe669c?api-version=2020-05-01",
      "EncodedRequestUri": "L3N1YnNjcmlwdGlvbnMvMjFhYmQ2NzgtMThjNS00NjYwLTlmZGQtOGM1YmE2YjZmZTFmL3Byb3ZpZGVycy9NaWNyb3NvZnQuQmF0Y2gvbG9jYXRpb25zL2Vhc3R1cy9hY2NvdW50T3BlcmF0aW9uUmVzdWx0cy9henNtbmV0MTg4Mi1jZjlkZTk5MC1mNWZmLTQwNTYtODY0NS0zMjQ3NmViZTY2OWM/YXBpLXZlcnNpb249MjAyMC0wNS0wMQ==",
      "RequestMethod": "GET",
      "RequestBody": "",
      "RequestHeaders": {
        "User-Agent": [
          "FxVersion/4.6.26614.01",
          "OSName/Windows",
          "OSVersion/Microsoft.Windows.10.0.18363.",
          "Microsoft.Azure.Management.Batch.BatchManagementClient/10.0.0.0"
        ]
      },
      "ResponseHeaders": {
        "Cache-Control": [
          "no-cache"
        ],
        "Date": [
          "Fri, 29 May 2020 16:30:18 GMT"
        ],
        "Pragma": [
          "no-cache"
        ],
        "Location": [
          "https://management.azure.com/subscriptions/21abd678-18c5-4660-9fdd-8c5ba6b6fe1f/providers/Microsoft.Batch/locations/eastus/accountOperationResults/azsmnet1882-cf9de990-f5ff-4056-8645-32476ebe669c?api-version=2020-05-01"
        ],
        "Retry-After": [
          "15"
        ],
        "Server": [
          "Microsoft-HTTPAPI/2.0"
        ],
        "x-ms-request-id": [
          "5ea61a79-e543-45d9-987b-bc853883dfe0"
        ],
        "Strict-Transport-Security": [
          "max-age=31536000; includeSubDomains"
        ],
        "X-Content-Type-Options": [
          "nosniff"
        ],
        "x-ms-ratelimit-remaining-subscription-reads": [
          "11971"
        ],
        "x-ms-correlation-request-id": [
          "d8a8a019-08a1-4881-b863-83120b81e08a"
        ],
        "x-ms-routing-request-id": [
          "WESTUS:20200529T163019Z:d8a8a019-08a1-4881-b863-83120b81e08a"
        ],
        "Content-Length": [
          "0"
        ],
        "Expires": [
          "-1"
        ]
      },
      "ResponseBody": "",
      "StatusCode": 202
    },
    {
      "RequestUri": "/subscriptions/21abd678-18c5-4660-9fdd-8c5ba6b6fe1f/providers/Microsoft.Batch/locations/eastus/accountOperationResults/azsmnet1882-cf9de990-f5ff-4056-8645-32476ebe669c?api-version=2020-05-01",
      "EncodedRequestUri": "L3N1YnNjcmlwdGlvbnMvMjFhYmQ2NzgtMThjNS00NjYwLTlmZGQtOGM1YmE2YjZmZTFmL3Byb3ZpZGVycy9NaWNyb3NvZnQuQmF0Y2gvbG9jYXRpb25zL2Vhc3R1cy9hY2NvdW50T3BlcmF0aW9uUmVzdWx0cy9henNtbmV0MTg4Mi1jZjlkZTk5MC1mNWZmLTQwNTYtODY0NS0zMjQ3NmViZTY2OWM/YXBpLXZlcnNpb249MjAyMC0wNS0wMQ==",
      "RequestMethod": "GET",
      "RequestBody": "",
      "RequestHeaders": {
        "User-Agent": [
          "FxVersion/4.6.26614.01",
          "OSName/Windows",
          "OSVersion/Microsoft.Windows.10.0.18363.",
          "Microsoft.Azure.Management.Batch.BatchManagementClient/10.0.0.0"
        ]
      },
      "ResponseHeaders": {
        "Cache-Control": [
          "no-cache"
        ],
        "Date": [
          "Fri, 29 May 2020 16:30:33 GMT"
        ],
        "Pragma": [
          "no-cache"
        ],
        "Server": [
          "Microsoft-HTTPAPI/2.0"
        ],
        "x-ms-request-id": [
          "f7b66477-246f-46cc-83e9-234b3f5e1e04"
        ],
        "Strict-Transport-Security": [
          "max-age=31536000; includeSubDomains"
        ],
        "X-Content-Type-Options": [
          "nosniff"
        ],
        "x-ms-ratelimit-remaining-subscription-reads": [
          "11970"
        ],
        "x-ms-correlation-request-id": [
          "73893411-a3d7-444d-99cc-68cf0fb1aac6"
        ],
        "x-ms-routing-request-id": [
          "WESTUS:20200529T163034Z:73893411-a3d7-444d-99cc-68cf0fb1aac6"
        ],
        "Content-Length": [
          "0"
        ],
        "Expires": [
          "-1"
        ]
      },
      "ResponseBody": "",
      "StatusCode": 200
    },
    {
      "RequestUri": "/subscriptions/21abd678-18c5-4660-9fdd-8c5ba6b6fe1f/providers/Microsoft.Batch/locations/eastus/accountOperationResults/azsmnet1882-cf9de990-f5ff-4056-8645-32476ebe669c?api-version=2020-05-01",
      "EncodedRequestUri": "L3N1YnNjcmlwdGlvbnMvMjFhYmQ2NzgtMThjNS00NjYwLTlmZGQtOGM1YmE2YjZmZTFmL3Byb3ZpZGVycy9NaWNyb3NvZnQuQmF0Y2gvbG9jYXRpb25zL2Vhc3R1cy9hY2NvdW50T3BlcmF0aW9uUmVzdWx0cy9henNtbmV0MTg4Mi1jZjlkZTk5MC1mNWZmLTQwNTYtODY0NS0zMjQ3NmViZTY2OWM/YXBpLXZlcnNpb249MjAyMC0wNS0wMQ==",
      "RequestMethod": "GET",
      "RequestBody": "",
      "RequestHeaders": {
        "User-Agent": [
          "FxVersion/4.6.26614.01",
          "OSName/Windows",
          "OSVersion/Microsoft.Windows.10.0.18363.",
          "Microsoft.Azure.Management.Batch.BatchManagementClient/10.0.0.0"
        ]
      },
      "ResponseHeaders": {
        "Cache-Control": [
          "no-cache"
        ],
        "Date": [
          "Fri, 29 May 2020 16:30:33 GMT"
        ],
        "Pragma": [
          "no-cache"
        ],
        "Server": [
          "Microsoft-HTTPAPI/2.0"
        ],
        "x-ms-request-id": [
          "df4a42dc-407c-43b2-a7c5-36cf212670f7"
        ],
        "Strict-Transport-Security": [
          "max-age=31536000; includeSubDomains"
        ],
        "X-Content-Type-Options": [
          "nosniff"
        ],
        "x-ms-ratelimit-remaining-subscription-reads": [
          "11969"
        ],
        "x-ms-correlation-request-id": [
          "dfc25eda-b2e3-4013-ab3b-75c52c67d993"
        ],
        "x-ms-routing-request-id": [
          "WESTUS:20200529T163034Z:dfc25eda-b2e3-4013-ab3b-75c52c67d993"
        ],
        "Content-Length": [
          "0"
        ],
        "Expires": [
          "-1"
        ]
      },
      "ResponseBody": "",
      "StatusCode": 200
    },
    {
      "RequestUri": "/subscriptions/21abd678-18c5-4660-9fdd-8c5ba6b6fe1f/resourcegroups/azsmnet6894?api-version=2017-05-10",
      "EncodedRequestUri": "L3N1YnNjcmlwdGlvbnMvMjFhYmQ2NzgtMThjNS00NjYwLTlmZGQtOGM1YmE2YjZmZTFmL3Jlc291cmNlZ3JvdXBzL2F6c21uZXQ2ODk0P2FwaS12ZXJzaW9uPTIwMTctMDUtMTA=",
      "RequestMethod": "DELETE",
      "RequestBody": "",
      "RequestHeaders": {
        "x-ms-client-request-id": [
          "c77de29c-ae96-4121-9979-1a4b779ea7bd"
        ],
        "accept-language": [
          "en-US"
        ],
        "User-Agent": [
          "FxVersion/4.6.26614.01",
          "OSName/Windows",
          "OSVersion/Microsoft.Windows.10.0.18363.",
          "Microsoft.Azure.Management.ResourceManager.ResourceManagementClient/1.6.0.0"
        ]
      },
      "ResponseHeaders": {
        "Cache-Control": [
          "no-cache"
        ],
        "Date": [
          "Fri, 29 May 2020 16:30:36 GMT"
        ],
        "Pragma": [
          "no-cache"
        ],
        "Location": [
          "https://management.azure.com/subscriptions/21abd678-18c5-4660-9fdd-8c5ba6b6fe1f/operationresults/eyJqb2JJZCI6IlJFU09VUkNFR1JPVVBERUxFVElPTkpPQi1BWlNNTkVUNjg5NC1FQVNUVVMiLCJqb2JMb2NhdGlvbiI6ImVhc3R1cyJ9?api-version=2017-05-10"
        ],
        "Retry-After": [
          "15"
        ],
        "x-ms-ratelimit-remaining-subscription-deletes": [
          "14999"
        ],
        "x-ms-request-id": [
          "53c9a7cd-e45a-46ae-a524-99397b53f676"
        ],
        "x-ms-correlation-request-id": [
          "53c9a7cd-e45a-46ae-a524-99397b53f676"
        ],
        "x-ms-routing-request-id": [
          "WESTUS:20200529T163036Z:53c9a7cd-e45a-46ae-a524-99397b53f676"
        ],
        "Strict-Transport-Security": [
          "max-age=31536000; includeSubDomains"
        ],
        "X-Content-Type-Options": [
          "nosniff"
        ],
        "Content-Length": [
          "0"
        ],
        "Expires": [
          "-1"
        ]
      },
      "ResponseBody": "",
      "StatusCode": 202
    },
    {
      "RequestUri": "/subscriptions/21abd678-18c5-4660-9fdd-8c5ba6b6fe1f/operationresults/eyJqb2JJZCI6IlJFU09VUkNFR1JPVVBERUxFVElPTkpPQi1BWlNNTkVUNjg5NC1FQVNUVVMiLCJqb2JMb2NhdGlvbiI6ImVhc3R1cyJ9?api-version=2017-05-10",
      "EncodedRequestUri": "L3N1YnNjcmlwdGlvbnMvMjFhYmQ2NzgtMThjNS00NjYwLTlmZGQtOGM1YmE2YjZmZTFmL29wZXJhdGlvbnJlc3VsdHMvZXlKcWIySkpaQ0k2SWxKRlUwOVZVa05GUjFKUFZWQkVSVXhGVkVsUFRrcFBRaTFCV2xOTlRrVlVOamc1TkMxRlFWTlVWVk1pTENKcWIySk1iMk5oZEdsdmJpSTZJbVZoYzNSMWN5Sjk/YXBpLXZlcnNpb249MjAxNy0wNS0xMA==",
      "RequestMethod": "GET",
      "RequestBody": "",
      "RequestHeaders": {
        "User-Agent": [
          "FxVersion/4.6.26614.01",
          "OSName/Windows",
          "OSVersion/Microsoft.Windows.10.0.18363.",
          "Microsoft.Azure.Management.ResourceManager.ResourceManagementClient/1.6.0.0"
        ]
      },
      "ResponseHeaders": {
        "Cache-Control": [
          "no-cache"
        ],
        "Date": [
          "Fri, 29 May 2020 16:30:51 GMT"
        ],
        "Pragma": [
          "no-cache"
        ],
        "Location": [
          "https://management.azure.com/subscriptions/21abd678-18c5-4660-9fdd-8c5ba6b6fe1f/operationresults/eyJqb2JJZCI6IlJFU09VUkNFR1JPVVBERUxFVElPTkpPQi1BWlNNTkVUNjg5NC1FQVNUVVMiLCJqb2JMb2NhdGlvbiI6ImVhc3R1cyJ9?api-version=2017-05-10"
        ],
        "Retry-After": [
          "15"
        ],
        "x-ms-ratelimit-remaining-subscription-reads": [
          "11999"
        ],
        "x-ms-request-id": [
          "d1ece2d7-2beb-4588-8ccb-cd9e8aac80ee"
        ],
        "x-ms-correlation-request-id": [
          "d1ece2d7-2beb-4588-8ccb-cd9e8aac80ee"
        ],
        "x-ms-routing-request-id": [
          "WESTUS:20200529T163051Z:d1ece2d7-2beb-4588-8ccb-cd9e8aac80ee"
        ],
        "Strict-Transport-Security": [
          "max-age=31536000; includeSubDomains"
        ],
        "X-Content-Type-Options": [
          "nosniff"
        ],
        "Content-Length": [
          "0"
        ],
        "Expires": [
          "-1"
        ]
      },
      "ResponseBody": "",
      "StatusCode": 202
    },
    {
      "RequestUri": "/subscriptions/21abd678-18c5-4660-9fdd-8c5ba6b6fe1f/operationresults/eyJqb2JJZCI6IlJFU09VUkNFR1JPVVBERUxFVElPTkpPQi1BWlNNTkVUNjg5NC1FQVNUVVMiLCJqb2JMb2NhdGlvbiI6ImVhc3R1cyJ9?api-version=2017-05-10",
      "EncodedRequestUri": "L3N1YnNjcmlwdGlvbnMvMjFhYmQ2NzgtMThjNS00NjYwLTlmZGQtOGM1YmE2YjZmZTFmL29wZXJhdGlvbnJlc3VsdHMvZXlKcWIySkpaQ0k2SWxKRlUwOVZVa05GUjFKUFZWQkVSVXhGVkVsUFRrcFBRaTFCV2xOTlRrVlVOamc1TkMxRlFWTlVWVk1pTENKcWIySk1iMk5oZEdsdmJpSTZJbVZoYzNSMWN5Sjk/YXBpLXZlcnNpb249MjAxNy0wNS0xMA==",
      "RequestMethod": "GET",
      "RequestBody": "",
      "RequestHeaders": {
        "User-Agent": [
          "FxVersion/4.6.26614.01",
          "OSName/Windows",
          "OSVersion/Microsoft.Windows.10.0.18363.",
          "Microsoft.Azure.Management.ResourceManager.ResourceManagementClient/1.6.0.0"
        ]
      },
      "ResponseHeaders": {
        "Cache-Control": [
          "no-cache"
        ],
        "Date": [
          "Fri, 29 May 2020 16:31:06 GMT"
        ],
        "Pragma": [
          "no-cache"
        ],
        "x-ms-ratelimit-remaining-subscription-reads": [
          "11998"
        ],
        "x-ms-request-id": [
          "4eeaab98-7a8a-457d-91c2-d24655978d37"
        ],
        "x-ms-correlation-request-id": [
          "4eeaab98-7a8a-457d-91c2-d24655978d37"
        ],
        "x-ms-routing-request-id": [
          "WESTUS:20200529T163106Z:4eeaab98-7a8a-457d-91c2-d24655978d37"
        ],
        "Strict-Transport-Security": [
          "max-age=31536000; includeSubDomains"
        ],
        "X-Content-Type-Options": [
          "nosniff"
        ],
        "Content-Length": [
          "0"
        ],
        "Expires": [
          "-1"
        ]
      },
      "ResponseBody": "",
      "StatusCode": 200
    },
    {
      "RequestUri": "/subscriptions/21abd678-18c5-4660-9fdd-8c5ba6b6fe1f/operationresults/eyJqb2JJZCI6IlJFU09VUkNFR1JPVVBERUxFVElPTkpPQi1BWlNNTkVUNjg5NC1FQVNUVVMiLCJqb2JMb2NhdGlvbiI6ImVhc3R1cyJ9?api-version=2017-05-10",
      "EncodedRequestUri": "L3N1YnNjcmlwdGlvbnMvMjFhYmQ2NzgtMThjNS00NjYwLTlmZGQtOGM1YmE2YjZmZTFmL29wZXJhdGlvbnJlc3VsdHMvZXlKcWIySkpaQ0k2SWxKRlUwOVZVa05GUjFKUFZWQkVSVXhGVkVsUFRrcFBRaTFCV2xOTlRrVlVOamc1TkMxRlFWTlVWVk1pTENKcWIySk1iMk5oZEdsdmJpSTZJbVZoYzNSMWN5Sjk/YXBpLXZlcnNpb249MjAxNy0wNS0xMA==",
      "RequestMethod": "GET",
      "RequestBody": "",
      "RequestHeaders": {
        "User-Agent": [
          "FxVersion/4.6.26614.01",
          "OSName/Windows",
          "OSVersion/Microsoft.Windows.10.0.18363.",
          "Microsoft.Azure.Management.ResourceManager.ResourceManagementClient/1.6.0.0"
        ]
      },
      "ResponseHeaders": {
        "Cache-Control": [
          "no-cache"
        ],
        "Date": [
          "Fri, 29 May 2020 16:31:06 GMT"
        ],
        "Pragma": [
          "no-cache"
        ],
        "x-ms-ratelimit-remaining-subscription-reads": [
          "11997"
        ],
        "x-ms-request-id": [
          "f68668fa-78e0-4d8b-9121-a9235fd09b43"
        ],
        "x-ms-correlation-request-id": [
          "f68668fa-78e0-4d8b-9121-a9235fd09b43"
        ],
        "x-ms-routing-request-id": [
          "WESTUS:20200529T163107Z:f68668fa-78e0-4d8b-9121-a9235fd09b43"
        ],
        "Strict-Transport-Security": [
          "max-age=31536000; includeSubDomains"
        ],
        "X-Content-Type-Options": [
          "nosniff"
        ],
        "Content-Length": [
          "0"
        ],
        "Expires": [
          "-1"
        ]
      },
      "ResponseBody": "",
      "StatusCode": 200
    }
  ],
  "Names": {
    "BatchPoolEndToEndAsync": [
      "azsmnet6894",
      "azsmnet1882"
    ]
  },
  "Variables": {
    "SubscriptionId": "21abd678-18c5-4660-9fdd-8c5ba6b6fe1f"
  }
}