{
  "Entries": [
    {
      "RequestUri": "https://management.azure.com/subscriptions/db1ab6f0-4769-4b27-930e-01e2ef9c123c?api-version=2021-01-01",
      "RequestMethod": "GET",
      "RequestHeaders": {
        "Accept": "application/json",
        "Authorization": "Sanitized",
        "traceparent": "00-69a4287421f4254084b897daea436f23-50280f3779181946-00",
        "User-Agent": "azsdk-net-ResourceManager/1.4.0 (.NET Framework 4.8.9139.0; Microsoft Windows 10.0.22621 )",
        "x-ms-client-request-id": "b8247117308ece7bbd6b69238c8b0e95",
        "x-ms-return-client-request-id": "true"
      },
      "RequestBody": null,
      "StatusCode": 200,
      "ResponseHeaders": {
        "Cache-Control": "no-cache",
        "Content-Length": "748",
        "Content-Type": "application/json; charset=utf-8",
        "Date": "Wed, 22 Mar 2023 08:57:12 GMT",
        "Expires": "-1",
        "Pragma": "no-cache",
        "Strict-Transport-Security": "max-age=31536000; includeSubDomains",
        "X-Content-Type-Options": "nosniff",
        "x-ms-correlation-request-id": "13f38f30-284e-4cfe-af58-37eee42f0f3b",
        "x-ms-ratelimit-remaining-subscription-reads": "11988",
        "x-ms-request-id": "13f38f30-284e-4cfe-af58-37eee42f0f3b",
        "x-ms-routing-request-id": "SOUTHEASTASIA:20230322T085712Z:13f38f30-284e-4cfe-af58-37eee42f0f3b"
      },
      "ResponseBody": {
        "id": "/subscriptions/db1ab6f0-4769-4b27-930e-01e2ef9c123c",
        "authorizationSource": "RoleBased",
        "managedByTenants": [],
        "tags": {
          "TagKey-9823": "TagValue-1254",
          "TagKey-3481": "TagValue-320",
          "TagKey-4926": "TagValue-1187",
          "TagKey-751": "TagValue-3921",
          "TagKey-1866": "TagValue-8559",
          "TagKey-3094": "TagValue-9190",
          "TagKey-2449": "TagValue-9",
          "TagKey-8379": "TagValue-164",
          "TagKey-7470": "TagValue-2205",
          "TagKey-4236": "TagValue-3698",
          "TagKey-5316": "TagValue-2725"
        },
        "subscriptionId": "db1ab6f0-4769-4b27-930e-01e2ef9c123c",
        "tenantId": "72f988bf-86f1-41af-91ab-2d7cd011db47",
        "displayName": ".NET Mgmt SDK Test with TTL = 1 Day",
        "state": "Enabled",
        "subscriptionPolicies": {
          "locationPlacementId": "Internal_2014-09-01",
          "quotaId": "Internal_2014-09-01",
          "spendingLimit": "Off"
        }
      }
    },
    {
      "RequestUri": "https://management.azure.com/subscriptions/db1ab6f0-4769-4b27-930e-01e2ef9c123c?api-version=2021-01-01",
      "RequestMethod": "GET",
      "RequestHeaders": {
        "Accept": "application/json",
        "Authorization": "Sanitized",
        "traceparent": "00-2a2ccbd1757dc34784218ce9c218cc89-61eaa1b67327444f-00",
        "User-Agent": "azsdk-net-ResourceManager/1.4.0 (.NET Framework 4.8.9139.0; Microsoft Windows 10.0.22621 )",
        "x-ms-client-request-id": "fadf28345ba00d9fa01f6ce9aba7515b",
        "x-ms-return-client-request-id": "true"
      },
      "RequestBody": null,
      "StatusCode": 200,
      "ResponseHeaders": {
        "Cache-Control": "no-cache",
        "Content-Length": "748",
        "Content-Type": "application/json; charset=utf-8",
        "Date": "Wed, 22 Mar 2023 08:57:12 GMT",
        "Expires": "-1",
        "Pragma": "no-cache",
        "Strict-Transport-Security": "max-age=31536000; includeSubDomains",
        "X-Content-Type-Options": "nosniff",
        "x-ms-correlation-request-id": "e8017fdd-c42b-4346-b57e-6a7573215595",
        "x-ms-ratelimit-remaining-subscription-reads": "11987",
        "x-ms-request-id": "e8017fdd-c42b-4346-b57e-6a7573215595",
        "x-ms-routing-request-id": "SOUTHEASTASIA:20230322T085712Z:e8017fdd-c42b-4346-b57e-6a7573215595"
      },
      "ResponseBody": {
        "id": "/subscriptions/db1ab6f0-4769-4b27-930e-01e2ef9c123c",
        "authorizationSource": "RoleBased",
        "managedByTenants": [],
        "tags": {
          "TagKey-9823": "TagValue-1254",
          "TagKey-3481": "TagValue-320",
          "TagKey-4926": "TagValue-1187",
          "TagKey-751": "TagValue-3921",
          "TagKey-1866": "TagValue-8559",
          "TagKey-3094": "TagValue-9190",
          "TagKey-2449": "TagValue-9",
          "TagKey-8379": "TagValue-164",
          "TagKey-7470": "TagValue-2205",
          "TagKey-4236": "TagValue-3698",
          "TagKey-5316": "TagValue-2725"
        },
        "subscriptionId": "db1ab6f0-4769-4b27-930e-01e2ef9c123c",
        "tenantId": "72f988bf-86f1-41af-91ab-2d7cd011db47",
        "displayName": ".NET Mgmt SDK Test with TTL = 1 Day",
        "state": "Enabled",
        "subscriptionPolicies": {
          "locationPlacementId": "Internal_2014-09-01",
          "quotaId": "Internal_2014-09-01",
          "spendingLimit": "Off"
        }
      }
    },
    {
      "RequestUri": "https://management.azure.com/subscriptions/db1ab6f0-4769-4b27-930e-01e2ef9c123c/resourcegroups/testRG-7766?api-version=**",
      "RequestMethod": "PUT",
      "RequestHeaders": {
        "Accept": "application/json",
        "Authorization": "Sanitized",
        "Content-Length": "50",
        "Content-Type": "application/json",
        "traceparent": "00-ebde8fb2edc2ea41b4ef326b0bd76c00-c716e6d44a83ec42-00",
        "User-Agent": "azsdk-net-ResourceManager/1.4.0 (.NET Framework 4.8.9139.0; Microsoft Windows 10.0.22621 )",
        "x-ms-client-request-id": "d1be1e2027fd5daa2599c2bb49579137",
        "x-ms-return-client-request-id": "true"
      },
      "RequestBody": {
        "tags": {
          "test": "env"
        },
        "location": "australiaeast"
      },
      "StatusCode": 201,
      "ResponseHeaders": {
        "Cache-Control": "no-cache",
        "Content-Length": "248",
        "Content-Type": "application/json; charset=utf-8",
        "Date": "Wed, 22 Mar 2023 08:57:13 GMT",
        "Expires": "-1",
        "Pragma": "no-cache",
        "Strict-Transport-Security": "max-age=31536000; includeSubDomains",
        "X-Content-Type-Options": "nosniff",
        "x-ms-correlation-request-id": "2c6ad06b-efd5-4e89-85bd-262b57ad6752",
        "x-ms-ratelimit-remaining-subscription-writes": "1199",
        "x-ms-request-id": "2c6ad06b-efd5-4e89-85bd-262b57ad6752",
        "x-ms-routing-request-id": "SOUTHEASTASIA:20230322T085714Z:2c6ad06b-efd5-4e89-85bd-262b57ad6752"
      },
      "ResponseBody": {
        "id": "/subscriptions/db1ab6f0-4769-4b27-930e-01e2ef9c123c/resourceGroups/testRG-7766",
        "name": "testRG-7766",
        "type": "Microsoft.Resources/resourceGroups",
        "location": "australiaeast",
        "tags": {
          "test": "env"
        },
        "properties": {
          "provisioningState": "Succeeded"
        }
      }
    },
    {
      "RequestUri": "https://management.azure.com/subscriptions/db1ab6f0-4769-4b27-930e-01e2ef9c123c?api-version=2021-01-01",
      "RequestMethod": "GET",
      "RequestHeaders": {
        "Accept": "application/json",
        "Authorization": "Sanitized",
        "traceparent": "00-ffa338d32a5598418457a0abd6762c9a-9a2b057c9653e042-00",
        "User-Agent": "azsdk-net-ResourceManager/1.4.0 (.NET Framework 4.8.9139.0; Microsoft Windows 10.0.22621 )",
        "x-ms-client-request-id": "c656a414e536e623bb25df1f949526bc",
        "x-ms-return-client-request-id": "true"
      },
      "RequestBody": null,
      "StatusCode": 200,
      "ResponseHeaders": {
        "Cache-Control": "no-cache",
        "Content-Length": "748",
        "Content-Type": "application/json; charset=utf-8",
        "Date": "Wed, 22 Mar 2023 08:57:26 GMT",
        "Expires": "-1",
        "Pragma": "no-cache",
        "Strict-Transport-Security": "max-age=31536000; includeSubDomains",
        "X-Content-Type-Options": "nosniff",
        "x-ms-correlation-request-id": "3e36b015-ef2d-4126-971f-d9f45633b4e9",
        "x-ms-ratelimit-remaining-subscription-reads": "11983",
        "x-ms-request-id": "3e36b015-ef2d-4126-971f-d9f45633b4e9",
        "x-ms-routing-request-id": "SOUTHEASTASIA:20230322T085727Z:3e36b015-ef2d-4126-971f-d9f45633b4e9"
      },
      "ResponseBody": {
        "id": "/subscriptions/db1ab6f0-4769-4b27-930e-01e2ef9c123c",
        "authorizationSource": "RoleBased",
        "managedByTenants": [],
        "tags": {
          "TagKey-9823": "TagValue-1254",
          "TagKey-3481": "TagValue-320",
          "TagKey-4926": "TagValue-1187",
          "TagKey-751": "TagValue-3921",
          "TagKey-1866": "TagValue-8559",
          "TagKey-3094": "TagValue-9190",
          "TagKey-2449": "TagValue-9",
          "TagKey-8379": "TagValue-164",
          "TagKey-7470": "TagValue-2205",
          "TagKey-4236": "TagValue-3698",
          "TagKey-5316": "TagValue-2725"
        },
        "subscriptionId": "db1ab6f0-4769-4b27-930e-01e2ef9c123c",
        "tenantId": "72f988bf-86f1-41af-91ab-2d7cd011db47",
        "displayName": ".NET Mgmt SDK Test with TTL = 1 Day",
        "state": "Enabled",
        "subscriptionPolicies": {
          "locationPlacementId": "Internal_2014-09-01",
          "quotaId": "Internal_2014-09-01",
          "spendingLimit": "Off"
        }
      }
    },
    {
      "RequestUri": "https://management.azure.com/subscriptions/db1ab6f0-4769-4b27-930e-01e2ef9c123c/resourcegroups/testRG-6741?api-version=**",
      "RequestMethod": "PUT",
      "RequestHeaders": {
        "Accept": "application/json",
        "Authorization": "Sanitized",
        "Content-Length": "50",
        "Content-Type": "application/json",
        "traceparent": "00-9f5736aa68e3b343a5c39f100e1ecb6d-3317eaccbe0d7f44-00",
        "User-Agent": "azsdk-net-ResourceManager/1.4.0 (.NET Framework 4.8.9139.0; Microsoft Windows 10.0.22621 )",
        "x-ms-client-request-id": "0de3919f6cef7e62660aa030638fb127",
        "x-ms-return-client-request-id": "true"
      },
      "RequestBody": {
        "tags": {
          "test": "env"
        },
        "location": "australiaeast"
      },
      "StatusCode": 201,
      "ResponseHeaders": {
        "Cache-Control": "no-cache",
        "Content-Length": "248",
        "Content-Type": "application/json; charset=utf-8",
        "Date": "Wed, 22 Mar 2023 08:57:27 GMT",
        "Expires": "-1",
        "Pragma": "no-cache",
        "Strict-Transport-Security": "max-age=31536000; includeSubDomains",
        "X-Content-Type-Options": "nosniff",
        "x-ms-correlation-request-id": "8be129b6-d912-4a4f-8233-529e1bce95bb",
        "x-ms-ratelimit-remaining-subscription-writes": "1197",
        "x-ms-request-id": "8be129b6-d912-4a4f-8233-529e1bce95bb",
        "x-ms-routing-request-id": "SOUTHEASTASIA:20230322T085727Z:8be129b6-d912-4a4f-8233-529e1bce95bb"
      },
      "ResponseBody": {
        "id": "/subscriptions/db1ab6f0-4769-4b27-930e-01e2ef9c123c/resourceGroups/testRG-6741",
        "name": "testRG-6741",
        "type": "Microsoft.Resources/resourceGroups",
        "location": "australiaeast",
        "tags": {
          "test": "env"
        },
        "properties": {
          "provisioningState": "Succeeded"
        }
      }
    },
    {
      "RequestUri": "https://management.azure.com/subscriptions/db1ab6f0-4769-4b27-930e-01e2ef9c123c/resourceGroups/testRG-6741/providers/Microsoft.Network/dnsResolvers/dnsResolver-3790?api-version=2022-07-01",
      "RequestMethod": "PUT",
      "RequestHeaders": {
        "Accept": "application/json",
        "Authorization": "Sanitized",
        "Content-Length": "219",
        "Content-Type": "application/json",
        "traceparent": "00-3cadbfaa7f93614b83c23c4f02dc00e2-baa7b34e22826843-00",
        "User-Agent": "azsdk-net-ResourceManager.DnsResolver/1.1.0-alpha.20230321.1 (.NET Framework 4.8.9139.0; Microsoft Windows 10.0.22621 )",
        "x-ms-client-request-id": "bcf7f2194c095101e8bb8c45ec2542f1",
        "x-ms-return-client-request-id": "true"
      },
      "RequestBody": {
        "tags": {},
        "location": "australiaeast",
        "properties": {
          "virtualNetwork": {
            "id": "/subscriptions/db1ab6f0-4769-4b27-930e-01e2ef9c123c/resourceGroups/testRG-7766/providers/Microsoft.Network/virtualNetworks/dnsResolver-4684"
          }
        }
      },
      "StatusCode": 202,
      "ResponseHeaders": {
        "Azure-AsyncOperation": "https://management.azure.com/subscriptions/db1ab6f0-4769-4b27-930e-01e2ef9c123c/resourceGroups/testRG-6741/providers/Microsoft.Network/locations/australiaeast/dnsResolverOperationStatuses/eyJPcGVyYXRpb25UeXBlIjoiVXBzZXJ0RG5zUmVzb2x2ZXIiLCJPcGVyYXRpb25JZCI6ImQ3ZTZjNjY5LTFkYzUtNGU3Mi05M2YxLTRiOWRjNGIxNjk4NyJ9?api-version=2022-07-01",
        "Cache-Control": "no-cache",
        "Content-Length": "2",
        "Content-Type": "application/json; charset=utf-8",
        "Date": "Wed, 22 Mar 2023 08:57:28 GMT",
        "Expires": "-1",
        "Location": "https://management.azure.com/subscriptions/db1ab6f0-4769-4b27-930e-01e2ef9c123c/resourceGroups/testRG-6741/providers/Microsoft.Network/locations/australiaeast/dnsResolverOperationResults/eyJPcGVyYXRpb25UeXBlIjoiVXBzZXJ0RG5zUmVzb2x2ZXIiLCJPcGVyYXRpb25JZCI6ImQ3ZTZjNjY5LTFkYzUtNGU3Mi05M2YxLTRiOWRjNGIxNjk4NyJ9?api-version=2022-07-01",
        "Pragma": "no-cache",
        "Retry-After": "5",
        "Server": "Kestrel",
        "Strict-Transport-Security": "max-age=31536000; includeSubDomains",
        "X-Content-Type-Options": "nosniff",
        "x-ms-activity-id": "f460d309-10fe-4285-8ef3-e93ac6285388",
        "x-ms-correlation-request-id": "0bf94822-311c-4fc2-ad2e-ca0a10ed968c",
        "x-ms-ratelimit-remaining-subscription-resource-requests": "11999",
        "x-ms-request-id": "0bf94822-311c-4fc2-ad2e-ca0a10ed968c",
        "x-ms-routing-request-id": "SOUTHEASTASIA:20230322T085728Z:0bf94822-311c-4fc2-ad2e-ca0a10ed968c"
      },
      "ResponseBody": {}
    },
    {
      "RequestUri": "https://management.azure.com/subscriptions/db1ab6f0-4769-4b27-930e-01e2ef9c123c/resourceGroups/testRG-6741/providers/Microsoft.Network/locations/australiaeast/dnsResolverOperationStatuses/eyJPcGVyYXRpb25UeXBlIjoiVXBzZXJ0RG5zUmVzb2x2ZXIiLCJPcGVyYXRpb25JZCI6ImQ3ZTZjNjY5LTFkYzUtNGU3Mi05M2YxLTRiOWRjNGIxNjk4NyJ9?api-version=2022-07-01",
      "RequestMethod": "GET",
      "RequestHeaders": {
        "Authorization": "Sanitized",
        "traceparent": "00-3cadbfaa7f93614b83c23c4f02dc00e2-9f608e86dba7b243-00",
        "User-Agent": "azsdk-net-ResourceManager/1.4.0 (.NET Framework 4.8.9139.0; Microsoft Windows 10.0.22621 )",
        "x-ms-client-request-id": "a27af82d002e53d490912533df1d9141",
        "x-ms-return-client-request-id": "true"
      },
      "RequestBody": null,
      "StatusCode": 200,
      "ResponseHeaders": {
        "Cache-Control": "no-cache",
        "Content-Length": "484",
        "Content-Type": "application/json; charset=utf-8",
        "Date": "Wed, 22 Mar 2023 08:57:28 GMT",
        "Expires": "-1",
        "Pragma": "no-cache",
        "Server": "Kestrel",
        "Strict-Transport-Security": "max-age=31536000; includeSubDomains",
        "X-Content-Type-Options": "nosniff",
        "x-ms-activity-id": "26284ae3-25c1-4a18-9ca0-2e1e298aa535",
        "x-ms-correlation-request-id": "d3148b8a-4fd1-485b-9dd3-52cc12d0b536",
        "x-ms-ratelimit-remaining-subscription-resource-requests": "491",
        "x-ms-request-id": "d3148b8a-4fd1-485b-9dd3-52cc12d0b536",
        "x-ms-routing-request-id": "SOUTHEASTASIA:20230322T085728Z:d3148b8a-4fd1-485b-9dd3-52cc12d0b536"
      },
      "ResponseBody": {
        "id": "/subscriptions/db1ab6f0-4769-4b27-930e-01e2ef9c123c/resourceGroups/testRG-6741/providers/Microsoft.Network/locations/australiaeast/dnsResolverOperationStatuses/eyJPcGVyYXRpb25UeXBlIjoiVXBzZXJ0RG5zUmVzb2x2ZXIiLCJPcGVyYXRpb25JZCI6ImQ3ZTZjNjY5LTFkYzUtNGU3Mi05M2YxLTRiOWRjNGIxNjk4NyJ9",
        "name": "eyJPcGVyYXRpb25UeXBlIjoiVXBzZXJ0RG5zUmVzb2x2ZXIiLCJPcGVyYXRpb25JZCI6ImQ3ZTZjNjY5LTFkYzUtNGU3Mi05M2YxLTRiOWRjNGIxNjk4NyJ9",
        "startTime": "2023-03-22T08:57:28.0000000Z",
        "status": "InProgress"
      }
    },
    {
      "RequestUri": "https://management.azure.com/subscriptions/db1ab6f0-4769-4b27-930e-01e2ef9c123c/resourceGroups/testRG-6741/providers/Microsoft.Network/locations/australiaeast/dnsResolverOperationStatuses/eyJPcGVyYXRpb25UeXBlIjoiVXBzZXJ0RG5zUmVzb2x2ZXIiLCJPcGVyYXRpb25JZCI6ImQ3ZTZjNjY5LTFkYzUtNGU3Mi05M2YxLTRiOWRjNGIxNjk4NyJ9?api-version=2022-07-01",
      "RequestMethod": "GET",
      "RequestHeaders": {
        "Authorization": "Sanitized",
        "traceparent": "00-3cadbfaa7f93614b83c23c4f02dc00e2-6c83634a6eeba548-00",
        "User-Agent": "azsdk-net-ResourceManager/1.4.0 (.NET Framework 4.8.9139.0; Microsoft Windows 10.0.22621 )",
        "x-ms-client-request-id": "1851afc7bb1a662ecdbfc8c17b25ce31",
        "x-ms-return-client-request-id": "true"
      },
      "RequestBody": null,
      "StatusCode": 200,
      "ResponseHeaders": {
        "Cache-Control": "no-cache",
        "Content-Length": "484",
        "Content-Type": "application/json; charset=utf-8",
        "Date": "Wed, 22 Mar 2023 08:57:29 GMT",
        "Expires": "-1",
        "Pragma": "no-cache",
        "Server": "Kestrel",
        "Strict-Transport-Security": "max-age=31536000; includeSubDomains",
        "X-Content-Type-Options": "nosniff",
        "x-ms-activity-id": "ae5b1fb5-359b-4a60-8d0f-22baee15d003",
        "x-ms-correlation-request-id": "9f5b9b18-e7e7-46d2-bddd-82f8fb5014f3",
        "x-ms-ratelimit-remaining-subscription-resource-requests": "490",
        "x-ms-request-id": "9f5b9b18-e7e7-46d2-bddd-82f8fb5014f3",
        "x-ms-routing-request-id": "SOUTHEASTASIA:20230322T085730Z:9f5b9b18-e7e7-46d2-bddd-82f8fb5014f3"
      },
      "ResponseBody": {
        "id": "/subscriptions/db1ab6f0-4769-4b27-930e-01e2ef9c123c/resourceGroups/testRG-6741/providers/Microsoft.Network/locations/australiaeast/dnsResolverOperationStatuses/eyJPcGVyYXRpb25UeXBlIjoiVXBzZXJ0RG5zUmVzb2x2ZXIiLCJPcGVyYXRpb25JZCI6ImQ3ZTZjNjY5LTFkYzUtNGU3Mi05M2YxLTRiOWRjNGIxNjk4NyJ9",
        "name": "eyJPcGVyYXRpb25UeXBlIjoiVXBzZXJ0RG5zUmVzb2x2ZXIiLCJPcGVyYXRpb25JZCI6ImQ3ZTZjNjY5LTFkYzUtNGU3Mi05M2YxLTRiOWRjNGIxNjk4NyJ9",
        "startTime": "2023-03-22T08:57:28.0000000Z",
        "status": "InProgress"
      }
    },
    {
      "RequestUri": "https://management.azure.com/subscriptions/db1ab6f0-4769-4b27-930e-01e2ef9c123c/resourceGroups/testRG-6741/providers/Microsoft.Network/locations/australiaeast/dnsResolverOperationStatuses/eyJPcGVyYXRpb25UeXBlIjoiVXBzZXJ0RG5zUmVzb2x2ZXIiLCJPcGVyYXRpb25JZCI6ImQ3ZTZjNjY5LTFkYzUtNGU3Mi05M2YxLTRiOWRjNGIxNjk4NyJ9?api-version=2022-07-01",
      "RequestMethod": "GET",
      "RequestHeaders": {
        "Authorization": "Sanitized",
        "traceparent": "00-3cadbfaa7f93614b83c23c4f02dc00e2-df606910e609304a-00",
        "User-Agent": "azsdk-net-ResourceManager/1.4.0 (.NET Framework 4.8.9139.0; Microsoft Windows 10.0.22621 )",
        "x-ms-client-request-id": "f417f6639fabdec2772164668df158d5",
        "x-ms-return-client-request-id": "true"
      },
      "RequestBody": null,
      "StatusCode": 200,
      "ResponseHeaders": {
        "Cache-Control": "no-cache",
        "Content-Length": "484",
        "Content-Type": "application/json; charset=utf-8",
        "Date": "Wed, 22 Mar 2023 08:57:30 GMT",
        "Expires": "-1",
        "Pragma": "no-cache",
        "Server": "Kestrel",
        "Strict-Transport-Security": "max-age=31536000; includeSubDomains",
        "X-Content-Type-Options": "nosniff",
        "x-ms-activity-id": "7743cb72-55a5-4160-8fec-45508d3d6869",
        "x-ms-correlation-request-id": "f7185121-818a-4eff-8039-16400d708323",
        "x-ms-ratelimit-remaining-subscription-resource-requests": "489",
        "x-ms-request-id": "f7185121-818a-4eff-8039-16400d708323",
        "x-ms-routing-request-id": "SOUTHEASTASIA:20230322T085731Z:f7185121-818a-4eff-8039-16400d708323"
      },
      "ResponseBody": {
        "id": "/subscriptions/db1ab6f0-4769-4b27-930e-01e2ef9c123c/resourceGroups/testRG-6741/providers/Microsoft.Network/locations/australiaeast/dnsResolverOperationStatuses/eyJPcGVyYXRpb25UeXBlIjoiVXBzZXJ0RG5zUmVzb2x2ZXIiLCJPcGVyYXRpb25JZCI6ImQ3ZTZjNjY5LTFkYzUtNGU3Mi05M2YxLTRiOWRjNGIxNjk4NyJ9",
        "name": "eyJPcGVyYXRpb25UeXBlIjoiVXBzZXJ0RG5zUmVzb2x2ZXIiLCJPcGVyYXRpb25JZCI6ImQ3ZTZjNjY5LTFkYzUtNGU3Mi05M2YxLTRiOWRjNGIxNjk4NyJ9",
        "startTime": "2023-03-22T08:57:28.0000000Z",
        "status": "InProgress"
      }
    },
    {
      "RequestUri": "https://management.azure.com/subscriptions/db1ab6f0-4769-4b27-930e-01e2ef9c123c/resourceGroups/testRG-6741/providers/Microsoft.Network/locations/australiaeast/dnsResolverOperationStatuses/eyJPcGVyYXRpb25UeXBlIjoiVXBzZXJ0RG5zUmVzb2x2ZXIiLCJPcGVyYXRpb25JZCI6ImQ3ZTZjNjY5LTFkYzUtNGU3Mi05M2YxLTRiOWRjNGIxNjk4NyJ9?api-version=2022-07-01",
      "RequestMethod": "GET",
      "RequestHeaders": {
        "Authorization": "Sanitized",
        "traceparent": "00-3cadbfaa7f93614b83c23c4f02dc00e2-dd81df5963befb45-00",
        "User-Agent": "azsdk-net-ResourceManager/1.4.0 (.NET Framework 4.8.9139.0; Microsoft Windows 10.0.22621 )",
        "x-ms-client-request-id": "d3138fb63f64717bc913d56f3812d76b",
        "x-ms-return-client-request-id": "true"
      },
      "RequestBody": null,
      "StatusCode": 200,
      "ResponseHeaders": {
        "Cache-Control": "no-cache",
        "Content-Length": "484",
        "Content-Type": "application/json; charset=utf-8",
        "Date": "Wed, 22 Mar 2023 08:57:31 GMT",
        "Expires": "-1",
        "Pragma": "no-cache",
        "Server": "Kestrel",
        "Strict-Transport-Security": "max-age=31536000; includeSubDomains",
        "X-Content-Type-Options": "nosniff",
        "x-ms-activity-id": "2a4fa672-5e7c-4282-9334-dd0e756dec74",
        "x-ms-correlation-request-id": "ba3bd845-5ea6-4106-ae92-91bec4e7b9b9",
        "x-ms-ratelimit-remaining-subscription-resource-requests": "488",
        "x-ms-request-id": "ba3bd845-5ea6-4106-ae92-91bec4e7b9b9",
        "x-ms-routing-request-id": "SOUTHEASTASIA:20230322T085732Z:ba3bd845-5ea6-4106-ae92-91bec4e7b9b9"
      },
      "ResponseBody": {
        "id": "/subscriptions/db1ab6f0-4769-4b27-930e-01e2ef9c123c/resourceGroups/testRG-6741/providers/Microsoft.Network/locations/australiaeast/dnsResolverOperationStatuses/eyJPcGVyYXRpb25UeXBlIjoiVXBzZXJ0RG5zUmVzb2x2ZXIiLCJPcGVyYXRpb25JZCI6ImQ3ZTZjNjY5LTFkYzUtNGU3Mi05M2YxLTRiOWRjNGIxNjk4NyJ9",
        "name": "eyJPcGVyYXRpb25UeXBlIjoiVXBzZXJ0RG5zUmVzb2x2ZXIiLCJPcGVyYXRpb25JZCI6ImQ3ZTZjNjY5LTFkYzUtNGU3Mi05M2YxLTRiOWRjNGIxNjk4NyJ9",
        "startTime": "2023-03-22T08:57:28.0000000Z",
        "status": "InProgress"
      }
    },
    {
      "RequestUri": "https://management.azure.com/subscriptions/db1ab6f0-4769-4b27-930e-01e2ef9c123c/resourceGroups/testRG-6741/providers/Microsoft.Network/locations/australiaeast/dnsResolverOperationStatuses/eyJPcGVyYXRpb25UeXBlIjoiVXBzZXJ0RG5zUmVzb2x2ZXIiLCJPcGVyYXRpb25JZCI6ImQ3ZTZjNjY5LTFkYzUtNGU3Mi05M2YxLTRiOWRjNGIxNjk4NyJ9?api-version=2022-07-01",
      "RequestMethod": "GET",
      "RequestHeaders": {
        "Authorization": "Sanitized",
        "traceparent": "00-3cadbfaa7f93614b83c23c4f02dc00e2-9b268e17d7bafe44-00",
        "User-Agent": "azsdk-net-ResourceManager/1.4.0 (.NET Framework 4.8.9139.0; Microsoft Windows 10.0.22621 )",
        "x-ms-client-request-id": "e9cff3c39d062895ec73a1f857c8d9db",
        "x-ms-return-client-request-id": "true"
      },
      "RequestBody": null,
      "StatusCode": 200,
      "ResponseHeaders": {
        "Cache-Control": "no-cache",
        "Content-Length": "524",
        "Content-Type": "application/json; charset=utf-8",
        "Date": "Wed, 22 Mar 2023 08:57:34 GMT",
        "Expires": "-1",
        "Pragma": "no-cache",
        "Server": "Kestrel",
        "Strict-Transport-Security": "max-age=31536000; includeSubDomains",
        "X-Content-Type-Options": "nosniff",
        "x-ms-activity-id": "05cd4b4b-2e02-4b67-a1a7-e72b5129372d",
        "x-ms-correlation-request-id": "b67a76dd-2b80-48e8-9059-2e442a843b8d",
        "x-ms-ratelimit-remaining-subscription-resource-requests": "487",
        "x-ms-request-id": "b67a76dd-2b80-48e8-9059-2e442a843b8d",
        "x-ms-routing-request-id": "SOUTHEASTASIA:20230322T085734Z:b67a76dd-2b80-48e8-9059-2e442a843b8d"
      },
      "ResponseBody": {
        "id": "/subscriptions/db1ab6f0-4769-4b27-930e-01e2ef9c123c/resourceGroups/testRG-6741/providers/Microsoft.Network/locations/australiaeast/dnsResolverOperationStatuses/eyJPcGVyYXRpb25UeXBlIjoiVXBzZXJ0RG5zUmVzb2x2ZXIiLCJPcGVyYXRpb25JZCI6ImQ3ZTZjNjY5LTFkYzUtNGU3Mi05M2YxLTRiOWRjNGIxNjk4NyJ9",
        "name": "eyJPcGVyYXRpb25UeXBlIjoiVXBzZXJ0RG5zUmVzb2x2ZXIiLCJPcGVyYXRpb25JZCI6ImQ3ZTZjNjY5LTFkYzUtNGU3Mi05M2YxLTRiOWRjNGIxNjk4NyJ9",
        "startTime": "2023-03-22T08:57:28.0000000Z",
        "endTime": "2023-03-22T08:57:33.0000000Z",
        "status": "Succeeded"
      }
    },
    {
      "RequestUri": "https://management.azure.com/subscriptions/db1ab6f0-4769-4b27-930e-01e2ef9c123c/resourceGroups/testRG-6741/providers/Microsoft.Network/dnsResolvers/dnsResolver-3790?api-version=2022-07-01",
      "RequestMethod": "GET",
      "RequestHeaders": {
        "Authorization": "Sanitized",
        "traceparent": "00-3cadbfaa7f93614b83c23c4f02dc00e2-da6535102732774c-00",
        "User-Agent": "azsdk-net-ResourceManager/1.4.0 (.NET Framework 4.8.9139.0; Microsoft Windows 10.0.22621 )",
        "x-ms-client-request-id": "ec0af267fb1124cc7aa52a97ca52a564",
        "x-ms-return-client-request-id": "true"
      },
      "RequestBody": null,
      "StatusCode": 200,
      "ResponseHeaders": {
        "Cache-Control": "no-cache",
        "Content-Length": "767",
        "Content-Type": "application/json; charset=utf-8",
        "Date": "Wed, 22 Mar 2023 08:57:34 GMT",
        "Expires": "-1",
        "Pragma": "no-cache",
        "Server": "Kestrel",
        "Strict-Transport-Security": "max-age=31536000; includeSubDomains",
        "X-Content-Type-Options": "nosniff",
        "x-ms-activity-id": "862a8eb4-4ada-49af-8147-7f7d687f1758",
        "x-ms-correlation-request-id": "cdd62f2a-5841-4f8f-80c8-0683bfa8dd3e",
        "x-ms-ratelimit-remaining-subscription-resource-requests": "499",
        "x-ms-request-id": "cdd62f2a-5841-4f8f-80c8-0683bfa8dd3e",
        "x-ms-routing-request-id": "SOUTHEASTASIA:20230322T085735Z:cdd62f2a-5841-4f8f-80c8-0683bfa8dd3e"
      },
      "ResponseBody": {
        "properties": {
          "virtualNetwork": {
            "id": "/subscriptions/db1ab6f0-4769-4b27-930e-01e2ef9c123c/resourceGroups/testRG-7766/providers/Microsoft.Network/virtualNetworks/dnsResolver-4684"
          },
          "dnsResolverState": "Connected",
          "provisioningState": "Succeeded",
          "resourceGuid": "08bbe7a8-bd3c-42a8-853a-539a306649d8"
        },
        "etag": "\u00229f004856-0000-1a00-0000-641ac2fc0000\u0022",
        "location": "australiaeast",
        "tags": {},
        "id": "/subscriptions/db1ab6f0-4769-4b27-930e-01e2ef9c123c/resourceGroups/testRG-6741/providers/Microsoft.Network/dnsResolvers/dnsResolver-3790",
        "name": "dnsResolver-3790",
        "type": "Microsoft.Network/dnsResolvers",
        "systemData": {
          "createdAt": "2023-03-22T08:57:28.4748885Z",
          "createdByType": "Application",
          "lastModifiedAt": "2023-03-22T08:57:28.4748885Z",
          "lastModifiedByType": "Application"
        }
      }
    },
    {
      "RequestUri": "https://management.azure.com/subscriptions/db1ab6f0-4769-4b27-930e-01e2ef9c123c/resourceGroups/testRG-6741/providers/Microsoft.Network/dnsResolvers/dnsResolver-3790/outboundEndpoints/outboundEndpoint-1354?api-version=2022-07-01",
      "RequestMethod": "PUT",
      "RequestHeaders": {
        "Accept": "application/json",
        "Authorization": "Sanitized",
        "Content-Length": "233",
        "Content-Type": "application/json",
        "traceparent": "00-bf9ebcff4690314fabd9aab1f0c9c902-16fc1836a95ba64e-00",
        "User-Agent": "azsdk-net-ResourceManager.DnsResolver/1.1.0-alpha.20230321.1 (.NET Framework 4.8.9139.0; Microsoft Windows 10.0.22621 )",
        "x-ms-client-request-id": "2199a3f9cf6ef918ebe6f19e821a013a",
        "x-ms-return-client-request-id": "true"
      },
      "RequestBody": {
        "tags": {},
        "location": "australiaeast",
        "properties": {
          "subnet": {
            "id": "/subscriptions/db1ab6f0-4769-4b27-930e-01e2ef9c123c/resourceGroups/testRG-7766/providers/Microsoft.Network/virtualNetworks/dnsResolver-4684/subnets/snet-endpoint"
          }
        }
      },
      "StatusCode": 202,
      "ResponseHeaders": {
        "Azure-AsyncOperation": "https://management.azure.com/subscriptions/db1ab6f0-4769-4b27-930e-01e2ef9c123c/resourceGroups/testRG-6741/providers/Microsoft.Network/locations/australiaeast/dnsResolverOperationStatuses/eyJPcGVyYXRpb25UeXBlIjoiVXBzZXJ0T3V0Ym91bmRFbmRwb2ludCIsIk9wZXJhdGlvbklkIjoiZDc0OGI2YWMtY2JkMy00N2JlLTgzYWQtYTRlOTIxOGVmY2ZiIn0=?api-version=2022-07-01",
        "Cache-Control": "no-cache",
        "Content-Length": "2",
        "Content-Type": "application/json; charset=utf-8",
        "Date": "Wed, 22 Mar 2023 08:57:35 GMT",
        "Expires": "-1",
        "Location": "https://management.azure.com/subscriptions/db1ab6f0-4769-4b27-930e-01e2ef9c123c/resourceGroups/testRG-6741/providers/Microsoft.Network/locations/australiaeast/dnsResolverOperationResults/eyJPcGVyYXRpb25UeXBlIjoiVXBzZXJ0T3V0Ym91bmRFbmRwb2ludCIsIk9wZXJhdGlvbklkIjoiZDc0OGI2YWMtY2JkMy00N2JlLTgzYWQtYTRlOTIxOGVmY2ZiIn0=?api-version=2022-07-01",
        "Pragma": "no-cache",
        "Retry-After": "5",
        "Server": "Kestrel",
        "Strict-Transport-Security": "max-age=31536000; includeSubDomains",
        "X-Content-Type-Options": "nosniff",
        "x-ms-activity-id": "fc53ed56-4430-4d11-9446-14a242d13939",
        "x-ms-correlation-request-id": "cdb20054-7128-4ab6-a9b4-eaa1a3065cbc",
        "x-ms-ratelimit-remaining-subscription-resource-requests": "11999",
        "x-ms-request-id": "cdb20054-7128-4ab6-a9b4-eaa1a3065cbc",
        "x-ms-routing-request-id": "SOUTHEASTASIA:20230322T085736Z:cdb20054-7128-4ab6-a9b4-eaa1a3065cbc"
      },
      "ResponseBody": {}
    },
    {
      "RequestUri": "https://management.azure.com/subscriptions/db1ab6f0-4769-4b27-930e-01e2ef9c123c/resourceGroups/testRG-6741/providers/Microsoft.Network/locations/australiaeast/dnsResolverOperationStatuses/eyJPcGVyYXRpb25UeXBlIjoiVXBzZXJ0T3V0Ym91bmRFbmRwb2ludCIsIk9wZXJhdGlvbklkIjoiZDc0OGI2YWMtY2JkMy00N2JlLTgzYWQtYTRlOTIxOGVmY2ZiIn0=?api-version=2022-07-01",
      "RequestMethod": "GET",
      "RequestHeaders": {
        "Authorization": "Sanitized",
        "traceparent": "00-bf9ebcff4690314fabd9aab1f0c9c902-5b4cb32ef1727c4c-00",
        "User-Agent": "azsdk-net-ResourceManager/1.4.0 (.NET Framework 4.8.9139.0; Microsoft Windows 10.0.22621 )",
        "x-ms-client-request-id": "245dae3cb93f22f8f2f32614db85f78b",
        "x-ms-return-client-request-id": "true"
      },
      "RequestBody": null,
      "StatusCode": 200,
      "ResponseHeaders": {
        "Cache-Control": "no-cache",
        "Content-Length": "500",
        "Content-Type": "application/json; charset=utf-8",
        "Date": "Wed, 22 Mar 2023 08:57:35 GMT",
        "Expires": "-1",
        "Pragma": "no-cache",
        "Server": "Kestrel",
        "Strict-Transport-Security": "max-age=31536000; includeSubDomains",
        "X-Content-Type-Options": "nosniff",
        "x-ms-activity-id": "26e4c36d-ec79-452d-a030-0edda2691c5d",
        "x-ms-correlation-request-id": "b969bd59-2b86-4cfd-80e6-69787714f718",
        "x-ms-ratelimit-remaining-subscription-resource-requests": "486",
        "x-ms-request-id": "b969bd59-2b86-4cfd-80e6-69787714f718",
        "x-ms-routing-request-id": "SOUTHEASTASIA:20230322T085736Z:b969bd59-2b86-4cfd-80e6-69787714f718"
      },
      "ResponseBody": {
        "id": "/subscriptions/db1ab6f0-4769-4b27-930e-01e2ef9c123c/resourceGroups/testRG-6741/providers/Microsoft.Network/locations/australiaeast/dnsResolverOperationStatuses/eyJPcGVyYXRpb25UeXBlIjoiVXBzZXJ0T3V0Ym91bmRFbmRwb2ludCIsIk9wZXJhdGlvbklkIjoiZDc0OGI2YWMtY2JkMy00N2JlLTgzYWQtYTRlOTIxOGVmY2ZiIn0=",
        "name": "eyJPcGVyYXRpb25UeXBlIjoiVXBzZXJ0T3V0Ym91bmRFbmRwb2ludCIsIk9wZXJhdGlvbklkIjoiZDc0OGI2YWMtY2JkMy00N2JlLTgzYWQtYTRlOTIxOGVmY2ZiIn0=",
        "startTime": "2023-03-22T08:57:36.0000000Z",
        "status": "InProgress"
      }
    },
    {
      "RequestUri": "https://management.azure.com/subscriptions/db1ab6f0-4769-4b27-930e-01e2ef9c123c/resourceGroups/testRG-6741/providers/Microsoft.Network/locations/australiaeast/dnsResolverOperationStatuses/eyJPcGVyYXRpb25UeXBlIjoiVXBzZXJ0T3V0Ym91bmRFbmRwb2ludCIsIk9wZXJhdGlvbklkIjoiZDc0OGI2YWMtY2JkMy00N2JlLTgzYWQtYTRlOTIxOGVmY2ZiIn0=?api-version=2022-07-01",
      "RequestMethod": "GET",
      "RequestHeaders": {
        "Authorization": "Sanitized",
        "traceparent": "00-bf9ebcff4690314fabd9aab1f0c9c902-e1c8e5c44c261247-00",
        "User-Agent": "azsdk-net-ResourceManager/1.4.0 (.NET Framework 4.8.9139.0; Microsoft Windows 10.0.22621 )",
        "x-ms-client-request-id": "4ad05d295c60a05fdb7276ff6fa6fb8d",
        "x-ms-return-client-request-id": "true"
      },
      "RequestBody": null,
      "StatusCode": 200,
      "ResponseHeaders": {
        "Cache-Control": "no-cache",
        "Content-Length": "500",
        "Content-Type": "application/json; charset=utf-8",
        "Date": "Wed, 22 Mar 2023 08:57:37 GMT",
        "Expires": "-1",
        "Pragma": "no-cache",
        "Server": "Kestrel",
        "Strict-Transport-Security": "max-age=31536000; includeSubDomains",
        "X-Content-Type-Options": "nosniff",
        "x-ms-activity-id": "84091511-f2e9-4b82-8e45-5327300ffd7c",
        "x-ms-correlation-request-id": "7144346f-630d-4466-ae19-ea7a72f8676e",
        "x-ms-ratelimit-remaining-subscription-resource-requests": "485",
        "x-ms-request-id": "7144346f-630d-4466-ae19-ea7a72f8676e",
        "x-ms-routing-request-id": "SOUTHEASTASIA:20230322T085737Z:7144346f-630d-4466-ae19-ea7a72f8676e"
      },
      "ResponseBody": {
        "id": "/subscriptions/db1ab6f0-4769-4b27-930e-01e2ef9c123c/resourceGroups/testRG-6741/providers/Microsoft.Network/locations/australiaeast/dnsResolverOperationStatuses/eyJPcGVyYXRpb25UeXBlIjoiVXBzZXJ0T3V0Ym91bmRFbmRwb2ludCIsIk9wZXJhdGlvbklkIjoiZDc0OGI2YWMtY2JkMy00N2JlLTgzYWQtYTRlOTIxOGVmY2ZiIn0=",
        "name": "eyJPcGVyYXRpb25UeXBlIjoiVXBzZXJ0T3V0Ym91bmRFbmRwb2ludCIsIk9wZXJhdGlvbklkIjoiZDc0OGI2YWMtY2JkMy00N2JlLTgzYWQtYTRlOTIxOGVmY2ZiIn0=",
        "startTime": "2023-03-22T08:57:36.0000000Z",
        "status": "InProgress"
      }
    },
    {
      "RequestUri": "https://management.azure.com/subscriptions/db1ab6f0-4769-4b27-930e-01e2ef9c123c/resourceGroups/testRG-6741/providers/Microsoft.Network/locations/australiaeast/dnsResolverOperationStatuses/eyJPcGVyYXRpb25UeXBlIjoiVXBzZXJ0T3V0Ym91bmRFbmRwb2ludCIsIk9wZXJhdGlvbklkIjoiZDc0OGI2YWMtY2JkMy00N2JlLTgzYWQtYTRlOTIxOGVmY2ZiIn0=?api-version=2022-07-01",
      "RequestMethod": "GET",
      "RequestHeaders": {
        "Authorization": "Sanitized",
        "traceparent": "00-bf9ebcff4690314fabd9aab1f0c9c902-240866a7e6a06347-00",
        "User-Agent": "azsdk-net-ResourceManager/1.4.0 (.NET Framework 4.8.9139.0; Microsoft Windows 10.0.22621 )",
        "x-ms-client-request-id": "d461244cdcbc3ffb0f2215f732b34b26",
        "x-ms-return-client-request-id": "true"
      },
      "RequestBody": null,
      "StatusCode": 200,
      "ResponseHeaders": {
        "Cache-Control": "no-cache",
        "Content-Length": "500",
        "Content-Type": "application/json; charset=utf-8",
        "Date": "Wed, 22 Mar 2023 08:57:38 GMT",
        "Expires": "-1",
        "Pragma": "no-cache",
        "Server": "Kestrel",
        "Strict-Transport-Security": "max-age=31536000; includeSubDomains",
        "X-Content-Type-Options": "nosniff",
        "x-ms-activity-id": "5bfe6d68-0e50-411c-8a7c-fec329dac65e",
        "x-ms-correlation-request-id": "deb14de1-f874-4393-a7f9-9cdbcc914d8c",
        "x-ms-ratelimit-remaining-subscription-resource-requests": "484",
        "x-ms-request-id": "deb14de1-f874-4393-a7f9-9cdbcc914d8c",
        "x-ms-routing-request-id": "SOUTHEASTASIA:20230322T085738Z:deb14de1-f874-4393-a7f9-9cdbcc914d8c"
      },
      "ResponseBody": {
        "id": "/subscriptions/db1ab6f0-4769-4b27-930e-01e2ef9c123c/resourceGroups/testRG-6741/providers/Microsoft.Network/locations/australiaeast/dnsResolverOperationStatuses/eyJPcGVyYXRpb25UeXBlIjoiVXBzZXJ0T3V0Ym91bmRFbmRwb2ludCIsIk9wZXJhdGlvbklkIjoiZDc0OGI2YWMtY2JkMy00N2JlLTgzYWQtYTRlOTIxOGVmY2ZiIn0=",
        "name": "eyJPcGVyYXRpb25UeXBlIjoiVXBzZXJ0T3V0Ym91bmRFbmRwb2ludCIsIk9wZXJhdGlvbklkIjoiZDc0OGI2YWMtY2JkMy00N2JlLTgzYWQtYTRlOTIxOGVmY2ZiIn0=",
        "startTime": "2023-03-22T08:57:36.0000000Z",
        "status": "InProgress"
      }
    },
    {
      "RequestUri": "https://management.azure.com/subscriptions/db1ab6f0-4769-4b27-930e-01e2ef9c123c/resourceGroups/testRG-6741/providers/Microsoft.Network/locations/australiaeast/dnsResolverOperationStatuses/eyJPcGVyYXRpb25UeXBlIjoiVXBzZXJ0T3V0Ym91bmRFbmRwb2ludCIsIk9wZXJhdGlvbklkIjoiZDc0OGI2YWMtY2JkMy00N2JlLTgzYWQtYTRlOTIxOGVmY2ZiIn0=?api-version=2022-07-01",
      "RequestMethod": "GET",
      "RequestHeaders": {
        "Authorization": "Sanitized",
        "traceparent": "00-bf9ebcff4690314fabd9aab1f0c9c902-451af95c6879bd40-00",
        "User-Agent": "azsdk-net-ResourceManager/1.4.0 (.NET Framework 4.8.9139.0; Microsoft Windows 10.0.22621 )",
        "x-ms-client-request-id": "a048d5764f8ce06d4ebd49cc43f9b34c",
        "x-ms-return-client-request-id": "true"
      },
      "RequestBody": null,
      "StatusCode": 200,
      "ResponseHeaders": {
        "Cache-Control": "no-cache",
        "Content-Length": "500",
        "Content-Type": "application/json; charset=utf-8",
        "Date": "Wed, 22 Mar 2023 08:57:39 GMT",
        "Expires": "-1",
        "Pragma": "no-cache",
        "Server": "Kestrel",
        "Strict-Transport-Security": "max-age=31536000; includeSubDomains",
        "X-Content-Type-Options": "nosniff",
        "x-ms-activity-id": "1c400048-88a5-4f3e-aeb0-49bfd23938e8",
        "x-ms-correlation-request-id": "9829403a-49f6-4dcc-a4ae-401a0e3092c7",
        "x-ms-ratelimit-remaining-subscription-resource-requests": "483",
        "x-ms-request-id": "9829403a-49f6-4dcc-a4ae-401a0e3092c7",
        "x-ms-routing-request-id": "SOUTHEASTASIA:20230322T085740Z:9829403a-49f6-4dcc-a4ae-401a0e3092c7"
      },
      "ResponseBody": {
        "id": "/subscriptions/db1ab6f0-4769-4b27-930e-01e2ef9c123c/resourceGroups/testRG-6741/providers/Microsoft.Network/locations/australiaeast/dnsResolverOperationStatuses/eyJPcGVyYXRpb25UeXBlIjoiVXBzZXJ0T3V0Ym91bmRFbmRwb2ludCIsIk9wZXJhdGlvbklkIjoiZDc0OGI2YWMtY2JkMy00N2JlLTgzYWQtYTRlOTIxOGVmY2ZiIn0=",
        "name": "eyJPcGVyYXRpb25UeXBlIjoiVXBzZXJ0T3V0Ym91bmRFbmRwb2ludCIsIk9wZXJhdGlvbklkIjoiZDc0OGI2YWMtY2JkMy00N2JlLTgzYWQtYTRlOTIxOGVmY2ZiIn0=",
        "startTime": "2023-03-22T08:57:36.0000000Z",
        "status": "InProgress"
      }
    },
    {
      "RequestUri": "https://management.azure.com/subscriptions/db1ab6f0-4769-4b27-930e-01e2ef9c123c/resourceGroups/testRG-6741/providers/Microsoft.Network/locations/australiaeast/dnsResolverOperationStatuses/eyJPcGVyYXRpb25UeXBlIjoiVXBzZXJ0T3V0Ym91bmRFbmRwb2ludCIsIk9wZXJhdGlvbklkIjoiZDc0OGI2YWMtY2JkMy00N2JlLTgzYWQtYTRlOTIxOGVmY2ZiIn0=?api-version=2022-07-01",
      "RequestMethod": "GET",
      "RequestHeaders": {
        "Authorization": "Sanitized",
        "traceparent": "00-bf9ebcff4690314fabd9aab1f0c9c902-6d7bfb3b2580b844-00",
        "User-Agent": "azsdk-net-ResourceManager/1.4.0 (.NET Framework 4.8.9139.0; Microsoft Windows 10.0.22621 )",
        "x-ms-client-request-id": "b6c898f723234dce62913b3d46676d28",
        "x-ms-return-client-request-id": "true"
      },
      "RequestBody": null,
      "StatusCode": 200,
      "ResponseHeaders": {
        "Cache-Control": "no-cache",
        "Content-Length": "500",
        "Content-Type": "application/json; charset=utf-8",
        "Date": "Wed, 22 Mar 2023 08:57:41 GMT",
        "Expires": "-1",
        "Pragma": "no-cache",
        "Server": "Kestrel",
        "Strict-Transport-Security": "max-age=31536000; includeSubDomains",
        "X-Content-Type-Options": "nosniff",
        "x-ms-activity-id": "fb7aab05-426a-415f-99ea-4112592198e3",
        "x-ms-correlation-request-id": "32ab0ab2-c71a-4bec-b940-1f642e904701",
        "x-ms-ratelimit-remaining-subscription-resource-requests": "482",
        "x-ms-request-id": "32ab0ab2-c71a-4bec-b940-1f642e904701",
        "x-ms-routing-request-id": "SOUTHEASTASIA:20230322T085742Z:32ab0ab2-c71a-4bec-b940-1f642e904701"
      },
      "ResponseBody": {
        "id": "/subscriptions/db1ab6f0-4769-4b27-930e-01e2ef9c123c/resourceGroups/testRG-6741/providers/Microsoft.Network/locations/australiaeast/dnsResolverOperationStatuses/eyJPcGVyYXRpb25UeXBlIjoiVXBzZXJ0T3V0Ym91bmRFbmRwb2ludCIsIk9wZXJhdGlvbklkIjoiZDc0OGI2YWMtY2JkMy00N2JlLTgzYWQtYTRlOTIxOGVmY2ZiIn0=",
        "name": "eyJPcGVyYXRpb25UeXBlIjoiVXBzZXJ0T3V0Ym91bmRFbmRwb2ludCIsIk9wZXJhdGlvbklkIjoiZDc0OGI2YWMtY2JkMy00N2JlLTgzYWQtYTRlOTIxOGVmY2ZiIn0=",
        "startTime": "2023-03-22T08:57:36.0000000Z",
        "status": "InProgress"
      }
    },
    {
      "RequestUri": "https://management.azure.com/subscriptions/db1ab6f0-4769-4b27-930e-01e2ef9c123c/resourceGroups/testRG-6741/providers/Microsoft.Network/locations/australiaeast/dnsResolverOperationStatuses/eyJPcGVyYXRpb25UeXBlIjoiVXBzZXJ0T3V0Ym91bmRFbmRwb2ludCIsIk9wZXJhdGlvbklkIjoiZDc0OGI2YWMtY2JkMy00N2JlLTgzYWQtYTRlOTIxOGVmY2ZiIn0=?api-version=2022-07-01",
      "RequestMethod": "GET",
      "RequestHeaders": {
        "Authorization": "Sanitized",
        "traceparent": "00-bf9ebcff4690314fabd9aab1f0c9c902-158762a32c4c2c4d-00",
        "User-Agent": "azsdk-net-ResourceManager/1.4.0 (.NET Framework 4.8.9139.0; Microsoft Windows 10.0.22621 )",
        "x-ms-client-request-id": "998850275b5dfc00b78185ff932efc15",
        "x-ms-return-client-request-id": "true"
      },
      "RequestBody": null,
      "StatusCode": 200,
      "ResponseHeaders": {
        "Cache-Control": "no-cache",
        "Content-Length": "500",
        "Content-Type": "application/json; charset=utf-8",
        "Date": "Wed, 22 Mar 2023 08:57:45 GMT",
        "Expires": "-1",
        "Pragma": "no-cache",
        "Server": "Kestrel",
        "Strict-Transport-Security": "max-age=31536000; includeSubDomains",
        "X-Content-Type-Options": "nosniff",
        "x-ms-activity-id": "db4123a0-f682-44bf-9b6b-deebd05b168b",
        "x-ms-correlation-request-id": "a5e30855-8f65-40c3-84d5-f665b9818c92",
        "x-ms-ratelimit-remaining-subscription-resource-requests": "481",
        "x-ms-request-id": "a5e30855-8f65-40c3-84d5-f665b9818c92",
        "x-ms-routing-request-id": "SOUTHEASTASIA:20230322T085746Z:a5e30855-8f65-40c3-84d5-f665b9818c92"
      },
      "ResponseBody": {
        "id": "/subscriptions/db1ab6f0-4769-4b27-930e-01e2ef9c123c/resourceGroups/testRG-6741/providers/Microsoft.Network/locations/australiaeast/dnsResolverOperationStatuses/eyJPcGVyYXRpb25UeXBlIjoiVXBzZXJ0T3V0Ym91bmRFbmRwb2ludCIsIk9wZXJhdGlvbklkIjoiZDc0OGI2YWMtY2JkMy00N2JlLTgzYWQtYTRlOTIxOGVmY2ZiIn0=",
        "name": "eyJPcGVyYXRpb25UeXBlIjoiVXBzZXJ0T3V0Ym91bmRFbmRwb2ludCIsIk9wZXJhdGlvbklkIjoiZDc0OGI2YWMtY2JkMy00N2JlLTgzYWQtYTRlOTIxOGVmY2ZiIn0=",
        "startTime": "2023-03-22T08:57:36.0000000Z",
        "status": "InProgress"
      }
    },
    {
      "RequestUri": "https://management.azure.com/subscriptions/db1ab6f0-4769-4b27-930e-01e2ef9c123c/resourceGroups/testRG-6741/providers/Microsoft.Network/locations/australiaeast/dnsResolverOperationStatuses/eyJPcGVyYXRpb25UeXBlIjoiVXBzZXJ0T3V0Ym91bmRFbmRwb2ludCIsIk9wZXJhdGlvbklkIjoiZDc0OGI2YWMtY2JkMy00N2JlLTgzYWQtYTRlOTIxOGVmY2ZiIn0=?api-version=2022-07-01",
      "RequestMethod": "GET",
      "RequestHeaders": {
        "Authorization": "Sanitized",
        "traceparent": "00-bf9ebcff4690314fabd9aab1f0c9c902-beb2be102d22b44e-00",
        "User-Agent": "azsdk-net-ResourceManager/1.4.0 (.NET Framework 4.8.9139.0; Microsoft Windows 10.0.22621 )",
        "x-ms-client-request-id": "9affc96e95ea530207fb3dfb142f99e7",
        "x-ms-return-client-request-id": "true"
      },
      "RequestBody": null,
      "StatusCode": 200,
      "ResponseHeaders": {
        "Cache-Control": "no-cache",
        "Content-Length": "500",
        "Content-Type": "application/json; charset=utf-8",
        "Date": "Wed, 22 Mar 2023 08:57:53 GMT",
        "Expires": "-1",
        "Pragma": "no-cache",
        "Server": "Kestrel",
        "Strict-Transport-Security": "max-age=31536000; includeSubDomains",
        "X-Content-Type-Options": "nosniff",
        "x-ms-activity-id": "5a228fd3-d54f-4188-811b-8fb64eb5e5f2",
        "x-ms-correlation-request-id": "c4566f52-4150-4989-b6b0-fcae5db37274",
        "x-ms-ratelimit-remaining-subscription-resource-requests": "480",
        "x-ms-request-id": "c4566f52-4150-4989-b6b0-fcae5db37274",
        "x-ms-routing-request-id": "SOUTHEASTASIA:20230322T085754Z:c4566f52-4150-4989-b6b0-fcae5db37274"
      },
      "ResponseBody": {
        "id": "/subscriptions/db1ab6f0-4769-4b27-930e-01e2ef9c123c/resourceGroups/testRG-6741/providers/Microsoft.Network/locations/australiaeast/dnsResolverOperationStatuses/eyJPcGVyYXRpb25UeXBlIjoiVXBzZXJ0T3V0Ym91bmRFbmRwb2ludCIsIk9wZXJhdGlvbklkIjoiZDc0OGI2YWMtY2JkMy00N2JlLTgzYWQtYTRlOTIxOGVmY2ZiIn0=",
        "name": "eyJPcGVyYXRpb25UeXBlIjoiVXBzZXJ0T3V0Ym91bmRFbmRwb2ludCIsIk9wZXJhdGlvbklkIjoiZDc0OGI2YWMtY2JkMy00N2JlLTgzYWQtYTRlOTIxOGVmY2ZiIn0=",
        "startTime": "2023-03-22T08:57:36.0000000Z",
        "status": "InProgress"
      }
    },
    {
      "RequestUri": "https://management.azure.com/subscriptions/db1ab6f0-4769-4b27-930e-01e2ef9c123c/resourceGroups/testRG-6741/providers/Microsoft.Network/locations/australiaeast/dnsResolverOperationStatuses/eyJPcGVyYXRpb25UeXBlIjoiVXBzZXJ0T3V0Ym91bmRFbmRwb2ludCIsIk9wZXJhdGlvbklkIjoiZDc0OGI2YWMtY2JkMy00N2JlLTgzYWQtYTRlOTIxOGVmY2ZiIn0=?api-version=2022-07-01",
      "RequestMethod": "GET",
      "RequestHeaders": {
        "Authorization": "Sanitized",
        "traceparent": "00-bf9ebcff4690314fabd9aab1f0c9c902-843e330177ff0448-00",
        "User-Agent": "azsdk-net-ResourceManager/1.4.0 (.NET Framework 4.8.9139.0; Microsoft Windows 10.0.22621 )",
        "x-ms-client-request-id": "f3a520501a709bee97cbffa29dceba33",
        "x-ms-return-client-request-id": "true"
      },
      "RequestBody": null,
      "StatusCode": 200,
      "ResponseHeaders": {
        "Cache-Control": "no-cache",
        "Content-Length": "500",
        "Content-Type": "application/json; charset=utf-8",
        "Date": "Wed, 22 Mar 2023 08:58:09 GMT",
        "Expires": "-1",
        "Pragma": "no-cache",
        "Server": "Kestrel",
        "Strict-Transport-Security": "max-age=31536000; includeSubDomains",
        "X-Content-Type-Options": "nosniff",
        "x-ms-activity-id": "3f0a5d72-e5b3-4692-a169-d7c66e201b2d",
        "x-ms-correlation-request-id": "49b71198-a2ed-4388-94cc-b63282ee131c",
        "x-ms-ratelimit-remaining-subscription-resource-requests": "479",
        "x-ms-request-id": "49b71198-a2ed-4388-94cc-b63282ee131c",
        "x-ms-routing-request-id": "SOUTHEASTASIA:20230322T085810Z:49b71198-a2ed-4388-94cc-b63282ee131c"
      },
      "ResponseBody": {
        "id": "/subscriptions/db1ab6f0-4769-4b27-930e-01e2ef9c123c/resourceGroups/testRG-6741/providers/Microsoft.Network/locations/australiaeast/dnsResolverOperationStatuses/eyJPcGVyYXRpb25UeXBlIjoiVXBzZXJ0T3V0Ym91bmRFbmRwb2ludCIsIk9wZXJhdGlvbklkIjoiZDc0OGI2YWMtY2JkMy00N2JlLTgzYWQtYTRlOTIxOGVmY2ZiIn0=",
        "name": "eyJPcGVyYXRpb25UeXBlIjoiVXBzZXJ0T3V0Ym91bmRFbmRwb2ludCIsIk9wZXJhdGlvbklkIjoiZDc0OGI2YWMtY2JkMy00N2JlLTgzYWQtYTRlOTIxOGVmY2ZiIn0=",
        "startTime": "2023-03-22T08:57:36.0000000Z",
        "status": "InProgress"
      }
    },
    {
      "RequestUri": "https://management.azure.com/subscriptions/db1ab6f0-4769-4b27-930e-01e2ef9c123c/resourceGroups/testRG-6741/providers/Microsoft.Network/locations/australiaeast/dnsResolverOperationStatuses/eyJPcGVyYXRpb25UeXBlIjoiVXBzZXJ0T3V0Ym91bmRFbmRwb2ludCIsIk9wZXJhdGlvbklkIjoiZDc0OGI2YWMtY2JkMy00N2JlLTgzYWQtYTRlOTIxOGVmY2ZiIn0=?api-version=2022-07-01",
      "RequestMethod": "GET",
      "RequestHeaders": {
        "Authorization": "Sanitized",
        "traceparent": "00-bf9ebcff4690314fabd9aab1f0c9c902-c76801a8a3b4b74a-00",
        "User-Agent": "azsdk-net-ResourceManager/1.4.0 (.NET Framework 4.8.9139.0; Microsoft Windows 10.0.22621 )",
        "x-ms-client-request-id": "7cce2595d367913e4d3492611e05e887",
        "x-ms-return-client-request-id": "true"
      },
      "RequestBody": null,
      "StatusCode": 200,
      "ResponseHeaders": {
        "Cache-Control": "no-cache",
        "Content-Length": "500",
        "Content-Type": "application/json; charset=utf-8",
        "Date": "Wed, 22 Mar 2023 08:58:42 GMT",
        "Expires": "-1",
        "Pragma": "no-cache",
        "Server": "Kestrel",
        "Strict-Transport-Security": "max-age=31536000; includeSubDomains",
        "X-Content-Type-Options": "nosniff",
        "x-ms-activity-id": "19d3f9ad-62b0-4535-b653-ff225a431da1",
        "x-ms-correlation-request-id": "32f48593-84ce-4f4e-b430-74c441e925a2",
        "x-ms-ratelimit-remaining-subscription-resource-requests": "478",
        "x-ms-request-id": "32f48593-84ce-4f4e-b430-74c441e925a2",
        "x-ms-routing-request-id": "SOUTHEASTASIA:20230322T085843Z:32f48593-84ce-4f4e-b430-74c441e925a2"
      },
      "ResponseBody": {
        "id": "/subscriptions/db1ab6f0-4769-4b27-930e-01e2ef9c123c/resourceGroups/testRG-6741/providers/Microsoft.Network/locations/australiaeast/dnsResolverOperationStatuses/eyJPcGVyYXRpb25UeXBlIjoiVXBzZXJ0T3V0Ym91bmRFbmRwb2ludCIsIk9wZXJhdGlvbklkIjoiZDc0OGI2YWMtY2JkMy00N2JlLTgzYWQtYTRlOTIxOGVmY2ZiIn0=",
        "name": "eyJPcGVyYXRpb25UeXBlIjoiVXBzZXJ0T3V0Ym91bmRFbmRwb2ludCIsIk9wZXJhdGlvbklkIjoiZDc0OGI2YWMtY2JkMy00N2JlLTgzYWQtYTRlOTIxOGVmY2ZiIn0=",
        "startTime": "2023-03-22T08:57:36.0000000Z",
        "status": "InProgress"
      }
    },
    {
      "RequestUri": "https://management.azure.com/subscriptions/db1ab6f0-4769-4b27-930e-01e2ef9c123c/resourceGroups/testRG-6741/providers/Microsoft.Network/locations/australiaeast/dnsResolverOperationStatuses/eyJPcGVyYXRpb25UeXBlIjoiVXBzZXJ0T3V0Ym91bmRFbmRwb2ludCIsIk9wZXJhdGlvbklkIjoiZDc0OGI2YWMtY2JkMy00N2JlLTgzYWQtYTRlOTIxOGVmY2ZiIn0=?api-version=2022-07-01",
      "RequestMethod": "GET",
      "RequestHeaders": {
        "Authorization": "Sanitized",
        "traceparent": "00-bf9ebcff4690314fabd9aab1f0c9c902-70a5be08652e2b49-00",
        "User-Agent": "azsdk-net-ResourceManager/1.4.0 (.NET Framework 4.8.9139.0; Microsoft Windows 10.0.22621 )",
        "x-ms-client-request-id": "72af9ee7088954a4da64021f9660b638",
        "x-ms-return-client-request-id": "true"
      },
      "RequestBody": null,
      "StatusCode": 200,
      "ResponseHeaders": {
        "Cache-Control": "no-cache",
        "Content-Length": "500",
        "Content-Type": "application/json; charset=utf-8",
        "Date": "Wed, 22 Mar 2023 08:59:14 GMT",
        "Expires": "-1",
        "Pragma": "no-cache",
        "Server": "Kestrel",
        "Strict-Transport-Security": "max-age=31536000; includeSubDomains",
        "X-Content-Type-Options": "nosniff",
        "x-ms-activity-id": "acda291c-61a7-4663-b543-1d9402d6e5fc",
        "x-ms-correlation-request-id": "bdc5077c-3c94-404b-8e7f-5161ea397863",
        "x-ms-ratelimit-remaining-subscription-resource-requests": "477",
        "x-ms-request-id": "bdc5077c-3c94-404b-8e7f-5161ea397863",
        "x-ms-routing-request-id": "SOUTHEASTASIA:20230322T085915Z:bdc5077c-3c94-404b-8e7f-5161ea397863"
      },
      "ResponseBody": {
        "id": "/subscriptions/db1ab6f0-4769-4b27-930e-01e2ef9c123c/resourceGroups/testRG-6741/providers/Microsoft.Network/locations/australiaeast/dnsResolverOperationStatuses/eyJPcGVyYXRpb25UeXBlIjoiVXBzZXJ0T3V0Ym91bmRFbmRwb2ludCIsIk9wZXJhdGlvbklkIjoiZDc0OGI2YWMtY2JkMy00N2JlLTgzYWQtYTRlOTIxOGVmY2ZiIn0=",
        "name": "eyJPcGVyYXRpb25UeXBlIjoiVXBzZXJ0T3V0Ym91bmRFbmRwb2ludCIsIk9wZXJhdGlvbklkIjoiZDc0OGI2YWMtY2JkMy00N2JlLTgzYWQtYTRlOTIxOGVmY2ZiIn0=",
        "startTime": "2023-03-22T08:57:36.0000000Z",
        "status": "InProgress"
      }
    },
    {
      "RequestUri": "https://management.azure.com/subscriptions/db1ab6f0-4769-4b27-930e-01e2ef9c123c/resourceGroups/testRG-6741/providers/Microsoft.Network/locations/australiaeast/dnsResolverOperationStatuses/eyJPcGVyYXRpb25UeXBlIjoiVXBzZXJ0T3V0Ym91bmRFbmRwb2ludCIsIk9wZXJhdGlvbklkIjoiZDc0OGI2YWMtY2JkMy00N2JlLTgzYWQtYTRlOTIxOGVmY2ZiIn0=?api-version=2022-07-01",
      "RequestMethod": "GET",
      "RequestHeaders": {
        "Authorization": "Sanitized",
        "traceparent": "00-bf9ebcff4690314fabd9aab1f0c9c902-ecc2eb8f3c80f842-00",
        "User-Agent": "azsdk-net-ResourceManager/1.4.0 (.NET Framework 4.8.9139.0; Microsoft Windows 10.0.22621 )",
        "x-ms-client-request-id": "ee6609401d617c7fe213a53c888d7d92",
        "x-ms-return-client-request-id": "true"
      },
      "RequestBody": null,
      "StatusCode": 200,
      "ResponseHeaders": {
        "Cache-Control": "no-cache",
        "Content-Length": "540",
        "Content-Type": "application/json; charset=utf-8",
        "Date": "Wed, 22 Mar 2023 08:59:47 GMT",
        "Expires": "-1",
        "Pragma": "no-cache",
        "Server": "Kestrel",
        "Strict-Transport-Security": "max-age=31536000; includeSubDomains",
        "X-Content-Type-Options": "nosniff",
        "x-ms-activity-id": "2c8d0249-fd4c-41fb-b181-efe21e8212a3",
        "x-ms-correlation-request-id": "758491ee-74ad-4d8c-9cca-d11303d11edc",
        "x-ms-ratelimit-remaining-subscription-resource-requests": "476",
        "x-ms-request-id": "758491ee-74ad-4d8c-9cca-d11303d11edc",
        "x-ms-routing-request-id": "SOUTHEASTASIA:20230322T085947Z:758491ee-74ad-4d8c-9cca-d11303d11edc"
      },
      "ResponseBody": {
        "id": "/subscriptions/db1ab6f0-4769-4b27-930e-01e2ef9c123c/resourceGroups/testRG-6741/providers/Microsoft.Network/locations/australiaeast/dnsResolverOperationStatuses/eyJPcGVyYXRpb25UeXBlIjoiVXBzZXJ0T3V0Ym91bmRFbmRwb2ludCIsIk9wZXJhdGlvbklkIjoiZDc0OGI2YWMtY2JkMy00N2JlLTgzYWQtYTRlOTIxOGVmY2ZiIn0=",
        "name": "eyJPcGVyYXRpb25UeXBlIjoiVXBzZXJ0T3V0Ym91bmRFbmRwb2ludCIsIk9wZXJhdGlvbklkIjoiZDc0OGI2YWMtY2JkMy00N2JlLTgzYWQtYTRlOTIxOGVmY2ZiIn0=",
        "startTime": "2023-03-22T08:57:36.0000000Z",
        "endTime": "2023-03-22T08:59:36.0000000Z",
        "status": "Succeeded"
      }
    },
    {
      "RequestUri": "https://management.azure.com/subscriptions/db1ab6f0-4769-4b27-930e-01e2ef9c123c/resourceGroups/testRG-6741/providers/Microsoft.Network/dnsResolvers/dnsResolver-3790/outboundEndpoints/outboundEndpoint-1354?api-version=2022-07-01",
      "RequestMethod": "GET",
      "RequestHeaders": {
        "Authorization": "Sanitized",
        "traceparent": "00-bf9ebcff4690314fabd9aab1f0c9c902-2dfd05fe3f3f634b-00",
        "User-Agent": "azsdk-net-ResourceManager/1.4.0 (.NET Framework 4.8.9139.0; Microsoft Windows 10.0.22621 )",
        "x-ms-client-request-id": "feba77e2471f8caa807aa103d01efbed",
        "x-ms-return-client-request-id": "true"
      },
      "RequestBody": null,
      "StatusCode": 200,
      "ResponseHeaders": {
        "Cache-Control": "no-cache",
        "Content-Length": "811",
        "Content-Type": "application/json; charset=utf-8",
        "Date": "Wed, 22 Mar 2023 08:59:47 GMT",
        "Expires": "-1",
        "Pragma": "no-cache",
        "Server": "Kestrel",
        "Strict-Transport-Security": "max-age=31536000; includeSubDomains",
        "X-Content-Type-Options": "nosniff",
        "x-ms-activity-id": "0b9b5abf-0825-47c7-9815-66eb71f2d1be",
        "x-ms-correlation-request-id": "f3eda41e-bfae-4169-b681-bbcad6098764",
        "x-ms-ratelimit-remaining-subscription-resource-requests": "498",
        "x-ms-request-id": "f3eda41e-bfae-4169-b681-bbcad6098764",
        "x-ms-routing-request-id": "SOUTHEASTASIA:20230322T085947Z:f3eda41e-bfae-4169-b681-bbcad6098764"
      },
      "ResponseBody": {
        "properties": {
          "subnet": {
            "id": "/subscriptions/db1ab6f0-4769-4b27-930e-01e2ef9c123c/resourceGroups/testRG-7766/providers/Microsoft.Network/virtualNetworks/dnsResolver-4684/subnets/snet-endpoint"
          },
          "provisioningState": "Succeeded",
          "resourceGuid": "08613cec-c6a6-48d9-a0a8-ecc6bf704d48"
        },
        "etag": "\u0022dd004b94-0000-1a00-0000-641ac3780000\u0022",
        "location": "australiaeast",
        "tags": {},
        "id": "/subscriptions/db1ab6f0-4769-4b27-930e-01e2ef9c123c/resourceGroups/testRG-6741/providers/Microsoft.Network/dnsResolvers/dnsResolver-3790/outboundEndpoints/outboundEndpoint-1354",
        "name": "outboundEndpoint-1354",
        "type": "Microsoft.Network/dnsResolvers/outboundEndpoints",
        "systemData": {
          "createdAt": "2023-03-22T08:57:36.053469Z",
          "createdByType": "Application",
          "lastModifiedAt": "2023-03-22T08:57:36.053469Z",
          "lastModifiedByType": "Application"
        }
      }
    },
    {
      "RequestUri": "https://management.azure.com/subscriptions/db1ab6f0-4769-4b27-930e-01e2ef9c123c/resourceGroups/testRG-6741/providers/Microsoft.Network/dnsForwardingRulesets/dnsForwardingRuleset-6055?api-version=2022-07-01",
      "RequestMethod": "PUT",
      "RequestHeaders": {
        "Accept": "application/json",
        "Authorization": "Sanitized",
        "Content-Length": "272",
        "Content-Type": "application/json",
        "traceparent": "00-9c4af5758a2671408a33028b168c800e-48eaed2d3446f947-00",
        "User-Agent": "azsdk-net-ResourceManager.DnsResolver/1.1.0-alpha.20230321.1 (.NET Framework 4.8.9139.0; Microsoft Windows 10.0.22621 )",
        "x-ms-client-request-id": "1421597ef99fc9261f3290756268cc4d",
        "x-ms-return-client-request-id": "true"
      },
      "RequestBody": {
        "tags": {},
        "location": "australiaeast",
        "properties": {
          "dnsResolverOutboundEndpoints": [
            {
              "id": "/subscriptions/db1ab6f0-4769-4b27-930e-01e2ef9c123c/resourceGroups/testRG-6741/providers/Microsoft.Network/dnsResolvers/dnsResolver-3790/outboundEndpoints/outboundEndpoint-1354"
            }
          ]
        }
      },
      "StatusCode": 202,
      "ResponseHeaders": {
        "Azure-AsyncOperation": "https://management.azure.com/subscriptions/db1ab6f0-4769-4b27-930e-01e2ef9c123c/resourceGroups/testRG-6741/providers/Microsoft.Network/locations/australiaeast/dnsResolverOperationStatuses/eyJPcGVyYXRpb25UeXBlIjoiVXBzZXJ0RG5zRm9yd2FyZGluZ1J1bGVzZXQiLCJPcGVyYXRpb25JZCI6ImViMTkzNjk2LWM1NDEtNGYzZS1hZmM5LTE0NmE4YjdjZjAyYiJ9?api-version=2022-07-01",
        "Cache-Control": "no-cache",
        "Content-Length": "2",
        "Content-Type": "application/json; charset=utf-8",
        "Date": "Wed, 22 Mar 2023 08:59:48 GMT",
        "Expires": "-1",
        "Location": "https://management.azure.com/subscriptions/db1ab6f0-4769-4b27-930e-01e2ef9c123c/resourceGroups/testRG-6741/providers/Microsoft.Network/locations/australiaeast/dnsResolverOperationResults/eyJPcGVyYXRpb25UeXBlIjoiVXBzZXJ0RG5zRm9yd2FyZGluZ1J1bGVzZXQiLCJPcGVyYXRpb25JZCI6ImViMTkzNjk2LWM1NDEtNGYzZS1hZmM5LTE0NmE4YjdjZjAyYiJ9?api-version=2022-07-01",
        "Pragma": "no-cache",
        "Retry-After": "5",
        "Server": "Kestrel",
        "Strict-Transport-Security": "max-age=31536000; includeSubDomains",
        "X-Content-Type-Options": "nosniff",
        "x-ms-activity-id": "f556b73c-ce1a-4894-85d4-cc94a39dbef0",
        "x-ms-correlation-request-id": "43071ad8-dc6f-4ed4-933a-840839a88be2",
        "x-ms-ratelimit-remaining-subscription-resource-requests": "11998",
        "x-ms-request-id": "43071ad8-dc6f-4ed4-933a-840839a88be2",
        "x-ms-routing-request-id": "SOUTHEASTASIA:20230322T085949Z:43071ad8-dc6f-4ed4-933a-840839a88be2"
      },
      "ResponseBody": {}
    },
    {
      "RequestUri": "https://management.azure.com/subscriptions/db1ab6f0-4769-4b27-930e-01e2ef9c123c/resourceGroups/testRG-6741/providers/Microsoft.Network/locations/australiaeast/dnsResolverOperationStatuses/eyJPcGVyYXRpb25UeXBlIjoiVXBzZXJ0RG5zRm9yd2FyZGluZ1J1bGVzZXQiLCJPcGVyYXRpb25JZCI6ImViMTkzNjk2LWM1NDEtNGYzZS1hZmM5LTE0NmE4YjdjZjAyYiJ9?api-version=2022-07-01",
      "RequestMethod": "GET",
      "RequestHeaders": {
        "Authorization": "Sanitized",
        "traceparent": "00-9c4af5758a2671408a33028b168c800e-3adb60115f901245-00",
        "User-Agent": "azsdk-net-ResourceManager/1.4.0 (.NET Framework 4.8.9139.0; Microsoft Windows 10.0.22621 )",
        "x-ms-client-request-id": "2ebdb817686ce9f350f0dfedb7342a17",
        "x-ms-return-client-request-id": "true"
      },
      "RequestBody": null,
      "StatusCode": 200,
      "ResponseHeaders": {
        "Cache-Control": "no-cache",
        "Content-Length": "508",
        "Content-Type": "application/json; charset=utf-8",
        "Date": "Wed, 22 Mar 2023 08:59:49 GMT",
        "Expires": "-1",
        "Pragma": "no-cache",
        "Server": "Kestrel",
        "Strict-Transport-Security": "max-age=31536000; includeSubDomains",
        "X-Content-Type-Options": "nosniff",
        "x-ms-activity-id": "1a4785c0-3065-4ae6-ba0c-3d4182790d10",
        "x-ms-correlation-request-id": "63841965-d08a-49e2-b35c-37a7ead08667",
        "x-ms-ratelimit-remaining-subscription-resource-requests": "475",
        "x-ms-request-id": "63841965-d08a-49e2-b35c-37a7ead08667",
        "x-ms-routing-request-id": "SOUTHEASTASIA:20230322T085949Z:63841965-d08a-49e2-b35c-37a7ead08667"
      },
      "ResponseBody": {
        "id": "/subscriptions/db1ab6f0-4769-4b27-930e-01e2ef9c123c/resourceGroups/testRG-6741/providers/Microsoft.Network/locations/australiaeast/dnsResolverOperationStatuses/eyJPcGVyYXRpb25UeXBlIjoiVXBzZXJ0RG5zRm9yd2FyZGluZ1J1bGVzZXQiLCJPcGVyYXRpb25JZCI6ImViMTkzNjk2LWM1NDEtNGYzZS1hZmM5LTE0NmE4YjdjZjAyYiJ9",
        "name": "eyJPcGVyYXRpb25UeXBlIjoiVXBzZXJ0RG5zRm9yd2FyZGluZ1J1bGVzZXQiLCJPcGVyYXRpb25JZCI6ImViMTkzNjk2LWM1NDEtNGYzZS1hZmM5LTE0NmE4YjdjZjAyYiJ9",
        "startTime": "2023-03-22T08:59:49.0000000Z",
        "status": "InProgress"
      }
    },
    {
      "RequestUri": "https://management.azure.com/subscriptions/db1ab6f0-4769-4b27-930e-01e2ef9c123c/resourceGroups/testRG-6741/providers/Microsoft.Network/locations/australiaeast/dnsResolverOperationStatuses/eyJPcGVyYXRpb25UeXBlIjoiVXBzZXJ0RG5zRm9yd2FyZGluZ1J1bGVzZXQiLCJPcGVyYXRpb25JZCI6ImViMTkzNjk2LWM1NDEtNGYzZS1hZmM5LTE0NmE4YjdjZjAyYiJ9?api-version=2022-07-01",
      "RequestMethod": "GET",
      "RequestHeaders": {
        "Authorization": "Sanitized",
        "traceparent": "00-9c4af5758a2671408a33028b168c800e-d84f0eeece994249-00",
        "User-Agent": "azsdk-net-ResourceManager/1.4.0 (.NET Framework 4.8.9139.0; Microsoft Windows 10.0.22621 )",
        "x-ms-client-request-id": "601c54addce2c7484128b5c58b3f4ea3",
        "x-ms-return-client-request-id": "true"
      },
      "RequestBody": null,
      "StatusCode": 200,
      "ResponseHeaders": {
        "Cache-Control": "no-cache",
        "Content-Length": "508",
        "Content-Type": "application/json; charset=utf-8",
        "Date": "Wed, 22 Mar 2023 08:59:50 GMT",
        "Expires": "-1",
        "Pragma": "no-cache",
        "Server": "Kestrel",
        "Strict-Transport-Security": "max-age=31536000; includeSubDomains",
        "X-Content-Type-Options": "nosniff",
        "x-ms-activity-id": "4a4250ee-c0a7-488f-b9eb-0d4917a76c12",
        "x-ms-correlation-request-id": "b26fdacf-e51d-4577-b009-69ec6fe10ec3",
        "x-ms-ratelimit-remaining-subscription-resource-requests": "474",
        "x-ms-request-id": "b26fdacf-e51d-4577-b009-69ec6fe10ec3",
        "x-ms-routing-request-id": "SOUTHEASTASIA:20230322T085950Z:b26fdacf-e51d-4577-b009-69ec6fe10ec3"
      },
      "ResponseBody": {
        "id": "/subscriptions/db1ab6f0-4769-4b27-930e-01e2ef9c123c/resourceGroups/testRG-6741/providers/Microsoft.Network/locations/australiaeast/dnsResolverOperationStatuses/eyJPcGVyYXRpb25UeXBlIjoiVXBzZXJ0RG5zRm9yd2FyZGluZ1J1bGVzZXQiLCJPcGVyYXRpb25JZCI6ImViMTkzNjk2LWM1NDEtNGYzZS1hZmM5LTE0NmE4YjdjZjAyYiJ9",
        "name": "eyJPcGVyYXRpb25UeXBlIjoiVXBzZXJ0RG5zRm9yd2FyZGluZ1J1bGVzZXQiLCJPcGVyYXRpb25JZCI6ImViMTkzNjk2LWM1NDEtNGYzZS1hZmM5LTE0NmE4YjdjZjAyYiJ9",
        "startTime": "2023-03-22T08:59:49.0000000Z",
        "status": "InProgress"
      }
    },
    {
      "RequestUri": "https://management.azure.com/subscriptions/db1ab6f0-4769-4b27-930e-01e2ef9c123c/resourceGroups/testRG-6741/providers/Microsoft.Network/locations/australiaeast/dnsResolverOperationStatuses/eyJPcGVyYXRpb25UeXBlIjoiVXBzZXJ0RG5zRm9yd2FyZGluZ1J1bGVzZXQiLCJPcGVyYXRpb25JZCI6ImViMTkzNjk2LWM1NDEtNGYzZS1hZmM5LTE0NmE4YjdjZjAyYiJ9?api-version=2022-07-01",
      "RequestMethod": "GET",
      "RequestHeaders": {
        "Authorization": "Sanitized",
        "traceparent": "00-9c4af5758a2671408a33028b168c800e-6f91de31b439134c-00",
        "User-Agent": "azsdk-net-ResourceManager/1.4.0 (.NET Framework 4.8.9139.0; Microsoft Windows 10.0.22621 )",
        "x-ms-client-request-id": "aa5dcc859dab7fe17d53ceb4d72a412a",
        "x-ms-return-client-request-id": "true"
      },
      "RequestBody": null,
      "StatusCode": 200,
      "ResponseHeaders": {
        "Cache-Control": "no-cache",
        "Content-Length": "508",
        "Content-Type": "application/json; charset=utf-8",
        "Date": "Wed, 22 Mar 2023 08:59:51 GMT",
        "Expires": "-1",
        "Pragma": "no-cache",
        "Server": "Kestrel",
        "Strict-Transport-Security": "max-age=31536000; includeSubDomains",
        "X-Content-Type-Options": "nosniff",
        "x-ms-activity-id": "d8741a07-bbb1-478c-9bd7-47222cd1e35d",
        "x-ms-correlation-request-id": "defddf04-a731-4d60-9714-a3451008e3ae",
        "x-ms-ratelimit-remaining-subscription-resource-requests": "473",
        "x-ms-request-id": "defddf04-a731-4d60-9714-a3451008e3ae",
        "x-ms-routing-request-id": "SOUTHEASTASIA:20230322T085951Z:defddf04-a731-4d60-9714-a3451008e3ae"
      },
      "ResponseBody": {
        "id": "/subscriptions/db1ab6f0-4769-4b27-930e-01e2ef9c123c/resourceGroups/testRG-6741/providers/Microsoft.Network/locations/australiaeast/dnsResolverOperationStatuses/eyJPcGVyYXRpb25UeXBlIjoiVXBzZXJ0RG5zRm9yd2FyZGluZ1J1bGVzZXQiLCJPcGVyYXRpb25JZCI6ImViMTkzNjk2LWM1NDEtNGYzZS1hZmM5LTE0NmE4YjdjZjAyYiJ9",
        "name": "eyJPcGVyYXRpb25UeXBlIjoiVXBzZXJ0RG5zRm9yd2FyZGluZ1J1bGVzZXQiLCJPcGVyYXRpb25JZCI6ImViMTkzNjk2LWM1NDEtNGYzZS1hZmM5LTE0NmE4YjdjZjAyYiJ9",
        "startTime": "2023-03-22T08:59:49.0000000Z",
        "status": "InProgress"
      }
    },
    {
      "RequestUri": "https://management.azure.com/subscriptions/db1ab6f0-4769-4b27-930e-01e2ef9c123c/resourceGroups/testRG-6741/providers/Microsoft.Network/locations/australiaeast/dnsResolverOperationStatuses/eyJPcGVyYXRpb25UeXBlIjoiVXBzZXJ0RG5zRm9yd2FyZGluZ1J1bGVzZXQiLCJPcGVyYXRpb25JZCI6ImViMTkzNjk2LWM1NDEtNGYzZS1hZmM5LTE0NmE4YjdjZjAyYiJ9?api-version=2022-07-01",
      "RequestMethod": "GET",
      "RequestHeaders": {
        "Authorization": "Sanitized",
        "traceparent": "00-9c4af5758a2671408a33028b168c800e-cfc9f92aadb7b147-00",
        "User-Agent": "azsdk-net-ResourceManager/1.4.0 (.NET Framework 4.8.9139.0; Microsoft Windows 10.0.22621 )",
        "x-ms-client-request-id": "273956af4b5f3be16ff6ed43b22d5e10",
        "x-ms-return-client-request-id": "true"
      },
      "RequestBody": null,
      "StatusCode": 200,
      "ResponseHeaders": {
        "Cache-Control": "no-cache",
        "Content-Length": "548",
        "Content-Type": "application/json; charset=utf-8",
        "Date": "Wed, 22 Mar 2023 08:59:52 GMT",
        "Expires": "-1",
        "Pragma": "no-cache",
        "Server": "Kestrel",
        "Strict-Transport-Security": "max-age=31536000; includeSubDomains",
        "X-Content-Type-Options": "nosniff",
        "x-ms-activity-id": "d6063d0a-0e41-403e-83d2-0d6a14958794",
        "x-ms-correlation-request-id": "207dd8b6-5f3f-4511-be46-3d94f0d2b3c1",
        "x-ms-ratelimit-remaining-subscription-resource-requests": "472",
        "x-ms-request-id": "207dd8b6-5f3f-4511-be46-3d94f0d2b3c1",
        "x-ms-routing-request-id": "SOUTHEASTASIA:20230322T085952Z:207dd8b6-5f3f-4511-be46-3d94f0d2b3c1"
      },
      "ResponseBody": {
        "id": "/subscriptions/db1ab6f0-4769-4b27-930e-01e2ef9c123c/resourceGroups/testRG-6741/providers/Microsoft.Network/locations/australiaeast/dnsResolverOperationStatuses/eyJPcGVyYXRpb25UeXBlIjoiVXBzZXJ0RG5zRm9yd2FyZGluZ1J1bGVzZXQiLCJPcGVyYXRpb25JZCI6ImViMTkzNjk2LWM1NDEtNGYzZS1hZmM5LTE0NmE4YjdjZjAyYiJ9",
        "name": "eyJPcGVyYXRpb25UeXBlIjoiVXBzZXJ0RG5zRm9yd2FyZGluZ1J1bGVzZXQiLCJPcGVyYXRpb25JZCI6ImViMTkzNjk2LWM1NDEtNGYzZS1hZmM5LTE0NmE4YjdjZjAyYiJ9",
        "startTime": "2023-03-22T08:59:49.0000000Z",
        "endTime": "2023-03-22T08:59:52.0000000Z",
        "status": "Succeeded"
      }
    },
    {
      "RequestUri": "https://management.azure.com/subscriptions/db1ab6f0-4769-4b27-930e-01e2ef9c123c/resourceGroups/testRG-6741/providers/Microsoft.Network/dnsForwardingRulesets/dnsForwardingRuleset-6055?api-version=2022-07-01",
      "RequestMethod": "GET",
      "RequestHeaders": {
        "Authorization": "Sanitized",
        "traceparent": "00-9c4af5758a2671408a33028b168c800e-4352f29d82d11b42-00",
        "User-Agent": "azsdk-net-ResourceManager/1.4.0 (.NET Framework 4.8.9139.0; Microsoft Windows 10.0.22621 )",
        "x-ms-client-request-id": "eb673ba27fd7106c729ce38f0e94ef16",
        "x-ms-return-client-request-id": "true"
      },
      "RequestBody": null,
      "StatusCode": 200,
      "ResponseHeaders": {
        "Cache-Control": "no-cache",
        "Content-Length": "825",
        "Content-Type": "application/json; charset=utf-8",
        "Date": "Wed, 22 Mar 2023 08:59:52 GMT",
        "Expires": "-1",
        "Pragma": "no-cache",
        "Server": "Kestrel",
        "Strict-Transport-Security": "max-age=31536000; includeSubDomains",
        "X-Content-Type-Options": "nosniff",
        "x-ms-activity-id": "5e65dfb8-27e4-4e33-8ffa-73093a5ebd77",
        "x-ms-correlation-request-id": "0d61ca65-dddd-40f7-b497-9ae9037320e9",
        "x-ms-ratelimit-remaining-subscription-resource-requests": "497",
        "x-ms-request-id": "0d61ca65-dddd-40f7-b497-9ae9037320e9",
        "x-ms-routing-request-id": "SOUTHEASTASIA:20230322T085953Z:0d61ca65-dddd-40f7-b497-9ae9037320e9"
      },
      "ResponseBody": {
        "properties": {
          "dnsResolverOutboundEndpoints": [
            {
              "id": "/subscriptions/db1ab6f0-4769-4b27-930e-01e2ef9c123c/resourceGroups/testRG-6741/providers/Microsoft.Network/dnsResolvers/dnsResolver-3790/outboundEndpoints/outboundEndpoint-1354"
            }
          ],
          "provisioningState": "Succeeded",
          "resourceGuid": "2cde7755-e055-4d51-a127-02267a2d73d4"
        },
        "etag": "\u00226100b034-0000-1a00-0000-641ac3870000\u0022",
        "location": "australiaeast",
        "tags": {},
        "id": "/subscriptions/db1ab6f0-4769-4b27-930e-01e2ef9c123c/resourceGroups/testRG-6741/providers/Microsoft.Network/dnsForwardingRulesets/dnsForwardingRuleset-6055",
        "name": "dnsForwardingRuleset-6055",
        "type": "Microsoft.Network/dnsForwardingRulesets",
        "systemData": {
          "createdAt": "2023-03-22T08:59:48.9523349Z",
          "createdByType": "Application",
          "lastModifiedAt": "2023-03-22T08:59:48.9523349Z",
          "lastModifiedByType": "Application"
        }
      }
    },
    {
      "RequestUri": "https://management.azure.com/subscriptions/db1ab6f0-4769-4b27-930e-01e2ef9c123c/resourceGroups/testRG-6741/providers/Microsoft.Network/dnsForwardingRulesets/dnsForwardingRuleset-6055?api-version=2022-07-01",
      "RequestMethod": "DELETE",
      "RequestHeaders": {
        "Accept": "application/json",
        "Authorization": "Sanitized",
        "traceparent": "00-465e9d2792b1444881c65203350a031f-fa294d08f7677b40-00",
        "User-Agent": "azsdk-net-ResourceManager.DnsResolver/1.1.0-alpha.20230321.1 (.NET Framework 4.8.9139.0; Microsoft Windows 10.0.22621 )",
        "x-ms-client-request-id": "34168be726063a44eb223ab4af9dcd4f",
        "x-ms-return-client-request-id": "true"
      },
      "RequestBody": null,
      "StatusCode": 202,
      "ResponseHeaders": {
        "Azure-AsyncOperation": "https://management.azure.com/subscriptions/db1ab6f0-4769-4b27-930e-01e2ef9c123c/resourceGroups/testRG-6741/providers/Microsoft.Network/locations/australiaeast/dnsResolverOperationStatuses/eyJPcGVyYXRpb25UeXBlIjoiRGVsZXRlRG5zRm9yd2FyZGluZ1J1bGVzZXQiLCJPcGVyYXRpb25JZCI6ImY0OWM0ZDFlLWNiYmUtNDM3NC1hMDczLTlmNWEwNTg5ZjEyZSJ9?api-version=2022-07-01",
        "Cache-Control": "no-cache",
        "Content-Length": "0",
        "Date": "Wed, 22 Mar 2023 08:59:53 GMT",
        "Expires": "-1",
        "Location": "https://management.azure.com/subscriptions/db1ab6f0-4769-4b27-930e-01e2ef9c123c/resourceGroups/testRG-6741/providers/Microsoft.Network/locations/australiaeast/dnsResolverOperationResults/eyJPcGVyYXRpb25UeXBlIjoiRGVsZXRlRG5zRm9yd2FyZGluZ1J1bGVzZXQiLCJPcGVyYXRpb25JZCI6ImY0OWM0ZDFlLWNiYmUtNDM3NC1hMDczLTlmNWEwNTg5ZjEyZSJ9?api-version=2022-07-01",
        "Pragma": "no-cache",
        "Retry-After": "5",
        "Server": "Kestrel",
        "Strict-Transport-Security": "max-age=31536000; includeSubDomains",
        "X-Content-Type-Options": "nosniff",
        "x-ms-activity-id": "f49f0b2a-2310-4bc3-bf08-5c72dba6510e",
        "x-ms-correlation-request-id": "b211dddb-ed5d-482b-9ad0-2ede731986e5",
        "x-ms-ratelimit-remaining-subscription-resource-requests": "11999",
        "x-ms-request-id": "b211dddb-ed5d-482b-9ad0-2ede731986e5",
        "x-ms-routing-request-id": "SOUTHEASTASIA:20230322T085953Z:b211dddb-ed5d-482b-9ad0-2ede731986e5"
      },
      "ResponseBody": null
    },
    {
      "RequestUri": "https://management.azure.com/subscriptions/db1ab6f0-4769-4b27-930e-01e2ef9c123c/resourceGroups/testRG-6741/providers/Microsoft.Network/locations/australiaeast/dnsResolverOperationStatuses/eyJPcGVyYXRpb25UeXBlIjoiRGVsZXRlRG5zRm9yd2FyZGluZ1J1bGVzZXQiLCJPcGVyYXRpb25JZCI6ImY0OWM0ZDFlLWNiYmUtNDM3NC1hMDczLTlmNWEwNTg5ZjEyZSJ9?api-version=2022-07-01",
      "RequestMethod": "GET",
      "RequestHeaders": {
        "Authorization": "Sanitized",
        "traceparent": "00-465e9d2792b1444881c65203350a031f-cace94cb63c04d4e-00",
        "User-Agent": "azsdk-net-ResourceManager/1.4.0 (.NET Framework 4.8.9139.0; Microsoft Windows 10.0.22621 )",
        "x-ms-client-request-id": "265cd7072a167c0af62dffb445b761d5",
        "x-ms-return-client-request-id": "true"
      },
      "RequestBody": null,
      "StatusCode": 200,
      "ResponseHeaders": {
        "Cache-Control": "no-cache",
        "Content-Length": "508",
        "Content-Type": "application/json; charset=utf-8",
        "Date": "Wed, 22 Mar 2023 08:59:53 GMT",
        "Expires": "-1",
        "Pragma": "no-cache",
        "Server": "Kestrel",
        "Strict-Transport-Security": "max-age=31536000; includeSubDomains",
        "X-Content-Type-Options": "nosniff",
        "x-ms-activity-id": "cb625c03-d5af-4a58-a8c9-c69215da40bc",
        "x-ms-correlation-request-id": "95273854-d31f-49b6-adcf-9e7dffc12b0e",
        "x-ms-ratelimit-remaining-subscription-resource-requests": "471",
        "x-ms-request-id": "95273854-d31f-49b6-adcf-9e7dffc12b0e",
        "x-ms-routing-request-id": "SOUTHEASTASIA:20230322T085954Z:95273854-d31f-49b6-adcf-9e7dffc12b0e"
      },
      "ResponseBody": {
        "id": "/subscriptions/db1ab6f0-4769-4b27-930e-01e2ef9c123c/resourceGroups/testRG-6741/providers/Microsoft.Network/locations/australiaeast/dnsResolverOperationStatuses/eyJPcGVyYXRpb25UeXBlIjoiRGVsZXRlRG5zRm9yd2FyZGluZ1J1bGVzZXQiLCJPcGVyYXRpb25JZCI6ImY0OWM0ZDFlLWNiYmUtNDM3NC1hMDczLTlmNWEwNTg5ZjEyZSJ9",
        "name": "eyJPcGVyYXRpb25UeXBlIjoiRGVsZXRlRG5zRm9yd2FyZGluZ1J1bGVzZXQiLCJPcGVyYXRpb25JZCI6ImY0OWM0ZDFlLWNiYmUtNDM3NC1hMDczLTlmNWEwNTg5ZjEyZSJ9",
        "startTime": "2023-03-22T08:59:53.0000000Z",
        "status": "InProgress"
      }
    },
    {
      "RequestUri": "https://management.azure.com/subscriptions/db1ab6f0-4769-4b27-930e-01e2ef9c123c/resourceGroups/testRG-6741/providers/Microsoft.Network/locations/australiaeast/dnsResolverOperationStatuses/eyJPcGVyYXRpb25UeXBlIjoiRGVsZXRlRG5zRm9yd2FyZGluZ1J1bGVzZXQiLCJPcGVyYXRpb25JZCI6ImY0OWM0ZDFlLWNiYmUtNDM3NC1hMDczLTlmNWEwNTg5ZjEyZSJ9?api-version=2022-07-01",
      "RequestMethod": "GET",
      "RequestHeaders": {
        "Authorization": "Sanitized",
        "traceparent": "00-465e9d2792b1444881c65203350a031f-2fb0002cdc423445-00",
        "User-Agent": "azsdk-net-ResourceManager/1.4.0 (.NET Framework 4.8.9139.0; Microsoft Windows 10.0.22621 )",
        "x-ms-client-request-id": "509a93cf5283915238e749de7181d199",
        "x-ms-return-client-request-id": "true"
      },
      "RequestBody": null,
      "StatusCode": 200,
      "ResponseHeaders": {
        "Cache-Control": "no-cache",
        "Content-Length": "508",
        "Content-Type": "application/json; charset=utf-8",
        "Date": "Wed, 22 Mar 2023 08:59:55 GMT",
        "Expires": "-1",
        "Pragma": "no-cache",
        "Server": "Kestrel",
        "Strict-Transport-Security": "max-age=31536000; includeSubDomains",
        "X-Content-Type-Options": "nosniff",
        "x-ms-activity-id": "53585ccf-55ea-4582-99d5-7ce4ab5c20cb",
        "x-ms-correlation-request-id": "1935869a-4685-4e6b-8870-7871509d4ff6",
        "x-ms-ratelimit-remaining-subscription-resource-requests": "470",
        "x-ms-request-id": "1935869a-4685-4e6b-8870-7871509d4ff6",
        "x-ms-routing-request-id": "SOUTHEASTASIA:20230322T085955Z:1935869a-4685-4e6b-8870-7871509d4ff6"
      },
      "ResponseBody": {
        "id": "/subscriptions/db1ab6f0-4769-4b27-930e-01e2ef9c123c/resourceGroups/testRG-6741/providers/Microsoft.Network/locations/australiaeast/dnsResolverOperationStatuses/eyJPcGVyYXRpb25UeXBlIjoiRGVsZXRlRG5zRm9yd2FyZGluZ1J1bGVzZXQiLCJPcGVyYXRpb25JZCI6ImY0OWM0ZDFlLWNiYmUtNDM3NC1hMDczLTlmNWEwNTg5ZjEyZSJ9",
        "name": "eyJPcGVyYXRpb25UeXBlIjoiRGVsZXRlRG5zRm9yd2FyZGluZ1J1bGVzZXQiLCJPcGVyYXRpb25JZCI6ImY0OWM0ZDFlLWNiYmUtNDM3NC1hMDczLTlmNWEwNTg5ZjEyZSJ9",
        "startTime": "2023-03-22T08:59:53.0000000Z",
        "status": "InProgress"
      }
    },
    {
      "RequestUri": "https://management.azure.com/subscriptions/db1ab6f0-4769-4b27-930e-01e2ef9c123c/resourceGroups/testRG-6741/providers/Microsoft.Network/locations/australiaeast/dnsResolverOperationStatuses/eyJPcGVyYXRpb25UeXBlIjoiRGVsZXRlRG5zRm9yd2FyZGluZ1J1bGVzZXQiLCJPcGVyYXRpb25JZCI6ImY0OWM0ZDFlLWNiYmUtNDM3NC1hMDczLTlmNWEwNTg5ZjEyZSJ9?api-version=2022-07-01",
      "RequestMethod": "GET",
      "RequestHeaders": {
        "Authorization": "Sanitized",
        "traceparent": "00-465e9d2792b1444881c65203350a031f-e040b40a107f244a-00",
        "User-Agent": "azsdk-net-ResourceManager/1.4.0 (.NET Framework 4.8.9139.0; Microsoft Windows 10.0.22621 )",
        "x-ms-client-request-id": "d7ad5ff5a640ca39b395a595569eea33",
        "x-ms-return-client-request-id": "true"
      },
      "RequestBody": null,
      "StatusCode": 200,
      "ResponseHeaders": {
        "Cache-Control": "no-cache",
        "Content-Length": "508",
        "Content-Type": "application/json; charset=utf-8",
        "Date": "Wed, 22 Mar 2023 08:59:56 GMT",
        "Expires": "-1",
        "Pragma": "no-cache",
        "Server": "Kestrel",
        "Strict-Transport-Security": "max-age=31536000; includeSubDomains",
        "X-Content-Type-Options": "nosniff",
        "x-ms-activity-id": "3675fbd0-2d1d-490e-9c18-ba90c75bbfc9",
        "x-ms-correlation-request-id": "b906c9ee-1f87-4f00-9fa7-2cc5878a0a87",
        "x-ms-ratelimit-remaining-subscription-resource-requests": "469",
        "x-ms-request-id": "b906c9ee-1f87-4f00-9fa7-2cc5878a0a87",
        "x-ms-routing-request-id": "SOUTHEASTASIA:20230322T085956Z:b906c9ee-1f87-4f00-9fa7-2cc5878a0a87"
      },
      "ResponseBody": {
        "id": "/subscriptions/db1ab6f0-4769-4b27-930e-01e2ef9c123c/resourceGroups/testRG-6741/providers/Microsoft.Network/locations/australiaeast/dnsResolverOperationStatuses/eyJPcGVyYXRpb25UeXBlIjoiRGVsZXRlRG5zRm9yd2FyZGluZ1J1bGVzZXQiLCJPcGVyYXRpb25JZCI6ImY0OWM0ZDFlLWNiYmUtNDM3NC1hMDczLTlmNWEwNTg5ZjEyZSJ9",
        "name": "eyJPcGVyYXRpb25UeXBlIjoiRGVsZXRlRG5zRm9yd2FyZGluZ1J1bGVzZXQiLCJPcGVyYXRpb25JZCI6ImY0OWM0ZDFlLWNiYmUtNDM3NC1hMDczLTlmNWEwNTg5ZjEyZSJ9",
        "startTime": "2023-03-22T08:59:53.0000000Z",
        "status": "InProgress"
      }
    },
    {
      "RequestUri": "https://management.azure.com/subscriptions/db1ab6f0-4769-4b27-930e-01e2ef9c123c/resourceGroups/testRG-6741/providers/Microsoft.Network/locations/australiaeast/dnsResolverOperationStatuses/eyJPcGVyYXRpb25UeXBlIjoiRGVsZXRlRG5zRm9yd2FyZGluZ1J1bGVzZXQiLCJPcGVyYXRpb25JZCI6ImY0OWM0ZDFlLWNiYmUtNDM3NC1hMDczLTlmNWEwNTg5ZjEyZSJ9?api-version=2022-07-01",
      "RequestMethod": "GET",
      "RequestHeaders": {
        "Authorization": "Sanitized",
        "traceparent": "00-465e9d2792b1444881c65203350a031f-25734f2f3f299f41-00",
        "User-Agent": "azsdk-net-ResourceManager/1.4.0 (.NET Framework 4.8.9139.0; Microsoft Windows 10.0.22621 )",
        "x-ms-client-request-id": "d4f2dfc7dcb7b45884cbed2fe02b0a75",
        "x-ms-return-client-request-id": "true"
      },
      "RequestBody": null,
      "StatusCode": 200,
      "ResponseHeaders": {
        "Cache-Control": "no-cache",
        "Content-Length": "508",
        "Content-Type": "application/json; charset=utf-8",
        "Date": "Wed, 22 Mar 2023 08:59:57 GMT",
        "Expires": "-1",
        "Pragma": "no-cache",
        "Server": "Kestrel",
        "Strict-Transport-Security": "max-age=31536000; includeSubDomains",
        "X-Content-Type-Options": "nosniff",
        "x-ms-activity-id": "0ecddd36-5866-4c1d-9688-62ca62d8c7b1",
        "x-ms-correlation-request-id": "0f12f833-178e-4fbf-adde-7424da906b7c",
        "x-ms-ratelimit-remaining-subscription-resource-requests": "468",
        "x-ms-request-id": "0f12f833-178e-4fbf-adde-7424da906b7c",
        "x-ms-routing-request-id": "SOUTHEASTASIA:20230322T085957Z:0f12f833-178e-4fbf-adde-7424da906b7c"
      },
      "ResponseBody": {
        "id": "/subscriptions/db1ab6f0-4769-4b27-930e-01e2ef9c123c/resourceGroups/testRG-6741/providers/Microsoft.Network/locations/australiaeast/dnsResolverOperationStatuses/eyJPcGVyYXRpb25UeXBlIjoiRGVsZXRlRG5zRm9yd2FyZGluZ1J1bGVzZXQiLCJPcGVyYXRpb25JZCI6ImY0OWM0ZDFlLWNiYmUtNDM3NC1hMDczLTlmNWEwNTg5ZjEyZSJ9",
        "name": "eyJPcGVyYXRpb25UeXBlIjoiRGVsZXRlRG5zRm9yd2FyZGluZ1J1bGVzZXQiLCJPcGVyYXRpb25JZCI6ImY0OWM0ZDFlLWNiYmUtNDM3NC1hMDczLTlmNWEwNTg5ZjEyZSJ9",
        "startTime": "2023-03-22T08:59:53.0000000Z",
        "status": "InProgress"
      }
    },
    {
      "RequestUri": "https://management.azure.com/subscriptions/db1ab6f0-4769-4b27-930e-01e2ef9c123c/resourceGroups/testRG-6741/providers/Microsoft.Network/locations/australiaeast/dnsResolverOperationStatuses/eyJPcGVyYXRpb25UeXBlIjoiRGVsZXRlRG5zRm9yd2FyZGluZ1J1bGVzZXQiLCJPcGVyYXRpb25JZCI6ImY0OWM0ZDFlLWNiYmUtNDM3NC1hMDczLTlmNWEwNTg5ZjEyZSJ9?api-version=2022-07-01",
      "RequestMethod": "GET",
      "RequestHeaders": {
        "Authorization": "Sanitized",
        "traceparent": "00-465e9d2792b1444881c65203350a031f-9addcaa8f2648940-00",
        "User-Agent": "azsdk-net-ResourceManager/1.4.0 (.NET Framework 4.8.9139.0; Microsoft Windows 10.0.22621 )",
        "x-ms-client-request-id": "e5be665b890929945acf9dedadbd3a99",
        "x-ms-return-client-request-id": "true"
      },
      "RequestBody": null,
      "StatusCode": 200,
      "ResponseHeaders": {
        "Cache-Control": "no-cache",
        "Content-Length": "508",
        "Content-Type": "application/json; charset=utf-8",
        "Date": "Wed, 22 Mar 2023 08:59:59 GMT",
        "Expires": "-1",
        "Pragma": "no-cache",
        "Server": "Kestrel",
        "Strict-Transport-Security": "max-age=31536000; includeSubDomains",
        "X-Content-Type-Options": "nosniff",
        "x-ms-activity-id": "5cc367d0-5d24-4c44-bf4e-a4e86a041e63",
        "x-ms-correlation-request-id": "1bab075d-5b09-4409-9065-a8d5a421930e",
        "x-ms-ratelimit-remaining-subscription-resource-requests": "467",
        "x-ms-request-id": "1bab075d-5b09-4409-9065-a8d5a421930e",
        "x-ms-routing-request-id": "SOUTHEASTASIA:20230322T085959Z:1bab075d-5b09-4409-9065-a8d5a421930e"
      },
      "ResponseBody": {
        "id": "/subscriptions/db1ab6f0-4769-4b27-930e-01e2ef9c123c/resourceGroups/testRG-6741/providers/Microsoft.Network/locations/australiaeast/dnsResolverOperationStatuses/eyJPcGVyYXRpb25UeXBlIjoiRGVsZXRlRG5zRm9yd2FyZGluZ1J1bGVzZXQiLCJPcGVyYXRpb25JZCI6ImY0OWM0ZDFlLWNiYmUtNDM3NC1hMDczLTlmNWEwNTg5ZjEyZSJ9",
        "name": "eyJPcGVyYXRpb25UeXBlIjoiRGVsZXRlRG5zRm9yd2FyZGluZ1J1bGVzZXQiLCJPcGVyYXRpb25JZCI6ImY0OWM0ZDFlLWNiYmUtNDM3NC1hMDczLTlmNWEwNTg5ZjEyZSJ9",
        "startTime": "2023-03-22T08:59:53.0000000Z",
        "status": "InProgress"
      }
    },
    {
      "RequestUri": "https://management.azure.com/subscriptions/db1ab6f0-4769-4b27-930e-01e2ef9c123c/resourceGroups/testRG-6741/providers/Microsoft.Network/locations/australiaeast/dnsResolverOperationStatuses/eyJPcGVyYXRpb25UeXBlIjoiRGVsZXRlRG5zRm9yd2FyZGluZ1J1bGVzZXQiLCJPcGVyYXRpb25JZCI6ImY0OWM0ZDFlLWNiYmUtNDM3NC1hMDczLTlmNWEwNTg5ZjEyZSJ9?api-version=2022-07-01",
      "RequestMethod": "GET",
      "RequestHeaders": {
        "Authorization": "Sanitized",
        "traceparent": "00-465e9d2792b1444881c65203350a031f-594c97cc4bb3dc40-00",
        "User-Agent": "azsdk-net-ResourceManager/1.4.0 (.NET Framework 4.8.9139.0; Microsoft Windows 10.0.22621 )",
        "x-ms-client-request-id": "911616fdfd8f19e207f95375b80aea87",
        "x-ms-return-client-request-id": "true"
      },
      "RequestBody": null,
      "StatusCode": 200,
      "ResponseHeaders": {
        "Cache-Control": "no-cache",
        "Content-Length": "548",
        "Content-Type": "application/json; charset=utf-8",
        "Date": "Wed, 22 Mar 2023 09:00:03 GMT",
        "Expires": "-1",
        "Pragma": "no-cache",
        "Server": "Kestrel",
        "Strict-Transport-Security": "max-age=31536000; includeSubDomains",
        "X-Content-Type-Options": "nosniff",
        "x-ms-activity-id": "022923dd-ebea-4f36-a677-efbd65603e5b",
        "x-ms-correlation-request-id": "3c04b4c4-42c8-4a25-8350-2e73ec475aea",
        "x-ms-ratelimit-remaining-subscription-resource-requests": "466",
        "x-ms-request-id": "3c04b4c4-42c8-4a25-8350-2e73ec475aea",
        "x-ms-routing-request-id": "SOUTHEASTASIA:20230322T090004Z:3c04b4c4-42c8-4a25-8350-2e73ec475aea"
      },
      "ResponseBody": {
        "id": "/subscriptions/db1ab6f0-4769-4b27-930e-01e2ef9c123c/resourceGroups/testRG-6741/providers/Microsoft.Network/locations/australiaeast/dnsResolverOperationStatuses/eyJPcGVyYXRpb25UeXBlIjoiRGVsZXRlRG5zRm9yd2FyZGluZ1J1bGVzZXQiLCJPcGVyYXRpb25JZCI6ImY0OWM0ZDFlLWNiYmUtNDM3NC1hMDczLTlmNWEwNTg5ZjEyZSJ9",
        "name": "eyJPcGVyYXRpb25UeXBlIjoiRGVsZXRlRG5zRm9yd2FyZGluZ1J1bGVzZXQiLCJPcGVyYXRpb25JZCI6ImY0OWM0ZDFlLWNiYmUtNDM3NC1hMDczLTlmNWEwNTg5ZjEyZSJ9",
        "startTime": "2023-03-22T08:59:53.0000000Z",
        "endTime": "2023-03-22T09:00:02.0000000Z",
        "status": "Succeeded"
      }
    },
    {
      "RequestUri": "https://management.azure.com/subscriptions/db1ab6f0-4769-4b27-930e-01e2ef9c123c/resourceGroups/testRG-6741/providers/Microsoft.Network/dnsForwardingRulesets/dnsForwardingRuleset-6055?api-version=2022-07-01",
      "RequestMethod": "GET",
      "RequestHeaders": {
        "Accept": "application/json",
        "Authorization": "Sanitized",
        "traceparent": "00-774fdb6f20851a4caec627127d89271e-5ec0f9fc57f1e74f-00",
        "User-Agent": "azsdk-net-ResourceManager.DnsResolver/1.1.0-alpha.20230321.1 (.NET Framework 4.8.9139.0; Microsoft Windows 10.0.22621 )",
        "x-ms-client-request-id": "ef39308a04df3e294bc97ae73e6a07c7",
        "x-ms-return-client-request-id": "true"
      },
      "RequestBody": null,
      "StatusCode": 404,
      "ResponseHeaders": {
        "Cache-Control": "no-cache",
        "Content-Length": "233",
        "Content-Type": "text/plain; charset=utf-8",
        "Date": "Wed, 22 Mar 2023 09:00:03 GMT",
        "Expires": "-1",
        "Pragma": "no-cache",
        "Server": "Kestrel",
        "Strict-Transport-Security": "max-age=31536000; includeSubDomains",
        "X-Content-Type-Options": "nosniff",
        "x-ms-activity-id": "a9e1ea5b-ecd2-4862-b5f5-3bdb331a6110",
        "x-ms-correlation-request-id": "e4114976-dbf2-4f33-931a-ce679a59e486",
        "x-ms-ratelimit-remaining-subscription-resource-requests": "496",
        "x-ms-request-id": "e4114976-dbf2-4f33-931a-ce679a59e486",
        "x-ms-routing-request-id": "SOUTHEASTASIA:20230322T090004Z:e4114976-dbf2-4f33-931a-ce679a59e486"
      },
      "ResponseBody": {
        "error": {
          "code": "NotFound",
          "message": "Exception of type \u0027Microsoft.Azure.Networking.Dns.ManagedResolver.Frontend.Contracts.Exceptions.Service.FrontendNotFoundServiceException\u0027 was thrown.",
          "target": "",
          "details": {},
          "innererror": {}
        }
      }
    }
  ],
  "Variables": {
    "AZURE_AUTHORITY_HOST": "https://login.microsoftonline.com/",
    "RandomSeed": "1006970171",
    "RESOURCE_MANAGER_URL": null,
    "SUBSCRIPTION_ID": "db1ab6f0-4769-4b27-930e-01e2ef9c123c"
  }
}
