{
  "Entries": [
    {
      "RequestUri": "https://management.azure.com/subscriptions/dec9ed54-2b7f-4476-9bd0-875544af59df?api-version=2021-01-01",
      "RequestMethod": "GET",
      "RequestHeaders": {
        "Accept": "application/json",
        "Authorization": "Sanitized",
        "traceparent": "00-1aeb14f54853974a8703e8741127f1ca-f318534f08ae1745-00",
        "User-Agent": "azsdk-net-ResourceManager/1.2.0 (.NET Framework 4.8.4510.0; Microsoft Windows 10.0.22000 )",
        "x-ms-client-request-id": "d470d1afbc55a71af000513af0f047df",
        "x-ms-return-client-request-id": "true"
      },
      "RequestBody": null,
      "StatusCode": 200,
      "ResponseHeaders": {
        "Cache-Control": "no-cache",
        "Content-Length": "409",
        "Content-Type": "application/json; charset=utf-8",
        "Date": "Wed, 31 Aug 2022 00:04:05 GMT",
        "Expires": "-1",
        "Pragma": "no-cache",
        "Strict-Transport-Security": "max-age=31536000; includeSubDomains",
        "X-Content-Type-Options": "nosniff",
        "x-ms-correlation-request-id": "cacf7bd7-0e21-46be-8d3e-24a07e992c89",
        "x-ms-ratelimit-remaining-subscription-reads": "11992",
        "x-ms-request-id": "cacf7bd7-0e21-46be-8d3e-24a07e992c89",
        "x-ms-routing-request-id": "WESTUS2:20220831T000405Z:cacf7bd7-0e21-46be-8d3e-24a07e992c89"
      },
      "ResponseBody": {
        "id": "/subscriptions/dec9ed54-2b7f-4476-9bd0-875544af59df",
        "authorizationSource": "RoleBased",
        "managedByTenants": [],
        "subscriptionId": "dec9ed54-2b7f-4476-9bd0-875544af59df",
        "tenantId": "72f988bf-86f1-41af-91ab-2d7cd011db47",
        "displayName": "CosmosDB_RegionalRPValidation",
        "state": "Enabled",
        "subscriptionPolicies": {
          "locationPlacementId": "Internal_2014-09-01",
          "quotaId": "Internal_2014-09-01",
          "spendingLimit": "Off"
        }
      }
    },
    {
      "RequestUri": "https://management.azure.com/subscriptions/dec9ed54-2b7f-4476-9bd0-875544af59df/resourcegroups/dbaccount-1339?api-version=2021-04-01",
      "RequestMethod": "PUT",
      "RequestHeaders": {
        "Accept": "application/json",
        "Authorization": "Sanitized",
        "Content-Length": "22",
        "Content-Type": "application/json",
        "traceparent": "00-6f03d0d7fc64434b805abb9ef236896a-b1bf6d03655c2e4c-00",
        "User-Agent": "azsdk-net-ResourceManager/1.2.0 (.NET Framework 4.8.4510.0; Microsoft Windows 10.0.22000 )",
        "x-ms-client-request-id": "dda737a59cfdfa174043222ed10a7889",
        "x-ms-return-client-request-id": "true"
      },
      "RequestBody": {
        "location": "westus2"
      },
      "StatusCode": 201,
      "ResponseHeaders": {
        "Cache-Control": "no-cache",
        "Content-Length": "226",
        "Content-Type": "application/json; charset=utf-8",
        "Date": "Wed, 31 Aug 2022 00:04:05 GMT",
        "Expires": "-1",
        "Pragma": "no-cache",
        "Strict-Transport-Security": "max-age=31536000; includeSubDomains",
        "X-Content-Type-Options": "nosniff",
        "x-ms-correlation-request-id": "8a7dfded-0d6b-42bb-bc1f-6de36b903c97",
        "x-ms-ratelimit-remaining-subscription-writes": "1199",
        "x-ms-request-id": "8a7dfded-0d6b-42bb-bc1f-6de36b903c97",
        "x-ms-routing-request-id": "WESTUS2:20220831T000406Z:8a7dfded-0d6b-42bb-bc1f-6de36b903c97"
      },
      "ResponseBody": {
        "id": "/subscriptions/dec9ed54-2b7f-4476-9bd0-875544af59df/resourceGroups/dbaccount-1339",
        "name": "dbaccount-1339",
        "type": "Microsoft.Resources/resourceGroups",
        "location": "westus2",
        "properties": {
          "provisioningState": "Succeeded"
        }
      }
    },
    {
      "RequestUri": "https://management.azure.com/subscriptions/dec9ed54-2b7f-4476-9bd0-875544af59df/resourcegroups/dbaccount-1339?api-version=2021-04-01",
      "RequestMethod": "GET",
      "RequestHeaders": {
        "Accept": "application/json",
        "Authorization": "Sanitized",
        "traceparent": "00-2ba5ba831a723d46a3b5ae1eadca452f-b6c62b9659884049-00",
        "User-Agent": "azsdk-net-ResourceManager/1.2.0 (.NET Framework 4.8.4510.0; Microsoft Windows 10.0.22000 )",
        "x-ms-client-request-id": "df73ed7805b08ee86222d750dc11ed54",
        "x-ms-return-client-request-id": "true"
      },
      "RequestBody": null,
      "StatusCode": 200,
      "ResponseHeaders": {
        "Cache-Control": "no-cache",
        "Content-Length": "226",
        "Content-Type": "application/json; charset=utf-8",
        "Date": "Wed, 31 Aug 2022 00:04:05 GMT",
        "Expires": "-1",
        "Pragma": "no-cache",
        "Strict-Transport-Security": "max-age=31536000; includeSubDomains",
        "X-Content-Type-Options": "nosniff",
        "x-ms-correlation-request-id": "d2d8c594-1f74-4c19-975f-d86e753780cb",
        "x-ms-ratelimit-remaining-subscription-reads": "11991",
        "x-ms-request-id": "d2d8c594-1f74-4c19-975f-d86e753780cb",
        "x-ms-routing-request-id": "WESTUS2:20220831T000406Z:d2d8c594-1f74-4c19-975f-d86e753780cb"
      },
      "ResponseBody": {
        "id": "/subscriptions/dec9ed54-2b7f-4476-9bd0-875544af59df/resourceGroups/dbaccount-1339",
        "name": "dbaccount-1339",
        "type": "Microsoft.Resources/resourceGroups",
        "location": "westus2",
        "properties": {
          "provisioningState": "Succeeded"
        }
      }
    },
    {
      "RequestUri": "https://management.azure.com/subscriptions/dec9ed54-2b7f-4476-9bd0-875544af59df/resourceGroups/dbaccount-1339/providers/Microsoft.DocumentDB/databaseAccounts/dbaccount-900?api-version=2022-05-15",
      "RequestMethod": "PUT",
      "RequestHeaders": {
        "Accept": "application/json",
        "Authorization": "Sanitized",
        "Content-Length": "554",
        "Content-Type": "application/json",
        "traceparent": "00-080848d414f6d340a21d5a32ea39a967-f6519dccad39c342-00",
        "User-Agent": "azsdk-net-ResourceManager.CosmosDB/1.1.0-alpha.20220829.1 (.NET Framework 4.8.4510.0; Microsoft Windows 10.0.22000 )",
        "x-ms-client-request-id": "881f8fb9b1365934d91479f8791ef6d9",
        "x-ms-return-client-request-id": "true"
      },
      "RequestBody": {
        "kind": "GlobalDocumentDB",
        "tags": {
          "key1": "value1",
          "key2": "value2"
        },
        "location": "westus2",
        "properties": {
          "consistencyPolicy": {
            "defaultConsistencyLevel": "BoundedStaleness",
            "maxStalenessPrefix": 300,
            "maxIntervalInSeconds": 1000
          },
          "locations": [
            {
              "locationName": "westus",
              "isZoneRedundant": false
            }
          ],
          "databaseAccountOfferType": "Standard",
          "ipRules": [
            {
              "ipAddressOrRange": "23.43.230.120"
            }
          ],
          "isVirtualNetworkFilterEnabled": true,
          "enableAutomaticFailover": false,
          "capabilities": [
            {
              "name": "EnableGremlin"
            }
          ],
          "connectorOffer": "Small",
          "disableKeyBasedMetadataWriteAccess": false
        }
      },
      "StatusCode": 200,
      "ResponseHeaders": {
        "Azure-AsyncOperation": "https://management.azure.com/subscriptions/dec9ed54-2b7f-4476-9bd0-875544af59df/providers/Microsoft.DocumentDB/locations/westus2/operationsStatus/1823e6e6-62ae-4418-9e04-1b563a206cff?api-version=2022-05-15",
        "Cache-Control": "no-store, no-cache",
        "Content-Length": "1981",
        "Content-Type": "application/json",
        "Date": "Wed, 31 Aug 2022 00:04:10 GMT",
        "Location": "https://management.azure.com/subscriptions/dec9ed54-2b7f-4476-9bd0-875544af59df/resourceGroups/dbaccount-1339/providers/Microsoft.DocumentDB/databaseAccounts/dbaccount-900/operationResults/1823e6e6-62ae-4418-9e04-1b563a206cff?api-version=2022-05-15",
        "Pragma": "no-cache",
        "Server": "Microsoft-HTTPAPI/2.0",
        "Strict-Transport-Security": "max-age=31536000; includeSubDomains",
        "X-Content-Type-Options": "nosniff",
        "x-ms-correlation-request-id": "f0789602-1de5-4159-b24d-e3a26e234ea4",
        "x-ms-gatewayversion": "version=2.14.0",
        "x-ms-ratelimit-remaining-subscription-writes": "1198",
        "x-ms-request-id": "1823e6e6-62ae-4418-9e04-1b563a206cff",
        "x-ms-routing-request-id": "WESTUS2:20220831T000410Z:f0789602-1de5-4159-b24d-e3a26e234ea4"
      },
      "ResponseBody": {
        "id": "/subscriptions/dec9ed54-2b7f-4476-9bd0-875544af59df/resourceGroups/dbaccount-1339/providers/Microsoft.DocumentDB/databaseAccounts/dbaccount-900",
        "name": "dbaccount-900",
        "location": "West US 2",
        "type": "Microsoft.DocumentDB/databaseAccounts",
        "kind": "GlobalDocumentDB",
        "tags": {
          "key1": "value1",
          "key2": "value2"
        },
        "systemData": {
          "createdAt": "2022-08-31T00:04:07.5973895Z"
        },
        "properties": {
          "provisioningState": "Creating",
          "publicNetworkAccess": "Enabled",
          "enableAutomaticFailover": false,
          "enableMultipleWriteLocations": false,
          "enablePartitionKeyMonitor": false,
          "isVirtualNetworkFilterEnabled": true,
          "virtualNetworkRules": [],
          "EnabledApiTypes": "Gremlin, Sql",
          "disableKeyBasedMetadataWriteAccess": false,
          "enableFreeTier": false,
          "enableAnalyticalStorage": false,
          "analyticalStorageConfiguration": {
            "schemaType": "WellDefined"
          },
          "instanceId": "ab6e8ab4-b4b5-456f-b6f1-69ef0773688f",
          "databaseAccountOfferType": "Standard",
          "defaultIdentity": "",
          "networkAclBypass": "None",
          "disableLocalAuth": false,
          "consistencyPolicy": {
            "defaultConsistencyLevel": "BoundedStaleness",
            "maxIntervalInSeconds": 1000,
            "maxStalenessPrefix": 300
          },
          "configurationOverrides": {},
          "writeLocations": [
            {
              "id": "dbaccount-900-westus",
              "locationName": "West US",
              "provisioningState": "Creating",
              "failoverPriority": 0,
              "isZoneRedundant": false
            }
          ],
          "readLocations": [
            {
              "id": "dbaccount-900-westus",
              "locationName": "West US",
              "provisioningState": "Creating",
              "failoverPriority": 0,
              "isZoneRedundant": false
            }
          ],
          "locations": [
            {
              "id": "dbaccount-900-westus",
              "locationName": "West US",
              "provisioningState": "Creating",
              "failoverPriority": 0,
              "isZoneRedundant": false
            }
          ],
          "failoverPolicies": [
            {
              "id": "dbaccount-900-westus",
              "locationName": "West US",
              "failoverPriority": 0
            }
          ],
          "cors": [],
          "capabilities": [
            {
              "name": "EnableGremlin"
            }
          ],
          "ipRules": [
            {
              "ipAddressOrRange": "23.43.230.120"
            }
          ],
          "backupPolicy": {
            "type": "Periodic",
            "periodicModeProperties": {
              "backupIntervalInMinutes": 240,
              "backupRetentionIntervalInHours": 8,
              "backupStorageRedundancy": "Invalid"
            }
          },
          "networkAclBypassResourceIds": []
        },
        "identity": {
          "type": "None"
        }
      }
    },
    {
      "RequestUri": "https://management.azure.com/subscriptions/dec9ed54-2b7f-4476-9bd0-875544af59df/providers/Microsoft.DocumentDB/locations/westus2/operationsStatus/1823e6e6-62ae-4418-9e04-1b563a206cff?api-version=2022-05-15",
      "RequestMethod": "GET",
      "RequestHeaders": {
        "Authorization": "Sanitized",
        "traceparent": "00-080848d414f6d340a21d5a32ea39a967-32d295f19cb6434b-00",
        "User-Agent": "azsdk-net-ResourceManager/1.2.0 (.NET Framework 4.8.4510.0; Microsoft Windows 10.0.22000 )",
        "x-ms-client-request-id": "7a184dce01583b423f86d6f06f96e903",
        "x-ms-return-client-request-id": "true"
      },
      "RequestBody": null,
      "StatusCode": 200,
      "ResponseHeaders": {
        "Cache-Control": "no-store, no-cache",
        "Content-Length": "21",
        "Content-Type": "application/json",
        "Date": "Wed, 31 Aug 2022 00:04:10 GMT",
        "Pragma": "no-cache",
        "Server": "Microsoft-HTTPAPI/2.0",
        "Strict-Transport-Security": "max-age=31536000; includeSubDomains",
        "X-Content-Type-Options": "nosniff",
        "x-ms-correlation-request-id": "b9866e9a-829c-47db-99e9-2ce06cdd0023",
        "x-ms-gatewayversion": "version=2.14.0",
        "x-ms-ratelimit-remaining-subscription-reads": "11990",
        "x-ms-request-id": "b9866e9a-829c-47db-99e9-2ce06cdd0023",
        "x-ms-routing-request-id": "WESTUS2:20220831T000410Z:b9866e9a-829c-47db-99e9-2ce06cdd0023"
      },
      "ResponseBody": {
        "status": "Enqueued"
      }
    },
    {
      "RequestUri": "https://management.azure.com/subscriptions/dec9ed54-2b7f-4476-9bd0-875544af59df/providers/Microsoft.DocumentDB/locations/westus2/operationsStatus/1823e6e6-62ae-4418-9e04-1b563a206cff?api-version=2022-05-15",
      "RequestMethod": "GET",
      "RequestHeaders": {
        "Authorization": "Sanitized",
        "traceparent": "00-080848d414f6d340a21d5a32ea39a967-59891d4f552f0b40-00",
        "User-Agent": "azsdk-net-ResourceManager/1.2.0 (.NET Framework 4.8.4510.0; Microsoft Windows 10.0.22000 )",
        "x-ms-client-request-id": "992b76e180ea6ee1efd16fbbd66f92bb",
        "x-ms-return-client-request-id": "true"
      },
      "RequestBody": null,
      "StatusCode": 200,
      "ResponseHeaders": {
        "Cache-Control": "no-store, no-cache",
        "Content-Length": "21",
        "Content-Type": "application/json",
        "Date": "Wed, 31 Aug 2022 00:04:11 GMT",
        "Pragma": "no-cache",
        "Server": "Microsoft-HTTPAPI/2.0",
        "Strict-Transport-Security": "max-age=31536000; includeSubDomains",
        "X-Content-Type-Options": "nosniff",
        "x-ms-correlation-request-id": "a71dce63-615a-4bf4-a664-a5aae370f39e",
        "x-ms-gatewayversion": "version=2.14.0",
        "x-ms-ratelimit-remaining-subscription-reads": "11989",
        "x-ms-request-id": "a71dce63-615a-4bf4-a664-a5aae370f39e",
        "x-ms-routing-request-id": "WESTUS2:20220831T000411Z:a71dce63-615a-4bf4-a664-a5aae370f39e"
      },
      "ResponseBody": {
        "status": "Enqueued"
      }
    },
    {
      "RequestUri": "https://management.azure.com/subscriptions/dec9ed54-2b7f-4476-9bd0-875544af59df/providers/Microsoft.DocumentDB/locations/westus2/operationsStatus/1823e6e6-62ae-4418-9e04-1b563a206cff?api-version=2022-05-15",
      "RequestMethod": "GET",
      "RequestHeaders": {
        "Authorization": "Sanitized",
        "traceparent": "00-080848d414f6d340a21d5a32ea39a967-e91a3bfc5b7eed4d-00",
        "User-Agent": "azsdk-net-ResourceManager/1.2.0 (.NET Framework 4.8.4510.0; Microsoft Windows 10.0.22000 )",
        "x-ms-client-request-id": "2b2a23e57b06af8135c7937874afde82",
        "x-ms-return-client-request-id": "true"
      },
      "RequestBody": null,
      "StatusCode": 200,
      "ResponseHeaders": {
        "Cache-Control": "no-store, no-cache",
        "Content-Length": "21",
        "Content-Type": "application/json",
        "Date": "Wed, 31 Aug 2022 00:04:12 GMT",
        "Pragma": "no-cache",
        "Server": "Microsoft-HTTPAPI/2.0",
        "Strict-Transport-Security": "max-age=31536000; includeSubDomains",
        "X-Content-Type-Options": "nosniff",
        "x-ms-correlation-request-id": "925e7d08-537a-49bd-b1cf-68aa8776ef16",
        "x-ms-gatewayversion": "version=2.14.0",
        "x-ms-ratelimit-remaining-subscription-reads": "11988",
        "x-ms-request-id": "925e7d08-537a-49bd-b1cf-68aa8776ef16",
        "x-ms-routing-request-id": "WESTUS2:20220831T000412Z:925e7d08-537a-49bd-b1cf-68aa8776ef16"
      },
      "ResponseBody": {
        "status": "Enqueued"
      }
    },
    {
      "RequestUri": "https://management.azure.com/subscriptions/dec9ed54-2b7f-4476-9bd0-875544af59df/providers/Microsoft.DocumentDB/locations/westus2/operationsStatus/1823e6e6-62ae-4418-9e04-1b563a206cff?api-version=2022-05-15",
      "RequestMethod": "GET",
      "RequestHeaders": {
        "Authorization": "Sanitized",
        "traceparent": "00-080848d414f6d340a21d5a32ea39a967-1753ea0f1356074e-00",
        "User-Agent": "azsdk-net-ResourceManager/1.2.0 (.NET Framework 4.8.4510.0; Microsoft Windows 10.0.22000 )",
        "x-ms-client-request-id": "4fe3d79196f24d6a6baa8a86928764d0",
        "x-ms-return-client-request-id": "true"
      },
      "RequestBody": null,
      "StatusCode": 200,
      "ResponseHeaders": {
        "Cache-Control": "no-store, no-cache",
        "Content-Length": "21",
        "Content-Type": "application/json",
        "Date": "Wed, 31 Aug 2022 00:04:13 GMT",
        "Pragma": "no-cache",
        "Server": "Microsoft-HTTPAPI/2.0",
        "Strict-Transport-Security": "max-age=31536000; includeSubDomains",
        "X-Content-Type-Options": "nosniff",
        "x-ms-correlation-request-id": "fb48fe38-fe03-4ec9-a6a6-3712b96bff60",
        "x-ms-gatewayversion": "version=2.14.0",
        "x-ms-ratelimit-remaining-subscription-reads": "11987",
        "x-ms-request-id": "fb48fe38-fe03-4ec9-a6a6-3712b96bff60",
        "x-ms-routing-request-id": "WESTUS2:20220831T000413Z:fb48fe38-fe03-4ec9-a6a6-3712b96bff60"
      },
      "ResponseBody": {
        "status": "Dequeued"
      }
    },
    {
      "RequestUri": "https://management.azure.com/subscriptions/dec9ed54-2b7f-4476-9bd0-875544af59df/providers/Microsoft.DocumentDB/locations/westus2/operationsStatus/1823e6e6-62ae-4418-9e04-1b563a206cff?api-version=2022-05-15",
      "RequestMethod": "GET",
      "RequestHeaders": {
        "Authorization": "Sanitized",
        "traceparent": "00-080848d414f6d340a21d5a32ea39a967-55288528840e0d4a-00",
        "User-Agent": "azsdk-net-ResourceManager/1.2.0 (.NET Framework 4.8.4510.0; Microsoft Windows 10.0.22000 )",
        "x-ms-client-request-id": "4b0b1af3bd6c66fdf57b6323ed69f940",
        "x-ms-return-client-request-id": "true"
      },
      "RequestBody": null,
      "StatusCode": 200,
      "ResponseHeaders": {
        "Cache-Control": "no-store, no-cache",
        "Content-Length": "21",
        "Content-Type": "application/json",
        "Date": "Wed, 31 Aug 2022 00:04:15 GMT",
        "Pragma": "no-cache",
        "Server": "Microsoft-HTTPAPI/2.0",
        "Strict-Transport-Security": "max-age=31536000; includeSubDomains",
        "X-Content-Type-Options": "nosniff",
        "x-ms-correlation-request-id": "9d7a3a18-2252-42ea-9698-1e18d95322ec",
        "x-ms-gatewayversion": "version=2.14.0",
        "x-ms-ratelimit-remaining-subscription-reads": "11986",
        "x-ms-request-id": "9d7a3a18-2252-42ea-9698-1e18d95322ec",
        "x-ms-routing-request-id": "WESTUS2:20220831T000415Z:9d7a3a18-2252-42ea-9698-1e18d95322ec"
      },
      "ResponseBody": {
        "status": "Dequeued"
      }
    },
    {
      "RequestUri": "https://management.azure.com/subscriptions/dec9ed54-2b7f-4476-9bd0-875544af59df/providers/Microsoft.DocumentDB/locations/westus2/operationsStatus/1823e6e6-62ae-4418-9e04-1b563a206cff?api-version=2022-05-15",
      "RequestMethod": "GET",
      "RequestHeaders": {
        "Authorization": "Sanitized",
        "traceparent": "00-080848d414f6d340a21d5a32ea39a967-7a4843ab139f394b-00",
        "User-Agent": "azsdk-net-ResourceManager/1.2.0 (.NET Framework 4.8.4510.0; Microsoft Windows 10.0.22000 )",
        "x-ms-client-request-id": "ff29ecf2438c4fc8b9dcbf5cf0fa1dae",
        "x-ms-return-client-request-id": "true"
      },
      "RequestBody": null,
      "StatusCode": 200,
      "ResponseHeaders": {
        "Cache-Control": "no-store, no-cache",
        "Content-Length": "21",
        "Content-Type": "application/json",
        "Date": "Wed, 31 Aug 2022 00:04:19 GMT",
        "Pragma": "no-cache",
        "Server": "Microsoft-HTTPAPI/2.0",
        "Strict-Transport-Security": "max-age=31536000; includeSubDomains",
        "X-Content-Type-Options": "nosniff",
        "x-ms-correlation-request-id": "1bcef50c-98f5-4934-8f25-1931b8e4f5e7",
        "x-ms-gatewayversion": "version=2.14.0",
        "x-ms-ratelimit-remaining-subscription-reads": "11985",
        "x-ms-request-id": "1bcef50c-98f5-4934-8f25-1931b8e4f5e7",
        "x-ms-routing-request-id": "WESTUS2:20220831T000419Z:1bcef50c-98f5-4934-8f25-1931b8e4f5e7"
      },
      "ResponseBody": {
        "status": "Dequeued"
      }
    },
    {
      "RequestUri": "https://management.azure.com/subscriptions/dec9ed54-2b7f-4476-9bd0-875544af59df/providers/Microsoft.DocumentDB/locations/westus2/operationsStatus/1823e6e6-62ae-4418-9e04-1b563a206cff?api-version=2022-05-15",
      "RequestMethod": "GET",
      "RequestHeaders": {
        "Authorization": "Sanitized",
        "traceparent": "00-080848d414f6d340a21d5a32ea39a967-2f496569a3581b45-00",
        "User-Agent": "azsdk-net-ResourceManager/1.2.0 (.NET Framework 4.8.4510.0; Microsoft Windows 10.0.22000 )",
        "x-ms-client-request-id": "5984c36292a3d416d97d597732476002",
        "x-ms-return-client-request-id": "true"
      },
      "RequestBody": null,
      "StatusCode": 200,
      "ResponseHeaders": {
        "Cache-Control": "no-store, no-cache",
        "Content-Length": "21",
        "Content-Type": "application/json",
        "Date": "Wed, 31 Aug 2022 00:04:27 GMT",
        "Pragma": "no-cache",
        "Server": "Microsoft-HTTPAPI/2.0",
        "Strict-Transport-Security": "max-age=31536000; includeSubDomains",
        "X-Content-Type-Options": "nosniff",
        "x-ms-correlation-request-id": "d8c68938-8ca9-46a4-8ec7-3490598f6dba",
        "x-ms-gatewayversion": "version=2.14.0",
        "x-ms-ratelimit-remaining-subscription-reads": "11984",
        "x-ms-request-id": "d8c68938-8ca9-46a4-8ec7-3490598f6dba",
        "x-ms-routing-request-id": "WESTUS2:20220831T000427Z:d8c68938-8ca9-46a4-8ec7-3490598f6dba"
      },
      "ResponseBody": {
        "status": "Dequeued"
      }
    },
    {
      "RequestUri": "https://management.azure.com/subscriptions/dec9ed54-2b7f-4476-9bd0-875544af59df/providers/Microsoft.DocumentDB/locations/westus2/operationsStatus/1823e6e6-62ae-4418-9e04-1b563a206cff?api-version=2022-05-15",
      "RequestMethod": "GET",
      "RequestHeaders": {
        "Authorization": "Sanitized",
        "traceparent": "00-080848d414f6d340a21d5a32ea39a967-d5a3f339f61c4745-00",
        "User-Agent": "azsdk-net-ResourceManager/1.2.0 (.NET Framework 4.8.4510.0; Microsoft Windows 10.0.22000 )",
        "x-ms-client-request-id": "a59449b0655db04452bc928ffda175fb",
        "x-ms-return-client-request-id": "true"
      },
      "RequestBody": null,
      "StatusCode": 200,
      "ResponseHeaders": {
        "Cache-Control": "no-store, no-cache",
        "Content-Length": "21",
        "Content-Type": "application/json",
        "Date": "Wed, 31 Aug 2022 00:04:43 GMT",
        "Pragma": "no-cache",
        "Server": "Microsoft-HTTPAPI/2.0",
        "Strict-Transport-Security": "max-age=31536000; includeSubDomains",
        "X-Content-Type-Options": "nosniff",
        "x-ms-correlation-request-id": "b1431ccc-20d4-4cc5-9f55-1439f38a21ed",
        "x-ms-gatewayversion": "version=2.14.0",
        "x-ms-ratelimit-remaining-subscription-reads": "11983",
        "x-ms-request-id": "b1431ccc-20d4-4cc5-9f55-1439f38a21ed",
        "x-ms-routing-request-id": "WESTUS2:20220831T000443Z:b1431ccc-20d4-4cc5-9f55-1439f38a21ed"
      },
      "ResponseBody": {
        "status": "Dequeued"
      }
    },
    {
      "RequestUri": "https://management.azure.com/subscriptions/dec9ed54-2b7f-4476-9bd0-875544af59df/providers/Microsoft.DocumentDB/locations/westus2/operationsStatus/1823e6e6-62ae-4418-9e04-1b563a206cff?api-version=2022-05-15",
      "RequestMethod": "GET",
      "RequestHeaders": {
        "Authorization": "Sanitized",
        "traceparent": "00-080848d414f6d340a21d5a32ea39a967-c8b580f4bdab0741-00",
        "User-Agent": "azsdk-net-ResourceManager/1.2.0 (.NET Framework 4.8.4510.0; Microsoft Windows 10.0.22000 )",
        "x-ms-client-request-id": "29c0b45e9fe4609dd555250fe9511c72",
        "x-ms-return-client-request-id": "true"
      },
      "RequestBody": null,
      "StatusCode": 200,
      "ResponseHeaders": {
        "Cache-Control": "no-store, no-cache",
        "Content-Length": "21",
        "Content-Type": "application/json",
        "Date": "Wed, 31 Aug 2022 00:05:15 GMT",
        "Pragma": "no-cache",
        "Server": "Microsoft-HTTPAPI/2.0",
        "Strict-Transport-Security": "max-age=31536000; includeSubDomains",
        "X-Content-Type-Options": "nosniff",
        "x-ms-correlation-request-id": "c9367d9c-925b-4475-955e-abfc4824f9ed",
        "x-ms-gatewayversion": "version=2.14.0",
        "x-ms-ratelimit-remaining-subscription-reads": "11982",
        "x-ms-request-id": "c9367d9c-925b-4475-955e-abfc4824f9ed",
        "x-ms-routing-request-id": "WESTUS2:20220831T000515Z:c9367d9c-925b-4475-955e-abfc4824f9ed"
      },
      "ResponseBody": {
        "status": "Dequeued"
      }
    },
    {
      "RequestUri": "https://management.azure.com/subscriptions/dec9ed54-2b7f-4476-9bd0-875544af59df/providers/Microsoft.DocumentDB/locations/westus2/operationsStatus/1823e6e6-62ae-4418-9e04-1b563a206cff?api-version=2022-05-15",
      "RequestMethod": "GET",
      "RequestHeaders": {
        "Authorization": "Sanitized",
        "traceparent": "00-080848d414f6d340a21d5a32ea39a967-a975906d4b2ac449-00",
        "User-Agent": "azsdk-net-ResourceManager/1.2.0 (.NET Framework 4.8.4510.0; Microsoft Windows 10.0.22000 )",
        "x-ms-client-request-id": "a7abbd7c7766fd517fd407e60087d638",
        "x-ms-return-client-request-id": "true"
      },
      "RequestBody": null,
      "StatusCode": 200,
      "ResponseHeaders": {
        "Cache-Control": "no-store, no-cache",
        "Content-Length": "21",
        "Content-Type": "application/json",
        "Date": "Wed, 31 Aug 2022 00:05:48 GMT",
        "Pragma": "no-cache",
        "Server": "Microsoft-HTTPAPI/2.0",
        "Strict-Transport-Security": "max-age=31536000; includeSubDomains",
        "X-Content-Type-Options": "nosniff",
        "x-ms-correlation-request-id": "f277d427-6325-4128-8a69-535edc010163",
        "x-ms-gatewayversion": "version=2.14.0",
        "x-ms-ratelimit-remaining-subscription-reads": "11981",
        "x-ms-request-id": "f277d427-6325-4128-8a69-535edc010163",
        "x-ms-routing-request-id": "WESTUS2:20220831T000548Z:f277d427-6325-4128-8a69-535edc010163"
      },
      "ResponseBody": {
        "status": "Dequeued"
      }
    },
    {
      "RequestUri": "https://management.azure.com/subscriptions/dec9ed54-2b7f-4476-9bd0-875544af59df/providers/Microsoft.DocumentDB/locations/westus2/operationsStatus/1823e6e6-62ae-4418-9e04-1b563a206cff?api-version=2022-05-15",
      "RequestMethod": "GET",
      "RequestHeaders": {
        "Authorization": "Sanitized",
        "Connection": "close",
        "traceparent": "00-080848d414f6d340a21d5a32ea39a967-1f835b04085f1844-00",
        "User-Agent": "azsdk-net-ResourceManager/1.2.0 (.NET Framework 4.8.4510.0; Microsoft Windows 10.0.22000 )",
        "x-ms-client-request-id": "7d185e073686111eac33d0083f34c700",
        "x-ms-return-client-request-id": "true"
      },
      "RequestBody": null,
      "StatusCode": 200,
      "ResponseHeaders": {
        "Cache-Control": "no-store, no-cache",
        "Connection": "close",
        "Content-Length": "21",
        "Content-Type": "application/json",
        "Date": "Wed, 31 Aug 2022 00:06:19 GMT",
        "Pragma": "no-cache",
        "Server": "Microsoft-HTTPAPI/2.0",
        "Strict-Transport-Security": "max-age=31536000; includeSubDomains",
        "X-Content-Type-Options": "nosniff",
        "x-ms-correlation-request-id": "b40a7d98-9e51-427d-b77a-4003efa13375",
        "x-ms-gatewayversion": "version=2.14.0",
        "x-ms-ratelimit-remaining-subscription-reads": "11980",
        "x-ms-request-id": "b40a7d98-9e51-427d-b77a-4003efa13375",
        "x-ms-routing-request-id": "WESTUS2:20220831T000620Z:b40a7d98-9e51-427d-b77a-4003efa13375"
      },
      "ResponseBody": {
        "status": "Dequeued"
      }
    },
    {
      "RequestUri": "https://management.azure.com/subscriptions/dec9ed54-2b7f-4476-9bd0-875544af59df/providers/Microsoft.DocumentDB/locations/westus2/operationsStatus/1823e6e6-62ae-4418-9e04-1b563a206cff?api-version=2022-05-15",
      "RequestMethod": "GET",
      "RequestHeaders": {
        "Authorization": "Sanitized",
        "traceparent": "00-080848d414f6d340a21d5a32ea39a967-2b3623f68da94e4c-00",
        "User-Agent": "azsdk-net-ResourceManager/1.2.0 (.NET Framework 4.8.4510.0; Microsoft Windows 10.0.22000 )",
        "x-ms-client-request-id": "4012209fcef6e69563c2aa1098b65f4e",
        "x-ms-return-client-request-id": "true"
      },
      "RequestBody": null,
      "StatusCode": 200,
      "ResponseHeaders": {
        "Cache-Control": "no-store, no-cache",
        "Content-Length": "21",
        "Content-Type": "application/json",
        "Date": "Wed, 31 Aug 2022 00:06:52 GMT",
        "Pragma": "no-cache",
        "Server": "Microsoft-HTTPAPI/2.0",
        "Strict-Transport-Security": "max-age=31536000; includeSubDomains",
        "X-Content-Type-Options": "nosniff",
        "x-ms-correlation-request-id": "04fb53f2-1f99-40fd-aa1d-1a7643c8fb61",
        "x-ms-gatewayversion": "version=2.14.0",
        "x-ms-ratelimit-remaining-subscription-reads": "11973",
        "x-ms-request-id": "04fb53f2-1f99-40fd-aa1d-1a7643c8fb61",
        "x-ms-routing-request-id": "WESTUS2:20220831T000652Z:04fb53f2-1f99-40fd-aa1d-1a7643c8fb61"
      },
      "ResponseBody": {
        "status": "Dequeued"
      }
    },
    {
      "RequestUri": "https://management.azure.com/subscriptions/dec9ed54-2b7f-4476-9bd0-875544af59df/providers/Microsoft.DocumentDB/locations/westus2/operationsStatus/1823e6e6-62ae-4418-9e04-1b563a206cff?api-version=2022-05-15",
      "RequestMethod": "GET",
      "RequestHeaders": {
        "Authorization": "Sanitized",
        "traceparent": "00-080848d414f6d340a21d5a32ea39a967-2f5f3fe22b557d44-00",
        "User-Agent": "azsdk-net-ResourceManager/1.2.0 (.NET Framework 4.8.4510.0; Microsoft Windows 10.0.22000 )",
        "x-ms-client-request-id": "8a07ed7f9e3845eb9f9afa32a749be4a",
        "x-ms-return-client-request-id": "true"
      },
      "RequestBody": null,
      "StatusCode": 200,
      "ResponseHeaders": {
        "Cache-Control": "no-store, no-cache",
        "Content-Length": "21",
        "Content-Type": "application/json",
        "Date": "Wed, 31 Aug 2022 00:07:24 GMT",
        "Pragma": "no-cache",
        "Server": "Microsoft-HTTPAPI/2.0",
        "Strict-Transport-Security": "max-age=31536000; includeSubDomains",
        "X-Content-Type-Options": "nosniff",
        "x-ms-correlation-request-id": "965d75b9-248a-4ed5-9731-f090ae71d021",
        "x-ms-gatewayversion": "version=2.14.0",
        "x-ms-ratelimit-remaining-subscription-reads": "11972",
        "x-ms-request-id": "965d75b9-248a-4ed5-9731-f090ae71d021",
        "x-ms-routing-request-id": "WESTUS2:20220831T000724Z:965d75b9-248a-4ed5-9731-f090ae71d021"
      },
      "ResponseBody": {
        "status": "Dequeued"
      }
    },
    {
      "RequestUri": "https://management.azure.com/subscriptions/dec9ed54-2b7f-4476-9bd0-875544af59df/providers/Microsoft.DocumentDB/locations/westus2/operationsStatus/1823e6e6-62ae-4418-9e04-1b563a206cff?api-version=2022-05-15",
      "RequestMethod": "GET",
      "RequestHeaders": {
        "Authorization": "Sanitized",
        "traceparent": "00-080848d414f6d340a21d5a32ea39a967-2d4da21d238b184b-00",
        "User-Agent": "azsdk-net-ResourceManager/1.2.0 (.NET Framework 4.8.4510.0; Microsoft Windows 10.0.22000 )",
        "x-ms-client-request-id": "e047060c95743941c9321ac38c0d78f5",
        "x-ms-return-client-request-id": "true"
      },
      "RequestBody": null,
      "StatusCode": 200,
      "ResponseHeaders": {
        "Cache-Control": "no-store, no-cache",
        "Content-Length": "21",
        "Content-Type": "application/json",
        "Date": "Wed, 31 Aug 2022 00:07:56 GMT",
        "Pragma": "no-cache",
        "Server": "Microsoft-HTTPAPI/2.0",
        "Strict-Transport-Security": "max-age=31536000; includeSubDomains",
        "X-Content-Type-Options": "nosniff",
        "x-ms-correlation-request-id": "c1529343-1f85-4b41-9fd0-afd691ca1532",
        "x-ms-gatewayversion": "version=2.14.0",
        "x-ms-ratelimit-remaining-subscription-reads": "11971",
        "x-ms-request-id": "c1529343-1f85-4b41-9fd0-afd691ca1532",
        "x-ms-routing-request-id": "WESTUS2:20220831T000756Z:c1529343-1f85-4b41-9fd0-afd691ca1532"
      },
      "ResponseBody": {
        "status": "Dequeued"
      }
    },
    {
      "RequestUri": "https://management.azure.com/subscriptions/dec9ed54-2b7f-4476-9bd0-875544af59df/providers/Microsoft.DocumentDB/locations/westus2/operationsStatus/1823e6e6-62ae-4418-9e04-1b563a206cff?api-version=2022-05-15",
      "RequestMethod": "GET",
      "RequestHeaders": {
        "Authorization": "Sanitized",
        "traceparent": "00-080848d414f6d340a21d5a32ea39a967-125f6feef42b8148-00",
        "User-Agent": "azsdk-net-ResourceManager/1.2.0 (.NET Framework 4.8.4510.0; Microsoft Windows 10.0.22000 )",
        "x-ms-client-request-id": "518882d33c2d00c834cda15bd3623e1a",
        "x-ms-return-client-request-id": "true"
      },
      "RequestBody": null,
      "StatusCode": 200,
      "ResponseHeaders": {
        "Cache-Control": "no-store, no-cache",
        "Content-Length": "21",
        "Content-Type": "application/json",
        "Date": "Wed, 31 Aug 2022 00:08:27 GMT",
        "Pragma": "no-cache",
        "Server": "Microsoft-HTTPAPI/2.0",
        "Strict-Transport-Security": "max-age=31536000; includeSubDomains",
        "X-Content-Type-Options": "nosniff",
        "x-ms-correlation-request-id": "3e4e34b7-d06f-4293-9591-38b93723b88c",
        "x-ms-gatewayversion": "version=2.14.0",
        "x-ms-ratelimit-remaining-subscription-reads": "11970",
        "x-ms-request-id": "3e4e34b7-d06f-4293-9591-38b93723b88c",
        "x-ms-routing-request-id": "WESTUS2:20220831T000828Z:3e4e34b7-d06f-4293-9591-38b93723b88c"
      },
      "ResponseBody": {
        "status": "Dequeued"
      }
    },
    {
      "RequestUri": "https://management.azure.com/subscriptions/dec9ed54-2b7f-4476-9bd0-875544af59df/providers/Microsoft.DocumentDB/locations/westus2/operationsStatus/1823e6e6-62ae-4418-9e04-1b563a206cff?api-version=2022-05-15",
      "RequestMethod": "GET",
      "RequestHeaders": {
        "Authorization": "Sanitized",
        "traceparent": "00-080848d414f6d340a21d5a32ea39a967-5fd60ed5c91a844b-00",
        "User-Agent": "azsdk-net-ResourceManager/1.2.0 (.NET Framework 4.8.4510.0; Microsoft Windows 10.0.22000 )",
        "x-ms-client-request-id": "91035f047f6fe9d9abcdc1068428b991",
        "x-ms-return-client-request-id": "true"
      },
      "RequestBody": null,
      "StatusCode": 200,
      "ResponseHeaders": {
        "Cache-Control": "no-store, no-cache",
        "Content-Length": "22",
        "Content-Type": "application/json",
        "Date": "Wed, 31 Aug 2022 00:08:59 GMT",
        "Pragma": "no-cache",
        "Server": "Microsoft-HTTPAPI/2.0",
        "Strict-Transport-Security": "max-age=31536000; includeSubDomains",
        "X-Content-Type-Options": "nosniff",
        "x-ms-correlation-request-id": "454981da-20a4-48e9-ac36-9f8e855ab21c",
        "x-ms-gatewayversion": "version=2.14.0",
        "x-ms-ratelimit-remaining-subscription-reads": "11969",
        "x-ms-request-id": "454981da-20a4-48e9-ac36-9f8e855ab21c",
        "x-ms-routing-request-id": "WESTUS2:20220831T000900Z:454981da-20a4-48e9-ac36-9f8e855ab21c"
      },
      "ResponseBody": {
        "status": "Succeeded"
      }
    },
    {
      "RequestUri": "https://management.azure.com/subscriptions/dec9ed54-2b7f-4476-9bd0-875544af59df/resourceGroups/dbaccount-1339/providers/Microsoft.DocumentDB/databaseAccounts/dbaccount-900?api-version=2022-05-15",
      "RequestMethod": "GET",
      "RequestHeaders": {
        "Authorization": "Sanitized",
        "traceparent": "00-080848d414f6d340a21d5a32ea39a967-7a779a543f8a024e-00",
        "User-Agent": "azsdk-net-ResourceManager/1.2.0 (.NET Framework 4.8.4510.0; Microsoft Windows 10.0.22000 )",
        "x-ms-client-request-id": "255e04216cc0cf1c3e46aba7f3e56666",
        "x-ms-return-client-request-id": "true"
      },
      "RequestBody": null,
      "StatusCode": 200,
      "ResponseHeaders": {
        "Cache-Control": "no-store, no-cache",
        "Content-Length": "2364",
        "Content-Type": "application/json",
        "Date": "Wed, 31 Aug 2022 00:08:59 GMT",
        "Pragma": "no-cache",
        "Server": "Microsoft-HTTPAPI/2.0",
        "Strict-Transport-Security": "max-age=31536000; includeSubDomains",
        "X-Content-Type-Options": "nosniff",
        "x-ms-correlation-request-id": "f91940a7-714f-47c0-8c13-5d318d07c774",
        "x-ms-gatewayversion": "version=2.14.0",
        "x-ms-ratelimit-remaining-subscription-reads": "11968",
        "x-ms-request-id": "f91940a7-714f-47c0-8c13-5d318d07c774",
        "x-ms-routing-request-id": "WESTUS2:20220831T000900Z:f91940a7-714f-47c0-8c13-5d318d07c774"
      },
      "ResponseBody": {
        "id": "/subscriptions/dec9ed54-2b7f-4476-9bd0-875544af59df/resourceGroups/dbaccount-1339/providers/Microsoft.DocumentDB/databaseAccounts/dbaccount-900",
        "name": "dbaccount-900",
        "location": "West US 2",
        "type": "Microsoft.DocumentDB/databaseAccounts",
        "kind": "GlobalDocumentDB",
        "tags": {
          "key1": "value1",
          "key2": "value2"
        },
        "systemData": {
          "createdAt": "2022-08-31T00:08:16.2606956Z"
        },
        "properties": {
          "provisioningState": "Succeeded",
          "documentEndpoint": "https://dbaccount-900.documents.azure.com:443/",
          "gremlinEndpoint": "https://dbaccount-900.gremlin.cosmos.azure.com:443/",
          "publicNetworkAccess": "Enabled",
          "enableAutomaticFailover": false,
          "enableMultipleWriteLocations": false,
          "enablePartitionKeyMonitor": false,
          "isVirtualNetworkFilterEnabled": true,
          "virtualNetworkRules": [],
          "EnabledApiTypes": "Gremlin, Sql",
          "disableKeyBasedMetadataWriteAccess": false,
          "enableFreeTier": false,
          "enableAnalyticalStorage": false,
          "analyticalStorageConfiguration": {
            "schemaType": "WellDefined"
          },
          "instanceId": "ab6e8ab4-b4b5-456f-b6f1-69ef0773688f",
          "databaseAccountOfferType": "Standard",
          "defaultIdentity": "FirstPartyIdentity",
          "networkAclBypass": "None",
          "disableLocalAuth": false,
          "consistencyPolicy": {
            "defaultConsistencyLevel": "BoundedStaleness",
            "maxIntervalInSeconds": 1000,
            "maxStalenessPrefix": 300
          },
          "configurationOverrides": {},
          "writeLocations": [
            {
              "id": "dbaccount-900-westus",
              "locationName": "West US",
              "documentEndpoint": "https://dbaccount-900-westus.documents.azure.com:443/",
              "provisioningState": "Succeeded",
              "failoverPriority": 0,
              "isZoneRedundant": false
            }
          ],
          "readLocations": [
            {
              "id": "dbaccount-900-westus",
              "locationName": "West US",
              "documentEndpoint": "https://dbaccount-900-westus.documents.azure.com:443/",
              "provisioningState": "Succeeded",
              "failoverPriority": 0,
              "isZoneRedundant": false
            }
          ],
          "locations": [
            {
              "id": "dbaccount-900-westus",
              "locationName": "West US",
              "documentEndpoint": "https://dbaccount-900-westus.documents.azure.com:443/",
              "provisioningState": "Succeeded",
              "failoverPriority": 0,
              "isZoneRedundant": false
            }
          ],
          "failoverPolicies": [
            {
              "id": "dbaccount-900-westus",
              "locationName": "West US",
              "failoverPriority": 0
            }
          ],
          "cors": [],
          "capabilities": [
            {
              "name": "EnableGremlin"
            }
          ],
          "ipRules": [
            {
              "ipAddressOrRange": "23.43.230.120"
            }
          ],
          "backupPolicy": {
            "type": "Periodic",
            "periodicModeProperties": {
              "backupIntervalInMinutes": 240,
              "backupRetentionIntervalInHours": 8,
              "backupStorageRedundancy": "Geo"
            }
          },
          "networkAclBypassResourceIds": []
        },
        "identity": {
          "type": "None"
        }
      }
    }
  ],
  "Variables": {
    "AZURE_AUTHORITY_HOST": "https://login.microsoftonline.com",
    "RandomSeed": "884983555",
    "RESOURCE_MANAGER_URL": null,
    "SUBSCRIPTION_ID": "dec9ed54-2b7f-4476-9bd0-875544af59df"
  }
}
