{
  "Entries": [
    {
      "RequestUri": "https://management.azure.com/subscriptions/710e347c-9ac8-408c-90fe-f8cfc44bf967?api-version=2021-01-01",
      "RequestMethod": "GET",
      "RequestHeaders": {
        "Accept": "application/json",
        "Authorization": "Sanitized",
        "traceparent": "00-6b1d452748bd35995c22f0cb951fc335-422bcfaa6b690488-00",
        "User-Agent": "azsdk-net-ResourceManager/1.4.0 (.NET 7.0.4; Microsoft Windows 10.0.22621)",
        "x-ms-client-request-id": "676042425102004c2bf88c2a7334adcd",
        "x-ms-return-client-request-id": "true"
      },
      "RequestBody": null,
      "StatusCode": 200,
      "ResponseHeaders": {
        "Cache-Control": "no-cache",
        "Content-Length": "448",
        "Content-Type": "application/json; charset=utf-8",
        "Date": "Sat, 25 Mar 2023 04:10:19 GMT",
        "Expires": "-1",
        "Pragma": "no-cache",
        "Strict-Transport-Security": "max-age=31536000; includeSubDomains",
        "X-Content-Type-Options": "nosniff",
        "x-ms-correlation-request-id": "7e832380-4863-4f68-8674-96f5d867c707",
        "x-ms-ratelimit-remaining-subscription-reads": "11716",
        "x-ms-request-id": "7e832380-4863-4f68-8674-96f5d867c707",
        "x-ms-routing-request-id": "EASTUS:20230325T041019Z:7e832380-4863-4f68-8674-96f5d867c707"
      },
      "ResponseBody": {
        "id": "/subscriptions/710e347c-9ac8-408c-90fe-f8cfc44bf967",
        "authorizationSource": "RoleBased",
        "managedByTenants": [
          {
            "tenantId": "2f4a9838-26b7-47ee-be60-ccc1fdec5953"
          }
        ],
        "subscriptionId": "710e347c-9ac8-408c-90fe-f8cfc44bf967",
        "tenantId": "72f988bf-86f1-41af-91ab-2d7cd011db47",
        "displayName": "Cosmos DB A13 Env",
        "state": "Enabled",
        "subscriptionPolicies": {
          "locationPlacementId": "Internal_2014-09-01",
          "quotaId": "Internal_2014-09-01",
          "spendingLimit": "Off"
        }
      }
    },
    {
      "RequestUri": "https://management.azure.com/subscriptions/710e347c-9ac8-408c-90fe-f8cfc44bf967/resourcegroups/dbaccount-4119?api-version=**",
      "RequestMethod": "PUT",
      "RequestHeaders": {
        "Accept": "application/json",
        "Authorization": "Sanitized",
        "Content-Length": "22",
        "Content-Type": "application/json",
        "traceparent": "00-c7c0c9ad46b48281bc1cd94bdac8d387-47a46c930f6e187b-00",
        "User-Agent": "azsdk-net-ResourceManager/1.4.0 (.NET 7.0.4; Microsoft Windows 10.0.22621)",
        "x-ms-client-request-id": "0d08f5951386c8d1b5783f0620e0f960",
        "x-ms-return-client-request-id": "true"
      },
      "RequestBody": {
        "location": "westus2"
      },
      "StatusCode": 201,
      "ResponseHeaders": {
        "Cache-Control": "no-cache",
        "Content-Length": "226",
        "Content-Type": "application/json; charset=utf-8",
        "Date": "Sat, 25 Mar 2023 04:10:19 GMT",
        "Expires": "-1",
        "Pragma": "no-cache",
        "Strict-Transport-Security": "max-age=31536000; includeSubDomains",
        "X-Content-Type-Options": "nosniff",
        "x-ms-correlation-request-id": "e6d696bf-e10c-49df-af35-1976d7715c3c",
        "x-ms-ratelimit-remaining-subscription-writes": "1188",
        "x-ms-request-id": "e6d696bf-e10c-49df-af35-1976d7715c3c",
        "x-ms-routing-request-id": "EASTUS:20230325T041020Z:e6d696bf-e10c-49df-af35-1976d7715c3c"
      },
      "ResponseBody": {
        "id": "/subscriptions/710e347c-9ac8-408c-90fe-f8cfc44bf967/resourceGroups/dbaccount-4119",
        "name": "dbaccount-4119",
        "type": "Microsoft.Resources/resourceGroups",
        "location": "westus2",
        "properties": {
          "provisioningState": "Succeeded"
        }
      }
    },
    {
      "RequestUri": "https://management.azure.com/subscriptions/710e347c-9ac8-408c-90fe-f8cfc44bf967/resourcegroups/dbaccount-4119?api-version=**",
      "RequestMethod": "GET",
      "RequestHeaders": {
        "Accept": "application/json",
        "Authorization": "Sanitized",
        "traceparent": "00-93f3e50cb78170ede2b0c77241a00005-f91c66af2a6932d1-00",
        "User-Agent": "azsdk-net-ResourceManager/1.4.0 (.NET 7.0.4; Microsoft Windows 10.0.22621)",
        "x-ms-client-request-id": "b82fb3f5aaeb4b5968073514f4385f20",
        "x-ms-return-client-request-id": "true"
      },
      "RequestBody": null,
      "StatusCode": 200,
      "ResponseHeaders": {
        "Cache-Control": "no-cache",
        "Content-Length": "226",
        "Content-Type": "application/json; charset=utf-8",
        "Date": "Sat, 25 Mar 2023 04:10:19 GMT",
        "Expires": "-1",
        "Pragma": "no-cache",
        "Strict-Transport-Security": "max-age=31536000; includeSubDomains",
        "X-Content-Type-Options": "nosniff",
        "x-ms-correlation-request-id": "506c07b9-274f-4f4c-9e3c-c1be2d1e4934",
        "x-ms-ratelimit-remaining-subscription-reads": "11715",
        "x-ms-request-id": "506c07b9-274f-4f4c-9e3c-c1be2d1e4934",
        "x-ms-routing-request-id": "EASTUS:20230325T041020Z:506c07b9-274f-4f4c-9e3c-c1be2d1e4934"
      },
      "ResponseBody": {
        "id": "/subscriptions/710e347c-9ac8-408c-90fe-f8cfc44bf967/resourceGroups/dbaccount-4119",
        "name": "dbaccount-4119",
        "type": "Microsoft.Resources/resourceGroups",
        "location": "westus2",
        "properties": {
          "provisioningState": "Succeeded"
        }
      }
    },
    {
      "RequestUri": "https://management.azure.com/subscriptions/710e347c-9ac8-408c-90fe-f8cfc44bf967/resourceGroups/dbaccount-4119/providers/Microsoft.DocumentDB/databaseAccounts/dbaccount-6236?api-version=2022-11-15",
      "RequestMethod": "PUT",
      "RequestHeaders": {
        "Accept": "application/json",
        "Authorization": "Sanitized",
        "Content-Length": "554",
        "Content-Type": "application/json",
        "traceparent": "00-5ef6c5284bd28bf98459b5cdced7cb3b-c495154583ea8f1e-00",
        "User-Agent": "azsdk-net-ResourceManager.CosmosDB/1.3.0-alpha.20230324.1 (.NET 7.0.4; Microsoft Windows 10.0.22621)",
        "x-ms-client-request-id": "1350d7aebbed8f2e9f4dd90dfa0b1792",
        "x-ms-return-client-request-id": "true"
      },
      "RequestBody": {
        "kind": "GlobalDocumentDB",
        "tags": {
          "key1": "value1",
          "key2": "value2"
        },
        "location": "westus2",
        "properties": {
          "consistencyPolicy": {
            "defaultConsistencyLevel": "BoundedStaleness",
            "maxStalenessPrefix": 300,
            "maxIntervalInSeconds": 1000
          },
          "locations": [
            {
              "locationName": "westus",
              "isZoneRedundant": false
            }
          ],
          "databaseAccountOfferType": "Standard",
          "ipRules": [
            {
              "ipAddressOrRange": "23.43.230.120"
            }
          ],
          "isVirtualNetworkFilterEnabled": true,
          "enableAutomaticFailover": false,
          "capabilities": [
            {
              "name": "EnableGremlin"
            }
          ],
          "connectorOffer": "Small",
          "disableKeyBasedMetadataWriteAccess": false
        }
      },
      "StatusCode": 200,
      "ResponseHeaders": {
        "Azure-AsyncOperation": "https://management.azure.com/subscriptions/710e347c-9ac8-408c-90fe-f8cfc44bf967/providers/Microsoft.DocumentDB/locations/westus2/operationsStatus/16a3928f-728a-4123-9de2-2a660064448e?api-version=2022-11-15",
        "Cache-Control": "no-store, no-cache",
        "Content-Length": "2413",
        "Content-Type": "application/json",
        "Date": "Sat, 25 Mar 2023 04:10:25 GMT",
        "Location": "https://management.azure.com/subscriptions/710e347c-9ac8-408c-90fe-f8cfc44bf967/resourceGroups/dbaccount-4119/providers/Microsoft.DocumentDB/databaseAccounts/dbaccount-6236/operationResults/16a3928f-728a-4123-9de2-2a660064448e?api-version=2022-11-15",
        "Pragma": "no-cache",
        "Server": "Microsoft-HTTPAPI/2.0",
        "Strict-Transport-Security": "max-age=31536000; includeSubDomains",
        "X-Content-Type-Options": "nosniff",
        "x-ms-correlation-request-id": "b498d6e5-abde-4faf-a5e9-635784f1295e",
        "x-ms-gatewayversion": "version=2.14.0",
        "x-ms-ratelimit-remaining-subscription-writes": "1187",
        "x-ms-request-id": "16a3928f-728a-4123-9de2-2a660064448e",
        "x-ms-routing-request-id": "EASTUS:20230325T041025Z:b498d6e5-abde-4faf-a5e9-635784f1295e"
      },
      "ResponseBody": {
        "id": "/subscriptions/710e347c-9ac8-408c-90fe-f8cfc44bf967/resourceGroups/dbaccount-4119/providers/Microsoft.DocumentDB/databaseAccounts/dbaccount-6236",
        "name": "dbaccount-6236",
        "location": "West US 2",
        "type": "Microsoft.DocumentDB/databaseAccounts",
        "kind": "GlobalDocumentDB",
        "tags": {
          "key1": "value1",
          "key2": "value2"
        },
        "systemData": {
          "createdAt": "2023-03-25T04:10:22.5278967Z"
        },
        "properties": {
          "provisioningState": "Creating",
          "publicNetworkAccess": "Enabled",
          "enableAutomaticFailover": false,
          "enableMultipleWriteLocations": false,
          "enablePartitionKeyMonitor": false,
          "isVirtualNetworkFilterEnabled": true,
          "virtualNetworkRules": [],
          "EnabledApiTypes": "Gremlin, Sql",
          "disableKeyBasedMetadataWriteAccess": false,
          "enableFreeTier": false,
          "enableAnalyticalStorage": false,
          "analyticalStorageConfiguration": {
            "schemaType": "WellDefined"
          },
          "instanceId": "8514659f-61c6-44a4-b6cd-05fe73957a4f",
          "databaseAccountOfferType": "Standard",
          "enableCassandraConnector": false,
          "connectorOffer": "Small",
          "defaultIdentity": "",
          "networkAclBypass": "None",
          "disableLocalAuth": false,
          "enablePartitionMerge": false,
          "minimalTlsVersion": "Tls",
          "consistencyPolicy": {
            "defaultConsistencyLevel": "BoundedStaleness",
            "maxIntervalInSeconds": 1000,
            "maxStalenessPrefix": 300
          },
          "configurationOverrides": {},
          "writeLocations": [
            {
              "id": "dbaccount-6236-westus",
              "locationName": "West US",
              "provisioningState": "Creating",
              "failoverPriority": 0,
              "isZoneRedundant": false
            }
          ],
          "readLocations": [
            {
              "id": "dbaccount-6236-westus",
              "locationName": "West US",
              "provisioningState": "Creating",
              "failoverPriority": 0,
              "isZoneRedundant": false
            }
          ],
          "locations": [
            {
              "id": "dbaccount-6236-westus",
              "locationName": "West US",
              "provisioningState": "Creating",
              "failoverPriority": 0,
              "isZoneRedundant": false
            }
          ],
          "failoverPolicies": [
            {
              "id": "dbaccount-6236-westus",
              "locationName": "West US",
              "failoverPriority": 0
            }
          ],
          "cors": [],
          "capabilities": [
            {
              "name": "EnableGremlin"
            }
          ],
          "ipRules": [
            {
              "ipAddressOrRange": "23.43.230.120"
            }
          ],
          "backupPolicy": {
            "type": "Periodic",
            "periodicModeProperties": {
              "backupIntervalInMinutes": 240,
              "backupRetentionIntervalInHours": 8,
              "backupStorageRedundancy": "Invalid"
            }
          },
          "networkAclBypassResourceIds": [],
          "keysMetadata": {
            "primaryMasterKey": {
              "generationTime": "2023-03-25T04:10:22.5278967Z"
            },
            "secondaryMasterKey": {
              "generationTime": "2023-03-25T04:10:22.5278967Z"
            },
            "primaryReadonlyMasterKey": {
              "generationTime": "2023-03-25T04:10:22.5278967Z"
            },
            "secondaryReadonlyMasterKey": {
              "generationTime": "2023-03-25T04:10:22.5278967Z"
            }
          }
        },
        "identity": {
          "type": "None"
        }
      }
    },
    {
      "RequestUri": "https://management.azure.com/subscriptions/710e347c-9ac8-408c-90fe-f8cfc44bf967/providers/Microsoft.DocumentDB/locations/westus2/operationsStatus/16a3928f-728a-4123-9de2-2a660064448e?api-version=2022-11-15",
      "RequestMethod": "GET",
      "RequestHeaders": {
        "Authorization": "Sanitized",
        "traceparent": "00-5ef6c5284bd28bf98459b5cdced7cb3b-eecbb5c4c8c63215-00",
        "User-Agent": "azsdk-net-ResourceManager/1.4.0 (.NET 7.0.4; Microsoft Windows 10.0.22621)",
        "x-ms-client-request-id": "0871ca1f4ca9f80701284b5c803e6efc",
        "x-ms-return-client-request-id": "true"
      },
      "RequestBody": null,
      "StatusCode": 200,
      "ResponseHeaders": {
        "Cache-Control": "no-store, no-cache",
        "Content-Length": "21",
        "Content-Type": "application/json",
        "Date": "Sat, 25 Mar 2023 04:10:25 GMT",
        "Pragma": "no-cache",
        "Server": "Microsoft-HTTPAPI/2.0",
        "Strict-Transport-Security": "max-age=31536000; includeSubDomains",
        "X-Content-Type-Options": "nosniff",
        "x-ms-correlation-request-id": "1efb4572-4b5c-4e23-82fd-eca68e661c1d",
        "x-ms-gatewayversion": "version=2.14.0",
        "x-ms-ratelimit-remaining-subscription-reads": "11714",
        "x-ms-request-id": "1efb4572-4b5c-4e23-82fd-eca68e661c1d",
        "x-ms-routing-request-id": "EASTUS:20230325T041025Z:1efb4572-4b5c-4e23-82fd-eca68e661c1d"
      },
      "ResponseBody": {
        "status": "Enqueued"
      }
    },
    {
      "RequestUri": "https://management.azure.com/subscriptions/710e347c-9ac8-408c-90fe-f8cfc44bf967/providers/Microsoft.DocumentDB/locations/westus2/operationsStatus/16a3928f-728a-4123-9de2-2a660064448e?api-version=2022-11-15",
      "RequestMethod": "GET",
      "RequestHeaders": {
        "Authorization": "Sanitized",
        "traceparent": "00-5ef6c5284bd28bf98459b5cdced7cb3b-a9786305c8d48d6e-00",
        "User-Agent": "azsdk-net-ResourceManager/1.4.0 (.NET 7.0.4; Microsoft Windows 10.0.22621)",
        "x-ms-client-request-id": "ba29811da2df4e26edb457483c50d2cb",
        "x-ms-return-client-request-id": "true"
      },
      "RequestBody": null,
      "StatusCode": 200,
      "ResponseHeaders": {
        "Cache-Control": "no-store, no-cache",
        "Content-Length": "21",
        "Content-Type": "application/json",
        "Date": "Sat, 25 Mar 2023 04:10:26 GMT",
        "Pragma": "no-cache",
        "Server": "Microsoft-HTTPAPI/2.0",
        "Strict-Transport-Security": "max-age=31536000; includeSubDomains",
        "X-Content-Type-Options": "nosniff",
        "x-ms-correlation-request-id": "f3364da3-a252-4d65-bd81-626534849fe0",
        "x-ms-gatewayversion": "version=2.14.0",
        "x-ms-ratelimit-remaining-subscription-reads": "11713",
        "x-ms-request-id": "f3364da3-a252-4d65-bd81-626534849fe0",
        "x-ms-routing-request-id": "EASTUS:20230325T041027Z:f3364da3-a252-4d65-bd81-626534849fe0"
      },
      "ResponseBody": {
        "status": "Enqueued"
      }
    },
    {
      "RequestUri": "https://management.azure.com/subscriptions/710e347c-9ac8-408c-90fe-f8cfc44bf967/providers/Microsoft.DocumentDB/locations/westus2/operationsStatus/16a3928f-728a-4123-9de2-2a660064448e?api-version=2022-11-15",
      "RequestMethod": "GET",
      "RequestHeaders": {
        "Authorization": "Sanitized",
        "traceparent": "00-5ef6c5284bd28bf98459b5cdced7cb3b-67a791bdb36c68c9-00",
        "User-Agent": "azsdk-net-ResourceManager/1.4.0 (.NET 7.0.4; Microsoft Windows 10.0.22621)",
        "x-ms-client-request-id": "2feec0d00f997de975887cec148d1b7e",
        "x-ms-return-client-request-id": "true"
      },
      "RequestBody": null,
      "StatusCode": 200,
      "ResponseHeaders": {
        "Cache-Control": "no-store, no-cache",
        "Content-Length": "21",
        "Content-Type": "application/json",
        "Date": "Sat, 25 Mar 2023 04:10:27 GMT",
        "Pragma": "no-cache",
        "Server": "Microsoft-HTTPAPI/2.0",
        "Strict-Transport-Security": "max-age=31536000; includeSubDomains",
        "X-Content-Type-Options": "nosniff",
        "x-ms-correlation-request-id": "c4a9a8b6-d528-473d-80cd-be8dc41cd063",
        "x-ms-gatewayversion": "version=2.14.0",
        "x-ms-ratelimit-remaining-subscription-reads": "11712",
        "x-ms-request-id": "c4a9a8b6-d528-473d-80cd-be8dc41cd063",
        "x-ms-routing-request-id": "EASTUS:20230325T041028Z:c4a9a8b6-d528-473d-80cd-be8dc41cd063"
      },
      "ResponseBody": {
        "status": "Dequeued"
      }
    },
    {
      "RequestUri": "https://management.azure.com/subscriptions/710e347c-9ac8-408c-90fe-f8cfc44bf967/providers/Microsoft.DocumentDB/locations/westus2/operationsStatus/16a3928f-728a-4123-9de2-2a660064448e?api-version=2022-11-15",
      "RequestMethod": "GET",
      "RequestHeaders": {
        "Authorization": "Sanitized",
        "traceparent": "00-5ef6c5284bd28bf98459b5cdced7cb3b-a73a7fc5ad5bddc5-00",
        "User-Agent": "azsdk-net-ResourceManager/1.4.0 (.NET 7.0.4; Microsoft Windows 10.0.22621)",
        "x-ms-client-request-id": "3bc08236c2aa7c38a4221bf4f5bfbbb0",
        "x-ms-return-client-request-id": "true"
      },
      "RequestBody": null,
      "StatusCode": 200,
      "ResponseHeaders": {
        "Cache-Control": "no-store, no-cache",
        "Content-Length": "21",
        "Content-Type": "application/json",
        "Date": "Sat, 25 Mar 2023 04:10:29 GMT",
        "Pragma": "no-cache",
        "Server": "Microsoft-HTTPAPI/2.0",
        "Strict-Transport-Security": "max-age=31536000; includeSubDomains",
        "X-Content-Type-Options": "nosniff",
        "x-ms-correlation-request-id": "75e401fd-eb2f-4f4c-a68b-b7a90dafde38",
        "x-ms-gatewayversion": "version=2.14.0",
        "x-ms-ratelimit-remaining-subscription-reads": "11711",
        "x-ms-request-id": "75e401fd-eb2f-4f4c-a68b-b7a90dafde38",
        "x-ms-routing-request-id": "EASTUS:20230325T041029Z:75e401fd-eb2f-4f4c-a68b-b7a90dafde38"
      },
      "ResponseBody": {
        "status": "Dequeued"
      }
    },
    {
      "RequestUri": "https://management.azure.com/subscriptions/710e347c-9ac8-408c-90fe-f8cfc44bf967/providers/Microsoft.DocumentDB/locations/westus2/operationsStatus/16a3928f-728a-4123-9de2-2a660064448e?api-version=2022-11-15",
      "RequestMethod": "GET",
      "RequestHeaders": {
        "Authorization": "Sanitized",
        "traceparent": "00-5ef6c5284bd28bf98459b5cdced7cb3b-397636e52c676ab0-00",
        "User-Agent": "azsdk-net-ResourceManager/1.4.0 (.NET 7.0.4; Microsoft Windows 10.0.22621)",
        "x-ms-client-request-id": "bf8c7f563e4f0e6298ac45562639395f",
        "x-ms-return-client-request-id": "true"
      },
      "RequestBody": null,
      "StatusCode": 200,
      "ResponseHeaders": {
        "Cache-Control": "no-store, no-cache",
        "Content-Length": "21",
        "Content-Type": "application/json",
        "Date": "Sat, 25 Mar 2023 04:10:31 GMT",
        "Pragma": "no-cache",
        "Server": "Microsoft-HTTPAPI/2.0",
        "Strict-Transport-Security": "max-age=31536000; includeSubDomains",
        "X-Content-Type-Options": "nosniff",
        "x-ms-correlation-request-id": "5f8b7fa4-4c52-4fb8-93c3-4e47f3b72c37",
        "x-ms-gatewayversion": "version=2.14.0",
        "x-ms-ratelimit-remaining-subscription-reads": "11710",
        "x-ms-request-id": "5f8b7fa4-4c52-4fb8-93c3-4e47f3b72c37",
        "x-ms-routing-request-id": "EASTUS:20230325T041031Z:5f8b7fa4-4c52-4fb8-93c3-4e47f3b72c37"
      },
      "ResponseBody": {
        "status": "Dequeued"
      }
    },
    {
      "RequestUri": "https://management.azure.com/subscriptions/710e347c-9ac8-408c-90fe-f8cfc44bf967/providers/Microsoft.DocumentDB/locations/westus2/operationsStatus/16a3928f-728a-4123-9de2-2a660064448e?api-version=2022-11-15",
      "RequestMethod": "GET",
      "RequestHeaders": {
        "Authorization": "Sanitized",
        "traceparent": "00-5ef6c5284bd28bf98459b5cdced7cb3b-e083505b6bf0cbdf-00",
        "User-Agent": "azsdk-net-ResourceManager/1.4.0 (.NET 7.0.4; Microsoft Windows 10.0.22621)",
        "x-ms-client-request-id": "b911d89996900e2187728b76f4f487b6",
        "x-ms-return-client-request-id": "true"
      },
      "RequestBody": null,
      "StatusCode": 200,
      "ResponseHeaders": {
        "Cache-Control": "no-store, no-cache",
        "Content-Length": "21",
        "Content-Type": "application/json",
        "Date": "Sat, 25 Mar 2023 04:10:35 GMT",
        "Pragma": "no-cache",
        "Server": "Microsoft-HTTPAPI/2.0",
        "Strict-Transport-Security": "max-age=31536000; includeSubDomains",
        "X-Content-Type-Options": "nosniff",
        "x-ms-correlation-request-id": "8495ddc7-1f20-44e7-8a53-09c556dba870",
        "x-ms-gatewayversion": "version=2.14.0",
        "x-ms-ratelimit-remaining-subscription-reads": "11709",
        "x-ms-request-id": "8495ddc7-1f20-44e7-8a53-09c556dba870",
        "x-ms-routing-request-id": "EASTUS:20230325T041035Z:8495ddc7-1f20-44e7-8a53-09c556dba870"
      },
      "ResponseBody": {
        "status": "Dequeued"
      }
    },
    {
      "RequestUri": "https://management.azure.com/subscriptions/710e347c-9ac8-408c-90fe-f8cfc44bf967/providers/Microsoft.DocumentDB/locations/westus2/operationsStatus/16a3928f-728a-4123-9de2-2a660064448e?api-version=2022-11-15",
      "RequestMethod": "GET",
      "RequestHeaders": {
        "Authorization": "Sanitized",
        "traceparent": "00-5ef6c5284bd28bf98459b5cdced7cb3b-2711c2aa8f63bb45-00",
        "User-Agent": "azsdk-net-ResourceManager/1.4.0 (.NET 7.0.4; Microsoft Windows 10.0.22621)",
        "x-ms-client-request-id": "9595cbcc5b01f82e20b1a3fd7de2556a",
        "x-ms-return-client-request-id": "true"
      },
      "RequestBody": null,
      "StatusCode": 200,
      "ResponseHeaders": {
        "Cache-Control": "no-store, no-cache",
        "Content-Length": "21",
        "Content-Type": "application/json",
        "Date": "Sat, 25 Mar 2023 04:10:43 GMT",
        "Pragma": "no-cache",
        "Server": "Microsoft-HTTPAPI/2.0",
        "Strict-Transport-Security": "max-age=31536000; includeSubDomains",
        "X-Content-Type-Options": "nosniff",
        "x-ms-correlation-request-id": "a0e7dc59-f00f-4ba8-81b1-3227ad754a2f",
        "x-ms-gatewayversion": "version=2.14.0",
        "x-ms-ratelimit-remaining-subscription-reads": "11708",
        "x-ms-request-id": "a0e7dc59-f00f-4ba8-81b1-3227ad754a2f",
        "x-ms-routing-request-id": "EASTUS:20230325T041043Z:a0e7dc59-f00f-4ba8-81b1-3227ad754a2f"
      },
      "ResponseBody": {
        "status": "Dequeued"
      }
    },
    {
      "RequestUri": "https://management.azure.com/subscriptions/710e347c-9ac8-408c-90fe-f8cfc44bf967/providers/Microsoft.DocumentDB/locations/westus2/operationsStatus/16a3928f-728a-4123-9de2-2a660064448e?api-version=2022-11-15",
      "RequestMethod": "GET",
      "RequestHeaders": {
        "Authorization": "Sanitized",
        "traceparent": "00-5ef6c5284bd28bf98459b5cdced7cb3b-089c256b78f693a7-00",
        "User-Agent": "azsdk-net-ResourceManager/1.4.0 (.NET 7.0.4; Microsoft Windows 10.0.22621)",
        "x-ms-client-request-id": "1c5abbe802adc01f5e7e38ddb3eb1aa3",
        "x-ms-return-client-request-id": "true"
      },
      "RequestBody": null,
      "StatusCode": 200,
      "ResponseHeaders": {
        "Cache-Control": "no-store, no-cache",
        "Content-Length": "21",
        "Content-Type": "application/json",
        "Date": "Sat, 25 Mar 2023 04:10:59 GMT",
        "Pragma": "no-cache",
        "Server": "Microsoft-HTTPAPI/2.0",
        "Strict-Transport-Security": "max-age=31536000; includeSubDomains",
        "X-Content-Type-Options": "nosniff",
        "x-ms-correlation-request-id": "3f969c03-888f-437c-8c27-75a7399b5805",
        "x-ms-gatewayversion": "version=2.14.0",
        "x-ms-ratelimit-remaining-subscription-reads": "11707",
        "x-ms-request-id": "3f969c03-888f-437c-8c27-75a7399b5805",
        "x-ms-routing-request-id": "EASTUS:20230325T041059Z:3f969c03-888f-437c-8c27-75a7399b5805"
      },
      "ResponseBody": {
        "status": "Dequeued"
      }
    },
    {
      "RequestUri": "https://management.azure.com/subscriptions/710e347c-9ac8-408c-90fe-f8cfc44bf967/providers/Microsoft.DocumentDB/locations/westus2/operationsStatus/16a3928f-728a-4123-9de2-2a660064448e?api-version=2022-11-15",
      "RequestMethod": "GET",
      "RequestHeaders": {
        "Authorization": "Sanitized",
        "traceparent": "00-5ef6c5284bd28bf98459b5cdced7cb3b-f0c860f35edc2e09-00",
        "User-Agent": "azsdk-net-ResourceManager/1.4.0 (.NET 7.0.4; Microsoft Windows 10.0.22621)",
        "x-ms-client-request-id": "5b8a8f24a4a33e5eaa1999dff22390a5",
        "x-ms-return-client-request-id": "true"
      },
      "RequestBody": null,
      "StatusCode": 200,
      "ResponseHeaders": {
        "Cache-Control": "no-store, no-cache",
        "Content-Length": "21",
        "Content-Type": "application/json",
        "Date": "Sat, 25 Mar 2023 04:11:31 GMT",
        "Pragma": "no-cache",
        "Server": "Microsoft-HTTPAPI/2.0",
        "Strict-Transport-Security": "max-age=31536000; includeSubDomains",
        "X-Content-Type-Options": "nosniff",
        "x-ms-correlation-request-id": "1a013419-fd93-4925-acd8-2fee8c2e4f0c",
        "x-ms-gatewayversion": "version=2.14.0",
        "x-ms-ratelimit-remaining-subscription-reads": "11706",
        "x-ms-request-id": "1a013419-fd93-4925-acd8-2fee8c2e4f0c",
        "x-ms-routing-request-id": "EASTUS:20230325T041132Z:1a013419-fd93-4925-acd8-2fee8c2e4f0c"
      },
      "ResponseBody": {
        "status": "Dequeued"
      }
    },
    {
      "RequestUri": "https://management.azure.com/subscriptions/710e347c-9ac8-408c-90fe-f8cfc44bf967/providers/Microsoft.DocumentDB/locations/westus2/operationsStatus/16a3928f-728a-4123-9de2-2a660064448e?api-version=2022-11-15",
      "RequestMethod": "GET",
      "RequestHeaders": {
        "Authorization": "Sanitized",
        "traceparent": "00-5ef6c5284bd28bf98459b5cdced7cb3b-36ac183c06c9c034-00",
        "User-Agent": "azsdk-net-ResourceManager/1.4.0 (.NET 7.0.4; Microsoft Windows 10.0.22621)",
        "x-ms-client-request-id": "388e201c6a9aca08acd5378222504534",
        "x-ms-return-client-request-id": "true"
      },
      "RequestBody": null,
      "StatusCode": 200,
      "ResponseHeaders": {
        "Cache-Control": "no-store, no-cache",
        "Content-Length": "21",
        "Content-Type": "application/json",
        "Date": "Sat, 25 Mar 2023 04:12:04 GMT",
        "Pragma": "no-cache",
        "Server": "Microsoft-HTTPAPI/2.0",
        "Strict-Transport-Security": "max-age=31536000; includeSubDomains",
        "X-Content-Type-Options": "nosniff",
        "x-ms-correlation-request-id": "1edce876-656b-42d1-bd7d-894122611464",
        "x-ms-gatewayversion": "version=2.14.0",
        "x-ms-ratelimit-remaining-subscription-reads": "11705",
        "x-ms-request-id": "1edce876-656b-42d1-bd7d-894122611464",
        "x-ms-routing-request-id": "EASTUS:20230325T041204Z:1edce876-656b-42d1-bd7d-894122611464"
      },
      "ResponseBody": {
        "status": "Dequeued"
      }
    },
    {
      "RequestUri": "https://management.azure.com/subscriptions/710e347c-9ac8-408c-90fe-f8cfc44bf967/providers/Microsoft.DocumentDB/locations/westus2/operationsStatus/16a3928f-728a-4123-9de2-2a660064448e?api-version=2022-11-15",
      "RequestMethod": "GET",
      "RequestHeaders": {
        "Authorization": "Sanitized",
        "traceparent": "00-5ef6c5284bd28bf98459b5cdced7cb3b-907018dba6c15367-00",
        "User-Agent": "azsdk-net-ResourceManager/1.4.0 (.NET 7.0.4; Microsoft Windows 10.0.22621)",
        "x-ms-client-request-id": "eed9ff97fa5744c75d1b72946940cd3a",
        "x-ms-return-client-request-id": "true"
      },
      "RequestBody": null,
      "StatusCode": 200,
      "ResponseHeaders": {
        "Cache-Control": "no-store, no-cache",
        "Content-Length": "21",
        "Content-Type": "application/json",
        "Date": "Sat, 25 Mar 2023 04:12:36 GMT",
        "Pragma": "no-cache",
        "Server": "Microsoft-HTTPAPI/2.0",
        "Strict-Transport-Security": "max-age=31536000; includeSubDomains",
        "X-Content-Type-Options": "nosniff",
        "x-ms-correlation-request-id": "93ba760c-3eaf-48cb-bfea-02b88ccf1fb6",
        "x-ms-gatewayversion": "version=2.14.0",
        "x-ms-ratelimit-remaining-subscription-reads": "11704",
        "x-ms-request-id": "93ba760c-3eaf-48cb-bfea-02b88ccf1fb6",
        "x-ms-routing-request-id": "EASTUS:20230325T041236Z:93ba760c-3eaf-48cb-bfea-02b88ccf1fb6"
      },
      "ResponseBody": {
        "status": "Dequeued"
      }
    },
    {
      "RequestUri": "https://management.azure.com/subscriptions/710e347c-9ac8-408c-90fe-f8cfc44bf967/providers/Microsoft.DocumentDB/locations/westus2/operationsStatus/16a3928f-728a-4123-9de2-2a660064448e?api-version=2022-11-15",
      "RequestMethod": "GET",
      "RequestHeaders": {
        "Authorization": "Sanitized",
        "traceparent": "00-5ef6c5284bd28bf98459b5cdced7cb3b-5da2fd1f1f6d9991-00",
        "User-Agent": "azsdk-net-ResourceManager/1.4.0 (.NET 7.0.4; Microsoft Windows 10.0.22621)",
        "x-ms-client-request-id": "92c092ede15db90986c0aece6ddb1b59",
        "x-ms-return-client-request-id": "true"
      },
      "RequestBody": null,
      "StatusCode": 200,
      "ResponseHeaders": {
        "Cache-Control": "no-store, no-cache",
        "Content-Length": "21",
        "Content-Type": "application/json",
        "Date": "Sat, 25 Mar 2023 04:13:07 GMT",
        "Pragma": "no-cache",
        "Server": "Microsoft-HTTPAPI/2.0",
        "Strict-Transport-Security": "max-age=31536000; includeSubDomains",
        "X-Content-Type-Options": "nosniff",
        "x-ms-correlation-request-id": "bdc893cb-75d0-46f2-809b-d042df4f3a03",
        "x-ms-gatewayversion": "version=2.14.0",
        "x-ms-ratelimit-remaining-subscription-reads": "11703",
        "x-ms-request-id": "bdc893cb-75d0-46f2-809b-d042df4f3a03",
        "x-ms-routing-request-id": "EASTUS:20230325T041308Z:bdc893cb-75d0-46f2-809b-d042df4f3a03"
      },
      "ResponseBody": {
        "status": "Dequeued"
      }
    },
    {
      "RequestUri": "https://management.azure.com/subscriptions/710e347c-9ac8-408c-90fe-f8cfc44bf967/providers/Microsoft.DocumentDB/locations/westus2/operationsStatus/16a3928f-728a-4123-9de2-2a660064448e?api-version=2022-11-15",
      "RequestMethod": "GET",
      "RequestHeaders": {
        "Authorization": "Sanitized",
        "traceparent": "00-5ef6c5284bd28bf98459b5cdced7cb3b-b40a99e63298e4e1-00",
        "User-Agent": "azsdk-net-ResourceManager/1.4.0 (.NET 7.0.4; Microsoft Windows 10.0.22621)",
        "x-ms-client-request-id": "f24864d4a24a224e5949db7ef874606c",
        "x-ms-return-client-request-id": "true"
      },
      "RequestBody": null,
      "StatusCode": 200,
      "ResponseHeaders": {
        "Cache-Control": "no-store, no-cache",
        "Content-Length": "21",
        "Content-Type": "application/json",
        "Date": "Sat, 25 Mar 2023 04:13:39 GMT",
        "Pragma": "no-cache",
        "Server": "Microsoft-HTTPAPI/2.0",
        "Strict-Transport-Security": "max-age=31536000; includeSubDomains",
        "X-Content-Type-Options": "nosniff",
        "x-ms-correlation-request-id": "4cb19fbc-5c17-4cf4-9593-c207452e3e3f",
        "x-ms-gatewayversion": "version=2.14.0",
        "x-ms-ratelimit-remaining-subscription-reads": "11702",
        "x-ms-request-id": "4cb19fbc-5c17-4cf4-9593-c207452e3e3f",
        "x-ms-routing-request-id": "EASTUS:20230325T041340Z:4cb19fbc-5c17-4cf4-9593-c207452e3e3f"
      },
      "ResponseBody": {
        "status": "Dequeued"
      }
    },
    {
      "RequestUri": "https://management.azure.com/subscriptions/710e347c-9ac8-408c-90fe-f8cfc44bf967/providers/Microsoft.DocumentDB/locations/westus2/operationsStatus/16a3928f-728a-4123-9de2-2a660064448e?api-version=2022-11-15",
      "RequestMethod": "GET",
      "RequestHeaders": {
        "Authorization": "Sanitized",
        "traceparent": "00-5ef6c5284bd28bf98459b5cdced7cb3b-81568cf8d47a908e-00",
        "User-Agent": "azsdk-net-ResourceManager/1.4.0 (.NET 7.0.4; Microsoft Windows 10.0.22621)",
        "x-ms-client-request-id": "9095fc07b28fb5d7f61f67974bf9d681",
        "x-ms-return-client-request-id": "true"
      },
      "RequestBody": null,
      "StatusCode": 200,
      "ResponseHeaders": {
        "Cache-Control": "no-store, no-cache",
        "Content-Length": "21",
        "Content-Type": "application/json",
        "Date": "Sat, 25 Mar 2023 04:14:12 GMT",
        "Pragma": "no-cache",
        "Server": "Microsoft-HTTPAPI/2.0",
        "Strict-Transport-Security": "max-age=31536000; includeSubDomains",
        "X-Content-Type-Options": "nosniff",
        "x-ms-correlation-request-id": "e494cb3e-bea2-48e3-b2b5-a91605d29087",
        "x-ms-gatewayversion": "version=2.14.0",
        "x-ms-ratelimit-remaining-subscription-reads": "11701",
        "x-ms-request-id": "e494cb3e-bea2-48e3-b2b5-a91605d29087",
        "x-ms-routing-request-id": "EASTUS:20230325T041413Z:e494cb3e-bea2-48e3-b2b5-a91605d29087"
      },
      "ResponseBody": {
        "status": "Dequeued"
      }
    },
    {
      "RequestUri": "https://management.azure.com/subscriptions/710e347c-9ac8-408c-90fe-f8cfc44bf967/providers/Microsoft.DocumentDB/locations/westus2/operationsStatus/16a3928f-728a-4123-9de2-2a660064448e?api-version=2022-11-15",
      "RequestMethod": "GET",
      "RequestHeaders": {
        "Authorization": "Sanitized",
        "traceparent": "00-5ef6c5284bd28bf98459b5cdced7cb3b-93ea1ad8fb42b225-00",
        "User-Agent": "azsdk-net-ResourceManager/1.4.0 (.NET 7.0.4; Microsoft Windows 10.0.22621)",
        "x-ms-client-request-id": "04bf1800daf84af0439d3913058ac112",
        "x-ms-return-client-request-id": "true"
      },
      "RequestBody": null,
      "StatusCode": 200,
      "ResponseHeaders": {
        "Cache-Control": "no-store, no-cache",
        "Content-Length": "21",
        "Content-Type": "application/json",
        "Date": "Sat, 25 Mar 2023 04:14:44 GMT",
        "Pragma": "no-cache",
        "Server": "Microsoft-HTTPAPI/2.0",
        "Strict-Transport-Security": "max-age=31536000; includeSubDomains",
        "X-Content-Type-Options": "nosniff",
        "x-ms-correlation-request-id": "0c3426b1-a72f-4d8d-af02-c876d89838fb",
        "x-ms-gatewayversion": "version=2.14.0",
        "x-ms-ratelimit-remaining-subscription-reads": "11700",
        "x-ms-request-id": "0c3426b1-a72f-4d8d-af02-c876d89838fb",
        "x-ms-routing-request-id": "EASTUS:20230325T041445Z:0c3426b1-a72f-4d8d-af02-c876d89838fb"
      },
      "ResponseBody": {
        "status": "Dequeued"
      }
    },
    {
      "RequestUri": "https://management.azure.com/subscriptions/710e347c-9ac8-408c-90fe-f8cfc44bf967/providers/Microsoft.DocumentDB/locations/westus2/operationsStatus/16a3928f-728a-4123-9de2-2a660064448e?api-version=2022-11-15",
      "RequestMethod": "GET",
      "RequestHeaders": {
        "Authorization": "Sanitized",
        "traceparent": "00-5ef6c5284bd28bf98459b5cdced7cb3b-ba84265bb21c562e-00",
        "User-Agent": "azsdk-net-ResourceManager/1.4.0 (.NET 7.0.4; Microsoft Windows 10.0.22621)",
        "x-ms-client-request-id": "71c6425f8b4621c98d92fc2a3bb7d75f",
        "x-ms-return-client-request-id": "true"
      },
      "RequestBody": null,
      "StatusCode": 200,
      "ResponseHeaders": {
        "Cache-Control": "no-store, no-cache",
        "Content-Length": "22",
        "Content-Type": "application/json",
        "Date": "Sat, 25 Mar 2023 04:15:17 GMT",
        "Pragma": "no-cache",
        "Server": "Microsoft-HTTPAPI/2.0",
        "Strict-Transport-Security": "max-age=31536000; includeSubDomains",
        "X-Content-Type-Options": "nosniff",
        "x-ms-correlation-request-id": "2f9a6ab1-fe79-4095-af4d-6060b7c19022",
        "x-ms-gatewayversion": "version=2.14.0",
        "x-ms-ratelimit-remaining-subscription-reads": "11708",
        "x-ms-request-id": "2f9a6ab1-fe79-4095-af4d-6060b7c19022",
        "x-ms-routing-request-id": "EASTUS:20230325T041517Z:2f9a6ab1-fe79-4095-af4d-6060b7c19022"
      },
      "ResponseBody": {
        "status": "Succeeded"
      }
    },
    {
      "RequestUri": "https://management.azure.com/subscriptions/710e347c-9ac8-408c-90fe-f8cfc44bf967/resourceGroups/dbaccount-4119/providers/Microsoft.DocumentDB/databaseAccounts/dbaccount-6236?api-version=2022-11-15",
      "RequestMethod": "GET",
      "RequestHeaders": {
        "Authorization": "Sanitized",
        "traceparent": "00-5ef6c5284bd28bf98459b5cdced7cb3b-c4f480d77cf3d9da-00",
        "User-Agent": "azsdk-net-ResourceManager/1.4.0 (.NET 7.0.4; Microsoft Windows 10.0.22621)",
        "x-ms-client-request-id": "df7e5a725bb42d740b4a4cf179c3b06c",
        "x-ms-return-client-request-id": "true"
      },
      "RequestBody": null,
      "StatusCode": 200,
      "ResponseHeaders": {
        "Cache-Control": "no-store, no-cache",
        "Content-Length": "2865",
        "Content-Type": "application/json",
        "Date": "Sat, 25 Mar 2023 04:15:17 GMT",
        "Pragma": "no-cache",
        "Server": "Microsoft-HTTPAPI/2.0",
        "Strict-Transport-Security": "max-age=31536000; includeSubDomains",
        "X-Content-Type-Options": "nosniff",
        "x-ms-correlation-request-id": "86a1aae5-8f41-4870-bb89-95e957c7ea41",
        "x-ms-gatewayversion": "version=2.14.0",
        "x-ms-ratelimit-remaining-subscription-reads": "11707",
        "x-ms-request-id": "86a1aae5-8f41-4870-bb89-95e957c7ea41",
        "x-ms-routing-request-id": "EASTUS:20230325T041517Z:86a1aae5-8f41-4870-bb89-95e957c7ea41"
      },
      "ResponseBody": {
        "id": "/subscriptions/710e347c-9ac8-408c-90fe-f8cfc44bf967/resourceGroups/dbaccount-4119/providers/Microsoft.DocumentDB/databaseAccounts/dbaccount-6236",
        "name": "dbaccount-6236",
        "location": "West US 2",
        "type": "Microsoft.DocumentDB/databaseAccounts",
        "kind": "GlobalDocumentDB",
        "tags": {
          "key1": "value1",
          "key2": "value2"
        },
        "systemData": {
          "createdAt": "2023-03-25T04:14:28.5308982Z"
        },
        "properties": {
          "provisioningState": "Succeeded",
          "documentEndpoint": "https://dbaccount-6236.documents.azure.com:443/",
          "gremlinEndpoint": "https://dbaccount-6236.gremlin.cosmos.azure.com:443/",
          "sqlEndpoint": "https://dbaccount-6236.documents.azure.com:443/",
          "publicNetworkAccess": "Enabled",
          "enableAutomaticFailover": false,
          "enableMultipleWriteLocations": false,
          "enablePartitionKeyMonitor": false,
          "isVirtualNetworkFilterEnabled": true,
          "virtualNetworkRules": [],
          "EnabledApiTypes": "Gremlin, Sql",
          "disableKeyBasedMetadataWriteAccess": false,
          "enableFreeTier": false,
          "enableAnalyticalStorage": false,
          "analyticalStorageConfiguration": {
            "schemaType": "WellDefined"
          },
          "instanceId": "8514659f-61c6-44a4-b6cd-05fe73957a4f",
          "databaseAccountOfferType": "Standard",
          "enableCassandraConnector": false,
          "connectorOffer": "Small",
          "defaultIdentity": "FirstPartyIdentity",
          "networkAclBypass": "None",
          "disableLocalAuth": false,
          "enablePartitionMerge": false,
          "minimalTlsVersion": "Tls",
          "consistencyPolicy": {
            "defaultConsistencyLevel": "BoundedStaleness",
            "maxIntervalInSeconds": 1000,
            "maxStalenessPrefix": 300
          },
          "configurationOverrides": {},
          "writeLocations": [
            {
              "id": "dbaccount-6236-westus",
              "locationName": "West US",
              "documentEndpoint": "https://dbaccount-6236-westus.documents.azure.com:443/",
              "provisioningState": "Succeeded",
              "failoverPriority": 0,
              "isZoneRedundant": false
            }
          ],
          "readLocations": [
            {
              "id": "dbaccount-6236-westus",
              "locationName": "West US",
              "documentEndpoint": "https://dbaccount-6236-westus.documents.azure.com:443/",
              "provisioningState": "Succeeded",
              "failoverPriority": 0,
              "isZoneRedundant": false
            }
          ],
          "locations": [
            {
              "id": "dbaccount-6236-westus",
              "locationName": "West US",
              "documentEndpoint": "https://dbaccount-6236-westus.documents.azure.com:443/",
              "provisioningState": "Succeeded",
              "failoverPriority": 0,
              "isZoneRedundant": false
            }
          ],
          "failoverPolicies": [
            {
              "id": "dbaccount-6236-westus",
              "locationName": "West US",
              "failoverPriority": 0
            }
          ],
          "cors": [],
          "capabilities": [
            {
              "name": "EnableGremlin"
            }
          ],
          "ipRules": [
            {
              "ipAddressOrRange": "23.43.230.120"
            }
          ],
          "backupPolicy": {
            "type": "Periodic",
            "periodicModeProperties": {
              "backupIntervalInMinutes": 240,
              "backupRetentionIntervalInHours": 8,
              "backupStorageRedundancy": "Geo"
            }
          },
          "networkAclBypassResourceIds": [],
          "keysMetadata": {
            "primaryMasterKey": {
              "generationTime": "2023-03-25T04:14:28.5308982Z"
            },
            "secondaryMasterKey": {
              "generationTime": "2023-03-25T04:14:28.5308982Z"
            },
            "primaryReadonlyMasterKey": {
              "generationTime": "2023-03-25T04:14:28.5308982Z"
            },
            "secondaryReadonlyMasterKey": {
              "generationTime": "2023-03-25T04:14:28.5308982Z"
            }
          }
        },
        "identity": {
          "type": "None"
        }
      }
    }
  ],
  "Variables": {
    "AZURE_AUTHORITY_HOST": null,
    "RandomSeed": "1582774789",
    "RESOURCE_MANAGER_URL": null,
    "SUBSCRIPTION_ID": "710e347c-9ac8-408c-90fe-f8cfc44bf967"
  }
}
