{
  "Entries": [
    {
      "RequestUri": "https://localhost:8443/subscriptions/00000000-0000-0000-0000-000000000000?api-version=2019-11-01",
      "RequestMethod": "GET",
      "RequestHeaders": {
        "Accept": "application/json",
        "Authorization": "Sanitized",
        "traceparent": "00-e0e6f5bd541cb24d8aed7fd023aa5ddc-3d3964aa5b6e1240-00",
        "User-Agent": "azsdk-net-ResourceManager/1.0.0-alpha.20211208.1 (.NET Framework 4.8.4300.0; Microsoft Windows 10.0.19044 )",
        "x-ms-client-request-id": "192cbc43a0edd8a22212863e13744fd3",
        "x-ms-return-client-request-id": "true"
      },
      "RequestBody": null,
      "StatusCode": 200,
      "ResponseHeaders": {
        "Connection": "keep-alive",
        "Content-Length": "403",
        "Content-Type": "application/json; charset=utf-8",
        "Date": "Wed, 08 Dec 2021 07:26:06 GMT",
        "ETag": "W/\u0022193-XMviJqaGXohjOV1XjmYhUY8VLpk\u0022",
        "Keep-Alive": "timeout=5",
        "X-Powered-By": "Express"
      },
      "ResponseBody": {
        "id": "/subscriptions/00000000-0000-0000-0000-000000000000",
        "authorizationSource": "RoleBased",
        "managedByTenants": [],
        "subscriptionId": "00000000-0000-0000-0000-000000000000",
        "tenantId": "0000000-0000-0000-0000-000000000000",
        "displayName": "Name of the subscription",
        "state": "Enabled",
        "subscriptionPolicies": {
          "locationPlacementId": "Internal_2014-09-01",
          "quotaId": "Internal_2014-09-01",
          "spendingLimit": "Off"
        }
      }
    },
    {
      "RequestUri": "https://localhost:8443/subscriptions/00000000-0000-0000-0000-000000000000/resourcegroups/syncgroupcrud-65440?api-version=2019-10-01",
      "RequestMethod": "PUT",
      "RequestHeaders": {
        "Accept": "application/json",
        "Authorization": "Sanitized",
        "Content-Length": "81",
        "Content-Type": "application/json",
        "User-Agent": "azsdk-net-ResourceManager/1.0.0-alpha.20211208.1 (.NET Framework 4.8.4300.0; Microsoft Windows 10.0.19044 )",
        "x-ms-client-request-id": "629d69b4b054866a3d1b7f83b5a5c6ce",
        "x-ms-return-client-request-id": "true"
      },
      "RequestBody": {
        "location": "Azure.ResourceManager.Resources.Subscription",
        "tags": {
          "test": "env"
        }
      },
      "StatusCode": 200,
      "ResponseHeaders": {
        "Connection": "keep-alive",
        "Content-Length": "262",
        "Content-Type": "application/json; charset=utf-8",
        "Date": "Wed, 08 Dec 2021 07:26:06 GMT",
        "ETag": "W/\u0022106-CoU7ZPWkkdrGPBtl12ek5x5eJjI\u0022",
        "Keep-Alive": "timeout=5",
        "X-Powered-By": "Express"
      },
      "ResponseBody": {
        "id": "/subscriptions/00000000-0000-0000-0000-000000000000/resourcegroups/syncgroupcrud-65440",
        "location": "eastus",
        "managedBy": null,
        "name": "syncgroupcrud-65440",
        "properties": {
          "provisioningState": "Succeeded"
        },
        "tags": {},
        "type": "Microsoft.Resources/resourceGroups"
      }
    },
    {
      "RequestUri": "https://localhost:8443/subscriptions/00000000-0000-0000-0000-000000000000/resourceGroups/syncgroupcrud-65440/providers/Microsoft.Sql/servers/syncgroupcrud-8475?api-version=2021-02-01-preview",
      "RequestMethod": "PUT",
      "RequestHeaders": {
        "Accept": "application/json",
        "Authorization": "Sanitized",
        "Content-Length": "396",
        "Content-Type": "application/json",
        "User-Agent": "azsdk-net-ResourceManager.Sql/1.0.0-alpha.20211208.1 (.NET Framework 4.8.4300.0; Microsoft Windows 10.0.19044 )",
        "x-ms-client-request-id": "5629d61244475154fcad01914a70c828",
        "x-ms-return-client-request-id": "true"
      },
      "RequestBody": {
        "tags": {},
        "location": "japaneast",
        "properties": {
          "administratorLogin": "dummylogin",
          "administratorLoginPassword": "PLACEHOLDER",
          "publicNetworkAccess": "Enabled",
          "administrators": {
            "principalType": "User",
            "login": "bob@contoso.com",
            "sid": "00000011-1111-2222-2222-123456789111",
            "tenantId": "00000011-1111-2222-2222-123456789111",
            "azureADOnlyAuthentication": true
          },
          "restrictOutboundNetworkAccess": "Enabled"
        }
      },
      "StatusCode": 200,
      "ResponseHeaders": {
        "Connection": "keep-alive",
        "Content-Length": "1963",
        "Content-Type": "application/json; charset=utf-8",
        "Date": "Wed, 08 Dec 2021 07:26:06 GMT",
        "ETag": "W/\u00227ab-\u002BEUzlXZj6y1XMk9PlARBOx4Gv0w\u0022",
        "Keep-Alive": "timeout=5",
        "X-Powered-By": "Express"
      },
      "ResponseBody": {
        "id": "/subscriptions/00000000-0000-0000-0000-000000000000/resourceGroups/syncgroupcrud-65440/providers/Microsoft.Sql/servers/syncgroupcrud-8475",
        "name": "syncgroupcrud-8475",
        "type": "aaaaaaaaaaaaaaaaaaaaaaaa",
        "location": "aaaaaaaaaaaaaaaaaaaaaaaaaa",
        "tags": {
          "key3574": "aaaaaaa"
        },
        "identity": {
          "userAssignedIdentities": {
            "/subscriptions/00000000-0000-0000-0000-000000000000/resourceGroups/00000000-0000-0000-0000-000000000000/providers/Microsoft.ManagedIdentity/userAssignedIdentities/key6917": {
              "principalId": "00000000-0000-0000-0000-000000000000",
              "clientId": "00000000-0000-0000-0000-000000000000"
            }
          },
          "principalId": "00000000-0000-0000-0000-000000000000",
          "type": "None",
          "tenantId": "00000000-0000-0000-0000-000000000000"
        },
        "kind": "aaaaaaaaaaaaaaaaa",
        "properties": {
          "administratorLogin": "aaaaaaaaaaaaaaaaaaaaaaaaa",
          "administratorLoginPassword": "aaaaaaaaaaaa",
          "version": "aaaaaaaaaaaaaaaaaaaaaaa",
          "state": "aaaaaaaaaaaaaaaaaaaaaaaaa",
          "fullyQualifiedDomainName": "aaaaaaaa",
          "privateEndpointConnections": [
            {
              "id": "/subscriptions/a9cbceed-cd54-47f1-b7a2-bad149218603/resourceGroups/mockRg/providers/Microsoft.Resources/mockResource/mockName",
              "properties": {
                "privateEndpoint": {
                  "id": "/subscriptions/a9cbceed-cd54-47f1-b7a2-bad149218603/resourceGroups/mockRg/providers/Microsoft.Resources/mockResource/mockName"
                },
                "privateLinkServiceConnectionState": {
                  "status": "Approved",
                  "description": "aaaaaaaaaaaaaaaaaaaaa",
                  "actionsRequired": "None"
                },
                "provisioningState": "Succeeded"
              }
            }
          ],
          "minimalTlsVersion": "aaaaaaa",
          "publicNetworkAccess": "Enabled",
          "workspaceFeature": "Connected",
          "primaryUserAssignedIdentityId": "aaaaaa",
          "federatedClientId": "00000000-0000-0000-0000-000000000000",
          "keyId": "aaaaaaaaaaaaaaaaaaaaaaaaaaaaa",
          "administrators": {
            "administratorType": "ActiveDirectory",
            "principalType": "User",
            "login": "aaaaaaaaaaaaaaaaaaaaaaaaa",
            "sid": "00000000-0000-0000-0000-000000000000",
            "tenantId": "00000000-0000-0000-0000-000000000000",
            "azureADOnlyAuthentication": true
          },
          "restrictOutboundNetworkAccess": "Enabled"
        }
      }
    },
    {
      "RequestUri": "https://localhost:8443/subscriptions/00000000-0000-0000-0000-000000000000/resourceGroups/syncgroupcrud-65440/providers/Microsoft.Sql/servers/syncgroupcrud-8475/databases/syncgroupcrud-4328?api-version=2021-02-01-preview",
      "RequestMethod": "PUT",
      "RequestHeaders": {
        "Accept": "application/json",
        "Authorization": "Sanitized",
        "Content-Length": "103",
        "Content-Type": "application/json",
        "User-Agent": "azsdk-net-ResourceManager.Sql/1.0.0-alpha.20211208.1 (.NET Framework 4.8.4300.0; Microsoft Windows 10.0.19044 )",
        "x-ms-client-request-id": "3d2cb84cf94b708c154c65a7afd93ccc",
        "x-ms-return-client-request-id": "true"
      },
      "RequestBody": {
        "sku": {
          "name": "BC",
          "family": "Gen4",
          "capacity": 2
        },
        "tags": {},
        "location": "southeastasia",
        "properties": {}
      },
      "StatusCode": 200,
      "ResponseHeaders": {
        "Connection": "keep-alive",
        "Content-Length": "1912",
        "Content-Type": "application/json; charset=utf-8",
        "Date": "Wed, 08 Dec 2021 07:26:06 GMT",
        "ETag": "W/\u0022778-W7xowJ88kk8ZvD1tzBj\u002BUgKy/OM\u0022",
        "Keep-Alive": "timeout=5",
        "X-Powered-By": "Express"
      },
      "ResponseBody": {
        "id": "/subscriptions/00000000-0000-0000-0000-000000000000/resourceGroups/syncgroupcrud-65440/providers/Microsoft.Sql/servers/syncgroupcrud-8475/databases/syncgroupcrud-4328",
        "name": "syncgroupcrud-4328",
        "type": "aaaaaaaaaaaaa",
        "location": "aaa",
        "tags": {
          "key5028": "aaaaaaaaaaaaaaaaaaaaa"
        },
        "sku": {
          "name": "syncgroupcrud-4328",
          "tier": "aaaaaaaaaaaaaaaaaaaaaaaa",
          "size": "aaaaaaaaaaaaaaaaaaaa",
          "family": "aaaaaaaaaaaaaaaaaaaaaa",
          "capacity": 17
        },
        "kind": "aaaaaaaaaaaaaaaaaaa",
        "managedBy": "aaaa",
        "properties": {
          "createMode": "Default",
          "collation": "aaaaa",
          "maxSizeBytes": 7,
          "sampleName": "AdventureWorksLT",
          "elasticPoolId": "aaaaaaaaaaaaaaaaaaaaa",
          "sourceDatabaseId": "aaaaaaaaaaaaaaaaaaaaa",
          "status": "Online",
          "databaseId": "00000000-0000-0000-0000-000000000000",
          "creationDate": "2021-12-08T07:26:06.416Z",
          "currentServiceObjectiveName": "aaaaaaaaaaa",
          "requestedServiceObjectiveName": "aaaaaaaaaaaaaaaaaaaaa",
          "defaultSecondaryLocation": "aaaaaaaaaaaaaaaaaaaa",
          "failoverGroupId": "aaaaaaaaaaaaaaaaaaaaaaaaaa",
          "restorePointInTime": "2021-12-08T07:26:06.416Z",
          "sourceDatabaseDeletionDate": "2021-12-08T07:26:06.416Z",
          "recoveryServicesRecoveryPointId": "aaaaa",
          "longTermRetentionBackupResourceId": "aaaaaaaaa",
          "recoverableDatabaseId": "aaaaaaaaaaaaaaaa",
          "restorableDroppedDatabaseId": "aaaaaaaaaaa",
          "catalogCollation": "DATABASE_DEFAULT",
          "zoneRedundant": true,
          "licenseType": "LicenseIncluded",
          "maxLogSizeBytes": 10,
          "earliestRestoreDate": "2021-12-08T07:26:06.416Z",
          "readScale": "Enabled",
          "highAvailabilityReplicaCount": 25,
          "secondaryType": "Geo",
          "currentSku": {
            "name": "syncgroupcrud-4328",
            "tier": "aaaaaaaaaaa",
            "size": "aaaaaaaaaa",
            "family": "aaaaaaaaaaaaaaaa",
            "capacity": 6
          },
          "autoPauseDelay": 20,
          "currentBackupStorageRedundancy": "Geo",
          "requestedBackupStorageRedundancy": "Geo",
          "minCapacity": 5,
          "pausedDate": "2021-12-08T07:26:06.416Z",
          "resumedDate": "2021-12-08T07:26:06.416Z",
          "maintenanceConfigurationId": "aaaaaaa",
          "isLedgerOn": true,
          "isInfraEncryptionEnabled": true
        }
      }
    },
    {
      "RequestUri": "https://localhost:8443/subscriptions/00000000-0000-0000-0000-000000000000/resourceGroups/syncgroupcrud-65440/providers/Microsoft.Sql/servers/syncgroupcrud-8475/databases/syncgroupcrud-4328/syncGroups/syncgroupcrud-3187?api-version=2020-11-01-preview",
      "RequestMethod": "GET",
      "RequestHeaders": {
        "Accept": "application/json",
        "Authorization": "Sanitized",
        "User-Agent": "azsdk-net-ResourceManager.Sql/1.0.0-alpha.20211208.1 (.NET Framework 4.8.4300.0; Microsoft Windows 10.0.19044 )",
        "x-ms-client-request-id": "9245848b8b4406ddcc9f1ce71d47e378",
        "x-ms-return-client-request-id": "true"
      },
      "RequestBody": null,
      "StatusCode": 200,
      "ResponseHeaders": {
        "Connection": "keep-alive",
        "Content-Length": "947",
        "Content-Type": "application/json; charset=utf-8",
        "Date": "Wed, 08 Dec 2021 07:26:06 GMT",
        "ETag": "W/\u00223b3-o6pqksPkemeAV5apL6Tk\u002BOk3Vg4\u0022",
        "Keep-Alive": "timeout=5",
        "X-Powered-By": "Express"
      },
      "ResponseBody": {
        "id": "/subscriptions/00000000-0000-0000-0000-000000000000/resourceGroups/syncgroupcrud-65440/providers/Microsoft.Sql/servers/syncgroupcrud-8475/databases/syncgroupcrud-4328/syncGroups/syncgroupcrud-3187",
        "name": "syncgroupcrud-3187",
        "type": "aaaaa",
        "sku": {
          "name": "syncgroupcrud-3187",
          "tier": "aaaaaaaaaaaaa",
          "size": "aaaaaaaaaaaaaaaa",
          "family": "aa",
          "capacity": 20
        },
        "properties": {
          "interval": 6,
          "lastSyncTime": "2021-12-08T07:26:06.424Z",
          "conflictResolutionPolicy": "HubWin",
          "syncDatabaseId": "aaaaaaa",
          "hubDatabaseUserName": "aaaaaaaaaaaaaaaa",
          "hubDatabasePassword": "aaaaaa",
          "syncState": "NotReady",
          "schema": {
            "tables": [
              {
                "columns": [
                  {
                    "quotedName": "aaaaaaaaaaaaaaaaaa",
                    "dataSize": "aaaaaaaaaaaaaaaaaaaaaaaaaa",
                    "dataType": "aaaaaaaaaaaaaaaaaaa"
                  }
                ],
                "quotedName": "aaaaaaaaaaaaaaaaaa"
              }
            ],
            "masterSyncMemberName": "aa"
          },
          "enableConflictLogging": true,
          "conflictLoggingRetentionInDays": 24,
          "usePrivateLinkConnection": true,
          "privateEndpointName": "aaaaaaaaaaaaaaaaaaaaaaaaaaaaa"
        }
      }
    }
  ],
  "Variables": {
    "RandomSeed": "1321051751",
    "RESOURCE_MANAGER_URL": "https://localhost:8443",
    "SUBSCRIPTION_ID": "00000000-0000-0000-0000-000000000000"
  }
}
