{
  "Entries": [
    {
      "RequestUri": "/subscriptions/9dbb02fa-c9d2-4593-967e-ffc99c566c5c/resourcegroups/unitTestingDPSSharedAccessPoliciesListCreateDelete?api-version=2015-11-01",
      "EncodedRequestUri": "L3N1YnNjcmlwdGlvbnMvOWRiYjAyZmEtYzlkMi00NTkzLTk2N2UtZmZjOTljNTY2YzVjL3Jlc291cmNlZ3JvdXBzL3VuaXRUZXN0aW5nRFBTU2hhcmVkQWNjZXNzUG9saWNpZXNMaXN0Q3JlYXRlRGVsZXRlP2FwaS12ZXJzaW9uPTIwMTUtMTEtMDE=",
      "RequestMethod": "PUT",
      "RequestBody": "{\r\n  \"location\": \"WestUS2\"\r\n}",
      "RequestHeaders": {
        "x-ms-client-request-id": [
          "93dc7c3d-a943-4d09-9365-d2316a85c111"
        ],
        "Accept-Language": [
          "en-US"
        ],
        "User-Agent": [
          "FxVersion/4.6.29812.02",
          "OSName/Windows",
          "OSVersion/Microsoft.Windows.10.0.19042.",
          "Microsoft.Azure.Management.Resources.ResourceManagementClient/1.0.0.0"
        ],
        "Content-Type": [
          "application/json; charset=utf-8"
        ],
        "Content-Length": [
          "29"
        ]
      },
      "ResponseHeaders": {
        "Cache-Control": [
          "no-cache"
        ],
        "Pragma": [
          "no-cache"
        ],
        "x-ms-ratelimit-remaining-subscription-writes": [
          "1199"
        ],
        "x-ms-request-id": [
          "d9a4caee-4d34-4e79-9ee7-7d9129f0ba13"
        ],
        "x-ms-correlation-request-id": [
          "d9a4caee-4d34-4e79-9ee7-7d9129f0ba13"
        ],
        "x-ms-routing-request-id": [
          "WESTUS2:20210317T200548Z:d9a4caee-4d34-4e79-9ee7-7d9129f0ba13"
        ],
        "Strict-Transport-Security": [
          "max-age=31536000; includeSubDomains"
        ],
        "X-Content-Type-Options": [
          "nosniff"
        ],
        "Date": [
          "Wed, 17 Mar 2021 20:05:48 GMT"
        ],
        "Content-Length": [
          "254"
        ],
        "Content-Type": [
          "application/json; charset=utf-8"
        ],
        "Expires": [
          "-1"
        ]
      },
      "ResponseBody": "{\r\n  \"id\": \"/subscriptions/9dbb02fa-c9d2-4593-967e-ffc99c566c5c/resourceGroups/unitTestingDPSSharedAccessPoliciesListCreateDelete\",\r\n  \"name\": \"unitTestingDPSSharedAccessPoliciesListCreateDelete\",\r\n  \"location\": \"westus2\",\r\n  \"properties\": {\r\n    \"provisioningState\": \"Succeeded\"\r\n  }\r\n}",
      "StatusCode": 201
    },
    {
      "RequestUri": "/subscriptions/9dbb02fa-c9d2-4593-967e-ffc99c566c5c/providers/Microsoft.Devices/checkProvisioningServiceNameAvailability?api-version=2020-03-01",
      "EncodedRequestUri": "L3N1YnNjcmlwdGlvbnMvOWRiYjAyZmEtYzlkMi00NTkzLTk2N2UtZmZjOTljNTY2YzVjL3Byb3ZpZGVycy9NaWNyb3NvZnQuRGV2aWNlcy9jaGVja1Byb3Zpc2lvbmluZ1NlcnZpY2VOYW1lQXZhaWxhYmlsaXR5P2FwaS12ZXJzaW9uPTIwMjAtMDMtMDE=",
      "RequestMethod": "POST",
      "RequestBody": "{\r\n  \"name\": \"unitTestingDPSSharedAccessPoliciesListCreateDelete\"\r\n}",
      "RequestHeaders": {
        "x-ms-client-request-id": [
          "f3e5195d-c9bc-4a81-a651-0b5cf8114e5e"
        ],
        "Accept-Language": [
          "en-US"
        ],
        "User-Agent": [
          "FxVersion/4.6.29812.02",
          "OSName/Windows",
          "OSVersion/Microsoft.Windows.10.0.19042.",
          "Microsoft.Azure.Management.DeviceProvisioningServices.IotDpsClient/2.0.0.0"
        ],
        "Content-Type": [
          "application/json; charset=utf-8"
        ],
        "Content-Length": [
          "68"
        ]
      },
      "ResponseHeaders": {
        "Cache-Control": [
          "no-cache"
        ],
        "Pragma": [
          "no-cache"
        ],
        "Server": [
          "Microsoft-HTTPAPI/2.0"
        ],
        "x-ms-ratelimit-remaining-subscription-writes": [
          "1199"
        ],
        "x-ms-request-id": [
          "78b30663-db9a-45fe-be9c-362dd6b0d269"
        ],
        "x-ms-correlation-request-id": [
          "78b30663-db9a-45fe-be9c-362dd6b0d269"
        ],
        "x-ms-routing-request-id": [
          "WESTUS2:20210317T200548Z:78b30663-db9a-45fe-be9c-362dd6b0d269"
        ],
        "Strict-Transport-Security": [
          "max-age=31536000; includeSubDomains"
        ],
        "X-Content-Type-Options": [
          "nosniff"
        ],
        "Date": [
          "Wed, 17 Mar 2021 20:05:48 GMT"
        ],
        "Content-Length": [
          "56"
        ],
        "Content-Type": [
          "application/json; charset=utf-8"
        ],
        "Expires": [
          "-1"
        ]
      },
      "ResponseBody": "{\r\n  \"nameAvailable\": true,\r\n  \"reason\": \"Invalid\",\r\n  \"message\": null\r\n}",
      "StatusCode": 200
    },
    {
      "RequestUri": "/subscriptions/9dbb02fa-c9d2-4593-967e-ffc99c566c5c/resourceGroups/unitTestingDPSSharedAccessPoliciesListCreateDelete/providers/Microsoft.Devices/provisioningServices/unitTestingDPSSharedAccessPoliciesListCreateDelete?api-version=2020-03-01",
      "EncodedRequestUri": "L3N1YnNjcmlwdGlvbnMvOWRiYjAyZmEtYzlkMi00NTkzLTk2N2UtZmZjOTljNTY2YzVjL3Jlc291cmNlR3JvdXBzL3VuaXRUZXN0aW5nRFBTU2hhcmVkQWNjZXNzUG9saWNpZXNMaXN0Q3JlYXRlRGVsZXRlL3Byb3ZpZGVycy9NaWNyb3NvZnQuRGV2aWNlcy9wcm92aXNpb25pbmdTZXJ2aWNlcy91bml0VGVzdGluZ0RQU1NoYXJlZEFjY2Vzc1BvbGljaWVzTGlzdENyZWF0ZURlbGV0ZT9hcGktdmVyc2lvbj0yMDIwLTAzLTAx",
      "RequestMethod": "PUT",
      "RequestBody": "{\r\n  \"properties\": {},\r\n  \"sku\": {\r\n    \"name\": \"S1\",\r\n    \"capacity\": 1\r\n  },\r\n  \"location\": \"WestUS2\"\r\n}",
      "RequestHeaders": {
        "x-ms-client-request-id": [
          "3b76ec88-3f6d-4ce6-9032-6bd8e7076e4c"
        ],
        "Accept-Language": [
          "en-US"
        ],
        "User-Agent": [
          "FxVersion/4.6.29812.02",
          "OSName/Windows",
          "OSVersion/Microsoft.Windows.10.0.19042.",
          "Microsoft.Azure.Management.DeviceProvisioningServices.IotDpsClient/2.0.0.0"
        ],
        "Content-Type": [
          "application/json; charset=utf-8"
        ],
        "Content-Length": [
          "106"
        ]
      },
      "ResponseHeaders": {
        "Cache-Control": [
          "no-cache"
        ],
        "Pragma": [
          "no-cache"
        ],
        "Azure-AsyncOperation": [
          "https://management.azure.com/subscriptions/9dbb02fa-c9d2-4593-967e-ffc99c566c5c/resourceGroups/unitTestingDPSSharedAccessPoliciesListCreateDelete/providers/Microsoft.Devices/provisioningServices/unitTestingDPSSharedAccessPoliciesListCreateDelete/operationResults/b3NfaWRfNjczODZkNGMtYTdkYS00OTU3LTg4NmQtM2IyYWJmOTk5YzRl?api-version=2020-03-01&asyncinfo"
        ],
        "Server": [
          "Microsoft-HTTPAPI/2.0"
        ],
        "x-ms-ratelimit-remaining-subscription-resource-requests": [
          "4999"
        ],
        "x-ms-request-id": [
          "a6b9aed2-ccc8-4587-b9c7-7cd02510fe66"
        ],
        "x-ms-correlation-request-id": [
          "a6b9aed2-ccc8-4587-b9c7-7cd02510fe66"
        ],
        "x-ms-routing-request-id": [
          "WESTUS2:20210317T200550Z:a6b9aed2-ccc8-4587-b9c7-7cd02510fe66"
        ],
        "Strict-Transport-Security": [
          "max-age=31536000; includeSubDomains"
        ],
        "X-Content-Type-Options": [
          "nosniff"
        ],
        "Date": [
          "Wed, 17 Mar 2021 20:05:50 GMT"
        ],
        "Content-Length": [
          "651"
        ],
        "Content-Type": [
          "application/json; charset=utf-8"
        ],
        "Expires": [
          "-1"
        ]
      },
      "ResponseBody": "{\r\n  \"name\": \"unitTestingDPSSharedAccessPoliciesListCreateDelete\",\r\n  \"location\": \"WestUS2\",\r\n  \"properties\": {\r\n    \"state\": \"Activating\",\r\n    \"provisioningState\": \"Accepted\",\r\n    \"allocationPolicy\": \"Hashed\",\r\n    \"idScope\": null\r\n  },\r\n  \"resourcegroup\": \"unitTestingDPSSharedAccessPoliciesListCreateDelete\",\r\n  \"type\": \"Microsoft.Devices/provisioningServices\",\r\n  \"id\": \"/subscriptions/9dbb02fa-c9d2-4593-967e-ffc99c566c5c/resourceGroups/unitTestingDPSSharedAccessPoliciesListCreateDelete/providers/Microsoft.Devices/provisioningServices/unitTestingDPSSharedAccessPoliciesListCreateDelete\",\r\n  \"subscriptionid\": \"9dbb02fa-c9d2-4593-967e-ffc99c566c5c\",\r\n  \"tags\": {},\r\n  \"sku\": {\r\n    \"name\": \"S1\",\r\n    \"tier\": \"Standard\",\r\n    \"capacity\": 1\r\n  }\r\n}",
      "StatusCode": 201
    },
    {
      "RequestUri": "/subscriptions/9dbb02fa-c9d2-4593-967e-ffc99c566c5c/resourceGroups/unitTestingDPSSharedAccessPoliciesListCreateDelete/providers/Microsoft.Devices/provisioningServices/unitTestingDPSSharedAccessPoliciesListCreateDelete?api-version=2020-03-01",
      "EncodedRequestUri": "L3N1YnNjcmlwdGlvbnMvOWRiYjAyZmEtYzlkMi00NTkzLTk2N2UtZmZjOTljNTY2YzVjL3Jlc291cmNlR3JvdXBzL3VuaXRUZXN0aW5nRFBTU2hhcmVkQWNjZXNzUG9saWNpZXNMaXN0Q3JlYXRlRGVsZXRlL3Byb3ZpZGVycy9NaWNyb3NvZnQuRGV2aWNlcy9wcm92aXNpb25pbmdTZXJ2aWNlcy91bml0VGVzdGluZ0RQU1NoYXJlZEFjY2Vzc1BvbGljaWVzTGlzdENyZWF0ZURlbGV0ZT9hcGktdmVyc2lvbj0yMDIwLTAzLTAx",
      "RequestMethod": "PUT",
      "RequestBody": "{\r\n  \"etag\": \"AAAAAAeHdtc=\",\r\n  \"properties\": {\r\n    \"state\": \"Active\",\r\n    \"provisioningState\": \"Succeeded\",\r\n    \"iotHubs\": [],\r\n    \"allocationPolicy\": \"Hashed\",\r\n    \"authorizationPolicies\": [\r\n      {\r\n        \"keyName\": \"provisioningserviceowner\",\r\n        \"primaryKey\": \"LsL/DieixMH8ZMheRgNFLfb+okPvngj5Pchv7kqsZGE=\",\r\n        \"secondaryKey\": \"2IGw+vsYBUzE70Xlur0sIWJRwElWqgka+wKgnCktddU=\",\r\n        \"rights\": \"ServiceConfig, DeviceConnect, EnrollmentWrite\"\r\n      },\r\n      {\r\n        \"keyName\": \"unitTestingDPSSharedAccessPoliciesListCreateDelete\",\r\n        \"rights\": \"RegistrationStatusWrite\"\r\n      }\r\n    ]\r\n  },\r\n  \"sku\": {\r\n    \"name\": \"S1\",\r\n    \"capacity\": 1\r\n  },\r\n  \"location\": \"WestUS2\",\r\n  \"tags\": {}\r\n}",
      "RequestHeaders": {
        "x-ms-client-request-id": [
          "6e68105f-1cd7-46de-8b1b-6bce664e7db7"
        ],
        "Accept-Language": [
          "en-US"
        ],
        "User-Agent": [
          "FxVersion/4.6.29812.02",
          "OSName/Windows",
          "OSVersion/Microsoft.Windows.10.0.19042.",
          "Microsoft.Azure.Management.DeviceProvisioningServices.IotDpsClient/2.0.0.0"
        ],
        "Content-Type": [
          "application/json; charset=utf-8"
        ],
        "Content-Length": [
          "724"
        ]
      },
      "ResponseHeaders": {
        "Cache-Control": [
          "no-cache"
        ],
        "Pragma": [
          "no-cache"
        ],
        "Azure-AsyncOperation": [
          "https://management.azure.com/subscriptions/9dbb02fa-c9d2-4593-967e-ffc99c566c5c/resourceGroups/unitTestingDPSSharedAccessPoliciesListCreateDelete/providers/Microsoft.Devices/provisioningServices/unitTestingDPSSharedAccessPoliciesListCreateDelete/operationResults/b3NfaWRfMmQ4OTRlMzYtZjRlYy00MGFmLWE1OGYtYmUxMDA2MjFmOTE1?api-version=2020-03-01&asyncinfo"
        ],
        "Server": [
          "Microsoft-HTTPAPI/2.0"
        ],
        "x-ms-ratelimit-remaining-subscription-resource-requests": [
          "4998"
        ],
        "x-ms-request-id": [
          "76298499-82fb-4558-8549-7be39aacac63"
        ],
        "x-ms-correlation-request-id": [
          "76298499-82fb-4558-8549-7be39aacac63"
        ],
        "x-ms-routing-request-id": [
          "WESTUS2:20210317T200623Z:76298499-82fb-4558-8549-7be39aacac63"
        ],
        "Strict-Transport-Security": [
          "max-age=31536000; includeSubDomains"
        ],
        "X-Content-Type-Options": [
          "nosniff"
        ],
        "Date": [
          "Wed, 17 Mar 2021 20:06:23 GMT"
        ],
        "Content-Length": [
          "1155"
        ],
        "Content-Type": [
          "application/json; charset=utf-8"
        ],
        "Expires": [
          "-1"
        ]
      },
      "ResponseBody": "{\r\n  \"etag\": \"AAAAAAeHdtc=\",\r\n  \"name\": \"unitTestingDPSSharedAccessPoliciesListCreateDelete\",\r\n  \"location\": \"WestUS2\",\r\n  \"properties\": {\r\n    \"state\": \"Transitioning\",\r\n    \"provisioningState\": \"Accepted\",\r\n    \"iotHubs\": [],\r\n    \"allocationPolicy\": \"Hashed\",\r\n    \"idScope\": null,\r\n    \"authorizationPolicies\": [\r\n      {\r\n        \"keyName\": \"provisioningserviceowner\",\r\n        \"primaryKey\": \"LsL/DieixMH8ZMheRgNFLfb+okPvngj5Pchv7kqsZGE=\",\r\n        \"secondaryKey\": \"2IGw+vsYBUzE70Xlur0sIWJRwElWqgka+wKgnCktddU=\",\r\n        \"rights\": \"ServiceConfig, DeviceConnect, EnrollmentWrite\"\r\n      },\r\n      {\r\n        \"keyName\": \"unitTestingDPSSharedAccessPoliciesListCreateDelete\",\r\n        \"primaryKey\": \"v/msxMsrJaG0ZCv4bxfoU1E63C3TQ7pr1D0bNNjIJY8=\",\r\n        \"secondaryKey\": \"u5CvZMIMCSLSCkDyeB4IpCKw9zyPSVbkhb931+CKxlk=\",\r\n        \"rights\": \"RegistrationStatusWrite\"\r\n      }\r\n    ]\r\n  },\r\n  \"resourcegroup\": \"unitTestingDPSSharedAccessPoliciesListCreateDelete\",\r\n  \"type\": \"Microsoft.Devices/provisioningServices\",\r\n  \"id\": \"/subscriptions/9dbb02fa-c9d2-4593-967e-ffc99c566c5c/resourceGroups/unitTestingDPSSharedAccessPoliciesListCreateDelete/providers/Microsoft.Devices/provisioningServices/unitTestingDPSSharedAccessPoliciesListCreateDelete\",\r\n  \"subscriptionid\": \"9dbb02fa-c9d2-4593-967e-ffc99c566c5c\",\r\n  \"tags\": {},\r\n  \"sku\": {\r\n    \"name\": \"S1\",\r\n    \"tier\": \"Standard\",\r\n    \"capacity\": 1\r\n  }\r\n}",
      "StatusCode": 201
    },
    {
      "RequestUri": "/subscriptions/9dbb02fa-c9d2-4593-967e-ffc99c566c5c/resourceGroups/unitTestingDPSSharedAccessPoliciesListCreateDelete/providers/Microsoft.Devices/provisioningServices/unitTestingDPSSharedAccessPoliciesListCreateDelete?api-version=2020-03-01",
      "EncodedRequestUri": "L3N1YnNjcmlwdGlvbnMvOWRiYjAyZmEtYzlkMi00NTkzLTk2N2UtZmZjOTljNTY2YzVjL3Jlc291cmNlR3JvdXBzL3VuaXRUZXN0aW5nRFBTU2hhcmVkQWNjZXNzUG9saWNpZXNMaXN0Q3JlYXRlRGVsZXRlL3Byb3ZpZGVycy9NaWNyb3NvZnQuRGV2aWNlcy9wcm92aXNpb25pbmdTZXJ2aWNlcy91bml0VGVzdGluZ0RQU1NoYXJlZEFjY2Vzc1BvbGljaWVzTGlzdENyZWF0ZURlbGV0ZT9hcGktdmVyc2lvbj0yMDIwLTAzLTAx",
      "RequestMethod": "PUT",
      "RequestBody": "{\r\n  \"etag\": \"AAAAAAeHdtc=\",\r\n  \"properties\": {\r\n    \"state\": \"Active\",\r\n    \"provisioningState\": \"Succeeded\",\r\n    \"iotHubs\": [],\r\n    \"allocationPolicy\": \"Hashed\",\r\n    \"authorizationPolicies\": [\r\n      {\r\n        \"keyName\": \"provisioningserviceowner\",\r\n        \"primaryKey\": \"LsL/DieixMH8ZMheRgNFLfb+okPvngj5Pchv7kqsZGE=\",\r\n        \"secondaryKey\": \"2IGw+vsYBUzE70Xlur0sIWJRwElWqgka+wKgnCktddU=\",\r\n        \"rights\": \"ServiceConfig, DeviceConnect, EnrollmentWrite\"\r\n      }\r\n    ]\r\n  },\r\n  \"sku\": {\r\n    \"name\": \"S1\",\r\n    \"capacity\": 1\r\n  },\r\n  \"location\": \"WestUS2\",\r\n  \"tags\": {}\r\n}",
      "RequestHeaders": {
        "x-ms-client-request-id": [
          "96796185-da19-4459-bd87-23fe4d499604"
        ],
        "Accept-Language": [
          "en-US"
        ],
        "User-Agent": [
          "FxVersion/4.6.29812.02",
          "OSName/Windows",
          "OSVersion/Microsoft.Windows.10.0.19042.",
          "Microsoft.Azure.Management.DeviceProvisioningServices.IotDpsClient/2.0.0.0"
        ],
        "Content-Type": [
          "application/json; charset=utf-8"
        ],
        "Content-Length": [
          "586"
        ]
      },
      "ResponseHeaders": {
        "Cache-Control": [
          "no-cache"
        ],
        "Pragma": [
          "no-cache"
        ],
        "Azure-AsyncOperation": [
          "https://management.azure.com/subscriptions/9dbb02fa-c9d2-4593-967e-ffc99c566c5c/resourceGroups/unitTestingDPSSharedAccessPoliciesListCreateDelete/providers/Microsoft.Devices/provisioningServices/unitTestingDPSSharedAccessPoliciesListCreateDelete/operationResults/b3NfaWRfMWRmYjFlYmEtOTNkYS00YzgyLThkYTEtODY4ZTE3NmU3N2Nl?api-version=2020-03-01&asyncinfo"
        ],
        "Server": [
          "Microsoft-HTTPAPI/2.0"
        ],
        "x-ms-ratelimit-remaining-subscription-resource-requests": [
          "4997"
        ],
        "x-ms-request-id": [
          "5d9f989c-c4e3-49db-ac25-d5a41d54c7a0"
        ],
        "x-ms-correlation-request-id": [
          "5d9f989c-c4e3-49db-ac25-d5a41d54c7a0"
        ],
        "x-ms-routing-request-id": [
          "WESTUS2:20210317T200655Z:5d9f989c-c4e3-49db-ac25-d5a41d54c7a0"
        ],
        "Strict-Transport-Security": [
          "max-age=31536000; includeSubDomains"
        ],
        "X-Content-Type-Options": [
          "nosniff"
        ],
        "Date": [
          "Wed, 17 Mar 2021 20:06:55 GMT"
        ],
        "Content-Length": [
          "933"
        ],
        "Content-Type": [
          "application/json; charset=utf-8"
        ],
        "Expires": [
          "-1"
        ]
      },
      "ResponseBody": "{\r\n  \"etag\": \"AAAAAAeHdtc=\",\r\n  \"name\": \"unitTestingDPSSharedAccessPoliciesListCreateDelete\",\r\n  \"location\": \"WestUS2\",\r\n  \"properties\": {\r\n    \"state\": \"Transitioning\",\r\n    \"provisioningState\": \"Accepted\",\r\n    \"iotHubs\": [],\r\n    \"allocationPolicy\": \"Hashed\",\r\n    \"idScope\": null,\r\n    \"authorizationPolicies\": [\r\n      {\r\n        \"keyName\": \"provisioningserviceowner\",\r\n        \"primaryKey\": \"LsL/DieixMH8ZMheRgNFLfb+okPvngj5Pchv7kqsZGE=\",\r\n        \"secondaryKey\": \"2IGw+vsYBUzE70Xlur0sIWJRwElWqgka+wKgnCktddU=\",\r\n        \"rights\": \"ServiceConfig, DeviceConnect, EnrollmentWrite\"\r\n      }\r\n    ]\r\n  },\r\n  \"resourcegroup\": \"unitTestingDPSSharedAccessPoliciesListCreateDelete\",\r\n  \"type\": \"Microsoft.Devices/provisioningServices\",\r\n  \"id\": \"/subscriptions/9dbb02fa-c9d2-4593-967e-ffc99c566c5c/resourceGroups/unitTestingDPSSharedAccessPoliciesListCreateDelete/providers/Microsoft.Devices/provisioningServices/unitTestingDPSSharedAccessPoliciesListCreateDelete\",\r\n  \"subscriptionid\": \"9dbb02fa-c9d2-4593-967e-ffc99c566c5c\",\r\n  \"tags\": {},\r\n  \"sku\": {\r\n    \"name\": \"S1\",\r\n    \"tier\": \"Standard\",\r\n    \"capacity\": 1\r\n  }\r\n}",
      "StatusCode": 201
    },
    {
      "RequestUri": "/subscriptions/9dbb02fa-c9d2-4593-967e-ffc99c566c5c/resourceGroups/unitTestingDPSSharedAccessPoliciesListCreateDelete/providers/Microsoft.Devices/provisioningServices/unitTestingDPSSharedAccessPoliciesListCreateDelete/operationResults/b3NfaWRfNjczODZkNGMtYTdkYS00OTU3LTg4NmQtM2IyYWJmOTk5YzRl?api-version=2020-03-01&asyncinfo",
      "EncodedRequestUri": "L3N1YnNjcmlwdGlvbnMvOWRiYjAyZmEtYzlkMi00NTkzLTk2N2UtZmZjOTljNTY2YzVjL3Jlc291cmNlR3JvdXBzL3VuaXRUZXN0aW5nRFBTU2hhcmVkQWNjZXNzUG9saWNpZXNMaXN0Q3JlYXRlRGVsZXRlL3Byb3ZpZGVycy9NaWNyb3NvZnQuRGV2aWNlcy9wcm92aXNpb25pbmdTZXJ2aWNlcy91bml0VGVzdGluZ0RQU1NoYXJlZEFjY2Vzc1BvbGljaWVzTGlzdENyZWF0ZURlbGV0ZS9vcGVyYXRpb25SZXN1bHRzL2IzTmZhV1JmTmpjek9EWmtOR010WVRka1lTMDBPVFUzTFRnNE5tUXRNMkl5WVdKbU9UazVZelJsP2FwaS12ZXJzaW9uPTIwMjAtMDMtMDEmYXN5bmNpbmZv",
      "RequestMethod": "GET",
      "RequestBody": "",
      "RequestHeaders": {
        "User-Agent": [
          "FxVersion/4.6.29812.02",
          "OSName/Windows",
          "OSVersion/Microsoft.Windows.10.0.19042.",
          "Microsoft.Azure.Management.DeviceProvisioningServices.IotDpsClient/2.0.0.0"
        ]
      },
      "ResponseHeaders": {
        "Cache-Control": [
          "no-cache"
        ],
        "Pragma": [
          "no-cache"
        ],
        "Server": [
          "Microsoft-HTTPAPI/2.0"
        ],
        "x-ms-ratelimit-remaining-subscription-reads": [
          "11999"
        ],
        "x-ms-request-id": [
          "bf6bcb79-ebbe-4929-97ba-1305e8673424"
        ],
        "x-ms-correlation-request-id": [
          "bf6bcb79-ebbe-4929-97ba-1305e8673424"
        ],
        "x-ms-routing-request-id": [
          "WESTUS2:20210317T200621Z:bf6bcb79-ebbe-4929-97ba-1305e8673424"
        ],
        "Strict-Transport-Security": [
          "max-age=31536000; includeSubDomains"
        ],
        "X-Content-Type-Options": [
          "nosniff"
        ],
        "Date": [
          "Wed, 17 Mar 2021 20:06:20 GMT"
        ],
        "Content-Length": [
          "22"
        ],
        "Content-Type": [
          "application/json; charset=utf-8"
        ],
        "Expires": [
          "-1"
        ]
      },
      "ResponseBody": "{\r\n  \"status\": \"Succeeded\"\r\n}",
      "StatusCode": 200
    },
    {
      "RequestUri": "/subscriptions/9dbb02fa-c9d2-4593-967e-ffc99c566c5c/resourceGroups/unitTestingDPSSharedAccessPoliciesListCreateDelete/providers/Microsoft.Devices/provisioningServices/unitTestingDPSSharedAccessPoliciesListCreateDelete?api-version=2020-03-01",
      "EncodedRequestUri": "L3N1YnNjcmlwdGlvbnMvOWRiYjAyZmEtYzlkMi00NTkzLTk2N2UtZmZjOTljNTY2YzVjL3Jlc291cmNlR3JvdXBzL3VuaXRUZXN0aW5nRFBTU2hhcmVkQWNjZXNzUG9saWNpZXNMaXN0Q3JlYXRlRGVsZXRlL3Byb3ZpZGVycy9NaWNyb3NvZnQuRGV2aWNlcy9wcm92aXNpb25pbmdTZXJ2aWNlcy91bml0VGVzdGluZ0RQU1NoYXJlZEFjY2Vzc1BvbGljaWVzTGlzdENyZWF0ZURlbGV0ZT9hcGktdmVyc2lvbj0yMDIwLTAzLTAx",
      "RequestMethod": "GET",
      "RequestBody": "",
      "RequestHeaders": {
        "User-Agent": [
          "FxVersion/4.6.29812.02",
          "OSName/Windows",
          "OSVersion/Microsoft.Windows.10.0.19042.",
          "Microsoft.Azure.Management.DeviceProvisioningServices.IotDpsClient/2.0.0.0"
        ]
      },
      "ResponseHeaders": {
        "Cache-Control": [
          "no-cache"
        ],
        "Pragma": [
          "no-cache"
        ],
        "Server": [
          "Microsoft-HTTPAPI/2.0"
        ],
        "x-ms-ratelimit-remaining-subscription-reads": [
          "11998"
        ],
        "x-ms-request-id": [
          "01251dfc-d5c3-4030-a74f-f2101f2d66f7"
        ],
        "x-ms-correlation-request-id": [
          "01251dfc-d5c3-4030-a74f-f2101f2d66f7"
        ],
        "x-ms-routing-request-id": [
          "WESTUS2:20210317T200621Z:01251dfc-d5c3-4030-a74f-f2101f2d66f7"
        ],
        "Strict-Transport-Security": [
          "max-age=31536000; includeSubDomains"
        ],
        "X-Content-Type-Options": [
          "nosniff"
        ],
        "Date": [
          "Wed, 17 Mar 2021 20:06:21 GMT"
        ],
        "Content-Length": [
          "873"
        ],
        "Content-Type": [
          "application/json; charset=utf-8"
        ],
        "Expires": [
          "-1"
        ]
      },
      "ResponseBody": "{\r\n  \"etag\": \"AAAAAAeHdtc=\",\r\n  \"name\": \"unitTestingDPSSharedAccessPoliciesListCreateDelete\",\r\n  \"location\": \"WestUS2\",\r\n  \"properties\": {\r\n    \"state\": \"Active\",\r\n    \"provisioningState\": \"Succeeded\",\r\n    \"iotHubs\": [],\r\n    \"allocationPolicy\": \"Hashed\",\r\n    \"serviceOperationsHostName\": \"unitTestingDPSSharedAccessPoliciesListCreateDelete.azure-devices-provisioning.net\",\r\n    \"deviceProvisioningHostName\": \"global.azure-devices-provisioning.net\",\r\n    \"idScope\": \"0ne00258D97\"\r\n  },\r\n  \"resourcegroup\": \"unitTestingDPSSharedAccessPoliciesListCreateDelete\",\r\n  \"type\": \"Microsoft.Devices/provisioningServices\",\r\n  \"id\": \"/subscriptions/9dbb02fa-c9d2-4593-967e-ffc99c566c5c/resourceGroups/unitTestingDPSSharedAccessPoliciesListCreateDelete/providers/Microsoft.Devices/provisioningServices/unitTestingDPSSharedAccessPoliciesListCreateDelete\",\r\n  \"subscriptionid\": \"9dbb02fa-c9d2-4593-967e-ffc99c566c5c\",\r\n  \"tags\": {},\r\n  \"sku\": {\r\n    \"name\": \"S1\",\r\n    \"tier\": \"Standard\",\r\n    \"capacity\": 1\r\n  }\r\n}",
      "StatusCode": 200
    },
    {
      "RequestUri": "/subscriptions/9dbb02fa-c9d2-4593-967e-ffc99c566c5c/resourceGroups/unitTestingDPSSharedAccessPoliciesListCreateDelete/providers/Microsoft.Devices/provisioningServices/unitTestingDPSSharedAccessPoliciesListCreateDelete?api-version=2020-03-01",
      "EncodedRequestUri": "L3N1YnNjcmlwdGlvbnMvOWRiYjAyZmEtYzlkMi00NTkzLTk2N2UtZmZjOTljNTY2YzVjL3Jlc291cmNlR3JvdXBzL3VuaXRUZXN0aW5nRFBTU2hhcmVkQWNjZXNzUG9saWNpZXNMaXN0Q3JlYXRlRGVsZXRlL3Byb3ZpZGVycy9NaWNyb3NvZnQuRGV2aWNlcy9wcm92aXNpb25pbmdTZXJ2aWNlcy91bml0VGVzdGluZ0RQU1NoYXJlZEFjY2Vzc1BvbGljaWVzTGlzdENyZWF0ZURlbGV0ZT9hcGktdmVyc2lvbj0yMDIwLTAzLTAx",
      "RequestMethod": "GET",
      "RequestBody": "",
      "RequestHeaders": {
        "User-Agent": [
          "FxVersion/4.6.29812.02",
          "OSName/Windows",
          "OSVersion/Microsoft.Windows.10.0.19042.",
          "Microsoft.Azure.Management.DeviceProvisioningServices.IotDpsClient/2.0.0.0"
        ]
      },
      "ResponseHeaders": {
        "Cache-Control": [
          "no-cache"
        ],
        "Pragma": [
          "no-cache"
        ],
        "Server": [
          "Microsoft-HTTPAPI/2.0"
        ],
        "x-ms-ratelimit-remaining-subscription-reads": [
          "11996"
        ],
        "x-ms-request-id": [
          "9b4e1712-32f8-41b2-a189-6cb66ba98394"
        ],
        "x-ms-correlation-request-id": [
          "9b4e1712-32f8-41b2-a189-6cb66ba98394"
        ],
        "x-ms-routing-request-id": [
          "WESTUS2:20210317T200654Z:9b4e1712-32f8-41b2-a189-6cb66ba98394"
        ],
        "Strict-Transport-Security": [
          "max-age=31536000; includeSubDomains"
        ],
        "X-Content-Type-Options": [
          "nosniff"
        ],
        "Date": [
          "Wed, 17 Mar 2021 20:06:53 GMT"
        ],
        "Content-Length": [
          "873"
        ],
        "Content-Type": [
          "application/json; charset=utf-8"
        ],
        "Expires": [
          "-1"
        ]
      },
      "ResponseBody": "{\r\n  \"etag\": \"AAAAAAeHdx0=\",\r\n  \"name\": \"unitTestingDPSSharedAccessPoliciesListCreateDelete\",\r\n  \"location\": \"WestUS2\",\r\n  \"properties\": {\r\n    \"state\": \"Active\",\r\n    \"provisioningState\": \"Succeeded\",\r\n    \"iotHubs\": [],\r\n    \"allocationPolicy\": \"Hashed\",\r\n    \"serviceOperationsHostName\": \"unitTestingDPSSharedAccessPoliciesListCreateDelete.azure-devices-provisioning.net\",\r\n    \"deviceProvisioningHostName\": \"global.azure-devices-provisioning.net\",\r\n    \"idScope\": \"0ne00258D97\"\r\n  },\r\n  \"resourcegroup\": \"unitTestingDPSSharedAccessPoliciesListCreateDelete\",\r\n  \"type\": \"Microsoft.Devices/provisioningServices\",\r\n  \"id\": \"/subscriptions/9dbb02fa-c9d2-4593-967e-ffc99c566c5c/resourceGroups/unitTestingDPSSharedAccessPoliciesListCreateDelete/providers/Microsoft.Devices/provisioningServices/unitTestingDPSSharedAccessPoliciesListCreateDelete\",\r\n  \"subscriptionid\": \"9dbb02fa-c9d2-4593-967e-ffc99c566c5c\",\r\n  \"tags\": {},\r\n  \"sku\": {\r\n    \"name\": \"S1\",\r\n    \"tier\": \"Standard\",\r\n    \"capacity\": 1\r\n  }\r\n}",
      "StatusCode": 200
    },
    {
      "RequestUri": "/subscriptions/9dbb02fa-c9d2-4593-967e-ffc99c566c5c/resourceGroups/unitTestingDPSSharedAccessPoliciesListCreateDelete/providers/Microsoft.Devices/provisioningServices/unitTestingDPSSharedAccessPoliciesListCreateDelete?api-version=2020-03-01",
      "EncodedRequestUri": "L3N1YnNjcmlwdGlvbnMvOWRiYjAyZmEtYzlkMi00NTkzLTk2N2UtZmZjOTljNTY2YzVjL3Jlc291cmNlR3JvdXBzL3VuaXRUZXN0aW5nRFBTU2hhcmVkQWNjZXNzUG9saWNpZXNMaXN0Q3JlYXRlRGVsZXRlL3Byb3ZpZGVycy9NaWNyb3NvZnQuRGV2aWNlcy9wcm92aXNpb25pbmdTZXJ2aWNlcy91bml0VGVzdGluZ0RQU1NoYXJlZEFjY2Vzc1BvbGljaWVzTGlzdENyZWF0ZURlbGV0ZT9hcGktdmVyc2lvbj0yMDIwLTAzLTAx",
      "RequestMethod": "GET",
      "RequestBody": "",
      "RequestHeaders": {
        "User-Agent": [
          "FxVersion/4.6.29812.02",
          "OSName/Windows",
          "OSVersion/Microsoft.Windows.10.0.19042.",
          "Microsoft.Azure.Management.DeviceProvisioningServices.IotDpsClient/2.0.0.0"
        ]
      },
      "ResponseHeaders": {
        "Cache-Control": [
          "no-cache"
        ],
        "Pragma": [
          "no-cache"
        ],
        "Server": [
          "Microsoft-HTTPAPI/2.0"
        ],
        "x-ms-ratelimit-remaining-subscription-reads": [
          "11994"
        ],
        "x-ms-request-id": [
          "c9ade45c-066d-4b79-ace1-b0762f737ff3"
        ],
        "x-ms-correlation-request-id": [
          "c9ade45c-066d-4b79-ace1-b0762f737ff3"
        ],
        "x-ms-routing-request-id": [
          "WESTUS2:20210317T200726Z:c9ade45c-066d-4b79-ace1-b0762f737ff3"
        ],
        "Strict-Transport-Security": [
          "max-age=31536000; includeSubDomains"
        ],
        "X-Content-Type-Options": [
          "nosniff"
        ],
        "Date": [
          "Wed, 17 Mar 2021 20:07:25 GMT"
        ],
        "Content-Length": [
          "873"
        ],
        "Content-Type": [
          "application/json; charset=utf-8"
        ],
        "Expires": [
          "-1"
        ]
      },
      "ResponseBody": "{\r\n  \"etag\": \"AAAAAAeHd4k=\",\r\n  \"name\": \"unitTestingDPSSharedAccessPoliciesListCreateDelete\",\r\n  \"location\": \"WestUS2\",\r\n  \"properties\": {\r\n    \"state\": \"Active\",\r\n    \"provisioningState\": \"Succeeded\",\r\n    \"iotHubs\": [],\r\n    \"allocationPolicy\": \"Hashed\",\r\n    \"serviceOperationsHostName\": \"unitTestingDPSSharedAccessPoliciesListCreateDelete.azure-devices-provisioning.net\",\r\n    \"deviceProvisioningHostName\": \"global.azure-devices-provisioning.net\",\r\n    \"idScope\": \"0ne00258D97\"\r\n  },\r\n  \"resourcegroup\": \"unitTestingDPSSharedAccessPoliciesListCreateDelete\",\r\n  \"type\": \"Microsoft.Devices/provisioningServices\",\r\n  \"id\": \"/subscriptions/9dbb02fa-c9d2-4593-967e-ffc99c566c5c/resourceGroups/unitTestingDPSSharedAccessPoliciesListCreateDelete/providers/Microsoft.Devices/provisioningServices/unitTestingDPSSharedAccessPoliciesListCreateDelete\",\r\n  \"subscriptionid\": \"9dbb02fa-c9d2-4593-967e-ffc99c566c5c\",\r\n  \"tags\": {},\r\n  \"sku\": {\r\n    \"name\": \"S1\",\r\n    \"tier\": \"Standard\",\r\n    \"capacity\": 1\r\n  }\r\n}",
      "StatusCode": 200
    },
    {
      "RequestUri": "/subscriptions/9dbb02fa-c9d2-4593-967e-ffc99c566c5c/resourceGroups/unitTestingDPSSharedAccessPoliciesListCreateDelete/providers/Microsoft.Devices/provisioningServices/unitTestingDPSSharedAccessPoliciesListCreateDelete/keys/provisioningserviceowner/listkeys?api-version=2020-03-01",
      "EncodedRequestUri": "L3N1YnNjcmlwdGlvbnMvOWRiYjAyZmEtYzlkMi00NTkzLTk2N2UtZmZjOTljNTY2YzVjL3Jlc291cmNlR3JvdXBzL3VuaXRUZXN0aW5nRFBTU2hhcmVkQWNjZXNzUG9saWNpZXNMaXN0Q3JlYXRlRGVsZXRlL3Byb3ZpZGVycy9NaWNyb3NvZnQuRGV2aWNlcy9wcm92aXNpb25pbmdTZXJ2aWNlcy91bml0VGVzdGluZ0RQU1NoYXJlZEFjY2Vzc1BvbGljaWVzTGlzdENyZWF0ZURlbGV0ZS9rZXlzL3Byb3Zpc2lvbmluZ3NlcnZpY2Vvd25lci9saXN0a2V5cz9hcGktdmVyc2lvbj0yMDIwLTAzLTAx",
      "RequestMethod": "POST",
      "RequestBody": "",
      "RequestHeaders": {
        "x-ms-client-request-id": [
          "ea41312f-de14-4f64-bc6a-33d0cec59e1d"
        ],
        "Accept-Language": [
          "en-US"
        ],
        "User-Agent": [
          "FxVersion/4.6.29812.02",
          "OSName/Windows",
          "OSVersion/Microsoft.Windows.10.0.19042.",
          "Microsoft.Azure.Management.DeviceProvisioningServices.IotDpsClient/2.0.0.0"
        ]
      },
      "ResponseHeaders": {
        "Cache-Control": [
          "no-cache"
        ],
        "Pragma": [
          "no-cache"
        ],
        "Server": [
          "Microsoft-HTTPAPI/2.0"
        ],
        "x-ms-ratelimit-remaining-subscription-writes": [
          "1198"
        ],
        "x-ms-request-id": [
          "05e764b3-652a-43eb-9081-a35d34a39456"
        ],
        "x-ms-correlation-request-id": [
          "05e764b3-652a-43eb-9081-a35d34a39456"
        ],
        "x-ms-routing-request-id": [
          "WESTUS2:20210317T200621Z:05e764b3-652a-43eb-9081-a35d34a39456"
        ],
        "Strict-Transport-Security": [
          "max-age=31536000; includeSubDomains"
        ],
        "X-Content-Type-Options": [
          "nosniff"
        ],
        "Date": [
          "Wed, 17 Mar 2021 20:06:21 GMT"
        ],
        "Content-Length": [
          "217"
        ],
        "Content-Type": [
          "application/json; charset=utf-8"
        ],
        "Expires": [
          "-1"
        ]
      },
      "ResponseBody": "{\r\n  \"keyName\": \"provisioningserviceowner\",\r\n  \"primaryKey\": \"LsL/DieixMH8ZMheRgNFLfb+okPvngj5Pchv7kqsZGE=\",\r\n  \"secondaryKey\": \"2IGw+vsYBUzE70Xlur0sIWJRwElWqgka+wKgnCktddU=\",\r\n  \"rights\": \"ServiceConfig, DeviceConnect, EnrollmentWrite\"\r\n}",
      "StatusCode": 200
    },
    {
      "RequestUri": "/subscriptions/9dbb02fa-c9d2-4593-967e-ffc99c566c5c/resourceGroups/unitTestingDPSSharedAccessPoliciesListCreateDelete/providers/Microsoft.Devices/provisioningServices/unitTestingDPSSharedAccessPoliciesListCreateDelete/keys/unitTestingDPSSharedAccessPoliciesListCreateDelete/listkeys?api-version=2020-03-01",
      "EncodedRequestUri": "L3N1YnNjcmlwdGlvbnMvOWRiYjAyZmEtYzlkMi00NTkzLTk2N2UtZmZjOTljNTY2YzVjL3Jlc291cmNlR3JvdXBzL3VuaXRUZXN0aW5nRFBTU2hhcmVkQWNjZXNzUG9saWNpZXNMaXN0Q3JlYXRlRGVsZXRlL3Byb3ZpZGVycy9NaWNyb3NvZnQuRGV2aWNlcy9wcm92aXNpb25pbmdTZXJ2aWNlcy91bml0VGVzdGluZ0RQU1NoYXJlZEFjY2Vzc1BvbGljaWVzTGlzdENyZWF0ZURlbGV0ZS9rZXlzL3VuaXRUZXN0aW5nRFBTU2hhcmVkQWNjZXNzUG9saWNpZXNMaXN0Q3JlYXRlRGVsZXRlL2xpc3RrZXlzP2FwaS12ZXJzaW9uPTIwMjAtMDMtMDE=",
      "RequestMethod": "POST",
      "RequestBody": "",
      "RequestHeaders": {
        "x-ms-client-request-id": [
          "7df44b09-1999-4b9c-ba37-98a5e034cbbf"
        ],
        "Accept-Language": [
          "en-US"
        ],
        "User-Agent": [
          "FxVersion/4.6.29812.02",
          "OSName/Windows",
          "OSVersion/Microsoft.Windows.10.0.19042.",
          "Microsoft.Azure.Management.DeviceProvisioningServices.IotDpsClient/2.0.0.0"
        ]
      },
      "ResponseHeaders": {
        "Cache-Control": [
          "no-cache"
        ],
        "Pragma": [
          "no-cache"
        ],
        "Server": [
          "Microsoft-HTTPAPI/2.0"
        ],
        "x-ms-ratelimit-remaining-subscription-writes": [
          "1197"
        ],
        "x-ms-request-id": [
          "db52ef34-8463-40e2-a4b3-fee3ad613ae8"
        ],
        "x-ms-correlation-request-id": [
          "db52ef34-8463-40e2-a4b3-fee3ad613ae8"
        ],
        "x-ms-routing-request-id": [
          "WESTUS2:20210317T200621Z:db52ef34-8463-40e2-a4b3-fee3ad613ae8"
        ],
        "Strict-Transport-Security": [
          "max-age=31536000; includeSubDomains"
        ],
        "X-Content-Type-Options": [
          "nosniff"
        ],
        "Date": [
          "Wed, 17 Mar 2021 20:06:21 GMT"
        ],
        "Content-Length": [
          "303"
        ],
        "Content-Type": [
          "application/json; charset=utf-8"
        ],
        "Expires": [
          "-1"
        ]
      },
      "ResponseBody": "{\r\n  \"code\": 404001,\r\n  \"httpStatusCode\": \"NotFound\",\r\n  \"message\": \"Key name not found: unitTestingDPSSharedAccessPoliciesListCreateDelete. If you contact a support representative please include this correlation identifier: 96cb83d6-5ff2-486e-af52-fadf3a8f50dc, timestamp: 2021-03-17 20:06:21Z, errorcode: IH404001.\"\r\n}",
      "StatusCode": 404
    },
    {
      "RequestUri": "/subscriptions/9dbb02fa-c9d2-4593-967e-ffc99c566c5c/resourceGroups/unitTestingDPSSharedAccessPoliciesListCreateDelete/providers/Microsoft.Devices/provisioningServices/unitTestingDPSSharedAccessPoliciesListCreateDelete/keys/unitTestingDPSSharedAccessPoliciesListCreateDelete/listkeys?api-version=2020-03-01",
      "EncodedRequestUri": "L3N1YnNjcmlwdGlvbnMvOWRiYjAyZmEtYzlkMi00NTkzLTk2N2UtZmZjOTljNTY2YzVjL3Jlc291cmNlR3JvdXBzL3VuaXRUZXN0aW5nRFBTU2hhcmVkQWNjZXNzUG9saWNpZXNMaXN0Q3JlYXRlRGVsZXRlL3Byb3ZpZGVycy9NaWNyb3NvZnQuRGV2aWNlcy9wcm92aXNpb25pbmdTZXJ2aWNlcy91bml0VGVzdGluZ0RQU1NoYXJlZEFjY2Vzc1BvbGljaWVzTGlzdENyZWF0ZURlbGV0ZS9rZXlzL3VuaXRUZXN0aW5nRFBTU2hhcmVkQWNjZXNzUG9saWNpZXNMaXN0Q3JlYXRlRGVsZXRlL2xpc3RrZXlzP2FwaS12ZXJzaW9uPTIwMjAtMDMtMDE=",
      "RequestMethod": "POST",
      "RequestBody": "",
      "RequestHeaders": {
        "x-ms-client-request-id": [
          "b46f6942-234f-44c4-b3c1-c10a6ef649dc"
        ],
        "Accept-Language": [
          "en-US"
        ],
        "User-Agent": [
          "FxVersion/4.6.29812.02",
          "OSName/Windows",
          "OSVersion/Microsoft.Windows.10.0.19042.",
          "Microsoft.Azure.Management.DeviceProvisioningServices.IotDpsClient/2.0.0.0"
        ]
      },
      "ResponseHeaders": {
        "Cache-Control": [
          "no-cache"
        ],
        "Pragma": [
          "no-cache"
        ],
        "Server": [
          "Microsoft-HTTPAPI/2.0"
        ],
        "x-ms-ratelimit-remaining-subscription-writes": [
          "1196"
        ],
        "x-ms-request-id": [
          "a011a5b2-87e3-40d3-9f4b-331ead2e9ec8"
        ],
        "x-ms-correlation-request-id": [
          "a011a5b2-87e3-40d3-9f4b-331ead2e9ec8"
        ],
        "x-ms-routing-request-id": [
          "WESTUS2:20210317T200654Z:a011a5b2-87e3-40d3-9f4b-331ead2e9ec8"
        ],
        "Strict-Transport-Security": [
          "max-age=31536000; includeSubDomains"
        ],
        "X-Content-Type-Options": [
          "nosniff"
        ],
        "Date": [
          "Wed, 17 Mar 2021 20:06:53 GMT"
        ],
        "Content-Length": [
          "221"
        ],
        "Content-Type": [
          "application/json; charset=utf-8"
        ],
        "Expires": [
          "-1"
        ]
      },
      "ResponseBody": "{\r\n  \"keyName\": \"unitTestingDPSSharedAccessPoliciesListCreateDelete\",\r\n  \"primaryKey\": \"v/msxMsrJaG0ZCv4bxfoU1E63C3TQ7pr1D0bNNjIJY8=\",\r\n  \"secondaryKey\": \"u5CvZMIMCSLSCkDyeB4IpCKw9zyPSVbkhb931+CKxlk=\",\r\n  \"rights\": \"RegistrationStatusWrite\"\r\n}",
      "StatusCode": 200
    },
    {
      "RequestUri": "/subscriptions/9dbb02fa-c9d2-4593-967e-ffc99c566c5c/resourceGroups/unitTestingDPSSharedAccessPoliciesListCreateDelete/providers/Microsoft.Devices/provisioningServices/unitTestingDPSSharedAccessPoliciesListCreateDelete/keys/unitTestingDPSSharedAccessPoliciesListCreateDelete/listkeys?api-version=2020-03-01",
      "EncodedRequestUri": "L3N1YnNjcmlwdGlvbnMvOWRiYjAyZmEtYzlkMi00NTkzLTk2N2UtZmZjOTljNTY2YzVjL3Jlc291cmNlR3JvdXBzL3VuaXRUZXN0aW5nRFBTU2hhcmVkQWNjZXNzUG9saWNpZXNMaXN0Q3JlYXRlRGVsZXRlL3Byb3ZpZGVycy9NaWNyb3NvZnQuRGV2aWNlcy9wcm92aXNpb25pbmdTZXJ2aWNlcy91bml0VGVzdGluZ0RQU1NoYXJlZEFjY2Vzc1BvbGljaWVzTGlzdENyZWF0ZURlbGV0ZS9rZXlzL3VuaXRUZXN0aW5nRFBTU2hhcmVkQWNjZXNzUG9saWNpZXNMaXN0Q3JlYXRlRGVsZXRlL2xpc3RrZXlzP2FwaS12ZXJzaW9uPTIwMjAtMDMtMDE=",
      "RequestMethod": "POST",
      "RequestBody": "",
      "RequestHeaders": {
        "x-ms-client-request-id": [
          "6454c72c-2fd4-4342-854a-28e348f29b99"
        ],
        "Accept-Language": [
          "en-US"
        ],
        "User-Agent": [
          "FxVersion/4.6.29812.02",
          "OSName/Windows",
          "OSVersion/Microsoft.Windows.10.0.19042.",
          "Microsoft.Azure.Management.DeviceProvisioningServices.IotDpsClient/2.0.0.0"
        ]
      },
      "ResponseHeaders": {
        "Cache-Control": [
          "no-cache"
        ],
        "Pragma": [
          "no-cache"
        ],
        "Server": [
          "Microsoft-HTTPAPI/2.0"
        ],
        "x-ms-ratelimit-remaining-subscription-writes": [
          "1195"
        ],
        "x-ms-request-id": [
          "a0d12309-8726-418d-a7f9-be854160db39"
        ],
        "x-ms-correlation-request-id": [
          "a0d12309-8726-418d-a7f9-be854160db39"
        ],
        "x-ms-routing-request-id": [
          "WESTUS2:20210317T200726Z:a0d12309-8726-418d-a7f9-be854160db39"
        ],
        "Strict-Transport-Security": [
          "max-age=31536000; includeSubDomains"
        ],
        "X-Content-Type-Options": [
          "nosniff"
        ],
        "Date": [
          "Wed, 17 Mar 2021 20:07:26 GMT"
        ],
        "Content-Length": [
          "303"
        ],
        "Content-Type": [
          "application/json; charset=utf-8"
        ],
        "Expires": [
          "-1"
        ]
      },
      "ResponseBody": "{\r\n  \"code\": 404001,\r\n  \"httpStatusCode\": \"NotFound\",\r\n  \"message\": \"Key name not found: unitTestingDPSSharedAccessPoliciesListCreateDelete. If you contact a support representative please include this correlation identifier: 690d6c35-b1ff-4c87-94f8-4c5343983362, timestamp: 2021-03-17 20:07:26Z, errorcode: IH404001.\"\r\n}",
      "StatusCode": 404
    },
    {
      "RequestUri": "/subscriptions/9dbb02fa-c9d2-4593-967e-ffc99c566c5c/resourceGroups/unitTestingDPSSharedAccessPoliciesListCreateDelete/providers/Microsoft.Devices/provisioningServices/unitTestingDPSSharedAccessPoliciesListCreateDelete/operationResults/b3NfaWRfMmQ4OTRlMzYtZjRlYy00MGFmLWE1OGYtYmUxMDA2MjFmOTE1?api-version=2020-03-01&asyncinfo",
      "EncodedRequestUri": "L3N1YnNjcmlwdGlvbnMvOWRiYjAyZmEtYzlkMi00NTkzLTk2N2UtZmZjOTljNTY2YzVjL3Jlc291cmNlR3JvdXBzL3VuaXRUZXN0aW5nRFBTU2hhcmVkQWNjZXNzUG9saWNpZXNMaXN0Q3JlYXRlRGVsZXRlL3Byb3ZpZGVycy9NaWNyb3NvZnQuRGV2aWNlcy9wcm92aXNpb25pbmdTZXJ2aWNlcy91bml0VGVzdGluZ0RQU1NoYXJlZEFjY2Vzc1BvbGljaWVzTGlzdENyZWF0ZURlbGV0ZS9vcGVyYXRpb25SZXN1bHRzL2IzTmZhV1JmTW1RNE9UUmxNell0WmpSbFl5MDBNR0ZtTFdFMU9HWXRZbVV4TURBMk1qRm1PVEUxP2FwaS12ZXJzaW9uPTIwMjAtMDMtMDEmYXN5bmNpbmZv",
      "RequestMethod": "GET",
      "RequestBody": "",
      "RequestHeaders": {
        "User-Agent": [
          "FxVersion/4.6.29812.02",
          "OSName/Windows",
          "OSVersion/Microsoft.Windows.10.0.19042.",
          "Microsoft.Azure.Management.DeviceProvisioningServices.IotDpsClient/2.0.0.0"
        ]
      },
      "ResponseHeaders": {
        "Cache-Control": [
          "no-cache"
        ],
        "Pragma": [
          "no-cache"
        ],
        "Server": [
          "Microsoft-HTTPAPI/2.0"
        ],
        "x-ms-ratelimit-remaining-subscription-reads": [
          "11997"
        ],
        "x-ms-request-id": [
          "8f419286-4eeb-43f2-8e51-01491f1bad5e"
        ],
        "x-ms-correlation-request-id": [
          "8f419286-4eeb-43f2-8e51-01491f1bad5e"
        ],
        "x-ms-routing-request-id": [
          "WESTUS2:20210317T200654Z:8f419286-4eeb-43f2-8e51-01491f1bad5e"
        ],
        "Strict-Transport-Security": [
          "max-age=31536000; includeSubDomains"
        ],
        "X-Content-Type-Options": [
          "nosniff"
        ],
        "Date": [
          "Wed, 17 Mar 2021 20:06:53 GMT"
        ],
        "Content-Length": [
          "22"
        ],
        "Content-Type": [
          "application/json; charset=utf-8"
        ],
        "Expires": [
          "-1"
        ]
      },
      "ResponseBody": "{\r\n  \"status\": \"Succeeded\"\r\n}",
      "StatusCode": 200
    },
    {
      "RequestUri": "/subscriptions/9dbb02fa-c9d2-4593-967e-ffc99c566c5c/resourceGroups/unitTestingDPSSharedAccessPoliciesListCreateDelete/providers/Microsoft.Devices/provisioningServices/unitTestingDPSSharedAccessPoliciesListCreateDelete/operationResults/b3NfaWRfMWRmYjFlYmEtOTNkYS00YzgyLThkYTEtODY4ZTE3NmU3N2Nl?api-version=2020-03-01&asyncinfo",
      "EncodedRequestUri": "L3N1YnNjcmlwdGlvbnMvOWRiYjAyZmEtYzlkMi00NTkzLTk2N2UtZmZjOTljNTY2YzVjL3Jlc291cmNlR3JvdXBzL3VuaXRUZXN0aW5nRFBTU2hhcmVkQWNjZXNzUG9saWNpZXNMaXN0Q3JlYXRlRGVsZXRlL3Byb3ZpZGVycy9NaWNyb3NvZnQuRGV2aWNlcy9wcm92aXNpb25pbmdTZXJ2aWNlcy91bml0VGVzdGluZ0RQU1NoYXJlZEFjY2Vzc1BvbGljaWVzTGlzdENyZWF0ZURlbGV0ZS9vcGVyYXRpb25SZXN1bHRzL2IzTmZhV1JmTVdSbVlqRmxZbUV0T1ROa1lTMDBZemd5TFRoa1lURXRPRFk0WlRFM05tVTNOMk5sP2FwaS12ZXJzaW9uPTIwMjAtMDMtMDEmYXN5bmNpbmZv",
      "RequestMethod": "GET",
      "RequestBody": "",
      "RequestHeaders": {
        "User-Agent": [
          "FxVersion/4.6.29812.02",
          "OSName/Windows",
          "OSVersion/Microsoft.Windows.10.0.19042.",
          "Microsoft.Azure.Management.DeviceProvisioningServices.IotDpsClient/2.0.0.0"
        ]
      },
      "ResponseHeaders": {
        "Cache-Control": [
          "no-cache"
        ],
        "Pragma": [
          "no-cache"
        ],
        "Server": [
          "Microsoft-HTTPAPI/2.0"
        ],
        "x-ms-ratelimit-remaining-subscription-reads": [
          "11995"
        ],
        "x-ms-request-id": [
          "6f3b2c1e-befa-4454-9b51-0a6531f6d110"
        ],
        "x-ms-correlation-request-id": [
          "6f3b2c1e-befa-4454-9b51-0a6531f6d110"
        ],
        "x-ms-routing-request-id": [
          "WESTUS2:20210317T200726Z:6f3b2c1e-befa-4454-9b51-0a6531f6d110"
        ],
        "Strict-Transport-Security": [
          "max-age=31536000; includeSubDomains"
        ],
        "X-Content-Type-Options": [
          "nosniff"
        ],
        "Date": [
          "Wed, 17 Mar 2021 20:07:25 GMT"
        ],
        "Content-Length": [
          "22"
        ],
        "Content-Type": [
          "application/json; charset=utf-8"
        ],
        "Expires": [
          "-1"
        ]
      },
      "ResponseBody": "{\r\n  \"status\": \"Succeeded\"\r\n}",
      "StatusCode": 200
    }
  ],
  "Names": {},
  "Variables": {
    "SubscriptionId": "9dbb02fa-c9d2-4593-967e-ffc99c566c5c"
  }
}