{
  "Entries": [
    {
      "RequestUri": "https://mediacomposition-clientsdk-int.int.communication.azure.net/mediaCompositions/presentation?api-version=2022-07-16-preview",
      "RequestMethod": "PUT",
      "RequestHeaders": {
        "Accept": "application/json",
        "Authorization": "Sanitized",
        "Content-Length": "768",
        "Content-Type": "application/json",
        "traceparent": "00-f51b976bd22f3b49b966d9eced80b73b-e5556c99b4f45f43-00",
        "User-Agent": "azsdk-net-Communication.MediaComposition/1.0.0-alpha.20221209.1 (.NET Core 3.1.31; Microsoft Windows 10.0.22621)",
        "x-ms-client-request-id": "8b485349271646156a4f84a66a587a28",
        "x-ms-content-sha256": "Sanitized",
        "x-ms-date": "Fri, 09 Dec 2022 22:15:58 GMT",
        "x-ms-return-client-request-id": "true"
      },
      "RequestBody": {
        "id": "presentation",
        "layout": {
          "presenterId": "presenter",
          "supportId": "support",
          "kind": "presenter",
          "resolution": {
            "width": 1920,
            "height": 1080
          }
        },
        "inputs": {
          "presenter": {
            "id": {
              "rawId": "f3ba9014-6dca-4456-8ec0-fa03cfa2b7b7",
              "communicationUser": {
                "id": "f3ba9014-6dca-4456-8ec0-fa03cfa2b7b7"
              }
            },
            "call": "acsGroupCall",
            "kind": "participant",
            "placeholderImageUri": "https://imageendpoint"
          },
          "support": {
            "id": {
              "rawId": "fa4337b5-f13a-41c5-a34f-f2aa46699b61",
              "communicationUser": {
                "id": "fa4337b5-f13a-41c5-a34f-f2aa46699b61"
              }
            },
            "call": "acsGroupCall",
            "kind": "participant",
            "placeholderImageUri": "https://imageendpoint"
          },
          "acsGroupCall": {
            "id": "d12d2277-ffec-4e22-9979-8c0d8c13d193",
            "kind": "groupCall"
          }
        },
        "outputs": {
          "acsGroupCall": {
            "id": "d12d2277-ffec-4e22-9979-8c0d8c13d193",
            "kind": "groupCall"
          }
        }
      },
      "StatusCode": 200,
      "ResponseHeaders": {
        "api-supported-versions": "2022-07-16-preview",
        "Content-Type": "application/json; charset=utf-8",
        "Date": "Fri, 09 Dec 2022 22:15:59 GMT",
        "MS-CV": "FkJGrT8UhUu7ueR1fDwOkg.0",
        "Transfer-Encoding": "chunked",
        "X-Azure-Ref": "0n7OTYwAAAAAyPxv0VpB7R59UEXWm5UUwWVZSMzBFREdFMDMxMQBjYzkyNzU4ZC0wNWY3LTRhZDYtYWE1ZS0wZmE5NzE4ZDg5ODU=",
        "X-Cache": "CONFIG_NOCACHE"
      },
      "ResponseBody": {
        "id": "presentation",
        "layout": {
          "presenterId": "presenter",
          "supportId": "support",
          "supportPosition": "bottomRight",
          "supportAspectRatio": 1,
          "kind": "presenter",
          "resolution": {
            "width": 1920,
            "height": 1080
          },
          "placeholderImageUri": null,
          "scalingMode": "crop"
        },
        "inputs": {
          "presenter": {
            "id": {
              "kind": "communicationUser",
              "rawId": "f3ba9014-6dca-4456-8ec0-fa03cfa2b7b7",
              "communicationUser": {
                "id": "f3ba9014-6dca-4456-8ec0-fa03cfa2b7b7"
              }
            },
            "call": "acsGroupCall",
            "kind": "participant",
            "placeholderImageUri": "https://imageendpoint"
          },
          "support": {
            "id": {
              "kind": "communicationUser",
              "rawId": "fa4337b5-f13a-41c5-a34f-f2aa46699b61",
              "communicationUser": {
                "id": "fa4337b5-f13a-41c5-a34f-f2aa46699b61"
              }
            },
            "call": "acsGroupCall",
            "kind": "participant",
            "placeholderImageUri": "https://imageendpoint"
          },
          "acsGroupCall": {
            "id": "d12d2277-ffec-4e22-9979-8c0d8c13d193",
            "kind": "groupCall"
          }
        },
        "outputs": {
          "acsGroupCall": {
            "id": "d12d2277-ffec-4e22-9979-8c0d8c13d193",
            "kind": "groupCall"
          }
        },
        "streamState": {
          "status": "notStarted"
        }
      }
    },
    {
      "RequestUri": "https://mediacomposition-clientsdk-int.int.communication.azure.net/mediaCompositions/presentation?api-version=2022-07-16-preview",
      "RequestMethod": "PATCH",
      "RequestHeaders": {
        "Accept": "application/json",
        "Authorization": "Sanitized",
        "Content-Length": "139",
        "Content-Type": "application/merge-patch\u002Bjson",
        "traceparent": "00-fd6c11eea409fc4a8bc23685008f59c4-8d084efb0b27bb43-00",
        "User-Agent": "azsdk-net-Communication.MediaComposition/1.0.0-alpha.20221209.1 (.NET Core 3.1.31; Microsoft Windows 10.0.22621)",
        "x-ms-client-request-id": "bc11ab4b5d56b9563096faa9898a308c",
        "x-ms-content-sha256": "Sanitized",
        "x-ms-date": "Fri, 09 Dec 2022 22:15:58 GMT",
        "x-ms-return-client-request-id": "true"
      },
      "RequestBody": {
        "id": "presentation",
        "layout": {
          "rows": 2,
          "columns": 2,
          "inputIds": [
            [
              "acsGroupCall"
            ]
          ],
          "kind": "grid",
          "resolution": {
            "width": 1920,
            "height": 1080
          }
        }
      },
      "StatusCode": 200,
      "ResponseHeaders": {
        "api-supported-versions": "2022-07-16-preview",
        "Content-Type": "application/json; charset=utf-8",
        "Date": "Fri, 09 Dec 2022 22:15:59 GMT",
        "MS-CV": "lfuJpgyL9kSonFr380OqqQ.0",
        "Transfer-Encoding": "chunked",
        "X-Azure-Ref": "0n7OTYwAAAAB3SGl/gpWWQZCrTnxuyyRIWVZSMzBFREdFMDMxMQBjYzkyNzU4ZC0wNWY3LTRhZDYtYWE1ZS0wZmE5NzE4ZDg5ODU=",
        "X-Cache": "CONFIG_NOCACHE"
      },
      "ResponseBody": {
        "id": "presentation",
        "layout": {
          "rows": 2,
          "columns": 2,
          "inputIds": [
            [
              "acsGroupCall"
            ]
          ],
          "kind": "grid",
          "resolution": {
            "width": 1920,
            "height": 1080
          },
          "placeholderImageUri": null,
          "scalingMode": "crop"
        },
        "inputs": {
          "presenter": {
            "id": {
              "kind": "communicationUser",
              "rawId": "f3ba9014-6dca-4456-8ec0-fa03cfa2b7b7",
              "communicationUser": {
                "id": "f3ba9014-6dca-4456-8ec0-fa03cfa2b7b7"
              }
            },
            "call": "acsGroupCall",
            "kind": "participant",
            "placeholderImageUri": "https://imageendpoint"
          },
          "support": {
            "id": {
              "kind": "communicationUser",
              "rawId": "fa4337b5-f13a-41c5-a34f-f2aa46699b61",
              "communicationUser": {
                "id": "fa4337b5-f13a-41c5-a34f-f2aa46699b61"
              }
            },
            "call": "acsGroupCall",
            "kind": "participant",
            "placeholderImageUri": "https://imageendpoint"
          },
          "acsGroupCall": {
            "id": "d12d2277-ffec-4e22-9979-8c0d8c13d193",
            "kind": "groupCall"
          }
        },
        "outputs": {
          "acsGroupCall": {
            "id": "d12d2277-ffec-4e22-9979-8c0d8c13d193",
            "kind": "groupCall"
          }
        },
        "streamState": {
          "status": "notStarted"
        }
      }
    },
    {
      "RequestUri": "https://mediacomposition-clientsdk-int.int.communication.azure.net/mediaCompositions/presentation?api-version=2022-07-16-preview",
      "RequestMethod": "PATCH",
      "RequestHeaders": {
        "Accept": "application/json",
        "Authorization": "Sanitized",
        "Content-Length": "64",
        "Content-Type": "application/merge-patch\u002Bjson",
        "traceparent": "00-bca6b84903d7564c818b33cee6f9d6a6-dfd92753dac49e4f-00",
        "User-Agent": "azsdk-net-Communication.MediaComposition/1.0.0-alpha.20221209.1 (.NET Core 3.1.31; Microsoft Windows 10.0.22621)",
        "x-ms-client-request-id": "b0516836f6b984a6d6b05a0a4babb156",
        "x-ms-content-sha256": "Sanitized",
        "x-ms-date": "Fri, 09 Dec 2022 22:15:58 GMT",
        "x-ms-return-client-request-id": "true"
      },
      "RequestBody": {
        "id": "presentation",
        "inputs": {
          "presenter": null,
          "support": null
        }
      },
      "StatusCode": 200,
      "ResponseHeaders": {
        "api-supported-versions": "2022-07-16-preview",
        "Content-Type": "application/json; charset=utf-8",
        "Date": "Fri, 09 Dec 2022 22:15:59 GMT",
        "MS-CV": "n7DDpFv\u002Bw0iLNjEX6j69Jw.0",
        "Transfer-Encoding": "chunked",
        "X-Azure-Ref": "0n7OTYwAAAADQeA520Qj9RYDNjD7GljrkWVZSMzBFREdFMDMxMQBjYzkyNzU4ZC0wNWY3LTRhZDYtYWE1ZS0wZmE5NzE4ZDg5ODU=",
        "X-Cache": "CONFIG_NOCACHE"
      },
      "ResponseBody": {
        "id": "presentation",
        "layout": {
          "rows": 2,
          "columns": 2,
          "inputIds": [
            [
              "acsGroupCall"
            ]
          ],
          "kind": "grid",
          "resolution": {
            "width": 1920,
            "height": 1080
          },
          "placeholderImageUri": null,
          "scalingMode": "crop"
        },
        "inputs": {
          "acsGroupCall": {
            "id": "d12d2277-ffec-4e22-9979-8c0d8c13d193",
            "kind": "groupCall"
          }
        },
        "outputs": {
          "acsGroupCall": {
            "id": "d12d2277-ffec-4e22-9979-8c0d8c13d193",
            "kind": "groupCall"
          }
        },
        "streamState": {
          "status": "notStarted"
        }
      }
    },
    {
      "RequestUri": "https://mediacomposition-clientsdk-int.int.communication.azure.net/mediaCompositions/presentation?api-version=2022-07-16-preview",
      "RequestMethod": "DELETE",
      "RequestHeaders": {
        "Accept": "application/json",
        "Authorization": "Sanitized",
        "traceparent": "00-5494a9801266404c8ede1b7e579d895e-3b07604abecd6846-00",
        "User-Agent": "azsdk-net-Communication.MediaComposition/1.0.0-alpha.20221209.1 (.NET Core 3.1.31; Microsoft Windows 10.0.22621)",
        "x-ms-client-request-id": "a555c6d32aabec1efd8f5a802d6cbddf",
        "x-ms-content-sha256": "Sanitized",
        "x-ms-date": "Fri, 09 Dec 2022 22:15:58 GMT",
        "x-ms-return-client-request-id": "true"
      },
      "RequestBody": null,
      "StatusCode": 204,
      "ResponseHeaders": {
        "api-supported-versions": "2022-07-16-preview",
        "Date": "Fri, 09 Dec 2022 22:15:59 GMT",
        "MS-CV": "f\u002B\u002BSmfOf9UKVqL4sxlmwmA.0",
        "X-Azure-Ref": "0n7OTYwAAAAAY\u002BQlZn6RNTo4iCNantbunWVZSMzBFREdFMDMxMQBjYzkyNzU4ZC0wNWY3LTRhZDYtYWE1ZS0wZmE5NzE4ZDg5ODU=",
        "X-Cache": "CONFIG_NOCACHE"
      },
      "ResponseBody": null
    }
  ],
  "Variables": {
    "COMMUNICATION_LIVETEST_DYNAMIC_CONNECTION_STRING": "endpoint=https://mediacomposition-clientsdk-int.int.communication.azure.net/;accesskey=Kg==",
    "RandomSeed": "1910353116"
  }
}
