{
  "Entries": [
    {
      "RequestUri": "https://fakeHost.api.wus2.timeseriesinsights.azure.com/timeseries/types/$batch?api-version=2020-07-31",
      "RequestMethod": "POST",
      "RequestHeaders": {
        "Accept": "application/json",
        "Authorization": "Sanitized",
        "Content-Length": "183",
        "Content-Type": "application/json",
        "User-Agent": "azsdk-net-IoT.TimeSeriesInsights/1.0.0-alpha.20210401.1 (.NET Framework 4.8.4300.0; Microsoft Windows 10.0.19042 )",
        "x-ms-client-request-id": "42056130a7fe34cda1674983a93af0ba",
        "x-ms-client-session-id": "00000000-0000-0000-0000-000000000000",
        "x-ms-return-client-request-id": "true"
      },
      "RequestBody": {
        "put": [
          {
            "id": "1512676473",
            "name": "typeq8BbTBfj",
            "variables": {
              "categoricalVariableNameXhfZeL2V": {
                "value": {
                  "tsx": "$event"
                },
                "defaultCategory": {
                  "label": "label"
                },
                "kind": "categorical"
              }
            }
          }
        ]
      },
      "StatusCode": 200,
      "ResponseHeaders": {
        "Access-Control-Allow-Origin": "*",
        "Access-Control-Expose-Headers": "x-ms-request-id,x-ms-continuation",
        "Content-Type": "application/json",
        "Date": "Fri, 02 Apr 2021 00:07:19 GMT",
        "Server": "Microsoft-HTTPAPI/2.0",
        "Strict-Transport-Security": "max-age=31536000; includeSubDomains",
        "Transfer-Encoding": "chunked",
        "X-Content-Type-Options": "nosniff",
        "x-ms-request-id": "021d3f5d-7b33-4ae9-aff0-8476d8e8d80a"
      },
      "ResponseBody": {
        "put": [
          {
            "error": {
              "code": "InvalidInput",
              "message": "Unable to parse \u0027value\u0027 time series expression (TSX) in variable \u0027categoricalVariableNameXhfZeL2V\u0027.",
              "target": "variables.categoricalVariableNameXhfZeL2V.value",
              "innerError": {
                "parseErrorDetails": [
                  {
                    "pos": [
                      6,
                      6
                    ],
                    "line": 1,
                    "col": 6,
                    "msg": "no viable alternative at input \u0027$event\u0027",
                    "code": "SyntaxError",
                    "target": "\u003CEOF\u003E"
                  }
                ],
                "code": "TsxParseError"
              }
            }
          }
        ]
      }
    },
    {
      "RequestUri": "https://fakeHost.api.wus2.timeseriesinsights.azure.com/timeseries/types/$batch?api-version=2020-07-31",
      "RequestMethod": "POST",
      "RequestHeaders": {
        "Accept": "application/json",
        "Authorization": "Sanitized",
        "Content-Length": "34",
        "Content-Type": "application/json",
        "User-Agent": "azsdk-net-IoT.TimeSeriesInsights/1.0.0-alpha.20210401.1 (.NET Framework 4.8.4300.0; Microsoft Windows 10.0.19042 )",
        "x-ms-client-request-id": "e857c9f444bf6e5cd0be8abbb3d49508",
        "x-ms-client-session-id": "00000000-0000-0000-0000-000000000000",
        "x-ms-return-client-request-id": "true"
      },
      "RequestBody": {
        "get": {
          "names": [
            "typeq8BbTBfj"
          ]
        }
      },
      "StatusCode": 200,
      "ResponseHeaders": {
        "Access-Control-Allow-Origin": "*",
        "Access-Control-Expose-Headers": "x-ms-request-id,x-ms-continuation",
        "Content-Type": "application/json",
        "Date": "Fri, 02 Apr 2021 00:07:19 GMT",
        "Server": "Microsoft-HTTPAPI/2.0",
        "Strict-Transport-Security": "max-age=31536000; includeSubDomains",
        "Transfer-Encoding": "chunked",
        "X-Content-Type-Options": "nosniff",
        "x-ms-request-id": "9a31ba63-7a73-4bc8-b2d5-4616649d7acf"
      },
      "ResponseBody": {
        "get": [
          {
            "error": {
              "code": "ResourceNotFound",
              "message": "Time series type with name \u0027typeq8BbTBfj\u0027 is not found.",
              "innerError": {
                "code": "TypeNotFound"
              }
            }
          }
        ]
      }
    },
    {
      "RequestUri": "https://fakeHost.api.wus2.timeseriesinsights.azure.com/timeseries/types/$batch?api-version=2020-07-31",
      "RequestMethod": "POST",
      "RequestHeaders": {
        "Accept": "application/json",
        "Authorization": "Sanitized",
        "Content-Length": "37",
        "Content-Type": "application/json",
        "User-Agent": "azsdk-net-IoT.TimeSeriesInsights/1.0.0-alpha.20210401.1 (.NET Framework 4.8.4300.0; Microsoft Windows 10.0.19042 )",
        "x-ms-client-request-id": "c428afb24ae283cee1c7d7a0758fd050",
        "x-ms-client-session-id": "00000000-0000-0000-0000-000000000000",
        "x-ms-return-client-request-id": "true"
      },
      "RequestBody": {
        "delete": {
          "names": [
            "typeq8BbTBfj"
          ]
        }
      },
      "StatusCode": 200,
      "ResponseHeaders": {
        "Access-Control-Allow-Origin": "*",
        "Access-Control-Expose-Headers": "x-ms-request-id,x-ms-continuation",
        "Content-Type": "application/json",
        "Date": "Fri, 02 Apr 2021 00:07:20 GMT",
        "Server": "Microsoft-HTTPAPI/2.0",
        "Strict-Transport-Security": "max-age=31536000; includeSubDomains",
        "Transfer-Encoding": "chunked",
        "X-Content-Type-Options": "nosniff",
        "x-ms-request-id": "998bf4d2-3a8e-40f5-8a1b-a0d0d5ad21f3"
      },
      "ResponseBody": {
        "delete": [
          null
        ]
      }
    }
  ],
  "Variables": {
    "RandomSeed": "1636352724",
    "TIMESERIESINSIGHTS_URL": "fakeHost.api.wus2.timeseriesinsights.azure.com"
  }
}