{
  "Entries": [
    {
      "RequestUri": "/subscriptions/706c087b-4c6c-46bf-8adf-766ae266d5bf/resourceGroups/demo-resources/providers/Microsoft.DataBoxEdge/dataBoxEdgeDevices/demo-edge-sdk-2021/roles/k8role1?api-version=2021-02-01",
      "EncodedRequestUri": "L3N1YnNjcmlwdGlvbnMvNzA2YzA4N2ItNGM2Yy00NmJmLThhZGYtNzY2YWUyNjZkNWJmL3Jlc291cmNlR3JvdXBzL2RlbW8tcmVzb3VyY2VzL3Byb3ZpZGVycy9NaWNyb3NvZnQuRGF0YUJveEVkZ2UvZGF0YUJveEVkZ2VEZXZpY2VzL2RlbW8tZWRnZS1zZGstMjAyMS9yb2xlcy9rOHJvbGUxP2FwaS12ZXJzaW9uPTIwMjEtMDItMDE=",
      "RequestMethod": "PUT",
      "RequestBody": "{\r\n  \"kind\": \"Kubernetes\",\r\n  \"properties\": {\r\n    \"hostPlatform\": \"Linux\",\r\n    \"kubernetesClusterInfo\": {\r\n      \"version\": \"v1.17.3\"\r\n    },\r\n    \"kubernetesRoleResources\": {\r\n      \"compute\": {\r\n        \"vmProfile\": \"DS1_v2\"\r\n      }\r\n    },\r\n    \"roleStatus\": \"Enabled\"\r\n  }\r\n}",
      "RequestHeaders": {
        "x-ms-client-request-id": [
          "c74f915f-7e2d-4e73-9565-81c25a9c9f60"
        ],
        "Accept-Language": [
          "en-US"
        ],
        "User-Agent": [
          "FxVersion/4.6.30411.01",
          "OSName/Windows",
          "OSVersion/Microsoft.Windows.10.0.19043.",
          "Microsoft.Azure.Management.DataBoxEdge.DataBoxEdgeManagementClient/1.0.0.0"
        ],
        "Content-Type": [
          "application/json; charset=utf-8"
        ],
        "Content-Length": [
          "282"
        ]
      },
      "ResponseHeaders": {
        "Cache-Control": [
          "no-cache"
        ],
        "Pragma": [
          "no-cache"
        ],
        "Retry-After": [
          "30"
        ],
        "x-ms-ratelimit-remaining-subscription-writes": [
          "1198"
        ],
        "Strict-Transport-Security": [
          "max-age=31536000; includeSubDomains"
        ],
        "Azure-AsyncOperation": [
          "https://management.azure.com/subscriptions/706c087b-4c6c-46bf-8adf-766ae266d5bf/resourceGroups/demo-resources/providers/Microsoft.DataBoxEdge/dataBoxEdgeDevices/demo-edge-sdk-2021/roles/k8role1/operationResults/fbb463fc-c74d-4086-a1cb-869712c59de3?api-version=2021-02-01"
        ],
        "X-Content-Type-Options": [
          "nosniff"
        ],
        "x-ms-request-id": [
          "33242208-50ce-4335-9c87-71629ffd57a4"
        ],
        "x-ms-client-request-id": [
          "c74f915f-7e2d-4e73-9565-81c25a9c9f60"
        ],
        "x-ms-correlation-request-id": [
          "33242208-50ce-4335-9c87-71629ffd57a4"
        ],
        "x-ms-routing-request-id": [
          "SOUTHINDIA:20210913T041254Z:33242208-50ce-4335-9c87-71629ffd57a4"
        ],
        "Date": [
          "Mon, 13 Sep 2021 04:12:54 GMT"
        ],
        "Content-Length": [
          "23"
        ],
        "Content-Type": [
          "application/json; charset=utf-8"
        ],
        "Expires": [
          "-1"
        ]
      },
      "ResponseBody": "{\r\n  \"status\": \"InProgress\"\r\n}",
      "StatusCode": 202
    },
    {
      "RequestUri": "/subscriptions/706c087b-4c6c-46bf-8adf-766ae266d5bf/resourceGroups/demo-resources/providers/Microsoft.DataBoxEdge/dataBoxEdgeDevices/demo-edge-sdk-2021/roles/k8role1/operationResults/fbb463fc-c74d-4086-a1cb-869712c59de3?api-version=2021-02-01",
      "EncodedRequestUri": "L3N1YnNjcmlwdGlvbnMvNzA2YzA4N2ItNGM2Yy00NmJmLThhZGYtNzY2YWUyNjZkNWJmL3Jlc291cmNlR3JvdXBzL2RlbW8tcmVzb3VyY2VzL3Byb3ZpZGVycy9NaWNyb3NvZnQuRGF0YUJveEVkZ2UvZGF0YUJveEVkZ2VEZXZpY2VzL2RlbW8tZWRnZS1zZGstMjAyMS9yb2xlcy9rOHJvbGUxL29wZXJhdGlvblJlc3VsdHMvZmJiNDYzZmMtYzc0ZC00MDg2LWExY2ItODY5NzEyYzU5ZGUzP2FwaS12ZXJzaW9uPTIwMjEtMDItMDE=",
      "RequestMethod": "GET",
      "RequestBody": "",
      "RequestHeaders": {
        "User-Agent": [
          "FxVersion/4.6.30411.01",
          "OSName/Windows",
          "OSVersion/Microsoft.Windows.10.0.19043.",
          "Microsoft.Azure.Management.DataBoxEdge.DataBoxEdgeManagementClient/1.0.0.0"
        ]
      },
      "ResponseHeaders": {
        "Cache-Control": [
          "no-cache"
        ],
        "Pragma": [
          "no-cache"
        ],
        "x-ms-ratelimit-remaining-subscription-reads": [
          "11999"
        ],
        "Strict-Transport-Security": [
          "max-age=31536000; includeSubDomains"
        ],
        "X-Content-Type-Options": [
          "nosniff"
        ],
        "x-ms-request-id": [
          "1377d5c2-530d-494a-b4c2-bb9c42d4c4e2"
        ],
        "x-ms-client-request-id": [
          "560e335d-f4b8-4308-a488-226f270279a0"
        ],
        "x-ms-correlation-request-id": [
          "1377d5c2-530d-494a-b4c2-bb9c42d4c4e2"
        ],
        "x-ms-routing-request-id": [
          "SOUTHINDIA:20210913T041325Z:1377d5c2-530d-494a-b4c2-bb9c42d4c4e2"
        ],
        "Date": [
          "Mon, 13 Sep 2021 04:13:24 GMT"
        ],
        "Content-Length": [
          "22"
        ],
        "Content-Type": [
          "application/json; charset=utf-8"
        ],
        "Expires": [
          "-1"
        ]
      },
      "ResponseBody": "{\r\n  \"status\": \"Succeeded\"\r\n}",
      "StatusCode": 200
    },
    {
      "RequestUri": "/subscriptions/706c087b-4c6c-46bf-8adf-766ae266d5bf/resourceGroups/demo-resources/providers/Microsoft.DataBoxEdge/dataBoxEdgeDevices/demo-edge-sdk-2021/roles/k8role1?api-version=2021-02-01",
      "EncodedRequestUri": "L3N1YnNjcmlwdGlvbnMvNzA2YzA4N2ItNGM2Yy00NmJmLThhZGYtNzY2YWUyNjZkNWJmL3Jlc291cmNlR3JvdXBzL2RlbW8tcmVzb3VyY2VzL3Byb3ZpZGVycy9NaWNyb3NvZnQuRGF0YUJveEVkZ2UvZGF0YUJveEVkZ2VEZXZpY2VzL2RlbW8tZWRnZS1zZGstMjAyMS9yb2xlcy9rOHJvbGUxP2FwaS12ZXJzaW9uPTIwMjEtMDItMDE=",
      "RequestMethod": "GET",
      "RequestBody": "",
      "RequestHeaders": {
        "User-Agent": [
          "FxVersion/4.6.30411.01",
          "OSName/Windows",
          "OSVersion/Microsoft.Windows.10.0.19043.",
          "Microsoft.Azure.Management.DataBoxEdge.DataBoxEdgeManagementClient/1.0.0.0"
        ]
      },
      "ResponseHeaders": {
        "Cache-Control": [
          "no-cache"
        ],
        "Pragma": [
          "no-cache"
        ],
        "x-ms-ratelimit-remaining-subscription-reads": [
          "11998"
        ],
        "Strict-Transport-Security": [
          "max-age=31536000; includeSubDomains"
        ],
        "X-Content-Type-Options": [
          "nosniff"
        ],
        "x-ms-request-id": [
          "345e3c09-5c6a-4836-8bd1-473598e47c66"
        ],
        "x-ms-client-request-id": [
          "d1974fb2-4d94-41b9-a698-461bedba30eb"
        ],
        "x-ms-correlation-request-id": [
          "345e3c09-5c6a-4836-8bd1-473598e47c66"
        ],
        "x-ms-routing-request-id": [
          "SOUTHINDIA:20210913T041326Z:345e3c09-5c6a-4836-8bd1-473598e47c66"
        ],
        "Date": [
          "Mon, 13 Sep 2021 04:13:25 GMT"
        ],
        "Content-Length": [
          "1951"
        ],
        "Content-Type": [
          "application/json; charset=utf-8"
        ],
        "Expires": [
          "-1"
        ]
      },
      "ResponseBody": "{\r\n  \"properties\": {\r\n    \"hostPlatform\": \"Linux\",\r\n    \"provisioningState\": \"Created\",\r\n    \"hostPlatformType\": \"KubernetesCluster\",\r\n    \"kubernetesClusterInfo\": {\r\n      \"etcdInfo\": {\r\n        \"type\": \"Etcd\",\r\n        \"version\": \"v3.4.3\"\r\n      },\r\n      \"nodes\": [\r\n        {\r\n          \"name\": \"K8S-1DHMHQ2CL-1DHMHQ2\",\r\n          \"type\": \"Worker\",\r\n          \"ipConfiguration\": [\r\n            {\r\n              \"port\": \"vSwitch1\",\r\n              \"ipAddress\": \"5.5.166.1\"\r\n            }\r\n          ]\r\n        },\r\n        {\r\n          \"name\": \"K8S-1DHMHQ2CL-M0\",\r\n          \"type\": \"Master\",\r\n          \"ipConfiguration\": [\r\n            {\r\n              \"port\": \"vSwitch2\",\r\n              \"ipAddress\": \"5.5.166.2\"\r\n            }\r\n          ]\r\n        }\r\n      ],\r\n      \"version\": \"v1.17.3\"\r\n    },\r\n    \"kubernetesRoleResources\": {\r\n      \"storage\": {\r\n        \"storageClasses\": [\r\n          {\r\n            \"name\": \"storageclass1\",\r\n            \"type\": \"SMB\",\r\n            \"posixCompliant\": \"Disabled\"\r\n          },\r\n          {\r\n            \"name\": \"storageclass2\",\r\n            \"type\": \"Blob\",\r\n            \"posixCompliant\": \"Enabled\"\r\n          }\r\n        ]\r\n      },\r\n      \"compute\": {\r\n        \"vmProfile\": \"DS1_v2\",\r\n        \"memoryInBytes\": 17179869184,\r\n        \"processorCount\": 12\r\n      },\r\n      \"network\": {\r\n        \"cniConfig\": {\r\n          \"type\": \"Calico\",\r\n          \"version\": \"v3.1.7\",\r\n          \"podSubnet\": \"172.27.0.0/16\",\r\n          \"serviceSubnet\": \"172.28.0.0/16\"\r\n        },\r\n        \"loadBalancerConfig\": {\r\n          \"type\": \"Metallb\",\r\n          \"version\": \"v0.8.1\"\r\n        }\r\n      }\r\n    },\r\n    \"roleStatus\": \"Enabled\"\r\n  },\r\n  \"kind\": \"Kubernetes\",\r\n  \"id\": \"/subscriptions/706c087b-4c6c-46bf-8adf-766ae266d5bf/resourceGroups/demo-resources/providers/Microsoft.DataBoxEdge/dataBoxEdgeDevices/demo-edge-sdk-2021/roles/k8role1\",\r\n  \"name\": \"k8role1\",\r\n  \"type\": \"Microsoft.DataBoxEdge/dataBoxEdgeDevices/roles\"\r\n}",
      "StatusCode": 200
    },
    {
      "RequestUri": "/subscriptions/706c087b-4c6c-46bf-8adf-766ae266d5bf/resourceGroups/demo-resources/providers/Microsoft.DataBoxEdge/dataBoxEdgeDevices/demo-edge-sdk-2021/roles/k8role1?api-version=2021-02-01",
      "EncodedRequestUri": "L3N1YnNjcmlwdGlvbnMvNzA2YzA4N2ItNGM2Yy00NmJmLThhZGYtNzY2YWUyNjZkNWJmL3Jlc291cmNlR3JvdXBzL2RlbW8tcmVzb3VyY2VzL3Byb3ZpZGVycy9NaWNyb3NvZnQuRGF0YUJveEVkZ2UvZGF0YUJveEVkZ2VEZXZpY2VzL2RlbW8tZWRnZS1zZGstMjAyMS9yb2xlcy9rOHJvbGUxP2FwaS12ZXJzaW9uPTIwMjEtMDItMDE=",
      "RequestMethod": "GET",
      "RequestBody": "",
      "RequestHeaders": {
        "x-ms-client-request-id": [
          "4195734a-b23f-4387-8880-7adaee197305"
        ],
        "Accept-Language": [
          "en-US"
        ],
        "User-Agent": [
          "FxVersion/4.6.30411.01",
          "OSName/Windows",
          "OSVersion/Microsoft.Windows.10.0.19043.",
          "Microsoft.Azure.Management.DataBoxEdge.DataBoxEdgeManagementClient/1.0.0.0"
        ]
      },
      "ResponseHeaders": {
        "Cache-Control": [
          "no-cache"
        ],
        "Pragma": [
          "no-cache"
        ],
        "x-ms-ratelimit-remaining-subscription-reads": [
          "11997"
        ],
        "Strict-Transport-Security": [
          "max-age=31536000; includeSubDomains"
        ],
        "X-Content-Type-Options": [
          "nosniff"
        ],
        "x-ms-request-id": [
          "3548f872-93ec-4f42-ae62-ceb43c99dab1"
        ],
        "x-ms-client-request-id": [
          "4195734a-b23f-4387-8880-7adaee197305"
        ],
        "x-ms-correlation-request-id": [
          "3548f872-93ec-4f42-ae62-ceb43c99dab1"
        ],
        "x-ms-routing-request-id": [
          "SOUTHINDIA:20210913T041327Z:3548f872-93ec-4f42-ae62-ceb43c99dab1"
        ],
        "Date": [
          "Mon, 13 Sep 2021 04:13:26 GMT"
        ],
        "Content-Length": [
          "1951"
        ],
        "Content-Type": [
          "application/json; charset=utf-8"
        ],
        "Expires": [
          "-1"
        ]
      },
      "ResponseBody": "{\r\n  \"properties\": {\r\n    \"hostPlatform\": \"Linux\",\r\n    \"provisioningState\": \"Created\",\r\n    \"hostPlatformType\": \"KubernetesCluster\",\r\n    \"kubernetesClusterInfo\": {\r\n      \"etcdInfo\": {\r\n        \"type\": \"Etcd\",\r\n        \"version\": \"v3.4.3\"\r\n      },\r\n      \"nodes\": [\r\n        {\r\n          \"name\": \"K8S-1DHMHQ2CL-1DHMHQ2\",\r\n          \"type\": \"Worker\",\r\n          \"ipConfiguration\": [\r\n            {\r\n              \"port\": \"vSwitch1\",\r\n              \"ipAddress\": \"5.5.166.1\"\r\n            }\r\n          ]\r\n        },\r\n        {\r\n          \"name\": \"K8S-1DHMHQ2CL-M0\",\r\n          \"type\": \"Master\",\r\n          \"ipConfiguration\": [\r\n            {\r\n              \"port\": \"vSwitch2\",\r\n              \"ipAddress\": \"5.5.166.2\"\r\n            }\r\n          ]\r\n        }\r\n      ],\r\n      \"version\": \"v1.17.3\"\r\n    },\r\n    \"kubernetesRoleResources\": {\r\n      \"storage\": {\r\n        \"storageClasses\": [\r\n          {\r\n            \"name\": \"storageclass1\",\r\n            \"type\": \"SMB\",\r\n            \"posixCompliant\": \"Disabled\"\r\n          },\r\n          {\r\n            \"name\": \"storageclass2\",\r\n            \"type\": \"Blob\",\r\n            \"posixCompliant\": \"Enabled\"\r\n          }\r\n        ]\r\n      },\r\n      \"compute\": {\r\n        \"vmProfile\": \"DS1_v2\",\r\n        \"memoryInBytes\": 17179869184,\r\n        \"processorCount\": 12\r\n      },\r\n      \"network\": {\r\n        \"cniConfig\": {\r\n          \"type\": \"Calico\",\r\n          \"version\": \"v3.1.7\",\r\n          \"podSubnet\": \"172.27.0.0/16\",\r\n          \"serviceSubnet\": \"172.28.0.0/16\"\r\n        },\r\n        \"loadBalancerConfig\": {\r\n          \"type\": \"Metallb\",\r\n          \"version\": \"v0.8.1\"\r\n        }\r\n      }\r\n    },\r\n    \"roleStatus\": \"Enabled\"\r\n  },\r\n  \"kind\": \"Kubernetes\",\r\n  \"id\": \"/subscriptions/706c087b-4c6c-46bf-8adf-766ae266d5bf/resourceGroups/demo-resources/providers/Microsoft.DataBoxEdge/dataBoxEdgeDevices/demo-edge-sdk-2021/roles/k8role1\",\r\n  \"name\": \"k8role1\",\r\n  \"type\": \"Microsoft.DataBoxEdge/dataBoxEdgeDevices/roles\"\r\n}",
      "StatusCode": 200
    },
    {
      "RequestUri": "/subscriptions/706c087b-4c6c-46bf-8adf-766ae266d5bf/resourceGroups/demo-resources/providers/Microsoft.DataBoxEdge/dataBoxEdgeDevices/demo-edge-sdk-2021/roles?api-version=2021-02-01",
      "EncodedRequestUri": "L3N1YnNjcmlwdGlvbnMvNzA2YzA4N2ItNGM2Yy00NmJmLThhZGYtNzY2YWUyNjZkNWJmL3Jlc291cmNlR3JvdXBzL2RlbW8tcmVzb3VyY2VzL3Byb3ZpZGVycy9NaWNyb3NvZnQuRGF0YUJveEVkZ2UvZGF0YUJveEVkZ2VEZXZpY2VzL2RlbW8tZWRnZS1zZGstMjAyMS9yb2xlcz9hcGktdmVyc2lvbj0yMDIxLTAyLTAx",
      "RequestMethod": "GET",
      "RequestBody": "",
      "RequestHeaders": {
        "x-ms-client-request-id": [
          "bd545ca5-6c12-447b-b57d-5998d912fe6e"
        ],
        "Accept-Language": [
          "en-US"
        ],
        "User-Agent": [
          "FxVersion/4.6.30411.01",
          "OSName/Windows",
          "OSVersion/Microsoft.Windows.10.0.19043.",
          "Microsoft.Azure.Management.DataBoxEdge.DataBoxEdgeManagementClient/1.0.0.0"
        ]
      },
      "ResponseHeaders": {
        "Cache-Control": [
          "no-cache"
        ],
        "Pragma": [
          "no-cache"
        ],
        "x-ms-ratelimit-remaining-subscription-reads": [
          "11996"
        ],
        "Strict-Transport-Security": [
          "max-age=31536000; includeSubDomains"
        ],
        "X-Content-Type-Options": [
          "nosniff"
        ],
        "x-ms-request-id": [
          "66194878-358d-40bc-a2ac-fec91408c922"
        ],
        "x-ms-client-request-id": [
          "bd545ca5-6c12-447b-b57d-5998d912fe6e"
        ],
        "x-ms-correlation-request-id": [
          "66194878-358d-40bc-a2ac-fec91408c922"
        ],
        "x-ms-routing-request-id": [
          "SOUTHINDIA:20210913T041327Z:66194878-358d-40bc-a2ac-fec91408c922"
        ],
        "Date": [
          "Mon, 13 Sep 2021 04:13:26 GMT"
        ],
        "Content-Length": [
          "2998"
        ],
        "Content-Type": [
          "application/json; charset=utf-8"
        ],
        "Expires": [
          "-1"
        ]
      },
      "ResponseBody": "{\r\n  \"value\": [\r\n    {\r\n      \"properties\": {\r\n        \"hostPlatform\": \"Linux\",\r\n        \"provisioningState\": \"Created\",\r\n        \"hostPlatformType\": \"KubernetesCluster\",\r\n        \"kubernetesClusterInfo\": {\r\n          \"etcdInfo\": {\r\n            \"type\": \"Etcd\",\r\n            \"version\": \"v3.4.3\"\r\n          },\r\n          \"nodes\": [\r\n            {\r\n              \"name\": \"K8S-1DHMHQ2CL-1DHMHQ2\",\r\n              \"type\": \"Worker\",\r\n              \"ipConfiguration\": [\r\n                {\r\n                  \"port\": \"vSwitch1\",\r\n                  \"ipAddress\": \"5.5.166.1\"\r\n                }\r\n              ]\r\n            },\r\n            {\r\n              \"name\": \"K8S-1DHMHQ2CL-M0\",\r\n              \"type\": \"Master\",\r\n              \"ipConfiguration\": [\r\n                {\r\n                  \"port\": \"vSwitch2\",\r\n                  \"ipAddress\": \"5.5.166.2\"\r\n                }\r\n              ]\r\n            }\r\n          ],\r\n          \"version\": \"v1.17.3\"\r\n        },\r\n        \"kubernetesRoleResources\": {\r\n          \"storage\": {\r\n            \"storageClasses\": [\r\n              {\r\n                \"name\": \"storageclass1\",\r\n                \"type\": \"SMB\",\r\n                \"posixCompliant\": \"Disabled\"\r\n              },\r\n              {\r\n                \"name\": \"storageclass2\",\r\n                \"type\": \"Blob\",\r\n                \"posixCompliant\": \"Enabled\"\r\n              }\r\n            ]\r\n          },\r\n          \"compute\": {\r\n            \"vmProfile\": \"DS1_v2\",\r\n            \"memoryInBytes\": 17179869184,\r\n            \"processorCount\": 12\r\n          },\r\n          \"network\": {\r\n            \"cniConfig\": {\r\n              \"type\": \"Calico\",\r\n              \"version\": \"v3.1.7\",\r\n              \"podSubnet\": \"172.27.0.0/16\",\r\n              \"serviceSubnet\": \"172.28.0.0/16\"\r\n            },\r\n            \"loadBalancerConfig\": {\r\n              \"type\": \"Metallb\",\r\n              \"version\": \"v0.8.1\"\r\n            }\r\n          }\r\n        },\r\n        \"roleStatus\": \"Enabled\"\r\n      },\r\n      \"kind\": \"Kubernetes\",\r\n      \"id\": \"/subscriptions/706c087b-4c6c-46bf-8adf-766ae266d5bf/resourceGroups/demo-resources/providers/Microsoft.DataBoxEdge/dataBoxEdgeDevices/demo-edge-sdk-2021/roles/k8role1\",\r\n      \"name\": \"k8role1\",\r\n      \"type\": \"Microsoft.DataBoxEdge/dataBoxEdgeDevices/roles\"\r\n    },\r\n    {\r\n      \"properties\": {\r\n        \"localManagementStatus\": \"Enabled\",\r\n        \"edgeProfile\": {\r\n          \"subscription\": {\r\n            \"registrationId\": \"e5b0fd21-0002-400c-79d5-510edbb3d95f\",\r\n            \"state\": \"Registered\",\r\n            \"subscriptionId\": \"608dd339-648d-4eb8-6b95-8d1d3e332131\"\r\n          }\r\n        },\r\n        \"roleStatus\": \"Disabled\"\r\n      },\r\n      \"kind\": \"CloudEdgeManagement\",\r\n      \"id\": \"/subscriptions/706c087b-4c6c-46bf-8adf-766ae266d5bf/resourceGroups/demo-resources/providers/Microsoft.DataBoxEdge/dataBoxEdgeDevices/demo-edge-sdk-2021/roles/CloudEdgeManagementRole\",\r\n      \"name\": \"CloudEdgeManagementRole\",\r\n      \"type\": \"Microsoft.DataBoxEdge/dataBoxEdgeDevices/roles\"\r\n    }\r\n  ]\r\n}",
      "StatusCode": 200
    },
    {
      "RequestUri": "/subscriptions/706c087b-4c6c-46bf-8adf-766ae266d5bf/resourceGroups/demo-resources/providers/Microsoft.DataBoxEdge/dataBoxEdgeDevices/demo-edge-sdk-2021/roles/k8role1?api-version=2021-02-01",
      "EncodedRequestUri": "L3N1YnNjcmlwdGlvbnMvNzA2YzA4N2ItNGM2Yy00NmJmLThhZGYtNzY2YWUyNjZkNWJmL3Jlc291cmNlR3JvdXBzL2RlbW8tcmVzb3VyY2VzL3Byb3ZpZGVycy9NaWNyb3NvZnQuRGF0YUJveEVkZ2UvZGF0YUJveEVkZ2VEZXZpY2VzL2RlbW8tZWRnZS1zZGstMjAyMS9yb2xlcy9rOHJvbGUxP2FwaS12ZXJzaW9uPTIwMjEtMDItMDE=",
      "RequestMethod": "DELETE",
      "RequestBody": "",
      "RequestHeaders": {
        "x-ms-client-request-id": [
          "5dfeccb2-ac58-4af9-8151-f9faba513390"
        ],
        "Accept-Language": [
          "en-US"
        ],
        "User-Agent": [
          "FxVersion/4.6.30411.01",
          "OSName/Windows",
          "OSVersion/Microsoft.Windows.10.0.19043.",
          "Microsoft.Azure.Management.DataBoxEdge.DataBoxEdgeManagementClient/1.0.0.0"
        ]
      },
      "ResponseHeaders": {
        "Cache-Control": [
          "no-cache"
        ],
        "Pragma": [
          "no-cache"
        ],
        "Retry-After": [
          "30"
        ],
        "x-ms-ratelimit-remaining-subscription-deletes": [
          "14999"
        ],
        "Strict-Transport-Security": [
          "max-age=31536000; includeSubDomains"
        ],
        "Azure-AsyncOperation": [
          "https://management.azure.com/subscriptions/706c087b-4c6c-46bf-8adf-766ae266d5bf/resourceGroups/demo-resources/providers/Microsoft.DataBoxEdge/dataBoxEdgeDevices/demo-edge-sdk-2021/roles/k8role1/operationResults/7c98cd42-19c0-47be-a110-793727b014d8?api-version=2021-02-01"
        ],
        "X-Content-Type-Options": [
          "nosniff"
        ],
        "x-ms-request-id": [
          "ffa764a4-5098-4ad8-b314-d7e6ab5cf07f"
        ],
        "x-ms-client-request-id": [
          "5dfeccb2-ac58-4af9-8151-f9faba513390"
        ],
        "x-ms-correlation-request-id": [
          "ffa764a4-5098-4ad8-b314-d7e6ab5cf07f"
        ],
        "x-ms-routing-request-id": [
          "SOUTHINDIA:20210913T041328Z:ffa764a4-5098-4ad8-b314-d7e6ab5cf07f"
        ],
        "Date": [
          "Mon, 13 Sep 2021 04:13:27 GMT"
        ],
        "Content-Length": [
          "23"
        ],
        "Content-Type": [
          "application/json; charset=utf-8"
        ],
        "Expires": [
          "-1"
        ]
      },
      "ResponseBody": "{\r\n  \"status\": \"InProgress\"\r\n}",
      "StatusCode": 202
    },
    {
      "RequestUri": "/subscriptions/706c087b-4c6c-46bf-8adf-766ae266d5bf/resourceGroups/demo-resources/providers/Microsoft.DataBoxEdge/dataBoxEdgeDevices/demo-edge-sdk-2021/roles/k8role1/operationResults/7c98cd42-19c0-47be-a110-793727b014d8?api-version=2021-02-01",
      "EncodedRequestUri": "L3N1YnNjcmlwdGlvbnMvNzA2YzA4N2ItNGM2Yy00NmJmLThhZGYtNzY2YWUyNjZkNWJmL3Jlc291cmNlR3JvdXBzL2RlbW8tcmVzb3VyY2VzL3Byb3ZpZGVycy9NaWNyb3NvZnQuRGF0YUJveEVkZ2UvZGF0YUJveEVkZ2VEZXZpY2VzL2RlbW8tZWRnZS1zZGstMjAyMS9yb2xlcy9rOHJvbGUxL29wZXJhdGlvblJlc3VsdHMvN2M5OGNkNDItMTljMC00N2JlLWExMTAtNzkzNzI3YjAxNGQ4P2FwaS12ZXJzaW9uPTIwMjEtMDItMDE=",
      "RequestMethod": "GET",
      "RequestBody": "",
      "RequestHeaders": {
        "User-Agent": [
          "FxVersion/4.6.30411.01",
          "OSName/Windows",
          "OSVersion/Microsoft.Windows.10.0.19043.",
          "Microsoft.Azure.Management.DataBoxEdge.DataBoxEdgeManagementClient/1.0.0.0"
        ]
      },
      "ResponseHeaders": {
        "Cache-Control": [
          "no-cache"
        ],
        "Pragma": [
          "no-cache"
        ],
        "x-ms-ratelimit-remaining-subscription-reads": [
          "11995"
        ],
        "Strict-Transport-Security": [
          "max-age=31536000; includeSubDomains"
        ],
        "X-Content-Type-Options": [
          "nosniff"
        ],
        "x-ms-request-id": [
          "4d5b5e1d-bbda-4864-848a-607811622d33"
        ],
        "x-ms-client-request-id": [
          "b428a548-1d10-4b78-bfc2-74d6d03d1196"
        ],
        "x-ms-correlation-request-id": [
          "4d5b5e1d-bbda-4864-848a-607811622d33"
        ],
        "x-ms-routing-request-id": [
          "SOUTHINDIA:20210913T041359Z:4d5b5e1d-bbda-4864-848a-607811622d33"
        ],
        "Date": [
          "Mon, 13 Sep 2021 04:13:58 GMT"
        ],
        "Content-Length": [
          "22"
        ],
        "Content-Type": [
          "application/json; charset=utf-8"
        ],
        "Expires": [
          "-1"
        ]
      },
      "ResponseBody": "{\r\n  \"status\": \"Succeeded\"\r\n}",
      "StatusCode": 200
    }
  ],
  "Names": {},
  "Variables": {
    "SubscriptionId": "706c087b-4c6c-46bf-8adf-766ae266d5bf",
    "SubId": "706c087b-4c6c-46bf-8adf-766ae266d5bf"
  }
}