{
  "Entries": [
    {
      "RequestUri": "https://management.azure.com/subscriptions/db1ab6f0-4769-4b27-930e-01e2ef9c123c?api-version=2021-01-01",
      "RequestMethod": "GET",
      "RequestHeaders": {
        "Accept": "application/json",
        "Authorization": "Sanitized",
        "traceparent": "00-587e13035bd3f87e1a640cf2bdbb9b21-77f0169b2e74269f-00",
        "User-Agent": "azsdk-net-ResourceManager/1.1.1 (.NET 6.0.6; Microsoft Windows 10.0.22621)",
        "x-ms-client-request-id": "66bc9aa55fa3f9636166ef173dcb0e8f",
        "x-ms-return-client-request-id": "true"
      },
      "RequestBody": null,
      "StatusCode": 200,
      "ResponseHeaders": {
        "Cache-Control": "no-cache",
        "Content-Length": "747",
        "Content-Type": "application/json; charset=utf-8",
        "Date": "Tue, 05 Jul 2022 06:59:00 GMT",
        "Expires": "-1",
        "Pragma": "no-cache",
        "Strict-Transport-Security": "max-age=31536000; includeSubDomains",
        "X-Content-Type-Options": "nosniff",
        "x-ms-correlation-request-id": "2030d08c-f117-41bd-b839-6e01f5d0e2bd",
        "x-ms-ratelimit-remaining-subscription-reads": "11997",
        "x-ms-request-id": "2030d08c-f117-41bd-b839-6e01f5d0e2bd",
        "x-ms-routing-request-id": "SOUTHEASTASIA:20220705T065901Z:2030d08c-f117-41bd-b839-6e01f5d0e2bd"
      },
      "ResponseBody": {
        "id": "/subscriptions/db1ab6f0-4769-4b27-930e-01e2ef9c123c",
        "authorizationSource": "RoleBased",
        "managedByTenants": [],
        "tags": {
          "TagKey-9823": "TagValue-566",
          "TagKey-3481": "TagValue-320",
          "TagKey-4926": "TagValue-1187",
          "TagKey-751": "TagValue-3921",
          "TagKey-1866": "TagValue-8559",
          "TagKey-3094": "TagValue-9190",
          "TagKey-2449": "TagValue-9",
          "TagKey-8379": "TagValue-164",
          "TagKey-7470": "TagValue-2205",
          "TagKey-4236": "TagValue-3698",
          "TagKey-5316": "TagValue-2725"
        },
        "subscriptionId": "db1ab6f0-4769-4b27-930e-01e2ef9c123c",
        "tenantId": "72f988bf-86f1-41af-91ab-2d7cd011db47",
        "displayName": ".NET Mgmt SDK Test with TTL = 1 Day",
        "state": "Enabled",
        "subscriptionPolicies": {
          "locationPlacementId": "Internal_2014-09-01",
          "quotaId": "Internal_2014-09-01",
          "spendingLimit": "Off"
        }
      }
    },
    {
      "RequestUri": "https://management.azure.com/subscriptions/db1ab6f0-4769-4b27-930e-01e2ef9c123c/resourcegroups/uai-rg6846?api-version=**",
      "RequestMethod": "PUT",
      "RequestHeaders": {
        "Accept": "application/json",
        "Authorization": "Sanitized",
        "Content-Length": "21",
        "Content-Type": "application/json",
        "traceparent": "00-9547d37b1dc81f12f427341a902c77e4-605a50c0533b5109-00",
        "User-Agent": "azsdk-net-ResourceManager/1.1.1 (.NET 6.0.6; Microsoft Windows 10.0.22621)",
        "x-ms-client-request-id": "8ced2590a19b7eb0e4be4d255efe89c0",
        "x-ms-return-client-request-id": "true"
      },
      "RequestBody": {
        "location": "eastus"
      },
      "StatusCode": 201,
      "ResponseHeaders": {
        "Cache-Control": "no-cache",
        "Content-Length": "217",
        "Content-Type": "application/json; charset=utf-8",
        "Date": "Tue, 05 Jul 2022 06:59:02 GMT",
        "Expires": "-1",
        "Pragma": "no-cache",
        "Strict-Transport-Security": "max-age=31536000; includeSubDomains",
        "X-Content-Type-Options": "nosniff",
        "x-ms-correlation-request-id": "33f8294a-d302-47a5-85cb-06f23968c06b",
        "x-ms-ratelimit-remaining-subscription-writes": "1196",
        "x-ms-request-id": "33f8294a-d302-47a5-85cb-06f23968c06b",
        "x-ms-routing-request-id": "SOUTHEASTASIA:20220705T065902Z:33f8294a-d302-47a5-85cb-06f23968c06b"
      },
      "ResponseBody": {
        "id": "/subscriptions/db1ab6f0-4769-4b27-930e-01e2ef9c123c/resourceGroups/uai-rg6846",
        "name": "uai-rg6846",
        "type": "Microsoft.Resources/resourceGroups",
        "location": "eastus",
        "properties": {
          "provisioningState": "Succeeded"
        }
      }
    },
    {
      "RequestUri": "https://management.azure.com/subscriptions/db1ab6f0-4769-4b27-930e-01e2ef9c123c/resourceGroups/uai-rg6846/providers/Microsoft.ManagedIdentity/userAssignedIdentities/uai81?api-version=2018-11-30",
      "RequestMethod": "PUT",
      "RequestHeaders": {
        "Accept": "application/json",
        "Authorization": "Sanitized",
        "Content-Length": "47",
        "Content-Type": "application/json",
        "traceparent": "00-29ef6b011625add94e4baff910641414-32c0e4e30c3869ef-00",
        "User-Agent": "azsdk-net-ResourceManager.ManagedServiceIdentities/1.0.0-alpha.20220705.1 (.NET 6.0.6; Microsoft Windows 10.0.22621)",
        "x-ms-client-request-id": "deeebc253e636dbdce189e542327c302",
        "x-ms-return-client-request-id": "true"
      },
      "RequestBody": {
        "tags": {},
        "location": "eastus",
        "properties": {}
      },
      "StatusCode": 201,
      "ResponseHeaders": {
        "Cache-Control": "no-cache",
        "Content-Length": "422",
        "Content-Type": "application/json; charset=utf-8",
        "Date": "Tue, 05 Jul 2022 06:59:07 GMT",
        "Expires": "-1",
        "Location": "/subscriptions/db1ab6f0-4769-4b27-930e-01e2ef9c123c/resourcegroups/uai-rg6846/providers/Microsoft.ManagedIdentity/userAssignedIdentities/uai81",
        "Pragma": "no-cache",
        "Strict-Transport-Security": "max-age=31536000; includeSubDomains",
        "X-Content-Type-Options": "nosniff",
        "x-ms-correlation-request-id": "b975e295-ddd2-4a4e-b348-4926d806a49a",
        "x-ms-ratelimit-remaining-subscription-writes": "1195",
        "x-ms-request-id": "b975e295-ddd2-4a4e-b348-4926d806a49a",
        "x-ms-routing-request-id": "SOUTHEASTASIA:20220705T065908Z:b975e295-ddd2-4a4e-b348-4926d806a49a"
      },
      "ResponseBody": {
        "id": "/subscriptions/db1ab6f0-4769-4b27-930e-01e2ef9c123c/resourcegroups/uai-rg6846/providers/Microsoft.ManagedIdentity/userAssignedIdentities/uai81",
        "name": "uai81",
        "type": "Microsoft.ManagedIdentity/userAssignedIdentities",
        "location": "eastus",
        "tags": {},
        "properties": {
          "tenantId": "72f988bf-86f1-41af-91ab-2d7cd011db47",
          "principalId": "ed6c1f8b-300f-42d4-aaaa-7c3351e072ff",
          "clientId": "2351c49d-1134-420b-9e64-82b39f921a03"
        }
      }
    },
    {
      "RequestUri": "https://management.azure.com/subscriptions/db1ab6f0-4769-4b27-930e-01e2ef9c123c/resourceGroups/uai-rg6846/providers/Microsoft.ManagedIdentity/userAssignedIdentities/uai2739?api-version=2018-11-30",
      "RequestMethod": "PUT",
      "RequestHeaders": {
        "Accept": "application/json",
        "Authorization": "Sanitized",
        "Content-Length": "47",
        "Content-Type": "application/json",
        "traceparent": "00-32b1b41e3e3f224c4b4bbf57b9cebadc-527ce3c3f814a568-00",
        "User-Agent": "azsdk-net-ResourceManager.ManagedServiceIdentities/1.0.0-alpha.20220705.1 (.NET 6.0.6; Microsoft Windows 10.0.22621)",
        "x-ms-client-request-id": "4702704df80ae80cbfa015d303676557",
        "x-ms-return-client-request-id": "true"
      },
      "RequestBody": {
        "tags": {},
        "location": "eastus",
        "properties": {}
      },
      "StatusCode": 201,
      "ResponseHeaders": {
        "Cache-Control": "no-cache",
        "Content-Length": "426",
        "Content-Type": "application/json; charset=utf-8",
        "Date": "Tue, 05 Jul 2022 06:59:12 GMT",
        "Expires": "-1",
        "Location": "/subscriptions/db1ab6f0-4769-4b27-930e-01e2ef9c123c/resourcegroups/uai-rg6846/providers/Microsoft.ManagedIdentity/userAssignedIdentities/uai2739",
        "Pragma": "no-cache",
        "Strict-Transport-Security": "max-age=31536000; includeSubDomains",
        "X-Content-Type-Options": "nosniff",
        "x-ms-correlation-request-id": "800831d2-03c6-4159-8ed8-e5f537ed75ab",
        "x-ms-ratelimit-remaining-subscription-writes": "1194",
        "x-ms-request-id": "800831d2-03c6-4159-8ed8-e5f537ed75ab",
        "x-ms-routing-request-id": "SOUTHEASTASIA:20220705T065912Z:800831d2-03c6-4159-8ed8-e5f537ed75ab"
      },
      "ResponseBody": {
        "id": "/subscriptions/db1ab6f0-4769-4b27-930e-01e2ef9c123c/resourcegroups/uai-rg6846/providers/Microsoft.ManagedIdentity/userAssignedIdentities/uai2739",
        "name": "uai2739",
        "type": "Microsoft.ManagedIdentity/userAssignedIdentities",
        "location": "eastus",
        "tags": {},
        "properties": {
          "tenantId": "72f988bf-86f1-41af-91ab-2d7cd011db47",
          "principalId": "6a236e7b-a674-401f-b920-afc89c38b0b8",
          "clientId": "c1ce1834-7fec-4500-a350-28770a3335ab"
        }
      }
    },
    {
      "RequestUri": "https://management.azure.com/subscriptions/db1ab6f0-4769-4b27-930e-01e2ef9c123c/resourceGroups/uai-rg6846/providers/Microsoft.ManagedIdentity/userAssignedIdentities?api-version=2018-11-30",
      "RequestMethod": "GET",
      "RequestHeaders": {
        "Accept": "application/json",
        "Authorization": "Sanitized",
        "traceparent": "00-495da0daac967a243dd450d7ef2c6674-5deae7c806b1fbad-00",
        "User-Agent": "azsdk-net-ResourceManager.ManagedServiceIdentities/1.0.0-alpha.20220705.1 (.NET 6.0.6; Microsoft Windows 10.0.22621)",
        "x-ms-client-request-id": "d3e90d7cb150afc2ce2dd397df909b26",
        "x-ms-return-client-request-id": "true"
      },
      "RequestBody": null,
      "StatusCode": 200,
      "ResponseHeaders": {
        "Cache-Control": "no-cache",
        "Content-Length": "861",
        "Content-Type": "application/json; charset=utf-8",
        "Date": "Tue, 05 Jul 2022 06:59:12 GMT",
        "Expires": "-1",
        "Pragma": "no-cache",
        "Strict-Transport-Security": "max-age=31536000; includeSubDomains",
        "X-Content-Type-Options": "nosniff",
        "x-ms-correlation-request-id": "05e50d7d-1488-4cb1-90a7-7ea66c3134cd",
        "x-ms-ratelimit-remaining-subscription-reads": "11996",
        "x-ms-request-id": "05e50d7d-1488-4cb1-90a7-7ea66c3134cd",
        "x-ms-routing-request-id": "SOUTHEASTASIA:20220705T065913Z:05e50d7d-1488-4cb1-90a7-7ea66c3134cd"
      },
      "ResponseBody": {
        "value": [
          {
            "id": "/subscriptions/db1ab6f0-4769-4b27-930e-01e2ef9c123c/resourcegroups/uai-rg6846/providers/Microsoft.ManagedIdentity/userAssignedIdentities/uai81",
            "name": "uai81",
            "type": "Microsoft.ManagedIdentity/userAssignedIdentities",
            "location": "eastus",
            "tags": {},
            "properties": {
              "tenantId": "72f988bf-86f1-41af-91ab-2d7cd011db47",
              "principalId": "ed6c1f8b-300f-42d4-aaaa-7c3351e072ff",
              "clientId": "2351c49d-1134-420b-9e64-82b39f921a03"
            }
          },
          {
            "id": "/subscriptions/db1ab6f0-4769-4b27-930e-01e2ef9c123c/resourcegroups/uai-rg6846/providers/Microsoft.ManagedIdentity/userAssignedIdentities/uai2739",
            "name": "uai2739",
            "type": "Microsoft.ManagedIdentity/userAssignedIdentities",
            "location": "eastus",
            "tags": {},
            "properties": {
              "tenantId": "72f988bf-86f1-41af-91ab-2d7cd011db47",
              "principalId": "6a236e7b-a674-401f-b920-afc89c38b0b8",
              "clientId": "c1ce1834-7fec-4500-a350-28770a3335ab"
            }
          }
        ]
      }
    }
  ],
  "Variables": {
    "AZURE_AUTHORITY_HOST": "https://login.microsoftonline.com",
    "RandomSeed": "622450256",
    "RESOURCE_MANAGER_URL": null,
    "SUBSCRIPTION_ID": "db1ab6f0-4769-4b27-930e-01e2ef9c123c"
  }
}
