{
  "Entries": [
    {
      "RequestUri": "https://ads-perf-westeurope-pv.purview.azure.com/share/receivedShares/fd19de76-ced3-4199-99cc-001ad46fa5c5?api-version=2023-02-15-preview",
      "RequestMethod": "PUT",
      "RequestHeaders": {
        "Accept": "application/json",
        "Authorization": "Sanitized",
        "Content-Length": "403",
        "Content-Type": "application/json",
        "traceparent": "00-8980103aea918270b86c1c37b1965543-d7561da24dfb53cc-00",
        "User-Agent": "azsdk-net-Analytics.Purview.Share/1.0.3-alpha.20230213.1 (.NET 6.0.13; Microsoft Windows 10.0.22621)",
        "x-ms-client-request-id": "9ac8d75592076c4612a25c3e1e5b5ab1",
        "x-ms-return-client-request-id": "true"
      },
      "RequestBody": {
        "shareKind": "InPlace",
        "properties": {
          "sink": {
            "storeKind": "AdlsGen2Account",
            "storeReference": {
              "referenceName": "/subscriptions/0f3dcfc3-18f8-4099-b381-8353e19d43a7/resourceGroups/faisalaltell/providers/Microsoft.Storage/storageAccounts/ftreceiversan",
              "type": "ArmResourceReference"
            },
            "properties": {
              "containerName": "container213509",
              "folder": "folder213509",
              "mountPath": ""
            }
          },
          "displayName": "testDisplayName1"
        }
      },
      "StatusCode": 201,
      "ResponseHeaders": {
        "Azure-AsyncOperation": "https://ads-perf-westeurope-pv.purview.azure.com/share/operationResults/22822fb4-52d4-4858-b43e-3d6be7e87824?api-version=2023-02-15-preview",
        "Content-Length": "861",
        "Content-Type": "application/json; charset=utf-8",
        "Date": "Tue, 14 Feb 2023 01:10:45 GMT",
        "Location": "/receivedShares/fd19de76-ced3-4199-99cc-001ad46fa5c5/fd19de76-ced3-4199-99cc-001ad46fa5c5",
        "Operation-Id": "https://ads-perf-westeurope-pv.purview.azure.com/share/operationResults/22822fb4-52d4-4858-b43e-3d6be7e87824?api-version=2023-02-15-preview",
        "Operation-Location": "https://ads-perf-westeurope-pv.purview.azure.com/share/operationResults/22822fb4-52d4-4858-b43e-3d6be7e87824?api-version=2023-02-15-preview",
        "Server": "Kestrel",
        "Strict-Transport-Security": "max-age=31536000; includeSubDomains",
        "x-ms-correlation-request-id": "ca5ce0f0-ac5b-4faf-bfaf-810dd8769273"
      },
      "ResponseBody": {
        "properties": {
          "createdAt": "2023-02-14T01:06:38.1185272Z",
          "sharedAt": "2023-02-14T01:06:38.1185272Z",
          "displayName": "testDisplayName1",
          "provisioningState": "Creating",
          "shareStatus": "Attached",
          "sentShareDescription": "updatedDescription",
          "receiverName": "SyMS",
          "receiverTenantName": "Microsoft",
          "senderName": "SyMS",
          "senderTenantName": "Microsoft",
          "assetLocation": "southafricanorth",
          "assetStoreKind": "AdlsGen2Account",
          "sink": {
            "properties": {
              "containerName": "container213509",
              "folder": "folder213509",
              "mountPath": "",
              "location": "southafricanorth"
            },
            "storeKind": "AdlsGen2Account",
            "storeReference": {
              "referenceName": "/subscriptions/0f3dcfc3-18f8-4099-b381-8353e19d43a7/resourceGroups/faisalaltell/providers/Microsoft.Storage/storageAccounts/ftreceiversan",
              "type": "ArmResourceReference"
            }
          }
        },
        "shareKind": "InPlace",
        "id": "fd19de76-ced3-4199-99cc-001ad46fa5c5",
        "type": "ReceivedShare"
      }
    },
    {
      "RequestUri": "https://ads-perf-westeurope-pv.purview.azure.com/share/operationResults/22822fb4-52d4-4858-b43e-3d6be7e87824?api-version=2023-02-15-preview",
      "RequestMethod": "GET",
      "RequestHeaders": {
        "Authorization": "Sanitized",
        "traceparent": "00-8980103aea918270b86c1c37b1965543-d704b2c028063dda-00",
        "User-Agent": "azsdk-net-Analytics.Purview.Share/1.0.3-alpha.20230213.1 (.NET 6.0.13; Microsoft Windows 10.0.22621)",
        "x-ms-client-request-id": "8ba0548972d3b82d3052574b16fdf5fc",
        "x-ms-return-client-request-id": "true"
      },
      "RequestBody": null,
      "StatusCode": 200,
      "ResponseHeaders": {
        "Content-Length": "91",
        "Content-Type": "application/json; charset=utf-8",
        "Date": "Tue, 14 Feb 2023 01:10:46 GMT",
        "Server": "Kestrel",
        "Strict-Transport-Security": "max-age=31536000; includeSubDomains",
        "x-ms-correlation-request-id": "c75d5a21-da7f-4bdb-a758-d7b147f8ca1d"
      },
      "ResponseBody": {
        "startTime": "2023-02-14T01:10:46.6259746Z",
        "endTime": null,
        "status": "Running",
        "error": null
      }
    },
    {
      "RequestUri": "https://ads-perf-westeurope-pv.purview.azure.com/share/operationResults/22822fb4-52d4-4858-b43e-3d6be7e87824?api-version=2023-02-15-preview",
      "RequestMethod": "GET",
      "RequestHeaders": {
        "Authorization": "Sanitized",
        "traceparent": "00-8980103aea918270b86c1c37b1965543-2655c6b82bde901b-00",
        "User-Agent": "azsdk-net-Analytics.Purview.Share/1.0.3-alpha.20230213.1 (.NET 6.0.13; Microsoft Windows 10.0.22621)",
        "x-ms-client-request-id": "7ac33b2946d2dfc711a51988d6c0610e",
        "x-ms-return-client-request-id": "true"
      },
      "RequestBody": null,
      "StatusCode": 200,
      "ResponseHeaders": {
        "Content-Length": "91",
        "Content-Type": "application/json; charset=utf-8",
        "Date": "Tue, 14 Feb 2023 01:10:47 GMT",
        "Server": "Kestrel",
        "Strict-Transport-Security": "max-age=31536000; includeSubDomains",
        "x-ms-correlation-request-id": "11cd6d18-dfa4-47ca-88e5-87c48791523c"
      },
      "ResponseBody": {
        "startTime": "2023-02-14T01:10:46.6259746Z",
        "endTime": null,
        "status": "Running",
        "error": null
      }
    },
    {
      "RequestUri": "https://ads-perf-westeurope-pv.purview.azure.com/share/operationResults/22822fb4-52d4-4858-b43e-3d6be7e87824?api-version=2023-02-15-preview",
      "RequestMethod": "GET",
      "RequestHeaders": {
        "Authorization": "Sanitized",
        "traceparent": "00-8980103aea918270b86c1c37b1965543-813415c0eea94493-00",
        "User-Agent": "azsdk-net-Analytics.Purview.Share/1.0.3-alpha.20230213.1 (.NET 6.0.13; Microsoft Windows 10.0.22621)",
        "x-ms-client-request-id": "715344da4445e27ba9106ab43afa5515",
        "x-ms-return-client-request-id": "true"
      },
      "RequestBody": null,
      "StatusCode": 200,
      "ResponseHeaders": {
        "Content-Length": "91",
        "Content-Type": "application/json; charset=utf-8",
        "Date": "Tue, 14 Feb 2023 01:10:48 GMT",
        "Server": "Kestrel",
        "Strict-Transport-Security": "max-age=31536000; includeSubDomains",
        "x-ms-correlation-request-id": "0bda5487-f36e-4c6a-918c-8e837307fc05"
      },
      "ResponseBody": {
        "startTime": "2023-02-14T01:10:46.6259746Z",
        "endTime": null,
        "status": "Running",
        "error": null
      }
    },
    {
      "RequestUri": "https://ads-perf-westeurope-pv.purview.azure.com/share/operationResults/22822fb4-52d4-4858-b43e-3d6be7e87824?api-version=2023-02-15-preview",
      "RequestMethod": "GET",
      "RequestHeaders": {
        "Authorization": "Sanitized",
        "traceparent": "00-8980103aea918270b86c1c37b1965543-493a6d05273fbeb8-00",
        "User-Agent": "azsdk-net-Analytics.Purview.Share/1.0.3-alpha.20230213.1 (.NET 6.0.13; Microsoft Windows 10.0.22621)",
        "x-ms-client-request-id": "e2145fade09843df8dc0792d58a4e270",
        "x-ms-return-client-request-id": "true"
      },
      "RequestBody": null,
      "StatusCode": 200,
      "ResponseHeaders": {
        "Content-Length": "91",
        "Content-Type": "application/json; charset=utf-8",
        "Date": "Tue, 14 Feb 2023 01:10:50 GMT",
        "Server": "Kestrel",
        "Strict-Transport-Security": "max-age=31536000; includeSubDomains",
        "x-ms-correlation-request-id": "2b199e11-a7e4-416c-a5ca-24cde73d490c"
      },
      "ResponseBody": {
        "startTime": "2023-02-14T01:10:46.6259746Z",
        "endTime": null,
        "status": "Running",
        "error": null
      }
    },
    {
      "RequestUri": "https://ads-perf-westeurope-pv.purview.azure.com/share/operationResults/22822fb4-52d4-4858-b43e-3d6be7e87824?api-version=2023-02-15-preview",
      "RequestMethod": "GET",
      "RequestHeaders": {
        "Authorization": "Sanitized",
        "traceparent": "00-8980103aea918270b86c1c37b1965543-a8ca612dcddde00c-00",
        "User-Agent": "azsdk-net-Analytics.Purview.Share/1.0.3-alpha.20230213.1 (.NET 6.0.13; Microsoft Windows 10.0.22621)",
        "x-ms-client-request-id": "d27149f183aae4b6c0e0d0c1dc12a416",
        "x-ms-return-client-request-id": "true"
      },
      "RequestBody": null,
      "StatusCode": 200,
      "ResponseHeaders": {
        "Content-Length": "91",
        "Content-Type": "application/json; charset=utf-8",
        "Date": "Tue, 14 Feb 2023 01:10:51 GMT",
        "Server": "Kestrel",
        "Strict-Transport-Security": "max-age=31536000; includeSubDomains",
        "x-ms-correlation-request-id": "8ffe0ad3-5700-470b-a56b-679a7d87b6d5"
      },
      "ResponseBody": {
        "startTime": "2023-02-14T01:10:46.6259746Z",
        "endTime": null,
        "status": "Running",
        "error": null
      }
    },
    {
      "RequestUri": "https://ads-perf-westeurope-pv.purview.azure.com/share/operationResults/22822fb4-52d4-4858-b43e-3d6be7e87824?api-version=2023-02-15-preview",
      "RequestMethod": "GET",
      "RequestHeaders": {
        "Authorization": "Sanitized",
        "traceparent": "00-8980103aea918270b86c1c37b1965543-ac0708fc16c5ac2e-00",
        "User-Agent": "azsdk-net-Analytics.Purview.Share/1.0.3-alpha.20230213.1 (.NET 6.0.13; Microsoft Windows 10.0.22621)",
        "x-ms-client-request-id": "76db044f7eabfa75640fe484ca4d8a05",
        "x-ms-return-client-request-id": "true"
      },
      "RequestBody": null,
      "StatusCode": 200,
      "ResponseHeaders": {
        "Content-Length": "91",
        "Content-Type": "application/json; charset=utf-8",
        "Date": "Tue, 14 Feb 2023 01:10:53 GMT",
        "Server": "Kestrel",
        "Strict-Transport-Security": "max-age=31536000; includeSubDomains",
        "x-ms-correlation-request-id": "3f85514f-767c-4e4b-9fdc-2cd629740043"
      },
      "ResponseBody": {
        "startTime": "2023-02-14T01:10:46.6259746Z",
        "endTime": null,
        "status": "Running",
        "error": null
      }
    },
    {
      "RequestUri": "https://ads-perf-westeurope-pv.purview.azure.com/share/operationResults/22822fb4-52d4-4858-b43e-3d6be7e87824?api-version=2023-02-15-preview",
      "RequestMethod": "GET",
      "RequestHeaders": {
        "Authorization": "Sanitized",
        "traceparent": "00-8980103aea918270b86c1c37b1965543-984f94c3231a4745-00",
        "User-Agent": "azsdk-net-Analytics.Purview.Share/1.0.3-alpha.20230213.1 (.NET 6.0.13; Microsoft Windows 10.0.22621)",
        "x-ms-client-request-id": "f1c3fa2d8289296ba92f22b80f1d677b",
        "x-ms-return-client-request-id": "true"
      },
      "RequestBody": null,
      "StatusCode": 200,
      "ResponseHeaders": {
        "Content-Length": "91",
        "Content-Type": "application/json; charset=utf-8",
        "Date": "Tue, 14 Feb 2023 01:10:54 GMT",
        "Server": "Kestrel",
        "Strict-Transport-Security": "max-age=31536000; includeSubDomains",
        "x-ms-correlation-request-id": "42341dff-00c8-4708-91e2-922a895779bf"
      },
      "ResponseBody": {
        "startTime": "2023-02-14T01:10:46.6259746Z",
        "endTime": null,
        "status": "Running",
        "error": null
      }
    },
    {
      "RequestUri": "https://ads-perf-westeurope-pv.purview.azure.com/share/operationResults/22822fb4-52d4-4858-b43e-3d6be7e87824?api-version=2023-02-15-preview",
      "RequestMethod": "GET",
      "RequestHeaders": {
        "Authorization": "Sanitized",
        "traceparent": "00-8980103aea918270b86c1c37b1965543-81ccf6323b06cf72-00",
        "User-Agent": "azsdk-net-Analytics.Purview.Share/1.0.3-alpha.20230213.1 (.NET 6.0.13; Microsoft Windows 10.0.22621)",
        "x-ms-client-request-id": "54de631c6cc872c4d3776e9a9f311a73",
        "x-ms-return-client-request-id": "true"
      },
      "RequestBody": null,
      "StatusCode": 200,
      "ResponseHeaders": {
        "Content-Length": "91",
        "Content-Type": "application/json; charset=utf-8",
        "Date": "Tue, 14 Feb 2023 01:10:55 GMT",
        "Server": "Kestrel",
        "Strict-Transport-Security": "max-age=31536000; includeSubDomains",
        "x-ms-correlation-request-id": "7007bee4-4f9e-4009-a567-f86d90514bcc"
      },
      "ResponseBody": {
        "startTime": "2023-02-14T01:10:46.6259746Z",
        "endTime": null,
        "status": "Running",
        "error": null
      }
    },
    {
      "RequestUri": "https://ads-perf-westeurope-pv.purview.azure.com/share/operationResults/22822fb4-52d4-4858-b43e-3d6be7e87824?api-version=2023-02-15-preview",
      "RequestMethod": "GET",
      "RequestHeaders": {
        "Authorization": "Sanitized",
        "traceparent": "00-8980103aea918270b86c1c37b1965543-b5bdbf450c787a90-00",
        "User-Agent": "azsdk-net-Analytics.Purview.Share/1.0.3-alpha.20230213.1 (.NET 6.0.13; Microsoft Windows 10.0.22621)",
        "x-ms-client-request-id": "e294cb55b24ecd8d99b2cc7b5cbcea46",
        "x-ms-return-client-request-id": "true"
      },
      "RequestBody": null,
      "StatusCode": 200,
      "ResponseHeaders": {
        "Content-Length": "91",
        "Content-Type": "application/json; charset=utf-8",
        "Date": "Tue, 14 Feb 2023 01:10:57 GMT",
        "Server": "Kestrel",
        "Strict-Transport-Security": "max-age=31536000; includeSubDomains",
        "x-ms-correlation-request-id": "7d4fbcfa-bbaa-494c-97fe-969b9e57225c"
      },
      "ResponseBody": {
        "startTime": "2023-02-14T01:10:46.6259746Z",
        "endTime": null,
        "status": "Running",
        "error": null
      }
    },
    {
      "RequestUri": "https://ads-perf-westeurope-pv.purview.azure.com/share/operationResults/22822fb4-52d4-4858-b43e-3d6be7e87824?api-version=2023-02-15-preview",
      "RequestMethod": "GET",
      "RequestHeaders": {
        "Authorization": "Sanitized",
        "traceparent": "00-8980103aea918270b86c1c37b1965543-14fa827461569de8-00",
        "User-Agent": "azsdk-net-Analytics.Purview.Share/1.0.3-alpha.20230213.1 (.NET 6.0.13; Microsoft Windows 10.0.22621)",
        "x-ms-client-request-id": "676769a8366fc13c35511d1114d08a77",
        "x-ms-return-client-request-id": "true"
      },
      "RequestBody": null,
      "StatusCode": 200,
      "ResponseHeaders": {
        "Content-Length": "91",
        "Content-Type": "application/json; charset=utf-8",
        "Date": "Tue, 14 Feb 2023 01:10:58 GMT",
        "Server": "Kestrel",
        "Strict-Transport-Security": "max-age=31536000; includeSubDomains",
        "x-ms-correlation-request-id": "f7787c0f-ac6f-4715-b132-17fdbcd97285"
      },
      "ResponseBody": {
        "startTime": "2023-02-14T01:10:46.6259746Z",
        "endTime": null,
        "status": "Running",
        "error": null
      }
    },
    {
      "RequestUri": "https://ads-perf-westeurope-pv.purview.azure.com/share/operationResults/22822fb4-52d4-4858-b43e-3d6be7e87824?api-version=2023-02-15-preview",
      "RequestMethod": "GET",
      "RequestHeaders": {
        "Authorization": "Sanitized",
        "traceparent": "00-8980103aea918270b86c1c37b1965543-9d08856018d2af16-00",
        "User-Agent": "azsdk-net-Analytics.Purview.Share/1.0.3-alpha.20230213.1 (.NET 6.0.13; Microsoft Windows 10.0.22621)",
        "x-ms-client-request-id": "4462af1585896a2cd510ba169f491517",
        "x-ms-return-client-request-id": "true"
      },
      "RequestBody": null,
      "StatusCode": 200,
      "ResponseHeaders": {
        "Content-Length": "91",
        "Content-Type": "application/json; charset=utf-8",
        "Date": "Tue, 14 Feb 2023 01:10:59 GMT",
        "Server": "Kestrel",
        "Strict-Transport-Security": "max-age=31536000; includeSubDomains",
        "x-ms-correlation-request-id": "0740003e-66a5-459c-89ce-20f5a632ccf8"
      },
      "ResponseBody": {
        "startTime": "2023-02-14T01:10:46.6259746Z",
        "endTime": null,
        "status": "Running",
        "error": null
      }
    },
    {
      "RequestUri": "https://ads-perf-westeurope-pv.purview.azure.com/share/operationResults/22822fb4-52d4-4858-b43e-3d6be7e87824?api-version=2023-02-15-preview",
      "RequestMethod": "GET",
      "RequestHeaders": {
        "Authorization": "Sanitized",
        "traceparent": "00-8980103aea918270b86c1c37b1965543-daf57059951ae425-00",
        "User-Agent": "azsdk-net-Analytics.Purview.Share/1.0.3-alpha.20230213.1 (.NET 6.0.13; Microsoft Windows 10.0.22621)",
        "x-ms-client-request-id": "36f1278db2ca1f038ed2acfc947bb8c8",
        "x-ms-return-client-request-id": "true"
      },
      "RequestBody": null,
      "StatusCode": 200,
      "ResponseHeaders": {
        "Content-Length": "91",
        "Content-Type": "application/json; charset=utf-8",
        "Date": "Tue, 14 Feb 2023 01:11:01 GMT",
        "Server": "Kestrel",
        "Strict-Transport-Security": "max-age=31536000; includeSubDomains",
        "x-ms-correlation-request-id": "29f45b56-9e53-4c1c-ae10-b36602bdc5b9"
      },
      "ResponseBody": {
        "startTime": "2023-02-14T01:10:46.6259746Z",
        "endTime": null,
        "status": "Running",
        "error": null
      }
    },
    {
      "RequestUri": "https://ads-perf-westeurope-pv.purview.azure.com/share/operationResults/22822fb4-52d4-4858-b43e-3d6be7e87824?api-version=2023-02-15-preview",
      "RequestMethod": "GET",
      "RequestHeaders": {
        "Authorization": "Sanitized",
        "traceparent": "00-8980103aea918270b86c1c37b1965543-fdee26ded4bc0692-00",
        "User-Agent": "azsdk-net-Analytics.Purview.Share/1.0.3-alpha.20230213.1 (.NET 6.0.13; Microsoft Windows 10.0.22621)",
        "x-ms-client-request-id": "ad655527a55a23bd3cfd915e7b2522ec",
        "x-ms-return-client-request-id": "true"
      },
      "RequestBody": null,
      "StatusCode": 200,
      "ResponseHeaders": {
        "Content-Length": "91",
        "Content-Type": "application/json; charset=utf-8",
        "Date": "Tue, 14 Feb 2023 01:11:02 GMT",
        "Server": "Kestrel",
        "Strict-Transport-Security": "max-age=31536000; includeSubDomains",
        "x-ms-correlation-request-id": "3d889258-7c4b-4759-a8d0-63b456fe8082"
      },
      "ResponseBody": {
        "startTime": "2023-02-14T01:10:46.6259746Z",
        "endTime": null,
        "status": "Running",
        "error": null
      }
    },
    {
      "RequestUri": "https://ads-perf-westeurope-pv.purview.azure.com/share/operationResults/22822fb4-52d4-4858-b43e-3d6be7e87824?api-version=2023-02-15-preview",
      "RequestMethod": "GET",
      "RequestHeaders": {
        "Authorization": "Sanitized",
        "traceparent": "00-8980103aea918270b86c1c37b1965543-f7a00ceda405dc62-00",
        "User-Agent": "azsdk-net-Analytics.Purview.Share/1.0.3-alpha.20230213.1 (.NET 6.0.13; Microsoft Windows 10.0.22621)",
        "x-ms-client-request-id": "ec84063b54df63adab42b6b6d82fd55a",
        "x-ms-return-client-request-id": "true"
      },
      "RequestBody": null,
      "StatusCode": 200,
      "ResponseHeaders": {
        "Content-Length": "91",
        "Content-Type": "application/json; charset=utf-8",
        "Date": "Tue, 14 Feb 2023 01:11:03 GMT",
        "Server": "Kestrel",
        "Strict-Transport-Security": "max-age=31536000; includeSubDomains",
        "x-ms-correlation-request-id": "2a7ce79d-9ba7-4515-88d2-26e70331176b"
      },
      "ResponseBody": {
        "startTime": "2023-02-14T01:10:46.6259746Z",
        "endTime": null,
        "status": "Running",
        "error": null
      }
    },
    {
      "RequestUri": "https://ads-perf-westeurope-pv.purview.azure.com/share/operationResults/22822fb4-52d4-4858-b43e-3d6be7e87824?api-version=2023-02-15-preview",
      "RequestMethod": "GET",
      "RequestHeaders": {
        "Authorization": "Sanitized",
        "traceparent": "00-8980103aea918270b86c1c37b1965543-93629df6f874aaf5-00",
        "User-Agent": "azsdk-net-Analytics.Purview.Share/1.0.3-alpha.20230213.1 (.NET 6.0.13; Microsoft Windows 10.0.22621)",
        "x-ms-client-request-id": "4aeef25768e3e7bd6acdf9cc20a5a468",
        "x-ms-return-client-request-id": "true"
      },
      "RequestBody": null,
      "StatusCode": 200,
      "ResponseHeaders": {
        "Content-Length": "91",
        "Content-Type": "application/json; charset=utf-8",
        "Date": "Tue, 14 Feb 2023 01:11:05 GMT",
        "Server": "Kestrel",
        "Strict-Transport-Security": "max-age=31536000; includeSubDomains",
        "x-ms-correlation-request-id": "97954f95-12a8-4194-ab7b-57bb5dc3d8d4"
      },
      "ResponseBody": {
        "startTime": "2023-02-14T01:10:46.6259746Z",
        "endTime": null,
        "status": "Running",
        "error": null
      }
    },
    {
      "RequestUri": "https://ads-perf-westeurope-pv.purview.azure.com/share/operationResults/22822fb4-52d4-4858-b43e-3d6be7e87824?api-version=2023-02-15-preview",
      "RequestMethod": "GET",
      "RequestHeaders": {
        "Authorization": "Sanitized",
        "traceparent": "00-8980103aea918270b86c1c37b1965543-b46885374655705b-00",
        "User-Agent": "azsdk-net-Analytics.Purview.Share/1.0.3-alpha.20230213.1 (.NET 6.0.13; Microsoft Windows 10.0.22621)",
        "x-ms-client-request-id": "8ec1c0b0ccf6d3e9a7010217ef064b0c",
        "x-ms-return-client-request-id": "true"
      },
      "RequestBody": null,
      "StatusCode": 200,
      "ResponseHeaders": {
        "Content-Length": "91",
        "Content-Type": "application/json; charset=utf-8",
        "Date": "Tue, 14 Feb 2023 01:11:06 GMT",
        "Server": "Kestrel",
        "Strict-Transport-Security": "max-age=31536000; includeSubDomains",
        "x-ms-correlation-request-id": "9374fb81-ad74-4173-ad45-c9f01d59d33d"
      },
      "ResponseBody": {
        "startTime": "2023-02-14T01:10:46.6259746Z",
        "endTime": null,
        "status": "Running",
        "error": null
      }
    },
    {
      "RequestUri": "https://ads-perf-westeurope-pv.purview.azure.com/share/operationResults/22822fb4-52d4-4858-b43e-3d6be7e87824?api-version=2023-02-15-preview",
      "RequestMethod": "GET",
      "RequestHeaders": {
        "Authorization": "Sanitized",
        "traceparent": "00-8980103aea918270b86c1c37b1965543-45cf699c0288cef7-00",
        "User-Agent": "azsdk-net-Analytics.Purview.Share/1.0.3-alpha.20230213.1 (.NET 6.0.13; Microsoft Windows 10.0.22621)",
        "x-ms-client-request-id": "88063728d737d308499c82115ae14305",
        "x-ms-return-client-request-id": "true"
      },
      "RequestBody": null,
      "StatusCode": 200,
      "ResponseHeaders": {
        "Content-Length": "91",
        "Content-Type": "application/json; charset=utf-8",
        "Date": "Tue, 14 Feb 2023 01:11:07 GMT",
        "Server": "Kestrel",
        "Strict-Transport-Security": "max-age=31536000; includeSubDomains",
        "x-ms-correlation-request-id": "de3fd958-fed4-45da-b889-85c3303afc51"
      },
      "ResponseBody": {
        "startTime": "2023-02-14T01:10:46.6259746Z",
        "endTime": null,
        "status": "Running",
        "error": null
      }
    },
    {
      "RequestUri": "https://ads-perf-westeurope-pv.purview.azure.com/share/operationResults/22822fb4-52d4-4858-b43e-3d6be7e87824?api-version=2023-02-15-preview",
      "RequestMethod": "GET",
      "RequestHeaders": {
        "Authorization": "Sanitized",
        "traceparent": "00-8980103aea918270b86c1c37b1965543-f2c9b157ac71ba52-00",
        "User-Agent": "azsdk-net-Analytics.Purview.Share/1.0.3-alpha.20230213.1 (.NET 6.0.13; Microsoft Windows 10.0.22621)",
        "x-ms-client-request-id": "18064d9e466e8b64081ba2e266a5f863",
        "x-ms-return-client-request-id": "true"
      },
      "RequestBody": null,
      "StatusCode": 200,
      "ResponseHeaders": {
        "Content-Length": "91",
        "Content-Type": "application/json; charset=utf-8",
        "Date": "Tue, 14 Feb 2023 01:11:09 GMT",
        "Server": "Kestrel",
        "Strict-Transport-Security": "max-age=31536000; includeSubDomains",
        "x-ms-correlation-request-id": "0080a398-5087-48ed-b7aa-9349495db2f1"
      },
      "ResponseBody": {
        "startTime": "2023-02-14T01:10:46.6259746Z",
        "endTime": null,
        "status": "Running",
        "error": null
      }
    },
    {
      "RequestUri": "https://ads-perf-westeurope-pv.purview.azure.com/share/operationResults/22822fb4-52d4-4858-b43e-3d6be7e87824?api-version=2023-02-15-preview",
      "RequestMethod": "GET",
      "RequestHeaders": {
        "Authorization": "Sanitized",
        "traceparent": "00-8980103aea918270b86c1c37b1965543-cb2c1b6578ff3412-00",
        "User-Agent": "azsdk-net-Analytics.Purview.Share/1.0.3-alpha.20230213.1 (.NET 6.0.13; Microsoft Windows 10.0.22621)",
        "x-ms-client-request-id": "e9a3ec821b9ed831b8ed445949d878c6",
        "x-ms-return-client-request-id": "true"
      },
      "RequestBody": null,
      "StatusCode": 200,
      "ResponseHeaders": {
        "Content-Length": "91",
        "Content-Type": "application/json; charset=utf-8",
        "Date": "Tue, 14 Feb 2023 01:11:10 GMT",
        "Server": "Kestrel",
        "Strict-Transport-Security": "max-age=31536000; includeSubDomains",
        "x-ms-correlation-request-id": "1511c35e-fe6b-4f2b-b13b-3cbeacec9008"
      },
      "ResponseBody": {
        "startTime": "2023-02-14T01:10:46.6259746Z",
        "endTime": null,
        "status": "Running",
        "error": null
      }
    },
    {
      "RequestUri": "https://ads-perf-westeurope-pv.purview.azure.com/share/operationResults/22822fb4-52d4-4858-b43e-3d6be7e87824?api-version=2023-02-15-preview",
      "RequestMethod": "GET",
      "RequestHeaders": {
        "Authorization": "Sanitized",
        "traceparent": "00-8980103aea918270b86c1c37b1965543-849bd697ff1f2984-00",
        "User-Agent": "azsdk-net-Analytics.Purview.Share/1.0.3-alpha.20230213.1 (.NET 6.0.13; Microsoft Windows 10.0.22621)",
        "x-ms-client-request-id": "a178fcbe3300e19ed27a801b35266da3",
        "x-ms-return-client-request-id": "true"
      },
      "RequestBody": null,
      "StatusCode": 200,
      "ResponseHeaders": {
        "Content-Length": "91",
        "Content-Type": "application/json; charset=utf-8",
        "Date": "Tue, 14 Feb 2023 01:11:11 GMT",
        "Server": "Kestrel",
        "Strict-Transport-Security": "max-age=31536000; includeSubDomains",
        "x-ms-correlation-request-id": "9acb1306-4974-402c-b4bd-775b4a6fbc37"
      },
      "ResponseBody": {
        "startTime": "2023-02-14T01:10:46.6259746Z",
        "endTime": null,
        "status": "Running",
        "error": null
      }
    },
    {
      "RequestUri": "https://ads-perf-westeurope-pv.purview.azure.com/share/operationResults/22822fb4-52d4-4858-b43e-3d6be7e87824?api-version=2023-02-15-preview",
      "RequestMethod": "GET",
      "RequestHeaders": {
        "Authorization": "Sanitized",
        "traceparent": "00-8980103aea918270b86c1c37b1965543-84734cc4cfb984d7-00",
        "User-Agent": "azsdk-net-Analytics.Purview.Share/1.0.3-alpha.20230213.1 (.NET 6.0.13; Microsoft Windows 10.0.22621)",
        "x-ms-client-request-id": "6d8e1ea4593d82661b2d5f80020a4230",
        "x-ms-return-client-request-id": "true"
      },
      "RequestBody": null,
      "StatusCode": 200,
      "ResponseHeaders": {
        "Content-Length": "91",
        "Content-Type": "application/json; charset=utf-8",
        "Date": "Tue, 14 Feb 2023 01:11:13 GMT",
        "Server": "Kestrel",
        "Strict-Transport-Security": "max-age=31536000; includeSubDomains",
        "x-ms-correlation-request-id": "cc33bccd-9d1f-472a-950d-5a9f9124824d"
      },
      "ResponseBody": {
        "startTime": "2023-02-14T01:10:46.6259746Z",
        "endTime": null,
        "status": "Running",
        "error": null
      }
    },
    {
      "RequestUri": "https://ads-perf-westeurope-pv.purview.azure.com/share/operationResults/22822fb4-52d4-4858-b43e-3d6be7e87824?api-version=2023-02-15-preview",
      "RequestMethod": "GET",
      "RequestHeaders": {
        "Authorization": "Sanitized",
        "traceparent": "00-8980103aea918270b86c1c37b1965543-4cf3be56b76e5597-00",
        "User-Agent": "azsdk-net-Analytics.Purview.Share/1.0.3-alpha.20230213.1 (.NET 6.0.13; Microsoft Windows 10.0.22621)",
        "x-ms-client-request-id": "6923dba3562d4f634ec116249b16a392",
        "x-ms-return-client-request-id": "true"
      },
      "RequestBody": null,
      "StatusCode": 200,
      "ResponseHeaders": {
        "Content-Length": "91",
        "Content-Type": "application/json; charset=utf-8",
        "Date": "Tue, 14 Feb 2023 01:11:14 GMT",
        "Server": "Kestrel",
        "Strict-Transport-Security": "max-age=31536000; includeSubDomains",
        "x-ms-correlation-request-id": "317040cc-5f86-42dc-bbf8-a210b7a4ccb2"
      },
      "ResponseBody": {
        "startTime": "2023-02-14T01:10:46.6259746Z",
        "endTime": null,
        "status": "Running",
        "error": null
      }
    },
    {
      "RequestUri": "https://ads-perf-westeurope-pv.purview.azure.com/share/operationResults/22822fb4-52d4-4858-b43e-3d6be7e87824?api-version=2023-02-15-preview",
      "RequestMethod": "GET",
      "RequestHeaders": {
        "Authorization": "Sanitized",
        "traceparent": "00-8980103aea918270b86c1c37b1965543-90108c18ae416ea3-00",
        "User-Agent": "azsdk-net-Analytics.Purview.Share/1.0.3-alpha.20230213.1 (.NET 6.0.13; Microsoft Windows 10.0.22621)",
        "x-ms-client-request-id": "2bb5a1800a49658995f685d2d31ddfc8",
        "x-ms-return-client-request-id": "true"
      },
      "RequestBody": null,
      "StatusCode": 200,
      "ResponseHeaders": {
        "Content-Length": "91",
        "Content-Type": "application/json; charset=utf-8",
        "Date": "Tue, 14 Feb 2023 01:11:15 GMT",
        "Server": "Kestrel",
        "Strict-Transport-Security": "max-age=31536000; includeSubDomains",
        "x-ms-correlation-request-id": "d1f5709d-c6d4-473b-bf8e-61b2d9a0646b"
      },
      "ResponseBody": {
        "startTime": "2023-02-14T01:10:46.6259746Z",
        "endTime": null,
        "status": "Running",
        "error": null
      }
    },
    {
      "RequestUri": "https://ads-perf-westeurope-pv.purview.azure.com/share/operationResults/22822fb4-52d4-4858-b43e-3d6be7e87824?api-version=2023-02-15-preview",
      "RequestMethod": "GET",
      "RequestHeaders": {
        "Authorization": "Sanitized",
        "traceparent": "00-8980103aea918270b86c1c37b1965543-4d106aaf2484af80-00",
        "User-Agent": "azsdk-net-Analytics.Purview.Share/1.0.3-alpha.20230213.1 (.NET 6.0.13; Microsoft Windows 10.0.22621)",
        "x-ms-client-request-id": "5978503803024d76ba3f1f7b4242e605",
        "x-ms-return-client-request-id": "true"
      },
      "RequestBody": null,
      "StatusCode": 200,
      "ResponseHeaders": {
        "Content-Length": "91",
        "Content-Type": "application/json; charset=utf-8",
        "Date": "Tue, 14 Feb 2023 01:11:17 GMT",
        "Server": "Kestrel",
        "Strict-Transport-Security": "max-age=31536000; includeSubDomains",
        "x-ms-correlation-request-id": "413e0eca-171c-4146-a0e9-a123e9712a98"
      },
      "ResponseBody": {
        "startTime": "2023-02-14T01:10:46.6259746Z",
        "endTime": null,
        "status": "Running",
        "error": null
      }
    },
    {
      "RequestUri": "https://ads-perf-westeurope-pv.purview.azure.com/share/operationResults/22822fb4-52d4-4858-b43e-3d6be7e87824?api-version=2023-02-15-preview",
      "RequestMethod": "GET",
      "RequestHeaders": {
        "Authorization": "Sanitized",
        "traceparent": "00-8980103aea918270b86c1c37b1965543-7280bdcdd6ffbd93-00",
        "User-Agent": "azsdk-net-Analytics.Purview.Share/1.0.3-alpha.20230213.1 (.NET 6.0.13; Microsoft Windows 10.0.22621)",
        "x-ms-client-request-id": "6100cd8a165498e652bed436d0917b31",
        "x-ms-return-client-request-id": "true"
      },
      "RequestBody": null,
      "StatusCode": 200,
      "ResponseHeaders": {
        "Content-Length": "91",
        "Content-Type": "application/json; charset=utf-8",
        "Date": "Tue, 14 Feb 2023 01:11:18 GMT",
        "Server": "Kestrel",
        "Strict-Transport-Security": "max-age=31536000; includeSubDomains",
        "x-ms-correlation-request-id": "439c8816-6b1d-4d96-9595-43b2f25c526b"
      },
      "ResponseBody": {
        "startTime": "2023-02-14T01:10:46.6259746Z",
        "endTime": null,
        "status": "Running",
        "error": null
      }
    },
    {
      "RequestUri": "https://ads-perf-westeurope-pv.purview.azure.com/share/operationResults/22822fb4-52d4-4858-b43e-3d6be7e87824?api-version=2023-02-15-preview",
      "RequestMethod": "GET",
      "RequestHeaders": {
        "Authorization": "Sanitized",
        "traceparent": "00-8980103aea918270b86c1c37b1965543-4dbc8798ed38dde7-00",
        "User-Agent": "azsdk-net-Analytics.Purview.Share/1.0.3-alpha.20230213.1 (.NET 6.0.13; Microsoft Windows 10.0.22621)",
        "x-ms-client-request-id": "4beb4ee2499d7c8f2a68700aeb0d2252",
        "x-ms-return-client-request-id": "true"
      },
      "RequestBody": null,
      "StatusCode": 200,
      "ResponseHeaders": {
        "Content-Length": "91",
        "Content-Type": "application/json; charset=utf-8",
        "Date": "Tue, 14 Feb 2023 01:11:19 GMT",
        "Server": "Kestrel",
        "Strict-Transport-Security": "max-age=31536000; includeSubDomains",
        "x-ms-correlation-request-id": "96b6ab84-a0e7-4a06-921d-d977357abbab"
      },
      "ResponseBody": {
        "startTime": "2023-02-14T01:10:46.6259746Z",
        "endTime": null,
        "status": "Running",
        "error": null
      }
    },
    {
      "RequestUri": "https://ads-perf-westeurope-pv.purview.azure.com/share/operationResults/22822fb4-52d4-4858-b43e-3d6be7e87824?api-version=2023-02-15-preview",
      "RequestMethod": "GET",
      "RequestHeaders": {
        "Authorization": "Sanitized",
        "traceparent": "00-8980103aea918270b86c1c37b1965543-12ab2b478c3095e8-00",
        "User-Agent": "azsdk-net-Analytics.Purview.Share/1.0.3-alpha.20230213.1 (.NET 6.0.13; Microsoft Windows 10.0.22621)",
        "x-ms-client-request-id": "05487f0f7d1c217369df07442f407c29",
        "x-ms-return-client-request-id": "true"
      },
      "RequestBody": null,
      "StatusCode": 200,
      "ResponseHeaders": {
        "Content-Length": "91",
        "Content-Type": "application/json; charset=utf-8",
        "Date": "Tue, 14 Feb 2023 01:11:21 GMT",
        "Server": "Kestrel",
        "Strict-Transport-Security": "max-age=31536000; includeSubDomains",
        "x-ms-correlation-request-id": "b32ad0c6-179e-4af8-b404-7d1bc94e563d"
      },
      "ResponseBody": {
        "startTime": "2023-02-14T01:10:46.6259746Z",
        "endTime": null,
        "status": "Running",
        "error": null
      }
    },
    {
      "RequestUri": "https://ads-perf-westeurope-pv.purview.azure.com/share/operationResults/22822fb4-52d4-4858-b43e-3d6be7e87824?api-version=2023-02-15-preview",
      "RequestMethod": "GET",
      "RequestHeaders": {
        "Authorization": "Sanitized",
        "traceparent": "00-8980103aea918270b86c1c37b1965543-366b914b15f961a2-00",
        "User-Agent": "azsdk-net-Analytics.Purview.Share/1.0.3-alpha.20230213.1 (.NET 6.0.13; Microsoft Windows 10.0.22621)",
        "x-ms-client-request-id": "f498edc39b5740683e8336eba5dbad44",
        "x-ms-return-client-request-id": "true"
      },
      "RequestBody": null,
      "StatusCode": 200,
      "ResponseHeaders": {
        "Content-Length": "91",
        "Content-Type": "application/json; charset=utf-8",
        "Date": "Tue, 14 Feb 2023 01:11:22 GMT",
        "Server": "Kestrel",
        "Strict-Transport-Security": "max-age=31536000; includeSubDomains",
        "x-ms-correlation-request-id": "685c29a5-891a-472b-9e81-c99fcf9da5e5"
      },
      "ResponseBody": {
        "startTime": "2023-02-14T01:10:46.6259746Z",
        "endTime": null,
        "status": "Running",
        "error": null
      }
    },
    {
      "RequestUri": "https://ads-perf-westeurope-pv.purview.azure.com/share/operationResults/22822fb4-52d4-4858-b43e-3d6be7e87824?api-version=2023-02-15-preview",
      "RequestMethod": "GET",
      "RequestHeaders": {
        "Authorization": "Sanitized",
        "traceparent": "00-8980103aea918270b86c1c37b1965543-3053661b660ee4a7-00",
        "User-Agent": "azsdk-net-Analytics.Purview.Share/1.0.3-alpha.20230213.1 (.NET 6.0.13; Microsoft Windows 10.0.22621)",
        "x-ms-client-request-id": "5026819b76486414dac9e1be424a4dea",
        "x-ms-return-client-request-id": "true"
      },
      "RequestBody": null,
      "StatusCode": 200,
      "ResponseHeaders": {
        "Content-Length": "91",
        "Content-Type": "application/json; charset=utf-8",
        "Date": "Tue, 14 Feb 2023 01:11:23 GMT",
        "Server": "Kestrel",
        "Strict-Transport-Security": "max-age=31536000; includeSubDomains",
        "x-ms-correlation-request-id": "1ac46f51-0377-480b-80a5-cc7127193530"
      },
      "ResponseBody": {
        "startTime": "2023-02-14T01:10:46.6259746Z",
        "endTime": null,
        "status": "Running",
        "error": null
      }
    },
    {
      "RequestUri": "https://ads-perf-westeurope-pv.purview.azure.com/share/operationResults/22822fb4-52d4-4858-b43e-3d6be7e87824?api-version=2023-02-15-preview",
      "RequestMethod": "GET",
      "RequestHeaders": {
        "Authorization": "Sanitized",
        "traceparent": "00-8980103aea918270b86c1c37b1965543-501207317247b982-00",
        "User-Agent": "azsdk-net-Analytics.Purview.Share/1.0.3-alpha.20230213.1 (.NET 6.0.13; Microsoft Windows 10.0.22621)",
        "x-ms-client-request-id": "fe4747ec2d7474fb1708c79946877b8d",
        "x-ms-return-client-request-id": "true"
      },
      "RequestBody": null,
      "StatusCode": 200,
      "ResponseHeaders": {
        "Content-Length": "91",
        "Content-Type": "application/json; charset=utf-8",
        "Date": "Tue, 14 Feb 2023 01:11:25 GMT",
        "Server": "Kestrel",
        "Strict-Transport-Security": "max-age=31536000; includeSubDomains",
        "x-ms-correlation-request-id": "e5511008-46da-42c0-92d6-3ca4773311fa"
      },
      "ResponseBody": {
        "startTime": "2023-02-14T01:10:46.6259746Z",
        "endTime": null,
        "status": "Running",
        "error": null
      }
    },
    {
      "RequestUri": "https://ads-perf-westeurope-pv.purview.azure.com/share/operationResults/22822fb4-52d4-4858-b43e-3d6be7e87824?api-version=2023-02-15-preview",
      "RequestMethod": "GET",
      "RequestHeaders": {
        "Authorization": "Sanitized",
        "traceparent": "00-8980103aea918270b86c1c37b1965543-bb0af128323396c0-00",
        "User-Agent": "azsdk-net-Analytics.Purview.Share/1.0.3-alpha.20230213.1 (.NET 6.0.13; Microsoft Windows 10.0.22621)",
        "x-ms-client-request-id": "aea9c2312b194ce0d834198db9a9fef4",
        "x-ms-return-client-request-id": "true"
      },
      "RequestBody": null,
      "StatusCode": 200,
      "ResponseHeaders": {
        "Content-Length": "91",
        "Content-Type": "application/json; charset=utf-8",
        "Date": "Tue, 14 Feb 2023 01:11:26 GMT",
        "Server": "Kestrel",
        "Strict-Transport-Security": "max-age=31536000; includeSubDomains",
        "x-ms-correlation-request-id": "f85e891b-dac4-46ef-9bba-ef9de5fc3393"
      },
      "ResponseBody": {
        "startTime": "2023-02-14T01:10:46.6259746Z",
        "endTime": null,
        "status": "Running",
        "error": null
      }
    },
    {
      "RequestUri": "https://ads-perf-westeurope-pv.purview.azure.com/share/operationResults/22822fb4-52d4-4858-b43e-3d6be7e87824?api-version=2023-02-15-preview",
      "RequestMethod": "GET",
      "RequestHeaders": {
        "Authorization": "Sanitized",
        "traceparent": "00-8980103aea918270b86c1c37b1965543-c883b18bdc2d37fd-00",
        "User-Agent": "azsdk-net-Analytics.Purview.Share/1.0.3-alpha.20230213.1 (.NET 6.0.13; Microsoft Windows 10.0.22621)",
        "x-ms-client-request-id": "5eff4c36af946dd085b13940af7b1d52",
        "x-ms-return-client-request-id": "true"
      },
      "RequestBody": null,
      "StatusCode": 200,
      "ResponseHeaders": {
        "Content-Length": "91",
        "Content-Type": "application/json; charset=utf-8",
        "Date": "Tue, 14 Feb 2023 01:11:27 GMT",
        "Server": "Kestrel",
        "Strict-Transport-Security": "max-age=31536000; includeSubDomains",
        "x-ms-correlation-request-id": "9823e3f0-f300-43fa-bd62-65e1aba1ca67"
      },
      "ResponseBody": {
        "startTime": "2023-02-14T01:10:46.6259746Z",
        "endTime": null,
        "status": "Running",
        "error": null
      }
    },
    {
      "RequestUri": "https://ads-perf-westeurope-pv.purview.azure.com/share/operationResults/22822fb4-52d4-4858-b43e-3d6be7e87824?api-version=2023-02-15-preview",
      "RequestMethod": "GET",
      "RequestHeaders": {
        "Authorization": "Sanitized",
        "traceparent": "00-8980103aea918270b86c1c37b1965543-4322e2d25d360e65-00",
        "User-Agent": "azsdk-net-Analytics.Purview.Share/1.0.3-alpha.20230213.1 (.NET 6.0.13; Microsoft Windows 10.0.22621)",
        "x-ms-client-request-id": "7f8c534d9fa1c1d066fa2540136ebb6e",
        "x-ms-return-client-request-id": "true"
      },
      "RequestBody": null,
      "StatusCode": 200,
      "ResponseHeaders": {
        "Content-Length": "91",
        "Content-Type": "application/json; charset=utf-8",
        "Date": "Tue, 14 Feb 2023 01:11:28 GMT",
        "Server": "Kestrel",
        "Strict-Transport-Security": "max-age=31536000; includeSubDomains",
        "x-ms-correlation-request-id": "169f0db8-ff38-4a4e-ad0e-16c472b608f3"
      },
      "ResponseBody": {
        "startTime": "2023-02-14T01:10:46.6259746Z",
        "endTime": null,
        "status": "Running",
        "error": null
      }
    },
    {
      "RequestUri": "https://ads-perf-westeurope-pv.purview.azure.com/share/operationResults/22822fb4-52d4-4858-b43e-3d6be7e87824?api-version=2023-02-15-preview",
      "RequestMethod": "GET",
      "RequestHeaders": {
        "Authorization": "Sanitized",
        "traceparent": "00-8980103aea918270b86c1c37b1965543-8ed72e826d13662f-00",
        "User-Agent": "azsdk-net-Analytics.Purview.Share/1.0.3-alpha.20230213.1 (.NET 6.0.13; Microsoft Windows 10.0.22621)",
        "x-ms-client-request-id": "fa63d3091d8882f9f23b2868f2a09d5c",
        "x-ms-return-client-request-id": "true"
      },
      "RequestBody": null,
      "StatusCode": 200,
      "ResponseHeaders": {
        "Content-Length": "91",
        "Content-Type": "application/json; charset=utf-8",
        "Date": "Tue, 14 Feb 2023 01:11:30 GMT",
        "Server": "Kestrel",
        "Strict-Transport-Security": "max-age=31536000; includeSubDomains",
        "x-ms-correlation-request-id": "2cf1f03d-2775-4e10-be17-9bd32bb2aa74"
      },
      "ResponseBody": {
        "startTime": "2023-02-14T01:10:46.6259746Z",
        "endTime": null,
        "status": "Running",
        "error": null
      }
    },
    {
      "RequestUri": "https://ads-perf-westeurope-pv.purview.azure.com/share/operationResults/22822fb4-52d4-4858-b43e-3d6be7e87824?api-version=2023-02-15-preview",
      "RequestMethod": "GET",
      "RequestHeaders": {
        "Authorization": "Sanitized",
        "traceparent": "00-8980103aea918270b86c1c37b1965543-60cce09d80e2abf2-00",
        "User-Agent": "azsdk-net-Analytics.Purview.Share/1.0.3-alpha.20230213.1 (.NET 6.0.13; Microsoft Windows 10.0.22621)",
        "x-ms-client-request-id": "653fc7167f1c97527c3ef89a898f5a17",
        "x-ms-return-client-request-id": "true"
      },
      "RequestBody": null,
      "StatusCode": 200,
      "ResponseHeaders": {
        "Content-Length": "91",
        "Content-Type": "application/json; charset=utf-8",
        "Date": "Tue, 14 Feb 2023 01:11:31 GMT",
        "Server": "Kestrel",
        "Strict-Transport-Security": "max-age=31536000; includeSubDomains",
        "x-ms-correlation-request-id": "7da71b38-b1e1-48c2-9ab0-fc3d791b764d"
      },
      "ResponseBody": {
        "startTime": "2023-02-14T01:10:46.6259746Z",
        "endTime": null,
        "status": "Running",
        "error": null
      }
    },
    {
      "RequestUri": "https://ads-perf-westeurope-pv.purview.azure.com/share/operationResults/22822fb4-52d4-4858-b43e-3d6be7e87824?api-version=2023-02-15-preview",
      "RequestMethod": "GET",
      "RequestHeaders": {
        "Authorization": "Sanitized",
        "traceparent": "00-8980103aea918270b86c1c37b1965543-91ede437e05feadf-00",
        "User-Agent": "azsdk-net-Analytics.Purview.Share/1.0.3-alpha.20230213.1 (.NET 6.0.13; Microsoft Windows 10.0.22621)",
        "x-ms-client-request-id": "db36caf6231830ca5a0a8c667668cfc5",
        "x-ms-return-client-request-id": "true"
      },
      "RequestBody": null,
      "StatusCode": 200,
      "ResponseHeaders": {
        "Content-Length": "91",
        "Content-Type": "application/json; charset=utf-8",
        "Date": "Tue, 14 Feb 2023 01:11:33 GMT",
        "Server": "Kestrel",
        "Strict-Transport-Security": "max-age=31536000; includeSubDomains",
        "x-ms-correlation-request-id": "edcb0730-59df-4c65-a502-1dbad918374b"
      },
      "ResponseBody": {
        "startTime": "2023-02-14T01:10:46.6259746Z",
        "endTime": null,
        "status": "Running",
        "error": null
      }
    },
    {
      "RequestUri": "https://ads-perf-westeurope-pv.purview.azure.com/share/operationResults/22822fb4-52d4-4858-b43e-3d6be7e87824?api-version=2023-02-15-preview",
      "RequestMethod": "GET",
      "RequestHeaders": {
        "Authorization": "Sanitized",
        "traceparent": "00-8980103aea918270b86c1c37b1965543-e605def74ed8e2c1-00",
        "User-Agent": "azsdk-net-Analytics.Purview.Share/1.0.3-alpha.20230213.1 (.NET 6.0.13; Microsoft Windows 10.0.22621)",
        "x-ms-client-request-id": "4c29c85c552e8a5280cb7d4a245ff863",
        "x-ms-return-client-request-id": "true"
      },
      "RequestBody": null,
      "StatusCode": 200,
      "ResponseHeaders": {
        "Content-Length": "91",
        "Content-Type": "application/json; charset=utf-8",
        "Date": "Tue, 14 Feb 2023 01:11:34 GMT",
        "Server": "Kestrel",
        "Strict-Transport-Security": "max-age=31536000; includeSubDomains",
        "x-ms-correlation-request-id": "60320a97-f7a1-4916-aa31-76edab1724f9"
      },
      "ResponseBody": {
        "startTime": "2023-02-14T01:10:46.6259746Z",
        "endTime": null,
        "status": "Running",
        "error": null
      }
    },
    {
      "RequestUri": "https://ads-perf-westeurope-pv.purview.azure.com/share/operationResults/22822fb4-52d4-4858-b43e-3d6be7e87824?api-version=2023-02-15-preview",
      "RequestMethod": "GET",
      "RequestHeaders": {
        "Authorization": "Sanitized",
        "traceparent": "00-8980103aea918270b86c1c37b1965543-6bd1a2b4d37304fe-00",
        "User-Agent": "azsdk-net-Analytics.Purview.Share/1.0.3-alpha.20230213.1 (.NET 6.0.13; Microsoft Windows 10.0.22621)",
        "x-ms-client-request-id": "277110e1c269f244fc0f0a11f2ec2014",
        "x-ms-return-client-request-id": "true"
      },
      "RequestBody": null,
      "StatusCode": 200,
      "ResponseHeaders": {
        "Content-Length": "91",
        "Content-Type": "application/json; charset=utf-8",
        "Date": "Tue, 14 Feb 2023 01:11:35 GMT",
        "Server": "Kestrel",
        "Strict-Transport-Security": "max-age=31536000; includeSubDomains",
        "x-ms-correlation-request-id": "62a2baf0-4a0e-4e72-b0cc-40d918ba3ea3"
      },
      "ResponseBody": {
        "startTime": "2023-02-14T01:10:46.6259746Z",
        "endTime": null,
        "status": "Running",
        "error": null
      }
    },
    {
      "RequestUri": "https://ads-perf-westeurope-pv.purview.azure.com/share/operationResults/22822fb4-52d4-4858-b43e-3d6be7e87824?api-version=2023-02-15-preview",
      "RequestMethod": "GET",
      "RequestHeaders": {
        "Authorization": "Sanitized",
        "traceparent": "00-8980103aea918270b86c1c37b1965543-e2d262ec08a554f7-00",
        "User-Agent": "azsdk-net-Analytics.Purview.Share/1.0.3-alpha.20230213.1 (.NET 6.0.13; Microsoft Windows 10.0.22621)",
        "x-ms-client-request-id": "c03d326e0d65a0e978ac5b4ca57f0bfb",
        "x-ms-return-client-request-id": "true"
      },
      "RequestBody": null,
      "StatusCode": 200,
      "ResponseHeaders": {
        "Content-Length": "91",
        "Content-Type": "application/json; charset=utf-8",
        "Date": "Tue, 14 Feb 2023 01:11:36 GMT",
        "Server": "Kestrel",
        "Strict-Transport-Security": "max-age=31536000; includeSubDomains",
        "x-ms-correlation-request-id": "d580b502-6d43-4a56-835c-fd1e466d819b"
      },
      "ResponseBody": {
        "startTime": "2023-02-14T01:10:46.6259746Z",
        "endTime": null,
        "status": "Running",
        "error": null
      }
    },
    {
      "RequestUri": "https://ads-perf-westeurope-pv.purview.azure.com/share/operationResults/22822fb4-52d4-4858-b43e-3d6be7e87824?api-version=2023-02-15-preview",
      "RequestMethod": "GET",
      "RequestHeaders": {
        "Authorization": "Sanitized",
        "traceparent": "00-8980103aea918270b86c1c37b1965543-9cd49adbacd9d652-00",
        "User-Agent": "azsdk-net-Analytics.Purview.Share/1.0.3-alpha.20230213.1 (.NET 6.0.13; Microsoft Windows 10.0.22621)",
        "x-ms-client-request-id": "65842912a7f69a5c84364f1f4a409793",
        "x-ms-return-client-request-id": "true"
      },
      "RequestBody": null,
      "StatusCode": 200,
      "ResponseHeaders": {
        "Content-Length": "91",
        "Content-Type": "application/json; charset=utf-8",
        "Date": "Tue, 14 Feb 2023 01:11:38 GMT",
        "Server": "Kestrel",
        "Strict-Transport-Security": "max-age=31536000; includeSubDomains",
        "x-ms-correlation-request-id": "0f0f6bbe-ec1b-4d28-a1ae-97071c68d125"
      },
      "ResponseBody": {
        "startTime": "2023-02-14T01:10:46.6259746Z",
        "endTime": null,
        "status": "Running",
        "error": null
      }
    },
    {
      "RequestUri": "https://ads-perf-westeurope-pv.purview.azure.com/share/operationResults/22822fb4-52d4-4858-b43e-3d6be7e87824?api-version=2023-02-15-preview",
      "RequestMethod": "GET",
      "RequestHeaders": {
        "Authorization": "Sanitized",
        "traceparent": "00-8980103aea918270b86c1c37b1965543-270825a10b5e8168-00",
        "User-Agent": "azsdk-net-Analytics.Purview.Share/1.0.3-alpha.20230213.1 (.NET 6.0.13; Microsoft Windows 10.0.22621)",
        "x-ms-client-request-id": "f2db69aa3721d3fd27d0afbc66f74d7d",
        "x-ms-return-client-request-id": "true"
      },
      "RequestBody": null,
      "StatusCode": 200,
      "ResponseHeaders": {
        "Content-Length": "91",
        "Content-Type": "application/json; charset=utf-8",
        "Date": "Tue, 14 Feb 2023 01:11:39 GMT",
        "Server": "Kestrel",
        "Strict-Transport-Security": "max-age=31536000; includeSubDomains",
        "x-ms-correlation-request-id": "4114132d-cabd-4f47-b918-9cf4d84df326"
      },
      "ResponseBody": {
        "startTime": "2023-02-14T01:10:46.6259746Z",
        "endTime": null,
        "status": "Running",
        "error": null
      }
    },
    {
      "RequestUri": "https://ads-perf-westeurope-pv.purview.azure.com/share/operationResults/22822fb4-52d4-4858-b43e-3d6be7e87824?api-version=2023-02-15-preview",
      "RequestMethod": "GET",
      "RequestHeaders": {
        "Authorization": "Sanitized",
        "traceparent": "00-8980103aea918270b86c1c37b1965543-2a7985febacab6b3-00",
        "User-Agent": "azsdk-net-Analytics.Purview.Share/1.0.3-alpha.20230213.1 (.NET 6.0.13; Microsoft Windows 10.0.22621)",
        "x-ms-client-request-id": "c9ff0f03bb67c71dd6a33c2fbdc95538",
        "x-ms-return-client-request-id": "true"
      },
      "RequestBody": null,
      "StatusCode": 200,
      "ResponseHeaders": {
        "Content-Length": "91",
        "Content-Type": "application/json; charset=utf-8",
        "Date": "Tue, 14 Feb 2023 01:11:40 GMT",
        "Server": "Kestrel",
        "Strict-Transport-Security": "max-age=31536000; includeSubDomains",
        "x-ms-correlation-request-id": "1aaaf527-7360-4125-824c-5199cbf3eda8"
      },
      "ResponseBody": {
        "startTime": "2023-02-14T01:10:46.6259746Z",
        "endTime": null,
        "status": "Running",
        "error": null
      }
    },
    {
      "RequestUri": "https://ads-perf-westeurope-pv.purview.azure.com/share/operationResults/22822fb4-52d4-4858-b43e-3d6be7e87824?api-version=2023-02-15-preview",
      "RequestMethod": "GET",
      "RequestHeaders": {
        "Authorization": "Sanitized",
        "traceparent": "00-8980103aea918270b86c1c37b1965543-5a83499f86f152ab-00",
        "User-Agent": "azsdk-net-Analytics.Purview.Share/1.0.3-alpha.20230213.1 (.NET 6.0.13; Microsoft Windows 10.0.22621)",
        "x-ms-client-request-id": "3ca1c71519a4dada2cb03d25f89f338c",
        "x-ms-return-client-request-id": "true"
      },
      "RequestBody": null,
      "StatusCode": 200,
      "ResponseHeaders": {
        "Content-Length": "91",
        "Content-Type": "application/json; charset=utf-8",
        "Date": "Tue, 14 Feb 2023 01:11:42 GMT",
        "Server": "Kestrel",
        "Strict-Transport-Security": "max-age=31536000; includeSubDomains",
        "x-ms-correlation-request-id": "a8c3024c-1333-4ae1-9089-fceecea22ea2"
      },
      "ResponseBody": {
        "startTime": "2023-02-14T01:10:46.6259746Z",
        "endTime": null,
        "status": "Running",
        "error": null
      }
    },
    {
      "RequestUri": "https://ads-perf-westeurope-pv.purview.azure.com/share/operationResults/22822fb4-52d4-4858-b43e-3d6be7e87824?api-version=2023-02-15-preview",
      "RequestMethod": "GET",
      "RequestHeaders": {
        "Authorization": "Sanitized",
        "traceparent": "00-8980103aea918270b86c1c37b1965543-8803d702460dce0c-00",
        "User-Agent": "azsdk-net-Analytics.Purview.Share/1.0.3-alpha.20230213.1 (.NET 6.0.13; Microsoft Windows 10.0.22621)",
        "x-ms-client-request-id": "3b1cd2e9ce40ef2b4c141c7dfbce155e",
        "x-ms-return-client-request-id": "true"
      },
      "RequestBody": null,
      "StatusCode": 200,
      "ResponseHeaders": {
        "Content-Length": "91",
        "Content-Type": "application/json; charset=utf-8",
        "Date": "Tue, 14 Feb 2023 01:11:43 GMT",
        "Server": "Kestrel",
        "Strict-Transport-Security": "max-age=31536000; includeSubDomains",
        "x-ms-correlation-request-id": "e43cfdc3-b55a-4343-a0ff-231f2906d300"
      },
      "ResponseBody": {
        "startTime": "2023-02-14T01:10:46.6259746Z",
        "endTime": null,
        "status": "Running",
        "error": null
      }
    },
    {
      "RequestUri": "https://ads-perf-westeurope-pv.purview.azure.com/share/operationResults/22822fb4-52d4-4858-b43e-3d6be7e87824?api-version=2023-02-15-preview",
      "RequestMethod": "GET",
      "RequestHeaders": {
        "Authorization": "Sanitized",
        "traceparent": "00-8980103aea918270b86c1c37b1965543-9023d041cbe108f6-00",
        "User-Agent": "azsdk-net-Analytics.Purview.Share/1.0.3-alpha.20230213.1 (.NET 6.0.13; Microsoft Windows 10.0.22621)",
        "x-ms-client-request-id": "9fa7767b1055e9d835259db77df7ce36",
        "x-ms-return-client-request-id": "true"
      },
      "RequestBody": null,
      "StatusCode": 200,
      "ResponseHeaders": {
        "Content-Length": "91",
        "Content-Type": "application/json; charset=utf-8",
        "Date": "Tue, 14 Feb 2023 01:11:44 GMT",
        "Server": "Kestrel",
        "Strict-Transport-Security": "max-age=31536000; includeSubDomains",
        "x-ms-correlation-request-id": "7f8971a4-a0da-4360-b950-da790b2d25ff"
      },
      "ResponseBody": {
        "startTime": "2023-02-14T01:10:46.6259746Z",
        "endTime": null,
        "status": "Running",
        "error": null
      }
    },
    {
      "RequestUri": "https://ads-perf-westeurope-pv.purview.azure.com/share/operationResults/22822fb4-52d4-4858-b43e-3d6be7e87824?api-version=2023-02-15-preview",
      "RequestMethod": "GET",
      "RequestHeaders": {
        "Authorization": "Sanitized",
        "traceparent": "00-8980103aea918270b86c1c37b1965543-54adc5fa0b3b2759-00",
        "User-Agent": "azsdk-net-Analytics.Purview.Share/1.0.3-alpha.20230213.1 (.NET 6.0.13; Microsoft Windows 10.0.22621)",
        "x-ms-client-request-id": "eb45af701aad46f89bb1f08ffd5cdf5e",
        "x-ms-return-client-request-id": "true"
      },
      "RequestBody": null,
      "StatusCode": 200,
      "ResponseHeaders": {
        "Content-Length": "91",
        "Content-Type": "application/json; charset=utf-8",
        "Date": "Tue, 14 Feb 2023 01:11:46 GMT",
        "Server": "Kestrel",
        "Strict-Transport-Security": "max-age=31536000; includeSubDomains",
        "x-ms-correlation-request-id": "b911e8b8-8b9d-423c-bf8d-4f1ae6f0b44e"
      },
      "ResponseBody": {
        "startTime": "2023-02-14T01:10:46.6259746Z",
        "endTime": null,
        "status": "Running",
        "error": null
      }
    },
    {
      "RequestUri": "https://ads-perf-westeurope-pv.purview.azure.com/share/operationResults/22822fb4-52d4-4858-b43e-3d6be7e87824?api-version=2023-02-15-preview",
      "RequestMethod": "GET",
      "RequestHeaders": {
        "Authorization": "Sanitized",
        "traceparent": "00-8980103aea918270b86c1c37b1965543-3ab82c3dc4978798-00",
        "User-Agent": "azsdk-net-Analytics.Purview.Share/1.0.3-alpha.20230213.1 (.NET 6.0.13; Microsoft Windows 10.0.22621)",
        "x-ms-client-request-id": "81aadf9a93f7d837f932051b30747254",
        "x-ms-return-client-request-id": "true"
      },
      "RequestBody": null,
      "StatusCode": 200,
      "ResponseHeaders": {
        "Content-Length": "91",
        "Content-Type": "application/json; charset=utf-8",
        "Date": "Tue, 14 Feb 2023 01:11:47 GMT",
        "Server": "Kestrel",
        "Strict-Transport-Security": "max-age=31536000; includeSubDomains",
        "x-ms-correlation-request-id": "90679a94-3f82-4aac-bcb3-7e960af44fd5"
      },
      "ResponseBody": {
        "startTime": "2023-02-14T01:10:46.6259746Z",
        "endTime": null,
        "status": "Running",
        "error": null
      }
    },
    {
      "RequestUri": "https://ads-perf-westeurope-pv.purview.azure.com/share/operationResults/22822fb4-52d4-4858-b43e-3d6be7e87824?api-version=2023-02-15-preview",
      "RequestMethod": "GET",
      "RequestHeaders": {
        "Authorization": "Sanitized",
        "traceparent": "00-8980103aea918270b86c1c37b1965543-a1c8d5c7830ad113-00",
        "User-Agent": "azsdk-net-Analytics.Purview.Share/1.0.3-alpha.20230213.1 (.NET 6.0.13; Microsoft Windows 10.0.22621)",
        "x-ms-client-request-id": "4b0de5452a8860b17e6103a32049ecd9",
        "x-ms-return-client-request-id": "true"
      },
      "RequestBody": null,
      "StatusCode": 200,
      "ResponseHeaders": {
        "Content-Length": "91",
        "Content-Type": "application/json; charset=utf-8",
        "Date": "Tue, 14 Feb 2023 01:11:48 GMT",
        "Server": "Kestrel",
        "Strict-Transport-Security": "max-age=31536000; includeSubDomains",
        "x-ms-correlation-request-id": "58478d1e-2948-4509-9483-4044b878a223"
      },
      "ResponseBody": {
        "startTime": "2023-02-14T01:10:46.6259746Z",
        "endTime": null,
        "status": "Running",
        "error": null
      }
    },
    {
      "RequestUri": "https://ads-perf-westeurope-pv.purview.azure.com/share/operationResults/22822fb4-52d4-4858-b43e-3d6be7e87824?api-version=2023-02-15-preview",
      "RequestMethod": "GET",
      "RequestHeaders": {
        "Authorization": "Sanitized",
        "traceparent": "00-8980103aea918270b86c1c37b1965543-75ca29bcac3838f1-00",
        "User-Agent": "azsdk-net-Analytics.Purview.Share/1.0.3-alpha.20230213.1 (.NET 6.0.13; Microsoft Windows 10.0.22621)",
        "x-ms-client-request-id": "9e1c3f454c4ddc3f786cf17a14dd1626",
        "x-ms-return-client-request-id": "true"
      },
      "RequestBody": null,
      "StatusCode": 200,
      "ResponseHeaders": {
        "Content-Length": "91",
        "Content-Type": "application/json; charset=utf-8",
        "Date": "Tue, 14 Feb 2023 01:11:50 GMT",
        "Server": "Kestrel",
        "Strict-Transport-Security": "max-age=31536000; includeSubDomains",
        "x-ms-correlation-request-id": "ff40e7d5-c7a8-4f2e-83ca-201bebc5011c"
      },
      "ResponseBody": {
        "startTime": "2023-02-14T01:10:46.6259746Z",
        "endTime": null,
        "status": "Running",
        "error": null
      }
    },
    {
      "RequestUri": "https://ads-perf-westeurope-pv.purview.azure.com/share/operationResults/22822fb4-52d4-4858-b43e-3d6be7e87824?api-version=2023-02-15-preview",
      "RequestMethod": "GET",
      "RequestHeaders": {
        "Authorization": "Sanitized",
        "traceparent": "00-8980103aea918270b86c1c37b1965543-8f13c0d80129b16b-00",
        "User-Agent": "azsdk-net-Analytics.Purview.Share/1.0.3-alpha.20230213.1 (.NET 6.0.13; Microsoft Windows 10.0.22621)",
        "x-ms-client-request-id": "17499c3f934e70d52e4903968f93b7b0",
        "x-ms-return-client-request-id": "true"
      },
      "RequestBody": null,
      "StatusCode": 200,
      "ResponseHeaders": {
        "Content-Length": "91",
        "Content-Type": "application/json; charset=utf-8",
        "Date": "Tue, 14 Feb 2023 01:11:51 GMT",
        "Server": "Kestrel",
        "Strict-Transport-Security": "max-age=31536000; includeSubDomains",
        "x-ms-correlation-request-id": "e8da493b-8886-4ce8-8a40-c52d91ef4858"
      },
      "ResponseBody": {
        "startTime": "2023-02-14T01:10:46.6259746Z",
        "endTime": null,
        "status": "Running",
        "error": null
      }
    },
    {
      "RequestUri": "https://ads-perf-westeurope-pv.purview.azure.com/share/operationResults/22822fb4-52d4-4858-b43e-3d6be7e87824?api-version=2023-02-15-preview",
      "RequestMethod": "GET",
      "RequestHeaders": {
        "Authorization": "Sanitized",
        "traceparent": "00-8980103aea918270b86c1c37b1965543-c8539b83c29a533b-00",
        "User-Agent": "azsdk-net-Analytics.Purview.Share/1.0.3-alpha.20230213.1 (.NET 6.0.13; Microsoft Windows 10.0.22621)",
        "x-ms-client-request-id": "f1d52c46d458f806a631d31c38364ca1",
        "x-ms-return-client-request-id": "true"
      },
      "RequestBody": null,
      "StatusCode": 200,
      "ResponseHeaders": {
        "Content-Length": "91",
        "Content-Type": "application/json; charset=utf-8",
        "Date": "Tue, 14 Feb 2023 01:11:52 GMT",
        "Server": "Kestrel",
        "Strict-Transport-Security": "max-age=31536000; includeSubDomains",
        "x-ms-correlation-request-id": "ae06035f-fb25-4bed-ac40-789a134bce18"
      },
      "ResponseBody": {
        "startTime": "2023-02-14T01:10:46.6259746Z",
        "endTime": null,
        "status": "Running",
        "error": null
      }
    },
    {
      "RequestUri": "https://ads-perf-westeurope-pv.purview.azure.com/share/operationResults/22822fb4-52d4-4858-b43e-3d6be7e87824?api-version=2023-02-15-preview",
      "RequestMethod": "GET",
      "RequestHeaders": {
        "Authorization": "Sanitized",
        "traceparent": "00-8980103aea918270b86c1c37b1965543-9b0513090d21c9f9-00",
        "User-Agent": "azsdk-net-Analytics.Purview.Share/1.0.3-alpha.20230213.1 (.NET 6.0.13; Microsoft Windows 10.0.22621)",
        "x-ms-client-request-id": "8464dd4ad4ffb28a69ab700349a84ce4",
        "x-ms-return-client-request-id": "true"
      },
      "RequestBody": null,
      "StatusCode": 200,
      "ResponseHeaders": {
        "Content-Length": "91",
        "Content-Type": "application/json; charset=utf-8",
        "Date": "Tue, 14 Feb 2023 01:11:53 GMT",
        "Server": "Kestrel",
        "Strict-Transport-Security": "max-age=31536000; includeSubDomains",
        "x-ms-correlation-request-id": "65009ec8-b0d0-42f3-af58-20cf4f00e0da"
      },
      "ResponseBody": {
        "startTime": "2023-02-14T01:10:46.6259746Z",
        "endTime": null,
        "status": "Running",
        "error": null
      }
    },
    {
      "RequestUri": "https://ads-perf-westeurope-pv.purview.azure.com/share/operationResults/22822fb4-52d4-4858-b43e-3d6be7e87824?api-version=2023-02-15-preview",
      "RequestMethod": "GET",
      "RequestHeaders": {
        "Authorization": "Sanitized",
        "traceparent": "00-8980103aea918270b86c1c37b1965543-6a954cff96694022-00",
        "User-Agent": "azsdk-net-Analytics.Purview.Share/1.0.3-alpha.20230213.1 (.NET 6.0.13; Microsoft Windows 10.0.22621)",
        "x-ms-client-request-id": "e73341b424076bce9551711dc0b937f7",
        "x-ms-return-client-request-id": "true"
      },
      "RequestBody": null,
      "StatusCode": 200,
      "ResponseHeaders": {
        "Content-Length": "91",
        "Content-Type": "application/json; charset=utf-8",
        "Date": "Tue, 14 Feb 2023 01:11:55 GMT",
        "Server": "Kestrel",
        "Strict-Transport-Security": "max-age=31536000; includeSubDomains",
        "x-ms-correlation-request-id": "feff6e09-8d5a-41a0-8b76-45e7b8c729ce"
      },
      "ResponseBody": {
        "startTime": "2023-02-14T01:10:46.6259746Z",
        "endTime": null,
        "status": "Running",
        "error": null
      }
    },
    {
      "RequestUri": "https://ads-perf-westeurope-pv.purview.azure.com/share/operationResults/22822fb4-52d4-4858-b43e-3d6be7e87824?api-version=2023-02-15-preview",
      "RequestMethod": "GET",
      "RequestHeaders": {
        "Authorization": "Sanitized",
        "traceparent": "00-8980103aea918270b86c1c37b1965543-9481f4e4728c4477-00",
        "User-Agent": "azsdk-net-Analytics.Purview.Share/1.0.3-alpha.20230213.1 (.NET 6.0.13; Microsoft Windows 10.0.22621)",
        "x-ms-client-request-id": "b24b61fd332f72b1a12387ac6303affd",
        "x-ms-return-client-request-id": "true"
      },
      "RequestBody": null,
      "StatusCode": 200,
      "ResponseHeaders": {
        "Content-Length": "91",
        "Content-Type": "application/json; charset=utf-8",
        "Date": "Tue, 14 Feb 2023 01:11:56 GMT",
        "Server": "Kestrel",
        "Strict-Transport-Security": "max-age=31536000; includeSubDomains",
        "x-ms-correlation-request-id": "68d8e4de-fb5f-4508-a5b2-f50c98c07955"
      },
      "ResponseBody": {
        "startTime": "2023-02-14T01:10:46.6259746Z",
        "endTime": null,
        "status": "Running",
        "error": null
      }
    },
    {
      "RequestUri": "https://ads-perf-westeurope-pv.purview.azure.com/share/operationResults/22822fb4-52d4-4858-b43e-3d6be7e87824?api-version=2023-02-15-preview",
      "RequestMethod": "GET",
      "RequestHeaders": {
        "Authorization": "Sanitized",
        "traceparent": "00-8980103aea918270b86c1c37b1965543-9601af417e1d2fe6-00",
        "User-Agent": "azsdk-net-Analytics.Purview.Share/1.0.3-alpha.20230213.1 (.NET 6.0.13; Microsoft Windows 10.0.22621)",
        "x-ms-client-request-id": "f767eee4640326990ef8efad636df2b0",
        "x-ms-return-client-request-id": "true"
      },
      "RequestBody": null,
      "StatusCode": 200,
      "ResponseHeaders": {
        "Content-Length": "91",
        "Content-Type": "application/json; charset=utf-8",
        "Date": "Tue, 14 Feb 2023 01:11:58 GMT",
        "Server": "Kestrel",
        "Strict-Transport-Security": "max-age=31536000; includeSubDomains",
        "x-ms-correlation-request-id": "84a6939a-334c-4594-a0bf-0a4bea5aa786"
      },
      "ResponseBody": {
        "startTime": "2023-02-14T01:10:46.6259746Z",
        "endTime": null,
        "status": "Running",
        "error": null
      }
    },
    {
      "RequestUri": "https://ads-perf-westeurope-pv.purview.azure.com/share/operationResults/22822fb4-52d4-4858-b43e-3d6be7e87824?api-version=2023-02-15-preview",
      "RequestMethod": "GET",
      "RequestHeaders": {
        "Authorization": "Sanitized",
        "traceparent": "00-8980103aea918270b86c1c37b1965543-b0b0f7c1888cd0f3-00",
        "User-Agent": "azsdk-net-Analytics.Purview.Share/1.0.3-alpha.20230213.1 (.NET 6.0.13; Microsoft Windows 10.0.22621)",
        "x-ms-client-request-id": "e8057973995d81b58fc146e49c210792",
        "x-ms-return-client-request-id": "true"
      },
      "RequestBody": null,
      "StatusCode": 200,
      "ResponseHeaders": {
        "Content-Length": "91",
        "Content-Type": "application/json; charset=utf-8",
        "Date": "Tue, 14 Feb 2023 01:11:59 GMT",
        "Server": "Kestrel",
        "Strict-Transport-Security": "max-age=31536000; includeSubDomains",
        "x-ms-correlation-request-id": "ead8094b-a5ec-41dc-9cd0-3035a3d59d46"
      },
      "ResponseBody": {
        "startTime": "2023-02-14T01:10:46.6259746Z",
        "endTime": null,
        "status": "Running",
        "error": null
      }
    },
    {
      "RequestUri": "https://ads-perf-westeurope-pv.purview.azure.com/share/operationResults/22822fb4-52d4-4858-b43e-3d6be7e87824?api-version=2023-02-15-preview",
      "RequestMethod": "GET",
      "RequestHeaders": {
        "Authorization": "Sanitized",
        "traceparent": "00-8980103aea918270b86c1c37b1965543-4bbb5a51263bc23d-00",
        "User-Agent": "azsdk-net-Analytics.Purview.Share/1.0.3-alpha.20230213.1 (.NET 6.0.13; Microsoft Windows 10.0.22621)",
        "x-ms-client-request-id": "d13873a2405199f3c825a43644030e34",
        "x-ms-return-client-request-id": "true"
      },
      "RequestBody": null,
      "StatusCode": 200,
      "ResponseHeaders": {
        "Content-Length": "91",
        "Content-Type": "application/json; charset=utf-8",
        "Date": "Tue, 14 Feb 2023 01:12:00 GMT",
        "Server": "Kestrel",
        "Strict-Transport-Security": "max-age=31536000; includeSubDomains",
        "x-ms-correlation-request-id": "06da2577-81fc-44f1-8e14-4692cf980867"
      },
      "ResponseBody": {
        "startTime": "2023-02-14T01:10:46.6259746Z",
        "endTime": null,
        "status": "Running",
        "error": null
      }
    },
    {
      "RequestUri": "https://ads-perf-westeurope-pv.purview.azure.com/share/operationResults/22822fb4-52d4-4858-b43e-3d6be7e87824?api-version=2023-02-15-preview",
      "RequestMethod": "GET",
      "RequestHeaders": {
        "Authorization": "Sanitized",
        "traceparent": "00-8980103aea918270b86c1c37b1965543-6b85aead51e33016-00",
        "User-Agent": "azsdk-net-Analytics.Purview.Share/1.0.3-alpha.20230213.1 (.NET 6.0.13; Microsoft Windows 10.0.22621)",
        "x-ms-client-request-id": "ea38d631c6fd4ba039e667411db489ec",
        "x-ms-return-client-request-id": "true"
      },
      "RequestBody": null,
      "StatusCode": 200,
      "ResponseHeaders": {
        "Content-Length": "91",
        "Content-Type": "application/json; charset=utf-8",
        "Date": "Tue, 14 Feb 2023 01:12:02 GMT",
        "Server": "Kestrel",
        "Strict-Transport-Security": "max-age=31536000; includeSubDomains",
        "x-ms-correlation-request-id": "50d95088-5925-4f80-a5d5-f32fa13acdd8"
      },
      "ResponseBody": {
        "startTime": "2023-02-14T01:10:46.6259746Z",
        "endTime": null,
        "status": "Running",
        "error": null
      }
    },
    {
      "RequestUri": "https://ads-perf-westeurope-pv.purview.azure.com/share/operationResults/22822fb4-52d4-4858-b43e-3d6be7e87824?api-version=2023-02-15-preview",
      "RequestMethod": "GET",
      "RequestHeaders": {
        "Authorization": "Sanitized",
        "traceparent": "00-8980103aea918270b86c1c37b1965543-9a1323c7f8c211e7-00",
        "User-Agent": "azsdk-net-Analytics.Purview.Share/1.0.3-alpha.20230213.1 (.NET 6.0.13; Microsoft Windows 10.0.22621)",
        "x-ms-client-request-id": "ef0b5cf02035335f856b2037f57e3d8b",
        "x-ms-return-client-request-id": "true"
      },
      "RequestBody": null,
      "StatusCode": 200,
      "ResponseHeaders": {
        "Content-Length": "91",
        "Content-Type": "application/json; charset=utf-8",
        "Date": "Tue, 14 Feb 2023 01:12:03 GMT",
        "Server": "Kestrel",
        "Strict-Transport-Security": "max-age=31536000; includeSubDomains",
        "x-ms-correlation-request-id": "51f8b12b-a885-4ac0-927c-bf0dcc94a2a0"
      },
      "ResponseBody": {
        "startTime": "2023-02-14T01:10:46.6259746Z",
        "endTime": null,
        "status": "Running",
        "error": null
      }
    },
    {
      "RequestUri": "https://ads-perf-westeurope-pv.purview.azure.com/share/operationResults/22822fb4-52d4-4858-b43e-3d6be7e87824?api-version=2023-02-15-preview",
      "RequestMethod": "GET",
      "RequestHeaders": {
        "Authorization": "Sanitized",
        "traceparent": "00-8980103aea918270b86c1c37b1965543-fab05d1079ab3172-00",
        "User-Agent": "azsdk-net-Analytics.Purview.Share/1.0.3-alpha.20230213.1 (.NET 6.0.13; Microsoft Windows 10.0.22621)",
        "x-ms-client-request-id": "c5b312b21ce8db94d2ec976bd8b17c13",
        "x-ms-return-client-request-id": "true"
      },
      "RequestBody": null,
      "StatusCode": 200,
      "ResponseHeaders": {
        "Content-Length": "91",
        "Content-Type": "application/json; charset=utf-8",
        "Date": "Tue, 14 Feb 2023 01:12:04 GMT",
        "Server": "Kestrel",
        "Strict-Transport-Security": "max-age=31536000; includeSubDomains",
        "x-ms-correlation-request-id": "de2c3a2e-a595-4560-b1e8-437544ef7caa"
      },
      "ResponseBody": {
        "startTime": "2023-02-14T01:10:46.6259746Z",
        "endTime": null,
        "status": "Running",
        "error": null
      }
    },
    {
      "RequestUri": "https://ads-perf-westeurope-pv.purview.azure.com/share/operationResults/22822fb4-52d4-4858-b43e-3d6be7e87824?api-version=2023-02-15-preview",
      "RequestMethod": "GET",
      "RequestHeaders": {
        "Authorization": "Sanitized",
        "traceparent": "00-8980103aea918270b86c1c37b1965543-f8884dd33b7a0741-00",
        "User-Agent": "azsdk-net-Analytics.Purview.Share/1.0.3-alpha.20230213.1 (.NET 6.0.13; Microsoft Windows 10.0.22621)",
        "x-ms-client-request-id": "e746b79b1ef710fe77056591a66956ba",
        "x-ms-return-client-request-id": "true"
      },
      "RequestBody": null,
      "StatusCode": 200,
      "ResponseHeaders": {
        "Content-Length": "91",
        "Content-Type": "application/json; charset=utf-8",
        "Date": "Tue, 14 Feb 2023 01:12:06 GMT",
        "Server": "Kestrel",
        "Strict-Transport-Security": "max-age=31536000; includeSubDomains",
        "x-ms-correlation-request-id": "cd24245d-29dc-4420-bc52-02eee7c455d7"
      },
      "ResponseBody": {
        "startTime": "2023-02-14T01:10:46.6259746Z",
        "endTime": null,
        "status": "Running",
        "error": null
      }
    },
    {
      "RequestUri": "https://ads-perf-westeurope-pv.purview.azure.com/share/operationResults/22822fb4-52d4-4858-b43e-3d6be7e87824?api-version=2023-02-15-preview",
      "RequestMethod": "GET",
      "RequestHeaders": {
        "Authorization": "Sanitized",
        "traceparent": "00-8980103aea918270b86c1c37b1965543-3a322c54ab7151c2-00",
        "User-Agent": "azsdk-net-Analytics.Purview.Share/1.0.3-alpha.20230213.1 (.NET 6.0.13; Microsoft Windows 10.0.22621)",
        "x-ms-client-request-id": "0b8fdba9c300d304c7301d4888f35bd3",
        "x-ms-return-client-request-id": "true"
      },
      "RequestBody": null,
      "StatusCode": 200,
      "ResponseHeaders": {
        "Content-Length": "91",
        "Content-Type": "application/json; charset=utf-8",
        "Date": "Tue, 14 Feb 2023 01:12:07 GMT",
        "Server": "Kestrel",
        "Strict-Transport-Security": "max-age=31536000; includeSubDomains",
        "x-ms-correlation-request-id": "af5e12e4-098e-4e40-b9a7-15125df38cde"
      },
      "ResponseBody": {
        "startTime": "2023-02-14T01:10:46.6259746Z",
        "endTime": null,
        "status": "Running",
        "error": null
      }
    },
    {
      "RequestUri": "https://ads-perf-westeurope-pv.purview.azure.com/share/operationResults/22822fb4-52d4-4858-b43e-3d6be7e87824?api-version=2023-02-15-preview",
      "RequestMethod": "GET",
      "RequestHeaders": {
        "Authorization": "Sanitized",
        "traceparent": "00-8980103aea918270b86c1c37b1965543-d5e8cbe9de8d0d46-00",
        "User-Agent": "azsdk-net-Analytics.Purview.Share/1.0.3-alpha.20230213.1 (.NET 6.0.13; Microsoft Windows 10.0.22621)",
        "x-ms-client-request-id": "3e9b0cef5538939413a34ee3b7033469",
        "x-ms-return-client-request-id": "true"
      },
      "RequestBody": null,
      "StatusCode": 200,
      "ResponseHeaders": {
        "Content-Length": "91",
        "Content-Type": "application/json; charset=utf-8",
        "Date": "Tue, 14 Feb 2023 01:12:08 GMT",
        "Server": "Kestrel",
        "Strict-Transport-Security": "max-age=31536000; includeSubDomains",
        "x-ms-correlation-request-id": "83331848-b7bb-46f6-b7a4-b12c3d543275"
      },
      "ResponseBody": {
        "startTime": "2023-02-14T01:10:46.6259746Z",
        "endTime": null,
        "status": "Running",
        "error": null
      }
    },
    {
      "RequestUri": "https://ads-perf-westeurope-pv.purview.azure.com/share/operationResults/22822fb4-52d4-4858-b43e-3d6be7e87824?api-version=2023-02-15-preview",
      "RequestMethod": "GET",
      "RequestHeaders": {
        "Authorization": "Sanitized",
        "traceparent": "00-8980103aea918270b86c1c37b1965543-3b8b695423d701c0-00",
        "User-Agent": "azsdk-net-Analytics.Purview.Share/1.0.3-alpha.20230213.1 (.NET 6.0.13; Microsoft Windows 10.0.22621)",
        "x-ms-client-request-id": "fcc2dc967022d812b3721fc701b68784",
        "x-ms-return-client-request-id": "true"
      },
      "RequestBody": null,
      "StatusCode": 200,
      "ResponseHeaders": {
        "Content-Length": "91",
        "Content-Type": "application/json; charset=utf-8",
        "Date": "Tue, 14 Feb 2023 01:12:09 GMT",
        "Server": "Kestrel",
        "Strict-Transport-Security": "max-age=31536000; includeSubDomains",
        "x-ms-correlation-request-id": "baf68126-8973-46b1-86bc-2f31f7413a2b"
      },
      "ResponseBody": {
        "startTime": "2023-02-14T01:10:46.6259746Z",
        "endTime": null,
        "status": "Running",
        "error": null
      }
    },
    {
      "RequestUri": "https://ads-perf-westeurope-pv.purview.azure.com/share/operationResults/22822fb4-52d4-4858-b43e-3d6be7e87824?api-version=2023-02-15-preview",
      "RequestMethod": "GET",
      "RequestHeaders": {
        "Authorization": "Sanitized",
        "traceparent": "00-8980103aea918270b86c1c37b1965543-051e733211dbb121-00",
        "User-Agent": "azsdk-net-Analytics.Purview.Share/1.0.3-alpha.20230213.1 (.NET 6.0.13; Microsoft Windows 10.0.22621)",
        "x-ms-client-request-id": "9aa291aa17cd538247fbf85d75201cc4",
        "x-ms-return-client-request-id": "true"
      },
      "RequestBody": null,
      "StatusCode": 200,
      "ResponseHeaders": {
        "Content-Length": "91",
        "Content-Type": "application/json; charset=utf-8",
        "Date": "Tue, 14 Feb 2023 01:12:11 GMT",
        "Server": "Kestrel",
        "Strict-Transport-Security": "max-age=31536000; includeSubDomains",
        "x-ms-correlation-request-id": "f98a30ab-9576-40aa-917b-83aa7d72ad4e"
      },
      "ResponseBody": {
        "startTime": "2023-02-14T01:10:46.6259746Z",
        "endTime": null,
        "status": "Running",
        "error": null
      }
    },
    {
      "RequestUri": "https://ads-perf-westeurope-pv.purview.azure.com/share/operationResults/22822fb4-52d4-4858-b43e-3d6be7e87824?api-version=2023-02-15-preview",
      "RequestMethod": "GET",
      "RequestHeaders": {
        "Authorization": "Sanitized",
        "traceparent": "00-8980103aea918270b86c1c37b1965543-d9d63528be570611-00",
        "User-Agent": "azsdk-net-Analytics.Purview.Share/1.0.3-alpha.20230213.1 (.NET 6.0.13; Microsoft Windows 10.0.22621)",
        "x-ms-client-request-id": "acb1b4fc5e317fb1fac38ac635cc925c",
        "x-ms-return-client-request-id": "true"
      },
      "RequestBody": null,
      "StatusCode": 200,
      "ResponseHeaders": {
        "Content-Length": "91",
        "Content-Type": "application/json; charset=utf-8",
        "Date": "Tue, 14 Feb 2023 01:12:12 GMT",
        "Server": "Kestrel",
        "Strict-Transport-Security": "max-age=31536000; includeSubDomains",
        "x-ms-correlation-request-id": "ced9b889-364d-45c5-b176-59a8ed5b1075"
      },
      "ResponseBody": {
        "startTime": "2023-02-14T01:10:46.6259746Z",
        "endTime": null,
        "status": "Running",
        "error": null
      }
    },
    {
      "RequestUri": "https://ads-perf-westeurope-pv.purview.azure.com/share/operationResults/22822fb4-52d4-4858-b43e-3d6be7e87824?api-version=2023-02-15-preview",
      "RequestMethod": "GET",
      "RequestHeaders": {
        "Authorization": "Sanitized",
        "traceparent": "00-8980103aea918270b86c1c37b1965543-a978dbf27c423105-00",
        "User-Agent": "azsdk-net-Analytics.Purview.Share/1.0.3-alpha.20230213.1 (.NET 6.0.13; Microsoft Windows 10.0.22621)",
        "x-ms-client-request-id": "2639ca1b99617f9b5a6eb42678b46392",
        "x-ms-return-client-request-id": "true"
      },
      "RequestBody": null,
      "StatusCode": 200,
      "ResponseHeaders": {
        "Content-Length": "91",
        "Content-Type": "application/json; charset=utf-8",
        "Date": "Tue, 14 Feb 2023 01:12:13 GMT",
        "Server": "Kestrel",
        "Strict-Transport-Security": "max-age=31536000; includeSubDomains",
        "x-ms-correlation-request-id": "6c852083-2cfe-413a-98e5-6aabdf09850c"
      },
      "ResponseBody": {
        "startTime": "2023-02-14T01:10:46.6259746Z",
        "endTime": null,
        "status": "Running",
        "error": null
      }
    },
    {
      "RequestUri": "https://ads-perf-westeurope-pv.purview.azure.com/share/operationResults/22822fb4-52d4-4858-b43e-3d6be7e87824?api-version=2023-02-15-preview",
      "RequestMethod": "GET",
      "RequestHeaders": {
        "Authorization": "Sanitized",
        "traceparent": "00-8980103aea918270b86c1c37b1965543-3cbda44b0a3f08f3-00",
        "User-Agent": "azsdk-net-Analytics.Purview.Share/1.0.3-alpha.20230213.1 (.NET 6.0.13; Microsoft Windows 10.0.22621)",
        "x-ms-client-request-id": "4dca5a55db044b52e022a00a8dbc1d7a",
        "x-ms-return-client-request-id": "true"
      },
      "RequestBody": null,
      "StatusCode": 200,
      "ResponseHeaders": {
        "Content-Length": "91",
        "Content-Type": "application/json; charset=utf-8",
        "Date": "Tue, 14 Feb 2023 01:12:15 GMT",
        "Server": "Kestrel",
        "Strict-Transport-Security": "max-age=31536000; includeSubDomains",
        "x-ms-correlation-request-id": "161f1b56-51aa-4051-abce-77112f47c8c6"
      },
      "ResponseBody": {
        "startTime": "2023-02-14T01:10:46.6259746Z",
        "endTime": null,
        "status": "Running",
        "error": null
      }
    },
    {
      "RequestUri": "https://ads-perf-westeurope-pv.purview.azure.com/share/operationResults/22822fb4-52d4-4858-b43e-3d6be7e87824?api-version=2023-02-15-preview",
      "RequestMethod": "GET",
      "RequestHeaders": {
        "Authorization": "Sanitized",
        "traceparent": "00-8980103aea918270b86c1c37b1965543-e91f955d0b4772c2-00",
        "User-Agent": "azsdk-net-Analytics.Purview.Share/1.0.3-alpha.20230213.1 (.NET 6.0.13; Microsoft Windows 10.0.22621)",
        "x-ms-client-request-id": "ab419b69f6e66263183251c2a98b0745",
        "x-ms-return-client-request-id": "true"
      },
      "RequestBody": null,
      "StatusCode": 200,
      "ResponseHeaders": {
        "Content-Length": "91",
        "Content-Type": "application/json; charset=utf-8",
        "Date": "Tue, 14 Feb 2023 01:12:16 GMT",
        "Server": "Kestrel",
        "Strict-Transport-Security": "max-age=31536000; includeSubDomains",
        "x-ms-correlation-request-id": "3713b02b-4995-4a50-a7d8-2889a5d632b0"
      },
      "ResponseBody": {
        "startTime": "2023-02-14T01:10:46.6259746Z",
        "endTime": null,
        "status": "Running",
        "error": null
      }
    },
    {
      "RequestUri": "https://ads-perf-westeurope-pv.purview.azure.com/share/operationResults/22822fb4-52d4-4858-b43e-3d6be7e87824?api-version=2023-02-15-preview",
      "RequestMethod": "GET",
      "RequestHeaders": {
        "Authorization": "Sanitized",
        "traceparent": "00-8980103aea918270b86c1c37b1965543-355b629c0df0e66b-00",
        "User-Agent": "azsdk-net-Analytics.Purview.Share/1.0.3-alpha.20230213.1 (.NET 6.0.13; Microsoft Windows 10.0.22621)",
        "x-ms-client-request-id": "db70f85f4401405877ed453ef991f29e",
        "x-ms-return-client-request-id": "true"
      },
      "RequestBody": null,
      "StatusCode": 200,
      "ResponseHeaders": {
        "Content-Length": "91",
        "Content-Type": "application/json; charset=utf-8",
        "Date": "Tue, 14 Feb 2023 01:12:17 GMT",
        "Server": "Kestrel",
        "Strict-Transport-Security": "max-age=31536000; includeSubDomains",
        "x-ms-correlation-request-id": "42e2658e-f369-4163-977c-403b376d52e2"
      },
      "ResponseBody": {
        "startTime": "2023-02-14T01:10:46.6259746Z",
        "endTime": null,
        "status": "Running",
        "error": null
      }
    },
    {
      "RequestUri": "https://ads-perf-westeurope-pv.purview.azure.com/share/operationResults/22822fb4-52d4-4858-b43e-3d6be7e87824?api-version=2023-02-15-preview",
      "RequestMethod": "GET",
      "RequestHeaders": {
        "Authorization": "Sanitized",
        "traceparent": "00-8980103aea918270b86c1c37b1965543-af3629fa05823e13-00",
        "User-Agent": "azsdk-net-Analytics.Purview.Share/1.0.3-alpha.20230213.1 (.NET 6.0.13; Microsoft Windows 10.0.22621)",
        "x-ms-client-request-id": "dcbc3951b8735fabf66834d28990a255",
        "x-ms-return-client-request-id": "true"
      },
      "RequestBody": null,
      "StatusCode": 200,
      "ResponseHeaders": {
        "Content-Length": "91",
        "Content-Type": "application/json; charset=utf-8",
        "Date": "Tue, 14 Feb 2023 01:12:19 GMT",
        "Server": "Kestrel",
        "Strict-Transport-Security": "max-age=31536000; includeSubDomains",
        "x-ms-correlation-request-id": "45ea3761-fb46-4bf1-b29c-a7328d16debe"
      },
      "ResponseBody": {
        "startTime": "2023-02-14T01:10:46.6259746Z",
        "endTime": null,
        "status": "Running",
        "error": null
      }
    },
    {
      "RequestUri": "https://ads-perf-westeurope-pv.purview.azure.com/share/operationResults/22822fb4-52d4-4858-b43e-3d6be7e87824?api-version=2023-02-15-preview",
      "RequestMethod": "GET",
      "RequestHeaders": {
        "Authorization": "Sanitized",
        "traceparent": "00-8980103aea918270b86c1c37b1965543-96ec83d60caa4045-00",
        "User-Agent": "azsdk-net-Analytics.Purview.Share/1.0.3-alpha.20230213.1 (.NET 6.0.13; Microsoft Windows 10.0.22621)",
        "x-ms-client-request-id": "94aa5b1b424b2578430134f8b0256887",
        "x-ms-return-client-request-id": "true"
      },
      "RequestBody": null,
      "StatusCode": 200,
      "ResponseHeaders": {
        "Content-Length": "91",
        "Content-Type": "application/json; charset=utf-8",
        "Date": "Tue, 14 Feb 2023 01:12:20 GMT",
        "Server": "Kestrel",
        "Strict-Transport-Security": "max-age=31536000; includeSubDomains",
        "x-ms-correlation-request-id": "0ff7a132-831b-4869-9bdd-5fb2657e6385"
      },
      "ResponseBody": {
        "startTime": "2023-02-14T01:10:46.6259746Z",
        "endTime": null,
        "status": "Running",
        "error": null
      }
    },
    {
      "RequestUri": "https://ads-perf-westeurope-pv.purview.azure.com/share/operationResults/22822fb4-52d4-4858-b43e-3d6be7e87824?api-version=2023-02-15-preview",
      "RequestMethod": "GET",
      "RequestHeaders": {
        "Authorization": "Sanitized",
        "traceparent": "00-8980103aea918270b86c1c37b1965543-edf2b067bee1afbe-00",
        "User-Agent": "azsdk-net-Analytics.Purview.Share/1.0.3-alpha.20230213.1 (.NET 6.0.13; Microsoft Windows 10.0.22621)",
        "x-ms-client-request-id": "6f70b3402acea7d14c10e4991085b6e6",
        "x-ms-return-client-request-id": "true"
      },
      "RequestBody": null,
      "StatusCode": 200,
      "ResponseHeaders": {
        "Content-Length": "91",
        "Content-Type": "application/json; charset=utf-8",
        "Date": "Tue, 14 Feb 2023 01:12:21 GMT",
        "Server": "Kestrel",
        "Strict-Transport-Security": "max-age=31536000; includeSubDomains",
        "x-ms-correlation-request-id": "456ea9ac-cad7-4a83-8498-711999255fb5"
      },
      "ResponseBody": {
        "startTime": "2023-02-14T01:10:46.6259746Z",
        "endTime": null,
        "status": "Running",
        "error": null
      }
    },
    {
      "RequestUri": "https://ads-perf-westeurope-pv.purview.azure.com/share/operationResults/22822fb4-52d4-4858-b43e-3d6be7e87824?api-version=2023-02-15-preview",
      "RequestMethod": "GET",
      "RequestHeaders": {
        "Authorization": "Sanitized",
        "traceparent": "00-8980103aea918270b86c1c37b1965543-58efdd90446f0831-00",
        "User-Agent": "azsdk-net-Analytics.Purview.Share/1.0.3-alpha.20230213.1 (.NET 6.0.13; Microsoft Windows 10.0.22621)",
        "x-ms-client-request-id": "9e22f04b5de60e52c097997284b3afd1",
        "x-ms-return-client-request-id": "true"
      },
      "RequestBody": null,
      "StatusCode": 200,
      "ResponseHeaders": {
        "Content-Length": "91",
        "Content-Type": "application/json; charset=utf-8",
        "Date": "Tue, 14 Feb 2023 01:12:23 GMT",
        "Server": "Kestrel",
        "Strict-Transport-Security": "max-age=31536000; includeSubDomains",
        "x-ms-correlation-request-id": "e1d1e960-f07c-4177-ae02-3702150e63cf"
      },
      "ResponseBody": {
        "startTime": "2023-02-14T01:10:46.6259746Z",
        "endTime": null,
        "status": "Running",
        "error": null
      }
    },
    {
      "RequestUri": "https://ads-perf-westeurope-pv.purview.azure.com/share/operationResults/22822fb4-52d4-4858-b43e-3d6be7e87824?api-version=2023-02-15-preview",
      "RequestMethod": "GET",
      "RequestHeaders": {
        "Authorization": "Sanitized",
        "traceparent": "00-8980103aea918270b86c1c37b1965543-9c20fcbf3ac32cb5-00",
        "User-Agent": "azsdk-net-Analytics.Purview.Share/1.0.3-alpha.20230213.1 (.NET 6.0.13; Microsoft Windows 10.0.22621)",
        "x-ms-client-request-id": "d692adff321ff0868903483b5edf15bd",
        "x-ms-return-client-request-id": "true"
      },
      "RequestBody": null,
      "StatusCode": 200,
      "ResponseHeaders": {
        "Content-Length": "91",
        "Content-Type": "application/json; charset=utf-8",
        "Date": "Tue, 14 Feb 2023 01:12:24 GMT",
        "Server": "Kestrel",
        "Strict-Transport-Security": "max-age=31536000; includeSubDomains",
        "x-ms-correlation-request-id": "def08c7d-2294-4f4e-81bd-b731c4dca34f"
      },
      "ResponseBody": {
        "startTime": "2023-02-14T01:10:46.6259746Z",
        "endTime": null,
        "status": "Running",
        "error": null
      }
    },
    {
      "RequestUri": "https://ads-perf-westeurope-pv.purview.azure.com/share/operationResults/22822fb4-52d4-4858-b43e-3d6be7e87824?api-version=2023-02-15-preview",
      "RequestMethod": "GET",
      "RequestHeaders": {
        "Authorization": "Sanitized",
        "traceparent": "00-8980103aea918270b86c1c37b1965543-6ded3e49ab0c444b-00",
        "User-Agent": "azsdk-net-Analytics.Purview.Share/1.0.3-alpha.20230213.1 (.NET 6.0.13; Microsoft Windows 10.0.22621)",
        "x-ms-client-request-id": "bfad4d4aca02e3a06162ae37915f2399",
        "x-ms-return-client-request-id": "true"
      },
      "RequestBody": null,
      "StatusCode": 200,
      "ResponseHeaders": {
        "Content-Length": "91",
        "Content-Type": "application/json; charset=utf-8",
        "Date": "Tue, 14 Feb 2023 01:12:25 GMT",
        "Server": "Kestrel",
        "Strict-Transport-Security": "max-age=31536000; includeSubDomains",
        "x-ms-correlation-request-id": "c871ffb2-abb0-4c5a-8a57-7af04d7224e9"
      },
      "ResponseBody": {
        "startTime": "2023-02-14T01:10:46.6259746Z",
        "endTime": null,
        "status": "Running",
        "error": null
      }
    },
    {
      "RequestUri": "https://ads-perf-westeurope-pv.purview.azure.com/share/operationResults/22822fb4-52d4-4858-b43e-3d6be7e87824?api-version=2023-02-15-preview",
      "RequestMethod": "GET",
      "RequestHeaders": {
        "Authorization": "Sanitized",
        "traceparent": "00-8980103aea918270b86c1c37b1965543-ba802b4381ba01eb-00",
        "User-Agent": "azsdk-net-Analytics.Purview.Share/1.0.3-alpha.20230213.1 (.NET 6.0.13; Microsoft Windows 10.0.22621)",
        "x-ms-client-request-id": "629a1260e0f318c66a3214e31417b0e1",
        "x-ms-return-client-request-id": "true"
      },
      "RequestBody": null,
      "StatusCode": 200,
      "ResponseHeaders": {
        "Content-Length": "91",
        "Content-Type": "application/json; charset=utf-8",
        "Date": "Tue, 14 Feb 2023 01:12:27 GMT",
        "Server": "Kestrel",
        "Strict-Transport-Security": "max-age=31536000; includeSubDomains",
        "x-ms-correlation-request-id": "9f855a0b-fd81-447f-a5c8-197dc98089dc"
      },
      "ResponseBody": {
        "startTime": "2023-02-14T01:10:46.6259746Z",
        "endTime": null,
        "status": "Running",
        "error": null
      }
    },
    {
      "RequestUri": "https://ads-perf-westeurope-pv.purview.azure.com/share/operationResults/22822fb4-52d4-4858-b43e-3d6be7e87824?api-version=2023-02-15-preview",
      "RequestMethod": "GET",
      "RequestHeaders": {
        "Authorization": "Sanitized",
        "traceparent": "00-8980103aea918270b86c1c37b1965543-ac37b41d359b0e1a-00",
        "User-Agent": "azsdk-net-Analytics.Purview.Share/1.0.3-alpha.20230213.1 (.NET 6.0.13; Microsoft Windows 10.0.22621)",
        "x-ms-client-request-id": "3627db82f00534ce0cae75bd834e5f2a",
        "x-ms-return-client-request-id": "true"
      },
      "RequestBody": null,
      "StatusCode": 200,
      "ResponseHeaders": {
        "Content-Length": "93",
        "Content-Type": "application/json; charset=utf-8",
        "Date": "Tue, 14 Feb 2023 01:12:28 GMT",
        "Server": "Kestrel",
        "Strict-Transport-Security": "max-age=31536000; includeSubDomains",
        "x-ms-correlation-request-id": "158cf051-ffd0-47bf-91d9-3ac39b60a870"
      },
      "ResponseBody": {
        "startTime": "2023-02-14T01:10:46.6259746Z",
        "endTime": null,
        "status": "Succeeded",
        "error": null
      }
    },
    {
      "RequestUri": "https://ads-perf-westeurope-pv.purview.azure.com/share/receivedShares/fd19de76-ced3-4199-99cc-001ad46fa5c5?api-version=2023-02-15-preview",
      "RequestMethod": "GET",
      "RequestHeaders": {
        "Authorization": "Sanitized",
        "traceparent": "00-8980103aea918270b86c1c37b1965543-dcd32d5c0b766db8-00",
        "User-Agent": "azsdk-net-Analytics.Purview.Share/1.0.3-alpha.20230213.1 (.NET 6.0.13; Microsoft Windows 10.0.22621)",
        "x-ms-client-request-id": "4bdaafdfb24569ca879454d0b5bdce4a",
        "x-ms-return-client-request-id": "true"
      },
      "RequestBody": null,
      "StatusCode": 200,
      "ResponseHeaders": {
        "Content-Length": "862",
        "Content-Type": "application/json; charset=utf-8",
        "Date": "Tue, 14 Feb 2023 01:12:29 GMT",
        "Server": "Kestrel",
        "Strict-Transport-Security": "max-age=31536000; includeSubDomains",
        "x-ms-correlation-request-id": "ea091716-075d-41e5-b7c2-5bdd5ce57c9e"
      },
      "ResponseBody": {
        "properties": {
          "createdAt": "2023-02-14T01:06:38.1185272Z",
          "sharedAt": "2023-02-14T01:06:38.1185272Z",
          "displayName": "testDisplayName1",
          "provisioningState": "Succeeded",
          "shareStatus": "Attached",
          "sentShareDescription": "updatedDescription",
          "receiverName": "SyMS",
          "receiverTenantName": "Microsoft",
          "senderName": "SyMS",
          "senderTenantName": "Microsoft",
          "assetLocation": "southafricanorth",
          "assetStoreKind": "AdlsGen2Account",
          "sink": {
            "properties": {
              "containerName": "container213509",
              "folder": "folder213509",
              "mountPath": "",
              "location": "southafricanorth"
            },
            "storeKind": "AdlsGen2Account",
            "storeReference": {
              "referenceName": "/subscriptions/0f3dcfc3-18f8-4099-b381-8353e19d43a7/resourceGroups/faisalaltell/providers/Microsoft.Storage/storageAccounts/ftreceiversan",
              "type": "ArmResourceReference"
            }
          }
        },
        "shareKind": "InPlace",
        "id": "fd19de76-ced3-4199-99cc-001ad46fa5c5",
        "type": "ReceivedShare"
      }
    }
  ],
  "Variables": {
    "AZURE_AUTHORITY_HOST": null,
    "PURVIEW_SHARE_URL": "https://ads-perf-westeurope-pv.purview.azure.com/share",
    "RandomSeed": "428732091"
  }
}
