{
  "Entries": [
    {
      "RequestUri": "https://management.azure.com/subscriptions/db1ab6f0-4769-4b27-930e-01e2ef9c123c?api-version=2021-01-01",
      "RequestMethod": "GET",
      "RequestHeaders": {
        "Accept": "application/json",
        "Authorization": "Sanitized",
        "traceparent": "00-24b5e604f20a7949ae22fb6b88578edd-6e2c54b14c955a40-00",
        "User-Agent": "azsdk-net-ResourceManager/1.3.0 (.NET Core 3.1.28; Microsoft Windows 10.0.22000)",
        "x-ms-client-request-id": "68d04f7fcfbacb50c4d4a67b4dfbaea9",
        "x-ms-return-client-request-id": "true"
      },
      "RequestBody": null,
      "StatusCode": 200,
      "ResponseHeaders": {
        "Cache-Control": "no-cache",
        "Content-Length": "747",
        "Content-Type": "application/json; charset=utf-8",
        "Date": "Mon, 29 Aug 2022 09:29:49 GMT",
        "Expires": "-1",
        "Pragma": "no-cache",
        "Strict-Transport-Security": "max-age=31536000; includeSubDomains",
        "X-Content-Type-Options": "nosniff",
        "x-ms-correlation-request-id": "e2e58317-02d4-4fdd-ba51-2dbdb450c36e",
        "x-ms-ratelimit-remaining-subscription-reads": "11986",
        "x-ms-request-id": "e2e58317-02d4-4fdd-ba51-2dbdb450c36e",
        "x-ms-routing-request-id": "SOUTHEASTASIA:20220829T092949Z:e2e58317-02d4-4fdd-ba51-2dbdb450c36e"
      },
      "ResponseBody": {
        "id": "/subscriptions/db1ab6f0-4769-4b27-930e-01e2ef9c123c",
        "authorizationSource": "RoleBased",
        "managedByTenants": [],
        "tags": {
          "TagKey-9823": "TagValue-566",
          "TagKey-3481": "TagValue-320",
          "TagKey-4926": "TagValue-1187",
          "TagKey-751": "TagValue-3921",
          "TagKey-1866": "TagValue-8559",
          "TagKey-3094": "TagValue-9190",
          "TagKey-2449": "TagValue-9",
          "TagKey-8379": "TagValue-164",
          "TagKey-7470": "TagValue-2205",
          "TagKey-4236": "TagValue-3698",
          "TagKey-5316": "TagValue-2725"
        },
        "subscriptionId": "db1ab6f0-4769-4b27-930e-01e2ef9c123c",
        "tenantId": "72f988bf-86f1-41af-91ab-2d7cd011db47",
        "displayName": ".NET Mgmt SDK Test with TTL = 1 Day",
        "state": "Enabled",
        "subscriptionPolicies": {
          "locationPlacementId": "Internal_2014-09-01",
          "quotaId": "Internal_2014-09-01",
          "spendingLimit": "Off"
        }
      }
    },
    {
      "RequestUri": "https://management.azure.com/subscriptions/db1ab6f0-4769-4b27-930e-01e2ef9c123c/resourcegroups/NotificationHubRG-5061?api-version=**",
      "RequestMethod": "PUT",
      "RequestHeaders": {
        "Accept": "application/json",
        "Authorization": "Sanitized",
        "Content-Length": "21",
        "Content-Type": "application/json",
        "traceparent": "00-373ebdaf864d1a4bb68d830d3428f730-b629a3f3f873bf43-00",
        "User-Agent": "azsdk-net-ResourceManager/1.3.0 (.NET Core 3.1.28; Microsoft Windows 10.0.22000)",
        "x-ms-client-request-id": "bb5959ed88292e882132b6b5e969e540",
        "x-ms-return-client-request-id": "true"
      },
      "RequestBody": {
        "location": "eastus"
      },
      "StatusCode": 201,
      "ResponseHeaders": {
        "Cache-Control": "no-cache",
        "Content-Length": "241",
        "Content-Type": "application/json; charset=utf-8",
        "Date": "Mon, 29 Aug 2022 09:29:54 GMT",
        "Expires": "-1",
        "Pragma": "no-cache",
        "Strict-Transport-Security": "max-age=31536000; includeSubDomains",
        "X-Content-Type-Options": "nosniff",
        "x-ms-correlation-request-id": "e7383a42-98be-45b0-8fb0-5065aaab9e27",
        "x-ms-ratelimit-remaining-subscription-writes": "1193",
        "x-ms-request-id": "e7383a42-98be-45b0-8fb0-5065aaab9e27",
        "x-ms-routing-request-id": "SOUTHEASTASIA:20220829T092954Z:e7383a42-98be-45b0-8fb0-5065aaab9e27"
      },
      "ResponseBody": {
        "id": "/subscriptions/db1ab6f0-4769-4b27-930e-01e2ef9c123c/resourceGroups/NotificationHubRG-5061",
        "name": "NotificationHubRG-5061",
        "type": "Microsoft.Resources/resourceGroups",
        "location": "eastus",
        "properties": {
          "provisioningState": "Succeeded"
        }
      }
    },
    {
      "RequestUri": "https://management.azure.com/subscriptions/db1ab6f0-4769-4b27-930e-01e2ef9c123c/resourceGroups/NotificationHubRG-5061/providers/Microsoft.NotificationHubs/namespaces/azNotificationHubNamespace2777?api-version=2017-04-01",
      "RequestMethod": "PUT",
      "RequestHeaders": {
        "Accept": "application/json",
        "Authorization": "Sanitized",
        "Content-Length": "73",
        "Content-Type": "application/json",
        "traceparent": "00-b75e67c891ccdc45b611da38227e0a76-21b769bed0a1ca4a-00",
        "User-Agent": "azsdk-net-ResourceManager.NotificationHubs/1.0.0-alpha.20220829.1 (.NET Core 3.1.28; Microsoft Windows 10.0.22000)",
        "x-ms-client-request-id": "b6d29e2c4efe980949bd0a774ffc2d16",
        "x-ms-return-client-request-id": "true"
      },
      "RequestBody": {
        "sku": {
          "name": "Standard"
        },
        "tags": {},
        "location": "eastus",
        "properties": {}
      },
      "StatusCode": 201,
      "ResponseHeaders": {
        "api-supported-versions": "2014-09-01, 2016-03-01, 2017-04-01, 2020-01-01-preview",
        "Azure-AsyncOperation": "https://management.azure.com/subscriptions/db1ab6f0-4769-4b27-930e-01e2ef9c123c/resourceGroups/NotificationHubRG-5061/providers/Microsoft.NotificationHubs/namespaces/azNotificationHubNamespace2777/operations/Q3JlYXRlTmFtZXNwYWNlLWRiMWFiNmYwLTQ3NjktNGIyNy05MzBlLTAxZTJlZjljMTIzYy1hek5vdGlmaWNhdGlvbkh1Yk5hbWVzcGFjZTI3Nzc7bmhwcm9kYmwyMDAxLTItZmFicmlj?api-version=2017-04-01",
        "Cache-Control": "no-cache",
        "Content-Length": "357",
        "Content-Type": "application/json; charset=utf-8",
        "Date": "Mon, 29 Aug 2022 09:30:01 GMT",
        "Expires": "-1",
        "Location": "https://management.azure.com/subscriptions/db1ab6f0-4769-4b27-930e-01e2ef9c123c/resourceGroups/NotificationHubRG-5061/providers/Microsoft.NotificationHubs/namespaces/azNotificationHubNamespace2777?api-version=2017-04-01",
        "Pragma": "no-cache",
        "Retry-After": "10",
        "Server": "Kestrel",
        "Strict-Transport-Security": "max-age=31536000; includeSubDomains",
        "TrackingId": "54c5b331-f60f-4fad-b975-3e042e7e0314",
        "X-Content-Type-Options": "nosniff",
        "x-ms-client-request-id": "b6d29e2c4efe980949bd0a774ffc2d16",
        "x-ms-correlation-request-id": "21fcca11-6fcb-4229-8787-577ea2bf1254",
        "x-ms-ratelimit-remaining-subscription-writes": "1192",
        "x-ms-request-id": "21fcca11-6fcb-4229-8787-577ea2bf1254",
        "x-ms-routing-request-id": "SOUTHEASTASIA:20220829T093001Z:21fcca11-6fcb-4229-8787-577ea2bf1254"
      },
      "ResponseBody": {
        "properties": {
          "provisioningState": "Unknown",
          "enabled": false,
          "zoneRedundant": false
        },
        "id": "/subscriptions/db1ab6f0-4769-4b27-930e-01e2ef9c123c/resourceGroups/NotificationHubRG-5061/providers/Microsoft.NotificationHubs/namespaces/azNotificationHubNamespace2777",
        "name": "azNotificationHubNamespace2777",
        "type": "Microsoft.NotificationHubs/namespaces",
        "tags": {}
      }
    }
  ],
  "Variables": {
    "AZURE_AUTHORITY_HOST": "https://login.microsoftonline.com",
    "RandomSeed": "31720164",
    "RESOURCE_MANAGER_URL": null,
    "SUBSCRIPTION_ID": "db1ab6f0-4769-4b27-930e-01e2ef9c123c"
  }
}
