{
  "Entries": [
    {
      "RequestUri": "/subscriptions/f34b22a3-2202-4fb1-b040-1332bd928c84/resourceGroups/flowrg/providers/Microsoft.Logic/integrationAccounts?api-version=2018-07-01-preview",
      "EncodedRequestUri": "L3N1YnNjcmlwdGlvbnMvZjM0YjIyYTMtMjIwMi00ZmIxLWIwNDAtMTMzMmJkOTI4Yzg0L3Jlc291cmNlR3JvdXBzL2Zsb3dyZy9wcm92aWRlcnMvTWljcm9zb2Z0LkxvZ2ljL2ludGVncmF0aW9uQWNjb3VudHM/YXBpLXZlcnNpb249MjAxOC0wNy0wMS1wcmV2aWV3",
      "RequestMethod": "GET",
      "RequestBody": "",
      "RequestHeaders": {
        "x-ms-client-request-id": [
          "6d4ea90d-30da-4c82-84a3-9e32920b0798"
        ],
        "accept-language": [
          "en-US"
        ],
        "User-Agent": [
          "FxVersion/4.6.26614.01",
          "Microsoft.Azure.Management.Logic.LogicManagementClient/4.0.0.0"
        ]
      },
      "ResponseHeaders": {
        "Cache-Control": [
          "no-cache"
        ],
        "Date": [
          "Wed, 19 Sep 2018 22:53:20 GMT"
        ],
        "Pragma": [
          "no-cache"
        ],
        "x-ms-ratelimit-remaining-subscription-reads": [
          "11991"
        ],
        "x-ms-request-id": [
          "7b74f71c-87b4-4f60-9837-676765be62d2"
        ],
        "x-ms-correlation-request-id": [
          "7b74f71c-87b4-4f60-9837-676765be62d2"
        ],
        "x-ms-routing-request-id": [
          "WESTUS2:20180919T225320Z:7b74f71c-87b4-4f60-9837-676765be62d2"
        ],
        "Strict-Transport-Security": [
          "max-age=31536000; includeSubDomains"
        ],
        "X-Content-Type-Options": [
          "nosniff"
        ],
        "Content-Length": [
          "12"
        ],
        "Content-Type": [
          "application/json; charset=utf-8"
        ],
        "Expires": [
          "-1"
        ]
      },
      "ResponseBody": "{\r\n  \"value\": []\r\n}",
      "StatusCode": 200
    },
    {
      "RequestUri": "/subscriptions/f34b22a3-2202-4fb1-b040-1332bd928c84/resourceGroups/flowrg/providers/Microsoft.Logic/workflows?api-version=2018-07-01-preview",
      "EncodedRequestUri": "L3N1YnNjcmlwdGlvbnMvZjM0YjIyYTMtMjIwMi00ZmIxLWIwNDAtMTMzMmJkOTI4Yzg0L3Jlc291cmNlR3JvdXBzL2Zsb3dyZy9wcm92aWRlcnMvTWljcm9zb2Z0LkxvZ2ljL3dvcmtmbG93cz9hcGktdmVyc2lvbj0yMDE4LTA3LTAxLXByZXZpZXc=",
      "RequestMethod": "GET",
      "RequestBody": "",
      "RequestHeaders": {
        "x-ms-client-request-id": [
          "e9b1336c-f922-4cb4-85f8-2a6fbb84d5c7"
        ],
        "accept-language": [
          "en-US"
        ],
        "User-Agent": [
          "FxVersion/4.6.26614.01",
          "Microsoft.Azure.Management.Logic.LogicManagementClient/4.0.0.0"
        ]
      },
      "ResponseHeaders": {
        "Cache-Control": [
          "no-cache"
        ],
        "Date": [
          "Wed, 19 Sep 2018 22:53:20 GMT"
        ],
        "Pragma": [
          "no-cache"
        ],
        "x-ms-ratelimit-remaining-subscription-resource-requests": [
          "19996"
        ],
        "x-ms-request-id": [
          "1bed673b-be99-4df4-ae7b-9b155b2006a8"
        ],
        "x-ms-correlation-request-id": [
          "1bed673b-be99-4df4-ae7b-9b155b2006a8"
        ],
        "x-ms-routing-request-id": [
          "WESTUS2:20180919T225320Z:1bed673b-be99-4df4-ae7b-9b155b2006a8"
        ],
        "Strict-Transport-Security": [
          "max-age=31536000; includeSubDomains"
        ],
        "X-Content-Type-Options": [
          "nosniff"
        ],
        "Content-Length": [
          "12"
        ],
        "Content-Type": [
          "application/json; charset=utf-8"
        ],
        "Expires": [
          "-1"
        ]
      },
      "ResponseBody": "{\r\n  \"value\": []\r\n}",
      "StatusCode": 200
    },
    {
      "RequestUri": "/subscriptions/f34b22a3-2202-4fb1-b040-1332bd928c84/resourceGroups/flowrg/providers/Microsoft.Logic/integrationAccounts/IntegrationAccount7081?api-version=2018-07-01-preview",
      "EncodedRequestUri": "L3N1YnNjcmlwdGlvbnMvZjM0YjIyYTMtMjIwMi00ZmIxLWIwNDAtMTMzMmJkOTI4Yzg0L3Jlc291cmNlR3JvdXBzL2Zsb3dyZy9wcm92aWRlcnMvTWljcm9zb2Z0LkxvZ2ljL2ludGVncmF0aW9uQWNjb3VudHMvSW50ZWdyYXRpb25BY2NvdW50NzA4MT9hcGktdmVyc2lvbj0yMDE4LTA3LTAxLXByZXZpZXc=",
      "RequestMethod": "PUT",
      "RequestBody": "{\r\n  \"properties\": {},\r\n  \"sku\": {\r\n    \"name\": \"Standard\"\r\n  },\r\n  \"location\": \"westus\"\r\n}",
      "RequestHeaders": {
        "x-ms-client-request-id": [
          "2c7e2903-92eb-47b9-99c6-67bf0169f067"
        ],
        "accept-language": [
          "en-US"
        ],
        "User-Agent": [
          "FxVersion/4.6.26614.01",
          "Microsoft.Azure.Management.Logic.LogicManagementClient/4.0.0.0"
        ],
        "Content-Type": [
          "application/json; charset=utf-8"
        ],
        "Content-Length": [
          "91"
        ]
      },
      "ResponseHeaders": {
        "Cache-Control": [
          "no-cache"
        ],
        "Date": [
          "Wed, 19 Sep 2018 22:53:21 GMT"
        ],
        "Pragma": [
          "no-cache"
        ],
        "x-ms-request-id": [
          "westus:f8c5dc34-5260-4cb7-a601-65dc0729d1c3"
        ],
        "Strict-Transport-Security": [
          "max-age=31536000; includeSubDomains"
        ],
        "x-ms-ratelimit-remaining-subscription-writes": [
          "1194"
        ],
        "x-ms-correlation-request-id": [
          "565195fe-0bec-44d7-84dd-5123349302d4"
        ],
        "x-ms-routing-request-id": [
          "WESTUS2:20180919T225321Z:565195fe-0bec-44d7-84dd-5123349302d4"
        ],
        "X-Content-Type-Options": [
          "nosniff"
        ],
        "Content-Length": [
          "307"
        ],
        "Content-Type": [
          "application/json; charset=utf-8"
        ],
        "Expires": [
          "-1"
        ]
      },
      "ResponseBody": "{\r\n  \"properties\": {\r\n    \"state\": \"Enabled\"\r\n  },\r\n  \"sku\": {\r\n    \"name\": \"Standard\"\r\n  },\r\n  \"id\": \"/subscriptions/f34b22a3-2202-4fb1-b040-1332bd928c84/resourceGroups/flowrg/providers/Microsoft.Logic/integrationAccounts/IntegrationAccount7081\",\r\n  \"name\": \"IntegrationAccount7081\",\r\n  \"type\": \"Microsoft.Logic/integrationAccounts\",\r\n  \"location\": \"westus\"\r\n}",
      "StatusCode": 201
    },
    {
      "RequestUri": "/subscriptions/f34b22a3-2202-4fb1-b040-1332bd928c84/resourceGroups/flowrg/providers/Microsoft.Logic/integrationAccounts/IntegrationAccount7081/agreements/IntegrationAccountAgreement904?api-version=2018-07-01-preview",
      "EncodedRequestUri": "L3N1YnNjcmlwdGlvbnMvZjM0YjIyYTMtMjIwMi00ZmIxLWIwNDAtMTMzMmJkOTI4Yzg0L3Jlc291cmNlR3JvdXBzL2Zsb3dyZy9wcm92aWRlcnMvTWljcm9zb2Z0LkxvZ2ljL2ludGVncmF0aW9uQWNjb3VudHMvSW50ZWdyYXRpb25BY2NvdW50NzA4MS9hZ3JlZW1lbnRzL0ludGVncmF0aW9uQWNjb3VudEFncmVlbWVudDkwND9hcGktdmVyc2lvbj0yMDE4LTA3LTAxLXByZXZpZXc=",
      "RequestMethod": "PUT",
      "RequestBody": "{\r\n  \"properties\": {\r\n    \"agreementType\": \"AS2\",\r\n    \"hostPartner\": \"HostPartner\",\r\n    \"guestPartner\": \"GuestPartner\",\r\n    \"hostIdentity\": {\r\n      \"qualifier\": \"ZZ\",\r\n      \"value\": \"ZZ\"\r\n    },\r\n    \"guestIdentity\": {\r\n      \"qualifier\": \"AA\",\r\n      \"value\": \"AA\"\r\n    },\r\n    \"content\": {\r\n      \"aS2\": {\r\n        \"receiveAgreement\": {\r\n          \"senderBusinessIdentity\": {\r\n            \"qualifier\": \"AA\",\r\n            \"value\": \"AA\"\r\n          },\r\n          \"receiverBusinessIdentity\": {\r\n            \"qualifier\": \"ZZ\",\r\n            \"value\": \"ZZ\"\r\n          },\r\n          \"protocolSettings\": {\r\n            \"messageConnectionSettings\": {\r\n              \"ignoreCertificateNameMismatch\": true,\r\n              \"supportHttpStatusCodeContinue\": true,\r\n              \"keepHttpConnectionAlive\": true,\r\n              \"unfoldHttpHeaders\": true\r\n            },\r\n            \"acknowledgementConnectionSettings\": {\r\n              \"ignoreCertificateNameMismatch\": true,\r\n              \"supportHttpStatusCodeContinue\": true,\r\n              \"keepHttpConnectionAlive\": true,\r\n              \"unfoldHttpHeaders\": true\r\n            },\r\n            \"mdnSettings\": {\r\n              \"needMdn\": true,\r\n              \"signMdn\": true,\r\n              \"sendMdnAsynchronously\": true,\r\n              \"receiptDeliveryUrl\": \"http://tempuri.org\",\r\n              \"dispositionNotificationTo\": \"http://tempuri.org\",\r\n              \"signOutboundMdnIfOptional\": true,\r\n              \"mdnText\": \"Sample\",\r\n              \"sendInboundMdnToMessageBox\": true,\r\n              \"micHashingAlgorithm\": \"MD5\"\r\n            },\r\n            \"securitySettings\": {\r\n              \"overrideGroupSigningCertificate\": false,\r\n              \"enableNrrForInboundEncodedMessages\": true,\r\n              \"enableNrrForInboundDecodedMessages\": true,\r\n              \"enableNrrForOutboundMdn\": true,\r\n              \"enableNrrForOutboundEncodedMessages\": true,\r\n              \"enableNrrForOutboundDecodedMessages\": true,\r\n              \"enableNrrForInboundMdn\": true\r\n            },\r\n            \"validationSettings\": {\r\n              \"overrideMessageProperties\": true,\r\n              \"encryptMessage\": false,\r\n              \"signMessage\": false,\r\n              \"compressMessage\": true,\r\n              \"checkDuplicateMessage\": true,\r\n              \"interchangeDuplicatesValidityDays\": 100,\r\n              \"checkCertificateRevocationListOnSend\": true,\r\n              \"checkCertificateRevocationListOnReceive\": true,\r\n              \"encryptionAlgorithm\": \"AES128\"\r\n            },\r\n            \"envelopeSettings\": {\r\n              \"messageContentType\": \"text/plain\",\r\n              \"transmitFileNameInMimeHeader\": true,\r\n              \"fileNameTemplate\": \"Test\",\r\n              \"suspendMessageOnFileNameGenerationError\": true,\r\n              \"autogenerateFileName\": true\r\n            },\r\n            \"errorSettings\": {\r\n              \"suspendDuplicateMessage\": true,\r\n              \"resendIfMdnNotReceived\": true\r\n            }\r\n          }\r\n        },\r\n        \"sendAgreement\": {\r\n          \"senderBusinessIdentity\": {\r\n            \"qualifier\": \"ZZ\",\r\n            \"value\": \"ZZ\"\r\n          },\r\n          \"receiverBusinessIdentity\": {\r\n            \"qualifier\": \"AA\",\r\n            \"value\": \"AA\"\r\n          },\r\n          \"protocolSettings\": {\r\n            \"messageConnectionSettings\": {\r\n              \"ignoreCertificateNameMismatch\": true,\r\n              \"supportHttpStatusCodeContinue\": true,\r\n              \"keepHttpConnectionAlive\": true,\r\n              \"unfoldHttpHeaders\": true\r\n            },\r\n            \"acknowledgementConnectionSettings\": {\r\n              \"ignoreCertificateNameMismatch\": true,\r\n              \"supportHttpStatusCodeContinue\": true,\r\n              \"keepHttpConnectionAlive\": true,\r\n              \"unfoldHttpHeaders\": true\r\n            },\r\n            \"mdnSettings\": {\r\n              \"needMdn\": true,\r\n              \"signMdn\": true,\r\n              \"sendMdnAsynchronously\": true,\r\n              \"receiptDeliveryUrl\": \"http://tempuri.org\",\r\n              \"dispositionNotificationTo\": \"http://tempuri.org\",\r\n              \"signOutboundMdnIfOptional\": true,\r\n              \"mdnText\": \"Sample\",\r\n              \"sendInboundMdnToMessageBox\": true,\r\n              \"micHashingAlgorithm\": \"MD5\"\r\n            },\r\n            \"securitySettings\": {\r\n              \"overrideGroupSigningCertificate\": false,\r\n              \"enableNrrForInboundEncodedMessages\": true,\r\n              \"enableNrrForInboundDecodedMessages\": true,\r\n              \"enableNrrForOutboundMdn\": true,\r\n              \"enableNrrForOutboundEncodedMessages\": true,\r\n              \"enableNrrForOutboundDecodedMessages\": true,\r\n              \"enableNrrForInboundMdn\": true\r\n            },\r\n            \"validationSettings\": {\r\n              \"overrideMessageProperties\": true,\r\n              \"encryptMessage\": false,\r\n              \"signMessage\": false,\r\n              \"compressMessage\": true,\r\n              \"checkDuplicateMessage\": true,\r\n              \"interchangeDuplicatesValidityDays\": 100,\r\n              \"checkCertificateRevocationListOnSend\": true,\r\n              \"checkCertificateRevocationListOnReceive\": true,\r\n              \"encryptionAlgorithm\": \"AES128\"\r\n            },\r\n            \"envelopeSettings\": {\r\n              \"messageContentType\": \"text/plain\",\r\n              \"transmitFileNameInMimeHeader\": true,\r\n              \"fileNameTemplate\": \"Test\",\r\n              \"suspendMessageOnFileNameGenerationError\": true,\r\n              \"autogenerateFileName\": true\r\n            },\r\n            \"errorSettings\": {\r\n              \"suspendDuplicateMessage\": true,\r\n              \"resendIfMdnNotReceived\": true\r\n            }\r\n          }\r\n        }\r\n      }\r\n    }\r\n  }\r\n}",
      "RequestHeaders": {
        "x-ms-client-request-id": [
          "24c47d0d-9913-4de5-b047-359dd7843823"
        ],
        "accept-language": [
          "en-US"
        ],
        "User-Agent": [
          "FxVersion/4.6.26614.01",
          "Microsoft.Azure.Management.Logic.LogicManagementClient/4.0.0.0"
        ],
        "Content-Type": [
          "application/json; charset=utf-8"
        ],
        "Content-Length": [
          "5694"
        ]
      },
      "ResponseHeaders": {
        "Cache-Control": [
          "no-cache"
        ],
        "Date": [
          "Wed, 19 Sep 2018 22:53:21 GMT"
        ],
        "Pragma": [
          "no-cache"
        ],
        "x-ms-request-id": [
          "westus:21bd7bd8-f7da-45e6-a29e-876a5d1a1986"
        ],
        "Strict-Transport-Security": [
          "max-age=31536000; includeSubDomains"
        ],
        "x-ms-ratelimit-remaining-subscription-writes": [
          "1193"
        ],
        "x-ms-correlation-request-id": [
          "a9435205-27ca-4db0-9382-b3d56c706162"
        ],
        "x-ms-routing-request-id": [
          "WESTUS2:20180919T225322Z:a9435205-27ca-4db0-9382-b3d56c706162"
        ],
        "X-Content-Type-Options": [
          "nosniff"
        ],
        "Content-Length": [
          "3870"
        ],
        "Content-Type": [
          "application/json; charset=utf-8"
        ],
        "Expires": [
          "-1"
        ]
      },
      "ResponseBody": "{\r\n  \"properties\": {\r\n    \"hostPartner\": \"HostPartner\",\r\n    \"guestPartner\": \"GuestPartner\",\r\n    \"hostIdentity\": {\r\n      \"qualifier\": \"ZZ\",\r\n      \"value\": \"ZZ\"\r\n    },\r\n    \"guestIdentity\": {\r\n      \"qualifier\": \"AA\",\r\n      \"value\": \"AA\"\r\n    },\r\n    \"agreementType\": \"AS2\",\r\n    \"content\": {\r\n      \"aS2\": {\r\n        \"receiveAgreement\": {\r\n          \"protocolSettings\": {\r\n            \"messageConnectionSettings\": {\r\n              \"ignoreCertificateNameMismatch\": true,\r\n              \"supportHttpStatusCodeContinue\": true,\r\n              \"keepHttpConnectionAlive\": true,\r\n              \"unfoldHttpHeaders\": true\r\n            },\r\n            \"acknowledgementConnectionSettings\": {\r\n              \"ignoreCertificateNameMismatch\": true,\r\n              \"supportHttpStatusCodeContinue\": true,\r\n              \"keepHttpConnectionAlive\": true,\r\n              \"unfoldHttpHeaders\": true\r\n            },\r\n            \"mdnSettings\": {\r\n              \"needMDN\": true,\r\n              \"signMDN\": true,\r\n              \"sendMDNAsynchronously\": true,\r\n              \"receiptDeliveryUrl\": \"http://tempuri.org\",\r\n              \"dispositionNotificationTo\": \"http://tempuri.org\",\r\n              \"signOutboundMDNIfOptional\": true,\r\n              \"mdnText\": \"Sample\",\r\n              \"sendInboundMDNToMessageBox\": true,\r\n              \"micHashingAlgorithm\": \"MD5\"\r\n            },\r\n            \"securitySettings\": {\r\n              \"overrideGroupSigningCertificate\": false,\r\n              \"enableNRRForInboundEncodedMessages\": true,\r\n              \"enableNRRForInboundDecodedMessages\": true,\r\n              \"enableNRRForOutboundMDN\": true,\r\n              \"enableNRRForOutboundEncodedMessages\": true,\r\n              \"enableNRRForOutboundDecodedMessages\": true,\r\n              \"enableNRRForInboundMDN\": true\r\n            },\r\n            \"validationSettings\": {\r\n              \"overrideMessageProperties\": true,\r\n              \"encryptMessage\": false,\r\n              \"signMessage\": false,\r\n              \"compressMessage\": true,\r\n              \"checkDuplicateMessage\": true,\r\n              \"interchangeDuplicatesValidityDays\": 100,\r\n              \"checkCertificateRevocationListOnSend\": true,\r\n              \"checkCertificateRevocationListOnReceive\": true,\r\n              \"encryptionAlgorithm\": \"AES128\"\r\n            },\r\n            \"envelopeSettings\": {\r\n              \"messageContentType\": \"text/plain\",\r\n              \"transmitFileNameInMimeHeader\": true,\r\n              \"fileNameTemplate\": \"Test\",\r\n              \"suspendMessageOnFileNameGenerationError\": true,\r\n              \"autogenerateFileName\": true\r\n            },\r\n            \"errorSettings\": {\r\n              \"suspendDuplicateMessage\": true,\r\n              \"resendIfMDNNotReceived\": true\r\n            }\r\n          },\r\n          \"senderBusinessIdentity\": {\r\n            \"qualifier\": \"AA\",\r\n            \"value\": \"AA\"\r\n          },\r\n          \"receiverBusinessIdentity\": {\r\n            \"qualifier\": \"ZZ\",\r\n            \"value\": \"ZZ\"\r\n          }\r\n        },\r\n        \"sendAgreement\": {\r\n          \"protocolSettings\": {\r\n            \"messageConnectionSettings\": {\r\n              \"ignoreCertificateNameMismatch\": true,\r\n              \"supportHttpStatusCodeContinue\": true,\r\n              \"keepHttpConnectionAlive\": true,\r\n              \"unfoldHttpHeaders\": true\r\n            },\r\n            \"acknowledgementConnectionSettings\": {\r\n              \"ignoreCertificateNameMismatch\": true,\r\n              \"supportHttpStatusCodeContinue\": true,\r\n              \"keepHttpConnectionAlive\": true,\r\n              \"unfoldHttpHeaders\": true\r\n            },\r\n            \"mdnSettings\": {\r\n              \"needMDN\": true,\r\n              \"signMDN\": true,\r\n              \"sendMDNAsynchronously\": true,\r\n              \"receiptDeliveryUrl\": \"http://tempuri.org\",\r\n              \"dispositionNotificationTo\": \"http://tempuri.org\",\r\n              \"signOutboundMDNIfOptional\": true,\r\n              \"mdnText\": \"Sample\",\r\n              \"sendInboundMDNToMessageBox\": true,\r\n              \"micHashingAlgorithm\": \"MD5\"\r\n            },\r\n            \"securitySettings\": {\r\n              \"overrideGroupSigningCertificate\": false,\r\n              \"enableNRRForInboundEncodedMessages\": true,\r\n              \"enableNRRForInboundDecodedMessages\": true,\r\n              \"enableNRRForOutboundMDN\": true,\r\n              \"enableNRRForOutboundEncodedMessages\": true,\r\n              \"enableNRRForOutboundDecodedMessages\": true,\r\n              \"enableNRRForInboundMDN\": true\r\n            },\r\n            \"validationSettings\": {\r\n              \"overrideMessageProperties\": true,\r\n              \"encryptMessage\": false,\r\n              \"signMessage\": false,\r\n              \"compressMessage\": true,\r\n              \"checkDuplicateMessage\": true,\r\n              \"interchangeDuplicatesValidityDays\": 100,\r\n              \"checkCertificateRevocationListOnSend\": true,\r\n              \"checkCertificateRevocationListOnReceive\": true,\r\n              \"encryptionAlgorithm\": \"AES128\"\r\n            },\r\n            \"envelopeSettings\": {\r\n              \"messageContentType\": \"text/plain\",\r\n              \"transmitFileNameInMimeHeader\": true,\r\n              \"fileNameTemplate\": \"Test\",\r\n              \"suspendMessageOnFileNameGenerationError\": true,\r\n              \"autogenerateFileName\": true\r\n            },\r\n            \"errorSettings\": {\r\n              \"suspendDuplicateMessage\": true,\r\n              \"resendIfMDNNotReceived\": true\r\n            }\r\n          },\r\n          \"senderBusinessIdentity\": {\r\n            \"qualifier\": \"ZZ\",\r\n            \"value\": \"ZZ\"\r\n          },\r\n          \"receiverBusinessIdentity\": {\r\n            \"qualifier\": \"AA\",\r\n            \"value\": \"AA\"\r\n          }\r\n        }\r\n      }\r\n    },\r\n    \"createdTime\": \"2018-09-19T22:53:21.9730294Z\",\r\n    \"changedTime\": \"2018-09-19T22:53:21.9733304Z\"\r\n  },\r\n  \"id\": \"/subscriptions/f34b22a3-2202-4fb1-b040-1332bd928c84/resourceGroups/flowrg/providers/Microsoft.Logic/integrationAccounts/IntegrationAccount7081/agreements/IntegrationAccountAgreement904\",\r\n  \"name\": \"IntegrationAccountAgreement904\",\r\n  \"type\": \"Microsoft.Logic/integrationAccounts/agreements\"\r\n}",
      "StatusCode": 201
    },
    {
      "RequestUri": "/subscriptions/f34b22a3-2202-4fb1-b040-1332bd928c84/resourceGroups/flowrg/providers/Microsoft.Logic/integrationAccounts/IntegrationAccount7081?api-version=2018-07-01-preview",
      "EncodedRequestUri": "L3N1YnNjcmlwdGlvbnMvZjM0YjIyYTMtMjIwMi00ZmIxLWIwNDAtMTMzMmJkOTI4Yzg0L3Jlc291cmNlR3JvdXBzL2Zsb3dyZy9wcm92aWRlcnMvTWljcm9zb2Z0LkxvZ2ljL2ludGVncmF0aW9uQWNjb3VudHMvSW50ZWdyYXRpb25BY2NvdW50NzA4MT9hcGktdmVyc2lvbj0yMDE4LTA3LTAxLXByZXZpZXc=",
      "RequestMethod": "DELETE",
      "RequestBody": "",
      "RequestHeaders": {
        "x-ms-client-request-id": [
          "b1eef748-f9fb-47f8-bef6-590c85e44e71"
        ],
        "accept-language": [
          "en-US"
        ],
        "User-Agent": [
          "FxVersion/4.6.26614.01",
          "Microsoft.Azure.Management.Logic.LogicManagementClient/4.0.0.0"
        ]
      },
      "ResponseHeaders": {
        "Cache-Control": [
          "no-cache"
        ],
        "Date": [
          "Wed, 19 Sep 2018 22:53:22 GMT"
        ],
        "Pragma": [
          "no-cache"
        ],
        "x-ms-request-id": [
          "westus:06e5dacd-d7ed-42ee-aeb8-636dd7ac5191"
        ],
        "Strict-Transport-Security": [
          "max-age=31536000; includeSubDomains"
        ],
        "x-ms-ratelimit-remaining-subscription-deletes": [
          "14996"
        ],
        "x-ms-correlation-request-id": [
          "7a129a39-ed7a-4cf6-9648-35703d088b89"
        ],
        "x-ms-routing-request-id": [
          "WESTUS2:20180919T225322Z:7a129a39-ed7a-4cf6-9648-35703d088b89"
        ],
        "X-Content-Type-Options": [
          "nosniff"
        ],
        "Content-Length": [
          "0"
        ],
        "Expires": [
          "-1"
        ]
      },
      "ResponseBody": "",
      "StatusCode": 200
    },
    {
      "RequestUri": "/subscriptions/f34b22a3-2202-4fb1-b040-1332bd928c84/resourceGroups/flowrg/providers/Microsoft.Logic/integrationAccounts/IntegrationAccount7081/agreements/IntegrationAccountAgreement904?api-version=2018-07-01-preview",
      "EncodedRequestUri": "L3N1YnNjcmlwdGlvbnMvZjM0YjIyYTMtMjIwMi00ZmIxLWIwNDAtMTMzMmJkOTI4Yzg0L3Jlc291cmNlR3JvdXBzL2Zsb3dyZy9wcm92aWRlcnMvTWljcm9zb2Z0LkxvZ2ljL2ludGVncmF0aW9uQWNjb3VudHMvSW50ZWdyYXRpb25BY2NvdW50NzA4MS9hZ3JlZW1lbnRzL0ludGVncmF0aW9uQWNjb3VudEFncmVlbWVudDkwND9hcGktdmVyc2lvbj0yMDE4LTA3LTAxLXByZXZpZXc=",
      "RequestMethod": "GET",
      "RequestBody": "",
      "RequestHeaders": {
        "x-ms-client-request-id": [
          "d8597a7c-81a2-4fef-b28d-f5023453a422"
        ],
        "accept-language": [
          "en-US"
        ],
        "User-Agent": [
          "FxVersion/4.6.26614.01",
          "Microsoft.Azure.Management.Logic.LogicManagementClient/4.0.0.0"
        ]
      },
      "ResponseHeaders": {
        "Cache-Control": [
          "no-cache"
        ],
        "Date": [
          "Wed, 19 Sep 2018 22:53:22 GMT"
        ],
        "Pragma": [
          "no-cache"
        ],
        "x-ms-failure-cause": [
          "gateway"
        ],
        "x-ms-request-id": [
          "3ef0654b-a91d-4b72-8b69-174fd4a107cd"
        ],
        "x-ms-correlation-request-id": [
          "3ef0654b-a91d-4b72-8b69-174fd4a107cd"
        ],
        "x-ms-routing-request-id": [
          "WESTUS2:20180919T225322Z:3ef0654b-a91d-4b72-8b69-174fd4a107cd"
        ],
        "Strict-Transport-Security": [
          "max-age=31536000; includeSubDomains"
        ],
        "X-Content-Type-Options": [
          "nosniff"
        ],
        "Content-Length": [
          "168"
        ],
        "Content-Type": [
          "application/json; charset=utf-8"
        ],
        "Expires": [
          "-1"
        ]
      },
      "ResponseBody": "{\r\n  \"error\": {\r\n    \"code\": \"ResourceNotFound\",\r\n    \"message\": \"The Resource 'Microsoft.Logic/integrationAccounts/IntegrationAccount7081' under resource group 'flowrg' was not found.\"\r\n  }\r\n}",
      "StatusCode": 404
    }
  ],
  "Names": {
    "IntegrationAccountAgreements_DeleteWhenDeleteIntegrationAccount_OK": [
      "IntegrationAccount7081",
      "IntegrationAccountAgreement904"
    ]
  },
  "Variables": {
    "SubscriptionId": "f34b22a3-2202-4fb1-b040-1332bd928c84"
  }
}