{
  "Entries": [
    {
      "RequestUri": "/subscriptions/dfb63c8c-7c89-4ef8-af13-75c1d873c895/resourceGroups/ereyTest/providers/Microsoft.ContainerRegistry/registries/azuresdkunittestupdateable?api-version=2017-10-01",
      "EncodedRequestUri": "L3N1YnNjcmlwdGlvbnMvZGZiNjNjOGMtN2M4OS00ZWY4LWFmMTMtNzVjMWQ4NzNjODk1L3Jlc291cmNlR3JvdXBzL2VyZXlUZXN0L3Byb3ZpZGVycy9NaWNyb3NvZnQuQ29udGFpbmVyUmVnaXN0cnkvcmVnaXN0cmllcy9henVyZXNka3VuaXR0ZXN0dXBkYXRlYWJsZT9hcGktdmVyc2lvbj0yMDE3LTEwLTAx",
      "RequestMethod": "GET",
      "RequestBody": "",
      "RequestHeaders": {
        "x-ms-client-request-id": [
          "f5694067-894f-41d7-a608-ed5b1f117aea"
        ],
        "Accept-Language": [
          "en-US"
        ],
        "User-Agent": [
          "FxVersion/4.6.27617.04",
          "OSName/Windows",
          "OSVersion/Microsoft.Windows.10.0.18362.",
          "Microsoft.Azure.Management.ContainerRegistry.ContainerRegistryManagementClient/2.0.0.0"
        ]
      },
      "ResponseHeaders": {
        "Cache-Control": [
          "no-cache"
        ],
        "Pragma": [
          "no-cache"
        ],
        "Strict-Transport-Security": [
          "max-age=31536000; includeSubDomains"
        ],
        "Server": [
          "Microsoft-HTTPAPI/2.0"
        ],
        "x-ms-ratelimit-remaining-subscription-reads": [
          "11998"
        ],
        "x-ms-request-id": [
          "9e784939-fd99-47b2-9975-8613c4f63f15"
        ],
        "x-ms-correlation-request-id": [
          "9e784939-fd99-47b2-9975-8613c4f63f15"
        ],
        "x-ms-routing-request-id": [
          "WESTUS:20190807T182547Z:9e784939-fd99-47b2-9975-8613c4f63f15"
        ],
        "X-Content-Type-Options": [
          "nosniff"
        ],
        "Date": [
          "Wed, 07 Aug 2019 18:25:46 GMT"
        ],
        "Content-Length": [
          "489"
        ],
        "Content-Type": [
          "application/json; charset=utf-8"
        ],
        "Expires": [
          "-1"
        ]
      },
      "ResponseBody": "{\r\n  \"sku\": {\r\n    \"name\": \"Standard\",\r\n    \"tier\": \"Standard\"\r\n  },\r\n  \"type\": \"Microsoft.ContainerRegistry/registries\",\r\n  \"id\": \"/subscriptions/dfb63c8c-7c89-4ef8-af13-75c1d873c895/resourceGroups/ereyTest/providers/Microsoft.ContainerRegistry/registries/azuresdkunittestupdateable\",\r\n  \"name\": \"azuresdkunittestupdateable\",\r\n  \"location\": \"westus\",\r\n  \"tags\": {},\r\n  \"properties\": {\r\n    \"loginServer\": \"azuresdkunittestupdateable.azurecr.io\",\r\n    \"creationDate\": \"2019-08-06T23:24:57.9977962Z\",\r\n    \"provisioningState\": \"Succeeded\",\r\n    \"adminUserEnabled\": true\r\n  }\r\n}",
      "StatusCode": 200
    },
    {
      "RequestUri": "/subscriptions/dfb63c8c-7c89-4ef8-af13-75c1d873c895/resourceGroups/ereyTest/providers/Microsoft.ContainerRegistry/registries/azuresdkunittestupdateable/listCredentials?api-version=2017-10-01",
      "EncodedRequestUri": "L3N1YnNjcmlwdGlvbnMvZGZiNjNjOGMtN2M4OS00ZWY4LWFmMTMtNzVjMWQ4NzNjODk1L3Jlc291cmNlR3JvdXBzL2VyZXlUZXN0L3Byb3ZpZGVycy9NaWNyb3NvZnQuQ29udGFpbmVyUmVnaXN0cnkvcmVnaXN0cmllcy9henVyZXNka3VuaXR0ZXN0dXBkYXRlYWJsZS9saXN0Q3JlZGVudGlhbHM/YXBpLXZlcnNpb249MjAxNy0xMC0wMQ==",
      "RequestMethod": "POST",
      "RequestBody": "",
      "RequestHeaders": {
        "x-ms-client-request-id": [
          "8db8d35d-8d25-4203-9cde-e1086f5e6da6"
        ],
        "Accept-Language": [
          "en-US"
        ],
        "User-Agent": [
          "FxVersion/4.6.27617.04",
          "OSName/Windows",
          "OSVersion/Microsoft.Windows.10.0.18362.",
          "Microsoft.Azure.Management.ContainerRegistry.ContainerRegistryManagementClient/2.0.0.0"
        ]
      },
      "ResponseHeaders": {
        "Cache-Control": [
          "no-cache"
        ],
        "Pragma": [
          "no-cache"
        ],
        "Strict-Transport-Security": [
          "max-age=31536000; includeSubDomains"
        ],
        "Server": [
          "Microsoft-HTTPAPI/2.0"
        ],
        "x-ms-ratelimit-remaining-subscription-writes": [
          "1198"
        ],
        "x-ms-request-id": [
          "91eaf116-3797-42d7-a5bd-290841693178"
        ],
        "x-ms-correlation-request-id": [
          "91eaf116-3797-42d7-a5bd-290841693178"
        ],
        "x-ms-routing-request-id": [
          "WESTUS:20190807T182547Z:91eaf116-3797-42d7-a5bd-290841693178"
        ],
        "X-Content-Type-Options": [
          "nosniff"
        ],
        "Date": [
          "Wed, 07 Aug 2019 18:25:46 GMT"
        ],
        "Content-Length": [
          "182"
        ],
        "Content-Type": [
          "application/json; charset=utf-8"
        ],
        "Expires": [
          "-1"
        ]
      },
      "ResponseBody": "{\r\n  \"username\": \"azuresdkunittestupdateable\",\r\n  \"passwords\": [\r\n    {\r\n      \"name\": \"password\",\r\n      \"value\": \"Rb=6mEUEFfT5CPcNLVaNMBj87DP6QUWa\"\r\n    },\r\n    {\r\n      \"name\": \"password2\",\r\n      \"value\": \"S46LkYK/9QVGo860C4aD/RcfUDhsrCgX\"\r\n    }\r\n  ]\r\n}",
      "StatusCode": 200
    },
    {
      "RequestUri": "/v2/doundo%2Fbash/manifests/temporary",
      "EncodedRequestUri": "L3YyL2RvdW5kbyUyRmJhc2gvbWFuaWZlc3RzL3RlbXBvcmFyeQ==",
      "RequestMethod": "PUT",
      "RequestBody": "{\r\n  \"schemaVersion\": 2,\r\n  \"mediaType\": \"application/vnd.docker.distribution.manifest.v2+json\",\r\n  \"config\": {\r\n    \"mediaType\": \"application/vnd.docker.container.image.v1+json\",\r\n    \"size\": 5635,\r\n    \"digest\": \"sha256:16463e0c481e161aabb735437d30b3c9c7391c2747cc564bb927e843b73dcb39\"\r\n  },\r\n  \"layers\": [\r\n    {\r\n      \"mediaType\": \"application/vnd.docker.image.rootfs.diff.tar.gzip\",\r\n      \"size\": 2789742,\r\n      \"digest\": \"sha256:0503825856099e6adb39c8297af09547f69684b7016b7f3680ed801aa310baaa\"\r\n    },\r\n    {\r\n      \"mediaType\": \"application/vnd.docker.image.rootfs.diff.tar.gzip\",\r\n      \"size\": 3174556,\r\n      \"digest\": \"sha256:7bf5420b55e6bbefb64ddb4fbb98ef094866f3a3facda638a155715ab6002d9b\"\r\n    },\r\n    {\r\n      \"mediaType\": \"application/vnd.docker.image.rootfs.diff.tar.gzip\",\r\n      \"size\": 344,\r\n      \"digest\": \"sha256:1beb2aaf8cf93eacf658fa7f7f10f89ccec1838d1ac643a273345d4d0bc813a8\"\r\n    }\r\n  ]\r\n}",
      "RequestHeaders": {
        "x-ms-client-request-id": [
          "0b60ce19-12b6-4456-a59d-d209af5c454f"
        ],
        "Accept-Language": [
          "en-US"
        ],
        "User-Agent": [
          "FxVersion/4.6.27617.04",
          "OSName/Windows",
          "OSVersion/Microsoft.Windows.10.0.18362.",
          "Microsoft.Azure.ContainerRegistry.AzureContainerRegistryClient/0.9.0.0"
        ],
        "Content-Type": [
          "application/vnd.docker.distribution.manifest.v2+json"
        ],
        "Content-Length": [
          "920"
        ]
      },
      "ResponseHeaders": {
        "Server": [
          "openresty"
        ],
        "Date": [
          "Wed, 07 Aug 2019 18:25:47 GMT"
        ],
        "Connection": [
          "keep-alive"
        ],
        "Access-Control-Expose-Headers": [
          "Docker-Content-Digest",
          "WWW-Authenticate",
          "Link",
          "X-Ms-Correlation-Request-Id"
        ],
        "Docker-Content-Digest": [
          "sha256:965f815d42370936c51d9c8b2d315d2f763375f6b7cd02902bfcb61b228b1354"
        ],
        "Docker-Distribution-Api-Version": [
          "registry/2.0"
        ],
        "Location": [
          "/v2/doundo/bash/manifests/sha256:965f815d42370936c51d9c8b2d315d2f763375f6b7cd02902bfcb61b228b1354"
        ],
        "Strict-Transport-Security": [
          "max-age=31536000; includeSubDomains",
          "max-age=31536000; includeSubDomains"
        ],
        "X-Content-Type-Options": [
          "nosniff"
        ],
        "X-Ms-Client-Request-Id": [
          "0b60ce19-12b6-4456-a59d-d209af5c454f"
        ],
        "X-Ms-Correlation-Request-Id": [
          "a0ee1803-64ea-4d09-94ae-0df6c1009886"
        ],
        "X-Ms-Request-Id": [
          "094956cc-6e16-4c89-8044-8cf0b6ecfd6c"
        ],
        "Content-Length": [
          "0"
        ]
      },
      "ResponseBody": "",
      "StatusCode": 201
    },
    {
      "RequestUri": "/v2/doundo%2Fbash/manifests/temporary",
      "EncodedRequestUri": "L3YyL2RvdW5kbyUyRmJhc2gvbWFuaWZlc3RzL3RlbXBvcmFyeQ==",
      "RequestMethod": "GET",
      "RequestBody": "",
      "RequestHeaders": {
        "x-ms-client-request-id": [
          "d2511f96-f442-48de-9000-efd0c0ce3b4b"
        ],
        "Accept": [
          "application/vnd.docker.distribution.manifest.v2+json"
        ],
        "Accept-Language": [
          "en-US"
        ],
        "User-Agent": [
          "FxVersion/4.6.27617.04",
          "OSName/Windows",
          "OSVersion/Microsoft.Windows.10.0.18362.",
          "Microsoft.Azure.ContainerRegistry.AzureContainerRegistryClient/0.9.0.0"
        ]
      },
      "ResponseHeaders": {
        "Server": [
          "openresty"
        ],
        "Date": [
          "Wed, 07 Aug 2019 18:25:47 GMT"
        ],
        "Connection": [
          "keep-alive"
        ],
        "Access-Control-Expose-Headers": [
          "Docker-Content-Digest",
          "WWW-Authenticate",
          "Link",
          "X-Ms-Correlation-Request-Id"
        ],
        "Docker-Content-Digest": [
          "sha256:965f815d42370936c51d9c8b2d315d2f763375f6b7cd02902bfcb61b228b1354"
        ],
        "Docker-Distribution-Api-Version": [
          "registry/2.0"
        ],
        "ETag": [
          "\"sha256:965f815d42370936c51d9c8b2d315d2f763375f6b7cd02902bfcb61b228b1354\""
        ],
        "Strict-Transport-Security": [
          "max-age=31536000; includeSubDomains",
          "max-age=31536000; includeSubDomains"
        ],
        "X-Content-Type-Options": [
          "nosniff"
        ],
        "X-Ms-Client-Request-Id": [
          "d2511f96-f442-48de-9000-efd0c0ce3b4b"
        ],
        "X-Ms-Correlation-Request-Id": [
          "61c9147d-1d77-42e0-9564-8590fed1d62c"
        ],
        "X-Ms-Request-Id": [
          "c37e1c41-322d-4adc-9513-e88ad3194968"
        ],
        "Content-Type": [
          "application/vnd.docker.distribution.manifest.v2+json"
        ],
        "Content-Length": [
          "920"
        ]
      },
      "ResponseBody": "{\r\n  \"schemaVersion\": 2,\r\n  \"mediaType\": \"application/vnd.docker.distribution.manifest.v2+json\",\r\n  \"config\": {\r\n    \"mediaType\": \"application/vnd.docker.container.image.v1+json\",\r\n    \"size\": 5635,\r\n    \"digest\": \"sha256:16463e0c481e161aabb735437d30b3c9c7391c2747cc564bb927e843b73dcb39\"\r\n  },\r\n  \"layers\": [\r\n    {\r\n      \"mediaType\": \"application/vnd.docker.image.rootfs.diff.tar.gzip\",\r\n      \"size\": 2789742,\r\n      \"digest\": \"sha256:0503825856099e6adb39c8297af09547f69684b7016b7f3680ed801aa310baaa\"\r\n    },\r\n    {\r\n      \"mediaType\": \"application/vnd.docker.image.rootfs.diff.tar.gzip\",\r\n      \"size\": 3174556,\r\n      \"digest\": \"sha256:7bf5420b55e6bbefb64ddb4fbb98ef094866f3a3facda638a155715ab6002d9b\"\r\n    },\r\n    {\r\n      \"mediaType\": \"application/vnd.docker.image.rootfs.diff.tar.gzip\",\r\n      \"size\": 344,\r\n      \"digest\": \"sha256:1beb2aaf8cf93eacf658fa7f7f10f89ccec1838d1ac643a273345d4d0bc813a8\"\r\n    }\r\n  ]\r\n}",
      "StatusCode": 200
    },
    {
      "RequestUri": "/acr/v1/doundo%2Fbash/_tags/temporary",
      "EncodedRequestUri": "L2Fjci92MS9kb3VuZG8lMkZiYXNoL190YWdzL3RlbXBvcmFyeQ==",
      "RequestMethod": "GET",
      "RequestBody": "",
      "RequestHeaders": {
        "x-ms-client-request-id": [
          "cb20270e-1e8c-4b3d-9713-2b456e4d2560"
        ],
        "Accept-Language": [
          "en-US"
        ],
        "User-Agent": [
          "FxVersion/4.6.27617.04",
          "OSName/Windows",
          "OSVersion/Microsoft.Windows.10.0.18362.",
          "Microsoft.Azure.ContainerRegistry.AzureContainerRegistryClient/0.9.0.0"
        ]
      },
      "ResponseHeaders": {
        "Server": [
          "openresty"
        ],
        "Date": [
          "Wed, 07 Aug 2019 18:25:47 GMT"
        ],
        "Connection": [
          "keep-alive"
        ],
        "Access-Control-Expose-Headers": [
          "Docker-Content-Digest",
          "WWW-Authenticate",
          "Link",
          "X-Ms-Correlation-Request-Id"
        ],
        "Docker-Distribution-Api-Version": [
          "registry/2.0"
        ],
        "Strict-Transport-Security": [
          "max-age=31536000; includeSubDomains",
          "max-age=31536000; includeSubDomains"
        ],
        "X-Content-Type-Options": [
          "nosniff"
        ],
        "X-Ms-Correlation-Request-Id": [
          "940fcfd3-3392-4287-b0fd-5cb7f172e46d"
        ],
        "Content-Type": [
          "application/json; charset=utf-8"
        ],
        "Content-Length": [
          "401"
        ]
      },
      "ResponseBody": "{\r\n  \"registry\": \"azuresdkunittestupdateable.azurecr.io\",\r\n  \"imageName\": \"doundo/bash\",\r\n  \"tag\": {\r\n    \"name\": \"temporary\",\r\n    \"digest\": \"sha256:965f815d42370936c51d9c8b2d315d2f763375f6b7cd02902bfcb61b228b1354\",\r\n    \"createdTime\": \"2019-08-07T18:25:47.7410798Z\",\r\n    \"lastUpdateTime\": \"2019-08-07T18:25:47.7410798Z\",\r\n    \"signed\": false,\r\n    \"changeableAttributes\": {\r\n      \"deleteEnabled\": true,\r\n      \"writeEnabled\": true,\r\n      \"readEnabled\": true,\r\n      \"listEnabled\": true\r\n    }\r\n  }\r\n}",
      "StatusCode": 200
    },
    {
      "RequestUri": "/v2/doundo%2Fbash/manifests/sha256%3A965f815d42370936c51d9c8b2d315d2f763375f6b7cd02902bfcb61b228b1354",
      "EncodedRequestUri": "L3YyL2RvdW5kbyUyRmJhc2gvbWFuaWZlc3RzL3NoYTI1NiUzQTk2NWY4MTVkNDIzNzA5MzZjNTFkOWM4YjJkMzE1ZDJmNzYzMzc1ZjZiN2NkMDI5MDJiZmNiNjFiMjI4YjEzNTQ=",
      "RequestMethod": "DELETE",
      "RequestBody": "",
      "RequestHeaders": {
        "x-ms-client-request-id": [
          "a618e32d-d82e-4945-b6db-c0f9f1ac0f63"
        ],
        "Accept-Language": [
          "en-US"
        ],
        "User-Agent": [
          "FxVersion/4.6.27617.04",
          "OSName/Windows",
          "OSVersion/Microsoft.Windows.10.0.18362.",
          "Microsoft.Azure.ContainerRegistry.AzureContainerRegistryClient/0.9.0.0"
        ]
      },
      "ResponseHeaders": {
        "Server": [
          "openresty"
        ],
        "Date": [
          "Wed, 07 Aug 2019 18:25:48 GMT"
        ],
        "Connection": [
          "keep-alive"
        ],
        "Access-Control-Expose-Headers": [
          "Docker-Content-Digest",
          "WWW-Authenticate",
          "Link",
          "X-Ms-Correlation-Request-Id"
        ],
        "Docker-Distribution-Api-Version": [
          "registry/2.0"
        ],
        "Strict-Transport-Security": [
          "max-age=31536000; includeSubDomains",
          "max-age=31536000; includeSubDomains"
        ],
        "X-Content-Type-Options": [
          "nosniff"
        ],
        "X-Ms-Client-Request-Id": [
          "a618e32d-d82e-4945-b6db-c0f9f1ac0f63"
        ],
        "X-Ms-Correlation-Request-Id": [
          "f92e3b73-baea-4614-bc5e-f43e5e448000"
        ],
        "X-Ms-Request-Id": [
          "ebf9b34b-5d37-4e4b-bb39-a69598de031b"
        ],
        "Content-Length": [
          "0"
        ]
      },
      "ResponseBody": "",
      "StatusCode": 202
    }
  ],
  "Names": {},
  "Variables": {
    "SubscriptionId": "dfb63c8c-7c89-4ef8-af13-75c1d873c895"
  }
}