{
  "Entries": [
    {
      "RequestUri": "https://localhost:8443/subscriptions/00000000-0000-0000-0000-000000000000?api-version=2019-11-01",
      "RequestMethod": "GET",
      "RequestHeaders": {
        "Accept": "application/json",
        "Authorization": "Sanitized",
        "traceparent": "00-256076c180cd87489fcbe205647cd8f1-6d2a58748dd97d43-00",
        "User-Agent": "azsdk-net-ResourceManager/1.0.0-alpha.20211207.1 (.NET Framework 4.8.4300.0; Microsoft Windows 10.0.19044 )",
        "x-ms-client-request-id": "7440455f7ce6c4894de5a492e10b825f",
        "x-ms-return-client-request-id": "true"
      },
      "RequestBody": null,
      "StatusCode": 200,
      "ResponseHeaders": {
        "Connection": "keep-alive",
        "Content-Length": "403",
        "Content-Type": "application/json; charset=utf-8",
        "Date": "Wed, 08 Dec 2021 03:42:34 GMT",
        "ETag": "W/\u0022193-XMviJqaGXohjOV1XjmYhUY8VLpk\u0022",
        "Keep-Alive": "timeout=5",
        "X-Powered-By": "Express"
      },
      "ResponseBody": {
        "id": "/subscriptions/00000000-0000-0000-0000-000000000000",
        "authorizationSource": "RoleBased",
        "managedByTenants": [],
        "subscriptionId": "00000000-0000-0000-0000-000000000000",
        "tenantId": "0000000-0000-0000-0000-000000000000",
        "displayName": "Name of the subscription",
        "state": "Enabled",
        "subscriptionPolicies": {
          "locationPlacementId": "Internal_2014-09-01",
          "quotaId": "Internal_2014-09-01",
          "spendingLimit": "Off"
        }
      }
    },
    {
      "RequestUri": "https://localhost:8443/subscriptions/00000000-0000-0000-0000-000000000000/resourcegroups/myResourceGroup?api-version=2019-10-01",
      "RequestMethod": "PUT",
      "RequestHeaders": {
        "Accept": "application/json",
        "Authorization": "Sanitized",
        "Content-Length": "81",
        "Content-Type": "application/json",
        "User-Agent": "azsdk-net-ResourceManager/1.0.0-alpha.20211207.1 (.NET Framework 4.8.4300.0; Microsoft Windows 10.0.19044 )",
        "x-ms-client-request-id": "bc44684cf15f1b8b47576a53be5fd6c9",
        "x-ms-return-client-request-id": "true"
      },
      "RequestBody": {
        "location": "Azure.ResourceManager.Resources.Subscription",
        "tags": {
          "test": "env"
        }
      },
      "StatusCode": 200,
      "ResponseHeaders": {
        "Connection": "keep-alive",
        "Content-Length": "254",
        "Content-Type": "application/json; charset=utf-8",
        "Date": "Wed, 08 Dec 2021 03:42:34 GMT",
        "ETag": "W/\u0022fe-aZEo2isVQc1LUmWdignDK6uZSqI\u0022",
        "Keep-Alive": "timeout=5",
        "X-Powered-By": "Express"
      },
      "ResponseBody": {
        "id": "/subscriptions/00000000-0000-0000-0000-000000000000/resourcegroups/myResourceGroup",
        "location": "eastus",
        "managedBy": null,
        "name": "myResourceGroup",
        "properties": {
          "provisioningState": "Succeeded"
        },
        "tags": {},
        "type": "Microsoft.Resources/resourceGroups"
      }
    },
    {
      "RequestUri": "https://localhost:8443/subscriptions/00000000-0000-0000-0000-000000000000/resourceGroups/myResourceGroup/providers/Microsoft.Compute/galleries/myGalleryName?api-version=2020-09-30",
      "RequestMethod": "PUT",
      "RequestHeaders": {
        "Accept": "application/json",
        "Authorization": "Sanitized",
        "Content-Length": "137",
        "Content-Type": "application/json",
        "User-Agent": "azsdk-net-ResourceManager.Compute/1.0.0-alpha.20211207.1 (.NET Framework 4.8.4300.0; Microsoft Windows 10.0.19044 )",
        "x-ms-client-request-id": "3e53018f0812f5910f0956ed97a5d35c",
        "x-ms-return-client-request-id": "true"
      },
      "RequestBody": {
        "tags": {},
        "location": "westus",
        "properties": {
          "description": "This is the gallery description.",
          "sharingProfile": {
            "permissions": "Groups"
          }
        }
      },
      "StatusCode": 200,
      "ResponseHeaders": {
        "Connection": "keep-alive",
        "Content-Length": "500",
        "Content-Type": "application/json; charset=utf-8",
        "Date": "Wed, 08 Dec 2021 03:42:34 GMT",
        "ETag": "W/\u00221f4-6w/PAdg2kp8oazPRH2IQaVRG4qI\u0022",
        "Keep-Alive": "timeout=5",
        "X-Powered-By": "Express"
      },
      "ResponseBody": {
        "id": "/subscriptions/00000000-0000-0000-0000-000000000000/resourceGroups/myResourceGroup/providers/Microsoft.Compute/galleries/myGalleryName",
        "name": "myGalleryName",
        "type": "aaaaaaaaaaaaaaaaa",
        "location": "aaaaaaaaaaaaaaaaaaaaaaaaaaaaa",
        "tags": {
          "key4053": "aaaaaaaaaaaa"
        },
        "properties": {
          "description": "aaaaaaaaaaaaaaaaaaaaaaa",
          "identifier": {
            "uniqueName": "aaaaaaaaaaaaaaaaaa"
          },
          "provisioningState": "Succeeded",
          "sharingProfile": {
            "permissions": "Private",
            "groups": [
              {
                "type": "Subscriptions",
                "ids": [
                  "aaaa"
                ]
              }
            ]
          }
        }
      }
    },
    {
      "RequestUri": "https://localhost:8443/subscriptions/00000000-0000-0000-0000-000000000000/resourceGroups/myResourceGroup/providers/Microsoft.Compute/galleries/myGalleryName/images/myGalleryImageName?api-version=2020-09-30",
      "RequestMethod": "PUT",
      "RequestHeaders": {
        "Accept": "application/json",
        "Authorization": "Sanitized",
        "Content-Length": "198",
        "Content-Type": "application/json",
        "User-Agent": "azsdk-net-ResourceManager.Compute/1.0.0-alpha.20211207.1 (.NET Framework 4.8.4300.0; Microsoft Windows 10.0.19044 )",
        "x-ms-client-request-id": "df02da0f44b7444dd64eac559b9e83a1",
        "x-ms-return-client-request-id": "true"
      },
      "RequestBody": {
        "tags": {},
        "location": "westus",
        "properties": {
          "osType": "Windows",
          "osState": "Generalized",
          "hyperVGeneration": "V1",
          "identifier": {
            "publisher": "myPublisherName",
            "offer": "myOfferName",
            "sku": "mySkuName"
          }
        }
      },
      "StatusCode": 200,
      "ResponseHeaders": {
        "Connection": "keep-alive",
        "Content-Length": "986",
        "Content-Type": "application/json; charset=utf-8",
        "Date": "Wed, 08 Dec 2021 03:42:34 GMT",
        "ETag": "W/\u00223da-G\u002Bk9K16xIcgorMmTUNvJ9xG2q0w\u0022",
        "Keep-Alive": "timeout=5",
        "X-Powered-By": "Express"
      },
      "ResponseBody": {
        "id": "/subscriptions/00000000-0000-0000-0000-000000000000/resourceGroups/myResourceGroup/providers/Microsoft.Compute/galleries/myGalleryName/images/myGalleryImageName",
        "name": "myGalleryImageName",
        "type": "aaaaaaaaaaaaaaaa",
        "location": "aaaaaaaaa",
        "tags": {
          "key3184": "aaaaaaaaaa"
        },
        "properties": {
          "description": "aaaaaa",
          "eula": "aaaaaaaaaaaaaaaa",
          "privacyStatementUri": "aaaaaaaaaaaa",
          "releaseNoteUri": "aaaaaaaaaaaaaaaaaaaaaaaaa",
          "osType": "Windows",
          "osState": "Generalized",
          "hyperVGeneration": "V1",
          "endOfLifeDate": "2021-12-08T03:42:34.891Z",
          "identifier": {
            "publisher": "aaaaaaaaaaaaaaaaaaaaaaaaaaa",
            "offer": "aaaaaaaaaaaaaaaaaaaaaa",
            "sku": "aaaaaaaaaaaaaaaaaaaaaaaa"
          },
          "recommended": {
            "vCPUs": {
              "min": 1,
              "max": 29
            },
            "memory": {
              "min": 29,
              "max": 3
            }
          },
          "disallowed": {
            "diskTypes": [
              "aaaaaaaaaaaaaaaaaaa"
            ]
          },
          "purchasePlan": {
            "name": "myGalleryImageName",
            "publisher": "aaaaaaaaaaaaaaa",
            "product": "aaaaa"
          },
          "provisioningState": "Succeeded",
          "features": [
            {
              "name": "myGalleryImageName",
              "value": "aaaaaaaaaaaaaaaaaaaaaaaaaaaa"
            }
          ]
        }
      }
    },
    {
      "RequestUri": "https://localhost:8443/subscriptions/00000000-0000-0000-0000-000000000000/resourceGroups/myResourceGroup/providers/Microsoft.Compute/galleries/myGalleryName/images/myGalleryImageName/versions/1.0.0?api-version=2020-09-30",
      "RequestMethod": "PUT",
      "RequestHeaders": {
        "Accept": "application/json",
        "Authorization": "Sanitized",
        "Content-Length": "222",
        "Content-Type": "application/json",
        "User-Agent": "azsdk-net-ResourceManager.Compute/1.0.0-alpha.20211207.1 (.NET Framework 4.8.4300.0; Microsoft Windows 10.0.19044 )",
        "x-ms-client-request-id": "bdde6804f3a359a4b683accdbf2ed31a",
        "x-ms-return-client-request-id": "true"
      },
      "RequestBody": {
        "tags": {},
        "location": "westus",
        "properties": {
          "publishingProfile": {},
          "storageProfile": {
            "source": {
              "id": "/subscriptions/{subscriptionId}/resourceGroups/{resourceGroup}/providers/Microsoft.Compute/virtualMachines/{vmName}"
            }
          }
        }
      },
      "StatusCode": 200,
      "ResponseHeaders": {
        "Connection": "keep-alive",
        "Content-Length": "1540",
        "Content-Type": "application/json; charset=utf-8",
        "Date": "Wed, 08 Dec 2021 03:42:34 GMT",
        "ETag": "W/\u0022604-QjLczVyONrchI8npM4SXCUwdvxs\u0022",
        "Keep-Alive": "timeout=5",
        "X-Powered-By": "Express"
      },
      "ResponseBody": {
        "id": "/subscriptions/00000000-0000-0000-0000-000000000000/resourceGroups/myResourceGroup/providers/Microsoft.Compute/galleries/myGalleryName/images/myGalleryImageName/versions/1.0.0",
        "name": "1.0.0",
        "type": "aaaaaaaaaaaaaaaaaaaaaaaaa",
        "location": "aaaaaa",
        "tags": {
          "key4900": "aaa"
        },
        "properties": {
          "publishingProfile": {
            "targetRegions": [
              {
                "name": "1.0.0",
                "regionalReplicaCount": 17,
                "storageAccountType": "Standard_LRS",
                "encryption": {
                  "osDiskImage": {
                    "diskEncryptionSetId": "aaaaaaaaaaaaaaa"
                  },
                  "dataDiskImages": [
                    {
                      "diskEncryptionSetId": "aa",
                      "lun": 20
                    }
                  ]
                }
              }
            ],
            "replicaCount": 27,
            "excludeFromLatest": true,
            "publishedDate": "2021-12-08T03:42:34.914Z",
            "endOfLifeDate": "2021-12-08T03:42:34.914Z",
            "storageAccountType": "Standard_LRS"
          },
          "provisioningState": "Succeeded",
          "storageProfile": {
            "source": {
              "id": "/subscriptions/a9cbceed-cd54-47f1-b7a2-bad149218603/resourceGroups/mockRg/providers/Microsoft.Resources/mockResource/mockName",
              "uri": "aaaaaaaaaaaaaaaaaaaaaaa"
            },
            "osDiskImage": {
              "sizeInGB": 4,
              "hostCaching": "None",
              "source": {
                "id": "/subscriptions/a9cbceed-cd54-47f1-b7a2-bad149218603/resourceGroups/mockRg/providers/Microsoft.Resources/mockResource/mockName",
                "uri": "aaaaaaaaa"
              }
            },
            "dataDiskImages": [
              {
                "sizeInGB": 29,
                "hostCaching": "None",
                "source": {
                  "id": "/subscriptions/a9cbceed-cd54-47f1-b7a2-bad149218603/resourceGroups/mockRg/providers/Microsoft.Resources/mockResource/mockName",
                  "uri": "aaaaaaaaaa"
                },
                "lun": 12
              }
            ]
          },
          "replicationStatus": {
            "aggregatedState": "Unknown",
            "summary": [
              {
                "region": "aaaaaaaaaaaaaaaaaaaaaa",
                "state": "Unknown",
                "details": "aaaaaaaaaaaaaaaaaaaaaaaa",
                "progress": 18
              }
            ]
          }
        }
      }
    },
    {
      "RequestUri": "https://localhost:8443/subscriptions/00000000-0000-0000-0000-000000000000/resourceGroups/myResourceGroup/providers/Microsoft.Compute/galleries/myGalleryName/images/myGalleryImageName/versions/1.0.0?api-version=2020-09-30",
      "RequestMethod": "PATCH",
      "RequestHeaders": {
        "Accept": "application/json",
        "Authorization": "Sanitized",
        "Content-Length": "59",
        "Content-Type": "application/json",
        "User-Agent": "azsdk-net-ResourceManager.Compute/1.0.0-alpha.20211207.1 (.NET Framework 4.8.4300.0; Microsoft Windows 10.0.19044 )",
        "x-ms-client-request-id": "3251d26ac6c090fe6a5b0513a6df654e",
        "x-ms-return-client-request-id": "true"
      },
      "RequestBody": {
        "properties": {
          "publishingProfile": {},
          "storageProfile": {}
        }
      },
      "StatusCode": 200,
      "ResponseHeaders": {
        "Connection": "keep-alive",
        "Content-Length": "1558",
        "Content-Type": "application/json; charset=utf-8",
        "Date": "Wed, 08 Dec 2021 03:42:34 GMT",
        "ETag": "W/\u0022616-YDjuw/AteMHpRW9/QHcFxWTGiVU\u0022",
        "Keep-Alive": "timeout=5",
        "X-Powered-By": "Express"
      },
      "ResponseBody": {
        "id": "/subscriptions/00000000-0000-0000-0000-000000000000/resourceGroups/myResourceGroup/providers/Microsoft.Compute/galleries/myGalleryName/images/myGalleryImageName/versions/1.0.0",
        "name": "1.0.0",
        "type": "aaaaaaaaaaaaa",
        "location": "aaaaaaaaaaaaaaaaaaaaaaaaaaaaaa",
        "tags": {
          "key4886": "aaaaaaaaaaaaaaaaaaaaaaaa"
        },
        "properties": {
          "publishingProfile": {
            "targetRegions": [
              {
                "name": "1.0.0",
                "regionalReplicaCount": 16,
                "storageAccountType": "Standard_LRS",
                "encryption": {
                  "osDiskImage": {
                    "diskEncryptionSetId": "aaaaa"
                  },
                  "dataDiskImages": [
                    {
                      "diskEncryptionSetId": "aaaaaaaaaaaa",
                      "lun": 2
                    }
                  ]
                }
              }
            ],
            "replicaCount": 9,
            "excludeFromLatest": true,
            "publishedDate": "2021-12-08T03:42:34.964Z",
            "endOfLifeDate": "2021-12-08T03:42:34.964Z",
            "storageAccountType": "Standard_LRS"
          },
          "provisioningState": "Succeeded",
          "storageProfile": {
            "source": {
              "id": "/subscriptions/a9cbceed-cd54-47f1-b7a2-bad149218603/resourceGroups/mockRg/providers/Microsoft.Resources/mockResource/mockName",
              "uri": "aaaaaaaaaaaaaaaaaa"
            },
            "osDiskImage": {
              "sizeInGB": 12,
              "hostCaching": "None",
              "source": {
                "id": "/subscriptions/a9cbceed-cd54-47f1-b7a2-bad149218603/resourceGroups/mockRg/providers/Microsoft.Resources/mockResource/mockName",
                "uri": "aaaaaaaaaaaaaaaaaaaa"
              }
            },
            "dataDiskImages": [
              {
                "sizeInGB": 11,
                "hostCaching": "None",
                "source": {
                  "id": "/subscriptions/a9cbceed-cd54-47f1-b7a2-bad149218603/resourceGroups/mockRg/providers/Microsoft.Resources/mockResource/mockName",
                  "uri": "aaaa"
                },
                "lun": 17
              }
            ]
          },
          "replicationStatus": {
            "aggregatedState": "Unknown",
            "summary": [
              {
                "region": "aaaaaaaaaaaaaaaaa",
                "state": "Unknown",
                "details": "aaaaaaaaaaaaaaa",
                "progress": 23
              }
            ]
          }
        }
      }
    }
  ],
  "Variables": {
    "RandomSeed": "1799109016",
    "RESOURCE_MANAGER_URL": "https://localhost:8443",
    "SUBSCRIPTION_ID": "00000000-0000-0000-0000-000000000000"
  }
}
