{
  "Entries": [
    {
      "RequestUri": "/subscriptions/850f02f7-e14c-4fb7-905d-7b98bcae9c7f/resourcegroups/crptestar6706?api-version=2017-05-10",
      "EncodedRequestUri": "L3N1YnNjcmlwdGlvbnMvODUwZjAyZjctZTE0Yy00ZmI3LTkwNWQtN2I5OGJjYWU5YzdmL3Jlc291cmNlZ3JvdXBzL2NycHRlc3RhcjY3MDY/YXBpLXZlcnNpb249MjAxNy0wNS0xMA==",
      "RequestMethod": "PUT",
      "RequestBody": "{\r\n  \"location\": \"eastus2euap\",\r\n  \"tags\": {\r\n    \"crptestar6706\": \"2022-11-14 20:41:24Z\"\r\n  }\r\n}",
      "RequestHeaders": {
        "x-ms-client-request-id": [
          "45afe409-4039-43fb-a4f7-b3f00f80e38d"
        ],
        "Accept-Language": [
          "en-US"
        ],
        "User-Agent": [
          "FxVersion/4.700.22.51102",
          "OSName/Windows",
          "OSVersion/Microsoft.Windows.10.0.22621",
          "Microsoft.Azure.Management.ResourceManager.ResourceManagementClient/1.6.0.0"
        ],
        "Content-Type": [
          "application/json; charset=utf-8"
        ],
        "Content-Length": [
          "97"
        ]
      },
      "ResponseHeaders": {
        "Cache-Control": [
          "no-cache"
        ],
        "Pragma": [
          "no-cache"
        ],
        "x-ms-ratelimit-remaining-subscription-writes": [
          "1197"
        ],
        "x-ms-request-id": [
          "9eb2558b-e6cf-4523-9fd4-908227e08e68"
        ],
        "x-ms-correlation-request-id": [
          "9eb2558b-e6cf-4523-9fd4-908227e08e68"
        ],
        "x-ms-routing-request-id": [
          "WESTUS2:20221114T204127Z:9eb2558b-e6cf-4523-9fd4-908227e08e68"
        ],
        "Strict-Transport-Security": [
          "max-age=31536000; includeSubDomains"
        ],
        "X-Content-Type-Options": [
          "nosniff"
        ],
        "Date": [
          "Mon, 14 Nov 2022 20:41:26 GMT"
        ],
        "Content-Length": [
          "232"
        ],
        "Content-Type": [
          "application/json; charset=utf-8"
        ],
        "Expires": [
          "-1"
        ]
      },
      "ResponseBody": "{\r\n  \"id\": \"/subscriptions/850f02f7-e14c-4fb7-905d-7b98bcae9c7f/resourceGroups/crptestar6706\",\r\n  \"name\": \"crptestar6706\",\r\n  \"location\": \"eastus2euap\",\r\n  \"tags\": {\r\n    \"crptestar6706\": \"2022-11-14 20:41:24Z\"\r\n  },\r\n  \"properties\": {\r\n    \"provisioningState\": \"Succeeded\"\r\n  }\r\n}",
      "StatusCode": 201
    },
    {
      "RequestUri": "/subscriptions/850f02f7-e14c-4fb7-905d-7b98bcae9c7f/resourcegroups/crptestar6706?api-version=2017-05-10",
      "EncodedRequestUri": "L3N1YnNjcmlwdGlvbnMvODUwZjAyZjctZTE0Yy00ZmI3LTkwNWQtN2I5OGJjYWU5YzdmL3Jlc291cmNlZ3JvdXBzL2NycHRlc3RhcjY3MDY/YXBpLXZlcnNpb249MjAxNy0wNS0xMA==",
      "RequestMethod": "PUT",
      "RequestBody": "{\r\n  \"location\": \"eastus2euap\",\r\n  \"tags\": {\r\n    \"crptestar6706\": \"2022-11-14 20:41:37Z\"\r\n  }\r\n}",
      "RequestHeaders": {
        "x-ms-client-request-id": [
          "11022a8c-b70d-4b4b-b6ae-c793f31d2869"
        ],
        "Accept-Language": [
          "en-US"
        ],
        "User-Agent": [
          "FxVersion/4.700.22.51102",
          "OSName/Windows",
          "OSVersion/Microsoft.Windows.10.0.22621",
          "Microsoft.Azure.Management.ResourceManager.ResourceManagementClient/1.6.0.0"
        ],
        "Content-Type": [
          "application/json; charset=utf-8"
        ],
        "Content-Length": [
          "97"
        ]
      },
      "ResponseHeaders": {
        "Cache-Control": [
          "no-cache"
        ],
        "Pragma": [
          "no-cache"
        ],
        "x-ms-ratelimit-remaining-subscription-writes": [
          "1196"
        ],
        "x-ms-request-id": [
          "c34974ec-1586-49d9-a693-8fe504fe77f6"
        ],
        "x-ms-correlation-request-id": [
          "c34974ec-1586-49d9-a693-8fe504fe77f6"
        ],
        "x-ms-routing-request-id": [
          "WESTUS2:20221114T204139Z:c34974ec-1586-49d9-a693-8fe504fe77f6"
        ],
        "Strict-Transport-Security": [
          "max-age=31536000; includeSubDomains"
        ],
        "X-Content-Type-Options": [
          "nosniff"
        ],
        "Date": [
          "Mon, 14 Nov 2022 20:41:39 GMT"
        ],
        "Content-Length": [
          "232"
        ],
        "Content-Type": [
          "application/json; charset=utf-8"
        ],
        "Expires": [
          "-1"
        ]
      },
      "ResponseBody": "{\r\n  \"id\": \"/subscriptions/850f02f7-e14c-4fb7-905d-7b98bcae9c7f/resourceGroups/crptestar6706\",\r\n  \"name\": \"crptestar6706\",\r\n  \"location\": \"eastus2euap\",\r\n  \"tags\": {\r\n    \"crptestar6706\": \"2022-11-14 20:41:37Z\"\r\n  },\r\n  \"properties\": {\r\n    \"provisioningState\": \"Succeeded\"\r\n  }\r\n}",
      "StatusCode": 200
    },
    {
      "RequestUri": "/subscriptions/850f02f7-e14c-4fb7-905d-7b98bcae9c7f/resourcegroups/crptestar6706?api-version=2017-05-10",
      "EncodedRequestUri": "L3N1YnNjcmlwdGlvbnMvODUwZjAyZjctZTE0Yy00ZmI3LTkwNWQtN2I5OGJjYWU5YzdmL3Jlc291cmNlZ3JvdXBzL2NycHRlc3RhcjY3MDY/YXBpLXZlcnNpb249MjAxNy0wNS0xMA==",
      "RequestMethod": "PUT",
      "RequestBody": "{\r\n  \"location\": \"eastus2euap\"\r\n}",
      "RequestHeaders": {
        "x-ms-client-request-id": [
          "f09042a6-9044-4753-bb5b-8ae7efe63aa9"
        ],
        "Accept-Language": [
          "en-US"
        ],
        "User-Agent": [
          "FxVersion/4.700.22.51102",
          "OSName/Windows",
          "OSVersion/Microsoft.Windows.10.0.22621",
          "Microsoft.Azure.Management.ResourceManager.ResourceManagementClient/1.6.0.0"
        ],
        "Content-Type": [
          "application/json; charset=utf-8"
        ],
        "Content-Length": [
          "33"
        ]
      },
      "ResponseHeaders": {
        "Cache-Control": [
          "no-cache"
        ],
        "Pragma": [
          "no-cache"
        ],
        "x-ms-ratelimit-remaining-subscription-writes": [
          "1195"
        ],
        "x-ms-request-id": [
          "df2dd5f4-9cdc-4587-9fa0-df5bf1bb97a2"
        ],
        "x-ms-correlation-request-id": [
          "df2dd5f4-9cdc-4587-9fa0-df5bf1bb97a2"
        ],
        "x-ms-routing-request-id": [
          "WESTUS2:20221114T204245Z:df2dd5f4-9cdc-4587-9fa0-df5bf1bb97a2"
        ],
        "Strict-Transport-Security": [
          "max-age=31536000; includeSubDomains"
        ],
        "X-Content-Type-Options": [
          "nosniff"
        ],
        "Date": [
          "Mon, 14 Nov 2022 20:42:44 GMT"
        ],
        "Content-Length": [
          "184"
        ],
        "Content-Type": [
          "application/json; charset=utf-8"
        ],
        "Expires": [
          "-1"
        ]
      },
      "ResponseBody": "{\r\n  \"id\": \"/subscriptions/850f02f7-e14c-4fb7-905d-7b98bcae9c7f/resourceGroups/crptestar6706\",\r\n  \"name\": \"crptestar6706\",\r\n  \"location\": \"eastus2euap\",\r\n  \"properties\": {\r\n    \"provisioningState\": \"Succeeded\"\r\n  }\r\n}",
      "StatusCode": 200
    },
    {
      "RequestUri": "/subscriptions/850f02f7-e14c-4fb7-905d-7b98bcae9c7f/resourceGroups/crptestar6706/providers/Microsoft.Network/virtualNetworks/csvnet5474?api-version=2019-09-01",
      "EncodedRequestUri": "L3N1YnNjcmlwdGlvbnMvODUwZjAyZjctZTE0Yy00ZmI3LTkwNWQtN2I5OGJjYWU5YzdmL3Jlc291cmNlR3JvdXBzL2NycHRlc3RhcjY3MDYvcHJvdmlkZXJzL01pY3Jvc29mdC5OZXR3b3JrL3ZpcnR1YWxOZXR3b3Jrcy9jc3ZuZXQ1NDc0P2FwaS12ZXJzaW9uPTIwMTktMDktMDE=",
      "RequestMethod": "PUT",
      "RequestBody": "{\r\n  \"properties\": {\r\n    \"addressSpace\": {\r\n      \"addressPrefixes\": [\r\n        \"10.0.0.0/16\"\r\n      ]\r\n    },\r\n    \"subnets\": [\r\n      {\r\n        \"properties\": {\r\n          \"addressPrefix\": \"10.0.0.0/24\"\r\n        },\r\n        \"name\": \"subnet4045\"\r\n      }\r\n    ]\r\n  },\r\n  \"location\": \"eastus2euap\"\r\n}",
      "RequestHeaders": {
        "x-ms-client-request-id": [
          "cfefcc99-bd40-4b39-93be-8a4d17ab664a"
        ],
        "Accept-Language": [
          "en-US"
        ],
        "User-Agent": [
          "FxVersion/4.700.22.51102",
          "OSName/Windows",
          "OSVersion/Microsoft.Windows.10.0.22621",
          "Microsoft.Azure.Management.Network.NetworkManagementClient/19.17.1.0"
        ],
        "Content-Type": [
          "application/json; charset=utf-8"
        ],
        "Content-Length": [
          "301"
        ]
      },
      "ResponseHeaders": {
        "Cache-Control": [
          "no-cache"
        ],
        "Pragma": [
          "no-cache"
        ],
        "Retry-After": [
          "3"
        ],
        "x-ms-request-id": [
          "9382d15b-be91-4802-a0c2-f7eca7d2adb5"
        ],
        "azure-asyncoperation": [
          "https://management.azure.com/subscriptions/850f02f7-e14c-4fb7-905d-7b98bcae9c7f/providers/Microsoft.Network/locations/eastus2euap/operations/9382d15b-be91-4802-a0c2-f7eca7d2adb5?api-version=2019-09-01"
        ],
        "x-ms-correlation-request-id": [
          "38a637a8-3577-49e7-a36e-c11d0882d265"
        ],
        "azure-asyncnotification": [
          "Enabled"
        ],
        "x-ms-arm-service-request-id": [
          "f6ae4863-efd2-40d0-bf5e-86bdf354898c"
        ],
        "Strict-Transport-Security": [
          "max-age=31536000; includeSubDomains"
        ],
        "Server": [
          "Microsoft-HTTPAPI/2.0",
          "Microsoft-HTTPAPI/2.0"
        ],
        "x-ms-ratelimit-remaining-subscription-writes": [
          "1199"
        ],
        "x-ms-routing-request-id": [
          "WESTUS2:20221114T204129Z:38a637a8-3577-49e7-a36e-c11d0882d265"
        ],
        "X-Content-Type-Options": [
          "nosniff"
        ],
        "Date": [
          "Mon, 14 Nov 2022 20:41:29 GMT"
        ],
        "Content-Length": [
          "1237"
        ],
        "Content-Type": [
          "application/json; charset=utf-8"
        ],
        "Expires": [
          "-1"
        ]
      },
      "ResponseBody": "{\r\n  \"name\": \"csvnet5474\",\r\n  \"id\": \"/subscriptions/850f02f7-e14c-4fb7-905d-7b98bcae9c7f/resourceGroups/crptestar6706/providers/Microsoft.Network/virtualNetworks/csvnet5474\",\r\n  \"etag\": \"W/\\\"8180f84b-948b-4172-bb62-d9663a746325\\\"\",\r\n  \"type\": \"Microsoft.Network/virtualNetworks\",\r\n  \"location\": \"eastus2euap\",\r\n  \"properties\": {\r\n    \"provisioningState\": \"Updating\",\r\n    \"resourceGuid\": \"c70236e8-1f1a-4a98-9cd0-2ea53e309bb9\",\r\n    \"addressSpace\": {\r\n      \"addressPrefixes\": [\r\n        \"10.0.0.0/16\"\r\n      ]\r\n    },\r\n    \"subnets\": [\r\n      {\r\n        \"name\": \"subnet4045\",\r\n        \"id\": \"/subscriptions/850f02f7-e14c-4fb7-905d-7b98bcae9c7f/resourceGroups/crptestar6706/providers/Microsoft.Network/virtualNetworks/csvnet5474/subnets/subnet4045\",\r\n        \"etag\": \"W/\\\"8180f84b-948b-4172-bb62-d9663a746325\\\"\",\r\n        \"properties\": {\r\n          \"provisioningState\": \"Updating\",\r\n          \"addressPrefix\": \"10.0.0.0/24\",\r\n          \"delegations\": [],\r\n          \"privateEndpointNetworkPolicies\": \"Disabled\",\r\n          \"privateLinkServiceNetworkPolicies\": \"Enabled\"\r\n        },\r\n        \"type\": \"Microsoft.Network/virtualNetworks/subnets\"\r\n      }\r\n    ],\r\n    \"virtualNetworkPeerings\": [],\r\n    \"enableDdosProtection\": false\r\n  }\r\n}",
      "StatusCode": 201
    },
    {
      "RequestUri": "/subscriptions/850f02f7-e14c-4fb7-905d-7b98bcae9c7f/providers/Microsoft.Network/locations/eastus2euap/operations/9382d15b-be91-4802-a0c2-f7eca7d2adb5?api-version=2019-09-01",
      "EncodedRequestUri": "L3N1YnNjcmlwdGlvbnMvODUwZjAyZjctZTE0Yy00ZmI3LTkwNWQtN2I5OGJjYWU5YzdmL3Byb3ZpZGVycy9NaWNyb3NvZnQuTmV0d29yay9sb2NhdGlvbnMvZWFzdHVzMmV1YXAvb3BlcmF0aW9ucy85MzgyZDE1Yi1iZTkxLTQ4MDItYTBjMi1mN2VjYTdkMmFkYjU/YXBpLXZlcnNpb249MjAxOS0wOS0wMQ==",
      "RequestMethod": "GET",
      "RequestBody": "",
      "RequestHeaders": {
        "User-Agent": [
          "FxVersion/4.700.22.51102",
          "OSName/Windows",
          "OSVersion/Microsoft.Windows.10.0.22621",
          "Microsoft.Azure.Management.Network.NetworkManagementClient/19.17.1.0"
        ]
      },
      "ResponseHeaders": {
        "Cache-Control": [
          "no-cache"
        ],
        "Pragma": [
          "no-cache"
        ],
        "x-ms-request-id": [
          "f77c9e90-af20-4cf6-a491-9da71126e7a1"
        ],
        "x-ms-correlation-request-id": [
          "0d89f900-24cd-480e-9c21-d6913382438b"
        ],
        "x-ms-arm-service-request-id": [
          "07b1b98a-d640-48b2-a53f-da7374606bd7"
        ],
        "Strict-Transport-Security": [
          "max-age=31536000; includeSubDomains"
        ],
        "Server": [
          "Microsoft-HTTPAPI/2.0",
          "Microsoft-HTTPAPI/2.0"
        ],
        "x-ms-ratelimit-remaining-subscription-reads": [
          "11999"
        ],
        "x-ms-routing-request-id": [
          "WESTUS2:20221114T204133Z:0d89f900-24cd-480e-9c21-d6913382438b"
        ],
        "X-Content-Type-Options": [
          "nosniff"
        ],
        "Date": [
          "Mon, 14 Nov 2022 20:41:32 GMT"
        ],
        "Content-Length": [
          "29"
        ],
        "Content-Type": [
          "application/json; charset=utf-8"
        ],
        "Expires": [
          "-1"
        ]
      },
      "ResponseBody": "{\r\n  \"status\": \"Succeeded\"\r\n}",
      "StatusCode": 200
    },
    {
      "RequestUri": "/subscriptions/850f02f7-e14c-4fb7-905d-7b98bcae9c7f/resourceGroups/crptestar6706/providers/Microsoft.Network/virtualNetworks/csvnet5474?api-version=2019-09-01",
      "EncodedRequestUri": "L3N1YnNjcmlwdGlvbnMvODUwZjAyZjctZTE0Yy00ZmI3LTkwNWQtN2I5OGJjYWU5YzdmL3Jlc291cmNlR3JvdXBzL2NycHRlc3RhcjY3MDYvcHJvdmlkZXJzL01pY3Jvc29mdC5OZXR3b3JrL3ZpcnR1YWxOZXR3b3Jrcy9jc3ZuZXQ1NDc0P2FwaS12ZXJzaW9uPTIwMTktMDktMDE=",
      "RequestMethod": "GET",
      "RequestBody": "",
      "RequestHeaders": {
        "User-Agent": [
          "FxVersion/4.700.22.51102",
          "OSName/Windows",
          "OSVersion/Microsoft.Windows.10.0.22621",
          "Microsoft.Azure.Management.Network.NetworkManagementClient/19.17.1.0"
        ]
      },
      "ResponseHeaders": {
        "Cache-Control": [
          "no-cache"
        ],
        "Pragma": [
          "no-cache"
        ],
        "ETag": [
          "W/\"1903708d-819f-4422-9bad-6d52c952a57e\""
        ],
        "x-ms-request-id": [
          "cb0f833d-1d6c-4bea-9230-7a788648ea67"
        ],
        "x-ms-correlation-request-id": [
          "dc976af5-9490-4e20-b30d-08e2bb5d16bd"
        ],
        "x-ms-arm-service-request-id": [
          "76ae7bbf-e372-43a8-826b-40c28030eca7"
        ],
        "Strict-Transport-Security": [
          "max-age=31536000; includeSubDomains"
        ],
        "Server": [
          "Microsoft-HTTPAPI/2.0",
          "Microsoft-HTTPAPI/2.0"
        ],
        "x-ms-ratelimit-remaining-subscription-reads": [
          "11998"
        ],
        "x-ms-routing-request-id": [
          "WESTUS2:20221114T204133Z:dc976af5-9490-4e20-b30d-08e2bb5d16bd"
        ],
        "X-Content-Type-Options": [
          "nosniff"
        ],
        "Date": [
          "Mon, 14 Nov 2022 20:41:33 GMT"
        ],
        "Content-Length": [
          "1239"
        ],
        "Content-Type": [
          "application/json; charset=utf-8"
        ],
        "Expires": [
          "-1"
        ]
      },
      "ResponseBody": "{\r\n  \"name\": \"csvnet5474\",\r\n  \"id\": \"/subscriptions/850f02f7-e14c-4fb7-905d-7b98bcae9c7f/resourceGroups/crptestar6706/providers/Microsoft.Network/virtualNetworks/csvnet5474\",\r\n  \"etag\": \"W/\\\"1903708d-819f-4422-9bad-6d52c952a57e\\\"\",\r\n  \"type\": \"Microsoft.Network/virtualNetworks\",\r\n  \"location\": \"eastus2euap\",\r\n  \"properties\": {\r\n    \"provisioningState\": \"Succeeded\",\r\n    \"resourceGuid\": \"c70236e8-1f1a-4a98-9cd0-2ea53e309bb9\",\r\n    \"addressSpace\": {\r\n      \"addressPrefixes\": [\r\n        \"10.0.0.0/16\"\r\n      ]\r\n    },\r\n    \"subnets\": [\r\n      {\r\n        \"name\": \"subnet4045\",\r\n        \"id\": \"/subscriptions/850f02f7-e14c-4fb7-905d-7b98bcae9c7f/resourceGroups/crptestar6706/providers/Microsoft.Network/virtualNetworks/csvnet5474/subnets/subnet4045\",\r\n        \"etag\": \"W/\\\"1903708d-819f-4422-9bad-6d52c952a57e\\\"\",\r\n        \"properties\": {\r\n          \"provisioningState\": \"Succeeded\",\r\n          \"addressPrefix\": \"10.0.0.0/24\",\r\n          \"delegations\": [],\r\n          \"privateEndpointNetworkPolicies\": \"Disabled\",\r\n          \"privateLinkServiceNetworkPolicies\": \"Enabled\"\r\n        },\r\n        \"type\": \"Microsoft.Network/virtualNetworks/subnets\"\r\n      }\r\n    ],\r\n    \"virtualNetworkPeerings\": [],\r\n    \"enableDdosProtection\": false\r\n  }\r\n}",
      "StatusCode": 200
    },
    {
      "RequestUri": "/subscriptions/850f02f7-e14c-4fb7-905d-7b98bcae9c7f/resourceGroups/crptestar6706/providers/Microsoft.Network/publicIPAddresses/cspip5167?api-version=2019-09-01",
      "EncodedRequestUri": "L3N1YnNjcmlwdGlvbnMvODUwZjAyZjctZTE0Yy00ZmI3LTkwNWQtN2I5OGJjYWU5YzdmL3Jlc291cmNlR3JvdXBzL2NycHRlc3RhcjY3MDYvcHJvdmlkZXJzL01pY3Jvc29mdC5OZXR3b3JrL3B1YmxpY0lQQWRkcmVzc2VzL2NzcGlwNTE2Nz9hcGktdmVyc2lvbj0yMDE5LTA5LTAx",
      "RequestMethod": "PUT",
      "RequestBody": "{\r\n  \"properties\": {\r\n    \"publicIPAllocationMethod\": \"Dynamic\",\r\n    \"dnsSettings\": {\r\n      \"domainNameLabel\": \"dns3\"\r\n    }\r\n  },\r\n  \"location\": \"eastus2euap\"\r\n}",
      "RequestHeaders": {
        "x-ms-client-request-id": [
          "5acd4dc3-4296-4c2a-bf83-66a58eed8837"
        ],
        "Accept-Language": [
          "en-US"
        ],
        "User-Agent": [
          "FxVersion/4.700.22.51102",
          "OSName/Windows",
          "OSVersion/Microsoft.Windows.10.0.22621",
          "Microsoft.Azure.Management.Network.NetworkManagementClient/19.17.1.0"
        ],
        "Content-Type": [
          "application/json; charset=utf-8"
        ],
        "Content-Length": [
          "164"
        ]
      },
      "ResponseHeaders": {
        "Cache-Control": [
          "no-cache"
        ],
        "Pragma": [
          "no-cache"
        ],
        "Retry-After": [
          "1"
        ],
        "x-ms-request-id": [
          "3be67b8c-0e3f-4325-b90b-7893f7ceb25f"
        ],
        "azure-asyncoperation": [
          "https://management.azure.com/subscriptions/850f02f7-e14c-4fb7-905d-7b98bcae9c7f/providers/Microsoft.Network/locations/eastus2euap/operations/3be67b8c-0e3f-4325-b90b-7893f7ceb25f?api-version=2019-09-01"
        ],
        "x-ms-correlation-request-id": [
          "e5f99473-e625-4c02-b14f-81e01ef64bab"
        ],
        "azure-asyncnotification": [
          "Enabled"
        ],
        "x-ms-arm-service-request-id": [
          "299c6f97-3a95-4955-83db-29ee3330963d"
        ],
        "Strict-Transport-Security": [
          "max-age=31536000; includeSubDomains"
        ],
        "Server": [
          "Microsoft-HTTPAPI/2.0",
          "Microsoft-HTTPAPI/2.0"
        ],
        "x-ms-ratelimit-remaining-subscription-writes": [
          "1198"
        ],
        "x-ms-routing-request-id": [
          "WESTUS2:20221114T204135Z:e5f99473-e625-4c02-b14f-81e01ef64bab"
        ],
        "X-Content-Type-Options": [
          "nosniff"
        ],
        "Date": [
          "Mon, 14 Nov 2022 20:41:35 GMT"
        ],
        "Content-Length": [
          "726"
        ],
        "Content-Type": [
          "application/json; charset=utf-8"
        ],
        "Expires": [
          "-1"
        ]
      },
      "ResponseBody": "{\r\n  \"name\": \"cspip5167\",\r\n  \"id\": \"/subscriptions/850f02f7-e14c-4fb7-905d-7b98bcae9c7f/resourceGroups/crptestar6706/providers/Microsoft.Network/publicIPAddresses/cspip5167\",\r\n  \"etag\": \"W/\\\"1dc33c20-e125-47e5-b44e-efd3af1d8f94\\\"\",\r\n  \"location\": \"eastus2euap\",\r\n  \"properties\": {\r\n    \"provisioningState\": \"Updating\",\r\n    \"resourceGuid\": \"6d98afde-4fa8-44c7-b8e1-d365dd95a210\",\r\n    \"publicIPAddressVersion\": \"IPv4\",\r\n    \"publicIPAllocationMethod\": \"Dynamic\",\r\n    \"idleTimeoutInMinutes\": 4,\r\n    \"dnsSettings\": {\r\n      \"domainNameLabel\": \"dns3\",\r\n      \"fqdn\": \"dns3.eastus2euap.cloudapp.azure.com\"\r\n    },\r\n    \"ipTags\": []\r\n  },\r\n  \"type\": \"Microsoft.Network/publicIPAddresses\",\r\n  \"sku\": {\r\n    \"name\": \"Basic\"\r\n  }\r\n}",
      "StatusCode": 201
    },
    {
      "RequestUri": "/subscriptions/850f02f7-e14c-4fb7-905d-7b98bcae9c7f/providers/Microsoft.Network/locations/eastus2euap/operations/3be67b8c-0e3f-4325-b90b-7893f7ceb25f?api-version=2019-09-01",
      "EncodedRequestUri": "L3N1YnNjcmlwdGlvbnMvODUwZjAyZjctZTE0Yy00ZmI3LTkwNWQtN2I5OGJjYWU5YzdmL3Byb3ZpZGVycy9NaWNyb3NvZnQuTmV0d29yay9sb2NhdGlvbnMvZWFzdHVzMmV1YXAvb3BlcmF0aW9ucy8zYmU2N2I4Yy0wZTNmLTQzMjUtYjkwYi03ODkzZjdjZWIyNWY/YXBpLXZlcnNpb249MjAxOS0wOS0wMQ==",
      "RequestMethod": "GET",
      "RequestBody": "",
      "RequestHeaders": {
        "User-Agent": [
          "FxVersion/4.700.22.51102",
          "OSName/Windows",
          "OSVersion/Microsoft.Windows.10.0.22621",
          "Microsoft.Azure.Management.Network.NetworkManagementClient/19.17.1.0"
        ]
      },
      "ResponseHeaders": {
        "Cache-Control": [
          "no-cache"
        ],
        "Pragma": [
          "no-cache"
        ],
        "Retry-After": [
          "2"
        ],
        "x-ms-request-id": [
          "c5c9de24-2c1c-4378-839b-61e7fb1c1721"
        ],
        "x-ms-correlation-request-id": [
          "97ebcbf5-3c45-4bd6-824f-cd775b61036e"
        ],
        "x-ms-arm-service-request-id": [
          "9eab65aa-f11a-4d6e-bd62-e5bffefe03f5"
        ],
        "Strict-Transport-Security": [
          "max-age=31536000; includeSubDomains"
        ],
        "Server": [
          "Microsoft-HTTPAPI/2.0",
          "Microsoft-HTTPAPI/2.0"
        ],
        "x-ms-ratelimit-remaining-subscription-reads": [
          "11997"
        ],
        "x-ms-routing-request-id": [
          "WESTUS2:20221114T204136Z:97ebcbf5-3c45-4bd6-824f-cd775b61036e"
        ],
        "X-Content-Type-Options": [
          "nosniff"
        ],
        "Date": [
          "Mon, 14 Nov 2022 20:41:36 GMT"
        ],
        "Content-Length": [
          "30"
        ],
        "Content-Type": [
          "application/json; charset=utf-8"
        ],
        "Expires": [
          "-1"
        ]
      },
      "ResponseBody": "{\r\n  \"status\": \"InProgress\"\r\n}",
      "StatusCode": 200
    },
    {
      "RequestUri": "/subscriptions/850f02f7-e14c-4fb7-905d-7b98bcae9c7f/providers/Microsoft.Network/locations/eastus2euap/operations/3be67b8c-0e3f-4325-b90b-7893f7ceb25f?api-version=2019-09-01",
      "EncodedRequestUri": "L3N1YnNjcmlwdGlvbnMvODUwZjAyZjctZTE0Yy00ZmI3LTkwNWQtN2I5OGJjYWU5YzdmL3Byb3ZpZGVycy9NaWNyb3NvZnQuTmV0d29yay9sb2NhdGlvbnMvZWFzdHVzMmV1YXAvb3BlcmF0aW9ucy8zYmU2N2I4Yy0wZTNmLTQzMjUtYjkwYi03ODkzZjdjZWIyNWY/YXBpLXZlcnNpb249MjAxOS0wOS0wMQ==",
      "RequestMethod": "GET",
      "RequestBody": "",
      "RequestHeaders": {
        "User-Agent": [
          "FxVersion/4.700.22.51102",
          "OSName/Windows",
          "OSVersion/Microsoft.Windows.10.0.22621",
          "Microsoft.Azure.Management.Network.NetworkManagementClient/19.17.1.0"
        ]
      },
      "ResponseHeaders": {
        "Cache-Control": [
          "no-cache"
        ],
        "Pragma": [
          "no-cache"
        ],
        "x-ms-request-id": [
          "e05f9052-7277-448c-8373-76768af20e66"
        ],
        "x-ms-correlation-request-id": [
          "f190e9c9-234b-4378-9665-f685d40dd717"
        ],
        "x-ms-arm-service-request-id": [
          "9856f857-6cba-41cd-a9f9-b3afeda75429"
        ],
        "Strict-Transport-Security": [
          "max-age=31536000; includeSubDomains"
        ],
        "Server": [
          "Microsoft-HTTPAPI/2.0",
          "Microsoft-HTTPAPI/2.0"
        ],
        "x-ms-ratelimit-remaining-subscription-reads": [
          "11996"
        ],
        "x-ms-routing-request-id": [
          "WESTUS2:20221114T204138Z:f190e9c9-234b-4378-9665-f685d40dd717"
        ],
        "X-Content-Type-Options": [
          "nosniff"
        ],
        "Date": [
          "Mon, 14 Nov 2022 20:41:38 GMT"
        ],
        "Content-Length": [
          "29"
        ],
        "Content-Type": [
          "application/json; charset=utf-8"
        ],
        "Expires": [
          "-1"
        ]
      },
      "ResponseBody": "{\r\n  \"status\": \"Succeeded\"\r\n}",
      "StatusCode": 200
    },
    {
      "RequestUri": "/subscriptions/850f02f7-e14c-4fb7-905d-7b98bcae9c7f/resourceGroups/crptestar6706/providers/Microsoft.Network/publicIPAddresses/cspip5167?api-version=2019-09-01",
      "EncodedRequestUri": "L3N1YnNjcmlwdGlvbnMvODUwZjAyZjctZTE0Yy00ZmI3LTkwNWQtN2I5OGJjYWU5YzdmL3Jlc291cmNlR3JvdXBzL2NycHRlc3RhcjY3MDYvcHJvdmlkZXJzL01pY3Jvc29mdC5OZXR3b3JrL3B1YmxpY0lQQWRkcmVzc2VzL2NzcGlwNTE2Nz9hcGktdmVyc2lvbj0yMDE5LTA5LTAx",
      "RequestMethod": "GET",
      "RequestBody": "",
      "RequestHeaders": {
        "User-Agent": [
          "FxVersion/4.700.22.51102",
          "OSName/Windows",
          "OSVersion/Microsoft.Windows.10.0.22621",
          "Microsoft.Azure.Management.Network.NetworkManagementClient/19.17.1.0"
        ]
      },
      "ResponseHeaders": {
        "Cache-Control": [
          "no-cache"
        ],
        "Pragma": [
          "no-cache"
        ],
        "ETag": [
          "W/\"c6131cb1-097e-4e8a-863d-46a032e5c352\""
        ],
        "x-ms-request-id": [
          "4967db4b-3ad1-4179-bede-cddd3eade063"
        ],
        "x-ms-correlation-request-id": [
          "59d3a26a-7b0e-4a80-a8ec-16f1604dfc41"
        ],
        "x-ms-arm-service-request-id": [
          "1b7f8da9-d55c-48d2-a986-0f758eca5ed6"
        ],
        "Strict-Transport-Security": [
          "max-age=31536000; includeSubDomains"
        ],
        "Server": [
          "Microsoft-HTTPAPI/2.0",
          "Microsoft-HTTPAPI/2.0"
        ],
        "x-ms-ratelimit-remaining-subscription-reads": [
          "11995"
        ],
        "x-ms-routing-request-id": [
          "WESTUS2:20221114T204138Z:59d3a26a-7b0e-4a80-a8ec-16f1604dfc41"
        ],
        "X-Content-Type-Options": [
          "nosniff"
        ],
        "Date": [
          "Mon, 14 Nov 2022 20:41:38 GMT"
        ],
        "Content-Length": [
          "727"
        ],
        "Content-Type": [
          "application/json; charset=utf-8"
        ],
        "Expires": [
          "-1"
        ]
      },
      "ResponseBody": "{\r\n  \"name\": \"cspip5167\",\r\n  \"id\": \"/subscriptions/850f02f7-e14c-4fb7-905d-7b98bcae9c7f/resourceGroups/crptestar6706/providers/Microsoft.Network/publicIPAddresses/cspip5167\",\r\n  \"etag\": \"W/\\\"c6131cb1-097e-4e8a-863d-46a032e5c352\\\"\",\r\n  \"location\": \"eastus2euap\",\r\n  \"properties\": {\r\n    \"provisioningState\": \"Succeeded\",\r\n    \"resourceGuid\": \"6d98afde-4fa8-44c7-b8e1-d365dd95a210\",\r\n    \"publicIPAddressVersion\": \"IPv4\",\r\n    \"publicIPAllocationMethod\": \"Dynamic\",\r\n    \"idleTimeoutInMinutes\": 4,\r\n    \"dnsSettings\": {\r\n      \"domainNameLabel\": \"dns3\",\r\n      \"fqdn\": \"dns3.eastus2euap.cloudapp.azure.com\"\r\n    },\r\n    \"ipTags\": []\r\n  },\r\n  \"type\": \"Microsoft.Network/publicIPAddresses\",\r\n  \"sku\": {\r\n    \"name\": \"Basic\"\r\n  }\r\n}",
      "StatusCode": 200
    },
    {
      "RequestUri": "/subscriptions/850f02f7-e14c-4fb7-905d-7b98bcae9c7f/resourceGroups/crptestar6706/providers/Microsoft.Storage/storageAccounts/saforcspkg7158?api-version=2015-06-15",
      "EncodedRequestUri": "L3N1YnNjcmlwdGlvbnMvODUwZjAyZjctZTE0Yy00ZmI3LTkwNWQtN2I5OGJjYWU5YzdmL3Jlc291cmNlR3JvdXBzL2NycHRlc3RhcjY3MDYvcHJvdmlkZXJzL01pY3Jvc29mdC5TdG9yYWdlL3N0b3JhZ2VBY2NvdW50cy9zYWZvcmNzcGtnNzE1OD9hcGktdmVyc2lvbj0yMDE1LTA2LTE1",
      "RequestMethod": "PUT",
      "RequestBody": "{\r\n  \"location\": \"eastus2euap\",\r\n  \"properties\": {\r\n    \"accountType\": \"Standard_GRS\"\r\n  }\r\n}",
      "RequestHeaders": {
        "x-ms-client-request-id": [
          "42dbe310-355a-4ea5-8d5b-1157069fabc7"
        ],
        "Accept-Language": [
          "en-US"
        ],
        "User-Agent": [
          "FxVersion/4.700.22.51102",
          "OSName/Windows",
          "OSVersion/Microsoft.Windows.10.0.22621",
          "Microsoft.Azure.Management.Storage.StorageManagementClient/4.0.0.0"
        ],
        "Content-Type": [
          "application/json; charset=utf-8"
        ],
        "Content-Length": [
          "93"
        ]
      },
      "ResponseHeaders": {
        "Cache-Control": [
          "no-cache"
        ],
        "Pragma": [
          "no-cache"
        ],
        "Location": [
          "https://management.azure.com/subscriptions/850f02f7-e14c-4fb7-905d-7b98bcae9c7f/providers/Microsoft.Storage/locations/eastus2euap/asyncoperations/ffd5a5da-10f2-461c-82e2-06102e3f141e?monitor=true&api-version=2015-06-15"
        ],
        "Retry-After": [
          "17"
        ],
        "x-ms-request-id": [
          "ffd5a5da-10f2-461c-82e2-06102e3f141e"
        ],
        "Strict-Transport-Security": [
          "max-age=31536000; includeSubDomains"
        ],
        "Server": [
          "Microsoft-Azure-Storage-Resource-Provider/1.0,Microsoft-HTTPAPI/2.0 Microsoft-HTTPAPI/2.0"
        ],
        "x-ms-ratelimit-remaining-subscription-writes": [
          "1199"
        ],
        "x-ms-correlation-request-id": [
          "18c8fe6f-73c0-4229-ad42-6ba166c9aa79"
        ],
        "x-ms-routing-request-id": [
          "WESTUS2:20221114T204145Z:18c8fe6f-73c0-4229-ad42-6ba166c9aa79"
        ],
        "X-Content-Type-Options": [
          "nosniff"
        ],
        "Date": [
          "Mon, 14 Nov 2022 20:41:45 GMT"
        ],
        "Content-Type": [
          "text/plain; charset=utf-8"
        ],
        "Expires": [
          "-1"
        ],
        "Content-Length": [
          "0"
        ]
      },
      "ResponseBody": "",
      "StatusCode": 202
    },
    {
      "RequestUri": "/subscriptions/850f02f7-e14c-4fb7-905d-7b98bcae9c7f/providers/Microsoft.Storage/locations/eastus2euap/asyncoperations/ffd5a5da-10f2-461c-82e2-06102e3f141e?monitor=true&api-version=2015-06-15",
      "EncodedRequestUri": "L3N1YnNjcmlwdGlvbnMvODUwZjAyZjctZTE0Yy00ZmI3LTkwNWQtN2I5OGJjYWU5YzdmL3Byb3ZpZGVycy9NaWNyb3NvZnQuU3RvcmFnZS9sb2NhdGlvbnMvZWFzdHVzMmV1YXAvYXN5bmNvcGVyYXRpb25zL2ZmZDVhNWRhLTEwZjItNDYxYy04MmUyLTA2MTAyZTNmMTQxZT9tb25pdG9yPXRydWUmYXBpLXZlcnNpb249MjAxNS0wNi0xNQ==",
      "RequestMethod": "GET",
      "RequestBody": "",
      "RequestHeaders": {
        "User-Agent": [
          "FxVersion/4.700.22.51102",
          "OSName/Windows",
          "OSVersion/Microsoft.Windows.10.0.22621",
          "Microsoft.Azure.Management.Storage.StorageManagementClient/4.0.0.0"
        ]
      },
      "ResponseHeaders": {
        "Cache-Control": [
          "no-cache"
        ],
        "Pragma": [
          "no-cache"
        ],
        "x-ms-request-id": [
          "af7d6014-5e5d-4a93-98b7-06c29c3cb687"
        ],
        "Strict-Transport-Security": [
          "max-age=31536000; includeSubDomains"
        ],
        "Server": [
          "Microsoft-Azure-Storage-Resource-Provider/1.0,Microsoft-HTTPAPI/2.0 Microsoft-HTTPAPI/2.0"
        ],
        "x-ms-ratelimit-remaining-subscription-reads": [
          "11999"
        ],
        "x-ms-correlation-request-id": [
          "07463b50-3248-4eaf-800e-5e222fc930db"
        ],
        "x-ms-routing-request-id": [
          "WESTUS2:20221114T204202Z:07463b50-3248-4eaf-800e-5e222fc930db"
        ],
        "X-Content-Type-Options": [
          "nosniff"
        ],
        "Date": [
          "Mon, 14 Nov 2022 20:42:02 GMT"
        ],
        "Content-Length": [
          "93"
        ],
        "Content-Type": [
          "application/json"
        ],
        "Expires": [
          "-1"
        ]
      },
      "ResponseBody": "{\r\n  \"location\": \"eastus2euap\",\r\n  \"properties\": {\r\n    \"accountType\": \"Standard_GRS\"\r\n  }\r\n}",
      "StatusCode": 200
    },
    {
      "RequestUri": "/subscriptions/850f02f7-e14c-4fb7-905d-7b98bcae9c7f/resourceGroups/crptestar6706/providers/Microsoft.Storage/storageAccounts?api-version=2015-06-15",
      "EncodedRequestUri": "L3N1YnNjcmlwdGlvbnMvODUwZjAyZjctZTE0Yy00ZmI3LTkwNWQtN2I5OGJjYWU5YzdmL3Jlc291cmNlR3JvdXBzL2NycHRlc3RhcjY3MDYvcHJvdmlkZXJzL01pY3Jvc29mdC5TdG9yYWdlL3N0b3JhZ2VBY2NvdW50cz9hcGktdmVyc2lvbj0yMDE1LTA2LTE1",
      "RequestMethod": "GET",
      "RequestBody": "",
      "RequestHeaders": {
        "x-ms-client-request-id": [
          "ed20608e-f20f-44ca-9529-b99955e3ea2d"
        ],
        "Accept-Language": [
          "en-US"
        ],
        "User-Agent": [
          "FxVersion/4.700.22.51102",
          "OSName/Windows",
          "OSVersion/Microsoft.Windows.10.0.22621",
          "Microsoft.Azure.Management.Storage.StorageManagementClient/4.0.0.0"
        ]
      },
      "ResponseHeaders": {
        "Cache-Control": [
          "no-cache"
        ],
        "Pragma": [
          "no-cache"
        ],
        "x-ms-request-id": [
          "e237e039-9654-4732-9116-b5ee3d30285e"
        ],
        "Strict-Transport-Security": [
          "max-age=31536000; includeSubDomains"
        ],
        "Server": [
          "Microsoft-Azure-Storage-Resource-Provider/1.0,Microsoft-HTTPAPI/2.0 Microsoft-HTTPAPI/2.0"
        ],
        "x-ms-ratelimit-remaining-subscription-reads": [
          "11998"
        ],
        "x-ms-correlation-request-id": [
          "0fc46071-a983-402b-8875-cd585bcb2d78"
        ],
        "x-ms-routing-request-id": [
          "WESTUS2:20221114T204213Z:0fc46071-a983-402b-8875-cd585bcb2d78"
        ],
        "X-Content-Type-Options": [
          "nosniff"
        ],
        "Date": [
          "Mon, 14 Nov 2022 20:42:12 GMT"
        ],
        "Content-Length": [
          "759"
        ],
        "Content-Type": [
          "application/json"
        ],
        "Expires": [
          "-1"
        ]
      },
      "ResponseBody": "{\r\n  \"value\": [\r\n    {\r\n      \"id\": \"/subscriptions/850f02f7-e14c-4fb7-905d-7b98bcae9c7f/resourceGroups/crptestar6706/providers/Microsoft.Storage/storageAccounts/saforcspkg7158\",\r\n      \"name\": \"saforcspkg7158\",\r\n      \"type\": \"Microsoft.Storage/storageAccounts\",\r\n      \"location\": \"eastus2euap\",\r\n      \"tags\": {},\r\n      \"properties\": {\r\n        \"accountType\": \"Standard_GRS\",\r\n        \"provisioningState\": \"Succeeded\",\r\n        \"creationTime\": \"2022-11-14T20:41:42.0885082Z\",\r\n        \"primaryEndpoints\": {\r\n          \"blob\": \"https://saforcspkg7158.blob.core.windows.net/\",\r\n          \"queue\": \"https://saforcspkg7158.queue.core.windows.net/\",\r\n          \"table\": \"https://saforcspkg7158.table.core.windows.net/\",\r\n          \"file\": \"https://saforcspkg7158.file.core.windows.net/\"\r\n        },\r\n        \"primaryLocation\": \"eastus2euap\",\r\n        \"statusOfPrimary\": \"available\",\r\n        \"secondaryLocation\": \"centraluseuap\",\r\n        \"statusOfSecondary\": \"available\"\r\n      }\r\n    }\r\n  ]\r\n}",
      "StatusCode": 200
    },
    {
      "RequestUri": "/subscriptions/850f02f7-e14c-4fb7-905d-7b98bcae9c7f/resourceGroups/crptestar6706/providers/Microsoft.Storage/storageAccounts/saforcspkg7158?api-version=2015-06-15",
      "EncodedRequestUri": "L3N1YnNjcmlwdGlvbnMvODUwZjAyZjctZTE0Yy00ZmI3LTkwNWQtN2I5OGJjYWU5YzdmL3Jlc291cmNlR3JvdXBzL2NycHRlc3RhcjY3MDYvcHJvdmlkZXJzL01pY3Jvc29mdC5TdG9yYWdlL3N0b3JhZ2VBY2NvdW50cy9zYWZvcmNzcGtnNzE1OD9hcGktdmVyc2lvbj0yMDE1LTA2LTE1",
      "RequestMethod": "GET",
      "RequestBody": "",
      "RequestHeaders": {
        "x-ms-client-request-id": [
          "30bc6a07-ecfc-4741-a801-024a8e19ad2c"
        ],
        "Accept-Language": [
          "en-US"
        ],
        "User-Agent": [
          "FxVersion/4.700.22.51102",
          "OSName/Windows",
          "OSVersion/Microsoft.Windows.10.0.22621",
          "Microsoft.Azure.Management.Storage.StorageManagementClient/4.0.0.0"
        ]
      },
      "ResponseHeaders": {
        "Cache-Control": [
          "no-cache"
        ],
        "Pragma": [
          "no-cache"
        ],
        "x-ms-request-id": [
          "92a04a4d-8255-47c4-80a7-12f0d4cfe15c"
        ],
        "Strict-Transport-Security": [
          "max-age=31536000; includeSubDomains"
        ],
        "Server": [
          "Microsoft-Azure-Storage-Resource-Provider/1.0,Microsoft-HTTPAPI/2.0 Microsoft-HTTPAPI/2.0"
        ],
        "x-ms-ratelimit-remaining-subscription-reads": [
          "11997"
        ],
        "x-ms-correlation-request-id": [
          "4d126641-a5d0-4737-ac10-0adab03ca1ec"
        ],
        "x-ms-routing-request-id": [
          "WESTUS2:20221114T204213Z:4d126641-a5d0-4737-ac10-0adab03ca1ec"
        ],
        "X-Content-Type-Options": [
          "nosniff"
        ],
        "Date": [
          "Mon, 14 Nov 2022 20:42:12 GMT"
        ],
        "Content-Length": [
          "747"
        ],
        "Content-Type": [
          "application/json"
        ],
        "Expires": [
          "-1"
        ]
      },
      "ResponseBody": "{\r\n  \"id\": \"/subscriptions/850f02f7-e14c-4fb7-905d-7b98bcae9c7f/resourceGroups/crptestar6706/providers/Microsoft.Storage/storageAccounts/saforcspkg7158\",\r\n  \"name\": \"saforcspkg7158\",\r\n  \"type\": \"Microsoft.Storage/storageAccounts\",\r\n  \"location\": \"eastus2euap\",\r\n  \"tags\": {},\r\n  \"properties\": {\r\n    \"accountType\": \"Standard_GRS\",\r\n    \"provisioningState\": \"Succeeded\",\r\n    \"creationTime\": \"2022-11-14T20:41:42.0885082Z\",\r\n    \"primaryEndpoints\": {\r\n      \"blob\": \"https://saforcspkg7158.blob.core.windows.net/\",\r\n      \"queue\": \"https://saforcspkg7158.queue.core.windows.net/\",\r\n      \"table\": \"https://saforcspkg7158.table.core.windows.net/\",\r\n      \"file\": \"https://saforcspkg7158.file.core.windows.net/\"\r\n    },\r\n    \"primaryLocation\": \"eastus2euap\",\r\n    \"statusOfPrimary\": \"available\",\r\n    \"secondaryLocation\": \"centraluseuap\",\r\n    \"statusOfSecondary\": \"available\"\r\n  }\r\n}",
      "StatusCode": 200
    },
    {
      "RequestUri": "/subscriptions/850f02f7-e14c-4fb7-905d-7b98bcae9c7f/resourceGroups/crptestar6706/providers/Microsoft.Storage/storageAccounts/saforcspkg7158/listKeys?api-version=2015-06-15",
      "EncodedRequestUri": "L3N1YnNjcmlwdGlvbnMvODUwZjAyZjctZTE0Yy00ZmI3LTkwNWQtN2I5OGJjYWU5YzdmL3Jlc291cmNlR3JvdXBzL2NycHRlc3RhcjY3MDYvcHJvdmlkZXJzL01pY3Jvc29mdC5TdG9yYWdlL3N0b3JhZ2VBY2NvdW50cy9zYWZvcmNzcGtnNzE1OC9saXN0S2V5cz9hcGktdmVyc2lvbj0yMDE1LTA2LTE1",
      "RequestMethod": "POST",
      "RequestBody": "",
      "RequestHeaders": {
        "x-ms-client-request-id": [
          "44b90f52-137f-4c48-abb6-3dd0b372c719"
        ],
        "Accept-Language": [
          "en-US"
        ],
        "User-Agent": [
          "FxVersion/4.700.22.51102",
          "OSName/Windows",
          "OSVersion/Microsoft.Windows.10.0.22621",
          "Microsoft.Azure.Management.Storage.StorageManagementClient/4.0.0.0"
        ]
      },
      "ResponseHeaders": {
        "Cache-Control": [
          "no-cache"
        ],
        "Pragma": [
          "no-cache"
        ],
        "x-ms-request-id": [
          "9c568eb8-0f9b-421a-bbea-e5df1ee1b3cf"
        ],
        "Strict-Transport-Security": [
          "max-age=31536000; includeSubDomains"
        ],
        "Server": [
          "Microsoft-Azure-Storage-Resource-Provider/1.0,Microsoft-HTTPAPI/2.0 Microsoft-HTTPAPI/2.0"
        ],
        "x-ms-ratelimit-remaining-subscription-resource-requests": [
          "11999"
        ],
        "x-ms-correlation-request-id": [
          "ad86a792-22ac-442e-9d9a-f5430ab715cd"
        ],
        "x-ms-routing-request-id": [
          "WESTUS2:20221114T204213Z:ad86a792-22ac-442e-9d9a-f5430ab715cd"
        ],
        "X-Content-Type-Options": [
          "nosniff"
        ],
        "Date": [
          "Mon, 14 Nov 2022 20:42:13 GMT"
        ],
        "Content-Length": [
          "197"
        ],
        "Content-Type": [
          "application/json"
        ],
        "Expires": [
          "-1"
        ]
      },
      "ResponseBody": "{\r\n  \"key1\": \"Sanitized\",\r\n  \"key2\": \"Sanitized\"\r\n}",
      "StatusCode": 200
    },
    {
      "RequestUri": "/subscriptions/850f02f7-e14c-4fb7-905d-7b98bcae9c7f/resourceGroups/crptestar6706/providers/Microsoft.Compute/cloudServices/cs8687?api-version=2022-09-04",
      "EncodedRequestUri": "L3N1YnNjcmlwdGlvbnMvODUwZjAyZjctZTE0Yy00ZmI3LTkwNWQtN2I5OGJjYWU5YzdmL3Jlc291cmNlR3JvdXBzL2NycHRlc3RhcjY3MDYvcHJvdmlkZXJzL01pY3Jvc29mdC5Db21wdXRlL2Nsb3VkU2VydmljZXMvY3M4Njg3P2FwaS12ZXJzaW9uPTIwMjItMDktMDQ=",
      "RequestMethod": "PUT",
      "RequestBody": "{\r\n  \"location\": \"eastus2euap\",\r\n  \"properties\": {\r\n    \"packageUrl\": \"https://saforcspkg7158.blob.core.windows.net/sascontainer/TestCloudServiceMultiRole_WorkerRole1(Standard_D2_v2)(1)_WorkerRole2(Standard_D1_v2)(1)_WebRole1(Standard_A2_v2)(2).cspkg?sv=2017-04-17&sr=b&sig=Sanitized\",\r\n    \"configuration\": \"<?xml version=\\\"1.0\\\" encoding=\\\"utf-16\\\"?>\\r\\n<ServiceConfiguration xmlns:xsi=\\\"http://www.w3.org/2001/XMLSchema-instance\\\" xmlns:xsd=\\\"http://www.w3.org/2001/XMLSchema\\\" serviceName=\\\"TestCloudServiceMultiRole\\\" osFamily=\\\"5\\\" osVersion=\\\"*\\\" schemaVersion=\\\"2015-04.2.6\\\" xmlns=\\\"http://schemas.microsoft.com/ServiceHosting/2008/10/ServiceConfiguration\\\">\\r\\n  <Role name=\\\"WorkerRole1\\\">\\r\\n    <Instances count=\\\"1\\\" />\\r\\n    <ConfigurationSettings>\\r\\n      <Setting name=\\\"Microsoft.WindowsAzure.Plugins.Diagnostics.ConnectionString\\\" value=\\\"UseDevelopmentStorage=true\\\" />\\r\\n    </ConfigurationSettings>\\r\\n  </Role>\\r\\n  <Role name=\\\"WorkerRole2\\\">\\r\\n    <Instances count=\\\"1\\\" />\\r\\n    <ConfigurationSettings>\\r\\n      <Setting name=\\\"Microsoft.WindowsAzure.Plugins.Diagnostics.ConnectionString\\\" value=\\\"UseDevelopmentStorage=true\\\" />\\r\\n    </ConfigurationSettings>\\r\\n  </Role>\\r\\n  <Role name=\\\"WebRole1\\\">\\r\\n    <Instances count=\\\"2\\\" />\\r\\n    <ConfigurationSettings>\\r\\n      <Setting name=\\\"Microsoft.WindowsAzure.Plugins.Diagnostics.ConnectionString\\\" value=\\\"UseDevelopmentStorage=true\\\" />\\r\\n    </ConfigurationSettings>\\r\\n  </Role>\\r\\n  <NetworkConfiguration>\\r\\n    <VirtualNetworkSite name=\\\"csvnet5474\\\" />\\r\\n    <AddressAssignments>\\r\\n      <InstanceAddress roleName=\\\"WorkerRole1\\\">\\r\\n        <Subnets>\\r\\n          <Subnet name=\\\"subnet4045\\\" />\\r\\n        </Subnets>\\r\\n      </InstanceAddress>\\r\\n      <InstanceAddress roleName=\\\"WorkerRole2\\\">\\r\\n        <Subnets>\\r\\n          <Subnet name=\\\"subnet4045\\\" />\\r\\n        </Subnets>\\r\\n      </InstanceAddress>\\r\\n      <InstanceAddress roleName=\\\"WebRole1\\\">\\r\\n        <Subnets>\\r\\n          <Subnet name=\\\"subnet4045\\\" />\\r\\n        </Subnets>\\r\\n      </InstanceAddress>\\r\\n    </AddressAssignments>\\r\\n  </NetworkConfiguration>\\r\\n</ServiceConfiguration>\",\r\n    \"roleProfile\": {\r\n      \"roles\": [\r\n        {\r\n          \"name\": \"WorkerRole1\",\r\n          \"sku\": {\r\n            \"name\": \"Standard_D2_v2\",\r\n            \"tier\": \"Standard\",\r\n            \"capacity\": 1\r\n          }\r\n        },\r\n        {\r\n          \"name\": \"WorkerRole2\",\r\n          \"sku\": {\r\n            \"name\": \"Standard_D1_v2\",\r\n            \"tier\": \"Standard\",\r\n            \"capacity\": 1\r\n          }\r\n        },\r\n        {\r\n          \"name\": \"WebRole1\",\r\n          \"sku\": {\r\n            \"name\": \"Standard_A2_v2\",\r\n            \"tier\": \"Standard\",\r\n            \"capacity\": 2\r\n          }\r\n        }\r\n      ]\r\n    },\r\n    \"networkProfile\": {\r\n      \"loadBalancerConfigurations\": [\r\n        {\r\n          \"name\": \"lb7632\",\r\n          \"properties\": {\r\n            \"frontendIpConfigurations\": [\r\n              {\r\n                \"name\": \"lbfe573\",\r\n                \"properties\": {\r\n                  \"publicIPAddress\": {\r\n                    \"id\": \"/subscriptions/850f02f7-e14c-4fb7-905d-7b98bcae9c7f/resourceGroups/crptestar6706/providers/Microsoft.Network/publicIPAddresses/cspip5167\"\r\n                  }\r\n                }\r\n              }\r\n            ]\r\n          }\r\n        }\r\n      ]\r\n    }\r\n  }\r\n}",
      "RequestHeaders": {
        "x-ms-client-request-id": [
          "168c0e47-8b4f-4150-932b-65028c092296"
        ],
        "Accept-Language": [
          "en-US"
        ],
        "User-Agent": [
          "FxVersion/4.700.22.51102",
          "OSName/Windows",
          "OSVersion/Microsoft.Windows.10.0.22621",
          "Microsoft.Azure.Management.Compute.ComputeManagementClient/59.0.0"
        ],
        "Content-Type": [
          "application/json; charset=utf-8"
        ],
        "Content-Length": [
          "3467"
        ]
      },
      "ResponseHeaders": {
        "Cache-Control": [
          "no-cache"
        ],
        "Pragma": [
          "no-cache"
        ],
        "Azure-AsyncOperation": [
          "https://management.azure.com/subscriptions/850f02f7-e14c-4fb7-905d-7b98bcae9c7f/providers/Microsoft.Compute/locations/eastus2euap/CsOperations/82cd94fc-16c6-4f34-8037-4833c6ad4354?api-version=2022-09-04"
        ],
        "x-ms-async-operation-timeout": [
          "PT8H20M"
        ],
        "x-ms-ratelimit-remaining-resource": [
          "Microsoft.Compute/CreateUpdateDeleteCloudServiceOperations30Min;292,Microsoft.Compute/CreateUpdateDeleteCloudServiceOperations30Min;292"
        ],
        "Strict-Transport-Security": [
          "max-age=31536000; includeSubDomains"
        ],
        "x-ms-request-id": [
          "82cd94fc-16c6-4f34-8037-4833c6ad4354"
        ],
        "Server": [
          "Microsoft-HTTPAPI/2.0,Microsoft-HTTPAPI/2.0 Microsoft-HTTPAPI/2.0 Microsoft-HTTPAPI/2.0"
        ],
        "x-ms-ratelimit-remaining-subscription-writes": [
          "1198"
        ],
        "x-ms-correlation-request-id": [
          "ab43d9a4-3e7f-4496-bcaa-263681761754"
        ],
        "x-ms-routing-request-id": [
          "WESTUS2:20221114T204248Z:ab43d9a4-3e7f-4496-bcaa-263681761754"
        ],
        "X-Content-Type-Options": [
          "nosniff"
        ],
        "Date": [
          "Mon, 14 Nov 2022 20:42:47 GMT"
        ],
        "Content-Length": [
          "3977"
        ],
        "Content-Type": [
          "application/json; charset=utf-8"
        ],
        "Expires": [
          "-1"
        ]
      },
      "ResponseBody": "{\r\n  \"name\": \"cs8687\",\r\n  \"id\": \"/subscriptions/850f02f7-e14c-4fb7-905d-7b98bcae9c7f/resourceGroups/CRPTESTAR6706/providers/Microsoft.Compute/cloudServices/cs8687\",\r\n  \"type\": \"Microsoft.Compute/cloudServices\",\r\n  \"location\": \"eastus2euap\",\r\n  \"properties\": {\r\n    \"configuration\": \"<?xml version=\\\"1.0\\\" encoding=\\\"utf-16\\\"?>\\r\\n<ServiceConfiguration xmlns:xsi=\\\"http://www.w3.org/2001/XMLSchema-instance\\\" xmlns:xsd=\\\"http://www.w3.org/2001/XMLSchema\\\" serviceName=\\\"TestCloudServiceMultiRole\\\" osFamily=\\\"5\\\" osVersion=\\\"*\\\" schemaVersion=\\\"2015-04.2.6\\\" xmlns=\\\"http://schemas.microsoft.com/ServiceHosting/2008/10/ServiceConfiguration\\\">\\r\\n  <Role name=\\\"WorkerRole1\\\">\\r\\n    <Instances count=\\\"1\\\" />\\r\\n    <ConfigurationSettings>\\r\\n      <Setting name=\\\"Microsoft.WindowsAzure.Plugins.Diagnostics.ConnectionString\\\" value=\\\"UseDevelopmentStorage=true\\\" />\\r\\n    </ConfigurationSettings>\\r\\n  </Role>\\r\\n  <Role name=\\\"WorkerRole2\\\">\\r\\n    <Instances count=\\\"1\\\" />\\r\\n    <ConfigurationSettings>\\r\\n      <Setting name=\\\"Microsoft.WindowsAzure.Plugins.Diagnostics.ConnectionString\\\" value=\\\"UseDevelopmentStorage=true\\\" />\\r\\n    </ConfigurationSettings>\\r\\n  </Role>\\r\\n  <Role name=\\\"WebRole1\\\">\\r\\n    <Instances count=\\\"2\\\" />\\r\\n    <ConfigurationSettings>\\r\\n      <Setting name=\\\"Microsoft.WindowsAzure.Plugins.Diagnostics.ConnectionString\\\" value=\\\"UseDevelopmentStorage=true\\\" />\\r\\n    </ConfigurationSettings>\\r\\n  </Role>\\r\\n  <NetworkConfiguration>\\r\\n    <VirtualNetworkSite name=\\\"csvnet5474\\\" />\\r\\n    <AddressAssignments>\\r\\n      <InstanceAddress roleName=\\\"WorkerRole1\\\">\\r\\n        <Subnets>\\r\\n          <Subnet name=\\\"subnet4045\\\" />\\r\\n        </Subnets>\\r\\n      </InstanceAddress>\\r\\n      <InstanceAddress roleName=\\\"WorkerRole2\\\">\\r\\n        <Subnets>\\r\\n          <Subnet name=\\\"subnet4045\\\" />\\r\\n        </Subnets>\\r\\n      </InstanceAddress>\\r\\n      <InstanceAddress roleName=\\\"WebRole1\\\">\\r\\n        <Subnets>\\r\\n          <Subnet name=\\\"subnet4045\\\" />\\r\\n        </Subnets>\\r\\n      </InstanceAddress>\\r\\n    </AddressAssignments>\\r\\n  </NetworkConfiguration>\\r\\n</ServiceConfiguration>\",\r\n    \"upgradeMode\": \"Auto\",\r\n    \"roleProfile\": {\r\n      \"roles\": [\r\n        {\r\n          \"name\": \"WorkerRole1\",\r\n          \"sku\": {\r\n            \"name\": \"Standard_D2_v2\",\r\n            \"tier\": \"Standard\",\r\n            \"capacity\": 1\r\n          }\r\n        },\r\n        {\r\n          \"name\": \"WorkerRole2\",\r\n          \"sku\": {\r\n            \"name\": \"Standard_D1_v2\",\r\n            \"tier\": \"Standard\",\r\n            \"capacity\": 1\r\n          }\r\n        },\r\n        {\r\n          \"name\": \"WebRole1\",\r\n          \"sku\": {\r\n            \"name\": \"Standard_A2_v2\",\r\n            \"tier\": \"Standard\",\r\n            \"capacity\": 2\r\n          }\r\n        }\r\n      ]\r\n    },\r\n    \"osProfile\": {\r\n      \"secrets\": []\r\n    },\r\n    \"networkProfile\": {\r\n      \"slotType\": \"Production\",\r\n      \"loadBalancerConfigurations\": [\r\n        {\r\n          \"name\": \"lb7632\",\r\n          \"properties\": {\r\n            \"frontendIpConfigurations\": [\r\n              {\r\n                \"name\": \"lbfe573\",\r\n                \"properties\": {\r\n                  \"publicIPAddress\": {\r\n                    \"id\": \"/subscriptions/850f02f7-e14c-4fb7-905d-7b98bcae9c7f/resourceGroups/crptestar6706/providers/Microsoft.Network/publicIPAddresses/cspip5167\"\r\n                  }\r\n                }\r\n              }\r\n            ]\r\n          }\r\n        }\r\n      ]\r\n    },\r\n    \"extensionProfile\": {\r\n      \"extensions\": [\r\n        {\r\n          \"name\": \"Microsoft.Azure.Geneva.GenevaMonitoringPaaS\",\r\n          \"properties\": {\r\n            \"autoUpgradeMinorVersion\": true,\r\n            \"provisioningState\": \"Creating\",\r\n            \"enableAutomaticUpgrade\": true,\r\n            \"rolesAppliedTo\": [\r\n              \"*\"\r\n            ],\r\n            \"publisher\": \"Microsoft.Azure.Geneva\",\r\n            \"type\": \"GenevaMonitoringPaaS\",\r\n            \"typeHandlerVersion\": \"2.37.0.3\",\r\n            \"settings\": {}\r\n          }\r\n        }\r\n      ]\r\n    },\r\n    \"provisioningState\": \"Creating\",\r\n    \"uniqueId\": \"67bb594d-3ab7-4263-a248-9be48d8edd16\"\r\n  },\r\n  \"systemData\": {\r\n    \"createdAt\": \"2022-11-14T20:42:47.4917167Z\",\r\n    \"lastModifiedAt\": \"2022-11-14T20:42:47.4917167Z\"\r\n  }\r\n}",
      "StatusCode": 201
    },
    {
      "RequestUri": "/subscriptions/850f02f7-e14c-4fb7-905d-7b98bcae9c7f/providers/Microsoft.Compute/locations/eastus2euap/CsOperations/82cd94fc-16c6-4f34-8037-4833c6ad4354?api-version=2022-09-04",
      "EncodedRequestUri": "L3N1YnNjcmlwdGlvbnMvODUwZjAyZjctZTE0Yy00ZmI3LTkwNWQtN2I5OGJjYWU5YzdmL3Byb3ZpZGVycy9NaWNyb3NvZnQuQ29tcHV0ZS9sb2NhdGlvbnMvZWFzdHVzMmV1YXAvQ3NPcGVyYXRpb25zLzgyY2Q5NGZjLTE2YzYtNGYzNC04MDM3LTQ4MzNjNmFkNDM1ND9hcGktdmVyc2lvbj0yMDIyLTA5LTA0",
      "RequestMethod": "GET",
      "RequestBody": "",
      "RequestHeaders": {
        "User-Agent": [
          "FxVersion/4.700.22.51102",
          "OSName/Windows",
          "OSVersion/Microsoft.Windows.10.0.22621",
          "Microsoft.Azure.Management.Compute.ComputeManagementClient/59.0.0"
        ]
      },
      "ResponseHeaders": {
        "Cache-Control": [
          "no-cache"
        ],
        "Pragma": [
          "no-cache"
        ],
        "Strict-Transport-Security": [
          "max-age=31536000; includeSubDomains"
        ],
        "x-ms-served-by": [
          "1458b69a-160b-4728-85b0-1fcd050989ae_133101163193071207"
        ],
        "x-ms-request-id": [
          "92cd8c9f-07f4-4b07-8152-2b74beaccc68"
        ],
        "Server": [
          "Microsoft-HTTPAPI/2.0",
          "Microsoft-HTTPAPI/2.0"
        ],
        "x-ms-ratelimit-remaining-subscription-reads": [
          "11996"
        ],
        "x-ms-correlation-request-id": [
          "f9897ea8-c1b8-41cc-a34d-6303490ee44a"
        ],
        "x-ms-routing-request-id": [
          "WESTUS2:20221114T204319Z:f9897ea8-c1b8-41cc-a34d-6303490ee44a"
        ],
        "X-Content-Type-Options": [
          "nosniff"
        ],
        "Date": [
          "Mon, 14 Nov 2022 20:43:18 GMT"
        ],
        "Content-Length": [
          "134"
        ],
        "Content-Type": [
          "application/json; charset=utf-8"
        ],
        "Expires": [
          "-1"
        ]
      },
      "ResponseBody": "{\r\n  \"startTime\": \"2022-11-14T12:42:47.4917167-08:00\",\r\n  \"status\": \"InProgress\",\r\n  \"name\": \"82cd94fc-16c6-4f34-8037-4833c6ad4354\"\r\n}",
      "StatusCode": 200
    },
    {
      "RequestUri": "/subscriptions/850f02f7-e14c-4fb7-905d-7b98bcae9c7f/providers/Microsoft.Compute/locations/eastus2euap/CsOperations/82cd94fc-16c6-4f34-8037-4833c6ad4354?api-version=2022-09-04",
      "EncodedRequestUri": "L3N1YnNjcmlwdGlvbnMvODUwZjAyZjctZTE0Yy00ZmI3LTkwNWQtN2I5OGJjYWU5YzdmL3Byb3ZpZGVycy9NaWNyb3NvZnQuQ29tcHV0ZS9sb2NhdGlvbnMvZWFzdHVzMmV1YXAvQ3NPcGVyYXRpb25zLzgyY2Q5NGZjLTE2YzYtNGYzNC04MDM3LTQ4MzNjNmFkNDM1ND9hcGktdmVyc2lvbj0yMDIyLTA5LTA0",
      "RequestMethod": "GET",
      "RequestBody": "",
      "RequestHeaders": {
        "User-Agent": [
          "FxVersion/4.700.22.51102",
          "OSName/Windows",
          "OSVersion/Microsoft.Windows.10.0.22621",
          "Microsoft.Azure.Management.Compute.ComputeManagementClient/59.0.0"
        ]
      },
      "ResponseHeaders": {
        "Cache-Control": [
          "no-cache"
        ],
        "Pragma": [
          "no-cache"
        ],
        "Strict-Transport-Security": [
          "max-age=31536000; includeSubDomains"
        ],
        "x-ms-served-by": [
          "1458b69a-160b-4728-85b0-1fcd050989ae_133101163193071207"
        ],
        "x-ms-request-id": [
          "66b3c753-7716-4a73-8448-3898a86fd00f"
        ],
        "Server": [
          "Microsoft-HTTPAPI/2.0",
          "Microsoft-HTTPAPI/2.0"
        ],
        "x-ms-ratelimit-remaining-subscription-reads": [
          "11995"
        ],
        "x-ms-correlation-request-id": [
          "fcd9844d-bde0-44db-802e-cb53a87635df"
        ],
        "x-ms-routing-request-id": [
          "WESTUS2:20221114T204349Z:fcd9844d-bde0-44db-802e-cb53a87635df"
        ],
        "X-Content-Type-Options": [
          "nosniff"
        ],
        "Date": [
          "Mon, 14 Nov 2022 20:43:48 GMT"
        ],
        "Content-Length": [
          "134"
        ],
        "Content-Type": [
          "application/json; charset=utf-8"
        ],
        "Expires": [
          "-1"
        ]
      },
      "ResponseBody": "{\r\n  \"startTime\": \"2022-11-14T12:42:47.4917167-08:00\",\r\n  \"status\": \"InProgress\",\r\n  \"name\": \"82cd94fc-16c6-4f34-8037-4833c6ad4354\"\r\n}",
      "StatusCode": 200
    },
    {
      "RequestUri": "/subscriptions/850f02f7-e14c-4fb7-905d-7b98bcae9c7f/providers/Microsoft.Compute/locations/eastus2euap/CsOperations/82cd94fc-16c6-4f34-8037-4833c6ad4354?api-version=2022-09-04",
      "EncodedRequestUri": "L3N1YnNjcmlwdGlvbnMvODUwZjAyZjctZTE0Yy00ZmI3LTkwNWQtN2I5OGJjYWU5YzdmL3Byb3ZpZGVycy9NaWNyb3NvZnQuQ29tcHV0ZS9sb2NhdGlvbnMvZWFzdHVzMmV1YXAvQ3NPcGVyYXRpb25zLzgyY2Q5NGZjLTE2YzYtNGYzNC04MDM3LTQ4MzNjNmFkNDM1ND9hcGktdmVyc2lvbj0yMDIyLTA5LTA0",
      "RequestMethod": "GET",
      "RequestBody": "",
      "RequestHeaders": {
        "User-Agent": [
          "FxVersion/4.700.22.51102",
          "OSName/Windows",
          "OSVersion/Microsoft.Windows.10.0.22621",
          "Microsoft.Azure.Management.Compute.ComputeManagementClient/59.0.0"
        ]
      },
      "ResponseHeaders": {
        "Cache-Control": [
          "no-cache"
        ],
        "Pragma": [
          "no-cache"
        ],
        "Strict-Transport-Security": [
          "max-age=31536000; includeSubDomains"
        ],
        "x-ms-served-by": [
          "1458b69a-160b-4728-85b0-1fcd050989ae_133101163193071207"
        ],
        "x-ms-request-id": [
          "ffd3d2bc-1149-4e16-bebb-02317d25f19a"
        ],
        "Server": [
          "Microsoft-HTTPAPI/2.0",
          "Microsoft-HTTPAPI/2.0"
        ],
        "x-ms-ratelimit-remaining-subscription-reads": [
          "11994"
        ],
        "x-ms-correlation-request-id": [
          "3d75d510-3701-4fca-ad71-2d698ff914ab"
        ],
        "x-ms-routing-request-id": [
          "WESTUS2:20221114T204419Z:3d75d510-3701-4fca-ad71-2d698ff914ab"
        ],
        "X-Content-Type-Options": [
          "nosniff"
        ],
        "Date": [
          "Mon, 14 Nov 2022 20:44:18 GMT"
        ],
        "Content-Length": [
          "134"
        ],
        "Content-Type": [
          "application/json; charset=utf-8"
        ],
        "Expires": [
          "-1"
        ]
      },
      "ResponseBody": "{\r\n  \"startTime\": \"2022-11-14T12:42:47.4917167-08:00\",\r\n  \"status\": \"InProgress\",\r\n  \"name\": \"82cd94fc-16c6-4f34-8037-4833c6ad4354\"\r\n}",
      "StatusCode": 200
    },
    {
      "RequestUri": "/subscriptions/850f02f7-e14c-4fb7-905d-7b98bcae9c7f/providers/Microsoft.Compute/locations/eastus2euap/CsOperations/82cd94fc-16c6-4f34-8037-4833c6ad4354?api-version=2022-09-04",
      "EncodedRequestUri": "L3N1YnNjcmlwdGlvbnMvODUwZjAyZjctZTE0Yy00ZmI3LTkwNWQtN2I5OGJjYWU5YzdmL3Byb3ZpZGVycy9NaWNyb3NvZnQuQ29tcHV0ZS9sb2NhdGlvbnMvZWFzdHVzMmV1YXAvQ3NPcGVyYXRpb25zLzgyY2Q5NGZjLTE2YzYtNGYzNC04MDM3LTQ4MzNjNmFkNDM1ND9hcGktdmVyc2lvbj0yMDIyLTA5LTA0",
      "RequestMethod": "GET",
      "RequestBody": "",
      "RequestHeaders": {
        "User-Agent": [
          "FxVersion/4.700.22.51102",
          "OSName/Windows",
          "OSVersion/Microsoft.Windows.10.0.22621",
          "Microsoft.Azure.Management.Compute.ComputeManagementClient/59.0.0"
        ]
      },
      "ResponseHeaders": {
        "Cache-Control": [
          "no-cache"
        ],
        "Pragma": [
          "no-cache"
        ],
        "Strict-Transport-Security": [
          "max-age=31536000; includeSubDomains"
        ],
        "x-ms-served-by": [
          "1458b69a-160b-4728-85b0-1fcd050989ae_133101163193071207"
        ],
        "x-ms-request-id": [
          "d6180eaf-8287-4006-9450-293eee9adfe7"
        ],
        "Server": [
          "Microsoft-HTTPAPI/2.0",
          "Microsoft-HTTPAPI/2.0"
        ],
        "x-ms-ratelimit-remaining-subscription-reads": [
          "11993"
        ],
        "x-ms-correlation-request-id": [
          "e8b9e27e-f630-4001-9c26-ea469524b9ba"
        ],
        "x-ms-routing-request-id": [
          "WESTUS2:20221114T204449Z:e8b9e27e-f630-4001-9c26-ea469524b9ba"
        ],
        "X-Content-Type-Options": [
          "nosniff"
        ],
        "Date": [
          "Mon, 14 Nov 2022 20:44:48 GMT"
        ],
        "Content-Length": [
          "134"
        ],
        "Content-Type": [
          "application/json; charset=utf-8"
        ],
        "Expires": [
          "-1"
        ]
      },
      "ResponseBody": "{\r\n  \"startTime\": \"2022-11-14T12:42:47.4917167-08:00\",\r\n  \"status\": \"InProgress\",\r\n  \"name\": \"82cd94fc-16c6-4f34-8037-4833c6ad4354\"\r\n}",
      "StatusCode": 200
    },
    {
      "RequestUri": "/subscriptions/850f02f7-e14c-4fb7-905d-7b98bcae9c7f/providers/Microsoft.Compute/locations/eastus2euap/CsOperations/82cd94fc-16c6-4f34-8037-4833c6ad4354?api-version=2022-09-04",
      "EncodedRequestUri": "L3N1YnNjcmlwdGlvbnMvODUwZjAyZjctZTE0Yy00ZmI3LTkwNWQtN2I5OGJjYWU5YzdmL3Byb3ZpZGVycy9NaWNyb3NvZnQuQ29tcHV0ZS9sb2NhdGlvbnMvZWFzdHVzMmV1YXAvQ3NPcGVyYXRpb25zLzgyY2Q5NGZjLTE2YzYtNGYzNC04MDM3LTQ4MzNjNmFkNDM1ND9hcGktdmVyc2lvbj0yMDIyLTA5LTA0",
      "RequestMethod": "GET",
      "RequestBody": "",
      "RequestHeaders": {
        "User-Agent": [
          "FxVersion/4.700.22.51102",
          "OSName/Windows",
          "OSVersion/Microsoft.Windows.10.0.22621",
          "Microsoft.Azure.Management.Compute.ComputeManagementClient/59.0.0"
        ]
      },
      "ResponseHeaders": {
        "Cache-Control": [
          "no-cache"
        ],
        "Pragma": [
          "no-cache"
        ],
        "Strict-Transport-Security": [
          "max-age=31536000; includeSubDomains"
        ],
        "x-ms-served-by": [
          "1458b69a-160b-4728-85b0-1fcd050989ae_133101163193071207"
        ],
        "x-ms-request-id": [
          "26b30b82-4b29-4b6c-9032-0d4968daaf42"
        ],
        "Server": [
          "Microsoft-HTTPAPI/2.0",
          "Microsoft-HTTPAPI/2.0"
        ],
        "x-ms-ratelimit-remaining-subscription-reads": [
          "11992"
        ],
        "x-ms-correlation-request-id": [
          "b962fb9f-2f14-4a58-b3e1-62e37a95668a"
        ],
        "x-ms-routing-request-id": [
          "WESTUS2:20221114T204519Z:b962fb9f-2f14-4a58-b3e1-62e37a95668a"
        ],
        "X-Content-Type-Options": [
          "nosniff"
        ],
        "Date": [
          "Mon, 14 Nov 2022 20:45:19 GMT"
        ],
        "Content-Length": [
          "134"
        ],
        "Content-Type": [
          "application/json; charset=utf-8"
        ],
        "Expires": [
          "-1"
        ]
      },
      "ResponseBody": "{\r\n  \"startTime\": \"2022-11-14T12:42:47.4917167-08:00\",\r\n  \"status\": \"InProgress\",\r\n  \"name\": \"82cd94fc-16c6-4f34-8037-4833c6ad4354\"\r\n}",
      "StatusCode": 200
    },
    {
      "RequestUri": "/subscriptions/850f02f7-e14c-4fb7-905d-7b98bcae9c7f/providers/Microsoft.Compute/locations/eastus2euap/CsOperations/82cd94fc-16c6-4f34-8037-4833c6ad4354?api-version=2022-09-04",
      "EncodedRequestUri": "L3N1YnNjcmlwdGlvbnMvODUwZjAyZjctZTE0Yy00ZmI3LTkwNWQtN2I5OGJjYWU5YzdmL3Byb3ZpZGVycy9NaWNyb3NvZnQuQ29tcHV0ZS9sb2NhdGlvbnMvZWFzdHVzMmV1YXAvQ3NPcGVyYXRpb25zLzgyY2Q5NGZjLTE2YzYtNGYzNC04MDM3LTQ4MzNjNmFkNDM1ND9hcGktdmVyc2lvbj0yMDIyLTA5LTA0",
      "RequestMethod": "GET",
      "RequestBody": "",
      "RequestHeaders": {
        "User-Agent": [
          "FxVersion/4.700.22.51102",
          "OSName/Windows",
          "OSVersion/Microsoft.Windows.10.0.22621",
          "Microsoft.Azure.Management.Compute.ComputeManagementClient/59.0.0"
        ]
      },
      "ResponseHeaders": {
        "Cache-Control": [
          "no-cache"
        ],
        "Pragma": [
          "no-cache"
        ],
        "Strict-Transport-Security": [
          "max-age=31536000; includeSubDomains"
        ],
        "x-ms-served-by": [
          "1458b69a-160b-4728-85b0-1fcd050989ae_133101163193071207"
        ],
        "x-ms-request-id": [
          "bfa1db3a-d65c-49b1-950a-7a16170a615c"
        ],
        "Server": [
          "Microsoft-HTTPAPI/2.0",
          "Microsoft-HTTPAPI/2.0"
        ],
        "x-ms-ratelimit-remaining-subscription-reads": [
          "11991"
        ],
        "x-ms-correlation-request-id": [
          "8472165c-65fd-4988-ab9e-e64308a6c587"
        ],
        "x-ms-routing-request-id": [
          "WESTUS2:20221114T204549Z:8472165c-65fd-4988-ab9e-e64308a6c587"
        ],
        "X-Content-Type-Options": [
          "nosniff"
        ],
        "Date": [
          "Mon, 14 Nov 2022 20:45:49 GMT"
        ],
        "Content-Length": [
          "134"
        ],
        "Content-Type": [
          "application/json; charset=utf-8"
        ],
        "Expires": [
          "-1"
        ]
      },
      "ResponseBody": "{\r\n  \"startTime\": \"2022-11-14T12:42:47.4917167-08:00\",\r\n  \"status\": \"InProgress\",\r\n  \"name\": \"82cd94fc-16c6-4f34-8037-4833c6ad4354\"\r\n}",
      "StatusCode": 200
    },
    {
      "RequestUri": "/subscriptions/850f02f7-e14c-4fb7-905d-7b98bcae9c7f/providers/Microsoft.Compute/locations/eastus2euap/CsOperations/82cd94fc-16c6-4f34-8037-4833c6ad4354?api-version=2022-09-04",
      "EncodedRequestUri": "L3N1YnNjcmlwdGlvbnMvODUwZjAyZjctZTE0Yy00ZmI3LTkwNWQtN2I5OGJjYWU5YzdmL3Byb3ZpZGVycy9NaWNyb3NvZnQuQ29tcHV0ZS9sb2NhdGlvbnMvZWFzdHVzMmV1YXAvQ3NPcGVyYXRpb25zLzgyY2Q5NGZjLTE2YzYtNGYzNC04MDM3LTQ4MzNjNmFkNDM1ND9hcGktdmVyc2lvbj0yMDIyLTA5LTA0",
      "RequestMethod": "GET",
      "RequestBody": "",
      "RequestHeaders": {
        "User-Agent": [
          "FxVersion/4.700.22.51102",
          "OSName/Windows",
          "OSVersion/Microsoft.Windows.10.0.22621",
          "Microsoft.Azure.Management.Compute.ComputeManagementClient/59.0.0"
        ]
      },
      "ResponseHeaders": {
        "Cache-Control": [
          "no-cache"
        ],
        "Pragma": [
          "no-cache"
        ],
        "Strict-Transport-Security": [
          "max-age=31536000; includeSubDomains"
        ],
        "x-ms-served-by": [
          "1458b69a-160b-4728-85b0-1fcd050989ae_133101163193071207"
        ],
        "x-ms-request-id": [
          "84107a88-b661-4471-9a54-9f455a9843d1"
        ],
        "Server": [
          "Microsoft-HTTPAPI/2.0",
          "Microsoft-HTTPAPI/2.0"
        ],
        "x-ms-ratelimit-remaining-subscription-reads": [
          "11990"
        ],
        "x-ms-correlation-request-id": [
          "8803a6bd-3648-4318-ab5a-45953f344389"
        ],
        "x-ms-routing-request-id": [
          "WESTUS2:20221114T204619Z:8803a6bd-3648-4318-ab5a-45953f344389"
        ],
        "X-Content-Type-Options": [
          "nosniff"
        ],
        "Date": [
          "Mon, 14 Nov 2022 20:46:19 GMT"
        ],
        "Content-Length": [
          "134"
        ],
        "Content-Type": [
          "application/json; charset=utf-8"
        ],
        "Expires": [
          "-1"
        ]
      },
      "ResponseBody": "{\r\n  \"startTime\": \"2022-11-14T12:42:47.4917167-08:00\",\r\n  \"status\": \"InProgress\",\r\n  \"name\": \"82cd94fc-16c6-4f34-8037-4833c6ad4354\"\r\n}",
      "StatusCode": 200
    },
    {
      "RequestUri": "/subscriptions/850f02f7-e14c-4fb7-905d-7b98bcae9c7f/providers/Microsoft.Compute/locations/eastus2euap/CsOperations/82cd94fc-16c6-4f34-8037-4833c6ad4354?api-version=2022-09-04",
      "EncodedRequestUri": "L3N1YnNjcmlwdGlvbnMvODUwZjAyZjctZTE0Yy00ZmI3LTkwNWQtN2I5OGJjYWU5YzdmL3Byb3ZpZGVycy9NaWNyb3NvZnQuQ29tcHV0ZS9sb2NhdGlvbnMvZWFzdHVzMmV1YXAvQ3NPcGVyYXRpb25zLzgyY2Q5NGZjLTE2YzYtNGYzNC04MDM3LTQ4MzNjNmFkNDM1ND9hcGktdmVyc2lvbj0yMDIyLTA5LTA0",
      "RequestMethod": "GET",
      "RequestBody": "",
      "RequestHeaders": {
        "User-Agent": [
          "FxVersion/4.700.22.51102",
          "OSName/Windows",
          "OSVersion/Microsoft.Windows.10.0.22621",
          "Microsoft.Azure.Management.Compute.ComputeManagementClient/59.0.0"
        ]
      },
      "ResponseHeaders": {
        "Cache-Control": [
          "no-cache"
        ],
        "Pragma": [
          "no-cache"
        ],
        "Strict-Transport-Security": [
          "max-age=31536000; includeSubDomains"
        ],
        "x-ms-served-by": [
          "1458b69a-160b-4728-85b0-1fcd050989ae_133101163193071207"
        ],
        "x-ms-request-id": [
          "2578806a-6ec6-4cec-943d-73ebdf9de2cd"
        ],
        "Server": [
          "Microsoft-HTTPAPI/2.0",
          "Microsoft-HTTPAPI/2.0"
        ],
        "x-ms-ratelimit-remaining-subscription-reads": [
          "11989"
        ],
        "x-ms-correlation-request-id": [
          "032a0bfc-8a1e-485a-9671-d83fc379a3b5"
        ],
        "x-ms-routing-request-id": [
          "WESTUS2:20221114T204649Z:032a0bfc-8a1e-485a-9671-d83fc379a3b5"
        ],
        "X-Content-Type-Options": [
          "nosniff"
        ],
        "Date": [
          "Mon, 14 Nov 2022 20:46:49 GMT"
        ],
        "Content-Length": [
          "134"
        ],
        "Content-Type": [
          "application/json; charset=utf-8"
        ],
        "Expires": [
          "-1"
        ]
      },
      "ResponseBody": "{\r\n  \"startTime\": \"2022-11-14T12:42:47.4917167-08:00\",\r\n  \"status\": \"InProgress\",\r\n  \"name\": \"82cd94fc-16c6-4f34-8037-4833c6ad4354\"\r\n}",
      "StatusCode": 200
    },
    {
      "RequestUri": "/subscriptions/850f02f7-e14c-4fb7-905d-7b98bcae9c7f/providers/Microsoft.Compute/locations/eastus2euap/CsOperations/82cd94fc-16c6-4f34-8037-4833c6ad4354?api-version=2022-09-04",
      "EncodedRequestUri": "L3N1YnNjcmlwdGlvbnMvODUwZjAyZjctZTE0Yy00ZmI3LTkwNWQtN2I5OGJjYWU5YzdmL3Byb3ZpZGVycy9NaWNyb3NvZnQuQ29tcHV0ZS9sb2NhdGlvbnMvZWFzdHVzMmV1YXAvQ3NPcGVyYXRpb25zLzgyY2Q5NGZjLTE2YzYtNGYzNC04MDM3LTQ4MzNjNmFkNDM1ND9hcGktdmVyc2lvbj0yMDIyLTA5LTA0",
      "RequestMethod": "GET",
      "RequestBody": "",
      "RequestHeaders": {
        "User-Agent": [
          "FxVersion/4.700.22.51102",
          "OSName/Windows",
          "OSVersion/Microsoft.Windows.10.0.22621",
          "Microsoft.Azure.Management.Compute.ComputeManagementClient/59.0.0"
        ]
      },
      "ResponseHeaders": {
        "Cache-Control": [
          "no-cache"
        ],
        "Pragma": [
          "no-cache"
        ],
        "Strict-Transport-Security": [
          "max-age=31536000; includeSubDomains"
        ],
        "x-ms-served-by": [
          "1458b69a-160b-4728-85b0-1fcd050989ae_133101163193071207"
        ],
        "x-ms-request-id": [
          "10ba286c-afeb-41b0-9b8a-101978d6d26d"
        ],
        "Server": [
          "Microsoft-HTTPAPI/2.0",
          "Microsoft-HTTPAPI/2.0"
        ],
        "x-ms-ratelimit-remaining-subscription-reads": [
          "11988"
        ],
        "x-ms-correlation-request-id": [
          "feaa0fb8-fee1-41a8-8db5-f11b8fa84277"
        ],
        "x-ms-routing-request-id": [
          "WESTUS2:20221114T204720Z:feaa0fb8-fee1-41a8-8db5-f11b8fa84277"
        ],
        "X-Content-Type-Options": [
          "nosniff"
        ],
        "Date": [
          "Mon, 14 Nov 2022 20:47:19 GMT"
        ],
        "Content-Length": [
          "134"
        ],
        "Content-Type": [
          "application/json; charset=utf-8"
        ],
        "Expires": [
          "-1"
        ]
      },
      "ResponseBody": "{\r\n  \"startTime\": \"2022-11-14T12:42:47.4917167-08:00\",\r\n  \"status\": \"InProgress\",\r\n  \"name\": \"82cd94fc-16c6-4f34-8037-4833c6ad4354\"\r\n}",
      "StatusCode": 200
    },
    {
      "RequestUri": "/subscriptions/850f02f7-e14c-4fb7-905d-7b98bcae9c7f/providers/Microsoft.Compute/locations/eastus2euap/CsOperations/82cd94fc-16c6-4f34-8037-4833c6ad4354?api-version=2022-09-04",
      "EncodedRequestUri": "L3N1YnNjcmlwdGlvbnMvODUwZjAyZjctZTE0Yy00ZmI3LTkwNWQtN2I5OGJjYWU5YzdmL3Byb3ZpZGVycy9NaWNyb3NvZnQuQ29tcHV0ZS9sb2NhdGlvbnMvZWFzdHVzMmV1YXAvQ3NPcGVyYXRpb25zLzgyY2Q5NGZjLTE2YzYtNGYzNC04MDM3LTQ4MzNjNmFkNDM1ND9hcGktdmVyc2lvbj0yMDIyLTA5LTA0",
      "RequestMethod": "GET",
      "RequestBody": "",
      "RequestHeaders": {
        "User-Agent": [
          "FxVersion/4.700.22.51102",
          "OSName/Windows",
          "OSVersion/Microsoft.Windows.10.0.22621",
          "Microsoft.Azure.Management.Compute.ComputeManagementClient/59.0.0"
        ]
      },
      "ResponseHeaders": {
        "Cache-Control": [
          "no-cache"
        ],
        "Pragma": [
          "no-cache"
        ],
        "Strict-Transport-Security": [
          "max-age=31536000; includeSubDomains"
        ],
        "x-ms-served-by": [
          "1458b69a-160b-4728-85b0-1fcd050989ae_133101163193071207"
        ],
        "x-ms-request-id": [
          "0052843c-0161-4738-8c36-c90b34f21cda"
        ],
        "Server": [
          "Microsoft-HTTPAPI/2.0",
          "Microsoft-HTTPAPI/2.0"
        ],
        "x-ms-ratelimit-remaining-subscription-reads": [
          "11987"
        ],
        "x-ms-correlation-request-id": [
          "ed02d250-2fd4-4638-a41d-22835c78feb9"
        ],
        "x-ms-routing-request-id": [
          "WESTUS2:20221114T204750Z:ed02d250-2fd4-4638-a41d-22835c78feb9"
        ],
        "X-Content-Type-Options": [
          "nosniff"
        ],
        "Date": [
          "Mon, 14 Nov 2022 20:47:49 GMT"
        ],
        "Content-Length": [
          "134"
        ],
        "Content-Type": [
          "application/json; charset=utf-8"
        ],
        "Expires": [
          "-1"
        ]
      },
      "ResponseBody": "{\r\n  \"startTime\": \"2022-11-14T12:42:47.4917167-08:00\",\r\n  \"status\": \"InProgress\",\r\n  \"name\": \"82cd94fc-16c6-4f34-8037-4833c6ad4354\"\r\n}",
      "StatusCode": 200
    },
    {
      "RequestUri": "/subscriptions/850f02f7-e14c-4fb7-905d-7b98bcae9c7f/providers/Microsoft.Compute/locations/eastus2euap/CsOperations/82cd94fc-16c6-4f34-8037-4833c6ad4354?api-version=2022-09-04",
      "EncodedRequestUri": "L3N1YnNjcmlwdGlvbnMvODUwZjAyZjctZTE0Yy00ZmI3LTkwNWQtN2I5OGJjYWU5YzdmL3Byb3ZpZGVycy9NaWNyb3NvZnQuQ29tcHV0ZS9sb2NhdGlvbnMvZWFzdHVzMmV1YXAvQ3NPcGVyYXRpb25zLzgyY2Q5NGZjLTE2YzYtNGYzNC04MDM3LTQ4MzNjNmFkNDM1ND9hcGktdmVyc2lvbj0yMDIyLTA5LTA0",
      "RequestMethod": "GET",
      "RequestBody": "",
      "RequestHeaders": {
        "User-Agent": [
          "FxVersion/4.700.22.51102",
          "OSName/Windows",
          "OSVersion/Microsoft.Windows.10.0.22621",
          "Microsoft.Azure.Management.Compute.ComputeManagementClient/59.0.0"
        ]
      },
      "ResponseHeaders": {
        "Cache-Control": [
          "no-cache"
        ],
        "Pragma": [
          "no-cache"
        ],
        "Strict-Transport-Security": [
          "max-age=31536000; includeSubDomains"
        ],
        "x-ms-served-by": [
          "1458b69a-160b-4728-85b0-1fcd050989ae_133101163193071207"
        ],
        "x-ms-request-id": [
          "4cb87c1f-a99f-439b-954b-54a4976d9cce"
        ],
        "Server": [
          "Microsoft-HTTPAPI/2.0",
          "Microsoft-HTTPAPI/2.0"
        ],
        "x-ms-ratelimit-remaining-subscription-reads": [
          "11986"
        ],
        "x-ms-correlation-request-id": [
          "e84be8df-bdc7-404f-8687-c48ac9bab02b"
        ],
        "x-ms-routing-request-id": [
          "WESTUS2:20221114T204820Z:e84be8df-bdc7-404f-8687-c48ac9bab02b"
        ],
        "X-Content-Type-Options": [
          "nosniff"
        ],
        "Date": [
          "Mon, 14 Nov 2022 20:48:19 GMT"
        ],
        "Content-Length": [
          "184"
        ],
        "Content-Type": [
          "application/json; charset=utf-8"
        ],
        "Expires": [
          "-1"
        ]
      },
      "ResponseBody": "{\r\n  \"startTime\": \"2022-11-14T12:42:47.4917167-08:00\",\r\n  \"endTime\": \"2022-11-14T12:47:51.5557621-08:00\",\r\n  \"status\": \"Succeeded\",\r\n  \"name\": \"82cd94fc-16c6-4f34-8037-4833c6ad4354\"\r\n}",
      "StatusCode": 200
    },
    {
      "RequestUri": "/subscriptions/850f02f7-e14c-4fb7-905d-7b98bcae9c7f/resourceGroups/crptestar6706/providers/Microsoft.Compute/cloudServices/cs8687?api-version=2022-09-04",
      "EncodedRequestUri": "L3N1YnNjcmlwdGlvbnMvODUwZjAyZjctZTE0Yy00ZmI3LTkwNWQtN2I5OGJjYWU5YzdmL3Jlc291cmNlR3JvdXBzL2NycHRlc3RhcjY3MDYvcHJvdmlkZXJzL01pY3Jvc29mdC5Db21wdXRlL2Nsb3VkU2VydmljZXMvY3M4Njg3P2FwaS12ZXJzaW9uPTIwMjItMDktMDQ=",
      "RequestMethod": "GET",
      "RequestBody": "",
      "RequestHeaders": {
        "User-Agent": [
          "FxVersion/4.700.22.51102",
          "OSName/Windows",
          "OSVersion/Microsoft.Windows.10.0.22621",
          "Microsoft.Azure.Management.Compute.ComputeManagementClient/59.0.0"
        ]
      },
      "ResponseHeaders": {
        "Cache-Control": [
          "no-cache"
        ],
        "Pragma": [
          "no-cache"
        ],
        "x-ms-ratelimit-remaining-resource": [
          "Microsoft.Compute/GetCloudService3Min;994,Microsoft.Compute/GetCloudService30Min;4921,Microsoft.Compute/GetCloudService3Min;998,Microsoft.Compute/GetCloudService30Min;4971"
        ],
        "Strict-Transport-Security": [
          "max-age=31536000; includeSubDomains"
        ],
        "x-ms-request-id": [
          "ca1cd976-0fd7-4fd5-8045-920f05840a80"
        ],
        "Server": [
          "Microsoft-HTTPAPI/2.0,Microsoft-HTTPAPI/2.0 Microsoft-HTTPAPI/2.0 Microsoft-HTTPAPI/2.0"
        ],
        "x-ms-ratelimit-remaining-subscription-reads": [
          "11985"
        ],
        "x-ms-correlation-request-id": [
          "1e7b5516-58ab-45f8-b218-91e6acfd7f97"
        ],
        "x-ms-routing-request-id": [
          "WESTUS2:20221114T204820Z:1e7b5516-58ab-45f8-b218-91e6acfd7f97"
        ],
        "X-Content-Type-Options": [
          "nosniff"
        ],
        "Date": [
          "Mon, 14 Nov 2022 20:48:20 GMT"
        ],
        "Content-Length": [
          "3979"
        ],
        "Content-Type": [
          "application/json; charset=utf-8"
        ],
        "Expires": [
          "-1"
        ]
      },
      "ResponseBody": "{\r\n  \"name\": \"cs8687\",\r\n  \"id\": \"/subscriptions/850f02f7-e14c-4fb7-905d-7b98bcae9c7f/resourceGroups/CRPTESTAR6706/providers/Microsoft.Compute/cloudServices/cs8687\",\r\n  \"type\": \"Microsoft.Compute/cloudServices\",\r\n  \"location\": \"eastus2euap\",\r\n  \"properties\": {\r\n    \"configuration\": \"<?xml version=\\\"1.0\\\" encoding=\\\"utf-16\\\"?>\\r\\n<ServiceConfiguration xmlns:xsi=\\\"http://www.w3.org/2001/XMLSchema-instance\\\" xmlns:xsd=\\\"http://www.w3.org/2001/XMLSchema\\\" serviceName=\\\"TestCloudServiceMultiRole\\\" osFamily=\\\"5\\\" osVersion=\\\"*\\\" schemaVersion=\\\"2015-04.2.6\\\" xmlns=\\\"http://schemas.microsoft.com/ServiceHosting/2008/10/ServiceConfiguration\\\">\\r\\n  <Role name=\\\"WorkerRole1\\\">\\r\\n    <Instances count=\\\"1\\\" />\\r\\n    <ConfigurationSettings>\\r\\n      <Setting name=\\\"Microsoft.WindowsAzure.Plugins.Diagnostics.ConnectionString\\\" value=\\\"UseDevelopmentStorage=true\\\" />\\r\\n    </ConfigurationSettings>\\r\\n  </Role>\\r\\n  <Role name=\\\"WorkerRole2\\\">\\r\\n    <Instances count=\\\"1\\\" />\\r\\n    <ConfigurationSettings>\\r\\n      <Setting name=\\\"Microsoft.WindowsAzure.Plugins.Diagnostics.ConnectionString\\\" value=\\\"UseDevelopmentStorage=true\\\" />\\r\\n    </ConfigurationSettings>\\r\\n  </Role>\\r\\n  <Role name=\\\"WebRole1\\\">\\r\\n    <Instances count=\\\"2\\\" />\\r\\n    <ConfigurationSettings>\\r\\n      <Setting name=\\\"Microsoft.WindowsAzure.Plugins.Diagnostics.ConnectionString\\\" value=\\\"UseDevelopmentStorage=true\\\" />\\r\\n    </ConfigurationSettings>\\r\\n  </Role>\\r\\n  <NetworkConfiguration>\\r\\n    <VirtualNetworkSite name=\\\"csvnet5474\\\" />\\r\\n    <AddressAssignments>\\r\\n      <InstanceAddress roleName=\\\"WorkerRole1\\\">\\r\\n        <Subnets>\\r\\n          <Subnet name=\\\"subnet4045\\\" />\\r\\n        </Subnets>\\r\\n      </InstanceAddress>\\r\\n      <InstanceAddress roleName=\\\"WorkerRole2\\\">\\r\\n        <Subnets>\\r\\n          <Subnet name=\\\"subnet4045\\\" />\\r\\n        </Subnets>\\r\\n      </InstanceAddress>\\r\\n      <InstanceAddress roleName=\\\"WebRole1\\\">\\r\\n        <Subnets>\\r\\n          <Subnet name=\\\"subnet4045\\\" />\\r\\n        </Subnets>\\r\\n      </InstanceAddress>\\r\\n    </AddressAssignments>\\r\\n  </NetworkConfiguration>\\r\\n</ServiceConfiguration>\",\r\n    \"upgradeMode\": \"Auto\",\r\n    \"roleProfile\": {\r\n      \"roles\": [\r\n        {\r\n          \"name\": \"WebRole1\",\r\n          \"sku\": {\r\n            \"name\": \"Standard_A2_v2\",\r\n            \"tier\": \"Standard\",\r\n            \"capacity\": 2\r\n          }\r\n        },\r\n        {\r\n          \"name\": \"WorkerRole1\",\r\n          \"sku\": {\r\n            \"name\": \"Standard_D2_v2\",\r\n            \"tier\": \"Standard\",\r\n            \"capacity\": 1\r\n          }\r\n        },\r\n        {\r\n          \"name\": \"WorkerRole2\",\r\n          \"sku\": {\r\n            \"name\": \"Standard_D1_v2\",\r\n            \"tier\": \"Standard\",\r\n            \"capacity\": 1\r\n          }\r\n        }\r\n      ]\r\n    },\r\n    \"osProfile\": {\r\n      \"secrets\": []\r\n    },\r\n    \"networkProfile\": {\r\n      \"slotType\": \"Production\",\r\n      \"loadBalancerConfigurations\": [\r\n        {\r\n          \"name\": \"lb7632\",\r\n          \"properties\": {\r\n            \"frontendIpConfigurations\": [\r\n              {\r\n                \"name\": \"lbfe573\",\r\n                \"properties\": {\r\n                  \"publicIPAddress\": {\r\n                    \"id\": \"/subscriptions/850f02f7-e14c-4fb7-905d-7b98bcae9c7f/resourceGroups/crptestar6706/providers/Microsoft.Network/publicIPAddresses/cspip5167\"\r\n                  }\r\n                }\r\n              }\r\n            ]\r\n          }\r\n        }\r\n      ]\r\n    },\r\n    \"extensionProfile\": {\r\n      \"extensions\": [\r\n        {\r\n          \"name\": \"Microsoft.Azure.Geneva.GenevaMonitoringPaaS\",\r\n          \"properties\": {\r\n            \"autoUpgradeMinorVersion\": true,\r\n            \"provisioningState\": \"Succeeded\",\r\n            \"enableAutomaticUpgrade\": true,\r\n            \"rolesAppliedTo\": [\r\n              \"*\"\r\n            ],\r\n            \"publisher\": \"Microsoft.Azure.Geneva\",\r\n            \"type\": \"GenevaMonitoringPaaS\",\r\n            \"typeHandlerVersion\": \"2.37.0.3\",\r\n            \"settings\": {}\r\n          }\r\n        }\r\n      ]\r\n    },\r\n    \"provisioningState\": \"Succeeded\",\r\n    \"uniqueId\": \"67bb594d-3ab7-4263-a248-9be48d8edd16\"\r\n  },\r\n  \"systemData\": {\r\n    \"createdAt\": \"2022-11-14T20:42:47.4917167Z\",\r\n    \"lastModifiedAt\": \"2022-11-14T20:42:47.4917167Z\"\r\n  }\r\n}",
      "StatusCode": 200
    },
    {
      "RequestUri": "/subscriptions/850f02f7-e14c-4fb7-905d-7b98bcae9c7f/resourceGroups/crptestar6706/providers/Microsoft.Compute/cloudServices/cs8687?api-version=2022-09-04",
      "EncodedRequestUri": "L3N1YnNjcmlwdGlvbnMvODUwZjAyZjctZTE0Yy00ZmI3LTkwNWQtN2I5OGJjYWU5YzdmL3Jlc291cmNlR3JvdXBzL2NycHRlc3RhcjY3MDYvcHJvdmlkZXJzL01pY3Jvc29mdC5Db21wdXRlL2Nsb3VkU2VydmljZXMvY3M4Njg3P2FwaS12ZXJzaW9uPTIwMjItMDktMDQ=",
      "RequestMethod": "GET",
      "RequestBody": "",
      "RequestHeaders": {
        "x-ms-client-request-id": [
          "8f1e6f08-5eb9-4d41-83e3-a1c64a6158ec"
        ],
        "Accept-Language": [
          "en-US"
        ],
        "User-Agent": [
          "FxVersion/4.700.22.51102",
          "OSName/Windows",
          "OSVersion/Microsoft.Windows.10.0.22621",
          "Microsoft.Azure.Management.Compute.ComputeManagementClient/59.0.0"
        ]
      },
      "ResponseHeaders": {
        "Cache-Control": [
          "no-cache"
        ],
        "Pragma": [
          "no-cache"
        ],
        "x-ms-ratelimit-remaining-resource": [
          "Microsoft.Compute/GetCloudService3Min;993,Microsoft.Compute/GetCloudService30Min;4920,Microsoft.Compute/GetCloudService3Min;997,Microsoft.Compute/GetCloudService30Min;4970"
        ],
        "Strict-Transport-Security": [
          "max-age=31536000; includeSubDomains"
        ],
        "x-ms-request-id": [
          "7e978911-0cac-44b7-aec2-10e4d1d52cb5"
        ],
        "Server": [
          "Microsoft-HTTPAPI/2.0,Microsoft-HTTPAPI/2.0 Microsoft-HTTPAPI/2.0 Microsoft-HTTPAPI/2.0"
        ],
        "x-ms-ratelimit-remaining-subscription-reads": [
          "11984"
        ],
        "x-ms-correlation-request-id": [
          "97feea50-5b64-4fed-989b-8364741ac4c6"
        ],
        "x-ms-routing-request-id": [
          "WESTUS2:20221114T204820Z:97feea50-5b64-4fed-989b-8364741ac4c6"
        ],
        "X-Content-Type-Options": [
          "nosniff"
        ],
        "Date": [
          "Mon, 14 Nov 2022 20:48:20 GMT"
        ],
        "Content-Length": [
          "3979"
        ],
        "Content-Type": [
          "application/json; charset=utf-8"
        ],
        "Expires": [
          "-1"
        ]
      },
      "ResponseBody": "{\r\n  \"name\": \"cs8687\",\r\n  \"id\": \"/subscriptions/850f02f7-e14c-4fb7-905d-7b98bcae9c7f/resourceGroups/CRPTESTAR6706/providers/Microsoft.Compute/cloudServices/cs8687\",\r\n  \"type\": \"Microsoft.Compute/cloudServices\",\r\n  \"location\": \"eastus2euap\",\r\n  \"properties\": {\r\n    \"configuration\": \"<?xml version=\\\"1.0\\\" encoding=\\\"utf-16\\\"?>\\r\\n<ServiceConfiguration xmlns:xsi=\\\"http://www.w3.org/2001/XMLSchema-instance\\\" xmlns:xsd=\\\"http://www.w3.org/2001/XMLSchema\\\" serviceName=\\\"TestCloudServiceMultiRole\\\" osFamily=\\\"5\\\" osVersion=\\\"*\\\" schemaVersion=\\\"2015-04.2.6\\\" xmlns=\\\"http://schemas.microsoft.com/ServiceHosting/2008/10/ServiceConfiguration\\\">\\r\\n  <Role name=\\\"WorkerRole1\\\">\\r\\n    <Instances count=\\\"1\\\" />\\r\\n    <ConfigurationSettings>\\r\\n      <Setting name=\\\"Microsoft.WindowsAzure.Plugins.Diagnostics.ConnectionString\\\" value=\\\"UseDevelopmentStorage=true\\\" />\\r\\n    </ConfigurationSettings>\\r\\n  </Role>\\r\\n  <Role name=\\\"WorkerRole2\\\">\\r\\n    <Instances count=\\\"1\\\" />\\r\\n    <ConfigurationSettings>\\r\\n      <Setting name=\\\"Microsoft.WindowsAzure.Plugins.Diagnostics.ConnectionString\\\" value=\\\"UseDevelopmentStorage=true\\\" />\\r\\n    </ConfigurationSettings>\\r\\n  </Role>\\r\\n  <Role name=\\\"WebRole1\\\">\\r\\n    <Instances count=\\\"2\\\" />\\r\\n    <ConfigurationSettings>\\r\\n      <Setting name=\\\"Microsoft.WindowsAzure.Plugins.Diagnostics.ConnectionString\\\" value=\\\"UseDevelopmentStorage=true\\\" />\\r\\n    </ConfigurationSettings>\\r\\n  </Role>\\r\\n  <NetworkConfiguration>\\r\\n    <VirtualNetworkSite name=\\\"csvnet5474\\\" />\\r\\n    <AddressAssignments>\\r\\n      <InstanceAddress roleName=\\\"WorkerRole1\\\">\\r\\n        <Subnets>\\r\\n          <Subnet name=\\\"subnet4045\\\" />\\r\\n        </Subnets>\\r\\n      </InstanceAddress>\\r\\n      <InstanceAddress roleName=\\\"WorkerRole2\\\">\\r\\n        <Subnets>\\r\\n          <Subnet name=\\\"subnet4045\\\" />\\r\\n        </Subnets>\\r\\n      </InstanceAddress>\\r\\n      <InstanceAddress roleName=\\\"WebRole1\\\">\\r\\n        <Subnets>\\r\\n          <Subnet name=\\\"subnet4045\\\" />\\r\\n        </Subnets>\\r\\n      </InstanceAddress>\\r\\n    </AddressAssignments>\\r\\n  </NetworkConfiguration>\\r\\n</ServiceConfiguration>\",\r\n    \"upgradeMode\": \"Auto\",\r\n    \"roleProfile\": {\r\n      \"roles\": [\r\n        {\r\n          \"name\": \"WebRole1\",\r\n          \"sku\": {\r\n            \"name\": \"Standard_A2_v2\",\r\n            \"tier\": \"Standard\",\r\n            \"capacity\": 2\r\n          }\r\n        },\r\n        {\r\n          \"name\": \"WorkerRole1\",\r\n          \"sku\": {\r\n            \"name\": \"Standard_D2_v2\",\r\n            \"tier\": \"Standard\",\r\n            \"capacity\": 1\r\n          }\r\n        },\r\n        {\r\n          \"name\": \"WorkerRole2\",\r\n          \"sku\": {\r\n            \"name\": \"Standard_D1_v2\",\r\n            \"tier\": \"Standard\",\r\n            \"capacity\": 1\r\n          }\r\n        }\r\n      ]\r\n    },\r\n    \"osProfile\": {\r\n      \"secrets\": []\r\n    },\r\n    \"networkProfile\": {\r\n      \"slotType\": \"Production\",\r\n      \"loadBalancerConfigurations\": [\r\n        {\r\n          \"name\": \"lb7632\",\r\n          \"properties\": {\r\n            \"frontendIpConfigurations\": [\r\n              {\r\n                \"name\": \"lbfe573\",\r\n                \"properties\": {\r\n                  \"publicIPAddress\": {\r\n                    \"id\": \"/subscriptions/850f02f7-e14c-4fb7-905d-7b98bcae9c7f/resourceGroups/crptestar6706/providers/Microsoft.Network/publicIPAddresses/cspip5167\"\r\n                  }\r\n                }\r\n              }\r\n            ]\r\n          }\r\n        }\r\n      ]\r\n    },\r\n    \"extensionProfile\": {\r\n      \"extensions\": [\r\n        {\r\n          \"name\": \"Microsoft.Azure.Geneva.GenevaMonitoringPaaS\",\r\n          \"properties\": {\r\n            \"autoUpgradeMinorVersion\": true,\r\n            \"provisioningState\": \"Succeeded\",\r\n            \"enableAutomaticUpgrade\": true,\r\n            \"rolesAppliedTo\": [\r\n              \"*\"\r\n            ],\r\n            \"publisher\": \"Microsoft.Azure.Geneva\",\r\n            \"type\": \"GenevaMonitoringPaaS\",\r\n            \"typeHandlerVersion\": \"2.37.0.3\",\r\n            \"settings\": {}\r\n          }\r\n        }\r\n      ]\r\n    },\r\n    \"provisioningState\": \"Succeeded\",\r\n    \"uniqueId\": \"67bb594d-3ab7-4263-a248-9be48d8edd16\"\r\n  },\r\n  \"systemData\": {\r\n    \"createdAt\": \"2022-11-14T20:42:47.4917167Z\",\r\n    \"lastModifiedAt\": \"2022-11-14T20:42:47.4917167Z\"\r\n  }\r\n}",
      "StatusCode": 200
    },
    {
      "RequestUri": "/subscriptions/850f02f7-e14c-4fb7-905d-7b98bcae9c7f/resourceGroups/crptestar6706/providers/Microsoft.Compute/cloudServices/cs8687?api-version=2022-09-04",
      "EncodedRequestUri": "L3N1YnNjcmlwdGlvbnMvODUwZjAyZjctZTE0Yy00ZmI3LTkwNWQtN2I5OGJjYWU5YzdmL3Jlc291cmNlR3JvdXBzL2NycHRlc3RhcjY3MDYvcHJvdmlkZXJzL01pY3Jvc29mdC5Db21wdXRlL2Nsb3VkU2VydmljZXMvY3M4Njg3P2FwaS12ZXJzaW9uPTIwMjItMDktMDQ=",
      "RequestMethod": "DELETE",
      "RequestBody": "",
      "RequestHeaders": {
        "x-ms-client-request-id": [
          "63fb3feb-cc86-4891-ba7c-bde3beb8087b"
        ],
        "Accept-Language": [
          "en-US"
        ],
        "User-Agent": [
          "FxVersion/4.700.22.51102",
          "OSName/Windows",
          "OSVersion/Microsoft.Windows.10.0.22621",
          "Microsoft.Azure.Management.Compute.ComputeManagementClient/59.0.0"
        ]
      },
      "ResponseHeaders": {
        "Cache-Control": [
          "no-cache"
        ],
        "Pragma": [
          "no-cache"
        ],
        "Location": [
          "https://management.azure.com/subscriptions/850f02f7-e14c-4fb7-905d-7b98bcae9c7f/providers/Microsoft.Compute/locations/eastus2euap/CsOperations/1b6c7f62-587a-4161-b562-8fe9cbca7d53?monitor=true&api-version=2022-09-04"
        ],
        "Azure-AsyncOperation": [
          "https://management.azure.com/subscriptions/850f02f7-e14c-4fb7-905d-7b98bcae9c7f/providers/Microsoft.Compute/locations/eastus2euap/CsOperations/1b6c7f62-587a-4161-b562-8fe9cbca7d53?api-version=2022-09-04"
        ],
        "x-ms-ratelimit-remaining-resource": [
          "Microsoft.Compute/CreateUpdateDeleteCloudServiceOperations30Min;291,Microsoft.Compute/CreateUpdateDeleteCloudServiceOperations30Min;291"
        ],
        "Strict-Transport-Security": [
          "max-age=31536000; includeSubDomains"
        ],
        "x-ms-request-id": [
          "1b6c7f62-587a-4161-b562-8fe9cbca7d53"
        ],
        "Server": [
          "Microsoft-HTTPAPI/2.0,Microsoft-HTTPAPI/2.0 Microsoft-HTTPAPI/2.0 Microsoft-HTTPAPI/2.0"
        ],
        "x-ms-ratelimit-remaining-subscription-deletes": [
          "14999"
        ],
        "x-ms-correlation-request-id": [
          "603092bb-5248-4db7-9158-6da2cd296244"
        ],
        "x-ms-routing-request-id": [
          "WESTUS2:20221114T204821Z:603092bb-5248-4db7-9158-6da2cd296244"
        ],
        "X-Content-Type-Options": [
          "nosniff"
        ],
        "Date": [
          "Mon, 14 Nov 2022 20:48:20 GMT"
        ],
        "Expires": [
          "-1"
        ],
        "Content-Length": [
          "0"
        ]
      },
      "ResponseBody": "",
      "StatusCode": 202
    },
    {
      "RequestUri": "/subscriptions/850f02f7-e14c-4fb7-905d-7b98bcae9c7f/providers/Microsoft.Compute/locations/eastus2euap/CsOperations/1b6c7f62-587a-4161-b562-8fe9cbca7d53?api-version=2022-09-04",
      "EncodedRequestUri": "L3N1YnNjcmlwdGlvbnMvODUwZjAyZjctZTE0Yy00ZmI3LTkwNWQtN2I5OGJjYWU5YzdmL3Byb3ZpZGVycy9NaWNyb3NvZnQuQ29tcHV0ZS9sb2NhdGlvbnMvZWFzdHVzMmV1YXAvQ3NPcGVyYXRpb25zLzFiNmM3ZjYyLTU4N2EtNDE2MS1iNTYyLThmZTljYmNhN2Q1Mz9hcGktdmVyc2lvbj0yMDIyLTA5LTA0",
      "RequestMethod": "GET",
      "RequestBody": "",
      "RequestHeaders": {
        "User-Agent": [
          "FxVersion/4.700.22.51102",
          "OSName/Windows",
          "OSVersion/Microsoft.Windows.10.0.22621",
          "Microsoft.Azure.Management.Compute.ComputeManagementClient/59.0.0"
        ]
      },
      "ResponseHeaders": {
        "Cache-Control": [
          "no-cache"
        ],
        "Pragma": [
          "no-cache"
        ],
        "Strict-Transport-Security": [
          "max-age=31536000; includeSubDomains"
        ],
        "x-ms-served-by": [
          "1458b69a-160b-4728-85b0-1fcd050989ae_133101163193071207"
        ],
        "x-ms-request-id": [
          "edcd40a7-7e3f-48c3-8491-c4162b7b39c6"
        ],
        "Server": [
          "Microsoft-HTTPAPI/2.0",
          "Microsoft-HTTPAPI/2.0"
        ],
        "x-ms-ratelimit-remaining-subscription-reads": [
          "11983"
        ],
        "x-ms-correlation-request-id": [
          "9d185d67-8c2d-49b3-928e-fb6b037e16d4"
        ],
        "x-ms-routing-request-id": [
          "WESTUS2:20221114T204851Z:9d185d67-8c2d-49b3-928e-fb6b037e16d4"
        ],
        "X-Content-Type-Options": [
          "nosniff"
        ],
        "Date": [
          "Mon, 14 Nov 2022 20:48:50 GMT"
        ],
        "Content-Length": [
          "134"
        ],
        "Content-Type": [
          "application/json; charset=utf-8"
        ],
        "Expires": [
          "-1"
        ]
      },
      "ResponseBody": "{\r\n  \"startTime\": \"2022-11-14T12:48:21.2434545-08:00\",\r\n  \"status\": \"InProgress\",\r\n  \"name\": \"1b6c7f62-587a-4161-b562-8fe9cbca7d53\"\r\n}",
      "StatusCode": 200
    },
    {
      "RequestUri": "/subscriptions/850f02f7-e14c-4fb7-905d-7b98bcae9c7f/providers/Microsoft.Compute/locations/eastus2euap/CsOperations/1b6c7f62-587a-4161-b562-8fe9cbca7d53?api-version=2022-09-04",
      "EncodedRequestUri": "L3N1YnNjcmlwdGlvbnMvODUwZjAyZjctZTE0Yy00ZmI3LTkwNWQtN2I5OGJjYWU5YzdmL3Byb3ZpZGVycy9NaWNyb3NvZnQuQ29tcHV0ZS9sb2NhdGlvbnMvZWFzdHVzMmV1YXAvQ3NPcGVyYXRpb25zLzFiNmM3ZjYyLTU4N2EtNDE2MS1iNTYyLThmZTljYmNhN2Q1Mz9hcGktdmVyc2lvbj0yMDIyLTA5LTA0",
      "RequestMethod": "GET",
      "RequestBody": "",
      "RequestHeaders": {
        "User-Agent": [
          "FxVersion/4.700.22.51102",
          "OSName/Windows",
          "OSVersion/Microsoft.Windows.10.0.22621",
          "Microsoft.Azure.Management.Compute.ComputeManagementClient/59.0.0"
        ]
      },
      "ResponseHeaders": {
        "Cache-Control": [
          "no-cache"
        ],
        "Pragma": [
          "no-cache"
        ],
        "Strict-Transport-Security": [
          "max-age=31536000; includeSubDomains"
        ],
        "x-ms-served-by": [
          "1458b69a-160b-4728-85b0-1fcd050989ae_133101163193071207"
        ],
        "x-ms-request-id": [
          "5be25525-44e8-4a8c-a159-d0ea1ff0e25b"
        ],
        "x-ms-ratelimit-remaining-subscription-reads": [
          "11982"
        ],
        "Server": [
          "Microsoft-HTTPAPI/2.0",
          "Microsoft-HTTPAPI/2.0"
        ],
        "x-ms-correlation-request-id": [
          "7b0457a4-65e8-4db2-a8cb-d11d4ff447f0"
        ],
        "x-ms-routing-request-id": [
          "WESTUS2:20221114T204921Z:7b0457a4-65e8-4db2-a8cb-d11d4ff447f0"
        ],
        "X-Content-Type-Options": [
          "nosniff"
        ],
        "Date": [
          "Mon, 14 Nov 2022 20:49:20 GMT"
        ],
        "Content-Length": [
          "134"
        ],
        "Content-Type": [
          "application/json; charset=utf-8"
        ],
        "Expires": [
          "-1"
        ]
      },
      "ResponseBody": "{\r\n  \"startTime\": \"2022-11-14T12:48:21.2434545-08:00\",\r\n  \"status\": \"InProgress\",\r\n  \"name\": \"1b6c7f62-587a-4161-b562-8fe9cbca7d53\"\r\n}",
      "StatusCode": 200
    },
    {
      "RequestUri": "/subscriptions/850f02f7-e14c-4fb7-905d-7b98bcae9c7f/providers/Microsoft.Compute/locations/eastus2euap/CsOperations/1b6c7f62-587a-4161-b562-8fe9cbca7d53?api-version=2022-09-04",
      "EncodedRequestUri": "L3N1YnNjcmlwdGlvbnMvODUwZjAyZjctZTE0Yy00ZmI3LTkwNWQtN2I5OGJjYWU5YzdmL3Byb3ZpZGVycy9NaWNyb3NvZnQuQ29tcHV0ZS9sb2NhdGlvbnMvZWFzdHVzMmV1YXAvQ3NPcGVyYXRpb25zLzFiNmM3ZjYyLTU4N2EtNDE2MS1iNTYyLThmZTljYmNhN2Q1Mz9hcGktdmVyc2lvbj0yMDIyLTA5LTA0",
      "RequestMethod": "GET",
      "RequestBody": "",
      "RequestHeaders": {
        "User-Agent": [
          "FxVersion/4.700.22.51102",
          "OSName/Windows",
          "OSVersion/Microsoft.Windows.10.0.22621",
          "Microsoft.Azure.Management.Compute.ComputeManagementClient/59.0.0"
        ]
      },
      "ResponseHeaders": {
        "Cache-Control": [
          "no-cache"
        ],
        "Pragma": [
          "no-cache"
        ],
        "Strict-Transport-Security": [
          "max-age=31536000; includeSubDomains"
        ],
        "x-ms-served-by": [
          "1458b69a-160b-4728-85b0-1fcd050989ae_133101163193071207"
        ],
        "x-ms-request-id": [
          "40a20941-11e6-4942-937a-0c3017e5ee50"
        ],
        "Server": [
          "Microsoft-HTTPAPI/2.0",
          "Microsoft-HTTPAPI/2.0"
        ],
        "x-ms-ratelimit-remaining-subscription-reads": [
          "11981"
        ],
        "x-ms-correlation-request-id": [
          "c44580ef-3199-4622-86fb-32e3e235f0e7"
        ],
        "x-ms-routing-request-id": [
          "WESTUS2:20221114T204952Z:c44580ef-3199-4622-86fb-32e3e235f0e7"
        ],
        "X-Content-Type-Options": [
          "nosniff"
        ],
        "Date": [
          "Mon, 14 Nov 2022 20:49:52 GMT"
        ],
        "Content-Length": [
          "134"
        ],
        "Content-Type": [
          "application/json; charset=utf-8"
        ],
        "Expires": [
          "-1"
        ]
      },
      "ResponseBody": "{\r\n  \"startTime\": \"2022-11-14T12:48:21.2434545-08:00\",\r\n  \"status\": \"InProgress\",\r\n  \"name\": \"1b6c7f62-587a-4161-b562-8fe9cbca7d53\"\r\n}",
      "StatusCode": 200
    },
    {
      "RequestUri": "/subscriptions/850f02f7-e14c-4fb7-905d-7b98bcae9c7f/providers/Microsoft.Compute/locations/eastus2euap/CsOperations/1b6c7f62-587a-4161-b562-8fe9cbca7d53?api-version=2022-09-04",
      "EncodedRequestUri": "L3N1YnNjcmlwdGlvbnMvODUwZjAyZjctZTE0Yy00ZmI3LTkwNWQtN2I5OGJjYWU5YzdmL3Byb3ZpZGVycy9NaWNyb3NvZnQuQ29tcHV0ZS9sb2NhdGlvbnMvZWFzdHVzMmV1YXAvQ3NPcGVyYXRpb25zLzFiNmM3ZjYyLTU4N2EtNDE2MS1iNTYyLThmZTljYmNhN2Q1Mz9hcGktdmVyc2lvbj0yMDIyLTA5LTA0",
      "RequestMethod": "GET",
      "RequestBody": "",
      "RequestHeaders": {
        "User-Agent": [
          "FxVersion/4.700.22.51102",
          "OSName/Windows",
          "OSVersion/Microsoft.Windows.10.0.22621",
          "Microsoft.Azure.Management.Compute.ComputeManagementClient/59.0.0"
        ]
      },
      "ResponseHeaders": {
        "Cache-Control": [
          "no-cache"
        ],
        "Pragma": [
          "no-cache"
        ],
        "Strict-Transport-Security": [
          "max-age=31536000; includeSubDomains"
        ],
        "x-ms-served-by": [
          "1458b69a-160b-4728-85b0-1fcd050989ae_133101163193071207"
        ],
        "x-ms-request-id": [
          "fcc068b4-d3d2-4288-9143-d0f86b6cb904"
        ],
        "Server": [
          "Microsoft-HTTPAPI/2.0",
          "Microsoft-HTTPAPI/2.0"
        ],
        "x-ms-ratelimit-remaining-subscription-reads": [
          "11980"
        ],
        "x-ms-correlation-request-id": [
          "c69bcf99-7446-4cc2-9699-e32d3c014f33"
        ],
        "x-ms-routing-request-id": [
          "WESTUS2:20221114T205022Z:c69bcf99-7446-4cc2-9699-e32d3c014f33"
        ],
        "X-Content-Type-Options": [
          "nosniff"
        ],
        "Date": [
          "Mon, 14 Nov 2022 20:50:21 GMT"
        ],
        "Content-Length": [
          "184"
        ],
        "Content-Type": [
          "application/json; charset=utf-8"
        ],
        "Expires": [
          "-1"
        ]
      },
      "ResponseBody": "{\r\n  \"startTime\": \"2022-11-14T12:48:21.2434545-08:00\",\r\n  \"endTime\": \"2022-11-14T12:50:02.2439708-08:00\",\r\n  \"status\": \"Succeeded\",\r\n  \"name\": \"1b6c7f62-587a-4161-b562-8fe9cbca7d53\"\r\n}",
      "StatusCode": 200
    },
    {
      "RequestUri": "/subscriptions/850f02f7-e14c-4fb7-905d-7b98bcae9c7f/providers/Microsoft.Compute/locations/eastus2euap/CsOperations/1b6c7f62-587a-4161-b562-8fe9cbca7d53?monitor=true&api-version=2022-09-04",
      "EncodedRequestUri": "L3N1YnNjcmlwdGlvbnMvODUwZjAyZjctZTE0Yy00ZmI3LTkwNWQtN2I5OGJjYWU5YzdmL3Byb3ZpZGVycy9NaWNyb3NvZnQuQ29tcHV0ZS9sb2NhdGlvbnMvZWFzdHVzMmV1YXAvQ3NPcGVyYXRpb25zLzFiNmM3ZjYyLTU4N2EtNDE2MS1iNTYyLThmZTljYmNhN2Q1Mz9tb25pdG9yPXRydWUmYXBpLXZlcnNpb249MjAyMi0wOS0wNA==",
      "RequestMethod": "GET",
      "RequestBody": "",
      "RequestHeaders": {
        "User-Agent": [
          "FxVersion/4.700.22.51102",
          "OSName/Windows",
          "OSVersion/Microsoft.Windows.10.0.22621",
          "Microsoft.Azure.Management.Compute.ComputeManagementClient/59.0.0"
        ]
      },
      "ResponseHeaders": {
        "Cache-Control": [
          "no-cache"
        ],
        "Pragma": [
          "no-cache"
        ],
        "Strict-Transport-Security": [
          "max-age=31536000; includeSubDomains"
        ],
        "x-ms-served-by": [
          "1458b69a-160b-4728-85b0-1fcd050989ae_133101163193071207"
        ],
        "x-ms-request-id": [
          "a58229e7-005c-4557-afa4-6f4817905bca"
        ],
        "Server": [
          "Microsoft-HTTPAPI/2.0",
          "Microsoft-HTTPAPI/2.0"
        ],
        "x-ms-ratelimit-remaining-subscription-reads": [
          "11979"
        ],
        "x-ms-correlation-request-id": [
          "611935c6-d22b-4fc5-a96b-77b36bf712d8"
        ],
        "x-ms-routing-request-id": [
          "WESTUS2:20221114T205022Z:611935c6-d22b-4fc5-a96b-77b36bf712d8"
        ],
        "X-Content-Type-Options": [
          "nosniff"
        ],
        "Date": [
          "Mon, 14 Nov 2022 20:50:22 GMT"
        ],
        "Expires": [
          "-1"
        ],
        "Content-Length": [
          "0"
        ]
      },
      "ResponseBody": "",
      "StatusCode": 200
    },
    {
      "RequestUri": "/subscriptions/850f02f7-e14c-4fb7-905d-7b98bcae9c7f/resourcegroups/crptestar6706?api-version=2017-05-10",
      "EncodedRequestUri": "L3N1YnNjcmlwdGlvbnMvODUwZjAyZjctZTE0Yy00ZmI3LTkwNWQtN2I5OGJjYWU5YzdmL3Jlc291cmNlZ3JvdXBzL2NycHRlc3RhcjY3MDY/YXBpLXZlcnNpb249MjAxNy0wNS0xMA==",
      "RequestMethod": "DELETE",
      "RequestBody": "",
      "RequestHeaders": {
        "x-ms-client-request-id": [
          "21adf7c9-9d42-4f3e-b49f-a829e7889232"
        ],
        "Accept-Language": [
          "en-US"
        ],
        "User-Agent": [
          "FxVersion/4.700.22.51102",
          "OSName/Windows",
          "OSVersion/Microsoft.Windows.10.0.22621",
          "Microsoft.Azure.Management.ResourceManager.ResourceManagementClient/1.6.0.0"
        ]
      },
      "ResponseHeaders": {
        "Cache-Control": [
          "no-cache"
        ],
        "Pragma": [
          "no-cache"
        ],
        "Location": [
          "https://management.azure.com/subscriptions/850f02f7-e14c-4fb7-905d-7b98bcae9c7f/operationresults/eyJqb2JJZCI6IlJFU09VUkNFR1JPVVBERUxFVElPTkpPQi1DUlBURVNUQVI2NzA2LUVBU1RVUzJFVUFQIiwiam9iTG9jYXRpb24iOiJlYXN0dXMyZXVhcCJ9?api-version=2017-05-10"
        ],
        "Retry-After": [
          "15"
        ],
        "x-ms-ratelimit-remaining-subscription-deletes": [
          "14999"
        ],
        "x-ms-request-id": [
          "ca96031e-28bb-4b7b-8b62-ec5760081f5e"
        ],
        "x-ms-correlation-request-id": [
          "ca96031e-28bb-4b7b-8b62-ec5760081f5e"
        ],
        "x-ms-routing-request-id": [
          "WESTUS2:20221114T205024Z:ca96031e-28bb-4b7b-8b62-ec5760081f5e"
        ],
        "Strict-Transport-Security": [
          "max-age=31536000; includeSubDomains"
        ],
        "X-Content-Type-Options": [
          "nosniff"
        ],
        "Date": [
          "Mon, 14 Nov 2022 20:50:23 GMT"
        ],
        "Expires": [
          "-1"
        ],
        "Content-Length": [
          "0"
        ]
      },
      "ResponseBody": "",
      "StatusCode": 202
    }
  ],
  "Names": {
    "TestCloudServiceOperationsInternal": [
      "crptestar6706",
      "cs8687",
      "cspip5167",
      "csvnet5474",
      "subnet4045",
      "dns3",
      "lb7632",
      "lbfe573"
    ],
    "CreateCspkgSasUrl": [
      "saforcspkg7158",
      "asforcspkg6261"
    ]
  },
  "Variables": {
    "SubscriptionId": "850f02f7-e14c-4fb7-905d-7b98bcae9c7f"
  }
}