{
  "Entries": [
    {
      "RequestUri": "/subscriptions/b80cf239-2c72-47ab-b309-b26aec4656b1/providers/Microsoft.Search/register?api-version=2016-02-01",
      "EncodedRequestUri": "L3N1YnNjcmlwdGlvbnMvYjgwY2YyMzktMmM3Mi00N2FiLWIzMDktYjI2YWVjNDY1NmIxL3Byb3ZpZGVycy9NaWNyb3NvZnQuU2VhcmNoL3JlZ2lzdGVyP2FwaS12ZXJzaW9uPTIwMTYtMDItMDE=",
      "RequestMethod": "POST",
      "RequestBody": "",
      "RequestHeaders": {
        "x-ms-client-request-id": [
          "f2ad76c2-c8a4-4e4f-87a8-315575fb807b"
        ],
        "accept-language": [
          "en-US"
        ],
        "User-Agent": [
          "Microsoft.Azure.Management.ResourceManager.ResourceManagementClient/1.1.1-preview"
        ]
      },
      "ResponseBody": "{\r\n  \"id\": \"/subscriptions/b80cf239-2c72-47ab-b309-b26aec4656b1/providers/Microsoft.Search\",\r\n  \"namespace\": \"Microsoft.Search\",\r\n  \"resourceTypes\": [\r\n    {\r\n      \"resourceType\": \"searchServices\",\r\n      \"locations\": [\r\n        \"West US\"\r\n      ],\r\n      \"apiVersions\": [\r\n        \"2015-08-19\",\r\n        \"2015-02-28\",\r\n        \"2014-07-31-Preview\"\r\n      ],\r\n      \"capabilities\": \"CrossResourceGroupResourceMove, CrossSubscriptionResourceMove\"\r\n    },\r\n    {\r\n      \"resourceType\": \"searchServicesCit\",\r\n      \"locations\": [\r\n        \"West US\"\r\n      ],\r\n      \"apiVersions\": [\r\n        \"2015-08-19\",\r\n        \"2015-02-28\",\r\n        \"2014-07-31-Preview\"\r\n      ],\r\n      \"capabilities\": \"CrossResourceGroupResourceMove, CrossSubscriptionResourceMove\"\r\n    },\r\n    {\r\n      \"resourceType\": \"searchServicesNxt\",\r\n      \"locations\": [\r\n        \"West US\"\r\n      ],\r\n      \"apiVersions\": [\r\n        \"2015-08-19\",\r\n        \"2015-02-28\",\r\n        \"2014-07-31-Preview\"\r\n      ],\r\n      \"capabilities\": \"CrossResourceGroupResourceMove, CrossSubscriptionResourceMove\"\r\n    },\r\n    {\r\n      \"resourceType\": \"searchServicesInt\",\r\n      \"locations\": [\r\n        \"West US\"\r\n      ],\r\n      \"apiVersions\": [\r\n        \"2015-08-19\",\r\n        \"2015-02-28\",\r\n        \"2014-07-31-Preview\"\r\n      ],\r\n      \"capabilities\": \"CrossResourceGroupResourceMove, CrossSubscriptionResourceMove\"\r\n    },\r\n    {\r\n      \"resourceType\": \"searchServicesPpe\",\r\n      \"locations\": [\r\n        \"West US\"\r\n      ],\r\n      \"apiVersions\": [\r\n        \"2015-08-19\",\r\n        \"2015-02-28\",\r\n        \"2014-07-31-Preview\"\r\n      ],\r\n      \"capabilities\": \"CrossResourceGroupResourceMove, CrossSubscriptionResourceMove\"\r\n    },\r\n    {\r\n      \"resourceType\": \"checkServiceNameAvailability\",\r\n      \"locations\": [],\r\n      \"apiVersions\": [\r\n        \"2015-02-28\",\r\n        \"2014-07-31-Preview\"\r\n      ]\r\n    },\r\n    {\r\n      \"resourceType\": \"checkServiceNameAvailabilityCit\",\r\n      \"locations\": [],\r\n      \"apiVersions\": [\r\n        \"2015-02-28\",\r\n        \"2014-07-31-Preview\"\r\n      ]\r\n    },\r\n    {\r\n      \"resourceType\": \"checkServiceNameAvailabilityNxt\",\r\n      \"locations\": [],\r\n      \"apiVersions\": [\r\n        \"2015-02-28\",\r\n        \"2014-07-31-Preview\"\r\n      ]\r\n    },\r\n    {\r\n      \"resourceType\": \"checkServiceNameAvailabilityInt\",\r\n      \"locations\": [],\r\n      \"apiVersions\": [\r\n        \"2015-02-28\",\r\n        \"2014-07-31-Preview\"\r\n      ]\r\n    },\r\n    {\r\n      \"resourceType\": \"checkServiceNameAvailabilityPpe\",\r\n      \"locations\": [],\r\n      \"apiVersions\": [\r\n        \"2015-02-28\",\r\n        \"2014-07-31-Preview\"\r\n      ]\r\n    },\r\n    {\r\n      \"resourceType\": \"checkNameAvailability\",\r\n      \"locations\": [],\r\n      \"apiVersions\": [\r\n        \"2015-08-19\"\r\n      ]\r\n    },\r\n    {\r\n      \"resourceType\": \"checkNameAvailabilityCit\",\r\n      \"locations\": [],\r\n      \"apiVersions\": [\r\n        \"2015-08-19\"\r\n      ]\r\n    },\r\n    {\r\n      \"resourceType\": \"checkNameAvailabilityNxt\",\r\n      \"locations\": [],\r\n      \"apiVersions\": [\r\n        \"2015-08-19\"\r\n      ]\r\n    },\r\n    {\r\n      \"resourceType\": \"checkNameAvailabilityInt\",\r\n      \"locations\": [],\r\n      \"apiVersions\": [\r\n        \"2015-08-19\"\r\n      ]\r\n    },\r\n    {\r\n      \"resourceType\": \"checkNameAvailabilityPpe\",\r\n      \"locations\": [],\r\n      \"apiVersions\": [\r\n        \"2015-08-19\"\r\n      ]\r\n    },\r\n    {\r\n      \"resourceType\": \"operations\",\r\n      \"locations\": [],\r\n      \"apiVersions\": [\r\n        \"2015-08-19\",\r\n        \"2015-02-28\"\r\n      ]\r\n    }\r\n  ],\r\n  \"registrationState\": \"Registered\"\r\n}",
      "ResponseHeaders": {
        "Content-Type": [
          "application/json; charset=utf-8"
        ],
        "Expires": [
          "-1"
        ],
        "Cache-Control": [
          "no-cache"
        ],
        "Date": [
          "Thu, 13 Oct 2016 22:09:39 GMT"
        ],
        "Pragma": [
          "no-cache"
        ],
        "Vary": [
          "Accept-Encoding"
        ],
        "x-ms-ratelimit-remaining-subscription-writes": [
          "1188"
        ],
        "x-ms-request-id": [
          "014382e6-eaa5-4082-833a-659b100808a3"
        ],
        "x-ms-correlation-request-id": [
          "014382e6-eaa5-4082-833a-659b100808a3"
        ],
        "x-ms-routing-request-id": [
          "CENTRALUS:20161013T220940Z:014382e6-eaa5-4082-833a-659b100808a3"
        ],
        "Strict-Transport-Security": [
          "max-age=31536000; includeSubDomains"
        ]
      },
      "StatusCode": 200
    },
    {
      "RequestUri": "/subscriptions/b80cf239-2c72-47ab-b309-b26aec4656b1/resourcegroups/azsmnet9156?api-version=2016-02-01",
      "EncodedRequestUri": "L3N1YnNjcmlwdGlvbnMvYjgwY2YyMzktMmM3Mi00N2FiLWIzMDktYjI2YWVjNDY1NmIxL3Jlc291cmNlZ3JvdXBzL2F6c21uZXQ5MTU2P2FwaS12ZXJzaW9uPTIwMTYtMDItMDE=",
      "RequestMethod": "PUT",
      "RequestBody": "{\r\n  \"location\": \"West US\"\r\n}",
      "RequestHeaders": {
        "Content-Type": [
          "application/json; charset=utf-8"
        ],
        "Content-Length": [
          "29"
        ],
        "x-ms-client-request-id": [
          "f946932d-4e98-4aaa-84b3-ba60bdab74e7"
        ],
        "accept-language": [
          "en-US"
        ],
        "User-Agent": [
          "Microsoft.Azure.Management.ResourceManager.ResourceManagementClient/1.1.1-preview"
        ]
      },
      "ResponseBody": "{\r\n  \"id\": \"/subscriptions/b80cf239-2c72-47ab-b309-b26aec4656b1/resourceGroups/azsmnet9156\",\r\n  \"name\": \"azsmnet9156\",\r\n  \"location\": \"westus\",\r\n  \"properties\": {\r\n    \"provisioningState\": \"Succeeded\"\r\n  }\r\n}",
      "ResponseHeaders": {
        "Content-Length": [
          "175"
        ],
        "Content-Type": [
          "application/json; charset=utf-8"
        ],
        "Expires": [
          "-1"
        ],
        "Cache-Control": [
          "no-cache"
        ],
        "Date": [
          "Thu, 13 Oct 2016 22:09:39 GMT"
        ],
        "Pragma": [
          "no-cache"
        ],
        "x-ms-ratelimit-remaining-subscription-writes": [
          "1187"
        ],
        "x-ms-request-id": [
          "b2dfcdd6-f499-415d-8fc5-1e94dac0a743"
        ],
        "x-ms-correlation-request-id": [
          "b2dfcdd6-f499-415d-8fc5-1e94dac0a743"
        ],
        "x-ms-routing-request-id": [
          "CENTRALUS:20161013T220940Z:b2dfcdd6-f499-415d-8fc5-1e94dac0a743"
        ],
        "Strict-Transport-Security": [
          "max-age=31536000; includeSubDomains"
        ]
      },
      "StatusCode": 201
    },
    {
      "RequestUri": "/subscriptions/b80cf239-2c72-47ab-b309-b26aec4656b1/resourceGroups/azsmnet9156/providers/Microsoft.Search/searchServices/azs-4340?api-version=2015-08-19",
      "EncodedRequestUri": "L3N1YnNjcmlwdGlvbnMvYjgwY2YyMzktMmM3Mi00N2FiLWIzMDktYjI2YWVjNDY1NmIxL3Jlc291cmNlR3JvdXBzL2F6c21uZXQ5MTU2L3Byb3ZpZGVycy9NaWNyb3NvZnQuU2VhcmNoL3NlYXJjaFNlcnZpY2VzL2F6cy00MzQwP2FwaS12ZXJzaW9uPTIwMTUtMDgtMTk=",
      "RequestMethod": "PUT",
      "RequestBody": "{\r\n  \"properties\": {\r\n    \"replicaCount\": 1,\r\n    \"partitionCount\": 1\r\n  },\r\n  \"sku\": {\r\n    \"name\": \"free\"\r\n  },\r\n  \"location\": \"West US\"\r\n}",
      "RequestHeaders": {
        "Content-Type": [
          "application/json; charset=utf-8"
        ],
        "Content-Length": [
          "141"
        ],
        "x-ms-client-request-id": [
          "386d15ff-f988-4157-ae9d-f06718be503d"
        ],
        "accept-language": [
          "en-US"
        ],
        "User-Agent": [
          "Microsoft.Azure.Management.Search.SearchManagementClient/0.9.0-preview"
        ]
      },
      "ResponseBody": "{\"id\":\"/subscriptions/b80cf239-2c72-47ab-b309-b26aec4656b1/resourceGroups/azsmnet9156/providers/Microsoft.Search/searchServices/azs-4340\",\"name\":\"azs-4340\",\"type\":\"Microsoft.Search/searchServices\",\"location\":\"West US\",\"properties\":{\"replicaCount\":1,\"partitionCount\":1,\"status\":\"running\",\"statusDetails\":null,\"provisioningState\":\"succeeded\",\"hostingMode\":\"Default\"},\"sku\":{\"name\":\"free\"}}",
      "ResponseHeaders": {
        "Content-Length": [
          "387"
        ],
        "Content-Type": [
          "application/json; charset=utf-8"
        ],
        "Expires": [
          "-1"
        ],
        "Cache-Control": [
          "no-cache"
        ],
        "Date": [
          "Thu, 13 Oct 2016 22:09:44 GMT"
        ],
        "Pragma": [
          "no-cache"
        ],
        "ETag": [
          "W/\"datetime'2016-10-13T22%3A09%3A45.0256593Z'\""
        ],
        "request-id": [
          "386d15ff-f988-4157-ae9d-f06718be503d"
        ],
        "elapsed-time": [
          "3122"
        ],
        "Strict-Transport-Security": [
          "max-age=31536000; includeSubDomains"
        ],
        "X-AspNet-Version": [
          "4.0.30319"
        ],
        "x-ms-ratelimit-remaining-subscription-writes": [
          "1193"
        ],
        "x-ms-request-id": [
          "fcbc12a7-ef31-4e8d-bb3a-cc484a26b14a"
        ],
        "x-ms-correlation-request-id": [
          "fcbc12a7-ef31-4e8d-bb3a-cc484a26b14a"
        ],
        "x-ms-routing-request-id": [
          "CENTRALUS:20161013T220945Z:fcbc12a7-ef31-4e8d-bb3a-cc484a26b14a"
        ]
      },
      "StatusCode": 201
    },
    {
      "RequestUri": "/subscriptions/b80cf239-2c72-47ab-b309-b26aec4656b1/resourceGroups/azsmnet9156/providers/Microsoft.Search/searchServices/azs-4340?api-version=2015-08-19",
      "EncodedRequestUri": "L3N1YnNjcmlwdGlvbnMvYjgwY2YyMzktMmM3Mi00N2FiLWIzMDktYjI2YWVjNDY1NmIxL3Jlc291cmNlR3JvdXBzL2F6c21uZXQ5MTU2L3Byb3ZpZGVycy9NaWNyb3NvZnQuU2VhcmNoL3NlYXJjaFNlcnZpY2VzL2F6cy00MzQwP2FwaS12ZXJzaW9uPTIwMTUtMDgtMTk=",
      "RequestMethod": "GET",
      "RequestBody": "",
      "RequestHeaders": {
        "x-ms-client-request-id": [
          "63fe0cb3-17aa-461a-addc-d737d2d6f305"
        ],
        "accept-language": [
          "en-US"
        ],
        "User-Agent": [
          "Microsoft.Azure.Management.Search.SearchManagementClient/0.9.0-preview"
        ]
      },
      "ResponseBody": "{\"id\":\"/subscriptions/b80cf239-2c72-47ab-b309-b26aec4656b1/resourceGroups/azsmnet9156/providers/Microsoft.Search/searchServices/azs-4340\",\"name\":\"azs-4340\",\"type\":\"Microsoft.Search/searchServices\",\"location\":\"West US\",\"properties\":{\"replicaCount\":1,\"partitionCount\":1,\"status\":\"running\",\"statusDetails\":null,\"provisioningState\":\"succeeded\",\"hostingMode\":\"Default\"},\"sku\":{\"name\":\"free\"}}",
      "ResponseHeaders": {
        "Content-Type": [
          "application/json; charset=utf-8"
        ],
        "Expires": [
          "-1"
        ],
        "Cache-Control": [
          "no-cache"
        ],
        "Date": [
          "Thu, 13 Oct 2016 22:09:45 GMT"
        ],
        "Pragma": [
          "no-cache"
        ],
        "Transfer-Encoding": [
          "chunked"
        ],
        "ETag": [
          "W/\"datetime'2016-10-13T22%3A09%3A45.0256593Z'\""
        ],
        "Vary": [
          "Accept-Encoding",
          "Accept-Encoding"
        ],
        "request-id": [
          "63fe0cb3-17aa-461a-addc-d737d2d6f305"
        ],
        "elapsed-time": [
          "107"
        ],
        "Strict-Transport-Security": [
          "max-age=31536000; includeSubDomains"
        ],
        "X-AspNet-Version": [
          "4.0.30319"
        ],
        "x-ms-ratelimit-remaining-subscription-reads": [
          "14998"
        ],
        "x-ms-request-id": [
          "339541fd-fbd3-4f1e-8fbf-0dbd5ee14639"
        ],
        "x-ms-correlation-request-id": [
          "339541fd-fbd3-4f1e-8fbf-0dbd5ee14639"
        ],
        "x-ms-routing-request-id": [
          "CENTRALUS:20161013T220945Z:339541fd-fbd3-4f1e-8fbf-0dbd5ee14639"
        ]
      },
      "StatusCode": 200
    }
  ],
  "Names": {
    "GenerateName": [
      "azsmnet9156"
    ],
    "GenerateServiceName": [
      "azs-4340"
    ]
  },
  "Variables": {
    "SubscriptionId": "b80cf239-2c72-47ab-b309-b26aec4656b1"
  }
}