{
  "Entries": [
    {
      "RequestUri": "https://management.azure.com/subscriptions/db1ab6f0-4769-4b27-930e-01e2ef9c123c/resourcegroups/MediaServiceRG5404?api-version=2021-04-01",
      "RequestMethod": "GET",
      "RequestHeaders": {
        "Accept": "application/json",
        "Authorization": "Sanitized",
        "traceparent": "00-f813c8beefc67445b8cd7a208de13096-46575b046cb9dc41-00",
        "User-Agent": "azsdk-net-ResourceManager/1.3.0 (.NET Core 3.1.28; Microsoft Windows 10.0.22000)",
        "x-ms-client-request-id": "ac3dd86f0edbef0cabaf96ff9b856b4c",
        "x-ms-return-client-request-id": "true"
      },
      "RequestBody": null,
      "StatusCode": 200,
      "ResponseHeaders": {
        "Cache-Control": "no-cache",
        "Content-Length": "234",
        "Content-Type": "application/json; charset=utf-8",
        "Date": "Fri, 19 Aug 2022 06:46:43 GMT",
        "Expires": "-1",
        "Pragma": "no-cache",
        "Strict-Transport-Security": "max-age=31536000; includeSubDomains",
        "X-Content-Type-Options": "nosniff",
        "x-ms-correlation-request-id": "df0d6ada-4c8d-4f7d-8e1a-de374b042be9",
        "x-ms-ratelimit-remaining-subscription-reads": "11669",
        "x-ms-request-id": "df0d6ada-4c8d-4f7d-8e1a-de374b042be9",
        "x-ms-routing-request-id": "SOUTHEASTASIA:20220819T064643Z:df0d6ada-4c8d-4f7d-8e1a-de374b042be9"
      },
      "ResponseBody": {
        "id": "/subscriptions/db1ab6f0-4769-4b27-930e-01e2ef9c123c/resourceGroups/MediaServiceRG5404",
        "name": "MediaServiceRG5404",
        "type": "Microsoft.Resources/resourceGroups",
        "location": "westus2",
        "properties": {
          "provisioningState": "Succeeded"
        }
      }
    },
    {
      "RequestUri": "https://management.azure.com/subscriptions/db1ab6f0-4769-4b27-930e-01e2ef9c123c/resourceGroups/MediaServiceRG5404/providers/Microsoft.Media/mediaservices/mediaservice8821?api-version=2021-11-01",
      "RequestMethod": "PUT",
      "RequestHeaders": {
        "Accept": "application/json",
        "Authorization": "Sanitized",
        "Content-Length": "245",
        "Content-Type": "application/json",
        "traceparent": "00-a32cea74266b7142bdd8aa90b2206056-58d6dcc70cd74446-00",
        "User-Agent": "azsdk-net-ResourceManager.Media/1.0.0-alpha.20220819.1 (.NET Core 3.1.28; Microsoft Windows 10.0.22000)",
        "x-ms-client-request-id": "8e5386f317003bba0d7907184018e113",
        "x-ms-return-client-request-id": "true"
      },
      "RequestBody": {
        "tags": {},
        "location": "westus2",
        "properties": {
          "storageAccounts": [
            {
              "id": "/subscriptions/db1ab6f0-4769-4b27-930e-01e2ef9c123c/resourceGroups/MediaServiceRG5404/providers/Microsoft.Storage/storageAccounts/azstorageformedia4005",
              "type": "Primary"
            }
          ]
        }
      },
      "StatusCode": 201,
      "ResponseHeaders": {
        "Azure-AsyncOperation": "https://management.azure.com/subscriptions/db1ab6f0-4769-4b27-930e-01e2ef9c123c/providers/Microsoft.Media/locations/westus2/mediaServicesOperationStatuses/46c55972-301c-4dec-ab27-8f0669cfa25b?api-version=2021-11-01",
        "Cache-Control": "no-cache",
        "Content-Length": "849",
        "Content-Type": "application/json; odata.metadata=minimal",
        "Date": "Fri, 19 Aug 2022 06:46:47 GMT",
        "Expires": "-1",
        "Location": "https://management.azure.com/subscriptions/db1ab6f0-4769-4b27-930e-01e2ef9c123c/providers/Microsoft.Media/locations/westus2/mediaServicesOperationResults/46c55972-301c-4dec-ab27-8f0669cfa25b?api-version=2021-11-01",
        "OData-Version": "4.0",
        "Pragma": "no-cache",
        "Retry-After": "30",
        "Server": "Microsoft-HTTPAPI/2.0",
        "Strict-Transport-Security": "max-age=31536000; includeSubDomains",
        "X-Content-Type-Options": "nosniff",
        "x-ms-client-request-id": "8e5386f317003bba0d7907184018e113",
        "x-ms-correlation-request-id": "73f11a18-fbe9-4f19-895d-452932a15652",
        "x-ms-ratelimit-remaining-subscription-writes": "1086",
        "x-ms-request-id": "e8cae9ac-0bed-4168-97e7-dc3927275541",
        "x-ms-routing-request-id": "SOUTHEASTASIA:20220819T064647Z:73f11a18-fbe9-4f19-895d-452932a15652"
      },
      "ResponseBody": {
        "name": "mediaservice8821",
        "id": "/subscriptions/db1ab6f0-4769-4b27-930e-01e2ef9c123c/resourceGroups/MediaServiceRG5404/providers/Microsoft.Media/mediaservices/mediaservice8821",
        "type": "Microsoft.Media/mediaservices",
        "location": "West US 2",
        "tags": {},
        "properties": {
          "mediaServiceId": "a575b766-6484-484c-85d2-afa766d56bd9",
          "storageAccounts": [
            {
              "id": "/subscriptions/db1ab6f0-4769-4b27-930e-01e2ef9c123c/resourceGroups/MediaServiceRG5404/providers/Microsoft.Storage/storageAccounts/azstorageformedia4005",
              "type": "Primary"
            }
          ],
          "storageAuthentication": "System",
          "keyDelivery": {
            "accessControl": {
              "defaultAction": "Allow",
              "ipAllowList": []
            }
          },
          "publicNetworkAccess": "Enabled",
          "provisioningState": "InProgress",
          "privateEndpointConnections": []
        }
      }
    },
    {
      "RequestUri": "https://management.azure.com/subscriptions/db1ab6f0-4769-4b27-930e-01e2ef9c123c/providers/Microsoft.Media/locations/westus2/mediaServicesOperationStatuses/46c55972-301c-4dec-ab27-8f0669cfa25b?api-version=2021-11-01",
      "RequestMethod": "GET",
      "RequestHeaders": {
        "Authorization": "Sanitized",
        "traceparent": "00-a32cea74266b7142bdd8aa90b2206056-c2c7833b8738dd42-00",
        "User-Agent": "azsdk-net-ResourceManager/1.3.0 (.NET Core 3.1.28; Microsoft Windows 10.0.22000)",
        "x-ms-client-request-id": "52278014d3c6583e1e029f6107f3af92",
        "x-ms-return-client-request-id": "true"
      },
      "RequestBody": null,
      "StatusCode": 200,
      "ResponseHeaders": {
        "Cache-Control": "no-cache",
        "Content-Length": "328",
        "Content-Type": "application/json; odata.metadata=minimal; odata.streaming=true",
        "Date": "Fri, 19 Aug 2022 06:46:47 GMT",
        "Expires": "-1",
        "OData-Version": "4.0",
        "Pragma": "no-cache",
        "Server": "Microsoft-HTTPAPI/2.0",
        "Strict-Transport-Security": "max-age=31536000; includeSubDomains",
        "X-Content-Type-Options": "nosniff",
        "x-ms-client-request-id": "52278014d3c6583e1e029f6107f3af92",
        "x-ms-correlation-request-id": "f7f430be-155e-48d7-9af1-f170b8e7455a",
        "x-ms-ratelimit-remaining-subscription-reads": "11668",
        "x-ms-request-id": "abae7059-f704-4552-a7dc-b00fe1aa29e3",
        "x-ms-routing-request-id": "SOUTHEASTASIA:20220819T064647Z:f7f430be-155e-48d7-9af1-f170b8e7455a"
      },
      "ResponseBody": {
        "name": "46c55972-301c-4dec-ab27-8f0669cfa25b",
        "id": "/subscriptions/db1ab6f0-4769-4b27-930e-01e2ef9c123c/providers/Microsoft.Media/locations/westus2/mediaServicesOperationStatuses/46c55972-301c-4dec-ab27-8f0669cfa25b",
        "startTime": "2022-08-19T06:46:46.462355Z",
        "endTime": "2022-08-19T06:46:46.7436225Z",
        "status": "Succeeded"
      }
    },
    {
      "RequestUri": "https://management.azure.com/subscriptions/db1ab6f0-4769-4b27-930e-01e2ef9c123c/resourceGroups/MediaServiceRG5404/providers/Microsoft.Media/mediaservices/mediaservice8821?api-version=2021-11-01",
      "RequestMethod": "GET",
      "RequestHeaders": {
        "Authorization": "Sanitized",
        "traceparent": "00-a32cea74266b7142bdd8aa90b2206056-6cc88fa3b9f32e49-00",
        "User-Agent": "azsdk-net-ResourceManager/1.3.0 (.NET Core 3.1.28; Microsoft Windows 10.0.22000)",
        "x-ms-client-request-id": "079383ce806378f7442e8f3dccd3545d",
        "x-ms-return-client-request-id": "true"
      },
      "RequestBody": null,
      "StatusCode": 200,
      "ResponseHeaders": {
        "Cache-Control": "no-cache",
        "Content-Length": "876",
        "Content-Type": "application/json; odata.metadata=minimal; odata.streaming=true",
        "Date": "Fri, 19 Aug 2022 06:46:48 GMT",
        "Expires": "-1",
        "OData-Version": "4.0",
        "Pragma": "no-cache",
        "Server": "Microsoft-HTTPAPI/2.0",
        "Strict-Transport-Security": "max-age=31536000; includeSubDomains",
        "X-Content-Type-Options": "nosniff",
        "x-ms-client-request-id": "079383ce806378f7442e8f3dccd3545d",
        "x-ms-correlation-request-id": "0a13bd5c-d095-40aa-8d96-06851457fc99",
        "x-ms-ratelimit-remaining-subscription-reads": "11667",
        "x-ms-request-id": "6e219f55-9bd2-47d5-9494-944a811f4fc0",
        "x-ms-routing-request-id": "SOUTHEASTASIA:20220819T064648Z:0a13bd5c-d095-40aa-8d96-06851457fc99"
      },
      "ResponseBody": {
        "name": "mediaservice8821",
        "id": "/subscriptions/db1ab6f0-4769-4b27-930e-01e2ef9c123c/resourceGroups/MediaServiceRG5404/providers/Microsoft.Media/mediaservices/mediaservice8821",
        "type": "Microsoft.Media/mediaservices",
        "location": "West US 2",
        "properties": {
          "mediaServiceId": "a575b766-6484-484c-85d2-afa766d56bd9",
          "storageAccounts": [
            {
              "id": "/subscriptions/db1ab6f0-4769-4b27-930e-01e2ef9c123c/resourceGroups/MediaServiceRG5404/providers/Microsoft.Storage/storageAccounts/azstorageformedia4005",
              "type": "Primary"
            }
          ],
          "storageAuthentication": "System",
          "encryption": {
            "type": "SystemKey"
          },
          "keyDelivery": {
            "accessControl": {
              "defaultAction": "Allow",
              "ipAllowList": []
            }
          },
          "publicNetworkAccess": "Enabled",
          "provisioningState": "Succeeded",
          "privateEndpointConnections": []
        }
      }
    }
  ],
  "Variables": {
    "AZURE_AUTHORITY_HOST": "https://login.microsoftonline.com",
    "RandomSeed": "1889978170",
    "RESOURCE_MANAGER_URL": null,
    "SUBSCRIPTION_ID": "db1ab6f0-4769-4b27-930e-01e2ef9c123c"
  }
}
