{
  "Entries": [
    {
      "RequestUri": "https://management.azure.com/subscriptions/c526bbbc-c5ff-46b0-9ca8-3e8cb92a2cf5/resourceGroups/MediaServiceRG9313/providers/Microsoft.Media/mediaservices/mediabasictest2458?api-version=2023-01-01",
      "RequestMethod": "PUT",
      "RequestHeaders": {
        "Accept": "application/json",
        "Authorization": "Sanitized",
        "Content-Length": "245",
        "Content-Type": "application/json",
        "traceparent": "00-89d56ef3928b39c7be36596c4eb54c30-1a48d2e8f57b9593-00",
        "User-Agent": "azsdk-net-ResourceManager.Media/1.2.0-alpha.20230321.1 (.NET 6.0.15; Microsoft Windows 10.0.22621)",
        "x-ms-client-request-id": "b079fd001d288bc27e43a61541027a41",
        "x-ms-return-client-request-id": "true"
      },
      "RequestBody": {
        "tags": {},
        "location": "westus2",
        "properties": {
          "storageAccounts": [
            {
              "id": "/subscriptions/c526bbbc-c5ff-46b0-9ca8-3e8cb92a2cf5/resourceGroups/MediaServiceRG9313/providers/Microsoft.Storage/storageAccounts/azstorageformedia4189",
              "type": "Primary"
            }
          ]
        }
      },
      "StatusCode": 201,
      "ResponseHeaders": {
        "Azure-AsyncOperation": "https://management.azure.com/subscriptions/c526bbbc-c5ff-46b0-9ca8-3e8cb92a2cf5/providers/Microsoft.Media/locations/westus2/mediaServicesOperationStatuses/966d329c-e57d-4d9d-a660-188b12c81626?api-version=2023-01-01",
        "Cache-Control": "no-cache",
        "Content-Length": "820",
        "Content-Type": "application/json; odata.metadata=minimal",
        "Date": "Wed, 22 Mar 2023 06:35:21 GMT",
        "Expires": "-1",
        "Location": "https://management.azure.com/subscriptions/c526bbbc-c5ff-46b0-9ca8-3e8cb92a2cf5/providers/Microsoft.Media/locations/westus2/mediaServicesOperationResults/966d329c-e57d-4d9d-a660-188b12c81626?api-version=2023-01-01",
        "OData-Version": "4.0",
        "Pragma": "no-cache",
        "Retry-After": "30",
        "Server": "Microsoft-HTTPAPI/2.0",
        "Strict-Transport-Security": "max-age=31536000; includeSubDomains",
        "X-Content-Type-Options": "nosniff",
        "x-ms-client-request-id": "b079fd001d288bc27e43a61541027a41",
        "x-ms-correlation-request-id": "2eeb7974-07a2-484b-a54e-c1a69eae07ac",
        "x-ms-ratelimit-remaining-subscription-writes": "1086",
        "x-ms-request-id": "a7e4250d-6baf-4489-8357-238c7e728750",
        "x-ms-routing-request-id": "WESTCENTRALUS:20230322T063521Z:2eeb7974-07a2-484b-a54e-c1a69eae07ac"
      },
      "ResponseBody": {
        "name": "mediabasictest2458",
        "id": "/subscriptions/c526bbbc-c5ff-46b0-9ca8-3e8cb92a2cf5/resourceGroups/MediaServiceRG9313/providers/Microsoft.Media/mediaservices/mediabasictest2458",
        "type": "Microsoft.Media/mediaservices",
        "location": "West US 2",
        "tags": {},
        "properties": {
          "mediaServiceId": "90b9a5d1-7f04-4ef3-85cf-f24f879e75af",
          "storageAccounts": [
            {
              "id": "/subscriptions/c526bbbc-c5ff-46b0-9ca8-3e8cb92a2cf5/resourceGroups/MediaServiceRG9313/providers/Microsoft.Storage/storageAccounts/azstorageformedia4189",
              "type": "Primary"
            }
          ],
          "keyDelivery": {
            "accessControl": {
              "defaultAction": "Allow",
              "ipAllowList": []
            }
          },
          "publicNetworkAccess": "Enabled",
          "provisioningState": "InProgress",
          "privateEndpointConnections": []
        }
      }
    },
    {
      "RequestUri": "https://management.azure.com/subscriptions/c526bbbc-c5ff-46b0-9ca8-3e8cb92a2cf5/providers/Microsoft.Media/locations/westus2/mediaServicesOperationStatuses/966d329c-e57d-4d9d-a660-188b12c81626?api-version=2023-01-01",
      "RequestMethod": "GET",
      "RequestHeaders": {
        "Authorization": "Sanitized",
        "traceparent": "00-89d56ef3928b39c7be36596c4eb54c30-67eab605cd3eaafe-00",
        "User-Agent": "azsdk-net-ResourceManager/1.4.0 (.NET 6.0.15; Microsoft Windows 10.0.22621)",
        "x-ms-client-request-id": "f6bb0b0cd2580a8fd69a438e5b062c84",
        "x-ms-return-client-request-id": "true"
      },
      "RequestBody": null,
      "StatusCode": 200,
      "ResponseHeaders": {
        "Cache-Control": "no-cache",
        "Content-Length": "289",
        "Content-Type": "application/json; odata.metadata=minimal; odata.streaming=true",
        "Date": "Wed, 22 Mar 2023 06:35:21 GMT",
        "Expires": "-1",
        "OData-Version": "4.0",
        "Pragma": "no-cache",
        "Server": "Microsoft-HTTPAPI/2.0",
        "Strict-Transport-Security": "max-age=31536000; includeSubDomains",
        "X-Content-Type-Options": "nosniff",
        "x-ms-client-request-id": "f6bb0b0cd2580a8fd69a438e5b062c84",
        "x-ms-correlation-request-id": "851dd749-e919-4874-9f76-40ac522e9c69",
        "x-ms-ratelimit-remaining-subscription-reads": "11715",
        "x-ms-request-id": "12ba90ce-fc0e-4704-adb2-0b8a7b77b171",
        "x-ms-routing-request-id": "WESTCENTRALUS:20230322T063521Z:851dd749-e919-4874-9f76-40ac522e9c69"
      },
      "ResponseBody": {
        "name": "966d329c-e57d-4d9d-a660-188b12c81626",
        "id": "/subscriptions/c526bbbc-c5ff-46b0-9ca8-3e8cb92a2cf5/providers/Microsoft.Media/locations/westus2/mediaServicesOperationStatuses/966d329c-e57d-4d9d-a660-188b12c81626",
        "startTime": "2023-03-22T06:35:21.5032125Z",
        "status": "InProgress"
      }
    },
    {
      "RequestUri": "https://management.azure.com/subscriptions/c526bbbc-c5ff-46b0-9ca8-3e8cb92a2cf5/providers/Microsoft.Media/locations/westus2/mediaServicesOperationStatuses/966d329c-e57d-4d9d-a660-188b12c81626?api-version=2023-01-01",
      "RequestMethod": "GET",
      "RequestHeaders": {
        "Authorization": "Sanitized",
        "traceparent": "00-89d56ef3928b39c7be36596c4eb54c30-966eac390f9df5dd-00",
        "User-Agent": "azsdk-net-ResourceManager/1.4.0 (.NET 6.0.15; Microsoft Windows 10.0.22621)",
        "x-ms-client-request-id": "689a823cc6fb6f711fecdf25dab5e794",
        "x-ms-return-client-request-id": "true"
      },
      "RequestBody": null,
      "StatusCode": 200,
      "ResponseHeaders": {
        "Cache-Control": "no-cache",
        "Content-Length": "329",
        "Content-Type": "application/json; odata.metadata=minimal; odata.streaming=true",
        "Date": "Wed, 22 Mar 2023 06:35:22 GMT",
        "Expires": "-1",
        "OData-Version": "4.0",
        "Pragma": "no-cache",
        "Server": "Microsoft-HTTPAPI/2.0",
        "Strict-Transport-Security": "max-age=31536000; includeSubDomains",
        "X-Content-Type-Options": "nosniff",
        "x-ms-client-request-id": "689a823cc6fb6f711fecdf25dab5e794",
        "x-ms-correlation-request-id": "201e36a3-203b-4a0e-a2c5-351b88514706",
        "x-ms-ratelimit-remaining-subscription-reads": "11714",
        "x-ms-request-id": "6c1f9ffb-89ee-43f5-8fd0-eee62f4dd3cb",
        "x-ms-routing-request-id": "WESTCENTRALUS:20230322T063522Z:201e36a3-203b-4a0e-a2c5-351b88514706"
      },
      "ResponseBody": {
        "name": "966d329c-e57d-4d9d-a660-188b12c81626",
        "id": "/subscriptions/c526bbbc-c5ff-46b0-9ca8-3e8cb92a2cf5/providers/Microsoft.Media/locations/westus2/mediaServicesOperationStatuses/966d329c-e57d-4d9d-a660-188b12c81626",
        "startTime": "2023-03-22T06:35:21.5032125Z",
        "endTime": "2023-03-22T06:35:21.8625942Z",
        "status": "Succeeded"
      }
    },
    {
      "RequestUri": "https://management.azure.com/subscriptions/c526bbbc-c5ff-46b0-9ca8-3e8cb92a2cf5/resourceGroups/MediaServiceRG9313/providers/Microsoft.Media/mediaservices/mediabasictest2458?api-version=2023-01-01",
      "RequestMethod": "GET",
      "RequestHeaders": {
        "Authorization": "Sanitized",
        "traceparent": "00-89d56ef3928b39c7be36596c4eb54c30-67ac881bb2fe16e9-00",
        "User-Agent": "azsdk-net-ResourceManager/1.4.0 (.NET 6.0.15; Microsoft Windows 10.0.22621)",
        "x-ms-client-request-id": "350982b98447b8e99d5f4f974d4e31cb",
        "x-ms-return-client-request-id": "true"
      },
      "RequestBody": null,
      "StatusCode": 200,
      "ResponseHeaders": {
        "Cache-Control": "no-cache",
        "Content-Length": "908",
        "Content-Type": "application/json; odata.metadata=minimal; odata.streaming=true",
        "Date": "Wed, 22 Mar 2023 06:35:22 GMT",
        "Expires": "-1",
        "OData-Version": "4.0",
        "Pragma": "no-cache",
        "Server": "Microsoft-HTTPAPI/2.0",
        "Strict-Transport-Security": "max-age=31536000; includeSubDomains",
        "X-Content-Type-Options": "nosniff",
        "x-ms-client-request-id": "350982b98447b8e99d5f4f974d4e31cb",
        "x-ms-correlation-request-id": "9f6d55d8-1ca5-498f-b85a-3db0f6ad4c60",
        "x-ms-ratelimit-remaining-subscription-reads": "11713",
        "x-ms-request-id": "cf11ddc8-2e1d-414c-9f81-ba483862f881",
        "x-ms-routing-request-id": "WESTCENTRALUS:20230322T063522Z:9f6d55d8-1ca5-498f-b85a-3db0f6ad4c60"
      },
      "ResponseBody": {
        "name": "mediabasictest2458",
        "id": "/subscriptions/c526bbbc-c5ff-46b0-9ca8-3e8cb92a2cf5/resourceGroups/MediaServiceRG9313/providers/Microsoft.Media/mediaservices/mediabasictest2458",
        "type": "Microsoft.Media/mediaservices",
        "location": "West US 2",
        "properties": {
          "mediaServiceId": "90b9a5d1-7f04-4ef3-85cf-f24f879e75af",
          "storageAccounts": [
            {
              "id": "/subscriptions/c526bbbc-c5ff-46b0-9ca8-3e8cb92a2cf5/resourceGroups/MediaServiceRG9313/providers/Microsoft.Storage/storageAccounts/azstorageformedia4189",
              "type": "Primary"
            }
          ],
          "storageAuthentication": "System",
          "encryption": {
            "type": "SystemKey"
          },
          "keyDelivery": {
            "accessControl": {
              "defaultAction": "Allow",
              "ipAllowList": []
            }
          },
          "publicNetworkAccess": "Enabled",
          "provisioningState": "Succeeded",
          "privateEndpointConnections": [],
          "minimumTlsVersion": "Tls12"
        }
      }
    },
    {
      "RequestUri": "https://management.azure.com/subscriptions/c526bbbc-c5ff-46b0-9ca8-3e8cb92a2cf5/resourceGroups/MediaServiceRG9313/providers/Microsoft.Media/mediaservices/mediabasictest2458?api-version=2023-01-01",
      "RequestMethod": "GET",
      "RequestHeaders": {
        "Accept": "application/json",
        "Authorization": "Sanitized",
        "traceparent": "00-d8d75cdd2d8e8d97e4a71a1452d02c5d-a86797f3659e6cbf-00",
        "User-Agent": "azsdk-net-ResourceManager.Media/1.2.0-alpha.20230321.1 (.NET 6.0.15; Microsoft Windows 10.0.22621)",
        "x-ms-client-request-id": "21d0bfd6225045289a4cd66cf3693020",
        "x-ms-return-client-request-id": "true"
      },
      "RequestBody": null,
      "StatusCode": 200,
      "ResponseHeaders": {
        "Cache-Control": "no-cache",
        "Content-Length": "908",
        "Content-Type": "application/json; odata.metadata=minimal",
        "Date": "Wed, 22 Mar 2023 06:35:22 GMT",
        "Expires": "-1",
        "OData-Version": "4.0",
        "Pragma": "no-cache",
        "Server": "Microsoft-HTTPAPI/2.0",
        "Strict-Transport-Security": "max-age=31536000; includeSubDomains",
        "X-Content-Type-Options": "nosniff",
        "x-ms-client-request-id": "21d0bfd6225045289a4cd66cf3693020",
        "x-ms-correlation-request-id": "ff079123-6306-4ea9-a948-54f392a911d9",
        "x-ms-ratelimit-remaining-subscription-reads": "11712",
        "x-ms-request-id": "eacd856f-126e-4245-98ec-8c1f63e6aad7",
        "x-ms-routing-request-id": "WESTCENTRALUS:20230322T063523Z:ff079123-6306-4ea9-a948-54f392a911d9"
      },
      "ResponseBody": {
        "name": "mediabasictest2458",
        "id": "/subscriptions/c526bbbc-c5ff-46b0-9ca8-3e8cb92a2cf5/resourceGroups/MediaServiceRG9313/providers/Microsoft.Media/mediaservices/mediabasictest2458",
        "type": "Microsoft.Media/mediaservices",
        "location": "West US 2",
        "properties": {
          "mediaServiceId": "90b9a5d1-7f04-4ef3-85cf-f24f879e75af",
          "storageAccounts": [
            {
              "id": "/subscriptions/c526bbbc-c5ff-46b0-9ca8-3e8cb92a2cf5/resourceGroups/MediaServiceRG9313/providers/Microsoft.Storage/storageAccounts/azstorageformedia4189",
              "type": "Primary"
            }
          ],
          "storageAuthentication": "System",
          "encryption": {
            "type": "SystemKey"
          },
          "keyDelivery": {
            "accessControl": {
              "defaultAction": "Allow",
              "ipAllowList": []
            }
          },
          "publicNetworkAccess": "Enabled",
          "provisioningState": "Succeeded",
          "privateEndpointConnections": [],
          "minimumTlsVersion": "Tls12"
        }
      }
    },
    {
      "RequestUri": "https://management.azure.com/subscriptions/c526bbbc-c5ff-46b0-9ca8-3e8cb92a2cf5/resourceGroups/MediaServiceRG9313/providers/Microsoft.Media/mediaservices/mediabasictest2458?api-version=2023-01-01",
      "RequestMethod": "GET",
      "RequestHeaders": {
        "Accept": "application/json",
        "Authorization": "Sanitized",
        "traceparent": "00-44705290bfd7414da42ffdc0c9d746db-ad1c0c3ec326dea1-00",
        "User-Agent": "azsdk-net-ResourceManager.Media/1.2.0-alpha.20230321.1 (.NET 6.0.15; Microsoft Windows 10.0.22621)",
        "x-ms-client-request-id": "d8d5afb3f6fcb73d99e2ca9c77da21d0",
        "x-ms-return-client-request-id": "true"
      },
      "RequestBody": null,
      "StatusCode": 200,
      "ResponseHeaders": {
        "Cache-Control": "no-cache",
        "Content-Length": "908",
        "Content-Type": "application/json; odata.metadata=minimal",
        "Date": "Wed, 22 Mar 2023 06:35:22 GMT",
        "Expires": "-1",
        "OData-Version": "4.0",
        "Pragma": "no-cache",
        "Server": "Microsoft-HTTPAPI/2.0",
        "Strict-Transport-Security": "max-age=31536000; includeSubDomains",
        "X-Content-Type-Options": "nosniff",
        "x-ms-client-request-id": "d8d5afb3f6fcb73d99e2ca9c77da21d0",
        "x-ms-correlation-request-id": "86fa1a2f-057e-4b0e-80b7-314279629318",
        "x-ms-ratelimit-remaining-subscription-reads": "11711",
        "x-ms-request-id": "ca469ddc-5c38-4b96-a317-e934175470d2",
        "x-ms-routing-request-id": "WESTCENTRALUS:20230322T063523Z:86fa1a2f-057e-4b0e-80b7-314279629318"
      },
      "ResponseBody": {
        "name": "mediabasictest2458",
        "id": "/subscriptions/c526bbbc-c5ff-46b0-9ca8-3e8cb92a2cf5/resourceGroups/MediaServiceRG9313/providers/Microsoft.Media/mediaservices/mediabasictest2458",
        "type": "Microsoft.Media/mediaservices",
        "location": "West US 2",
        "properties": {
          "mediaServiceId": "90b9a5d1-7f04-4ef3-85cf-f24f879e75af",
          "storageAccounts": [
            {
              "id": "/subscriptions/c526bbbc-c5ff-46b0-9ca8-3e8cb92a2cf5/resourceGroups/MediaServiceRG9313/providers/Microsoft.Storage/storageAccounts/azstorageformedia4189",
              "type": "Primary"
            }
          ],
          "storageAuthentication": "System",
          "encryption": {
            "type": "SystemKey"
          },
          "keyDelivery": {
            "accessControl": {
              "defaultAction": "Allow",
              "ipAllowList": []
            }
          },
          "publicNetworkAccess": "Enabled",
          "provisioningState": "Succeeded",
          "privateEndpointConnections": [],
          "minimumTlsVersion": "Tls12"
        }
      }
    },
    {
      "RequestUri": "https://management.azure.com/subscriptions/c526bbbc-c5ff-46b0-9ca8-3e8cb92a2cf5/resourceGroups/MediaServiceRG9313/providers/Microsoft.Media/mediaservices?api-version=2023-01-01",
      "RequestMethod": "GET",
      "RequestHeaders": {
        "Accept": "application/json",
        "Authorization": "Sanitized",
        "User-Agent": "azsdk-net-ResourceManager.Media/1.2.0-alpha.20230321.1 (.NET 6.0.15; Microsoft Windows 10.0.22621)",
        "x-ms-client-request-id": "1b4f13bac6e4974359c49bfbae7dc534",
        "x-ms-return-client-request-id": "true"
      },
      "RequestBody": null,
      "StatusCode": 200,
      "ResponseHeaders": {
        "Cache-Control": "no-cache",
        "Content-Length": "1008",
        "Content-Type": "application/json; odata.metadata=minimal",
        "Date": "Wed, 22 Mar 2023 06:35:22 GMT",
        "Expires": "-1",
        "OData-Version": "4.0",
        "Pragma": "no-cache",
        "Server": "Microsoft-HTTPAPI/2.0",
        "Strict-Transport-Security": "max-age=31536000; includeSubDomains",
        "X-Content-Type-Options": "nosniff",
        "x-ms-client-request-id": "1b4f13bac6e4974359c49bfbae7dc534",
        "x-ms-correlation-request-id": "2ac63b65-81b6-4399-a5b9-0363d6f95689",
        "x-ms-ratelimit-remaining-subscription-reads": "11710",
        "x-ms-request-id": "3687565e-53cc-4b45-84b4-c4665390455c",
        "x-ms-routing-request-id": "WESTCENTRALUS:20230322T063523Z:2ac63b65-81b6-4399-a5b9-0363d6f95689"
      },
      "ResponseBody": {
        "value": [
          {
            "name": "mediabasictest2458",
            "id": "/subscriptions/c526bbbc-c5ff-46b0-9ca8-3e8cb92a2cf5/resourceGroups/MediaServiceRG9313/providers/Microsoft.Media/mediaservices/mediabasictest2458",
            "type": "Microsoft.Media/mediaservices",
            "location": "West US 2",
            "properties": {
              "mediaServiceId": "90b9a5d1-7f04-4ef3-85cf-f24f879e75af",
              "storageAccounts": [
                {
                  "id": "/subscriptions/c526bbbc-c5ff-46b0-9ca8-3e8cb92a2cf5/resourceGroups/MediaServiceRG9313/providers/Microsoft.Storage/storageAccounts/azstorageformedia4189",
                  "type": "Primary"
                }
              ],
              "storageAuthentication": "System",
              "encryption": {
                "type": "SystemKey"
              },
              "keyDelivery": {
                "accessControl": {
                  "defaultAction": "Allow",
                  "ipAllowList": []
                }
              },
              "publicNetworkAccess": "Enabled",
              "provisioningState": "Succeeded",
              "privateEndpointConnections": [],
              "minimumTlsVersion": "Tls12"
            }
          }
        ]
      }
    },
    {
      "RequestUri": "https://management.azure.com/subscriptions/c526bbbc-c5ff-46b0-9ca8-3e8cb92a2cf5/resourceGroups/MediaServiceRG9313/providers/Microsoft.Media/mediaservices/mediabasictest2458?api-version=2023-01-01",
      "RequestMethod": "DELETE",
      "RequestHeaders": {
        "Accept": "application/json",
        "Authorization": "Sanitized",
        "traceparent": "00-e3c40a733b5d4c5cd9d7e6691cf153e4-bb31636e36686acb-00",
        "User-Agent": "azsdk-net-ResourceManager.Media/1.2.0-alpha.20230321.1 (.NET 6.0.15; Microsoft Windows 10.0.22621)",
        "x-ms-client-request-id": "9ee42e2e5979dfce8119886e578ccebf",
        "x-ms-return-client-request-id": "true"
      },
      "RequestBody": null,
      "StatusCode": 200,
      "ResponseHeaders": {
        "Cache-Control": "no-cache",
        "Content-Length": "0",
        "Date": "Wed, 22 Mar 2023 06:35:23 GMT",
        "Expires": "-1",
        "Pragma": "no-cache",
        "Server": "Microsoft-HTTPAPI/2.0",
        "Strict-Transport-Security": "max-age=31536000; includeSubDomains",
        "X-Content-Type-Options": "nosniff",
        "x-ms-client-request-id": "9ee42e2e5979dfce8119886e578ccebf",
        "x-ms-correlation-request-id": "422455fc-12ca-418c-af5f-b817bedb64ba",
        "x-ms-ratelimit-remaining-subscription-deletes": "14988",
        "x-ms-request-id": "cd34685b-1232-4dce-a22f-d40f16b039a8",
        "x-ms-routing-request-id": "WESTCENTRALUS:20230322T063524Z:422455fc-12ca-418c-af5f-b817bedb64ba"
      },
      "ResponseBody": null
    },
    {
      "RequestUri": "https://management.azure.com/subscriptions/c526bbbc-c5ff-46b0-9ca8-3e8cb92a2cf5/resourceGroups/MediaServiceRG9313/providers/Microsoft.Media/mediaservices/mediabasictest2458?api-version=2023-01-01",
      "RequestMethod": "GET",
      "RequestHeaders": {
        "Accept": "application/json",
        "Authorization": "Sanitized",
        "traceparent": "00-b416f3e619b47b664887cb6c7271d0b7-766cd6b0144fe588-00",
        "User-Agent": "azsdk-net-ResourceManager.Media/1.2.0-alpha.20230321.1 (.NET 6.0.15; Microsoft Windows 10.0.22621)",
        "x-ms-client-request-id": "dfb2052a1519ed3c6b3d7e385b42091b",
        "x-ms-return-client-request-id": "true"
      },
      "RequestBody": null,
      "StatusCode": 404,
      "ResponseHeaders": {
        "Cache-Control": "no-cache",
        "Content-Length": "238",
        "Content-Type": "application/json; charset=utf-8",
        "Date": "Wed, 22 Mar 2023 06:35:23 GMT",
        "Expires": "-1",
        "Pragma": "no-cache",
        "Strict-Transport-Security": "max-age=31536000; includeSubDomains",
        "X-Content-Type-Options": "nosniff",
        "x-ms-correlation-request-id": "e1906bc3-8aff-48e1-b6ec-7b79e74bc92a",
        "x-ms-failure-cause": "gateway",
        "x-ms-request-id": "e1906bc3-8aff-48e1-b6ec-7b79e74bc92a",
        "x-ms-routing-request-id": "WESTCENTRALUS:20230322T063524Z:e1906bc3-8aff-48e1-b6ec-7b79e74bc92a"
      },
      "ResponseBody": {
        "error": {
          "code": "ResourceNotFound",
          "message": "The Resource \u0027Microsoft.Media/mediaservices/mediabasictest2458\u0027 under resource group \u0027MediaServiceRG9313\u0027 was not found. For more details please go to https://aka.ms/ARMResourceNotFoundFix"
        }
      }
    }
  ],
  "Variables": {
    "AZURE_AUTHORITY_HOST": "https://login.microsoftonline.com",
    "DateTimeOffsetNow": "2023-03-21T23:35:19.3029767-07:00",
    "RandomSeed": "1278396248",
    "RESOURCE_MANAGER_URL": null,
    "SUBSCRIPTION_ID": "c526bbbc-c5ff-46b0-9ca8-3e8cb92a2cf5"
  }
}
