{
  "Entries": [
    {
      "RequestUri": "https://localtestacr01.azurecr.io/acr/v1/library%2Fhello-world/_tags/test-delete-tag",
      "RequestMethod": "DELETE",
      "RequestHeaders": {
        "Accept": "application/json",
        "User-Agent": [
          "azsdk-net-Containers.ContainerRegistry/1.0.0-alpha.20210502.1",
          "(.NET Core 4.6.29916.01; Microsoft Windows 10.0.19042 )"
        ],
        "x-ms-client-request-id": "1d9fa790f95f011b0fcfe69c784c6916",
        "x-ms-return-client-request-id": "true"
      },
      "RequestBody": null,
      "StatusCode": 401,
      "ResponseHeaders": {
        "Access-Control-Expose-Headers": [
          "Docker-Content-Digest",
          "WWW-Authenticate",
          "Link",
          "X-Ms-Correlation-Request-Id"
        ],
        "Connection": "keep-alive",
        "Content-Length": "214",
        "Content-Type": "application/json; charset=utf-8",
        "Date": "Mon, 03 May 2021 16:54:30 GMT",
        "Docker-Distribution-Api-Version": "registry/2.0",
        "Server": "openresty",
        "Strict-Transport-Security": [
          "max-age=31536000; includeSubDomains",
          "max-age=31536000; includeSubDomains"
        ],
        "WWW-Authenticate": "Bearer realm=\u0022https://localtestacr01.azurecr.io/oauth2/token\u0022,service=\u0022localtestacr01.azurecr.io\u0022,scope=\u0022repository:library/hello-world:delete\u0022",
        "X-Content-Type-Options": "nosniff",
        "X-Ms-Correlation-Request-Id": "444d1ad6-a954-48c2-889d-d8dfdbf2b439"
      },
      "ResponseBody": {
        "errors": [
          {
            "code": "UNAUTHORIZED",
            "message": "authentication required, visit https://aka.ms/acr/authorization for more information.",
            "detail": [
              {
                "Type": "repository",
                "Name": "library/hello-world",
                "Action": "delete"
              }
            ]
          }
        ]
      }
    },
    {
      "RequestUri": "https://localtestacr01.azurecr.io/oauth2/exchange",
      "RequestMethod": "POST",
      "RequestHeaders": {
        "Accept": "application/json",
        "Content-Length": "80",
        "Content-Type": "application/x-www-form-urlencoded",
        "User-Agent": [
          "azsdk-net-Containers.ContainerRegistry/1.0.0-alpha.20210502.1",
          "(.NET Core 4.6.29916.01; Microsoft Windows 10.0.19042 )"
        ],
        "x-ms-client-request-id": "a57042dc50ad4b370e80bfe128ea1b17",
        "x-ms-return-client-request-id": "true"
      },
      "RequestBody": "grant_type=access_token\u0026service=localtestacr01.azurecr.io\u0026access_token=Sanitized",
      "StatusCode": 200,
      "ResponseHeaders": {
        "Connection": "keep-alive",
        "Content-Type": "application/json; charset=utf-8",
        "Date": "Mon, 03 May 2021 16:54:30 GMT",
        "Server": "openresty",
        "Strict-Transport-Security": "max-age=31536000; includeSubDomains",
        "Transfer-Encoding": "chunked",
        "X-Ms-Correlation-Request-Id": "804b5953-47c9-4e49-8f89-e89873a5d964",
        "x-ms-ratelimit-remaining-calls-per-second": "165.883333"
      },
      "ResponseBody": {
        "refresh_token": "Sanitized"
      }
    },
    {
      "RequestUri": "https://localtestacr01.azurecr.io/oauth2/token",
      "RequestMethod": "POST",
      "RequestHeaders": {
        "Accept": "application/json",
        "Content-Length": "132",
        "Content-Type": "application/x-www-form-urlencoded",
        "User-Agent": [
          "azsdk-net-Containers.ContainerRegistry/1.0.0-alpha.20210502.1",
          "(.NET Core 4.6.29916.01; Microsoft Windows 10.0.19042 )"
        ],
        "x-ms-client-request-id": "df663b0fd5827062abf90f5ffa52c73d",
        "x-ms-return-client-request-id": "true"
      },
      "RequestBody": "grant_type=refresh_token\u0026service=localtestacr01.azurecr.io\u0026scope=repository%3alibrary%2fhello-world%3adelete\u0026refresh_token=Sanitized",
      "StatusCode": 200,
      "ResponseHeaders": {
        "Connection": "close",
        "Content-Type": "application/json; charset=utf-8",
        "Date": "Mon, 03 May 2021 16:54:30 GMT",
        "Server": "openresty",
        "Strict-Transport-Security": "max-age=31536000; includeSubDomains",
        "Transfer-Encoding": "chunked",
        "X-Ms-Correlation-Request-Id": "8a73137b-0c59-4cfb-acdb-d373ef06b765",
        "x-ms-ratelimit-remaining-calls-per-second": "165.866667"
      },
      "ResponseBody": {
        "access_token": "Sanitized"
      }
    },
    {
      "RequestUri": "https://localtestacr01.azurecr.io/acr/v1/library%2Fhello-world/_tags/test-delete-tag",
      "RequestMethod": "DELETE",
      "RequestHeaders": {
        "Accept": "application/json",
        "Authorization": "Sanitized",
        "User-Agent": [
          "azsdk-net-Containers.ContainerRegistry/1.0.0-alpha.20210502.1",
          "(.NET Core 4.6.29916.01; Microsoft Windows 10.0.19042 )"
        ],
        "x-ms-client-request-id": "1d9fa790f95f011b0fcfe69c784c6916",
        "x-ms-return-client-request-id": "true"
      },
      "RequestBody": null,
      "StatusCode": 202,
      "ResponseHeaders": {
        "Access-Control-Expose-Headers": [
          "Docker-Content-Digest",
          "WWW-Authenticate",
          "Link",
          "X-Ms-Correlation-Request-Id"
        ],
        "Connection": "keep-alive",
        "Content-Length": "0",
        "Date": "Mon, 03 May 2021 16:54:31 GMT",
        "Docker-Distribution-Api-Version": "registry/2.0",
        "Server": "openresty",
        "Strict-Transport-Security": [
          "max-age=31536000; includeSubDomains",
          "max-age=31536000; includeSubDomains"
        ],
        "X-Content-Type-Options": "nosniff",
        "X-Ms-Client-Request-Id": "1d9fa790f95f011b0fcfe69c784c6916",
        "X-Ms-Correlation-Request-Id": "307e4e8f-35a5-4170-9057-588711765d97",
        "X-Ms-Int-Docker-Content-Digest": "sha256:f2266cbfc127c960fd30e76b7c792dc23b588c0db76233517e1891a4e357d519",
        "X-Ms-Ratelimit-Remaining-Calls-Per-Second": "8.000000",
        "X-Ms-Request-Id": "4f5df8cb-40ec-4a10-a5f5-4473ea3797d6"
      },
      "ResponseBody": []
    },
    {
      "RequestUri": "https://localtestacr01.azurecr.io/acr/v1/library%2Fhello-world/_tags/test-delete-tag",
      "RequestMethod": "GET",
      "RequestHeaders": {
        "Accept": "application/json",
        "User-Agent": [
          "azsdk-net-Containers.ContainerRegistry/1.0.0-alpha.20210502.1",
          "(.NET Core 4.6.29916.01; Microsoft Windows 10.0.19042 )"
        ],
        "x-ms-client-request-id": "40ac30a870e3400a6f530fde393ad924",
        "x-ms-return-client-request-id": "true"
      },
      "RequestBody": null,
      "StatusCode": 401,
      "ResponseHeaders": {
        "Access-Control-Expose-Headers": [
          "Docker-Content-Digest",
          "WWW-Authenticate",
          "Link",
          "X-Ms-Correlation-Request-Id"
        ],
        "Connection": "keep-alive",
        "Content-Length": "221",
        "Content-Type": "application/json; charset=utf-8",
        "Date": "Mon, 03 May 2021 16:54:36 GMT",
        "Docker-Distribution-Api-Version": "registry/2.0",
        "Server": "openresty",
        "Strict-Transport-Security": [
          "max-age=31536000; includeSubDomains",
          "max-age=31536000; includeSubDomains"
        ],
        "WWW-Authenticate": "Bearer realm=\u0022https://localtestacr01.azurecr.io/oauth2/token\u0022,service=\u0022localtestacr01.azurecr.io\u0022,scope=\u0022repository:library/hello-world:metadata_read\u0022",
        "X-Content-Type-Options": "nosniff",
        "X-Ms-Correlation-Request-Id": "86f2fa57-74d8-4b2e-9b5a-cc38383c8bbe"
      },
      "ResponseBody": {
        "errors": [
          {
            "code": "UNAUTHORIZED",
            "message": "authentication required, visit https://aka.ms/acr/authorization for more information.",
            "detail": [
              {
                "Type": "repository",
                "Name": "library/hello-world",
                "Action": "metadata_read"
              }
            ]
          }
        ]
      }
    },
    {
      "RequestUri": "https://localtestacr01.azurecr.io/oauth2/token",
      "RequestMethod": "POST",
      "RequestHeaders": {
        "Accept": "application/json",
        "Content-Length": "139",
        "Content-Type": "application/x-www-form-urlencoded",
        "User-Agent": [
          "azsdk-net-Containers.ContainerRegistry/1.0.0-alpha.20210502.1",
          "(.NET Core 4.6.29916.01; Microsoft Windows 10.0.19042 )"
        ],
        "x-ms-client-request-id": "3c8dceb48ae60693e0fffab440d851bc",
        "x-ms-return-client-request-id": "true"
      },
      "RequestBody": "grant_type=refresh_token\u0026service=localtestacr01.azurecr.io\u0026scope=repository%3alibrary%2fhello-world%3ametadata_read\u0026refresh_token=Sanitized",
      "StatusCode": 200,
      "ResponseHeaders": {
        "Connection": "keep-alive",
        "Content-Type": "application/json; charset=utf-8",
        "Date": "Mon, 03 May 2021 16:54:36 GMT",
        "Server": "openresty",
        "Strict-Transport-Security": "max-age=31536000; includeSubDomains",
        "Transfer-Encoding": "chunked",
        "X-Ms-Correlation-Request-Id": "47f814e0-49bd-4770-9ed7-8b2049669bf7",
        "x-ms-ratelimit-remaining-calls-per-second": "166.633333"
      },
      "ResponseBody": {
        "access_token": "Sanitized"
      }
    },
    {
      "RequestUri": "https://localtestacr01.azurecr.io/acr/v1/library%2Fhello-world/_tags/test-delete-tag",
      "RequestMethod": "GET",
      "RequestHeaders": {
        "Accept": "application/json",
        "Authorization": "Sanitized",
        "User-Agent": [
          "azsdk-net-Containers.ContainerRegistry/1.0.0-alpha.20210502.1",
          "(.NET Core 4.6.29916.01; Microsoft Windows 10.0.19042 )"
        ],
        "x-ms-client-request-id": "40ac30a870e3400a6f530fde393ad924",
        "x-ms-return-client-request-id": "true"
      },
      "RequestBody": null,
      "StatusCode": 404,
      "ResponseHeaders": {
        "Access-Control-Expose-Headers": [
          "Docker-Content-Digest",
          "WWW-Authenticate",
          "Link",
          "X-Ms-Correlation-Request-Id"
        ],
        "Connection": "keep-alive",
        "Content-Length": "80",
        "Content-Type": "application/json; charset=utf-8",
        "Date": "Mon, 03 May 2021 16:54:36 GMT",
        "Docker-Distribution-Api-Version": "registry/2.0",
        "Server": "openresty",
        "Strict-Transport-Security": [
          "max-age=31536000; includeSubDomains",
          "max-age=31536000; includeSubDomains"
        ],
        "X-Content-Type-Options": "nosniff",
        "X-Ms-Correlation-Request-Id": "f3c8d73a-c608-4bed-8485-9c3155fcdabe"
      },
      "ResponseBody": {
        "errors": [
          {
            "code": "TAG_UNKNOWN",
            "message": "the specified tag does not exist"
          }
        ]
      }
    }
  ],
  "Variables": {
    "CLIENT_ID": "9de00b2f-0a92-4543-9928-f49b89bb1448",
    "CONTAINERREGISTRY_ENDPOINT": "https://localtestacr01.azurecr.io",
    "CONTAINERREGISTRY_REGISTRY_NAME": "localtestacr01",
    "RandomSeed": "677472848",
    "RESOURCE_GROUP": "rg-localtestacr01",
    "SUBSCRIPTION_ID": "faa080af-c1d8-40ad-9cce-e1a450ca5b57",
    "TENANT_ID": "72f988bf-86f1-41af-91ab-2d7cd011db47"
  }
}