{
  "Entries": [
    {
      "RequestUri": "https://mohitcontainerregistry.azurecr.io/acr/v1/library%2Fhello-world/_tags/test-delete-tag?api-version=2021-07-01",
      "RequestMethod": "DELETE",
      "RequestHeaders": {
        "Accept": "application/json",
        "User-Agent": "azsdk-net-Containers.ContainerRegistry/1.1.0-alpha.20220325.1 (.NET Core 3.1.23; Microsoft Windows 10.0.22000)",
        "x-ms-client-request-id": "a9928decf48371aa73d2d8c29c7f52c8",
        "x-ms-return-client-request-id": "true"
      },
      "RequestBody": null,
      "StatusCode": 401,
      "ResponseHeaders": {
        "Access-Control-Expose-Headers": [
          "Docker-Content-Digest",
          "WWW-Authenticate",
          "Link",
          "X-Ms-Correlation-Request-Id"
        ],
        "Connection": "keep-alive",
        "Content-Length": "215",
        "Content-Type": "application/json; charset=utf-8",
        "Date": "Sun, 27 Mar 2022 00:15:04 GMT",
        "Docker-Distribution-Api-Version": "registry/2.0",
        "Server": "openresty",
        "Strict-Transport-Security": [
          "max-age=31536000; includeSubDomains",
          "max-age=31536000; includeSubDomains"
        ],
        "WWW-Authenticate": "Bearer realm=\u0022https://mohitcontainerregistry.azurecr.io/oauth2/token\u0022,service=\u0022mohitcontainerregistry.azurecr.io\u0022,scope=\u0022repository:library/hello-world:delete\u0022",
        "X-Content-Type-Options": "nosniff",
        "X-Ms-Correlation-Request-Id": "f7d022e0-9423-419a-afa9-93d861feb489"
      },
      "ResponseBody": {
        "errors": [
          {
            "code": "UNAUTHORIZED",
            "message": "authentication required, visit https://aka.ms/acr/authorization for more information.",
            "detail": [
              {
                "Type": "repository",
                "Name": "library/hello-world",
                "Action": "delete"
              }
            ]
          }
        ]
      }
    },
    {
      "RequestUri": "https://mohitcontainerregistry.azurecr.io/oauth2/exchange?api-version=2021-07-01",
      "RequestMethod": "POST",
      "RequestHeaders": {
        "Accept": "application/json",
        "Content-Length": "88",
        "Content-Type": "application/x-www-form-urlencoded",
        "User-Agent": "azsdk-net-Containers.ContainerRegistry/1.1.0-alpha.20220325.1 (.NET Core 3.1.23; Microsoft Windows 10.0.22000)",
        "x-ms-client-request-id": "9d95ffca82d7df99dcb69c0142a61f5d",
        "x-ms-return-client-request-id": "true"
      },
      "RequestBody": "grant_type=access_token\u0026service=mohitcontainerregistry.azurecr.io\u0026access_token=Sanitized",
      "StatusCode": 200,
      "ResponseHeaders": {
        "Connection": "keep-alive",
        "Content-Type": "application/json; charset=utf-8",
        "Date": "Sun, 27 Mar 2022 00:15:04 GMT",
        "Server": "openresty",
        "Strict-Transport-Security": "max-age=31536000; includeSubDomains",
        "Transfer-Encoding": "chunked",
        "X-Ms-Correlation-Request-Id": "12d0ef21-4f75-4571-89e6-8b6e5c2a8320",
        "x-ms-ratelimit-remaining-calls-per-second": "166.433333"
      },
      "ResponseBody": {
        "refresh_token": "Sanitized"
      }
    },
    {
      "RequestUri": "https://mohitcontainerregistry.azurecr.io/oauth2/token?api-version=2021-07-01",
      "RequestMethod": "POST",
      "RequestHeaders": {
        "Accept": "application/json",
        "Content-Length": "140",
        "Content-Type": "application/x-www-form-urlencoded",
        "User-Agent": "azsdk-net-Containers.ContainerRegistry/1.1.0-alpha.20220325.1 (.NET Core 3.1.23; Microsoft Windows 10.0.22000)",
        "x-ms-client-request-id": "5dde7b8fd759beb7bfe0a66eb17d1c02",
        "x-ms-return-client-request-id": "true"
      },
      "RequestBody": "service=mohitcontainerregistry.azurecr.io\u0026scope=repository%3Alibrary%2Fhello-world%3Adelete\u0026refresh_token=Sanitized\u0026grant_type=refresh_token",
      "StatusCode": 200,
      "ResponseHeaders": {
        "Connection": "keep-alive",
        "Content-Type": "application/json; charset=utf-8",
        "Date": "Sun, 27 Mar 2022 00:15:04 GMT",
        "Server": "openresty",
        "Strict-Transport-Security": "max-age=31536000; includeSubDomains",
        "Transfer-Encoding": "chunked",
        "X-Ms-Correlation-Request-Id": "62832864-244e-41ac-9ac8-b69a1df1492f",
        "x-ms-ratelimit-remaining-calls-per-second": "166.233333"
      },
      "ResponseBody": {
        "access_token": "Sanitized"
      }
    },
    {
      "RequestUri": "https://mohitcontainerregistry.azurecr.io/acr/v1/library%2Fhello-world/_tags/test-delete-tag?api-version=2021-07-01",
      "RequestMethod": "DELETE",
      "RequestHeaders": {
        "Accept": "application/json",
        "Authorization": "Sanitized",
        "User-Agent": "azsdk-net-Containers.ContainerRegistry/1.1.0-alpha.20220325.1 (.NET Core 3.1.23; Microsoft Windows 10.0.22000)",
        "x-ms-client-request-id": "a9928decf48371aa73d2d8c29c7f52c8",
        "x-ms-return-client-request-id": "true"
      },
      "RequestBody": null,
      "StatusCode": 202,
      "ResponseHeaders": {
        "Access-Control-Expose-Headers": [
          "Docker-Content-Digest",
          "WWW-Authenticate",
          "Link",
          "X-Ms-Correlation-Request-Id"
        ],
        "Connection": "keep-alive",
        "Content-Length": "0",
        "Date": "Sun, 27 Mar 2022 00:15:04 GMT",
        "Docker-Distribution-Api-Version": "registry/2.0",
        "Server": "openresty",
        "Strict-Transport-Security": [
          "max-age=31536000; includeSubDomains",
          "max-age=31536000; includeSubDomains"
        ],
        "X-Content-Type-Options": "nosniff",
        "X-Ms-Client-Request-Id": "a9928decf48371aa73d2d8c29c7f52c8",
        "X-Ms-Correlation-Request-Id": "a643f016-1e1a-43ac-8655-ca5b938fa9d4",
        "X-Ms-Int-Docker-Content-Digest": "sha256:bfea6278a0a267fad2634554f4f0c6f31981eea41c553fdf5a83e95a41d40c38",
        "X-Ms-Ratelimit-Remaining-Calls-Per-Second": "8.000000",
        "X-Ms-Request-Id": "e20002ce-c8d0-4200-bf86-ed9ec653a26e"
      },
      "ResponseBody": null
    },
    {
      "RequestUri": "https://mohitcontainerregistry.azurecr.io/acr/v1/library%2Fhello-world/_tags/test-delete-tag?api-version=2021-07-01",
      "RequestMethod": "GET",
      "RequestHeaders": {
        "Accept": "application/json",
        "User-Agent": "azsdk-net-Containers.ContainerRegistry/1.1.0-alpha.20220325.1 (.NET Core 3.1.23; Microsoft Windows 10.0.22000)",
        "x-ms-client-request-id": "b46c265a08b469f8f3b2cccd58a82ecc",
        "x-ms-return-client-request-id": "true"
      },
      "RequestBody": null,
      "StatusCode": 401,
      "ResponseHeaders": {
        "Access-Control-Expose-Headers": [
          "Docker-Content-Digest",
          "WWW-Authenticate",
          "Link",
          "X-Ms-Correlation-Request-Id"
        ],
        "Connection": "keep-alive",
        "Content-Length": "222",
        "Content-Type": "application/json; charset=utf-8",
        "Date": "Sun, 27 Mar 2022 00:15:04 GMT",
        "Docker-Distribution-Api-Version": "registry/2.0",
        "Server": "openresty",
        "Strict-Transport-Security": [
          "max-age=31536000; includeSubDomains",
          "max-age=31536000; includeSubDomains"
        ],
        "WWW-Authenticate": "Bearer realm=\u0022https://mohitcontainerregistry.azurecr.io/oauth2/token\u0022,service=\u0022mohitcontainerregistry.azurecr.io\u0022,scope=\u0022repository:library/hello-world:metadata_read\u0022",
        "X-Content-Type-Options": "nosniff",
        "X-Ms-Correlation-Request-Id": "3eb1074c-cb32-4186-bfd4-c142b8d5ef90"
      },
      "ResponseBody": {
        "errors": [
          {
            "code": "UNAUTHORIZED",
            "message": "authentication required, visit https://aka.ms/acr/authorization for more information.",
            "detail": [
              {
                "Type": "repository",
                "Name": "library/hello-world",
                "Action": "metadata_read"
              }
            ]
          }
        ]
      }
    },
    {
      "RequestUri": "https://mohitcontainerregistry.azurecr.io/oauth2/token?api-version=2021-07-01",
      "RequestMethod": "POST",
      "RequestHeaders": {
        "Accept": "application/json",
        "Content-Length": "147",
        "Content-Type": "application/x-www-form-urlencoded",
        "User-Agent": "azsdk-net-Containers.ContainerRegistry/1.1.0-alpha.20220325.1 (.NET Core 3.1.23; Microsoft Windows 10.0.22000)",
        "x-ms-client-request-id": "20337bb2f5a1f26e47d6def6dc2a2e5e",
        "x-ms-return-client-request-id": "true"
      },
      "RequestBody": "service=mohitcontainerregistry.azurecr.io\u0026scope=repository%3Alibrary%2Fhello-world%3Ametadata_read\u0026refresh_token=Sanitized\u0026grant_type=refresh_token",
      "StatusCode": 200,
      "ResponseHeaders": {
        "Connection": "keep-alive",
        "Content-Type": "application/json; charset=utf-8",
        "Date": "Sun, 27 Mar 2022 00:15:04 GMT",
        "Server": "openresty",
        "Strict-Transport-Security": "max-age=31536000; includeSubDomains",
        "Transfer-Encoding": "chunked",
        "X-Ms-Correlation-Request-Id": "b2fd62a5-e598-4b5a-9e46-ecf752cd99a3",
        "x-ms-ratelimit-remaining-calls-per-second": "166.216667"
      },
      "ResponseBody": {
        "access_token": "Sanitized"
      }
    },
    {
      "RequestUri": "https://mohitcontainerregistry.azurecr.io/acr/v1/library%2Fhello-world/_tags/test-delete-tag?api-version=2021-07-01",
      "RequestMethod": "GET",
      "RequestHeaders": {
        "Accept": "application/json",
        "Authorization": "Sanitized",
        "User-Agent": "azsdk-net-Containers.ContainerRegistry/1.1.0-alpha.20220325.1 (.NET Core 3.1.23; Microsoft Windows 10.0.22000)",
        "x-ms-client-request-id": "b46c265a08b469f8f3b2cccd58a82ecc",
        "x-ms-return-client-request-id": "true"
      },
      "RequestBody": null,
      "StatusCode": 404,
      "ResponseHeaders": {
        "Access-Control-Expose-Headers": [
          "Docker-Content-Digest",
          "WWW-Authenticate",
          "Link",
          "X-Ms-Correlation-Request-Id"
        ],
        "Connection": "keep-alive",
        "Content-Length": "81",
        "Content-Type": "application/json; charset=utf-8",
        "Date": "Sun, 27 Mar 2022 00:15:05 GMT",
        "Docker-Distribution-Api-Version": "registry/2.0",
        "Server": "openresty",
        "Strict-Transport-Security": [
          "max-age=31536000; includeSubDomains",
          "max-age=31536000; includeSubDomains"
        ],
        "X-Content-Type-Options": "nosniff",
        "X-Ms-Correlation-Request-Id": "58f24d1c-b6a5-43bc-aa00-9639f3905446"
      },
      "ResponseBody": {
        "errors": [
          {
            "code": "TAG_UNKNOWN",
            "message": "the specified tag does not exist"
          }
        ]
      }
    }
  ],
  "Variables": {
    "CLIENT_ID": "03b1a243-eccf-42e3-bcf9-6c81139c8e05",
    "CONTAINERREGISTRY_ENDPOINT": "https://mohitcontainerregistry.azurecr.io",
    "CONTAINERREGISTRY_REGISTRY_NAME": "mohitcontainerregistry",
    "RandomSeed": "758407975",
    "RESOURCE_GROUP": "rg-mohitcontainerregistry",
    "SUBSCRIPTION_ID": "faa080af-c1d8-40ad-9cce-e1a450ca5b57",
    "TENANT_ID": "72f988bf-86f1-41af-91ab-2d7cd011db47"
  }
}
