{
  "Entries": [
    {
      "RequestUri": "https://mohitcontainerregistryanon.azurecr.io/acr/v1/library%2Fhello-world/_tags/latest?api-version=2021-07-01",
      "RequestMethod": "GET",
      "RequestHeaders": {
        "Accept": "application/json",
        "User-Agent": [
          "azsdk-net-Containers.ContainerRegistry/1.0.0-alpha.20211116.1",
          "(.NET Core 3.1.21; Microsoft Windows 10.0.22000)"
        ],
        "x-ms-client-request-id": "10b933adb9b006db2ba9dcc6f5b801f4",
        "x-ms-return-client-request-id": "true"
      },
      "RequestBody": null,
      "StatusCode": 401,
      "ResponseHeaders": {
        "Access-Control-Expose-Headers": [
          "Docker-Content-Digest",
          "WWW-Authenticate",
          "Link",
          "X-Ms-Correlation-Request-Id"
        ],
        "Connection": "keep-alive",
        "Content-Length": "222",
        "Content-Type": "application/json; charset=utf-8",
        "Date": "Tue, 16 Nov 2021 19:09:37 GMT",
        "Docker-Distribution-Api-Version": "registry/2.0",
        "Server": "openresty",
        "Strict-Transport-Security": [
          "max-age=31536000; includeSubDomains",
          "max-age=31536000; includeSubDomains"
        ],
        "WWW-Authenticate": "Bearer realm=\u0022https://mohitcontainerregistryanon.azurecr.io/oauth2/token\u0022,service=\u0022mohitcontainerregistryanon.azurecr.io\u0022,scope=\u0022repository:library/hello-world:metadata_read\u0022",
        "X-Content-Type-Options": "nosniff",
        "X-Ms-Correlation-Request-Id": "aa2a1ce2-4aba-4ac3-b058-42497bde5d3d"
      },
      "ResponseBody": [
        "{\u0022errors\u0022:[{\u0022code\u0022:\u0022UNAUTHORIZED\u0022,\u0022message\u0022:\u0022authentication required, visit https://aka.ms/acr/authorization for more information.\u0022,\u0022detail\u0022:[{\u0022Type\u0022:\u0022repository\u0022,\u0022Name\u0022:\u0022library/hello-world\u0022,\u0022Action\u0022:\u0022metadata_read\u0022}]}]}\n"
      ]
    },
    {
      "RequestUri": "https://mohitcontainerregistryanon.azurecr.io/oauth2/token?api-version=2021-07-01",
      "RequestMethod": "POST",
      "RequestHeaders": {
        "Accept": "application/json",
        "Content-Length": "146",
        "Content-Type": "application/x-www-form-urlencoded",
        "User-Agent": [
          "azsdk-net-Containers.ContainerRegistry/1.0.0-alpha.20211116.1",
          "(.NET Core 3.1.21; Microsoft Windows 10.0.22000)"
        ],
        "x-ms-client-request-id": "d89ff65bed4ef0593e63bf9bc15ad0b5",
        "x-ms-return-client-request-id": "true"
      },
      "RequestBody": "service=mohitcontainerregistryanon.azurecr.io\u0026scope=repository%3alibrary%2fhello-world%3ametadata_read\u0026refresh_token=Sanitized\u0026grant_type=password",
      "StatusCode": 200,
      "ResponseHeaders": {
        "Connection": "keep-alive",
        "Content-Type": "application/json; charset=utf-8",
        "Date": "Tue, 16 Nov 2021 19:09:37 GMT",
        "Server": "openresty",
        "Strict-Transport-Security": "max-age=31536000; includeSubDomains",
        "Transfer-Encoding": "chunked",
        "X-Ms-Correlation-Request-Id": "26e72f75-11d0-47d2-8477-acf93ed69be8",
        "x-ms-ratelimit-remaining-calls-per-second": "166.15"
      },
      "ResponseBody": {
        "access_token": "eyJhbGciOiJSUzI1NiIsInR5cCI6IkpXVCIsImtpZCI6IkVERFE6SFVYWDpMQzQ3OlpCUk06T0k0WTpPUjY2OkFVWko6Qlk3RTo3N0pWOjU0UlI6UU1BSzpOTDI1In0.eyJqdGkiOiI1NTU0ZmY5MS00YzhkLTQyNjYtOTk1Yy03ZTA1ODQ2MWJhNjEiLCJzdWIiOiJhY3JfYW5vbl9wdWxsIiwibmJmIjoxNjM3MDg4NzcyLCJleHAiOjE2MzcwODk5NzIsImlhdCI6MTYzNzA4ODc3MiwiaXNzIjoiQXp1cmUgQ29udGFpbmVyIFJlZ2lzdHJ5IiwiYXVkIjoibW9oaXRjb250YWluZXJyZWdpc3RyeWFub24uYXp1cmVjci5pbyIsInZlcnNpb24iOiIxLjAiLCJyaWQiOiI4M2RkZjViZjQzMzc0NDMzOWNhMGIxZTQ1MTVkODExMiIsImFjY2VzcyI6W3siVHlwZSI6InJlcG9zaXRvcnkiLCJOYW1lIjoiKiIsIkFjdGlvbnMiOlsicHVsbCJdfV0sInJvbGVzIjpbXSwiZ3JhbnRfdHlwZSI6ImFjY2Vzc190b2tlbiJ9.tlWLBWw0bj0D1k3H_fcO8Px9odP2y_weP1Hu0ddDkZOMMP52MDbQOGa4hcOuGPwcmYliNeBz6A5YDM-x0rU17MqRn2eS53h8DE1wJDTkhcBsGQnkpFiGAhHdBScVJA76PuA7Ry5WbNikkfSrBH69W-Eb3OV9hyeWu3_SFRSWdSq4KizRGAZapripb6_r3iOW43cZknZ9VcE04qg_BznVuT2CrV1d06lXtb3MCMD1wDnxRBEEtswav6TFo0Dv9J8TIKozBGxR-TcMv5OAkVnG2LgFwwrPwR-wxPpvYkUUP5USP7bEiDk72OWvXFVcPkBWZjlqbEJy0g33vaiBPju4eg"
      }
    },
    {
      "RequestUri": "https://mohitcontainerregistryanon.azurecr.io/acr/v1/library%2Fhello-world/_tags/latest?api-version=2021-07-01",
      "RequestMethod": "GET",
      "RequestHeaders": {
        "Accept": "application/json",
        "Authorization": "Sanitized",
        "User-Agent": [
          "azsdk-net-Containers.ContainerRegistry/1.0.0-alpha.20211116.1",
          "(.NET Core 3.1.21; Microsoft Windows 10.0.22000)"
        ],
        "x-ms-client-request-id": "10b933adb9b006db2ba9dcc6f5b801f4",
        "x-ms-return-client-request-id": "true"
      },
      "RequestBody": null,
      "StatusCode": 200,
      "ResponseHeaders": {
        "Access-Control-Expose-Headers": [
          "Docker-Content-Digest",
          "WWW-Authenticate",
          "Link",
          "X-Ms-Correlation-Request-Id"
        ],
        "Connection": "keep-alive",
        "Content-Length": "406",
        "Content-Type": "application/json; charset=utf-8",
        "Date": "Tue, 16 Nov 2021 19:09:37 GMT",
        "Docker-Distribution-Api-Version": "registry/2.0",
        "Server": "openresty",
        "Strict-Transport-Security": [
          "max-age=31536000; includeSubDomains",
          "max-age=31536000; includeSubDomains"
        ],
        "X-Content-Type-Options": "nosniff",
        "X-Ms-Correlation-Request-Id": "8bc21c29-d308-4daa-afdc-97522ea53ea6"
      },
      "ResponseBody": [
        "{\u0022registry\u0022:\u0022mohitcontainerregistryanon.azurecr.io\u0022,\u0022imageName\u0022:\u0022library/hello-world\u0022,\u0022tag\u0022:{\u0022name\u0022:\u0022latest\u0022,\u0022digest\u0022:\u0022sha256:cc15c5b292d8525effc0f89cb299f1804f3a725c8d05e158653a563f15e4f685\u0022,\u0022createdTime\u0022:\u00222021-11-16T19:02:17.6799151Z\u0022,\u0022lastUpdateTime\u0022:\u00222021-11-16T19:02:17.6799151Z\u0022,\u0022signed\u0022:false,\u0022changeableAttributes\u0022:{\u0022deleteEnabled\u0022:true,\u0022writeEnabled\u0022:true,\u0022readEnabled\u0022:true,\u0022listEnabled\u0022:true}}}\n"
      ]
    },
    {
      "RequestUri": "https://mohitcontainerregistryanon.azurecr.io/acr/v1/library%2Fhello-world/_tags?n=2\u0026digest=sha256%3Acc15c5b292d8525effc0f89cb299f1804f3a725c8d05e158653a563f15e4f685\u0026api-version=2021-07-01",
      "RequestMethod": "GET",
      "RequestHeaders": {
        "Accept": "application/json",
        "User-Agent": [
          "azsdk-net-Containers.ContainerRegistry/1.0.0-alpha.20211116.1",
          "(.NET Core 3.1.21; Microsoft Windows 10.0.22000)"
        ],
        "x-ms-client-request-id": "d046f57ff21e864e1d0d7de9f0f5dfd0",
        "x-ms-return-client-request-id": "true"
      },
      "RequestBody": null,
      "StatusCode": 401,
      "ResponseHeaders": {
        "Access-Control-Expose-Headers": [
          "Docker-Content-Digest",
          "WWW-Authenticate",
          "Link",
          "X-Ms-Correlation-Request-Id"
        ],
        "Connection": "keep-alive",
        "Content-Length": "222",
        "Content-Type": "application/json; charset=utf-8",
        "Date": "Tue, 16 Nov 2021 19:09:37 GMT",
        "Docker-Distribution-Api-Version": "registry/2.0",
        "Server": "openresty",
        "Strict-Transport-Security": [
          "max-age=31536000; includeSubDomains",
          "max-age=31536000; includeSubDomains"
        ],
        "WWW-Authenticate": "Bearer realm=\u0022https://mohitcontainerregistryanon.azurecr.io/oauth2/token\u0022,service=\u0022mohitcontainerregistryanon.azurecr.io\u0022,scope=\u0022repository:library/hello-world:metadata_read\u0022",
        "X-Content-Type-Options": "nosniff",
        "X-Ms-Correlation-Request-Id": "3c32ba7e-ffcf-4d38-ba21-8f06e81be946"
      },
      "ResponseBody": [
        "{\u0022errors\u0022:[{\u0022code\u0022:\u0022UNAUTHORIZED\u0022,\u0022message\u0022:\u0022authentication required, visit https://aka.ms/acr/authorization for more information.\u0022,\u0022detail\u0022:[{\u0022Type\u0022:\u0022repository\u0022,\u0022Name\u0022:\u0022library/hello-world\u0022,\u0022Action\u0022:\u0022metadata_read\u0022}]}]}\n"
      ]
    },
    {
      "RequestUri": "https://mohitcontainerregistryanon.azurecr.io/oauth2/token?api-version=2021-07-01",
      "RequestMethod": "POST",
      "RequestHeaders": {
        "Accept": "application/json",
        "Content-Length": "146",
        "Content-Type": "application/x-www-form-urlencoded",
        "User-Agent": [
          "azsdk-net-Containers.ContainerRegistry/1.0.0-alpha.20211116.1",
          "(.NET Core 3.1.21; Microsoft Windows 10.0.22000)"
        ],
        "x-ms-client-request-id": "0f0a2936be78bfbad9c9d24dfa3f45d1",
        "x-ms-return-client-request-id": "true"
      },
      "RequestBody": "service=mohitcontainerregistryanon.azurecr.io\u0026scope=repository%3alibrary%2fhello-world%3ametadata_read\u0026refresh_token=Sanitized\u0026grant_type=password",
      "StatusCode": 200,
      "ResponseHeaders": {
        "Connection": "keep-alive",
        "Content-Type": "application/json; charset=utf-8",
        "Date": "Tue, 16 Nov 2021 19:09:37 GMT",
        "Server": "openresty",
        "Strict-Transport-Security": "max-age=31536000; includeSubDomains",
        "Transfer-Encoding": "chunked",
        "X-Ms-Correlation-Request-Id": "3aa18112-1c07-4c7a-a961-d0150e21c3b7",
        "x-ms-ratelimit-remaining-calls-per-second": "166.133333"
      },
      "ResponseBody": {
        "access_token": "eyJhbGciOiJSUzI1NiIsInR5cCI6IkpXVCIsImtpZCI6IkVERFE6SFVYWDpMQzQ3OlpCUk06T0k0WTpPUjY2OkFVWko6Qlk3RTo3N0pWOjU0UlI6UU1BSzpOTDI1In0.eyJqdGkiOiI1NTU0ZmY5MS00YzhkLTQyNjYtOTk1Yy03ZTA1ODQ2MWJhNjEiLCJzdWIiOiJhY3JfYW5vbl9wdWxsIiwibmJmIjoxNjM3MDg4NzcyLCJleHAiOjE2MzcwODk5NzIsImlhdCI6MTYzNzA4ODc3MiwiaXNzIjoiQXp1cmUgQ29udGFpbmVyIFJlZ2lzdHJ5IiwiYXVkIjoibW9oaXRjb250YWluZXJyZWdpc3RyeWFub24uYXp1cmVjci5pbyIsInZlcnNpb24iOiIxLjAiLCJyaWQiOiI4M2RkZjViZjQzMzc0NDMzOWNhMGIxZTQ1MTVkODExMiIsImFjY2VzcyI6W3siVHlwZSI6InJlcG9zaXRvcnkiLCJOYW1lIjoiKiIsIkFjdGlvbnMiOlsicHVsbCJdfV0sInJvbGVzIjpbXSwiZ3JhbnRfdHlwZSI6ImFjY2Vzc190b2tlbiJ9.tlWLBWw0bj0D1k3H_fcO8Px9odP2y_weP1Hu0ddDkZOMMP52MDbQOGa4hcOuGPwcmYliNeBz6A5YDM-x0rU17MqRn2eS53h8DE1wJDTkhcBsGQnkpFiGAhHdBScVJA76PuA7Ry5WbNikkfSrBH69W-Eb3OV9hyeWu3_SFRSWdSq4KizRGAZapripb6_r3iOW43cZknZ9VcE04qg_BznVuT2CrV1d06lXtb3MCMD1wDnxRBEEtswav6TFo0Dv9J8TIKozBGxR-TcMv5OAkVnG2LgFwwrPwR-wxPpvYkUUP5USP7bEiDk72OWvXFVcPkBWZjlqbEJy0g33vaiBPju4eg"
      }
    },
    {
      "RequestUri": "https://mohitcontainerregistryanon.azurecr.io/acr/v1/library%2Fhello-world/_tags?n=2\u0026digest=sha256%3Acc15c5b292d8525effc0f89cb299f1804f3a725c8d05e158653a563f15e4f685\u0026api-version=2021-07-01",
      "RequestMethod": "GET",
      "RequestHeaders": {
        "Accept": "application/json",
        "Authorization": "Sanitized",
        "User-Agent": [
          "azsdk-net-Containers.ContainerRegistry/1.0.0-alpha.20211116.1",
          "(.NET Core 3.1.21; Microsoft Windows 10.0.22000)"
        ],
        "x-ms-client-request-id": "d046f57ff21e864e1d0d7de9f0f5dfd0",
        "x-ms-return-client-request-id": "true"
      },
      "RequestBody": null,
      "StatusCode": 200,
      "ResponseHeaders": {
        "Access-Control-Expose-Headers": [
          "Docker-Content-Digest",
          "WWW-Authenticate",
          "Link",
          "X-Ms-Correlation-Request-Id"
        ],
        "Connection": "keep-alive",
        "Content-Length": "718",
        "Content-Type": "application/json; charset=utf-8",
        "Date": "Tue, 16 Nov 2021 19:09:37 GMT",
        "Docker-Distribution-Api-Version": "registry/2.0",
        "Link": "\u003C/acr/v1/library%2Fhello-world/_tags?last=v1\u0026n=2\u0026orderby=\u003E; rel=\u0022next\u0022",
        "Server": "openresty",
        "Strict-Transport-Security": [
          "max-age=31536000; includeSubDomains",
          "max-age=31536000; includeSubDomains"
        ],
        "X-Content-Type-Options": "nosniff",
        "X-Ms-Correlation-Request-Id": "7a729c3d-1fcd-4697-a6b1-473d558e7a61"
      },
      "ResponseBody": [
        "{\u0022registry\u0022:\u0022mohitcontainerregistryanon.azurecr.io\u0022,\u0022imageName\u0022:\u0022library/hello-world\u0022,\u0022tags\u0022:[{\u0022name\u0022:\u0022latest\u0022,\u0022digest\u0022:\u0022sha256:cc15c5b292d8525effc0f89cb299f1804f3a725c8d05e158653a563f15e4f685\u0022,\u0022createdTime\u0022:\u00222021-11-16T19:02:17.6799151Z\u0022,\u0022lastUpdateTime\u0022:\u00222021-11-16T19:02:17.6799151Z\u0022,\u0022signed\u0022:false,\u0022changeableAttributes\u0022:{\u0022deleteEnabled\u0022:true,\u0022writeEnabled\u0022:true,\u0022readEnabled\u0022:true,\u0022listEnabled\u0022:true}},{\u0022name\u0022:\u0022v1\u0022,\u0022digest\u0022:\u0022sha256:cc15c5b292d8525effc0f89cb299f1804f3a725c8d05e158653a563f15e4f685\u0022,\u0022createdTime\u0022:\u00222021-11-16T19:02:18.8222967Z\u0022,\u0022lastUpdateTime\u0022:\u00222021-11-16T19:02:18.8222967Z\u0022,\u0022signed\u0022:false,\u0022changeableAttributes\u0022:{\u0022deleteEnabled\u0022:true,\u0022writeEnabled\u0022:true,\u0022readEnabled\u0022:true,\u0022listEnabled\u0022:true}}]}\n"
      ]
    },
    {
      "RequestUri": "https://mohitcontainerregistryanon.azurecr.io/acr/v1/library%2Fhello-world/_tags?last=v1\u0026n=2\u0026orderby=",
      "RequestMethod": "GET",
      "RequestHeaders": {
        "Accept": "application/json",
        "User-Agent": [
          "azsdk-net-Containers.ContainerRegistry/1.0.0-alpha.20211116.1",
          "(.NET Core 3.1.21; Microsoft Windows 10.0.22000)"
        ],
        "x-ms-client-request-id": "004627d8317269d5a719ba416f70ff48",
        "x-ms-return-client-request-id": "true"
      },
      "RequestBody": null,
      "StatusCode": 401,
      "ResponseHeaders": {
        "Access-Control-Expose-Headers": [
          "Docker-Content-Digest",
          "WWW-Authenticate",
          "Link",
          "X-Ms-Correlation-Request-Id"
        ],
        "Connection": "keep-alive",
        "Content-Length": "222",
        "Content-Type": "application/json; charset=utf-8",
        "Date": "Tue, 16 Nov 2021 19:09:37 GMT",
        "Docker-Distribution-Api-Version": "registry/2.0",
        "Server": "openresty",
        "Strict-Transport-Security": [
          "max-age=31536000; includeSubDomains",
          "max-age=31536000; includeSubDomains"
        ],
        "WWW-Authenticate": "Bearer realm=\u0022https://mohitcontainerregistryanon.azurecr.io/oauth2/token\u0022,service=\u0022mohitcontainerregistryanon.azurecr.io\u0022,scope=\u0022repository:library/hello-world:metadata_read\u0022",
        "X-Content-Type-Options": "nosniff",
        "X-Ms-Correlation-Request-Id": "c0abc6bf-1329-4661-bf83-c25478eec1fc"
      },
      "ResponseBody": [
        "{\u0022errors\u0022:[{\u0022code\u0022:\u0022UNAUTHORIZED\u0022,\u0022message\u0022:\u0022authentication required, visit https://aka.ms/acr/authorization for more information.\u0022,\u0022detail\u0022:[{\u0022Type\u0022:\u0022repository\u0022,\u0022Name\u0022:\u0022library/hello-world\u0022,\u0022Action\u0022:\u0022metadata_read\u0022}]}]}\n"
      ]
    },
    {
      "RequestUri": "https://mohitcontainerregistryanon.azurecr.io/oauth2/token?api-version=2021-07-01",
      "RequestMethod": "POST",
      "RequestHeaders": {
        "Accept": "application/json",
        "Content-Length": "146",
        "Content-Type": "application/x-www-form-urlencoded",
        "User-Agent": [
          "azsdk-net-Containers.ContainerRegistry/1.0.0-alpha.20211116.1",
          "(.NET Core 3.1.21; Microsoft Windows 10.0.22000)"
        ],
        "x-ms-client-request-id": "9765ee83c050c13c3a86f75520018bde",
        "x-ms-return-client-request-id": "true"
      },
      "RequestBody": "service=mohitcontainerregistryanon.azurecr.io\u0026scope=repository%3alibrary%2fhello-world%3ametadata_read\u0026refresh_token=Sanitized\u0026grant_type=password",
      "StatusCode": 200,
      "ResponseHeaders": {
        "Connection": "keep-alive",
        "Content-Type": "application/json; charset=utf-8",
        "Date": "Tue, 16 Nov 2021 19:09:37 GMT",
        "Server": "openresty",
        "Strict-Transport-Security": "max-age=31536000; includeSubDomains",
        "Transfer-Encoding": "chunked",
        "X-Ms-Correlation-Request-Id": "a14446f7-2e3d-4cbd-8f76-5d121ec34783",
        "x-ms-ratelimit-remaining-calls-per-second": "166.116667"
      },
      "ResponseBody": {
        "access_token": "eyJhbGciOiJSUzI1NiIsInR5cCI6IkpXVCIsImtpZCI6IkVERFE6SFVYWDpMQzQ3OlpCUk06T0k0WTpPUjY2OkFVWko6Qlk3RTo3N0pWOjU0UlI6UU1BSzpOTDI1In0.eyJqdGkiOiI1NTU0ZmY5MS00YzhkLTQyNjYtOTk1Yy03ZTA1ODQ2MWJhNjEiLCJzdWIiOiJhY3JfYW5vbl9wdWxsIiwibmJmIjoxNjM3MDg4NzcyLCJleHAiOjE2MzcwODk5NzIsImlhdCI6MTYzNzA4ODc3MiwiaXNzIjoiQXp1cmUgQ29udGFpbmVyIFJlZ2lzdHJ5IiwiYXVkIjoibW9oaXRjb250YWluZXJyZWdpc3RyeWFub24uYXp1cmVjci5pbyIsInZlcnNpb24iOiIxLjAiLCJyaWQiOiI4M2RkZjViZjQzMzc0NDMzOWNhMGIxZTQ1MTVkODExMiIsImFjY2VzcyI6W3siVHlwZSI6InJlcG9zaXRvcnkiLCJOYW1lIjoiKiIsIkFjdGlvbnMiOlsicHVsbCJdfV0sInJvbGVzIjpbXSwiZ3JhbnRfdHlwZSI6ImFjY2Vzc190b2tlbiJ9.tlWLBWw0bj0D1k3H_fcO8Px9odP2y_weP1Hu0ddDkZOMMP52MDbQOGa4hcOuGPwcmYliNeBz6A5YDM-x0rU17MqRn2eS53h8DE1wJDTkhcBsGQnkpFiGAhHdBScVJA76PuA7Ry5WbNikkfSrBH69W-Eb3OV9hyeWu3_SFRSWdSq4KizRGAZapripb6_r3iOW43cZknZ9VcE04qg_BznVuT2CrV1d06lXtb3MCMD1wDnxRBEEtswav6TFo0Dv9J8TIKozBGxR-TcMv5OAkVnG2LgFwwrPwR-wxPpvYkUUP5USP7bEiDk72OWvXFVcPkBWZjlqbEJy0g33vaiBPju4eg"
      }
    },
    {
      "RequestUri": "https://mohitcontainerregistryanon.azurecr.io/acr/v1/library%2Fhello-world/_tags?last=v1\u0026n=2\u0026orderby=",
      "RequestMethod": "GET",
      "RequestHeaders": {
        "Accept": "application/json",
        "Authorization": "Sanitized",
        "User-Agent": [
          "azsdk-net-Containers.ContainerRegistry/1.0.0-alpha.20211116.1",
          "(.NET Core 3.1.21; Microsoft Windows 10.0.22000)"
        ],
        "x-ms-client-request-id": "004627d8317269d5a719ba416f70ff48",
        "x-ms-return-client-request-id": "true"
      },
      "RequestBody": null,
      "StatusCode": 200,
      "ResponseHeaders": {
        "Access-Control-Expose-Headers": [
          "Docker-Content-Digest",
          "WWW-Authenticate",
          "Link",
          "X-Ms-Correlation-Request-Id"
        ],
        "Connection": "keep-alive",
        "Content-Length": "712",
        "Content-Type": "application/json; charset=utf-8",
        "Date": "Tue, 16 Nov 2021 19:09:37 GMT",
        "Docker-Distribution-Api-Version": "registry/2.0",
        "Link": "\u003C/acr/v1/library%2Fhello-world/_tags?last=v3\u0026n=2\u0026orderby=\u003E; rel=\u0022next\u0022",
        "Server": "openresty",
        "Strict-Transport-Security": [
          "max-age=31536000; includeSubDomains",
          "max-age=31536000; includeSubDomains"
        ],
        "X-Content-Type-Options": "nosniff",
        "X-Ms-Correlation-Request-Id": "81c809a7-12f9-40b7-ba7b-f187b4349ae8"
      },
      "ResponseBody": [
        "{\u0022registry\u0022:\u0022mohitcontainerregistryanon.azurecr.io\u0022,\u0022imageName\u0022:\u0022library/hello-world\u0022,\u0022tags\u0022:[{\u0022name\u0022:\u0022v2\u0022,\u0022digest\u0022:\u0022sha256:cc15c5b292d8525effc0f89cb299f1804f3a725c8d05e158653a563f15e4f685\u0022,\u0022createdTime\u0022:\u00222021-11-16T19:02:19.612129Z\u0022,\u0022lastUpdateTime\u0022:\u00222021-11-16T19:02:19.612129Z\u0022,\u0022signed\u0022:false,\u0022changeableAttributes\u0022:{\u0022deleteEnabled\u0022:true,\u0022writeEnabled\u0022:true,\u0022readEnabled\u0022:true,\u0022listEnabled\u0022:true}},{\u0022name\u0022:\u0022v3\u0022,\u0022digest\u0022:\u0022sha256:cc15c5b292d8525effc0f89cb299f1804f3a725c8d05e158653a563f15e4f685\u0022,\u0022createdTime\u0022:\u00222021-11-16T19:02:21.4548883Z\u0022,\u0022lastUpdateTime\u0022:\u00222021-11-16T19:02:21.4548883Z\u0022,\u0022signed\u0022:false,\u0022changeableAttributes\u0022:{\u0022deleteEnabled\u0022:true,\u0022writeEnabled\u0022:true,\u0022readEnabled\u0022:true,\u0022listEnabled\u0022:true}}]}\n"
      ]
    },
    {
      "RequestUri": "https://mohitcontainerregistryanon.azurecr.io/acr/v1/library%2Fhello-world/_tags?last=v3\u0026n=2\u0026orderby=",
      "RequestMethod": "GET",
      "RequestHeaders": {
        "Accept": "application/json",
        "User-Agent": [
          "azsdk-net-Containers.ContainerRegistry/1.0.0-alpha.20211116.1",
          "(.NET Core 3.1.21; Microsoft Windows 10.0.22000)"
        ],
        "x-ms-client-request-id": "c910acc7dfaf045d54a1685f04795068",
        "x-ms-return-client-request-id": "true"
      },
      "RequestBody": null,
      "StatusCode": 401,
      "ResponseHeaders": {
        "Access-Control-Expose-Headers": [
          "Docker-Content-Digest",
          "WWW-Authenticate",
          "Link",
          "X-Ms-Correlation-Request-Id"
        ],
        "Connection": "keep-alive",
        "Content-Length": "222",
        "Content-Type": "application/json; charset=utf-8",
        "Date": "Tue, 16 Nov 2021 19:09:37 GMT",
        "Docker-Distribution-Api-Version": "registry/2.0",
        "Server": "openresty",
        "Strict-Transport-Security": [
          "max-age=31536000; includeSubDomains",
          "max-age=31536000; includeSubDomains"
        ],
        "WWW-Authenticate": "Bearer realm=\u0022https://mohitcontainerregistryanon.azurecr.io/oauth2/token\u0022,service=\u0022mohitcontainerregistryanon.azurecr.io\u0022,scope=\u0022repository:library/hello-world:metadata_read\u0022",
        "X-Content-Type-Options": "nosniff",
        "X-Ms-Correlation-Request-Id": "49a1efe4-ee70-41b8-83be-c82b687e0c24"
      },
      "ResponseBody": [
        "{\u0022errors\u0022:[{\u0022code\u0022:\u0022UNAUTHORIZED\u0022,\u0022message\u0022:\u0022authentication required, visit https://aka.ms/acr/authorization for more information.\u0022,\u0022detail\u0022:[{\u0022Type\u0022:\u0022repository\u0022,\u0022Name\u0022:\u0022library/hello-world\u0022,\u0022Action\u0022:\u0022metadata_read\u0022}]}]}\n"
      ]
    },
    {
      "RequestUri": "https://mohitcontainerregistryanon.azurecr.io/oauth2/token?api-version=2021-07-01",
      "RequestMethod": "POST",
      "RequestHeaders": {
        "Accept": "application/json",
        "Content-Length": "146",
        "Content-Type": "application/x-www-form-urlencoded",
        "User-Agent": [
          "azsdk-net-Containers.ContainerRegistry/1.0.0-alpha.20211116.1",
          "(.NET Core 3.1.21; Microsoft Windows 10.0.22000)"
        ],
        "x-ms-client-request-id": "0bc989c9aed91781ea85c5eb397f49a6",
        "x-ms-return-client-request-id": "true"
      },
      "RequestBody": "service=mohitcontainerregistryanon.azurecr.io\u0026scope=repository%3alibrary%2fhello-world%3ametadata_read\u0026refresh_token=Sanitized\u0026grant_type=password",
      "StatusCode": 200,
      "ResponseHeaders": {
        "Connection": "close",
        "Content-Type": "application/json; charset=utf-8",
        "Date": "Tue, 16 Nov 2021 19:09:37 GMT",
        "Server": "openresty",
        "Strict-Transport-Security": "max-age=31536000; includeSubDomains",
        "Transfer-Encoding": "chunked",
        "X-Ms-Correlation-Request-Id": "469cdde4-c786-4c4b-ab3b-8678d2a49d22",
        "x-ms-ratelimit-remaining-calls-per-second": "166.1"
      },
      "ResponseBody": {
        "access_token": "eyJhbGciOiJSUzI1NiIsInR5cCI6IkpXVCIsImtpZCI6IkVERFE6SFVYWDpMQzQ3OlpCUk06T0k0WTpPUjY2OkFVWko6Qlk3RTo3N0pWOjU0UlI6UU1BSzpOTDI1In0.eyJqdGkiOiI1NTU0ZmY5MS00YzhkLTQyNjYtOTk1Yy03ZTA1ODQ2MWJhNjEiLCJzdWIiOiJhY3JfYW5vbl9wdWxsIiwibmJmIjoxNjM3MDg4NzcyLCJleHAiOjE2MzcwODk5NzIsImlhdCI6MTYzNzA4ODc3MiwiaXNzIjoiQXp1cmUgQ29udGFpbmVyIFJlZ2lzdHJ5IiwiYXVkIjoibW9oaXRjb250YWluZXJyZWdpc3RyeWFub24uYXp1cmVjci5pbyIsInZlcnNpb24iOiIxLjAiLCJyaWQiOiI4M2RkZjViZjQzMzc0NDMzOWNhMGIxZTQ1MTVkODExMiIsImFjY2VzcyI6W3siVHlwZSI6InJlcG9zaXRvcnkiLCJOYW1lIjoiKiIsIkFjdGlvbnMiOlsicHVsbCJdfV0sInJvbGVzIjpbXSwiZ3JhbnRfdHlwZSI6ImFjY2Vzc190b2tlbiJ9.tlWLBWw0bj0D1k3H_fcO8Px9odP2y_weP1Hu0ddDkZOMMP52MDbQOGa4hcOuGPwcmYliNeBz6A5YDM-x0rU17MqRn2eS53h8DE1wJDTkhcBsGQnkpFiGAhHdBScVJA76PuA7Ry5WbNikkfSrBH69W-Eb3OV9hyeWu3_SFRSWdSq4KizRGAZapripb6_r3iOW43cZknZ9VcE04qg_BznVuT2CrV1d06lXtb3MCMD1wDnxRBEEtswav6TFo0Dv9J8TIKozBGxR-TcMv5OAkVnG2LgFwwrPwR-wxPpvYkUUP5USP7bEiDk72OWvXFVcPkBWZjlqbEJy0g33vaiBPju4eg"
      }
    },
    {
      "RequestUri": "https://mohitcontainerregistryanon.azurecr.io/acr/v1/library%2Fhello-world/_tags?last=v3\u0026n=2\u0026orderby=",
      "RequestMethod": "GET",
      "RequestHeaders": {
        "Accept": "application/json",
        "Authorization": "Sanitized",
        "User-Agent": [
          "azsdk-net-Containers.ContainerRegistry/1.0.0-alpha.20211116.1",
          "(.NET Core 3.1.21; Microsoft Windows 10.0.22000)"
        ],
        "x-ms-client-request-id": "c910acc7dfaf045d54a1685f04795068",
        "x-ms-return-client-request-id": "true"
      },
      "RequestBody": null,
      "StatusCode": 200,
      "ResponseHeaders": {
        "Access-Control-Expose-Headers": [
          "Docker-Content-Digest",
          "WWW-Authenticate",
          "Link",
          "X-Ms-Correlation-Request-Id"
        ],
        "Connection": "keep-alive",
        "Content-Length": "405",
        "Content-Type": "application/json; charset=utf-8",
        "Date": "Tue, 16 Nov 2021 19:09:38 GMT",
        "Docker-Distribution-Api-Version": "registry/2.0",
        "Server": "openresty",
        "Strict-Transport-Security": [
          "max-age=31536000; includeSubDomains",
          "max-age=31536000; includeSubDomains"
        ],
        "X-Content-Type-Options": "nosniff",
        "X-Ms-Correlation-Request-Id": "5e055203-6c15-4e19-bc14-710f953c8435"
      },
      "ResponseBody": [
        "{\u0022registry\u0022:\u0022mohitcontainerregistryanon.azurecr.io\u0022,\u0022imageName\u0022:\u0022library/hello-world\u0022,\u0022tags\u0022:[{\u0022name\u0022:\u0022v4\u0022,\u0022digest\u0022:\u0022sha256:cc15c5b292d8525effc0f89cb299f1804f3a725c8d05e158653a563f15e4f685\u0022,\u0022createdTime\u0022:\u00222021-11-16T19:02:19.4493054Z\u0022,\u0022lastUpdateTime\u0022:\u00222021-11-16T19:02:19.4493054Z\u0022,\u0022signed\u0022:false,\u0022changeableAttributes\u0022:{\u0022deleteEnabled\u0022:true,\u0022writeEnabled\u0022:true,\u0022readEnabled\u0022:true,\u0022listEnabled\u0022:true}}]}\n"
      ]
    }
  ],
  "Variables": {
    "CONTAINERREGISTRY_ANONREGISTRY_ENDPOINT": "https://mohitcontainerregistryanon.azurecr.io",
    "CONTAINERREGISTRY_ENDPOINT": "https://mohitcontainerregistry.azurecr.io",
    "RandomSeed": "1862798192"
  }
}