{
  "Entries": [
    {
      "RequestUri": "https://mohitcontainerregistry.azurecr.io/acr/v1/library%2Fhello-world/_tags/v1?api-version=2021-07-01",
      "RequestMethod": "GET",
      "RequestHeaders": {
        "Accept": "application/json",
        "User-Agent": "azsdk-net-Containers.ContainerRegistry/1.1.0-alpha.20220325.1 (.NET Core 3.1.23; Microsoft Windows 10.0.22000)",
        "x-ms-client-request-id": "2170cc342407e5b57144ff743d78482d",
        "x-ms-return-client-request-id": "true"
      },
      "RequestBody": null,
      "StatusCode": 401,
      "ResponseHeaders": {
        "Access-Control-Expose-Headers": [
          "Docker-Content-Digest",
          "WWW-Authenticate",
          "Link",
          "X-Ms-Correlation-Request-Id"
        ],
        "Connection": "keep-alive",
        "Content-Length": "222",
        "Content-Type": "application/json; charset=utf-8",
        "Date": "Sun, 27 Mar 2022 00:15:07 GMT",
        "Docker-Distribution-Api-Version": "registry/2.0",
        "Server": "openresty",
        "Strict-Transport-Security": [
          "max-age=31536000; includeSubDomains",
          "max-age=31536000; includeSubDomains"
        ],
        "WWW-Authenticate": "Bearer realm=\u0022https://mohitcontainerregistry.azurecr.io/oauth2/token\u0022,service=\u0022mohitcontainerregistry.azurecr.io\u0022,scope=\u0022repository:library/hello-world:metadata_read\u0022",
        "X-Content-Type-Options": "nosniff",
        "X-Ms-Correlation-Request-Id": "d2178d27-6007-474c-b9e1-04484cd5f21a"
      },
      "ResponseBody": {
        "errors": [
          {
            "code": "UNAUTHORIZED",
            "message": "authentication required, visit https://aka.ms/acr/authorization for more information.",
            "detail": [
              {
                "Type": "repository",
                "Name": "library/hello-world",
                "Action": "metadata_read"
              }
            ]
          }
        ]
      }
    },
    {
      "RequestUri": "https://mohitcontainerregistry.azurecr.io/oauth2/exchange?api-version=2021-07-01",
      "RequestMethod": "POST",
      "RequestHeaders": {
        "Accept": "application/json",
        "Content-Length": "88",
        "Content-Type": "application/x-www-form-urlencoded",
        "User-Agent": "azsdk-net-Containers.ContainerRegistry/1.1.0-alpha.20220325.1 (.NET Core 3.1.23; Microsoft Windows 10.0.22000)",
        "x-ms-client-request-id": "213a7b847c15f4579a2360ba116359f9",
        "x-ms-return-client-request-id": "true"
      },
      "RequestBody": "grant_type=access_token\u0026service=mohitcontainerregistry.azurecr.io\u0026access_token=Sanitized",
      "StatusCode": 200,
      "ResponseHeaders": {
        "Connection": "keep-alive",
        "Content-Type": "application/json; charset=utf-8",
        "Date": "Sun, 27 Mar 2022 00:15:08 GMT",
        "Server": "openresty",
        "Strict-Transport-Security": "max-age=31536000; includeSubDomains",
        "Transfer-Encoding": "chunked",
        "X-Ms-Correlation-Request-Id": "cb6c2c27-8e12-43e9-9c9d-1c398122d616",
        "x-ms-ratelimit-remaining-calls-per-second": "166.016667"
      },
      "ResponseBody": {
        "refresh_token": "Sanitized"
      }
    },
    {
      "RequestUri": "https://mohitcontainerregistry.azurecr.io/oauth2/token?api-version=2021-07-01",
      "RequestMethod": "POST",
      "RequestHeaders": {
        "Accept": "application/json",
        "Content-Length": "147",
        "Content-Type": "application/x-www-form-urlencoded",
        "User-Agent": "azsdk-net-Containers.ContainerRegistry/1.1.0-alpha.20220325.1 (.NET Core 3.1.23; Microsoft Windows 10.0.22000)",
        "x-ms-client-request-id": "fb0ae37f08339a0e62d980a7a3169474",
        "x-ms-return-client-request-id": "true"
      },
      "RequestBody": "service=mohitcontainerregistry.azurecr.io\u0026scope=repository%3Alibrary%2Fhello-world%3Ametadata_read\u0026refresh_token=Sanitized\u0026grant_type=refresh_token",
      "StatusCode": 200,
      "ResponseHeaders": {
        "Connection": "keep-alive",
        "Content-Type": "application/json; charset=utf-8",
        "Date": "Sun, 27 Mar 2022 00:15:08 GMT",
        "Server": "openresty",
        "Strict-Transport-Security": "max-age=31536000; includeSubDomains",
        "Transfer-Encoding": "chunked",
        "X-Ms-Correlation-Request-Id": "44c0a575-d6c8-40ed-a561-14e0ead4d2c7",
        "x-ms-ratelimit-remaining-calls-per-second": "166"
      },
      "ResponseBody": {
        "access_token": "Sanitized"
      }
    },
    {
      "RequestUri": "https://mohitcontainerregistry.azurecr.io/acr/v1/library%2Fhello-world/_tags/v1?api-version=2021-07-01",
      "RequestMethod": "GET",
      "RequestHeaders": {
        "Accept": "application/json",
        "Authorization": "Sanitized",
        "User-Agent": "azsdk-net-Containers.ContainerRegistry/1.1.0-alpha.20220325.1 (.NET Core 3.1.23; Microsoft Windows 10.0.22000)",
        "x-ms-client-request-id": "2170cc342407e5b57144ff743d78482d",
        "x-ms-return-client-request-id": "true"
      },
      "RequestBody": null,
      "StatusCode": 200,
      "ResponseHeaders": {
        "Access-Control-Expose-Headers": [
          "Docker-Content-Digest",
          "WWW-Authenticate",
          "Link",
          "X-Ms-Correlation-Request-Id"
        ],
        "Connection": "keep-alive",
        "Content-Length": "398",
        "Content-Type": "application/json; charset=utf-8",
        "Date": "Sun, 27 Mar 2022 00:15:08 GMT",
        "Docker-Distribution-Api-Version": "registry/2.0",
        "Server": "openresty",
        "Strict-Transport-Security": [
          "max-age=31536000; includeSubDomains",
          "max-age=31536000; includeSubDomains"
        ],
        "X-Content-Type-Options": "nosniff",
        "X-Ms-Correlation-Request-Id": "59726a95-63a0-43ef-af54-68869053172b"
      },
      "ResponseBody": {
        "registry": "mohitcontainerregistry.azurecr.io",
        "imageName": "library/hello-world",
        "tag": {
          "name": "v1",
          "digest": "sha256:bfea6278a0a267fad2634554f4f0c6f31981eea41c553fdf5a83e95a41d40c38",
          "createdTime": "2022-03-27T00:14:06.4444872Z",
          "lastUpdateTime": "2022-03-27T00:14:06.4444872Z",
          "signed": false,
          "changeableAttributes": {
            "deleteEnabled": true,
            "writeEnabled": true,
            "readEnabled": true,
            "listEnabled": true
          }
        }
      }
    },
    {
      "RequestUri": "https://mohitcontainerregistry.azurecr.io/acr/v1/library%2Fhello-world/_manifests/sha256%3Abfea6278a0a267fad2634554f4f0c6f31981eea41c553fdf5a83e95a41d40c38?api-version=2021-07-01",
      "RequestMethod": "GET",
      "RequestHeaders": {
        "Accept": "application/json",
        "User-Agent": "azsdk-net-Containers.ContainerRegistry/1.1.0-alpha.20220325.1 (.NET Core 3.1.23; Microsoft Windows 10.0.22000)",
        "x-ms-client-request-id": "514e5faea942b79e747c86e3c3fad40e",
        "x-ms-return-client-request-id": "true"
      },
      "RequestBody": null,
      "StatusCode": 401,
      "ResponseHeaders": {
        "Access-Control-Expose-Headers": [
          "Docker-Content-Digest",
          "WWW-Authenticate",
          "Link",
          "X-Ms-Correlation-Request-Id"
        ],
        "Connection": "keep-alive",
        "Content-Length": "222",
        "Content-Type": "application/json; charset=utf-8",
        "Date": "Sun, 27 Mar 2022 00:15:08 GMT",
        "Docker-Distribution-Api-Version": "registry/2.0",
        "Server": "openresty",
        "Strict-Transport-Security": [
          "max-age=31536000; includeSubDomains",
          "max-age=31536000; includeSubDomains"
        ],
        "WWW-Authenticate": "Bearer realm=\u0022https://mohitcontainerregistry.azurecr.io/oauth2/token\u0022,service=\u0022mohitcontainerregistry.azurecr.io\u0022,scope=\u0022repository:library/hello-world:metadata_read\u0022",
        "X-Content-Type-Options": "nosniff",
        "X-Ms-Correlation-Request-Id": "a6414604-c5f4-47a2-a169-cfb35d96f9fa"
      },
      "ResponseBody": {
        "errors": [
          {
            "code": "UNAUTHORIZED",
            "message": "authentication required, visit https://aka.ms/acr/authorization for more information.",
            "detail": [
              {
                "Type": "repository",
                "Name": "library/hello-world",
                "Action": "metadata_read"
              }
            ]
          }
        ]
      }
    },
    {
      "RequestUri": "https://mohitcontainerregistry.azurecr.io/oauth2/token?api-version=2021-07-01",
      "RequestMethod": "POST",
      "RequestHeaders": {
        "Accept": "application/json",
        "Content-Length": "147",
        "Content-Type": "application/x-www-form-urlencoded",
        "User-Agent": "azsdk-net-Containers.ContainerRegistry/1.1.0-alpha.20220325.1 (.NET Core 3.1.23; Microsoft Windows 10.0.22000)",
        "x-ms-client-request-id": "5af406eb4c6e7bfa6c9fbe3cfbb05083",
        "x-ms-return-client-request-id": "true"
      },
      "RequestBody": "service=mohitcontainerregistry.azurecr.io\u0026scope=repository%3Alibrary%2Fhello-world%3Ametadata_read\u0026refresh_token=Sanitized\u0026grant_type=refresh_token",
      "StatusCode": 200,
      "ResponseHeaders": {
        "Connection": "keep-alive",
        "Content-Type": "application/json; charset=utf-8",
        "Date": "Sun, 27 Mar 2022 00:15:08 GMT",
        "Server": "openresty",
        "Strict-Transport-Security": "max-age=31536000; includeSubDomains",
        "Transfer-Encoding": "chunked",
        "X-Ms-Correlation-Request-Id": "5f95b877-0a67-43f8-8d68-405119f52b88",
        "x-ms-ratelimit-remaining-calls-per-second": "165.983333"
      },
      "ResponseBody": {
        "access_token": "Sanitized"
      }
    },
    {
      "RequestUri": "https://mohitcontainerregistry.azurecr.io/acr/v1/library%2Fhello-world/_manifests/sha256%3Abfea6278a0a267fad2634554f4f0c6f31981eea41c553fdf5a83e95a41d40c38?api-version=2021-07-01",
      "RequestMethod": "GET",
      "RequestHeaders": {
        "Accept": "application/json",
        "Authorization": "Sanitized",
        "User-Agent": "azsdk-net-Containers.ContainerRegistry/1.1.0-alpha.20220325.1 (.NET Core 3.1.23; Microsoft Windows 10.0.22000)",
        "x-ms-client-request-id": "514e5faea942b79e747c86e3c3fad40e",
        "x-ms-return-client-request-id": "true"
      },
      "RequestBody": null,
      "StatusCode": 200,
      "ResponseHeaders": {
        "Access-Control-Expose-Headers": [
          "Docker-Content-Digest",
          "WWW-Authenticate",
          "Link",
          "X-Ms-Correlation-Request-Id"
        ],
        "Connection": "keep-alive",
        "Content-Length": "1864",
        "Content-Type": "application/json; charset=utf-8",
        "Date": "Sun, 27 Mar 2022 00:15:08 GMT",
        "Docker-Distribution-Api-Version": "registry/2.0",
        "Server": "openresty",
        "Strict-Transport-Security": [
          "max-age=31536000; includeSubDomains",
          "max-age=31536000; includeSubDomains"
        ],
        "X-Content-Type-Options": "nosniff",
        "X-Ms-Correlation-Request-Id": "28ad75b2-60fe-4247-a3d0-12cbe290b9bd"
      },
      "ResponseBody": {
        "registry": "mohitcontainerregistry.azurecr.io",
        "imageName": "library/hello-world",
        "manifest": {
          "digest": "sha256:bfea6278a0a267fad2634554f4f0c6f31981eea41c553fdf5a83e95a41d40c38",
          "imageSize": 61598,
          "createdTime": "2022-03-27T00:14:05.6446146Z",
          "lastUpdateTime": "2022-03-27T00:14:05.6446146Z",
          "mediaType": "application/vnd.docker.distribution.manifest.list.v2\u002Bjson",
          "tags": [
            "latest",
            "newest",
            "v1",
            "v2",
            "v3",
            "v4"
          ],
          "changeableAttributes": {
            "deleteEnabled": true,
            "writeEnabled": true,
            "readEnabled": true,
            "listEnabled": true
          },
          "references": [
            {
              "digest": "sha256:f54a58bc1aac5ea1a25d796ae155dc228b3f0e11d046ae276b39c4bf2f13d8c4",
              "architecture": "amd64",
              "os": "linux"
            },
            {
              "digest": "sha256:7b8b7289d0536a08eabdf71c20246e23f7116641db7e1d278592236ea4dcb30c",
              "architecture": "arm",
              "os": "linux"
            },
            {
              "digest": "sha256:f130bd2d67e6e9280ac6d0a6c83857bfaf70234e8ef4236876eccfbd30973b1c",
              "architecture": "arm",
              "os": "linux"
            },
            {
              "digest": "sha256:432f982638b3aefab73cc58ab28f5c16e96fdb504e8c134fc58dff4bae8bf338",
              "architecture": "arm64",
              "os": "linux"
            },
            {
              "digest": "sha256:995efde2e81b21d1ea7066aa77a59298a62a9e9fbb4b77f36c189774ec9b1089",
              "architecture": "386",
              "os": "linux"
            },
            {
              "digest": "sha256:eb11b1a194ff8e236a01eff392c4e1296a53b0fb4780d8b0382f7996a15d5392",
              "architecture": "mips64le",
              "os": "linux"
            },
            {
              "digest": "sha256:b836bb24a270b9cc935962d8228517fde0f16990e88893d935efcb1b14c0017a",
              "architecture": "ppc64le",
              "os": "linux"
            },
            {
              "digest": "sha256:98c9722322be649df94780d3fbe594fce7996234b259f27eac9428b84050c849",
              "architecture": "riscv64",
              "os": "linux"
            },
            {
              "digest": "sha256:c7b6944911848ce39b44ed660d95fb54d69bbd531de724c7ce6fc9f743c0b861",
              "architecture": "s390x",
              "os": "linux"
            },
            {
              "digest": "sha256:83ada69f673f74b81a3e2ed03edd56fcf190be8b1721f9afc4d25309908d7213",
              "architecture": "amd64",
              "os": "windows"
            },
            {
              "digest": "sha256:acd65ed93903ec23468247a22d7ea0390f2e5e09b0ea3a93965a24b25b905c1b",
              "architecture": "amd64",
              "os": "windows"
            }
          ]
        }
      }
    }
  ],
  "Variables": {
    "CONTAINERREGISTRY_ENDPOINT": "https://mohitcontainerregistry.azurecr.io",
    "RandomSeed": "1637581852"
  }
}
