{
  "Entries": [
    {
      "RequestUri": "https://annelocontainerregistry.azurecr.io/acr/v1/library%2Fhello-world/_tags/latest",
      "RequestMethod": "GET",
      "RequestHeaders": {
        "Accept": "application/json",
        "User-Agent": "azsdk-net-Containers.ContainerRegistry/1.0.0-alpha.20210806.1 (.NET Framework 4.8.4300.0; Microsoft Windows 10.0.19042 )",
        "x-ms-client-request-id": "30461ebd144bf660b659c4e1b186c8e6",
        "x-ms-return-client-request-id": "true"
      },
      "RequestBody": null,
      "StatusCode": 401,
      "ResponseHeaders": {
        "Access-Control-Expose-Headers": [
          "Docker-Content-Digest",
          "WWW-Authenticate",
          "Link",
          "X-Ms-Correlation-Request-Id"
        ],
        "Connection": "keep-alive",
        "Content-Length": "221",
        "Content-Type": "application/json; charset=utf-8",
        "Date": "Fri, 06 Aug 2021 20:32:03 GMT",
        "Docker-Distribution-Api-Version": "registry/2.0",
        "Server": "openresty",
        "Strict-Transport-Security": [
          "max-age=31536000; includeSubDomains",
          "max-age=31536000; includeSubDomains"
        ],
        "WWW-Authenticate": "Bearer realm=\u0022https://annelocontainerregistry.azurecr.io/oauth2/token\u0022,service=\u0022annelocontainerregistry.azurecr.io\u0022,scope=\u0022repository:library/hello-world:metadata_read\u0022",
        "X-Content-Type-Options": "nosniff",
        "X-Ms-Correlation-Request-Id": "431f8b63-7977-43a4-af3d-55ed1ea20ffa"
      },
      "ResponseBody": {
        "errors": [
          {
            "code": "UNAUTHORIZED",
            "message": "authentication required, visit https://aka.ms/acr/authorization for more information.",
            "detail": [
              {
                "Type": "repository",
                "Name": "library/hello-world",
                "Action": "metadata_read"
              }
            ]
          }
        ]
      }
    },
    {
      "RequestUri": "https://annelocontainerregistry.azurecr.io/oauth2/exchange",
      "RequestMethod": "POST",
      "RequestHeaders": {
        "Accept": "application/json",
        "Content-Length": "89",
        "Content-Type": "application/x-www-form-urlencoded",
        "User-Agent": "azsdk-net-Containers.ContainerRegistry/1.0.0-alpha.20210806.1 (.NET Framework 4.8.4300.0; Microsoft Windows 10.0.19042 )",
        "x-ms-client-request-id": "c6515641571974cdd7b88a32d17c9552",
        "x-ms-return-client-request-id": "true"
      },
      "RequestBody": "grant_type=access_token\u0026service=annelocontainerregistry.azurecr.io\u0026access_token=Sanitized",
      "StatusCode": 200,
      "ResponseHeaders": {
        "Connection": "keep-alive",
        "Content-Type": "application/json; charset=utf-8",
        "Date": "Fri, 06 Aug 2021 20:32:03 GMT",
        "Server": "openresty",
        "Strict-Transport-Security": "max-age=31536000; includeSubDomains",
        "Transfer-Encoding": "chunked",
        "X-Ms-Correlation-Request-Id": "0eec5a7a-15d1-4196-a349-7af56ce07f94",
        "x-ms-ratelimit-remaining-calls-per-second": "165.816667"
      },
      "ResponseBody": {
        "refresh_token": "Sanitized.eyJleHAiOjI1NzQzNjE5MjF9.Sanitized"
      }
    },
    {
      "RequestUri": "https://annelocontainerregistry.azurecr.io/oauth2/token",
      "RequestMethod": "POST",
      "RequestHeaders": {
        "Accept": "application/json",
        "Content-Length": "148",
        "Content-Type": "application/x-www-form-urlencoded",
        "User-Agent": "azsdk-net-Containers.ContainerRegistry/1.0.0-alpha.20210806.1 (.NET Framework 4.8.4300.0; Microsoft Windows 10.0.19042 )",
        "x-ms-client-request-id": "bd8732fcd71cfa4e7808a8fed8134897",
        "x-ms-return-client-request-id": "true"
      },
      "RequestBody": "service=annelocontainerregistry.azurecr.io\u0026scope=repository%3alibrary%2fhello-world%3ametadata_read\u0026refresh_token=Sanitized\u0026grant_type=refresh_token",
      "StatusCode": 200,
      "ResponseHeaders": {
        "Connection": "keep-alive",
        "Content-Type": "application/json; charset=utf-8",
        "Date": "Fri, 06 Aug 2021 20:32:03 GMT",
        "Server": "openresty",
        "Strict-Transport-Security": "max-age=31536000; includeSubDomains",
        "Transfer-Encoding": "chunked",
        "X-Ms-Correlation-Request-Id": "14fe94bf-21fb-41fa-ae61-4e1f6d609933",
        "x-ms-ratelimit-remaining-calls-per-second": "165.8"
      },
      "ResponseBody": {
        "access_token": "eyJhbGciOiJSUzI1NiIsInR5cCI6IkpXVCIsImtpZCI6IkVERFE6SFVYWDpMQzQ3OlpCUk06T0k0WTpPUjY2OkFVWko6Qlk3RTo3N0pWOjU0UlI6UU1BSzpOTDI1In0.eyJqdGkiOiIzNGQyYjUwYy1jYzg1LTRjMGMtODI2Zi1hOWVlM2E0OTg2NDAiLCJzdWIiOiI2YTIzODRjYi05Mzc2LTQwMjMtYjlmYi1hNDRjZmQ2YmFiNjUiLCJuYmYiOjE2MjgyODEwMjMsImV4cCI6MTYyODI4NTUyMywiaWF0IjoxNjI4MjgxMDIzLCJpc3MiOiJBenVyZSBDb250YWluZXIgUmVnaXN0cnkiLCJhdWQiOiJhbm5lbG9jb250YWluZXJyZWdpc3RyeS5henVyZWNyLmlvIiwidmVyc2lvbiI6IjIuMCIsInJpZCI6ImM0ZjljYjU3N2Q2NzRkM2ZhZTk0MTI3MjI2NzY3N2E5IiwiYWNjZXNzIjpbeyJ0eXBlIjoicmVwb3NpdG9yeSIsIm5hbWUiOiJsaWJyYXJ5L2hlbGxvLXdvcmxkIiwiYWN0aW9ucyI6WyJtZXRhZGF0YV9yZWFkIl19XSwicm9sZXMiOltdLCJncmFudF90eXBlIjoiYWNjZXNzX3Rva2VuIiwiYXBwaWQiOiIwYTg4ZmZmZC0xMGZiLTQ5ODYtYmRkZi1lZmUwNDZlNTk0MGYifQ.YeWErvjfsf0neYT61MmrSOwNpJ86XSEhQ1A0Gpe7AyOphcLTftI0dJyxnjblSPUaU_Fe-dtX0lZjcxuMykUIIkeOtrSEoPKrNaf32QeOeTzHnhDgwfRELJHBE8xnp50j060k8PtRMWStWrECpqRMjLbpt705u-_aAkdM2Y2Z2oUDxeMxWbwVAHF8ODuvB_LC4aBTVEZ6C0f2muruRN9D3RdkLSNOBXLATfyY66Zao2Q9ihwesDxxXgu-9Mi4gh5IA6kSInpiqqoc89kmMU58Z0ONCpK_DisOlQ3WUcQV9CMpgWQ-h21I1vowoDPWgWElC2XS_TRI4rTUUXlpqVuv0g"
      }
    },
    {
      "RequestUri": "https://annelocontainerregistry.azurecr.io/acr/v1/library%2Fhello-world/_tags/latest",
      "RequestMethod": "GET",
      "RequestHeaders": {
        "Accept": "application/json",
        "Authorization": "Sanitized",
        "User-Agent": "azsdk-net-Containers.ContainerRegistry/1.0.0-alpha.20210806.1 (.NET Framework 4.8.4300.0; Microsoft Windows 10.0.19042 )",
        "x-ms-client-request-id": "30461ebd144bf660b659c4e1b186c8e6",
        "x-ms-return-client-request-id": "true"
      },
      "RequestBody": null,
      "StatusCode": 200,
      "ResponseHeaders": {
        "Access-Control-Expose-Headers": [
          "Docker-Content-Digest",
          "WWW-Authenticate",
          "Link",
          "X-Ms-Correlation-Request-Id"
        ],
        "Connection": "keep-alive",
        "Content-Length": "402",
        "Content-Type": "application/json; charset=utf-8",
        "Date": "Fri, 06 Aug 2021 20:32:03 GMT",
        "Docker-Distribution-Api-Version": "registry/2.0",
        "Server": "openresty",
        "Strict-Transport-Security": [
          "max-age=31536000; includeSubDomains",
          "max-age=31536000; includeSubDomains"
        ],
        "X-Content-Type-Options": "nosniff",
        "X-Ms-Correlation-Request-Id": "fe16d0e4-abfc-4958-b8e5-8587df666a40"
      },
      "ResponseBody": {
        "registry": "annelocontainerregistry.azurecr.io",
        "imageName": "library/hello-world",
        "tag": {
          "name": "latest",
          "digest": "sha256:df5f5184104426b65967e016ff2ac0bfcd44ad7899ca3bbcf8e44e4461491a9e",
          "createdTime": "2021-08-06T20:31:52.9682606Z",
          "lastUpdateTime": "2021-08-06T20:31:52.9682606Z",
          "signed": false,
          "changeableAttributes": {
            "deleteEnabled": true,
            "writeEnabled": true,
            "readEnabled": true,
            "listEnabled": true
          }
        }
      }
    },
    {
      "RequestUri": "https://annelocontainerregistry.azurecr.io/acr/v1/library%2Fhello-world/_tags?digest=sha256%3Adf5f5184104426b65967e016ff2ac0bfcd44ad7899ca3bbcf8e44e4461491a9e",
      "RequestMethod": "GET",
      "RequestHeaders": {
        "Accept": "application/json",
        "User-Agent": "azsdk-net-Containers.ContainerRegistry/1.0.0-alpha.20210806.1 (.NET Framework 4.8.4300.0; Microsoft Windows 10.0.19042 )",
        "x-ms-client-request-id": "4fc99e80c5cf668550d158938a2d243a",
        "x-ms-return-client-request-id": "true"
      },
      "RequestBody": null,
      "StatusCode": 401,
      "ResponseHeaders": {
        "Access-Control-Expose-Headers": [
          "Docker-Content-Digest",
          "WWW-Authenticate",
          "Link",
          "X-Ms-Correlation-Request-Id"
        ],
        "Connection": "keep-alive",
        "Content-Length": "221",
        "Content-Type": "application/json; charset=utf-8",
        "Date": "Fri, 06 Aug 2021 20:32:03 GMT",
        "Docker-Distribution-Api-Version": "registry/2.0",
        "Server": "openresty",
        "Strict-Transport-Security": [
          "max-age=31536000; includeSubDomains",
          "max-age=31536000; includeSubDomains"
        ],
        "WWW-Authenticate": "Bearer realm=\u0022https://annelocontainerregistry.azurecr.io/oauth2/token\u0022,service=\u0022annelocontainerregistry.azurecr.io\u0022,scope=\u0022repository:library/hello-world:metadata_read\u0022",
        "X-Content-Type-Options": "nosniff",
        "X-Ms-Correlation-Request-Id": "7e2c44e9-a5c0-4784-a30d-df2bf9734ebf"
      },
      "ResponseBody": {
        "errors": [
          {
            "code": "UNAUTHORIZED",
            "message": "authentication required, visit https://aka.ms/acr/authorization for more information.",
            "detail": [
              {
                "Type": "repository",
                "Name": "library/hello-world",
                "Action": "metadata_read"
              }
            ]
          }
        ]
      }
    },
    {
      "RequestUri": "https://annelocontainerregistry.azurecr.io/oauth2/token",
      "RequestMethod": "POST",
      "RequestHeaders": {
        "Accept": "application/json",
        "Content-Length": "148",
        "Content-Type": "application/x-www-form-urlencoded",
        "User-Agent": "azsdk-net-Containers.ContainerRegistry/1.0.0-alpha.20210806.1 (.NET Framework 4.8.4300.0; Microsoft Windows 10.0.19042 )",
        "x-ms-client-request-id": "7fe571c30afe69ca07574e10afcf9cc4",
        "x-ms-return-client-request-id": "true"
      },
      "RequestBody": "service=annelocontainerregistry.azurecr.io\u0026scope=repository%3alibrary%2fhello-world%3ametadata_read\u0026refresh_token=Sanitized\u0026grant_type=refresh_token",
      "StatusCode": 200,
      "ResponseHeaders": {
        "Connection": "keep-alive",
        "Content-Type": "application/json; charset=utf-8",
        "Date": "Fri, 06 Aug 2021 20:32:03 GMT",
        "Server": "openresty",
        "Strict-Transport-Security": "max-age=31536000; includeSubDomains",
        "Transfer-Encoding": "chunked",
        "X-Ms-Correlation-Request-Id": "e7f3a44f-1427-4353-89d4-1a85d0286cd5",
        "x-ms-ratelimit-remaining-calls-per-second": "165.783333"
      },
      "ResponseBody": {
        "access_token": "eyJhbGciOiJSUzI1NiIsInR5cCI6IkpXVCIsImtpZCI6IkVERFE6SFVYWDpMQzQ3OlpCUk06T0k0WTpPUjY2OkFVWko6Qlk3RTo3N0pWOjU0UlI6UU1BSzpOTDI1In0.eyJqdGkiOiIzN2MzMmJlOC05ZTgzLTRiNGMtYTQxNC1mMzZlMzhlMjM3YTIiLCJzdWIiOiI2YTIzODRjYi05Mzc2LTQwMjMtYjlmYi1hNDRjZmQ2YmFiNjUiLCJuYmYiOjE2MjgyODEwMjMsImV4cCI6MTYyODI4NTUyMywiaWF0IjoxNjI4MjgxMDIzLCJpc3MiOiJBenVyZSBDb250YWluZXIgUmVnaXN0cnkiLCJhdWQiOiJhbm5lbG9jb250YWluZXJyZWdpc3RyeS5henVyZWNyLmlvIiwidmVyc2lvbiI6IjIuMCIsInJpZCI6ImM0ZjljYjU3N2Q2NzRkM2ZhZTk0MTI3MjI2NzY3N2E5IiwiYWNjZXNzIjpbeyJ0eXBlIjoicmVwb3NpdG9yeSIsIm5hbWUiOiJsaWJyYXJ5L2hlbGxvLXdvcmxkIiwiYWN0aW9ucyI6WyJtZXRhZGF0YV9yZWFkIl19XSwicm9sZXMiOltdLCJncmFudF90eXBlIjoiYWNjZXNzX3Rva2VuIiwiYXBwaWQiOiIwYTg4ZmZmZC0xMGZiLTQ5ODYtYmRkZi1lZmUwNDZlNTk0MGYifQ.V_Y3jV_nRAbcMtx6W_aqdpxlTUxw7KX_KsZHx8sNqNnPI81krgqnFpihRr_tMJhQ_ffZVgBmJlcE_l7jchlcQ-meYNlWize0PCDUY9wnRA_RIsuMB8WPf91kSzixKazjzgv4DjmF8rYSQJVFkSx-_O1oJWiHttLLGmSRm5_cWFwdWwat0B9gQG4Z6pNjdrlvt8xwr5dlk4Kya25N-qQHuaEFZ8KunfZ5VwVJwoZWsffo3VknD5yg4bOSOsm2ZBDx6bE5pffATVD0AU9SJnECj_TkNK10l8NdfvqUXDOZ5SWA8X5MbiIHRjKLVdpOFyhkEQ96m_MYXe-pygXl3vUEeQ"
      }
    },
    {
      "RequestUri": "https://annelocontainerregistry.azurecr.io/acr/v1/library%2Fhello-world/_tags?digest=sha256%3Adf5f5184104426b65967e016ff2ac0bfcd44ad7899ca3bbcf8e44e4461491a9e",
      "RequestMethod": "GET",
      "RequestHeaders": {
        "Accept": "application/json",
        "Authorization": "Sanitized",
        "User-Agent": "azsdk-net-Containers.ContainerRegistry/1.0.0-alpha.20210806.1 (.NET Framework 4.8.4300.0; Microsoft Windows 10.0.19042 )",
        "x-ms-client-request-id": "4fc99e80c5cf668550d158938a2d243a",
        "x-ms-return-client-request-id": "true"
      },
      "RequestBody": null,
      "StatusCode": 200,
      "ResponseHeaders": {
        "Access-Control-Expose-Headers": [
          "Docker-Content-Digest",
          "WWW-Authenticate",
          "Link",
          "X-Ms-Correlation-Request-Id"
        ],
        "Connection": "keep-alive",
        "Content-Length": "1641",
        "Content-Type": "application/json; charset=utf-8",
        "Date": "Fri, 06 Aug 2021 20:32:03 GMT",
        "Docker-Distribution-Api-Version": "registry/2.0",
        "Server": "openresty",
        "Strict-Transport-Security": [
          "max-age=31536000; includeSubDomains",
          "max-age=31536000; includeSubDomains"
        ],
        "X-Content-Type-Options": "nosniff",
        "X-Ms-Correlation-Request-Id": "a5733c35-03af-4098-b47b-0dbd29726c9f"
      },
      "ResponseBody": {
        "registry": "annelocontainerregistry.azurecr.io",
        "imageName": "library/hello-world",
        "tags": [
          {
            "name": "latest",
            "digest": "sha256:df5f5184104426b65967e016ff2ac0bfcd44ad7899ca3bbcf8e44e4461491a9e",
            "createdTime": "2021-08-06T20:31:52.9682606Z",
            "lastUpdateTime": "2021-08-06T20:31:52.9682606Z",
            "signed": false,
            "changeableAttributes": {
              "deleteEnabled": true,
              "writeEnabled": true,
              "readEnabled": true,
              "listEnabled": true
            }
          },
          {
            "name": "v1",
            "digest": "sha256:df5f5184104426b65967e016ff2ac0bfcd44ad7899ca3bbcf8e44e4461491a9e",
            "createdTime": "2021-08-06T20:31:53.9856311Z",
            "lastUpdateTime": "2021-08-06T20:31:53.9856311Z",
            "signed": false,
            "changeableAttributes": {
              "deleteEnabled": true,
              "writeEnabled": true,
              "readEnabled": true,
              "listEnabled": true
            }
          },
          {
            "name": "v2",
            "digest": "sha256:df5f5184104426b65967e016ff2ac0bfcd44ad7899ca3bbcf8e44e4461491a9e",
            "createdTime": "2021-08-06T20:31:54.2113893Z",
            "lastUpdateTime": "2021-08-06T20:31:54.2113893Z",
            "signed": false,
            "changeableAttributes": {
              "deleteEnabled": true,
              "writeEnabled": true,
              "readEnabled": true,
              "listEnabled": true
            }
          },
          {
            "name": "v3",
            "digest": "sha256:df5f5184104426b65967e016ff2ac0bfcd44ad7899ca3bbcf8e44e4461491a9e",
            "createdTime": "2021-08-06T20:31:54.7833134Z",
            "lastUpdateTime": "2021-08-06T20:31:54.7833134Z",
            "signed": false,
            "changeableAttributes": {
              "deleteEnabled": true,
              "writeEnabled": true,
              "readEnabled": true,
              "listEnabled": true
            }
          },
          {
            "name": "v4",
            "digest": "sha256:df5f5184104426b65967e016ff2ac0bfcd44ad7899ca3bbcf8e44e4461491a9e",
            "createdTime": "2021-08-06T20:31:54.2751473Z",
            "lastUpdateTime": "2021-08-06T20:31:54.2751473Z",
            "signed": false,
            "changeableAttributes": {
              "deleteEnabled": true,
              "writeEnabled": true,
              "readEnabled": true,
              "listEnabled": true
            }
          }
        ]
      }
    }
  ],
  "Variables": {
    "CONTAINERREGISTRY_ENDPOINT": "https://annelocontainerregistry.azurecr.io",
    "RandomSeed": "59101963"
  }
}