{
  "Entries": [
    {
      "RequestUri": "https://mohitcontainerregistryanon.azurecr.io/acr/v1/library%2Fhello-world/_tags/latest?api-version=2021-07-01",
      "RequestMethod": "GET",
      "RequestHeaders": {
        "Accept": "application/json",
        "User-Agent": "azsdk-net-Containers.ContainerRegistry/1.1.0-alpha.20220307.1 (.NET Core 3.1.22; Microsoft Windows 10.0.22000)",
        "x-ms-client-request-id": "4c4d7df783b4c80f8507fbf6c15cf026",
        "x-ms-return-client-request-id": "true"
      },
      "RequestBody": null,
      "StatusCode": 401,
      "ResponseHeaders": {
        "Access-Control-Expose-Headers": [
          "Docker-Content-Digest",
          "WWW-Authenticate",
          "Link",
          "X-Ms-Correlation-Request-Id"
        ],
        "Connection": "keep-alive",
        "Content-Length": "222",
        "Content-Type": "application/json; charset=utf-8",
        "Date": "Mon, 07 Mar 2022 23:34:20 GMT",
        "Docker-Distribution-Api-Version": "registry/2.0",
        "Server": "openresty",
        "Strict-Transport-Security": [
          "max-age=31536000; includeSubDomains",
          "max-age=31536000; includeSubDomains"
        ],
        "WWW-Authenticate": "Bearer realm=\u0022https://mohitcontainerregistryanon.azurecr.io/oauth2/token\u0022,service=\u0022mohitcontainerregistryanon.azurecr.io\u0022,scope=\u0022repository:library/hello-world:metadata_read\u0022",
        "X-Content-Type-Options": "nosniff",
        "X-Ms-Correlation-Request-Id": "0ac7c030-7d27-4048-8265-a8dd82785cc9"
      },
      "ResponseBody": {
        "errors": [
          {
            "code": "UNAUTHORIZED",
            "message": "authentication required, visit https://aka.ms/acr/authorization for more information.",
            "detail": [
              {
                "Type": "repository",
                "Name": "library/hello-world",
                "Action": "metadata_read"
              }
            ]
          }
        ]
      }
    },
    {
      "RequestUri": "https://mohitcontainerregistryanon.azurecr.io/oauth2/token?api-version=2021-07-01",
      "RequestMethod": "POST",
      "RequestHeaders": {
        "Accept": "application/json",
        "Content-Length": "146",
        "Content-Type": "application/x-www-form-urlencoded",
        "User-Agent": "azsdk-net-Containers.ContainerRegistry/1.1.0-alpha.20220307.1 (.NET Core 3.1.22; Microsoft Windows 10.0.22000)",
        "x-ms-client-request-id": "2e2ae3068af8f2e3ecedb38784dd2efd",
        "x-ms-return-client-request-id": "true"
      },
      "RequestBody": "service=mohitcontainerregistryanon.azurecr.io\u0026scope=repository%3Alibrary%2Fhello-world%3Ametadata_read\u0026refresh_token=Sanitized\u0026grant_type=password",
      "StatusCode": 200,
      "ResponseHeaders": {
        "Connection": "keep-alive",
        "Content-Type": "application/json; charset=utf-8",
        "Date": "Mon, 07 Mar 2022 23:34:20 GMT",
        "Server": "openresty",
        "Strict-Transport-Security": "max-age=31536000; includeSubDomains",
        "Transfer-Encoding": "chunked",
        "X-Ms-Correlation-Request-Id": "a1f0343e-4544-4fb3-ad77-aef614374e72",
        "x-ms-ratelimit-remaining-calls-per-second": "166.566667"
      },
      "ResponseBody": {
        "access_token": "eyJhbGciOiJSUzI1NiIsInR5cCI6IkpXVCIsImtpZCI6Ikk3QjY6NlQ0QTpUWlYzOllJT046Rk9ESjpOWlRDOjVVUFk6M0JWMzpGRlhPOlE1NEs6M0JCSzpHVFgzIn0.eyJqdGkiOiIxNDIzYWIwOS0yZWI3LTQ4YTktOGZjOC1mMDM4YmY4NjdjMzMiLCJzdWIiOiJhY3JfYW5vbl9wdWxsIiwibmJmIjoxNjQ2Njk1MDk5LCJleHAiOjE2NDY2OTYyOTksImlhdCI6MTY0NjY5NTA5OSwiaXNzIjoiQXp1cmUgQ29udGFpbmVyIFJlZ2lzdHJ5IiwiYXVkIjoibW9oaXRjb250YWluZXJyZWdpc3RyeWFub24uYXp1cmVjci5pbyIsInZlcnNpb24iOiIxLjAiLCJyaWQiOiI5MTcyZjJkYTU2ZmQ0MjQ3YmYzOTczYzhkNDhkZjNjMCIsImFjY2VzcyI6W3siVHlwZSI6InJlcG9zaXRvcnkiLCJOYW1lIjoiKiIsIkFjdGlvbnMiOlsicHVsbCJdfV0sInJvbGVzIjpbXSwiZ3JhbnRfdHlwZSI6ImFjY2Vzc190b2tlbiJ9.CBx9O6iNQejydptaC6AEm-PXtroK9ILiaAh8GHFcItc2bU0apccwyOKgHb36uif2WIdhoTHWVRMkatDD1yALusb2r20COrouPRGk2iMCtsuGNtYA3xDPbeK8VTZN3r7ep0NAfU6y9BePipIAz-b8uhkWwdMTu8hUr2iY4JIPLN3keq5qH9tr9d1JM6VkEblj0pjxlmxjm_Z6wOma_5Th4SHWSWTByb9rk6lMufuPUaLr1PUxmzWnWm-WMXFGpMQZwv8jLEVe2988a2J3gm633SlpNGFG7FPo8jqCkbOsUs1MH3cEa7kA6TUNGPFUSibilNdBQwIcqRvYTFto2hHvLw"
      }
    },
    {
      "RequestUri": "https://mohitcontainerregistryanon.azurecr.io/acr/v1/library%2Fhello-world/_tags/latest?api-version=2021-07-01",
      "RequestMethod": "GET",
      "RequestHeaders": {
        "Accept": "application/json",
        "Authorization": "Sanitized",
        "User-Agent": "azsdk-net-Containers.ContainerRegistry/1.1.0-alpha.20220307.1 (.NET Core 3.1.22; Microsoft Windows 10.0.22000)",
        "x-ms-client-request-id": "4c4d7df783b4c80f8507fbf6c15cf026",
        "x-ms-return-client-request-id": "true"
      },
      "RequestBody": null,
      "StatusCode": 200,
      "ResponseHeaders": {
        "Access-Control-Expose-Headers": [
          "Docker-Content-Digest",
          "WWW-Authenticate",
          "Link",
          "X-Ms-Correlation-Request-Id"
        ],
        "Connection": "keep-alive",
        "Content-Length": "406",
        "Content-Type": "application/json; charset=utf-8",
        "Date": "Mon, 07 Mar 2022 23:34:20 GMT",
        "Docker-Distribution-Api-Version": "registry/2.0",
        "Server": "openresty",
        "Strict-Transport-Security": [
          "max-age=31536000; includeSubDomains",
          "max-age=31536000; includeSubDomains"
        ],
        "X-Content-Type-Options": "nosniff",
        "X-Ms-Correlation-Request-Id": "8f42bc84-20ac-4ff3-aadc-ec9c25c74601"
      },
      "ResponseBody": {
        "registry": "mohitcontainerregistryanon.azurecr.io",
        "imageName": "library/hello-world",
        "tag": {
          "name": "latest",
          "digest": "sha256:97a379f4f88575512824f3b352bc03cd75e239179eea0fecc38e597b2209f49a",
          "createdTime": "2022-03-07T23:14:29.0981447Z",
          "lastUpdateTime": "2022-03-07T23:14:29.0981447Z",
          "signed": false,
          "changeableAttributes": {
            "deleteEnabled": true,
            "writeEnabled": true,
            "readEnabled": true,
            "listEnabled": true
          }
        }
      }
    },
    {
      "RequestUri": "https://mohitcontainerregistryanon.azurecr.io/acr/v1/library%2Fhello-world/_tags?n=2\u0026digest=sha256%3A97a379f4f88575512824f3b352bc03cd75e239179eea0fecc38e597b2209f49a\u0026api-version=2021-07-01",
      "RequestMethod": "GET",
      "RequestHeaders": {
        "Accept": "application/json",
        "User-Agent": "azsdk-net-Containers.ContainerRegistry/1.1.0-alpha.20220307.1 (.NET Core 3.1.22; Microsoft Windows 10.0.22000)",
        "x-ms-client-request-id": "415a25edfca032473a736ef8f80ffdbe",
        "x-ms-return-client-request-id": "true"
      },
      "RequestBody": null,
      "StatusCode": 401,
      "ResponseHeaders": {
        "Access-Control-Expose-Headers": [
          "Docker-Content-Digest",
          "WWW-Authenticate",
          "Link",
          "X-Ms-Correlation-Request-Id"
        ],
        "Connection": "keep-alive",
        "Content-Length": "222",
        "Content-Type": "application/json; charset=utf-8",
        "Date": "Mon, 07 Mar 2022 23:34:20 GMT",
        "Docker-Distribution-Api-Version": "registry/2.0",
        "Server": "openresty",
        "Strict-Transport-Security": [
          "max-age=31536000; includeSubDomains",
          "max-age=31536000; includeSubDomains"
        ],
        "WWW-Authenticate": "Bearer realm=\u0022https://mohitcontainerregistryanon.azurecr.io/oauth2/token\u0022,service=\u0022mohitcontainerregistryanon.azurecr.io\u0022,scope=\u0022repository:library/hello-world:metadata_read\u0022",
        "X-Content-Type-Options": "nosniff",
        "X-Ms-Correlation-Request-Id": "3a604c66-fb74-4b47-9f11-5b7aabfe0c1f"
      },
      "ResponseBody": {
        "errors": [
          {
            "code": "UNAUTHORIZED",
            "message": "authentication required, visit https://aka.ms/acr/authorization for more information.",
            "detail": [
              {
                "Type": "repository",
                "Name": "library/hello-world",
                "Action": "metadata_read"
              }
            ]
          }
        ]
      }
    },
    {
      "RequestUri": "https://mohitcontainerregistryanon.azurecr.io/oauth2/token?api-version=2021-07-01",
      "RequestMethod": "POST",
      "RequestHeaders": {
        "Accept": "application/json",
        "Content-Length": "146",
        "Content-Type": "application/x-www-form-urlencoded",
        "User-Agent": "azsdk-net-Containers.ContainerRegistry/1.1.0-alpha.20220307.1 (.NET Core 3.1.22; Microsoft Windows 10.0.22000)",
        "x-ms-client-request-id": "39b8237266336c03995a5fc7d08843a7",
        "x-ms-return-client-request-id": "true"
      },
      "RequestBody": "service=mohitcontainerregistryanon.azurecr.io\u0026scope=repository%3Alibrary%2Fhello-world%3Ametadata_read\u0026refresh_token=Sanitized\u0026grant_type=password",
      "StatusCode": 200,
      "ResponseHeaders": {
        "Connection": "keep-alive",
        "Content-Type": "application/json; charset=utf-8",
        "Date": "Mon, 07 Mar 2022 23:34:20 GMT",
        "Server": "openresty",
        "Strict-Transport-Security": "max-age=31536000; includeSubDomains",
        "Transfer-Encoding": "chunked",
        "X-Ms-Correlation-Request-Id": "aa4e9667-2717-4bae-ad13-c757c1d3dc01",
        "x-ms-ratelimit-remaining-calls-per-second": "166.55"
      },
      "ResponseBody": {
        "access_token": "eyJhbGciOiJSUzI1NiIsInR5cCI6IkpXVCIsImtpZCI6Ikk3QjY6NlQ0QTpUWlYzOllJT046Rk9ESjpOWlRDOjVVUFk6M0JWMzpGRlhPOlE1NEs6M0JCSzpHVFgzIn0.eyJqdGkiOiIxNDIzYWIwOS0yZWI3LTQ4YTktOGZjOC1mMDM4YmY4NjdjMzMiLCJzdWIiOiJhY3JfYW5vbl9wdWxsIiwibmJmIjoxNjQ2Njk1MDk5LCJleHAiOjE2NDY2OTYyOTksImlhdCI6MTY0NjY5NTA5OSwiaXNzIjoiQXp1cmUgQ29udGFpbmVyIFJlZ2lzdHJ5IiwiYXVkIjoibW9oaXRjb250YWluZXJyZWdpc3RyeWFub24uYXp1cmVjci5pbyIsInZlcnNpb24iOiIxLjAiLCJyaWQiOiI5MTcyZjJkYTU2ZmQ0MjQ3YmYzOTczYzhkNDhkZjNjMCIsImFjY2VzcyI6W3siVHlwZSI6InJlcG9zaXRvcnkiLCJOYW1lIjoiKiIsIkFjdGlvbnMiOlsicHVsbCJdfV0sInJvbGVzIjpbXSwiZ3JhbnRfdHlwZSI6ImFjY2Vzc190b2tlbiJ9.CBx9O6iNQejydptaC6AEm-PXtroK9ILiaAh8GHFcItc2bU0apccwyOKgHb36uif2WIdhoTHWVRMkatDD1yALusb2r20COrouPRGk2iMCtsuGNtYA3xDPbeK8VTZN3r7ep0NAfU6y9BePipIAz-b8uhkWwdMTu8hUr2iY4JIPLN3keq5qH9tr9d1JM6VkEblj0pjxlmxjm_Z6wOma_5Th4SHWSWTByb9rk6lMufuPUaLr1PUxmzWnWm-WMXFGpMQZwv8jLEVe2988a2J3gm633SlpNGFG7FPo8jqCkbOsUs1MH3cEa7kA6TUNGPFUSibilNdBQwIcqRvYTFto2hHvLw"
      }
    },
    {
      "RequestUri": "https://mohitcontainerregistryanon.azurecr.io/acr/v1/library%2Fhello-world/_tags?n=2\u0026digest=sha256%3A97a379f4f88575512824f3b352bc03cd75e239179eea0fecc38e597b2209f49a\u0026api-version=2021-07-01",
      "RequestMethod": "GET",
      "RequestHeaders": {
        "Accept": "application/json",
        "Authorization": "Sanitized",
        "User-Agent": "azsdk-net-Containers.ContainerRegistry/1.1.0-alpha.20220307.1 (.NET Core 3.1.22; Microsoft Windows 10.0.22000)",
        "x-ms-client-request-id": "415a25edfca032473a736ef8f80ffdbe",
        "x-ms-return-client-request-id": "true"
      },
      "RequestBody": null,
      "StatusCode": 200,
      "ResponseHeaders": {
        "Access-Control-Expose-Headers": [
          "Docker-Content-Digest",
          "WWW-Authenticate",
          "Link",
          "X-Ms-Correlation-Request-Id"
        ],
        "Connection": "keep-alive",
        "Content-Length": "722",
        "Content-Type": "application/json; charset=utf-8",
        "Date": "Mon, 07 Mar 2022 23:34:20 GMT",
        "Docker-Distribution-Api-Version": "registry/2.0",
        "Link": "\u003C/acr/v1/library%2Fhello-world/_tags?last=newest\u0026n=2\u0026orderby=\u003E; rel=\u0022next\u0022",
        "Server": "openresty",
        "Strict-Transport-Security": [
          "max-age=31536000; includeSubDomains",
          "max-age=31536000; includeSubDomains"
        ],
        "X-Content-Type-Options": "nosniff",
        "X-Ms-Correlation-Request-Id": "37175d06-43d0-4d43-94d5-bffd0208a75d"
      },
      "ResponseBody": {
        "registry": "mohitcontainerregistryanon.azurecr.io",
        "imageName": "library/hello-world",
        "tags": [
          {
            "name": "latest",
            "digest": "sha256:97a379f4f88575512824f3b352bc03cd75e239179eea0fecc38e597b2209f49a",
            "createdTime": "2022-03-07T23:14:29.0981447Z",
            "lastUpdateTime": "2022-03-07T23:14:29.0981447Z",
            "signed": false,
            "changeableAttributes": {
              "deleteEnabled": true,
              "writeEnabled": true,
              "readEnabled": true,
              "listEnabled": true
            }
          },
          {
            "name": "newest",
            "digest": "sha256:97a379f4f88575512824f3b352bc03cd75e239179eea0fecc38e597b2209f49a",
            "createdTime": "2022-03-07T23:18:50.0943158Z",
            "lastUpdateTime": "2022-03-07T23:18:50.0943158Z",
            "signed": false,
            "changeableAttributes": {
              "deleteEnabled": true,
              "writeEnabled": true,
              "readEnabled": true,
              "listEnabled": true
            }
          }
        ]
      }
    },
    {
      "RequestUri": "https://mohitcontainerregistryanon.azurecr.io/acr/v1/library%2Fhello-world/_tags?last=newest\u0026n=2\u0026orderby=",
      "RequestMethod": "GET",
      "RequestHeaders": {
        "Accept": "application/json",
        "User-Agent": "azsdk-net-Containers.ContainerRegistry/1.1.0-alpha.20220307.1 (.NET Core 3.1.22; Microsoft Windows 10.0.22000)",
        "x-ms-client-request-id": "9c08fed9af0209859bf7f4841beafadd",
        "x-ms-return-client-request-id": "true"
      },
      "RequestBody": null,
      "StatusCode": 401,
      "ResponseHeaders": {
        "Access-Control-Expose-Headers": [
          "Docker-Content-Digest",
          "WWW-Authenticate",
          "Link",
          "X-Ms-Correlation-Request-Id"
        ],
        "Connection": "keep-alive",
        "Content-Length": "222",
        "Content-Type": "application/json; charset=utf-8",
        "Date": "Mon, 07 Mar 2022 23:34:20 GMT",
        "Docker-Distribution-Api-Version": "registry/2.0",
        "Server": "openresty",
        "Strict-Transport-Security": [
          "max-age=31536000; includeSubDomains",
          "max-age=31536000; includeSubDomains"
        ],
        "WWW-Authenticate": "Bearer realm=\u0022https://mohitcontainerregistryanon.azurecr.io/oauth2/token\u0022,service=\u0022mohitcontainerregistryanon.azurecr.io\u0022,scope=\u0022repository:library/hello-world:metadata_read\u0022",
        "X-Content-Type-Options": "nosniff",
        "X-Ms-Correlation-Request-Id": "a09aff3d-2b92-4d20-a79c-c0ef480f8cef"
      },
      "ResponseBody": {
        "errors": [
          {
            "code": "UNAUTHORIZED",
            "message": "authentication required, visit https://aka.ms/acr/authorization for more information.",
            "detail": [
              {
                "Type": "repository",
                "Name": "library/hello-world",
                "Action": "metadata_read"
              }
            ]
          }
        ]
      }
    },
    {
      "RequestUri": "https://mohitcontainerregistryanon.azurecr.io/oauth2/token?api-version=2021-07-01",
      "RequestMethod": "POST",
      "RequestHeaders": {
        "Accept": "application/json",
        "Content-Length": "146",
        "Content-Type": "application/x-www-form-urlencoded",
        "User-Agent": "azsdk-net-Containers.ContainerRegistry/1.1.0-alpha.20220307.1 (.NET Core 3.1.22; Microsoft Windows 10.0.22000)",
        "x-ms-client-request-id": "6115f4eff52587c921eea8459d8062b2",
        "x-ms-return-client-request-id": "true"
      },
      "RequestBody": "service=mohitcontainerregistryanon.azurecr.io\u0026scope=repository%3Alibrary%2Fhello-world%3Ametadata_read\u0026refresh_token=Sanitized\u0026grant_type=password",
      "StatusCode": 200,
      "ResponseHeaders": {
        "Connection": "keep-alive",
        "Content-Type": "application/json; charset=utf-8",
        "Date": "Mon, 07 Mar 2022 23:34:20 GMT",
        "Server": "openresty",
        "Strict-Transport-Security": "max-age=31536000; includeSubDomains",
        "Transfer-Encoding": "chunked",
        "X-Ms-Correlation-Request-Id": "c2f97203-dab8-4b99-83d7-a67da351faf8",
        "x-ms-ratelimit-remaining-calls-per-second": "166.533333"
      },
      "ResponseBody": {
        "access_token": "eyJhbGciOiJSUzI1NiIsInR5cCI6IkpXVCIsImtpZCI6Ikk3QjY6NlQ0QTpUWlYzOllJT046Rk9ESjpOWlRDOjVVUFk6M0JWMzpGRlhPOlE1NEs6M0JCSzpHVFgzIn0.eyJqdGkiOiIxNDIzYWIwOS0yZWI3LTQ4YTktOGZjOC1mMDM4YmY4NjdjMzMiLCJzdWIiOiJhY3JfYW5vbl9wdWxsIiwibmJmIjoxNjQ2Njk1MDk5LCJleHAiOjE2NDY2OTYyOTksImlhdCI6MTY0NjY5NTA5OSwiaXNzIjoiQXp1cmUgQ29udGFpbmVyIFJlZ2lzdHJ5IiwiYXVkIjoibW9oaXRjb250YWluZXJyZWdpc3RyeWFub24uYXp1cmVjci5pbyIsInZlcnNpb24iOiIxLjAiLCJyaWQiOiI5MTcyZjJkYTU2ZmQ0MjQ3YmYzOTczYzhkNDhkZjNjMCIsImFjY2VzcyI6W3siVHlwZSI6InJlcG9zaXRvcnkiLCJOYW1lIjoiKiIsIkFjdGlvbnMiOlsicHVsbCJdfV0sInJvbGVzIjpbXSwiZ3JhbnRfdHlwZSI6ImFjY2Vzc190b2tlbiJ9.CBx9O6iNQejydptaC6AEm-PXtroK9ILiaAh8GHFcItc2bU0apccwyOKgHb36uif2WIdhoTHWVRMkatDD1yALusb2r20COrouPRGk2iMCtsuGNtYA3xDPbeK8VTZN3r7ep0NAfU6y9BePipIAz-b8uhkWwdMTu8hUr2iY4JIPLN3keq5qH9tr9d1JM6VkEblj0pjxlmxjm_Z6wOma_5Th4SHWSWTByb9rk6lMufuPUaLr1PUxmzWnWm-WMXFGpMQZwv8jLEVe2988a2J3gm633SlpNGFG7FPo8jqCkbOsUs1MH3cEa7kA6TUNGPFUSibilNdBQwIcqRvYTFto2hHvLw"
      }
    },
    {
      "RequestUri": "https://mohitcontainerregistryanon.azurecr.io/acr/v1/library%2Fhello-world/_tags?last=newest\u0026n=2\u0026orderby=",
      "RequestMethod": "GET",
      "RequestHeaders": {
        "Accept": "application/json",
        "Authorization": "Sanitized",
        "User-Agent": "azsdk-net-Containers.ContainerRegistry/1.1.0-alpha.20220307.1 (.NET Core 3.1.22; Microsoft Windows 10.0.22000)",
        "x-ms-client-request-id": "9c08fed9af0209859bf7f4841beafadd",
        "x-ms-return-client-request-id": "true"
      },
      "RequestBody": null,
      "StatusCode": 200,
      "ResponseHeaders": {
        "Access-Control-Expose-Headers": [
          "Docker-Content-Digest",
          "WWW-Authenticate",
          "Link",
          "X-Ms-Correlation-Request-Id"
        ],
        "Connection": "keep-alive",
        "Content-Length": "708",
        "Content-Type": "application/json; charset=utf-8",
        "Date": "Mon, 07 Mar 2022 23:34:21 GMT",
        "Docker-Distribution-Api-Version": "registry/2.0",
        "Link": "\u003C/acr/v1/library%2Fhello-world/_tags?last=v2\u0026n=2\u0026orderby=\u003E; rel=\u0022next\u0022",
        "Server": "openresty",
        "Strict-Transport-Security": [
          "max-age=31536000; includeSubDomains",
          "max-age=31536000; includeSubDomains"
        ],
        "X-Content-Type-Options": "nosniff",
        "X-Ms-Correlation-Request-Id": "f51ace41-00f9-4057-86ee-7ae8b845b7fc"
      },
      "ResponseBody": {
        "registry": "mohitcontainerregistryanon.azurecr.io",
        "imageName": "library/hello-world",
        "tags": [
          {
            "name": "v1",
            "digest": "sha256:97a379f4f88575512824f3b352bc03cd75e239179eea0fecc38e597b2209f49a",
            "createdTime": "2022-03-07T23:14:30.2042Z",
            "lastUpdateTime": "2022-03-07T23:14:30.2042Z",
            "signed": false,
            "changeableAttributes": {
              "deleteEnabled": true,
              "writeEnabled": true,
              "readEnabled": true,
              "listEnabled": true
            }
          },
          {
            "name": "v2",
            "digest": "sha256:97a379f4f88575512824f3b352bc03cd75e239179eea0fecc38e597b2209f49a",
            "createdTime": "2022-03-07T23:14:29.4795502Z",
            "lastUpdateTime": "2022-03-07T23:14:29.4795502Z",
            "signed": false,
            "changeableAttributes": {
              "deleteEnabled": true,
              "writeEnabled": true,
              "readEnabled": true,
              "listEnabled": true
            }
          }
        ]
      }
    },
    {
      "RequestUri": "https://mohitcontainerregistryanon.azurecr.io/acr/v1/library%2Fhello-world/_tags?last=v2\u0026n=2\u0026orderby=",
      "RequestMethod": "GET",
      "RequestHeaders": {
        "Accept": "application/json",
        "User-Agent": "azsdk-net-Containers.ContainerRegistry/1.1.0-alpha.20220307.1 (.NET Core 3.1.22; Microsoft Windows 10.0.22000)",
        "x-ms-client-request-id": "f91fc7306106c3bc9eaf9d3b717f50ae",
        "x-ms-return-client-request-id": "true"
      },
      "RequestBody": null,
      "StatusCode": 401,
      "ResponseHeaders": {
        "Access-Control-Expose-Headers": [
          "Docker-Content-Digest",
          "WWW-Authenticate",
          "Link",
          "X-Ms-Correlation-Request-Id"
        ],
        "Connection": "keep-alive",
        "Content-Length": "222",
        "Content-Type": "application/json; charset=utf-8",
        "Date": "Mon, 07 Mar 2022 23:34:21 GMT",
        "Docker-Distribution-Api-Version": "registry/2.0",
        "Server": "openresty",
        "Strict-Transport-Security": [
          "max-age=31536000; includeSubDomains",
          "max-age=31536000; includeSubDomains"
        ],
        "WWW-Authenticate": "Bearer realm=\u0022https://mohitcontainerregistryanon.azurecr.io/oauth2/token\u0022,service=\u0022mohitcontainerregistryanon.azurecr.io\u0022,scope=\u0022repository:library/hello-world:metadata_read\u0022",
        "X-Content-Type-Options": "nosniff",
        "X-Ms-Correlation-Request-Id": "c061a631-f296-4f6b-add5-8bb8bd3e4a9c"
      },
      "ResponseBody": {
        "errors": [
          {
            "code": "UNAUTHORIZED",
            "message": "authentication required, visit https://aka.ms/acr/authorization for more information.",
            "detail": [
              {
                "Type": "repository",
                "Name": "library/hello-world",
                "Action": "metadata_read"
              }
            ]
          }
        ]
      }
    },
    {
      "RequestUri": "https://mohitcontainerregistryanon.azurecr.io/oauth2/token?api-version=2021-07-01",
      "RequestMethod": "POST",
      "RequestHeaders": {
        "Accept": "application/json",
        "Content-Length": "146",
        "Content-Type": "application/x-www-form-urlencoded",
        "User-Agent": "azsdk-net-Containers.ContainerRegistry/1.1.0-alpha.20220307.1 (.NET Core 3.1.22; Microsoft Windows 10.0.22000)",
        "x-ms-client-request-id": "dcd88260e272e48134817a13073f6b1a",
        "x-ms-return-client-request-id": "true"
      },
      "RequestBody": "service=mohitcontainerregistryanon.azurecr.io\u0026scope=repository%3Alibrary%2Fhello-world%3Ametadata_read\u0026refresh_token=Sanitized\u0026grant_type=password",
      "StatusCode": 200,
      "ResponseHeaders": {
        "Connection": "keep-alive",
        "Content-Type": "application/json; charset=utf-8",
        "Date": "Mon, 07 Mar 2022 23:34:21 GMT",
        "Server": "openresty",
        "Strict-Transport-Security": "max-age=31536000; includeSubDomains",
        "Transfer-Encoding": "chunked",
        "X-Ms-Correlation-Request-Id": "a20c0474-5c9f-489d-9c93-caa3f05bf15e",
        "x-ms-ratelimit-remaining-calls-per-second": "166.516667"
      },
      "ResponseBody": {
        "access_token": "eyJhbGciOiJSUzI1NiIsInR5cCI6IkpXVCIsImtpZCI6Ikk3QjY6NlQ0QTpUWlYzOllJT046Rk9ESjpOWlRDOjVVUFk6M0JWMzpGRlhPOlE1NEs6M0JCSzpHVFgzIn0.eyJqdGkiOiIxNDIzYWIwOS0yZWI3LTQ4YTktOGZjOC1mMDM4YmY4NjdjMzMiLCJzdWIiOiJhY3JfYW5vbl9wdWxsIiwibmJmIjoxNjQ2Njk1MDk5LCJleHAiOjE2NDY2OTYyOTksImlhdCI6MTY0NjY5NTA5OSwiaXNzIjoiQXp1cmUgQ29udGFpbmVyIFJlZ2lzdHJ5IiwiYXVkIjoibW9oaXRjb250YWluZXJyZWdpc3RyeWFub24uYXp1cmVjci5pbyIsInZlcnNpb24iOiIxLjAiLCJyaWQiOiI5MTcyZjJkYTU2ZmQ0MjQ3YmYzOTczYzhkNDhkZjNjMCIsImFjY2VzcyI6W3siVHlwZSI6InJlcG9zaXRvcnkiLCJOYW1lIjoiKiIsIkFjdGlvbnMiOlsicHVsbCJdfV0sInJvbGVzIjpbXSwiZ3JhbnRfdHlwZSI6ImFjY2Vzc190b2tlbiJ9.CBx9O6iNQejydptaC6AEm-PXtroK9ILiaAh8GHFcItc2bU0apccwyOKgHb36uif2WIdhoTHWVRMkatDD1yALusb2r20COrouPRGk2iMCtsuGNtYA3xDPbeK8VTZN3r7ep0NAfU6y9BePipIAz-b8uhkWwdMTu8hUr2iY4JIPLN3keq5qH9tr9d1JM6VkEblj0pjxlmxjm_Z6wOma_5Th4SHWSWTByb9rk6lMufuPUaLr1PUxmzWnWm-WMXFGpMQZwv8jLEVe2988a2J3gm633SlpNGFG7FPo8jqCkbOsUs1MH3cEa7kA6TUNGPFUSibilNdBQwIcqRvYTFto2hHvLw"
      }
    },
    {
      "RequestUri": "https://mohitcontainerregistryanon.azurecr.io/acr/v1/library%2Fhello-world/_tags?last=v2\u0026n=2\u0026orderby=",
      "RequestMethod": "GET",
      "RequestHeaders": {
        "Accept": "application/json",
        "Authorization": "Sanitized",
        "User-Agent": "azsdk-net-Containers.ContainerRegistry/1.1.0-alpha.20220307.1 (.NET Core 3.1.22; Microsoft Windows 10.0.22000)",
        "x-ms-client-request-id": "f91fc7306106c3bc9eaf9d3b717f50ae",
        "x-ms-return-client-request-id": "true"
      },
      "RequestBody": null,
      "StatusCode": 200,
      "ResponseHeaders": {
        "Access-Control-Expose-Headers": [
          "Docker-Content-Digest",
          "WWW-Authenticate",
          "Link",
          "X-Ms-Correlation-Request-Id"
        ],
        "Connection": "keep-alive",
        "Content-Length": "714",
        "Content-Type": "application/json; charset=utf-8",
        "Date": "Mon, 07 Mar 2022 23:34:21 GMT",
        "Docker-Distribution-Api-Version": "registry/2.0",
        "Server": "openresty",
        "Strict-Transport-Security": [
          "max-age=31536000; includeSubDomains",
          "max-age=31536000; includeSubDomains"
        ],
        "X-Content-Type-Options": "nosniff",
        "X-Ms-Correlation-Request-Id": "95715c15-dcb0-4c69-adfe-09901ec88d26"
      },
      "ResponseBody": {
        "registry": "mohitcontainerregistryanon.azurecr.io",
        "imageName": "library/hello-world",
        "tags": [
          {
            "name": "v3",
            "digest": "sha256:97a379f4f88575512824f3b352bc03cd75e239179eea0fecc38e597b2209f49a",
            "createdTime": "2022-03-07T23:14:29.6143685Z",
            "lastUpdateTime": "2022-03-07T23:14:29.6143685Z",
            "signed": false,
            "changeableAttributes": {
              "deleteEnabled": true,
              "writeEnabled": true,
              "readEnabled": true,
              "listEnabled": true
            }
          },
          {
            "name": "v4",
            "digest": "sha256:97a379f4f88575512824f3b352bc03cd75e239179eea0fecc38e597b2209f49a",
            "createdTime": "2022-03-07T23:14:30.8095332Z",
            "lastUpdateTime": "2022-03-07T23:14:30.8095332Z",
            "signed": false,
            "changeableAttributes": {
              "deleteEnabled": true,
              "writeEnabled": true,
              "readEnabled": true,
              "listEnabled": true
            }
          }
        ]
      }
    }
  ],
  "Variables": {
    "CONTAINERREGISTRY_ANONREGISTRY_ENDPOINT": "https://mohitcontainerregistryanon.azurecr.io",
    "CONTAINERREGISTRY_ENDPOINT": "https://mohitcontainerregistry.azurecr.io",
    "RandomSeed": "1097942724"
  }
}
