{
  "Entries": [
    {
      "RequestUri": "https://mohitcontainerregistry.azurecr.io/acr/v1/library%2Fhello-world/_tags/latest?api-version=2021-07-01",
      "RequestMethod": "GET",
      "RequestHeaders": {
        "Accept": "application/json",
        "User-Agent": "azsdk-net-Containers.ContainerRegistry/1.1.0-alpha.20220307.1 (.NET Core 3.1.22; Microsoft Windows 10.0.22000)",
        "x-ms-client-request-id": "d086cee5e762097a2382f1bf7cfe03cf",
        "x-ms-return-client-request-id": "true"
      },
      "RequestBody": null,
      "StatusCode": 401,
      "ResponseHeaders": {
        "Access-Control-Expose-Headers": [
          "Docker-Content-Digest",
          "WWW-Authenticate",
          "Link",
          "X-Ms-Correlation-Request-Id"
        ],
        "Connection": "keep-alive",
        "Content-Length": "222",
        "Content-Type": "application/json; charset=utf-8",
        "Date": "Mon, 07 Mar 2022 23:34:19 GMT",
        "Docker-Distribution-Api-Version": "registry/2.0",
        "Server": "openresty",
        "Strict-Transport-Security": [
          "max-age=31536000; includeSubDomains",
          "max-age=31536000; includeSubDomains"
        ],
        "WWW-Authenticate": "Bearer realm=\u0022https://mohitcontainerregistry.azurecr.io/oauth2/token\u0022,service=\u0022mohitcontainerregistry.azurecr.io\u0022,scope=\u0022repository:library/hello-world:metadata_read\u0022",
        "X-Content-Type-Options": "nosniff",
        "X-Ms-Correlation-Request-Id": "f428f266-7d7f-40bb-97ea-b065fa6e850c"
      },
      "ResponseBody": {
        "errors": [
          {
            "code": "UNAUTHORIZED",
            "message": "authentication required, visit https://aka.ms/acr/authorization for more information.",
            "detail": [
              {
                "Type": "repository",
                "Name": "library/hello-world",
                "Action": "metadata_read"
              }
            ]
          }
        ]
      }
    },
    {
      "RequestUri": "https://mohitcontainerregistry.azurecr.io/oauth2/exchange?api-version=2021-07-01",
      "RequestMethod": "POST",
      "RequestHeaders": {
        "Accept": "application/json",
        "Content-Length": "88",
        "Content-Type": "application/x-www-form-urlencoded",
        "User-Agent": "azsdk-net-Containers.ContainerRegistry/1.1.0-alpha.20220307.1 (.NET Core 3.1.22; Microsoft Windows 10.0.22000)",
        "x-ms-client-request-id": "db494928c503fd00cf403b134d920877",
        "x-ms-return-client-request-id": "true"
      },
      "RequestBody": "grant_type=access_token\u0026service=mohitcontainerregistry.azurecr.io\u0026access_token=Sanitized",
      "StatusCode": 200,
      "ResponseHeaders": {
        "Connection": "keep-alive",
        "Content-Type": "application/json; charset=utf-8",
        "Date": "Mon, 07 Mar 2022 23:34:19 GMT",
        "Server": "openresty",
        "Strict-Transport-Security": "max-age=31536000; includeSubDomains",
        "Transfer-Encoding": "chunked",
        "X-Ms-Correlation-Request-Id": "bb9de751-a0d2-433c-8acb-ef44f026b9f1",
        "x-ms-ratelimit-remaining-calls-per-second": "165.616667"
      },
      "ResponseBody": {
        "refresh_token": "eyJhbGciOiJSUzI1NiIsInR5cCI6IkpXVCIsImtpZCI6Ikk3QjY6NlQ0QTpUWlYzOllJT046Rk9ESjpOWlRDOjVVUFk6M0JWMzpGRlhPOlE1NEs6M0JCSzpHVFgzIn0.eyJqdGkiOiJhZDJiNDdmYS1lZTU2LTRhYmUtOGNjMy02MDk0ZTliNzA5MDEiLCJzdWIiOiJlNTFmZmFjYy0zY2YyLTRjNDgtODU2My04YTljOWE0Yjk2NTQiLCJuYmYiOjE2NDY2OTUxNTksImV4cCI6MTY0NjcwNjg1OSwiaWF0IjoxNjQ2Njk1MTU5LCJpc3MiOiJBenVyZSBDb250YWluZXIgUmVnaXN0cnkiLCJhdWQiOiJtb2hpdGNvbnRhaW5lcnJlZ2lzdHJ5LmF6dXJlY3IuaW8iLCJ2ZXJzaW9uIjoiMS4wIiwicmlkIjoiY2E3N2JiOTVkODM5NGFiMzg3YzkwZDNhYWEwYjEyYjMiLCJncmFudF90eXBlIjoicmVmcmVzaF90b2tlbiIsImFwcGlkIjoiYjJhYzE3ZmUtNmRkZS00YjFjLThhNjQtOWE3M2FhOWJmNjM4IiwicGVybWlzc2lvbnMiOnsiQWN0aW9ucyI6WyJyZWFkIiwid3JpdGUiLCJkZWxldGUiXSwiTm90QWN0aW9ucyI6bnVsbH0sInJvbGVzIjpbXX0.Upm9ynOGp7mKoNv12YhKU4SAAJfdX467bNn5rWHN883rmqvieD5_eP3daW3VFqo-XwT07yREj4lpnUOfeXSBcYnZh_3ziJkzBaQd0iTF9Oz-LAoejUhyeqUG1LaqDdXByTILeae6IHV83YMDW6ieTSYhGZp0iM7Jr0QygUlucKEjkIp83b3W9FsVdotttqgBS8BuL60ZZWTGuk3HvgPed83bcpZxKXR_V0ed2BCb7ifLz1xRH2k8opYVRXQfSPV9glC5e1gHwidJQbCkFxBosdv2mkEfIFhPGxp5RFenfY0jx1zip0hVMtdnm7EdKEB-qZUNdHXX6TeH0kDbE-L1VA"
      }
    },
    {
      "RequestUri": "https://mohitcontainerregistry.azurecr.io/oauth2/token?api-version=2021-07-01",
      "RequestMethod": "POST",
      "RequestHeaders": {
        "Accept": "application/json",
        "Content-Length": "147",
        "Content-Type": "application/x-www-form-urlencoded",
        "User-Agent": "azsdk-net-Containers.ContainerRegistry/1.1.0-alpha.20220307.1 (.NET Core 3.1.22; Microsoft Windows 10.0.22000)",
        "x-ms-client-request-id": "025a542513fa84f5f09bc4890f8263b4",
        "x-ms-return-client-request-id": "true"
      },
      "RequestBody": "service=mohitcontainerregistry.azurecr.io\u0026scope=repository%3Alibrary%2Fhello-world%3Ametadata_read\u0026refresh_token=Sanitized\u0026grant_type=refresh_token",
      "StatusCode": 200,
      "ResponseHeaders": {
        "Connection": "keep-alive",
        "Content-Type": "application/json; charset=utf-8",
        "Date": "Mon, 07 Mar 2022 23:34:19 GMT",
        "Server": "openresty",
        "Strict-Transport-Security": "max-age=31536000; includeSubDomains",
        "Transfer-Encoding": "chunked",
        "X-Ms-Correlation-Request-Id": "589cbf7d-3e20-4043-8683-e15c846c391a",
        "x-ms-ratelimit-remaining-calls-per-second": "164.966667"
      },
      "ResponseBody": {
        "access_token": "eyJhbGciOiJSUzI1NiIsInR5cCI6IkpXVCIsImtpZCI6Ikk3QjY6NlQ0QTpUWlYzOllJT046Rk9ESjpOWlRDOjVVUFk6M0JWMzpGRlhPOlE1NEs6M0JCSzpHVFgzIn0.eyJqdGkiOiJmYjEzM2UzMy04ZGVkLTQ4YzItYjk0OS0xNDRiODc3ODljMzAiLCJzdWIiOiJlNTFmZmFjYy0zY2YyLTRjNDgtODU2My04YTljOWE0Yjk2NTQiLCJuYmYiOjE2NDY2OTUxNTksImV4cCI6MTY0NjY5OTY1OSwiaWF0IjoxNjQ2Njk1MTU5LCJpc3MiOiJBenVyZSBDb250YWluZXIgUmVnaXN0cnkiLCJhdWQiOiJtb2hpdGNvbnRhaW5lcnJlZ2lzdHJ5LmF6dXJlY3IuaW8iLCJ2ZXJzaW9uIjoiMi4wIiwicmlkIjoiY2E3N2JiOTVkODM5NGFiMzg3YzkwZDNhYWEwYjEyYjMiLCJhY2Nlc3MiOlt7IlR5cGUiOiJyZXBvc2l0b3J5IiwiTmFtZSI6ImxpYnJhcnkvaGVsbG8td29ybGQiLCJBY3Rpb25zIjpbIm1ldGFkYXRhX3JlYWQiXX1dLCJyb2xlcyI6W10sImdyYW50X3R5cGUiOiJhY2Nlc3NfdG9rZW4iLCJhcHBpZCI6ImIyYWMxN2ZlLTZkZGUtNGIxYy04YTY0LTlhNzNhYTliZjYzOCJ9.Q0Jvh1Pq9b5ZMAwHO7_MystSQ5Zg-U20NBLd_YeL_Ruhwz7di1USIBvI8cWgUEro7Y3gWbH_frBCk4d7ftbu-36KJBzNfrvQ-6BHjLEkW68T9OvcC_YfQU2cOne0qoNnuoNCkFEtgVRbzNTe5Obp3P2xUs6atEfXU_ifn_2Q_AmhJt5-lAycndK78Ucl3K3qsHKlyPcgBpWi9a5QuDOqwcJ0gW6fD438kkqtkZE2B_LC6LY1ntcvDGD_NwFbPtFAs6aGZpSqAiXWuedQqNmxZU-7pIgUsM5rgAwufbsdeDNmDyUALYkxeVcEalqSGfnNP83jBKklBKPmt1_a1hyMXw"
      }
    },
    {
      "RequestUri": "https://mohitcontainerregistry.azurecr.io/acr/v1/library%2Fhello-world/_tags/latest?api-version=2021-07-01",
      "RequestMethod": "GET",
      "RequestHeaders": {
        "Accept": "application/json",
        "Authorization": "Sanitized",
        "User-Agent": "azsdk-net-Containers.ContainerRegistry/1.1.0-alpha.20220307.1 (.NET Core 3.1.22; Microsoft Windows 10.0.22000)",
        "x-ms-client-request-id": "d086cee5e762097a2382f1bf7cfe03cf",
        "x-ms-return-client-request-id": "true"
      },
      "RequestBody": null,
      "StatusCode": 200,
      "ResponseHeaders": {
        "Access-Control-Expose-Headers": [
          "Docker-Content-Digest",
          "WWW-Authenticate",
          "Link",
          "X-Ms-Correlation-Request-Id"
        ],
        "Connection": "keep-alive",
        "Content-Length": "402",
        "Content-Type": "application/json; charset=utf-8",
        "Date": "Mon, 07 Mar 2022 23:34:19 GMT",
        "Docker-Distribution-Api-Version": "registry/2.0",
        "Server": "openresty",
        "Strict-Transport-Security": [
          "max-age=31536000; includeSubDomains",
          "max-age=31536000; includeSubDomains"
        ],
        "X-Content-Type-Options": "nosniff",
        "X-Ms-Correlation-Request-Id": "16ae2090-7fbd-448b-8026-6d8a92ac968b"
      },
      "ResponseBody": {
        "registry": "mohitcontainerregistry.azurecr.io",
        "imageName": "library/hello-world",
        "tag": {
          "name": "latest",
          "digest": "sha256:97a379f4f88575512824f3b352bc03cd75e239179eea0fecc38e597b2209f49a",
          "createdTime": "2022-03-07T23:33:47.2842157Z",
          "lastUpdateTime": "2022-03-07T23:33:47.2842157Z",
          "signed": false,
          "changeableAttributes": {
            "deleteEnabled": true,
            "writeEnabled": true,
            "readEnabled": true,
            "listEnabled": true
          }
        }
      }
    },
    {
      "RequestUri": "https://mohitcontainerregistry.azurecr.io/acr/v1/library%2Fhello-world/_tags?orderby=timedesc\u0026digest=sha256%3A97a379f4f88575512824f3b352bc03cd75e239179eea0fecc38e597b2209f49a\u0026api-version=2021-07-01",
      "RequestMethod": "GET",
      "RequestHeaders": {
        "Accept": "application/json",
        "User-Agent": "azsdk-net-Containers.ContainerRegistry/1.1.0-alpha.20220307.1 (.NET Core 3.1.22; Microsoft Windows 10.0.22000)",
        "x-ms-client-request-id": "04f6f6b1ac1d209dce880021ac66bb91",
        "x-ms-return-client-request-id": "true"
      },
      "RequestBody": null,
      "StatusCode": 401,
      "ResponseHeaders": {
        "Access-Control-Expose-Headers": [
          "Docker-Content-Digest",
          "WWW-Authenticate",
          "Link",
          "X-Ms-Correlation-Request-Id"
        ],
        "Connection": "keep-alive",
        "Content-Length": "222",
        "Content-Type": "application/json; charset=utf-8",
        "Date": "Mon, 07 Mar 2022 23:34:19 GMT",
        "Docker-Distribution-Api-Version": "registry/2.0",
        "Server": "openresty",
        "Strict-Transport-Security": [
          "max-age=31536000; includeSubDomains",
          "max-age=31536000; includeSubDomains"
        ],
        "WWW-Authenticate": "Bearer realm=\u0022https://mohitcontainerregistry.azurecr.io/oauth2/token\u0022,service=\u0022mohitcontainerregistry.azurecr.io\u0022,scope=\u0022repository:library/hello-world:metadata_read\u0022",
        "X-Content-Type-Options": "nosniff",
        "X-Ms-Correlation-Request-Id": "7668d46c-58b5-49bc-82b5-0142ad14fa1c"
      },
      "ResponseBody": {
        "errors": [
          {
            "code": "UNAUTHORIZED",
            "message": "authentication required, visit https://aka.ms/acr/authorization for more information.",
            "detail": [
              {
                "Type": "repository",
                "Name": "library/hello-world",
                "Action": "metadata_read"
              }
            ]
          }
        ]
      }
    },
    {
      "RequestUri": "https://mohitcontainerregistry.azurecr.io/oauth2/token?api-version=2021-07-01",
      "RequestMethod": "POST",
      "RequestHeaders": {
        "Accept": "application/json",
        "Content-Length": "147",
        "Content-Type": "application/x-www-form-urlencoded",
        "User-Agent": "azsdk-net-Containers.ContainerRegistry/1.1.0-alpha.20220307.1 (.NET Core 3.1.22; Microsoft Windows 10.0.22000)",
        "x-ms-client-request-id": "279a7a7901a315d554c5ea680077ed4c",
        "x-ms-return-client-request-id": "true"
      },
      "RequestBody": "service=mohitcontainerregistry.azurecr.io\u0026scope=repository%3Alibrary%2Fhello-world%3Ametadata_read\u0026refresh_token=Sanitized\u0026grant_type=refresh_token",
      "StatusCode": 200,
      "ResponseHeaders": {
        "Connection": "keep-alive",
        "Content-Type": "application/json; charset=utf-8",
        "Date": "Mon, 07 Mar 2022 23:34:19 GMT",
        "Server": "openresty",
        "Strict-Transport-Security": "max-age=31536000; includeSubDomains",
        "Transfer-Encoding": "chunked",
        "X-Ms-Correlation-Request-Id": "8529f494-2057-4523-b66e-b195532f1538",
        "x-ms-ratelimit-remaining-calls-per-second": "164.95"
      },
      "ResponseBody": {
        "access_token": "eyJhbGciOiJSUzI1NiIsInR5cCI6IkpXVCIsImtpZCI6Ikk3QjY6NlQ0QTpUWlYzOllJT046Rk9ESjpOWlRDOjVVUFk6M0JWMzpGRlhPOlE1NEs6M0JCSzpHVFgzIn0.eyJqdGkiOiI3YjA1ZGYyOS1hNTFiLTQ1MTYtOTY4ZS1hODdiYzMxNTNjNzgiLCJzdWIiOiJlNTFmZmFjYy0zY2YyLTRjNDgtODU2My04YTljOWE0Yjk2NTQiLCJuYmYiOjE2NDY2OTUxNTksImV4cCI6MTY0NjY5OTY1OSwiaWF0IjoxNjQ2Njk1MTU5LCJpc3MiOiJBenVyZSBDb250YWluZXIgUmVnaXN0cnkiLCJhdWQiOiJtb2hpdGNvbnRhaW5lcnJlZ2lzdHJ5LmF6dXJlY3IuaW8iLCJ2ZXJzaW9uIjoiMi4wIiwicmlkIjoiY2E3N2JiOTVkODM5NGFiMzg3YzkwZDNhYWEwYjEyYjMiLCJhY2Nlc3MiOlt7IlR5cGUiOiJyZXBvc2l0b3J5IiwiTmFtZSI6ImxpYnJhcnkvaGVsbG8td29ybGQiLCJBY3Rpb25zIjpbIm1ldGFkYXRhX3JlYWQiXX1dLCJyb2xlcyI6W10sImdyYW50X3R5cGUiOiJhY2Nlc3NfdG9rZW4iLCJhcHBpZCI6ImIyYWMxN2ZlLTZkZGUtNGIxYy04YTY0LTlhNzNhYTliZjYzOCJ9.Ebu8wtBr_R5-BRgJht63zMt0XO7_SZF6SZsHGPVdhryRbRwKYx1Ck6gFUQqVpO54NM6dQbaWETWSLnNFqhtTmRSymbl0Lr94ue8D2EULM_CCXHh9llSfeplMTV-m9mAO3GYFY4vrERVtEJqJwMpDhTGs5_g9XPunkNQUEJf00bSFCg0wI_a583BgJCenqU2Njps_eZzsgnXFTVQ3o5dduFQGsOwVZcPxxL9HRWkp294Q4qJjbdESkoXlweK6hvyZlgRADrM79ddljSwp4bJO1jpCfuk2xCUxUzUPwbgioKPwI1aHunEBJ1FD0jYll_j4ajGG73WcUb_V_o84Kd1CUA"
      }
    },
    {
      "RequestUri": "https://mohitcontainerregistry.azurecr.io/acr/v1/library%2Fhello-world/_tags?orderby=timedesc\u0026digest=sha256%3A97a379f4f88575512824f3b352bc03cd75e239179eea0fecc38e597b2209f49a\u0026api-version=2021-07-01",
      "RequestMethod": "GET",
      "RequestHeaders": {
        "Accept": "application/json",
        "Authorization": "Sanitized",
        "User-Agent": "azsdk-net-Containers.ContainerRegistry/1.1.0-alpha.20220307.1 (.NET Core 3.1.22; Microsoft Windows 10.0.22000)",
        "x-ms-client-request-id": "04f6f6b1ac1d209dce880021ac66bb91",
        "x-ms-return-client-request-id": "true"
      },
      "RequestBody": null,
      "StatusCode": 200,
      "ResponseHeaders": {
        "Access-Control-Expose-Headers": [
          "Docker-Content-Digest",
          "WWW-Authenticate",
          "Link",
          "X-Ms-Correlation-Request-Id"
        ],
        "Connection": "keep-alive",
        "Content-Length": "1954",
        "Content-Type": "application/json; charset=utf-8",
        "Date": "Mon, 07 Mar 2022 23:34:19 GMT",
        "Docker-Distribution-Api-Version": "registry/2.0",
        "Server": "openresty",
        "Strict-Transport-Security": [
          "max-age=31536000; includeSubDomains",
          "max-age=31536000; includeSubDomains"
        ],
        "X-Content-Type-Options": "nosniff",
        "X-Ms-Correlation-Request-Id": "5af52ac5-7c18-4b94-b087-294cd067a584"
      },
      "ResponseBody": {
        "registry": "mohitcontainerregistry.azurecr.io",
        "imageName": "library/hello-world",
        "tags": [
          {
            "name": "newest",
            "digest": "sha256:97a379f4f88575512824f3b352bc03cd75e239179eea0fecc38e597b2209f49a",
            "createdTime": "2022-03-07T23:34:12.2195276Z",
            "lastUpdateTime": "2022-03-07T23:34:12.2195276Z",
            "signed": false,
            "changeableAttributes": {
              "deleteEnabled": true,
              "writeEnabled": true,
              "readEnabled": true,
              "listEnabled": true
            }
          },
          {
            "name": "v3",
            "digest": "sha256:97a379f4f88575512824f3b352bc03cd75e239179eea0fecc38e597b2209f49a",
            "createdTime": "2022-03-07T23:33:49.2894538Z",
            "lastUpdateTime": "2022-03-07T23:33:49.2894538Z",
            "signed": false,
            "changeableAttributes": {
              "deleteEnabled": true,
              "writeEnabled": true,
              "readEnabled": true,
              "listEnabled": true
            }
          },
          {
            "name": "v4",
            "digest": "sha256:97a379f4f88575512824f3b352bc03cd75e239179eea0fecc38e597b2209f49a",
            "createdTime": "2022-03-07T23:33:49.0294004Z",
            "lastUpdateTime": "2022-03-07T23:33:49.0294004Z",
            "signed": false,
            "changeableAttributes": {
              "deleteEnabled": true,
              "writeEnabled": true,
              "readEnabled": true,
              "listEnabled": true
            }
          },
          {
            "name": "v2",
            "digest": "sha256:97a379f4f88575512824f3b352bc03cd75e239179eea0fecc38e597b2209f49a",
            "createdTime": "2022-03-07T23:33:48.7377045Z",
            "lastUpdateTime": "2022-03-07T23:33:48.7377045Z",
            "signed": false,
            "changeableAttributes": {
              "deleteEnabled": true,
              "writeEnabled": true,
              "readEnabled": true,
              "listEnabled": true
            }
          },
          {
            "name": "v1",
            "digest": "sha256:97a379f4f88575512824f3b352bc03cd75e239179eea0fecc38e597b2209f49a",
            "createdTime": "2022-03-07T23:33:48.4923233Z",
            "lastUpdateTime": "2022-03-07T23:33:48.4923233Z",
            "signed": false,
            "changeableAttributes": {
              "deleteEnabled": true,
              "writeEnabled": true,
              "readEnabled": true,
              "listEnabled": true
            }
          },
          {
            "name": "latest",
            "digest": "sha256:97a379f4f88575512824f3b352bc03cd75e239179eea0fecc38e597b2209f49a",
            "createdTime": "2022-03-07T23:33:47.2842157Z",
            "lastUpdateTime": "2022-03-07T23:33:47.2842157Z",
            "signed": false,
            "changeableAttributes": {
              "deleteEnabled": true,
              "writeEnabled": true,
              "readEnabled": true,
              "listEnabled": true
            }
          }
        ]
      }
    }
  ],
  "Variables": {
    "CLIENT_ID": "b2ac17fe-6dde-4b1c-8a64-9a73aa9bf638",
    "CONTAINERREGISTRY_ENDPOINT": "https://mohitcontainerregistry.azurecr.io",
    "CONTAINERREGISTRY_REGISTRY_NAME": "mohitcontainerregistry",
    "RandomSeed": "1827662469",
    "RESOURCE_GROUP": "rg-mohitcontainerregistry",
    "SUBSCRIPTION_ID": "faa080af-c1d8-40ad-9cce-e1a450ca5b57",
    "TENANT_ID": "72f988bf-86f1-41af-91ab-2d7cd011db47"
  }
}
