{
  "Entries": [
    {
      "RequestUri": "https://localtestacr04.azurecr.io/acr/v1/library%2Fhello-world/_tags/v1",
      "RequestMethod": "GET",
      "RequestHeaders": {
        "Accept": "application/json",
        "User-Agent": "azsdk-net-Containers.ContainerRegistry/1.0.0-alpha.20210510.1 (.NET Framework 4.8.4300.0; Microsoft Windows 10.0.19042 )",
        "x-ms-client-request-id": "222825031632059678ec0d78e8145636",
        "x-ms-return-client-request-id": "true"
      },
      "RequestBody": null,
      "StatusCode": 401,
      "ResponseHeaders": {
        "Access-Control-Expose-Headers": [
          "Docker-Content-Digest",
          "WWW-Authenticate",
          "Link",
          "X-Ms-Correlation-Request-Id"
        ],
        "Connection": "keep-alive",
        "Content-Length": "221",
        "Content-Type": "application/json; charset=utf-8",
        "Date": "Mon, 10 May 2021 15:39:32 GMT",
        "Docker-Distribution-Api-Version": "registry/2.0",
        "Server": "openresty",
        "Strict-Transport-Security": [
          "max-age=31536000; includeSubDomains",
          "max-age=31536000; includeSubDomains"
        ],
        "WWW-Authenticate": "Bearer realm=\u0022https://localtestacr04.azurecr.io/oauth2/token\u0022,service=\u0022localtestacr04.azurecr.io\u0022,scope=\u0022repository:library/hello-world:metadata_read\u0022",
        "X-Content-Type-Options": "nosniff",
        "X-Ms-Correlation-Request-Id": "10f1d9e8-8bc6-4fa4-af0a-ce2b71d8a32c"
      },
      "ResponseBody": {
        "errors": [
          {
            "code": "UNAUTHORIZED",
            "message": "authentication required, visit https://aka.ms/acr/authorization for more information.",
            "detail": [
              {
                "Type": "repository",
                "Name": "library/hello-world",
                "Action": "metadata_read"
              }
            ]
          }
        ]
      }
    },
    {
      "RequestUri": "https://localtestacr04.azurecr.io/oauth2/exchange",
      "RequestMethod": "POST",
      "RequestHeaders": {
        "Accept": "application/json",
        "Content-Length": "80",
        "Content-Type": "application/x-www-form-urlencoded",
        "User-Agent": "azsdk-net-Containers.ContainerRegistry/1.0.0-alpha.20210510.1 (.NET Framework 4.8.4300.0; Microsoft Windows 10.0.19042 )",
        "x-ms-client-request-id": "1b5298b7fc4c11e7eea8b27f396c4945",
        "x-ms-return-client-request-id": "true"
      },
      "RequestBody": "grant_type=access_token\u0026service=localtestacr04.azurecr.io\u0026access_token=Sanitized",
      "StatusCode": 200,
      "ResponseHeaders": {
        "Connection": "keep-alive",
        "Content-Type": "application/json; charset=utf-8",
        "Date": "Mon, 10 May 2021 15:39:32 GMT",
        "Server": "openresty",
        "Strict-Transport-Security": "max-age=31536000; includeSubDomains",
        "Transfer-Encoding": "chunked",
        "X-Ms-Correlation-Request-Id": "d6a6bba3-68d9-40f7-a2ff-0ab2f556c98f",
        "x-ms-ratelimit-remaining-calls-per-second": "165.75"
      },
      "ResponseBody": {
        "refresh_token": "Sanitized.eyJleHAiOjI1NjY3NDExNzJ9.Sanitized"
      }
    },
    {
      "RequestUri": "https://localtestacr04.azurecr.io/oauth2/token",
      "RequestMethod": "POST",
      "RequestHeaders": {
        "Accept": "application/json",
        "Content-Length": "139",
        "Content-Type": "application/x-www-form-urlencoded",
        "User-Agent": "azsdk-net-Containers.ContainerRegistry/1.0.0-alpha.20210510.1 (.NET Framework 4.8.4300.0; Microsoft Windows 10.0.19042 )",
        "x-ms-client-request-id": "c91dd680136a9359cd3a62e689f0f53c",
        "x-ms-return-client-request-id": "true"
      },
      "RequestBody": "service=localtestacr04.azurecr.io\u0026scope=repository%3alibrary%2fhello-world%3ametadata_read\u0026refresh_token=Sanitized\u0026grant_type=refresh_token",
      "StatusCode": 200,
      "ResponseHeaders": {
        "Connection": "keep-alive",
        "Content-Type": "application/json; charset=utf-8",
        "Date": "Mon, 10 May 2021 15:39:33 GMT",
        "Server": "openresty",
        "Strict-Transport-Security": "max-age=31536000; includeSubDomains",
        "Transfer-Encoding": "chunked",
        "X-Ms-Correlation-Request-Id": "f8337b8c-5ca3-4849-9a43-05616395f89c",
        "x-ms-ratelimit-remaining-calls-per-second": "165.733333"
      },
      "ResponseBody": {
        "access_token": "eyJhbGciOiJSUzI1NiIsInR5cCI6IkpXVCIsImtpZCI6IjQ1NlA6WjNCRjpCQ0tPOkpUN0w6MlNLSTpVQUpZOkRCSU46VU5KWTpHWUZHOjdMQTI6WUpNSzpWUkVaIn0.eyJqdGkiOiI3MDUyYjlmZS1lZTY1LTQwN2QtYTAzNC1mZGJmZTUxNWZlYjIiLCJzdWIiOiI2NmZjYTY2Yy1iOTkwLTQzODEtYjM3Yi01ODhhMTc5OGNlNjUiLCJuYmYiOjE2MjA2NjAyNzMsImV4cCI6MTYyMDY2NDc3MywiaWF0IjoxNjIwNjYwMjczLCJpc3MiOiJBenVyZSBDb250YWluZXIgUmVnaXN0cnkiLCJhdWQiOiJsb2NhbHRlc3RhY3IwNC5henVyZWNyLmlvIiwidmVyc2lvbiI6IjIuMCIsInJpZCI6ImJmNmNlNzhlYzM2MjQ1OWQ4ODRmN2NlNjMxNGY1YWJmIiwiYWNjZXNzIjpbeyJ0eXBlIjoicmVwb3NpdG9yeSIsIm5hbWUiOiJsaWJyYXJ5L2hlbGxvLXdvcmxkIiwiYWN0aW9ucyI6WyJtZXRhZGF0YV9yZWFkIl19XSwicm9sZXMiOltdLCJncmFudF90eXBlIjoiYWNjZXNzX3Rva2VuIn0.mHm7pWQHVz_ZHc1MKx-6l9b5JRd3xHoWO-lU4Qb0JYqI6abezbXFULHbUDmeneq5NW8oODJPg9kZ2RtgimsFF7vomt6qkY-1tpqV9fotfd8WbySgfybFq0orhzZsH14an0DxYY9YEgUPse7kW7aJ-2qgKfm4Ur6LGgrmTJ0xIdbDX1A5RWt4pwZR5CMqQM2Rqph_3bSYsA6c5xRaDMwR_lxDoDpI_SYyGs9D4S9SPxLj3uWl4B3rdC1uMY_1gvkndZRrZFBb6K4H_hxvOBlKmDIFXDEwl-oAENjp2hC7mw54ALE8GNENWdQSQ4UhrgOAhlIIdzlqtgUUMes7zupe8g"
      }
    },
    {
      "RequestUri": "https://localtestacr04.azurecr.io/acr/v1/library%2Fhello-world/_tags/v1",
      "RequestMethod": "GET",
      "RequestHeaders": {
        "Accept": "application/json",
        "Authorization": "Sanitized",
        "User-Agent": "azsdk-net-Containers.ContainerRegistry/1.0.0-alpha.20210510.1 (.NET Framework 4.8.4300.0; Microsoft Windows 10.0.19042 )",
        "x-ms-client-request-id": "222825031632059678ec0d78e8145636",
        "x-ms-return-client-request-id": "true"
      },
      "RequestBody": null,
      "StatusCode": 200,
      "ResponseHeaders": {
        "Access-Control-Expose-Headers": [
          "Docker-Content-Digest",
          "WWW-Authenticate",
          "Link",
          "X-Ms-Correlation-Request-Id"
        ],
        "Connection": "keep-alive",
        "Content-Length": "389",
        "Content-Type": "application/json; charset=utf-8",
        "Date": "Mon, 10 May 2021 15:39:33 GMT",
        "Docker-Distribution-Api-Version": "registry/2.0",
        "Server": "openresty",
        "Strict-Transport-Security": [
          "max-age=31536000; includeSubDomains",
          "max-age=31536000; includeSubDomains"
        ],
        "X-Content-Type-Options": "nosniff",
        "X-Ms-Correlation-Request-Id": "5be660e8-cbdb-4c07-97be-6d0a1a0d3d10"
      },
      "ResponseBody": {
        "registry": "localtestacr04.azurecr.io",
        "imageName": "library/hello-world",
        "tag": {
          "name": "v1",
          "digest": "sha256:f2266cbfc127c960fd30e76b7c792dc23b588c0db76233517e1891a4e357d519",
          "createdTime": "2021-05-10T15:39:25.1357818Z",
          "lastUpdateTime": "2021-05-10T15:39:25.1357818Z",
          "signed": false,
          "changeableAttributes": {
            "deleteEnabled": true,
            "writeEnabled": true,
            "readEnabled": true,
            "listEnabled": true
          }
        }
      }
    },
    {
      "RequestUri": "https://localtestacr04.azurecr.io/acr/v1/library%2Fhello-world/_manifests/sha256%3Af2266cbfc127c960fd30e76b7c792dc23b588c0db76233517e1891a4e357d519",
      "RequestMethod": "GET",
      "RequestHeaders": {
        "Accept": "application/json",
        "User-Agent": "azsdk-net-Containers.ContainerRegistry/1.0.0-alpha.20210510.1 (.NET Framework 4.8.4300.0; Microsoft Windows 10.0.19042 )",
        "x-ms-client-request-id": "72b8d147083c07723e17338a6416cc0b",
        "x-ms-return-client-request-id": "true"
      },
      "RequestBody": null,
      "StatusCode": 401,
      "ResponseHeaders": {
        "Access-Control-Expose-Headers": [
          "Docker-Content-Digest",
          "WWW-Authenticate",
          "Link",
          "X-Ms-Correlation-Request-Id"
        ],
        "Connection": "keep-alive",
        "Content-Length": "221",
        "Content-Type": "application/json; charset=utf-8",
        "Date": "Mon, 10 May 2021 15:39:33 GMT",
        "Docker-Distribution-Api-Version": "registry/2.0",
        "Server": "openresty",
        "Strict-Transport-Security": [
          "max-age=31536000; includeSubDomains",
          "max-age=31536000; includeSubDomains"
        ],
        "WWW-Authenticate": "Bearer realm=\u0022https://localtestacr04.azurecr.io/oauth2/token\u0022,service=\u0022localtestacr04.azurecr.io\u0022,scope=\u0022repository:library/hello-world:metadata_read\u0022",
        "X-Content-Type-Options": "nosniff",
        "X-Ms-Correlation-Request-Id": "57a6459b-ee12-493e-b12c-0eb0f30dc32e"
      },
      "ResponseBody": {
        "errors": [
          {
            "code": "UNAUTHORIZED",
            "message": "authentication required, visit https://aka.ms/acr/authorization for more information.",
            "detail": [
              {
                "Type": "repository",
                "Name": "library/hello-world",
                "Action": "metadata_read"
              }
            ]
          }
        ]
      }
    },
    {
      "RequestUri": "https://localtestacr04.azurecr.io/oauth2/token",
      "RequestMethod": "POST",
      "RequestHeaders": {
        "Accept": "application/json",
        "Content-Length": "139",
        "Content-Type": "application/x-www-form-urlencoded",
        "User-Agent": "azsdk-net-Containers.ContainerRegistry/1.0.0-alpha.20210510.1 (.NET Framework 4.8.4300.0; Microsoft Windows 10.0.19042 )",
        "x-ms-client-request-id": "12f7c7a28cf6a4cc3fbf4e11990087fd",
        "x-ms-return-client-request-id": "true"
      },
      "RequestBody": "service=localtestacr04.azurecr.io\u0026scope=repository%3alibrary%2fhello-world%3ametadata_read\u0026refresh_token=Sanitized\u0026grant_type=refresh_token",
      "StatusCode": 200,
      "ResponseHeaders": {
        "Connection": "keep-alive",
        "Content-Type": "application/json; charset=utf-8",
        "Date": "Mon, 10 May 2021 15:39:33 GMT",
        "Server": "openresty",
        "Strict-Transport-Security": "max-age=31536000; includeSubDomains",
        "Transfer-Encoding": "chunked",
        "X-Ms-Correlation-Request-Id": "566fdb8c-9114-499e-a3af-c4639bb87e32",
        "x-ms-ratelimit-remaining-calls-per-second": "165.716667"
      },
      "ResponseBody": {
        "access_token": "eyJhbGciOiJSUzI1NiIsInR5cCI6IkpXVCIsImtpZCI6IjQ1NlA6WjNCRjpCQ0tPOkpUN0w6MlNLSTpVQUpZOkRCSU46VU5KWTpHWUZHOjdMQTI6WUpNSzpWUkVaIn0.eyJqdGkiOiI4OTU3ZjRiZS01ZGJmLTQwNGMtYWM0NC1mNjQ3YmY0YTk0NDIiLCJzdWIiOiI2NmZjYTY2Yy1iOTkwLTQzODEtYjM3Yi01ODhhMTc5OGNlNjUiLCJuYmYiOjE2MjA2NjAyNzMsImV4cCI6MTYyMDY2NDc3MywiaWF0IjoxNjIwNjYwMjczLCJpc3MiOiJBenVyZSBDb250YWluZXIgUmVnaXN0cnkiLCJhdWQiOiJsb2NhbHRlc3RhY3IwNC5henVyZWNyLmlvIiwidmVyc2lvbiI6IjIuMCIsInJpZCI6ImJmNmNlNzhlYzM2MjQ1OWQ4ODRmN2NlNjMxNGY1YWJmIiwiYWNjZXNzIjpbeyJ0eXBlIjoicmVwb3NpdG9yeSIsIm5hbWUiOiJsaWJyYXJ5L2hlbGxvLXdvcmxkIiwiYWN0aW9ucyI6WyJtZXRhZGF0YV9yZWFkIl19XSwicm9sZXMiOltdLCJncmFudF90eXBlIjoiYWNjZXNzX3Rva2VuIn0.dl1sC7UKvwracj82NTwqKfmgZnwPHhIw78CQ1fCmIdoj7-AmTR263b74vjjGflS4RPvjI1FAem6KlAkigBErL5bB92d4qDIyh7LUNKwgCNYf-o3ZMxy6ujoGAg9jr7ARtXXRc_HMnVUzVzep7HxrR5dS2cxuNgMpN9OO3CDRgFhh5iurPab9kON07QA7fdfco3gZre_WAbSQuRkotaYImfaBRLQTLcdYI0rqn_Xi2DU_qtyZcO-sXU-6UnquRw4vvWyC7aOX2rv8e_p9LyK-h6eef1zjjDGCN9-GRBOeUYYJWDDy2GTxj0JEBgAodAkaD9yvif5Rylza0wODCK71tw"
      }
    },
    {
      "RequestUri": "https://localtestacr04.azurecr.io/acr/v1/library%2Fhello-world/_manifests/sha256%3Af2266cbfc127c960fd30e76b7c792dc23b588c0db76233517e1891a4e357d519",
      "RequestMethod": "GET",
      "RequestHeaders": {
        "Accept": "application/json",
        "Authorization": "Sanitized",
        "User-Agent": "azsdk-net-Containers.ContainerRegistry/1.0.0-alpha.20210510.1 (.NET Framework 4.8.4300.0; Microsoft Windows 10.0.19042 )",
        "x-ms-client-request-id": "72b8d147083c07723e17338a6416cc0b",
        "x-ms-return-client-request-id": "true"
      },
      "RequestBody": null,
      "StatusCode": 200,
      "ResponseHeaders": {
        "Access-Control-Expose-Headers": [
          "Docker-Content-Digest",
          "WWW-Authenticate",
          "Link",
          "X-Ms-Correlation-Request-Id"
        ],
        "Connection": "keep-alive",
        "Content-Length": "1599",
        "Content-Type": "application/json; charset=utf-8",
        "Date": "Mon, 10 May 2021 15:39:33 GMT",
        "Docker-Distribution-Api-Version": "registry/2.0",
        "Server": "openresty",
        "Strict-Transport-Security": [
          "max-age=31536000; includeSubDomains",
          "max-age=31536000; includeSubDomains"
        ],
        "X-Content-Type-Options": "nosniff",
        "X-Ms-Correlation-Request-Id": "d0f3e2a1-2174-4b0d-9b2d-86e3f6c20761"
      },
      "ResponseBody": {
        "registry": "localtestacr04.azurecr.io",
        "imageName": "library/hello-world",
        "manifest": {
          "digest": "sha256:f2266cbfc127c960fd30e76b7c792dc23b588c0db76233517e1891a4e357d519",
          "imageSize": 5325,
          "createdTime": "2021-05-10T15:39:23.7834081Z",
          "lastUpdateTime": "2021-05-10T15:39:23.7834081Z",
          "mediaType": "application/vnd.docker.distribution.manifest.list.v2\u002Bjson",
          "tags": [
            "latest",
            "v1",
            "v2",
            "v3",
            "v4"
          ],
          "changeableAttributes": {
            "deleteEnabled": true,
            "writeEnabled": true,
            "readEnabled": true,
            "listEnabled": true
          },
          "references": [
            {
              "digest": "sha256:1b26826f602946860c279fce658f31050cff2c596583af237d971f4629b57792",
              "architecture": "amd64",
              "os": "linux"
            },
            {
              "digest": "sha256:e5785cb0c62cebbed4965129bae371f0589cadd6d84798fb58c2c5f9e237efd9",
              "architecture": "arm",
              "os": "linux"
            },
            {
              "digest": "sha256:50b8560ad574c779908da71f7ce370c0a2471c098d44d1c8f6b513c5a55eeeb1",
              "architecture": "arm",
              "os": "linux"
            },
            {
              "digest": "sha256:963612c5503f3f1674f315c67089dee577d8cc6afc18565e0b4183ae355fb343",
              "architecture": "arm64",
              "os": "linux"
            },
            {
              "digest": "sha256:cb55d8f7347376e1ba38ca740904b43c9a52f66c7d2ae1ef1a0de1bc9f40df98",
              "architecture": "386",
              "os": "linux"
            },
            {
              "digest": "sha256:88b2e00179bd6c4064612403c8d42a13de7ca809d61fee966ce9e129860a8a90",
              "architecture": "mips64le",
              "os": "linux"
            },
            {
              "digest": "sha256:bb7ab0fa94fdd78aca84b27a1bd46c4b811051f9b69905d81f5f267fc6546a9d",
              "architecture": "ppc64le",
              "os": "linux"
            },
            {
              "digest": "sha256:e49abad529e5d9bd6787f3abeab94e09ba274fe34731349556a850b9aebbf7bf",
              "architecture": "s390x",
              "os": "linux"
            },
            {
              "digest": "sha256:ea0cfb27fd41ea0405d3095880c1efa45710f5bcdddb7d7d5a7317ad4825ae14",
              "architecture": "amd64",
              "os": "windows"
            }
          ]
        }
      }
    }
  ],
  "Variables": {
    "CONTAINERREGISTRY_ENDPOINT": "https://localtestacr04.azurecr.io",
    "RandomSeed": "1114084660"
  }
}