{
  "Entries": [
    {
      "RequestUri": "https://localtestacr01.azurecr.io/acr/v1/library%2Fhello-world/_tags/latest",
      "RequestMethod": "GET",
      "RequestHeaders": {
        "Accept": "application/json",
        "User-Agent": "azsdk-net-Containers.ContainerRegistry/1.0.0-alpha.20210505.1 (.NET Framework 4.8.4300.0; Microsoft Windows 10.0.19042 )",
        "x-ms-client-request-id": "0879515187d6784a8323cda298328d2f",
        "x-ms-return-client-request-id": "true"
      },
      "RequestBody": null,
      "StatusCode": 401,
      "ResponseHeaders": {
        "Access-Control-Expose-Headers": [
          "Docker-Content-Digest",
          "WWW-Authenticate",
          "Link",
          "X-Ms-Correlation-Request-Id"
        ],
        "Connection": "keep-alive",
        "Content-Length": "221",
        "Content-Type": "application/json; charset=utf-8",
        "Date": "Thu, 06 May 2021 00:54:16 GMT",
        "Docker-Distribution-Api-Version": "registry/2.0",
        "Server": "openresty",
        "Strict-Transport-Security": [
          "max-age=31536000; includeSubDomains",
          "max-age=31536000; includeSubDomains"
        ],
        "WWW-Authenticate": "Bearer realm=\u0022https://localtestacr01.azurecr.io/oauth2/token\u0022,service=\u0022localtestacr01.azurecr.io\u0022,scope=\u0022repository:library/hello-world:metadata_read\u0022",
        "X-Content-Type-Options": "nosniff",
        "X-Ms-Correlation-Request-Id": "abf2d7f5-9b93-4a9b-8210-b7c74caf3a4b"
      },
      "ResponseBody": {
        "errors": [
          {
            "code": "UNAUTHORIZED",
            "message": "authentication required, visit https://aka.ms/acr/authorization for more information.",
            "detail": [
              {
                "Type": "repository",
                "Name": "library/hello-world",
                "Action": "metadata_read"
              }
            ]
          }
        ]
      }
    },
    {
      "RequestUri": "https://localtestacr01.azurecr.io/oauth2/exchange",
      "RequestMethod": "POST",
      "RequestHeaders": {
        "Accept": "application/json",
        "Content-Length": "80",
        "Content-Type": "application/x-www-form-urlencoded",
        "User-Agent": "azsdk-net-Containers.ContainerRegistry/1.0.0-alpha.20210505.1 (.NET Framework 4.8.4300.0; Microsoft Windows 10.0.19042 )",
        "x-ms-client-request-id": "db702485d5615bae7c8def499860f6c0",
        "x-ms-return-client-request-id": "true"
      },
      "RequestBody": "grant_type=access_token\u0026service=localtestacr01.azurecr.io\u0026access_token=Sanitized",
      "StatusCode": 200,
      "ResponseHeaders": {
        "Connection": "keep-alive",
        "Content-Type": "application/json; charset=utf-8",
        "Date": "Thu, 06 May 2021 00:54:17 GMT",
        "Server": "openresty",
        "Strict-Transport-Security": "max-age=31536000; includeSubDomains",
        "Transfer-Encoding": "chunked",
        "X-Ms-Correlation-Request-Id": "448992cb-b382-414c-bdc2-f060b0efa5ff",
        "x-ms-ratelimit-remaining-calls-per-second": "165.6"
      },
      "ResponseBody": {
        "refresh_token": "Sanitized.eyJleHAiOjI1NjYzNDI0NTZ9.Sanitized"
      }
    },
    {
      "RequestUri": "https://localtestacr01.azurecr.io/oauth2/token",
      "RequestMethod": "POST",
      "RequestHeaders": {
        "Accept": "application/json",
        "Content-Length": "139",
        "Content-Type": "application/x-www-form-urlencoded",
        "User-Agent": "azsdk-net-Containers.ContainerRegistry/1.0.0-alpha.20210505.1 (.NET Framework 4.8.4300.0; Microsoft Windows 10.0.19042 )",
        "x-ms-client-request-id": "0cee923f6375efaff360ce189d8985fa",
        "x-ms-return-client-request-id": "true"
      },
      "RequestBody": "grant_type=refresh_token\u0026service=localtestacr01.azurecr.io\u0026scope=repository%3alibrary%2fhello-world%3ametadata_read\u0026refresh_token=Sanitized",
      "StatusCode": 200,
      "ResponseHeaders": {
        "Connection": "keep-alive",
        "Content-Type": "application/json; charset=utf-8",
        "Date": "Thu, 06 May 2021 00:54:17 GMT",
        "Server": "openresty",
        "Strict-Transport-Security": "max-age=31536000; includeSubDomains",
        "Transfer-Encoding": "chunked",
        "X-Ms-Correlation-Request-Id": "0d02a463-2099-43eb-9738-648283056dbe",
        "x-ms-ratelimit-remaining-calls-per-second": "165.583333"
      },
      "ResponseBody": {
        "access_token": "Sanitized"
      }
    },
    {
      "RequestUri": "https://localtestacr01.azurecr.io/acr/v1/library%2Fhello-world/_tags/latest",
      "RequestMethod": "GET",
      "RequestHeaders": {
        "Accept": "application/json",
        "Authorization": "Sanitized",
        "User-Agent": "azsdk-net-Containers.ContainerRegistry/1.0.0-alpha.20210505.1 (.NET Framework 4.8.4300.0; Microsoft Windows 10.0.19042 )",
        "x-ms-client-request-id": "0879515187d6784a8323cda298328d2f",
        "x-ms-return-client-request-id": "true"
      },
      "RequestBody": null,
      "StatusCode": 200,
      "ResponseHeaders": {
        "Access-Control-Expose-Headers": [
          "Docker-Content-Digest",
          "WWW-Authenticate",
          "Link",
          "X-Ms-Correlation-Request-Id"
        ],
        "Connection": "keep-alive",
        "Content-Length": "393",
        "Content-Type": "application/json; charset=utf-8",
        "Date": "Thu, 06 May 2021 00:54:17 GMT",
        "Docker-Distribution-Api-Version": "registry/2.0",
        "Server": "openresty",
        "Strict-Transport-Security": [
          "max-age=31536000; includeSubDomains",
          "max-age=31536000; includeSubDomains"
        ],
        "X-Content-Type-Options": "nosniff",
        "X-Ms-Correlation-Request-Id": "e74c945c-926e-4d8a-8a6c-2667877d507b"
      },
      "ResponseBody": {
        "registry": "localtestacr01.azurecr.io",
        "imageName": "library/hello-world",
        "tag": {
          "name": "latest",
          "digest": "sha256:f2266cbfc127c960fd30e76b7c792dc23b588c0db76233517e1891a4e357d519",
          "createdTime": "2021-05-06T00:53:01.4496936Z",
          "lastUpdateTime": "2021-05-06T00:53:01.4496936Z",
          "signed": false,
          "changeableAttributes": {
            "deleteEnabled": true,
            "writeEnabled": true,
            "readEnabled": true,
            "listEnabled": true
          }
        }
      }
    },
    {
      "RequestUri": "https://localtestacr01.azurecr.io/acr/v1/library%2Fhello-world/_tags?orderby=timedesc\u0026digest=sha256%3Af2266cbfc127c960fd30e76b7c792dc23b588c0db76233517e1891a4e357d519",
      "RequestMethod": "GET",
      "RequestHeaders": {
        "Accept": "application/json",
        "User-Agent": "azsdk-net-Containers.ContainerRegistry/1.0.0-alpha.20210505.1 (.NET Framework 4.8.4300.0; Microsoft Windows 10.0.19042 )",
        "x-ms-client-request-id": "37589fb9c9817b5fa31e8b499800e023",
        "x-ms-return-client-request-id": "true"
      },
      "RequestBody": null,
      "StatusCode": 401,
      "ResponseHeaders": {
        "Access-Control-Expose-Headers": [
          "Docker-Content-Digest",
          "WWW-Authenticate",
          "Link",
          "X-Ms-Correlation-Request-Id"
        ],
        "Connection": "keep-alive",
        "Content-Length": "221",
        "Content-Type": "application/json; charset=utf-8",
        "Date": "Thu, 06 May 2021 00:54:17 GMT",
        "Docker-Distribution-Api-Version": "registry/2.0",
        "Server": "openresty",
        "Strict-Transport-Security": [
          "max-age=31536000; includeSubDomains",
          "max-age=31536000; includeSubDomains"
        ],
        "WWW-Authenticate": "Bearer realm=\u0022https://localtestacr01.azurecr.io/oauth2/token\u0022,service=\u0022localtestacr01.azurecr.io\u0022,scope=\u0022repository:library/hello-world:metadata_read\u0022",
        "X-Content-Type-Options": "nosniff",
        "X-Ms-Correlation-Request-Id": "b95c47a9-ac1c-44c6-bd32-952499697890"
      },
      "ResponseBody": {
        "errors": [
          {
            "code": "UNAUTHORIZED",
            "message": "authentication required, visit https://aka.ms/acr/authorization for more information.",
            "detail": [
              {
                "Type": "repository",
                "Name": "library/hello-world",
                "Action": "metadata_read"
              }
            ]
          }
        ]
      }
    },
    {
      "RequestUri": "https://localtestacr01.azurecr.io/oauth2/token",
      "RequestMethod": "POST",
      "RequestHeaders": {
        "Accept": "application/json",
        "Content-Length": "139",
        "Content-Type": "application/x-www-form-urlencoded",
        "User-Agent": "azsdk-net-Containers.ContainerRegistry/1.0.0-alpha.20210505.1 (.NET Framework 4.8.4300.0; Microsoft Windows 10.0.19042 )",
        "x-ms-client-request-id": "05630d2d814321b97481e7000796bdf2",
        "x-ms-return-client-request-id": "true"
      },
      "RequestBody": "grant_type=refresh_token\u0026service=localtestacr01.azurecr.io\u0026scope=repository%3alibrary%2fhello-world%3ametadata_read\u0026refresh_token=Sanitized",
      "StatusCode": 200,
      "ResponseHeaders": {
        "Connection": "keep-alive",
        "Content-Type": "application/json; charset=utf-8",
        "Date": "Thu, 06 May 2021 00:54:17 GMT",
        "Server": "openresty",
        "Strict-Transport-Security": "max-age=31536000; includeSubDomains",
        "Transfer-Encoding": "chunked",
        "X-Ms-Correlation-Request-Id": "e084eade-9df3-4191-96e4-a9eea33cfdb6",
        "x-ms-ratelimit-remaining-calls-per-second": "165.566667"
      },
      "ResponseBody": {
        "access_token": "Sanitized"
      }
    },
    {
      "RequestUri": "https://localtestacr01.azurecr.io/acr/v1/library%2Fhello-world/_tags?orderby=timedesc\u0026digest=sha256%3Af2266cbfc127c960fd30e76b7c792dc23b588c0db76233517e1891a4e357d519",
      "RequestMethod": "GET",
      "RequestHeaders": {
        "Accept": "application/json",
        "Authorization": "Sanitized",
        "User-Agent": "azsdk-net-Containers.ContainerRegistry/1.0.0-alpha.20210505.1 (.NET Framework 4.8.4300.0; Microsoft Windows 10.0.19042 )",
        "x-ms-client-request-id": "37589fb9c9817b5fa31e8b499800e023",
        "x-ms-return-client-request-id": "true"
      },
      "RequestBody": null,
      "StatusCode": 200,
      "ResponseHeaders": {
        "Access-Control-Expose-Headers": [
          "Docker-Content-Digest",
          "WWW-Authenticate",
          "Link",
          "X-Ms-Correlation-Request-Id"
        ],
        "Connection": "keep-alive",
        "Content-Length": "1943",
        "Content-Type": "application/json; charset=utf-8",
        "Date": "Thu, 06 May 2021 00:54:17 GMT",
        "Docker-Distribution-Api-Version": "registry/2.0",
        "Server": "openresty",
        "Strict-Transport-Security": [
          "max-age=31536000; includeSubDomains",
          "max-age=31536000; includeSubDomains"
        ],
        "X-Content-Type-Options": "nosniff",
        "X-Ms-Correlation-Request-Id": "f748dfff-54ff-4edb-90ed-b13796b94ef6"
      },
      "ResponseBody": {
        "registry": "localtestacr01.azurecr.io",
        "imageName": "library/hello-world",
        "tags": [
          {
            "name": "newest",
            "digest": "sha256:f2266cbfc127c960fd30e76b7c792dc23b588c0db76233517e1891a4e357d519",
            "createdTime": "2021-05-06T00:53:18.1963616Z",
            "lastUpdateTime": "2021-05-06T00:53:18.1963616Z",
            "signed": false,
            "changeableAttributes": {
              "deleteEnabled": true,
              "writeEnabled": true,
              "readEnabled": true,
              "listEnabled": true
            }
          },
          {
            "name": "v2",
            "digest": "sha256:f2266cbfc127c960fd30e76b7c792dc23b588c0db76233517e1891a4e357d519",
            "createdTime": "2021-05-06T00:53:02.722304Z",
            "lastUpdateTime": "2021-05-06T00:53:02.722304Z",
            "signed": false,
            "changeableAttributes": {
              "deleteEnabled": true,
              "writeEnabled": true,
              "readEnabled": true,
              "listEnabled": true
            }
          },
          {
            "name": "v1",
            "digest": "sha256:f2266cbfc127c960fd30e76b7c792dc23b588c0db76233517e1891a4e357d519",
            "createdTime": "2021-05-06T00:53:02.5770036Z",
            "lastUpdateTime": "2021-05-06T00:53:02.5770036Z",
            "signed": false,
            "changeableAttributes": {
              "deleteEnabled": true,
              "writeEnabled": true,
              "readEnabled": true,
              "listEnabled": true
            }
          },
          {
            "name": "v4",
            "digest": "sha256:f2266cbfc127c960fd30e76b7c792dc23b588c0db76233517e1891a4e357d519",
            "createdTime": "2021-05-06T00:53:02.5327704Z",
            "lastUpdateTime": "2021-05-06T00:53:02.5327704Z",
            "signed": false,
            "changeableAttributes": {
              "deleteEnabled": true,
              "writeEnabled": true,
              "readEnabled": true,
              "listEnabled": true
            }
          },
          {
            "name": "v3",
            "digest": "sha256:f2266cbfc127c960fd30e76b7c792dc23b588c0db76233517e1891a4e357d519",
            "createdTime": "2021-05-06T00:53:02.4515253Z",
            "lastUpdateTime": "2021-05-06T00:53:02.4515253Z",
            "signed": false,
            "changeableAttributes": {
              "deleteEnabled": true,
              "writeEnabled": true,
              "readEnabled": true,
              "listEnabled": true
            }
          },
          {
            "name": "latest",
            "digest": "sha256:f2266cbfc127c960fd30e76b7c792dc23b588c0db76233517e1891a4e357d519",
            "createdTime": "2021-05-06T00:53:01.4496936Z",
            "lastUpdateTime": "2021-05-06T00:53:01.4496936Z",
            "signed": false,
            "changeableAttributes": {
              "deleteEnabled": true,
              "writeEnabled": true,
              "readEnabled": true,
              "listEnabled": true
            }
          }
        ]
      }
    }
  ],
  "Variables": {
    "CLIENT_ID": "9de00b2f-0a92-4543-9928-f49b89bb1448",
    "CONTAINERREGISTRY_ENDPOINT": "https://localtestacr01.azurecr.io",
    "CONTAINERREGISTRY_REGISTRY_NAME": "localtestacr01",
    "RandomSeed": "451185869",
    "RESOURCE_GROUP": "rg-localtestacr01",
    "SUBSCRIPTION_ID": "faa080af-c1d8-40ad-9cce-e1a450ca5b57",
    "TENANT_ID": "72f988bf-86f1-41af-91ab-2d7cd011db47"
  }
}