{
  "Entries": [
    {
      "RequestUri": "https://management.azure.com/subscriptions/db1ab6f0-4769-4b27-930e-01e2ef9c123c?api-version=2021-01-01",
      "RequestMethod": "GET",
      "RequestHeaders": {
        "Accept": "application/json",
        "Authorization": "Sanitized",
        "traceparent": "00-83d81663bd008341895dd10add26cfeb-b16936196963864c-00",
        "User-Agent": "azsdk-net-ResourceManager/1.4.0 (.NET Framework 4.8.9139.0; Microsoft Windows 10.0.22621 )",
        "x-ms-client-request-id": "3712622202f670167591d1db639c2978",
        "x-ms-return-client-request-id": "true"
      },
      "RequestBody": null,
      "StatusCode": 200,
      "ResponseHeaders": {
        "Cache-Control": "no-cache",
        "Content-Length": "748",
        "Content-Type": "application/json; charset=utf-8",
        "Date": "Thu, 23 Mar 2023 02:14:27 GMT",
        "Expires": "-1",
        "Pragma": "no-cache",
        "Strict-Transport-Security": "max-age=31536000; includeSubDomains",
        "X-Content-Type-Options": "nosniff",
        "x-ms-correlation-request-id": "ba0be309-cfa6-42b4-bfe8-a58fe1d80d01",
        "x-ms-ratelimit-remaining-subscription-reads": "11994",
        "x-ms-request-id": "ba0be309-cfa6-42b4-bfe8-a58fe1d80d01",
        "x-ms-routing-request-id": "SOUTHEASTASIA:20230323T021427Z:ba0be309-cfa6-42b4-bfe8-a58fe1d80d01"
      },
      "ResponseBody": {
        "id": "/subscriptions/db1ab6f0-4769-4b27-930e-01e2ef9c123c",
        "authorizationSource": "RoleBased",
        "managedByTenants": [],
        "tags": {
          "TagKey-9823": "TagValue-1254",
          "TagKey-3481": "TagValue-320",
          "TagKey-4926": "TagValue-1187",
          "TagKey-751": "TagValue-3921",
          "TagKey-1866": "TagValue-8559",
          "TagKey-3094": "TagValue-9190",
          "TagKey-2449": "TagValue-9",
          "TagKey-8379": "TagValue-164",
          "TagKey-7470": "TagValue-2205",
          "TagKey-4236": "TagValue-3698",
          "TagKey-5316": "TagValue-2725"
        },
        "subscriptionId": "db1ab6f0-4769-4b27-930e-01e2ef9c123c",
        "tenantId": "72f988bf-86f1-41af-91ab-2d7cd011db47",
        "displayName": ".NET Mgmt SDK Test with TTL = 1 Day",
        "state": "Enabled",
        "subscriptionPolicies": {
          "locationPlacementId": "Internal_2014-09-01",
          "quotaId": "Internal_2014-09-01",
          "spendingLimit": "Off"
        }
      }
    },
    {
      "RequestUri": "https://management.azure.com/subscriptions/db1ab6f0-4769-4b27-930e-01e2ef9c123c/resourcegroups/testRG-6946?api-version=**",
      "RequestMethod": "PUT",
      "RequestHeaders": {
        "Accept": "application/json",
        "Authorization": "Sanitized",
        "Content-Length": "50",
        "Content-Type": "application/json",
        "traceparent": "00-56cd24424735e048b89f53f3a6b4f169-d5d1631345d11f4f-00",
        "User-Agent": "azsdk-net-ResourceManager/1.4.0 (.NET Framework 4.8.9139.0; Microsoft Windows 10.0.22621 )",
        "x-ms-client-request-id": "9c69d30a611b06e4e3870db388fbdba7",
        "x-ms-return-client-request-id": "true"
      },
      "RequestBody": {
        "tags": {
          "test": "env"
        },
        "location": "australiaeast"
      },
      "StatusCode": 201,
      "ResponseHeaders": {
        "Cache-Control": "no-cache",
        "Content-Length": "248",
        "Content-Type": "application/json; charset=utf-8",
        "Date": "Thu, 23 Mar 2023 02:14:28 GMT",
        "Expires": "-1",
        "Pragma": "no-cache",
        "Strict-Transport-Security": "max-age=31536000; includeSubDomains",
        "X-Content-Type-Options": "nosniff",
        "x-ms-correlation-request-id": "d604d58e-9717-4a09-8afd-2643479dcb31",
        "x-ms-ratelimit-remaining-subscription-writes": "1196",
        "x-ms-request-id": "d604d58e-9717-4a09-8afd-2643479dcb31",
        "x-ms-routing-request-id": "SOUTHEASTASIA:20230323T021429Z:d604d58e-9717-4a09-8afd-2643479dcb31"
      },
      "ResponseBody": {
        "id": "/subscriptions/db1ab6f0-4769-4b27-930e-01e2ef9c123c/resourceGroups/testRG-6946",
        "name": "testRG-6946",
        "type": "Microsoft.Resources/resourceGroups",
        "location": "australiaeast",
        "tags": {
          "test": "env"
        },
        "properties": {
          "provisioningState": "Succeeded"
        }
      }
    },
    {
      "RequestUri": "https://management.azure.com/subscriptions/db1ab6f0-4769-4b27-930e-01e2ef9c123c?api-version=2021-01-01",
      "RequestMethod": "GET",
      "RequestHeaders": {
        "Accept": "application/json",
        "Authorization": "Sanitized",
        "traceparent": "00-710f4401d550dc4abf06890fc08de2c7-86d41dfd4fa9e246-00",
        "User-Agent": "azsdk-net-ResourceManager/1.4.0 (.NET Framework 4.8.9139.0; Microsoft Windows 10.0.22621 )",
        "x-ms-client-request-id": "d5fb1403bfc819698556367af2e82ad0",
        "x-ms-return-client-request-id": "true"
      },
      "RequestBody": null,
      "StatusCode": 200,
      "ResponseHeaders": {
        "Cache-Control": "no-cache",
        "Content-Length": "748",
        "Content-Type": "application/json; charset=utf-8",
        "Date": "Thu, 23 Mar 2023 02:14:28 GMT",
        "Expires": "-1",
        "Pragma": "no-cache",
        "Strict-Transport-Security": "max-age=31536000; includeSubDomains",
        "X-Content-Type-Options": "nosniff",
        "x-ms-correlation-request-id": "ae4c2285-f56a-4ac3-9394-ba8d21b0c8f4",
        "x-ms-ratelimit-remaining-subscription-reads": "11993",
        "x-ms-request-id": "ae4c2285-f56a-4ac3-9394-ba8d21b0c8f4",
        "x-ms-routing-request-id": "SOUTHEASTASIA:20230323T021429Z:ae4c2285-f56a-4ac3-9394-ba8d21b0c8f4"
      },
      "ResponseBody": {
        "id": "/subscriptions/db1ab6f0-4769-4b27-930e-01e2ef9c123c",
        "authorizationSource": "RoleBased",
        "managedByTenants": [],
        "tags": {
          "TagKey-9823": "TagValue-1254",
          "TagKey-3481": "TagValue-320",
          "TagKey-4926": "TagValue-1187",
          "TagKey-751": "TagValue-3921",
          "TagKey-1866": "TagValue-8559",
          "TagKey-3094": "TagValue-9190",
          "TagKey-2449": "TagValue-9",
          "TagKey-8379": "TagValue-164",
          "TagKey-7470": "TagValue-2205",
          "TagKey-4236": "TagValue-3698",
          "TagKey-5316": "TagValue-2725"
        },
        "subscriptionId": "db1ab6f0-4769-4b27-930e-01e2ef9c123c",
        "tenantId": "72f988bf-86f1-41af-91ab-2d7cd011db47",
        "displayName": ".NET Mgmt SDK Test with TTL = 1 Day",
        "state": "Enabled",
        "subscriptionPolicies": {
          "locationPlacementId": "Internal_2014-09-01",
          "quotaId": "Internal_2014-09-01",
          "spendingLimit": "Off"
        }
      }
    },
    {
      "RequestUri": "https://management.azure.com/subscriptions/db1ab6f0-4769-4b27-930e-01e2ef9c123c/resourcegroups/testRG-9798?api-version=**",
      "RequestMethod": "PUT",
      "RequestHeaders": {
        "Accept": "application/json",
        "Authorization": "Sanitized",
        "Content-Length": "50",
        "Content-Type": "application/json",
        "traceparent": "00-38ffe29da69d5a44b91fd6575bc26d61-f3aaf595ce568149-00",
        "User-Agent": "azsdk-net-ResourceManager/1.4.0 (.NET Framework 4.8.9139.0; Microsoft Windows 10.0.22621 )",
        "x-ms-client-request-id": "f84e0fc31c761d94108ded841e5367c0",
        "x-ms-return-client-request-id": "true"
      },
      "RequestBody": {
        "tags": {
          "test": "env"
        },
        "location": "australiaeast"
      },
      "StatusCode": 201,
      "ResponseHeaders": {
        "Cache-Control": "no-cache",
        "Content-Length": "248",
        "Content-Type": "application/json; charset=utf-8",
        "Date": "Thu, 23 Mar 2023 02:14:29 GMT",
        "Expires": "-1",
        "Pragma": "no-cache",
        "Strict-Transport-Security": "max-age=31536000; includeSubDomains",
        "X-Content-Type-Options": "nosniff",
        "x-ms-correlation-request-id": "af036b0b-1aaf-4782-a734-f2d181789e05",
        "x-ms-ratelimit-remaining-subscription-writes": "1195",
        "x-ms-request-id": "af036b0b-1aaf-4782-a734-f2d181789e05",
        "x-ms-routing-request-id": "SOUTHEASTASIA:20230323T021429Z:af036b0b-1aaf-4782-a734-f2d181789e05"
      },
      "ResponseBody": {
        "id": "/subscriptions/db1ab6f0-4769-4b27-930e-01e2ef9c123c/resourceGroups/testRG-9798",
        "name": "testRG-9798",
        "type": "Microsoft.Resources/resourceGroups",
        "location": "australiaeast",
        "tags": {
          "test": "env"
        },
        "properties": {
          "provisioningState": "Succeeded"
        }
      }
    },
    {
      "RequestUri": "https://management.azure.com/subscriptions/db1ab6f0-4769-4b27-930e-01e2ef9c123c/resourceGroups/testRG-6946/providers/Microsoft.Network/dnsResolvers/dnsResolver-4378?api-version=2022-07-01",
      "RequestMethod": "PUT",
      "RequestHeaders": {
        "Accept": "application/json",
        "Authorization": "Sanitized",
        "Content-Length": "219",
        "Content-Type": "application/json",
        "traceparent": "00-137939c30f9e4f40a2fb7be08eeb9f4a-1d280736553f3c46-00",
        "User-Agent": "azsdk-net-ResourceManager.DnsResolver/1.1.0-alpha.20230321.1 (.NET Framework 4.8.9139.0; Microsoft Windows 10.0.22621 )",
        "x-ms-client-request-id": "4deba0ba753b86519e8c6cc7b6d5aef8",
        "x-ms-return-client-request-id": "true"
      },
      "RequestBody": {
        "tags": {},
        "location": "australiaeast",
        "properties": {
          "virtualNetwork": {
            "id": "/subscriptions/db1ab6f0-4769-4b27-930e-01e2ef9c123c/resourceGroups/testRG-9798/providers/Microsoft.Network/virtualNetworks/dnsResolver-9126"
          }
        }
      },
      "StatusCode": 202,
      "ResponseHeaders": {
        "Azure-AsyncOperation": "https://management.azure.com/subscriptions/db1ab6f0-4769-4b27-930e-01e2ef9c123c/resourceGroups/testRG-6946/providers/Microsoft.Network/locations/australiaeast/dnsResolverOperationStatuses/eyJPcGVyYXRpb25UeXBlIjoiVXBzZXJ0RG5zUmVzb2x2ZXIiLCJPcGVyYXRpb25JZCI6Ijg1NmM1NWIxLWIyYmQtNDVmNy1iMTFmLWNhYzQ1OGNmMWE0NCJ9?api-version=2022-07-01",
        "Cache-Control": "no-cache",
        "Content-Length": "2",
        "Content-Type": "application/json; charset=utf-8",
        "Date": "Thu, 23 Mar 2023 02:14:43 GMT",
        "Expires": "-1",
        "Location": "https://management.azure.com/subscriptions/db1ab6f0-4769-4b27-930e-01e2ef9c123c/resourceGroups/testRG-6946/providers/Microsoft.Network/locations/australiaeast/dnsResolverOperationResults/eyJPcGVyYXRpb25UeXBlIjoiVXBzZXJ0RG5zUmVzb2x2ZXIiLCJPcGVyYXRpb25JZCI6Ijg1NmM1NWIxLWIyYmQtNDVmNy1iMTFmLWNhYzQ1OGNmMWE0NCJ9?api-version=2022-07-01",
        "Pragma": "no-cache",
        "Retry-After": "5",
        "Server": "Kestrel",
        "Strict-Transport-Security": "max-age=31536000; includeSubDomains",
        "X-Content-Type-Options": "nosniff",
        "x-ms-activity-id": "c3d9d645-f1b2-4b1b-837c-c4f762581007",
        "x-ms-correlation-request-id": "d8cbcf01-85d1-4041-bd8a-a9c9522f11fb",
        "x-ms-ratelimit-remaining-subscription-resource-requests": "11998",
        "x-ms-request-id": "d8cbcf01-85d1-4041-bd8a-a9c9522f11fb",
        "x-ms-routing-request-id": "SOUTHEASTASIA:20230323T021444Z:d8cbcf01-85d1-4041-bd8a-a9c9522f11fb"
      },
      "ResponseBody": {}
    },
    {
      "RequestUri": "https://management.azure.com/subscriptions/db1ab6f0-4769-4b27-930e-01e2ef9c123c/resourceGroups/testRG-6946/providers/Microsoft.Network/locations/australiaeast/dnsResolverOperationStatuses/eyJPcGVyYXRpb25UeXBlIjoiVXBzZXJ0RG5zUmVzb2x2ZXIiLCJPcGVyYXRpb25JZCI6Ijg1NmM1NWIxLWIyYmQtNDVmNy1iMTFmLWNhYzQ1OGNmMWE0NCJ9?api-version=2022-07-01",
      "RequestMethod": "GET",
      "RequestHeaders": {
        "Authorization": "Sanitized",
        "traceparent": "00-137939c30f9e4f40a2fb7be08eeb9f4a-3574c1284ab89643-00",
        "User-Agent": "azsdk-net-ResourceManager/1.4.0 (.NET Framework 4.8.9139.0; Microsoft Windows 10.0.22621 )",
        "x-ms-client-request-id": "77e025d36e014c750c2904faa0dd5d7f",
        "x-ms-return-client-request-id": "true"
      },
      "RequestBody": null,
      "StatusCode": 200,
      "ResponseHeaders": {
        "Cache-Control": "no-cache",
        "Content-Length": "484",
        "Content-Type": "application/json; charset=utf-8",
        "Date": "Thu, 23 Mar 2023 02:14:43 GMT",
        "Expires": "-1",
        "Pragma": "no-cache",
        "Server": "Kestrel",
        "Strict-Transport-Security": "max-age=31536000; includeSubDomains",
        "X-Content-Type-Options": "nosniff",
        "x-ms-activity-id": "a5c5c0fd-15f7-4c5d-afe6-af3adfa4cb9c",
        "x-ms-correlation-request-id": "f4e818bf-4256-4956-a9ff-bab83294e4c9",
        "x-ms-ratelimit-remaining-subscription-resource-requests": "482",
        "x-ms-request-id": "f4e818bf-4256-4956-a9ff-bab83294e4c9",
        "x-ms-routing-request-id": "SOUTHEASTASIA:20230323T021444Z:f4e818bf-4256-4956-a9ff-bab83294e4c9"
      },
      "ResponseBody": {
        "id": "/subscriptions/db1ab6f0-4769-4b27-930e-01e2ef9c123c/resourceGroups/testRG-6946/providers/Microsoft.Network/locations/australiaeast/dnsResolverOperationStatuses/eyJPcGVyYXRpb25UeXBlIjoiVXBzZXJ0RG5zUmVzb2x2ZXIiLCJPcGVyYXRpb25JZCI6Ijg1NmM1NWIxLWIyYmQtNDVmNy1iMTFmLWNhYzQ1OGNmMWE0NCJ9",
        "name": "eyJPcGVyYXRpb25UeXBlIjoiVXBzZXJ0RG5zUmVzb2x2ZXIiLCJPcGVyYXRpb25JZCI6Ijg1NmM1NWIxLWIyYmQtNDVmNy1iMTFmLWNhYzQ1OGNmMWE0NCJ9",
        "startTime": "2023-03-23T02:14:44.0000000Z",
        "status": "InProgress"
      }
    },
    {
      "RequestUri": "https://management.azure.com/subscriptions/db1ab6f0-4769-4b27-930e-01e2ef9c123c/resourceGroups/testRG-6946/providers/Microsoft.Network/locations/australiaeast/dnsResolverOperationStatuses/eyJPcGVyYXRpb25UeXBlIjoiVXBzZXJ0RG5zUmVzb2x2ZXIiLCJPcGVyYXRpb25JZCI6Ijg1NmM1NWIxLWIyYmQtNDVmNy1iMTFmLWNhYzQ1OGNmMWE0NCJ9?api-version=2022-07-01",
      "RequestMethod": "GET",
      "RequestHeaders": {
        "Authorization": "Sanitized",
        "traceparent": "00-137939c30f9e4f40a2fb7be08eeb9f4a-68643f16ed0f5d4c-00",
        "User-Agent": "azsdk-net-ResourceManager/1.4.0 (.NET Framework 4.8.9139.0; Microsoft Windows 10.0.22621 )",
        "x-ms-client-request-id": "7f1bae77f10b5f009468ab233cfaf9d2",
        "x-ms-return-client-request-id": "true"
      },
      "RequestBody": null,
      "StatusCode": 200,
      "ResponseHeaders": {
        "Cache-Control": "no-cache",
        "Content-Length": "484",
        "Content-Type": "application/json; charset=utf-8",
        "Date": "Thu, 23 Mar 2023 02:14:45 GMT",
        "Expires": "-1",
        "Pragma": "no-cache",
        "Server": "Kestrel",
        "Strict-Transport-Security": "max-age=31536000; includeSubDomains",
        "X-Content-Type-Options": "nosniff",
        "x-ms-activity-id": "4513dacc-1a21-4635-8893-d1d036e19785",
        "x-ms-correlation-request-id": "f58937c0-70fd-453b-8331-6da22dd78d6c",
        "x-ms-ratelimit-remaining-subscription-resource-requests": "481",
        "x-ms-request-id": "f58937c0-70fd-453b-8331-6da22dd78d6c",
        "x-ms-routing-request-id": "SOUTHEASTASIA:20230323T021445Z:f58937c0-70fd-453b-8331-6da22dd78d6c"
      },
      "ResponseBody": {
        "id": "/subscriptions/db1ab6f0-4769-4b27-930e-01e2ef9c123c/resourceGroups/testRG-6946/providers/Microsoft.Network/locations/australiaeast/dnsResolverOperationStatuses/eyJPcGVyYXRpb25UeXBlIjoiVXBzZXJ0RG5zUmVzb2x2ZXIiLCJPcGVyYXRpb25JZCI6Ijg1NmM1NWIxLWIyYmQtNDVmNy1iMTFmLWNhYzQ1OGNmMWE0NCJ9",
        "name": "eyJPcGVyYXRpb25UeXBlIjoiVXBzZXJ0RG5zUmVzb2x2ZXIiLCJPcGVyYXRpb25JZCI6Ijg1NmM1NWIxLWIyYmQtNDVmNy1iMTFmLWNhYzQ1OGNmMWE0NCJ9",
        "startTime": "2023-03-23T02:14:44.0000000Z",
        "status": "InProgress"
      }
    },
    {
      "RequestUri": "https://management.azure.com/subscriptions/db1ab6f0-4769-4b27-930e-01e2ef9c123c/resourceGroups/testRG-6946/providers/Microsoft.Network/locations/australiaeast/dnsResolverOperationStatuses/eyJPcGVyYXRpb25UeXBlIjoiVXBzZXJ0RG5zUmVzb2x2ZXIiLCJPcGVyYXRpb25JZCI6Ijg1NmM1NWIxLWIyYmQtNDVmNy1iMTFmLWNhYzQ1OGNmMWE0NCJ9?api-version=2022-07-01",
      "RequestMethod": "GET",
      "RequestHeaders": {
        "Authorization": "Sanitized",
        "traceparent": "00-137939c30f9e4f40a2fb7be08eeb9f4a-59b69158b57a4e4f-00",
        "User-Agent": "azsdk-net-ResourceManager/1.4.0 (.NET Framework 4.8.9139.0; Microsoft Windows 10.0.22621 )",
        "x-ms-client-request-id": "90f32ad336f57df63948ffd95611e2c4",
        "x-ms-return-client-request-id": "true"
      },
      "RequestBody": null,
      "StatusCode": 200,
      "ResponseHeaders": {
        "Cache-Control": "no-cache",
        "Content-Length": "484",
        "Content-Type": "application/json; charset=utf-8",
        "Date": "Thu, 23 Mar 2023 02:14:46 GMT",
        "Expires": "-1",
        "Pragma": "no-cache",
        "Server": "Kestrel",
        "Strict-Transport-Security": "max-age=31536000; includeSubDomains",
        "X-Content-Type-Options": "nosniff",
        "x-ms-activity-id": "c1c2b019-511d-4d2f-9f51-baaec43d50e5",
        "x-ms-correlation-request-id": "f0428d70-f969-4d0c-a0fa-b1530f43e992",
        "x-ms-ratelimit-remaining-subscription-resource-requests": "480",
        "x-ms-request-id": "f0428d70-f969-4d0c-a0fa-b1530f43e992",
        "x-ms-routing-request-id": "SOUTHEASTASIA:20230323T021446Z:f0428d70-f969-4d0c-a0fa-b1530f43e992"
      },
      "ResponseBody": {
        "id": "/subscriptions/db1ab6f0-4769-4b27-930e-01e2ef9c123c/resourceGroups/testRG-6946/providers/Microsoft.Network/locations/australiaeast/dnsResolverOperationStatuses/eyJPcGVyYXRpb25UeXBlIjoiVXBzZXJ0RG5zUmVzb2x2ZXIiLCJPcGVyYXRpb25JZCI6Ijg1NmM1NWIxLWIyYmQtNDVmNy1iMTFmLWNhYzQ1OGNmMWE0NCJ9",
        "name": "eyJPcGVyYXRpb25UeXBlIjoiVXBzZXJ0RG5zUmVzb2x2ZXIiLCJPcGVyYXRpb25JZCI6Ijg1NmM1NWIxLWIyYmQtNDVmNy1iMTFmLWNhYzQ1OGNmMWE0NCJ9",
        "startTime": "2023-03-23T02:14:44.0000000Z",
        "status": "InProgress"
      }
    },
    {
      "RequestUri": "https://management.azure.com/subscriptions/db1ab6f0-4769-4b27-930e-01e2ef9c123c/resourceGroups/testRG-6946/providers/Microsoft.Network/locations/australiaeast/dnsResolverOperationStatuses/eyJPcGVyYXRpb25UeXBlIjoiVXBzZXJ0RG5zUmVzb2x2ZXIiLCJPcGVyYXRpb25JZCI6Ijg1NmM1NWIxLWIyYmQtNDVmNy1iMTFmLWNhYzQ1OGNmMWE0NCJ9?api-version=2022-07-01",
      "RequestMethod": "GET",
      "RequestHeaders": {
        "Authorization": "Sanitized",
        "traceparent": "00-137939c30f9e4f40a2fb7be08eeb9f4a-0c6316a13f0d7647-00",
        "User-Agent": "azsdk-net-ResourceManager/1.4.0 (.NET Framework 4.8.9139.0; Microsoft Windows 10.0.22621 )",
        "x-ms-client-request-id": "dddfb9ba3ab0e1372580e299c2510f12",
        "x-ms-return-client-request-id": "true"
      },
      "RequestBody": null,
      "StatusCode": 200,
      "ResponseHeaders": {
        "Cache-Control": "no-cache",
        "Content-Length": "524",
        "Content-Type": "application/json; charset=utf-8",
        "Date": "Thu, 23 Mar 2023 02:14:47 GMT",
        "Expires": "-1",
        "Pragma": "no-cache",
        "Server": "Kestrel",
        "Strict-Transport-Security": "max-age=31536000; includeSubDomains",
        "X-Content-Type-Options": "nosniff",
        "x-ms-activity-id": "a7246ed9-bf0d-481c-b346-8ba4ecbdb421",
        "x-ms-correlation-request-id": "bf4c02b5-279d-4ad9-983f-9a4a367002e8",
        "x-ms-ratelimit-remaining-subscription-resource-requests": "479",
        "x-ms-request-id": "bf4c02b5-279d-4ad9-983f-9a4a367002e8",
        "x-ms-routing-request-id": "SOUTHEASTASIA:20230323T021448Z:bf4c02b5-279d-4ad9-983f-9a4a367002e8"
      },
      "ResponseBody": {
        "id": "/subscriptions/db1ab6f0-4769-4b27-930e-01e2ef9c123c/resourceGroups/testRG-6946/providers/Microsoft.Network/locations/australiaeast/dnsResolverOperationStatuses/eyJPcGVyYXRpb25UeXBlIjoiVXBzZXJ0RG5zUmVzb2x2ZXIiLCJPcGVyYXRpb25JZCI6Ijg1NmM1NWIxLWIyYmQtNDVmNy1iMTFmLWNhYzQ1OGNmMWE0NCJ9",
        "name": "eyJPcGVyYXRpb25UeXBlIjoiVXBzZXJ0RG5zUmVzb2x2ZXIiLCJPcGVyYXRpb25JZCI6Ijg1NmM1NWIxLWIyYmQtNDVmNy1iMTFmLWNhYzQ1OGNmMWE0NCJ9",
        "startTime": "2023-03-23T02:14:44.0000000Z",
        "endTime": "2023-03-23T02:14:47.0000000Z",
        "status": "Succeeded"
      }
    },
    {
      "RequestUri": "https://management.azure.com/subscriptions/db1ab6f0-4769-4b27-930e-01e2ef9c123c/resourceGroups/testRG-6946/providers/Microsoft.Network/dnsResolvers/dnsResolver-4378?api-version=2022-07-01",
      "RequestMethod": "GET",
      "RequestHeaders": {
        "Authorization": "Sanitized",
        "traceparent": "00-137939c30f9e4f40a2fb7be08eeb9f4a-9eafddf05f2cda48-00",
        "User-Agent": "azsdk-net-ResourceManager/1.4.0 (.NET Framework 4.8.9139.0; Microsoft Windows 10.0.22621 )",
        "x-ms-client-request-id": "76263130cce9408ab89d45c2f2260882",
        "x-ms-return-client-request-id": "true"
      },
      "RequestBody": null,
      "StatusCode": 200,
      "ResponseHeaders": {
        "Cache-Control": "no-cache",
        "Content-Length": "767",
        "Content-Type": "application/json; charset=utf-8",
        "Date": "Thu, 23 Mar 2023 02:14:47 GMT",
        "Expires": "-1",
        "Pragma": "no-cache",
        "Server": "Kestrel",
        "Strict-Transport-Security": "max-age=31536000; includeSubDomains",
        "X-Content-Type-Options": "nosniff",
        "x-ms-activity-id": "fc45e381-a04c-4520-a433-2707c96c11a7",
        "x-ms-correlation-request-id": "3884a1c3-6c17-484b-a3ef-ee204c8c0e3e",
        "x-ms-ratelimit-remaining-subscription-resource-requests": "498",
        "x-ms-request-id": "3884a1c3-6c17-484b-a3ef-ee204c8c0e3e",
        "x-ms-routing-request-id": "SOUTHEASTASIA:20230323T021448Z:3884a1c3-6c17-484b-a3ef-ee204c8c0e3e"
      },
      "ResponseBody": {
        "properties": {
          "virtualNetwork": {
            "id": "/subscriptions/db1ab6f0-4769-4b27-930e-01e2ef9c123c/resourceGroups/testRG-9798/providers/Microsoft.Network/virtualNetworks/dnsResolver-9126"
          },
          "dnsResolverState": "Connected",
          "provisioningState": "Succeeded",
          "resourceGuid": "9913b38a-045e-4c0c-bb41-082c103690cc"
        },
        "etag": "\u0022a60018da-0000-1a00-0000-641bb6170000\u0022",
        "location": "australiaeast",
        "tags": {},
        "id": "/subscriptions/db1ab6f0-4769-4b27-930e-01e2ef9c123c/resourceGroups/testRG-6946/providers/Microsoft.Network/dnsResolvers/dnsResolver-4378",
        "name": "dnsResolver-4378",
        "type": "Microsoft.Network/dnsResolvers",
        "systemData": {
          "createdAt": "2023-03-23T02:14:44.0160884Z",
          "createdByType": "Application",
          "lastModifiedAt": "2023-03-23T02:14:44.0160884Z",
          "lastModifiedByType": "Application"
        }
      }
    },
    {
      "RequestUri": "https://management.azure.com/subscriptions/db1ab6f0-4769-4b27-930e-01e2ef9c123c/resourceGroups/testRG-6946/providers/Microsoft.Network/dnsResolvers/dnsResolver-4378/outboundEndpoints/outboundEndpoint-7311?api-version=2022-07-01",
      "RequestMethod": "PUT",
      "RequestHeaders": {
        "Accept": "application/json",
        "Authorization": "Sanitized",
        "Content-Length": "233",
        "Content-Type": "application/json",
        "traceparent": "00-756c108b9500eb4fbdff66a780735bdf-ac4b2379f2534c4d-00",
        "User-Agent": "azsdk-net-ResourceManager.DnsResolver/1.1.0-alpha.20230321.1 (.NET Framework 4.8.9139.0; Microsoft Windows 10.0.22621 )",
        "x-ms-client-request-id": "8368e6851c1a9921f2126b74545cbae8",
        "x-ms-return-client-request-id": "true"
      },
      "RequestBody": {
        "tags": {},
        "location": "australiaeast",
        "properties": {
          "subnet": {
            "id": "/subscriptions/db1ab6f0-4769-4b27-930e-01e2ef9c123c/resourceGroups/testRG-9798/providers/Microsoft.Network/virtualNetworks/dnsResolver-9126/subnets/snet-endpoint"
          }
        }
      },
      "StatusCode": 202,
      "ResponseHeaders": {
        "Azure-AsyncOperation": "https://management.azure.com/subscriptions/db1ab6f0-4769-4b27-930e-01e2ef9c123c/resourceGroups/testRG-6946/providers/Microsoft.Network/locations/australiaeast/dnsResolverOperationStatuses/eyJPcGVyYXRpb25UeXBlIjoiVXBzZXJ0T3V0Ym91bmRFbmRwb2ludCIsIk9wZXJhdGlvbklkIjoiZWMwNDE3YTItZjE3ZS00NzZlLWI4MzktNTU4YjIyNDY0ZWQ0In0=?api-version=2022-07-01",
        "Cache-Control": "no-cache",
        "Content-Length": "2",
        "Content-Type": "application/json; charset=utf-8",
        "Date": "Thu, 23 Mar 2023 02:14:48 GMT",
        "Expires": "-1",
        "Location": "https://management.azure.com/subscriptions/db1ab6f0-4769-4b27-930e-01e2ef9c123c/resourceGroups/testRG-6946/providers/Microsoft.Network/locations/australiaeast/dnsResolverOperationResults/eyJPcGVyYXRpb25UeXBlIjoiVXBzZXJ0T3V0Ym91bmRFbmRwb2ludCIsIk9wZXJhdGlvbklkIjoiZWMwNDE3YTItZjE3ZS00NzZlLWI4MzktNTU4YjIyNDY0ZWQ0In0=?api-version=2022-07-01",
        "Pragma": "no-cache",
        "Retry-After": "5",
        "Server": "Kestrel",
        "Strict-Transport-Security": "max-age=31536000; includeSubDomains",
        "X-Content-Type-Options": "nosniff",
        "x-ms-activity-id": "ca2af29a-ba75-4b14-975b-6a1b8d2986c7",
        "x-ms-correlation-request-id": "b9c88675-1771-433c-b0a3-631c6cda1998",
        "x-ms-ratelimit-remaining-subscription-resource-requests": "11998",
        "x-ms-request-id": "b9c88675-1771-433c-b0a3-631c6cda1998",
        "x-ms-routing-request-id": "SOUTHEASTASIA:20230323T021449Z:b9c88675-1771-433c-b0a3-631c6cda1998"
      },
      "ResponseBody": {}
    },
    {
      "RequestUri": "https://management.azure.com/subscriptions/db1ab6f0-4769-4b27-930e-01e2ef9c123c/resourceGroups/testRG-6946/providers/Microsoft.Network/locations/australiaeast/dnsResolverOperationStatuses/eyJPcGVyYXRpb25UeXBlIjoiVXBzZXJ0T3V0Ym91bmRFbmRwb2ludCIsIk9wZXJhdGlvbklkIjoiZWMwNDE3YTItZjE3ZS00NzZlLWI4MzktNTU4YjIyNDY0ZWQ0In0=?api-version=2022-07-01",
      "RequestMethod": "GET",
      "RequestHeaders": {
        "Authorization": "Sanitized",
        "traceparent": "00-756c108b9500eb4fbdff66a780735bdf-ad79476470497e41-00",
        "User-Agent": "azsdk-net-ResourceManager/1.4.0 (.NET Framework 4.8.9139.0; Microsoft Windows 10.0.22621 )",
        "x-ms-client-request-id": "db1360778ce814f7108d83d76016ec5c",
        "x-ms-return-client-request-id": "true"
      },
      "RequestBody": null,
      "StatusCode": 200,
      "ResponseHeaders": {
        "Cache-Control": "no-cache",
        "Content-Length": "500",
        "Content-Type": "application/json; charset=utf-8",
        "Date": "Thu, 23 Mar 2023 02:14:49 GMT",
        "Expires": "-1",
        "Pragma": "no-cache",
        "Server": "Kestrel",
        "Strict-Transport-Security": "max-age=31536000; includeSubDomains",
        "X-Content-Type-Options": "nosniff",
        "x-ms-activity-id": "1f37236a-cbcc-4243-b538-94222b999ace",
        "x-ms-correlation-request-id": "9e814975-b253-45f7-8c27-2489311fce60",
        "x-ms-ratelimit-remaining-subscription-resource-requests": "478",
        "x-ms-request-id": "9e814975-b253-45f7-8c27-2489311fce60",
        "x-ms-routing-request-id": "SOUTHEASTASIA:20230323T021449Z:9e814975-b253-45f7-8c27-2489311fce60"
      },
      "ResponseBody": {
        "id": "/subscriptions/db1ab6f0-4769-4b27-930e-01e2ef9c123c/resourceGroups/testRG-6946/providers/Microsoft.Network/locations/australiaeast/dnsResolverOperationStatuses/eyJPcGVyYXRpb25UeXBlIjoiVXBzZXJ0T3V0Ym91bmRFbmRwb2ludCIsIk9wZXJhdGlvbklkIjoiZWMwNDE3YTItZjE3ZS00NzZlLWI4MzktNTU4YjIyNDY0ZWQ0In0=",
        "name": "eyJPcGVyYXRpb25UeXBlIjoiVXBzZXJ0T3V0Ym91bmRFbmRwb2ludCIsIk9wZXJhdGlvbklkIjoiZWMwNDE3YTItZjE3ZS00NzZlLWI4MzktNTU4YjIyNDY0ZWQ0In0=",
        "startTime": "2023-03-23T02:14:49.0000000Z",
        "status": "InProgress"
      }
    },
    {
      "RequestUri": "https://management.azure.com/subscriptions/db1ab6f0-4769-4b27-930e-01e2ef9c123c/resourceGroups/testRG-6946/providers/Microsoft.Network/locations/australiaeast/dnsResolverOperationStatuses/eyJPcGVyYXRpb25UeXBlIjoiVXBzZXJ0T3V0Ym91bmRFbmRwb2ludCIsIk9wZXJhdGlvbklkIjoiZWMwNDE3YTItZjE3ZS00NzZlLWI4MzktNTU4YjIyNDY0ZWQ0In0=?api-version=2022-07-01",
      "RequestMethod": "GET",
      "RequestHeaders": {
        "Authorization": "Sanitized",
        "traceparent": "00-756c108b9500eb4fbdff66a780735bdf-fd7a7a9e116e6d4b-00",
        "User-Agent": "azsdk-net-ResourceManager/1.4.0 (.NET Framework 4.8.9139.0; Microsoft Windows 10.0.22621 )",
        "x-ms-client-request-id": "04895ce3e37d19970c7a547af70fa47d",
        "x-ms-return-client-request-id": "true"
      },
      "RequestBody": null,
      "StatusCode": 200,
      "ResponseHeaders": {
        "Cache-Control": "no-cache",
        "Content-Length": "500",
        "Content-Type": "application/json; charset=utf-8",
        "Date": "Thu, 23 Mar 2023 02:14:50 GMT",
        "Expires": "-1",
        "Pragma": "no-cache",
        "Server": "Kestrel",
        "Strict-Transport-Security": "max-age=31536000; includeSubDomains",
        "X-Content-Type-Options": "nosniff",
        "x-ms-activity-id": "5e6fa82b-ddcf-4b86-9579-0256993d2d68",
        "x-ms-correlation-request-id": "c9bc3dd9-2c72-467a-a0b2-627a88ace2a8",
        "x-ms-ratelimit-remaining-subscription-resource-requests": "477",
        "x-ms-request-id": "c9bc3dd9-2c72-467a-a0b2-627a88ace2a8",
        "x-ms-routing-request-id": "SOUTHEASTASIA:20230323T021450Z:c9bc3dd9-2c72-467a-a0b2-627a88ace2a8"
      },
      "ResponseBody": {
        "id": "/subscriptions/db1ab6f0-4769-4b27-930e-01e2ef9c123c/resourceGroups/testRG-6946/providers/Microsoft.Network/locations/australiaeast/dnsResolverOperationStatuses/eyJPcGVyYXRpb25UeXBlIjoiVXBzZXJ0T3V0Ym91bmRFbmRwb2ludCIsIk9wZXJhdGlvbklkIjoiZWMwNDE3YTItZjE3ZS00NzZlLWI4MzktNTU4YjIyNDY0ZWQ0In0=",
        "name": "eyJPcGVyYXRpb25UeXBlIjoiVXBzZXJ0T3V0Ym91bmRFbmRwb2ludCIsIk9wZXJhdGlvbklkIjoiZWMwNDE3YTItZjE3ZS00NzZlLWI4MzktNTU4YjIyNDY0ZWQ0In0=",
        "startTime": "2023-03-23T02:14:49.0000000Z",
        "status": "InProgress"
      }
    },
    {
      "RequestUri": "https://management.azure.com/subscriptions/db1ab6f0-4769-4b27-930e-01e2ef9c123c/resourceGroups/testRG-6946/providers/Microsoft.Network/locations/australiaeast/dnsResolverOperationStatuses/eyJPcGVyYXRpb25UeXBlIjoiVXBzZXJ0T3V0Ym91bmRFbmRwb2ludCIsIk9wZXJhdGlvbklkIjoiZWMwNDE3YTItZjE3ZS00NzZlLWI4MzktNTU4YjIyNDY0ZWQ0In0=?api-version=2022-07-01",
      "RequestMethod": "GET",
      "RequestHeaders": {
        "Authorization": "Sanitized",
        "traceparent": "00-756c108b9500eb4fbdff66a780735bdf-cda0e23e178bc945-00",
        "User-Agent": "azsdk-net-ResourceManager/1.4.0 (.NET Framework 4.8.9139.0; Microsoft Windows 10.0.22621 )",
        "x-ms-client-request-id": "f3fc6c23de48acfff595155de9038d18",
        "x-ms-return-client-request-id": "true"
      },
      "RequestBody": null,
      "StatusCode": 200,
      "ResponseHeaders": {
        "Cache-Control": "no-cache",
        "Content-Length": "500",
        "Content-Type": "application/json; charset=utf-8",
        "Date": "Thu, 23 Mar 2023 02:14:51 GMT",
        "Expires": "-1",
        "Pragma": "no-cache",
        "Server": "Kestrel",
        "Strict-Transport-Security": "max-age=31536000; includeSubDomains",
        "X-Content-Type-Options": "nosniff",
        "x-ms-activity-id": "088e21c6-9bf6-4a83-a1e2-994ae3e6b0ad",
        "x-ms-correlation-request-id": "c3487e84-06bf-4432-8740-6c5c577be096",
        "x-ms-ratelimit-remaining-subscription-resource-requests": "476",
        "x-ms-request-id": "c3487e84-06bf-4432-8740-6c5c577be096",
        "x-ms-routing-request-id": "SOUTHEASTASIA:20230323T021452Z:c3487e84-06bf-4432-8740-6c5c577be096"
      },
      "ResponseBody": {
        "id": "/subscriptions/db1ab6f0-4769-4b27-930e-01e2ef9c123c/resourceGroups/testRG-6946/providers/Microsoft.Network/locations/australiaeast/dnsResolverOperationStatuses/eyJPcGVyYXRpb25UeXBlIjoiVXBzZXJ0T3V0Ym91bmRFbmRwb2ludCIsIk9wZXJhdGlvbklkIjoiZWMwNDE3YTItZjE3ZS00NzZlLWI4MzktNTU4YjIyNDY0ZWQ0In0=",
        "name": "eyJPcGVyYXRpb25UeXBlIjoiVXBzZXJ0T3V0Ym91bmRFbmRwb2ludCIsIk9wZXJhdGlvbklkIjoiZWMwNDE3YTItZjE3ZS00NzZlLWI4MzktNTU4YjIyNDY0ZWQ0In0=",
        "startTime": "2023-03-23T02:14:49.0000000Z",
        "status": "InProgress"
      }
    },
    {
      "RequestUri": "https://management.azure.com/subscriptions/db1ab6f0-4769-4b27-930e-01e2ef9c123c/resourceGroups/testRG-6946/providers/Microsoft.Network/locations/australiaeast/dnsResolverOperationStatuses/eyJPcGVyYXRpb25UeXBlIjoiVXBzZXJ0T3V0Ym91bmRFbmRwb2ludCIsIk9wZXJhdGlvbklkIjoiZWMwNDE3YTItZjE3ZS00NzZlLWI4MzktNTU4YjIyNDY0ZWQ0In0=?api-version=2022-07-01",
      "RequestMethod": "GET",
      "RequestHeaders": {
        "Authorization": "Sanitized",
        "traceparent": "00-756c108b9500eb4fbdff66a780735bdf-3db04fe6972d224a-00",
        "User-Agent": "azsdk-net-ResourceManager/1.4.0 (.NET Framework 4.8.9139.0; Microsoft Windows 10.0.22621 )",
        "x-ms-client-request-id": "982fc8b2eaeb9481c8facf6d387d1c00",
        "x-ms-return-client-request-id": "true"
      },
      "RequestBody": null,
      "StatusCode": 200,
      "ResponseHeaders": {
        "Cache-Control": "no-cache",
        "Content-Length": "500",
        "Content-Type": "application/json; charset=utf-8",
        "Date": "Thu, 23 Mar 2023 02:14:52 GMT",
        "Expires": "-1",
        "Pragma": "no-cache",
        "Server": "Kestrel",
        "Strict-Transport-Security": "max-age=31536000; includeSubDomains",
        "X-Content-Type-Options": "nosniff",
        "x-ms-activity-id": "7c10c56a-82a9-4168-9ec9-f253ba819951",
        "x-ms-correlation-request-id": "7934fabe-21e9-482b-88a8-1fcb5bd6e0f3",
        "x-ms-ratelimit-remaining-subscription-resource-requests": "475",
        "x-ms-request-id": "7934fabe-21e9-482b-88a8-1fcb5bd6e0f3",
        "x-ms-routing-request-id": "SOUTHEASTASIA:20230323T021453Z:7934fabe-21e9-482b-88a8-1fcb5bd6e0f3"
      },
      "ResponseBody": {
        "id": "/subscriptions/db1ab6f0-4769-4b27-930e-01e2ef9c123c/resourceGroups/testRG-6946/providers/Microsoft.Network/locations/australiaeast/dnsResolverOperationStatuses/eyJPcGVyYXRpb25UeXBlIjoiVXBzZXJ0T3V0Ym91bmRFbmRwb2ludCIsIk9wZXJhdGlvbklkIjoiZWMwNDE3YTItZjE3ZS00NzZlLWI4MzktNTU4YjIyNDY0ZWQ0In0=",
        "name": "eyJPcGVyYXRpb25UeXBlIjoiVXBzZXJ0T3V0Ym91bmRFbmRwb2ludCIsIk9wZXJhdGlvbklkIjoiZWMwNDE3YTItZjE3ZS00NzZlLWI4MzktNTU4YjIyNDY0ZWQ0In0=",
        "startTime": "2023-03-23T02:14:49.0000000Z",
        "status": "InProgress"
      }
    },
    {
      "RequestUri": "https://management.azure.com/subscriptions/db1ab6f0-4769-4b27-930e-01e2ef9c123c/resourceGroups/testRG-6946/providers/Microsoft.Network/locations/australiaeast/dnsResolverOperationStatuses/eyJPcGVyYXRpb25UeXBlIjoiVXBzZXJ0T3V0Ym91bmRFbmRwb2ludCIsIk9wZXJhdGlvbklkIjoiZWMwNDE3YTItZjE3ZS00NzZlLWI4MzktNTU4YjIyNDY0ZWQ0In0=?api-version=2022-07-01",
      "RequestMethod": "GET",
      "RequestHeaders": {
        "Authorization": "Sanitized",
        "traceparent": "00-756c108b9500eb4fbdff66a780735bdf-386f20935aa3754a-00",
        "User-Agent": "azsdk-net-ResourceManager/1.4.0 (.NET Framework 4.8.9139.0; Microsoft Windows 10.0.22621 )",
        "x-ms-client-request-id": "f4b305e9f81904135cdd0ee8ce3a3008",
        "x-ms-return-client-request-id": "true"
      },
      "RequestBody": null,
      "StatusCode": 200,
      "ResponseHeaders": {
        "Cache-Control": "no-cache",
        "Content-Length": "500",
        "Content-Type": "application/json; charset=utf-8",
        "Date": "Thu, 23 Mar 2023 02:14:54 GMT",
        "Expires": "-1",
        "Pragma": "no-cache",
        "Server": "Kestrel",
        "Strict-Transport-Security": "max-age=31536000; includeSubDomains",
        "X-Content-Type-Options": "nosniff",
        "x-ms-activity-id": "5a8faf23-5c76-49d9-9e9c-0e9a048b3598",
        "x-ms-correlation-request-id": "959d4523-6530-40ba-aad4-cbbd7e2fc8eb",
        "x-ms-ratelimit-remaining-subscription-resource-requests": "474",
        "x-ms-request-id": "959d4523-6530-40ba-aad4-cbbd7e2fc8eb",
        "x-ms-routing-request-id": "SOUTHEASTASIA:20230323T021455Z:959d4523-6530-40ba-aad4-cbbd7e2fc8eb"
      },
      "ResponseBody": {
        "id": "/subscriptions/db1ab6f0-4769-4b27-930e-01e2ef9c123c/resourceGroups/testRG-6946/providers/Microsoft.Network/locations/australiaeast/dnsResolverOperationStatuses/eyJPcGVyYXRpb25UeXBlIjoiVXBzZXJ0T3V0Ym91bmRFbmRwb2ludCIsIk9wZXJhdGlvbklkIjoiZWMwNDE3YTItZjE3ZS00NzZlLWI4MzktNTU4YjIyNDY0ZWQ0In0=",
        "name": "eyJPcGVyYXRpb25UeXBlIjoiVXBzZXJ0T3V0Ym91bmRFbmRwb2ludCIsIk9wZXJhdGlvbklkIjoiZWMwNDE3YTItZjE3ZS00NzZlLWI4MzktNTU4YjIyNDY0ZWQ0In0=",
        "startTime": "2023-03-23T02:14:49.0000000Z",
        "status": "InProgress"
      }
    },
    {
      "RequestUri": "https://management.azure.com/subscriptions/db1ab6f0-4769-4b27-930e-01e2ef9c123c/resourceGroups/testRG-6946/providers/Microsoft.Network/locations/australiaeast/dnsResolverOperationStatuses/eyJPcGVyYXRpb25UeXBlIjoiVXBzZXJ0T3V0Ym91bmRFbmRwb2ludCIsIk9wZXJhdGlvbklkIjoiZWMwNDE3YTItZjE3ZS00NzZlLWI4MzktNTU4YjIyNDY0ZWQ0In0=?api-version=2022-07-01",
      "RequestMethod": "GET",
      "RequestHeaders": {
        "Authorization": "Sanitized",
        "traceparent": "00-756c108b9500eb4fbdff66a780735bdf-faf507bf730a4e4b-00",
        "User-Agent": "azsdk-net-ResourceManager/1.4.0 (.NET Framework 4.8.9139.0; Microsoft Windows 10.0.22621 )",
        "x-ms-client-request-id": "2ec73bed0ce03891eb672b4e0e927378",
        "x-ms-return-client-request-id": "true"
      },
      "RequestBody": null,
      "StatusCode": 200,
      "ResponseHeaders": {
        "Cache-Control": "no-cache",
        "Content-Length": "500",
        "Content-Type": "application/json; charset=utf-8",
        "Date": "Thu, 23 Mar 2023 02:14:58 GMT",
        "Expires": "-1",
        "Pragma": "no-cache",
        "Server": "Kestrel",
        "Strict-Transport-Security": "max-age=31536000; includeSubDomains",
        "X-Content-Type-Options": "nosniff",
        "x-ms-activity-id": "3e254580-575c-4bc0-8bcd-b0a02fddcd1d",
        "x-ms-correlation-request-id": "cc99d284-60e7-4a65-a128-82bc72536197",
        "x-ms-ratelimit-remaining-subscription-resource-requests": "473",
        "x-ms-request-id": "cc99d284-60e7-4a65-a128-82bc72536197",
        "x-ms-routing-request-id": "SOUTHEASTASIA:20230323T021459Z:cc99d284-60e7-4a65-a128-82bc72536197"
      },
      "ResponseBody": {
        "id": "/subscriptions/db1ab6f0-4769-4b27-930e-01e2ef9c123c/resourceGroups/testRG-6946/providers/Microsoft.Network/locations/australiaeast/dnsResolverOperationStatuses/eyJPcGVyYXRpb25UeXBlIjoiVXBzZXJ0T3V0Ym91bmRFbmRwb2ludCIsIk9wZXJhdGlvbklkIjoiZWMwNDE3YTItZjE3ZS00NzZlLWI4MzktNTU4YjIyNDY0ZWQ0In0=",
        "name": "eyJPcGVyYXRpb25UeXBlIjoiVXBzZXJ0T3V0Ym91bmRFbmRwb2ludCIsIk9wZXJhdGlvbklkIjoiZWMwNDE3YTItZjE3ZS00NzZlLWI4MzktNTU4YjIyNDY0ZWQ0In0=",
        "startTime": "2023-03-23T02:14:49.0000000Z",
        "status": "InProgress"
      }
    },
    {
      "RequestUri": "https://management.azure.com/subscriptions/db1ab6f0-4769-4b27-930e-01e2ef9c123c/resourceGroups/testRG-6946/providers/Microsoft.Network/locations/australiaeast/dnsResolverOperationStatuses/eyJPcGVyYXRpb25UeXBlIjoiVXBzZXJ0T3V0Ym91bmRFbmRwb2ludCIsIk9wZXJhdGlvbklkIjoiZWMwNDE3YTItZjE3ZS00NzZlLWI4MzktNTU4YjIyNDY0ZWQ0In0=?api-version=2022-07-01",
      "RequestMethod": "GET",
      "RequestHeaders": {
        "Authorization": "Sanitized",
        "traceparent": "00-756c108b9500eb4fbdff66a780735bdf-1b5059590648204c-00",
        "User-Agent": "azsdk-net-ResourceManager/1.4.0 (.NET Framework 4.8.9139.0; Microsoft Windows 10.0.22621 )",
        "x-ms-client-request-id": "e3731478994fbafeb52a3b0edb99c58d",
        "x-ms-return-client-request-id": "true"
      },
      "RequestBody": null,
      "StatusCode": 200,
      "ResponseHeaders": {
        "Cache-Control": "no-cache",
        "Content-Length": "500",
        "Content-Type": "application/json; charset=utf-8",
        "Date": "Thu, 23 Mar 2023 02:15:07 GMT",
        "Expires": "-1",
        "Pragma": "no-cache",
        "Server": "Kestrel",
        "Strict-Transport-Security": "max-age=31536000; includeSubDomains",
        "X-Content-Type-Options": "nosniff",
        "x-ms-activity-id": "91f343d7-cb69-4c7a-b15a-173af64f7006",
        "x-ms-correlation-request-id": "50665955-e5e3-4159-b075-433783f2e615",
        "x-ms-ratelimit-remaining-subscription-resource-requests": "472",
        "x-ms-request-id": "50665955-e5e3-4159-b075-433783f2e615",
        "x-ms-routing-request-id": "SOUTHEASTASIA:20230323T021507Z:50665955-e5e3-4159-b075-433783f2e615"
      },
      "ResponseBody": {
        "id": "/subscriptions/db1ab6f0-4769-4b27-930e-01e2ef9c123c/resourceGroups/testRG-6946/providers/Microsoft.Network/locations/australiaeast/dnsResolverOperationStatuses/eyJPcGVyYXRpb25UeXBlIjoiVXBzZXJ0T3V0Ym91bmRFbmRwb2ludCIsIk9wZXJhdGlvbklkIjoiZWMwNDE3YTItZjE3ZS00NzZlLWI4MzktNTU4YjIyNDY0ZWQ0In0=",
        "name": "eyJPcGVyYXRpb25UeXBlIjoiVXBzZXJ0T3V0Ym91bmRFbmRwb2ludCIsIk9wZXJhdGlvbklkIjoiZWMwNDE3YTItZjE3ZS00NzZlLWI4MzktNTU4YjIyNDY0ZWQ0In0=",
        "startTime": "2023-03-23T02:14:49.0000000Z",
        "status": "InProgress"
      }
    },
    {
      "RequestUri": "https://management.azure.com/subscriptions/db1ab6f0-4769-4b27-930e-01e2ef9c123c/resourceGroups/testRG-6946/providers/Microsoft.Network/locations/australiaeast/dnsResolverOperationStatuses/eyJPcGVyYXRpb25UeXBlIjoiVXBzZXJ0T3V0Ym91bmRFbmRwb2ludCIsIk9wZXJhdGlvbklkIjoiZWMwNDE3YTItZjE3ZS00NzZlLWI4MzktNTU4YjIyNDY0ZWQ0In0=?api-version=2022-07-01",
      "RequestMethod": "GET",
      "RequestHeaders": {
        "Authorization": "Sanitized",
        "traceparent": "00-756c108b9500eb4fbdff66a780735bdf-6ef5a8909371a140-00",
        "User-Agent": "azsdk-net-ResourceManager/1.4.0 (.NET Framework 4.8.9139.0; Microsoft Windows 10.0.22621 )",
        "x-ms-client-request-id": "fc80c7c9eeb5dd20737a09b1cdc4f6ca",
        "x-ms-return-client-request-id": "true"
      },
      "RequestBody": null,
      "StatusCode": 200,
      "ResponseHeaders": {
        "Cache-Control": "no-cache",
        "Content-Length": "500",
        "Content-Type": "application/json; charset=utf-8",
        "Date": "Thu, 23 Mar 2023 02:15:23 GMT",
        "Expires": "-1",
        "Pragma": "no-cache",
        "Server": "Kestrel",
        "Strict-Transport-Security": "max-age=31536000; includeSubDomains",
        "X-Content-Type-Options": "nosniff",
        "x-ms-activity-id": "32564256-26e7-4199-aa46-cc807f4e7ec0",
        "x-ms-correlation-request-id": "cdfbc4ee-3fb1-407c-a5e8-edec88d53904",
        "x-ms-ratelimit-remaining-subscription-resource-requests": "471",
        "x-ms-request-id": "cdfbc4ee-3fb1-407c-a5e8-edec88d53904",
        "x-ms-routing-request-id": "SOUTHEASTASIA:20230323T021524Z:cdfbc4ee-3fb1-407c-a5e8-edec88d53904"
      },
      "ResponseBody": {
        "id": "/subscriptions/db1ab6f0-4769-4b27-930e-01e2ef9c123c/resourceGroups/testRG-6946/providers/Microsoft.Network/locations/australiaeast/dnsResolverOperationStatuses/eyJPcGVyYXRpb25UeXBlIjoiVXBzZXJ0T3V0Ym91bmRFbmRwb2ludCIsIk9wZXJhdGlvbklkIjoiZWMwNDE3YTItZjE3ZS00NzZlLWI4MzktNTU4YjIyNDY0ZWQ0In0=",
        "name": "eyJPcGVyYXRpb25UeXBlIjoiVXBzZXJ0T3V0Ym91bmRFbmRwb2ludCIsIk9wZXJhdGlvbklkIjoiZWMwNDE3YTItZjE3ZS00NzZlLWI4MzktNTU4YjIyNDY0ZWQ0In0=",
        "startTime": "2023-03-23T02:14:49.0000000Z",
        "status": "InProgress"
      }
    },
    {
      "RequestUri": "https://management.azure.com/subscriptions/db1ab6f0-4769-4b27-930e-01e2ef9c123c/resourceGroups/testRG-6946/providers/Microsoft.Network/locations/australiaeast/dnsResolverOperationStatuses/eyJPcGVyYXRpb25UeXBlIjoiVXBzZXJ0T3V0Ym91bmRFbmRwb2ludCIsIk9wZXJhdGlvbklkIjoiZWMwNDE3YTItZjE3ZS00NzZlLWI4MzktNTU4YjIyNDY0ZWQ0In0=?api-version=2022-07-01",
      "RequestMethod": "GET",
      "RequestHeaders": {
        "Authorization": "Sanitized",
        "traceparent": "00-756c108b9500eb4fbdff66a780735bdf-830692f000d8464c-00",
        "User-Agent": "azsdk-net-ResourceManager/1.4.0 (.NET Framework 4.8.9139.0; Microsoft Windows 10.0.22621 )",
        "x-ms-client-request-id": "ba6f96694cc753b83c0d78b6d1835d51",
        "x-ms-return-client-request-id": "true"
      },
      "RequestBody": null,
      "StatusCode": 200,
      "ResponseHeaders": {
        "Cache-Control": "no-cache",
        "Content-Length": "500",
        "Content-Type": "application/json; charset=utf-8",
        "Date": "Thu, 23 Mar 2023 02:15:56 GMT",
        "Expires": "-1",
        "Pragma": "no-cache",
        "Server": "Kestrel",
        "Strict-Transport-Security": "max-age=31536000; includeSubDomains",
        "X-Content-Type-Options": "nosniff",
        "x-ms-activity-id": "84b38e41-7c62-4d24-9090-bae40761d30c",
        "x-ms-correlation-request-id": "c59ee07d-9511-4753-b0e4-d6f85ce8aec7",
        "x-ms-ratelimit-remaining-subscription-resource-requests": "470",
        "x-ms-request-id": "c59ee07d-9511-4753-b0e4-d6f85ce8aec7",
        "x-ms-routing-request-id": "SOUTHEASTASIA:20230323T021556Z:c59ee07d-9511-4753-b0e4-d6f85ce8aec7"
      },
      "ResponseBody": {
        "id": "/subscriptions/db1ab6f0-4769-4b27-930e-01e2ef9c123c/resourceGroups/testRG-6946/providers/Microsoft.Network/locations/australiaeast/dnsResolverOperationStatuses/eyJPcGVyYXRpb25UeXBlIjoiVXBzZXJ0T3V0Ym91bmRFbmRwb2ludCIsIk9wZXJhdGlvbklkIjoiZWMwNDE3YTItZjE3ZS00NzZlLWI4MzktNTU4YjIyNDY0ZWQ0In0=",
        "name": "eyJPcGVyYXRpb25UeXBlIjoiVXBzZXJ0T3V0Ym91bmRFbmRwb2ludCIsIk9wZXJhdGlvbklkIjoiZWMwNDE3YTItZjE3ZS00NzZlLWI4MzktNTU4YjIyNDY0ZWQ0In0=",
        "startTime": "2023-03-23T02:14:49.0000000Z",
        "status": "InProgress"
      }
    },
    {
      "RequestUri": "https://management.azure.com/subscriptions/db1ab6f0-4769-4b27-930e-01e2ef9c123c/resourceGroups/testRG-6946/providers/Microsoft.Network/locations/australiaeast/dnsResolverOperationStatuses/eyJPcGVyYXRpb25UeXBlIjoiVXBzZXJ0T3V0Ym91bmRFbmRwb2ludCIsIk9wZXJhdGlvbklkIjoiZWMwNDE3YTItZjE3ZS00NzZlLWI4MzktNTU4YjIyNDY0ZWQ0In0=?api-version=2022-07-01",
      "RequestMethod": "GET",
      "RequestHeaders": {
        "Authorization": "Sanitized",
        "traceparent": "00-756c108b9500eb4fbdff66a780735bdf-290a6c1a06f3a44f-00",
        "User-Agent": "azsdk-net-ResourceManager/1.4.0 (.NET Framework 4.8.9139.0; Microsoft Windows 10.0.22621 )",
        "x-ms-client-request-id": "47859da2771189c3f39670d4904cedf1",
        "x-ms-return-client-request-id": "true"
      },
      "RequestBody": null,
      "StatusCode": 200,
      "ResponseHeaders": {
        "Cache-Control": "no-cache",
        "Content-Length": "500",
        "Content-Type": "application/json; charset=utf-8",
        "Date": "Thu, 23 Mar 2023 02:16:28 GMT",
        "Expires": "-1",
        "Pragma": "no-cache",
        "Server": "Kestrel",
        "Strict-Transport-Security": "max-age=31536000; includeSubDomains",
        "X-Content-Type-Options": "nosniff",
        "x-ms-activity-id": "c6100627-9cb0-4ed8-85a6-f993d2071bfb",
        "x-ms-correlation-request-id": "ab9af730-91a9-47d6-a4f8-0888410bc020",
        "x-ms-ratelimit-remaining-subscription-resource-requests": "469",
        "x-ms-request-id": "ab9af730-91a9-47d6-a4f8-0888410bc020",
        "x-ms-routing-request-id": "SOUTHEASTASIA:20230323T021629Z:ab9af730-91a9-47d6-a4f8-0888410bc020"
      },
      "ResponseBody": {
        "id": "/subscriptions/db1ab6f0-4769-4b27-930e-01e2ef9c123c/resourceGroups/testRG-6946/providers/Microsoft.Network/locations/australiaeast/dnsResolverOperationStatuses/eyJPcGVyYXRpb25UeXBlIjoiVXBzZXJ0T3V0Ym91bmRFbmRwb2ludCIsIk9wZXJhdGlvbklkIjoiZWMwNDE3YTItZjE3ZS00NzZlLWI4MzktNTU4YjIyNDY0ZWQ0In0=",
        "name": "eyJPcGVyYXRpb25UeXBlIjoiVXBzZXJ0T3V0Ym91bmRFbmRwb2ludCIsIk9wZXJhdGlvbklkIjoiZWMwNDE3YTItZjE3ZS00NzZlLWI4MzktNTU4YjIyNDY0ZWQ0In0=",
        "startTime": "2023-03-23T02:14:49.0000000Z",
        "status": "InProgress"
      }
    },
    {
      "RequestUri": "https://management.azure.com/subscriptions/db1ab6f0-4769-4b27-930e-01e2ef9c123c/resourceGroups/testRG-6946/providers/Microsoft.Network/locations/australiaeast/dnsResolverOperationStatuses/eyJPcGVyYXRpb25UeXBlIjoiVXBzZXJ0T3V0Ym91bmRFbmRwb2ludCIsIk9wZXJhdGlvbklkIjoiZWMwNDE3YTItZjE3ZS00NzZlLWI4MzktNTU4YjIyNDY0ZWQ0In0=?api-version=2022-07-01",
      "RequestMethod": "GET",
      "RequestHeaders": {
        "Authorization": "Sanitized",
        "Connection": "close",
        "traceparent": "00-756c108b9500eb4fbdff66a780735bdf-512f6af9703c2c45-00",
        "User-Agent": "azsdk-net-ResourceManager/1.4.0 (.NET Framework 4.8.9139.0; Microsoft Windows 10.0.22621 )",
        "x-ms-client-request-id": "45a470330b297cc60e2cbfa7766a0cf0",
        "x-ms-return-client-request-id": "true"
      },
      "RequestBody": null,
      "StatusCode": 200,
      "ResponseHeaders": {
        "Cache-Control": "no-cache",
        "Connection": "close",
        "Content-Length": "540",
        "Content-Type": "application/json; charset=utf-8",
        "Date": "Thu, 23 Mar 2023 02:17:01 GMT",
        "Expires": "-1",
        "Pragma": "no-cache",
        "Server": "Kestrel",
        "Strict-Transport-Security": "max-age=31536000; includeSubDomains",
        "X-Content-Type-Options": "nosniff",
        "x-ms-activity-id": "6744d62a-1ebd-4cfe-a288-f76efb953d0a",
        "x-ms-correlation-request-id": "3678a35e-18e1-4776-8d4f-69aa9d49dbc4",
        "x-ms-ratelimit-remaining-subscription-resource-requests": "468",
        "x-ms-request-id": "3678a35e-18e1-4776-8d4f-69aa9d49dbc4",
        "x-ms-routing-request-id": "SOUTHEASTASIA:20230323T021701Z:3678a35e-18e1-4776-8d4f-69aa9d49dbc4"
      },
      "ResponseBody": {
        "id": "/subscriptions/db1ab6f0-4769-4b27-930e-01e2ef9c123c/resourceGroups/testRG-6946/providers/Microsoft.Network/locations/australiaeast/dnsResolverOperationStatuses/eyJPcGVyYXRpb25UeXBlIjoiVXBzZXJ0T3V0Ym91bmRFbmRwb2ludCIsIk9wZXJhdGlvbklkIjoiZWMwNDE3YTItZjE3ZS00NzZlLWI4MzktNTU4YjIyNDY0ZWQ0In0=",
        "name": "eyJPcGVyYXRpb25UeXBlIjoiVXBzZXJ0T3V0Ym91bmRFbmRwb2ludCIsIk9wZXJhdGlvbklkIjoiZWMwNDE3YTItZjE3ZS00NzZlLWI4MzktNTU4YjIyNDY0ZWQ0In0=",
        "startTime": "2023-03-23T02:14:49.0000000Z",
        "endTime": "2023-03-23T02:16:42.0000000Z",
        "status": "Succeeded"
      }
    },
    {
      "RequestUri": "https://management.azure.com/subscriptions/db1ab6f0-4769-4b27-930e-01e2ef9c123c/resourceGroups/testRG-6946/providers/Microsoft.Network/dnsResolvers/dnsResolver-4378/outboundEndpoints/outboundEndpoint-7311?api-version=2022-07-01",
      "RequestMethod": "GET",
      "RequestHeaders": {
        "Authorization": "Sanitized",
        "traceparent": "00-756c108b9500eb4fbdff66a780735bdf-9b2a6022a23bc445-00",
        "User-Agent": "azsdk-net-ResourceManager/1.4.0 (.NET Framework 4.8.9139.0; Microsoft Windows 10.0.22621 )",
        "x-ms-client-request-id": "2f0fb71dae3ef2b9d2e6c631dce4c3f0",
        "x-ms-return-client-request-id": "true"
      },
      "RequestBody": null,
      "StatusCode": 200,
      "ResponseHeaders": {
        "Cache-Control": "no-cache",
        "Content-Length": "813",
        "Content-Type": "application/json; charset=utf-8",
        "Date": "Thu, 23 Mar 2023 02:17:01 GMT",
        "Expires": "-1",
        "Pragma": "no-cache",
        "Server": "Kestrel",
        "Strict-Transport-Security": "max-age=31536000; includeSubDomains",
        "X-Content-Type-Options": "nosniff",
        "x-ms-activity-id": "447ae977-8b90-4401-bc27-1d290c7d61d0",
        "x-ms-correlation-request-id": "62a1a487-2d69-41c9-a704-a043b4cab2d9",
        "x-ms-ratelimit-remaining-subscription-resource-requests": "499",
        "x-ms-request-id": "62a1a487-2d69-41c9-a704-a043b4cab2d9",
        "x-ms-routing-request-id": "SOUTHEASTASIA:20230323T021702Z:62a1a487-2d69-41c9-a704-a043b4cab2d9"
      },
      "ResponseBody": {
        "properties": {
          "subnet": {
            "id": "/subscriptions/db1ab6f0-4769-4b27-930e-01e2ef9c123c/resourceGroups/testRG-9798/providers/Microsoft.Network/virtualNetworks/dnsResolver-9126/subnets/snet-endpoint"
          },
          "provisioningState": "Succeeded",
          "resourceGuid": "188edcfc-a0b6-4e74-9c37-16bc047ebd69"
        },
        "etag": "\u0022e800eca2-0000-1a00-0000-641bb68a0000\u0022",
        "location": "australiaeast",
        "tags": {},
        "id": "/subscriptions/db1ab6f0-4769-4b27-930e-01e2ef9c123c/resourceGroups/testRG-6946/providers/Microsoft.Network/dnsResolvers/dnsResolver-4378/outboundEndpoints/outboundEndpoint-7311",
        "name": "outboundEndpoint-7311",
        "type": "Microsoft.Network/dnsResolvers/outboundEndpoints",
        "systemData": {
          "createdAt": "2023-03-23T02:14:49.3597985Z",
          "createdByType": "Application",
          "lastModifiedAt": "2023-03-23T02:14:49.3597985Z",
          "lastModifiedByType": "Application"
        }
      }
    },
    {
      "RequestUri": "https://management.azure.com/subscriptions/db1ab6f0-4769-4b27-930e-01e2ef9c123c/resourceGroups/testRG-6946/providers/Microsoft.Network/dnsResolvers/dnsResolver-4378/outboundEndpoints/outboundEndpoint-7311?api-version=2022-07-01",
      "RequestMethod": "GET",
      "RequestHeaders": {
        "Accept": "application/json",
        "Authorization": "Sanitized",
        "traceparent": "00-c708c8568ae86247a4f1b3974c777626-7767e7189183c04a-00",
        "User-Agent": "azsdk-net-ResourceManager.DnsResolver/1.1.0-alpha.20230321.1 (.NET Framework 4.8.9139.0; Microsoft Windows 10.0.22621 )",
        "x-ms-client-request-id": "6082862018de9628d70839e4b71b1389",
        "x-ms-return-client-request-id": "true"
      },
      "RequestBody": null,
      "StatusCode": 200,
      "ResponseHeaders": {
        "Cache-Control": "no-cache",
        "Content-Length": "813",
        "Content-Type": "application/json; charset=utf-8",
        "Date": "Thu, 23 Mar 2023 02:17:02 GMT",
        "Expires": "-1",
        "Pragma": "no-cache",
        "Server": "Kestrel",
        "Strict-Transport-Security": "max-age=31536000; includeSubDomains",
        "X-Content-Type-Options": "nosniff",
        "x-ms-activity-id": "0c7b88d7-ac83-4b37-ac73-3c5cb62da38a",
        "x-ms-correlation-request-id": "7d60f7dc-4845-4f10-89c3-8c80d118615b",
        "x-ms-ratelimit-remaining-subscription-resource-requests": "498",
        "x-ms-request-id": "7d60f7dc-4845-4f10-89c3-8c80d118615b",
        "x-ms-routing-request-id": "SOUTHEASTASIA:20230323T021703Z:7d60f7dc-4845-4f10-89c3-8c80d118615b"
      },
      "ResponseBody": {
        "properties": {
          "subnet": {
            "id": "/subscriptions/db1ab6f0-4769-4b27-930e-01e2ef9c123c/resourceGroups/testRG-9798/providers/Microsoft.Network/virtualNetworks/dnsResolver-9126/subnets/snet-endpoint"
          },
          "provisioningState": "Succeeded",
          "resourceGuid": "188edcfc-a0b6-4e74-9c37-16bc047ebd69"
        },
        "etag": "\u0022e800eca2-0000-1a00-0000-641bb68a0000\u0022",
        "location": "australiaeast",
        "tags": {},
        "id": "/subscriptions/db1ab6f0-4769-4b27-930e-01e2ef9c123c/resourceGroups/testRG-6946/providers/Microsoft.Network/dnsResolvers/dnsResolver-4378/outboundEndpoints/outboundEndpoint-7311",
        "name": "outboundEndpoint-7311",
        "type": "Microsoft.Network/dnsResolvers/outboundEndpoints",
        "systemData": {
          "createdAt": "2023-03-23T02:14:49.3597985Z",
          "createdByType": "Application",
          "lastModifiedAt": "2023-03-23T02:14:49.3597985Z",
          "lastModifiedByType": "Application"
        }
      }
    }
  ],
  "Variables": {
    "AZURE_AUTHORITY_HOST": "https://login.microsoftonline.com/",
    "RandomSeed": "2054872073",
    "RESOURCE_MANAGER_URL": null,
    "SUBSCRIPTION_ID": "db1ab6f0-4769-4b27-930e-01e2ef9c123c"
  }
}
