{
  "Entries": [
    {
      "RequestUri": "/subscriptions/ba59a556-5034-4bbb-80b4-4c37cf1083e9/resourceGroups/TestRG/providers/Microsoft.AnalysisServices/servers/azsdktest?api-version=2017-08-01",
      "EncodedRequestUri": "L3N1YnNjcmlwdGlvbnMvYmE1OWE1NTYtNTAzNC00YmJiLTgwYjQtNGMzN2NmMTA4M2U5L3Jlc291cmNlR3JvdXBzL1Rlc3RSRy9wcm92aWRlcnMvTWljcm9zb2Z0LkFuYWx5c2lzU2VydmljZXMvc2VydmVycy9henNka3Rlc3Q/YXBpLXZlcnNpb249MjAxNy0wOC0wMQ==",
      "RequestMethod": "PUT",
      "RequestBody": "{\r\n  \"properties\": {\r\n    \"asAdministrators\": {\r\n      \"members\": [\r\n        \"asengsys@microsoft.com\"\r\n      ]\r\n    },\r\n    \"backupBlobContainerUri\": \"https://aassdk1.blob.core.windows.net/azsdktest?dummykey1\",\r\n    \"gatewayDetails\": {\r\n      \"gatewayResourceId\": \"/subscriptions/ba59a556-5034-4bbb-80b4-4c37cf1083e9/resourceGroups/TestRG/providers/Microsoft.Web/connectionGateways/azsdktest\"\r\n    }\r\n  },\r\n  \"location\": \"West US\",\r\n  \"sku\": {\r\n    \"name\": \"S1\",\r\n    \"tier\": \"Standard\"\r\n  },\r\n  \"tags\": {\r\n    \"key1\": \"value1\",\r\n    \"key2\": \"value2\"\r\n  }\r\n}",
      "RequestHeaders": {
        "Content-Type": [
          "application/json; charset=utf-8"
        ],
        "Content-Length": [
          "558"
        ],
        "x-ms-client-request-id": [
          "bd312f8e-abaf-4b31-b4d7-25a730002e51"
        ],
        "accept-language": [
          "en-US"
        ],
        "User-Agent": [
          "FxVersion/4.6.25211.01",
          "Microsoft.Azure.Management.Analysis.AnalysisServicesManagementClient/2.0.3.0"
        ]
      },
      "ResponseBody": "{\r\n  \"properties\": {\r\n    \"provisioningState\": \"Provisioning\",\r\n    \"state\": \"Provisioning\",\r\n    \"serverFullName\": \"asazure://westus.asazure.windows.net/azsdktest\",\r\n    \"managedMode\": 1,\r\n    \"asAdministrators\": {\r\n      \"members\": [\r\n        \"asengsys@microsoft.com\"\r\n      ]\r\n    },\r\n    \"backupBlobContainerUri\": \"https://aassdk1.blob.core.windows.net/azsdktest\",\r\n    \"gatewayDetails\": {\r\n      \"gatewayResourceId\": \"/subscriptions/ba59a556-5034-4bbb-80b4-4c37cf1083e9/resourceGroups/TestRG/providers/Microsoft.Web/connectionGateways/azsdktest\",\r\n      \"gatewayObjectId\": \"04ebc615-4692-4449-b706-4183c73d6099\",\r\n      \"dmtsClusterUri\": \"https://WABI-WEST-US-redirect.analysis.windows.net\"\r\n    },\r\n    \"serverMonitorMode\": 1\r\n  },\r\n  \"id\": \"/subscriptions/ba59a556-5034-4bbb-80b4-4c37cf1083e9/resourceGroups/TestRG/providers/Microsoft.AnalysisServices/servers/azsdktest\",\r\n  \"name\": \"azsdktest\",\r\n  \"type\": \"Microsoft.AnalysisServices/servers\",\r\n  \"location\": \"West US\",\r\n  \"sku\": {\r\n    \"name\": \"S1\",\r\n    \"tier\": \"Standard\"\r\n  },\r\n  \"tags\": {\r\n    \"key1\": \"value1\",\r\n    \"key2\": \"value2\"\r\n  }\r\n}",
      "ResponseHeaders": {
        "Content-Length": [
          "905"
        ],
        "Content-Type": [
          "application/json; charset=utf-8"
        ],
        "Expires": [
          "-1"
        ],
        "Cache-Control": [
          "no-cache"
        ],
        "Date": [
          "Fri, 02 Feb 2018 02:52:00 GMT"
        ],
        "Pragma": [
          "no-cache"
        ],
        "Location": [
          "https://management.azure.com/subscriptions/ba59a556-5034-4bbb-80b4-4c37cf1083e9/providers/Microsoft.AnalysisServices/locations/westus/operationresults/182D1C91-CAD2-448B-9FB0-135C159FC999?api-version=2016-05-16"
        ],
        "Server": [
          "Microsoft-HTTPAPI/2.0"
        ],
        "Strict-Transport-Security": [
          "max-age=31536000; includeSubDomains"
        ],
        "Azure-AsyncOperation": [
          "https://management.azure.com/subscriptions/ba59a556-5034-4bbb-80b4-4c37cf1083e9/providers/Microsoft.AnalysisServices/locations/westus/operationstatuses/182D1C91-CAD2-448B-9FB0-135C159FC999?api-version=2016-05-16"
        ],
        "x-ms-request-id": [
          "25aba5b2-e811-4f8e-85e1-e9088710f545"
        ],
        "x-ms-current-utc-date": [
          "2/2/2018 2:51:48 AM"
        ],
        "X-Frame-Options": [
          "deny"
        ],
        "X-Content-Type-Options": [
          "nosniff"
        ],
        "X-XSS-Protection": [
          "1; mode=block"
        ],
        "Content-Security-Policy": [
          "script-src 'self'"
        ],
        "x-ms-ratelimit-remaining-subscription-writes": [
          "1199"
        ],
        "x-ms-correlation-request-id": [
          "01c14461-2145-48f1-90cd-55cd2da60df5"
        ],
        "x-ms-routing-request-id": [
          "SOUTHEASTASIA:20180202T025200Z:01c14461-2145-48f1-90cd-55cd2da60df5"
        ]
      },
      "StatusCode": 201
    },
    {
      "RequestUri": "/subscriptions/ba59a556-5034-4bbb-80b4-4c37cf1083e9/providers/Microsoft.AnalysisServices/locations/westus/operationstatuses/182D1C91-CAD2-448B-9FB0-135C159FC999?api-version=2016-05-16",
      "EncodedRequestUri": "L3N1YnNjcmlwdGlvbnMvYmE1OWE1NTYtNTAzNC00YmJiLTgwYjQtNGMzN2NmMTA4M2U5L3Byb3ZpZGVycy9NaWNyb3NvZnQuQW5hbHlzaXNTZXJ2aWNlcy9sb2NhdGlvbnMvd2VzdHVzL29wZXJhdGlvbnN0YXR1c2VzLzE4MkQxQzkxLUNBRDItNDQ4Qi05RkIwLTEzNUMxNTlGQzk5OT9hcGktdmVyc2lvbj0yMDE2LTA1LTE2",
      "RequestMethod": "GET",
      "RequestBody": "",
      "RequestHeaders": {
        "User-Agent": [
          "FxVersion/4.6.25211.01",
          "Microsoft.Azure.Management.Analysis.AnalysisServicesManagementClient/2.0.3.0"
        ]
      },
      "ResponseBody": "{\r\n  \"id\": \"/subscriptions/ba59a556-5034-4bbb-80b4-4c37cf1083e9/locations/westus/operationstatuses/182D1C91-CAD2-448B-9FB0-135C159FC999\",\r\n  \"name\": \"182D1C91-CAD2-448B-9FB0-135C159FC999\",\r\n  \"status\": \"Provisioning\",\r\n  \"startTime\": \"2018-02-02T02:51:51.657Z\"\r\n}",
      "ResponseHeaders": {
        "Content-Type": [
          "application/json; charset=utf-8"
        ],
        "Expires": [
          "-1"
        ],
        "Cache-Control": [
          "no-cache"
        ],
        "Date": [
          "Fri, 02 Feb 2018 02:52:30 GMT"
        ],
        "Pragma": [
          "no-cache"
        ],
        "Transfer-Encoding": [
          "chunked"
        ],
        "Server": [
          "Microsoft-HTTPAPI/2.0"
        ],
        "Vary": [
          "Accept-Encoding"
        ],
        "Strict-Transport-Security": [
          "max-age=31536000; includeSubDomains"
        ],
        "x-ms-request-id": [
          "8eff6453-4dc1-499a-aaee-e88551c85851"
        ],
        "x-ms-current-utc-date": [
          "2/2/2018 2:52:30 AM"
        ],
        "X-Frame-Options": [
          "deny"
        ],
        "X-Content-Type-Options": [
          "nosniff"
        ],
        "X-XSS-Protection": [
          "1; mode=block"
        ],
        "Content-Security-Policy": [
          "script-src 'self'"
        ],
        "x-ms-ratelimit-remaining-subscription-reads": [
          "14999"
        ],
        "x-ms-correlation-request-id": [
          "e38c9a83-5a46-4c1e-814c-990b83e84d5e"
        ],
        "x-ms-routing-request-id": [
          "SOUTHEASTASIA:20180202T025230Z:e38c9a83-5a46-4c1e-814c-990b83e84d5e"
        ]
      },
      "StatusCode": 200
    },
    {
      "RequestUri": "/subscriptions/ba59a556-5034-4bbb-80b4-4c37cf1083e9/providers/Microsoft.AnalysisServices/locations/westus/operationstatuses/182D1C91-CAD2-448B-9FB0-135C159FC999?api-version=2016-05-16",
      "EncodedRequestUri": "L3N1YnNjcmlwdGlvbnMvYmE1OWE1NTYtNTAzNC00YmJiLTgwYjQtNGMzN2NmMTA4M2U5L3Byb3ZpZGVycy9NaWNyb3NvZnQuQW5hbHlzaXNTZXJ2aWNlcy9sb2NhdGlvbnMvd2VzdHVzL29wZXJhdGlvbnN0YXR1c2VzLzE4MkQxQzkxLUNBRDItNDQ4Qi05RkIwLTEzNUMxNTlGQzk5OT9hcGktdmVyc2lvbj0yMDE2LTA1LTE2",
      "RequestMethod": "GET",
      "RequestBody": "",
      "RequestHeaders": {
        "User-Agent": [
          "FxVersion/4.6.25211.01",
          "Microsoft.Azure.Management.Analysis.AnalysisServicesManagementClient/2.0.3.0"
        ]
      },
      "ResponseBody": "{\r\n  \"id\": \"/subscriptions/ba59a556-5034-4bbb-80b4-4c37cf1083e9/locations/westus/operationstatuses/182D1C91-CAD2-448B-9FB0-135C159FC999\",\r\n  \"name\": \"182D1C91-CAD2-448B-9FB0-135C159FC999\",\r\n  \"status\": \"Succeeded\",\r\n  \"startTime\": \"2018-02-02T02:51:51.657Z\",\r\n  \"endTime\": \"2018-02-02T02:52:50.86Z\"\r\n}",
      "ResponseHeaders": {
        "Content-Type": [
          "application/json; charset=utf-8"
        ],
        "Expires": [
          "-1"
        ],
        "Cache-Control": [
          "no-cache"
        ],
        "Date": [
          "Fri, 02 Feb 2018 02:53:00 GMT"
        ],
        "Pragma": [
          "no-cache"
        ],
        "Transfer-Encoding": [
          "chunked"
        ],
        "Server": [
          "Microsoft-HTTPAPI/2.0"
        ],
        "Vary": [
          "Accept-Encoding"
        ],
        "Strict-Transport-Security": [
          "max-age=31536000; includeSubDomains"
        ],
        "x-ms-request-id": [
          "cdc6224c-f548-4ad2-9665-2fb541bc5fa4"
        ],
        "x-ms-current-utc-date": [
          "2/2/2018 2:53:01 AM"
        ],
        "X-Frame-Options": [
          "deny"
        ],
        "X-Content-Type-Options": [
          "nosniff"
        ],
        "X-XSS-Protection": [
          "1; mode=block"
        ],
        "Content-Security-Policy": [
          "script-src 'self'"
        ],
        "x-ms-ratelimit-remaining-subscription-reads": [
          "14998"
        ],
        "x-ms-correlation-request-id": [
          "62d8e3a8-b72b-4042-a03b-4a6e2cce5901"
        ],
        "x-ms-routing-request-id": [
          "SOUTHEASTASIA:20180202T025301Z:62d8e3a8-b72b-4042-a03b-4a6e2cce5901"
        ]
      },
      "StatusCode": 200
    },
    {
      "RequestUri": "/subscriptions/ba59a556-5034-4bbb-80b4-4c37cf1083e9/resourceGroups/TestRG/providers/Microsoft.AnalysisServices/servers/azsdktest?api-version=2017-08-01",
      "EncodedRequestUri": "L3N1YnNjcmlwdGlvbnMvYmE1OWE1NTYtNTAzNC00YmJiLTgwYjQtNGMzN2NmMTA4M2U5L3Jlc291cmNlR3JvdXBzL1Rlc3RSRy9wcm92aWRlcnMvTWljcm9zb2Z0LkFuYWx5c2lzU2VydmljZXMvc2VydmVycy9henNka3Rlc3Q/YXBpLXZlcnNpb249MjAxNy0wOC0wMQ==",
      "RequestMethod": "GET",
      "RequestBody": "",
      "RequestHeaders": {
        "User-Agent": [
          "FxVersion/4.6.25211.01",
          "Microsoft.Azure.Management.Analysis.AnalysisServicesManagementClient/2.0.3.0"
        ]
      },
      "ResponseBody": "{\r\n  \"properties\": {\r\n    \"provisioningState\": \"Succeeded\",\r\n    \"state\": \"Succeeded\",\r\n    \"serverFullName\": \"asazure://westus.asazure.windows.net/azsdktest\",\r\n    \"managedMode\": 1,\r\n    \"asAdministrators\": {\r\n      \"members\": [\r\n        \"asengsys@microsoft.com\"\r\n      ]\r\n    },\r\n    \"backupBlobContainerUri\": \"https://aassdk1.blob.core.windows.net/azsdktest\",\r\n    \"gatewayDetails\": {\r\n      \"gatewayResourceId\": \"/subscriptions/ba59a556-5034-4bbb-80b4-4c37cf1083e9/resourceGroups/TestRG/providers/Microsoft.Web/connectionGateways/azsdktest\",\r\n      \"gatewayObjectId\": \"04ebc615-4692-4449-b706-4183c73d6099\",\r\n      \"dmtsClusterUri\": \"https://WABI-WEST-US-redirect.analysis.windows.net\"\r\n    },\r\n    \"querypoolConnectionMode\": \"All\",\r\n    \"serverMonitorMode\": 1\r\n  },\r\n  \"id\": \"/subscriptions/ba59a556-5034-4bbb-80b4-4c37cf1083e9/resourceGroups/TestRG/providers/Microsoft.AnalysisServices/servers/azsdktest\",\r\n  \"name\": \"azsdktest\",\r\n  \"type\": \"Microsoft.AnalysisServices/servers\",\r\n  \"location\": \"West US\",\r\n  \"sku\": {\r\n    \"name\": \"S1\",\r\n    \"tier\": \"Standard\",\r\n    \"capacity\": 1\r\n  },\r\n  \"tags\": {\r\n    \"key1\": \"value1\",\r\n    \"key2\": \"value2\"\r\n  }\r\n}",
      "ResponseHeaders": {
        "Content-Type": [
          "application/json; charset=utf-8"
        ],
        "Expires": [
          "-1"
        ],
        "Cache-Control": [
          "no-cache"
        ],
        "Date": [
          "Fri, 02 Feb 2018 02:53:00 GMT"
        ],
        "Pragma": [
          "no-cache"
        ],
        "Transfer-Encoding": [
          "chunked"
        ],
        "Server": [
          "Microsoft-HTTPAPI/2.0"
        ],
        "Vary": [
          "Accept-Encoding"
        ],
        "Strict-Transport-Security": [
          "max-age=31536000; includeSubDomains"
        ],
        "x-ms-request-id": [
          "dd440a17-ae63-487b-bf33-f297021b5e6b"
        ],
        "x-ms-current-utc-date": [
          "2/2/2018 2:53:01 AM"
        ],
        "X-Frame-Options": [
          "deny"
        ],
        "X-Content-Type-Options": [
          "nosniff"
        ],
        "X-XSS-Protection": [
          "1; mode=block"
        ],
        "Content-Security-Policy": [
          "script-src 'self'"
        ],
        "x-ms-ratelimit-remaining-subscription-reads": [
          "14997"
        ],
        "x-ms-correlation-request-id": [
          "10a32bc7-a0f9-4a3e-9a3d-589f9212833c"
        ],
        "x-ms-routing-request-id": [
          "SOUTHEASTASIA:20180202T025301Z:10a32bc7-a0f9-4a3e-9a3d-589f9212833c"
        ]
      },
      "StatusCode": 200
    },
    {
      "RequestUri": "/subscriptions/ba59a556-5034-4bbb-80b4-4c37cf1083e9/resourceGroups/TestRG/providers/Microsoft.AnalysisServices/servers/azsdktest?api-version=2017-08-01",
      "EncodedRequestUri": "L3N1YnNjcmlwdGlvbnMvYmE1OWE1NTYtNTAzNC00YmJiLTgwYjQtNGMzN2NmMTA4M2U5L3Jlc291cmNlR3JvdXBzL1Rlc3RSRy9wcm92aWRlcnMvTWljcm9zb2Z0LkFuYWx5c2lzU2VydmljZXMvc2VydmVycy9henNka3Rlc3Q/YXBpLXZlcnNpb249MjAxNy0wOC0wMQ==",
      "RequestMethod": "GET",
      "RequestBody": "",
      "RequestHeaders": {
        "x-ms-client-request-id": [
          "63a10c74-725c-4d61-bf2a-5e87b80450ef"
        ],
        "accept-language": [
          "en-US"
        ],
        "User-Agent": [
          "FxVersion/4.6.25211.01",
          "Microsoft.Azure.Management.Analysis.AnalysisServicesManagementClient/2.0.3.0"
        ]
      },
      "ResponseBody": "{\r\n  \"properties\": {\r\n    \"provisioningState\": \"Succeeded\",\r\n    \"state\": \"Succeeded\",\r\n    \"serverFullName\": \"asazure://westus.asazure.windows.net/azsdktest\",\r\n    \"managedMode\": 1,\r\n    \"asAdministrators\": {\r\n      \"members\": [\r\n        \"asengsys@microsoft.com\"\r\n      ]\r\n    },\r\n    \"backupBlobContainerUri\": \"https://aassdk1.blob.core.windows.net/azsdktest\",\r\n    \"gatewayDetails\": {\r\n      \"gatewayResourceId\": \"/subscriptions/ba59a556-5034-4bbb-80b4-4c37cf1083e9/resourceGroups/TestRG/providers/Microsoft.Web/connectionGateways/azsdktest\",\r\n      \"gatewayObjectId\": \"04ebc615-4692-4449-b706-4183c73d6099\",\r\n      \"dmtsClusterUri\": \"https://WABI-WEST-US-redirect.analysis.windows.net\"\r\n    },\r\n    \"querypoolConnectionMode\": \"All\",\r\n    \"serverMonitorMode\": 1\r\n  },\r\n  \"id\": \"/subscriptions/ba59a556-5034-4bbb-80b4-4c37cf1083e9/resourceGroups/TestRG/providers/Microsoft.AnalysisServices/servers/azsdktest\",\r\n  \"name\": \"azsdktest\",\r\n  \"type\": \"Microsoft.AnalysisServices/servers\",\r\n  \"location\": \"West US\",\r\n  \"sku\": {\r\n    \"name\": \"S1\",\r\n    \"tier\": \"Standard\",\r\n    \"capacity\": 1\r\n  },\r\n  \"tags\": {\r\n    \"key1\": \"value1\",\r\n    \"key2\": \"value2\"\r\n  }\r\n}",
      "ResponseHeaders": {
        "Content-Type": [
          "application/json; charset=utf-8"
        ],
        "Expires": [
          "-1"
        ],
        "Cache-Control": [
          "no-cache"
        ],
        "Date": [
          "Fri, 02 Feb 2018 02:53:01 GMT"
        ],
        "Pragma": [
          "no-cache"
        ],
        "Transfer-Encoding": [
          "chunked"
        ],
        "Server": [
          "Microsoft-HTTPAPI/2.0"
        ],
        "Vary": [
          "Accept-Encoding"
        ],
        "Strict-Transport-Security": [
          "max-age=31536000; includeSubDomains"
        ],
        "x-ms-request-id": [
          "fe58d67a-2911-436b-ab5e-2800f88b7093"
        ],
        "x-ms-current-utc-date": [
          "2/2/2018 2:53:01 AM"
        ],
        "X-Frame-Options": [
          "deny"
        ],
        "X-Content-Type-Options": [
          "nosniff"
        ],
        "X-XSS-Protection": [
          "1; mode=block"
        ],
        "Content-Security-Policy": [
          "script-src 'self'"
        ],
        "x-ms-ratelimit-remaining-subscription-reads": [
          "14996"
        ],
        "x-ms-correlation-request-id": [
          "57c9906f-060f-4090-81bb-acd70a60d156"
        ],
        "x-ms-routing-request-id": [
          "SOUTHEASTASIA:20180202T025301Z:57c9906f-060f-4090-81bb-acd70a60d156"
        ]
      },
      "StatusCode": 200
    },
    {
      "RequestUri": "/subscriptions/ba59a556-5034-4bbb-80b4-4c37cf1083e9/resourceGroups/TestRG/providers/Microsoft.AnalysisServices/servers/azsdktest/listGatewayStatus?api-version=2017-08-01",
      "EncodedRequestUri": "L3N1YnNjcmlwdGlvbnMvYmE1OWE1NTYtNTAzNC00YmJiLTgwYjQtNGMzN2NmMTA4M2U5L3Jlc291cmNlR3JvdXBzL1Rlc3RSRy9wcm92aWRlcnMvTWljcm9zb2Z0LkFuYWx5c2lzU2VydmljZXMvc2VydmVycy9henNka3Rlc3QvbGlzdEdhdGV3YXlTdGF0dXM/YXBpLXZlcnNpb249MjAxNy0wOC0wMQ==",
      "RequestMethod": "POST",
      "RequestBody": "",
      "RequestHeaders": {
        "x-ms-client-request-id": [
          "5b58d284-4af5-4308-946a-deb98b0da641"
        ],
        "accept-language": [
          "en-US"
        ],
        "User-Agent": [
          "FxVersion/4.6.25211.01",
          "Microsoft.Azure.Management.Analysis.AnalysisServicesManagementClient/2.0.3.0"
        ]
      },
      "ResponseBody": "{\r\n  \"status\": 0\r\n}",
      "ResponseHeaders": {
        "Content-Type": [
          "application/json; charset=utf-8"
        ],
        "Expires": [
          "-1"
        ],
        "Cache-Control": [
          "no-cache"
        ],
        "Date": [
          "Fri, 02 Feb 2018 02:53:03 GMT"
        ],
        "Pragma": [
          "no-cache"
        ],
        "Transfer-Encoding": [
          "chunked"
        ],
        "Server": [
          "Microsoft-HTTPAPI/2.0"
        ],
        "Vary": [
          "Accept-Encoding"
        ],
        "Strict-Transport-Security": [
          "max-age=31536000; includeSubDomains"
        ],
        "x-ms-request-id": [
          "12d05896-aa76-4ab9-8ba0-ce494cd8f3d1"
        ],
        "x-ms-current-utc-date": [
          "2/2/2018 2:53:02 AM"
        ],
        "X-Frame-Options": [
          "deny"
        ],
        "X-Content-Type-Options": [
          "nosniff"
        ],
        "X-XSS-Protection": [
          "1; mode=block"
        ],
        "Content-Security-Policy": [
          "script-src 'self'"
        ],
        "x-ms-ratelimit-remaining-subscription-writes": [
          "1198"
        ],
        "x-ms-correlation-request-id": [
          "f0914646-8658-481b-aaec-a3f1792ef2b7"
        ],
        "x-ms-routing-request-id": [
          "SOUTHEASTASIA:20180202T025304Z:f0914646-8658-481b-aaec-a3f1792ef2b7"
        ]
      },
      "StatusCode": 200
    },
    {
      "RequestUri": "/subscriptions/ba59a556-5034-4bbb-80b4-4c37cf1083e9/resourceGroups/TestRG/providers/Microsoft.AnalysisServices/servers/azsdktest/listGatewayStatus?api-version=2017-08-01",
      "EncodedRequestUri": "L3N1YnNjcmlwdGlvbnMvYmE1OWE1NTYtNTAzNC00YmJiLTgwYjQtNGMzN2NmMTA4M2U5L3Jlc291cmNlR3JvdXBzL1Rlc3RSRy9wcm92aWRlcnMvTWljcm9zb2Z0LkFuYWx5c2lzU2VydmljZXMvc2VydmVycy9henNka3Rlc3QvbGlzdEdhdGV3YXlTdGF0dXM/YXBpLXZlcnNpb249MjAxNy0wOC0wMQ==",
      "RequestMethod": "POST",
      "RequestBody": "",
      "RequestHeaders": {
        "x-ms-client-request-id": [
          "c48cfdf5-46c7-44e4-b89d-7be08b63b9fc"
        ],
        "accept-language": [
          "en-US"
        ],
        "User-Agent": [
          "FxVersion/4.6.25211.01",
          "Microsoft.Azure.Management.Analysis.AnalysisServicesManagementClient/2.0.3.0"
        ]
      },
      "ResponseBody": "{\r\n  \"error\": {\r\n    \"code\": \"GatewayNotAssociated\",\r\n    \"subCode\": 0,\r\n    \"message\": \"A unified gateway is not associated with server azsdktest.\",\r\n    \"timeStamp\": \"2018-02-02T02:53:04.7683462Z\",\r\n    \"httpStatusCode\": 400,\r\n    \"details\": [\r\n      {\r\n        \"code\": \"RootActivityId\",\r\n        \"message\": \"c423467a-819c-41e4-9d89-e6e7a4449abe\"\r\n      },\r\n      {\r\n        \"code\": \"Param1\",\r\n        \"message\": \"azsdktest\"\r\n      }\r\n    ]\r\n  }\r\n}",
      "ResponseHeaders": {
        "Content-Length": [
          "315"
        ],
        "Content-Type": [
          "application/json; charset=utf-8"
        ],
        "Expires": [
          "-1"
        ],
        "Cache-Control": [
          "no-cache"
        ],
        "Date": [
          "Fri, 02 Feb 2018 02:53:04 GMT"
        ],
        "Pragma": [
          "no-cache"
        ],
        "Server": [
          "Microsoft-HTTPAPI/2.0"
        ],
        "Strict-Transport-Security": [
          "max-age=31536000; includeSubDomains"
        ],
        "x-ms-request-id": [
          "c423467a-819c-41e4-9d89-e6e7a4449abe"
        ],
        "x-ms-current-utc-date": [
          "2/2/2018 2:53:04 AM"
        ],
        "x-ms-ratelimit-remaining-subscription-writes": [
          "1196"
        ],
        "x-ms-correlation-request-id": [
          "d4f19a15-bedf-481d-99d4-cf51a8d3ec3b"
        ],
        "x-ms-routing-request-id": [
          "SOUTHEASTASIA:20180202T025305Z:d4f19a15-bedf-481d-99d4-cf51a8d3ec3b"
        ]
      },
      "StatusCode": 400
    },
    {
      "RequestUri": "/subscriptions/ba59a556-5034-4bbb-80b4-4c37cf1083e9/resourceGroups/TestRG/providers/Microsoft.AnalysisServices/servers/azsdktest/dissociateGateway?api-version=2017-08-01",
      "EncodedRequestUri": "L3N1YnNjcmlwdGlvbnMvYmE1OWE1NTYtNTAzNC00YmJiLTgwYjQtNGMzN2NmMTA4M2U5L3Jlc291cmNlR3JvdXBzL1Rlc3RSRy9wcm92aWRlcnMvTWljcm9zb2Z0LkFuYWx5c2lzU2VydmljZXMvc2VydmVycy9henNka3Rlc3QvZGlzc29jaWF0ZUdhdGV3YXk/YXBpLXZlcnNpb249MjAxNy0wOC0wMQ==",
      "RequestMethod": "POST",
      "RequestBody": "",
      "RequestHeaders": {
        "x-ms-client-request-id": [
          "b2064508-0165-4737-8336-87009503264c"
        ],
        "accept-language": [
          "en-US"
        ],
        "User-Agent": [
          "FxVersion/4.6.25211.01",
          "Microsoft.Azure.Management.Analysis.AnalysisServicesManagementClient/2.0.3.0"
        ]
      },
      "ResponseBody": "",
      "ResponseHeaders": {
        "Content-Length": [
          "0"
        ],
        "Expires": [
          "-1"
        ],
        "Cache-Control": [
          "no-cache"
        ],
        "Date": [
          "Fri, 02 Feb 2018 02:53:03 GMT"
        ],
        "Pragma": [
          "no-cache"
        ],
        "Server": [
          "Microsoft-HTTPAPI/2.0"
        ],
        "Strict-Transport-Security": [
          "max-age=31536000; includeSubDomains"
        ],
        "x-ms-request-id": [
          "ed596551-f8d8-4078-a12b-8fb48fb38326"
        ],
        "x-ms-current-utc-date": [
          "2/2/2018 2:53:04 AM"
        ],
        "X-Frame-Options": [
          "deny"
        ],
        "X-Content-Type-Options": [
          "nosniff"
        ],
        "X-XSS-Protection": [
          "1; mode=block"
        ],
        "Content-Security-Policy": [
          "script-src 'self'"
        ],
        "x-ms-ratelimit-remaining-subscription-writes": [
          "1197"
        ],
        "x-ms-correlation-request-id": [
          "0a243a8f-5010-4935-8497-d9ce53947d47"
        ],
        "x-ms-routing-request-id": [
          "SOUTHEASTASIA:20180202T025304Z:0a243a8f-5010-4935-8497-d9ce53947d47"
        ]
      },
      "StatusCode": 200
    },
    {
      "RequestUri": "/subscriptions/ba59a556-5034-4bbb-80b4-4c37cf1083e9/resourceGroups/TestRG/providers/Microsoft.AnalysisServices/servers/azsdktest?api-version=2017-08-01",
      "EncodedRequestUri": "L3N1YnNjcmlwdGlvbnMvYmE1OWE1NTYtNTAzNC00YmJiLTgwYjQtNGMzN2NmMTA4M2U5L3Jlc291cmNlR3JvdXBzL1Rlc3RSRy9wcm92aWRlcnMvTWljcm9zb2Z0LkFuYWx5c2lzU2VydmljZXMvc2VydmVycy9henNka3Rlc3Q/YXBpLXZlcnNpb249MjAxNy0wOC0wMQ==",
      "RequestMethod": "DELETE",
      "RequestBody": "",
      "RequestHeaders": {
        "x-ms-client-request-id": [
          "be6440a3-2188-4c21-ae72-69bf83aeb533"
        ],
        "accept-language": [
          "en-US"
        ],
        "User-Agent": [
          "FxVersion/4.6.25211.01",
          "Microsoft.Azure.Management.Analysis.AnalysisServicesManagementClient/2.0.3.0"
        ]
      },
      "ResponseBody": "",
      "ResponseHeaders": {
        "Content-Length": [
          "0"
        ],
        "Expires": [
          "-1"
        ],
        "Cache-Control": [
          "no-cache"
        ],
        "Date": [
          "Fri, 02 Feb 2018 02:53:05 GMT"
        ],
        "Pragma": [
          "no-cache"
        ],
        "Location": [
          "https://management.azure.com/subscriptions/ba59a556-5034-4bbb-80b4-4c37cf1083e9/providers/Microsoft.AnalysisServices/locations/westus/operationresults/9C9895BD-E613-435B-91B9-E84BAA15EADA?api-version=2016-05-16"
        ],
        "Server": [
          "Microsoft-HTTPAPI/2.0"
        ],
        "Strict-Transport-Security": [
          "max-age=31536000; includeSubDomains"
        ],
        "Azure-AsyncOperation": [
          "https://management.azure.com/subscriptions/ba59a556-5034-4bbb-80b4-4c37cf1083e9/providers/Microsoft.AnalysisServices/locations/westus/operationstatuses/9C9895BD-E613-435B-91B9-E84BAA15EADA?api-version=2016-05-16"
        ],
        "x-ms-request-id": [
          "1b67d4bd-fb5e-4069-b9ed-f03f7f15e5ce"
        ],
        "x-ms-current-utc-date": [
          "2/2/2018 2:53:05 AM"
        ],
        "X-Frame-Options": [
          "deny"
        ],
        "X-Content-Type-Options": [
          "nosniff"
        ],
        "X-XSS-Protection": [
          "1; mode=block"
        ],
        "Content-Security-Policy": [
          "script-src 'self'"
        ],
        "x-ms-ratelimit-remaining-subscription-writes": [
          "1195"
        ],
        "x-ms-correlation-request-id": [
          "99b809fe-a230-4a33-8042-15de0254a60d"
        ],
        "x-ms-routing-request-id": [
          "SOUTHEASTASIA:20180202T025306Z:99b809fe-a230-4a33-8042-15de0254a60d"
        ]
      },
      "StatusCode": 202
    },
    {
      "RequestUri": "/subscriptions/ba59a556-5034-4bbb-80b4-4c37cf1083e9/providers/Microsoft.AnalysisServices/locations/westus/operationstatuses/9C9895BD-E613-435B-91B9-E84BAA15EADA?api-version=2016-05-16",
      "EncodedRequestUri": "L3N1YnNjcmlwdGlvbnMvYmE1OWE1NTYtNTAzNC00YmJiLTgwYjQtNGMzN2NmMTA4M2U5L3Byb3ZpZGVycy9NaWNyb3NvZnQuQW5hbHlzaXNTZXJ2aWNlcy9sb2NhdGlvbnMvd2VzdHVzL29wZXJhdGlvbnN0YXR1c2VzLzlDOTg5NUJELUU2MTMtNDM1Qi05MUI5LUU4NEJBQTE1RUFEQT9hcGktdmVyc2lvbj0yMDE2LTA1LTE2",
      "RequestMethod": "GET",
      "RequestBody": "",
      "RequestHeaders": {
        "User-Agent": [
          "FxVersion/4.6.25211.01",
          "Microsoft.Azure.Management.Analysis.AnalysisServicesManagementClient/2.0.3.0"
        ]
      },
      "ResponseBody": "{\r\n  \"id\": \"/subscriptions/ba59a556-5034-4bbb-80b4-4c37cf1083e9/locations/westus/operationstatuses/9C9895BD-E613-435B-91B9-E84BAA15EADA\",\r\n  \"name\": \"9C9895BD-E613-435B-91B9-E84BAA15EADA\",\r\n  \"status\": \"Succeeded\",\r\n  \"startTime\": \"2018-02-02T02:53:06.69Z\",\r\n  \"endTime\": \"2018-02-02T02:53:14.533Z\"\r\n}",
      "ResponseHeaders": {
        "Content-Type": [
          "application/json; charset=utf-8"
        ],
        "Expires": [
          "-1"
        ],
        "Cache-Control": [
          "no-cache"
        ],
        "Date": [
          "Fri, 02 Feb 2018 02:53:36 GMT"
        ],
        "Pragma": [
          "no-cache"
        ],
        "Transfer-Encoding": [
          "chunked"
        ],
        "Server": [
          "Microsoft-HTTPAPI/2.0"
        ],
        "Vary": [
          "Accept-Encoding"
        ],
        "Strict-Transport-Security": [
          "max-age=31536000; includeSubDomains"
        ],
        "x-ms-request-id": [
          "56c01f95-a5bf-4dce-86cc-a2ed5f14b72b"
        ],
        "x-ms-current-utc-date": [
          "2/2/2018 2:53:36 AM"
        ],
        "X-Frame-Options": [
          "deny"
        ],
        "X-Content-Type-Options": [
          "nosniff"
        ],
        "X-XSS-Protection": [
          "1; mode=block"
        ],
        "Content-Security-Policy": [
          "script-src 'self'"
        ],
        "x-ms-ratelimit-remaining-subscription-reads": [
          "14995"
        ],
        "x-ms-correlation-request-id": [
          "ddef2119-49d4-4f38-936b-f9e51265bdde"
        ],
        "x-ms-routing-request-id": [
          "SOUTHEASTASIA:20180202T025336Z:ddef2119-49d4-4f38-936b-f9e51265bdde"
        ]
      },
      "StatusCode": 200
    },
    {
      "RequestUri": "/subscriptions/ba59a556-5034-4bbb-80b4-4c37cf1083e9/providers/Microsoft.AnalysisServices/locations/westus/operationresults/9C9895BD-E613-435B-91B9-E84BAA15EADA?api-version=2016-05-16",
      "EncodedRequestUri": "L3N1YnNjcmlwdGlvbnMvYmE1OWE1NTYtNTAzNC00YmJiLTgwYjQtNGMzN2NmMTA4M2U5L3Byb3ZpZGVycy9NaWNyb3NvZnQuQW5hbHlzaXNTZXJ2aWNlcy9sb2NhdGlvbnMvd2VzdHVzL29wZXJhdGlvbnJlc3VsdHMvOUM5ODk1QkQtRTYxMy00MzVCLTkxQjktRTg0QkFBMTVFQURBP2FwaS12ZXJzaW9uPTIwMTYtMDUtMTY=",
      "RequestMethod": "GET",
      "RequestBody": "",
      "RequestHeaders": {
        "User-Agent": [
          "FxVersion/4.6.25211.01",
          "Microsoft.Azure.Management.Analysis.AnalysisServicesManagementClient/2.0.3.0"
        ]
      },
      "ResponseBody": "",
      "ResponseHeaders": {
        "Expires": [
          "-1"
        ],
        "Cache-Control": [
          "no-cache"
        ],
        "Date": [
          "Fri, 02 Feb 2018 02:53:36 GMT"
        ],
        "Pragma": [
          "no-cache"
        ],
        "Server": [
          "Microsoft-HTTPAPI/2.0"
        ],
        "Strict-Transport-Security": [
          "max-age=31536000; includeSubDomains"
        ],
        "x-ms-request-id": [
          "5435cf03-a397-4d65-8c36-bf13d575ed46"
        ],
        "x-ms-current-utc-date": [
          "2/2/2018 2:53:36 AM"
        ],
        "X-Frame-Options": [
          "deny"
        ],
        "X-Content-Type-Options": [
          "nosniff"
        ],
        "X-XSS-Protection": [
          "1; mode=block"
        ],
        "Content-Security-Policy": [
          "script-src 'self'"
        ],
        "x-ms-ratelimit-remaining-subscription-reads": [
          "14994"
        ],
        "x-ms-correlation-request-id": [
          "0a08286a-aacb-472e-9ad7-37f1716b8c76"
        ],
        "x-ms-routing-request-id": [
          "SOUTHEASTASIA:20180202T025337Z:0a08286a-aacb-472e-9ad7-37f1716b8c76"
        ]
      },
      "StatusCode": 204
    },
    {
      "RequestUri": "/subscriptions/ba59a556-5034-4bbb-80b4-4c37cf1083e9/resourceGroups/TestRG/providers/Microsoft.AnalysisServices/servers?api-version=2017-08-01",
      "EncodedRequestUri": "L3N1YnNjcmlwdGlvbnMvYmE1OWE1NTYtNTAzNC00YmJiLTgwYjQtNGMzN2NmMTA4M2U5L3Jlc291cmNlR3JvdXBzL1Rlc3RSRy9wcm92aWRlcnMvTWljcm9zb2Z0LkFuYWx5c2lzU2VydmljZXMvc2VydmVycz9hcGktdmVyc2lvbj0yMDE3LTA4LTAx",
      "RequestMethod": "GET",
      "RequestBody": "",
      "RequestHeaders": {
        "x-ms-client-request-id": [
          "7b86c162-c3db-47f9-9e2c-ffb73e7b1490"
        ],
        "accept-language": [
          "en-US"
        ],
        "User-Agent": [
          "FxVersion/4.6.25211.01",
          "Microsoft.Azure.Management.Analysis.AnalysisServicesManagementClient/2.0.3.0"
        ]
      },
      "ResponseBody": "{\r\n  \"value\": [\r\n    {\r\n      \"properties\": {\r\n        \"provisioningState\": \"Succeeded\",\r\n        \"state\": \"Succeeded\",\r\n        \"serverFullName\": \"asazure://westus.asazure.windows.net/azsdktest0123\",\r\n        \"managedMode\": 1,\r\n        \"gatewayDetails\": {\r\n          \"gatewayResourceId\": \"/subscriptions/ba59a556-5034-4bbb-80b4-4c37cf1083e9/resourceGroups/TestRG/providers/Microsoft.Web/connectionGateways/azsdktest\",\r\n          \"gatewayObjectId\": \"04ebc615-4692-4449-b706-4183c73d6099\",\r\n          \"dmtsClusterUri\": \"https://WABI-WEST-US-redirect.analysis.windows.net\"\r\n        },\r\n        \"querypoolConnectionMode\": \"All\",\r\n        \"serverMonitorMode\": 1\r\n      },\r\n      \"id\": \"/subscriptions/ba59a556-5034-4bbb-80b4-4c37cf1083e9/resourceGroups/TestRG/providers/Microsoft.AnalysisServices/servers/azsdktest0123\",\r\n      \"name\": \"azsdktest0123\",\r\n      \"type\": \"Microsoft.AnalysisServices/servers\",\r\n      \"location\": \"West US\",\r\n      \"sku\": {\r\n        \"name\": \"S0\",\r\n        \"tier\": \"Standard\",\r\n        \"capacity\": 1\r\n      },\r\n      \"tags\": {}\r\n    }\r\n  ]\r\n}",
      "ResponseHeaders": {
        "Content-Type": [
          "application/json; charset=utf-8"
        ],
        "Expires": [
          "-1"
        ],
        "Cache-Control": [
          "no-cache"
        ],
        "Date": [
          "Fri, 02 Feb 2018 02:53:37 GMT"
        ],
        "Pragma": [
          "no-cache"
        ],
        "Transfer-Encoding": [
          "chunked"
        ],
        "Server": [
          "Microsoft-HTTPAPI/2.0"
        ],
        "Vary": [
          "Accept-Encoding"
        ],
        "Strict-Transport-Security": [
          "max-age=31536000; includeSubDomains"
        ],
        "x-ms-request-id": [
          "6741de48-5518-4126-8d2b-64af70f1a055"
        ],
        "x-ms-current-utc-date": [
          "2/2/2018 2:53:37 AM"
        ],
        "X-Frame-Options": [
          "deny"
        ],
        "X-Content-Type-Options": [
          "nosniff"
        ],
        "X-XSS-Protection": [
          "1; mode=block"
        ],
        "Content-Security-Policy": [
          "script-src 'self'"
        ],
        "x-ms-ratelimit-remaining-subscription-reads": [
          "14993"
        ],
        "x-ms-correlation-request-id": [
          "bed96898-0063-4396-be58-37f0313e7d7a"
        ],
        "x-ms-routing-request-id": [
          "SOUTHEASTASIA:20180202T025337Z:bed96898-0063-4396-be58-37f0313e7d7a"
        ]
      },
      "StatusCode": 200
    }
  ],
  "Names": {},
  "Variables": {
    "SubscriptionId": "ba59a556-5034-4bbb-80b4-4c37cf1083e9"
  }
}