{
  "Entries": [
    {
      "RequestUri": "https://management.azure.com/subscriptions/db1ab6f0-4769-4b27-930e-01e2ef9c123c?api-version=2021-01-01",
      "RequestMethod": "GET",
      "RequestHeaders": {
        "Accept": "application/json",
        "Authorization": "Sanitized",
        "traceparent": "00-67d786eb7ed104f8355772904c1775c0-860e1a6b83da8776-00",
        "User-Agent": "azsdk-net-ResourceManager/1.2.1 (.NET 6.0.7; Microsoft Windows 10.0.19044)",
        "x-ms-client-request-id": "01427cddeb0e7b546e8ac533ec2bab29",
        "x-ms-return-client-request-id": "true"
      },
      "RequestBody": null,
      "StatusCode": 200,
      "ResponseHeaders": {
        "Cache-Control": "no-cache",
        "Content-Length": "747",
        "Content-Type": "application/json; charset=utf-8",
        "Date": "Sat, 30 Jul 2022 17:07:07 GMT",
        "Expires": "-1",
        "Pragma": "no-cache",
        "Strict-Transport-Security": "max-age=31536000; includeSubDomains",
        "X-Content-Type-Options": "nosniff",
        "x-ms-correlation-request-id": "95427d88-0994-4371-8e4b-8751354918cb",
        "x-ms-ratelimit-remaining-subscription-reads": "11834",
        "x-ms-request-id": "95427d88-0994-4371-8e4b-8751354918cb",
        "x-ms-routing-request-id": "SOUTHEASTASIA:20220730T170707Z:95427d88-0994-4371-8e4b-8751354918cb"
      },
      "ResponseBody": {
        "id": "/subscriptions/db1ab6f0-4769-4b27-930e-01e2ef9c123c",
        "authorizationSource": "RoleBased",
        "managedByTenants": [],
        "tags": {
          "TagKey-9823": "TagValue-566",
          "TagKey-3481": "TagValue-320",
          "TagKey-4926": "TagValue-1187",
          "TagKey-751": "TagValue-3921",
          "TagKey-1866": "TagValue-8559",
          "TagKey-3094": "TagValue-9190",
          "TagKey-2449": "TagValue-9",
          "TagKey-8379": "TagValue-164",
          "TagKey-7470": "TagValue-2205",
          "TagKey-4236": "TagValue-3698",
          "TagKey-5316": "TagValue-2725"
        },
        "subscriptionId": "db1ab6f0-4769-4b27-930e-01e2ef9c123c",
        "tenantId": "72f988bf-86f1-41af-91ab-2d7cd011db47",
        "displayName": ".NET Mgmt SDK Test with TTL = 1 Day",
        "state": "Enabled",
        "subscriptionPolicies": {
          "locationPlacementId": "Internal_2014-09-01",
          "quotaId": "Internal_2014-09-01",
          "spendingLimit": "Off"
        }
      }
    },
    {
      "RequestUri": "https://management.azure.com/subscriptions/db1ab6f0-4769-4b27-930e-01e2ef9c123c/resourcegroups/DataFactory-RG-6214?api-version=2021-04-01",
      "RequestMethod": "PUT",
      "RequestHeaders": {
        "Accept": "application/json",
        "Authorization": "Sanitized",
        "Content-Length": "22",
        "Content-Type": "application/json",
        "traceparent": "00-4ce679b5cdf0ab8d8399565f7e0172cf-988b48277af689e6-00",
        "User-Agent": "azsdk-net-ResourceManager/1.2.1 (.NET 6.0.7; Microsoft Windows 10.0.19044)",
        "x-ms-client-request-id": "1c99796f890b42ba02214cc426516f44",
        "x-ms-return-client-request-id": "true"
      },
      "RequestBody": {
        "location": "westus2"
      },
      "StatusCode": 201,
      "ResponseHeaders": {
        "Cache-Control": "no-cache",
        "Content-Length": "236",
        "Content-Type": "application/json; charset=utf-8",
        "Date": "Sat, 30 Jul 2022 17:07:08 GMT",
        "Expires": "-1",
        "Pragma": "no-cache",
        "Strict-Transport-Security": "max-age=31536000; includeSubDomains",
        "X-Content-Type-Options": "nosniff",
        "x-ms-correlation-request-id": "34c6010f-6f74-46b9-b57b-659bb7a2ad8d",
        "x-ms-ratelimit-remaining-subscription-writes": "1077",
        "x-ms-request-id": "34c6010f-6f74-46b9-b57b-659bb7a2ad8d",
        "x-ms-routing-request-id": "SOUTHEASTASIA:20220730T170708Z:34c6010f-6f74-46b9-b57b-659bb7a2ad8d"
      },
      "ResponseBody": {
        "id": "/subscriptions/db1ab6f0-4769-4b27-930e-01e2ef9c123c/resourceGroups/DataFactory-RG-6214",
        "name": "DataFactory-RG-6214",
        "type": "Microsoft.Resources/resourceGroups",
        "location": "westus2",
        "properties": {
          "provisioningState": "Succeeded"
        }
      }
    },
    {
      "RequestUri": "https://management.azure.com/subscriptions/db1ab6f0-4769-4b27-930e-01e2ef9c123c/resourceGroups/DataFactory-RG-6214/providers/Microsoft.DataFactory/factories/DataFactory-9087?api-version=2018-06-01",
      "RequestMethod": "PUT",
      "RequestHeaders": {
        "Accept": "application/json",
        "Authorization": "Sanitized",
        "Content-Length": "48",
        "Content-Type": "application/json",
        "traceparent": "00-c7040f8952e26e14f9116afc9b3fd8fc-38f155e8766dcf15-00",
        "User-Agent": "azsdk-net-ResourceManager.DataFactory/1.0.0-alpha.20220731.1 (.NET 6.0.7; Microsoft Windows 10.0.19044)",
        "x-ms-client-request-id": "0f88e4f8c0702d07e71752dfce151b63",
        "x-ms-return-client-request-id": "true"
      },
      "RequestBody": {
        "tags": {},
        "location": "westus2",
        "properties": {}
      },
      "StatusCode": 200,
      "ResponseHeaders": {
        "Cache-Control": "no-cache",
        "Content-Length": "466",
        "Content-Type": "application/json; charset=utf-8",
        "Date": "Sat, 30 Jul 2022 17:07:11 GMT",
        "Expires": "-1",
        "Pragma": "no-cache",
        "Server": "Kestrel",
        "Strict-Transport-Security": "max-age=31536000; includeSubDomains",
        "X-Content-Type-Options": "nosniff",
        "x-ms-correlation-request-id": "872e3cb8-6d8e-4bcb-bfa8-5f1f30b29584",
        "x-ms-ratelimit-remaining-subscription-writes": "1076",
        "x-ms-request-id": "872e3cb8-6d8e-4bcb-bfa8-5f1f30b29584",
        "x-ms-routing-request-id": "SOUTHEASTASIA:20220730T170712Z:872e3cb8-6d8e-4bcb-bfa8-5f1f30b29584"
      },
      "ResponseBody": {
        "name": "DataFactory-9087",
        "id": "/subscriptions/db1ab6f0-4769-4b27-930e-01e2ef9c123c/resourceGroups/datafactory-rg-6214/providers/Microsoft.DataFactory/factories/datafactory-9087",
        "type": "Microsoft.DataFactory/factories",
        "properties": {
          "provisioningState": "Succeeded",
          "createTime": "2022-07-30T17:07:11.9059507Z",
          "version": "2018-06-01"
        },
        "eTag": "\u00221a003643-0000-0800-0000-62e5653f0000\u0022",
        "location": "westus2",
        "tags": {}
      }
    },
    {
      "RequestUri": "https://management.azure.com/subscriptions/db1ab6f0-4769-4b27-930e-01e2ef9c123c/resourceGroups/DataFactory-RG-6214/providers/Microsoft.Storage/storageAccounts/220731datafactory7459?api-version=2021-09-01",
      "RequestMethod": "PUT",
      "RequestHeaders": {
        "Accept": "application/json",
        "Authorization": "Sanitized",
        "Content-Length": "107",
        "Content-Type": "application/json",
        "traceparent": "00-a9fba3570e41f0f1828fbecfc758da62-c224ea8273631440-00",
        "User-Agent": "azsdk-net-ResourceManager.Storage/1.0.0-alpha.20220731.1 (.NET 6.0.7; Microsoft Windows 10.0.19044)",
        "x-ms-client-request-id": "757678f1d27688f3be0cc908b7473855",
        "x-ms-return-client-request-id": "true"
      },
      "RequestBody": {
        "sku": {
          "name": "Standard_LRS"
        },
        "kind": "BlobStorage",
        "location": "westus2",
        "properties": {
          "accessTier": "Hot"
        }
      },
      "StatusCode": 202,
      "ResponseHeaders": {
        "Cache-Control": "no-cache",
        "Content-Length": "0",
        "Content-Type": "text/plain; charset=utf-8",
        "Date": "Sat, 30 Jul 2022 17:07:16 GMT",
        "Expires": "-1",
        "Location": "https://management.azure.com/subscriptions/db1ab6f0-4769-4b27-930e-01e2ef9c123c/providers/Microsoft.Storage/locations/westus2/asyncoperations/01a48fdf-ea03-40d6-adf4-ed4d4ffdbd3a?monitor=true\u0026api-version=2021-09-01",
        "Pragma": "no-cache",
        "Retry-After": "17",
        "Server": "Microsoft-Azure-Storage-Resource-Provider/1.0,Microsoft-HTTPAPI/2.0 Microsoft-HTTPAPI/2.0",
        "Strict-Transport-Security": "max-age=31536000; includeSubDomains",
        "X-Content-Type-Options": "nosniff",
        "x-ms-client-request-id": "757678f1d27688f3be0cc908b7473855",
        "x-ms-correlation-request-id": "bed5a32b-4d39-4f62-92d2-aba1189d7d6c",
        "x-ms-ratelimit-remaining-subscription-writes": "1075",
        "x-ms-request-id": "01a48fdf-ea03-40d6-adf4-ed4d4ffdbd3a",
        "x-ms-routing-request-id": "SOUTHEASTASIA:20220730T170716Z:bed5a32b-4d39-4f62-92d2-aba1189d7d6c"
      },
      "ResponseBody": null
    },
    {
      "RequestUri": "https://management.azure.com/subscriptions/db1ab6f0-4769-4b27-930e-01e2ef9c123c/providers/Microsoft.Storage/locations/westus2/asyncoperations/01a48fdf-ea03-40d6-adf4-ed4d4ffdbd3a?monitor=true\u0026api-version=2021-09-01",
      "RequestMethod": "GET",
      "RequestHeaders": {
        "Authorization": "Sanitized",
        "traceparent": "00-a9fba3570e41f0f1828fbecfc758da62-903cd258ba8bad17-00",
        "User-Agent": "azsdk-net-ResourceManager/1.2.1 (.NET 6.0.7; Microsoft Windows 10.0.19044)",
        "x-ms-client-request-id": "d835fae8cef911819586b1b43e252fcf",
        "x-ms-return-client-request-id": "true"
      },
      "RequestBody": null,
      "StatusCode": 202,
      "ResponseHeaders": {
        "Cache-Control": "no-cache",
        "Content-Length": "0",
        "Content-Type": "text/plain; charset=utf-8",
        "Date": "Sat, 30 Jul 2022 17:07:16 GMT",
        "Expires": "-1",
        "Location": "https://management.azure.com/subscriptions/db1ab6f0-4769-4b27-930e-01e2ef9c123c/providers/Microsoft.Storage/locations/westus2/asyncoperations/01a48fdf-ea03-40d6-adf4-ed4d4ffdbd3a?monitor=true\u0026api-version=2021-09-01",
        "Pragma": "no-cache",
        "Retry-After": "17",
        "Server": "Microsoft-Azure-Storage-Resource-Provider/1.0,Microsoft-HTTPAPI/2.0 Microsoft-HTTPAPI/2.0",
        "Strict-Transport-Security": "max-age=31536000; includeSubDomains",
        "X-Content-Type-Options": "nosniff",
        "x-ms-client-request-id": "d835fae8cef911819586b1b43e252fcf",
        "x-ms-correlation-request-id": "6aaa4376-b54a-4a3c-b19c-8f0cc45d45a5",
        "x-ms-ratelimit-remaining-subscription-reads": "11833",
        "x-ms-request-id": "0b534978-eb9a-4788-b086-1c08ee6cd023",
        "x-ms-routing-request-id": "SOUTHEASTASIA:20220730T170716Z:6aaa4376-b54a-4a3c-b19c-8f0cc45d45a5"
      },
      "ResponseBody": null
    },
    {
      "RequestUri": "https://management.azure.com/subscriptions/db1ab6f0-4769-4b27-930e-01e2ef9c123c/providers/Microsoft.Storage/locations/westus2/asyncoperations/01a48fdf-ea03-40d6-adf4-ed4d4ffdbd3a?monitor=true\u0026api-version=2021-09-01",
      "RequestMethod": "GET",
      "RequestHeaders": {
        "Authorization": "Sanitized",
        "traceparent": "00-a9fba3570e41f0f1828fbecfc758da62-87e48f6989575400-00",
        "User-Agent": "azsdk-net-ResourceManager/1.2.1 (.NET 6.0.7; Microsoft Windows 10.0.19044)",
        "x-ms-client-request-id": "21e0891940d41aafca040a40dfbcad4b",
        "x-ms-return-client-request-id": "true"
      },
      "RequestBody": null,
      "StatusCode": 200,
      "ResponseHeaders": {
        "Cache-Control": "no-cache",
        "Content-Length": "1279",
        "Content-Type": "application/json",
        "Date": "Sat, 30 Jul 2022 17:07:33 GMT",
        "Expires": "-1",
        "Pragma": "no-cache",
        "Server": "Microsoft-Azure-Storage-Resource-Provider/1.0,Microsoft-HTTPAPI/2.0 Microsoft-HTTPAPI/2.0",
        "Strict-Transport-Security": "max-age=31536000; includeSubDomains",
        "X-Content-Type-Options": "nosniff",
        "x-ms-client-request-id": "21e0891940d41aafca040a40dfbcad4b",
        "x-ms-correlation-request-id": "46636883-89be-4416-bbe4-0f3992a4f34a",
        "x-ms-ratelimit-remaining-subscription-reads": "11832",
        "x-ms-request-id": "75d861fb-e29e-4868-a3ea-7c317062880b",
        "x-ms-routing-request-id": "SOUTHEASTASIA:20220730T170734Z:46636883-89be-4416-bbe4-0f3992a4f34a"
      },
      "ResponseBody": {
        "sku": {
          "name": "Standard_LRS",
          "tier": "Standard"
        },
        "kind": "BlobStorage",
        "id": "/subscriptions/db1ab6f0-4769-4b27-930e-01e2ef9c123c/resourceGroups/DataFactory-RG-6214/providers/Microsoft.Storage/storageAccounts/220731datafactory7459",
        "name": "220731datafactory7459",
        "type": "Microsoft.Storage/storageAccounts",
        "location": "westus2",
        "tags": {},
        "properties": {
          "keyCreationTime": {
            "key1": "2022-07-30T17:07:14.2160871Z",
            "key2": "2022-07-30T17:07:14.2160871Z"
          },
          "privateEndpointConnections": [],
          "minimumTlsVersion": "TLS1_0",
          "allowBlobPublicAccess": true,
          "networkAcls": {
            "bypass": "AzureServices",
            "virtualNetworkRules": [],
            "ipRules": [],
            "defaultAction": "Allow"
          },
          "supportsHttpsTrafficOnly": true,
          "encryption": {
            "services": {
              "file": {
                "keyType": "Account",
                "enabled": true,
                "lastEnabledTime": "2022-07-30T17:07:14.2160871Z"
              },
              "blob": {
                "keyType": "Account",
                "enabled": true,
                "lastEnabledTime": "2022-07-30T17:07:14.2160871Z"
              }
            },
            "keySource": "Microsoft.Storage"
          },
          "accessTier": "Hot",
          "provisioningState": "Succeeded",
          "creationTime": "2022-07-30T17:07:14.1380032Z",
          "primaryEndpoints": {
            "dfs": "https://220731datafactory7459.dfs.core.windows.net/",
            "blob": "https://220731datafactory7459.blob.core.windows.net/",
            "table": "https://220731datafactory7459.table.core.windows.net/"
          },
          "primaryLocation": "westus2",
          "statusOfPrimary": "available"
        }
      }
    },
    {
      "RequestUri": "https://management.azure.com/subscriptions/db1ab6f0-4769-4b27-930e-01e2ef9c123c/resourceGroups/DataFactory-RG-6214/providers/Microsoft.Storage/storageAccounts/220731datafactory7459/listKeys?api-version=2021-09-01",
      "RequestMethod": "POST",
      "RequestHeaders": {
        "Accept": "application/json",
        "Authorization": "Sanitized",
        "Content-Length": "0",
        "traceparent": "00-0ea90f1c4fc298d190869c9deb248db6-aa41f5403ac852c6-00",
        "User-Agent": "azsdk-net-ResourceManager.Storage/1.0.0-alpha.20220731.1 (.NET 6.0.7; Microsoft Windows 10.0.19044)",
        "x-ms-client-request-id": "bc1fc31f60121f5c72358d9325f93345",
        "x-ms-return-client-request-id": "true"
      },
      "RequestBody": null,
      "StatusCode": 200,
      "ResponseHeaders": {
        "Cache-Control": "no-cache",
        "Content-Length": "380",
        "Content-Type": "application/json",
        "Date": "Sat, 30 Jul 2022 17:07:34 GMT",
        "Expires": "-1",
        "Pragma": "no-cache",
        "Server": "Microsoft-Azure-Storage-Resource-Provider/1.0,Microsoft-HTTPAPI/2.0 Microsoft-HTTPAPI/2.0",
        "Strict-Transport-Security": "max-age=31536000; includeSubDomains",
        "X-Content-Type-Options": "nosniff",
        "x-ms-client-request-id": "bc1fc31f60121f5c72358d9325f93345",
        "x-ms-correlation-request-id": "4c9a085d-c381-4b24-9c68-df0e06009a19",
        "x-ms-ratelimit-remaining-subscription-resource-requests": "11988",
        "x-ms-request-id": "cf48635f-dcaa-4376-9447-f2aa8d4247a4",
        "x-ms-routing-request-id": "SOUTHEASTASIA:20220730T170734Z:4c9a085d-c381-4b24-9c68-df0e06009a19"
      },
      "ResponseBody": {
        "keys": [
          {
            "creationTime": "2022-07-30T17:07:14.2160871Z",
            "keyName": "key1",
            "value": "3opLhDUkejXH23ncFFlepmEdUdWkkfSn7dCFgkeGBvxF6kJHX2j11bzPRXJOFzDN4ezYgwa0sZCr\u002BAStBhRGDg==",
            "permissions": "FULL"
          },
          {
            "creationTime": "2022-07-30T17:07:14.2160871Z",
            "keyName": "key2",
            "value": "MABestQgzqrLUUPPoX3jAg\u002BNEQYGsaVKWHU7my8zxzdknCs0n\u002B5eFisPeNXDopUWYMzu\u002BBOkCPXs\u002BAStOs89Yg==",
            "permissions": "FULL"
          }
        ]
      }
    },
    {
      "RequestUri": "https://management.azure.com/subscriptions/db1ab6f0-4769-4b27-930e-01e2ef9c123c/resourceGroups/datafactory-rg-6214/providers/Microsoft.DataFactory/factories/datafactory-9087/linkedservices/LinkedService7591?api-version=2018-06-01",
      "RequestMethod": "PUT",
      "RequestHeaders": {
        "Accept": "application/json",
        "Authorization": "Sanitized",
        "Content-Length": "92",
        "Content-Type": "application/json",
        "traceparent": "00-6ce44efb6aadfbaf0fafcc3ea550e5f9-ddfad6b5d8ec5993-00",
        "User-Agent": "azsdk-net-ResourceManager.DataFactory/1.0.0-alpha.20220731.1 (.NET 6.0.7; Microsoft Windows 10.0.19044)",
        "x-ms-client-request-id": "92511c2431cb4ba71b0ef5c44132d8d9",
        "x-ms-return-client-request-id": "true"
      },
      "RequestBody": {
        "properties": {
          "type": "AzureBlobStorage",
          "typeProperties": {
            "connectionString": "Sanitized"
          }
        }
      },
      "StatusCode": 200,
      "ResponseHeaders": {
        "Cache-Control": "no-cache",
        "Content-Length": "407",
        "Content-Type": "application/json; charset=utf-8",
        "Date": "Sat, 30 Jul 2022 17:07:35 GMT",
        "Expires": "-1",
        "Pragma": "no-cache",
        "Server": "Kestrel",
        "Strict-Transport-Security": "max-age=31536000; includeSubDomains",
        "X-Content-Type-Options": "nosniff",
        "x-ms-correlation-request-id": "3a65ed40-da77-4894-941b-d232e2c4a593",
        "x-ms-ratelimit-remaining-subscription-writes": "1074",
        "x-ms-request-id": "3a65ed40-da77-4894-941b-d232e2c4a593",
        "x-ms-routing-request-id": "SOUTHEASTASIA:20220730T170735Z:3a65ed40-da77-4894-941b-d232e2c4a593"
      },
      "ResponseBody": {
        "id": "/subscriptions/db1ab6f0-4769-4b27-930e-01e2ef9c123c/resourceGroups/datafactory-rg-6214/providers/Microsoft.DataFactory/factories/datafactory-9087/linkedservices/LinkedService7591",
        "name": "LinkedService7591",
        "type": "Microsoft.DataFactory/factories/linkedservices",
        "properties": {
          "type": "AzureBlobStorage",
          "typeProperties": {
            "connectionString": "Sanitized"
          }
        },
        "etag": "18007ab8-0000-0800-0000-62e565570000"
      }
    },
    {
      "RequestUri": "https://management.azure.com/subscriptions/db1ab6f0-4769-4b27-930e-01e2ef9c123c/resourceGroups/datafactory-rg-6214/providers/Microsoft.DataFactory/factories/datafactory-9087/linkedservices/LinkedService7591?api-version=2018-06-01",
      "RequestMethod": "GET",
      "RequestHeaders": {
        "Accept": "application/json",
        "Authorization": "Sanitized",
        "traceparent": "00-9588d6b94b7194abf4144f5db5955470-16851b273ba09aa5-00",
        "User-Agent": "azsdk-net-ResourceManager.DataFactory/1.0.0-alpha.20220731.1 (.NET 6.0.7; Microsoft Windows 10.0.19044)",
        "x-ms-client-request-id": "067b9566bd732db9c1af9fb31bf4d0d1",
        "x-ms-return-client-request-id": "true"
      },
      "RequestBody": null,
      "StatusCode": 200,
      "ResponseHeaders": {
        "Cache-Control": "no-cache",
        "Content-Length": "407",
        "Content-Type": "application/json; charset=utf-8",
        "Date": "Sat, 30 Jul 2022 17:07:35 GMT",
        "Expires": "-1",
        "Pragma": "no-cache",
        "Server": "Kestrel",
        "Strict-Transport-Security": "max-age=31536000; includeSubDomains",
        "X-Content-Type-Options": "nosniff",
        "x-ms-correlation-request-id": "674c0684-7624-4f2e-837e-b19d76f9d7db",
        "x-ms-ratelimit-remaining-subscription-reads": "11831",
        "x-ms-request-id": "674c0684-7624-4f2e-837e-b19d76f9d7db",
        "x-ms-routing-request-id": "SOUTHEASTASIA:20220730T170735Z:674c0684-7624-4f2e-837e-b19d76f9d7db"
      },
      "ResponseBody": {
        "id": "/subscriptions/db1ab6f0-4769-4b27-930e-01e2ef9c123c/resourceGroups/datafactory-rg-6214/providers/Microsoft.DataFactory/factories/datafactory-9087/linkedservices/LinkedService7591",
        "name": "LinkedService7591",
        "type": "Microsoft.DataFactory/factories/linkedservices",
        "properties": {
          "type": "AzureBlobStorage",
          "typeProperties": {
            "connectionString": "Sanitized"
          }
        },
        "etag": "18007ab8-0000-0800-0000-62e565570000"
      }
    },
    {
      "RequestUri": "https://management.azure.com/subscriptions/db1ab6f0-4769-4b27-930e-01e2ef9c123c/resourceGroups/datafactory-rg-6214/providers/Microsoft.DataFactory/factories/datafactory-9087/linkedservices/LinkedService7591?api-version=2018-06-01",
      "RequestMethod": "DELETE",
      "RequestHeaders": {
        "Accept": "application/json",
        "Authorization": "Sanitized",
        "traceparent": "00-89959814e7a0042d1f45319bb07281c4-054886b17da61987-00",
        "User-Agent": "azsdk-net-ResourceManager.DataFactory/1.0.0-alpha.20220731.1 (.NET 6.0.7; Microsoft Windows 10.0.19044)",
        "x-ms-client-request-id": "9fba3ac4b85b91537771f751675a3103",
        "x-ms-return-client-request-id": "true"
      },
      "RequestBody": null,
      "StatusCode": 200,
      "ResponseHeaders": {
        "Cache-Control": "no-cache",
        "Content-Length": "0",
        "Date": "Sat, 30 Jul 2022 17:07:36 GMT",
        "Expires": "-1",
        "Pragma": "no-cache",
        "Server": "Kestrel",
        "Strict-Transport-Security": "max-age=31536000; includeSubDomains",
        "X-Content-Type-Options": "nosniff",
        "x-ms-correlation-request-id": "e8812501-1171-44dc-9a61-75aa6dfdd9d4",
        "x-ms-ratelimit-remaining-subscription-deletes": "14976",
        "x-ms-request-id": "e8812501-1171-44dc-9a61-75aa6dfdd9d4",
        "x-ms-routing-request-id": "SOUTHEASTASIA:20220730T170736Z:e8812501-1171-44dc-9a61-75aa6dfdd9d4"
      },
      "ResponseBody": null
    },
    {
      "RequestUri": "https://management.azure.com/subscriptions/db1ab6f0-4769-4b27-930e-01e2ef9c123c/resourceGroups/datafactory-rg-6214/providers/Microsoft.DataFactory/factories/datafactory-9087/linkedservices/LinkedService7591?api-version=2018-06-01",
      "RequestMethod": "GET",
      "RequestHeaders": {
        "Accept": "application/json",
        "Authorization": "Sanitized",
        "traceparent": "00-50992280ab28cdc5b9da29cad77c744f-7a2cf69650a0a2a5-00",
        "User-Agent": "azsdk-net-ResourceManager.DataFactory/1.0.0-alpha.20220731.1 (.NET 6.0.7; Microsoft Windows 10.0.19044)",
        "x-ms-client-request-id": "64beb9b43fb767926323d11c92f42f26",
        "x-ms-return-client-request-id": "true"
      },
      "RequestBody": null,
      "StatusCode": 404,
      "ResponseHeaders": {
        "Cache-Control": "no-cache",
        "Content-Length": "309",
        "Content-Type": "application/json; charset=utf-8",
        "Date": "Sat, 30 Jul 2022 17:07:36 GMT",
        "Expires": "-1",
        "Pragma": "no-cache",
        "Server": "Kestrel",
        "Strict-Transport-Security": "max-age=31536000; includeSubDomains",
        "X-Content-Type-Options": "nosniff",
        "x-ms-correlation-request-id": "be8216dd-8bd7-448a-abac-9fea79a7349a",
        "x-ms-ratelimit-remaining-subscription-reads": "11830",
        "x-ms-request-id": "be8216dd-8bd7-448a-abac-9fea79a7349a",
        "x-ms-routing-request-id": "SOUTHEASTASIA:20220730T170737Z:be8216dd-8bd7-448a-abac-9fea79a7349a"
      },
      "ResponseBody": {
        "error": {
          "code": "NotFound",
          "message": "The document could not be retrieved because it does not exist.",
          "target": "/subscriptions/db1ab6f0-4769-4b27-930e-01e2ef9c123c/resourceGroups/datafactory-rg-6214/providers/Microsoft.DataFactory/factories/datafactory-9087/linkedservices/LinkedService7591",
          "details": null
        }
      }
    },
    {
      "RequestUri": "https://management.azure.com/subscriptions/db1ab6f0-4769-4b27-930e-01e2ef9c123c/resourceGroups/DataFactory-RG-6214/providers/Microsoft.Storage/storageAccounts?api-version=2021-09-01",
      "RequestMethod": "GET",
      "RequestHeaders": {
        "Accept": "application/json",
        "Authorization": "Sanitized",
        "traceparent": "00-0af613d331c63986765600b398725137-bdd629e4cd06bd1a-00",
        "User-Agent": "azsdk-net-ResourceManager.Storage/1.0.0-alpha.20220731.1 (.NET 6.0.7; Microsoft Windows 10.0.19044)",
        "x-ms-client-request-id": "06ff233d3977ad7d41ea8f02c568c666",
        "x-ms-return-client-request-id": "true"
      },
      "RequestBody": null,
      "StatusCode": 200,
      "ResponseHeaders": {
        "Cache-Control": "no-cache",
        "Content-Length": "1291",
        "Content-Type": "application/json",
        "Date": "Sat, 30 Jul 2022 17:07:37 GMT",
        "Expires": "-1",
        "Pragma": "no-cache",
        "Server": "Microsoft-Azure-Storage-Resource-Provider/1.0,Microsoft-HTTPAPI/2.0 Microsoft-HTTPAPI/2.0",
        "Strict-Transport-Security": "max-age=31536000; includeSubDomains",
        "X-Content-Type-Options": "nosniff",
        "x-ms-client-request-id": "06ff233d3977ad7d41ea8f02c568c666",
        "x-ms-correlation-request-id": "04b3b12b-6b33-4af8-aab2-d08c05e6eb71",
        "x-ms-ratelimit-remaining-subscription-reads": "11829",
        "x-ms-request-id": "3cd7622a-e0fb-4ee7-b553-e6913e9ae2a1",
        "x-ms-routing-request-id": "SOUTHEASTASIA:20220730T170737Z:04b3b12b-6b33-4af8-aab2-d08c05e6eb71"
      },
      "ResponseBody": {
        "value": [
          {
            "sku": {
              "name": "Standard_LRS",
              "tier": "Standard"
            },
            "kind": "BlobStorage",
            "id": "/subscriptions/db1ab6f0-4769-4b27-930e-01e2ef9c123c/resourceGroups/DataFactory-RG-6214/providers/Microsoft.Storage/storageAccounts/220731datafactory7459",
            "name": "220731datafactory7459",
            "type": "Microsoft.Storage/storageAccounts",
            "location": "westus2",
            "tags": {},
            "properties": {
              "keyCreationTime": {
                "key1": "2022-07-30T17:07:14.2160871Z",
                "key2": "2022-07-30T17:07:14.2160871Z"
              },
              "privateEndpointConnections": [],
              "minimumTlsVersion": "TLS1_0",
              "allowBlobPublicAccess": true,
              "networkAcls": {
                "bypass": "AzureServices",
                "virtualNetworkRules": [],
                "ipRules": [],
                "defaultAction": "Allow"
              },
              "supportsHttpsTrafficOnly": true,
              "encryption": {
                "services": {
                  "file": {
                    "keyType": "Account",
                    "enabled": true,
                    "lastEnabledTime": "2022-07-30T17:07:14.2160871Z"
                  },
                  "blob": {
                    "keyType": "Account",
                    "enabled": true,
                    "lastEnabledTime": "2022-07-30T17:07:14.2160871Z"
                  }
                },
                "keySource": "Microsoft.Storage"
              },
              "accessTier": "Hot",
              "provisioningState": "Succeeded",
              "creationTime": "2022-07-30T17:07:14.1380032Z",
              "primaryEndpoints": {
                "dfs": "https://220731datafactory7459.dfs.core.windows.net/",
                "blob": "https://220731datafactory7459.blob.core.windows.net/",
                "table": "https://220731datafactory7459.table.core.windows.net/"
              },
              "primaryLocation": "westus2",
              "statusOfPrimary": "available"
            }
          }
        ]
      }
    },
    {
      "RequestUri": "https://management.azure.com/subscriptions/db1ab6f0-4769-4b27-930e-01e2ef9c123c/resourceGroups/DataFactory-RG-6214/providers/Microsoft.Storage/storageAccounts/220731datafactory7459?api-version=2021-09-01",
      "RequestMethod": "DELETE",
      "RequestHeaders": {
        "Authorization": "Sanitized",
        "traceparent": "00-0603c70cffaf95394fd083c0dc4caa79-8f0eeb7894671e38-00",
        "User-Agent": "azsdk-net-ResourceManager.Storage/1.0.0-alpha.20220731.1 (.NET 6.0.7; Microsoft Windows 10.0.19044)",
        "x-ms-client-request-id": "62fe9c7d6c368519a8533c38e737fe82",
        "x-ms-return-client-request-id": "true"
      },
      "RequestBody": null,
      "StatusCode": 200,
      "ResponseHeaders": {
        "Cache-Control": "no-cache",
        "Content-Length": "0",
        "Content-Type": "text/plain; charset=utf-8",
        "Date": "Sat, 30 Jul 2022 17:07:41 GMT",
        "Expires": "-1",
        "Pragma": "no-cache",
        "Server": "Microsoft-Azure-Storage-Resource-Provider/1.0,Microsoft-HTTPAPI/2.0 Microsoft-HTTPAPI/2.0",
        "Strict-Transport-Security": "max-age=31536000; includeSubDomains",
        "X-Content-Type-Options": "nosniff",
        "x-ms-client-request-id": "62fe9c7d6c368519a8533c38e737fe82",
        "x-ms-correlation-request-id": "fc7d263b-75ed-4289-9f3a-1e97d43aa9ca",
        "x-ms-ratelimit-remaining-subscription-deletes": "14975",
        "x-ms-request-id": "24391ba6-7237-4ba3-b799-46f2fd0dbf29",
        "x-ms-routing-request-id": "SOUTHEASTASIA:20220730T170742Z:fc7d263b-75ed-4289-9f3a-1e97d43aa9ca"
      },
      "ResponseBody": null
    }
  ],
  "Variables": {
    "AZURE_AUTHORITY_HOST": "https://login.microsoftonline.com",
    "RandomSeed": "502170988",
    "RESOURCE_MANAGER_URL": null,
    "SUBSCRIPTION_ID": "db1ab6f0-4769-4b27-930e-01e2ef9c123c"
  }
}
