{
  "Entries": [
    {
      "RequestUri": "https://management.azure.com/subscriptions/db1ab6f0-4769-4b27-930e-01e2ef9c123c?api-version=2021-01-01",
      "RequestMethod": "GET",
      "RequestHeaders": {
        "Accept": "application/json",
        "Authorization": "Sanitized",
        "traceparent": "00-7fbc20359fc1684ab99fc9be52dc3876-787bbaa52817ee47-00",
        "User-Agent": "azsdk-net-ResourceManager/1.2.0 (.NET Core 3.1.27; Microsoft Windows 10.0.22000)",
        "x-ms-client-request-id": "a037be318ae39a01f0b718ae8a4612b1",
        "x-ms-return-client-request-id": "true"
      },
      "RequestBody": null,
      "StatusCode": 200,
      "ResponseHeaders": {
        "Cache-Control": "no-cache",
        "Content-Length": "747",
        "Content-Type": "application/json; charset=utf-8",
        "Date": "Fri, 22 Jul 2022 06:11:36 GMT",
        "Expires": "-1",
        "Pragma": "no-cache",
        "Strict-Transport-Security": "max-age=31536000; includeSubDomains",
        "X-Content-Type-Options": "nosniff",
        "x-ms-correlation-request-id": "df616990-e5db-4ed9-a8b6-9ef6b38e89e3",
        "x-ms-ratelimit-remaining-subscription-reads": "11993",
        "x-ms-request-id": "df616990-e5db-4ed9-a8b6-9ef6b38e89e3",
        "x-ms-routing-request-id": "SOUTHEASTASIA:20220722T061136Z:df616990-e5db-4ed9-a8b6-9ef6b38e89e3"
      },
      "ResponseBody": {
        "id": "/subscriptions/db1ab6f0-4769-4b27-930e-01e2ef9c123c",
        "authorizationSource": "RoleBased",
        "managedByTenants": [],
        "tags": {
          "TagKey-9823": "TagValue-566",
          "TagKey-3481": "TagValue-320",
          "TagKey-4926": "TagValue-1187",
          "TagKey-751": "TagValue-3921",
          "TagKey-1866": "TagValue-8559",
          "TagKey-3094": "TagValue-9190",
          "TagKey-2449": "TagValue-9",
          "TagKey-8379": "TagValue-164",
          "TagKey-7470": "TagValue-2205",
          "TagKey-4236": "TagValue-3698",
          "TagKey-5316": "TagValue-2725"
        },
        "subscriptionId": "db1ab6f0-4769-4b27-930e-01e2ef9c123c",
        "tenantId": "72f988bf-86f1-41af-91ab-2d7cd011db47",
        "displayName": ".NET Mgmt SDK Test with TTL = 1 Day",
        "state": "Enabled",
        "subscriptionPolicies": {
          "locationPlacementId": "Internal_2014-09-01",
          "quotaId": "Internal_2014-09-01",
          "spendingLimit": "Off"
        }
      }
    },
    {
      "RequestUri": "https://management.azure.com/subscriptions/db1ab6f0-4769-4b27-930e-01e2ef9c123c/resourcegroups/DataFactory-RG-4586?api-version=2021-04-01",
      "RequestMethod": "PUT",
      "RequestHeaders": {
        "Accept": "application/json",
        "Authorization": "Sanitized",
        "Content-Length": "22",
        "Content-Type": "application/json",
        "traceparent": "00-ac07269845b0ca47bfcb9aa6fe2e9c6d-0ac2034061aeeb42-00",
        "User-Agent": "azsdk-net-ResourceManager/1.2.0 (.NET Core 3.1.27; Microsoft Windows 10.0.22000)",
        "x-ms-client-request-id": "23df529697179208f87a5f79eaa67766",
        "x-ms-return-client-request-id": "true"
      },
      "RequestBody": {
        "location": "westus2"
      },
      "StatusCode": 201,
      "ResponseHeaders": {
        "Cache-Control": "no-cache",
        "Content-Length": "236",
        "Content-Type": "application/json; charset=utf-8",
        "Date": "Fri, 22 Jul 2022 06:11:37 GMT",
        "Expires": "-1",
        "Pragma": "no-cache",
        "Strict-Transport-Security": "max-age=31536000; includeSubDomains",
        "X-Content-Type-Options": "nosniff",
        "x-ms-correlation-request-id": "41fc12af-0c1b-4d35-bb91-1570e1c0d698",
        "x-ms-ratelimit-remaining-subscription-writes": "1190",
        "x-ms-request-id": "41fc12af-0c1b-4d35-bb91-1570e1c0d698",
        "x-ms-routing-request-id": "SOUTHEASTASIA:20220722T061137Z:41fc12af-0c1b-4d35-bb91-1570e1c0d698"
      },
      "ResponseBody": {
        "id": "/subscriptions/db1ab6f0-4769-4b27-930e-01e2ef9c123c/resourceGroups/DataFactory-RG-4586",
        "name": "DataFactory-RG-4586",
        "type": "Microsoft.Resources/resourceGroups",
        "location": "westus2",
        "properties": {
          "provisioningState": "Succeeded"
        }
      }
    },
    {
      "RequestUri": "https://management.azure.com/subscriptions/db1ab6f0-4769-4b27-930e-01e2ef9c123c/resourceGroups/DataFactory-RG-4586/providers/Microsoft.DataFactory/factories/DataFactory-7612?api-version=2018-06-01",
      "RequestMethod": "PUT",
      "RequestHeaders": {
        "Accept": "application/json",
        "Authorization": "Sanitized",
        "Content-Length": "48",
        "Content-Type": "application/json",
        "traceparent": "00-59a4483b059dea43a00e5492792e37ea-686a5d8b02f4184e-00",
        "User-Agent": "azsdk-net-ResourceManager.DataFactory/1.0.0-alpha.20220722.1 (.NET Core 3.1.27; Microsoft Windows 10.0.22000)",
        "x-ms-client-request-id": "1c7672460c7e396257024ca6e3606c2d",
        "x-ms-return-client-request-id": "true"
      },
      "RequestBody": {
        "tags": {},
        "location": "westus2",
        "properties": {}
      },
      "StatusCode": 200,
      "ResponseHeaders": {
        "Cache-Control": "no-cache",
        "Content-Length": "416",
        "Content-Type": "application/json; charset=utf-8",
        "Date": "Fri, 22 Jul 2022 06:11:42 GMT",
        "Expires": "-1",
        "Pragma": "no-cache",
        "Server": "Microsoft-IIS/10.0",
        "Strict-Transport-Security": "max-age=31536000; includeSubDomains",
        "X-Content-Type-Options": "nosniff",
        "x-ms-correlation-request-id": "b74b5e5e-1dca-49d6-858b-3b6437568706",
        "x-ms-ratelimit-remaining-subscription-writes": "1189",
        "x-ms-request-id": "b74b5e5e-1dca-49d6-858b-3b6437568706",
        "x-ms-routing-request-id": "SOUTHEASTASIA:20220722T061143Z:b74b5e5e-1dca-49d6-858b-3b6437568706",
        "X-Powered-By": "ASP.NET"
      },
      "ResponseBody": {
        "name": "DataFactory-7612",
        "id": "/subscriptions/db1ab6f0-4769-4b27-930e-01e2ef9c123c/resourceGroups/datafactory-rg-4586/providers/Microsoft.DataFactory/factories/datafactory-7612",
        "type": "Microsoft.DataFactory/factories",
        "properties": {
          "provisioningState": "Succeeded",
          "createTime": "2022-07-22T06:11:42.1212053Z",
          "version": "2018-06-01"
        },
        "eTag": "\u00223b000d62-0000-0800-0000-62da3f9e0000\u0022",
        "location": "westus2",
        "tags": {}
      }
    },
    {
      "RequestUri": "https://management.azure.com/subscriptions/db1ab6f0-4769-4b27-930e-01e2ef9c123c/resourceGroups/datafactory-rg-4586/providers/Microsoft.DataFactory/factories/datafactory-7612/linkedservices/LinkedService1517?api-version=2018-06-01",
      "RequestMethod": "PUT",
      "RequestHeaders": {
        "Accept": "application/json",
        "Authorization": "Sanitized",
        "Content-Length": "92",
        "Content-Type": "application/json",
        "traceparent": "00-400784bb80119c4da68480ab16e371ab-b92591e45a20e64e-00",
        "User-Agent": "azsdk-net-ResourceManager.DataFactory/1.0.0-alpha.20220722.1 (.NET Core 3.1.27; Microsoft Windows 10.0.22000)",
        "x-ms-client-request-id": "8bad435a1a892e270dea10a2200510a0",
        "x-ms-return-client-request-id": "true"
      },
      "RequestBody": {
        "properties": {
          "type": "AzureBlobStorage",
          "typeProperties": {
            "connectionString": "Sanitized"
          }
        }
      },
      "StatusCode": 200,
      "ResponseHeaders": {
        "Cache-Control": "no-cache",
        "Content-Length": "704",
        "Content-Type": "application/json; charset=utf-8",
        "Date": "Fri, 22 Jul 2022 06:11:43 GMT",
        "Expires": "-1",
        "Pragma": "no-cache",
        "Server": "Microsoft-IIS/10.0",
        "Strict-Transport-Security": "max-age=31536000; includeSubDomains",
        "X-Content-Type-Options": "nosniff",
        "x-ms-correlation-request-id": "1d83b494-5cc1-41a1-a849-cf6db4d9235c",
        "x-ms-ratelimit-remaining-subscription-writes": "1188",
        "x-ms-request-id": "1d83b494-5cc1-41a1-a849-cf6db4d9235c",
        "x-ms-routing-request-id": "SOUTHEASTASIA:20220722T061143Z:1d83b494-5cc1-41a1-a849-cf6db4d9235c",
        "X-Powered-By": "ASP.NET"
      },
      "ResponseBody": {
        "id": "/subscriptions/db1ab6f0-4769-4b27-930e-01e2ef9c123c/resourceGroups/datafactory-rg-4586/providers/Microsoft.DataFactory/factories/datafactory-7612/linkedservices/LinkedService1517",
        "name": "LinkedService1517",
        "type": "Microsoft.DataFactory/factories/linkedservices",
        "properties": {
          "type": "AzureBlobStorage",
          "typeProperties": {
            "connectionString": "Sanitized",
            "encryptedCredential": "ew0KICAiVmVyc2lvbiI6ICIyMDE3LTExLTMwIiwNCiAgIlByb3RlY3Rpb25Nb2RlIjogIktleSIsDQogICJTZWNyZXRDb250ZW50VHlwZSI6ICJQbGFpbnRleHQiLA0KICAiQ3JlZGVudGlhbElkIjogIkRBVEFGQUNUT1JZQEFFNkQ0NEZFLUM2RUMtNDg1MC1BOTA0LUJEQUIzODhDNUExNl80ZmQzYTI2Yy0zMGIwLTRlOTMtOTIyMi03MDE4NjBlZjllM2IiDQp9"
          }
        },
        "etag": "0600e72b-0000-0800-0000-62da3f9f0000"
      }
    },
    {
      "RequestUri": "https://management.azure.com/subscriptions/db1ab6f0-4769-4b27-930e-01e2ef9c123c/resourceGroups/datafactory-rg-4586/providers/Microsoft.DataFactory/factories/datafactory-7612/linkedservices/LinkedService1517?api-version=2018-06-01",
      "RequestMethod": "GET",
      "RequestHeaders": {
        "Accept": "application/json",
        "Authorization": "Sanitized",
        "traceparent": "00-0582ec8c31fdfa46bf7bc6e0e274ac60-e124fe70555e704a-00",
        "User-Agent": "azsdk-net-ResourceManager.DataFactory/1.0.0-alpha.20220722.1 (.NET Core 3.1.27; Microsoft Windows 10.0.22000)",
        "x-ms-client-request-id": "9bd34347c695f089a6cb144a62ae980d",
        "x-ms-return-client-request-id": "true"
      },
      "RequestBody": null,
      "StatusCode": 200,
      "ResponseHeaders": {
        "Cache-Control": "no-cache",
        "Content-Length": "704",
        "Content-Type": "application/json; charset=utf-8",
        "Date": "Fri, 22 Jul 2022 06:11:43 GMT",
        "Expires": "-1",
        "Pragma": "no-cache",
        "Server": "Microsoft-IIS/10.0",
        "Strict-Transport-Security": "max-age=31536000; includeSubDomains",
        "X-Content-Type-Options": "nosniff",
        "x-ms-correlation-request-id": "1203dac0-8006-4f03-8f04-8073792ac90c",
        "x-ms-ratelimit-remaining-subscription-reads": "11992",
        "x-ms-request-id": "1203dac0-8006-4f03-8f04-8073792ac90c",
        "x-ms-routing-request-id": "SOUTHEASTASIA:20220722T061144Z:1203dac0-8006-4f03-8f04-8073792ac90c",
        "X-Powered-By": "ASP.NET"
      },
      "ResponseBody": {
        "id": "/subscriptions/db1ab6f0-4769-4b27-930e-01e2ef9c123c/resourceGroups/datafactory-rg-4586/providers/Microsoft.DataFactory/factories/datafactory-7612/linkedservices/LinkedService1517",
        "name": "LinkedService1517",
        "type": "Microsoft.DataFactory/factories/linkedservices",
        "properties": {
          "type": "AzureBlobStorage",
          "typeProperties": {
            "connectionString": "Sanitized",
            "encryptedCredential": "ew0KICAiVmVyc2lvbiI6ICIyMDE3LTExLTMwIiwNCiAgIlByb3RlY3Rpb25Nb2RlIjogIktleSIsDQogICJTZWNyZXRDb250ZW50VHlwZSI6ICJQbGFpbnRleHQiLA0KICAiQ3JlZGVudGlhbElkIjogIkRBVEFGQUNUT1JZQEFFNkQ0NEZFLUM2RUMtNDg1MC1BOTA0LUJEQUIzODhDNUExNl80ZmQzYTI2Yy0zMGIwLTRlOTMtOTIyMi03MDE4NjBlZjllM2IiDQp9"
          }
        },
        "etag": "0600e72b-0000-0800-0000-62da3f9f0000"
      }
    }
  ],
  "Variables": {
    "AZURE_AUTHORITY_HOST": "https://login.microsoftonline.com",
    "RandomSeed": "1472327623",
    "RESOURCE_MANAGER_URL": null,
    "SUBSCRIPTION_ID": "db1ab6f0-4769-4b27-930e-01e2ef9c123c"
  }
}
