{
  "Entries": [
    {
      "RequestUri": "https://management.azure.com/subscriptions/23587e98-b6ac-4328-a753-03bcd3c8e744/resourcegroups/dbaccount-2619?api-version=**",
      "RequestMethod": "GET",
      "RequestHeaders": {
        "Accept": "application/json",
        "Authorization": "Sanitized",
        "traceparent": "00-51f550d739ea2670cf5d8c34612b3fb1-caab4f1c1d026622-00",
        "User-Agent": "azsdk-net-ResourceManager/1.4.0 (.NET 7.0.4; Microsoft Windows 10.0.22621)",
        "x-ms-client-request-id": "32ff2ae5d77a3ffc3bd4adcf7fbdebf2",
        "x-ms-return-client-request-id": "true"
      },
      "RequestBody": null,
      "StatusCode": 200,
      "ResponseHeaders": {
        "Cache-Control": "no-cache",
        "Content-Length": "226",
        "Content-Type": "application/json; charset=utf-8",
        "Date": "Mon, 17 Apr 2023 02:23:44 GMT",
        "Expires": "-1",
        "Pragma": "no-cache",
        "Strict-Transport-Security": "max-age=31536000; includeSubDomains",
        "X-Content-Type-Options": "nosniff",
        "x-ms-correlation-request-id": "9136030c-a862-4b23-ad0d-fbe6439f300f",
        "x-ms-ratelimit-remaining-subscription-reads": "11874",
        "x-ms-request-id": "9136030c-a862-4b23-ad0d-fbe6439f300f",
        "x-ms-routing-request-id": "WESTCENTRALUS:20230417T022344Z:9136030c-a862-4b23-ad0d-fbe6439f300f"
      },
      "ResponseBody": {
        "id": "/subscriptions/23587e98-b6ac-4328-a753-03bcd3c8e744/resourceGroups/dbaccount-2619",
        "name": "dbaccount-2619",
        "type": "Microsoft.Resources/resourceGroups",
        "location": "westus2",
        "properties": {
          "provisioningState": "Succeeded"
        }
      }
    },
    {
      "RequestUri": "https://management.azure.com/subscriptions/23587e98-b6ac-4328-a753-03bcd3c8e744/resourceGroups/dbaccount-2619/providers/Microsoft.DocumentDB/databaseAccounts/dbaccount-555?api-version=2022-11-15-preview",
      "RequestMethod": "PUT",
      "RequestHeaders": {
        "Accept": "application/json",
        "Authorization": "Sanitized",
        "Content-Length": "530",
        "Content-Type": "application/json",
        "traceparent": "00-b7d6888980e0efcdd6d98df49a8a632a-1f6a07b5f2a2adbd-00",
        "User-Agent": "azsdk-net-ResourceManager.CosmosDB/1.3.0-alpha.20230416.1 (.NET 7.0.4; Microsoft Windows 10.0.22621)",
        "x-ms-client-request-id": "e0ea1d14a17ca3c6e5acd75e41b1b043",
        "x-ms-return-client-request-id": "true"
      },
      "RequestBody": {
        "kind": "MongoDB",
        "tags": {
          "key1": "value1",
          "key2": "value2"
        },
        "location": "westus2",
        "properties": {
          "consistencyPolicy": {
            "defaultConsistencyLevel": "BoundedStaleness",
            "maxStalenessPrefix": 300,
            "maxIntervalInSeconds": 1000
          },
          "locations": [
            {
              "locationName": "westus",
              "isZoneRedundant": false
            }
          ],
          "databaseAccountOfferType": "Standard",
          "ipRules": [
            {
              "ipAddressOrRange": "23.43.230.120"
            }
          ],
          "isVirtualNetworkFilterEnabled": true,
          "enableAutomaticFailover": false,
          "connectorOffer": "Small",
          "disableKeyBasedMetadataWriteAccess": false,
          "enableBurstCapacity": true
        }
      },
      "StatusCode": 200,
      "ResponseHeaders": {
        "Azure-AsyncOperation": "https://management.azure.com/subscriptions/23587e98-b6ac-4328-a753-03bcd3c8e744/providers/Microsoft.DocumentDB/locations/westus2/operationsStatus/6c567ad3-29fc-40fa-ae82-4e1ec22396d7?api-version=2022-11-15-preview",
        "Cache-Control": "no-store, no-cache",
        "Content-Length": "2490",
        "Content-Type": "application/json",
        "Date": "Mon, 17 Apr 2023 02:23:49 GMT",
        "Location": "https://management.azure.com/subscriptions/23587e98-b6ac-4328-a753-03bcd3c8e744/resourceGroups/dbaccount-2619/providers/Microsoft.DocumentDB/databaseAccounts/dbaccount-555/operationResults/6c567ad3-29fc-40fa-ae82-4e1ec22396d7?api-version=2022-11-15-preview",
        "Pragma": "no-cache",
        "Server": "Microsoft-HTTPAPI/2.0",
        "Strict-Transport-Security": "max-age=31536000; includeSubDomains",
        "X-Content-Type-Options": "nosniff",
        "x-ms-correlation-request-id": "e81a97a5-4013-4f57-a25b-aaaf949c0bf5",
        "x-ms-gatewayversion": "version=2.14.0",
        "x-ms-ratelimit-remaining-subscription-writes": "1195",
        "x-ms-request-id": "6c567ad3-29fc-40fa-ae82-4e1ec22396d7",
        "x-ms-routing-request-id": "WESTCENTRALUS:20230417T022349Z:e81a97a5-4013-4f57-a25b-aaaf949c0bf5"
      },
      "ResponseBody": {
        "id": "/subscriptions/23587e98-b6ac-4328-a753-03bcd3c8e744/resourceGroups/dbaccount-2619/providers/Microsoft.DocumentDB/databaseAccounts/dbaccount-555",
        "name": "dbaccount-555",
        "location": "West US 2",
        "type": "Microsoft.DocumentDB/databaseAccounts",
        "kind": "MongoDB",
        "tags": {
          "key1": "value1",
          "key2": "value2"
        },
        "systemData": {
          "createdAt": "2023-04-17T02:23:46.6542354Z"
        },
        "properties": {
          "provisioningState": "Creating",
          "publicNetworkAccess": "Enabled",
          "enableAutomaticFailover": false,
          "enableMultipleWriteLocations": false,
          "enablePartitionKeyMonitor": false,
          "isVirtualNetworkFilterEnabled": true,
          "virtualNetworkRules": [],
          "EnabledApiTypes": "MongoDB",
          "disableKeyBasedMetadataWriteAccess": false,
          "enableFreeTier": false,
          "enableAnalyticalStorage": false,
          "analyticalStorageConfiguration": {
            "schemaType": "FullFidelity"
          },
          "instanceId": "ddc9146e-814d-4608-a55c-eb0d04f49574",
          "databaseAccountOfferType": "Standard",
          "enableMaterializedViews": false,
          "defaultIdentity": "",
          "networkAclBypass": "None",
          "disableLocalAuth": false,
          "enablePartitionMerge": false,
          "enableBurstCapacity": true,
          "minimalTlsVersion": "Tls12",
          "consistencyPolicy": {
            "defaultConsistencyLevel": "BoundedStaleness",
            "maxIntervalInSeconds": 1000,
            "maxStalenessPrefix": 300
          },
          "apiProperties": {
            "serverVersion": "3.6"
          },
          "configurationOverrides": {},
          "writeLocations": [
            {
              "id": "dbaccount-555-westus",
              "locationName": "West US",
              "provisioningState": "Creating",
              "failoverPriority": 0,
              "isZoneRedundant": false
            }
          ],
          "readLocations": [
            {
              "id": "dbaccount-555-westus",
              "locationName": "West US",
              "provisioningState": "Creating",
              "failoverPriority": 0,
              "isZoneRedundant": false
            }
          ],
          "locations": [
            {
              "id": "dbaccount-555-westus",
              "locationName": "West US",
              "provisioningState": "Creating",
              "failoverPriority": 0,
              "isZoneRedundant": false
            }
          ],
          "failoverPolicies": [
            {
              "id": "dbaccount-555-westus",
              "locationName": "West US",
              "failoverPriority": 0
            }
          ],
          "cors": [],
          "capabilities": [
            {
              "name": "EnableMongo"
            }
          ],
          "ipRules": [
            {
              "ipAddressOrRange": "23.43.230.120"
            }
          ],
          "backupPolicy": {
            "type": "Periodic",
            "periodicModeProperties": {
              "backupIntervalInMinutes": 240,
              "backupRetentionIntervalInHours": 8,
              "backupStorageRedundancy": "Invalid"
            }
          },
          "networkAclBypassResourceIds": [],
          "diagnosticLogSettings": {
            "enableFullTextQuery": "None"
          },
          "keysMetadata": {
            "primaryMasterKey": {
              "generationTime": "2023-04-17T02:23:46.6542354Z"
            },
            "secondaryMasterKey": {
              "generationTime": "2023-04-17T02:23:46.6542354Z"
            },
            "primaryReadonlyMasterKey": {
              "generationTime": "2023-04-17T02:23:46.6542354Z"
            },
            "secondaryReadonlyMasterKey": {
              "generationTime": "2023-04-17T02:23:46.6542354Z"
            }
          }
        },
        "identity": {
          "type": "None"
        }
      }
    },
    {
      "RequestUri": "https://management.azure.com/subscriptions/23587e98-b6ac-4328-a753-03bcd3c8e744/providers/Microsoft.DocumentDB/locations/westus2/operationsStatus/6c567ad3-29fc-40fa-ae82-4e1ec22396d7?api-version=2022-11-15-preview",
      "RequestMethod": "GET",
      "RequestHeaders": {
        "Authorization": "Sanitized",
        "traceparent": "00-b7d6888980e0efcdd6d98df49a8a632a-18f4a4d47dc594cf-00",
        "User-Agent": "azsdk-net-ResourceManager/1.4.0 (.NET 7.0.4; Microsoft Windows 10.0.22621)",
        "x-ms-client-request-id": "d0708fd2634d8969398e952a24e1f923",
        "x-ms-return-client-request-id": "true"
      },
      "RequestBody": null,
      "StatusCode": 200,
      "ResponseHeaders": {
        "Cache-Control": "no-store, no-cache",
        "Content-Length": "21",
        "Content-Type": "application/json",
        "Date": "Mon, 17 Apr 2023 02:23:50 GMT",
        "Pragma": "no-cache",
        "Server": "Microsoft-HTTPAPI/2.0",
        "Strict-Transport-Security": "max-age=31536000; includeSubDomains",
        "X-Content-Type-Options": "nosniff",
        "x-ms-correlation-request-id": "102f4da9-ac31-4cad-890d-f70dcd0579e1",
        "x-ms-gatewayversion": "version=2.14.0",
        "x-ms-ratelimit-remaining-subscription-reads": "11873",
        "x-ms-request-id": "102f4da9-ac31-4cad-890d-f70dcd0579e1",
        "x-ms-routing-request-id": "WESTCENTRALUS:20230417T022350Z:102f4da9-ac31-4cad-890d-f70dcd0579e1"
      },
      "ResponseBody": {
        "status": "Enqueued"
      }
    },
    {
      "RequestUri": "https://management.azure.com/subscriptions/23587e98-b6ac-4328-a753-03bcd3c8e744/providers/Microsoft.DocumentDB/locations/westus2/operationsStatus/6c567ad3-29fc-40fa-ae82-4e1ec22396d7?api-version=2022-11-15-preview",
      "RequestMethod": "GET",
      "RequestHeaders": {
        "Authorization": "Sanitized",
        "traceparent": "00-b7d6888980e0efcdd6d98df49a8a632a-f00d04dc42ae60e8-00",
        "User-Agent": "azsdk-net-ResourceManager/1.4.0 (.NET 7.0.4; Microsoft Windows 10.0.22621)",
        "x-ms-client-request-id": "18a28cfcf900ad8ccfa012fd710ad1ca",
        "x-ms-return-client-request-id": "true"
      },
      "RequestBody": null,
      "StatusCode": 200,
      "ResponseHeaders": {
        "Cache-Control": "no-store, no-cache",
        "Content-Length": "21",
        "Content-Type": "application/json",
        "Date": "Mon, 17 Apr 2023 02:23:51 GMT",
        "Pragma": "no-cache",
        "Server": "Microsoft-HTTPAPI/2.0",
        "Strict-Transport-Security": "max-age=31536000; includeSubDomains",
        "X-Content-Type-Options": "nosniff",
        "x-ms-correlation-request-id": "d83b17a8-f149-4278-a947-b0ec0992a949",
        "x-ms-gatewayversion": "version=2.14.0",
        "x-ms-ratelimit-remaining-subscription-reads": "11872",
        "x-ms-request-id": "d83b17a8-f149-4278-a947-b0ec0992a949",
        "x-ms-routing-request-id": "WESTCENTRALUS:20230417T022351Z:d83b17a8-f149-4278-a947-b0ec0992a949"
      },
      "ResponseBody": {
        "status": "Enqueued"
      }
    },
    {
      "RequestUri": "https://management.azure.com/subscriptions/23587e98-b6ac-4328-a753-03bcd3c8e744/providers/Microsoft.DocumentDB/locations/westus2/operationsStatus/6c567ad3-29fc-40fa-ae82-4e1ec22396d7?api-version=2022-11-15-preview",
      "RequestMethod": "GET",
      "RequestHeaders": {
        "Authorization": "Sanitized",
        "traceparent": "00-b7d6888980e0efcdd6d98df49a8a632a-69355a8dda01709a-00",
        "User-Agent": "azsdk-net-ResourceManager/1.4.0 (.NET 7.0.4; Microsoft Windows 10.0.22621)",
        "x-ms-client-request-id": "b18ba02ce04179f63c62bf52d12226ec",
        "x-ms-return-client-request-id": "true"
      },
      "RequestBody": null,
      "StatusCode": 200,
      "ResponseHeaders": {
        "Cache-Control": "no-store, no-cache",
        "Content-Length": "21",
        "Content-Type": "application/json",
        "Date": "Mon, 17 Apr 2023 02:23:52 GMT",
        "Pragma": "no-cache",
        "Server": "Microsoft-HTTPAPI/2.0",
        "Strict-Transport-Security": "max-age=31536000; includeSubDomains",
        "X-Content-Type-Options": "nosniff",
        "x-ms-correlation-request-id": "f0bdaa65-c499-4454-a8fc-b8e86e019d9f",
        "x-ms-gatewayversion": "version=2.14.0",
        "x-ms-ratelimit-remaining-subscription-reads": "11871",
        "x-ms-request-id": "f0bdaa65-c499-4454-a8fc-b8e86e019d9f",
        "x-ms-routing-request-id": "WESTCENTRALUS:20230417T022352Z:f0bdaa65-c499-4454-a8fc-b8e86e019d9f"
      },
      "ResponseBody": {
        "status": "Enqueued"
      }
    },
    {
      "RequestUri": "https://management.azure.com/subscriptions/23587e98-b6ac-4328-a753-03bcd3c8e744/providers/Microsoft.DocumentDB/locations/westus2/operationsStatus/6c567ad3-29fc-40fa-ae82-4e1ec22396d7?api-version=2022-11-15-preview",
      "RequestMethod": "GET",
      "RequestHeaders": {
        "Authorization": "Sanitized",
        "traceparent": "00-b7d6888980e0efcdd6d98df49a8a632a-23997cb0cbc3d5ef-00",
        "User-Agent": "azsdk-net-ResourceManager/1.4.0 (.NET 7.0.4; Microsoft Windows 10.0.22621)",
        "x-ms-client-request-id": "45be0d856778d93703c200ac516b172e",
        "x-ms-return-client-request-id": "true"
      },
      "RequestBody": null,
      "StatusCode": 200,
      "ResponseHeaders": {
        "Cache-Control": "no-store, no-cache",
        "Content-Length": "21",
        "Content-Type": "application/json",
        "Date": "Mon, 17 Apr 2023 02:23:53 GMT",
        "Pragma": "no-cache",
        "Server": "Microsoft-HTTPAPI/2.0",
        "Strict-Transport-Security": "max-age=31536000; includeSubDomains",
        "X-Content-Type-Options": "nosniff",
        "x-ms-correlation-request-id": "cb40d713-fca3-415f-b956-151c9c44368c",
        "x-ms-gatewayversion": "version=2.14.0",
        "x-ms-ratelimit-remaining-subscription-reads": "11870",
        "x-ms-request-id": "cb40d713-fca3-415f-b956-151c9c44368c",
        "x-ms-routing-request-id": "WESTCENTRALUS:20230417T022353Z:cb40d713-fca3-415f-b956-151c9c44368c"
      },
      "ResponseBody": {
        "status": "Dequeued"
      }
    },
    {
      "RequestUri": "https://management.azure.com/subscriptions/23587e98-b6ac-4328-a753-03bcd3c8e744/providers/Microsoft.DocumentDB/locations/westus2/operationsStatus/6c567ad3-29fc-40fa-ae82-4e1ec22396d7?api-version=2022-11-15-preview",
      "RequestMethod": "GET",
      "RequestHeaders": {
        "Authorization": "Sanitized",
        "traceparent": "00-b7d6888980e0efcdd6d98df49a8a632a-5696bc41f143f1c3-00",
        "User-Agent": "azsdk-net-ResourceManager/1.4.0 (.NET 7.0.4; Microsoft Windows 10.0.22621)",
        "x-ms-client-request-id": "84fdcabd47551ce29628db9e3a39dcac",
        "x-ms-return-client-request-id": "true"
      },
      "RequestBody": null,
      "StatusCode": 200,
      "ResponseHeaders": {
        "Cache-Control": "no-store, no-cache",
        "Content-Length": "21",
        "Content-Type": "application/json",
        "Date": "Mon, 17 Apr 2023 02:23:55 GMT",
        "Pragma": "no-cache",
        "Server": "Microsoft-HTTPAPI/2.0",
        "Strict-Transport-Security": "max-age=31536000; includeSubDomains",
        "X-Content-Type-Options": "nosniff",
        "x-ms-correlation-request-id": "11dfc8b0-435b-44a0-a570-fa55e11e4242",
        "x-ms-gatewayversion": "version=2.14.0",
        "x-ms-ratelimit-remaining-subscription-reads": "11869",
        "x-ms-request-id": "11dfc8b0-435b-44a0-a570-fa55e11e4242",
        "x-ms-routing-request-id": "WESTCENTRALUS:20230417T022355Z:11dfc8b0-435b-44a0-a570-fa55e11e4242"
      },
      "ResponseBody": {
        "status": "Dequeued"
      }
    },
    {
      "RequestUri": "https://management.azure.com/subscriptions/23587e98-b6ac-4328-a753-03bcd3c8e744/providers/Microsoft.DocumentDB/locations/westus2/operationsStatus/6c567ad3-29fc-40fa-ae82-4e1ec22396d7?api-version=2022-11-15-preview",
      "RequestMethod": "GET",
      "RequestHeaders": {
        "Authorization": "Sanitized",
        "traceparent": "00-b7d6888980e0efcdd6d98df49a8a632a-aee75cdf99f69aab-00",
        "User-Agent": "azsdk-net-ResourceManager/1.4.0 (.NET 7.0.4; Microsoft Windows 10.0.22621)",
        "x-ms-client-request-id": "647825798b4cc45168b2ae7edf4928d1",
        "x-ms-return-client-request-id": "true"
      },
      "RequestBody": null,
      "StatusCode": 200,
      "ResponseHeaders": {
        "Cache-Control": "no-store, no-cache",
        "Content-Length": "21",
        "Content-Type": "application/json",
        "Date": "Mon, 17 Apr 2023 02:23:59 GMT",
        "Pragma": "no-cache",
        "Server": "Microsoft-HTTPAPI/2.0",
        "Strict-Transport-Security": "max-age=31536000; includeSubDomains",
        "X-Content-Type-Options": "nosniff",
        "x-ms-correlation-request-id": "848b512f-413e-476b-85c2-1ca4af3a272a",
        "x-ms-gatewayversion": "version=2.14.0",
        "x-ms-ratelimit-remaining-subscription-reads": "11868",
        "x-ms-request-id": "848b512f-413e-476b-85c2-1ca4af3a272a",
        "x-ms-routing-request-id": "WESTCENTRALUS:20230417T022400Z:848b512f-413e-476b-85c2-1ca4af3a272a"
      },
      "ResponseBody": {
        "status": "Dequeued"
      }
    },
    {
      "RequestUri": "https://management.azure.com/subscriptions/23587e98-b6ac-4328-a753-03bcd3c8e744/providers/Microsoft.DocumentDB/locations/westus2/operationsStatus/6c567ad3-29fc-40fa-ae82-4e1ec22396d7?api-version=2022-11-15-preview",
      "RequestMethod": "GET",
      "RequestHeaders": {
        "Authorization": "Sanitized",
        "traceparent": "00-b7d6888980e0efcdd6d98df49a8a632a-332a98200ce8432d-00",
        "User-Agent": "azsdk-net-ResourceManager/1.4.0 (.NET 7.0.4; Microsoft Windows 10.0.22621)",
        "x-ms-client-request-id": "0694914aa2253d972aa2ae508c999ec9",
        "x-ms-return-client-request-id": "true"
      },
      "RequestBody": null,
      "StatusCode": 200,
      "ResponseHeaders": {
        "Cache-Control": "no-store, no-cache",
        "Content-Length": "21",
        "Content-Type": "application/json",
        "Date": "Mon, 17 Apr 2023 02:24:08 GMT",
        "Pragma": "no-cache",
        "Server": "Microsoft-HTTPAPI/2.0",
        "Strict-Transport-Security": "max-age=31536000; includeSubDomains",
        "X-Content-Type-Options": "nosniff",
        "x-ms-correlation-request-id": "f30acb5d-5966-400f-b198-b46b46a37f36",
        "x-ms-gatewayversion": "version=2.14.0",
        "x-ms-ratelimit-remaining-subscription-reads": "11867",
        "x-ms-request-id": "f30acb5d-5966-400f-b198-b46b46a37f36",
        "x-ms-routing-request-id": "WESTCENTRALUS:20230417T022408Z:f30acb5d-5966-400f-b198-b46b46a37f36"
      },
      "ResponseBody": {
        "status": "Dequeued"
      }
    },
    {
      "RequestUri": "https://management.azure.com/subscriptions/23587e98-b6ac-4328-a753-03bcd3c8e744/providers/Microsoft.DocumentDB/locations/westus2/operationsStatus/6c567ad3-29fc-40fa-ae82-4e1ec22396d7?api-version=2022-11-15-preview",
      "RequestMethod": "GET",
      "RequestHeaders": {
        "Authorization": "Sanitized",
        "traceparent": "00-b7d6888980e0efcdd6d98df49a8a632a-06d9d587ce6e9f19-00",
        "User-Agent": "azsdk-net-ResourceManager/1.4.0 (.NET 7.0.4; Microsoft Windows 10.0.22621)",
        "x-ms-client-request-id": "2b3354e5b3f232e278381ba299633c4d",
        "x-ms-return-client-request-id": "true"
      },
      "RequestBody": null,
      "StatusCode": 200,
      "ResponseHeaders": {
        "Cache-Control": "no-store, no-cache",
        "Content-Length": "21",
        "Content-Type": "application/json",
        "Date": "Mon, 17 Apr 2023 02:24:24 GMT",
        "Pragma": "no-cache",
        "Server": "Microsoft-HTTPAPI/2.0",
        "Strict-Transport-Security": "max-age=31536000; includeSubDomains",
        "X-Content-Type-Options": "nosniff",
        "x-ms-correlation-request-id": "8d9fa05d-2d13-4a38-8e72-b4f3b4262c0e",
        "x-ms-gatewayversion": "version=2.14.0",
        "x-ms-ratelimit-remaining-subscription-reads": "11866",
        "x-ms-request-id": "8d9fa05d-2d13-4a38-8e72-b4f3b4262c0e",
        "x-ms-routing-request-id": "WESTCENTRALUS:20230417T022424Z:8d9fa05d-2d13-4a38-8e72-b4f3b4262c0e"
      },
      "ResponseBody": {
        "status": "Dequeued"
      }
    },
    {
      "RequestUri": "https://management.azure.com/subscriptions/23587e98-b6ac-4328-a753-03bcd3c8e744/providers/Microsoft.DocumentDB/locations/westus2/operationsStatus/6c567ad3-29fc-40fa-ae82-4e1ec22396d7?api-version=2022-11-15-preview",
      "RequestMethod": "GET",
      "RequestHeaders": {
        "Authorization": "Sanitized",
        "traceparent": "00-b7d6888980e0efcdd6d98df49a8a632a-227927929c5a623b-00",
        "User-Agent": "azsdk-net-ResourceManager/1.4.0 (.NET 7.0.4; Microsoft Windows 10.0.22621)",
        "x-ms-client-request-id": "a8530affd5a4d7878e3b39a9dc0138cf",
        "x-ms-return-client-request-id": "true"
      },
      "RequestBody": null,
      "StatusCode": 200,
      "ResponseHeaders": {
        "Cache-Control": "no-store, no-cache",
        "Content-Length": "21",
        "Content-Type": "application/json",
        "Date": "Mon, 17 Apr 2023 02:24:56 GMT",
        "Pragma": "no-cache",
        "Server": "Microsoft-HTTPAPI/2.0",
        "Strict-Transport-Security": "max-age=31536000; includeSubDomains",
        "X-Content-Type-Options": "nosniff",
        "x-ms-correlation-request-id": "8d405ac5-b552-4dfa-b854-232f183cf8b1",
        "x-ms-gatewayversion": "version=2.14.0",
        "x-ms-ratelimit-remaining-subscription-reads": "11865",
        "x-ms-request-id": "8d405ac5-b552-4dfa-b854-232f183cf8b1",
        "x-ms-routing-request-id": "WESTCENTRALUS:20230417T022456Z:8d405ac5-b552-4dfa-b854-232f183cf8b1"
      },
      "ResponseBody": {
        "status": "Dequeued"
      }
    },
    {
      "RequestUri": "https://management.azure.com/subscriptions/23587e98-b6ac-4328-a753-03bcd3c8e744/providers/Microsoft.DocumentDB/locations/westus2/operationsStatus/6c567ad3-29fc-40fa-ae82-4e1ec22396d7?api-version=2022-11-15-preview",
      "RequestMethod": "GET",
      "RequestHeaders": {
        "Authorization": "Sanitized",
        "traceparent": "00-b7d6888980e0efcdd6d98df49a8a632a-11e37a50456374a5-00",
        "User-Agent": "azsdk-net-ResourceManager/1.4.0 (.NET 7.0.4; Microsoft Windows 10.0.22621)",
        "x-ms-client-request-id": "8b98e414fd1596deae628eec86f5a4c7",
        "x-ms-return-client-request-id": "true"
      },
      "RequestBody": null,
      "StatusCode": 200,
      "ResponseHeaders": {
        "Cache-Control": "no-store, no-cache",
        "Content-Length": "21",
        "Content-Type": "application/json",
        "Date": "Mon, 17 Apr 2023 02:25:28 GMT",
        "Pragma": "no-cache",
        "Server": "Microsoft-HTTPAPI/2.0",
        "Strict-Transport-Security": "max-age=31536000; includeSubDomains",
        "X-Content-Type-Options": "nosniff",
        "x-ms-correlation-request-id": "81a72e68-ce56-4935-a4c4-ab5837c3411c",
        "x-ms-gatewayversion": "version=2.14.0",
        "x-ms-ratelimit-remaining-subscription-reads": "11864",
        "x-ms-request-id": "81a72e68-ce56-4935-a4c4-ab5837c3411c",
        "x-ms-routing-request-id": "WESTCENTRALUS:20230417T022528Z:81a72e68-ce56-4935-a4c4-ab5837c3411c"
      },
      "ResponseBody": {
        "status": "Dequeued"
      }
    },
    {
      "RequestUri": "https://management.azure.com/subscriptions/23587e98-b6ac-4328-a753-03bcd3c8e744/providers/Microsoft.DocumentDB/locations/westus2/operationsStatus/6c567ad3-29fc-40fa-ae82-4e1ec22396d7?api-version=2022-11-15-preview",
      "RequestMethod": "GET",
      "RequestHeaders": {
        "Authorization": "Sanitized",
        "traceparent": "00-b7d6888980e0efcdd6d98df49a8a632a-13059c6f02eb3c09-00",
        "User-Agent": "azsdk-net-ResourceManager/1.4.0 (.NET 7.0.4; Microsoft Windows 10.0.22621)",
        "x-ms-client-request-id": "81506166f6451025cd5c9cb77a395577",
        "x-ms-return-client-request-id": "true"
      },
      "RequestBody": null,
      "StatusCode": 200,
      "ResponseHeaders": {
        "Cache-Control": "no-store, no-cache",
        "Content-Length": "21",
        "Content-Type": "application/json",
        "Date": "Mon, 17 Apr 2023 02:25:59 GMT",
        "Pragma": "no-cache",
        "Server": "Microsoft-HTTPAPI/2.0",
        "Strict-Transport-Security": "max-age=31536000; includeSubDomains",
        "X-Content-Type-Options": "nosniff",
        "x-ms-correlation-request-id": "111f7f03-2fd9-472f-adf9-c9d86509aa46",
        "x-ms-gatewayversion": "version=2.14.0",
        "x-ms-ratelimit-remaining-subscription-reads": "11863",
        "x-ms-request-id": "111f7f03-2fd9-472f-adf9-c9d86509aa46",
        "x-ms-routing-request-id": "WESTCENTRALUS:20230417T022600Z:111f7f03-2fd9-472f-adf9-c9d86509aa46"
      },
      "ResponseBody": {
        "status": "Dequeued"
      }
    },
    {
      "RequestUri": "https://management.azure.com/subscriptions/23587e98-b6ac-4328-a753-03bcd3c8e744/providers/Microsoft.DocumentDB/locations/westus2/operationsStatus/6c567ad3-29fc-40fa-ae82-4e1ec22396d7?api-version=2022-11-15-preview",
      "RequestMethod": "GET",
      "RequestHeaders": {
        "Authorization": "Sanitized",
        "traceparent": "00-b7d6888980e0efcdd6d98df49a8a632a-7c4ff2494dd535b2-00",
        "User-Agent": "azsdk-net-ResourceManager/1.4.0 (.NET 7.0.4; Microsoft Windows 10.0.22621)",
        "x-ms-client-request-id": "b48e4c00b1ca02372bbdfa41479a5098",
        "x-ms-return-client-request-id": "true"
      },
      "RequestBody": null,
      "StatusCode": 200,
      "ResponseHeaders": {
        "Cache-Control": "no-store, no-cache",
        "Content-Length": "21",
        "Content-Type": "application/json",
        "Date": "Mon, 17 Apr 2023 02:26:32 GMT",
        "Pragma": "no-cache",
        "Server": "Microsoft-HTTPAPI/2.0",
        "Strict-Transport-Security": "max-age=31536000; includeSubDomains",
        "X-Content-Type-Options": "nosniff",
        "x-ms-correlation-request-id": "c39ea6d4-a27b-4452-8f6c-84749201181a",
        "x-ms-gatewayversion": "version=2.14.0",
        "x-ms-ratelimit-remaining-subscription-reads": "11862",
        "x-ms-request-id": "c39ea6d4-a27b-4452-8f6c-84749201181a",
        "x-ms-routing-request-id": "WESTCENTRALUS:20230417T022632Z:c39ea6d4-a27b-4452-8f6c-84749201181a"
      },
      "ResponseBody": {
        "status": "Dequeued"
      }
    },
    {
      "RequestUri": "https://management.azure.com/subscriptions/23587e98-b6ac-4328-a753-03bcd3c8e744/providers/Microsoft.DocumentDB/locations/westus2/operationsStatus/6c567ad3-29fc-40fa-ae82-4e1ec22396d7?api-version=2022-11-15-preview",
      "RequestMethod": "GET",
      "RequestHeaders": {
        "Authorization": "Sanitized",
        "traceparent": "00-b7d6888980e0efcdd6d98df49a8a632a-889580d4d649165a-00",
        "User-Agent": "azsdk-net-ResourceManager/1.4.0 (.NET 7.0.4; Microsoft Windows 10.0.22621)",
        "x-ms-client-request-id": "7b437197b6b01d89bf88beb960271b75",
        "x-ms-return-client-request-id": "true"
      },
      "RequestBody": null,
      "StatusCode": 200,
      "ResponseHeaders": {
        "Cache-Control": "no-store, no-cache",
        "Content-Length": "21",
        "Content-Type": "application/json",
        "Date": "Mon, 17 Apr 2023 02:27:04 GMT",
        "Pragma": "no-cache",
        "Server": "Microsoft-HTTPAPI/2.0",
        "Strict-Transport-Security": "max-age=31536000; includeSubDomains",
        "X-Content-Type-Options": "nosniff",
        "x-ms-correlation-request-id": "86fc1ec5-022f-43e9-bf8f-5314eb71ae83",
        "x-ms-gatewayversion": "version=2.14.0",
        "x-ms-ratelimit-remaining-subscription-reads": "11861",
        "x-ms-request-id": "86fc1ec5-022f-43e9-bf8f-5314eb71ae83",
        "x-ms-routing-request-id": "WESTCENTRALUS:20230417T022704Z:86fc1ec5-022f-43e9-bf8f-5314eb71ae83"
      },
      "ResponseBody": {
        "status": "Dequeued"
      }
    },
    {
      "RequestUri": "https://management.azure.com/subscriptions/23587e98-b6ac-4328-a753-03bcd3c8e744/providers/Microsoft.DocumentDB/locations/westus2/operationsStatus/6c567ad3-29fc-40fa-ae82-4e1ec22396d7?api-version=2022-11-15-preview",
      "RequestMethod": "GET",
      "RequestHeaders": {
        "Authorization": "Sanitized",
        "traceparent": "00-b7d6888980e0efcdd6d98df49a8a632a-981ca8dc37d73886-00",
        "User-Agent": "azsdk-net-ResourceManager/1.4.0 (.NET 7.0.4; Microsoft Windows 10.0.22621)",
        "x-ms-client-request-id": "3aec160def67b5fc294e5587fce3c832",
        "x-ms-return-client-request-id": "true"
      },
      "RequestBody": null,
      "StatusCode": 200,
      "ResponseHeaders": {
        "Cache-Control": "no-store, no-cache",
        "Content-Length": "21",
        "Content-Type": "application/json",
        "Date": "Mon, 17 Apr 2023 02:27:36 GMT",
        "Pragma": "no-cache",
        "Server": "Microsoft-HTTPAPI/2.0",
        "Strict-Transport-Security": "max-age=31536000; includeSubDomains",
        "X-Content-Type-Options": "nosniff",
        "x-ms-correlation-request-id": "95b1448c-03ca-46d5-bd77-9235ce91b042",
        "x-ms-gatewayversion": "version=2.14.0",
        "x-ms-ratelimit-remaining-subscription-reads": "11860",
        "x-ms-request-id": "95b1448c-03ca-46d5-bd77-9235ce91b042",
        "x-ms-routing-request-id": "WESTCENTRALUS:20230417T022736Z:95b1448c-03ca-46d5-bd77-9235ce91b042"
      },
      "ResponseBody": {
        "status": "Dequeued"
      }
    },
    {
      "RequestUri": "https://management.azure.com/subscriptions/23587e98-b6ac-4328-a753-03bcd3c8e744/providers/Microsoft.DocumentDB/locations/westus2/operationsStatus/6c567ad3-29fc-40fa-ae82-4e1ec22396d7?api-version=2022-11-15-preview",
      "RequestMethod": "GET",
      "RequestHeaders": {
        "Authorization": "Sanitized",
        "traceparent": "00-b7d6888980e0efcdd6d98df49a8a632a-cd5b068b928e8a7b-00",
        "User-Agent": "azsdk-net-ResourceManager/1.4.0 (.NET 7.0.4; Microsoft Windows 10.0.22621)",
        "x-ms-client-request-id": "081f040bdaf649c7c270f542f27da104",
        "x-ms-return-client-request-id": "true"
      },
      "RequestBody": null,
      "StatusCode": 200,
      "ResponseHeaders": {
        "Cache-Control": "no-store, no-cache",
        "Content-Length": "21",
        "Content-Type": "application/json",
        "Date": "Mon, 17 Apr 2023 02:28:09 GMT",
        "Pragma": "no-cache",
        "Server": "Microsoft-HTTPAPI/2.0",
        "Strict-Transport-Security": "max-age=31536000; includeSubDomains",
        "X-Content-Type-Options": "nosniff",
        "x-ms-correlation-request-id": "72b31099-983f-4e3b-bc7a-2b4b74105eae",
        "x-ms-gatewayversion": "version=2.14.0",
        "x-ms-ratelimit-remaining-subscription-reads": "11859",
        "x-ms-request-id": "72b31099-983f-4e3b-bc7a-2b4b74105eae",
        "x-ms-routing-request-id": "WESTCENTRALUS:20230417T022809Z:72b31099-983f-4e3b-bc7a-2b4b74105eae"
      },
      "ResponseBody": {
        "status": "Dequeued"
      }
    },
    {
      "RequestUri": "https://management.azure.com/subscriptions/23587e98-b6ac-4328-a753-03bcd3c8e744/providers/Microsoft.DocumentDB/locations/westus2/operationsStatus/6c567ad3-29fc-40fa-ae82-4e1ec22396d7?api-version=2022-11-15-preview",
      "RequestMethod": "GET",
      "RequestHeaders": {
        "Authorization": "Sanitized",
        "traceparent": "00-b7d6888980e0efcdd6d98df49a8a632a-4ba1531ae42bede0-00",
        "User-Agent": "azsdk-net-ResourceManager/1.4.0 (.NET 7.0.4; Microsoft Windows 10.0.22621)",
        "x-ms-client-request-id": "313484a115aea731758d5162600121dc",
        "x-ms-return-client-request-id": "true"
      },
      "RequestBody": null,
      "StatusCode": 200,
      "ResponseHeaders": {
        "Cache-Control": "no-store, no-cache",
        "Content-Length": "22",
        "Content-Type": "application/json",
        "Date": "Mon, 17 Apr 2023 02:28:40 GMT",
        "Pragma": "no-cache",
        "Server": "Microsoft-HTTPAPI/2.0",
        "Strict-Transport-Security": "max-age=31536000; includeSubDomains",
        "X-Content-Type-Options": "nosniff",
        "x-ms-correlation-request-id": "f3f3e3df-26d6-4ff8-8bb1-943e857edb47",
        "x-ms-gatewayversion": "version=2.14.0",
        "x-ms-ratelimit-remaining-subscription-reads": "11858",
        "x-ms-request-id": "f3f3e3df-26d6-4ff8-8bb1-943e857edb47",
        "x-ms-routing-request-id": "WESTCENTRALUS:20230417T022841Z:f3f3e3df-26d6-4ff8-8bb1-943e857edb47"
      },
      "ResponseBody": {
        "status": "Succeeded"
      }
    },
    {
      "RequestUri": "https://management.azure.com/subscriptions/23587e98-b6ac-4328-a753-03bcd3c8e744/resourceGroups/dbaccount-2619/providers/Microsoft.DocumentDB/databaseAccounts/dbaccount-555?api-version=2022-11-15-preview",
      "RequestMethod": "GET",
      "RequestHeaders": {
        "Authorization": "Sanitized",
        "traceparent": "00-b7d6888980e0efcdd6d98df49a8a632a-8ad54eefbe00ce64-00",
        "User-Agent": "azsdk-net-ResourceManager/1.4.0 (.NET 7.0.4; Microsoft Windows 10.0.22621)",
        "x-ms-client-request-id": "5cae8cbf1307337f4ea277f6fabac2ac",
        "x-ms-return-client-request-id": "true"
      },
      "RequestBody": null,
      "StatusCode": 200,
      "ResponseHeaders": {
        "Cache-Control": "no-store, no-cache",
        "Content-Length": "2957",
        "Content-Type": "application/json",
        "Date": "Mon, 17 Apr 2023 02:28:40 GMT",
        "Pragma": "no-cache",
        "Server": "Microsoft-HTTPAPI/2.0",
        "Strict-Transport-Security": "max-age=31536000; includeSubDomains",
        "X-Content-Type-Options": "nosniff",
        "x-ms-correlation-request-id": "d3d1214c-a5d3-4ecb-b070-2abda2532a6e",
        "x-ms-gatewayversion": "version=2.14.0",
        "x-ms-ratelimit-remaining-subscription-reads": "11857",
        "x-ms-request-id": "d3d1214c-a5d3-4ecb-b070-2abda2532a6e",
        "x-ms-routing-request-id": "WESTCENTRALUS:20230417T022841Z:d3d1214c-a5d3-4ecb-b070-2abda2532a6e"
      },
      "ResponseBody": {
        "id": "/subscriptions/23587e98-b6ac-4328-a753-03bcd3c8e744/resourceGroups/dbaccount-2619/providers/Microsoft.DocumentDB/databaseAccounts/dbaccount-555",
        "name": "dbaccount-555",
        "location": "West US 2",
        "type": "Microsoft.DocumentDB/databaseAccounts",
        "kind": "MongoDB",
        "tags": {
          "key1": "value1",
          "key2": "value2"
        },
        "systemData": {
          "createdAt": "2023-04-17T02:27:50.2671541Z"
        },
        "properties": {
          "provisioningState": "Succeeded",
          "documentEndpoint": "https://dbaccount-555.documents.azure.com:443/",
          "sqlEndpoint": "https://dbaccount-555.documents.azure.com:443/",
          "mongoEndpoint": "https://dbaccount-555.mongo.cosmos.azure.com:443/",
          "publicNetworkAccess": "Enabled",
          "enableAutomaticFailover": false,
          "enableMultipleWriteLocations": false,
          "enablePartitionKeyMonitor": false,
          "isVirtualNetworkFilterEnabled": true,
          "virtualNetworkRules": [],
          "EnabledApiTypes": "MongoDB",
          "disableKeyBasedMetadataWriteAccess": false,
          "enableFreeTier": false,
          "enableAnalyticalStorage": false,
          "analyticalStorageConfiguration": {
            "schemaType": "FullFidelity"
          },
          "instanceId": "ddc9146e-814d-4608-a55c-eb0d04f49574",
          "databaseAccountOfferType": "Standard",
          "enableMaterializedViews": false,
          "defaultIdentity": "FirstPartyIdentity",
          "networkAclBypass": "None",
          "disableLocalAuth": false,
          "enablePartitionMerge": false,
          "enableBurstCapacity": true,
          "minimalTlsVersion": "Tls12",
          "consistencyPolicy": {
            "defaultConsistencyLevel": "BoundedStaleness",
            "maxIntervalInSeconds": 1000,
            "maxStalenessPrefix": 300
          },
          "apiProperties": {
            "serverVersion": "3.6"
          },
          "configurationOverrides": {
            "EnableBsonSchema": "True"
          },
          "writeLocations": [
            {
              "id": "dbaccount-555-westus",
              "locationName": "West US",
              "documentEndpoint": "https://dbaccount-555-westus.documents.azure.com:443/",
              "provisioningState": "Succeeded",
              "failoverPriority": 0,
              "isZoneRedundant": false
            }
          ],
          "readLocations": [
            {
              "id": "dbaccount-555-westus",
              "locationName": "West US",
              "documentEndpoint": "https://dbaccount-555-westus.documents.azure.com:443/",
              "provisioningState": "Succeeded",
              "failoverPriority": 0,
              "isZoneRedundant": false
            }
          ],
          "locations": [
            {
              "id": "dbaccount-555-westus",
              "locationName": "West US",
              "documentEndpoint": "https://dbaccount-555-westus.documents.azure.com:443/",
              "provisioningState": "Succeeded",
              "failoverPriority": 0,
              "isZoneRedundant": false
            }
          ],
          "failoverPolicies": [
            {
              "id": "dbaccount-555-westus",
              "locationName": "West US",
              "failoverPriority": 0
            }
          ],
          "cors": [],
          "capabilities": [
            {
              "name": "EnableMongo"
            }
          ],
          "ipRules": [
            {
              "ipAddressOrRange": "23.43.230.120"
            }
          ],
          "backupPolicy": {
            "type": "Periodic",
            "periodicModeProperties": {
              "backupIntervalInMinutes": 240,
              "backupRetentionIntervalInHours": 8,
              "backupStorageRedundancy": "Geo"
            }
          },
          "networkAclBypassResourceIds": [],
          "diagnosticLogSettings": {
            "enableFullTextQuery": "None"
          },
          "keysMetadata": {
            "primaryMasterKey": {
              "generationTime": "2023-04-17T02:27:50.2671541Z"
            },
            "secondaryMasterKey": {
              "generationTime": "2023-04-17T02:27:50.2671541Z"
            },
            "primaryReadonlyMasterKey": {
              "generationTime": "2023-04-17T02:27:50.2671541Z"
            },
            "secondaryReadonlyMasterKey": {
              "generationTime": "2023-04-17T02:27:50.2671541Z"
            }
          }
        },
        "identity": {
          "type": "None"
        }
      }
    },
    {
      "RequestUri": "https://management.azure.com/subscriptions/23587e98-b6ac-4328-a753-03bcd3c8e744/resourceGroups/dbaccount-2619/providers/Microsoft.DocumentDB/databaseAccounts?api-version=2022-11-15-preview",
      "RequestMethod": "GET",
      "RequestHeaders": {
        "Accept": "application/json",
        "Authorization": "Sanitized",
        "traceparent": "00-71c0057ec499444caca39c96c447a30a-dd55403cb45b21bd-00",
        "User-Agent": "azsdk-net-ResourceManager.CosmosDB/1.3.0-alpha.20230416.1 (.NET 7.0.4; Microsoft Windows 10.0.22621)",
        "x-ms-client-request-id": "77e651ac97aef683d27793688865e9c0",
        "x-ms-return-client-request-id": "true"
      },
      "RequestBody": null,
      "StatusCode": 200,
      "ResponseHeaders": {
        "Cache-Control": "no-store, no-cache",
        "Content-Length": "2969",
        "Content-Type": "application/json",
        "Date": "Mon, 17 Apr 2023 02:28:41 GMT",
        "Pragma": "no-cache",
        "Server": "Microsoft-HTTPAPI/2.0",
        "Strict-Transport-Security": "max-age=31536000; includeSubDomains",
        "X-Content-Type-Options": "nosniff",
        "x-ms-correlation-request-id": "2f4f3c37-4e3e-4568-ac6c-e9617c05e763",
        "x-ms-gatewayversion": "version=2.14.0",
        "x-ms-ratelimit-remaining-subscription-reads": "11856",
        "x-ms-request-id": "2f4f3c37-4e3e-4568-ac6c-e9617c05e763",
        "x-ms-routing-request-id": "WESTCENTRALUS:20230417T022841Z:2f4f3c37-4e3e-4568-ac6c-e9617c05e763"
      },
      "ResponseBody": {
        "value": [
          {
            "id": "/subscriptions/23587e98-b6ac-4328-a753-03bcd3c8e744/resourceGroups/dbaccount-2619/providers/Microsoft.DocumentDB/databaseAccounts/dbaccount-555",
            "name": "dbaccount-555",
            "location": "West US 2",
            "type": "Microsoft.DocumentDB/databaseAccounts",
            "kind": "MongoDB",
            "tags": {
              "key1": "value1",
              "key2": "value2"
            },
            "systemData": {
              "createdAt": "2023-04-17T02:27:50.2671541Z"
            },
            "properties": {
              "provisioningState": "Succeeded",
              "documentEndpoint": "https://dbaccount-555.documents.azure.com:443/",
              "sqlEndpoint": "https://dbaccount-555.documents.azure.com:443/",
              "mongoEndpoint": "https://dbaccount-555.mongo.cosmos.azure.com:443/",
              "publicNetworkAccess": "Enabled",
              "enableAutomaticFailover": false,
              "enableMultipleWriteLocations": false,
              "enablePartitionKeyMonitor": false,
              "isVirtualNetworkFilterEnabled": true,
              "virtualNetworkRules": [],
              "EnabledApiTypes": "MongoDB",
              "disableKeyBasedMetadataWriteAccess": false,
              "enableFreeTier": false,
              "enableAnalyticalStorage": false,
              "analyticalStorageConfiguration": {
                "schemaType": "FullFidelity"
              },
              "instanceId": "ddc9146e-814d-4608-a55c-eb0d04f49574",
              "databaseAccountOfferType": "Standard",
              "enableMaterializedViews": false,
              "defaultIdentity": "FirstPartyIdentity",
              "networkAclBypass": "None",
              "disableLocalAuth": false,
              "enablePartitionMerge": false,
              "enableBurstCapacity": true,
              "minimalTlsVersion": "Tls12",
              "consistencyPolicy": {
                "defaultConsistencyLevel": "BoundedStaleness",
                "maxIntervalInSeconds": 1000,
                "maxStalenessPrefix": 300
              },
              "apiProperties": {
                "serverVersion": "3.6"
              },
              "configurationOverrides": {
                "EnableBsonSchema": "True"
              },
              "writeLocations": [
                {
                  "id": "dbaccount-555-westus",
                  "locationName": "West US",
                  "documentEndpoint": "https://dbaccount-555-westus.documents.azure.com:443/",
                  "provisioningState": "Succeeded",
                  "failoverPriority": 0,
                  "isZoneRedundant": false
                }
              ],
              "readLocations": [
                {
                  "id": "dbaccount-555-westus",
                  "locationName": "West US",
                  "documentEndpoint": "https://dbaccount-555-westus.documents.azure.com:443/",
                  "provisioningState": "Succeeded",
                  "failoverPriority": 0,
                  "isZoneRedundant": false
                }
              ],
              "locations": [
                {
                  "id": "dbaccount-555-westus",
                  "locationName": "West US",
                  "documentEndpoint": "https://dbaccount-555-westus.documents.azure.com:443/",
                  "provisioningState": "Succeeded",
                  "failoverPriority": 0,
                  "isZoneRedundant": false
                }
              ],
              "failoverPolicies": [
                {
                  "id": "dbaccount-555-westus",
                  "locationName": "West US",
                  "failoverPriority": 0
                }
              ],
              "cors": [],
              "capabilities": [
                {
                  "name": "EnableMongo"
                }
              ],
              "ipRules": [
                {
                  "ipAddressOrRange": "23.43.230.120"
                }
              ],
              "backupPolicy": {
                "type": "Periodic",
                "periodicModeProperties": {
                  "backupIntervalInMinutes": 240,
                  "backupRetentionIntervalInHours": 8,
                  "backupStorageRedundancy": "Geo"
                }
              },
              "networkAclBypassResourceIds": [],
              "diagnosticLogSettings": {
                "enableFullTextQuery": "None"
              },
              "keysMetadata": {
                "primaryMasterKey": {
                  "generationTime": "2023-04-17T02:27:50.2671541Z"
                },
                "secondaryMasterKey": {
                  "generationTime": "2023-04-17T02:27:50.2671541Z"
                },
                "primaryReadonlyMasterKey": {
                  "generationTime": "2023-04-17T02:27:50.2671541Z"
                },
                "secondaryReadonlyMasterKey": {
                  "generationTime": "2023-04-17T02:27:50.2671541Z"
                }
              }
            },
            "identity": {
              "type": "None"
            }
          }
        ]
      }
    },
    {
      "RequestUri": "https://management.azure.com/subscriptions/23587e98-b6ac-4328-a753-03bcd3c8e744/resourceGroups/dbaccount-2619/providers/Microsoft.DocumentDB/databaseAccounts/dbaccount-555?api-version=2022-11-15-preview",
      "RequestMethod": "GET",
      "RequestHeaders": {
        "Accept": "application/json",
        "Authorization": "Sanitized",
        "traceparent": "00-fbe4b308b3a59e6c2bcc5740d8a97c42-8f187c848f1b6134-00",
        "User-Agent": "azsdk-net-ResourceManager.CosmosDB/1.3.0-alpha.20230416.1 (.NET 7.0.4; Microsoft Windows 10.0.22621)",
        "x-ms-client-request-id": "6682194e45cf8efd0401e20c9d3badba",
        "x-ms-return-client-request-id": "true"
      },
      "RequestBody": null,
      "StatusCode": 200,
      "ResponseHeaders": {
        "Cache-Control": "no-store, no-cache",
        "Content-Length": "2957",
        "Content-Type": "application/json",
        "Date": "Mon, 17 Apr 2023 02:28:41 GMT",
        "Pragma": "no-cache",
        "Server": "Microsoft-HTTPAPI/2.0",
        "Strict-Transport-Security": "max-age=31536000; includeSubDomains",
        "X-Content-Type-Options": "nosniff",
        "x-ms-correlation-request-id": "0bb669eb-3bbb-4279-abc3-3690fadab939",
        "x-ms-gatewayversion": "version=2.14.0",
        "x-ms-ratelimit-remaining-subscription-reads": "11855",
        "x-ms-request-id": "0bb669eb-3bbb-4279-abc3-3690fadab939",
        "x-ms-routing-request-id": "WESTCENTRALUS:20230417T022841Z:0bb669eb-3bbb-4279-abc3-3690fadab939"
      },
      "ResponseBody": {
        "id": "/subscriptions/23587e98-b6ac-4328-a753-03bcd3c8e744/resourceGroups/dbaccount-2619/providers/Microsoft.DocumentDB/databaseAccounts/dbaccount-555",
        "name": "dbaccount-555",
        "location": "West US 2",
        "type": "Microsoft.DocumentDB/databaseAccounts",
        "kind": "MongoDB",
        "tags": {
          "key1": "value1",
          "key2": "value2"
        },
        "systemData": {
          "createdAt": "2023-04-17T02:27:50.2671541Z"
        },
        "properties": {
          "provisioningState": "Succeeded",
          "documentEndpoint": "https://dbaccount-555.documents.azure.com:443/",
          "sqlEndpoint": "https://dbaccount-555.documents.azure.com:443/",
          "mongoEndpoint": "https://dbaccount-555.mongo.cosmos.azure.com:443/",
          "publicNetworkAccess": "Enabled",
          "enableAutomaticFailover": false,
          "enableMultipleWriteLocations": false,
          "enablePartitionKeyMonitor": false,
          "isVirtualNetworkFilterEnabled": true,
          "virtualNetworkRules": [],
          "EnabledApiTypes": "MongoDB",
          "disableKeyBasedMetadataWriteAccess": false,
          "enableFreeTier": false,
          "enableAnalyticalStorage": false,
          "analyticalStorageConfiguration": {
            "schemaType": "FullFidelity"
          },
          "instanceId": "ddc9146e-814d-4608-a55c-eb0d04f49574",
          "databaseAccountOfferType": "Standard",
          "enableMaterializedViews": false,
          "defaultIdentity": "FirstPartyIdentity",
          "networkAclBypass": "None",
          "disableLocalAuth": false,
          "enablePartitionMerge": false,
          "enableBurstCapacity": true,
          "minimalTlsVersion": "Tls12",
          "consistencyPolicy": {
            "defaultConsistencyLevel": "BoundedStaleness",
            "maxIntervalInSeconds": 1000,
            "maxStalenessPrefix": 300
          },
          "apiProperties": {
            "serverVersion": "3.6"
          },
          "configurationOverrides": {
            "EnableBsonSchema": "True"
          },
          "writeLocations": [
            {
              "id": "dbaccount-555-westus",
              "locationName": "West US",
              "documentEndpoint": "https://dbaccount-555-westus.documents.azure.com:443/",
              "provisioningState": "Succeeded",
              "failoverPriority": 0,
              "isZoneRedundant": false
            }
          ],
          "readLocations": [
            {
              "id": "dbaccount-555-westus",
              "locationName": "West US",
              "documentEndpoint": "https://dbaccount-555-westus.documents.azure.com:443/",
              "provisioningState": "Succeeded",
              "failoverPriority": 0,
              "isZoneRedundant": false
            }
          ],
          "locations": [
            {
              "id": "dbaccount-555-westus",
              "locationName": "West US",
              "documentEndpoint": "https://dbaccount-555-westus.documents.azure.com:443/",
              "provisioningState": "Succeeded",
              "failoverPriority": 0,
              "isZoneRedundant": false
            }
          ],
          "failoverPolicies": [
            {
              "id": "dbaccount-555-westus",
              "locationName": "West US",
              "failoverPriority": 0
            }
          ],
          "cors": [],
          "capabilities": [
            {
              "name": "EnableMongo"
            }
          ],
          "ipRules": [
            {
              "ipAddressOrRange": "23.43.230.120"
            }
          ],
          "backupPolicy": {
            "type": "Periodic",
            "periodicModeProperties": {
              "backupIntervalInMinutes": 240,
              "backupRetentionIntervalInHours": 8,
              "backupStorageRedundancy": "Geo"
            }
          },
          "networkAclBypassResourceIds": [],
          "diagnosticLogSettings": {
            "enableFullTextQuery": "None"
          },
          "keysMetadata": {
            "primaryMasterKey": {
              "generationTime": "2023-04-17T02:27:50.2671541Z"
            },
            "secondaryMasterKey": {
              "generationTime": "2023-04-17T02:27:50.2671541Z"
            },
            "primaryReadonlyMasterKey": {
              "generationTime": "2023-04-17T02:27:50.2671541Z"
            },
            "secondaryReadonlyMasterKey": {
              "generationTime": "2023-04-17T02:27:50.2671541Z"
            }
          }
        },
        "identity": {
          "type": "None"
        }
      }
    },
    {
      "RequestUri": "https://management.azure.com/subscriptions/23587e98-b6ac-4328-a753-03bcd3c8e744/resourceGroups/dbaccount-2619/providers/Microsoft.DocumentDB/databaseAccounts/dbaccount-555?api-version=2022-11-15-preview",
      "RequestMethod": "DELETE",
      "RequestHeaders": {
        "Authorization": "Sanitized",
        "traceparent": "00-1d80ade5fdf2e3fd9ccb1d6e970ce348-e867d73d5c302066-00",
        "User-Agent": "azsdk-net-ResourceManager.CosmosDB/1.3.0-alpha.20230416.1 (.NET 7.0.4; Microsoft Windows 10.0.22621)",
        "x-ms-client-request-id": "0fb5a5cba91b282d09b78a8f7f17aae8",
        "x-ms-return-client-request-id": "true"
      },
      "RequestBody": null,
      "StatusCode": 202,
      "ResponseHeaders": {
        "Azure-AsyncOperation": "https://management.azure.com/subscriptions/23587e98-b6ac-4328-a753-03bcd3c8e744/providers/Microsoft.DocumentDB/locations/westus2/operationsStatus/7ce233d5-8cf1-4719-b1a9-6f9ba4e38c56?api-version=2022-11-15-preview",
        "Cache-Control": "no-store, no-cache",
        "Content-Length": "21",
        "Content-Type": "application/json",
        "Date": "Mon, 17 Apr 2023 02:28:42 GMT",
        "Location": "https://management.azure.com/subscriptions/23587e98-b6ac-4328-a753-03bcd3c8e744/providers/Microsoft.DocumentDB/locations/westus2/operationResults/7ce233d5-8cf1-4719-b1a9-6f9ba4e38c56?api-version=2022-11-15-preview",
        "Pragma": "no-cache",
        "Server": "Microsoft-HTTPAPI/2.0",
        "Strict-Transport-Security": "max-age=31536000; includeSubDomains",
        "X-Content-Type-Options": "nosniff",
        "x-ms-correlation-request-id": "2e9ab853-3b66-4bcb-bd0d-46af8ff9d9b1",
        "x-ms-gatewayversion": "version=2.14.0",
        "x-ms-ratelimit-remaining-subscription-deletes": "14997",
        "x-ms-request-id": "7ce233d5-8cf1-4719-b1a9-6f9ba4e38c56",
        "x-ms-routing-request-id": "WESTCENTRALUS:20230417T022842Z:2e9ab853-3b66-4bcb-bd0d-46af8ff9d9b1"
      },
      "ResponseBody": {
        "status": "Enqueued"
      }
    },
    {
      "RequestUri": "https://management.azure.com/subscriptions/23587e98-b6ac-4328-a753-03bcd3c8e744/providers/Microsoft.DocumentDB/locations/westus2/operationsStatus/7ce233d5-8cf1-4719-b1a9-6f9ba4e38c56?api-version=2022-11-15-preview",
      "RequestMethod": "GET",
      "RequestHeaders": {
        "Authorization": "Sanitized",
        "traceparent": "00-1d80ade5fdf2e3fd9ccb1d6e970ce348-fd2450b0c1938a1a-00",
        "User-Agent": "azsdk-net-ResourceManager/1.4.0 (.NET 7.0.4; Microsoft Windows 10.0.22621)",
        "x-ms-client-request-id": "e39cd8cad9afa4a5eb5a5d17bb6d0eed",
        "x-ms-return-client-request-id": "true"
      },
      "RequestBody": null,
      "StatusCode": 200,
      "ResponseHeaders": {
        "Cache-Control": "no-store, no-cache",
        "Content-Length": "21",
        "Content-Type": "application/json",
        "Date": "Mon, 17 Apr 2023 02:28:42 GMT",
        "Pragma": "no-cache",
        "Server": "Microsoft-HTTPAPI/2.0",
        "Strict-Transport-Security": "max-age=31536000; includeSubDomains",
        "X-Content-Type-Options": "nosniff",
        "x-ms-correlation-request-id": "7d6eb800-44ef-4da1-95b2-2b900e8403c9",
        "x-ms-gatewayversion": "version=2.14.0",
        "x-ms-ratelimit-remaining-subscription-reads": "11854",
        "x-ms-request-id": "7d6eb800-44ef-4da1-95b2-2b900e8403c9",
        "x-ms-routing-request-id": "WESTCENTRALUS:20230417T022842Z:7d6eb800-44ef-4da1-95b2-2b900e8403c9"
      },
      "ResponseBody": {
        "status": "Enqueued"
      }
    },
    {
      "RequestUri": "https://management.azure.com/subscriptions/23587e98-b6ac-4328-a753-03bcd3c8e744/providers/Microsoft.DocumentDB/locations/westus2/operationsStatus/7ce233d5-8cf1-4719-b1a9-6f9ba4e38c56?api-version=2022-11-15-preview",
      "RequestMethod": "GET",
      "RequestHeaders": {
        "Authorization": "Sanitized",
        "traceparent": "00-1d80ade5fdf2e3fd9ccb1d6e970ce348-d573c22f344c4b28-00",
        "User-Agent": "azsdk-net-ResourceManager/1.4.0 (.NET 7.0.4; Microsoft Windows 10.0.22621)",
        "x-ms-client-request-id": "e653f957cc936f82c94ebbc437807392",
        "x-ms-return-client-request-id": "true"
      },
      "RequestBody": null,
      "StatusCode": 200,
      "ResponseHeaders": {
        "Cache-Control": "no-store, no-cache",
        "Content-Length": "21",
        "Content-Type": "application/json",
        "Date": "Mon, 17 Apr 2023 02:28:43 GMT",
        "Pragma": "no-cache",
        "Server": "Microsoft-HTTPAPI/2.0",
        "Strict-Transport-Security": "max-age=31536000; includeSubDomains",
        "X-Content-Type-Options": "nosniff",
        "x-ms-correlation-request-id": "e5dd4818-8a52-4122-8133-bcb22de16c29",
        "x-ms-gatewayversion": "version=2.14.0",
        "x-ms-ratelimit-remaining-subscription-reads": "11853",
        "x-ms-request-id": "e5dd4818-8a52-4122-8133-bcb22de16c29",
        "x-ms-routing-request-id": "WESTCENTRALUS:20230417T022843Z:e5dd4818-8a52-4122-8133-bcb22de16c29"
      },
      "ResponseBody": {
        "status": "Enqueued"
      }
    },
    {
      "RequestUri": "https://management.azure.com/subscriptions/23587e98-b6ac-4328-a753-03bcd3c8e744/providers/Microsoft.DocumentDB/locations/westus2/operationsStatus/7ce233d5-8cf1-4719-b1a9-6f9ba4e38c56?api-version=2022-11-15-preview",
      "RequestMethod": "GET",
      "RequestHeaders": {
        "Authorization": "Sanitized",
        "traceparent": "00-1d80ade5fdf2e3fd9ccb1d6e970ce348-03ce3c604b7b4632-00",
        "User-Agent": "azsdk-net-ResourceManager/1.4.0 (.NET 7.0.4; Microsoft Windows 10.0.22621)",
        "x-ms-client-request-id": "a7c5f35fc77adf391102f5ddfec4abe6",
        "x-ms-return-client-request-id": "true"
      },
      "RequestBody": null,
      "StatusCode": 200,
      "ResponseHeaders": {
        "Cache-Control": "no-store, no-cache",
        "Content-Length": "21",
        "Content-Type": "application/json",
        "Date": "Mon, 17 Apr 2023 02:28:44 GMT",
        "Pragma": "no-cache",
        "Server": "Microsoft-HTTPAPI/2.0",
        "Strict-Transport-Security": "max-age=31536000; includeSubDomains",
        "X-Content-Type-Options": "nosniff",
        "x-ms-correlation-request-id": "56466bb7-5bcd-444a-93aa-b3e8f80b96fa",
        "x-ms-gatewayversion": "version=2.14.0",
        "x-ms-ratelimit-remaining-subscription-reads": "11852",
        "x-ms-request-id": "56466bb7-5bcd-444a-93aa-b3e8f80b96fa",
        "x-ms-routing-request-id": "WESTCENTRALUS:20230417T022845Z:56466bb7-5bcd-444a-93aa-b3e8f80b96fa"
      },
      "ResponseBody": {
        "status": "Enqueued"
      }
    },
    {
      "RequestUri": "https://management.azure.com/subscriptions/23587e98-b6ac-4328-a753-03bcd3c8e744/providers/Microsoft.DocumentDB/locations/westus2/operationsStatus/7ce233d5-8cf1-4719-b1a9-6f9ba4e38c56?api-version=2022-11-15-preview",
      "RequestMethod": "GET",
      "RequestHeaders": {
        "Authorization": "Sanitized",
        "traceparent": "00-1d80ade5fdf2e3fd9ccb1d6e970ce348-2ae3e9ff8e16a2e3-00",
        "User-Agent": "azsdk-net-ResourceManager/1.4.0 (.NET 7.0.4; Microsoft Windows 10.0.22621)",
        "x-ms-client-request-id": "ba5585487122fd03552d1a611ee06d6a",
        "x-ms-return-client-request-id": "true"
      },
      "RequestBody": null,
      "StatusCode": 200,
      "ResponseHeaders": {
        "Cache-Control": "no-store, no-cache",
        "Content-Length": "21",
        "Content-Type": "application/json",
        "Date": "Mon, 17 Apr 2023 02:28:45 GMT",
        "Pragma": "no-cache",
        "Server": "Microsoft-HTTPAPI/2.0",
        "Strict-Transport-Security": "max-age=31536000; includeSubDomains",
        "X-Content-Type-Options": "nosniff",
        "x-ms-correlation-request-id": "3b94181f-f5b8-4137-9f34-fdf55527ac31",
        "x-ms-gatewayversion": "version=2.14.0",
        "x-ms-ratelimit-remaining-subscription-reads": "11851",
        "x-ms-request-id": "3b94181f-f5b8-4137-9f34-fdf55527ac31",
        "x-ms-routing-request-id": "WESTCENTRALUS:20230417T022846Z:3b94181f-f5b8-4137-9f34-fdf55527ac31"
      },
      "ResponseBody": {
        "status": "Dequeued"
      }
    },
    {
      "RequestUri": "https://management.azure.com/subscriptions/23587e98-b6ac-4328-a753-03bcd3c8e744/providers/Microsoft.DocumentDB/locations/westus2/operationsStatus/7ce233d5-8cf1-4719-b1a9-6f9ba4e38c56?api-version=2022-11-15-preview",
      "RequestMethod": "GET",
      "RequestHeaders": {
        "Authorization": "Sanitized",
        "traceparent": "00-1d80ade5fdf2e3fd9ccb1d6e970ce348-735a140811982dcf-00",
        "User-Agent": "azsdk-net-ResourceManager/1.4.0 (.NET 7.0.4; Microsoft Windows 10.0.22621)",
        "x-ms-client-request-id": "c8b8cae667a89073c074d490d6a57004",
        "x-ms-return-client-request-id": "true"
      },
      "RequestBody": null,
      "StatusCode": 200,
      "ResponseHeaders": {
        "Cache-Control": "no-store, no-cache",
        "Content-Length": "21",
        "Content-Type": "application/json",
        "Date": "Mon, 17 Apr 2023 02:28:47 GMT",
        "Pragma": "no-cache",
        "Server": "Microsoft-HTTPAPI/2.0",
        "Strict-Transport-Security": "max-age=31536000; includeSubDomains",
        "X-Content-Type-Options": "nosniff",
        "x-ms-correlation-request-id": "9ebb6967-d5ed-4ca3-a4e8-97edc900a3f6",
        "x-ms-gatewayversion": "version=2.14.0",
        "x-ms-ratelimit-remaining-subscription-reads": "11850",
        "x-ms-request-id": "9ebb6967-d5ed-4ca3-a4e8-97edc900a3f6",
        "x-ms-routing-request-id": "WESTCENTRALUS:20230417T022848Z:9ebb6967-d5ed-4ca3-a4e8-97edc900a3f6"
      },
      "ResponseBody": {
        "status": "Dequeued"
      }
    },
    {
      "RequestUri": "https://management.azure.com/subscriptions/23587e98-b6ac-4328-a753-03bcd3c8e744/providers/Microsoft.DocumentDB/locations/westus2/operationsStatus/7ce233d5-8cf1-4719-b1a9-6f9ba4e38c56?api-version=2022-11-15-preview",
      "RequestMethod": "GET",
      "RequestHeaders": {
        "Authorization": "Sanitized",
        "traceparent": "00-1d80ade5fdf2e3fd9ccb1d6e970ce348-8260b2740071edd4-00",
        "User-Agent": "azsdk-net-ResourceManager/1.4.0 (.NET 7.0.4; Microsoft Windows 10.0.22621)",
        "x-ms-client-request-id": "b17bd4a3b82aed6fefc7514cacd7c030",
        "x-ms-return-client-request-id": "true"
      },
      "RequestBody": null,
      "StatusCode": 200,
      "ResponseHeaders": {
        "Cache-Control": "no-store, no-cache",
        "Content-Length": "21",
        "Content-Type": "application/json",
        "Date": "Mon, 17 Apr 2023 02:28:51 GMT",
        "Pragma": "no-cache",
        "Server": "Microsoft-HTTPAPI/2.0",
        "Strict-Transport-Security": "max-age=31536000; includeSubDomains",
        "X-Content-Type-Options": "nosniff",
        "x-ms-correlation-request-id": "1a102011-8a5c-4890-aabb-c54c126d0a68",
        "x-ms-gatewayversion": "version=2.14.0",
        "x-ms-ratelimit-remaining-subscription-reads": "11849",
        "x-ms-request-id": "1a102011-8a5c-4890-aabb-c54c126d0a68",
        "x-ms-routing-request-id": "WESTCENTRALUS:20230417T022852Z:1a102011-8a5c-4890-aabb-c54c126d0a68"
      },
      "ResponseBody": {
        "status": "Dequeued"
      }
    },
    {
      "RequestUri": "https://management.azure.com/subscriptions/23587e98-b6ac-4328-a753-03bcd3c8e744/providers/Microsoft.DocumentDB/locations/westus2/operationsStatus/7ce233d5-8cf1-4719-b1a9-6f9ba4e38c56?api-version=2022-11-15-preview",
      "RequestMethod": "GET",
      "RequestHeaders": {
        "Authorization": "Sanitized",
        "traceparent": "00-1d80ade5fdf2e3fd9ccb1d6e970ce348-247d68a6bd3258d0-00",
        "User-Agent": "azsdk-net-ResourceManager/1.4.0 (.NET 7.0.4; Microsoft Windows 10.0.22621)",
        "x-ms-client-request-id": "34f68a95e30be13d11c5f9ae9c7326af",
        "x-ms-return-client-request-id": "true"
      },
      "RequestBody": null,
      "StatusCode": 200,
      "ResponseHeaders": {
        "Cache-Control": "no-store, no-cache",
        "Content-Length": "21",
        "Content-Type": "application/json",
        "Date": "Mon, 17 Apr 2023 02:28:59 GMT",
        "Pragma": "no-cache",
        "Server": "Microsoft-HTTPAPI/2.0",
        "Strict-Transport-Security": "max-age=31536000; includeSubDomains",
        "X-Content-Type-Options": "nosniff",
        "x-ms-correlation-request-id": "43226109-423a-462d-a186-863477841c1f",
        "x-ms-gatewayversion": "version=2.14.0",
        "x-ms-ratelimit-remaining-subscription-reads": "11848",
        "x-ms-request-id": "43226109-423a-462d-a186-863477841c1f",
        "x-ms-routing-request-id": "WESTCENTRALUS:20230417T022900Z:43226109-423a-462d-a186-863477841c1f"
      },
      "ResponseBody": {
        "status": "Dequeued"
      }
    },
    {
      "RequestUri": "https://management.azure.com/subscriptions/23587e98-b6ac-4328-a753-03bcd3c8e744/providers/Microsoft.DocumentDB/locations/westus2/operationsStatus/7ce233d5-8cf1-4719-b1a9-6f9ba4e38c56?api-version=2022-11-15-preview",
      "RequestMethod": "GET",
      "RequestHeaders": {
        "Authorization": "Sanitized",
        "traceparent": "00-1d80ade5fdf2e3fd9ccb1d6e970ce348-21d17f7126f5eb84-00",
        "User-Agent": "azsdk-net-ResourceManager/1.4.0 (.NET 7.0.4; Microsoft Windows 10.0.22621)",
        "x-ms-client-request-id": "4abd15bcbb652e405acbd8e11526e3e8",
        "x-ms-return-client-request-id": "true"
      },
      "RequestBody": null,
      "StatusCode": 200,
      "ResponseHeaders": {
        "Cache-Control": "no-store, no-cache",
        "Content-Length": "21",
        "Content-Type": "application/json",
        "Date": "Mon, 17 Apr 2023 02:29:15 GMT",
        "Pragma": "no-cache",
        "Server": "Microsoft-HTTPAPI/2.0",
        "Strict-Transport-Security": "max-age=31536000; includeSubDomains",
        "X-Content-Type-Options": "nosniff",
        "x-ms-correlation-request-id": "5c90904f-1aaa-4101-bb46-ec94f338ebf7",
        "x-ms-gatewayversion": "version=2.14.0",
        "x-ms-ratelimit-remaining-subscription-reads": "11847",
        "x-ms-request-id": "5c90904f-1aaa-4101-bb46-ec94f338ebf7",
        "x-ms-routing-request-id": "WESTCENTRALUS:20230417T022916Z:5c90904f-1aaa-4101-bb46-ec94f338ebf7"
      },
      "ResponseBody": {
        "status": "Dequeued"
      }
    },
    {
      "RequestUri": "https://management.azure.com/subscriptions/23587e98-b6ac-4328-a753-03bcd3c8e744/providers/Microsoft.DocumentDB/locations/westus2/operationsStatus/7ce233d5-8cf1-4719-b1a9-6f9ba4e38c56?api-version=2022-11-15-preview",
      "RequestMethod": "GET",
      "RequestHeaders": {
        "Authorization": "Sanitized",
        "traceparent": "00-1d80ade5fdf2e3fd9ccb1d6e970ce348-f1ca0382bc6472b8-00",
        "User-Agent": "azsdk-net-ResourceManager/1.4.0 (.NET 7.0.4; Microsoft Windows 10.0.22621)",
        "x-ms-client-request-id": "4cfba4b43caec0f8969aa064bec1507c",
        "x-ms-return-client-request-id": "true"
      },
      "RequestBody": null,
      "StatusCode": 200,
      "ResponseHeaders": {
        "Cache-Control": "no-store, no-cache",
        "Content-Length": "21",
        "Content-Type": "application/json",
        "Date": "Mon, 17 Apr 2023 02:29:48 GMT",
        "Pragma": "no-cache",
        "Server": "Microsoft-HTTPAPI/2.0",
        "Strict-Transport-Security": "max-age=31536000; includeSubDomains",
        "X-Content-Type-Options": "nosniff",
        "x-ms-correlation-request-id": "31785ba0-f205-4f41-b749-72f5f6302847",
        "x-ms-gatewayversion": "version=2.14.0",
        "x-ms-ratelimit-remaining-subscription-reads": "11846",
        "x-ms-request-id": "31785ba0-f205-4f41-b749-72f5f6302847",
        "x-ms-routing-request-id": "WESTCENTRALUS:20230417T022948Z:31785ba0-f205-4f41-b749-72f5f6302847"
      },
      "ResponseBody": {
        "status": "Dequeued"
      }
    },
    {
      "RequestUri": "https://management.azure.com/subscriptions/23587e98-b6ac-4328-a753-03bcd3c8e744/providers/Microsoft.DocumentDB/locations/westus2/operationsStatus/7ce233d5-8cf1-4719-b1a9-6f9ba4e38c56?api-version=2022-11-15-preview",
      "RequestMethod": "GET",
      "RequestHeaders": {
        "Authorization": "Sanitized",
        "traceparent": "00-1d80ade5fdf2e3fd9ccb1d6e970ce348-e1ff34e406d8e927-00",
        "User-Agent": "azsdk-net-ResourceManager/1.4.0 (.NET 7.0.4; Microsoft Windows 10.0.22621)",
        "x-ms-client-request-id": "978fa1a0761ad9cb4ac8d9400a5ccbeb",
        "x-ms-return-client-request-id": "true"
      },
      "RequestBody": null,
      "StatusCode": 200,
      "ResponseHeaders": {
        "Cache-Control": "no-store, no-cache",
        "Content-Length": "21",
        "Content-Type": "application/json",
        "Date": "Mon, 17 Apr 2023 02:30:20 GMT",
        "Pragma": "no-cache",
        "Server": "Microsoft-HTTPAPI/2.0",
        "Strict-Transport-Security": "max-age=31536000; includeSubDomains",
        "X-Content-Type-Options": "nosniff",
        "x-ms-correlation-request-id": "147e6760-8be1-4b83-9818-a6c3126feaeb",
        "x-ms-gatewayversion": "version=2.14.0",
        "x-ms-ratelimit-remaining-subscription-reads": "11845",
        "x-ms-request-id": "147e6760-8be1-4b83-9818-a6c3126feaeb",
        "x-ms-routing-request-id": "WESTCENTRALUS:20230417T023020Z:147e6760-8be1-4b83-9818-a6c3126feaeb"
      },
      "ResponseBody": {
        "status": "Dequeued"
      }
    },
    {
      "RequestUri": "https://management.azure.com/subscriptions/23587e98-b6ac-4328-a753-03bcd3c8e744/providers/Microsoft.DocumentDB/locations/westus2/operationsStatus/7ce233d5-8cf1-4719-b1a9-6f9ba4e38c56?api-version=2022-11-15-preview",
      "RequestMethod": "GET",
      "RequestHeaders": {
        "Authorization": "Sanitized",
        "traceparent": "00-1d80ade5fdf2e3fd9ccb1d6e970ce348-b38b570b4b4d2212-00",
        "User-Agent": "azsdk-net-ResourceManager/1.4.0 (.NET 7.0.4; Microsoft Windows 10.0.22621)",
        "x-ms-client-request-id": "f8fa10e2da7780011cfdb3cb1bdb6f99",
        "x-ms-return-client-request-id": "true"
      },
      "RequestBody": null,
      "StatusCode": 200,
      "ResponseHeaders": {
        "Cache-Control": "no-store, no-cache",
        "Content-Length": "21",
        "Content-Type": "application/json",
        "Date": "Mon, 17 Apr 2023 02:30:52 GMT",
        "Pragma": "no-cache",
        "Server": "Microsoft-HTTPAPI/2.0",
        "Strict-Transport-Security": "max-age=31536000; includeSubDomains",
        "X-Content-Type-Options": "nosniff",
        "x-ms-correlation-request-id": "cc479361-2f2c-401d-9e81-916618608708",
        "x-ms-gatewayversion": "version=2.14.0",
        "x-ms-ratelimit-remaining-subscription-reads": "11844",
        "x-ms-request-id": "cc479361-2f2c-401d-9e81-916618608708",
        "x-ms-routing-request-id": "WESTCENTRALUS:20230417T023052Z:cc479361-2f2c-401d-9e81-916618608708"
      },
      "ResponseBody": {
        "status": "Dequeued"
      }
    },
    {
      "RequestUri": "https://management.azure.com/subscriptions/23587e98-b6ac-4328-a753-03bcd3c8e744/providers/Microsoft.DocumentDB/locations/westus2/operationsStatus/7ce233d5-8cf1-4719-b1a9-6f9ba4e38c56?api-version=2022-11-15-preview",
      "RequestMethod": "GET",
      "RequestHeaders": {
        "Authorization": "Sanitized",
        "traceparent": "00-1d80ade5fdf2e3fd9ccb1d6e970ce348-a3f955df69e1e456-00",
        "User-Agent": "azsdk-net-ResourceManager/1.4.0 (.NET 7.0.4; Microsoft Windows 10.0.22621)",
        "x-ms-client-request-id": "73405c7a4b963eced82101e662b8b63a",
        "x-ms-return-client-request-id": "true"
      },
      "RequestBody": null,
      "StatusCode": 200,
      "ResponseHeaders": {
        "Cache-Control": "no-store, no-cache",
        "Content-Length": "21",
        "Content-Type": "application/json",
        "Date": "Mon, 17 Apr 2023 02:31:24 GMT",
        "Pragma": "no-cache",
        "Server": "Microsoft-HTTPAPI/2.0",
        "Strict-Transport-Security": "max-age=31536000; includeSubDomains",
        "X-Content-Type-Options": "nosniff",
        "x-ms-correlation-request-id": "eabd62bc-666d-419c-b688-a1bf585ade92",
        "x-ms-gatewayversion": "version=2.14.0",
        "x-ms-ratelimit-remaining-subscription-reads": "11843",
        "x-ms-request-id": "eabd62bc-666d-419c-b688-a1bf585ade92",
        "x-ms-routing-request-id": "WESTCENTRALUS:20230417T023124Z:eabd62bc-666d-419c-b688-a1bf585ade92"
      },
      "ResponseBody": {
        "status": "Dequeued"
      }
    },
    {
      "RequestUri": "https://management.azure.com/subscriptions/23587e98-b6ac-4328-a753-03bcd3c8e744/providers/Microsoft.DocumentDB/locations/westus2/operationsStatus/7ce233d5-8cf1-4719-b1a9-6f9ba4e38c56?api-version=2022-11-15-preview",
      "RequestMethod": "GET",
      "RequestHeaders": {
        "Authorization": "Sanitized",
        "traceparent": "00-1d80ade5fdf2e3fd9ccb1d6e970ce348-3c14a04dae4bfd20-00",
        "User-Agent": "azsdk-net-ResourceManager/1.4.0 (.NET 7.0.4; Microsoft Windows 10.0.22621)",
        "x-ms-client-request-id": "ad82b4ce57c7c604a00f7b1dc200bd6f",
        "x-ms-return-client-request-id": "true"
      },
      "RequestBody": null,
      "StatusCode": 200,
      "ResponseHeaders": {
        "Cache-Control": "no-store, no-cache",
        "Content-Length": "21",
        "Content-Type": "application/json",
        "Date": "Mon, 17 Apr 2023 02:31:56 GMT",
        "Pragma": "no-cache",
        "Server": "Microsoft-HTTPAPI/2.0",
        "Strict-Transport-Security": "max-age=31536000; includeSubDomains",
        "X-Content-Type-Options": "nosniff",
        "x-ms-correlation-request-id": "da00da05-ec48-448c-9afd-cc8b03596d6e",
        "x-ms-gatewayversion": "version=2.14.0",
        "x-ms-ratelimit-remaining-subscription-reads": "11842",
        "x-ms-request-id": "da00da05-ec48-448c-9afd-cc8b03596d6e",
        "x-ms-routing-request-id": "WESTCENTRALUS:20230417T023157Z:da00da05-ec48-448c-9afd-cc8b03596d6e"
      },
      "ResponseBody": {
        "status": "Dequeued"
      }
    },
    {
      "RequestUri": "https://management.azure.com/subscriptions/23587e98-b6ac-4328-a753-03bcd3c8e744/providers/Microsoft.DocumentDB/locations/westus2/operationsStatus/7ce233d5-8cf1-4719-b1a9-6f9ba4e38c56?api-version=2022-11-15-preview",
      "RequestMethod": "GET",
      "RequestHeaders": {
        "Authorization": "Sanitized",
        "traceparent": "00-1d80ade5fdf2e3fd9ccb1d6e970ce348-9e2c67ce4732b408-00",
        "User-Agent": "azsdk-net-ResourceManager/1.4.0 (.NET 7.0.4; Microsoft Windows 10.0.22621)",
        "x-ms-client-request-id": "aec64058581c975542bc2056d81a1d64",
        "x-ms-return-client-request-id": "true"
      },
      "RequestBody": null,
      "StatusCode": 200,
      "ResponseHeaders": {
        "Cache-Control": "no-store, no-cache",
        "Content-Length": "21",
        "Content-Type": "application/json",
        "Date": "Mon, 17 Apr 2023 02:32:28 GMT",
        "Pragma": "no-cache",
        "Server": "Microsoft-HTTPAPI/2.0",
        "Strict-Transport-Security": "max-age=31536000; includeSubDomains",
        "X-Content-Type-Options": "nosniff",
        "x-ms-correlation-request-id": "0d50e24a-56fe-4825-9998-5cb54b8e097f",
        "x-ms-gatewayversion": "version=2.14.0",
        "x-ms-ratelimit-remaining-subscription-reads": "11841",
        "x-ms-request-id": "0d50e24a-56fe-4825-9998-5cb54b8e097f",
        "x-ms-routing-request-id": "WESTCENTRALUS:20230417T023229Z:0d50e24a-56fe-4825-9998-5cb54b8e097f"
      },
      "ResponseBody": {
        "status": "Dequeued"
      }
    },
    {
      "RequestUri": "https://management.azure.com/subscriptions/23587e98-b6ac-4328-a753-03bcd3c8e744/providers/Microsoft.DocumentDB/locations/westus2/operationsStatus/7ce233d5-8cf1-4719-b1a9-6f9ba4e38c56?api-version=2022-11-15-preview",
      "RequestMethod": "GET",
      "RequestHeaders": {
        "Authorization": "Sanitized",
        "traceparent": "00-1d80ade5fdf2e3fd9ccb1d6e970ce348-1d0c30a4ba000a1b-00",
        "User-Agent": "azsdk-net-ResourceManager/1.4.0 (.NET 7.0.4; Microsoft Windows 10.0.22621)",
        "x-ms-client-request-id": "67fc7947c15922d25779d287d0b17bd8",
        "x-ms-return-client-request-id": "true"
      },
      "RequestBody": null,
      "StatusCode": 200,
      "ResponseHeaders": {
        "Cache-Control": "no-store, no-cache",
        "Content-Length": "21",
        "Content-Type": "application/json",
        "Date": "Mon, 17 Apr 2023 02:33:01 GMT",
        "Pragma": "no-cache",
        "Server": "Microsoft-HTTPAPI/2.0",
        "Strict-Transport-Security": "max-age=31536000; includeSubDomains",
        "X-Content-Type-Options": "nosniff",
        "x-ms-correlation-request-id": "600b2487-29ee-4129-9238-3e3120dcbf80",
        "x-ms-gatewayversion": "version=2.14.0",
        "x-ms-ratelimit-remaining-subscription-reads": "11840",
        "x-ms-request-id": "600b2487-29ee-4129-9238-3e3120dcbf80",
        "x-ms-routing-request-id": "WESTCENTRALUS:20230417T023301Z:600b2487-29ee-4129-9238-3e3120dcbf80"
      },
      "ResponseBody": {
        "status": "Dequeued"
      }
    },
    {
      "RequestUri": "https://management.azure.com/subscriptions/23587e98-b6ac-4328-a753-03bcd3c8e744/providers/Microsoft.DocumentDB/locations/westus2/operationsStatus/7ce233d5-8cf1-4719-b1a9-6f9ba4e38c56?api-version=2022-11-15-preview",
      "RequestMethod": "GET",
      "RequestHeaders": {
        "Authorization": "Sanitized",
        "traceparent": "00-1d80ade5fdf2e3fd9ccb1d6e970ce348-819d55480fb38353-00",
        "User-Agent": "azsdk-net-ResourceManager/1.4.0 (.NET 7.0.4; Microsoft Windows 10.0.22621)",
        "x-ms-client-request-id": "228d926307f2751d5fea6b0a37aeed86",
        "x-ms-return-client-request-id": "true"
      },
      "RequestBody": null,
      "StatusCode": 200,
      "ResponseHeaders": {
        "Cache-Control": "no-store, no-cache",
        "Content-Length": "21",
        "Content-Type": "application/json",
        "Date": "Mon, 17 Apr 2023 02:33:32 GMT",
        "Pragma": "no-cache",
        "Server": "Microsoft-HTTPAPI/2.0",
        "Strict-Transport-Security": "max-age=31536000; includeSubDomains",
        "X-Content-Type-Options": "nosniff",
        "x-ms-correlation-request-id": "61af894c-e2a5-4b5c-9864-3e50ba343627",
        "x-ms-gatewayversion": "version=2.14.0",
        "x-ms-ratelimit-remaining-subscription-reads": "11839",
        "x-ms-request-id": "61af894c-e2a5-4b5c-9864-3e50ba343627",
        "x-ms-routing-request-id": "WESTCENTRALUS:20230417T023333Z:61af894c-e2a5-4b5c-9864-3e50ba343627"
      },
      "ResponseBody": {
        "status": "Dequeued"
      }
    },
    {
      "RequestUri": "https://management.azure.com/subscriptions/23587e98-b6ac-4328-a753-03bcd3c8e744/providers/Microsoft.DocumentDB/locations/westus2/operationsStatus/7ce233d5-8cf1-4719-b1a9-6f9ba4e38c56?api-version=2022-11-15-preview",
      "RequestMethod": "GET",
      "RequestHeaders": {
        "Authorization": "Sanitized",
        "traceparent": "00-1d80ade5fdf2e3fd9ccb1d6e970ce348-3ab7a4dab0596f21-00",
        "User-Agent": "azsdk-net-ResourceManager/1.4.0 (.NET 7.0.4; Microsoft Windows 10.0.22621)",
        "x-ms-client-request-id": "49d516f1560397156da356a286cec690",
        "x-ms-return-client-request-id": "true"
      },
      "RequestBody": null,
      "StatusCode": 200,
      "ResponseHeaders": {
        "Cache-Control": "no-store, no-cache",
        "Content-Length": "21",
        "Content-Type": "application/json",
        "Date": "Mon, 17 Apr 2023 02:34:05 GMT",
        "Pragma": "no-cache",
        "Server": "Microsoft-HTTPAPI/2.0",
        "Strict-Transport-Security": "max-age=31536000; includeSubDomains",
        "X-Content-Type-Options": "nosniff",
        "x-ms-correlation-request-id": "e05a130c-8022-4398-b926-c13a2ed9c4c7",
        "x-ms-gatewayversion": "version=2.14.0",
        "x-ms-ratelimit-remaining-subscription-reads": "11838",
        "x-ms-request-id": "e05a130c-8022-4398-b926-c13a2ed9c4c7",
        "x-ms-routing-request-id": "WESTCENTRALUS:20230417T023405Z:e05a130c-8022-4398-b926-c13a2ed9c4c7"
      },
      "ResponseBody": {
        "status": "Dequeued"
      }
    },
    {
      "RequestUri": "https://management.azure.com/subscriptions/23587e98-b6ac-4328-a753-03bcd3c8e744/providers/Microsoft.DocumentDB/locations/westus2/operationsStatus/7ce233d5-8cf1-4719-b1a9-6f9ba4e38c56?api-version=2022-11-15-preview",
      "RequestMethod": "GET",
      "RequestHeaders": {
        "Authorization": "Sanitized",
        "traceparent": "00-1d80ade5fdf2e3fd9ccb1d6e970ce348-a24f558be4107e16-00",
        "User-Agent": "azsdk-net-ResourceManager/1.4.0 (.NET 7.0.4; Microsoft Windows 10.0.22621)",
        "x-ms-client-request-id": "46f24741fa8c3f725b87086e56c7eba8",
        "x-ms-return-client-request-id": "true"
      },
      "RequestBody": null,
      "StatusCode": 200,
      "ResponseHeaders": {
        "Cache-Control": "no-store, no-cache",
        "Content-Length": "21",
        "Content-Type": "application/json",
        "Date": "Mon, 17 Apr 2023 02:34:37 GMT",
        "Pragma": "no-cache",
        "Server": "Microsoft-HTTPAPI/2.0",
        "Strict-Transport-Security": "max-age=31536000; includeSubDomains",
        "X-Content-Type-Options": "nosniff",
        "x-ms-correlation-request-id": "6ce57267-a0cf-4454-80bd-b28a50768c2e",
        "x-ms-gatewayversion": "version=2.14.0",
        "x-ms-ratelimit-remaining-subscription-reads": "11837",
        "x-ms-request-id": "6ce57267-a0cf-4454-80bd-b28a50768c2e",
        "x-ms-routing-request-id": "WESTCENTRALUS:20230417T023437Z:6ce57267-a0cf-4454-80bd-b28a50768c2e"
      },
      "ResponseBody": {
        "status": "Dequeued"
      }
    },
    {
      "RequestUri": "https://management.azure.com/subscriptions/23587e98-b6ac-4328-a753-03bcd3c8e744/providers/Microsoft.DocumentDB/locations/westus2/operationsStatus/7ce233d5-8cf1-4719-b1a9-6f9ba4e38c56?api-version=2022-11-15-preview",
      "RequestMethod": "GET",
      "RequestHeaders": {
        "Authorization": "Sanitized",
        "traceparent": "00-1d80ade5fdf2e3fd9ccb1d6e970ce348-4a7bebc667baf452-00",
        "User-Agent": "azsdk-net-ResourceManager/1.4.0 (.NET 7.0.4; Microsoft Windows 10.0.22621)",
        "x-ms-client-request-id": "b9954b8c31db0cd47cf6b54eb17aef91",
        "x-ms-return-client-request-id": "true"
      },
      "RequestBody": null,
      "StatusCode": 200,
      "ResponseHeaders": {
        "Cache-Control": "no-store, no-cache",
        "Content-Length": "21",
        "Content-Type": "application/json",
        "Date": "Mon, 17 Apr 2023 02:35:09 GMT",
        "Pragma": "no-cache",
        "Server": "Microsoft-HTTPAPI/2.0",
        "Strict-Transport-Security": "max-age=31536000; includeSubDomains",
        "X-Content-Type-Options": "nosniff",
        "x-ms-correlation-request-id": "002a236f-a7a7-4602-b472-4a472036e47d",
        "x-ms-gatewayversion": "version=2.14.0",
        "x-ms-ratelimit-remaining-subscription-reads": "11836",
        "x-ms-request-id": "002a236f-a7a7-4602-b472-4a472036e47d",
        "x-ms-routing-request-id": "WESTCENTRALUS:20230417T023509Z:002a236f-a7a7-4602-b472-4a472036e47d"
      },
      "ResponseBody": {
        "status": "Dequeued"
      }
    },
    {
      "RequestUri": "https://management.azure.com/subscriptions/23587e98-b6ac-4328-a753-03bcd3c8e744/providers/Microsoft.DocumentDB/locations/westus2/operationsStatus/7ce233d5-8cf1-4719-b1a9-6f9ba4e38c56?api-version=2022-11-15-preview",
      "RequestMethod": "GET",
      "RequestHeaders": {
        "Authorization": "Sanitized",
        "traceparent": "00-1d80ade5fdf2e3fd9ccb1d6e970ce348-ebe885d1c4bdab46-00",
        "User-Agent": "azsdk-net-ResourceManager/1.4.0 (.NET 7.0.4; Microsoft Windows 10.0.22621)",
        "x-ms-client-request-id": "efc9da24a7bbf6f9a496ee7c4ea640a6",
        "x-ms-return-client-request-id": "true"
      },
      "RequestBody": null,
      "StatusCode": 200,
      "ResponseHeaders": {
        "Cache-Control": "no-store, no-cache",
        "Content-Length": "21",
        "Content-Type": "application/json",
        "Date": "Mon, 17 Apr 2023 02:35:40 GMT",
        "Pragma": "no-cache",
        "Server": "Microsoft-HTTPAPI/2.0",
        "Strict-Transport-Security": "max-age=31536000; includeSubDomains",
        "X-Content-Type-Options": "nosniff",
        "x-ms-correlation-request-id": "3b7fdfb8-c6ff-4ea2-8720-90ae8331ada1",
        "x-ms-gatewayversion": "version=2.14.0",
        "x-ms-ratelimit-remaining-subscription-reads": "11835",
        "x-ms-request-id": "3b7fdfb8-c6ff-4ea2-8720-90ae8331ada1",
        "x-ms-routing-request-id": "WESTCENTRALUS:20230417T023541Z:3b7fdfb8-c6ff-4ea2-8720-90ae8331ada1"
      },
      "ResponseBody": {
        "status": "Dequeued"
      }
    },
    {
      "RequestUri": "https://management.azure.com/subscriptions/23587e98-b6ac-4328-a753-03bcd3c8e744/providers/Microsoft.DocumentDB/locations/westus2/operationsStatus/7ce233d5-8cf1-4719-b1a9-6f9ba4e38c56?api-version=2022-11-15-preview",
      "RequestMethod": "GET",
      "RequestHeaders": {
        "Authorization": "Sanitized",
        "traceparent": "00-1d80ade5fdf2e3fd9ccb1d6e970ce348-c93ebb93aa60e982-00",
        "User-Agent": "azsdk-net-ResourceManager/1.4.0 (.NET 7.0.4; Microsoft Windows 10.0.22621)",
        "x-ms-client-request-id": "3a16adb70d380fb573e5c99545238ee0",
        "x-ms-return-client-request-id": "true"
      },
      "RequestBody": null,
      "StatusCode": 200,
      "ResponseHeaders": {
        "Cache-Control": "no-store, no-cache",
        "Content-Length": "21",
        "Content-Type": "application/json",
        "Date": "Mon, 17 Apr 2023 02:36:13 GMT",
        "Pragma": "no-cache",
        "Server": "Microsoft-HTTPAPI/2.0",
        "Strict-Transport-Security": "max-age=31536000; includeSubDomains",
        "X-Content-Type-Options": "nosniff",
        "x-ms-correlation-request-id": "a42f839e-da20-40fc-b70b-bdc6c768f283",
        "x-ms-gatewayversion": "version=2.14.0",
        "x-ms-ratelimit-remaining-subscription-reads": "11834",
        "x-ms-request-id": "a42f839e-da20-40fc-b70b-bdc6c768f283",
        "x-ms-routing-request-id": "WESTCENTRALUS:20230417T023613Z:a42f839e-da20-40fc-b70b-bdc6c768f283"
      },
      "ResponseBody": {
        "status": "Dequeued"
      }
    },
    {
      "RequestUri": "https://management.azure.com/subscriptions/23587e98-b6ac-4328-a753-03bcd3c8e744/providers/Microsoft.DocumentDB/locations/westus2/operationsStatus/7ce233d5-8cf1-4719-b1a9-6f9ba4e38c56?api-version=2022-11-15-preview",
      "RequestMethod": "GET",
      "RequestHeaders": {
        "Authorization": "Sanitized",
        "traceparent": "00-1d80ade5fdf2e3fd9ccb1d6e970ce348-86984887f99dec02-00",
        "User-Agent": "azsdk-net-ResourceManager/1.4.0 (.NET 7.0.4; Microsoft Windows 10.0.22621)",
        "x-ms-client-request-id": "7b4a7697fbfde5ed529f14444358bed5",
        "x-ms-return-client-request-id": "true"
      },
      "RequestBody": null,
      "StatusCode": 200,
      "ResponseHeaders": {
        "Cache-Control": "no-store, no-cache",
        "Content-Length": "21",
        "Content-Type": "application/json",
        "Date": "Mon, 17 Apr 2023 02:36:46 GMT",
        "Pragma": "no-cache",
        "Server": "Microsoft-HTTPAPI/2.0",
        "Strict-Transport-Security": "max-age=31536000; includeSubDomains",
        "X-Content-Type-Options": "nosniff",
        "x-ms-correlation-request-id": "5f1e2630-a5a5-4b57-9b3b-896109263f30",
        "x-ms-gatewayversion": "version=2.14.0",
        "x-ms-ratelimit-remaining-subscription-reads": "11833",
        "x-ms-request-id": "5f1e2630-a5a5-4b57-9b3b-896109263f30",
        "x-ms-routing-request-id": "WESTCENTRALUS:20230417T023646Z:5f1e2630-a5a5-4b57-9b3b-896109263f30"
      },
      "ResponseBody": {
        "status": "Dequeued"
      }
    },
    {
      "RequestUri": "https://management.azure.com/subscriptions/23587e98-b6ac-4328-a753-03bcd3c8e744/providers/Microsoft.DocumentDB/locations/westus2/operationsStatus/7ce233d5-8cf1-4719-b1a9-6f9ba4e38c56?api-version=2022-11-15-preview",
      "RequestMethod": "GET",
      "RequestHeaders": {
        "Authorization": "Sanitized",
        "traceparent": "00-1d80ade5fdf2e3fd9ccb1d6e970ce348-4aaa7d0326531046-00",
        "User-Agent": "azsdk-net-ResourceManager/1.4.0 (.NET 7.0.4; Microsoft Windows 10.0.22621)",
        "x-ms-client-request-id": "03960eb5b564165825ba7cd6dd63b081",
        "x-ms-return-client-request-id": "true"
      },
      "RequestBody": null,
      "StatusCode": 200,
      "ResponseHeaders": {
        "Cache-Control": "no-store, no-cache",
        "Content-Length": "22",
        "Content-Type": "application/json",
        "Date": "Mon, 17 Apr 2023 02:37:17 GMT",
        "Pragma": "no-cache",
        "Server": "Microsoft-HTTPAPI/2.0",
        "Strict-Transport-Security": "max-age=31536000; includeSubDomains",
        "X-Content-Type-Options": "nosniff",
        "x-ms-correlation-request-id": "e7428220-fe16-460e-98ce-77fca89222db",
        "x-ms-gatewayversion": "version=2.14.0",
        "x-ms-ratelimit-remaining-subscription-reads": "11832",
        "x-ms-request-id": "e7428220-fe16-460e-98ce-77fca89222db",
        "x-ms-routing-request-id": "WESTCENTRALUS:20230417T023718Z:e7428220-fe16-460e-98ce-77fca89222db"
      },
      "ResponseBody": {
        "status": "Succeeded"
      }
    }
  ],
  "Variables": {
    "AZURE_AUTHORITY_HOST": "https://login.microsoftonline.com/",
    "RandomSeed": "185753994",
    "RESOURCE_MANAGER_URL": "https://management.azure.com/",
    "SUBSCRIPTION_ID": "23587e98-b6ac-4328-a753-03bcd3c8e744"
  }
}
