{
  "Entries": [
    {
      "RequestUri": "https://management.azure.com/subscriptions/db1ab6f0-4769-4b27-930e-01e2ef9c123c/resourcegroups/dbaccount-2574?api-version=2019-10-01",
      "RequestMethod": "GET",
      "RequestHeaders": {
        "Accept": "application/json",
        "Authorization": "Sanitized",
        "traceparent": "00-22af1c31d7b71d488d6a9ddde352f650-e53986e11bf1164b-00",
        "User-Agent": "azsdk-net-ResourceManager/1.0.0-alpha.20211206.1 (.NET Framework 4.8.4420.0; Microsoft Windows 10.0.22000 )",
        "x-ms-client-request-id": "bee7fb04e1c10f8cb692bf7b869931df",
        "x-ms-return-client-request-id": "true"
      },
      "RequestBody": null,
      "StatusCode": 200,
      "ResponseHeaders": {
        "Cache-Control": "no-cache",
        "Content-Length": "226",
        "Content-Type": "application/json; charset=utf-8",
        "Date": "Mon, 06 Dec 2021 16:56:47 GMT",
        "Expires": "-1",
        "Pragma": "no-cache",
        "Strict-Transport-Security": "max-age=31536000; includeSubDomains",
        "X-Content-Type-Options": "nosniff",
        "x-ms-correlation-request-id": "c52a4757-e525-4689-9c88-173f4731d2e2",
        "x-ms-ratelimit-remaining-subscription-reads": "11188",
        "x-ms-request-id": "c52a4757-e525-4689-9c88-173f4731d2e2",
        "x-ms-routing-request-id": "KOREASOUTH:20211206T165648Z:c52a4757-e525-4689-9c88-173f4731d2e2"
      },
      "ResponseBody": {
        "id": "/subscriptions/db1ab6f0-4769-4b27-930e-01e2ef9c123c/resourceGroups/dbaccount-2574",
        "name": "dbaccount-2574",
        "type": "Microsoft.Resources/resourceGroups",
        "location": "westus2",
        "properties": {
          "provisioningState": "Succeeded"
        }
      }
    },
    {
      "RequestUri": "https://management.azure.com/subscriptions/db1ab6f0-4769-4b27-930e-01e2ef9c123c/resourceGroups/dbaccount-2574/providers/Microsoft.DocumentDB/databaseAccounts/dbaccount-693?api-version=2021-06-15",
      "RequestMethod": "PUT",
      "RequestHeaders": {
        "Accept": "application/json",
        "Authorization": "Sanitized",
        "Content-Length": "503",
        "Content-Type": "application/json",
        "User-Agent": "azsdk-net-ResourceManager.CosmosDB/1.0.0-alpha.20211206.1 (.NET Framework 4.8.4420.0; Microsoft Windows 10.0.22000 )",
        "x-ms-client-request-id": "3beaf519cb869f56a2dab82ecf0eaef4",
        "x-ms-return-client-request-id": "true"
      },
      "RequestBody": {
        "kind": "MongoDB",
        "tags": {
          "key1": "value1",
          "key2": "value2"
        },
        "location": "westus2",
        "properties": {
          "consistencyPolicy": {
            "defaultConsistencyLevel": "BoundedStaleness",
            "maxStalenessPrefix": 300,
            "maxIntervalInSeconds": 1000
          },
          "locations": [
            {
              "locationName": "westus",
              "isZoneRedundant": false
            }
          ],
          "databaseAccountOfferType": "Standard",
          "ipRules": [
            {
              "ipAddressOrRange": "23.43.230.120"
            }
          ],
          "isVirtualNetworkFilterEnabled": true,
          "enableAutomaticFailover": false,
          "connectorOffer": "Small",
          "disableKeyBasedMetadataWriteAccess": false
        }
      },
      "StatusCode": 200,
      "ResponseHeaders": {
        "Azure-AsyncOperation": "https://management.azure.com/subscriptions/db1ab6f0-4769-4b27-930e-01e2ef9c123c/providers/Microsoft.DocumentDB/locations/westus2/operationsStatus/fee38667-1723-4d8e-a72b-2263e11223bc?api-version=2021-06-15",
        "Cache-Control": [
          "no-store",
          "no-cache"
        ],
        "Content-Length": "2006",
        "Content-Type": "application/json",
        "Date": "Mon, 06 Dec 2021 16:56:56 GMT",
        "Location": "https://management.azure.com/subscriptions/db1ab6f0-4769-4b27-930e-01e2ef9c123c/resourceGroups/dbaccount-2574/providers/Microsoft.DocumentDB/databaseAccounts/dbaccount-693/operationResults/fee38667-1723-4d8e-a72b-2263e11223bc?api-version=2021-06-15",
        "Pragma": "no-cache",
        "Server": "Microsoft-HTTPAPI/2.0",
        "Strict-Transport-Security": "max-age=31536000; includeSubDomains",
        "X-Content-Type-Options": "nosniff",
        "x-ms-correlation-request-id": "5117bb34-fc68-4ef6-b7d6-422db4e75140",
        "x-ms-gatewayversion": "version=2.14.0",
        "x-ms-ratelimit-remaining-subscription-writes": "1198",
        "x-ms-request-id": "fee38667-1723-4d8e-a72b-2263e11223bc",
        "x-ms-routing-request-id": "KOREASOUTH:20211206T165656Z:5117bb34-fc68-4ef6-b7d6-422db4e75140"
      },
      "ResponseBody": {
        "id": "/subscriptions/db1ab6f0-4769-4b27-930e-01e2ef9c123c/resourceGroups/dbaccount-2574/providers/Microsoft.DocumentDB/databaseAccounts/dbaccount-693",
        "name": "dbaccount-693",
        "location": "West US 2",
        "type": "Microsoft.DocumentDB/databaseAccounts",
        "kind": "MongoDB",
        "tags": {
          "key1": "value1",
          "key2": "value2"
        },
        "systemData": {
          "createdAt": "2021-12-06T16:56:53.9450492Z"
        },
        "properties": {
          "provisioningState": "Creating",
          "publicNetworkAccess": "Enabled",
          "enableAutomaticFailover": false,
          "enableMultipleWriteLocations": false,
          "enablePartitionKeyMonitor": false,
          "isVirtualNetworkFilterEnabled": true,
          "virtualNetworkRules": [],
          "EnabledApiTypes": "MongoDB",
          "disableKeyBasedMetadataWriteAccess": false,
          "enableFreeTier": false,
          "enableAnalyticalStorage": false,
          "analyticalStorageConfiguration": {
            "schemaType": "FullFidelity"
          },
          "instanceId": "fbf1d5f5-6a8f-4d17-bbad-cf82c122db7c",
          "databaseAccountOfferType": "Standard",
          "defaultIdentity": "",
          "networkAclBypass": "None",
          "disableLocalAuth": false,
          "consistencyPolicy": {
            "defaultConsistencyLevel": "BoundedStaleness",
            "maxIntervalInSeconds": 1000,
            "maxStalenessPrefix": 300
          },
          "apiProperties": {
            "serverVersion": "3.6"
          },
          "configurationOverrides": {},
          "writeLocations": [
            {
              "id": "dbaccount-693-westus",
              "locationName": "West US",
              "provisioningState": "Creating",
              "failoverPriority": 0,
              "isZoneRedundant": false
            }
          ],
          "readLocations": [
            {
              "id": "dbaccount-693-westus",
              "locationName": "West US",
              "provisioningState": "Creating",
              "failoverPriority": 0,
              "isZoneRedundant": false
            }
          ],
          "locations": [
            {
              "id": "dbaccount-693-westus",
              "locationName": "West US",
              "provisioningState": "Creating",
              "failoverPriority": 0,
              "isZoneRedundant": false
            }
          ],
          "failoverPolicies": [
            {
              "id": "dbaccount-693-westus",
              "locationName": "West US",
              "failoverPriority": 0
            }
          ],
          "cors": [],
          "capabilities": [
            {
              "name": "EnableMongo"
            }
          ],
          "ipRules": [
            {
              "ipAddressOrRange": "23.43.230.120"
            }
          ],
          "backupPolicy": {
            "type": "Periodic",
            "periodicModeProperties": {
              "backupIntervalInMinutes": 240,
              "backupRetentionIntervalInHours": 8,
              "backupStorageRedundancy": "Invalid"
            }
          },
          "networkAclBypassResourceIds": []
        },
        "identity": {
          "type": "None"
        }
      }
    },
    {
      "RequestUri": "https://management.azure.com/subscriptions/db1ab6f0-4769-4b27-930e-01e2ef9c123c/providers/Microsoft.DocumentDB/locations/westus2/operationsStatus/fee38667-1723-4d8e-a72b-2263e11223bc?api-version=2021-06-15",
      "RequestMethod": "GET",
      "RequestHeaders": {
        "Authorization": "Sanitized",
        "User-Agent": "azsdk-net-ResourceManager/1.0.0-alpha.20211206.1 (.NET Framework 4.8.4420.0; Microsoft Windows 10.0.22000 )",
        "x-ms-client-request-id": "166ae616d0b75f88d0bfbdaaea09294d",
        "x-ms-return-client-request-id": "true"
      },
      "RequestBody": null,
      "StatusCode": 200,
      "ResponseHeaders": {
        "Cache-Control": [
          "no-store",
          "no-cache"
        ],
        "Content-Length": "22",
        "Content-Type": "application/json",
        "Date": "Mon, 06 Dec 2021 17:00:59 GMT",
        "Pragma": "no-cache",
        "Server": "Microsoft-HTTPAPI/2.0",
        "Strict-Transport-Security": "max-age=31536000; includeSubDomains",
        "X-Content-Type-Options": "nosniff",
        "x-ms-correlation-request-id": "93871868-1f9b-42fd-a71c-0314e1e9805d",
        "x-ms-gatewayversion": "version=2.14.0",
        "x-ms-ratelimit-remaining-subscription-reads": "11469",
        "x-ms-request-id": "93871868-1f9b-42fd-a71c-0314e1e9805d",
        "x-ms-routing-request-id": "KOREASOUTH:20211206T170059Z:93871868-1f9b-42fd-a71c-0314e1e9805d"
      },
      "ResponseBody": {
        "status": "Succeeded"
      }
    },
    {
      "RequestUri": "https://management.azure.com/subscriptions/db1ab6f0-4769-4b27-930e-01e2ef9c123c/resourceGroups/dbaccount-2574/providers/Microsoft.DocumentDB/databaseAccounts/dbaccount-693?api-version=2021-06-15",
      "RequestMethod": "GET",
      "RequestHeaders": {
        "Authorization": "Sanitized",
        "User-Agent": "azsdk-net-ResourceManager/1.0.0-alpha.20211206.1 (.NET Framework 4.8.4420.0; Microsoft Windows 10.0.22000 )",
        "x-ms-client-request-id": "4717eb9fb18378119c98b2866ce7f19c",
        "x-ms-return-client-request-id": "true"
      },
      "RequestBody": null,
      "StatusCode": 200,
      "ResponseHeaders": {
        "Cache-Control": [
          "no-store",
          "no-cache"
        ],
        "Content-Length": "2410",
        "Content-Type": "application/json",
        "Date": "Mon, 06 Dec 2021 17:00:59 GMT",
        "Pragma": "no-cache",
        "Server": "Microsoft-HTTPAPI/2.0",
        "Strict-Transport-Security": "max-age=31536000; includeSubDomains",
        "X-Content-Type-Options": "nosniff",
        "x-ms-correlation-request-id": "ffe864cb-ab93-4eb9-9133-ac172e9981c8",
        "x-ms-gatewayversion": "version=2.14.0",
        "x-ms-ratelimit-remaining-subscription-reads": "11468",
        "x-ms-request-id": "ffe864cb-ab93-4eb9-9133-ac172e9981c8",
        "x-ms-routing-request-id": "KOREASOUTH:20211206T170059Z:ffe864cb-ab93-4eb9-9133-ac172e9981c8"
      },
      "ResponseBody": {
        "id": "/subscriptions/db1ab6f0-4769-4b27-930e-01e2ef9c123c/resourceGroups/dbaccount-2574/providers/Microsoft.DocumentDB/databaseAccounts/dbaccount-693",
        "name": "dbaccount-693",
        "location": "West US 2",
        "type": "Microsoft.DocumentDB/databaseAccounts",
        "kind": "MongoDB",
        "tags": {
          "key1": "value1",
          "key2": "value2"
        },
        "systemData": {
          "createdAt": "2021-12-06T17:00:53.7381964Z"
        },
        "properties": {
          "provisioningState": "Succeeded",
          "documentEndpoint": "https://dbaccount-693.documents.azure.com:443/",
          "mongoEndpoint": "https://dbaccount-693.mongo.cosmos.azure.com:443/",
          "publicNetworkAccess": "Enabled",
          "enableAutomaticFailover": false,
          "enableMultipleWriteLocations": false,
          "enablePartitionKeyMonitor": false,
          "isVirtualNetworkFilterEnabled": true,
          "virtualNetworkRules": [],
          "EnabledApiTypes": "MongoDB",
          "disableKeyBasedMetadataWriteAccess": false,
          "enableFreeTier": false,
          "enableAnalyticalStorage": false,
          "analyticalStorageConfiguration": {
            "schemaType": "FullFidelity"
          },
          "instanceId": "fbf1d5f5-6a8f-4d17-bbad-cf82c122db7c",
          "databaseAccountOfferType": "Standard",
          "defaultIdentity": "FirstPartyIdentity",
          "networkAclBypass": "None",
          "disableLocalAuth": false,
          "consistencyPolicy": {
            "defaultConsistencyLevel": "BoundedStaleness",
            "maxIntervalInSeconds": 1000,
            "maxStalenessPrefix": 300
          },
          "apiProperties": {
            "serverVersion": "3.6"
          },
          "configurationOverrides": {
            "EnableBsonSchema": "True"
          },
          "writeLocations": [
            {
              "id": "dbaccount-693-westus",
              "locationName": "West US",
              "documentEndpoint": "https://dbaccount-693-westus.documents.azure.com:443/",
              "provisioningState": "Succeeded",
              "failoverPriority": 0,
              "isZoneRedundant": false
            }
          ],
          "readLocations": [
            {
              "id": "dbaccount-693-westus",
              "locationName": "West US",
              "documentEndpoint": "https://dbaccount-693-westus.documents.azure.com:443/",
              "provisioningState": "Succeeded",
              "failoverPriority": 0,
              "isZoneRedundant": false
            }
          ],
          "locations": [
            {
              "id": "dbaccount-693-westus",
              "locationName": "West US",
              "documentEndpoint": "https://dbaccount-693-westus.documents.azure.com:443/",
              "provisioningState": "Succeeded",
              "failoverPriority": 0,
              "isZoneRedundant": false
            }
          ],
          "failoverPolicies": [
            {
              "id": "dbaccount-693-westus",
              "locationName": "West US",
              "failoverPriority": 0
            }
          ],
          "cors": [],
          "capabilities": [
            {
              "name": "EnableMongo"
            }
          ],
          "ipRules": [
            {
              "ipAddressOrRange": "23.43.230.120"
            }
          ],
          "backupPolicy": {
            "type": "Periodic",
            "periodicModeProperties": {
              "backupIntervalInMinutes": 240,
              "backupRetentionIntervalInHours": 8,
              "backupStorageRedundancy": "Geo"
            }
          },
          "networkAclBypassResourceIds": []
        },
        "identity": {
          "type": "None"
        }
      }
    },
    {
      "RequestUri": "https://management.azure.com/subscriptions/db1ab6f0-4769-4b27-930e-01e2ef9c123c?api-version=2019-11-01",
      "RequestMethod": "GET",
      "RequestHeaders": {
        "Accept": "application/json",
        "Authorization": "Sanitized",
        "traceparent": "00-ddff0cdf43a8324a9fa8e00b58dc51ca-a2151997054f084e-00",
        "User-Agent": "azsdk-net-ResourceManager/1.0.0-alpha.20211206.1 (.NET Framework 4.8.4420.0; Microsoft Windows 10.0.22000 )",
        "x-ms-client-request-id": "b885a28b3c9f8f60957c6578c3b790d2",
        "x-ms-return-client-request-id": "true"
      },
      "RequestBody": null,
      "StatusCode": 200,
      "ResponseHeaders": {
        "Cache-Control": "no-cache",
        "Content-Length": "468",
        "Content-Type": "application/json; charset=utf-8",
        "Date": "Mon, 06 Dec 2021 17:00:59 GMT",
        "Expires": "-1",
        "Pragma": "no-cache",
        "Strict-Transport-Security": "max-age=31536000; includeSubDomains",
        "X-Content-Type-Options": "nosniff",
        "x-ms-correlation-request-id": "a4adce62-d21e-424c-ac54-bf35e6a58246",
        "x-ms-ratelimit-remaining-subscription-reads": "11467",
        "x-ms-request-id": "a4adce62-d21e-424c-ac54-bf35e6a58246",
        "x-ms-routing-request-id": "KOREASOUTH:20211206T170059Z:a4adce62-d21e-424c-ac54-bf35e6a58246"
      },
      "ResponseBody": {
        "id": "/subscriptions/db1ab6f0-4769-4b27-930e-01e2ef9c123c",
        "authorizationSource": "RoleBased",
        "managedByTenants": [],
        "tags": {
          "tagKey1": "tagValue1",
          "tagKey2": "tagValue2"
        },
        "subscriptionId": "db1ab6f0-4769-4b27-930e-01e2ef9c123c",
        "tenantId": "72f988bf-86f1-41af-91ab-2d7cd011db47",
        "displayName": ".NET Mgmt SDK Test with TTL = 1 Day",
        "state": "Enabled",
        "subscriptionPolicies": {
          "locationPlacementId": "Internal_2014-09-01",
          "quotaId": "Internal_2014-09-01",
          "spendingLimit": "Off"
        }
      }
    },
    {
      "RequestUri": "https://management.azure.com/subscriptions/db1ab6f0-4769-4b27-930e-01e2ef9c123c/providers/Microsoft.DocumentDB/databaseAccounts?api-version=2021-06-15",
      "RequestMethod": "GET",
      "RequestHeaders": {
        "Accept": "application/json",
        "Authorization": "Sanitized",
        "User-Agent": "azsdk-net-ResourceManager.CosmosDB/1.0.0-alpha.20211206.1 (.NET Framework 4.8.4420.0; Microsoft Windows 10.0.22000 )",
        "x-ms-client-request-id": "3d693acb38656538d5f17a1f1e01f3e8",
        "x-ms-return-client-request-id": "true"
      },
      "RequestBody": null,
      "StatusCode": 200,
      "ResponseHeaders": {
        "Cache-Control": "no-cache",
        "Content-Length": "4812",
        "Content-Type": "application/json; charset=utf-8",
        "Date": "Mon, 06 Dec 2021 17:01:00 GMT",
        "Expires": "-1",
        "Pragma": "no-cache",
        "Strict-Transport-Security": "max-age=31536000; includeSubDomains",
        "X-Content-Type-Options": "nosniff",
        "x-ms-correlation-request-id": "9da36762-5af0-4ae1-8259-e593d0a05321",
        "x-ms-original-request-ids": [
          "",
          ""
        ],
        "x-ms-ratelimit-remaining-subscription-reads": "11466",
        "x-ms-request-id": "9da36762-5af0-4ae1-8259-e593d0a05321",
        "x-ms-routing-request-id": "KOREASOUTH:20211206T170100Z:9da36762-5af0-4ae1-8259-e593d0a05321"
      },
      "ResponseBody": {
        "value": [
          {
            "id": "/subscriptions/db1ab6f0-4769-4b27-930e-01e2ef9c123c/resourceGroups/dbaccount-2574/providers/Microsoft.DocumentDB/databaseAccounts/dbaccount-693",
            "name": "dbaccount-693",
            "location": "West US 2",
            "type": "Microsoft.DocumentDB/databaseAccounts",
            "kind": "MongoDB",
            "tags": {
              "key1": "value1",
              "key2": "value2"
            },
            "systemData": {
              "createdAt": "2021-12-06T17:00:53.7381964Z"
            },
            "properties": {
              "provisioningState": "Succeeded",
              "documentEndpoint": "https://dbaccount-693.documents.azure.com:443/",
              "mongoEndpoint": "https://dbaccount-693.mongo.cosmos.azure.com:443/",
              "publicNetworkAccess": "Enabled",
              "enableAutomaticFailover": false,
              "enableMultipleWriteLocations": false,
              "enablePartitionKeyMonitor": false,
              "isVirtualNetworkFilterEnabled": true,
              "virtualNetworkRules": [],
              "EnabledApiTypes": "MongoDB",
              "disableKeyBasedMetadataWriteAccess": false,
              "enableFreeTier": false,
              "enableAnalyticalStorage": false,
              "analyticalStorageConfiguration": {
                "schemaType": "FullFidelity"
              },
              "instanceId": "fbf1d5f5-6a8f-4d17-bbad-cf82c122db7c",
              "databaseAccountOfferType": "Standard",
              "defaultIdentity": "FirstPartyIdentity",
              "networkAclBypass": "None",
              "disableLocalAuth": false,
              "consistencyPolicy": {
                "defaultConsistencyLevel": "BoundedStaleness",
                "maxIntervalInSeconds": 1000,
                "maxStalenessPrefix": 300
              },
              "apiProperties": {
                "serverVersion": "3.6"
              },
              "configurationOverrides": {
                "EnableBsonSchema": "True"
              },
              "writeLocations": [
                {
                  "id": "dbaccount-693-westus",
                  "locationName": "West US",
                  "documentEndpoint": "https://dbaccount-693-westus.documents.azure.com:443/",
                  "provisioningState": "Succeeded",
                  "failoverPriority": 0,
                  "isZoneRedundant": false
                }
              ],
              "readLocations": [
                {
                  "id": "dbaccount-693-westus",
                  "locationName": "West US",
                  "documentEndpoint": "https://dbaccount-693-westus.documents.azure.com:443/",
                  "provisioningState": "Succeeded",
                  "failoverPriority": 0,
                  "isZoneRedundant": false
                }
              ],
              "locations": [
                {
                  "id": "dbaccount-693-westus",
                  "locationName": "West US",
                  "documentEndpoint": "https://dbaccount-693-westus.documents.azure.com:443/",
                  "provisioningState": "Succeeded",
                  "failoverPriority": 0,
                  "isZoneRedundant": false
                }
              ],
              "failoverPolicies": [
                {
                  "id": "dbaccount-693-westus",
                  "locationName": "West US",
                  "failoverPriority": 0
                }
              ],
              "cors": [],
              "capabilities": [
                {
                  "name": "EnableMongo"
                }
              ],
              "ipRules": [
                {
                  "ipAddressOrRange": "23.43.230.120"
                }
              ],
              "backupPolicy": {
                "type": "Periodic",
                "periodicModeProperties": {
                  "backupIntervalInMinutes": 240,
                  "backupRetentionIntervalInHours": 8,
                  "backupStorageRedundancy": "Geo"
                }
              },
              "networkAclBypassResourceIds": []
            },
            "identity": {
              "type": "None"
            }
          },
          {
            "id": "/subscriptions/db1ab6f0-4769-4b27-930e-01e2ef9c123c/resourceGroups/sdkpipeline/providers/Microsoft.DocumentDB/databaseAccounts/sdkcodegen",
            "name": "sdkcodegen",
            "location": "West US",
            "type": "Microsoft.DocumentDB/databaseAccounts",
            "kind": "MongoDB",
            "tags": {
              "defaultExperience": "Azure Cosmos DB for MongoDB API",
              "hidden-cosmos-mmspecial": ""
            },
            "systemData": {
              "createdAt": "2021-07-07T06:52:44.7262129Z"
            },
            "properties": {
              "provisioningState": "Succeeded",
              "documentEndpoint": "https://sdkcodegen.documents.azure.com:443/",
              "mongoEndpoint": "https://sdkcodegen.mongo.cosmos.azure.com:443/",
              "publicNetworkAccess": "Enabled",
              "enableAutomaticFailover": false,
              "enableMultipleWriteLocations": false,
              "enablePartitionKeyMonitor": false,
              "isVirtualNetworkFilterEnabled": false,
              "virtualNetworkRules": [],
              "EnabledApiTypes": "MongoDB",
              "disableKeyBasedMetadataWriteAccess": false,
              "enableFreeTier": false,
              "enableAnalyticalStorage": false,
              "analyticalStorageConfiguration": {},
              "instanceId": "b9ea0c10-380f-4b4c-8bcc-75a260b29cb8",
              "databaseAccountOfferType": "Standard",
              "defaultIdentity": "FirstPartyIdentity",
              "networkAclBypass": "None",
              "disableLocalAuth": false,
              "consistencyPolicy": {
                "defaultConsistencyLevel": "Session",
                "maxIntervalInSeconds": 5,
                "maxStalenessPrefix": 100
              },
              "apiProperties": {
                "serverVersion": "4.0"
              },
              "configurationOverrides": {
                "EnableBsonSchema": "True"
              },
              "writeLocations": [
                {
                  "id": "sdkcodegen-westus",
                  "locationName": "West US",
                  "documentEndpoint": "https://sdkcodegen-westus.documents.azure.com:443/",
                  "provisioningState": "Succeeded",
                  "failoverPriority": 0,
                  "isZoneRedundant": false
                }
              ],
              "readLocations": [
                {
                  "id": "sdkcodegen-westus",
                  "locationName": "West US",
                  "documentEndpoint": "https://sdkcodegen-westus.documents.azure.com:443/",
                  "provisioningState": "Succeeded",
                  "failoverPriority": 0,
                  "isZoneRedundant": false
                }
              ],
              "locations": [
                {
                  "id": "sdkcodegen-westus",
                  "locationName": "West US",
                  "documentEndpoint": "https://sdkcodegen-westus.documents.azure.com:443/",
                  "provisioningState": "Succeeded",
                  "failoverPriority": 0,
                  "isZoneRedundant": false
                }
              ],
              "failoverPolicies": [
                {
                  "id": "sdkcodegen-westus",
                  "locationName": "West US",
                  "failoverPriority": 0
                }
              ],
              "cors": [],
              "capabilities": [
                {
                  "name": "EnableMongo"
                },
                {
                  "name": "DisableRateLimitingResponses"
                }
              ],
              "ipRules": [],
              "backupPolicy": {
                "type": "Periodic",
                "periodicModeProperties": {
                  "backupIntervalInMinutes": 240,
                  "backupRetentionIntervalInHours": 8,
                  "backupStorageRedundancy": "Geo"
                }
              },
              "networkAclBypassResourceIds": []
            },
            "identity": {
              "type": "None"
            }
          }
        ]
      }
    },
    {
      "RequestUri": "https://management.azure.com/subscriptions/db1ab6f0-4769-4b27-930e-01e2ef9c123c/resourceGroups/dbaccount-2574/providers/Microsoft.DocumentDB/databaseAccounts/dbaccount-693?api-version=2021-06-15",
      "RequestMethod": "GET",
      "RequestHeaders": {
        "Accept": "application/json",
        "Authorization": "Sanitized",
        "User-Agent": "azsdk-net-ResourceManager.CosmosDB/1.0.0-alpha.20211206.1 (.NET Framework 4.8.4420.0; Microsoft Windows 10.0.22000 )",
        "x-ms-client-request-id": "481f21ce708363ad8a88b1074c98b5e5",
        "x-ms-return-client-request-id": "true"
      },
      "RequestBody": null,
      "StatusCode": 200,
      "ResponseHeaders": {
        "Cache-Control": [
          "no-store",
          "no-cache"
        ],
        "Content-Length": "2410",
        "Content-Type": "application/json",
        "Date": "Mon, 06 Dec 2021 17:01:00 GMT",
        "Pragma": "no-cache",
        "Server": "Microsoft-HTTPAPI/2.0",
        "Strict-Transport-Security": "max-age=31536000; includeSubDomains",
        "X-Content-Type-Options": "nosniff",
        "x-ms-correlation-request-id": "93f2daf9-90a1-4a89-8b15-953c93b9e97c",
        "x-ms-gatewayversion": "version=2.14.0",
        "x-ms-ratelimit-remaining-subscription-reads": "11465",
        "x-ms-request-id": "93f2daf9-90a1-4a89-8b15-953c93b9e97c",
        "x-ms-routing-request-id": "KOREASOUTH:20211206T170100Z:93f2daf9-90a1-4a89-8b15-953c93b9e97c"
      },
      "ResponseBody": {
        "id": "/subscriptions/db1ab6f0-4769-4b27-930e-01e2ef9c123c/resourceGroups/dbaccount-2574/providers/Microsoft.DocumentDB/databaseAccounts/dbaccount-693",
        "name": "dbaccount-693",
        "location": "West US 2",
        "type": "Microsoft.DocumentDB/databaseAccounts",
        "kind": "MongoDB",
        "tags": {
          "key1": "value1",
          "key2": "value2"
        },
        "systemData": {
          "createdAt": "2021-12-06T17:00:53.7381964Z"
        },
        "properties": {
          "provisioningState": "Succeeded",
          "documentEndpoint": "https://dbaccount-693.documents.azure.com:443/",
          "mongoEndpoint": "https://dbaccount-693.mongo.cosmos.azure.com:443/",
          "publicNetworkAccess": "Enabled",
          "enableAutomaticFailover": false,
          "enableMultipleWriteLocations": false,
          "enablePartitionKeyMonitor": false,
          "isVirtualNetworkFilterEnabled": true,
          "virtualNetworkRules": [],
          "EnabledApiTypes": "MongoDB",
          "disableKeyBasedMetadataWriteAccess": false,
          "enableFreeTier": false,
          "enableAnalyticalStorage": false,
          "analyticalStorageConfiguration": {
            "schemaType": "FullFidelity"
          },
          "instanceId": "fbf1d5f5-6a8f-4d17-bbad-cf82c122db7c",
          "databaseAccountOfferType": "Standard",
          "defaultIdentity": "FirstPartyIdentity",
          "networkAclBypass": "None",
          "disableLocalAuth": false,
          "consistencyPolicy": {
            "defaultConsistencyLevel": "BoundedStaleness",
            "maxIntervalInSeconds": 1000,
            "maxStalenessPrefix": 300
          },
          "apiProperties": {
            "serverVersion": "3.6"
          },
          "configurationOverrides": {
            "EnableBsonSchema": "True"
          },
          "writeLocations": [
            {
              "id": "dbaccount-693-westus",
              "locationName": "West US",
              "documentEndpoint": "https://dbaccount-693-westus.documents.azure.com:443/",
              "provisioningState": "Succeeded",
              "failoverPriority": 0,
              "isZoneRedundant": false
            }
          ],
          "readLocations": [
            {
              "id": "dbaccount-693-westus",
              "locationName": "West US",
              "documentEndpoint": "https://dbaccount-693-westus.documents.azure.com:443/",
              "provisioningState": "Succeeded",
              "failoverPriority": 0,
              "isZoneRedundant": false
            }
          ],
          "locations": [
            {
              "id": "dbaccount-693-westus",
              "locationName": "West US",
              "documentEndpoint": "https://dbaccount-693-westus.documents.azure.com:443/",
              "provisioningState": "Succeeded",
              "failoverPriority": 0,
              "isZoneRedundant": false
            }
          ],
          "failoverPolicies": [
            {
              "id": "dbaccount-693-westus",
              "locationName": "West US",
              "failoverPriority": 0
            }
          ],
          "cors": [],
          "capabilities": [
            {
              "name": "EnableMongo"
            }
          ],
          "ipRules": [
            {
              "ipAddressOrRange": "23.43.230.120"
            }
          ],
          "backupPolicy": {
            "type": "Periodic",
            "periodicModeProperties": {
              "backupIntervalInMinutes": 240,
              "backupRetentionIntervalInHours": 8,
              "backupStorageRedundancy": "Geo"
            }
          },
          "networkAclBypassResourceIds": []
        },
        "identity": {
          "type": "None"
        }
      }
    },
    {
      "RequestUri": "https://management.azure.com/subscriptions/db1ab6f0-4769-4b27-930e-01e2ef9c123c/resourceGroups/dbaccount-2574/providers/Microsoft.DocumentDB/databaseAccounts/dbaccount-693?api-version=2021-06-15",
      "RequestMethod": "DELETE",
      "RequestHeaders": {
        "Authorization": "Sanitized",
        "User-Agent": "azsdk-net-ResourceManager.CosmosDB/1.0.0-alpha.20211206.1 (.NET Framework 4.8.4420.0; Microsoft Windows 10.0.22000 )",
        "x-ms-client-request-id": "31bbe007b47e52376920e2aec1417094",
        "x-ms-return-client-request-id": "true"
      },
      "RequestBody": null,
      "StatusCode": 202,
      "ResponseHeaders": {
        "Azure-AsyncOperation": "https://management.azure.com/subscriptions/db1ab6f0-4769-4b27-930e-01e2ef9c123c/providers/Microsoft.DocumentDB/locations/westus2/operationsStatus/58ea50cf-50e5-4486-9b88-734d45c58c43?api-version=2021-06-15",
        "Cache-Control": [
          "no-store",
          "no-cache"
        ],
        "Content-Length": "21",
        "Content-Type": "application/json",
        "Date": "Mon, 06 Dec 2021 17:01:02 GMT",
        "Location": "https://management.azure.com/subscriptions/db1ab6f0-4769-4b27-930e-01e2ef9c123c/providers/Microsoft.DocumentDB/locations/westus2/operationResults/58ea50cf-50e5-4486-9b88-734d45c58c43?api-version=2021-06-15",
        "Pragma": "no-cache",
        "Server": "Microsoft-HTTPAPI/2.0",
        "Strict-Transport-Security": "max-age=31536000; includeSubDomains",
        "X-Content-Type-Options": "nosniff",
        "x-ms-correlation-request-id": "32aea2f0-87a5-467d-9429-2f96fce18d86",
        "x-ms-gatewayversion": "version=2.14.0",
        "x-ms-ratelimit-remaining-subscription-deletes": "14999",
        "x-ms-request-id": "58ea50cf-50e5-4486-9b88-734d45c58c43",
        "x-ms-routing-request-id": "KOREASOUTH:20211206T170102Z:32aea2f0-87a5-467d-9429-2f96fce18d86"
      },
      "ResponseBody": {
        "status": "Enqueued"
      }
    },
    {
      "RequestUri": "https://management.azure.com/subscriptions/db1ab6f0-4769-4b27-930e-01e2ef9c123c/providers/Microsoft.DocumentDB/locations/westus2/operationsStatus/58ea50cf-50e5-4486-9b88-734d45c58c43?api-version=2021-06-15",
      "RequestMethod": "GET",
      "RequestHeaders": {
        "Authorization": "Sanitized",
        "User-Agent": "azsdk-net-ResourceManager/1.0.0-alpha.20211206.1 (.NET Framework 4.8.4420.0; Microsoft Windows 10.0.22000 )",
        "x-ms-client-request-id": "542feb6fb796d4239a5178006e052dbb",
        "x-ms-return-client-request-id": "true"
      },
      "RequestBody": null,
      "StatusCode": 200,
      "ResponseHeaders": {
        "Cache-Control": [
          "no-store",
          "no-cache"
        ],
        "Content-Length": "22",
        "Content-Type": "application/json",
        "Date": "Mon, 06 Dec 2021 17:15:59 GMT",
        "Pragma": "no-cache",
        "Server": "Microsoft-HTTPAPI/2.0",
        "Strict-Transport-Security": "max-age=31536000; includeSubDomains",
        "X-Content-Type-Options": "nosniff",
        "x-ms-correlation-request-id": "5154c4ca-217e-438d-8dc9-6b5ed2ca0df1",
        "x-ms-gatewayversion": "version=2.14.0",
        "x-ms-ratelimit-remaining-subscription-reads": "11239",
        "x-ms-request-id": "5154c4ca-217e-438d-8dc9-6b5ed2ca0df1",
        "x-ms-routing-request-id": "KOREASOUTH:20211206T171600Z:5154c4ca-217e-438d-8dc9-6b5ed2ca0df1"
      },
      "ResponseBody": {
        "status": "Succeeded"
      }
    },
    {
      "RequestUri": "https://management.azure.com/subscriptions/db1ab6f0-4769-4b27-930e-01e2ef9c123c/providers/Microsoft.DocumentDB/locations/westus2/operationsStatus/58ea50cf-50e5-4486-9b88-734d45c58c43?api-version=2021-06-15",
      "RequestMethod": "GET",
      "RequestHeaders": {
        "Authorization": "Sanitized",
        "User-Agent": "azsdk-net-ResourceManager/1.0.0-alpha.20211206.1 (.NET Framework 4.8.4420.0; Microsoft Windows 10.0.22000 )",
        "x-ms-client-request-id": "0ba73daa1d279a562fb9ad7acf7a3890",
        "x-ms-return-client-request-id": "true"
      },
      "RequestBody": null,
      "StatusCode": 200,
      "ResponseHeaders": {
        "Cache-Control": [
          "no-store",
          "no-cache"
        ],
        "Content-Length": "22",
        "Content-Type": "application/json",
        "Date": "Mon, 06 Dec 2021 17:16:00 GMT",
        "Pragma": "no-cache",
        "Server": "Microsoft-HTTPAPI/2.0",
        "Strict-Transport-Security": "max-age=31536000; includeSubDomains",
        "X-Content-Type-Options": "nosniff",
        "x-ms-correlation-request-id": "b6547b1f-fb0d-4db5-a666-2cbbbc1b2ad9",
        "x-ms-gatewayversion": "version=2.14.0",
        "x-ms-ratelimit-remaining-subscription-reads": "11238",
        "x-ms-request-id": "b6547b1f-fb0d-4db5-a666-2cbbbc1b2ad9",
        "x-ms-routing-request-id": "KOREASOUTH:20211206T171600Z:b6547b1f-fb0d-4db5-a666-2cbbbc1b2ad9"
      },
      "ResponseBody": {
        "status": "Succeeded"
      }
    }
  ],
  "Variables": {
    "RandomSeed": "1591164173",
    "RESOURCE_MANAGER_URL": null,
    "SUBSCRIPTION_ID": "db1ab6f0-4769-4b27-930e-01e2ef9c123c"
  }
}