{
  "Entries": [
    {
      "RequestUri": "https://management.azure.com/subscriptions/db1ab6f0-4769-4b27-930e-01e2ef9c123c/resourcegroups/dbaccount-9559?api-version=2019-10-01",
      "RequestMethod": "GET",
      "RequestHeaders": {
        "Accept": "application/json",
        "Authorization": "Sanitized",
        "traceparent": "00-ed21da88988e1249881c6f1e5c2d625d-56746c6b9314e948-00",
        "User-Agent": "azsdk-net-ResourceManager/1.0.0-alpha.20211206.1 (.NET Framework 4.8.4420.0; Microsoft Windows 10.0.22000 )",
        "x-ms-client-request-id": "4f226660081569c347514f8de6506c46",
        "x-ms-return-client-request-id": "true"
      },
      "RequestBody": null,
      "StatusCode": 200,
      "ResponseHeaders": {
        "Cache-Control": "no-cache",
        "Content-Length": "226",
        "Content-Type": "application/json; charset=utf-8",
        "Date": "Mon, 06 Dec 2021 12:33:42 GMT",
        "Expires": "-1",
        "Pragma": "no-cache",
        "Strict-Transport-Security": "max-age=31536000; includeSubDomains",
        "X-Content-Type-Options": "nosniff",
        "x-ms-correlation-request-id": "cae82429-ac75-4fc6-a2b1-b607c83918b2",
        "x-ms-ratelimit-remaining-subscription-reads": "11998",
        "x-ms-request-id": "cae82429-ac75-4fc6-a2b1-b607c83918b2",
        "x-ms-routing-request-id": "KOREASOUTH:20211206T123343Z:cae82429-ac75-4fc6-a2b1-b607c83918b2"
      },
      "ResponseBody": {
        "id": "/subscriptions/db1ab6f0-4769-4b27-930e-01e2ef9c123c/resourceGroups/dbaccount-9559",
        "name": "dbaccount-9559",
        "type": "Microsoft.Resources/resourceGroups",
        "location": "westus2",
        "properties": {
          "provisioningState": "Succeeded"
        }
      }
    },
    {
      "RequestUri": "https://management.azure.com/subscriptions/db1ab6f0-4769-4b27-930e-01e2ef9c123c/resourceGroups/dbaccount-9559/providers/Microsoft.DocumentDB/databaseAccounts/dbaccount-752?api-version=2021-06-15",
      "RequestMethod": "PUT",
      "RequestHeaders": {
        "Accept": "application/json",
        "Authorization": "Sanitized",
        "Content-Length": "503",
        "Content-Type": "application/json",
        "User-Agent": "azsdk-net-ResourceManager.CosmosDB/1.0.0-alpha.20211206.1 (.NET Framework 4.8.4420.0; Microsoft Windows 10.0.22000 )",
        "x-ms-client-request-id": "5889fad222a85e905918132aeac628b5",
        "x-ms-return-client-request-id": "true"
      },
      "RequestBody": {
        "kind": "MongoDB",
        "tags": {
          "key1": "value1",
          "key2": "value2"
        },
        "location": "westus2",
        "properties": {
          "consistencyPolicy": {
            "defaultConsistencyLevel": "BoundedStaleness",
            "maxStalenessPrefix": 300,
            "maxIntervalInSeconds": 1000
          },
          "locations": [
            {
              "locationName": "westus",
              "isZoneRedundant": false
            }
          ],
          "databaseAccountOfferType": "Standard",
          "ipRules": [
            {
              "ipAddressOrRange": "23.43.230.120"
            }
          ],
          "isVirtualNetworkFilterEnabled": true,
          "enableAutomaticFailover": false,
          "connectorOffer": "Small",
          "disableKeyBasedMetadataWriteAccess": false
        }
      },
      "StatusCode": 200,
      "ResponseHeaders": {
        "Azure-AsyncOperation": "https://management.azure.com/subscriptions/db1ab6f0-4769-4b27-930e-01e2ef9c123c/providers/Microsoft.DocumentDB/locations/westus2/operationsStatus/b60b34b5-b959-4d8a-8073-e2f90f604c7d?api-version=2021-06-15",
        "Cache-Control": [
          "no-store",
          "no-cache"
        ],
        "Content-Length": "2006",
        "Content-Type": "application/json",
        "Date": "Mon, 06 Dec 2021 12:33:53 GMT",
        "Location": "https://management.azure.com/subscriptions/db1ab6f0-4769-4b27-930e-01e2ef9c123c/resourceGroups/dbaccount-9559/providers/Microsoft.DocumentDB/databaseAccounts/dbaccount-752/operationResults/b60b34b5-b959-4d8a-8073-e2f90f604c7d?api-version=2021-06-15",
        "Pragma": "no-cache",
        "Server": "Microsoft-HTTPAPI/2.0",
        "Strict-Transport-Security": "max-age=31536000; includeSubDomains",
        "X-Content-Type-Options": "nosniff",
        "x-ms-correlation-request-id": "81cf89d1-f3b0-471b-96a0-82c5b2c13124",
        "x-ms-gatewayversion": "version=2.14.0",
        "x-ms-ratelimit-remaining-subscription-writes": "1198",
        "x-ms-request-id": "b60b34b5-b959-4d8a-8073-e2f90f604c7d",
        "x-ms-routing-request-id": "KOREASOUTH:20211206T123353Z:81cf89d1-f3b0-471b-96a0-82c5b2c13124"
      },
      "ResponseBody": {
        "id": "/subscriptions/db1ab6f0-4769-4b27-930e-01e2ef9c123c/resourceGroups/dbaccount-9559/providers/Microsoft.DocumentDB/databaseAccounts/dbaccount-752",
        "name": "dbaccount-752",
        "location": "West US 2",
        "type": "Microsoft.DocumentDB/databaseAccounts",
        "kind": "MongoDB",
        "tags": {
          "key1": "value1",
          "key2": "value2"
        },
        "systemData": {
          "createdAt": "2021-12-06T12:33:49.6598311Z"
        },
        "properties": {
          "provisioningState": "Creating",
          "publicNetworkAccess": "Enabled",
          "enableAutomaticFailover": false,
          "enableMultipleWriteLocations": false,
          "enablePartitionKeyMonitor": false,
          "isVirtualNetworkFilterEnabled": true,
          "virtualNetworkRules": [],
          "EnabledApiTypes": "MongoDB",
          "disableKeyBasedMetadataWriteAccess": false,
          "enableFreeTier": false,
          "enableAnalyticalStorage": false,
          "analyticalStorageConfiguration": {
            "schemaType": "FullFidelity"
          },
          "instanceId": "9fa44830-737d-430b-a15d-799bcc260db4",
          "databaseAccountOfferType": "Standard",
          "defaultIdentity": "",
          "networkAclBypass": "None",
          "disableLocalAuth": false,
          "consistencyPolicy": {
            "defaultConsistencyLevel": "BoundedStaleness",
            "maxIntervalInSeconds": 1000,
            "maxStalenessPrefix": 300
          },
          "apiProperties": {
            "serverVersion": "3.6"
          },
          "configurationOverrides": {},
          "writeLocations": [
            {
              "id": "dbaccount-752-westus",
              "locationName": "West US",
              "provisioningState": "Creating",
              "failoverPriority": 0,
              "isZoneRedundant": false
            }
          ],
          "readLocations": [
            {
              "id": "dbaccount-752-westus",
              "locationName": "West US",
              "provisioningState": "Creating",
              "failoverPriority": 0,
              "isZoneRedundant": false
            }
          ],
          "locations": [
            {
              "id": "dbaccount-752-westus",
              "locationName": "West US",
              "provisioningState": "Creating",
              "failoverPriority": 0,
              "isZoneRedundant": false
            }
          ],
          "failoverPolicies": [
            {
              "id": "dbaccount-752-westus",
              "locationName": "West US",
              "failoverPriority": 0
            }
          ],
          "cors": [],
          "capabilities": [
            {
              "name": "EnableMongo"
            }
          ],
          "ipRules": [
            {
              "ipAddressOrRange": "23.43.230.120"
            }
          ],
          "backupPolicy": {
            "type": "Periodic",
            "periodicModeProperties": {
              "backupIntervalInMinutes": 240,
              "backupRetentionIntervalInHours": 8,
              "backupStorageRedundancy": "Invalid"
            }
          },
          "networkAclBypassResourceIds": []
        },
        "identity": {
          "type": "None"
        }
      }
    },
    {
      "RequestUri": "https://management.azure.com/subscriptions/db1ab6f0-4769-4b27-930e-01e2ef9c123c/providers/Microsoft.DocumentDB/locations/westus2/operationsStatus/b60b34b5-b959-4d8a-8073-e2f90f604c7d?api-version=2021-06-15",
      "RequestMethod": "GET",
      "RequestHeaders": {
        "Authorization": "Sanitized",
        "User-Agent": "azsdk-net-ResourceManager/1.0.0-alpha.20211206.1 (.NET Framework 4.8.4420.0; Microsoft Windows 10.0.22000 )",
        "x-ms-client-request-id": "c5952d13c573378901f599fdfa8afbb2",
        "x-ms-return-client-request-id": "true"
      },
      "RequestBody": null,
      "StatusCode": 200,
      "ResponseHeaders": {
        "Cache-Control": [
          "no-store",
          "no-cache"
        ],
        "Content-Length": "22",
        "Content-Type": "application/json",
        "Date": "Mon, 06 Dec 2021 12:38:55 GMT",
        "Pragma": "no-cache",
        "Server": "Microsoft-HTTPAPI/2.0",
        "Strict-Transport-Security": "max-age=31536000; includeSubDomains",
        "X-Content-Type-Options": "nosniff",
        "x-ms-correlation-request-id": "70fcddb9-4722-4fc7-8856-bc5165c8cd47",
        "x-ms-gatewayversion": "version=2.14.0",
        "x-ms-ratelimit-remaining-subscription-reads": "11987",
        "x-ms-request-id": "70fcddb9-4722-4fc7-8856-bc5165c8cd47",
        "x-ms-routing-request-id": "KOREASOUTH:20211206T123855Z:70fcddb9-4722-4fc7-8856-bc5165c8cd47"
      },
      "ResponseBody": {
        "status": "Succeeded"
      }
    },
    {
      "RequestUri": "https://management.azure.com/subscriptions/db1ab6f0-4769-4b27-930e-01e2ef9c123c/resourceGroups/dbaccount-9559/providers/Microsoft.DocumentDB/databaseAccounts/dbaccount-752?api-version=2021-06-15",
      "RequestMethod": "GET",
      "RequestHeaders": {
        "Authorization": "Sanitized",
        "User-Agent": "azsdk-net-ResourceManager/1.0.0-alpha.20211206.1 (.NET Framework 4.8.4420.0; Microsoft Windows 10.0.22000 )",
        "x-ms-client-request-id": "48f9f85b2fadd58a27b29d31f7ecc6d7",
        "x-ms-return-client-request-id": "true"
      },
      "RequestBody": null,
      "StatusCode": 200,
      "ResponseHeaders": {
        "Cache-Control": [
          "no-store",
          "no-cache"
        ],
        "Content-Length": "2410",
        "Content-Type": "application/json",
        "Date": "Mon, 06 Dec 2021 12:38:55 GMT",
        "Pragma": "no-cache",
        "Server": "Microsoft-HTTPAPI/2.0",
        "Strict-Transport-Security": "max-age=31536000; includeSubDomains",
        "X-Content-Type-Options": "nosniff",
        "x-ms-correlation-request-id": "19e59c48-8dc4-4f03-bfe3-95e658534546",
        "x-ms-gatewayversion": "version=2.14.0",
        "x-ms-ratelimit-remaining-subscription-reads": "11986",
        "x-ms-request-id": "19e59c48-8dc4-4f03-bfe3-95e658534546",
        "x-ms-routing-request-id": "KOREASOUTH:20211206T123856Z:19e59c48-8dc4-4f03-bfe3-95e658534546"
      },
      "ResponseBody": {
        "id": "/subscriptions/db1ab6f0-4769-4b27-930e-01e2ef9c123c/resourceGroups/dbaccount-9559/providers/Microsoft.DocumentDB/databaseAccounts/dbaccount-752",
        "name": "dbaccount-752",
        "location": "West US 2",
        "type": "Microsoft.DocumentDB/databaseAccounts",
        "kind": "MongoDB",
        "tags": {
          "key1": "value1",
          "key2": "value2"
        },
        "systemData": {
          "createdAt": "2021-12-06T12:38:27.6584771Z"
        },
        "properties": {
          "provisioningState": "Succeeded",
          "documentEndpoint": "https://dbaccount-752.documents.azure.com:443/",
          "mongoEndpoint": "https://dbaccount-752.mongo.cosmos.azure.com:443/",
          "publicNetworkAccess": "Enabled",
          "enableAutomaticFailover": false,
          "enableMultipleWriteLocations": false,
          "enablePartitionKeyMonitor": false,
          "isVirtualNetworkFilterEnabled": true,
          "virtualNetworkRules": [],
          "EnabledApiTypes": "MongoDB",
          "disableKeyBasedMetadataWriteAccess": false,
          "enableFreeTier": false,
          "enableAnalyticalStorage": false,
          "analyticalStorageConfiguration": {
            "schemaType": "FullFidelity"
          },
          "instanceId": "9fa44830-737d-430b-a15d-799bcc260db4",
          "databaseAccountOfferType": "Standard",
          "defaultIdentity": "FirstPartyIdentity",
          "networkAclBypass": "None",
          "disableLocalAuth": false,
          "consistencyPolicy": {
            "defaultConsistencyLevel": "BoundedStaleness",
            "maxIntervalInSeconds": 1000,
            "maxStalenessPrefix": 300
          },
          "apiProperties": {
            "serverVersion": "3.6"
          },
          "configurationOverrides": {
            "EnableBsonSchema": "True"
          },
          "writeLocations": [
            {
              "id": "dbaccount-752-westus",
              "locationName": "West US",
              "documentEndpoint": "https://dbaccount-752-westus.documents.azure.com:443/",
              "provisioningState": "Succeeded",
              "failoverPriority": 0,
              "isZoneRedundant": false
            }
          ],
          "readLocations": [
            {
              "id": "dbaccount-752-westus",
              "locationName": "West US",
              "documentEndpoint": "https://dbaccount-752-westus.documents.azure.com:443/",
              "provisioningState": "Succeeded",
              "failoverPriority": 0,
              "isZoneRedundant": false
            }
          ],
          "locations": [
            {
              "id": "dbaccount-752-westus",
              "locationName": "West US",
              "documentEndpoint": "https://dbaccount-752-westus.documents.azure.com:443/",
              "provisioningState": "Succeeded",
              "failoverPriority": 0,
              "isZoneRedundant": false
            }
          ],
          "failoverPolicies": [
            {
              "id": "dbaccount-752-westus",
              "locationName": "West US",
              "failoverPriority": 0
            }
          ],
          "cors": [],
          "capabilities": [
            {
              "name": "EnableMongo"
            }
          ],
          "ipRules": [
            {
              "ipAddressOrRange": "23.43.230.120"
            }
          ],
          "backupPolicy": {
            "type": "Periodic",
            "periodicModeProperties": {
              "backupIntervalInMinutes": 240,
              "backupRetentionIntervalInHours": 8,
              "backupStorageRedundancy": "Geo"
            }
          },
          "networkAclBypassResourceIds": []
        },
        "identity": {
          "type": "None"
        }
      }
    },
    {
      "RequestUri": "https://management.azure.com/subscriptions/db1ab6f0-4769-4b27-930e-01e2ef9c123c/resourceGroups/dbaccount-9559/providers/Microsoft.DocumentDB/databaseAccounts/dbaccount-752?api-version=2021-06-15",
      "RequestMethod": "GET",
      "RequestHeaders": {
        "Accept": "application/json",
        "Authorization": "Sanitized",
        "User-Agent": "azsdk-net-ResourceManager.CosmosDB/1.0.0-alpha.20211206.1 (.NET Framework 4.8.4420.0; Microsoft Windows 10.0.22000 )",
        "x-ms-client-request-id": "ca3f8e727cac0d050d3247ffd1121383",
        "x-ms-return-client-request-id": "true"
      },
      "RequestBody": null,
      "StatusCode": 200,
      "ResponseHeaders": {
        "Cache-Control": [
          "no-store",
          "no-cache"
        ],
        "Content-Length": "2410",
        "Content-Type": "application/json",
        "Date": "Mon, 06 Dec 2021 12:38:56 GMT",
        "Pragma": "no-cache",
        "Server": "Microsoft-HTTPAPI/2.0",
        "Strict-Transport-Security": "max-age=31536000; includeSubDomains",
        "X-Content-Type-Options": "nosniff",
        "x-ms-correlation-request-id": "dd876deb-508c-44f2-9116-2402e8192ff9",
        "x-ms-gatewayversion": "version=2.14.0",
        "x-ms-ratelimit-remaining-subscription-reads": "11985",
        "x-ms-request-id": "dd876deb-508c-44f2-9116-2402e8192ff9",
        "x-ms-routing-request-id": "KOREASOUTH:20211206T123856Z:dd876deb-508c-44f2-9116-2402e8192ff9"
      },
      "ResponseBody": {
        "id": "/subscriptions/db1ab6f0-4769-4b27-930e-01e2ef9c123c/resourceGroups/dbaccount-9559/providers/Microsoft.DocumentDB/databaseAccounts/dbaccount-752",
        "name": "dbaccount-752",
        "location": "West US 2",
        "type": "Microsoft.DocumentDB/databaseAccounts",
        "kind": "MongoDB",
        "tags": {
          "key1": "value1",
          "key2": "value2"
        },
        "systemData": {
          "createdAt": "2021-12-06T12:38:27.6584771Z"
        },
        "properties": {
          "provisioningState": "Succeeded",
          "documentEndpoint": "https://dbaccount-752.documents.azure.com:443/",
          "mongoEndpoint": "https://dbaccount-752.mongo.cosmos.azure.com:443/",
          "publicNetworkAccess": "Enabled",
          "enableAutomaticFailover": false,
          "enableMultipleWriteLocations": false,
          "enablePartitionKeyMonitor": false,
          "isVirtualNetworkFilterEnabled": true,
          "virtualNetworkRules": [],
          "EnabledApiTypes": "MongoDB",
          "disableKeyBasedMetadataWriteAccess": false,
          "enableFreeTier": false,
          "enableAnalyticalStorage": false,
          "analyticalStorageConfiguration": {
            "schemaType": "FullFidelity"
          },
          "instanceId": "9fa44830-737d-430b-a15d-799bcc260db4",
          "databaseAccountOfferType": "Standard",
          "defaultIdentity": "FirstPartyIdentity",
          "networkAclBypass": "None",
          "disableLocalAuth": false,
          "consistencyPolicy": {
            "defaultConsistencyLevel": "BoundedStaleness",
            "maxIntervalInSeconds": 1000,
            "maxStalenessPrefix": 300
          },
          "apiProperties": {
            "serverVersion": "3.6"
          },
          "configurationOverrides": {
            "EnableBsonSchema": "True"
          },
          "writeLocations": [
            {
              "id": "dbaccount-752-westus",
              "locationName": "West US",
              "documentEndpoint": "https://dbaccount-752-westus.documents.azure.com:443/",
              "provisioningState": "Succeeded",
              "failoverPriority": 0,
              "isZoneRedundant": false
            }
          ],
          "readLocations": [
            {
              "id": "dbaccount-752-westus",
              "locationName": "West US",
              "documentEndpoint": "https://dbaccount-752-westus.documents.azure.com:443/",
              "provisioningState": "Succeeded",
              "failoverPriority": 0,
              "isZoneRedundant": false
            }
          ],
          "locations": [
            {
              "id": "dbaccount-752-westus",
              "locationName": "West US",
              "documentEndpoint": "https://dbaccount-752-westus.documents.azure.com:443/",
              "provisioningState": "Succeeded",
              "failoverPriority": 0,
              "isZoneRedundant": false
            }
          ],
          "failoverPolicies": [
            {
              "id": "dbaccount-752-westus",
              "locationName": "West US",
              "failoverPriority": 0
            }
          ],
          "cors": [],
          "capabilities": [
            {
              "name": "EnableMongo"
            }
          ],
          "ipRules": [
            {
              "ipAddressOrRange": "23.43.230.120"
            }
          ],
          "backupPolicy": {
            "type": "Periodic",
            "periodicModeProperties": {
              "backupIntervalInMinutes": 240,
              "backupRetentionIntervalInHours": 8,
              "backupStorageRedundancy": "Geo"
            }
          },
          "networkAclBypassResourceIds": []
        },
        "identity": {
          "type": "None"
        }
      }
    },
    {
      "RequestUri": "https://management.azure.com/subscriptions/db1ab6f0-4769-4b27-930e-01e2ef9c123c/resourceGroups/dbaccount-9559/providers/Microsoft.DocumentDB/databaseAccounts/dbaccount-752?api-version=2021-06-15",
      "RequestMethod": "GET",
      "RequestHeaders": {
        "Accept": "application/json",
        "Authorization": "Sanitized",
        "User-Agent": "azsdk-net-ResourceManager.CosmosDB/1.0.0-alpha.20211206.1 (.NET Framework 4.8.4420.0; Microsoft Windows 10.0.22000 )",
        "x-ms-client-request-id": "ae7a5b672c2be402a3c09dc128574015",
        "x-ms-return-client-request-id": "true"
      },
      "RequestBody": null,
      "StatusCode": 200,
      "ResponseHeaders": {
        "Cache-Control": [
          "no-store",
          "no-cache"
        ],
        "Content-Length": "2410",
        "Content-Type": "application/json",
        "Date": "Mon, 06 Dec 2021 12:38:56 GMT",
        "Pragma": "no-cache",
        "Server": "Microsoft-HTTPAPI/2.0",
        "Strict-Transport-Security": "max-age=31536000; includeSubDomains",
        "X-Content-Type-Options": "nosniff",
        "x-ms-correlation-request-id": "22b76d59-844a-4068-8886-f0a272d7e815",
        "x-ms-gatewayversion": "version=2.14.0",
        "x-ms-ratelimit-remaining-subscription-reads": "11984",
        "x-ms-request-id": "22b76d59-844a-4068-8886-f0a272d7e815",
        "x-ms-routing-request-id": "KOREASOUTH:20211206T123856Z:22b76d59-844a-4068-8886-f0a272d7e815"
      },
      "ResponseBody": {
        "id": "/subscriptions/db1ab6f0-4769-4b27-930e-01e2ef9c123c/resourceGroups/dbaccount-9559/providers/Microsoft.DocumentDB/databaseAccounts/dbaccount-752",
        "name": "dbaccount-752",
        "location": "West US 2",
        "type": "Microsoft.DocumentDB/databaseAccounts",
        "kind": "MongoDB",
        "tags": {
          "key1": "value1",
          "key2": "value2"
        },
        "systemData": {
          "createdAt": "2021-12-06T12:38:27.6584771Z"
        },
        "properties": {
          "provisioningState": "Succeeded",
          "documentEndpoint": "https://dbaccount-752.documents.azure.com:443/",
          "mongoEndpoint": "https://dbaccount-752.mongo.cosmos.azure.com:443/",
          "publicNetworkAccess": "Enabled",
          "enableAutomaticFailover": false,
          "enableMultipleWriteLocations": false,
          "enablePartitionKeyMonitor": false,
          "isVirtualNetworkFilterEnabled": true,
          "virtualNetworkRules": [],
          "EnabledApiTypes": "MongoDB",
          "disableKeyBasedMetadataWriteAccess": false,
          "enableFreeTier": false,
          "enableAnalyticalStorage": false,
          "analyticalStorageConfiguration": {
            "schemaType": "FullFidelity"
          },
          "instanceId": "9fa44830-737d-430b-a15d-799bcc260db4",
          "databaseAccountOfferType": "Standard",
          "defaultIdentity": "FirstPartyIdentity",
          "networkAclBypass": "None",
          "disableLocalAuth": false,
          "consistencyPolicy": {
            "defaultConsistencyLevel": "BoundedStaleness",
            "maxIntervalInSeconds": 1000,
            "maxStalenessPrefix": 300
          },
          "apiProperties": {
            "serverVersion": "3.6"
          },
          "configurationOverrides": {
            "EnableBsonSchema": "True"
          },
          "writeLocations": [
            {
              "id": "dbaccount-752-westus",
              "locationName": "West US",
              "documentEndpoint": "https://dbaccount-752-westus.documents.azure.com:443/",
              "provisioningState": "Succeeded",
              "failoverPriority": 0,
              "isZoneRedundant": false
            }
          ],
          "readLocations": [
            {
              "id": "dbaccount-752-westus",
              "locationName": "West US",
              "documentEndpoint": "https://dbaccount-752-westus.documents.azure.com:443/",
              "provisioningState": "Succeeded",
              "failoverPriority": 0,
              "isZoneRedundant": false
            }
          ],
          "locations": [
            {
              "id": "dbaccount-752-westus",
              "locationName": "West US",
              "documentEndpoint": "https://dbaccount-752-westus.documents.azure.com:443/",
              "provisioningState": "Succeeded",
              "failoverPriority": 0,
              "isZoneRedundant": false
            }
          ],
          "failoverPolicies": [
            {
              "id": "dbaccount-752-westus",
              "locationName": "West US",
              "failoverPriority": 0
            }
          ],
          "cors": [],
          "capabilities": [
            {
              "name": "EnableMongo"
            }
          ],
          "ipRules": [
            {
              "ipAddressOrRange": "23.43.230.120"
            }
          ],
          "backupPolicy": {
            "type": "Periodic",
            "periodicModeProperties": {
              "backupIntervalInMinutes": 240,
              "backupRetentionIntervalInHours": 8,
              "backupStorageRedundancy": "Geo"
            }
          },
          "networkAclBypassResourceIds": []
        },
        "identity": {
          "type": "None"
        }
      }
    },
    {
      "RequestUri": "https://management.azure.com/subscriptions/db1ab6f0-4769-4b27-930e-01e2ef9c123c/resourceGroups/dbaccount-9559/providers/Microsoft.DocumentDB/databaseAccounts/dbaccount-752?api-version=2021-06-15",
      "RequestMethod": "PATCH",
      "RequestHeaders": {
        "Accept": "application/json",
        "Authorization": "Sanitized",
        "Content-Length": "168",
        "Content-Type": "application/json",
        "User-Agent": "azsdk-net-ResourceManager.CosmosDB/1.0.0-alpha.20211206.1 (.NET Framework 4.8.4420.0; Microsoft Windows 10.0.22000 )",
        "x-ms-client-request-id": "6c8bc22f314ade06f2eb3b7be78b0315",
        "x-ms-return-client-request-id": "true"
      },
      "RequestBody": {
        "tags": {
          "key3": "value3",
          "key4": "value4"
        },
        "properties": {
          "isVirtualNetworkFilterEnabled": false,
          "enableAutomaticFailover": true,
          "disableKeyBasedMetadataWriteAccess": true
        }
      },
      "StatusCode": 200,
      "ResponseHeaders": {
        "Azure-AsyncOperation": "https://management.azure.com/subscriptions/db1ab6f0-4769-4b27-930e-01e2ef9c123c/providers/Microsoft.DocumentDB/locations/westus2/operationsStatus/4469a61d-88e5-4c98-8a3d-d806f14e74f5?api-version=2021-06-15",
        "Cache-Control": [
          "no-store",
          "no-cache"
        ],
        "Content-Length": "2406",
        "Content-Type": "application/json",
        "Date": "Mon, 06 Dec 2021 12:39:02 GMT",
        "Location": "https://management.azure.com/subscriptions/db1ab6f0-4769-4b27-930e-01e2ef9c123c/resourceGroups/dbaccount-9559/providers/Microsoft.DocumentDB/databaseAccounts/dbaccount-752/operationResults/4469a61d-88e5-4c98-8a3d-d806f14e74f5?api-version=2021-06-15",
        "Pragma": "no-cache",
        "Server": "Microsoft-HTTPAPI/2.0",
        "Strict-Transport-Security": "max-age=31536000; includeSubDomains",
        "X-Content-Type-Options": "nosniff",
        "x-ms-correlation-request-id": "b201c655-f8ec-4185-850c-cc19eaf07752",
        "x-ms-gatewayversion": "version=2.14.0",
        "x-ms-ratelimit-remaining-subscription-writes": "1199",
        "x-ms-request-id": "4469a61d-88e5-4c98-8a3d-d806f14e74f5",
        "x-ms-routing-request-id": "KOREASOUTH:20211206T123903Z:b201c655-f8ec-4185-850c-cc19eaf07752"
      },
      "ResponseBody": {
        "id": "/subscriptions/db1ab6f0-4769-4b27-930e-01e2ef9c123c/resourceGroups/dbaccount-9559/providers/Microsoft.DocumentDB/databaseAccounts/dbaccount-752",
        "name": "dbaccount-752",
        "location": "West US 2",
        "type": "Microsoft.DocumentDB/databaseAccounts",
        "kind": "MongoDB",
        "tags": {
          "key1": "value1",
          "key2": "value2"
        },
        "systemData": {
          "createdAt": "2021-12-06T12:38:27.6584771Z"
        },
        "properties": {
          "provisioningState": "Updating",
          "documentEndpoint": "https://dbaccount-752.documents.azure.com:443/",
          "mongoEndpoint": "https://dbaccount-752.mongo.cosmos.azure.com:443/",
          "publicNetworkAccess": "Enabled",
          "enableAutomaticFailover": false,
          "enableMultipleWriteLocations": false,
          "enablePartitionKeyMonitor": false,
          "isVirtualNetworkFilterEnabled": true,
          "virtualNetworkRules": [],
          "EnabledApiTypes": "MongoDB",
          "disableKeyBasedMetadataWriteAccess": false,
          "enableFreeTier": false,
          "enableAnalyticalStorage": false,
          "analyticalStorageConfiguration": {
            "schemaType": "FullFidelity"
          },
          "instanceId": "9fa44830-737d-430b-a15d-799bcc260db4",
          "databaseAccountOfferType": "Standard",
          "defaultIdentity": "FirstPartyIdentity",
          "networkAclBypass": "None",
          "disableLocalAuth": false,
          "consistencyPolicy": {
            "defaultConsistencyLevel": "BoundedStaleness",
            "maxIntervalInSeconds": 1000,
            "maxStalenessPrefix": 300
          },
          "apiProperties": {
            "serverVersion": "3.6"
          },
          "configurationOverrides": {
            "EnableBsonSchema": "True"
          },
          "writeLocations": [
            {
              "id": "dbaccount-752-westus",
              "locationName": "West US",
              "documentEndpoint": "https://dbaccount-752-westus.documents.azure.com:443/",
              "provisioningState": "Updating",
              "failoverPriority": 0,
              "isZoneRedundant": false
            }
          ],
          "readLocations": [
            {
              "id": "dbaccount-752-westus",
              "locationName": "West US",
              "documentEndpoint": "https://dbaccount-752-westus.documents.azure.com:443/",
              "provisioningState": "Updating",
              "failoverPriority": 0,
              "isZoneRedundant": false
            }
          ],
          "locations": [
            {
              "id": "dbaccount-752-westus",
              "locationName": "West US",
              "documentEndpoint": "https://dbaccount-752-westus.documents.azure.com:443/",
              "provisioningState": "Updating",
              "failoverPriority": 0,
              "isZoneRedundant": false
            }
          ],
          "failoverPolicies": [
            {
              "id": "dbaccount-752-westus",
              "locationName": "West US",
              "failoverPriority": 0
            }
          ],
          "cors": [],
          "capabilities": [
            {
              "name": "EnableMongo"
            }
          ],
          "ipRules": [
            {
              "ipAddressOrRange": "23.43.230.120"
            }
          ],
          "backupPolicy": {
            "type": "Periodic",
            "periodicModeProperties": {
              "backupIntervalInMinutes": 240,
              "backupRetentionIntervalInHours": 8,
              "backupStorageRedundancy": "Geo"
            }
          },
          "networkAclBypassResourceIds": []
        },
        "identity": {
          "type": "None"
        }
      }
    },
    {
      "RequestUri": "https://management.azure.com/subscriptions/db1ab6f0-4769-4b27-930e-01e2ef9c123c/resourceGroups/dbaccount-9559/providers/Microsoft.DocumentDB/databaseAccounts/dbaccount-752?api-version=2021-06-15",
      "RequestMethod": "GET",
      "RequestHeaders": {
        "Authorization": "Sanitized",
        "User-Agent": "azsdk-net-ResourceManager/1.0.0-alpha.20211206.1 (.NET Framework 4.8.4420.0; Microsoft Windows 10.0.22000 )",
        "x-ms-client-request-id": "b3611e2e24b960ed0241ebe784dce0ea",
        "x-ms-return-client-request-id": "true"
      },
      "RequestBody": null,
      "StatusCode": 200,
      "ResponseHeaders": {
        "Cache-Control": [
          "no-store",
          "no-cache"
        ],
        "Content-Length": "2409",
        "Content-Type": "application/json",
        "Date": "Mon, 06 Dec 2021 12:48:50 GMT",
        "Pragma": "no-cache",
        "Server": "Microsoft-HTTPAPI/2.0",
        "Strict-Transport-Security": "max-age=31536000; includeSubDomains",
        "X-Content-Type-Options": "nosniff",
        "x-ms-correlation-request-id": "be6dbe59-ec2d-48eb-adbd-cc618bdfc20f",
        "x-ms-gatewayversion": "version=2.14.0",
        "x-ms-ratelimit-remaining-subscription-reads": "11758",
        "x-ms-request-id": "be6dbe59-ec2d-48eb-adbd-cc618bdfc20f",
        "x-ms-routing-request-id": "KOREASOUTH:20211206T124851Z:be6dbe59-ec2d-48eb-adbd-cc618bdfc20f"
      },
      "ResponseBody": {
        "id": "/subscriptions/db1ab6f0-4769-4b27-930e-01e2ef9c123c/resourceGroups/dbaccount-9559/providers/Microsoft.DocumentDB/databaseAccounts/dbaccount-752",
        "name": "dbaccount-752",
        "location": "West US 2",
        "type": "Microsoft.DocumentDB/databaseAccounts",
        "kind": "MongoDB",
        "tags": {
          "key3": "value3",
          "key4": "value4"
        },
        "systemData": {
          "createdAt": "2021-12-06T12:38:27.6584771Z"
        },
        "properties": {
          "provisioningState": "Succeeded",
          "documentEndpoint": "https://dbaccount-752.documents.azure.com:443/",
          "mongoEndpoint": "https://dbaccount-752.mongo.cosmos.azure.com:443/",
          "publicNetworkAccess": "Enabled",
          "enableAutomaticFailover": true,
          "enableMultipleWriteLocations": false,
          "enablePartitionKeyMonitor": false,
          "isVirtualNetworkFilterEnabled": false,
          "virtualNetworkRules": [],
          "EnabledApiTypes": "MongoDB",
          "disableKeyBasedMetadataWriteAccess": true,
          "enableFreeTier": false,
          "enableAnalyticalStorage": false,
          "analyticalStorageConfiguration": {
            "schemaType": "FullFidelity"
          },
          "instanceId": "9fa44830-737d-430b-a15d-799bcc260db4",
          "databaseAccountOfferType": "Standard",
          "defaultIdentity": "FirstPartyIdentity",
          "networkAclBypass": "None",
          "disableLocalAuth": false,
          "consistencyPolicy": {
            "defaultConsistencyLevel": "BoundedStaleness",
            "maxIntervalInSeconds": 1000,
            "maxStalenessPrefix": 300
          },
          "apiProperties": {
            "serverVersion": "3.6"
          },
          "configurationOverrides": {
            "EnableBsonSchema": "True"
          },
          "writeLocations": [
            {
              "id": "dbaccount-752-westus",
              "locationName": "West US",
              "documentEndpoint": "https://dbaccount-752-westus.documents.azure.com:443/",
              "provisioningState": "Succeeded",
              "failoverPriority": 0,
              "isZoneRedundant": false
            }
          ],
          "readLocations": [
            {
              "id": "dbaccount-752-westus",
              "locationName": "West US",
              "documentEndpoint": "https://dbaccount-752-westus.documents.azure.com:443/",
              "provisioningState": "Succeeded",
              "failoverPriority": 0,
              "isZoneRedundant": false
            }
          ],
          "locations": [
            {
              "id": "dbaccount-752-westus",
              "locationName": "West US",
              "documentEndpoint": "https://dbaccount-752-westus.documents.azure.com:443/",
              "provisioningState": "Succeeded",
              "failoverPriority": 0,
              "isZoneRedundant": false
            }
          ],
          "failoverPolicies": [
            {
              "id": "dbaccount-752-westus",
              "locationName": "West US",
              "failoverPriority": 0
            }
          ],
          "cors": [],
          "capabilities": [
            {
              "name": "EnableMongo"
            }
          ],
          "ipRules": [
            {
              "ipAddressOrRange": "23.43.230.120"
            }
          ],
          "backupPolicy": {
            "type": "Periodic",
            "periodicModeProperties": {
              "backupIntervalInMinutes": 240,
              "backupRetentionIntervalInHours": 8,
              "backupStorageRedundancy": "Geo"
            }
          },
          "networkAclBypassResourceIds": []
        },
        "identity": {
          "type": "None"
        }
      }
    },
    {
      "RequestUri": "https://management.azure.com/subscriptions/db1ab6f0-4769-4b27-930e-01e2ef9c123c/resourceGroups/dbaccount-9559/providers/Microsoft.DocumentDB/databaseAccounts/dbaccount-752?api-version=2021-06-15",
      "RequestMethod": "GET",
      "RequestHeaders": {
        "Authorization": "Sanitized",
        "User-Agent": "azsdk-net-ResourceManager/1.0.0-alpha.20211206.1 (.NET Framework 4.8.4420.0; Microsoft Windows 10.0.22000 )",
        "x-ms-client-request-id": "71e1e1e651e097d56ef0b3d03ba3d825",
        "x-ms-return-client-request-id": "true"
      },
      "RequestBody": null,
      "StatusCode": 200,
      "ResponseHeaders": {
        "Cache-Control": [
          "no-store",
          "no-cache"
        ],
        "Content-Length": "2409",
        "Content-Type": "application/json",
        "Date": "Mon, 06 Dec 2021 12:48:50 GMT",
        "Pragma": "no-cache",
        "Server": "Microsoft-HTTPAPI/2.0",
        "Strict-Transport-Security": "max-age=31536000; includeSubDomains",
        "X-Content-Type-Options": "nosniff",
        "x-ms-correlation-request-id": "e775830c-7d7d-41c5-8943-81c49073e0b5",
        "x-ms-gatewayversion": "version=2.14.0",
        "x-ms-ratelimit-remaining-subscription-reads": "11757",
        "x-ms-request-id": "e775830c-7d7d-41c5-8943-81c49073e0b5",
        "x-ms-routing-request-id": "KOREASOUTH:20211206T124851Z:e775830c-7d7d-41c5-8943-81c49073e0b5"
      },
      "ResponseBody": {
        "id": "/subscriptions/db1ab6f0-4769-4b27-930e-01e2ef9c123c/resourceGroups/dbaccount-9559/providers/Microsoft.DocumentDB/databaseAccounts/dbaccount-752",
        "name": "dbaccount-752",
        "location": "West US 2",
        "type": "Microsoft.DocumentDB/databaseAccounts",
        "kind": "MongoDB",
        "tags": {
          "key3": "value3",
          "key4": "value4"
        },
        "systemData": {
          "createdAt": "2021-12-06T12:38:27.6584771Z"
        },
        "properties": {
          "provisioningState": "Succeeded",
          "documentEndpoint": "https://dbaccount-752.documents.azure.com:443/",
          "mongoEndpoint": "https://dbaccount-752.mongo.cosmos.azure.com:443/",
          "publicNetworkAccess": "Enabled",
          "enableAutomaticFailover": true,
          "enableMultipleWriteLocations": false,
          "enablePartitionKeyMonitor": false,
          "isVirtualNetworkFilterEnabled": false,
          "virtualNetworkRules": [],
          "EnabledApiTypes": "MongoDB",
          "disableKeyBasedMetadataWriteAccess": true,
          "enableFreeTier": false,
          "enableAnalyticalStorage": false,
          "analyticalStorageConfiguration": {
            "schemaType": "FullFidelity"
          },
          "instanceId": "9fa44830-737d-430b-a15d-799bcc260db4",
          "databaseAccountOfferType": "Standard",
          "defaultIdentity": "FirstPartyIdentity",
          "networkAclBypass": "None",
          "disableLocalAuth": false,
          "consistencyPolicy": {
            "defaultConsistencyLevel": "BoundedStaleness",
            "maxIntervalInSeconds": 1000,
            "maxStalenessPrefix": 300
          },
          "apiProperties": {
            "serverVersion": "3.6"
          },
          "configurationOverrides": {
            "EnableBsonSchema": "True"
          },
          "writeLocations": [
            {
              "id": "dbaccount-752-westus",
              "locationName": "West US",
              "documentEndpoint": "https://dbaccount-752-westus.documents.azure.com:443/",
              "provisioningState": "Succeeded",
              "failoverPriority": 0,
              "isZoneRedundant": false
            }
          ],
          "readLocations": [
            {
              "id": "dbaccount-752-westus",
              "locationName": "West US",
              "documentEndpoint": "https://dbaccount-752-westus.documents.azure.com:443/",
              "provisioningState": "Succeeded",
              "failoverPriority": 0,
              "isZoneRedundant": false
            }
          ],
          "locations": [
            {
              "id": "dbaccount-752-westus",
              "locationName": "West US",
              "documentEndpoint": "https://dbaccount-752-westus.documents.azure.com:443/",
              "provisioningState": "Succeeded",
              "failoverPriority": 0,
              "isZoneRedundant": false
            }
          ],
          "failoverPolicies": [
            {
              "id": "dbaccount-752-westus",
              "locationName": "West US",
              "failoverPriority": 0
            }
          ],
          "cors": [],
          "capabilities": [
            {
              "name": "EnableMongo"
            }
          ],
          "ipRules": [
            {
              "ipAddressOrRange": "23.43.230.120"
            }
          ],
          "backupPolicy": {
            "type": "Periodic",
            "periodicModeProperties": {
              "backupIntervalInMinutes": 240,
              "backupRetentionIntervalInHours": 8,
              "backupStorageRedundancy": "Geo"
            }
          },
          "networkAclBypassResourceIds": []
        },
        "identity": {
          "type": "None"
        }
      }
    },
    {
      "RequestUri": "https://management.azure.com/subscriptions/db1ab6f0-4769-4b27-930e-01e2ef9c123c/resourceGroups/dbaccount-9559/providers/Microsoft.DocumentDB/databaseAccounts/dbaccount-752/failoverPriorityChange?api-version=2021-06-15",
      "RequestMethod": "POST",
      "RequestHeaders": {
        "Authorization": "Sanitized",
        "Content-Length": "69",
        "Content-Type": "application/json",
        "User-Agent": "azsdk-net-ResourceManager.CosmosDB/1.0.0-alpha.20211206.1 (.NET Framework 4.8.4420.0; Microsoft Windows 10.0.22000 )",
        "x-ms-client-request-id": "4d2e88ff6b9816c5028f0e731df6317f",
        "x-ms-return-client-request-id": "true"
      },
      "RequestBody": {
        "failoverPolicies": [
          {
            "locationName": "westus",
            "failoverPriority": 0
          }
        ]
      },
      "StatusCode": 202,
      "ResponseHeaders": {
        "Azure-AsyncOperation": "https://management.azure.com/subscriptions/db1ab6f0-4769-4b27-930e-01e2ef9c123c/providers/Microsoft.DocumentDB/locations/westus2/operationsStatus/9939d036-c83b-4c97-99d9-afa5b44758b7?api-version=2021-06-15",
        "Cache-Control": [
          "no-store",
          "no-cache"
        ],
        "Content-Length": "21",
        "Content-Type": "application/json",
        "Date": "Mon, 06 Dec 2021 12:48:52 GMT",
        "Location": "https://management.azure.com/subscriptions/db1ab6f0-4769-4b27-930e-01e2ef9c123c/resourceGroups/dbaccount-9559/providers/Microsoft.DocumentDB/databaseAccounts/dbaccount-752/failoverPriorityChange/operationResults/9939d036-c83b-4c97-99d9-afa5b44758b7?api-version=2021-06-15",
        "Pragma": "no-cache",
        "Server": "Microsoft-HTTPAPI/2.0",
        "Strict-Transport-Security": "max-age=31536000; includeSubDomains",
        "X-Content-Type-Options": "nosniff",
        "x-ms-correlation-request-id": "2ed69b48-7aea-48df-8e10-7ad1ddf9ee5b",
        "x-ms-gatewayversion": "version=2.14.0",
        "x-ms-ratelimit-remaining-subscription-writes": "1199",
        "x-ms-request-id": "9939d036-c83b-4c97-99d9-afa5b44758b7",
        "x-ms-routing-request-id": "KOREASOUTH:20211206T124853Z:2ed69b48-7aea-48df-8e10-7ad1ddf9ee5b"
      },
      "ResponseBody": {
        "status": "Enqueued"
      }
    },
    {
      "RequestUri": "https://management.azure.com/subscriptions/db1ab6f0-4769-4b27-930e-01e2ef9c123c/providers/Microsoft.DocumentDB/locations/westus2/operationsStatus/9939d036-c83b-4c97-99d9-afa5b44758b7?api-version=2021-06-15",
      "RequestMethod": "GET",
      "RequestHeaders": {
        "Authorization": "Sanitized",
        "User-Agent": "azsdk-net-ResourceManager/1.0.0-alpha.20211206.1 (.NET Framework 4.8.4420.0; Microsoft Windows 10.0.22000 )",
        "x-ms-client-request-id": "9b683c78e9d1b8d1326ed1e0107978e8",
        "x-ms-return-client-request-id": "true"
      },
      "RequestBody": null,
      "StatusCode": 200,
      "ResponseHeaders": {
        "Cache-Control": [
          "no-store",
          "no-cache"
        ],
        "Content-Length": "22",
        "Content-Type": "application/json",
        "Date": "Mon, 06 Dec 2021 12:49:08 GMT",
        "Pragma": "no-cache",
        "Server": "Microsoft-HTTPAPI/2.0",
        "Strict-Transport-Security": "max-age=31536000; includeSubDomains",
        "X-Content-Type-Options": "nosniff",
        "x-ms-correlation-request-id": "46270306-1881-4d08-a990-5fb68a5c4c30",
        "x-ms-gatewayversion": "version=2.14.0",
        "x-ms-ratelimit-remaining-subscription-reads": "11744",
        "x-ms-request-id": "46270306-1881-4d08-a990-5fb68a5c4c30",
        "x-ms-routing-request-id": "KOREASOUTH:20211206T124908Z:46270306-1881-4d08-a990-5fb68a5c4c30"
      },
      "ResponseBody": {
        "status": "Succeeded"
      }
    },
    {
      "RequestUri": "https://management.azure.com/subscriptions/db1ab6f0-4769-4b27-930e-01e2ef9c123c/resourceGroups/dbaccount-9559/providers/Microsoft.DocumentDB/databaseAccounts/dbaccount-752/failoverPriorityChange/operationResults/9939d036-c83b-4c97-99d9-afa5b44758b7?api-version=2021-06-15",
      "RequestMethod": "GET",
      "RequestHeaders": {
        "Authorization": "Sanitized",
        "User-Agent": "azsdk-net-ResourceManager/1.0.0-alpha.20211206.1 (.NET Framework 4.8.4420.0; Microsoft Windows 10.0.22000 )",
        "x-ms-client-request-id": "6aa5f508f244000ed7c3fbcc874761a1",
        "x-ms-return-client-request-id": "true"
      },
      "RequestBody": null,
      "StatusCode": 200,
      "ResponseHeaders": {
        "Cache-Control": [
          "no-store",
          "no-cache"
        ],
        "Content-Length": "22",
        "Content-Type": "application/json",
        "Date": "Mon, 06 Dec 2021 12:49:08 GMT",
        "Pragma": "no-cache",
        "Server": "Microsoft-HTTPAPI/2.0",
        "Strict-Transport-Security": "max-age=31536000; includeSubDomains",
        "X-Content-Type-Options": "nosniff",
        "x-ms-correlation-request-id": "4252a1ff-4fd6-4aeb-98b1-33791de3dd99",
        "x-ms-gatewayversion": "version=2.14.0",
        "x-ms-ratelimit-remaining-subscription-reads": "11743",
        "x-ms-request-id": "4252a1ff-4fd6-4aeb-98b1-33791de3dd99",
        "x-ms-routing-request-id": "KOREASOUTH:20211206T124908Z:4252a1ff-4fd6-4aeb-98b1-33791de3dd99"
      },
      "ResponseBody": {
        "status": "Succeeded"
      }
    },
    {
      "RequestUri": "https://management.azure.com/subscriptions/db1ab6f0-4769-4b27-930e-01e2ef9c123c/providers/Microsoft.DocumentDB/locations/westus2/operationsStatus/9939d036-c83b-4c97-99d9-afa5b44758b7?api-version=2021-06-15",
      "RequestMethod": "GET",
      "RequestHeaders": {
        "Authorization": "Sanitized",
        "User-Agent": "azsdk-net-ResourceManager/1.0.0-alpha.20211206.1 (.NET Framework 4.8.4420.0; Microsoft Windows 10.0.22000 )",
        "x-ms-client-request-id": "c939fa5f96557a2de2a2b53c3639d8aa",
        "x-ms-return-client-request-id": "true"
      },
      "RequestBody": null,
      "StatusCode": 200,
      "ResponseHeaders": {
        "Cache-Control": [
          "no-store",
          "no-cache"
        ],
        "Content-Length": "22",
        "Content-Type": "application/json",
        "Date": "Mon, 06 Dec 2021 12:49:08 GMT",
        "Pragma": "no-cache",
        "Server": "Microsoft-HTTPAPI/2.0",
        "Strict-Transport-Security": "max-age=31536000; includeSubDomains",
        "X-Content-Type-Options": "nosniff",
        "x-ms-correlation-request-id": "a991de19-5eef-49da-bf94-cc9299ae91b7",
        "x-ms-gatewayversion": "version=2.14.0",
        "x-ms-ratelimit-remaining-subscription-reads": "11742",
        "x-ms-request-id": "a991de19-5eef-49da-bf94-cc9299ae91b7",
        "x-ms-routing-request-id": "KOREASOUTH:20211206T124908Z:a991de19-5eef-49da-bf94-cc9299ae91b7"
      },
      "ResponseBody": {
        "status": "Succeeded"
      }
    },
    {
      "RequestUri": "https://management.azure.com/subscriptions/db1ab6f0-4769-4b27-930e-01e2ef9c123c/resourceGroups/dbaccount-9559/providers/Microsoft.DocumentDB/databaseAccounts/dbaccount-752/failoverPriorityChange/operationResults/9939d036-c83b-4c97-99d9-afa5b44758b7?api-version=2021-06-15",
      "RequestMethod": "GET",
      "RequestHeaders": {
        "Authorization": "Sanitized",
        "User-Agent": "azsdk-net-ResourceManager/1.0.0-alpha.20211206.1 (.NET Framework 4.8.4420.0; Microsoft Windows 10.0.22000 )",
        "x-ms-client-request-id": "3ce96a1d275686a62e67c30eed0431eb",
        "x-ms-return-client-request-id": "true"
      },
      "RequestBody": null,
      "StatusCode": 200,
      "ResponseHeaders": {
        "Cache-Control": [
          "no-store",
          "no-cache"
        ],
        "Content-Length": "22",
        "Content-Type": "application/json",
        "Date": "Mon, 06 Dec 2021 12:49:08 GMT",
        "Pragma": "no-cache",
        "Server": "Microsoft-HTTPAPI/2.0",
        "Strict-Transport-Security": "max-age=31536000; includeSubDomains",
        "X-Content-Type-Options": "nosniff",
        "x-ms-correlation-request-id": "50847f1a-5965-4497-8b6a-2fca679dc476",
        "x-ms-gatewayversion": "version=2.14.0",
        "x-ms-ratelimit-remaining-subscription-reads": "11741",
        "x-ms-request-id": "50847f1a-5965-4497-8b6a-2fca679dc476",
        "x-ms-routing-request-id": "KOREASOUTH:20211206T124908Z:50847f1a-5965-4497-8b6a-2fca679dc476"
      },
      "ResponseBody": {
        "status": "Succeeded"
      }
    },
    {
      "RequestUri": "https://management.azure.com/subscriptions/db1ab6f0-4769-4b27-930e-01e2ef9c123c/resourceGroups/dbaccount-9559/providers/Microsoft.DocumentDB/databaseAccounts/dbaccount-752?api-version=2021-06-15",
      "RequestMethod": "GET",
      "RequestHeaders": {
        "Accept": "application/json",
        "Authorization": "Sanitized",
        "User-Agent": "azsdk-net-ResourceManager.CosmosDB/1.0.0-alpha.20211206.1 (.NET Framework 4.8.4420.0; Microsoft Windows 10.0.22000 )",
        "x-ms-client-request-id": "16802f0caf407293c82b88a13dd1c99e",
        "x-ms-return-client-request-id": "true"
      },
      "RequestBody": null,
      "StatusCode": 200,
      "ResponseHeaders": {
        "Cache-Control": [
          "no-store",
          "no-cache"
        ],
        "Content-Length": "2409",
        "Content-Type": "application/json",
        "Date": "Mon, 06 Dec 2021 12:49:09 GMT",
        "Pragma": "no-cache",
        "Server": "Microsoft-HTTPAPI/2.0",
        "Strict-Transport-Security": "max-age=31536000; includeSubDomains",
        "X-Content-Type-Options": "nosniff",
        "x-ms-correlation-request-id": "ad7088c9-b422-441b-90eb-5aec797c04e1",
        "x-ms-gatewayversion": "version=2.14.0",
        "x-ms-ratelimit-remaining-subscription-reads": "11740",
        "x-ms-request-id": "ad7088c9-b422-441b-90eb-5aec797c04e1",
        "x-ms-routing-request-id": "KOREASOUTH:20211206T124909Z:ad7088c9-b422-441b-90eb-5aec797c04e1"
      },
      "ResponseBody": {
        "id": "/subscriptions/db1ab6f0-4769-4b27-930e-01e2ef9c123c/resourceGroups/dbaccount-9559/providers/Microsoft.DocumentDB/databaseAccounts/dbaccount-752",
        "name": "dbaccount-752",
        "location": "West US 2",
        "type": "Microsoft.DocumentDB/databaseAccounts",
        "kind": "MongoDB",
        "tags": {
          "key3": "value3",
          "key4": "value4"
        },
        "systemData": {
          "createdAt": "2021-12-06T12:38:27.6584771Z"
        },
        "properties": {
          "provisioningState": "Succeeded",
          "documentEndpoint": "https://dbaccount-752.documents.azure.com:443/",
          "mongoEndpoint": "https://dbaccount-752.mongo.cosmos.azure.com:443/",
          "publicNetworkAccess": "Enabled",
          "enableAutomaticFailover": true,
          "enableMultipleWriteLocations": false,
          "enablePartitionKeyMonitor": false,
          "isVirtualNetworkFilterEnabled": false,
          "virtualNetworkRules": [],
          "EnabledApiTypes": "MongoDB",
          "disableKeyBasedMetadataWriteAccess": true,
          "enableFreeTier": false,
          "enableAnalyticalStorage": false,
          "analyticalStorageConfiguration": {
            "schemaType": "FullFidelity"
          },
          "instanceId": "9fa44830-737d-430b-a15d-799bcc260db4",
          "databaseAccountOfferType": "Standard",
          "defaultIdentity": "FirstPartyIdentity",
          "networkAclBypass": "None",
          "disableLocalAuth": false,
          "consistencyPolicy": {
            "defaultConsistencyLevel": "BoundedStaleness",
            "maxIntervalInSeconds": 1000,
            "maxStalenessPrefix": 300
          },
          "apiProperties": {
            "serverVersion": "3.6"
          },
          "configurationOverrides": {
            "EnableBsonSchema": "True"
          },
          "writeLocations": [
            {
              "id": "dbaccount-752-westus",
              "locationName": "West US",
              "documentEndpoint": "https://dbaccount-752-westus.documents.azure.com:443/",
              "provisioningState": "Succeeded",
              "failoverPriority": 0,
              "isZoneRedundant": false
            }
          ],
          "readLocations": [
            {
              "id": "dbaccount-752-westus",
              "locationName": "West US",
              "documentEndpoint": "https://dbaccount-752-westus.documents.azure.com:443/",
              "provisioningState": "Succeeded",
              "failoverPriority": 0,
              "isZoneRedundant": false
            }
          ],
          "locations": [
            {
              "id": "dbaccount-752-westus",
              "locationName": "West US",
              "documentEndpoint": "https://dbaccount-752-westus.documents.azure.com:443/",
              "provisioningState": "Succeeded",
              "failoverPriority": 0,
              "isZoneRedundant": false
            }
          ],
          "failoverPolicies": [
            {
              "id": "dbaccount-752-westus",
              "locationName": "West US",
              "failoverPriority": 0
            }
          ],
          "cors": [],
          "capabilities": [
            {
              "name": "EnableMongo"
            }
          ],
          "ipRules": [
            {
              "ipAddressOrRange": "23.43.230.120"
            }
          ],
          "backupPolicy": {
            "type": "Periodic",
            "periodicModeProperties": {
              "backupIntervalInMinutes": 240,
              "backupRetentionIntervalInHours": 8,
              "backupStorageRedundancy": "Geo"
            }
          },
          "networkAclBypassResourceIds": []
        },
        "identity": {
          "type": "None"
        }
      }
    },
    {
      "RequestUri": "https://management.azure.com/subscriptions/db1ab6f0-4769-4b27-930e-01e2ef9c123c/resourceGroups/dbaccount-9559/providers/Microsoft.DocumentDB/databaseAccounts/dbaccount-752?api-version=2021-06-15",
      "RequestMethod": "GET",
      "RequestHeaders": {
        "Accept": "application/json",
        "Authorization": "Sanitized",
        "User-Agent": "azsdk-net-ResourceManager.CosmosDB/1.0.0-alpha.20211206.1 (.NET Framework 4.8.4420.0; Microsoft Windows 10.0.22000 )",
        "x-ms-client-request-id": "1cae50ea255e374a53b39aedd21e8cdd",
        "x-ms-return-client-request-id": "true"
      },
      "RequestBody": null,
      "StatusCode": 200,
      "ResponseHeaders": {
        "Cache-Control": [
          "no-store",
          "no-cache"
        ],
        "Content-Length": "2409",
        "Content-Type": "application/json",
        "Date": "Mon, 06 Dec 2021 12:49:09 GMT",
        "Pragma": "no-cache",
        "Server": "Microsoft-HTTPAPI/2.0",
        "Strict-Transport-Security": "max-age=31536000; includeSubDomains",
        "X-Content-Type-Options": "nosniff",
        "x-ms-correlation-request-id": "f9bf64e9-d4cf-41db-8b82-6478ba636a98",
        "x-ms-gatewayversion": "version=2.14.0",
        "x-ms-ratelimit-remaining-subscription-reads": "11739",
        "x-ms-request-id": "f9bf64e9-d4cf-41db-8b82-6478ba636a98",
        "x-ms-routing-request-id": "KOREASOUTH:20211206T124909Z:f9bf64e9-d4cf-41db-8b82-6478ba636a98"
      },
      "ResponseBody": {
        "id": "/subscriptions/db1ab6f0-4769-4b27-930e-01e2ef9c123c/resourceGroups/dbaccount-9559/providers/Microsoft.DocumentDB/databaseAccounts/dbaccount-752",
        "name": "dbaccount-752",
        "location": "West US 2",
        "type": "Microsoft.DocumentDB/databaseAccounts",
        "kind": "MongoDB",
        "tags": {
          "key3": "value3",
          "key4": "value4"
        },
        "systemData": {
          "createdAt": "2021-12-06T12:38:27.6584771Z"
        },
        "properties": {
          "provisioningState": "Succeeded",
          "documentEndpoint": "https://dbaccount-752.documents.azure.com:443/",
          "mongoEndpoint": "https://dbaccount-752.mongo.cosmos.azure.com:443/",
          "publicNetworkAccess": "Enabled",
          "enableAutomaticFailover": true,
          "enableMultipleWriteLocations": false,
          "enablePartitionKeyMonitor": false,
          "isVirtualNetworkFilterEnabled": false,
          "virtualNetworkRules": [],
          "EnabledApiTypes": "MongoDB",
          "disableKeyBasedMetadataWriteAccess": true,
          "enableFreeTier": false,
          "enableAnalyticalStorage": false,
          "analyticalStorageConfiguration": {
            "schemaType": "FullFidelity"
          },
          "instanceId": "9fa44830-737d-430b-a15d-799bcc260db4",
          "databaseAccountOfferType": "Standard",
          "defaultIdentity": "FirstPartyIdentity",
          "networkAclBypass": "None",
          "disableLocalAuth": false,
          "consistencyPolicy": {
            "defaultConsistencyLevel": "BoundedStaleness",
            "maxIntervalInSeconds": 1000,
            "maxStalenessPrefix": 300
          },
          "apiProperties": {
            "serverVersion": "3.6"
          },
          "configurationOverrides": {
            "EnableBsonSchema": "True"
          },
          "writeLocations": [
            {
              "id": "dbaccount-752-westus",
              "locationName": "West US",
              "documentEndpoint": "https://dbaccount-752-westus.documents.azure.com:443/",
              "provisioningState": "Succeeded",
              "failoverPriority": 0,
              "isZoneRedundant": false
            }
          ],
          "readLocations": [
            {
              "id": "dbaccount-752-westus",
              "locationName": "West US",
              "documentEndpoint": "https://dbaccount-752-westus.documents.azure.com:443/",
              "provisioningState": "Succeeded",
              "failoverPriority": 0,
              "isZoneRedundant": false
            }
          ],
          "locations": [
            {
              "id": "dbaccount-752-westus",
              "locationName": "West US",
              "documentEndpoint": "https://dbaccount-752-westus.documents.azure.com:443/",
              "provisioningState": "Succeeded",
              "failoverPriority": 0,
              "isZoneRedundant": false
            }
          ],
          "failoverPolicies": [
            {
              "id": "dbaccount-752-westus",
              "locationName": "West US",
              "failoverPriority": 0
            }
          ],
          "cors": [],
          "capabilities": [
            {
              "name": "EnableMongo"
            }
          ],
          "ipRules": [
            {
              "ipAddressOrRange": "23.43.230.120"
            }
          ],
          "backupPolicy": {
            "type": "Periodic",
            "periodicModeProperties": {
              "backupIntervalInMinutes": 240,
              "backupRetentionIntervalInHours": 8,
              "backupStorageRedundancy": "Geo"
            }
          },
          "networkAclBypassResourceIds": []
        },
        "identity": {
          "type": "None"
        }
      }
    },
    {
      "RequestUri": "https://management.azure.com/subscriptions/db1ab6f0-4769-4b27-930e-01e2ef9c123c/resourceGroups/dbaccount-9559/providers/Microsoft.DocumentDB/databaseAccounts/dbaccount-752?api-version=2021-06-15",
      "RequestMethod": "DELETE",
      "RequestHeaders": {
        "Authorization": "Sanitized",
        "User-Agent": "azsdk-net-ResourceManager.CosmosDB/1.0.0-alpha.20211206.1 (.NET Framework 4.8.4420.0; Microsoft Windows 10.0.22000 )",
        "x-ms-client-request-id": "072fca71c2b86e6ad776732b9f04495c",
        "x-ms-return-client-request-id": "true"
      },
      "RequestBody": null,
      "StatusCode": 202,
      "ResponseHeaders": {
        "Azure-AsyncOperation": "https://management.azure.com/subscriptions/db1ab6f0-4769-4b27-930e-01e2ef9c123c/providers/Microsoft.DocumentDB/locations/westus2/operationsStatus/2c896fb9-df51-4d78-9d49-adf33adc291c?api-version=2021-06-15",
        "Cache-Control": [
          "no-store",
          "no-cache"
        ],
        "Content-Length": "21",
        "Content-Type": "application/json",
        "Date": "Mon, 06 Dec 2021 12:49:11 GMT",
        "Location": "https://management.azure.com/subscriptions/db1ab6f0-4769-4b27-930e-01e2ef9c123c/providers/Microsoft.DocumentDB/locations/westus2/operationResults/2c896fb9-df51-4d78-9d49-adf33adc291c?api-version=2021-06-15",
        "Pragma": "no-cache",
        "Server": "Microsoft-HTTPAPI/2.0",
        "Strict-Transport-Security": "max-age=31536000; includeSubDomains",
        "X-Content-Type-Options": "nosniff",
        "x-ms-correlation-request-id": "a1a6d05e-756e-46c8-9642-46503736073a",
        "x-ms-gatewayversion": "version=2.14.0",
        "x-ms-ratelimit-remaining-subscription-deletes": "14999",
        "x-ms-request-id": "2c896fb9-df51-4d78-9d49-adf33adc291c",
        "x-ms-routing-request-id": "KOREASOUTH:20211206T124911Z:a1a6d05e-756e-46c8-9642-46503736073a"
      },
      "ResponseBody": {
        "status": "Enqueued"
      }
    },
    {
      "RequestUri": "https://management.azure.com/subscriptions/db1ab6f0-4769-4b27-930e-01e2ef9c123c/providers/Microsoft.DocumentDB/locations/westus2/operationsStatus/2c896fb9-df51-4d78-9d49-adf33adc291c?api-version=2021-06-15",
      "RequestMethod": "GET",
      "RequestHeaders": {
        "Authorization": "Sanitized",
        "User-Agent": "azsdk-net-ResourceManager/1.0.0-alpha.20211206.1 (.NET Framework 4.8.4420.0; Microsoft Windows 10.0.22000 )",
        "x-ms-client-request-id": "1e927b83044557f71ad54eddb746cdcd",
        "x-ms-return-client-request-id": "true"
      },
      "RequestBody": null,
      "StatusCode": 200,
      "ResponseHeaders": {
        "Cache-Control": [
          "no-store",
          "no-cache"
        ],
        "Content-Length": "22",
        "Content-Type": "application/json",
        "Date": "Mon, 06 Dec 2021 13:05:38 GMT",
        "Pragma": "no-cache",
        "Server": "Microsoft-HTTPAPI/2.0",
        "Strict-Transport-Security": "max-age=31536000; includeSubDomains",
        "X-Content-Type-Options": "nosniff",
        "x-ms-correlation-request-id": "23d9c523-f17f-40e4-81e2-d141dd980145",
        "x-ms-gatewayversion": "version=2.14.0",
        "x-ms-ratelimit-remaining-subscription-reads": "11178",
        "x-ms-request-id": "23d9c523-f17f-40e4-81e2-d141dd980145",
        "x-ms-routing-request-id": "KOREASOUTH:20211206T130539Z:23d9c523-f17f-40e4-81e2-d141dd980145"
      },
      "ResponseBody": {
        "status": "Succeeded"
      }
    },
    {
      "RequestUri": "https://management.azure.com/subscriptions/db1ab6f0-4769-4b27-930e-01e2ef9c123c/providers/Microsoft.DocumentDB/locations/westus2/operationsStatus/2c896fb9-df51-4d78-9d49-adf33adc291c?api-version=2021-06-15",
      "RequestMethod": "GET",
      "RequestHeaders": {
        "Authorization": "Sanitized",
        "User-Agent": "azsdk-net-ResourceManager/1.0.0-alpha.20211206.1 (.NET Framework 4.8.4420.0; Microsoft Windows 10.0.22000 )",
        "x-ms-client-request-id": "98d18f47a3b7c624b0e6e16322a532ed",
        "x-ms-return-client-request-id": "true"
      },
      "RequestBody": null,
      "StatusCode": 200,
      "ResponseHeaders": {
        "Cache-Control": [
          "no-store",
          "no-cache"
        ],
        "Content-Length": "22",
        "Content-Type": "application/json",
        "Date": "Mon, 06 Dec 2021 13:05:39 GMT",
        "Pragma": "no-cache",
        "Server": "Microsoft-HTTPAPI/2.0",
        "Strict-Transport-Security": "max-age=31536000; includeSubDomains",
        "X-Content-Type-Options": "nosniff",
        "x-ms-correlation-request-id": "101fa439-90ca-430b-9552-77a712bf2a57",
        "x-ms-gatewayversion": "version=2.14.0",
        "x-ms-ratelimit-remaining-subscription-reads": "11177",
        "x-ms-request-id": "101fa439-90ca-430b-9552-77a712bf2a57",
        "x-ms-routing-request-id": "KOREASOUTH:20211206T130540Z:101fa439-90ca-430b-9552-77a712bf2a57"
      },
      "ResponseBody": {
        "status": "Succeeded"
      }
    }
  ],
  "Variables": {
    "RandomSeed": "1544704576",
    "RESOURCE_MANAGER_URL": null,
    "SUBSCRIPTION_ID": "db1ab6f0-4769-4b27-930e-01e2ef9c123c"
  }
}