{
  "Entries": [
    {
      "RequestUri": "https://management.azure.com/subscriptions/710e347c-9ac8-408c-90fe-f8cfc44bf967/resourcegroups/dbaccount-3661?api-version=**",
      "RequestMethod": "GET",
      "RequestHeaders": {
        "Accept": "application/json",
        "Authorization": "Sanitized",
        "traceparent": "00-b8693207af7f97dbff3ca31d6262b3c7-da7d9993947eea70-00",
        "User-Agent": "azsdk-net-ResourceManager/1.4.0 (.NET 7.0.4; Microsoft Windows 10.0.22621)",
        "x-ms-client-request-id": "4ac36315f16ebee0da6f79c05c75d465",
        "x-ms-return-client-request-id": "true"
      },
      "RequestBody": null,
      "StatusCode": 200,
      "ResponseHeaders": {
        "Cache-Control": "no-cache",
        "Content-Length": "226",
        "Content-Type": "application/json; charset=utf-8",
        "Date": "Sat, 25 Mar 2023 03:37:00 GMT",
        "Expires": "-1",
        "Pragma": "no-cache",
        "Strict-Transport-Security": "max-age=31536000; includeSubDomains",
        "X-Content-Type-Options": "nosniff",
        "x-ms-correlation-request-id": "5466ae9d-0cbb-41db-9be9-75cd36bf9f5f",
        "x-ms-ratelimit-remaining-subscription-reads": "11783",
        "x-ms-request-id": "5466ae9d-0cbb-41db-9be9-75cd36bf9f5f",
        "x-ms-routing-request-id": "EASTUS:20230325T033700Z:5466ae9d-0cbb-41db-9be9-75cd36bf9f5f"
      },
      "ResponseBody": {
        "id": "/subscriptions/710e347c-9ac8-408c-90fe-f8cfc44bf967/resourceGroups/dbaccount-3661",
        "name": "dbaccount-3661",
        "type": "Microsoft.Resources/resourceGroups",
        "location": "westus2",
        "properties": {
          "provisioningState": "Succeeded"
        }
      }
    },
    {
      "RequestUri": "https://management.azure.com/subscriptions/710e347c-9ac8-408c-90fe-f8cfc44bf967/resourceGroups/dbaccount-3661/providers/Microsoft.DocumentDB/databaseAccounts/dbaccount-3308?api-version=2022-11-15",
      "RequestMethod": "PUT",
      "RequestHeaders": {
        "Accept": "application/json",
        "Authorization": "Sanitized",
        "Content-Length": "503",
        "Content-Type": "application/json",
        "traceparent": "00-4c1896d1a7af75a4c59b225bc742b579-4564ff038dca24d0-00",
        "User-Agent": "azsdk-net-ResourceManager.CosmosDB/1.3.0-alpha.20230324.1 (.NET 7.0.4; Microsoft Windows 10.0.22621)",
        "x-ms-client-request-id": "56266da820ed3b9f0e03419fc0f87456",
        "x-ms-return-client-request-id": "true"
      },
      "RequestBody": {
        "kind": "MongoDB",
        "tags": {
          "key1": "value1",
          "key2": "value2"
        },
        "location": "westus2",
        "properties": {
          "consistencyPolicy": {
            "defaultConsistencyLevel": "BoundedStaleness",
            "maxStalenessPrefix": 300,
            "maxIntervalInSeconds": 1000
          },
          "locations": [
            {
              "locationName": "westus",
              "isZoneRedundant": false
            }
          ],
          "databaseAccountOfferType": "Standard",
          "ipRules": [
            {
              "ipAddressOrRange": "23.43.230.120"
            }
          ],
          "isVirtualNetworkFilterEnabled": true,
          "enableAutomaticFailover": false,
          "connectorOffer": "Small",
          "disableKeyBasedMetadataWriteAccess": false
        }
      },
      "StatusCode": 200,
      "ResponseHeaders": {
        "Azure-AsyncOperation": "https://management.azure.com/subscriptions/710e347c-9ac8-408c-90fe-f8cfc44bf967/providers/Microsoft.DocumentDB/locations/westus2/operationsStatus/075801d2-45be-4658-8f30-8369cccf07e4?api-version=2022-11-15",
        "Cache-Control": "no-store, no-cache",
        "Content-Length": "2440",
        "Content-Type": "application/json",
        "Date": "Sat, 25 Mar 2023 03:37:06 GMT",
        "Location": "https://management.azure.com/subscriptions/710e347c-9ac8-408c-90fe-f8cfc44bf967/resourceGroups/dbaccount-3661/providers/Microsoft.DocumentDB/databaseAccounts/dbaccount-3308/operationResults/075801d2-45be-4658-8f30-8369cccf07e4?api-version=2022-11-15",
        "Pragma": "no-cache",
        "Server": "Microsoft-HTTPAPI/2.0",
        "Strict-Transport-Security": "max-age=31536000; includeSubDomains",
        "X-Content-Type-Options": "nosniff",
        "x-ms-correlation-request-id": "24182d6a-3df1-4ae9-96c6-ebb220acd553",
        "x-ms-gatewayversion": "version=2.14.0",
        "x-ms-ratelimit-remaining-subscription-writes": "1195",
        "x-ms-request-id": "075801d2-45be-4658-8f30-8369cccf07e4",
        "x-ms-routing-request-id": "EASTUS:20230325T033707Z:24182d6a-3df1-4ae9-96c6-ebb220acd553"
      },
      "ResponseBody": {
        "id": "/subscriptions/710e347c-9ac8-408c-90fe-f8cfc44bf967/resourceGroups/dbaccount-3661/providers/Microsoft.DocumentDB/databaseAccounts/dbaccount-3308",
        "name": "dbaccount-3308",
        "location": "West US 2",
        "type": "Microsoft.DocumentDB/databaseAccounts",
        "kind": "MongoDB",
        "tags": {
          "key1": "value1",
          "key2": "value2"
        },
        "systemData": {
          "createdAt": "2023-03-25T03:37:04.0048877Z"
        },
        "properties": {
          "provisioningState": "Creating",
          "publicNetworkAccess": "Enabled",
          "enableAutomaticFailover": false,
          "enableMultipleWriteLocations": false,
          "enablePartitionKeyMonitor": false,
          "isVirtualNetworkFilterEnabled": true,
          "virtualNetworkRules": [],
          "EnabledApiTypes": "MongoDB",
          "disableKeyBasedMetadataWriteAccess": false,
          "enableFreeTier": false,
          "enableAnalyticalStorage": false,
          "analyticalStorageConfiguration": {
            "schemaType": "FullFidelity"
          },
          "instanceId": "116c3b62-a7f6-4a44-ae93-e59ca7667a53",
          "databaseAccountOfferType": "Standard",
          "enableCassandraConnector": false,
          "connectorOffer": "Small",
          "defaultIdentity": "",
          "networkAclBypass": "None",
          "disableLocalAuth": false,
          "enablePartitionMerge": false,
          "minimalTlsVersion": "Tls12",
          "consistencyPolicy": {
            "defaultConsistencyLevel": "BoundedStaleness",
            "maxIntervalInSeconds": 1000,
            "maxStalenessPrefix": 300
          },
          "apiProperties": {
            "serverVersion": "3.6"
          },
          "configurationOverrides": {},
          "writeLocations": [
            {
              "id": "dbaccount-3308-westus",
              "locationName": "West US",
              "provisioningState": "Creating",
              "failoverPriority": 0,
              "isZoneRedundant": false
            }
          ],
          "readLocations": [
            {
              "id": "dbaccount-3308-westus",
              "locationName": "West US",
              "provisioningState": "Creating",
              "failoverPriority": 0,
              "isZoneRedundant": false
            }
          ],
          "locations": [
            {
              "id": "dbaccount-3308-westus",
              "locationName": "West US",
              "provisioningState": "Creating",
              "failoverPriority": 0,
              "isZoneRedundant": false
            }
          ],
          "failoverPolicies": [
            {
              "id": "dbaccount-3308-westus",
              "locationName": "West US",
              "failoverPriority": 0
            }
          ],
          "cors": [],
          "capabilities": [
            {
              "name": "EnableMongo"
            }
          ],
          "ipRules": [
            {
              "ipAddressOrRange": "23.43.230.120"
            }
          ],
          "backupPolicy": {
            "type": "Periodic",
            "periodicModeProperties": {
              "backupIntervalInMinutes": 240,
              "backupRetentionIntervalInHours": 8,
              "backupStorageRedundancy": "Invalid"
            }
          },
          "networkAclBypassResourceIds": [],
          "keysMetadata": {
            "primaryMasterKey": {
              "generationTime": "2023-03-25T03:37:04.0048877Z"
            },
            "secondaryMasterKey": {
              "generationTime": "2023-03-25T03:37:04.0048877Z"
            },
            "primaryReadonlyMasterKey": {
              "generationTime": "2023-03-25T03:37:04.0048877Z"
            },
            "secondaryReadonlyMasterKey": {
              "generationTime": "2023-03-25T03:37:04.0048877Z"
            }
          }
        },
        "identity": {
          "type": "None"
        }
      }
    },
    {
      "RequestUri": "https://management.azure.com/subscriptions/710e347c-9ac8-408c-90fe-f8cfc44bf967/providers/Microsoft.DocumentDB/locations/westus2/operationsStatus/075801d2-45be-4658-8f30-8369cccf07e4?api-version=2022-11-15",
      "RequestMethod": "GET",
      "RequestHeaders": {
        "Authorization": "Sanitized",
        "traceparent": "00-4c1896d1a7af75a4c59b225bc742b579-3c8eeda0529142ba-00",
        "User-Agent": "azsdk-net-ResourceManager/1.4.0 (.NET 7.0.4; Microsoft Windows 10.0.22621)",
        "x-ms-client-request-id": "f29271de312f4228230f60ee9e1f1a76",
        "x-ms-return-client-request-id": "true"
      },
      "RequestBody": null,
      "StatusCode": 200,
      "ResponseHeaders": {
        "Cache-Control": "no-store, no-cache",
        "Content-Length": "21",
        "Content-Type": "application/json",
        "Date": "Sat, 25 Mar 2023 03:37:06 GMT",
        "Pragma": "no-cache",
        "Server": "Microsoft-HTTPAPI/2.0",
        "Strict-Transport-Security": "max-age=31536000; includeSubDomains",
        "X-Content-Type-Options": "nosniff",
        "x-ms-correlation-request-id": "245a001d-3822-4df8-a4e3-1f9ac8e5ed07",
        "x-ms-gatewayversion": "version=2.14.0",
        "x-ms-ratelimit-remaining-subscription-reads": "11782",
        "x-ms-request-id": "245a001d-3822-4df8-a4e3-1f9ac8e5ed07",
        "x-ms-routing-request-id": "EASTUS:20230325T033707Z:245a001d-3822-4df8-a4e3-1f9ac8e5ed07"
      },
      "ResponseBody": {
        "status": "Enqueued"
      }
    },
    {
      "RequestUri": "https://management.azure.com/subscriptions/710e347c-9ac8-408c-90fe-f8cfc44bf967/providers/Microsoft.DocumentDB/locations/westus2/operationsStatus/075801d2-45be-4658-8f30-8369cccf07e4?api-version=2022-11-15",
      "RequestMethod": "GET",
      "RequestHeaders": {
        "Authorization": "Sanitized",
        "traceparent": "00-4c1896d1a7af75a4c59b225bc742b579-8b25fd74f2549129-00",
        "User-Agent": "azsdk-net-ResourceManager/1.4.0 (.NET 7.0.4; Microsoft Windows 10.0.22621)",
        "x-ms-client-request-id": "9a636904d4234b55191f64028538b885",
        "x-ms-return-client-request-id": "true"
      },
      "RequestBody": null,
      "StatusCode": 200,
      "ResponseHeaders": {
        "Cache-Control": "no-store, no-cache",
        "Content-Length": "21",
        "Content-Type": "application/json",
        "Date": "Sat, 25 Mar 2023 03:37:08 GMT",
        "Pragma": "no-cache",
        "Server": "Microsoft-HTTPAPI/2.0",
        "Strict-Transport-Security": "max-age=31536000; includeSubDomains",
        "X-Content-Type-Options": "nosniff",
        "x-ms-correlation-request-id": "2093b036-f21c-43b1-920d-f9e6482c0b4c",
        "x-ms-gatewayversion": "version=2.14.0",
        "x-ms-ratelimit-remaining-subscription-reads": "11781",
        "x-ms-request-id": "2093b036-f21c-43b1-920d-f9e6482c0b4c",
        "x-ms-routing-request-id": "EASTUS:20230325T033709Z:2093b036-f21c-43b1-920d-f9e6482c0b4c"
      },
      "ResponseBody": {
        "status": "Enqueued"
      }
    },
    {
      "RequestUri": "https://management.azure.com/subscriptions/710e347c-9ac8-408c-90fe-f8cfc44bf967/providers/Microsoft.DocumentDB/locations/westus2/operationsStatus/075801d2-45be-4658-8f30-8369cccf07e4?api-version=2022-11-15",
      "RequestMethod": "GET",
      "RequestHeaders": {
        "Authorization": "Sanitized",
        "traceparent": "00-4c1896d1a7af75a4c59b225bc742b579-fdb12ce623f58f6a-00",
        "User-Agent": "azsdk-net-ResourceManager/1.4.0 (.NET 7.0.4; Microsoft Windows 10.0.22621)",
        "x-ms-client-request-id": "4ec030948165c627b26e6dd3fc6467d3",
        "x-ms-return-client-request-id": "true"
      },
      "RequestBody": null,
      "StatusCode": 200,
      "ResponseHeaders": {
        "Cache-Control": "no-store, no-cache",
        "Content-Length": "21",
        "Content-Type": "application/json",
        "Date": "Sat, 25 Mar 2023 03:37:09 GMT",
        "Pragma": "no-cache",
        "Server": "Microsoft-HTTPAPI/2.0",
        "Strict-Transport-Security": "max-age=31536000; includeSubDomains",
        "X-Content-Type-Options": "nosniff",
        "x-ms-correlation-request-id": "f051b944-f2be-4d91-944b-d43e498c6222",
        "x-ms-gatewayversion": "version=2.14.0",
        "x-ms-ratelimit-remaining-subscription-reads": "11780",
        "x-ms-request-id": "f051b944-f2be-4d91-944b-d43e498c6222",
        "x-ms-routing-request-id": "EASTUS:20230325T033710Z:f051b944-f2be-4d91-944b-d43e498c6222"
      },
      "ResponseBody": {
        "status": "Dequeued"
      }
    },
    {
      "RequestUri": "https://management.azure.com/subscriptions/710e347c-9ac8-408c-90fe-f8cfc44bf967/providers/Microsoft.DocumentDB/locations/westus2/operationsStatus/075801d2-45be-4658-8f30-8369cccf07e4?api-version=2022-11-15",
      "RequestMethod": "GET",
      "RequestHeaders": {
        "Authorization": "Sanitized",
        "traceparent": "00-4c1896d1a7af75a4c59b225bc742b579-5565ea20f4497a8e-00",
        "User-Agent": "azsdk-net-ResourceManager/1.4.0 (.NET 7.0.4; Microsoft Windows 10.0.22621)",
        "x-ms-client-request-id": "186224d0d3250aee1b46d80fcd26bcea",
        "x-ms-return-client-request-id": "true"
      },
      "RequestBody": null,
      "StatusCode": 200,
      "ResponseHeaders": {
        "Cache-Control": "no-store, no-cache",
        "Content-Length": "21",
        "Content-Type": "application/json",
        "Date": "Sat, 25 Mar 2023 03:37:10 GMT",
        "Pragma": "no-cache",
        "Server": "Microsoft-HTTPAPI/2.0",
        "Strict-Transport-Security": "max-age=31536000; includeSubDomains",
        "X-Content-Type-Options": "nosniff",
        "x-ms-correlation-request-id": "3041e99e-547d-4503-ba13-60101567d2eb",
        "x-ms-gatewayversion": "version=2.14.0",
        "x-ms-ratelimit-remaining-subscription-reads": "11779",
        "x-ms-request-id": "3041e99e-547d-4503-ba13-60101567d2eb",
        "x-ms-routing-request-id": "EASTUS:20230325T033711Z:3041e99e-547d-4503-ba13-60101567d2eb"
      },
      "ResponseBody": {
        "status": "Dequeued"
      }
    },
    {
      "RequestUri": "https://management.azure.com/subscriptions/710e347c-9ac8-408c-90fe-f8cfc44bf967/providers/Microsoft.DocumentDB/locations/westus2/operationsStatus/075801d2-45be-4658-8f30-8369cccf07e4?api-version=2022-11-15",
      "RequestMethod": "GET",
      "RequestHeaders": {
        "Authorization": "Sanitized",
        "traceparent": "00-4c1896d1a7af75a4c59b225bc742b579-708461d7ed847e98-00",
        "User-Agent": "azsdk-net-ResourceManager/1.4.0 (.NET 7.0.4; Microsoft Windows 10.0.22621)",
        "x-ms-client-request-id": "6e59da56cb5f8210429de7b466814eb5",
        "x-ms-return-client-request-id": "true"
      },
      "RequestBody": null,
      "StatusCode": 200,
      "ResponseHeaders": {
        "Cache-Control": "no-store, no-cache",
        "Content-Length": "21",
        "Content-Type": "application/json",
        "Date": "Sat, 25 Mar 2023 03:37:12 GMT",
        "Pragma": "no-cache",
        "Server": "Microsoft-HTTPAPI/2.0",
        "Strict-Transport-Security": "max-age=31536000; includeSubDomains",
        "X-Content-Type-Options": "nosniff",
        "x-ms-correlation-request-id": "c60f2ca3-02a4-45dc-9e98-f32b29604f74",
        "x-ms-gatewayversion": "version=2.14.0",
        "x-ms-ratelimit-remaining-subscription-reads": "11778",
        "x-ms-request-id": "c60f2ca3-02a4-45dc-9e98-f32b29604f74",
        "x-ms-routing-request-id": "EASTUS:20230325T033713Z:c60f2ca3-02a4-45dc-9e98-f32b29604f74"
      },
      "ResponseBody": {
        "status": "Dequeued"
      }
    },
    {
      "RequestUri": "https://management.azure.com/subscriptions/710e347c-9ac8-408c-90fe-f8cfc44bf967/providers/Microsoft.DocumentDB/locations/westus2/operationsStatus/075801d2-45be-4658-8f30-8369cccf07e4?api-version=2022-11-15",
      "RequestMethod": "GET",
      "RequestHeaders": {
        "Authorization": "Sanitized",
        "traceparent": "00-4c1896d1a7af75a4c59b225bc742b579-2bf0332bd15b3fb3-00",
        "User-Agent": "azsdk-net-ResourceManager/1.4.0 (.NET 7.0.4; Microsoft Windows 10.0.22621)",
        "x-ms-client-request-id": "603190b8a0d6c16041b5321ea917f88c",
        "x-ms-return-client-request-id": "true"
      },
      "RequestBody": null,
      "StatusCode": 200,
      "ResponseHeaders": {
        "Cache-Control": "no-store, no-cache",
        "Content-Length": "21",
        "Content-Type": "application/json",
        "Date": "Sat, 25 Mar 2023 03:37:16 GMT",
        "Pragma": "no-cache",
        "Server": "Microsoft-HTTPAPI/2.0",
        "Strict-Transport-Security": "max-age=31536000; includeSubDomains",
        "X-Content-Type-Options": "nosniff",
        "x-ms-correlation-request-id": "2fa10cc5-bf13-4c89-ab04-ad3971176d50",
        "x-ms-gatewayversion": "version=2.14.0",
        "x-ms-ratelimit-remaining-subscription-reads": "11777",
        "x-ms-request-id": "2fa10cc5-bf13-4c89-ab04-ad3971176d50",
        "x-ms-routing-request-id": "EASTUS:20230325T033717Z:2fa10cc5-bf13-4c89-ab04-ad3971176d50"
      },
      "ResponseBody": {
        "status": "Dequeued"
      }
    },
    {
      "RequestUri": "https://management.azure.com/subscriptions/710e347c-9ac8-408c-90fe-f8cfc44bf967/providers/Microsoft.DocumentDB/locations/westus2/operationsStatus/075801d2-45be-4658-8f30-8369cccf07e4?api-version=2022-11-15",
      "RequestMethod": "GET",
      "RequestHeaders": {
        "Authorization": "Sanitized",
        "traceparent": "00-4c1896d1a7af75a4c59b225bc742b579-6665f853a03962c2-00",
        "User-Agent": "azsdk-net-ResourceManager/1.4.0 (.NET 7.0.4; Microsoft Windows 10.0.22621)",
        "x-ms-client-request-id": "227d82b1f80b057314dfd587eb39a49a",
        "x-ms-return-client-request-id": "true"
      },
      "RequestBody": null,
      "StatusCode": 200,
      "ResponseHeaders": {
        "Cache-Control": "no-store, no-cache",
        "Content-Length": "21",
        "Content-Type": "application/json",
        "Date": "Sat, 25 Mar 2023 03:37:24 GMT",
        "Pragma": "no-cache",
        "Server": "Microsoft-HTTPAPI/2.0",
        "Strict-Transport-Security": "max-age=31536000; includeSubDomains",
        "X-Content-Type-Options": "nosniff",
        "x-ms-correlation-request-id": "aebbd01c-0516-4564-8f6b-37b5b173e5f8",
        "x-ms-gatewayversion": "version=2.14.0",
        "x-ms-ratelimit-remaining-subscription-reads": "11776",
        "x-ms-request-id": "aebbd01c-0516-4564-8f6b-37b5b173e5f8",
        "x-ms-routing-request-id": "EASTUS:20230325T033725Z:aebbd01c-0516-4564-8f6b-37b5b173e5f8"
      },
      "ResponseBody": {
        "status": "Dequeued"
      }
    },
    {
      "RequestUri": "https://management.azure.com/subscriptions/710e347c-9ac8-408c-90fe-f8cfc44bf967/providers/Microsoft.DocumentDB/locations/westus2/operationsStatus/075801d2-45be-4658-8f30-8369cccf07e4?api-version=2022-11-15",
      "RequestMethod": "GET",
      "RequestHeaders": {
        "Authorization": "Sanitized",
        "traceparent": "00-4c1896d1a7af75a4c59b225bc742b579-bfaeeb14e93cf5f1-00",
        "User-Agent": "azsdk-net-ResourceManager/1.4.0 (.NET 7.0.4; Microsoft Windows 10.0.22621)",
        "x-ms-client-request-id": "3c5623f85cf4b61479982ca999f1d92a",
        "x-ms-return-client-request-id": "true"
      },
      "RequestBody": null,
      "StatusCode": 200,
      "ResponseHeaders": {
        "Cache-Control": "no-store, no-cache",
        "Content-Length": "21",
        "Content-Type": "application/json",
        "Date": "Sat, 25 Mar 2023 03:37:41 GMT",
        "Pragma": "no-cache",
        "Server": "Microsoft-HTTPAPI/2.0",
        "Strict-Transport-Security": "max-age=31536000; includeSubDomains",
        "X-Content-Type-Options": "nosniff",
        "x-ms-correlation-request-id": "6971d5d6-ae69-4b4e-967e-a47f22a7b3d9",
        "x-ms-gatewayversion": "version=2.14.0",
        "x-ms-ratelimit-remaining-subscription-reads": "11775",
        "x-ms-request-id": "6971d5d6-ae69-4b4e-967e-a47f22a7b3d9",
        "x-ms-routing-request-id": "EASTUS:20230325T033741Z:6971d5d6-ae69-4b4e-967e-a47f22a7b3d9"
      },
      "ResponseBody": {
        "status": "Dequeued"
      }
    },
    {
      "RequestUri": "https://management.azure.com/subscriptions/710e347c-9ac8-408c-90fe-f8cfc44bf967/providers/Microsoft.DocumentDB/locations/westus2/operationsStatus/075801d2-45be-4658-8f30-8369cccf07e4?api-version=2022-11-15",
      "RequestMethod": "GET",
      "RequestHeaders": {
        "Authorization": "Sanitized",
        "traceparent": "00-4c1896d1a7af75a4c59b225bc742b579-96616f248bf86068-00",
        "User-Agent": "azsdk-net-ResourceManager/1.4.0 (.NET 7.0.4; Microsoft Windows 10.0.22621)",
        "x-ms-client-request-id": "e3035ba42c04c0a91d2c4cf6cad8d508",
        "x-ms-return-client-request-id": "true"
      },
      "RequestBody": null,
      "StatusCode": 200,
      "ResponseHeaders": {
        "Cache-Control": "no-store, no-cache",
        "Content-Length": "21",
        "Content-Type": "application/json",
        "Date": "Sat, 25 Mar 2023 03:38:13 GMT",
        "Pragma": "no-cache",
        "Server": "Microsoft-HTTPAPI/2.0",
        "Strict-Transport-Security": "max-age=31536000; includeSubDomains",
        "X-Content-Type-Options": "nosniff",
        "x-ms-correlation-request-id": "32a92234-dab8-475b-9e75-f735ade251a5",
        "x-ms-gatewayversion": "version=2.14.0",
        "x-ms-ratelimit-remaining-subscription-reads": "11774",
        "x-ms-request-id": "32a92234-dab8-475b-9e75-f735ade251a5",
        "x-ms-routing-request-id": "EASTUS:20230325T033813Z:32a92234-dab8-475b-9e75-f735ade251a5"
      },
      "ResponseBody": {
        "status": "Dequeued"
      }
    },
    {
      "RequestUri": "https://management.azure.com/subscriptions/710e347c-9ac8-408c-90fe-f8cfc44bf967/providers/Microsoft.DocumentDB/locations/westus2/operationsStatus/075801d2-45be-4658-8f30-8369cccf07e4?api-version=2022-11-15",
      "RequestMethod": "GET",
      "RequestHeaders": {
        "Authorization": "Sanitized",
        "traceparent": "00-4c1896d1a7af75a4c59b225bc742b579-2141c20c804cc924-00",
        "User-Agent": "azsdk-net-ResourceManager/1.4.0 (.NET 7.0.4; Microsoft Windows 10.0.22621)",
        "x-ms-client-request-id": "86269811bbc155976ec6a873cbca6c22",
        "x-ms-return-client-request-id": "true"
      },
      "RequestBody": null,
      "StatusCode": 200,
      "ResponseHeaders": {
        "Cache-Control": "no-store, no-cache",
        "Content-Length": "21",
        "Content-Type": "application/json",
        "Date": "Sat, 25 Mar 2023 03:38:45 GMT",
        "Pragma": "no-cache",
        "Server": "Microsoft-HTTPAPI/2.0",
        "Strict-Transport-Security": "max-age=31536000; includeSubDomains",
        "X-Content-Type-Options": "nosniff",
        "x-ms-correlation-request-id": "98d70aef-c13e-4631-8f89-cb41f0b5b460",
        "x-ms-gatewayversion": "version=2.14.0",
        "x-ms-ratelimit-remaining-subscription-reads": "11773",
        "x-ms-request-id": "98d70aef-c13e-4631-8f89-cb41f0b5b460",
        "x-ms-routing-request-id": "EASTUS:20230325T033846Z:98d70aef-c13e-4631-8f89-cb41f0b5b460"
      },
      "ResponseBody": {
        "status": "Dequeued"
      }
    },
    {
      "RequestUri": "https://management.azure.com/subscriptions/710e347c-9ac8-408c-90fe-f8cfc44bf967/providers/Microsoft.DocumentDB/locations/westus2/operationsStatus/075801d2-45be-4658-8f30-8369cccf07e4?api-version=2022-11-15",
      "RequestMethod": "GET",
      "RequestHeaders": {
        "Authorization": "Sanitized",
        "traceparent": "00-4c1896d1a7af75a4c59b225bc742b579-9cf08d12e787dd6f-00",
        "User-Agent": "azsdk-net-ResourceManager/1.4.0 (.NET 7.0.4; Microsoft Windows 10.0.22621)",
        "x-ms-client-request-id": "90e2ab06c036cb9579961fc80f1eeca1",
        "x-ms-return-client-request-id": "true"
      },
      "RequestBody": null,
      "StatusCode": 200,
      "ResponseHeaders": {
        "Cache-Control": "no-store, no-cache",
        "Content-Length": "21",
        "Content-Type": "application/json",
        "Date": "Sat, 25 Mar 2023 03:39:18 GMT",
        "Pragma": "no-cache",
        "Server": "Microsoft-HTTPAPI/2.0",
        "Strict-Transport-Security": "max-age=31536000; includeSubDomains",
        "X-Content-Type-Options": "nosniff",
        "x-ms-correlation-request-id": "34b2e745-89df-4b38-b999-6c26070d0301",
        "x-ms-gatewayversion": "version=2.14.0",
        "x-ms-ratelimit-remaining-subscription-reads": "11772",
        "x-ms-request-id": "34b2e745-89df-4b38-b999-6c26070d0301",
        "x-ms-routing-request-id": "EASTUS:20230325T033918Z:34b2e745-89df-4b38-b999-6c26070d0301"
      },
      "ResponseBody": {
        "status": "Dequeued"
      }
    },
    {
      "RequestUri": "https://management.azure.com/subscriptions/710e347c-9ac8-408c-90fe-f8cfc44bf967/providers/Microsoft.DocumentDB/locations/westus2/operationsStatus/075801d2-45be-4658-8f30-8369cccf07e4?api-version=2022-11-15",
      "RequestMethod": "GET",
      "RequestHeaders": {
        "Authorization": "Sanitized",
        "traceparent": "00-4c1896d1a7af75a4c59b225bc742b579-05f51be33e11a79c-00",
        "User-Agent": "azsdk-net-ResourceManager/1.4.0 (.NET 7.0.4; Microsoft Windows 10.0.22621)",
        "x-ms-client-request-id": "009824c353cae969c3ad753e8336f452",
        "x-ms-return-client-request-id": "true"
      },
      "RequestBody": null,
      "StatusCode": 200,
      "ResponseHeaders": {
        "Cache-Control": "no-store, no-cache",
        "Content-Length": "21",
        "Content-Type": "application/json",
        "Date": "Sat, 25 Mar 2023 03:39:50 GMT",
        "Pragma": "no-cache",
        "Server": "Microsoft-HTTPAPI/2.0",
        "Strict-Transport-Security": "max-age=31536000; includeSubDomains",
        "X-Content-Type-Options": "nosniff",
        "x-ms-correlation-request-id": "a9fddae1-0945-40b0-82d5-131df481b6a4",
        "x-ms-gatewayversion": "version=2.14.0",
        "x-ms-ratelimit-remaining-subscription-reads": "11771",
        "x-ms-request-id": "a9fddae1-0945-40b0-82d5-131df481b6a4",
        "x-ms-routing-request-id": "EASTUS:20230325T033950Z:a9fddae1-0945-40b0-82d5-131df481b6a4"
      },
      "ResponseBody": {
        "status": "Dequeued"
      }
    },
    {
      "RequestUri": "https://management.azure.com/subscriptions/710e347c-9ac8-408c-90fe-f8cfc44bf967/providers/Microsoft.DocumentDB/locations/westus2/operationsStatus/075801d2-45be-4658-8f30-8369cccf07e4?api-version=2022-11-15",
      "RequestMethod": "GET",
      "RequestHeaders": {
        "Authorization": "Sanitized",
        "traceparent": "00-4c1896d1a7af75a4c59b225bc742b579-b13a86016985c213-00",
        "User-Agent": "azsdk-net-ResourceManager/1.4.0 (.NET 7.0.4; Microsoft Windows 10.0.22621)",
        "x-ms-client-request-id": "1ff029bf44f651d2035b0c2a9bcf4550",
        "x-ms-return-client-request-id": "true"
      },
      "RequestBody": null,
      "StatusCode": 200,
      "ResponseHeaders": {
        "Cache-Control": "no-store, no-cache",
        "Content-Length": "21",
        "Content-Type": "application/json",
        "Date": "Sat, 25 Mar 2023 03:40:22 GMT",
        "Pragma": "no-cache",
        "Server": "Microsoft-HTTPAPI/2.0",
        "Strict-Transport-Security": "max-age=31536000; includeSubDomains",
        "X-Content-Type-Options": "nosniff",
        "x-ms-correlation-request-id": "38eb47f5-1548-4b44-9e15-02597902cd3d",
        "x-ms-gatewayversion": "version=2.14.0",
        "x-ms-ratelimit-remaining-subscription-reads": "11787",
        "x-ms-request-id": "38eb47f5-1548-4b44-9e15-02597902cd3d",
        "x-ms-routing-request-id": "EASTUS:20230325T034022Z:38eb47f5-1548-4b44-9e15-02597902cd3d"
      },
      "ResponseBody": {
        "status": "Dequeued"
      }
    },
    {
      "RequestUri": "https://management.azure.com/subscriptions/710e347c-9ac8-408c-90fe-f8cfc44bf967/providers/Microsoft.DocumentDB/locations/westus2/operationsStatus/075801d2-45be-4658-8f30-8369cccf07e4?api-version=2022-11-15",
      "RequestMethod": "GET",
      "RequestHeaders": {
        "Authorization": "Sanitized",
        "traceparent": "00-4c1896d1a7af75a4c59b225bc742b579-e2e4f79d2ec99126-00",
        "User-Agent": "azsdk-net-ResourceManager/1.4.0 (.NET 7.0.4; Microsoft Windows 10.0.22621)",
        "x-ms-client-request-id": "a6b007d96b31b35841f9cc884a574743",
        "x-ms-return-client-request-id": "true"
      },
      "RequestBody": null,
      "StatusCode": 200,
      "ResponseHeaders": {
        "Cache-Control": "no-store, no-cache",
        "Content-Length": "21",
        "Content-Type": "application/json",
        "Date": "Sat, 25 Mar 2023 03:40:53 GMT",
        "Pragma": "no-cache",
        "Server": "Microsoft-HTTPAPI/2.0",
        "Strict-Transport-Security": "max-age=31536000; includeSubDomains",
        "X-Content-Type-Options": "nosniff",
        "x-ms-correlation-request-id": "b4d7ef82-e01e-4d1d-a06c-642b0c6c70a0",
        "x-ms-gatewayversion": "version=2.14.0",
        "x-ms-ratelimit-remaining-subscription-reads": "11786",
        "x-ms-request-id": "b4d7ef82-e01e-4d1d-a06c-642b0c6c70a0",
        "x-ms-routing-request-id": "EASTUS:20230325T034054Z:b4d7ef82-e01e-4d1d-a06c-642b0c6c70a0"
      },
      "ResponseBody": {
        "status": "Dequeued"
      }
    },
    {
      "RequestUri": "https://management.azure.com/subscriptions/710e347c-9ac8-408c-90fe-f8cfc44bf967/providers/Microsoft.DocumentDB/locations/westus2/operationsStatus/075801d2-45be-4658-8f30-8369cccf07e4?api-version=2022-11-15",
      "RequestMethod": "GET",
      "RequestHeaders": {
        "Authorization": "Sanitized",
        "traceparent": "00-4c1896d1a7af75a4c59b225bc742b579-a143e64645cbcfd7-00",
        "User-Agent": "azsdk-net-ResourceManager/1.4.0 (.NET 7.0.4; Microsoft Windows 10.0.22621)",
        "x-ms-client-request-id": "e508cca1cd2d7eab5247fd6f463e4df4",
        "x-ms-return-client-request-id": "true"
      },
      "RequestBody": null,
      "StatusCode": 200,
      "ResponseHeaders": {
        "Cache-Control": "no-store, no-cache",
        "Content-Length": "22",
        "Content-Type": "application/json",
        "Date": "Sat, 25 Mar 2023 03:41:27 GMT",
        "Pragma": "no-cache",
        "Server": "Microsoft-HTTPAPI/2.0",
        "Strict-Transport-Security": "max-age=31536000; includeSubDomains",
        "X-Content-Type-Options": "nosniff",
        "x-ms-correlation-request-id": "0f6279b2-379f-4e9f-a260-58515ae8dd41",
        "x-ms-gatewayversion": "version=2.14.0",
        "x-ms-ratelimit-remaining-subscription-reads": "11785",
        "x-ms-request-id": "0f6279b2-379f-4e9f-a260-58515ae8dd41",
        "x-ms-routing-request-id": "EASTUS:20230325T034127Z:0f6279b2-379f-4e9f-a260-58515ae8dd41"
      },
      "ResponseBody": {
        "status": "Succeeded"
      }
    },
    {
      "RequestUri": "https://management.azure.com/subscriptions/710e347c-9ac8-408c-90fe-f8cfc44bf967/resourceGroups/dbaccount-3661/providers/Microsoft.DocumentDB/databaseAccounts/dbaccount-3308?api-version=2022-11-15",
      "RequestMethod": "GET",
      "RequestHeaders": {
        "Authorization": "Sanitized",
        "traceparent": "00-4c1896d1a7af75a4c59b225bc742b579-ff106632e7676dbf-00",
        "User-Agent": "azsdk-net-ResourceManager/1.4.0 (.NET 7.0.4; Microsoft Windows 10.0.22621)",
        "x-ms-client-request-id": "7c6425674d865421d13cddfc774907ac",
        "x-ms-return-client-request-id": "true"
      },
      "RequestBody": null,
      "StatusCode": 200,
      "ResponseHeaders": {
        "Cache-Control": "no-store, no-cache",
        "Content-Length": "2913",
        "Content-Type": "application/json",
        "Date": "Sat, 25 Mar 2023 03:41:27 GMT",
        "Pragma": "no-cache",
        "Server": "Microsoft-HTTPAPI/2.0",
        "Strict-Transport-Security": "max-age=31536000; includeSubDomains",
        "X-Content-Type-Options": "nosniff",
        "x-ms-correlation-request-id": "59a5dd5f-e535-4d5e-a951-92c6b6eaef35",
        "x-ms-gatewayversion": "version=2.14.0",
        "x-ms-ratelimit-remaining-subscription-reads": "11784",
        "x-ms-request-id": "59a5dd5f-e535-4d5e-a951-92c6b6eaef35",
        "x-ms-routing-request-id": "EASTUS:20230325T034127Z:59a5dd5f-e535-4d5e-a951-92c6b6eaef35"
      },
      "ResponseBody": {
        "id": "/subscriptions/710e347c-9ac8-408c-90fe-f8cfc44bf967/resourceGroups/dbaccount-3661/providers/Microsoft.DocumentDB/databaseAccounts/dbaccount-3308",
        "name": "dbaccount-3308",
        "location": "West US 2",
        "type": "Microsoft.DocumentDB/databaseAccounts",
        "kind": "MongoDB",
        "tags": {
          "key1": "value1",
          "key2": "value2"
        },
        "systemData": {
          "createdAt": "2023-03-25T03:40:58.7899405Z"
        },
        "properties": {
          "provisioningState": "Succeeded",
          "documentEndpoint": "https://dbaccount-3308.documents.azure.com:443/",
          "sqlEndpoint": "https://dbaccount-3308.documents.azure.com:443/",
          "mongoEndpoint": "https://dbaccount-3308.mongo.cosmos.azure.com:443/",
          "publicNetworkAccess": "Enabled",
          "enableAutomaticFailover": false,
          "enableMultipleWriteLocations": false,
          "enablePartitionKeyMonitor": false,
          "isVirtualNetworkFilterEnabled": true,
          "virtualNetworkRules": [],
          "EnabledApiTypes": "MongoDB",
          "disableKeyBasedMetadataWriteAccess": false,
          "enableFreeTier": false,
          "enableAnalyticalStorage": false,
          "analyticalStorageConfiguration": {
            "schemaType": "FullFidelity"
          },
          "instanceId": "116c3b62-a7f6-4a44-ae93-e59ca7667a53",
          "databaseAccountOfferType": "Standard",
          "enableCassandraConnector": false,
          "connectorOffer": "Small",
          "defaultIdentity": "FirstPartyIdentity",
          "networkAclBypass": "None",
          "disableLocalAuth": false,
          "enablePartitionMerge": false,
          "minimalTlsVersion": "Tls12",
          "consistencyPolicy": {
            "defaultConsistencyLevel": "BoundedStaleness",
            "maxIntervalInSeconds": 1000,
            "maxStalenessPrefix": 300
          },
          "apiProperties": {
            "serverVersion": "3.6"
          },
          "configurationOverrides": {
            "EnableBsonSchema": "True"
          },
          "writeLocations": [
            {
              "id": "dbaccount-3308-westus",
              "locationName": "West US",
              "documentEndpoint": "https://dbaccount-3308-westus.documents.azure.com:443/",
              "provisioningState": "Succeeded",
              "failoverPriority": 0,
              "isZoneRedundant": false
            }
          ],
          "readLocations": [
            {
              "id": "dbaccount-3308-westus",
              "locationName": "West US",
              "documentEndpoint": "https://dbaccount-3308-westus.documents.azure.com:443/",
              "provisioningState": "Succeeded",
              "failoverPriority": 0,
              "isZoneRedundant": false
            }
          ],
          "locations": [
            {
              "id": "dbaccount-3308-westus",
              "locationName": "West US",
              "documentEndpoint": "https://dbaccount-3308-westus.documents.azure.com:443/",
              "provisioningState": "Succeeded",
              "failoverPriority": 0,
              "isZoneRedundant": false
            }
          ],
          "failoverPolicies": [
            {
              "id": "dbaccount-3308-westus",
              "locationName": "West US",
              "failoverPriority": 0
            }
          ],
          "cors": [],
          "capabilities": [
            {
              "name": "EnableMongo"
            }
          ],
          "ipRules": [
            {
              "ipAddressOrRange": "23.43.230.120"
            }
          ],
          "backupPolicy": {
            "type": "Periodic",
            "periodicModeProperties": {
              "backupIntervalInMinutes": 240,
              "backupRetentionIntervalInHours": 8,
              "backupStorageRedundancy": "Geo"
            }
          },
          "networkAclBypassResourceIds": [],
          "keysMetadata": {
            "primaryMasterKey": {
              "generationTime": "2023-03-25T03:40:58.7899405Z"
            },
            "secondaryMasterKey": {
              "generationTime": "2023-03-25T03:40:58.7899405Z"
            },
            "primaryReadonlyMasterKey": {
              "generationTime": "2023-03-25T03:40:58.7899405Z"
            },
            "secondaryReadonlyMasterKey": {
              "generationTime": "2023-03-25T03:40:58.7899405Z"
            }
          }
        },
        "identity": {
          "type": "None"
        }
      }
    },
    {
      "RequestUri": "https://management.azure.com/subscriptions/710e347c-9ac8-408c-90fe-f8cfc44bf967/resourceGroups/dbaccount-3661/providers/Microsoft.DocumentDB/databaseAccounts/dbaccount-3308/metricDefinitions?api-version=2022-11-15",
      "RequestMethod": "GET",
      "RequestHeaders": {
        "Accept": "application/json",
        "Authorization": "Sanitized",
        "User-Agent": "azsdk-net-ResourceManager.CosmosDB/1.3.0-alpha.20230324.1 (.NET 7.0.4; Microsoft Windows 10.0.22621)",
        "x-ms-client-request-id": "cf89c8135fc60c225c3154ea6ee86c03",
        "x-ms-return-client-request-id": "true"
      },
      "RequestBody": null,
      "StatusCode": 200,
      "ResponseHeaders": {
        "Cache-Control": "no-store, no-cache",
        "Content-Length": "18131",
        "Content-Type": "application/json",
        "Date": "Sat, 25 Mar 2023 03:41:27 GMT",
        "Pragma": "no-cache",
        "Server": "Microsoft-HTTPAPI/2.0",
        "Strict-Transport-Security": "max-age=31536000; includeSubDomains",
        "X-Content-Type-Options": "nosniff",
        "x-ms-correlation-request-id": "f6536d81-ec4a-4d0b-a77f-a0d9090f2568",
        "x-ms-gatewayversion": "version=2.14.0",
        "x-ms-ratelimit-remaining-subscription-reads": "11783",
        "x-ms-request-id": "f6536d81-ec4a-4d0b-a77f-a0d9090f2568",
        "x-ms-routing-request-id": "EASTUS:20230325T034127Z:f6536d81-ec4a-4d0b-a77f-a0d9090f2568"
      },
      "ResponseBody": {
        "value": [
          {
            "metricAvailabilities": [
              {
                "timeGrain": "PT5M",
                "retention": "P2D"
              },
              {
                "timeGrain": "PT1H",
                "retention": "P14D"
              },
              {
                "timeGrain": "P1D",
                "retention": "P60D"
              }
            ],
            "primaryAggregationType": "Last",
            "unit": "Bytes",
            "resourceUri": "/subscriptions/710e347c-9ac8-408c-90fe-f8cfc44bf967/resourceGroups/dbaccount-3661/providers/Microsoft.DocumentDB/databaseAccounts/dbaccount-3308",
            "name": {
              "value": "Data Size",
              "localizedValue": "Data Size"
            }
          },
          {
            "metricAvailabilities": [
              {
                "timeGrain": "PT5M",
                "retention": "P2D"
              },
              {
                "timeGrain": "PT1H",
                "retention": "P14D"
              },
              {
                "timeGrain": "P1D",
                "retention": "P60D"
              }
            ],
            "primaryAggregationType": "Last",
            "unit": "Bytes",
            "resourceUri": "/subscriptions/710e347c-9ac8-408c-90fe-f8cfc44bf967/resourceGroups/dbaccount-3661/providers/Microsoft.DocumentDB/databaseAccounts/dbaccount-3308",
            "name": {
              "value": "Index Size",
              "localizedValue": "Index Size"
            }
          },
          {
            "metricAvailabilities": [
              {
                "timeGrain": "PT5M",
                "retention": "P2D"
              },
              {
                "timeGrain": "PT1H",
                "retention": "P14D"
              },
              {
                "timeGrain": "P1D",
                "retention": "P60D"
              }
            ],
            "primaryAggregationType": "Last",
            "unit": "Bytes",
            "resourceUri": "/subscriptions/710e347c-9ac8-408c-90fe-f8cfc44bf967/resourceGroups/dbaccount-3661/providers/Microsoft.DocumentDB/databaseAccounts/dbaccount-3308",
            "name": {
              "value": "Storage Capacity",
              "localizedValue": "Storage Capacity"
            }
          },
          {
            "metricAvailabilities": [
              {
                "timeGrain": "PT5M",
                "retention": "P2D"
              },
              {
                "timeGrain": "PT1H",
                "retention": "P14D"
              },
              {
                "timeGrain": "P1D",
                "retention": "P60D"
              }
            ],
            "primaryAggregationType": "Last",
            "unit": "Bytes",
            "resourceUri": "/subscriptions/710e347c-9ac8-408c-90fe-f8cfc44bf967/resourceGroups/dbaccount-3661/providers/Microsoft.DocumentDB/databaseAccounts/dbaccount-3308",
            "name": {
              "value": "Available Storage",
              "localizedValue": "Available Storage"
            }
          },
          {
            "metricAvailabilities": [
              {
                "timeGrain": "PT5M",
                "retention": "P2D"
              },
              {
                "timeGrain": "PT1H",
                "retention": "P14D"
              },
              {
                "timeGrain": "P1D",
                "retention": "P60D"
              }
            ],
            "primaryAggregationType": "Last",
            "unit": "Count",
            "resourceUri": "/subscriptions/710e347c-9ac8-408c-90fe-f8cfc44bf967/resourceGroups/dbaccount-3661/providers/Microsoft.DocumentDB/databaseAccounts/dbaccount-3308",
            "name": {
              "value": "Document Count",
              "localizedValue": "Document Count"
            }
          },
          {
            "metricAvailabilities": [
              {
                "timeGrain": "PT5M",
                "retention": "P2D"
              },
              {
                "timeGrain": "PT1H",
                "retention": "P14D"
              },
              {
                "timeGrain": "P1D",
                "retention": "P60D"
              }
            ],
            "primaryAggregationType": "Average",
            "unit": "Milliseconds",
            "resourceUri": "/subscriptions/710e347c-9ac8-408c-90fe-f8cfc44bf967/resourceGroups/dbaccount-3661/providers/Microsoft.DocumentDB/databaseAccounts/dbaccount-3308",
            "name": {
              "value": "Observed Read Latency",
              "localizedValue": "Observed Read Latency"
            }
          },
          {
            "metricAvailabilities": [
              {
                "timeGrain": "PT5M",
                "retention": "P2D"
              },
              {
                "timeGrain": "PT1H",
                "retention": "P14D"
              },
              {
                "timeGrain": "P1D",
                "retention": "P60D"
              }
            ],
            "primaryAggregationType": "Average",
            "unit": "Milliseconds",
            "resourceUri": "/subscriptions/710e347c-9ac8-408c-90fe-f8cfc44bf967/resourceGroups/dbaccount-3661/providers/Microsoft.DocumentDB/databaseAccounts/dbaccount-3308",
            "name": {
              "value": "Observed Write Latency",
              "localizedValue": "Observed Write Latency"
            }
          },
          {
            "metricAvailabilities": [
              {
                "timeGrain": "PT1M",
                "retention": "P2D"
              },
              {
                "timeGrain": "PT5M",
                "retention": "P2D"
              },
              {
                "timeGrain": "PT1H",
                "retention": "P14D"
              },
              {
                "timeGrain": "P1D",
                "retention": "P60D"
              }
            ],
            "primaryAggregationType": "Total",
            "unit": "Count",
            "resourceUri": "/subscriptions/710e347c-9ac8-408c-90fe-f8cfc44bf967/resourceGroups/dbaccount-3661/providers/Microsoft.DocumentDB/databaseAccounts/dbaccount-3308",
            "name": {
              "value": "Total Requests",
              "localizedValue": "Total Requests"
            }
          },
          {
            "metricAvailabilities": [
              {
                "timeGrain": "PT1M",
                "retention": "P2D"
              },
              {
                "timeGrain": "PT5M",
                "retention": "P2D"
              },
              {
                "timeGrain": "PT1H",
                "retention": "P14D"
              },
              {
                "timeGrain": "P1D",
                "retention": "P60D"
              }
            ],
            "primaryAggregationType": "Total",
            "unit": "Count",
            "resourceUri": "/subscriptions/710e347c-9ac8-408c-90fe-f8cfc44bf967/resourceGroups/dbaccount-3661/providers/Microsoft.DocumentDB/databaseAccounts/dbaccount-3308",
            "name": {
              "value": "Http 2xx",
              "localizedValue": "Http 2xx"
            }
          },
          {
            "metricAvailabilities": [
              {
                "timeGrain": "PT1M",
                "retention": "P2D"
              },
              {
                "timeGrain": "PT5M",
                "retention": "P2D"
              },
              {
                "timeGrain": "PT1H",
                "retention": "P14D"
              },
              {
                "timeGrain": "P1D",
                "retention": "P60D"
              }
            ],
            "primaryAggregationType": "Total",
            "unit": "Count",
            "resourceUri": "/subscriptions/710e347c-9ac8-408c-90fe-f8cfc44bf967/resourceGroups/dbaccount-3661/providers/Microsoft.DocumentDB/databaseAccounts/dbaccount-3308",
            "name": {
              "value": "Http 3xx",
              "localizedValue": "Http 3xx"
            }
          },
          {
            "metricAvailabilities": [
              {
                "timeGrain": "PT1M",
                "retention": "P2D"
              },
              {
                "timeGrain": "PT5M",
                "retention": "P2D"
              },
              {
                "timeGrain": "PT1H",
                "retention": "P14D"
              },
              {
                "timeGrain": "P1D",
                "retention": "P60D"
              }
            ],
            "primaryAggregationType": "Total",
            "unit": "Count",
            "resourceUri": "/subscriptions/710e347c-9ac8-408c-90fe-f8cfc44bf967/resourceGroups/dbaccount-3661/providers/Microsoft.DocumentDB/databaseAccounts/dbaccount-3308",
            "name": {
              "value": "Http 400",
              "localizedValue": "Http 400"
            }
          },
          {
            "metricAvailabilities": [
              {
                "timeGrain": "PT1M",
                "retention": "P2D"
              },
              {
                "timeGrain": "PT5M",
                "retention": "P2D"
              },
              {
                "timeGrain": "PT1H",
                "retention": "P14D"
              },
              {
                "timeGrain": "P1D",
                "retention": "P60D"
              }
            ],
            "primaryAggregationType": "Total",
            "unit": "Count",
            "resourceUri": "/subscriptions/710e347c-9ac8-408c-90fe-f8cfc44bf967/resourceGroups/dbaccount-3661/providers/Microsoft.DocumentDB/databaseAccounts/dbaccount-3308",
            "name": {
              "value": "Http 401",
              "localizedValue": "Http 401"
            }
          },
          {
            "metricAvailabilities": [
              {
                "timeGrain": "PT1M",
                "retention": "P2D"
              },
              {
                "timeGrain": "PT5M",
                "retention": "P2D"
              },
              {
                "timeGrain": "PT1H",
                "retention": "P14D"
              },
              {
                "timeGrain": "P1D",
                "retention": "P60D"
              }
            ],
            "primaryAggregationType": "Total",
            "unit": "Count",
            "resourceUri": "/subscriptions/710e347c-9ac8-408c-90fe-f8cfc44bf967/resourceGroups/dbaccount-3661/providers/Microsoft.DocumentDB/databaseAccounts/dbaccount-3308",
            "name": {
              "value": "Throttled Requests",
              "localizedValue": "Throttled Requests"
            }
          },
          {
            "metricAvailabilities": [
              {
                "timeGrain": "PT1M",
                "retention": "P2D"
              },
              {
                "timeGrain": "PT5M",
                "retention": "P2D"
              },
              {
                "timeGrain": "PT1H",
                "retention": "P14D"
              },
              {
                "timeGrain": "P1D",
                "retention": "P60D"
              }
            ],
            "primaryAggregationType": "Total",
            "unit": "Count",
            "resourceUri": "/subscriptions/710e347c-9ac8-408c-90fe-f8cfc44bf967/resourceGroups/dbaccount-3661/providers/Microsoft.DocumentDB/databaseAccounts/dbaccount-3308",
            "name": {
              "value": "Internal Server Error",
              "localizedValue": "Internal Server Error"
            }
          },
          {
            "metricAvailabilities": [
              {
                "timeGrain": "PT1M",
                "retention": "P2D"
              },
              {
                "timeGrain": "PT5M",
                "retention": "P2D"
              },
              {
                "timeGrain": "PT1H",
                "retention": "P14D"
              },
              {
                "timeGrain": "P1D",
                "retention": "P60D"
              }
            ],
            "primaryAggregationType": "Total",
            "unit": "Count",
            "resourceUri": "/subscriptions/710e347c-9ac8-408c-90fe-f8cfc44bf967/resourceGroups/dbaccount-3661/providers/Microsoft.DocumentDB/databaseAccounts/dbaccount-3308",
            "name": {
              "value": "Service Unavailable",
              "localizedValue": "Service Unavailable"
            }
          },
          {
            "metricAvailabilities": [
              {
                "timeGrain": "PT1M",
                "retention": "P2D"
              },
              {
                "timeGrain": "PT5M",
                "retention": "P2D"
              },
              {
                "timeGrain": "PT1H",
                "retention": "P14D"
              },
              {
                "timeGrain": "P1D",
                "retention": "P60D"
              }
            ],
            "primaryAggregationType": "Total",
            "unit": "Count",
            "resourceUri": "/subscriptions/710e347c-9ac8-408c-90fe-f8cfc44bf967/resourceGroups/dbaccount-3661/providers/Microsoft.DocumentDB/databaseAccounts/dbaccount-3308",
            "name": {
              "value": "Total Request Units",
              "localizedValue": "Total Request Units"
            }
          },
          {
            "metricAvailabilities": [
              {
                "timeGrain": "PT1M",
                "retention": "P2D"
              },
              {
                "timeGrain": "PT5M",
                "retention": "P2D"
              },
              {
                "timeGrain": "PT1H",
                "retention": "P14D"
              },
              {
                "timeGrain": "P1D",
                "retention": "P60D"
              }
            ],
            "primaryAggregationType": "Average",
            "unit": "CountPerSecond",
            "resourceUri": "/subscriptions/710e347c-9ac8-408c-90fe-f8cfc44bf967/resourceGroups/dbaccount-3661/providers/Microsoft.DocumentDB/databaseAccounts/dbaccount-3308",
            "name": {
              "value": "Average Requests per Second",
              "localizedValue": "Average Requests per Second"
            }
          },
          {
            "metricAvailabilities": [
              {
                "timeGrain": "PT1M",
                "retention": "P2D"
              },
              {
                "timeGrain": "PT5M",
                "retention": "P2D"
              },
              {
                "timeGrain": "PT1H",
                "retention": "P14D"
              },
              {
                "timeGrain": "P1D",
                "retention": "P60D"
              }
            ],
            "primaryAggregationType": "Maximum",
            "unit": "Count",
            "resourceUri": "/subscriptions/710e347c-9ac8-408c-90fe-f8cfc44bf967/resourceGroups/dbaccount-3661/providers/Microsoft.DocumentDB/databaseAccounts/dbaccount-3308",
            "name": {
              "value": "Max RUs Per Second",
              "localizedValue": "Max RUs Per Second"
            }
          },
          {
            "metricAvailabilities": [
              {
                "timeGrain": "PT1M",
                "retention": "P2D"
              },
              {
                "timeGrain": "PT5M",
                "retention": "P2D"
              },
              {
                "timeGrain": "PT1H",
                "retention": "P14D"
              },
              {
                "timeGrain": "P1D",
                "retention": "P60D"
              }
            ],
            "primaryAggregationType": "Maximum",
            "unit": "Count",
            "resourceUri": "/subscriptions/710e347c-9ac8-408c-90fe-f8cfc44bf967/resourceGroups/dbaccount-3661/providers/Microsoft.DocumentDB/databaseAccounts/dbaccount-3308",
            "name": {
              "value": "Max RUPM Consumed Per Minute",
              "localizedValue": "Max RUPM Consumed Per Minute"
            }
          },
          {
            "metricAvailabilities": [
              {
                "timeGrain": "PT1M",
                "retention": "P2D"
              },
              {
                "timeGrain": "PT5M",
                "retention": "P2D"
              },
              {
                "timeGrain": "PT1H",
                "retention": "P14D"
              },
              {
                "timeGrain": "P1D",
                "retention": "P60D"
              }
            ],
            "primaryAggregationType": "Total",
            "unit": "Count",
            "resourceUri": "/subscriptions/710e347c-9ac8-408c-90fe-f8cfc44bf967/resourceGroups/dbaccount-3661/providers/Microsoft.DocumentDB/databaseAccounts/dbaccount-3308",
            "name": {
              "value": "Mongo Query Request Charge",
              "localizedValue": "Mongo Query Request Charge"
            }
          },
          {
            "metricAvailabilities": [
              {
                "timeGrain": "PT1M",
                "retention": "P2D"
              },
              {
                "timeGrain": "PT5M",
                "retention": "P2D"
              },
              {
                "timeGrain": "PT1H",
                "retention": "P14D"
              },
              {
                "timeGrain": "P1D",
                "retention": "P60D"
              }
            ],
            "primaryAggregationType": "Total",
            "unit": "Count",
            "resourceUri": "/subscriptions/710e347c-9ac8-408c-90fe-f8cfc44bf967/resourceGroups/dbaccount-3661/providers/Microsoft.DocumentDB/databaseAccounts/dbaccount-3308",
            "name": {
              "value": "Mongo Update Request Charge",
              "localizedValue": "Mongo Update Request Charge"
            }
          },
          {
            "metricAvailabilities": [
              {
                "timeGrain": "PT1M",
                "retention": "P2D"
              },
              {
                "timeGrain": "PT5M",
                "retention": "P2D"
              },
              {
                "timeGrain": "PT1H",
                "retention": "P14D"
              },
              {
                "timeGrain": "P1D",
                "retention": "P60D"
              }
            ],
            "primaryAggregationType": "Total",
            "unit": "Count",
            "resourceUri": "/subscriptions/710e347c-9ac8-408c-90fe-f8cfc44bf967/resourceGroups/dbaccount-3661/providers/Microsoft.DocumentDB/databaseAccounts/dbaccount-3308",
            "name": {
              "value": "Mongo Delete Request Charge",
              "localizedValue": "Mongo Delete Request Charge"
            }
          },
          {
            "metricAvailabilities": [
              {
                "timeGrain": "PT1M",
                "retention": "P2D"
              },
              {
                "timeGrain": "PT5M",
                "retention": "P2D"
              },
              {
                "timeGrain": "PT1H",
                "retention": "P14D"
              },
              {
                "timeGrain": "P1D",
                "retention": "P60D"
              }
            ],
            "primaryAggregationType": "Total",
            "unit": "Count",
            "resourceUri": "/subscriptions/710e347c-9ac8-408c-90fe-f8cfc44bf967/resourceGroups/dbaccount-3661/providers/Microsoft.DocumentDB/databaseAccounts/dbaccount-3308",
            "name": {
              "value": "Mongo Insert Request Charge",
              "localizedValue": "Mongo Insert Request Charge"
            }
          },
          {
            "metricAvailabilities": [
              {
                "timeGrain": "PT1M",
                "retention": "P2D"
              },
              {
                "timeGrain": "PT5M",
                "retention": "P2D"
              },
              {
                "timeGrain": "PT1H",
                "retention": "P14D"
              },
              {
                "timeGrain": "P1D",
                "retention": "P60D"
              }
            ],
            "primaryAggregationType": "Total",
            "unit": "Count",
            "resourceUri": "/subscriptions/710e347c-9ac8-408c-90fe-f8cfc44bf967/resourceGroups/dbaccount-3661/providers/Microsoft.DocumentDB/databaseAccounts/dbaccount-3308",
            "name": {
              "value": "Mongo Count Request Charge",
              "localizedValue": "Mongo Count Request Charge"
            }
          },
          {
            "metricAvailabilities": [
              {
                "timeGrain": "PT1M",
                "retention": "P2D"
              },
              {
                "timeGrain": "PT5M",
                "retention": "P2D"
              },
              {
                "timeGrain": "PT1H",
                "retention": "P14D"
              },
              {
                "timeGrain": "P1D",
                "retention": "P60D"
              }
            ],
            "primaryAggregationType": "Total",
            "unit": "Count",
            "resourceUri": "/subscriptions/710e347c-9ac8-408c-90fe-f8cfc44bf967/resourceGroups/dbaccount-3661/providers/Microsoft.DocumentDB/databaseAccounts/dbaccount-3308",
            "name": {
              "value": "Mongo Other Request Charge",
              "localizedValue": "Mongo Other Request Charge"
            }
          },
          {
            "metricAvailabilities": [
              {
                "timeGrain": "PT1M",
                "retention": "P2D"
              },
              {
                "timeGrain": "PT5M",
                "retention": "P2D"
              },
              {
                "timeGrain": "PT1H",
                "retention": "P14D"
              },
              {
                "timeGrain": "P1D",
                "retention": "P60D"
              }
            ],
            "primaryAggregationType": "Total",
            "unit": "Count",
            "resourceUri": "/subscriptions/710e347c-9ac8-408c-90fe-f8cfc44bf967/resourceGroups/dbaccount-3661/providers/Microsoft.DocumentDB/databaseAccounts/dbaccount-3308",
            "name": {
              "value": "Mongo Query Request Rate",
              "localizedValue": "Mongo Query Request Rate"
            }
          },
          {
            "metricAvailabilities": [
              {
                "timeGrain": "PT1M",
                "retention": "P2D"
              },
              {
                "timeGrain": "PT5M",
                "retention": "P2D"
              },
              {
                "timeGrain": "PT1H",
                "retention": "P14D"
              },
              {
                "timeGrain": "P1D",
                "retention": "P60D"
              }
            ],
            "primaryAggregationType": "Total",
            "unit": "Count",
            "resourceUri": "/subscriptions/710e347c-9ac8-408c-90fe-f8cfc44bf967/resourceGroups/dbaccount-3661/providers/Microsoft.DocumentDB/databaseAccounts/dbaccount-3308",
            "name": {
              "value": "Mongo Update Request Rate",
              "localizedValue": "Mongo Update Request Rate"
            }
          },
          {
            "metricAvailabilities": [
              {
                "timeGrain": "PT1M",
                "retention": "P2D"
              },
              {
                "timeGrain": "PT5M",
                "retention": "P2D"
              },
              {
                "timeGrain": "PT1H",
                "retention": "P14D"
              },
              {
                "timeGrain": "P1D",
                "retention": "P60D"
              }
            ],
            "primaryAggregationType": "Total",
            "unit": "Count",
            "resourceUri": "/subscriptions/710e347c-9ac8-408c-90fe-f8cfc44bf967/resourceGroups/dbaccount-3661/providers/Microsoft.DocumentDB/databaseAccounts/dbaccount-3308",
            "name": {
              "value": "Mongo Delete Request Rate",
              "localizedValue": "Mongo Delete Request Rate"
            }
          },
          {
            "metricAvailabilities": [
              {
                "timeGrain": "PT1M",
                "retention": "P2D"
              },
              {
                "timeGrain": "PT5M",
                "retention": "P2D"
              },
              {
                "timeGrain": "PT1H",
                "retention": "P14D"
              },
              {
                "timeGrain": "P1D",
                "retention": "P60D"
              }
            ],
            "primaryAggregationType": "Total",
            "unit": "Count",
            "resourceUri": "/subscriptions/710e347c-9ac8-408c-90fe-f8cfc44bf967/resourceGroups/dbaccount-3661/providers/Microsoft.DocumentDB/databaseAccounts/dbaccount-3308",
            "name": {
              "value": "Mongo Insert Request Rate",
              "localizedValue": "Mongo Insert Request Rate"
            }
          },
          {
            "metricAvailabilities": [
              {
                "timeGrain": "PT1M",
                "retention": "P2D"
              },
              {
                "timeGrain": "PT5M",
                "retention": "P2D"
              },
              {
                "timeGrain": "PT1H",
                "retention": "P14D"
              },
              {
                "timeGrain": "P1D",
                "retention": "P60D"
              }
            ],
            "primaryAggregationType": "Total",
            "unit": "Count",
            "resourceUri": "/subscriptions/710e347c-9ac8-408c-90fe-f8cfc44bf967/resourceGroups/dbaccount-3661/providers/Microsoft.DocumentDB/databaseAccounts/dbaccount-3308",
            "name": {
              "value": "Mongo Count Request Rate",
              "localizedValue": "Mongo Count Request Rate"
            }
          },
          {
            "metricAvailabilities": [
              {
                "timeGrain": "PT1M",
                "retention": "P2D"
              },
              {
                "timeGrain": "PT5M",
                "retention": "P2D"
              },
              {
                "timeGrain": "PT1H",
                "retention": "P14D"
              },
              {
                "timeGrain": "P1D",
                "retention": "P60D"
              }
            ],
            "primaryAggregationType": "Total",
            "unit": "Count",
            "resourceUri": "/subscriptions/710e347c-9ac8-408c-90fe-f8cfc44bf967/resourceGroups/dbaccount-3661/providers/Microsoft.DocumentDB/databaseAccounts/dbaccount-3308",
            "name": {
              "value": "Mongo Other Request Rate",
              "localizedValue": "Mongo Other Request Rate"
            }
          },
          {
            "metricAvailabilities": [
              {
                "timeGrain": "PT1M",
                "retention": "P2D"
              },
              {
                "timeGrain": "PT5M",
                "retention": "P2D"
              },
              {
                "timeGrain": "PT1H",
                "retention": "P14D"
              },
              {
                "timeGrain": "P1D",
                "retention": "P60D"
              }
            ],
            "primaryAggregationType": "Total",
            "unit": "Count",
            "resourceUri": "/subscriptions/710e347c-9ac8-408c-90fe-f8cfc44bf967/resourceGroups/dbaccount-3661/providers/Microsoft.DocumentDB/databaseAccounts/dbaccount-3308",
            "name": {
              "value": "Mongo Query Failed Requests",
              "localizedValue": "Mongo Query Failed Requests"
            }
          },
          {
            "metricAvailabilities": [
              {
                "timeGrain": "PT1M",
                "retention": "P2D"
              },
              {
                "timeGrain": "PT5M",
                "retention": "P2D"
              },
              {
                "timeGrain": "PT1H",
                "retention": "P14D"
              },
              {
                "timeGrain": "P1D",
                "retention": "P60D"
              }
            ],
            "primaryAggregationType": "Total",
            "unit": "Count",
            "resourceUri": "/subscriptions/710e347c-9ac8-408c-90fe-f8cfc44bf967/resourceGroups/dbaccount-3661/providers/Microsoft.DocumentDB/databaseAccounts/dbaccount-3308",
            "name": {
              "value": "Mongo Update Failed Requests",
              "localizedValue": "Mongo Update Failed Requests"
            }
          },
          {
            "metricAvailabilities": [
              {
                "timeGrain": "PT1M",
                "retention": "P2D"
              },
              {
                "timeGrain": "PT5M",
                "retention": "P2D"
              },
              {
                "timeGrain": "PT1H",
                "retention": "P14D"
              },
              {
                "timeGrain": "P1D",
                "retention": "P60D"
              }
            ],
            "primaryAggregationType": "Total",
            "unit": "Count",
            "resourceUri": "/subscriptions/710e347c-9ac8-408c-90fe-f8cfc44bf967/resourceGroups/dbaccount-3661/providers/Microsoft.DocumentDB/databaseAccounts/dbaccount-3308",
            "name": {
              "value": "Mongo Delete Failed Requests",
              "localizedValue": "Mongo Delete Failed Requests"
            }
          },
          {
            "metricAvailabilities": [
              {
                "timeGrain": "PT1M",
                "retention": "P2D"
              },
              {
                "timeGrain": "PT5M",
                "retention": "P2D"
              },
              {
                "timeGrain": "PT1H",
                "retention": "P14D"
              },
              {
                "timeGrain": "P1D",
                "retention": "P60D"
              }
            ],
            "primaryAggregationType": "Total",
            "unit": "Count",
            "resourceUri": "/subscriptions/710e347c-9ac8-408c-90fe-f8cfc44bf967/resourceGroups/dbaccount-3661/providers/Microsoft.DocumentDB/databaseAccounts/dbaccount-3308",
            "name": {
              "value": "Mongo Insert Failed Requests",
              "localizedValue": "Mongo Insert Failed Requests"
            }
          },
          {
            "metricAvailabilities": [
              {
                "timeGrain": "PT1M",
                "retention": "P2D"
              },
              {
                "timeGrain": "PT5M",
                "retention": "P2D"
              },
              {
                "timeGrain": "PT1H",
                "retention": "P14D"
              },
              {
                "timeGrain": "P1D",
                "retention": "P60D"
              }
            ],
            "primaryAggregationType": "Total",
            "unit": "Count",
            "resourceUri": "/subscriptions/710e347c-9ac8-408c-90fe-f8cfc44bf967/resourceGroups/dbaccount-3661/providers/Microsoft.DocumentDB/databaseAccounts/dbaccount-3308",
            "name": {
              "value": "Mongo Count Failed Requests",
              "localizedValue": "Mongo Count Failed Requests"
            }
          },
          {
            "metricAvailabilities": [
              {
                "timeGrain": "PT1M",
                "retention": "P2D"
              },
              {
                "timeGrain": "PT5M",
                "retention": "P2D"
              },
              {
                "timeGrain": "PT1H",
                "retention": "P14D"
              },
              {
                "timeGrain": "P1D",
                "retention": "P60D"
              }
            ],
            "primaryAggregationType": "Total",
            "unit": "Count",
            "resourceUri": "/subscriptions/710e347c-9ac8-408c-90fe-f8cfc44bf967/resourceGroups/dbaccount-3661/providers/Microsoft.DocumentDB/databaseAccounts/dbaccount-3308",
            "name": {
              "value": "Mongo Other Failed Requests",
              "localizedValue": "Mongo Other Failed Requests"
            }
          },
          {
            "metricAvailabilities": [
              {
                "timeGrain": "PT1H",
                "retention": "P14D"
              },
              {
                "timeGrain": "P1D",
                "retention": "P60D"
              }
            ],
            "primaryAggregationType": "Average",
            "unit": "Percent",
            "resourceUri": "/subscriptions/710e347c-9ac8-408c-90fe-f8cfc44bf967/resourceGroups/dbaccount-3661/providers/Microsoft.DocumentDB/databaseAccounts/dbaccount-3308",
            "name": {
              "value": "Service Availability",
              "localizedValue": "Service Availability"
            }
          },
          {
            "metricAvailabilities": [
              {
                "timeGrain": "PT1H",
                "retention": "P14D"
              },
              {
                "timeGrain": "P1D",
                "retention": "P60D"
              }
            ],
            "primaryAggregationType": "Average",
            "unit": "Percent",
            "resourceUri": "/subscriptions/710e347c-9ac8-408c-90fe-f8cfc44bf967/resourceGroups/dbaccount-3661/providers/Microsoft.DocumentDB/databaseAccounts/dbaccount-3308",
            "name": {
              "value": "Consistency Level",
              "localizedValue": "Consistency Level"
            }
          }
        ]
      }
    },
    {
      "RequestUri": "https://management.azure.com/subscriptions/710e347c-9ac8-408c-90fe-f8cfc44bf967/resourceGroups/dbaccount-3661/providers/Microsoft.DocumentDB/databaseAccounts/dbaccount-3308/metrics?api-version=2022-11-15\u0026$filter=%28name.value%20eq%20%27Total%20Requests%27%29%20and%20timeGrain%20eq%20duration%27PT5M%27",
      "RequestMethod": "GET",
      "RequestHeaders": {
        "Accept": "application/json",
        "Authorization": "Sanitized",
        "User-Agent": "azsdk-net-ResourceManager.CosmosDB/1.3.0-alpha.20230324.1 (.NET 7.0.4; Microsoft Windows 10.0.22621)",
        "x-ms-client-request-id": "2420d8accaf253bdabb414f1efae0608",
        "x-ms-return-client-request-id": "true"
      },
      "RequestBody": null,
      "StatusCode": 200,
      "ResponseHeaders": {
        "Cache-Control": "no-store, no-cache",
        "Content-Length": "12",
        "Content-Type": "application/json",
        "Date": "Sat, 25 Mar 2023 03:41:27 GMT",
        "Pragma": "no-cache",
        "Server": "Microsoft-HTTPAPI/2.0",
        "Strict-Transport-Security": "max-age=31536000; includeSubDomains",
        "X-Content-Type-Options": "nosniff",
        "x-ms-correlation-request-id": "2844da5d-d792-4418-8c39-7856b8f47b74",
        "x-ms-gatewayversion": "version=2.14.0",
        "x-ms-ratelimit-remaining-subscription-resource-requests": "49",
        "x-ms-request-id": "2844da5d-d792-4418-8c39-7856b8f47b74",
        "x-ms-routing-request-id": "EASTUS:20230325T034128Z:2844da5d-d792-4418-8c39-7856b8f47b74"
      },
      "ResponseBody": {
        "value": []
      }
    },
    {
      "RequestUri": "https://management.azure.com/subscriptions/710e347c-9ac8-408c-90fe-f8cfc44bf967/resourceGroups/dbaccount-3661/providers/Microsoft.DocumentDB/databaseAccounts/dbaccount-3308/region/westus/metrics?api-version=2022-11-15\u0026$filter=%28name.value%20eq%20%27Total%20Requests%27%29%20and%20timeGrain%20eq%20duration%27PT5M%27",
      "RequestMethod": "GET",
      "RequestHeaders": {
        "Accept": "application/json",
        "Authorization": "Sanitized",
        "User-Agent": "azsdk-net-ResourceManager.CosmosDB/1.3.0-alpha.20230324.1 (.NET 7.0.4; Microsoft Windows 10.0.22621)",
        "x-ms-client-request-id": "7d5b51407eb5082e03572054f936e5e8",
        "x-ms-return-client-request-id": "true"
      },
      "RequestBody": null,
      "StatusCode": 200,
      "ResponseHeaders": {
        "Cache-Control": "no-store, no-cache",
        "Content-Length": "12",
        "Content-Type": "application/json",
        "Date": "Sat, 25 Mar 2023 03:41:28 GMT",
        "Pragma": "no-cache",
        "Server": "Microsoft-HTTPAPI/2.0",
        "Strict-Transport-Security": "max-age=31536000; includeSubDomains",
        "X-Content-Type-Options": "nosniff",
        "x-ms-correlation-request-id": "69d1da11-8f00-49a4-aa47-384325473748",
        "x-ms-gatewayversion": "version=2.14.0",
        "x-ms-ratelimit-remaining-subscription-resource-requests": "49",
        "x-ms-request-id": "69d1da11-8f00-49a4-aa47-384325473748",
        "x-ms-routing-request-id": "EASTUS:20230325T034128Z:69d1da11-8f00-49a4-aa47-384325473748"
      },
      "ResponseBody": {
        "value": []
      }
    },
    {
      "RequestUri": "https://management.azure.com/subscriptions/710e347c-9ac8-408c-90fe-f8cfc44bf967/resourceGroups/dbaccount-3661/providers/Microsoft.DocumentDB/databaseAccounts/dbaccount-3308?api-version=2022-11-15",
      "RequestMethod": "GET",
      "RequestHeaders": {
        "Accept": "application/json",
        "Authorization": "Sanitized",
        "traceparent": "00-bf6ae5834c8e3426d2969332a499eed2-b734f3f53fd4e6a2-00",
        "User-Agent": "azsdk-net-ResourceManager.CosmosDB/1.3.0-alpha.20230324.1 (.NET 7.0.4; Microsoft Windows 10.0.22621)",
        "x-ms-client-request-id": "9f50dad0e22948b90b3523114b301cad",
        "x-ms-return-client-request-id": "true"
      },
      "RequestBody": null,
      "StatusCode": 200,
      "ResponseHeaders": {
        "Cache-Control": "no-store, no-cache",
        "Content-Length": "2913",
        "Content-Type": "application/json",
        "Date": "Sat, 25 Mar 2023 03:41:28 GMT",
        "Pragma": "no-cache",
        "Server": "Microsoft-HTTPAPI/2.0",
        "Strict-Transport-Security": "max-age=31536000; includeSubDomains",
        "X-Content-Type-Options": "nosniff",
        "x-ms-correlation-request-id": "29912ce3-8c91-4087-904f-319ebe6429ea",
        "x-ms-gatewayversion": "version=2.14.0",
        "x-ms-ratelimit-remaining-subscription-reads": "11782",
        "x-ms-request-id": "29912ce3-8c91-4087-904f-319ebe6429ea",
        "x-ms-routing-request-id": "EASTUS:20230325T034128Z:29912ce3-8c91-4087-904f-319ebe6429ea"
      },
      "ResponseBody": {
        "id": "/subscriptions/710e347c-9ac8-408c-90fe-f8cfc44bf967/resourceGroups/dbaccount-3661/providers/Microsoft.DocumentDB/databaseAccounts/dbaccount-3308",
        "name": "dbaccount-3308",
        "location": "West US 2",
        "type": "Microsoft.DocumentDB/databaseAccounts",
        "kind": "MongoDB",
        "tags": {
          "key1": "value1",
          "key2": "value2"
        },
        "systemData": {
          "createdAt": "2023-03-25T03:40:58.7899405Z"
        },
        "properties": {
          "provisioningState": "Succeeded",
          "documentEndpoint": "https://dbaccount-3308.documents.azure.com:443/",
          "sqlEndpoint": "https://dbaccount-3308.documents.azure.com:443/",
          "mongoEndpoint": "https://dbaccount-3308.mongo.cosmos.azure.com:443/",
          "publicNetworkAccess": "Enabled",
          "enableAutomaticFailover": false,
          "enableMultipleWriteLocations": false,
          "enablePartitionKeyMonitor": false,
          "isVirtualNetworkFilterEnabled": true,
          "virtualNetworkRules": [],
          "EnabledApiTypes": "MongoDB",
          "disableKeyBasedMetadataWriteAccess": false,
          "enableFreeTier": false,
          "enableAnalyticalStorage": false,
          "analyticalStorageConfiguration": {
            "schemaType": "FullFidelity"
          },
          "instanceId": "116c3b62-a7f6-4a44-ae93-e59ca7667a53",
          "databaseAccountOfferType": "Standard",
          "enableCassandraConnector": false,
          "connectorOffer": "Small",
          "defaultIdentity": "FirstPartyIdentity",
          "networkAclBypass": "None",
          "disableLocalAuth": false,
          "enablePartitionMerge": false,
          "minimalTlsVersion": "Tls12",
          "consistencyPolicy": {
            "defaultConsistencyLevel": "BoundedStaleness",
            "maxIntervalInSeconds": 1000,
            "maxStalenessPrefix": 300
          },
          "apiProperties": {
            "serverVersion": "3.6"
          },
          "configurationOverrides": {
            "EnableBsonSchema": "True"
          },
          "writeLocations": [
            {
              "id": "dbaccount-3308-westus",
              "locationName": "West US",
              "documentEndpoint": "https://dbaccount-3308-westus.documents.azure.com:443/",
              "provisioningState": "Succeeded",
              "failoverPriority": 0,
              "isZoneRedundant": false
            }
          ],
          "readLocations": [
            {
              "id": "dbaccount-3308-westus",
              "locationName": "West US",
              "documentEndpoint": "https://dbaccount-3308-westus.documents.azure.com:443/",
              "provisioningState": "Succeeded",
              "failoverPriority": 0,
              "isZoneRedundant": false
            }
          ],
          "locations": [
            {
              "id": "dbaccount-3308-westus",
              "locationName": "West US",
              "documentEndpoint": "https://dbaccount-3308-westus.documents.azure.com:443/",
              "provisioningState": "Succeeded",
              "failoverPriority": 0,
              "isZoneRedundant": false
            }
          ],
          "failoverPolicies": [
            {
              "id": "dbaccount-3308-westus",
              "locationName": "West US",
              "failoverPriority": 0
            }
          ],
          "cors": [],
          "capabilities": [
            {
              "name": "EnableMongo"
            }
          ],
          "ipRules": [
            {
              "ipAddressOrRange": "23.43.230.120"
            }
          ],
          "backupPolicy": {
            "type": "Periodic",
            "periodicModeProperties": {
              "backupIntervalInMinutes": 240,
              "backupRetentionIntervalInHours": 8,
              "backupStorageRedundancy": "Geo"
            }
          },
          "networkAclBypassResourceIds": [],
          "keysMetadata": {
            "primaryMasterKey": {
              "generationTime": "2023-03-25T03:40:58.7899405Z"
            },
            "secondaryMasterKey": {
              "generationTime": "2023-03-25T03:40:58.7899405Z"
            },
            "primaryReadonlyMasterKey": {
              "generationTime": "2023-03-25T03:40:58.7899405Z"
            },
            "secondaryReadonlyMasterKey": {
              "generationTime": "2023-03-25T03:40:58.7899405Z"
            }
          }
        },
        "identity": {
          "type": "None"
        }
      }
    },
    {
      "RequestUri": "https://management.azure.com/subscriptions/710e347c-9ac8-408c-90fe-f8cfc44bf967/resourceGroups/dbaccount-3661/providers/Microsoft.DocumentDB/databaseAccounts/dbaccount-3308?api-version=2022-11-15",
      "RequestMethod": "DELETE",
      "RequestHeaders": {
        "Authorization": "Sanitized",
        "traceparent": "00-55504d5ed7c49fa5edcac78c10beff62-312b07001301594c-00",
        "User-Agent": "azsdk-net-ResourceManager.CosmosDB/1.3.0-alpha.20230324.1 (.NET 7.0.4; Microsoft Windows 10.0.22621)",
        "x-ms-client-request-id": "1caa4b2bee8d2e4da918209aaa685a74",
        "x-ms-return-client-request-id": "true"
      },
      "RequestBody": null,
      "StatusCode": 202,
      "ResponseHeaders": {
        "Azure-AsyncOperation": "https://management.azure.com/subscriptions/710e347c-9ac8-408c-90fe-f8cfc44bf967/providers/Microsoft.DocumentDB/locations/westus2/operationsStatus/bef3ecb2-3a36-4be1-b921-f0ed8a0e5a82?api-version=2022-11-15",
        "Cache-Control": "no-store, no-cache",
        "Content-Length": "21",
        "Content-Type": "application/json",
        "Date": "Sat, 25 Mar 2023 03:41:29 GMT",
        "Location": "https://management.azure.com/subscriptions/710e347c-9ac8-408c-90fe-f8cfc44bf967/providers/Microsoft.DocumentDB/locations/westus2/operationResults/bef3ecb2-3a36-4be1-b921-f0ed8a0e5a82?api-version=2022-11-15",
        "Pragma": "no-cache",
        "Server": "Microsoft-HTTPAPI/2.0",
        "Strict-Transport-Security": "max-age=31536000; includeSubDomains",
        "X-Content-Type-Options": "nosniff",
        "x-ms-correlation-request-id": "c4563c33-c5f8-4900-8560-c175a932e95c",
        "x-ms-gatewayversion": "version=2.14.0",
        "x-ms-ratelimit-remaining-subscription-deletes": "14995",
        "x-ms-request-id": "bef3ecb2-3a36-4be1-b921-f0ed8a0e5a82",
        "x-ms-routing-request-id": "EASTUS:20230325T034129Z:c4563c33-c5f8-4900-8560-c175a932e95c"
      },
      "ResponseBody": {
        "status": "Enqueued"
      }
    },
    {
      "RequestUri": "https://management.azure.com/subscriptions/710e347c-9ac8-408c-90fe-f8cfc44bf967/providers/Microsoft.DocumentDB/locations/westus2/operationsStatus/bef3ecb2-3a36-4be1-b921-f0ed8a0e5a82?api-version=2022-11-15",
      "RequestMethod": "GET",
      "RequestHeaders": {
        "Authorization": "Sanitized",
        "traceparent": "00-55504d5ed7c49fa5edcac78c10beff62-21bfb6288b25ffc9-00",
        "User-Agent": "azsdk-net-ResourceManager/1.4.0 (.NET 7.0.4; Microsoft Windows 10.0.22621)",
        "x-ms-client-request-id": "ad29723bc98ce15b8c22f510c21e9ea3",
        "x-ms-return-client-request-id": "true"
      },
      "RequestBody": null,
      "StatusCode": 200,
      "ResponseHeaders": {
        "Cache-Control": "no-store, no-cache",
        "Content-Length": "21",
        "Content-Type": "application/json",
        "Date": "Sat, 25 Mar 2023 03:41:29 GMT",
        "Pragma": "no-cache",
        "Server": "Microsoft-HTTPAPI/2.0",
        "Strict-Transport-Security": "max-age=31536000; includeSubDomains",
        "X-Content-Type-Options": "nosniff",
        "x-ms-correlation-request-id": "0cdb681a-ac36-4a80-af76-ff97756f1251",
        "x-ms-gatewayversion": "version=2.14.0",
        "x-ms-ratelimit-remaining-subscription-reads": "11781",
        "x-ms-request-id": "0cdb681a-ac36-4a80-af76-ff97756f1251",
        "x-ms-routing-request-id": "EASTUS:20230325T034129Z:0cdb681a-ac36-4a80-af76-ff97756f1251"
      },
      "ResponseBody": {
        "status": "Enqueued"
      }
    },
    {
      "RequestUri": "https://management.azure.com/subscriptions/710e347c-9ac8-408c-90fe-f8cfc44bf967/providers/Microsoft.DocumentDB/locations/westus2/operationsStatus/bef3ecb2-3a36-4be1-b921-f0ed8a0e5a82?api-version=2022-11-15",
      "RequestMethod": "GET",
      "RequestHeaders": {
        "Authorization": "Sanitized",
        "traceparent": "00-55504d5ed7c49fa5edcac78c10beff62-397b6a5a44a326e2-00",
        "User-Agent": "azsdk-net-ResourceManager/1.4.0 (.NET 7.0.4; Microsoft Windows 10.0.22621)",
        "x-ms-client-request-id": "2043aeda060fc44f6b4d847a7ccdd38d",
        "x-ms-return-client-request-id": "true"
      },
      "RequestBody": null,
      "StatusCode": 200,
      "ResponseHeaders": {
        "Cache-Control": "no-store, no-cache",
        "Content-Length": "21",
        "Content-Type": "application/json",
        "Date": "Sat, 25 Mar 2023 03:41:30 GMT",
        "Pragma": "no-cache",
        "Server": "Microsoft-HTTPAPI/2.0",
        "Strict-Transport-Security": "max-age=31536000; includeSubDomains",
        "X-Content-Type-Options": "nosniff",
        "x-ms-correlation-request-id": "c1cce72b-5975-4883-9855-b55c8349af7e",
        "x-ms-gatewayversion": "version=2.14.0",
        "x-ms-ratelimit-remaining-subscription-reads": "11780",
        "x-ms-request-id": "c1cce72b-5975-4883-9855-b55c8349af7e",
        "x-ms-routing-request-id": "EASTUS:20230325T034130Z:c1cce72b-5975-4883-9855-b55c8349af7e"
      },
      "ResponseBody": {
        "status": "Enqueued"
      }
    },
    {
      "RequestUri": "https://management.azure.com/subscriptions/710e347c-9ac8-408c-90fe-f8cfc44bf967/providers/Microsoft.DocumentDB/locations/westus2/operationsStatus/bef3ecb2-3a36-4be1-b921-f0ed8a0e5a82?api-version=2022-11-15",
      "RequestMethod": "GET",
      "RequestHeaders": {
        "Authorization": "Sanitized",
        "traceparent": "00-55504d5ed7c49fa5edcac78c10beff62-a20010ee8fd9007d-00",
        "User-Agent": "azsdk-net-ResourceManager/1.4.0 (.NET 7.0.4; Microsoft Windows 10.0.22621)",
        "x-ms-client-request-id": "375f4d5bac3f05e8cf3f893b71cf9a79",
        "x-ms-return-client-request-id": "true"
      },
      "RequestBody": null,
      "StatusCode": 200,
      "ResponseHeaders": {
        "Cache-Control": "no-store, no-cache",
        "Content-Length": "21",
        "Content-Type": "application/json",
        "Date": "Sat, 25 Mar 2023 03:41:31 GMT",
        "Pragma": "no-cache",
        "Server": "Microsoft-HTTPAPI/2.0",
        "Strict-Transport-Security": "max-age=31536000; includeSubDomains",
        "X-Content-Type-Options": "nosniff",
        "x-ms-correlation-request-id": "69342b05-1bfc-4055-bb54-6a5459143d15",
        "x-ms-gatewayversion": "version=2.14.0",
        "x-ms-ratelimit-remaining-subscription-reads": "11779",
        "x-ms-request-id": "69342b05-1bfc-4055-bb54-6a5459143d15",
        "x-ms-routing-request-id": "EASTUS:20230325T034131Z:69342b05-1bfc-4055-bb54-6a5459143d15"
      },
      "ResponseBody": {
        "status": "Enqueued"
      }
    },
    {
      "RequestUri": "https://management.azure.com/subscriptions/710e347c-9ac8-408c-90fe-f8cfc44bf967/providers/Microsoft.DocumentDB/locations/westus2/operationsStatus/bef3ecb2-3a36-4be1-b921-f0ed8a0e5a82?api-version=2022-11-15",
      "RequestMethod": "GET",
      "RequestHeaders": {
        "Authorization": "Sanitized",
        "traceparent": "00-55504d5ed7c49fa5edcac78c10beff62-32426bb5e700a980-00",
        "User-Agent": "azsdk-net-ResourceManager/1.4.0 (.NET 7.0.4; Microsoft Windows 10.0.22621)",
        "x-ms-client-request-id": "aba5ce749cd934c32265423e44e165bf",
        "x-ms-return-client-request-id": "true"
      },
      "RequestBody": null,
      "StatusCode": 200,
      "ResponseHeaders": {
        "Cache-Control": "no-store, no-cache",
        "Content-Length": "21",
        "Content-Type": "application/json",
        "Date": "Sat, 25 Mar 2023 03:41:32 GMT",
        "Pragma": "no-cache",
        "Server": "Microsoft-HTTPAPI/2.0",
        "Strict-Transport-Security": "max-age=31536000; includeSubDomains",
        "X-Content-Type-Options": "nosniff",
        "x-ms-correlation-request-id": "0a202821-d02b-4da8-ad48-02c605f10ec3",
        "x-ms-gatewayversion": "version=2.14.0",
        "x-ms-ratelimit-remaining-subscription-reads": "11778",
        "x-ms-request-id": "0a202821-d02b-4da8-ad48-02c605f10ec3",
        "x-ms-routing-request-id": "EASTUS:20230325T034132Z:0a202821-d02b-4da8-ad48-02c605f10ec3"
      },
      "ResponseBody": {
        "status": "Dequeued"
      }
    },
    {
      "RequestUri": "https://management.azure.com/subscriptions/710e347c-9ac8-408c-90fe-f8cfc44bf967/providers/Microsoft.DocumentDB/locations/westus2/operationsStatus/bef3ecb2-3a36-4be1-b921-f0ed8a0e5a82?api-version=2022-11-15",
      "RequestMethod": "GET",
      "RequestHeaders": {
        "Authorization": "Sanitized",
        "traceparent": "00-55504d5ed7c49fa5edcac78c10beff62-d2e467a1734b55ec-00",
        "User-Agent": "azsdk-net-ResourceManager/1.4.0 (.NET 7.0.4; Microsoft Windows 10.0.22621)",
        "x-ms-client-request-id": "74b4684e66bf2d64c63d50d07d14539c",
        "x-ms-return-client-request-id": "true"
      },
      "RequestBody": null,
      "StatusCode": 200,
      "ResponseHeaders": {
        "Cache-Control": "no-store, no-cache",
        "Content-Length": "21",
        "Content-Type": "application/json",
        "Date": "Sat, 25 Mar 2023 03:41:34 GMT",
        "Pragma": "no-cache",
        "Server": "Microsoft-HTTPAPI/2.0",
        "Strict-Transport-Security": "max-age=31536000; includeSubDomains",
        "X-Content-Type-Options": "nosniff",
        "x-ms-correlation-request-id": "d85442d7-1203-4578-8438-47af978b914a",
        "x-ms-gatewayversion": "version=2.14.0",
        "x-ms-ratelimit-remaining-subscription-reads": "11777",
        "x-ms-request-id": "d85442d7-1203-4578-8438-47af978b914a",
        "x-ms-routing-request-id": "EASTUS:20230325T034135Z:d85442d7-1203-4578-8438-47af978b914a"
      },
      "ResponseBody": {
        "status": "Dequeued"
      }
    },
    {
      "RequestUri": "https://management.azure.com/subscriptions/710e347c-9ac8-408c-90fe-f8cfc44bf967/providers/Microsoft.DocumentDB/locations/westus2/operationsStatus/bef3ecb2-3a36-4be1-b921-f0ed8a0e5a82?api-version=2022-11-15",
      "RequestMethod": "GET",
      "RequestHeaders": {
        "Authorization": "Sanitized",
        "traceparent": "00-55504d5ed7c49fa5edcac78c10beff62-dfda4f93fcefde8f-00",
        "User-Agent": "azsdk-net-ResourceManager/1.4.0 (.NET 7.0.4; Microsoft Windows 10.0.22621)",
        "x-ms-client-request-id": "ad050bb22827bfb48a2b14d96aa9c1ee",
        "x-ms-return-client-request-id": "true"
      },
      "RequestBody": null,
      "StatusCode": 200,
      "ResponseHeaders": {
        "Cache-Control": "no-store, no-cache",
        "Content-Length": "21",
        "Content-Type": "application/json",
        "Date": "Sat, 25 Mar 2023 03:41:38 GMT",
        "Pragma": "no-cache",
        "Server": "Microsoft-HTTPAPI/2.0",
        "Strict-Transport-Security": "max-age=31536000; includeSubDomains",
        "X-Content-Type-Options": "nosniff",
        "x-ms-correlation-request-id": "fb67fa94-4f32-4569-9259-c5b071d20486",
        "x-ms-gatewayversion": "version=2.14.0",
        "x-ms-ratelimit-remaining-subscription-reads": "11776",
        "x-ms-request-id": "fb67fa94-4f32-4569-9259-c5b071d20486",
        "x-ms-routing-request-id": "EASTUS:20230325T034139Z:fb67fa94-4f32-4569-9259-c5b071d20486"
      },
      "ResponseBody": {
        "status": "Dequeued"
      }
    },
    {
      "RequestUri": "https://management.azure.com/subscriptions/710e347c-9ac8-408c-90fe-f8cfc44bf967/providers/Microsoft.DocumentDB/locations/westus2/operationsStatus/bef3ecb2-3a36-4be1-b921-f0ed8a0e5a82?api-version=2022-11-15",
      "RequestMethod": "GET",
      "RequestHeaders": {
        "Authorization": "Sanitized",
        "traceparent": "00-55504d5ed7c49fa5edcac78c10beff62-b661330632569085-00",
        "User-Agent": "azsdk-net-ResourceManager/1.4.0 (.NET 7.0.4; Microsoft Windows 10.0.22621)",
        "x-ms-client-request-id": "08edc9da261a0eb96a78e59c4cf2b60e",
        "x-ms-return-client-request-id": "true"
      },
      "RequestBody": null,
      "StatusCode": 200,
      "ResponseHeaders": {
        "Cache-Control": "no-store, no-cache",
        "Content-Length": "21",
        "Content-Type": "application/json",
        "Date": "Sat, 25 Mar 2023 03:41:46 GMT",
        "Pragma": "no-cache",
        "Server": "Microsoft-HTTPAPI/2.0",
        "Strict-Transport-Security": "max-age=31536000; includeSubDomains",
        "X-Content-Type-Options": "nosniff",
        "x-ms-correlation-request-id": "4f0092d5-29cc-409a-8414-e80882fbd987",
        "x-ms-gatewayversion": "version=2.14.0",
        "x-ms-ratelimit-remaining-subscription-reads": "11775",
        "x-ms-request-id": "4f0092d5-29cc-409a-8414-e80882fbd987",
        "x-ms-routing-request-id": "EASTUS:20230325T034147Z:4f0092d5-29cc-409a-8414-e80882fbd987"
      },
      "ResponseBody": {
        "status": "Dequeued"
      }
    },
    {
      "RequestUri": "https://management.azure.com/subscriptions/710e347c-9ac8-408c-90fe-f8cfc44bf967/providers/Microsoft.DocumentDB/locations/westus2/operationsStatus/bef3ecb2-3a36-4be1-b921-f0ed8a0e5a82?api-version=2022-11-15",
      "RequestMethod": "GET",
      "RequestHeaders": {
        "Authorization": "Sanitized",
        "traceparent": "00-55504d5ed7c49fa5edcac78c10beff62-44e4a2a049ef706c-00",
        "User-Agent": "azsdk-net-ResourceManager/1.4.0 (.NET 7.0.4; Microsoft Windows 10.0.22621)",
        "x-ms-client-request-id": "388ca512b7db2697b4f5ea94518ac31c",
        "x-ms-return-client-request-id": "true"
      },
      "RequestBody": null,
      "StatusCode": 200,
      "ResponseHeaders": {
        "Cache-Control": "no-store, no-cache",
        "Content-Length": "21",
        "Content-Type": "application/json",
        "Date": "Sat, 25 Mar 2023 03:42:02 GMT",
        "Pragma": "no-cache",
        "Server": "Microsoft-HTTPAPI/2.0",
        "Strict-Transport-Security": "max-age=31536000; includeSubDomains",
        "X-Content-Type-Options": "nosniff",
        "x-ms-correlation-request-id": "04fab3f7-156d-47a8-8222-4462dda6461d",
        "x-ms-gatewayversion": "version=2.14.0",
        "x-ms-ratelimit-remaining-subscription-reads": "11774",
        "x-ms-request-id": "04fab3f7-156d-47a8-8222-4462dda6461d",
        "x-ms-routing-request-id": "EASTUS:20230325T034203Z:04fab3f7-156d-47a8-8222-4462dda6461d"
      },
      "ResponseBody": {
        "status": "Dequeued"
      }
    },
    {
      "RequestUri": "https://management.azure.com/subscriptions/710e347c-9ac8-408c-90fe-f8cfc44bf967/providers/Microsoft.DocumentDB/locations/westus2/operationsStatus/bef3ecb2-3a36-4be1-b921-f0ed8a0e5a82?api-version=2022-11-15",
      "RequestMethod": "GET",
      "RequestHeaders": {
        "Authorization": "Sanitized",
        "traceparent": "00-55504d5ed7c49fa5edcac78c10beff62-48f1c2c8c8a34ae2-00",
        "User-Agent": "azsdk-net-ResourceManager/1.4.0 (.NET 7.0.4; Microsoft Windows 10.0.22621)",
        "x-ms-client-request-id": "b3f6617c4a278c8151f742af43177297",
        "x-ms-return-client-request-id": "true"
      },
      "RequestBody": null,
      "StatusCode": 200,
      "ResponseHeaders": {
        "Cache-Control": "no-store, no-cache",
        "Content-Length": "21",
        "Content-Type": "application/json",
        "Date": "Sat, 25 Mar 2023 03:42:34 GMT",
        "Pragma": "no-cache",
        "Server": "Microsoft-HTTPAPI/2.0",
        "Strict-Transport-Security": "max-age=31536000; includeSubDomains",
        "X-Content-Type-Options": "nosniff",
        "x-ms-correlation-request-id": "5a840594-f1c0-4c42-b6c9-b09d7e59d242",
        "x-ms-gatewayversion": "version=2.14.0",
        "x-ms-ratelimit-remaining-subscription-reads": "11773",
        "x-ms-request-id": "5a840594-f1c0-4c42-b6c9-b09d7e59d242",
        "x-ms-routing-request-id": "EASTUS:20230325T034235Z:5a840594-f1c0-4c42-b6c9-b09d7e59d242"
      },
      "ResponseBody": {
        "status": "Dequeued"
      }
    },
    {
      "RequestUri": "https://management.azure.com/subscriptions/710e347c-9ac8-408c-90fe-f8cfc44bf967/providers/Microsoft.DocumentDB/locations/westus2/operationsStatus/bef3ecb2-3a36-4be1-b921-f0ed8a0e5a82?api-version=2022-11-15",
      "RequestMethod": "GET",
      "RequestHeaders": {
        "Authorization": "Sanitized",
        "traceparent": "00-55504d5ed7c49fa5edcac78c10beff62-da936e838f3b2510-00",
        "User-Agent": "azsdk-net-ResourceManager/1.4.0 (.NET 7.0.4; Microsoft Windows 10.0.22621)",
        "x-ms-client-request-id": "c4c70674881d221332c654243b25bce0",
        "x-ms-return-client-request-id": "true"
      },
      "RequestBody": null,
      "StatusCode": 200,
      "ResponseHeaders": {
        "Cache-Control": "no-store, no-cache",
        "Content-Length": "21",
        "Content-Type": "application/json",
        "Date": "Sat, 25 Mar 2023 03:43:06 GMT",
        "Pragma": "no-cache",
        "Server": "Microsoft-HTTPAPI/2.0",
        "Strict-Transport-Security": "max-age=31536000; includeSubDomains",
        "X-Content-Type-Options": "nosniff",
        "x-ms-correlation-request-id": "505977cf-1e32-4cd7-b07d-ff5b2910bf05",
        "x-ms-gatewayversion": "version=2.14.0",
        "x-ms-ratelimit-remaining-subscription-reads": "11772",
        "x-ms-request-id": "505977cf-1e32-4cd7-b07d-ff5b2910bf05",
        "x-ms-routing-request-id": "EASTUS:20230325T034307Z:505977cf-1e32-4cd7-b07d-ff5b2910bf05"
      },
      "ResponseBody": {
        "status": "Dequeued"
      }
    },
    {
      "RequestUri": "https://management.azure.com/subscriptions/710e347c-9ac8-408c-90fe-f8cfc44bf967/providers/Microsoft.DocumentDB/locations/westus2/operationsStatus/bef3ecb2-3a36-4be1-b921-f0ed8a0e5a82?api-version=2022-11-15",
      "RequestMethod": "GET",
      "RequestHeaders": {
        "Authorization": "Sanitized",
        "traceparent": "00-55504d5ed7c49fa5edcac78c10beff62-fe4c9f7093a9e3a2-00",
        "User-Agent": "azsdk-net-ResourceManager/1.4.0 (.NET 7.0.4; Microsoft Windows 10.0.22621)",
        "x-ms-client-request-id": "ea1fc8b402fcc8e72300e7e375e8e29c",
        "x-ms-return-client-request-id": "true"
      },
      "RequestBody": null,
      "StatusCode": 200,
      "ResponseHeaders": {
        "Cache-Control": "no-store, no-cache",
        "Content-Length": "21",
        "Content-Type": "application/json",
        "Date": "Sat, 25 Mar 2023 03:43:39 GMT",
        "Pragma": "no-cache",
        "Server": "Microsoft-HTTPAPI/2.0",
        "Strict-Transport-Security": "max-age=31536000; includeSubDomains",
        "X-Content-Type-Options": "nosniff",
        "x-ms-correlation-request-id": "378c5999-c77b-4946-9e95-0411ddb948cd",
        "x-ms-gatewayversion": "version=2.14.0",
        "x-ms-ratelimit-remaining-subscription-reads": "11771",
        "x-ms-request-id": "378c5999-c77b-4946-9e95-0411ddb948cd",
        "x-ms-routing-request-id": "EASTUS:20230325T034340Z:378c5999-c77b-4946-9e95-0411ddb948cd"
      },
      "ResponseBody": {
        "status": "Dequeued"
      }
    },
    {
      "RequestUri": "https://management.azure.com/subscriptions/710e347c-9ac8-408c-90fe-f8cfc44bf967/providers/Microsoft.DocumentDB/locations/westus2/operationsStatus/bef3ecb2-3a36-4be1-b921-f0ed8a0e5a82?api-version=2022-11-15",
      "RequestMethod": "GET",
      "RequestHeaders": {
        "Authorization": "Sanitized",
        "traceparent": "00-55504d5ed7c49fa5edcac78c10beff62-d063161737cc67c7-00",
        "User-Agent": "azsdk-net-ResourceManager/1.4.0 (.NET 7.0.4; Microsoft Windows 10.0.22621)",
        "x-ms-client-request-id": "4b1f5382fec2f3ff4ed48160f55d502b",
        "x-ms-return-client-request-id": "true"
      },
      "RequestBody": null,
      "StatusCode": 200,
      "ResponseHeaders": {
        "Cache-Control": "no-store, no-cache",
        "Content-Length": "21",
        "Content-Type": "application/json",
        "Date": "Sat, 25 Mar 2023 03:44:11 GMT",
        "Pragma": "no-cache",
        "Server": "Microsoft-HTTPAPI/2.0",
        "Strict-Transport-Security": "max-age=31536000; includeSubDomains",
        "X-Content-Type-Options": "nosniff",
        "x-ms-correlation-request-id": "e866c062-2a18-4872-8c6c-d11d374bc513",
        "x-ms-gatewayversion": "version=2.14.0",
        "x-ms-ratelimit-remaining-subscription-reads": "11770",
        "x-ms-request-id": "e866c062-2a18-4872-8c6c-d11d374bc513",
        "x-ms-routing-request-id": "EASTUS:20230325T034412Z:e866c062-2a18-4872-8c6c-d11d374bc513"
      },
      "ResponseBody": {
        "status": "Dequeued"
      }
    },
    {
      "RequestUri": "https://management.azure.com/subscriptions/710e347c-9ac8-408c-90fe-f8cfc44bf967/providers/Microsoft.DocumentDB/locations/westus2/operationsStatus/bef3ecb2-3a36-4be1-b921-f0ed8a0e5a82?api-version=2022-11-15",
      "RequestMethod": "GET",
      "RequestHeaders": {
        "Authorization": "Sanitized",
        "traceparent": "00-55504d5ed7c49fa5edcac78c10beff62-9870ab94911fde31-00",
        "User-Agent": "azsdk-net-ResourceManager/1.4.0 (.NET 7.0.4; Microsoft Windows 10.0.22621)",
        "x-ms-client-request-id": "7afa613b88f8719a1effa01ca02fac49",
        "x-ms-return-client-request-id": "true"
      },
      "RequestBody": null,
      "StatusCode": 200,
      "ResponseHeaders": {
        "Cache-Control": "no-store, no-cache",
        "Content-Length": "21",
        "Content-Type": "application/json",
        "Date": "Sat, 25 Mar 2023 03:44:44 GMT",
        "Pragma": "no-cache",
        "Server": "Microsoft-HTTPAPI/2.0",
        "Strict-Transport-Security": "max-age=31536000; includeSubDomains",
        "X-Content-Type-Options": "nosniff",
        "x-ms-correlation-request-id": "b07d2005-7a65-4fe8-8146-412639da213c",
        "x-ms-gatewayversion": "version=2.14.0",
        "x-ms-ratelimit-remaining-subscription-reads": "11769",
        "x-ms-request-id": "b07d2005-7a65-4fe8-8146-412639da213c",
        "x-ms-routing-request-id": "EASTUS:20230325T034444Z:b07d2005-7a65-4fe8-8146-412639da213c"
      },
      "ResponseBody": {
        "status": "Dequeued"
      }
    },
    {
      "RequestUri": "https://management.azure.com/subscriptions/710e347c-9ac8-408c-90fe-f8cfc44bf967/providers/Microsoft.DocumentDB/locations/westus2/operationsStatus/bef3ecb2-3a36-4be1-b921-f0ed8a0e5a82?api-version=2022-11-15",
      "RequestMethod": "GET",
      "RequestHeaders": {
        "Authorization": "Sanitized",
        "traceparent": "00-55504d5ed7c49fa5edcac78c10beff62-aff29e59291fe5cb-00",
        "User-Agent": "azsdk-net-ResourceManager/1.4.0 (.NET 7.0.4; Microsoft Windows 10.0.22621)",
        "x-ms-client-request-id": "e7a1b8e47006b61ec92b9c288187d2c6",
        "x-ms-return-client-request-id": "true"
      },
      "RequestBody": null,
      "StatusCode": 200,
      "ResponseHeaders": {
        "Cache-Control": "no-store, no-cache",
        "Content-Length": "21",
        "Content-Type": "application/json",
        "Date": "Sat, 25 Mar 2023 03:45:16 GMT",
        "Pragma": "no-cache",
        "Server": "Microsoft-HTTPAPI/2.0",
        "Strict-Transport-Security": "max-age=31536000; includeSubDomains",
        "X-Content-Type-Options": "nosniff",
        "x-ms-correlation-request-id": "3e899cf2-abef-458b-8c7c-888be0efb9cc",
        "x-ms-gatewayversion": "version=2.14.0",
        "x-ms-ratelimit-remaining-subscription-reads": "11785",
        "x-ms-request-id": "3e899cf2-abef-458b-8c7c-888be0efb9cc",
        "x-ms-routing-request-id": "EASTUS:20230325T034516Z:3e899cf2-abef-458b-8c7c-888be0efb9cc"
      },
      "ResponseBody": {
        "status": "Dequeued"
      }
    },
    {
      "RequestUri": "https://management.azure.com/subscriptions/710e347c-9ac8-408c-90fe-f8cfc44bf967/providers/Microsoft.DocumentDB/locations/westus2/operationsStatus/bef3ecb2-3a36-4be1-b921-f0ed8a0e5a82?api-version=2022-11-15",
      "RequestMethod": "GET",
      "RequestHeaders": {
        "Authorization": "Sanitized",
        "traceparent": "00-55504d5ed7c49fa5edcac78c10beff62-a3ae71c746bf7e29-00",
        "User-Agent": "azsdk-net-ResourceManager/1.4.0 (.NET 7.0.4; Microsoft Windows 10.0.22621)",
        "x-ms-client-request-id": "13a7bbaf67edfaa3b8ad2dc25de2531e",
        "x-ms-return-client-request-id": "true"
      },
      "RequestBody": null,
      "StatusCode": 200,
      "ResponseHeaders": {
        "Cache-Control": "no-store, no-cache",
        "Content-Length": "21",
        "Content-Type": "application/json",
        "Date": "Sat, 25 Mar 2023 03:45:48 GMT",
        "Pragma": "no-cache",
        "Server": "Microsoft-HTTPAPI/2.0",
        "Strict-Transport-Security": "max-age=31536000; includeSubDomains",
        "X-Content-Type-Options": "nosniff",
        "x-ms-correlation-request-id": "70037578-06c1-441f-a54d-8fefe2a8b372",
        "x-ms-gatewayversion": "version=2.14.0",
        "x-ms-ratelimit-remaining-subscription-reads": "11784",
        "x-ms-request-id": "70037578-06c1-441f-a54d-8fefe2a8b372",
        "x-ms-routing-request-id": "EASTUS:20230325T034548Z:70037578-06c1-441f-a54d-8fefe2a8b372"
      },
      "ResponseBody": {
        "status": "Dequeued"
      }
    },
    {
      "RequestUri": "https://management.azure.com/subscriptions/710e347c-9ac8-408c-90fe-f8cfc44bf967/providers/Microsoft.DocumentDB/locations/westus2/operationsStatus/bef3ecb2-3a36-4be1-b921-f0ed8a0e5a82?api-version=2022-11-15",
      "RequestMethod": "GET",
      "RequestHeaders": {
        "Authorization": "Sanitized",
        "traceparent": "00-55504d5ed7c49fa5edcac78c10beff62-c338f2f7414d67e7-00",
        "User-Agent": "azsdk-net-ResourceManager/1.4.0 (.NET 7.0.4; Microsoft Windows 10.0.22621)",
        "x-ms-client-request-id": "3c7c372768bbcb254344b1cceb72f097",
        "x-ms-return-client-request-id": "true"
      },
      "RequestBody": null,
      "StatusCode": 200,
      "ResponseHeaders": {
        "Cache-Control": "no-store, no-cache",
        "Content-Length": "21",
        "Content-Type": "application/json",
        "Date": "Sat, 25 Mar 2023 03:46:20 GMT",
        "Pragma": "no-cache",
        "Server": "Microsoft-HTTPAPI/2.0",
        "Strict-Transport-Security": "max-age=31536000; includeSubDomains",
        "X-Content-Type-Options": "nosniff",
        "x-ms-correlation-request-id": "db13cd92-87d4-429f-a11b-9ffe6d93fbeb",
        "x-ms-gatewayversion": "version=2.14.0",
        "x-ms-ratelimit-remaining-subscription-reads": "11783",
        "x-ms-request-id": "db13cd92-87d4-429f-a11b-9ffe6d93fbeb",
        "x-ms-routing-request-id": "EASTUS:20230325T034620Z:db13cd92-87d4-429f-a11b-9ffe6d93fbeb"
      },
      "ResponseBody": {
        "status": "Dequeued"
      }
    },
    {
      "RequestUri": "https://management.azure.com/subscriptions/710e347c-9ac8-408c-90fe-f8cfc44bf967/providers/Microsoft.DocumentDB/locations/westus2/operationsStatus/bef3ecb2-3a36-4be1-b921-f0ed8a0e5a82?api-version=2022-11-15",
      "RequestMethod": "GET",
      "RequestHeaders": {
        "Authorization": "Sanitized",
        "traceparent": "00-55504d5ed7c49fa5edcac78c10beff62-1204c19fbfbaa702-00",
        "User-Agent": "azsdk-net-ResourceManager/1.4.0 (.NET 7.0.4; Microsoft Windows 10.0.22621)",
        "x-ms-client-request-id": "e56dda2c99887c5c14a72f58435b58e7",
        "x-ms-return-client-request-id": "true"
      },
      "RequestBody": null,
      "StatusCode": 200,
      "ResponseHeaders": {
        "Cache-Control": "no-store, no-cache",
        "Content-Length": "21",
        "Content-Type": "application/json",
        "Date": "Sat, 25 Mar 2023 03:46:52 GMT",
        "Pragma": "no-cache",
        "Server": "Microsoft-HTTPAPI/2.0",
        "Strict-Transport-Security": "max-age=31536000; includeSubDomains",
        "X-Content-Type-Options": "nosniff",
        "x-ms-correlation-request-id": "a3578da5-b85c-4760-9146-bb7cceb130a6",
        "x-ms-gatewayversion": "version=2.14.0",
        "x-ms-ratelimit-remaining-subscription-reads": "11782",
        "x-ms-request-id": "a3578da5-b85c-4760-9146-bb7cceb130a6",
        "x-ms-routing-request-id": "EASTUS:20230325T034653Z:a3578da5-b85c-4760-9146-bb7cceb130a6"
      },
      "ResponseBody": {
        "status": "Dequeued"
      }
    },
    {
      "RequestUri": "https://management.azure.com/subscriptions/710e347c-9ac8-408c-90fe-f8cfc44bf967/providers/Microsoft.DocumentDB/locations/westus2/operationsStatus/bef3ecb2-3a36-4be1-b921-f0ed8a0e5a82?api-version=2022-11-15",
      "RequestMethod": "GET",
      "RequestHeaders": {
        "Authorization": "Sanitized",
        "traceparent": "00-55504d5ed7c49fa5edcac78c10beff62-5759f87b03562247-00",
        "User-Agent": "azsdk-net-ResourceManager/1.4.0 (.NET 7.0.4; Microsoft Windows 10.0.22621)",
        "x-ms-client-request-id": "49007ed8960b460b96dccfa9b6d70e46",
        "x-ms-return-client-request-id": "true"
      },
      "RequestBody": null,
      "StatusCode": 200,
      "ResponseHeaders": {
        "Cache-Control": "no-store, no-cache",
        "Content-Length": "21",
        "Content-Type": "application/json",
        "Date": "Sat, 25 Mar 2023 03:47:24 GMT",
        "Pragma": "no-cache",
        "Server": "Microsoft-HTTPAPI/2.0",
        "Strict-Transport-Security": "max-age=31536000; includeSubDomains",
        "X-Content-Type-Options": "nosniff",
        "x-ms-correlation-request-id": "c81c8d39-3ee4-4bf6-b469-b1814d876851",
        "x-ms-gatewayversion": "version=2.14.0",
        "x-ms-ratelimit-remaining-subscription-reads": "11781",
        "x-ms-request-id": "c81c8d39-3ee4-4bf6-b469-b1814d876851",
        "x-ms-routing-request-id": "EASTUS:20230325T034725Z:c81c8d39-3ee4-4bf6-b469-b1814d876851"
      },
      "ResponseBody": {
        "status": "Dequeued"
      }
    },
    {
      "RequestUri": "https://management.azure.com/subscriptions/710e347c-9ac8-408c-90fe-f8cfc44bf967/providers/Microsoft.DocumentDB/locations/westus2/operationsStatus/bef3ecb2-3a36-4be1-b921-f0ed8a0e5a82?api-version=2022-11-15",
      "RequestMethod": "GET",
      "RequestHeaders": {
        "Authorization": "Sanitized",
        "traceparent": "00-55504d5ed7c49fa5edcac78c10beff62-65cf0279bf82a7af-00",
        "User-Agent": "azsdk-net-ResourceManager/1.4.0 (.NET 7.0.4; Microsoft Windows 10.0.22621)",
        "x-ms-client-request-id": "839696bd6d758e96dbff281439cc87e8",
        "x-ms-return-client-request-id": "true"
      },
      "RequestBody": null,
      "StatusCode": 200,
      "ResponseHeaders": {
        "Cache-Control": "no-store, no-cache",
        "Content-Length": "21",
        "Content-Type": "application/json",
        "Date": "Sat, 25 Mar 2023 03:47:56 GMT",
        "Pragma": "no-cache",
        "Server": "Microsoft-HTTPAPI/2.0",
        "Strict-Transport-Security": "max-age=31536000; includeSubDomains",
        "X-Content-Type-Options": "nosniff",
        "x-ms-correlation-request-id": "9501a44b-92b8-45fc-98b6-acddc9f9c7b1",
        "x-ms-gatewayversion": "version=2.14.0",
        "x-ms-ratelimit-remaining-subscription-reads": "11780",
        "x-ms-request-id": "9501a44b-92b8-45fc-98b6-acddc9f9c7b1",
        "x-ms-routing-request-id": "EASTUS:20230325T034757Z:9501a44b-92b8-45fc-98b6-acddc9f9c7b1"
      },
      "ResponseBody": {
        "status": "Dequeued"
      }
    },
    {
      "RequestUri": "https://management.azure.com/subscriptions/710e347c-9ac8-408c-90fe-f8cfc44bf967/providers/Microsoft.DocumentDB/locations/westus2/operationsStatus/bef3ecb2-3a36-4be1-b921-f0ed8a0e5a82?api-version=2022-11-15",
      "RequestMethod": "GET",
      "RequestHeaders": {
        "Authorization": "Sanitized",
        "traceparent": "00-55504d5ed7c49fa5edcac78c10beff62-8b3da83b11bdfaa3-00",
        "User-Agent": "azsdk-net-ResourceManager/1.4.0 (.NET 7.0.4; Microsoft Windows 10.0.22621)",
        "x-ms-client-request-id": "6df3caeba771968ccf264eabc9b2c53d",
        "x-ms-return-client-request-id": "true"
      },
      "RequestBody": null,
      "StatusCode": 200,
      "ResponseHeaders": {
        "Cache-Control": "no-store, no-cache",
        "Content-Length": "21",
        "Content-Type": "application/json",
        "Date": "Sat, 25 Mar 2023 03:48:29 GMT",
        "Pragma": "no-cache",
        "Server": "Microsoft-HTTPAPI/2.0",
        "Strict-Transport-Security": "max-age=31536000; includeSubDomains",
        "X-Content-Type-Options": "nosniff",
        "x-ms-correlation-request-id": "e3a2c5b3-3220-41ee-92de-b03b9fda229d",
        "x-ms-gatewayversion": "version=2.14.0",
        "x-ms-ratelimit-remaining-subscription-reads": "11779",
        "x-ms-request-id": "e3a2c5b3-3220-41ee-92de-b03b9fda229d",
        "x-ms-routing-request-id": "EASTUS:20230325T034829Z:e3a2c5b3-3220-41ee-92de-b03b9fda229d"
      },
      "ResponseBody": {
        "status": "Dequeued"
      }
    },
    {
      "RequestUri": "https://management.azure.com/subscriptions/710e347c-9ac8-408c-90fe-f8cfc44bf967/providers/Microsoft.DocumentDB/locations/westus2/operationsStatus/bef3ecb2-3a36-4be1-b921-f0ed8a0e5a82?api-version=2022-11-15",
      "RequestMethod": "GET",
      "RequestHeaders": {
        "Authorization": "Sanitized",
        "traceparent": "00-55504d5ed7c49fa5edcac78c10beff62-a0bc9af9dae7dd77-00",
        "User-Agent": "azsdk-net-ResourceManager/1.4.0 (.NET 7.0.4; Microsoft Windows 10.0.22621)",
        "x-ms-client-request-id": "ad9be898d5c56a72e8726d0b6ef70cc9",
        "x-ms-return-client-request-id": "true"
      },
      "RequestBody": null,
      "StatusCode": 200,
      "ResponseHeaders": {
        "Cache-Control": "no-store, no-cache",
        "Content-Length": "21",
        "Content-Type": "application/json",
        "Date": "Sat, 25 Mar 2023 03:49:01 GMT",
        "Pragma": "no-cache",
        "Server": "Microsoft-HTTPAPI/2.0",
        "Strict-Transport-Security": "max-age=31536000; includeSubDomains",
        "X-Content-Type-Options": "nosniff",
        "x-ms-correlation-request-id": "f9771ce0-e31e-4e49-9680-3371005e4dcc",
        "x-ms-gatewayversion": "version=2.14.0",
        "x-ms-ratelimit-remaining-subscription-reads": "11778",
        "x-ms-request-id": "f9771ce0-e31e-4e49-9680-3371005e4dcc",
        "x-ms-routing-request-id": "EASTUS:20230325T034901Z:f9771ce0-e31e-4e49-9680-3371005e4dcc"
      },
      "ResponseBody": {
        "status": "Dequeued"
      }
    },
    {
      "RequestUri": "https://management.azure.com/subscriptions/710e347c-9ac8-408c-90fe-f8cfc44bf967/providers/Microsoft.DocumentDB/locations/westus2/operationsStatus/bef3ecb2-3a36-4be1-b921-f0ed8a0e5a82?api-version=2022-11-15",
      "RequestMethod": "GET",
      "RequestHeaders": {
        "Authorization": "Sanitized",
        "traceparent": "00-55504d5ed7c49fa5edcac78c10beff62-a1f60352987ebbf0-00",
        "User-Agent": "azsdk-net-ResourceManager/1.4.0 (.NET 7.0.4; Microsoft Windows 10.0.22621)",
        "x-ms-client-request-id": "ecbde755a1e315d40900b44e1eeac428",
        "x-ms-return-client-request-id": "true"
      },
      "RequestBody": null,
      "StatusCode": 200,
      "ResponseHeaders": {
        "Cache-Control": "no-store, no-cache",
        "Content-Length": "21",
        "Content-Type": "application/json",
        "Date": "Sat, 25 Mar 2023 03:49:33 GMT",
        "Pragma": "no-cache",
        "Server": "Microsoft-HTTPAPI/2.0",
        "Strict-Transport-Security": "max-age=31536000; includeSubDomains",
        "X-Content-Type-Options": "nosniff",
        "x-ms-correlation-request-id": "b3c956bc-9494-47a1-9e9a-62f91cd41e0e",
        "x-ms-gatewayversion": "version=2.14.0",
        "x-ms-ratelimit-remaining-subscription-reads": "11777",
        "x-ms-request-id": "b3c956bc-9494-47a1-9e9a-62f91cd41e0e",
        "x-ms-routing-request-id": "EASTUS:20230325T034934Z:b3c956bc-9494-47a1-9e9a-62f91cd41e0e"
      },
      "ResponseBody": {
        "status": "Dequeued"
      }
    },
    {
      "RequestUri": "https://management.azure.com/subscriptions/710e347c-9ac8-408c-90fe-f8cfc44bf967/providers/Microsoft.DocumentDB/locations/westus2/operationsStatus/bef3ecb2-3a36-4be1-b921-f0ed8a0e5a82?api-version=2022-11-15",
      "RequestMethod": "GET",
      "RequestHeaders": {
        "Authorization": "Sanitized",
        "traceparent": "00-55504d5ed7c49fa5edcac78c10beff62-29a9541242da7700-00",
        "User-Agent": "azsdk-net-ResourceManager/1.4.0 (.NET 7.0.4; Microsoft Windows 10.0.22621)",
        "x-ms-client-request-id": "517bea39da311623588885fe398027d8",
        "x-ms-return-client-request-id": "true"
      },
      "RequestBody": null,
      "StatusCode": 200,
      "ResponseHeaders": {
        "Cache-Control": "no-store, no-cache",
        "Content-Length": "22",
        "Content-Type": "application/json",
        "Date": "Sat, 25 Mar 2023 03:50:06 GMT",
        "Pragma": "no-cache",
        "Server": "Microsoft-HTTPAPI/2.0",
        "Strict-Transport-Security": "max-age=31536000; includeSubDomains",
        "X-Content-Type-Options": "nosniff",
        "x-ms-correlation-request-id": "8f4bf4c5-af30-4af3-8a5c-1b3698c69457",
        "x-ms-gatewayversion": "version=2.14.0",
        "x-ms-ratelimit-remaining-subscription-reads": "11795",
        "x-ms-request-id": "8f4bf4c5-af30-4af3-8a5c-1b3698c69457",
        "x-ms-routing-request-id": "EASTUS:20230325T035006Z:8f4bf4c5-af30-4af3-8a5c-1b3698c69457"
      },
      "ResponseBody": {
        "status": "Succeeded"
      }
    }
  ],
  "Variables": {
    "AZURE_AUTHORITY_HOST": null,
    "RandomSeed": "1009018198",
    "RESOURCE_MANAGER_URL": null,
    "SUBSCRIPTION_ID": "710e347c-9ac8-408c-90fe-f8cfc44bf967"
  }
}
