{
  "Entries": [
    {
      "RequestUri": "http://storageteglazatesting.blob.core.windows.net/test-container-080d9c99-6066-06d9-7e2d-7205ab37f117?restype=container",
      "RequestMethod": "PUT",
      "RequestHeaders": {
        "Authorization": "Sanitized",
        "Request-Id": "|83329cfa-417105b58f893b74.",
        "User-Agent": [
          "azsdk-net-Storage.Blobs/12.0.0-dev.20190719.1+c8048e578cb4cbc84a82baab49fbe6ebc3f4bd7e",
          "(.NET Core 4.6.27414.06; Microsoft Windows 10.0.18362 )"
        ],
        "x-ms-blob-public-access": "container",
        "x-ms-client-request-id": "2f9b5091bc7ff1081dccf94ca43fc639",
        "x-ms-date": "Fri, 19 Jul 2019 22:31:07 GMT",
        "x-ms-return-client-request-id": "true",
        "x-ms-version": "2018-11-09"
      },
      "RequestBody": null,
      "StatusCode": 201,
      "ResponseHeaders": {
        "Content-Length": "0",
        "Date": "Fri, 19 Jul 2019 22:31:06 GMT",
        "ETag": "\"0x8D70C98CAA607B0\"",
        "Last-Modified": "Fri, 19 Jul 2019 22:31:07 GMT",
        "Server": [
          "Windows-Azure-Blob/1.0",
          "Microsoft-HTTPAPI/2.0"
        ],
        "x-ms-request-id": "9db62614-701e-003b-5081-3e08aa000000",
        "x-ms-version": "2018-11-09"
      },
      "ResponseBody": []
    },
    {
      "RequestUri": "http://storageteglazatesting.blob.core.windows.net/test-container-91897bbf-1a1d-f5e6-5906-2012242cdd38?restype=container",
      "RequestMethod": "PUT",
      "RequestHeaders": {
        "Authorization": "Sanitized",
        "Request-Id": "|83329cfb-417105b58f893b74.",
        "User-Agent": [
          "azsdk-net-Storage.Blobs/12.0.0-dev.20190719.1+c8048e578cb4cbc84a82baab49fbe6ebc3f4bd7e",
          "(.NET Core 4.6.27414.06; Microsoft Windows 10.0.18362 )"
        ],
        "x-ms-blob-public-access": "container",
        "x-ms-client-request-id": "b21fb839cb37ddf5931cea9a678d613f",
        "x-ms-date": "Fri, 19 Jul 2019 22:31:07 GMT",
        "x-ms-return-client-request-id": "true",
        "x-ms-version": "2018-11-09"
      },
      "RequestBody": null,
      "StatusCode": 201,
      "ResponseHeaders": {
        "Content-Length": "0",
        "Date": "Fri, 19 Jul 2019 22:31:06 GMT",
        "ETag": "\"0x8D70C98CAA87949\"",
        "Last-Modified": "Fri, 19 Jul 2019 22:31:07 GMT",
        "Server": [
          "Windows-Azure-Blob/1.0",
          "Microsoft-HTTPAPI/2.0"
        ],
        "x-ms-request-id": "9db6262e-701e-003b-6781-3e08aa000000",
        "x-ms-version": "2018-11-09"
      },
      "ResponseBody": []
    },
    {
      "RequestUri": "http://storageteglazatesting.blob.core.windows.net/?comp=list&maxresults=1",
      "RequestMethod": "GET",
      "RequestHeaders": {
        "Authorization": "Sanitized",
        "Request-Id": "|83329cfc-417105b58f893b74.",
        "User-Agent": [
          "azsdk-net-Storage.Blobs/12.0.0-dev.20190719.1+c8048e578cb4cbc84a82baab49fbe6ebc3f4bd7e",
          "(.NET Core 4.6.27414.06; Microsoft Windows 10.0.18362 )"
        ],
        "x-ms-client-request-id": "2f4639665fad76fa6aa5d6799cf5ccf1",
        "x-ms-date": "Fri, 19 Jul 2019 22:31:07 GMT",
        "x-ms-return-client-request-id": "true",
        "x-ms-version": "2018-11-09"
      },
      "RequestBody": null,
      "StatusCode": 200,
      "ResponseHeaders": {
        "Content-Type": "application/xml",
        "Date": "Fri, 19 Jul 2019 22:31:06 GMT",
        "Server": [
          "Windows-Azure-Blob/1.0",
          "Microsoft-HTTPAPI/2.0"
        ],
        "Transfer-Encoding": "chunked",
        "x-ms-request-id": "9db62643-701e-003b-7881-3e08aa000000",
        "x-ms-version": "2018-11-09"
      },
      "ResponseBody": "﻿<?xml version=\"1.0\" encoding=\"utf-8\"?><EnumerationResults ServiceEndpoint=\"http://storageteglazatesting.blob.core.windows.net/\"><MaxResults>1</MaxResults><Containers><Container><Name>test-container-080d9c99-6066-06d9-7e2d-7205ab37f117</Name><Properties><Last-Modified>Fri, 19 Jul 2019 22:31:07 GMT</Last-Modified><Etag>\"0x8D70C98CAA607B0\"</Etag><LeaseStatus>unlocked</LeaseStatus><LeaseState>available</LeaseState><PublicAccess>container</PublicAccess><HasImmutabilityPolicy>false</HasImmutabilityPolicy><HasLegalHold>false</HasLegalHold></Properties></Container></Containers><NextMarker>/storageteglazatesting/test-container-0c17e56f-3e5d-ebac-f1a3-b6e3bcff105f</NextMarker></EnumerationResults>"
    },
    {
      "RequestUri": "http://storageteglazatesting.blob.core.windows.net/test-container-91897bbf-1a1d-f5e6-5906-2012242cdd38?restype=container",
      "RequestMethod": "DELETE",
      "RequestHeaders": {
        "Authorization": "Sanitized",
        "Request-Id": "|83329cfd-417105b58f893b74.",
        "User-Agent": [
          "azsdk-net-Storage.Blobs/12.0.0-dev.20190719.1+c8048e578cb4cbc84a82baab49fbe6ebc3f4bd7e",
          "(.NET Core 4.6.27414.06; Microsoft Windows 10.0.18362 )"
        ],
        "x-ms-client-request-id": "ec12c1ee1420f30186abfe00304b8ecc",
        "x-ms-date": "Fri, 19 Jul 2019 22:31:07 GMT",
        "x-ms-return-client-request-id": "true",
        "x-ms-version": "2018-11-09"
      },
      "RequestBody": null,
      "StatusCode": 202,
      "ResponseHeaders": {
        "Content-Length": "0",
        "Date": "Fri, 19 Jul 2019 22:31:06 GMT",
        "Server": [
          "Windows-Azure-Blob/1.0",
          "Microsoft-HTTPAPI/2.0"
        ],
        "x-ms-request-id": "9db62651-701e-003b-0581-3e08aa000000",
        "x-ms-version": "2018-11-09"
      },
      "ResponseBody": []
    },
    {
      "RequestUri": "http://storageteglazatesting.blob.core.windows.net/test-container-080d9c99-6066-06d9-7e2d-7205ab37f117?restype=container",
      "RequestMethod": "DELETE",
      "RequestHeaders": {
        "Authorization": "Sanitized",
        "Request-Id": "|83329cfe-417105b58f893b74.",
        "User-Agent": [
          "azsdk-net-Storage.Blobs/12.0.0-dev.20190719.1+c8048e578cb4cbc84a82baab49fbe6ebc3f4bd7e",
          "(.NET Core 4.6.27414.06; Microsoft Windows 10.0.18362 )"
        ],
        "x-ms-client-request-id": "ebace1a5ade5d98abda84791f57c419d",
        "x-ms-date": "Fri, 19 Jul 2019 22:31:07 GMT",
        "x-ms-return-client-request-id": "true",
        "x-ms-version": "2018-11-09"
      },
      "RequestBody": null,
      "StatusCode": 202,
      "ResponseHeaders": {
        "Content-Length": "0",
        "Date": "Fri, 19 Jul 2019 22:31:06 GMT",
        "Server": [
          "Windows-Azure-Blob/1.0",
          "Microsoft-HTTPAPI/2.0"
        ],
        "x-ms-request-id": "9db6265e-701e-003b-1281-3e08aa000000",
        "x-ms-version": "2018-11-09"
      },
      "ResponseBody": []
    }
  ],
  "Variables": {
    "RandomSeed": "1301356180",
    "Storage_TestConfigDefault": "ProductionTenant\nstorageteglazatesting\nU2FuaXRpemVk\nhttp://storageteglazatesting.blob.core.windows.net\nhttp://storageteglazatesting.file.core.windows.net\nhttp://storageteglazatesting.queue.core.windows.net\nhttp://storageteglazatesting.table.core.windows.net\n\n\n\n\nhttp://storageteglazatesting-secondary.blob.core.windows.net\n\nhttp://storageteglazatesting-secondary.queue.core.windows.net\nhttp://storageteglazatesting-secondary.table.core.windows.net\n\nSanitized\n\n\nCloud\nBlobEndpoint=http://storageteglazatesting.blob.core.windows.net/;QueueEndpoint=http://storageteglazatesting.queue.core.windows.net/;TableEndpoint=http://storageteglazatesting.table.core.windows.net/;FileEndpoint=http://storageteglazatesting.file.core.windows.net/;BlobSecondaryEndpoint=http://storageteglazatesting-secondary.blob.core.windows.net/;QueueSecondaryEndpoint=http://storageteglazatesting-secondary.queue.core.windows.net/;TableSecondaryEndpoint=http://storageteglazatesting-secondary.table.core.windows.net/;AccountName=storageteglazatesting;AccountKey=Sanitized\n\n"
  }
}