{
  "Entries": [
    {
      "RequestUri": "https://seantest2sec.blob.core.windows.net/test-container-dbfce049-1691-99ab-58b1-b8e3e8b0b820?restype=container",
      "RequestMethod": "PUT",
      "RequestHeaders": {
        "Accept": "application/xml",
        "Authorization": "Sanitized",
        "traceparent": "00-5678271d30eed84180d3029d57c9dd6a-0096c249d95f5848-00",
        "User-Agent": [
          "azsdk-net-Storage.Blobs/12.9.0-alpha.20210217.1",
          "(.NET 5.0.3; Microsoft Windows 10.0.19042)"
        ],
        "x-ms-blob-public-access": "container",
        "x-ms-client-request-id": "ac80c774-ce2d-02bb-fcde-be2327c34522",
        "x-ms-date": "Wed, 17 Feb 2021 20:04:59 GMT",
        "x-ms-return-client-request-id": "true",
        "x-ms-version": "2021-04-10"
      },
      "RequestBody": null,
      "StatusCode": 201,
      "ResponseHeaders": {
        "Content-Length": "0",
        "Date": "Wed, 17 Feb 2021 20:04:58 GMT",
        "ETag": "\"0x8D8D37F4DD965DB\"",
        "Last-Modified": "Wed, 17 Feb 2021 20:04:59 GMT",
        "Server": [
          "Windows-Azure-Blob/1.0",
          "Microsoft-HTTPAPI/2.0"
        ],
        "x-ms-client-request-id": "ac80c774-ce2d-02bb-fcde-be2327c34522",
        "x-ms-request-id": "d0bad048-a01e-0044-3568-05eacd000000",
        "x-ms-version": "2021-04-10"
      },
      "ResponseBody": []
    },
    {
      "RequestUri": "https://seantest2sec-secondary.blob.core.windows.net/?comp=list",
      "RequestMethod": "GET",
      "RequestHeaders": {
        "Accept": "application/xml",
        "Authorization": "Sanitized",
        "traceparent": "00-0188d561bb325441ae6773a614d16bc6-7b4b1a1e21ea7648-00",
        "User-Agent": [
          "azsdk-net-Storage.Blobs/12.9.0-alpha.20210217.1",
          "(.NET 5.0.3; Microsoft Windows 10.0.19042)"
        ],
        "x-ms-client-request-id": "216e89f8-0c2f-ecf3-12ac-5d1ddba9d90d",
        "x-ms-date": "Wed, 17 Feb 2021 20:05:00 GMT",
        "x-ms-return-client-request-id": "true",
        "x-ms-version": "2021-04-10"
      },
      "RequestBody": null,
      "StatusCode": 200,
      "ResponseHeaders": {
        "Content-Type": "application/xml",
        "Date": "Wed, 17 Feb 2021 20:04:59 GMT",
        "Server": [
          "Windows-Azure-Blob/1.0",
          "Microsoft-HTTPAPI/2.0"
        ],
        "Transfer-Encoding": "chunked",
        "x-ms-client-request-id": "216e89f8-0c2f-ecf3-12ac-5d1ddba9d90d",
        "x-ms-request-id": "0f6451b5-801e-001d-0268-053c7d000000",
        "x-ms-version": "2021-04-10"
      },
      "ResponseBody": "﻿<?xml version=\"1.0\" encoding=\"utf-8\"?><EnumerationResults ServiceEndpoint=\"https://seantest2sec-secondary.blob.core.windows.net/\"><Containers /><NextMarker /></EnumerationResults>"
    },
    {
      "RequestUri": "https://seantest2sec.blob.core.windows.net/?comp=list",
      "RequestMethod": "GET",
      "RequestHeaders": {
        "Accept": "application/xml",
        "Authorization": "Sanitized",
        "traceparent": "00-5cd9bd86c4f3a3488864fe0215645926-1f8489cb04426941-00",
        "User-Agent": [
          "azsdk-net-Storage.Blobs/12.9.0-alpha.20210217.1",
          "(.NET 5.0.3; Microsoft Windows 10.0.19042)"
        ],
        "x-ms-client-request-id": "9e2b1282-2355-a5f2-f7bd-d6be882ad468",
        "x-ms-date": "Wed, 17 Feb 2021 20:05:10 GMT",
        "x-ms-return-client-request-id": "true",
        "x-ms-version": "2021-04-10"
      },
      "RequestBody": null,
      "StatusCode": 200,
      "ResponseHeaders": {
        "Content-Type": "application/xml",
        "Date": "Wed, 17 Feb 2021 20:05:10 GMT",
        "Server": [
          "Windows-Azure-Blob/1.0",
          "Microsoft-HTTPAPI/2.0"
        ],
        "Transfer-Encoding": "chunked",
        "x-ms-client-request-id": "9e2b1282-2355-a5f2-f7bd-d6be882ad468",
        "x-ms-request-id": "d0bafbeb-a01e-0044-1468-05eacd000000",
        "x-ms-version": "2021-04-10"
      },
      "ResponseBody": "﻿<?xml version=\"1.0\" encoding=\"utf-8\"?><EnumerationResults ServiceEndpoint=\"https://seantest2sec.blob.core.windows.net/\"><Containers><Container><Name>test-container-dbfce049-1691-99ab-58b1-b8e3e8b0b820</Name><Properties><Last-Modified>Wed, 17 Feb 2021 20:04:59 GMT</Last-Modified><Etag>\"0x8D8D37F4DD965DB\"</Etag><LeaseStatus>unlocked</LeaseStatus><LeaseState>available</LeaseState><PublicAccess>container</PublicAccess><DefaultEncryptionScope>$account-encryption-key</DefaultEncryptionScope><DenyEncryptionScopeOverride>false</DenyEncryptionScopeOverride><HasImmutabilityPolicy>false</HasImmutabilityPolicy><HasLegalHold>false</HasLegalHold></Properties></Container></Containers><NextMarker /></EnumerationResults>"
    },
    {
      "RequestUri": "https://seantest2sec.blob.core.windows.net/test-container-dbfce049-1691-99ab-58b1-b8e3e8b0b820?restype=container",
      "RequestMethod": "DELETE",
      "RequestHeaders": {
        "Accept": "application/xml",
        "Authorization": "Sanitized",
        "traceparent": "00-a271973c42a4d747bd67e1f1087aed19-59d644117aadbb42-00",
        "User-Agent": [
          "azsdk-net-Storage.Blobs/12.9.0-alpha.20210217.1",
          "(.NET 5.0.3; Microsoft Windows 10.0.19042)"
        ],
        "x-ms-client-request-id": "c99a2e0e-3b7d-77b8-9c86-5943f9050555",
        "x-ms-date": "Wed, 17 Feb 2021 20:05:10 GMT",
        "x-ms-return-client-request-id": "true",
        "x-ms-version": "2021-04-10"
      },
      "RequestBody": null,
      "StatusCode": 202,
      "ResponseHeaders": {
        "Content-Length": "0",
        "Date": "Wed, 17 Feb 2021 20:05:10 GMT",
        "Server": [
          "Windows-Azure-Blob/1.0",
          "Microsoft-HTTPAPI/2.0"
        ],
        "x-ms-client-request-id": "c99a2e0e-3b7d-77b8-9c86-5943f9050555",
        "x-ms-request-id": "d0bafc59-a01e-0044-5e68-05eacd000000",
        "x-ms-version": "2021-04-10"
      },
      "ResponseBody": []
    }
  ],
  "Variables": {
    "RandomSeed": "1125547364",
    "Storage_TestConfigSecondary": "SecondaryTenant\nseantest2sec\nU2FuaXRpemVk\nhttps://seantest2sec.blob.core.windows.net\nhttps://seantest2sec.file.core.windows.net\nhttps://seantest2sec.queue.core.windows.net\nhttps://seantest2sec.table.core.windows.net\n\n\n\n\nhttps://seantest2sec-secondary.blob.core.windows.net\nhttps://seantest2sec-secondary.file.core.windows.net\nhttps://seantest2sec-secondary.queue.core.windows.net\nhttps://seantest2sec-secondary.table.core.windows.net\n\nSanitized\n\n\nCloud\nBlobEndpoint=https://seantest2sec.blob.core.windows.net/;QueueEndpoint=https://seantest2sec.queue.core.windows.net/;FileEndpoint=https://seantest2sec.file.core.windows.net/;BlobSecondaryEndpoint=https://seantest2sec-secondary.blob.core.windows.net/;QueueSecondaryEndpoint=https://seantest2sec-secondary.queue.core.windows.net/;FileSecondaryEndpoint=https://seantest2sec-secondary.file.core.windows.net/;AccountName=seantest2sec;AccountKey=Sanitized\nseanscope1\n\n"
  }
}