{
  "Entries": [
    {
      "RequestUri": "/subscriptions/3c729b2a-4f86-4bb2-abe8-4b8647af156c/providers/Microsoft.Search/register?api-version=2016-09-01",
      "EncodedRequestUri": "L3N1YnNjcmlwdGlvbnMvM2M3MjliMmEtNGY4Ni00YmIyLWFiZTgtNGI4NjQ3YWYxNTZjL3Byb3ZpZGVycy9NaWNyb3NvZnQuU2VhcmNoL3JlZ2lzdGVyP2FwaS12ZXJzaW9uPTIwMTYtMDktMDE=",
      "RequestMethod": "POST",
      "RequestBody": "",
      "RequestHeaders": {
        "x-ms-client-request-id": [
          "c3aaf4a6-e34d-4f9b-9988-dc62df6ebef9"
        ],
        "Accept-Language": [
          "en-US"
        ],
        "User-Agent": [
          "FxVersion/4.6.28008.01",
          "OSName/Windows",
          "OSVersion/Microsoft.Windows.10.0.18363.",
          "Microsoft.Azure.Management.ResourceManager.ResourceManagementClient/1.5.0.0"
        ]
      },
      "ResponseHeaders": {
        "Cache-Control": [
          "no-cache"
        ],
        "Pragma": [
          "no-cache"
        ],
        "x-ms-ratelimit-remaining-subscription-writes": [
          "1199"
        ],
        "x-ms-request-id": [
          "5e0af07d-975a-4f74-b82c-e5dc6a867643"
        ],
        "x-ms-correlation-request-id": [
          "5e0af07d-975a-4f74-b82c-e5dc6a867643"
        ],
        "x-ms-routing-request-id": [
          "NORTHEUROPE:20191114T190923Z:5e0af07d-975a-4f74-b82c-e5dc6a867643"
        ],
        "Strict-Transport-Security": [
          "max-age=31536000; includeSubDomains"
        ],
        "X-Content-Type-Options": [
          "nosniff"
        ],
        "Date": [
          "Thu, 14 Nov 2019 19:09:23 GMT"
        ],
        "Content-Length": [
          "2708"
        ],
        "Content-Type": [
          "application/json; charset=utf-8"
        ],
        "Expires": [
          "-1"
        ]
      },
      "ResponseBody": "{\r\n  \"id\": \"/subscriptions/3c729b2a-4f86-4bb2-abe8-4b8647af156c/providers/Microsoft.Search\",\r\n  \"namespace\": \"Microsoft.Search\",\r\n  \"authorization\": {\r\n    \"applicationId\": \"804f4a7a-7d6e-4df7-bf8c-e7f0106e16c2\",\r\n    \"roleDefinitionId\": \"20FA3191-87CF-4C3D-9510-74CCB594A310\"\r\n  },\r\n  \"resourceTypes\": [\r\n    {\r\n      \"resourceType\": \"searchServices\",\r\n      \"locations\": [\r\n        \"West US\",\r\n        \"East US\"\r\n      ],\r\n      \"apiVersions\": [\r\n        \"2015-08-19\",\r\n        \"2015-02-28\",\r\n        \"2014-07-31-Preview\"\r\n      ],\r\n      \"capabilities\": \"CrossResourceGroupResourceMove, CrossSubscriptionResourceMove, SystemAssignedResourceIdentity\"\r\n    },\r\n    {\r\n      \"resourceType\": \"searchServicesCit\",\r\n      \"locations\": [\r\n        \"West US\"\r\n      ],\r\n      \"apiVersions\": [\r\n        \"2015-08-19\",\r\n        \"2015-02-28\",\r\n        \"2014-07-31-Preview\"\r\n      ],\r\n      \"capabilities\": \"CrossResourceGroupResourceMove, CrossSubscriptionResourceMove, SystemAssignedResourceIdentity\"\r\n    },\r\n    {\r\n      \"resourceType\": \"searchServicesSisatti1\",\r\n      \"locations\": [\r\n        \"East US\"\r\n      ],\r\n      \"apiVersions\": [\r\n        \"2015-08-19\",\r\n        \"2015-02-28\",\r\n        \"2014-07-31-Preview\"\r\n      ],\r\n      \"capabilities\": \"CrossResourceGroupResourceMove, CrossSubscriptionResourceMove, SystemAssignedResourceIdentity\"\r\n    },\r\n    {\r\n      \"resourceType\": \"searchServicesTHHILL\",\r\n      \"locations\": [\r\n        \"East US\"\r\n      ],\r\n      \"apiVersions\": [\r\n        \"2015-08-19\",\r\n        \"2015-02-28\",\r\n        \"2014-07-31-Preview\"\r\n      ],\r\n      \"capabilities\": \"CrossResourceGroupResourceMove, CrossSubscriptionResourceMove, SystemAssignedResourceIdentity\"\r\n    },\r\n    {\r\n      \"resourceType\": \"searchServicesInt\",\r\n      \"locations\": [\r\n        \"West US\"\r\n      ],\r\n      \"apiVersions\": [\r\n        \"2015-08-19\",\r\n        \"2015-02-28\",\r\n        \"2014-07-31-Preview\"\r\n      ],\r\n      \"capabilities\": \"CrossResourceGroupResourceMove, CrossSubscriptionResourceMove, SystemAssignedResourceIdentity\"\r\n    },\r\n    {\r\n      \"resourceType\": \"searchServicesPpe\",\r\n      \"locations\": [\r\n        \"West US\"\r\n      ],\r\n      \"apiVersions\": [\r\n        \"2015-08-19\",\r\n        \"2015-02-28\",\r\n        \"2014-07-31-Preview\"\r\n      ],\r\n      \"capabilities\": \"CrossResourceGroupResourceMove, CrossSubscriptionResourceMove, SystemAssignedResourceIdentity\"\r\n    },\r\n    {\r\n      \"resourceType\": \"checkServiceNameAvailability\",\r\n      \"locations\": [],\r\n      \"apiVersions\": [\r\n        \"2015-02-28\",\r\n        \"2014-07-31-Preview\"\r\n      ]\r\n    },\r\n    {\r\n      \"resourceType\": \"checkServiceNameAvailabilityCit\",\r\n      \"locations\": [],\r\n      \"apiVersions\": [\r\n        \"2015-02-28\",\r\n        \"2014-07-31-Preview\"\r\n      ]\r\n    },\r\n    {\r\n      \"resourceType\": \"checkServiceNameAvailabilityInt\",\r\n      \"locations\": [],\r\n      \"apiVersions\": [\r\n        \"2015-02-28\",\r\n        \"2014-07-31-Preview\"\r\n      ]\r\n    },\r\n    {\r\n      \"resourceType\": \"checkServiceNameAvailabilityPpe\",\r\n      \"locations\": [],\r\n      \"apiVersions\": [\r\n        \"2015-02-28\",\r\n        \"2014-07-31-Preview\"\r\n      ]\r\n    },\r\n    {\r\n      \"resourceType\": \"checkNameAvailability\",\r\n      \"locations\": [],\r\n      \"apiVersions\": [\r\n        \"2015-08-19\"\r\n      ]\r\n    },\r\n    {\r\n      \"resourceType\": \"checkNameAvailabilityCit\",\r\n      \"locations\": [],\r\n      \"apiVersions\": [\r\n        \"2015-08-19\"\r\n      ]\r\n    },\r\n    {\r\n      \"resourceType\": \"checkNameAvailabilityInt\",\r\n      \"locations\": [],\r\n      \"apiVersions\": [\r\n        \"2015-08-19\"\r\n      ]\r\n    },\r\n    {\r\n      \"resourceType\": \"checkNameAvailabilityPpe\",\r\n      \"locations\": [],\r\n      \"apiVersions\": [\r\n        \"2015-08-19\"\r\n      ]\r\n    },\r\n    {\r\n      \"resourceType\": \"resourceHealthMetadata\",\r\n      \"locations\": [],\r\n      \"apiVersions\": [\r\n        \"2015-08-19\"\r\n      ]\r\n    },\r\n    {\r\n      \"resourceType\": \"operations\",\r\n      \"locations\": [],\r\n      \"apiVersions\": [\r\n        \"2015-08-19\",\r\n        \"2015-02-28\"\r\n      ]\r\n    }\r\n  ],\r\n  \"registrationState\": \"Registered\"\r\n}",
      "StatusCode": 200
    },
    {
      "RequestUri": "/subscriptions/3c729b2a-4f86-4bb2-abe8-4b8647af156c/resourcegroups/azsmnet9628?api-version=2016-09-01",
      "EncodedRequestUri": "L3N1YnNjcmlwdGlvbnMvM2M3MjliMmEtNGY4Ni00YmIyLWFiZTgtNGI4NjQ3YWYxNTZjL3Jlc291cmNlZ3JvdXBzL2F6c21uZXQ5NjI4P2FwaS12ZXJzaW9uPTIwMTYtMDktMDE=",
      "RequestMethod": "PUT",
      "RequestBody": "{\r\n  \"location\": \"West US\"\r\n}",
      "RequestHeaders": {
        "x-ms-client-request-id": [
          "15b2cc6a-bccf-4a5c-9bf7-1f85ed361110"
        ],
        "Accept-Language": [
          "en-US"
        ],
        "User-Agent": [
          "FxVersion/4.6.28008.01",
          "OSName/Windows",
          "OSVersion/Microsoft.Windows.10.0.18363.",
          "Microsoft.Azure.Management.ResourceManager.ResourceManagementClient/1.5.0.0"
        ],
        "Content-Type": [
          "application/json; charset=utf-8"
        ],
        "Content-Length": [
          "29"
        ]
      },
      "ResponseHeaders": {
        "Cache-Control": [
          "no-cache"
        ],
        "Pragma": [
          "no-cache"
        ],
        "x-ms-ratelimit-remaining-subscription-writes": [
          "1199"
        ],
        "x-ms-request-id": [
          "0ba5cdb1-c503-4bfd-b1a2-bc5a5d353ba6"
        ],
        "x-ms-correlation-request-id": [
          "0ba5cdb1-c503-4bfd-b1a2-bc5a5d353ba6"
        ],
        "x-ms-routing-request-id": [
          "NORTHEUROPE:20191114T190925Z:0ba5cdb1-c503-4bfd-b1a2-bc5a5d353ba6"
        ],
        "Strict-Transport-Security": [
          "max-age=31536000; includeSubDomains"
        ],
        "X-Content-Type-Options": [
          "nosniff"
        ],
        "Date": [
          "Thu, 14 Nov 2019 19:09:24 GMT"
        ],
        "Content-Length": [
          "175"
        ],
        "Content-Type": [
          "application/json; charset=utf-8"
        ],
        "Expires": [
          "-1"
        ]
      },
      "ResponseBody": "{\r\n  \"id\": \"/subscriptions/3c729b2a-4f86-4bb2-abe8-4b8647af156c/resourceGroups/azsmnet9628\",\r\n  \"name\": \"azsmnet9628\",\r\n  \"location\": \"westus\",\r\n  \"properties\": {\r\n    \"provisioningState\": \"Succeeded\"\r\n  }\r\n}",
      "StatusCode": 201
    },
    {
      "RequestUri": "/subscriptions/3c729b2a-4f86-4bb2-abe8-4b8647af156c/resourceGroups/azsmnet9628/providers/Microsoft.Search/searchServices/azs-9314?api-version=2015-08-19",
      "EncodedRequestUri": "L3N1YnNjcmlwdGlvbnMvM2M3MjliMmEtNGY4Ni00YmIyLWFiZTgtNGI4NjQ3YWYxNTZjL3Jlc291cmNlR3JvdXBzL2F6c21uZXQ5NjI4L3Byb3ZpZGVycy9NaWNyb3NvZnQuU2VhcmNoL3NlYXJjaFNlcnZpY2VzL2F6cy05MzE0P2FwaS12ZXJzaW9uPTIwMTUtMDgtMTk=",
      "RequestMethod": "PUT",
      "RequestBody": "{\r\n  \"sku\": {\r\n    \"name\": \"free\"\r\n  },\r\n  \"location\": \"West US\"\r\n}",
      "RequestHeaders": {
        "x-ms-client-request-id": [
          "c35e779a-9f47-4a4a-b67f-cb0c498608a7"
        ],
        "Accept-Language": [
          "en-US"
        ],
        "User-Agent": [
          "FxVersion/4.6.28008.01",
          "OSName/Windows",
          "OSVersion/Microsoft.Windows.10.0.18363.",
          "Microsoft.Azure.Management.Search.SearchManagementClient/3.0.0.0"
        ],
        "Content-Type": [
          "application/json; charset=utf-8"
        ],
        "Content-Length": [
          "67"
        ]
      },
      "ResponseHeaders": {
        "Cache-Control": [
          "no-cache"
        ],
        "Pragma": [
          "no-cache"
        ],
        "ETag": [
          "W/\"datetime'2019-11-14T19%3A09%3A30.8906447Z'\""
        ],
        "x-ms-request-id": [
          "c35e779a-9f47-4a4a-b67f-cb0c498608a7"
        ],
        "request-id": [
          "c35e779a-9f47-4a4a-b67f-cb0c498608a7"
        ],
        "elapsed-time": [
          "1266"
        ],
        "Strict-Transport-Security": [
          "max-age=31536000; includeSubDomains"
        ],
        "x-ms-ratelimit-remaining-subscription-writes": [
          "1198"
        ],
        "x-ms-correlation-request-id": [
          "6ee92c43-801d-4389-9ead-7ea590eaaee8"
        ],
        "x-ms-routing-request-id": [
          "NORTHEUROPE:20191114T190932Z:6ee92c43-801d-4389-9ead-7ea590eaaee8"
        ],
        "X-Content-Type-Options": [
          "nosniff"
        ],
        "Date": [
          "Thu, 14 Nov 2019 19:09:31 GMT"
        ],
        "Content-Length": [
          "385"
        ],
        "Content-Type": [
          "application/json; charset=utf-8"
        ],
        "Expires": [
          "-1"
        ]
      },
      "ResponseBody": "{\r\n  \"id\": \"/subscriptions/3c729b2a-4f86-4bb2-abe8-4b8647af156c/resourceGroups/azsmnet9628/providers/Microsoft.Search/searchServices/azs-9314\",\r\n  \"name\": \"azs-9314\",\r\n  \"type\": \"Microsoft.Search/searchServices\",\r\n  \"location\": \"West US\",\r\n  \"properties\": {\r\n    \"replicaCount\": 1,\r\n    \"partitionCount\": 1,\r\n    \"status\": \"running\",\r\n    \"statusDetails\": \"\",\r\n    \"provisioningState\": \"succeeded\",\r\n    \"hostingMode\": \"Default\"\r\n  },\r\n  \"sku\": {\r\n    \"name\": \"free\"\r\n  }\r\n}",
      "StatusCode": 201
    },
    {
      "RequestUri": "/subscriptions/3c729b2a-4f86-4bb2-abe8-4b8647af156c/resourceGroups/azsmnet9628/providers/Microsoft.Search/searchServices/azs-9314/listAdminKeys?api-version=2015-08-19",
      "EncodedRequestUri": "L3N1YnNjcmlwdGlvbnMvM2M3MjliMmEtNGY4Ni00YmIyLWFiZTgtNGI4NjQ3YWYxNTZjL3Jlc291cmNlR3JvdXBzL2F6c21uZXQ5NjI4L3Byb3ZpZGVycy9NaWNyb3NvZnQuU2VhcmNoL3NlYXJjaFNlcnZpY2VzL2F6cy05MzE0L2xpc3RBZG1pbktleXM/YXBpLXZlcnNpb249MjAxNS0wOC0xOQ==",
      "RequestMethod": "POST",
      "RequestBody": "",
      "RequestHeaders": {
        "x-ms-client-request-id": [
          "79396a5d-c6c6-4f6c-8402-818e3a88368a"
        ],
        "Accept-Language": [
          "en-US"
        ],
        "User-Agent": [
          "FxVersion/4.6.28008.01",
          "OSName/Windows",
          "OSVersion/Microsoft.Windows.10.0.18363.",
          "Microsoft.Azure.Management.Search.SearchManagementClient/3.0.0.0"
        ]
      },
      "ResponseHeaders": {
        "Cache-Control": [
          "no-cache"
        ],
        "Pragma": [
          "no-cache"
        ],
        "Vary": [
          "Accept-Encoding"
        ],
        "x-ms-request-id": [
          "79396a5d-c6c6-4f6c-8402-818e3a88368a"
        ],
        "request-id": [
          "79396a5d-c6c6-4f6c-8402-818e3a88368a"
        ],
        "elapsed-time": [
          "97"
        ],
        "Strict-Transport-Security": [
          "max-age=31536000; includeSubDomains"
        ],
        "x-ms-ratelimit-remaining-subscription-writes": [
          "1198"
        ],
        "x-ms-correlation-request-id": [
          "2fec06c7-a0a7-4646-b2c9-ed5be3d49124"
        ],
        "x-ms-routing-request-id": [
          "NORTHEUROPE:20191114T190934Z:2fec06c7-a0a7-4646-b2c9-ed5be3d49124"
        ],
        "X-Content-Type-Options": [
          "nosniff"
        ],
        "Date": [
          "Thu, 14 Nov 2019 19:09:33 GMT"
        ],
        "Content-Length": [
          "99"
        ],
        "Content-Type": [
          "application/json; charset=utf-8"
        ],
        "Expires": [
          "-1"
        ]
      },
      "ResponseBody": "{\r\n  \"primaryKey\": \"A4DA8049F39FF91E188D1EDD4EDEFD4D\",\r\n  \"secondaryKey\": \"C48E96941EF8B17E48A468881DE078C3\"\r\n}",
      "StatusCode": 200
    },
    {
      "RequestUri": "/subscriptions/3c729b2a-4f86-4bb2-abe8-4b8647af156c/resourceGroups/azsmnet9628/providers/Microsoft.Search/searchServices/azs-9314/listQueryKeys?api-version=2015-08-19",
      "EncodedRequestUri": "L3N1YnNjcmlwdGlvbnMvM2M3MjliMmEtNGY4Ni00YmIyLWFiZTgtNGI4NjQ3YWYxNTZjL3Jlc291cmNlR3JvdXBzL2F6c21uZXQ5NjI4L3Byb3ZpZGVycy9NaWNyb3NvZnQuU2VhcmNoL3NlYXJjaFNlcnZpY2VzL2F6cy05MzE0L2xpc3RRdWVyeUtleXM/YXBpLXZlcnNpb249MjAxNS0wOC0xOQ==",
      "RequestMethod": "GET",
      "RequestBody": "",
      "RequestHeaders": {
        "x-ms-client-request-id": [
          "06a4d6ab-0ffe-41c8-92ca-aea42dcabf80"
        ],
        "Accept-Language": [
          "en-US"
        ],
        "User-Agent": [
          "FxVersion/4.6.28008.01",
          "OSName/Windows",
          "OSVersion/Microsoft.Windows.10.0.18363.",
          "Microsoft.Azure.Management.Search.SearchManagementClient/3.0.0.0"
        ]
      },
      "ResponseHeaders": {
        "Cache-Control": [
          "no-cache"
        ],
        "Pragma": [
          "no-cache"
        ],
        "Vary": [
          "Accept-Encoding"
        ],
        "x-ms-request-id": [
          "06a4d6ab-0ffe-41c8-92ca-aea42dcabf80"
        ],
        "request-id": [
          "06a4d6ab-0ffe-41c8-92ca-aea42dcabf80"
        ],
        "elapsed-time": [
          "99"
        ],
        "Strict-Transport-Security": [
          "max-age=31536000; includeSubDomains"
        ],
        "x-ms-ratelimit-remaining-subscription-reads": [
          "14998"
        ],
        "x-ms-correlation-request-id": [
          "6e13605f-bff2-4196-ae18-15ce54ccfe70"
        ],
        "x-ms-routing-request-id": [
          "NORTHEUROPE:20191114T190934Z:6e13605f-bff2-4196-ae18-15ce54ccfe70"
        ],
        "X-Content-Type-Options": [
          "nosniff"
        ],
        "Date": [
          "Thu, 14 Nov 2019 19:09:34 GMT"
        ],
        "Content-Length": [
          "82"
        ],
        "Content-Type": [
          "application/json; charset=utf-8"
        ],
        "Expires": [
          "-1"
        ]
      },
      "ResponseBody": "{\r\n  \"value\": [\r\n    {\r\n      \"name\": null,\r\n      \"key\": \"9B6479FEFDA17A2FFC5161559ED6D95C\"\r\n    }\r\n  ],\r\n  \"nextLink\": null\r\n}",
      "StatusCode": 200
    },
    {
      "RequestUri": "/skillsets?api-version=2019-05-06-Preview",
      "EncodedRequestUri": "L3NraWxsc2V0cz9hcGktdmVyc2lvbj0yMDE5LTA1LTA2LVByZXZpZXc=",
      "RequestMethod": "POST",
      "RequestBody": "{\r\n  \"name\": \"azsmnet3746\",\r\n  \"description\": \"Skillset for testing default configuration\",\r\n  \"skills\": [\r\n    {\r\n      \"@odata.type\": \"#Microsoft.Skills.Vision.OcrSkill\",\r\n      \"name\": \"myocr\",\r\n      \"description\": \"Tested OCR skill\",\r\n      \"context\": \"/document\",\r\n      \"inputs\": [\r\n        {\r\n          \"name\": \"url\",\r\n          \"source\": \"/document/url\"\r\n        },\r\n        {\r\n          \"name\": \"queryString\",\r\n          \"source\": \"/document/queryString\"\r\n        }\r\n      ],\r\n      \"outputs\": [\r\n        {\r\n          \"name\": \"text\",\r\n          \"targetName\": \"mytext\"\r\n        }\r\n      ]\r\n    }\r\n  ]\r\n}",
      "RequestHeaders": {
        "client-request-id": [
          "2c124a70-9b0d-4492-b15a-39e995fb56f3"
        ],
        "Accept-Language": [
          "en-US"
        ],
        "api-key": [
          "A4DA8049F39FF91E188D1EDD4EDEFD4D"
        ],
        "User-Agent": [
          "FxVersion/4.6.28008.01",
          "OSName/Windows",
          "OSVersion/Microsoft.Windows.10.0.18363.",
          "Microsoft.Azure.Search.SearchServiceClient/11.0.0.0"
        ],
        "Content-Type": [
          "application/json; charset=utf-8"
        ],
        "Content-Length": [
          "612"
        ]
      },
      "ResponseHeaders": {
        "Cache-Control": [
          "no-cache"
        ],
        "Pragma": [
          "no-cache"
        ],
        "ETag": [
          "W/\"0x8D7693630BA6E26\""
        ],
        "Location": [
          "https://azs-9314.search-dogfood.windows-int.net/skillsets('azsmnet3746')?api-version=2019-05-06-Preview"
        ],
        "request-id": [
          "2c124a70-9b0d-4492-b15a-39e995fb56f3"
        ],
        "elapsed-time": [
          "55"
        ],
        "OData-Version": [
          "4.0"
        ],
        "Preference-Applied": [
          "odata.include-annotations=\"*\""
        ],
        "Strict-Transport-Security": [
          "max-age=15724800; includeSubDomains"
        ],
        "Date": [
          "Thu, 14 Nov 2019 19:09:36 GMT"
        ],
        "Content-Type": [
          "application/json; odata.metadata=minimal"
        ],
        "Expires": [
          "-1"
        ],
        "Content-Length": [
          "718"
        ]
      },
      "ResponseBody": "{\r\n  \"@odata.context\": \"https://azs-9314.search-dogfood.windows-int.net/$metadata#skillsets/$entity\",\r\n  \"@odata.etag\": \"\\\"0x8D7693630BA6E26\\\"\",\r\n  \"name\": \"azsmnet3746\",\r\n  \"description\": \"Skillset for testing default configuration\",\r\n  \"skills\": [\r\n    {\r\n      \"@odata.type\": \"#Microsoft.Skills.Vision.OcrSkill\",\r\n      \"name\": \"myocr\",\r\n      \"description\": \"Tested OCR skill\",\r\n      \"context\": \"/document\",\r\n      \"textExtractionAlgorithm\": null,\r\n      \"lineEnding\": null,\r\n      \"defaultLanguageCode\": null,\r\n      \"detectOrientation\": null,\r\n      \"inputs\": [\r\n        {\r\n          \"name\": \"url\",\r\n          \"source\": \"/document/url\",\r\n          \"sourceContext\": null,\r\n          \"inputs\": []\r\n        },\r\n        {\r\n          \"name\": \"queryString\",\r\n          \"source\": \"/document/queryString\",\r\n          \"sourceContext\": null,\r\n          \"inputs\": []\r\n        }\r\n      ],\r\n      \"outputs\": [\r\n        {\r\n          \"name\": \"text\",\r\n          \"targetName\": \"mytext\"\r\n        }\r\n      ]\r\n    }\r\n  ],\r\n  \"cognitiveServices\": null,\r\n  \"knowledgeStore\": null\r\n}",
      "StatusCode": 201
    },
    {
      "RequestUri": "/skillsets?api-version=2019-05-06-Preview",
      "EncodedRequestUri": "L3NraWxsc2V0cz9hcGktdmVyc2lvbj0yMDE5LTA1LTA2LVByZXZpZXc=",
      "RequestMethod": "POST",
      "RequestBody": "{\r\n  \"name\": \"azsmnet1136\",\r\n  \"description\": \"Skillset for testing default configuration\",\r\n  \"skills\": [\r\n    {\r\n      \"@odata.type\": \"#Microsoft.Skills.Vision.ImageAnalysisSkill\",\r\n      \"name\": \"myimage\",\r\n      \"description\": \"Tested image analysis skill\",\r\n      \"context\": \"/document\",\r\n      \"inputs\": [\r\n        {\r\n          \"name\": \"url\",\r\n          \"source\": \"/document/url\"\r\n        },\r\n        {\r\n          \"name\": \"queryString\",\r\n          \"source\": \"/document/queryString\"\r\n        }\r\n      ],\r\n      \"outputs\": [\r\n        {\r\n          \"name\": \"description\",\r\n          \"targetName\": \"mydescription\"\r\n        }\r\n      ]\r\n    }\r\n  ]\r\n}",
      "RequestHeaders": {
        "client-request-id": [
          "e3444611-9536-46ca-b28b-2b6ef4a16d91"
        ],
        "Accept-Language": [
          "en-US"
        ],
        "api-key": [
          "A4DA8049F39FF91E188D1EDD4EDEFD4D"
        ],
        "User-Agent": [
          "FxVersion/4.6.28008.01",
          "OSName/Windows",
          "OSVersion/Microsoft.Windows.10.0.18363.",
          "Microsoft.Azure.Search.SearchServiceClient/11.0.0.0"
        ],
        "Content-Type": [
          "application/json; charset=utf-8"
        ],
        "Content-Length": [
          "649"
        ]
      },
      "ResponseHeaders": {
        "Cache-Control": [
          "no-cache"
        ],
        "Pragma": [
          "no-cache"
        ],
        "ETag": [
          "W/\"0x8D7693630DEEEEA\""
        ],
        "Location": [
          "https://azs-9314.search-dogfood.windows-int.net/skillsets('azsmnet1136')?api-version=2019-05-06-Preview"
        ],
        "request-id": [
          "e3444611-9536-46ca-b28b-2b6ef4a16d91"
        ],
        "elapsed-time": [
          "96"
        ],
        "OData-Version": [
          "4.0"
        ],
        "Preference-Applied": [
          "odata.include-annotations=\"*\""
        ],
        "Strict-Transport-Security": [
          "max-age=15724800; includeSubDomains"
        ],
        "Date": [
          "Thu, 14 Nov 2019 19:09:36 GMT"
        ],
        "Content-Type": [
          "application/json; odata.metadata=minimal"
        ],
        "Expires": [
          "-1"
        ],
        "Content-Length": [
          "714"
        ]
      },
      "ResponseBody": "{\r\n  \"@odata.context\": \"https://azs-9314.search-dogfood.windows-int.net/$metadata#skillsets/$entity\",\r\n  \"@odata.etag\": \"\\\"0x8D7693630DEEEEA\\\"\",\r\n  \"name\": \"azsmnet1136\",\r\n  \"description\": \"Skillset for testing default configuration\",\r\n  \"skills\": [\r\n    {\r\n      \"@odata.type\": \"#Microsoft.Skills.Vision.ImageAnalysisSkill\",\r\n      \"name\": \"myimage\",\r\n      \"description\": \"Tested image analysis skill\",\r\n      \"context\": \"/document\",\r\n      \"defaultLanguageCode\": null,\r\n      \"visualFeatures\": [],\r\n      \"details\": [],\r\n      \"inputs\": [\r\n        {\r\n          \"name\": \"url\",\r\n          \"source\": \"/document/url\",\r\n          \"sourceContext\": null,\r\n          \"inputs\": []\r\n        },\r\n        {\r\n          \"name\": \"queryString\",\r\n          \"source\": \"/document/queryString\",\r\n          \"sourceContext\": null,\r\n          \"inputs\": []\r\n        }\r\n      ],\r\n      \"outputs\": [\r\n        {\r\n          \"name\": \"description\",\r\n          \"targetName\": \"mydescription\"\r\n        }\r\n      ]\r\n    }\r\n  ],\r\n  \"cognitiveServices\": null,\r\n  \"knowledgeStore\": null\r\n}",
      "StatusCode": 201
    },
    {
      "RequestUri": "/skillsets?api-version=2019-05-06-Preview",
      "EncodedRequestUri": "L3NraWxsc2V0cz9hcGktdmVyc2lvbj0yMDE5LTA1LTA2LVByZXZpZXc=",
      "RequestMethod": "POST",
      "RequestBody": "{\r\n  \"name\": \"azsmnet104\",\r\n  \"description\": \"Skillset for testing default configuration\",\r\n  \"skills\": [\r\n    {\r\n      \"@odata.type\": \"#Microsoft.Skills.Text.KeyPhraseExtractionSkill\",\r\n      \"name\": \"mykeyphrases\",\r\n      \"description\": \"Tested Key Phrase skill\",\r\n      \"context\": \"/document\",\r\n      \"inputs\": [\r\n        {\r\n          \"name\": \"text\",\r\n          \"source\": \"/document/myText\"\r\n        }\r\n      ],\r\n      \"outputs\": [\r\n        {\r\n          \"name\": \"keyPhrases\",\r\n          \"targetName\": \"myKeyPhrases\"\r\n        }\r\n      ]\r\n    }\r\n  ]\r\n}",
      "RequestHeaders": {
        "client-request-id": [
          "abe8cd1b-81eb-4db9-a845-f14eb166dca8"
        ],
        "Accept-Language": [
          "en-US"
        ],
        "api-key": [
          "A4DA8049F39FF91E188D1EDD4EDEFD4D"
        ],
        "User-Agent": [
          "FxVersion/4.6.28008.01",
          "OSName/Windows",
          "OSVersion/Microsoft.Windows.10.0.18363.",
          "Microsoft.Azure.Search.SearchServiceClient/11.0.0.0"
        ],
        "Content-Type": [
          "application/json; charset=utf-8"
        ],
        "Content-Length": [
          "553"
        ]
      },
      "ResponseHeaders": {
        "Cache-Control": [
          "no-cache"
        ],
        "Pragma": [
          "no-cache"
        ],
        "ETag": [
          "W/\"0x8D7693631019C75\""
        ],
        "Location": [
          "https://azs-9314.search-dogfood.windows-int.net/skillsets('azsmnet104')?api-version=2019-05-06-Preview"
        ],
        "request-id": [
          "abe8cd1b-81eb-4db9-a845-f14eb166dca8"
        ],
        "elapsed-time": [
          "70"
        ],
        "OData-Version": [
          "4.0"
        ],
        "Preference-Applied": [
          "odata.include-annotations=\"*\""
        ],
        "Strict-Transport-Security": [
          "max-age=15724800; includeSubDomains"
        ],
        "Date": [
          "Thu, 14 Nov 2019 19:09:36 GMT"
        ],
        "Content-Type": [
          "application/json; odata.metadata=minimal"
        ],
        "Expires": [
          "-1"
        ],
        "Content-Length": [
          "623"
        ]
      },
      "ResponseBody": "{\r\n  \"@odata.context\": \"https://azs-9314.search-dogfood.windows-int.net/$metadata#skillsets/$entity\",\r\n  \"@odata.etag\": \"\\\"0x8D7693631019C75\\\"\",\r\n  \"name\": \"azsmnet104\",\r\n  \"description\": \"Skillset for testing default configuration\",\r\n  \"skills\": [\r\n    {\r\n      \"@odata.type\": \"#Microsoft.Skills.Text.KeyPhraseExtractionSkill\",\r\n      \"name\": \"mykeyphrases\",\r\n      \"description\": \"Tested Key Phrase skill\",\r\n      \"context\": \"/document\",\r\n      \"defaultLanguageCode\": null,\r\n      \"maxKeyPhraseCount\": null,\r\n      \"inputs\": [\r\n        {\r\n          \"name\": \"text\",\r\n          \"source\": \"/document/myText\",\r\n          \"sourceContext\": null,\r\n          \"inputs\": []\r\n        }\r\n      ],\r\n      \"outputs\": [\r\n        {\r\n          \"name\": \"keyPhrases\",\r\n          \"targetName\": \"myKeyPhrases\"\r\n        }\r\n      ]\r\n    }\r\n  ],\r\n  \"cognitiveServices\": null,\r\n  \"knowledgeStore\": null\r\n}",
      "StatusCode": 201
    },
    {
      "RequestUri": "/skillsets?api-version=2019-05-06-Preview",
      "EncodedRequestUri": "L3NraWxsc2V0cz9hcGktdmVyc2lvbj0yMDE5LTA1LTA2LVByZXZpZXc=",
      "RequestMethod": "POST",
      "RequestBody": "{\r\n  \"name\": \"azsmnet8284\",\r\n  \"description\": \"Skillset for testing default configuration\",\r\n  \"skills\": [\r\n    {\r\n      \"@odata.type\": \"#Microsoft.Skills.Text.MergeSkill\",\r\n      \"name\": \"mymerge\",\r\n      \"description\": \"Tested Merged Text skill\",\r\n      \"context\": \"/document\",\r\n      \"inputs\": [\r\n        {\r\n          \"name\": \"text\",\r\n          \"source\": \"/document/text\"\r\n        },\r\n        {\r\n          \"name\": \"itemsToInsert\",\r\n          \"source\": \"/document/textitems\"\r\n        },\r\n        {\r\n          \"name\": \"offsets\",\r\n          \"source\": \"/document/offsets\"\r\n        }\r\n      ],\r\n      \"outputs\": [\r\n        {\r\n          \"name\": \"mergedText\",\r\n          \"targetName\": \"myMergedText\"\r\n        }\r\n      ]\r\n    }\r\n  ]\r\n}",
      "RequestHeaders": {
        "client-request-id": [
          "425b57fd-e2ba-48d7-adc0-15eb3d355c9f"
        ],
        "Accept-Language": [
          "en-US"
        ],
        "api-key": [
          "A4DA8049F39FF91E188D1EDD4EDEFD4D"
        ],
        "User-Agent": [
          "FxVersion/4.6.28008.01",
          "OSName/Windows",
          "OSVersion/Microsoft.Windows.10.0.18363.",
          "Microsoft.Azure.Search.SearchServiceClient/11.0.0.0"
        ],
        "Content-Type": [
          "application/json; charset=utf-8"
        ],
        "Content-Length": [
          "730"
        ]
      },
      "ResponseHeaders": {
        "Cache-Control": [
          "no-cache"
        ],
        "Pragma": [
          "no-cache"
        ],
        "ETag": [
          "W/\"0x8D76936311B9CF0\""
        ],
        "Location": [
          "https://azs-9314.search-dogfood.windows-int.net/skillsets('azsmnet8284')?api-version=2019-05-06-Preview"
        ],
        "request-id": [
          "425b57fd-e2ba-48d7-adc0-15eb3d355c9f"
        ],
        "elapsed-time": [
          "59"
        ],
        "OData-Version": [
          "4.0"
        ],
        "Preference-Applied": [
          "odata.include-annotations=\"*\""
        ],
        "Strict-Transport-Security": [
          "max-age=15724800; includeSubDomains"
        ],
        "Date": [
          "Thu, 14 Nov 2019 19:09:36 GMT"
        ],
        "Content-Type": [
          "application/json; odata.metadata=minimal"
        ],
        "Expires": [
          "-1"
        ],
        "Content-Length": [
          "763"
        ]
      },
      "ResponseBody": "{\r\n  \"@odata.context\": \"https://azs-9314.search-dogfood.windows-int.net/$metadata#skillsets/$entity\",\r\n  \"@odata.etag\": \"\\\"0x8D76936311B9CF0\\\"\",\r\n  \"name\": \"azsmnet8284\",\r\n  \"description\": \"Skillset for testing default configuration\",\r\n  \"skills\": [\r\n    {\r\n      \"@odata.type\": \"#Microsoft.Skills.Text.MergeSkill\",\r\n      \"name\": \"mymerge\",\r\n      \"description\": \"Tested Merged Text skill\",\r\n      \"context\": \"/document\",\r\n      \"insertPreTag\": null,\r\n      \"insertPostTag\": null,\r\n      \"inputs\": [\r\n        {\r\n          \"name\": \"text\",\r\n          \"source\": \"/document/text\",\r\n          \"sourceContext\": null,\r\n          \"inputs\": []\r\n        },\r\n        {\r\n          \"name\": \"itemsToInsert\",\r\n          \"source\": \"/document/textitems\",\r\n          \"sourceContext\": null,\r\n          \"inputs\": []\r\n        },\r\n        {\r\n          \"name\": \"offsets\",\r\n          \"source\": \"/document/offsets\",\r\n          \"sourceContext\": null,\r\n          \"inputs\": []\r\n        }\r\n      ],\r\n      \"outputs\": [\r\n        {\r\n          \"name\": \"mergedText\",\r\n          \"targetName\": \"myMergedText\"\r\n        }\r\n      ]\r\n    }\r\n  ],\r\n  \"cognitiveServices\": null,\r\n  \"knowledgeStore\": null\r\n}",
      "StatusCode": 201
    },
    {
      "RequestUri": "/skillsets?api-version=2019-05-06-Preview",
      "EncodedRequestUri": "L3NraWxsc2V0cz9hcGktdmVyc2lvbj0yMDE5LTA1LTA2LVByZXZpZXc=",
      "RequestMethod": "POST",
      "RequestBody": "{\r\n  \"name\": \"azsmnet7980\",\r\n  \"description\": \"Skillset for testing default configuration\",\r\n  \"skills\": [\r\n    {\r\n      \"@odata.type\": \"#Microsoft.Skills.Text.EntityRecognitionSkill\",\r\n      \"name\": \"myentity\",\r\n      \"description\": \"Tested Entity Recognition skill\",\r\n      \"context\": \"/document\",\r\n      \"inputs\": [\r\n        {\r\n          \"name\": \"text\",\r\n          \"source\": \"/document/mytext\"\r\n        }\r\n      ],\r\n      \"outputs\": [\r\n        {\r\n          \"name\": \"entities\",\r\n          \"targetName\": \"myEntities\"\r\n        }\r\n      ]\r\n    }\r\n  ]\r\n}",
      "RequestHeaders": {
        "client-request-id": [
          "76bd54c6-8c62-45d3-abfb-4c9fc8d560da"
        ],
        "Accept-Language": [
          "en-US"
        ],
        "api-key": [
          "A4DA8049F39FF91E188D1EDD4EDEFD4D"
        ],
        "User-Agent": [
          "FxVersion/4.6.28008.01",
          "OSName/Windows",
          "OSVersion/Microsoft.Windows.10.0.18363.",
          "Microsoft.Azure.Search.SearchServiceClient/11.0.0.0"
        ],
        "Content-Type": [
          "application/json; charset=utf-8"
        ],
        "Content-Length": [
          "552"
        ]
      },
      "ResponseHeaders": {
        "Cache-Control": [
          "no-cache"
        ],
        "Pragma": [
          "no-cache"
        ],
        "ETag": [
          "W/\"0x8D7693631346436\""
        ],
        "Location": [
          "https://azs-9314.search-dogfood.windows-int.net/skillsets('azsmnet7980')?api-version=2019-05-06-Preview"
        ],
        "request-id": [
          "76bd54c6-8c62-45d3-abfb-4c9fc8d560da"
        ],
        "elapsed-time": [
          "57"
        ],
        "OData-Version": [
          "4.0"
        ],
        "Preference-Applied": [
          "odata.include-annotations=\"*\""
        ],
        "Strict-Transport-Security": [
          "max-age=15724800; includeSubDomains"
        ],
        "Date": [
          "Thu, 14 Nov 2019 19:09:36 GMT"
        ],
        "Content-Type": [
          "application/json; odata.metadata=minimal"
        ],
        "Expires": [
          "-1"
        ],
        "Content-Length": [
          "668"
        ]
      },
      "ResponseBody": "{\r\n  \"@odata.context\": \"https://azs-9314.search-dogfood.windows-int.net/$metadata#skillsets/$entity\",\r\n  \"@odata.etag\": \"\\\"0x8D7693631346436\\\"\",\r\n  \"name\": \"azsmnet7980\",\r\n  \"description\": \"Skillset for testing default configuration\",\r\n  \"skills\": [\r\n    {\r\n      \"@odata.type\": \"#Microsoft.Skills.Text.EntityRecognitionSkill\",\r\n      \"name\": \"myentity\",\r\n      \"description\": \"Tested Entity Recognition skill\",\r\n      \"context\": \"/document\",\r\n      \"categories\": [],\r\n      \"defaultLanguageCode\": null,\r\n      \"minimumPrecision\": null,\r\n      \"includeTypelessEntities\": null,\r\n      \"inputs\": [\r\n        {\r\n          \"name\": \"text\",\r\n          \"source\": \"/document/mytext\",\r\n          \"sourceContext\": null,\r\n          \"inputs\": []\r\n        }\r\n      ],\r\n      \"outputs\": [\r\n        {\r\n          \"name\": \"entities\",\r\n          \"targetName\": \"myEntities\"\r\n        }\r\n      ]\r\n    }\r\n  ],\r\n  \"cognitiveServices\": null,\r\n  \"knowledgeStore\": null\r\n}",
      "StatusCode": 201
    },
    {
      "RequestUri": "/skillsets?api-version=2019-05-06-Preview",
      "EncodedRequestUri": "L3NraWxsc2V0cz9hcGktdmVyc2lvbj0yMDE5LTA1LTA2LVByZXZpZXc=",
      "RequestMethod": "POST",
      "RequestBody": "{\r\n  \"name\": \"azsmnet4096\",\r\n  \"description\": \"Skillset for testing default configuration\",\r\n  \"skills\": [\r\n    {\r\n      \"@odata.type\": \"#Microsoft.Skills.Text.SentimentSkill\",\r\n      \"name\": \"mysentiment\",\r\n      \"description\": \"Tested Sentiment skill\",\r\n      \"context\": \"/document\",\r\n      \"inputs\": [\r\n        {\r\n          \"name\": \"text\",\r\n          \"source\": \"/document/mytext\"\r\n        }\r\n      ],\r\n      \"outputs\": [\r\n        {\r\n          \"name\": \"score\",\r\n          \"targetName\": \"mySentiment\"\r\n        }\r\n      ]\r\n    }\r\n  ]\r\n}",
      "RequestHeaders": {
        "client-request-id": [
          "5a41e31d-08d9-45e2-8404-be1a5cfcdc2d"
        ],
        "Accept-Language": [
          "en-US"
        ],
        "api-key": [
          "A4DA8049F39FF91E188D1EDD4EDEFD4D"
        ],
        "User-Agent": [
          "FxVersion/4.6.28008.01",
          "OSName/Windows",
          "OSVersion/Microsoft.Windows.10.0.18363.",
          "Microsoft.Azure.Search.SearchServiceClient/11.0.0.0"
        ],
        "Content-Type": [
          "application/json; charset=utf-8"
        ],
        "Content-Length": [
          "536"
        ]
      },
      "ResponseHeaders": {
        "Cache-Control": [
          "no-cache"
        ],
        "Pragma": [
          "no-cache"
        ],
        "ETag": [
          "W/\"0x8D7693631514CA0\""
        ],
        "Location": [
          "https://azs-9314.search-dogfood.windows-int.net/skillsets('azsmnet4096')?api-version=2019-05-06-Preview"
        ],
        "request-id": [
          "5a41e31d-08d9-45e2-8404-be1a5cfcdc2d"
        ],
        "elapsed-time": [
          "78"
        ],
        "OData-Version": [
          "4.0"
        ],
        "Preference-Applied": [
          "odata.include-annotations=\"*\""
        ],
        "Strict-Transport-Security": [
          "max-age=15724800; includeSubDomains"
        ],
        "Date": [
          "Thu, 14 Nov 2019 19:09:36 GMT"
        ],
        "Content-Type": [
          "application/json; odata.metadata=minimal"
        ],
        "Expires": [
          "-1"
        ],
        "Content-Length": [
          "581"
        ]
      },
      "ResponseBody": "{\r\n  \"@odata.context\": \"https://azs-9314.search-dogfood.windows-int.net/$metadata#skillsets/$entity\",\r\n  \"@odata.etag\": \"\\\"0x8D7693631514CA0\\\"\",\r\n  \"name\": \"azsmnet4096\",\r\n  \"description\": \"Skillset for testing default configuration\",\r\n  \"skills\": [\r\n    {\r\n      \"@odata.type\": \"#Microsoft.Skills.Text.SentimentSkill\",\r\n      \"name\": \"mysentiment\",\r\n      \"description\": \"Tested Sentiment skill\",\r\n      \"context\": \"/document\",\r\n      \"defaultLanguageCode\": null,\r\n      \"inputs\": [\r\n        {\r\n          \"name\": \"text\",\r\n          \"source\": \"/document/mytext\",\r\n          \"sourceContext\": null,\r\n          \"inputs\": []\r\n        }\r\n      ],\r\n      \"outputs\": [\r\n        {\r\n          \"name\": \"score\",\r\n          \"targetName\": \"mySentiment\"\r\n        }\r\n      ]\r\n    }\r\n  ],\r\n  \"cognitiveServices\": null,\r\n  \"knowledgeStore\": null\r\n}",
      "StatusCode": 201
    },
    {
      "RequestUri": "/skillsets?api-version=2019-05-06-Preview",
      "EncodedRequestUri": "L3NraWxsc2V0cz9hcGktdmVyc2lvbj0yMDE5LTA1LTA2LVByZXZpZXc=",
      "RequestMethod": "POST",
      "RequestBody": "{\r\n  \"name\": \"azsmnet3486\",\r\n  \"description\": \"Skillset for testing default configuration\",\r\n  \"skills\": [\r\n    {\r\n      \"@odata.type\": \"#Microsoft.Skills.Text.SplitSkill\",\r\n      \"textSplitMode\": \"pages\",\r\n      \"name\": \"mysplit\",\r\n      \"description\": \"Tested Split skill\",\r\n      \"context\": \"/document\",\r\n      \"inputs\": [\r\n        {\r\n          \"name\": \"text\",\r\n          \"source\": \"/document/mytext\"\r\n        }\r\n      ],\r\n      \"outputs\": [\r\n        {\r\n          \"name\": \"textItems\",\r\n          \"targetName\": \"myTextItems\"\r\n        }\r\n      ]\r\n    }\r\n  ]\r\n}",
      "RequestHeaders": {
        "client-request-id": [
          "f922752b-291c-4210-9540-08c6bff2397d"
        ],
        "Accept-Language": [
          "en-US"
        ],
        "api-key": [
          "A4DA8049F39FF91E188D1EDD4EDEFD4D"
        ],
        "User-Agent": [
          "FxVersion/4.6.28008.01",
          "OSName/Windows",
          "OSVersion/Microsoft.Windows.10.0.18363.",
          "Microsoft.Azure.Search.SearchServiceClient/11.0.0.0"
        ],
        "Content-Type": [
          "application/json; charset=utf-8"
        ],
        "Content-Length": [
          "561"
        ]
      },
      "ResponseHeaders": {
        "Cache-Control": [
          "no-cache"
        ],
        "Pragma": [
          "no-cache"
        ],
        "ETag": [
          "W/\"0x8D7693631716B57\""
        ],
        "Location": [
          "https://azs-9314.search-dogfood.windows-int.net/skillsets('azsmnet3486')?api-version=2019-05-06-Preview"
        ],
        "request-id": [
          "f922752b-291c-4210-9540-08c6bff2397d"
        ],
        "elapsed-time": [
          "90"
        ],
        "OData-Version": [
          "4.0"
        ],
        "Preference-Applied": [
          "odata.include-annotations=\"*\""
        ],
        "Strict-Transport-Security": [
          "max-age=15724800; includeSubDomains"
        ],
        "Date": [
          "Thu, 14 Nov 2019 19:09:37 GMT"
        ],
        "Content-Type": [
          "application/json; odata.metadata=minimal"
        ],
        "Expires": [
          "-1"
        ],
        "Content-Length": [
          "622"
        ]
      },
      "ResponseBody": "{\r\n  \"@odata.context\": \"https://azs-9314.search-dogfood.windows-int.net/$metadata#skillsets/$entity\",\r\n  \"@odata.etag\": \"\\\"0x8D7693631716B57\\\"\",\r\n  \"name\": \"azsmnet3486\",\r\n  \"description\": \"Skillset for testing default configuration\",\r\n  \"skills\": [\r\n    {\r\n      \"@odata.type\": \"#Microsoft.Skills.Text.SplitSkill\",\r\n      \"name\": \"mysplit\",\r\n      \"description\": \"Tested Split skill\",\r\n      \"context\": \"/document\",\r\n      \"defaultLanguageCode\": null,\r\n      \"textSplitMode\": \"pages\",\r\n      \"maximumPageLength\": null,\r\n      \"inputs\": [\r\n        {\r\n          \"name\": \"text\",\r\n          \"source\": \"/document/mytext\",\r\n          \"sourceContext\": null,\r\n          \"inputs\": []\r\n        }\r\n      ],\r\n      \"outputs\": [\r\n        {\r\n          \"name\": \"textItems\",\r\n          \"targetName\": \"myTextItems\"\r\n        }\r\n      ]\r\n    }\r\n  ],\r\n  \"cognitiveServices\": null,\r\n  \"knowledgeStore\": null\r\n}",
      "StatusCode": 201
    },
    {
      "RequestUri": "/skillsets('azsmnet3746')?api-version=2019-05-06-Preview",
      "EncodedRequestUri": "L3NraWxsc2V0cygnYXpzbW5ldDM3NDYnKT9hcGktdmVyc2lvbj0yMDE5LTA1LTA2LVByZXZpZXc=",
      "RequestMethod": "DELETE",
      "RequestBody": "",
      "RequestHeaders": {
        "client-request-id": [
          "ac91f8fe-bdec-4908-a9c6-ad0e58763172"
        ],
        "Accept-Language": [
          "en-US"
        ],
        "api-key": [
          "A4DA8049F39FF91E188D1EDD4EDEFD4D"
        ],
        "User-Agent": [
          "FxVersion/4.6.28008.01",
          "OSName/Windows",
          "OSVersion/Microsoft.Windows.10.0.18363.",
          "Microsoft.Azure.Search.SearchServiceClient/11.0.0.0"
        ]
      },
      "ResponseHeaders": {
        "Cache-Control": [
          "no-cache"
        ],
        "Pragma": [
          "no-cache"
        ],
        "request-id": [
          "ac91f8fe-bdec-4908-a9c6-ad0e58763172"
        ],
        "elapsed-time": [
          "53"
        ],
        "Strict-Transport-Security": [
          "max-age=15724800; includeSubDomains"
        ],
        "Date": [
          "Thu, 14 Nov 2019 19:09:36 GMT"
        ],
        "Expires": [
          "-1"
        ]
      },
      "ResponseBody": "",
      "StatusCode": 204
    },
    {
      "RequestUri": "/skillsets('azsmnet1136')?api-version=2019-05-06-Preview",
      "EncodedRequestUri": "L3NraWxsc2V0cygnYXpzbW5ldDExMzYnKT9hcGktdmVyc2lvbj0yMDE5LTA1LTA2LVByZXZpZXc=",
      "RequestMethod": "DELETE",
      "RequestBody": "",
      "RequestHeaders": {
        "client-request-id": [
          "a7aec614-c892-4d41-9c6d-6bb517213b40"
        ],
        "Accept-Language": [
          "en-US"
        ],
        "api-key": [
          "A4DA8049F39FF91E188D1EDD4EDEFD4D"
        ],
        "User-Agent": [
          "FxVersion/4.6.28008.01",
          "OSName/Windows",
          "OSVersion/Microsoft.Windows.10.0.18363.",
          "Microsoft.Azure.Search.SearchServiceClient/11.0.0.0"
        ]
      },
      "ResponseHeaders": {
        "Cache-Control": [
          "no-cache"
        ],
        "Pragma": [
          "no-cache"
        ],
        "request-id": [
          "a7aec614-c892-4d41-9c6d-6bb517213b40"
        ],
        "elapsed-time": [
          "87"
        ],
        "Strict-Transport-Security": [
          "max-age=15724800; includeSubDomains"
        ],
        "Date": [
          "Thu, 14 Nov 2019 19:09:36 GMT"
        ],
        "Expires": [
          "-1"
        ]
      },
      "ResponseBody": "",
      "StatusCode": 204
    },
    {
      "RequestUri": "/skillsets('azsmnet104')?api-version=2019-05-06-Preview",
      "EncodedRequestUri": "L3NraWxsc2V0cygnYXpzbW5ldDEwNCcpP2FwaS12ZXJzaW9uPTIwMTktMDUtMDYtUHJldmlldw==",
      "RequestMethod": "DELETE",
      "RequestBody": "",
      "RequestHeaders": {
        "client-request-id": [
          "c1b79f4a-2419-4b1e-b0b7-1ff6316a0ce6"
        ],
        "Accept-Language": [
          "en-US"
        ],
        "api-key": [
          "A4DA8049F39FF91E188D1EDD4EDEFD4D"
        ],
        "User-Agent": [
          "FxVersion/4.6.28008.01",
          "OSName/Windows",
          "OSVersion/Microsoft.Windows.10.0.18363.",
          "Microsoft.Azure.Search.SearchServiceClient/11.0.0.0"
        ]
      },
      "ResponseHeaders": {
        "Cache-Control": [
          "no-cache"
        ],
        "Pragma": [
          "no-cache"
        ],
        "request-id": [
          "c1b79f4a-2419-4b1e-b0b7-1ff6316a0ce6"
        ],
        "elapsed-time": [
          "45"
        ],
        "Strict-Transport-Security": [
          "max-age=15724800; includeSubDomains"
        ],
        "Date": [
          "Thu, 14 Nov 2019 19:09:36 GMT"
        ],
        "Expires": [
          "-1"
        ]
      },
      "ResponseBody": "",
      "StatusCode": 204
    },
    {
      "RequestUri": "/skillsets('azsmnet8284')?api-version=2019-05-06-Preview",
      "EncodedRequestUri": "L3NraWxsc2V0cygnYXpzbW5ldDgyODQnKT9hcGktdmVyc2lvbj0yMDE5LTA1LTA2LVByZXZpZXc=",
      "RequestMethod": "DELETE",
      "RequestBody": "",
      "RequestHeaders": {
        "client-request-id": [
          "616d1a94-3d28-4be3-a987-6afe4eacc0e8"
        ],
        "Accept-Language": [
          "en-US"
        ],
        "api-key": [
          "A4DA8049F39FF91E188D1EDD4EDEFD4D"
        ],
        "User-Agent": [
          "FxVersion/4.6.28008.01",
          "OSName/Windows",
          "OSVersion/Microsoft.Windows.10.0.18363.",
          "Microsoft.Azure.Search.SearchServiceClient/11.0.0.0"
        ]
      },
      "ResponseHeaders": {
        "Cache-Control": [
          "no-cache"
        ],
        "Pragma": [
          "no-cache"
        ],
        "request-id": [
          "616d1a94-3d28-4be3-a987-6afe4eacc0e8"
        ],
        "elapsed-time": [
          "36"
        ],
        "Strict-Transport-Security": [
          "max-age=15724800; includeSubDomains"
        ],
        "Date": [
          "Thu, 14 Nov 2019 19:09:36 GMT"
        ],
        "Expires": [
          "-1"
        ]
      },
      "ResponseBody": "",
      "StatusCode": 204
    },
    {
      "RequestUri": "/skillsets('azsmnet7980')?api-version=2019-05-06-Preview",
      "EncodedRequestUri": "L3NraWxsc2V0cygnYXpzbW5ldDc5ODAnKT9hcGktdmVyc2lvbj0yMDE5LTA1LTA2LVByZXZpZXc=",
      "RequestMethod": "DELETE",
      "RequestBody": "",
      "RequestHeaders": {
        "client-request-id": [
          "9b54d86e-413a-499d-aaeb-7b854123587c"
        ],
        "Accept-Language": [
          "en-US"
        ],
        "api-key": [
          "A4DA8049F39FF91E188D1EDD4EDEFD4D"
        ],
        "User-Agent": [
          "FxVersion/4.6.28008.01",
          "OSName/Windows",
          "OSVersion/Microsoft.Windows.10.0.18363.",
          "Microsoft.Azure.Search.SearchServiceClient/11.0.0.0"
        ]
      },
      "ResponseHeaders": {
        "Cache-Control": [
          "no-cache"
        ],
        "Pragma": [
          "no-cache"
        ],
        "request-id": [
          "9b54d86e-413a-499d-aaeb-7b854123587c"
        ],
        "elapsed-time": [
          "45"
        ],
        "Strict-Transport-Security": [
          "max-age=15724800; includeSubDomains"
        ],
        "Date": [
          "Thu, 14 Nov 2019 19:09:36 GMT"
        ],
        "Expires": [
          "-1"
        ]
      },
      "ResponseBody": "",
      "StatusCode": 204
    },
    {
      "RequestUri": "/skillsets('azsmnet4096')?api-version=2019-05-06-Preview",
      "EncodedRequestUri": "L3NraWxsc2V0cygnYXpzbW5ldDQwOTYnKT9hcGktdmVyc2lvbj0yMDE5LTA1LTA2LVByZXZpZXc=",
      "RequestMethod": "DELETE",
      "RequestBody": "",
      "RequestHeaders": {
        "client-request-id": [
          "e988b571-17e0-4e0a-9b01-4808a94c93f6"
        ],
        "Accept-Language": [
          "en-US"
        ],
        "api-key": [
          "A4DA8049F39FF91E188D1EDD4EDEFD4D"
        ],
        "User-Agent": [
          "FxVersion/4.6.28008.01",
          "OSName/Windows",
          "OSVersion/Microsoft.Windows.10.0.18363.",
          "Microsoft.Azure.Search.SearchServiceClient/11.0.0.0"
        ]
      },
      "ResponseHeaders": {
        "Cache-Control": [
          "no-cache"
        ],
        "Pragma": [
          "no-cache"
        ],
        "request-id": [
          "e988b571-17e0-4e0a-9b01-4808a94c93f6"
        ],
        "elapsed-time": [
          "55"
        ],
        "Strict-Transport-Security": [
          "max-age=15724800; includeSubDomains"
        ],
        "Date": [
          "Thu, 14 Nov 2019 19:09:37 GMT"
        ],
        "Expires": [
          "-1"
        ]
      },
      "ResponseBody": "",
      "StatusCode": 204
    },
    {
      "RequestUri": "/skillsets('azsmnet3486')?api-version=2019-05-06-Preview",
      "EncodedRequestUri": "L3NraWxsc2V0cygnYXpzbW5ldDM0ODYnKT9hcGktdmVyc2lvbj0yMDE5LTA1LTA2LVByZXZpZXc=",
      "RequestMethod": "DELETE",
      "RequestBody": "",
      "RequestHeaders": {
        "client-request-id": [
          "910925a0-f1a8-4608-a3ff-51d2f087a1c2"
        ],
        "Accept-Language": [
          "en-US"
        ],
        "api-key": [
          "A4DA8049F39FF91E188D1EDD4EDEFD4D"
        ],
        "User-Agent": [
          "FxVersion/4.6.28008.01",
          "OSName/Windows",
          "OSVersion/Microsoft.Windows.10.0.18363.",
          "Microsoft.Azure.Search.SearchServiceClient/11.0.0.0"
        ]
      },
      "ResponseHeaders": {
        "Cache-Control": [
          "no-cache"
        ],
        "Pragma": [
          "no-cache"
        ],
        "request-id": [
          "910925a0-f1a8-4608-a3ff-51d2f087a1c2"
        ],
        "elapsed-time": [
          "41"
        ],
        "Strict-Transport-Security": [
          "max-age=15724800; includeSubDomains"
        ],
        "Date": [
          "Thu, 14 Nov 2019 19:09:37 GMT"
        ],
        "Expires": [
          "-1"
        ]
      },
      "ResponseBody": "",
      "StatusCode": 204
    },
    {
      "RequestUri": "/subscriptions/3c729b2a-4f86-4bb2-abe8-4b8647af156c/resourceGroups/azsmnet9628/providers/Microsoft.Search/searchServices/azs-9314?api-version=2015-08-19",
      "EncodedRequestUri": "L3N1YnNjcmlwdGlvbnMvM2M3MjliMmEtNGY4Ni00YmIyLWFiZTgtNGI4NjQ3YWYxNTZjL3Jlc291cmNlR3JvdXBzL2F6c21uZXQ5NjI4L3Byb3ZpZGVycy9NaWNyb3NvZnQuU2VhcmNoL3NlYXJjaFNlcnZpY2VzL2F6cy05MzE0P2FwaS12ZXJzaW9uPTIwMTUtMDgtMTk=",
      "RequestMethod": "DELETE",
      "RequestBody": "",
      "RequestHeaders": {
        "x-ms-client-request-id": [
          "8e6b61c2-4ad1-44df-842b-93fd7811185d"
        ],
        "Accept-Language": [
          "en-US"
        ],
        "User-Agent": [
          "FxVersion/4.6.28008.01",
          "OSName/Windows",
          "OSVersion/Microsoft.Windows.10.0.18363.",
          "Microsoft.Azure.Management.Search.SearchManagementClient/3.0.0.0"
        ]
      },
      "ResponseHeaders": {
        "Cache-Control": [
          "no-cache"
        ],
        "Pragma": [
          "no-cache"
        ],
        "x-ms-request-id": [
          "8e6b61c2-4ad1-44df-842b-93fd7811185d"
        ],
        "request-id": [
          "8e6b61c2-4ad1-44df-842b-93fd7811185d"
        ],
        "elapsed-time": [
          "639"
        ],
        "Strict-Transport-Security": [
          "max-age=31536000; includeSubDomains"
        ],
        "x-ms-ratelimit-remaining-subscription-deletes": [
          "14998"
        ],
        "x-ms-correlation-request-id": [
          "273e40f2-53bc-4560-a468-7eba9483e70f"
        ],
        "x-ms-routing-request-id": [
          "NORTHEUROPE:20191114T190942Z:273e40f2-53bc-4560-a468-7eba9483e70f"
        ],
        "X-Content-Type-Options": [
          "nosniff"
        ],
        "Date": [
          "Thu, 14 Nov 2019 19:09:41 GMT"
        ],
        "Expires": [
          "-1"
        ],
        "Content-Length": [
          "0"
        ]
      },
      "ResponseBody": "",
      "StatusCode": 200
    }
  ],
  "Names": {
    "GenerateName": [
      "azsmnet9628",
      "azsmnet3746",
      "azsmnet1136",
      "azsmnet104",
      "azsmnet8284",
      "azsmnet7980",
      "azsmnet4096",
      "azsmnet3486"
    ],
    "GenerateServiceName": [
      "azs-9314"
    ]
  },
  "Variables": {
    "SubscriptionId": "3c729b2a-4f86-4bb2-abe8-4b8647af156c"
  }
}