{
  "Entries": [
    {
      "RequestUri": "/subscriptions/3c729b2a-4f86-4bb2-abe8-4b8647af156c/providers/Microsoft.Search/register?api-version=2016-09-01",
      "EncodedRequestUri": "L3N1YnNjcmlwdGlvbnMvM2M3MjliMmEtNGY4Ni00YmIyLWFiZTgtNGI4NjQ3YWYxNTZjL3Byb3ZpZGVycy9NaWNyb3NvZnQuU2VhcmNoL3JlZ2lzdGVyP2FwaS12ZXJzaW9uPTIwMTYtMDktMDE=",
      "RequestMethod": "POST",
      "RequestBody": "",
      "RequestHeaders": {
        "x-ms-client-request-id": [
          "dc7b4286-5763-4366-af32-6dc53e08ab27"
        ],
        "accept-language": [
          "en-US"
        ],
        "User-Agent": [
          "FxVersion/4.8.4018.0",
          "OSName/Windows",
          "OSVersion/10.0.18362.0",
          "Microsoft.Azure.Management.ResourceManager.ResourceManagementClient/1.5.0.0"
        ]
      },
      "ResponseHeaders": {
        "Pragma": [
          "no-cache"
        ],
        "x-ms-ratelimit-remaining-subscription-writes": [
          "1196"
        ],
        "x-ms-request-id": [
          "280d5eab-623e-45bc-8eaa-024558ca1ccc"
        ],
        "x-ms-correlation-request-id": [
          "280d5eab-623e-45bc-8eaa-024558ca1ccc"
        ],
        "x-ms-routing-request-id": [
          "NORTHEUROPE:20191028T200654Z:280d5eab-623e-45bc-8eaa-024558ca1ccc"
        ],
        "Strict-Transport-Security": [
          "max-age=31536000; includeSubDomains"
        ],
        "X-Content-Type-Options": [
          "nosniff"
        ],
        "Cache-Control": [
          "no-cache"
        ],
        "Date": [
          "Mon, 28 Oct 2019 20:06:54 GMT"
        ],
        "Content-Length": [
          "2708"
        ],
        "Content-Type": [
          "application/json; charset=utf-8"
        ],
        "Expires": [
          "-1"
        ]
      },
      "ResponseBody": "{\r\n  \"id\": \"/subscriptions/3c729b2a-4f86-4bb2-abe8-4b8647af156c/providers/Microsoft.Search\",\r\n  \"namespace\": \"Microsoft.Search\",\r\n  \"authorization\": {\r\n    \"applicationId\": \"804f4a7a-7d6e-4df7-bf8c-e7f0106e16c2\",\r\n    \"roleDefinitionId\": \"20FA3191-87CF-4C3D-9510-74CCB594A310\"\r\n  },\r\n  \"resourceTypes\": [\r\n    {\r\n      \"resourceType\": \"searchServices\",\r\n      \"locations\": [\r\n        \"West US\",\r\n        \"East US\"\r\n      ],\r\n      \"apiVersions\": [\r\n        \"2015-08-19\",\r\n        \"2015-02-28\",\r\n        \"2014-07-31-Preview\"\r\n      ],\r\n      \"capabilities\": \"CrossResourceGroupResourceMove, CrossSubscriptionResourceMove, SystemAssignedResourceIdentity\"\r\n    },\r\n    {\r\n      \"resourceType\": \"searchServicesCit\",\r\n      \"locations\": [\r\n        \"West US\"\r\n      ],\r\n      \"apiVersions\": [\r\n        \"2015-08-19\",\r\n        \"2015-02-28\",\r\n        \"2014-07-31-Preview\"\r\n      ],\r\n      \"capabilities\": \"CrossResourceGroupResourceMove, CrossSubscriptionResourceMove, SystemAssignedResourceIdentity\"\r\n    },\r\n    {\r\n      \"resourceType\": \"searchServicesSisatti1\",\r\n      \"locations\": [\r\n        \"East US\"\r\n      ],\r\n      \"apiVersions\": [\r\n        \"2015-08-19\",\r\n        \"2015-02-28\",\r\n        \"2014-07-31-Preview\"\r\n      ],\r\n      \"capabilities\": \"CrossResourceGroupResourceMove, CrossSubscriptionResourceMove, SystemAssignedResourceIdentity\"\r\n    },\r\n    {\r\n      \"resourceType\": \"searchServicesTHHILL\",\r\n      \"locations\": [\r\n        \"East US\"\r\n      ],\r\n      \"apiVersions\": [\r\n        \"2015-08-19\",\r\n        \"2015-02-28\",\r\n        \"2014-07-31-Preview\"\r\n      ],\r\n      \"capabilities\": \"CrossResourceGroupResourceMove, CrossSubscriptionResourceMove, SystemAssignedResourceIdentity\"\r\n    },\r\n    {\r\n      \"resourceType\": \"searchServicesInt\",\r\n      \"locations\": [\r\n        \"West US\"\r\n      ],\r\n      \"apiVersions\": [\r\n        \"2015-08-19\",\r\n        \"2015-02-28\",\r\n        \"2014-07-31-Preview\"\r\n      ],\r\n      \"capabilities\": \"CrossResourceGroupResourceMove, CrossSubscriptionResourceMove, SystemAssignedResourceIdentity\"\r\n    },\r\n    {\r\n      \"resourceType\": \"searchServicesPpe\",\r\n      \"locations\": [\r\n        \"West US\"\r\n      ],\r\n      \"apiVersions\": [\r\n        \"2015-08-19\",\r\n        \"2015-02-28\",\r\n        \"2014-07-31-Preview\"\r\n      ],\r\n      \"capabilities\": \"CrossResourceGroupResourceMove, CrossSubscriptionResourceMove, SystemAssignedResourceIdentity\"\r\n    },\r\n    {\r\n      \"resourceType\": \"checkServiceNameAvailability\",\r\n      \"locations\": [],\r\n      \"apiVersions\": [\r\n        \"2015-02-28\",\r\n        \"2014-07-31-Preview\"\r\n      ]\r\n    },\r\n    {\r\n      \"resourceType\": \"checkServiceNameAvailabilityCit\",\r\n      \"locations\": [],\r\n      \"apiVersions\": [\r\n        \"2015-02-28\",\r\n        \"2014-07-31-Preview\"\r\n      ]\r\n    },\r\n    {\r\n      \"resourceType\": \"checkServiceNameAvailabilityInt\",\r\n      \"locations\": [],\r\n      \"apiVersions\": [\r\n        \"2015-02-28\",\r\n        \"2014-07-31-Preview\"\r\n      ]\r\n    },\r\n    {\r\n      \"resourceType\": \"checkServiceNameAvailabilityPpe\",\r\n      \"locations\": [],\r\n      \"apiVersions\": [\r\n        \"2015-02-28\",\r\n        \"2014-07-31-Preview\"\r\n      ]\r\n    },\r\n    {\r\n      \"resourceType\": \"checkNameAvailability\",\r\n      \"locations\": [],\r\n      \"apiVersions\": [\r\n        \"2015-08-19\"\r\n      ]\r\n    },\r\n    {\r\n      \"resourceType\": \"checkNameAvailabilityCit\",\r\n      \"locations\": [],\r\n      \"apiVersions\": [\r\n        \"2015-08-19\"\r\n      ]\r\n    },\r\n    {\r\n      \"resourceType\": \"checkNameAvailabilityInt\",\r\n      \"locations\": [],\r\n      \"apiVersions\": [\r\n        \"2015-08-19\"\r\n      ]\r\n    },\r\n    {\r\n      \"resourceType\": \"checkNameAvailabilityPpe\",\r\n      \"locations\": [],\r\n      \"apiVersions\": [\r\n        \"2015-08-19\"\r\n      ]\r\n    },\r\n    {\r\n      \"resourceType\": \"resourceHealthMetadata\",\r\n      \"locations\": [],\r\n      \"apiVersions\": [\r\n        \"2015-08-19\"\r\n      ]\r\n    },\r\n    {\r\n      \"resourceType\": \"operations\",\r\n      \"locations\": [],\r\n      \"apiVersions\": [\r\n        \"2015-08-19\",\r\n        \"2015-02-28\"\r\n      ]\r\n    }\r\n  ],\r\n  \"registrationState\": \"Registered\"\r\n}",
      "StatusCode": 200
    },
    {
      "RequestUri": "/subscriptions/3c729b2a-4f86-4bb2-abe8-4b8647af156c/resourcegroups/azsmnet3138?api-version=2016-09-01",
      "EncodedRequestUri": "L3N1YnNjcmlwdGlvbnMvM2M3MjliMmEtNGY4Ni00YmIyLWFiZTgtNGI4NjQ3YWYxNTZjL3Jlc291cmNlZ3JvdXBzL2F6c21uZXQzMTM4P2FwaS12ZXJzaW9uPTIwMTYtMDktMDE=",
      "RequestMethod": "PUT",
      "RequestBody": "{\r\n  \"location\": \"West US\"\r\n}",
      "RequestHeaders": {
        "x-ms-client-request-id": [
          "35ec6c40-a44f-4354-b33f-7f274cd1a9c0"
        ],
        "accept-language": [
          "en-US"
        ],
        "User-Agent": [
          "FxVersion/4.8.4018.0",
          "OSName/Windows",
          "OSVersion/10.0.18362.0",
          "Microsoft.Azure.Management.ResourceManager.ResourceManagementClient/1.5.0.0"
        ],
        "Content-Type": [
          "application/json; charset=utf-8"
        ],
        "Content-Length": [
          "29"
        ]
      },
      "ResponseHeaders": {
        "Pragma": [
          "no-cache"
        ],
        "x-ms-ratelimit-remaining-subscription-writes": [
          "1196"
        ],
        "x-ms-request-id": [
          "0112eb38-92a9-4e8a-b60d-6f6aa397abb7"
        ],
        "x-ms-correlation-request-id": [
          "0112eb38-92a9-4e8a-b60d-6f6aa397abb7"
        ],
        "x-ms-routing-request-id": [
          "NORTHEUROPE:20191028T200656Z:0112eb38-92a9-4e8a-b60d-6f6aa397abb7"
        ],
        "Strict-Transport-Security": [
          "max-age=31536000; includeSubDomains"
        ],
        "X-Content-Type-Options": [
          "nosniff"
        ],
        "Cache-Control": [
          "no-cache"
        ],
        "Date": [
          "Mon, 28 Oct 2019 20:06:56 GMT"
        ],
        "Content-Length": [
          "175"
        ],
        "Content-Type": [
          "application/json; charset=utf-8"
        ],
        "Expires": [
          "-1"
        ]
      },
      "ResponseBody": "{\r\n  \"id\": \"/subscriptions/3c729b2a-4f86-4bb2-abe8-4b8647af156c/resourceGroups/azsmnet3138\",\r\n  \"name\": \"azsmnet3138\",\r\n  \"location\": \"westus\",\r\n  \"properties\": {\r\n    \"provisioningState\": \"Succeeded\"\r\n  }\r\n}",
      "StatusCode": 201
    },
    {
      "RequestUri": "/subscriptions/3c729b2a-4f86-4bb2-abe8-4b8647af156c/resourceGroups/azsmnet3138/providers/Microsoft.Search/searchServices/azs-3365?api-version=2015-08-19",
      "EncodedRequestUri": "L3N1YnNjcmlwdGlvbnMvM2M3MjliMmEtNGY4Ni00YmIyLWFiZTgtNGI4NjQ3YWYxNTZjL3Jlc291cmNlR3JvdXBzL2F6c21uZXQzMTM4L3Byb3ZpZGVycy9NaWNyb3NvZnQuU2VhcmNoL3NlYXJjaFNlcnZpY2VzL2F6cy0zMzY1P2FwaS12ZXJzaW9uPTIwMTUtMDgtMTk=",
      "RequestMethod": "PUT",
      "RequestBody": "{\r\n  \"sku\": {\r\n    \"name\": \"free\"\r\n  },\r\n  \"location\": \"West US\"\r\n}",
      "RequestHeaders": {
        "x-ms-client-request-id": [
          "7eedc807-99ae-4c30-b714-5d183e9f3a78"
        ],
        "accept-language": [
          "en-US"
        ],
        "User-Agent": [
          "FxVersion/4.8.4018.0",
          "OSName/Windows",
          "OSVersion/10.0.18362.0",
          "Microsoft.Azure.Management.Search.SearchManagementClient/3.0.0.0"
        ],
        "Content-Type": [
          "application/json; charset=utf-8"
        ],
        "Content-Length": [
          "67"
        ]
      },
      "ResponseHeaders": {
        "Pragma": [
          "no-cache"
        ],
        "x-ms-request-id": [
          "7eedc807-99ae-4c30-b714-5d183e9f3a78"
        ],
        "request-id": [
          "7eedc807-99ae-4c30-b714-5d183e9f3a78"
        ],
        "elapsed-time": [
          "1638"
        ],
        "Strict-Transport-Security": [
          "max-age=31536000; includeSubDomains"
        ],
        "x-ms-ratelimit-remaining-subscription-writes": [
          "1197"
        ],
        "x-ms-correlation-request-id": [
          "cd4594aa-f9d9-4fba-8159-b777225b9c9d"
        ],
        "x-ms-routing-request-id": [
          "NORTHEUROPE:20191028T200701Z:cd4594aa-f9d9-4fba-8159-b777225b9c9d"
        ],
        "X-Content-Type-Options": [
          "nosniff"
        ],
        "Cache-Control": [
          "no-cache"
        ],
        "Date": [
          "Mon, 28 Oct 2019 20:07:00 GMT"
        ],
        "ETag": [
          "W/\"datetime'2019-10-28T20%3A07%3A00.5315557Z'\""
        ],
        "Content-Length": [
          "385"
        ],
        "Content-Type": [
          "application/json; charset=utf-8"
        ],
        "Expires": [
          "-1"
        ]
      },
      "ResponseBody": "{\r\n  \"id\": \"/subscriptions/3c729b2a-4f86-4bb2-abe8-4b8647af156c/resourceGroups/azsmnet3138/providers/Microsoft.Search/searchServices/azs-3365\",\r\n  \"name\": \"azs-3365\",\r\n  \"type\": \"Microsoft.Search/searchServices\",\r\n  \"location\": \"West US\",\r\n  \"properties\": {\r\n    \"replicaCount\": 1,\r\n    \"partitionCount\": 1,\r\n    \"status\": \"running\",\r\n    \"statusDetails\": \"\",\r\n    \"provisioningState\": \"succeeded\",\r\n    \"hostingMode\": \"Default\"\r\n  },\r\n  \"sku\": {\r\n    \"name\": \"free\"\r\n  }\r\n}",
      "StatusCode": 201
    },
    {
      "RequestUri": "/subscriptions/3c729b2a-4f86-4bb2-abe8-4b8647af156c/resourceGroups/azsmnet3138/providers/Microsoft.Search/searchServices/azs-3365/listAdminKeys?api-version=2015-08-19",
      "EncodedRequestUri": "L3N1YnNjcmlwdGlvbnMvM2M3MjliMmEtNGY4Ni00YmIyLWFiZTgtNGI4NjQ3YWYxNTZjL3Jlc291cmNlR3JvdXBzL2F6c21uZXQzMTM4L3Byb3ZpZGVycy9NaWNyb3NvZnQuU2VhcmNoL3NlYXJjaFNlcnZpY2VzL2F6cy0zMzY1L2xpc3RBZG1pbktleXM/YXBpLXZlcnNpb249MjAxNS0wOC0xOQ==",
      "RequestMethod": "POST",
      "RequestBody": "",
      "RequestHeaders": {
        "x-ms-client-request-id": [
          "3f08ff98-0784-4f90-8069-d53d4622d79a"
        ],
        "accept-language": [
          "en-US"
        ],
        "User-Agent": [
          "FxVersion/4.8.4018.0",
          "OSName/Windows",
          "OSVersion/10.0.18362.0",
          "Microsoft.Azure.Management.Search.SearchManagementClient/3.0.0.0"
        ]
      },
      "ResponseHeaders": {
        "Pragma": [
          "no-cache"
        ],
        "Vary": [
          "Accept-Encoding"
        ],
        "x-ms-request-id": [
          "3f08ff98-0784-4f90-8069-d53d4622d79a"
        ],
        "request-id": [
          "3f08ff98-0784-4f90-8069-d53d4622d79a"
        ],
        "elapsed-time": [
          "468"
        ],
        "Strict-Transport-Security": [
          "max-age=31536000; includeSubDomains"
        ],
        "x-ms-ratelimit-remaining-subscription-writes": [
          "1197"
        ],
        "x-ms-correlation-request-id": [
          "47ea02c4-7603-48a9-8b0a-2efd0ee89e2c"
        ],
        "x-ms-routing-request-id": [
          "NORTHEUROPE:20191028T200703Z:47ea02c4-7603-48a9-8b0a-2efd0ee89e2c"
        ],
        "X-Content-Type-Options": [
          "nosniff"
        ],
        "Cache-Control": [
          "no-cache"
        ],
        "Date": [
          "Mon, 28 Oct 2019 20:07:03 GMT"
        ],
        "Content-Length": [
          "99"
        ],
        "Content-Type": [
          "application/json; charset=utf-8"
        ],
        "Expires": [
          "-1"
        ]
      },
      "ResponseBody": "{\r\n  \"primaryKey\": \"6523F046F998AEAEA911D9A61C764086\",\r\n  \"secondaryKey\": \"7810CDE38FB187CECFB904EA8EE7697D\"\r\n}",
      "StatusCode": 200
    },
    {
      "RequestUri": "/subscriptions/3c729b2a-4f86-4bb2-abe8-4b8647af156c/resourceGroups/azsmnet3138/providers/Microsoft.Search/searchServices/azs-3365/listQueryKeys?api-version=2015-08-19",
      "EncodedRequestUri": "L3N1YnNjcmlwdGlvbnMvM2M3MjliMmEtNGY4Ni00YmIyLWFiZTgtNGI4NjQ3YWYxNTZjL3Jlc291cmNlR3JvdXBzL2F6c21uZXQzMTM4L3Byb3ZpZGVycy9NaWNyb3NvZnQuU2VhcmNoL3NlYXJjaFNlcnZpY2VzL2F6cy0zMzY1L2xpc3RRdWVyeUtleXM/YXBpLXZlcnNpb249MjAxNS0wOC0xOQ==",
      "RequestMethod": "GET",
      "RequestBody": "",
      "RequestHeaders": {
        "x-ms-client-request-id": [
          "491a9404-4d9b-485f-b8b9-0f9d2cf7961a"
        ],
        "accept-language": [
          "en-US"
        ],
        "User-Agent": [
          "FxVersion/4.8.4018.0",
          "OSName/Windows",
          "OSVersion/10.0.18362.0",
          "Microsoft.Azure.Management.Search.SearchManagementClient/3.0.0.0"
        ]
      },
      "ResponseHeaders": {
        "Pragma": [
          "no-cache"
        ],
        "Vary": [
          "Accept-Encoding"
        ],
        "x-ms-request-id": [
          "491a9404-4d9b-485f-b8b9-0f9d2cf7961a"
        ],
        "request-id": [
          "491a9404-4d9b-485f-b8b9-0f9d2cf7961a"
        ],
        "elapsed-time": [
          "91"
        ],
        "Strict-Transport-Security": [
          "max-age=31536000; includeSubDomains"
        ],
        "x-ms-ratelimit-remaining-subscription-reads": [
          "14999"
        ],
        "x-ms-correlation-request-id": [
          "42d39417-d595-4a1c-b3e8-5ae24f8991b9"
        ],
        "x-ms-routing-request-id": [
          "NORTHEUROPE:20191028T200704Z:42d39417-d595-4a1c-b3e8-5ae24f8991b9"
        ],
        "X-Content-Type-Options": [
          "nosniff"
        ],
        "Cache-Control": [
          "no-cache"
        ],
        "Date": [
          "Mon, 28 Oct 2019 20:07:03 GMT"
        ],
        "Content-Length": [
          "82"
        ],
        "Content-Type": [
          "application/json; charset=utf-8"
        ],
        "Expires": [
          "-1"
        ]
      },
      "ResponseBody": "{\r\n  \"value\": [\r\n    {\r\n      \"name\": null,\r\n      \"key\": \"87DA81985757961925C8AD82DFA76611\"\r\n    }\r\n  ],\r\n  \"nextLink\": null\r\n}",
      "StatusCode": 200
    },
    {
      "RequestUri": "/skillsets?api-version=2019-05-06-Preview",
      "EncodedRequestUri": "L3NraWxsc2V0cz9hcGktdmVyc2lvbj0yMDE5LTA1LTA2LVByZXZpZXc=",
      "RequestMethod": "POST",
      "RequestBody": "{\r\n  \"name\": \"testskillset\",\r\n  \"description\": \"Skillset for testing\",\r\n  \"skills\": [\r\n    {\r\n      \"@odata.type\": \"#Microsoft.Skills.Text.TranslationSkill\",\r\n      \"defaultToLanguageCode\": \"es\",\r\n      \"name\": \"mytranslate\",\r\n      \"inputs\": [\r\n        {\r\n          \"name\": \"text\",\r\n          \"source\": \"/document/text\"\r\n        }\r\n      ],\r\n      \"outputs\": [\r\n        {\r\n          \"name\": \"translatedText\",\r\n          \"targetName\": \"translatedText\"\r\n        },\r\n        {\r\n          \"name\": \"translatedFromLanguageCode\",\r\n          \"targetName\": \"translatedFromLanguageCode\"\r\n        },\r\n        {\r\n          \"name\": \"translatedToLanguageCode\",\r\n          \"targetName\": \"translatedToLanguageCode\"\r\n        }\r\n      ]\r\n    }\r\n  ]\r\n}",
      "RequestHeaders": {
        "client-request-id": [
          "25f973d9-29b0-474a-8961-b04e8cd89ce7"
        ],
        "accept-language": [
          "en-US"
        ],
        "api-key": [
          "6523F046F998AEAEA911D9A61C764086"
        ],
        "User-Agent": [
          "FxVersion/4.8.4018.0",
          "OSName/Windows",
          "OSVersion/10.0.18362.0",
          "Microsoft.Azure.Search.SearchServiceClient/11.0.0.0"
        ],
        "Content-Type": [
          "application/json; charset=utf-8"
        ],
        "Content-Length": [
          "734"
        ]
      },
      "ResponseHeaders": {
        "Pragma": [
          "no-cache"
        ],
        "request-id": [
          "25f973d9-29b0-474a-8961-b04e8cd89ce7"
        ],
        "elapsed-time": [
          "133"
        ],
        "OData-Version": [
          "4.0"
        ],
        "Preference-Applied": [
          "odata.include-annotations=\"*\""
        ],
        "Strict-Transport-Security": [
          "max-age=15724800; includeSubDomains"
        ],
        "Cache-Control": [
          "no-cache"
        ],
        "Date": [
          "Mon, 28 Oct 2019 20:07:05 GMT"
        ],
        "ETag": [
          "W/\"0x8D75BE267A60422\""
        ],
        "Location": [
          "https://azs-3365.search-dogfood.windows-int.net/skillsets('testskillset')?api-version=2019-05-06-Preview"
        ],
        "Content-Length": [
          "755"
        ],
        "Content-Type": [
          "application/json; odata.metadata=minimal"
        ],
        "Expires": [
          "-1"
        ]
      },
      "ResponseBody": "{\r\n  \"@odata.context\": \"https://azs-3365.search-dogfood.windows-int.net/$metadata#skillsets/$entity\",\r\n  \"@odata.etag\": \"\\\"0x8D75BE267A60422\\\"\",\r\n  \"name\": \"testskillset\",\r\n  \"description\": \"Skillset for testing\",\r\n  \"skills\": [\r\n    {\r\n      \"@odata.type\": \"#Microsoft.Skills.Text.TranslationSkill\",\r\n      \"name\": \"mytranslate\",\r\n      \"description\": null,\r\n      \"context\": null,\r\n      \"defaultFromLanguageCode\": null,\r\n      \"defaultToLanguageCode\": \"es\",\r\n      \"suggestedFrom\": null,\r\n      \"inputs\": [\r\n        {\r\n          \"name\": \"text\",\r\n          \"source\": \"/document/text\",\r\n          \"sourceContext\": null,\r\n          \"inputs\": []\r\n        }\r\n      ],\r\n      \"outputs\": [\r\n        {\r\n          \"name\": \"translatedText\",\r\n          \"targetName\": \"translatedText\"\r\n        },\r\n        {\r\n          \"name\": \"translatedFromLanguageCode\",\r\n          \"targetName\": \"translatedFromLanguageCode\"\r\n        },\r\n        {\r\n          \"name\": \"translatedToLanguageCode\",\r\n          \"targetName\": \"translatedToLanguageCode\"\r\n        }\r\n      ]\r\n    }\r\n  ],\r\n  \"cognitiveServices\": null,\r\n  \"knowledgeStore\": null\r\n}",
      "StatusCode": 201
    },
    {
      "RequestUri": "/skillsets?api-version=2019-05-06-Preview",
      "EncodedRequestUri": "L3NraWxsc2V0cz9hcGktdmVyc2lvbj0yMDE5LTA1LTA2LVByZXZpZXc=",
      "RequestMethod": "POST",
      "RequestBody": "{\r\n  \"name\": \"testskillset\",\r\n  \"description\": \"Skillset for testing\",\r\n  \"skills\": [\r\n    {\r\n      \"@odata.type\": \"#Microsoft.Skills.Text.TranslationSkill\",\r\n      \"defaultToLanguageCode\": \"es\",\r\n      \"defaultFromLanguageCode\": \"en\",\r\n      \"name\": \"mytranslate\",\r\n      \"inputs\": [\r\n        {\r\n          \"name\": \"text\",\r\n          \"source\": \"/document/text\"\r\n        }\r\n      ],\r\n      \"outputs\": [\r\n        {\r\n          \"name\": \"translatedText\",\r\n          \"targetName\": \"translatedText\"\r\n        },\r\n        {\r\n          \"name\": \"translatedFromLanguageCode\",\r\n          \"targetName\": \"translatedFromLanguageCode\"\r\n        },\r\n        {\r\n          \"name\": \"translatedToLanguageCode\",\r\n          \"targetName\": \"translatedToLanguageCode\"\r\n        }\r\n      ]\r\n    }\r\n  ]\r\n}",
      "RequestHeaders": {
        "client-request-id": [
          "55eca76f-ab56-4bc4-8cc1-d83b2de76447"
        ],
        "accept-language": [
          "en-US"
        ],
        "api-key": [
          "6523F046F998AEAEA911D9A61C764086"
        ],
        "User-Agent": [
          "FxVersion/4.8.4018.0",
          "OSName/Windows",
          "OSVersion/10.0.18362.0",
          "Microsoft.Azure.Search.SearchServiceClient/11.0.0.0"
        ],
        "Content-Type": [
          "application/json; charset=utf-8"
        ],
        "Content-Length": [
          "774"
        ]
      },
      "ResponseHeaders": {
        "Pragma": [
          "no-cache"
        ],
        "request-id": [
          "55eca76f-ab56-4bc4-8cc1-d83b2de76447"
        ],
        "elapsed-time": [
          "59"
        ],
        "OData-Version": [
          "4.0"
        ],
        "Preference-Applied": [
          "odata.include-annotations=\"*\""
        ],
        "Strict-Transport-Security": [
          "max-age=15724800; includeSubDomains"
        ],
        "Cache-Control": [
          "no-cache"
        ],
        "Date": [
          "Mon, 28 Oct 2019 20:07:05 GMT"
        ],
        "ETag": [
          "W/\"0x8D75BE267CB2151\""
        ],
        "Location": [
          "https://azs-3365.search-dogfood.windows-int.net/skillsets('testskillset')?api-version=2019-05-06-Preview"
        ],
        "Content-Length": [
          "755"
        ],
        "Content-Type": [
          "application/json; odata.metadata=minimal"
        ],
        "Expires": [
          "-1"
        ]
      },
      "ResponseBody": "{\r\n  \"@odata.context\": \"https://azs-3365.search-dogfood.windows-int.net/$metadata#skillsets/$entity\",\r\n  \"@odata.etag\": \"\\\"0x8D75BE267CB2151\\\"\",\r\n  \"name\": \"testskillset\",\r\n  \"description\": \"Skillset for testing\",\r\n  \"skills\": [\r\n    {\r\n      \"@odata.type\": \"#Microsoft.Skills.Text.TranslationSkill\",\r\n      \"name\": \"mytranslate\",\r\n      \"description\": null,\r\n      \"context\": null,\r\n      \"defaultFromLanguageCode\": \"en\",\r\n      \"defaultToLanguageCode\": \"es\",\r\n      \"suggestedFrom\": null,\r\n      \"inputs\": [\r\n        {\r\n          \"name\": \"text\",\r\n          \"source\": \"/document/text\",\r\n          \"sourceContext\": null,\r\n          \"inputs\": []\r\n        }\r\n      ],\r\n      \"outputs\": [\r\n        {\r\n          \"name\": \"translatedText\",\r\n          \"targetName\": \"translatedText\"\r\n        },\r\n        {\r\n          \"name\": \"translatedFromLanguageCode\",\r\n          \"targetName\": \"translatedFromLanguageCode\"\r\n        },\r\n        {\r\n          \"name\": \"translatedToLanguageCode\",\r\n          \"targetName\": \"translatedToLanguageCode\"\r\n        }\r\n      ]\r\n    }\r\n  ],\r\n  \"cognitiveServices\": null,\r\n  \"knowledgeStore\": null\r\n}",
      "StatusCode": 201
    },
    {
      "RequestUri": "/skillsets?api-version=2019-05-06-Preview",
      "EncodedRequestUri": "L3NraWxsc2V0cz9hcGktdmVyc2lvbj0yMDE5LTA1LTA2LVByZXZpZXc=",
      "RequestMethod": "POST",
      "RequestBody": "{\r\n  \"name\": \"testskillset\",\r\n  \"description\": \"Skillset for testing\",\r\n  \"skills\": [\r\n    {\r\n      \"@odata.type\": \"#Microsoft.Skills.Text.TranslationSkill\",\r\n      \"defaultToLanguageCode\": \"es\",\r\n      \"suggestedFrom\": \"en\",\r\n      \"name\": \"mytranslate\",\r\n      \"inputs\": [\r\n        {\r\n          \"name\": \"text\",\r\n          \"source\": \"/document/text\"\r\n        }\r\n      ],\r\n      \"outputs\": [\r\n        {\r\n          \"name\": \"translatedText\",\r\n          \"targetName\": \"translatedText\"\r\n        },\r\n        {\r\n          \"name\": \"translatedFromLanguageCode\",\r\n          \"targetName\": \"translatedFromLanguageCode\"\r\n        },\r\n        {\r\n          \"name\": \"translatedToLanguageCode\",\r\n          \"targetName\": \"translatedToLanguageCode\"\r\n        }\r\n      ]\r\n    }\r\n  ]\r\n}",
      "RequestHeaders": {
        "client-request-id": [
          "35622b50-f998-4a6e-a5d5-8e5e65725b5a"
        ],
        "accept-language": [
          "en-US"
        ],
        "api-key": [
          "6523F046F998AEAEA911D9A61C764086"
        ],
        "User-Agent": [
          "FxVersion/4.8.4018.0",
          "OSName/Windows",
          "OSVersion/10.0.18362.0",
          "Microsoft.Azure.Search.SearchServiceClient/11.0.0.0"
        ],
        "Content-Type": [
          "application/json; charset=utf-8"
        ],
        "Content-Length": [
          "764"
        ]
      },
      "ResponseHeaders": {
        "Pragma": [
          "no-cache"
        ],
        "request-id": [
          "35622b50-f998-4a6e-a5d5-8e5e65725b5a"
        ],
        "elapsed-time": [
          "49"
        ],
        "OData-Version": [
          "4.0"
        ],
        "Preference-Applied": [
          "odata.include-annotations=\"*\""
        ],
        "Strict-Transport-Security": [
          "max-age=15724800; includeSubDomains"
        ],
        "Cache-Control": [
          "no-cache"
        ],
        "Date": [
          "Mon, 28 Oct 2019 20:07:05 GMT"
        ],
        "ETag": [
          "W/\"0x8D75BE267E7B0DD\""
        ],
        "Location": [
          "https://azs-3365.search-dogfood.windows-int.net/skillsets('testskillset')?api-version=2019-05-06-Preview"
        ],
        "Content-Length": [
          "755"
        ],
        "Content-Type": [
          "application/json; odata.metadata=minimal"
        ],
        "Expires": [
          "-1"
        ]
      },
      "ResponseBody": "{\r\n  \"@odata.context\": \"https://azs-3365.search-dogfood.windows-int.net/$metadata#skillsets/$entity\",\r\n  \"@odata.etag\": \"\\\"0x8D75BE267E7B0DD\\\"\",\r\n  \"name\": \"testskillset\",\r\n  \"description\": \"Skillset for testing\",\r\n  \"skills\": [\r\n    {\r\n      \"@odata.type\": \"#Microsoft.Skills.Text.TranslationSkill\",\r\n      \"name\": \"mytranslate\",\r\n      \"description\": null,\r\n      \"context\": null,\r\n      \"defaultFromLanguageCode\": null,\r\n      \"defaultToLanguageCode\": \"es\",\r\n      \"suggestedFrom\": \"en\",\r\n      \"inputs\": [\r\n        {\r\n          \"name\": \"text\",\r\n          \"source\": \"/document/text\",\r\n          \"sourceContext\": null,\r\n          \"inputs\": []\r\n        }\r\n      ],\r\n      \"outputs\": [\r\n        {\r\n          \"name\": \"translatedText\",\r\n          \"targetName\": \"translatedText\"\r\n        },\r\n        {\r\n          \"name\": \"translatedFromLanguageCode\",\r\n          \"targetName\": \"translatedFromLanguageCode\"\r\n        },\r\n        {\r\n          \"name\": \"translatedToLanguageCode\",\r\n          \"targetName\": \"translatedToLanguageCode\"\r\n        }\r\n      ]\r\n    }\r\n  ],\r\n  \"cognitiveServices\": null,\r\n  \"knowledgeStore\": null\r\n}",
      "StatusCode": 201
    },
    {
      "RequestUri": "/skillsets?api-version=2019-05-06-Preview",
      "EncodedRequestUri": "L3NraWxsc2V0cz9hcGktdmVyc2lvbj0yMDE5LTA1LTA2LVByZXZpZXc=",
      "RequestMethod": "POST",
      "RequestBody": "{\r\n  \"name\": \"testskillset\",\r\n  \"description\": \"Skillset for testing\",\r\n  \"skills\": [\r\n    {\r\n      \"@odata.type\": \"#Microsoft.Skills.Text.TranslationSkill\",\r\n      \"defaultToLanguageCode\": \"es\",\r\n      \"defaultFromLanguageCode\": \"en\",\r\n      \"suggestedFrom\": \"en\",\r\n      \"name\": \"mytranslate\",\r\n      \"inputs\": [\r\n        {\r\n          \"name\": \"text\",\r\n          \"source\": \"/document/text\"\r\n        }\r\n      ],\r\n      \"outputs\": [\r\n        {\r\n          \"name\": \"translatedText\",\r\n          \"targetName\": \"translatedText\"\r\n        },\r\n        {\r\n          \"name\": \"translatedFromLanguageCode\",\r\n          \"targetName\": \"translatedFromLanguageCode\"\r\n        },\r\n        {\r\n          \"name\": \"translatedToLanguageCode\",\r\n          \"targetName\": \"translatedToLanguageCode\"\r\n        }\r\n      ]\r\n    }\r\n  ]\r\n}",
      "RequestHeaders": {
        "client-request-id": [
          "a4cac372-61e2-4533-8442-a4b2fee79a7d"
        ],
        "accept-language": [
          "en-US"
        ],
        "api-key": [
          "6523F046F998AEAEA911D9A61C764086"
        ],
        "User-Agent": [
          "FxVersion/4.8.4018.0",
          "OSName/Windows",
          "OSVersion/10.0.18362.0",
          "Microsoft.Azure.Search.SearchServiceClient/11.0.0.0"
        ],
        "Content-Type": [
          "application/json; charset=utf-8"
        ],
        "Content-Length": [
          "804"
        ]
      },
      "ResponseHeaders": {
        "Pragma": [
          "no-cache"
        ],
        "request-id": [
          "a4cac372-61e2-4533-8442-a4b2fee79a7d"
        ],
        "elapsed-time": [
          "54"
        ],
        "OData-Version": [
          "4.0"
        ],
        "Preference-Applied": [
          "odata.include-annotations=\"*\""
        ],
        "Strict-Transport-Security": [
          "max-age=15724800; includeSubDomains"
        ],
        "Cache-Control": [
          "no-cache"
        ],
        "Date": [
          "Mon, 28 Oct 2019 20:07:05 GMT"
        ],
        "ETag": [
          "W/\"0x8D75BE268057939\""
        ],
        "Location": [
          "https://azs-3365.search-dogfood.windows-int.net/skillsets('testskillset')?api-version=2019-05-06-Preview"
        ],
        "Content-Length": [
          "755"
        ],
        "Content-Type": [
          "application/json; odata.metadata=minimal"
        ],
        "Expires": [
          "-1"
        ]
      },
      "ResponseBody": "{\r\n  \"@odata.context\": \"https://azs-3365.search-dogfood.windows-int.net/$metadata#skillsets/$entity\",\r\n  \"@odata.etag\": \"\\\"0x8D75BE268057939\\\"\",\r\n  \"name\": \"testskillset\",\r\n  \"description\": \"Skillset for testing\",\r\n  \"skills\": [\r\n    {\r\n      \"@odata.type\": \"#Microsoft.Skills.Text.TranslationSkill\",\r\n      \"name\": \"mytranslate\",\r\n      \"description\": null,\r\n      \"context\": null,\r\n      \"defaultFromLanguageCode\": \"en\",\r\n      \"defaultToLanguageCode\": \"es\",\r\n      \"suggestedFrom\": \"en\",\r\n      \"inputs\": [\r\n        {\r\n          \"name\": \"text\",\r\n          \"source\": \"/document/text\",\r\n          \"sourceContext\": null,\r\n          \"inputs\": []\r\n        }\r\n      ],\r\n      \"outputs\": [\r\n        {\r\n          \"name\": \"translatedText\",\r\n          \"targetName\": \"translatedText\"\r\n        },\r\n        {\r\n          \"name\": \"translatedFromLanguageCode\",\r\n          \"targetName\": \"translatedFromLanguageCode\"\r\n        },\r\n        {\r\n          \"name\": \"translatedToLanguageCode\",\r\n          \"targetName\": \"translatedToLanguageCode\"\r\n        }\r\n      ]\r\n    }\r\n  ],\r\n  \"cognitiveServices\": null,\r\n  \"knowledgeStore\": null\r\n}",
      "StatusCode": 201
    },
    {
      "RequestUri": "/skillsets('testskillset')?api-version=2019-05-06-Preview",
      "EncodedRequestUri": "L3NraWxsc2V0cygndGVzdHNraWxsc2V0Jyk/YXBpLXZlcnNpb249MjAxOS0wNS0wNi1QcmV2aWV3",
      "RequestMethod": "DELETE",
      "RequestBody": "",
      "RequestHeaders": {
        "client-request-id": [
          "a5a3d937-c4f7-4bdc-acea-8ce003378030"
        ],
        "accept-language": [
          "en-US"
        ],
        "api-key": [
          "6523F046F998AEAEA911D9A61C764086"
        ],
        "User-Agent": [
          "FxVersion/4.8.4018.0",
          "OSName/Windows",
          "OSVersion/10.0.18362.0",
          "Microsoft.Azure.Search.SearchServiceClient/11.0.0.0"
        ]
      },
      "ResponseHeaders": {
        "Pragma": [
          "no-cache"
        ],
        "request-id": [
          "a5a3d937-c4f7-4bdc-acea-8ce003378030"
        ],
        "elapsed-time": [
          "93"
        ],
        "Strict-Transport-Security": [
          "max-age=15724800; includeSubDomains"
        ],
        "Cache-Control": [
          "no-cache"
        ],
        "Date": [
          "Mon, 28 Oct 2019 20:07:05 GMT"
        ],
        "Expires": [
          "-1"
        ]
      },
      "ResponseBody": "",
      "StatusCode": 204
    },
    {
      "RequestUri": "/skillsets('testskillset')?api-version=2019-05-06-Preview",
      "EncodedRequestUri": "L3NraWxsc2V0cygndGVzdHNraWxsc2V0Jyk/YXBpLXZlcnNpb249MjAxOS0wNS0wNi1QcmV2aWV3",
      "RequestMethod": "DELETE",
      "RequestBody": "",
      "RequestHeaders": {
        "client-request-id": [
          "305bc89d-ea16-483a-a55d-4255c8be585e"
        ],
        "accept-language": [
          "en-US"
        ],
        "api-key": [
          "6523F046F998AEAEA911D9A61C764086"
        ],
        "User-Agent": [
          "FxVersion/4.8.4018.0",
          "OSName/Windows",
          "OSVersion/10.0.18362.0",
          "Microsoft.Azure.Search.SearchServiceClient/11.0.0.0"
        ]
      },
      "ResponseHeaders": {
        "Pragma": [
          "no-cache"
        ],
        "request-id": [
          "305bc89d-ea16-483a-a55d-4255c8be585e"
        ],
        "elapsed-time": [
          "63"
        ],
        "Strict-Transport-Security": [
          "max-age=15724800; includeSubDomains"
        ],
        "Cache-Control": [
          "no-cache"
        ],
        "Date": [
          "Mon, 28 Oct 2019 20:07:05 GMT"
        ],
        "Expires": [
          "-1"
        ]
      },
      "ResponseBody": "",
      "StatusCode": 204
    },
    {
      "RequestUri": "/skillsets('testskillset')?api-version=2019-05-06-Preview",
      "EncodedRequestUri": "L3NraWxsc2V0cygndGVzdHNraWxsc2V0Jyk/YXBpLXZlcnNpb249MjAxOS0wNS0wNi1QcmV2aWV3",
      "RequestMethod": "DELETE",
      "RequestBody": "",
      "RequestHeaders": {
        "client-request-id": [
          "9121eb45-703a-456d-9319-f68e4d5a10be"
        ],
        "accept-language": [
          "en-US"
        ],
        "api-key": [
          "6523F046F998AEAEA911D9A61C764086"
        ],
        "User-Agent": [
          "FxVersion/4.8.4018.0",
          "OSName/Windows",
          "OSVersion/10.0.18362.0",
          "Microsoft.Azure.Search.SearchServiceClient/11.0.0.0"
        ]
      },
      "ResponseHeaders": {
        "Pragma": [
          "no-cache"
        ],
        "request-id": [
          "9121eb45-703a-456d-9319-f68e4d5a10be"
        ],
        "elapsed-time": [
          "70"
        ],
        "Strict-Transport-Security": [
          "max-age=15724800; includeSubDomains"
        ],
        "Cache-Control": [
          "no-cache"
        ],
        "Date": [
          "Mon, 28 Oct 2019 20:07:05 GMT"
        ],
        "Expires": [
          "-1"
        ]
      },
      "ResponseBody": "",
      "StatusCode": 204
    },
    {
      "RequestUri": "/skillsets('testskillset')?api-version=2019-05-06-Preview",
      "EncodedRequestUri": "L3NraWxsc2V0cygndGVzdHNraWxsc2V0Jyk/YXBpLXZlcnNpb249MjAxOS0wNS0wNi1QcmV2aWV3",
      "RequestMethod": "DELETE",
      "RequestBody": "",
      "RequestHeaders": {
        "client-request-id": [
          "14902f83-fd9d-49a0-812b-fd3c72ba30a3"
        ],
        "accept-language": [
          "en-US"
        ],
        "api-key": [
          "6523F046F998AEAEA911D9A61C764086"
        ],
        "User-Agent": [
          "FxVersion/4.8.4018.0",
          "OSName/Windows",
          "OSVersion/10.0.18362.0",
          "Microsoft.Azure.Search.SearchServiceClient/11.0.0.0"
        ]
      },
      "ResponseHeaders": {
        "Pragma": [
          "no-cache"
        ],
        "request-id": [
          "14902f83-fd9d-49a0-812b-fd3c72ba30a3"
        ],
        "elapsed-time": [
          "69"
        ],
        "Strict-Transport-Security": [
          "max-age=15724800; includeSubDomains"
        ],
        "Cache-Control": [
          "no-cache"
        ],
        "Date": [
          "Mon, 28 Oct 2019 20:07:05 GMT"
        ],
        "Expires": [
          "-1"
        ]
      },
      "ResponseBody": "",
      "StatusCode": 204
    },
    {
      "RequestUri": "/subscriptions/3c729b2a-4f86-4bb2-abe8-4b8647af156c/resourceGroups/azsmnet3138/providers/Microsoft.Search/searchServices/azs-3365?api-version=2015-08-19",
      "EncodedRequestUri": "L3N1YnNjcmlwdGlvbnMvM2M3MjliMmEtNGY4Ni00YmIyLWFiZTgtNGI4NjQ3YWYxNTZjL3Jlc291cmNlR3JvdXBzL2F6c21uZXQzMTM4L3Byb3ZpZGVycy9NaWNyb3NvZnQuU2VhcmNoL3NlYXJjaFNlcnZpY2VzL2F6cy0zMzY1P2FwaS12ZXJzaW9uPTIwMTUtMDgtMTk=",
      "RequestMethod": "DELETE",
      "RequestBody": "",
      "RequestHeaders": {
        "x-ms-client-request-id": [
          "52404c77-7288-49dc-9476-d28c50b0bee4"
        ],
        "accept-language": [
          "en-US"
        ],
        "User-Agent": [
          "FxVersion/4.8.4018.0",
          "OSName/Windows",
          "OSVersion/10.0.18362.0",
          "Microsoft.Azure.Management.Search.SearchManagementClient/3.0.0.0"
        ]
      },
      "ResponseHeaders": {
        "Pragma": [
          "no-cache"
        ],
        "x-ms-request-id": [
          "52404c77-7288-49dc-9476-d28c50b0bee4"
        ],
        "request-id": [
          "52404c77-7288-49dc-9476-d28c50b0bee4"
        ],
        "elapsed-time": [
          "745"
        ],
        "Strict-Transport-Security": [
          "max-age=31536000; includeSubDomains"
        ],
        "x-ms-ratelimit-remaining-subscription-deletes": [
          "14997"
        ],
        "x-ms-correlation-request-id": [
          "5f050029-4d53-4c3c-b059-a3aa8800dd91"
        ],
        "x-ms-routing-request-id": [
          "NORTHEUROPE:20191028T200710Z:5f050029-4d53-4c3c-b059-a3aa8800dd91"
        ],
        "X-Content-Type-Options": [
          "nosniff"
        ],
        "Cache-Control": [
          "no-cache"
        ],
        "Date": [
          "Mon, 28 Oct 2019 20:07:10 GMT"
        ],
        "Content-Length": [
          "0"
        ],
        "Expires": [
          "-1"
        ]
      },
      "ResponseBody": "",
      "StatusCode": 200
    }
  ],
  "Names": {
    "GenerateName": [
      "azsmnet3138"
    ],
    "GenerateServiceName": [
      "azs-3365"
    ]
  },
  "Variables": {
    "SubscriptionId": "3c729b2a-4f86-4bb2-abe8-4b8647af156c"
  }
}