{
  "Entries": [
    {
      "RequestUri": "https://management.azure.com/subscriptions/45b60d85-fd72-427a-a708-f994d26e593e?api-version=2021-01-01",
      "RequestMethod": "GET",
      "RequestHeaders": {
        "Accept": "application/json",
        "Authorization": "Sanitized",
        "Connection": "keep-alive",
        "traceparent": "00-bfe4581c52616e4095180f67fb362054-7c00c72c238d9c4e-00",
        "User-Agent": "azsdk-net-ResourceManager/1.3.1 (.NET Framework 4.8.4515.0; Microsoft Windows 10.0.19044 )",
        "x-ms-client-request-id": "6d0c67246f095b6d3c5007a79ebed763",
        "x-ms-return-client-request-id": "true"
      },
      "RequestBody": null,
      "StatusCode": 200,
      "ResponseHeaders": {
        "Cache-Control": "no-cache",
        "Content-Length": "411",
        "Content-Type": "application/json; charset=utf-8",
        "Date": "Wed, 21 Sep 2022 05:49:49 GMT",
        "Expires": "-1",
        "Pragma": "no-cache",
        "Strict-Transport-Security": "max-age=31536000; includeSubDomains",
        "X-Content-Type-Options": "nosniff",
        "x-ms-correlation-request-id": "a2f7bd9d-ef8d-4727-a821-f1256ac724f2",
        "x-ms-ratelimit-remaining-subscription-reads": "11999",
        "x-ms-request-id": "a2f7bd9d-ef8d-4727-a821-f1256ac724f2",
        "x-ms-routing-request-id": "SOUTHEASTASIA:20220921T054950Z:a2f7bd9d-ef8d-4727-a821-f1256ac724f2"
      },
      "ResponseBody": {
        "id": "/subscriptions/45b60d85-fd72-427a-a708-f994d26e593e",
        "authorizationSource": "RoleBased",
        "managedByTenants": [],
        "subscriptionId": "45b60d85-fd72-427a-a708-f994d26e593e",
        "tenantId": "72f988bf-86f1-41af-91ab-2d7cd011db47",
        "displayName": "AzureStorage_DMStaging_10041369",
        "state": "Enabled",
        "subscriptionPolicies": {
          "locationPlacementId": "Internal_2014-09-01",
          "quotaId": "Internal_2014-09-01",
          "spendingLimit": "Off"
        }
      }
    },
    {
      "RequestUri": "https://management.azure.com/subscriptions/45b60d85-fd72-427a-a708-f994d26e593e/resourcegroups/testelasticsan?api-version=**",
      "RequestMethod": "GET",
      "RequestHeaders": {
        "Accept": "application/json",
        "Authorization": "Sanitized",
        "traceparent": "00-2e60a32c84ead44698150cef4b2f1bf9-0924002655705f47-00",
        "User-Agent": "azsdk-net-ResourceManager/1.3.1 (.NET Framework 4.8.4515.0; Microsoft Windows 10.0.19044 )",
        "x-ms-client-request-id": "7def99ff6dd62d172d332075a5a0ea11",
        "x-ms-return-client-request-id": "true"
      },
      "RequestBody": null,
      "StatusCode": 200,
      "ResponseHeaders": {
        "Cache-Control": "no-cache",
        "Content-Length": "226",
        "Content-Type": "application/json; charset=utf-8",
        "Date": "Wed, 21 Sep 2022 05:49:49 GMT",
        "Expires": "-1",
        "Pragma": "no-cache",
        "Strict-Transport-Security": "max-age=31536000; includeSubDomains",
        "X-Content-Type-Options": "nosniff",
        "x-ms-correlation-request-id": "d225c8b6-9657-4ba9-885c-6049a5f92de8",
        "x-ms-ratelimit-remaining-subscription-reads": "11998",
        "x-ms-request-id": "d225c8b6-9657-4ba9-885c-6049a5f92de8",
        "x-ms-routing-request-id": "SOUTHEASTASIA:20220921T054950Z:d225c8b6-9657-4ba9-885c-6049a5f92de8"
      },
      "ResponseBody": {
        "id": "/subscriptions/45b60d85-fd72-427a-a708-f994d26e593e/resourceGroups/testelasticsan",
        "name": "testelasticsan",
        "type": "Microsoft.Resources/resourceGroups",
        "location": "eastus2",
        "properties": {
          "provisioningState": "Succeeded"
        }
      }
    },
    {
      "RequestUri": "https://management.azure.com/subscriptions/45b60d85-fd72-427a-a708-f994d26e593e/resourceGroups/testelasticsan/providers/Microsoft.ElasticSan/elasticSans/testsan1?api-version=2021-11-20-preview",
      "RequestMethod": "GET",
      "RequestHeaders": {
        "Accept": "application/json",
        "Authorization": "Sanitized",
        "traceparent": "00-9ed3503007d7354f93900e50f3c11d94-f5129662ca57274c-00",
        "User-Agent": "azsdk-net-ResourceManager.ElasticSan/1.0.0-alpha.20220921.1 (.NET Framework 4.8.4515.0; Microsoft Windows 10.0.19044 )",
        "x-ms-client-request-id": "9c50db6ba8038c02069eb8e76a0c2013",
        "x-ms-return-client-request-id": "true"
      },
      "RequestBody": null,
      "StatusCode": 200,
      "ResponseHeaders": {
        "Cache-Control": "no-cache",
        "Content-Length": "752",
        "Content-Type": "application/json",
        "Date": "Wed, 21 Sep 2022 05:49:52 GMT",
        "Expires": "-1",
        "Pragma": "no-cache",
        "Server": "Microsoft-Azure-Storage-Resource-Provider/1.0,Microsoft-HTTPAPI/2.0 Microsoft-HTTPAPI/2.0",
        "Strict-Transport-Security": "max-age=31536000; includeSubDomains",
        "X-Content-Type-Options": "nosniff",
        "x-ms-client-request-id": "9c50db6ba8038c02069eb8e76a0c2013",
        "x-ms-correlation-request-id": "7a449c6a-6cc3-41a0-930e-273cdbc5a6f6",
        "x-ms-ratelimit-remaining-subscription-reads": "11997",
        "x-ms-request-id": "fc669deb-8908-4b5e-b97f-e31dd9bca8f1",
        "x-ms-routing-request-id": "SOUTHEASTASIA:20220921T054952Z:7a449c6a-6cc3-41a0-930e-273cdbc5a6f6"
      },
      "ResponseBody": {
        "properties": {
          "sku": {
            "name": "Premium_LRS"
          },
          "provisioningState": "Succeeded",
          "baseSizeTiB": 2,
          "extendedCapacitySizeTiB": 7,
          "totalIops": 10000,
          "totalMBps": 160,
          "totalSizeTiB": 9,
          "volumeGroupCount": 8,
          "totalVolumeSizeGiB": 1000
        },
        "location": "southcentralusstg",
        "id": "/subscriptions/45b60d85-fd72-427a-a708-f994d26e593e/resourceGroups/testelasticsan/providers/Microsoft.ElasticSan/elasticSans/testsan1",
        "name": "testsan1",
        "type": "Microsoft.ElasticSan/ElasticSans",
        "tags": {
          "tag3": "val3"
        },
        "systemData": {
          "createdAt": "2022-09-21T05:34:41.8156679Z",
          "createdBy": "a000255f-5f09-45e0-a970-9d9ed9cc6453",
          "createdByType": "Application",
          "lastModifiedAt": "2022-09-21T05:43:23.8791771Z",
          "lastModifiedBy": "a000255f-5f09-45e0-a970-9d9ed9cc6453",
          "lastModifiedByType": "Application"
        }
      }
    },
    {
      "RequestUri": "https://management.azure.com/subscriptions/45b60d85-fd72-427a-a708-f994d26e593e/resourceGroups/testelasticsan/providers/Microsoft.ElasticSan/elasticSans/testsan1/volumegroups/testvolumegroup-4549?api-version=2021-11-20-preview",
      "RequestMethod": "PUT",
      "RequestHeaders": {
        "Accept": "application/json",
        "Authorization": "Sanitized",
        "Content-Length": "311",
        "Content-Type": "application/json",
        "traceparent": "00-7b2abef3e4f38b40b8eea6773cc6361d-ab7273098de60e42-00",
        "User-Agent": "azsdk-net-ResourceManager.ElasticSan/1.0.0-alpha.20220921.1 (.NET Framework 4.8.4515.0; Microsoft Windows 10.0.19044 )",
        "x-ms-client-request-id": "47e3cbabfd794fb6de3fd64ff7b59b65",
        "x-ms-return-client-request-id": "true"
      },
      "RequestBody": {
        "tags": {
          "tag1": "value1"
        },
        "properties": {
          "protocolType": "Iscsi",
          "encryption": "EncryptionAtRestWithPlatformKey",
          "networkAcls": {
            "virtualNetworkRules": [
              {
                "id": "/subscriptions/45b60d85-fd72-427a-a708-f994d26e593e/resourceGroups/testelasticsan/providers/Microsoft.Network/virtualNetworks/testvnet/subnets/subnet1"
              }
            ]
          }
        }
      },
      "StatusCode": 202,
      "ResponseHeaders": {
        "Cache-Control": "no-cache",
        "Content-Length": "884",
        "Content-Type": "application/json",
        "Date": "Wed, 21 Sep 2022 05:49:53 GMT",
        "Expires": "-1",
        "Location": "https://management.azure.com/subscriptions/45b60d85-fd72-427a-a708-f994d26e593e/providers/Microsoft.ElasticSan/locations/southcentralusstg/asyncoperations/c29cde7b-9857-4966-b724-d99d104888ad?monitor=true\u0026api-version=2021-11-20-preview",
        "Pragma": "no-cache",
        "Retry-After": "17",
        "Server": "Microsoft-Azure-Storage-Resource-Provider/1.0,Microsoft-HTTPAPI/2.0 Microsoft-HTTPAPI/2.0",
        "Strict-Transport-Security": "max-age=31536000; includeSubDomains",
        "X-Content-Type-Options": "nosniff",
        "x-ms-client-request-id": "47e3cbabfd794fb6de3fd64ff7b59b65",
        "x-ms-correlation-request-id": "30127375-2440-4c1c-b481-9c111c40bb14",
        "x-ms-ratelimit-remaining-subscription-writes": "1199",
        "x-ms-request-id": "c29cde7b-9857-4966-b724-d99d104888ad",
        "x-ms-routing-request-id": "SOUTHEASTASIA:20220921T054954Z:30127375-2440-4c1c-b481-9c111c40bb14"
      },
      "ResponseBody": {
        "properties": {
          "provisioningState": "Creating",
          "networkAcls": {
            "virtualNetworkRules": [
              {
                "action": "Allow",
                "id": "/subscriptions/45b60d85-fd72-427a-a708-f994d26e593e/resourceGroups/testelasticsan/providers/Microsoft.Network/virtualNetworks/testvnet/subnets/subnet1"
              }
            ]
          },
          "protocolType": "iSCSI",
          "encryption": "EncryptionAtRestWithPlatformKey"
        },
        "id": "/subscriptions/45b60d85-fd72-427a-a708-f994d26e593e/resourceGroups/testelasticsan/providers/Microsoft.ElasticSan/elasticSans/testsan1/volumegroups/testvolumegroup-4549",
        "name": "testvolumegroup-4549",
        "type": "Microsoft.ElasticSan/ElasticSans",
        "tags": {
          "tag1": "value1"
        },
        "systemData": {
          "createdAt": "2022-09-21T05:49:53.7842432Z",
          "createdBy": "a000255f-5f09-45e0-a970-9d9ed9cc6453",
          "createdByType": "Application",
          "lastModifiedAt": "2022-09-21T05:49:53.7842432Z",
          "lastModifiedBy": "a000255f-5f09-45e0-a970-9d9ed9cc6453",
          "lastModifiedByType": "Application"
        }
      }
    },
    {
      "RequestUri": "https://management.azure.com/subscriptions/45b60d85-fd72-427a-a708-f994d26e593e/providers/Microsoft.ElasticSan/locations/southcentralusstg/asyncoperations/c29cde7b-9857-4966-b724-d99d104888ad?monitor=true\u0026api-version=2021-11-20-preview",
      "RequestMethod": "GET",
      "RequestHeaders": {
        "Authorization": "Sanitized",
        "traceparent": "00-7b2abef3e4f38b40b8eea6773cc6361d-45fb56ac73de9147-00",
        "User-Agent": "azsdk-net-ResourceManager/1.3.1 (.NET Framework 4.8.4515.0; Microsoft Windows 10.0.19044 )",
        "x-ms-client-request-id": "d5f9530cca06ddf2994c24682c3d0ee9",
        "x-ms-return-client-request-id": "true"
      },
      "RequestBody": null,
      "StatusCode": 200,
      "ResponseHeaders": {
        "Cache-Control": "no-cache",
        "Content-Length": "885",
        "Content-Type": "application/json",
        "Date": "Wed, 21 Sep 2022 05:49:53 GMT",
        "Expires": "-1",
        "Pragma": "no-cache",
        "Server": "Microsoft-Azure-Storage-Resource-Provider/1.0,Microsoft-HTTPAPI/2.0 Microsoft-HTTPAPI/2.0",
        "Strict-Transport-Security": "max-age=31536000; includeSubDomains",
        "X-Content-Type-Options": "nosniff",
        "x-ms-client-request-id": "d5f9530cca06ddf2994c24682c3d0ee9",
        "x-ms-correlation-request-id": "263737ba-1f23-4fa9-80aa-4f783cec3223",
        "x-ms-ratelimit-remaining-subscription-reads": "11996",
        "x-ms-request-id": "148d8e9e-251f-4809-a822-383e59f456c8",
        "x-ms-routing-request-id": "SOUTHEASTASIA:20220921T054954Z:263737ba-1f23-4fa9-80aa-4f783cec3223"
      },
      "ResponseBody": {
        "properties": {
          "provisioningState": "Succeeded",
          "networkAcls": {
            "virtualNetworkRules": [
              {
                "action": "Allow",
                "id": "/subscriptions/45b60d85-fd72-427a-a708-f994d26e593e/resourceGroups/testelasticsan/providers/Microsoft.Network/virtualNetworks/testvnet/subnets/subnet1"
              }
            ]
          },
          "protocolType": "iSCSI",
          "encryption": "EncryptionAtRestWithPlatformKey"
        },
        "id": "/subscriptions/45b60d85-fd72-427a-a708-f994d26e593e/resourceGroups/testelasticsan/providers/Microsoft.ElasticSan/elasticSans/testsan1/volumegroups/testvolumegroup-4549",
        "name": "testvolumegroup-4549",
        "type": "Microsoft.ElasticSan/ElasticSans",
        "tags": {
          "tag1": "value1"
        },
        "systemData": {
          "createdAt": "2022-09-21T05:49:53.7842432Z",
          "createdBy": "a000255f-5f09-45e0-a970-9d9ed9cc6453",
          "createdByType": "Application",
          "lastModifiedAt": "2022-09-21T05:49:53.7842432Z",
          "lastModifiedBy": "a000255f-5f09-45e0-a970-9d9ed9cc6453",
          "lastModifiedByType": "Application"
        }
      }
    }
  ],
  "Variables": {
    "AZURE_AUTHORITY_HOST": "https://login.microsoftonline.com",
    "RandomSeed": "1049561933",
    "RESOURCE_MANAGER_URL": null,
    "SUBSCRIPTION_ID": "45b60d85-fd72-427a-a708-f994d26e593e"
  }
}
