{
  "Entries": [
    {
      "RequestUri": "https://management.azure.com/subscriptions/45b60d85-fd72-427a-a708-f994d26e593e?api-version=2021-01-01",
      "RequestMethod": "GET",
      "RequestHeaders": {
        "Accept": "application/json",
        "Authorization": "Sanitized",
        "traceparent": "00-64d5b4d29b00ca48bae2bef727693624-cb4c182d087b2740-00",
        "User-Agent": "azsdk-net-ResourceManager/1.3.1 (.NET Framework 4.8.4515.0; Microsoft Windows 10.0.19044 )",
        "x-ms-client-request-id": "70f49645f1c38e0439bedb33b37e135a",
        "x-ms-return-client-request-id": "true"
      },
      "RequestBody": null,
      "StatusCode": 200,
      "ResponseHeaders": {
        "Cache-Control": "no-cache",
        "Content-Length": "411",
        "Content-Type": "application/json; charset=utf-8",
        "Date": "Wed, 21 Sep 2022 05:50:02 GMT",
        "Expires": "-1",
        "Pragma": "no-cache",
        "Strict-Transport-Security": "max-age=31536000; includeSubDomains",
        "X-Content-Type-Options": "nosniff",
        "x-ms-correlation-request-id": "b5aca708-094f-44bd-859d-0b94ce8998cd",
        "x-ms-ratelimit-remaining-subscription-reads": "11984",
        "x-ms-request-id": "b5aca708-094f-44bd-859d-0b94ce8998cd",
        "x-ms-routing-request-id": "SOUTHEASTASIA:20220921T055003Z:b5aca708-094f-44bd-859d-0b94ce8998cd"
      },
      "ResponseBody": {
        "id": "/subscriptions/45b60d85-fd72-427a-a708-f994d26e593e",
        "authorizationSource": "RoleBased",
        "managedByTenants": [],
        "subscriptionId": "45b60d85-fd72-427a-a708-f994d26e593e",
        "tenantId": "72f988bf-86f1-41af-91ab-2d7cd011db47",
        "displayName": "AzureStorage_DMStaging_10041369",
        "state": "Enabled",
        "subscriptionPolicies": {
          "locationPlacementId": "Internal_2014-09-01",
          "quotaId": "Internal_2014-09-01",
          "spendingLimit": "Off"
        }
      }
    },
    {
      "RequestUri": "https://management.azure.com/subscriptions/45b60d85-fd72-427a-a708-f994d26e593e/resourcegroups/testelasticsan?api-version=**",
      "RequestMethod": "GET",
      "RequestHeaders": {
        "Accept": "application/json",
        "Authorization": "Sanitized",
        "traceparent": "00-f904f043887ea349a9f1f473911be20c-44e9fb9d7374dd4f-00",
        "User-Agent": "azsdk-net-ResourceManager/1.3.1 (.NET Framework 4.8.4515.0; Microsoft Windows 10.0.19044 )",
        "x-ms-client-request-id": "0752bdcaa7cf8b95747a90256e6b5faa",
        "x-ms-return-client-request-id": "true"
      },
      "RequestBody": null,
      "StatusCode": 200,
      "ResponseHeaders": {
        "Cache-Control": "no-cache",
        "Content-Length": "226",
        "Content-Type": "application/json; charset=utf-8",
        "Date": "Wed, 21 Sep 2022 05:50:02 GMT",
        "Expires": "-1",
        "Pragma": "no-cache",
        "Strict-Transport-Security": "max-age=31536000; includeSubDomains",
        "X-Content-Type-Options": "nosniff",
        "x-ms-correlation-request-id": "08cab423-0dd2-45a2-b003-22933e77c21f",
        "x-ms-ratelimit-remaining-subscription-reads": "11983",
        "x-ms-request-id": "08cab423-0dd2-45a2-b003-22933e77c21f",
        "x-ms-routing-request-id": "SOUTHEASTASIA:20220921T055003Z:08cab423-0dd2-45a2-b003-22933e77c21f"
      },
      "ResponseBody": {
        "id": "/subscriptions/45b60d85-fd72-427a-a708-f994d26e593e/resourceGroups/testelasticsan",
        "name": "testelasticsan",
        "type": "Microsoft.Resources/resourceGroups",
        "location": "eastus2",
        "properties": {
          "provisioningState": "Succeeded"
        }
      }
    },
    {
      "RequestUri": "https://management.azure.com/subscriptions/45b60d85-fd72-427a-a708-f994d26e593e/resourceGroups/testelasticsan/providers/Microsoft.ElasticSan/elasticSans/testsan1?api-version=2021-11-20-preview",
      "RequestMethod": "GET",
      "RequestHeaders": {
        "Accept": "application/json",
        "Authorization": "Sanitized",
        "traceparent": "00-82fd911fee229643add1c62054f32af6-1ea0ebd93df13844-00",
        "User-Agent": "azsdk-net-ResourceManager.ElasticSan/1.0.0-alpha.20220921.1 (.NET Framework 4.8.4515.0; Microsoft Windows 10.0.19044 )",
        "x-ms-client-request-id": "410271f4f4f3e99cd2d4044e43e11455",
        "x-ms-return-client-request-id": "true"
      },
      "RequestBody": null,
      "StatusCode": 200,
      "ResponseHeaders": {
        "Cache-Control": "no-cache",
        "Content-Length": "753",
        "Content-Type": "application/json",
        "Date": "Wed, 21 Sep 2022 05:50:03 GMT",
        "Expires": "-1",
        "Pragma": "no-cache",
        "Server": "Microsoft-Azure-Storage-Resource-Provider/1.0,Microsoft-HTTPAPI/2.0 Microsoft-HTTPAPI/2.0",
        "Strict-Transport-Security": "max-age=31536000; includeSubDomains",
        "X-Content-Type-Options": "nosniff",
        "x-ms-client-request-id": "410271f4f4f3e99cd2d4044e43e11455",
        "x-ms-correlation-request-id": "cab57992-aa91-420d-8c19-2337dcc48802",
        "x-ms-ratelimit-remaining-subscription-reads": "11982",
        "x-ms-request-id": "02178a78-c70c-4066-abb7-952c2e76ab85",
        "x-ms-routing-request-id": "SOUTHEASTASIA:20220921T055004Z:cab57992-aa91-420d-8c19-2337dcc48802"
      },
      "ResponseBody": {
        "properties": {
          "sku": {
            "name": "Premium_LRS"
          },
          "provisioningState": "Succeeded",
          "baseSizeTiB": 2,
          "extendedCapacitySizeTiB": 7,
          "totalIops": 10000,
          "totalMBps": 160,
          "totalSizeTiB": 9,
          "volumeGroupCount": 11,
          "totalVolumeSizeGiB": 1000
        },
        "location": "southcentralusstg",
        "id": "/subscriptions/45b60d85-fd72-427a-a708-f994d26e593e/resourceGroups/testelasticsan/providers/Microsoft.ElasticSan/elasticSans/testsan1",
        "name": "testsan1",
        "type": "Microsoft.ElasticSan/ElasticSans",
        "tags": {
          "tag3": "val3"
        },
        "systemData": {
          "createdAt": "2022-09-21T05:34:41.8156679Z",
          "createdBy": "a000255f-5f09-45e0-a970-9d9ed9cc6453",
          "createdByType": "Application",
          "lastModifiedAt": "2022-09-21T05:43:23.8791771Z",
          "lastModifiedBy": "a000255f-5f09-45e0-a970-9d9ed9cc6453",
          "lastModifiedByType": "Application"
        }
      }
    },
    {
      "RequestUri": "https://management.azure.com/subscriptions/45b60d85-fd72-427a-a708-f994d26e593e/resourceGroups/testelasticsan/providers/Microsoft.ElasticSan/elasticSans/testsan1/volumegroups/testvolumegroup-7209?api-version=2021-11-20-preview",
      "RequestMethod": "PUT",
      "RequestHeaders": {
        "Accept": "application/json",
        "Authorization": "Sanitized",
        "Content-Length": "17",
        "Content-Type": "application/json",
        "traceparent": "00-31195959143a654c8c75759da447c8fd-1ef83dd768861246-00",
        "User-Agent": "azsdk-net-ResourceManager.ElasticSan/1.0.0-alpha.20220921.1 (.NET Framework 4.8.4515.0; Microsoft Windows 10.0.19044 )",
        "x-ms-client-request-id": "b2a630fb9d056900fb4960de20ce5f31",
        "x-ms-return-client-request-id": "true"
      },
      "RequestBody": {
        "properties": {}
      },
      "StatusCode": 202,
      "ResponseHeaders": {
        "Cache-Control": "no-cache",
        "Content-Length": "642",
        "Content-Type": "application/json",
        "Date": "Wed, 21 Sep 2022 05:50:06 GMT",
        "Expires": "-1",
        "Location": "https://management.azure.com/subscriptions/45b60d85-fd72-427a-a708-f994d26e593e/providers/Microsoft.ElasticSan/locations/southcentralusstg/asyncoperations/e59a5190-b6f0-45f8-8767-da23ff6e2074?monitor=true\u0026api-version=2021-11-20-preview",
        "Pragma": "no-cache",
        "Retry-After": "17",
        "Server": "Microsoft-Azure-Storage-Resource-Provider/1.0,Microsoft-HTTPAPI/2.0 Microsoft-HTTPAPI/2.0",
        "Strict-Transport-Security": "max-age=31536000; includeSubDomains",
        "X-Content-Type-Options": "nosniff",
        "x-ms-client-request-id": "b2a630fb9d056900fb4960de20ce5f31",
        "x-ms-correlation-request-id": "a2eba74d-d3cc-41b3-a5eb-5c4be9b45221",
        "x-ms-ratelimit-remaining-subscription-writes": "1196",
        "x-ms-request-id": "e59a5190-b6f0-45f8-8767-da23ff6e2074",
        "x-ms-routing-request-id": "SOUTHEASTASIA:20220921T055007Z:a2eba74d-d3cc-41b3-a5eb-5c4be9b45221"
      },
      "ResponseBody": {
        "properties": {
          "provisioningState": "Creating",
          "protocolType": "iSCSI",
          "encryption": "EncryptionAtRestWithPlatformKey"
        },
        "id": "/subscriptions/45b60d85-fd72-427a-a708-f994d26e593e/resourceGroups/testelasticsan/providers/Microsoft.ElasticSan/elasticSans/testsan1/volumegroups/testvolumegroup-7209",
        "name": "testvolumegroup-7209",
        "type": "Microsoft.ElasticSan/ElasticSans",
        "systemData": {
          "createdAt": "2022-09-21T05:50:05.9250023Z",
          "createdBy": "a000255f-5f09-45e0-a970-9d9ed9cc6453",
          "createdByType": "Application",
          "lastModifiedAt": "2022-09-21T05:50:05.9250023Z",
          "lastModifiedBy": "a000255f-5f09-45e0-a970-9d9ed9cc6453",
          "lastModifiedByType": "Application"
        }
      }
    },
    {
      "RequestUri": "https://management.azure.com/subscriptions/45b60d85-fd72-427a-a708-f994d26e593e/providers/Microsoft.ElasticSan/locations/southcentralusstg/asyncoperations/e59a5190-b6f0-45f8-8767-da23ff6e2074?monitor=true\u0026api-version=2021-11-20-preview",
      "RequestMethod": "GET",
      "RequestHeaders": {
        "Authorization": "Sanitized",
        "traceparent": "00-31195959143a654c8c75759da447c8fd-2beea9187282d444-00",
        "User-Agent": "azsdk-net-ResourceManager/1.3.1 (.NET Framework 4.8.4515.0; Microsoft Windows 10.0.19044 )",
        "x-ms-client-request-id": "2e6fb76f4204646b408af85288f3b435",
        "x-ms-return-client-request-id": "true"
      },
      "RequestBody": null,
      "StatusCode": 200,
      "ResponseHeaders": {
        "Cache-Control": "no-cache",
        "Content-Length": "643",
        "Content-Type": "application/json",
        "Date": "Wed, 21 Sep 2022 05:50:06 GMT",
        "Expires": "-1",
        "Pragma": "no-cache",
        "Server": "Microsoft-Azure-Storage-Resource-Provider/1.0,Microsoft-HTTPAPI/2.0 Microsoft-HTTPAPI/2.0",
        "Strict-Transport-Security": "max-age=31536000; includeSubDomains",
        "X-Content-Type-Options": "nosniff",
        "x-ms-client-request-id": "2e6fb76f4204646b408af85288f3b435",
        "x-ms-correlation-request-id": "0a0365d5-82b9-4cd2-b5e2-104c4a3c40e4",
        "x-ms-ratelimit-remaining-subscription-reads": "11981",
        "x-ms-request-id": "1817faf8-6c18-4603-898d-a910d756c541",
        "x-ms-routing-request-id": "SOUTHEASTASIA:20220921T055007Z:0a0365d5-82b9-4cd2-b5e2-104c4a3c40e4"
      },
      "ResponseBody": {
        "properties": {
          "provisioningState": "Succeeded",
          "protocolType": "iSCSI",
          "encryption": "EncryptionAtRestWithPlatformKey"
        },
        "id": "/subscriptions/45b60d85-fd72-427a-a708-f994d26e593e/resourceGroups/testelasticsan/providers/Microsoft.ElasticSan/elasticSans/testsan1/volumegroups/testvolumegroup-7209",
        "name": "testvolumegroup-7209",
        "type": "Microsoft.ElasticSan/ElasticSans",
        "systemData": {
          "createdAt": "2022-09-21T05:50:05.9250023Z",
          "createdBy": "a000255f-5f09-45e0-a970-9d9ed9cc6453",
          "createdByType": "Application",
          "lastModifiedAt": "2022-09-21T05:50:05.9250023Z",
          "lastModifiedBy": "a000255f-5f09-45e0-a970-9d9ed9cc6453",
          "lastModifiedByType": "Application"
        }
      }
    },
    {
      "RequestUri": "https://management.azure.com/subscriptions/45b60d85-fd72-427a-a708-f994d26e593e/resourceGroups/testelasticsan/providers/Microsoft.ElasticSan/elasticSans/testsan1/volumegroups/testvolumegroup-2830?api-version=2021-11-20-preview",
      "RequestMethod": "PUT",
      "RequestHeaders": {
        "Accept": "application/json",
        "Authorization": "Sanitized",
        "Content-Length": "17",
        "Content-Type": "application/json",
        "traceparent": "00-5538222b08466d47b2ff6c34c4b85f18-eba00e52abe8ef40-00",
        "User-Agent": "azsdk-net-ResourceManager.ElasticSan/1.0.0-alpha.20220921.1 (.NET Framework 4.8.4515.0; Microsoft Windows 10.0.19044 )",
        "x-ms-client-request-id": "d2a312efe3d925500f3c7d0afab92068",
        "x-ms-return-client-request-id": "true"
      },
      "RequestBody": {
        "properties": {}
      },
      "StatusCode": 202,
      "ResponseHeaders": {
        "Cache-Control": "no-cache",
        "Content-Length": "642",
        "Content-Type": "application/json",
        "Date": "Wed, 21 Sep 2022 05:50:08 GMT",
        "Expires": "-1",
        "Location": "https://management.azure.com/subscriptions/45b60d85-fd72-427a-a708-f994d26e593e/providers/Microsoft.ElasticSan/locations/southcentralusstg/asyncoperations/78153433-3813-4a83-8a1b-9e526edcc5d4?monitor=true\u0026api-version=2021-11-20-preview",
        "Pragma": "no-cache",
        "Retry-After": "17",
        "Server": "Microsoft-Azure-Storage-Resource-Provider/1.0,Microsoft-HTTPAPI/2.0 Microsoft-HTTPAPI/2.0",
        "Strict-Transport-Security": "max-age=31536000; includeSubDomains",
        "X-Content-Type-Options": "nosniff",
        "x-ms-client-request-id": "d2a312efe3d925500f3c7d0afab92068",
        "x-ms-correlation-request-id": "a86285d5-e6e0-40e7-99ea-a76a59493762",
        "x-ms-ratelimit-remaining-subscription-writes": "1195",
        "x-ms-request-id": "78153433-3813-4a83-8a1b-9e526edcc5d4",
        "x-ms-routing-request-id": "SOUTHEASTASIA:20220921T055008Z:a86285d5-e6e0-40e7-99ea-a76a59493762"
      },
      "ResponseBody": {
        "properties": {
          "provisioningState": "Creating",
          "protocolType": "iSCSI",
          "encryption": "EncryptionAtRestWithPlatformKey"
        },
        "id": "/subscriptions/45b60d85-fd72-427a-a708-f994d26e593e/resourceGroups/testelasticsan/providers/Microsoft.ElasticSan/elasticSans/testsan1/volumegroups/testvolumegroup-2830",
        "name": "testvolumegroup-2830",
        "type": "Microsoft.ElasticSan/ElasticSans",
        "systemData": {
          "createdAt": "2022-09-21T05:50:08.1125302Z",
          "createdBy": "a000255f-5f09-45e0-a970-9d9ed9cc6453",
          "createdByType": "Application",
          "lastModifiedAt": "2022-09-21T05:50:08.1125302Z",
          "lastModifiedBy": "a000255f-5f09-45e0-a970-9d9ed9cc6453",
          "lastModifiedByType": "Application"
        }
      }
    },
    {
      "RequestUri": "https://management.azure.com/subscriptions/45b60d85-fd72-427a-a708-f994d26e593e/providers/Microsoft.ElasticSan/locations/southcentralusstg/asyncoperations/78153433-3813-4a83-8a1b-9e526edcc5d4?monitor=true\u0026api-version=2021-11-20-preview",
      "RequestMethod": "GET",
      "RequestHeaders": {
        "Authorization": "Sanitized",
        "traceparent": "00-5538222b08466d47b2ff6c34c4b85f18-6cec26b1376c3647-00",
        "User-Agent": "azsdk-net-ResourceManager/1.3.1 (.NET Framework 4.8.4515.0; Microsoft Windows 10.0.19044 )",
        "x-ms-client-request-id": "36576d4693ef8b61674a1ec7c4616986",
        "x-ms-return-client-request-id": "true"
      },
      "RequestBody": null,
      "StatusCode": 200,
      "ResponseHeaders": {
        "Cache-Control": "no-cache",
        "Content-Length": "643",
        "Content-Type": "application/json",
        "Date": "Wed, 21 Sep 2022 05:50:08 GMT",
        "Expires": "-1",
        "Pragma": "no-cache",
        "Server": "Microsoft-Azure-Storage-Resource-Provider/1.0,Microsoft-HTTPAPI/2.0 Microsoft-HTTPAPI/2.0",
        "Strict-Transport-Security": "max-age=31536000; includeSubDomains",
        "X-Content-Type-Options": "nosniff",
        "x-ms-client-request-id": "36576d4693ef8b61674a1ec7c4616986",
        "x-ms-correlation-request-id": "fc9750bd-3444-483f-b213-8a9c5dfa0e04",
        "x-ms-ratelimit-remaining-subscription-reads": "11980",
        "x-ms-request-id": "1da2d864-9522-4a7d-ac74-a2206df7d432",
        "x-ms-routing-request-id": "SOUTHEASTASIA:20220921T055009Z:fc9750bd-3444-483f-b213-8a9c5dfa0e04"
      },
      "ResponseBody": {
        "properties": {
          "provisioningState": "Succeeded",
          "protocolType": "iSCSI",
          "encryption": "EncryptionAtRestWithPlatformKey"
        },
        "id": "/subscriptions/45b60d85-fd72-427a-a708-f994d26e593e/resourceGroups/testelasticsan/providers/Microsoft.ElasticSan/elasticSans/testsan1/volumegroups/testvolumegroup-2830",
        "name": "testvolumegroup-2830",
        "type": "Microsoft.ElasticSan/ElasticSans",
        "systemData": {
          "createdAt": "2022-09-21T05:50:08.1125302Z",
          "createdBy": "a000255f-5f09-45e0-a970-9d9ed9cc6453",
          "createdByType": "Application",
          "lastModifiedAt": "2022-09-21T05:50:08.1125302Z",
          "lastModifiedBy": "a000255f-5f09-45e0-a970-9d9ed9cc6453",
          "lastModifiedByType": "Application"
        }
      }
    },
    {
      "RequestUri": "https://management.azure.com/subscriptions/45b60d85-fd72-427a-a708-f994d26e593e/resourceGroups/testelasticsan/providers/Microsoft.ElasticSan/elasticSans/testsan1/volumeGroups?api-version=2021-11-20-preview",
      "RequestMethod": "GET",
      "RequestHeaders": {
        "Accept": "application/json",
        "Authorization": "Sanitized",
        "traceparent": "00-877961a574cd134fa71f923036373710-aa26f3b1151c4841-00",
        "User-Agent": "azsdk-net-ResourceManager.ElasticSan/1.0.0-alpha.20220921.1 (.NET Framework 4.8.4515.0; Microsoft Windows 10.0.19044 )",
        "x-ms-client-request-id": "626e906a4b84bed6e5a7fbc151734940",
        "x-ms-return-client-request-id": "true"
      },
      "RequestBody": null,
      "StatusCode": 200,
      "ResponseHeaders": {
        "Cache-Control": "no-cache",
        "Content-Length": "8577",
        "Content-Type": "application/json",
        "Date": "Wed, 21 Sep 2022 05:50:09 GMT",
        "Expires": "-1",
        "Pragma": "no-cache",
        "Server": "Microsoft-Azure-Storage-Resource-Provider/1.0,Microsoft-HTTPAPI/2.0 Microsoft-HTTPAPI/2.0",
        "Strict-Transport-Security": "max-age=31536000; includeSubDomains",
        "X-Content-Type-Options": "nosniff",
        "x-ms-client-request-id": "626e906a4b84bed6e5a7fbc151734940",
        "x-ms-correlation-request-id": "15243607-ee90-4e37-bda4-8eb5eeb3cf83",
        "x-ms-ratelimit-remaining-subscription-reads": "11979",
        "x-ms-request-id": "683a2e54-1cac-45ae-8134-c8c1d1e0e583",
        "x-ms-routing-request-id": "SOUTHEASTASIA:20220921T055010Z:15243607-ee90-4e37-bda4-8eb5eeb3cf83"
      },
      "ResponseBody": {
        "value": [
          {
            "properties": {
              "provisioningState": "Succeeded",
              "protocolType": "iSCSI",
              "encryption": "EncryptionAtRestWithPlatformKey"
            },
            "id": "/subscriptions/45b60d85-fd72-427a-a708-f994d26e593e/resourceGroups/testelasticsan/providers/Microsoft.ElasticSan/elasticSans/testsan1/volumegroups/testvolgroup-1685",
            "name": "testvolgroup-1685",
            "type": "Microsoft.ElasticSan/ElasticSans",
            "systemData": {
              "createdAt": "2022-09-21T05:44:21.7694361Z",
              "createdBy": "a000255f-5f09-45e0-a970-9d9ed9cc6453",
              "createdByType": "Application",
              "lastModifiedAt": "2022-09-21T05:44:21.7694361Z",
              "lastModifiedBy": "a000255f-5f09-45e0-a970-9d9ed9cc6453",
              "lastModifiedByType": "Application"
            }
          },
          {
            "properties": {
              "provisioningState": "Succeeded",
              "protocolType": "iSCSI",
              "encryption": "EncryptionAtRestWithPlatformKey"
            },
            "id": "/subscriptions/45b60d85-fd72-427a-a708-f994d26e593e/resourceGroups/testelasticsan/providers/Microsoft.ElasticSan/elasticSans/testsan1/volumegroups/testvolgroup-3857",
            "name": "testvolgroup-3857",
            "type": "Microsoft.ElasticSan/ElasticSans",
            "systemData": {
              "createdAt": "2022-09-21T05:47:36.3149489Z",
              "createdBy": "a000255f-5f09-45e0-a970-9d9ed9cc6453",
              "createdByType": "Application",
              "lastModifiedAt": "2022-09-21T05:47:36.3149489Z",
              "lastModifiedBy": "a000255f-5f09-45e0-a970-9d9ed9cc6453",
              "lastModifiedByType": "Application"
            }
          },
          {
            "properties": {
              "provisioningState": "Succeeded",
              "protocolType": "iSCSI",
              "encryption": "EncryptionAtRestWithPlatformKey"
            },
            "id": "/subscriptions/45b60d85-fd72-427a-a708-f994d26e593e/resourceGroups/testelasticsan/providers/Microsoft.ElasticSan/elasticSans/testsan1/volumegroups/testvolgroup-3939",
            "name": "testvolgroup-3939",
            "type": "Microsoft.ElasticSan/ElasticSans",
            "systemData": {
              "createdAt": "2022-09-21T05:45:34.5218639Z",
              "createdBy": "a000255f-5f09-45e0-a970-9d9ed9cc6453",
              "createdByType": "Application",
              "lastModifiedAt": "2022-09-21T05:45:34.5218639Z",
              "lastModifiedBy": "a000255f-5f09-45e0-a970-9d9ed9cc6453",
              "lastModifiedByType": "Application"
            }
          },
          {
            "properties": {
              "provisioningState": "Succeeded",
              "protocolType": "iSCSI",
              "encryption": "EncryptionAtRestWithPlatformKey"
            },
            "id": "/subscriptions/45b60d85-fd72-427a-a708-f994d26e593e/resourceGroups/testelasticsan/providers/Microsoft.ElasticSan/elasticSans/testsan1/volumegroups/testvolgroup-4752",
            "name": "testvolgroup-4752",
            "type": "Microsoft.ElasticSan/ElasticSans",
            "systemData": {
              "createdAt": "2022-09-21T05:46:11.2728671Z",
              "createdBy": "a000255f-5f09-45e0-a970-9d9ed9cc6453",
              "createdByType": "Application",
              "lastModifiedAt": "2022-09-21T05:46:11.2728671Z",
              "lastModifiedBy": "a000255f-5f09-45e0-a970-9d9ed9cc6453",
              "lastModifiedByType": "Application"
            }
          },
          {
            "properties": {
              "provisioningState": "Succeeded",
              "protocolType": "iSCSI",
              "encryption": "EncryptionAtRestWithPlatformKey"
            },
            "id": "/subscriptions/45b60d85-fd72-427a-a708-f994d26e593e/resourceGroups/testelasticsan/providers/Microsoft.ElasticSan/elasticSans/testsan1/volumegroups/testvolgroup-5293",
            "name": "testvolgroup-5293",
            "type": "Microsoft.ElasticSan/ElasticSans",
            "systemData": {
              "createdAt": "2022-09-21T05:48:49.3774034Z",
              "createdBy": "a000255f-5f09-45e0-a970-9d9ed9cc6453",
              "createdByType": "Application",
              "lastModifiedAt": "2022-09-21T05:48:49.3774034Z",
              "lastModifiedBy": "a000255f-5f09-45e0-a970-9d9ed9cc6453",
              "lastModifiedByType": "Application"
            }
          },
          {
            "properties": {
              "provisioningState": "Succeeded",
              "protocolType": "iSCSI",
              "encryption": "EncryptionAtRestWithPlatformKey"
            },
            "id": "/subscriptions/45b60d85-fd72-427a-a708-f994d26e593e/resourceGroups/testelasticsan/providers/Microsoft.ElasticSan/elasticSans/testsan1/volumegroups/testvolgroup-5352",
            "name": "testvolgroup-5352",
            "type": "Microsoft.ElasticSan/ElasticSans",
            "systemData": {
              "createdAt": "2022-09-21T05:47:00.8618412Z",
              "createdBy": "a000255f-5f09-45e0-a970-9d9ed9cc6453",
              "createdByType": "Application",
              "lastModifiedAt": "2022-09-21T05:47:00.8618412Z",
              "lastModifiedBy": "a000255f-5f09-45e0-a970-9d9ed9cc6453",
              "lastModifiedByType": "Application"
            }
          },
          {
            "properties": {
              "provisioningState": "Succeeded",
              "protocolType": "iSCSI",
              "encryption": "EncryptionAtRestWithPlatformKey"
            },
            "id": "/subscriptions/45b60d85-fd72-427a-a708-f994d26e593e/resourceGroups/testelasticsan/providers/Microsoft.ElasticSan/elasticSans/testsan1/volumegroups/testvolgroup-5806",
            "name": "testvolgroup-5806",
            "type": "Microsoft.ElasticSan/ElasticSans",
            "systemData": {
              "createdAt": "2022-09-21T05:48:12.7368017Z",
              "createdBy": "a000255f-5f09-45e0-a970-9d9ed9cc6453",
              "createdByType": "Application",
              "lastModifiedAt": "2022-09-21T05:48:12.7368017Z",
              "lastModifiedBy": "a000255f-5f09-45e0-a970-9d9ed9cc6453",
              "lastModifiedByType": "Application"
            }
          },
          {
            "properties": {
              "provisioningState": "Succeeded",
              "protocolType": "iSCSI",
              "encryption": "EncryptionAtRestWithPlatformKey"
            },
            "id": "/subscriptions/45b60d85-fd72-427a-a708-f994d26e593e/resourceGroups/testelasticsan/providers/Microsoft.ElasticSan/elasticSans/testsan1/volumegroups/testvolgroup-8389",
            "name": "testvolgroup-8389",
            "type": "Microsoft.ElasticSan/ElasticSans",
            "systemData": {
              "createdAt": "2022-09-21T05:44:57.5519406Z",
              "createdBy": "a000255f-5f09-45e0-a970-9d9ed9cc6453",
              "createdByType": "Application",
              "lastModifiedAt": "2022-09-21T05:44:57.5519406Z",
              "lastModifiedBy": "a000255f-5f09-45e0-a970-9d9ed9cc6453",
              "lastModifiedByType": "Application"
            }
          },
          {
            "properties": {
              "provisioningState": "Succeeded",
              "protocolType": "iSCSI",
              "encryption": "EncryptionAtRestWithPlatformKey"
            },
            "id": "/subscriptions/45b60d85-fd72-427a-a708-f994d26e593e/resourceGroups/testelasticsan/providers/Microsoft.ElasticSan/elasticSans/testsan1/volumegroups/testvolumegroup-2096",
            "name": "testvolumegroup-2096",
            "type": "Microsoft.ElasticSan/ElasticSans",
            "systemData": {
              "createdAt": "2022-09-21T05:50:01.3155776Z",
              "createdBy": "a000255f-5f09-45e0-a970-9d9ed9cc6453",
              "createdByType": "Application",
              "lastModifiedAt": "2022-09-21T05:50:01.3155776Z",
              "lastModifiedBy": "a000255f-5f09-45e0-a970-9d9ed9cc6453",
              "lastModifiedByType": "Application"
            }
          },
          {
            "properties": {
              "provisioningState": "Succeeded",
              "protocolType": "iSCSI",
              "encryption": "EncryptionAtRestWithPlatformKey"
            },
            "id": "/subscriptions/45b60d85-fd72-427a-a708-f994d26e593e/resourceGroups/testelasticsan/providers/Microsoft.ElasticSan/elasticSans/testsan1/volumegroups/testvolumegroup-2830",
            "name": "testvolumegroup-2830",
            "type": "Microsoft.ElasticSan/ElasticSans",
            "systemData": {
              "createdAt": "2022-09-21T05:50:08.1125302Z",
              "createdBy": "a000255f-5f09-45e0-a970-9d9ed9cc6453",
              "createdByType": "Application",
              "lastModifiedAt": "2022-09-21T05:50:08.1125302Z",
              "lastModifiedBy": "a000255f-5f09-45e0-a970-9d9ed9cc6453",
              "lastModifiedByType": "Application"
            }
          },
          {
            "properties": {
              "provisioningState": "Succeeded",
              "networkAcls": {
                "virtualNetworkRules": [
                  {
                    "action": "Allow",
                    "id": "/subscriptions/45b60d85-fd72-427a-a708-f994d26e593e/resourceGroups/testelasticsan/providers/Microsoft.Network/virtualNetworks/testvnet/subnets/subnet1"
                  }
                ]
              },
              "protocolType": "iSCSI",
              "encryption": "EncryptionAtRestWithPlatformKey"
            },
            "id": "/subscriptions/45b60d85-fd72-427a-a708-f994d26e593e/resourceGroups/testelasticsan/providers/Microsoft.ElasticSan/elasticSans/testsan1/volumegroups/testvolumegroup-4549",
            "name": "testvolumegroup-4549",
            "type": "Microsoft.ElasticSan/ElasticSans",
            "tags": {
              "tag1": "value1"
            },
            "systemData": {
              "createdAt": "2022-09-21T05:49:53.7842432Z",
              "createdBy": "a000255f-5f09-45e0-a970-9d9ed9cc6453",
              "createdByType": "Application",
              "lastModifiedAt": "2022-09-21T05:49:53.7842432Z",
              "lastModifiedBy": "a000255f-5f09-45e0-a970-9d9ed9cc6453",
              "lastModifiedByType": "Application"
            }
          },
          {
            "properties": {
              "provisioningState": "Succeeded",
              "protocolType": "iSCSI",
              "encryption": "EncryptionAtRestWithPlatformKey"
            },
            "id": "/subscriptions/45b60d85-fd72-427a-a708-f994d26e593e/resourceGroups/testelasticsan/providers/Microsoft.ElasticSan/elasticSans/testsan1/volumegroups/testvolumegroup-6251",
            "name": "testvolumegroup-6251",
            "type": "Microsoft.ElasticSan/ElasticSans",
            "systemData": {
              "createdAt": "2022-09-21T05:49:56.8155278Z",
              "createdBy": "a000255f-5f09-45e0-a970-9d9ed9cc6453",
              "createdByType": "Application",
              "lastModifiedAt": "2022-09-21T05:49:56.8155278Z",
              "lastModifiedBy": "a000255f-5f09-45e0-a970-9d9ed9cc6453",
              "lastModifiedByType": "Application"
            }
          },
          {
            "properties": {
              "provisioningState": "Succeeded",
              "protocolType": "iSCSI",
              "encryption": "EncryptionAtRestWithPlatformKey"
            },
            "id": "/subscriptions/45b60d85-fd72-427a-a708-f994d26e593e/resourceGroups/testelasticsan/providers/Microsoft.ElasticSan/elasticSans/testsan1/volumegroups/testvolumegroup-7209",
            "name": "testvolumegroup-7209",
            "type": "Microsoft.ElasticSan/ElasticSans",
            "systemData": {
              "createdAt": "2022-09-21T05:50:05.9250023Z",
              "createdBy": "a000255f-5f09-45e0-a970-9d9ed9cc6453",
              "createdByType": "Application",
              "lastModifiedAt": "2022-09-21T05:50:05.9250023Z",
              "lastModifiedBy": "a000255f-5f09-45e0-a970-9d9ed9cc6453",
              "lastModifiedByType": "Application"
            }
          }
        ]
      }
    }
  ],
  "Variables": {
    "AZURE_AUTHORITY_HOST": "https://login.microsoftonline.com",
    "RandomSeed": "1288823800",
    "RESOURCE_MANAGER_URL": null,
    "SUBSCRIPTION_ID": "45b60d85-fd72-427a-a708-f994d26e593e"
  }
}
