{
  "Entries": [
    {
      "RequestUri": "https://management.azure.com/subscriptions/db1ab6f0-4769-4b27-930e-01e2ef9c123c?api-version=2021-01-01",
      "RequestMethod": "GET",
      "RequestHeaders": {
        "Accept": "application/json",
        "Authorization": "Sanitized",
        "traceparent": "00-934299dec2db1f4997ebc80f5339f4c7-ae66bc7b42ad934c-00",
        "User-Agent": "azsdk-net-ResourceManager/1.3.2 (.NET Framework 4.8.4515.0; Microsoft Windows 10.0.19045 )",
        "x-ms-client-request-id": "a382bde1dde8a67e28594f174dbc3ac9",
        "x-ms-return-client-request-id": "true"
      },
      "RequestBody": null,
      "StatusCode": 200,
      "ResponseHeaders": {
        "Cache-Control": "no-cache",
        "Content-Length": "748",
        "Content-Type": "application/json; charset=utf-8",
        "Date": "Wed, 11 Jan 2023 06:43:40 GMT",
        "Expires": "-1",
        "Pragma": "no-cache",
        "Strict-Transport-Security": "max-age=31536000; includeSubDomains",
        "X-Content-Type-Options": "nosniff",
        "x-ms-correlation-request-id": "57dbd3b4-72e8-4bf6-a73e-84379570b80e",
        "x-ms-ratelimit-remaining-subscription-reads": "11981",
        "x-ms-request-id": "57dbd3b4-72e8-4bf6-a73e-84379570b80e",
        "x-ms-routing-request-id": "SOUTHEASTASIA:20230111T064341Z:57dbd3b4-72e8-4bf6-a73e-84379570b80e"
      },
      "ResponseBody": {
        "id": "/subscriptions/db1ab6f0-4769-4b27-930e-01e2ef9c123c",
        "authorizationSource": "RoleBased",
        "managedByTenants": [],
        "tags": {
          "TagKey-9823": "TagValue-1254",
          "TagKey-3481": "TagValue-320",
          "TagKey-4926": "TagValue-1187",
          "TagKey-751": "TagValue-3921",
          "TagKey-1866": "TagValue-8559",
          "TagKey-3094": "TagValue-9190",
          "TagKey-2449": "TagValue-9",
          "TagKey-8379": "TagValue-164",
          "TagKey-7470": "TagValue-2205",
          "TagKey-4236": "TagValue-3698",
          "TagKey-5316": "TagValue-2725"
        },
        "subscriptionId": "db1ab6f0-4769-4b27-930e-01e2ef9c123c",
        "tenantId": "72f988bf-86f1-41af-91ab-2d7cd011db47",
        "displayName": ".NET Mgmt SDK Test with TTL = 1 Day",
        "state": "Enabled",
        "subscriptionPolicies": {
          "locationPlacementId": "Internal_2014-09-01",
          "quotaId": "Internal_2014-09-01",
          "spendingLimit": "Off"
        }
      }
    },
    {
      "RequestUri": "https://management.azure.com/subscriptions/db1ab6f0-4769-4b27-930e-01e2ef9c123c/resourcegroups/testservicebusRG-1112?api-version=2021-04-01",
      "RequestMethod": "PUT",
      "RequestHeaders": {
        "Accept": "application/json",
        "Authorization": "Sanitized",
        "Content-Length": "44",
        "Content-Type": "application/json",
        "traceparent": "00-7bb6e1fd6fd63d4998f583593b058564-f81668f8979c474c-00",
        "User-Agent": "azsdk-net-ResourceManager/1.3.2 (.NET Framework 4.8.4515.0; Microsoft Windows 10.0.19045 )",
        "x-ms-client-request-id": "1fe800a8713beb04df0c379b1b377a73",
        "x-ms-return-client-request-id": "true"
      },
      "RequestBody": {
        "tags": {
          "test": "env"
        },
        "location": "eastus2"
      },
      "StatusCode": 201,
      "ResponseHeaders": {
        "Cache-Control": "no-cache",
        "Content-Length": "262",
        "Content-Type": "application/json; charset=utf-8",
        "Date": "Wed, 11 Jan 2023 06:43:42 GMT",
        "Expires": "-1",
        "Pragma": "no-cache",
        "Strict-Transport-Security": "max-age=31536000; includeSubDomains",
        "X-Content-Type-Options": "nosniff",
        "x-ms-correlation-request-id": "8d0fa422-a76c-4c6c-8b6e-ec3f0f0bc070",
        "x-ms-ratelimit-remaining-subscription-writes": "1186",
        "x-ms-request-id": "8d0fa422-a76c-4c6c-8b6e-ec3f0f0bc070",
        "x-ms-routing-request-id": "SOUTHEASTASIA:20230111T064343Z:8d0fa422-a76c-4c6c-8b6e-ec3f0f0bc070"
      },
      "ResponseBody": {
        "id": "/subscriptions/db1ab6f0-4769-4b27-930e-01e2ef9c123c/resourceGroups/testservicebusRG-1112",
        "name": "testservicebusRG-1112",
        "type": "Microsoft.Resources/resourceGroups",
        "location": "eastus2",
        "tags": {
          "test": "env"
        },
        "properties": {
          "provisioningState": "Succeeded"
        }
      }
    },
    {
      "RequestUri": "https://management.azure.com/subscriptions/db1ab6f0-4769-4b27-930e-01e2ef9c123c/providers/Microsoft.ServiceBus/CheckNameAvailability?api-version=2022-10-01-preview",
      "RequestMethod": "POST",
      "RequestHeaders": {
        "Accept": "application/json",
        "Authorization": "Sanitized",
        "Content-Length": "32",
        "Content-Type": "application/json",
        "traceparent": "00-de4640199c533440b0d6d21a02d886ae-df82d1f85123ba4c-00",
        "User-Agent": "azsdk-net-ResourceManager.ServiceBus/1.1.0-alpha.20230111.1 (.NET Framework 4.8.4515.0; Microsoft Windows 10.0.19045 )",
        "x-ms-client-request-id": "89450e22745c68211e2a330908ed3168",
        "x-ms-return-client-request-id": "true"
      },
      "RequestBody": {
        "name": "testnamespacemgmt7045"
      },
      "StatusCode": 200,
      "ResponseHeaders": {
        "Cache-Control": "no-cache",
        "Content-Length": "53",
        "Content-Type": "application/json; charset=utf-8",
        "Date": "Wed, 11 Jan 2023 06:43:43 GMT",
        "Expires": "-1",
        "Pragma": "no-cache",
        "Server": [
          "Service-Bus-Resource-Provider/CH3",
          "Microsoft-HTTPAPI/2.0"
        ],
        "Server-SB": "Service-Bus-Resource-Provider/CH3",
        "Strict-Transport-Security": "max-age=31536000; includeSubDomains",
        "X-Content-Type-Options": "nosniff",
        "x-ms-client-request-id": "89450e22745c68211e2a330908ed3168",
        "x-ms-correlation-request-id": "35eab727-7441-48e9-a7ea-0b8436b2d107",
        "x-ms-ratelimit-remaining-subscription-writes": "1198",
        "x-ms-request-id": "8f0b1226-66bb-43f0-89cf-a7f496d2fd52_M7CH3_M7CH3",
        "x-ms-routing-request-id": "SOUTHEASTASIA:20230111T064344Z:35eab727-7441-48e9-a7ea-0b8436b2d107"
      },
      "ResponseBody": {
        "nameAvailable": true,
        "reason": "None",
        "message": null
      }
    },
    {
      "RequestUri": "https://management.azure.com/subscriptions/db1ab6f0-4769-4b27-930e-01e2ef9c123c/resourceGroups/testservicebusRG-1112/providers/Microsoft.ServiceBus/namespaces/testnamespacemgmt7045?api-version=2022-10-01-preview",
      "RequestMethod": "PUT",
      "RequestHeaders": {
        "Accept": "application/json",
        "Authorization": "Sanitized",
        "Content-Length": "90",
        "Content-Type": "application/json",
        "traceparent": "00-6553b088ad8da347b61b941d34362563-d0377ac61017c341-00",
        "User-Agent": "azsdk-net-ResourceManager.ServiceBus/1.1.0-alpha.20230111.1 (.NET Framework 4.8.4515.0; Microsoft Windows 10.0.19045 )",
        "x-ms-client-request-id": "d9afbf9fa5d27d4bb709d1470b0d21d5",
        "x-ms-return-client-request-id": "true"
      },
      "RequestBody": {
        "sku": {
          "name": "Premium",
          "tier": "Premium"
        },
        "tags": {},
        "location": "eastus2",
        "properties": {}
      },
      "StatusCode": 200,
      "ResponseHeaders": {
        "Cache-Control": "no-cache",
        "Content-Length": "755",
        "Content-Type": "application/json; charset=utf-8",
        "Date": "Wed, 11 Jan 2023 06:43:50 GMT",
        "Expires": "-1",
        "Pragma": "no-cache",
        "Server": [
          "Service-Bus-Resource-Provider/CH3",
          "Microsoft-HTTPAPI/2.0"
        ],
        "Server-SB": "Service-Bus-Resource-Provider/CH3",
        "Strict-Transport-Security": "max-age=31536000; includeSubDomains",
        "X-Content-Type-Options": "nosniff",
        "x-ms-client-request-id": "d9afbf9fa5d27d4bb709d1470b0d21d5",
        "x-ms-correlation-request-id": "49e33392-b8a2-4c8b-9e62-47249e272627",
        "x-ms-ratelimit-remaining-subscription-writes": "1185",
        "x-ms-request-id": "b5bf6d21-6cee-4ef3-8add-ace9118df996_M7CH3_M7CH3",
        "x-ms-routing-request-id": "SOUTHEASTASIA:20230111T064351Z:49e33392-b8a2-4c8b-9e62-47249e272627"
      },
      "ResponseBody": {
        "sku": {
          "name": "Premium",
          "tier": "Premium",
          "capacity": 1
        },
        "id": "/subscriptions/db1ab6f0-4769-4b27-930e-01e2ef9c123c/resourceGroups/testservicebusRG-1112/providers/Microsoft.ServiceBus/namespaces/testnamespacemgmt7045",
        "name": "testnamespacemgmt7045",
        "type": "Microsoft.ServiceBus/Namespaces",
        "location": "East US 2",
        "tags": {},
        "properties": {
          "premiumMessagingPartitions": 1,
          "minimumTlsVersion": "1.2",
          "publicNetworkAccess": "Enabled",
          "disableLocalAuth": false,
          "zoneRedundant": false,
          "provisioningState": "Created",
          "metricId": "db1ab6f0-4769-4b27-930e-01e2ef9c123c:testnamespacemgmt7045",
          "createdAt": "2023-01-11T06:43:49.663Z",
          "updatedAt": "2023-01-11T06:43:49.663Z",
          "serviceBusEndpoint": "https://testnamespacemgmt7045.servicebus.windows.net:443/",
          "status": "Activating"
        }
      }
    },
    {
      "RequestUri": "https://management.azure.com/subscriptions/db1ab6f0-4769-4b27-930e-01e2ef9c123c/resourceGroups/testservicebusRG-1112/providers/Microsoft.ServiceBus/namespaces/testnamespacemgmt7045?api-version=2022-10-01-preview",
      "RequestMethod": "GET",
      "RequestHeaders": {
        "Authorization": "Sanitized",
        "traceparent": "00-6553b088ad8da347b61b941d34362563-c3e9850b496b994b-00",
        "User-Agent": "azsdk-net-ResourceManager/1.3.2 (.NET Framework 4.8.4515.0; Microsoft Windows 10.0.19045 )",
        "x-ms-client-request-id": "777c320699cb7c25c2c7d153a2d95d11",
        "x-ms-return-client-request-id": "true"
      },
      "RequestBody": null,
      "StatusCode": 200,
      "ResponseHeaders": {
        "Cache-Control": "no-cache",
        "Content-Length": "755",
        "Content-Type": "application/json; charset=utf-8",
        "Date": "Wed, 11 Jan 2023 06:43:51 GMT",
        "Expires": "-1",
        "Pragma": "no-cache",
        "Server": [
          "Service-Bus-Resource-Provider/CH3",
          "Microsoft-HTTPAPI/2.0"
        ],
        "Server-SB": "Service-Bus-Resource-Provider/CH3",
        "Strict-Transport-Security": "max-age=31536000; includeSubDomains",
        "X-Content-Type-Options": "nosniff",
        "x-ms-client-request-id": "777c320699cb7c25c2c7d153a2d95d11",
        "x-ms-correlation-request-id": "9306897d-6a17-41bc-a943-bb397ab54348",
        "x-ms-ratelimit-remaining-subscription-reads": "11980",
        "x-ms-request-id": "c64ee9cf-609a-4c2d-b2bf-52d9ced7d8c4_M7CH3_M7CH3",
        "x-ms-routing-request-id": "SOUTHEASTASIA:20230111T064352Z:9306897d-6a17-41bc-a943-bb397ab54348"
      },
      "ResponseBody": {
        "sku": {
          "name": "Premium",
          "tier": "Premium",
          "capacity": 1
        },
        "id": "/subscriptions/db1ab6f0-4769-4b27-930e-01e2ef9c123c/resourceGroups/testservicebusRG-1112/providers/Microsoft.ServiceBus/namespaces/testnamespacemgmt7045",
        "name": "testnamespacemgmt7045",
        "type": "Microsoft.ServiceBus/Namespaces",
        "location": "East US 2",
        "tags": {},
        "properties": {
          "premiumMessagingPartitions": 1,
          "minimumTlsVersion": "1.2",
          "publicNetworkAccess": "Enabled",
          "disableLocalAuth": false,
          "zoneRedundant": false,
          "provisioningState": "Created",
          "metricId": "db1ab6f0-4769-4b27-930e-01e2ef9c123c:testnamespacemgmt7045",
          "createdAt": "2023-01-11T06:43:49.663Z",
          "updatedAt": "2023-01-11T06:43:49.663Z",
          "serviceBusEndpoint": "https://testnamespacemgmt7045.servicebus.windows.net:443/",
          "status": "Activating"
        }
      }
    },
    {
      "RequestUri": "https://management.azure.com/subscriptions/db1ab6f0-4769-4b27-930e-01e2ef9c123c/resourceGroups/testservicebusRG-1112/providers/Microsoft.ServiceBus/namespaces/testnamespacemgmt7045?api-version=2022-10-01-preview",
      "RequestMethod": "GET",
      "RequestHeaders": {
        "Authorization": "Sanitized",
        "traceparent": "00-6553b088ad8da347b61b941d34362563-b93dc8d41e0edb47-00",
        "User-Agent": "azsdk-net-ResourceManager/1.3.2 (.NET Framework 4.8.4515.0; Microsoft Windows 10.0.19045 )",
        "x-ms-client-request-id": "b1655e080453dce47422121a8805acd5",
        "x-ms-return-client-request-id": "true"
      },
      "RequestBody": null,
      "StatusCode": 200,
      "ResponseHeaders": {
        "Cache-Control": "no-cache",
        "Content-Length": "755",
        "Content-Type": "application/json; charset=utf-8",
        "Date": "Wed, 11 Jan 2023 06:43:53 GMT",
        "Expires": "-1",
        "Pragma": "no-cache",
        "Server": [
          "Service-Bus-Resource-Provider/CH3",
          "Microsoft-HTTPAPI/2.0"
        ],
        "Server-SB": "Service-Bus-Resource-Provider/CH3",
        "Strict-Transport-Security": "max-age=31536000; includeSubDomains",
        "X-Content-Type-Options": "nosniff",
        "x-ms-client-request-id": "b1655e080453dce47422121a8805acd5",
        "x-ms-correlation-request-id": "dc354e67-efea-4ba6-90e7-eaeb0a2791ba",
        "x-ms-ratelimit-remaining-subscription-reads": "11979",
        "x-ms-request-id": "80c7c162-fef8-49e9-a29a-492f6131ab2c_M7CH3_M7CH3",
        "x-ms-routing-request-id": "SOUTHEASTASIA:20230111T064353Z:dc354e67-efea-4ba6-90e7-eaeb0a2791ba"
      },
      "ResponseBody": {
        "sku": {
          "name": "Premium",
          "tier": "Premium",
          "capacity": 1
        },
        "id": "/subscriptions/db1ab6f0-4769-4b27-930e-01e2ef9c123c/resourceGroups/testservicebusRG-1112/providers/Microsoft.ServiceBus/namespaces/testnamespacemgmt7045",
        "name": "testnamespacemgmt7045",
        "type": "Microsoft.ServiceBus/Namespaces",
        "location": "East US 2",
        "tags": {},
        "properties": {
          "premiumMessagingPartitions": 1,
          "minimumTlsVersion": "1.2",
          "publicNetworkAccess": "Enabled",
          "disableLocalAuth": false,
          "zoneRedundant": false,
          "provisioningState": "Created",
          "metricId": "db1ab6f0-4769-4b27-930e-01e2ef9c123c:testnamespacemgmt7045",
          "createdAt": "2023-01-11T06:43:49.663Z",
          "updatedAt": "2023-01-11T06:43:49.663Z",
          "serviceBusEndpoint": "https://testnamespacemgmt7045.servicebus.windows.net:443/",
          "status": "Activating"
        }
      }
    },
    {
      "RequestUri": "https://management.azure.com/subscriptions/db1ab6f0-4769-4b27-930e-01e2ef9c123c/resourceGroups/testservicebusRG-1112/providers/Microsoft.ServiceBus/namespaces/testnamespacemgmt7045?api-version=2022-10-01-preview",
      "RequestMethod": "GET",
      "RequestHeaders": {
        "Authorization": "Sanitized",
        "traceparent": "00-6553b088ad8da347b61b941d34362563-57466bc91699ca4e-00",
        "User-Agent": "azsdk-net-ResourceManager/1.3.2 (.NET Framework 4.8.4515.0; Microsoft Windows 10.0.19045 )",
        "x-ms-client-request-id": "d840b232aa910a0a301c6abcf0f8e9ed",
        "x-ms-return-client-request-id": "true"
      },
      "RequestBody": null,
      "StatusCode": 200,
      "ResponseHeaders": {
        "Cache-Control": "no-cache",
        "Content-Length": "755",
        "Content-Type": "application/json; charset=utf-8",
        "Date": "Wed, 11 Jan 2023 06:43:55 GMT",
        "Expires": "-1",
        "Pragma": "no-cache",
        "Server": [
          "Service-Bus-Resource-Provider/CH3",
          "Microsoft-HTTPAPI/2.0"
        ],
        "Server-SB": "Service-Bus-Resource-Provider/CH3",
        "Strict-Transport-Security": "max-age=31536000; includeSubDomains",
        "X-Content-Type-Options": "nosniff",
        "x-ms-client-request-id": "d840b232aa910a0a301c6abcf0f8e9ed",
        "x-ms-correlation-request-id": "7c28aa27-e6da-4951-ae5e-ec7be27e3a64",
        "x-ms-ratelimit-remaining-subscription-reads": "11978",
        "x-ms-request-id": "223ac79c-a72b-4216-afd8-192a1930359e_M7CH3_M7CH3",
        "x-ms-routing-request-id": "SOUTHEASTASIA:20230111T064355Z:7c28aa27-e6da-4951-ae5e-ec7be27e3a64"
      },
      "ResponseBody": {
        "sku": {
          "name": "Premium",
          "tier": "Premium",
          "capacity": 1
        },
        "id": "/subscriptions/db1ab6f0-4769-4b27-930e-01e2ef9c123c/resourceGroups/testservicebusRG-1112/providers/Microsoft.ServiceBus/namespaces/testnamespacemgmt7045",
        "name": "testnamespacemgmt7045",
        "type": "Microsoft.ServiceBus/Namespaces",
        "location": "East US 2",
        "tags": {},
        "properties": {
          "premiumMessagingPartitions": 1,
          "minimumTlsVersion": "1.2",
          "publicNetworkAccess": "Enabled",
          "disableLocalAuth": false,
          "zoneRedundant": false,
          "provisioningState": "Created",
          "metricId": "db1ab6f0-4769-4b27-930e-01e2ef9c123c:testnamespacemgmt7045",
          "createdAt": "2023-01-11T06:43:49.663Z",
          "updatedAt": "2023-01-11T06:43:49.663Z",
          "serviceBusEndpoint": "https://testnamespacemgmt7045.servicebus.windows.net:443/",
          "status": "Activating"
        }
      }
    },
    {
      "RequestUri": "https://management.azure.com/subscriptions/db1ab6f0-4769-4b27-930e-01e2ef9c123c/resourceGroups/testservicebusRG-1112/providers/Microsoft.ServiceBus/namespaces/testnamespacemgmt7045?api-version=2022-10-01-preview",
      "RequestMethod": "GET",
      "RequestHeaders": {
        "Authorization": "Sanitized",
        "traceparent": "00-6553b088ad8da347b61b941d34362563-78b0e550f0cfc543-00",
        "User-Agent": "azsdk-net-ResourceManager/1.3.2 (.NET Framework 4.8.4515.0; Microsoft Windows 10.0.19045 )",
        "x-ms-client-request-id": "723e0b5a257d02cb4e9f02a8860af4bc",
        "x-ms-return-client-request-id": "true"
      },
      "RequestBody": null,
      "StatusCode": 200,
      "ResponseHeaders": {
        "Cache-Control": "no-cache",
        "Content-Length": "755",
        "Content-Type": "application/json; charset=utf-8",
        "Date": "Wed, 11 Jan 2023 06:43:56 GMT",
        "Expires": "-1",
        "Pragma": "no-cache",
        "Server": [
          "Service-Bus-Resource-Provider/CH3",
          "Microsoft-HTTPAPI/2.0"
        ],
        "Server-SB": "Service-Bus-Resource-Provider/CH3",
        "Strict-Transport-Security": "max-age=31536000; includeSubDomains",
        "X-Content-Type-Options": "nosniff",
        "x-ms-client-request-id": "723e0b5a257d02cb4e9f02a8860af4bc",
        "x-ms-correlation-request-id": "9a8065f5-95eb-41cd-9d83-6688fa6151be",
        "x-ms-ratelimit-remaining-subscription-reads": "11977",
        "x-ms-request-id": "77c7ef64-a0a4-4639-8d2d-911b1e6c36e0_M7CH3_M7CH3",
        "x-ms-routing-request-id": "SOUTHEASTASIA:20230111T064356Z:9a8065f5-95eb-41cd-9d83-6688fa6151be"
      },
      "ResponseBody": {
        "sku": {
          "name": "Premium",
          "tier": "Premium",
          "capacity": 1
        },
        "id": "/subscriptions/db1ab6f0-4769-4b27-930e-01e2ef9c123c/resourceGroups/testservicebusRG-1112/providers/Microsoft.ServiceBus/namespaces/testnamespacemgmt7045",
        "name": "testnamespacemgmt7045",
        "type": "Microsoft.ServiceBus/Namespaces",
        "location": "East US 2",
        "tags": {},
        "properties": {
          "premiumMessagingPartitions": 1,
          "minimumTlsVersion": "1.2",
          "publicNetworkAccess": "Enabled",
          "disableLocalAuth": false,
          "zoneRedundant": false,
          "provisioningState": "Created",
          "metricId": "db1ab6f0-4769-4b27-930e-01e2ef9c123c:testnamespacemgmt7045",
          "createdAt": "2023-01-11T06:43:49.663Z",
          "updatedAt": "2023-01-11T06:43:49.663Z",
          "serviceBusEndpoint": "https://testnamespacemgmt7045.servicebus.windows.net:443/",
          "status": "Activating"
        }
      }
    },
    {
      "RequestUri": "https://management.azure.com/subscriptions/db1ab6f0-4769-4b27-930e-01e2ef9c123c/resourceGroups/testservicebusRG-1112/providers/Microsoft.ServiceBus/namespaces/testnamespacemgmt7045?api-version=2022-10-01-preview",
      "RequestMethod": "GET",
      "RequestHeaders": {
        "Authorization": "Sanitized",
        "traceparent": "00-6553b088ad8da347b61b941d34362563-3bcb3e0355b25448-00",
        "User-Agent": "azsdk-net-ResourceManager/1.3.2 (.NET Framework 4.8.4515.0; Microsoft Windows 10.0.19045 )",
        "x-ms-client-request-id": "f020fc1a84985d80545a81369927eb7b",
        "x-ms-return-client-request-id": "true"
      },
      "RequestBody": null,
      "StatusCode": 200,
      "ResponseHeaders": {
        "Cache-Control": "no-cache",
        "Content-Length": "755",
        "Content-Type": "application/json; charset=utf-8",
        "Date": "Wed, 11 Jan 2023 06:43:59 GMT",
        "Expires": "-1",
        "Pragma": "no-cache",
        "Server": [
          "Service-Bus-Resource-Provider/CH3",
          "Microsoft-HTTPAPI/2.0"
        ],
        "Server-SB": "Service-Bus-Resource-Provider/CH3",
        "Strict-Transport-Security": "max-age=31536000; includeSubDomains",
        "X-Content-Type-Options": "nosniff",
        "x-ms-client-request-id": "f020fc1a84985d80545a81369927eb7b",
        "x-ms-correlation-request-id": "fb506965-6b4b-4799-8e03-4fc16144c827",
        "x-ms-ratelimit-remaining-subscription-reads": "11976",
        "x-ms-request-id": "9029754f-0a7f-40ea-a582-e65d9d38a5a1_M7CH3_M7CH3",
        "x-ms-routing-request-id": "SOUTHEASTASIA:20230111T064359Z:fb506965-6b4b-4799-8e03-4fc16144c827"
      },
      "ResponseBody": {
        "sku": {
          "name": "Premium",
          "tier": "Premium",
          "capacity": 1
        },
        "id": "/subscriptions/db1ab6f0-4769-4b27-930e-01e2ef9c123c/resourceGroups/testservicebusRG-1112/providers/Microsoft.ServiceBus/namespaces/testnamespacemgmt7045",
        "name": "testnamespacemgmt7045",
        "type": "Microsoft.ServiceBus/Namespaces",
        "location": "East US 2",
        "tags": {},
        "properties": {
          "premiumMessagingPartitions": 1,
          "minimumTlsVersion": "1.2",
          "publicNetworkAccess": "Enabled",
          "disableLocalAuth": false,
          "zoneRedundant": false,
          "provisioningState": "Created",
          "metricId": "db1ab6f0-4769-4b27-930e-01e2ef9c123c:testnamespacemgmt7045",
          "createdAt": "2023-01-11T06:43:49.663Z",
          "updatedAt": "2023-01-11T06:43:49.663Z",
          "serviceBusEndpoint": "https://testnamespacemgmt7045.servicebus.windows.net:443/",
          "status": "Activating"
        }
      }
    },
    {
      "RequestUri": "https://management.azure.com/subscriptions/db1ab6f0-4769-4b27-930e-01e2ef9c123c/resourceGroups/testservicebusRG-1112/providers/Microsoft.ServiceBus/namespaces/testnamespacemgmt7045?api-version=2022-10-01-preview",
      "RequestMethod": "GET",
      "RequestHeaders": {
        "Authorization": "Sanitized",
        "traceparent": "00-6553b088ad8da347b61b941d34362563-899d47f64c98744e-00",
        "User-Agent": "azsdk-net-ResourceManager/1.3.2 (.NET Framework 4.8.4515.0; Microsoft Windows 10.0.19045 )",
        "x-ms-client-request-id": "7cc025393ac70d58e63e89f1a7618425",
        "x-ms-return-client-request-id": "true"
      },
      "RequestBody": null,
      "StatusCode": 200,
      "ResponseHeaders": {
        "Cache-Control": "no-cache",
        "Content-Length": "755",
        "Content-Type": "application/json; charset=utf-8",
        "Date": "Wed, 11 Jan 2023 06:44:03 GMT",
        "Expires": "-1",
        "Pragma": "no-cache",
        "Server": [
          "Service-Bus-Resource-Provider/CH3",
          "Microsoft-HTTPAPI/2.0"
        ],
        "Server-SB": "Service-Bus-Resource-Provider/CH3",
        "Strict-Transport-Security": "max-age=31536000; includeSubDomains",
        "X-Content-Type-Options": "nosniff",
        "x-ms-client-request-id": "7cc025393ac70d58e63e89f1a7618425",
        "x-ms-correlation-request-id": "99f9e131-4ca8-49f9-8702-43ff051bc821",
        "x-ms-ratelimit-remaining-subscription-reads": "11975",
        "x-ms-request-id": "de198627-a032-4499-b81e-54ff9a30406a_M7CH3_M7CH3",
        "x-ms-routing-request-id": "SOUTHEASTASIA:20230111T064403Z:99f9e131-4ca8-49f9-8702-43ff051bc821"
      },
      "ResponseBody": {
        "sku": {
          "name": "Premium",
          "tier": "Premium",
          "capacity": 1
        },
        "id": "/subscriptions/db1ab6f0-4769-4b27-930e-01e2ef9c123c/resourceGroups/testservicebusRG-1112/providers/Microsoft.ServiceBus/namespaces/testnamespacemgmt7045",
        "name": "testnamespacemgmt7045",
        "type": "Microsoft.ServiceBus/Namespaces",
        "location": "East US 2",
        "tags": {},
        "properties": {
          "premiumMessagingPartitions": 1,
          "minimumTlsVersion": "1.2",
          "publicNetworkAccess": "Enabled",
          "disableLocalAuth": false,
          "zoneRedundant": false,
          "provisioningState": "Created",
          "metricId": "db1ab6f0-4769-4b27-930e-01e2ef9c123c:testnamespacemgmt7045",
          "createdAt": "2023-01-11T06:43:49.663Z",
          "updatedAt": "2023-01-11T06:43:49.663Z",
          "serviceBusEndpoint": "https://testnamespacemgmt7045.servicebus.windows.net:443/",
          "status": "Activating"
        }
      }
    },
    {
      "RequestUri": "https://management.azure.com/subscriptions/db1ab6f0-4769-4b27-930e-01e2ef9c123c/resourceGroups/testservicebusRG-1112/providers/Microsoft.ServiceBus/namespaces/testnamespacemgmt7045?api-version=2022-10-01-preview",
      "RequestMethod": "GET",
      "RequestHeaders": {
        "Authorization": "Sanitized",
        "traceparent": "00-6553b088ad8da347b61b941d34362563-4c45348d9d42aa41-00",
        "User-Agent": "azsdk-net-ResourceManager/1.3.2 (.NET Framework 4.8.4515.0; Microsoft Windows 10.0.19045 )",
        "x-ms-client-request-id": "f4a2ad27f9d8d5548be01e22a4946826",
        "x-ms-return-client-request-id": "true"
      },
      "RequestBody": null,
      "StatusCode": 200,
      "ResponseHeaders": {
        "Cache-Control": "no-cache",
        "Content-Length": "755",
        "Content-Type": "application/json; charset=utf-8",
        "Date": "Wed, 11 Jan 2023 06:44:12 GMT",
        "Expires": "-1",
        "Pragma": "no-cache",
        "Server": [
          "Service-Bus-Resource-Provider/CH3",
          "Microsoft-HTTPAPI/2.0"
        ],
        "Server-SB": "Service-Bus-Resource-Provider/CH3",
        "Strict-Transport-Security": "max-age=31536000; includeSubDomains",
        "X-Content-Type-Options": "nosniff",
        "x-ms-client-request-id": "f4a2ad27f9d8d5548be01e22a4946826",
        "x-ms-correlation-request-id": "abfb8a60-6d06-4f6b-a775-9ff380f79411",
        "x-ms-ratelimit-remaining-subscription-reads": "11974",
        "x-ms-request-id": "d870eb40-3706-4f3e-a6ef-d6a3f55214bd_M7CH3_M7CH3",
        "x-ms-routing-request-id": "SOUTHEASTASIA:20230111T064412Z:abfb8a60-6d06-4f6b-a775-9ff380f79411"
      },
      "ResponseBody": {
        "sku": {
          "name": "Premium",
          "tier": "Premium",
          "capacity": 1
        },
        "id": "/subscriptions/db1ab6f0-4769-4b27-930e-01e2ef9c123c/resourceGroups/testservicebusRG-1112/providers/Microsoft.ServiceBus/namespaces/testnamespacemgmt7045",
        "name": "testnamespacemgmt7045",
        "type": "Microsoft.ServiceBus/Namespaces",
        "location": "East US 2",
        "tags": {},
        "properties": {
          "premiumMessagingPartitions": 1,
          "minimumTlsVersion": "1.2",
          "publicNetworkAccess": "Enabled",
          "disableLocalAuth": false,
          "zoneRedundant": false,
          "provisioningState": "Created",
          "metricId": "db1ab6f0-4769-4b27-930e-01e2ef9c123c:testnamespacemgmt7045",
          "createdAt": "2023-01-11T06:43:49.663Z",
          "updatedAt": "2023-01-11T06:43:49.663Z",
          "serviceBusEndpoint": "https://testnamespacemgmt7045.servicebus.windows.net:443/",
          "status": "Activating"
        }
      }
    },
    {
      "RequestUri": "https://management.azure.com/subscriptions/db1ab6f0-4769-4b27-930e-01e2ef9c123c/resourceGroups/testservicebusRG-1112/providers/Microsoft.ServiceBus/namespaces/testnamespacemgmt7045?api-version=2022-10-01-preview",
      "RequestMethod": "GET",
      "RequestHeaders": {
        "Authorization": "Sanitized",
        "traceparent": "00-6553b088ad8da347b61b941d34362563-34674411a5dce540-00",
        "User-Agent": "azsdk-net-ResourceManager/1.3.2 (.NET Framework 4.8.4515.0; Microsoft Windows 10.0.19045 )",
        "x-ms-client-request-id": "606f86b3784ae0f5a412095afa8eb6f2",
        "x-ms-return-client-request-id": "true"
      },
      "RequestBody": null,
      "StatusCode": 200,
      "ResponseHeaders": {
        "Cache-Control": "no-cache",
        "Content-Length": "755",
        "Content-Type": "application/json; charset=utf-8",
        "Date": "Wed, 11 Jan 2023 06:44:28 GMT",
        "Expires": "-1",
        "Pragma": "no-cache",
        "Server": [
          "Service-Bus-Resource-Provider/CH3",
          "Microsoft-HTTPAPI/2.0"
        ],
        "Server-SB": "Service-Bus-Resource-Provider/CH3",
        "Strict-Transport-Security": "max-age=31536000; includeSubDomains",
        "X-Content-Type-Options": "nosniff",
        "x-ms-client-request-id": "606f86b3784ae0f5a412095afa8eb6f2",
        "x-ms-correlation-request-id": "eff36440-db44-4459-a14b-4db0317ce090",
        "x-ms-ratelimit-remaining-subscription-reads": "11973",
        "x-ms-request-id": "16e6ab5e-e7cc-4bc3-9e49-cf15ad8cc6e7_M7CH3_M7CH3",
        "x-ms-routing-request-id": "SOUTHEASTASIA:20230111T064429Z:eff36440-db44-4459-a14b-4db0317ce090"
      },
      "ResponseBody": {
        "sku": {
          "name": "Premium",
          "tier": "Premium",
          "capacity": 1
        },
        "id": "/subscriptions/db1ab6f0-4769-4b27-930e-01e2ef9c123c/resourceGroups/testservicebusRG-1112/providers/Microsoft.ServiceBus/namespaces/testnamespacemgmt7045",
        "name": "testnamespacemgmt7045",
        "type": "Microsoft.ServiceBus/Namespaces",
        "location": "East US 2",
        "tags": {},
        "properties": {
          "premiumMessagingPartitions": 1,
          "minimumTlsVersion": "1.2",
          "publicNetworkAccess": "Enabled",
          "disableLocalAuth": false,
          "zoneRedundant": false,
          "provisioningState": "Created",
          "metricId": "db1ab6f0-4769-4b27-930e-01e2ef9c123c:testnamespacemgmt7045",
          "createdAt": "2023-01-11T06:43:49.663Z",
          "updatedAt": "2023-01-11T06:43:49.663Z",
          "serviceBusEndpoint": "https://testnamespacemgmt7045.servicebus.windows.net:443/",
          "status": "Activating"
        }
      }
    },
    {
      "RequestUri": "https://management.azure.com/subscriptions/db1ab6f0-4769-4b27-930e-01e2ef9c123c/resourceGroups/testservicebusRG-1112/providers/Microsoft.ServiceBus/namespaces/testnamespacemgmt7045?api-version=2022-10-01-preview",
      "RequestMethod": "GET",
      "RequestHeaders": {
        "Authorization": "Sanitized",
        "traceparent": "00-6553b088ad8da347b61b941d34362563-339ed7d858e3604d-00",
        "User-Agent": "azsdk-net-ResourceManager/1.3.2 (.NET Framework 4.8.4515.0; Microsoft Windows 10.0.19045 )",
        "x-ms-client-request-id": "eb0f5bd5f78540a3d1ebf1e61b356952",
        "x-ms-return-client-request-id": "true"
      },
      "RequestBody": null,
      "StatusCode": 200,
      "ResponseHeaders": {
        "Cache-Control": "no-cache",
        "Content-Length": "755",
        "Content-Type": "application/json; charset=utf-8",
        "Date": "Wed, 11 Jan 2023 06:45:02 GMT",
        "Expires": "-1",
        "Pragma": "no-cache",
        "Server": [
          "Service-Bus-Resource-Provider/CH3",
          "Microsoft-HTTPAPI/2.0"
        ],
        "Server-SB": "Service-Bus-Resource-Provider/CH3",
        "Strict-Transport-Security": "max-age=31536000; includeSubDomains",
        "X-Content-Type-Options": "nosniff",
        "x-ms-client-request-id": "eb0f5bd5f78540a3d1ebf1e61b356952",
        "x-ms-correlation-request-id": "18c4ab64-3a71-49d8-a5db-cf3812bbc5e9",
        "x-ms-ratelimit-remaining-subscription-reads": "11972",
        "x-ms-request-id": "8f9452bb-6563-4a9a-b9f2-0a4622aa63f9_M7CH3_M7CH3",
        "x-ms-routing-request-id": "SOUTHEASTASIA:20230111T064502Z:18c4ab64-3a71-49d8-a5db-cf3812bbc5e9"
      },
      "ResponseBody": {
        "sku": {
          "name": "Premium",
          "tier": "Premium",
          "capacity": 1
        },
        "id": "/subscriptions/db1ab6f0-4769-4b27-930e-01e2ef9c123c/resourceGroups/testservicebusRG-1112/providers/Microsoft.ServiceBus/namespaces/testnamespacemgmt7045",
        "name": "testnamespacemgmt7045",
        "type": "Microsoft.ServiceBus/Namespaces",
        "location": "East US 2",
        "tags": {},
        "properties": {
          "premiumMessagingPartitions": 1,
          "minimumTlsVersion": "1.2",
          "publicNetworkAccess": "Enabled",
          "disableLocalAuth": false,
          "zoneRedundant": false,
          "provisioningState": "Created",
          "metricId": "db1ab6f0-4769-4b27-930e-01e2ef9c123c:testnamespacemgmt7045",
          "createdAt": "2023-01-11T06:43:49.663Z",
          "updatedAt": "2023-01-11T06:43:49.663Z",
          "serviceBusEndpoint": "https://testnamespacemgmt7045.servicebus.windows.net:443/",
          "status": "Activating"
        }
      }
    },
    {
      "RequestUri": "https://management.azure.com/subscriptions/db1ab6f0-4769-4b27-930e-01e2ef9c123c/resourceGroups/testservicebusRG-1112/providers/Microsoft.ServiceBus/namespaces/testnamespacemgmt7045?api-version=2022-10-01-preview",
      "RequestMethod": "GET",
      "RequestHeaders": {
        "Authorization": "Sanitized",
        "traceparent": "00-6553b088ad8da347b61b941d34362563-32d2da11b9bfdb4a-00",
        "User-Agent": "azsdk-net-ResourceManager/1.3.2 (.NET Framework 4.8.4515.0; Microsoft Windows 10.0.19045 )",
        "x-ms-client-request-id": "203d63d623f1afdbb8c14fc5effadafc",
        "x-ms-return-client-request-id": "true"
      },
      "RequestBody": null,
      "StatusCode": 200,
      "ResponseHeaders": {
        "Cache-Control": "no-cache",
        "Content-Length": "753",
        "Content-Type": "application/json; charset=utf-8",
        "Date": "Wed, 11 Jan 2023 06:45:36 GMT",
        "Expires": "-1",
        "Pragma": "no-cache",
        "Server": [
          "Service-Bus-Resource-Provider/CH3",
          "Microsoft-HTTPAPI/2.0"
        ],
        "Server-SB": "Service-Bus-Resource-Provider/CH3",
        "Strict-Transport-Security": "max-age=31536000; includeSubDomains",
        "X-Content-Type-Options": "nosniff",
        "x-ms-client-request-id": "203d63d623f1afdbb8c14fc5effadafc",
        "x-ms-correlation-request-id": "8c15ebff-9278-4506-a1e8-e6bff929ba0b",
        "x-ms-ratelimit-remaining-subscription-reads": "11971",
        "x-ms-request-id": "b4f0904c-d89a-49ad-91e6-9bdd8eed1b8b_M5CH3_M5CH3",
        "x-ms-routing-request-id": "SOUTHEASTASIA:20230111T064536Z:8c15ebff-9278-4506-a1e8-e6bff929ba0b"
      },
      "ResponseBody": {
        "sku": {
          "name": "Premium",
          "tier": "Premium",
          "capacity": 1
        },
        "id": "/subscriptions/db1ab6f0-4769-4b27-930e-01e2ef9c123c/resourceGroups/testservicebusRG-1112/providers/Microsoft.ServiceBus/namespaces/testnamespacemgmt7045",
        "name": "testnamespacemgmt7045",
        "type": "Microsoft.ServiceBus/Namespaces",
        "location": "East US 2",
        "tags": {},
        "properties": {
          "premiumMessagingPartitions": 1,
          "minimumTlsVersion": "1.2",
          "publicNetworkAccess": "Enabled",
          "disableLocalAuth": false,
          "zoneRedundant": false,
          "provisioningState": "Succeeded",
          "metricId": "db1ab6f0-4769-4b27-930e-01e2ef9c123c:testnamespacemgmt7045",
          "createdAt": "2023-01-11T06:43:49.663Z",
          "updatedAt": "2023-01-11T06:45:03.397Z",
          "serviceBusEndpoint": "https://testnamespacemgmt7045.servicebus.windows.net:443/",
          "status": "Active"
        }
      }
    },
    {
      "RequestUri": "https://management.azure.com/subscriptions/db1ab6f0-4769-4b27-930e-01e2ef9c123c/resourceGroups/testservicebusRG-1112/providers/Microsoft.ServiceBus/namespaces/testnamespacemgmt7045/queues/queue2176?api-version=2022-10-01-preview",
      "RequestMethod": "PUT",
      "RequestHeaders": {
        "Accept": "application/json",
        "Authorization": "Sanitized",
        "Content-Length": "17",
        "Content-Type": "application/json",
        "traceparent": "00-1e057500000efd488cf1cf300d9d60dd-5ec0a0c50df0314a-00",
        "User-Agent": "azsdk-net-ResourceManager.ServiceBus/1.1.0-alpha.20230111.1 (.NET Framework 4.8.4515.0; Microsoft Windows 10.0.19045 )",
        "x-ms-client-request-id": "85484d2ba17ce3bc2f8f5f870fc46fa9",
        "x-ms-return-client-request-id": "true"
      },
      "RequestBody": {
        "properties": {}
      },
      "StatusCode": 200,
      "ResponseHeaders": {
        "Cache-Control": "no-cache",
        "Content-Length": "1031",
        "Content-Type": "application/json; charset=utf-8",
        "Date": "Wed, 11 Jan 2023 06:45:41 GMT",
        "Expires": "-1",
        "Pragma": "no-cache",
        "Server": "Microsoft-HTTPAPI/2.0",
        "Strict-Transport-Security": "max-age=31536000; includeSubDomains",
        "X-Content-Type-Options": "nosniff",
        "x-ms-correlation-request-id": "27fc59e4-2e7d-496b-8453-5c57f96f0a6c",
        "x-ms-ratelimit-remaining-subscription-writes": "1184",
        "x-ms-request-id": "27fc59e4-2e7d-496b-8453-5c57f96f0a6c",
        "x-ms-routing-request-id": "SOUTHEASTASIA:20230111T064541Z:27fc59e4-2e7d-496b-8453-5c57f96f0a6c"
      },
      "ResponseBody": {
        "id": "/subscriptions/db1ab6f0-4769-4b27-930e-01e2ef9c123c/resourceGroups/testservicebusRG-1112/providers/Microsoft.ServiceBus/namespaces/testnamespacemgmt7045/queues/queue2176",
        "name": "queue2176",
        "type": "Microsoft.ServiceBus/namespaces/queues",
        "location": "eastus2",
        "properties": {
          "maxMessageSizeInKilobytes": 1024,
          "lockDuration": "PT1M",
          "maxSizeInMegabytes": 1024,
          "requiresDuplicateDetection": false,
          "requiresSession": false,
          "defaultMessageTimeToLive": "P10675199DT2H48M5.4775807S",
          "deadLetteringOnMessageExpiration": false,
          "enableBatchedOperations": true,
          "duplicateDetectionHistoryTimeWindow": "PT10M",
          "maxDeliveryCount": 10,
          "sizeInBytes": 0,
          "messageCount": 0,
          "status": "Active",
          "autoDeleteOnIdle": "P10675199DT2H48M5.4775807S",
          "enablePartitioning": false,
          "enableExpress": false,
          "countDetails": {
            "activeMessageCount": 0,
            "deadLetterMessageCount": 0,
            "scheduledMessageCount": 0,
            "transferMessageCount": 0,
            "transferDeadLetterMessageCount": 0
          },
          "createdAt": "2023-01-11T06:45:39.753Z",
          "updatedAt": "2023-01-11T06:45:40.533Z",
          "accessedAt": "0001-01-01T00:00:00"
        }
      }
    },
    {
      "RequestUri": "https://management.azure.com/subscriptions/db1ab6f0-4769-4b27-930e-01e2ef9c123c/resourceGroups/testservicebusRG-1112/providers/Microsoft.ServiceBus/namespaces/testnamespacemgmt7045/queues/queue2176/authorizationRules/authorizationrule3113?api-version=2022-10-01-preview",
      "RequestMethod": "PUT",
      "RequestHeaders": {
        "Accept": "application/json",
        "Authorization": "Sanitized",
        "Content-Length": "43",
        "Content-Type": "application/json",
        "traceparent": "00-b7e24a8a90ed0444bc83ddf5b48b26a7-86b5970676dc324b-00",
        "User-Agent": "azsdk-net-ResourceManager.ServiceBus/1.1.0-alpha.20230111.1 (.NET Framework 4.8.4515.0; Microsoft Windows 10.0.19045 )",
        "x-ms-client-request-id": "95519784b1005f7f33c4a8de50d610f4",
        "x-ms-return-client-request-id": "true"
      },
      "RequestBody": {
        "properties": {
          "rights": [
            "Listen",
            "Send"
          ]
        }
      },
      "StatusCode": 200,
      "ResponseHeaders": {
        "Cache-Control": "no-cache",
        "Content-Length": "359",
        "Content-Type": "application/json; charset=utf-8",
        "Date": "Wed, 11 Jan 2023 06:45:42 GMT",
        "Expires": "-1",
        "Pragma": "no-cache",
        "Server": "Microsoft-HTTPAPI/2.0",
        "Strict-Transport-Security": "max-age=31536000; includeSubDomains",
        "X-Content-Type-Options": "nosniff",
        "x-ms-correlation-request-id": "46954536-5360-48bc-ae14-74fa15408fba",
        "x-ms-ratelimit-remaining-subscription-writes": "1183",
        "x-ms-request-id": "46954536-5360-48bc-ae14-74fa15408fba",
        "x-ms-routing-request-id": "SOUTHEASTASIA:20230111T064542Z:46954536-5360-48bc-ae14-74fa15408fba"
      },
      "ResponseBody": {
        "id": "/subscriptions/db1ab6f0-4769-4b27-930e-01e2ef9c123c/resourceGroups/testservicebusRG-1112/providers/Microsoft.ServiceBus/namespaces/testnamespacemgmt7045/queues/queue2176/authorizationRules/authorizationrule3113",
        "name": "authorizationrule3113",
        "type": "Microsoft.ServiceBus/namespaces/queues/authorizationrules",
        "properties": {
          "rights": [
            "Listen",
            "Send"
          ]
        }
      }
    },
    {
      "RequestUri": "https://management.azure.com/subscriptions/db1ab6f0-4769-4b27-930e-01e2ef9c123c/resourceGroups/testservicebusRG-1112/providers/Microsoft.ServiceBus/namespaces/testnamespacemgmt7045/queues/queue2176/authorizationRules/authorizationrule3113/ListKeys?api-version=2022-10-01-preview",
      "RequestMethod": "POST",
      "RequestHeaders": {
        "Accept": "application/json",
        "Authorization": "Sanitized",
        "Content-Length": "0",
        "traceparent": "00-0ccbcb789222d940b7770e787d5d8d6e-4192a5e6b7334540-00",
        "User-Agent": "azsdk-net-ResourceManager.ServiceBus/1.1.0-alpha.20230111.1 (.NET Framework 4.8.4515.0; Microsoft Windows 10.0.19045 )",
        "x-ms-client-request-id": "20e8f0bc59cc81c23dc2947c28a9fce0",
        "x-ms-return-client-request-id": "true"
      },
      "RequestBody": null,
      "StatusCode": 200,
      "ResponseHeaders": {
        "Cache-Control": "no-cache",
        "Content-Length": "153",
        "Content-Type": "application/json; charset=utf-8",
        "Date": "Wed, 11 Jan 2023 06:45:43 GMT",
        "Expires": "-1",
        "Pragma": "no-cache",
        "Server": "Microsoft-HTTPAPI/2.0",
        "Strict-Transport-Security": "max-age=31536000; includeSubDomains",
        "X-Content-Type-Options": "nosniff",
        "x-ms-correlation-request-id": "a7ba5057-3744-44c6-a9cb-333b398178ff",
        "x-ms-ratelimit-remaining-subscription-writes": "1197",
        "x-ms-request-id": "a7ba5057-3744-44c6-a9cb-333b398178ff",
        "x-ms-routing-request-id": "SOUTHEASTASIA:20230111T064543Z:a7ba5057-3744-44c6-a9cb-333b398178ff"
      },
      "ResponseBody": {
        "primaryConnectionString": "Sanitized",
        "secondaryConnectionString": "Sanitized",
        "primaryKey": "Sanitized",
        "secondaryKey": "Sanitized",
        "keyName": "Sanitized"
      }
    },
    {
      "RequestUri": "https://management.azure.com/subscriptions/db1ab6f0-4769-4b27-930e-01e2ef9c123c/resourceGroups/testservicebusRG-1112/providers/Microsoft.ServiceBus/namespaces/testnamespacemgmt7045/queues/queue2176/authorizationRules/authorizationrule3113/regenerateKeys?api-version=2022-10-01-preview",
      "RequestMethod": "POST",
      "RequestHeaders": {
        "Accept": "application/json",
        "Authorization": "Sanitized",
        "Content-Length": "24",
        "Content-Type": "application/json",
        "traceparent": "00-27a2181822962745aaefe80ee005f041-ed0d2b71e5334f48-00",
        "User-Agent": "azsdk-net-ResourceManager.ServiceBus/1.1.0-alpha.20230111.1 (.NET Framework 4.8.4515.0; Microsoft Windows 10.0.19045 )",
        "x-ms-client-request-id": "4276381b94ab9b2ac82649dc1304deb8",
        "x-ms-return-client-request-id": "true"
      },
      "RequestBody": {
        "keyType": "PrimaryKey"
      },
      "StatusCode": 200,
      "ResponseHeaders": {
        "Cache-Control": "no-cache",
        "Content-Length": "153",
        "Content-Type": "application/json; charset=utf-8",
        "Date": "Wed, 11 Jan 2023 06:45:44 GMT",
        "Expires": "-1",
        "Pragma": "no-cache",
        "Server": "Microsoft-HTTPAPI/2.0",
        "Strict-Transport-Security": "max-age=31536000; includeSubDomains",
        "X-Content-Type-Options": "nosniff",
        "x-ms-correlation-request-id": "c74eb3ad-532a-4f1e-a7bf-1233aca2ed89",
        "x-ms-ratelimit-remaining-subscription-writes": "1196",
        "x-ms-request-id": "c74eb3ad-532a-4f1e-a7bf-1233aca2ed89",
        "x-ms-routing-request-id": "SOUTHEASTASIA:20230111T064544Z:c74eb3ad-532a-4f1e-a7bf-1233aca2ed89"
      },
      "ResponseBody": {
        "primaryConnectionString": "Sanitized",
        "secondaryConnectionString": "Sanitized",
        "primaryKey": "Sanitized",
        "secondaryKey": "Sanitized",
        "keyName": "Sanitized"
      }
    },
    {
      "RequestUri": "https://management.azure.com/subscriptions/db1ab6f0-4769-4b27-930e-01e2ef9c123c/resourceGroups/testservicebusRG-1112/providers/Microsoft.ServiceBus/namespaces/testnamespacemgmt7045/queues/queue2176/authorizationRules/authorizationrule3113/regenerateKeys?api-version=2022-10-01-preview",
      "RequestMethod": "POST",
      "RequestHeaders": {
        "Accept": "application/json",
        "Authorization": "Sanitized",
        "Content-Length": "26",
        "Content-Type": "application/json",
        "traceparent": "00-97a5dff8b8681c4bb96266900b6cc7b2-bddf950697ee6940-00",
        "User-Agent": "azsdk-net-ResourceManager.ServiceBus/1.1.0-alpha.20230111.1 (.NET Framework 4.8.4515.0; Microsoft Windows 10.0.19045 )",
        "x-ms-client-request-id": "d452924e88862aead5cf573e1d03378a",
        "x-ms-return-client-request-id": "true"
      },
      "RequestBody": {
        "keyType": "SecondaryKey"
      },
      "StatusCode": 200,
      "ResponseHeaders": {
        "Cache-Control": "no-cache",
        "Content-Length": "153",
        "Content-Type": "application/json; charset=utf-8",
        "Date": "Wed, 11 Jan 2023 06:45:45 GMT",
        "Expires": "-1",
        "Pragma": "no-cache",
        "Server": "Microsoft-HTTPAPI/2.0",
        "Strict-Transport-Security": "max-age=31536000; includeSubDomains",
        "X-Content-Type-Options": "nosniff",
        "x-ms-correlation-request-id": "fee94dd8-9887-45e2-b3b1-8378b1ac8ae7",
        "x-ms-ratelimit-remaining-subscription-writes": "1195",
        "x-ms-request-id": "fee94dd8-9887-45e2-b3b1-8378b1ac8ae7",
        "x-ms-routing-request-id": "SOUTHEASTASIA:20230111T064545Z:fee94dd8-9887-45e2-b3b1-8378b1ac8ae7"
      },
      "ResponseBody": {
        "primaryConnectionString": "Sanitized",
        "secondaryConnectionString": "Sanitized",
        "primaryKey": "Sanitized",
        "secondaryKey": "Sanitized",
        "keyName": "Sanitized"
      }
    },
    {
      "RequestUri": "https://management.azure.com/subscriptions/db1ab6f0-4769-4b27-930e-01e2ef9c123c/resourceGroups/testservicebusRG-1112/providers/Microsoft.ServiceBus/namespaces/testnamespacemgmt7045/queues/queue2176/authorizationRules/authorizationrule3113/regenerateKeys?api-version=2022-10-01-preview",
      "RequestMethod": "POST",
      "RequestHeaders": {
        "Accept": "application/json",
        "Authorization": "Sanitized",
        "Content-Length": "42",
        "Content-Type": "application/json",
        "traceparent": "00-bb52a129a577664f9768bcf603ad380c-0e7f2c6f11700144-00",
        "User-Agent": "azsdk-net-ResourceManager.ServiceBus/1.1.0-alpha.20230111.1 (.NET Framework 4.8.4515.0; Microsoft Windows 10.0.19045 )",
        "x-ms-client-request-id": "18c3c7c7cd602749c64d58a60fe56d39",
        "x-ms-return-client-request-id": "true"
      },
      "RequestBody": {
        "keyType": "PrimaryKey",
        "key": "Sanitized"
      },
      "StatusCode": 200,
      "ResponseHeaders": {
        "Cache-Control": "no-cache",
        "Content-Length": "153",
        "Content-Type": "application/json; charset=utf-8",
        "Date": "Wed, 11 Jan 2023 06:45:46 GMT",
        "Expires": "-1",
        "Pragma": "no-cache",
        "Server": "Microsoft-HTTPAPI/2.0",
        "Strict-Transport-Security": "max-age=31536000; includeSubDomains",
        "X-Content-Type-Options": "nosniff",
        "x-ms-correlation-request-id": "e2ca7cb8-3a9f-4a3b-bc53-0a726479e8ea",
        "x-ms-ratelimit-remaining-subscription-writes": "1194",
        "x-ms-request-id": "e2ca7cb8-3a9f-4a3b-bc53-0a726479e8ea",
        "x-ms-routing-request-id": "SOUTHEASTASIA:20230111T064546Z:e2ca7cb8-3a9f-4a3b-bc53-0a726479e8ea"
      },
      "ResponseBody": {
        "primaryConnectionString": "Sanitized",
        "secondaryConnectionString": "Sanitized",
        "primaryKey": "Sanitized",
        "secondaryKey": "Sanitized",
        "keyName": "Sanitized"
      }
    },
    {
      "RequestUri": "https://management.azure.com/subscriptions/db1ab6f0-4769-4b27-930e-01e2ef9c123c/resourceGroups/testservicebusRG-1112/providers/Microsoft.ServiceBus/namespaces/testnamespacemgmt7045/queues/queue2176/authorizationRules/authorizationrule3113/regenerateKeys?api-version=2022-10-01-preview",
      "RequestMethod": "POST",
      "RequestHeaders": {
        "Accept": "application/json",
        "Authorization": "Sanitized",
        "Content-Length": "44",
        "Content-Type": "application/json",
        "traceparent": "00-f73247ef5d820548add2a43857107864-ffc3d89b6b4a7443-00",
        "User-Agent": "azsdk-net-ResourceManager.ServiceBus/1.1.0-alpha.20230111.1 (.NET Framework 4.8.4515.0; Microsoft Windows 10.0.19045 )",
        "x-ms-client-request-id": "952ddbe3285693594d4b6ddc3dec7dc4",
        "x-ms-return-client-request-id": "true"
      },
      "RequestBody": {
        "keyType": "SecondaryKey",
        "key": "Sanitized"
      },
      "StatusCode": 200,
      "ResponseHeaders": {
        "Cache-Control": "no-cache",
        "Content-Length": "153",
        "Content-Type": "application/json; charset=utf-8",
        "Date": "Wed, 11 Jan 2023 06:45:46 GMT",
        "Expires": "-1",
        "Pragma": "no-cache",
        "Server": "Microsoft-HTTPAPI/2.0",
        "Strict-Transport-Security": "max-age=31536000; includeSubDomains",
        "X-Content-Type-Options": "nosniff",
        "x-ms-correlation-request-id": "441ffb2a-8e64-41bc-8393-3b61edb0e4a3",
        "x-ms-ratelimit-remaining-subscription-writes": "1193",
        "x-ms-request-id": "441ffb2a-8e64-41bc-8393-3b61edb0e4a3",
        "x-ms-routing-request-id": "SOUTHEASTASIA:20230111T064547Z:441ffb2a-8e64-41bc-8393-3b61edb0e4a3"
      },
      "ResponseBody": {
        "primaryConnectionString": "Sanitized",
        "secondaryConnectionString": "Sanitized",
        "primaryKey": "Sanitized",
        "secondaryKey": "Sanitized",
        "keyName": "Sanitized"
      }
    }
  ],
  "Variables": {
    "AZURE_AUTHORITY_HOST": "https://login.microsoftonline.com",
    "RandomSeed": "1003431714",
    "RESOURCE_MANAGER_URL": null,
    "SUBSCRIPTION_ID": "db1ab6f0-4769-4b27-930e-01e2ef9c123c"
  }
}
