{
  "Entries": [
    {
      "RequestUri": "https://management.azure.com/subscriptions/326100e2-f69d-4268-8503-075374f62b6e?api-version=2021-01-01",
      "RequestMethod": "GET",
      "RequestHeaders": {
        "Accept": "application/json",
        "Authorization": "Sanitized",
        "Connection": "keep-alive",
        "traceparent": "00-21c17b82b008cd4fad8d8f84b1adc7f6-e2a07c78c2ba9f42-00",
        "User-Agent": "azsdk-net-ResourceManager/1.2.0 (.NET Framework 4.8.9075.0; Microsoft Windows 10.0.22621 )",
        "x-ms-client-request-id": "cc81d880c5360d3884e1fc576182908b",
        "x-ms-return-client-request-id": "true"
      },
      "RequestBody": null,
      "StatusCode": 200,
      "ResponseHeaders": {
        "Cache-Control": "no-cache",
        "Content-Length": "460",
        "Content-Type": "application/json; charset=utf-8",
        "Date": "Tue, 11 Oct 2022 15:19:15 GMT",
        "Expires": "-1",
        "Pragma": "no-cache",
        "Strict-Transport-Security": "max-age=31536000; includeSubDomains",
        "X-Content-Type-Options": "nosniff",
        "x-ms-correlation-request-id": "010f21c9-bc18-4bdd-ac6b-ae926aff2eae",
        "x-ms-ratelimit-remaining-subscription-reads": "11979",
        "x-ms-request-id": "010f21c9-bc18-4bdd-ac6b-ae926aff2eae",
        "x-ms-routing-request-id": "SOUTHINDIA:20221011T151916Z:010f21c9-bc18-4bdd-ac6b-ae926aff2eae"
      },
      "ResponseBody": {
        "id": "/subscriptions/326100e2-f69d-4268-8503-075374f62b6e",
        "authorizationSource": "RoleBased",
        "managedByTenants": [
          {
            "tenantId": "2f4a9838-26b7-47ee-be60-ccc1fdec5953"
          }
        ],
        "subscriptionId": "326100e2-f69d-4268-8503-075374f62b6e",
        "tenantId": "72f988bf-86f1-41af-91ab-2d7cd011db47",
        "displayName": "Azure Messaging PM Playground",
        "state": "Enabled",
        "subscriptionPolicies": {
          "locationPlacementId": "Internal_2014-09-01",
          "quotaId": "Internal_2014-09-01",
          "spendingLimit": "Off"
        }
      }
    },
    {
      "RequestUri": "https://management.azure.com/subscriptions/326100e2-f69d-4268-8503-075374f62b6e/resourcegroups/testservicebusRG-6576?api-version=2021-04-01",
      "RequestMethod": "PUT",
      "RequestHeaders": {
        "Accept": "application/json",
        "Authorization": "Sanitized",
        "Content-Length": "44",
        "Content-Type": "application/json",
        "traceparent": "00-69d36a18a8cfc64a819edc7c22c88ba2-4f6d5cc0fde6bc4d-00",
        "User-Agent": "azsdk-net-ResourceManager/1.2.0 (.NET Framework 4.8.9075.0; Microsoft Windows 10.0.22621 )",
        "x-ms-client-request-id": "6eef14295f90fe03e46e9b6cca2fe7d6",
        "x-ms-return-client-request-id": "true"
      },
      "RequestBody": {
        "tags": {
          "test": "env"
        },
        "location": "eastus2"
      },
      "StatusCode": 201,
      "ResponseHeaders": {
        "Cache-Control": "no-cache",
        "Content-Length": "262",
        "Content-Type": "application/json; charset=utf-8",
        "Date": "Tue, 11 Oct 2022 15:19:19 GMT",
        "Expires": "-1",
        "Pragma": "no-cache",
        "Strict-Transport-Security": "max-age=31536000; includeSubDomains",
        "X-Content-Type-Options": "nosniff",
        "x-ms-correlation-request-id": "44b773b9-42c9-407f-9119-104886f35f53",
        "x-ms-ratelimit-remaining-subscription-writes": "1191",
        "x-ms-request-id": "44b773b9-42c9-407f-9119-104886f35f53",
        "x-ms-routing-request-id": "SOUTHINDIA:20221011T151920Z:44b773b9-42c9-407f-9119-104886f35f53"
      },
      "ResponseBody": {
        "id": "/subscriptions/326100e2-f69d-4268-8503-075374f62b6e/resourceGroups/testservicebusRG-6576",
        "name": "testservicebusRG-6576",
        "type": "Microsoft.Resources/resourceGroups",
        "location": "eastus2",
        "tags": {
          "test": "env"
        },
        "properties": {
          "provisioningState": "Succeeded"
        }
      }
    },
    {
      "RequestUri": "https://management.azure.com/subscriptions/326100e2-f69d-4268-8503-075374f62b6e/providers/Microsoft.ServiceBus/CheckNameAvailability?api-version=2021-11-01",
      "RequestMethod": "POST",
      "RequestHeaders": {
        "Accept": "application/json",
        "Authorization": "Sanitized",
        "Content-Length": "32",
        "Content-Type": "application/json",
        "traceparent": "00-5bd0630c70a741438d65e000342270fc-583913113b05794c-00",
        "User-Agent": "azsdk-net-ResourceManager.ServiceBus/1.1.0-alpha.20221011.1 (.NET Framework 4.8.9075.0; Microsoft Windows 10.0.22621 )",
        "x-ms-client-request-id": "b6f176f3d7a3d3e41fd4ab8f0d1e56eb",
        "x-ms-return-client-request-id": "true"
      },
      "RequestBody": {
        "name": "testnamespacemgmt4139"
      },
      "StatusCode": 200,
      "ResponseHeaders": {
        "Cache-Control": "no-cache",
        "Content-Length": "53",
        "Content-Type": "application/json; charset=utf-8",
        "Date": "Tue, 11 Oct 2022 15:19:20 GMT",
        "Expires": "-1",
        "Pragma": "no-cache",
        "Server": [
          "Service-Bus-Resource-Provider/CH3",
          "Microsoft-HTTPAPI/2.0"
        ],
        "Server-SB": "Service-Bus-Resource-Provider/CH3",
        "Strict-Transport-Security": "max-age=31536000; includeSubDomains",
        "X-Content-Type-Options": "nosniff",
        "x-ms-client-request-id": "b6f176f3d7a3d3e41fd4ab8f0d1e56eb",
        "x-ms-correlation-request-id": "4f093904-b88d-4401-8f8f-9028c2f3c68a",
        "x-ms-ratelimit-remaining-subscription-writes": "1187",
        "x-ms-request-id": "df615f0c-c14f-49c1-af64-e558f16f878a_M11CH3_M11CH3",
        "x-ms-routing-request-id": "SOUTHINDIA:20221011T151921Z:4f093904-b88d-4401-8f8f-9028c2f3c68a"
      },
      "ResponseBody": {
        "nameAvailable": true,
        "reason": "None",
        "message": null
      }
    },
    {
      "RequestUri": "https://management.azure.com/subscriptions/326100e2-f69d-4268-8503-075374f62b6e/resourceGroups/testservicebusRG-6576/providers/Microsoft.ServiceBus/namespaces/testnamespacemgmt4139?api-version=2021-11-01",
      "RequestMethod": "PUT",
      "RequestHeaders": {
        "Accept": "application/json",
        "Authorization": "Sanitized",
        "Content-Length": "90",
        "Content-Type": "application/json",
        "traceparent": "00-75ca5a43d913014383e50873734e6ae3-ea998c64faf3734b-00",
        "User-Agent": "azsdk-net-ResourceManager.ServiceBus/1.1.0-alpha.20221011.1 (.NET Framework 4.8.9075.0; Microsoft Windows 10.0.22621 )",
        "x-ms-client-request-id": "ea682376f0937e78cd51569ca1bab214",
        "x-ms-return-client-request-id": "true"
      },
      "RequestBody": {
        "sku": {
          "name": "Premium",
          "tier": "Premium"
        },
        "tags": {},
        "location": "eastus2",
        "properties": {}
      },
      "StatusCode": 200,
      "ResponseHeaders": {
        "Cache-Control": "no-cache",
        "Content-Length": "664",
        "Content-Type": "application/json; charset=utf-8",
        "Date": "Tue, 11 Oct 2022 15:19:28 GMT",
        "Expires": "-1",
        "Pragma": "no-cache",
        "Server": [
          "Service-Bus-Resource-Provider/CH3",
          "Microsoft-HTTPAPI/2.0"
        ],
        "Server-SB": "Service-Bus-Resource-Provider/CH3",
        "Strict-Transport-Security": "max-age=31536000; includeSubDomains",
        "X-Content-Type-Options": "nosniff",
        "x-ms-client-request-id": "ea682376f0937e78cd51569ca1bab214",
        "x-ms-correlation-request-id": "72babb8e-73ab-4021-9be5-5d1abc3d0cb1",
        "x-ms-ratelimit-remaining-subscription-writes": "1190",
        "x-ms-request-id": "9661fec9-c0c6-43d8-8c8b-f5af9ead6de2_M11CH3_M11CH3",
        "x-ms-routing-request-id": "SOUTHINDIA:20221011T151929Z:72babb8e-73ab-4021-9be5-5d1abc3d0cb1"
      },
      "ResponseBody": {
        "sku": {
          "name": "Premium",
          "tier": "Premium",
          "capacity": 1
        },
        "id": "/subscriptions/326100e2-f69d-4268-8503-075374f62b6e/resourceGroups/testservicebusRG-6576/providers/Microsoft.ServiceBus/namespaces/testnamespacemgmt4139",
        "name": "testnamespacemgmt4139",
        "type": "Microsoft.ServiceBus/Namespaces",
        "location": "East US 2",
        "tags": {},
        "properties": {
          "disableLocalAuth": false,
          "zoneRedundant": false,
          "provisioningState": "Created",
          "metricId": "326100e2-f69d-4268-8503-075374f62b6e:testnamespacemgmt4139",
          "createdAt": "2022-10-11T15:19:27.74Z",
          "updatedAt": "2022-10-11T15:19:27.74Z",
          "serviceBusEndpoint": "https://testnamespacemgmt4139.servicebus.windows.net:443/",
          "status": "Activating"
        }
      }
    },
    {
      "RequestUri": "https://management.azure.com/subscriptions/326100e2-f69d-4268-8503-075374f62b6e/resourceGroups/testservicebusRG-6576/providers/Microsoft.ServiceBus/namespaces/testnamespacemgmt4139?api-version=2021-11-01",
      "RequestMethod": "GET",
      "RequestHeaders": {
        "Authorization": "Sanitized",
        "traceparent": "00-75ca5a43d913014383e50873734e6ae3-9e6ae3546f8eba48-00",
        "User-Agent": "azsdk-net-ResourceManager/1.2.0 (.NET Framework 4.8.9075.0; Microsoft Windows 10.0.22621 )",
        "x-ms-client-request-id": "0c548045eb7f03f0fd73e95181473265",
        "x-ms-return-client-request-id": "true"
      },
      "RequestBody": null,
      "StatusCode": 200,
      "ResponseHeaders": {
        "Cache-Control": "no-cache",
        "Content-Length": "664",
        "Content-Type": "application/json; charset=utf-8",
        "Date": "Tue, 11 Oct 2022 15:19:30 GMT",
        "Expires": "-1",
        "Pragma": "no-cache",
        "Server": [
          "Service-Bus-Resource-Provider/CH3",
          "Microsoft-HTTPAPI/2.0"
        ],
        "Server-SB": "Service-Bus-Resource-Provider/CH3",
        "Strict-Transport-Security": "max-age=31536000; includeSubDomains",
        "X-Content-Type-Options": "nosniff",
        "x-ms-client-request-id": "0c548045eb7f03f0fd73e95181473265",
        "x-ms-correlation-request-id": "d67790a0-c7ad-470f-a116-b60804c4e63e",
        "x-ms-ratelimit-remaining-subscription-reads": "11978",
        "x-ms-request-id": "bf76e62f-4225-4646-b9ea-1e7505ac47a7_M11CH3_M11CH3",
        "x-ms-routing-request-id": "SOUTHINDIA:20221011T151930Z:d67790a0-c7ad-470f-a116-b60804c4e63e"
      },
      "ResponseBody": {
        "sku": {
          "name": "Premium",
          "tier": "Premium",
          "capacity": 1
        },
        "id": "/subscriptions/326100e2-f69d-4268-8503-075374f62b6e/resourceGroups/testservicebusRG-6576/providers/Microsoft.ServiceBus/namespaces/testnamespacemgmt4139",
        "name": "testnamespacemgmt4139",
        "type": "Microsoft.ServiceBus/Namespaces",
        "location": "East US 2",
        "tags": {},
        "properties": {
          "disableLocalAuth": false,
          "zoneRedundant": false,
          "provisioningState": "Created",
          "metricId": "326100e2-f69d-4268-8503-075374f62b6e:testnamespacemgmt4139",
          "createdAt": "2022-10-11T15:19:27.74Z",
          "updatedAt": "2022-10-11T15:19:27.74Z",
          "serviceBusEndpoint": "https://testnamespacemgmt4139.servicebus.windows.net:443/",
          "status": "Activating"
        }
      }
    },
    {
      "RequestUri": "https://management.azure.com/subscriptions/326100e2-f69d-4268-8503-075374f62b6e/resourceGroups/testservicebusRG-6576/providers/Microsoft.ServiceBus/namespaces/testnamespacemgmt4139?api-version=2021-11-01",
      "RequestMethod": "GET",
      "RequestHeaders": {
        "Authorization": "Sanitized",
        "traceparent": "00-75ca5a43d913014383e50873734e6ae3-092fa5bad0ba2348-00",
        "User-Agent": "azsdk-net-ResourceManager/1.2.0 (.NET Framework 4.8.9075.0; Microsoft Windows 10.0.22621 )",
        "x-ms-client-request-id": "2f0e97223c8fcd519d2cdff87fec265e",
        "x-ms-return-client-request-id": "true"
      },
      "RequestBody": null,
      "StatusCode": 200,
      "ResponseHeaders": {
        "Cache-Control": "no-cache",
        "Content-Length": "664",
        "Content-Type": "application/json; charset=utf-8",
        "Date": "Tue, 11 Oct 2022 15:19:33 GMT",
        "Expires": "-1",
        "Pragma": "no-cache",
        "Server": [
          "Service-Bus-Resource-Provider/CH3",
          "Microsoft-HTTPAPI/2.0"
        ],
        "Server-SB": "Service-Bus-Resource-Provider/CH3",
        "Strict-Transport-Security": "max-age=31536000; includeSubDomains",
        "X-Content-Type-Options": "nosniff",
        "x-ms-client-request-id": "2f0e97223c8fcd519d2cdff87fec265e",
        "x-ms-correlation-request-id": "6e2f4185-9c36-420c-998d-5f5bf0122207",
        "x-ms-ratelimit-remaining-subscription-reads": "11977",
        "x-ms-request-id": "6abe7dae-c71b-4d22-a586-a4e4fa5dcf5a_M2CH3_M2CH3",
        "x-ms-routing-request-id": "SOUTHINDIA:20221011T151933Z:6e2f4185-9c36-420c-998d-5f5bf0122207"
      },
      "ResponseBody": {
        "sku": {
          "name": "Premium",
          "tier": "Premium",
          "capacity": 1
        },
        "id": "/subscriptions/326100e2-f69d-4268-8503-075374f62b6e/resourceGroups/testservicebusRG-6576/providers/Microsoft.ServiceBus/namespaces/testnamespacemgmt4139",
        "name": "testnamespacemgmt4139",
        "type": "Microsoft.ServiceBus/Namespaces",
        "location": "East US 2",
        "tags": {},
        "properties": {
          "disableLocalAuth": false,
          "zoneRedundant": false,
          "provisioningState": "Created",
          "metricId": "326100e2-f69d-4268-8503-075374f62b6e:testnamespacemgmt4139",
          "createdAt": "2022-10-11T15:19:27.74Z",
          "updatedAt": "2022-10-11T15:19:27.74Z",
          "serviceBusEndpoint": "https://testnamespacemgmt4139.servicebus.windows.net:443/",
          "status": "Activating"
        }
      }
    },
    {
      "RequestUri": "https://management.azure.com/subscriptions/326100e2-f69d-4268-8503-075374f62b6e/resourceGroups/testservicebusRG-6576/providers/Microsoft.ServiceBus/namespaces/testnamespacemgmt4139?api-version=2021-11-01",
      "RequestMethod": "GET",
      "RequestHeaders": {
        "Authorization": "Sanitized",
        "traceparent": "00-75ca5a43d913014383e50873734e6ae3-5be156c3864bbd48-00",
        "User-Agent": "azsdk-net-ResourceManager/1.2.0 (.NET Framework 4.8.9075.0; Microsoft Windows 10.0.22621 )",
        "x-ms-client-request-id": "2057067aa6659595ee8b1c27bf35bac3",
        "x-ms-return-client-request-id": "true"
      },
      "RequestBody": null,
      "StatusCode": 200,
      "ResponseHeaders": {
        "Cache-Control": "no-cache",
        "Content-Length": "664",
        "Content-Type": "application/json; charset=utf-8",
        "Date": "Tue, 11 Oct 2022 15:19:35 GMT",
        "Expires": "-1",
        "Pragma": "no-cache",
        "Server": [
          "Service-Bus-Resource-Provider/CH3",
          "Microsoft-HTTPAPI/2.0"
        ],
        "Server-SB": "Service-Bus-Resource-Provider/CH3",
        "Strict-Transport-Security": "max-age=31536000; includeSubDomains",
        "X-Content-Type-Options": "nosniff",
        "x-ms-client-request-id": "2057067aa6659595ee8b1c27bf35bac3",
        "x-ms-correlation-request-id": "e9aa34f9-b1ec-4741-a2c1-b7cb7350708b",
        "x-ms-ratelimit-remaining-subscription-reads": "11976",
        "x-ms-request-id": "0abeddf1-6729-4dca-9897-33b02de973d0_M11CH3_M11CH3",
        "x-ms-routing-request-id": "SOUTHINDIA:20221011T151935Z:e9aa34f9-b1ec-4741-a2c1-b7cb7350708b"
      },
      "ResponseBody": {
        "sku": {
          "name": "Premium",
          "tier": "Premium",
          "capacity": 1
        },
        "id": "/subscriptions/326100e2-f69d-4268-8503-075374f62b6e/resourceGroups/testservicebusRG-6576/providers/Microsoft.ServiceBus/namespaces/testnamespacemgmt4139",
        "name": "testnamespacemgmt4139",
        "type": "Microsoft.ServiceBus/Namespaces",
        "location": "East US 2",
        "tags": {},
        "properties": {
          "disableLocalAuth": false,
          "zoneRedundant": false,
          "provisioningState": "Created",
          "metricId": "326100e2-f69d-4268-8503-075374f62b6e:testnamespacemgmt4139",
          "createdAt": "2022-10-11T15:19:27.74Z",
          "updatedAt": "2022-10-11T15:19:27.74Z",
          "serviceBusEndpoint": "https://testnamespacemgmt4139.servicebus.windows.net:443/",
          "status": "Activating"
        }
      }
    },
    {
      "RequestUri": "https://management.azure.com/subscriptions/326100e2-f69d-4268-8503-075374f62b6e/resourceGroups/testservicebusRG-6576/providers/Microsoft.ServiceBus/namespaces/testnamespacemgmt4139?api-version=2021-11-01",
      "RequestMethod": "GET",
      "RequestHeaders": {
        "Authorization": "Sanitized",
        "traceparent": "00-75ca5a43d913014383e50873734e6ae3-3c90adc2120c3c4c-00",
        "User-Agent": "azsdk-net-ResourceManager/1.2.0 (.NET Framework 4.8.9075.0; Microsoft Windows 10.0.22621 )",
        "x-ms-client-request-id": "c0690b68a76108c02f866e530cf78410",
        "x-ms-return-client-request-id": "true"
      },
      "RequestBody": null,
      "StatusCode": 200,
      "ResponseHeaders": {
        "Cache-Control": "no-cache",
        "Content-Length": "664",
        "Content-Type": "application/json; charset=utf-8",
        "Date": "Tue, 11 Oct 2022 15:19:37 GMT",
        "Expires": "-1",
        "Pragma": "no-cache",
        "Server": [
          "Service-Bus-Resource-Provider/CH3",
          "Microsoft-HTTPAPI/2.0"
        ],
        "Server-SB": "Service-Bus-Resource-Provider/CH3",
        "Strict-Transport-Security": "max-age=31536000; includeSubDomains",
        "X-Content-Type-Options": "nosniff",
        "x-ms-client-request-id": "c0690b68a76108c02f866e530cf78410",
        "x-ms-correlation-request-id": "06bf873a-29a2-4fe2-8d5c-2fb089affccf",
        "x-ms-ratelimit-remaining-subscription-reads": "11975",
        "x-ms-request-id": "44d5b0fd-a719-4525-8a8b-c7995bea9b93_M11CH3_M11CH3",
        "x-ms-routing-request-id": "SOUTHINDIA:20221011T151937Z:06bf873a-29a2-4fe2-8d5c-2fb089affccf"
      },
      "ResponseBody": {
        "sku": {
          "name": "Premium",
          "tier": "Premium",
          "capacity": 1
        },
        "id": "/subscriptions/326100e2-f69d-4268-8503-075374f62b6e/resourceGroups/testservicebusRG-6576/providers/Microsoft.ServiceBus/namespaces/testnamespacemgmt4139",
        "name": "testnamespacemgmt4139",
        "type": "Microsoft.ServiceBus/Namespaces",
        "location": "East US 2",
        "tags": {},
        "properties": {
          "disableLocalAuth": false,
          "zoneRedundant": false,
          "provisioningState": "Created",
          "metricId": "326100e2-f69d-4268-8503-075374f62b6e:testnamespacemgmt4139",
          "createdAt": "2022-10-11T15:19:27.74Z",
          "updatedAt": "2022-10-11T15:19:27.74Z",
          "serviceBusEndpoint": "https://testnamespacemgmt4139.servicebus.windows.net:443/",
          "status": "Activating"
        }
      }
    },
    {
      "RequestUri": "https://management.azure.com/subscriptions/326100e2-f69d-4268-8503-075374f62b6e/resourceGroups/testservicebusRG-6576/providers/Microsoft.ServiceBus/namespaces/testnamespacemgmt4139?api-version=2021-11-01",
      "RequestMethod": "GET",
      "RequestHeaders": {
        "Authorization": "Sanitized",
        "traceparent": "00-75ca5a43d913014383e50873734e6ae3-e2cf012b9e305c46-00",
        "User-Agent": "azsdk-net-ResourceManager/1.2.0 (.NET Framework 4.8.9075.0; Microsoft Windows 10.0.22621 )",
        "x-ms-client-request-id": "7bd68b4c11f07cff0178400320290e68",
        "x-ms-return-client-request-id": "true"
      },
      "RequestBody": null,
      "StatusCode": 200,
      "ResponseHeaders": {
        "Cache-Control": "no-cache",
        "Content-Length": "664",
        "Content-Type": "application/json; charset=utf-8",
        "Date": "Tue, 11 Oct 2022 15:19:40 GMT",
        "Expires": "-1",
        "Pragma": "no-cache",
        "Server": [
          "Service-Bus-Resource-Provider/CH3",
          "Microsoft-HTTPAPI/2.0"
        ],
        "Server-SB": "Service-Bus-Resource-Provider/CH3",
        "Strict-Transport-Security": "max-age=31536000; includeSubDomains",
        "X-Content-Type-Options": "nosniff",
        "x-ms-client-request-id": "7bd68b4c11f07cff0178400320290e68",
        "x-ms-correlation-request-id": "73852ff1-63fe-475f-bfab-4f778cb35c4c",
        "x-ms-ratelimit-remaining-subscription-reads": "11974",
        "x-ms-request-id": "09538179-8f77-4839-8009-8b630c7ae2f7_M11CH3_M11CH3",
        "x-ms-routing-request-id": "SOUTHINDIA:20221011T151940Z:73852ff1-63fe-475f-bfab-4f778cb35c4c"
      },
      "ResponseBody": {
        "sku": {
          "name": "Premium",
          "tier": "Premium",
          "capacity": 1
        },
        "id": "/subscriptions/326100e2-f69d-4268-8503-075374f62b6e/resourceGroups/testservicebusRG-6576/providers/Microsoft.ServiceBus/namespaces/testnamespacemgmt4139",
        "name": "testnamespacemgmt4139",
        "type": "Microsoft.ServiceBus/Namespaces",
        "location": "East US 2",
        "tags": {},
        "properties": {
          "disableLocalAuth": false,
          "zoneRedundant": false,
          "provisioningState": "Created",
          "metricId": "326100e2-f69d-4268-8503-075374f62b6e:testnamespacemgmt4139",
          "createdAt": "2022-10-11T15:19:27.74Z",
          "updatedAt": "2022-10-11T15:19:27.74Z",
          "serviceBusEndpoint": "https://testnamespacemgmt4139.servicebus.windows.net:443/",
          "status": "Activating"
        }
      }
    },
    {
      "RequestUri": "https://management.azure.com/subscriptions/326100e2-f69d-4268-8503-075374f62b6e/resourceGroups/testservicebusRG-6576/providers/Microsoft.ServiceBus/namespaces/testnamespacemgmt4139?api-version=2021-11-01",
      "RequestMethod": "GET",
      "RequestHeaders": {
        "Authorization": "Sanitized",
        "traceparent": "00-75ca5a43d913014383e50873734e6ae3-2717169111cdc74f-00",
        "User-Agent": "azsdk-net-ResourceManager/1.2.0 (.NET Framework 4.8.9075.0; Microsoft Windows 10.0.22621 )",
        "x-ms-client-request-id": "73901b716583d3fc454ef1df374288f6",
        "x-ms-return-client-request-id": "true"
      },
      "RequestBody": null,
      "StatusCode": 200,
      "ResponseHeaders": {
        "Cache-Control": "no-cache",
        "Content-Length": "664",
        "Content-Type": "application/json; charset=utf-8",
        "Date": "Tue, 11 Oct 2022 15:19:45 GMT",
        "Expires": "-1",
        "Pragma": "no-cache",
        "Server": [
          "Service-Bus-Resource-Provider/CH3",
          "Microsoft-HTTPAPI/2.0"
        ],
        "Server-SB": "Service-Bus-Resource-Provider/CH3",
        "Strict-Transport-Security": "max-age=31536000; includeSubDomains",
        "X-Content-Type-Options": "nosniff",
        "x-ms-client-request-id": "73901b716583d3fc454ef1df374288f6",
        "x-ms-correlation-request-id": "2e920401-85b4-4dba-8e26-23090d869a89",
        "x-ms-ratelimit-remaining-subscription-reads": "11973",
        "x-ms-request-id": "7b0a78c7-0dcc-42be-a6cc-635774e0f2e0_M11CH3_M11CH3",
        "x-ms-routing-request-id": "SOUTHINDIA:20221011T151945Z:2e920401-85b4-4dba-8e26-23090d869a89"
      },
      "ResponseBody": {
        "sku": {
          "name": "Premium",
          "tier": "Premium",
          "capacity": 1
        },
        "id": "/subscriptions/326100e2-f69d-4268-8503-075374f62b6e/resourceGroups/testservicebusRG-6576/providers/Microsoft.ServiceBus/namespaces/testnamespacemgmt4139",
        "name": "testnamespacemgmt4139",
        "type": "Microsoft.ServiceBus/Namespaces",
        "location": "East US 2",
        "tags": {},
        "properties": {
          "disableLocalAuth": false,
          "zoneRedundant": false,
          "provisioningState": "Created",
          "metricId": "326100e2-f69d-4268-8503-075374f62b6e:testnamespacemgmt4139",
          "createdAt": "2022-10-11T15:19:27.74Z",
          "updatedAt": "2022-10-11T15:19:27.74Z",
          "serviceBusEndpoint": "https://testnamespacemgmt4139.servicebus.windows.net:443/",
          "status": "Activating"
        }
      }
    },
    {
      "RequestUri": "https://management.azure.com/subscriptions/326100e2-f69d-4268-8503-075374f62b6e/resourceGroups/testservicebusRG-6576/providers/Microsoft.ServiceBus/namespaces/testnamespacemgmt4139?api-version=2021-11-01",
      "RequestMethod": "GET",
      "RequestHeaders": {
        "Authorization": "Sanitized",
        "traceparent": "00-75ca5a43d913014383e50873734e6ae3-20ae9b2cd12ee546-00",
        "User-Agent": "azsdk-net-ResourceManager/1.2.0 (.NET Framework 4.8.9075.0; Microsoft Windows 10.0.22621 )",
        "x-ms-client-request-id": "34da0b073f5e56d20becbfe866bde805",
        "x-ms-return-client-request-id": "true"
      },
      "RequestBody": null,
      "StatusCode": 200,
      "ResponseHeaders": {
        "Cache-Control": "no-cache",
        "Content-Length": "664",
        "Content-Type": "application/json; charset=utf-8",
        "Date": "Tue, 11 Oct 2022 15:19:53 GMT",
        "Expires": "-1",
        "Pragma": "no-cache",
        "Server": [
          "Service-Bus-Resource-Provider/CH3",
          "Microsoft-HTTPAPI/2.0"
        ],
        "Server-SB": "Service-Bus-Resource-Provider/CH3",
        "Strict-Transport-Security": "max-age=31536000; includeSubDomains",
        "X-Content-Type-Options": "nosniff",
        "x-ms-client-request-id": "34da0b073f5e56d20becbfe866bde805",
        "x-ms-correlation-request-id": "8384a0ff-a231-4b6f-9b86-69db9ec4dcc3",
        "x-ms-ratelimit-remaining-subscription-reads": "11972",
        "x-ms-request-id": "7a3b114e-f724-49b9-ae99-9c663ffd1ae2_M11CH3_M11CH3",
        "x-ms-routing-request-id": "SOUTHINDIA:20221011T151954Z:8384a0ff-a231-4b6f-9b86-69db9ec4dcc3"
      },
      "ResponseBody": {
        "sku": {
          "name": "Premium",
          "tier": "Premium",
          "capacity": 1
        },
        "id": "/subscriptions/326100e2-f69d-4268-8503-075374f62b6e/resourceGroups/testservicebusRG-6576/providers/Microsoft.ServiceBus/namespaces/testnamespacemgmt4139",
        "name": "testnamespacemgmt4139",
        "type": "Microsoft.ServiceBus/Namespaces",
        "location": "East US 2",
        "tags": {},
        "properties": {
          "disableLocalAuth": false,
          "zoneRedundant": false,
          "provisioningState": "Created",
          "metricId": "326100e2-f69d-4268-8503-075374f62b6e:testnamespacemgmt4139",
          "createdAt": "2022-10-11T15:19:27.74Z",
          "updatedAt": "2022-10-11T15:19:27.74Z",
          "serviceBusEndpoint": "https://testnamespacemgmt4139.servicebus.windows.net:443/",
          "status": "Activating"
        }
      }
    },
    {
      "RequestUri": "https://management.azure.com/subscriptions/326100e2-f69d-4268-8503-075374f62b6e/resourceGroups/testservicebusRG-6576/providers/Microsoft.ServiceBus/namespaces/testnamespacemgmt4139?api-version=2021-11-01",
      "RequestMethod": "GET",
      "RequestHeaders": {
        "Authorization": "Sanitized",
        "traceparent": "00-75ca5a43d913014383e50873734e6ae3-f452ebd33d3f8041-00",
        "User-Agent": "azsdk-net-ResourceManager/1.2.0 (.NET Framework 4.8.9075.0; Microsoft Windows 10.0.22621 )",
        "x-ms-client-request-id": "f1e206781067e78c8e0336a1202044bf",
        "x-ms-return-client-request-id": "true"
      },
      "RequestBody": null,
      "StatusCode": 200,
      "ResponseHeaders": {
        "Cache-Control": "no-cache",
        "Content-Length": "664",
        "Content-Type": "application/json; charset=utf-8",
        "Date": "Tue, 11 Oct 2022 15:20:10 GMT",
        "Expires": "-1",
        "Pragma": "no-cache",
        "Server": [
          "Service-Bus-Resource-Provider/CH3",
          "Microsoft-HTTPAPI/2.0"
        ],
        "Server-SB": "Service-Bus-Resource-Provider/CH3",
        "Strict-Transport-Security": "max-age=31536000; includeSubDomains",
        "X-Content-Type-Options": "nosniff",
        "x-ms-client-request-id": "f1e206781067e78c8e0336a1202044bf",
        "x-ms-correlation-request-id": "7aa1fbaf-3e86-49a8-9f33-86c3805f1de5",
        "x-ms-ratelimit-remaining-subscription-reads": "11971",
        "x-ms-request-id": "e52c015c-3919-4b0b-99b7-13833f8a5225_M11CH3_M11CH3",
        "x-ms-routing-request-id": "SOUTHINDIA:20221011T152011Z:7aa1fbaf-3e86-49a8-9f33-86c3805f1de5"
      },
      "ResponseBody": {
        "sku": {
          "name": "Premium",
          "tier": "Premium",
          "capacity": 1
        },
        "id": "/subscriptions/326100e2-f69d-4268-8503-075374f62b6e/resourceGroups/testservicebusRG-6576/providers/Microsoft.ServiceBus/namespaces/testnamespacemgmt4139",
        "name": "testnamespacemgmt4139",
        "type": "Microsoft.ServiceBus/Namespaces",
        "location": "East US 2",
        "tags": {},
        "properties": {
          "disableLocalAuth": false,
          "zoneRedundant": false,
          "provisioningState": "Created",
          "metricId": "326100e2-f69d-4268-8503-075374f62b6e:testnamespacemgmt4139",
          "createdAt": "2022-10-11T15:19:27.74Z",
          "updatedAt": "2022-10-11T15:19:27.74Z",
          "serviceBusEndpoint": "https://testnamespacemgmt4139.servicebus.windows.net:443/",
          "status": "Activating"
        }
      }
    },
    {
      "RequestUri": "https://management.azure.com/subscriptions/326100e2-f69d-4268-8503-075374f62b6e/resourceGroups/testservicebusRG-6576/providers/Microsoft.ServiceBus/namespaces/testnamespacemgmt4139?api-version=2021-11-01",
      "RequestMethod": "GET",
      "RequestHeaders": {
        "Authorization": "Sanitized",
        "traceparent": "00-75ca5a43d913014383e50873734e6ae3-baa29f5f70b31544-00",
        "User-Agent": "azsdk-net-ResourceManager/1.2.0 (.NET Framework 4.8.9075.0; Microsoft Windows 10.0.22621 )",
        "x-ms-client-request-id": "14fc4af0d94f310948396897a6146c88",
        "x-ms-return-client-request-id": "true"
      },
      "RequestBody": null,
      "StatusCode": 200,
      "ResponseHeaders": {
        "Cache-Control": "no-cache",
        "Content-Length": "663",
        "Content-Type": "application/json; charset=utf-8",
        "Date": "Tue, 11 Oct 2022 15:20:42 GMT",
        "Expires": "-1",
        "Pragma": "no-cache",
        "Server": [
          "Service-Bus-Resource-Provider/CH3",
          "Microsoft-HTTPAPI/2.0"
        ],
        "Server-SB": "Service-Bus-Resource-Provider/CH3",
        "Strict-Transport-Security": "max-age=31536000; includeSubDomains",
        "X-Content-Type-Options": "nosniff",
        "x-ms-client-request-id": "14fc4af0d94f310948396897a6146c88",
        "x-ms-correlation-request-id": "867fba79-9733-40c7-a2c7-0de44d14dd2e",
        "x-ms-ratelimit-remaining-subscription-reads": "11970",
        "x-ms-request-id": "81274f91-844e-47af-8441-f534cf178f7c_M11CH3_M11CH3",
        "x-ms-routing-request-id": "SOUTHINDIA:20221011T152043Z:867fba79-9733-40c7-a2c7-0de44d14dd2e"
      },
      "ResponseBody": {
        "sku": {
          "name": "Premium",
          "tier": "Premium",
          "capacity": 1
        },
        "id": "/subscriptions/326100e2-f69d-4268-8503-075374f62b6e/resourceGroups/testservicebusRG-6576/providers/Microsoft.ServiceBus/namespaces/testnamespacemgmt4139",
        "name": "testnamespacemgmt4139",
        "type": "Microsoft.ServiceBus/Namespaces",
        "location": "East US 2",
        "tags": {},
        "properties": {
          "disableLocalAuth": false,
          "zoneRedundant": false,
          "provisioningState": "Succeeded",
          "metricId": "326100e2-f69d-4268-8503-075374f62b6e:testnamespacemgmt4139",
          "createdAt": "2022-10-11T15:19:27.74Z",
          "updatedAt": "2022-10-11T15:20:36.607Z",
          "serviceBusEndpoint": "https://testnamespacemgmt4139.servicebus.windows.net:443/",
          "status": "Active"
        }
      }
    },
    {
      "RequestUri": "https://management.azure.com/subscriptions/326100e2-f69d-4268-8503-075374f62b6e/resourceGroups/testservicebusRG-6576/providers/Microsoft.ServiceBus/namespaces/testnamespacemgmt4139/queues/queue6599?api-version=2021-11-01",
      "RequestMethod": "PUT",
      "RequestHeaders": {
        "Accept": "application/json",
        "Authorization": "Sanitized",
        "Content-Length": "17",
        "Content-Type": "application/json",
        "traceparent": "00-58d90d1e1246634eb4dccc59e635470c-1de5d8cd6d70c342-00",
        "User-Agent": "azsdk-net-ResourceManager.ServiceBus/1.1.0-alpha.20221011.1 (.NET Framework 4.8.9075.0; Microsoft Windows 10.0.22621 )",
        "x-ms-client-request-id": "603167eb8f977ef7f2a65b093135eba7",
        "x-ms-return-client-request-id": "true"
      },
      "RequestBody": {
        "properties": {}
      },
      "StatusCode": 200,
      "ResponseHeaders": {
        "Cache-Control": "no-cache",
        "Content-Length": "1031",
        "Content-Type": "application/json; charset=utf-8",
        "Date": "Tue, 11 Oct 2022 15:20:47 GMT",
        "Expires": "-1",
        "Pragma": "no-cache",
        "Server": "Microsoft-HTTPAPI/2.0",
        "Strict-Transport-Security": "max-age=31536000; includeSubDomains",
        "X-Content-Type-Options": "nosniff",
        "x-ms-correlation-request-id": "11015886-1e10-4102-953b-3619cfb31073",
        "x-ms-ratelimit-remaining-subscription-writes": "1189",
        "x-ms-request-id": "11015886-1e10-4102-953b-3619cfb31073",
        "x-ms-routing-request-id": "SOUTHINDIA:20221011T152048Z:11015886-1e10-4102-953b-3619cfb31073"
      },
      "ResponseBody": {
        "id": "/subscriptions/326100e2-f69d-4268-8503-075374f62b6e/resourceGroups/testservicebusRG-6576/providers/Microsoft.ServiceBus/namespaces/testnamespacemgmt4139/queues/queue6599",
        "name": "queue6599",
        "type": "Microsoft.ServiceBus/namespaces/queues",
        "location": "eastus2",
        "properties": {
          "maxMessageSizeInKilobytes": 1024,
          "lockDuration": "PT1M",
          "maxSizeInMegabytes": 1024,
          "requiresDuplicateDetection": false,
          "requiresSession": false,
          "defaultMessageTimeToLive": "P10675199DT2H48M5.4775807S",
          "deadLetteringOnMessageExpiration": false,
          "enableBatchedOperations": true,
          "duplicateDetectionHistoryTimeWindow": "PT10M",
          "maxDeliveryCount": 10,
          "sizeInBytes": 0,
          "messageCount": 0,
          "status": "Active",
          "autoDeleteOnIdle": "P10675199DT2H48M5.4775807S",
          "enablePartitioning": false,
          "enableExpress": false,
          "countDetails": {
            "activeMessageCount": 0,
            "deadLetterMessageCount": 0,
            "scheduledMessageCount": 0,
            "transferMessageCount": 0,
            "transferDeadLetterMessageCount": 0
          },
          "createdAt": "2022-10-11T15:20:47.367Z",
          "updatedAt": "2022-10-11T15:20:48.053Z",
          "accessedAt": "0001-01-01T00:00:00"
        }
      }
    },
    {
      "RequestUri": "https://management.azure.com/subscriptions/326100e2-f69d-4268-8503-075374f62b6e/resourceGroups/testservicebusRG-6576/providers/Microsoft.ServiceBus/namespaces/testnamespacemgmt4139/queues/queue6599/authorizationRules/authorizationrule3395?api-version=2021-11-01",
      "RequestMethod": "PUT",
      "RequestHeaders": {
        "Accept": "application/json",
        "Authorization": "Sanitized",
        "Content-Length": "43",
        "Content-Type": "application/json",
        "traceparent": "00-a17652f108b66844a9d71f5b7ad0f79e-01912d5c4cce8a45-00",
        "User-Agent": "azsdk-net-ResourceManager.ServiceBus/1.1.0-alpha.20221011.1 (.NET Framework 4.8.9075.0; Microsoft Windows 10.0.22621 )",
        "x-ms-client-request-id": "d3c11cf89eb6b0fca82da8f5417a96ad",
        "x-ms-return-client-request-id": "true"
      },
      "RequestBody": {
        "properties": {
          "rights": [
            "Listen",
            "Send"
          ]
        }
      },
      "StatusCode": 200,
      "ResponseHeaders": {
        "Cache-Control": "no-cache",
        "Content-Length": "359",
        "Content-Type": "application/json; charset=utf-8",
        "Date": "Tue, 11 Oct 2022 15:20:50 GMT",
        "Expires": "-1",
        "Pragma": "no-cache",
        "Server": "Microsoft-HTTPAPI/2.0",
        "Strict-Transport-Security": "max-age=31536000; includeSubDomains",
        "X-Content-Type-Options": "nosniff",
        "x-ms-correlation-request-id": "32d94108-a9c4-4db5-9443-09e933e9cffa",
        "x-ms-ratelimit-remaining-subscription-writes": "1188",
        "x-ms-request-id": "32d94108-a9c4-4db5-9443-09e933e9cffa",
        "x-ms-routing-request-id": "SOUTHINDIA:20221011T152050Z:32d94108-a9c4-4db5-9443-09e933e9cffa"
      },
      "ResponseBody": {
        "id": "/subscriptions/326100e2-f69d-4268-8503-075374f62b6e/resourceGroups/testservicebusRG-6576/providers/Microsoft.ServiceBus/namespaces/testnamespacemgmt4139/queues/queue6599/authorizationRules/authorizationrule3395",
        "name": "authorizationrule3395",
        "type": "Microsoft.ServiceBus/namespaces/queues/authorizationrules",
        "properties": {
          "rights": [
            "Listen",
            "Send"
          ]
        }
      }
    },
    {
      "RequestUri": "https://management.azure.com/subscriptions/326100e2-f69d-4268-8503-075374f62b6e/resourceGroups/testservicebusRG-6576/providers/Microsoft.ServiceBus/namespaces/testnamespacemgmt4139/queues/queue6599/authorizationRules/authorizationrule3395/ListKeys?api-version=2021-11-01",
      "RequestMethod": "POST",
      "RequestHeaders": {
        "Accept": "application/json",
        "Authorization": "Sanitized",
        "Content-Length": "0",
        "traceparent": "00-dfed9010f1e3804eb4069ea90959cf66-28f945307ac8cd4b-00",
        "User-Agent": "azsdk-net-ResourceManager.ServiceBus/1.1.0-alpha.20221011.1 (.NET Framework 4.8.9075.0; Microsoft Windows 10.0.22621 )",
        "x-ms-client-request-id": "13b8353b585f04ba955c33ae2817037c",
        "x-ms-return-client-request-id": "true"
      },
      "RequestBody": null,
      "StatusCode": 200,
      "ResponseHeaders": {
        "Cache-Control": "no-cache",
        "Content-Length": "153",
        "Content-Type": "application/json; charset=utf-8",
        "Date": "Tue, 11 Oct 2022 15:20:51 GMT",
        "Expires": "-1",
        "Pragma": "no-cache",
        "Server": "Microsoft-HTTPAPI/2.0",
        "Strict-Transport-Security": "max-age=31536000; includeSubDomains",
        "X-Content-Type-Options": "nosniff",
        "x-ms-correlation-request-id": "63a606f7-9903-49e9-adad-d7dc9b4eed44",
        "x-ms-ratelimit-remaining-subscription-writes": "1186",
        "x-ms-request-id": "63a606f7-9903-49e9-adad-d7dc9b4eed44",
        "x-ms-routing-request-id": "SOUTHINDIA:20221011T152051Z:63a606f7-9903-49e9-adad-d7dc9b4eed44"
      },
      "ResponseBody": {
        "primaryConnectionString": "Sanitized",
        "secondaryConnectionString": "Sanitized",
        "primaryKey": "Sanitized",
        "secondaryKey": "Sanitized",
        "keyName": "Sanitized"
      }
    },
    {
      "RequestUri": "https://management.azure.com/subscriptions/326100e2-f69d-4268-8503-075374f62b6e/resourceGroups/testservicebusRG-6576/providers/Microsoft.ServiceBus/namespaces/testnamespacemgmt4139/queues/queue6599/authorizationRules/authorizationrule3395/regenerateKeys?api-version=2021-11-01",
      "RequestMethod": "POST",
      "RequestHeaders": {
        "Accept": "application/json",
        "Authorization": "Sanitized",
        "Content-Length": "24",
        "Content-Type": "application/json",
        "traceparent": "00-d2b7dfb023685243a102c544be104979-78b51df58edec347-00",
        "User-Agent": "azsdk-net-ResourceManager.ServiceBus/1.1.0-alpha.20221011.1 (.NET Framework 4.8.9075.0; Microsoft Windows 10.0.22621 )",
        "x-ms-client-request-id": "501ba6ef92c7c83434afee614f89b12c",
        "x-ms-return-client-request-id": "true"
      },
      "RequestBody": {
        "keyType": "PrimaryKey"
      },
      "StatusCode": 200,
      "ResponseHeaders": {
        "Cache-Control": "no-cache",
        "Content-Length": "153",
        "Content-Type": "application/json; charset=utf-8",
        "Date": "Tue, 11 Oct 2022 15:20:52 GMT",
        "Expires": "-1",
        "Pragma": "no-cache",
        "Server": "Microsoft-HTTPAPI/2.0",
        "Strict-Transport-Security": "max-age=31536000; includeSubDomains",
        "X-Content-Type-Options": "nosniff",
        "x-ms-correlation-request-id": "f7097f60-0f5e-407b-be14-5be6ca241b13",
        "x-ms-ratelimit-remaining-subscription-writes": "1185",
        "x-ms-request-id": "f7097f60-0f5e-407b-be14-5be6ca241b13",
        "x-ms-routing-request-id": "SOUTHINDIA:20221011T152052Z:f7097f60-0f5e-407b-be14-5be6ca241b13"
      },
      "ResponseBody": {
        "primaryConnectionString": "Sanitized",
        "secondaryConnectionString": "Sanitized",
        "primaryKey": "Sanitized",
        "secondaryKey": "Sanitized",
        "keyName": "Sanitized"
      }
    },
    {
      "RequestUri": "https://management.azure.com/subscriptions/326100e2-f69d-4268-8503-075374f62b6e/resourceGroups/testservicebusRG-6576/providers/Microsoft.ServiceBus/namespaces/testnamespacemgmt4139/queues/queue6599/authorizationRules/authorizationrule3395/regenerateKeys?api-version=2021-11-01",
      "RequestMethod": "POST",
      "RequestHeaders": {
        "Accept": "application/json",
        "Authorization": "Sanitized",
        "Content-Length": "26",
        "Content-Type": "application/json",
        "traceparent": "00-434c0427969997499ef5100cb69bf79c-cb5b3eb05bfabd43-00",
        "User-Agent": "azsdk-net-ResourceManager.ServiceBus/1.1.0-alpha.20221011.1 (.NET Framework 4.8.9075.0; Microsoft Windows 10.0.22621 )",
        "x-ms-client-request-id": "00f65bc49332a09f61bc3d5a6b4e8891",
        "x-ms-return-client-request-id": "true"
      },
      "RequestBody": {
        "keyType": "SecondaryKey"
      },
      "StatusCode": 200,
      "ResponseHeaders": {
        "Cache-Control": "no-cache",
        "Content-Length": "153",
        "Content-Type": "application/json; charset=utf-8",
        "Date": "Tue, 11 Oct 2022 15:20:53 GMT",
        "Expires": "-1",
        "Pragma": "no-cache",
        "Server": "Microsoft-HTTPAPI/2.0",
        "Strict-Transport-Security": "max-age=31536000; includeSubDomains",
        "X-Content-Type-Options": "nosniff",
        "x-ms-correlation-request-id": "808066b5-d08a-4586-836a-5dd97404b3dc",
        "x-ms-ratelimit-remaining-subscription-writes": "1184",
        "x-ms-request-id": "808066b5-d08a-4586-836a-5dd97404b3dc",
        "x-ms-routing-request-id": "SOUTHINDIA:20221011T152053Z:808066b5-d08a-4586-836a-5dd97404b3dc"
      },
      "ResponseBody": {
        "primaryConnectionString": "Sanitized",
        "secondaryConnectionString": "Sanitized",
        "primaryKey": "Sanitized",
        "secondaryKey": "Sanitized",
        "keyName": "Sanitized"
      }
    },
    {
      "RequestUri": "https://management.azure.com/subscriptions/326100e2-f69d-4268-8503-075374f62b6e/resourceGroups/testservicebusRG-6576/providers/Microsoft.ServiceBus/namespaces/testnamespacemgmt4139/queues/queue6599/authorizationRules/authorizationrule3395/regenerateKeys?api-version=2021-11-01",
      "RequestMethod": "POST",
      "RequestHeaders": {
        "Accept": "application/json",
        "Authorization": "Sanitized",
        "Content-Length": "42",
        "Content-Type": "application/json",
        "traceparent": "00-2e30af8cf5f68e42b606eeeed6ce5e42-56fba94549346a42-00",
        "User-Agent": "azsdk-net-ResourceManager.ServiceBus/1.1.0-alpha.20221011.1 (.NET Framework 4.8.9075.0; Microsoft Windows 10.0.22621 )",
        "x-ms-client-request-id": "9a062b29465ea8e600f0dfb06959b50c",
        "x-ms-return-client-request-id": "true"
      },
      "RequestBody": {
        "keyType": "PrimaryKey",
        "key": "Sanitized"
      },
      "StatusCode": 200,
      "ResponseHeaders": {
        "Cache-Control": "no-cache",
        "Content-Length": "153",
        "Content-Type": "application/json; charset=utf-8",
        "Date": "Tue, 11 Oct 2022 15:20:54 GMT",
        "Expires": "-1",
        "Pragma": "no-cache",
        "Server": "Microsoft-HTTPAPI/2.0",
        "Strict-Transport-Security": "max-age=31536000; includeSubDomains",
        "X-Content-Type-Options": "nosniff",
        "x-ms-correlation-request-id": "7cbba3ef-0c69-4ff2-99f4-5cca581dfaca",
        "x-ms-ratelimit-remaining-subscription-writes": "1183",
        "x-ms-request-id": "7cbba3ef-0c69-4ff2-99f4-5cca581dfaca",
        "x-ms-routing-request-id": "SOUTHINDIA:20221011T152054Z:7cbba3ef-0c69-4ff2-99f4-5cca581dfaca"
      },
      "ResponseBody": {
        "primaryConnectionString": "Sanitized",
        "secondaryConnectionString": "Sanitized",
        "primaryKey": "Sanitized",
        "secondaryKey": "Sanitized",
        "keyName": "Sanitized"
      }
    },
    {
      "RequestUri": "https://management.azure.com/subscriptions/326100e2-f69d-4268-8503-075374f62b6e/resourceGroups/testservicebusRG-6576/providers/Microsoft.ServiceBus/namespaces/testnamespacemgmt4139/queues/queue6599/authorizationRules/authorizationrule3395/regenerateKeys?api-version=2021-11-01",
      "RequestMethod": "POST",
      "RequestHeaders": {
        "Accept": "application/json",
        "Authorization": "Sanitized",
        "Content-Length": "44",
        "Content-Type": "application/json",
        "traceparent": "00-eed9afd26397504aac2843b7214d5551-332940655ec70c43-00",
        "User-Agent": "azsdk-net-ResourceManager.ServiceBus/1.1.0-alpha.20221011.1 (.NET Framework 4.8.9075.0; Microsoft Windows 10.0.22621 )",
        "x-ms-client-request-id": "cce907aa03215b49077bee0a55da5de6",
        "x-ms-return-client-request-id": "true"
      },
      "RequestBody": {
        "keyType": "SecondaryKey",
        "key": "Sanitized"
      },
      "StatusCode": 200,
      "ResponseHeaders": {
        "Cache-Control": "no-cache",
        "Content-Length": "153",
        "Content-Type": "application/json; charset=utf-8",
        "Date": "Tue, 11 Oct 2022 15:20:55 GMT",
        "Expires": "-1",
        "Pragma": "no-cache",
        "Server": "Microsoft-HTTPAPI/2.0",
        "Strict-Transport-Security": "max-age=31536000; includeSubDomains",
        "X-Content-Type-Options": "nosniff",
        "x-ms-correlation-request-id": "03709554-db5a-42d5-98da-7bf040737353",
        "x-ms-ratelimit-remaining-subscription-writes": "1182",
        "x-ms-request-id": "03709554-db5a-42d5-98da-7bf040737353",
        "x-ms-routing-request-id": "SOUTHINDIA:20221011T152055Z:03709554-db5a-42d5-98da-7bf040737353"
      },
      "ResponseBody": {
        "primaryConnectionString": "Sanitized",
        "secondaryConnectionString": "Sanitized",
        "primaryKey": "Sanitized",
        "secondaryKey": "Sanitized",
        "keyName": "Sanitized"
      }
    }
  ],
  "Variables": {
    "AZURE_AUTHORITY_HOST": "https://login.microsoftonline.com",
    "RandomSeed": "498251606",
    "RESOURCE_MANAGER_URL": null,
    "SUBSCRIPTION_ID": "326100e2-f69d-4268-8503-075374f62b6e"
  }
}
