{
  "Entries": [
    {
      "RequestUri": "/subscriptions/e37510d7-33b6-4676-886f-ee75bcc01871/providers/Microsoft.Compute/locations/eastus2/publishers/MicrosoftWindowsServer/artifacttypes/vmimage/offers/WindowsServer/skus/2012-R2-Datacenter/versions?$top=1&api-version=2021-07-01",
      "EncodedRequestUri": "L3N1YnNjcmlwdGlvbnMvZTM3NTEwZDctMzNiNi00Njc2LTg4NmYtZWU3NWJjYzAxODcxL3Byb3ZpZGVycy9NaWNyb3NvZnQuQ29tcHV0ZS9sb2NhdGlvbnMvZWFzdHVzMi9wdWJsaXNoZXJzL01pY3Jvc29mdFdpbmRvd3NTZXJ2ZXIvYXJ0aWZhY3R0eXBlcy92bWltYWdlL29mZmVycy9XaW5kb3dzU2VydmVyL3NrdXMvMjAxMi1SMi1EYXRhY2VudGVyL3ZlcnNpb25zPyR0b3A9MSZhcGktdmVyc2lvbj0yMDIxLTA3LTAx",
      "RequestMethod": "GET",
      "RequestBody": "",
      "RequestHeaders": {
        "x-ms-client-request-id": [
          "ee4be9c2-3f29-4a9f-85a0-3c1d633f0598"
        ],
        "Accept-Language": [
          "en-US"
        ],
        "User-Agent": [
          "FxVersion/4.6.29518.01",
          "OSName/Windows",
          "OSVersion/Microsoft.Windows.10.0.19042.",
          "Microsoft.Azure.Management.Compute.ComputeManagementClient/47.0.0"
        ]
      },
      "ResponseHeaders": {
        "Cache-Control": [
          "no-cache"
        ],
        "Pragma": [
          "no-cache"
        ],
        "x-ms-ratelimit-remaining-resource": [
          "Microsoft.Compute/ListVMImagesVersionsFromLocation3Min;15999,Microsoft.Compute/ListVMImagesVersionsFromLocation30Min;43997"
        ],
        "Strict-Transport-Security": [
          "max-age=31536000; includeSubDomains"
        ],
        "x-ms-served-by": [
          "19a6b8e7-2f9b-4b25-aea4-718323f85895_132686743863349750"
        ],
        "x-ms-request-id": [
          "d1862665-9d61-444f-a92a-8a047b576836"
        ],
        "Server": [
          "Microsoft-HTTPAPI/2.0",
          "Microsoft-HTTPAPI/2.0"
        ],
        "x-ms-ratelimit-remaining-subscription-reads": [
          "11999"
        ],
        "x-ms-correlation-request-id": [
          "ca20ff12-bece-4b70-8d0e-83ccf62c4963"
        ],
        "x-ms-routing-request-id": [
          "EASTUS2:20210629T063036Z:ca20ff12-bece-4b70-8d0e-83ccf62c4963"
        ],
        "X-Content-Type-Options": [
          "nosniff"
        ],
        "Date": [
          "Tue, 29 Jun 2021 06:30:36 GMT"
        ],
        "Content-Length": [
          "309"
        ],
        "Content-Type": [
          "application/json; charset=utf-8"
        ],
        "Expires": [
          "-1"
        ]
      },
      "ResponseBody": "[\r\n  {\r\n    \"location\": \"eastus2\",\r\n    \"name\": \"4.127.20180315\",\r\n    \"id\": \"/Subscriptions/e37510d7-33b6-4676-886f-ee75bcc01871/Providers/Microsoft.Compute/Locations/eastus2/Publishers/MicrosoftWindowsServer/ArtifactTypes/VMImage/Offers/WindowsServer/Skus/2012-R2-Datacenter/Versions/4.127.20180315\"\r\n  }\r\n]",
      "StatusCode": 200
    },
    {
      "RequestUri": "/subscriptions/e37510d7-33b6-4676-886f-ee75bcc01871/resourcegroups/crptestar8656?api-version=2017-05-10",
      "EncodedRequestUri": "L3N1YnNjcmlwdGlvbnMvZTM3NTEwZDctMzNiNi00Njc2LTg4NmYtZWU3NWJjYzAxODcxL3Jlc291cmNlZ3JvdXBzL2NycHRlc3Rhcjg2NTY/YXBpLXZlcnNpb249MjAxNy0wNS0xMA==",
      "RequestMethod": "PUT",
      "RequestBody": "{\r\n  \"location\": \"eastus2\",\r\n  \"tags\": {\r\n    \"crptestar8656\": \"2021-06-29 06:30:36Z\"\r\n  }\r\n}",
      "RequestHeaders": {
        "x-ms-client-request-id": [
          "d6d20b44-e1ec-4bf2-80d9-61c97ac376e5"
        ],
        "Accept-Language": [
          "en-US"
        ],
        "User-Agent": [
          "FxVersion/4.6.29518.01",
          "OSName/Windows",
          "OSVersion/Microsoft.Windows.10.0.19042.",
          "Microsoft.Azure.Management.ResourceManager.ResourceManagementClient/1.6.0.0"
        ],
        "Content-Type": [
          "application/json; charset=utf-8"
        ],
        "Content-Length": [
          "93"
        ]
      },
      "ResponseHeaders": {
        "Cache-Control": [
          "no-cache"
        ],
        "Pragma": [
          "no-cache"
        ],
        "x-ms-ratelimit-remaining-subscription-writes": [
          "1199"
        ],
        "x-ms-request-id": [
          "429a9e1f-6752-4960-a201-b95b418e4949"
        ],
        "x-ms-correlation-request-id": [
          "429a9e1f-6752-4960-a201-b95b418e4949"
        ],
        "x-ms-routing-request-id": [
          "EASTUS2:20210629T063036Z:429a9e1f-6752-4960-a201-b95b418e4949"
        ],
        "Strict-Transport-Security": [
          "max-age=31536000; includeSubDomains"
        ],
        "X-Content-Type-Options": [
          "nosniff"
        ],
        "Date": [
          "Tue, 29 Jun 2021 06:30:35 GMT"
        ],
        "Content-Length": [
          "228"
        ],
        "Content-Type": [
          "application/json; charset=utf-8"
        ],
        "Expires": [
          "-1"
        ]
      },
      "ResponseBody": "{\r\n  \"id\": \"/subscriptions/e37510d7-33b6-4676-886f-ee75bcc01871/resourceGroups/crptestar8656\",\r\n  \"name\": \"crptestar8656\",\r\n  \"location\": \"eastus2\",\r\n  \"tags\": {\r\n    \"crptestar8656\": \"2021-06-29 06:30:36Z\"\r\n  },\r\n  \"properties\": {\r\n    \"provisioningState\": \"Succeeded\"\r\n  }\r\n}",
      "StatusCode": 201
    },
    {
      "RequestUri": "/subscriptions/e37510d7-33b6-4676-886f-ee75bcc01871/resourcegroups/crptestar8656?api-version=2017-05-10",
      "EncodedRequestUri": "L3N1YnNjcmlwdGlvbnMvZTM3NTEwZDctMzNiNi00Njc2LTg4NmYtZWU3NWJjYzAxODcxL3Jlc291cmNlZ3JvdXBzL2NycHRlc3Rhcjg2NTY/YXBpLXZlcnNpb249MjAxNy0wNS0xMA==",
      "RequestMethod": "PUT",
      "RequestBody": "{\r\n  \"location\": \"eastus2\"\r\n}",
      "RequestHeaders": {
        "x-ms-client-request-id": [
          "9b3b3d30-da62-41b3-863a-cde8b284164e"
        ],
        "Accept-Language": [
          "en-US"
        ],
        "User-Agent": [
          "FxVersion/4.6.29518.01",
          "OSName/Windows",
          "OSVersion/Microsoft.Windows.10.0.19042.",
          "Microsoft.Azure.Management.ResourceManager.ResourceManagementClient/1.6.0.0"
        ],
        "Content-Type": [
          "application/json; charset=utf-8"
        ],
        "Content-Length": [
          "29"
        ]
      },
      "ResponseHeaders": {
        "Cache-Control": [
          "no-cache"
        ],
        "Pragma": [
          "no-cache"
        ],
        "x-ms-ratelimit-remaining-subscription-writes": [
          "1198"
        ],
        "x-ms-request-id": [
          "9ef0136d-5512-42dc-929d-9f82b4b62d8b"
        ],
        "x-ms-correlation-request-id": [
          "9ef0136d-5512-42dc-929d-9f82b4b62d8b"
        ],
        "x-ms-routing-request-id": [
          "EASTUS2:20210629T063106Z:9ef0136d-5512-42dc-929d-9f82b4b62d8b"
        ],
        "Strict-Transport-Security": [
          "max-age=31536000; includeSubDomains"
        ],
        "X-Content-Type-Options": [
          "nosniff"
        ],
        "Date": [
          "Tue, 29 Jun 2021 06:31:05 GMT"
        ],
        "Content-Length": [
          "180"
        ],
        "Content-Type": [
          "application/json; charset=utf-8"
        ],
        "Expires": [
          "-1"
        ]
      },
      "ResponseBody": "{\r\n  \"id\": \"/subscriptions/e37510d7-33b6-4676-886f-ee75bcc01871/resourceGroups/crptestar8656\",\r\n  \"name\": \"crptestar8656\",\r\n  \"location\": \"eastus2\",\r\n  \"properties\": {\r\n    \"provisioningState\": \"Succeeded\"\r\n  }\r\n}",
      "StatusCode": 200
    },
    {
      "RequestUri": "/subscriptions/e37510d7-33b6-4676-886f-ee75bcc01871/resourceGroups/crptestar8656/providers/Microsoft.Storage/storageAccounts/crptestar1105?api-version=2015-06-15",
      "EncodedRequestUri": "L3N1YnNjcmlwdGlvbnMvZTM3NTEwZDctMzNiNi00Njc2LTg4NmYtZWU3NWJjYzAxODcxL3Jlc291cmNlR3JvdXBzL2NycHRlc3Rhcjg2NTYvcHJvdmlkZXJzL01pY3Jvc29mdC5TdG9yYWdlL3N0b3JhZ2VBY2NvdW50cy9jcnB0ZXN0YXIxMTA1P2FwaS12ZXJzaW9uPTIwMTUtMDYtMTU=",
      "RequestMethod": "PUT",
      "RequestBody": "{\r\n  \"location\": \"eastus2\",\r\n  \"properties\": {\r\n    \"accountType\": \"Standard_GRS\"\r\n  }\r\n}",
      "RequestHeaders": {
        "x-ms-client-request-id": [
          "23c32609-9a9f-4437-9014-df97725d38f4"
        ],
        "Accept-Language": [
          "en-US"
        ],
        "User-Agent": [
          "FxVersion/4.6.29518.01",
          "OSName/Windows",
          "OSVersion/Microsoft.Windows.10.0.19042.",
          "Microsoft.Azure.Management.Storage.StorageManagementClient/4.0.0.0"
        ],
        "Content-Type": [
          "application/json; charset=utf-8"
        ],
        "Content-Length": [
          "89"
        ]
      },
      "ResponseHeaders": {
        "Cache-Control": [
          "no-cache"
        ],
        "Pragma": [
          "no-cache"
        ],
        "Location": [
          "https://management.azure.com/subscriptions/e37510d7-33b6-4676-886f-ee75bcc01871/providers/Microsoft.Storage/locations/eastus2/asyncoperations/a61d1bc4-fc1c-4dd3-a629-a8d339f12133?monitor=true&api-version=2015-06-15"
        ],
        "Retry-After": [
          "17"
        ],
        "x-ms-request-id": [
          "a61d1bc4-fc1c-4dd3-a629-a8d339f12133"
        ],
        "Strict-Transport-Security": [
          "max-age=31536000; includeSubDomains"
        ],
        "Server": [
          "Microsoft-Azure-Storage-Resource-Provider/1.0,Microsoft-HTTPAPI/2.0 Microsoft-HTTPAPI/2.0"
        ],
        "x-ms-ratelimit-remaining-subscription-writes": [
          "1199"
        ],
        "x-ms-correlation-request-id": [
          "d4aacd49-39fd-42c2-90b3-c205f63ba606"
        ],
        "x-ms-routing-request-id": [
          "EASTUS2:20210629T063038Z:d4aacd49-39fd-42c2-90b3-c205f63ba606"
        ],
        "X-Content-Type-Options": [
          "nosniff"
        ],
        "Date": [
          "Tue, 29 Jun 2021 06:30:37 GMT"
        ],
        "Content-Type": [
          "text/plain; charset=utf-8"
        ],
        "Expires": [
          "-1"
        ],
        "Content-Length": [
          "0"
        ]
      },
      "ResponseBody": "",
      "StatusCode": 202
    },
    {
      "RequestUri": "/subscriptions/e37510d7-33b6-4676-886f-ee75bcc01871/providers/Microsoft.Storage/locations/eastus2/asyncoperations/a61d1bc4-fc1c-4dd3-a629-a8d339f12133?monitor=true&api-version=2015-06-15",
      "EncodedRequestUri": "L3N1YnNjcmlwdGlvbnMvZTM3NTEwZDctMzNiNi00Njc2LTg4NmYtZWU3NWJjYzAxODcxL3Byb3ZpZGVycy9NaWNyb3NvZnQuU3RvcmFnZS9sb2NhdGlvbnMvZWFzdHVzMi9hc3luY29wZXJhdGlvbnMvYTYxZDFiYzQtZmMxYy00ZGQzLWE2MjktYThkMzM5ZjEyMTMzP21vbml0b3I9dHJ1ZSZhcGktdmVyc2lvbj0yMDE1LTA2LTE1",
      "RequestMethod": "GET",
      "RequestBody": "",
      "RequestHeaders": {
        "User-Agent": [
          "FxVersion/4.6.29518.01",
          "OSName/Windows",
          "OSVersion/Microsoft.Windows.10.0.19042.",
          "Microsoft.Azure.Management.Storage.StorageManagementClient/4.0.0.0"
        ]
      },
      "ResponseHeaders": {
        "Cache-Control": [
          "no-cache"
        ],
        "Pragma": [
          "no-cache"
        ],
        "x-ms-request-id": [
          "04b1c5a9-f24c-4692-8d76-1de31731817d"
        ],
        "Strict-Transport-Security": [
          "max-age=31536000; includeSubDomains"
        ],
        "Server": [
          "Microsoft-Azure-Storage-Resource-Provider/1.0,Microsoft-HTTPAPI/2.0 Microsoft-HTTPAPI/2.0"
        ],
        "x-ms-ratelimit-remaining-subscription-reads": [
          "11999"
        ],
        "x-ms-correlation-request-id": [
          "f35311a7-addd-4af2-ad97-2ac18e52227c"
        ],
        "x-ms-routing-request-id": [
          "EASTUS2:20210629T063055Z:f35311a7-addd-4af2-ad97-2ac18e52227c"
        ],
        "X-Content-Type-Options": [
          "nosniff"
        ],
        "Date": [
          "Tue, 29 Jun 2021 06:30:54 GMT"
        ],
        "Content-Length": [
          "89"
        ],
        "Content-Type": [
          "application/json"
        ],
        "Expires": [
          "-1"
        ]
      },
      "ResponseBody": "{\r\n  \"location\": \"eastus2\",\r\n  \"properties\": {\r\n    \"accountType\": \"Standard_GRS\"\r\n  }\r\n}",
      "StatusCode": 200
    },
    {
      "RequestUri": "/subscriptions/e37510d7-33b6-4676-886f-ee75bcc01871/resourceGroups/crptestar8656/providers/Microsoft.Storage/storageAccounts?api-version=2015-06-15",
      "EncodedRequestUri": "L3N1YnNjcmlwdGlvbnMvZTM3NTEwZDctMzNiNi00Njc2LTg4NmYtZWU3NWJjYzAxODcxL3Jlc291cmNlR3JvdXBzL2NycHRlc3Rhcjg2NTYvcHJvdmlkZXJzL01pY3Jvc29mdC5TdG9yYWdlL3N0b3JhZ2VBY2NvdW50cz9hcGktdmVyc2lvbj0yMDE1LTA2LTE1",
      "RequestMethod": "GET",
      "RequestBody": "",
      "RequestHeaders": {
        "x-ms-client-request-id": [
          "cabf8e44-af9f-40c7-9b8d-c16d79dea2b6"
        ],
        "Accept-Language": [
          "en-US"
        ],
        "User-Agent": [
          "FxVersion/4.6.29518.01",
          "OSName/Windows",
          "OSVersion/Microsoft.Windows.10.0.19042.",
          "Microsoft.Azure.Management.Storage.StorageManagementClient/4.0.0.0"
        ]
      },
      "ResponseHeaders": {
        "Cache-Control": [
          "no-cache"
        ],
        "Pragma": [
          "no-cache"
        ],
        "x-ms-request-id": [
          "66fb1b5b-fc71-43da-9ba1-658f5fbc87d4"
        ],
        "Strict-Transport-Security": [
          "max-age=31536000; includeSubDomains"
        ],
        "Server": [
          "Microsoft-Azure-Storage-Resource-Provider/1.0,Microsoft-HTTPAPI/2.0 Microsoft-HTTPAPI/2.0"
        ],
        "x-ms-ratelimit-remaining-subscription-reads": [
          "11998"
        ],
        "x-ms-correlation-request-id": [
          "b76ebe67-b316-47c5-9a18-0e8eb9abcb6d"
        ],
        "x-ms-routing-request-id": [
          "EASTUS2:20210629T063105Z:b76ebe67-b316-47c5-9a18-0e8eb9abcb6d"
        ],
        "X-Content-Type-Options": [
          "nosniff"
        ],
        "Date": [
          "Tue, 29 Jun 2021 06:31:04 GMT"
        ],
        "Content-Length": [
          "741"
        ],
        "Content-Type": [
          "application/json"
        ],
        "Expires": [
          "-1"
        ]
      },
      "ResponseBody": "{\r\n  \"value\": [\r\n    {\r\n      \"id\": \"/subscriptions/e37510d7-33b6-4676-886f-ee75bcc01871/resourceGroups/crptestar8656/providers/Microsoft.Storage/storageAccounts/crptestar1105\",\r\n      \"name\": \"crptestar1105\",\r\n      \"type\": \"Microsoft.Storage/storageAccounts\",\r\n      \"location\": \"eastus2\",\r\n      \"tags\": {},\r\n      \"properties\": {\r\n        \"accountType\": \"Standard_GRS\",\r\n        \"provisioningState\": \"Succeeded\",\r\n        \"creationTime\": \"2021-06-29T06:30:37.1727006Z\",\r\n        \"primaryEndpoints\": {\r\n          \"blob\": \"https://crptestar1105.blob.core.windows.net/\",\r\n          \"queue\": \"https://crptestar1105.queue.core.windows.net/\",\r\n          \"table\": \"https://crptestar1105.table.core.windows.net/\",\r\n          \"file\": \"https://crptestar1105.file.core.windows.net/\"\r\n        },\r\n        \"primaryLocation\": \"eastus2\",\r\n        \"statusOfPrimary\": \"available\",\r\n        \"secondaryLocation\": \"centralus\",\r\n        \"statusOfSecondary\": \"available\"\r\n      }\r\n    }\r\n  ]\r\n}",
      "StatusCode": 200
    },
    {
      "RequestUri": "/subscriptions/e37510d7-33b6-4676-886f-ee75bcc01871/resourceGroups/crptestar8656/providers/Microsoft.Storage/storageAccounts/crptestar1105?api-version=2015-06-15",
      "EncodedRequestUri": "L3N1YnNjcmlwdGlvbnMvZTM3NTEwZDctMzNiNi00Njc2LTg4NmYtZWU3NWJjYzAxODcxL3Jlc291cmNlR3JvdXBzL2NycHRlc3Rhcjg2NTYvcHJvdmlkZXJzL01pY3Jvc29mdC5TdG9yYWdlL3N0b3JhZ2VBY2NvdW50cy9jcnB0ZXN0YXIxMTA1P2FwaS12ZXJzaW9uPTIwMTUtMDYtMTU=",
      "RequestMethod": "GET",
      "RequestBody": "",
      "RequestHeaders": {
        "x-ms-client-request-id": [
          "47ee3434-ea39-4c99-91c0-7b17f5e13831"
        ],
        "Accept-Language": [
          "en-US"
        ],
        "User-Agent": [
          "FxVersion/4.6.29518.01",
          "OSName/Windows",
          "OSVersion/Microsoft.Windows.10.0.19042.",
          "Microsoft.Azure.Management.Storage.StorageManagementClient/4.0.0.0"
        ]
      },
      "ResponseHeaders": {
        "Cache-Control": [
          "no-cache"
        ],
        "Pragma": [
          "no-cache"
        ],
        "x-ms-request-id": [
          "2055c40b-0b64-4dc4-b707-2782ac8733f7"
        ],
        "Strict-Transport-Security": [
          "max-age=31536000; includeSubDomains"
        ],
        "Server": [
          "Microsoft-Azure-Storage-Resource-Provider/1.0,Microsoft-HTTPAPI/2.0 Microsoft-HTTPAPI/2.0"
        ],
        "x-ms-ratelimit-remaining-subscription-reads": [
          "11997"
        ],
        "x-ms-correlation-request-id": [
          "0a6a5171-24ee-499e-b1ca-e19c0409d4ca"
        ],
        "x-ms-routing-request-id": [
          "EASTUS2:20210629T063105Z:0a6a5171-24ee-499e-b1ca-e19c0409d4ca"
        ],
        "X-Content-Type-Options": [
          "nosniff"
        ],
        "Date": [
          "Tue, 29 Jun 2021 06:31:04 GMT"
        ],
        "Content-Length": [
          "729"
        ],
        "Content-Type": [
          "application/json"
        ],
        "Expires": [
          "-1"
        ]
      },
      "ResponseBody": "{\r\n  \"id\": \"/subscriptions/e37510d7-33b6-4676-886f-ee75bcc01871/resourceGroups/crptestar8656/providers/Microsoft.Storage/storageAccounts/crptestar1105\",\r\n  \"name\": \"crptestar1105\",\r\n  \"type\": \"Microsoft.Storage/storageAccounts\",\r\n  \"location\": \"eastus2\",\r\n  \"tags\": {},\r\n  \"properties\": {\r\n    \"accountType\": \"Standard_GRS\",\r\n    \"provisioningState\": \"Succeeded\",\r\n    \"creationTime\": \"2021-06-29T06:30:37.1727006Z\",\r\n    \"primaryEndpoints\": {\r\n      \"blob\": \"https://crptestar1105.blob.core.windows.net/\",\r\n      \"queue\": \"https://crptestar1105.queue.core.windows.net/\",\r\n      \"table\": \"https://crptestar1105.table.core.windows.net/\",\r\n      \"file\": \"https://crptestar1105.file.core.windows.net/\"\r\n    },\r\n    \"primaryLocation\": \"eastus2\",\r\n    \"statusOfPrimary\": \"available\",\r\n    \"secondaryLocation\": \"centralus\",\r\n    \"statusOfSecondary\": \"available\"\r\n  }\r\n}",
      "StatusCode": 200
    },
    {
      "RequestUri": "/subscriptions/e37510d7-33b6-4676-886f-ee75bcc01871/resourceGroups/crptestar8656/providers/Microsoft.Compute/virtualMachineScaleSets/VMScaleSetDoesNotExist?api-version=2021-07-01",
      "EncodedRequestUri": "L3N1YnNjcmlwdGlvbnMvZTM3NTEwZDctMzNiNi00Njc2LTg4NmYtZWU3NWJjYzAxODcxL3Jlc291cmNlR3JvdXBzL2NycHRlc3Rhcjg2NTYvcHJvdmlkZXJzL01pY3Jvc29mdC5Db21wdXRlL3ZpcnR1YWxNYWNoaW5lU2NhbGVTZXRzL1ZNU2NhbGVTZXREb2VzTm90RXhpc3Q/YXBpLXZlcnNpb249MjAyMS0wNy0wMQ==",
      "RequestMethod": "DELETE",
      "RequestBody": "",
      "RequestHeaders": {
        "x-ms-client-request-id": [
          "a74763aa-1a90-4f1a-aa84-3a17e5bea30c"
        ],
        "Accept-Language": [
          "en-US"
        ],
        "User-Agent": [
          "FxVersion/4.6.29518.01",
          "OSName/Windows",
          "OSVersion/Microsoft.Windows.10.0.19042.",
          "Microsoft.Azure.Management.Compute.ComputeManagementClient/47.0.0"
        ]
      },
      "ResponseHeaders": {
        "Cache-Control": [
          "no-cache"
        ],
        "Pragma": [
          "no-cache"
        ],
        "x-ms-ratelimit-remaining-subscription-deletes": [
          "14999"
        ],
        "x-ms-request-id": [
          "26379499-bad7-46ec-a713-4192179f83c1"
        ],
        "x-ms-correlation-request-id": [
          "26379499-bad7-46ec-a713-4192179f83c1"
        ],
        "x-ms-routing-request-id": [
          "EASTUS2:20210629T063105Z:26379499-bad7-46ec-a713-4192179f83c1"
        ],
        "Strict-Transport-Security": [
          "max-age=31536000; includeSubDomains"
        ],
        "X-Content-Type-Options": [
          "nosniff"
        ],
        "Date": [
          "Tue, 29 Jun 2021 06:31:05 GMT"
        ],
        "Expires": [
          "-1"
        ]
      },
      "ResponseBody": "",
      "StatusCode": 204
    },
    {
      "RequestUri": "/subscriptions/e37510d7-33b6-4676-886f-ee75bcc01871/resourceGroups/crptestar8656/providers/Microsoft.Network/publicIPAddresses/pip3261?api-version=2019-09-01",
      "EncodedRequestUri": "L3N1YnNjcmlwdGlvbnMvZTM3NTEwZDctMzNiNi00Njc2LTg4NmYtZWU3NWJjYzAxODcxL3Jlc291cmNlR3JvdXBzL2NycHRlc3Rhcjg2NTYvcHJvdmlkZXJzL01pY3Jvc29mdC5OZXR3b3JrL3B1YmxpY0lQQWRkcmVzc2VzL3BpcDMyNjE/YXBpLXZlcnNpb249MjAxOS0wOS0wMQ==",
      "RequestMethod": "PUT",
      "RequestBody": "{\r\n  \"properties\": {\r\n    \"publicIPAllocationMethod\": \"Dynamic\",\r\n    \"dnsSettings\": {\r\n      \"domainNameLabel\": \"dn1172\"\r\n    }\r\n  },\r\n  \"location\": \"eastus2\",\r\n  \"tags\": {\r\n    \"key\": \"value\"\r\n  }\r\n}",
      "RequestHeaders": {
        "x-ms-client-request-id": [
          "53495671-b93d-4ebf-bea6-0b5e31d1df03"
        ],
        "Accept-Language": [
          "en-US"
        ],
        "User-Agent": [
          "FxVersion/4.6.29518.01",
          "OSName/Windows",
          "OSVersion/Microsoft.Windows.10.0.19042.",
          "Microsoft.Azure.Management.Network.NetworkManagementClient/19.17.1.0"
        ],
        "Content-Type": [
          "application/json; charset=utf-8"
        ],
        "Content-Length": [
          "201"
        ]
      },
      "ResponseHeaders": {
        "Cache-Control": [
          "no-cache"
        ],
        "Pragma": [
          "no-cache"
        ],
        "Retry-After": [
          "1"
        ],
        "x-ms-request-id": [
          "c7b6f1b9-d3dc-4ce4-9813-1da9c04767eb"
        ],
        "Azure-AsyncOperation": [
          "https://management.azure.com/subscriptions/e37510d7-33b6-4676-886f-ee75bcc01871/providers/Microsoft.Network/locations/eastus2/operations/c7b6f1b9-d3dc-4ce4-9813-1da9c04767eb?api-version=2019-09-01"
        ],
        "x-ms-correlation-request-id": [
          "616ab0bc-0261-4324-8efc-0669f9301029"
        ],
        "Azure-AsyncNotification": [
          "Enabled"
        ],
        "x-ms-arm-service-request-id": [
          "3fdbefd7-d2fb-46bd-985a-a50ffeb0fa77"
        ],
        "Strict-Transport-Security": [
          "max-age=31536000; includeSubDomains"
        ],
        "Server": [
          "Microsoft-HTTPAPI/2.0",
          "Microsoft-HTTPAPI/2.0"
        ],
        "x-ms-ratelimit-remaining-subscription-writes": [
          "1199"
        ],
        "x-ms-routing-request-id": [
          "EASTUS2:20210629T063106Z:616ab0bc-0261-4324-8efc-0669f9301029"
        ],
        "X-Content-Type-Options": [
          "nosniff"
        ],
        "Date": [
          "Tue, 29 Jun 2021 06:31:06 GMT"
        ],
        "Content-Length": [
          "757"
        ],
        "Content-Type": [
          "application/json; charset=utf-8"
        ],
        "Expires": [
          "-1"
        ]
      },
      "ResponseBody": "{\r\n  \"name\": \"pip3261\",\r\n  \"id\": \"/subscriptions/e37510d7-33b6-4676-886f-ee75bcc01871/resourceGroups/crptestar8656/providers/Microsoft.Network/publicIPAddresses/pip3261\",\r\n  \"etag\": \"W/\\\"39254b65-dec4-4f57-b089-5470db616447\\\"\",\r\n  \"location\": \"eastus2\",\r\n  \"tags\": {\r\n    \"key\": \"value\"\r\n  },\r\n  \"properties\": {\r\n    \"provisioningState\": \"Updating\",\r\n    \"resourceGuid\": \"38569493-9a9c-4442-baee-881a482c816c\",\r\n    \"publicIPAddressVersion\": \"IPv4\",\r\n    \"publicIPAllocationMethod\": \"Dynamic\",\r\n    \"idleTimeoutInMinutes\": 4,\r\n    \"dnsSettings\": {\r\n      \"domainNameLabel\": \"dn1172\",\r\n      \"fqdn\": \"dn1172.eastus2.cloudapp.azure.com\"\r\n    },\r\n    \"ipTags\": []\r\n  },\r\n  \"type\": \"Microsoft.Network/publicIPAddresses\",\r\n  \"sku\": {\r\n    \"name\": \"Basic\"\r\n  }\r\n}",
      "StatusCode": 201
    },
    {
      "RequestUri": "/subscriptions/e37510d7-33b6-4676-886f-ee75bcc01871/providers/Microsoft.Network/locations/eastus2/operations/c7b6f1b9-d3dc-4ce4-9813-1da9c04767eb?api-version=2019-09-01",
      "EncodedRequestUri": "L3N1YnNjcmlwdGlvbnMvZTM3NTEwZDctMzNiNi00Njc2LTg4NmYtZWU3NWJjYzAxODcxL3Byb3ZpZGVycy9NaWNyb3NvZnQuTmV0d29yay9sb2NhdGlvbnMvZWFzdHVzMi9vcGVyYXRpb25zL2M3YjZmMWI5LWQzZGMtNGNlNC05ODEzLTFkYTljMDQ3NjdlYj9hcGktdmVyc2lvbj0yMDE5LTA5LTAx",
      "RequestMethod": "GET",
      "RequestBody": "",
      "RequestHeaders": {
        "User-Agent": [
          "FxVersion/4.6.29518.01",
          "OSName/Windows",
          "OSVersion/Microsoft.Windows.10.0.19042.",
          "Microsoft.Azure.Management.Network.NetworkManagementClient/19.17.1.0"
        ]
      },
      "ResponseHeaders": {
        "Cache-Control": [
          "no-cache"
        ],
        "Pragma": [
          "no-cache"
        ],
        "x-ms-request-id": [
          "a0506c18-b2e8-4387-8413-31216fca7905"
        ],
        "x-ms-correlation-request-id": [
          "49786be8-040e-4fd0-b4be-674cca63dbf4"
        ],
        "x-ms-arm-service-request-id": [
          "75da93bd-a2fd-48b9-9871-e7f68458264e"
        ],
        "Strict-Transport-Security": [
          "max-age=31536000; includeSubDomains"
        ],
        "Server": [
          "Microsoft-HTTPAPI/2.0",
          "Microsoft-HTTPAPI/2.0"
        ],
        "x-ms-ratelimit-remaining-subscription-reads": [
          "11999"
        ],
        "x-ms-routing-request-id": [
          "EASTUS2:20210629T063108Z:49786be8-040e-4fd0-b4be-674cca63dbf4"
        ],
        "X-Content-Type-Options": [
          "nosniff"
        ],
        "Date": [
          "Tue, 29 Jun 2021 06:31:07 GMT"
        ],
        "Content-Length": [
          "29"
        ],
        "Content-Type": [
          "application/json; charset=utf-8"
        ],
        "Expires": [
          "-1"
        ]
      },
      "ResponseBody": "{\r\n  \"status\": \"Succeeded\"\r\n}",
      "StatusCode": 200
    },
    {
      "RequestUri": "/subscriptions/e37510d7-33b6-4676-886f-ee75bcc01871/resourceGroups/crptestar8656/providers/Microsoft.Network/publicIPAddresses/pip3261?api-version=2019-09-01",
      "EncodedRequestUri": "L3N1YnNjcmlwdGlvbnMvZTM3NTEwZDctMzNiNi00Njc2LTg4NmYtZWU3NWJjYzAxODcxL3Jlc291cmNlR3JvdXBzL2NycHRlc3Rhcjg2NTYvcHJvdmlkZXJzL01pY3Jvc29mdC5OZXR3b3JrL3B1YmxpY0lQQWRkcmVzc2VzL3BpcDMyNjE/YXBpLXZlcnNpb249MjAxOS0wOS0wMQ==",
      "RequestMethod": "GET",
      "RequestBody": "",
      "RequestHeaders": {
        "User-Agent": [
          "FxVersion/4.6.29518.01",
          "OSName/Windows",
          "OSVersion/Microsoft.Windows.10.0.19042.",
          "Microsoft.Azure.Management.Network.NetworkManagementClient/19.17.1.0"
        ]
      },
      "ResponseHeaders": {
        "Cache-Control": [
          "no-cache"
        ],
        "Pragma": [
          "no-cache"
        ],
        "ETag": [
          "W/\"714d54d0-8621-422a-8005-b62436af2c55\""
        ],
        "x-ms-request-id": [
          "eee95638-0743-4a22-b208-b4516253f9a2"
        ],
        "x-ms-correlation-request-id": [
          "e1ee10f4-30ef-459e-abaf-105292a18cca"
        ],
        "x-ms-arm-service-request-id": [
          "08d4e983-030e-4ab6-87c5-ced703c61fcf"
        ],
        "Strict-Transport-Security": [
          "max-age=31536000; includeSubDomains"
        ],
        "Server": [
          "Microsoft-HTTPAPI/2.0",
          "Microsoft-HTTPAPI/2.0"
        ],
        "x-ms-ratelimit-remaining-subscription-reads": [
          "11998"
        ],
        "x-ms-routing-request-id": [
          "EASTUS2:20210629T063108Z:e1ee10f4-30ef-459e-abaf-105292a18cca"
        ],
        "X-Content-Type-Options": [
          "nosniff"
        ],
        "Date": [
          "Tue, 29 Jun 2021 06:31:07 GMT"
        ],
        "Content-Length": [
          "758"
        ],
        "Content-Type": [
          "application/json; charset=utf-8"
        ],
        "Expires": [
          "-1"
        ]
      },
      "ResponseBody": "{\r\n  \"name\": \"pip3261\",\r\n  \"id\": \"/subscriptions/e37510d7-33b6-4676-886f-ee75bcc01871/resourceGroups/crptestar8656/providers/Microsoft.Network/publicIPAddresses/pip3261\",\r\n  \"etag\": \"W/\\\"714d54d0-8621-422a-8005-b62436af2c55\\\"\",\r\n  \"location\": \"eastus2\",\r\n  \"tags\": {\r\n    \"key\": \"value\"\r\n  },\r\n  \"properties\": {\r\n    \"provisioningState\": \"Succeeded\",\r\n    \"resourceGuid\": \"38569493-9a9c-4442-baee-881a482c816c\",\r\n    \"publicIPAddressVersion\": \"IPv4\",\r\n    \"publicIPAllocationMethod\": \"Dynamic\",\r\n    \"idleTimeoutInMinutes\": 4,\r\n    \"dnsSettings\": {\r\n      \"domainNameLabel\": \"dn1172\",\r\n      \"fqdn\": \"dn1172.eastus2.cloudapp.azure.com\"\r\n    },\r\n    \"ipTags\": []\r\n  },\r\n  \"type\": \"Microsoft.Network/publicIPAddresses\",\r\n  \"sku\": {\r\n    \"name\": \"Basic\"\r\n  }\r\n}",
      "StatusCode": 200
    },
    {
      "RequestUri": "/subscriptions/e37510d7-33b6-4676-886f-ee75bcc01871/resourceGroups/crptestar8656/providers/Microsoft.Network/publicIPAddresses/pip3261?api-version=2019-09-01",
      "EncodedRequestUri": "L3N1YnNjcmlwdGlvbnMvZTM3NTEwZDctMzNiNi00Njc2LTg4NmYtZWU3NWJjYzAxODcxL3Jlc291cmNlR3JvdXBzL2NycHRlc3Rhcjg2NTYvcHJvdmlkZXJzL01pY3Jvc29mdC5OZXR3b3JrL3B1YmxpY0lQQWRkcmVzc2VzL3BpcDMyNjE/YXBpLXZlcnNpb249MjAxOS0wOS0wMQ==",
      "RequestMethod": "GET",
      "RequestBody": "",
      "RequestHeaders": {
        "x-ms-client-request-id": [
          "54b92825-953e-4494-a25c-6bd4a642d8ee"
        ],
        "Accept-Language": [
          "en-US"
        ],
        "User-Agent": [
          "FxVersion/4.6.29518.01",
          "OSName/Windows",
          "OSVersion/Microsoft.Windows.10.0.19042.",
          "Microsoft.Azure.Management.Network.NetworkManagementClient/19.17.1.0"
        ]
      },
      "ResponseHeaders": {
        "Cache-Control": [
          "no-cache"
        ],
        "Pragma": [
          "no-cache"
        ],
        "ETag": [
          "W/\"714d54d0-8621-422a-8005-b62436af2c55\""
        ],
        "x-ms-request-id": [
          "6f2067ed-4e7b-4a37-9727-5623fa930a96"
        ],
        "x-ms-correlation-request-id": [
          "afabc2da-5b59-410e-b642-a75fcf5cfe7e"
        ],
        "x-ms-arm-service-request-id": [
          "df9787f8-4484-4b7f-8c99-7661bc2f2c0f"
        ],
        "Strict-Transport-Security": [
          "max-age=31536000; includeSubDomains"
        ],
        "Server": [
          "Microsoft-HTTPAPI/2.0",
          "Microsoft-HTTPAPI/2.0"
        ],
        "x-ms-ratelimit-remaining-subscription-reads": [
          "11997"
        ],
        "x-ms-routing-request-id": [
          "EASTUS2:20210629T063108Z:afabc2da-5b59-410e-b642-a75fcf5cfe7e"
        ],
        "X-Content-Type-Options": [
          "nosniff"
        ],
        "Date": [
          "Tue, 29 Jun 2021 06:31:07 GMT"
        ],
        "Content-Length": [
          "758"
        ],
        "Content-Type": [
          "application/json; charset=utf-8"
        ],
        "Expires": [
          "-1"
        ]
      },
      "ResponseBody": "{\r\n  \"name\": \"pip3261\",\r\n  \"id\": \"/subscriptions/e37510d7-33b6-4676-886f-ee75bcc01871/resourceGroups/crptestar8656/providers/Microsoft.Network/publicIPAddresses/pip3261\",\r\n  \"etag\": \"W/\\\"714d54d0-8621-422a-8005-b62436af2c55\\\"\",\r\n  \"location\": \"eastus2\",\r\n  \"tags\": {\r\n    \"key\": \"value\"\r\n  },\r\n  \"properties\": {\r\n    \"provisioningState\": \"Succeeded\",\r\n    \"resourceGuid\": \"38569493-9a9c-4442-baee-881a482c816c\",\r\n    \"publicIPAddressVersion\": \"IPv4\",\r\n    \"publicIPAllocationMethod\": \"Dynamic\",\r\n    \"idleTimeoutInMinutes\": 4,\r\n    \"dnsSettings\": {\r\n      \"domainNameLabel\": \"dn1172\",\r\n      \"fqdn\": \"dn1172.eastus2.cloudapp.azure.com\"\r\n    },\r\n    \"ipTags\": []\r\n  },\r\n  \"type\": \"Microsoft.Network/publicIPAddresses\",\r\n  \"sku\": {\r\n    \"name\": \"Basic\"\r\n  }\r\n}",
      "StatusCode": 200
    },
    {
      "RequestUri": "/subscriptions/e37510d7-33b6-4676-886f-ee75bcc01871/resourceGroups/crptestar8656/providers/Microsoft.Network/virtualNetworks/vn1068?api-version=2019-09-01",
      "EncodedRequestUri": "L3N1YnNjcmlwdGlvbnMvZTM3NTEwZDctMzNiNi00Njc2LTg4NmYtZWU3NWJjYzAxODcxL3Jlc291cmNlR3JvdXBzL2NycHRlc3Rhcjg2NTYvcHJvdmlkZXJzL01pY3Jvc29mdC5OZXR3b3JrL3ZpcnR1YWxOZXR3b3Jrcy92bjEwNjg/YXBpLXZlcnNpb249MjAxOS0wOS0wMQ==",
      "RequestMethod": "PUT",
      "RequestBody": "{\r\n  \"properties\": {\r\n    \"addressSpace\": {\r\n      \"addressPrefixes\": [\r\n        \"10.0.0.0/16\"\r\n      ]\r\n    },\r\n    \"dhcpOptions\": {\r\n      \"dnsServers\": [\r\n        \"10.1.1.1\",\r\n        \"10.1.2.4\"\r\n      ]\r\n    },\r\n    \"subnets\": [\r\n      {\r\n        \"properties\": {\r\n          \"addressPrefix\": \"10.0.0.0/24\"\r\n        },\r\n        \"name\": \"sn8251\"\r\n      }\r\n    ]\r\n  },\r\n  \"location\": \"eastus2\"\r\n}",
      "RequestHeaders": {
        "x-ms-client-request-id": [
          "da6e64c5-ee46-48c2-9900-0b465d3fdb59"
        ],
        "Accept-Language": [
          "en-US"
        ],
        "User-Agent": [
          "FxVersion/4.6.29518.01",
          "OSName/Windows",
          "OSVersion/Microsoft.Windows.10.0.19042.",
          "Microsoft.Azure.Management.Network.NetworkManagementClient/19.17.1.0"
        ],
        "Content-Type": [
          "application/json; charset=utf-8"
        ],
        "Content-Length": [
          "396"
        ]
      },
      "ResponseHeaders": {
        "Cache-Control": [
          "no-cache"
        ],
        "Pragma": [
          "no-cache"
        ],
        "Retry-After": [
          "3"
        ],
        "x-ms-request-id": [
          "17480046-ff62-4396-80cb-00b97ed51b26"
        ],
        "Azure-AsyncOperation": [
          "https://management.azure.com/subscriptions/e37510d7-33b6-4676-886f-ee75bcc01871/providers/Microsoft.Network/locations/eastus2/operations/17480046-ff62-4396-80cb-00b97ed51b26?api-version=2019-09-01"
        ],
        "x-ms-correlation-request-id": [
          "ce42736f-242a-4efe-a7ed-3c38988c2443"
        ],
        "Azure-AsyncNotification": [
          "Enabled"
        ],
        "x-ms-arm-service-request-id": [
          "5dd97e81-575f-4fe0-b820-af4f34764f5b"
        ],
        "Strict-Transport-Security": [
          "max-age=31536000; includeSubDomains"
        ],
        "Server": [
          "Microsoft-HTTPAPI/2.0",
          "Microsoft-HTTPAPI/2.0"
        ],
        "x-ms-ratelimit-remaining-subscription-writes": [
          "1198"
        ],
        "x-ms-routing-request-id": [
          "EASTUS2:20210629T063108Z:ce42736f-242a-4efe-a7ed-3c38988c2443"
        ],
        "X-Content-Type-Options": [
          "nosniff"
        ],
        "Date": [
          "Tue, 29 Jun 2021 06:31:07 GMT"
        ],
        "Content-Length": [
          "1315"
        ],
        "Content-Type": [
          "application/json; charset=utf-8"
        ],
        "Expires": [
          "-1"
        ]
      },
      "ResponseBody": "{\r\n  \"name\": \"vn1068\",\r\n  \"id\": \"/subscriptions/e37510d7-33b6-4676-886f-ee75bcc01871/resourceGroups/crptestar8656/providers/Microsoft.Network/virtualNetworks/vn1068\",\r\n  \"etag\": \"W/\\\"cfae9c8c-894e-47c4-8428-9efe85c7f48e\\\"\",\r\n  \"type\": \"Microsoft.Network/virtualNetworks\",\r\n  \"location\": \"eastus2\",\r\n  \"properties\": {\r\n    \"provisioningState\": \"Updating\",\r\n    \"resourceGuid\": \"11e1a4f0-eb33-4055-9c6d-5d948ebbde73\",\r\n    \"addressSpace\": {\r\n      \"addressPrefixes\": [\r\n        \"10.0.0.0/16\"\r\n      ]\r\n    },\r\n    \"dhcpOptions\": {\r\n      \"dnsServers\": [\r\n        \"10.1.1.1\",\r\n        \"10.1.2.4\"\r\n      ]\r\n    },\r\n    \"subnets\": [\r\n      {\r\n        \"name\": \"sn8251\",\r\n        \"id\": \"/subscriptions/e37510d7-33b6-4676-886f-ee75bcc01871/resourceGroups/crptestar8656/providers/Microsoft.Network/virtualNetworks/vn1068/subnets/sn8251\",\r\n        \"etag\": \"W/\\\"cfae9c8c-894e-47c4-8428-9efe85c7f48e\\\"\",\r\n        \"properties\": {\r\n          \"provisioningState\": \"Updating\",\r\n          \"addressPrefix\": \"10.0.0.0/24\",\r\n          \"delegations\": [],\r\n          \"privateEndpointNetworkPolicies\": \"Enabled\",\r\n          \"privateLinkServiceNetworkPolicies\": \"Enabled\"\r\n        },\r\n        \"type\": \"Microsoft.Network/virtualNetworks/subnets\"\r\n      }\r\n    ],\r\n    \"virtualNetworkPeerings\": [],\r\n    \"enableDdosProtection\": false\r\n  }\r\n}",
      "StatusCode": 201
    },
    {
      "RequestUri": "/subscriptions/e37510d7-33b6-4676-886f-ee75bcc01871/providers/Microsoft.Network/locations/eastus2/operations/17480046-ff62-4396-80cb-00b97ed51b26?api-version=2019-09-01",
      "EncodedRequestUri": "L3N1YnNjcmlwdGlvbnMvZTM3NTEwZDctMzNiNi00Njc2LTg4NmYtZWU3NWJjYzAxODcxL3Byb3ZpZGVycy9NaWNyb3NvZnQuTmV0d29yay9sb2NhdGlvbnMvZWFzdHVzMi9vcGVyYXRpb25zLzE3NDgwMDQ2LWZmNjItNDM5Ni04MGNiLTAwYjk3ZWQ1MWIyNj9hcGktdmVyc2lvbj0yMDE5LTA5LTAx",
      "RequestMethod": "GET",
      "RequestBody": "",
      "RequestHeaders": {
        "User-Agent": [
          "FxVersion/4.6.29518.01",
          "OSName/Windows",
          "OSVersion/Microsoft.Windows.10.0.19042.",
          "Microsoft.Azure.Management.Network.NetworkManagementClient/19.17.1.0"
        ]
      },
      "ResponseHeaders": {
        "Cache-Control": [
          "no-cache"
        ],
        "Pragma": [
          "no-cache"
        ],
        "x-ms-request-id": [
          "817cfc8e-c32c-4728-8f54-de59ca7c8d8c"
        ],
        "x-ms-correlation-request-id": [
          "c1c3bdb5-a9a1-4e0c-a0e7-8ab907956ba1"
        ],
        "x-ms-arm-service-request-id": [
          "366ccb0a-cfcf-4c28-951c-0dab12ab9855"
        ],
        "Strict-Transport-Security": [
          "max-age=31536000; includeSubDomains"
        ],
        "Server": [
          "Microsoft-HTTPAPI/2.0",
          "Microsoft-HTTPAPI/2.0"
        ],
        "x-ms-ratelimit-remaining-subscription-reads": [
          "11996"
        ],
        "x-ms-routing-request-id": [
          "EASTUS2:20210629T063111Z:c1c3bdb5-a9a1-4e0c-a0e7-8ab907956ba1"
        ],
        "X-Content-Type-Options": [
          "nosniff"
        ],
        "Date": [
          "Tue, 29 Jun 2021 06:31:10 GMT"
        ],
        "Content-Length": [
          "29"
        ],
        "Content-Type": [
          "application/json; charset=utf-8"
        ],
        "Expires": [
          "-1"
        ]
      },
      "ResponseBody": "{\r\n  \"status\": \"Succeeded\"\r\n}",
      "StatusCode": 200
    },
    {
      "RequestUri": "/subscriptions/e37510d7-33b6-4676-886f-ee75bcc01871/resourceGroups/crptestar8656/providers/Microsoft.Network/virtualNetworks/vn1068?api-version=2019-09-01",
      "EncodedRequestUri": "L3N1YnNjcmlwdGlvbnMvZTM3NTEwZDctMzNiNi00Njc2LTg4NmYtZWU3NWJjYzAxODcxL3Jlc291cmNlR3JvdXBzL2NycHRlc3Rhcjg2NTYvcHJvdmlkZXJzL01pY3Jvc29mdC5OZXR3b3JrL3ZpcnR1YWxOZXR3b3Jrcy92bjEwNjg/YXBpLXZlcnNpb249MjAxOS0wOS0wMQ==",
      "RequestMethod": "GET",
      "RequestBody": "",
      "RequestHeaders": {
        "User-Agent": [
          "FxVersion/4.6.29518.01",
          "OSName/Windows",
          "OSVersion/Microsoft.Windows.10.0.19042.",
          "Microsoft.Azure.Management.Network.NetworkManagementClient/19.17.1.0"
        ]
      },
      "ResponseHeaders": {
        "Cache-Control": [
          "no-cache"
        ],
        "Pragma": [
          "no-cache"
        ],
        "ETag": [
          "W/\"48079a69-331a-4fc6-a3f7-af64481d0ec0\""
        ],
        "x-ms-request-id": [
          "eba9f675-b3cd-4b25-a736-7607110ff56e"
        ],
        "x-ms-correlation-request-id": [
          "bf25dba0-383f-4c8b-a552-d919680c6dba"
        ],
        "x-ms-arm-service-request-id": [
          "af302998-384a-4b1d-824c-b762aa68df34"
        ],
        "Strict-Transport-Security": [
          "max-age=31536000; includeSubDomains"
        ],
        "Server": [
          "Microsoft-HTTPAPI/2.0",
          "Microsoft-HTTPAPI/2.0"
        ],
        "x-ms-ratelimit-remaining-subscription-reads": [
          "11995"
        ],
        "x-ms-routing-request-id": [
          "EASTUS2:20210629T063111Z:bf25dba0-383f-4c8b-a552-d919680c6dba"
        ],
        "X-Content-Type-Options": [
          "nosniff"
        ],
        "Date": [
          "Tue, 29 Jun 2021 06:31:10 GMT"
        ],
        "Content-Length": [
          "1317"
        ],
        "Content-Type": [
          "application/json; charset=utf-8"
        ],
        "Expires": [
          "-1"
        ]
      },
      "ResponseBody": "{\r\n  \"name\": \"vn1068\",\r\n  \"id\": \"/subscriptions/e37510d7-33b6-4676-886f-ee75bcc01871/resourceGroups/crptestar8656/providers/Microsoft.Network/virtualNetworks/vn1068\",\r\n  \"etag\": \"W/\\\"48079a69-331a-4fc6-a3f7-af64481d0ec0\\\"\",\r\n  \"type\": \"Microsoft.Network/virtualNetworks\",\r\n  \"location\": \"eastus2\",\r\n  \"properties\": {\r\n    \"provisioningState\": \"Succeeded\",\r\n    \"resourceGuid\": \"11e1a4f0-eb33-4055-9c6d-5d948ebbde73\",\r\n    \"addressSpace\": {\r\n      \"addressPrefixes\": [\r\n        \"10.0.0.0/16\"\r\n      ]\r\n    },\r\n    \"dhcpOptions\": {\r\n      \"dnsServers\": [\r\n        \"10.1.1.1\",\r\n        \"10.1.2.4\"\r\n      ]\r\n    },\r\n    \"subnets\": [\r\n      {\r\n        \"name\": \"sn8251\",\r\n        \"id\": \"/subscriptions/e37510d7-33b6-4676-886f-ee75bcc01871/resourceGroups/crptestar8656/providers/Microsoft.Network/virtualNetworks/vn1068/subnets/sn8251\",\r\n        \"etag\": \"W/\\\"48079a69-331a-4fc6-a3f7-af64481d0ec0\\\"\",\r\n        \"properties\": {\r\n          \"provisioningState\": \"Succeeded\",\r\n          \"addressPrefix\": \"10.0.0.0/24\",\r\n          \"delegations\": [],\r\n          \"privateEndpointNetworkPolicies\": \"Enabled\",\r\n          \"privateLinkServiceNetworkPolicies\": \"Enabled\"\r\n        },\r\n        \"type\": \"Microsoft.Network/virtualNetworks/subnets\"\r\n      }\r\n    ],\r\n    \"virtualNetworkPeerings\": [],\r\n    \"enableDdosProtection\": false\r\n  }\r\n}",
      "StatusCode": 200
    },
    {
      "RequestUri": "/subscriptions/e37510d7-33b6-4676-886f-ee75bcc01871/resourceGroups/crptestar8656/providers/Microsoft.Network/virtualNetworks/vn1068/subnets/sn8251?api-version=2019-09-01",
      "EncodedRequestUri": "L3N1YnNjcmlwdGlvbnMvZTM3NTEwZDctMzNiNi00Njc2LTg4NmYtZWU3NWJjYzAxODcxL3Jlc291cmNlR3JvdXBzL2NycHRlc3Rhcjg2NTYvcHJvdmlkZXJzL01pY3Jvc29mdC5OZXR3b3JrL3ZpcnR1YWxOZXR3b3Jrcy92bjEwNjgvc3VibmV0cy9zbjgyNTE/YXBpLXZlcnNpb249MjAxOS0wOS0wMQ==",
      "RequestMethod": "GET",
      "RequestBody": "",
      "RequestHeaders": {
        "x-ms-client-request-id": [
          "f61fa474-50af-4314-adaf-dee46d397141"
        ],
        "Accept-Language": [
          "en-US"
        ],
        "User-Agent": [
          "FxVersion/4.6.29518.01",
          "OSName/Windows",
          "OSVersion/Microsoft.Windows.10.0.19042.",
          "Microsoft.Azure.Management.Network.NetworkManagementClient/19.17.1.0"
        ]
      },
      "ResponseHeaders": {
        "Cache-Control": [
          "no-cache"
        ],
        "Pragma": [
          "no-cache"
        ],
        "ETag": [
          "W/\"48079a69-331a-4fc6-a3f7-af64481d0ec0\""
        ],
        "x-ms-request-id": [
          "2d749c6d-b5e8-4252-a555-6dbd42a8ee4f"
        ],
        "x-ms-correlation-request-id": [
          "a013bbc9-971d-4877-af0b-447b0a13df4d"
        ],
        "x-ms-arm-service-request-id": [
          "aa1a3d94-322c-49dd-a18d-70195e7b1791"
        ],
        "Strict-Transport-Security": [
          "max-age=31536000; includeSubDomains"
        ],
        "Server": [
          "Microsoft-HTTPAPI/2.0",
          "Microsoft-HTTPAPI/2.0"
        ],
        "x-ms-ratelimit-remaining-subscription-reads": [
          "11994"
        ],
        "x-ms-routing-request-id": [
          "EASTUS2:20210629T063111Z:a013bbc9-971d-4877-af0b-447b0a13df4d"
        ],
        "X-Content-Type-Options": [
          "nosniff"
        ],
        "Date": [
          "Tue, 29 Jun 2021 06:31:10 GMT"
        ],
        "Content-Length": [
          "523"
        ],
        "Content-Type": [
          "application/json; charset=utf-8"
        ],
        "Expires": [
          "-1"
        ]
      },
      "ResponseBody": "{\r\n  \"name\": \"sn8251\",\r\n  \"id\": \"/subscriptions/e37510d7-33b6-4676-886f-ee75bcc01871/resourceGroups/crptestar8656/providers/Microsoft.Network/virtualNetworks/vn1068/subnets/sn8251\",\r\n  \"etag\": \"W/\\\"48079a69-331a-4fc6-a3f7-af64481d0ec0\\\"\",\r\n  \"properties\": {\r\n    \"provisioningState\": \"Succeeded\",\r\n    \"addressPrefix\": \"10.0.0.0/24\",\r\n    \"delegations\": [],\r\n    \"privateEndpointNetworkPolicies\": \"Enabled\",\r\n    \"privateLinkServiceNetworkPolicies\": \"Enabled\"\r\n  },\r\n  \"type\": \"Microsoft.Network/virtualNetworks/subnets\"\r\n}",
      "StatusCode": 200
    },
    {
      "RequestUri": "/subscriptions/e37510d7-33b6-4676-886f-ee75bcc01871/resourceGroups/crptestar8656/providers/Microsoft.Network/networkInterfaces/nic1151?api-version=2019-09-01",
      "EncodedRequestUri": "L3N1YnNjcmlwdGlvbnMvZTM3NTEwZDctMzNiNi00Njc2LTg4NmYtZWU3NWJjYzAxODcxL3Jlc291cmNlR3JvdXBzL2NycHRlc3Rhcjg2NTYvcHJvdmlkZXJzL01pY3Jvc29mdC5OZXR3b3JrL25ldHdvcmtJbnRlcmZhY2VzL25pYzExNTE/YXBpLXZlcnNpb249MjAxOS0wOS0wMQ==",
      "RequestMethod": "PUT",
      "RequestBody": "{\r\n  \"properties\": {\r\n    \"ipConfigurations\": [\r\n      {\r\n        \"properties\": {\r\n          \"privateIPAllocationMethod\": \"Dynamic\",\r\n          \"subnet\": {\r\n            \"properties\": {\r\n              \"addressPrefix\": \"10.0.0.0/24\",\r\n              \"delegations\": [],\r\n              \"privateEndpointNetworkPolicies\": \"Enabled\",\r\n              \"privateLinkServiceNetworkPolicies\": \"Enabled\"\r\n            },\r\n            \"name\": \"sn8251\",\r\n            \"id\": \"/subscriptions/e37510d7-33b6-4676-886f-ee75bcc01871/resourceGroups/crptestar8656/providers/Microsoft.Network/virtualNetworks/vn1068/subnets/sn8251\"\r\n          }\r\n        },\r\n        \"name\": \"ip3046\"\r\n      }\r\n    ]\r\n  },\r\n  \"location\": \"eastus2\",\r\n  \"tags\": {\r\n    \"key\": \"value\"\r\n  }\r\n}",
      "RequestHeaders": {
        "x-ms-client-request-id": [
          "eeedd775-0504-4b5a-b503-57ac88b73124"
        ],
        "Accept-Language": [
          "en-US"
        ],
        "User-Agent": [
          "FxVersion/4.6.29518.01",
          "OSName/Windows",
          "OSVersion/Microsoft.Windows.10.0.19042.",
          "Microsoft.Azure.Management.Network.NetworkManagementClient/19.17.1.0"
        ],
        "Content-Type": [
          "application/json; charset=utf-8"
        ],
        "Content-Length": [
          "742"
        ]
      },
      "ResponseHeaders": {
        "Cache-Control": [
          "no-cache"
        ],
        "Pragma": [
          "no-cache"
        ],
        "x-ms-request-id": [
          "4104c425-2e2c-4f5d-9c5c-9c210f35d086"
        ],
        "Azure-AsyncOperation": [
          "https://management.azure.com/subscriptions/e37510d7-33b6-4676-886f-ee75bcc01871/providers/Microsoft.Network/locations/eastus2/operations/4104c425-2e2c-4f5d-9c5c-9c210f35d086?api-version=2019-09-01"
        ],
        "x-ms-correlation-request-id": [
          "185188f6-04f6-4850-8f77-8e78bccd8605"
        ],
        "Azure-AsyncNotification": [
          "Enabled"
        ],
        "x-ms-arm-service-request-id": [
          "c6ea3975-2af1-4fea-947b-0c32d57dcd99"
        ],
        "Strict-Transport-Security": [
          "max-age=31536000; includeSubDomains"
        ],
        "Server": [
          "Microsoft-HTTPAPI/2.0",
          "Microsoft-HTTPAPI/2.0"
        ],
        "x-ms-ratelimit-remaining-subscription-writes": [
          "1197"
        ],
        "x-ms-routing-request-id": [
          "EASTUS2:20210629T063112Z:185188f6-04f6-4850-8f77-8e78bccd8605"
        ],
        "X-Content-Type-Options": [
          "nosniff"
        ],
        "Date": [
          "Tue, 29 Jun 2021 06:31:11 GMT"
        ],
        "Content-Length": [
          "1625"
        ],
        "Content-Type": [
          "application/json; charset=utf-8"
        ],
        "Expires": [
          "-1"
        ]
      },
      "ResponseBody": "{\r\n  \"name\": \"nic1151\",\r\n  \"id\": \"/subscriptions/e37510d7-33b6-4676-886f-ee75bcc01871/resourceGroups/crptestar8656/providers/Microsoft.Network/networkInterfaces/nic1151\",\r\n  \"etag\": \"W/\\\"46a03c8e-0db4-446d-84f2-25e4dd01d812\\\"\",\r\n  \"location\": \"eastus2\",\r\n  \"tags\": {\r\n    \"key\": \"value\"\r\n  },\r\n  \"properties\": {\r\n    \"provisioningState\": \"Succeeded\",\r\n    \"resourceGuid\": \"de06d823-509a-4dbb-8719-db447a436bf3\",\r\n    \"ipConfigurations\": [\r\n      {\r\n        \"name\": \"ip3046\",\r\n        \"id\": \"/subscriptions/e37510d7-33b6-4676-886f-ee75bcc01871/resourceGroups/crptestar8656/providers/Microsoft.Network/networkInterfaces/nic1151/ipConfigurations/ip3046\",\r\n        \"etag\": \"W/\\\"46a03c8e-0db4-446d-84f2-25e4dd01d812\\\"\",\r\n        \"type\": \"Microsoft.Network/networkInterfaces/ipConfigurations\",\r\n        \"properties\": {\r\n          \"provisioningState\": \"Succeeded\",\r\n          \"privateIPAddress\": \"10.0.0.4\",\r\n          \"privateIPAllocationMethod\": \"Dynamic\",\r\n          \"subnet\": {\r\n            \"id\": \"/subscriptions/e37510d7-33b6-4676-886f-ee75bcc01871/resourceGroups/crptestar8656/providers/Microsoft.Network/virtualNetworks/vn1068/subnets/sn8251\"\r\n          },\r\n          \"primary\": true,\r\n          \"privateIPAddressVersion\": \"IPv4\"\r\n        }\r\n      }\r\n    ],\r\n    \"dnsSettings\": {\r\n      \"dnsServers\": [],\r\n      \"appliedDnsServers\": [],\r\n      \"internalDomainNameSuffix\": \"4csocejt3nkubhdnlwki3o44od.cx.internal.cloudapp.net\"\r\n    },\r\n    \"enableAcceleratedNetworking\": false,\r\n    \"enableIPForwarding\": false,\r\n    \"hostedWorkloads\": [],\r\n    \"tapConfigurations\": []\r\n  },\r\n  \"type\": \"Microsoft.Network/networkInterfaces\"\r\n}",
      "StatusCode": 201
    },
    {
      "RequestUri": "/subscriptions/e37510d7-33b6-4676-886f-ee75bcc01871/resourceGroups/crptestar8656/providers/Microsoft.Network/networkInterfaces/nic1151?api-version=2019-09-01",
      "EncodedRequestUri": "L3N1YnNjcmlwdGlvbnMvZTM3NTEwZDctMzNiNi00Njc2LTg4NmYtZWU3NWJjYzAxODcxL3Jlc291cmNlR3JvdXBzL2NycHRlc3Rhcjg2NTYvcHJvdmlkZXJzL01pY3Jvc29mdC5OZXR3b3JrL25ldHdvcmtJbnRlcmZhY2VzL25pYzExNTE/YXBpLXZlcnNpb249MjAxOS0wOS0wMQ==",
      "RequestMethod": "GET",
      "RequestBody": "",
      "RequestHeaders": {
        "User-Agent": [
          "FxVersion/4.6.29518.01",
          "OSName/Windows",
          "OSVersion/Microsoft.Windows.10.0.19042.",
          "Microsoft.Azure.Management.Network.NetworkManagementClient/19.17.1.0"
        ]
      },
      "ResponseHeaders": {
        "Cache-Control": [
          "no-cache"
        ],
        "Pragma": [
          "no-cache"
        ],
        "ETag": [
          "W/\"46a03c8e-0db4-446d-84f2-25e4dd01d812\""
        ],
        "x-ms-request-id": [
          "0b265dff-b9ea-448e-a783-d858138496f2"
        ],
        "x-ms-correlation-request-id": [
          "d7f78d60-df2b-4207-a2af-6322cce1f933"
        ],
        "x-ms-arm-service-request-id": [
          "94e9691e-f92a-4911-a315-8525dda5fc5b"
        ],
        "Strict-Transport-Security": [
          "max-age=31536000; includeSubDomains"
        ],
        "Server": [
          "Microsoft-HTTPAPI/2.0",
          "Microsoft-HTTPAPI/2.0"
        ],
        "x-ms-ratelimit-remaining-subscription-reads": [
          "11993"
        ],
        "x-ms-routing-request-id": [
          "EASTUS2:20210629T063112Z:d7f78d60-df2b-4207-a2af-6322cce1f933"
        ],
        "X-Content-Type-Options": [
          "nosniff"
        ],
        "Date": [
          "Tue, 29 Jun 2021 06:31:11 GMT"
        ],
        "Content-Length": [
          "1625"
        ],
        "Content-Type": [
          "application/json; charset=utf-8"
        ],
        "Expires": [
          "-1"
        ]
      },
      "ResponseBody": "{\r\n  \"name\": \"nic1151\",\r\n  \"id\": \"/subscriptions/e37510d7-33b6-4676-886f-ee75bcc01871/resourceGroups/crptestar8656/providers/Microsoft.Network/networkInterfaces/nic1151\",\r\n  \"etag\": \"W/\\\"46a03c8e-0db4-446d-84f2-25e4dd01d812\\\"\",\r\n  \"location\": \"eastus2\",\r\n  \"tags\": {\r\n    \"key\": \"value\"\r\n  },\r\n  \"properties\": {\r\n    \"provisioningState\": \"Succeeded\",\r\n    \"resourceGuid\": \"de06d823-509a-4dbb-8719-db447a436bf3\",\r\n    \"ipConfigurations\": [\r\n      {\r\n        \"name\": \"ip3046\",\r\n        \"id\": \"/subscriptions/e37510d7-33b6-4676-886f-ee75bcc01871/resourceGroups/crptestar8656/providers/Microsoft.Network/networkInterfaces/nic1151/ipConfigurations/ip3046\",\r\n        \"etag\": \"W/\\\"46a03c8e-0db4-446d-84f2-25e4dd01d812\\\"\",\r\n        \"type\": \"Microsoft.Network/networkInterfaces/ipConfigurations\",\r\n        \"properties\": {\r\n          \"provisioningState\": \"Succeeded\",\r\n          \"privateIPAddress\": \"10.0.0.4\",\r\n          \"privateIPAllocationMethod\": \"Dynamic\",\r\n          \"subnet\": {\r\n            \"id\": \"/subscriptions/e37510d7-33b6-4676-886f-ee75bcc01871/resourceGroups/crptestar8656/providers/Microsoft.Network/virtualNetworks/vn1068/subnets/sn8251\"\r\n          },\r\n          \"primary\": true,\r\n          \"privateIPAddressVersion\": \"IPv4\"\r\n        }\r\n      }\r\n    ],\r\n    \"dnsSettings\": {\r\n      \"dnsServers\": [],\r\n      \"appliedDnsServers\": [],\r\n      \"internalDomainNameSuffix\": \"4csocejt3nkubhdnlwki3o44od.cx.internal.cloudapp.net\"\r\n    },\r\n    \"enableAcceleratedNetworking\": false,\r\n    \"enableIPForwarding\": false,\r\n    \"hostedWorkloads\": [],\r\n    \"tapConfigurations\": []\r\n  },\r\n  \"type\": \"Microsoft.Network/networkInterfaces\"\r\n}",
      "StatusCode": 200
    },
    {
      "RequestUri": "/subscriptions/e37510d7-33b6-4676-886f-ee75bcc01871/resourceGroups/crptestar8656/providers/Microsoft.Network/networkInterfaces/nic1151?api-version=2019-09-01",
      "EncodedRequestUri": "L3N1YnNjcmlwdGlvbnMvZTM3NTEwZDctMzNiNi00Njc2LTg4NmYtZWU3NWJjYzAxODcxL3Jlc291cmNlR3JvdXBzL2NycHRlc3Rhcjg2NTYvcHJvdmlkZXJzL01pY3Jvc29mdC5OZXR3b3JrL25ldHdvcmtJbnRlcmZhY2VzL25pYzExNTE/YXBpLXZlcnNpb249MjAxOS0wOS0wMQ==",
      "RequestMethod": "GET",
      "RequestBody": "",
      "RequestHeaders": {
        "x-ms-client-request-id": [
          "4affce52-b903-4dc1-bf08-d7d726c33103"
        ],
        "Accept-Language": [
          "en-US"
        ],
        "User-Agent": [
          "FxVersion/4.6.29518.01",
          "OSName/Windows",
          "OSVersion/Microsoft.Windows.10.0.19042.",
          "Microsoft.Azure.Management.Network.NetworkManagementClient/19.17.1.0"
        ]
      },
      "ResponseHeaders": {
        "Cache-Control": [
          "no-cache"
        ],
        "Pragma": [
          "no-cache"
        ],
        "ETag": [
          "W/\"46a03c8e-0db4-446d-84f2-25e4dd01d812\""
        ],
        "x-ms-request-id": [
          "306a6183-9ec9-4e14-b6e3-dc80f209cbae"
        ],
        "x-ms-correlation-request-id": [
          "a4514e91-ffdf-4767-a9c7-0b986dbec939"
        ],
        "x-ms-arm-service-request-id": [
          "10e88958-cfc0-4db1-ab7b-effad8796777"
        ],
        "Strict-Transport-Security": [
          "max-age=31536000; includeSubDomains"
        ],
        "Server": [
          "Microsoft-HTTPAPI/2.0",
          "Microsoft-HTTPAPI/2.0"
        ],
        "x-ms-ratelimit-remaining-subscription-reads": [
          "11992"
        ],
        "x-ms-routing-request-id": [
          "EASTUS2:20210629T063112Z:a4514e91-ffdf-4767-a9c7-0b986dbec939"
        ],
        "X-Content-Type-Options": [
          "nosniff"
        ],
        "Date": [
          "Tue, 29 Jun 2021 06:31:11 GMT"
        ],
        "Content-Length": [
          "1625"
        ],
        "Content-Type": [
          "application/json; charset=utf-8"
        ],
        "Expires": [
          "-1"
        ]
      },
      "ResponseBody": "{\r\n  \"name\": \"nic1151\",\r\n  \"id\": \"/subscriptions/e37510d7-33b6-4676-886f-ee75bcc01871/resourceGroups/crptestar8656/providers/Microsoft.Network/networkInterfaces/nic1151\",\r\n  \"etag\": \"W/\\\"46a03c8e-0db4-446d-84f2-25e4dd01d812\\\"\",\r\n  \"location\": \"eastus2\",\r\n  \"tags\": {\r\n    \"key\": \"value\"\r\n  },\r\n  \"properties\": {\r\n    \"provisioningState\": \"Succeeded\",\r\n    \"resourceGuid\": \"de06d823-509a-4dbb-8719-db447a436bf3\",\r\n    \"ipConfigurations\": [\r\n      {\r\n        \"name\": \"ip3046\",\r\n        \"id\": \"/subscriptions/e37510d7-33b6-4676-886f-ee75bcc01871/resourceGroups/crptestar8656/providers/Microsoft.Network/networkInterfaces/nic1151/ipConfigurations/ip3046\",\r\n        \"etag\": \"W/\\\"46a03c8e-0db4-446d-84f2-25e4dd01d812\\\"\",\r\n        \"type\": \"Microsoft.Network/networkInterfaces/ipConfigurations\",\r\n        \"properties\": {\r\n          \"provisioningState\": \"Succeeded\",\r\n          \"privateIPAddress\": \"10.0.0.4\",\r\n          \"privateIPAllocationMethod\": \"Dynamic\",\r\n          \"subnet\": {\r\n            \"id\": \"/subscriptions/e37510d7-33b6-4676-886f-ee75bcc01871/resourceGroups/crptestar8656/providers/Microsoft.Network/virtualNetworks/vn1068/subnets/sn8251\"\r\n          },\r\n          \"primary\": true,\r\n          \"privateIPAddressVersion\": \"IPv4\"\r\n        }\r\n      }\r\n    ],\r\n    \"dnsSettings\": {\r\n      \"dnsServers\": [],\r\n      \"appliedDnsServers\": [],\r\n      \"internalDomainNameSuffix\": \"4csocejt3nkubhdnlwki3o44od.cx.internal.cloudapp.net\"\r\n    },\r\n    \"enableAcceleratedNetworking\": false,\r\n    \"enableIPForwarding\": false,\r\n    \"hostedWorkloads\": [],\r\n    \"tapConfigurations\": []\r\n  },\r\n  \"type\": \"Microsoft.Network/networkInterfaces\"\r\n}",
      "StatusCode": 200
    },
    {
      "RequestUri": "/subscriptions/e37510d7-33b6-4676-886f-ee75bcc01871/resourceGroups/crptestar8656/providers/Microsoft.Compute/virtualMachineScaleSets/vmss2740?api-version=2021-07-01",
      "EncodedRequestUri": "L3N1YnNjcmlwdGlvbnMvZTM3NTEwZDctMzNiNi00Njc2LTg4NmYtZWU3NWJjYzAxODcxL3Jlc291cmNlR3JvdXBzL2NycHRlc3Rhcjg2NTYvcHJvdmlkZXJzL01pY3Jvc29mdC5Db21wdXRlL3ZpcnR1YWxNYWNoaW5lU2NhbGVTZXRzL3Ztc3MyNzQwP2FwaS12ZXJzaW9uPTIwMjEtMDctMDE=",
      "RequestMethod": "PUT",
      "RequestBody": "{\r\n  \"sku\": {\r\n    \"name\": \"Standard_A1_v2\",\r\n    \"capacity\": 2\r\n  },\r\n  \"properties\": {\r\n    \"upgradePolicy\": {\r\n      \"mode\": \"Automatic\"\r\n    },\r\n    \"virtualMachineProfile\": {\r\n      \"osProfile\": {\r\n        \"computerNamePrefix\": \"test\",\r\n        \"adminUsername\": \"Foo12\",\r\n        \"adminPassword\": \"[PLACEHOLDEr1]\",\r\n        \"customData\": \"Q3VzdG9tIGRhdGE=\"\r\n      },\r\n      \"storageProfile\": {\r\n        \"imageReference\": {\r\n          \"publisher\": \"MicrosoftWindowsServer\",\r\n          \"offer\": \"WindowsServer\",\r\n          \"sku\": \"2012-R2-Datacenter\",\r\n          \"version\": \"4.127.20180315\"\r\n        },\r\n        \"dataDisks\": [\r\n          {\r\n            \"lun\": 1,\r\n            \"createOption\": \"Empty\",\r\n            \"diskSizeGB\": 128\r\n          }\r\n        ]\r\n      },\r\n      \"networkProfile\": {\r\n        \"networkInterfaceConfigurations\": [\r\n          {\r\n            \"name\": \"vmsstestnetconfig5279\",\r\n            \"properties\": {\r\n              \"primary\": true,\r\n              \"ipConfigurations\": [\r\n                {\r\n                  \"name\": \"vmsstestnetconfig322\",\r\n                  \"properties\": {\r\n                    \"subnet\": {\r\n                      \"id\": \"/subscriptions/e37510d7-33b6-4676-886f-ee75bcc01871/resourceGroups/crptestar8656/providers/Microsoft.Network/virtualNetworks/vn1068/subnets/sn8251\"\r\n                    },\r\n                    \"applicationGatewayBackendAddressPools\": []\r\n                  }\r\n                }\r\n              ]\r\n            }\r\n          }\r\n        ]\r\n      },\r\n      \"scheduledEventsProfile\": {\r\n        \"terminateNotificationProfile\": {\r\n          \"notBeforeTimeout\": \"PT6M\",\r\n          \"enable\": true\r\n        }\r\n      }\r\n    },\r\n    \"overprovision\": true\r\n  },\r\n  \"location\": \"eastus2\",\r\n  \"tags\": {\r\n    \"RG\": \"rg\",\r\n    \"testTag\": \"1\"\r\n  }\r\n}",
      "RequestHeaders": {
        "x-ms-client-request-id": [
          "195b44b7-cb1b-4a05-8c81-92553dbc7aa2"
        ],
        "Accept-Language": [
          "en-US"
        ],
        "User-Agent": [
          "FxVersion/4.6.29518.01",
          "OSName/Windows",
          "OSVersion/Microsoft.Windows.10.0.19042.",
          "Microsoft.Azure.Management.Compute.ComputeManagementClient/47.0.0"
        ],
        "Content-Type": [
          "application/json; charset=utf-8"
        ],
        "Content-Length": [
          "1796"
        ]
      },
      "ResponseHeaders": {
        "Cache-Control": [
          "no-cache"
        ],
        "Pragma": [
          "no-cache"
        ],
        "Retry-After": [
          "10"
        ],
        "Azure-AsyncOperation": [
          "https://management.azure.com/subscriptions/e37510d7-33b6-4676-886f-ee75bcc01871/providers/Microsoft.Compute/locations/eastus2/operations/fa10c55d-b234-4653-9f5a-7fbb1c284556?api-version=2021-07-01"
        ],
        "Azure-AsyncNotification": [
          "Enabled"
        ],
        "x-ms-ratelimit-remaining-resource": [
          "Microsoft.Compute/CreateVMScaleSet3Min;59,Microsoft.Compute/CreateVMScaleSet30Min;296,Microsoft.Compute/VMScaleSetBatchedVMRequests5Min;1192,Microsoft.Compute/VmssQueuedVMOperations;0"
        ],
        "x-ms-request-charge": [
          "4"
        ],
        "Strict-Transport-Security": [
          "max-age=31536000; includeSubDomains"
        ],
        "x-ms-request-id": [
          "fa10c55d-b234-4653-9f5a-7fbb1c284556"
        ],
        "Server": [
          "Microsoft-HTTPAPI/2.0",
          "Microsoft-HTTPAPI/2.0"
        ],
        "x-ms-ratelimit-remaining-subscription-writes": [
          "1199"
        ],
        "x-ms-correlation-request-id": [
          "327c05df-9d49-4007-945e-9ad6b6b98037"
        ],
        "x-ms-routing-request-id": [
          "EASTUS2:20210629T063114Z:327c05df-9d49-4007-945e-9ad6b6b98037"
        ],
        "X-Content-Type-Options": [
          "nosniff"
        ],
        "Date": [
          "Tue, 29 Jun 2021 06:31:14 GMT"
        ],
        "Content-Length": [
          "3579"
        ],
        "Content-Type": [
          "application/json; charset=utf-8"
        ],
        "Expires": [
          "-1"
        ]
      },
      "ResponseBody": "{\r\n  \"name\": \"vmss2740\",\r\n  \"id\": \"/subscriptions/e37510d7-33b6-4676-886f-ee75bcc01871/resourceGroups/crptestar8656/providers/Microsoft.Compute/virtualMachineScaleSets/vmss2740\",\r\n  \"type\": \"Microsoft.Compute/virtualMachineScaleSets\",\r\n  \"location\": \"eastus2\",\r\n  \"tags\": {\r\n    \"RG\": \"rg\",\r\n    \"testTag\": \"1\",\r\n    \"azsecpack\": \"nonprod\",\r\n    \"platformsettings.host_environment.service.platform_optedin_for_rootcerts\": \"true\"\r\n  },\r\n  \"sku\": {\r\n    \"name\": \"Standard_A1_v2\",\r\n    \"tier\": \"Standard\",\r\n    \"capacity\": 2\r\n  },\r\n  \"properties\": {\r\n    \"singlePlacementGroup\": true,\r\n    \"upgradePolicy\": {\r\n      \"mode\": \"Automatic\"\r\n    },\r\n    \"virtualMachineProfile\": {\r\n      \"osProfile\": {\r\n        \"computerNamePrefix\": \"test\",\r\n        \"adminUsername\": \"Foo12\",\r\n        \"windowsConfiguration\": {\r\n          \"provisionVMAgent\": true,\r\n          \"enableAutomaticUpdates\": true\r\n        },\r\n        \"secrets\": [],\r\n        \"allowExtensionOperations\": true,\r\n        \"requireGuestProvisionSignal\": true\r\n      },\r\n      \"storageProfile\": {\r\n        \"osDisk\": {\r\n          \"osType\": \"Windows\",\r\n          \"createOption\": \"FromImage\",\r\n          \"caching\": \"None\",\r\n          \"managedDisk\": {\r\n            \"storageAccountType\": \"Standard_LRS\"\r\n          },\r\n          \"diskSizeGB\": 127\r\n        },\r\n        \"imageReference\": {\r\n          \"publisher\": \"MicrosoftWindowsServer\",\r\n          \"offer\": \"WindowsServer\",\r\n          \"sku\": \"2012-R2-Datacenter\",\r\n          \"version\": \"4.127.20180315\"\r\n        },\r\n        \"dataDisks\": [\r\n          {\r\n            \"lun\": 1,\r\n            \"createOption\": \"Empty\",\r\n            \"caching\": \"None\",\r\n            \"managedDisk\": {\r\n              \"storageAccountType\": \"Standard_LRS\"\r\n            },\r\n            \"diskSizeGB\": 128\r\n          }\r\n        ]\r\n      },\r\n      \"networkProfile\": {\r\n        \"networkInterfaceConfigurations\": [\r\n          {\r\n            \"name\": \"vmsstestnetconfig5279\",\r\n            \"properties\": {\r\n              \"primary\": true,\r\n              \"enableAcceleratedNetworking\": false,\r\n              \"dnsSettings\": {\r\n                \"dnsServers\": []\r\n              },\r\n              \"enableIPForwarding\": false,\r\n              \"ipConfigurations\": [\r\n                {\r\n                  \"name\": \"vmsstestnetconfig322\",\r\n                  \"properties\": {\r\n                    \"subnet\": {\r\n                      \"id\": \"/subscriptions/e37510d7-33b6-4676-886f-ee75bcc01871/resourceGroups/crptestar8656/providers/Microsoft.Network/virtualNetworks/vn1068/subnets/sn8251\"\r\n                    },\r\n                    \"privateIPAddressVersion\": \"IPv4\"\r\n                  }\r\n                }\r\n              ]\r\n            }\r\n          }\r\n        ]\r\n      },\r\n      \"extensionProfile\": {\r\n        \"extensions\": [\r\n          {\r\n            \"name\": \"Microsoft.Azure.Security.AntimalwareSignature.AntimalwareConfiguration\",\r\n            \"properties\": {\r\n              \"autoUpgradeMinorVersion\": true,\r\n              \"enableAutomaticUpgrade\": true,\r\n              \"publisher\": \"Microsoft.Azure.Security.AntimalwareSignature\",\r\n              \"type\": \"AntimalwareConfiguration\",\r\n              \"typeHandlerVersion\": \"2.0\",\r\n              \"settings\": {}\r\n            }\r\n          },\r\n          {\r\n            \"name\": \"Microsoft.Azure.Geneva.GenevaMonitoring\",\r\n            \"properties\": {\r\n              \"autoUpgradeMinorVersion\": true,\r\n              \"enableAutomaticUpgrade\": true,\r\n              \"publisher\": \"Microsoft.Azure.Geneva\",\r\n              \"type\": \"GenevaMonitoring\",\r\n              \"typeHandlerVersion\": \"2.0\",\r\n              \"settings\": {}\r\n            }\r\n          }\r\n        ]\r\n      },\r\n      \"scheduledEventsProfile\": {\r\n        \"terminateNotificationProfile\": {\r\n          \"notBeforeTimeout\": \"PT6M\",\r\n          \"enable\": true\r\n        }\r\n      }\r\n    },\r\n    \"provisioningState\": \"Creating\",\r\n    \"overprovision\": true,\r\n    \"doNotRunExtensionsOnOverprovisionedVMs\": false,\r\n    \"uniqueId\": \"2728f2bc-6b58-41fd-8789-18c6317259b0\"\r\n  }\r\n}",
      "StatusCode": 201
    },
    {
      "RequestUri": "/subscriptions/e37510d7-33b6-4676-886f-ee75bcc01871/providers/Microsoft.Compute/locations/eastus2/operations/fa10c55d-b234-4653-9f5a-7fbb1c284556?api-version=2021-07-01",
      "EncodedRequestUri": "L3N1YnNjcmlwdGlvbnMvZTM3NTEwZDctMzNiNi00Njc2LTg4NmYtZWU3NWJjYzAxODcxL3Byb3ZpZGVycy9NaWNyb3NvZnQuQ29tcHV0ZS9sb2NhdGlvbnMvZWFzdHVzMi9vcGVyYXRpb25zL2ZhMTBjNTVkLWIyMzQtNDY1My05ZjVhLTdmYmIxYzI4NDU1Nj9hcGktdmVyc2lvbj0yMDIxLTA3LTAx",
      "RequestMethod": "GET",
      "RequestBody": "",
      "RequestHeaders": {
        "User-Agent": [
          "FxVersion/4.6.29518.01",
          "OSName/Windows",
          "OSVersion/Microsoft.Windows.10.0.19042.",
          "Microsoft.Azure.Management.Compute.ComputeManagementClient/47.0.0"
        ]
      },
      "ResponseHeaders": {
        "Cache-Control": [
          "no-cache"
        ],
        "Pragma": [
          "no-cache"
        ],
        "Retry-After": [
          "97"
        ],
        "x-ms-ratelimit-remaining-resource": [
          "Microsoft.Compute/GetOperation3Min;14995,Microsoft.Compute/GetOperation30Min;29968"
        ],
        "Strict-Transport-Security": [
          "max-age=31536000; includeSubDomains"
        ],
        "x-ms-request-id": [
          "32193222-ce6d-4e29-b48f-2fe7773a11ba"
        ],
        "Server": [
          "Microsoft-HTTPAPI/2.0",
          "Microsoft-HTTPAPI/2.0"
        ],
        "x-ms-ratelimit-remaining-subscription-reads": [
          "11998"
        ],
        "x-ms-correlation-request-id": [
          "283ccd4c-e1ed-43ca-a442-a728894e192a"
        ],
        "x-ms-routing-request-id": [
          "EASTUS2:20210629T063124Z:283ccd4c-e1ed-43ca-a442-a728894e192a"
        ],
        "X-Content-Type-Options": [
          "nosniff"
        ],
        "Date": [
          "Tue, 29 Jun 2021 06:31:24 GMT"
        ],
        "Content-Length": [
          "134"
        ],
        "Content-Type": [
          "application/json; charset=utf-8"
        ],
        "Expires": [
          "-1"
        ]
      },
      "ResponseBody": "{\r\n  \"startTime\": \"2021-06-29T06:31:13.8765335+00:00\",\r\n  \"status\": \"InProgress\",\r\n  \"name\": \"fa10c55d-b234-4653-9f5a-7fbb1c284556\"\r\n}",
      "StatusCode": 200
    },
    {
      "RequestUri": "/subscriptions/e37510d7-33b6-4676-886f-ee75bcc01871/providers/Microsoft.Compute/locations/eastus2/operations/fa10c55d-b234-4653-9f5a-7fbb1c284556?api-version=2021-07-01",
      "EncodedRequestUri": "L3N1YnNjcmlwdGlvbnMvZTM3NTEwZDctMzNiNi00Njc2LTg4NmYtZWU3NWJjYzAxODcxL3Byb3ZpZGVycy9NaWNyb3NvZnQuQ29tcHV0ZS9sb2NhdGlvbnMvZWFzdHVzMi9vcGVyYXRpb25zL2ZhMTBjNTVkLWIyMzQtNDY1My05ZjVhLTdmYmIxYzI4NDU1Nj9hcGktdmVyc2lvbj0yMDIxLTA3LTAx",
      "RequestMethod": "GET",
      "RequestBody": "",
      "RequestHeaders": {
        "User-Agent": [
          "FxVersion/4.6.29518.01",
          "OSName/Windows",
          "OSVersion/Microsoft.Windows.10.0.19042.",
          "Microsoft.Azure.Management.Compute.ComputeManagementClient/47.0.0"
        ]
      },
      "ResponseHeaders": {
        "Cache-Control": [
          "no-cache"
        ],
        "Pragma": [
          "no-cache"
        ],
        "x-ms-ratelimit-remaining-resource": [
          "Microsoft.Compute/GetOperation3Min;14998,Microsoft.Compute/GetOperation30Min;29967"
        ],
        "Strict-Transport-Security": [
          "max-age=31536000; includeSubDomains"
        ],
        "x-ms-request-id": [
          "90f61a01-dabf-40b9-adf7-ef3666add9dc"
        ],
        "Server": [
          "Microsoft-HTTPAPI/2.0",
          "Microsoft-HTTPAPI/2.0"
        ],
        "x-ms-ratelimit-remaining-subscription-reads": [
          "11997"
        ],
        "x-ms-correlation-request-id": [
          "2a3d3083-8047-4613-9a00-1a4931490d82"
        ],
        "x-ms-routing-request-id": [
          "EASTUS2:20210629T063301Z:2a3d3083-8047-4613-9a00-1a4931490d82"
        ],
        "X-Content-Type-Options": [
          "nosniff"
        ],
        "Date": [
          "Tue, 29 Jun 2021 06:33:01 GMT"
        ],
        "Content-Length": [
          "134"
        ],
        "Content-Type": [
          "application/json; charset=utf-8"
        ],
        "Expires": [
          "-1"
        ]
      },
      "ResponseBody": "{\r\n  \"startTime\": \"2021-06-29T06:31:13.8765335+00:00\",\r\n  \"status\": \"InProgress\",\r\n  \"name\": \"fa10c55d-b234-4653-9f5a-7fbb1c284556\"\r\n}",
      "StatusCode": 200
    },
    {
      "RequestUri": "/subscriptions/e37510d7-33b6-4676-886f-ee75bcc01871/providers/Microsoft.Compute/locations/eastus2/operations/fa10c55d-b234-4653-9f5a-7fbb1c284556?api-version=2021-07-01",
      "EncodedRequestUri": "L3N1YnNjcmlwdGlvbnMvZTM3NTEwZDctMzNiNi00Njc2LTg4NmYtZWU3NWJjYzAxODcxL3Byb3ZpZGVycy9NaWNyb3NvZnQuQ29tcHV0ZS9sb2NhdGlvbnMvZWFzdHVzMi9vcGVyYXRpb25zL2ZhMTBjNTVkLWIyMzQtNDY1My05ZjVhLTdmYmIxYzI4NDU1Nj9hcGktdmVyc2lvbj0yMDIxLTA3LTAx",
      "RequestMethod": "GET",
      "RequestBody": "",
      "RequestHeaders": {
        "User-Agent": [
          "FxVersion/4.6.29518.01",
          "OSName/Windows",
          "OSVersion/Microsoft.Windows.10.0.19042.",
          "Microsoft.Azure.Management.Compute.ComputeManagementClient/47.0.0"
        ]
      },
      "ResponseHeaders": {
        "Cache-Control": [
          "no-cache"
        ],
        "Pragma": [
          "no-cache"
        ],
        "x-ms-ratelimit-remaining-resource": [
          "Microsoft.Compute/GetOperation3Min;14997,Microsoft.Compute/GetOperation30Min;29965"
        ],
        "Strict-Transport-Security": [
          "max-age=31536000; includeSubDomains"
        ],
        "x-ms-request-id": [
          "25c929a0-f4f0-4e51-8f61-624bcbc003f9"
        ],
        "Server": [
          "Microsoft-HTTPAPI/2.0",
          "Microsoft-HTTPAPI/2.0"
        ],
        "x-ms-ratelimit-remaining-subscription-reads": [
          "11996"
        ],
        "x-ms-correlation-request-id": [
          "6729bc2f-92b7-431a-8e6c-627b931645d8"
        ],
        "x-ms-routing-request-id": [
          "EASTUS2:20210629T063438Z:6729bc2f-92b7-431a-8e6c-627b931645d8"
        ],
        "X-Content-Type-Options": [
          "nosniff"
        ],
        "Date": [
          "Tue, 29 Jun 2021 06:34:38 GMT"
        ],
        "Content-Length": [
          "134"
        ],
        "Content-Type": [
          "application/json; charset=utf-8"
        ],
        "Expires": [
          "-1"
        ]
      },
      "ResponseBody": "{\r\n  \"startTime\": \"2021-06-29T06:31:13.8765335+00:00\",\r\n  \"status\": \"InProgress\",\r\n  \"name\": \"fa10c55d-b234-4653-9f5a-7fbb1c284556\"\r\n}",
      "StatusCode": 200
    },
    {
      "RequestUri": "/subscriptions/e37510d7-33b6-4676-886f-ee75bcc01871/providers/Microsoft.Compute/locations/eastus2/operations/fa10c55d-b234-4653-9f5a-7fbb1c284556?api-version=2021-07-01",
      "EncodedRequestUri": "L3N1YnNjcmlwdGlvbnMvZTM3NTEwZDctMzNiNi00Njc2LTg4NmYtZWU3NWJjYzAxODcxL3Byb3ZpZGVycy9NaWNyb3NvZnQuQ29tcHV0ZS9sb2NhdGlvbnMvZWFzdHVzMi9vcGVyYXRpb25zL2ZhMTBjNTVkLWIyMzQtNDY1My05ZjVhLTdmYmIxYzI4NDU1Nj9hcGktdmVyc2lvbj0yMDIxLTA3LTAx",
      "RequestMethod": "GET",
      "RequestBody": "",
      "RequestHeaders": {
        "User-Agent": [
          "FxVersion/4.6.29518.01",
          "OSName/Windows",
          "OSVersion/Microsoft.Windows.10.0.19042.",
          "Microsoft.Azure.Management.Compute.ComputeManagementClient/47.0.0"
        ]
      },
      "ResponseHeaders": {
        "Cache-Control": [
          "no-cache"
        ],
        "Pragma": [
          "no-cache"
        ],
        "x-ms-ratelimit-remaining-resource": [
          "Microsoft.Compute/GetOperation3Min;14997,Microsoft.Compute/GetOperation30Min;29963"
        ],
        "Strict-Transport-Security": [
          "max-age=31536000; includeSubDomains"
        ],
        "x-ms-request-id": [
          "60b92533-1839-4a30-a316-f4add472a5ce"
        ],
        "Server": [
          "Microsoft-HTTPAPI/2.0",
          "Microsoft-HTTPAPI/2.0"
        ],
        "x-ms-ratelimit-remaining-subscription-reads": [
          "11995"
        ],
        "x-ms-correlation-request-id": [
          "01746541-51dd-44fd-965e-44ca9e8da3ff"
        ],
        "x-ms-routing-request-id": [
          "EASTUS2:20210629T063615Z:01746541-51dd-44fd-965e-44ca9e8da3ff"
        ],
        "X-Content-Type-Options": [
          "nosniff"
        ],
        "Date": [
          "Tue, 29 Jun 2021 06:36:15 GMT"
        ],
        "Content-Length": [
          "134"
        ],
        "Content-Type": [
          "application/json; charset=utf-8"
        ],
        "Expires": [
          "-1"
        ]
      },
      "ResponseBody": "{\r\n  \"startTime\": \"2021-06-29T06:31:13.8765335+00:00\",\r\n  \"status\": \"InProgress\",\r\n  \"name\": \"fa10c55d-b234-4653-9f5a-7fbb1c284556\"\r\n}",
      "StatusCode": 200
    },
    {
      "RequestUri": "/subscriptions/e37510d7-33b6-4676-886f-ee75bcc01871/providers/Microsoft.Compute/locations/eastus2/operations/fa10c55d-b234-4653-9f5a-7fbb1c284556?api-version=2021-07-01",
      "EncodedRequestUri": "L3N1YnNjcmlwdGlvbnMvZTM3NTEwZDctMzNiNi00Njc2LTg4NmYtZWU3NWJjYzAxODcxL3Byb3ZpZGVycy9NaWNyb3NvZnQuQ29tcHV0ZS9sb2NhdGlvbnMvZWFzdHVzMi9vcGVyYXRpb25zL2ZhMTBjNTVkLWIyMzQtNDY1My05ZjVhLTdmYmIxYzI4NDU1Nj9hcGktdmVyc2lvbj0yMDIxLTA3LTAx",
      "RequestMethod": "GET",
      "RequestBody": "",
      "RequestHeaders": {
        "User-Agent": [
          "FxVersion/4.6.29518.01",
          "OSName/Windows",
          "OSVersion/Microsoft.Windows.10.0.19042.",
          "Microsoft.Azure.Management.Compute.ComputeManagementClient/47.0.0"
        ]
      },
      "ResponseHeaders": {
        "Cache-Control": [
          "no-cache"
        ],
        "Pragma": [
          "no-cache"
        ],
        "x-ms-ratelimit-remaining-resource": [
          "Microsoft.Compute/GetOperation3Min;14996,Microsoft.Compute/GetOperation30Min;29961"
        ],
        "Strict-Transport-Security": [
          "max-age=31536000; includeSubDomains"
        ],
        "x-ms-request-id": [
          "6bc1fe55-f765-4071-bbf5-377667f56e14"
        ],
        "Server": [
          "Microsoft-HTTPAPI/2.0",
          "Microsoft-HTTPAPI/2.0"
        ],
        "x-ms-ratelimit-remaining-subscription-reads": [
          "11994"
        ],
        "x-ms-correlation-request-id": [
          "b4619ecb-d6b8-4e32-8d3b-415f92296700"
        ],
        "x-ms-routing-request-id": [
          "EASTUS2:20210629T063752Z:b4619ecb-d6b8-4e32-8d3b-415f92296700"
        ],
        "X-Content-Type-Options": [
          "nosniff"
        ],
        "Date": [
          "Tue, 29 Jun 2021 06:37:52 GMT"
        ],
        "Content-Length": [
          "134"
        ],
        "Content-Type": [
          "application/json; charset=utf-8"
        ],
        "Expires": [
          "-1"
        ]
      },
      "ResponseBody": "{\r\n  \"startTime\": \"2021-06-29T06:31:13.8765335+00:00\",\r\n  \"status\": \"InProgress\",\r\n  \"name\": \"fa10c55d-b234-4653-9f5a-7fbb1c284556\"\r\n}",
      "StatusCode": 200
    },
    {
      "RequestUri": "/subscriptions/e37510d7-33b6-4676-886f-ee75bcc01871/providers/Microsoft.Compute/locations/eastus2/operations/fa10c55d-b234-4653-9f5a-7fbb1c284556?api-version=2021-07-01",
      "EncodedRequestUri": "L3N1YnNjcmlwdGlvbnMvZTM3NTEwZDctMzNiNi00Njc2LTg4NmYtZWU3NWJjYzAxODcxL3Byb3ZpZGVycy9NaWNyb3NvZnQuQ29tcHV0ZS9sb2NhdGlvbnMvZWFzdHVzMi9vcGVyYXRpb25zL2ZhMTBjNTVkLWIyMzQtNDY1My05ZjVhLTdmYmIxYzI4NDU1Nj9hcGktdmVyc2lvbj0yMDIxLTA3LTAx",
      "RequestMethod": "GET",
      "RequestBody": "",
      "RequestHeaders": {
        "User-Agent": [
          "FxVersion/4.6.29518.01",
          "OSName/Windows",
          "OSVersion/Microsoft.Windows.10.0.19042.",
          "Microsoft.Azure.Management.Compute.ComputeManagementClient/47.0.0"
        ]
      },
      "ResponseHeaders": {
        "Cache-Control": [
          "no-cache"
        ],
        "Pragma": [
          "no-cache"
        ],
        "x-ms-ratelimit-remaining-resource": [
          "Microsoft.Compute/GetOperation3Min;14996,Microsoft.Compute/GetOperation30Min;29959"
        ],
        "Strict-Transport-Security": [
          "max-age=31536000; includeSubDomains"
        ],
        "x-ms-request-id": [
          "f51713cd-e479-4da6-8536-4be33085964f"
        ],
        "Server": [
          "Microsoft-HTTPAPI/2.0",
          "Microsoft-HTTPAPI/2.0"
        ],
        "x-ms-ratelimit-remaining-subscription-reads": [
          "11993"
        ],
        "x-ms-correlation-request-id": [
          "a82c64cc-35c9-4910-9858-43766dece876"
        ],
        "x-ms-routing-request-id": [
          "EASTUS2:20210629T063930Z:a82c64cc-35c9-4910-9858-43766dece876"
        ],
        "X-Content-Type-Options": [
          "nosniff"
        ],
        "Date": [
          "Tue, 29 Jun 2021 06:39:29 GMT"
        ],
        "Content-Length": [
          "134"
        ],
        "Content-Type": [
          "application/json; charset=utf-8"
        ],
        "Expires": [
          "-1"
        ]
      },
      "ResponseBody": "{\r\n  \"startTime\": \"2021-06-29T06:31:13.8765335+00:00\",\r\n  \"status\": \"InProgress\",\r\n  \"name\": \"fa10c55d-b234-4653-9f5a-7fbb1c284556\"\r\n}",
      "StatusCode": 200
    },
    {
      "RequestUri": "/subscriptions/e37510d7-33b6-4676-886f-ee75bcc01871/providers/Microsoft.Compute/locations/eastus2/operations/fa10c55d-b234-4653-9f5a-7fbb1c284556?api-version=2021-07-01",
      "EncodedRequestUri": "L3N1YnNjcmlwdGlvbnMvZTM3NTEwZDctMzNiNi00Njc2LTg4NmYtZWU3NWJjYzAxODcxL3Byb3ZpZGVycy9NaWNyb3NvZnQuQ29tcHV0ZS9sb2NhdGlvbnMvZWFzdHVzMi9vcGVyYXRpb25zL2ZhMTBjNTVkLWIyMzQtNDY1My05ZjVhLTdmYmIxYzI4NDU1Nj9hcGktdmVyc2lvbj0yMDIxLTA3LTAx",
      "RequestMethod": "GET",
      "RequestBody": "",
      "RequestHeaders": {
        "User-Agent": [
          "FxVersion/4.6.29518.01",
          "OSName/Windows",
          "OSVersion/Microsoft.Windows.10.0.19042.",
          "Microsoft.Azure.Management.Compute.ComputeManagementClient/47.0.0"
        ]
      },
      "ResponseHeaders": {
        "Cache-Control": [
          "no-cache"
        ],
        "Pragma": [
          "no-cache"
        ],
        "x-ms-ratelimit-remaining-resource": [
          "Microsoft.Compute/GetOperation3Min;14996,Microsoft.Compute/GetOperation30Min;29963"
        ],
        "Strict-Transport-Security": [
          "max-age=31536000; includeSubDomains"
        ],
        "x-ms-request-id": [
          "77397048-4373-454e-8da4-26fdb844abac"
        ],
        "Server": [
          "Microsoft-HTTPAPI/2.0",
          "Microsoft-HTTPAPI/2.0"
        ],
        "x-ms-ratelimit-remaining-subscription-reads": [
          "11992"
        ],
        "x-ms-correlation-request-id": [
          "7ebae048-18b1-4c8d-b3f3-e61625284417"
        ],
        "x-ms-routing-request-id": [
          "EASTUS2:20210629T064107Z:7ebae048-18b1-4c8d-b3f3-e61625284417"
        ],
        "X-Content-Type-Options": [
          "nosniff"
        ],
        "Date": [
          "Tue, 29 Jun 2021 06:41:06 GMT"
        ],
        "Content-Length": [
          "183"
        ],
        "Content-Type": [
          "application/json; charset=utf-8"
        ],
        "Expires": [
          "-1"
        ]
      },
      "ResponseBody": "{\r\n  \"startTime\": \"2021-06-29T06:31:13.8765335+00:00\",\r\n  \"endTime\": \"2021-06-29T06:40:29.097414+00:00\",\r\n  \"status\": \"Succeeded\",\r\n  \"name\": \"fa10c55d-b234-4653-9f5a-7fbb1c284556\"\r\n}",
      "StatusCode": 200
    },
    {
      "RequestUri": "/subscriptions/e37510d7-33b6-4676-886f-ee75bcc01871/resourceGroups/crptestar8656/providers/Microsoft.Compute/virtualMachineScaleSets/vmss2740?api-version=2021-07-01",
      "EncodedRequestUri": "L3N1YnNjcmlwdGlvbnMvZTM3NTEwZDctMzNiNi00Njc2LTg4NmYtZWU3NWJjYzAxODcxL3Jlc291cmNlR3JvdXBzL2NycHRlc3Rhcjg2NTYvcHJvdmlkZXJzL01pY3Jvc29mdC5Db21wdXRlL3ZpcnR1YWxNYWNoaW5lU2NhbGVTZXRzL3Ztc3MyNzQwP2FwaS12ZXJzaW9uPTIwMjEtMDctMDE=",
      "RequestMethod": "GET",
      "RequestBody": "",
      "RequestHeaders": {
        "User-Agent": [
          "FxVersion/4.6.29518.01",
          "OSName/Windows",
          "OSVersion/Microsoft.Windows.10.0.19042.",
          "Microsoft.Azure.Management.Compute.ComputeManagementClient/47.0.0"
        ]
      },
      "ResponseHeaders": {
        "Cache-Control": [
          "no-cache"
        ],
        "Pragma": [
          "no-cache"
        ],
        "x-ms-ratelimit-remaining-resource": [
          "Microsoft.Compute/GetVMScaleSet3Min;397,Microsoft.Compute/GetVMScaleSet30Min;2582"
        ],
        "Strict-Transport-Security": [
          "max-age=31536000; includeSubDomains"
        ],
        "x-ms-request-id": [
          "46fd9344-94d9-400f-8321-eba3697b4b38"
        ],
        "Server": [
          "Microsoft-HTTPAPI/2.0",
          "Microsoft-HTTPAPI/2.0"
        ],
        "x-ms-ratelimit-remaining-subscription-reads": [
          "11991"
        ],
        "x-ms-correlation-request-id": [
          "75b55def-0394-42c6-8102-624afbb64aeb"
        ],
        "x-ms-routing-request-id": [
          "EASTUS2:20210629T064107Z:75b55def-0394-42c6-8102-624afbb64aeb"
        ],
        "X-Content-Type-Options": [
          "nosniff"
        ],
        "Date": [
          "Tue, 29 Jun 2021 06:41:06 GMT"
        ],
        "Content-Length": [
          "3580"
        ],
        "Content-Type": [
          "application/json; charset=utf-8"
        ],
        "Expires": [
          "-1"
        ]
      },
      "ResponseBody": "{\r\n  \"name\": \"vmss2740\",\r\n  \"id\": \"/subscriptions/e37510d7-33b6-4676-886f-ee75bcc01871/resourceGroups/crptestar8656/providers/Microsoft.Compute/virtualMachineScaleSets/vmss2740\",\r\n  \"type\": \"Microsoft.Compute/virtualMachineScaleSets\",\r\n  \"location\": \"eastus2\",\r\n  \"tags\": {\r\n    \"RG\": \"rg\",\r\n    \"testTag\": \"1\",\r\n    \"azsecpack\": \"nonprod\",\r\n    \"platformsettings.host_environment.service.platform_optedin_for_rootcerts\": \"true\"\r\n  },\r\n  \"sku\": {\r\n    \"name\": \"Standard_A1_v2\",\r\n    \"tier\": \"Standard\",\r\n    \"capacity\": 2\r\n  },\r\n  \"properties\": {\r\n    \"singlePlacementGroup\": true,\r\n    \"upgradePolicy\": {\r\n      \"mode\": \"Automatic\"\r\n    },\r\n    \"virtualMachineProfile\": {\r\n      \"osProfile\": {\r\n        \"computerNamePrefix\": \"test\",\r\n        \"adminUsername\": \"Foo12\",\r\n        \"windowsConfiguration\": {\r\n          \"provisionVMAgent\": true,\r\n          \"enableAutomaticUpdates\": true\r\n        },\r\n        \"secrets\": [],\r\n        \"allowExtensionOperations\": true,\r\n        \"requireGuestProvisionSignal\": true\r\n      },\r\n      \"storageProfile\": {\r\n        \"osDisk\": {\r\n          \"osType\": \"Windows\",\r\n          \"createOption\": \"FromImage\",\r\n          \"caching\": \"None\",\r\n          \"managedDisk\": {\r\n            \"storageAccountType\": \"Standard_LRS\"\r\n          },\r\n          \"diskSizeGB\": 127\r\n        },\r\n        \"imageReference\": {\r\n          \"publisher\": \"MicrosoftWindowsServer\",\r\n          \"offer\": \"WindowsServer\",\r\n          \"sku\": \"2012-R2-Datacenter\",\r\n          \"version\": \"4.127.20180315\"\r\n        },\r\n        \"dataDisks\": [\r\n          {\r\n            \"lun\": 1,\r\n            \"createOption\": \"Empty\",\r\n            \"caching\": \"None\",\r\n            \"managedDisk\": {\r\n              \"storageAccountType\": \"Standard_LRS\"\r\n            },\r\n            \"diskSizeGB\": 128\r\n          }\r\n        ]\r\n      },\r\n      \"networkProfile\": {\r\n        \"networkInterfaceConfigurations\": [\r\n          {\r\n            \"name\": \"vmsstestnetconfig5279\",\r\n            \"properties\": {\r\n              \"primary\": true,\r\n              \"enableAcceleratedNetworking\": false,\r\n              \"dnsSettings\": {\r\n                \"dnsServers\": []\r\n              },\r\n              \"enableIPForwarding\": false,\r\n              \"ipConfigurations\": [\r\n                {\r\n                  \"name\": \"vmsstestnetconfig322\",\r\n                  \"properties\": {\r\n                    \"subnet\": {\r\n                      \"id\": \"/subscriptions/e37510d7-33b6-4676-886f-ee75bcc01871/resourceGroups/crptestar8656/providers/Microsoft.Network/virtualNetworks/vn1068/subnets/sn8251\"\r\n                    },\r\n                    \"privateIPAddressVersion\": \"IPv4\"\r\n                  }\r\n                }\r\n              ]\r\n            }\r\n          }\r\n        ]\r\n      },\r\n      \"extensionProfile\": {\r\n        \"extensions\": [\r\n          {\r\n            \"name\": \"Microsoft.Azure.Security.AntimalwareSignature.AntimalwareConfiguration\",\r\n            \"properties\": {\r\n              \"autoUpgradeMinorVersion\": true,\r\n              \"enableAutomaticUpgrade\": true,\r\n              \"publisher\": \"Microsoft.Azure.Security.AntimalwareSignature\",\r\n              \"type\": \"AntimalwareConfiguration\",\r\n              \"typeHandlerVersion\": \"2.0\",\r\n              \"settings\": {}\r\n            }\r\n          },\r\n          {\r\n            \"name\": \"Microsoft.Azure.Geneva.GenevaMonitoring\",\r\n            \"properties\": {\r\n              \"autoUpgradeMinorVersion\": true,\r\n              \"enableAutomaticUpgrade\": true,\r\n              \"publisher\": \"Microsoft.Azure.Geneva\",\r\n              \"type\": \"GenevaMonitoring\",\r\n              \"typeHandlerVersion\": \"2.0\",\r\n              \"settings\": {}\r\n            }\r\n          }\r\n        ]\r\n      },\r\n      \"scheduledEventsProfile\": {\r\n        \"terminateNotificationProfile\": {\r\n          \"notBeforeTimeout\": \"PT6M\",\r\n          \"enable\": true\r\n        }\r\n      }\r\n    },\r\n    \"provisioningState\": \"Succeeded\",\r\n    \"overprovision\": true,\r\n    \"doNotRunExtensionsOnOverprovisionedVMs\": false,\r\n    \"uniqueId\": \"2728f2bc-6b58-41fd-8789-18c6317259b0\"\r\n  }\r\n}",
      "StatusCode": 200
    },
    {
      "RequestUri": "/subscriptions/e37510d7-33b6-4676-886f-ee75bcc01871/resourceGroups/crptestar8656/providers/Microsoft.Compute/virtualMachineScaleSets/vmss2740?api-version=2021-07-01",
      "EncodedRequestUri": "L3N1YnNjcmlwdGlvbnMvZTM3NTEwZDctMzNiNi00Njc2LTg4NmYtZWU3NWJjYzAxODcxL3Jlc291cmNlR3JvdXBzL2NycHRlc3Rhcjg2NTYvcHJvdmlkZXJzL01pY3Jvc29mdC5Db21wdXRlL3ZpcnR1YWxNYWNoaW5lU2NhbGVTZXRzL3Ztc3MyNzQwP2FwaS12ZXJzaW9uPTIwMjEtMDctMDE=",
      "RequestMethod": "GET",
      "RequestBody": "",
      "RequestHeaders": {
        "x-ms-client-request-id": [
          "310dab56-e4aa-4967-b269-cd5c6bdc420f"
        ],
        "Accept-Language": [
          "en-US"
        ],
        "User-Agent": [
          "FxVersion/4.6.29518.01",
          "OSName/Windows",
          "OSVersion/Microsoft.Windows.10.0.19042.",
          "Microsoft.Azure.Management.Compute.ComputeManagementClient/47.0.0"
        ]
      },
      "ResponseHeaders": {
        "Cache-Control": [
          "no-cache"
        ],
        "Pragma": [
          "no-cache"
        ],
        "x-ms-ratelimit-remaining-resource": [
          "Microsoft.Compute/GetVMScaleSet3Min;396,Microsoft.Compute/GetVMScaleSet30Min;2581"
        ],
        "Strict-Transport-Security": [
          "max-age=31536000; includeSubDomains"
        ],
        "x-ms-request-id": [
          "43fb12e5-2508-42d6-9941-7d80409cacdf"
        ],
        "Server": [
          "Microsoft-HTTPAPI/2.0",
          "Microsoft-HTTPAPI/2.0"
        ],
        "x-ms-ratelimit-remaining-subscription-reads": [
          "11990"
        ],
        "x-ms-correlation-request-id": [
          "b55a956d-942f-4760-b157-8da7e870293d"
        ],
        "x-ms-routing-request-id": [
          "EASTUS2:20210629T064107Z:b55a956d-942f-4760-b157-8da7e870293d"
        ],
        "X-Content-Type-Options": [
          "nosniff"
        ],
        "Date": [
          "Tue, 29 Jun 2021 06:41:06 GMT"
        ],
        "Content-Length": [
          "3580"
        ],
        "Content-Type": [
          "application/json; charset=utf-8"
        ],
        "Expires": [
          "-1"
        ]
      },
      "ResponseBody": "{\r\n  \"name\": \"vmss2740\",\r\n  \"id\": \"/subscriptions/e37510d7-33b6-4676-886f-ee75bcc01871/resourceGroups/crptestar8656/providers/Microsoft.Compute/virtualMachineScaleSets/vmss2740\",\r\n  \"type\": \"Microsoft.Compute/virtualMachineScaleSets\",\r\n  \"location\": \"eastus2\",\r\n  \"tags\": {\r\n    \"RG\": \"rg\",\r\n    \"testTag\": \"1\",\r\n    \"azsecpack\": \"nonprod\",\r\n    \"platformsettings.host_environment.service.platform_optedin_for_rootcerts\": \"true\"\r\n  },\r\n  \"sku\": {\r\n    \"name\": \"Standard_A1_v2\",\r\n    \"tier\": \"Standard\",\r\n    \"capacity\": 2\r\n  },\r\n  \"properties\": {\r\n    \"singlePlacementGroup\": true,\r\n    \"upgradePolicy\": {\r\n      \"mode\": \"Automatic\"\r\n    },\r\n    \"virtualMachineProfile\": {\r\n      \"osProfile\": {\r\n        \"computerNamePrefix\": \"test\",\r\n        \"adminUsername\": \"Foo12\",\r\n        \"windowsConfiguration\": {\r\n          \"provisionVMAgent\": true,\r\n          \"enableAutomaticUpdates\": true\r\n        },\r\n        \"secrets\": [],\r\n        \"allowExtensionOperations\": true,\r\n        \"requireGuestProvisionSignal\": true\r\n      },\r\n      \"storageProfile\": {\r\n        \"osDisk\": {\r\n          \"osType\": \"Windows\",\r\n          \"createOption\": \"FromImage\",\r\n          \"caching\": \"None\",\r\n          \"managedDisk\": {\r\n            \"storageAccountType\": \"Standard_LRS\"\r\n          },\r\n          \"diskSizeGB\": 127\r\n        },\r\n        \"imageReference\": {\r\n          \"publisher\": \"MicrosoftWindowsServer\",\r\n          \"offer\": \"WindowsServer\",\r\n          \"sku\": \"2012-R2-Datacenter\",\r\n          \"version\": \"4.127.20180315\"\r\n        },\r\n        \"dataDisks\": [\r\n          {\r\n            \"lun\": 1,\r\n            \"createOption\": \"Empty\",\r\n            \"caching\": \"None\",\r\n            \"managedDisk\": {\r\n              \"storageAccountType\": \"Standard_LRS\"\r\n            },\r\n            \"diskSizeGB\": 128\r\n          }\r\n        ]\r\n      },\r\n      \"networkProfile\": {\r\n        \"networkInterfaceConfigurations\": [\r\n          {\r\n            \"name\": \"vmsstestnetconfig5279\",\r\n            \"properties\": {\r\n              \"primary\": true,\r\n              \"enableAcceleratedNetworking\": false,\r\n              \"dnsSettings\": {\r\n                \"dnsServers\": []\r\n              },\r\n              \"enableIPForwarding\": false,\r\n              \"ipConfigurations\": [\r\n                {\r\n                  \"name\": \"vmsstestnetconfig322\",\r\n                  \"properties\": {\r\n                    \"subnet\": {\r\n                      \"id\": \"/subscriptions/e37510d7-33b6-4676-886f-ee75bcc01871/resourceGroups/crptestar8656/providers/Microsoft.Network/virtualNetworks/vn1068/subnets/sn8251\"\r\n                    },\r\n                    \"privateIPAddressVersion\": \"IPv4\"\r\n                  }\r\n                }\r\n              ]\r\n            }\r\n          }\r\n        ]\r\n      },\r\n      \"extensionProfile\": {\r\n        \"extensions\": [\r\n          {\r\n            \"name\": \"Microsoft.Azure.Security.AntimalwareSignature.AntimalwareConfiguration\",\r\n            \"properties\": {\r\n              \"autoUpgradeMinorVersion\": true,\r\n              \"enableAutomaticUpgrade\": true,\r\n              \"publisher\": \"Microsoft.Azure.Security.AntimalwareSignature\",\r\n              \"type\": \"AntimalwareConfiguration\",\r\n              \"typeHandlerVersion\": \"2.0\",\r\n              \"settings\": {}\r\n            }\r\n          },\r\n          {\r\n            \"name\": \"Microsoft.Azure.Geneva.GenevaMonitoring\",\r\n            \"properties\": {\r\n              \"autoUpgradeMinorVersion\": true,\r\n              \"enableAutomaticUpgrade\": true,\r\n              \"publisher\": \"Microsoft.Azure.Geneva\",\r\n              \"type\": \"GenevaMonitoring\",\r\n              \"typeHandlerVersion\": \"2.0\",\r\n              \"settings\": {}\r\n            }\r\n          }\r\n        ]\r\n      },\r\n      \"scheduledEventsProfile\": {\r\n        \"terminateNotificationProfile\": {\r\n          \"notBeforeTimeout\": \"PT6M\",\r\n          \"enable\": true\r\n        }\r\n      }\r\n    },\r\n    \"provisioningState\": \"Succeeded\",\r\n    \"overprovision\": true,\r\n    \"doNotRunExtensionsOnOverprovisionedVMs\": false,\r\n    \"uniqueId\": \"2728f2bc-6b58-41fd-8789-18c6317259b0\"\r\n  }\r\n}",
      "StatusCode": 200
    },
    {
      "RequestUri": "/subscriptions/e37510d7-33b6-4676-886f-ee75bcc01871/resourceGroups/crptestar8656/providers/Microsoft.Compute/virtualMachineScaleSets/vmss2740/instanceView?api-version=2021-07-01",
      "EncodedRequestUri": "L3N1YnNjcmlwdGlvbnMvZTM3NTEwZDctMzNiNi00Njc2LTg4NmYtZWU3NWJjYzAxODcxL3Jlc291cmNlR3JvdXBzL2NycHRlc3Rhcjg2NTYvcHJvdmlkZXJzL01pY3Jvc29mdC5Db21wdXRlL3ZpcnR1YWxNYWNoaW5lU2NhbGVTZXRzL3Ztc3MyNzQwL2luc3RhbmNlVmlldz9hcGktdmVyc2lvbj0yMDIxLTA3LTAx",
      "RequestMethod": "GET",
      "RequestBody": "",
      "RequestHeaders": {
        "x-ms-client-request-id": [
          "37795bd1-1b9e-4a56-ab97-8a6c9f7399a5"
        ],
        "Accept-Language": [
          "en-US"
        ],
        "User-Agent": [
          "FxVersion/4.6.29518.01",
          "OSName/Windows",
          "OSVersion/Microsoft.Windows.10.0.19042.",
          "Microsoft.Azure.Management.Compute.ComputeManagementClient/47.0.0"
        ]
      },
      "ResponseHeaders": {
        "Cache-Control": [
          "no-cache"
        ],
        "Pragma": [
          "no-cache"
        ],
        "x-ms-ratelimit-remaining-resource": [
          "Microsoft.Compute/HighCostGetVMScaleSet3Min;179,Microsoft.Compute/HighCostGetVMScaleSet30Min;896"
        ],
        "Strict-Transport-Security": [
          "max-age=31536000; includeSubDomains"
        ],
        "x-ms-request-id": [
          "794f97b9-64cd-4d08-8241-37602f931c63"
        ],
        "Server": [
          "Microsoft-HTTPAPI/2.0",
          "Microsoft-HTTPAPI/2.0"
        ],
        "x-ms-ratelimit-remaining-subscription-reads": [
          "11989"
        ],
        "x-ms-correlation-request-id": [
          "dc910069-72a0-49a2-91e5-1d3d4e14f62e"
        ],
        "x-ms-routing-request-id": [
          "EASTUS2:20210629T064107Z:dc910069-72a0-49a2-91e5-1d3d4e14f62e"
        ],
        "X-Content-Type-Options": [
          "nosniff"
        ],
        "Date": [
          "Tue, 29 Jun 2021 06:41:06 GMT"
        ],
        "Content-Length": [
          "822"
        ],
        "Content-Type": [
          "application/json; charset=utf-8"
        ],
        "Expires": [
          "-1"
        ]
      },
      "ResponseBody": "{\r\n  \"virtualMachine\": {\r\n    \"statusesSummary\": [\r\n      {\r\n        \"code\": \"ProvisioningState/succeeded\",\r\n        \"count\": 2\r\n      }\r\n    ]\r\n  },\r\n  \"extensions\": [\r\n    {\r\n      \"name\": \"Microsoft.Azure.Security.AntimalwareSignature.AntimalwareConfiguration\",\r\n      \"statusesSummary\": [\r\n        {\r\n          \"code\": \"ProvisioningState/succeeded\",\r\n          \"count\": 2\r\n        }\r\n      ]\r\n    },\r\n    {\r\n      \"name\": \"Microsoft.Azure.Geneva.GenevaMonitoring\",\r\n      \"statusesSummary\": [\r\n        {\r\n          \"code\": \"ProvisioningState/succeeded\",\r\n          \"count\": 2\r\n        }\r\n      ]\r\n    }\r\n  ],\r\n  \"statuses\": [\r\n    {\r\n      \"code\": \"ProvisioningState/succeeded\",\r\n      \"level\": \"Info\",\r\n      \"displayStatus\": \"Provisioning succeeded\",\r\n      \"time\": \"2021-06-29T06:41:00.5194468+00:00\"\r\n    }\r\n  ]\r\n}",
      "StatusCode": 200
    },
    {
      "RequestUri": "/subscriptions/e37510d7-33b6-4676-886f-ee75bcc01871/resourceGroups/crptestar8656/providers/Microsoft.Compute/virtualMachineScaleSets?api-version=2021-07-01",
      "EncodedRequestUri": "L3N1YnNjcmlwdGlvbnMvZTM3NTEwZDctMzNiNi00Njc2LTg4NmYtZWU3NWJjYzAxODcxL3Jlc291cmNlR3JvdXBzL2NycHRlc3Rhcjg2NTYvcHJvdmlkZXJzL01pY3Jvc29mdC5Db21wdXRlL3ZpcnR1YWxNYWNoaW5lU2NhbGVTZXRzP2FwaS12ZXJzaW9uPTIwMjEtMDctMDE=",
      "RequestMethod": "GET",
      "RequestBody": "",
      "RequestHeaders": {
        "x-ms-client-request-id": [
          "0c82ce8d-f32b-4970-a490-1469c2385b53"
        ],
        "Accept-Language": [
          "en-US"
        ],
        "User-Agent": [
          "FxVersion/4.6.29518.01",
          "OSName/Windows",
          "OSVersion/Microsoft.Windows.10.0.19042.",
          "Microsoft.Azure.Management.Compute.ComputeManagementClient/47.0.0"
        ]
      },
      "ResponseHeaders": {
        "Cache-Control": [
          "no-cache"
        ],
        "Pragma": [
          "no-cache"
        ],
        "x-ms-ratelimit-remaining-resource": [
          "Microsoft.Compute/HighCostGetVMScaleSet3Min;178,Microsoft.Compute/HighCostGetVMScaleSet30Min;895"
        ],
        "Strict-Transport-Security": [
          "max-age=31536000; includeSubDomains"
        ],
        "x-ms-request-id": [
          "07254070-38ea-4f66-8806-1c580b93ecf5"
        ],
        "Server": [
          "Microsoft-HTTPAPI/2.0",
          "Microsoft-HTTPAPI/2.0"
        ],
        "x-ms-ratelimit-remaining-subscription-reads": [
          "11988"
        ],
        "x-ms-correlation-request-id": [
          "f5333559-d748-4843-868b-b528858c0eef"
        ],
        "x-ms-routing-request-id": [
          "EASTUS2:20210629T064107Z:f5333559-d748-4843-868b-b528858c0eef"
        ],
        "X-Content-Type-Options": [
          "nosniff"
        ],
        "Date": [
          "Tue, 29 Jun 2021 06:41:06 GMT"
        ],
        "Content-Length": [
          "4009"
        ],
        "Content-Type": [
          "application/json; charset=utf-8"
        ],
        "Expires": [
          "-1"
        ]
      },
      "ResponseBody": "{\r\n  \"value\": [\r\n    {\r\n      \"name\": \"vmss2740\",\r\n      \"id\": \"/subscriptions/e37510d7-33b6-4676-886f-ee75bcc01871/resourceGroups/crptestar8656/providers/Microsoft.Compute/virtualMachineScaleSets/vmss2740\",\r\n      \"type\": \"Microsoft.Compute/virtualMachineScaleSets\",\r\n      \"location\": \"eastus2\",\r\n      \"tags\": {\r\n        \"RG\": \"rg\",\r\n        \"testTag\": \"1\",\r\n        \"azsecpack\": \"nonprod\",\r\n        \"platformsettings.host_environment.service.platform_optedin_for_rootcerts\": \"true\"\r\n      },\r\n      \"sku\": {\r\n        \"name\": \"Standard_A1_v2\",\r\n        \"tier\": \"Standard\",\r\n        \"capacity\": 2\r\n      },\r\n      \"properties\": {\r\n        \"singlePlacementGroup\": true,\r\n        \"upgradePolicy\": {\r\n          \"mode\": \"Automatic\"\r\n        },\r\n        \"virtualMachineProfile\": {\r\n          \"osProfile\": {\r\n            \"computerNamePrefix\": \"test\",\r\n            \"adminUsername\": \"Foo12\",\r\n            \"windowsConfiguration\": {\r\n              \"provisionVMAgent\": true,\r\n              \"enableAutomaticUpdates\": true\r\n            },\r\n            \"secrets\": [],\r\n            \"allowExtensionOperations\": true,\r\n            \"requireGuestProvisionSignal\": true\r\n          },\r\n          \"storageProfile\": {\r\n            \"osDisk\": {\r\n              \"osType\": \"Windows\",\r\n              \"createOption\": \"FromImage\",\r\n              \"caching\": \"None\",\r\n              \"managedDisk\": {\r\n                \"storageAccountType\": \"Standard_LRS\"\r\n              },\r\n              \"diskSizeGB\": 127\r\n            },\r\n            \"imageReference\": {\r\n              \"publisher\": \"MicrosoftWindowsServer\",\r\n              \"offer\": \"WindowsServer\",\r\n              \"sku\": \"2012-R2-Datacenter\",\r\n              \"version\": \"4.127.20180315\"\r\n            },\r\n            \"dataDisks\": [\r\n              {\r\n                \"lun\": 1,\r\n                \"createOption\": \"Empty\",\r\n                \"caching\": \"None\",\r\n                \"managedDisk\": {\r\n                  \"storageAccountType\": \"Standard_LRS\"\r\n                },\r\n                \"diskSizeGB\": 128\r\n              }\r\n            ]\r\n          },\r\n          \"networkProfile\": {\r\n            \"networkInterfaceConfigurations\": [\r\n              {\r\n                \"name\": \"vmsstestnetconfig5279\",\r\n                \"properties\": {\r\n                  \"primary\": true,\r\n                  \"enableAcceleratedNetworking\": false,\r\n                  \"dnsSettings\": {\r\n                    \"dnsServers\": []\r\n                  },\r\n                  \"enableIPForwarding\": false,\r\n                  \"ipConfigurations\": [\r\n                    {\r\n                      \"name\": \"vmsstestnetconfig322\",\r\n                      \"properties\": {\r\n                        \"subnet\": {\r\n                          \"id\": \"/subscriptions/e37510d7-33b6-4676-886f-ee75bcc01871/resourceGroups/crptestar8656/providers/Microsoft.Network/virtualNetworks/vn1068/subnets/sn8251\"\r\n                        },\r\n                        \"privateIPAddressVersion\": \"IPv4\"\r\n                      }\r\n                    }\r\n                  ]\r\n                }\r\n              }\r\n            ]\r\n          },\r\n          \"extensionProfile\": {\r\n            \"extensions\": [\r\n              {\r\n                \"name\": \"Microsoft.Azure.Security.AntimalwareSignature.AntimalwareConfiguration\",\r\n                \"properties\": {\r\n                  \"autoUpgradeMinorVersion\": true,\r\n                  \"enableAutomaticUpgrade\": true,\r\n                  \"publisher\": \"Microsoft.Azure.Security.AntimalwareSignature\",\r\n                  \"type\": \"AntimalwareConfiguration\",\r\n                  \"typeHandlerVersion\": \"2.0\",\r\n                  \"settings\": {}\r\n                }\r\n              },\r\n              {\r\n                \"name\": \"Microsoft.Azure.Geneva.GenevaMonitoring\",\r\n                \"properties\": {\r\n                  \"autoUpgradeMinorVersion\": true,\r\n                  \"enableAutomaticUpgrade\": true,\r\n                  \"publisher\": \"Microsoft.Azure.Geneva\",\r\n                  \"type\": \"GenevaMonitoring\",\r\n                  \"typeHandlerVersion\": \"2.0\",\r\n                  \"settings\": {}\r\n                }\r\n              }\r\n            ]\r\n          },\r\n          \"scheduledEventsProfile\": {\r\n            \"terminateNotificationProfile\": {\r\n              \"notBeforeTimeout\": \"PT6M\",\r\n              \"enable\": true\r\n            }\r\n          }\r\n        },\r\n        \"provisioningState\": \"Succeeded\",\r\n        \"overprovision\": true,\r\n        \"doNotRunExtensionsOnOverprovisionedVMs\": false,\r\n        \"uniqueId\": \"2728f2bc-6b58-41fd-8789-18c6317259b0\"\r\n      }\r\n    }\r\n  ]\r\n}",
      "StatusCode": 200
    },
    {
      "RequestUri": "/subscriptions/e37510d7-33b6-4676-886f-ee75bcc01871/resourceGroups/crptestar8656/providers/Microsoft.Compute/virtualMachineScaleSets/vmss2740/skus?api-version=2021-07-01",
      "EncodedRequestUri": "L3N1YnNjcmlwdGlvbnMvZTM3NTEwZDctMzNiNi00Njc2LTg4NmYtZWU3NWJjYzAxODcxL3Jlc291cmNlR3JvdXBzL2NycHRlc3Rhcjg2NTYvcHJvdmlkZXJzL01pY3Jvc29mdC5Db21wdXRlL3ZpcnR1YWxNYWNoaW5lU2NhbGVTZXRzL3Ztc3MyNzQwL3NrdXM/YXBpLXZlcnNpb249MjAyMS0wNy0wMQ==",
      "RequestMethod": "GET",
      "RequestBody": "",
      "RequestHeaders": {
        "x-ms-client-request-id": [
          "9af4a90d-cadb-4ae7-82a9-8290372645f0"
        ],
        "Accept-Language": [
          "en-US"
        ],
        "User-Agent": [
          "FxVersion/4.6.29518.01",
          "OSName/Windows",
          "OSVersion/Microsoft.Windows.10.0.19042.",
          "Microsoft.Azure.Management.Compute.ComputeManagementClient/47.0.0"
        ]
      },
      "ResponseHeaders": {
        "Cache-Control": [
          "no-cache"
        ],
        "Pragma": [
          "no-cache"
        ],
        "x-ms-ratelimit-remaining-resource": [
          "Microsoft.Compute/GetVMScaleSet3Min;395,Microsoft.Compute/GetVMScaleSet30Min;2580"
        ],
        "Strict-Transport-Security": [
          "max-age=31536000; includeSubDomains"
        ],
        "x-ms-request-id": [
          "82b7631f-6be9-48bc-9f75-36776a89853b"
        ],
        "Server": [
          "Microsoft-HTTPAPI/2.0",
          "Microsoft-HTTPAPI/2.0"
        ],
        "x-ms-ratelimit-remaining-subscription-reads": [
          "11987"
        ],
        "x-ms-correlation-request-id": [
          "de3f3cd0-984d-4f6b-9f31-dbb8206ac934"
        ],
        "x-ms-routing-request-id": [
          "EASTUS2:20210629T064107Z:de3f3cd0-984d-4f6b-9f31-dbb8206ac934"
        ],
        "X-Content-Type-Options": [
          "nosniff"
        ],
        "Date": [
          "Tue, 29 Jun 2021 06:41:07 GMT"
        ],
        "Content-Length": [
          "11264"
        ],
        "Content-Type": [
          "application/json; charset=utf-8"
        ],
        "Expires": [
          "-1"
        ]
      },
      "ResponseBody": "{\r\n  \"value\": [\r\n    {\r\n      \"resourceType\": \"Microsoft.Compute/virtualMachineScaleSets\",\r\n      \"sku\": {\r\n        \"name\": \"Standard_A0\",\r\n        \"tier\": \"Standard\"\r\n      },\r\n      \"capacity\": {\r\n        \"minimum\": 0,\r\n        \"maximum\": 100,\r\n        \"defaultCapacity\": 1,\r\n        \"scaleType\": \"Automatic\"\r\n      }\r\n    },\r\n    {\r\n      \"resourceType\": \"Microsoft.Compute/virtualMachineScaleSets\",\r\n      \"sku\": {\r\n        \"name\": \"Standard_A1\",\r\n        \"tier\": \"Standard\"\r\n      },\r\n      \"capacity\": {\r\n        \"minimum\": 0,\r\n        \"maximum\": 100,\r\n        \"defaultCapacity\": 1,\r\n        \"scaleType\": \"Automatic\"\r\n      }\r\n    },\r\n    {\r\n      \"resourceType\": \"Microsoft.Compute/virtualMachineScaleSets\",\r\n      \"sku\": {\r\n        \"name\": \"Standard_A2\",\r\n        \"tier\": \"Standard\"\r\n      },\r\n      \"capacity\": {\r\n        \"minimum\": 0,\r\n        \"maximum\": 100,\r\n        \"defaultCapacity\": 1,\r\n        \"scaleType\": \"Automatic\"\r\n      }\r\n    },\r\n    {\r\n      \"resourceType\": \"Microsoft.Compute/virtualMachineScaleSets\",\r\n      \"sku\": {\r\n        \"name\": \"Standard_A3\",\r\n        \"tier\": \"Standard\"\r\n      },\r\n      \"capacity\": {\r\n        \"minimum\": 0,\r\n        \"maximum\": 100,\r\n        \"defaultCapacity\": 1,\r\n        \"scaleType\": \"Automatic\"\r\n      }\r\n    },\r\n    {\r\n      \"resourceType\": \"Microsoft.Compute/virtualMachineScaleSets\",\r\n      \"sku\": {\r\n        \"name\": \"Standard_A5\",\r\n        \"tier\": \"Standard\"\r\n      },\r\n      \"capacity\": {\r\n        \"minimum\": 0,\r\n        \"maximum\": 100,\r\n        \"defaultCapacity\": 1,\r\n        \"scaleType\": \"Automatic\"\r\n      }\r\n    },\r\n    {\r\n      \"resourceType\": \"Microsoft.Compute/virtualMachineScaleSets\",\r\n      \"sku\": {\r\n        \"name\": \"Standard_A4\",\r\n        \"tier\": \"Standard\"\r\n      },\r\n      \"capacity\": {\r\n        \"minimum\": 0,\r\n        \"maximum\": 100,\r\n        \"defaultCapacity\": 1,\r\n        \"scaleType\": \"Automatic\"\r\n      }\r\n    },\r\n    {\r\n      \"resourceType\": \"Microsoft.Compute/virtualMachineScaleSets\",\r\n      \"sku\": {\r\n        \"name\": \"Standard_A6\",\r\n        \"tier\": \"Standard\"\r\n      },\r\n      \"capacity\": {\r\n        \"minimum\": 0,\r\n        \"maximum\": 100,\r\n        \"defaultCapacity\": 1,\r\n        \"scaleType\": \"Automatic\"\r\n      }\r\n    },\r\n    {\r\n      \"resourceType\": \"Microsoft.Compute/virtualMachineScaleSets\",\r\n      \"sku\": {\r\n        \"name\": \"Standard_A7\",\r\n        \"tier\": \"Standard\"\r\n      },\r\n      \"capacity\": {\r\n        \"minimum\": 0,\r\n        \"maximum\": 100,\r\n        \"defaultCapacity\": 1,\r\n        \"scaleType\": \"Automatic\"\r\n      }\r\n    },\r\n    {\r\n      \"resourceType\": \"Microsoft.Compute/virtualMachineScaleSets\",\r\n      \"sku\": {\r\n        \"name\": \"Basic_A0\",\r\n        \"tier\": \"Basic\"\r\n      },\r\n      \"capacity\": {\r\n        \"minimum\": 0,\r\n        \"maximum\": 100,\r\n        \"defaultCapacity\": 1,\r\n        \"scaleType\": \"Automatic\"\r\n      }\r\n    },\r\n    {\r\n      \"resourceType\": \"Microsoft.Compute/virtualMachineScaleSets\",\r\n      \"sku\": {\r\n        \"name\": \"Basic_A1\",\r\n        \"tier\": \"Basic\"\r\n      },\r\n      \"capacity\": {\r\n        \"minimum\": 0,\r\n        \"maximum\": 100,\r\n        \"defaultCapacity\": 1,\r\n        \"scaleType\": \"Automatic\"\r\n      }\r\n    },\r\n    {\r\n      \"resourceType\": \"Microsoft.Compute/virtualMachineScaleSets\",\r\n      \"sku\": {\r\n        \"name\": \"Basic_A2\",\r\n        \"tier\": \"Basic\"\r\n      },\r\n      \"capacity\": {\r\n        \"minimum\": 0,\r\n        \"maximum\": 100,\r\n        \"defaultCapacity\": 1,\r\n        \"scaleType\": \"Automatic\"\r\n      }\r\n    },\r\n    {\r\n      \"resourceType\": \"Microsoft.Compute/virtualMachineScaleSets\",\r\n      \"sku\": {\r\n        \"name\": \"Basic_A3\",\r\n        \"tier\": \"Basic\"\r\n      },\r\n      \"capacity\": {\r\n        \"minimum\": 0,\r\n        \"maximum\": 100,\r\n        \"defaultCapacity\": 1,\r\n        \"scaleType\": \"Automatic\"\r\n      }\r\n    },\r\n    {\r\n      \"resourceType\": \"Microsoft.Compute/virtualMachineScaleSets\",\r\n      \"sku\": {\r\n        \"name\": \"Basic_A4\",\r\n        \"tier\": \"Basic\"\r\n      },\r\n      \"capacity\": {\r\n        \"minimum\": 0,\r\n        \"maximum\": 100,\r\n        \"defaultCapacity\": 1,\r\n        \"scaleType\": \"Automatic\"\r\n      }\r\n    },\r\n    {\r\n      \"resourceType\": \"Microsoft.Compute/virtualMachineScaleSets\",\r\n      \"sku\": {\r\n        \"name\": \"Standard_D1\",\r\n        \"tier\": \"Standard\"\r\n      },\r\n      \"capacity\": {\r\n        \"minimum\": 0,\r\n        \"maximum\": 100,\r\n        \"defaultCapacity\": 1,\r\n        \"scaleType\": \"Automatic\"\r\n      }\r\n    },\r\n    {\r\n      \"resourceType\": \"Microsoft.Compute/virtualMachineScaleSets\",\r\n      \"sku\": {\r\n        \"name\": \"Standard_D2\",\r\n        \"tier\": \"Standard\"\r\n      },\r\n      \"capacity\": {\r\n        \"minimum\": 0,\r\n        \"maximum\": 100,\r\n        \"defaultCapacity\": 1,\r\n        \"scaleType\": \"Automatic\"\r\n      }\r\n    },\r\n    {\r\n      \"resourceType\": \"Microsoft.Compute/virtualMachineScaleSets\",\r\n      \"sku\": {\r\n        \"name\": \"Standard_D3\",\r\n        \"tier\": \"Standard\"\r\n      },\r\n      \"capacity\": {\r\n        \"minimum\": 0,\r\n        \"maximum\": 100,\r\n        \"defaultCapacity\": 1,\r\n        \"scaleType\": \"Automatic\"\r\n      }\r\n    },\r\n    {\r\n      \"resourceType\": \"Microsoft.Compute/virtualMachineScaleSets\",\r\n      \"sku\": {\r\n        \"name\": \"Standard_D4\",\r\n        \"tier\": \"Standard\"\r\n      },\r\n      \"capacity\": {\r\n        \"minimum\": 0,\r\n        \"maximum\": 100,\r\n        \"defaultCapacity\": 1,\r\n        \"scaleType\": \"Automatic\"\r\n      }\r\n    },\r\n    {\r\n      \"resourceType\": \"Microsoft.Compute/virtualMachineScaleSets\",\r\n      \"sku\": {\r\n        \"name\": \"Standard_D11\",\r\n        \"tier\": \"Standard\"\r\n      },\r\n      \"capacity\": {\r\n        \"minimum\": 0,\r\n        \"maximum\": 100,\r\n        \"defaultCapacity\": 1,\r\n        \"scaleType\": \"Automatic\"\r\n      }\r\n    },\r\n    {\r\n      \"resourceType\": \"Microsoft.Compute/virtualMachineScaleSets\",\r\n      \"sku\": {\r\n        \"name\": \"Standard_D12\",\r\n        \"tier\": \"Standard\"\r\n      },\r\n      \"capacity\": {\r\n        \"minimum\": 0,\r\n        \"maximum\": 100,\r\n        \"defaultCapacity\": 1,\r\n        \"scaleType\": \"Automatic\"\r\n      }\r\n    },\r\n    {\r\n      \"resourceType\": \"Microsoft.Compute/virtualMachineScaleSets\",\r\n      \"sku\": {\r\n        \"name\": \"Standard_D13\",\r\n        \"tier\": \"Standard\"\r\n      },\r\n      \"capacity\": {\r\n        \"minimum\": 0,\r\n        \"maximum\": 100,\r\n        \"defaultCapacity\": 1,\r\n        \"scaleType\": \"Automatic\"\r\n      }\r\n    },\r\n    {\r\n      \"resourceType\": \"Microsoft.Compute/virtualMachineScaleSets\",\r\n      \"sku\": {\r\n        \"name\": \"Standard_D14\",\r\n        \"tier\": \"Standard\"\r\n      },\r\n      \"capacity\": {\r\n        \"minimum\": 0,\r\n        \"maximum\": 100,\r\n        \"defaultCapacity\": 1,\r\n        \"scaleType\": \"Automatic\"\r\n      }\r\n    },\r\n    {\r\n      \"resourceType\": \"Microsoft.Compute/virtualMachineScaleSets\",\r\n      \"sku\": {\r\n        \"name\": \"Standard_A1_v2\",\r\n        \"tier\": \"Standard\"\r\n      },\r\n      \"capacity\": {\r\n        \"minimum\": 0,\r\n        \"maximum\": 100,\r\n        \"defaultCapacity\": 1,\r\n        \"scaleType\": \"Automatic\"\r\n      }\r\n    },\r\n    {\r\n      \"resourceType\": \"Microsoft.Compute/virtualMachineScaleSets\",\r\n      \"sku\": {\r\n        \"name\": \"Standard_A2m_v2\",\r\n        \"tier\": \"Standard\"\r\n      },\r\n      \"capacity\": {\r\n        \"minimum\": 0,\r\n        \"maximum\": 100,\r\n        \"defaultCapacity\": 1,\r\n        \"scaleType\": \"Automatic\"\r\n      }\r\n    },\r\n    {\r\n      \"resourceType\": \"Microsoft.Compute/virtualMachineScaleSets\",\r\n      \"sku\": {\r\n        \"name\": \"Standard_A2_v2\",\r\n        \"tier\": \"Standard\"\r\n      },\r\n      \"capacity\": {\r\n        \"minimum\": 0,\r\n        \"maximum\": 100,\r\n        \"defaultCapacity\": 1,\r\n        \"scaleType\": \"Automatic\"\r\n      }\r\n    },\r\n    {\r\n      \"resourceType\": \"Microsoft.Compute/virtualMachineScaleSets\",\r\n      \"sku\": {\r\n        \"name\": \"Standard_A4m_v2\",\r\n        \"tier\": \"Standard\"\r\n      },\r\n      \"capacity\": {\r\n        \"minimum\": 0,\r\n        \"maximum\": 100,\r\n        \"defaultCapacity\": 1,\r\n        \"scaleType\": \"Automatic\"\r\n      }\r\n    },\r\n    {\r\n      \"resourceType\": \"Microsoft.Compute/virtualMachineScaleSets\",\r\n      \"sku\": {\r\n        \"name\": \"Standard_A4_v2\",\r\n        \"tier\": \"Standard\"\r\n      },\r\n      \"capacity\": {\r\n        \"minimum\": 0,\r\n        \"maximum\": 100,\r\n        \"defaultCapacity\": 1,\r\n        \"scaleType\": \"Automatic\"\r\n      }\r\n    },\r\n    {\r\n      \"resourceType\": \"Microsoft.Compute/virtualMachineScaleSets\",\r\n      \"sku\": {\r\n        \"name\": \"Standard_A8m_v2\",\r\n        \"tier\": \"Standard\"\r\n      },\r\n      \"capacity\": {\r\n        \"minimum\": 0,\r\n        \"maximum\": 100,\r\n        \"defaultCapacity\": 1,\r\n        \"scaleType\": \"Automatic\"\r\n      }\r\n    },\r\n    {\r\n      \"resourceType\": \"Microsoft.Compute/virtualMachineScaleSets\",\r\n      \"sku\": {\r\n        \"name\": \"Standard_A8_v2\",\r\n        \"tier\": \"Standard\"\r\n      },\r\n      \"capacity\": {\r\n        \"minimum\": 0,\r\n        \"maximum\": 100,\r\n        \"defaultCapacity\": 1,\r\n        \"scaleType\": \"Automatic\"\r\n      }\r\n    },\r\n    {\r\n      \"resourceType\": \"Microsoft.Compute/virtualMachineScaleSets\",\r\n      \"sku\": {\r\n        \"name\": \"Standard_DS1\",\r\n        \"tier\": \"Standard\"\r\n      },\r\n      \"capacity\": {\r\n        \"minimum\": 0,\r\n        \"maximum\": 100,\r\n        \"defaultCapacity\": 1,\r\n        \"scaleType\": \"Automatic\"\r\n      }\r\n    },\r\n    {\r\n      \"resourceType\": \"Microsoft.Compute/virtualMachineScaleSets\",\r\n      \"sku\": {\r\n        \"name\": \"Standard_DS2\",\r\n        \"tier\": \"Standard\"\r\n      },\r\n      \"capacity\": {\r\n        \"minimum\": 0,\r\n        \"maximum\": 100,\r\n        \"defaultCapacity\": 1,\r\n        \"scaleType\": \"Automatic\"\r\n      }\r\n    },\r\n    {\r\n      \"resourceType\": \"Microsoft.Compute/virtualMachineScaleSets\",\r\n      \"sku\": {\r\n        \"name\": \"Standard_DS3\",\r\n        \"tier\": \"Standard\"\r\n      },\r\n      \"capacity\": {\r\n        \"minimum\": 0,\r\n        \"maximum\": 100,\r\n        \"defaultCapacity\": 1,\r\n        \"scaleType\": \"Automatic\"\r\n      }\r\n    },\r\n    {\r\n      \"resourceType\": \"Microsoft.Compute/virtualMachineScaleSets\",\r\n      \"sku\": {\r\n        \"name\": \"Standard_DS4\",\r\n        \"tier\": \"Standard\"\r\n      },\r\n      \"capacity\": {\r\n        \"minimum\": 0,\r\n        \"maximum\": 100,\r\n        \"defaultCapacity\": 1,\r\n        \"scaleType\": \"Automatic\"\r\n      }\r\n    },\r\n    {\r\n      \"resourceType\": \"Microsoft.Compute/virtualMachineScaleSets\",\r\n      \"sku\": {\r\n        \"name\": \"Standard_DS11\",\r\n        \"tier\": \"Standard\"\r\n      },\r\n      \"capacity\": {\r\n        \"minimum\": 0,\r\n        \"maximum\": 100,\r\n        \"defaultCapacity\": 1,\r\n        \"scaleType\": \"Automatic\"\r\n      }\r\n    },\r\n    {\r\n      \"resourceType\": \"Microsoft.Compute/virtualMachineScaleSets\",\r\n      \"sku\": {\r\n        \"name\": \"Standard_DS12\",\r\n        \"tier\": \"Standard\"\r\n      },\r\n      \"capacity\": {\r\n        \"minimum\": 0,\r\n        \"maximum\": 100,\r\n        \"defaultCapacity\": 1,\r\n        \"scaleType\": \"Automatic\"\r\n      }\r\n    },\r\n    {\r\n      \"resourceType\": \"Microsoft.Compute/virtualMachineScaleSets\",\r\n      \"sku\": {\r\n        \"name\": \"Standard_DS13\",\r\n        \"tier\": \"Standard\"\r\n      },\r\n      \"capacity\": {\r\n        \"minimum\": 0,\r\n        \"maximum\": 100,\r\n        \"defaultCapacity\": 1,\r\n        \"scaleType\": \"Automatic\"\r\n      }\r\n    },\r\n    {\r\n      \"resourceType\": \"Microsoft.Compute/virtualMachineScaleSets\",\r\n      \"sku\": {\r\n        \"name\": \"Standard_DS14\",\r\n        \"tier\": \"Standard\"\r\n      },\r\n      \"capacity\": {\r\n        \"minimum\": 0,\r\n        \"maximum\": 100,\r\n        \"defaultCapacity\": 1,\r\n        \"scaleType\": \"Automatic\"\r\n      }\r\n    }\r\n  ]\r\n}",
      "StatusCode": 200
    },
    {
      "RequestUri": "/subscriptions/e37510d7-33b6-4676-886f-ee75bcc01871/resourceGroups/crptestar8656/providers/Microsoft.Compute/virtualMachineScaleSets/vmss2740?api-version=2021-07-01",
      "EncodedRequestUri": "L3N1YnNjcmlwdGlvbnMvZTM3NTEwZDctMzNiNi00Njc2LTg4NmYtZWU3NWJjYzAxODcxL3Jlc291cmNlR3JvdXBzL2NycHRlc3Rhcjg2NTYvcHJvdmlkZXJzL01pY3Jvc29mdC5Db21wdXRlL3ZpcnR1YWxNYWNoaW5lU2NhbGVTZXRzL3Ztc3MyNzQwP2FwaS12ZXJzaW9uPTIwMjEtMDctMDE=",
      "RequestMethod": "DELETE",
      "RequestBody": "",
      "RequestHeaders": {
        "x-ms-client-request-id": [
          "19d8492b-2879-468f-b28e-85543a23032d"
        ],
        "Accept-Language": [
          "en-US"
        ],
        "User-Agent": [
          "FxVersion/4.6.29518.01",
          "OSName/Windows",
          "OSVersion/Microsoft.Windows.10.0.19042.",
          "Microsoft.Azure.Management.Compute.ComputeManagementClient/47.0.0"
        ]
      },
      "ResponseHeaders": {
        "Cache-Control": [
          "no-cache"
        ],
        "Pragma": [
          "no-cache"
        ],
        "Location": [
          "https://management.azure.com/subscriptions/e37510d7-33b6-4676-886f-ee75bcc01871/providers/Microsoft.Compute/locations/eastus2/operations/b264f1f0-cdf2-4d64-a154-f88a34d8bf01?monitor=true&api-version=2021-07-01"
        ],
        "Retry-After": [
          "10"
        ],
        "Azure-AsyncOperation": [
          "https://management.azure.com/subscriptions/e37510d7-33b6-4676-886f-ee75bcc01871/providers/Microsoft.Compute/locations/eastus2/operations/b264f1f0-cdf2-4d64-a154-f88a34d8bf01?api-version=2021-07-01"
        ],
        "Azure-AsyncNotification": [
          "Enabled"
        ],
        "x-ms-ratelimit-remaining-resource": [
          "Microsoft.Compute/DeleteVMScaleSet3Min;79,Microsoft.Compute/DeleteVMScaleSet30Min;398,Microsoft.Compute/VMScaleSetBatchedVMRequests5Min;1198,Microsoft.Compute/VmssQueuedVMOperations;0"
        ],
        "x-ms-request-charge": [
          "2"
        ],
        "Strict-Transport-Security": [
          "max-age=31536000; includeSubDomains"
        ],
        "x-ms-request-id": [
          "b264f1f0-cdf2-4d64-a154-f88a34d8bf01"
        ],
        "Server": [
          "Microsoft-HTTPAPI/2.0",
          "Microsoft-HTTPAPI/2.0"
        ],
        "x-ms-ratelimit-remaining-subscription-deletes": [
          "14998"
        ],
        "x-ms-correlation-request-id": [
          "47f45cd7-bd86-4185-b3b5-360b83f2a8c3"
        ],
        "x-ms-routing-request-id": [
          "EASTUS2:20210629T064107Z:47f45cd7-bd86-4185-b3b5-360b83f2a8c3"
        ],
        "X-Content-Type-Options": [
          "nosniff"
        ],
        "Date": [
          "Tue, 29 Jun 2021 06:41:07 GMT"
        ],
        "Expires": [
          "-1"
        ],
        "Content-Length": [
          "0"
        ]
      },
      "ResponseBody": "",
      "StatusCode": 202
    },
    {
      "RequestUri": "/subscriptions/e37510d7-33b6-4676-886f-ee75bcc01871/providers/Microsoft.Compute/locations/eastus2/operations/b264f1f0-cdf2-4d64-a154-f88a34d8bf01?api-version=2021-07-01",
      "EncodedRequestUri": "L3N1YnNjcmlwdGlvbnMvZTM3NTEwZDctMzNiNi00Njc2LTg4NmYtZWU3NWJjYzAxODcxL3Byb3ZpZGVycy9NaWNyb3NvZnQuQ29tcHV0ZS9sb2NhdGlvbnMvZWFzdHVzMi9vcGVyYXRpb25zL2IyNjRmMWYwLWNkZjItNGQ2NC1hMTU0LWY4OGEzNGQ4YmYwMT9hcGktdmVyc2lvbj0yMDIxLTA3LTAx",
      "RequestMethod": "GET",
      "RequestBody": "",
      "RequestHeaders": {
        "User-Agent": [
          "FxVersion/4.6.29518.01",
          "OSName/Windows",
          "OSVersion/Microsoft.Windows.10.0.19042.",
          "Microsoft.Azure.Management.Compute.ComputeManagementClient/47.0.0"
        ]
      },
      "ResponseHeaders": {
        "Cache-Control": [
          "no-cache"
        ],
        "Pragma": [
          "no-cache"
        ],
        "Retry-After": [
          "11"
        ],
        "x-ms-ratelimit-remaining-resource": [
          "Microsoft.Compute/GetOperation3Min;14995,Microsoft.Compute/GetOperation30Min;29962"
        ],
        "Strict-Transport-Security": [
          "max-age=31536000; includeSubDomains"
        ],
        "x-ms-request-id": [
          "c94f03a5-da1a-4c04-acc8-d028885fad71"
        ],
        "Server": [
          "Microsoft-HTTPAPI/2.0",
          "Microsoft-HTTPAPI/2.0"
        ],
        "x-ms-ratelimit-remaining-subscription-reads": [
          "11986"
        ],
        "x-ms-correlation-request-id": [
          "cbfd4493-29c4-48cd-8c84-4c7f0878308a"
        ],
        "x-ms-routing-request-id": [
          "EASTUS2:20210629T064117Z:cbfd4493-29c4-48cd-8c84-4c7f0878308a"
        ],
        "X-Content-Type-Options": [
          "nosniff"
        ],
        "Date": [
          "Tue, 29 Jun 2021 06:41:16 GMT"
        ],
        "Content-Length": [
          "134"
        ],
        "Content-Type": [
          "application/json; charset=utf-8"
        ],
        "Expires": [
          "-1"
        ]
      },
      "ResponseBody": "{\r\n  \"startTime\": \"2021-06-29T06:41:07.3007192+00:00\",\r\n  \"status\": \"InProgress\",\r\n  \"name\": \"b264f1f0-cdf2-4d64-a154-f88a34d8bf01\"\r\n}",
      "StatusCode": 200
    },
    {
      "RequestUri": "/subscriptions/e37510d7-33b6-4676-886f-ee75bcc01871/providers/Microsoft.Compute/locations/eastus2/operations/b264f1f0-cdf2-4d64-a154-f88a34d8bf01?api-version=2021-07-01",
      "EncodedRequestUri": "L3N1YnNjcmlwdGlvbnMvZTM3NTEwZDctMzNiNi00Njc2LTg4NmYtZWU3NWJjYzAxODcxL3Byb3ZpZGVycy9NaWNyb3NvZnQuQ29tcHV0ZS9sb2NhdGlvbnMvZWFzdHVzMi9vcGVyYXRpb25zL2IyNjRmMWYwLWNkZjItNGQ2NC1hMTU0LWY4OGEzNGQ4YmYwMT9hcGktdmVyc2lvbj0yMDIxLTA3LTAx",
      "RequestMethod": "GET",
      "RequestBody": "",
      "RequestHeaders": {
        "User-Agent": [
          "FxVersion/4.6.29518.01",
          "OSName/Windows",
          "OSVersion/Microsoft.Windows.10.0.19042.",
          "Microsoft.Azure.Management.Compute.ComputeManagementClient/47.0.0"
        ]
      },
      "ResponseHeaders": {
        "Cache-Control": [
          "no-cache"
        ],
        "Pragma": [
          "no-cache"
        ],
        "x-ms-ratelimit-remaining-resource": [
          "Microsoft.Compute/GetOperation3Min;14994,Microsoft.Compute/GetOperation30Min;29961"
        ],
        "Strict-Transport-Security": [
          "max-age=31536000; includeSubDomains"
        ],
        "x-ms-request-id": [
          "1a6a8c25-1f30-457d-806b-f3514196724a"
        ],
        "Server": [
          "Microsoft-HTTPAPI/2.0",
          "Microsoft-HTTPAPI/2.0"
        ],
        "x-ms-ratelimit-remaining-subscription-reads": [
          "11985"
        ],
        "x-ms-correlation-request-id": [
          "d702eb46-0ee7-4ad8-85a6-25f7cca5826c"
        ],
        "x-ms-routing-request-id": [
          "EASTUS2:20210629T064128Z:d702eb46-0ee7-4ad8-85a6-25f7cca5826c"
        ],
        "X-Content-Type-Options": [
          "nosniff"
        ],
        "Date": [
          "Tue, 29 Jun 2021 06:41:27 GMT"
        ],
        "Content-Length": [
          "134"
        ],
        "Content-Type": [
          "application/json; charset=utf-8"
        ],
        "Expires": [
          "-1"
        ]
      },
      "ResponseBody": "{\r\n  \"startTime\": \"2021-06-29T06:41:07.3007192+00:00\",\r\n  \"status\": \"InProgress\",\r\n  \"name\": \"b264f1f0-cdf2-4d64-a154-f88a34d8bf01\"\r\n}",
      "StatusCode": 200
    },
    {
      "RequestUri": "/subscriptions/e37510d7-33b6-4676-886f-ee75bcc01871/providers/Microsoft.Compute/locations/eastus2/operations/b264f1f0-cdf2-4d64-a154-f88a34d8bf01?api-version=2021-07-01",
      "EncodedRequestUri": "L3N1YnNjcmlwdGlvbnMvZTM3NTEwZDctMzNiNi00Njc2LTg4NmYtZWU3NWJjYzAxODcxL3Byb3ZpZGVycy9NaWNyb3NvZnQuQ29tcHV0ZS9sb2NhdGlvbnMvZWFzdHVzMi9vcGVyYXRpb25zL2IyNjRmMWYwLWNkZjItNGQ2NC1hMTU0LWY4OGEzNGQ4YmYwMT9hcGktdmVyc2lvbj0yMDIxLTA3LTAx",
      "RequestMethod": "GET",
      "RequestBody": "",
      "RequestHeaders": {
        "User-Agent": [
          "FxVersion/4.6.29518.01",
          "OSName/Windows",
          "OSVersion/Microsoft.Windows.10.0.19042.",
          "Microsoft.Azure.Management.Compute.ComputeManagementClient/47.0.0"
        ]
      },
      "ResponseHeaders": {
        "Cache-Control": [
          "no-cache"
        ],
        "Pragma": [
          "no-cache"
        ],
        "x-ms-ratelimit-remaining-resource": [
          "Microsoft.Compute/GetOperation3Min;14993,Microsoft.Compute/GetOperation30Min;29960"
        ],
        "Strict-Transport-Security": [
          "max-age=31536000; includeSubDomains"
        ],
        "x-ms-request-id": [
          "e6919d3f-e53f-4a9f-b284-e82abbf0d567"
        ],
        "Server": [
          "Microsoft-HTTPAPI/2.0",
          "Microsoft-HTTPAPI/2.0"
        ],
        "x-ms-ratelimit-remaining-subscription-reads": [
          "11984"
        ],
        "x-ms-correlation-request-id": [
          "6cbc0562-9316-468f-a182-629b6aabb21a"
        ],
        "x-ms-routing-request-id": [
          "EASTUS2:20210629T064139Z:6cbc0562-9316-468f-a182-629b6aabb21a"
        ],
        "X-Content-Type-Options": [
          "nosniff"
        ],
        "Date": [
          "Tue, 29 Jun 2021 06:41:38 GMT"
        ],
        "Content-Length": [
          "134"
        ],
        "Content-Type": [
          "application/json; charset=utf-8"
        ],
        "Expires": [
          "-1"
        ]
      },
      "ResponseBody": "{\r\n  \"startTime\": \"2021-06-29T06:41:07.3007192+00:00\",\r\n  \"status\": \"InProgress\",\r\n  \"name\": \"b264f1f0-cdf2-4d64-a154-f88a34d8bf01\"\r\n}",
      "StatusCode": 200
    },
    {
      "RequestUri": "/subscriptions/e37510d7-33b6-4676-886f-ee75bcc01871/providers/Microsoft.Compute/locations/eastus2/operations/b264f1f0-cdf2-4d64-a154-f88a34d8bf01?api-version=2021-07-01",
      "EncodedRequestUri": "L3N1YnNjcmlwdGlvbnMvZTM3NTEwZDctMzNiNi00Njc2LTg4NmYtZWU3NWJjYzAxODcxL3Byb3ZpZGVycy9NaWNyb3NvZnQuQ29tcHV0ZS9sb2NhdGlvbnMvZWFzdHVzMi9vcGVyYXRpb25zL2IyNjRmMWYwLWNkZjItNGQ2NC1hMTU0LWY4OGEzNGQ4YmYwMT9hcGktdmVyc2lvbj0yMDIxLTA3LTAx",
      "RequestMethod": "GET",
      "RequestBody": "",
      "RequestHeaders": {
        "User-Agent": [
          "FxVersion/4.6.29518.01",
          "OSName/Windows",
          "OSVersion/Microsoft.Windows.10.0.19042.",
          "Microsoft.Azure.Management.Compute.ComputeManagementClient/47.0.0"
        ]
      },
      "ResponseHeaders": {
        "Cache-Control": [
          "no-cache"
        ],
        "Pragma": [
          "no-cache"
        ],
        "x-ms-ratelimit-remaining-resource": [
          "Microsoft.Compute/GetOperation3Min;14992,Microsoft.Compute/GetOperation30Min;29959"
        ],
        "Strict-Transport-Security": [
          "max-age=31536000; includeSubDomains"
        ],
        "x-ms-request-id": [
          "9f1cb86b-ebf7-4fd1-b6ef-2fb71a9ceadb"
        ],
        "Server": [
          "Microsoft-HTTPAPI/2.0",
          "Microsoft-HTTPAPI/2.0"
        ],
        "x-ms-ratelimit-remaining-subscription-reads": [
          "11983"
        ],
        "x-ms-correlation-request-id": [
          "37842d83-66c5-487e-842e-877a7bd7e6c1"
        ],
        "x-ms-routing-request-id": [
          "EASTUS2:20210629T064150Z:37842d83-66c5-487e-842e-877a7bd7e6c1"
        ],
        "X-Content-Type-Options": [
          "nosniff"
        ],
        "Date": [
          "Tue, 29 Jun 2021 06:41:49 GMT"
        ],
        "Content-Length": [
          "134"
        ],
        "Content-Type": [
          "application/json; charset=utf-8"
        ],
        "Expires": [
          "-1"
        ]
      },
      "ResponseBody": "{\r\n  \"startTime\": \"2021-06-29T06:41:07.3007192+00:00\",\r\n  \"status\": \"InProgress\",\r\n  \"name\": \"b264f1f0-cdf2-4d64-a154-f88a34d8bf01\"\r\n}",
      "StatusCode": 200
    },
    {
      "RequestUri": "/subscriptions/e37510d7-33b6-4676-886f-ee75bcc01871/providers/Microsoft.Compute/locations/eastus2/operations/b264f1f0-cdf2-4d64-a154-f88a34d8bf01?api-version=2021-07-01",
      "EncodedRequestUri": "L3N1YnNjcmlwdGlvbnMvZTM3NTEwZDctMzNiNi00Njc2LTg4NmYtZWU3NWJjYzAxODcxL3Byb3ZpZGVycy9NaWNyb3NvZnQuQ29tcHV0ZS9sb2NhdGlvbnMvZWFzdHVzMi9vcGVyYXRpb25zL2IyNjRmMWYwLWNkZjItNGQ2NC1hMTU0LWY4OGEzNGQ4YmYwMT9hcGktdmVyc2lvbj0yMDIxLTA3LTAx",
      "RequestMethod": "GET",
      "RequestBody": "",
      "RequestHeaders": {
        "User-Agent": [
          "FxVersion/4.6.29518.01",
          "OSName/Windows",
          "OSVersion/Microsoft.Windows.10.0.19042.",
          "Microsoft.Azure.Management.Compute.ComputeManagementClient/47.0.0"
        ]
      },
      "ResponseHeaders": {
        "Cache-Control": [
          "no-cache"
        ],
        "Pragma": [
          "no-cache"
        ],
        "x-ms-ratelimit-remaining-resource": [
          "Microsoft.Compute/GetOperation3Min;14991,Microsoft.Compute/GetOperation30Min;29957"
        ],
        "Strict-Transport-Security": [
          "max-age=31536000; includeSubDomains"
        ],
        "x-ms-request-id": [
          "9470169c-d4c3-4673-96d0-a01d440d9a8e"
        ],
        "Server": [
          "Microsoft-HTTPAPI/2.0",
          "Microsoft-HTTPAPI/2.0"
        ],
        "x-ms-ratelimit-remaining-subscription-reads": [
          "11982"
        ],
        "x-ms-correlation-request-id": [
          "4192d066-d4a7-4d48-bf5d-e1381f77d7d0"
        ],
        "x-ms-routing-request-id": [
          "EASTUS2:20210629T064201Z:4192d066-d4a7-4d48-bf5d-e1381f77d7d0"
        ],
        "X-Content-Type-Options": [
          "nosniff"
        ],
        "Date": [
          "Tue, 29 Jun 2021 06:42:00 GMT"
        ],
        "Content-Length": [
          "184"
        ],
        "Content-Type": [
          "application/json; charset=utf-8"
        ],
        "Expires": [
          "-1"
        ]
      },
      "ResponseBody": "{\r\n  \"startTime\": \"2021-06-29T06:41:07.3007192+00:00\",\r\n  \"endTime\": \"2021-06-29T06:41:56.2385385+00:00\",\r\n  \"status\": \"Succeeded\",\r\n  \"name\": \"b264f1f0-cdf2-4d64-a154-f88a34d8bf01\"\r\n}",
      "StatusCode": 200
    },
    {
      "RequestUri": "/subscriptions/e37510d7-33b6-4676-886f-ee75bcc01871/providers/Microsoft.Compute/locations/eastus2/operations/b264f1f0-cdf2-4d64-a154-f88a34d8bf01?monitor=true&api-version=2021-07-01",
      "EncodedRequestUri": "L3N1YnNjcmlwdGlvbnMvZTM3NTEwZDctMzNiNi00Njc2LTg4NmYtZWU3NWJjYzAxODcxL3Byb3ZpZGVycy9NaWNyb3NvZnQuQ29tcHV0ZS9sb2NhdGlvbnMvZWFzdHVzMi9vcGVyYXRpb25zL2IyNjRmMWYwLWNkZjItNGQ2NC1hMTU0LWY4OGEzNGQ4YmYwMT9tb25pdG9yPXRydWUmYXBpLXZlcnNpb249MjAyMS0wNy0wMQ==",
      "RequestMethod": "GET",
      "RequestBody": "",
      "RequestHeaders": {
        "User-Agent": [
          "FxVersion/4.6.29518.01",
          "OSName/Windows",
          "OSVersion/Microsoft.Windows.10.0.19042.",
          "Microsoft.Azure.Management.Compute.ComputeManagementClient/47.0.0"
        ]
      },
      "ResponseHeaders": {
        "Cache-Control": [
          "no-cache"
        ],
        "Pragma": [
          "no-cache"
        ],
        "x-ms-ratelimit-remaining-resource": [
          "Microsoft.Compute/GetOperation3Min;14990,Microsoft.Compute/GetOperation30Min;29956"
        ],
        "Strict-Transport-Security": [
          "max-age=31536000; includeSubDomains"
        ],
        "x-ms-request-id": [
          "ab816b7d-f568-40e1-a841-4b72c12cd70d"
        ],
        "Server": [
          "Microsoft-HTTPAPI/2.0",
          "Microsoft-HTTPAPI/2.0"
        ],
        "x-ms-ratelimit-remaining-subscription-reads": [
          "11981"
        ],
        "x-ms-correlation-request-id": [
          "a5ecac0e-c57e-4a2a-ab92-b5ea9141f80d"
        ],
        "x-ms-routing-request-id": [
          "EASTUS2:20210629T064201Z:a5ecac0e-c57e-4a2a-ab92-b5ea9141f80d"
        ],
        "X-Content-Type-Options": [
          "nosniff"
        ],
        "Date": [
          "Tue, 29 Jun 2021 06:42:00 GMT"
        ],
        "Expires": [
          "-1"
        ],
        "Content-Length": [
          "0"
        ]
      },
      "ResponseBody": "",
      "StatusCode": 200
    },
    {
      "RequestUri": "/subscriptions/e37510d7-33b6-4676-886f-ee75bcc01871/resourcegroups/crptestar8656?api-version=2017-05-10",
      "EncodedRequestUri": "L3N1YnNjcmlwdGlvbnMvZTM3NTEwZDctMzNiNi00Njc2LTg4NmYtZWU3NWJjYzAxODcxL3Jlc291cmNlZ3JvdXBzL2NycHRlc3Rhcjg2NTY/YXBpLXZlcnNpb249MjAxNy0wNS0xMA==",
      "RequestMethod": "DELETE",
      "RequestBody": "",
      "RequestHeaders": {
        "x-ms-client-request-id": [
          "ce25565e-afc9-46aa-a89a-d9d0e613c443"
        ],
        "Accept-Language": [
          "en-US"
        ],
        "User-Agent": [
          "FxVersion/4.6.29518.01",
          "OSName/Windows",
          "OSVersion/Microsoft.Windows.10.0.19042.",
          "Microsoft.Azure.Management.ResourceManager.ResourceManagementClient/1.6.0.0"
        ]
      },
      "ResponseHeaders": {
        "Cache-Control": [
          "no-cache"
        ],
        "Pragma": [
          "no-cache"
        ],
        "Location": [
          "https://management.azure.com/subscriptions/e37510d7-33b6-4676-886f-ee75bcc01871/operationresults/eyJqb2JJZCI6IlJFU09VUkNFR1JPVVBERUxFVElPTkpPQi1DUlBURVNUQVI4NjU2LUVBU1RVUzIiLCJqb2JMb2NhdGlvbiI6ImVhc3R1czIifQ?api-version=2017-05-10"
        ],
        "Retry-After": [
          "15"
        ],
        "x-ms-ratelimit-remaining-subscription-deletes": [
          "14999"
        ],
        "x-ms-request-id": [
          "02bfaf1e-8e62-43a7-bf9b-c5f428b13676"
        ],
        "x-ms-correlation-request-id": [
          "02bfaf1e-8e62-43a7-bf9b-c5f428b13676"
        ],
        "x-ms-routing-request-id": [
          "EASTUS2:20210629T064201Z:02bfaf1e-8e62-43a7-bf9b-c5f428b13676"
        ],
        "Strict-Transport-Security": [
          "max-age=31536000; includeSubDomains"
        ],
        "X-Content-Type-Options": [
          "nosniff"
        ],
        "Date": [
          "Tue, 29 Jun 2021 06:42:01 GMT"
        ],
        "Expires": [
          "-1"
        ],
        "Content-Length": [
          "0"
        ]
      },
      "ResponseBody": "",
      "StatusCode": 202
    },
    {
      "RequestUri": "/subscriptions/e37510d7-33b6-4676-886f-ee75bcc01871/operationresults/eyJqb2JJZCI6IlJFU09VUkNFR1JPVVBERUxFVElPTkpPQi1DUlBURVNUQVI4NjU2LUVBU1RVUzIiLCJqb2JMb2NhdGlvbiI6ImVhc3R1czIifQ?api-version=2017-05-10",
      "EncodedRequestUri": "L3N1YnNjcmlwdGlvbnMvZTM3NTEwZDctMzNiNi00Njc2LTg4NmYtZWU3NWJjYzAxODcxL29wZXJhdGlvbnJlc3VsdHMvZXlKcWIySkpaQ0k2SWxKRlUwOVZVa05GUjFKUFZWQkVSVXhGVkVsUFRrcFBRaTFEVWxCVVJWTlVRVkk0TmpVMkxVVkJVMVJWVXpJaUxDSnFiMkpNYjJOaGRHbHZiaUk2SW1WaGMzUjFjeklpZlE/YXBpLXZlcnNpb249MjAxNy0wNS0xMA==",
      "RequestMethod": "GET",
      "RequestBody": "",
      "RequestHeaders": {
        "User-Agent": [
          "FxVersion/4.6.29518.01",
          "OSName/Windows",
          "OSVersion/Microsoft.Windows.10.0.19042.",
          "Microsoft.Azure.Management.ResourceManager.ResourceManagementClient/1.6.0.0"
        ]
      },
      "ResponseHeaders": {
        "Cache-Control": [
          "no-cache"
        ],
        "Pragma": [
          "no-cache"
        ],
        "Location": [
          "https://management.azure.com/subscriptions/e37510d7-33b6-4676-886f-ee75bcc01871/operationresults/eyJqb2JJZCI6IlJFU09VUkNFR1JPVVBERUxFVElPTkpPQi1DUlBURVNUQVI4NjU2LUVBU1RVUzIiLCJqb2JMb2NhdGlvbiI6ImVhc3R1czIifQ?api-version=2017-05-10"
        ],
        "Retry-After": [
          "15"
        ],
        "x-ms-ratelimit-remaining-subscription-reads": [
          "11999"
        ],
        "x-ms-request-id": [
          "2ec39798-e4c1-44a3-9ec1-f86112a75e97"
        ],
        "x-ms-correlation-request-id": [
          "2ec39798-e4c1-44a3-9ec1-f86112a75e97"
        ],
        "x-ms-routing-request-id": [
          "EASTUS2:20210629T064216Z:2ec39798-e4c1-44a3-9ec1-f86112a75e97"
        ],
        "Strict-Transport-Security": [
          "max-age=31536000; includeSubDomains"
        ],
        "X-Content-Type-Options": [
          "nosniff"
        ],
        "Date": [
          "Tue, 29 Jun 2021 06:42:16 GMT"
        ],
        "Expires": [
          "-1"
        ],
        "Content-Length": [
          "0"
        ]
      },
      "ResponseBody": "",
      "StatusCode": 202
    },
    {
      "RequestUri": "/subscriptions/e37510d7-33b6-4676-886f-ee75bcc01871/operationresults/eyJqb2JJZCI6IlJFU09VUkNFR1JPVVBERUxFVElPTkpPQi1DUlBURVNUQVI4NjU2LUVBU1RVUzIiLCJqb2JMb2NhdGlvbiI6ImVhc3R1czIifQ?api-version=2017-05-10",
      "EncodedRequestUri": "L3N1YnNjcmlwdGlvbnMvZTM3NTEwZDctMzNiNi00Njc2LTg4NmYtZWU3NWJjYzAxODcxL29wZXJhdGlvbnJlc3VsdHMvZXlKcWIySkpaQ0k2SWxKRlUwOVZVa05GUjFKUFZWQkVSVXhGVkVsUFRrcFBRaTFEVWxCVVJWTlVRVkk0TmpVMkxVVkJVMVJWVXpJaUxDSnFiMkpNYjJOaGRHbHZiaUk2SW1WaGMzUjFjeklpZlE/YXBpLXZlcnNpb249MjAxNy0wNS0xMA==",
      "RequestMethod": "GET",
      "RequestBody": "",
      "RequestHeaders": {
        "User-Agent": [
          "FxVersion/4.6.29518.01",
          "OSName/Windows",
          "OSVersion/Microsoft.Windows.10.0.19042.",
          "Microsoft.Azure.Management.ResourceManager.ResourceManagementClient/1.6.0.0"
        ]
      },
      "ResponseHeaders": {
        "Cache-Control": [
          "no-cache"
        ],
        "Pragma": [
          "no-cache"
        ],
        "Location": [
          "https://management.azure.com/subscriptions/e37510d7-33b6-4676-886f-ee75bcc01871/operationresults/eyJqb2JJZCI6IlJFU09VUkNFR1JPVVBERUxFVElPTkpPQi1DUlBURVNUQVI4NjU2LUVBU1RVUzIiLCJqb2JMb2NhdGlvbiI6ImVhc3R1czIifQ?api-version=2017-05-10"
        ],
        "Retry-After": [
          "15"
        ],
        "x-ms-ratelimit-remaining-subscription-reads": [
          "11998"
        ],
        "x-ms-request-id": [
          "c658d9fd-4bbe-452c-9346-580f7411cae6"
        ],
        "x-ms-correlation-request-id": [
          "c658d9fd-4bbe-452c-9346-580f7411cae6"
        ],
        "x-ms-routing-request-id": [
          "EASTUS2:20210629T064231Z:c658d9fd-4bbe-452c-9346-580f7411cae6"
        ],
        "Strict-Transport-Security": [
          "max-age=31536000; includeSubDomains"
        ],
        "X-Content-Type-Options": [
          "nosniff"
        ],
        "Date": [
          "Tue, 29 Jun 2021 06:42:31 GMT"
        ],
        "Expires": [
          "-1"
        ],
        "Content-Length": [
          "0"
        ]
      },
      "ResponseBody": "",
      "StatusCode": 202
    },
    {
      "RequestUri": "/subscriptions/e37510d7-33b6-4676-886f-ee75bcc01871/operationresults/eyJqb2JJZCI6IlJFU09VUkNFR1JPVVBERUxFVElPTkpPQi1DUlBURVNUQVI4NjU2LUVBU1RVUzIiLCJqb2JMb2NhdGlvbiI6ImVhc3R1czIifQ?api-version=2017-05-10",
      "EncodedRequestUri": "L3N1YnNjcmlwdGlvbnMvZTM3NTEwZDctMzNiNi00Njc2LTg4NmYtZWU3NWJjYzAxODcxL29wZXJhdGlvbnJlc3VsdHMvZXlKcWIySkpaQ0k2SWxKRlUwOVZVa05GUjFKUFZWQkVSVXhGVkVsUFRrcFBRaTFEVWxCVVJWTlVRVkk0TmpVMkxVVkJVMVJWVXpJaUxDSnFiMkpNYjJOaGRHbHZiaUk2SW1WaGMzUjFjeklpZlE/YXBpLXZlcnNpb249MjAxNy0wNS0xMA==",
      "RequestMethod": "GET",
      "RequestBody": "",
      "RequestHeaders": {
        "User-Agent": [
          "FxVersion/4.6.29518.01",
          "OSName/Windows",
          "OSVersion/Microsoft.Windows.10.0.19042.",
          "Microsoft.Azure.Management.ResourceManager.ResourceManagementClient/1.6.0.0"
        ]
      },
      "ResponseHeaders": {
        "Cache-Control": [
          "no-cache"
        ],
        "Pragma": [
          "no-cache"
        ],
        "Location": [
          "https://management.azure.com/subscriptions/e37510d7-33b6-4676-886f-ee75bcc01871/operationresults/eyJqb2JJZCI6IlJFU09VUkNFR1JPVVBERUxFVElPTkpPQi1DUlBURVNUQVI4NjU2LUVBU1RVUzIiLCJqb2JMb2NhdGlvbiI6ImVhc3R1czIifQ?api-version=2017-05-10"
        ],
        "Retry-After": [
          "15"
        ],
        "x-ms-ratelimit-remaining-subscription-reads": [
          "11997"
        ],
        "x-ms-request-id": [
          "b5d9775e-1a4f-4026-b08f-826e17fc4275"
        ],
        "x-ms-correlation-request-id": [
          "b5d9775e-1a4f-4026-b08f-826e17fc4275"
        ],
        "x-ms-routing-request-id": [
          "EASTUS2:20210629T064246Z:b5d9775e-1a4f-4026-b08f-826e17fc4275"
        ],
        "Strict-Transport-Security": [
          "max-age=31536000; includeSubDomains"
        ],
        "X-Content-Type-Options": [
          "nosniff"
        ],
        "Date": [
          "Tue, 29 Jun 2021 06:42:46 GMT"
        ],
        "Expires": [
          "-1"
        ],
        "Content-Length": [
          "0"
        ]
      },
      "ResponseBody": "",
      "StatusCode": 202
    },
    {
      "RequestUri": "/subscriptions/e37510d7-33b6-4676-886f-ee75bcc01871/operationresults/eyJqb2JJZCI6IlJFU09VUkNFR1JPVVBERUxFVElPTkpPQi1DUlBURVNUQVI4NjU2LUVBU1RVUzIiLCJqb2JMb2NhdGlvbiI6ImVhc3R1czIifQ?api-version=2017-05-10",
      "EncodedRequestUri": "L3N1YnNjcmlwdGlvbnMvZTM3NTEwZDctMzNiNi00Njc2LTg4NmYtZWU3NWJjYzAxODcxL29wZXJhdGlvbnJlc3VsdHMvZXlKcWIySkpaQ0k2SWxKRlUwOVZVa05GUjFKUFZWQkVSVXhGVkVsUFRrcFBRaTFEVWxCVVJWTlVRVkk0TmpVMkxVVkJVMVJWVXpJaUxDSnFiMkpNYjJOaGRHbHZiaUk2SW1WaGMzUjFjeklpZlE/YXBpLXZlcnNpb249MjAxNy0wNS0xMA==",
      "RequestMethod": "GET",
      "RequestBody": "",
      "RequestHeaders": {
        "User-Agent": [
          "FxVersion/4.6.29518.01",
          "OSName/Windows",
          "OSVersion/Microsoft.Windows.10.0.19042.",
          "Microsoft.Azure.Management.ResourceManager.ResourceManagementClient/1.6.0.0"
        ]
      },
      "ResponseHeaders": {
        "Cache-Control": [
          "no-cache"
        ],
        "Pragma": [
          "no-cache"
        ],
        "Location": [
          "https://management.azure.com/subscriptions/e37510d7-33b6-4676-886f-ee75bcc01871/operationresults/eyJqb2JJZCI6IlJFU09VUkNFR1JPVVBERUxFVElPTkpPQi1DUlBURVNUQVI4NjU2LUVBU1RVUzIiLCJqb2JMb2NhdGlvbiI6ImVhc3R1czIifQ?api-version=2017-05-10"
        ],
        "Retry-After": [
          "15"
        ],
        "x-ms-ratelimit-remaining-subscription-reads": [
          "11996"
        ],
        "x-ms-request-id": [
          "4e207b10-01d3-4dbb-af14-9b2ac0459e0f"
        ],
        "x-ms-correlation-request-id": [
          "4e207b10-01d3-4dbb-af14-9b2ac0459e0f"
        ],
        "x-ms-routing-request-id": [
          "EASTUS2:20210629T064301Z:4e207b10-01d3-4dbb-af14-9b2ac0459e0f"
        ],
        "Strict-Transport-Security": [
          "max-age=31536000; includeSubDomains"
        ],
        "X-Content-Type-Options": [
          "nosniff"
        ],
        "Date": [
          "Tue, 29 Jun 2021 06:43:00 GMT"
        ],
        "Expires": [
          "-1"
        ],
        "Content-Length": [
          "0"
        ]
      },
      "ResponseBody": "",
      "StatusCode": 202
    },
    {
      "RequestUri": "/subscriptions/e37510d7-33b6-4676-886f-ee75bcc01871/operationresults/eyJqb2JJZCI6IlJFU09VUkNFR1JPVVBERUxFVElPTkpPQi1DUlBURVNUQVI4NjU2LUVBU1RVUzIiLCJqb2JMb2NhdGlvbiI6ImVhc3R1czIifQ?api-version=2017-05-10",
      "EncodedRequestUri": "L3N1YnNjcmlwdGlvbnMvZTM3NTEwZDctMzNiNi00Njc2LTg4NmYtZWU3NWJjYzAxODcxL29wZXJhdGlvbnJlc3VsdHMvZXlKcWIySkpaQ0k2SWxKRlUwOVZVa05GUjFKUFZWQkVSVXhGVkVsUFRrcFBRaTFEVWxCVVJWTlVRVkk0TmpVMkxVVkJVMVJWVXpJaUxDSnFiMkpNYjJOaGRHbHZiaUk2SW1WaGMzUjFjeklpZlE/YXBpLXZlcnNpb249MjAxNy0wNS0xMA==",
      "RequestMethod": "GET",
      "RequestBody": "",
      "RequestHeaders": {
        "User-Agent": [
          "FxVersion/4.6.29518.01",
          "OSName/Windows",
          "OSVersion/Microsoft.Windows.10.0.19042.",
          "Microsoft.Azure.Management.ResourceManager.ResourceManagementClient/1.6.0.0"
        ]
      },
      "ResponseHeaders": {
        "Cache-Control": [
          "no-cache"
        ],
        "Pragma": [
          "no-cache"
        ],
        "Location": [
          "https://management.azure.com/subscriptions/e37510d7-33b6-4676-886f-ee75bcc01871/operationresults/eyJqb2JJZCI6IlJFU09VUkNFR1JPVVBERUxFVElPTkpPQi1DUlBURVNUQVI4NjU2LUVBU1RVUzIiLCJqb2JMb2NhdGlvbiI6ImVhc3R1czIifQ?api-version=2017-05-10"
        ],
        "Retry-After": [
          "15"
        ],
        "x-ms-ratelimit-remaining-subscription-reads": [
          "11995"
        ],
        "x-ms-request-id": [
          "f2dfaf2d-2f26-49ad-b78b-eb95047ab1c1"
        ],
        "x-ms-correlation-request-id": [
          "f2dfaf2d-2f26-49ad-b78b-eb95047ab1c1"
        ],
        "x-ms-routing-request-id": [
          "EASTUS2:20210629T064316Z:f2dfaf2d-2f26-49ad-b78b-eb95047ab1c1"
        ],
        "Strict-Transport-Security": [
          "max-age=31536000; includeSubDomains"
        ],
        "X-Content-Type-Options": [
          "nosniff"
        ],
        "Date": [
          "Tue, 29 Jun 2021 06:43:15 GMT"
        ],
        "Expires": [
          "-1"
        ],
        "Content-Length": [
          "0"
        ]
      },
      "ResponseBody": "",
      "StatusCode": 202
    },
    {
      "RequestUri": "/subscriptions/e37510d7-33b6-4676-886f-ee75bcc01871/operationresults/eyJqb2JJZCI6IlJFU09VUkNFR1JPVVBERUxFVElPTkpPQi1DUlBURVNUQVI4NjU2LUVBU1RVUzIiLCJqb2JMb2NhdGlvbiI6ImVhc3R1czIifQ?api-version=2017-05-10",
      "EncodedRequestUri": "L3N1YnNjcmlwdGlvbnMvZTM3NTEwZDctMzNiNi00Njc2LTg4NmYtZWU3NWJjYzAxODcxL29wZXJhdGlvbnJlc3VsdHMvZXlKcWIySkpaQ0k2SWxKRlUwOVZVa05GUjFKUFZWQkVSVXhGVkVsUFRrcFBRaTFEVWxCVVJWTlVRVkk0TmpVMkxVVkJVMVJWVXpJaUxDSnFiMkpNYjJOaGRHbHZiaUk2SW1WaGMzUjFjeklpZlE/YXBpLXZlcnNpb249MjAxNy0wNS0xMA==",
      "RequestMethod": "GET",
      "RequestBody": "",
      "RequestHeaders": {
        "User-Agent": [
          "FxVersion/4.6.29518.01",
          "OSName/Windows",
          "OSVersion/Microsoft.Windows.10.0.19042.",
          "Microsoft.Azure.Management.ResourceManager.ResourceManagementClient/1.6.0.0"
        ]
      },
      "ResponseHeaders": {
        "Cache-Control": [
          "no-cache"
        ],
        "Pragma": [
          "no-cache"
        ],
        "Location": [
          "https://management.azure.com/subscriptions/e37510d7-33b6-4676-886f-ee75bcc01871/operationresults/eyJqb2JJZCI6IlJFU09VUkNFR1JPVVBERUxFVElPTkpPQi1DUlBURVNUQVI4NjU2LUVBU1RVUzIiLCJqb2JMb2NhdGlvbiI6ImVhc3R1czIifQ?api-version=2017-05-10"
        ],
        "Retry-After": [
          "15"
        ],
        "x-ms-ratelimit-remaining-subscription-reads": [
          "11994"
        ],
        "x-ms-request-id": [
          "f50573c9-c7c4-4c30-8f46-a098a6eccad1"
        ],
        "x-ms-correlation-request-id": [
          "f50573c9-c7c4-4c30-8f46-a098a6eccad1"
        ],
        "x-ms-routing-request-id": [
          "EASTUS2:20210629T064331Z:f50573c9-c7c4-4c30-8f46-a098a6eccad1"
        ],
        "Strict-Transport-Security": [
          "max-age=31536000; includeSubDomains"
        ],
        "X-Content-Type-Options": [
          "nosniff"
        ],
        "Date": [
          "Tue, 29 Jun 2021 06:43:31 GMT"
        ],
        "Expires": [
          "-1"
        ],
        "Content-Length": [
          "0"
        ]
      },
      "ResponseBody": "",
      "StatusCode": 202
    },
    {
      "RequestUri": "/subscriptions/e37510d7-33b6-4676-886f-ee75bcc01871/operationresults/eyJqb2JJZCI6IlJFU09VUkNFR1JPVVBERUxFVElPTkpPQi1DUlBURVNUQVI4NjU2LUVBU1RVUzIiLCJqb2JMb2NhdGlvbiI6ImVhc3R1czIifQ?api-version=2017-05-10",
      "EncodedRequestUri": "L3N1YnNjcmlwdGlvbnMvZTM3NTEwZDctMzNiNi00Njc2LTg4NmYtZWU3NWJjYzAxODcxL29wZXJhdGlvbnJlc3VsdHMvZXlKcWIySkpaQ0k2SWxKRlUwOVZVa05GUjFKUFZWQkVSVXhGVkVsUFRrcFBRaTFEVWxCVVJWTlVRVkk0TmpVMkxVVkJVMVJWVXpJaUxDSnFiMkpNYjJOaGRHbHZiaUk2SW1WaGMzUjFjeklpZlE/YXBpLXZlcnNpb249MjAxNy0wNS0xMA==",
      "RequestMethod": "GET",
      "RequestBody": "",
      "RequestHeaders": {
        "User-Agent": [
          "FxVersion/4.6.29518.01",
          "OSName/Windows",
          "OSVersion/Microsoft.Windows.10.0.19042.",
          "Microsoft.Azure.Management.ResourceManager.ResourceManagementClient/1.6.0.0"
        ]
      },
      "ResponseHeaders": {
        "Cache-Control": [
          "no-cache"
        ],
        "Pragma": [
          "no-cache"
        ],
        "x-ms-ratelimit-remaining-subscription-reads": [
          "11993"
        ],
        "x-ms-request-id": [
          "7554ff04-4aab-4fe8-8e13-d4af197755ff"
        ],
        "x-ms-correlation-request-id": [
          "7554ff04-4aab-4fe8-8e13-d4af197755ff"
        ],
        "x-ms-routing-request-id": [
          "EASTUS2:20210629T064346Z:7554ff04-4aab-4fe8-8e13-d4af197755ff"
        ],
        "Strict-Transport-Security": [
          "max-age=31536000; includeSubDomains"
        ],
        "X-Content-Type-Options": [
          "nosniff"
        ],
        "Date": [
          "Tue, 29 Jun 2021 06:43:46 GMT"
        ],
        "Expires": [
          "-1"
        ],
        "Content-Length": [
          "0"
        ]
      },
      "ResponseBody": "",
      "StatusCode": 200
    },
    {
      "RequestUri": "/subscriptions/e37510d7-33b6-4676-886f-ee75bcc01871/operationresults/eyJqb2JJZCI6IlJFU09VUkNFR1JPVVBERUxFVElPTkpPQi1DUlBURVNUQVI4NjU2LUVBU1RVUzIiLCJqb2JMb2NhdGlvbiI6ImVhc3R1czIifQ?api-version=2017-05-10",
      "EncodedRequestUri": "L3N1YnNjcmlwdGlvbnMvZTM3NTEwZDctMzNiNi00Njc2LTg4NmYtZWU3NWJjYzAxODcxL29wZXJhdGlvbnJlc3VsdHMvZXlKcWIySkpaQ0k2SWxKRlUwOVZVa05GUjFKUFZWQkVSVXhGVkVsUFRrcFBRaTFEVWxCVVJWTlVRVkk0TmpVMkxVVkJVMVJWVXpJaUxDSnFiMkpNYjJOaGRHbHZiaUk2SW1WaGMzUjFjeklpZlE/YXBpLXZlcnNpb249MjAxNy0wNS0xMA==",
      "RequestMethod": "GET",
      "RequestBody": "",
      "RequestHeaders": {
        "User-Agent": [
          "FxVersion/4.6.29518.01",
          "OSName/Windows",
          "OSVersion/Microsoft.Windows.10.0.19042.",
          "Microsoft.Azure.Management.ResourceManager.ResourceManagementClient/1.6.0.0"
        ]
      },
      "ResponseHeaders": {
        "Cache-Control": [
          "no-cache"
        ],
        "Pragma": [
          "no-cache"
        ],
        "x-ms-ratelimit-remaining-subscription-reads": [
          "11992"
        ],
        "x-ms-request-id": [
          "eb33c7a5-44fa-4704-bc4e-00bc6f2f2fb1"
        ],
        "x-ms-correlation-request-id": [
          "eb33c7a5-44fa-4704-bc4e-00bc6f2f2fb1"
        ],
        "x-ms-routing-request-id": [
          "EASTUS2:20210629T064346Z:eb33c7a5-44fa-4704-bc4e-00bc6f2f2fb1"
        ],
        "Strict-Transport-Security": [
          "max-age=31536000; includeSubDomains"
        ],
        "X-Content-Type-Options": [
          "nosniff"
        ],
        "Date": [
          "Tue, 29 Jun 2021 06:43:46 GMT"
        ],
        "Expires": [
          "-1"
        ],
        "Content-Length": [
          "0"
        ]
      },
      "ResponseBody": "",
      "StatusCode": 200
    }
  ],
  "Names": {
    "TestScaleSetOperationsInternal": [
      "crptestar8656",
      "vmss2740",
      "crptestar1105"
    ],
    "CreatePublicIP": [
      "pip3261",
      "dn1172"
    ],
    "CreateVNET": [
      "vn1068",
      "sn8251"
    ],
    "CreateNIC": [
      "nic1151",
      "ip3046"
    ],
    "CreateDefaultVMScaleSetInput": [
      "crptestar6497",
      "vmss9787",
      "vmsstestnetconfig5279",
      "vmsstestnetconfig322"
    ]
  },
  "Variables": {
    "SubscriptionId": "e37510d7-33b6-4676-886f-ee75bcc01871"
  }
}