{
  "Entries": [
    {
      "RequestUri": "/subscriptions/e37510d7-33b6-4676-886f-ee75bcc01871/providers/Microsoft.Compute/locations/eastus2/publishers/MicrosoftWindowsServer/artifacttypes/vmimage/offers/WindowsServer/skus/2012-R2-Datacenter/versions?$top=1&api-version=2021-03-01",
      "EncodedRequestUri": "L3N1YnNjcmlwdGlvbnMvZTM3NTEwZDctMzNiNi00Njc2LTg4NmYtZWU3NWJjYzAxODcxL3Byb3ZpZGVycy9NaWNyb3NvZnQuQ29tcHV0ZS9sb2NhdGlvbnMvZWFzdHVzMi9wdWJsaXNoZXJzL01pY3Jvc29mdFdpbmRvd3NTZXJ2ZXIvYXJ0aWZhY3R0eXBlcy92bWltYWdlL29mZmVycy9XaW5kb3dzU2VydmVyL3NrdXMvMjAxMi1SMi1EYXRhY2VudGVyL3ZlcnNpb25zPyR0b3A9MSZhcGktdmVyc2lvbj0yMDIxLTAzLTAx",
      "RequestMethod": "GET",
      "RequestBody": "",
      "RequestHeaders": {
        "x-ms-client-request-id": [
          "bfeac917-04b2-4d16-9ea0-167ea4cc6bb1"
        ],
        "Accept-Language": [
          "en-US"
        ],
        "User-Agent": [
          "FxVersion/4.6.29518.01",
          "OSName/Windows",
          "OSVersion/Microsoft.Windows.10.0.18363.",
          "Microsoft.Azure.Management.Compute.ComputeManagementClient/44.0.0.0"
        ]
      },
      "ResponseHeaders": {
        "Cache-Control": [
          "no-cache"
        ],
        "Pragma": [
          "no-cache"
        ],
        "x-ms-ratelimit-remaining-resource": [
          "Microsoft.Compute/ListVMImagesVersionsFromLocation3Min;15999,Microsoft.Compute/ListVMImagesVersionsFromLocation30Min;43998"
        ],
        "Strict-Transport-Security": [
          "max-age=31536000; includeSubDomains"
        ],
        "x-ms-served-by": [
          "19a6b8e7-2f9b-4b25-aea4-718323f85895_132573950891713657"
        ],
        "x-ms-request-id": [
          "b7e8a068-9490-409c-9abf-7339037af915"
        ],
        "Server": [
          "Microsoft-HTTPAPI/2.0",
          "Microsoft-HTTPAPI/2.0"
        ],
        "x-ms-ratelimit-remaining-subscription-reads": [
          "11999"
        ],
        "x-ms-correlation-request-id": [
          "9ba9ad73-2989-42bf-be85-297e73518493"
        ],
        "x-ms-routing-request-id": [
          "EASTUS2:20210322T173357Z:9ba9ad73-2989-42bf-be85-297e73518493"
        ],
        "X-Content-Type-Options": [
          "nosniff"
        ],
        "Date": [
          "Mon, 22 Mar 2021 17:33:57 GMT"
        ],
        "Content-Length": [
          "309"
        ],
        "Content-Type": [
          "application/json; charset=utf-8"
        ],
        "Expires": [
          "-1"
        ]
      },
      "ResponseBody": "[\r\n  {\r\n    \"location\": \"eastus2\",\r\n    \"name\": \"4.127.20180315\",\r\n    \"id\": \"/Subscriptions/e37510d7-33b6-4676-886f-ee75bcc01871/Providers/Microsoft.Compute/Locations/eastus2/Publishers/MicrosoftWindowsServer/ArtifactTypes/VMImage/Offers/WindowsServer/Skus/2012-R2-Datacenter/Versions/4.127.20180315\"\r\n  }\r\n]",
      "StatusCode": 200
    },
    {
      "RequestUri": "/subscriptions/e37510d7-33b6-4676-886f-ee75bcc01871/resourcegroups/crptestar4294?api-version=2017-05-10",
      "EncodedRequestUri": "L3N1YnNjcmlwdGlvbnMvZTM3NTEwZDctMzNiNi00Njc2LTg4NmYtZWU3NWJjYzAxODcxL3Jlc291cmNlZ3JvdXBzL2NycHRlc3RhcjQyOTQ/YXBpLXZlcnNpb249MjAxNy0wNS0xMA==",
      "RequestMethod": "PUT",
      "RequestBody": "{\r\n  \"location\": \"eastus2\",\r\n  \"tags\": {\r\n    \"crptestar4294\": \"2021-03-22 17:33:57Z\"\r\n  }\r\n}",
      "RequestHeaders": {
        "x-ms-client-request-id": [
          "2810047a-1353-421a-a753-83c67ff33c0d"
        ],
        "Accept-Language": [
          "en-US"
        ],
        "User-Agent": [
          "FxVersion/4.6.29518.01",
          "OSName/Windows",
          "OSVersion/Microsoft.Windows.10.0.18363.",
          "Microsoft.Azure.Management.ResourceManager.ResourceManagementClient/1.6.0.0"
        ],
        "Content-Type": [
          "application/json; charset=utf-8"
        ],
        "Content-Length": [
          "93"
        ]
      },
      "ResponseHeaders": {
        "Cache-Control": [
          "no-cache"
        ],
        "Pragma": [
          "no-cache"
        ],
        "x-ms-ratelimit-remaining-subscription-writes": [
          "1199"
        ],
        "x-ms-request-id": [
          "a72f44da-33e5-4cf0-90ad-d2e1e0b9465c"
        ],
        "x-ms-correlation-request-id": [
          "a72f44da-33e5-4cf0-90ad-d2e1e0b9465c"
        ],
        "x-ms-routing-request-id": [
          "EASTUS2:20210322T173358Z:a72f44da-33e5-4cf0-90ad-d2e1e0b9465c"
        ],
        "Strict-Transport-Security": [
          "max-age=31536000; includeSubDomains"
        ],
        "X-Content-Type-Options": [
          "nosniff"
        ],
        "Date": [
          "Mon, 22 Mar 2021 17:33:57 GMT"
        ],
        "Content-Length": [
          "228"
        ],
        "Content-Type": [
          "application/json; charset=utf-8"
        ],
        "Expires": [
          "-1"
        ]
      },
      "ResponseBody": "{\r\n  \"id\": \"/subscriptions/e37510d7-33b6-4676-886f-ee75bcc01871/resourceGroups/crptestar4294\",\r\n  \"name\": \"crptestar4294\",\r\n  \"location\": \"eastus2\",\r\n  \"tags\": {\r\n    \"crptestar4294\": \"2021-03-22 17:33:57Z\"\r\n  },\r\n  \"properties\": {\r\n    \"provisioningState\": \"Succeeded\"\r\n  }\r\n}",
      "StatusCode": 201
    },
    {
      "RequestUri": "/subscriptions/e37510d7-33b6-4676-886f-ee75bcc01871/resourcegroups/crptestar4294?api-version=2017-05-10",
      "EncodedRequestUri": "L3N1YnNjcmlwdGlvbnMvZTM3NTEwZDctMzNiNi00Njc2LTg4NmYtZWU3NWJjYzAxODcxL3Jlc291cmNlZ3JvdXBzL2NycHRlc3RhcjQyOTQ/YXBpLXZlcnNpb249MjAxNy0wNS0xMA==",
      "RequestMethod": "PUT",
      "RequestBody": "{\r\n  \"location\": \"eastus2\"\r\n}",
      "RequestHeaders": {
        "x-ms-client-request-id": [
          "778c9dca-474d-4ddc-8e28-85fb6f2da125"
        ],
        "Accept-Language": [
          "en-US"
        ],
        "User-Agent": [
          "FxVersion/4.6.29518.01",
          "OSName/Windows",
          "OSVersion/Microsoft.Windows.10.0.18363.",
          "Microsoft.Azure.Management.ResourceManager.ResourceManagementClient/1.6.0.0"
        ],
        "Content-Type": [
          "application/json; charset=utf-8"
        ],
        "Content-Length": [
          "29"
        ]
      },
      "ResponseHeaders": {
        "Cache-Control": [
          "no-cache"
        ],
        "Pragma": [
          "no-cache"
        ],
        "x-ms-ratelimit-remaining-subscription-writes": [
          "1198"
        ],
        "x-ms-request-id": [
          "3cec0ef2-750b-4f3e-b0d7-86ec2452b427"
        ],
        "x-ms-correlation-request-id": [
          "3cec0ef2-750b-4f3e-b0d7-86ec2452b427"
        ],
        "x-ms-routing-request-id": [
          "EASTUS2:20210322T173426Z:3cec0ef2-750b-4f3e-b0d7-86ec2452b427"
        ],
        "Strict-Transport-Security": [
          "max-age=31536000; includeSubDomains"
        ],
        "X-Content-Type-Options": [
          "nosniff"
        ],
        "Date": [
          "Mon, 22 Mar 2021 17:34:26 GMT"
        ],
        "Content-Length": [
          "180"
        ],
        "Content-Type": [
          "application/json; charset=utf-8"
        ],
        "Expires": [
          "-1"
        ]
      },
      "ResponseBody": "{\r\n  \"id\": \"/subscriptions/e37510d7-33b6-4676-886f-ee75bcc01871/resourceGroups/crptestar4294\",\r\n  \"name\": \"crptestar4294\",\r\n  \"location\": \"eastus2\",\r\n  \"properties\": {\r\n    \"provisioningState\": \"Succeeded\"\r\n  }\r\n}",
      "StatusCode": 200
    },
    {
      "RequestUri": "/subscriptions/e37510d7-33b6-4676-886f-ee75bcc01871/resourcegroups/crptestar4294?api-version=2017-05-10",
      "EncodedRequestUri": "L3N1YnNjcmlwdGlvbnMvZTM3NTEwZDctMzNiNi00Njc2LTg4NmYtZWU3NWJjYzAxODcxL3Jlc291cmNlZ3JvdXBzL2NycHRlc3RhcjQyOTQ/YXBpLXZlcnNpb249MjAxNy0wNS0xMA==",
      "RequestMethod": "PUT",
      "RequestBody": "{\r\n  \"location\": \"eastus2\",\r\n  \"tags\": {\r\n    \"crptestar4294\": \"2021-03-22 17:34:32Z\"\r\n  }\r\n}",
      "RequestHeaders": {
        "x-ms-client-request-id": [
          "bcbfaf42-ef9c-413f-ab4e-5c40558faf09"
        ],
        "Accept-Language": [
          "en-US"
        ],
        "User-Agent": [
          "FxVersion/4.6.29518.01",
          "OSName/Windows",
          "OSVersion/Microsoft.Windows.10.0.18363.",
          "Microsoft.Azure.Management.ResourceManager.ResourceManagementClient/1.6.0.0"
        ],
        "Content-Type": [
          "application/json; charset=utf-8"
        ],
        "Content-Length": [
          "93"
        ]
      },
      "ResponseHeaders": {
        "Cache-Control": [
          "no-cache"
        ],
        "Pragma": [
          "no-cache"
        ],
        "x-ms-ratelimit-remaining-subscription-writes": [
          "1197"
        ],
        "x-ms-request-id": [
          "1a8e7f0a-f28c-458e-b295-492e3cd39265"
        ],
        "x-ms-correlation-request-id": [
          "1a8e7f0a-f28c-458e-b295-492e3cd39265"
        ],
        "x-ms-routing-request-id": [
          "EASTUS2:20210322T173433Z:1a8e7f0a-f28c-458e-b295-492e3cd39265"
        ],
        "Strict-Transport-Security": [
          "max-age=31536000; includeSubDomains"
        ],
        "X-Content-Type-Options": [
          "nosniff"
        ],
        "Date": [
          "Mon, 22 Mar 2021 17:34:33 GMT"
        ],
        "Content-Length": [
          "228"
        ],
        "Content-Type": [
          "application/json; charset=utf-8"
        ],
        "Expires": [
          "-1"
        ]
      },
      "ResponseBody": "{\r\n  \"id\": \"/subscriptions/e37510d7-33b6-4676-886f-ee75bcc01871/resourceGroups/crptestar4294\",\r\n  \"name\": \"crptestar4294\",\r\n  \"location\": \"eastus2\",\r\n  \"tags\": {\r\n    \"crptestar4294\": \"2021-03-22 17:34:32Z\"\r\n  },\r\n  \"properties\": {\r\n    \"provisioningState\": \"Succeeded\"\r\n  }\r\n}",
      "StatusCode": 200
    },
    {
      "RequestUri": "/subscriptions/e37510d7-33b6-4676-886f-ee75bcc01871/resourceGroups/crptestar4294/providers/Microsoft.Storage/storageAccounts/crptestar4003?api-version=2015-06-15",
      "EncodedRequestUri": "L3N1YnNjcmlwdGlvbnMvZTM3NTEwZDctMzNiNi00Njc2LTg4NmYtZWU3NWJjYzAxODcxL3Jlc291cmNlR3JvdXBzL2NycHRlc3RhcjQyOTQvcHJvdmlkZXJzL01pY3Jvc29mdC5TdG9yYWdlL3N0b3JhZ2VBY2NvdW50cy9jcnB0ZXN0YXI0MDAzP2FwaS12ZXJzaW9uPTIwMTUtMDYtMTU=",
      "RequestMethod": "PUT",
      "RequestBody": "{\r\n  \"location\": \"eastus2\",\r\n  \"properties\": {\r\n    \"accountType\": \"Standard_GRS\"\r\n  }\r\n}",
      "RequestHeaders": {
        "x-ms-client-request-id": [
          "534f8ba3-4285-4431-941d-0d0fd89bc3ac"
        ],
        "Accept-Language": [
          "en-US"
        ],
        "User-Agent": [
          "FxVersion/4.6.29518.01",
          "OSName/Windows",
          "OSVersion/Microsoft.Windows.10.0.18363.",
          "Microsoft.Azure.Management.Storage.StorageManagementClient/4.0.0.0"
        ],
        "Content-Type": [
          "application/json; charset=utf-8"
        ],
        "Content-Length": [
          "89"
        ]
      },
      "ResponseHeaders": {
        "Cache-Control": [
          "no-cache"
        ],
        "Pragma": [
          "no-cache"
        ],
        "Location": [
          "https://management.azure.com/subscriptions/e37510d7-33b6-4676-886f-ee75bcc01871/providers/Microsoft.Storage/locations/eastus2/asyncoperations/c80efd66-2626-43b3-bda6-feed36340f39?monitor=true&api-version=2015-06-15"
        ],
        "Retry-After": [
          "17"
        ],
        "x-ms-request-id": [
          "c80efd66-2626-43b3-bda6-feed36340f39"
        ],
        "Strict-Transport-Security": [
          "max-age=31536000; includeSubDomains"
        ],
        "Server": [
          "Microsoft-Azure-Storage-Resource-Provider/1.0,Microsoft-HTTPAPI/2.0 Microsoft-HTTPAPI/2.0"
        ],
        "x-ms-ratelimit-remaining-subscription-writes": [
          "1199"
        ],
        "x-ms-correlation-request-id": [
          "e267c65f-bb87-48c8-8ef3-b5ad1c5ad2d7"
        ],
        "x-ms-routing-request-id": [
          "EASTUS2:20210322T173359Z:e267c65f-bb87-48c8-8ef3-b5ad1c5ad2d7"
        ],
        "X-Content-Type-Options": [
          "nosniff"
        ],
        "Date": [
          "Mon, 22 Mar 2021 17:33:58 GMT"
        ],
        "Content-Type": [
          "text/plain; charset=utf-8"
        ],
        "Expires": [
          "-1"
        ],
        "Content-Length": [
          "0"
        ]
      },
      "ResponseBody": "",
      "StatusCode": 202
    },
    {
      "RequestUri": "/subscriptions/e37510d7-33b6-4676-886f-ee75bcc01871/providers/Microsoft.Storage/locations/eastus2/asyncoperations/c80efd66-2626-43b3-bda6-feed36340f39?monitor=true&api-version=2015-06-15",
      "EncodedRequestUri": "L3N1YnNjcmlwdGlvbnMvZTM3NTEwZDctMzNiNi00Njc2LTg4NmYtZWU3NWJjYzAxODcxL3Byb3ZpZGVycy9NaWNyb3NvZnQuU3RvcmFnZS9sb2NhdGlvbnMvZWFzdHVzMi9hc3luY29wZXJhdGlvbnMvYzgwZWZkNjYtMjYyNi00M2IzLWJkYTYtZmVlZDM2MzQwZjM5P21vbml0b3I9dHJ1ZSZhcGktdmVyc2lvbj0yMDE1LTA2LTE1",
      "RequestMethod": "GET",
      "RequestBody": "",
      "RequestHeaders": {
        "User-Agent": [
          "FxVersion/4.6.29518.01",
          "OSName/Windows",
          "OSVersion/Microsoft.Windows.10.0.18363.",
          "Microsoft.Azure.Management.Storage.StorageManagementClient/4.0.0.0"
        ]
      },
      "ResponseHeaders": {
        "Cache-Control": [
          "no-cache"
        ],
        "Pragma": [
          "no-cache"
        ],
        "x-ms-request-id": [
          "8a5d052c-4803-4388-894f-f85acf850ff0"
        ],
        "Strict-Transport-Security": [
          "max-age=31536000; includeSubDomains"
        ],
        "Server": [
          "Microsoft-Azure-Storage-Resource-Provider/1.0,Microsoft-HTTPAPI/2.0 Microsoft-HTTPAPI/2.0"
        ],
        "x-ms-ratelimit-remaining-subscription-reads": [
          "11999"
        ],
        "x-ms-correlation-request-id": [
          "1d3cef40-dd63-4301-94d7-27da6aa6ce41"
        ],
        "x-ms-routing-request-id": [
          "EASTUS2:20210322T173416Z:1d3cef40-dd63-4301-94d7-27da6aa6ce41"
        ],
        "X-Content-Type-Options": [
          "nosniff"
        ],
        "Date": [
          "Mon, 22 Mar 2021 17:34:15 GMT"
        ],
        "Content-Length": [
          "89"
        ],
        "Content-Type": [
          "application/json"
        ],
        "Expires": [
          "-1"
        ]
      },
      "ResponseBody": "{\r\n  \"location\": \"eastus2\",\r\n  \"properties\": {\r\n    \"accountType\": \"Standard_GRS\"\r\n  }\r\n}",
      "StatusCode": 200
    },
    {
      "RequestUri": "/subscriptions/e37510d7-33b6-4676-886f-ee75bcc01871/resourceGroups/crptestar4294/providers/Microsoft.Storage/storageAccounts?api-version=2015-06-15",
      "EncodedRequestUri": "L3N1YnNjcmlwdGlvbnMvZTM3NTEwZDctMzNiNi00Njc2LTg4NmYtZWU3NWJjYzAxODcxL3Jlc291cmNlR3JvdXBzL2NycHRlc3RhcjQyOTQvcHJvdmlkZXJzL01pY3Jvc29mdC5TdG9yYWdlL3N0b3JhZ2VBY2NvdW50cz9hcGktdmVyc2lvbj0yMDE1LTA2LTE1",
      "RequestMethod": "GET",
      "RequestBody": "",
      "RequestHeaders": {
        "x-ms-client-request-id": [
          "6d25ce4a-ca24-4ae7-a847-892e4f3d97c2"
        ],
        "Accept-Language": [
          "en-US"
        ],
        "User-Agent": [
          "FxVersion/4.6.29518.01",
          "OSName/Windows",
          "OSVersion/Microsoft.Windows.10.0.18363.",
          "Microsoft.Azure.Management.Storage.StorageManagementClient/4.0.0.0"
        ]
      },
      "ResponseHeaders": {
        "Cache-Control": [
          "no-cache"
        ],
        "Pragma": [
          "no-cache"
        ],
        "x-ms-request-id": [
          "5cfe7ce0-5532-4730-977f-e7073e6e5e38"
        ],
        "Strict-Transport-Security": [
          "max-age=31536000; includeSubDomains"
        ],
        "Server": [
          "Microsoft-Azure-Storage-Resource-Provider/1.0,Microsoft-HTTPAPI/2.0 Microsoft-HTTPAPI/2.0"
        ],
        "x-ms-ratelimit-remaining-subscription-reads": [
          "11998"
        ],
        "x-ms-correlation-request-id": [
          "b4177457-0ec3-4f7f-b2f8-61eea54fa3c2"
        ],
        "x-ms-routing-request-id": [
          "EASTUS2:20210322T173426Z:b4177457-0ec3-4f7f-b2f8-61eea54fa3c2"
        ],
        "X-Content-Type-Options": [
          "nosniff"
        ],
        "Date": [
          "Mon, 22 Mar 2021 17:34:25 GMT"
        ],
        "Content-Length": [
          "741"
        ],
        "Content-Type": [
          "application/json"
        ],
        "Expires": [
          "-1"
        ]
      },
      "ResponseBody": "{\r\n  \"value\": [\r\n    {\r\n      \"id\": \"/subscriptions/e37510d7-33b6-4676-886f-ee75bcc01871/resourceGroups/crptestar4294/providers/Microsoft.Storage/storageAccounts/crptestar4003\",\r\n      \"name\": \"crptestar4003\",\r\n      \"type\": \"Microsoft.Storage/storageAccounts\",\r\n      \"location\": \"eastus2\",\r\n      \"tags\": {},\r\n      \"properties\": {\r\n        \"accountType\": \"Standard_GRS\",\r\n        \"provisioningState\": \"Succeeded\",\r\n        \"creationTime\": \"2021-03-22T17:33:58.5406442Z\",\r\n        \"primaryEndpoints\": {\r\n          \"blob\": \"https://crptestar4003.blob.core.windows.net/\",\r\n          \"queue\": \"https://crptestar4003.queue.core.windows.net/\",\r\n          \"table\": \"https://crptestar4003.table.core.windows.net/\",\r\n          \"file\": \"https://crptestar4003.file.core.windows.net/\"\r\n        },\r\n        \"primaryLocation\": \"eastus2\",\r\n        \"statusOfPrimary\": \"available\",\r\n        \"secondaryLocation\": \"centralus\",\r\n        \"statusOfSecondary\": \"available\"\r\n      }\r\n    }\r\n  ]\r\n}",
      "StatusCode": 200
    },
    {
      "RequestUri": "/subscriptions/e37510d7-33b6-4676-886f-ee75bcc01871/resourceGroups/crptestar4294/providers/Microsoft.Storage/storageAccounts/crptestar4003?api-version=2015-06-15",
      "EncodedRequestUri": "L3N1YnNjcmlwdGlvbnMvZTM3NTEwZDctMzNiNi00Njc2LTg4NmYtZWU3NWJjYzAxODcxL3Jlc291cmNlR3JvdXBzL2NycHRlc3RhcjQyOTQvcHJvdmlkZXJzL01pY3Jvc29mdC5TdG9yYWdlL3N0b3JhZ2VBY2NvdW50cy9jcnB0ZXN0YXI0MDAzP2FwaS12ZXJzaW9uPTIwMTUtMDYtMTU=",
      "RequestMethod": "GET",
      "RequestBody": "",
      "RequestHeaders": {
        "x-ms-client-request-id": [
          "911266bb-47f2-4f1b-bb3d-ca17e707235b"
        ],
        "Accept-Language": [
          "en-US"
        ],
        "User-Agent": [
          "FxVersion/4.6.29518.01",
          "OSName/Windows",
          "OSVersion/Microsoft.Windows.10.0.18363.",
          "Microsoft.Azure.Management.Storage.StorageManagementClient/4.0.0.0"
        ]
      },
      "ResponseHeaders": {
        "Cache-Control": [
          "no-cache"
        ],
        "Pragma": [
          "no-cache"
        ],
        "x-ms-request-id": [
          "6593e1b6-1584-4875-8f40-0d9864d1929a"
        ],
        "Strict-Transport-Security": [
          "max-age=31536000; includeSubDomains"
        ],
        "Server": [
          "Microsoft-Azure-Storage-Resource-Provider/1.0,Microsoft-HTTPAPI/2.0 Microsoft-HTTPAPI/2.0"
        ],
        "x-ms-ratelimit-remaining-subscription-reads": [
          "11997"
        ],
        "x-ms-correlation-request-id": [
          "2b3e7b52-83fe-4714-a4ec-7a5c8e56e06e"
        ],
        "x-ms-routing-request-id": [
          "EASTUS2:20210322T173426Z:2b3e7b52-83fe-4714-a4ec-7a5c8e56e06e"
        ],
        "X-Content-Type-Options": [
          "nosniff"
        ],
        "Date": [
          "Mon, 22 Mar 2021 17:34:25 GMT"
        ],
        "Content-Length": [
          "729"
        ],
        "Content-Type": [
          "application/json"
        ],
        "Expires": [
          "-1"
        ]
      },
      "ResponseBody": "{\r\n  \"id\": \"/subscriptions/e37510d7-33b6-4676-886f-ee75bcc01871/resourceGroups/crptestar4294/providers/Microsoft.Storage/storageAccounts/crptestar4003\",\r\n  \"name\": \"crptestar4003\",\r\n  \"type\": \"Microsoft.Storage/storageAccounts\",\r\n  \"location\": \"eastus2\",\r\n  \"tags\": {},\r\n  \"properties\": {\r\n    \"accountType\": \"Standard_GRS\",\r\n    \"provisioningState\": \"Succeeded\",\r\n    \"creationTime\": \"2021-03-22T17:33:58.5406442Z\",\r\n    \"primaryEndpoints\": {\r\n      \"blob\": \"https://crptestar4003.blob.core.windows.net/\",\r\n      \"queue\": \"https://crptestar4003.queue.core.windows.net/\",\r\n      \"table\": \"https://crptestar4003.table.core.windows.net/\",\r\n      \"file\": \"https://crptestar4003.file.core.windows.net/\"\r\n    },\r\n    \"primaryLocation\": \"eastus2\",\r\n    \"statusOfPrimary\": \"available\",\r\n    \"secondaryLocation\": \"centralus\",\r\n    \"statusOfSecondary\": \"available\"\r\n  }\r\n}",
      "StatusCode": 200
    },
    {
      "RequestUri": "/subscriptions/e37510d7-33b6-4676-886f-ee75bcc01871/resourceGroups/crptestar4294/providers/Microsoft.Compute/virtualMachineScaleSets/VMScaleSetDoesNotExist?api-version=2021-03-01",
      "EncodedRequestUri": "L3N1YnNjcmlwdGlvbnMvZTM3NTEwZDctMzNiNi00Njc2LTg4NmYtZWU3NWJjYzAxODcxL3Jlc291cmNlR3JvdXBzL2NycHRlc3RhcjQyOTQvcHJvdmlkZXJzL01pY3Jvc29mdC5Db21wdXRlL3ZpcnR1YWxNYWNoaW5lU2NhbGVTZXRzL1ZNU2NhbGVTZXREb2VzTm90RXhpc3Q/YXBpLXZlcnNpb249MjAyMS0wMy0wMQ==",
      "RequestMethod": "DELETE",
      "RequestBody": "",
      "RequestHeaders": {
        "x-ms-client-request-id": [
          "fb0424c4-2ba0-46df-83f0-3342edc5d766"
        ],
        "Accept-Language": [
          "en-US"
        ],
        "User-Agent": [
          "FxVersion/4.6.29518.01",
          "OSName/Windows",
          "OSVersion/Microsoft.Windows.10.0.18363.",
          "Microsoft.Azure.Management.Compute.ComputeManagementClient/44.0.0.0"
        ]
      },
      "ResponseHeaders": {
        "Cache-Control": [
          "no-cache"
        ],
        "Pragma": [
          "no-cache"
        ],
        "x-ms-ratelimit-remaining-subscription-deletes": [
          "14999"
        ],
        "x-ms-request-id": [
          "ee8f8e01-382d-4e4a-bfe2-a4efdfca62e9"
        ],
        "x-ms-correlation-request-id": [
          "ee8f8e01-382d-4e4a-bfe2-a4efdfca62e9"
        ],
        "x-ms-routing-request-id": [
          "EASTUS2:20210322T173426Z:ee8f8e01-382d-4e4a-bfe2-a4efdfca62e9"
        ],
        "Strict-Transport-Security": [
          "max-age=31536000; includeSubDomains"
        ],
        "X-Content-Type-Options": [
          "nosniff"
        ],
        "Date": [
          "Mon, 22 Mar 2021 17:34:25 GMT"
        ],
        "Expires": [
          "-1"
        ]
      },
      "ResponseBody": "",
      "StatusCode": 204
    },
    {
      "RequestUri": "/subscriptions/e37510d7-33b6-4676-886f-ee75bcc01871/resourceGroups/crptestar4294/providers/Microsoft.Network/publicIPAddresses/pip5201?api-version=2019-09-01",
      "EncodedRequestUri": "L3N1YnNjcmlwdGlvbnMvZTM3NTEwZDctMzNiNi00Njc2LTg4NmYtZWU3NWJjYzAxODcxL3Jlc291cmNlR3JvdXBzL2NycHRlc3RhcjQyOTQvcHJvdmlkZXJzL01pY3Jvc29mdC5OZXR3b3JrL3B1YmxpY0lQQWRkcmVzc2VzL3BpcDUyMDE/YXBpLXZlcnNpb249MjAxOS0wOS0wMQ==",
      "RequestMethod": "PUT",
      "RequestBody": "{\r\n  \"properties\": {\r\n    \"publicIPAllocationMethod\": \"Dynamic\",\r\n    \"dnsSettings\": {\r\n      \"domainNameLabel\": \"dn7722\"\r\n    }\r\n  },\r\n  \"location\": \"eastus2\",\r\n  \"tags\": {\r\n    \"key\": \"value\"\r\n  }\r\n}",
      "RequestHeaders": {
        "x-ms-client-request-id": [
          "131bae99-0380-4f4a-a7e5-6d4f53943dd8"
        ],
        "Accept-Language": [
          "en-US"
        ],
        "User-Agent": [
          "FxVersion/4.6.29518.01",
          "OSName/Windows",
          "OSVersion/Microsoft.Windows.10.0.18363.",
          "Microsoft.Azure.Management.Network.NetworkManagementClient/19.17.1.0"
        ],
        "Content-Type": [
          "application/json; charset=utf-8"
        ],
        "Content-Length": [
          "201"
        ]
      },
      "ResponseHeaders": {
        "Cache-Control": [
          "no-cache"
        ],
        "Pragma": [
          "no-cache"
        ],
        "Retry-After": [
          "1"
        ],
        "x-ms-request-id": [
          "588dbeea-4d7d-4a01-8af1-3e8546c2e3d5"
        ],
        "Azure-AsyncOperation": [
          "https://management.azure.com/subscriptions/e37510d7-33b6-4676-886f-ee75bcc01871/providers/Microsoft.Network/locations/eastus2/operations/588dbeea-4d7d-4a01-8af1-3e8546c2e3d5?api-version=2019-09-01"
        ],
        "x-ms-correlation-request-id": [
          "34eb9365-6eb9-4b64-86e6-be2f20905dec"
        ],
        "Azure-AsyncNotification": [
          "Enabled"
        ],
        "x-ms-arm-service-request-id": [
          "ff93b978-c300-4c81-8bf6-b4fd98d507bb"
        ],
        "Strict-Transport-Security": [
          "max-age=31536000; includeSubDomains"
        ],
        "Server": [
          "Microsoft-HTTPAPI/2.0",
          "Microsoft-HTTPAPI/2.0"
        ],
        "x-ms-ratelimit-remaining-subscription-writes": [
          "1199"
        ],
        "x-ms-routing-request-id": [
          "EASTUS2:20210322T173427Z:34eb9365-6eb9-4b64-86e6-be2f20905dec"
        ],
        "X-Content-Type-Options": [
          "nosniff"
        ],
        "Date": [
          "Mon, 22 Mar 2021 17:34:26 GMT"
        ],
        "Content-Length": [
          "757"
        ],
        "Content-Type": [
          "application/json; charset=utf-8"
        ],
        "Expires": [
          "-1"
        ]
      },
      "ResponseBody": "{\r\n  \"name\": \"pip5201\",\r\n  \"id\": \"/subscriptions/e37510d7-33b6-4676-886f-ee75bcc01871/resourceGroups/crptestar4294/providers/Microsoft.Network/publicIPAddresses/pip5201\",\r\n  \"etag\": \"W/\\\"f5695b90-2407-4165-a57e-9213274fecfa\\\"\",\r\n  \"location\": \"eastus2\",\r\n  \"tags\": {\r\n    \"key\": \"value\"\r\n  },\r\n  \"properties\": {\r\n    \"provisioningState\": \"Updating\",\r\n    \"resourceGuid\": \"412ef915-b29f-4e8b-8798-56b4921ef4ca\",\r\n    \"publicIPAddressVersion\": \"IPv4\",\r\n    \"publicIPAllocationMethod\": \"Dynamic\",\r\n    \"idleTimeoutInMinutes\": 4,\r\n    \"dnsSettings\": {\r\n      \"domainNameLabel\": \"dn7722\",\r\n      \"fqdn\": \"dn7722.eastus2.cloudapp.azure.com\"\r\n    },\r\n    \"ipTags\": []\r\n  },\r\n  \"type\": \"Microsoft.Network/publicIPAddresses\",\r\n  \"sku\": {\r\n    \"name\": \"Basic\"\r\n  }\r\n}",
      "StatusCode": 201
    },
    {
      "RequestUri": "/subscriptions/e37510d7-33b6-4676-886f-ee75bcc01871/providers/Microsoft.Network/locations/eastus2/operations/588dbeea-4d7d-4a01-8af1-3e8546c2e3d5?api-version=2019-09-01",
      "EncodedRequestUri": "L3N1YnNjcmlwdGlvbnMvZTM3NTEwZDctMzNiNi00Njc2LTg4NmYtZWU3NWJjYzAxODcxL3Byb3ZpZGVycy9NaWNyb3NvZnQuTmV0d29yay9sb2NhdGlvbnMvZWFzdHVzMi9vcGVyYXRpb25zLzU4OGRiZWVhLTRkN2QtNGEwMS04YWYxLTNlODU0NmMyZTNkNT9hcGktdmVyc2lvbj0yMDE5LTA5LTAx",
      "RequestMethod": "GET",
      "RequestBody": "",
      "RequestHeaders": {
        "User-Agent": [
          "FxVersion/4.6.29518.01",
          "OSName/Windows",
          "OSVersion/Microsoft.Windows.10.0.18363.",
          "Microsoft.Azure.Management.Network.NetworkManagementClient/19.17.1.0"
        ]
      },
      "ResponseHeaders": {
        "Cache-Control": [
          "no-cache"
        ],
        "Pragma": [
          "no-cache"
        ],
        "x-ms-request-id": [
          "552e6a8e-a765-44d1-97a8-8138f347d250"
        ],
        "x-ms-correlation-request-id": [
          "f73ec1a9-7a2b-48d5-a489-93835eede686"
        ],
        "x-ms-arm-service-request-id": [
          "cead49b3-ddf0-4ec4-aefa-3f08ae8dbf3c"
        ],
        "Strict-Transport-Security": [
          "max-age=31536000; includeSubDomains"
        ],
        "Server": [
          "Microsoft-HTTPAPI/2.0",
          "Microsoft-HTTPAPI/2.0"
        ],
        "x-ms-ratelimit-remaining-subscription-reads": [
          "11999"
        ],
        "x-ms-routing-request-id": [
          "EASTUS2:20210322T173428Z:f73ec1a9-7a2b-48d5-a489-93835eede686"
        ],
        "X-Content-Type-Options": [
          "nosniff"
        ],
        "Date": [
          "Mon, 22 Mar 2021 17:34:27 GMT"
        ],
        "Content-Length": [
          "29"
        ],
        "Content-Type": [
          "application/json; charset=utf-8"
        ],
        "Expires": [
          "-1"
        ]
      },
      "ResponseBody": "{\r\n  \"status\": \"Succeeded\"\r\n}",
      "StatusCode": 200
    },
    {
      "RequestUri": "/subscriptions/e37510d7-33b6-4676-886f-ee75bcc01871/resourceGroups/crptestar4294/providers/Microsoft.Network/publicIPAddresses/pip5201?api-version=2019-09-01",
      "EncodedRequestUri": "L3N1YnNjcmlwdGlvbnMvZTM3NTEwZDctMzNiNi00Njc2LTg4NmYtZWU3NWJjYzAxODcxL3Jlc291cmNlR3JvdXBzL2NycHRlc3RhcjQyOTQvcHJvdmlkZXJzL01pY3Jvc29mdC5OZXR3b3JrL3B1YmxpY0lQQWRkcmVzc2VzL3BpcDUyMDE/YXBpLXZlcnNpb249MjAxOS0wOS0wMQ==",
      "RequestMethod": "GET",
      "RequestBody": "",
      "RequestHeaders": {
        "User-Agent": [
          "FxVersion/4.6.29518.01",
          "OSName/Windows",
          "OSVersion/Microsoft.Windows.10.0.18363.",
          "Microsoft.Azure.Management.Network.NetworkManagementClient/19.17.1.0"
        ]
      },
      "ResponseHeaders": {
        "Cache-Control": [
          "no-cache"
        ],
        "Pragma": [
          "no-cache"
        ],
        "ETag": [
          "W/\"973cb917-79fb-4eff-9e4a-3babdf200000\""
        ],
        "x-ms-request-id": [
          "f30135d9-5b49-4ad8-b8d5-c16d2e14752e"
        ],
        "x-ms-correlation-request-id": [
          "6dd4aea1-2ef9-4120-94ca-9f91bda08d57"
        ],
        "x-ms-arm-service-request-id": [
          "2f0341ee-eb3e-4f7f-9f72-0c402c08a639"
        ],
        "Strict-Transport-Security": [
          "max-age=31536000; includeSubDomains"
        ],
        "Server": [
          "Microsoft-HTTPAPI/2.0",
          "Microsoft-HTTPAPI/2.0"
        ],
        "x-ms-ratelimit-remaining-subscription-reads": [
          "11998"
        ],
        "x-ms-routing-request-id": [
          "EASTUS2:20210322T173428Z:6dd4aea1-2ef9-4120-94ca-9f91bda08d57"
        ],
        "X-Content-Type-Options": [
          "nosniff"
        ],
        "Date": [
          "Mon, 22 Mar 2021 17:34:27 GMT"
        ],
        "Content-Length": [
          "758"
        ],
        "Content-Type": [
          "application/json; charset=utf-8"
        ],
        "Expires": [
          "-1"
        ]
      },
      "ResponseBody": "{\r\n  \"name\": \"pip5201\",\r\n  \"id\": \"/subscriptions/e37510d7-33b6-4676-886f-ee75bcc01871/resourceGroups/crptestar4294/providers/Microsoft.Network/publicIPAddresses/pip5201\",\r\n  \"etag\": \"W/\\\"973cb917-79fb-4eff-9e4a-3babdf200000\\\"\",\r\n  \"location\": \"eastus2\",\r\n  \"tags\": {\r\n    \"key\": \"value\"\r\n  },\r\n  \"properties\": {\r\n    \"provisioningState\": \"Succeeded\",\r\n    \"resourceGuid\": \"412ef915-b29f-4e8b-8798-56b4921ef4ca\",\r\n    \"publicIPAddressVersion\": \"IPv4\",\r\n    \"publicIPAllocationMethod\": \"Dynamic\",\r\n    \"idleTimeoutInMinutes\": 4,\r\n    \"dnsSettings\": {\r\n      \"domainNameLabel\": \"dn7722\",\r\n      \"fqdn\": \"dn7722.eastus2.cloudapp.azure.com\"\r\n    },\r\n    \"ipTags\": []\r\n  },\r\n  \"type\": \"Microsoft.Network/publicIPAddresses\",\r\n  \"sku\": {\r\n    \"name\": \"Basic\"\r\n  }\r\n}",
      "StatusCode": 200
    },
    {
      "RequestUri": "/subscriptions/e37510d7-33b6-4676-886f-ee75bcc01871/resourceGroups/crptestar4294/providers/Microsoft.Network/publicIPAddresses/pip5201?api-version=2019-09-01",
      "EncodedRequestUri": "L3N1YnNjcmlwdGlvbnMvZTM3NTEwZDctMzNiNi00Njc2LTg4NmYtZWU3NWJjYzAxODcxL3Jlc291cmNlR3JvdXBzL2NycHRlc3RhcjQyOTQvcHJvdmlkZXJzL01pY3Jvc29mdC5OZXR3b3JrL3B1YmxpY0lQQWRkcmVzc2VzL3BpcDUyMDE/YXBpLXZlcnNpb249MjAxOS0wOS0wMQ==",
      "RequestMethod": "GET",
      "RequestBody": "",
      "RequestHeaders": {
        "x-ms-client-request-id": [
          "ffde8641-64d6-4507-af8a-1cc14ec7ed7b"
        ],
        "Accept-Language": [
          "en-US"
        ],
        "User-Agent": [
          "FxVersion/4.6.29518.01",
          "OSName/Windows",
          "OSVersion/Microsoft.Windows.10.0.18363.",
          "Microsoft.Azure.Management.Network.NetworkManagementClient/19.17.1.0"
        ]
      },
      "ResponseHeaders": {
        "Cache-Control": [
          "no-cache"
        ],
        "Pragma": [
          "no-cache"
        ],
        "ETag": [
          "W/\"973cb917-79fb-4eff-9e4a-3babdf200000\""
        ],
        "x-ms-request-id": [
          "bcc8340a-c18f-4568-9aee-3ca20aa6c572"
        ],
        "x-ms-correlation-request-id": [
          "937e3634-e240-49f3-8f62-0be626174087"
        ],
        "x-ms-arm-service-request-id": [
          "2cccb035-c8bb-4b58-bf18-a6435d9219cb"
        ],
        "Strict-Transport-Security": [
          "max-age=31536000; includeSubDomains"
        ],
        "Server": [
          "Microsoft-HTTPAPI/2.0",
          "Microsoft-HTTPAPI/2.0"
        ],
        "x-ms-ratelimit-remaining-subscription-reads": [
          "11997"
        ],
        "x-ms-routing-request-id": [
          "EASTUS2:20210322T173428Z:937e3634-e240-49f3-8f62-0be626174087"
        ],
        "X-Content-Type-Options": [
          "nosniff"
        ],
        "Date": [
          "Mon, 22 Mar 2021 17:34:27 GMT"
        ],
        "Content-Length": [
          "758"
        ],
        "Content-Type": [
          "application/json; charset=utf-8"
        ],
        "Expires": [
          "-1"
        ]
      },
      "ResponseBody": "{\r\n  \"name\": \"pip5201\",\r\n  \"id\": \"/subscriptions/e37510d7-33b6-4676-886f-ee75bcc01871/resourceGroups/crptestar4294/providers/Microsoft.Network/publicIPAddresses/pip5201\",\r\n  \"etag\": \"W/\\\"973cb917-79fb-4eff-9e4a-3babdf200000\\\"\",\r\n  \"location\": \"eastus2\",\r\n  \"tags\": {\r\n    \"key\": \"value\"\r\n  },\r\n  \"properties\": {\r\n    \"provisioningState\": \"Succeeded\",\r\n    \"resourceGuid\": \"412ef915-b29f-4e8b-8798-56b4921ef4ca\",\r\n    \"publicIPAddressVersion\": \"IPv4\",\r\n    \"publicIPAllocationMethod\": \"Dynamic\",\r\n    \"idleTimeoutInMinutes\": 4,\r\n    \"dnsSettings\": {\r\n      \"domainNameLabel\": \"dn7722\",\r\n      \"fqdn\": \"dn7722.eastus2.cloudapp.azure.com\"\r\n    },\r\n    \"ipTags\": []\r\n  },\r\n  \"type\": \"Microsoft.Network/publicIPAddresses\",\r\n  \"sku\": {\r\n    \"name\": \"Basic\"\r\n  }\r\n}",
      "StatusCode": 200
    },
    {
      "RequestUri": "/subscriptions/e37510d7-33b6-4676-886f-ee75bcc01871/resourceGroups/crptestar4294/providers/Microsoft.Network/virtualNetworks/vn2164?api-version=2019-09-01",
      "EncodedRequestUri": "L3N1YnNjcmlwdGlvbnMvZTM3NTEwZDctMzNiNi00Njc2LTg4NmYtZWU3NWJjYzAxODcxL3Jlc291cmNlR3JvdXBzL2NycHRlc3RhcjQyOTQvcHJvdmlkZXJzL01pY3Jvc29mdC5OZXR3b3JrL3ZpcnR1YWxOZXR3b3Jrcy92bjIxNjQ/YXBpLXZlcnNpb249MjAxOS0wOS0wMQ==",
      "RequestMethod": "PUT",
      "RequestBody": "{\r\n  \"properties\": {\r\n    \"addressSpace\": {\r\n      \"addressPrefixes\": [\r\n        \"10.0.0.0/16\"\r\n      ]\r\n    },\r\n    \"dhcpOptions\": {\r\n      \"dnsServers\": [\r\n        \"10.1.1.1\",\r\n        \"10.1.2.4\"\r\n      ]\r\n    },\r\n    \"subnets\": [\r\n      {\r\n        \"properties\": {\r\n          \"addressPrefix\": \"10.0.0.0/24\"\r\n        },\r\n        \"name\": \"sn4634\"\r\n      }\r\n    ]\r\n  },\r\n  \"location\": \"eastus2\"\r\n}",
      "RequestHeaders": {
        "x-ms-client-request-id": [
          "20077417-6a71-48a6-92a1-02069d7df1d9"
        ],
        "Accept-Language": [
          "en-US"
        ],
        "User-Agent": [
          "FxVersion/4.6.29518.01",
          "OSName/Windows",
          "OSVersion/Microsoft.Windows.10.0.18363.",
          "Microsoft.Azure.Management.Network.NetworkManagementClient/19.17.1.0"
        ],
        "Content-Type": [
          "application/json; charset=utf-8"
        ],
        "Content-Length": [
          "396"
        ]
      },
      "ResponseHeaders": {
        "Cache-Control": [
          "no-cache"
        ],
        "Pragma": [
          "no-cache"
        ],
        "Retry-After": [
          "3"
        ],
        "x-ms-request-id": [
          "968f9885-8bee-43bd-af2f-27ea84fc1041"
        ],
        "Azure-AsyncOperation": [
          "https://management.azure.com/subscriptions/e37510d7-33b6-4676-886f-ee75bcc01871/providers/Microsoft.Network/locations/eastus2/operations/968f9885-8bee-43bd-af2f-27ea84fc1041?api-version=2019-09-01"
        ],
        "x-ms-correlation-request-id": [
          "f9de829c-dcda-43aa-94a4-12f07241fc1c"
        ],
        "Azure-AsyncNotification": [
          "Enabled"
        ],
        "x-ms-arm-service-request-id": [
          "7b454156-bf3f-48ff-b2b1-72016c003425"
        ],
        "Strict-Transport-Security": [
          "max-age=31536000; includeSubDomains"
        ],
        "Server": [
          "Microsoft-HTTPAPI/2.0",
          "Microsoft-HTTPAPI/2.0"
        ],
        "x-ms-ratelimit-remaining-subscription-writes": [
          "1198"
        ],
        "x-ms-routing-request-id": [
          "EASTUS2:20210322T173429Z:f9de829c-dcda-43aa-94a4-12f07241fc1c"
        ],
        "X-Content-Type-Options": [
          "nosniff"
        ],
        "Date": [
          "Mon, 22 Mar 2021 17:34:28 GMT"
        ],
        "Content-Length": [
          "1315"
        ],
        "Content-Type": [
          "application/json; charset=utf-8"
        ],
        "Expires": [
          "-1"
        ]
      },
      "ResponseBody": "{\r\n  \"name\": \"vn2164\",\r\n  \"id\": \"/subscriptions/e37510d7-33b6-4676-886f-ee75bcc01871/resourceGroups/crptestar4294/providers/Microsoft.Network/virtualNetworks/vn2164\",\r\n  \"etag\": \"W/\\\"d289f53e-0a30-4ee0-babf-064e7b027256\\\"\",\r\n  \"type\": \"Microsoft.Network/virtualNetworks\",\r\n  \"location\": \"eastus2\",\r\n  \"properties\": {\r\n    \"provisioningState\": \"Updating\",\r\n    \"resourceGuid\": \"59e8e136-71cb-405e-92b4-c6f06f3a248c\",\r\n    \"addressSpace\": {\r\n      \"addressPrefixes\": [\r\n        \"10.0.0.0/16\"\r\n      ]\r\n    },\r\n    \"dhcpOptions\": {\r\n      \"dnsServers\": [\r\n        \"10.1.1.1\",\r\n        \"10.1.2.4\"\r\n      ]\r\n    },\r\n    \"subnets\": [\r\n      {\r\n        \"name\": \"sn4634\",\r\n        \"id\": \"/subscriptions/e37510d7-33b6-4676-886f-ee75bcc01871/resourceGroups/crptestar4294/providers/Microsoft.Network/virtualNetworks/vn2164/subnets/sn4634\",\r\n        \"etag\": \"W/\\\"d289f53e-0a30-4ee0-babf-064e7b027256\\\"\",\r\n        \"properties\": {\r\n          \"provisioningState\": \"Updating\",\r\n          \"addressPrefix\": \"10.0.0.0/24\",\r\n          \"delegations\": [],\r\n          \"privateEndpointNetworkPolicies\": \"Enabled\",\r\n          \"privateLinkServiceNetworkPolicies\": \"Enabled\"\r\n        },\r\n        \"type\": \"Microsoft.Network/virtualNetworks/subnets\"\r\n      }\r\n    ],\r\n    \"virtualNetworkPeerings\": [],\r\n    \"enableDdosProtection\": false\r\n  }\r\n}",
      "StatusCode": 201
    },
    {
      "RequestUri": "/subscriptions/e37510d7-33b6-4676-886f-ee75bcc01871/providers/Microsoft.Network/locations/eastus2/operations/968f9885-8bee-43bd-af2f-27ea84fc1041?api-version=2019-09-01",
      "EncodedRequestUri": "L3N1YnNjcmlwdGlvbnMvZTM3NTEwZDctMzNiNi00Njc2LTg4NmYtZWU3NWJjYzAxODcxL3Byb3ZpZGVycy9NaWNyb3NvZnQuTmV0d29yay9sb2NhdGlvbnMvZWFzdHVzMi9vcGVyYXRpb25zLzk2OGY5ODg1LThiZWUtNDNiZC1hZjJmLTI3ZWE4NGZjMTA0MT9hcGktdmVyc2lvbj0yMDE5LTA5LTAx",
      "RequestMethod": "GET",
      "RequestBody": "",
      "RequestHeaders": {
        "User-Agent": [
          "FxVersion/4.6.29518.01",
          "OSName/Windows",
          "OSVersion/Microsoft.Windows.10.0.18363.",
          "Microsoft.Azure.Management.Network.NetworkManagementClient/19.17.1.0"
        ]
      },
      "ResponseHeaders": {
        "Cache-Control": [
          "no-cache"
        ],
        "Pragma": [
          "no-cache"
        ],
        "x-ms-request-id": [
          "49d853db-b194-497b-baa6-62b5ebd3888f"
        ],
        "x-ms-correlation-request-id": [
          "f85efa2d-7f45-4b62-af4a-e344e970208f"
        ],
        "x-ms-arm-service-request-id": [
          "50372fab-0a2e-401c-80fc-4cbc8ed95310"
        ],
        "Strict-Transport-Security": [
          "max-age=31536000; includeSubDomains"
        ],
        "Server": [
          "Microsoft-HTTPAPI/2.0",
          "Microsoft-HTTPAPI/2.0"
        ],
        "x-ms-ratelimit-remaining-subscription-reads": [
          "11996"
        ],
        "x-ms-routing-request-id": [
          "EASTUS2:20210322T173432Z:f85efa2d-7f45-4b62-af4a-e344e970208f"
        ],
        "X-Content-Type-Options": [
          "nosniff"
        ],
        "Date": [
          "Mon, 22 Mar 2021 17:34:31 GMT"
        ],
        "Content-Length": [
          "29"
        ],
        "Content-Type": [
          "application/json; charset=utf-8"
        ],
        "Expires": [
          "-1"
        ]
      },
      "ResponseBody": "{\r\n  \"status\": \"Succeeded\"\r\n}",
      "StatusCode": 200
    },
    {
      "RequestUri": "/subscriptions/e37510d7-33b6-4676-886f-ee75bcc01871/resourceGroups/crptestar4294/providers/Microsoft.Network/virtualNetworks/vn2164?api-version=2019-09-01",
      "EncodedRequestUri": "L3N1YnNjcmlwdGlvbnMvZTM3NTEwZDctMzNiNi00Njc2LTg4NmYtZWU3NWJjYzAxODcxL3Jlc291cmNlR3JvdXBzL2NycHRlc3RhcjQyOTQvcHJvdmlkZXJzL01pY3Jvc29mdC5OZXR3b3JrL3ZpcnR1YWxOZXR3b3Jrcy92bjIxNjQ/YXBpLXZlcnNpb249MjAxOS0wOS0wMQ==",
      "RequestMethod": "GET",
      "RequestBody": "",
      "RequestHeaders": {
        "User-Agent": [
          "FxVersion/4.6.29518.01",
          "OSName/Windows",
          "OSVersion/Microsoft.Windows.10.0.18363.",
          "Microsoft.Azure.Management.Network.NetworkManagementClient/19.17.1.0"
        ]
      },
      "ResponseHeaders": {
        "Cache-Control": [
          "no-cache"
        ],
        "Pragma": [
          "no-cache"
        ],
        "ETag": [
          "W/\"1bb253cb-c156-42e9-aa37-14113f421ac6\""
        ],
        "x-ms-request-id": [
          "96f8ab7c-6c90-4b36-8065-1899dcca67b1"
        ],
        "x-ms-correlation-request-id": [
          "cc39c92b-c3ce-49db-abf6-19a6ba095ed4"
        ],
        "x-ms-arm-service-request-id": [
          "de4363ba-df0d-4676-8ee5-d2e042c4a862"
        ],
        "Strict-Transport-Security": [
          "max-age=31536000; includeSubDomains"
        ],
        "Server": [
          "Microsoft-HTTPAPI/2.0",
          "Microsoft-HTTPAPI/2.0"
        ],
        "x-ms-ratelimit-remaining-subscription-reads": [
          "11995"
        ],
        "x-ms-routing-request-id": [
          "EASTUS2:20210322T173432Z:cc39c92b-c3ce-49db-abf6-19a6ba095ed4"
        ],
        "X-Content-Type-Options": [
          "nosniff"
        ],
        "Date": [
          "Mon, 22 Mar 2021 17:34:31 GMT"
        ],
        "Content-Length": [
          "1317"
        ],
        "Content-Type": [
          "application/json; charset=utf-8"
        ],
        "Expires": [
          "-1"
        ]
      },
      "ResponseBody": "{\r\n  \"name\": \"vn2164\",\r\n  \"id\": \"/subscriptions/e37510d7-33b6-4676-886f-ee75bcc01871/resourceGroups/crptestar4294/providers/Microsoft.Network/virtualNetworks/vn2164\",\r\n  \"etag\": \"W/\\\"1bb253cb-c156-42e9-aa37-14113f421ac6\\\"\",\r\n  \"type\": \"Microsoft.Network/virtualNetworks\",\r\n  \"location\": \"eastus2\",\r\n  \"properties\": {\r\n    \"provisioningState\": \"Succeeded\",\r\n    \"resourceGuid\": \"59e8e136-71cb-405e-92b4-c6f06f3a248c\",\r\n    \"addressSpace\": {\r\n      \"addressPrefixes\": [\r\n        \"10.0.0.0/16\"\r\n      ]\r\n    },\r\n    \"dhcpOptions\": {\r\n      \"dnsServers\": [\r\n        \"10.1.1.1\",\r\n        \"10.1.2.4\"\r\n      ]\r\n    },\r\n    \"subnets\": [\r\n      {\r\n        \"name\": \"sn4634\",\r\n        \"id\": \"/subscriptions/e37510d7-33b6-4676-886f-ee75bcc01871/resourceGroups/crptestar4294/providers/Microsoft.Network/virtualNetworks/vn2164/subnets/sn4634\",\r\n        \"etag\": \"W/\\\"1bb253cb-c156-42e9-aa37-14113f421ac6\\\"\",\r\n        \"properties\": {\r\n          \"provisioningState\": \"Succeeded\",\r\n          \"addressPrefix\": \"10.0.0.0/24\",\r\n          \"delegations\": [],\r\n          \"privateEndpointNetworkPolicies\": \"Enabled\",\r\n          \"privateLinkServiceNetworkPolicies\": \"Enabled\"\r\n        },\r\n        \"type\": \"Microsoft.Network/virtualNetworks/subnets\"\r\n      }\r\n    ],\r\n    \"virtualNetworkPeerings\": [],\r\n    \"enableDdosProtection\": false\r\n  }\r\n}",
      "StatusCode": 200
    },
    {
      "RequestUri": "/subscriptions/e37510d7-33b6-4676-886f-ee75bcc01871/resourceGroups/crptestar4294/providers/Microsoft.Network/virtualNetworks/vn2164/subnets/sn4634?api-version=2019-09-01",
      "EncodedRequestUri": "L3N1YnNjcmlwdGlvbnMvZTM3NTEwZDctMzNiNi00Njc2LTg4NmYtZWU3NWJjYzAxODcxL3Jlc291cmNlR3JvdXBzL2NycHRlc3RhcjQyOTQvcHJvdmlkZXJzL01pY3Jvc29mdC5OZXR3b3JrL3ZpcnR1YWxOZXR3b3Jrcy92bjIxNjQvc3VibmV0cy9zbjQ2MzQ/YXBpLXZlcnNpb249MjAxOS0wOS0wMQ==",
      "RequestMethod": "GET",
      "RequestBody": "",
      "RequestHeaders": {
        "x-ms-client-request-id": [
          "c3a0ad64-4d45-44a0-b564-244a734508a0"
        ],
        "Accept-Language": [
          "en-US"
        ],
        "User-Agent": [
          "FxVersion/4.6.29518.01",
          "OSName/Windows",
          "OSVersion/Microsoft.Windows.10.0.18363.",
          "Microsoft.Azure.Management.Network.NetworkManagementClient/19.17.1.0"
        ]
      },
      "ResponseHeaders": {
        "Cache-Control": [
          "no-cache"
        ],
        "Pragma": [
          "no-cache"
        ],
        "ETag": [
          "W/\"1bb253cb-c156-42e9-aa37-14113f421ac6\""
        ],
        "x-ms-request-id": [
          "347f0d7a-960a-4b93-9584-897510d75e8f"
        ],
        "x-ms-correlation-request-id": [
          "264d725a-2493-4e99-a740-d65550e082f4"
        ],
        "x-ms-arm-service-request-id": [
          "1e67e4a5-bd4a-4929-a9b4-92d8a5ddbeda"
        ],
        "Strict-Transport-Security": [
          "max-age=31536000; includeSubDomains"
        ],
        "Server": [
          "Microsoft-HTTPAPI/2.0",
          "Microsoft-HTTPAPI/2.0"
        ],
        "x-ms-ratelimit-remaining-subscription-reads": [
          "11994"
        ],
        "x-ms-routing-request-id": [
          "EASTUS2:20210322T173432Z:264d725a-2493-4e99-a740-d65550e082f4"
        ],
        "X-Content-Type-Options": [
          "nosniff"
        ],
        "Date": [
          "Mon, 22 Mar 2021 17:34:31 GMT"
        ],
        "Content-Length": [
          "523"
        ],
        "Content-Type": [
          "application/json; charset=utf-8"
        ],
        "Expires": [
          "-1"
        ]
      },
      "ResponseBody": "{\r\n  \"name\": \"sn4634\",\r\n  \"id\": \"/subscriptions/e37510d7-33b6-4676-886f-ee75bcc01871/resourceGroups/crptestar4294/providers/Microsoft.Network/virtualNetworks/vn2164/subnets/sn4634\",\r\n  \"etag\": \"W/\\\"1bb253cb-c156-42e9-aa37-14113f421ac6\\\"\",\r\n  \"properties\": {\r\n    \"provisioningState\": \"Succeeded\",\r\n    \"addressPrefix\": \"10.0.0.0/24\",\r\n    \"delegations\": [],\r\n    \"privateEndpointNetworkPolicies\": \"Enabled\",\r\n    \"privateLinkServiceNetworkPolicies\": \"Enabled\"\r\n  },\r\n  \"type\": \"Microsoft.Network/virtualNetworks/subnets\"\r\n}",
      "StatusCode": 200
    },
    {
      "RequestUri": "/subscriptions/e37510d7-33b6-4676-886f-ee75bcc01871/resourceGroups/crptestar4294/providers/Microsoft.Network/networkInterfaces/nic2492?api-version=2019-09-01",
      "EncodedRequestUri": "L3N1YnNjcmlwdGlvbnMvZTM3NTEwZDctMzNiNi00Njc2LTg4NmYtZWU3NWJjYzAxODcxL3Jlc291cmNlR3JvdXBzL2NycHRlc3RhcjQyOTQvcHJvdmlkZXJzL01pY3Jvc29mdC5OZXR3b3JrL25ldHdvcmtJbnRlcmZhY2VzL25pYzI0OTI/YXBpLXZlcnNpb249MjAxOS0wOS0wMQ==",
      "RequestMethod": "PUT",
      "RequestBody": "{\r\n  \"properties\": {\r\n    \"ipConfigurations\": [\r\n      {\r\n        \"properties\": {\r\n          \"privateIPAllocationMethod\": \"Dynamic\",\r\n          \"subnet\": {\r\n            \"properties\": {\r\n              \"addressPrefix\": \"10.0.0.0/24\",\r\n              \"delegations\": [],\r\n              \"privateEndpointNetworkPolicies\": \"Enabled\",\r\n              \"privateLinkServiceNetworkPolicies\": \"Enabled\"\r\n            },\r\n            \"name\": \"sn4634\",\r\n            \"id\": \"/subscriptions/e37510d7-33b6-4676-886f-ee75bcc01871/resourceGroups/crptestar4294/providers/Microsoft.Network/virtualNetworks/vn2164/subnets/sn4634\"\r\n          }\r\n        },\r\n        \"name\": \"ip6158\"\r\n      }\r\n    ]\r\n  },\r\n  \"location\": \"eastus2\",\r\n  \"tags\": {\r\n    \"key\": \"value\"\r\n  }\r\n}",
      "RequestHeaders": {
        "x-ms-client-request-id": [
          "d54c2f90-fddd-4eee-9756-cddf569db490"
        ],
        "Accept-Language": [
          "en-US"
        ],
        "User-Agent": [
          "FxVersion/4.6.29518.01",
          "OSName/Windows",
          "OSVersion/Microsoft.Windows.10.0.18363.",
          "Microsoft.Azure.Management.Network.NetworkManagementClient/19.17.1.0"
        ],
        "Content-Type": [
          "application/json; charset=utf-8"
        ],
        "Content-Length": [
          "742"
        ]
      },
      "ResponseHeaders": {
        "Cache-Control": [
          "no-cache"
        ],
        "Pragma": [
          "no-cache"
        ],
        "x-ms-request-id": [
          "a091d274-202e-453b-b1e5-d94bee5b0448"
        ],
        "Azure-AsyncOperation": [
          "https://management.azure.com/subscriptions/e37510d7-33b6-4676-886f-ee75bcc01871/providers/Microsoft.Network/locations/eastus2/operations/a091d274-202e-453b-b1e5-d94bee5b0448?api-version=2019-09-01"
        ],
        "x-ms-correlation-request-id": [
          "c4d3d389-31ca-4436-8713-a97b042c6ed0"
        ],
        "Azure-AsyncNotification": [
          "Enabled"
        ],
        "x-ms-arm-service-request-id": [
          "5ad5b6c9-1b05-43b7-aea3-7177949d992b"
        ],
        "Strict-Transport-Security": [
          "max-age=31536000; includeSubDomains"
        ],
        "Server": [
          "Microsoft-HTTPAPI/2.0",
          "Microsoft-HTTPAPI/2.0"
        ],
        "x-ms-ratelimit-remaining-subscription-writes": [
          "1197"
        ],
        "x-ms-routing-request-id": [
          "EASTUS2:20210322T173432Z:c4d3d389-31ca-4436-8713-a97b042c6ed0"
        ],
        "X-Content-Type-Options": [
          "nosniff"
        ],
        "Date": [
          "Mon, 22 Mar 2021 17:34:32 GMT"
        ],
        "Content-Length": [
          "1625"
        ],
        "Content-Type": [
          "application/json; charset=utf-8"
        ],
        "Expires": [
          "-1"
        ]
      },
      "ResponseBody": "{\r\n  \"name\": \"nic2492\",\r\n  \"id\": \"/subscriptions/e37510d7-33b6-4676-886f-ee75bcc01871/resourceGroups/crptestar4294/providers/Microsoft.Network/networkInterfaces/nic2492\",\r\n  \"etag\": \"W/\\\"92c504a6-98be-48af-abec-d1ccea69a06b\\\"\",\r\n  \"location\": \"eastus2\",\r\n  \"tags\": {\r\n    \"key\": \"value\"\r\n  },\r\n  \"properties\": {\r\n    \"provisioningState\": \"Succeeded\",\r\n    \"resourceGuid\": \"24937a30-6a29-4f82-b29c-6ecef5419be7\",\r\n    \"ipConfigurations\": [\r\n      {\r\n        \"name\": \"ip6158\",\r\n        \"id\": \"/subscriptions/e37510d7-33b6-4676-886f-ee75bcc01871/resourceGroups/crptestar4294/providers/Microsoft.Network/networkInterfaces/nic2492/ipConfigurations/ip6158\",\r\n        \"etag\": \"W/\\\"92c504a6-98be-48af-abec-d1ccea69a06b\\\"\",\r\n        \"type\": \"Microsoft.Network/networkInterfaces/ipConfigurations\",\r\n        \"properties\": {\r\n          \"provisioningState\": \"Succeeded\",\r\n          \"privateIPAddress\": \"10.0.0.4\",\r\n          \"privateIPAllocationMethod\": \"Dynamic\",\r\n          \"subnet\": {\r\n            \"id\": \"/subscriptions/e37510d7-33b6-4676-886f-ee75bcc01871/resourceGroups/crptestar4294/providers/Microsoft.Network/virtualNetworks/vn2164/subnets/sn4634\"\r\n          },\r\n          \"primary\": true,\r\n          \"privateIPAddressVersion\": \"IPv4\"\r\n        }\r\n      }\r\n    ],\r\n    \"dnsSettings\": {\r\n      \"dnsServers\": [],\r\n      \"appliedDnsServers\": [],\r\n      \"internalDomainNameSuffix\": \"g1q4qwolofpebevuy1yg4orere.cx.internal.cloudapp.net\"\r\n    },\r\n    \"enableAcceleratedNetworking\": false,\r\n    \"enableIPForwarding\": false,\r\n    \"hostedWorkloads\": [],\r\n    \"tapConfigurations\": []\r\n  },\r\n  \"type\": \"Microsoft.Network/networkInterfaces\"\r\n}",
      "StatusCode": 201
    },
    {
      "RequestUri": "/subscriptions/e37510d7-33b6-4676-886f-ee75bcc01871/resourceGroups/crptestar4294/providers/Microsoft.Network/networkInterfaces/nic2492?api-version=2019-09-01",
      "EncodedRequestUri": "L3N1YnNjcmlwdGlvbnMvZTM3NTEwZDctMzNiNi00Njc2LTg4NmYtZWU3NWJjYzAxODcxL3Jlc291cmNlR3JvdXBzL2NycHRlc3RhcjQyOTQvcHJvdmlkZXJzL01pY3Jvc29mdC5OZXR3b3JrL25ldHdvcmtJbnRlcmZhY2VzL25pYzI0OTI/YXBpLXZlcnNpb249MjAxOS0wOS0wMQ==",
      "RequestMethod": "GET",
      "RequestBody": "",
      "RequestHeaders": {
        "User-Agent": [
          "FxVersion/4.6.29518.01",
          "OSName/Windows",
          "OSVersion/Microsoft.Windows.10.0.18363.",
          "Microsoft.Azure.Management.Network.NetworkManagementClient/19.17.1.0"
        ]
      },
      "ResponseHeaders": {
        "Cache-Control": [
          "no-cache"
        ],
        "Pragma": [
          "no-cache"
        ],
        "ETag": [
          "W/\"92c504a6-98be-48af-abec-d1ccea69a06b\""
        ],
        "x-ms-request-id": [
          "242c3cdd-55f8-406c-af98-da7c98eb4169"
        ],
        "x-ms-correlation-request-id": [
          "686110c1-ba4d-4403-bc0b-d56fe66f24ee"
        ],
        "x-ms-arm-service-request-id": [
          "1ba1308b-fdc0-44a2-b615-72d694b827a7"
        ],
        "Strict-Transport-Security": [
          "max-age=31536000; includeSubDomains"
        ],
        "Server": [
          "Microsoft-HTTPAPI/2.0",
          "Microsoft-HTTPAPI/2.0"
        ],
        "x-ms-ratelimit-remaining-subscription-reads": [
          "11993"
        ],
        "x-ms-routing-request-id": [
          "EASTUS2:20210322T173432Z:686110c1-ba4d-4403-bc0b-d56fe66f24ee"
        ],
        "X-Content-Type-Options": [
          "nosniff"
        ],
        "Date": [
          "Mon, 22 Mar 2021 17:34:32 GMT"
        ],
        "Content-Length": [
          "1625"
        ],
        "Content-Type": [
          "application/json; charset=utf-8"
        ],
        "Expires": [
          "-1"
        ]
      },
      "ResponseBody": "{\r\n  \"name\": \"nic2492\",\r\n  \"id\": \"/subscriptions/e37510d7-33b6-4676-886f-ee75bcc01871/resourceGroups/crptestar4294/providers/Microsoft.Network/networkInterfaces/nic2492\",\r\n  \"etag\": \"W/\\\"92c504a6-98be-48af-abec-d1ccea69a06b\\\"\",\r\n  \"location\": \"eastus2\",\r\n  \"tags\": {\r\n    \"key\": \"value\"\r\n  },\r\n  \"properties\": {\r\n    \"provisioningState\": \"Succeeded\",\r\n    \"resourceGuid\": \"24937a30-6a29-4f82-b29c-6ecef5419be7\",\r\n    \"ipConfigurations\": [\r\n      {\r\n        \"name\": \"ip6158\",\r\n        \"id\": \"/subscriptions/e37510d7-33b6-4676-886f-ee75bcc01871/resourceGroups/crptestar4294/providers/Microsoft.Network/networkInterfaces/nic2492/ipConfigurations/ip6158\",\r\n        \"etag\": \"W/\\\"92c504a6-98be-48af-abec-d1ccea69a06b\\\"\",\r\n        \"type\": \"Microsoft.Network/networkInterfaces/ipConfigurations\",\r\n        \"properties\": {\r\n          \"provisioningState\": \"Succeeded\",\r\n          \"privateIPAddress\": \"10.0.0.4\",\r\n          \"privateIPAllocationMethod\": \"Dynamic\",\r\n          \"subnet\": {\r\n            \"id\": \"/subscriptions/e37510d7-33b6-4676-886f-ee75bcc01871/resourceGroups/crptestar4294/providers/Microsoft.Network/virtualNetworks/vn2164/subnets/sn4634\"\r\n          },\r\n          \"primary\": true,\r\n          \"privateIPAddressVersion\": \"IPv4\"\r\n        }\r\n      }\r\n    ],\r\n    \"dnsSettings\": {\r\n      \"dnsServers\": [],\r\n      \"appliedDnsServers\": [],\r\n      \"internalDomainNameSuffix\": \"g1q4qwolofpebevuy1yg4orere.cx.internal.cloudapp.net\"\r\n    },\r\n    \"enableAcceleratedNetworking\": false,\r\n    \"enableIPForwarding\": false,\r\n    \"hostedWorkloads\": [],\r\n    \"tapConfigurations\": []\r\n  },\r\n  \"type\": \"Microsoft.Network/networkInterfaces\"\r\n}",
      "StatusCode": 200
    },
    {
      "RequestUri": "/subscriptions/e37510d7-33b6-4676-886f-ee75bcc01871/resourceGroups/crptestar4294/providers/Microsoft.Network/networkInterfaces/nic2492?api-version=2019-09-01",
      "EncodedRequestUri": "L3N1YnNjcmlwdGlvbnMvZTM3NTEwZDctMzNiNi00Njc2LTg4NmYtZWU3NWJjYzAxODcxL3Jlc291cmNlR3JvdXBzL2NycHRlc3RhcjQyOTQvcHJvdmlkZXJzL01pY3Jvc29mdC5OZXR3b3JrL25ldHdvcmtJbnRlcmZhY2VzL25pYzI0OTI/YXBpLXZlcnNpb249MjAxOS0wOS0wMQ==",
      "RequestMethod": "GET",
      "RequestBody": "",
      "RequestHeaders": {
        "x-ms-client-request-id": [
          "386db8d1-ffa6-42e9-889f-593a76f6fc38"
        ],
        "Accept-Language": [
          "en-US"
        ],
        "User-Agent": [
          "FxVersion/4.6.29518.01",
          "OSName/Windows",
          "OSVersion/Microsoft.Windows.10.0.18363.",
          "Microsoft.Azure.Management.Network.NetworkManagementClient/19.17.1.0"
        ]
      },
      "ResponseHeaders": {
        "Cache-Control": [
          "no-cache"
        ],
        "Pragma": [
          "no-cache"
        ],
        "ETag": [
          "W/\"92c504a6-98be-48af-abec-d1ccea69a06b\""
        ],
        "x-ms-request-id": [
          "b12bd1b8-3e53-420c-901e-088b23173b20"
        ],
        "x-ms-correlation-request-id": [
          "b86d3472-301c-4114-8e08-9b60040d9a53"
        ],
        "x-ms-arm-service-request-id": [
          "24a287d6-3ea2-4e43-8273-ab092c5b94c6"
        ],
        "Strict-Transport-Security": [
          "max-age=31536000; includeSubDomains"
        ],
        "Server": [
          "Microsoft-HTTPAPI/2.0",
          "Microsoft-HTTPAPI/2.0"
        ],
        "x-ms-ratelimit-remaining-subscription-reads": [
          "11992"
        ],
        "x-ms-routing-request-id": [
          "EASTUS2:20210322T173432Z:b86d3472-301c-4114-8e08-9b60040d9a53"
        ],
        "X-Content-Type-Options": [
          "nosniff"
        ],
        "Date": [
          "Mon, 22 Mar 2021 17:34:32 GMT"
        ],
        "Content-Length": [
          "1625"
        ],
        "Content-Type": [
          "application/json; charset=utf-8"
        ],
        "Expires": [
          "-1"
        ]
      },
      "ResponseBody": "{\r\n  \"name\": \"nic2492\",\r\n  \"id\": \"/subscriptions/e37510d7-33b6-4676-886f-ee75bcc01871/resourceGroups/crptestar4294/providers/Microsoft.Network/networkInterfaces/nic2492\",\r\n  \"etag\": \"W/\\\"92c504a6-98be-48af-abec-d1ccea69a06b\\\"\",\r\n  \"location\": \"eastus2\",\r\n  \"tags\": {\r\n    \"key\": \"value\"\r\n  },\r\n  \"properties\": {\r\n    \"provisioningState\": \"Succeeded\",\r\n    \"resourceGuid\": \"24937a30-6a29-4f82-b29c-6ecef5419be7\",\r\n    \"ipConfigurations\": [\r\n      {\r\n        \"name\": \"ip6158\",\r\n        \"id\": \"/subscriptions/e37510d7-33b6-4676-886f-ee75bcc01871/resourceGroups/crptestar4294/providers/Microsoft.Network/networkInterfaces/nic2492/ipConfigurations/ip6158\",\r\n        \"etag\": \"W/\\\"92c504a6-98be-48af-abec-d1ccea69a06b\\\"\",\r\n        \"type\": \"Microsoft.Network/networkInterfaces/ipConfigurations\",\r\n        \"properties\": {\r\n          \"provisioningState\": \"Succeeded\",\r\n          \"privateIPAddress\": \"10.0.0.4\",\r\n          \"privateIPAllocationMethod\": \"Dynamic\",\r\n          \"subnet\": {\r\n            \"id\": \"/subscriptions/e37510d7-33b6-4676-886f-ee75bcc01871/resourceGroups/crptestar4294/providers/Microsoft.Network/virtualNetworks/vn2164/subnets/sn4634\"\r\n          },\r\n          \"primary\": true,\r\n          \"privateIPAddressVersion\": \"IPv4\"\r\n        }\r\n      }\r\n    ],\r\n    \"dnsSettings\": {\r\n      \"dnsServers\": [],\r\n      \"appliedDnsServers\": [],\r\n      \"internalDomainNameSuffix\": \"g1q4qwolofpebevuy1yg4orere.cx.internal.cloudapp.net\"\r\n    },\r\n    \"enableAcceleratedNetworking\": false,\r\n    \"enableIPForwarding\": false,\r\n    \"hostedWorkloads\": [],\r\n    \"tapConfigurations\": []\r\n  },\r\n  \"type\": \"Microsoft.Network/networkInterfaces\"\r\n}",
      "StatusCode": 200
    },
    {
      "RequestUri": "/subscriptions/e37510d7-33b6-4676-886f-ee75bcc01871/resourceGroups/crptestar4294/providers/Microsoft.Compute/hostGroups/dhgtest1839?api-version=2021-03-01",
      "EncodedRequestUri": "L3N1YnNjcmlwdGlvbnMvZTM3NTEwZDctMzNiNi00Njc2LTg4NmYtZWU3NWJjYzAxODcxL3Jlc291cmNlR3JvdXBzL2NycHRlc3RhcjQyOTQvcHJvdmlkZXJzL01pY3Jvc29mdC5Db21wdXRlL2hvc3RHcm91cHMvZGhndGVzdDE4Mzk/YXBpLXZlcnNpb249MjAyMS0wMy0wMQ==",
      "RequestMethod": "PUT",
      "RequestBody": "{\r\n  \"properties\": {\r\n    \"platformFaultDomainCount\": 1,\r\n    \"supportAutomaticPlacement\": true\r\n  },\r\n  \"location\": \"eastus2\"\r\n}",
      "RequestHeaders": {
        "x-ms-client-request-id": [
          "522df6d9-8ea2-4af2-ac0a-8712da02f314"
        ],
        "Accept-Language": [
          "en-US"
        ],
        "User-Agent": [
          "FxVersion/4.6.29518.01",
          "OSName/Windows",
          "OSVersion/Microsoft.Windows.10.0.18363.",
          "Microsoft.Azure.Management.Compute.ComputeManagementClient/44.0.0.0"
        ],
        "Content-Type": [
          "application/json; charset=utf-8"
        ],
        "Content-Length": [
          "129"
        ]
      },
      "ResponseHeaders": {
        "Cache-Control": [
          "no-cache"
        ],
        "Pragma": [
          "no-cache"
        ],
        "x-ms-ratelimit-remaining-resource": [
          "Microsoft.Compute/PutDeleteDedicatedHost3Min;119,Microsoft.Compute/PutDeleteDedicatedHost30Min;599"
        ],
        "Strict-Transport-Security": [
          "max-age=31536000; includeSubDomains"
        ],
        "x-ms-request-id": [
          "445c60d7-a45d-44ea-bf16-8523bdab26a0"
        ],
        "Server": [
          "Microsoft-HTTPAPI/2.0",
          "Microsoft-HTTPAPI/2.0"
        ],
        "x-ms-ratelimit-remaining-subscription-writes": [
          "1199"
        ],
        "x-ms-correlation-request-id": [
          "de9ccdbd-34f9-45e0-8656-1d54d2eafe50"
        ],
        "x-ms-routing-request-id": [
          "EASTUS2:20210322T173433Z:de9ccdbd-34f9-45e0-8656-1d54d2eafe50"
        ],
        "X-Content-Type-Options": [
          "nosniff"
        ],
        "Date": [
          "Mon, 22 Mar 2021 17:34:33 GMT"
        ],
        "Content-Length": [
          "342"
        ],
        "Content-Type": [
          "application/json; charset=utf-8"
        ],
        "Expires": [
          "-1"
        ]
      },
      "ResponseBody": "{\r\n  \"name\": \"dhgtest1839\",\r\n  \"id\": \"/subscriptions/e37510d7-33b6-4676-886f-ee75bcc01871/resourceGroups/CRPTESTAR4294/providers/Microsoft.Compute/hostGroups/dhgtest1839\",\r\n  \"type\": \"Microsoft.Compute/hostGroups\",\r\n  \"location\": \"eastus2\",\r\n  \"properties\": {\r\n    \"platformFaultDomainCount\": 1,\r\n    \"supportAutomaticPlacement\": true\r\n  }\r\n}",
      "StatusCode": 201
    },
    {
      "RequestUri": "/subscriptions/e37510d7-33b6-4676-886f-ee75bcc01871/resourceGroups/crptestar4294/providers/Microsoft.Compute/hostGroups/dhgtest1839?api-version=2021-03-01",
      "EncodedRequestUri": "L3N1YnNjcmlwdGlvbnMvZTM3NTEwZDctMzNiNi00Njc2LTg4NmYtZWU3NWJjYzAxODcxL3Jlc291cmNlR3JvdXBzL2NycHRlc3RhcjQyOTQvcHJvdmlkZXJzL01pY3Jvc29mdC5Db21wdXRlL2hvc3RHcm91cHMvZGhndGVzdDE4Mzk/YXBpLXZlcnNpb249MjAyMS0wMy0wMQ==",
      "RequestMethod": "GET",
      "RequestBody": "",
      "RequestHeaders": {
        "x-ms-client-request-id": [
          "0f7c277f-343a-4426-8d8b-9dc5cfc6c5cd"
        ],
        "Accept-Language": [
          "en-US"
        ],
        "User-Agent": [
          "FxVersion/4.6.29518.01",
          "OSName/Windows",
          "OSVersion/Microsoft.Windows.10.0.18363.",
          "Microsoft.Azure.Management.Compute.ComputeManagementClient/44.0.0.0"
        ]
      },
      "ResponseHeaders": {
        "Cache-Control": [
          "no-cache"
        ],
        "Pragma": [
          "no-cache"
        ],
        "x-ms-ratelimit-remaining-resource": [
          "Microsoft.Compute/GetDedicatedHost30Min;999"
        ],
        "Strict-Transport-Security": [
          "max-age=31536000; includeSubDomains"
        ],
        "x-ms-request-id": [
          "acb9e6cc-e9ca-4107-be1b-73330e59a6f1"
        ],
        "Server": [
          "Microsoft-HTTPAPI/2.0",
          "Microsoft-HTTPAPI/2.0"
        ],
        "x-ms-ratelimit-remaining-subscription-reads": [
          "11998"
        ],
        "x-ms-correlation-request-id": [
          "3030c451-81ad-424e-b1a0-50ca296fa79d"
        ],
        "x-ms-routing-request-id": [
          "EASTUS2:20210322T173433Z:3030c451-81ad-424e-b1a0-50ca296fa79d"
        ],
        "X-Content-Type-Options": [
          "nosniff"
        ],
        "Date": [
          "Mon, 22 Mar 2021 17:34:33 GMT"
        ],
        "Content-Length": [
          "342"
        ],
        "Content-Type": [
          "application/json; charset=utf-8"
        ],
        "Expires": [
          "-1"
        ]
      },
      "ResponseBody": "{\r\n  \"name\": \"dhgtest1839\",\r\n  \"id\": \"/subscriptions/e37510d7-33b6-4676-886f-ee75bcc01871/resourceGroups/CRPTESTAR4294/providers/Microsoft.Compute/hostGroups/dhgtest1839\",\r\n  \"type\": \"Microsoft.Compute/hostGroups\",\r\n  \"location\": \"eastus2\",\r\n  \"properties\": {\r\n    \"platformFaultDomainCount\": 1,\r\n    \"supportAutomaticPlacement\": true\r\n  }\r\n}",
      "StatusCode": 200
    },
    {
      "RequestUri": "/subscriptions/e37510d7-33b6-4676-886f-ee75bcc01871/resourceGroups/crptestar4294/providers/Microsoft.Compute/hostGroups/dhgtest1839/hosts/dhtest8755?api-version=2021-03-01",
      "EncodedRequestUri": "L3N1YnNjcmlwdGlvbnMvZTM3NTEwZDctMzNiNi00Njc2LTg4NmYtZWU3NWJjYzAxODcxL3Jlc291cmNlR3JvdXBzL2NycHRlc3RhcjQyOTQvcHJvdmlkZXJzL01pY3Jvc29mdC5Db21wdXRlL2hvc3RHcm91cHMvZGhndGVzdDE4MzkvaG9zdHMvZGh0ZXN0ODc1NT9hcGktdmVyc2lvbj0yMDIxLTAzLTAx",
      "RequestMethod": "PUT",
      "RequestBody": "{\r\n  \"sku\": {\r\n    \"name\": \"DSv3-Type1\"\r\n  },\r\n  \"location\": \"eastus2\",\r\n  \"tags\": {\r\n    \"crptestar4294\": \"2021-03-22 17:34:33Z\"\r\n  }\r\n}",
      "RequestHeaders": {
        "x-ms-client-request-id": [
          "ca4b724a-e387-4a6a-81eb-acd0eea0c361"
        ],
        "Accept-Language": [
          "en-US"
        ],
        "User-Agent": [
          "FxVersion/4.6.29518.01",
          "OSName/Windows",
          "OSVersion/Microsoft.Windows.10.0.18363.",
          "Microsoft.Azure.Management.Compute.ComputeManagementClient/44.0.0.0"
        ],
        "Content-Type": [
          "application/json; charset=utf-8"
        ],
        "Content-Length": [
          "137"
        ]
      },
      "ResponseHeaders": {
        "Cache-Control": [
          "no-cache"
        ],
        "Pragma": [
          "no-cache"
        ],
        "Azure-AsyncOperation": [
          "https://management.azure.com/subscriptions/e37510d7-33b6-4676-886f-ee75bcc01871/providers/Microsoft.Compute/locations/eastus2/operations/dcbe0c8f-73c1-4369-a3cb-34af29de89f7?api-version=2021-03-01"
        ],
        "Azure-AsyncNotification": [
          "Enabled"
        ],
        "x-ms-ratelimit-remaining-resource": [
          "Microsoft.Compute/PutDeleteDedicatedHost3Min;118,Microsoft.Compute/PutDeleteDedicatedHost30Min;598"
        ],
        "Strict-Transport-Security": [
          "max-age=31536000; includeSubDomains"
        ],
        "x-ms-request-id": [
          "dcbe0c8f-73c1-4369-a3cb-34af29de89f7"
        ],
        "Server": [
          "Microsoft-HTTPAPI/2.0",
          "Microsoft-HTTPAPI/2.0"
        ],
        "x-ms-ratelimit-remaining-subscription-writes": [
          "1198"
        ],
        "x-ms-correlation-request-id": [
          "769efe4d-799d-4f8b-b7e4-3e801e05bd1c"
        ],
        "x-ms-routing-request-id": [
          "EASTUS2:20210322T173434Z:769efe4d-799d-4f8b-b7e4-3e801e05bd1c"
        ],
        "X-Content-Type-Options": [
          "nosniff"
        ],
        "Date": [
          "Mon, 22 Mar 2021 17:34:33 GMT"
        ],
        "Content-Length": [
          "555"
        ],
        "Content-Type": [
          "application/json; charset=utf-8"
        ],
        "Expires": [
          "-1"
        ]
      },
      "ResponseBody": "{\r\n  \"name\": \"dhtest8755\",\r\n  \"id\": \"/subscriptions/e37510d7-33b6-4676-886f-ee75bcc01871/resourceGroups/crptestar4294/providers/Microsoft.Compute/hostGroups/dhgtest1839/hosts/dhtest8755\",\r\n  \"type\": \"Microsoft.Compute/hostGroups/hosts\",\r\n  \"location\": \"eastus2\",\r\n  \"tags\": {\r\n    \"crptestar4294\": \"2021-03-22 17:34:33Z\"\r\n  },\r\n  \"sku\": {\r\n    \"name\": \"DSv3-Type1\"\r\n  },\r\n  \"properties\": {\r\n    \"platformFaultDomain\": 0,\r\n    \"autoReplaceOnFailure\": true,\r\n    \"hostId\": \"6bc49588-3b05-4d52-b4a9-ec11af280583\",\r\n    \"provisioningState\": \"Creating\"\r\n  }\r\n}",
      "StatusCode": 201
    },
    {
      "RequestUri": "/subscriptions/e37510d7-33b6-4676-886f-ee75bcc01871/providers/Microsoft.Compute/locations/eastus2/operations/dcbe0c8f-73c1-4369-a3cb-34af29de89f7?api-version=2021-03-01",
      "EncodedRequestUri": "L3N1YnNjcmlwdGlvbnMvZTM3NTEwZDctMzNiNi00Njc2LTg4NmYtZWU3NWJjYzAxODcxL3Byb3ZpZGVycy9NaWNyb3NvZnQuQ29tcHV0ZS9sb2NhdGlvbnMvZWFzdHVzMi9vcGVyYXRpb25zL2RjYmUwYzhmLTczYzEtNDM2OS1hM2NiLTM0YWYyOWRlODlmNz9hcGktdmVyc2lvbj0yMDIxLTAzLTAx",
      "RequestMethod": "GET",
      "RequestBody": "",
      "RequestHeaders": {
        "User-Agent": [
          "FxVersion/4.6.29518.01",
          "OSName/Windows",
          "OSVersion/Microsoft.Windows.10.0.18363.",
          "Microsoft.Azure.Management.Compute.ComputeManagementClient/44.0.0.0"
        ]
      },
      "ResponseHeaders": {
        "Cache-Control": [
          "no-cache"
        ],
        "Pragma": [
          "no-cache"
        ],
        "x-ms-ratelimit-remaining-resource": [
          "Microsoft.Compute/GetOperation3Min;14998,Microsoft.Compute/GetOperation30Min;29983"
        ],
        "Strict-Transport-Security": [
          "max-age=31536000; includeSubDomains"
        ],
        "x-ms-request-id": [
          "af42cec9-3d25-4d21-82f1-1c579eb49f98"
        ],
        "Server": [
          "Microsoft-HTTPAPI/2.0",
          "Microsoft-HTTPAPI/2.0"
        ],
        "x-ms-ratelimit-remaining-subscription-reads": [
          "11997"
        ],
        "x-ms-correlation-request-id": [
          "68db72e3-d5f6-45d4-ad8f-83bc4aee2568"
        ],
        "x-ms-routing-request-id": [
          "EASTUS2:20210322T173504Z:68db72e3-d5f6-45d4-ad8f-83bc4aee2568"
        ],
        "X-Content-Type-Options": [
          "nosniff"
        ],
        "Date": [
          "Mon, 22 Mar 2021 17:35:03 GMT"
        ],
        "Content-Length": [
          "184"
        ],
        "Content-Type": [
          "application/json; charset=utf-8"
        ],
        "Expires": [
          "-1"
        ]
      },
      "ResponseBody": "{\r\n  \"startTime\": \"2021-03-22T17:34:34.1241256+00:00\",\r\n  \"endTime\": \"2021-03-22T17:34:38.0616132+00:00\",\r\n  \"status\": \"Succeeded\",\r\n  \"name\": \"dcbe0c8f-73c1-4369-a3cb-34af29de89f7\"\r\n}",
      "StatusCode": 200
    },
    {
      "RequestUri": "/subscriptions/e37510d7-33b6-4676-886f-ee75bcc01871/resourceGroups/crptestar4294/providers/Microsoft.Compute/hostGroups/dhgtest1839/hosts/dhtest8755?api-version=2021-03-01",
      "EncodedRequestUri": "L3N1YnNjcmlwdGlvbnMvZTM3NTEwZDctMzNiNi00Njc2LTg4NmYtZWU3NWJjYzAxODcxL3Jlc291cmNlR3JvdXBzL2NycHRlc3RhcjQyOTQvcHJvdmlkZXJzL01pY3Jvc29mdC5Db21wdXRlL2hvc3RHcm91cHMvZGhndGVzdDE4MzkvaG9zdHMvZGh0ZXN0ODc1NT9hcGktdmVyc2lvbj0yMDIxLTAzLTAx",
      "RequestMethod": "GET",
      "RequestBody": "",
      "RequestHeaders": {
        "User-Agent": [
          "FxVersion/4.6.29518.01",
          "OSName/Windows",
          "OSVersion/Microsoft.Windows.10.0.18363.",
          "Microsoft.Azure.Management.Compute.ComputeManagementClient/44.0.0.0"
        ]
      },
      "ResponseHeaders": {
        "Cache-Control": [
          "no-cache"
        ],
        "Pragma": [
          "no-cache"
        ],
        "x-ms-ratelimit-remaining-resource": [
          "Microsoft.Compute/GetDedicatedHost3Min;198,Microsoft.Compute/GetDedicatedHost30Min;997"
        ],
        "Strict-Transport-Security": [
          "max-age=31536000; includeSubDomains"
        ],
        "x-ms-request-id": [
          "e41d2026-21b3-46bf-b6b4-e0ca8576b23f"
        ],
        "Server": [
          "Microsoft-HTTPAPI/2.0",
          "Microsoft-HTTPAPI/2.0"
        ],
        "x-ms-ratelimit-remaining-subscription-reads": [
          "11996"
        ],
        "x-ms-correlation-request-id": [
          "27ca51cb-2a0a-4afb-8b70-feec3a33e8e0"
        ],
        "x-ms-routing-request-id": [
          "EASTUS2:20210322T173504Z:27ca51cb-2a0a-4afb-8b70-feec3a33e8e0"
        ],
        "X-Content-Type-Options": [
          "nosniff"
        ],
        "Date": [
          "Mon, 22 Mar 2021 17:35:03 GMT"
        ],
        "Content-Length": [
          "645"
        ],
        "Content-Type": [
          "application/json; charset=utf-8"
        ],
        "Expires": [
          "-1"
        ]
      },
      "ResponseBody": "{\r\n  \"name\": \"dhtest8755\",\r\n  \"id\": \"/subscriptions/e37510d7-33b6-4676-886f-ee75bcc01871/resourceGroups/crptestar4294/providers/Microsoft.Compute/hostGroups/dhgtest1839/hosts/dhtest8755\",\r\n  \"type\": \"Microsoft.Compute/hostGroups/hosts\",\r\n  \"location\": \"eastus2\",\r\n  \"tags\": {\r\n    \"crptestar4294\": \"2021-03-22 17:34:33Z\"\r\n  },\r\n  \"sku\": {\r\n    \"name\": \"DSv3-Type1\"\r\n  },\r\n  \"properties\": {\r\n    \"platformFaultDomain\": 0,\r\n    \"autoReplaceOnFailure\": true,\r\n    \"hostId\": \"6bc49588-3b05-4d52-b4a9-ec11af280583\",\r\n    \"virtualMachines\": [],\r\n    \"provisioningTime\": \"2021-03-22T17:34:37.967859+00:00\",\r\n    \"provisioningState\": \"Succeeded\"\r\n  }\r\n}",
      "StatusCode": 200
    },
    {
      "RequestUri": "/subscriptions/e37510d7-33b6-4676-886f-ee75bcc01871/resourceGroups/crptestar4294/providers/Microsoft.Compute/virtualMachineScaleSets/vmss5242?api-version=2021-03-01",
      "EncodedRequestUri": "L3N1YnNjcmlwdGlvbnMvZTM3NTEwZDctMzNiNi00Njc2LTg4NmYtZWU3NWJjYzAxODcxL3Jlc291cmNlR3JvdXBzL2NycHRlc3RhcjQyOTQvcHJvdmlkZXJzL01pY3Jvc29mdC5Db21wdXRlL3ZpcnR1YWxNYWNoaW5lU2NhbGVTZXRzL3Ztc3M1MjQyP2FwaS12ZXJzaW9uPTIwMjEtMDMtMDE=",
      "RequestMethod": "PUT",
      "RequestBody": "{\r\n  \"sku\": {\r\n    \"name\": \"Standard_D2s_v3\",\r\n    \"capacity\": 1\r\n  },\r\n  \"properties\": {\r\n    \"upgradePolicy\": {\r\n      \"mode\": \"Automatic\"\r\n    },\r\n    \"virtualMachineProfile\": {\r\n      \"osProfile\": {\r\n        \"computerNamePrefix\": \"test\",\r\n        \"adminUsername\": \"Foo12\",\r\n        \"adminPassword\": \"[PLACEHOLDEr1]\",\r\n        \"customData\": \"Q3VzdG9tIGRhdGE=\"\r\n      },\r\n      \"storageProfile\": {\r\n        \"imageReference\": {\r\n          \"publisher\": \"MicrosoftWindowsServer\",\r\n          \"offer\": \"WindowsServer\",\r\n          \"sku\": \"2012-R2-Datacenter\",\r\n          \"version\": \"4.127.20180315\"\r\n        },\r\n        \"dataDisks\": [\r\n          {\r\n            \"lun\": 1,\r\n            \"createOption\": \"Empty\",\r\n            \"diskSizeGB\": 128\r\n          }\r\n        ]\r\n      },\r\n      \"networkProfile\": {\r\n        \"networkInterfaceConfigurations\": [\r\n          {\r\n            \"name\": \"vmsstestnetconfig2545\",\r\n            \"properties\": {\r\n              \"primary\": true,\r\n              \"ipConfigurations\": [\r\n                {\r\n                  \"name\": \"vmsstestnetconfig243\",\r\n                  \"properties\": {\r\n                    \"subnet\": {\r\n                      \"id\": \"/subscriptions/e37510d7-33b6-4676-886f-ee75bcc01871/resourceGroups/crptestar4294/providers/Microsoft.Network/virtualNetworks/vn2164/subnets/sn4634\"\r\n                    },\r\n                    \"applicationGatewayBackendAddressPools\": []\r\n                  }\r\n                }\r\n              ]\r\n            }\r\n          }\r\n        ]\r\n      }\r\n    },\r\n    \"overprovision\": false,\r\n    \"platformFaultDomainCount\": 1,\r\n    \"hostGroup\": {\r\n      \"id\": \"/subscriptions/e37510d7-33b6-4676-886f-ee75bcc01871/resourceGroups/crptestar4294/providers/Microsoft.Compute/hostGroups/dhgtest1839\"\r\n    }\r\n  },\r\n  \"location\": \"eastus2\",\r\n  \"tags\": {\r\n    \"RG\": \"rg\",\r\n    \"testTag\": \"1\"\r\n  }\r\n}",
      "RequestHeaders": {
        "x-ms-client-request-id": [
          "a77fe895-f16e-4748-986d-3df75834d1b3"
        ],
        "Accept-Language": [
          "en-US"
        ],
        "User-Agent": [
          "FxVersion/4.6.29518.01",
          "OSName/Windows",
          "OSVersion/Microsoft.Windows.10.0.18363.",
          "Microsoft.Azure.Management.Compute.ComputeManagementClient/44.0.0.0"
        ],
        "Content-Type": [
          "application/json; charset=utf-8"
        ],
        "Content-Length": [
          "1845"
        ]
      },
      "ResponseHeaders": {
        "Cache-Control": [
          "no-cache"
        ],
        "Pragma": [
          "no-cache"
        ],
        "Retry-After": [
          "10"
        ],
        "Azure-AsyncOperation": [
          "https://management.azure.com/subscriptions/e37510d7-33b6-4676-886f-ee75bcc01871/providers/Microsoft.Compute/locations/eastus2/operations/7d533ac3-c09d-4dc6-9f46-aede03f9bec9?api-version=2021-03-01"
        ],
        "Azure-AsyncNotification": [
          "Enabled"
        ],
        "x-ms-ratelimit-remaining-resource": [
          "Microsoft.Compute/CreateVMScaleSet3Min;59,Microsoft.Compute/CreateVMScaleSet30Min;299,Microsoft.Compute/VMScaleSetBatchedVMRequests5Min;1199,Microsoft.Compute/VmssQueuedVMOperations;0"
        ],
        "x-ms-request-charge": [
          "1"
        ],
        "Strict-Transport-Security": [
          "max-age=31536000; includeSubDomains"
        ],
        "x-ms-request-id": [
          "7d533ac3-c09d-4dc6-9f46-aede03f9bec9"
        ],
        "Server": [
          "Microsoft-HTTPAPI/2.0",
          "Microsoft-HTTPAPI/2.0"
        ],
        "x-ms-ratelimit-remaining-subscription-writes": [
          "1197"
        ],
        "x-ms-correlation-request-id": [
          "0819c597-f994-45cc-b86c-b2e5a9e2b80c"
        ],
        "x-ms-routing-request-id": [
          "EASTUS2:20210322T173505Z:0819c597-f994-45cc-b86c-b2e5a9e2b80c"
        ],
        "X-Content-Type-Options": [
          "nosniff"
        ],
        "Date": [
          "Mon, 22 Mar 2021 17:35:04 GMT"
        ],
        "Content-Length": [
          "3503"
        ],
        "Content-Type": [
          "application/json; charset=utf-8"
        ],
        "Expires": [
          "-1"
        ]
      },
      "ResponseBody": "{\r\n  \"name\": \"vmss5242\",\r\n  \"id\": \"/subscriptions/e37510d7-33b6-4676-886f-ee75bcc01871/resourceGroups/crptestar4294/providers/Microsoft.Compute/virtualMachineScaleSets/vmss5242\",\r\n  \"type\": \"Microsoft.Compute/virtualMachineScaleSets\",\r\n  \"location\": \"eastus2\",\r\n  \"tags\": {\r\n    \"RG\": \"rg\",\r\n    \"testTag\": \"1\",\r\n    \"platformsettings.host_environment.service.platform_optedin_for_rootcerts\": \"true\"\r\n  },\r\n  \"sku\": {\r\n    \"name\": \"Standard_D2s_v3\",\r\n    \"tier\": \"Standard\",\r\n    \"capacity\": 1\r\n  },\r\n  \"properties\": {\r\n    \"singlePlacementGroup\": true,\r\n    \"upgradePolicy\": {\r\n      \"mode\": \"Automatic\"\r\n    },\r\n    \"virtualMachineProfile\": {\r\n      \"osProfile\": {\r\n        \"computerNamePrefix\": \"test\",\r\n        \"adminUsername\": \"Foo12\",\r\n        \"windowsConfiguration\": {\r\n          \"provisionVMAgent\": true,\r\n          \"enableAutomaticUpdates\": true\r\n        },\r\n        \"secrets\": [],\r\n        \"allowExtensionOperations\": true,\r\n        \"requireGuestProvisionSignal\": true\r\n      },\r\n      \"storageProfile\": {\r\n        \"osDisk\": {\r\n          \"osType\": \"Windows\",\r\n          \"createOption\": \"FromImage\",\r\n          \"caching\": \"None\",\r\n          \"managedDisk\": {\r\n            \"storageAccountType\": \"Premium_LRS\"\r\n          },\r\n          \"diskSizeGB\": 127\r\n        },\r\n        \"imageReference\": {\r\n          \"publisher\": \"MicrosoftWindowsServer\",\r\n          \"offer\": \"WindowsServer\",\r\n          \"sku\": \"2012-R2-Datacenter\",\r\n          \"version\": \"4.127.20180315\"\r\n        },\r\n        \"dataDisks\": [\r\n          {\r\n            \"lun\": 1,\r\n            \"createOption\": \"Empty\",\r\n            \"caching\": \"None\",\r\n            \"managedDisk\": {\r\n              \"storageAccountType\": \"Premium_LRS\"\r\n            },\r\n            \"diskSizeGB\": 128\r\n          }\r\n        ]\r\n      },\r\n      \"networkProfile\": {\r\n        \"networkInterfaceConfigurations\": [\r\n          {\r\n            \"name\": \"vmsstestnetconfig2545\",\r\n            \"properties\": {\r\n              \"primary\": true,\r\n              \"enableAcceleratedNetworking\": false,\r\n              \"dnsSettings\": {\r\n                \"dnsServers\": []\r\n              },\r\n              \"enableIPForwarding\": false,\r\n              \"ipConfigurations\": [\r\n                {\r\n                  \"name\": \"vmsstestnetconfig243\",\r\n                  \"properties\": {\r\n                    \"subnet\": {\r\n                      \"id\": \"/subscriptions/e37510d7-33b6-4676-886f-ee75bcc01871/resourceGroups/crptestar4294/providers/Microsoft.Network/virtualNetworks/vn2164/subnets/sn4634\"\r\n                    },\r\n                    \"privateIPAddressVersion\": \"IPv4\"\r\n                  }\r\n                }\r\n              ]\r\n            }\r\n          }\r\n        ]\r\n      },\r\n      \"extensionProfile\": {\r\n        \"extensions\": [\r\n          {\r\n            \"name\": \"Microsoft.Azure.Security.AntimalwareSignature.AntimalwareConfiguration\",\r\n            \"properties\": {\r\n              \"autoUpgradeMinorVersion\": true,\r\n              \"publisher\": \"Microsoft.Azure.Security.AntimalwareSignature\",\r\n              \"type\": \"AntimalwareConfiguration\",\r\n              \"typeHandlerVersion\": \"2.0\",\r\n              \"settings\": {}\r\n            }\r\n          },\r\n          {\r\n            \"name\": \"Microsoft.Azure.Geneva.GenevaMonitoring\",\r\n            \"properties\": {\r\n              \"autoUpgradeMinorVersion\": true,\r\n              \"publisher\": \"Microsoft.Azure.Geneva\",\r\n              \"type\": \"GenevaMonitoring\",\r\n              \"typeHandlerVersion\": \"2.0\",\r\n              \"settings\": {}\r\n            }\r\n          }\r\n        ]\r\n      }\r\n    },\r\n    \"provisioningState\": \"Creating\",\r\n    \"overprovision\": false,\r\n    \"doNotRunExtensionsOnOverprovisionedVMs\": false,\r\n    \"uniqueId\": \"b562f947-3429-4c16-9cc8-bc894f8b9ded\",\r\n    \"platformFaultDomainCount\": 1,\r\n    \"hostGroup\": {\r\n      \"id\": \"/subscriptions/e37510d7-33b6-4676-886f-ee75bcc01871/resourceGroups/CRPTESTAR4294/providers/Microsoft.Compute/hostGroups/dhgtest1839\"\r\n    }\r\n  }\r\n}",
      "StatusCode": 201
    },
    {
      "RequestUri": "/subscriptions/e37510d7-33b6-4676-886f-ee75bcc01871/providers/Microsoft.Compute/locations/eastus2/operations/7d533ac3-c09d-4dc6-9f46-aede03f9bec9?api-version=2021-03-01",
      "EncodedRequestUri": "L3N1YnNjcmlwdGlvbnMvZTM3NTEwZDctMzNiNi00Njc2LTg4NmYtZWU3NWJjYzAxODcxL3Byb3ZpZGVycy9NaWNyb3NvZnQuQ29tcHV0ZS9sb2NhdGlvbnMvZWFzdHVzMi9vcGVyYXRpb25zLzdkNTMzYWMzLWMwOWQtNGRjNi05ZjQ2LWFlZGUwM2Y5YmVjOT9hcGktdmVyc2lvbj0yMDIxLTAzLTAx",
      "RequestMethod": "GET",
      "RequestBody": "",
      "RequestHeaders": {
        "User-Agent": [
          "FxVersion/4.6.29518.01",
          "OSName/Windows",
          "OSVersion/Microsoft.Windows.10.0.18363.",
          "Microsoft.Azure.Management.Compute.ComputeManagementClient/44.0.0.0"
        ]
      },
      "ResponseHeaders": {
        "Cache-Control": [
          "no-cache"
        ],
        "Pragma": [
          "no-cache"
        ],
        "Retry-After": [
          "97"
        ],
        "x-ms-ratelimit-remaining-resource": [
          "Microsoft.Compute/GetOperation3Min;14997,Microsoft.Compute/GetOperation30Min;29982"
        ],
        "Strict-Transport-Security": [
          "max-age=31536000; includeSubDomains"
        ],
        "x-ms-request-id": [
          "7c1dd53b-a853-498c-a3f1-279471aa5f56"
        ],
        "Server": [
          "Microsoft-HTTPAPI/2.0",
          "Microsoft-HTTPAPI/2.0"
        ],
        "x-ms-ratelimit-remaining-subscription-reads": [
          "11995"
        ],
        "x-ms-correlation-request-id": [
          "fa420418-d2a0-45a7-8e31-670e9e335080"
        ],
        "x-ms-routing-request-id": [
          "EASTUS2:20210322T173515Z:fa420418-d2a0-45a7-8e31-670e9e335080"
        ],
        "X-Content-Type-Options": [
          "nosniff"
        ],
        "Date": [
          "Mon, 22 Mar 2021 17:35:14 GMT"
        ],
        "Content-Length": [
          "134"
        ],
        "Content-Type": [
          "application/json; charset=utf-8"
        ],
        "Expires": [
          "-1"
        ]
      },
      "ResponseBody": "{\r\n  \"startTime\": \"2021-03-22T17:35:04.8115845+00:00\",\r\n  \"status\": \"InProgress\",\r\n  \"name\": \"7d533ac3-c09d-4dc6-9f46-aede03f9bec9\"\r\n}",
      "StatusCode": 200
    },
    {
      "RequestUri": "/subscriptions/e37510d7-33b6-4676-886f-ee75bcc01871/providers/Microsoft.Compute/locations/eastus2/operations/7d533ac3-c09d-4dc6-9f46-aede03f9bec9?api-version=2021-03-01",
      "EncodedRequestUri": "L3N1YnNjcmlwdGlvbnMvZTM3NTEwZDctMzNiNi00Njc2LTg4NmYtZWU3NWJjYzAxODcxL3Byb3ZpZGVycy9NaWNyb3NvZnQuQ29tcHV0ZS9sb2NhdGlvbnMvZWFzdHVzMi9vcGVyYXRpb25zLzdkNTMzYWMzLWMwOWQtNGRjNi05ZjQ2LWFlZGUwM2Y5YmVjOT9hcGktdmVyc2lvbj0yMDIxLTAzLTAx",
      "RequestMethod": "GET",
      "RequestBody": "",
      "RequestHeaders": {
        "User-Agent": [
          "FxVersion/4.6.29518.01",
          "OSName/Windows",
          "OSVersion/Microsoft.Windows.10.0.18363.",
          "Microsoft.Azure.Management.Compute.ComputeManagementClient/44.0.0.0"
        ]
      },
      "ResponseHeaders": {
        "Cache-Control": [
          "no-cache"
        ],
        "Pragma": [
          "no-cache"
        ],
        "x-ms-ratelimit-remaining-resource": [
          "Microsoft.Compute/GetOperation3Min;14996,Microsoft.Compute/GetOperation30Min;29981"
        ],
        "Strict-Transport-Security": [
          "max-age=31536000; includeSubDomains"
        ],
        "x-ms-request-id": [
          "0155db08-03a8-4a59-b26c-a19d5c48f42e"
        ],
        "Server": [
          "Microsoft-HTTPAPI/2.0",
          "Microsoft-HTTPAPI/2.0"
        ],
        "x-ms-ratelimit-remaining-subscription-reads": [
          "11994"
        ],
        "x-ms-correlation-request-id": [
          "26586310-45ce-41a7-af9c-b0bc918a2543"
        ],
        "x-ms-routing-request-id": [
          "EASTUS2:20210322T173652Z:26586310-45ce-41a7-af9c-b0bc918a2543"
        ],
        "X-Content-Type-Options": [
          "nosniff"
        ],
        "Date": [
          "Mon, 22 Mar 2021 17:36:52 GMT"
        ],
        "Content-Length": [
          "134"
        ],
        "Content-Type": [
          "application/json; charset=utf-8"
        ],
        "Expires": [
          "-1"
        ]
      },
      "ResponseBody": "{\r\n  \"startTime\": \"2021-03-22T17:35:04.8115845+00:00\",\r\n  \"status\": \"InProgress\",\r\n  \"name\": \"7d533ac3-c09d-4dc6-9f46-aede03f9bec9\"\r\n}",
      "StatusCode": 200
    },
    {
      "RequestUri": "/subscriptions/e37510d7-33b6-4676-886f-ee75bcc01871/providers/Microsoft.Compute/locations/eastus2/operations/7d533ac3-c09d-4dc6-9f46-aede03f9bec9?api-version=2021-03-01",
      "EncodedRequestUri": "L3N1YnNjcmlwdGlvbnMvZTM3NTEwZDctMzNiNi00Njc2LTg4NmYtZWU3NWJjYzAxODcxL3Byb3ZpZGVycy9NaWNyb3NvZnQuQ29tcHV0ZS9sb2NhdGlvbnMvZWFzdHVzMi9vcGVyYXRpb25zLzdkNTMzYWMzLWMwOWQtNGRjNi05ZjQ2LWFlZGUwM2Y5YmVjOT9hcGktdmVyc2lvbj0yMDIxLTAzLTAx",
      "RequestMethod": "GET",
      "RequestBody": "",
      "RequestHeaders": {
        "User-Agent": [
          "FxVersion/4.6.29518.01",
          "OSName/Windows",
          "OSVersion/Microsoft.Windows.10.0.18363.",
          "Microsoft.Azure.Management.Compute.ComputeManagementClient/44.0.0.0"
        ]
      },
      "ResponseHeaders": {
        "Cache-Control": [
          "no-cache"
        ],
        "Pragma": [
          "no-cache"
        ],
        "x-ms-ratelimit-remaining-resource": [
          "Microsoft.Compute/GetOperation3Min;14997,Microsoft.Compute/GetOperation30Min;29979"
        ],
        "Strict-Transport-Security": [
          "max-age=31536000; includeSubDomains"
        ],
        "x-ms-request-id": [
          "6d396b33-55c2-41d9-bf6e-f936023318c4"
        ],
        "Server": [
          "Microsoft-HTTPAPI/2.0",
          "Microsoft-HTTPAPI/2.0"
        ],
        "x-ms-ratelimit-remaining-subscription-reads": [
          "11993"
        ],
        "x-ms-correlation-request-id": [
          "5ab0b78e-62e6-443d-abaa-4162997ea804"
        ],
        "x-ms-routing-request-id": [
          "EASTUS2:20210322T173829Z:5ab0b78e-62e6-443d-abaa-4162997ea804"
        ],
        "X-Content-Type-Options": [
          "nosniff"
        ],
        "Date": [
          "Mon, 22 Mar 2021 17:38:29 GMT"
        ],
        "Content-Length": [
          "134"
        ],
        "Content-Type": [
          "application/json; charset=utf-8"
        ],
        "Expires": [
          "-1"
        ]
      },
      "ResponseBody": "{\r\n  \"startTime\": \"2021-03-22T17:35:04.8115845+00:00\",\r\n  \"status\": \"InProgress\",\r\n  \"name\": \"7d533ac3-c09d-4dc6-9f46-aede03f9bec9\"\r\n}",
      "StatusCode": 200
    },
    {
      "RequestUri": "/subscriptions/e37510d7-33b6-4676-886f-ee75bcc01871/providers/Microsoft.Compute/locations/eastus2/operations/7d533ac3-c09d-4dc6-9f46-aede03f9bec9?api-version=2021-03-01",
      "EncodedRequestUri": "L3N1YnNjcmlwdGlvbnMvZTM3NTEwZDctMzNiNi00Njc2LTg4NmYtZWU3NWJjYzAxODcxL3Byb3ZpZGVycy9NaWNyb3NvZnQuQ29tcHV0ZS9sb2NhdGlvbnMvZWFzdHVzMi9vcGVyYXRpb25zLzdkNTMzYWMzLWMwOWQtNGRjNi05ZjQ2LWFlZGUwM2Y5YmVjOT9hcGktdmVyc2lvbj0yMDIxLTAzLTAx",
      "RequestMethod": "GET",
      "RequestBody": "",
      "RequestHeaders": {
        "User-Agent": [
          "FxVersion/4.6.29518.01",
          "OSName/Windows",
          "OSVersion/Microsoft.Windows.10.0.18363.",
          "Microsoft.Azure.Management.Compute.ComputeManagementClient/44.0.0.0"
        ]
      },
      "ResponseHeaders": {
        "Cache-Control": [
          "no-cache"
        ],
        "Pragma": [
          "no-cache"
        ],
        "x-ms-ratelimit-remaining-resource": [
          "Microsoft.Compute/GetOperation3Min;14997,Microsoft.Compute/GetOperation30Min;29983"
        ],
        "Strict-Transport-Security": [
          "max-age=31536000; includeSubDomains"
        ],
        "x-ms-request-id": [
          "256d6287-8b5c-4d3c-bced-50b4e8b144cc"
        ],
        "Server": [
          "Microsoft-HTTPAPI/2.0",
          "Microsoft-HTTPAPI/2.0"
        ],
        "x-ms-ratelimit-remaining-subscription-reads": [
          "11992"
        ],
        "x-ms-correlation-request-id": [
          "389f9eca-5b53-413f-8e45-6bc8fd64bf1a"
        ],
        "x-ms-routing-request-id": [
          "EASTUS2:20210322T174006Z:389f9eca-5b53-413f-8e45-6bc8fd64bf1a"
        ],
        "X-Content-Type-Options": [
          "nosniff"
        ],
        "Date": [
          "Mon, 22 Mar 2021 17:40:06 GMT"
        ],
        "Content-Length": [
          "184"
        ],
        "Content-Type": [
          "application/json; charset=utf-8"
        ],
        "Expires": [
          "-1"
        ]
      },
      "ResponseBody": "{\r\n  \"startTime\": \"2021-03-22T17:35:04.8115845+00:00\",\r\n  \"endTime\": \"2021-03-22T17:38:48.1709207+00:00\",\r\n  \"status\": \"Succeeded\",\r\n  \"name\": \"7d533ac3-c09d-4dc6-9f46-aede03f9bec9\"\r\n}",
      "StatusCode": 200
    },
    {
      "RequestUri": "/subscriptions/e37510d7-33b6-4676-886f-ee75bcc01871/resourceGroups/crptestar4294/providers/Microsoft.Compute/virtualMachineScaleSets/vmss5242?api-version=2021-03-01",
      "EncodedRequestUri": "L3N1YnNjcmlwdGlvbnMvZTM3NTEwZDctMzNiNi00Njc2LTg4NmYtZWU3NWJjYzAxODcxL3Jlc291cmNlR3JvdXBzL2NycHRlc3RhcjQyOTQvcHJvdmlkZXJzL01pY3Jvc29mdC5Db21wdXRlL3ZpcnR1YWxNYWNoaW5lU2NhbGVTZXRzL3Ztc3M1MjQyP2FwaS12ZXJzaW9uPTIwMjEtMDMtMDE=",
      "RequestMethod": "GET",
      "RequestBody": "",
      "RequestHeaders": {
        "User-Agent": [
          "FxVersion/4.6.29518.01",
          "OSName/Windows",
          "OSVersion/Microsoft.Windows.10.0.18363.",
          "Microsoft.Azure.Management.Compute.ComputeManagementClient/44.0.0.0"
        ]
      },
      "ResponseHeaders": {
        "Cache-Control": [
          "no-cache"
        ],
        "Pragma": [
          "no-cache"
        ],
        "x-ms-ratelimit-remaining-resource": [
          "Microsoft.Compute/GetVMScaleSet3Min;398,Microsoft.Compute/GetVMScaleSet30Min;2592"
        ],
        "Strict-Transport-Security": [
          "max-age=31536000; includeSubDomains"
        ],
        "x-ms-request-id": [
          "56c6a9d1-6b6d-40d9-b410-47dbe1ab6575"
        ],
        "Server": [
          "Microsoft-HTTPAPI/2.0",
          "Microsoft-HTTPAPI/2.0"
        ],
        "x-ms-ratelimit-remaining-subscription-reads": [
          "11991"
        ],
        "x-ms-correlation-request-id": [
          "5579bfac-42d9-4791-a606-f959cd936c20"
        ],
        "x-ms-routing-request-id": [
          "EASTUS2:20210322T174006Z:5579bfac-42d9-4791-a606-f959cd936c20"
        ],
        "X-Content-Type-Options": [
          "nosniff"
        ],
        "Date": [
          "Mon, 22 Mar 2021 17:40:06 GMT"
        ],
        "Content-Length": [
          "3504"
        ],
        "Content-Type": [
          "application/json; charset=utf-8"
        ],
        "Expires": [
          "-1"
        ]
      },
      "ResponseBody": "{\r\n  \"name\": \"vmss5242\",\r\n  \"id\": \"/subscriptions/e37510d7-33b6-4676-886f-ee75bcc01871/resourceGroups/crptestar4294/providers/Microsoft.Compute/virtualMachineScaleSets/vmss5242\",\r\n  \"type\": \"Microsoft.Compute/virtualMachineScaleSets\",\r\n  \"location\": \"eastus2\",\r\n  \"tags\": {\r\n    \"RG\": \"rg\",\r\n    \"testTag\": \"1\",\r\n    \"platformsettings.host_environment.service.platform_optedin_for_rootcerts\": \"true\"\r\n  },\r\n  \"sku\": {\r\n    \"name\": \"Standard_D2s_v3\",\r\n    \"tier\": \"Standard\",\r\n    \"capacity\": 1\r\n  },\r\n  \"properties\": {\r\n    \"singlePlacementGroup\": true,\r\n    \"upgradePolicy\": {\r\n      \"mode\": \"Automatic\"\r\n    },\r\n    \"virtualMachineProfile\": {\r\n      \"osProfile\": {\r\n        \"computerNamePrefix\": \"test\",\r\n        \"adminUsername\": \"Foo12\",\r\n        \"windowsConfiguration\": {\r\n          \"provisionVMAgent\": true,\r\n          \"enableAutomaticUpdates\": true\r\n        },\r\n        \"secrets\": [],\r\n        \"allowExtensionOperations\": true,\r\n        \"requireGuestProvisionSignal\": true\r\n      },\r\n      \"storageProfile\": {\r\n        \"osDisk\": {\r\n          \"osType\": \"Windows\",\r\n          \"createOption\": \"FromImage\",\r\n          \"caching\": \"None\",\r\n          \"managedDisk\": {\r\n            \"storageAccountType\": \"Premium_LRS\"\r\n          },\r\n          \"diskSizeGB\": 127\r\n        },\r\n        \"imageReference\": {\r\n          \"publisher\": \"MicrosoftWindowsServer\",\r\n          \"offer\": \"WindowsServer\",\r\n          \"sku\": \"2012-R2-Datacenter\",\r\n          \"version\": \"4.127.20180315\"\r\n        },\r\n        \"dataDisks\": [\r\n          {\r\n            \"lun\": 1,\r\n            \"createOption\": \"Empty\",\r\n            \"caching\": \"None\",\r\n            \"managedDisk\": {\r\n              \"storageAccountType\": \"Premium_LRS\"\r\n            },\r\n            \"diskSizeGB\": 128\r\n          }\r\n        ]\r\n      },\r\n      \"networkProfile\": {\r\n        \"networkInterfaceConfigurations\": [\r\n          {\r\n            \"name\": \"vmsstestnetconfig2545\",\r\n            \"properties\": {\r\n              \"primary\": true,\r\n              \"enableAcceleratedNetworking\": false,\r\n              \"dnsSettings\": {\r\n                \"dnsServers\": []\r\n              },\r\n              \"enableIPForwarding\": false,\r\n              \"ipConfigurations\": [\r\n                {\r\n                  \"name\": \"vmsstestnetconfig243\",\r\n                  \"properties\": {\r\n                    \"subnet\": {\r\n                      \"id\": \"/subscriptions/e37510d7-33b6-4676-886f-ee75bcc01871/resourceGroups/crptestar4294/providers/Microsoft.Network/virtualNetworks/vn2164/subnets/sn4634\"\r\n                    },\r\n                    \"privateIPAddressVersion\": \"IPv4\"\r\n                  }\r\n                }\r\n              ]\r\n            }\r\n          }\r\n        ]\r\n      },\r\n      \"extensionProfile\": {\r\n        \"extensions\": [\r\n          {\r\n            \"name\": \"Microsoft.Azure.Security.AntimalwareSignature.AntimalwareConfiguration\",\r\n            \"properties\": {\r\n              \"autoUpgradeMinorVersion\": true,\r\n              \"publisher\": \"Microsoft.Azure.Security.AntimalwareSignature\",\r\n              \"type\": \"AntimalwareConfiguration\",\r\n              \"typeHandlerVersion\": \"2.0\",\r\n              \"settings\": {}\r\n            }\r\n          },\r\n          {\r\n            \"name\": \"Microsoft.Azure.Geneva.GenevaMonitoring\",\r\n            \"properties\": {\r\n              \"autoUpgradeMinorVersion\": true,\r\n              \"publisher\": \"Microsoft.Azure.Geneva\",\r\n              \"type\": \"GenevaMonitoring\",\r\n              \"typeHandlerVersion\": \"2.0\",\r\n              \"settings\": {}\r\n            }\r\n          }\r\n        ]\r\n      }\r\n    },\r\n    \"provisioningState\": \"Succeeded\",\r\n    \"overprovision\": false,\r\n    \"doNotRunExtensionsOnOverprovisionedVMs\": false,\r\n    \"uniqueId\": \"b562f947-3429-4c16-9cc8-bc894f8b9ded\",\r\n    \"platformFaultDomainCount\": 1,\r\n    \"hostGroup\": {\r\n      \"id\": \"/subscriptions/e37510d7-33b6-4676-886f-ee75bcc01871/resourceGroups/CRPTESTAR4294/providers/Microsoft.Compute/hostGroups/dhgtest1839\"\r\n    }\r\n  }\r\n}",
      "StatusCode": 200
    },
    {
      "RequestUri": "/subscriptions/e37510d7-33b6-4676-886f-ee75bcc01871/resourceGroups/crptestar4294/providers/Microsoft.Compute/virtualMachineScaleSets/vmss5242?api-version=2021-03-01",
      "EncodedRequestUri": "L3N1YnNjcmlwdGlvbnMvZTM3NTEwZDctMzNiNi00Njc2LTg4NmYtZWU3NWJjYzAxODcxL3Jlc291cmNlR3JvdXBzL2NycHRlc3RhcjQyOTQvcHJvdmlkZXJzL01pY3Jvc29mdC5Db21wdXRlL3ZpcnR1YWxNYWNoaW5lU2NhbGVTZXRzL3Ztc3M1MjQyP2FwaS12ZXJzaW9uPTIwMjEtMDMtMDE=",
      "RequestMethod": "GET",
      "RequestBody": "",
      "RequestHeaders": {
        "x-ms-client-request-id": [
          "e1721cc2-79ad-4ff0-adeb-88721cba9b9c"
        ],
        "Accept-Language": [
          "en-US"
        ],
        "User-Agent": [
          "FxVersion/4.6.29518.01",
          "OSName/Windows",
          "OSVersion/Microsoft.Windows.10.0.18363.",
          "Microsoft.Azure.Management.Compute.ComputeManagementClient/44.0.0.0"
        ]
      },
      "ResponseHeaders": {
        "Cache-Control": [
          "no-cache"
        ],
        "Pragma": [
          "no-cache"
        ],
        "x-ms-ratelimit-remaining-resource": [
          "Microsoft.Compute/GetVMScaleSet3Min;397,Microsoft.Compute/GetVMScaleSet30Min;2591"
        ],
        "Strict-Transport-Security": [
          "max-age=31536000; includeSubDomains"
        ],
        "x-ms-request-id": [
          "788dc7d5-e856-48e6-8c91-a6c729b52559"
        ],
        "Server": [
          "Microsoft-HTTPAPI/2.0",
          "Microsoft-HTTPAPI/2.0"
        ],
        "x-ms-ratelimit-remaining-subscription-reads": [
          "11990"
        ],
        "x-ms-correlation-request-id": [
          "a543fbfe-1c9f-49a2-8268-3dd4828a974e"
        ],
        "x-ms-routing-request-id": [
          "EASTUS2:20210322T174006Z:a543fbfe-1c9f-49a2-8268-3dd4828a974e"
        ],
        "X-Content-Type-Options": [
          "nosniff"
        ],
        "Date": [
          "Mon, 22 Mar 2021 17:40:06 GMT"
        ],
        "Content-Length": [
          "3504"
        ],
        "Content-Type": [
          "application/json; charset=utf-8"
        ],
        "Expires": [
          "-1"
        ]
      },
      "ResponseBody": "{\r\n  \"name\": \"vmss5242\",\r\n  \"id\": \"/subscriptions/e37510d7-33b6-4676-886f-ee75bcc01871/resourceGroups/crptestar4294/providers/Microsoft.Compute/virtualMachineScaleSets/vmss5242\",\r\n  \"type\": \"Microsoft.Compute/virtualMachineScaleSets\",\r\n  \"location\": \"eastus2\",\r\n  \"tags\": {\r\n    \"RG\": \"rg\",\r\n    \"testTag\": \"1\",\r\n    \"platformsettings.host_environment.service.platform_optedin_for_rootcerts\": \"true\"\r\n  },\r\n  \"sku\": {\r\n    \"name\": \"Standard_D2s_v3\",\r\n    \"tier\": \"Standard\",\r\n    \"capacity\": 1\r\n  },\r\n  \"properties\": {\r\n    \"singlePlacementGroup\": true,\r\n    \"upgradePolicy\": {\r\n      \"mode\": \"Automatic\"\r\n    },\r\n    \"virtualMachineProfile\": {\r\n      \"osProfile\": {\r\n        \"computerNamePrefix\": \"test\",\r\n        \"adminUsername\": \"Foo12\",\r\n        \"windowsConfiguration\": {\r\n          \"provisionVMAgent\": true,\r\n          \"enableAutomaticUpdates\": true\r\n        },\r\n        \"secrets\": [],\r\n        \"allowExtensionOperations\": true,\r\n        \"requireGuestProvisionSignal\": true\r\n      },\r\n      \"storageProfile\": {\r\n        \"osDisk\": {\r\n          \"osType\": \"Windows\",\r\n          \"createOption\": \"FromImage\",\r\n          \"caching\": \"None\",\r\n          \"managedDisk\": {\r\n            \"storageAccountType\": \"Premium_LRS\"\r\n          },\r\n          \"diskSizeGB\": 127\r\n        },\r\n        \"imageReference\": {\r\n          \"publisher\": \"MicrosoftWindowsServer\",\r\n          \"offer\": \"WindowsServer\",\r\n          \"sku\": \"2012-R2-Datacenter\",\r\n          \"version\": \"4.127.20180315\"\r\n        },\r\n        \"dataDisks\": [\r\n          {\r\n            \"lun\": 1,\r\n            \"createOption\": \"Empty\",\r\n            \"caching\": \"None\",\r\n            \"managedDisk\": {\r\n              \"storageAccountType\": \"Premium_LRS\"\r\n            },\r\n            \"diskSizeGB\": 128\r\n          }\r\n        ]\r\n      },\r\n      \"networkProfile\": {\r\n        \"networkInterfaceConfigurations\": [\r\n          {\r\n            \"name\": \"vmsstestnetconfig2545\",\r\n            \"properties\": {\r\n              \"primary\": true,\r\n              \"enableAcceleratedNetworking\": false,\r\n              \"dnsSettings\": {\r\n                \"dnsServers\": []\r\n              },\r\n              \"enableIPForwarding\": false,\r\n              \"ipConfigurations\": [\r\n                {\r\n                  \"name\": \"vmsstestnetconfig243\",\r\n                  \"properties\": {\r\n                    \"subnet\": {\r\n                      \"id\": \"/subscriptions/e37510d7-33b6-4676-886f-ee75bcc01871/resourceGroups/crptestar4294/providers/Microsoft.Network/virtualNetworks/vn2164/subnets/sn4634\"\r\n                    },\r\n                    \"privateIPAddressVersion\": \"IPv4\"\r\n                  }\r\n                }\r\n              ]\r\n            }\r\n          }\r\n        ]\r\n      },\r\n      \"extensionProfile\": {\r\n        \"extensions\": [\r\n          {\r\n            \"name\": \"Microsoft.Azure.Security.AntimalwareSignature.AntimalwareConfiguration\",\r\n            \"properties\": {\r\n              \"autoUpgradeMinorVersion\": true,\r\n              \"publisher\": \"Microsoft.Azure.Security.AntimalwareSignature\",\r\n              \"type\": \"AntimalwareConfiguration\",\r\n              \"typeHandlerVersion\": \"2.0\",\r\n              \"settings\": {}\r\n            }\r\n          },\r\n          {\r\n            \"name\": \"Microsoft.Azure.Geneva.GenevaMonitoring\",\r\n            \"properties\": {\r\n              \"autoUpgradeMinorVersion\": true,\r\n              \"publisher\": \"Microsoft.Azure.Geneva\",\r\n              \"type\": \"GenevaMonitoring\",\r\n              \"typeHandlerVersion\": \"2.0\",\r\n              \"settings\": {}\r\n            }\r\n          }\r\n        ]\r\n      }\r\n    },\r\n    \"provisioningState\": \"Succeeded\",\r\n    \"overprovision\": false,\r\n    \"doNotRunExtensionsOnOverprovisionedVMs\": false,\r\n    \"uniqueId\": \"b562f947-3429-4c16-9cc8-bc894f8b9ded\",\r\n    \"platformFaultDomainCount\": 1,\r\n    \"hostGroup\": {\r\n      \"id\": \"/subscriptions/e37510d7-33b6-4676-886f-ee75bcc01871/resourceGroups/CRPTESTAR4294/providers/Microsoft.Compute/hostGroups/dhgtest1839\"\r\n    }\r\n  }\r\n}",
      "StatusCode": 200
    },
    {
      "RequestUri": "/subscriptions/e37510d7-33b6-4676-886f-ee75bcc01871/resourceGroups/crptestar4294/providers/Microsoft.Compute/virtualMachineScaleSets/vmss5242/instanceView?api-version=2021-03-01",
      "EncodedRequestUri": "L3N1YnNjcmlwdGlvbnMvZTM3NTEwZDctMzNiNi00Njc2LTg4NmYtZWU3NWJjYzAxODcxL3Jlc291cmNlR3JvdXBzL2NycHRlc3RhcjQyOTQvcHJvdmlkZXJzL01pY3Jvc29mdC5Db21wdXRlL3ZpcnR1YWxNYWNoaW5lU2NhbGVTZXRzL3Ztc3M1MjQyL2luc3RhbmNlVmlldz9hcGktdmVyc2lvbj0yMDIxLTAzLTAx",
      "RequestMethod": "GET",
      "RequestBody": "",
      "RequestHeaders": {
        "x-ms-client-request-id": [
          "71413d51-b252-46e3-9b12-b3acc9117cd7"
        ],
        "Accept-Language": [
          "en-US"
        ],
        "User-Agent": [
          "FxVersion/4.6.29518.01",
          "OSName/Windows",
          "OSVersion/Microsoft.Windows.10.0.18363.",
          "Microsoft.Azure.Management.Compute.ComputeManagementClient/44.0.0.0"
        ]
      },
      "ResponseHeaders": {
        "Cache-Control": [
          "no-cache"
        ],
        "Pragma": [
          "no-cache"
        ],
        "x-ms-ratelimit-remaining-resource": [
          "Microsoft.Compute/HighCostGetVMScaleSet3Min;179,Microsoft.Compute/HighCostGetVMScaleSet30Min;897"
        ],
        "Strict-Transport-Security": [
          "max-age=31536000; includeSubDomains"
        ],
        "x-ms-request-id": [
          "91fa7b12-f15c-4441-9dda-d50a60b2cb19"
        ],
        "Server": [
          "Microsoft-HTTPAPI/2.0",
          "Microsoft-HTTPAPI/2.0"
        ],
        "x-ms-ratelimit-remaining-subscription-reads": [
          "11989"
        ],
        "x-ms-correlation-request-id": [
          "54ba4ff9-d932-4dd5-8f94-cf8c74937539"
        ],
        "x-ms-routing-request-id": [
          "EASTUS2:20210322T174006Z:54ba4ff9-d932-4dd5-8f94-cf8c74937539"
        ],
        "X-Content-Type-Options": [
          "nosniff"
        ],
        "Date": [
          "Mon, 22 Mar 2021 17:40:06 GMT"
        ],
        "Content-Length": [
          "822"
        ],
        "Content-Type": [
          "application/json; charset=utf-8"
        ],
        "Expires": [
          "-1"
        ]
      },
      "ResponseBody": "{\r\n  \"virtualMachine\": {\r\n    \"statusesSummary\": [\r\n      {\r\n        \"code\": \"ProvisioningState/succeeded\",\r\n        \"count\": 1\r\n      }\r\n    ]\r\n  },\r\n  \"extensions\": [\r\n    {\r\n      \"name\": \"Microsoft.Azure.Security.AntimalwareSignature.AntimalwareConfiguration\",\r\n      \"statusesSummary\": [\r\n        {\r\n          \"code\": \"ProvisioningState/succeeded\",\r\n          \"count\": 1\r\n        }\r\n      ]\r\n    },\r\n    {\r\n      \"name\": \"Microsoft.Azure.Geneva.GenevaMonitoring\",\r\n      \"statusesSummary\": [\r\n        {\r\n          \"code\": \"ProvisioningState/succeeded\",\r\n          \"count\": 1\r\n        }\r\n      ]\r\n    }\r\n  ],\r\n  \"statuses\": [\r\n    {\r\n      \"code\": \"ProvisioningState/succeeded\",\r\n      \"level\": \"Info\",\r\n      \"displayStatus\": \"Provisioning succeeded\",\r\n      \"time\": \"2021-03-22T17:38:48.1709207+00:00\"\r\n    }\r\n  ]\r\n}",
      "StatusCode": 200
    },
    {
      "RequestUri": "/subscriptions/e37510d7-33b6-4676-886f-ee75bcc01871/resourceGroups/crptestar4294/providers/Microsoft.Compute/virtualMachineScaleSets?api-version=2021-03-01",
      "EncodedRequestUri": "L3N1YnNjcmlwdGlvbnMvZTM3NTEwZDctMzNiNi00Njc2LTg4NmYtZWU3NWJjYzAxODcxL3Jlc291cmNlR3JvdXBzL2NycHRlc3RhcjQyOTQvcHJvdmlkZXJzL01pY3Jvc29mdC5Db21wdXRlL3ZpcnR1YWxNYWNoaW5lU2NhbGVTZXRzP2FwaS12ZXJzaW9uPTIwMjEtMDMtMDE=",
      "RequestMethod": "GET",
      "RequestBody": "",
      "RequestHeaders": {
        "x-ms-client-request-id": [
          "64a8028f-467c-456b-b9c5-827f4508eeee"
        ],
        "Accept-Language": [
          "en-US"
        ],
        "User-Agent": [
          "FxVersion/4.6.29518.01",
          "OSName/Windows",
          "OSVersion/Microsoft.Windows.10.0.18363.",
          "Microsoft.Azure.Management.Compute.ComputeManagementClient/44.0.0.0"
        ]
      },
      "ResponseHeaders": {
        "Cache-Control": [
          "no-cache"
        ],
        "Pragma": [
          "no-cache"
        ],
        "x-ms-ratelimit-remaining-resource": [
          "Microsoft.Compute/HighCostGetVMScaleSet3Min;178,Microsoft.Compute/HighCostGetVMScaleSet30Min;896"
        ],
        "Strict-Transport-Security": [
          "max-age=31536000; includeSubDomains"
        ],
        "x-ms-request-id": [
          "2cfe874d-0772-4fd7-8a7d-52e5607d2155"
        ],
        "Server": [
          "Microsoft-HTTPAPI/2.0",
          "Microsoft-HTTPAPI/2.0"
        ],
        "x-ms-ratelimit-remaining-subscription-reads": [
          "11988"
        ],
        "x-ms-correlation-request-id": [
          "a48d15df-5445-45da-a790-898e08afdc2a"
        ],
        "x-ms-routing-request-id": [
          "EASTUS2:20210322T174007Z:a48d15df-5445-45da-a790-898e08afdc2a"
        ],
        "X-Content-Type-Options": [
          "nosniff"
        ],
        "Date": [
          "Mon, 22 Mar 2021 17:40:06 GMT"
        ],
        "Content-Length": [
          "3913"
        ],
        "Content-Type": [
          "application/json; charset=utf-8"
        ],
        "Expires": [
          "-1"
        ]
      },
      "ResponseBody": "{\r\n  \"value\": [\r\n    {\r\n      \"name\": \"vmss5242\",\r\n      \"id\": \"/subscriptions/e37510d7-33b6-4676-886f-ee75bcc01871/resourceGroups/crptestar4294/providers/Microsoft.Compute/virtualMachineScaleSets/vmss5242\",\r\n      \"type\": \"Microsoft.Compute/virtualMachineScaleSets\",\r\n      \"location\": \"eastus2\",\r\n      \"tags\": {\r\n        \"RG\": \"rg\",\r\n        \"testTag\": \"1\",\r\n        \"platformsettings.host_environment.service.platform_optedin_for_rootcerts\": \"true\"\r\n      },\r\n      \"sku\": {\r\n        \"name\": \"Standard_D2s_v3\",\r\n        \"tier\": \"Standard\",\r\n        \"capacity\": 1\r\n      },\r\n      \"properties\": {\r\n        \"singlePlacementGroup\": true,\r\n        \"upgradePolicy\": {\r\n          \"mode\": \"Automatic\"\r\n        },\r\n        \"virtualMachineProfile\": {\r\n          \"osProfile\": {\r\n            \"computerNamePrefix\": \"test\",\r\n            \"adminUsername\": \"Foo12\",\r\n            \"windowsConfiguration\": {\r\n              \"provisionVMAgent\": true,\r\n              \"enableAutomaticUpdates\": true\r\n            },\r\n            \"secrets\": [],\r\n            \"allowExtensionOperations\": true,\r\n            \"requireGuestProvisionSignal\": true\r\n          },\r\n          \"storageProfile\": {\r\n            \"osDisk\": {\r\n              \"osType\": \"Windows\",\r\n              \"createOption\": \"FromImage\",\r\n              \"caching\": \"None\",\r\n              \"managedDisk\": {\r\n                \"storageAccountType\": \"Premium_LRS\"\r\n              },\r\n              \"diskSizeGB\": 127\r\n            },\r\n            \"imageReference\": {\r\n              \"publisher\": \"MicrosoftWindowsServer\",\r\n              \"offer\": \"WindowsServer\",\r\n              \"sku\": \"2012-R2-Datacenter\",\r\n              \"version\": \"4.127.20180315\"\r\n            },\r\n            \"dataDisks\": [\r\n              {\r\n                \"lun\": 1,\r\n                \"createOption\": \"Empty\",\r\n                \"caching\": \"None\",\r\n                \"managedDisk\": {\r\n                  \"storageAccountType\": \"Premium_LRS\"\r\n                },\r\n                \"diskSizeGB\": 128\r\n              }\r\n            ]\r\n          },\r\n          \"networkProfile\": {\r\n            \"networkInterfaceConfigurations\": [\r\n              {\r\n                \"name\": \"vmsstestnetconfig2545\",\r\n                \"properties\": {\r\n                  \"primary\": true,\r\n                  \"enableAcceleratedNetworking\": false,\r\n                  \"dnsSettings\": {\r\n                    \"dnsServers\": []\r\n                  },\r\n                  \"enableIPForwarding\": false,\r\n                  \"ipConfigurations\": [\r\n                    {\r\n                      \"name\": \"vmsstestnetconfig243\",\r\n                      \"properties\": {\r\n                        \"subnet\": {\r\n                          \"id\": \"/subscriptions/e37510d7-33b6-4676-886f-ee75bcc01871/resourceGroups/crptestar4294/providers/Microsoft.Network/virtualNetworks/vn2164/subnets/sn4634\"\r\n                        },\r\n                        \"privateIPAddressVersion\": \"IPv4\"\r\n                      }\r\n                    }\r\n                  ]\r\n                }\r\n              }\r\n            ]\r\n          },\r\n          \"extensionProfile\": {\r\n            \"extensions\": [\r\n              {\r\n                \"name\": \"Microsoft.Azure.Security.AntimalwareSignature.AntimalwareConfiguration\",\r\n                \"properties\": {\r\n                  \"autoUpgradeMinorVersion\": true,\r\n                  \"publisher\": \"Microsoft.Azure.Security.AntimalwareSignature\",\r\n                  \"type\": \"AntimalwareConfiguration\",\r\n                  \"typeHandlerVersion\": \"2.0\",\r\n                  \"settings\": {}\r\n                }\r\n              },\r\n              {\r\n                \"name\": \"Microsoft.Azure.Geneva.GenevaMonitoring\",\r\n                \"properties\": {\r\n                  \"autoUpgradeMinorVersion\": true,\r\n                  \"publisher\": \"Microsoft.Azure.Geneva\",\r\n                  \"type\": \"GenevaMonitoring\",\r\n                  \"typeHandlerVersion\": \"2.0\",\r\n                  \"settings\": {}\r\n                }\r\n              }\r\n            ]\r\n          }\r\n        },\r\n        \"provisioningState\": \"Succeeded\",\r\n        \"overprovision\": false,\r\n        \"doNotRunExtensionsOnOverprovisionedVMs\": false,\r\n        \"uniqueId\": \"b562f947-3429-4c16-9cc8-bc894f8b9ded\",\r\n        \"platformFaultDomainCount\": 1,\r\n        \"hostGroup\": {\r\n          \"id\": \"/subscriptions/e37510d7-33b6-4676-886f-ee75bcc01871/resourceGroups/CRPTESTAR4294/providers/Microsoft.Compute/hostGroups/dhgtest1839\"\r\n        }\r\n      }\r\n    }\r\n  ]\r\n}",
      "StatusCode": 200
    },
    {
      "RequestUri": "/subscriptions/e37510d7-33b6-4676-886f-ee75bcc01871/resourceGroups/crptestar4294/providers/Microsoft.Compute/virtualMachineScaleSets/vmss5242/virtualmachines/0/instanceView?api-version=2021-03-01",
      "EncodedRequestUri": "L3N1YnNjcmlwdGlvbnMvZTM3NTEwZDctMzNiNi00Njc2LTg4NmYtZWU3NWJjYzAxODcxL3Jlc291cmNlR3JvdXBzL2NycHRlc3RhcjQyOTQvcHJvdmlkZXJzL01pY3Jvc29mdC5Db21wdXRlL3ZpcnR1YWxNYWNoaW5lU2NhbGVTZXRzL3Ztc3M1MjQyL3ZpcnR1YWxtYWNoaW5lcy8wL2luc3RhbmNlVmlldz9hcGktdmVyc2lvbj0yMDIxLTAzLTAx",
      "RequestMethod": "GET",
      "RequestBody": "",
      "RequestHeaders": {
        "x-ms-client-request-id": [
          "e247680f-d5ec-4904-b1b4-62af60439ff2"
        ],
        "Accept-Language": [
          "en-US"
        ],
        "User-Agent": [
          "FxVersion/4.6.29518.01",
          "OSName/Windows",
          "OSVersion/Microsoft.Windows.10.0.18363.",
          "Microsoft.Azure.Management.Compute.ComputeManagementClient/44.0.0.0"
        ]
      },
      "ResponseHeaders": {
        "Cache-Control": [
          "no-cache"
        ],
        "Pragma": [
          "no-cache"
        ],
        "x-ms-ratelimit-remaining-resource": [
          "Microsoft.Compute/GetVMScaleSetVM3Min;999,Microsoft.Compute/GetVMScaleSetVM30Min;4999,Microsoft.Compute/VMScaleSetVMViews3Min;4999"
        ],
        "x-ms-request-charge": [
          "1"
        ],
        "Strict-Transport-Security": [
          "max-age=31536000; includeSubDomains"
        ],
        "x-ms-request-id": [
          "3d12594f-f460-4786-addf-c5f17f2167e9"
        ],
        "Server": [
          "Microsoft-HTTPAPI/2.0",
          "Microsoft-HTTPAPI/2.0"
        ],
        "x-ms-ratelimit-remaining-subscription-reads": [
          "11987"
        ],
        "x-ms-correlation-request-id": [
          "1549e560-2b84-4067-a963-bfca3157db5f"
        ],
        "x-ms-routing-request-id": [
          "EASTUS2:20210322T174007Z:1549e560-2b84-4067-a963-bfca3157db5f"
        ],
        "X-Content-Type-Options": [
          "nosniff"
        ],
        "Date": [
          "Mon, 22 Mar 2021 17:40:06 GMT"
        ],
        "Content-Length": [
          "3447"
        ],
        "Content-Type": [
          "application/json; charset=utf-8"
        ],
        "Expires": [
          "-1"
        ]
      },
      "ResponseBody": "{\r\n  \"placementGroupId\": \"28519868-a340-4930-b34d-fb1f20292eb5\",\r\n  \"platformUpdateDomain\": 0,\r\n  \"platformFaultDomain\": 0,\r\n  \"assignedHost\": \"/subscriptions/e37510d7-33b6-4676-886f-ee75bcc01871/resourceGroups/CRPTESTAR4294/providers/Microsoft.Compute/hostGroups/dhgtest1839/hosts/dhtest8755\",\r\n  \"computerName\": \"test000000\",\r\n  \"osName\": \"Windows Server 2012 R2 Datacenter\",\r\n  \"osVersion\": \"Microsoft Windows NT 6.3.9600.0\",\r\n  \"vmAgent\": {\r\n    \"vmAgentVersion\": \"2.7.41491.1008\",\r\n    \"statuses\": [\r\n      {\r\n        \"code\": \"ProvisioningState/succeeded\",\r\n        \"level\": \"Info\",\r\n        \"displayStatus\": \"Ready\",\r\n        \"message\": \"GuestAgent is running and processing the extensions.\",\r\n        \"time\": \"2021-03-22T17:40:03+00:00\"\r\n      }\r\n    ],\r\n    \"extensionHandlers\": [\r\n      {\r\n        \"type\": \"Microsoft.Azure.Geneva.GenevaMonitoring\",\r\n        \"typeHandlerVersion\": \"2.25.0.1\",\r\n        \"status\": {\r\n          \"code\": \"ProvisioningState/succeeded\",\r\n          \"level\": \"Info\",\r\n          \"displayStatus\": \"Ready\",\r\n          \"message\": \"ExtensionOperation:enable. Status:Success\"\r\n        }\r\n      },\r\n      {\r\n        \"type\": \"Microsoft.Azure.Security.AntimalwareSignature.AntimalwareConfiguration\",\r\n        \"typeHandlerVersion\": \"2.58.8\",\r\n        \"status\": {\r\n          \"code\": \"ProvisioningState/succeeded\",\r\n          \"level\": \"Info\",\r\n          \"displayStatus\": \"Ready\"\r\n        }\r\n      }\r\n    ]\r\n  },\r\n  \"disks\": [\r\n    {\r\n      \"name\": \"vmss5242_vmss5242_0_OsDisk_1_1571afc12b3440dc9347a4e77bd772dd\",\r\n      \"statuses\": [\r\n        {\r\n          \"code\": \"ProvisioningState/succeeded\",\r\n          \"level\": \"Info\",\r\n          \"displayStatus\": \"Provisioning succeeded\",\r\n          \"time\": \"2021-03-22T17:35:07.5615899+00:00\"\r\n        }\r\n      ]\r\n    },\r\n    {\r\n      \"name\": \"vmss5242_vmss5242_0_disk2_7e65c181d73840f6a53c8e54535b2888\",\r\n      \"statuses\": [\r\n        {\r\n          \"code\": \"ProvisioningState/succeeded\",\r\n          \"level\": \"Info\",\r\n          \"displayStatus\": \"Provisioning succeeded\",\r\n          \"time\": \"2021-03-22T17:35:07.5615899+00:00\"\r\n        }\r\n      ]\r\n    }\r\n  ],\r\n  \"extensions\": [\r\n    {\r\n      \"name\": \"Microsoft.Azure.Security.AntimalwareSignature.AntimalwareConfiguration\",\r\n      \"type\": \"Microsoft.Azure.Security.AntimalwareSignature.AntimalwareConfiguration\",\r\n      \"typeHandlerVersion\": \"2.58.8\",\r\n      \"statuses\": [\r\n        {\r\n          \"code\": \"ProvisioningState/succeeded\",\r\n          \"level\": \"Info\",\r\n          \"displayStatus\": \"Provisioning succeeded\",\r\n          \"message\": \"AntimalwareNotInstalled, no action necessary\"\r\n        }\r\n      ]\r\n    },\r\n    {\r\n      \"name\": \"Microsoft.Azure.Geneva.GenevaMonitoring\",\r\n      \"type\": \"Microsoft.Azure.Geneva.GenevaMonitoring\",\r\n      \"typeHandlerVersion\": \"2.25.0.1\",\r\n      \"statuses\": [\r\n        {\r\n          \"code\": \"ProvisioningState/succeeded\",\r\n          \"level\": \"Info\",\r\n          \"displayStatus\": \"Provisioning succeeded\",\r\n          \"message\": \"ExtensionOperation:enable. Status:Success\",\r\n          \"time\": \"2021-03-22T17:39:42+00:00\"\r\n        }\r\n      ]\r\n    }\r\n  ],\r\n  \"hyperVGeneration\": \"V1\",\r\n  \"statuses\": [\r\n    {\r\n      \"code\": \"ProvisioningState/succeeded\",\r\n      \"level\": \"Info\",\r\n      \"displayStatus\": \"Provisioning succeeded\",\r\n      \"time\": \"2021-03-22T17:38:48.1552491+00:00\"\r\n    },\r\n    {\r\n      \"code\": \"PowerState/running\",\r\n      \"level\": \"Info\",\r\n      \"displayStatus\": \"VM running\"\r\n    }\r\n  ]\r\n}",
      "StatusCode": 200
    },
    {
      "RequestUri": "/subscriptions/e37510d7-33b6-4676-886f-ee75bcc01871/resourcegroups/crptestar4294?api-version=2017-05-10",
      "EncodedRequestUri": "L3N1YnNjcmlwdGlvbnMvZTM3NTEwZDctMzNiNi00Njc2LTg4NmYtZWU3NWJjYzAxODcxL3Jlc291cmNlZ3JvdXBzL2NycHRlc3RhcjQyOTQ/YXBpLXZlcnNpb249MjAxNy0wNS0xMA==",
      "RequestMethod": "DELETE",
      "RequestBody": "",
      "RequestHeaders": {
        "x-ms-client-request-id": [
          "f2fb0cce-0f15-4a7f-ba12-d60f988ed116"
        ],
        "Accept-Language": [
          "en-US"
        ],
        "User-Agent": [
          "FxVersion/4.6.29518.01",
          "OSName/Windows",
          "OSVersion/Microsoft.Windows.10.0.18363.",
          "Microsoft.Azure.Management.ResourceManager.ResourceManagementClient/1.6.0.0"
        ]
      },
      "ResponseHeaders": {
        "Cache-Control": [
          "no-cache"
        ],
        "Pragma": [
          "no-cache"
        ],
        "Location": [
          "https://management.azure.com/subscriptions/e37510d7-33b6-4676-886f-ee75bcc01871/operationresults/eyJqb2JJZCI6IlJFU09VUkNFR1JPVVBERUxFVElPTkpPQi1DUlBURVNUQVI0Mjk0LUVBU1RVUzIiLCJqb2JMb2NhdGlvbiI6ImVhc3R1czIifQ?api-version=2017-05-10"
        ],
        "Retry-After": [
          "15"
        ],
        "x-ms-ratelimit-remaining-subscription-deletes": [
          "14999"
        ],
        "x-ms-request-id": [
          "4374f376-e99b-4577-b2de-b4728fadf19b"
        ],
        "x-ms-correlation-request-id": [
          "4374f376-e99b-4577-b2de-b4728fadf19b"
        ],
        "x-ms-routing-request-id": [
          "EASTUS2:20210322T174007Z:4374f376-e99b-4577-b2de-b4728fadf19b"
        ],
        "Strict-Transport-Security": [
          "max-age=31536000; includeSubDomains"
        ],
        "X-Content-Type-Options": [
          "nosniff"
        ],
        "Date": [
          "Mon, 22 Mar 2021 17:40:06 GMT"
        ],
        "Expires": [
          "-1"
        ],
        "Content-Length": [
          "0"
        ]
      },
      "ResponseBody": "",
      "StatusCode": 202
    }
  ],
  "Names": {
    "TestScaleSetOperationsInternal": [
      "crptestar4294",
      "vmss5242",
      "crptestar4003",
      "dhgtest1839",
      "dhtest8755"
    ],
    "CreatePublicIP": [
      "pip5201",
      "dn7722"
    ],
    "CreateVNET": [
      "vn2164",
      "sn4634"
    ],
    "CreateNIC": [
      "nic2492",
      "ip6158"
    ],
    "CreateDefaultVMScaleSetInput": [
      "crptestar7559",
      "vmss2929",
      "vmsstestnetconfig2545",
      "vmsstestnetconfig243"
    ]
  },
  "Variables": {
    "SubscriptionId": "e37510d7-33b6-4676-886f-ee75bcc01871"
  }
}