{
  "Entries": [
    {
      "RequestUri": "https://azsdknet-test-ta.cognitiveservices.azure.com/text/analytics/v3.1-preview.1/languages",
      "RequestMethod": "POST",
      "RequestHeaders": {
        "Content-Length": "96",
        "Content-Type": "application/json",
        "Ocp-Apim-Subscription-Key": "Sanitized",
        "traceparent": "00-d0112b0c3dd98a4385811c815cbd9006-a39fff653102eb4a-00",
        "User-Agent": [
          "azsdk-net-AI.TextAnalytics/1.1.0-dev.20200706.1",
          "(.NET Core 4.6.28516.03; Microsoft Windows 10.0.18363 )"
        ],
        "x-ms-client-request-id": "fadc546e9b67fee26b7fe2f6f428f049",
        "x-ms-return-client-request-id": "true"
      },
      "RequestBody": {
        "documents": [
          {
            "countryHint": "us",
            "id": "0",
            "text": "Este documento est\u00E1 en espa\u00F1ol."
          }
        ]
      },
      "StatusCode": 200,
      "ResponseHeaders": {
        "apim-request-id": "43f80b37-e87d-4bf4-a18b-11af0c28191f",
        "Content-Type": "application/json; charset=utf-8",
        "csp-billing-usage": "CognitiveServices.TextAnalytics.BatchScoring=1",
        "Date": "Mon, 06 Jul 2020 22:03:49 GMT",
        "Strict-Transport-Security": "max-age=31536000; includeSubDomains; preload",
        "Transfer-Encoding": "chunked",
        "X-Content-Type-Options": "nosniff",
        "x-envoy-upstream-service-time": "8"
      },
      "ResponseBody": {
        "documents": [
          {
            "id": "0",
            "detectedLanguage": {
              "name": "Spanish",
              "iso6391Name": "es",
              "confidenceScore": 1.0
            },
            "warnings": []
          }
        ],
        "errors": [],
        "modelVersion": "2019-10-01"
      }
    },
    {
      "RequestUri": "https://azsdknet-test-ta.cognitiveservices.azure.com/text/analytics/v3.1-preview.1/languages",
      "RequestMethod": "POST",
      "RequestHeaders": {
        "Content-Length": "96",
        "Content-Type": "application/json",
        "Ocp-Apim-Subscription-Key": "Sanitized",
        "traceparent": "00-8421d03e892ebf40835991fb182d9342-169b74281617a041-00",
        "User-Agent": [
          "azsdk-net-AI.TextAnalytics/1.1.0-dev.20200706.1",
          "(.NET Core 4.6.28516.03; Microsoft Windows 10.0.18363 )"
        ],
        "x-ms-client-request-id": "5315eb796922e8ec800365621457b196",
        "x-ms-return-client-request-id": "true"
      },
      "RequestBody": {
        "documents": [
          {
            "countryHint": "us",
            "id": "0",
            "text": "Este documento est\u00E1 en espa\u00F1ol."
          }
        ]
      },
      "StatusCode": 401,
      "ResponseHeaders": {
        "Content-Length": "224",
        "Date": "Mon, 06 Jul 2020 22:03:49 GMT"
      },
      "ResponseBody": "eyJlcnJvciI6eyJjb2RlIjoiNDAxIiwibWVzc2FnZSI6IkFjY2VzcyBkZW5pZWQgZHVlIHRvIGludmFsaWQgc3Vic2NyaXB0aW9uIGtleSBvciB3cm9uZyBBUEkgZW5kcG9pbnQuIE1ha2Ugc3VyZSB0byBwcm92aWRlIGEgdmFsaWQga2V5IGZvciBhbiBhY3RpdmUgc3Vic2NyaXB0aW9uIGFuZCB1c2UgYSBjb3JyZWN0IHJlZ2lvbmFsIEFQSSBlbmRwb2ludCBmb3IgeW91ciByZXNvdXJjZS4ifX0="
    },
    {
      "RequestUri": "https://azsdknet-test-ta.cognitiveservices.azure.com/text/analytics/v3.1-preview.1/languages",
      "RequestMethod": "POST",
      "RequestHeaders": {
        "Content-Length": "96",
        "Content-Type": "application/json",
        "Ocp-Apim-Subscription-Key": "Sanitized",
        "traceparent": "00-2cd3e660547b8249bb23af4cdd0920e1-56aa3b029ab5a946-00",
        "User-Agent": [
          "azsdk-net-AI.TextAnalytics/1.1.0-dev.20200706.1",
          "(.NET Core 4.6.28516.03; Microsoft Windows 10.0.18363 )"
        ],
        "x-ms-client-request-id": "b95b6331e26dc320faed975cc20fd95e",
        "x-ms-return-client-request-id": "true"
      },
      "RequestBody": {
        "documents": [
          {
            "countryHint": "us",
            "id": "0",
            "text": "Este documento est\u00E1 en espa\u00F1ol."
          }
        ]
      },
      "StatusCode": 200,
      "ResponseHeaders": {
        "apim-request-id": "6f9f0e0b-7eaf-4a3f-acff-0bbfb0dc44a1",
        "Content-Type": "application/json; charset=utf-8",
        "csp-billing-usage": "CognitiveServices.TextAnalytics.BatchScoring=1",
        "Date": "Mon, 06 Jul 2020 22:03:49 GMT",
        "Strict-Transport-Security": "max-age=31536000; includeSubDomains; preload",
        "Transfer-Encoding": "chunked",
        "X-Content-Type-Options": "nosniff",
        "x-envoy-upstream-service-time": "8"
      },
      "ResponseBody": {
        "documents": [
          {
            "id": "0",
            "detectedLanguage": {
              "name": "Spanish",
              "iso6391Name": "es",
              "confidenceScore": 1.0
            },
            "warnings": []
          }
        ],
        "errors": [],
        "modelVersion": "2019-10-01"
      }
    }
  ],
  "Variables": {
    "RandomSeed": "328308741",
    "TEXT_ANALYTICS_API_KEY": "Sanitized",
    "TEXT_ANALYTICS_ENDPOINT": "https://azsdknet-test-ta.cognitiveservices.azure.com/"
  }
}