{
  "Entries": [
    {
      "RequestUri": "https://sanitized.communication.azure.com/identities?api-version=2021-03-07",
      "RequestMethod": "POST",
      "RequestHeaders": {
        "Accept": "application/json",
        "Authorization": "Sanitized",
        "Content-Length": "2",
        "Content-Type": "application/json",
        "Date": "Fri, 12 Feb 2021 03:08:32 GMT",
        "User-Agent": [
          "azsdk-net-Communication.Identity/1.0.0-alpha.20210211.1",
          "(.NET 5.0.3; Microsoft Windows 10.0.18363)"
        ],
        "x-ms-client-request-id": "7c3cfe8b95c350e1d843387fd77c5919",
        "x-ms-content-sha256": "Sanitized",
        "x-ms-return-client-request-id": "true"
      },
      "RequestBody": {},
      "StatusCode": 201,
      "ResponseHeaders": {
        "api-supported-versions": "2020-07-20-preview2, 2021-03-07",
        "Content-Type": "application/json; charset=utf-8",
        "Date": "Fri, 12 Feb 2021 03:08:32 GMT",
        "MS-CV": "5at27dB2dkGwvbUCdCysvA.0",
        "Strict-Transport-Security": "max-age=2592000",
        "Transfer-Encoding": "chunked",
        "X-Azure-Ref": "0MfElYAAAAACBvoRy4412QpQpH7hydrrbWVZSMzBFREdFMDQwOAA5ZmM3YjUxOS1hOGNjLTRmODktOTM1ZS1jOTE0OGFlMDllODE=",
        "x-ms-client-request-id": "7c3cfe8b95c350e1d843387fd77c5919",
        "X-Processing-Time": "16ms"
      },
      "ResponseBody": {
        "identity": {
          "id": "8:acs:ac80d96a-85de-48b1-995d-a3a3fa3627c8_00000008-3417-cc9d-1000-343a0d0018dc"
        }
      }
    },
    {
      "RequestUri": "https://sanitized.communication.azure.com/identities/8%3Aacs%3Aac80d96a-85de-48b1-995d-a3a3fa3627c8_00000008-3417-cc9d-1000-343a0d0018dc/:issueAccessToken?api-version=2021-03-07",
      "RequestMethod": "POST",
      "RequestHeaders": {
        "Accept": "application/json",
        "Authorization": "Sanitized",
        "Content-Length": "19",
        "Content-Type": "application/json",
        "Date": "Fri, 12 Feb 2021 03:08:33 GMT",
        "User-Agent": [
          "azsdk-net-Communication.Identity/1.0.0-alpha.20210211.1",
          "(.NET 5.0.3; Microsoft Windows 10.0.18363)"
        ],
        "x-ms-client-request-id": "77d83cdb6d2560b0e34742a5c385bfc2",
        "x-ms-content-sha256": "Sanitized",
        "x-ms-return-client-request-id": "true"
      },
      "RequestBody": {
        "scopes": [
          "chat"
        ]
      },
      "StatusCode": 200,
      "ResponseHeaders": {
        "api-supported-versions": "2020-07-20-preview2, 2021-03-07",
        "Content-Type": "application/json; charset=utf-8",
        "Date": "Fri, 12 Feb 2021 03:08:32 GMT",
        "MS-CV": "JfaYA8QfUUuPAZaxFpgHRg.0",
        "Strict-Transport-Security": "max-age=2592000",
        "Transfer-Encoding": "chunked",
        "X-Azure-Ref": "0MfElYAAAAAARLrQUwJYbS5CaF0IL8dMuWVZSMzBFREdFMDQwOAA5ZmM3YjUxOS1hOGNjLTRmODktOTM1ZS1jOTE0OGFlMDllODE=",
        "x-ms-client-request-id": "77d83cdb6d2560b0e34742a5c385bfc2",
        "X-Processing-Time": "24ms"
      },
      "ResponseBody": {
        "token": "Sanitized",
        "expiresOn": "2021-02-13T03:08:32.4011774\u002B00:00"
      }
    },
    {
      "RequestUri": "https://sanitized.communication.azure.com/identities?api-version=2021-03-07",
      "RequestMethod": "POST",
      "RequestHeaders": {
        "Accept": "application/json",
        "Authorization": "Sanitized",
        "Content-Length": "2",
        "Content-Type": "application/json",
        "Date": "Fri, 12 Feb 2021 03:08:33 GMT",
        "User-Agent": [
          "azsdk-net-Communication.Identity/1.0.0-alpha.20210211.1",
          "(.NET 5.0.3; Microsoft Windows 10.0.18363)"
        ],
        "x-ms-client-request-id": "bb6c60ab7fc8f52c6d2e3c9c55b953fc",
        "x-ms-content-sha256": "Sanitized",
        "x-ms-return-client-request-id": "true"
      },
      "RequestBody": {},
      "StatusCode": 201,
      "ResponseHeaders": {
        "api-supported-versions": "2020-07-20-preview2, 2021-03-07",
        "Content-Type": "application/json; charset=utf-8",
        "Date": "Fri, 12 Feb 2021 03:08:33 GMT",
        "MS-CV": "CTvrnrxjJ0C0mmi6A1E8QQ.0",
        "Strict-Transport-Security": "max-age=2592000",
        "Transfer-Encoding": "chunked",
        "X-Azure-Ref": "0MfElYAAAAAC2aByAEHNgQpQ/6yxX/N\u002BkWVZSMzBFREdFMDQwOAA5ZmM3YjUxOS1hOGNjLTRmODktOTM1ZS1jOTE0OGFlMDllODE=",
        "x-ms-client-request-id": "bb6c60ab7fc8f52c6d2e3c9c55b953fc",
        "X-Processing-Time": "15ms"
      },
      "ResponseBody": {
        "identity": {
          "id": "8:acs:ac80d96a-85de-48b1-995d-a3a3fa3627c8_00000008-3417-cd2f-1000-343a0d0018dd"
        }
      }
    },
    {
      "RequestUri": "https://sanitized.communication.azure.com/identities/8%3Aacs%3Aac80d96a-85de-48b1-995d-a3a3fa3627c8_00000008-3417-cd2f-1000-343a0d0018dd/:issueAccessToken?api-version=2021-03-07",
      "RequestMethod": "POST",
      "RequestHeaders": {
        "Accept": "application/json",
        "Authorization": "Sanitized",
        "Content-Length": "19",
        "Content-Type": "application/json",
        "Date": "Fri, 12 Feb 2021 03:08:33 GMT",
        "User-Agent": [
          "azsdk-net-Communication.Identity/1.0.0-alpha.20210211.1",
          "(.NET 5.0.3; Microsoft Windows 10.0.18363)"
        ],
        "x-ms-client-request-id": "583a27445ea91d234ddc987c533c8c52",
        "x-ms-content-sha256": "Sanitized",
        "x-ms-return-client-request-id": "true"
      },
      "RequestBody": {
        "scopes": [
          "chat"
        ]
      },
      "StatusCode": 200,
      "ResponseHeaders": {
        "api-supported-versions": "2020-07-20-preview2, 2021-03-07",
        "Content-Type": "application/json; charset=utf-8",
        "Date": "Fri, 12 Feb 2021 03:08:33 GMT",
        "MS-CV": "R6ZDzHq0E0W36Xdqclf1MQ.0",
        "Strict-Transport-Security": "max-age=2592000",
        "Transfer-Encoding": "chunked",
        "X-Azure-Ref": "0MfElYAAAAADUhMPQld1uTbcHgne8VqWVWVZSMzBFREdFMDQwOAA5ZmM3YjUxOS1hOGNjLTRmODktOTM1ZS1jOTE0OGFlMDllODE=",
        "x-ms-client-request-id": "583a27445ea91d234ddc987c533c8c52",
        "X-Processing-Time": "27ms"
      },
      "ResponseBody": {
        "token": "Sanitized",
        "expiresOn": "2021-02-13T03:08:32.5280282\u002B00:00"
      }
    },
    {
      "RequestUri": "https://sanitized.communication.azure.com/chat/threads?api-version=2020-11-01-preview3",
      "RequestMethod": "POST",
      "RequestHeaders": {
        "Accept": "application/json",
        "Authorization": "eyJhbGciOiJIUzI1NiIsInR5cCI6IkpXVCJ9.eyJzdWIiOiIxMjM0NTY3ODkwIiwibmFtZSI6IkpvaG4gRG9lIiwiaWF0IjoxNTE2MjM5MDIyfQ.SflKxwRJSMeKKF2QT4fwpMeJf36POk6yJV_adQssw5c",
        "Content-Length": "239",
        "Content-Type": "application/json",
        "repeatability-Request-ID": "contoso-B0A747F1-6245-4307-8267-B974340677DB",
        "User-Agent": [
          "azsdk-net-Communication.Chat/1.0.0-alpha.20210211.1",
          "(.NET 5.0.3; Microsoft Windows 10.0.18363)"
        ],
        "x-ms-client-request-id": "77d376849e0f5b510fe20af631140a2a",
        "x-ms-return-client-request-id": "true"
      },
      "RequestBody": {
        "topic": "Thread topic - ReadReceipts Test",
        "participants": [
          {
            "id": "8:acs:ac80d96a-85de-48b1-995d-a3a3fa3627c8_00000008-3417-cc9d-1000-343a0d0018dc"
          },
          {
            "id": "8:acs:ac80d96a-85de-48b1-995d-a3a3fa3627c8_00000008-3417-cd2f-1000-343a0d0018dd"
          }
        ]
      },
      "StatusCode": 201,
      "ResponseHeaders": {
        "api-supported-versions": "2020-09-21-preview2, 2020-11-01-preview3, 2021-01-27-preview4",
        "Content-Type": "application/json; charset=utf-8",
        "Date": "Fri, 12 Feb 2021 03:08:33 GMT",
        "Location": "https://smstestapp.communication.azure.com/chat/threads/19%3AeZfPPv0Hl3MtqMyHzgLxosyKCoUFaWORDmryHitKt-c1@thread.v2",
        "MS-CV": "PG7ax3Cm/0eE1fnYhA4InQ.0",
        "Strict-Transport-Security": "max-age=2592000",
        "Transfer-Encoding": "chunked",
        "X-Azure-Ref": "0MfElYAAAAACV4CUH6XePTZhxUe9EIb/oWVZSMzBFREdFMDQwOAA5ZmM3YjUxOS1hOGNjLTRmODktOTM1ZS1jOTE0OGFlMDllODE=",
        "X-Processing-Time": "673ms"
      },
      "ResponseBody": {
        "chatThread": {
          "id": "19:eZfPPv0Hl3MtqMyHzgLxosyKCoUFaWORDmryHitKt-c1@thread.v2",
          "topic": "Thread topic - ReadReceipts Test",
          "createdOn": "2021-02-12T03:08:33Z",
          "createdBy": "8:acs:ac80d96a-85de-48b1-995d-a3a3fa3627c8_00000008-3417-cc9d-1000-343a0d0018dc"
        }
      }
    },
    {
      "RequestUri": "https://sanitized.communication.azure.com/chat/threads/19%3AeZfPPv0Hl3MtqMyHzgLxosyKCoUFaWORDmryHitKt-c1%40thread.v2/messages?api-version=2020-11-01-preview3",
      "RequestMethod": "POST",
      "RequestHeaders": {
        "Accept": "application/json",
        "Authorization": "eyJhbGciOiJIUzI1NiIsInR5cCI6IkpXVCJ9.eyJzdWIiOiIxMjM0NTY3ODkwIiwibmFtZSI6IkpvaG4gRG9lIiwiaWF0IjoxNTE2MjM5MDIyfQ.SflKxwRJSMeKKF2QT4fwpMeJf36POk6yJV_adQssw5c",
        "Content-Length": "39",
        "Content-Type": "application/json",
        "User-Agent": [
          "azsdk-net-Communication.Chat/1.0.0-alpha.20210211.1",
          "(.NET 5.0.3; Microsoft Windows 10.0.18363)"
        ],
        "x-ms-client-request-id": "9b6145f4664b4c183c4f6dece7b0a231",
        "x-ms-return-client-request-id": "true"
      },
      "RequestBody": {
        "content": "This is message 1 content"
      },
      "StatusCode": 201,
      "ResponseHeaders": {
        "api-supported-versions": "2020-09-21-preview2, 2020-11-01-preview3, 2021-01-27-preview4",
        "Content-Type": "application/json; charset=utf-8",
        "Date": "Fri, 12 Feb 2021 03:08:34 GMT",
        "Location": "https://smstestapp.communication.azure.com/chat/threads/19%3AeZfPPv0Hl3MtqMyHzgLxosyKCoUFaWORDmryHitKt-c1@thread.v2/messages/1613099314559",
        "MS-CV": "o2xdskiwyEC523GAOBf5eQ.0",
        "Strict-Transport-Security": "max-age=2592000",
        "Transfer-Encoding": "chunked",
        "X-Azure-Ref": "0MvElYAAAAAAySuNMcoLNS4POZWWAwjdBWVZSMzBFREdFMDQwOAA5ZmM3YjUxOS1hOGNjLTRmODktOTM1ZS1jOTE0OGFlMDllODE=",
        "X-Processing-Time": "241ms"
      },
      "ResponseBody": {
        "id": "1613099314559"
      }
    },
    {
      "RequestUri": "https://sanitized.communication.azure.com/chat/threads/19%3AeZfPPv0Hl3MtqMyHzgLxosyKCoUFaWORDmryHitKt-c1%40thread.v2/messages?api-version=2020-11-01-preview3",
      "RequestMethod": "POST",
      "RequestHeaders": {
        "Accept": "application/json",
        "Authorization": "eyJhbGciOiJIUzI1NiIsInR5cCI6IkpXVCJ9.eyJzdWIiOiIxMjM0NTY3ODkwIiwibmFtZSI6IkpvaG4gRG9lIiwiaWF0IjoxNTE2MjM5MDIyfQ.SflKxwRJSMeKKF2QT4fwpMeJf36POk6yJV_adQssw5c",
        "Content-Length": "39",
        "Content-Type": "application/json",
        "User-Agent": [
          "azsdk-net-Communication.Chat/1.0.0-alpha.20210211.1",
          "(.NET 5.0.3; Microsoft Windows 10.0.18363)"
        ],
        "x-ms-client-request-id": "df18e9a2dce5a5ecd6df48c6542dec39",
        "x-ms-return-client-request-id": "true"
      },
      "RequestBody": {
        "content": "This is message 2 content"
      },
      "StatusCode": 201,
      "ResponseHeaders": {
        "api-supported-versions": "2020-09-21-preview2, 2020-11-01-preview3, 2021-01-27-preview4",
        "Content-Type": "application/json; charset=utf-8",
        "Date": "Fri, 12 Feb 2021 03:08:34 GMT",
        "Location": "https://smstestapp.communication.azure.com/chat/threads/19%3AeZfPPv0Hl3MtqMyHzgLxosyKCoUFaWORDmryHitKt-c1@thread.v2/messages/1613099314747",
        "MS-CV": "z8pVvF2dwk6KdaVUF4coJw.0",
        "Strict-Transport-Security": "max-age=2592000",
        "Transfer-Encoding": "chunked",
        "X-Azure-Ref": "0MvElYAAAAABGkkncZI/nT4sNVlOpQIgWWVZSMzBFREdFMDQwOAA5ZmM3YjUxOS1hOGNjLTRmODktOTM1ZS1jOTE0OGFlMDllODE=",
        "X-Processing-Time": "210ms"
      },
      "ResponseBody": {
        "id": "1613099314747"
      }
    },
    {
      "RequestUri": "https://sanitized.communication.azure.com/chat/threads/19%3AeZfPPv0Hl3MtqMyHzgLxosyKCoUFaWORDmryHitKt-c1%40thread.v2/readReceipts?api-version=2020-11-01-preview3",
      "RequestMethod": "POST",
      "RequestHeaders": {
        "Accept": "application/json",
        "Authorization": "eyJhbGciOiJIUzI1NiIsInR5cCI6IkpXVCJ9.eyJzdWIiOiIxMjM0NTY3ODkwIiwibmFtZSI6IkpvaG4gRG9lIiwiaWF0IjoxNTE2MjM5MDIyfQ.SflKxwRJSMeKKF2QT4fwpMeJf36POk6yJV_adQssw5c",
        "Content-Length": "33",
        "Content-Type": "application/json",
        "User-Agent": [
          "azsdk-net-Communication.Chat/1.0.0-alpha.20210211.1",
          "(.NET 5.0.3; Microsoft Windows 10.0.18363)"
        ],
        "x-ms-client-request-id": "0d886dd1f1da1d075d863ac03065745f",
        "x-ms-return-client-request-id": "true"
      },
      "RequestBody": {
        "chatMessageId": "1613099314747"
      },
      "StatusCode": 200,
      "ResponseHeaders": {
        "api-supported-versions": "2020-09-21-preview2, 2020-11-01-preview3, 2021-01-27-preview4",
        "Content-Length": "0",
        "Date": "Fri, 12 Feb 2021 03:08:34 GMT",
        "MS-CV": "PyxS0PUxgEi8PgfJ5wNilA.0",
        "Strict-Transport-Security": "max-age=2592000",
        "X-Azure-Ref": "0MvElYAAAAADGsswzyQE2QpK/Ga4nvG\u002BLWVZSMzBFREdFMDQwOAA5ZmM3YjUxOS1hOGNjLTRmODktOTM1ZS1jOTE0OGFlMDllODE=",
        "X-Processing-Time": "319ms"
      },
      "ResponseBody": []
    },
    {
      "RequestUri": "https://sanitized.communication.azure.com/chat/threads/19%3AeZfPPv0Hl3MtqMyHzgLxosyKCoUFaWORDmryHitKt-c1%40thread.v2/readReceipts?api-version=2020-11-01-preview3",
      "RequestMethod": "POST",
      "RequestHeaders": {
        "Accept": "application/json",
        "Authorization": "eyJhbGciOiJIUzI1NiIsInR5cCI6IkpXVCJ9.eyJzdWIiOiIxMjM0NTY3ODkwIiwibmFtZSI6IkpvaG4gRG9lIiwiaWF0IjoxNTE2MjM5MDIyfQ.SflKxwRJSMeKKF2QT4fwpMeJf36POk6yJV_adQssw5c",
        "Content-Length": "33",
        "Content-Type": "application/json",
        "User-Agent": [
          "azsdk-net-Communication.Chat/1.0.0-alpha.20210211.1",
          "(.NET 5.0.3; Microsoft Windows 10.0.18363)"
        ],
        "x-ms-client-request-id": "4754d9402bfb174558bbc56b1d52f80f",
        "x-ms-return-client-request-id": "true"
      },
      "RequestBody": {
        "chatMessageId": "1613099314559"
      },
      "StatusCode": 200,
      "ResponseHeaders": {
        "api-supported-versions": "2020-09-21-preview2, 2020-11-01-preview3, 2021-01-27-preview4",
        "Content-Length": "0",
        "Date": "Fri, 12 Feb 2021 03:08:34 GMT",
        "MS-CV": "Iga1cG45sU6LJ0wOGyz43w.0",
        "Strict-Transport-Security": "max-age=2592000",
        "X-Azure-Ref": "0M/ElYAAAAAAwKrMs40FFTa8Z2KHIFcQAWVZSMzBFREdFMDQwOAA5ZmM3YjUxOS1hOGNjLTRmODktOTM1ZS1jOTE0OGFlMDllODE=",
        "X-Processing-Time": "108ms"
      },
      "ResponseBody": []
    },
    {
      "RequestUri": "https://sanitized.communication.azure.com/chat/threads/19%3AeZfPPv0Hl3MtqMyHzgLxosyKCoUFaWORDmryHitKt-c1%40thread.v2/readReceipts?api-version=2020-11-01-preview3",
      "RequestMethod": "GET",
      "RequestHeaders": {
        "Accept": "application/json",
        "Authorization": "eyJhbGciOiJIUzI1NiIsInR5cCI6IkpXVCJ9.eyJzdWIiOiIxMjM0NTY3ODkwIiwibmFtZSI6IkpvaG4gRG9lIiwiaWF0IjoxNTE2MjM5MDIyfQ.SflKxwRJSMeKKF2QT4fwpMeJf36POk6yJV_adQssw5c",
        "User-Agent": [
          "azsdk-net-Communication.Chat/1.0.0-alpha.20210211.1",
          "(.NET 5.0.3; Microsoft Windows 10.0.18363)"
        ],
        "x-ms-client-request-id": "7a1a34639428b156e2fa825fa12c7570",
        "x-ms-return-client-request-id": "true"
      },
      "RequestBody": null,
      "StatusCode": 200,
      "ResponseHeaders": {
        "api-supported-versions": "2020-09-21-preview2, 2020-11-01-preview3, 2021-01-27-preview4",
        "Content-Type": "application/json; charset=utf-8",
        "Date": "Fri, 12 Feb 2021 03:08:35 GMT",
        "MS-CV": "QV9Ey/0HaEOt03izwexfvQ.0",
        "Strict-Transport-Security": "max-age=2592000",
        "Transfer-Encoding": "chunked",
        "X-Azure-Ref": "0M/ElYAAAAAC0LlB19XgNRJO\u002BG8R24bzcWVZSMzBFREdFMDQwOAA5ZmM3YjUxOS1hOGNjLTRmODktOTM1ZS1jOTE0OGFlMDllODE=",
        "X-Processing-Time": "163ms"
      },
      "ResponseBody": {
        "value": [
          {
            "senderId": "8:acs:ac80d96a-85de-48b1-995d-a3a3fa3627c8_00000008-3417-cc9d-1000-343a0d0018dc",
            "chatMessageId": "1613099314747",
            "readOn": "2021-02-12T03:08:34Z"
          },
          {
            "senderId": "8:acs:ac80d96a-85de-48b1-995d-a3a3fa3627c8_00000008-3417-cd2f-1000-343a0d0018dd",
            "chatMessageId": "1613099314559",
            "readOn": "2021-02-12T03:08:35Z"
          }
        ]
      }
    },
    {
      "RequestUri": "https://sanitized.communication.azure.com/chat/threads/19%3AeZfPPv0Hl3MtqMyHzgLxosyKCoUFaWORDmryHitKt-c1%40thread.v2/readReceipts?api-version=2020-11-01-preview3",
      "RequestMethod": "GET",
      "RequestHeaders": {
        "Accept": "application/json",
        "Authorization": "eyJhbGciOiJIUzI1NiIsInR5cCI6IkpXVCJ9.eyJzdWIiOiIxMjM0NTY3ODkwIiwibmFtZSI6IkpvaG4gRG9lIiwiaWF0IjoxNTE2MjM5MDIyfQ.SflKxwRJSMeKKF2QT4fwpMeJf36POk6yJV_adQssw5c",
        "User-Agent": [
          "azsdk-net-Communication.Chat/1.0.0-alpha.20210211.1",
          "(.NET 5.0.3; Microsoft Windows 10.0.18363)"
        ],
        "x-ms-client-request-id": "7b85e96ba4d9a53d2870b51f2b9b000a",
        "x-ms-return-client-request-id": "true"
      },
      "RequestBody": null,
      "StatusCode": 200,
      "ResponseHeaders": {
        "api-supported-versions": "2020-09-21-preview2, 2020-11-01-preview3, 2021-01-27-preview4",
        "Content-Type": "application/json; charset=utf-8",
        "Date": "Fri, 12 Feb 2021 03:08:35 GMT",
        "MS-CV": "fpcDE5wFHkK4GSTISI7\u002B1A.0",
        "Strict-Transport-Security": "max-age=2592000",
        "Transfer-Encoding": "chunked",
        "X-Azure-Ref": "0M/ElYAAAAADHFoR8SBUCQ60XhB1fX1phWVZSMzBFREdFMDQwOAA5ZmM3YjUxOS1hOGNjLTRmODktOTM1ZS1jOTE0OGFlMDllODE=",
        "X-Processing-Time": "133ms"
      },
      "ResponseBody": {
        "value": [
          {
            "senderId": "8:acs:ac80d96a-85de-48b1-995d-a3a3fa3627c8_00000008-3417-cc9d-1000-343a0d0018dc",
            "chatMessageId": "1613099314747",
            "readOn": "2021-02-12T03:08:34Z"
          },
          {
            "senderId": "8:acs:ac80d96a-85de-48b1-995d-a3a3fa3627c8_00000008-3417-cd2f-1000-343a0d0018dd",
            "chatMessageId": "1613099314559",
            "readOn": "2021-02-12T03:08:35Z"
          }
        ]
      }
    },
    {
      "RequestUri": "https://sanitized.communication.azure.com/chat/threads/19%3AeZfPPv0Hl3MtqMyHzgLxosyKCoUFaWORDmryHitKt-c1%40thread.v2?api-version=2020-11-01-preview3",
      "RequestMethod": "DELETE",
      "RequestHeaders": {
        "Accept": "application/json",
        "Authorization": "eyJhbGciOiJIUzI1NiIsInR5cCI6IkpXVCJ9.eyJzdWIiOiIxMjM0NTY3ODkwIiwibmFtZSI6IkpvaG4gRG9lIiwiaWF0IjoxNTE2MjM5MDIyfQ.SflKxwRJSMeKKF2QT4fwpMeJf36POk6yJV_adQssw5c",
        "User-Agent": [
          "azsdk-net-Communication.Chat/1.0.0-alpha.20210211.1",
          "(.NET 5.0.3; Microsoft Windows 10.0.18363)"
        ],
        "x-ms-client-request-id": "fc5c2b8dfa4aac3683a26501a9e5762c",
        "x-ms-return-client-request-id": "true"
      },
      "RequestBody": null,
      "StatusCode": 204,
      "ResponseHeaders": {
        "api-supported-versions": "2020-09-21-preview2, 2020-11-01-preview3, 2021-01-27-preview4",
        "Date": "Fri, 12 Feb 2021 03:08:35 GMT",
        "MS-CV": "ARp44Hv5FEas9ojbpOQYZA.0",
        "Strict-Transport-Security": "max-age=2592000",
        "X-Azure-Ref": "0M/ElYAAAAAB\u002B8Iq34SPQSYLh9wuZSmWrWVZSMzBFREdFMDQwOAA5ZmM3YjUxOS1hOGNjLTRmODktOTM1ZS1jOTE0OGFlMDllODE=",
        "X-Processing-Time": "113ms"
      },
      "ResponseBody": []
    }
  ],
  "Variables": {
    "COMMUNICATION_CONNECTION_STRING": "endpoint=https://sanitized.communication.azure.com/;accesskey=Kg==",
    "RandomSeed": "2023588260"
  }
}