{
  "Entries": [
    {
      "RequestUri": "https://azurecommunicationservices.communication.azure.com/identities?api-version=2021-03-07",
      "RequestMethod": "POST",
      "RequestHeaders": {
        "Accept": "application/json",
        "Authorization": "Sanitized",
        "Content-Length": "2",
        "Content-Type": "application/json",
        "Date": "Tue, 19 Jan 2021 23:27:10 GMT",
        "traceparent": "00-02ee65a169ed0f4bb2763a81ca5491d7-a6699060416c5044-00",
        "User-Agent": [
          "azsdk-net-Communication.Administration/1.0.0-alpha.20210119.1",
          "(.NET 5.0.2; Microsoft Windows 10.0.18363)"
        ],
        "x-ms-client-request-id": "b7134711a9192012de372d74db982e86",
        "x-ms-content-sha256": "RBNvo1WzZ4oRRq0W9\u002BhknpT7T8If536DEMBg9hyq/4o=",
        "x-ms-return-client-request-id": "true"
      },
      "RequestBody": {},
      "StatusCode": 200,
      "ResponseHeaders": {
        "api-supported-versions": "2020-07-20-preview2, 2021-03-07",
        "Content-Type": "application/json; charset=utf-8",
        "Date": "Tue, 19 Jan 2021 23:27:08 GMT",
        "MS-CV": "IGB2xgC770S2Xf0v2GdFTg.0",
        "Strict-Transport-Security": "max-age=2592000",
        "Transfer-Encoding": "chunked",
        "X-Azure-Ref": "0zWoHYAAAAADSk15u9UZ/T5w5GLrHmtIxWVZSMzBFREdFMDQxMQA5ZmM3YjUxOS1hOGNjLTRmODktOTM1ZS1jOTE0OGFlMDllODE=",
        "x-ms-client-request-id": "b7134711a9192012de372d74db982e86",
        "X-Processing-Time": "20ms"
      },
      "ResponseBody": {
        "identity": {
          "id": "8:acs:ac80d96a-85de-48b1-995d-a3a3fa3627c8_00000007-bcda-d7d6-8337-3b3a0d0004bd"
        }
      }
    },
    {
      "RequestUri": "https://azurecommunicationservices.communication.azure.com/identities/8%3Aacs%3Aac80d96a-85de-48b1-995d-a3a3fa3627c8_00000007-bcda-d7d6-8337-3b3a0d0004bd/:issueAccessToken?api-version=2021-03-07",
      "RequestMethod": "POST",
      "RequestHeaders": {
        "Accept": "application/json",
        "Authorization": "Sanitized",
        "Content-Length": "19",
        "Content-Type": "application/json",
        "Date": "Tue, 19 Jan 2021 23:27:10 GMT",
        "traceparent": "00-52c3edb6f72115459e1d9157ec6a805e-191ac41c5db7c147-00",
        "User-Agent": [
          "azsdk-net-Communication.Administration/1.0.0-alpha.20210119.1",
          "(.NET 5.0.2; Microsoft Windows 10.0.18363)"
        ],
        "x-ms-client-request-id": "4d8bc77e77079335d16024debcd31777",
        "x-ms-content-sha256": "J\u002BdoRQjtFVYLx3qOvzptwBLjQWqy6OEWEEk1TY1\u002BrT4=",
        "x-ms-return-client-request-id": "true"
      },
      "RequestBody": {
        "scopes": [
          "chat"
        ]
      },
      "StatusCode": 200,
      "ResponseHeaders": {
        "api-supported-versions": "2020-07-20-preview2, 2021-03-07",
        "Content-Type": "application/json; charset=utf-8",
        "Date": "Tue, 19 Jan 2021 23:27:09 GMT",
        "MS-CV": "11UjjX8bhkSYivSDRqKBvg.0",
        "Strict-Transport-Security": "max-age=2592000",
        "Transfer-Encoding": "chunked",
        "X-Azure-Ref": "0zWoHYAAAAAAahP982BIYTptEfO2cFT57WVZSMzBFREdFMDQxMQA5ZmM3YjUxOS1hOGNjLTRmODktOTM1ZS1jOTE0OGFlMDllODE=",
        "x-ms-client-request-id": "4d8bc77e77079335d16024debcd31777",
        "X-Processing-Time": "23ms"
      },
      "ResponseBody": {
        "token": "Sanitized",
        "expiresOn": "2021-01-20T23:27:08.9046641\u002B00:00"
      }
    },
    {
      "RequestUri": "https://azurecommunicationservices.communication.azure.com/identities?api-version=2021-03-07",
      "RequestMethod": "POST",
      "RequestHeaders": {
        "Accept": "application/json",
        "Authorization": "Sanitized",
        "Content-Length": "2",
        "Content-Type": "application/json",
        "Date": "Tue, 19 Jan 2021 23:27:10 GMT",
        "traceparent": "00-652939923d2ac04ba720ec5fb7eed563-e83d5d433fe5fa42-00",
        "User-Agent": [
          "azsdk-net-Communication.Administration/1.0.0-alpha.20210119.1",
          "(.NET 5.0.2; Microsoft Windows 10.0.18363)"
        ],
        "x-ms-client-request-id": "67186e6aadd13657f94174d53555cb7b",
        "x-ms-content-sha256": "RBNvo1WzZ4oRRq0W9\u002BhknpT7T8If536DEMBg9hyq/4o=",
        "x-ms-return-client-request-id": "true"
      },
      "RequestBody": {},
      "StatusCode": 200,
      "ResponseHeaders": {
        "api-supported-versions": "2020-07-20-preview2, 2021-03-07",
        "Content-Type": "application/json; charset=utf-8",
        "Date": "Tue, 19 Jan 2021 23:27:09 GMT",
        "MS-CV": "WFpKw8e77k\u002BxDvidIMkSDw.0",
        "Strict-Transport-Security": "max-age=2592000",
        "Transfer-Encoding": "chunked",
        "X-Azure-Ref": "0zWoHYAAAAAD88L5pi1rySY1p2W9QTWaQWVZSMzBFREdFMDQxMQA5ZmM3YjUxOS1hOGNjLTRmODktOTM1ZS1jOTE0OGFlMDllODE=",
        "x-ms-client-request-id": "67186e6aadd13657f94174d53555cb7b",
        "X-Processing-Time": "21ms"
      },
      "ResponseBody": {
        "identity": {
          "id": "8:acs:ac80d96a-85de-48b1-995d-a3a3fa3627c8_00000007-bcda-d887-8337-3b3a0d0004be"
        }
      }
    },
    {
      "RequestUri": "https://azurecommunicationservices.communication.azure.com/identities/8%3Aacs%3Aac80d96a-85de-48b1-995d-a3a3fa3627c8_00000007-bcda-d887-8337-3b3a0d0004be/:issueAccessToken?api-version=2021-03-07",
      "RequestMethod": "POST",
      "RequestHeaders": {
        "Accept": "application/json",
        "Authorization": "Sanitized",
        "Content-Length": "19",
        "Content-Type": "application/json",
        "Date": "Tue, 19 Jan 2021 23:27:10 GMT",
        "traceparent": "00-927e72a34f28d343ae340167cb9c83fb-ac196e4e505a874c-00",
        "User-Agent": [
          "azsdk-net-Communication.Administration/1.0.0-alpha.20210119.1",
          "(.NET 5.0.2; Microsoft Windows 10.0.18363)"
        ],
        "x-ms-client-request-id": "f19fb0f2304f99e4127fe6b98533640b",
        "x-ms-content-sha256": "J\u002BdoRQjtFVYLx3qOvzptwBLjQWqy6OEWEEk1TY1\u002BrT4=",
        "x-ms-return-client-request-id": "true"
      },
      "RequestBody": {
        "scopes": [
          "chat"
        ]
      },
      "StatusCode": 200,
      "ResponseHeaders": {
        "api-supported-versions": "2020-07-20-preview2, 2021-03-07",
        "Content-Type": "application/json; charset=utf-8",
        "Date": "Tue, 19 Jan 2021 23:27:09 GMT",
        "MS-CV": "uPuvtceP/ka5UuV2dMCe1A.0",
        "Strict-Transport-Security": "max-age=2592000",
        "Transfer-Encoding": "chunked",
        "X-Azure-Ref": "0zmoHYAAAAAA3lMdes0I6Q4Cu3MDBdfs7WVZSMzBFREdFMDQxMQA5ZmM3YjUxOS1hOGNjLTRmODktOTM1ZS1jOTE0OGFlMDllODE=",
        "x-ms-client-request-id": "f19fb0f2304f99e4127fe6b98533640b",
        "X-Processing-Time": "23ms"
      },
      "ResponseBody": {
        "token": "Sanitized",
        "expiresOn": "2021-01-20T23:27:09.0605771\u002B00:00"
      }
    },
    {
      "RequestUri": "https://azurecommunicationservices.communication.azure.com/chat/threads?api-version=2020-09-21-preview2",
      "RequestMethod": "POST",
      "RequestHeaders": {
        "Accept": "application/json",
        "Authorization": "eyJhbGciOiJIUzI1NiIsInR5cCI6IkpXVCJ9.eyJzdWIiOiIxMjM0NTY3ODkwIiwibmFtZSI6IkpvaG4gRG9lIiwiaWF0IjoxNTE2MjM5MDIyfQ.SflKxwRJSMeKKF2QT4fwpMeJf36POk6yJV_adQssw5c",
        "Content-Length": "240",
        "Content-Type": "application/json",
        "traceparent": "00-5a15393088980744b0616b475ab21e8a-04f2485429509a4e-00",
        "User-Agent": [
          "azsdk-net-Communication.Chat/1.0.0-alpha.20210119.1",
          "(.NET 5.0.2; Microsoft Windows 10.0.18363)"
        ],
        "x-ms-client-request-id": "6d0ab520c780d0b5705553c603605e7b",
        "x-ms-return-client-request-id": "true"
      },
      "RequestBody": {
        "topic": "Thread topic - ReadReceipts Async Test",
        "members": [
          {
            "id": "8:acs:ac80d96a-85de-48b1-995d-a3a3fa3627c8_00000007-bcda-d7d6-8337-3b3a0d0004bd"
          },
          {
            "id": "8:acs:ac80d96a-85de-48b1-995d-a3a3fa3627c8_00000007-bcda-d887-8337-3b3a0d0004be"
          }
        ]
      },
      "StatusCode": 207,
      "ResponseHeaders": {
        "api-supported-versions": "2020-09-21-preview2, 2020-11-01-preview3",
        "Content-Type": "application/json; charset=utf-8",
        "Date": "Tue, 19 Jan 2021 23:27:09 GMT",
        "Location": "https://13.64.171.212/chat/threads/19%3Aa30089fce01843af8e0fe91b9cb68f45@thread.v2",
        "MS-CV": "pkbeG\u002BNeoE6Vxv9qZiIFKg.0",
        "Strict-Transport-Security": "max-age=2592000",
        "Transfer-Encoding": "chunked",
        "X-Azure-Ref": "0zmoHYAAAAADHuo95Zcb7SoD/d7JNN2SGWVZSMzBFREdFMDQxMQA5ZmM3YjUxOS1hOGNjLTRmODktOTM1ZS1jOTE0OGFlMDllODE=",
        "X-Processing-Time": "420ms"
      },
      "ResponseBody": {
        "multipleStatus": [
          {
            "id": "8:acs:ac80d96a-85de-48b1-995d-a3a3fa3627c8_00000007-bcda-d7d6-8337-3b3a0d0004bd",
            "statusCode": 201,
            "type": "ThreadMember"
          },
          {
            "id": "8:acs:ac80d96a-85de-48b1-995d-a3a3fa3627c8_00000007-bcda-d887-8337-3b3a0d0004be",
            "statusCode": 201,
            "type": "ThreadMember"
          },
          {
            "id": "19:a30089fce01843af8e0fe91b9cb68f45@thread.v2",
            "statusCode": 201,
            "type": "Thread"
          }
        ]
      }
    },
    {
      "RequestUri": "https://azurecommunicationservices.communication.azure.com/chat/threads/19%3Aa30089fce01843af8e0fe91b9cb68f45%40thread.v2/messages?api-version=2020-09-21-preview2",
      "RequestMethod": "POST",
      "RequestHeaders": {
        "Accept": "application/json",
        "Authorization": "eyJhbGciOiJIUzI1NiIsInR5cCI6IkpXVCJ9.eyJzdWIiOiIxMjM0NTY3ODkwIiwibmFtZSI6IkpvaG4gRG9lIiwiaWF0IjoxNTE2MjM5MDIyfQ.SflKxwRJSMeKKF2QT4fwpMeJf36POk6yJV_adQssw5c",
        "Content-Length": "39",
        "Content-Type": "application/json",
        "traceparent": "00-50944844da48234d8e2187a7cf54ad09-4f3154e9395fab47-00",
        "User-Agent": [
          "azsdk-net-Communication.Chat/1.0.0-alpha.20210119.1",
          "(.NET 5.0.2; Microsoft Windows 10.0.18363)"
        ],
        "x-ms-client-request-id": "0ceba99426343927897e5552c79db1c5",
        "x-ms-return-client-request-id": "true"
      },
      "RequestBody": {
        "content": "This is message 1 content"
      },
      "StatusCode": 201,
      "ResponseHeaders": {
        "api-supported-versions": "2020-09-21-preview2, 2020-11-01-preview3",
        "Content-Type": "application/json; charset=utf-8",
        "Date": "Tue, 19 Jan 2021 23:27:10 GMT",
        "Location": "https://13.64.171.212/chat/threads/19%3Aa30089fce01843af8e0fe91b9cb68f45@thread.v2/messages/1611098830777",
        "MS-CV": "JQE2Nb4cr0irtWE94NpMYg.0",
        "Strict-Transport-Security": "max-age=2592000",
        "Transfer-Encoding": "chunked",
        "X-Azure-Ref": "0zmoHYAAAAAA6/g1nOwcwTbxh1dq\u002BBm8fWVZSMzBFREdFMDQxMQA5ZmM3YjUxOS1hOGNjLTRmODktOTM1ZS1jOTE0OGFlMDllODE=",
        "X-Processing-Time": "179ms"
      },
      "ResponseBody": {
        "id": "1611098830777"
      }
    },
    {
      "RequestUri": "https://azurecommunicationservices.communication.azure.com/chat/threads/19%3Aa30089fce01843af8e0fe91b9cb68f45%40thread.v2/messages?api-version=2020-09-21-preview2",
      "RequestMethod": "POST",
      "RequestHeaders": {
        "Accept": "application/json",
        "Authorization": "eyJhbGciOiJIUzI1NiIsInR5cCI6IkpXVCJ9.eyJzdWIiOiIxMjM0NTY3ODkwIiwibmFtZSI6IkpvaG4gRG9lIiwiaWF0IjoxNTE2MjM5MDIyfQ.SflKxwRJSMeKKF2QT4fwpMeJf36POk6yJV_adQssw5c",
        "Content-Length": "39",
        "Content-Type": "application/json",
        "traceparent": "00-792960b83766054c9522d4ec86098e96-8e50770a16e1a243-00",
        "User-Agent": [
          "azsdk-net-Communication.Chat/1.0.0-alpha.20210119.1",
          "(.NET 5.0.2; Microsoft Windows 10.0.18363)"
        ],
        "x-ms-client-request-id": "80b468dd5e4a2bfaface80fadd1e96b1",
        "x-ms-return-client-request-id": "true"
      },
      "RequestBody": {
        "content": "This is message 2 content"
      },
      "StatusCode": 201,
      "ResponseHeaders": {
        "api-supported-versions": "2020-09-21-preview2, 2020-11-01-preview3",
        "Content-Type": "application/json; charset=utf-8",
        "Date": "Tue, 19 Jan 2021 23:27:10 GMT",
        "Location": "https://13.64.171.212/chat/threads/19%3Aa30089fce01843af8e0fe91b9cb68f45@thread.v2/messages/1611098831127",
        "MS-CV": "WW44btEKuUCYM6b0WNx97g.0",
        "Strict-Transport-Security": "max-age=2592000",
        "Transfer-Encoding": "chunked",
        "X-Azure-Ref": "0zmoHYAAAAACaqy0jXHlMS7OQbI51YFa4WVZSMzBFREdFMDQxMQA5ZmM3YjUxOS1hOGNjLTRmODktOTM1ZS1jOTE0OGFlMDllODE=",
        "X-Processing-Time": "169ms"
      },
      "ResponseBody": {
        "id": "1611098831127"
      }
    },
    {
      "RequestUri": "https://azurecommunicationservices.communication.azure.com/chat/threads/19%3Aa30089fce01843af8e0fe91b9cb68f45%40thread.v2/readreceipts?api-version=2020-09-21-preview2",
      "RequestMethod": "POST",
      "RequestHeaders": {
        "Accept": "application/json",
        "Authorization": "eyJhbGciOiJIUzI1NiIsInR5cCI6IkpXVCJ9.eyJzdWIiOiIxMjM0NTY3ODkwIiwibmFtZSI6IkpvaG4gRG9lIiwiaWF0IjoxNTE2MjM5MDIyfQ.SflKxwRJSMeKKF2QT4fwpMeJf36POk6yJV_adQssw5c",
        "Content-Length": "33",
        "Content-Type": "application/json",
        "traceparent": "00-255bd6ef597dfa42948d91553750e1e4-e40d22c40515f84f-00",
        "User-Agent": [
          "azsdk-net-Communication.Chat/1.0.0-alpha.20210119.1",
          "(.NET 5.0.2; Microsoft Windows 10.0.18363)"
        ],
        "x-ms-client-request-id": "db246a205748fad78dd1e401716209d2",
        "x-ms-return-client-request-id": "true"
      },
      "RequestBody": {
        "chatMessageId": "1611098831127"
      },
      "StatusCode": 201,
      "ResponseHeaders": {
        "api-supported-versions": "2020-09-21-preview2, 2020-11-01-preview3",
        "Content-Length": "0",
        "Date": "Tue, 19 Jan 2021 23:27:10 GMT",
        "MS-CV": "jlAsqOiAIUC5jj6h\u002BHvR9w.0",
        "Strict-Transport-Security": "max-age=2592000",
        "X-Azure-Ref": "0z2oHYAAAAAC4d4D19Rq9SY53NRvzRhpfWVZSMzBFREdFMDQxMQA5ZmM3YjUxOS1hOGNjLTRmODktOTM1ZS1jOTE0OGFlMDllODE=",
        "X-Processing-Time": "111ms"
      },
      "ResponseBody": []
    },
    {
      "RequestUri": "https://azurecommunicationservices.communication.azure.com/chat/threads/19%3Aa30089fce01843af8e0fe91b9cb68f45%40thread.v2/readreceipts?api-version=2020-09-21-preview2",
      "RequestMethod": "POST",
      "RequestHeaders": {
        "Accept": "application/json",
        "Authorization": "eyJhbGciOiJIUzI1NiIsInR5cCI6IkpXVCJ9.eyJzdWIiOiIxMjM0NTY3ODkwIiwibmFtZSI6IkpvaG4gRG9lIiwiaWF0IjoxNTE2MjM5MDIyfQ.SflKxwRJSMeKKF2QT4fwpMeJf36POk6yJV_adQssw5c",
        "Content-Length": "33",
        "Content-Type": "application/json",
        "traceparent": "00-06649b46b41e254f96a6f5f23c3e3f35-b56f75bc1a523c42-00",
        "User-Agent": [
          "azsdk-net-Communication.Chat/1.0.0-alpha.20210119.1",
          "(.NET 5.0.2; Microsoft Windows 10.0.18363)"
        ],
        "x-ms-client-request-id": "9ae98da3deab3631aebf1165a52d5c6a",
        "x-ms-return-client-request-id": "true"
      },
      "RequestBody": {
        "chatMessageId": "1611098830777"
      },
      "StatusCode": 201,
      "ResponseHeaders": {
        "api-supported-versions": "2020-09-21-preview2, 2020-11-01-preview3",
        "Content-Length": "0",
        "Date": "Tue, 19 Jan 2021 23:27:11 GMT",
        "MS-CV": "T\u002BjAXtouL06/aFANk3WbTw.0",
        "Strict-Transport-Security": "max-age=2592000",
        "X-Azure-Ref": "0z2oHYAAAAACk1\u002BoAXoDOQL/m42FLGT1gWVZSMzBFREdFMDQxMQA5ZmM3YjUxOS1hOGNjLTRmODktOTM1ZS1jOTE0OGFlMDllODE=",
        "X-Processing-Time": "115ms"
      },
      "ResponseBody": []
    },
    {
      "RequestUri": "https://azurecommunicationservices.communication.azure.com/chat/threads/19%3Aa30089fce01843af8e0fe91b9cb68f45%40thread.v2/readreceipts?api-version=2020-09-21-preview2",
      "RequestMethod": "GET",
      "RequestHeaders": {
        "Accept": "application/json",
        "Authorization": "eyJhbGciOiJIUzI1NiIsInR5cCI6IkpXVCJ9.eyJzdWIiOiIxMjM0NTY3ODkwIiwibmFtZSI6IkpvaG4gRG9lIiwiaWF0IjoxNTE2MjM5MDIyfQ.SflKxwRJSMeKKF2QT4fwpMeJf36POk6yJV_adQssw5c",
        "traceparent": "00-05137fb4f551ea41871d3d5a4309fc78-28540f23f198f845-00",
        "User-Agent": [
          "azsdk-net-Communication.Chat/1.0.0-alpha.20210119.1",
          "(.NET 5.0.2; Microsoft Windows 10.0.18363)"
        ],
        "x-ms-client-request-id": "5c31a4e8d579857d91baf2787af9ba97",
        "x-ms-return-client-request-id": "true"
      },
      "RequestBody": null,
      "StatusCode": 200,
      "ResponseHeaders": {
        "api-supported-versions": "2020-09-21-preview2, 2020-11-01-preview3",
        "Content-Type": "application/json; charset=utf-8",
        "Date": "Tue, 19 Jan 2021 23:27:11 GMT",
        "MS-CV": "jSax0/it2kOWt86G\u002BV7Ahw.0",
        "Strict-Transport-Security": "max-age=2592000",
        "Transfer-Encoding": "chunked",
        "X-Azure-Ref": "0z2oHYAAAAACtQX/Gr0uoSJ2vaW6GiTZrWVZSMzBFREdFMDQxMQA5ZmM3YjUxOS1hOGNjLTRmODktOTM1ZS1jOTE0OGFlMDllODE=",
        "X-Processing-Time": "59ms"
      },
      "ResponseBody": {
        "value": [
          {
            "senderId": "8:acs:ac80d96a-85de-48b1-995d-a3a3fa3627c8_00000007-bcda-d7d6-8337-3b3a0d0004bd",
            "chatMessageId": "1611098831127",
            "readOn": "2021-01-19T23:27:11Z"
          },
          {
            "senderId": "8:acs:ac80d96a-85de-48b1-995d-a3a3fa3627c8_00000007-bcda-d887-8337-3b3a0d0004be",
            "chatMessageId": "1611098830777",
            "readOn": "2021-01-19T23:27:11Z"
          }
        ]
      }
    },
    {
      "RequestUri": "https://azurecommunicationservices.communication.azure.com/chat/threads/19%3Aa30089fce01843af8e0fe91b9cb68f45%40thread.v2/readreceipts?api-version=2020-09-21-preview2",
      "RequestMethod": "GET",
      "RequestHeaders": {
        "Accept": "application/json",
        "Authorization": "eyJhbGciOiJIUzI1NiIsInR5cCI6IkpXVCJ9.eyJzdWIiOiIxMjM0NTY3ODkwIiwibmFtZSI6IkpvaG4gRG9lIiwiaWF0IjoxNTE2MjM5MDIyfQ.SflKxwRJSMeKKF2QT4fwpMeJf36POk6yJV_adQssw5c",
        "traceparent": "00-d288962194e38f4db70e42549f724bd8-6adf93ed48ecf441-00",
        "User-Agent": [
          "azsdk-net-Communication.Chat/1.0.0-alpha.20210119.1",
          "(.NET 5.0.2; Microsoft Windows 10.0.18363)"
        ],
        "x-ms-client-request-id": "4f56adc5fb35420539ee2d8845715460",
        "x-ms-return-client-request-id": "true"
      },
      "RequestBody": null,
      "StatusCode": 200,
      "ResponseHeaders": {
        "api-supported-versions": "2020-09-21-preview2, 2020-11-01-preview3",
        "Content-Type": "application/json; charset=utf-8",
        "Date": "Tue, 19 Jan 2021 23:27:11 GMT",
        "MS-CV": "O/Q0XBafv0KaH6MgZBak8g.0",
        "Strict-Transport-Security": "max-age=2592000",
        "Transfer-Encoding": "chunked",
        "X-Azure-Ref": "00GoHYAAAAACYnSnlfqnkQ5IVWjqIGx1RWVZSMzBFREdFMDQxMQA5ZmM3YjUxOS1hOGNjLTRmODktOTM1ZS1jOTE0OGFlMDllODE=",
        "X-Processing-Time": "63ms"
      },
      "ResponseBody": {
        "value": [
          {
            "senderId": "8:acs:ac80d96a-85de-48b1-995d-a3a3fa3627c8_00000007-bcda-d7d6-8337-3b3a0d0004bd",
            "chatMessageId": "1611098831127",
            "readOn": "2021-01-19T23:27:11Z"
          },
          {
            "senderId": "8:acs:ac80d96a-85de-48b1-995d-a3a3fa3627c8_00000007-bcda-d887-8337-3b3a0d0004be",
            "chatMessageId": "1611098830777",
            "readOn": "2021-01-19T23:27:11Z"
          }
        ]
      }
    },
    {
      "RequestUri": "https://azurecommunicationservices.communication.azure.com/chat/threads/19%3Aa30089fce01843af8e0fe91b9cb68f45%40thread.v2?api-version=2020-09-21-preview2",
      "RequestMethod": "DELETE",
      "RequestHeaders": {
        "Accept": "application/json",
        "Authorization": "eyJhbGciOiJIUzI1NiIsInR5cCI6IkpXVCJ9.eyJzdWIiOiIxMjM0NTY3ODkwIiwibmFtZSI6IkpvaG4gRG9lIiwiaWF0IjoxNTE2MjM5MDIyfQ.SflKxwRJSMeKKF2QT4fwpMeJf36POk6yJV_adQssw5c",
        "traceparent": "00-7c53f4faf043254a837a79a45dcfafbc-898487c2a72e4c4c-00",
        "User-Agent": [
          "azsdk-net-Communication.Chat/1.0.0-alpha.20210119.1",
          "(.NET 5.0.2; Microsoft Windows 10.0.18363)"
        ],
        "x-ms-client-request-id": "cd197975ac31ce59106309f0ebb8bbb5",
        "x-ms-return-client-request-id": "true"
      },
      "RequestBody": null,
      "StatusCode": 204,
      "ResponseHeaders": {
        "api-supported-versions": "2020-09-21-preview2, 2020-11-01-preview3",
        "Date": "Tue, 19 Jan 2021 23:27:11 GMT",
        "MS-CV": "zp/PSpzP6kSddYQPwyAZ8A.0",
        "Strict-Transport-Security": "max-age=2592000",
        "X-Azure-Ref": "00GoHYAAAAAApDODMRpAbRr/LUrkWVhSiWVZSMzBFREdFMDQxMQA5ZmM3YjUxOS1hOGNjLTRmODktOTM1ZS1jOTE0OGFlMDllODE=",
        "X-Processing-Time": "314ms"
      },
      "ResponseBody": []
    }
  ],
  "Variables": {
    "COMMUNICATION_CONNECTION_STRING": "endpoint=https://azurecommunicationservices.communication.azure.com/;accesskey=Kg==;",
    "RandomSeed": "88635572"
  }
}
