{
  "Entries": [
    {
      "RequestUri": "https://management.azure.com/subscriptions/db1ab6f0-4769-4b27-930e-01e2ef9c123c?api-version=2021-01-01",
      "RequestMethod": "GET",
      "RequestHeaders": {
        "Accept": "application/json",
        "Authorization": "Sanitized",
        "traceparent": "00-1a104f2a4f53ba4aace4718d5e35367a-b995f665b6c17d45-00",
        "User-Agent": "azsdk-net-ResourceManager/1.0.0-beta.5 (.NET Framework 4.8.4300.0; Microsoft Windows 10.0.19043 )",
        "x-ms-client-request-id": "a6eb9885ea9e5a7c423c0ee0a9aa5f40",
        "x-ms-return-client-request-id": "true"
      },
      "RequestBody": null,
      "StatusCode": 200,
      "ResponseHeaders": {
        "Cache-Control": "no-cache",
        "Content-Length": "468",
        "Content-Type": "application/json; charset=utf-8",
        "Date": "Thu, 18 Nov 2021 06:35:09 GMT",
        "Expires": "-1",
        "Pragma": "no-cache",
        "Strict-Transport-Security": "max-age=31536000; includeSubDomains",
        "X-Content-Type-Options": "nosniff",
        "x-ms-correlation-request-id": "fe9451fc-fd32-45e4-9bb1-e451c3ca45cd",
        "x-ms-ratelimit-remaining-subscription-reads": "11925",
        "x-ms-request-id": "fe9451fc-fd32-45e4-9bb1-e451c3ca45cd",
        "x-ms-routing-request-id": "SOUTHEASTASIA:20211118T063509Z:fe9451fc-fd32-45e4-9bb1-e451c3ca45cd"
      },
      "ResponseBody": {
        "id": "/subscriptions/db1ab6f0-4769-4b27-930e-01e2ef9c123c",
        "authorizationSource": "RoleBased",
        "managedByTenants": [],
        "tags": {
          "tagKey1": "tagValue1",
          "tagKey2": "tagValue2"
        },
        "subscriptionId": "db1ab6f0-4769-4b27-930e-01e2ef9c123c",
        "tenantId": "72f988bf-86f1-41af-91ab-2d7cd011db47",
        "displayName": ".NET Mgmt SDK Test with TTL = 1 Day",
        "state": "Enabled",
        "subscriptionPolicies": {
          "locationPlacementId": "Internal_2014-09-01",
          "quotaId": "Internal_2014-09-01",
          "spendingLimit": "Off"
        }
      }
    },
    {
      "RequestUri": "https://management.azure.com/subscriptions/db1ab6f0-4769-4b27-930e-01e2ef9c123c/resourcegroups/teststorageRG-1691?api-version=2021-04-01",
      "RequestMethod": "PUT",
      "RequestHeaders": {
        "Accept": "application/json",
        "Authorization": "Sanitized",
        "Content-Length": "44",
        "Content-Type": "application/json",
        "User-Agent": "azsdk-net-ResourceManager/1.0.0-beta.5 (.NET Framework 4.8.4300.0; Microsoft Windows 10.0.19043 )",
        "x-ms-client-request-id": "692e28e1854441cc272fe34521b5cff5",
        "x-ms-return-client-request-id": "true"
      },
      "RequestBody": {
        "location": "eastus2",
        "tags": {
          "test": "env"
        }
      },
      "StatusCode": 201,
      "ResponseHeaders": {
        "Cache-Control": "no-cache",
        "Content-Length": "256",
        "Content-Type": "application/json; charset=utf-8",
        "Date": "Thu, 18 Nov 2021 06:35:10 GMT",
        "Expires": "-1",
        "Pragma": "no-cache",
        "Strict-Transport-Security": "max-age=31536000; includeSubDomains",
        "X-Content-Type-Options": "nosniff",
        "x-ms-correlation-request-id": "359fe0a5-b73c-4442-b4a5-b4547e30ac63",
        "x-ms-ratelimit-remaining-subscription-writes": "1190",
        "x-ms-request-id": "359fe0a5-b73c-4442-b4a5-b4547e30ac63",
        "x-ms-routing-request-id": "SOUTHEASTASIA:20211118T063510Z:359fe0a5-b73c-4442-b4a5-b4547e30ac63"
      },
      "ResponseBody": {
        "id": "/subscriptions/db1ab6f0-4769-4b27-930e-01e2ef9c123c/resourceGroups/teststorageRG-1691",
        "name": "teststorageRG-1691",
        "type": "Microsoft.Resources/resourceGroups",
        "location": "eastus2",
        "tags": {
          "test": "env"
        },
        "properties": {
          "provisioningState": "Succeeded"
        }
      }
    },
    {
      "RequestUri": "https://management.azure.com/subscriptions/db1ab6f0-4769-4b27-930e-01e2ef9c123c/providers/Microsoft.Storage/checkNameAvailability?api-version=2021-08-01",
      "RequestMethod": "POST",
      "RequestHeaders": {
        "Accept": "application/json",
        "Authorization": "Sanitized",
        "Content-Length": "73",
        "Content-Type": "application/json",
        "User-Agent": "azsdk-net-ResourceManager.Storage/1.0.0-alpha.20211118.1 (.NET Framework 4.8.4300.0; Microsoft Windows 10.0.19043 )",
        "x-ms-client-request-id": "0aa96287bb6375f17fe09640fa5f9d03",
        "x-ms-return-client-request-id": "true"
      },
      "RequestBody": {
        "name": "teststoragemgmt4000",
        "type": "Microsoft.Storage/storageAccounts"
      },
      "StatusCode": 200,
      "ResponseHeaders": {
        "Cache-Control": "no-cache",
        "Content-Length": "22",
        "Content-Type": "application/json",
        "Date": "Thu, 18 Nov 2021 06:35:11 GMT",
        "Expires": "-1",
        "Pragma": "no-cache",
        "Server": "Microsoft-Azure-Storage-Resource-Provider/1.0,Microsoft-HTTPAPI/2.0 Microsoft-HTTPAPI/2.0",
        "Strict-Transport-Security": "max-age=31536000; includeSubDomains",
        "X-Content-Type-Options": "nosniff",
        "x-ms-client-request-id": "0aa96287bb6375f17fe09640fa5f9d03",
        "x-ms-correlation-request-id": "51e96b0c-b731-46b6-a470-066a7b907af8",
        "x-ms-ratelimit-remaining-subscription-reads": "11924",
        "x-ms-request-id": "e24a91fd-b373-46a1-bab5-cbedd8699485",
        "x-ms-routing-request-id": "SOUTHEASTASIA:20211118T063511Z:51e96b0c-b731-46b6-a470-066a7b907af8"
      },
      "ResponseBody": {
        "nameAvailable": true
      }
    },
    {
      "RequestUri": "https://management.azure.com/subscriptions/db1ab6f0-4769-4b27-930e-01e2ef9c123c/resourceGroups/teststorageRG-1691/providers/Microsoft.Storage/storageAccounts/teststoragemgmt4000?api-version=2021-08-01",
      "RequestMethod": "PUT",
      "RequestHeaders": {
        "Accept": "application/json",
        "Authorization": "Sanitized",
        "Content-Length": "128",
        "Content-Type": "application/json",
        "User-Agent": "azsdk-net-ResourceManager.Storage/1.0.0-alpha.20211118.1 (.NET Framework 4.8.4300.0; Microsoft Windows 10.0.19043 )",
        "x-ms-client-request-id": "38dc363c40901f136577ba981520863f",
        "x-ms-return-client-request-id": "true"
      },
      "RequestBody": {
        "sku": {
          "name": "Standard_GRS"
        },
        "kind": "StorageV2",
        "location": "eastus2",
        "tags": {
          "key1": "value1",
          "key2": "value2"
        },
        "properties": {}
      },
      "StatusCode": 202,
      "ResponseHeaders": {
        "Cache-Control": "no-cache",
        "Content-Length": "0",
        "Content-Type": "text/plain; charset=utf-8",
        "Date": "Thu, 18 Nov 2021 06:35:14 GMT",
        "Expires": "-1",
        "Location": "https://management.azure.com/subscriptions/db1ab6f0-4769-4b27-930e-01e2ef9c123c/providers/Microsoft.Storage/locations/eastus2/asyncoperations/77581b58-3b1a-4392-8bef-7232ad0d676b?monitor=true\u0026api-version=2021-08-01",
        "Pragma": "no-cache",
        "Retry-After": "17",
        "Server": "Microsoft-Azure-Storage-Resource-Provider/1.0,Microsoft-HTTPAPI/2.0 Microsoft-HTTPAPI/2.0",
        "Strict-Transport-Security": "max-age=31536000; includeSubDomains",
        "X-Content-Type-Options": "nosniff",
        "x-ms-client-request-id": "38dc363c40901f136577ba981520863f",
        "x-ms-correlation-request-id": "fd394a55-54ac-4c5c-a3d0-e8478db14d90",
        "x-ms-ratelimit-remaining-subscription-writes": "1189",
        "x-ms-request-id": "77581b58-3b1a-4392-8bef-7232ad0d676b",
        "x-ms-routing-request-id": "SOUTHEASTASIA:20211118T063515Z:fd394a55-54ac-4c5c-a3d0-e8478db14d90"
      },
      "ResponseBody": []
    },
    {
      "RequestUri": "https://management.azure.com/subscriptions/db1ab6f0-4769-4b27-930e-01e2ef9c123c/providers/Microsoft.Storage/locations/eastus2/asyncoperations/77581b58-3b1a-4392-8bef-7232ad0d676b?monitor=true\u0026api-version=2021-08-01",
      "RequestMethod": "GET",
      "RequestHeaders": {
        "Authorization": "Sanitized",
        "User-Agent": "azsdk-net-ResourceManager/1.0.0-beta.5 (.NET Framework 4.8.4300.0; Microsoft Windows 10.0.19043 )",
        "x-ms-client-request-id": "7fe54145bdf347f64f8aa5eb0058605e",
        "x-ms-return-client-request-id": "true"
      },
      "RequestBody": null,
      "StatusCode": 202,
      "ResponseHeaders": {
        "Cache-Control": "no-cache",
        "Content-Length": "0",
        "Content-Type": "text/plain; charset=utf-8",
        "Date": "Thu, 18 Nov 2021 06:35:15 GMT",
        "Expires": "-1",
        "Location": "https://management.azure.com/subscriptions/db1ab6f0-4769-4b27-930e-01e2ef9c123c/providers/Microsoft.Storage/locations/eastus2/asyncoperations/77581b58-3b1a-4392-8bef-7232ad0d676b?monitor=true\u0026api-version=2021-08-01",
        "Pragma": "no-cache",
        "Retry-After": "17",
        "Server": "Microsoft-Azure-Storage-Resource-Provider/1.0,Microsoft-HTTPAPI/2.0 Microsoft-HTTPAPI/2.0",
        "Strict-Transport-Security": "max-age=31536000; includeSubDomains",
        "X-Content-Type-Options": "nosniff",
        "x-ms-client-request-id": "7fe54145bdf347f64f8aa5eb0058605e",
        "x-ms-correlation-request-id": "82f1c41a-c3ba-4cf7-83ef-96bb85185a6c",
        "x-ms-ratelimit-remaining-subscription-reads": "11923",
        "x-ms-request-id": "874eeca3-bafa-4716-b84a-e4f89f8f0aa8",
        "x-ms-routing-request-id": "SOUTHEASTASIA:20211118T063515Z:82f1c41a-c3ba-4cf7-83ef-96bb85185a6c"
      },
      "ResponseBody": []
    },
    {
      "RequestUri": "https://management.azure.com/subscriptions/db1ab6f0-4769-4b27-930e-01e2ef9c123c/providers/Microsoft.Storage/locations/eastus2/asyncoperations/77581b58-3b1a-4392-8bef-7232ad0d676b?monitor=true\u0026api-version=2021-08-01",
      "RequestMethod": "GET",
      "RequestHeaders": {
        "Authorization": "Sanitized",
        "User-Agent": "azsdk-net-ResourceManager/1.0.0-beta.5 (.NET Framework 4.8.4300.0; Microsoft Windows 10.0.19043 )",
        "x-ms-client-request-id": "d855575aa03cce6cb86ffb9c7a6fe864",
        "x-ms-return-client-request-id": "true"
      },
      "RequestBody": null,
      "StatusCode": 202,
      "ResponseHeaders": {
        "Cache-Control": "no-cache",
        "Content-Length": "0",
        "Content-Type": "text/plain; charset=utf-8",
        "Date": "Thu, 18 Nov 2021 06:35:16 GMT",
        "Expires": "-1",
        "Location": "https://management.azure.com/subscriptions/db1ab6f0-4769-4b27-930e-01e2ef9c123c/providers/Microsoft.Storage/locations/eastus2/asyncoperations/77581b58-3b1a-4392-8bef-7232ad0d676b?monitor=true\u0026api-version=2021-08-01",
        "Pragma": "no-cache",
        "Retry-After": "17",
        "Server": "Microsoft-Azure-Storage-Resource-Provider/1.0,Microsoft-HTTPAPI/2.0 Microsoft-HTTPAPI/2.0",
        "Strict-Transport-Security": "max-age=31536000; includeSubDomains",
        "X-Content-Type-Options": "nosniff",
        "x-ms-client-request-id": "d855575aa03cce6cb86ffb9c7a6fe864",
        "x-ms-correlation-request-id": "724e4d5d-04c3-49f8-a1a5-43bd1554ee51",
        "x-ms-ratelimit-remaining-subscription-reads": "11922",
        "x-ms-request-id": "d390e508-286d-4484-acc7-cd1f69addab6",
        "x-ms-routing-request-id": "SOUTHEASTASIA:20211118T063516Z:724e4d5d-04c3-49f8-a1a5-43bd1554ee51"
      },
      "ResponseBody": []
    },
    {
      "RequestUri": "https://management.azure.com/subscriptions/db1ab6f0-4769-4b27-930e-01e2ef9c123c/providers/Microsoft.Storage/locations/eastus2/asyncoperations/77581b58-3b1a-4392-8bef-7232ad0d676b?monitor=true\u0026api-version=2021-08-01",
      "RequestMethod": "GET",
      "RequestHeaders": {
        "Authorization": "Sanitized",
        "User-Agent": "azsdk-net-ResourceManager/1.0.0-beta.5 (.NET Framework 4.8.4300.0; Microsoft Windows 10.0.19043 )",
        "x-ms-client-request-id": "d352ea4b073a2d4b2bdbad0cc7926ce3",
        "x-ms-return-client-request-id": "true"
      },
      "RequestBody": null,
      "StatusCode": 202,
      "ResponseHeaders": {
        "Cache-Control": "no-cache",
        "Content-Length": "0",
        "Content-Type": "text/plain; charset=utf-8",
        "Date": "Thu, 18 Nov 2021 06:35:17 GMT",
        "Expires": "-1",
        "Location": "https://management.azure.com/subscriptions/db1ab6f0-4769-4b27-930e-01e2ef9c123c/providers/Microsoft.Storage/locations/eastus2/asyncoperations/77581b58-3b1a-4392-8bef-7232ad0d676b?monitor=true\u0026api-version=2021-08-01",
        "Pragma": "no-cache",
        "Retry-After": "17",
        "Server": "Microsoft-Azure-Storage-Resource-Provider/1.0,Microsoft-HTTPAPI/2.0 Microsoft-HTTPAPI/2.0",
        "Strict-Transport-Security": "max-age=31536000; includeSubDomains",
        "X-Content-Type-Options": "nosniff",
        "x-ms-client-request-id": "d352ea4b073a2d4b2bdbad0cc7926ce3",
        "x-ms-correlation-request-id": "e12c4e4c-3a26-435c-b267-e186ca0c7174",
        "x-ms-ratelimit-remaining-subscription-reads": "11921",
        "x-ms-request-id": "8eb12b79-ba0f-4cd2-bf29-4d51aa0c45d6",
        "x-ms-routing-request-id": "SOUTHEASTASIA:20211118T063518Z:e12c4e4c-3a26-435c-b267-e186ca0c7174"
      },
      "ResponseBody": []
    },
    {
      "RequestUri": "https://management.azure.com/subscriptions/db1ab6f0-4769-4b27-930e-01e2ef9c123c/providers/Microsoft.Storage/locations/eastus2/asyncoperations/77581b58-3b1a-4392-8bef-7232ad0d676b?monitor=true\u0026api-version=2021-08-01",
      "RequestMethod": "GET",
      "RequestHeaders": {
        "Authorization": "Sanitized",
        "User-Agent": "azsdk-net-ResourceManager/1.0.0-beta.5 (.NET Framework 4.8.4300.0; Microsoft Windows 10.0.19043 )",
        "x-ms-client-request-id": "de49669353aba593d416c683c15acce0",
        "x-ms-return-client-request-id": "true"
      },
      "RequestBody": null,
      "StatusCode": 202,
      "ResponseHeaders": {
        "Cache-Control": "no-cache",
        "Content-Length": "0",
        "Content-Type": "text/plain; charset=utf-8",
        "Date": "Thu, 18 Nov 2021 06:35:18 GMT",
        "Expires": "-1",
        "Location": "https://management.azure.com/subscriptions/db1ab6f0-4769-4b27-930e-01e2ef9c123c/providers/Microsoft.Storage/locations/eastus2/asyncoperations/77581b58-3b1a-4392-8bef-7232ad0d676b?monitor=true\u0026api-version=2021-08-01",
        "Pragma": "no-cache",
        "Retry-After": "17",
        "Server": "Microsoft-Azure-Storage-Resource-Provider/1.0,Microsoft-HTTPAPI/2.0 Microsoft-HTTPAPI/2.0",
        "Strict-Transport-Security": "max-age=31536000; includeSubDomains",
        "X-Content-Type-Options": "nosniff",
        "x-ms-client-request-id": "de49669353aba593d416c683c15acce0",
        "x-ms-correlation-request-id": "ebfb6f9a-9808-4546-b4c6-ee8a83a7e19a",
        "x-ms-ratelimit-remaining-subscription-reads": "11920",
        "x-ms-request-id": "fed46db0-2fe3-4ef5-9729-99d02fef78f3",
        "x-ms-routing-request-id": "SOUTHEASTASIA:20211118T063519Z:ebfb6f9a-9808-4546-b4c6-ee8a83a7e19a"
      },
      "ResponseBody": []
    },
    {
      "RequestUri": "https://management.azure.com/subscriptions/db1ab6f0-4769-4b27-930e-01e2ef9c123c/providers/Microsoft.Storage/locations/eastus2/asyncoperations/77581b58-3b1a-4392-8bef-7232ad0d676b?monitor=true\u0026api-version=2021-08-01",
      "RequestMethod": "GET",
      "RequestHeaders": {
        "Authorization": "Sanitized",
        "User-Agent": "azsdk-net-ResourceManager/1.0.0-beta.5 (.NET Framework 4.8.4300.0; Microsoft Windows 10.0.19043 )",
        "x-ms-client-request-id": "15a041a18c0653230b27ad61f2600725",
        "x-ms-return-client-request-id": "true"
      },
      "RequestBody": null,
      "StatusCode": 202,
      "ResponseHeaders": {
        "Cache-Control": "no-cache",
        "Content-Length": "0",
        "Content-Type": "text/plain; charset=utf-8",
        "Date": "Thu, 18 Nov 2021 06:35:20 GMT",
        "Expires": "-1",
        "Location": "https://management.azure.com/subscriptions/db1ab6f0-4769-4b27-930e-01e2ef9c123c/providers/Microsoft.Storage/locations/eastus2/asyncoperations/77581b58-3b1a-4392-8bef-7232ad0d676b?monitor=true\u0026api-version=2021-08-01",
        "Pragma": "no-cache",
        "Retry-After": "17",
        "Server": "Microsoft-Azure-Storage-Resource-Provider/1.0,Microsoft-HTTPAPI/2.0 Microsoft-HTTPAPI/2.0",
        "Strict-Transport-Security": "max-age=31536000; includeSubDomains",
        "X-Content-Type-Options": "nosniff",
        "x-ms-client-request-id": "15a041a18c0653230b27ad61f2600725",
        "x-ms-correlation-request-id": "c73fc72b-e94d-4920-980d-d3034eeb5271",
        "x-ms-ratelimit-remaining-subscription-reads": "11919",
        "x-ms-request-id": "6ac5acae-6d22-4efe-9592-ce6b4e9c4761",
        "x-ms-routing-request-id": "SOUTHEASTASIA:20211118T063520Z:c73fc72b-e94d-4920-980d-d3034eeb5271"
      },
      "ResponseBody": []
    },
    {
      "RequestUri": "https://management.azure.com/subscriptions/db1ab6f0-4769-4b27-930e-01e2ef9c123c/providers/Microsoft.Storage/locations/eastus2/asyncoperations/77581b58-3b1a-4392-8bef-7232ad0d676b?monitor=true\u0026api-version=2021-08-01",
      "RequestMethod": "GET",
      "RequestHeaders": {
        "Authorization": "Sanitized",
        "User-Agent": "azsdk-net-ResourceManager/1.0.0-beta.5 (.NET Framework 4.8.4300.0; Microsoft Windows 10.0.19043 )",
        "x-ms-client-request-id": "140817030a25f7b857adfe2440c86bd0",
        "x-ms-return-client-request-id": "true"
      },
      "RequestBody": null,
      "StatusCode": 202,
      "ResponseHeaders": {
        "Cache-Control": "no-cache",
        "Content-Length": "0",
        "Content-Type": "text/plain; charset=utf-8",
        "Date": "Thu, 18 Nov 2021 06:35:21 GMT",
        "Expires": "-1",
        "Location": "https://management.azure.com/subscriptions/db1ab6f0-4769-4b27-930e-01e2ef9c123c/providers/Microsoft.Storage/locations/eastus2/asyncoperations/77581b58-3b1a-4392-8bef-7232ad0d676b?monitor=true\u0026api-version=2021-08-01",
        "Pragma": "no-cache",
        "Retry-After": "17",
        "Server": "Microsoft-Azure-Storage-Resource-Provider/1.0,Microsoft-HTTPAPI/2.0 Microsoft-HTTPAPI/2.0",
        "Strict-Transport-Security": "max-age=31536000; includeSubDomains",
        "X-Content-Type-Options": "nosniff",
        "x-ms-client-request-id": "140817030a25f7b857adfe2440c86bd0",
        "x-ms-correlation-request-id": "8d6f7add-fa78-4fa9-b710-e7c0764d8882",
        "x-ms-ratelimit-remaining-subscription-reads": "11918",
        "x-ms-request-id": "7000b0a6-b5f8-430a-969e-ba823bbb5364",
        "x-ms-routing-request-id": "SOUTHEASTASIA:20211118T063522Z:8d6f7add-fa78-4fa9-b710-e7c0764d8882"
      },
      "ResponseBody": []
    },
    {
      "RequestUri": "https://management.azure.com/subscriptions/db1ab6f0-4769-4b27-930e-01e2ef9c123c/providers/Microsoft.Storage/locations/eastus2/asyncoperations/77581b58-3b1a-4392-8bef-7232ad0d676b?monitor=true\u0026api-version=2021-08-01",
      "RequestMethod": "GET",
      "RequestHeaders": {
        "Authorization": "Sanitized",
        "User-Agent": "azsdk-net-ResourceManager/1.0.0-beta.5 (.NET Framework 4.8.4300.0; Microsoft Windows 10.0.19043 )",
        "x-ms-client-request-id": "866acd0e56f206dd42f6d384a631b274",
        "x-ms-return-client-request-id": "true"
      },
      "RequestBody": null,
      "StatusCode": 202,
      "ResponseHeaders": {
        "Cache-Control": "no-cache",
        "Content-Length": "0",
        "Content-Type": "text/plain; charset=utf-8",
        "Date": "Thu, 18 Nov 2021 06:35:22 GMT",
        "Expires": "-1",
        "Location": "https://management.azure.com/subscriptions/db1ab6f0-4769-4b27-930e-01e2ef9c123c/providers/Microsoft.Storage/locations/eastus2/asyncoperations/77581b58-3b1a-4392-8bef-7232ad0d676b?monitor=true\u0026api-version=2021-08-01",
        "Pragma": "no-cache",
        "Retry-After": "17",
        "Server": "Microsoft-Azure-Storage-Resource-Provider/1.0,Microsoft-HTTPAPI/2.0 Microsoft-HTTPAPI/2.0",
        "Strict-Transport-Security": "max-age=31536000; includeSubDomains",
        "X-Content-Type-Options": "nosniff",
        "x-ms-client-request-id": "866acd0e56f206dd42f6d384a631b274",
        "x-ms-correlation-request-id": "fff543ac-eefe-447c-bd09-250b5db4716d",
        "x-ms-ratelimit-remaining-subscription-reads": "11917",
        "x-ms-request-id": "b7fc9d95-bcbe-4468-9b7f-c03610befe9a",
        "x-ms-routing-request-id": "SOUTHEASTASIA:20211118T063523Z:fff543ac-eefe-447c-bd09-250b5db4716d"
      },
      "ResponseBody": []
    },
    {
      "RequestUri": "https://management.azure.com/subscriptions/db1ab6f0-4769-4b27-930e-01e2ef9c123c/providers/Microsoft.Storage/locations/eastus2/asyncoperations/77581b58-3b1a-4392-8bef-7232ad0d676b?monitor=true\u0026api-version=2021-08-01",
      "RequestMethod": "GET",
      "RequestHeaders": {
        "Authorization": "Sanitized",
        "User-Agent": "azsdk-net-ResourceManager/1.0.0-beta.5 (.NET Framework 4.8.4300.0; Microsoft Windows 10.0.19043 )",
        "x-ms-client-request-id": "a980a10fb85197ba89a8bd588dff1242",
        "x-ms-return-client-request-id": "true"
      },
      "RequestBody": null,
      "StatusCode": 202,
      "ResponseHeaders": {
        "Cache-Control": "no-cache",
        "Content-Length": "0",
        "Content-Type": "text/plain; charset=utf-8",
        "Date": "Thu, 18 Nov 2021 06:35:24 GMT",
        "Expires": "-1",
        "Location": "https://management.azure.com/subscriptions/db1ab6f0-4769-4b27-930e-01e2ef9c123c/providers/Microsoft.Storage/locations/eastus2/asyncoperations/77581b58-3b1a-4392-8bef-7232ad0d676b?monitor=true\u0026api-version=2021-08-01",
        "Pragma": "no-cache",
        "Retry-After": "17",
        "Server": "Microsoft-Azure-Storage-Resource-Provider/1.0,Microsoft-HTTPAPI/2.0 Microsoft-HTTPAPI/2.0",
        "Strict-Transport-Security": "max-age=31536000; includeSubDomains",
        "X-Content-Type-Options": "nosniff",
        "x-ms-client-request-id": "a980a10fb85197ba89a8bd588dff1242",
        "x-ms-correlation-request-id": "c8433025-698b-47da-87b4-9ce5d8cd184e",
        "x-ms-ratelimit-remaining-subscription-reads": "11916",
        "x-ms-request-id": "94881dc8-37ae-4207-9704-7590502b213f",
        "x-ms-routing-request-id": "SOUTHEASTASIA:20211118T063524Z:c8433025-698b-47da-87b4-9ce5d8cd184e"
      },
      "ResponseBody": []
    },
    {
      "RequestUri": "https://management.azure.com/subscriptions/db1ab6f0-4769-4b27-930e-01e2ef9c123c/providers/Microsoft.Storage/locations/eastus2/asyncoperations/77581b58-3b1a-4392-8bef-7232ad0d676b?monitor=true\u0026api-version=2021-08-01",
      "RequestMethod": "GET",
      "RequestHeaders": {
        "Authorization": "Sanitized",
        "User-Agent": "azsdk-net-ResourceManager/1.0.0-beta.5 (.NET Framework 4.8.4300.0; Microsoft Windows 10.0.19043 )",
        "x-ms-client-request-id": "2552dcbc81f5ac323a01d12e36335025",
        "x-ms-return-client-request-id": "true"
      },
      "RequestBody": null,
      "StatusCode": 202,
      "ResponseHeaders": {
        "Cache-Control": "no-cache",
        "Content-Length": "0",
        "Content-Type": "text/plain; charset=utf-8",
        "Date": "Thu, 18 Nov 2021 06:35:25 GMT",
        "Expires": "-1",
        "Location": "https://management.azure.com/subscriptions/db1ab6f0-4769-4b27-930e-01e2ef9c123c/providers/Microsoft.Storage/locations/eastus2/asyncoperations/77581b58-3b1a-4392-8bef-7232ad0d676b?monitor=true\u0026api-version=2021-08-01",
        "Pragma": "no-cache",
        "Retry-After": "17",
        "Server": "Microsoft-Azure-Storage-Resource-Provider/1.0,Microsoft-HTTPAPI/2.0 Microsoft-HTTPAPI/2.0",
        "Strict-Transport-Security": "max-age=31536000; includeSubDomains",
        "X-Content-Type-Options": "nosniff",
        "x-ms-client-request-id": "2552dcbc81f5ac323a01d12e36335025",
        "x-ms-correlation-request-id": "9c7a8d39-6a7f-43e9-91f5-73f55571b5a5",
        "x-ms-ratelimit-remaining-subscription-reads": "11915",
        "x-ms-request-id": "8bffb2ca-135b-4540-9e10-9f0e40d32528",
        "x-ms-routing-request-id": "SOUTHEASTASIA:20211118T063526Z:9c7a8d39-6a7f-43e9-91f5-73f55571b5a5"
      },
      "ResponseBody": []
    },
    {
      "RequestUri": "https://management.azure.com/subscriptions/db1ab6f0-4769-4b27-930e-01e2ef9c123c/providers/Microsoft.Storage/locations/eastus2/asyncoperations/77581b58-3b1a-4392-8bef-7232ad0d676b?monitor=true\u0026api-version=2021-08-01",
      "RequestMethod": "GET",
      "RequestHeaders": {
        "Authorization": "Sanitized",
        "User-Agent": "azsdk-net-ResourceManager/1.0.0-beta.5 (.NET Framework 4.8.4300.0; Microsoft Windows 10.0.19043 )",
        "x-ms-client-request-id": "9e158afbc247557e12d3fc4998857943",
        "x-ms-return-client-request-id": "true"
      },
      "RequestBody": null,
      "StatusCode": 202,
      "ResponseHeaders": {
        "Cache-Control": "no-cache",
        "Content-Length": "0",
        "Content-Type": "text/plain; charset=utf-8",
        "Date": "Thu, 18 Nov 2021 06:35:26 GMT",
        "Expires": "-1",
        "Location": "https://management.azure.com/subscriptions/db1ab6f0-4769-4b27-930e-01e2ef9c123c/providers/Microsoft.Storage/locations/eastus2/asyncoperations/77581b58-3b1a-4392-8bef-7232ad0d676b?monitor=true\u0026api-version=2021-08-01",
        "Pragma": "no-cache",
        "Retry-After": "17",
        "Server": "Microsoft-Azure-Storage-Resource-Provider/1.0,Microsoft-HTTPAPI/2.0 Microsoft-HTTPAPI/2.0",
        "Strict-Transport-Security": "max-age=31536000; includeSubDomains",
        "X-Content-Type-Options": "nosniff",
        "x-ms-client-request-id": "9e158afbc247557e12d3fc4998857943",
        "x-ms-correlation-request-id": "f9d19506-10dc-49d2-aa55-99b1790d2f64",
        "x-ms-ratelimit-remaining-subscription-reads": "11914",
        "x-ms-request-id": "aa8636c9-dfad-401e-b83c-aa3497de931e",
        "x-ms-routing-request-id": "SOUTHEASTASIA:20211118T063527Z:f9d19506-10dc-49d2-aa55-99b1790d2f64"
      },
      "ResponseBody": []
    },
    {
      "RequestUri": "https://management.azure.com/subscriptions/db1ab6f0-4769-4b27-930e-01e2ef9c123c/providers/Microsoft.Storage/locations/eastus2/asyncoperations/77581b58-3b1a-4392-8bef-7232ad0d676b?monitor=true\u0026api-version=2021-08-01",
      "RequestMethod": "GET",
      "RequestHeaders": {
        "Authorization": "Sanitized",
        "User-Agent": "azsdk-net-ResourceManager/1.0.0-beta.5 (.NET Framework 4.8.4300.0; Microsoft Windows 10.0.19043 )",
        "x-ms-client-request-id": "c9c890e38ddf8d7e6ed36f50e78c6155",
        "x-ms-return-client-request-id": "true"
      },
      "RequestBody": null,
      "StatusCode": 202,
      "ResponseHeaders": {
        "Cache-Control": "no-cache",
        "Content-Length": "0",
        "Content-Type": "text/plain; charset=utf-8",
        "Date": "Thu, 18 Nov 2021 06:35:28 GMT",
        "Expires": "-1",
        "Location": "https://management.azure.com/subscriptions/db1ab6f0-4769-4b27-930e-01e2ef9c123c/providers/Microsoft.Storage/locations/eastus2/asyncoperations/77581b58-3b1a-4392-8bef-7232ad0d676b?monitor=true\u0026api-version=2021-08-01",
        "Pragma": "no-cache",
        "Retry-After": "17",
        "Server": "Microsoft-Azure-Storage-Resource-Provider/1.0,Microsoft-HTTPAPI/2.0 Microsoft-HTTPAPI/2.0",
        "Strict-Transport-Security": "max-age=31536000; includeSubDomains",
        "X-Content-Type-Options": "nosniff",
        "x-ms-client-request-id": "c9c890e38ddf8d7e6ed36f50e78c6155",
        "x-ms-correlation-request-id": "3dc8750f-7fd5-42fb-ab66-34629bdd4259",
        "x-ms-ratelimit-remaining-subscription-reads": "11913",
        "x-ms-request-id": "d9fd43ca-2ce3-47b2-8d02-4ae1488c920c",
        "x-ms-routing-request-id": "SOUTHEASTASIA:20211118T063528Z:3dc8750f-7fd5-42fb-ab66-34629bdd4259"
      },
      "ResponseBody": []
    },
    {
      "RequestUri": "https://management.azure.com/subscriptions/db1ab6f0-4769-4b27-930e-01e2ef9c123c/providers/Microsoft.Storage/locations/eastus2/asyncoperations/77581b58-3b1a-4392-8bef-7232ad0d676b?monitor=true\u0026api-version=2021-08-01",
      "RequestMethod": "GET",
      "RequestHeaders": {
        "Authorization": "Sanitized",
        "User-Agent": "azsdk-net-ResourceManager/1.0.0-beta.5 (.NET Framework 4.8.4300.0; Microsoft Windows 10.0.19043 )",
        "x-ms-client-request-id": "035d985874eafafa5dfc122284e913b5",
        "x-ms-return-client-request-id": "true"
      },
      "RequestBody": null,
      "StatusCode": 202,
      "ResponseHeaders": {
        "Cache-Control": "no-cache",
        "Content-Length": "0",
        "Content-Type": "text/plain; charset=utf-8",
        "Date": "Thu, 18 Nov 2021 06:35:29 GMT",
        "Expires": "-1",
        "Location": "https://management.azure.com/subscriptions/db1ab6f0-4769-4b27-930e-01e2ef9c123c/providers/Microsoft.Storage/locations/eastus2/asyncoperations/77581b58-3b1a-4392-8bef-7232ad0d676b?monitor=true\u0026api-version=2021-08-01",
        "Pragma": "no-cache",
        "Retry-After": "3",
        "Server": "Microsoft-Azure-Storage-Resource-Provider/1.0,Microsoft-HTTPAPI/2.0 Microsoft-HTTPAPI/2.0",
        "Strict-Transport-Security": "max-age=31536000; includeSubDomains",
        "X-Content-Type-Options": "nosniff",
        "x-ms-client-request-id": "035d985874eafafa5dfc122284e913b5",
        "x-ms-correlation-request-id": "dbd9b34b-1df6-472d-965f-21a36e0fb3a3",
        "x-ms-ratelimit-remaining-subscription-reads": "11912",
        "x-ms-request-id": "5ea4dc0b-fa4d-4eef-b2db-c54b12c28a68",
        "x-ms-routing-request-id": "SOUTHEASTASIA:20211118T063530Z:dbd9b34b-1df6-472d-965f-21a36e0fb3a3"
      },
      "ResponseBody": []
    },
    {
      "RequestUri": "https://management.azure.com/subscriptions/db1ab6f0-4769-4b27-930e-01e2ef9c123c/providers/Microsoft.Storage/locations/eastus2/asyncoperations/77581b58-3b1a-4392-8bef-7232ad0d676b?monitor=true\u0026api-version=2021-08-01",
      "RequestMethod": "GET",
      "RequestHeaders": {
        "Authorization": "Sanitized",
        "User-Agent": "azsdk-net-ResourceManager/1.0.0-beta.5 (.NET Framework 4.8.4300.0; Microsoft Windows 10.0.19043 )",
        "x-ms-client-request-id": "a54a8e88876b6d460c872f74522e6e85",
        "x-ms-return-client-request-id": "true"
      },
      "RequestBody": null,
      "StatusCode": 200,
      "ResponseHeaders": {
        "Cache-Control": "no-cache",
        "Content-Length": "1487",
        "Content-Type": "application/json",
        "Date": "Thu, 18 Nov 2021 06:35:30 GMT",
        "Expires": "-1",
        "Pragma": "no-cache",
        "Server": "Microsoft-Azure-Storage-Resource-Provider/1.0,Microsoft-HTTPAPI/2.0 Microsoft-HTTPAPI/2.0",
        "Strict-Transport-Security": "max-age=31536000; includeSubDomains",
        "X-Content-Type-Options": "nosniff",
        "x-ms-client-request-id": "a54a8e88876b6d460c872f74522e6e85",
        "x-ms-correlation-request-id": "ae93bd51-d01a-4799-aa5e-a0f680092c0e",
        "x-ms-ratelimit-remaining-subscription-reads": "11911",
        "x-ms-request-id": "0c08dac4-fec2-4dba-a6fd-a1f45a8c5a68",
        "x-ms-routing-request-id": "SOUTHEASTASIA:20211118T063531Z:ae93bd51-d01a-4799-aa5e-a0f680092c0e"
      },
      "ResponseBody": {
        "sku": {
          "name": "Standard_GRS",
          "tier": "Standard"
        },
        "kind": "StorageV2",
        "id": "/subscriptions/db1ab6f0-4769-4b27-930e-01e2ef9c123c/resourceGroups/teststorageRG-1691/providers/Microsoft.Storage/storageAccounts/teststoragemgmt4000",
        "name": "teststoragemgmt4000",
        "type": "Microsoft.Storage/storageAccounts",
        "location": "eastus2",
        "tags": {
          "key1": "value1",
          "key2": "value2"
        },
        "properties": {
          "keyCreationTime": {
            "key1": "2021-11-18T06:35:13.8161798Z",
            "key2": "2021-11-18T06:35:13.8161798Z"
          },
          "privateEndpointConnections": [],
          "networkAcls": {
            "bypass": "AzureServices",
            "virtualNetworkRules": [],
            "ipRules": [],
            "defaultAction": "Allow"
          },
          "supportsHttpsTrafficOnly": true,
          "encryption": {
            "services": {
              "file": {
                "keyType": "Account",
                "enabled": true,
                "lastEnabledTime": "2021-11-18T06:35:13.8161798Z"
              },
              "blob": {
                "keyType": "Account",
                "enabled": true,
                "lastEnabledTime": "2021-11-18T06:35:13.8161798Z"
              }
            },
            "keySource": "Microsoft.Storage"
          },
          "accessTier": "Hot",
          "provisioningState": "Succeeded",
          "creationTime": "2021-11-18T06:35:13.7068250Z",
          "primaryEndpoints": {
            "dfs": "https://teststoragemgmt4000.dfs.core.windows.net/",
            "web": "https://teststoragemgmt4000.z20.web.core.windows.net/",
            "blob": "https://teststoragemgmt4000.blob.core.windows.net/",
            "queue": "https://teststoragemgmt4000.queue.core.windows.net/",
            "table": "https://teststoragemgmt4000.table.core.windows.net/",
            "file": "https://teststoragemgmt4000.file.core.windows.net/"
          },
          "primaryLocation": "eastus2",
          "statusOfPrimary": "available",
          "secondaryLocation": "centralus",
          "statusOfSecondary": "available"
        }
      }
    },
    {
      "RequestUri": "https://management.azure.com/subscriptions/db1ab6f0-4769-4b27-930e-01e2ef9c123c/resourceGroups/teststorageRG-1691/providers/Microsoft.Network/virtualNetworks/vnet-1903?api-version=2021-02-01",
      "RequestMethod": "PUT",
      "RequestHeaders": {
        "Accept": "application/json",
        "Authorization": "Sanitized",
        "Content-Length": "261",
        "Content-Type": "application/json",
        "User-Agent": "azsdk-net-ResourceManager.Network/1.0.0-beta.3 (.NET Framework 4.8.4300.0; Microsoft Windows 10.0.19043 )",
        "x-ms-client-request-id": "2700f1a65875956fcd6be27a5b0885c0",
        "x-ms-return-client-request-id": "true"
      },
      "RequestBody": {
        "location": "westus2",
        "properties": {
          "addressSpace": {
            "addressPrefixes": [
              "10.0.0.0/16"
            ]
          },
          "dhcpOptions": {
            "dnsServers": [
              "10.1.1.1",
              "10.1.2.4"
            ]
          },
          "subnets": [
            {
              "name": "default",
              "properties": {
                "addressPrefix": "10.0.1.0/24",
                "privateEndpointNetworkPolicies": "Disabled"
              }
            }
          ]
        }
      },
      "StatusCode": 201,
      "ResponseHeaders": {
        "Azure-AsyncNotification": "Enabled",
        "Azure-AsyncOperation": "https://management.azure.com/subscriptions/db1ab6f0-4769-4b27-930e-01e2ef9c123c/providers/Microsoft.Network/locations/westus2/operations/d262b64d-dfdf-4570-83ae-334ac6162306?api-version=2021-02-01",
        "Cache-Control": "no-cache",
        "Content-Length": "1337",
        "Content-Type": "application/json; charset=utf-8",
        "Date": "Thu, 18 Nov 2021 06:35:34 GMT",
        "Expires": "-1",
        "Pragma": "no-cache",
        "Retry-After": "3",
        "Server": [
          "Microsoft-HTTPAPI/2.0",
          "Microsoft-HTTPAPI/2.0"
        ],
        "Strict-Transport-Security": "max-age=31536000; includeSubDomains",
        "X-Content-Type-Options": "nosniff",
        "x-ms-arm-service-request-id": "5ed8479f-c147-4d90-93bb-06cede635956",
        "x-ms-client-request-id": "2700f1a65875956fcd6be27a5b0885c0",
        "x-ms-correlation-request-id": "fab9adaa-6024-4b0f-91b2-59def97cdfb0",
        "x-ms-ratelimit-remaining-subscription-writes": "1188",
        "x-ms-request-id": "d262b64d-dfdf-4570-83ae-334ac6162306",
        "x-ms-routing-request-id": "SOUTHEASTASIA:20211118T063535Z:fab9adaa-6024-4b0f-91b2-59def97cdfb0"
      },
      "ResponseBody": [
        "{\r\n",
        "  \u0022name\u0022: \u0022vnet-1903\u0022,\r\n",
        "  \u0022id\u0022: \u0022/subscriptions/db1ab6f0-4769-4b27-930e-01e2ef9c123c/resourceGroups/teststorageRG-1691/providers/Microsoft.Network/virtualNetworks/vnet-1903\u0022,\r\n",
        "  \u0022etag\u0022: \u0022W/\\\u0022be63cf8a-2f98-4d63-b794-7b21b4363b34\\\u0022\u0022,\r\n",
        "  \u0022type\u0022: \u0022Microsoft.Network/virtualNetworks\u0022,\r\n",
        "  \u0022location\u0022: \u0022westus2\u0022,\r\n",
        "  \u0022properties\u0022: {\r\n",
        "    \u0022provisioningState\u0022: \u0022Updating\u0022,\r\n",
        "    \u0022resourceGuid\u0022: \u0022a3643a9a-2c76-4af3-a15d-55146f1a1448\u0022,\r\n",
        "    \u0022addressSpace\u0022: {\r\n",
        "      \u0022addressPrefixes\u0022: [\r\n",
        "        \u002210.0.0.0/16\u0022\r\n",
        "      ]\r\n",
        "    },\r\n",
        "    \u0022dhcpOptions\u0022: {\r\n",
        "      \u0022dnsServers\u0022: [\r\n",
        "        \u002210.1.1.1\u0022,\r\n",
        "        \u002210.1.2.4\u0022\r\n",
        "      ]\r\n",
        "    },\r\n",
        "    \u0022subnets\u0022: [\r\n",
        "      {\r\n",
        "        \u0022name\u0022: \u0022default\u0022,\r\n",
        "        \u0022id\u0022: \u0022/subscriptions/db1ab6f0-4769-4b27-930e-01e2ef9c123c/resourceGroups/teststorageRG-1691/providers/Microsoft.Network/virtualNetworks/vnet-1903/subnets/default\u0022,\r\n",
        "        \u0022etag\u0022: \u0022W/\\\u0022be63cf8a-2f98-4d63-b794-7b21b4363b34\\\u0022\u0022,\r\n",
        "        \u0022properties\u0022: {\r\n",
        "          \u0022provisioningState\u0022: \u0022Updating\u0022,\r\n",
        "          \u0022addressPrefix\u0022: \u002210.0.1.0/24\u0022,\r\n",
        "          \u0022delegations\u0022: [],\r\n",
        "          \u0022privateEndpointNetworkPolicies\u0022: \u0022Disabled\u0022,\r\n",
        "          \u0022privateLinkServiceNetworkPolicies\u0022: \u0022Enabled\u0022\r\n",
        "        },\r\n",
        "        \u0022type\u0022: \u0022Microsoft.Network/virtualNetworks/subnets\u0022\r\n",
        "      }\r\n",
        "    ],\r\n",
        "    \u0022virtualNetworkPeerings\u0022: [],\r\n",
        "    \u0022enableDdosProtection\u0022: false\r\n",
        "  }\r\n",
        "}"
      ]
    },
    {
      "RequestUri": "https://management.azure.com/subscriptions/db1ab6f0-4769-4b27-930e-01e2ef9c123c/providers/Microsoft.Network/locations/westus2/operations/d262b64d-dfdf-4570-83ae-334ac6162306?api-version=2021-02-01",
      "RequestMethod": "GET",
      "RequestHeaders": {
        "Authorization": "Sanitized",
        "User-Agent": "azsdk-net-ResourceManager/1.0.0-beta.5 (.NET Framework 4.8.4300.0; Microsoft Windows 10.0.19043 )",
        "x-ms-client-request-id": "f8ddb08c8d133513db0f9d1b64f3b07e",
        "x-ms-return-client-request-id": "true"
      },
      "RequestBody": null,
      "StatusCode": 200,
      "ResponseHeaders": {
        "Cache-Control": "no-cache",
        "Content-Length": "29",
        "Content-Type": "application/json; charset=utf-8",
        "Date": "Thu, 18 Nov 2021 06:35:35 GMT",
        "Expires": "-1",
        "Pragma": "no-cache",
        "Server": [
          "Microsoft-HTTPAPI/2.0",
          "Microsoft-HTTPAPI/2.0"
        ],
        "Strict-Transport-Security": "max-age=31536000; includeSubDomains",
        "X-Content-Type-Options": "nosniff",
        "x-ms-arm-service-request-id": "d475d0f3-6a0f-46a0-9466-2703b963b9ee",
        "x-ms-client-request-id": "f8ddb08c8d133513db0f9d1b64f3b07e",
        "x-ms-correlation-request-id": "14289ca1-2174-46f7-a73a-098d1a957e8f",
        "x-ms-ratelimit-remaining-subscription-reads": "11910",
        "x-ms-request-id": "d472d822-5084-4ce8-b539-fadfba2df28f",
        "x-ms-routing-request-id": "SOUTHEASTASIA:20211118T063535Z:14289ca1-2174-46f7-a73a-098d1a957e8f"
      },
      "ResponseBody": [
        "{\r\n",
        "  \u0022status\u0022: \u0022Succeeded\u0022\r\n",
        "}"
      ]
    },
    {
      "RequestUri": "https://management.azure.com/subscriptions/db1ab6f0-4769-4b27-930e-01e2ef9c123c/resourceGroups/teststorageRG-1691/providers/Microsoft.Network/virtualNetworks/vnet-1903?api-version=2021-02-01",
      "RequestMethod": "GET",
      "RequestHeaders": {
        "Authorization": "Sanitized",
        "User-Agent": "azsdk-net-ResourceManager/1.0.0-beta.5 (.NET Framework 4.8.4300.0; Microsoft Windows 10.0.19043 )",
        "x-ms-client-request-id": "6698b3aa4316bdb620af377ef62b0f26",
        "x-ms-return-client-request-id": "true"
      },
      "RequestBody": null,
      "StatusCode": 200,
      "ResponseHeaders": {
        "Cache-Control": "no-cache",
        "Content-Length": "1339",
        "Content-Type": "application/json; charset=utf-8",
        "Date": "Thu, 18 Nov 2021 06:35:35 GMT",
        "ETag": "W/\u002261e0262a-6681-43cf-8c74-a27389d1c0fa\u0022",
        "Expires": "-1",
        "Pragma": "no-cache",
        "Server": [
          "Microsoft-HTTPAPI/2.0",
          "Microsoft-HTTPAPI/2.0"
        ],
        "Strict-Transport-Security": "max-age=31536000; includeSubDomains",
        "X-Content-Type-Options": "nosniff",
        "x-ms-arm-service-request-id": "670f7e89-7f88-4aec-a8f1-ff62ef9e9a7b",
        "x-ms-client-request-id": "6698b3aa4316bdb620af377ef62b0f26",
        "x-ms-correlation-request-id": "fb1154a0-a5bb-45ab-92fa-ece6f7562948",
        "x-ms-ratelimit-remaining-subscription-reads": "11909",
        "x-ms-request-id": "8d1b7709-804d-4b08-82c4-7bd859927c5d",
        "x-ms-routing-request-id": "SOUTHEASTASIA:20211118T063536Z:fb1154a0-a5bb-45ab-92fa-ece6f7562948"
      },
      "ResponseBody": [
        "{\r\n",
        "  \u0022name\u0022: \u0022vnet-1903\u0022,\r\n",
        "  \u0022id\u0022: \u0022/subscriptions/db1ab6f0-4769-4b27-930e-01e2ef9c123c/resourceGroups/teststorageRG-1691/providers/Microsoft.Network/virtualNetworks/vnet-1903\u0022,\r\n",
        "  \u0022etag\u0022: \u0022W/\\\u002261e0262a-6681-43cf-8c74-a27389d1c0fa\\\u0022\u0022,\r\n",
        "  \u0022type\u0022: \u0022Microsoft.Network/virtualNetworks\u0022,\r\n",
        "  \u0022location\u0022: \u0022westus2\u0022,\r\n",
        "  \u0022properties\u0022: {\r\n",
        "    \u0022provisioningState\u0022: \u0022Succeeded\u0022,\r\n",
        "    \u0022resourceGuid\u0022: \u0022a3643a9a-2c76-4af3-a15d-55146f1a1448\u0022,\r\n",
        "    \u0022addressSpace\u0022: {\r\n",
        "      \u0022addressPrefixes\u0022: [\r\n",
        "        \u002210.0.0.0/16\u0022\r\n",
        "      ]\r\n",
        "    },\r\n",
        "    \u0022dhcpOptions\u0022: {\r\n",
        "      \u0022dnsServers\u0022: [\r\n",
        "        \u002210.1.1.1\u0022,\r\n",
        "        \u002210.1.2.4\u0022\r\n",
        "      ]\r\n",
        "    },\r\n",
        "    \u0022subnets\u0022: [\r\n",
        "      {\r\n",
        "        \u0022name\u0022: \u0022default\u0022,\r\n",
        "        \u0022id\u0022: \u0022/subscriptions/db1ab6f0-4769-4b27-930e-01e2ef9c123c/resourceGroups/teststorageRG-1691/providers/Microsoft.Network/virtualNetworks/vnet-1903/subnets/default\u0022,\r\n",
        "        \u0022etag\u0022: \u0022W/\\\u002261e0262a-6681-43cf-8c74-a27389d1c0fa\\\u0022\u0022,\r\n",
        "        \u0022properties\u0022: {\r\n",
        "          \u0022provisioningState\u0022: \u0022Succeeded\u0022,\r\n",
        "          \u0022addressPrefix\u0022: \u002210.0.1.0/24\u0022,\r\n",
        "          \u0022delegations\u0022: [],\r\n",
        "          \u0022privateEndpointNetworkPolicies\u0022: \u0022Disabled\u0022,\r\n",
        "          \u0022privateLinkServiceNetworkPolicies\u0022: \u0022Enabled\u0022\r\n",
        "        },\r\n",
        "        \u0022type\u0022: \u0022Microsoft.Network/virtualNetworks/subnets\u0022\r\n",
        "      }\r\n",
        "    ],\r\n",
        "    \u0022virtualNetworkPeerings\u0022: [],\r\n",
        "    \u0022enableDdosProtection\u0022: false\r\n",
        "  }\r\n",
        "}"
      ]
    },
    {
      "RequestUri": "https://management.azure.com/subscriptions/db1ab6f0-4769-4b27-930e-01e2ef9c123c/resourceGroups/teststorageRG-1691/providers/Microsoft.Network/privateEndpoints/pe-4823?api-version=2021-02-01",
      "RequestMethod": "PUT",
      "RequestHeaders": {
        "Accept": "application/json",
        "Authorization": "Sanitized",
        "Content-Length": "728",
        "Content-Type": "application/json",
        "User-Agent": "azsdk-net-ResourceManager.Network/1.0.0-beta.3 (.NET Framework 4.8.4300.0; Microsoft Windows 10.0.19043 )",
        "x-ms-client-request-id": "8d2babed2cad22b467ab4bb5edfc46e4",
        "x-ms-return-client-request-id": "true"
      },
      "RequestBody": {
        "location": "westus2",
        "properties": {
          "subnet": {
            "name": "default",
            "type": "Microsoft.Network/virtualNetworks/subnets",
            "id": "/subscriptions/db1ab6f0-4769-4b27-930e-01e2ef9c123c/resourceGroups/teststorageRG-1691/providers/Microsoft.Network/virtualNetworks/vnet-1903/subnets/default",
            "properties": {
              "addressPrefix": "10.0.1.0/24",
              "delegations": [],
              "privateEndpointNetworkPolicies": "Disabled",
              "privateLinkServiceNetworkPolicies": "Enabled"
            }
          },
          "manualPrivateLinkServiceConnections": [
            {
              "name": "pec4398",
              "properties": {
                "privateLinkServiceId": "/subscriptions/db1ab6f0-4769-4b27-930e-01e2ef9c123c/resourceGroups/teststorageRG-1691/providers/Microsoft.Storage/storageAccounts/teststoragemgmt4000",
                "groupIds": [
                  "Blob"
                ],
                "requestMessage": "SDK test"
              }
            }
          ]
        }
      },
      "StatusCode": 201,
      "ResponseHeaders": {
        "Azure-AsyncNotification": "Enabled",
        "Azure-AsyncOperation": "https://management.azure.com/subscriptions/db1ab6f0-4769-4b27-930e-01e2ef9c123c/providers/Microsoft.Network/locations/westus2/operations/3924ef37-24d0-4775-9345-5be2b87944e8?api-version=2021-02-01",
        "Cache-Control": "no-cache",
        "Content-Length": "1950",
        "Content-Type": "application/json; charset=utf-8",
        "Date": "Thu, 18 Nov 2021 06:35:41 GMT",
        "Expires": "-1",
        "Pragma": "no-cache",
        "Retry-After": "10",
        "Server": [
          "Microsoft-HTTPAPI/2.0",
          "Microsoft-HTTPAPI/2.0"
        ],
        "Strict-Transport-Security": "max-age=31536000; includeSubDomains",
        "X-Content-Type-Options": "nosniff",
        "x-ms-arm-service-request-id": "ffe6e62c-4c48-4ed0-a8be-92da5130d81d",
        "x-ms-client-request-id": "8d2babed2cad22b467ab4bb5edfc46e4",
        "x-ms-correlation-request-id": "d69dd398-ed81-4977-a1eb-2ef8f166c18b",
        "x-ms-ratelimit-remaining-subscription-writes": "1187",
        "x-ms-request-id": "3924ef37-24d0-4775-9345-5be2b87944e8",
        "x-ms-routing-request-id": "SOUTHEASTASIA:20211118T063542Z:d69dd398-ed81-4977-a1eb-2ef8f166c18b"
      },
      "ResponseBody": [
        "{\r\n",
        "  \u0022name\u0022: \u0022pe-4823\u0022,\r\n",
        "  \u0022id\u0022: \u0022/subscriptions/db1ab6f0-4769-4b27-930e-01e2ef9c123c/resourceGroups/teststorageRG-1691/providers/Microsoft.Network/privateEndpoints/pe-4823\u0022,\r\n",
        "  \u0022etag\u0022: \u0022W/\\\u0022d32d926e-9041-4647-bfe2-08d7a758ef9e\\\u0022\u0022,\r\n",
        "  \u0022type\u0022: \u0022Microsoft.Network/privateEndpoints\u0022,\r\n",
        "  \u0022location\u0022: \u0022westus2\u0022,\r\n",
        "  \u0022properties\u0022: {\r\n",
        "    \u0022provisioningState\u0022: \u0022Updating\u0022,\r\n",
        "    \u0022resourceGuid\u0022: \u00224abd1dd9-4522-4bcd-8555-631ddcefe78a\u0022,\r\n",
        "    \u0022privateLinkServiceConnections\u0022: [],\r\n",
        "    \u0022manualPrivateLinkServiceConnections\u0022: [\r\n",
        "      {\r\n",
        "        \u0022name\u0022: \u0022pec4398\u0022,\r\n",
        "        \u0022id\u0022: \u0022/subscriptions/db1ab6f0-4769-4b27-930e-01e2ef9c123c/resourceGroups/teststorageRG-1691/providers/Microsoft.Network/privateEndpoints/pe-4823/manualPrivateLinkServiceConnections/pec4398\u0022,\r\n",
        "        \u0022etag\u0022: \u0022W/\\\u0022d32d926e-9041-4647-bfe2-08d7a758ef9e\\\u0022\u0022,\r\n",
        "        \u0022properties\u0022: {\r\n",
        "          \u0022provisioningState\u0022: \u0022Succeeded\u0022,\r\n",
        "          \u0022privateLinkServiceId\u0022: \u0022/subscriptions/db1ab6f0-4769-4b27-930e-01e2ef9c123c/resourceGroups/teststorageRG-1691/providers/Microsoft.Storage/storageAccounts/teststoragemgmt4000\u0022,\r\n",
        "          \u0022groupIds\u0022: [\r\n",
        "            \u0022Blob\u0022\r\n",
        "          ],\r\n",
        "          \u0022requestMessage\u0022: \u0022SDK test\u0022,\r\n",
        "          \u0022privateLinkServiceConnectionState\u0022: {\r\n",
        "            \u0022status\u0022: \u0022Pending\u0022,\r\n",
        "            \u0022description\u0022: \u0022SDK test\u0022,\r\n",
        "            \u0022actionsRequired\u0022: \u0022None\u0022\r\n",
        "          }\r\n",
        "        },\r\n",
        "        \u0022type\u0022: \u0022Microsoft.Network/privateEndpoints/manualPrivateLinkServiceConnections\u0022\r\n",
        "      }\r\n",
        "    ],\r\n",
        "    \u0022subnet\u0022: {\r\n",
        "      \u0022id\u0022: \u0022/subscriptions/db1ab6f0-4769-4b27-930e-01e2ef9c123c/resourceGroups/teststorageRG-1691/providers/Microsoft.Network/virtualNetworks/vnet-1903/subnets/default\u0022\r\n",
        "    },\r\n",
        "    \u0022networkInterfaces\u0022: [\r\n",
        "      {\r\n",
        "        \u0022id\u0022: \u0022/subscriptions/db1ab6f0-4769-4b27-930e-01e2ef9c123c/resourceGroups/teststorageRG-1691/providers/Microsoft.Network/networkInterfaces/pe-4823.nic.ebe0aeb8-6e75-4357-82fd-9e22e37704bf\u0022\r\n",
        "      }\r\n",
        "    ],\r\n",
        "    \u0022customDnsConfigs\u0022: []\r\n",
        "  }\r\n",
        "}"
      ]
    },
    {
      "RequestUri": "https://management.azure.com/subscriptions/db1ab6f0-4769-4b27-930e-01e2ef9c123c/providers/Microsoft.Network/locations/westus2/operations/3924ef37-24d0-4775-9345-5be2b87944e8?api-version=2021-02-01",
      "RequestMethod": "GET",
      "RequestHeaders": {
        "Authorization": "Sanitized",
        "User-Agent": "azsdk-net-ResourceManager/1.0.0-beta.5 (.NET Framework 4.8.4300.0; Microsoft Windows 10.0.19043 )",
        "x-ms-client-request-id": "05060fde1d536c06b2f3dc0b716ac13b",
        "x-ms-return-client-request-id": "true"
      },
      "RequestBody": null,
      "StatusCode": 200,
      "ResponseHeaders": {
        "Cache-Control": "no-cache",
        "Content-Length": "30",
        "Content-Type": "application/json; charset=utf-8",
        "Date": "Thu, 18 Nov 2021 06:35:41 GMT",
        "Expires": "-1",
        "Pragma": "no-cache",
        "Retry-After": "10",
        "Server": [
          "Microsoft-HTTPAPI/2.0",
          "Microsoft-HTTPAPI/2.0"
        ],
        "Strict-Transport-Security": "max-age=31536000; includeSubDomains",
        "X-Content-Type-Options": "nosniff",
        "x-ms-arm-service-request-id": "2fa53e40-0b06-43a2-91df-25df47f56ae6",
        "x-ms-client-request-id": "05060fde1d536c06b2f3dc0b716ac13b",
        "x-ms-correlation-request-id": "4dfafc31-c43f-4a11-a678-4d7129c70209",
        "x-ms-ratelimit-remaining-subscription-reads": "11908",
        "x-ms-request-id": "16e779e5-49a7-4150-a7dc-fdbedc54238e",
        "x-ms-routing-request-id": "SOUTHEASTASIA:20211118T063542Z:4dfafc31-c43f-4a11-a678-4d7129c70209"
      },
      "ResponseBody": [
        "{\r\n",
        "  \u0022status\u0022: \u0022InProgress\u0022\r\n",
        "}"
      ]
    },
    {
      "RequestUri": "https://management.azure.com/subscriptions/db1ab6f0-4769-4b27-930e-01e2ef9c123c/providers/Microsoft.Network/locations/westus2/operations/3924ef37-24d0-4775-9345-5be2b87944e8?api-version=2021-02-01",
      "RequestMethod": "GET",
      "RequestHeaders": {
        "Authorization": "Sanitized",
        "User-Agent": "azsdk-net-ResourceManager/1.0.0-beta.5 (.NET Framework 4.8.4300.0; Microsoft Windows 10.0.19043 )",
        "x-ms-client-request-id": "3c9112377417a4ddb10ab549d520e3b7",
        "x-ms-return-client-request-id": "true"
      },
      "RequestBody": null,
      "StatusCode": 200,
      "ResponseHeaders": {
        "Cache-Control": "no-cache",
        "Content-Length": "30",
        "Content-Type": "application/json; charset=utf-8",
        "Date": "Thu, 18 Nov 2021 06:35:42 GMT",
        "Expires": "-1",
        "Pragma": "no-cache",
        "Retry-After": "20",
        "Server": [
          "Microsoft-HTTPAPI/2.0",
          "Microsoft-HTTPAPI/2.0"
        ],
        "Strict-Transport-Security": "max-age=31536000; includeSubDomains",
        "X-Content-Type-Options": "nosniff",
        "x-ms-arm-service-request-id": "c4b4cb63-2e72-4072-827c-4fcb5e854433",
        "x-ms-client-request-id": "3c9112377417a4ddb10ab549d520e3b7",
        "x-ms-correlation-request-id": "445ac03a-dc22-471a-9b27-e72e30128d02",
        "x-ms-ratelimit-remaining-subscription-reads": "11907",
        "x-ms-request-id": "60b47b1f-ba7e-49a1-aab1-f24567e0e03e",
        "x-ms-routing-request-id": "SOUTHEASTASIA:20211118T063543Z:445ac03a-dc22-471a-9b27-e72e30128d02"
      },
      "ResponseBody": [
        "{\r\n",
        "  \u0022status\u0022: \u0022InProgress\u0022\r\n",
        "}"
      ]
    },
    {
      "RequestUri": "https://management.azure.com/subscriptions/db1ab6f0-4769-4b27-930e-01e2ef9c123c/providers/Microsoft.Network/locations/westus2/operations/3924ef37-24d0-4775-9345-5be2b87944e8?api-version=2021-02-01",
      "RequestMethod": "GET",
      "RequestHeaders": {
        "Authorization": "Sanitized",
        "User-Agent": "azsdk-net-ResourceManager/1.0.0-beta.5 (.NET Framework 4.8.4300.0; Microsoft Windows 10.0.19043 )",
        "x-ms-client-request-id": "ddd6d4aa41f57c90cba216836ceeae6c",
        "x-ms-return-client-request-id": "true"
      },
      "RequestBody": null,
      "StatusCode": 200,
      "ResponseHeaders": {
        "Cache-Control": "no-cache",
        "Content-Length": "30",
        "Content-Type": "application/json; charset=utf-8",
        "Date": "Thu, 18 Nov 2021 06:35:44 GMT",
        "Expires": "-1",
        "Pragma": "no-cache",
        "Retry-After": "20",
        "Server": [
          "Microsoft-HTTPAPI/2.0",
          "Microsoft-HTTPAPI/2.0"
        ],
        "Strict-Transport-Security": "max-age=31536000; includeSubDomains",
        "X-Content-Type-Options": "nosniff",
        "x-ms-arm-service-request-id": "e0f0d500-dbf9-4c1d-882c-79f7705865ce",
        "x-ms-client-request-id": "ddd6d4aa41f57c90cba216836ceeae6c",
        "x-ms-correlation-request-id": "76c2360e-eb03-4b43-b362-9bb613a1dac9",
        "x-ms-ratelimit-remaining-subscription-reads": "11906",
        "x-ms-request-id": "f9eb014c-eedd-4ef4-80ac-6a4566559490",
        "x-ms-routing-request-id": "SOUTHEASTASIA:20211118T063544Z:76c2360e-eb03-4b43-b362-9bb613a1dac9"
      },
      "ResponseBody": [
        "{\r\n",
        "  \u0022status\u0022: \u0022InProgress\u0022\r\n",
        "}"
      ]
    },
    {
      "RequestUri": "https://management.azure.com/subscriptions/db1ab6f0-4769-4b27-930e-01e2ef9c123c/providers/Microsoft.Network/locations/westus2/operations/3924ef37-24d0-4775-9345-5be2b87944e8?api-version=2021-02-01",
      "RequestMethod": "GET",
      "RequestHeaders": {
        "Authorization": "Sanitized",
        "User-Agent": "azsdk-net-ResourceManager/1.0.0-beta.5 (.NET Framework 4.8.4300.0; Microsoft Windows 10.0.19043 )",
        "x-ms-client-request-id": "2c5c1aa1c41e6a5f3261544867bd9692",
        "x-ms-return-client-request-id": "true"
      },
      "RequestBody": null,
      "StatusCode": 200,
      "ResponseHeaders": {
        "Cache-Control": "no-cache",
        "Content-Length": "30",
        "Content-Type": "application/json; charset=utf-8",
        "Date": "Thu, 18 Nov 2021 06:35:45 GMT",
        "Expires": "-1",
        "Pragma": "no-cache",
        "Retry-After": "40",
        "Server": [
          "Microsoft-HTTPAPI/2.0",
          "Microsoft-HTTPAPI/2.0"
        ],
        "Strict-Transport-Security": "max-age=31536000; includeSubDomains",
        "X-Content-Type-Options": "nosniff",
        "x-ms-arm-service-request-id": "bdc54808-09c4-4725-95f8-baca8e973c0c",
        "x-ms-client-request-id": "2c5c1aa1c41e6a5f3261544867bd9692",
        "x-ms-correlation-request-id": "f21f9a17-8456-4e20-8304-81f823540d93",
        "x-ms-ratelimit-remaining-subscription-reads": "11905",
        "x-ms-request-id": "b60559b8-5690-45ae-a0a2-6d0302b42553",
        "x-ms-routing-request-id": "SOUTHEASTASIA:20211118T063546Z:f21f9a17-8456-4e20-8304-81f823540d93"
      },
      "ResponseBody": [
        "{\r\n",
        "  \u0022status\u0022: \u0022InProgress\u0022\r\n",
        "}"
      ]
    },
    {
      "RequestUri": "https://management.azure.com/subscriptions/db1ab6f0-4769-4b27-930e-01e2ef9c123c/providers/Microsoft.Network/locations/westus2/operations/3924ef37-24d0-4775-9345-5be2b87944e8?api-version=2021-02-01",
      "RequestMethod": "GET",
      "RequestHeaders": {
        "Authorization": "Sanitized",
        "User-Agent": "azsdk-net-ResourceManager/1.0.0-beta.5 (.NET Framework 4.8.4300.0; Microsoft Windows 10.0.19043 )",
        "x-ms-client-request-id": "9d60250fe493f645811570755d5938c2",
        "x-ms-return-client-request-id": "true"
      },
      "RequestBody": null,
      "StatusCode": 200,
      "ResponseHeaders": {
        "Cache-Control": "no-cache",
        "Content-Length": "30",
        "Content-Type": "application/json; charset=utf-8",
        "Date": "Thu, 18 Nov 2021 06:35:46 GMT",
        "Expires": "-1",
        "Pragma": "no-cache",
        "Retry-After": "40",
        "Server": [
          "Microsoft-HTTPAPI/2.0",
          "Microsoft-HTTPAPI/2.0"
        ],
        "Strict-Transport-Security": "max-age=31536000; includeSubDomains",
        "X-Content-Type-Options": "nosniff",
        "x-ms-arm-service-request-id": "7b3d8533-0d31-4d5a-9cb3-c4136224fa7e",
        "x-ms-client-request-id": "9d60250fe493f645811570755d5938c2",
        "x-ms-correlation-request-id": "c4f638b5-2236-4e8e-bf84-5aecf8462ff3",
        "x-ms-ratelimit-remaining-subscription-reads": "11904",
        "x-ms-request-id": "ff3fe4c5-caab-4bb0-8476-672198d873b4",
        "x-ms-routing-request-id": "SOUTHEASTASIA:20211118T063547Z:c4f638b5-2236-4e8e-bf84-5aecf8462ff3"
      },
      "ResponseBody": [
        "{\r\n",
        "  \u0022status\u0022: \u0022InProgress\u0022\r\n",
        "}"
      ]
    },
    {
      "RequestUri": "https://management.azure.com/subscriptions/db1ab6f0-4769-4b27-930e-01e2ef9c123c/providers/Microsoft.Network/locations/westus2/operations/3924ef37-24d0-4775-9345-5be2b87944e8?api-version=2021-02-01",
      "RequestMethod": "GET",
      "RequestHeaders": {
        "Authorization": "Sanitized",
        "User-Agent": "azsdk-net-ResourceManager/1.0.0-beta.5 (.NET Framework 4.8.4300.0; Microsoft Windows 10.0.19043 )",
        "x-ms-client-request-id": "bba7485cb7c3e698746caa93ec47140e",
        "x-ms-return-client-request-id": "true"
      },
      "RequestBody": null,
      "StatusCode": 200,
      "ResponseHeaders": {
        "Cache-Control": "no-cache",
        "Content-Length": "30",
        "Content-Type": "application/json; charset=utf-8",
        "Date": "Thu, 18 Nov 2021 06:35:48 GMT",
        "Expires": "-1",
        "Pragma": "no-cache",
        "Retry-After": "80",
        "Server": [
          "Microsoft-HTTPAPI/2.0",
          "Microsoft-HTTPAPI/2.0"
        ],
        "Strict-Transport-Security": "max-age=31536000; includeSubDomains",
        "X-Content-Type-Options": "nosniff",
        "x-ms-arm-service-request-id": "82b4be31-df6a-4c52-8713-335ff4a0f379",
        "x-ms-client-request-id": "bba7485cb7c3e698746caa93ec47140e",
        "x-ms-correlation-request-id": "10893239-c352-47a1-90fd-820a799308ee",
        "x-ms-ratelimit-remaining-subscription-reads": "11903",
        "x-ms-request-id": "c445d0a9-4261-446d-a1e6-453fe964919d",
        "x-ms-routing-request-id": "SOUTHEASTASIA:20211118T063548Z:10893239-c352-47a1-90fd-820a799308ee"
      },
      "ResponseBody": [
        "{\r\n",
        "  \u0022status\u0022: \u0022InProgress\u0022\r\n",
        "}"
      ]
    },
    {
      "RequestUri": "https://management.azure.com/subscriptions/db1ab6f0-4769-4b27-930e-01e2ef9c123c/providers/Microsoft.Network/locations/westus2/operations/3924ef37-24d0-4775-9345-5be2b87944e8?api-version=2021-02-01",
      "RequestMethod": "GET",
      "RequestHeaders": {
        "Authorization": "Sanitized",
        "User-Agent": "azsdk-net-ResourceManager/1.0.0-beta.5 (.NET Framework 4.8.4300.0; Microsoft Windows 10.0.19043 )",
        "x-ms-client-request-id": "4673830c108ebdd9d465aa0953ea0cd9",
        "x-ms-return-client-request-id": "true"
      },
      "RequestBody": null,
      "StatusCode": 200,
      "ResponseHeaders": {
        "Cache-Control": "no-cache",
        "Content-Length": "30",
        "Content-Type": "application/json; charset=utf-8",
        "Date": "Thu, 18 Nov 2021 06:35:49 GMT",
        "Expires": "-1",
        "Pragma": "no-cache",
        "Retry-After": "80",
        "Server": [
          "Microsoft-HTTPAPI/2.0",
          "Microsoft-HTTPAPI/2.0"
        ],
        "Strict-Transport-Security": "max-age=31536000; includeSubDomains",
        "X-Content-Type-Options": "nosniff",
        "x-ms-arm-service-request-id": "d1f4f357-7296-4f4e-9f19-fec8559bf02d",
        "x-ms-client-request-id": "4673830c108ebdd9d465aa0953ea0cd9",
        "x-ms-correlation-request-id": "36e63477-e10a-4a00-906e-917c966ad0f5",
        "x-ms-ratelimit-remaining-subscription-reads": "11902",
        "x-ms-request-id": "f894bcd0-3f48-4510-89b1-d0a15b272af6",
        "x-ms-routing-request-id": "SOUTHEASTASIA:20211118T063550Z:36e63477-e10a-4a00-906e-917c966ad0f5"
      },
      "ResponseBody": [
        "{\r\n",
        "  \u0022status\u0022: \u0022InProgress\u0022\r\n",
        "}"
      ]
    },
    {
      "RequestUri": "https://management.azure.com/subscriptions/db1ab6f0-4769-4b27-930e-01e2ef9c123c/providers/Microsoft.Network/locations/westus2/operations/3924ef37-24d0-4775-9345-5be2b87944e8?api-version=2021-02-01",
      "RequestMethod": "GET",
      "RequestHeaders": {
        "Authorization": "Sanitized",
        "User-Agent": "azsdk-net-ResourceManager/1.0.0-beta.5 (.NET Framework 4.8.4300.0; Microsoft Windows 10.0.19043 )",
        "x-ms-client-request-id": "1fec9129db1658cf8c7929273ab10939",
        "x-ms-return-client-request-id": "true"
      },
      "RequestBody": null,
      "StatusCode": 200,
      "ResponseHeaders": {
        "Cache-Control": "no-cache",
        "Content-Length": "30",
        "Content-Type": "application/json; charset=utf-8",
        "Date": "Thu, 18 Nov 2021 06:35:50 GMT",
        "Expires": "-1",
        "Pragma": "no-cache",
        "Retry-After": "160",
        "Server": [
          "Microsoft-HTTPAPI/2.0",
          "Microsoft-HTTPAPI/2.0"
        ],
        "Strict-Transport-Security": "max-age=31536000; includeSubDomains",
        "X-Content-Type-Options": "nosniff",
        "x-ms-arm-service-request-id": "2c3bb797-6784-462f-b59b-f801afac08bb",
        "x-ms-client-request-id": "1fec9129db1658cf8c7929273ab10939",
        "x-ms-correlation-request-id": "0758ec0e-5e49-4d26-94cf-0a01f3d25d53",
        "x-ms-ratelimit-remaining-subscription-reads": "11901",
        "x-ms-request-id": "881f245c-3391-4747-9d22-3637a2d90982",
        "x-ms-routing-request-id": "SOUTHEASTASIA:20211118T063551Z:0758ec0e-5e49-4d26-94cf-0a01f3d25d53"
      },
      "ResponseBody": [
        "{\r\n",
        "  \u0022status\u0022: \u0022InProgress\u0022\r\n",
        "}"
      ]
    },
    {
      "RequestUri": "https://management.azure.com/subscriptions/db1ab6f0-4769-4b27-930e-01e2ef9c123c/providers/Microsoft.Network/locations/westus2/operations/3924ef37-24d0-4775-9345-5be2b87944e8?api-version=2021-02-01",
      "RequestMethod": "GET",
      "RequestHeaders": {
        "Authorization": "Sanitized",
        "User-Agent": "azsdk-net-ResourceManager/1.0.0-beta.5 (.NET Framework 4.8.4300.0; Microsoft Windows 10.0.19043 )",
        "x-ms-client-request-id": "da686200f1e54b346fe9e65d0c8f9289",
        "x-ms-return-client-request-id": "true"
      },
      "RequestBody": null,
      "StatusCode": 200,
      "ResponseHeaders": {
        "Cache-Control": "no-cache",
        "Content-Length": "30",
        "Content-Type": "application/json; charset=utf-8",
        "Date": "Thu, 18 Nov 2021 06:35:51 GMT",
        "Expires": "-1",
        "Pragma": "no-cache",
        "Retry-After": "160",
        "Server": [
          "Microsoft-HTTPAPI/2.0",
          "Microsoft-HTTPAPI/2.0"
        ],
        "Strict-Transport-Security": "max-age=31536000; includeSubDomains",
        "X-Content-Type-Options": "nosniff",
        "x-ms-arm-service-request-id": "2c1bda91-fbe1-483b-af64-0f4d8064b118",
        "x-ms-client-request-id": "da686200f1e54b346fe9e65d0c8f9289",
        "x-ms-correlation-request-id": "a004757f-2aae-4899-8651-af3d146e24df",
        "x-ms-ratelimit-remaining-subscription-reads": "11900",
        "x-ms-request-id": "acf4acad-a069-4f55-bf3c-b0a3abde78b5",
        "x-ms-routing-request-id": "SOUTHEASTASIA:20211118T063552Z:a004757f-2aae-4899-8651-af3d146e24df"
      },
      "ResponseBody": [
        "{\r\n",
        "  \u0022status\u0022: \u0022InProgress\u0022\r\n",
        "}"
      ]
    },
    {
      "RequestUri": "https://management.azure.com/subscriptions/db1ab6f0-4769-4b27-930e-01e2ef9c123c/providers/Microsoft.Network/locations/westus2/operations/3924ef37-24d0-4775-9345-5be2b87944e8?api-version=2021-02-01",
      "RequestMethod": "GET",
      "RequestHeaders": {
        "Authorization": "Sanitized",
        "User-Agent": "azsdk-net-ResourceManager/1.0.0-beta.5 (.NET Framework 4.8.4300.0; Microsoft Windows 10.0.19043 )",
        "x-ms-client-request-id": "5b6ad05ff55b30f7b41bb914e7b18222",
        "x-ms-return-client-request-id": "true"
      },
      "RequestBody": null,
      "StatusCode": 200,
      "ResponseHeaders": {
        "Cache-Control": "no-cache",
        "Content-Length": "30",
        "Content-Type": "application/json; charset=utf-8",
        "Date": "Thu, 18 Nov 2021 06:35:53 GMT",
        "Expires": "-1",
        "Pragma": "no-cache",
        "Retry-After": "100",
        "Server": [
          "Microsoft-HTTPAPI/2.0",
          "Microsoft-HTTPAPI/2.0"
        ],
        "Strict-Transport-Security": "max-age=31536000; includeSubDomains",
        "X-Content-Type-Options": "nosniff",
        "x-ms-arm-service-request-id": "a54b4f36-bfe7-4155-aedd-b8ae91ddf2bd",
        "x-ms-client-request-id": "5b6ad05ff55b30f7b41bb914e7b18222",
        "x-ms-correlation-request-id": "204cb691-d870-42d4-adb9-4175e9df0c17",
        "x-ms-ratelimit-remaining-subscription-reads": "11899",
        "x-ms-request-id": "adb2846d-0eed-4914-be2e-a4947158d6a6",
        "x-ms-routing-request-id": "SOUTHEASTASIA:20211118T063553Z:204cb691-d870-42d4-adb9-4175e9df0c17"
      },
      "ResponseBody": [
        "{\r\n",
        "  \u0022status\u0022: \u0022InProgress\u0022\r\n",
        "}"
      ]
    },
    {
      "RequestUri": "https://management.azure.com/subscriptions/db1ab6f0-4769-4b27-930e-01e2ef9c123c/providers/Microsoft.Network/locations/westus2/operations/3924ef37-24d0-4775-9345-5be2b87944e8?api-version=2021-02-01",
      "RequestMethod": "GET",
      "RequestHeaders": {
        "Authorization": "Sanitized",
        "User-Agent": "azsdk-net-ResourceManager/1.0.0-beta.5 (.NET Framework 4.8.4300.0; Microsoft Windows 10.0.19043 )",
        "x-ms-client-request-id": "f108715b328138f45da1af2cf4714cfd",
        "x-ms-return-client-request-id": "true"
      },
      "RequestBody": null,
      "StatusCode": 200,
      "ResponseHeaders": {
        "Cache-Control": "no-cache",
        "Content-Length": "30",
        "Content-Type": "application/json; charset=utf-8",
        "Date": "Thu, 18 Nov 2021 06:35:54 GMT",
        "Expires": "-1",
        "Pragma": "no-cache",
        "Retry-After": "100",
        "Server": [
          "Microsoft-HTTPAPI/2.0",
          "Microsoft-HTTPAPI/2.0"
        ],
        "Strict-Transport-Security": "max-age=31536000; includeSubDomains",
        "X-Content-Type-Options": "nosniff",
        "x-ms-arm-service-request-id": "324f8fde-5ac5-44e3-b482-d179c9e64652",
        "x-ms-client-request-id": "f108715b328138f45da1af2cf4714cfd",
        "x-ms-correlation-request-id": "55bb1c51-5420-4dd0-91fd-b366a240ae1e",
        "x-ms-ratelimit-remaining-subscription-reads": "11898",
        "x-ms-request-id": "0c640a55-8a22-40ec-a057-135f052f7720",
        "x-ms-routing-request-id": "SOUTHEASTASIA:20211118T063555Z:55bb1c51-5420-4dd0-91fd-b366a240ae1e"
      },
      "ResponseBody": [
        "{\r\n",
        "  \u0022status\u0022: \u0022InProgress\u0022\r\n",
        "}"
      ]
    },
    {
      "RequestUri": "https://management.azure.com/subscriptions/db1ab6f0-4769-4b27-930e-01e2ef9c123c/providers/Microsoft.Network/locations/westus2/operations/3924ef37-24d0-4775-9345-5be2b87944e8?api-version=2021-02-01",
      "RequestMethod": "GET",
      "RequestHeaders": {
        "Authorization": "Sanitized",
        "User-Agent": "azsdk-net-ResourceManager/1.0.0-beta.5 (.NET Framework 4.8.4300.0; Microsoft Windows 10.0.19043 )",
        "x-ms-client-request-id": "69c89fe7ae470bde6b3825ca371f63bd",
        "x-ms-return-client-request-id": "true"
      },
      "RequestBody": null,
      "StatusCode": 200,
      "ResponseHeaders": {
        "Cache-Control": "no-cache",
        "Content-Length": "29",
        "Content-Type": "application/json; charset=utf-8",
        "Date": "Thu, 18 Nov 2021 06:35:56 GMT",
        "Expires": "-1",
        "Pragma": "no-cache",
        "Server": [
          "Microsoft-HTTPAPI/2.0",
          "Microsoft-HTTPAPI/2.0"
        ],
        "Strict-Transport-Security": "max-age=31536000; includeSubDomains",
        "X-Content-Type-Options": "nosniff",
        "x-ms-arm-service-request-id": "20541d87-7700-47fb-9d3f-42154d00a220",
        "x-ms-client-request-id": "69c89fe7ae470bde6b3825ca371f63bd",
        "x-ms-correlation-request-id": "86f83f66-3154-4067-8de7-5d5c885fa57b",
        "x-ms-ratelimit-remaining-subscription-reads": "11897",
        "x-ms-request-id": "dc217eff-fbdf-4769-a7b8-714f48efa228",
        "x-ms-routing-request-id": "SOUTHEASTASIA:20211118T063556Z:86f83f66-3154-4067-8de7-5d5c885fa57b"
      },
      "ResponseBody": [
        "{\r\n",
        "  \u0022status\u0022: \u0022Succeeded\u0022\r\n",
        "}"
      ]
    },
    {
      "RequestUri": "https://management.azure.com/subscriptions/db1ab6f0-4769-4b27-930e-01e2ef9c123c/resourceGroups/teststorageRG-1691/providers/Microsoft.Network/privateEndpoints/pe-4823?api-version=2021-02-01",
      "RequestMethod": "GET",
      "RequestHeaders": {
        "Authorization": "Sanitized",
        "User-Agent": "azsdk-net-ResourceManager/1.0.0-beta.5 (.NET Framework 4.8.4300.0; Microsoft Windows 10.0.19043 )",
        "x-ms-client-request-id": "9b01c366a1872c07dc31feba45ca3b43",
        "x-ms-return-client-request-id": "true"
      },
      "RequestBody": null,
      "StatusCode": 200,
      "ResponseHeaders": {
        "Cache-Control": "no-cache",
        "Content-Length": "1951",
        "Content-Type": "application/json; charset=utf-8",
        "Date": "Thu, 18 Nov 2021 06:35:56 GMT",
        "ETag": "W/\u0022b9c89129-6e46-490f-ade8-cae166b9edf2\u0022",
        "Expires": "-1",
        "Pragma": "no-cache",
        "Server": [
          "Microsoft-HTTPAPI/2.0",
          "Microsoft-HTTPAPI/2.0"
        ],
        "Strict-Transport-Security": "max-age=31536000; includeSubDomains",
        "X-Content-Type-Options": "nosniff",
        "x-ms-arm-service-request-id": "9db53f75-f046-46b0-a826-3b1e259c0f86",
        "x-ms-client-request-id": "9b01c366a1872c07dc31feba45ca3b43",
        "x-ms-correlation-request-id": "6c8fb223-16e4-4626-ada7-ae22242bd659",
        "x-ms-ratelimit-remaining-subscription-reads": "11896",
        "x-ms-request-id": "a6976098-f2f9-4945-a9c0-38f140631443",
        "x-ms-routing-request-id": "SOUTHEASTASIA:20211118T063557Z:6c8fb223-16e4-4626-ada7-ae22242bd659"
      },
      "ResponseBody": [
        "{\r\n",
        "  \u0022name\u0022: \u0022pe-4823\u0022,\r\n",
        "  \u0022id\u0022: \u0022/subscriptions/db1ab6f0-4769-4b27-930e-01e2ef9c123c/resourceGroups/teststorageRG-1691/providers/Microsoft.Network/privateEndpoints/pe-4823\u0022,\r\n",
        "  \u0022etag\u0022: \u0022W/\\\u0022b9c89129-6e46-490f-ade8-cae166b9edf2\\\u0022\u0022,\r\n",
        "  \u0022type\u0022: \u0022Microsoft.Network/privateEndpoints\u0022,\r\n",
        "  \u0022location\u0022: \u0022westus2\u0022,\r\n",
        "  \u0022properties\u0022: {\r\n",
        "    \u0022provisioningState\u0022: \u0022Succeeded\u0022,\r\n",
        "    \u0022resourceGuid\u0022: \u00224abd1dd9-4522-4bcd-8555-631ddcefe78a\u0022,\r\n",
        "    \u0022privateLinkServiceConnections\u0022: [],\r\n",
        "    \u0022manualPrivateLinkServiceConnections\u0022: [\r\n",
        "      {\r\n",
        "        \u0022name\u0022: \u0022pec4398\u0022,\r\n",
        "        \u0022id\u0022: \u0022/subscriptions/db1ab6f0-4769-4b27-930e-01e2ef9c123c/resourceGroups/teststorageRG-1691/providers/Microsoft.Network/privateEndpoints/pe-4823/manualPrivateLinkServiceConnections/pec4398\u0022,\r\n",
        "        \u0022etag\u0022: \u0022W/\\\u0022b9c89129-6e46-490f-ade8-cae166b9edf2\\\u0022\u0022,\r\n",
        "        \u0022properties\u0022: {\r\n",
        "          \u0022provisioningState\u0022: \u0022Succeeded\u0022,\r\n",
        "          \u0022privateLinkServiceId\u0022: \u0022/subscriptions/db1ab6f0-4769-4b27-930e-01e2ef9c123c/resourceGroups/teststorageRG-1691/providers/Microsoft.Storage/storageAccounts/teststoragemgmt4000\u0022,\r\n",
        "          \u0022groupIds\u0022: [\r\n",
        "            \u0022Blob\u0022\r\n",
        "          ],\r\n",
        "          \u0022requestMessage\u0022: \u0022SDK test\u0022,\r\n",
        "          \u0022privateLinkServiceConnectionState\u0022: {\r\n",
        "            \u0022status\u0022: \u0022Pending\u0022,\r\n",
        "            \u0022description\u0022: \u0022SDK test\u0022,\r\n",
        "            \u0022actionsRequired\u0022: \u0022None\u0022\r\n",
        "          }\r\n",
        "        },\r\n",
        "        \u0022type\u0022: \u0022Microsoft.Network/privateEndpoints/manualPrivateLinkServiceConnections\u0022\r\n",
        "      }\r\n",
        "    ],\r\n",
        "    \u0022subnet\u0022: {\r\n",
        "      \u0022id\u0022: \u0022/subscriptions/db1ab6f0-4769-4b27-930e-01e2ef9c123c/resourceGroups/teststorageRG-1691/providers/Microsoft.Network/virtualNetworks/vnet-1903/subnets/default\u0022\r\n",
        "    },\r\n",
        "    \u0022networkInterfaces\u0022: [\r\n",
        "      {\r\n",
        "        \u0022id\u0022: \u0022/subscriptions/db1ab6f0-4769-4b27-930e-01e2ef9c123c/resourceGroups/teststorageRG-1691/providers/Microsoft.Network/networkInterfaces/pe-4823.nic.ebe0aeb8-6e75-4357-82fd-9e22e37704bf\u0022\r\n",
        "      }\r\n",
        "    ],\r\n",
        "    \u0022customDnsConfigs\u0022: []\r\n",
        "  }\r\n",
        "}"
      ]
    },
    {
      "RequestUri": "https://management.azure.com/subscriptions/db1ab6f0-4769-4b27-930e-01e2ef9c123c/resourceGroups/teststorageRG-1691/providers/Microsoft.Storage/storageAccounts/teststoragemgmt4000/privateEndpointConnections?api-version=2021-08-01",
      "RequestMethod": "GET",
      "RequestHeaders": {
        "Accept": "application/json",
        "Authorization": "Sanitized",
        "User-Agent": "azsdk-net-ResourceManager.Storage/1.0.0-alpha.20211118.1 (.NET Framework 4.8.4300.0; Microsoft Windows 10.0.19043 )",
        "x-ms-client-request-id": "472dbcce19e9addb92fd86490d2a003d",
        "x-ms-return-client-request-id": "true"
      },
      "RequestBody": null,
      "StatusCode": 200,
      "ResponseHeaders": {
        "Cache-Control": "no-cache",
        "Content-Length": "709",
        "Content-Type": "application/json",
        "Date": "Thu, 18 Nov 2021 06:35:56 GMT",
        "Expires": "-1",
        "Pragma": "no-cache",
        "Server": "Microsoft-Azure-Storage-Resource-Provider/1.0,Microsoft-HTTPAPI/2.0 Microsoft-HTTPAPI/2.0",
        "Strict-Transport-Security": "max-age=31536000; includeSubDomains",
        "X-Content-Type-Options": "nosniff",
        "x-ms-client-request-id": "472dbcce19e9addb92fd86490d2a003d",
        "x-ms-correlation-request-id": "458da12a-1e6e-4d33-9063-4f19a3192fea",
        "x-ms-ratelimit-remaining-subscription-reads": "11895",
        "x-ms-request-id": "4106ffbf-d05e-4719-99fe-2d58037300d4",
        "x-ms-routing-request-id": "SOUTHEASTASIA:20211118T063557Z:458da12a-1e6e-4d33-9063-4f19a3192fea"
      },
      "ResponseBody": {
        "value": [
          {
            "id": "/subscriptions/db1ab6f0-4769-4b27-930e-01e2ef9c123c/resourceGroups/teststorageRG-1691/providers/Microsoft.Storage/storageAccounts/teststoragemgmt4000/privateEndpointConnections/teststoragemgmt4000.a7018905-b288-44ee-a5da-7e0a67e59740",
            "name": "teststoragemgmt4000.a7018905-b288-44ee-a5da-7e0a67e59740",
            "type": "Microsoft.Storage/storageAccounts/privateEndpointConnections",
            "properties": {
              "provisioningState": "Succeeded",
              "privateEndpoint": {
                "id": "/subscriptions/db1ab6f0-4769-4b27-930e-01e2ef9c123c/resourceGroups/teststorageRG-1691/providers/Microsoft.Network/privateEndpoints/pe-4823"
              },
              "privateLinkServiceConnectionState": {
                "status": "Pending",
                "description": "SDK test",
                "actionRequired": "None"
              }
            }
          }
        ]
      }
    },
    {
      "RequestUri": "https://management.azure.com/subscriptions/db1ab6f0-4769-4b27-930e-01e2ef9c123c/resourceGroups/teststorageRG-1691/providers/Microsoft.Storage/storageAccounts/teststoragemgmt4000/privateEndpointConnections/teststoragemgmt4000.a7018905-b288-44ee-a5da-7e0a67e59740?api-version=2021-08-01",
      "RequestMethod": "GET",
      "RequestHeaders": {
        "Accept": "application/json",
        "Authorization": "Sanitized",
        "User-Agent": "azsdk-net-ResourceManager.Storage/1.0.0-alpha.20211118.1 (.NET Framework 4.8.4300.0; Microsoft Windows 10.0.19043 )",
        "x-ms-client-request-id": "31c6f13db1704576989b8d16b023c5a0",
        "x-ms-return-client-request-id": "true"
      },
      "RequestBody": null,
      "StatusCode": 200,
      "ResponseHeaders": {
        "Cache-Control": "no-cache",
        "Content-Length": "697",
        "Content-Type": "application/json",
        "Date": "Thu, 18 Nov 2021 06:35:56 GMT",
        "Expires": "-1",
        "Pragma": "no-cache",
        "Server": "Microsoft-Azure-Storage-Resource-Provider/1.0,Microsoft-HTTPAPI/2.0 Microsoft-HTTPAPI/2.0",
        "Strict-Transport-Security": "max-age=31536000; includeSubDomains",
        "X-Content-Type-Options": "nosniff",
        "x-ms-client-request-id": "31c6f13db1704576989b8d16b023c5a0",
        "x-ms-correlation-request-id": "3d3a6cb1-96a9-4e24-8f00-2f41bf601425",
        "x-ms-ratelimit-remaining-subscription-reads": "11894",
        "x-ms-request-id": "3ec42343-fee9-42a7-a414-21136aa8f9af",
        "x-ms-routing-request-id": "SOUTHEASTASIA:20211118T063557Z:3d3a6cb1-96a9-4e24-8f00-2f41bf601425"
      },
      "ResponseBody": {
        "id": "/subscriptions/db1ab6f0-4769-4b27-930e-01e2ef9c123c/resourceGroups/teststorageRG-1691/providers/Microsoft.Storage/storageAccounts/teststoragemgmt4000/privateEndpointConnections/teststoragemgmt4000.a7018905-b288-44ee-a5da-7e0a67e59740",
        "name": "teststoragemgmt4000.a7018905-b288-44ee-a5da-7e0a67e59740",
        "type": "Microsoft.Storage/storageAccounts/privateEndpointConnections",
        "properties": {
          "provisioningState": "Succeeded",
          "privateEndpoint": {
            "id": "/subscriptions/db1ab6f0-4769-4b27-930e-01e2ef9c123c/resourceGroups/teststorageRG-1691/providers/Microsoft.Network/privateEndpoints/pe-4823"
          },
          "privateLinkServiceConnectionState": {
            "status": "Pending",
            "description": "SDK test",
            "actionRequired": "None"
          }
        }
      }
    },
    {
      "RequestUri": "https://management.azure.com/subscriptions/db1ab6f0-4769-4b27-930e-01e2ef9c123c/resourceGroups/teststorageRG-1691/providers/Microsoft.Storage/storageAccounts/teststoragemgmt4000/privateEndpointConnections/teststoragemgmt4000.a7018905-b288-44ee-a5da-7e0a67e59740?api-version=2021-08-01",
      "RequestMethod": "DELETE",
      "RequestHeaders": {
        "Accept": "application/json",
        "Authorization": "Sanitized",
        "User-Agent": "azsdk-net-ResourceManager.Storage/1.0.0-alpha.20211118.1 (.NET Framework 4.8.4300.0; Microsoft Windows 10.0.19043 )",
        "x-ms-client-request-id": "7bfbe2fc1cf14dd4e85408891abd1fb2",
        "x-ms-return-client-request-id": "true"
      },
      "RequestBody": null,
      "StatusCode": 200,
      "ResponseHeaders": {
        "Cache-Control": "no-cache",
        "Content-Length": "0",
        "Content-Type": "text/plain; charset=utf-8",
        "Date": "Thu, 18 Nov 2021 06:35:58 GMT",
        "Expires": "-1",
        "Pragma": "no-cache",
        "Server": "Microsoft-Azure-Storage-Resource-Provider/1.0,Microsoft-HTTPAPI/2.0 Microsoft-HTTPAPI/2.0",
        "Strict-Transport-Security": "max-age=31536000; includeSubDomains",
        "X-Content-Type-Options": "nosniff",
        "x-ms-client-request-id": "7bfbe2fc1cf14dd4e85408891abd1fb2",
        "x-ms-correlation-request-id": "f04b4c1d-3d3d-401c-9ca5-eb6a5a3fa075",
        "x-ms-ratelimit-remaining-subscription-deletes": "14993",
        "x-ms-request-id": "8a3909a4-99d6-41bd-8903-9a235fb61f71",
        "x-ms-routing-request-id": "SOUTHEASTASIA:20211118T063559Z:f04b4c1d-3d3d-401c-9ca5-eb6a5a3fa075"
      },
      "ResponseBody": []
    },
    {
      "RequestUri": "https://management.azure.com/subscriptions/db1ab6f0-4769-4b27-930e-01e2ef9c123c/resourceGroups/teststorageRG-1691/providers/Microsoft.Storage/storageAccounts/teststoragemgmt4000/privateEndpointConnections?api-version=2021-08-01",
      "RequestMethod": "GET",
      "RequestHeaders": {
        "Accept": "application/json",
        "Authorization": "Sanitized",
        "User-Agent": "azsdk-net-ResourceManager.Storage/1.0.0-alpha.20211118.1 (.NET Framework 4.8.4300.0; Microsoft Windows 10.0.19043 )",
        "x-ms-client-request-id": "547dc0310a041cd346e7af4d8cc5fd6f",
        "x-ms-return-client-request-id": "true"
      },
      "RequestBody": null,
      "StatusCode": 200,
      "ResponseHeaders": {
        "Cache-Control": "no-cache",
        "Content-Length": "12",
        "Content-Type": "application/json",
        "Date": "Thu, 18 Nov 2021 06:35:58 GMT",
        "Expires": "-1",
        "Pragma": "no-cache",
        "Server": "Microsoft-Azure-Storage-Resource-Provider/1.0,Microsoft-HTTPAPI/2.0 Microsoft-HTTPAPI/2.0",
        "Strict-Transport-Security": "max-age=31536000; includeSubDomains",
        "X-Content-Type-Options": "nosniff",
        "x-ms-client-request-id": "547dc0310a041cd346e7af4d8cc5fd6f",
        "x-ms-correlation-request-id": "ef5594ea-643c-4a35-887d-3cf45af08a15",
        "x-ms-ratelimit-remaining-subscription-reads": "11893",
        "x-ms-request-id": "3f8bbecf-adcb-4e21-bae9-a6929a899641",
        "x-ms-routing-request-id": "SOUTHEASTASIA:20211118T063559Z:ef5594ea-643c-4a35-887d-3cf45af08a15"
      },
      "ResponseBody": {
        "value": []
      }
    },
    {
      "RequestUri": "https://management.azure.com/subscriptions/db1ab6f0-4769-4b27-930e-01e2ef9c123c/resourceGroups/teststorageRG-1691/providers/Microsoft.Storage/storageAccounts/teststoragemgmt4000/privateEndpointConnections?api-version=2021-08-01",
      "RequestMethod": "GET",
      "RequestHeaders": {
        "Accept": "application/json",
        "Authorization": "Sanitized",
        "User-Agent": "azsdk-net-ResourceManager.Storage/1.0.0-alpha.20211118.1 (.NET Framework 4.8.4300.0; Microsoft Windows 10.0.19043 )",
        "x-ms-client-request-id": "2b4de537852e204c1d78491ba9ec2bda",
        "x-ms-return-client-request-id": "true"
      },
      "RequestBody": null,
      "StatusCode": 200,
      "ResponseHeaders": {
        "Cache-Control": "no-cache",
        "Content-Length": "12",
        "Content-Type": "application/json",
        "Date": "Thu, 18 Nov 2021 06:35:59 GMT",
        "Expires": "-1",
        "Pragma": "no-cache",
        "Server": "Microsoft-Azure-Storage-Resource-Provider/1.0,Microsoft-HTTPAPI/2.0 Microsoft-HTTPAPI/2.0",
        "Strict-Transport-Security": "max-age=31536000; includeSubDomains",
        "X-Content-Type-Options": "nosniff",
        "x-ms-client-request-id": "2b4de537852e204c1d78491ba9ec2bda",
        "x-ms-correlation-request-id": "1e297842-35c2-4ffc-91dc-3b1366a9f1af",
        "x-ms-ratelimit-remaining-subscription-reads": "11892",
        "x-ms-request-id": "e1b24c8c-1a88-4480-9e32-4b312e86ea25",
        "x-ms-routing-request-id": "SOUTHEASTASIA:20211118T063600Z:1e297842-35c2-4ffc-91dc-3b1366a9f1af"
      },
      "ResponseBody": {
        "value": []
      }
    },
    {
      "RequestUri": "https://management.azure.com/subscriptions/db1ab6f0-4769-4b27-930e-01e2ef9c123c/resourceGroups/teststorageRG-1691/providers/Microsoft.Storage/storageAccounts/teststoragemgmt4000?api-version=2021-08-01",
      "RequestMethod": "DELETE",
      "RequestHeaders": {
        "Authorization": "Sanitized",
        "User-Agent": "azsdk-net-ResourceManager.Storage/1.0.0-alpha.20211118.1 (.NET Framework 4.8.4300.0; Microsoft Windows 10.0.19043 )",
        "x-ms-client-request-id": "f0e4db7c71a6f19c0ede35096d86c123",
        "x-ms-return-client-request-id": "true"
      },
      "RequestBody": null,
      "StatusCode": 200,
      "ResponseHeaders": {
        "Cache-Control": "no-cache",
        "Content-Length": "0",
        "Content-Type": "text/plain; charset=utf-8",
        "Date": "Thu, 18 Nov 2021 06:36:07 GMT",
        "Expires": "-1",
        "Pragma": "no-cache",
        "Server": "Microsoft-Azure-Storage-Resource-Provider/1.0,Microsoft-HTTPAPI/2.0 Microsoft-HTTPAPI/2.0",
        "Strict-Transport-Security": "max-age=31536000; includeSubDomains",
        "X-Content-Type-Options": "nosniff",
        "x-ms-client-request-id": "f0e4db7c71a6f19c0ede35096d86c123",
        "x-ms-correlation-request-id": "f0d7ad27-9ea4-427a-97c4-9933ebb16d38",
        "x-ms-ratelimit-remaining-subscription-deletes": "14992",
        "x-ms-request-id": "f3edc34e-39c8-4542-84d3-699cda8101e5",
        "x-ms-routing-request-id": "SOUTHEASTASIA:20211118T063607Z:f0d7ad27-9ea4-427a-97c4-9933ebb16d38"
      },
      "ResponseBody": []
    }
  ],
  "Variables": {
    "RandomSeed": "2033012717",
    "RESOURCE_MANAGER_URL": null,
    "SUBSCRIPTION_ID": "db1ab6f0-4769-4b27-930e-01e2ef9c123c"
  }
}