{
  "Entries": [
    {
      "RequestUri": "https://azs-net-t50d8619e0b774b52.search.windows.net/indexes(\u0027vkfipjoh\u0027)/docs/search.index?api-version=2020-06-30",
      "RequestMethod": "POST",
      "RequestHeaders": {
        "Accept": "application/json; odata.metadata=none",
        "api-key": "Sanitized",
        "Content-Length": "66",
        "Content-Type": "application/json",
        "traceparent": "00-7726be21f9f8ee488642e849fe6b3875-2d5d034dfa2c4f46-00",
        "User-Agent": [
          "azsdk-net-Search.Documents/11.2.0-dev.20200820.2",
          "(.NET Core 4.6.27514.02; Microsoft Windows 10.0.17763 )"
        ],
        "x-ms-client-request-id": "41298b33ba87801183d4e63a5116f18c",
        "x-ms-return-client-request-id": "true"
      },
      "RequestBody": {
        "value": [
          {
            "@search.action": "upload",
            "hotelId": "1",
            "address": {}
          }
        ]
      },
      "StatusCode": 200,
      "ResponseHeaders": {
        "Cache-Control": "no-cache",
        "client-request-id": "41298b33-ba87-8011-83d4-e63a5116f18c",
        "Content-Length": "74",
        "Content-Type": "application/json; odata.metadata=none",
        "Date": "Thu, 20 Aug 2020 17:59:44 GMT",
        "elapsed-time": "93",
        "Expires": "-1",
        "OData-Version": "4.0",
        "Pragma": "no-cache",
        "Preference-Applied": "odata.include-annotations=\u0022*\u0022",
        "request-id": "41298b33-ba87-8011-83d4-e63a5116f18c",
        "Strict-Transport-Security": "max-age=15724800; includeSubDomains",
        "x-ms-client-request-id": "41298b33-ba87-8011-83d4-e63a5116f18c"
      },
      "ResponseBody": {
        "value": [
          {
            "key": "1",
            "status": true,
            "errorMessage": null,
            "statusCode": 201
          }
        ]
      }
    },
    {
      "RequestUri": "https://azs-net-t50d8619e0b774b52.search.windows.net/indexes(\u0027vkfipjoh\u0027)/docs(\u00271\u0027)?api-version=2020-06-30",
      "RequestMethod": "GET",
      "RequestHeaders": {
        "Accept": [
          "application/json; odata.metadata=none",
          "application/json"
        ],
        "api-key": "Sanitized",
        "traceparent": "00-632b5fd8d311a64a8d3db737e7d53518-7bdc4e13ab253b43-00",
        "User-Agent": [
          "azsdk-net-Search.Documents/11.2.0-dev.20200820.2",
          "(.NET Core 4.6.27514.02; Microsoft Windows 10.0.17763 )"
        ],
        "x-ms-client-request-id": "9d0cb48abffadd494c0801195f598b73",
        "x-ms-return-client-request-id": "true"
      },
      "RequestBody": null,
      "StatusCode": 200,
      "ResponseHeaders": {
        "Cache-Control": "no-cache",
        "client-request-id": "9d0cb48a-bffa-dd49-4c08-01195f598b73",
        "Content-Length": "309",
        "Content-Type": "application/json; odata.metadata=none",
        "Date": "Thu, 20 Aug 2020 17:59:46 GMT",
        "elapsed-time": "7",
        "Expires": "-1",
        "OData-Version": "4.0",
        "Pragma": "no-cache",
        "Preference-Applied": "odata.include-annotations=\u0022*\u0022",
        "request-id": "9d0cb48a-bffa-dd49-4c08-01195f598b73",
        "Strict-Transport-Security": "max-age=15724800; includeSubDomains",
        "x-ms-client-request-id": "9d0cb48a-bffa-dd49-4c08-01195f598b73"
      },
      "ResponseBody": {
        "hotelId": "1",
        "hotelName": null,
        "description": null,
        "descriptionFr": null,
        "category": null,
        "tags": [],
        "parkingIncluded": null,
        "smokingAllowed": null,
        "lastRenovationDate": null,
        "rating": null,
        "location": null,
        "address": {
          "streetAddress": null,
          "city": null,
          "stateProvince": null,
          "country": null,
          "postalCode": null
        },
        "rooms": []
      }
    },
    {
      "RequestUri": "https://azs-net-t50d8619e0b774b52.search.windows.net/indexes(\u0027vkfipjoh\u0027)?api-version=2020-06-30",
      "RequestMethod": "DELETE",
      "RequestHeaders": {
        "Accept": [
          "application/json; odata.metadata=minimal",
          "application/json"
        ],
        "api-key": "Sanitized",
        "traceparent": "00-830f3887fbb03b4083330f28f7be7cd2-3bb6f2a169205c41-00",
        "User-Agent": [
          "azsdk-net-Search.Documents/11.2.0-dev.20200820.2",
          "(.NET Core 4.6.27514.02; Microsoft Windows 10.0.17763 )"
        ],
        "x-ms-client-request-id": "145dbace99a6b5d6d67fe7cc994aa30f",
        "x-ms-return-client-request-id": "true"
      },
      "RequestBody": null,
      "StatusCode": 204,
      "ResponseHeaders": {
        "Cache-Control": "no-cache",
        "client-request-id": "145dbace-99a6-b5d6-d67f-e7cc994aa30f",
        "Date": "Thu, 20 Aug 2020 17:59:46 GMT",
        "elapsed-time": "541",
        "Expires": "-1",
        "Pragma": "no-cache",
        "request-id": "145dbace-99a6-b5d6-d67f-e7cc994aa30f",
        "Strict-Transport-Security": "max-age=15724800; includeSubDomains",
        "x-ms-client-request-id": "145dbace-99a6-b5d6-d67f-e7cc994aa30f"
      },
      "ResponseBody": []
    }
  ],
  "Variables": {
    "RandomSeed": "1573078829",
    "SearchIndexName": "vkfipjoh",
    "SEARCH_ADMIN_API_KEY": "Sanitized",
    "SEARCH_QUERY_API_KEY": "Sanitized",
    "SEARCH_SERVICE_NAME": "azs-net-t50d8619e0b774b52"
  }
}