{
  "Entries": [
    {
      "RequestUri": "https://mohitc-acs.search.windows.net/indexes(\u0027dldbhbvn\u0027)/docs/search.index?api-version=2020-06-30",
      "RequestMethod": "POST",
      "RequestHeaders": {
        "Accept": "application/json; odata.metadata=none",
        "api-key": "Sanitized",
        "Content-Length": "153",
        "Content-Type": "application/json",
        "traceparent": "00-7de5ed5d477c4f478124b3987cb94809-3bd2b3d53369504f-00",
        "User-Agent": [
          "azsdk-net-Search.Documents/11.3.0-alpha.20210326.1",
          "(.NET Core 4.6.29719.03; Microsoft Windows 10.0.19043 )"
        ],
        "x-ms-client-request-id": "3cd4b4d13a707d1c9a15802c84f31845",
        "x-ms-return-client-request-id": "true"
      },
      "RequestBody": {
        "value": [
          {
            "@search.action": "upload",
            "hotelId": "1",
            "rooms": [
              {},
              {
                "baseRate": null,
                "bedOptions": null,
                "sleepsCount": null,
                "smokingAllowed": null,
                "tags": []
              }
            ]
          }
        ]
      },
      "StatusCode": 200,
      "ResponseHeaders": {
        "Cache-Control": "no-cache",
        "client-request-id": "3cd4b4d1-3a70-7d1c-9a15-802c84f31845",
        "Content-Length": "74",
        "Content-Type": "application/json; odata.metadata=none",
        "Date": "Sat, 27 Mar 2021 18:16:26 GMT",
        "elapsed-time": "99",
        "Expires": "-1",
        "OData-Version": "4.0",
        "Pragma": "no-cache",
        "Preference-Applied": "odata.include-annotations=\u0022*\u0022",
        "request-id": "3cd4b4d1-3a70-7d1c-9a15-802c84f31845",
        "Strict-Transport-Security": "max-age=15724800; includeSubDomains",
        "x-ms-client-request-id": "3cd4b4d1-3a70-7d1c-9a15-802c84f31845"
      },
      "ResponseBody": {
        "value": [
          {
            "key": "1",
            "status": true,
            "errorMessage": null,
            "statusCode": 201
          }
        ]
      }
    },
    {
      "RequestUri": "https://mohitc-acs.search.windows.net/indexes(\u0027dldbhbvn\u0027)/docs(\u00271\u0027)?$select=hotelId%2Crooms\u0026api-version=2020-06-30",
      "RequestMethod": "GET",
      "RequestHeaders": {
        "Accept": "application/json; odata.metadata=none",
        "api-key": "Sanitized",
        "traceparent": "00-1f1ed7b919c99041aa50dec474f84c67-6fa305f5e6b56f4a-00",
        "User-Agent": [
          "azsdk-net-Search.Documents/11.3.0-alpha.20210326.1",
          "(.NET Core 4.6.29719.03; Microsoft Windows 10.0.19043 )"
        ],
        "x-ms-client-request-id": "25023fe79da338161865932bea9979d1",
        "x-ms-return-client-request-id": "true"
      },
      "RequestBody": null,
      "StatusCode": 200,
      "ResponseHeaders": {
        "Cache-Control": "no-cache",
        "client-request-id": "25023fe7-9da3-3816-1865-932bea9979d1",
        "Content-Length": "303",
        "Content-Type": "application/json; odata.metadata=none",
        "Date": "Sat, 27 Mar 2021 18:16:28 GMT",
        "elapsed-time": "10",
        "Expires": "-1",
        "OData-Version": "4.0",
        "Pragma": "no-cache",
        "Preference-Applied": "odata.include-annotations=\u0022*\u0022",
        "request-id": "25023fe7-9da3-3816-1865-932bea9979d1",
        "Strict-Transport-Security": "max-age=15724800; includeSubDomains",
        "x-ms-client-request-id": "25023fe7-9da3-3816-1865-932bea9979d1"
      },
      "ResponseBody": {
        "hotelId": "1",
        "rooms": [
          {
            "description": null,
            "descriptionFr": null,
            "type": null,
            "baseRate": null,
            "bedOptions": null,
            "sleepsCount": null,
            "smokingAllowed": null,
            "tags": []
          },
          {
            "description": null,
            "descriptionFr": null,
            "type": null,
            "baseRate": null,
            "bedOptions": null,
            "sleepsCount": null,
            "smokingAllowed": null,
            "tags": []
          }
        ]
      }
    },
    {
      "RequestUri": "https://mohitc-acs.search.windows.net/indexes(\u0027dldbhbvn\u0027)?api-version=2020-06-30",
      "RequestMethod": "DELETE",
      "RequestHeaders": {
        "Accept": "application/json; odata.metadata=minimal",
        "api-key": "Sanitized",
        "traceparent": "00-1dd8c7eaef126343a9ffb2f9c7b802e9-ec4d6cf85adeb847-00",
        "User-Agent": [
          "azsdk-net-Search.Documents/11.3.0-alpha.20210326.1",
          "(.NET Core 4.6.29719.03; Microsoft Windows 10.0.19043 )"
        ],
        "x-ms-client-request-id": "f2cd1d7126755cd2e3778f1baba129ae",
        "x-ms-return-client-request-id": "true"
      },
      "RequestBody": null,
      "StatusCode": 204,
      "ResponseHeaders": {
        "Cache-Control": "no-cache",
        "client-request-id": "f2cd1d71-2675-5cd2-e377-8f1baba129ae",
        "Date": "Sat, 27 Mar 2021 18:16:28 GMT",
        "elapsed-time": "171",
        "Expires": "-1",
        "Pragma": "no-cache",
        "request-id": "f2cd1d71-2675-5cd2-e377-8f1baba129ae",
        "Strict-Transport-Security": "max-age=15724800; includeSubDomains",
        "x-ms-client-request-id": "f2cd1d71-2675-5cd2-e377-8f1baba129ae"
      },
      "ResponseBody": []
    }
  ],
  "Variables": {
    "RandomSeed": "315955367",
    "SearchIndexName": "dldbhbvn",
    "SEARCH_ADMIN_API_KEY": "Sanitized",
    "SEARCH_ENDPOINT_SUFFIX": null,
    "SEARCH_QUERY_API_KEY": "Sanitized",
    "SEARCH_SERVICE_NAME": "mohitc-acs"
  }
}