{
  "Entries": [
    {
      "RequestUri": "https://mohitc-acs.search.windows.net/indexes(\u0027wqbqnxgv\u0027)/docs/search.index?api-version=2020-06-30",
      "RequestMethod": "POST",
      "RequestHeaders": {
        "Accept": "application/json; odata.metadata=none",
        "api-key": "Sanitized",
        "Content-Length": "313",
        "Content-Type": "application/json",
        "traceparent": "00-867f203ca83cb041b053451ac2524386-df0a1c27ba4f8545-00",
        "User-Agent": [
          "azsdk-net-Search.Documents/11.3.0-alpha.20210326.1",
          "(.NET Core 4.6.29719.03; Microsoft Windows 10.0.19043 )"
        ],
        "x-ms-client-request-id": "90ea827e2f761f83ac770431dcd23fc1",
        "x-ms-return-client-request-id": "true"
      },
      "RequestBody": {
        "value": [
          {
            "@search.action": "upload",
            "hotelId": "1",
            "hotelName": null,
            "description": null,
            "descriptionFr": null,
            "category": null,
            "tags": [],
            "parkingIncluded": null,
            "smokingAllowed": null,
            "lastRenovationDate": "2010-06-27T00:00:00.0000000-08:00",
            "rating": null,
            "geoLocation": null,
            "location": null,
            "address": null,
            "rooms": []
          }
        ]
      },
      "StatusCode": 200,
      "ResponseHeaders": {
        "Cache-Control": "no-cache",
        "client-request-id": "90ea827e-2f76-1f83-ac77-0431dcd23fc1",
        "Content-Length": "74",
        "Content-Type": "application/json; odata.metadata=none",
        "Date": "Sat, 27 Mar 2021 18:23:59 GMT",
        "elapsed-time": "113",
        "Expires": "-1",
        "OData-Version": "4.0",
        "Pragma": "no-cache",
        "Preference-Applied": "odata.include-annotations=\u0022*\u0022",
        "request-id": "90ea827e-2f76-1f83-ac77-0431dcd23fc1",
        "Strict-Transport-Security": "max-age=15724800; includeSubDomains",
        "x-ms-client-request-id": "90ea827e-2f76-1f83-ac77-0431dcd23fc1"
      },
      "ResponseBody": {
        "value": [
          {
            "key": "1",
            "status": true,
            "errorMessage": null,
            "statusCode": 201
          }
        ]
      }
    },
    {
      "RequestUri": "https://mohitc-acs.search.windows.net/indexes(\u0027wqbqnxgv\u0027)/docs(\u00271\u0027)?api-version=2020-06-30",
      "RequestMethod": "GET",
      "RequestHeaders": {
        "Accept": "application/json; odata.metadata=none",
        "api-key": "Sanitized",
        "traceparent": "00-687c199efcb0c444bc2a216c88834e0b-ddae38e2c10da640-00",
        "User-Agent": [
          "azsdk-net-Search.Documents/11.3.0-alpha.20210326.1",
          "(.NET Core 4.6.29719.03; Microsoft Windows 10.0.19043 )"
        ],
        "x-ms-client-request-id": "26d08ddb6c66331f89a7e6eef9859689",
        "x-ms-return-client-request-id": "true"
      },
      "RequestBody": null,
      "StatusCode": 200,
      "ResponseHeaders": {
        "Cache-Control": "no-cache",
        "client-request-id": "26d08ddb-6c66-331f-89a7-e6eef9859689",
        "Content-Length": "262",
        "Content-Type": "application/json; odata.metadata=none",
        "Date": "Sat, 27 Mar 2021 18:24:02 GMT",
        "elapsed-time": "13",
        "Expires": "-1",
        "OData-Version": "4.0",
        "Pragma": "no-cache",
        "Preference-Applied": "odata.include-annotations=\u0022*\u0022",
        "request-id": "26d08ddb-6c66-331f-89a7-e6eef9859689",
        "Strict-Transport-Security": "max-age=15724800; includeSubDomains",
        "x-ms-client-request-id": "26d08ddb-6c66-331f-89a7-e6eef9859689"
      },
      "ResponseBody": {
        "hotelId": "1",
        "hotelName": null,
        "description": null,
        "descriptionFr": null,
        "category": null,
        "tags": [],
        "parkingIncluded": null,
        "smokingAllowed": null,
        "lastRenovationDate": "2010-06-27T08:00:00Z",
        "rating": null,
        "location": null,
        "geoLocation": null,
        "address": null,
        "rooms": []
      }
    },
    {
      "RequestUri": "https://mohitc-acs.search.windows.net/indexes(\u0027wqbqnxgv\u0027)?api-version=2020-06-30",
      "RequestMethod": "DELETE",
      "RequestHeaders": {
        "Accept": "application/json; odata.metadata=minimal",
        "api-key": "Sanitized",
        "traceparent": "00-6cfcd89a65223340a0e8d83cc5d3b2e1-08f56dc1e3b8b848-00",
        "User-Agent": [
          "azsdk-net-Search.Documents/11.3.0-alpha.20210326.1",
          "(.NET Core 4.6.29719.03; Microsoft Windows 10.0.19043 )"
        ],
        "x-ms-client-request-id": "c1c3aaec550ec72ede64a37b001da8ef",
        "x-ms-return-client-request-id": "true"
      },
      "RequestBody": null,
      "StatusCode": 204,
      "ResponseHeaders": {
        "Cache-Control": "no-cache",
        "client-request-id": "c1c3aaec-550e-c72e-de64-a37b001da8ef",
        "Date": "Sat, 27 Mar 2021 18:24:02 GMT",
        "elapsed-time": "174",
        "Expires": "-1",
        "Pragma": "no-cache",
        "request-id": "c1c3aaec-550e-c72e-de64-a37b001da8ef",
        "Strict-Transport-Security": "max-age=15724800; includeSubDomains",
        "x-ms-client-request-id": "c1c3aaec-550e-c72e-de64-a37b001da8ef"
      },
      "ResponseBody": []
    }
  ],
  "Variables": {
    "RandomSeed": "144595203",
    "SearchIndexName": "wqbqnxgv",
    "SEARCH_ADMIN_API_KEY": "Sanitized",
    "SEARCH_ENDPOINT_SUFFIX": null,
    "SEARCH_QUERY_API_KEY": "Sanitized",
    "SEARCH_SERVICE_NAME": "mohitc-acs"
  }
}