{
  "Entries": [
    {
      "RequestUri": "https://azs-net-t50d8619e0b774b52.search.windows.net/indexes(\u0027wepvfesv\u0027)/docs/search.index?api-version=2020-06-30",
      "RequestMethod": "POST",
      "RequestHeaders": {
        "Accept": "application/json; odata.metadata=none",
        "api-key": "Sanitized",
        "Content-Length": "77",
        "Content-Type": "application/json",
        "traceparent": "00-a848c37d4f270e44b6f157a393f3cc78-534d678bc2d13047-00",
        "User-Agent": [
          "azsdk-net-Search.Documents/11.2.0-dev.20200820.2",
          "(.NET Core 4.6.27514.02; Microsoft Windows 10.0.17763 )"
        ],
        "x-ms-client-request-id": "eb3f3216b0de1bf6125f047abab79f2a",
        "x-ms-return-client-request-id": "true"
      },
      "RequestBody": {
        "value": [
          {
            "@search.action": "upload",
            "hotelId": "4",
            "hotelName": "Value Inn"
          }
        ]
      },
      "StatusCode": 200,
      "ResponseHeaders": {
        "Cache-Control": "no-cache",
        "client-request-id": "eb3f3216-b0de-1bf6-125f-047abab79f2a",
        "Content-Length": "74",
        "Content-Type": "application/json; odata.metadata=none",
        "Date": "Thu, 20 Aug 2020 18:02:25 GMT",
        "elapsed-time": "83",
        "Expires": "-1",
        "OData-Version": "4.0",
        "Pragma": "no-cache",
        "Preference-Applied": "odata.include-annotations=\u0022*\u0022",
        "request-id": "eb3f3216-b0de-1bf6-125f-047abab79f2a",
        "Strict-Transport-Security": "max-age=15724800; includeSubDomains",
        "x-ms-client-request-id": "eb3f3216-b0de-1bf6-125f-047abab79f2a"
      },
      "ResponseBody": {
        "value": [
          {
            "key": "4",
            "status": true,
            "errorMessage": null,
            "statusCode": 201
          }
        ]
      }
    },
    {
      "RequestUri": "https://azs-net-t50d8619e0b774b52.search.windows.net/indexes(\u0027wepvfesv\u0027)/docs(\u00274\u0027)?api-version=2020-06-30",
      "RequestMethod": "GET",
      "RequestHeaders": {
        "Accept": [
          "application/json; odata.metadata=none",
          "application/json"
        ],
        "api-key": "Sanitized",
        "traceparent": "00-6963cf2389405547a393dcf8a91be9ef-39e1056a74a36e43-00",
        "User-Agent": [
          "azsdk-net-Search.Documents/11.2.0-dev.20200820.2",
          "(.NET Core 4.6.27514.02; Microsoft Windows 10.0.17763 )"
        ],
        "x-ms-client-request-id": "616d0353a8077dbe8775e6cb950c62f3",
        "x-ms-return-client-request-id": "true"
      },
      "RequestBody": null,
      "StatusCode": 200,
      "ResponseHeaders": {
        "Cache-Control": "no-cache",
        "client-request-id": "616d0353-a807-7dbe-8775-e6cb950c62f3",
        "Content-Length": "232",
        "Content-Type": "application/json; odata.metadata=none",
        "Date": "Thu, 20 Aug 2020 18:02:27 GMT",
        "elapsed-time": "13",
        "Expires": "-1",
        "OData-Version": "4.0",
        "Pragma": "no-cache",
        "Preference-Applied": "odata.include-annotations=\u0022*\u0022",
        "request-id": "616d0353-a807-7dbe-8775-e6cb950c62f3",
        "Strict-Transport-Security": "max-age=15724800; includeSubDomains",
        "x-ms-client-request-id": "616d0353-a807-7dbe-8775-e6cb950c62f3"
      },
      "ResponseBody": {
        "hotelId": "4",
        "hotelName": "Value Inn",
        "description": null,
        "descriptionFr": null,
        "category": null,
        "tags": [],
        "parkingIncluded": null,
        "smokingAllowed": null,
        "lastRenovationDate": null,
        "rating": null,
        "location": null,
        "address": null,
        "rooms": []
      }
    },
    {
      "RequestUri": "https://azs-net-t50d8619e0b774b52.search.windows.net/indexes(\u0027wepvfesv\u0027)?api-version=2020-06-30",
      "RequestMethod": "DELETE",
      "RequestHeaders": {
        "Accept": [
          "application/json; odata.metadata=minimal",
          "application/json"
        ],
        "api-key": "Sanitized",
        "traceparent": "00-8a84def24cb51745afcaabaa3874ff7f-6a558817f0582241-00",
        "User-Agent": [
          "azsdk-net-Search.Documents/11.2.0-dev.20200820.2",
          "(.NET Core 4.6.27514.02; Microsoft Windows 10.0.17763 )"
        ],
        "x-ms-client-request-id": "1445617c8ef38333059250742aeea463",
        "x-ms-return-client-request-id": "true"
      },
      "RequestBody": null,
      "StatusCode": 204,
      "ResponseHeaders": {
        "Cache-Control": "no-cache",
        "client-request-id": "1445617c-8ef3-8333-0592-50742aeea463",
        "Date": "Thu, 20 Aug 2020 18:02:27 GMT",
        "elapsed-time": "482",
        "Expires": "-1",
        "Pragma": "no-cache",
        "request-id": "1445617c-8ef3-8333-0592-50742aeea463",
        "Strict-Transport-Security": "max-age=15724800; includeSubDomains",
        "x-ms-client-request-id": "1445617c-8ef3-8333-0592-50742aeea463"
      },
      "ResponseBody": []
    }
  ],
  "Variables": {
    "RandomSeed": "10321260",
    "SearchIndexName": "wepvfesv",
    "SEARCH_ADMIN_API_KEY": "Sanitized",
    "SEARCH_QUERY_API_KEY": "Sanitized",
    "SEARCH_SERVICE_NAME": "azs-net-t50d8619e0b774b52"
  }
}