{
  "Entries": [
    {
      "RequestUri": "https://management.azure.com/subscriptions/db1ab6f0-4769-4b27-930e-01e2ef9c123c?api-version=2021-01-01",
      "RequestMethod": "GET",
      "RequestHeaders": {
        "Accept": "application/json",
        "Authorization": "Sanitized",
        "traceparent": "00-816df2e56011ed4ab2b9a72d7932680a-e12f914849536649-00",
        "User-Agent": "azsdk-net-ResourceManager/1.3.1 (.NET Core 3.1.29; Microsoft Windows 10.0.22000)",
        "x-ms-client-request-id": "f6c5ade66b7e10136d87a8a84f86487c",
        "x-ms-return-client-request-id": "true"
      },
      "RequestBody": null,
      "StatusCode": 200,
      "ResponseHeaders": {
        "Cache-Control": "no-cache",
        "Content-Length": "747",
        "Content-Type": "application/json; charset=utf-8",
        "Date": "Mon, 19 Sep 2022 07:32:40 GMT",
        "Expires": "-1",
        "Pragma": "no-cache",
        "Strict-Transport-Security": "max-age=31536000; includeSubDomains",
        "X-Content-Type-Options": "nosniff",
        "x-ms-correlation-request-id": "0320d06c-5660-481e-a987-e9034d341cc5",
        "x-ms-ratelimit-remaining-subscription-reads": "11974",
        "x-ms-request-id": "0320d06c-5660-481e-a987-e9034d341cc5",
        "x-ms-routing-request-id": "SOUTHEASTASIA:20220919T073240Z:0320d06c-5660-481e-a987-e9034d341cc5"
      },
      "ResponseBody": {
        "id": "/subscriptions/db1ab6f0-4769-4b27-930e-01e2ef9c123c",
        "authorizationSource": "RoleBased",
        "managedByTenants": [],
        "tags": {
          "TagKey-9823": "TagValue-566",
          "TagKey-3481": "TagValue-320",
          "TagKey-4926": "TagValue-1187",
          "TagKey-751": "TagValue-3921",
          "TagKey-1866": "TagValue-8559",
          "TagKey-3094": "TagValue-9190",
          "TagKey-2449": "TagValue-9",
          "TagKey-8379": "TagValue-164",
          "TagKey-7470": "TagValue-2205",
          "TagKey-4236": "TagValue-3698",
          "TagKey-5316": "TagValue-2725"
        },
        "subscriptionId": "db1ab6f0-4769-4b27-930e-01e2ef9c123c",
        "tenantId": "72f988bf-86f1-41af-91ab-2d7cd011db47",
        "displayName": ".NET Mgmt SDK Test with TTL = 1 Day",
        "state": "Enabled",
        "subscriptionPolicies": {
          "locationPlacementId": "Internal_2014-09-01",
          "quotaId": "Internal_2014-09-01",
          "spendingLimit": "Off"
        }
      }
    },
    {
      "RequestUri": "https://management.azure.com/subscriptions/db1ab6f0-4769-4b27-930e-01e2ef9c123c/resourcegroups/PeeringRG3567?api-version=2021-04-01",
      "RequestMethod": "PUT",
      "RequestHeaders": {
        "Accept": "application/json",
        "Authorization": "Sanitized",
        "Content-Length": "21",
        "Content-Type": "application/json",
        "traceparent": "00-34a0b450f014624e80bb2a011119ea73-964bbcf62bf7a849-00",
        "User-Agent": "azsdk-net-ResourceManager/1.3.1 (.NET Core 3.1.29; Microsoft Windows 10.0.22000)",
        "x-ms-client-request-id": "727ed51712444ef4dede6602e4dd6de4",
        "x-ms-return-client-request-id": "true"
      },
      "RequestBody": {
        "location": "eastus"
      },
      "StatusCode": 201,
      "ResponseHeaders": {
        "Cache-Control": "no-cache",
        "Content-Length": "223",
        "Content-Type": "application/json; charset=utf-8",
        "Date": "Mon, 19 Sep 2022 07:32:42 GMT",
        "Expires": "-1",
        "Pragma": "no-cache",
        "Strict-Transport-Security": "max-age=31536000; includeSubDomains",
        "X-Content-Type-Options": "nosniff",
        "x-ms-correlation-request-id": "03d8c4b0-881b-4087-b113-d06201391a19",
        "x-ms-ratelimit-remaining-subscription-writes": "1188",
        "x-ms-request-id": "03d8c4b0-881b-4087-b113-d06201391a19",
        "x-ms-routing-request-id": "SOUTHEASTASIA:20220919T073242Z:03d8c4b0-881b-4087-b113-d06201391a19"
      },
      "ResponseBody": {
        "id": "/subscriptions/db1ab6f0-4769-4b27-930e-01e2ef9c123c/resourceGroups/PeeringRG3567",
        "name": "PeeringRG3567",
        "type": "Microsoft.Resources/resourceGroups",
        "location": "eastus",
        "properties": {
          "provisioningState": "Succeeded"
        }
      }
    },
    {
      "RequestUri": "https://management.azure.com/subscriptions/db1ab6f0-4769-4b27-930e-01e2ef9c123c/resourceGroups/PeeringRG3567/providers/Microsoft.Peering/peeringServices/peeringService5837?api-version=2022-06-01",
      "RequestMethod": "PUT",
      "RequestHeaders": {
        "Accept": "application/json",
        "Authorization": "Sanitized",
        "Content-Length": "164",
        "Content-Type": "application/json",
        "traceparent": "00-ab928a28c2880f4bb8435f58005a991d-5129490e4bf1d74f-00",
        "User-Agent": "azsdk-net-ResourceManager.Peering/1.0.0-alpha.20220916.1 (.NET Core 3.1.29; Microsoft Windows 10.0.22000)",
        "x-ms-client-request-id": "5644ac8e549d4cfda86c9c0c47095099",
        "x-ms-return-client-request-id": "true"
      },
      "RequestBody": {
        "tags": {},
        "location": "eastus",
        "properties": {
          "peeringServiceLocation": "South Australia",
          "peeringServiceProvider": "Atman",
          "providerPrimaryPeeringLocation": "Warsaw"
        }
      },
      "StatusCode": 201,
      "ResponseHeaders": {
        "Cache-Control": "no-cache",
        "Content-Length": "482",
        "Content-Type": "application/json; charset=utf-8",
        "Date": "Mon, 19 Sep 2022 07:32:46 GMT",
        "Expires": "-1",
        "Pragma": "no-cache",
        "Strict-Transport-Security": "max-age=31536000; includeSubDomains",
        "X-Content-Type-Options": "nosniff",
        "x-ms-correlation-request-id": "bac80598-f747-420d-bc3a-08acb60f362b",
        "x-ms-ratelimit-remaining-subscription-resource-requests": "90",
        "x-ms-request-id": "49f24f76-1c5f-473c-9f85-235c4bf4a505",
        "x-ms-routing-request-id": "SOUTHEASTASIA:20220919T073246Z:bac80598-f747-420d-bc3a-08acb60f362b"
      },
      "ResponseBody": {
        "properties": {
          "peeringServiceLocation": "South Australia",
          "peeringServiceProvider": "Atman",
          "provisioningState": "Succeeded",
          "providerPrimaryPeeringLocation": "Warsaw"
        },
        "location": "eastus",
        "tags": {},
        "name": "peeringService5837",
        "id": "/subscriptions/db1ab6f0-4769-4b27-930e-01e2ef9c123c/resourceGroups/PeeringRG3567/providers/Microsoft.Peering/peeringServices/peeringService5837",
        "type": "Microsoft.Peering/peeringServices"
      }
    },
    {
      "RequestUri": "https://management.azure.com/subscriptions/db1ab6f0-4769-4b27-930e-01e2ef9c123c/resourceGroups/PeeringRG3567/providers/Microsoft.Peering/peeringServices/peeringService5837?api-version=2022-06-01",
      "RequestMethod": "GET",
      "RequestHeaders": {
        "Accept": "application/json",
        "Authorization": "Sanitized",
        "traceparent": "00-4396ebe092ddc8478a23db1afa4b9fd1-5a2f0580b441d246-00",
        "User-Agent": "azsdk-net-ResourceManager.Peering/1.0.0-alpha.20220916.1 (.NET Core 3.1.29; Microsoft Windows 10.0.22000)",
        "x-ms-client-request-id": "8815d08ea27cd09aa7a08dac0e88aa3a",
        "x-ms-return-client-request-id": "true"
      },
      "RequestBody": null,
      "StatusCode": 200,
      "ResponseHeaders": {
        "Cache-Control": "no-cache",
        "Content-Length": "482",
        "Content-Type": "application/json; charset=utf-8",
        "Date": "Mon, 19 Sep 2022 07:32:46 GMT",
        "Expires": "-1",
        "Pragma": "no-cache",
        "Strict-Transport-Security": "max-age=31536000; includeSubDomains",
        "X-Content-Type-Options": "nosniff",
        "x-ms-correlation-request-id": "81b2c798-54ca-4c69-b3b5-87be0e53acdf",
        "x-ms-ratelimit-remaining-subscription-resource-requests": "588",
        "x-ms-request-id": "75b9b22d-180c-489e-a533-152327b06ec6",
        "x-ms-routing-request-id": "SOUTHEASTASIA:20220919T073246Z:81b2c798-54ca-4c69-b3b5-87be0e53acdf"
      },
      "ResponseBody": {
        "properties": {
          "peeringServiceLocation": "South Australia",
          "peeringServiceProvider": "Atman",
          "provisioningState": "Succeeded",
          "providerPrimaryPeeringLocation": "Warsaw"
        },
        "location": "eastus",
        "tags": {},
        "name": "peeringService5837",
        "id": "/subscriptions/db1ab6f0-4769-4b27-930e-01e2ef9c123c/resourceGroups/PeeringRG3567/providers/Microsoft.Peering/peeringServices/peeringService5837",
        "type": "Microsoft.Peering/peeringServices"
      }
    },
    {
      "RequestUri": "https://management.azure.com/subscriptions/db1ab6f0-4769-4b27-930e-01e2ef9c123c/providers/Microsoft.Peering/peerAsns?api-version=2022-06-01",
      "RequestMethod": "GET",
      "RequestHeaders": {
        "Accept": "application/json",
        "Authorization": "Sanitized",
        "traceparent": "00-30ede4316ae3424581b0a6fc62c618f8-1ec28f90258b624b-00",
        "User-Agent": "azsdk-net-ResourceManager.Peering/1.0.0-alpha.20220916.1 (.NET Core 3.1.29; Microsoft Windows 10.0.22000)",
        "x-ms-client-request-id": "9cf8a4c3fc38807980269ca5574197d5",
        "x-ms-return-client-request-id": "true"
      },
      "RequestBody": null,
      "StatusCode": 200,
      "ResponseHeaders": {
        "Cache-Control": "no-cache",
        "Content-Length": "19",
        "Content-Type": "application/json; charset=utf-8",
        "Date": "Mon, 19 Sep 2022 07:32:46 GMT",
        "Expires": "-1",
        "Pragma": "no-cache",
        "Strict-Transport-Security": "max-age=31536000; includeSubDomains",
        "X-Content-Type-Options": "nosniff",
        "x-ms-correlation-request-id": "c258d88c-9748-4434-a1d2-e8b645f0f2bc",
        "x-ms-ratelimit-remaining-subscription-resource-requests": "590",
        "x-ms-request-id": "d26e3b22-d831-4472-8b7e-0e11e1daad30",
        "x-ms-routing-request-id": "SOUTHEASTASIA:20220919T073246Z:c258d88c-9748-4434-a1d2-e8b645f0f2bc"
      },
      "ResponseBody": {
        "value": []
      }
    }
  ],
  "Variables": {
    "AZURE_AUTHORITY_HOST": "https://login.microsoftonline.com",
    "RandomSeed": "875188708",
    "RESOURCE_MANAGER_URL": null,
    "SUBSCRIPTION_ID": "db1ab6f0-4769-4b27-930e-01e2ef9c123c"
  }
}
