{
  "Entries": [
    {
      "RequestUri": "https://mariaridoctrans29prim.blob.core.windows.net/source560453804?restype=container",
      "RequestMethod": "PUT",
      "RequestHeaders": {
        "Accept": "application/xml",
        "Authorization": "Sanitized",
        "Content-Length": "0",
        "traceparent": "00-2f71d06e3d94ac4f929e862e7e53488c-0602c740c4013944-00",
        "User-Agent": "azsdk-net-Storage.Blobs/12.8.0 (.NET Framework 4.8.4300.0; Microsoft Windows 10.0.19043 )",
        "x-ms-blob-public-access": "container",
        "x-ms-client-request-id": "3f59bca38fd6b45b71fb388344b030ce",
        "x-ms-date": "Mon, 24 May 2021 21:24:04 GMT",
        "x-ms-return-client-request-id": "true",
        "x-ms-version": "2020-04-08"
      },
      "RequestBody": null,
      "StatusCode": 201,
      "ResponseHeaders": {
        "Content-Length": "0",
        "Date": "Mon, 24 May 2021 21:24:03 GMT",
        "ETag": "\u00220x8D91EFA41A90B5B\u0022",
        "Last-Modified": "Mon, 24 May 2021 21:24:04 GMT",
        "Server": "Windows-Azure-Blob/1.0 Microsoft-HTTPAPI/2.0",
        "x-ms-client-request-id": "3f59bca38fd6b45b71fb388344b030ce",
        "x-ms-request-id": "eb2402ce-001e-0038-2de3-504c92000000",
        "x-ms-version": "2020-04-08"
      },
      "ResponseBody": []
    },
    {
      "RequestUri": "https://mariaridoctrans29prim.blob.core.windows.net/source560453804/Document1.txt",
      "RequestMethod": "PUT",
      "RequestHeaders": {
        "Accept": "application/xml",
        "Authorization": "Sanitized",
        "Content-Length": "27",
        "Content-Type": "application/octet-stream",
        "If-None-Match": "*",
        "traceparent": "00-507de3dd1504d64a87a267d7c816e0e6-2a5e7caad3e1b44b-00",
        "User-Agent": "azsdk-net-Storage.Blobs/12.8.0 (.NET Framework 4.8.4300.0; Microsoft Windows 10.0.19043 )",
        "x-ms-blob-type": "BlockBlob",
        "x-ms-client-request-id": "799ce5b4e9242474cf0aad7d58bf7146",
        "x-ms-date": "Mon, 24 May 2021 21:24:04 GMT",
        "x-ms-return-client-request-id": "true",
        "x-ms-version": "2020-04-08"
      },
      "RequestBody": "Rmlyc3QgZW5nbGlzaCB0ZXN0IGRvY3VtZW50",
      "StatusCode": 201,
      "ResponseHeaders": {
        "Content-Length": "0",
        "Content-MD5": "zc6asiLoUz/caxlJ6YwKxA==",
        "Date": "Mon, 24 May 2021 21:24:03 GMT",
        "ETag": "\u00220x8D91EFA41AFEFEB\u0022",
        "Last-Modified": "Mon, 24 May 2021 21:24:04 GMT",
        "Server": "Windows-Azure-Blob/1.0 Microsoft-HTTPAPI/2.0",
        "x-ms-client-request-id": "799ce5b4e9242474cf0aad7d58bf7146",
        "x-ms-content-crc64": "V7knc5S52gk=",
        "x-ms-request-id": "eb2402d9-001e-0038-37e3-504c92000000",
        "x-ms-request-server-encrypted": "true",
        "x-ms-version": "2020-04-08"
      },
      "ResponseBody": []
    },
    {
      "RequestUri": "https://mariaridoctrans29prim.blob.core.windows.net/source560453804/File2.jpg",
      "RequestMethod": "PUT",
      "RequestHeaders": {
        "Accept": "application/xml",
        "Authorization": "Sanitized",
        "Content-Length": "3",
        "Content-Type": "application/octet-stream",
        "If-None-Match": "*",
        "traceparent": "00-907f5c2ec9e79e4a88a43df7d04628ab-f2efac8801a68141-00",
        "User-Agent": "azsdk-net-Storage.Blobs/12.8.0 (.NET Framework 4.8.4300.0; Microsoft Windows 10.0.19043 )",
        "x-ms-blob-type": "BlockBlob",
        "x-ms-client-request-id": "60be8b479538bb6a8ad9d8d838711f14",
        "x-ms-date": "Mon, 24 May 2021 21:24:04 GMT",
        "x-ms-return-client-request-id": "true",
        "x-ms-version": "2020-04-08"
      },
      "RequestBody": "anBn",
      "StatusCode": 201,
      "ResponseHeaders": {
        "Content-Length": "0",
        "Content-MD5": "w2u9JYt\u002B5pTrmHIhsrGXsA==",
        "Date": "Mon, 24 May 2021 21:24:03 GMT",
        "ETag": "\u00220x8D91EFA41B76B59\u0022",
        "Last-Modified": "Mon, 24 May 2021 21:24:04 GMT",
        "Server": "Windows-Azure-Blob/1.0 Microsoft-HTTPAPI/2.0",
        "x-ms-client-request-id": "60be8b479538bb6a8ad9d8d838711f14",
        "x-ms-content-crc64": "NngqzE\u002Bv31M=",
        "x-ms-request-id": "eb2402f2-001e-0038-48e3-504c92000000",
        "x-ms-request-server-encrypted": "true",
        "x-ms-version": "2020-04-08"
      },
      "ResponseBody": []
    },
    {
      "RequestUri": "https://mariaridoctrans29prim.blob.core.windows.net/target1923316379?restype=container",
      "RequestMethod": "PUT",
      "RequestHeaders": {
        "Accept": "application/xml",
        "Authorization": "Sanitized",
        "Content-Length": "0",
        "traceparent": "00-b0a9868995084d499c17f48556920ac8-c4c18f95e8ebd843-00",
        "User-Agent": "azsdk-net-Storage.Blobs/12.8.0 (.NET Framework 4.8.4300.0; Microsoft Windows 10.0.19043 )",
        "x-ms-blob-public-access": "container",
        "x-ms-client-request-id": "533cc621874448b93470cbe1de5bb18a",
        "x-ms-date": "Mon, 24 May 2021 21:24:04 GMT",
        "x-ms-return-client-request-id": "true",
        "x-ms-version": "2020-04-08"
      },
      "RequestBody": null,
      "StatusCode": 201,
      "ResponseHeaders": {
        "Content-Length": "0",
        "Date": "Mon, 24 May 2021 21:24:03 GMT",
        "ETag": "\u00220x8D91EFA41BBD365\u0022",
        "Last-Modified": "Mon, 24 May 2021 21:24:04 GMT",
        "Server": "Windows-Azure-Blob/1.0 Microsoft-HTTPAPI/2.0",
        "x-ms-client-request-id": "533cc621874448b93470cbe1de5bb18a",
        "x-ms-request-id": "eb24030a-001e-0038-59e3-504c92000000",
        "x-ms-version": "2020-04-08"
      },
      "ResponseBody": []
    },
    {
      "RequestUri": "https://mariaridoctrans29-doctranslation.cognitiveservices.azure.com/translator/text/batch/v1.0/batches",
      "RequestMethod": "POST",
      "RequestHeaders": {
        "Accept": "application/json",
        "Content-Length": "103",
        "Content-Type": "application/json",
        "Ocp-Apim-Subscription-Key": "Sanitized",
        "traceparent": "00-ef073b7e22b92842b7d0efed004402bb-8d5fbd59d6ab954f-00",
        "User-Agent": "azsdk-net-AI.Translation.Document/1.0.0-alpha.20210524.1 (.NET Framework 4.8.4300.0; Microsoft Windows 10.0.19043 )",
        "x-ms-client-request-id": "f2b83bf295d07a1ee0ef4b119beb5deb",
        "x-ms-return-client-request-id": "true"
      },
      "RequestBody": {
        "inputs": [
          {
            "source": {
              "sourceUrl": "Sanitized"
            },
            "targets": [
              {
                "targetUrl": "Sanitized",
                "language": "fr"
              }
            ]
          }
        ]
      },
      "StatusCode": 202,
      "ResponseHeaders": {
        "apim-request-id": "479dca5a-dae8-48d7-beda-d397a3eab87d",
        "Content-Length": "0",
        "Date": "Mon, 24 May 2021 21:24:04 GMT",
        "Operation-Location": "https://mariaridoctrans29-doctranslation.cognitiveservices.azure.com/translator/text/batch/v1.0/batches/a7874420-cc8e-4361-ab71-ce7042bf615c",
        "Set-Cookie": [
          "ARRAffinity=0ff46fa6d58b00f2d44b7073721903c0eace480139d8ecfc38f61130af5e1587;Path=/;HttpOnly;Secure;Domain=mtbatch.nam.microsofttranslator.com",
          "ARRAffinitySameSite=0ff46fa6d58b00f2d44b7073721903c0eace480139d8ecfc38f61130af5e1587;Path=/;HttpOnly;SameSite=None;Secure;Domain=mtbatch.nam.microsofttranslator.com"
        ],
        "Strict-Transport-Security": "max-age=31536000; includeSubDomains; preload",
        "x-content-type-options": "nosniff",
        "X-Powered-By": "ASP.NET",
        "X-RequestId": "479dca5a-dae8-48d7-beda-d397a3eab87d"
      },
      "ResponseBody": []
    },
    {
      "RequestUri": "https://mariaridoctrans29-doctranslation.cognitiveservices.azure.com/translator/text/batch/v1.0/batches/a7874420-cc8e-4361-ab71-ce7042bf615c",
      "RequestMethod": "GET",
      "RequestHeaders": {
        "Accept": "application/json",
        "Ocp-Apim-Subscription-Key": "Sanitized",
        "User-Agent": "azsdk-net-AI.Translation.Document/1.0.0-alpha.20210524.1 (.NET Framework 4.8.4300.0; Microsoft Windows 10.0.19043 )",
        "x-ms-client-request-id": "f837e199f2340303041704249fdaab7d",
        "x-ms-return-client-request-id": "true"
      },
      "RequestBody": null,
      "StatusCode": 200,
      "ResponseHeaders": {
        "apim-request-id": "d49fbb53-0c98-41f7-aa48-ede7e437cb0a",
        "Cache-Control": [
          "public",
          "max-age=1"
        ],
        "Content-Type": "application/json; charset=utf-8",
        "Date": "Mon, 24 May 2021 21:24:04 GMT",
        "ETag": "\u002290A7E201B98EF89B50C15F261F275C6C8C5D720A2BFFFF112F7491F69FC27958\u0022",
        "Retry-After": "1",
        "Set-Cookie": [
          "ARRAffinity=20358cd7aa5d6b0695f01ef171fc9a95880154357830e1c6bb513b73834a2e5f;Path=/;HttpOnly;Secure;Domain=mtbatch.nam.microsofttranslator.com",
          "ARRAffinitySameSite=20358cd7aa5d6b0695f01ef171fc9a95880154357830e1c6bb513b73834a2e5f;Path=/;HttpOnly;SameSite=None;Secure;Domain=mtbatch.nam.microsofttranslator.com"
        ],
        "Strict-Transport-Security": "max-age=31536000; includeSubDomains; preload",
        "Transfer-Encoding": "chunked",
        "x-content-type-options": "nosniff",
        "X-Powered-By": "ASP.NET",
        "X-RequestId": "d49fbb53-0c98-41f7-aa48-ede7e437cb0a"
      },
      "ResponseBody": {
        "id": "a7874420-cc8e-4361-ab71-ce7042bf615c",
        "createdDateTimeUtc": "2021-05-24T21:24:04.365815Z",
        "lastActionDateTimeUtc": "2021-05-24T21:24:04.3658153Z",
        "status": "NotStarted",
        "summary": {
          "total": 0,
          "failed": 0,
          "success": 0,
          "inProgress": 0,
          "notYetStarted": 0,
          "cancelled": 0,
          "totalCharacterCharged": 0
        }
      }
    },
    {
      "RequestUri": "https://mariaridoctrans29-doctranslation.cognitiveservices.azure.com/translator/text/batch/v1.0/batches/a7874420-cc8e-4361-ab71-ce7042bf615c",
      "RequestMethod": "GET",
      "RequestHeaders": {
        "Accept": "application/json",
        "Ocp-Apim-Subscription-Key": "Sanitized",
        "User-Agent": "azsdk-net-AI.Translation.Document/1.0.0-alpha.20210524.1 (.NET Framework 4.8.4300.0; Microsoft Windows 10.0.19043 )",
        "x-ms-client-request-id": "36464d2621668bcba8c272543ca8ac48",
        "x-ms-return-client-request-id": "true"
      },
      "RequestBody": null,
      "StatusCode": 200,
      "ResponseHeaders": {
        "apim-request-id": "ac90e0c5-06e3-48d4-a692-296362bac073",
        "Cache-Control": [
          "public",
          "max-age=1"
        ],
        "Content-Type": "application/json; charset=utf-8",
        "Date": "Mon, 24 May 2021 21:24:05 GMT",
        "ETag": "\u0022EB9EDE63062D937F2D2290973397153D9137B15680CE046B92E3C2AD9A1FA590\u0022",
        "Retry-After": "1",
        "Set-Cookie": [
          "ARRAffinity=0ff46fa6d58b00f2d44b7073721903c0eace480139d8ecfc38f61130af5e1587;Path=/;HttpOnly;Secure;Domain=mtbatch.nam.microsofttranslator.com",
          "ARRAffinitySameSite=0ff46fa6d58b00f2d44b7073721903c0eace480139d8ecfc38f61130af5e1587;Path=/;HttpOnly;SameSite=None;Secure;Domain=mtbatch.nam.microsofttranslator.com"
        ],
        "Strict-Transport-Security": "max-age=31536000; includeSubDomains; preload",
        "Transfer-Encoding": "chunked",
        "x-content-type-options": "nosniff",
        "X-Powered-By": "ASP.NET",
        "X-RequestId": "ac90e0c5-06e3-48d4-a692-296362bac073"
      },
      "ResponseBody": {
        "id": "a7874420-cc8e-4361-ab71-ce7042bf615c",
        "createdDateTimeUtc": "2021-05-24T21:24:04.365815Z",
        "lastActionDateTimeUtc": "2021-05-24T21:24:05.0046873Z",
        "status": "Running",
        "summary": {
          "total": 1,
          "failed": 0,
          "success": 0,
          "inProgress": 1,
          "notYetStarted": 0,
          "cancelled": 0,
          "totalCharacterCharged": 0
        }
      }
    },
    {
      "RequestUri": "https://mariaridoctrans29-doctranslation.cognitiveservices.azure.com/translator/text/batch/v1.0/batches/a7874420-cc8e-4361-ab71-ce7042bf615c",
      "RequestMethod": "GET",
      "RequestHeaders": {
        "Accept": "application/json",
        "Ocp-Apim-Subscription-Key": "Sanitized",
        "User-Agent": "azsdk-net-AI.Translation.Document/1.0.0-alpha.20210524.1 (.NET Framework 4.8.4300.0; Microsoft Windows 10.0.19043 )",
        "x-ms-client-request-id": "fd48e012b824ff5638b5eeb991f9db06",
        "x-ms-return-client-request-id": "true"
      },
      "RequestBody": null,
      "StatusCode": 200,
      "ResponseHeaders": {
        "apim-request-id": "b6b27bec-3322-421a-8edc-fd272aba5610",
        "Cache-Control": [
          "public",
          "max-age=1"
        ],
        "Content-Type": "application/json; charset=utf-8",
        "Date": "Mon, 24 May 2021 21:24:06 GMT",
        "ETag": "\u00222E4B1221A382499532146E32BBF71A57F7F63D9F7D6765D6F1F3941FEFE0D13C\u0022",
        "Retry-After": "1",
        "Set-Cookie": [
          "ARRAffinity=20358cd7aa5d6b0695f01ef171fc9a95880154357830e1c6bb513b73834a2e5f;Path=/;HttpOnly;Secure;Domain=mtbatch.nam.microsofttranslator.com",
          "ARRAffinitySameSite=20358cd7aa5d6b0695f01ef171fc9a95880154357830e1c6bb513b73834a2e5f;Path=/;HttpOnly;SameSite=None;Secure;Domain=mtbatch.nam.microsofttranslator.com"
        ],
        "Strict-Transport-Security": "max-age=31536000; includeSubDomains; preload",
        "Transfer-Encoding": "chunked",
        "x-content-type-options": "nosniff",
        "X-Powered-By": "ASP.NET",
        "X-RequestId": "b6b27bec-3322-421a-8edc-fd272aba5610"
      },
      "ResponseBody": {
        "id": "a7874420-cc8e-4361-ab71-ce7042bf615c",
        "createdDateTimeUtc": "2021-05-24T21:24:04.365815Z",
        "lastActionDateTimeUtc": "2021-05-24T21:24:05.0046873Z",
        "status": "Succeeded",
        "summary": {
          "total": 1,
          "failed": 0,
          "success": 1,
          "inProgress": 0,
          "notYetStarted": 0,
          "cancelled": 0,
          "totalCharacterCharged": 27
        }
      }
    },
    {
      "RequestUri": "https://mariaridoctrans29-doctranslation.cognitiveservices.azure.com/translator/text/batch/v1.0/batches/a7874420-cc8e-4361-ab71-ce7042bf615c/documents",
      "RequestMethod": "GET",
      "RequestHeaders": {
        "Accept": "application/json",
        "Ocp-Apim-Subscription-Key": "Sanitized",
        "User-Agent": "azsdk-net-AI.Translation.Document/1.0.0-alpha.20210524.1 (.NET Framework 4.8.4300.0; Microsoft Windows 10.0.19043 )",
        "x-ms-client-request-id": "4eebcd4327a4778415ab50717faec75b",
        "x-ms-return-client-request-id": "true"
      },
      "RequestBody": null,
      "StatusCode": 200,
      "ResponseHeaders": {
        "apim-request-id": "db184778-05bf-4c58-983f-9f955b9a531c",
        "Cache-Control": [
          "public",
          "max-age=1"
        ],
        "Content-Type": "application/json; charset=utf-8",
        "Date": "Mon, 24 May 2021 21:24:06 GMT",
        "ETag": "\u0022F4FF626BACD50D7409BC2C64A8922665564CAAE546F91FD06A7EA3F87C3B39F8\u0022",
        "Retry-After": "1",
        "Set-Cookie": [
          "ARRAffinity=0ff46fa6d58b00f2d44b7073721903c0eace480139d8ecfc38f61130af5e1587;Path=/;HttpOnly;Secure;Domain=mtbatch.nam.microsofttranslator.com",
          "ARRAffinitySameSite=0ff46fa6d58b00f2d44b7073721903c0eace480139d8ecfc38f61130af5e1587;Path=/;HttpOnly;SameSite=None;Secure;Domain=mtbatch.nam.microsofttranslator.com"
        ],
        "Strict-Transport-Security": "max-age=31536000; includeSubDomains; preload",
        "Transfer-Encoding": "chunked",
        "x-content-type-options": "nosniff",
        "X-Powered-By": "ASP.NET",
        "X-RequestId": "db184778-05bf-4c58-983f-9f955b9a531c"
      },
      "ResponseBody": {
        "value": [
          {
            "path": "https://mariaridoctrans29prim.blob.core.windows.net/target1923316379/Document1.txt",
            "sourcePath": "https://mariaridoctrans29prim.blob.core.windows.net/source560453804/Document1.txt",
            "createdDateTimeUtc": "2021-05-24T21:24:04.8291344Z",
            "lastActionDateTimeUtc": "2021-05-24T21:24:06.3306207Z",
            "status": "Succeeded",
            "to": "fr",
            "progress": 1,
            "id": "0007aadb-0000-0000-0000-000000000000",
            "characterCharged": 27
          }
        ]
      }
    }
  ],
  "Variables": {
    "DOCUMENT_TRANSLATION_API_KEY": "Sanitized",
    "DOCUMENT_TRANSLATION_CONNECTION_STRING": "DefaultEndpointsProtocol=https;AccountName=mariaridoctrans29prim;AccountKey=Kg==;EndpointSuffix=core.windows.net",
    "DOCUMENT_TRANSLATION_ENDPOINT": "https://mariaridoctrans29-doctranslation.cognitiveservices.azure.com",
    "RandomSeed": "1972872940"
  }
}