{
  "Entries": [
    {
      "RequestUri": "https://mariaridoctrans29prim.blob.core.windows.net/source38512333?restype=container",
      "RequestMethod": "PUT",
      "RequestHeaders": {
        "Authorization": "Sanitized",
        "traceparent": "00-bf811c71e5ea734999d2ef3d2b66a45e-fbc092707966d64b-00",
        "User-Agent": "azsdk-net-Storage.Blobs/12.8.0 (.NET Framework 4.8.4300.0; Microsoft Windows 10.0.19043 )",
        "x-ms-blob-public-access": "container",
        "x-ms-client-request-id": "e787d903733439ae6e3445cdb576528f",
        "x-ms-date": "Fri, 04 Jun 2021 17:00:29 GMT",
        "x-ms-return-client-request-id": "true",
        "x-ms-version": "2020-04-08"
      },
      "RequestBody": null,
      "StatusCode": 201,
      "ResponseHeaders": {
        "Content-Length": "0",
        "Date": "Fri, 04 Jun 2021 17:00:28 GMT",
        "ETag": "\u00220x8D9277A41A75198\u0022",
        "Last-Modified": "Fri, 04 Jun 2021 17:00:29 GMT",
        "Server": "Windows-Azure-Blob/1.0 Microsoft-HTTPAPI/2.0",
        "x-ms-client-request-id": "e787d903733439ae6e3445cdb576528f",
        "x-ms-request-id": "5b4bca36-d01e-0049-4263-59aab9000000",
        "x-ms-version": "2020-04-08"
      },
      "ResponseBody": []
    },
    {
      "RequestUri": "https://mariaridoctrans29prim.blob.core.windows.net/source38512333/Document1.txt",
      "RequestMethod": "PUT",
      "RequestHeaders": {
        "Authorization": "Sanitized",
        "Content-Length": "27",
        "If-None-Match": "*",
        "traceparent": "00-6b4d14f36bc7ff46a992c9c910f7aa43-077d6b19f27f224b-00",
        "User-Agent": "azsdk-net-Storage.Blobs/12.8.0 (.NET Framework 4.8.4300.0; Microsoft Windows 10.0.19043 )",
        "x-ms-blob-type": "BlockBlob",
        "x-ms-client-request-id": "38612a20facbdfd93dc8697702af40d1",
        "x-ms-date": "Fri, 04 Jun 2021 17:00:29 GMT",
        "x-ms-return-client-request-id": "true",
        "x-ms-version": "2020-04-08"
      },
      "RequestBody": "Rmlyc3QgZW5nbGlzaCB0ZXN0IGRvY3VtZW50",
      "StatusCode": 201,
      "ResponseHeaders": {
        "Content-Length": "0",
        "Content-MD5": "zc6asiLoUz/caxlJ6YwKxA==",
        "Date": "Fri, 04 Jun 2021 17:00:28 GMT",
        "ETag": "\u00220x8D9277A41C7CF8D\u0022",
        "Last-Modified": "Fri, 04 Jun 2021 17:00:29 GMT",
        "Server": "Windows-Azure-Blob/1.0 Microsoft-HTTPAPI/2.0",
        "x-ms-client-request-id": "38612a20facbdfd93dc8697702af40d1",
        "x-ms-content-crc64": "V7knc5S52gk=",
        "x-ms-request-id": "5b4bcac9-d01e-0049-1f63-59aab9000000",
        "x-ms-request-server-encrypted": "true",
        "x-ms-version": "2020-04-08"
      },
      "ResponseBody": []
    },
    {
      "RequestUri": "https://mariaridoctrans29-doctranslation.cognitiveservices.azure.com/translator/text/batch/v1.0/batches",
      "RequestMethod": "POST",
      "RequestHeaders": {
        "Accept": "application/json",
        "Content-Length": "103",
        "Content-Type": "application/json",
        "Ocp-Apim-Subscription-Key": "Sanitized",
        "traceparent": "00-7810415c07ed0a489c5e4deb63381aa1-774352619709d04a-00",
        "User-Agent": "azsdk-net-AI.Translation.Document/1.0.0-alpha.20210604.1 (.NET Framework 4.8.4300.0; Microsoft Windows 10.0.19043 )",
        "x-ms-client-request-id": "fdd40549e901dba48dee3c5a25439947",
        "x-ms-return-client-request-id": "true"
      },
      "RequestBody": {
        "inputs": [
          {
            "source": {
              "sourceUrl": "Sanitized"
            },
            "targets": [
              {
                "targetUrl": "Sanitized",
                "language": "fr"
              }
            ]
          }
        ]
      },
      "StatusCode": 202,
      "ResponseHeaders": {
        "apim-request-id": "a6fc2c27-1cc0-4b54-855a-e7894ecec9b1",
        "Content-Length": "0",
        "Date": "Fri, 04 Jun 2021 17:00:28 GMT",
        "Operation-Location": "https://mariaridoctrans29-doctranslation.cognitiveservices.azure.com/translator/text/batch/v1.0/batches/04d30643-556c-4c89-9577-7dc55ba57c0e",
        "Set-Cookie": [
          "ARRAffinity=0ff46fa6d58b00f2d44b7073721903c0eace480139d8ecfc38f61130af5e1587;Path=/;HttpOnly;Secure;Domain=mtbatch.nam.microsofttranslator.com",
          "ARRAffinitySameSite=0ff46fa6d58b00f2d44b7073721903c0eace480139d8ecfc38f61130af5e1587;Path=/;HttpOnly;SameSite=None;Secure;Domain=mtbatch.nam.microsofttranslator.com"
        ],
        "Strict-Transport-Security": "max-age=31536000; includeSubDomains; preload",
        "x-content-type-options": "nosniff",
        "X-Powered-By": "ASP.NET",
        "X-RequestId": "a6fc2c27-1cc0-4b54-855a-e7894ecec9b1"
      },
      "ResponseBody": []
    },
    {
      "RequestUri": "https://mariaridoctrans29-doctranslation.cognitiveservices.azure.com/translator/text/batch/v1.0/batches/04d30643-556c-4c89-9577-7dc55ba57c0e",
      "RequestMethod": "GET",
      "RequestHeaders": {
        "Accept": "application/json",
        "Ocp-Apim-Subscription-Key": "Sanitized",
        "User-Agent": "azsdk-net-AI.Translation.Document/1.0.0-alpha.20210604.1 (.NET Framework 4.8.4300.0; Microsoft Windows 10.0.19043 )",
        "x-ms-client-request-id": "c6e3b880d82a0901ffa8a96c093736bf",
        "x-ms-return-client-request-id": "true"
      },
      "RequestBody": null,
      "StatusCode": 200,
      "ResponseHeaders": {
        "apim-request-id": "a67c35e7-93f7-4536-be9f-443294219847",
        "Cache-Control": [
          "public",
          "max-age=1"
        ],
        "Content-Type": "application/json; charset=utf-8",
        "Date": "Fri, 04 Jun 2021 17:00:28 GMT",
        "ETag": "\u00229B0E9039A9BBAB46655C921E7CD7A7765586E9D991E8AB2039C17DABAD5B9D86\u0022",
        "Retry-After": "1",
        "Set-Cookie": [
          "ARRAffinity=20358cd7aa5d6b0695f01ef171fc9a95880154357830e1c6bb513b73834a2e5f;Path=/;HttpOnly;Secure;Domain=mtbatch.nam.microsofttranslator.com",
          "ARRAffinitySameSite=20358cd7aa5d6b0695f01ef171fc9a95880154357830e1c6bb513b73834a2e5f;Path=/;HttpOnly;SameSite=None;Secure;Domain=mtbatch.nam.microsofttranslator.com"
        ],
        "Strict-Transport-Security": "max-age=31536000; includeSubDomains; preload",
        "Transfer-Encoding": "chunked",
        "x-content-type-options": "nosniff",
        "X-Powered-By": "ASP.NET",
        "X-RequestId": "a67c35e7-93f7-4536-be9f-443294219847"
      },
      "ResponseBody": {
        "id": "04d30643-556c-4c89-9577-7dc55ba57c0e",
        "createdDateTimeUtc": "2021-06-04T17:00:29.5096587Z",
        "lastActionDateTimeUtc": "2021-06-04T17:00:29.5772423Z",
        "status": "ValidationFailed",
        "error": {
          "code": "InvalidRequest",
          "message": "Cannot access target document location with the current permissions.",
          "target": "Operation",
          "innerError": {
            "code": "InvalidTargetDocumentAccessLevel",
            "message": "Cannot access target document location with the current permissions."
          }
        },
        "summary": {
          "total": 0,
          "failed": 0,
          "success": 0,
          "inProgress": 0,
          "notYetStarted": 0,
          "cancelled": 0,
          "totalCharacterCharged": 0
        }
      }
    }
  ],
  "Variables": {
    "DOCUMENT_TRANSLATION_API_KEY": "Sanitized",
    "DOCUMENT_TRANSLATION_CONNECTION_STRING": "DefaultEndpointsProtocol=https;AccountName=mariaridoctrans29prim;AccountKey=Kg==;EndpointSuffix=core.windows.net",
    "DOCUMENT_TRANSLATION_ENDPOINT": "https://mariaridoctrans29-doctranslation.cognitiveservices.azure.com",
    "RandomSeed": "1037268022"
  }
}