{
  "Entries": [
    {
      "RequestUri": "https://mariaridoctrans29prim.blob.core.windows.net/source748099755?restype=container",
      "RequestMethod": "PUT",
      "RequestHeaders": {
        "Authorization": "Sanitized",
        "traceparent": "00-9880f88b798326429e84543bcf09d03c-8900cc4616318849-00",
        "User-Agent": "azsdk-net-Storage.Blobs/12.8.0 (.NET Framework 4.8.4300.0; Microsoft Windows 10.0.19043 )",
        "x-ms-blob-public-access": "container",
        "x-ms-client-request-id": "e1048ba283c044bb1604dbdb0e0d5e4b",
        "x-ms-date": "Mon, 24 May 2021 21:24:37 GMT",
        "x-ms-return-client-request-id": "true",
        "x-ms-version": "2020-04-08"
      },
      "RequestBody": null,
      "StatusCode": 201,
      "ResponseHeaders": {
        "Content-Length": "0",
        "Date": "Mon, 24 May 2021 21:24:37 GMT",
        "ETag": "\u00220x8D91EFA55C3EBB8\u0022",
        "Last-Modified": "Mon, 24 May 2021 21:24:37 GMT",
        "Server": "Windows-Azure-Blob/1.0 Microsoft-HTTPAPI/2.0",
        "x-ms-client-request-id": "e1048ba283c044bb1604dbdb0e0d5e4b",
        "x-ms-request-id": "eb2441f9-001e-0038-07e3-504c92000000",
        "x-ms-version": "2020-04-08"
      },
      "ResponseBody": []
    },
    {
      "RequestUri": "https://mariaridoctrans29prim.blob.core.windows.net/source748099755/Document1.txt",
      "RequestMethod": "PUT",
      "RequestHeaders": {
        "Authorization": "Sanitized",
        "Content-Length": "27",
        "If-None-Match": "*",
        "traceparent": "00-c8e1e456f7480544b50fea92ced04da8-26ce787029587447-00",
        "User-Agent": "azsdk-net-Storage.Blobs/12.8.0 (.NET Framework 4.8.4300.0; Microsoft Windows 10.0.19043 )",
        "x-ms-blob-type": "BlockBlob",
        "x-ms-client-request-id": "253908145fcd4407bf4f78f19b9fc393",
        "x-ms-date": "Mon, 24 May 2021 21:24:37 GMT",
        "x-ms-return-client-request-id": "true",
        "x-ms-version": "2020-04-08"
      },
      "RequestBody": "Rmlyc3QgZW5nbGlzaCB0ZXN0IGRvY3VtZW50",
      "StatusCode": 201,
      "ResponseHeaders": {
        "Content-Length": "0",
        "Content-MD5": "zc6asiLoUz/caxlJ6YwKxA==",
        "Date": "Mon, 24 May 2021 21:24:37 GMT",
        "ETag": "\u00220x8D91EFA55CB53F4\u0022",
        "Last-Modified": "Mon, 24 May 2021 21:24:37 GMT",
        "Server": "Windows-Azure-Blob/1.0 Microsoft-HTTPAPI/2.0",
        "x-ms-client-request-id": "253908145fcd4407bf4f78f19b9fc393",
        "x-ms-content-crc64": "V7knc5S52gk=",
        "x-ms-request-id": "eb244208-001e-0038-11e3-504c92000000",
        "x-ms-request-server-encrypted": "true",
        "x-ms-version": "2020-04-08"
      },
      "ResponseBody": []
    },
    {
      "RequestUri": "https://mariaridoctrans29prim.blob.core.windows.net/source748099755/File2.txt",
      "RequestMethod": "PUT",
      "RequestHeaders": {
        "Authorization": "Sanitized",
        "Content-Length": "24",
        "If-None-Match": "*",
        "traceparent": "00-a7de414c90d05842b456ecbf7981ad3e-01dd3391a92b4144-00",
        "User-Agent": "azsdk-net-Storage.Blobs/12.8.0 (.NET Framework 4.8.4300.0; Microsoft Windows 10.0.19043 )",
        "x-ms-blob-type": "BlockBlob",
        "x-ms-client-request-id": "e22fbdc21cdc8f1f2dfba2d6f9c2e42e",
        "x-ms-date": "Mon, 24 May 2021 21:24:37 GMT",
        "x-ms-return-client-request-id": "true",
        "x-ms-version": "2020-04-08"
      },
      "RequestBody": "U2Vjb25kIGVuZ2xpc2ggdGVzdCBmaWxl",
      "StatusCode": 201,
      "ResponseHeaders": {
        "Content-Length": "0",
        "Content-MD5": "gMtl0NvS8s51WsOvVJ1plg==",
        "Date": "Mon, 24 May 2021 21:24:37 GMT",
        "ETag": "\u00220x8D91EFA55D2CF6B\u0022",
        "Last-Modified": "Mon, 24 May 2021 21:24:38 GMT",
        "Server": "Windows-Azure-Blob/1.0 Microsoft-HTTPAPI/2.0",
        "x-ms-client-request-id": "e22fbdc21cdc8f1f2dfba2d6f9c2e42e",
        "x-ms-content-crc64": "aaA26IeTPCo=",
        "x-ms-request-id": "eb244230-001e-0038-29e3-504c92000000",
        "x-ms-request-server-encrypted": "true",
        "x-ms-version": "2020-04-08"
      },
      "ResponseBody": []
    },
    {
      "RequestUri": "https://mariaridoctrans29prim.blob.core.windows.net/target636708645?restype=container",
      "RequestMethod": "PUT",
      "RequestHeaders": {
        "Authorization": "Sanitized",
        "traceparent": "00-b0d35b56d9c3d74485f051efb7f1f3a4-a1c6d28d00f8284b-00",
        "User-Agent": "azsdk-net-Storage.Blobs/12.8.0 (.NET Framework 4.8.4300.0; Microsoft Windows 10.0.19043 )",
        "x-ms-blob-public-access": "container",
        "x-ms-client-request-id": "f24facbbddc98442c021710bc9a97740",
        "x-ms-date": "Mon, 24 May 2021 21:24:38 GMT",
        "x-ms-return-client-request-id": "true",
        "x-ms-version": "2020-04-08"
      },
      "RequestBody": null,
      "StatusCode": 201,
      "ResponseHeaders": {
        "Content-Length": "0",
        "Date": "Mon, 24 May 2021 21:24:37 GMT",
        "ETag": "\u00220x8D91EFA55D6B3CB\u0022",
        "Last-Modified": "Mon, 24 May 2021 21:24:38 GMT",
        "Server": "Windows-Azure-Blob/1.0 Microsoft-HTTPAPI/2.0",
        "x-ms-client-request-id": "f24facbbddc98442c021710bc9a97740",
        "x-ms-request-id": "eb24424a-001e-0038-3be3-504c92000000",
        "x-ms-version": "2020-04-08"
      },
      "ResponseBody": []
    },
    {
      "RequestUri": "https://mariaridoctrans29-doctranslation.cognitiveservices.azure.com/translator/text/batch/v1.0/batches",
      "RequestMethod": "POST",
      "RequestHeaders": {
        "Accept": "application/json",
        "Content-Length": "130",
        "Content-Type": "application/json",
        "Ocp-Apim-Subscription-Key": "Sanitized",
        "traceparent": "00-e1f6f4ca84d0ed438227c8b3fea5b4ea-de34177739113840-00",
        "User-Agent": "azsdk-net-AI.Translation.Document/1.0.0-alpha.20210524.1 (.NET Framework 4.8.4300.0; Microsoft Windows 10.0.19043 )",
        "x-ms-client-request-id": "dd5018486e7be8f7aaf8d1bd304afd6a",
        "x-ms-return-client-request-id": "true"
      },
      "RequestBody": {
        "inputs": [
          {
            "source": {
              "sourceUrl": "Sanitized",
              "filter": {
                "prefix": "File"
              }
            },
            "targets": [
              {
                "targetUrl": "Sanitized",
                "language": "fr"
              }
            ]
          }
        ]
      },
      "StatusCode": 202,
      "ResponseHeaders": {
        "apim-request-id": "c2f26534-6206-4743-9992-41bfe01579b1",
        "Content-Length": "0",
        "Date": "Mon, 24 May 2021 21:24:37 GMT",
        "Operation-Location": "https://mariaridoctrans29-doctranslation.cognitiveservices.azure.com/translator/text/batch/v1.0/batches/cfccb2e9-5ec7-421b-8777-979b3923a135",
        "Set-Cookie": [
          "ARRAffinity=0ff46fa6d58b00f2d44b7073721903c0eace480139d8ecfc38f61130af5e1587;Path=/;HttpOnly;Secure;Domain=mtbatch.nam.microsofttranslator.com",
          "ARRAffinitySameSite=0ff46fa6d58b00f2d44b7073721903c0eace480139d8ecfc38f61130af5e1587;Path=/;HttpOnly;SameSite=None;Secure;Domain=mtbatch.nam.microsofttranslator.com"
        ],
        "Strict-Transport-Security": "max-age=31536000; includeSubDomains; preload",
        "x-content-type-options": "nosniff",
        "X-Powered-By": "ASP.NET",
        "X-RequestId": "c2f26534-6206-4743-9992-41bfe01579b1"
      },
      "ResponseBody": []
    },
    {
      "RequestUri": "https://mariaridoctrans29-doctranslation.cognitiveservices.azure.com/translator/text/batch/v1.0/batches/cfccb2e9-5ec7-421b-8777-979b3923a135",
      "RequestMethod": "GET",
      "RequestHeaders": {
        "Accept": "application/json",
        "Ocp-Apim-Subscription-Key": "Sanitized",
        "User-Agent": "azsdk-net-AI.Translation.Document/1.0.0-alpha.20210524.1 (.NET Framework 4.8.4300.0; Microsoft Windows 10.0.19043 )",
        "x-ms-client-request-id": "f2dfcc49a074dff8ec5e1cfbae836352",
        "x-ms-return-client-request-id": "true"
      },
      "RequestBody": null,
      "StatusCode": 200,
      "ResponseHeaders": {
        "apim-request-id": "58eb8ef1-5275-4d23-8fd4-c28b95ee4e40",
        "Cache-Control": [
          "public",
          "max-age=1"
        ],
        "Content-Type": "application/json; charset=utf-8",
        "Date": "Mon, 24 May 2021 21:24:37 GMT",
        "ETag": "\u002226230F0749C93C10A96752EAB9C054BB86071FDECC483517DC1A77BD25FFD457\u0022",
        "Retry-After": "1",
        "Set-Cookie": [
          "ARRAffinity=20358cd7aa5d6b0695f01ef171fc9a95880154357830e1c6bb513b73834a2e5f;Path=/;HttpOnly;Secure;Domain=mtbatch.nam.microsofttranslator.com",
          "ARRAffinitySameSite=20358cd7aa5d6b0695f01ef171fc9a95880154357830e1c6bb513b73834a2e5f;Path=/;HttpOnly;SameSite=None;Secure;Domain=mtbatch.nam.microsofttranslator.com"
        ],
        "Strict-Transport-Security": "max-age=31536000; includeSubDomains; preload",
        "Transfer-Encoding": "chunked",
        "x-content-type-options": "nosniff",
        "X-Powered-By": "ASP.NET",
        "X-RequestId": "58eb8ef1-5275-4d23-8fd4-c28b95ee4e40"
      },
      "ResponseBody": {
        "id": "cfccb2e9-5ec7-421b-8777-979b3923a135",
        "createdDateTimeUtc": "2021-05-24T21:24:38.0949412Z",
        "lastActionDateTimeUtc": "2021-05-24T21:24:38.0949416Z",
        "status": "NotStarted",
        "summary": {
          "total": 0,
          "failed": 0,
          "success": 0,
          "inProgress": 0,
          "notYetStarted": 0,
          "cancelled": 0,
          "totalCharacterCharged": 0
        }
      }
    },
    {
      "RequestUri": "https://mariaridoctrans29-doctranslation.cognitiveservices.azure.com/translator/text/batch/v1.0/batches/cfccb2e9-5ec7-421b-8777-979b3923a135",
      "RequestMethod": "GET",
      "RequestHeaders": {
        "Accept": "application/json",
        "Ocp-Apim-Subscription-Key": "Sanitized",
        "User-Agent": "azsdk-net-AI.Translation.Document/1.0.0-alpha.20210524.1 (.NET Framework 4.8.4300.0; Microsoft Windows 10.0.19043 )",
        "x-ms-client-request-id": "a9b1952a50934da9b46648d00c855375",
        "x-ms-return-client-request-id": "true"
      },
      "RequestBody": null,
      "StatusCode": 200,
      "ResponseHeaders": {
        "apim-request-id": "6330b91b-1c94-4274-b27b-24ff5076e8da",
        "Cache-Control": [
          "public",
          "max-age=1"
        ],
        "Content-Type": "application/json; charset=utf-8",
        "Date": "Mon, 24 May 2021 21:24:38 GMT",
        "ETag": "\u0022863A9225FA4214710C07F845B6C44405FCD53A8F1BAAACAF91DF71B4302ACB4E\u0022",
        "Retry-After": "1",
        "Set-Cookie": [
          "ARRAffinity=20358cd7aa5d6b0695f01ef171fc9a95880154357830e1c6bb513b73834a2e5f;Path=/;HttpOnly;Secure;Domain=mtbatch.nam.microsofttranslator.com",
          "ARRAffinitySameSite=20358cd7aa5d6b0695f01ef171fc9a95880154357830e1c6bb513b73834a2e5f;Path=/;HttpOnly;SameSite=None;Secure;Domain=mtbatch.nam.microsofttranslator.com"
        ],
        "Strict-Transport-Security": "max-age=31536000; includeSubDomains; preload",
        "Transfer-Encoding": "chunked",
        "x-content-type-options": "nosniff",
        "X-Powered-By": "ASP.NET",
        "X-RequestId": "6330b91b-1c94-4274-b27b-24ff5076e8da"
      },
      "ResponseBody": {
        "id": "cfccb2e9-5ec7-421b-8777-979b3923a135",
        "createdDateTimeUtc": "2021-05-24T21:24:38.0949412Z",
        "lastActionDateTimeUtc": "2021-05-24T21:24:38.5020663Z",
        "status": "Running",
        "summary": {
          "total": 1,
          "failed": 0,
          "success": 0,
          "inProgress": 1,
          "notYetStarted": 0,
          "cancelled": 0,
          "totalCharacterCharged": 0
        }
      }
    },
    {
      "RequestUri": "https://mariaridoctrans29-doctranslation.cognitiveservices.azure.com/translator/text/batch/v1.0/batches/cfccb2e9-5ec7-421b-8777-979b3923a135",
      "RequestMethod": "GET",
      "RequestHeaders": {
        "Accept": "application/json",
        "Ocp-Apim-Subscription-Key": "Sanitized",
        "User-Agent": "azsdk-net-AI.Translation.Document/1.0.0-alpha.20210524.1 (.NET Framework 4.8.4300.0; Microsoft Windows 10.0.19043 )",
        "x-ms-client-request-id": "fdc1062384c9a7cc1f71f11d51fc3a26",
        "x-ms-return-client-request-id": "true"
      },
      "RequestBody": null,
      "StatusCode": 200,
      "ResponseHeaders": {
        "apim-request-id": "c1e4ecea-b1a6-4ed0-a3f6-c3a1b823d270",
        "Cache-Control": [
          "public",
          "max-age=1"
        ],
        "Content-Type": "application/json; charset=utf-8",
        "Date": "Mon, 24 May 2021 21:24:39 GMT",
        "ETag": "\u0022863A9225FA4214710C07F845B6C44405FCD53A8F1BAAACAF91DF71B4302ACB4E\u0022",
        "Retry-After": "1",
        "Set-Cookie": [
          "ARRAffinity=20358cd7aa5d6b0695f01ef171fc9a95880154357830e1c6bb513b73834a2e5f;Path=/;HttpOnly;Secure;Domain=mtbatch.nam.microsofttranslator.com",
          "ARRAffinitySameSite=20358cd7aa5d6b0695f01ef171fc9a95880154357830e1c6bb513b73834a2e5f;Path=/;HttpOnly;SameSite=None;Secure;Domain=mtbatch.nam.microsofttranslator.com"
        ],
        "Strict-Transport-Security": "max-age=31536000; includeSubDomains; preload",
        "Transfer-Encoding": "chunked",
        "x-content-type-options": "nosniff",
        "X-Powered-By": "ASP.NET",
        "X-RequestId": "c1e4ecea-b1a6-4ed0-a3f6-c3a1b823d270"
      },
      "ResponseBody": {
        "id": "cfccb2e9-5ec7-421b-8777-979b3923a135",
        "createdDateTimeUtc": "2021-05-24T21:24:38.0949412Z",
        "lastActionDateTimeUtc": "2021-05-24T21:24:38.5020663Z",
        "status": "Running",
        "summary": {
          "total": 1,
          "failed": 0,
          "success": 0,
          "inProgress": 1,
          "notYetStarted": 0,
          "cancelled": 0,
          "totalCharacterCharged": 0
        }
      }
    },
    {
      "RequestUri": "https://mariaridoctrans29-doctranslation.cognitiveservices.azure.com/translator/text/batch/v1.0/batches/cfccb2e9-5ec7-421b-8777-979b3923a135",
      "RequestMethod": "GET",
      "RequestHeaders": {
        "Accept": "application/json",
        "Ocp-Apim-Subscription-Key": "Sanitized",
        "User-Agent": "azsdk-net-AI.Translation.Document/1.0.0-alpha.20210524.1 (.NET Framework 4.8.4300.0; Microsoft Windows 10.0.19043 )",
        "x-ms-client-request-id": "9b927f955499f9d722923d0d5728d267",
        "x-ms-return-client-request-id": "true"
      },
      "RequestBody": null,
      "StatusCode": 200,
      "ResponseHeaders": {
        "apim-request-id": "11d6755a-8081-43d1-a9b7-cb08c9775ce6",
        "Cache-Control": [
          "public",
          "max-age=1"
        ],
        "Content-Type": "application/json; charset=utf-8",
        "Date": "Mon, 24 May 2021 21:24:41 GMT",
        "ETag": "\u0022DBFF85397AC94021519F5205559E94D25CC596C11E168A8178E08C18D43BA932\u0022",
        "Retry-After": "1",
        "Set-Cookie": [
          "ARRAffinity=20358cd7aa5d6b0695f01ef171fc9a95880154357830e1c6bb513b73834a2e5f;Path=/;HttpOnly;Secure;Domain=mtbatch.nam.microsofttranslator.com",
          "ARRAffinitySameSite=20358cd7aa5d6b0695f01ef171fc9a95880154357830e1c6bb513b73834a2e5f;Path=/;HttpOnly;SameSite=None;Secure;Domain=mtbatch.nam.microsofttranslator.com"
        ],
        "Strict-Transport-Security": "max-age=31536000; includeSubDomains; preload",
        "Transfer-Encoding": "chunked",
        "x-content-type-options": "nosniff",
        "X-Powered-By": "ASP.NET",
        "X-RequestId": "11d6755a-8081-43d1-a9b7-cb08c9775ce6"
      },
      "ResponseBody": {
        "id": "cfccb2e9-5ec7-421b-8777-979b3923a135",
        "createdDateTimeUtc": "2021-05-24T21:24:38.0949412Z",
        "lastActionDateTimeUtc": "2021-05-24T21:24:38.5020663Z",
        "status": "Succeeded",
        "summary": {
          "total": 1,
          "failed": 0,
          "success": 1,
          "inProgress": 0,
          "notYetStarted": 0,
          "cancelled": 0,
          "totalCharacterCharged": 24
        }
      }
    },
    {
      "RequestUri": "https://mariaridoctrans29-doctranslation.cognitiveservices.azure.com/translator/text/batch/v1.0/batches/cfccb2e9-5ec7-421b-8777-979b3923a135/documents",
      "RequestMethod": "GET",
      "RequestHeaders": {
        "Accept": "application/json",
        "Ocp-Apim-Subscription-Key": "Sanitized",
        "User-Agent": "azsdk-net-AI.Translation.Document/1.0.0-alpha.20210524.1 (.NET Framework 4.8.4300.0; Microsoft Windows 10.0.19043 )",
        "x-ms-client-request-id": "a8d7a70b65c2a688c9098a215f8cfbb8",
        "x-ms-return-client-request-id": "true"
      },
      "RequestBody": null,
      "StatusCode": 200,
      "ResponseHeaders": {
        "apim-request-id": "bc62a829-f81f-4e7b-ba51-4746fc91b585",
        "Cache-Control": [
          "public",
          "max-age=1"
        ],
        "Content-Type": "application/json; charset=utf-8",
        "Date": "Mon, 24 May 2021 21:24:41 GMT",
        "ETag": "\u0022D8B33718E80DA0174363E1CA82E08615501EEAA5C94BA2D4AC4440368DB0F8EF\u0022",
        "Retry-After": "1",
        "Set-Cookie": [
          "ARRAffinity=0ff46fa6d58b00f2d44b7073721903c0eace480139d8ecfc38f61130af5e1587;Path=/;HttpOnly;Secure;Domain=mtbatch.nam.microsofttranslator.com",
          "ARRAffinitySameSite=0ff46fa6d58b00f2d44b7073721903c0eace480139d8ecfc38f61130af5e1587;Path=/;HttpOnly;SameSite=None;Secure;Domain=mtbatch.nam.microsofttranslator.com"
        ],
        "Strict-Transport-Security": "max-age=31536000; includeSubDomains; preload",
        "Transfer-Encoding": "chunked",
        "x-content-type-options": "nosniff",
        "X-Powered-By": "ASP.NET",
        "X-RequestId": "bc62a829-f81f-4e7b-ba51-4746fc91b585"
      },
      "ResponseBody": {
        "value": [
          {
            "path": "https://mariaridoctrans29prim.blob.core.windows.net/target636708645/File2.txt",
            "sourcePath": "https://mariaridoctrans29prim.blob.core.windows.net/source748099755/File2.txt",
            "createdDateTimeUtc": "2021-05-24T21:24:38.2974677Z",
            "lastActionDateTimeUtc": "2021-05-24T21:24:40.571359Z",
            "status": "Succeeded",
            "to": "fr",
            "progress": 1,
            "id": "0007aae3-0000-0000-0000-000000000000",
            "characterCharged": 24
          }
        ]
      }
    }
  ],
  "Variables": {
    "DOCUMENT_TRANSLATION_API_KEY": "Sanitized",
    "DOCUMENT_TRANSLATION_CONNECTION_STRING": "DefaultEndpointsProtocol=https;AccountName=mariaridoctrans29prim;AccountKey=Kg==;EndpointSuffix=core.windows.net",
    "DOCUMENT_TRANSLATION_ENDPOINT": "https://mariaridoctrans29-doctranslation.cognitiveservices.azure.com",
    "RandomSeed": "889572358"
  }
}