{
  "Entries": [
    {
      "RequestUri": "https://management.azure.com/subscriptions/db1ab6f0-4769-4b27-930e-01e2ef9c123c/resourceGroups/datafactory-rg-9162/providers/Microsoft.DataFactory/factories/datafactory-5980?api-version=2018-06-01",
      "RequestMethod": "GET",
      "RequestHeaders": {
        "Accept": "application/json",
        "Authorization": "Sanitized",
        "traceparent": "00-1c798d9032f9334bb25c589c263093f0-f7fbdf05de961a4e-00",
        "User-Agent": "azsdk-net-ResourceManager.DataFactory/1.0.0-alpha.20220720.1 (.NET Core 3.1.27; Microsoft Windows 10.0.22000)",
        "x-ms-client-request-id": "ce0545277e9b18ebc2dc2309d9552772",
        "x-ms-return-client-request-id": "true"
      },
      "RequestBody": null,
      "StatusCode": 200,
      "ResponseHeaders": {
        "Cache-Control": "no-cache",
        "Content-Length": "601",
        "Content-Type": "application/json; charset=utf-8",
        "Date": "Wed, 20 Jul 2022 08:21:29 GMT",
        "Expires": "-1",
        "Pragma": "no-cache",
        "Server": "Microsoft-IIS/10.0",
        "Strict-Transport-Security": "max-age=31536000; includeSubDomains",
        "X-Content-Type-Options": "nosniff",
        "x-ms-correlation-request-id": "65f68876-51ef-48ac-8c07-73f1ecfc172e",
        "x-ms-ratelimit-remaining-subscription-reads": "11986",
        "x-ms-request-id": "65f68876-51ef-48ac-8c07-73f1ecfc172e",
        "x-ms-routing-request-id": "SOUTHEASTASIA:20220720T082129Z:65f68876-51ef-48ac-8c07-73f1ecfc172e",
        "X-Powered-By": "ASP.NET"
      },
      "ResponseBody": {
        "name": "DataFactory-5980",
        "id": "/subscriptions/db1ab6f0-4769-4b27-930e-01e2ef9c123c/resourceGroups/datafactory-rg-9162/providers/Microsoft.DataFactory/factories/datafactory-5980",
        "type": "Microsoft.DataFactory/factories",
        "properties": {
          "provisioningState": "Succeeded",
          "createTime": "2022-07-20T08:21:25.825677Z",
          "version": "2018-06-01",
          "factoryStatistics": {
            "totalResourceCount": 0,
            "maxAllowedResourceCount": 0,
            "factorySizeInGbUnits": 0,
            "maxAllowedFactorySizeInGbUnits": 0
          },
          "globalParameters": {
            "test": {
              "type": "Int",
              "value": 5
            }
          }
        },
        "eTag": "\u00223000af42-0000-0800-0000-62d7bb080000\u0022",
        "location": "westus2",
        "tags": {}
      }
    },
    {
      "RequestUri": "https://management.azure.com/subscriptions/db1ab6f0-4769-4b27-930e-01e2ef9c123c/resourceGroups/datafactory-rg-9162/providers/Microsoft.DataFactory/factories/datafactory-5980/globalParameters/default?api-version=2018-06-01",
      "RequestMethod": "PUT",
      "RequestHeaders": {
        "Accept": "application/json",
        "Authorization": "Sanitized",
        "Content-Length": "48",
        "Content-Type": "application/json",
        "traceparent": "00-ccec717fbc4c1644b593f1b53a7c186d-35e12ae68a75e54f-00",
        "User-Agent": "azsdk-net-ResourceManager.DataFactory/1.0.0-alpha.20220720.1 (.NET Core 3.1.27; Microsoft Windows 10.0.22000)",
        "x-ms-client-request-id": "75a18fa6e853570e6364fc83e0c35b63",
        "x-ms-return-client-request-id": "true"
      },
      "RequestBody": {
        "properties": {
          "test": {
            "type": "Int",
            "value": 5
          }
        }
      },
      "StatusCode": 200,
      "ResponseHeaders": {
        "Cache-Control": "no-cache",
        "Content-Length": "351",
        "Content-Type": "application/json; charset=utf-8",
        "Date": "Wed, 20 Jul 2022 08:21:30 GMT",
        "Expires": "-1",
        "Pragma": "no-cache",
        "Server": "Microsoft-IIS/10.0",
        "Strict-Transport-Security": "max-age=31536000; includeSubDomains",
        "X-Content-Type-Options": "nosniff",
        "x-ms-correlation-request-id": "e512b6ad-dbdc-489e-b45a-7cf364029cfc",
        "x-ms-ratelimit-remaining-subscription-writes": "1189",
        "x-ms-request-id": "e512b6ad-dbdc-489e-b45a-7cf364029cfc",
        "x-ms-routing-request-id": "SOUTHEASTASIA:20220720T082130Z:e512b6ad-dbdc-489e-b45a-7cf364029cfc",
        "X-Powered-By": "ASP.NET"
      },
      "ResponseBody": {
        "id": "/subscriptions/db1ab6f0-4769-4b27-930e-01e2ef9c123c/resourceGroups/datafactory-rg-9162/providers/Microsoft.DataFactory/factories/datafactory-5980/globalParameters/default",
        "name": "default",
        "type": "Microsoft.DataFactory/factories/globalParameters",
        "properties": {
          "test": {
            "type": "Int",
            "value": 5
          }
        },
        "etag": "\u00223000af42-0000-0800-0000-62d7bb080000\u0022"
      }
    },
    {
      "RequestUri": "https://management.azure.com/subscriptions/db1ab6f0-4769-4b27-930e-01e2ef9c123c/resourceGroups/datafactory-rg-9162/providers/Microsoft.DataFactory/factories/datafactory-5980/globalParameters/default?api-version=2018-06-01",
      "RequestMethod": "GET",
      "RequestHeaders": {
        "Accept": "application/json",
        "Authorization": "Sanitized",
        "traceparent": "00-6f219a484b2da04ba6619f18ba547014-6dba2c9253a6c743-00",
        "User-Agent": "azsdk-net-ResourceManager.DataFactory/1.0.0-alpha.20220720.1 (.NET Core 3.1.27; Microsoft Windows 10.0.22000)",
        "x-ms-client-request-id": "f29707898ff26e30df23c10fe0a63f09",
        "x-ms-return-client-request-id": "true"
      },
      "RequestBody": null,
      "StatusCode": 200,
      "ResponseHeaders": {
        "Cache-Control": "no-cache",
        "Content-Length": "351",
        "Content-Type": "application/json; charset=utf-8",
        "Date": "Wed, 20 Jul 2022 08:21:30 GMT",
        "Expires": "-1",
        "Pragma": "no-cache",
        "Server": "Microsoft-IIS/10.0",
        "Strict-Transport-Security": "max-age=31536000; includeSubDomains",
        "X-Content-Type-Options": "nosniff",
        "x-ms-correlation-request-id": "9959e39b-16d5-4437-8642-a9826fdd4eef",
        "x-ms-ratelimit-remaining-subscription-reads": "11985",
        "x-ms-request-id": "9959e39b-16d5-4437-8642-a9826fdd4eef",
        "x-ms-routing-request-id": "SOUTHEASTASIA:20220720T082131Z:9959e39b-16d5-4437-8642-a9826fdd4eef",
        "X-Powered-By": "ASP.NET"
      },
      "ResponseBody": {
        "id": "/subscriptions/db1ab6f0-4769-4b27-930e-01e2ef9c123c/resourceGroups/datafactory-rg-9162/providers/Microsoft.DataFactory/factories/datafactory-5980/globalParameters/default",
        "name": "default",
        "type": "Microsoft.DataFactory/factories/globalParameters",
        "properties": {
          "test": {
            "type": "Int",
            "value": 5
          }
        },
        "etag": "\u00223000af42-0000-0800-0000-62d7bb080000\u0022"
      }
    },
    {
      "RequestUri": "https://management.azure.com/subscriptions/db1ab6f0-4769-4b27-930e-01e2ef9c123c/resourceGroups/datafactory-rg-9162/providers/Microsoft.DataFactory/factories/datafactory-5980/globalParameters/default?api-version=2018-06-01",
      "RequestMethod": "DELETE",
      "RequestHeaders": {
        "Accept": "application/json",
        "Authorization": "Sanitized",
        "traceparent": "00-04da21750b3ae94580c436ae834c89e3-d6a9b83052e5024f-00",
        "User-Agent": "azsdk-net-ResourceManager.DataFactory/1.0.0-alpha.20220720.1 (.NET Core 3.1.27; Microsoft Windows 10.0.22000)",
        "x-ms-client-request-id": "92caf80d0fef3e5037ad6b37826837ff",
        "x-ms-return-client-request-id": "true"
      },
      "RequestBody": null,
      "StatusCode": 200,
      "ResponseHeaders": {
        "Cache-Control": "no-cache",
        "Content-Length": "0",
        "Date": "Wed, 20 Jul 2022 08:21:31 GMT",
        "Expires": "-1",
        "Pragma": "no-cache",
        "Server": "Microsoft-IIS/10.0",
        "Strict-Transport-Security": "max-age=31536000; includeSubDomains",
        "X-Content-Type-Options": "nosniff",
        "x-ms-correlation-request-id": "af082dfe-adad-496a-8281-2700ebd9bb27",
        "x-ms-ratelimit-remaining-subscription-deletes": "14998",
        "x-ms-request-id": "af082dfe-adad-496a-8281-2700ebd9bb27",
        "x-ms-routing-request-id": "SOUTHEASTASIA:20220720T082131Z:af082dfe-adad-496a-8281-2700ebd9bb27",
        "X-Powered-By": "ASP.NET"
      },
      "ResponseBody": null
    },
    {
      "RequestUri": "https://management.azure.com/subscriptions/db1ab6f0-4769-4b27-930e-01e2ef9c123c/resourceGroups/datafactory-rg-9162/providers/Microsoft.DataFactory/factories/datafactory-5980/globalParameters/default?api-version=2018-06-01",
      "RequestMethod": "GET",
      "RequestHeaders": {
        "Accept": "application/json",
        "Authorization": "Sanitized",
        "traceparent": "00-60538754ffe25246adee0ec5c70da7b6-6231afd6e6a36c4d-00",
        "User-Agent": "azsdk-net-ResourceManager.DataFactory/1.0.0-alpha.20220720.1 (.NET Core 3.1.27; Microsoft Windows 10.0.22000)",
        "x-ms-client-request-id": "d17fbf8035be17805f32962f27ff77bc",
        "x-ms-return-client-request-id": "true"
      },
      "RequestBody": null,
      "StatusCode": 404,
      "ResponseHeaders": {
        "Cache-Control": "no-cache",
        "Content-Length": "264",
        "Content-Type": "application/json; charset=utf-8",
        "Date": "Wed, 20 Jul 2022 08:21:31 GMT",
        "Expires": "-1",
        "Pragma": "no-cache",
        "Server": "Microsoft-IIS/10.0",
        "Strict-Transport-Security": "max-age=31536000; includeSubDomains",
        "X-Content-Type-Options": "nosniff",
        "x-ms-correlation-request-id": "3e075fec-f193-45c6-8960-9fc16df08297",
        "x-ms-ratelimit-remaining-subscription-reads": "11984",
        "x-ms-request-id": "3e075fec-f193-45c6-8960-9fc16df08297",
        "x-ms-routing-request-id": "SOUTHEASTASIA:20220720T082132Z:3e075fec-f193-45c6-8960-9fc16df08297",
        "X-Powered-By": "ASP.NET"
      },
      "ResponseBody": {
        "error": {
          "code": "NotFound",
          "message": "EntityGetFailedOnNotFound",
          "target": "/subscriptions/db1ab6f0-4769-4b27-930e-01e2ef9c123c/resourceGroups/datafactory-rg-9162/providers/Microsoft.DataFactory/factories/datafactory-5980/globalParameters/default",
          "details": null
        }
      }
    }
  ],
  "Variables": {
    "AZURE_AUTHORITY_HOST": "https://login.microsoftonline.com",
    "RandomSeed": "1530792350",
    "RESOURCE_MANAGER_URL": null,
    "SUBSCRIPTION_ID": "db1ab6f0-4769-4b27-930e-01e2ef9c123c"
  }
}
