{
  "Entries": [
    {
      "RequestUri": "https://management.azure.com/subscriptions/e815e305-b43a-49c4-8b1a-4e61f1aec1e8?api-version=2021-01-01",
      "RequestMethod": "GET",
      "RequestHeaders": {
        "Accept": "application/json",
        "Authorization": "Sanitized",
        "traceparent": "00-adb4edbeb5080041847a3997d444edec-40609a752ace0041-00",
        "User-Agent": "azsdk-net-ResourceManager/1.3.2 (.NET Framework 4.8.9105.0; Microsoft Windows 10.0.22621 )",
        "x-ms-client-request-id": "6251e1a7723c418e92221039801180f7",
        "x-ms-return-client-request-id": "true"
      },
      "RequestBody": null,
      "StatusCode": 200,
      "ResponseHeaders": {
        "Cache-Control": "no-cache",
        "Content-Length": "440",
        "Content-Type": "application/json; charset=utf-8",
        "Date": "Wed, 30 Nov 2022 02:00:24 GMT",
        "Expires": "-1",
        "Pragma": "no-cache",
        "Strict-Transport-Security": "max-age=31536000; includeSubDomains",
        "X-Content-Type-Options": "nosniff",
        "x-ms-correlation-request-id": "c93e290f-0048-4a3a-8cf5-243a9b127693",
        "x-ms-ratelimit-remaining-subscription-reads": "11990",
        "x-ms-request-id": "c93e290f-0048-4a3a-8cf5-243a9b127693",
        "x-ms-routing-request-id": "WESTUS:20221130T020024Z:c93e290f-0048-4a3a-8cf5-243a9b127693"
      },
      "ResponseBody": {
        "id": "/subscriptions/e815e305-b43a-49c4-8b1a-4e61f1aec1e8",
        "authorizationSource": "RoleBased",
        "managedByTenants": [],
        "tags": {
          "NRMSBreakGlass": "299334392"
        },
        "subscriptionId": "e815e305-b43a-49c4-8b1a-4e61f1aec1e8",
        "tenantId": "72f988bf-86f1-41af-91ab-2d7cd011db47",
        "displayName": "WANTeam-Subscription-2",
        "state": "Enabled",
        "subscriptionPolicies": {
          "locationPlacementId": "Internal_2014-09-01",
          "quotaId": "Internal_2014-09-01",
          "spendingLimit": "Off"
        }
      }
    },
    {
      "RequestUri": "https://management.azure.com/subscriptions/e815e305-b43a-49c4-8b1a-4e61f1aec1e8/providers/Microsoft.Peering/peerAsns/peerAsn6332?api-version=2022-10-01",
      "RequestMethod": "PUT",
      "RequestHeaders": {
        "Accept": "application/json",
        "Authorization": "Sanitized",
        "Content-Length": "149",
        "Content-Type": "application/json",
        "traceparent": "00-7bc52e8b52dc954493c02c3d3507b98c-6e9ac15cd4f1474c-00",
        "User-Agent": "azsdk-net-ResourceManager.Peering/1.1.0-alpha.20221129.1 (.NET Framework 4.8.9105.0; Microsoft Windows 10.0.22621 )",
        "x-ms-client-request-id": "97981cfcf333ab49042164722c8ac27e",
        "x-ms-return-client-request-id": "true"
      },
      "RequestBody": {
        "properties": {
          "peerAsn": 26492898,
          "peerContactDetail": [
            {
              "role": "Noc",
              "email": "noc65003@contoso.com",
              "phone": "8888988888"
            }
          ],
          "peerName": "peerAsn6332"
        }
      },
      "StatusCode": 201,
      "ResponseHeaders": {
        "Cache-Control": "no-cache",
        "Content-Length": "451",
        "Content-Type": "application/json; charset=utf-8",
        "Date": "Wed, 30 Nov 2022 02:00:25 GMT",
        "Expires": "-1",
        "Pragma": "no-cache",
        "Strict-Transport-Security": "max-age=31536000; includeSubDomains",
        "X-Content-Type-Options": "nosniff",
        "x-ms-correlation-request-id": "0f8fdc1d-932a-4520-95b8-5b4edcae69c0",
        "x-ms-ratelimit-remaining-subscription-resource-requests": "90",
        "x-ms-request-id": "dbacf302-ca5e-4ff8-b6b3-f47d988accb3",
        "x-ms-routing-request-id": "WESTUS:20221130T020025Z:0f8fdc1d-932a-4520-95b8-5b4edcae69c0"
      },
      "ResponseBody": {
        "properties": {
          "peerAsn": 26492898,
          "peerContactDetail": [
            {
              "role": "Noc",
              "email": "noc65003@contoso.com",
              "phone": "8888988888"
            }
          ],
          "peerName": "peerAsn6332",
          "validationState": "Pending"
        },
        "name": "peerAsn6332",
        "id": "/subscriptions/e815e305-b43a-49c4-8b1a-4e61f1aec1e8/providers/Microsoft.Peering/peerAsns/peerAsn6332",
        "type": "Microsoft.Peering/peerAsns"
      }
    },
    {
      "RequestUri": "https://management.azure.com/subscriptions/e815e305-b43a-49c4-8b1a-4e61f1aec1e8/providers/Microsoft.Peering/peerAsns?api-version=2022-10-01",
      "RequestMethod": "GET",
      "RequestHeaders": {
        "Accept": "application/json",
        "Authorization": "Sanitized",
        "traceparent": "00-8653d6c9790552488dcfe1af23b27395-796d75c437492d47-00",
        "User-Agent": "azsdk-net-ResourceManager.Peering/1.1.0-alpha.20221129.1 (.NET Framework 4.8.9105.0; Microsoft Windows 10.0.22621 )",
        "x-ms-client-request-id": "dd801b55fad1de9efd697a6d8a28e411",
        "x-ms-return-client-request-id": "true"
      },
      "RequestBody": null,
      "StatusCode": 200,
      "ResponseHeaders": {
        "Cache-Control": "no-cache",
        "Content-Length": "544",
        "Content-Type": "application/json; charset=utf-8",
        "Date": "Wed, 30 Nov 2022 02:00:25 GMT",
        "Expires": "-1",
        "Pragma": "no-cache",
        "Strict-Transport-Security": "max-age=31536000; includeSubDomains",
        "X-Content-Type-Options": "nosniff",
        "x-ms-correlation-request-id": "7f7b0aac-406b-4087-b1e0-475f06ff7ea4",
        "x-ms-ratelimit-remaining-subscription-resource-requests": "572",
        "x-ms-request-id": "10d24db4-ef48-4092-8a21-25545562e0aa",
        "x-ms-routing-request-id": "WESTUS:20221130T020025Z:7f7b0aac-406b-4087-b1e0-475f06ff7ea4"
      },
      "ResponseBody": {
        "value": [
          {
            "properties": {
              "peerAsn": 26492898,
              "peerContactDetail": [
                {
                  "role": "Noc",
                  "email": "noc65003@contoso.com",
                  "phone": "8888988888"
                }
              ],
              "peerName": "peerAsn6332",
              "validationState": "Pending"
            },
            "name": "peerAsn6332",
            "id": "/subscriptions/e815e305-b43a-49c4-8b1a-4e61f1aec1e8/providers/Microsoft.Peering/peerAsns/peerAsn6332",
            "type": "Microsoft.Peering/peerAsns"
          }
        ]
      }
    },
    {
      "RequestUri": "https://management.azure.com/subscriptions/e815e305-b43a-49c4-8b1a-4e61f1aec1e8/providers/Microsoft.Peering/peerAsns?api-version=2022-10-01",
      "RequestMethod": "GET",
      "RequestHeaders": {
        "Accept": "application/json",
        "Authorization": "Sanitized",
        "traceparent": "00-f2db6be301ce8044a9f6600ad0598a3d-a173d9f9a0cfc44b-00",
        "User-Agent": "azsdk-net-ResourceManager.Peering/1.1.0-alpha.20221129.1 (.NET Framework 4.8.9105.0; Microsoft Windows 10.0.22621 )",
        "x-ms-client-request-id": "5e1b1cd310b75ead18906d6ddc20f685",
        "x-ms-return-client-request-id": "true"
      },
      "RequestBody": null,
      "StatusCode": 200,
      "ResponseHeaders": {
        "Cache-Control": "no-cache",
        "Content-Length": "544",
        "Content-Type": "application/json; charset=utf-8",
        "Date": "Wed, 30 Nov 2022 02:00:25 GMT",
        "Expires": "-1",
        "Pragma": "no-cache",
        "Strict-Transport-Security": "max-age=31536000; includeSubDomains",
        "X-Content-Type-Options": "nosniff",
        "x-ms-correlation-request-id": "0460ef7e-7eeb-4428-a4eb-7a4c3f66f045",
        "x-ms-ratelimit-remaining-subscription-resource-requests": "571",
        "x-ms-request-id": "8c7158ff-ffd5-4519-811e-1a745bb561e4",
        "x-ms-routing-request-id": "WESTUS:20221130T020025Z:0460ef7e-7eeb-4428-a4eb-7a4c3f66f045"
      },
      "ResponseBody": {
        "value": [
          {
            "properties": {
              "peerAsn": 26492898,
              "peerContactDetail": [
                {
                  "role": "Noc",
                  "email": "noc65003@contoso.com",
                  "phone": "8888988888"
                }
              ],
              "peerName": "peerAsn6332",
              "validationState": "Pending"
            },
            "name": "peerAsn6332",
            "id": "/subscriptions/e815e305-b43a-49c4-8b1a-4e61f1aec1e8/providers/Microsoft.Peering/peerAsns/peerAsn6332",
            "type": "Microsoft.Peering/peerAsns"
          }
        ]
      }
    },
    {
      "RequestUri": "https://management.azure.com/subscriptions/e815e305-b43a-49c4-8b1a-4e61f1aec1e8/providers/Microsoft.Peering/peerAsns/peerAsn6332?api-version=2022-10-01",
      "RequestMethod": "DELETE",
      "RequestHeaders": {
        "Accept": "application/json",
        "Authorization": "Sanitized",
        "traceparent": "00-c8321335bfe0a246b8f65f150829cfc3-a08f7fbd02e50f45-00",
        "User-Agent": "azsdk-net-ResourceManager.Peering/1.1.0-alpha.20221129.1 (.NET Framework 4.8.9105.0; Microsoft Windows 10.0.22621 )",
        "x-ms-client-request-id": "65bc0177fe7701c87db99aca78dc21dc",
        "x-ms-return-client-request-id": "true"
      },
      "RequestBody": null,
      "StatusCode": 200,
      "ResponseHeaders": {
        "Cache-Control": "no-cache",
        "Content-Length": "0",
        "Date": "Wed, 30 Nov 2022 02:00:25 GMT",
        "Expires": "-1",
        "Pragma": "no-cache",
        "Strict-Transport-Security": "max-age=31536000; includeSubDomains",
        "X-Content-Type-Options": "nosniff",
        "x-ms-correlation-request-id": "e1414760-3b2e-425d-a9c5-63724deea1e0",
        "x-ms-ratelimit-remaining-subscription-deletes": "14983",
        "x-ms-request-id": "c2a2b77c-2b6f-4b5d-a9a2-279cb1e3f42d",
        "x-ms-routing-request-id": "WESTUS:20221130T020026Z:e1414760-3b2e-425d-a9c5-63724deea1e0"
      },
      "ResponseBody": null
    },
    {
      "RequestUri": "https://management.azure.com/subscriptions/e815e305-b43a-49c4-8b1a-4e61f1aec1e8/providers/Microsoft.Peering/peerAsns?api-version=2022-10-01",
      "RequestMethod": "GET",
      "RequestHeaders": {
        "Accept": "application/json",
        "Authorization": "Sanitized",
        "traceparent": "00-a44535453bef2e4789b18e7d2abff09f-be55d6e9c12fea41-00",
        "User-Agent": "azsdk-net-ResourceManager.Peering/1.1.0-alpha.20221129.1 (.NET Framework 4.8.9105.0; Microsoft Windows 10.0.22621 )",
        "x-ms-client-request-id": "0f9e533c636e44c76d22c4418d3002dc",
        "x-ms-return-client-request-id": "true"
      },
      "RequestBody": null,
      "StatusCode": 200,
      "ResponseHeaders": {
        "Cache-Control": "no-cache",
        "Content-Length": "19",
        "Content-Type": "application/json; charset=utf-8",
        "Date": "Wed, 30 Nov 2022 02:00:25 GMT",
        "Expires": "-1",
        "Pragma": "no-cache",
        "Strict-Transport-Security": "max-age=31536000; includeSubDomains",
        "X-Content-Type-Options": "nosniff",
        "x-ms-correlation-request-id": "0dbd429f-5938-44be-933f-5d605524b3a1",
        "x-ms-ratelimit-remaining-subscription-resource-requests": "570",
        "x-ms-request-id": "c37567a1-f4db-4a94-ad16-99e6ae9c7d37",
        "x-ms-routing-request-id": "WESTUS:20221130T020026Z:0dbd429f-5938-44be-933f-5d605524b3a1"
      },
      "ResponseBody": {
        "value": []
      }
    }
  ],
  "Variables": {
    "AZURE_AUTHORITY_HOST": "https://login.windows.net",
    "RandomSeed": "872338336",
    "RESOURCE_MANAGER_URL": null,
    "SUBSCRIPTION_ID": "e815e305-b43a-49c4-8b1a-4e61f1aec1e8"
  }
}
