{
  "Entries": [
    {
      "RequestUri": "https://management.azure.com/subscriptions/db1ab6f0-4769-4b27-930e-01e2ef9c123c?api-version=2019-11-01",
      "RequestMethod": "GET",
      "RequestHeaders": {
        "Accept": "application/json",
        "Authorization": "Sanitized",
        "traceparent": "00-c3755e10bef84244a9918074864def84-f82135a72c04f94a-00",
        "User-Agent": [
          "azsdk-net-ResourceManager/1.0.0-alpha.20211201.1",
          "(.NET Core 3.1.21; Microsoft Windows 10.0.19044)"
        ],
        "x-ms-client-request-id": "4ff3752359e134f7e756cd3908e8f2ec",
        "x-ms-return-client-request-id": "true"
      },
      "RequestBody": null,
      "StatusCode": 200,
      "ResponseHeaders": {
        "Cache-Control": "no-cache",
        "Content-Length": "468",
        "Content-Type": "application/json; charset=utf-8",
        "Date": "Wed, 01 Dec 2021 10:40:30 GMT",
        "Expires": "-1",
        "Pragma": "no-cache",
        "Strict-Transport-Security": "max-age=31536000; includeSubDomains",
        "X-Content-Type-Options": "nosniff",
        "x-ms-correlation-request-id": "69a530c2-1c2b-40f9-898f-6c346c746d92",
        "x-ms-ratelimit-remaining-subscription-reads": "11723",
        "x-ms-request-id": "69a530c2-1c2b-40f9-898f-6c346c746d92",
        "x-ms-routing-request-id": "JAPANEAST:20211201T104031Z:69a530c2-1c2b-40f9-898f-6c346c746d92"
      },
      "ResponseBody": {
        "id": "/subscriptions/db1ab6f0-4769-4b27-930e-01e2ef9c123c",
        "authorizationSource": "RoleBased",
        "managedByTenants": [],
        "tags": {
          "tagKey1": "tagValue1",
          "tagKey2": "tagValue2"
        },
        "subscriptionId": "db1ab6f0-4769-4b27-930e-01e2ef9c123c",
        "tenantId": "72f988bf-86f1-41af-91ab-2d7cd011db47",
        "displayName": ".NET Mgmt SDK Test with TTL = 1 Day",
        "state": "Enabled",
        "subscriptionPolicies": {
          "locationPlacementId": "Internal_2014-09-01",
          "quotaId": "Internal_2014-09-01",
          "spendingLimit": "Off"
        }
      }
    },
    {
      "RequestUri": "https://management.azure.com/subscriptions/db1ab6f0-4769-4b27-930e-01e2ef9c123c/resourcegroups/Default-AppConfiguration-6400?api-version=2019-10-01",
      "RequestMethod": "PUT",
      "RequestHeaders": {
        "Accept": "application/json",
        "Authorization": "Sanitized",
        "Content-Length": "21",
        "Content-Type": "application/json",
        "User-Agent": [
          "azsdk-net-ResourceManager/1.0.0-alpha.20211201.1",
          "(.NET Core 3.1.21; Microsoft Windows 10.0.19044)"
        ],
        "x-ms-client-request-id": "f976b656f0003dabb3d9d56f02eb9215",
        "x-ms-return-client-request-id": "true"
      },
      "RequestBody": {
        "location": "eastus"
      },
      "StatusCode": 201,
      "ResponseHeaders": {
        "Cache-Control": "no-cache",
        "Content-Length": "255",
        "Content-Type": "application/json; charset=utf-8",
        "Date": "Wed, 01 Dec 2021 10:40:31 GMT",
        "Expires": "-1",
        "Pragma": "no-cache",
        "Strict-Transport-Security": "max-age=31536000; includeSubDomains",
        "X-Content-Type-Options": "nosniff",
        "x-ms-correlation-request-id": "53991445-e948-403e-ad49-1505cfc16900",
        "x-ms-ratelimit-remaining-subscription-writes": "1169",
        "x-ms-request-id": "53991445-e948-403e-ad49-1505cfc16900",
        "x-ms-routing-request-id": "JAPANEAST:20211201T104031Z:53991445-e948-403e-ad49-1505cfc16900"
      },
      "ResponseBody": {
        "id": "/subscriptions/db1ab6f0-4769-4b27-930e-01e2ef9c123c/resourceGroups/Default-AppConfiguration-6400",
        "name": "Default-AppConfiguration-6400",
        "type": "Microsoft.Resources/resourceGroups",
        "location": "eastus",
        "properties": {
          "provisioningState": "Succeeded"
        }
      }
    },
    {
      "RequestUri": "https://management.azure.com/subscriptions/db1ab6f0-4769-4b27-930e-01e2ef9c123c/resourceGroups/Default-AppConfiguration-6400/providers/Microsoft.AppConfiguration/configurationStores/testapp-6979?api-version=2020-06-01",
      "RequestMethod": "PUT",
      "RequestHeaders": {
        "Accept": "application/json",
        "Authorization": "Sanitized",
        "Content-Length": "105",
        "Content-Type": "application/json",
        "User-Agent": [
          "azsdk-net-ResourceManager.AppConfiguration/1.0.0-alpha.20211201.1",
          "(.NET Core 3.1.21; Microsoft Windows 10.0.19044)"
        ],
        "x-ms-client-request-id": "22e61bf0a4653d7b02119515c30db0a5",
        "x-ms-return-client-request-id": "true"
      },
      "RequestBody": {
        "sku": {
          "name": "Standard"
        },
        "tags": {},
        "location": "eastus",
        "properties": {
          "publicNetworkAccess": "Disabled"
        }
      },
      "StatusCode": 201,
      "ResponseHeaders": {
        "Azure-AsyncOperation": "https://management.azure.com/subscriptions/db1ab6f0-4769-4b27-930e-01e2ef9c123c/providers/Microsoft.AppConfiguration/locations/eastus/operationsStatus/4b82fb80-8e73-3279-d7ba-dfe4a3d81ba7?api-version=2020-06-01",
        "Cache-Control": "no-cache",
        "Content-Length": "474",
        "Content-Type": "application/json; charset=utf-8",
        "Date": "Wed, 01 Dec 2021 10:40:34 GMT",
        "Expires": "-1",
        "Pragma": "no-cache",
        "Retry-After": "10",
        "Server": "nginx/1.17.10",
        "Strict-Transport-Security": "max-age=31536000; includeSubDomains",
        "X-Content-Type-Options": "nosniff",
        "x-ms-client-request-id": "22e61bf0a4653d7b02119515c30db0a5",
        "x-ms-correlation-request-id": "8fad2c37-4f44-4c62-b5e4-321e6b506bcb",
        "x-ms-ratelimit-remaining-subscription-writes": "1168",
        "x-ms-request-id": "571931cb-a187-4738-925d-b54bc3a37d4e",
        "x-ms-routing-request-id": "JAPANEAST:20211201T104035Z:8fad2c37-4f44-4c62-b5e4-321e6b506bcb"
      },
      "ResponseBody": {
        "type": "Microsoft.AppConfiguration/configurationStores",
        "location": "eastus",
        "properties": {
          "provisioningState": "Creating",
          "creationDate": "2021-12-01T10:40:34.0371945\u002B00:00",
          "endpoint": null,
          "encryption": null,
          "privateEndpointConnections": null
        },
        "sku": {
          "name": "Standard"
        },
        "id": "/subscriptions/db1ab6f0-4769-4b27-930e-01e2ef9c123c/resourceGroups/Default-AppConfiguration-6400/providers/Microsoft.AppConfiguration/configurationStores/testapp-6979",
        "name": "testapp-6979",
        "tags": {}
      }
    },
    {
      "RequestUri": "https://management.azure.com/subscriptions/db1ab6f0-4769-4b27-930e-01e2ef9c123c/providers/Microsoft.AppConfiguration/locations/eastus/operationsStatus/4b82fb80-8e73-3279-d7ba-dfe4a3d81ba7?api-version=2020-06-01",
      "RequestMethod": "GET",
      "RequestHeaders": {
        "Authorization": "Sanitized",
        "User-Agent": [
          "azsdk-net-ResourceManager/1.0.0-alpha.20211201.1",
          "(.NET Core 3.1.21; Microsoft Windows 10.0.19044)"
        ],
        "x-ms-client-request-id": "cd17f4b7c90c11f1fbbbfdde1628efcc",
        "x-ms-return-client-request-id": "true"
      },
      "RequestBody": null,
      "StatusCode": 200,
      "ResponseHeaders": {
        "Azure-AsyncOperation": "https://management.azure.com/subscriptions/db1ab6f0-4769-4b27-930e-01e2ef9c123c/providers/Microsoft.AppConfiguration/locations/eastus/operationsStatus/4b82fb80-8e73-3279-d7ba-dfe4a3d81ba7?api-version=2020-06-01",
        "Cache-Control": "no-cache",
        "Content-Length": "248",
        "Content-Type": "application/json; charset=utf-8",
        "Date": "Wed, 01 Dec 2021 10:40:34 GMT",
        "Expires": "-1",
        "Pragma": "no-cache",
        "Server": "nginx/1.17.10",
        "Strict-Transport-Security": "max-age=31536000; includeSubDomains",
        "Vary": "Accept-Encoding",
        "X-Content-Type-Options": "nosniff",
        "x-ms-client-request-id": "cd17f4b7c90c11f1fbbbfdde1628efcc",
        "x-ms-correlation-request-id": "3bd4bce8-623a-4b0e-a790-13f588876290",
        "x-ms-ratelimit-remaining-subscription-reads": "11722",
        "x-ms-request-id": "b7a2845b-e810-4f12-85f4-21c8216e87d0",
        "x-ms-routing-request-id": "JAPANEAST:20211201T104035Z:3bd4bce8-623a-4b0e-a790-13f588876290"
      },
      "ResponseBody": {
        "id": "/subscriptions/db1ab6f0-4769-4b27-930e-01e2ef9c123c/providers/Microsoft.AppConfiguration/locations/eastus/operationsStatus/4b82fb80-8e73-3279-d7ba-dfe4a3d81ba7",
        "name": "4b82fb80-8e73-3279-d7ba-dfe4a3d81ba7",
        "status": "Succeeded",
        "error": null
      }
    },
    {
      "RequestUri": "https://management.azure.com/subscriptions/db1ab6f0-4769-4b27-930e-01e2ef9c123c/resourceGroups/Default-AppConfiguration-6400/providers/Microsoft.AppConfiguration/configurationStores/testapp-6979?api-version=2020-06-01",
      "RequestMethod": "GET",
      "RequestHeaders": {
        "Authorization": "Sanitized",
        "User-Agent": [
          "azsdk-net-ResourceManager/1.0.0-alpha.20211201.1",
          "(.NET Core 3.1.21; Microsoft Windows 10.0.19044)"
        ],
        "x-ms-client-request-id": "b6d8c92427448297e81c6dc99cf7b5d0",
        "x-ms-return-client-request-id": "true"
      },
      "RequestBody": null,
      "StatusCode": 200,
      "ResponseHeaders": {
        "Cache-Control": "no-cache",
        "Content-Length": "553",
        "Content-Type": "application/json; charset=utf-8",
        "Date": "Wed, 01 Dec 2021 10:40:34 GMT",
        "ETag": "W/\u002239014eef-0000-0100-0000-61a751220000\u0022",
        "Expires": "-1",
        "Pragma": "no-cache",
        "Server": "nginx/1.17.10",
        "Strict-Transport-Security": "max-age=31536000; includeSubDomains",
        "Vary": "Accept-Encoding",
        "X-Content-Type-Options": "nosniff",
        "x-ms-client-request-id": "b6d8c92427448297e81c6dc99cf7b5d0",
        "x-ms-correlation-request-id": "8432f670-30e9-4800-b891-afa9f1432a9b",
        "x-ms-ratelimit-remaining-subscription-reads": "11721",
        "x-ms-request-id": "9f146523-81a8-403a-965d-51af27a44559",
        "x-ms-routing-request-id": "JAPANEAST:20211201T104035Z:8432f670-30e9-4800-b891-afa9f1432a9b"
      },
      "ResponseBody": {
        "type": "Microsoft.AppConfiguration/configurationStores",
        "location": "eastus",
        "properties": {
          "provisioningState": "Succeeded",
          "creationDate": "2021-12-01T10:40:34\u002B00:00",
          "endpoint": "https://testapp-6979.azconfig.io",
          "encryption": {
            "keyVaultProperties": null
          },
          "privateEndpointConnections": null,
          "publicNetworkAccess": "Disabled"
        },
        "sku": {
          "name": "standard"
        },
        "id": "/subscriptions/db1ab6f0-4769-4b27-930e-01e2ef9c123c/resourceGroups/default-appconfiguration-6400/providers/Microsoft.AppConfiguration/configurationStores/testapp-6979",
        "name": "testapp-6979",
        "tags": {}
      }
    },
    {
      "RequestUri": "https://management.azure.com/subscriptions/db1ab6f0-4769-4b27-930e-01e2ef9c123c/providers/Microsoft.AppConfiguration/locations/eastus/operationsStatus/4b82fb80-8e73-3279-d7ba-dfe4a3d81ba7?api-version=2020-06-01",
      "RequestMethod": "GET",
      "RequestHeaders": {
        "Authorization": "Sanitized",
        "User-Agent": [
          "azsdk-net-ResourceManager/1.0.0-alpha.20211201.1",
          "(.NET Core 3.1.21; Microsoft Windows 10.0.19044)"
        ],
        "x-ms-client-request-id": "cf5ed116e3f56098433bf2f17054b38d",
        "x-ms-return-client-request-id": "true"
      },
      "RequestBody": null,
      "StatusCode": 200,
      "ResponseHeaders": {
        "Azure-AsyncOperation": "https://management.azure.com/subscriptions/db1ab6f0-4769-4b27-930e-01e2ef9c123c/providers/Microsoft.AppConfiguration/locations/eastus/operationsStatus/4b82fb80-8e73-3279-d7ba-dfe4a3d81ba7?api-version=2020-06-01",
        "Cache-Control": "no-cache",
        "Content-Length": "248",
        "Content-Type": "application/json; charset=utf-8",
        "Date": "Wed, 01 Dec 2021 10:40:35 GMT",
        "Expires": "-1",
        "Pragma": "no-cache",
        "Server": "nginx/1.17.10",
        "Strict-Transport-Security": "max-age=31536000; includeSubDomains",
        "Vary": "Accept-Encoding",
        "X-Content-Type-Options": "nosniff",
        "x-ms-client-request-id": "cf5ed116e3f56098433bf2f17054b38d",
        "x-ms-correlation-request-id": "78459009-3885-4b34-b9ef-814614a88d4c",
        "x-ms-ratelimit-remaining-subscription-reads": "11720",
        "x-ms-request-id": "a7106c0f-dfe2-4571-80aa-00e77aea1b83",
        "x-ms-routing-request-id": "JAPANEAST:20211201T104035Z:78459009-3885-4b34-b9ef-814614a88d4c"
      },
      "ResponseBody": {
        "id": "/subscriptions/db1ab6f0-4769-4b27-930e-01e2ef9c123c/providers/Microsoft.AppConfiguration/locations/eastus/operationsStatus/4b82fb80-8e73-3279-d7ba-dfe4a3d81ba7",
        "name": "4b82fb80-8e73-3279-d7ba-dfe4a3d81ba7",
        "status": "Succeeded",
        "error": null
      }
    },
    {
      "RequestUri": "https://management.azure.com/subscriptions/db1ab6f0-4769-4b27-930e-01e2ef9c123c/resourceGroups/Default-AppConfiguration-6400/providers/Microsoft.AppConfiguration/configurationStores/testapp-6979?api-version=2020-06-01",
      "RequestMethod": "GET",
      "RequestHeaders": {
        "Authorization": "Sanitized",
        "User-Agent": [
          "azsdk-net-ResourceManager/1.0.0-alpha.20211201.1",
          "(.NET Core 3.1.21; Microsoft Windows 10.0.19044)"
        ],
        "x-ms-client-request-id": "be5f3bac44598f7f5d95e5f05c287504",
        "x-ms-return-client-request-id": "true"
      },
      "RequestBody": null,
      "StatusCode": 200,
      "ResponseHeaders": {
        "Cache-Control": "no-cache",
        "Content-Length": "553",
        "Content-Type": "application/json; charset=utf-8",
        "Date": "Wed, 01 Dec 2021 10:40:35 GMT",
        "ETag": "W/\u002239014eef-0000-0100-0000-61a751220000\u0022",
        "Expires": "-1",
        "Pragma": "no-cache",
        "Server": "nginx/1.17.10",
        "Strict-Transport-Security": "max-age=31536000; includeSubDomains",
        "Vary": "Accept-Encoding",
        "X-Content-Type-Options": "nosniff",
        "x-ms-client-request-id": "be5f3bac44598f7f5d95e5f05c287504",
        "x-ms-correlation-request-id": "12d8608b-63f4-4088-9de8-f12158a2d8ea",
        "x-ms-ratelimit-remaining-subscription-reads": "11719",
        "x-ms-request-id": "8dad33c8-a435-4bd8-8d13-3a1ef1f4ff86",
        "x-ms-routing-request-id": "JAPANEAST:20211201T104036Z:12d8608b-63f4-4088-9de8-f12158a2d8ea"
      },
      "ResponseBody": {
        "type": "Microsoft.AppConfiguration/configurationStores",
        "location": "eastus",
        "properties": {
          "provisioningState": "Succeeded",
          "creationDate": "2021-12-01T10:40:34\u002B00:00",
          "endpoint": "https://testapp-6979.azconfig.io",
          "encryption": {
            "keyVaultProperties": null
          },
          "privateEndpointConnections": null,
          "publicNetworkAccess": "Disabled"
        },
        "sku": {
          "name": "standard"
        },
        "id": "/subscriptions/db1ab6f0-4769-4b27-930e-01e2ef9c123c/resourceGroups/default-appconfiguration-6400/providers/Microsoft.AppConfiguration/configurationStores/testapp-6979",
        "name": "testapp-6979",
        "tags": {}
      }
    },
    {
      "RequestUri": "https://management.azure.com/subscriptions/db1ab6f0-4769-4b27-930e-01e2ef9c123c/resourceGroups/Default-AppConfiguration-6400/providers/Microsoft.Network/virtualNetworks/vnetname7417?api-version=2021-02-01",
      "RequestMethod": "PUT",
      "RequestHeaders": {
        "Accept": "application/json",
        "Authorization": "Sanitized",
        "Content-Length": "267",
        "Content-Type": "application/json",
        "User-Agent": [
          "azsdk-net-ResourceManager.Network/1.0.0-beta.3",
          "(.NET Core 3.1.21; Microsoft Windows 10.0.19044)"
        ],
        "x-ms-client-request-id": "45c82d0620c941d63078720935a61193",
        "x-ms-return-client-request-id": "true"
      },
      "RequestBody": {
        "location": "eastus",
        "properties": {
          "addressSpace": {
            "addressPrefixes": [
              "10.0.0.0/16"
            ]
          },
          "dhcpOptions": {
            "dnsServers": [
              "10.1.1.1",
              "10.1.2.4"
            ]
          },
          "subnets": [
            {
              "name": "subnetname5883",
              "properties": {
                "addressPrefix": "10.0.0.0/24",
                "privateEndpointNetworkPolicies": "Disabled"
              }
            }
          ]
        }
      },
      "StatusCode": 201,
      "ResponseHeaders": {
        "Azure-AsyncNotification": "Enabled",
        "Azure-AsyncOperation": "https://management.azure.com/subscriptions/db1ab6f0-4769-4b27-930e-01e2ef9c123c/providers/Microsoft.Network/locations/eastus/operations/8c016584-e186-4b9d-939b-3fb1f7cdb57d?api-version=2021-02-01",
        "Cache-Control": "no-cache",
        "Content-Length": "1381",
        "Content-Type": "application/json; charset=utf-8",
        "Date": "Wed, 01 Dec 2021 10:40:38 GMT",
        "Expires": "-1",
        "Pragma": "no-cache",
        "Retry-After": "3",
        "Server": [
          "Microsoft-HTTPAPI/2.0",
          "Microsoft-HTTPAPI/2.0"
        ],
        "Strict-Transport-Security": "max-age=31536000; includeSubDomains",
        "X-Content-Type-Options": "nosniff",
        "x-ms-arm-service-request-id": "ee65989f-0363-462d-b101-9d63e24a8892",
        "x-ms-client-request-id": "45c82d0620c941d63078720935a61193",
        "x-ms-correlation-request-id": "addbbb35-7e9e-414d-9c64-59a2aa801203",
        "x-ms-ratelimit-remaining-subscription-writes": "1167",
        "x-ms-request-id": "8c016584-e186-4b9d-939b-3fb1f7cdb57d",
        "x-ms-routing-request-id": "JAPANEAST:20211201T104038Z:addbbb35-7e9e-414d-9c64-59a2aa801203"
      },
      "ResponseBody": [
        "{\r\n",
        "  \u0022name\u0022: \u0022vnetname7417\u0022,\r\n",
        "  \u0022id\u0022: \u0022/subscriptions/db1ab6f0-4769-4b27-930e-01e2ef9c123c/resourceGroups/Default-AppConfiguration-6400/providers/Microsoft.Network/virtualNetworks/vnetname7417\u0022,\r\n",
        "  \u0022etag\u0022: \u0022W/\\\u0022b8c26be5-5275-4fb6-a7ea-a0e5a3bc4886\\\u0022\u0022,\r\n",
        "  \u0022type\u0022: \u0022Microsoft.Network/virtualNetworks\u0022,\r\n",
        "  \u0022location\u0022: \u0022eastus\u0022,\r\n",
        "  \u0022properties\u0022: {\r\n",
        "    \u0022provisioningState\u0022: \u0022Updating\u0022,\r\n",
        "    \u0022resourceGuid\u0022: \u00229df02cdf-7008-4ce5-bbe3-b9b4112fc20b\u0022,\r\n",
        "    \u0022addressSpace\u0022: {\r\n",
        "      \u0022addressPrefixes\u0022: [\r\n",
        "        \u002210.0.0.0/16\u0022\r\n",
        "      ]\r\n",
        "    },\r\n",
        "    \u0022dhcpOptions\u0022: {\r\n",
        "      \u0022dnsServers\u0022: [\r\n",
        "        \u002210.1.1.1\u0022,\r\n",
        "        \u002210.1.2.4\u0022\r\n",
        "      ]\r\n",
        "    },\r\n",
        "    \u0022subnets\u0022: [\r\n",
        "      {\r\n",
        "        \u0022name\u0022: \u0022subnetname5883\u0022,\r\n",
        "        \u0022id\u0022: \u0022/subscriptions/db1ab6f0-4769-4b27-930e-01e2ef9c123c/resourceGroups/Default-AppConfiguration-6400/providers/Microsoft.Network/virtualNetworks/vnetname7417/subnets/subnetname5883\u0022,\r\n",
        "        \u0022etag\u0022: \u0022W/\\\u0022b8c26be5-5275-4fb6-a7ea-a0e5a3bc4886\\\u0022\u0022,\r\n",
        "        \u0022properties\u0022: {\r\n",
        "          \u0022provisioningState\u0022: \u0022Updating\u0022,\r\n",
        "          \u0022addressPrefix\u0022: \u002210.0.0.0/24\u0022,\r\n",
        "          \u0022delegations\u0022: [],\r\n",
        "          \u0022privateEndpointNetworkPolicies\u0022: \u0022Disabled\u0022,\r\n",
        "          \u0022privateLinkServiceNetworkPolicies\u0022: \u0022Enabled\u0022\r\n",
        "        },\r\n",
        "        \u0022type\u0022: \u0022Microsoft.Network/virtualNetworks/subnets\u0022\r\n",
        "      }\r\n",
        "    ],\r\n",
        "    \u0022virtualNetworkPeerings\u0022: [],\r\n",
        "    \u0022enableDdosProtection\u0022: false\r\n",
        "  }\r\n",
        "}"
      ]
    },
    {
      "RequestUri": "https://management.azure.com/subscriptions/db1ab6f0-4769-4b27-930e-01e2ef9c123c/providers/Microsoft.Network/locations/eastus/operations/8c016584-e186-4b9d-939b-3fb1f7cdb57d?api-version=2021-02-01",
      "RequestMethod": "GET",
      "RequestHeaders": {
        "Authorization": "Sanitized",
        "User-Agent": [
          "azsdk-net-ResourceManager/1.0.0-alpha.20211201.1",
          "(.NET Core 3.1.21; Microsoft Windows 10.0.19044)"
        ],
        "x-ms-client-request-id": "43eaeec56e8b8bc3651d8ee1d1765ab6",
        "x-ms-return-client-request-id": "true"
      },
      "RequestBody": null,
      "StatusCode": 200,
      "ResponseHeaders": {
        "Cache-Control": "no-cache",
        "Content-Length": "30",
        "Content-Type": "application/json; charset=utf-8",
        "Date": "Wed, 01 Dec 2021 10:40:38 GMT",
        "Expires": "-1",
        "Pragma": "no-cache",
        "Retry-After": "10",
        "Server": [
          "Microsoft-HTTPAPI/2.0",
          "Microsoft-HTTPAPI/2.0"
        ],
        "Strict-Transport-Security": "max-age=31536000; includeSubDomains",
        "X-Content-Type-Options": "nosniff",
        "x-ms-arm-service-request-id": "3efb0360-a774-4f3d-b31f-cacdd0ad36c7",
        "x-ms-client-request-id": "43eaeec56e8b8bc3651d8ee1d1765ab6",
        "x-ms-correlation-request-id": "9b6d8ec4-6609-4e26-ba4a-019bfb280168",
        "x-ms-ratelimit-remaining-subscription-reads": "11718",
        "x-ms-request-id": "5aa00eee-f963-48f0-be7b-aa08cea62a8f",
        "x-ms-routing-request-id": "JAPANEAST:20211201T104039Z:9b6d8ec4-6609-4e26-ba4a-019bfb280168"
      },
      "ResponseBody": [
        "{\r\n",
        "  \u0022status\u0022: \u0022InProgress\u0022\r\n",
        "}"
      ]
    },
    {
      "RequestUri": "https://management.azure.com/subscriptions/db1ab6f0-4769-4b27-930e-01e2ef9c123c/providers/Microsoft.Network/locations/eastus/operations/8c016584-e186-4b9d-939b-3fb1f7cdb57d?api-version=2021-02-01",
      "RequestMethod": "GET",
      "RequestHeaders": {
        "Authorization": "Sanitized",
        "User-Agent": [
          "azsdk-net-ResourceManager/1.0.0-alpha.20211201.1",
          "(.NET Core 3.1.21; Microsoft Windows 10.0.19044)"
        ],
        "x-ms-client-request-id": "7c875184150b0f6cb6f5f3faae754388",
        "x-ms-return-client-request-id": "true"
      },
      "RequestBody": null,
      "StatusCode": 200,
      "ResponseHeaders": {
        "Cache-Control": "no-cache",
        "Content-Length": "29",
        "Content-Type": "application/json; charset=utf-8",
        "Date": "Wed, 01 Dec 2021 10:40:39 GMT",
        "Expires": "-1",
        "Pragma": "no-cache",
        "Server": [
          "Microsoft-HTTPAPI/2.0",
          "Microsoft-HTTPAPI/2.0"
        ],
        "Strict-Transport-Security": "max-age=31536000; includeSubDomains",
        "X-Content-Type-Options": "nosniff",
        "x-ms-arm-service-request-id": "4129100f-5de2-4409-b260-6863bd7e2678",
        "x-ms-client-request-id": "7c875184150b0f6cb6f5f3faae754388",
        "x-ms-correlation-request-id": "5abaa9c1-e0df-4d04-94d5-1a8757c0aada",
        "x-ms-ratelimit-remaining-subscription-reads": "11717",
        "x-ms-request-id": "e1d9c729-c882-4dcd-b165-500349879a36",
        "x-ms-routing-request-id": "JAPANEAST:20211201T104040Z:5abaa9c1-e0df-4d04-94d5-1a8757c0aada"
      },
      "ResponseBody": [
        "{\r\n",
        "  \u0022status\u0022: \u0022Succeeded\u0022\r\n",
        "}"
      ]
    },
    {
      "RequestUri": "https://management.azure.com/subscriptions/db1ab6f0-4769-4b27-930e-01e2ef9c123c/resourceGroups/Default-AppConfiguration-6400/providers/Microsoft.Network/virtualNetworks/vnetname7417?api-version=2021-02-01",
      "RequestMethod": "GET",
      "RequestHeaders": {
        "Authorization": "Sanitized",
        "User-Agent": [
          "azsdk-net-ResourceManager/1.0.0-alpha.20211201.1",
          "(.NET Core 3.1.21; Microsoft Windows 10.0.19044)"
        ],
        "x-ms-client-request-id": "47435774cdbbfa071c91fa79689500db",
        "x-ms-return-client-request-id": "true"
      },
      "RequestBody": null,
      "StatusCode": 200,
      "ResponseHeaders": {
        "Cache-Control": "no-cache",
        "Content-Length": "1383",
        "Content-Type": "application/json; charset=utf-8",
        "Date": "Wed, 01 Dec 2021 10:40:39 GMT",
        "ETag": "W/\u00226ed6df37-f721-44fe-87c4-ac0342ceb862\u0022",
        "Expires": "-1",
        "Pragma": "no-cache",
        "Server": [
          "Microsoft-HTTPAPI/2.0",
          "Microsoft-HTTPAPI/2.0"
        ],
        "Strict-Transport-Security": "max-age=31536000; includeSubDomains",
        "X-Content-Type-Options": "nosniff",
        "x-ms-arm-service-request-id": "6fd322ad-88b8-4ce0-b646-f4b5b319cf6a",
        "x-ms-client-request-id": "47435774cdbbfa071c91fa79689500db",
        "x-ms-correlation-request-id": "635329a3-44a4-4e31-a66f-2c5c9ca896ba",
        "x-ms-ratelimit-remaining-subscription-reads": "11716",
        "x-ms-request-id": "c6b6ec1a-48e3-41c9-928b-b7c8a15d7652",
        "x-ms-routing-request-id": "JAPANEAST:20211201T104040Z:635329a3-44a4-4e31-a66f-2c5c9ca896ba"
      },
      "ResponseBody": [
        "{\r\n",
        "  \u0022name\u0022: \u0022vnetname7417\u0022,\r\n",
        "  \u0022id\u0022: \u0022/subscriptions/db1ab6f0-4769-4b27-930e-01e2ef9c123c/resourceGroups/Default-AppConfiguration-6400/providers/Microsoft.Network/virtualNetworks/vnetname7417\u0022,\r\n",
        "  \u0022etag\u0022: \u0022W/\\\u00226ed6df37-f721-44fe-87c4-ac0342ceb862\\\u0022\u0022,\r\n",
        "  \u0022type\u0022: \u0022Microsoft.Network/virtualNetworks\u0022,\r\n",
        "  \u0022location\u0022: \u0022eastus\u0022,\r\n",
        "  \u0022properties\u0022: {\r\n",
        "    \u0022provisioningState\u0022: \u0022Succeeded\u0022,\r\n",
        "    \u0022resourceGuid\u0022: \u00229df02cdf-7008-4ce5-bbe3-b9b4112fc20b\u0022,\r\n",
        "    \u0022addressSpace\u0022: {\r\n",
        "      \u0022addressPrefixes\u0022: [\r\n",
        "        \u002210.0.0.0/16\u0022\r\n",
        "      ]\r\n",
        "    },\r\n",
        "    \u0022dhcpOptions\u0022: {\r\n",
        "      \u0022dnsServers\u0022: [\r\n",
        "        \u002210.1.1.1\u0022,\r\n",
        "        \u002210.1.2.4\u0022\r\n",
        "      ]\r\n",
        "    },\r\n",
        "    \u0022subnets\u0022: [\r\n",
        "      {\r\n",
        "        \u0022name\u0022: \u0022subnetname5883\u0022,\r\n",
        "        \u0022id\u0022: \u0022/subscriptions/db1ab6f0-4769-4b27-930e-01e2ef9c123c/resourceGroups/Default-AppConfiguration-6400/providers/Microsoft.Network/virtualNetworks/vnetname7417/subnets/subnetname5883\u0022,\r\n",
        "        \u0022etag\u0022: \u0022W/\\\u00226ed6df37-f721-44fe-87c4-ac0342ceb862\\\u0022\u0022,\r\n",
        "        \u0022properties\u0022: {\r\n",
        "          \u0022provisioningState\u0022: \u0022Succeeded\u0022,\r\n",
        "          \u0022addressPrefix\u0022: \u002210.0.0.0/24\u0022,\r\n",
        "          \u0022delegations\u0022: [],\r\n",
        "          \u0022privateEndpointNetworkPolicies\u0022: \u0022Disabled\u0022,\r\n",
        "          \u0022privateLinkServiceNetworkPolicies\u0022: \u0022Enabled\u0022\r\n",
        "        },\r\n",
        "        \u0022type\u0022: \u0022Microsoft.Network/virtualNetworks/subnets\u0022\r\n",
        "      }\r\n",
        "    ],\r\n",
        "    \u0022virtualNetworkPeerings\u0022: [],\r\n",
        "    \u0022enableDdosProtection\u0022: false\r\n",
        "  }\r\n",
        "}"
      ]
    },
    {
      "RequestUri": "https://management.azure.com/subscriptions/db1ab6f0-4769-4b27-930e-01e2ef9c123c/resourceGroups/Default-AppConfiguration-6400/providers/Microsoft.Network/privateEndpoints/endpointxyz337?api-version=2021-02-01",
      "RequestMethod": "PUT",
      "RequestHeaders": {
        "Accept": "application/json",
        "Authorization": "Sanitized",
        "Content-Length": "595",
        "Content-Type": "application/json",
        "User-Agent": [
          "azsdk-net-ResourceManager.Network/1.0.0-beta.3",
          "(.NET Core 3.1.21; Microsoft Windows 10.0.19044)"
        ],
        "x-ms-client-request-id": "acdcbb748720b01081da8d967bc8dcef",
        "x-ms-return-client-request-id": "true"
      },
      "RequestBody": {
        "location": "eastus",
        "properties": {
          "subnet": {
            "id": "/subscriptions/db1ab6f0-4769-4b27-930e-01e2ef9c123c/resourceGroups/Default-AppConfiguration-6400/providers/Microsoft.Network/virtualNetworks/vnetname7417/subnets/subnetname5883",
            "properties": {}
          },
          "privateLinkServiceConnections": [
            {
              "name": "myconnection",
              "properties": {
                "privateLinkServiceId": "/subscriptions/db1ab6f0-4769-4b27-930e-01e2ef9c123c/resourceGroups/default-appconfiguration-6400/providers/Microsoft.AppConfiguration/configurationStores/testapp-6979",
                "groupIds": [
                  "configurationStores"
                ],
                "requestMessage": "Please approve my connection"
              }
            }
          ]
        }
      },
      "StatusCode": 201,
      "ResponseHeaders": {
        "Azure-AsyncNotification": "Enabled",
        "Azure-AsyncOperation": "https://management.azure.com/subscriptions/db1ab6f0-4769-4b27-930e-01e2ef9c123c/providers/Microsoft.Network/locations/eastus/operations/a775a006-7dbd-4c7c-83f3-357156bf90a9?api-version=2021-02-01",
        "Cache-Control": "no-cache",
        "Content-Length": "2102",
        "Content-Type": "application/json; charset=utf-8",
        "Date": "Wed, 01 Dec 2021 10:40:43 GMT",
        "Expires": "-1",
        "Pragma": "no-cache",
        "Retry-After": "10",
        "Server": [
          "Microsoft-HTTPAPI/2.0",
          "Microsoft-HTTPAPI/2.0"
        ],
        "Strict-Transport-Security": "max-age=31536000; includeSubDomains",
        "X-Content-Type-Options": "nosniff",
        "x-ms-arm-service-request-id": "dc84ea59-e878-4731-a088-65b24bb2eb70",
        "x-ms-client-request-id": "acdcbb748720b01081da8d967bc8dcef",
        "x-ms-correlation-request-id": "960d1949-4340-4348-bae8-1187ff543010",
        "x-ms-ratelimit-remaining-subscription-writes": "1166",
        "x-ms-request-id": "a775a006-7dbd-4c7c-83f3-357156bf90a9",
        "x-ms-routing-request-id": "JAPANEAST:20211201T104044Z:960d1949-4340-4348-bae8-1187ff543010"
      },
      "ResponseBody": [
        "{\r\n",
        "  \u0022name\u0022: \u0022endpointxyz337\u0022,\r\n",
        "  \u0022id\u0022: \u0022/subscriptions/db1ab6f0-4769-4b27-930e-01e2ef9c123c/resourceGroups/Default-AppConfiguration-6400/providers/Microsoft.Network/privateEndpoints/endpointxyz337\u0022,\r\n",
        "  \u0022etag\u0022: \u0022W/\\\u002246757517-eef8-4a9f-9206-c93f730842f2\\\u0022\u0022,\r\n",
        "  \u0022type\u0022: \u0022Microsoft.Network/privateEndpoints\u0022,\r\n",
        "  \u0022location\u0022: \u0022eastus\u0022,\r\n",
        "  \u0022properties\u0022: {\r\n",
        "    \u0022provisioningState\u0022: \u0022Updating\u0022,\r\n",
        "    \u0022resourceGuid\u0022: \u00228816fcfb-a73e-48f2-9400-e5e81a76be95\u0022,\r\n",
        "    \u0022privateLinkServiceConnections\u0022: [\r\n",
        "      {\r\n",
        "        \u0022name\u0022: \u0022myconnection\u0022,\r\n",
        "        \u0022id\u0022: \u0022/subscriptions/db1ab6f0-4769-4b27-930e-01e2ef9c123c/resourceGroups/Default-AppConfiguration-6400/providers/Microsoft.Network/privateEndpoints/endpointxyz337/privateLinkServiceConnections/myconnection\u0022,\r\n",
        "        \u0022etag\u0022: \u0022W/\\\u002246757517-eef8-4a9f-9206-c93f730842f2\\\u0022\u0022,\r\n",
        "        \u0022properties\u0022: {\r\n",
        "          \u0022provisioningState\u0022: \u0022Succeeded\u0022,\r\n",
        "          \u0022privateLinkServiceId\u0022: \u0022/subscriptions/db1ab6f0-4769-4b27-930e-01e2ef9c123c/resourceGroups/default-appconfiguration-6400/providers/Microsoft.AppConfiguration/configurationStores/testapp-6979\u0022,\r\n",
        "          \u0022groupIds\u0022: [\r\n",
        "            \u0022configurationStores\u0022\r\n",
        "          ],\r\n",
        "          \u0022requestMessage\u0022: \u0022Please approve my connection\u0022,\r\n",
        "          \u0022privateLinkServiceConnectionState\u0022: {\r\n",
        "            \u0022status\u0022: \u0022Approved\u0022,\r\n",
        "            \u0022description\u0022: \u0022Please approve my connection\u0022,\r\n",
        "            \u0022actionsRequired\u0022: \u0022None\u0022\r\n",
        "          }\r\n",
        "        },\r\n",
        "        \u0022type\u0022: \u0022Microsoft.Network/privateEndpoints/privateLinkServiceConnections\u0022\r\n",
        "      }\r\n",
        "    ],\r\n",
        "    \u0022manualPrivateLinkServiceConnections\u0022: [],\r\n",
        "    \u0022subnet\u0022: {\r\n",
        "      \u0022id\u0022: \u0022/subscriptions/db1ab6f0-4769-4b27-930e-01e2ef9c123c/resourceGroups/Default-AppConfiguration-6400/providers/Microsoft.Network/virtualNetworks/vnetname7417/subnets/subnetname5883\u0022\r\n",
        "    },\r\n",
        "    \u0022networkInterfaces\u0022: [\r\n",
        "      {\r\n",
        "        \u0022id\u0022: \u0022/subscriptions/db1ab6f0-4769-4b27-930e-01e2ef9c123c/resourceGroups/Default-AppConfiguration-6400/providers/Microsoft.Network/networkInterfaces/endpointxyz337.nic.cf7cd642-212e-4680-b729-653c8fcf7358\u0022\r\n",
        "      }\r\n",
        "    ],\r\n",
        "    \u0022customDnsConfigs\u0022: []\r\n",
        "  }\r\n",
        "}"
      ]
    },
    {
      "RequestUri": "https://management.azure.com/subscriptions/db1ab6f0-4769-4b27-930e-01e2ef9c123c/providers/Microsoft.Network/locations/eastus/operations/a775a006-7dbd-4c7c-83f3-357156bf90a9?api-version=2021-02-01",
      "RequestMethod": "GET",
      "RequestHeaders": {
        "Authorization": "Sanitized",
        "User-Agent": [
          "azsdk-net-ResourceManager/1.0.0-alpha.20211201.1",
          "(.NET Core 3.1.21; Microsoft Windows 10.0.19044)"
        ],
        "x-ms-client-request-id": "f38617f59799ed674692c5e03f717e54",
        "x-ms-return-client-request-id": "true"
      },
      "RequestBody": null,
      "StatusCode": 200,
      "ResponseHeaders": {
        "Cache-Control": "no-cache",
        "Content-Length": "30",
        "Content-Type": "application/json; charset=utf-8",
        "Date": "Wed, 01 Dec 2021 10:40:43 GMT",
        "Expires": "-1",
        "Pragma": "no-cache",
        "Retry-After": "10",
        "Server": [
          "Microsoft-HTTPAPI/2.0",
          "Microsoft-HTTPAPI/2.0"
        ],
        "Strict-Transport-Security": "max-age=31536000; includeSubDomains",
        "X-Content-Type-Options": "nosniff",
        "x-ms-arm-service-request-id": "37e6a5f7-2488-467b-b21e-92fa47924fd7",
        "x-ms-client-request-id": "f38617f59799ed674692c5e03f717e54",
        "x-ms-correlation-request-id": "5d917ae5-e17f-4ea2-99c0-d6f89d7446c9",
        "x-ms-ratelimit-remaining-subscription-reads": "11715",
        "x-ms-request-id": "ba83c09e-de47-4338-9c2c-d0f80e6c9423",
        "x-ms-routing-request-id": "JAPANEAST:20211201T104044Z:5d917ae5-e17f-4ea2-99c0-d6f89d7446c9"
      },
      "ResponseBody": [
        "{\r\n",
        "  \u0022status\u0022: \u0022InProgress\u0022\r\n",
        "}"
      ]
    },
    {
      "RequestUri": "https://management.azure.com/subscriptions/db1ab6f0-4769-4b27-930e-01e2ef9c123c/providers/Microsoft.Network/locations/eastus/operations/a775a006-7dbd-4c7c-83f3-357156bf90a9?api-version=2021-02-01",
      "RequestMethod": "GET",
      "RequestHeaders": {
        "Authorization": "Sanitized",
        "User-Agent": [
          "azsdk-net-ResourceManager/1.0.0-alpha.20211201.1",
          "(.NET Core 3.1.21; Microsoft Windows 10.0.19044)"
        ],
        "x-ms-client-request-id": "629f0ab4862861a8bf2563932797958d",
        "x-ms-return-client-request-id": "true"
      },
      "RequestBody": null,
      "StatusCode": 200,
      "ResponseHeaders": {
        "Cache-Control": "no-cache",
        "Content-Length": "30",
        "Content-Type": "application/json; charset=utf-8",
        "Date": "Wed, 01 Dec 2021 10:40:45 GMT",
        "Expires": "-1",
        "Pragma": "no-cache",
        "Retry-After": "20",
        "Server": [
          "Microsoft-HTTPAPI/2.0",
          "Microsoft-HTTPAPI/2.0"
        ],
        "Strict-Transport-Security": "max-age=31536000; includeSubDomains",
        "X-Content-Type-Options": "nosniff",
        "x-ms-arm-service-request-id": "590e54cf-c844-4229-9350-6c7862bc1e45",
        "x-ms-client-request-id": "629f0ab4862861a8bf2563932797958d",
        "x-ms-correlation-request-id": "ca21512d-ca0f-4053-992d-e896198a1445",
        "x-ms-ratelimit-remaining-subscription-reads": "11714",
        "x-ms-request-id": "aaa3fb6c-d4e0-41d3-8db3-430cae309e7a",
        "x-ms-routing-request-id": "JAPANEAST:20211201T104046Z:ca21512d-ca0f-4053-992d-e896198a1445"
      },
      "ResponseBody": [
        "{\r\n",
        "  \u0022status\u0022: \u0022InProgress\u0022\r\n",
        "}"
      ]
    },
    {
      "RequestUri": "https://management.azure.com/subscriptions/db1ab6f0-4769-4b27-930e-01e2ef9c123c/providers/Microsoft.Network/locations/eastus/operations/a775a006-7dbd-4c7c-83f3-357156bf90a9?api-version=2021-02-01",
      "RequestMethod": "GET",
      "RequestHeaders": {
        "Authorization": "Sanitized",
        "User-Agent": [
          "azsdk-net-ResourceManager/1.0.0-alpha.20211201.1",
          "(.NET Core 3.1.21; Microsoft Windows 10.0.19044)"
        ],
        "x-ms-client-request-id": "64a16d33e94142569e7f34a04d1b77d7",
        "x-ms-return-client-request-id": "true"
      },
      "RequestBody": null,
      "StatusCode": 200,
      "ResponseHeaders": {
        "Cache-Control": "no-cache",
        "Content-Length": "30",
        "Content-Type": "application/json; charset=utf-8",
        "Date": "Wed, 01 Dec 2021 10:40:46 GMT",
        "Expires": "-1",
        "Pragma": "no-cache",
        "Retry-After": "20",
        "Server": [
          "Microsoft-HTTPAPI/2.0",
          "Microsoft-HTTPAPI/2.0"
        ],
        "Strict-Transport-Security": "max-age=31536000; includeSubDomains",
        "X-Content-Type-Options": "nosniff",
        "x-ms-arm-service-request-id": "d09b5af8-8c05-496d-9404-b1bf1ea8e019",
        "x-ms-client-request-id": "64a16d33e94142569e7f34a04d1b77d7",
        "x-ms-correlation-request-id": "db8442a5-e4e6-401f-90f0-dc4bc3d726d1",
        "x-ms-ratelimit-remaining-subscription-reads": "11713",
        "x-ms-request-id": "988e28b0-4a96-4f1c-bcf8-f9ff9775ad95",
        "x-ms-routing-request-id": "JAPANEAST:20211201T104047Z:db8442a5-e4e6-401f-90f0-dc4bc3d726d1"
      },
      "ResponseBody": [
        "{\r\n",
        "  \u0022status\u0022: \u0022InProgress\u0022\r\n",
        "}"
      ]
    },
    {
      "RequestUri": "https://management.azure.com/subscriptions/db1ab6f0-4769-4b27-930e-01e2ef9c123c/providers/Microsoft.Network/locations/eastus/operations/a775a006-7dbd-4c7c-83f3-357156bf90a9?api-version=2021-02-01",
      "RequestMethod": "GET",
      "RequestHeaders": {
        "Authorization": "Sanitized",
        "User-Agent": [
          "azsdk-net-ResourceManager/1.0.0-alpha.20211201.1",
          "(.NET Core 3.1.21; Microsoft Windows 10.0.19044)"
        ],
        "x-ms-client-request-id": "10c50b0e45546ef86e25337333d3c5af",
        "x-ms-return-client-request-id": "true"
      },
      "RequestBody": null,
      "StatusCode": 200,
      "ResponseHeaders": {
        "Cache-Control": "no-cache",
        "Content-Length": "30",
        "Content-Type": "application/json; charset=utf-8",
        "Date": "Wed, 01 Dec 2021 10:40:47 GMT",
        "Expires": "-1",
        "Pragma": "no-cache",
        "Retry-After": "40",
        "Server": [
          "Microsoft-HTTPAPI/2.0",
          "Microsoft-HTTPAPI/2.0"
        ],
        "Strict-Transport-Security": "max-age=31536000; includeSubDomains",
        "X-Content-Type-Options": "nosniff",
        "x-ms-arm-service-request-id": "478773a6-d861-4209-9f56-0864fe5c306a",
        "x-ms-client-request-id": "10c50b0e45546ef86e25337333d3c5af",
        "x-ms-correlation-request-id": "f51791a6-8b17-4ec3-b040-0826612defbe",
        "x-ms-ratelimit-remaining-subscription-reads": "11712",
        "x-ms-request-id": "e90a12f1-58da-4fa8-80d9-ea62ed3e78c9",
        "x-ms-routing-request-id": "JAPANEAST:20211201T104048Z:f51791a6-8b17-4ec3-b040-0826612defbe"
      },
      "ResponseBody": [
        "{\r\n",
        "  \u0022status\u0022: \u0022InProgress\u0022\r\n",
        "}"
      ]
    },
    {
      "RequestUri": "https://management.azure.com/subscriptions/db1ab6f0-4769-4b27-930e-01e2ef9c123c/providers/Microsoft.Network/locations/eastus/operations/a775a006-7dbd-4c7c-83f3-357156bf90a9?api-version=2021-02-01",
      "RequestMethod": "GET",
      "RequestHeaders": {
        "Authorization": "Sanitized",
        "User-Agent": [
          "azsdk-net-ResourceManager/1.0.0-alpha.20211201.1",
          "(.NET Core 3.1.21; Microsoft Windows 10.0.19044)"
        ],
        "x-ms-client-request-id": "d2ad38fd1ad0cb12b45cc3a8520814a4",
        "x-ms-return-client-request-id": "true"
      },
      "RequestBody": null,
      "StatusCode": 200,
      "ResponseHeaders": {
        "Cache-Control": "no-cache",
        "Content-Length": "30",
        "Content-Type": "application/json; charset=utf-8",
        "Date": "Wed, 01 Dec 2021 10:40:49 GMT",
        "Expires": "-1",
        "Pragma": "no-cache",
        "Retry-After": "40",
        "Server": [
          "Microsoft-HTTPAPI/2.0",
          "Microsoft-HTTPAPI/2.0"
        ],
        "Strict-Transport-Security": "max-age=31536000; includeSubDomains",
        "X-Content-Type-Options": "nosniff",
        "x-ms-arm-service-request-id": "b94cde00-b05b-475a-a283-ba953be2d980",
        "x-ms-client-request-id": "d2ad38fd1ad0cb12b45cc3a8520814a4",
        "x-ms-correlation-request-id": "3024e2c4-d4b9-4363-9687-033d6a2d6dec",
        "x-ms-ratelimit-remaining-subscription-reads": "11711",
        "x-ms-request-id": "61944306-03ac-4478-921d-e7abff5960db",
        "x-ms-routing-request-id": "JAPANEAST:20211201T104049Z:3024e2c4-d4b9-4363-9687-033d6a2d6dec"
      },
      "ResponseBody": [
        "{\r\n",
        "  \u0022status\u0022: \u0022InProgress\u0022\r\n",
        "}"
      ]
    },
    {
      "RequestUri": "https://management.azure.com/subscriptions/db1ab6f0-4769-4b27-930e-01e2ef9c123c/providers/Microsoft.Network/locations/eastus/operations/a775a006-7dbd-4c7c-83f3-357156bf90a9?api-version=2021-02-01",
      "RequestMethod": "GET",
      "RequestHeaders": {
        "Authorization": "Sanitized",
        "User-Agent": [
          "azsdk-net-ResourceManager/1.0.0-alpha.20211201.1",
          "(.NET Core 3.1.21; Microsoft Windows 10.0.19044)"
        ],
        "x-ms-client-request-id": "1c858bae84d1ed397532f51cb5e20eca",
        "x-ms-return-client-request-id": "true"
      },
      "RequestBody": null,
      "StatusCode": 200,
      "ResponseHeaders": {
        "Cache-Control": "no-cache",
        "Content-Length": "30",
        "Content-Type": "application/json; charset=utf-8",
        "Date": "Wed, 01 Dec 2021 10:40:50 GMT",
        "Expires": "-1",
        "Pragma": "no-cache",
        "Retry-After": "80",
        "Server": [
          "Microsoft-HTTPAPI/2.0",
          "Microsoft-HTTPAPI/2.0"
        ],
        "Strict-Transport-Security": "max-age=31536000; includeSubDomains",
        "X-Content-Type-Options": "nosniff",
        "x-ms-arm-service-request-id": "f3aa92bc-c973-4d37-a7b1-bc24450ac7de",
        "x-ms-client-request-id": "1c858bae84d1ed397532f51cb5e20eca",
        "x-ms-correlation-request-id": "be583ebf-bfd6-4060-8ed0-d599463cedc4",
        "x-ms-ratelimit-remaining-subscription-reads": "11710",
        "x-ms-request-id": "a6cc00c4-3e75-4135-9255-d48f70a458d6",
        "x-ms-routing-request-id": "JAPANEAST:20211201T104051Z:be583ebf-bfd6-4060-8ed0-d599463cedc4"
      },
      "ResponseBody": [
        "{\r\n",
        "  \u0022status\u0022: \u0022InProgress\u0022\r\n",
        "}"
      ]
    },
    {
      "RequestUri": "https://management.azure.com/subscriptions/db1ab6f0-4769-4b27-930e-01e2ef9c123c/providers/Microsoft.Network/locations/eastus/operations/a775a006-7dbd-4c7c-83f3-357156bf90a9?api-version=2021-02-01",
      "RequestMethod": "GET",
      "RequestHeaders": {
        "Authorization": "Sanitized",
        "User-Agent": [
          "azsdk-net-ResourceManager/1.0.0-alpha.20211201.1",
          "(.NET Core 3.1.21; Microsoft Windows 10.0.19044)"
        ],
        "x-ms-client-request-id": "15a284baa56df306f9f95bf7814f1c65",
        "x-ms-return-client-request-id": "true"
      },
      "RequestBody": null,
      "StatusCode": 200,
      "ResponseHeaders": {
        "Cache-Control": "no-cache",
        "Content-Length": "30",
        "Content-Type": "application/json; charset=utf-8",
        "Date": "Wed, 01 Dec 2021 10:40:51 GMT",
        "Expires": "-1",
        "Pragma": "no-cache",
        "Retry-After": "80",
        "Server": [
          "Microsoft-HTTPAPI/2.0",
          "Microsoft-HTTPAPI/2.0"
        ],
        "Strict-Transport-Security": "max-age=31536000; includeSubDomains",
        "X-Content-Type-Options": "nosniff",
        "x-ms-arm-service-request-id": "6f66a95d-5ac7-40e7-991a-67e7bbfa948f",
        "x-ms-client-request-id": "15a284baa56df306f9f95bf7814f1c65",
        "x-ms-correlation-request-id": "7262af62-c739-4da6-bda5-48f5ad10b1ec",
        "x-ms-ratelimit-remaining-subscription-reads": "11709",
        "x-ms-request-id": "91e21955-2f60-4383-a4ba-8b4df1dd3b33",
        "x-ms-routing-request-id": "JAPANEAST:20211201T104052Z:7262af62-c739-4da6-bda5-48f5ad10b1ec"
      },
      "ResponseBody": [
        "{\r\n",
        "  \u0022status\u0022: \u0022InProgress\u0022\r\n",
        "}"
      ]
    },
    {
      "RequestUri": "https://management.azure.com/subscriptions/db1ab6f0-4769-4b27-930e-01e2ef9c123c/providers/Microsoft.Network/locations/eastus/operations/a775a006-7dbd-4c7c-83f3-357156bf90a9?api-version=2021-02-01",
      "RequestMethod": "GET",
      "RequestHeaders": {
        "Authorization": "Sanitized",
        "User-Agent": [
          "azsdk-net-ResourceManager/1.0.0-alpha.20211201.1",
          "(.NET Core 3.1.21; Microsoft Windows 10.0.19044)"
        ],
        "x-ms-client-request-id": "a8c58f11a94e78ddfebf5d9e24f515d1",
        "x-ms-return-client-request-id": "true"
      },
      "RequestBody": null,
      "StatusCode": 200,
      "ResponseHeaders": {
        "Cache-Control": "no-cache",
        "Content-Length": "30",
        "Content-Type": "application/json; charset=utf-8",
        "Date": "Wed, 01 Dec 2021 10:40:52 GMT",
        "Expires": "-1",
        "Pragma": "no-cache",
        "Retry-After": "160",
        "Server": [
          "Microsoft-HTTPAPI/2.0",
          "Microsoft-HTTPAPI/2.0"
        ],
        "Strict-Transport-Security": "max-age=31536000; includeSubDomains",
        "X-Content-Type-Options": "nosniff",
        "x-ms-arm-service-request-id": "f5a555d3-738a-48e9-8691-d78597424f70",
        "x-ms-client-request-id": "a8c58f11a94e78ddfebf5d9e24f515d1",
        "x-ms-correlation-request-id": "d668196e-4875-4de9-8a6b-ff50afa10e50",
        "x-ms-ratelimit-remaining-subscription-reads": "11708",
        "x-ms-request-id": "a7879dca-948f-4a20-815d-6815520b0b3d",
        "x-ms-routing-request-id": "JAPANEAST:20211201T104053Z:d668196e-4875-4de9-8a6b-ff50afa10e50"
      },
      "ResponseBody": [
        "{\r\n",
        "  \u0022status\u0022: \u0022InProgress\u0022\r\n",
        "}"
      ]
    },
    {
      "RequestUri": "https://management.azure.com/subscriptions/db1ab6f0-4769-4b27-930e-01e2ef9c123c/providers/Microsoft.Network/locations/eastus/operations/a775a006-7dbd-4c7c-83f3-357156bf90a9?api-version=2021-02-01",
      "RequestMethod": "GET",
      "RequestHeaders": {
        "Authorization": "Sanitized",
        "User-Agent": [
          "azsdk-net-ResourceManager/1.0.0-alpha.20211201.1",
          "(.NET Core 3.1.21; Microsoft Windows 10.0.19044)"
        ],
        "x-ms-client-request-id": "cdeef84dfe660936849123d828426c25",
        "x-ms-return-client-request-id": "true"
      },
      "RequestBody": null,
      "StatusCode": 200,
      "ResponseHeaders": {
        "Cache-Control": "no-cache",
        "Content-Length": "30",
        "Content-Type": "application/json; charset=utf-8",
        "Date": "Wed, 01 Dec 2021 10:40:54 GMT",
        "Expires": "-1",
        "Pragma": "no-cache",
        "Retry-After": "160",
        "Server": [
          "Microsoft-HTTPAPI/2.0",
          "Microsoft-HTTPAPI/2.0"
        ],
        "Strict-Transport-Security": "max-age=31536000; includeSubDomains",
        "X-Content-Type-Options": "nosniff",
        "x-ms-arm-service-request-id": "c99878e3-1693-43ee-8fe4-11493ca5ec92",
        "x-ms-client-request-id": "cdeef84dfe660936849123d828426c25",
        "x-ms-correlation-request-id": "3105bac1-518c-4489-a014-baad1c50922f",
        "x-ms-ratelimit-remaining-subscription-reads": "11707",
        "x-ms-request-id": "c3b116b0-6c38-4053-ac90-72735f9d5047",
        "x-ms-routing-request-id": "JAPANEAST:20211201T104055Z:3105bac1-518c-4489-a014-baad1c50922f"
      },
      "ResponseBody": [
        "{\r\n",
        "  \u0022status\u0022: \u0022InProgress\u0022\r\n",
        "}"
      ]
    },
    {
      "RequestUri": "https://management.azure.com/subscriptions/db1ab6f0-4769-4b27-930e-01e2ef9c123c/providers/Microsoft.Network/locations/eastus/operations/a775a006-7dbd-4c7c-83f3-357156bf90a9?api-version=2021-02-01",
      "RequestMethod": "GET",
      "RequestHeaders": {
        "Authorization": "Sanitized",
        "User-Agent": [
          "azsdk-net-ResourceManager/1.0.0-alpha.20211201.1",
          "(.NET Core 3.1.21; Microsoft Windows 10.0.19044)"
        ],
        "x-ms-client-request-id": "260b8f15661d107ca72916ae4768ce03",
        "x-ms-return-client-request-id": "true"
      },
      "RequestBody": null,
      "StatusCode": 200,
      "ResponseHeaders": {
        "Cache-Control": "no-cache",
        "Content-Length": "30",
        "Content-Type": "application/json; charset=utf-8",
        "Date": "Wed, 01 Dec 2021 10:40:55 GMT",
        "Expires": "-1",
        "Pragma": "no-cache",
        "Retry-After": "100",
        "Server": [
          "Microsoft-HTTPAPI/2.0",
          "Microsoft-HTTPAPI/2.0"
        ],
        "Strict-Transport-Security": "max-age=31536000; includeSubDomains",
        "X-Content-Type-Options": "nosniff",
        "x-ms-arm-service-request-id": "de86e7b2-f3a8-4ad2-ba9c-0aa1af3467fd",
        "x-ms-client-request-id": "260b8f15661d107ca72916ae4768ce03",
        "x-ms-correlation-request-id": "538d97b7-2b56-4a93-9027-23983a355751",
        "x-ms-ratelimit-remaining-subscription-reads": "11706",
        "x-ms-request-id": "8f704e67-ec85-4066-b44f-28473417707a",
        "x-ms-routing-request-id": "JAPANEAST:20211201T104056Z:538d97b7-2b56-4a93-9027-23983a355751"
      },
      "ResponseBody": [
        "{\r\n",
        "  \u0022status\u0022: \u0022InProgress\u0022\r\n",
        "}"
      ]
    },
    {
      "RequestUri": "https://management.azure.com/subscriptions/db1ab6f0-4769-4b27-930e-01e2ef9c123c/providers/Microsoft.Network/locations/eastus/operations/a775a006-7dbd-4c7c-83f3-357156bf90a9?api-version=2021-02-01",
      "RequestMethod": "GET",
      "RequestHeaders": {
        "Authorization": "Sanitized",
        "User-Agent": [
          "azsdk-net-ResourceManager/1.0.0-alpha.20211201.1",
          "(.NET Core 3.1.21; Microsoft Windows 10.0.19044)"
        ],
        "x-ms-client-request-id": "89aa8ae44f6012ff58bb23bd860550bc",
        "x-ms-return-client-request-id": "true"
      },
      "RequestBody": null,
      "StatusCode": 200,
      "ResponseHeaders": {
        "Cache-Control": "no-cache",
        "Content-Length": "30",
        "Content-Type": "application/json; charset=utf-8",
        "Date": "Wed, 01 Dec 2021 10:40:56 GMT",
        "Expires": "-1",
        "Pragma": "no-cache",
        "Retry-After": "100",
        "Server": [
          "Microsoft-HTTPAPI/2.0",
          "Microsoft-HTTPAPI/2.0"
        ],
        "Strict-Transport-Security": "max-age=31536000; includeSubDomains",
        "X-Content-Type-Options": "nosniff",
        "x-ms-arm-service-request-id": "eeaf81b8-627f-4b64-8965-d60ae119ae0d",
        "x-ms-client-request-id": "89aa8ae44f6012ff58bb23bd860550bc",
        "x-ms-correlation-request-id": "ac48d7b2-2b6a-454c-81bc-4c90b1ea7eef",
        "x-ms-ratelimit-remaining-subscription-reads": "11705",
        "x-ms-request-id": "711b5a24-aa6a-4427-a033-0aa73f20b559",
        "x-ms-routing-request-id": "JAPANEAST:20211201T104057Z:ac48d7b2-2b6a-454c-81bc-4c90b1ea7eef"
      },
      "ResponseBody": [
        "{\r\n",
        "  \u0022status\u0022: \u0022InProgress\u0022\r\n",
        "}"
      ]
    },
    {
      "RequestUri": "https://management.azure.com/subscriptions/db1ab6f0-4769-4b27-930e-01e2ef9c123c/providers/Microsoft.Network/locations/eastus/operations/a775a006-7dbd-4c7c-83f3-357156bf90a9?api-version=2021-02-01",
      "RequestMethod": "GET",
      "RequestHeaders": {
        "Authorization": "Sanitized",
        "User-Agent": [
          "azsdk-net-ResourceManager/1.0.0-alpha.20211201.1",
          "(.NET Core 3.1.21; Microsoft Windows 10.0.19044)"
        ],
        "x-ms-client-request-id": "95893753efeae6b37cde253ce887c11c",
        "x-ms-return-client-request-id": "true"
      },
      "RequestBody": null,
      "StatusCode": 200,
      "ResponseHeaders": {
        "Cache-Control": "no-cache",
        "Content-Length": "30",
        "Content-Type": "application/json; charset=utf-8",
        "Date": "Wed, 01 Dec 2021 10:40:58 GMT",
        "Expires": "-1",
        "Pragma": "no-cache",
        "Retry-After": "100",
        "Server": [
          "Microsoft-HTTPAPI/2.0",
          "Microsoft-HTTPAPI/2.0"
        ],
        "Strict-Transport-Security": "max-age=31536000; includeSubDomains",
        "X-Content-Type-Options": "nosniff",
        "x-ms-arm-service-request-id": "b846631d-1975-4626-bdcb-87e936be76ee",
        "x-ms-client-request-id": "95893753efeae6b37cde253ce887c11c",
        "x-ms-correlation-request-id": "63e0c8cd-bc6f-436b-bed3-59220d50bbdf",
        "x-ms-ratelimit-remaining-subscription-reads": "11704",
        "x-ms-request-id": "4c11a71c-cca1-4ade-969e-d463635a7e05",
        "x-ms-routing-request-id": "JAPANEAST:20211201T104058Z:63e0c8cd-bc6f-436b-bed3-59220d50bbdf"
      },
      "ResponseBody": [
        "{\r\n",
        "  \u0022status\u0022: \u0022InProgress\u0022\r\n",
        "}"
      ]
    },
    {
      "RequestUri": "https://management.azure.com/subscriptions/db1ab6f0-4769-4b27-930e-01e2ef9c123c/providers/Microsoft.Network/locations/eastus/operations/a775a006-7dbd-4c7c-83f3-357156bf90a9?api-version=2021-02-01",
      "RequestMethod": "GET",
      "RequestHeaders": {
        "Authorization": "Sanitized",
        "User-Agent": [
          "azsdk-net-ResourceManager/1.0.0-alpha.20211201.1",
          "(.NET Core 3.1.21; Microsoft Windows 10.0.19044)"
        ],
        "x-ms-client-request-id": "9ef41fc2e298c6c58ff9cd6143be89a2",
        "x-ms-return-client-request-id": "true"
      },
      "RequestBody": null,
      "StatusCode": 200,
      "ResponseHeaders": {
        "Cache-Control": "no-cache",
        "Content-Length": "30",
        "Content-Type": "application/json; charset=utf-8",
        "Date": "Wed, 01 Dec 2021 10:40:59 GMT",
        "Expires": "-1",
        "Pragma": "no-cache",
        "Retry-After": "100",
        "Server": [
          "Microsoft-HTTPAPI/2.0",
          "Microsoft-HTTPAPI/2.0"
        ],
        "Strict-Transport-Security": "max-age=31536000; includeSubDomains",
        "X-Content-Type-Options": "nosniff",
        "x-ms-arm-service-request-id": "a2e6d47d-b734-46c9-8f4b-42b5ff5b2dcf",
        "x-ms-client-request-id": "9ef41fc2e298c6c58ff9cd6143be89a2",
        "x-ms-correlation-request-id": "144ab849-cce9-4805-a4af-7db91fb5266a",
        "x-ms-ratelimit-remaining-subscription-reads": "11703",
        "x-ms-request-id": "ceccb2f2-8576-43e1-8a8f-6f0bae7a708f",
        "x-ms-routing-request-id": "JAPANEAST:20211201T104100Z:144ab849-cce9-4805-a4af-7db91fb5266a"
      },
      "ResponseBody": [
        "{\r\n",
        "  \u0022status\u0022: \u0022InProgress\u0022\r\n",
        "}"
      ]
    },
    {
      "RequestUri": "https://management.azure.com/subscriptions/db1ab6f0-4769-4b27-930e-01e2ef9c123c/providers/Microsoft.Network/locations/eastus/operations/a775a006-7dbd-4c7c-83f3-357156bf90a9?api-version=2021-02-01",
      "RequestMethod": "GET",
      "RequestHeaders": {
        "Authorization": "Sanitized",
        "User-Agent": [
          "azsdk-net-ResourceManager/1.0.0-alpha.20211201.1",
          "(.NET Core 3.1.21; Microsoft Windows 10.0.19044)"
        ],
        "x-ms-client-request-id": "105b5ad939dff419d6c30c8229c32ad0",
        "x-ms-return-client-request-id": "true"
      },
      "RequestBody": null,
      "StatusCode": 200,
      "ResponseHeaders": {
        "Cache-Control": "no-cache",
        "Content-Length": "30",
        "Content-Type": "application/json; charset=utf-8",
        "Date": "Wed, 01 Dec 2021 10:41:00 GMT",
        "Expires": "-1",
        "Pragma": "no-cache",
        "Retry-After": "100",
        "Server": [
          "Microsoft-HTTPAPI/2.0",
          "Microsoft-HTTPAPI/2.0"
        ],
        "Strict-Transport-Security": "max-age=31536000; includeSubDomains",
        "X-Content-Type-Options": "nosniff",
        "x-ms-arm-service-request-id": "eee65f62-67af-4f67-a728-db1ec69cd74f",
        "x-ms-client-request-id": "105b5ad939dff419d6c30c8229c32ad0",
        "x-ms-correlation-request-id": "fc238b17-cdf5-48ca-80ce-1cc8be52a156",
        "x-ms-ratelimit-remaining-subscription-reads": "11702",
        "x-ms-request-id": "1a327b38-55ef-48c2-b02f-56179992d16f",
        "x-ms-routing-request-id": "JAPANEAST:20211201T104101Z:fc238b17-cdf5-48ca-80ce-1cc8be52a156"
      },
      "ResponseBody": [
        "{\r\n",
        "  \u0022status\u0022: \u0022InProgress\u0022\r\n",
        "}"
      ]
    },
    {
      "RequestUri": "https://management.azure.com/subscriptions/db1ab6f0-4769-4b27-930e-01e2ef9c123c/providers/Microsoft.Network/locations/eastus/operations/a775a006-7dbd-4c7c-83f3-357156bf90a9?api-version=2021-02-01",
      "RequestMethod": "GET",
      "RequestHeaders": {
        "Authorization": "Sanitized",
        "User-Agent": [
          "azsdk-net-ResourceManager/1.0.0-alpha.20211201.1",
          "(.NET Core 3.1.21; Microsoft Windows 10.0.19044)"
        ],
        "x-ms-client-request-id": "67fb06fab111702372c305f02251a3bd",
        "x-ms-return-client-request-id": "true"
      },
      "RequestBody": null,
      "StatusCode": 200,
      "ResponseHeaders": {
        "Cache-Control": "no-cache",
        "Content-Length": "30",
        "Content-Type": "application/json; charset=utf-8",
        "Date": "Wed, 01 Dec 2021 10:41:01 GMT",
        "Expires": "-1",
        "Pragma": "no-cache",
        "Retry-After": "100",
        "Server": [
          "Microsoft-HTTPAPI/2.0",
          "Microsoft-HTTPAPI/2.0"
        ],
        "Strict-Transport-Security": "max-age=31536000; includeSubDomains",
        "X-Content-Type-Options": "nosniff",
        "x-ms-arm-service-request-id": "8d7ec44b-bfd4-4e53-947c-72dbdaf194b0",
        "x-ms-client-request-id": "67fb06fab111702372c305f02251a3bd",
        "x-ms-correlation-request-id": "cbfe2572-a21e-44b1-8423-3ef71ea89e26",
        "x-ms-ratelimit-remaining-subscription-reads": "11701",
        "x-ms-request-id": "92f0a189-60fa-42f3-8d45-d82c546965e0",
        "x-ms-routing-request-id": "JAPANEAST:20211201T104102Z:cbfe2572-a21e-44b1-8423-3ef71ea89e26"
      },
      "ResponseBody": [
        "{\r\n",
        "  \u0022status\u0022: \u0022InProgress\u0022\r\n",
        "}"
      ]
    },
    {
      "RequestUri": "https://management.azure.com/subscriptions/db1ab6f0-4769-4b27-930e-01e2ef9c123c/providers/Microsoft.Network/locations/eastus/operations/a775a006-7dbd-4c7c-83f3-357156bf90a9?api-version=2021-02-01",
      "RequestMethod": "GET",
      "RequestHeaders": {
        "Authorization": "Sanitized",
        "User-Agent": [
          "azsdk-net-ResourceManager/1.0.0-alpha.20211201.1",
          "(.NET Core 3.1.21; Microsoft Windows 10.0.19044)"
        ],
        "x-ms-client-request-id": "8d628354b02c883d06ffc7d4d6429ccc",
        "x-ms-return-client-request-id": "true"
      },
      "RequestBody": null,
      "StatusCode": 200,
      "ResponseHeaders": {
        "Cache-Control": "no-cache",
        "Content-Length": "30",
        "Content-Type": "application/json; charset=utf-8",
        "Date": "Wed, 01 Dec 2021 10:41:03 GMT",
        "Expires": "-1",
        "Pragma": "no-cache",
        "Retry-After": "100",
        "Server": [
          "Microsoft-HTTPAPI/2.0",
          "Microsoft-HTTPAPI/2.0"
        ],
        "Strict-Transport-Security": "max-age=31536000; includeSubDomains",
        "X-Content-Type-Options": "nosniff",
        "x-ms-arm-service-request-id": "9b3f5397-379b-40db-b097-6396e6289e4a",
        "x-ms-client-request-id": "8d628354b02c883d06ffc7d4d6429ccc",
        "x-ms-correlation-request-id": "da50aa4d-4b1d-4dfe-8938-42acf3090306",
        "x-ms-ratelimit-remaining-subscription-reads": "11700",
        "x-ms-request-id": "3b4c444a-6368-452b-b3db-4b3b578dccc3",
        "x-ms-routing-request-id": "JAPANEAST:20211201T104104Z:da50aa4d-4b1d-4dfe-8938-42acf3090306"
      },
      "ResponseBody": [
        "{\r\n",
        "  \u0022status\u0022: \u0022InProgress\u0022\r\n",
        "}"
      ]
    },
    {
      "RequestUri": "https://management.azure.com/subscriptions/db1ab6f0-4769-4b27-930e-01e2ef9c123c/providers/Microsoft.Network/locations/eastus/operations/a775a006-7dbd-4c7c-83f3-357156bf90a9?api-version=2021-02-01",
      "RequestMethod": "GET",
      "RequestHeaders": {
        "Authorization": "Sanitized",
        "User-Agent": [
          "azsdk-net-ResourceManager/1.0.0-alpha.20211201.1",
          "(.NET Core 3.1.21; Microsoft Windows 10.0.19044)"
        ],
        "x-ms-client-request-id": "3d67fcce22c3279136eb9e1b3428d284",
        "x-ms-return-client-request-id": "true"
      },
      "RequestBody": null,
      "StatusCode": 200,
      "ResponseHeaders": {
        "Cache-Control": "no-cache",
        "Content-Length": "30",
        "Content-Type": "application/json; charset=utf-8",
        "Date": "Wed, 01 Dec 2021 10:41:04 GMT",
        "Expires": "-1",
        "Pragma": "no-cache",
        "Retry-After": "100",
        "Server": [
          "Microsoft-HTTPAPI/2.0",
          "Microsoft-HTTPAPI/2.0"
        ],
        "Strict-Transport-Security": "max-age=31536000; includeSubDomains",
        "X-Content-Type-Options": "nosniff",
        "x-ms-arm-service-request-id": "844b7cc1-8437-4f8e-86d1-853114b2b454",
        "x-ms-client-request-id": "3d67fcce22c3279136eb9e1b3428d284",
        "x-ms-correlation-request-id": "1cd71100-2a0a-4522-9b30-cadeeef08dc2",
        "x-ms-ratelimit-remaining-subscription-reads": "11699",
        "x-ms-request-id": "01c53032-23ab-4bda-ada2-11c08189ea73",
        "x-ms-routing-request-id": "JAPANEAST:20211201T104105Z:1cd71100-2a0a-4522-9b30-cadeeef08dc2"
      },
      "ResponseBody": [
        "{\r\n",
        "  \u0022status\u0022: \u0022InProgress\u0022\r\n",
        "}"
      ]
    },
    {
      "RequestUri": "https://management.azure.com/subscriptions/db1ab6f0-4769-4b27-930e-01e2ef9c123c/providers/Microsoft.Network/locations/eastus/operations/a775a006-7dbd-4c7c-83f3-357156bf90a9?api-version=2021-02-01",
      "RequestMethod": "GET",
      "RequestHeaders": {
        "Authorization": "Sanitized",
        "User-Agent": [
          "azsdk-net-ResourceManager/1.0.0-alpha.20211201.1",
          "(.NET Core 3.1.21; Microsoft Windows 10.0.19044)"
        ],
        "x-ms-client-request-id": "a52d4e209d6049a4c8726011ea4f9a2f",
        "x-ms-return-client-request-id": "true"
      },
      "RequestBody": null,
      "StatusCode": 200,
      "ResponseHeaders": {
        "Cache-Control": "no-cache",
        "Content-Length": "30",
        "Content-Type": "application/json; charset=utf-8",
        "Date": "Wed, 01 Dec 2021 10:41:05 GMT",
        "Expires": "-1",
        "Pragma": "no-cache",
        "Retry-After": "100",
        "Server": [
          "Microsoft-HTTPAPI/2.0",
          "Microsoft-HTTPAPI/2.0"
        ],
        "Strict-Transport-Security": "max-age=31536000; includeSubDomains",
        "X-Content-Type-Options": "nosniff",
        "x-ms-arm-service-request-id": "fd500e28-db3e-42a1-ae0f-6b97e8113ef5",
        "x-ms-client-request-id": "a52d4e209d6049a4c8726011ea4f9a2f",
        "x-ms-correlation-request-id": "be14e49c-1f88-453e-9151-a1911b04e177",
        "x-ms-ratelimit-remaining-subscription-reads": "11698",
        "x-ms-request-id": "e2de32df-94e6-42ee-a739-5b6055ef2253",
        "x-ms-routing-request-id": "JAPANEAST:20211201T104106Z:be14e49c-1f88-453e-9151-a1911b04e177"
      },
      "ResponseBody": [
        "{\r\n",
        "  \u0022status\u0022: \u0022InProgress\u0022\r\n",
        "}"
      ]
    },
    {
      "RequestUri": "https://management.azure.com/subscriptions/db1ab6f0-4769-4b27-930e-01e2ef9c123c/providers/Microsoft.Network/locations/eastus/operations/a775a006-7dbd-4c7c-83f3-357156bf90a9?api-version=2021-02-01",
      "RequestMethod": "GET",
      "RequestHeaders": {
        "Authorization": "Sanitized",
        "User-Agent": [
          "azsdk-net-ResourceManager/1.0.0-alpha.20211201.1",
          "(.NET Core 3.1.21; Microsoft Windows 10.0.19044)"
        ],
        "x-ms-client-request-id": "2521382666ea31faf23b5641122153dd",
        "x-ms-return-client-request-id": "true"
      },
      "RequestBody": null,
      "StatusCode": 200,
      "ResponseHeaders": {
        "Cache-Control": "no-cache",
        "Content-Length": "30",
        "Content-Type": "application/json; charset=utf-8",
        "Date": "Wed, 01 Dec 2021 10:41:06 GMT",
        "Expires": "-1",
        "Pragma": "no-cache",
        "Retry-After": "100",
        "Server": [
          "Microsoft-HTTPAPI/2.0",
          "Microsoft-HTTPAPI/2.0"
        ],
        "Strict-Transport-Security": "max-age=31536000; includeSubDomains",
        "X-Content-Type-Options": "nosniff",
        "x-ms-arm-service-request-id": "fdabc3ff-95d6-41f1-999a-ad225e200bbd",
        "x-ms-client-request-id": "2521382666ea31faf23b5641122153dd",
        "x-ms-correlation-request-id": "6c835209-fe22-42a3-a3fe-86584e51b6b5",
        "x-ms-ratelimit-remaining-subscription-reads": "11697",
        "x-ms-request-id": "c92de439-47d7-478e-bbcc-834cd454c017",
        "x-ms-routing-request-id": "JAPANEAST:20211201T104107Z:6c835209-fe22-42a3-a3fe-86584e51b6b5"
      },
      "ResponseBody": [
        "{\r\n",
        "  \u0022status\u0022: \u0022InProgress\u0022\r\n",
        "}"
      ]
    },
    {
      "RequestUri": "https://management.azure.com/subscriptions/db1ab6f0-4769-4b27-930e-01e2ef9c123c/providers/Microsoft.Network/locations/eastus/operations/a775a006-7dbd-4c7c-83f3-357156bf90a9?api-version=2021-02-01",
      "RequestMethod": "GET",
      "RequestHeaders": {
        "Authorization": "Sanitized",
        "User-Agent": [
          "azsdk-net-ResourceManager/1.0.0-alpha.20211201.1",
          "(.NET Core 3.1.21; Microsoft Windows 10.0.19044)"
        ],
        "x-ms-client-request-id": "87b4422cf614316b571d7450c17f3de7",
        "x-ms-return-client-request-id": "true"
      },
      "RequestBody": null,
      "StatusCode": 200,
      "ResponseHeaders": {
        "Cache-Control": "no-cache",
        "Content-Length": "29",
        "Content-Type": "application/json; charset=utf-8",
        "Date": "Wed, 01 Dec 2021 10:41:09 GMT",
        "Expires": "-1",
        "Pragma": "no-cache",
        "Server": [
          "Microsoft-HTTPAPI/2.0",
          "Microsoft-HTTPAPI/2.0"
        ],
        "Strict-Transport-Security": "max-age=31536000; includeSubDomains",
        "X-Content-Type-Options": "nosniff",
        "x-ms-arm-service-request-id": "82a42686-b193-433b-9532-667c24a7a87a",
        "x-ms-client-request-id": "87b4422cf614316b571d7450c17f3de7",
        "x-ms-correlation-request-id": "90163a5c-090f-40b9-acb7-6797a90259f3",
        "x-ms-ratelimit-remaining-subscription-reads": "11696",
        "x-ms-request-id": "e3309065-86dd-4e03-95fe-f606ea8c97f5",
        "x-ms-routing-request-id": "JAPANEAST:20211201T104109Z:90163a5c-090f-40b9-acb7-6797a90259f3"
      },
      "ResponseBody": [
        "{\r\n",
        "  \u0022status\u0022: \u0022Succeeded\u0022\r\n",
        "}"
      ]
    },
    {
      "RequestUri": "https://management.azure.com/subscriptions/db1ab6f0-4769-4b27-930e-01e2ef9c123c/resourceGroups/Default-AppConfiguration-6400/providers/Microsoft.Network/privateEndpoints/endpointxyz337?api-version=2021-02-01",
      "RequestMethod": "GET",
      "RequestHeaders": {
        "Authorization": "Sanitized",
        "User-Agent": [
          "azsdk-net-ResourceManager/1.0.0-alpha.20211201.1",
          "(.NET Core 3.1.21; Microsoft Windows 10.0.19044)"
        ],
        "x-ms-client-request-id": "fbf56e50ac06ba9a53fcb325466236a6",
        "x-ms-return-client-request-id": "true"
      },
      "RequestBody": null,
      "StatusCode": 200,
      "ResponseHeaders": {
        "Cache-Control": "no-cache",
        "Content-Length": "2216",
        "Content-Type": "application/json; charset=utf-8",
        "Date": "Wed, 01 Dec 2021 10:41:09 GMT",
        "ETag": "W/\u0022ee7a92ea-e069-490d-b8aa-d9f434c55fb4\u0022",
        "Expires": "-1",
        "Pragma": "no-cache",
        "Server": [
          "Microsoft-HTTPAPI/2.0",
          "Microsoft-HTTPAPI/2.0"
        ],
        "Strict-Transport-Security": "max-age=31536000; includeSubDomains",
        "X-Content-Type-Options": "nosniff",
        "x-ms-arm-service-request-id": "f1a04549-0ffa-4f03-8834-adfd1e1f822d",
        "x-ms-client-request-id": "fbf56e50ac06ba9a53fcb325466236a6",
        "x-ms-correlation-request-id": "6f0e1ad3-afc5-4c11-979b-8c3c752a5824",
        "x-ms-ratelimit-remaining-subscription-reads": "11695",
        "x-ms-request-id": "f9422971-8141-491f-9240-3947baf9bf27",
        "x-ms-routing-request-id": "JAPANEAST:20211201T104109Z:6f0e1ad3-afc5-4c11-979b-8c3c752a5824"
      },
      "ResponseBody": [
        "{\r\n",
        "  \u0022name\u0022: \u0022endpointxyz337\u0022,\r\n",
        "  \u0022id\u0022: \u0022/subscriptions/db1ab6f0-4769-4b27-930e-01e2ef9c123c/resourceGroups/Default-AppConfiguration-6400/providers/Microsoft.Network/privateEndpoints/endpointxyz337\u0022,\r\n",
        "  \u0022etag\u0022: \u0022W/\\\u0022ee7a92ea-e069-490d-b8aa-d9f434c55fb4\\\u0022\u0022,\r\n",
        "  \u0022type\u0022: \u0022Microsoft.Network/privateEndpoints\u0022,\r\n",
        "  \u0022location\u0022: \u0022eastus\u0022,\r\n",
        "  \u0022properties\u0022: {\r\n",
        "    \u0022provisioningState\u0022: \u0022Succeeded\u0022,\r\n",
        "    \u0022resourceGuid\u0022: \u00228816fcfb-a73e-48f2-9400-e5e81a76be95\u0022,\r\n",
        "    \u0022privateLinkServiceConnections\u0022: [\r\n",
        "      {\r\n",
        "        \u0022name\u0022: \u0022myconnection\u0022,\r\n",
        "        \u0022id\u0022: \u0022/subscriptions/db1ab6f0-4769-4b27-930e-01e2ef9c123c/resourceGroups/Default-AppConfiguration-6400/providers/Microsoft.Network/privateEndpoints/endpointxyz337/privateLinkServiceConnections/myconnection\u0022,\r\n",
        "        \u0022etag\u0022: \u0022W/\\\u0022ee7a92ea-e069-490d-b8aa-d9f434c55fb4\\\u0022\u0022,\r\n",
        "        \u0022properties\u0022: {\r\n",
        "          \u0022provisioningState\u0022: \u0022Succeeded\u0022,\r\n",
        "          \u0022privateLinkServiceId\u0022: \u0022/subscriptions/db1ab6f0-4769-4b27-930e-01e2ef9c123c/resourceGroups/default-appconfiguration-6400/providers/Microsoft.AppConfiguration/configurationStores/testapp-6979\u0022,\r\n",
        "          \u0022groupIds\u0022: [\r\n",
        "            \u0022configurationStores\u0022\r\n",
        "          ],\r\n",
        "          \u0022requestMessage\u0022: \u0022Please approve my connection\u0022,\r\n",
        "          \u0022privateLinkServiceConnectionState\u0022: {\r\n",
        "            \u0022status\u0022: \u0022Approved\u0022,\r\n",
        "            \u0022description\u0022: \u0022Auto-Approved\u0022,\r\n",
        "            \u0022actionsRequired\u0022: \u0022None\u0022\r\n",
        "          }\r\n",
        "        },\r\n",
        "        \u0022type\u0022: \u0022Microsoft.Network/privateEndpoints/privateLinkServiceConnections\u0022\r\n",
        "      }\r\n",
        "    ],\r\n",
        "    \u0022manualPrivateLinkServiceConnections\u0022: [],\r\n",
        "    \u0022subnet\u0022: {\r\n",
        "      \u0022id\u0022: \u0022/subscriptions/db1ab6f0-4769-4b27-930e-01e2ef9c123c/resourceGroups/Default-AppConfiguration-6400/providers/Microsoft.Network/virtualNetworks/vnetname7417/subnets/subnetname5883\u0022\r\n",
        "    },\r\n",
        "    \u0022networkInterfaces\u0022: [\r\n",
        "      {\r\n",
        "        \u0022id\u0022: \u0022/subscriptions/db1ab6f0-4769-4b27-930e-01e2ef9c123c/resourceGroups/Default-AppConfiguration-6400/providers/Microsoft.Network/networkInterfaces/endpointxyz337.nic.cf7cd642-212e-4680-b729-653c8fcf7358\u0022\r\n",
        "      }\r\n",
        "    ],\r\n",
        "    \u0022customDnsConfigs\u0022: [\r\n",
        "      {\r\n",
        "        \u0022fqdn\u0022: \u0022testapp-6979.azconfig.io\u0022,\r\n",
        "        \u0022ipAddresses\u0022: [\r\n",
        "          \u002210.0.0.4\u0022\r\n",
        "        ]\r\n",
        "      }\r\n",
        "    ]\r\n",
        "  }\r\n",
        "}"
      ]
    },
    {
      "RequestUri": "https://management.azure.com/subscriptions/db1ab6f0-4769-4b27-930e-01e2ef9c123c/resourceGroups/default-appconfiguration-6400/providers/Microsoft.AppConfiguration/configurationStores/testapp-6979/privateEndpointConnections?api-version=2020-06-01",
      "RequestMethod": "GET",
      "RequestHeaders": {
        "Accept": "application/json",
        "Authorization": "Sanitized",
        "User-Agent": [
          "azsdk-net-ResourceManager.AppConfiguration/1.0.0-alpha.20211201.1",
          "(.NET Core 3.1.21; Microsoft Windows 10.0.19044)"
        ],
        "x-ms-client-request-id": "a7e4831e129a2f1acdefcdcdf1aa6f73",
        "x-ms-return-client-request-id": "true"
      },
      "RequestBody": null,
      "StatusCode": 200,
      "ResponseHeaders": {
        "Cache-Control": "no-cache",
        "Content-Length": "667",
        "Content-Type": "application/json; charset=utf-8",
        "Date": "Wed, 01 Dec 2021 10:41:09 GMT",
        "Expires": "-1",
        "Pragma": "no-cache",
        "Server": "nginx/1.17.10",
        "Strict-Transport-Security": "max-age=31536000; includeSubDomains",
        "Vary": "Accept-Encoding",
        "X-Content-Type-Options": "nosniff",
        "x-ms-client-request-id": "a7e4831e129a2f1acdefcdcdf1aa6f73",
        "x-ms-correlation-request-id": "5c76b643-a4c6-4929-8858-b8350255a66c",
        "x-ms-ratelimit-remaining-subscription-reads": "11694",
        "x-ms-request-id": "8f650efa-b519-4603-94bd-3679a0218713",
        "x-ms-routing-request-id": "JAPANEAST:20211201T104109Z:5c76b643-a4c6-4929-8858-b8350255a66c"
      },
      "ResponseBody": {
        "value": [
          {
            "type": "Microsoft.AppConfiguration/configurationStores/privateEndpointConnections",
            "properties": {
              "provisioningState": "Succeeded",
              "privateEndpoint": {
                "id": "/subscriptions/db1ab6f0-4769-4b27-930e-01e2ef9c123c/resourceGroups/Default-AppConfiguration-6400/providers/Microsoft.Network/privateEndpoints/endpointxyz337"
              },
              "privateLinkServiceConnectionState": {
                "status": "Approved",
                "description": "Auto-Approved"
              }
            },
            "id": "/subscriptions/db1ab6f0-4769-4b27-930e-01e2ef9c123c/resourceGroups/default-appconfiguration-6400/providers/Microsoft.AppConfiguration/configurationStores/testapp-6979/privateEndpointConnections/myconnection",
            "name": "myconnection"
          }
        ],
        "nextLink": null
      }
    },
    {
      "RequestUri": "https://management.azure.com/subscriptions/db1ab6f0-4769-4b27-930e-01e2ef9c123c/resourceGroups/default-appconfiguration-6400/providers/Microsoft.AppConfiguration/configurationStores/testapp-6979/privateEndpointConnections/myconnection?api-version=2020-06-01",
      "RequestMethod": "GET",
      "RequestHeaders": {
        "Accept": "application/json",
        "Authorization": "Sanitized",
        "User-Agent": [
          "azsdk-net-ResourceManager.AppConfiguration/1.0.0-alpha.20211201.1",
          "(.NET Core 3.1.21; Microsoft Windows 10.0.19044)"
        ],
        "x-ms-client-request-id": "a4f06efd582c80d6a8fa33184346ebf5",
        "x-ms-return-client-request-id": "true"
      },
      "RequestBody": null,
      "StatusCode": 200,
      "ResponseHeaders": {
        "Cache-Control": "no-cache",
        "Content-Length": "639",
        "Content-Type": "application/json; charset=utf-8",
        "Date": "Wed, 01 Dec 2021 10:41:10 GMT",
        "Expires": "-1",
        "Pragma": "no-cache",
        "Server": "nginx/1.17.10",
        "Strict-Transport-Security": "max-age=31536000; includeSubDomains",
        "Vary": "Accept-Encoding",
        "X-Content-Type-Options": "nosniff",
        "x-ms-client-request-id": "a4f06efd582c80d6a8fa33184346ebf5",
        "x-ms-correlation-request-id": "b3ed5274-97bc-4e6d-90f7-0fc2f75627f1",
        "x-ms-ratelimit-remaining-subscription-reads": "11693",
        "x-ms-request-id": "0d01081f-ef70-4a55-845c-468f9dcd86a0",
        "x-ms-routing-request-id": "JAPANEAST:20211201T104110Z:b3ed5274-97bc-4e6d-90f7-0fc2f75627f1"
      },
      "ResponseBody": {
        "type": "Microsoft.AppConfiguration/configurationStores/privateEndpointConnections",
        "properties": {
          "provisioningState": "Succeeded",
          "privateEndpoint": {
            "id": "/subscriptions/db1ab6f0-4769-4b27-930e-01e2ef9c123c/resourceGroups/Default-AppConfiguration-6400/providers/Microsoft.Network/privateEndpoints/endpointxyz337"
          },
          "privateLinkServiceConnectionState": {
            "status": "Approved",
            "description": "Auto-Approved"
          }
        },
        "id": "/subscriptions/db1ab6f0-4769-4b27-930e-01e2ef9c123c/resourceGroups/default-appconfiguration-6400/providers/Microsoft.AppConfiguration/configurationStores/testapp-6979/privateEndpointConnections/myconnection",
        "name": "myconnection"
      }
    }
  ],
  "Variables": {
    "RandomSeed": "497259629",
    "RESOURCE_MANAGER_URL": null,
    "SUBSCRIPTION_ID": "db1ab6f0-4769-4b27-930e-01e2ef9c123c"
  }
}