{
  "Entries": [
    {
      "RequestUri": "https://management.azure.com/subscriptions/db1ab6f0-4769-4b27-930e-01e2ef9c123c?api-version=2021-01-01",
      "RequestMethod": "GET",
      "RequestHeaders": {
        "Accept": "application/json",
        "Authorization": "Sanitized",
        "traceparent": "00-2ebe12987c6d80408f2f1980921da738-e6e5e2d02cd9224a-00",
        "User-Agent": "azsdk-net-ResourceManager/1.3.2 (.NET Framework 4.8.9105.0; Microsoft Windows 10.0.22621 )",
        "x-ms-client-request-id": "60c3c72fcc8fa69d442dc5251b811bcf",
        "x-ms-return-client-request-id": "true"
      },
      "RequestBody": null,
      "StatusCode": 200,
      "ResponseHeaders": {
        "Cache-Control": "no-cache",
        "Content-Length": "748",
        "Content-Type": "application/json; charset=utf-8",
        "Date": "Wed, 30 Nov 2022 08:19:16 GMT",
        "Expires": "-1",
        "Pragma": "no-cache",
        "Strict-Transport-Security": "max-age=31536000; includeSubDomains",
        "X-Content-Type-Options": "nosniff",
        "x-ms-correlation-request-id": "43f77128-c3ec-4fb4-8f47-5e3d09b3d2a8",
        "x-ms-ratelimit-remaining-subscription-reads": "11999",
        "x-ms-request-id": "43f77128-c3ec-4fb4-8f47-5e3d09b3d2a8",
        "x-ms-routing-request-id": "SOUTHEASTASIA:20221130T081917Z:43f77128-c3ec-4fb4-8f47-5e3d09b3d2a8"
      },
      "ResponseBody": {
        "id": "/subscriptions/db1ab6f0-4769-4b27-930e-01e2ef9c123c",
        "authorizationSource": "RoleBased",
        "managedByTenants": [],
        "tags": {
          "TagKey-9823": "TagValue-1254",
          "TagKey-3481": "TagValue-320",
          "TagKey-4926": "TagValue-1187",
          "TagKey-751": "TagValue-3921",
          "TagKey-1866": "TagValue-8559",
          "TagKey-3094": "TagValue-9190",
          "TagKey-2449": "TagValue-9",
          "TagKey-8379": "TagValue-164",
          "TagKey-7470": "TagValue-2205",
          "TagKey-4236": "TagValue-3698",
          "TagKey-5316": "TagValue-2725"
        },
        "subscriptionId": "db1ab6f0-4769-4b27-930e-01e2ef9c123c",
        "tenantId": "72f988bf-86f1-41af-91ab-2d7cd011db47",
        "displayName": ".NET Mgmt SDK Test with TTL = 1 Day",
        "state": "Enabled",
        "subscriptionPolicies": {
          "locationPlacementId": "Internal_2014-09-01",
          "quotaId": "Internal_2014-09-01",
          "spendingLimit": "Off"
        }
      }
    },
    {
      "RequestUri": "https://management.azure.com/subscriptions/db1ab6f0-4769-4b27-930e-01e2ef9c123c/resourcegroups/PrivateDnsRG4287?api-version=**",
      "RequestMethod": "PUT",
      "RequestHeaders": {
        "Accept": "application/json",
        "Authorization": "Sanitized",
        "Content-Length": "21",
        "Content-Type": "application/json",
        "traceparent": "00-072eb3b4ca7a1d4bbf82d1e70f161de7-445e519429da514a-00",
        "User-Agent": "azsdk-net-ResourceManager/1.3.2 (.NET Framework 4.8.9105.0; Microsoft Windows 10.0.22621 )",
        "x-ms-client-request-id": "d39d9bf8d186a01d01d7637b9f8f9de3",
        "x-ms-return-client-request-id": "true"
      },
      "RequestBody": {
        "location": "eastus"
      },
      "StatusCode": 201,
      "ResponseHeaders": {
        "Cache-Control": "no-cache",
        "Content-Length": "229",
        "Content-Type": "application/json; charset=utf-8",
        "Date": "Wed, 30 Nov 2022 08:19:21 GMT",
        "Expires": "-1",
        "Pragma": "no-cache",
        "Strict-Transport-Security": "max-age=31536000; includeSubDomains",
        "X-Content-Type-Options": "nosniff",
        "x-ms-correlation-request-id": "17005d6c-2b1f-4acd-a8ab-e353e3a988b2",
        "x-ms-ratelimit-remaining-subscription-writes": "1199",
        "x-ms-request-id": "17005d6c-2b1f-4acd-a8ab-e353e3a988b2",
        "x-ms-routing-request-id": "SOUTHEASTASIA:20221130T081921Z:17005d6c-2b1f-4acd-a8ab-e353e3a988b2"
      },
      "ResponseBody": {
        "id": "/subscriptions/db1ab6f0-4769-4b27-930e-01e2ef9c123c/resourceGroups/PrivateDnsRG4287",
        "name": "PrivateDnsRG4287",
        "type": "Microsoft.Resources/resourceGroups",
        "location": "eastus",
        "properties": {
          "provisioningState": "Succeeded"
        }
      }
    },
    {
      "RequestUri": "https://management.azure.com/subscriptions/db1ab6f0-4769-4b27-930e-01e2ef9c123c/resourceGroups/PrivateDnsRG4287/providers/Microsoft.Network/privateDnsZones/sample9515.com?api-version=2020-06-01",
      "RequestMethod": "PUT",
      "RequestHeaders": {
        "Accept": "application/json",
        "Authorization": "Sanitized",
        "Content-Length": "47",
        "Content-Type": "application/json",
        "traceparent": "00-200adc88b519a346ac14b725000f87e9-0a9568adbe10884d-00",
        "User-Agent": "azsdk-net-ResourceManager.PrivateDns/1.0.0-alpha.20221130.1 (.NET Framework 4.8.9105.0; Microsoft Windows 10.0.22621 )",
        "x-ms-client-request-id": "127321bb0c1ca76b09c8e89b7fe40dd5",
        "x-ms-return-client-request-id": "true"
      },
      "RequestBody": {
        "tags": {},
        "location": "global",
        "properties": {}
      },
      "StatusCode": 202,
      "ResponseHeaders": {
        "Azure-AsyncOperation": "https://management.azure.com:443/subscriptions/db1ab6f0-4769-4b27-930e-01e2ef9c123c/resourceGroups/privatednsrg4287/providers/Microsoft.Network/privateDnsOperationStatuses/RnJvbnRFbmRBc3luY09wZXJhdGlvbjtVcHNlcnRQcml2YXRlRG5zWm9uZTszNGRlOGE1MS1iYmM1LTQwODYtYmJhZC1kNWI3MjlhZTBhYjFfZGIxYWI2ZjAtNDc2OS00YjI3LTkzMGUtMDFlMmVmOWMxMjNj?api-version=2020-06-01",
        "Cache-Control": "private",
        "Content-Length": "2",
        "Content-Type": "application/json; charset=utf-8",
        "Date": "Wed, 30 Nov 2022 08:19:26 GMT",
        "Location": "https://management.azure.com/subscriptions/db1ab6f0-4769-4b27-930e-01e2ef9c123c/resourceGroups/privatednsrg4287/providers/Microsoft.Network/privateDnsOperationResults/RnJvbnRFbmRBc3luY09wZXJhdGlvbjtVcHNlcnRQcml2YXRlRG5zWm9uZTszNGRlOGE1MS1iYmM1LTQwODYtYmJhZC1kNWI3MjlhZTBhYjFfZGIxYWI2ZjAtNDc2OS00YjI3LTkzMGUtMDFlMmVmOWMxMjNj?api-version=2020-06-01",
        "Retry-After": "30",
        "Server": "Microsoft-IIS/10.0",
        "Strict-Transport-Security": "max-age=31536000; includeSubDomains",
        "X-AspNet-Version": "4.0.30319",
        "X-Content-Type-Options": "nosniff",
        "x-ms-correlation-request-id": "866b8628-247d-4934-ad3f-9705cafb4616",
        "x-ms-ratelimit-remaining-subscription-resource-requests": "11999",
        "x-ms-request-id": "127321bb-0c1c-a76b-09c8-e89b7fe40dd5",
        "x-ms-routing-request-id": "SOUTHEASTASIA:20221130T081927Z:866b8628-247d-4934-ad3f-9705cafb4616",
        "X-Powered-By": "ASP.NET"
      },
      "ResponseBody": {}
    },
    {
      "RequestUri": "https://management.azure.com/subscriptions/db1ab6f0-4769-4b27-930e-01e2ef9c123c/resourceGroups/privatednsrg4287/providers/Microsoft.Network/privateDnsOperationStatuses/RnJvbnRFbmRBc3luY09wZXJhdGlvbjtVcHNlcnRQcml2YXRlRG5zWm9uZTszNGRlOGE1MS1iYmM1LTQwODYtYmJhZC1kNWI3MjlhZTBhYjFfZGIxYWI2ZjAtNDc2OS00YjI3LTkzMGUtMDFlMmVmOWMxMjNj?api-version=2020-06-01",
      "RequestMethod": "GET",
      "RequestHeaders": {
        "Authorization": "Sanitized",
        "traceparent": "00-200adc88b519a346ac14b725000f87e9-742be4a17e76e04b-00",
        "User-Agent": "azsdk-net-ResourceManager/1.3.2 (.NET Framework 4.8.9105.0; Microsoft Windows 10.0.22621 )",
        "x-ms-client-request-id": "fac62142495c8fdb312b7c08340581f3",
        "x-ms-return-client-request-id": "true"
      },
      "RequestBody": null,
      "StatusCode": 202,
      "ResponseHeaders": {
        "Azure-AsyncOperation": "https://management.azure.com:443/subscriptions/db1ab6f0-4769-4b27-930e-01e2ef9c123c/resourceGroups/privatednsrg4287/providers/Microsoft.Network/privateDnsOperationStatuses/RnJvbnRFbmRBc3luY09wZXJhdGlvbjtVcHNlcnRQcml2YXRlRG5zWm9uZTszNGRlOGE1MS1iYmM1LTQwODYtYmJhZC1kNWI3MjlhZTBhYjFfZGIxYWI2ZjAtNDc2OS00YjI3LTkzMGUtMDFlMmVmOWMxMjNj?api-version=2020-06-01",
        "Cache-Control": "private",
        "Content-Length": "23",
        "Content-Type": "application/json; charset=utf-8",
        "Date": "Wed, 30 Nov 2022 08:19:27 GMT",
        "Location": "https://management.azure.com/subscriptions/db1ab6f0-4769-4b27-930e-01e2ef9c123c/resourceGroups/privatednsrg4287/providers/Microsoft.Network/privateDnsOperationResults/RnJvbnRFbmRBc3luY09wZXJhdGlvbjtVcHNlcnRQcml2YXRlRG5zWm9uZTszNGRlOGE1MS1iYmM1LTQwODYtYmJhZC1kNWI3MjlhZTBhYjFfZGIxYWI2ZjAtNDc2OS00YjI3LTkzMGUtMDFlMmVmOWMxMjNj?api-version=2020-06-01",
        "Retry-After": "30",
        "Server": "Microsoft-IIS/10.0",
        "Strict-Transport-Security": "max-age=31536000; includeSubDomains",
        "X-AspNet-Version": "4.0.30319",
        "X-Content-Type-Options": "nosniff",
        "x-ms-correlation-request-id": "b343d68d-7e01-4569-9001-f2ceb56a07f3",
        "x-ms-ratelimit-remaining-subscription-resource-requests": "499",
        "x-ms-request-id": "fac62142-495c-8fdb-312b-7c08340581f3",
        "x-ms-routing-request-id": "SOUTHEASTASIA:20221130T081927Z:b343d68d-7e01-4569-9001-f2ceb56a07f3",
        "X-Powered-By": "ASP.NET"
      },
      "ResponseBody": {
        "status": "InProgress"
      }
    },
    {
      "RequestUri": "https://management.azure.com/subscriptions/db1ab6f0-4769-4b27-930e-01e2ef9c123c/resourceGroups/privatednsrg4287/providers/Microsoft.Network/privateDnsOperationStatuses/RnJvbnRFbmRBc3luY09wZXJhdGlvbjtVcHNlcnRQcml2YXRlRG5zWm9uZTszNGRlOGE1MS1iYmM1LTQwODYtYmJhZC1kNWI3MjlhZTBhYjFfZGIxYWI2ZjAtNDc2OS00YjI3LTkzMGUtMDFlMmVmOWMxMjNj?api-version=2020-06-01",
      "RequestMethod": "GET",
      "RequestHeaders": {
        "Authorization": "Sanitized",
        "traceparent": "00-200adc88b519a346ac14b725000f87e9-e44b876fe85a2c46-00",
        "User-Agent": "azsdk-net-ResourceManager/1.3.2 (.NET Framework 4.8.9105.0; Microsoft Windows 10.0.22621 )",
        "x-ms-client-request-id": "cb26a6565b0f116a2bcd528e17317c64",
        "x-ms-return-client-request-id": "true"
      },
      "RequestBody": null,
      "StatusCode": 200,
      "ResponseHeaders": {
        "Cache-Control": "private",
        "Content-Length": "22",
        "Content-Type": "application/json; charset=utf-8",
        "Date": "Wed, 30 Nov 2022 08:19:58 GMT",
        "Server": "Microsoft-IIS/10.0",
        "Strict-Transport-Security": "max-age=31536000; includeSubDomains",
        "X-AspNet-Version": "4.0.30319",
        "X-Content-Type-Options": "nosniff",
        "x-ms-correlation-request-id": "2d8b8fae-c8da-4c23-a564-0662c602f4b8",
        "x-ms-ratelimit-remaining-subscription-resource-requests": "498",
        "x-ms-request-id": "cb26a656-5b0f-116a-2bcd-528e17317c64",
        "x-ms-routing-request-id": "SOUTHEASTASIA:20221130T081958Z:2d8b8fae-c8da-4c23-a564-0662c602f4b8",
        "X-Powered-By": "ASP.NET"
      },
      "ResponseBody": {
        "status": "Succeeded"
      }
    },
    {
      "RequestUri": "https://management.azure.com/subscriptions/db1ab6f0-4769-4b27-930e-01e2ef9c123c/resourceGroups/PrivateDnsRG4287/providers/Microsoft.Network/privateDnsZones/sample9515.com?api-version=2020-06-01",
      "RequestMethod": "GET",
      "RequestHeaders": {
        "Authorization": "Sanitized",
        "traceparent": "00-200adc88b519a346ac14b725000f87e9-e42666192fea734a-00",
        "User-Agent": "azsdk-net-ResourceManager/1.3.2 (.NET Framework 4.8.9105.0; Microsoft Windows 10.0.22621 )",
        "x-ms-client-request-id": "5d59c12a131d3079e8ff56632ced71ba",
        "x-ms-return-client-request-id": "true"
      },
      "RequestBody": null,
      "StatusCode": 200,
      "ResponseHeaders": {
        "Cache-Control": "private",
        "Content-Length": "670",
        "Content-Type": "application/json; charset=utf-8",
        "Date": "Wed, 30 Nov 2022 08:19:58 GMT",
        "ETag": "94279a6e-c588-4afa-8cec-cf47cd81ae9d",
        "Server": "Microsoft-IIS/10.0",
        "Strict-Transport-Security": "max-age=31536000; includeSubDomains",
        "X-AspNet-Version": "4.0.30319",
        "X-Content-Type-Options": "nosniff",
        "x-ms-correlation-request-id": "96f85c06-1f76-4047-84fb-277b82a9d7ee",
        "x-ms-ratelimit-remaining-subscription-resource-requests": "499",
        "x-ms-request-id": "5d59c12a-131d-3079-e8ff-56632ced71ba",
        "x-ms-routing-request-id": "SOUTHEASTASIA:20221130T081958Z:96f85c06-1f76-4047-84fb-277b82a9d7ee",
        "X-Powered-By": "ASP.NET"
      },
      "ResponseBody": {
        "id": "/subscriptions/db1ab6f0-4769-4b27-930e-01e2ef9c123c/resourceGroups/privatednsrg4287/providers/Microsoft.Network/privateDnsZones/sample9515.com",
        "name": "sample9515.com",
        "type": "Microsoft.Network/privateDnsZones",
        "etag": "94279a6e-c588-4afa-8cec-cf47cd81ae9d",
        "location": "global",
        "tags": {},
        "properties": {
          "internalId": "SW1tdXRhYmxlWm9uZUlkZW50aXR5OzI3NGIwYzdkLTY3M2EtNDE2Ni1hMjI0LWIwNGQ0OThlNTg3OTsw",
          "maxNumberOfRecordSets": 25000,
          "maxNumberOfVirtualNetworkLinks": 1000,
          "maxNumberOfVirtualNetworkLinksWithRegistration": 100,
          "numberOfRecordSets": 1,
          "numberOfVirtualNetworkLinks": 0,
          "numberOfVirtualNetworkLinksWithRegistration": 0,
          "provisioningState": "Succeeded"
        }
      }
    },
    {
      "RequestUri": "https://management.azure.com/subscriptions/db1ab6f0-4769-4b27-930e-01e2ef9c123c/resourceGroups/privatednsrg4287/providers/Microsoft.Network/privateDnsZones/sample9515.com/AAAA/aaaa100?api-version=2020-06-01",
      "RequestMethod": "PUT",
      "RequestHeaders": {
        "Accept": "application/json",
        "Authorization": "Sanitized",
        "Content-Length": "157",
        "Content-Type": "application/json",
        "traceparent": "00-3124e3e760c195468a2e438baf6173fb-1ea0ea2b3bdde142-00",
        "User-Agent": "azsdk-net-ResourceManager.PrivateDns/1.0.0-alpha.20221130.1 (.NET Framework 4.8.9105.0; Microsoft Windows 10.0.22621 )",
        "x-ms-client-request-id": "84e4010dd17ee617b7b4ce8ff64d7700",
        "x-ms-return-client-request-id": "true"
      },
      "RequestBody": {
        "properties": {
          "ttl": 3600,
          "aaaaRecords": [
            {
              "ipv6Address": "3f0d:8079:32a1:9c1d:dd7c:afc6:fc15:d55"
            },
            {
              "ipv6Address": "3f0d:8079:32a1:9c1d:dd7c:afc6:fc15:d56"
            }
          ]
        }
      },
      "StatusCode": 201,
      "ResponseHeaders": {
        "Cache-Control": "private",
        "Content-Length": "501",
        "Content-Type": "application/json; charset=utf-8",
        "Date": "Wed, 30 Nov 2022 08:19:59 GMT",
        "ETag": "2e59570e-e57e-4848-8b11-71f0ce91b76e",
        "Server": "Microsoft-IIS/10.0",
        "Strict-Transport-Security": "max-age=31536000; includeSubDomains",
        "X-AspNet-Version": "4.0.30319",
        "X-Content-Type-Options": "nosniff",
        "x-ms-correlation-request-id": "67bcac85-9b94-4cc6-932a-0b36332f58e6",
        "x-ms-ratelimit-remaining-subscription-resource-requests": "11999",
        "x-ms-request-id": "84e4010d-d17e-e617-b7b4-ce8ff64d7700",
        "x-ms-routing-request-id": "SOUTHEASTASIA:20221130T081959Z:67bcac85-9b94-4cc6-932a-0b36332f58e6",
        "X-Powered-By": "ASP.NET"
      },
      "ResponseBody": {
        "id": "/subscriptions/db1ab6f0-4769-4b27-930e-01e2ef9c123c/resourceGroups/privatednsrg4287/providers/Microsoft.Network/privateDnsZones/sample9515.com/AAAA/aaaa100",
        "name": "aaaa100",
        "type": "Microsoft.Network/privateDnsZones/AAAA",
        "etag": "2e59570e-e57e-4848-8b11-71f0ce91b76e",
        "properties": {
          "fqdn": "aaaa100.sample9515.com.",
          "ttl": 3600,
          "aaaaRecords": [
            {
              "ipv6Address": "3f0d:8079:32a1:9c1d:dd7c:afc6:fc15:d55"
            },
            {
              "ipv6Address": "3f0d:8079:32a1:9c1d:dd7c:afc6:fc15:d56"
            }
          ],
          "isAutoRegistered": false
        }
      }
    },
    {
      "RequestUri": "https://management.azure.com/subscriptions/db1ab6f0-4769-4b27-930e-01e2ef9c123c/resourceGroups/privatednsrg4287/providers/Microsoft.Network/privateDnsZones/sample9515.com/AAAA/aaaa200?api-version=2020-06-01",
      "RequestMethod": "PUT",
      "RequestHeaders": {
        "Accept": "application/json",
        "Authorization": "Sanitized",
        "Content-Length": "100",
        "Content-Type": "application/json",
        "traceparent": "00-21e0815c57ff09478d1e76ed303c418b-2b995a69bf8f9648-00",
        "User-Agent": "azsdk-net-ResourceManager.PrivateDns/1.0.0-alpha.20221130.1 (.NET Framework 4.8.9105.0; Microsoft Windows 10.0.22621 )",
        "x-ms-client-request-id": "73dd18ae23ac42d52df6e3100506e43d",
        "x-ms-return-client-request-id": "true"
      },
      "RequestBody": {
        "properties": {
          "ttl": 3600,
          "aaaaRecords": [
            {
              "ipv6Address": "3f0d:8079:32a1:9c1d:dd7c:afc6:fc15:d57"
            }
          ]
        }
      },
      "StatusCode": 201,
      "ResponseHeaders": {
        "Cache-Control": "private",
        "Content-Length": "444",
        "Content-Type": "application/json; charset=utf-8",
        "Date": "Wed, 30 Nov 2022 08:20:00 GMT",
        "ETag": "911acbf6-247b-4a20-939c-e5cdf4c40b14",
        "Server": "Microsoft-IIS/10.0",
        "Strict-Transport-Security": "max-age=31536000; includeSubDomains",
        "X-AspNet-Version": "4.0.30319",
        "X-Content-Type-Options": "nosniff",
        "x-ms-correlation-request-id": "9b869407-1fe1-4b2a-8990-dde1a6bb334b",
        "x-ms-ratelimit-remaining-subscription-resource-requests": "11998",
        "x-ms-request-id": "73dd18ae-23ac-42d5-2df6-e3100506e43d",
        "x-ms-routing-request-id": "SOUTHEASTASIA:20221130T082000Z:9b869407-1fe1-4b2a-8990-dde1a6bb334b",
        "X-Powered-By": "ASP.NET"
      },
      "ResponseBody": {
        "id": "/subscriptions/db1ab6f0-4769-4b27-930e-01e2ef9c123c/resourceGroups/privatednsrg4287/providers/Microsoft.Network/privateDnsZones/sample9515.com/AAAA/aaaa200",
        "name": "aaaa200",
        "type": "Microsoft.Network/privateDnsZones/AAAA",
        "etag": "911acbf6-247b-4a20-939c-e5cdf4c40b14",
        "properties": {
          "fqdn": "aaaa200.sample9515.com.",
          "ttl": 3600,
          "aaaaRecords": [
            {
              "ipv6Address": "3f0d:8079:32a1:9c1d:dd7c:afc6:fc15:d57"
            }
          ],
          "isAutoRegistered": false
        }
      }
    },
    {
      "RequestUri": "https://management.azure.com/subscriptions/db1ab6f0-4769-4b27-930e-01e2ef9c123c/resourceGroups/privatednsrg4287/providers/Microsoft.Network/privateDnsZones/sample9515.com/MX/mx100?api-version=2020-06-01",
      "RequestMethod": "PUT",
      "RequestHeaders": {
        "Accept": "application/json",
        "Authorization": "Sanitized",
        "Content-Length": "92",
        "Content-Type": "application/json",
        "traceparent": "00-3f1771d2f48611419596c17cc2136186-6ef49f17cda29141-00",
        "User-Agent": "azsdk-net-ResourceManager.PrivateDns/1.0.0-alpha.20221130.1 (.NET Framework 4.8.9105.0; Microsoft Windows 10.0.22621 )",
        "x-ms-client-request-id": "1581985cf84d59e5a972a66944ea399a",
        "x-ms-return-client-request-id": "true"
      },
      "RequestBody": {
        "properties": {
          "ttl": 3600,
          "mxRecords": [
            {
              "preference": 10,
              "exchange": "mymail1.contoso.com"
            }
          ]
        }
      },
      "StatusCode": 201,
      "ResponseHeaders": {
        "Cache-Control": "private",
        "Content-Length": "426",
        "Content-Type": "application/json; charset=utf-8",
        "Date": "Wed, 30 Nov 2022 08:20:01 GMT",
        "ETag": "f588701d-b6f3-4e12-b0fa-5e8c14024e49",
        "Server": "Microsoft-IIS/10.0",
        "Strict-Transport-Security": "max-age=31536000; includeSubDomains",
        "X-AspNet-Version": "4.0.30319",
        "X-Content-Type-Options": "nosniff",
        "x-ms-correlation-request-id": "9f6d9f32-c71d-467d-8901-25e8cca2f60c",
        "x-ms-ratelimit-remaining-subscription-resource-requests": "11999",
        "x-ms-request-id": "1581985c-f84d-59e5-a972-a66944ea399a",
        "x-ms-routing-request-id": "SOUTHEASTASIA:20221130T082002Z:9f6d9f32-c71d-467d-8901-25e8cca2f60c",
        "X-Powered-By": "ASP.NET"
      },
      "ResponseBody": {
        "id": "/subscriptions/db1ab6f0-4769-4b27-930e-01e2ef9c123c/resourceGroups/privatednsrg4287/providers/Microsoft.Network/privateDnsZones/sample9515.com/MX/mx100",
        "name": "mx100",
        "type": "Microsoft.Network/privateDnsZones/MX",
        "etag": "f588701d-b6f3-4e12-b0fa-5e8c14024e49",
        "properties": {
          "fqdn": "mx100.sample9515.com.",
          "ttl": 3600,
          "mxRecords": [
            {
              "exchange": "mymail1.contoso.com",
              "preference": 10
            }
          ],
          "isAutoRegistered": false
        }
      }
    },
    {
      "RequestUri": "https://management.azure.com/subscriptions/db1ab6f0-4769-4b27-930e-01e2ef9c123c/resourceGroups/privatednsrg4287/providers/Microsoft.Network/privateDnsZones/sample9515.com/ALL?api-version=2020-06-01",
      "RequestMethod": "GET",
      "RequestHeaders": {
        "Accept": "application/json",
        "Authorization": "Sanitized",
        "traceparent": "00-40b52a04a326f44abdb51dff28c62f2f-f4a0dba6c994d345-00",
        "User-Agent": "azsdk-net-ResourceManager.PrivateDns/1.0.0-alpha.20221130.1 (.NET Framework 4.8.9105.0; Microsoft Windows 10.0.22621 )",
        "x-ms-client-request-id": "14b45687fd0fe90e2ca15788ee07e1b0",
        "x-ms-return-client-request-id": "true"
      },
      "RequestBody": null,
      "StatusCode": 200,
      "ResponseHeaders": {
        "Cache-Control": "private",
        "Content-Length": "1912",
        "Content-Type": "application/json; charset=utf-8",
        "Date": "Wed, 30 Nov 2022 08:20:12 GMT",
        "Server": "Microsoft-IIS/10.0",
        "Strict-Transport-Security": "max-age=31536000; includeSubDomains",
        "X-AspNet-Version": "4.0.30319",
        "X-Content-Type-Options": "nosniff",
        "x-ms-correlation-request-id": "4cf880a9-4c43-4492-860f-7754da20fede",
        "x-ms-ratelimit-remaining-subscription-resource-entities-read": "59996",
        "x-ms-ratelimit-remaining-subscription-resource-requests": "499",
        "x-ms-request-id": "14b45687-fd0f-e90e-2ca1-5788ee07e1b0",
        "x-ms-routing-request-id": "SOUTHEASTASIA:20221130T082012Z:4cf880a9-4c43-4492-860f-7754da20fede",
        "X-Powered-By": "ASP.NET"
      },
      "ResponseBody": {
        "value": [
          {
            "id": "/subscriptions/db1ab6f0-4769-4b27-930e-01e2ef9c123c/resourceGroups/privatednsrg4287/providers/Microsoft.Network/privateDnsZones/sample9515.com/SOA/@",
            "name": "@",
            "type": "Microsoft.Network/privateDnsZones/SOA",
            "etag": "72cabb57-8bd8-40b8-ae48-40edcba9e6d2",
            "properties": {
              "fqdn": "sample9515.com.",
              "ttl": 3600,
              "soaRecord": {
                "email": "azureprivatedns-host.microsoft.com",
                "expireTime": 2419200,
                "host": "azureprivatedns.net",
                "minimumTtl": 10,
                "refreshTime": 3600,
                "retryTime": 300,
                "serialNumber": 1
              },
              "isAutoRegistered": false
            }
          },
          {
            "id": "/subscriptions/db1ab6f0-4769-4b27-930e-01e2ef9c123c/resourceGroups/privatednsrg4287/providers/Microsoft.Network/privateDnsZones/sample9515.com/AAAA/aaaa100",
            "name": "aaaa100",
            "type": "Microsoft.Network/privateDnsZones/AAAA",
            "etag": "2e59570e-e57e-4848-8b11-71f0ce91b76e",
            "properties": {
              "fqdn": "aaaa100.sample9515.com.",
              "ttl": 3600,
              "aaaaRecords": [
                {
                  "ipv6Address": "3f0d:8079:32a1:9c1d:dd7c:afc6:fc15:d55"
                },
                {
                  "ipv6Address": "3f0d:8079:32a1:9c1d:dd7c:afc6:fc15:d56"
                }
              ],
              "isAutoRegistered": false
            }
          },
          {
            "id": "/subscriptions/db1ab6f0-4769-4b27-930e-01e2ef9c123c/resourceGroups/privatednsrg4287/providers/Microsoft.Network/privateDnsZones/sample9515.com/AAAA/aaaa200",
            "name": "aaaa200",
            "type": "Microsoft.Network/privateDnsZones/AAAA",
            "etag": "911acbf6-247b-4a20-939c-e5cdf4c40b14",
            "properties": {
              "fqdn": "aaaa200.sample9515.com.",
              "ttl": 3600,
              "aaaaRecords": [
                {
                  "ipv6Address": "3f0d:8079:32a1:9c1d:dd7c:afc6:fc15:d57"
                }
              ],
              "isAutoRegistered": false
            }
          },
          {
            "id": "/subscriptions/db1ab6f0-4769-4b27-930e-01e2ef9c123c/resourceGroups/privatednsrg4287/providers/Microsoft.Network/privateDnsZones/sample9515.com/MX/mx100",
            "name": "mx100",
            "type": "Microsoft.Network/privateDnsZones/MX",
            "etag": "f588701d-b6f3-4e12-b0fa-5e8c14024e49",
            "properties": {
              "fqdn": "mx100.sample9515.com.",
              "ttl": 3600,
              "mxRecords": [
                {
                  "exchange": "mymail1.contoso.com",
                  "preference": 10
                }
              ],
              "isAutoRegistered": false
            }
          }
        ]
      }
    }
  ],
  "Variables": {
    "AZURE_AUTHORITY_HOST": "https://login.microsoftonline.com",
    "RandomSeed": "640132662",
    "RESOURCE_MANAGER_URL": null,
    "SUBSCRIPTION_ID": "db1ab6f0-4769-4b27-930e-01e2ef9c123c"
  }
}
