{
  "Entries": [
    {
      "RequestUri": "//providers/Microsoft.Management/managementGroups/emptyMG/providers/Microsoft.Blueprint/blueprints/MGBPfromDotnetSDK?api-version=2018-11-01-preview",
      "EncodedRequestUri": "Ly9wcm92aWRlcnMvTWljcm9zb2Z0Lk1hbmFnZW1lbnQvbWFuYWdlbWVudEdyb3Vwcy9lbXB0eU1HL3Byb3ZpZGVycy9NaWNyb3NvZnQuQmx1ZXByaW50L2JsdWVwcmludHMvTUdCUGZyb21Eb3RuZXRTREs/YXBpLXZlcnNpb249MjAxOC0xMS0wMS1wcmV2aWV3",
      "RequestMethod": "PUT",
      "RequestBody": "{\r\n  \"properties\": {\r\n    \"displayName\": \"Sample Blueprint from Unittest\",\r\n    \"targetScope\": \"subscription\",\r\n    \"parameters\": {\r\n      \"vNetName\": {\r\n        \"type\": \"string\",\r\n        \"metadata\": {\r\n          \"displayName\": \"default vNet for this subscription.\",\r\n          \"description\": \"default vNet created by this blueprint.\"\r\n        },\r\n        \"defaultValue\": \"defaultPublicVNet\"\r\n      },\r\n      \"defaultLocation\": {\r\n        \"type\": \"string\",\r\n        \"metadata\": {\r\n          \"displayName\": \"default Location\",\r\n          \"description\": \"default location of resource created by this blueprint.\"\r\n        },\r\n        \"defaultValue\": \"East US\"\r\n      },\r\n      \"defaultCostCenter\": {\r\n        \"type\": \"string\",\r\n        \"metadata\": {\r\n          \"displayName\": \"default CostCenter\",\r\n          \"description\": \"default CostCenter for this subscription.\"\r\n        },\r\n        \"defaultValue\": \"Contoso/IT/PROD/123456\"\r\n      }\r\n    },\r\n    \"resourceGroups\": {\r\n      \"vNicResourceGroup\": {\r\n        \"metadata\": {\r\n          \"displayName\": \"virtual-network-rg\",\r\n          \"description\": \"All virutal network should save under this resource group.\"\r\n        }\r\n      }\r\n    }\r\n  }\r\n}",
      "RequestHeaders": {
        "x-ms-client-request-id": [
          "6cd1c60b-0fcf-48c4-8ca0-0a06dd7720fc"
        ],
        "accept-language": [
          "en-US"
        ],
        "User-Agent": [
          "FxVersion/4.6.26614.01",
          "Microsoft.Azure.Management.Blueprint.BlueprintManagementClient/0.9.1.0"
        ],
        "Content-Type": [
          "application/json; charset=utf-8"
        ],
        "Content-Length": [
          "1192"
        ]
      },
      "ResponseHeaders": {
        "Cache-Control": [
          "no-cache"
        ],
        "Date": [
          "Wed, 05 Dec 2018 21:48:06 GMT"
        ],
        "Pragma": [
          "no-cache"
        ],
        "Server": [
          "Microsoft-HTTPAPI/2.0"
        ],
        "x-ms-request-id": [
          "7f026c29-3154-490f-9544-96b05bfb04eb"
        ],
        "x-ms-ratelimit-remaining-tenant-writes": [
          "1188"
        ],
        "x-ms-correlation-request-id": [
          "499795d9-764e-4122-af4c-f60871f6537f"
        ],
        "x-ms-routing-request-id": [
          "WESTUS2:20181205T214807Z:499795d9-764e-4122-af4c-f60871f6537f"
        ],
        "Strict-Transport-Security": [
          "max-age=31536000; includeSubDomains"
        ],
        "X-Content-Type-Options": [
          "nosniff"
        ],
        "Content-Length": [
          "1550"
        ],
        "Content-Type": [
          "application/json; charset=utf-8"
        ],
        "Expires": [
          "-1"
        ]
      },
      "ResponseBody": "{\r\n  \"properties\": {\r\n    \"parameters\": {\r\n      \"vNetName\": {\r\n        \"type\": \"string\",\r\n        \"metadata\": {\r\n          \"displayName\": \"default vNet for this subscription.\",\r\n          \"description\": \"default vNet created by this blueprint.\"\r\n        },\r\n        \"defaultValue\": \"defaultPublicVNet\"\r\n      },\r\n      \"defaultLocation\": {\r\n        \"type\": \"string\",\r\n        \"metadata\": {\r\n          \"displayName\": \"default Location\",\r\n          \"description\": \"default location of resource created by this blueprint.\"\r\n        },\r\n        \"defaultValue\": \"East US\"\r\n      },\r\n      \"defaultCostCenter\": {\r\n        \"type\": \"string\",\r\n        \"metadata\": {\r\n          \"displayName\": \"default CostCenter\",\r\n          \"description\": \"default CostCenter for this subscription.\"\r\n        },\r\n        \"defaultValue\": \"Contoso/IT/PROD/123456\"\r\n      }\r\n    },\r\n    \"resourceGroups\": {\r\n      \"vNicResourceGroup\": {\r\n        \"metadata\": {\r\n          \"displayName\": \"virtual-network-rg\",\r\n          \"description\": \"All virutal network should save under this resource group.\"\r\n        },\r\n        \"dependsOn\": []\r\n      }\r\n    },\r\n    \"targetScope\": \"subscription\",\r\n    \"status\": {\r\n      \"timeCreated\": \"2018-12-05T13:48:07-08:00\",\r\n      \"lastModified\": \"2018-12-05T13:48:07-08:00\"\r\n    },\r\n    \"displayName\": \"Sample Blueprint from Unittest\"\r\n  },\r\n  \"id\": \"/providers/Microsoft.Management/managementGroups/emptyMG/providers/Microsoft.Blueprint/blueprints/MGBPfromDotnetSDK\",\r\n  \"type\": \"Microsoft.Blueprint/blueprints\",\r\n  \"name\": \"MGBPfromDotnetSDK\"\r\n}",
      "StatusCode": 201
    },
    {
      "RequestUri": "//providers/Microsoft.Management/managementGroups/emptyMG/providers/Microsoft.Blueprint/blueprints/MGBPfromDotnetSDK?api-version=2018-11-01-preview",
      "EncodedRequestUri": "Ly9wcm92aWRlcnMvTWljcm9zb2Z0Lk1hbmFnZW1lbnQvbWFuYWdlbWVudEdyb3Vwcy9lbXB0eU1HL3Byb3ZpZGVycy9NaWNyb3NvZnQuQmx1ZXByaW50L2JsdWVwcmludHMvTUdCUGZyb21Eb3RuZXRTREs/YXBpLXZlcnNpb249MjAxOC0xMS0wMS1wcmV2aWV3",
      "RequestMethod": "PUT",
      "RequestBody": "{\r\n  \"properties\": {\r\n    \"displayName\": \"Sample Blueprint from Unittest\",\r\n    \"targetScope\": \"subscription\",\r\n    \"parameters\": {\r\n      \"vNetName\": {\r\n        \"type\": \"string\",\r\n        \"metadata\": {\r\n          \"displayName\": \"default vNet for this subscription.\",\r\n          \"description\": \"default vNet created by this blueprint.\"\r\n        },\r\n        \"defaultValue\": \"defaultPublicVNet\"\r\n      },\r\n      \"defaultLocation\": {\r\n        \"type\": \"string\",\r\n        \"metadata\": {\r\n          \"displayName\": \"default Location\",\r\n          \"description\": \"default location of resource created by this blueprint.\"\r\n        },\r\n        \"defaultValue\": \"East US\"\r\n      },\r\n      \"defaultCostCenter\": {\r\n        \"type\": \"string\",\r\n        \"metadata\": {\r\n          \"displayName\": \"default CostCenter\",\r\n          \"description\": \"default CostCenter for this subscription.\"\r\n        },\r\n        \"defaultValue\": \"Contoso/IT/PROD/123456\"\r\n      },\r\n      \"defaultKeyVaultStore\": {\r\n        \"type\": \"string\",\r\n        \"metadata\": {\r\n          \"displayName\": \"resource id for keyVault.\"\r\n        }\r\n      }\r\n    },\r\n    \"resourceGroups\": {\r\n      \"vNicResourceGroup\": {\r\n        \"metadata\": {\r\n          \"displayName\": \"virtual-network-rg\",\r\n          \"description\": \"All virutal network should save under this resource group.\"\r\n        }\r\n      }\r\n    }\r\n  }\r\n}",
      "RequestHeaders": {
        "x-ms-client-request-id": [
          "cc76ebdc-d33c-4c8c-9673-7355fc01293b"
        ],
        "accept-language": [
          "en-US"
        ],
        "User-Agent": [
          "FxVersion/4.6.26614.01",
          "Microsoft.Azure.Management.Blueprint.BlueprintManagementClient/0.9.1.0"
        ],
        "Content-Type": [
          "application/json; charset=utf-8"
        ],
        "Content-Length": [
          "1350"
        ]
      },
      "ResponseHeaders": {
        "Cache-Control": [
          "no-cache"
        ],
        "Date": [
          "Wed, 05 Dec 2018 21:48:06 GMT"
        ],
        "Pragma": [
          "no-cache"
        ],
        "Server": [
          "Microsoft-HTTPAPI/2.0"
        ],
        "x-ms-request-id": [
          "7a4f4527-8c2e-4dab-b6b5-cdd26ad4928f"
        ],
        "x-ms-ratelimit-remaining-tenant-writes": [
          "1187"
        ],
        "x-ms-correlation-request-id": [
          "cba7e451-683f-4b4b-b266-4374652f0163"
        ],
        "x-ms-routing-request-id": [
          "WESTUS2:20181205T214807Z:cba7e451-683f-4b4b-b266-4374652f0163"
        ],
        "Strict-Transport-Security": [
          "max-age=31536000; includeSubDomains"
        ],
        "X-Content-Type-Options": [
          "nosniff"
        ],
        "Content-Length": [
          "1708"
        ],
        "Content-Type": [
          "application/json; charset=utf-8"
        ],
        "Expires": [
          "-1"
        ]
      },
      "ResponseBody": "{\r\n  \"properties\": {\r\n    \"parameters\": {\r\n      \"vNetName\": {\r\n        \"type\": \"string\",\r\n        \"metadata\": {\r\n          \"displayName\": \"default vNet for this subscription.\",\r\n          \"description\": \"default vNet created by this blueprint.\"\r\n        },\r\n        \"defaultValue\": \"defaultPublicVNet\"\r\n      },\r\n      \"defaultLocation\": {\r\n        \"type\": \"string\",\r\n        \"metadata\": {\r\n          \"displayName\": \"default Location\",\r\n          \"description\": \"default location of resource created by this blueprint.\"\r\n        },\r\n        \"defaultValue\": \"East US\"\r\n      },\r\n      \"defaultCostCenter\": {\r\n        \"type\": \"string\",\r\n        \"metadata\": {\r\n          \"displayName\": \"default CostCenter\",\r\n          \"description\": \"default CostCenter for this subscription.\"\r\n        },\r\n        \"defaultValue\": \"Contoso/IT/PROD/123456\"\r\n      },\r\n      \"defaultKeyVaultStore\": {\r\n        \"type\": \"string\",\r\n        \"metadata\": {\r\n          \"displayName\": \"resource id for keyVault.\"\r\n        }\r\n      }\r\n    },\r\n    \"resourceGroups\": {\r\n      \"vNicResourceGroup\": {\r\n        \"metadata\": {\r\n          \"displayName\": \"virtual-network-rg\",\r\n          \"description\": \"All virutal network should save under this resource group.\"\r\n        },\r\n        \"dependsOn\": []\r\n      }\r\n    },\r\n    \"targetScope\": \"subscription\",\r\n    \"status\": {\r\n      \"timeCreated\": \"2018-12-05T13:48:07-08:00\",\r\n      \"lastModified\": \"2018-12-05T13:48:07-08:00\"\r\n    },\r\n    \"displayName\": \"Sample Blueprint from Unittest\"\r\n  },\r\n  \"id\": \"/providers/Microsoft.Management/managementGroups/emptyMG/providers/Microsoft.Blueprint/blueprints/MGBPfromDotnetSDK\",\r\n  \"type\": \"Microsoft.Blueprint/blueprints\",\r\n  \"name\": \"MGBPfromDotnetSDK\"\r\n}",
      "StatusCode": 201
    },
    {
      "RequestUri": "//providers/Microsoft.Management/managementGroups/emptyMG/providers/Microsoft.Blueprint/blueprints/MGBPfromDotnetSDK?api-version=2018-11-01-preview",
      "EncodedRequestUri": "Ly9wcm92aWRlcnMvTWljcm9zb2Z0Lk1hbmFnZW1lbnQvbWFuYWdlbWVudEdyb3Vwcy9lbXB0eU1HL3Byb3ZpZGVycy9NaWNyb3NvZnQuQmx1ZXByaW50L2JsdWVwcmludHMvTUdCUGZyb21Eb3RuZXRTREs/YXBpLXZlcnNpb249MjAxOC0xMS0wMS1wcmV2aWV3",
      "RequestMethod": "GET",
      "RequestBody": "",
      "RequestHeaders": {
        "x-ms-client-request-id": [
          "e0166768-0db6-4d2c-962c-6541aff6f73c"
        ],
        "accept-language": [
          "en-US"
        ],
        "User-Agent": [
          "FxVersion/4.6.26614.01",
          "Microsoft.Azure.Management.Blueprint.BlueprintManagementClient/0.9.1.0"
        ]
      },
      "ResponseHeaders": {
        "Cache-Control": [
          "no-cache"
        ],
        "Date": [
          "Wed, 05 Dec 2018 21:48:06 GMT"
        ],
        "Pragma": [
          "no-cache"
        ],
        "Server": [
          "Microsoft-HTTPAPI/2.0"
        ],
        "x-ms-request-id": [
          "714c8458-5bce-452c-8d7f-1e37fcb3de3b"
        ],
        "x-ms-ratelimit-remaining-tenant-reads": [
          "11995"
        ],
        "x-ms-correlation-request-id": [
          "58eec224-9e56-4799-988b-07a9673e40ea"
        ],
        "x-ms-routing-request-id": [
          "WESTUS2:20181205T214807Z:58eec224-9e56-4799-988b-07a9673e40ea"
        ],
        "Strict-Transport-Security": [
          "max-age=31536000; includeSubDomains"
        ],
        "X-Content-Type-Options": [
          "nosniff"
        ],
        "Content-Length": [
          "1550"
        ],
        "Content-Type": [
          "application/json; charset=utf-8"
        ],
        "Expires": [
          "-1"
        ]
      },
      "ResponseBody": "{\r\n  \"properties\": {\r\n    \"parameters\": {\r\n      \"vNetName\": {\r\n        \"type\": \"string\",\r\n        \"metadata\": {\r\n          \"displayName\": \"default vNet for this subscription.\",\r\n          \"description\": \"default vNet created by this blueprint.\"\r\n        },\r\n        \"defaultValue\": \"defaultPublicVNet\"\r\n      },\r\n      \"defaultLocation\": {\r\n        \"type\": \"string\",\r\n        \"metadata\": {\r\n          \"displayName\": \"default Location\",\r\n          \"description\": \"default location of resource created by this blueprint.\"\r\n        },\r\n        \"defaultValue\": \"East US\"\r\n      },\r\n      \"defaultCostCenter\": {\r\n        \"type\": \"string\",\r\n        \"metadata\": {\r\n          \"displayName\": \"default CostCenter\",\r\n          \"description\": \"default CostCenter for this subscription.\"\r\n        },\r\n        \"defaultValue\": \"Contoso/IT/PROD/123456\"\r\n      }\r\n    },\r\n    \"resourceGroups\": {\r\n      \"vNicResourceGroup\": {\r\n        \"metadata\": {\r\n          \"displayName\": \"virtual-network-rg\",\r\n          \"description\": \"All virutal network should save under this resource group.\"\r\n        },\r\n        \"dependsOn\": []\r\n      }\r\n    },\r\n    \"targetScope\": \"subscription\",\r\n    \"status\": {\r\n      \"timeCreated\": \"2018-12-05T13:48:07-08:00\",\r\n      \"lastModified\": \"2018-12-05T13:48:07-08:00\"\r\n    },\r\n    \"displayName\": \"Sample Blueprint from Unittest\"\r\n  },\r\n  \"id\": \"/providers/Microsoft.Management/managementGroups/emptyMG/providers/Microsoft.Blueprint/blueprints/MGBPfromDotnetSDK\",\r\n  \"type\": \"Microsoft.Blueprint/blueprints\",\r\n  \"name\": \"MGBPfromDotnetSDK\"\r\n}",
      "StatusCode": 200
    },
    {
      "RequestUri": "//providers/Microsoft.Management/managementGroups/emptyMG/providers/Microsoft.Blueprint/blueprints/MGBPfromDotnetSDK2?api-version=2018-11-01-preview",
      "EncodedRequestUri": "Ly9wcm92aWRlcnMvTWljcm9zb2Z0Lk1hbmFnZW1lbnQvbWFuYWdlbWVudEdyb3Vwcy9lbXB0eU1HL3Byb3ZpZGVycy9NaWNyb3NvZnQuQmx1ZXByaW50L2JsdWVwcmludHMvTUdCUGZyb21Eb3RuZXRTREsyP2FwaS12ZXJzaW9uPTIwMTgtMTEtMDEtcHJldmlldw==",
      "RequestMethod": "PUT",
      "RequestBody": "{\r\n  \"properties\": {\r\n    \"displayName\": \"Sample Blueprint from Unittest\",\r\n    \"targetScope\": \"subscription\",\r\n    \"parameters\": {\r\n      \"vNetName\": {\r\n        \"type\": \"string\",\r\n        \"metadata\": {\r\n          \"displayName\": \"default vNet for this subscription.\",\r\n          \"description\": \"default vNet created by this blueprint.\"\r\n        },\r\n        \"defaultValue\": \"defaultPublicVNet\"\r\n      },\r\n      \"defaultLocation\": {\r\n        \"type\": \"string\",\r\n        \"metadata\": {\r\n          \"displayName\": \"default Location\",\r\n          \"description\": \"default location of resource created by this blueprint.\"\r\n        },\r\n        \"defaultValue\": \"East US\"\r\n      },\r\n      \"defaultCostCenter\": {\r\n        \"type\": \"string\",\r\n        \"metadata\": {\r\n          \"displayName\": \"default CostCenter\",\r\n          \"description\": \"default CostCenter for this subscription.\"\r\n        },\r\n        \"defaultValue\": \"Contoso/IT/PROD/123456\"\r\n      },\r\n      \"defaultKeyVaultStore\": {\r\n        \"type\": \"string\",\r\n        \"metadata\": {\r\n          \"displayName\": \"resource id for keyVault.\"\r\n        }\r\n      }\r\n    },\r\n    \"resourceGroups\": {\r\n      \"vNicResourceGroup\": {\r\n        \"metadata\": {\r\n          \"displayName\": \"virtual-network-rg\",\r\n          \"description\": \"All virutal network should save under this resource group.\"\r\n        }\r\n      }\r\n    }\r\n  }\r\n}",
      "RequestHeaders": {
        "x-ms-client-request-id": [
          "2769b0f1-ee94-4c33-934c-0ef52d2195d3"
        ],
        "accept-language": [
          "en-US"
        ],
        "User-Agent": [
          "FxVersion/4.6.26614.01",
          "Microsoft.Azure.Management.Blueprint.BlueprintManagementClient/0.9.1.0"
        ],
        "Content-Type": [
          "application/json; charset=utf-8"
        ],
        "Content-Length": [
          "1350"
        ]
      },
      "ResponseHeaders": {
        "Cache-Control": [
          "no-cache"
        ],
        "Date": [
          "Wed, 05 Dec 2018 21:48:06 GMT"
        ],
        "Pragma": [
          "no-cache"
        ],
        "Server": [
          "Microsoft-HTTPAPI/2.0"
        ],
        "x-ms-request-id": [
          "d4c07341-42e7-4b70-a7dd-8430f15279be"
        ],
        "x-ms-ratelimit-remaining-tenant-writes": [
          "1186"
        ],
        "x-ms-correlation-request-id": [
          "d03ee333-fb5e-49fa-a9a7-50f65e85cc01"
        ],
        "x-ms-routing-request-id": [
          "WESTUS2:20181205T214807Z:d03ee333-fb5e-49fa-a9a7-50f65e85cc01"
        ],
        "Strict-Transport-Security": [
          "max-age=31536000; includeSubDomains"
        ],
        "X-Content-Type-Options": [
          "nosniff"
        ],
        "Content-Length": [
          "1710"
        ],
        "Content-Type": [
          "application/json; charset=utf-8"
        ],
        "Expires": [
          "-1"
        ]
      },
      "ResponseBody": "{\r\n  \"properties\": {\r\n    \"parameters\": {\r\n      \"vNetName\": {\r\n        \"type\": \"string\",\r\n        \"metadata\": {\r\n          \"displayName\": \"default vNet for this subscription.\",\r\n          \"description\": \"default vNet created by this blueprint.\"\r\n        },\r\n        \"defaultValue\": \"defaultPublicVNet\"\r\n      },\r\n      \"defaultLocation\": {\r\n        \"type\": \"string\",\r\n        \"metadata\": {\r\n          \"displayName\": \"default Location\",\r\n          \"description\": \"default location of resource created by this blueprint.\"\r\n        },\r\n        \"defaultValue\": \"East US\"\r\n      },\r\n      \"defaultCostCenter\": {\r\n        \"type\": \"string\",\r\n        \"metadata\": {\r\n          \"displayName\": \"default CostCenter\",\r\n          \"description\": \"default CostCenter for this subscription.\"\r\n        },\r\n        \"defaultValue\": \"Contoso/IT/PROD/123456\"\r\n      },\r\n      \"defaultKeyVaultStore\": {\r\n        \"type\": \"string\",\r\n        \"metadata\": {\r\n          \"displayName\": \"resource id for keyVault.\"\r\n        }\r\n      }\r\n    },\r\n    \"resourceGroups\": {\r\n      \"vNicResourceGroup\": {\r\n        \"metadata\": {\r\n          \"displayName\": \"virtual-network-rg\",\r\n          \"description\": \"All virutal network should save under this resource group.\"\r\n        },\r\n        \"dependsOn\": []\r\n      }\r\n    },\r\n    \"targetScope\": \"subscription\",\r\n    \"status\": {\r\n      \"timeCreated\": \"2018-12-05T13:48:07-08:00\",\r\n      \"lastModified\": \"2018-12-05T13:48:07-08:00\"\r\n    },\r\n    \"displayName\": \"Sample Blueprint from Unittest\"\r\n  },\r\n  \"id\": \"/providers/Microsoft.Management/managementGroups/emptyMG/providers/Microsoft.Blueprint/blueprints/MGBPfromDotnetSDK2\",\r\n  \"type\": \"Microsoft.Blueprint/blueprints\",\r\n  \"name\": \"MGBPfromDotnetSDK2\"\r\n}",
      "StatusCode": 201
    },
    {
      "RequestUri": "//providers/Microsoft.Management/managementGroups/emptyMG/providers/Microsoft.Blueprint/blueprints?api-version=2018-11-01-preview",
      "EncodedRequestUri": "Ly9wcm92aWRlcnMvTWljcm9zb2Z0Lk1hbmFnZW1lbnQvbWFuYWdlbWVudEdyb3Vwcy9lbXB0eU1HL3Byb3ZpZGVycy9NaWNyb3NvZnQuQmx1ZXByaW50L2JsdWVwcmludHM/YXBpLXZlcnNpb249MjAxOC0xMS0wMS1wcmV2aWV3",
      "RequestMethod": "GET",
      "RequestBody": "",
      "RequestHeaders": {
        "x-ms-client-request-id": [
          "289febb6-65ae-40e9-a0de-5c154ebcaf18"
        ],
        "accept-language": [
          "en-US"
        ],
        "User-Agent": [
          "FxVersion/4.6.26614.01",
          "Microsoft.Azure.Management.Blueprint.BlueprintManagementClient/0.9.1.0"
        ]
      },
      "ResponseHeaders": {
        "Cache-Control": [
          "no-cache"
        ],
        "Date": [
          "Wed, 05 Dec 2018 21:48:06 GMT"
        ],
        "Pragma": [
          "no-cache"
        ],
        "Server": [
          "Microsoft-HTTPAPI/2.0"
        ],
        "x-ms-request-id": [
          "45e4f25e-5f4c-4d2b-b1f3-5b4536697c14"
        ],
        "x-ms-ratelimit-remaining-tenant-reads": [
          "11994"
        ],
        "x-ms-correlation-request-id": [
          "9ba09dd8-68c6-44f0-b72e-35608e394438"
        ],
        "x-ms-routing-request-id": [
          "WESTUS2:20181205T214807Z:9ba09dd8-68c6-44f0-b72e-35608e394438"
        ],
        "Strict-Transport-Security": [
          "max-age=31536000; includeSubDomains"
        ],
        "X-Content-Type-Options": [
          "nosniff"
        ],
        "Content-Length": [
          "3878"
        ],
        "Content-Type": [
          "application/json; charset=utf-8"
        ],
        "Expires": [
          "-1"
        ]
      },
      "ResponseBody": "{\r\n  \"value\": [\r\n    {\r\n      \"properties\": {\r\n        \"parameters\": {\r\n          \"vNetName\": {\r\n            \"type\": \"string\",\r\n            \"metadata\": {\r\n              \"displayName\": \"default vNet for this subscription.\",\r\n              \"description\": \"default vNet created by this blueprint.\"\r\n            },\r\n            \"defaultValue\": \"defaultPublicVNet\"\r\n          },\r\n          \"defaultLocation\": {\r\n            \"type\": \"string\",\r\n            \"metadata\": {\r\n              \"displayName\": \"default Location\",\r\n              \"description\": \"default location of resource created by this blueprint.\"\r\n            },\r\n            \"defaultValue\": \"East US\"\r\n          },\r\n          \"defaultCostCenter\": {\r\n            \"type\": \"string\",\r\n            \"metadata\": {\r\n              \"displayName\": \"default CostCenter\",\r\n              \"description\": \"default CostCenter for this subscription.\"\r\n            },\r\n            \"defaultValue\": \"Contoso/IT/PROD/123456\"\r\n          },\r\n          \"defaultKeyVaultStore\": {\r\n            \"type\": \"string\",\r\n            \"metadata\": {\r\n              \"displayName\": \"resource id for keyVault.\"\r\n            }\r\n          }\r\n        },\r\n        \"resourceGroups\": {\r\n          \"vNicResourceGroup\": {\r\n            \"metadata\": {\r\n              \"displayName\": \"virtual-network-rg\",\r\n              \"description\": \"All virutal network should save under this resource group.\"\r\n            },\r\n            \"dependsOn\": []\r\n          }\r\n        },\r\n        \"targetScope\": \"subscription\",\r\n        \"status\": {\r\n          \"timeCreated\": \"2018-12-05T13:48:07-08:00\",\r\n          \"lastModified\": \"2018-12-05T13:48:07-08:00\"\r\n        },\r\n        \"displayName\": \"Sample Blueprint from Unittest\"\r\n      },\r\n      \"id\": \"/providers/Microsoft.Management/managementGroups/emptyMG/providers/Microsoft.Blueprint/blueprints/MGBPfromDotnetSDK\",\r\n      \"type\": \"Microsoft.Blueprint/blueprints\",\r\n      \"name\": \"MGBPfromDotnetSDK\"\r\n    },\r\n    {\r\n      \"properties\": {\r\n        \"parameters\": {\r\n          \"vNetName\": {\r\n            \"type\": \"string\",\r\n            \"metadata\": {\r\n              \"displayName\": \"default vNet for this subscription.\",\r\n              \"description\": \"default vNet created by this blueprint.\"\r\n            },\r\n            \"defaultValue\": \"defaultPublicVNet\"\r\n          },\r\n          \"defaultLocation\": {\r\n            \"type\": \"string\",\r\n            \"metadata\": {\r\n              \"displayName\": \"default Location\",\r\n              \"description\": \"default location of resource created by this blueprint.\"\r\n            },\r\n            \"defaultValue\": \"East US\"\r\n          },\r\n          \"defaultCostCenter\": {\r\n            \"type\": \"string\",\r\n            \"metadata\": {\r\n              \"displayName\": \"default CostCenter\",\r\n              \"description\": \"default CostCenter for this subscription.\"\r\n            },\r\n            \"defaultValue\": \"Contoso/IT/PROD/123456\"\r\n          },\r\n          \"defaultKeyVaultStore\": {\r\n            \"type\": \"string\",\r\n            \"metadata\": {\r\n              \"displayName\": \"resource id for keyVault.\"\r\n            }\r\n          }\r\n        },\r\n        \"resourceGroups\": {\r\n          \"vNicResourceGroup\": {\r\n            \"metadata\": {\r\n              \"displayName\": \"virtual-network-rg\",\r\n              \"description\": \"All virutal network should save under this resource group.\"\r\n            },\r\n            \"dependsOn\": []\r\n          }\r\n        },\r\n        \"targetScope\": \"subscription\",\r\n        \"status\": {\r\n          \"timeCreated\": \"2018-12-05T13:48:07-08:00\",\r\n          \"lastModified\": \"2018-12-05T13:48:07-08:00\"\r\n        },\r\n        \"displayName\": \"Sample Blueprint from Unittest\"\r\n      },\r\n      \"id\": \"/providers/Microsoft.Management/managementGroups/emptyMG/providers/Microsoft.Blueprint/blueprints/MGBPfromDotnetSDK2\",\r\n      \"type\": \"Microsoft.Blueprint/blueprints\",\r\n      \"name\": \"MGBPfromDotnetSDK2\"\r\n    }\r\n  ]\r\n}",
      "StatusCode": 200
    },
    {
      "RequestUri": "//providers/Microsoft.Management/managementGroups/emptyMG/providers/Microsoft.Blueprint/blueprints/MGBPfromDotnetSDK?api-version=2018-11-01-preview",
      "EncodedRequestUri": "Ly9wcm92aWRlcnMvTWljcm9zb2Z0Lk1hbmFnZW1lbnQvbWFuYWdlbWVudEdyb3Vwcy9lbXB0eU1HL3Byb3ZpZGVycy9NaWNyb3NvZnQuQmx1ZXByaW50L2JsdWVwcmludHMvTUdCUGZyb21Eb3RuZXRTREs/YXBpLXZlcnNpb249MjAxOC0xMS0wMS1wcmV2aWV3",
      "RequestMethod": "DELETE",
      "RequestBody": "",
      "RequestHeaders": {
        "x-ms-client-request-id": [
          "561f3d49-44d7-4f16-b6da-d50a815e965d"
        ],
        "accept-language": [
          "en-US"
        ],
        "User-Agent": [
          "FxVersion/4.6.26614.01",
          "Microsoft.Azure.Management.Blueprint.BlueprintManagementClient/0.9.1.0"
        ]
      },
      "ResponseHeaders": {
        "Cache-Control": [
          "no-cache"
        ],
        "Date": [
          "Wed, 05 Dec 2018 21:48:06 GMT"
        ],
        "Pragma": [
          "no-cache"
        ],
        "Server": [
          "Microsoft-HTTPAPI/2.0"
        ],
        "x-ms-request-id": [
          "f09cdf8c-0ac9-4355-ac4f-45442fce860e"
        ],
        "x-ms-ratelimit-remaining-tenant-writes": [
          "1185"
        ],
        "x-ms-correlation-request-id": [
          "0124d20f-5678-4d77-a4aa-c2aea66d5b75"
        ],
        "x-ms-routing-request-id": [
          "WESTUS2:20181205T214807Z:0124d20f-5678-4d77-a4aa-c2aea66d5b75"
        ],
        "Strict-Transport-Security": [
          "max-age=31536000; includeSubDomains"
        ],
        "X-Content-Type-Options": [
          "nosniff"
        ],
        "Content-Length": [
          "1708"
        ],
        "Content-Type": [
          "application/json; charset=utf-8"
        ],
        "Expires": [
          "-1"
        ]
      },
      "ResponseBody": "{\r\n  \"properties\": {\r\n    \"parameters\": {\r\n      \"vNetName\": {\r\n        \"type\": \"string\",\r\n        \"metadata\": {\r\n          \"displayName\": \"default vNet for this subscription.\",\r\n          \"description\": \"default vNet created by this blueprint.\"\r\n        },\r\n        \"defaultValue\": \"defaultPublicVNet\"\r\n      },\r\n      \"defaultLocation\": {\r\n        \"type\": \"string\",\r\n        \"metadata\": {\r\n          \"displayName\": \"default Location\",\r\n          \"description\": \"default location of resource created by this blueprint.\"\r\n        },\r\n        \"defaultValue\": \"East US\"\r\n      },\r\n      \"defaultCostCenter\": {\r\n        \"type\": \"string\",\r\n        \"metadata\": {\r\n          \"displayName\": \"default CostCenter\",\r\n          \"description\": \"default CostCenter for this subscription.\"\r\n        },\r\n        \"defaultValue\": \"Contoso/IT/PROD/123456\"\r\n      },\r\n      \"defaultKeyVaultStore\": {\r\n        \"type\": \"string\",\r\n        \"metadata\": {\r\n          \"displayName\": \"resource id for keyVault.\"\r\n        }\r\n      }\r\n    },\r\n    \"resourceGroups\": {\r\n      \"vNicResourceGroup\": {\r\n        \"metadata\": {\r\n          \"displayName\": \"virtual-network-rg\",\r\n          \"description\": \"All virutal network should save under this resource group.\"\r\n        },\r\n        \"dependsOn\": []\r\n      }\r\n    },\r\n    \"targetScope\": \"subscription\",\r\n    \"status\": {\r\n      \"timeCreated\": \"2018-12-05T13:48:07-08:00\",\r\n      \"lastModified\": \"2018-12-05T13:48:07-08:00\"\r\n    },\r\n    \"displayName\": \"Sample Blueprint from Unittest\"\r\n  },\r\n  \"id\": \"/providers/Microsoft.Management/managementGroups/emptyMG/providers/Microsoft.Blueprint/blueprints/MGBPfromDotnetSDK\",\r\n  \"type\": \"Microsoft.Blueprint/blueprints\",\r\n  \"name\": \"MGBPfromDotnetSDK\"\r\n}",
      "StatusCode": 200
    },
    {
      "RequestUri": "//providers/Microsoft.Management/managementGroups/emptyMG/providers/Microsoft.Blueprint/blueprints/MGBPfromDotnetSDK2?api-version=2018-11-01-preview",
      "EncodedRequestUri": "Ly9wcm92aWRlcnMvTWljcm9zb2Z0Lk1hbmFnZW1lbnQvbWFuYWdlbWVudEdyb3Vwcy9lbXB0eU1HL3Byb3ZpZGVycy9NaWNyb3NvZnQuQmx1ZXByaW50L2JsdWVwcmludHMvTUdCUGZyb21Eb3RuZXRTREsyP2FwaS12ZXJzaW9uPTIwMTgtMTEtMDEtcHJldmlldw==",
      "RequestMethod": "DELETE",
      "RequestBody": "",
      "RequestHeaders": {
        "x-ms-client-request-id": [
          "bb956d5b-48c6-4227-a1ef-b4c5b7440f03"
        ],
        "accept-language": [
          "en-US"
        ],
        "User-Agent": [
          "FxVersion/4.6.26614.01",
          "Microsoft.Azure.Management.Blueprint.BlueprintManagementClient/0.9.1.0"
        ]
      },
      "ResponseHeaders": {
        "Cache-Control": [
          "no-cache"
        ],
        "Date": [
          "Wed, 05 Dec 2018 21:48:06 GMT"
        ],
        "Pragma": [
          "no-cache"
        ],
        "Server": [
          "Microsoft-HTTPAPI/2.0"
        ],
        "x-ms-request-id": [
          "0d5c9dae-44e1-4bc5-bfbd-d40bd0682017"
        ],
        "x-ms-ratelimit-remaining-tenant-writes": [
          "1184"
        ],
        "x-ms-correlation-request-id": [
          "9ff7a9ea-a236-43c3-9e58-9393616180c3"
        ],
        "x-ms-routing-request-id": [
          "WESTUS2:20181205T214807Z:9ff7a9ea-a236-43c3-9e58-9393616180c3"
        ],
        "Strict-Transport-Security": [
          "max-age=31536000; includeSubDomains"
        ],
        "X-Content-Type-Options": [
          "nosniff"
        ],
        "Content-Length": [
          "1710"
        ],
        "Content-Type": [
          "application/json; charset=utf-8"
        ],
        "Expires": [
          "-1"
        ]
      },
      "ResponseBody": "{\r\n  \"properties\": {\r\n    \"parameters\": {\r\n      \"vNetName\": {\r\n        \"type\": \"string\",\r\n        \"metadata\": {\r\n          \"displayName\": \"default vNet for this subscription.\",\r\n          \"description\": \"default vNet created by this blueprint.\"\r\n        },\r\n        \"defaultValue\": \"defaultPublicVNet\"\r\n      },\r\n      \"defaultLocation\": {\r\n        \"type\": \"string\",\r\n        \"metadata\": {\r\n          \"displayName\": \"default Location\",\r\n          \"description\": \"default location of resource created by this blueprint.\"\r\n        },\r\n        \"defaultValue\": \"East US\"\r\n      },\r\n      \"defaultCostCenter\": {\r\n        \"type\": \"string\",\r\n        \"metadata\": {\r\n          \"displayName\": \"default CostCenter\",\r\n          \"description\": \"default CostCenter for this subscription.\"\r\n        },\r\n        \"defaultValue\": \"Contoso/IT/PROD/123456\"\r\n      },\r\n      \"defaultKeyVaultStore\": {\r\n        \"type\": \"string\",\r\n        \"metadata\": {\r\n          \"displayName\": \"resource id for keyVault.\"\r\n        }\r\n      }\r\n    },\r\n    \"resourceGroups\": {\r\n      \"vNicResourceGroup\": {\r\n        \"metadata\": {\r\n          \"displayName\": \"virtual-network-rg\",\r\n          \"description\": \"All virutal network should save under this resource group.\"\r\n        },\r\n        \"dependsOn\": []\r\n      }\r\n    },\r\n    \"targetScope\": \"subscription\",\r\n    \"status\": {\r\n      \"timeCreated\": \"2018-12-05T13:48:07-08:00\",\r\n      \"lastModified\": \"2018-12-05T13:48:07-08:00\"\r\n    },\r\n    \"displayName\": \"Sample Blueprint from Unittest\"\r\n  },\r\n  \"id\": \"/providers/Microsoft.Management/managementGroups/emptyMG/providers/Microsoft.Blueprint/blueprints/MGBPfromDotnetSDK2\",\r\n  \"type\": \"Microsoft.Blueprint/blueprints\",\r\n  \"name\": \"MGBPfromDotnetSDK2\"\r\n}",
      "StatusCode": 200
    }
  ],
  "Names": {},
  "Variables": {
    "SubscriptionId": "28cbf98f-381d-4425-9ac4-cf342dab9753"
  }
}