{
  "Entries": [
    {
      "RequestUri": "https://mohitc-acs.search.windows.net/indexes(\u0027mmywlwtx\u0027)/docs/$count?api-version=2020-06-30",
      "RequestMethod": "GET",
      "RequestHeaders": {
        "Accept": "application/json; odata.metadata=none",
        "api-key": "Sanitized",
        "traceparent": "00-98e002d53dd46245a17a65cd33a04c36-5637eec9bc2f8243-00",
        "User-Agent": [
          "azsdk-net-Search.Documents/11.3.0-alpha.20210326.1",
          "(.NET Core 4.6.29719.03; Microsoft Windows 10.0.19043 )"
        ],
        "x-ms-client-request-id": "f05ec4bd04cb5fe530e1b8d7790b4f28",
        "x-ms-return-client-request-id": "true"
      },
      "RequestBody": null,
      "StatusCode": 200,
      "ResponseHeaders": {
        "Cache-Control": "no-cache",
        "client-request-id": "f05ec4bd-04cb-5fe5-30e1-b8d7790b4f28",
        "Content-Length": "4",
        "Content-Type": "text/plain",
        "Date": "Sat, 27 Mar 2021 03:28:45 GMT",
        "elapsed-time": "66",
        "Expires": "-1",
        "OData-Version": "4.0",
        "Pragma": "no-cache",
        "Preference-Applied": "odata.include-annotations=\u0022*\u0022",
        "request-id": "f05ec4bd-04cb-5fe5-30e1-b8d7790b4f28",
        "Strict-Transport-Security": "max-age=15724800; includeSubDomains",
        "x-ms-client-request-id": "f05ec4bd-04cb-5fe5-30e1-b8d7790b4f28"
      },
      "ResponseBody": "\uFEFF0"
    },
    {
      "RequestUri": "https://mohitc-acs.search.windows.net/indexes(\u0027mmywlwtx\u0027)/docs/search.index?api-version=2020-06-30",
      "RequestMethod": "POST",
      "RequestHeaders": {
        "Accept": "application/json; odata.metadata=none",
        "api-key": "Sanitized",
        "Content-Length": "1193",
        "Content-Type": "application/json",
        "User-Agent": [
          "azsdk-net-Search.Documents/11.3.0-alpha.20210326.1",
          "(.NET Core 4.6.29719.03; Microsoft Windows 10.0.19043 )"
        ],
        "x-ms-client-request-id": "e0d7603056d88dc02cbf392d17a6ef2f",
        "x-ms-return-client-request-id": "true"
      },
      "RequestBody": {
        "value": [
          {
            "@search.action": "upload",
            "Id": "1",
            "Name": "Document #1"
          },
          {
            "@search.action": "upload",
            "Id": "2",
            "Name": "Document #2"
          },
          {
            "@search.action": "upload",
            "Id": "3",
            "Name": "Document #3"
          },
          {
            "@search.action": "upload",
            "Id": "4",
            "Name": "Document #4"
          },
          {
            "@search.action": "upload",
            "Id": "5",
            "Name": "Document #5"
          },
          {
            "@search.action": "upload",
            "Id": "6",
            "Name": "Document #6"
          },
          {
            "@search.action": "upload",
            "Id": "7",
            "Name": "Document #7"
          },
          {
            "@search.action": "upload",
            "Id": "8",
            "Name": "Document #8"
          },
          {
            "@search.action": "upload",
            "Id": "9",
            "Name": "Document #9"
          },
          {
            "@search.action": "upload",
            "Id": "10",
            "Name": "Document #10"
          },
          {
            "@search.action": "upload",
            "Id": "11",
            "Name": "Document #11"
          },
          {
            "@search.action": "upload",
            "Id": "12",
            "Name": "Document #12"
          },
          {
            "@search.action": "upload",
            "Id": "13",
            "Name": "Document #13"
          },
          {
            "@search.action": "upload",
            "Id": "14",
            "Name": "Document #14"
          },
          {
            "@search.action": "upload",
            "Id": "15",
            "Name": "Document #15"
          },
          {
            "@search.action": "upload",
            "Id": "16",
            "Name": "Document #16"
          },
          {
            "@search.action": "upload",
            "Id": "17",
            "Name": "Document #17"
          },
          {
            "@search.action": "upload",
            "Id": "18",
            "Name": "Document #18"
          },
          {
            "@search.action": "upload",
            "Id": "19",
            "Name": "Document #19"
          },
          {
            "@search.action": "upload",
            "Id": "20",
            "Name": "Document #20"
          }
        ]
      },
      "StatusCode": 200,
      "ResponseHeaders": {
        "Cache-Control": "no-cache",
        "client-request-id": "e0d76030-56d8-8dc0-2cbf-392d17a6ef2f",
        "Content-Length": "1282",
        "Content-Type": "application/json; odata.metadata=none",
        "Date": "Sat, 27 Mar 2021 03:28:46 GMT",
        "elapsed-time": "140",
        "Expires": "-1",
        "OData-Version": "4.0",
        "Pragma": "no-cache",
        "Preference-Applied": "odata.include-annotations=\u0022*\u0022",
        "request-id": "e0d76030-56d8-8dc0-2cbf-392d17a6ef2f",
        "Strict-Transport-Security": "max-age=15724800; includeSubDomains",
        "x-ms-client-request-id": "e0d76030-56d8-8dc0-2cbf-392d17a6ef2f"
      },
      "ResponseBody": {
        "value": [
          {
            "key": "1",
            "status": true,
            "errorMessage": null,
            "statusCode": 201
          },
          {
            "key": "2",
            "status": true,
            "errorMessage": null,
            "statusCode": 201
          },
          {
            "key": "3",
            "status": true,
            "errorMessage": null,
            "statusCode": 201
          },
          {
            "key": "4",
            "status": true,
            "errorMessage": null,
            "statusCode": 201
          },
          {
            "key": "5",
            "status": true,
            "errorMessage": null,
            "statusCode": 201
          },
          {
            "key": "6",
            "status": true,
            "errorMessage": null,
            "statusCode": 201
          },
          {
            "key": "7",
            "status": true,
            "errorMessage": null,
            "statusCode": 201
          },
          {
            "key": "8",
            "status": true,
            "errorMessage": null,
            "statusCode": 201
          },
          {
            "key": "9",
            "status": true,
            "errorMessage": null,
            "statusCode": 201
          },
          {
            "key": "10",
            "status": true,
            "errorMessage": null,
            "statusCode": 201
          },
          {
            "key": "11",
            "status": true,
            "errorMessage": null,
            "statusCode": 201
          },
          {
            "key": "12",
            "status": true,
            "errorMessage": null,
            "statusCode": 201
          },
          {
            "key": "13",
            "status": true,
            "errorMessage": null,
            "statusCode": 201
          },
          {
            "key": "14",
            "status": true,
            "errorMessage": null,
            "statusCode": 201
          },
          {
            "key": "15",
            "status": true,
            "errorMessage": null,
            "statusCode": 201
          },
          {
            "key": "16",
            "status": true,
            "errorMessage": null,
            "statusCode": 201
          },
          {
            "key": "17",
            "status": true,
            "errorMessage": null,
            "statusCode": 201
          },
          {
            "key": "18",
            "status": true,
            "errorMessage": null,
            "statusCode": 201
          },
          {
            "key": "19",
            "status": true,
            "errorMessage": null,
            "statusCode": 201
          },
          {
            "key": "20",
            "status": true,
            "errorMessage": null,
            "statusCode": 201
          }
        ]
      }
    },
    {
      "RequestUri": "https://mohitc-acs.search.windows.net/indexes(\u0027mmywlwtx\u0027)/docs/$count?api-version=2020-06-30",
      "RequestMethod": "GET",
      "RequestHeaders": {
        "Accept": "application/json; odata.metadata=none",
        "api-key": "Sanitized",
        "traceparent": "00-9795da903dbbdc4f847f303a5f61af57-978285f9da4e5f40-00",
        "User-Agent": [
          "azsdk-net-Search.Documents/11.3.0-alpha.20210326.1",
          "(.NET Core 4.6.29719.03; Microsoft Windows 10.0.19043 )"
        ],
        "x-ms-client-request-id": "4e69ed2d4b42f33b34f72024d9fe168a",
        "x-ms-return-client-request-id": "true"
      },
      "RequestBody": null,
      "StatusCode": 200,
      "ResponseHeaders": {
        "Cache-Control": "no-cache",
        "client-request-id": "4e69ed2d-4b42-f33b-34f7-2024d9fe168a",
        "Content-Length": "5",
        "Content-Type": "text/plain",
        "Date": "Sat, 27 Mar 2021 03:28:46 GMT",
        "elapsed-time": "6",
        "Expires": "-1",
        "OData-Version": "4.0",
        "Pragma": "no-cache",
        "Preference-Applied": "odata.include-annotations=\u0022*\u0022",
        "request-id": "4e69ed2d-4b42-f33b-34f7-2024d9fe168a",
        "Strict-Transport-Security": "max-age=15724800; includeSubDomains",
        "x-ms-client-request-id": "4e69ed2d-4b42-f33b-34f7-2024d9fe168a"
      },
      "ResponseBody": "\uFEFF11"
    },
    {
      "RequestUri": "https://mohitc-acs.search.windows.net/indexes(\u0027mmywlwtx\u0027)/docs/$count?api-version=2020-06-30",
      "RequestMethod": "GET",
      "RequestHeaders": {
        "Accept": "application/json; odata.metadata=none",
        "api-key": "Sanitized",
        "traceparent": "00-3eb7cbee1664ec4c84f5465ba5493294-286aac64b64a5440-00",
        "User-Agent": [
          "azsdk-net-Search.Documents/11.3.0-alpha.20210326.1",
          "(.NET Core 4.6.29719.03; Microsoft Windows 10.0.19043 )"
        ],
        "x-ms-client-request-id": "cf94db0a788c67aa04d1c30ccbb7488a",
        "x-ms-return-client-request-id": "true"
      },
      "RequestBody": null,
      "StatusCode": 200,
      "ResponseHeaders": {
        "Cache-Control": "no-cache",
        "client-request-id": "cf94db0a-788c-67aa-04d1-c30ccbb7488a",
        "Content-Length": "5",
        "Content-Type": "text/plain",
        "Date": "Sat, 27 Mar 2021 03:28:47 GMT",
        "elapsed-time": "7",
        "Expires": "-1",
        "OData-Version": "4.0",
        "Pragma": "no-cache",
        "Preference-Applied": "odata.include-annotations=\u0022*\u0022",
        "request-id": "cf94db0a-788c-67aa-04d1-c30ccbb7488a",
        "Strict-Transport-Security": "max-age=15724800; includeSubDomains",
        "x-ms-client-request-id": "cf94db0a-788c-67aa-04d1-c30ccbb7488a"
      },
      "ResponseBody": "\uFEFF20"
    },
    {
      "RequestUri": "https://mohitc-acs.search.windows.net/indexes(\u0027mmywlwtx\u0027)?api-version=2020-06-30",
      "RequestMethod": "DELETE",
      "RequestHeaders": {
        "Accept": "application/json; odata.metadata=minimal",
        "api-key": "Sanitized",
        "traceparent": "00-393c0306727b3449ac20ce96ad318e97-39a168853390d542-00",
        "User-Agent": [
          "azsdk-net-Search.Documents/11.3.0-alpha.20210326.1",
          "(.NET Core 4.6.29719.03; Microsoft Windows 10.0.19043 )"
        ],
        "x-ms-client-request-id": "8caa88f100a2e5e625e4ace0359bb32d",
        "x-ms-return-client-request-id": "true"
      },
      "RequestBody": null,
      "StatusCode": 204,
      "ResponseHeaders": {
        "Cache-Control": "no-cache",
        "client-request-id": "8caa88f1-00a2-e5e6-25e4-ace0359bb32d",
        "Date": "Sat, 27 Mar 2021 03:28:48 GMT",
        "elapsed-time": "165",
        "Expires": "-1",
        "Pragma": "no-cache",
        "request-id": "8caa88f1-00a2-e5e6-25e4-ace0359bb32d",
        "Strict-Transport-Security": "max-age=15724800; includeSubDomains",
        "x-ms-client-request-id": "8caa88f1-00a2-e5e6-25e4-ace0359bb32d"
      },
      "ResponseBody": []
    }
  ],
  "Variables": {
    "RandomSeed": "800330320",
    "SearchIndexName": "mmywlwtx",
    "SEARCH_ENDPOINT_SUFFIX": null
  }
}