{
  "Entries": [
    {
      "RequestUri": "https://azs-net-mohitsearch.search.windows.net/indexes(\u0027otttcwbi\u0027)/docs/search.index?api-version=2020-06-30",
      "RequestMethod": "POST",
      "RequestHeaders": {
        "Accept": "application/json; odata.metadata=none",
        "api-key": "Sanitized",
        "Content-Length": "76",
        "Content-Type": "application/json",
        "traceparent": "00-c6665f7789fb2242b446111a70b7f078-3d5a0e459801d449-00",
        "User-Agent": [
          "azsdk-net-Search.Documents/11.2.0-alpha.20210203.1",
          "(.NET Framework 4.8.4300.0; Microsoft Windows 10.0.19042 )"
        ],
        "x-ms-client-request-id": "b3a26da4180b50bfd99349e8e018fa0c",
        "x-ms-return-client-request-id": "true"
      },
      "RequestBody": {
        "value": [
          {
            "@search.action": "mergeOrUpload",
            "Id": "1",
            "Name": "Document #1"
          }
        ]
      },
      "StatusCode": 200,
      "ResponseHeaders": {
        "Cache-Control": "no-cache",
        "client-request-id": "b3a26da4-180b-50bf-d993-49e8e018fa0c",
        "Content-Length": "74",
        "Content-Type": "application/json; odata.metadata=none",
        "Date": "Wed, 03 Feb 2021 20:41:20 GMT",
        "elapsed-time": "95",
        "Expires": "-1",
        "OData-Version": "4.0",
        "Pragma": "no-cache",
        "Preference-Applied": "odata.include-annotations=\u0022*\u0022",
        "request-id": "b3a26da4-180b-50bf-d993-49e8e018fa0c",
        "Strict-Transport-Security": "max-age=15724800; includeSubDomains",
        "x-ms-client-request-id": "b3a26da4-180b-50bf-d993-49e8e018fa0c"
      },
      "ResponseBody": {
        "value": [
          {
            "key": "1",
            "status": true,
            "errorMessage": null,
            "statusCode": 201
          }
        ]
      }
    },
    {
      "RequestUri": "https://azs-net-mohitsearch.search.windows.net/indexes(\u0027otttcwbi\u0027)/docs/search.index?api-version=2020-06-30",
      "RequestMethod": "POST",
      "RequestHeaders": {
        "Accept": "application/json; odata.metadata=none",
        "api-key": "Sanitized",
        "Content-Length": "76",
        "Content-Type": "application/json",
        "traceparent": "00-80d455f45e94694e9e897816dd448b33-7b89faf7fa1efd47-00",
        "User-Agent": [
          "azsdk-net-Search.Documents/11.2.0-alpha.20210203.1",
          "(.NET Framework 4.8.4300.0; Microsoft Windows 10.0.19042 )"
        ],
        "x-ms-client-request-id": "1c93e4ea21550d5de1c6cdc1afcaf3aa",
        "x-ms-return-client-request-id": "true"
      },
      "RequestBody": {
        "value": [
          {
            "@search.action": "mergeOrUpload",
            "Id": "1",
            "Name": "Document #1"
          }
        ]
      },
      "StatusCode": 200,
      "ResponseHeaders": {
        "Cache-Control": "no-cache",
        "client-request-id": "1c93e4ea-2155-0d5d-e1c6-cdc1afcaf3aa",
        "Content-Length": "74",
        "Content-Type": "application/json; odata.metadata=none",
        "Date": "Wed, 03 Feb 2021 20:41:20 GMT",
        "elapsed-time": "6",
        "Expires": "-1",
        "OData-Version": "4.0",
        "Pragma": "no-cache",
        "Preference-Applied": "odata.include-annotations=\u0022*\u0022",
        "request-id": "1c93e4ea-2155-0d5d-e1c6-cdc1afcaf3aa",
        "Strict-Transport-Security": "max-age=15724800; includeSubDomains",
        "x-ms-client-request-id": "1c93e4ea-2155-0d5d-e1c6-cdc1afcaf3aa"
      },
      "ResponseBody": {
        "value": [
          {
            "key": "1",
            "status": true,
            "errorMessage": null,
            "statusCode": 200
          }
        ]
      }
    },
    {
      "RequestUri": "https://azs-net-mohitsearch.search.windows.net/indexes(\u0027otttcwbi\u0027)/docs/search.index?api-version=2020-06-30",
      "RequestMethod": "POST",
      "RequestHeaders": {
        "Accept": "application/json; odata.metadata=none",
        "api-key": "Sanitized",
        "Content-Length": "76",
        "Content-Type": "application/json",
        "traceparent": "00-5d9be2a3dd2c84448d1d24e8eca93b5c-91c09696287aed48-00",
        "User-Agent": [
          "azsdk-net-Search.Documents/11.2.0-alpha.20210203.1",
          "(.NET Framework 4.8.4300.0; Microsoft Windows 10.0.19042 )"
        ],
        "x-ms-client-request-id": "66679c6585b1019edd22aae6551a925c",
        "x-ms-return-client-request-id": "true"
      },
      "RequestBody": {
        "value": [
          {
            "@search.action": "mergeOrUpload",
            "Id": "1",
            "Name": "Document #1"
          }
        ]
      },
      "StatusCode": 200,
      "ResponseHeaders": {
        "Cache-Control": "no-cache",
        "client-request-id": "66679c65-85b1-019e-dd22-aae6551a925c",
        "Content-Length": "74",
        "Content-Type": "application/json; odata.metadata=none",
        "Date": "Wed, 03 Feb 2021 20:41:21 GMT",
        "elapsed-time": "7",
        "Expires": "-1",
        "OData-Version": "4.0",
        "Pragma": "no-cache",
        "Preference-Applied": "odata.include-annotations=\u0022*\u0022",
        "request-id": "66679c65-85b1-019e-dd22-aae6551a925c",
        "Strict-Transport-Security": "max-age=15724800; includeSubDomains",
        "x-ms-client-request-id": "66679c65-85b1-019e-dd22-aae6551a925c"
      },
      "ResponseBody": {
        "value": [
          {
            "key": "1",
            "status": true,
            "errorMessage": null,
            "statusCode": 200
          }
        ]
      }
    },
    {
      "RequestUri": "https://azs-net-mohitsearch.search.windows.net/indexes(\u0027otttcwbi\u0027)/docs/search.index?api-version=2020-06-30",
      "RequestMethod": "POST",
      "RequestHeaders": {
        "Accept": "application/json; odata.metadata=none",
        "api-key": "Sanitized",
        "Content-Length": "76",
        "Content-Type": "application/json",
        "traceparent": "00-22c0c905de44514f89b605de4251d55f-a463f7517a789449-00",
        "User-Agent": [
          "azsdk-net-Search.Documents/11.2.0-alpha.20210203.1",
          "(.NET Framework 4.8.4300.0; Microsoft Windows 10.0.19042 )"
        ],
        "x-ms-client-request-id": "5515fd4e5717835b0f95d1454afea00f",
        "x-ms-return-client-request-id": "true"
      },
      "RequestBody": {
        "value": [
          {
            "@search.action": "mergeOrUpload",
            "Id": "1",
            "Name": "Document #1"
          }
        ]
      },
      "StatusCode": 200,
      "ResponseHeaders": {
        "Cache-Control": "no-cache",
        "client-request-id": "5515fd4e-5717-835b-0f95-d1454afea00f",
        "Content-Length": "74",
        "Content-Type": "application/json; odata.metadata=none",
        "Date": "Wed, 03 Feb 2021 20:41:22 GMT",
        "elapsed-time": "7",
        "Expires": "-1",
        "OData-Version": "4.0",
        "Pragma": "no-cache",
        "Preference-Applied": "odata.include-annotations=\u0022*\u0022",
        "request-id": "5515fd4e-5717-835b-0f95-d1454afea00f",
        "Strict-Transport-Security": "max-age=15724800; includeSubDomains",
        "x-ms-client-request-id": "5515fd4e-5717-835b-0f95-d1454afea00f"
      },
      "ResponseBody": {
        "value": [
          {
            "key": "1",
            "status": true,
            "errorMessage": null,
            "statusCode": 200
          }
        ]
      }
    },
    {
      "RequestUri": "https://azs-net-mohitsearch.search.windows.net/indexes(\u0027otttcwbi\u0027)/docs/search.index?api-version=2020-06-30",
      "RequestMethod": "POST",
      "RequestHeaders": {
        "Accept": "application/json; odata.metadata=none",
        "api-key": "Sanitized",
        "Content-Length": "76",
        "Content-Type": "application/json",
        "traceparent": "00-589b27fd7dff254fa19e151ea777acf8-a0d31f1caff7bc40-00",
        "User-Agent": [
          "azsdk-net-Search.Documents/11.2.0-alpha.20210203.1",
          "(.NET Framework 4.8.4300.0; Microsoft Windows 10.0.19042 )"
        ],
        "x-ms-client-request-id": "43829fa094b0645b45923e337777b7c7",
        "x-ms-return-client-request-id": "true"
      },
      "RequestBody": {
        "value": [
          {
            "@search.action": "mergeOrUpload",
            "Id": "1",
            "Name": "Document #1"
          }
        ]
      },
      "StatusCode": 200,
      "ResponseHeaders": {
        "Cache-Control": "no-cache",
        "client-request-id": "43829fa0-94b0-645b-4592-3e337777b7c7",
        "Content-Length": "74",
        "Content-Type": "application/json; odata.metadata=none",
        "Date": "Wed, 03 Feb 2021 20:41:24 GMT",
        "elapsed-time": "5",
        "Expires": "-1",
        "OData-Version": "4.0",
        "Pragma": "no-cache",
        "Preference-Applied": "odata.include-annotations=\u0022*\u0022",
        "request-id": "43829fa0-94b0-645b-4592-3e337777b7c7",
        "Strict-Transport-Security": "max-age=15724800; includeSubDomains",
        "x-ms-client-request-id": "43829fa0-94b0-645b-4592-3e337777b7c7"
      },
      "ResponseBody": {
        "value": [
          {
            "key": "1",
            "status": true,
            "errorMessage": null,
            "statusCode": 200
          }
        ]
      }
    },
    {
      "RequestUri": "https://azs-net-mohitsearch.search.windows.net/indexes(\u0027otttcwbi\u0027)/docs/search.index?api-version=2020-06-30",
      "RequestMethod": "POST",
      "RequestHeaders": {
        "Accept": "application/json; odata.metadata=none",
        "api-key": "Sanitized",
        "Content-Length": "76",
        "Content-Type": "application/json",
        "traceparent": "00-40abcabc070adc41a4feddc790b39886-0c8acbecde546b4a-00",
        "User-Agent": [
          "azsdk-net-Search.Documents/11.2.0-alpha.20210203.1",
          "(.NET Framework 4.8.4300.0; Microsoft Windows 10.0.19042 )"
        ],
        "x-ms-client-request-id": "b27271339db50d9341e4561bb359b6df",
        "x-ms-return-client-request-id": "true"
      },
      "RequestBody": {
        "value": [
          {
            "@search.action": "mergeOrUpload",
            "Id": "1",
            "Name": "Document #1"
          }
        ]
      },
      "StatusCode": 200,
      "ResponseHeaders": {
        "Cache-Control": "no-cache",
        "client-request-id": "b2727133-9db5-0d93-41e4-561bb359b6df",
        "Content-Length": "74",
        "Content-Type": "application/json; odata.metadata=none",
        "Date": "Wed, 03 Feb 2021 20:41:25 GMT",
        "elapsed-time": "10",
        "Expires": "-1",
        "OData-Version": "4.0",
        "Pragma": "no-cache",
        "Preference-Applied": "odata.include-annotations=\u0022*\u0022",
        "request-id": "b2727133-9db5-0d93-41e4-561bb359b6df",
        "Strict-Transport-Security": "max-age=15724800; includeSubDomains",
        "x-ms-client-request-id": "b2727133-9db5-0d93-41e4-561bb359b6df"
      },
      "ResponseBody": {
        "value": [
          {
            "key": "1",
            "status": true,
            "errorMessage": null,
            "statusCode": 200
          }
        ]
      }
    },
    {
      "RequestUri": "https://azs-net-mohitsearch.search.windows.net/indexes(\u0027otttcwbi\u0027)/docs/search.index?api-version=2020-06-30",
      "RequestMethod": "POST",
      "RequestHeaders": {
        "Accept": "application/json; odata.metadata=none",
        "api-key": "Sanitized",
        "Content-Length": "76",
        "Content-Type": "application/json",
        "traceparent": "00-ed887de9ce1f134e925508fa0b3b6707-b3b0238002c21e46-00",
        "User-Agent": [
          "azsdk-net-Search.Documents/11.2.0-alpha.20210203.1",
          "(.NET Framework 4.8.4300.0; Microsoft Windows 10.0.19042 )"
        ],
        "x-ms-client-request-id": "b6469b814f97baaba2b0108418280c98",
        "x-ms-return-client-request-id": "true"
      },
      "RequestBody": {
        "value": [
          {
            "@search.action": "mergeOrUpload",
            "Id": "1",
            "Name": "Document #1"
          }
        ]
      },
      "StatusCode": 200,
      "ResponseHeaders": {
        "Cache-Control": "no-cache",
        "client-request-id": "b6469b81-4f97-baab-a2b0-108418280c98",
        "Content-Length": "74",
        "Content-Type": "application/json; odata.metadata=none",
        "Date": "Wed, 03 Feb 2021 20:41:26 GMT",
        "elapsed-time": "7",
        "Expires": "-1",
        "OData-Version": "4.0",
        "Pragma": "no-cache",
        "Preference-Applied": "odata.include-annotations=\u0022*\u0022",
        "request-id": "b6469b81-4f97-baab-a2b0-108418280c98",
        "Strict-Transport-Security": "max-age=15724800; includeSubDomains",
        "x-ms-client-request-id": "b6469b81-4f97-baab-a2b0-108418280c98"
      },
      "ResponseBody": {
        "value": [
          {
            "key": "1",
            "status": true,
            "errorMessage": null,
            "statusCode": 200
          }
        ]
      }
    },
    {
      "RequestUri": "https://azs-net-mohitsearch.search.windows.net/indexes(\u0027otttcwbi\u0027)/docs/search.index?api-version=2020-06-30",
      "RequestMethod": "POST",
      "RequestHeaders": {
        "Accept": "application/json; odata.metadata=none",
        "api-key": "Sanitized",
        "Content-Length": "76",
        "Content-Type": "application/json",
        "traceparent": "00-8ac4a161a5a3ca42894692125bbd82a1-546417b82bee414d-00",
        "User-Agent": [
          "azsdk-net-Search.Documents/11.2.0-alpha.20210203.1",
          "(.NET Framework 4.8.4300.0; Microsoft Windows 10.0.19042 )"
        ],
        "x-ms-client-request-id": "d8110adeee8b025a0b7502cc3d3fb0ec",
        "x-ms-return-client-request-id": "true"
      },
      "RequestBody": {
        "value": [
          {
            "@search.action": "mergeOrUpload",
            "Id": "1",
            "Name": "Document #1"
          }
        ]
      },
      "StatusCode": 200,
      "ResponseHeaders": {
        "Cache-Control": "no-cache",
        "client-request-id": "d8110ade-ee8b-025a-0b75-02cc3d3fb0ec",
        "Content-Length": "74",
        "Content-Type": "application/json; odata.metadata=none",
        "Date": "Wed, 03 Feb 2021 20:41:27 GMT",
        "elapsed-time": "7",
        "Expires": "-1",
        "OData-Version": "4.0",
        "Pragma": "no-cache",
        "Preference-Applied": "odata.include-annotations=\u0022*\u0022",
        "request-id": "d8110ade-ee8b-025a-0b75-02cc3d3fb0ec",
        "Strict-Transport-Security": "max-age=15724800; includeSubDomains",
        "x-ms-client-request-id": "d8110ade-ee8b-025a-0b75-02cc3d3fb0ec"
      },
      "ResponseBody": {
        "value": [
          {
            "key": "1",
            "status": true,
            "errorMessage": null,
            "statusCode": 200
          }
        ]
      }
    },
    {
      "RequestUri": "https://azs-net-mohitsearch.search.windows.net/indexes(\u0027otttcwbi\u0027)/docs/search.index?api-version=2020-06-30",
      "RequestMethod": "POST",
      "RequestHeaders": {
        "Accept": "application/json; odata.metadata=none",
        "api-key": "Sanitized",
        "Content-Length": "76",
        "Content-Type": "application/json",
        "traceparent": "00-502ddec886213441b36c36d09c8add83-338029e09c3cb742-00",
        "User-Agent": [
          "azsdk-net-Search.Documents/11.2.0-alpha.20210203.1",
          "(.NET Framework 4.8.4300.0; Microsoft Windows 10.0.19042 )"
        ],
        "x-ms-client-request-id": "dbb15fdb0031e430c5b80f048d0ef419",
        "x-ms-return-client-request-id": "true"
      },
      "RequestBody": {
        "value": [
          {
            "@search.action": "mergeOrUpload",
            "Id": "1",
            "Name": "Document #1"
          }
        ]
      },
      "StatusCode": 200,
      "ResponseHeaders": {
        "Cache-Control": "no-cache",
        "client-request-id": "dbb15fdb-0031-e430-c5b8-0f048d0ef419",
        "Content-Length": "74",
        "Content-Type": "application/json; odata.metadata=none",
        "Date": "Wed, 03 Feb 2021 20:41:28 GMT",
        "elapsed-time": "7",
        "Expires": "-1",
        "OData-Version": "4.0",
        "Pragma": "no-cache",
        "Preference-Applied": "odata.include-annotations=\u0022*\u0022",
        "request-id": "dbb15fdb-0031-e430-c5b8-0f048d0ef419",
        "Strict-Transport-Security": "max-age=15724800; includeSubDomains",
        "x-ms-client-request-id": "dbb15fdb-0031-e430-c5b8-0f048d0ef419"
      },
      "ResponseBody": {
        "value": [
          {
            "key": "1",
            "status": true,
            "errorMessage": null,
            "statusCode": 200
          }
        ]
      }
    },
    {
      "RequestUri": "https://azs-net-mohitsearch.search.windows.net/indexes(\u0027otttcwbi\u0027)/docs/search.index?api-version=2020-06-30",
      "RequestMethod": "POST",
      "RequestHeaders": {
        "Accept": "application/json; odata.metadata=none",
        "api-key": "Sanitized",
        "Content-Length": "76",
        "Content-Type": "application/json",
        "traceparent": "00-06a59d100e5413418c619cfae4c60e0c-c409b46dc0dd6342-00",
        "User-Agent": [
          "azsdk-net-Search.Documents/11.2.0-alpha.20210203.1",
          "(.NET Framework 4.8.4300.0; Microsoft Windows 10.0.19042 )"
        ],
        "x-ms-client-request-id": "a93dbed8dd4793544043aa224cdf7c63",
        "x-ms-return-client-request-id": "true"
      },
      "RequestBody": {
        "value": [
          {
            "@search.action": "mergeOrUpload",
            "Id": "1",
            "Name": "Document #1"
          }
        ]
      },
      "StatusCode": 200,
      "ResponseHeaders": {
        "Cache-Control": "no-cache",
        "client-request-id": "a93dbed8-dd47-9354-4043-aa224cdf7c63",
        "Content-Length": "74",
        "Content-Type": "application/json; odata.metadata=none",
        "Date": "Wed, 03 Feb 2021 20:41:29 GMT",
        "elapsed-time": "6",
        "Expires": "-1",
        "OData-Version": "4.0",
        "Pragma": "no-cache",
        "Preference-Applied": "odata.include-annotations=\u0022*\u0022",
        "request-id": "a93dbed8-dd47-9354-4043-aa224cdf7c63",
        "Strict-Transport-Security": "max-age=15724800; includeSubDomains",
        "x-ms-client-request-id": "a93dbed8-dd47-9354-4043-aa224cdf7c63"
      },
      "ResponseBody": {
        "value": [
          {
            "key": "1",
            "status": true,
            "errorMessage": null,
            "statusCode": 200
          }
        ]
      }
    },
    {
      "RequestUri": "https://azs-net-mohitsearch.search.windows.net/indexes(\u0027otttcwbi\u0027)/docs/search.index?api-version=2020-06-30",
      "RequestMethod": "POST",
      "RequestHeaders": {
        "Accept": "application/json; odata.metadata=none",
        "api-key": "Sanitized",
        "Content-Length": "76",
        "Content-Type": "application/json",
        "traceparent": "00-fad42315cc56f64e82d101f65a72c239-d1708c6932254948-00",
        "User-Agent": [
          "azsdk-net-Search.Documents/11.2.0-alpha.20210203.1",
          "(.NET Framework 4.8.4300.0; Microsoft Windows 10.0.19042 )"
        ],
        "x-ms-client-request-id": "b9a823ff3076dd67d92d13d2df5575fd",
        "x-ms-return-client-request-id": "true"
      },
      "RequestBody": {
        "value": [
          {
            "@search.action": "mergeOrUpload",
            "Id": "1",
            "Name": "Document #1"
          }
        ]
      },
      "StatusCode": 200,
      "ResponseHeaders": {
        "Cache-Control": "no-cache",
        "client-request-id": "b9a823ff-3076-dd67-d92d-13d2df5575fd",
        "Content-Length": "74",
        "Content-Type": "application/json; odata.metadata=none",
        "Date": "Wed, 03 Feb 2021 20:41:30 GMT",
        "elapsed-time": "9",
        "Expires": "-1",
        "OData-Version": "4.0",
        "Pragma": "no-cache",
        "Preference-Applied": "odata.include-annotations=\u0022*\u0022",
        "request-id": "b9a823ff-3076-dd67-d92d-13d2df5575fd",
        "Strict-Transport-Security": "max-age=15724800; includeSubDomains",
        "x-ms-client-request-id": "b9a823ff-3076-dd67-d92d-13d2df5575fd"
      },
      "ResponseBody": {
        "value": [
          {
            "key": "1",
            "status": true,
            "errorMessage": null,
            "statusCode": 200
          }
        ]
      }
    },
    {
      "RequestUri": "https://azs-net-mohitsearch.search.windows.net/indexes(\u0027otttcwbi\u0027)?api-version=2020-06-30",
      "RequestMethod": "DELETE",
      "RequestHeaders": {
        "Accept": "application/json; odata.metadata=minimal",
        "api-key": "Sanitized",
        "traceparent": "00-af725274f6deb643b0f2c166a3011030-49edda4b0390a545-00",
        "User-Agent": [
          "azsdk-net-Search.Documents/11.2.0-alpha.20210203.1",
          "(.NET Framework 4.8.4300.0; Microsoft Windows 10.0.19042 )"
        ],
        "x-ms-client-request-id": "7ff4e9800701fda40a1e9bed560d97e6",
        "x-ms-return-client-request-id": "true"
      },
      "RequestBody": null,
      "StatusCode": 204,
      "ResponseHeaders": {
        "Cache-Control": "no-cache",
        "client-request-id": "7ff4e980-0701-fda4-0a1e-9bed560d97e6",
        "Date": "Wed, 03 Feb 2021 20:41:31 GMT",
        "elapsed-time": "152",
        "Expires": "-1",
        "Pragma": "no-cache",
        "request-id": "7ff4e980-0701-fda4-0a1e-9bed560d97e6",
        "Strict-Transport-Security": "max-age=15724800; includeSubDomains",
        "x-ms-client-request-id": "7ff4e980-0701-fda4-0a1e-9bed560d97e6"
      },
      "ResponseBody": []
    }
  ],
  "Variables": {
    "RandomSeed": "648157541",
    "SearchIndexName": "otttcwbi",
    "SEARCH_ADMIN_API_KEY": "Sanitized",
    "SEARCH_SERVICE_NAME": "azs-net-mohitsearch"
  }
}