{
  "Entries": [
    {
      "RequestUri": "https://azs-net-teglaza2.search.windows.net/indexes(\u0027ssuhedwv\u0027)/docs/$count?api-version=2020-06-30",
      "RequestMethod": "GET",
      "RequestHeaders": {
        "Accept": "application/json; odata.metadata=none",
        "api-key": "Sanitized",
        "traceparent": "00-976ae2dcc6772f46a834cff07d0e9856-f864ef793747d543-00",
        "User-Agent": [
          "azsdk-net-Search.Documents/11.2.0-alpha.20201009.1",
          "(.NET Core 4.6.29220.03; Microsoft Windows 10.0.19041 )"
        ],
        "x-ms-client-request-id": "89205dd14759b01d7153f528bb9b1e32",
        "x-ms-return-client-request-id": "true"
      },
      "RequestBody": null,
      "StatusCode": 200,
      "ResponseHeaders": {
        "Cache-Control": "no-cache",
        "client-request-id": "89205dd1-4759-b01d-7153-f528bb9b1e32",
        "Content-Length": "4",
        "Content-Type": "text/plain",
        "Date": "Fri, 09 Oct 2020 18:05:47 GMT",
        "elapsed-time": "45",
        "Expires": "-1",
        "OData-Version": "4.0",
        "Pragma": "no-cache",
        "Preference-Applied": "odata.include-annotations=\u0022*\u0022",
        "request-id": "89205dd1-4759-b01d-7153-f528bb9b1e32",
        "Strict-Transport-Security": "max-age=15724800; includeSubDomains",
        "x-ms-client-request-id": "89205dd1-4759-b01d-7153-f528bb9b1e32"
      },
      "ResponseBody": "\uFEFF0"
    },
    {
      "RequestUri": "https://azs-net-teglaza2.search.windows.net/indexes(\u0027ssuhedwv\u0027)/docs/search.index?api-version=2020-06-30",
      "RequestMethod": "POST",
      "RequestHeaders": {
        "Accept": "application/json; odata.metadata=none",
        "api-key": "Sanitized",
        "Content-Length": "1193",
        "Content-Type": "application/json",
        "User-Agent": [
          "azsdk-net-Search.Documents/11.2.0-alpha.20201009.1",
          "(.NET Core 4.6.29220.03; Microsoft Windows 10.0.19041 )"
        ],
        "x-ms-client-request-id": "df8b2e0b11670a6e0d5a0b1a848249c1",
        "x-ms-return-client-request-id": "true"
      },
      "RequestBody": {
        "value": [
          {
            "@search.action": "upload",
            "Id": "1",
            "Name": "Document #1"
          },
          {
            "@search.action": "upload",
            "Id": "2",
            "Name": "Document #2"
          },
          {
            "@search.action": "upload",
            "Id": "3",
            "Name": "Document #3"
          },
          {
            "@search.action": "upload",
            "Id": "4",
            "Name": "Document #4"
          },
          {
            "@search.action": "upload",
            "Id": "5",
            "Name": "Document #5"
          },
          {
            "@search.action": "upload",
            "Id": "6",
            "Name": "Document #6"
          },
          {
            "@search.action": "upload",
            "Id": "7",
            "Name": "Document #7"
          },
          {
            "@search.action": "upload",
            "Id": "8",
            "Name": "Document #8"
          },
          {
            "@search.action": "upload",
            "Id": "9",
            "Name": "Document #9"
          },
          {
            "@search.action": "upload",
            "Id": "10",
            "Name": "Document #10"
          },
          {
            "@search.action": "upload",
            "Id": "11",
            "Name": "Document #11"
          },
          {
            "@search.action": "upload",
            "Id": "12",
            "Name": "Document #12"
          },
          {
            "@search.action": "upload",
            "Id": "13",
            "Name": "Document #13"
          },
          {
            "@search.action": "upload",
            "Id": "14",
            "Name": "Document #14"
          },
          {
            "@search.action": "upload",
            "Id": "15",
            "Name": "Document #15"
          },
          {
            "@search.action": "upload",
            "Id": "16",
            "Name": "Document #16"
          },
          {
            "@search.action": "upload",
            "Id": "17",
            "Name": "Document #17"
          },
          {
            "@search.action": "upload",
            "Id": "18",
            "Name": "Document #18"
          },
          {
            "@search.action": "upload",
            "Id": "19",
            "Name": "Document #19"
          },
          {
            "@search.action": "upload",
            "Id": "20",
            "Name": "Document #20"
          }
        ]
      },
      "StatusCode": 200,
      "ResponseHeaders": {
        "Cache-Control": "no-cache",
        "client-request-id": "df8b2e0b-1167-0a6e-0d5a-0b1a848249c1",
        "Content-Length": "1282",
        "Content-Type": "application/json; odata.metadata=none",
        "Date": "Fri, 09 Oct 2020 18:05:47 GMT",
        "elapsed-time": "47",
        "Expires": "-1",
        "OData-Version": "4.0",
        "Pragma": "no-cache",
        "Preference-Applied": "odata.include-annotations=\u0022*\u0022",
        "request-id": "df8b2e0b-1167-0a6e-0d5a-0b1a848249c1",
        "Strict-Transport-Security": "max-age=15724800; includeSubDomains",
        "x-ms-client-request-id": "df8b2e0b-1167-0a6e-0d5a-0b1a848249c1"
      },
      "ResponseBody": {
        "value": [
          {
            "key": "1",
            "status": true,
            "errorMessage": null,
            "statusCode": 201
          },
          {
            "key": "2",
            "status": true,
            "errorMessage": null,
            "statusCode": 201
          },
          {
            "key": "3",
            "status": true,
            "errorMessage": null,
            "statusCode": 201
          },
          {
            "key": "4",
            "status": true,
            "errorMessage": null,
            "statusCode": 201
          },
          {
            "key": "5",
            "status": true,
            "errorMessage": null,
            "statusCode": 201
          },
          {
            "key": "6",
            "status": true,
            "errorMessage": null,
            "statusCode": 201
          },
          {
            "key": "7",
            "status": true,
            "errorMessage": null,
            "statusCode": 201
          },
          {
            "key": "8",
            "status": true,
            "errorMessage": null,
            "statusCode": 201
          },
          {
            "key": "9",
            "status": true,
            "errorMessage": null,
            "statusCode": 201
          },
          {
            "key": "10",
            "status": true,
            "errorMessage": null,
            "statusCode": 201
          },
          {
            "key": "11",
            "status": true,
            "errorMessage": null,
            "statusCode": 201
          },
          {
            "key": "12",
            "status": true,
            "errorMessage": null,
            "statusCode": 201
          },
          {
            "key": "13",
            "status": true,
            "errorMessage": null,
            "statusCode": 201
          },
          {
            "key": "14",
            "status": true,
            "errorMessage": null,
            "statusCode": 201
          },
          {
            "key": "15",
            "status": true,
            "errorMessage": null,
            "statusCode": 201
          },
          {
            "key": "16",
            "status": true,
            "errorMessage": null,
            "statusCode": 201
          },
          {
            "key": "17",
            "status": true,
            "errorMessage": null,
            "statusCode": 201
          },
          {
            "key": "18",
            "status": true,
            "errorMessage": null,
            "statusCode": 201
          },
          {
            "key": "19",
            "status": true,
            "errorMessage": null,
            "statusCode": 201
          },
          {
            "key": "20",
            "status": true,
            "errorMessage": null,
            "statusCode": 201
          }
        ]
      }
    },
    {
      "RequestUri": "https://azs-net-teglaza2.search.windows.net/indexes(\u0027ssuhedwv\u0027)/docs/$count?api-version=2020-06-30",
      "RequestMethod": "GET",
      "RequestHeaders": {
        "Accept": "application/json; odata.metadata=none",
        "api-key": "Sanitized",
        "traceparent": "00-2d59efe57e642348b0107c44fa0fa8f3-0a3dc7f0cbedcf46-00",
        "User-Agent": [
          "azsdk-net-Search.Documents/11.2.0-alpha.20201009.1",
          "(.NET Core 4.6.29220.03; Microsoft Windows 10.0.19041 )"
        ],
        "x-ms-client-request-id": "5c22d7029a1186d53e087289b6a026a3",
        "x-ms-return-client-request-id": "true"
      },
      "RequestBody": null,
      "StatusCode": 200,
      "ResponseHeaders": {
        "Cache-Control": "no-cache",
        "client-request-id": "5c22d702-9a11-86d5-3e08-7289b6a026a3",
        "Content-Length": "4",
        "Content-Type": "text/plain",
        "Date": "Fri, 09 Oct 2020 18:05:48 GMT",
        "elapsed-time": "6",
        "Expires": "-1",
        "OData-Version": "4.0",
        "Pragma": "no-cache",
        "Preference-Applied": "odata.include-annotations=\u0022*\u0022",
        "request-id": "5c22d702-9a11-86d5-3e08-7289b6a026a3",
        "Strict-Transport-Security": "max-age=15724800; includeSubDomains",
        "x-ms-client-request-id": "5c22d702-9a11-86d5-3e08-7289b6a026a3"
      },
      "ResponseBody": "\uFEFF0"
    },
    {
      "RequestUri": "https://azs-net-teglaza2.search.windows.net/indexes(\u0027ssuhedwv\u0027)/docs/$count?api-version=2020-06-30",
      "RequestMethod": "GET",
      "RequestHeaders": {
        "Accept": "application/json; odata.metadata=none",
        "api-key": "Sanitized",
        "traceparent": "00-05c86d687239ca44a823acd1d86790aa-0df1e1045b565a4d-00",
        "User-Agent": [
          "azsdk-net-Search.Documents/11.2.0-alpha.20201009.1",
          "(.NET Core 4.6.29220.03; Microsoft Windows 10.0.19041 )"
        ],
        "x-ms-client-request-id": "9860b304fcddc098ef167bfe3b022cee",
        "x-ms-return-client-request-id": "true"
      },
      "RequestBody": null,
      "StatusCode": 200,
      "ResponseHeaders": {
        "Cache-Control": "no-cache",
        "client-request-id": "9860b304-fcdd-c098-ef16-7bfe3b022cee",
        "Content-Length": "5",
        "Content-Type": "text/plain",
        "Date": "Fri, 09 Oct 2020 18:05:49 GMT",
        "elapsed-time": "3",
        "Expires": "-1",
        "OData-Version": "4.0",
        "Pragma": "no-cache",
        "Preference-Applied": "odata.include-annotations=\u0022*\u0022",
        "request-id": "9860b304-fcdd-c098-ef16-7bfe3b022cee",
        "Strict-Transport-Security": "max-age=15724800; includeSubDomains",
        "x-ms-client-request-id": "9860b304-fcdd-c098-ef16-7bfe3b022cee"
      },
      "ResponseBody": "\uFEFF20"
    },
    {
      "RequestUri": "https://azs-net-teglaza2.search.windows.net/indexes(\u0027ssuhedwv\u0027)?api-version=2020-06-30",
      "RequestMethod": "DELETE",
      "RequestHeaders": {
        "Accept": "application/json; odata.metadata=minimal",
        "api-key": "Sanitized",
        "traceparent": "00-6014721920603e429134772729e5a13d-eb19bb46622b394a-00",
        "User-Agent": [
          "azsdk-net-Search.Documents/11.2.0-alpha.20201009.1",
          "(.NET Core 4.6.29220.03; Microsoft Windows 10.0.19041 )"
        ],
        "x-ms-client-request-id": "e425330ac27871215805a05e9fe5536c",
        "x-ms-return-client-request-id": "true"
      },
      "RequestBody": null,
      "StatusCode": 204,
      "ResponseHeaders": {
        "Cache-Control": "no-cache",
        "client-request-id": "e425330a-c278-7121-5805-a05e9fe5536c",
        "Date": "Fri, 09 Oct 2020 18:05:49 GMT",
        "elapsed-time": "167",
        "Expires": "-1",
        "Pragma": "no-cache",
        "request-id": "e425330a-c278-7121-5805-a05e9fe5536c",
        "Strict-Transport-Security": "max-age=15724800; includeSubDomains",
        "x-ms-client-request-id": "e425330a-c278-7121-5805-a05e9fe5536c"
      },
      "ResponseBody": []
    }
  ],
  "Variables": {
    "RandomSeed": "788686587",
    "SearchIndexName": "ssuhedwv",
    "SEARCH_ADMIN_API_KEY": "Sanitized",
    "SEARCH_SERVICE_NAME": "azs-net-teglaza2"
  }
}