{
  "Entries": [
    {
      "RequestUri": "https://mohitc-acs.search.windows.net/indexes(\u0027kswprexq\u0027)/docs/search.index?api-version=2020-06-30",
      "RequestMethod": "POST",
      "RequestHeaders": {
        "Accept": "application/json; odata.metadata=none",
        "api-key": "Sanitized",
        "Content-Length": "125",
        "Content-Type": "application/json",
        "User-Agent": [
          "azsdk-net-Search.Documents/11.4.0-alpha.20210625.1",
          "(.NET Framework 4.8.4360.0; Microsoft Windows 10.0.19043 )"
        ],
        "x-ms-client-request-id": "6ff2079ae5a82ff70a05a53ce97cf49f",
        "x-ms-return-client-request-id": "true"
      },
      "RequestBody": {
        "value": [
          {
            "@search.action": "merge",
            "Id": "1",
            "Name": "Document #1"
          },
          {
            "@search.action": "merge",
            "Id": "2",
            "Name": "Document #2"
          }
        ]
      },
      "StatusCode": 207,
      "ResponseHeaders": {
        "Cache-Control": "no-cache",
        "client-request-id": "6ff2079a-e5a8-2ff7-0a05-a53ce97cf49f",
        "Content-Length": "173",
        "Content-Type": "application/json; odata.metadata=none",
        "Date": "Fri, 25 Jun 2021 18:27:39 GMT",
        "elapsed-time": "86",
        "Expires": "-1",
        "OData-Version": "4.0",
        "Pragma": "no-cache",
        "Preference-Applied": "odata.include-annotations=\u0022*\u0022",
        "request-id": "6ff2079a-e5a8-2ff7-0a05-a53ce97cf49f",
        "Strict-Transport-Security": "max-age=15724800; includeSubDomains",
        "x-ms-client-request-id": "6ff2079a-e5a8-2ff7-0a05-a53ce97cf49f"
      },
      "ResponseBody": {
        "value": [
          {
            "key": "1",
            "status": false,
            "errorMessage": "Document not found.",
            "statusCode": 404
          },
          {
            "key": "2",
            "status": false,
            "errorMessage": "Document not found.",
            "statusCode": 404
          }
        ]
      }
    },
    {
      "RequestUri": "https://mohitc-acs.search.windows.net/indexes(\u0027kswprexq\u0027)/docs/search.index?api-version=2020-06-30",
      "RequestMethod": "POST",
      "RequestHeaders": {
        "Accept": "application/json; odata.metadata=none",
        "api-key": "Sanitized",
        "Content-Length": "127",
        "Content-Type": "application/json",
        "User-Agent": [
          "azsdk-net-Search.Documents/11.4.0-alpha.20210625.1",
          "(.NET Framework 4.8.4360.0; Microsoft Windows 10.0.19043 )"
        ],
        "x-ms-client-request-id": "73224191b90ada0e6c9c3df96d8270ca",
        "x-ms-return-client-request-id": "true"
      },
      "RequestBody": {
        "value": [
          {
            "@search.action": "upload",
            "Id": "1",
            "Name": "Document #1"
          },
          {
            "@search.action": "upload",
            "Id": "2",
            "Name": "Document #2"
          }
        ]
      },
      "StatusCode": 200,
      "ResponseHeaders": {
        "Cache-Control": "no-cache",
        "client-request-id": "73224191-b90a-da0e-6c9c-3df96d8270ca",
        "Content-Length": "137",
        "Content-Type": "application/json; odata.metadata=none",
        "Date": "Fri, 25 Jun 2021 18:27:39 GMT",
        "elapsed-time": "30",
        "Expires": "-1",
        "OData-Version": "4.0",
        "Pragma": "no-cache",
        "Preference-Applied": "odata.include-annotations=\u0022*\u0022",
        "request-id": "73224191-b90a-da0e-6c9c-3df96d8270ca",
        "Strict-Transport-Security": "max-age=15724800; includeSubDomains",
        "x-ms-client-request-id": "73224191-b90a-da0e-6c9c-3df96d8270ca"
      },
      "ResponseBody": {
        "value": [
          {
            "key": "1",
            "status": true,
            "errorMessage": null,
            "statusCode": 201
          },
          {
            "key": "2",
            "status": true,
            "errorMessage": null,
            "statusCode": 201
          }
        ]
      }
    },
    {
      "RequestUri": "https://mohitc-acs.search.windows.net/indexes(\u0027kswprexq\u0027)?api-version=2020-06-30",
      "RequestMethod": "DELETE",
      "RequestHeaders": {
        "Accept": "application/json; odata.metadata=minimal",
        "api-key": "Sanitized",
        "traceparent": "00-f79db2e04308184e95b6ba10ec037b94-3a0935b70008a74b-00",
        "User-Agent": [
          "azsdk-net-Search.Documents/11.4.0-alpha.20210625.1",
          "(.NET Framework 4.8.4360.0; Microsoft Windows 10.0.19043 )"
        ],
        "x-ms-client-request-id": "846becb97742e37fc1b9edee99260af1",
        "x-ms-return-client-request-id": "true"
      },
      "RequestBody": null,
      "StatusCode": 204,
      "ResponseHeaders": {
        "Cache-Control": "no-cache",
        "client-request-id": "846becb9-7742-e37f-c1b9-edee99260af1",
        "Date": "Fri, 25 Jun 2021 18:27:39 GMT",
        "elapsed-time": "117",
        "Expires": "-1",
        "Pragma": "no-cache",
        "request-id": "846becb9-7742-e37f-c1b9-edee99260af1",
        "Strict-Transport-Security": "max-age=15724800; includeSubDomains",
        "x-ms-client-request-id": "846becb9-7742-e37f-c1b9-edee99260af1"
      },
      "ResponseBody": []
    }
  ],
  "Variables": {
    "RandomSeed": "1691683057",
    "SearchIndexName": "kswprexq",
    "SEARCH_ADMIN_API_KEY": "Sanitized",
    "SEARCH_ENDPOINT_SUFFIX": null,
    "SEARCH_SERVICE_NAME": "mohitc-acs"
  }
}