{
  "Entries": [
    {
      "RequestUri": "/subscriptions/422b6c61-95b0-4213-b3be-7282315df71d/resourcegroups/CanCreateUpdateDeleteVariable?api-version=2015-11-01",
      "EncodedRequestUri": "L3N1YnNjcmlwdGlvbnMvNDIyYjZjNjEtOTViMC00MjEzLWIzYmUtNzI4MjMxNWRmNzFkL3Jlc291cmNlZ3JvdXBzL0NhbkNyZWF0ZVVwZGF0ZURlbGV0ZVZhcmlhYmxlP2FwaS12ZXJzaW9uPTIwMTUtMTEtMDE=",
      "RequestMethod": "PUT",
      "RequestBody": "{\r\n  \"location\": \"West US\"\r\n}",
      "RequestHeaders": {
        "x-ms-client-request-id": [
          "95c7a895-c0af-4685-8bfd-cf97d14873c7"
        ],
        "Accept-Language": [
          "en-US"
        ],
        "User-Agent": [
          "FxVersion/4.6.30411.01",
          "OSName/Windows",
          "OSVersion/Microsoft.Windows.10.0.19043.",
          "Microsoft.Azure.Management.Resources.ResourceManagementClient/1.0.0.0"
        ],
        "Content-Type": [
          "application/json; charset=utf-8"
        ],
        "Content-Length": [
          "29"
        ]
      },
      "ResponseHeaders": {
        "Cache-Control": [
          "no-cache"
        ],
        "Pragma": [
          "no-cache"
        ],
        "x-ms-ratelimit-remaining-subscription-writes": [
          "1199"
        ],
        "x-ms-request-id": [
          "d4363047-1e83-4aba-86fd-229f1ffee42f"
        ],
        "x-ms-correlation-request-id": [
          "d4363047-1e83-4aba-86fd-229f1ffee42f"
        ],
        "x-ms-routing-request-id": [
          "SOUTHINDIA:20210910T180045Z:d4363047-1e83-4aba-86fd-229f1ffee42f"
        ],
        "Strict-Transport-Security": [
          "max-age=31536000; includeSubDomains"
        ],
        "X-Content-Type-Options": [
          "nosniff"
        ],
        "Date": [
          "Fri, 10 Sep 2021 18:00:45 GMT"
        ],
        "Content-Length": [
          "211"
        ],
        "Content-Type": [
          "application/json; charset=utf-8"
        ],
        "Expires": [
          "-1"
        ]
      },
      "ResponseBody": "{\r\n  \"id\": \"/subscriptions/422b6c61-95b0-4213-b3be-7282315df71d/resourceGroups/CanCreateUpdateDeleteVariable\",\r\n  \"name\": \"CanCreateUpdateDeleteVariable\",\r\n  \"location\": \"westus\",\r\n  \"properties\": {\r\n    \"provisioningState\": \"Succeeded\"\r\n  }\r\n}",
      "StatusCode": 201
    },
    {
      "RequestUri": "/subscriptions/422b6c61-95b0-4213-b3be-7282315df71d/resourceGroups/CanCreateUpdateDeleteVariable/providers/Microsoft.Automation/automationAccounts/automation-sdk-test-AA?api-version=2021-06-22",
      "EncodedRequestUri": "L3N1YnNjcmlwdGlvbnMvNDIyYjZjNjEtOTViMC00MjEzLWIzYmUtNzI4MjMxNWRmNzFkL3Jlc291cmNlR3JvdXBzL0NhbkNyZWF0ZVVwZGF0ZURlbGV0ZVZhcmlhYmxlL3Byb3ZpZGVycy9NaWNyb3NvZnQuQXV0b21hdGlvbi9hdXRvbWF0aW9uQWNjb3VudHMvYXV0b21hdGlvbi1zZGstdGVzdC1BQT9hcGktdmVyc2lvbj0yMDIxLTA2LTIy",
      "RequestMethod": "PUT",
      "RequestBody": "{\r\n  \"properties\": {\r\n    \"sku\": {\r\n      \"name\": \"Free\",\r\n      \"family\": \"Test\",\r\n      \"capacity\": 1\r\n    }\r\n  },\r\n  \"name\": \"automation-sdk-test-AA\",\r\n  \"location\": \"West US\"\r\n}",
      "RequestHeaders": {
        "x-ms-client-request-id": [
          "02189de3-24a0-488b-ad7e-4a776640bc86"
        ],
        "Accept-Language": [
          "en-US"
        ],
        "User-Agent": [
          "FxVersion/4.6.30411.01",
          "OSName/Windows",
          "OSVersion/Microsoft.Windows.10.0.19043.",
          "Microsoft.Azure.Management.Automation.AutomationClient/3.8.4.0"
        ],
        "Content-Type": [
          "application/json; charset=utf-8"
        ],
        "Content-Length": [
          "181"
        ]
      },
      "ResponseHeaders": {
        "Cache-Control": [
          "no-cache"
        ],
        "Pragma": [
          "no-cache"
        ],
        "Location": [
          "https://management.azure.com/subscriptions/422b6c61-95b0-4213-b3be-7282315df71d/resourceGroups/CanCreateUpdateDeleteVariable/providers/Microsoft.Automation/automationAccounts/automation-sdk-test-AA?api-version=2021-06-22"
        ],
        "x-ms-request-id": [
          "02189de3-24a0-488b-ad7e-4a776640bc86"
        ],
        "x-ms-location": [
          "https://management.azure.com/subscriptions/422b6c61-95b0-4213-b3be-7282315df71d/resourceGroups/CanCreateUpdateDeleteVariable/providers/Microsoft.Automation/automationAccounts/automation-sdk-test-AA?api-version=2021-06-22"
        ],
        "ocp-location": [
          "https://management.azure.com/subscriptions/422b6c61-95b0-4213-b3be-7282315df71d/resourceGroups/CanCreateUpdateDeleteVariable/providers/Microsoft.Automation/automationAccounts/automation-sdk-test-AA?api-version=2021-06-22"
        ],
        "Strict-Transport-Security": [
          "max-age=31536000; includeSubDomains"
        ],
        "Server": [
          "Microsoft-IIS/10.0"
        ],
        "X-AspNet-Version": [
          "4.0.30319"
        ],
        "X-Powered-By": [
          "ASP.NET"
        ],
        "x-ms-ratelimit-remaining-subscription-writes": [
          "1198"
        ],
        "x-ms-correlation-request-id": [
          "8e3eb6a7-f26f-4a53-b6aa-8bebb2fe4316"
        ],
        "x-ms-routing-request-id": [
          "SOUTHINDIA:20210910T180053Z:8e3eb6a7-f26f-4a53-b6aa-8bebb2fe4316"
        ],
        "X-Content-Type-Options": [
          "nosniff"
        ],
        "Date": [
          "Fri, 10 Sep 2021 18:00:53 GMT"
        ],
        "Content-Length": [
          "1145"
        ],
        "Content-Type": [
          "application/json; charset=utf-8"
        ],
        "Expires": [
          "-1"
        ]
      },
      "ResponseBody": "{\r\n  \"name\": \"automation-sdk-test-AA\",\r\n  \"systemData\": {\r\n    \"createdAt\": \"2021-09-10T23:30:50.8633333+05:30\",\r\n    \"lastModifiedAt\": \"2021-09-10T23:30:50.8633333+05:30\"\r\n  },\r\n  \"id\": \"/subscriptions/422b6c61-95b0-4213-b3be-7282315df71d/resourceGroups/CanCreateUpdateDeleteVariable/providers/Microsoft.Automation/automationAccounts/automation-sdk-test-AA\",\r\n  \"type\": \"Microsoft.Automation/AutomationAccounts\",\r\n  \"location\": \"West US\",\r\n  \"tags\": {},\r\n  \"etag\": null,\r\n  \"properties\": {\r\n    \"disableLocalAuth\": true,\r\n    \"sku\": {\r\n      \"name\": \"Basic\",\r\n      \"family\": null,\r\n      \"capacity\": null\r\n    },\r\n    \"state\": \"Ok\",\r\n    \"RegistrationUrl\": \"https://b90695a7-79a3-4497-bdb1-b6875325148e.agentsvc.wus.azure-automation.net/accounts/b90695a7-79a3-4497-bdb1-b6875325148e\",\r\n    \"encryption\": {\r\n      \"keySource\": \"Microsoft.Automation\",\r\n      \"identity\": {\r\n        \"userAssignedIdentity\": null\r\n      }\r\n    },\r\n    \"automationHybridServiceUrl\": \"https://b90695a7-79a3-4497-bdb1-b6875325148e.jrds.wus.azure-automation.net/automationAccounts/b90695a7-79a3-4497-bdb1-b6875325148e\",\r\n    \"RuntimeConfiguration\": {\r\n      \"powershell\": {\r\n        \"builtinModules\": {}\r\n      },\r\n      \"powershell7\": {\r\n        \"builtinModules\": {}\r\n      }\r\n    },\r\n    \"creationTime\": \"2021-09-10T23:30:50.8633333+05:30\",\r\n    \"lastModifiedBy\": null,\r\n    \"lastModifiedTime\": \"2021-09-10T23:30:50.8633333+05:30\"\r\n  }\r\n}",
      "StatusCode": 201
    },
    {
      "RequestUri": "/subscriptions/422b6c61-95b0-4213-b3be-7282315df71d/resourceGroups/CanCreateUpdateDeleteVariable/providers/Microsoft.Automation/automationAccounts/automation-sdk-test-AA/credentials?api-version=2020-01-13-preview",
      "EncodedRequestUri": "L3N1YnNjcmlwdGlvbnMvNDIyYjZjNjEtOTViMC00MjEzLWIzYmUtNzI4MjMxNWRmNzFkL3Jlc291cmNlR3JvdXBzL0NhbkNyZWF0ZVVwZGF0ZURlbGV0ZVZhcmlhYmxlL3Byb3ZpZGVycy9NaWNyb3NvZnQuQXV0b21hdGlvbi9hdXRvbWF0aW9uQWNjb3VudHMvYXV0b21hdGlvbi1zZGstdGVzdC1BQS9jcmVkZW50aWFscz9hcGktdmVyc2lvbj0yMDIwLTAxLTEzLXByZXZpZXc=",
      "RequestMethod": "GET",
      "RequestBody": "",
      "RequestHeaders": {
        "x-ms-client-request-id": [
          "9fb916a4-61c2-4c93-9ee8-18619dbca776"
        ],
        "Accept-Language": [
          "en-US"
        ],
        "User-Agent": [
          "FxVersion/4.6.30411.01",
          "OSName/Windows",
          "OSVersion/Microsoft.Windows.10.0.19043.",
          "Microsoft.Azure.Management.Automation.AutomationClient/3.8.4.0"
        ]
      },
      "ResponseHeaders": {
        "Cache-Control": [
          "no-cache"
        ],
        "Pragma": [
          "no-cache"
        ],
        "x-ms-request-id": [
          "9fb916a4-61c2-4c93-9ee8-18619dbca776"
        ],
        "Strict-Transport-Security": [
          "max-age=31536000; includeSubDomains"
        ],
        "Server": [
          "Microsoft-IIS/10.0"
        ],
        "X-AspNet-Version": [
          "4.0.30319"
        ],
        "X-Powered-By": [
          "ASP.NET"
        ],
        "x-ms-ratelimit-remaining-subscription-reads": [
          "11999"
        ],
        "x-ms-correlation-request-id": [
          "ccc8606d-7051-402d-92c1-bc31594de170"
        ],
        "x-ms-routing-request-id": [
          "SOUTHINDIA:20210910T180054Z:ccc8606d-7051-402d-92c1-bc31594de170"
        ],
        "X-Content-Type-Options": [
          "nosniff"
        ],
        "Date": [
          "Fri, 10 Sep 2021 18:00:54 GMT"
        ],
        "Content-Length": [
          "12"
        ],
        "Content-Type": [
          "application/json; charset=utf-8"
        ],
        "Expires": [
          "-1"
        ]
      },
      "ResponseBody": "{\r\n  \"value\": []\r\n}",
      "StatusCode": 200
    },
    {
      "RequestUri": "/subscriptions/422b6c61-95b0-4213-b3be-7282315df71d/resourceGroups/CanCreateUpdateDeleteVariable/providers/Microsoft.Automation/automationAccounts/automation-sdk-test-AA/runbooks?api-version=2018-06-30",
      "EncodedRequestUri": "L3N1YnNjcmlwdGlvbnMvNDIyYjZjNjEtOTViMC00MjEzLWIzYmUtNzI4MjMxNWRmNzFkL3Jlc291cmNlR3JvdXBzL0NhbkNyZWF0ZVVwZGF0ZURlbGV0ZVZhcmlhYmxlL3Byb3ZpZGVycy9NaWNyb3NvZnQuQXV0b21hdGlvbi9hdXRvbWF0aW9uQWNjb3VudHMvYXV0b21hdGlvbi1zZGstdGVzdC1BQS9ydW5ib29rcz9hcGktdmVyc2lvbj0yMDE4LTA2LTMw",
      "RequestMethod": "GET",
      "RequestBody": "",
      "RequestHeaders": {
        "x-ms-client-request-id": [
          "c14ec7a5-4da0-40c7-b751-d4969d08849a"
        ],
        "Accept-Language": [
          "en-US"
        ],
        "User-Agent": [
          "FxVersion/4.6.30411.01",
          "OSName/Windows",
          "OSVersion/Microsoft.Windows.10.0.19043.",
          "Microsoft.Azure.Management.Automation.AutomationClient/3.8.4.0"
        ]
      },
      "ResponseHeaders": {
        "Cache-Control": [
          "no-cache"
        ],
        "Pragma": [
          "no-cache"
        ],
        "x-ms-request-id": [
          "c14ec7a5-4da0-40c7-b751-d4969d08849a"
        ],
        "Strict-Transport-Security": [
          "max-age=31536000; includeSubDomains"
        ],
        "Server": [
          "Microsoft-IIS/10.0"
        ],
        "X-AspNet-Version": [
          "4.0.30319"
        ],
        "X-Powered-By": [
          "ASP.NET"
        ],
        "x-ms-ratelimit-remaining-subscription-reads": [
          "11998"
        ],
        "x-ms-correlation-request-id": [
          "6ddd64e6-dc91-4a23-befa-c42612be38a0"
        ],
        "x-ms-routing-request-id": [
          "SOUTHINDIA:20210910T180054Z:6ddd64e6-dc91-4a23-befa-c42612be38a0"
        ],
        "X-Content-Type-Options": [
          "nosniff"
        ],
        "Date": [
          "Fri, 10 Sep 2021 18:00:54 GMT"
        ],
        "Content-Length": [
          "12"
        ],
        "Content-Type": [
          "application/json; charset=utf-8"
        ],
        "Expires": [
          "-1"
        ]
      },
      "ResponseBody": "{\r\n  \"value\": []\r\n}",
      "StatusCode": 200
    },
    {
      "RequestUri": "/subscriptions/422b6c61-95b0-4213-b3be-7282315df71d/resourceGroups/CanCreateUpdateDeleteVariable/providers/Microsoft.Automation/automationAccounts/automation-sdk-test-AA/schedules?api-version=2020-01-13-preview",
      "EncodedRequestUri": "L3N1YnNjcmlwdGlvbnMvNDIyYjZjNjEtOTViMC00MjEzLWIzYmUtNzI4MjMxNWRmNzFkL3Jlc291cmNlR3JvdXBzL0NhbkNyZWF0ZVVwZGF0ZURlbGV0ZVZhcmlhYmxlL3Byb3ZpZGVycy9NaWNyb3NvZnQuQXV0b21hdGlvbi9hdXRvbWF0aW9uQWNjb3VudHMvYXV0b21hdGlvbi1zZGstdGVzdC1BQS9zY2hlZHVsZXM/YXBpLXZlcnNpb249MjAyMC0wMS0xMy1wcmV2aWV3",
      "RequestMethod": "GET",
      "RequestBody": "",
      "RequestHeaders": {
        "x-ms-client-request-id": [
          "7cd95db9-7b4c-4b9e-9476-affe481f06f6"
        ],
        "Accept-Language": [
          "en-US"
        ],
        "User-Agent": [
          "FxVersion/4.6.30411.01",
          "OSName/Windows",
          "OSVersion/Microsoft.Windows.10.0.19043.",
          "Microsoft.Azure.Management.Automation.AutomationClient/3.8.4.0"
        ]
      },
      "ResponseHeaders": {
        "Cache-Control": [
          "no-cache"
        ],
        "Pragma": [
          "no-cache"
        ],
        "x-ms-request-id": [
          "7cd95db9-7b4c-4b9e-9476-affe481f06f6"
        ],
        "Strict-Transport-Security": [
          "max-age=31536000; includeSubDomains"
        ],
        "Server": [
          "Microsoft-IIS/10.0"
        ],
        "X-AspNet-Version": [
          "4.0.30319"
        ],
        "X-Powered-By": [
          "ASP.NET"
        ],
        "x-ms-ratelimit-remaining-subscription-reads": [
          "11997"
        ],
        "x-ms-correlation-request-id": [
          "e5687750-571d-4012-bf88-e8dae50ae924"
        ],
        "x-ms-routing-request-id": [
          "SOUTHINDIA:20210910T180054Z:e5687750-571d-4012-bf88-e8dae50ae924"
        ],
        "X-Content-Type-Options": [
          "nosniff"
        ],
        "Date": [
          "Fri, 10 Sep 2021 18:00:54 GMT"
        ],
        "Content-Length": [
          "12"
        ],
        "Content-Type": [
          "application/json; charset=utf-8"
        ],
        "Expires": [
          "-1"
        ]
      },
      "ResponseBody": "{\r\n  \"value\": []\r\n}",
      "StatusCode": 200
    },
    {
      "RequestUri": "/subscriptions/422b6c61-95b0-4213-b3be-7282315df71d/resourceGroups/CanCreateUpdateDeleteVariable/providers/Microsoft.Automation/automationAccounts/automation-sdk-test-AA/variables?api-version=2020-01-13-preview",
      "EncodedRequestUri": "L3N1YnNjcmlwdGlvbnMvNDIyYjZjNjEtOTViMC00MjEzLWIzYmUtNzI4MjMxNWRmNzFkL3Jlc291cmNlR3JvdXBzL0NhbkNyZWF0ZVVwZGF0ZURlbGV0ZVZhcmlhYmxlL3Byb3ZpZGVycy9NaWNyb3NvZnQuQXV0b21hdGlvbi9hdXRvbWF0aW9uQWNjb3VudHMvYXV0b21hdGlvbi1zZGstdGVzdC1BQS92YXJpYWJsZXM/YXBpLXZlcnNpb249MjAyMC0wMS0xMy1wcmV2aWV3",
      "RequestMethod": "GET",
      "RequestBody": "",
      "RequestHeaders": {
        "x-ms-client-request-id": [
          "fdf31c45-5e2d-4e3d-b8ef-78a8f1d15877"
        ],
        "Accept-Language": [
          "en-US"
        ],
        "User-Agent": [
          "FxVersion/4.6.30411.01",
          "OSName/Windows",
          "OSVersion/Microsoft.Windows.10.0.19043.",
          "Microsoft.Azure.Management.Automation.AutomationClient/3.8.4.0"
        ]
      },
      "ResponseHeaders": {
        "Cache-Control": [
          "no-cache"
        ],
        "Pragma": [
          "no-cache"
        ],
        "x-ms-request-id": [
          "fdf31c45-5e2d-4e3d-b8ef-78a8f1d15877"
        ],
        "Strict-Transport-Security": [
          "max-age=31536000; includeSubDomains"
        ],
        "Server": [
          "Microsoft-IIS/10.0"
        ],
        "X-AspNet-Version": [
          "4.0.30319"
        ],
        "X-Powered-By": [
          "ASP.NET"
        ],
        "x-ms-ratelimit-remaining-subscription-reads": [
          "11996"
        ],
        "x-ms-correlation-request-id": [
          "140b4134-ed9c-498c-8cb5-2fd2f1aa2f35"
        ],
        "x-ms-routing-request-id": [
          "SOUTHINDIA:20210910T180055Z:140b4134-ed9c-498c-8cb5-2fd2f1aa2f35"
        ],
        "X-Content-Type-Options": [
          "nosniff"
        ],
        "Date": [
          "Fri, 10 Sep 2021 18:00:55 GMT"
        ],
        "Content-Length": [
          "12"
        ],
        "Content-Type": [
          "application/json; charset=utf-8"
        ],
        "Expires": [
          "-1"
        ]
      },
      "ResponseBody": "{\r\n  \"value\": []\r\n}",
      "StatusCode": 200
    },
    {
      "RequestUri": "/subscriptions/422b6c61-95b0-4213-b3be-7282315df71d/resourceGroups/CanCreateUpdateDeleteVariable/providers/Microsoft.Automation/automationAccounts/automation-sdk-test-AA/variables?api-version=2020-01-13-preview",
      "EncodedRequestUri": "L3N1YnNjcmlwdGlvbnMvNDIyYjZjNjEtOTViMC00MjEzLWIzYmUtNzI4MjMxNWRmNzFkL3Jlc291cmNlR3JvdXBzL0NhbkNyZWF0ZVVwZGF0ZURlbGV0ZVZhcmlhYmxlL3Byb3ZpZGVycy9NaWNyb3NvZnQuQXV0b21hdGlvbi9hdXRvbWF0aW9uQWNjb3VudHMvYXV0b21hdGlvbi1zZGstdGVzdC1BQS92YXJpYWJsZXM/YXBpLXZlcnNpb249MjAyMC0wMS0xMy1wcmV2aWV3",
      "RequestMethod": "GET",
      "RequestBody": "",
      "RequestHeaders": {
        "x-ms-client-request-id": [
          "70680e64-6f9f-4fc3-b464-b9a23dbfea6a"
        ],
        "Accept-Language": [
          "en-US"
        ],
        "User-Agent": [
          "FxVersion/4.6.30411.01",
          "OSName/Windows",
          "OSVersion/Microsoft.Windows.10.0.19043.",
          "Microsoft.Azure.Management.Automation.AutomationClient/3.8.4.0"
        ]
      },
      "ResponseHeaders": {
        "Cache-Control": [
          "no-cache"
        ],
        "Pragma": [
          "no-cache"
        ],
        "x-ms-request-id": [
          "70680e64-6f9f-4fc3-b464-b9a23dbfea6a"
        ],
        "Strict-Transport-Security": [
          "max-age=31536000; includeSubDomains"
        ],
        "Server": [
          "Microsoft-IIS/10.0"
        ],
        "X-AspNet-Version": [
          "4.0.30319"
        ],
        "X-Powered-By": [
          "ASP.NET"
        ],
        "x-ms-ratelimit-remaining-subscription-reads": [
          "11993"
        ],
        "x-ms-correlation-request-id": [
          "b9101a6d-5d11-4d30-88df-4f2ea987cadf"
        ],
        "x-ms-routing-request-id": [
          "SOUTHINDIA:20210910T180058Z:b9101a6d-5d11-4d30-88df-4f2ea987cadf"
        ],
        "X-Content-Type-Options": [
          "nosniff"
        ],
        "Date": [
          "Fri, 10 Sep 2021 18:00:58 GMT"
        ],
        "Content-Length": [
          "478"
        ],
        "Content-Type": [
          "application/json; charset=utf-8"
        ],
        "Expires": [
          "-1"
        ]
      },
      "ResponseBody": "{\r\n  \"value\": [\r\n    {\r\n      \"id\": \"/subscriptions/422b6c61-95b0-4213-b3be-7282315df71d/resourceGroups/CanCreateUpdateDeleteVariable/providers/Microsoft.Automation/automationAccounts/automation-sdk-test-AA/variables/variable7075\",\r\n      \"name\": \"variable7075\",\r\n      \"type\": \"Microsoft.Automation/AutomationAccounts/Variables\",\r\n      \"properties\": {\r\n        \"creationTime\": \"2021-09-10T23:30:56.9933333+05:30\",\r\n        \"lastModifiedTime\": \"2021-09-10T23:30:57.68+05:30\",\r\n        \"isEncrypted\": false,\r\n        \"value\": \"20\",\r\n        \"description\": \"int typed variable\"\r\n      }\r\n    }\r\n  ]\r\n}",
      "StatusCode": 200
    },
    {
      "RequestUri": "/subscriptions/422b6c61-95b0-4213-b3be-7282315df71d/resourceGroups/CanCreateUpdateDeleteVariable/providers/Microsoft.Automation/automationAccounts/automation-sdk-test-AA/webhooks?api-version=2015-10-31",
      "EncodedRequestUri": "L3N1YnNjcmlwdGlvbnMvNDIyYjZjNjEtOTViMC00MjEzLWIzYmUtNzI4MjMxNWRmNzFkL3Jlc291cmNlR3JvdXBzL0NhbkNyZWF0ZVVwZGF0ZURlbGV0ZVZhcmlhYmxlL3Byb3ZpZGVycy9NaWNyb3NvZnQuQXV0b21hdGlvbi9hdXRvbWF0aW9uQWNjb3VudHMvYXV0b21hdGlvbi1zZGstdGVzdC1BQS93ZWJob29rcz9hcGktdmVyc2lvbj0yMDE1LTEwLTMx",
      "RequestMethod": "GET",
      "RequestBody": "",
      "RequestHeaders": {
        "x-ms-client-request-id": [
          "627902d3-5518-4de4-a66b-aa3798a6fcd8"
        ],
        "Accept-Language": [
          "en-US"
        ],
        "User-Agent": [
          "FxVersion/4.6.30411.01",
          "OSName/Windows",
          "OSVersion/Microsoft.Windows.10.0.19043.",
          "Microsoft.Azure.Management.Automation.AutomationClient/3.8.4.0"
        ]
      },
      "ResponseHeaders": {
        "Cache-Control": [
          "no-cache"
        ],
        "Pragma": [
          "no-cache"
        ],
        "x-ms-request-id": [
          "627902d3-5518-4de4-a66b-aa3798a6fcd8"
        ],
        "Server": [
          "Microsoft-IIS/10.0"
        ],
        "X-Powered-By": [
          "ASP.NET"
        ],
        "x-ms-ratelimit-remaining-subscription-reads": [
          "11995"
        ],
        "x-ms-correlation-request-id": [
          "ee2e93c4-4832-4951-b125-7076cae32ae6"
        ],
        "x-ms-routing-request-id": [
          "SOUTHINDIA:20210910T180056Z:ee2e93c4-4832-4951-b125-7076cae32ae6"
        ],
        "Strict-Transport-Security": [
          "max-age=31536000; includeSubDomains"
        ],
        "X-Content-Type-Options": [
          "nosniff"
        ],
        "Date": [
          "Fri, 10 Sep 2021 18:00:56 GMT"
        ],
        "Content-Length": [
          "12"
        ],
        "Content-Type": [
          "application/json; charset=utf-8"
        ],
        "Expires": [
          "-1"
        ]
      },
      "ResponseBody": "{\r\n  \"value\": []\r\n}",
      "StatusCode": 200
    },
    {
      "RequestUri": "/subscriptions/422b6c61-95b0-4213-b3be-7282315df71d/resourceGroups/CanCreateUpdateDeleteVariable/providers/Microsoft.Automation/automationAccounts/automation-sdk-test-AA/variables/variable7075?api-version=2020-01-13-preview",
      "EncodedRequestUri": "L3N1YnNjcmlwdGlvbnMvNDIyYjZjNjEtOTViMC00MjEzLWIzYmUtNzI4MjMxNWRmNzFkL3Jlc291cmNlR3JvdXBzL0NhbkNyZWF0ZVVwZGF0ZURlbGV0ZVZhcmlhYmxlL3Byb3ZpZGVycy9NaWNyb3NvZnQuQXV0b21hdGlvbi9hdXRvbWF0aW9uQWNjb3VudHMvYXV0b21hdGlvbi1zZGstdGVzdC1BQS92YXJpYWJsZXMvdmFyaWFibGU3MDc1P2FwaS12ZXJzaW9uPTIwMjAtMDEtMTMtcHJldmlldw==",
      "RequestMethod": "PUT",
      "RequestBody": "{\r\n  \"name\": \"variable7075\",\r\n  \"properties\": {\r\n    \"value\": \"10\",\r\n    \"isEncrypted\": false\r\n  }\r\n}",
      "RequestHeaders": {
        "x-ms-client-request-id": [
          "ef0c73c5-57af-4bac-bac5-a10edfa1d6eb"
        ],
        "Accept-Language": [
          "en-US"
        ],
        "User-Agent": [
          "FxVersion/4.6.30411.01",
          "OSName/Windows",
          "OSVersion/Microsoft.Windows.10.0.19043.",
          "Microsoft.Azure.Management.Automation.AutomationClient/3.8.4.0"
        ],
        "Content-Type": [
          "application/json; charset=utf-8"
        ],
        "Content-Length": [
          "101"
        ]
      },
      "ResponseHeaders": {
        "Cache-Control": [
          "no-cache"
        ],
        "Pragma": [
          "no-cache"
        ],
        "Location": [
          "https://management.azure.com/subscriptions/422b6c61-95b0-4213-b3be-7282315df71d/resourceGroups/CanCreateUpdateDeleteVariable/providers/Microsoft.Automation/automationAccounts/automation-sdk-test-AA/variables/variable7075?api-version=2020-01-13-preview"
        ],
        "x-ms-request-id": [
          "ef0c73c5-57af-4bac-bac5-a10edfa1d6eb"
        ],
        "x-ms-location": [
          "https://management.azure.com/subscriptions/422b6c61-95b0-4213-b3be-7282315df71d/resourceGroups/CanCreateUpdateDeleteVariable/providers/Microsoft.Automation/automationAccounts/automation-sdk-test-AA/variables/variable7075?api-version=2020-01-13-preview"
        ],
        "ocp-location": [
          "https://management.azure.com/subscriptions/422b6c61-95b0-4213-b3be-7282315df71d/resourceGroups/CanCreateUpdateDeleteVariable/providers/Microsoft.Automation/automationAccounts/automation-sdk-test-AA/variables/variable7075?api-version=2020-01-13-preview"
        ],
        "Strict-Transport-Security": [
          "max-age=31536000; includeSubDomains"
        ],
        "Server": [
          "Microsoft-IIS/10.0"
        ],
        "X-AspNet-Version": [
          "4.0.30319"
        ],
        "X-Powered-By": [
          "ASP.NET"
        ],
        "x-ms-ratelimit-remaining-subscription-writes": [
          "1197"
        ],
        "x-ms-correlation-request-id": [
          "97193f54-425b-4cf1-a06b-6c05c4bb67d6"
        ],
        "x-ms-routing-request-id": [
          "SOUTHINDIA:20210910T180057Z:97193f54-425b-4cf1-a06b-6c05c4bb67d6"
        ],
        "X-Content-Type-Options": [
          "nosniff"
        ],
        "Date": [
          "Fri, 10 Sep 2021 18:00:57 GMT"
        ],
        "Content-Length": [
          "455"
        ],
        "Content-Type": [
          "application/json; charset=utf-8"
        ],
        "Expires": [
          "-1"
        ]
      },
      "ResponseBody": "{\r\n  \"id\": \"/subscriptions/422b6c61-95b0-4213-b3be-7282315df71d/resourceGroups/CanCreateUpdateDeleteVariable/providers/Microsoft.Automation/automationAccounts/automation-sdk-test-AA/variables/variable7075\",\r\n  \"name\": \"variable7075\",\r\n  \"type\": \"Microsoft.Automation/AutomationAccounts/Variables\",\r\n  \"properties\": {\r\n    \"creationTime\": \"2021-09-10T23:30:56.9933333+05:30\",\r\n    \"lastModifiedTime\": \"2021-09-10T23:30:56.9933333+05:30\",\r\n    \"isEncrypted\": false,\r\n    \"value\": \"10\",\r\n    \"description\": null\r\n  }\r\n}",
      "StatusCode": 201
    },
    {
      "RequestUri": "/subscriptions/422b6c61-95b0-4213-b3be-7282315df71d/resourceGroups/CanCreateUpdateDeleteVariable/providers/Microsoft.Automation/automationAccounts/automation-sdk-test-AA/variables/variable7075?api-version=2020-01-13-preview",
      "EncodedRequestUri": "L3N1YnNjcmlwdGlvbnMvNDIyYjZjNjEtOTViMC00MjEzLWIzYmUtNzI4MjMxNWRmNzFkL3Jlc291cmNlR3JvdXBzL0NhbkNyZWF0ZVVwZGF0ZURlbGV0ZVZhcmlhYmxlL3Byb3ZpZGVycy9NaWNyb3NvZnQuQXV0b21hdGlvbi9hdXRvbWF0aW9uQWNjb3VudHMvYXV0b21hdGlvbi1zZGstdGVzdC1BQS92YXJpYWJsZXMvdmFyaWFibGU3MDc1P2FwaS12ZXJzaW9uPTIwMjAtMDEtMTMtcHJldmlldw==",
      "RequestMethod": "GET",
      "RequestBody": "",
      "RequestHeaders": {
        "x-ms-client-request-id": [
          "265407d4-546d-46ee-a132-3dba553f892d"
        ],
        "Accept-Language": [
          "en-US"
        ],
        "User-Agent": [
          "FxVersion/4.6.30411.01",
          "OSName/Windows",
          "OSVersion/Microsoft.Windows.10.0.19043.",
          "Microsoft.Azure.Management.Automation.AutomationClient/3.8.4.0"
        ]
      },
      "ResponseHeaders": {
        "Cache-Control": [
          "no-cache"
        ],
        "Pragma": [
          "no-cache"
        ],
        "x-ms-request-id": [
          "265407d4-546d-46ee-a132-3dba553f892d"
        ],
        "Strict-Transport-Security": [
          "max-age=31536000; includeSubDomains"
        ],
        "Server": [
          "Microsoft-IIS/10.0"
        ],
        "X-AspNet-Version": [
          "4.0.30319"
        ],
        "X-Powered-By": [
          "ASP.NET"
        ],
        "x-ms-ratelimit-remaining-subscription-reads": [
          "11994"
        ],
        "x-ms-correlation-request-id": [
          "9b95a3ac-fb91-4149-9394-c0d059a0fbb7"
        ],
        "x-ms-routing-request-id": [
          "SOUTHINDIA:20210910T180057Z:9b95a3ac-fb91-4149-9394-c0d059a0fbb7"
        ],
        "X-Content-Type-Options": [
          "nosniff"
        ],
        "Date": [
          "Fri, 10 Sep 2021 18:00:57 GMT"
        ],
        "Content-Length": [
          "455"
        ],
        "Content-Type": [
          "application/json; charset=utf-8"
        ],
        "Expires": [
          "-1"
        ]
      },
      "ResponseBody": "{\r\n  \"id\": \"/subscriptions/422b6c61-95b0-4213-b3be-7282315df71d/resourceGroups/CanCreateUpdateDeleteVariable/providers/Microsoft.Automation/automationAccounts/automation-sdk-test-AA/variables/variable7075\",\r\n  \"name\": \"variable7075\",\r\n  \"type\": \"Microsoft.Automation/AutomationAccounts/Variables\",\r\n  \"properties\": {\r\n    \"creationTime\": \"2021-09-10T23:30:56.9933333+05:30\",\r\n    \"lastModifiedTime\": \"2021-09-10T23:30:56.9933333+05:30\",\r\n    \"isEncrypted\": false,\r\n    \"value\": \"10\",\r\n    \"description\": null\r\n  }\r\n}",
      "StatusCode": 200
    },
    {
      "RequestUri": "/subscriptions/422b6c61-95b0-4213-b3be-7282315df71d/resourceGroups/CanCreateUpdateDeleteVariable/providers/Microsoft.Automation/automationAccounts/automation-sdk-test-AA/variables/variable7075?api-version=2020-01-13-preview",
      "EncodedRequestUri": "L3N1YnNjcmlwdGlvbnMvNDIyYjZjNjEtOTViMC00MjEzLWIzYmUtNzI4MjMxNWRmNzFkL3Jlc291cmNlR3JvdXBzL0NhbkNyZWF0ZVVwZGF0ZURlbGV0ZVZhcmlhYmxlL3Byb3ZpZGVycy9NaWNyb3NvZnQuQXV0b21hdGlvbi9hdXRvbWF0aW9uQWNjb3VudHMvYXV0b21hdGlvbi1zZGstdGVzdC1BQS92YXJpYWJsZXMvdmFyaWFibGU3MDc1P2FwaS12ZXJzaW9uPTIwMjAtMDEtMTMtcHJldmlldw==",
      "RequestMethod": "GET",
      "RequestBody": "",
      "RequestHeaders": {
        "x-ms-client-request-id": [
          "9ccafe33-e83b-476c-a6a0-8f495cd7e4d6"
        ],
        "Accept-Language": [
          "en-US"
        ],
        "User-Agent": [
          "FxVersion/4.6.30411.01",
          "OSName/Windows",
          "OSVersion/Microsoft.Windows.10.0.19043.",
          "Microsoft.Azure.Management.Automation.AutomationClient/3.8.4.0"
        ]
      },
      "ResponseHeaders": {
        "Cache-Control": [
          "no-cache"
        ],
        "Pragma": [
          "no-cache"
        ],
        "x-ms-request-id": [
          "9ccafe33-e83b-476c-a6a0-8f495cd7e4d6"
        ],
        "Strict-Transport-Security": [
          "max-age=31536000; includeSubDomains"
        ],
        "Server": [
          "Microsoft-IIS/10.0"
        ],
        "X-AspNet-Version": [
          "4.0.30319"
        ],
        "X-Powered-By": [
          "ASP.NET"
        ],
        "x-ms-ratelimit-remaining-subscription-reads": [
          "11992"
        ],
        "x-ms-correlation-request-id": [
          "c59c02ff-dab5-417e-a84e-876564c4b9a8"
        ],
        "x-ms-routing-request-id": [
          "SOUTHINDIA:20210910T180102Z:c59c02ff-dab5-417e-a84e-876564c4b9a8"
        ],
        "X-Content-Type-Options": [
          "nosniff"
        ],
        "Date": [
          "Fri, 10 Sep 2021 18:01:01 GMT"
        ],
        "Content-Length": [
          "51"
        ],
        "Content-Type": [
          "application/json; charset=utf-8"
        ],
        "Expires": [
          "-1"
        ]
      },
      "ResponseBody": "{\r\n  \"code\": \"NotFound\",\r\n  \"message\": \"Variable not found.\"\r\n}",
      "StatusCode": 404
    },
    {
      "RequestUri": "/subscriptions/422b6c61-95b0-4213-b3be-7282315df71d/resourceGroups/CanCreateUpdateDeleteVariable/providers/Microsoft.Automation/automationAccounts/automation-sdk-test-AA/variables/variable7075?api-version=2020-01-13-preview",
      "EncodedRequestUri": "L3N1YnNjcmlwdGlvbnMvNDIyYjZjNjEtOTViMC00MjEzLWIzYmUtNzI4MjMxNWRmNzFkL3Jlc291cmNlR3JvdXBzL0NhbkNyZWF0ZVVwZGF0ZURlbGV0ZVZhcmlhYmxlL3Byb3ZpZGVycy9NaWNyb3NvZnQuQXV0b21hdGlvbi9hdXRvbWF0aW9uQWNjb3VudHMvYXV0b21hdGlvbi1zZGstdGVzdC1BQS92YXJpYWJsZXMvdmFyaWFibGU3MDc1P2FwaS12ZXJzaW9uPTIwMjAtMDEtMTMtcHJldmlldw==",
      "RequestMethod": "PATCH",
      "RequestBody": "{\r\n  \"name\": \"variable7075\",\r\n  \"properties\": {\r\n    \"value\": \"20\",\r\n    \"description\": \"int typed variable\"\r\n  }\r\n}",
      "RequestHeaders": {
        "x-ms-client-request-id": [
          "50506f20-0708-41b7-98e8-2f941dc768d0"
        ],
        "Accept-Language": [
          "en-US"
        ],
        "User-Agent": [
          "FxVersion/4.6.30411.01",
          "OSName/Windows",
          "OSVersion/Microsoft.Windows.10.0.19043.",
          "Microsoft.Azure.Management.Automation.AutomationClient/3.8.4.0"
        ],
        "Content-Type": [
          "application/json; charset=utf-8"
        ],
        "Content-Length": [
          "116"
        ]
      },
      "ResponseHeaders": {
        "Cache-Control": [
          "no-cache"
        ],
        "Pragma": [
          "no-cache"
        ],
        "x-ms-request-id": [
          "50506f20-0708-41b7-98e8-2f941dc768d0"
        ],
        "Strict-Transport-Security": [
          "max-age=31536000; includeSubDomains"
        ],
        "Server": [
          "Microsoft-IIS/10.0"
        ],
        "X-AspNet-Version": [
          "4.0.30319"
        ],
        "X-Powered-By": [
          "ASP.NET"
        ],
        "x-ms-ratelimit-remaining-subscription-writes": [
          "1196"
        ],
        "x-ms-correlation-request-id": [
          "99c76e87-895a-4b47-824c-07bbaa2d0c10"
        ],
        "x-ms-routing-request-id": [
          "SOUTHINDIA:20210910T180057Z:99c76e87-895a-4b47-824c-07bbaa2d0c10"
        ],
        "X-Content-Type-Options": [
          "nosniff"
        ],
        "Date": [
          "Fri, 10 Sep 2021 18:00:57 GMT"
        ],
        "Content-Length": [
          "466"
        ],
        "Content-Type": [
          "application/json; charset=utf-8"
        ],
        "Expires": [
          "-1"
        ]
      },
      "ResponseBody": "{\r\n  \"id\": \"/subscriptions/422b6c61-95b0-4213-b3be-7282315df71d/resourceGroups/CanCreateUpdateDeleteVariable/providers/Microsoft.Automation/automationAccounts/automation-sdk-test-AA/variables/variable7075\",\r\n  \"name\": \"variable7075\",\r\n  \"type\": \"Microsoft.Automation/AutomationAccounts/Variables\",\r\n  \"properties\": {\r\n    \"creationTime\": \"2021-09-10T23:30:56.9933333+05:30\",\r\n    \"lastModifiedTime\": \"2021-09-10T23:30:57.68+05:30\",\r\n    \"isEncrypted\": false,\r\n    \"value\": \"20\",\r\n    \"description\": \"int typed variable\"\r\n  }\r\n}",
      "StatusCode": 200
    },
    {
      "RequestUri": "/subscriptions/422b6c61-95b0-4213-b3be-7282315df71d/resourceGroups/CanCreateUpdateDeleteVariable/providers/Microsoft.Automation/automationAccounts/automation-sdk-test-AA/variables/variable7075?api-version=2020-01-13-preview",
      "EncodedRequestUri": "L3N1YnNjcmlwdGlvbnMvNDIyYjZjNjEtOTViMC00MjEzLWIzYmUtNzI4MjMxNWRmNzFkL3Jlc291cmNlR3JvdXBzL0NhbkNyZWF0ZVVwZGF0ZURlbGV0ZVZhcmlhYmxlL3Byb3ZpZGVycy9NaWNyb3NvZnQuQXV0b21hdGlvbi9hdXRvbWF0aW9uQWNjb3VudHMvYXV0b21hdGlvbi1zZGstdGVzdC1BQS92YXJpYWJsZXMvdmFyaWFibGU3MDc1P2FwaS12ZXJzaW9uPTIwMjAtMDEtMTMtcHJldmlldw==",
      "RequestMethod": "DELETE",
      "RequestBody": "",
      "RequestHeaders": {
        "x-ms-client-request-id": [
          "283a35fd-0013-4032-9c27-32a8c9d5a28b"
        ],
        "Accept-Language": [
          "en-US"
        ],
        "User-Agent": [
          "FxVersion/4.6.30411.01",
          "OSName/Windows",
          "OSVersion/Microsoft.Windows.10.0.19043.",
          "Microsoft.Azure.Management.Automation.AutomationClient/3.8.4.0"
        ]
      },
      "ResponseHeaders": {
        "Cache-Control": [
          "no-cache"
        ],
        "Pragma": [
          "no-cache"
        ],
        "x-ms-request-id": [
          "283a35fd-0013-4032-9c27-32a8c9d5a28b"
        ],
        "Strict-Transport-Security": [
          "max-age=31536000; includeSubDomains"
        ],
        "Server": [
          "Microsoft-IIS/10.0"
        ],
        "X-AspNet-Version": [
          "4.0.30319"
        ],
        "X-Powered-By": [
          "ASP.NET"
        ],
        "x-ms-ratelimit-remaining-subscription-deletes": [
          "14998"
        ],
        "x-ms-correlation-request-id": [
          "befbde8e-92a8-424f-9baf-aba8b941440f"
        ],
        "x-ms-routing-request-id": [
          "SOUTHINDIA:20210910T180101Z:befbde8e-92a8-424f-9baf-aba8b941440f"
        ],
        "X-Content-Type-Options": [
          "nosniff"
        ],
        "Date": [
          "Fri, 10 Sep 2021 18:01:01 GMT"
        ],
        "Expires": [
          "-1"
        ],
        "Content-Length": [
          "0"
        ]
      },
      "ResponseBody": "",
      "StatusCode": 200
    }
  ],
  "Names": {
    "CanCreateUpdateDeleteVariable": [
      "variable7075"
    ]
  },
  "Variables": {
    "SubscriptionId": "422b6c61-95b0-4213-b3be-7282315df71d"
  }
}