{
  "Entries": [
    {
      "RequestUri": "https://amandadev2.blob.core.windows.net/test-container-e952703b-e9ad-8675-b5cb-47116c068336?restype=container",
      "RequestMethod": "PUT",
      "RequestHeaders": {
        "Accept": "application/xml",
        "Authorization": "Sanitized",
        "Content-Length": "0",
        "traceparent": "00-853d24633d3269e2271d638dd7eecd7e-88bd420e63362391-00",
        "User-Agent": "azsdk-net-Storage.Blobs/12.15.0-alpha.20221214.1 (.NET 6.0.12; Microsoft Windows 10.0.22621)",
        "x-ms-blob-public-access": "container",
        "x-ms-client-request-id": "3cce2657-5744-6e99-4269-51c0f78e91af",
        "x-ms-date": "Wed, 14 Dec 2022 23:19:43 GMT",
        "x-ms-return-client-request-id": "true",
        "x-ms-version": "2021-12-02"
      },
      "RequestBody": null,
      "StatusCode": 201,
      "ResponseHeaders": {
        "Content-Length": "0",
        "Date": "Wed, 14 Dec 2022 23:19:44 GMT",
        "ETag": "\u00220x8DADE29AFE93AAF\u0022",
        "Last-Modified": "Wed, 14 Dec 2022 23:19:45 GMT",
        "Server": [
          "Windows-Azure-Blob/1.0",
          "Microsoft-HTTPAPI/2.0"
        ],
        "x-ms-client-request-id": "3cce2657-5744-6e99-4269-51c0f78e91af",
        "x-ms-request-id": "ac461785-a01e-0054-6212-103ab6000000",
        "x-ms-version": "2021-12-02"
      },
      "ResponseBody": null
    },
    {
      "RequestUri": "https://amandadev2.blob.core.windows.net/test-container-e952703b-e9ad-8675-b5cb-47116c068336/test-blob-082bf3ff-828c-c099-5843-f18d3737f290",
      "RequestMethod": "PUT",
      "RequestHeaders": {
        "Accept": "application/xml",
        "Authorization": "Sanitized",
        "Content-Length": "0",
        "If-None-Match": "*",
        "traceparent": "00-3bf791d25fe81413e7d5bd546b312e17-87bbb24f7c6b6c96-00",
        "User-Agent": "azsdk-net-Storage.Blobs/12.15.0-alpha.20221214.1 (.NET 6.0.12; Microsoft Windows 10.0.22621)",
        "x-ms-blob-type": "AppendBlob",
        "x-ms-client-request-id": "c4e8c076-4bd5-b976-01e4-ed64c58a9501",
        "x-ms-date": "Wed, 14 Dec 2022 23:19:43 GMT",
        "x-ms-return-client-request-id": "true",
        "x-ms-version": "2021-12-02"
      },
      "RequestBody": null,
      "StatusCode": 201,
      "ResponseHeaders": {
        "Content-Length": "0",
        "Date": "Wed, 14 Dec 2022 23:19:45 GMT",
        "ETag": "\u00220x8DADE29B004B738\u0022",
        "Last-Modified": "Wed, 14 Dec 2022 23:19:45 GMT",
        "Server": [
          "Windows-Azure-Blob/1.0",
          "Microsoft-HTTPAPI/2.0"
        ],
        "x-ms-client-request-id": "c4e8c076-4bd5-b976-01e4-ed64c58a9501",
        "x-ms-request-id": "ac461801-a01e-0054-5512-103ab6000000",
        "x-ms-request-server-encrypted": "true",
        "x-ms-version": "2021-12-02",
        "x-ms-version-id": "2022-12-14T23:19:45.4470968Z"
      },
      "ResponseBody": null
    },
    {
      "RequestUri": "https://amandadev2.blob.core.windows.net/test-container-e952703b-e9ad-8675-b5cb-47116c068336/test-blob-082bf3ff-828c-c099-5843-f18d3737f290",
      "RequestMethod": "HEAD",
      "RequestHeaders": {
        "Accept": "application/xml",
        "Authorization": "Sanitized",
        "traceparent": "00-fedf46e8cf5c59fb902ddf20fdf004f1-b3b335a68cefb9c0-00",
        "User-Agent": "azsdk-net-Storage.Blobs/12.15.0-alpha.20221214.1 (.NET 6.0.12; Microsoft Windows 10.0.22621)",
        "x-ms-client-request-id": "6997b1f1-546f-4294-8b84-9f14fd230f03",
        "x-ms-date": "Wed, 14 Dec 2022 23:19:44 GMT",
        "x-ms-return-client-request-id": "true",
        "x-ms-version": "2021-12-02"
      },
      "RequestBody": null,
      "StatusCode": 200,
      "ResponseHeaders": {
        "Accept-Ranges": "bytes",
        "Content-Length": "0",
        "Content-Type": "application/octet-stream",
        "Date": "Wed, 14 Dec 2022 23:19:45 GMT",
        "ETag": "\u00220x8DADE29B004B738\u0022",
        "Last-Modified": "Wed, 14 Dec 2022 23:19:45 GMT",
        "Server": [
          "Windows-Azure-Blob/1.0",
          "Microsoft-HTTPAPI/2.0"
        ],
        "x-ms-blob-committed-block-count": "0",
        "x-ms-blob-type": "AppendBlob",
        "x-ms-client-request-id": "6997b1f1-546f-4294-8b84-9f14fd230f03",
        "x-ms-creation-time": "Wed, 14 Dec 2022 23:19:45 GMT",
        "x-ms-is-current-version": "true",
        "x-ms-lease-state": "available",
        "x-ms-lease-status": "unlocked",
        "x-ms-request-id": "ac461836-a01e-0054-0512-103ab6000000",
        "x-ms-server-encrypted": "true",
        "x-ms-version": "2021-12-02",
        "x-ms-version-id": "2022-12-14T23:19:45.4470968Z"
      },
      "ResponseBody": null
    },
    {
      "RequestUri": "https://amandadev2.blob.core.windows.net/test-container-e952703b-e9ad-8675-b5cb-47116c068336/test-blob-45b933d7-4638-46f2-1a27-bc0e2a571869",
      "RequestMethod": "PUT",
      "RequestHeaders": {
        "Accept": "application/xml",
        "Authorization": "Sanitized",
        "Content-Length": "0",
        "traceparent": "00-768eb9686b0551aa4d0bcd4c590b7f5e-850dbb40a7e49b67-00",
        "User-Agent": "azsdk-net-Storage.Blobs/12.15.0-alpha.20221214.1 (.NET 6.0.12; Microsoft Windows 10.0.22621)",
        "x-ms-client-request-id": "1473df03-2bf2-d692-f3bc-a974b382ee87",
        "x-ms-copy-source": "https://amandadev2.blob.core.windows.net/test-container-e952703b-e9ad-8675-b5cb-47116c068336/test-blob-082bf3ff-828c-c099-5843-f18d3737f290",
        "x-ms-date": "Wed, 14 Dec 2022 23:19:44 GMT",
        "x-ms-return-client-request-id": "true",
        "x-ms-version": "2021-12-02"
      },
      "RequestBody": null,
      "StatusCode": 202,
      "ResponseHeaders": {
        "Content-Length": "0",
        "Date": "Wed, 14 Dec 2022 23:19:45 GMT",
        "ETag": "\u00220x8DADE29B01CA880\u0022",
        "Last-Modified": "Wed, 14 Dec 2022 23:19:45 GMT",
        "Server": [
          "Windows-Azure-Blob/1.0",
          "Microsoft-HTTPAPI/2.0"
        ],
        "x-ms-client-request-id": "1473df03-2bf2-d692-f3bc-a974b382ee87",
        "x-ms-copy-id": "5c03c2a7-7d77-44c0-8732-aa3adcbc3144",
        "x-ms-copy-status": "success",
        "x-ms-request-id": "ac461866-a01e-0054-3512-103ab6000000",
        "x-ms-version": "2021-12-02",
        "x-ms-version-id": "2022-12-14T23:19:45.6040064Z"
      },
      "ResponseBody": null
    },
    {
      "RequestUri": "https://amandadev2.blob.core.windows.net/test-container-e952703b-e9ad-8675-b5cb-47116c068336/test-blob-45b933d7-4638-46f2-1a27-bc0e2a571869",
      "RequestMethod": "HEAD",
      "RequestHeaders": {
        "Accept": "application/xml",
        "Authorization": "Sanitized",
        "traceparent": "00-61df6da895157c762a62f46d16428839-aea68db4121230b2-00",
        "User-Agent": "azsdk-net-Storage.Blobs/12.15.0-alpha.20221214.1 (.NET 6.0.12; Microsoft Windows 10.0.22621)",
        "x-ms-client-request-id": "1e118e2e-fbb0-4c10-5000-ea51589c71a6",
        "x-ms-date": "Wed, 14 Dec 2022 23:19:44 GMT",
        "x-ms-return-client-request-id": "true",
        "x-ms-version": "2021-12-02"
      },
      "RequestBody": null,
      "StatusCode": 200,
      "ResponseHeaders": {
        "Accept-Ranges": "bytes",
        "Content-Length": "0",
        "Content-Type": "application/octet-stream",
        "Date": "Wed, 14 Dec 2022 23:19:45 GMT",
        "ETag": "\u00220x8DADE29B01CA880\u0022",
        "Last-Modified": "Wed, 14 Dec 2022 23:19:45 GMT",
        "Server": [
          "Windows-Azure-Blob/1.0",
          "Microsoft-HTTPAPI/2.0"
        ],
        "x-ms-blob-committed-block-count": "0",
        "x-ms-blob-type": "AppendBlob",
        "x-ms-client-request-id": "1e118e2e-fbb0-4c10-5000-ea51589c71a6",
        "x-ms-copy-completion-time": "Wed, 14 Dec 2022 23:19:45 GMT",
        "x-ms-copy-id": "5c03c2a7-7d77-44c0-8732-aa3adcbc3144",
        "x-ms-copy-progress": "0/0",
        "x-ms-copy-source": "https://amandadev2.blob.core.windows.net/test-container-e952703b-e9ad-8675-b5cb-47116c068336/test-blob-082bf3ff-828c-c099-5843-f18d3737f290",
        "x-ms-copy-status": "success",
        "x-ms-creation-time": "Wed, 14 Dec 2022 23:19:45 GMT",
        "x-ms-is-current-version": "true",
        "x-ms-lease-state": "available",
        "x-ms-lease-status": "unlocked",
        "x-ms-request-id": "ac4618a5-a01e-0054-7112-103ab6000000",
        "x-ms-server-encrypted": "true",
        "x-ms-version": "2021-12-02",
        "x-ms-version-id": "2022-12-14T23:19:45.6040064Z"
      },
      "ResponseBody": null
    },
    {
      "RequestUri": "https://amandadev2.blob.core.windows.net/test-container-e952703b-e9ad-8675-b5cb-47116c068336?restype=container",
      "RequestMethod": "DELETE",
      "RequestHeaders": {
        "Accept": "application/xml",
        "Authorization": "Sanitized",
        "traceparent": "00-be3becf45fa3a22974c4822db51a8e0f-64bdd6a95879e185-00",
        "User-Agent": "azsdk-net-Storage.Blobs/12.15.0-alpha.20221214.1 (.NET 6.0.12; Microsoft Windows 10.0.22621)",
        "x-ms-client-request-id": "2445690d-cf71-d8d6-a565-301917af9603",
        "x-ms-date": "Wed, 14 Dec 2022 23:19:44 GMT",
        "x-ms-return-client-request-id": "true",
        "x-ms-version": "2021-12-02"
      },
      "RequestBody": null,
      "StatusCode": 202,
      "ResponseHeaders": {
        "Content-Length": "0",
        "Date": "Wed, 14 Dec 2022 23:19:45 GMT",
        "Server": [
          "Windows-Azure-Blob/1.0",
          "Microsoft-HTTPAPI/2.0"
        ],
        "x-ms-client-request-id": "2445690d-cf71-d8d6-a565-301917af9603",
        "x-ms-request-id": "ac4618ca-a01e-0054-1412-103ab6000000",
        "x-ms-version": "2021-12-02"
      },
      "ResponseBody": null
    }
  ],
  "Variables": {
    "RandomSeed": "900554614",
    "Storage_TestConfigDefault": "ProductionTenant\namandadev2\nU2FuaXRpemVk\nhttps://amandadev2.blob.core.windows.net\nhttps://amandadev2.file.core.windows.net\nhttps://amandadev2.queue.core.windows.net\nhttps://amandadev2.table.core.windows.net\n\n\n\n\nhttps://amandadev2-secondary.core.windows.net\nhttps://amandadev2-secondary.file.core.windows.net\nhttps://amandadev2-secondary.queue.core.windows.net\nhttps://amandadev2-secondary.table.core.windows.net\n\nSanitized\n\n\nCloud\nBlobEndpoint=https://amandadev2.blob.core.windows.net/;QueueEndpoint=https://amandadev2.queue.core.windows.net/;FileEndpoint=https://amandadev2.file.core.windows.net/;BlobSecondaryEndpoint=https://amandadev2-secondary.core.windows.net/;QueueSecondaryEndpoint=https://amandadev2-secondary.queue.core.windows.net/;FileSecondaryEndpoint=https://amandadev2-secondary.file.core.windows.net/;AccountName=amandadev2;AccountKey=Sanitized\nencryptionScope1\n\n"
  }
}
