{
  "Entries": [
    {
      "RequestUri": "https://management.azure.com/subscriptions/db1ab6f0-4769-4b27-930e-01e2ef9c123c/resourcegroups/crptestar6103?api-version=2019-10-01",
      "RequestMethod": "PUT",
      "RequestHeaders": {
        "Accept": "application/json",
        "Authorization": "Sanitized",
        "Content-Length": "28",
        "Content-Type": "application/json",
        "traceparent": "00-37fb2ed7caf69840b52b967e5ca0aac3-0979e9fe0ff69a4b-00",
        "User-Agent": [
          "azsdk-net-ResourceManager.Resources/1.0.0-preview.2",
          "(.NET Core 4.6.29220.03; Microsoft Windows 10.0.19042 )"
        ],
        "x-ms-client-request-id": "a12a1ba97f068621e9f914d2179de11e",
        "x-ms-return-client-request-id": "true"
      },
      "RequestBody": {
        "location": "westcentralus"
      },
      "StatusCode": 201,
      "ResponseHeaders": {
        "Cache-Control": "no-cache",
        "Content-Length": "230",
        "Content-Type": "application/json; charset=utf-8",
        "Date": "Tue, 06 Oct 2020 06:39:17 GMT",
        "Expires": "-1",
        "Pragma": "no-cache",
        "Strict-Transport-Security": "max-age=31536000; includeSubDomains",
        "X-Content-Type-Options": "nosniff",
        "x-ms-correlation-request-id": "ace74efa-4e78-43b0-8aed-6fe6ad2f8f9d",
        "x-ms-ratelimit-remaining-subscription-writes": "1141",
        "x-ms-request-id": "ace74efa-4e78-43b0-8aed-6fe6ad2f8f9d",
        "x-ms-routing-request-id": "WESTUS2:20201006T063917Z:ace74efa-4e78-43b0-8aed-6fe6ad2f8f9d"
      },
      "ResponseBody": {
        "id": "/subscriptions/db1ab6f0-4769-4b27-930e-01e2ef9c123c/resourceGroups/crptestar6103",
        "name": "crptestar6103",
        "type": "Microsoft.Resources/resourceGroups",
        "location": "westcentralus",
        "properties": {
          "provisioningState": "Succeeded"
        }
      }
    },
    {
      "RequestUri": "https://management.azure.com/subscriptions/db1ab6f0-4769-4b27-930e-01e2ef9c123c/resourceGroups/crptestar6103/providers/Microsoft.Compute/disks/diskrp1464?api-version=2019-11-01",
      "RequestMethod": "PUT",
      "RequestHeaders": {
        "Accept": "application/json",
        "Authorization": "Sanitized",
        "Content-Length": "170",
        "Content-Type": "application/json",
        "traceparent": "00-1b7dada0e520414db2a7b0a1bf39c3af-488688ab72e20d4a-00",
        "User-Agent": [
          "azsdk-net-ResourceManager.Compute/1.0.0-alpha.20201005.1",
          "(.NET Core 4.6.29220.03; Microsoft Windows 10.0.19042 )"
        ],
        "x-ms-client-request-id": "74244d8044e8247662f380dae29d2428",
        "x-ms-return-client-request-id": "true"
      },
      "RequestBody": {
        "sku": {
          "name": "Standard_LRS"
        },
        "location": "westcentralus",
        "properties": {
          "osType": "Linux",
          "hyperVGeneration": "V2",
          "creationData": {
            "createOption": "Empty"
          },
          "diskSizeGB": 10
        }
      },
      "StatusCode": 202,
      "ResponseHeaders": {
        "Azure-AsyncOperation": "https://management.azure.com/subscriptions/db1ab6f0-4769-4b27-930e-01e2ef9c123c/providers/Microsoft.Compute/locations/westcentralus/DiskOperations/a5d6e90b-6d28-4879-8817-3f85fbb9a782?api-version=2019-11-01",
        "Cache-Control": "no-cache",
        "Content-Length": "242",
        "Content-Type": "application/json; charset=utf-8",
        "Date": "Tue, 06 Oct 2020 06:39:17 GMT",
        "Expires": "-1",
        "Location": "https://management.azure.com/subscriptions/db1ab6f0-4769-4b27-930e-01e2ef9c123c/providers/Microsoft.Compute/locations/westcentralus/DiskOperations/a5d6e90b-6d28-4879-8817-3f85fbb9a782?monitor=true\u0026api-version=2019-11-01",
        "Pragma": "no-cache",
        "Retry-After": "2",
        "Server": [
          "Microsoft-HTTPAPI/2.0",
          "Microsoft-HTTPAPI/2.0"
        ],
        "Strict-Transport-Security": "max-age=31536000; includeSubDomains",
        "X-Content-Type-Options": "nosniff",
        "x-ms-client-request-id": "74244d8044e8247662f380dae29d2428",
        "x-ms-correlation-request-id": "22394c9c-d4f0-499d-80a5-b675aee47f87",
        "x-ms-ratelimit-remaining-resource": "Microsoft.Compute/CreateUpdateDisks3Min;996,Microsoft.Compute/CreateUpdateDisks30Min;7996",
        "x-ms-ratelimit-remaining-subscription-writes": "1140",
        "x-ms-request-id": "a5d6e90b-6d28-4879-8817-3f85fbb9a782",
        "x-ms-routing-request-id": "WESTUS2:20201006T063918Z:22394c9c-d4f0-499d-80a5-b675aee47f87",
        "x-ms-served-by": "edd9902d-5b74-4e42-a457-c90105dcf064_132325353451853561"
      },
      "ResponseBody": {
        "name": "diskrp1464",
        "location": "westcentralus",
        "sku": {
          "name": "Standard_LRS"
        },
        "properties": {
          "osType": "Linux",
          "hyperVGeneration": "V2",
          "creationData": {
            "createOption": "Empty"
          },
          "diskSizeGB": 10,
          "provisioningState": "Updating",
          "isArmResource": true
        }
      }
    },
    {
      "RequestUri": "https://management.azure.com/subscriptions/db1ab6f0-4769-4b27-930e-01e2ef9c123c/providers/Microsoft.Compute/locations/westcentralus/DiskOperations/a5d6e90b-6d28-4879-8817-3f85fbb9a782?api-version=2019-11-01",
      "RequestMethod": "GET",
      "RequestHeaders": {
        "Authorization": "Sanitized",
        "User-Agent": [
          "azsdk-net-ResourceManager.Compute/1.0.0-alpha.20201005.1",
          "(.NET Core 4.6.29220.03; Microsoft Windows 10.0.19042 )"
        ],
        "x-ms-client-request-id": "5391283d91346509a4053e13fe47a44c",
        "x-ms-return-client-request-id": "true"
      },
      "RequestBody": null,
      "StatusCode": 200,
      "ResponseHeaders": {
        "Cache-Control": "no-cache",
        "Content-Length": "849",
        "Content-Type": "application/json; charset=utf-8",
        "Date": "Tue, 06 Oct 2020 06:39:17 GMT",
        "Expires": "-1",
        "Pragma": "no-cache",
        "Server": [
          "Microsoft-HTTPAPI/2.0",
          "Microsoft-HTTPAPI/2.0"
        ],
        "Strict-Transport-Security": "max-age=31536000; includeSubDomains",
        "X-Content-Type-Options": "nosniff",
        "x-ms-client-request-id": "5391283d91346509a4053e13fe47a44c",
        "x-ms-correlation-request-id": "d8ec54b0-a31b-4805-82d3-67668b6ed7be",
        "x-ms-ratelimit-remaining-resource": "Microsoft.Compute/GetOperation3Min;49996,Microsoft.Compute/GetOperation30Min;399996",
        "x-ms-ratelimit-remaining-subscription-reads": "11900",
        "x-ms-request-id": "4590446f-7a3f-41d4-85d1-728f15e1b9f4",
        "x-ms-routing-request-id": "WESTUS2:20201006T063918Z:d8ec54b0-a31b-4805-82d3-67668b6ed7be",
        "x-ms-served-by": "edd9902d-5b74-4e42-a457-c90105dcf064_132325353451853561"
      },
      "ResponseBody": {
        "startTime": "2020-10-06T06:39:18.1115178\u002B00:00",
        "endTime": "2020-10-06T06:39:18.2678442\u002B00:00",
        "status": "Succeeded",
        "properties": {
          "output": {
            "name": "diskrp1464",
            "id": "/subscriptions/db1ab6f0-4769-4b27-930e-01e2ef9c123c/resourceGroups/crptestar6103/providers/Microsoft.Compute/disks/diskrp1464",
            "type": "Microsoft.Compute/disks",
            "location": "westcentralus",
            "sku": {
              "name": "Standard_LRS",
              "tier": "Standard"
            },
            "properties": {
              "osType": "Linux",
              "hyperVGeneration": "V2",
              "creationData": {
                "createOption": "Empty"
              },
              "diskSizeGB": 10,
              "diskIOPSReadWrite": 500,
              "diskMBpsReadWrite": 60,
              "encryption": {
                "type": "EncryptionAtRestWithPlatformKey"
              },
              "timeCreated": "2020-10-06T06:39:18.1271861\u002B00:00",
              "provisioningState": "Succeeded",
              "diskState": "Unattached",
              "diskSizeBytes": 10737418240,
              "uniqueId": "3699dd06-4942-441b-bf18-70b4bc8c7702"
            }
          }
        },
        "name": "a5d6e90b-6d28-4879-8817-3f85fbb9a782"
      }
    },
    {
      "RequestUri": "https://management.azure.com/subscriptions/db1ab6f0-4769-4b27-930e-01e2ef9c123c/resourceGroups/crptestar6103/providers/Microsoft.Compute/disks/diskrp1464?api-version=2019-11-01",
      "RequestMethod": "GET",
      "RequestHeaders": {
        "Authorization": "Sanitized",
        "User-Agent": [
          "azsdk-net-ResourceManager.Compute/1.0.0-alpha.20201005.1",
          "(.NET Core 4.6.29220.03; Microsoft Windows 10.0.19042 )"
        ],
        "x-ms-client-request-id": "e54cebd55376432df7d2f921ef2cc388",
        "x-ms-return-client-request-id": "true"
      },
      "RequestBody": null,
      "StatusCode": 200,
      "ResponseHeaders": {
        "Cache-Control": "no-cache",
        "Content-Length": "662",
        "Content-Type": "application/json; charset=utf-8",
        "Date": "Tue, 06 Oct 2020 06:39:17 GMT",
        "Expires": "-1",
        "Pragma": "no-cache",
        "Server": [
          "Microsoft-HTTPAPI/2.0",
          "Microsoft-HTTPAPI/2.0"
        ],
        "Strict-Transport-Security": "max-age=31536000; includeSubDomains",
        "X-Content-Type-Options": "nosniff",
        "x-ms-client-request-id": "e54cebd55376432df7d2f921ef2cc388",
        "x-ms-correlation-request-id": "9fa09b1e-1199-4655-898c-f09f0a9d4861",
        "x-ms-ratelimit-remaining-resource": "Microsoft.Compute/LowCostGet3Min;4997,Microsoft.Compute/LowCostGet30Min;39997",
        "x-ms-ratelimit-remaining-subscription-reads": "11899",
        "x-ms-request-id": "2d611def-651e-47da-9bfa-589fd986e064",
        "x-ms-routing-request-id": "WESTUS2:20201006T063918Z:9fa09b1e-1199-4655-898c-f09f0a9d4861",
        "x-ms-served-by": "edd9902d-5b74-4e42-a457-c90105dcf064_132325353451853561"
      },
      "ResponseBody": {
        "name": "diskrp1464",
        "id": "/subscriptions/db1ab6f0-4769-4b27-930e-01e2ef9c123c/resourceGroups/crptestar6103/providers/Microsoft.Compute/disks/diskrp1464",
        "type": "Microsoft.Compute/disks",
        "location": "westcentralus",
        "sku": {
          "name": "Standard_LRS",
          "tier": "Standard"
        },
        "properties": {
          "osType": "Linux",
          "hyperVGeneration": "V2",
          "creationData": {
            "createOption": "Empty"
          },
          "diskSizeGB": 10,
          "diskIOPSReadWrite": 500,
          "diskMBpsReadWrite": 60,
          "encryption": {
            "type": "EncryptionAtRestWithPlatformKey"
          },
          "timeCreated": "2020-10-06T06:39:18.1271861\u002B00:00",
          "provisioningState": "Succeeded",
          "diskState": "Unattached",
          "diskSizeBytes": 10737418240,
          "uniqueId": "3699dd06-4942-441b-bf18-70b4bc8c7702"
        }
      }
    },
    {
      "RequestUri": "https://management.azure.com/subscriptions/db1ab6f0-4769-4b27-930e-01e2ef9c123c/resourceGroups/crptestar6103/providers/Microsoft.Compute/disks/diskrp1464?api-version=2019-11-01",
      "RequestMethod": "GET",
      "RequestHeaders": {
        "Accept": "application/json",
        "Authorization": "Sanitized",
        "traceparent": "00-d76ba5e5c3f33a4a93cfe64894ee11fe-f3e876864163864f-00",
        "User-Agent": [
          "azsdk-net-ResourceManager.Compute/1.0.0-alpha.20201005.1",
          "(.NET Core 4.6.29220.03; Microsoft Windows 10.0.19042 )"
        ],
        "x-ms-client-request-id": "b99cb9abd10bf4f427c0e9ebfe425333",
        "x-ms-return-client-request-id": "true"
      },
      "RequestBody": null,
      "StatusCode": 200,
      "ResponseHeaders": {
        "Cache-Control": "no-cache",
        "Content-Length": "662",
        "Content-Type": "application/json; charset=utf-8",
        "Date": "Tue, 06 Oct 2020 06:39:17 GMT",
        "Expires": "-1",
        "Pragma": "no-cache",
        "Server": [
          "Microsoft-HTTPAPI/2.0",
          "Microsoft-HTTPAPI/2.0"
        ],
        "Strict-Transport-Security": "max-age=31536000; includeSubDomains",
        "X-Content-Type-Options": "nosniff",
        "x-ms-client-request-id": "b99cb9abd10bf4f427c0e9ebfe425333",
        "x-ms-correlation-request-id": "beb395b8-5946-4b0b-b5fd-9e30337998b5",
        "x-ms-ratelimit-remaining-resource": "Microsoft.Compute/LowCostGet3Min;4996,Microsoft.Compute/LowCostGet30Min;39996",
        "x-ms-ratelimit-remaining-subscription-reads": "11898",
        "x-ms-request-id": "0b26975b-c95a-430a-bf32-64d497d96799",
        "x-ms-routing-request-id": "WESTUS2:20201006T063918Z:beb395b8-5946-4b0b-b5fd-9e30337998b5",
        "x-ms-served-by": "edd9902d-5b74-4e42-a457-c90105dcf064_132325353451853561"
      },
      "ResponseBody": {
        "name": "diskrp1464",
        "id": "/subscriptions/db1ab6f0-4769-4b27-930e-01e2ef9c123c/resourceGroups/crptestar6103/providers/Microsoft.Compute/disks/diskrp1464",
        "type": "Microsoft.Compute/disks",
        "location": "westcentralus",
        "sku": {
          "name": "Standard_LRS",
          "tier": "Standard"
        },
        "properties": {
          "osType": "Linux",
          "hyperVGeneration": "V2",
          "creationData": {
            "createOption": "Empty"
          },
          "diskSizeGB": 10,
          "diskIOPSReadWrite": 500,
          "diskMBpsReadWrite": 60,
          "encryption": {
            "type": "EncryptionAtRestWithPlatformKey"
          },
          "timeCreated": "2020-10-06T06:39:18.1271861\u002B00:00",
          "provisioningState": "Succeeded",
          "diskState": "Unattached",
          "diskSizeBytes": 10737418240,
          "uniqueId": "3699dd06-4942-441b-bf18-70b4bc8c7702"
        }
      }
    },
    {
      "RequestUri": "https://management.azure.com/subscriptions/db1ab6f0-4769-4b27-930e-01e2ef9c123c/resourceGroups/crptestar6103/providers/Microsoft.Compute/disks/diskrp1464?api-version=2019-11-01",
      "RequestMethod": "DELETE",
      "RequestHeaders": {
        "Authorization": "Sanitized",
        "traceparent": "00-fb15394aa95fcc4199180ac0048520bf-8448d08e1e6db64f-00",
        "User-Agent": [
          "azsdk-net-ResourceManager.Compute/1.0.0-alpha.20201005.1",
          "(.NET Core 4.6.29220.03; Microsoft Windows 10.0.19042 )"
        ],
        "x-ms-client-request-id": "75740822628dea50fb4e5b6197e77678",
        "x-ms-return-client-request-id": "true"
      },
      "RequestBody": null,
      "StatusCode": 202,
      "ResponseHeaders": {
        "Azure-AsyncOperation": "https://management.azure.com/subscriptions/db1ab6f0-4769-4b27-930e-01e2ef9c123c/providers/Microsoft.Compute/locations/westcentralus/DiskOperations/7300aeba-f1cc-4b0c-a5dc-5efcc6c90500?api-version=2019-11-01",
        "Cache-Control": "no-cache",
        "Content-Length": "0",
        "Date": "Tue, 06 Oct 2020 06:39:18 GMT",
        "Expires": "-1",
        "Location": "https://management.azure.com/subscriptions/db1ab6f0-4769-4b27-930e-01e2ef9c123c/providers/Microsoft.Compute/locations/westcentralus/DiskOperations/7300aeba-f1cc-4b0c-a5dc-5efcc6c90500?monitor=true\u0026api-version=2019-11-01",
        "Pragma": "no-cache",
        "Server": [
          "Microsoft-HTTPAPI/2.0",
          "Microsoft-HTTPAPI/2.0"
        ],
        "Strict-Transport-Security": "max-age=31536000; includeSubDomains",
        "X-Content-Type-Options": "nosniff",
        "x-ms-client-request-id": "75740822628dea50fb4e5b6197e77678",
        "x-ms-correlation-request-id": "8cf5b149-88c0-42f1-ac07-922bc7275924",
        "x-ms-ratelimit-remaining-resource": "Microsoft.Compute/DeleteDisks3Min;998,Microsoft.Compute/DeleteDisks30Min;7998",
        "x-ms-ratelimit-remaining-subscription-deletes": "14957",
        "x-ms-request-id": "7300aeba-f1cc-4b0c-a5dc-5efcc6c90500",
        "x-ms-routing-request-id": "WESTUS2:20201006T063918Z:8cf5b149-88c0-42f1-ac07-922bc7275924",
        "x-ms-served-by": "edd9902d-5b74-4e42-a457-c90105dcf064_132325353451853561"
      },
      "ResponseBody": []
    },
    {
      "RequestUri": "https://management.azure.com/subscriptions/db1ab6f0-4769-4b27-930e-01e2ef9c123c/providers/Microsoft.Compute/locations/westcentralus/DiskOperations/7300aeba-f1cc-4b0c-a5dc-5efcc6c90500?api-version=2019-11-01",
      "RequestMethod": "GET",
      "RequestHeaders": {
        "Authorization": "Sanitized",
        "User-Agent": [
          "azsdk-net-ResourceManager.Compute/1.0.0-alpha.20201005.1",
          "(.NET Core 4.6.29220.03; Microsoft Windows 10.0.19042 )"
        ],
        "x-ms-client-request-id": "e6fec57e4db748fa69b2bdbd75925c40",
        "x-ms-return-client-request-id": "true"
      },
      "RequestBody": null,
      "StatusCode": 200,
      "ResponseHeaders": {
        "Cache-Control": "no-cache",
        "Content-Length": "117",
        "Content-Type": "application/json; charset=utf-8",
        "Date": "Tue, 06 Oct 2020 06:39:18 GMT",
        "Expires": "-1",
        "Pragma": "no-cache",
        "Server": [
          "Microsoft-HTTPAPI/2.0",
          "Microsoft-HTTPAPI/2.0"
        ],
        "Strict-Transport-Security": "max-age=31536000; includeSubDomains",
        "X-Content-Type-Options": "nosniff",
        "x-ms-client-request-id": "e6fec57e4db748fa69b2bdbd75925c40",
        "x-ms-correlation-request-id": "fbea82e9-e0d0-4f04-a45a-dba6bc97c21e",
        "x-ms-ratelimit-remaining-resource": "Microsoft.Compute/GetOperation3Min;49995,Microsoft.Compute/GetOperation30Min;399995",
        "x-ms-ratelimit-remaining-subscription-reads": "11897",
        "x-ms-request-id": "9d7c1f17-f66c-4e06-b83b-30b58da8d851",
        "x-ms-routing-request-id": "WESTUS2:20201006T063918Z:fbea82e9-e0d0-4f04-a45a-dba6bc97c21e",
        "x-ms-served-by": "edd9902d-5b74-4e42-a457-c90105dcf064_132325353451853561"
      },
      "ResponseBody": {
        "startTime": "2020-10-06T06:39:18.6271903\u002B00:00",
        "status": "InProgress",
        "name": "7300aeba-f1cc-4b0c-a5dc-5efcc6c90500"
      }
    },
    {
      "RequestUri": "https://management.azure.com/subscriptions/db1ab6f0-4769-4b27-930e-01e2ef9c123c/providers/Microsoft.Compute/locations/westcentralus/DiskOperations/7300aeba-f1cc-4b0c-a5dc-5efcc6c90500?api-version=2019-11-01",
      "RequestMethod": "GET",
      "RequestHeaders": {
        "Authorization": "Sanitized",
        "User-Agent": [
          "azsdk-net-ResourceManager.Compute/1.0.0-alpha.20201005.1",
          "(.NET Core 4.6.29220.03; Microsoft Windows 10.0.19042 )"
        ],
        "x-ms-client-request-id": "48a9714a0fda3889c7707e35a49a81ba",
        "x-ms-return-client-request-id": "true"
      },
      "RequestBody": null,
      "StatusCode": 200,
      "ResponseHeaders": {
        "Cache-Control": "no-cache",
        "Content-Length": "162",
        "Content-Type": "application/json; charset=utf-8",
        "Date": "Tue, 06 Oct 2020 06:39:19 GMT",
        "Expires": "-1",
        "Pragma": "no-cache",
        "Server": [
          "Microsoft-HTTPAPI/2.0",
          "Microsoft-HTTPAPI/2.0"
        ],
        "Strict-Transport-Security": "max-age=31536000; includeSubDomains",
        "X-Content-Type-Options": "nosniff",
        "x-ms-client-request-id": "48a9714a0fda3889c7707e35a49a81ba",
        "x-ms-correlation-request-id": "2d220b43-6750-47f7-b386-195447083afc",
        "x-ms-ratelimit-remaining-resource": "Microsoft.Compute/GetOperation3Min;49994,Microsoft.Compute/GetOperation30Min;399994",
        "x-ms-ratelimit-remaining-subscription-reads": "11896",
        "x-ms-request-id": "1cb2e9e7-4f25-4936-a758-6165dc594f81",
        "x-ms-routing-request-id": "WESTUS2:20201006T063919Z:2d220b43-6750-47f7-b386-195447083afc",
        "x-ms-served-by": "edd9902d-5b74-4e42-a457-c90105dcf064_132325353451853561"
      },
      "ResponseBody": {
        "startTime": "2020-10-06T06:39:18.6271903\u002B00:00",
        "endTime": "2020-10-06T06:39:18.8146522\u002B00:00",
        "status": "Succeeded",
        "name": "7300aeba-f1cc-4b0c-a5dc-5efcc6c90500"
      }
    }
  ],
  "Variables": {
    "RandomSeed": "625654462",
    "SUBSCRIPTION_ID": "db1ab6f0-4769-4b27-930e-01e2ef9c123c"
  }
}