{
  "Entries": [
    {
      "RequestUri": "https://management.azure.com/subscriptions/db1ab6f0-4769-4b27-930e-01e2ef9c123c/resourcegroups/MediaService-RG-3968?api-version=2021-04-01",
      "RequestMethod": "GET",
      "RequestHeaders": {
        "Accept": "application/json",
        "Authorization": "Sanitized",
        "traceparent": "00-ae571b3c5e560f49989857ff05f2d214-0550f1c251275546-00",
        "User-Agent": "azsdk-net-ResourceManager/1.2.1 (.NET Core 3.1.27; Microsoft Windows 10.0.22000)",
        "x-ms-client-request-id": "5707a087e4d031189e089799bceda1dc",
        "x-ms-return-client-request-id": "true"
      },
      "RequestBody": null,
      "StatusCode": 200,
      "ResponseHeaders": {
        "Cache-Control": "no-cache",
        "Content-Length": "238",
        "Content-Type": "application/json; charset=utf-8",
        "Date": "Thu, 04 Aug 2022 09:16:53 GMT",
        "Expires": "-1",
        "Pragma": "no-cache",
        "Strict-Transport-Security": "max-age=31536000; includeSubDomains",
        "X-Content-Type-Options": "nosniff",
        "x-ms-correlation-request-id": "dc571008-c4df-4855-905f-77169bdc15bc",
        "x-ms-ratelimit-remaining-subscription-reads": "11981",
        "x-ms-request-id": "dc571008-c4df-4855-905f-77169bdc15bc",
        "x-ms-routing-request-id": "SOUTHEASTASIA:20220804T091653Z:dc571008-c4df-4855-905f-77169bdc15bc"
      },
      "ResponseBody": {
        "id": "/subscriptions/db1ab6f0-4769-4b27-930e-01e2ef9c123c/resourceGroups/MediaService-RG-3968",
        "name": "MediaService-RG-3968",
        "type": "Microsoft.Resources/resourceGroups",
        "location": "westus2",
        "properties": {
          "provisioningState": "Succeeded"
        }
      }
    },
    {
      "RequestUri": "https://management.azure.com/subscriptions/db1ab6f0-4769-4b27-930e-01e2ef9c123c/resourceGroups/MediaService-RG-3968/providers/Microsoft.Media/mediaservices/mediaservice2884?api-version=2021-11-01",
      "RequestMethod": "PUT",
      "RequestHeaders": {
        "Accept": "application/json",
        "Authorization": "Sanitized",
        "Content-Length": "247",
        "Content-Type": "application/json",
        "traceparent": "00-9498737977a89a41a80d9702d0dca594-14ca81da26874446-00",
        "User-Agent": "azsdk-net-ResourceManager.Media/1.0.0-alpha.20220804.1 (.NET Core 3.1.27; Microsoft Windows 10.0.22000)",
        "x-ms-client-request-id": "8a2bf4337f96ade7f0f3912577689871",
        "x-ms-return-client-request-id": "true"
      },
      "RequestBody": {
        "tags": {},
        "location": "westus2",
        "properties": {
          "storageAccounts": [
            {
              "id": "/subscriptions/db1ab6f0-4769-4b27-930e-01e2ef9c123c/resourceGroups/MediaService-RG-3968/providers/Microsoft.Storage/storageAccounts/azstorageformedia2796",
              "type": "Primary"
            }
          ]
        }
      },
      "StatusCode": 201,
      "ResponseHeaders": {
        "Azure-AsyncOperation": "https://management.azure.com/subscriptions/db1ab6f0-4769-4b27-930e-01e2ef9c123c/providers/Microsoft.Media/locations/westus2/mediaServicesOperationStatuses/cf167839-af91-4d8e-8c8d-f38a03d5af81?api-version=2021-11-01",
        "Cache-Control": "no-cache",
        "Content-Length": "853",
        "Content-Type": "application/json; odata.metadata=minimal",
        "Date": "Thu, 04 Aug 2022 09:16:56 GMT",
        "Expires": "-1",
        "Location": "https://management.azure.com/subscriptions/db1ab6f0-4769-4b27-930e-01e2ef9c123c/providers/Microsoft.Media/locations/westus2/mediaServicesOperationResults/cf167839-af91-4d8e-8c8d-f38a03d5af81?api-version=2021-11-01",
        "OData-Version": "4.0",
        "Pragma": "no-cache",
        "Retry-After": "30",
        "Server": "Microsoft-HTTPAPI/2.0",
        "Strict-Transport-Security": "max-age=31536000; includeSubDomains",
        "X-Content-Type-Options": "nosniff",
        "x-ms-client-request-id": "8a2bf4337f96ade7f0f3912577689871",
        "x-ms-correlation-request-id": "6a70a53e-1e19-4765-9ee4-7ce0bec88794",
        "x-ms-ratelimit-remaining-subscription-writes": "1193",
        "x-ms-request-id": "69abcc27-e0d5-42da-ab9a-f4fca1f3cded",
        "x-ms-routing-request-id": "SOUTHEASTASIA:20220804T091656Z:6a70a53e-1e19-4765-9ee4-7ce0bec88794"
      },
      "ResponseBody": {
        "name": "mediaservice2884",
        "id": "/subscriptions/db1ab6f0-4769-4b27-930e-01e2ef9c123c/resourceGroups/MediaService-RG-3968/providers/Microsoft.Media/mediaservices/mediaservice2884",
        "type": "Microsoft.Media/mediaservices",
        "location": "West US 2",
        "tags": {},
        "properties": {
          "mediaServiceId": "0818963b-8a84-4f33-a51c-623e40b7fa7c",
          "storageAccounts": [
            {
              "id": "/subscriptions/db1ab6f0-4769-4b27-930e-01e2ef9c123c/resourceGroups/MediaService-RG-3968/providers/Microsoft.Storage/storageAccounts/azstorageformedia2796",
              "type": "Primary"
            }
          ],
          "storageAuthentication": "System",
          "keyDelivery": {
            "accessControl": {
              "defaultAction": "Allow",
              "ipAllowList": []
            }
          },
          "publicNetworkAccess": "Enabled",
          "provisioningState": "InProgress",
          "privateEndpointConnections": []
        }
      }
    },
    {
      "RequestUri": "https://management.azure.com/subscriptions/db1ab6f0-4769-4b27-930e-01e2ef9c123c/providers/Microsoft.Media/locations/westus2/mediaServicesOperationStatuses/cf167839-af91-4d8e-8c8d-f38a03d5af81?api-version=2021-11-01",
      "RequestMethod": "GET",
      "RequestHeaders": {
        "Authorization": "Sanitized",
        "traceparent": "00-9498737977a89a41a80d9702d0dca594-6619c1962ee68a42-00",
        "User-Agent": "azsdk-net-ResourceManager/1.2.1 (.NET Core 3.1.27; Microsoft Windows 10.0.22000)",
        "x-ms-client-request-id": "2b2c1b3f0b2e0704b95a66dc52f3b936",
        "x-ms-return-client-request-id": "true"
      },
      "RequestBody": null,
      "StatusCode": 200,
      "ResponseHeaders": {
        "Cache-Control": "no-cache",
        "Content-Length": "326",
        "Content-Type": "application/json; odata.metadata=minimal; odata.streaming=true",
        "Date": "Thu, 04 Aug 2022 09:16:56 GMT",
        "Expires": "-1",
        "OData-Version": "4.0",
        "Pragma": "no-cache",
        "Server": "Microsoft-HTTPAPI/2.0",
        "Strict-Transport-Security": "max-age=31536000; includeSubDomains",
        "X-Content-Type-Options": "nosniff",
        "x-ms-client-request-id": "2b2c1b3f0b2e0704b95a66dc52f3b936",
        "x-ms-correlation-request-id": "404c94ba-b190-4dbc-a4a9-1460b783b774",
        "x-ms-ratelimit-remaining-subscription-reads": "11980",
        "x-ms-request-id": "80ea3dbf-328f-4a8f-93f3-4147964b02de",
        "x-ms-routing-request-id": "SOUTHEASTASIA:20220804T091656Z:404c94ba-b190-4dbc-a4a9-1460b783b774"
      },
      "ResponseBody": {
        "name": "cf167839-af91-4d8e-8c8d-f38a03d5af81",
        "id": "/subscriptions/db1ab6f0-4769-4b27-930e-01e2ef9c123c/providers/Microsoft.Media/locations/westus2/mediaServicesOperationStatuses/cf167839-af91-4d8e-8c8d-f38a03d5af81",
        "startTime": "2022-08-04T09:16:55.2863Z",
        "endTime": "2022-08-04T09:16:55.5988264Z",
        "status": "Succeeded"
      }
    },
    {
      "RequestUri": "https://management.azure.com/subscriptions/db1ab6f0-4769-4b27-930e-01e2ef9c123c/resourceGroups/MediaService-RG-3968/providers/Microsoft.Media/mediaservices/mediaservice2884?api-version=2021-11-01",
      "RequestMethod": "GET",
      "RequestHeaders": {
        "Authorization": "Sanitized",
        "traceparent": "00-9498737977a89a41a80d9702d0dca594-d916b460d33b1742-00",
        "User-Agent": "azsdk-net-ResourceManager/1.2.1 (.NET Core 3.1.27; Microsoft Windows 10.0.22000)",
        "x-ms-client-request-id": "07ac2670c7c28b9d086e969b0b86daf1",
        "x-ms-return-client-request-id": "true"
      },
      "RequestBody": null,
      "StatusCode": 200,
      "ResponseHeaders": {
        "Cache-Control": "no-cache",
        "Content-Length": "880",
        "Content-Type": "application/json; odata.metadata=minimal; odata.streaming=true",
        "Date": "Thu, 04 Aug 2022 09:16:56 GMT",
        "Expires": "-1",
        "OData-Version": "4.0",
        "Pragma": "no-cache",
        "Server": "Microsoft-HTTPAPI/2.0",
        "Strict-Transport-Security": "max-age=31536000; includeSubDomains",
        "X-Content-Type-Options": "nosniff",
        "x-ms-client-request-id": "07ac2670c7c28b9d086e969b0b86daf1",
        "x-ms-correlation-request-id": "57cbce39-2ae6-47d8-885b-8dba7bc94e80",
        "x-ms-ratelimit-remaining-subscription-reads": "11979",
        "x-ms-request-id": "7eff8524-1c92-4372-ad1d-ba7d6079edf3",
        "x-ms-routing-request-id": "SOUTHEASTASIA:20220804T091656Z:57cbce39-2ae6-47d8-885b-8dba7bc94e80"
      },
      "ResponseBody": {
        "name": "mediaservice2884",
        "id": "/subscriptions/db1ab6f0-4769-4b27-930e-01e2ef9c123c/resourceGroups/MediaService-RG-3968/providers/Microsoft.Media/mediaservices/mediaservice2884",
        "type": "Microsoft.Media/mediaservices",
        "location": "West US 2",
        "properties": {
          "mediaServiceId": "0818963b-8a84-4f33-a51c-623e40b7fa7c",
          "storageAccounts": [
            {
              "id": "/subscriptions/db1ab6f0-4769-4b27-930e-01e2ef9c123c/resourceGroups/MediaService-RG-3968/providers/Microsoft.Storage/storageAccounts/azstorageformedia2796",
              "type": "Primary"
            }
          ],
          "storageAuthentication": "System",
          "encryption": {
            "type": "SystemKey"
          },
          "keyDelivery": {
            "accessControl": {
              "defaultAction": "Allow",
              "ipAllowList": []
            }
          },
          "publicNetworkAccess": "Enabled",
          "provisioningState": "Succeeded",
          "privateEndpointConnections": []
        }
      }
    },
    {
      "RequestUri": "https://management.azure.com/subscriptions/db1ab6f0-4769-4b27-930e-01e2ef9c123c/resourceGroups/MediaService-RG-3968/providers/Microsoft.Media/mediaservices?api-version=2021-11-01",
      "RequestMethod": "GET",
      "RequestHeaders": {
        "Accept": "application/json",
        "Authorization": "Sanitized",
        "traceparent": "00-42abfbb61202eb41b93d29ef23c27b0a-d72dd1cf8f034046-00",
        "User-Agent": "azsdk-net-ResourceManager.Media/1.0.0-alpha.20220804.1 (.NET Core 3.1.27; Microsoft Windows 10.0.22000)",
        "x-ms-client-request-id": "5ce513656c3ce142b02321e4410f6a00",
        "x-ms-return-client-request-id": "true"
      },
      "RequestBody": null,
      "StatusCode": 200,
      "ResponseHeaders": {
        "Cache-Control": "no-cache",
        "Content-Length": "3837",
        "Content-Type": "application/json; odata.metadata=minimal",
        "Date": "Thu, 04 Aug 2022 09:16:57 GMT",
        "Expires": "-1",
        "OData-Version": "4.0",
        "Pragma": "no-cache",
        "Server": "Microsoft-HTTPAPI/2.0",
        "Strict-Transport-Security": "max-age=31536000; includeSubDomains",
        "X-Content-Type-Options": "nosniff",
        "x-ms-client-request-id": "5ce513656c3ce142b02321e4410f6a00",
        "x-ms-correlation-request-id": "77e63cc1-2134-4771-b490-5429dbc1d090",
        "x-ms-ratelimit-remaining-subscription-reads": "11978",
        "x-ms-request-id": "d2dbdfce-41d8-4bdf-a4f0-211afc10e881",
        "x-ms-routing-request-id": "SOUTHEASTASIA:20220804T091657Z:77e63cc1-2134-4771-b490-5429dbc1d090"
      },
      "ResponseBody": {
        "value": [
          {
            "name": "mediaservice447",
            "id": "/subscriptions/db1ab6f0-4769-4b27-930e-01e2ef9c123c/resourceGroups/MediaService-RG-3968/providers/Microsoft.Media/mediaservices/mediaservice447",
            "type": "Microsoft.Media/mediaservices",
            "location": "West US 2",
            "properties": {
              "mediaServiceId": "df232ce9-3378-4a30-8e76-1f35a391671e",
              "storageAccounts": [
                {
                  "id": "/subscriptions/db1ab6f0-4769-4b27-930e-01e2ef9c123c/resourceGroups/MediaService-RG-3968/providers/Microsoft.Storage/storageAccounts/azstorageformedia2796",
                  "type": "Primary"
                }
              ],
              "storageAuthentication": "System",
              "encryption": {
                "type": "SystemKey"
              },
              "keyDelivery": {
                "accessControl": {
                  "defaultAction": "Allow",
                  "ipAllowList": []
                }
              },
              "publicNetworkAccess": "Enabled",
              "provisioningState": "Succeeded",
              "privateEndpointConnections": []
            }
          },
          {
            "name": "mediaservice2884",
            "id": "/subscriptions/db1ab6f0-4769-4b27-930e-01e2ef9c123c/resourceGroups/MediaService-RG-3968/providers/Microsoft.Media/mediaservices/mediaservice2884",
            "type": "Microsoft.Media/mediaservices",
            "location": "West US 2",
            "properties": {
              "mediaServiceId": "0818963b-8a84-4f33-a51c-623e40b7fa7c",
              "storageAccounts": [
                {
                  "id": "/subscriptions/db1ab6f0-4769-4b27-930e-01e2ef9c123c/resourceGroups/MediaService-RG-3968/providers/Microsoft.Storage/storageAccounts/azstorageformedia2796",
                  "type": "Primary"
                }
              ],
              "storageAuthentication": "System",
              "encryption": {
                "type": "SystemKey"
              },
              "keyDelivery": {
                "accessControl": {
                  "defaultAction": "Allow",
                  "ipAllowList": []
                }
              },
              "publicNetworkAccess": "Enabled",
              "provisioningState": "Succeeded",
              "privateEndpointConnections": []
            }
          },
          {
            "name": "mediaservice6220",
            "id": "/subscriptions/db1ab6f0-4769-4b27-930e-01e2ef9c123c/resourceGroups/MediaService-RG-3968/providers/Microsoft.Media/mediaservices/mediaservice6220",
            "type": "Microsoft.Media/mediaservices",
            "location": "West US 2",
            "properties": {
              "mediaServiceId": "19c5456f-5afa-4d36-9b0f-6cdb1e3b01ad",
              "storageAccounts": [
                {
                  "id": "/subscriptions/db1ab6f0-4769-4b27-930e-01e2ef9c123c/resourceGroups/MediaService-RG-3968/providers/Microsoft.Storage/storageAccounts/azstorageformedia2796",
                  "type": "Primary"
                }
              ],
              "storageAuthentication": "System",
              "encryption": {
                "type": "SystemKey"
              },
              "keyDelivery": {
                "accessControl": {
                  "defaultAction": "Allow",
                  "ipAllowList": []
                }
              },
              "publicNetworkAccess": "Enabled",
              "provisioningState": "Succeeded",
              "privateEndpointConnections": []
            }
          },
          {
            "name": "mediaservice2759",
            "id": "/subscriptions/db1ab6f0-4769-4b27-930e-01e2ef9c123c/resourceGroups/MediaService-RG-3968/providers/Microsoft.Media/mediaservices/mediaservice2759",
            "type": "Microsoft.Media/mediaservices",
            "location": "West US 2",
            "properties": {
              "mediaServiceId": "c4d7dc6c-9ae2-49f7-8289-f2918b151dee",
              "storageAccounts": [
                {
                  "id": "/subscriptions/db1ab6f0-4769-4b27-930e-01e2ef9c123c/resourceGroups/MediaService-RG-3968/providers/Microsoft.Storage/storageAccounts/azstorageformedia2796",
                  "type": "Primary"
                }
              ],
              "storageAuthentication": "System",
              "encryption": {
                "type": "SystemKey"
              },
              "keyDelivery": {
                "accessControl": {
                  "defaultAction": "Allow",
                  "ipAllowList": []
                }
              },
              "publicNetworkAccess": "Enabled",
              "provisioningState": "Succeeded",
              "privateEndpointConnections": []
            }
          }
        ]
      }
    }
  ],
  "Variables": {
    "AZURE_AUTHORITY_HOST": "https://login.microsoftonline.com",
    "RandomSeed": "48669949",
    "RESOURCE_MANAGER_URL": null,
    "SUBSCRIPTION_ID": "db1ab6f0-4769-4b27-930e-01e2ef9c123c"
  }
}
