{
  "Entries": [
    {
      "RequestUri": "https://localhost:8443/subscriptions/00000000-0000-0000-0000-000000000000?api-version=2019-11-01",
      "RequestMethod": "GET",
      "RequestHeaders": {
        "Accept": "application/json",
        "Authorization": "Sanitized",
        "traceparent": "00-14a7f088c1c864498b53a05127b6ccf0-583bf2755b834545-00",
        "User-Agent": "azsdk-net-ResourceManager/1.0.0-alpha.20211208.1 (.NET Framework 4.8.4300.0; Microsoft Windows 10.0.19044 )",
        "x-ms-client-request-id": "d0c5dda645771fb9d908d40368d38c87",
        "x-ms-return-client-request-id": "true"
      },
      "RequestBody": null,
      "StatusCode": 200,
      "ResponseHeaders": {
        "Connection": "keep-alive",
        "Content-Length": "403",
        "Content-Type": "application/json; charset=utf-8",
        "Date": "Wed, 08 Dec 2021 07:23:12 GMT",
        "ETag": "W/\u0022193-XMviJqaGXohjOV1XjmYhUY8VLpk\u0022",
        "Keep-Alive": "timeout=5",
        "X-Powered-By": "Express"
      },
      "ResponseBody": {
        "id": "/subscriptions/00000000-0000-0000-0000-000000000000",
        "authorizationSource": "RoleBased",
        "managedByTenants": [],
        "subscriptionId": "00000000-0000-0000-0000-000000000000",
        "tenantId": "0000000-0000-0000-0000-000000000000",
        "displayName": "Name of the subscription",
        "state": "Enabled",
        "subscriptionPolicies": {
          "locationPlacementId": "Internal_2014-09-01",
          "quotaId": "Internal_2014-09-01",
          "spendingLimit": "Off"
        }
      }
    },
    {
      "RequestUri": "https://localhost:8443/subscriptions/00000000-0000-0000-0000-000000000000/resourcegroups/Default-SQL-SouthEastAsia?api-version=2019-10-01",
      "RequestMethod": "PUT",
      "RequestHeaders": {
        "Accept": "application/json",
        "Authorization": "Sanitized",
        "Content-Length": "81",
        "Content-Type": "application/json",
        "User-Agent": "azsdk-net-ResourceManager/1.0.0-alpha.20211208.1 (.NET Framework 4.8.4300.0; Microsoft Windows 10.0.19044 )",
        "x-ms-client-request-id": "07ea4f718d2d3adf59e42b024346a55f",
        "x-ms-return-client-request-id": "true"
      },
      "RequestBody": {
        "location": "Azure.ResourceManager.Resources.Subscription",
        "tags": {
          "test": "env"
        }
      },
      "StatusCode": 200,
      "ResponseHeaders": {
        "Connection": "keep-alive",
        "Content-Length": "274",
        "Content-Type": "application/json; charset=utf-8",
        "Date": "Wed, 08 Dec 2021 07:23:12 GMT",
        "ETag": "W/\u0022112-wwv9Nwlr2k3wpXu9KLWZZtGTCBE\u0022",
        "Keep-Alive": "timeout=5",
        "X-Powered-By": "Express"
      },
      "ResponseBody": {
        "id": "/subscriptions/00000000-0000-0000-0000-000000000000/resourcegroups/Default-SQL-SouthEastAsia",
        "location": "eastus",
        "managedBy": null,
        "name": "Default-SQL-SouthEastAsia",
        "properties": {
          "provisioningState": "Succeeded"
        },
        "tags": {},
        "type": "Microsoft.Resources/resourceGroups"
      }
    },
    {
      "RequestUri": "https://localhost:8443/subscriptions/00000000-0000-0000-0000-000000000000/resourceGroups/Default-SQL-SouthEastAsia/providers/Microsoft.Sql/servers/testserver?api-version=2021-02-01-preview",
      "RequestMethod": "PUT",
      "RequestHeaders": {
        "Accept": "application/json",
        "Authorization": "Sanitized",
        "Content-Length": "396",
        "Content-Type": "application/json",
        "User-Agent": "azsdk-net-ResourceManager.Sql/1.0.0-alpha.20211208.1 (.NET Framework 4.8.4300.0; Microsoft Windows 10.0.19044 )",
        "x-ms-client-request-id": "28781de67778d89cbe304c7d695582d9",
        "x-ms-return-client-request-id": "true"
      },
      "RequestBody": {
        "tags": {},
        "location": "japaneast",
        "properties": {
          "administratorLogin": "dummylogin",
          "administratorLoginPassword": "PLACEHOLDER",
          "publicNetworkAccess": "Enabled",
          "administrators": {
            "principalType": "User",
            "login": "bob@contoso.com",
            "sid": "00000011-1111-2222-2222-123456789111",
            "tenantId": "00000011-1111-2222-2222-123456789111",
            "azureADOnlyAuthentication": true
          },
          "restrictOutboundNetworkAccess": "Enabled"
        }
      },
      "StatusCode": 200,
      "ResponseHeaders": {
        "Connection": "keep-alive",
        "Content-Length": "1916",
        "Content-Type": "application/json; charset=utf-8",
        "Date": "Wed, 08 Dec 2021 07:23:12 GMT",
        "ETag": "W/\u002277c-ljMMHBKfs335vppV0LNgYk7hAzA\u0022",
        "Keep-Alive": "timeout=5",
        "X-Powered-By": "Express"
      },
      "ResponseBody": {
        "id": "/subscriptions/00000000-0000-0000-0000-000000000000/resourceGroups/Default-SQL-SouthEastAsia/providers/Microsoft.Sql/servers/testserver",
        "name": "testserver",
        "type": "aaaaaaaa",
        "location": "aaaaaaaaaaaaaaaaa",
        "tags": {
          "key164": "aaaaaaaaaaaaaaaaaaaaaaaaaaaaa"
        },
        "identity": {
          "userAssignedIdentities": {
            "/subscriptions/00000000-0000-0000-0000-000000000000/resourceGroups/00000000-0000-0000-0000-000000000000/providers/Microsoft.ManagedIdentity/userAssignedIdentities/key1430": {
              "principalId": "00000000-0000-0000-0000-000000000000",
              "clientId": "00000000-0000-0000-0000-000000000000"
            }
          },
          "principalId": "00000000-0000-0000-0000-000000000000",
          "type": "None",
          "tenantId": "00000000-0000-0000-0000-000000000000"
        },
        "kind": "aaaaaaaaaaaaaaaaaaaaaaaaaaaaa",
        "properties": {
          "administratorLogin": "aaaaaaaaaaaaaaaaaaaa",
          "administratorLoginPassword": "aa",
          "version": "aaaaaaaaaaaa",
          "state": "aaaaaaaaaaaaaaaaaaaaaaaaaa",
          "fullyQualifiedDomainName": "aaaaaaaaaaaaaaaaaaaaaaaaaaaaa",
          "privateEndpointConnections": [
            {
              "id": "/subscriptions/a9cbceed-cd54-47f1-b7a2-bad149218603/resourceGroups/mockRg/providers/Microsoft.Resources/mockResource/mockName",
              "properties": {
                "privateEndpoint": {
                  "id": "/subscriptions/a9cbceed-cd54-47f1-b7a2-bad149218603/resourceGroups/mockRg/providers/Microsoft.Resources/mockResource/mockName"
                },
                "privateLinkServiceConnectionState": {
                  "status": "Approved",
                  "description": "aaaaa",
                  "actionsRequired": "None"
                },
                "provisioningState": "Succeeded"
              }
            }
          ],
          "minimalTlsVersion": "aaaaaaaaaaaaaaa",
          "publicNetworkAccess": "Enabled",
          "workspaceFeature": "Connected",
          "primaryUserAssignedIdentityId": "aaaaaaa",
          "federatedClientId": "00000000-0000-0000-0000-000000000000",
          "keyId": "aaaaaaaaaaaaaaaa",
          "administrators": {
            "administratorType": "ActiveDirectory",
            "principalType": "User",
            "login": "aaaa",
            "sid": "00000000-0000-0000-0000-000000000000",
            "tenantId": "00000000-0000-0000-0000-000000000000",
            "azureADOnlyAuthentication": true
          },
          "restrictOutboundNetworkAccess": "Enabled"
        }
      }
    },
    {
      "RequestUri": "https://localhost:8443/subscriptions/00000000-0000-0000-0000-000000000000/resourceGroups/Default-SQL-SouthEastAsia/providers/Microsoft.Sql/servers/testserver/databases/testDatabase?api-version=2021-02-01-preview",
      "RequestMethod": "PUT",
      "RequestHeaders": {
        "Accept": "application/json",
        "Authorization": "Sanitized",
        "Content-Length": "103",
        "Content-Type": "application/json",
        "User-Agent": "azsdk-net-ResourceManager.Sql/1.0.0-alpha.20211208.1 (.NET Framework 4.8.4300.0; Microsoft Windows 10.0.19044 )",
        "x-ms-client-request-id": "4a1d7463635bfa0fb31149fc4062d004",
        "x-ms-return-client-request-id": "true"
      },
      "RequestBody": {
        "sku": {
          "name": "BC",
          "family": "Gen4",
          "capacity": 2
        },
        "tags": {},
        "location": "southeastasia",
        "properties": {}
      },
      "StatusCode": 200,
      "ResponseHeaders": {
        "Connection": "keep-alive",
        "Content-Length": "1849",
        "Content-Type": "application/json; charset=utf-8",
        "Date": "Wed, 08 Dec 2021 07:23:12 GMT",
        "ETag": "W/\u0022739-Ri8bWgfskZbQh3czMjSE5SeXh8E\u0022",
        "Keep-Alive": "timeout=5",
        "X-Powered-By": "Express"
      },
      "ResponseBody": {
        "id": "/subscriptions/00000000-0000-0000-0000-000000000000/resourceGroups/Default-SQL-SouthEastAsia/providers/Microsoft.Sql/servers/testserver/databases/testDatabase",
        "name": "testDatabase",
        "type": "aaaaaaaaaa",
        "location": "aaaaaaaa",
        "tags": {
          "key820": "aa"
        },
        "sku": {
          "name": "testDatabase",
          "tier": "aaaaaaaaaaaaaaaaaaaaaaaaa",
          "size": "aaaaaaaaaa",
          "family": "aaaaaaaaaaaaaaaaaaaaaaaaaaaaa",
          "capacity": 25
        },
        "kind": "aaaaaaaaaaaaaaaaaaaaaaaaaaaaaa",
        "managedBy": "aaaa",
        "properties": {
          "createMode": "Default",
          "collation": "aaaaaaaaaa",
          "maxSizeBytes": 15,
          "sampleName": "AdventureWorksLT",
          "elasticPoolId": "aaaaa",
          "sourceDatabaseId": "aa",
          "status": "Online",
          "databaseId": "00000000-0000-0000-0000-000000000000",
          "creationDate": "2021-12-08T07:23:12.259Z",
          "currentServiceObjectiveName": "aaaaaaaaaaaaaa",
          "requestedServiceObjectiveName": "aa",
          "defaultSecondaryLocation": "aaaaaaaa",
          "failoverGroupId": "aaaaaaaaaaaaaaaaaaaaaaaaaaaaa",
          "restorePointInTime": "2021-12-08T07:23:12.259Z",
          "sourceDatabaseDeletionDate": "2021-12-08T07:23:12.259Z",
          "recoveryServicesRecoveryPointId": "aa",
          "longTermRetentionBackupResourceId": "aaaaaaaaaaaaaaaaaaaaaaa",
          "recoverableDatabaseId": "aaaaaaaaaaa",
          "restorableDroppedDatabaseId": "aaa",
          "catalogCollation": "DATABASE_DEFAULT",
          "zoneRedundant": true,
          "licenseType": "LicenseIncluded",
          "maxLogSizeBytes": 1,
          "earliestRestoreDate": "2021-12-08T07:23:12.259Z",
          "readScale": "Enabled",
          "highAvailabilityReplicaCount": 18,
          "secondaryType": "Geo",
          "currentSku": {
            "name": "testDatabase",
            "tier": "aaaaaaaaaaaaaaaaaaaaaaaaaaaaa",
            "size": "aaaaaaaaa",
            "family": "aaaaaaaaaaaaaaaaaaaaaaaaaa",
            "capacity": 3
          },
          "autoPauseDelay": 17,
          "currentBackupStorageRedundancy": "Geo",
          "requestedBackupStorageRedundancy": "Geo",
          "minCapacity": 19,
          "pausedDate": "2021-12-08T07:23:12.259Z",
          "resumedDate": "2021-12-08T07:23:12.259Z",
          "maintenanceConfigurationId": "aaaaaaaa",
          "isLedgerOn": true,
          "isInfraEncryptionEnabled": true
        }
      }
    }
  ],
  "Variables": {
    "RandomSeed": "240828988",
    "RESOURCE_MANAGER_URL": "https://localhost:8443",
    "SUBSCRIPTION_ID": "00000000-0000-0000-0000-000000000000"
  }
}
