{
  "Entries": [
    {
      "RequestUri": "/subscriptions/3c729b2a-4f86-4bb2-abe8-4b8647af156c/providers/Microsoft.Search/register?api-version=2016-09-01",
      "EncodedRequestUri": "L3N1YnNjcmlwdGlvbnMvM2M3MjliMmEtNGY4Ni00YmIyLWFiZTgtNGI4NjQ3YWYxNTZjL3Byb3ZpZGVycy9NaWNyb3NvZnQuU2VhcmNoL3JlZ2lzdGVyP2FwaS12ZXJzaW9uPTIwMTYtMDktMDE=",
      "RequestMethod": "POST",
      "RequestBody": "",
      "RequestHeaders": {
        "x-ms-client-request-id": [
          "c90e35ea-9c1e-4dd2-84e2-c1b59745dae1"
        ],
        "Accept-Language": [
          "en-US"
        ],
        "User-Agent": [
          "FxVersion/4.6.29017.01",
          "OSName/Windows",
          "OSVersion/Microsoft.Windows.10.0.18363.",
          "Microsoft.Azure.Management.ResourceManager.ResourceManagementClient/1.5.0.0"
        ]
      },
      "ResponseHeaders": {
        "Cache-Control": [
          "no-cache"
        ],
        "Pragma": [
          "no-cache"
        ],
        "x-ms-ratelimit-remaining-subscription-writes": [
          "1185"
        ],
        "x-ms-request-id": [
          "67d46e8d-9039-473b-8675-46dd167f0b14"
        ],
        "x-ms-correlation-request-id": [
          "67d46e8d-9039-473b-8675-46dd167f0b14"
        ],
        "x-ms-routing-request-id": [
          "NORTHEUROPE:20200808T093829Z:67d46e8d-9039-473b-8675-46dd167f0b14"
        ],
        "Strict-Transport-Security": [
          "max-age=31536000; includeSubDomains"
        ],
        "X-Content-Type-Options": [
          "nosniff"
        ],
        "Date": [
          "Sat, 08 Aug 2020 09:38:29 GMT"
        ],
        "Content-Length": [
          "3524"
        ],
        "Content-Type": [
          "application/json; charset=utf-8"
        ],
        "Expires": [
          "-1"
        ]
      },
      "ResponseBody": "{\r\n  \"id\": \"/subscriptions/3c729b2a-4f86-4bb2-abe8-4b8647af156c/providers/Microsoft.Search\",\r\n  \"namespace\": \"Microsoft.Search\",\r\n  \"authorization\": {\r\n    \"applicationId\": \"804f4a7a-7d6e-4df7-bf8c-e7f0106e16c2\",\r\n    \"roleDefinitionId\": \"20FA3191-87CF-4C3D-9510-74CCB594A310\"\r\n  },\r\n  \"resourceTypes\": [\r\n    {\r\n      \"resourceType\": \"searchServices\",\r\n      \"locations\": [\r\n        \"West US\",\r\n        \"East US\"\r\n      ],\r\n      \"apiVersions\": [\r\n        \"2020-08-01-Preview\",\r\n        \"2020-08-01\",\r\n        \"2020-03-13\",\r\n        \"2019-10-01-Preview\",\r\n        \"2015-08-19\",\r\n        \"2015-02-28\",\r\n        \"2014-07-31-Preview\"\r\n      ],\r\n      \"capabilities\": \"CrossResourceGroupResourceMove, CrossSubscriptionResourceMove, SystemAssignedResourceIdentity\"\r\n    },\r\n    {\r\n      \"resourceType\": \"searchServicesCit\",\r\n      \"locations\": [\r\n        \"West US\"\r\n      ],\r\n      \"apiVersions\": [\r\n        \"2020-08-01-Preview\",\r\n        \"2020-08-01\",\r\n        \"2020-03-13\",\r\n        \"2019-10-01-Preview\",\r\n        \"2015-08-19\",\r\n        \"2015-02-28\",\r\n        \"2014-07-31-Preview\"\r\n      ],\r\n      \"capabilities\": \"CrossResourceGroupResourceMove, CrossSubscriptionResourceMove, SystemAssignedResourceIdentity\"\r\n    },\r\n    {\r\n      \"resourceType\": \"searchServicesSisatti1\",\r\n      \"locations\": [\r\n        \"East US\"\r\n      ],\r\n      \"apiVersions\": [\r\n        \"2020-08-01-Preview\",\r\n        \"2020-08-01\",\r\n        \"2020-03-13\",\r\n        \"2019-10-01-Preview\",\r\n        \"2015-08-19\",\r\n        \"2015-02-28\",\r\n        \"2014-07-31-Preview\"\r\n      ],\r\n      \"capabilities\": \"CrossResourceGroupResourceMove, CrossSubscriptionResourceMove, SystemAssignedResourceIdentity\"\r\n    },\r\n    {\r\n      \"resourceType\": \"searchServicesTHHILL\",\r\n      \"locations\": [\r\n        \"East US\"\r\n      ],\r\n      \"apiVersions\": [\r\n        \"2020-08-01-Preview\",\r\n        \"2020-08-01\",\r\n        \"2020-03-13\",\r\n        \"2019-10-01-Preview\",\r\n        \"2015-08-19\",\r\n        \"2015-02-28\",\r\n        \"2014-07-31-Preview\"\r\n      ],\r\n      \"capabilities\": \"CrossResourceGroupResourceMove, CrossSubscriptionResourceMove, SystemAssignedResourceIdentity\"\r\n    },\r\n    {\r\n      \"resourceType\": \"searchServicesInt\",\r\n      \"locations\": [\r\n        \"West US\"\r\n      ],\r\n      \"apiVersions\": [\r\n        \"2020-08-01-Preview\",\r\n        \"2020-08-01\",\r\n        \"2020-03-13\",\r\n        \"2019-10-01-Preview\",\r\n        \"2015-08-19\",\r\n        \"2015-02-28\",\r\n        \"2014-07-31-Preview\"\r\n      ],\r\n      \"capabilities\": \"CrossResourceGroupResourceMove, CrossSubscriptionResourceMove, SystemAssignedResourceIdentity\"\r\n    },\r\n    {\r\n      \"resourceType\": \"searchServicesPpe\",\r\n      \"locations\": [\r\n        \"West US\"\r\n      ],\r\n      \"apiVersions\": [\r\n        \"2020-08-01-Preview\",\r\n        \"2020-08-01\",\r\n        \"2020-03-13\",\r\n        \"2019-10-01-Preview\",\r\n        \"2015-08-19\",\r\n        \"2015-02-28\",\r\n        \"2014-07-31-Preview\"\r\n      ],\r\n      \"capabilities\": \"CrossResourceGroupResourceMove, CrossSubscriptionResourceMove, SystemAssignedResourceIdentity\"\r\n    },\r\n    {\r\n      \"resourceType\": \"checkServiceNameAvailability\",\r\n      \"locations\": [],\r\n      \"apiVersions\": [\r\n        \"2015-02-28\",\r\n        \"2014-07-31-Preview\"\r\n      ]\r\n    },\r\n    {\r\n      \"resourceType\": \"checkServiceNameAvailabilityCit\",\r\n      \"locations\": [],\r\n      \"apiVersions\": [\r\n        \"2015-02-28\",\r\n        \"2014-07-31-Preview\"\r\n      ]\r\n    },\r\n    {\r\n      \"resourceType\": \"checkServiceNameAvailabilityInt\",\r\n      \"locations\": [],\r\n      \"apiVersions\": [\r\n        \"2015-02-28\",\r\n        \"2014-07-31-Preview\"\r\n      ]\r\n    },\r\n    {\r\n      \"resourceType\": \"checkServiceNameAvailabilityPpe\",\r\n      \"locations\": [],\r\n      \"apiVersions\": [\r\n        \"2015-02-28\",\r\n        \"2014-07-31-Preview\"\r\n      ]\r\n    },\r\n    {\r\n      \"resourceType\": \"checkNameAvailability\",\r\n      \"locations\": [],\r\n      \"apiVersions\": [\r\n        \"2020-08-01-Preview\",\r\n        \"2020-08-01\",\r\n        \"2020-03-13\",\r\n        \"2019-10-01-Preview\",\r\n        \"2015-08-19\"\r\n      ]\r\n    },\r\n    {\r\n      \"resourceType\": \"checkNameAvailabilityCit\",\r\n      \"locations\": [],\r\n      \"apiVersions\": [\r\n        \"2020-08-01-Preview\",\r\n        \"2020-08-01\",\r\n        \"2020-03-13\",\r\n        \"2019-10-01-Preview\",\r\n        \"2015-08-19\"\r\n      ]\r\n    },\r\n    {\r\n      \"resourceType\": \"checkNameAvailabilityInt\",\r\n      \"locations\": [],\r\n      \"apiVersions\": [\r\n        \"2020-08-01-Preview\",\r\n        \"2020-08-01\",\r\n        \"2020-03-13\",\r\n        \"2019-10-01-Preview\",\r\n        \"2015-08-19\"\r\n      ]\r\n    },\r\n    {\r\n      \"resourceType\": \"checkNameAvailabilityPpe\",\r\n      \"locations\": [],\r\n      \"apiVersions\": [\r\n        \"2020-08-01-Preview\",\r\n        \"2020-08-01\",\r\n        \"2020-03-13\",\r\n        \"2019-10-01-Preview\",\r\n        \"2015-08-19\"\r\n      ]\r\n    },\r\n    {\r\n      \"resourceType\": \"resourceHealthMetadata\",\r\n      \"locations\": [],\r\n      \"apiVersions\": [\r\n        \"2020-08-01-Preview\",\r\n        \"2020-08-01\",\r\n        \"2020-03-13\",\r\n        \"2019-10-01-Preview\",\r\n        \"2015-08-19\"\r\n      ]\r\n    },\r\n    {\r\n      \"resourceType\": \"operations\",\r\n      \"locations\": [],\r\n      \"apiVersions\": [\r\n        \"2020-08-01-Preview\",\r\n        \"2020-08-01\",\r\n        \"2020-03-13\",\r\n        \"2019-10-01-Preview\",\r\n        \"2015-08-19\",\r\n        \"2015-02-28\"\r\n      ]\r\n    }\r\n  ],\r\n  \"registrationState\": \"Registered\"\r\n}",
      "StatusCode": 200
    },
    {
      "RequestUri": "/subscriptions/3c729b2a-4f86-4bb2-abe8-4b8647af156c/resourcegroups/azsmnet3304?api-version=2016-09-01",
      "EncodedRequestUri": "L3N1YnNjcmlwdGlvbnMvM2M3MjliMmEtNGY4Ni00YmIyLWFiZTgtNGI4NjQ3YWYxNTZjL3Jlc291cmNlZ3JvdXBzL2F6c21uZXQzMzA0P2FwaS12ZXJzaW9uPTIwMTYtMDktMDE=",
      "RequestMethod": "PUT",
      "RequestBody": "{\r\n  \"location\": \"West US\"\r\n}",
      "RequestHeaders": {
        "x-ms-client-request-id": [
          "9c0db94b-f072-4b54-a89a-e53cf12333d9"
        ],
        "Accept-Language": [
          "en-US"
        ],
        "User-Agent": [
          "FxVersion/4.6.29017.01",
          "OSName/Windows",
          "OSVersion/Microsoft.Windows.10.0.18363.",
          "Microsoft.Azure.Management.ResourceManager.ResourceManagementClient/1.5.0.0"
        ],
        "Content-Type": [
          "application/json; charset=utf-8"
        ],
        "Content-Length": [
          "29"
        ]
      },
      "ResponseHeaders": {
        "Cache-Control": [
          "no-cache"
        ],
        "Pragma": [
          "no-cache"
        ],
        "x-ms-ratelimit-remaining-subscription-writes": [
          "1190"
        ],
        "x-ms-request-id": [
          "05d9789d-2012-4203-a921-0b06e15d844a"
        ],
        "x-ms-correlation-request-id": [
          "05d9789d-2012-4203-a921-0b06e15d844a"
        ],
        "x-ms-routing-request-id": [
          "NORTHEUROPE:20200808T093831Z:05d9789d-2012-4203-a921-0b06e15d844a"
        ],
        "Strict-Transport-Security": [
          "max-age=31536000; includeSubDomains"
        ],
        "X-Content-Type-Options": [
          "nosniff"
        ],
        "Date": [
          "Sat, 08 Aug 2020 09:38:30 GMT"
        ],
        "Content-Length": [
          "175"
        ],
        "Content-Type": [
          "application/json; charset=utf-8"
        ],
        "Expires": [
          "-1"
        ]
      },
      "ResponseBody": "{\r\n  \"id\": \"/subscriptions/3c729b2a-4f86-4bb2-abe8-4b8647af156c/resourceGroups/azsmnet3304\",\r\n  \"name\": \"azsmnet3304\",\r\n  \"location\": \"westus\",\r\n  \"properties\": {\r\n    \"provisioningState\": \"Succeeded\"\r\n  }\r\n}",
      "StatusCode": 201
    },
    {
      "RequestUri": "/subscriptions/3c729b2a-4f86-4bb2-abe8-4b8647af156c/resourceGroups/azsmnet3304/providers/Microsoft.Search/searchServices/azs-3469?api-version=2020-08-01",
      "EncodedRequestUri": "L3N1YnNjcmlwdGlvbnMvM2M3MjliMmEtNGY4Ni00YmIyLWFiZTgtNGI4NjQ3YWYxNTZjL3Jlc291cmNlR3JvdXBzL2F6c21uZXQzMzA0L3Byb3ZpZGVycy9NaWNyb3NvZnQuU2VhcmNoL3NlYXJjaFNlcnZpY2VzL2F6cy0zNDY5P2FwaS12ZXJzaW9uPTIwMjAtMDgtMDE=",
      "RequestMethod": "PUT",
      "RequestBody": "{\r\n  \"sku\": {\r\n    \"name\": \"free\"\r\n  },\r\n  \"location\": \"West US\"\r\n}",
      "RequestHeaders": {
        "x-ms-client-request-id": [
          "7c11cc5b-fea4-45e8-b79a-5dce8e88ce47"
        ],
        "Accept-Language": [
          "en-US"
        ],
        "User-Agent": [
          "FxVersion/4.6.29017.01",
          "OSName/Windows",
          "OSVersion/Microsoft.Windows.10.0.18363.",
          "Microsoft.Azure.Management.Search.SearchManagementClient/4.0.0.0"
        ],
        "Content-Type": [
          "application/json; charset=utf-8"
        ],
        "Content-Length": [
          "67"
        ]
      },
      "ResponseHeaders": {
        "Cache-Control": [
          "no-cache"
        ],
        "Pragma": [
          "no-cache"
        ],
        "ETag": [
          "W/\"datetime'2020-08-08T09%3A38%3A37.0681046Z'\""
        ],
        "x-ms-request-id": [
          "7c11cc5b-fea4-45e8-b79a-5dce8e88ce47"
        ],
        "request-id": [
          "7c11cc5b-fea4-45e8-b79a-5dce8e88ce47"
        ],
        "elapsed-time": [
          "2690"
        ],
        "Strict-Transport-Security": [
          "max-age=31536000; includeSubDomains"
        ],
        "x-ms-ratelimit-remaining-subscription-writes": [
          "1195"
        ],
        "x-ms-correlation-request-id": [
          "0dd386f8-9de1-41c7-bf0e-96bf5d61689c"
        ],
        "x-ms-routing-request-id": [
          "NORTHEUROPE:20200808T093838Z:0dd386f8-9de1-41c7-bf0e-96bf5d61689c"
        ],
        "X-Content-Type-Options": [
          "nosniff"
        ],
        "Date": [
          "Sat, 08 Aug 2020 09:38:38 GMT"
        ],
        "Content-Length": [
          "529"
        ],
        "Content-Type": [
          "application/json; charset=utf-8"
        ],
        "Expires": [
          "-1"
        ]
      },
      "ResponseBody": "{\r\n  \"id\": \"/subscriptions/3c729b2a-4f86-4bb2-abe8-4b8647af156c/resourceGroups/azsmnet3304/providers/Microsoft.Search/searchServices/azs-3469\",\r\n  \"name\": \"azs-3469\",\r\n  \"type\": \"Microsoft.Search/searchServices\",\r\n  \"location\": \"West US\",\r\n  \"properties\": {\r\n    \"replicaCount\": 1,\r\n    \"partitionCount\": 1,\r\n    \"status\": \"running\",\r\n    \"statusDetails\": \"\",\r\n    \"provisioningState\": \"succeeded\",\r\n    \"hostingMode\": \"Default\",\r\n    \"publicNetworkAccess\": \"Enabled\",\r\n    \"networkRuleSet\": {\r\n      \"ipRules\": [],\r\n      \"bypass\": \"None\"\r\n    },\r\n    \"privateEndpointConnections\": [],\r\n    \"sharedPrivateLinkResources\": []\r\n  },\r\n  \"sku\": {\r\n    \"name\": \"free\"\r\n  }\r\n}",
      "StatusCode": 201
    },
    {
      "RequestUri": "/subscriptions/3c729b2a-4f86-4bb2-abe8-4b8647af156c/resourceGroups/azsmnet3304/providers/Microsoft.Search/searchServices/azs-3469/listAdminKeys?api-version=2020-08-01",
      "EncodedRequestUri": "L3N1YnNjcmlwdGlvbnMvM2M3MjliMmEtNGY4Ni00YmIyLWFiZTgtNGI4NjQ3YWYxNTZjL3Jlc291cmNlR3JvdXBzL2F6c21uZXQzMzA0L3Byb3ZpZGVycy9NaWNyb3NvZnQuU2VhcmNoL3NlYXJjaFNlcnZpY2VzL2F6cy0zNDY5L2xpc3RBZG1pbktleXM/YXBpLXZlcnNpb249MjAyMC0wOC0wMQ==",
      "RequestMethod": "POST",
      "RequestBody": "",
      "RequestHeaders": {
        "x-ms-client-request-id": [
          "d7efe9df-e267-4073-8ee3-32e02a6946e7"
        ],
        "Accept-Language": [
          "en-US"
        ],
        "User-Agent": [
          "FxVersion/4.6.29017.01",
          "OSName/Windows",
          "OSVersion/Microsoft.Windows.10.0.18363.",
          "Microsoft.Azure.Management.Search.SearchManagementClient/4.0.0.0"
        ]
      },
      "ResponseHeaders": {
        "Cache-Control": [
          "no-cache"
        ],
        "Pragma": [
          "no-cache"
        ],
        "Vary": [
          "Accept-Encoding"
        ],
        "x-ms-request-id": [
          "d7efe9df-e267-4073-8ee3-32e02a6946e7"
        ],
        "request-id": [
          "d7efe9df-e267-4073-8ee3-32e02a6946e7"
        ],
        "elapsed-time": [
          "486"
        ],
        "Strict-Transport-Security": [
          "max-age=31536000; includeSubDomains"
        ],
        "x-ms-ratelimit-remaining-subscription-writes": [
          "1194"
        ],
        "x-ms-correlation-request-id": [
          "fc314864-c2d9-430d-a138-67068abd6202"
        ],
        "x-ms-routing-request-id": [
          "NORTHEUROPE:20200808T093841Z:fc314864-c2d9-430d-a138-67068abd6202"
        ],
        "X-Content-Type-Options": [
          "nosniff"
        ],
        "Date": [
          "Sat, 08 Aug 2020 09:38:40 GMT"
        ],
        "Content-Length": [
          "99"
        ],
        "Content-Type": [
          "application/json; charset=utf-8"
        ],
        "Expires": [
          "-1"
        ]
      },
      "ResponseBody": "{\r\n  \"primaryKey\": \"Sanitized\",\r\n  \"secondaryKey\": \"Sanitized\"\r\n}",
      "StatusCode": 200
    },
    {
      "RequestUri": "/subscriptions/3c729b2a-4f86-4bb2-abe8-4b8647af156c/resourceGroups/azsmnet3304/providers/Microsoft.Search/searchServices/azs-3469/listQueryKeys?api-version=2020-08-01",
      "EncodedRequestUri": "L3N1YnNjcmlwdGlvbnMvM2M3MjliMmEtNGY4Ni00YmIyLWFiZTgtNGI4NjQ3YWYxNTZjL3Jlc291cmNlR3JvdXBzL2F6c21uZXQzMzA0L3Byb3ZpZGVycy9NaWNyb3NvZnQuU2VhcmNoL3NlYXJjaFNlcnZpY2VzL2F6cy0zNDY5L2xpc3RRdWVyeUtleXM/YXBpLXZlcnNpb249MjAyMC0wOC0wMQ==",
      "RequestMethod": "POST",
      "RequestBody": "",
      "RequestHeaders": {
        "x-ms-client-request-id": [
          "6f2051d1-d0dd-4ead-bb6a-7159323f495d"
        ],
        "Accept-Language": [
          "en-US"
        ],
        "User-Agent": [
          "FxVersion/4.6.29017.01",
          "OSName/Windows",
          "OSVersion/Microsoft.Windows.10.0.18363.",
          "Microsoft.Azure.Management.Search.SearchManagementClient/4.0.0.0"
        ]
      },
      "ResponseHeaders": {
        "Cache-Control": [
          "no-cache"
        ],
        "Pragma": [
          "no-cache"
        ],
        "Vary": [
          "Accept-Encoding"
        ],
        "x-ms-request-id": [
          "6f2051d1-d0dd-4ead-bb6a-7159323f495d"
        ],
        "request-id": [
          "6f2051d1-d0dd-4ead-bb6a-7159323f495d"
        ],
        "elapsed-time": [
          "1026"
        ],
        "Strict-Transport-Security": [
          "max-age=31536000; includeSubDomains"
        ],
        "x-ms-ratelimit-remaining-subscription-writes": [
          "1193"
        ],
        "x-ms-correlation-request-id": [
          "592b5e7e-19fb-45a3-9361-13f4590d41b0"
        ],
        "x-ms-routing-request-id": [
          "NORTHEUROPE:20200808T093842Z:592b5e7e-19fb-45a3-9361-13f4590d41b0"
        ],
        "X-Content-Type-Options": [
          "nosniff"
        ],
        "Date": [
          "Sat, 08 Aug 2020 09:38:42 GMT"
        ],
        "Content-Length": [
          "82"
        ],
        "Content-Type": [
          "application/json; charset=utf-8"
        ],
        "Expires": [
          "-1"
        ]
      },
      "ResponseBody": "{\r\n  \"value\": [\r\n    {\r\n      \"name\": null,\r\n      \"key\": \"7DF5CB22607F30DAE6BDEEA664AE7175\"\r\n    }\r\n  ],\r\n  \"nextLink\": null\r\n}",
      "StatusCode": 200
    },
    {
      "RequestUri": "/indexes?api-version=2019-05-06",
      "EncodedRequestUri": "L2luZGV4ZXM/YXBpLXZlcnNpb249MjAxOS0wNS0wNg==",
      "RequestMethod": "POST",
      "RequestBody": "{\r\n  \"name\": \"azsmnet6257\",\r\n  \"fields\": [\r\n    {\r\n      \"name\": \"hotelId\",\r\n      \"type\": \"Edm.String\",\r\n      \"key\": true,\r\n      \"retrievable\": true,\r\n      \"searchable\": false,\r\n      \"filterable\": true,\r\n      \"sortable\": true,\r\n      \"facetable\": true\r\n    },\r\n    {\r\n      \"name\": \"hotelName\",\r\n      \"type\": \"Edm.String\",\r\n      \"key\": false,\r\n      \"retrievable\": true,\r\n      \"searchable\": true,\r\n      \"filterable\": true,\r\n      \"sortable\": true,\r\n      \"facetable\": false\r\n    },\r\n    {\r\n      \"name\": \"description\",\r\n      \"type\": \"Edm.String\",\r\n      \"key\": false,\r\n      \"retrievable\": true,\r\n      \"searchable\": true,\r\n      \"filterable\": false,\r\n      \"sortable\": false,\r\n      \"facetable\": false,\r\n      \"analyzer\": \"en.lucene\"\r\n    },\r\n    {\r\n      \"name\": \"descriptionFr\",\r\n      \"type\": \"Edm.String\",\r\n      \"key\": false,\r\n      \"retrievable\": true,\r\n      \"searchable\": true,\r\n      \"filterable\": false,\r\n      \"sortable\": false,\r\n      \"facetable\": false,\r\n      \"analyzer\": \"fr.lucene\"\r\n    },\r\n    {\r\n      \"name\": \"category\",\r\n      \"type\": \"Edm.String\",\r\n      \"key\": false,\r\n      \"retrievable\": true,\r\n      \"searchable\": true,\r\n      \"filterable\": true,\r\n      \"sortable\": true,\r\n      \"facetable\": true\r\n    },\r\n    {\r\n      \"name\": \"tags\",\r\n      \"type\": \"Collection(Edm.String)\",\r\n      \"key\": false,\r\n      \"retrievable\": true,\r\n      \"searchable\": true,\r\n      \"filterable\": true,\r\n      \"sortable\": false,\r\n      \"facetable\": true\r\n    },\r\n    {\r\n      \"name\": \"parkingIncluded\",\r\n      \"type\": \"Edm.Boolean\",\r\n      \"key\": false,\r\n      \"retrievable\": true,\r\n      \"searchable\": false,\r\n      \"filterable\": true,\r\n      \"sortable\": true,\r\n      \"facetable\": true\r\n    },\r\n    {\r\n      \"name\": \"smokingAllowed\",\r\n      \"type\": \"Edm.Boolean\",\r\n      \"key\": false,\r\n      \"retrievable\": true,\r\n      \"searchable\": false,\r\n      \"filterable\": true,\r\n      \"sortable\": true,\r\n      \"facetable\": true\r\n    },\r\n    {\r\n      \"name\": \"lastRenovationDate\",\r\n      \"type\": \"Edm.DateTimeOffset\",\r\n      \"key\": false,\r\n      \"retrievable\": true,\r\n      \"searchable\": false,\r\n      \"filterable\": true,\r\n      \"sortable\": true,\r\n      \"facetable\": true\r\n    },\r\n    {\r\n      \"name\": \"rating\",\r\n      \"type\": \"Edm.Int32\",\r\n      \"key\": false,\r\n      \"retrievable\": true,\r\n      \"searchable\": false,\r\n      \"filterable\": true,\r\n      \"sortable\": true,\r\n      \"facetable\": true\r\n    },\r\n    {\r\n      \"name\": \"location\",\r\n      \"type\": \"Edm.GeographyPoint\",\r\n      \"key\": false,\r\n      \"retrievable\": true,\r\n      \"searchable\": false,\r\n      \"filterable\": true,\r\n      \"sortable\": true,\r\n      \"facetable\": false\r\n    },\r\n    {\r\n      \"name\": \"address\",\r\n      \"type\": \"Edm.ComplexType\",\r\n      \"fields\": [\r\n        {\r\n          \"name\": \"streetAddress\",\r\n          \"type\": \"Edm.String\",\r\n          \"key\": false,\r\n          \"retrievable\": true,\r\n          \"searchable\": true,\r\n          \"filterable\": false,\r\n          \"sortable\": false,\r\n          \"facetable\": false\r\n        },\r\n        {\r\n          \"name\": \"city\",\r\n          \"type\": \"Edm.String\",\r\n          \"key\": false,\r\n          \"retrievable\": true,\r\n          \"searchable\": true,\r\n          \"filterable\": true,\r\n          \"sortable\": true,\r\n          \"facetable\": true\r\n        },\r\n        {\r\n          \"name\": \"stateProvince\",\r\n          \"type\": \"Edm.String\",\r\n          \"key\": false,\r\n          \"retrievable\": true,\r\n          \"searchable\": true,\r\n          \"filterable\": true,\r\n          \"sortable\": true,\r\n          \"facetable\": true\r\n        },\r\n        {\r\n          \"name\": \"country\",\r\n          \"type\": \"Edm.String\",\r\n          \"key\": false,\r\n          \"retrievable\": true,\r\n          \"searchable\": true,\r\n          \"filterable\": true,\r\n          \"sortable\": true,\r\n          \"facetable\": true\r\n        },\r\n        {\r\n          \"name\": \"postalCode\",\r\n          \"type\": \"Edm.String\",\r\n          \"key\": false,\r\n          \"retrievable\": true,\r\n          \"searchable\": true,\r\n          \"filterable\": true,\r\n          \"sortable\": true,\r\n          \"facetable\": true\r\n        }\r\n      ]\r\n    },\r\n    {\r\n      \"name\": \"rooms\",\r\n      \"type\": \"Collection(Edm.ComplexType)\",\r\n      \"fields\": [\r\n        {\r\n          \"name\": \"description\",\r\n          \"type\": \"Edm.String\",\r\n          \"key\": false,\r\n          \"retrievable\": true,\r\n          \"searchable\": true,\r\n          \"filterable\": false,\r\n          \"sortable\": false,\r\n          \"facetable\": false,\r\n          \"analyzer\": \"en.lucene\"\r\n        },\r\n        {\r\n          \"name\": \"descriptionFr\",\r\n          \"type\": \"Edm.String\",\r\n          \"key\": false,\r\n          \"retrievable\": true,\r\n          \"searchable\": true,\r\n          \"filterable\": false,\r\n          \"sortable\": false,\r\n          \"facetable\": false,\r\n          \"analyzer\": \"fr.lucene\"\r\n        },\r\n        {\r\n          \"name\": \"type\",\r\n          \"type\": \"Edm.String\",\r\n          \"key\": false,\r\n          \"retrievable\": true,\r\n          \"searchable\": true,\r\n          \"filterable\": true,\r\n          \"sortable\": false,\r\n          \"facetable\": true\r\n        },\r\n        {\r\n          \"name\": \"baseRate\",\r\n          \"type\": \"Edm.Double\",\r\n          \"key\": false,\r\n          \"retrievable\": true,\r\n          \"searchable\": false,\r\n          \"filterable\": true,\r\n          \"sortable\": false,\r\n          \"facetable\": true\r\n        },\r\n        {\r\n          \"name\": \"bedOptions\",\r\n          \"type\": \"Edm.String\",\r\n          \"key\": false,\r\n          \"retrievable\": true,\r\n          \"searchable\": true,\r\n          \"filterable\": true,\r\n          \"sortable\": false,\r\n          \"facetable\": true\r\n        },\r\n        {\r\n          \"name\": \"sleepsCount\",\r\n          \"type\": \"Edm.Int32\",\r\n          \"key\": false,\r\n          \"retrievable\": true,\r\n          \"searchable\": false,\r\n          \"filterable\": true,\r\n          \"sortable\": false,\r\n          \"facetable\": true\r\n        },\r\n        {\r\n          \"name\": \"smokingAllowed\",\r\n          \"type\": \"Edm.Boolean\",\r\n          \"key\": false,\r\n          \"retrievable\": true,\r\n          \"searchable\": false,\r\n          \"filterable\": true,\r\n          \"sortable\": false,\r\n          \"facetable\": true\r\n        },\r\n        {\r\n          \"name\": \"tags\",\r\n          \"type\": \"Collection(Edm.String)\",\r\n          \"key\": false,\r\n          \"retrievable\": true,\r\n          \"searchable\": true,\r\n          \"filterable\": true,\r\n          \"sortable\": false,\r\n          \"facetable\": true\r\n        }\r\n      ]\r\n    }\r\n  ],\r\n  \"scoringProfiles\": [\r\n    {\r\n      \"name\": \"nearest\",\r\n      \"functions\": [\r\n        {\r\n          \"type\": \"distance\",\r\n          \"distance\": {\r\n            \"referencePointParameter\": \"myloc\",\r\n            \"boostingDistance\": 100.0\r\n          },\r\n          \"fieldName\": \"location\",\r\n          \"boost\": 2.0\r\n        }\r\n      ],\r\n      \"functionAggregation\": \"sum\"\r\n    }\r\n  ],\r\n  \"suggesters\": [\r\n    {\r\n      \"name\": \"sg\",\r\n      \"sourceFields\": [\r\n        \"description\",\r\n        \"hotelName\"\r\n      ],\r\n      \"searchMode\": \"analyzingInfixMatching\"\r\n    }\r\n  ]\r\n}",
      "RequestHeaders": {
        "client-request-id": [
          "59498a7e-4a9f-4c8d-b49a-c95006c2214a"
        ],
        "Accept-Language": [
          "en-US"
        ],
        "api-key": [
          "156D6CB7794C1710BBBF13A038E6521F"
        ],
        "User-Agent": [
          "FxVersion/4.6.29017.01",
          "OSName/Windows",
          "OSVersion/Microsoft.Windows.10.0.18363.",
          "Microsoft.Azure.Search.SearchServiceClient/10.1.0.0"
        ],
        "Content-Type": [
          "application/json; charset=utf-8"
        ],
        "Content-Length": [
          "6975"
        ]
      },
      "ResponseHeaders": {
        "Cache-Control": [
          "no-cache"
        ],
        "Pragma": [
          "no-cache"
        ],
        "ETag": [
          "W/\"0x8D83B7ED84D5914\""
        ],
        "Location": [
          "https://azs-3469.search-dogfood.windows-int.net/indexes('azsmnet6257')?api-version=2019-05-06"
        ],
        "request-id": [
          "59498a7e-4a9f-4c8d-b49a-c95006c2214a"
        ],
        "elapsed-time": [
          "1451"
        ],
        "OData-Version": [
          "4.0"
        ],
        "Preference-Applied": [
          "odata.include-annotations=\"*\""
        ],
        "Strict-Transport-Security": [
          "max-age=15724800; includeSubDomains"
        ],
        "Date": [
          "Sat, 08 Aug 2020 09:38:44 GMT"
        ],
        "Content-Type": [
          "application/json; odata.metadata=minimal"
        ],
        "Expires": [
          "-1"
        ],
        "Content-Length": [
          "6147"
        ]
      },
      "ResponseBody": "{\r\n  \"@odata.context\": \"https://azs-3469.search-dogfood.windows-int.net/$metadata#indexes/$entity\",\r\n  \"@odata.etag\": \"\\\"0x8D83B7ED84D5914\\\"\",\r\n  \"name\": \"azsmnet6257\",\r\n  \"defaultScoringProfile\": null,\r\n  \"fields\": [\r\n    {\r\n      \"name\": \"hotelId\",\r\n      \"type\": \"Edm.String\",\r\n      \"searchable\": false,\r\n      \"filterable\": true,\r\n      \"retrievable\": true,\r\n      \"sortable\": true,\r\n      \"facetable\": true,\r\n      \"key\": true,\r\n      \"indexAnalyzer\": null,\r\n      \"searchAnalyzer\": null,\r\n      \"analyzer\": null,\r\n      \"synonymMaps\": []\r\n    },\r\n    {\r\n      \"name\": \"hotelName\",\r\n      \"type\": \"Edm.String\",\r\n      \"searchable\": true,\r\n      \"filterable\": true,\r\n      \"retrievable\": true,\r\n      \"sortable\": true,\r\n      \"facetable\": false,\r\n      \"key\": false,\r\n      \"indexAnalyzer\": null,\r\n      \"searchAnalyzer\": null,\r\n      \"analyzer\": null,\r\n      \"synonymMaps\": []\r\n    },\r\n    {\r\n      \"name\": \"description\",\r\n      \"type\": \"Edm.String\",\r\n      \"searchable\": true,\r\n      \"filterable\": false,\r\n      \"retrievable\": true,\r\n      \"sortable\": false,\r\n      \"facetable\": false,\r\n      \"key\": false,\r\n      \"indexAnalyzer\": null,\r\n      \"searchAnalyzer\": null,\r\n      \"analyzer\": \"en.lucene\",\r\n      \"synonymMaps\": []\r\n    },\r\n    {\r\n      \"name\": \"descriptionFr\",\r\n      \"type\": \"Edm.String\",\r\n      \"searchable\": true,\r\n      \"filterable\": false,\r\n      \"retrievable\": true,\r\n      \"sortable\": false,\r\n      \"facetable\": false,\r\n      \"key\": false,\r\n      \"indexAnalyzer\": null,\r\n      \"searchAnalyzer\": null,\r\n      \"analyzer\": \"fr.lucene\",\r\n      \"synonymMaps\": []\r\n    },\r\n    {\r\n      \"name\": \"category\",\r\n      \"type\": \"Edm.String\",\r\n      \"searchable\": true,\r\n      \"filterable\": true,\r\n      \"retrievable\": true,\r\n      \"sortable\": true,\r\n      \"facetable\": true,\r\n      \"key\": false,\r\n      \"indexAnalyzer\": null,\r\n      \"searchAnalyzer\": null,\r\n      \"analyzer\": null,\r\n      \"synonymMaps\": []\r\n    },\r\n    {\r\n      \"name\": \"tags\",\r\n      \"type\": \"Collection(Edm.String)\",\r\n      \"searchable\": true,\r\n      \"filterable\": true,\r\n      \"retrievable\": true,\r\n      \"sortable\": false,\r\n      \"facetable\": true,\r\n      \"key\": false,\r\n      \"indexAnalyzer\": null,\r\n      \"searchAnalyzer\": null,\r\n      \"analyzer\": null,\r\n      \"synonymMaps\": []\r\n    },\r\n    {\r\n      \"name\": \"parkingIncluded\",\r\n      \"type\": \"Edm.Boolean\",\r\n      \"searchable\": false,\r\n      \"filterable\": true,\r\n      \"retrievable\": true,\r\n      \"sortable\": true,\r\n      \"facetable\": true,\r\n      \"key\": false,\r\n      \"indexAnalyzer\": null,\r\n      \"searchAnalyzer\": null,\r\n      \"analyzer\": null,\r\n      \"synonymMaps\": []\r\n    },\r\n    {\r\n      \"name\": \"smokingAllowed\",\r\n      \"type\": \"Edm.Boolean\",\r\n      \"searchable\": false,\r\n      \"filterable\": true,\r\n      \"retrievable\": true,\r\n      \"sortable\": true,\r\n      \"facetable\": true,\r\n      \"key\": false,\r\n      \"indexAnalyzer\": null,\r\n      \"searchAnalyzer\": null,\r\n      \"analyzer\": null,\r\n      \"synonymMaps\": []\r\n    },\r\n    {\r\n      \"name\": \"lastRenovationDate\",\r\n      \"type\": \"Edm.DateTimeOffset\",\r\n      \"searchable\": false,\r\n      \"filterable\": true,\r\n      \"retrievable\": true,\r\n      \"sortable\": true,\r\n      \"facetable\": true,\r\n      \"key\": false,\r\n      \"indexAnalyzer\": null,\r\n      \"searchAnalyzer\": null,\r\n      \"analyzer\": null,\r\n      \"synonymMaps\": []\r\n    },\r\n    {\r\n      \"name\": \"rating\",\r\n      \"type\": \"Edm.Int32\",\r\n      \"searchable\": false,\r\n      \"filterable\": true,\r\n      \"retrievable\": true,\r\n      \"sortable\": true,\r\n      \"facetable\": true,\r\n      \"key\": false,\r\n      \"indexAnalyzer\": null,\r\n      \"searchAnalyzer\": null,\r\n      \"analyzer\": null,\r\n      \"synonymMaps\": []\r\n    },\r\n    {\r\n      \"name\": \"location\",\r\n      \"type\": \"Edm.GeographyPoint\",\r\n      \"searchable\": false,\r\n      \"filterable\": true,\r\n      \"retrievable\": true,\r\n      \"sortable\": true,\r\n      \"facetable\": false,\r\n      \"key\": false,\r\n      \"indexAnalyzer\": null,\r\n      \"searchAnalyzer\": null,\r\n      \"analyzer\": null,\r\n      \"synonymMaps\": []\r\n    },\r\n    {\r\n      \"name\": \"address\",\r\n      \"type\": \"Edm.ComplexType\",\r\n      \"fields\": [\r\n        {\r\n          \"name\": \"streetAddress\",\r\n          \"type\": \"Edm.String\",\r\n          \"searchable\": true,\r\n          \"filterable\": false,\r\n          \"retrievable\": true,\r\n          \"sortable\": false,\r\n          \"facetable\": false,\r\n          \"key\": false,\r\n          \"indexAnalyzer\": null,\r\n          \"searchAnalyzer\": null,\r\n          \"analyzer\": null,\r\n          \"synonymMaps\": []\r\n        },\r\n        {\r\n          \"name\": \"city\",\r\n          \"type\": \"Edm.String\",\r\n          \"searchable\": true,\r\n          \"filterable\": true,\r\n          \"retrievable\": true,\r\n          \"sortable\": true,\r\n          \"facetable\": true,\r\n          \"key\": false,\r\n          \"indexAnalyzer\": null,\r\n          \"searchAnalyzer\": null,\r\n          \"analyzer\": null,\r\n          \"synonymMaps\": []\r\n        },\r\n        {\r\n          \"name\": \"stateProvince\",\r\n          \"type\": \"Edm.String\",\r\n          \"searchable\": true,\r\n          \"filterable\": true,\r\n          \"retrievable\": true,\r\n          \"sortable\": true,\r\n          \"facetable\": true,\r\n          \"key\": false,\r\n          \"indexAnalyzer\": null,\r\n          \"searchAnalyzer\": null,\r\n          \"analyzer\": null,\r\n          \"synonymMaps\": []\r\n        },\r\n        {\r\n          \"name\": \"country\",\r\n          \"type\": \"Edm.String\",\r\n          \"searchable\": true,\r\n          \"filterable\": true,\r\n          \"retrievable\": true,\r\n          \"sortable\": true,\r\n          \"facetable\": true,\r\n          \"key\": false,\r\n          \"indexAnalyzer\": null,\r\n          \"searchAnalyzer\": null,\r\n          \"analyzer\": null,\r\n          \"synonymMaps\": []\r\n        },\r\n        {\r\n          \"name\": \"postalCode\",\r\n          \"type\": \"Edm.String\",\r\n          \"searchable\": true,\r\n          \"filterable\": true,\r\n          \"retrievable\": true,\r\n          \"sortable\": true,\r\n          \"facetable\": true,\r\n          \"key\": false,\r\n          \"indexAnalyzer\": null,\r\n          \"searchAnalyzer\": null,\r\n          \"analyzer\": null,\r\n          \"synonymMaps\": []\r\n        }\r\n      ]\r\n    },\r\n    {\r\n      \"name\": \"rooms\",\r\n      \"type\": \"Collection(Edm.ComplexType)\",\r\n      \"fields\": [\r\n        {\r\n          \"name\": \"description\",\r\n          \"type\": \"Edm.String\",\r\n          \"searchable\": true,\r\n          \"filterable\": false,\r\n          \"retrievable\": true,\r\n          \"sortable\": false,\r\n          \"facetable\": false,\r\n          \"key\": false,\r\n          \"indexAnalyzer\": null,\r\n          \"searchAnalyzer\": null,\r\n          \"analyzer\": \"en.lucene\",\r\n          \"synonymMaps\": []\r\n        },\r\n        {\r\n          \"name\": \"descriptionFr\",\r\n          \"type\": \"Edm.String\",\r\n          \"searchable\": true,\r\n          \"filterable\": false,\r\n          \"retrievable\": true,\r\n          \"sortable\": false,\r\n          \"facetable\": false,\r\n          \"key\": false,\r\n          \"indexAnalyzer\": null,\r\n          \"searchAnalyzer\": null,\r\n          \"analyzer\": \"fr.lucene\",\r\n          \"synonymMaps\": []\r\n        },\r\n        {\r\n          \"name\": \"type\",\r\n          \"type\": \"Edm.String\",\r\n          \"searchable\": true,\r\n          \"filterable\": true,\r\n          \"retrievable\": true,\r\n          \"sortable\": false,\r\n          \"facetable\": true,\r\n          \"key\": false,\r\n          \"indexAnalyzer\": null,\r\n          \"searchAnalyzer\": null,\r\n          \"analyzer\": null,\r\n          \"synonymMaps\": []\r\n        },\r\n        {\r\n          \"name\": \"baseRate\",\r\n          \"type\": \"Edm.Double\",\r\n          \"searchable\": false,\r\n          \"filterable\": true,\r\n          \"retrievable\": true,\r\n          \"sortable\": false,\r\n          \"facetable\": true,\r\n          \"key\": false,\r\n          \"indexAnalyzer\": null,\r\n          \"searchAnalyzer\": null,\r\n          \"analyzer\": null,\r\n          \"synonymMaps\": []\r\n        },\r\n        {\r\n          \"name\": \"bedOptions\",\r\n          \"type\": \"Edm.String\",\r\n          \"searchable\": true,\r\n          \"filterable\": true,\r\n          \"retrievable\": true,\r\n          \"sortable\": false,\r\n          \"facetable\": true,\r\n          \"key\": false,\r\n          \"indexAnalyzer\": null,\r\n          \"searchAnalyzer\": null,\r\n          \"analyzer\": null,\r\n          \"synonymMaps\": []\r\n        },\r\n        {\r\n          \"name\": \"sleepsCount\",\r\n          \"type\": \"Edm.Int32\",\r\n          \"searchable\": false,\r\n          \"filterable\": true,\r\n          \"retrievable\": true,\r\n          \"sortable\": false,\r\n          \"facetable\": true,\r\n          \"key\": false,\r\n          \"indexAnalyzer\": null,\r\n          \"searchAnalyzer\": null,\r\n          \"analyzer\": null,\r\n          \"synonymMaps\": []\r\n        },\r\n        {\r\n          \"name\": \"smokingAllowed\",\r\n          \"type\": \"Edm.Boolean\",\r\n          \"searchable\": false,\r\n          \"filterable\": true,\r\n          \"retrievable\": true,\r\n          \"sortable\": false,\r\n          \"facetable\": true,\r\n          \"key\": false,\r\n          \"indexAnalyzer\": null,\r\n          \"searchAnalyzer\": null,\r\n          \"analyzer\": null,\r\n          \"synonymMaps\": []\r\n        },\r\n        {\r\n          \"name\": \"tags\",\r\n          \"type\": \"Collection(Edm.String)\",\r\n          \"searchable\": true,\r\n          \"filterable\": true,\r\n          \"retrievable\": true,\r\n          \"sortable\": false,\r\n          \"facetable\": true,\r\n          \"key\": false,\r\n          \"indexAnalyzer\": null,\r\n          \"searchAnalyzer\": null,\r\n          \"analyzer\": null,\r\n          \"synonymMaps\": []\r\n        }\r\n      ]\r\n    }\r\n  ],\r\n  \"scoringProfiles\": [\r\n    {\r\n      \"name\": \"nearest\",\r\n      \"functionAggregation\": \"sum\",\r\n      \"text\": null,\r\n      \"functions\": [\r\n        {\r\n          \"fieldName\": \"location\",\r\n          \"interpolation\": \"linear\",\r\n          \"type\": \"distance\",\r\n          \"boost\": 2.0,\r\n          \"freshness\": null,\r\n          \"magnitude\": null,\r\n          \"distance\": {\r\n            \"referencePointParameter\": \"myloc\",\r\n            \"boostingDistance\": 100.0\r\n          },\r\n          \"tag\": null\r\n        }\r\n      ]\r\n    }\r\n  ],\r\n  \"corsOptions\": null,\r\n  \"suggesters\": [\r\n    {\r\n      \"name\": \"sg\",\r\n      \"searchMode\": \"analyzingInfixMatching\",\r\n      \"sourceFields\": [\r\n        \"description\",\r\n        \"hotelName\"\r\n      ]\r\n    }\r\n  ],\r\n  \"analyzers\": [],\r\n  \"tokenizers\": [],\r\n  \"tokenFilters\": [],\r\n  \"charFilters\": [],\r\n  \"encryptionKey\": null\r\n}",
      "StatusCode": 201
    },
    {
      "RequestUri": "/indexes?api-version=2019-05-06",
      "EncodedRequestUri": "L2luZGV4ZXM/YXBpLXZlcnNpb249MjAxOS0wNS0wNg==",
      "RequestMethod": "POST",
      "RequestBody": "{\r\n  \"name\": \"azsmnet7164\",\r\n  \"fields\": [\r\n    {\r\n      \"name\": \"hotelId\",\r\n      \"type\": \"Edm.String\",\r\n      \"key\": true,\r\n      \"retrievable\": true,\r\n      \"searchable\": false,\r\n      \"filterable\": true,\r\n      \"sortable\": true,\r\n      \"facetable\": true\r\n    },\r\n    {\r\n      \"name\": \"hotelName\",\r\n      \"type\": \"Edm.String\",\r\n      \"key\": false,\r\n      \"retrievable\": true,\r\n      \"searchable\": true,\r\n      \"filterable\": true,\r\n      \"sortable\": true,\r\n      \"facetable\": false\r\n    },\r\n    {\r\n      \"name\": \"description\",\r\n      \"type\": \"Edm.String\",\r\n      \"key\": false,\r\n      \"retrievable\": true,\r\n      \"searchable\": true,\r\n      \"filterable\": false,\r\n      \"sortable\": false,\r\n      \"facetable\": false,\r\n      \"analyzer\": \"en.lucene\"\r\n    },\r\n    {\r\n      \"name\": \"descriptionFr\",\r\n      \"type\": \"Edm.String\",\r\n      \"key\": false,\r\n      \"retrievable\": true,\r\n      \"searchable\": true,\r\n      \"filterable\": false,\r\n      \"sortable\": false,\r\n      \"facetable\": false,\r\n      \"analyzer\": \"fr.lucene\"\r\n    },\r\n    {\r\n      \"name\": \"category\",\r\n      \"type\": \"Edm.String\",\r\n      \"key\": false,\r\n      \"retrievable\": true,\r\n      \"searchable\": true,\r\n      \"filterable\": true,\r\n      \"sortable\": true,\r\n      \"facetable\": true\r\n    },\r\n    {\r\n      \"name\": \"tags\",\r\n      \"type\": \"Collection(Edm.String)\",\r\n      \"key\": false,\r\n      \"retrievable\": true,\r\n      \"searchable\": true,\r\n      \"filterable\": true,\r\n      \"sortable\": false,\r\n      \"facetable\": true\r\n    },\r\n    {\r\n      \"name\": \"parkingIncluded\",\r\n      \"type\": \"Edm.Boolean\",\r\n      \"key\": false,\r\n      \"retrievable\": true,\r\n      \"searchable\": false,\r\n      \"filterable\": true,\r\n      \"sortable\": true,\r\n      \"facetable\": true\r\n    },\r\n    {\r\n      \"name\": \"smokingAllowed\",\r\n      \"type\": \"Edm.Boolean\",\r\n      \"key\": false,\r\n      \"retrievable\": true,\r\n      \"searchable\": false,\r\n      \"filterable\": true,\r\n      \"sortable\": true,\r\n      \"facetable\": true\r\n    },\r\n    {\r\n      \"name\": \"lastRenovationDate\",\r\n      \"type\": \"Edm.DateTimeOffset\",\r\n      \"key\": false,\r\n      \"retrievable\": true,\r\n      \"searchable\": false,\r\n      \"filterable\": true,\r\n      \"sortable\": true,\r\n      \"facetable\": true\r\n    },\r\n    {\r\n      \"name\": \"rating\",\r\n      \"type\": \"Edm.Int32\",\r\n      \"key\": false,\r\n      \"retrievable\": true,\r\n      \"searchable\": false,\r\n      \"filterable\": true,\r\n      \"sortable\": true,\r\n      \"facetable\": true\r\n    },\r\n    {\r\n      \"name\": \"location\",\r\n      \"type\": \"Edm.GeographyPoint\",\r\n      \"key\": false,\r\n      \"retrievable\": true,\r\n      \"searchable\": false,\r\n      \"filterable\": true,\r\n      \"sortable\": true,\r\n      \"facetable\": false\r\n    },\r\n    {\r\n      \"name\": \"address\",\r\n      \"type\": \"Edm.ComplexType\",\r\n      \"fields\": [\r\n        {\r\n          \"name\": \"streetAddress\",\r\n          \"type\": \"Edm.String\",\r\n          \"key\": false,\r\n          \"retrievable\": true,\r\n          \"searchable\": true,\r\n          \"filterable\": false,\r\n          \"sortable\": false,\r\n          \"facetable\": false\r\n        },\r\n        {\r\n          \"name\": \"city\",\r\n          \"type\": \"Edm.String\",\r\n          \"key\": false,\r\n          \"retrievable\": true,\r\n          \"searchable\": true,\r\n          \"filterable\": true,\r\n          \"sortable\": true,\r\n          \"facetable\": true\r\n        },\r\n        {\r\n          \"name\": \"stateProvince\",\r\n          \"type\": \"Edm.String\",\r\n          \"key\": false,\r\n          \"retrievable\": true,\r\n          \"searchable\": true,\r\n          \"filterable\": true,\r\n          \"sortable\": true,\r\n          \"facetable\": true\r\n        },\r\n        {\r\n          \"name\": \"country\",\r\n          \"type\": \"Edm.String\",\r\n          \"key\": false,\r\n          \"retrievable\": true,\r\n          \"searchable\": true,\r\n          \"filterable\": true,\r\n          \"sortable\": true,\r\n          \"facetable\": true\r\n        },\r\n        {\r\n          \"name\": \"postalCode\",\r\n          \"type\": \"Edm.String\",\r\n          \"key\": false,\r\n          \"retrievable\": true,\r\n          \"searchable\": true,\r\n          \"filterable\": true,\r\n          \"sortable\": true,\r\n          \"facetable\": true\r\n        }\r\n      ]\r\n    },\r\n    {\r\n      \"name\": \"rooms\",\r\n      \"type\": \"Collection(Edm.ComplexType)\",\r\n      \"fields\": [\r\n        {\r\n          \"name\": \"description\",\r\n          \"type\": \"Edm.String\",\r\n          \"key\": false,\r\n          \"retrievable\": true,\r\n          \"searchable\": true,\r\n          \"filterable\": false,\r\n          \"sortable\": false,\r\n          \"facetable\": false,\r\n          \"analyzer\": \"en.lucene\"\r\n        },\r\n        {\r\n          \"name\": \"descriptionFr\",\r\n          \"type\": \"Edm.String\",\r\n          \"key\": false,\r\n          \"retrievable\": true,\r\n          \"searchable\": true,\r\n          \"filterable\": false,\r\n          \"sortable\": false,\r\n          \"facetable\": false,\r\n          \"analyzer\": \"fr.lucene\"\r\n        },\r\n        {\r\n          \"name\": \"type\",\r\n          \"type\": \"Edm.String\",\r\n          \"key\": false,\r\n          \"retrievable\": true,\r\n          \"searchable\": true,\r\n          \"filterable\": true,\r\n          \"sortable\": false,\r\n          \"facetable\": true\r\n        },\r\n        {\r\n          \"name\": \"baseRate\",\r\n          \"type\": \"Edm.Double\",\r\n          \"key\": false,\r\n          \"retrievable\": true,\r\n          \"searchable\": false,\r\n          \"filterable\": true,\r\n          \"sortable\": false,\r\n          \"facetable\": true\r\n        },\r\n        {\r\n          \"name\": \"bedOptions\",\r\n          \"type\": \"Edm.String\",\r\n          \"key\": false,\r\n          \"retrievable\": true,\r\n          \"searchable\": true,\r\n          \"filterable\": true,\r\n          \"sortable\": false,\r\n          \"facetable\": true\r\n        },\r\n        {\r\n          \"name\": \"sleepsCount\",\r\n          \"type\": \"Edm.Int32\",\r\n          \"key\": false,\r\n          \"retrievable\": true,\r\n          \"searchable\": false,\r\n          \"filterable\": true,\r\n          \"sortable\": false,\r\n          \"facetable\": true\r\n        },\r\n        {\r\n          \"name\": \"smokingAllowed\",\r\n          \"type\": \"Edm.Boolean\",\r\n          \"key\": false,\r\n          \"retrievable\": true,\r\n          \"searchable\": false,\r\n          \"filterable\": true,\r\n          \"sortable\": false,\r\n          \"facetable\": true\r\n        },\r\n        {\r\n          \"name\": \"tags\",\r\n          \"type\": \"Collection(Edm.String)\",\r\n          \"key\": false,\r\n          \"retrievable\": true,\r\n          \"searchable\": true,\r\n          \"filterable\": true,\r\n          \"sortable\": false,\r\n          \"facetable\": true\r\n        }\r\n      ]\r\n    }\r\n  ]\r\n}",
      "RequestHeaders": {
        "client-request-id": [
          "3c7f2645-fb9a-49d4-b80a-f899379a1f5a"
        ],
        "Accept-Language": [
          "en-US"
        ],
        "api-key": [
          "156D6CB7794C1710BBBF13A038E6521F"
        ],
        "User-Agent": [
          "FxVersion/4.6.29017.01",
          "OSName/Windows",
          "OSVersion/Microsoft.Windows.10.0.18363.",
          "Microsoft.Azure.Search.SearchServiceClient/10.1.0.0"
        ],
        "Content-Type": [
          "application/json; charset=utf-8"
        ],
        "Content-Length": [
          "6411"
        ]
      },
      "ResponseHeaders": {
        "Cache-Control": [
          "no-cache"
        ],
        "Pragma": [
          "no-cache"
        ],
        "ETag": [
          "W/\"0x8D83B7EE74D52BF\""
        ],
        "Location": [
          "https://azs-3469.search-dogfood.windows-int.net/indexes('azsmnet7164')?api-version=2019-05-06"
        ],
        "request-id": [
          "3c7f2645-fb9a-49d4-b80a-f899379a1f5a"
        ],
        "elapsed-time": [
          "3243"
        ],
        "OData-Version": [
          "4.0"
        ],
        "Preference-Applied": [
          "odata.include-annotations=\"*\""
        ],
        "Strict-Transport-Security": [
          "max-age=15724800; includeSubDomains"
        ],
        "Date": [
          "Sat, 08 Aug 2020 09:39:10 GMT"
        ],
        "Content-Type": [
          "application/json; odata.metadata=minimal"
        ],
        "Expires": [
          "-1"
        ],
        "Content-Length": [
          "5784"
        ]
      },
      "ResponseBody": "{\r\n  \"@odata.context\": \"https://azs-3469.search-dogfood.windows-int.net/$metadata#indexes/$entity\",\r\n  \"@odata.etag\": \"\\\"0x8D83B7EE74D52BF\\\"\",\r\n  \"name\": \"azsmnet7164\",\r\n  \"defaultScoringProfile\": null,\r\n  \"fields\": [\r\n    {\r\n      \"name\": \"hotelId\",\r\n      \"type\": \"Edm.String\",\r\n      \"searchable\": false,\r\n      \"filterable\": true,\r\n      \"retrievable\": true,\r\n      \"sortable\": true,\r\n      \"facetable\": true,\r\n      \"key\": true,\r\n      \"indexAnalyzer\": null,\r\n      \"searchAnalyzer\": null,\r\n      \"analyzer\": null,\r\n      \"synonymMaps\": []\r\n    },\r\n    {\r\n      \"name\": \"hotelName\",\r\n      \"type\": \"Edm.String\",\r\n      \"searchable\": true,\r\n      \"filterable\": true,\r\n      \"retrievable\": true,\r\n      \"sortable\": true,\r\n      \"facetable\": false,\r\n      \"key\": false,\r\n      \"indexAnalyzer\": null,\r\n      \"searchAnalyzer\": null,\r\n      \"analyzer\": null,\r\n      \"synonymMaps\": []\r\n    },\r\n    {\r\n      \"name\": \"description\",\r\n      \"type\": \"Edm.String\",\r\n      \"searchable\": true,\r\n      \"filterable\": false,\r\n      \"retrievable\": true,\r\n      \"sortable\": false,\r\n      \"facetable\": false,\r\n      \"key\": false,\r\n      \"indexAnalyzer\": null,\r\n      \"searchAnalyzer\": null,\r\n      \"analyzer\": \"en.lucene\",\r\n      \"synonymMaps\": []\r\n    },\r\n    {\r\n      \"name\": \"descriptionFr\",\r\n      \"type\": \"Edm.String\",\r\n      \"searchable\": true,\r\n      \"filterable\": false,\r\n      \"retrievable\": true,\r\n      \"sortable\": false,\r\n      \"facetable\": false,\r\n      \"key\": false,\r\n      \"indexAnalyzer\": null,\r\n      \"searchAnalyzer\": null,\r\n      \"analyzer\": \"fr.lucene\",\r\n      \"synonymMaps\": []\r\n    },\r\n    {\r\n      \"name\": \"category\",\r\n      \"type\": \"Edm.String\",\r\n      \"searchable\": true,\r\n      \"filterable\": true,\r\n      \"retrievable\": true,\r\n      \"sortable\": true,\r\n      \"facetable\": true,\r\n      \"key\": false,\r\n      \"indexAnalyzer\": null,\r\n      \"searchAnalyzer\": null,\r\n      \"analyzer\": null,\r\n      \"synonymMaps\": []\r\n    },\r\n    {\r\n      \"name\": \"tags\",\r\n      \"type\": \"Collection(Edm.String)\",\r\n      \"searchable\": true,\r\n      \"filterable\": true,\r\n      \"retrievable\": true,\r\n      \"sortable\": false,\r\n      \"facetable\": true,\r\n      \"key\": false,\r\n      \"indexAnalyzer\": null,\r\n      \"searchAnalyzer\": null,\r\n      \"analyzer\": null,\r\n      \"synonymMaps\": []\r\n    },\r\n    {\r\n      \"name\": \"parkingIncluded\",\r\n      \"type\": \"Edm.Boolean\",\r\n      \"searchable\": false,\r\n      \"filterable\": true,\r\n      \"retrievable\": true,\r\n      \"sortable\": true,\r\n      \"facetable\": true,\r\n      \"key\": false,\r\n      \"indexAnalyzer\": null,\r\n      \"searchAnalyzer\": null,\r\n      \"analyzer\": null,\r\n      \"synonymMaps\": []\r\n    },\r\n    {\r\n      \"name\": \"smokingAllowed\",\r\n      \"type\": \"Edm.Boolean\",\r\n      \"searchable\": false,\r\n      \"filterable\": true,\r\n      \"retrievable\": true,\r\n      \"sortable\": true,\r\n      \"facetable\": true,\r\n      \"key\": false,\r\n      \"indexAnalyzer\": null,\r\n      \"searchAnalyzer\": null,\r\n      \"analyzer\": null,\r\n      \"synonymMaps\": []\r\n    },\r\n    {\r\n      \"name\": \"lastRenovationDate\",\r\n      \"type\": \"Edm.DateTimeOffset\",\r\n      \"searchable\": false,\r\n      \"filterable\": true,\r\n      \"retrievable\": true,\r\n      \"sortable\": true,\r\n      \"facetable\": true,\r\n      \"key\": false,\r\n      \"indexAnalyzer\": null,\r\n      \"searchAnalyzer\": null,\r\n      \"analyzer\": null,\r\n      \"synonymMaps\": []\r\n    },\r\n    {\r\n      \"name\": \"rating\",\r\n      \"type\": \"Edm.Int32\",\r\n      \"searchable\": false,\r\n      \"filterable\": true,\r\n      \"retrievable\": true,\r\n      \"sortable\": true,\r\n      \"facetable\": true,\r\n      \"key\": false,\r\n      \"indexAnalyzer\": null,\r\n      \"searchAnalyzer\": null,\r\n      \"analyzer\": null,\r\n      \"synonymMaps\": []\r\n    },\r\n    {\r\n      \"name\": \"location\",\r\n      \"type\": \"Edm.GeographyPoint\",\r\n      \"searchable\": false,\r\n      \"filterable\": true,\r\n      \"retrievable\": true,\r\n      \"sortable\": true,\r\n      \"facetable\": false,\r\n      \"key\": false,\r\n      \"indexAnalyzer\": null,\r\n      \"searchAnalyzer\": null,\r\n      \"analyzer\": null,\r\n      \"synonymMaps\": []\r\n    },\r\n    {\r\n      \"name\": \"address\",\r\n      \"type\": \"Edm.ComplexType\",\r\n      \"fields\": [\r\n        {\r\n          \"name\": \"streetAddress\",\r\n          \"type\": \"Edm.String\",\r\n          \"searchable\": true,\r\n          \"filterable\": false,\r\n          \"retrievable\": true,\r\n          \"sortable\": false,\r\n          \"facetable\": false,\r\n          \"key\": false,\r\n          \"indexAnalyzer\": null,\r\n          \"searchAnalyzer\": null,\r\n          \"analyzer\": null,\r\n          \"synonymMaps\": []\r\n        },\r\n        {\r\n          \"name\": \"city\",\r\n          \"type\": \"Edm.String\",\r\n          \"searchable\": true,\r\n          \"filterable\": true,\r\n          \"retrievable\": true,\r\n          \"sortable\": true,\r\n          \"facetable\": true,\r\n          \"key\": false,\r\n          \"indexAnalyzer\": null,\r\n          \"searchAnalyzer\": null,\r\n          \"analyzer\": null,\r\n          \"synonymMaps\": []\r\n        },\r\n        {\r\n          \"name\": \"stateProvince\",\r\n          \"type\": \"Edm.String\",\r\n          \"searchable\": true,\r\n          \"filterable\": true,\r\n          \"retrievable\": true,\r\n          \"sortable\": true,\r\n          \"facetable\": true,\r\n          \"key\": false,\r\n          \"indexAnalyzer\": null,\r\n          \"searchAnalyzer\": null,\r\n          \"analyzer\": null,\r\n          \"synonymMaps\": []\r\n        },\r\n        {\r\n          \"name\": \"country\",\r\n          \"type\": \"Edm.String\",\r\n          \"searchable\": true,\r\n          \"filterable\": true,\r\n          \"retrievable\": true,\r\n          \"sortable\": true,\r\n          \"facetable\": true,\r\n          \"key\": false,\r\n          \"indexAnalyzer\": null,\r\n          \"searchAnalyzer\": null,\r\n          \"analyzer\": null,\r\n          \"synonymMaps\": []\r\n        },\r\n        {\r\n          \"name\": \"postalCode\",\r\n          \"type\": \"Edm.String\",\r\n          \"searchable\": true,\r\n          \"filterable\": true,\r\n          \"retrievable\": true,\r\n          \"sortable\": true,\r\n          \"facetable\": true,\r\n          \"key\": false,\r\n          \"indexAnalyzer\": null,\r\n          \"searchAnalyzer\": null,\r\n          \"analyzer\": null,\r\n          \"synonymMaps\": []\r\n        }\r\n      ]\r\n    },\r\n    {\r\n      \"name\": \"rooms\",\r\n      \"type\": \"Collection(Edm.ComplexType)\",\r\n      \"fields\": [\r\n        {\r\n          \"name\": \"description\",\r\n          \"type\": \"Edm.String\",\r\n          \"searchable\": true,\r\n          \"filterable\": false,\r\n          \"retrievable\": true,\r\n          \"sortable\": false,\r\n          \"facetable\": false,\r\n          \"key\": false,\r\n          \"indexAnalyzer\": null,\r\n          \"searchAnalyzer\": null,\r\n          \"analyzer\": \"en.lucene\",\r\n          \"synonymMaps\": []\r\n        },\r\n        {\r\n          \"name\": \"descriptionFr\",\r\n          \"type\": \"Edm.String\",\r\n          \"searchable\": true,\r\n          \"filterable\": false,\r\n          \"retrievable\": true,\r\n          \"sortable\": false,\r\n          \"facetable\": false,\r\n          \"key\": false,\r\n          \"indexAnalyzer\": null,\r\n          \"searchAnalyzer\": null,\r\n          \"analyzer\": \"fr.lucene\",\r\n          \"synonymMaps\": []\r\n        },\r\n        {\r\n          \"name\": \"type\",\r\n          \"type\": \"Edm.String\",\r\n          \"searchable\": true,\r\n          \"filterable\": true,\r\n          \"retrievable\": true,\r\n          \"sortable\": false,\r\n          \"facetable\": true,\r\n          \"key\": false,\r\n          \"indexAnalyzer\": null,\r\n          \"searchAnalyzer\": null,\r\n          \"analyzer\": null,\r\n          \"synonymMaps\": []\r\n        },\r\n        {\r\n          \"name\": \"baseRate\",\r\n          \"type\": \"Edm.Double\",\r\n          \"searchable\": false,\r\n          \"filterable\": true,\r\n          \"retrievable\": true,\r\n          \"sortable\": false,\r\n          \"facetable\": true,\r\n          \"key\": false,\r\n          \"indexAnalyzer\": null,\r\n          \"searchAnalyzer\": null,\r\n          \"analyzer\": null,\r\n          \"synonymMaps\": []\r\n        },\r\n        {\r\n          \"name\": \"bedOptions\",\r\n          \"type\": \"Edm.String\",\r\n          \"searchable\": true,\r\n          \"filterable\": true,\r\n          \"retrievable\": true,\r\n          \"sortable\": false,\r\n          \"facetable\": true,\r\n          \"key\": false,\r\n          \"indexAnalyzer\": null,\r\n          \"searchAnalyzer\": null,\r\n          \"analyzer\": null,\r\n          \"synonymMaps\": []\r\n        },\r\n        {\r\n          \"name\": \"sleepsCount\",\r\n          \"type\": \"Edm.Int32\",\r\n          \"searchable\": false,\r\n          \"filterable\": true,\r\n          \"retrievable\": true,\r\n          \"sortable\": false,\r\n          \"facetable\": true,\r\n          \"key\": false,\r\n          \"indexAnalyzer\": null,\r\n          \"searchAnalyzer\": null,\r\n          \"analyzer\": null,\r\n          \"synonymMaps\": []\r\n        },\r\n        {\r\n          \"name\": \"smokingAllowed\",\r\n          \"type\": \"Edm.Boolean\",\r\n          \"searchable\": false,\r\n          \"filterable\": true,\r\n          \"retrievable\": true,\r\n          \"sortable\": false,\r\n          \"facetable\": true,\r\n          \"key\": false,\r\n          \"indexAnalyzer\": null,\r\n          \"searchAnalyzer\": null,\r\n          \"analyzer\": null,\r\n          \"synonymMaps\": []\r\n        },\r\n        {\r\n          \"name\": \"tags\",\r\n          \"type\": \"Collection(Edm.String)\",\r\n          \"searchable\": true,\r\n          \"filterable\": true,\r\n          \"retrievable\": true,\r\n          \"sortable\": false,\r\n          \"facetable\": true,\r\n          \"key\": false,\r\n          \"indexAnalyzer\": null,\r\n          \"searchAnalyzer\": null,\r\n          \"analyzer\": null,\r\n          \"synonymMaps\": []\r\n        }\r\n      ]\r\n    }\r\n  ],\r\n  \"scoringProfiles\": [],\r\n  \"corsOptions\": null,\r\n  \"suggesters\": [],\r\n  \"analyzers\": [],\r\n  \"tokenizers\": [],\r\n  \"tokenFilters\": [],\r\n  \"charFilters\": [],\r\n  \"encryptionKey\": null\r\n}",
      "StatusCode": 201
    },
    {
      "RequestUri": "/indexes('azsmnet6257')?api-version=2019-05-06",
      "EncodedRequestUri": "L2luZGV4ZXMoJ2F6c21uZXQ2MjU3Jyk/YXBpLXZlcnNpb249MjAxOS0wNS0wNg==",
      "RequestMethod": "GET",
      "RequestBody": "",
      "RequestHeaders": {
        "client-request-id": [
          "bb5a64ac-09f2-479d-9767-ce180d382584"
        ],
        "Accept-Language": [
          "en-US"
        ],
        "api-key": [
          "156D6CB7794C1710BBBF13A038E6521F"
        ],
        "User-Agent": [
          "FxVersion/4.6.29017.01",
          "OSName/Windows",
          "OSVersion/Microsoft.Windows.10.0.18363.",
          "Microsoft.Azure.Search.SearchServiceClient/10.1.0.0"
        ]
      },
      "ResponseHeaders": {
        "Cache-Control": [
          "no-cache"
        ],
        "Pragma": [
          "no-cache"
        ],
        "ETag": [
          "W/\"0x8D83B7ED84D5914\""
        ],
        "request-id": [
          "bb5a64ac-09f2-479d-9767-ce180d382584"
        ],
        "elapsed-time": [
          "25"
        ],
        "OData-Version": [
          "4.0"
        ],
        "Preference-Applied": [
          "odata.include-annotations=\"*\""
        ],
        "Strict-Transport-Security": [
          "max-age=15724800; includeSubDomains"
        ],
        "Date": [
          "Sat, 08 Aug 2020 09:39:07 GMT"
        ],
        "Content-Type": [
          "application/json; odata.metadata=minimal; odata.streaming=true"
        ],
        "Expires": [
          "-1"
        ],
        "Content-Length": [
          "6147"
        ]
      },
      "ResponseBody": "{\r\n  \"@odata.context\": \"https://azs-3469.search-dogfood.windows-int.net/$metadata#indexes/$entity\",\r\n  \"@odata.etag\": \"\\\"0x8D83B7ED84D5914\\\"\",\r\n  \"name\": \"azsmnet6257\",\r\n  \"defaultScoringProfile\": null,\r\n  \"fields\": [\r\n    {\r\n      \"name\": \"hotelId\",\r\n      \"type\": \"Edm.String\",\r\n      \"searchable\": false,\r\n      \"filterable\": true,\r\n      \"retrievable\": true,\r\n      \"sortable\": true,\r\n      \"facetable\": true,\r\n      \"key\": true,\r\n      \"indexAnalyzer\": null,\r\n      \"searchAnalyzer\": null,\r\n      \"analyzer\": null,\r\n      \"synonymMaps\": []\r\n    },\r\n    {\r\n      \"name\": \"hotelName\",\r\n      \"type\": \"Edm.String\",\r\n      \"searchable\": true,\r\n      \"filterable\": true,\r\n      \"retrievable\": true,\r\n      \"sortable\": true,\r\n      \"facetable\": false,\r\n      \"key\": false,\r\n      \"indexAnalyzer\": null,\r\n      \"searchAnalyzer\": null,\r\n      \"analyzer\": null,\r\n      \"synonymMaps\": []\r\n    },\r\n    {\r\n      \"name\": \"description\",\r\n      \"type\": \"Edm.String\",\r\n      \"searchable\": true,\r\n      \"filterable\": false,\r\n      \"retrievable\": true,\r\n      \"sortable\": false,\r\n      \"facetable\": false,\r\n      \"key\": false,\r\n      \"indexAnalyzer\": null,\r\n      \"searchAnalyzer\": null,\r\n      \"analyzer\": \"en.lucene\",\r\n      \"synonymMaps\": []\r\n    },\r\n    {\r\n      \"name\": \"descriptionFr\",\r\n      \"type\": \"Edm.String\",\r\n      \"searchable\": true,\r\n      \"filterable\": false,\r\n      \"retrievable\": true,\r\n      \"sortable\": false,\r\n      \"facetable\": false,\r\n      \"key\": false,\r\n      \"indexAnalyzer\": null,\r\n      \"searchAnalyzer\": null,\r\n      \"analyzer\": \"fr.lucene\",\r\n      \"synonymMaps\": []\r\n    },\r\n    {\r\n      \"name\": \"category\",\r\n      \"type\": \"Edm.String\",\r\n      \"searchable\": true,\r\n      \"filterable\": true,\r\n      \"retrievable\": true,\r\n      \"sortable\": true,\r\n      \"facetable\": true,\r\n      \"key\": false,\r\n      \"indexAnalyzer\": null,\r\n      \"searchAnalyzer\": null,\r\n      \"analyzer\": null,\r\n      \"synonymMaps\": []\r\n    },\r\n    {\r\n      \"name\": \"tags\",\r\n      \"type\": \"Collection(Edm.String)\",\r\n      \"searchable\": true,\r\n      \"filterable\": true,\r\n      \"retrievable\": true,\r\n      \"sortable\": false,\r\n      \"facetable\": true,\r\n      \"key\": false,\r\n      \"indexAnalyzer\": null,\r\n      \"searchAnalyzer\": null,\r\n      \"analyzer\": null,\r\n      \"synonymMaps\": []\r\n    },\r\n    {\r\n      \"name\": \"parkingIncluded\",\r\n      \"type\": \"Edm.Boolean\",\r\n      \"searchable\": false,\r\n      \"filterable\": true,\r\n      \"retrievable\": true,\r\n      \"sortable\": true,\r\n      \"facetable\": true,\r\n      \"key\": false,\r\n      \"indexAnalyzer\": null,\r\n      \"searchAnalyzer\": null,\r\n      \"analyzer\": null,\r\n      \"synonymMaps\": []\r\n    },\r\n    {\r\n      \"name\": \"smokingAllowed\",\r\n      \"type\": \"Edm.Boolean\",\r\n      \"searchable\": false,\r\n      \"filterable\": true,\r\n      \"retrievable\": true,\r\n      \"sortable\": true,\r\n      \"facetable\": true,\r\n      \"key\": false,\r\n      \"indexAnalyzer\": null,\r\n      \"searchAnalyzer\": null,\r\n      \"analyzer\": null,\r\n      \"synonymMaps\": []\r\n    },\r\n    {\r\n      \"name\": \"lastRenovationDate\",\r\n      \"type\": \"Edm.DateTimeOffset\",\r\n      \"searchable\": false,\r\n      \"filterable\": true,\r\n      \"retrievable\": true,\r\n      \"sortable\": true,\r\n      \"facetable\": true,\r\n      \"key\": false,\r\n      \"indexAnalyzer\": null,\r\n      \"searchAnalyzer\": null,\r\n      \"analyzer\": null,\r\n      \"synonymMaps\": []\r\n    },\r\n    {\r\n      \"name\": \"rating\",\r\n      \"type\": \"Edm.Int32\",\r\n      \"searchable\": false,\r\n      \"filterable\": true,\r\n      \"retrievable\": true,\r\n      \"sortable\": true,\r\n      \"facetable\": true,\r\n      \"key\": false,\r\n      \"indexAnalyzer\": null,\r\n      \"searchAnalyzer\": null,\r\n      \"analyzer\": null,\r\n      \"synonymMaps\": []\r\n    },\r\n    {\r\n      \"name\": \"location\",\r\n      \"type\": \"Edm.GeographyPoint\",\r\n      \"searchable\": false,\r\n      \"filterable\": true,\r\n      \"retrievable\": true,\r\n      \"sortable\": true,\r\n      \"facetable\": false,\r\n      \"key\": false,\r\n      \"indexAnalyzer\": null,\r\n      \"searchAnalyzer\": null,\r\n      \"analyzer\": null,\r\n      \"synonymMaps\": []\r\n    },\r\n    {\r\n      \"name\": \"address\",\r\n      \"type\": \"Edm.ComplexType\",\r\n      \"fields\": [\r\n        {\r\n          \"name\": \"streetAddress\",\r\n          \"type\": \"Edm.String\",\r\n          \"searchable\": true,\r\n          \"filterable\": false,\r\n          \"retrievable\": true,\r\n          \"sortable\": false,\r\n          \"facetable\": false,\r\n          \"key\": false,\r\n          \"indexAnalyzer\": null,\r\n          \"searchAnalyzer\": null,\r\n          \"analyzer\": null,\r\n          \"synonymMaps\": []\r\n        },\r\n        {\r\n          \"name\": \"city\",\r\n          \"type\": \"Edm.String\",\r\n          \"searchable\": true,\r\n          \"filterable\": true,\r\n          \"retrievable\": true,\r\n          \"sortable\": true,\r\n          \"facetable\": true,\r\n          \"key\": false,\r\n          \"indexAnalyzer\": null,\r\n          \"searchAnalyzer\": null,\r\n          \"analyzer\": null,\r\n          \"synonymMaps\": []\r\n        },\r\n        {\r\n          \"name\": \"stateProvince\",\r\n          \"type\": \"Edm.String\",\r\n          \"searchable\": true,\r\n          \"filterable\": true,\r\n          \"retrievable\": true,\r\n          \"sortable\": true,\r\n          \"facetable\": true,\r\n          \"key\": false,\r\n          \"indexAnalyzer\": null,\r\n          \"searchAnalyzer\": null,\r\n          \"analyzer\": null,\r\n          \"synonymMaps\": []\r\n        },\r\n        {\r\n          \"name\": \"country\",\r\n          \"type\": \"Edm.String\",\r\n          \"searchable\": true,\r\n          \"filterable\": true,\r\n          \"retrievable\": true,\r\n          \"sortable\": true,\r\n          \"facetable\": true,\r\n          \"key\": false,\r\n          \"indexAnalyzer\": null,\r\n          \"searchAnalyzer\": null,\r\n          \"analyzer\": null,\r\n          \"synonymMaps\": []\r\n        },\r\n        {\r\n          \"name\": \"postalCode\",\r\n          \"type\": \"Edm.String\",\r\n          \"searchable\": true,\r\n          \"filterable\": true,\r\n          \"retrievable\": true,\r\n          \"sortable\": true,\r\n          \"facetable\": true,\r\n          \"key\": false,\r\n          \"indexAnalyzer\": null,\r\n          \"searchAnalyzer\": null,\r\n          \"analyzer\": null,\r\n          \"synonymMaps\": []\r\n        }\r\n      ]\r\n    },\r\n    {\r\n      \"name\": \"rooms\",\r\n      \"type\": \"Collection(Edm.ComplexType)\",\r\n      \"fields\": [\r\n        {\r\n          \"name\": \"description\",\r\n          \"type\": \"Edm.String\",\r\n          \"searchable\": true,\r\n          \"filterable\": false,\r\n          \"retrievable\": true,\r\n          \"sortable\": false,\r\n          \"facetable\": false,\r\n          \"key\": false,\r\n          \"indexAnalyzer\": null,\r\n          \"searchAnalyzer\": null,\r\n          \"analyzer\": \"en.lucene\",\r\n          \"synonymMaps\": []\r\n        },\r\n        {\r\n          \"name\": \"descriptionFr\",\r\n          \"type\": \"Edm.String\",\r\n          \"searchable\": true,\r\n          \"filterable\": false,\r\n          \"retrievable\": true,\r\n          \"sortable\": false,\r\n          \"facetable\": false,\r\n          \"key\": false,\r\n          \"indexAnalyzer\": null,\r\n          \"searchAnalyzer\": null,\r\n          \"analyzer\": \"fr.lucene\",\r\n          \"synonymMaps\": []\r\n        },\r\n        {\r\n          \"name\": \"type\",\r\n          \"type\": \"Edm.String\",\r\n          \"searchable\": true,\r\n          \"filterable\": true,\r\n          \"retrievable\": true,\r\n          \"sortable\": false,\r\n          \"facetable\": true,\r\n          \"key\": false,\r\n          \"indexAnalyzer\": null,\r\n          \"searchAnalyzer\": null,\r\n          \"analyzer\": null,\r\n          \"synonymMaps\": []\r\n        },\r\n        {\r\n          \"name\": \"baseRate\",\r\n          \"type\": \"Edm.Double\",\r\n          \"searchable\": false,\r\n          \"filterable\": true,\r\n          \"retrievable\": true,\r\n          \"sortable\": false,\r\n          \"facetable\": true,\r\n          \"key\": false,\r\n          \"indexAnalyzer\": null,\r\n          \"searchAnalyzer\": null,\r\n          \"analyzer\": null,\r\n          \"synonymMaps\": []\r\n        },\r\n        {\r\n          \"name\": \"bedOptions\",\r\n          \"type\": \"Edm.String\",\r\n          \"searchable\": true,\r\n          \"filterable\": true,\r\n          \"retrievable\": true,\r\n          \"sortable\": false,\r\n          \"facetable\": true,\r\n          \"key\": false,\r\n          \"indexAnalyzer\": null,\r\n          \"searchAnalyzer\": null,\r\n          \"analyzer\": null,\r\n          \"synonymMaps\": []\r\n        },\r\n        {\r\n          \"name\": \"sleepsCount\",\r\n          \"type\": \"Edm.Int32\",\r\n          \"searchable\": false,\r\n          \"filterable\": true,\r\n          \"retrievable\": true,\r\n          \"sortable\": false,\r\n          \"facetable\": true,\r\n          \"key\": false,\r\n          \"indexAnalyzer\": null,\r\n          \"searchAnalyzer\": null,\r\n          \"analyzer\": null,\r\n          \"synonymMaps\": []\r\n        },\r\n        {\r\n          \"name\": \"smokingAllowed\",\r\n          \"type\": \"Edm.Boolean\",\r\n          \"searchable\": false,\r\n          \"filterable\": true,\r\n          \"retrievable\": true,\r\n          \"sortable\": false,\r\n          \"facetable\": true,\r\n          \"key\": false,\r\n          \"indexAnalyzer\": null,\r\n          \"searchAnalyzer\": null,\r\n          \"analyzer\": null,\r\n          \"synonymMaps\": []\r\n        },\r\n        {\r\n          \"name\": \"tags\",\r\n          \"type\": \"Collection(Edm.String)\",\r\n          \"searchable\": true,\r\n          \"filterable\": true,\r\n          \"retrievable\": true,\r\n          \"sortable\": false,\r\n          \"facetable\": true,\r\n          \"key\": false,\r\n          \"indexAnalyzer\": null,\r\n          \"searchAnalyzer\": null,\r\n          \"analyzer\": null,\r\n          \"synonymMaps\": []\r\n        }\r\n      ]\r\n    }\r\n  ],\r\n  \"scoringProfiles\": [\r\n    {\r\n      \"name\": \"nearest\",\r\n      \"functionAggregation\": \"sum\",\r\n      \"text\": null,\r\n      \"functions\": [\r\n        {\r\n          \"fieldName\": \"location\",\r\n          \"interpolation\": \"linear\",\r\n          \"type\": \"distance\",\r\n          \"boost\": 2.0,\r\n          \"freshness\": null,\r\n          \"magnitude\": null,\r\n          \"distance\": {\r\n            \"referencePointParameter\": \"myloc\",\r\n            \"boostingDistance\": 100.0\r\n          },\r\n          \"tag\": null\r\n        }\r\n      ]\r\n    }\r\n  ],\r\n  \"corsOptions\": null,\r\n  \"suggesters\": [\r\n    {\r\n      \"name\": \"sg\",\r\n      \"searchMode\": \"analyzingInfixMatching\",\r\n      \"sourceFields\": [\r\n        \"description\",\r\n        \"hotelName\"\r\n      ]\r\n    }\r\n  ],\r\n  \"analyzers\": [],\r\n  \"tokenizers\": [],\r\n  \"tokenFilters\": [],\r\n  \"charFilters\": [],\r\n  \"encryptionKey\": null\r\n}",
      "StatusCode": 200
    },
    {
      "RequestUri": "/indexes('azsmnet7164')?api-version=2019-05-06",
      "EncodedRequestUri": "L2luZGV4ZXMoJ2F6c21uZXQ3MTY0Jyk/YXBpLXZlcnNpb249MjAxOS0wNS0wNg==",
      "RequestMethod": "GET",
      "RequestBody": "",
      "RequestHeaders": {
        "client-request-id": [
          "ef8cc1e7-7fdb-4fa5-9bdb-59cecd714bc7"
        ],
        "Accept-Language": [
          "en-US"
        ],
        "api-key": [
          "156D6CB7794C1710BBBF13A038E6521F"
        ],
        "User-Agent": [
          "FxVersion/4.6.29017.01",
          "OSName/Windows",
          "OSVersion/Microsoft.Windows.10.0.18363.",
          "Microsoft.Azure.Search.SearchServiceClient/10.1.0.0"
        ]
      },
      "ResponseHeaders": {
        "Cache-Control": [
          "no-cache"
        ],
        "Pragma": [
          "no-cache"
        ],
        "ETag": [
          "W/\"0x8D83B7EE74D52BF\""
        ],
        "request-id": [
          "ef8cc1e7-7fdb-4fa5-9bdb-59cecd714bc7"
        ],
        "elapsed-time": [
          "28"
        ],
        "OData-Version": [
          "4.0"
        ],
        "Preference-Applied": [
          "odata.include-annotations=\"*\""
        ],
        "Strict-Transport-Security": [
          "max-age=15724800; includeSubDomains"
        ],
        "Date": [
          "Sat, 08 Aug 2020 09:39:10 GMT"
        ],
        "Content-Type": [
          "application/json; odata.metadata=minimal; odata.streaming=true"
        ],
        "Expires": [
          "-1"
        ],
        "Content-Length": [
          "5784"
        ]
      },
      "ResponseBody": "{\r\n  \"@odata.context\": \"https://azs-3469.search-dogfood.windows-int.net/$metadata#indexes/$entity\",\r\n  \"@odata.etag\": \"\\\"0x8D83B7EE74D52BF\\\"\",\r\n  \"name\": \"azsmnet7164\",\r\n  \"defaultScoringProfile\": null,\r\n  \"fields\": [\r\n    {\r\n      \"name\": \"hotelId\",\r\n      \"type\": \"Edm.String\",\r\n      \"searchable\": false,\r\n      \"filterable\": true,\r\n      \"retrievable\": true,\r\n      \"sortable\": true,\r\n      \"facetable\": true,\r\n      \"key\": true,\r\n      \"indexAnalyzer\": null,\r\n      \"searchAnalyzer\": null,\r\n      \"analyzer\": null,\r\n      \"synonymMaps\": []\r\n    },\r\n    {\r\n      \"name\": \"hotelName\",\r\n      \"type\": \"Edm.String\",\r\n      \"searchable\": true,\r\n      \"filterable\": true,\r\n      \"retrievable\": true,\r\n      \"sortable\": true,\r\n      \"facetable\": false,\r\n      \"key\": false,\r\n      \"indexAnalyzer\": null,\r\n      \"searchAnalyzer\": null,\r\n      \"analyzer\": null,\r\n      \"synonymMaps\": []\r\n    },\r\n    {\r\n      \"name\": \"description\",\r\n      \"type\": \"Edm.String\",\r\n      \"searchable\": true,\r\n      \"filterable\": false,\r\n      \"retrievable\": true,\r\n      \"sortable\": false,\r\n      \"facetable\": false,\r\n      \"key\": false,\r\n      \"indexAnalyzer\": null,\r\n      \"searchAnalyzer\": null,\r\n      \"analyzer\": \"en.lucene\",\r\n      \"synonymMaps\": []\r\n    },\r\n    {\r\n      \"name\": \"descriptionFr\",\r\n      \"type\": \"Edm.String\",\r\n      \"searchable\": true,\r\n      \"filterable\": false,\r\n      \"retrievable\": true,\r\n      \"sortable\": false,\r\n      \"facetable\": false,\r\n      \"key\": false,\r\n      \"indexAnalyzer\": null,\r\n      \"searchAnalyzer\": null,\r\n      \"analyzer\": \"fr.lucene\",\r\n      \"synonymMaps\": []\r\n    },\r\n    {\r\n      \"name\": \"category\",\r\n      \"type\": \"Edm.String\",\r\n      \"searchable\": true,\r\n      \"filterable\": true,\r\n      \"retrievable\": true,\r\n      \"sortable\": true,\r\n      \"facetable\": true,\r\n      \"key\": false,\r\n      \"indexAnalyzer\": null,\r\n      \"searchAnalyzer\": null,\r\n      \"analyzer\": null,\r\n      \"synonymMaps\": []\r\n    },\r\n    {\r\n      \"name\": \"tags\",\r\n      \"type\": \"Collection(Edm.String)\",\r\n      \"searchable\": true,\r\n      \"filterable\": true,\r\n      \"retrievable\": true,\r\n      \"sortable\": false,\r\n      \"facetable\": true,\r\n      \"key\": false,\r\n      \"indexAnalyzer\": null,\r\n      \"searchAnalyzer\": null,\r\n      \"analyzer\": null,\r\n      \"synonymMaps\": []\r\n    },\r\n    {\r\n      \"name\": \"parkingIncluded\",\r\n      \"type\": \"Edm.Boolean\",\r\n      \"searchable\": false,\r\n      \"filterable\": true,\r\n      \"retrievable\": true,\r\n      \"sortable\": true,\r\n      \"facetable\": true,\r\n      \"key\": false,\r\n      \"indexAnalyzer\": null,\r\n      \"searchAnalyzer\": null,\r\n      \"analyzer\": null,\r\n      \"synonymMaps\": []\r\n    },\r\n    {\r\n      \"name\": \"smokingAllowed\",\r\n      \"type\": \"Edm.Boolean\",\r\n      \"searchable\": false,\r\n      \"filterable\": true,\r\n      \"retrievable\": true,\r\n      \"sortable\": true,\r\n      \"facetable\": true,\r\n      \"key\": false,\r\n      \"indexAnalyzer\": null,\r\n      \"searchAnalyzer\": null,\r\n      \"analyzer\": null,\r\n      \"synonymMaps\": []\r\n    },\r\n    {\r\n      \"name\": \"lastRenovationDate\",\r\n      \"type\": \"Edm.DateTimeOffset\",\r\n      \"searchable\": false,\r\n      \"filterable\": true,\r\n      \"retrievable\": true,\r\n      \"sortable\": true,\r\n      \"facetable\": true,\r\n      \"key\": false,\r\n      \"indexAnalyzer\": null,\r\n      \"searchAnalyzer\": null,\r\n      \"analyzer\": null,\r\n      \"synonymMaps\": []\r\n    },\r\n    {\r\n      \"name\": \"rating\",\r\n      \"type\": \"Edm.Int32\",\r\n      \"searchable\": false,\r\n      \"filterable\": true,\r\n      \"retrievable\": true,\r\n      \"sortable\": true,\r\n      \"facetable\": true,\r\n      \"key\": false,\r\n      \"indexAnalyzer\": null,\r\n      \"searchAnalyzer\": null,\r\n      \"analyzer\": null,\r\n      \"synonymMaps\": []\r\n    },\r\n    {\r\n      \"name\": \"location\",\r\n      \"type\": \"Edm.GeographyPoint\",\r\n      \"searchable\": false,\r\n      \"filterable\": true,\r\n      \"retrievable\": true,\r\n      \"sortable\": true,\r\n      \"facetable\": false,\r\n      \"key\": false,\r\n      \"indexAnalyzer\": null,\r\n      \"searchAnalyzer\": null,\r\n      \"analyzer\": null,\r\n      \"synonymMaps\": []\r\n    },\r\n    {\r\n      \"name\": \"address\",\r\n      \"type\": \"Edm.ComplexType\",\r\n      \"fields\": [\r\n        {\r\n          \"name\": \"streetAddress\",\r\n          \"type\": \"Edm.String\",\r\n          \"searchable\": true,\r\n          \"filterable\": false,\r\n          \"retrievable\": true,\r\n          \"sortable\": false,\r\n          \"facetable\": false,\r\n          \"key\": false,\r\n          \"indexAnalyzer\": null,\r\n          \"searchAnalyzer\": null,\r\n          \"analyzer\": null,\r\n          \"synonymMaps\": []\r\n        },\r\n        {\r\n          \"name\": \"city\",\r\n          \"type\": \"Edm.String\",\r\n          \"searchable\": true,\r\n          \"filterable\": true,\r\n          \"retrievable\": true,\r\n          \"sortable\": true,\r\n          \"facetable\": true,\r\n          \"key\": false,\r\n          \"indexAnalyzer\": null,\r\n          \"searchAnalyzer\": null,\r\n          \"analyzer\": null,\r\n          \"synonymMaps\": []\r\n        },\r\n        {\r\n          \"name\": \"stateProvince\",\r\n          \"type\": \"Edm.String\",\r\n          \"searchable\": true,\r\n          \"filterable\": true,\r\n          \"retrievable\": true,\r\n          \"sortable\": true,\r\n          \"facetable\": true,\r\n          \"key\": false,\r\n          \"indexAnalyzer\": null,\r\n          \"searchAnalyzer\": null,\r\n          \"analyzer\": null,\r\n          \"synonymMaps\": []\r\n        },\r\n        {\r\n          \"name\": \"country\",\r\n          \"type\": \"Edm.String\",\r\n          \"searchable\": true,\r\n          \"filterable\": true,\r\n          \"retrievable\": true,\r\n          \"sortable\": true,\r\n          \"facetable\": true,\r\n          \"key\": false,\r\n          \"indexAnalyzer\": null,\r\n          \"searchAnalyzer\": null,\r\n          \"analyzer\": null,\r\n          \"synonymMaps\": []\r\n        },\r\n        {\r\n          \"name\": \"postalCode\",\r\n          \"type\": \"Edm.String\",\r\n          \"searchable\": true,\r\n          \"filterable\": true,\r\n          \"retrievable\": true,\r\n          \"sortable\": true,\r\n          \"facetable\": true,\r\n          \"key\": false,\r\n          \"indexAnalyzer\": null,\r\n          \"searchAnalyzer\": null,\r\n          \"analyzer\": null,\r\n          \"synonymMaps\": []\r\n        }\r\n      ]\r\n    },\r\n    {\r\n      \"name\": \"rooms\",\r\n      \"type\": \"Collection(Edm.ComplexType)\",\r\n      \"fields\": [\r\n        {\r\n          \"name\": \"description\",\r\n          \"type\": \"Edm.String\",\r\n          \"searchable\": true,\r\n          \"filterable\": false,\r\n          \"retrievable\": true,\r\n          \"sortable\": false,\r\n          \"facetable\": false,\r\n          \"key\": false,\r\n          \"indexAnalyzer\": null,\r\n          \"searchAnalyzer\": null,\r\n          \"analyzer\": \"en.lucene\",\r\n          \"synonymMaps\": []\r\n        },\r\n        {\r\n          \"name\": \"descriptionFr\",\r\n          \"type\": \"Edm.String\",\r\n          \"searchable\": true,\r\n          \"filterable\": false,\r\n          \"retrievable\": true,\r\n          \"sortable\": false,\r\n          \"facetable\": false,\r\n          \"key\": false,\r\n          \"indexAnalyzer\": null,\r\n          \"searchAnalyzer\": null,\r\n          \"analyzer\": \"fr.lucene\",\r\n          \"synonymMaps\": []\r\n        },\r\n        {\r\n          \"name\": \"type\",\r\n          \"type\": \"Edm.String\",\r\n          \"searchable\": true,\r\n          \"filterable\": true,\r\n          \"retrievable\": true,\r\n          \"sortable\": false,\r\n          \"facetable\": true,\r\n          \"key\": false,\r\n          \"indexAnalyzer\": null,\r\n          \"searchAnalyzer\": null,\r\n          \"analyzer\": null,\r\n          \"synonymMaps\": []\r\n        },\r\n        {\r\n          \"name\": \"baseRate\",\r\n          \"type\": \"Edm.Double\",\r\n          \"searchable\": false,\r\n          \"filterable\": true,\r\n          \"retrievable\": true,\r\n          \"sortable\": false,\r\n          \"facetable\": true,\r\n          \"key\": false,\r\n          \"indexAnalyzer\": null,\r\n          \"searchAnalyzer\": null,\r\n          \"analyzer\": null,\r\n          \"synonymMaps\": []\r\n        },\r\n        {\r\n          \"name\": \"bedOptions\",\r\n          \"type\": \"Edm.String\",\r\n          \"searchable\": true,\r\n          \"filterable\": true,\r\n          \"retrievable\": true,\r\n          \"sortable\": false,\r\n          \"facetable\": true,\r\n          \"key\": false,\r\n          \"indexAnalyzer\": null,\r\n          \"searchAnalyzer\": null,\r\n          \"analyzer\": null,\r\n          \"synonymMaps\": []\r\n        },\r\n        {\r\n          \"name\": \"sleepsCount\",\r\n          \"type\": \"Edm.Int32\",\r\n          \"searchable\": false,\r\n          \"filterable\": true,\r\n          \"retrievable\": true,\r\n          \"sortable\": false,\r\n          \"facetable\": true,\r\n          \"key\": false,\r\n          \"indexAnalyzer\": null,\r\n          \"searchAnalyzer\": null,\r\n          \"analyzer\": null,\r\n          \"synonymMaps\": []\r\n        },\r\n        {\r\n          \"name\": \"smokingAllowed\",\r\n          \"type\": \"Edm.Boolean\",\r\n          \"searchable\": false,\r\n          \"filterable\": true,\r\n          \"retrievable\": true,\r\n          \"sortable\": false,\r\n          \"facetable\": true,\r\n          \"key\": false,\r\n          \"indexAnalyzer\": null,\r\n          \"searchAnalyzer\": null,\r\n          \"analyzer\": null,\r\n          \"synonymMaps\": []\r\n        },\r\n        {\r\n          \"name\": \"tags\",\r\n          \"type\": \"Collection(Edm.String)\",\r\n          \"searchable\": true,\r\n          \"filterable\": true,\r\n          \"retrievable\": true,\r\n          \"sortable\": false,\r\n          \"facetable\": true,\r\n          \"key\": false,\r\n          \"indexAnalyzer\": null,\r\n          \"searchAnalyzer\": null,\r\n          \"analyzer\": null,\r\n          \"synonymMaps\": []\r\n        }\r\n      ]\r\n    }\r\n  ],\r\n  \"scoringProfiles\": [],\r\n  \"corsOptions\": null,\r\n  \"suggesters\": [],\r\n  \"analyzers\": [],\r\n  \"tokenizers\": [],\r\n  \"tokenFilters\": [],\r\n  \"charFilters\": [],\r\n  \"encryptionKey\": null\r\n}",
      "StatusCode": 200
    },
    {
      "RequestUri": "/subscriptions/3c729b2a-4f86-4bb2-abe8-4b8647af156c/resourceGroups/azsmnet3304/providers/Microsoft.Search/searchServices/azs-3469?api-version=2020-08-01",
      "EncodedRequestUri": "L3N1YnNjcmlwdGlvbnMvM2M3MjliMmEtNGY4Ni00YmIyLWFiZTgtNGI4NjQ3YWYxNTZjL3Jlc291cmNlR3JvdXBzL2F6c21uZXQzMzA0L3Byb3ZpZGVycy9NaWNyb3NvZnQuU2VhcmNoL3NlYXJjaFNlcnZpY2VzL2F6cy0zNDY5P2FwaS12ZXJzaW9uPTIwMjAtMDgtMDE=",
      "RequestMethod": "DELETE",
      "RequestBody": "",
      "RequestHeaders": {
        "x-ms-client-request-id": [
          "65a8a2b2-9ac4-46dd-946d-a84770e5c0f9"
        ],
        "Accept-Language": [
          "en-US"
        ],
        "User-Agent": [
          "FxVersion/4.6.29017.01",
          "OSName/Windows",
          "OSVersion/Microsoft.Windows.10.0.18363.",
          "Microsoft.Azure.Management.Search.SearchManagementClient/4.0.0.0"
        ]
      },
      "ResponseHeaders": {
        "Cache-Control": [
          "no-cache"
        ],
        "Pragma": [
          "no-cache"
        ],
        "x-ms-ratelimit-remaining-subscription-deletes": [
          "14992"
        ],
        "x-ms-request-id": [
          "5ce6ee4b-3a6a-431c-ae1a-1c7277fff200"
        ],
        "x-ms-correlation-request-id": [
          "5ce6ee4b-3a6a-431c-ae1a-1c7277fff200"
        ],
        "x-ms-routing-request-id": [
          "NORTHEUROPE:20200808T093926Z:5ce6ee4b-3a6a-431c-ae1a-1c7277fff200"
        ],
        "Strict-Transport-Security": [
          "max-age=31536000; includeSubDomains"
        ],
        "X-Content-Type-Options": [
          "nosniff"
        ],
        "Date": [
          "Sat, 08 Aug 2020 09:39:25 GMT"
        ],
        "Expires": [
          "-1"
        ]
      },
      "ResponseBody": "",
      "StatusCode": 204
    }
  ],
  "Names": {
    "GenerateName": [
      "azsmnet3304",
      "azsmnet6257",
      "azsmnet7164"
    ],
    "GenerateServiceName": [
      "azs-3469"
    ]
  },
  "Variables": {
    "SubscriptionId": "3c729b2a-4f86-4bb2-abe8-4b8647af156c"
  }
}