{
  "Entries": [
    {
      "RequestUri": "https://fakeHost.api.wus2.digitaltwins.azure.net/models/dtmi%3Aexample%3Awifi%3B110151006?includeModelDefinition=true\u0026api-version=2023-06-30",
      "RequestMethod": "GET",
      "RequestHeaders": {
        "Accept": "application/json",
        "Authorization": "Sanitized",
        "traceparent": "00-3b2ec1fe59c18f5efc784ddd3d7f9238-be4ea2ed6afb6b40-00",
        "User-Agent": "azsdk-net-DigitalTwins.Core/1.5.0-alpha.20230518.1 (.NET 6.0.16; Microsoft Windows 10.0.22621)",
        "x-ms-client-request-id": "98a10833dea057c4628851686baedcd0",
        "x-ms-return-client-request-id": "true"
      },
      "RequestBody": null,
      "StatusCode": 404,
      "ResponseHeaders": {
        "Content-Length": "212",
        "Content-Type": "application/json; charset=utf-8",
        "Date": "Thu, 18 May 2023 23:07:51 GMT",
        "mise-correlation-id": "f206edb4-3e1d-4052-a62c-4653127e22fc",
        "Strict-Transport-Security": "max-age=2592000",
        "traceresponse": "00-3b2ec1fe59c18f5efc784ddd3d7f9238-eb563fd518b84a0d-01",
        "x-ms-error-code": "ModelNotFound"
      },
      "ResponseBody": {
        "error": {
          "code": "ModelNotFound",
          "message": "There is no Model(s) available that matches the provided id(s) dtmi:example:wifi;110151006. Check that the Model ID provided is valid by doing a Model_List API call."
        }
      }
    },
    {
      "RequestUri": "https://fakeHost.api.wus2.digitaltwins.azure.net/models/dtmi%3Aexample%3Awifiroom%3B18623?includeModelDefinition=true\u0026api-version=2023-06-30",
      "RequestMethod": "GET",
      "RequestHeaders": {
        "Accept": "application/json",
        "Authorization": "Sanitized",
        "traceparent": "00-3629bb6006bbb146c7efd4c7ec504b80-d10e59112bb42080-00",
        "User-Agent": "azsdk-net-DigitalTwins.Core/1.5.0-alpha.20230518.1 (.NET 6.0.16; Microsoft Windows 10.0.22621)",
        "x-ms-client-request-id": "e4ff3c7b152e994239b97515722256c5",
        "x-ms-return-client-request-id": "true"
      },
      "RequestBody": null,
      "StatusCode": 404,
      "ResponseHeaders": {
        "Content-Length": "212",
        "Content-Type": "application/json; charset=utf-8",
        "Date": "Thu, 18 May 2023 23:07:51 GMT",
        "mise-correlation-id": "3490cae4-cadc-4ed3-a291-b7fcec734353",
        "Strict-Transport-Security": "max-age=2592000",
        "traceresponse": "00-3629bb6006bbb146c7efd4c7ec504b80-7b271d05f6fa3780-01",
        "x-ms-error-code": "ModelNotFound"
      },
      "ResponseBody": {
        "error": {
          "code": "ModelNotFound",
          "message": "There is no Model(s) available that matches the provided id(s) dtmi:example:wifiroom;18623. Check that the Model ID provided is valid by doing a Model_List API call."
        }
      }
    },
    {
      "RequestUri": "https://fakeHost.api.wus2.digitaltwins.azure.net/digitaltwins/roomWithWifiTwin1559966150?api-version=2023-06-30",
      "RequestMethod": "GET",
      "RequestHeaders": {
        "Accept": "application/json",
        "Authorization": "Sanitized",
        "traceparent": "00-29145aaad3c6693a3f83615e7f410ad9-3354375ba1e8a464-00",
        "User-Agent": "azsdk-net-DigitalTwins.Core/1.5.0-alpha.20230518.1 (.NET 6.0.16; Microsoft Windows 10.0.22621)",
        "x-ms-client-request-id": "eb5c18be61112909a8452eeb791d95fd",
        "x-ms-return-client-request-id": "true"
      },
      "RequestBody": null,
      "StatusCode": 404,
      "ResponseHeaders": {
        "Content-Length": "280",
        "Content-Type": "application/json; charset=utf-8",
        "Date": "Thu, 18 May 2023 23:07:51 GMT",
        "mise-correlation-id": "a3ee9b34-f12c-43b8-b93b-bb5d03c16c6a",
        "Strict-Transport-Security": "max-age=2592000",
        "traceresponse": "00-29145aaad3c6693a3f83615e7f410ad9-8612c962121bc046-01",
        "x-ms-error-code": "DigitalTwinNotFound"
      },
      "ResponseBody": {
        "error": {
          "code": "DigitalTwinNotFound",
          "message": "There is no digital twin instance that exists with the ID roomWithWifiTwin1559966150. Please verify that the twin id is valid and ensure that the twin is not deleted. See section on querying the twins https://aka.ms/adtv2query."
        }
      }
    },
    {
      "RequestUri": "https://fakeHost.api.wus2.digitaltwins.azure.net/models?api-version=2023-06-30",
      "RequestMethod": "POST",
      "RequestHeaders": {
        "Accept": "application/json",
        "Authorization": "Sanitized",
        "Content-Length": "1139",
        "Content-Type": "application/json",
        "traceparent": "00-0e64e9d28ced2dca53339b63e19d0b15-fb87ea4321bae2cb-00",
        "User-Agent": "azsdk-net-DigitalTwins.Core/1.5.0-alpha.20230518.1 (.NET 6.0.16; Microsoft Windows 10.0.22621)",
        "x-ms-client-request-id": "9a8a08d305fc5ff2fe66244e42ef65fb",
        "x-ms-return-client-request-id": "true"
      },
      "RequestBody": "[{    \u0022@id\u0022: \u0022dtmi:example:wifiroom;18623\u0022,    \u0022@type\u0022: \u0022Interface\u0022,    \u0022displayName\u0022: \u0022RoomWithWifi\u0022,    \u0022contents\u0022: [        {            \u0022@type\u0022: \u0022Property\u0022,            \u0022name\u0022: \u0022Temperature\u0022,            \u0022schema\u0022: \u0022double\u0022        },        {            \u0022@type\u0022: \u0022Property\u0022,            \u0022name\u0022: \u0022Humidity\u0022,            \u0022schema\u0022: \u0022double\u0022        },        {            \u0022@type\u0022: \u0022Property\u0022,            \u0022name\u0022: \u0022IsOccupied\u0022,            \u0022schema\u0022: \u0022boolean\u0022        },        {            \u0022@type\u0022: \u0022Property\u0022,            \u0022name\u0022: \u0022EmployeeId\u0022,            \u0022schema\u0022: \u0022string\u0022        },        {            \u0022@type\u0022: \u0022Component\u0022,            \u0022name\u0022: \u0022wifiAccessPoint\u0022,            \u0022schema\u0022: \u0022dtmi:example:wifi;110151006\u0022        }    ],    \u0022@context\u0022: \u0022dtmi:dtdl:context;2\u0022},{    \u0022@id\u0022: \u0022dtmi:example:wifi;110151006\u0022,    \u0022@type\u0022: \u0022Interface\u0022,    \u0022@context\u0022: \u0022dtmi:dtdl:context;2\u0022,    \u0022displayName\u0022: \u0022Wifi\u0022,    \u0022contents\u0022: [        {            \u0022@type\u0022: \u0022Property\u0022,            \u0022name\u0022: \u0022RouterName\u0022,            \u0022schema\u0022: \u0022string\u0022        },        {            \u0022@type\u0022: \u0022Property\u0022,            \u0022name\u0022: \u0022Network\u0022,            \u0022schema\u0022: \u0022string\u0022        }    ]}]",
      "StatusCode": 201,
      "ResponseHeaders": {
        "Content-Length": "317",
        "Content-Type": "application/json; charset=utf-8",
        "Date": "Thu, 18 May 2023 23:07:52 GMT",
        "mise-correlation-id": "2c43575a-651d-4d6e-a1a0-a88c35dafd09",
        "Strict-Transport-Security": "max-age=2592000",
        "traceresponse": "00-0e64e9d28ced2dca53339b63e19d0b15-3f7fcb2cb51c5b3a-01"
      },
      "ResponseBody": "[{\u0022id\u0022:\u0022dtmi:example:wifiroom;18623\u0022,\u0022description\u0022:{},\u0022displayName\u0022:{\u0022en\u0022:\u0022RoomWithWifi\u0022},\u0022decommissioned\u0022:false,\u0022uploadTime\u0022:\u00222023-05-18T23:07:53.0653687\u002B00:00\u0022},{\u0022id\u0022:\u0022dtmi:example:wifi;110151006\u0022,\u0022description\u0022:{},\u0022displayName\u0022:{\u0022en\u0022:\u0022Wifi\u0022},\u0022decommissioned\u0022:false,\u0022uploadTime\u0022:\u00222023-05-18T23:07:53.0657101\u002B00:00\u0022}]"
    },
    {
      "RequestUri": "https://fakeHost.api.wus2.digitaltwins.azure.net/models?includeModelDefinition=false\u0026api-version=2023-06-30",
      "RequestMethod": "GET",
      "RequestHeaders": {
        "Accept": "application/json",
        "Authorization": "Sanitized",
        "traceparent": "00-71c9bd05516892f5e8e6c24572dbfd40-aec6c4c05caa49e3-00",
        "User-Agent": "azsdk-net-DigitalTwins.Core/1.5.0-alpha.20230518.1 (.NET 6.0.16; Microsoft Windows 10.0.22621)",
        "x-ms-client-request-id": "c4f0a4a31474db6af6ba86cf13aec09b",
        "x-ms-return-client-request-id": "true"
      },
      "RequestBody": null,
      "StatusCode": 200,
      "ResponseHeaders": {
        "Content-Length": "2997",
        "Content-Type": "application/json; charset=utf-8",
        "Date": "Thu, 18 May 2023 23:07:52 GMT",
        "mise-correlation-id": "aa1c0227-fe88-4346-88d9-1685e7e51f1a",
        "Strict-Transport-Security": "max-age=2592000",
        "traceresponse": "00-71c9bd05516892f5e8e6c24572dbfd40-f0480e50e53384a4-01"
      },
      "ResponseBody": {
        "value": [
          {
            "id": "dtmi:com:microsoft:azure:iot:demomodel900;1",
            "description": {
              "en": "This is the description of model"
            },
            "displayName": {
              "en": "This is the display name"
            },
            "decommissioned": false,
            "uploadTime": "2023-05-18T00:40:07.4729517\u002B00:00"
          },
          {
            "id": "dtmi:com:microsoft:azure:iot:model0;1",
            "description": {
              "en": "This is the description of model"
            },
            "displayName": {
              "en": "This is the display name"
            },
            "decommissioned": false,
            "uploadTime": "2023-05-18T00:50:17.6199536\u002B00:00"
          },
          {
            "id": "dtmi:com:microsoft:azure:iot:model1;1",
            "description": {
              "en": "This is the description of model"
            },
            "displayName": {
              "en": "This is the display name"
            },
            "decommissioned": false,
            "uploadTime": "2023-05-18T00:50:17.6199978\u002B00:00"
          },
          {
            "id": "dtmi:example:room;157166615",
            "description": {
              "en": "An enclosure inside a building."
            },
            "displayName": {
              "en": "Room"
            },
            "decommissioned": false,
            "uploadTime": "2023-05-18T19:05:17.2077633\u002B00:00"
          },
          {
            "id": "dtmi:example:room;116388785",
            "description": {
              "en": "An enclosure inside a building."
            },
            "displayName": {
              "en": "Room"
            },
            "decommissioned": false,
            "uploadTime": "2023-05-18T19:05:17.5012549\u002B00:00"
          },
          {
            "id": "dtmi:example:Ward;112570519",
            "description": {
              "en": "A separate partition in a building, made of rooms and hallways."
            },
            "displayName": {
              "en": "Ward"
            },
            "decommissioned": false,
            "uploadTime": "2023-05-18T19:05:24.1911536\u002B00:00"
          },
          {
            "id": "dtmi:example:Ward;144044622",
            "description": {
              "en": "A separate partition in a building, made of rooms and hallways."
            },
            "displayName": {
              "en": "Ward"
            },
            "decommissioned": false,
            "uploadTime": "2023-05-18T19:05:24.5014954\u002B00:00"
          },
          {
            "id": "dtmi:example:Ward;177557074",
            "description": {
              "en": "A separate partition in a building, made of rooms and hallways."
            },
            "displayName": {
              "en": "Ward"
            },
            "decommissioned": false,
            "uploadTime": "2023-05-18T19:05:27.6588992\u002B00:00"
          },
          {
            "id": "dtmi:example:Ward;17591460",
            "description": {
              "en": "A separate partition in a building, made of rooms and hallways."
            },
            "displayName": {
              "en": "Ward"
            },
            "decommissioned": false,
            "uploadTime": "2023-05-18T19:05:27.8311766\u002B00:00"
          },
          {
            "id": "dtmi:example:room;174924936",
            "description": {
              "en": "An enclosure inside a building."
            },
            "displayName": {
              "en": "Room"
            },
            "decommissioned": false,
            "uploadTime": "2023-05-18T23:07:52.9266624\u002B00:00"
          },
          {
            "id": "dtmi:example:wifiroom;12071",
            "description": {},
            "displayName": {
              "en": "RoomWithWifi"
            },
            "decommissioned": false,
            "uploadTime": "2023-05-18T23:07:53.0391737\u002B00:00"
          },
          {
            "id": "dtmi:example:wifi;120022311",
            "description": {},
            "displayName": {
              "en": "Wifi"
            },
            "decommissioned": false,
            "uploadTime": "2023-05-18T23:07:53.0392255\u002B00:00"
          },
          {
            "id": "dtmi:example:wifiroom;18623",
            "description": {},
            "displayName": {
              "en": "RoomWithWifi"
            },
            "decommissioned": false,
            "uploadTime": "2023-05-18T23:07:53.0653687\u002B00:00"
          },
          {
            "id": "dtmi:example:wifi;110151006",
            "description": {},
            "displayName": {
              "en": "Wifi"
            },
            "decommissioned": false,
            "uploadTime": "2023-05-18T23:07:53.0657101\u002B00:00"
          },
          {
            "id": "dtmi:example:room;169555682",
            "description": {
              "en": "An enclosure inside a building."
            },
            "displayName": {
              "en": "Room"
            },
            "decommissioned": false,
            "uploadTime": "2023-05-18T23:07:53.2154519\u002B00:00"
          }
        ],
        "nextLink": null
      }
    },
    {
      "RequestUri": "https://fakeHost.api.wus2.digitaltwins.azure.net/digitaltwins/roomWithWifiTwin1559966150?api-version=2023-06-30",
      "RequestMethod": "PUT",
      "RequestHeaders": {
        "Accept": "application/json",
        "Authorization": "Sanitized",
        "Content-Length": "229",
        "Content-Type": "application/json",
        "traceparent": "00-c0fd33bf9c360d2665692f89394f0a6c-524a2b4f2741cef8-00",
        "User-Agent": "azsdk-net-DigitalTwins.Core/1.5.0-alpha.20230518.1 (.NET 6.0.16; Microsoft Windows 10.0.22621)",
        "x-ms-client-request-id": "1a9f17e02accb9c925fcecaa3cbae7b8",
        "x-ms-return-client-request-id": "true"
      },
      "RequestBody": {
        "$dtId": null,
        "$etag": null,
        "Temperature": 80,
        "Humidity": 25,
        "IsOccupied": true,
        "EmployeeId": "Employee1",
        "wifiAccessPoint": {
          "$metadata": {},
          "RouterName": "Cisco1",
          "Network": "Room1"
        },
        "$metadata": {
          "$model": "dtmi:example:wifiroom;18623"
        }
      },
      "StatusCode": 200,
      "ResponseHeaders": {
        "Content-Length": "764",
        "Content-Type": "application/json; charset=utf-8",
        "Date": "Thu, 18 May 2023 23:07:52 GMT",
        "ETag": "W/\u0022234f742b-41e1-4722-884a-9b83a0a26684\u0022",
        "mise-correlation-id": "95aa6862-d73c-445e-8f00-8d5098087f8f",
        "Strict-Transport-Security": "max-age=2592000",
        "traceresponse": "00-c0fd33bf9c360d2665692f89394f0a6c-4b375861573d5782-01"
      },
      "ResponseBody": {
        "$dtId": "roomWithWifiTwin1559966150",
        "$etag": "W/\u0022234f742b-41e1-4722-884a-9b83a0a26684\u0022",
        "Temperature": 80,
        "Humidity": 25,
        "IsOccupied": true,
        "EmployeeId": "Employee1",
        "wifiAccessPoint": {
          "RouterName": "Cisco1",
          "Network": "Room1",
          "$metadata": {
            "$lastUpdateTime": "2023-05-18T23:07:53.4354498Z",
            "RouterName": {
              "lastUpdateTime": "2023-05-18T23:07:53.4354498Z"
            },
            "Network": {
              "lastUpdateTime": "2023-05-18T23:07:53.4354498Z"
            }
          }
        },
        "$metadata": {
          "$model": "dtmi:example:wifiroom;18623",
          "$lastUpdateTime": "2023-05-18T23:07:53.4354498Z",
          "Temperature": {
            "lastUpdateTime": "2023-05-18T23:07:53.4354498Z"
          },
          "Humidity": {
            "lastUpdateTime": "2023-05-18T23:07:53.4354498Z"
          },
          "IsOccupied": {
            "lastUpdateTime": "2023-05-18T23:07:53.4354498Z"
          },
          "EmployeeId": {
            "lastUpdateTime": "2023-05-18T23:07:53.4354498Z"
          }
        }
      }
    },
    {
      "RequestUri": "https://fakeHost.api.wus2.digitaltwins.azure.net/digitaltwins/roomWithWifiTwin1559966150/components/wifiAccessPoint?api-version=2023-06-30",
      "RequestMethod": "GET",
      "RequestHeaders": {
        "Accept": "application/json",
        "Authorization": "Sanitized",
        "traceparent": "00-994800df16de6c0d0976e88950436551-5ed0529382a024bd-00",
        "User-Agent": "azsdk-net-DigitalTwins.Core/1.5.0-alpha.20230518.1 (.NET 6.0.16; Microsoft Windows 10.0.22621)",
        "x-ms-client-request-id": "d44733e0d12dbe899daea4417e224b50",
        "x-ms-return-client-request-id": "true"
      },
      "RequestBody": null,
      "StatusCode": 200,
      "ResponseHeaders": {
        "Content-Length": "227",
        "Content-Type": "application/json; charset=utf-8",
        "Date": "Thu, 18 May 2023 23:07:52 GMT",
        "ETag": "W/\u0022234f742b-41e1-4722-884a-9b83a0a26684\u0022",
        "mise-correlation-id": "85fd7312-3a31-47ce-acdc-c53da7098127",
        "Strict-Transport-Security": "max-age=2592000",
        "traceresponse": "00-994800df16de6c0d0976e88950436551-7d401d51ed7ee027-01"
      },
      "ResponseBody": {
        "RouterName": "Cisco1",
        "Network": "Room1",
        "$metadata": {
          "$lastUpdateTime": "2023-05-18T23:07:53.4354498Z",
          "RouterName": {
            "lastUpdateTime": "2023-05-18T23:07:53.4354498Z"
          },
          "Network": {
            "lastUpdateTime": "2023-05-18T23:07:53.4354498Z"
          }
        }
      }
    },
    {
      "RequestUri": "https://fakeHost.api.wus2.digitaltwins.azure.net/digitaltwins/roomWithWifiTwin1559966150/components/wifiAccessPoint?api-version=2023-06-30",
      "RequestMethod": "PATCH",
      "RequestHeaders": {
        "Accept": "application/json",
        "Authorization": "Sanitized",
        "Content-Length": "58",
        "Content-Type": "application/json-patch\u002Bjson",
        "traceparent": "00-fbecfdca28f6b520b7daf19e27ae0fa8-230be9839a4c804d-00",
        "User-Agent": "azsdk-net-DigitalTwins.Core/1.5.0-alpha.20230518.1 (.NET 6.0.16; Microsoft Windows 10.0.22621)",
        "x-ms-client-request-id": "2b6e88a54a50792eda369e7728c09e3b",
        "x-ms-return-client-request-id": "true"
      },
      "RequestBody": "[{\u0022op\u0022:\u0022replace\u0022,\u0022path\u0022:\u0022/Network\u0022,\u0022value\u0022:\u0022New Network\u0022}]",
      "StatusCode": 204,
      "ResponseHeaders": {
        "Content-Length": "0",
        "Date": "Thu, 18 May 2023 23:07:52 GMT",
        "ETag": "W/\u00220302e388-6fad-44db-b143-fb8cb180d0fe\u0022",
        "mise-correlation-id": "cb5cbd52-fc6a-423c-90b7-18d8e2e6d114",
        "Strict-Transport-Security": "max-age=2592000",
        "traceresponse": "00-fbecfdca28f6b520b7daf19e27ae0fa8-80072f850927d23a-01"
      },
      "ResponseBody": null
    },
    {
      "RequestUri": "https://fakeHost.api.wus2.digitaltwins.azure.net/digitaltwins/roomWithWifiTwin1559966150?api-version=2023-06-30",
      "RequestMethod": "DELETE",
      "RequestHeaders": {
        "Accept": "application/json",
        "Authorization": "Sanitized",
        "traceparent": "00-fd7a84ac598cd8fad233de1b28bd2df9-f482bc439db6cd2a-00",
        "User-Agent": "azsdk-net-DigitalTwins.Core/1.5.0-alpha.20230518.1 (.NET 6.0.16; Microsoft Windows 10.0.22621)",
        "x-ms-client-request-id": "dfefcdd3ec660f6d8de07c1d86883a03",
        "x-ms-return-client-request-id": "true"
      },
      "RequestBody": null,
      "StatusCode": 204,
      "ResponseHeaders": {
        "Content-Length": "0",
        "Date": "Thu, 18 May 2023 23:07:53 GMT",
        "mise-correlation-id": "7f2ffb05-6f54-4f15-9316-6812c299df28",
        "Strict-Transport-Security": "max-age=2592000",
        "traceresponse": "00-fd7a84ac598cd8fad233de1b28bd2df9-3984bced380ffdd7-01"
      },
      "ResponseBody": null
    },
    {
      "RequestUri": "https://fakeHost.api.wus2.digitaltwins.azure.net/models/dtmi%3Aexample%3Awifiroom%3B18623?api-version=2023-06-30",
      "RequestMethod": "DELETE",
      "RequestHeaders": {
        "Accept": "application/json",
        "Authorization": "Sanitized",
        "traceparent": "00-7e1d9f37bc263d351bff00edde575d93-fcd79c97d643c236-00",
        "User-Agent": "azsdk-net-DigitalTwins.Core/1.5.0-alpha.20230518.1 (.NET 6.0.16; Microsoft Windows 10.0.22621)",
        "x-ms-client-request-id": "b3049bb0bc4c966805cef9f7321196dd",
        "x-ms-return-client-request-id": "true"
      },
      "RequestBody": null,
      "StatusCode": 204,
      "ResponseHeaders": {
        "Content-Length": "0",
        "Date": "Thu, 18 May 2023 23:07:53 GMT",
        "mise-correlation-id": "ed909363-5ae4-4a69-b65b-a84ad115d7e4",
        "Strict-Transport-Security": "max-age=2592000",
        "traceresponse": "00-7e1d9f37bc263d351bff00edde575d93-50a8158eb55a73a5-01"
      },
      "ResponseBody": null
    },
    {
      "RequestUri": "https://fakeHost.api.wus2.digitaltwins.azure.net/models/dtmi%3Aexample%3Awifi%3B110151006?api-version=2023-06-30",
      "RequestMethod": "DELETE",
      "RequestHeaders": {
        "Accept": "application/json",
        "Authorization": "Sanitized",
        "traceparent": "00-f2cebdddd9efe1f46e4a775d1240ee9d-8f7dc980de0751f6-00",
        "User-Agent": "azsdk-net-DigitalTwins.Core/1.5.0-alpha.20230518.1 (.NET 6.0.16; Microsoft Windows 10.0.22621)",
        "x-ms-client-request-id": "b06e680f6b33b9e91b5f9d6fce11f252",
        "x-ms-return-client-request-id": "true"
      },
      "RequestBody": null,
      "StatusCode": 204,
      "ResponseHeaders": {
        "Content-Length": "0",
        "Date": "Thu, 18 May 2023 23:07:53 GMT",
        "mise-correlation-id": "2dc8f920-2df8-43cc-8725-b1f4fcf7e075",
        "Strict-Transport-Security": "max-age=2592000",
        "traceresponse": "00-f2cebdddd9efe1f46e4a775d1240ee9d-9d2a82f4e1630e88-01"
      },
      "ResponseBody": null
    }
  ],
  "Variables": {
    "AZURE_AUTHORITY_HOST": null,
    "DIGITALTWINS_URL": "https://fakeHost.api.wus2.digitaltwins.azure.net",
    "RandomSeed": "691519620"
  }
}
