{
  "Entries": [
    {
      "RequestUri": "/subscriptions/8c39d797-d54a-4a41-9ade-2eea7c88f549/providers/Microsoft.StorageCache/register?api-version=2015-11-01",
      "EncodedRequestUri": "L3N1YnNjcmlwdGlvbnMvOGMzOWQ3OTctZDU0YS00YTQxLTlhZGUtMmVlYTdjODhmNTQ5L3Byb3ZpZGVycy9NaWNyb3NvZnQuU3RvcmFnZUNhY2hlL3JlZ2lzdGVyP2FwaS12ZXJzaW9uPTIwMTUtMTEtMDE=",
      "RequestMethod": "POST",
      "RequestBody": "",
      "RequestHeaders": {
        "x-ms-client-request-id": [
          "e25906dd-f3cc-4214-bbfc-60189691310c"
        ],
        "Accept-Language": [
          "en-US"
        ],
        "User-Agent": [
          "FxVersion/4.6.28008.01",
          "OSName/Windows",
          "OSVersion/Microsoft.Windows.10.0.18362.",
          "Microsoft.Azure.Management.Resources.ResourceManagementClient/1.0.0.0"
        ]
      },
      "ResponseHeaders": {
        "Cache-Control": [
          "no-cache"
        ],
        "Pragma": [
          "no-cache"
        ],
        "x-ms-ratelimit-remaining-subscription-writes": [
          "1198"
        ],
        "x-ms-request-id": [
          "11044107-d852-4bb3-9f56-0646557da0a5"
        ],
        "x-ms-correlation-request-id": [
          "11044107-d852-4bb3-9f56-0646557da0a5"
        ],
        "x-ms-routing-request-id": [
          "CANADACENTRAL:20191102T184151Z:11044107-d852-4bb3-9f56-0646557da0a5"
        ],
        "Strict-Transport-Security": [
          "max-age=31536000; includeSubDomains"
        ],
        "X-Content-Type-Options": [
          "nosniff"
        ],
        "Date": [
          "Sat, 02 Nov 2019 18:41:50 GMT"
        ],
        "Content-Length": [
          "1390"
        ],
        "Content-Type": [
          "application/json; charset=utf-8"
        ],
        "Expires": [
          "-1"
        ]
      },
      "ResponseBody": "{\r\n  \"id\": \"/subscriptions/8c39d797-d54a-4a41-9ade-2eea7c88f549/providers/Microsoft.StorageCache\",\r\n  \"namespace\": \"Microsoft.StorageCache\",\r\n  \"authorizations\": [\r\n    {\r\n      \"applicationId\": \"4392ab71-2ce2-4b0d-8770-b352745c73f5\",\r\n      \"roleDefinitionId\": \"e27430df-bd6b-4f3a-bd6d-d52ad1a7d075\"\r\n    }\r\n  ],\r\n  \"resourceTypes\": [\r\n    {\r\n      \"resourceType\": \"operations\",\r\n      \"locations\": [\r\n        \"West Europe\",\r\n        \"North Europe\",\r\n        \"East US\",\r\n        \"West US 2\",\r\n        \"East US 2\",\r\n        \"Southeast Asia\"\r\n      ],\r\n      \"apiVersions\": [\r\n        \"2019-11-01\",\r\n        \"2019-08-01-preview\"\r\n      ]\r\n    },\r\n    {\r\n      \"resourceType\": \"caches\",\r\n      \"locations\": [\r\n        \"West Europe\",\r\n        \"North Europe\",\r\n        \"East US 2 EUAP\",\r\n        \"East US\",\r\n        \"West US 2\",\r\n        \"East US 2\",\r\n        \"Southeast Asia\"\r\n      ],\r\n      \"apiVersions\": [\r\n        \"2019-11-01\",\r\n        \"2019-08-01-preview\"\r\n      ],\r\n      \"capabilities\": \"None\"\r\n    },\r\n    {\r\n      \"resourceType\": \"caches/storageTargets\",\r\n      \"locations\": [\r\n        \"West Europe\",\r\n        \"North Europe\",\r\n        \"East US 2 EUAP\",\r\n        \"East US\",\r\n        \"West US 2\",\r\n        \"East US 2\",\r\n        \"Southeast Asia\"\r\n      ],\r\n      \"apiVersions\": [\r\n        \"2019-11-01\",\r\n        \"2019-08-01-preview\"\r\n      ]\r\n    },\r\n    {\r\n      \"resourceType\": \"usageModels\",\r\n      \"locations\": [\r\n        \"West Europe\",\r\n        \"North Europe\",\r\n        \"East US 2 EUAP\",\r\n        \"East US\",\r\n        \"West US 2\",\r\n        \"East US 2\",\r\n        \"Southeast Asia\"\r\n      ],\r\n      \"apiVersions\": [\r\n        \"2019-11-01\",\r\n        \"2019-08-01-preview\"\r\n      ]\r\n    },\r\n    {\r\n      \"resourceType\": \"locations\",\r\n      \"locations\": [],\r\n      \"apiVersions\": [\r\n        \"2019-11-01\",\r\n        \"2019-08-01-preview\"\r\n      ]\r\n    },\r\n    {\r\n      \"resourceType\": \"locations/ascoperations\",\r\n      \"locations\": [\r\n        \"West Europe\",\r\n        \"North Europe\",\r\n        \"East US 2 EUAP\",\r\n        \"East US\",\r\n        \"West US 2\",\r\n        \"East US 2\",\r\n        \"Southeast Asia\"\r\n      ],\r\n      \"apiVersions\": [\r\n        \"2019-11-01\",\r\n        \"2019-08-01-preview\"\r\n      ]\r\n    }\r\n  ],\r\n  \"registrationState\": \"Registered\"\r\n}",
      "StatusCode": 200
    },
    {
      "RequestUri": "/subscriptions/8c39d797-d54a-4a41-9ade-2eea7c88f549/providers/Microsoft.StorageCache?api-version=2015-11-01",
      "EncodedRequestUri": "L3N1YnNjcmlwdGlvbnMvOGMzOWQ3OTctZDU0YS00YTQxLTlhZGUtMmVlYTdjODhmNTQ5L3Byb3ZpZGVycy9NaWNyb3NvZnQuU3RvcmFnZUNhY2hlP2FwaS12ZXJzaW9uPTIwMTUtMTEtMDE=",
      "RequestMethod": "GET",
      "RequestBody": "",
      "RequestHeaders": {
        "x-ms-client-request-id": [
          "2e9a667d-ae0c-4480-8bbf-d31ae192de09"
        ],
        "Accept-Language": [
          "en-US"
        ],
        "User-Agent": [
          "FxVersion/4.6.28008.01",
          "OSName/Windows",
          "OSVersion/Microsoft.Windows.10.0.18362.",
          "Microsoft.Azure.Management.Resources.ResourceManagementClient/1.0.0.0"
        ]
      },
      "ResponseHeaders": {
        "Cache-Control": [
          "no-cache"
        ],
        "Pragma": [
          "no-cache"
        ],
        "x-ms-ratelimit-remaining-subscription-reads": [
          "11996"
        ],
        "x-ms-request-id": [
          "de5b0927-aaaa-44ef-ba89-d21a3361e6c7"
        ],
        "x-ms-correlation-request-id": [
          "de5b0927-aaaa-44ef-ba89-d21a3361e6c7"
        ],
        "x-ms-routing-request-id": [
          "CANADACENTRAL:20191102T184151Z:de5b0927-aaaa-44ef-ba89-d21a3361e6c7"
        ],
        "Strict-Transport-Security": [
          "max-age=31536000; includeSubDomains"
        ],
        "X-Content-Type-Options": [
          "nosniff"
        ],
        "Date": [
          "Sat, 02 Nov 2019 18:41:50 GMT"
        ],
        "Content-Type": [
          "application/json; charset=utf-8"
        ],
        "Expires": [
          "-1"
        ],
        "Content-Length": [
          "1390"
        ]
      },
      "ResponseBody": "{\r\n  \"id\": \"/subscriptions/8c39d797-d54a-4a41-9ade-2eea7c88f549/providers/Microsoft.StorageCache\",\r\n  \"namespace\": \"Microsoft.StorageCache\",\r\n  \"authorizations\": [\r\n    {\r\n      \"applicationId\": \"4392ab71-2ce2-4b0d-8770-b352745c73f5\",\r\n      \"roleDefinitionId\": \"e27430df-bd6b-4f3a-bd6d-d52ad1a7d075\"\r\n    }\r\n  ],\r\n  \"resourceTypes\": [\r\n    {\r\n      \"resourceType\": \"operations\",\r\n      \"locations\": [\r\n        \"West Europe\",\r\n        \"North Europe\",\r\n        \"East US\",\r\n        \"West US 2\",\r\n        \"East US 2\",\r\n        \"Southeast Asia\"\r\n      ],\r\n      \"apiVersions\": [\r\n        \"2019-11-01\",\r\n        \"2019-08-01-preview\"\r\n      ]\r\n    },\r\n    {\r\n      \"resourceType\": \"caches\",\r\n      \"locations\": [\r\n        \"West Europe\",\r\n        \"North Europe\",\r\n        \"East US 2 EUAP\",\r\n        \"East US\",\r\n        \"West US 2\",\r\n        \"East US 2\",\r\n        \"Southeast Asia\"\r\n      ],\r\n      \"apiVersions\": [\r\n        \"2019-11-01\",\r\n        \"2019-08-01-preview\"\r\n      ],\r\n      \"capabilities\": \"None\"\r\n    },\r\n    {\r\n      \"resourceType\": \"caches/storageTargets\",\r\n      \"locations\": [\r\n        \"West Europe\",\r\n        \"North Europe\",\r\n        \"East US 2 EUAP\",\r\n        \"East US\",\r\n        \"West US 2\",\r\n        \"East US 2\",\r\n        \"Southeast Asia\"\r\n      ],\r\n      \"apiVersions\": [\r\n        \"2019-11-01\",\r\n        \"2019-08-01-preview\"\r\n      ]\r\n    },\r\n    {\r\n      \"resourceType\": \"usageModels\",\r\n      \"locations\": [\r\n        \"West Europe\",\r\n        \"North Europe\",\r\n        \"East US 2 EUAP\",\r\n        \"East US\",\r\n        \"West US 2\",\r\n        \"East US 2\",\r\n        \"Southeast Asia\"\r\n      ],\r\n      \"apiVersions\": [\r\n        \"2019-11-01\",\r\n        \"2019-08-01-preview\"\r\n      ]\r\n    },\r\n    {\r\n      \"resourceType\": \"locations\",\r\n      \"locations\": [],\r\n      \"apiVersions\": [\r\n        \"2019-11-01\",\r\n        \"2019-08-01-preview\"\r\n      ]\r\n    },\r\n    {\r\n      \"resourceType\": \"locations/ascoperations\",\r\n      \"locations\": [\r\n        \"West Europe\",\r\n        \"North Europe\",\r\n        \"East US 2 EUAP\",\r\n        \"East US\",\r\n        \"West US 2\",\r\n        \"East US 2\",\r\n        \"Southeast Asia\"\r\n      ],\r\n      \"apiVersions\": [\r\n        \"2019-11-01\",\r\n        \"2019-08-01-preview\"\r\n      ]\r\n    }\r\n  ],\r\n  \"registrationState\": \"Registered\"\r\n}",
      "StatusCode": 200
    },
    {
      "RequestUri": "/subscriptions/8c39d797-d54a-4a41-9ade-2eea7c88f549/resourcegroups/hpc1102xa96a9202/providers/Microsoft.StorageCache/caches/Cache-hpc1102xa96a9202/storageTargets/invalidst?api-version=2019-11-01",
      "EncodedRequestUri": "L3N1YnNjcmlwdGlvbnMvOGMzOWQ3OTctZDU0YS00YTQxLTlhZGUtMmVlYTdjODhmNTQ5L3Jlc291cmNlZ3JvdXBzL2hwYzExMDJ4YTk2YTkyMDIvcHJvdmlkZXJzL01pY3Jvc29mdC5TdG9yYWdlQ2FjaGUvY2FjaGVzL0NhY2hlLWhwYzExMDJ4YTk2YTkyMDIvc3RvcmFnZVRhcmdldHMvaW52YWxpZHN0P2FwaS12ZXJzaW9uPTIwMTktMTEtMDE=",
      "RequestMethod": "PUT",
      "RequestBody": "{\r\n  \"properties\": {\r\n    \"junctions\": [\r\n      {\r\n        \"namespacePath\": \"/junction\",\r\n        \"targetPath\": \"/\"\r\n      }\r\n    ],\r\n    \"targetType\": \"clfs\",\r\n    \"clfs\": {\r\n      \"target\": \"/subscriptions/8c39d797-d54a-4a41-9ade-2eea7c88f549/resourceGroups/invalidrs/providers/Microsoft.Storage/storageAccounts/hpc1102xa96a9202/blobServices/default/containers/hpc1102xa96a9202\"\r\n    }\r\n  }\r\n}",
      "RequestHeaders": {
        "User-Agent": [
          "FxVersion/4.6.28008.01",
          "OSName/Windows",
          "OSVersion/Microsoft.Windows.10.0.18362.",
          "Microsoft.Azure.Management.StorageCache.StorageCacheManagementClient/1.0.0.0"
        ],
        "Content-Type": [
          "application/json; charset=utf-8"
        ],
        "Content-Length": [
          "395"
        ]
      },
      "ResponseHeaders": {
        "Cache-Control": [
          "no-cache"
        ],
        "Pragma": [
          "no-cache"
        ],
        "Strict-Transport-Security": [
          "max-age=31536000; includeSubDomains"
        ],
        "x-ms-served-by": [
          "dd1c0d98-d162-4ad5-ae73-6f518050efe2_132162261223809396,dd1c0d98-d162-4ad5-ae73-6f518050efe2_132162261223809396"
        ],
        "x-ms-request-id": [
          "116f7b63-4b52-41df-bf76-96d4513a074b"
        ],
        "Server": [
          "Microsoft-HTTPAPI/2.0",
          "Microsoft-HTTPAPI/2.0"
        ],
        "x-ms-ratelimit-remaining-subscription-writes": [
          "1195"
        ],
        "x-ms-correlation-request-id": [
          "2dff0237-577e-47bf-a39d-c73e40d5b4ea"
        ],
        "x-ms-routing-request-id": [
          "CANADACENTRAL:20191102T184151Z:2dff0237-577e-47bf-a39d-c73e40d5b4ea"
        ],
        "X-Content-Type-Options": [
          "nosniff"
        ],
        "Date": [
          "Sat, 02 Nov 2019 18:41:51 GMT"
        ],
        "Content-Length": [
          "203"
        ],
        "Content-Type": [
          "application/json; charset=utf-8"
        ],
        "Expires": [
          "-1"
        ]
      },
      "ResponseBody": "{\r\n  \"error\": {\r\n    \"code\": \"InvalidParameter\",\r\n    \"target\": \"storageTarget.clfs.target\",\r\n    \"message\": \"Target storage account or container does not exist or hasn't sufficient permissions.\"\r\n  }\r\n}",
      "StatusCode": 400
    }
  ],
  "Names": {},
  "Variables": {
    "SubscriptionId": "8c39d797-d54a-4a41-9ade-2eea7c88f549"
  }
}