{
  "Entries": [
    {
      "RequestUri": "https://management.azure.com/subscriptions/fb9e7fe1-af44-47ef-852d-2d086a069327?api-version=2021-01-01",
      "RequestMethod": "GET",
      "RequestHeaders": {
        "Accept": "application/json",
        "Authorization": "Sanitized",
        "traceparent": "00-5235265c9747364ebbab32eb6f2cacea-f0af50a87d44e846-00",
        "User-Agent": "azsdk-net-ResourceManager/1.2.1 (.NET Framework 4.8.9032.0; Microsoft Windows 10.0.22622 )",
        "x-ms-client-request-id": "6de53a7ebc0a70657c744d613df876ba",
        "x-ms-return-client-request-id": "true"
      },
      "RequestBody": null,
      "StatusCode": 200,
      "ResponseHeaders": {
        "Cache-Control": "no-cache",
        "Content-Length": "541",
        "Content-Type": "application/json; charset=utf-8",
        "Date": "Wed, 03 Aug 2022 04:49:06 GMT",
        "Expires": "-1",
        "Pragma": "no-cache",
        "Strict-Transport-Security": "max-age=31536000; includeSubDomains",
        "X-Content-Type-Options": "nosniff",
        "x-ms-correlation-request-id": "eb9956a1-d972-4d8e-b6ea-a1894cb027bf",
        "x-ms-ratelimit-remaining-subscription-reads": "11987",
        "x-ms-request-id": "eb9956a1-d972-4d8e-b6ea-a1894cb027bf",
        "x-ms-routing-request-id": "WESTUS2:20220803T044906Z:eb9956a1-d972-4d8e-b6ea-a1894cb027bf"
      },
      "ResponseBody": {
        "id": "/subscriptions/fb9e7fe1-af44-47ef-852d-2d086a069327",
        "authorizationSource": "RoleBased",
        "managedByTenants": [
          {
            "tenantId": "2f4a9838-26b7-47ee-be60-ccc1fdec5953"
          }
        ],
        "tags": {
          "NRMS12581055": "20220228",
          "NRMSBreakGlassNonHighRisk ": "NRMSBreakGlassNonHighRisk "
        },
        "subscriptionId": "fb9e7fe1-af44-47ef-852d-2d086a069327",
        "tenantId": "72f988bf-86f1-41af-91ab-2d7cd011db47",
        "displayName": "GenevaMetrics_Int",
        "state": "Enabled",
        "subscriptionPolicies": {
          "locationPlacementId": "Internal_2014-09-01",
          "quotaId": "Internal_2014-09-01",
          "spendingLimit": "Off"
        }
      }
    },
    {
      "RequestUri": "https://management.azure.com/subscriptions/fb9e7fe1-af44-47ef-852d-2d086a069327/resourcegroups/resourceGroupName6090?api-version=2021-04-01",
      "RequestMethod": "PUT",
      "RequestHeaders": {
        "Accept": "application/json",
        "Authorization": "Sanitized",
        "Content-Length": "21",
        "Content-Type": "application/json",
        "traceparent": "00-f8caf4e51034a44d96f942a8deb14ae6-cda16ae43e206941-00",
        "User-Agent": "azsdk-net-ResourceManager/1.2.1 (.NET Framework 4.8.9032.0; Microsoft Windows 10.0.22622 )",
        "x-ms-client-request-id": "164380e02cc26bdc8e5e142fc0b6b82f",
        "x-ms-return-client-request-id": "true"
      },
      "RequestBody": {
        "location": "eastus"
      },
      "StatusCode": 201,
      "ResponseHeaders": {
        "Cache-Control": "no-cache",
        "Content-Length": "239",
        "Content-Type": "application/json; charset=utf-8",
        "Date": "Wed, 03 Aug 2022 04:49:06 GMT",
        "Expires": "-1",
        "Pragma": "no-cache",
        "Strict-Transport-Security": "max-age=31536000; includeSubDomains",
        "X-Content-Type-Options": "nosniff",
        "x-ms-correlation-request-id": "9d97bf47-e7b7-4cf6-b88f-0e16da325cf0",
        "x-ms-ratelimit-remaining-subscription-writes": "1195",
        "x-ms-request-id": "9d97bf47-e7b7-4cf6-b88f-0e16da325cf0",
        "x-ms-routing-request-id": "WESTUS2:20220803T044907Z:9d97bf47-e7b7-4cf6-b88f-0e16da325cf0"
      },
      "ResponseBody": {
        "id": "/subscriptions/fb9e7fe1-af44-47ef-852d-2d086a069327/resourceGroups/resourceGroupName6090",
        "name": "resourceGroupName6090",
        "type": "Microsoft.Resources/resourceGroups",
        "location": "eastus",
        "properties": {
          "provisioningState": "Succeeded"
        }
      }
    },
    {
      "RequestUri": "https://management.azure.com/subscriptions/fb9e7fe1-af44-47ef-852d-2d086a069327/resourceGroups/resourceGroupName6090/providers/Microsoft.Network/trafficmanagerprofiles/profileName2183?api-version=2018-08-01",
      "RequestMethod": "PUT",
      "RequestHeaders": {
        "Accept": "application/json",
        "Authorization": "Sanitized",
        "Content-Length": "561",
        "Content-Type": "application/json",
        "traceparent": "00-e5f6e8495e523742a23696573dcbda70-48f3c9503eabb849-00",
        "User-Agent": "azsdk-net-ResourceManager.TrafficManager/1.0.0-alpha.20220802.1 (.NET Framework 4.8.9032.0; Microsoft Windows 10.0.22622 )",
        "x-ms-client-request-id": "23437ae7dd863dbd323a52e004ea1be5",
        "x-ms-return-client-request-id": "true"
      },
      "RequestBody": {
        "location": "global",
        "name": "profileName2183",
        "properties": {
          "trafficRoutingMethod": "Weighted",
          "dnsConfig": {
            "relativeName": "profileName2183"
          },
          "monitorConfig": {
            "protocol": "HTTP",
            "port": 80,
            "path": "/public/health-probe"
          },
          "endpoints": [
            {
              "name": "endpoint1",
              "type": "Microsoft.Network/trafficManagerProfiles/externalEndpoints",
              "properties": {
                "target": "az-int-black.int.microsoftmetrics.com",
                "weight": 1000
              }
            },
            {
              "name": "endpoint2",
              "type": "Microsoft.Network/trafficManagerProfiles/externalEndpoints",
              "properties": {
                "target": "az-int-red.int.microsoftmetrics.com",
                "weight": 1
              }
            }
          ]
        }
      },
      "StatusCode": 201,
      "ResponseHeaders": {
        "Cache-Control": "private",
        "Content-Length": "1873",
        "Content-Type": "application/json; charset=utf-8",
        "Date": "Wed, 03 Aug 2022 04:49:07 GMT",
        "Server": "Microsoft-IIS/10.0",
        "Strict-Transport-Security": "max-age=31536000; includeSubDomains",
        "X-AspNet-Version": "4.0.30319",
        "X-Content-Type-Options": "nosniff",
        "x-ms-correlation-request-id": "1e80ccad-697e-4163-b2ee-ce3eee5e54b0",
        "x-ms-ratelimit-remaining-subscription-resource-requests": "10796",
        "x-ms-request-id": "23437ae7-dd86-3dbd-323a-52e004ea1be5",
        "x-ms-routing-request-id": "WESTUS2:20220803T044908Z:1e80ccad-697e-4163-b2ee-ce3eee5e54b0",
        "X-Powered-By": "ASP.NET"
      },
      "ResponseBody": {
        "id": "/subscriptions/fb9e7fe1-af44-47ef-852d-2d086a069327/resourceGroups/resourcegroupname6090/providers/Microsoft.Network/trafficManagerProfiles/profileName2183",
        "name": "profileName2183",
        "type": "Microsoft.Network/trafficManagerProfiles",
        "location": "global",
        "properties": {
          "profileStatus": "Enabled",
          "trafficRoutingMethod": "Weighted",
          "dnsConfig": {
            "relativeName": "profilename2183",
            "fqdn": "profilename2183.trafficmanager.net",
            "ttl": 0
          },
          "monitorConfig": {
            "profileMonitorStatus": "CheckingEndpoints",
            "protocol": "HTTP",
            "port": 80,
            "path": "/public/health-probe",
            "intervalInSeconds": 30,
            "toleratedNumberOfFailures": 3,
            "timeoutInSeconds": 10
          },
          "endpoints": [
            {
              "id": "/subscriptions/fb9e7fe1-af44-47ef-852d-2d086a069327/resourceGroups/resourcegroupname6090/providers/Microsoft.Network/trafficManagerProfiles/profileName2183/externalEndpoints/endpoint1",
              "name": "endpoint1",
              "type": "Microsoft.Network/trafficManagerProfiles/externalEndpoints",
              "properties": {
                "endpointStatus": "Enabled",
                "endpointMonitorStatus": "CheckingEndpoint",
                "targetResourceId": null,
                "target": "az-int-black.int.microsoftmetrics.com",
                "weight": 1000,
                "priority": 1,
                "endpointLocation": null,
                "minChildEndpoints": null,
                "minChildEndpointsIPv4": null,
                "minChildEndpointsIPv6": null
              }
            },
            {
              "id": "/subscriptions/fb9e7fe1-af44-47ef-852d-2d086a069327/resourceGroups/resourcegroupname6090/providers/Microsoft.Network/trafficManagerProfiles/profileName2183/externalEndpoints/endpoint2",
              "name": "endpoint2",
              "type": "Microsoft.Network/trafficManagerProfiles/externalEndpoints",
              "properties": {
                "endpointStatus": "Enabled",
                "endpointMonitorStatus": "CheckingEndpoint",
                "targetResourceId": null,
                "target": "az-int-red.int.microsoftmetrics.com",
                "weight": 1,
                "priority": 2,
                "endpointLocation": null,
                "minChildEndpoints": null,
                "minChildEndpointsIPv4": null,
                "minChildEndpointsIPv6": null
              }
            }
          ],
          "trafficViewEnrollmentStatus": "Disabled",
          "maxReturn": null
        }
      }
    },
    {
      "RequestUri": "https://management.azure.com/subscriptions/fb9e7fe1-af44-47ef-852d-2d086a069327/resourceGroups/resourceGroupName6090/providers/Microsoft.Network/trafficmanagerprofiles/profileName2183?api-version=2018-08-01",
      "RequestMethod": "GET",
      "RequestHeaders": {
        "Accept": "application/json",
        "Authorization": "Sanitized",
        "traceparent": "00-c3e9117e86bd734a94daf03d5e1ec86a-69ebbdac957dae47-00",
        "User-Agent": "azsdk-net-ResourceManager.TrafficManager/1.0.0-alpha.20220802.1 (.NET Framework 4.8.9032.0; Microsoft Windows 10.0.22622 )",
        "x-ms-client-request-id": "ce79f879fe090dbb09027b5d5141bcbd",
        "x-ms-return-client-request-id": "true"
      },
      "RequestBody": null,
      "StatusCode": 200,
      "ResponseHeaders": {
        "Cache-Control": "private",
        "Content-Length": "1883",
        "Content-Type": "application/json; charset=utf-8",
        "Date": "Wed, 03 Aug 2022 04:49:07 GMT",
        "Server": "Microsoft-IIS/10.0",
        "Strict-Transport-Security": "max-age=31536000; includeSubDomains",
        "X-AspNet-Version": "4.0.30319",
        "X-Content-Type-Options": "nosniff",
        "x-ms-correlation-request-id": "54f0fcb7-9800-49b4-ad4c-1e421fc3de31",
        "x-ms-ratelimit-remaining-subscription-resource-requests": "10796",
        "x-ms-request-id": "ce79f879-fe09-0dbb-0902-7b5d5141bcbd",
        "x-ms-routing-request-id": "WESTUS2:20220803T044908Z:54f0fcb7-9800-49b4-ad4c-1e421fc3de31",
        "X-Powered-By": "ASP.NET"
      },
      "ResponseBody": {
        "id": "/subscriptions/fb9e7fe1-af44-47ef-852d-2d086a069327/resourceGroups/resourcegroupname6090/providers/Microsoft.Network/trafficManagerProfiles/profileName2183",
        "name": "profileName2183",
        "type": "Microsoft.Network/trafficManagerProfiles",
        "location": "global",
        "tags": {},
        "properties": {
          "profileStatus": "Enabled",
          "trafficRoutingMethod": "Weighted",
          "dnsConfig": {
            "relativeName": "profilename2183",
            "fqdn": "profilename2183.trafficmanager.net",
            "ttl": 0
          },
          "monitorConfig": {
            "profileMonitorStatus": "CheckingEndpoints",
            "protocol": "HTTP",
            "port": 80,
            "path": "/public/health-probe",
            "intervalInSeconds": 30,
            "toleratedNumberOfFailures": 3,
            "timeoutInSeconds": 10
          },
          "endpoints": [
            {
              "id": "/subscriptions/fb9e7fe1-af44-47ef-852d-2d086a069327/resourceGroups/resourcegroupname6090/providers/Microsoft.Network/trafficManagerProfiles/profileName2183/externalEndpoints/endpoint1",
              "name": "endpoint1",
              "type": "Microsoft.Network/trafficManagerProfiles/externalEndpoints",
              "properties": {
                "endpointStatus": "Enabled",
                "endpointMonitorStatus": "CheckingEndpoint",
                "targetResourceId": null,
                "target": "az-int-black.int.microsoftmetrics.com",
                "weight": 1000,
                "priority": 1,
                "endpointLocation": null,
                "minChildEndpoints": null,
                "minChildEndpointsIPv4": null,
                "minChildEndpointsIPv6": null
              }
            },
            {
              "id": "/subscriptions/fb9e7fe1-af44-47ef-852d-2d086a069327/resourceGroups/resourcegroupname6090/providers/Microsoft.Network/trafficManagerProfiles/profileName2183/externalEndpoints/endpoint2",
              "name": "endpoint2",
              "type": "Microsoft.Network/trafficManagerProfiles/externalEndpoints",
              "properties": {
                "endpointStatus": "Enabled",
                "endpointMonitorStatus": "CheckingEndpoint",
                "targetResourceId": null,
                "target": "az-int-red.int.microsoftmetrics.com",
                "weight": 1,
                "priority": 2,
                "endpointLocation": null,
                "minChildEndpoints": null,
                "minChildEndpointsIPv4": null,
                "minChildEndpointsIPv6": null
              }
            }
          ],
          "trafficViewEnrollmentStatus": "Disabled",
          "maxReturn": null
        }
      }
    },
    {
      "RequestUri": "https://management.azure.com/subscriptions/fb9e7fe1-af44-47ef-852d-2d086a069327/resourceGroups/resourcegroupname6090/providers/Microsoft.Network/trafficmanagerprofiles/profileName2183/externalEndpoints/endpoint1?api-version=2018-08-01",
      "RequestMethod": "GET",
      "RequestHeaders": {
        "Accept": "application/json",
        "Authorization": "Sanitized",
        "traceparent": "00-5754e4a5b41f5244a44981322b56c427-2137b3385fd73246-00",
        "User-Agent": "azsdk-net-ResourceManager.TrafficManager/1.0.0-alpha.20220802.1 (.NET Framework 4.8.9032.0; Microsoft Windows 10.0.22622 )",
        "x-ms-client-request-id": "7d5531949632039ec306e488d9fb66a4",
        "x-ms-return-client-request-id": "true"
      },
      "RequestBody": null,
      "StatusCode": 200,
      "ResponseHeaders": {
        "Cache-Control": "private",
        "Content-Length": "583",
        "Content-Type": "application/json; charset=utf-8",
        "Date": "Wed, 03 Aug 2022 04:49:08 GMT",
        "Server": "Microsoft-IIS/10.0",
        "Strict-Transport-Security": "max-age=31536000; includeSubDomains",
        "X-AspNet-Version": "4.0.30319",
        "X-Content-Type-Options": "nosniff",
        "x-ms-correlation-request-id": "5a57f084-619f-4a69-949f-f3b54c42c1a5",
        "x-ms-ratelimit-remaining-subscription-reads": "11986",
        "x-ms-request-id": "7d553194-9632-039e-c306-e488d9fb66a4",
        "x-ms-routing-request-id": "WESTUS2:20220803T044908Z:5a57f084-619f-4a69-949f-f3b54c42c1a5",
        "X-Powered-By": "ASP.NET"
      },
      "ResponseBody": {
        "id": "/subscriptions/fb9e7fe1-af44-47ef-852d-2d086a069327/resourceGroups/resourcegroupname6090/providers/Microsoft.Network/trafficManagerProfiles/profileName2183/externalEndpoints/endpoint1",
        "name": "endpoint1",
        "type": "Microsoft.Network/trafficManagerProfiles/externalEndpoints",
        "properties": {
          "endpointStatus": "Enabled",
          "endpointMonitorStatus": "CheckingEndpoint",
          "targetResourceId": null,
          "target": "az-int-black.int.microsoftmetrics.com",
          "weight": 1000,
          "priority": 1,
          "endpointLocation": null,
          "minChildEndpoints": null,
          "minChildEndpointsIPv4": null,
          "minChildEndpointsIPv6": null
        }
      }
    },
    {
      "RequestUri": "https://management.azure.com/subscriptions/fb9e7fe1-af44-47ef-852d-2d086a069327/resourceGroups/resourceGroupName6090/providers/Microsoft.Network/trafficmanagerprofiles/profileName2183?api-version=2018-08-01",
      "RequestMethod": "DELETE",
      "RequestHeaders": {
        "Accept": "application/json",
        "Authorization": "Sanitized",
        "User-Agent": "azsdk-net-ResourceManager.TrafficManager/1.0.0-alpha.20220802.1 (.NET Framework 4.8.9032.0; Microsoft Windows 10.0.22622 )",
        "x-ms-client-request-id": "c8b52f43e93de925bf351984615fecf0",
        "x-ms-return-client-request-id": "true"
      },
      "RequestBody": null,
      "StatusCode": 200,
      "ResponseHeaders": {
        "Cache-Control": "private",
        "Content-Length": "0",
        "Date": "Wed, 03 Aug 2022 04:49:09 GMT",
        "Server": "Microsoft-IIS/10.0",
        "Strict-Transport-Security": "max-age=31536000; includeSubDomains",
        "X-AspNet-Version": "4.0.30319",
        "X-Content-Type-Options": "nosniff",
        "x-ms-correlation-request-id": "dc8bca0b-0796-457f-a087-da86198936de",
        "x-ms-ratelimit-remaining-subscription-resource-requests": "10796",
        "x-ms-request-id": "c8b52f43-e93d-e925-bf35-1984615fecf0",
        "x-ms-routing-request-id": "WESTUS2:20220803T044910Z:dc8bca0b-0796-457f-a087-da86198936de",
        "X-Powered-By": "ASP.NET"
      },
      "ResponseBody": null
    },
    {
      "RequestUri": "https://management.azure.com/subscriptions/fb9e7fe1-af44-47ef-852d-2d086a069327/resourcegroups/resourceGroupName6090?api-version=2021-04-01",
      "RequestMethod": "DELETE",
      "RequestHeaders": {
        "Accept": "application/json",
        "Authorization": "Sanitized",
        "traceparent": "00-a7abca02c7d92e439a9e438892107ffd-75822108ece66f41-00",
        "User-Agent": "azsdk-net-ResourceManager/1.2.1 (.NET Framework 4.8.9032.0; Microsoft Windows 10.0.22622 )",
        "x-ms-client-request-id": "d24b957e9d94e2b25a760b031933330e",
        "x-ms-return-client-request-id": "true"
      },
      "RequestBody": null,
      "StatusCode": 202,
      "ResponseHeaders": {
        "Cache-Control": "no-cache",
        "Content-Length": "0",
        "Date": "Wed, 03 Aug 2022 04:49:10 GMT",
        "Expires": "-1",
        "Location": "https://management.azure.com/subscriptions/fb9e7fe1-af44-47ef-852d-2d086a069327/operationresults/eyJqb2JJZCI6IlJFU09VUkNFR1JPVVBERUxFVElPTkpPQi1SRVNPVVJDRUdST1VQTkFNRTYwOTAtRUFTVFVTIiwiam9iTG9jYXRpb24iOiJlYXN0dXMifQ?api-version=2021-04-01",
        "Pragma": "no-cache",
        "Retry-After": "15",
        "Strict-Transport-Security": "max-age=31536000; includeSubDomains",
        "X-Content-Type-Options": "nosniff",
        "x-ms-correlation-request-id": "ae894124-13c3-4f9c-9c54-39defebcfcef",
        "x-ms-ratelimit-remaining-subscription-deletes": "14995",
        "x-ms-request-id": "ae894124-13c3-4f9c-9c54-39defebcfcef",
        "x-ms-routing-request-id": "WESTUS2:20220803T044911Z:ae894124-13c3-4f9c-9c54-39defebcfcef"
      },
      "ResponseBody": null
    },
    {
      "RequestUri": "https://management.azure.com/subscriptions/fb9e7fe1-af44-47ef-852d-2d086a069327/operationresults/eyJqb2JJZCI6IlJFU09VUkNFR1JPVVBERUxFVElPTkpPQi1SRVNPVVJDRUdST1VQTkFNRTYwOTAtRUFTVFVTIiwiam9iTG9jYXRpb24iOiJlYXN0dXMifQ?api-version=2021-04-01",
      "RequestMethod": "GET",
      "RequestHeaders": {
        "Authorization": "Sanitized",
        "traceparent": "00-a7abca02c7d92e439a9e438892107ffd-828d68a9590a6f42-00",
        "User-Agent": "azsdk-net-ResourceManager/1.2.1 (.NET Framework 4.8.9032.0; Microsoft Windows 10.0.22622 )",
        "x-ms-client-request-id": "4409f31994afa60f7cd26dc6de21cf8c",
        "x-ms-return-client-request-id": "true"
      },
      "RequestBody": null,
      "StatusCode": 202,
      "ResponseHeaders": {
        "Cache-Control": "no-cache",
        "Content-Length": "0",
        "Date": "Wed, 03 Aug 2022 04:49:10 GMT",
        "Expires": "-1",
        "Location": "https://management.azure.com/subscriptions/fb9e7fe1-af44-47ef-852d-2d086a069327/operationresults/eyJqb2JJZCI6IlJFU09VUkNFR1JPVVBERUxFVElPTkpPQi1SRVNPVVJDRUdST1VQTkFNRTYwOTAtRUFTVFVTIiwiam9iTG9jYXRpb24iOiJlYXN0dXMifQ?api-version=2021-04-01",
        "Pragma": "no-cache",
        "Retry-After": "15",
        "Strict-Transport-Security": "max-age=31536000; includeSubDomains",
        "X-Content-Type-Options": "nosniff",
        "x-ms-correlation-request-id": "749d4590-6363-42b9-944b-3fd91fa2132c",
        "x-ms-ratelimit-remaining-subscription-reads": "11985",
        "x-ms-request-id": "749d4590-6363-42b9-944b-3fd91fa2132c",
        "x-ms-routing-request-id": "WESTUS2:20220803T044911Z:749d4590-6363-42b9-944b-3fd91fa2132c"
      },
      "ResponseBody": null
    },
    {
      "RequestUri": "https://management.azure.com/subscriptions/fb9e7fe1-af44-47ef-852d-2d086a069327/operationresults/eyJqb2JJZCI6IlJFU09VUkNFR1JPVVBERUxFVElPTkpPQi1SRVNPVVJDRUdST1VQTkFNRTYwOTAtRUFTVFVTIiwiam9iTG9jYXRpb24iOiJlYXN0dXMifQ?api-version=2021-04-01",
      "RequestMethod": "GET",
      "RequestHeaders": {
        "Authorization": "Sanitized",
        "traceparent": "00-a7abca02c7d92e439a9e438892107ffd-e82ca687184e914b-00",
        "User-Agent": "azsdk-net-ResourceManager/1.2.1 (.NET Framework 4.8.9032.0; Microsoft Windows 10.0.22622 )",
        "x-ms-client-request-id": "8ae80a01ca468a6414a0c628deb5653f",
        "x-ms-return-client-request-id": "true"
      },
      "RequestBody": null,
      "StatusCode": 200,
      "ResponseHeaders": {
        "Cache-Control": "no-cache",
        "Content-Length": "0",
        "Date": "Wed, 03 Aug 2022 04:49:26 GMT",
        "Expires": "-1",
        "Pragma": "no-cache",
        "Strict-Transport-Security": "max-age=31536000; includeSubDomains",
        "X-Content-Type-Options": "nosniff",
        "x-ms-correlation-request-id": "e3b86222-67ad-42a1-a329-241145ecfb7a",
        "x-ms-ratelimit-remaining-subscription-reads": "11984",
        "x-ms-request-id": "e3b86222-67ad-42a1-a329-241145ecfb7a",
        "x-ms-routing-request-id": "WESTUS2:20220803T044926Z:e3b86222-67ad-42a1-a329-241145ecfb7a"
      },
      "ResponseBody": null
    }
  ],
  "Variables": {
    "AZURE_AUTHORITY_HOST": "https://login.microsoftonline.com",
    "RandomSeed": "1390908851",
    "RESOURCE_MANAGER_URL": null,
    "SUBSCRIPTION_ID": "fb9e7fe1-af44-47ef-852d-2d086a069327"
  }
}
