{
  "Entries": [
    {
      "RequestUri": "http:\u002f\u002fseandevtest.file.core.windows.net\u002ftest-share-56acdbe1-b98b-fe36-5ee2-764c525903d5?restype=share",
      "RequestMethod": "PUT",
      "RequestHeaders": {
        "Authorization": "Sanitized",
        "Request-Id": "|6b966b59-47b5576117c2a584.",
        "User-Agent": [
          "azsdk-net-Storage.Files\u002f12.0.0-dev.20190821.1\u002b6022425de991a463097bb9e4e90aceda95be204b",
          "(.NET Core 4.6.27817.01; Microsoft Windows 10.0.18362 )"
        ],
        "x-ms-client-request-id": "d6249062a7255e79fa786355d0602194",
        "x-ms-date": "Wed, 21 Aug 2019 19:31:46 GMT",
        "x-ms-return-client-request-id": "true",
        "x-ms-version": "2019-02-02"
      },
      "RequestBody": null,
      "StatusCode": 201,
      "ResponseHeaders": {
        "Content-Length": "0",
        "Date": "Wed, 21 Aug 2019 19:31:45 GMT",
        "ETag": "\u00220x8D7266E34656F46\u0022",
        "Last-Modified": "Wed, 21 Aug 2019 19:31:46 GMT",
        "Server": [
          "Windows-Azure-File\u002f1.0",
          "Microsoft-HTTPAPI\u002f2.0"
        ],
        "x-ms-client-request-id": "d6249062a7255e79fa786355d0602194",
        "x-ms-request-id": "973569d1-901a-0063-4357-584c2f000000",
        "x-ms-version": "2019-02-02"
      },
      "ResponseBody": []
    },
    {
      "RequestUri": "http:\u002f\u002fseandevtest.file.core.windows.net\u002ftest-share-56acdbe1-b98b-fe36-5ee2-764c525903d5?restype=share",
      "RequestMethod": "PUT",
      "RequestHeaders": {
        "Authorization": "Sanitized",
        "Request-Id": "|6b966b5a-47b5576117c2a584.",
        "User-Agent": [
          "azsdk-net-Storage.Files\u002f12.0.0-dev.20190821.1\u002b6022425de991a463097bb9e4e90aceda95be204b",
          "(.NET Core 4.6.27817.01; Microsoft Windows 10.0.18362 )"
        ],
        "x-ms-client-request-id": "730e3ca475ece46f67bfb0b27a49f1e5",
        "x-ms-date": "Wed, 21 Aug 2019 19:31:46 GMT",
        "x-ms-return-client-request-id": "true",
        "x-ms-version": "2019-02-02"
      },
      "RequestBody": null,
      "StatusCode": 409,
      "ResponseHeaders": {
        "Content-Length": "222",
        "Content-Type": "application\u002fxml",
        "Date": "Wed, 21 Aug 2019 19:31:45 GMT",
        "Server": [
          "Windows-Azure-File\u002f1.0",
          "Microsoft-HTTPAPI\u002f2.0"
        ],
        "x-ms-client-request-id": "730e3ca475ece46f67bfb0b27a49f1e5",
        "x-ms-error-code": "ShareAlreadyExists",
        "x-ms-request-id": "973569d3-901a-0063-4457-584c2f000000",
        "x-ms-version": "2019-02-02"
      },
      "ResponseBody": [
        "\ufeff\u003c?xml version=\u00221.0\u0022 encoding=\u0022utf-8\u0022?\u003e\u003cError\u003e\u003cCode\u003eShareAlreadyExists\u003c\u002fCode\u003e\u003cMessage\u003eThe specified share already exists.\n",
        "RequestId:973569d3-901a-0063-4457-584c2f000000\n",
        "Time:2019-08-21T19:31:46.3815627Z\u003c\u002fMessage\u003e\u003c\u002fError\u003e"
      ]
    },
    {
      "RequestUri": "http:\u002f\u002fseandevtest.file.core.windows.net\u002ftest-share-56acdbe1-b98b-fe36-5ee2-764c525903d5?restype=share",
      "RequestMethod": "DELETE",
      "RequestHeaders": {
        "Authorization": "Sanitized",
        "Request-Id": "|6b966b5b-47b5576117c2a584.",
        "User-Agent": [
          "azsdk-net-Storage.Files\u002f12.0.0-dev.20190821.1\u002b6022425de991a463097bb9e4e90aceda95be204b",
          "(.NET Core 4.6.27817.01; Microsoft Windows 10.0.18362 )"
        ],
        "x-ms-client-request-id": "88db300591273978624d5c1255e12dfe",
        "x-ms-date": "Wed, 21 Aug 2019 19:31:46 GMT",
        "x-ms-return-client-request-id": "true",
        "x-ms-version": "2019-02-02"
      },
      "RequestBody": null,
      "StatusCode": 202,
      "ResponseHeaders": {
        "Content-Length": "0",
        "Date": "Wed, 21 Aug 2019 19:31:45 GMT",
        "Server": [
          "Windows-Azure-File\u002f1.0",
          "Microsoft-HTTPAPI\u002f2.0"
        ],
        "x-ms-client-request-id": "88db300591273978624d5c1255e12dfe",
        "x-ms-request-id": "973569d4-901a-0063-4557-584c2f000000",
        "x-ms-version": "2019-02-02"
      },
      "ResponseBody": []
    }
  ],
  "Variables": {
    "RandomSeed": "786468111",
    "Storage_TestConfigDefault": "ProductionTenant\nseandevtest\nU2FuaXRpemVk\nhttp:\u002f\u002fseandevtest.blob.core.windows.net\nhttp:\u002f\u002fseandevtest.file.core.windows.net\nhttp:\u002f\u002fseandevtest.queue.core.windows.net\nhttp:\u002f\u002fseandevtest.table.core.windows.net\n\n\n\n\nhttp:\u002f\u002fseandevtest-secondary.blob.core.windows.net\nhttp:\u002f\u002fseandevtest-secondary.file.core.windows.net\nhttp:\u002f\u002fseandevtest-secondary.queue.core.windows.net\nhttp:\u002f\u002fseandevtest-secondary.table.core.windows.net\n\nSanitized\n\n\nCloud\nBlobEndpoint=http:\u002f\u002fseandevtest.blob.core.windows.net\u002f;QueueEndpoint=http:\u002f\u002fseandevtest.queue.core.windows.net\u002f;TableEndpoint=http:\u002f\u002fseandevtest.table.core.windows.net\u002f;FileEndpoint=http:\u002f\u002fseandevtest.file.core.windows.net\u002f;BlobSecondaryEndpoint=http:\u002f\u002fseandevtest-secondary.blob.core.windows.net\u002f;QueueSecondaryEndpoint=http:\u002f\u002fseandevtest-secondary.queue.core.windows.net\u002f;TableSecondaryEndpoint=http:\u002f\u002fseandevtest-secondary.table.core.windows.net\u002f;FileSecondaryEndpoint=http:\u002f\u002fseandevtest-secondary.file.core.windows.net\u002f;AccountName=seandevtest;AccountKey=Sanitized"
  }
}