{
  "Entries": [
    {
      "RequestUri": "http://storageteglazatesting.file.core.windows.net/test-share-5abf8f86-f48f-0065-2d82-892a5ca70844?restype=share",
      "RequestMethod": "PUT",
      "RequestHeaders": {
        "Authorization": "Sanitized",
        "User-Agent": [
          "azsdk-net-Storage.Files/12.0.0-dev.20190716.1\u002bf831919283b482c09bb15e8c0d930e73d941e30e",
          "(.NET Core 4.6.27414.06; Microsoft Windows 10.0.18362 )"
        ],
        "x-ms-client-request-id": "e2ee9ff9e9c15b94830c70deb848d933",
        "x-ms-date": "Wed, 17 Jul 2019 02:12:16 GMT",
        "x-ms-return-client-request-id": "true",
        "x-ms-share-quota": "1",
        "x-ms-version": "2018-11-09"
      },
      "RequestBody": null,
      "StatusCode": 201,
      "ResponseHeaders": {
        "Content-Length": "0",
        "Date": "Wed, 17 Jul 2019 02:12:16 GMT",
        "ETag": "\u00220x8D70A5C30BAED52\u0022",
        "Last-Modified": "Wed, 17 Jul 2019 02:12:16 GMT",
        "Server": [
          "Windows-Azure-File/1.0",
          "Microsoft-HTTPAPI/2.0"
        ],
        "x-ms-request-id": "75a77694-101a-0094-0645-3cfa67000000",
        "x-ms-version": "2018-11-09"
      },
      "ResponseBody": []
    },
    {
      "RequestUri": "http://storageteglazatesting.file.core.windows.net/test-share-5abf8f86-f48f-0065-2d82-892a5ca70844?restype=share\u0026comp=snapshot",
      "RequestMethod": "PUT",
      "RequestHeaders": {
        "Authorization": "Sanitized",
        "User-Agent": [
          "azsdk-net-Storage.Files/12.0.0-dev.20190716.1\u002bf831919283b482c09bb15e8c0d930e73d941e30e",
          "(.NET Core 4.6.27414.06; Microsoft Windows 10.0.18362 )"
        ],
        "x-ms-client-request-id": "e5e0126a00b8fea59051de9ef83ea7f3",
        "x-ms-date": "Wed, 17 Jul 2019 02:12:16 GMT",
        "x-ms-return-client-request-id": "true",
        "x-ms-version": "2018-11-09"
      },
      "RequestBody": null,
      "StatusCode": 201,
      "ResponseHeaders": {
        "Content-Length": "0",
        "Date": "Wed, 17 Jul 2019 02:12:16 GMT",
        "ETag": "\u00220x8D70A5C30BAED52\u0022",
        "Last-Modified": "Wed, 17 Jul 2019 02:12:16 GMT",
        "Server": [
          "Windows-Azure-File/1.0",
          "Microsoft-HTTPAPI/2.0"
        ],
        "x-ms-request-id": "75a77696-101a-0094-0745-3cfa67000000",
        "x-ms-snapshot": "2019-07-17T02:12:16.0000000Z",
        "x-ms-version": "2018-11-09"
      },
      "ResponseBody": []
    },
    {
      "RequestUri": "http://storageteglazatesting.file.core.windows.net/test-share-5abf8f86-f48f-0065-2d82-892a5ca70844?restype=share",
      "RequestMethod": "DELETE",
      "RequestHeaders": {
        "Authorization": "Sanitized",
        "User-Agent": [
          "azsdk-net-Storage.Files/12.0.0-dev.20190716.1\u002bf831919283b482c09bb15e8c0d930e73d941e30e",
          "(.NET Core 4.6.27414.06; Microsoft Windows 10.0.18362 )"
        ],
        "x-ms-client-request-id": "51b254e88b849d78fb64d682838647e5",
        "x-ms-date": "Wed, 17 Jul 2019 02:12:16 GMT",
        "x-ms-return-client-request-id": "true",
        "x-ms-version": "2018-11-09"
      },
      "RequestBody": null,
      "StatusCode": 409,
      "ResponseHeaders": {
        "Content-Length": "250",
        "Content-Type": "application/xml",
        "Date": "Wed, 17 Jul 2019 02:12:16 GMT",
        "Server": [
          "Windows-Azure-File/1.0",
          "Microsoft-HTTPAPI/2.0"
        ],
        "x-ms-error-code": "ShareHasSnapshots",
        "x-ms-request-id": "75a77697-101a-0094-0845-3cfa67000000",
        "x-ms-version": "2018-11-09"
      },
      "ResponseBody": [
        "\ufeff\u003c?xml version=\u00221.0\u0022 encoding=\u0022utf-8\u0022?\u003e\u003cError\u003e\u003cCode\u003eShareHasSnapshots\u003c/Code\u003e\u003cMessage\u003eThe share has snapshots and the operation requires no snapshots.\n",
        "RequestId:75a77697-101a-0094-0845-3cfa67000000\n",
        "Time:2019-07-17T02:12:16.7971237Z\u003c/Message\u003e\u003c/Error\u003e"
      ]
    }
  ],
  "Variables": {
    "RandomSeed": "1628861334",
    "Storage_TestConfigDefault": "ProductionTenant\nstorageteglazatesting\nU2FuaXRpemVk\nhttp://storageteglazatesting.blob.core.windows.net\nhttp://storageteglazatesting.file.core.windows.net\nhttp://storageteglazatesting.queue.core.windows.net\nhttp://storageteglazatesting.table.core.windows.net\n\n\n\n\nhttp://storageteglazatesting-secondary.blob.core.windows.net\n\nhttp://storageteglazatesting-secondary.queue.core.windows.net\nhttp://storageteglazatesting-secondary.table.core.windows.net\n\nSanitized\n\n\nCloud\nBlobEndpoint=http://storageteglazatesting.blob.core.windows.net/;QueueEndpoint=http://storageteglazatesting.queue.core.windows.net/;TableEndpoint=http://storageteglazatesting.table.core.windows.net/;FileEndpoint=http://storageteglazatesting.file.core.windows.net/;BlobSecondaryEndpoint=http://storageteglazatesting-secondary.blob.core.windows.net/;QueueSecondaryEndpoint=http://storageteglazatesting-secondary.queue.core.windows.net/;TableSecondaryEndpoint=http://storageteglazatesting-secondary.table.core.windows.net/;AccountName=storageteglazatesting;AccountKey=Sanitized"
  }
}