{
  "Entries": [
    {
      "RequestUri": "http://storageteglazatesting.file.core.windows.net/test-share-da043078-b17a-6a73-dbe5-b41d7d56cc30?restype=share",
      "RequestMethod": "PUT",
      "RequestHeaders": {
        "Authorization": "Sanitized",
        "User-Agent": [
          "azsdk-net-Storage.Files/12.0.0-dev.20190716.1\u002bf831919283b482c09bb15e8c0d930e73d941e30e",
          "(.NET Core 4.6.27414.06; Microsoft Windows 10.0.18362 )"
        ],
        "x-ms-client-request-id": "d143d8fdb6752dd999e9f317a0e1817c",
        "x-ms-date": "Wed, 17 Jul 2019 02:12:17 GMT",
        "x-ms-return-client-request-id": "true",
        "x-ms-share-quota": "1",
        "x-ms-version": "2018-11-09"
      },
      "RequestBody": null,
      "StatusCode": 201,
      "ResponseHeaders": {
        "Content-Length": "0",
        "Date": "Wed, 17 Jul 2019 02:12:16 GMT",
        "ETag": "\u00220x8D70A5C30F0D79A\u0022",
        "Last-Modified": "Wed, 17 Jul 2019 02:12:17 GMT",
        "Server": [
          "Windows-Azure-File/1.0",
          "Microsoft-HTTPAPI/2.0"
        ],
        "x-ms-request-id": "75a776a4-101a-0094-1245-3cfa67000000",
        "x-ms-version": "2018-11-09"
      },
      "ResponseBody": []
    },
    {
      "RequestUri": "http://storageteglazatesting.file.core.windows.net/test-share-da043078-b17a-6a73-dbe5-b41d7d56cc30?restype=share\u0026comp=acl",
      "RequestMethod": "PUT",
      "RequestHeaders": {
        "Authorization": "Sanitized",
        "Content-Length": "301",
        "Content-Type": "application/xml",
        "User-Agent": [
          "azsdk-net-Storage.Files/12.0.0-dev.20190716.1\u002bf831919283b482c09bb15e8c0d930e73d941e30e",
          "(.NET Core 4.6.27414.06; Microsoft Windows 10.0.18362 )"
        ],
        "x-ms-client-request-id": "c161f9d7d7579140bd5ccafa633828e0",
        "x-ms-date": "Wed, 17 Jul 2019 02:12:17 GMT",
        "x-ms-return-client-request-id": "true",
        "x-ms-version": "2018-11-09"
      },
      "RequestBody": [
        "\u003cSignedIdentifiers\u003e\r\n",
        "  \u003cSignedIdentifier\u003e\r\n",
        "    \u003cId\u003evsgnmmvfrjtdvpcfsdja\u003c/Id\u003e\r\n",
        "    \u003cAccessPolicy\u003e\r\n",
        "      \u003cStart\u003e2019-07-17T01:12:17.0789583Z\u003c/Start\u003e\r\n",
        "      \u003cExpiry\u003e2019-07-17T03:12:17.0789583Z\u003c/Expiry\u003e\r\n",
        "      \u003cPermission\u003erw\u003c/Permission\u003e\r\n",
        "    \u003c/AccessPolicy\u003e\r\n",
        "  \u003c/SignedIdentifier\u003e\r\n",
        "\u003c/SignedIdentifiers\u003e"
      ],
      "StatusCode": 200,
      "ResponseHeaders": {
        "Content-Length": "0",
        "Date": "Wed, 17 Jul 2019 02:12:16 GMT",
        "ETag": "\u00220x8D70A5C30F7CA84\u0022",
        "Last-Modified": "Wed, 17 Jul 2019 02:12:17 GMT",
        "Server": [
          "Windows-Azure-File/1.0",
          "Microsoft-HTTPAPI/2.0"
        ],
        "x-ms-request-id": "75a776a6-101a-0094-1345-3cfa67000000",
        "x-ms-version": "2018-11-09"
      },
      "ResponseBody": []
    },
    {
      "RequestUri": "http://storageteglazatesting.file.core.windows.net/test-share-da043078-b17a-6a73-dbe5-b41d7d56cc30?restype=share\u0026comp=acl",
      "RequestMethod": "GET",
      "RequestHeaders": {
        "Authorization": "Sanitized",
        "User-Agent": [
          "azsdk-net-Storage.Files/12.0.0-dev.20190716.1\u002bf831919283b482c09bb15e8c0d930e73d941e30e",
          "(.NET Core 4.6.27414.06; Microsoft Windows 10.0.18362 )"
        ],
        "x-ms-client-request-id": "248d2b57d9a0698f2823058888138df5",
        "x-ms-date": "Wed, 17 Jul 2019 02:12:17 GMT",
        "x-ms-return-client-request-id": "true",
        "x-ms-version": "2018-11-09"
      },
      "RequestBody": null,
      "StatusCode": 200,
      "ResponseHeaders": {
        "Access-Control-Allow-Origin": "*",
        "Content-Type": "application/xml",
        "Date": "Wed, 17 Jul 2019 02:12:16 GMT",
        "ETag": "\u00220x8D70A5C30F7CA84\u0022",
        "Last-Modified": "Wed, 17 Jul 2019 02:12:17 GMT",
        "Server": [
          "Windows-Azure-File/1.0",
          "Microsoft-HTTPAPI/2.0"
        ],
        "Transfer-Encoding": "chunked",
        "x-ms-request-id": "75a776a7-101a-0094-1445-3cfa67000000",
        "x-ms-version": "2018-11-09"
      },
      "ResponseBody": "\ufeff\u003c?xml version=\u00221.0\u0022 encoding=\u0022utf-8\u0022?\u003e\u003cSignedIdentifiers\u003e\u003cSignedIdentifier\u003e\u003cId\u003evsgnmmvfrjtdvpcfsdja\u003c/Id\u003e\u003cAccessPolicy\u003e\u003cStart\u003e2019-07-17T01:12:17.0789583Z\u003c/Start\u003e\u003cExpiry\u003e2019-07-17T03:12:17.0789583Z\u003c/Expiry\u003e\u003cPermission\u003erw\u003c/Permission\u003e\u003c/AccessPolicy\u003e\u003c/SignedIdentifier\u003e\u003c/SignedIdentifiers\u003e"
    },
    {
      "RequestUri": "http://storageteglazatesting.file.core.windows.net/test-share-da043078-b17a-6a73-dbe5-b41d7d56cc30?restype=share",
      "RequestMethod": "DELETE",
      "RequestHeaders": {
        "Authorization": "Sanitized",
        "User-Agent": [
          "azsdk-net-Storage.Files/12.0.0-dev.20190716.1\u002bf831919283b482c09bb15e8c0d930e73d941e30e",
          "(.NET Core 4.6.27414.06; Microsoft Windows 10.0.18362 )"
        ],
        "x-ms-client-request-id": "fba488933c3bcc4999a6ade5429351ef",
        "x-ms-date": "Wed, 17 Jul 2019 02:12:17 GMT",
        "x-ms-return-client-request-id": "true",
        "x-ms-version": "2018-11-09"
      },
      "RequestBody": null,
      "StatusCode": 202,
      "ResponseHeaders": {
        "Content-Length": "0",
        "Date": "Wed, 17 Jul 2019 02:12:16 GMT",
        "Server": [
          "Windows-Azure-File/1.0",
          "Microsoft-HTTPAPI/2.0"
        ],
        "x-ms-request-id": "75a776a8-101a-0094-1545-3cfa67000000",
        "x-ms-version": "2018-11-09"
      },
      "ResponseBody": []
    }
  ],
  "Variables": {
    "DateTimeOffsetNow": "2019-07-16T19:12:17.0789583-07:00",
    "RandomSeed": "166666367",
    "Storage_TestConfigDefault": "ProductionTenant\nstorageteglazatesting\nU2FuaXRpemVk\nhttp://storageteglazatesting.blob.core.windows.net\nhttp://storageteglazatesting.file.core.windows.net\nhttp://storageteglazatesting.queue.core.windows.net\nhttp://storageteglazatesting.table.core.windows.net\n\n\n\n\nhttp://storageteglazatesting-secondary.blob.core.windows.net\n\nhttp://storageteglazatesting-secondary.queue.core.windows.net\nhttp://storageteglazatesting-secondary.table.core.windows.net\n\nSanitized\n\n\nCloud\nBlobEndpoint=http://storageteglazatesting.blob.core.windows.net/;QueueEndpoint=http://storageteglazatesting.queue.core.windows.net/;TableEndpoint=http://storageteglazatesting.table.core.windows.net/;FileEndpoint=http://storageteglazatesting.file.core.windows.net/;BlobSecondaryEndpoint=http://storageteglazatesting-secondary.blob.core.windows.net/;QueueSecondaryEndpoint=http://storageteglazatesting-secondary.queue.core.windows.net/;TableSecondaryEndpoint=http://storageteglazatesting-secondary.table.core.windows.net/;AccountName=storageteglazatesting;AccountKey=Sanitized"
  }
}