{
  "Entries": [
    {
      "RequestUri": "https://chrissconfidentialledger.confidential-ledger.azure.com/app/transactions?api-version=0.1-preview",
      "RequestMethod": "POST",
      "RequestHeaders": {
        "Accept": "application/json",
        "Authorization": "Sanitized",
        "Content-Length": "23",
        "Content-Type": "application/json",
        "User-Agent": [
          "azsdk-net-Security.ConfidentialLedger/1.0.0-alpha.20211018.1",
          "(.NET Framework 4.8.4420.0; Microsoft Windows 10.0.22000 )"
        ],
        "x-ms-client-request-id": "b034e29ebe2f6db9b99136f8ce1d22fb",
        "x-ms-return-client-request-id": "true"
      },
      "RequestBody": {
        "contents": "test4045"
      },
      "StatusCode": 200,
      "ResponseHeaders": {
        "Content-Length": "29",
        "Content-Type": "application/json",
        "x-ms-ccf-transaction-id": "2.74"
      },
      "ResponseBody": {
        "subLedgerId": "subledger:0"
      }
    },
    {
      "RequestUri": "https://chrissconfidentialledger.confidential-ledger.azure.com/app/transactions?api-version=0.1-preview",
      "RequestMethod": "GET",
      "RequestHeaders": {
        "Accept": "application/json",
        "Authorization": "Sanitized",
        "User-Agent": [
          "azsdk-net-Security.ConfidentialLedger/1.0.0-alpha.20211018.1",
          "(.NET Framework 4.8.4420.0; Microsoft Windows 10.0.22000 )"
        ],
        "x-ms-client-request-id": "a5b0107e314d4b92c5107cc7b2c47e16",
        "x-ms-return-client-request-id": "true"
      },
      "RequestBody": null,
      "StatusCode": 200,
      "ResponseHeaders": {
        "Content-Length": "131",
        "Content-Type": "application/json",
        "x-ms-ccf-transaction-id": "2.74"
      },
      "ResponseBody": [
        "{\n",
        "  \u0022@nextLink\u0022: \u0022/app/transactions?api-version=0.1-preview\u0026subLedgerId=subledger:0\u0026fromTransactionId=2.25\u0022,\n",
        "  \u0022state\u0022: \u0022Loading\u0022\n",
        "}"
      ]
    },
    {
      "RequestUri": "https://chrissconfidentialledger.confidential-ledger.azure.com/app/transactions?api-version=0.1-preview\u0026subLedgerId=subledger:0\u0026fromTransactionId=2.25",
      "RequestMethod": "GET",
      "RequestHeaders": {
        "Accept": "application/json",
        "Authorization": "Sanitized",
        "User-Agent": [
          "azsdk-net-Security.ConfidentialLedger/1.0.0-alpha.20211018.1",
          "(.NET Framework 4.8.4420.0; Microsoft Windows 10.0.22000 )"
        ],
        "x-ms-client-request-id": "a5f43a93f831087d037edcd7cc607218",
        "x-ms-return-client-request-id": "true"
      },
      "RequestBody": null,
      "StatusCode": 200,
      "ResponseHeaders": {
        "Content-Length": "2544",
        "Content-Type": "application/json",
        "x-ms-ccf-transaction-id": "2.74"
      },
      "ResponseBody": [
        "{\n",
        "  \u0022entries\u0022: [\n",
        "    {\n",
        "      \u0022contents\u0022: \u0022test8642\u0022,\n",
        "      \u0022subLedgerId\u0022: \u0022subledger:0\u0022,\n",
        "      \u0022transactionId\u0022: \u00222.25\u0022\n",
        "    },\n",
        "    {\n",
        "      \u0022contents\u0022: \u0022test7713\u0022,\n",
        "      \u0022subLedgerId\u0022: \u0022subledger:0\u0022,\n",
        "      \u0022transactionId\u0022: \u00222.27\u0022\n",
        "    },\n",
        "    {\n",
        "      \u0022contents\u0022: \u0022test5807\u0022,\n",
        "      \u0022subLedgerId\u0022: \u0022subledger:0\u0022,\n",
        "      \u0022transactionId\u0022: \u00222.29\u0022\n",
        "    },\n",
        "    {\n",
        "      \u0022contents\u0022: \u0022test4993\u0022,\n",
        "      \u0022subLedgerId\u0022: \u0022subledger:0\u0022,\n",
        "      \u0022transactionId\u0022: \u00222.31\u0022\n",
        "    },\n",
        "    {\n",
        "      \u0022contents\u0022: \u0022test6446\u0022,\n",
        "      \u0022subLedgerId\u0022: \u0022subledger:0\u0022,\n",
        "      \u0022transactionId\u0022: \u00222.33\u0022\n",
        "    },\n",
        "    {\n",
        "      \u0022contents\u0022: \u0022test1561\u0022,\n",
        "      \u0022subLedgerId\u0022: \u0022subledger:0\u0022,\n",
        "      \u0022transactionId\u0022: \u00222.35\u0022\n",
        "    },\n",
        "    {\n",
        "      \u0022contents\u0022: \u0022test5335\u0022,\n",
        "      \u0022subLedgerId\u0022: \u0022subledger:0\u0022,\n",
        "      \u0022transactionId\u0022: \u00222.37\u0022\n",
        "    },\n",
        "    {\n",
        "      \u0022contents\u0022: \u0022test298\u0022,\n",
        "      \u0022subLedgerId\u0022: \u0022subledger:0\u0022,\n",
        "      \u0022transactionId\u0022: \u00222.39\u0022\n",
        "    },\n",
        "    {\n",
        "      \u0022contents\u0022: \u0022test225\u0022,\n",
        "      \u0022subLedgerId\u0022: \u0022subledger:0\u0022,\n",
        "      \u0022transactionId\u0022: \u00222.41\u0022\n",
        "    },\n",
        "    {\n",
        "      \u0022contents\u0022: \u0022test1253\u0022,\n",
        "      \u0022subLedgerId\u0022: \u0022subledger:0\u0022,\n",
        "      \u0022transactionId\u0022: \u00222.43\u0022\n",
        "    },\n",
        "    {\n",
        "      \u0022contents\u0022: \u0022test8853\u0022,\n",
        "      \u0022subLedgerId\u0022: \u0022subledger:0\u0022,\n",
        "      \u0022transactionId\u0022: \u00222.45\u0022\n",
        "    },\n",
        "    {\n",
        "      \u0022contents\u0022: \u0022test6502\u0022,\n",
        "      \u0022subLedgerId\u0022: \u0022subledger:0\u0022,\n",
        "      \u0022transactionId\u0022: \u00222.47\u0022\n",
        "    },\n",
        "    {\n",
        "      \u0022contents\u0022: \u0022test9415\u0022,\n",
        "      \u0022subLedgerId\u0022: \u0022subledger:0\u0022,\n",
        "      \u0022transactionId\u0022: \u00222.49\u0022\n",
        "    },\n",
        "    {\n",
        "      \u0022contents\u0022: \u0022test1555\u0022,\n",
        "      \u0022subLedgerId\u0022: \u0022subledger:0\u0022,\n",
        "      \u0022transactionId\u0022: \u00222.51\u0022\n",
        "    },\n",
        "    {\n",
        "      \u0022contents\u0022: \u0022test3257\u0022,\n",
        "      \u0022subLedgerId\u0022: \u0022subledger:0\u0022,\n",
        "      \u0022transactionId\u0022: \u00222.53\u0022\n",
        "    },\n",
        "    {\n",
        "      \u0022contents\u0022: \u0022test915\u0022,\n",
        "      \u0022subLedgerId\u0022: \u0022subledger:0\u0022,\n",
        "      \u0022transactionId\u0022: \u00222.55\u0022\n",
        "    },\n",
        "    {\n",
        "      \u0022contents\u0022: \u0022test4217\u0022,\n",
        "      \u0022subLedgerId\u0022: \u0022subledger:0\u0022,\n",
        "      \u0022transactionId\u0022: \u00222.60\u0022\n",
        "    },\n",
        "    {\n",
        "      \u0022contents\u0022: \u0022test471\u0022,\n",
        "      \u0022subLedgerId\u0022: \u0022subledger:0\u0022,\n",
        "      \u0022transactionId\u0022: \u00222.62\u0022\n",
        "    },\n",
        "    {\n",
        "      \u0022contents\u0022: \u0022test7921\u0022,\n",
        "      \u0022subLedgerId\u0022: \u0022subledger:0\u0022,\n",
        "      \u0022transactionId\u0022: \u00222.64\u0022\n",
        "    },\n",
        "    {\n",
        "      \u0022contents\u0022: \u0022test2778\u0022,\n",
        "      \u0022subLedgerId\u0022: \u0022subledger:0\u0022,\n",
        "      \u0022transactionId\u0022: \u00222.66\u0022\n",
        "    },\n",
        "    {\n",
        "      \u0022contents\u0022: \u0022test9199\u0022,\n",
        "      \u0022subLedgerId\u0022: \u0022subledger:0\u0022,\n",
        "      \u0022transactionId\u0022: \u00222.68\u0022\n",
        "    },\n",
        "    {\n",
        "      \u0022contents\u0022: \u0022test8105\u0022,\n",
        "      \u0022subLedgerId\u0022: \u0022subledger:0\u0022,\n",
        "      \u0022transactionId\u0022: \u00222.70\u0022\n",
        "    },\n",
        "    {\n",
        "      \u0022contents\u0022: \u0022test8642\u0022,\n",
        "      \u0022subLedgerId\u0022: \u0022subledger:0\u0022,\n",
        "      \u0022transactionId\u0022: \u00222.72\u0022\n",
        "    }\n",
        "  ],\n",
        "  \u0022state\u0022: \u0022Ready\u0022\n",
        "}"
      ]
    },
    {
      "RequestUri": "https://chrissconfidentialledger.confidential-ledger.azure.com/app/transactions/2.25/receipt?api-version=0.1-preview",
      "RequestMethod": "GET",
      "RequestHeaders": {
        "Accept": "application/json",
        "Authorization": "Sanitized",
        "User-Agent": [
          "azsdk-net-Security.ConfidentialLedger/1.0.0-alpha.20211018.1",
          "(.NET Framework 4.8.4420.0; Microsoft Windows 10.0.22000 )"
        ],
        "x-ms-client-request-id": "bb637ffa43ba6d0e50e8eb1f41f2bbf4",
        "x-ms-return-client-request-id": "true"
      },
      "RequestBody": null,
      "StatusCode": 200,
      "ResponseHeaders": {
        "Content-Length": "749",
        "Content-Type": "application/json",
        "x-ms-ccf-transaction-id": "2.74"
      },
      "ResponseBody": [
        "{\n",
        "  \u0022receipt\u0022: {\n",
        "    \u0022leaf\u0022: \u00226e8fc4bf073134f3e05bfdf8ed7a5d813ff5ed0d43917c03430050b342666ce4\u0022,\n",
        "    \u0022node_id\u0022: \u0022d272093cb718422d097f0ffa7106b2ffc5eeac7f22da8dacd3c1771863cdc068\u0022,\n",
        "    \u0022proof\u0022: [\n",
        "      {\n",
        "        \u0022left\u0022: \u00228a3af48010d5fee97e9afbc1e948db1e62b5755717e7466a9c8a69b8dfbfc0ee\u0022\n",
        "      },\n",
        "      {\n",
        "        \u0022left\u0022: \u00223dbab385899b47896e299d183e7182e0bfbf2dc07fbda8ec1a34088251f6e2a8\u0022\n",
        "      },\n",
        "      {\n",
        "        \u0022left\u0022: \u0022cdc1b5637e7d75132924f4c90057bd353ad2e50bbb119b27e9b2d6a2e0cb1af8\u0022\n",
        "      }\n",
        "    ],\n",
        "    \u0022root\u0022: \u00226dcb1544edcb60979325ce57805cd7ac297442f654bde2562c355ec3291e55e8\u0022,\n",
        "    \u0022signature\u0022: \u0022MEQCIAwgzvcMY7T/0S6jrprYQlxz35oIRf1RH3ocSFRA1vqGAiAuJm03c9sY84rKtK9D2iSAR1qrb/NrE/vaKvcf\u002BAJ6/Q==\u0022\n",
        "  },\n",
        "  \u0022state\u0022: \u0022Ready\u0022,\n",
        "  \u0022transactionId\u0022: \u00222.25\u0022\n",
        "}"
      ]
    }
  ],
  "Variables": {
    "CONFIDENTIALLEDGER_IDENTITY_URL": "https://identity.accledger.azure.com/",
    "CONFIDENTIALLEDGER_URL": "https://chrissconfidentialledger.confidential-ledger.azure.com",
    "RandomSeed": "455697659"
  }
}