{
  "Entries": [
    {
      "RequestUri": "https://management.azure.com/subscriptions/db1ab6f0-4769-4b27-930e-01e2ef9c123c?api-version=2021-01-01",
      "RequestMethod": "GET",
      "RequestHeaders": {
        "Accept": "application/json",
        "Authorization": "Sanitized",
        "traceparent": "00-4b77bc238823694f98da20243196ad5e-ce9e1f4073b98643-00",
        "User-Agent": "azsdk-net-ResourceManager/1.0.0-alpha.20220118.1 (.NET Framework 4.8.4420.0; Microsoft Windows 10.0.19043 )",
        "x-ms-client-request-id": "3248ca2c360ee0cd362bde9143324123",
        "x-ms-return-client-request-id": "true"
      },
      "RequestBody": null,
      "StatusCode": 200,
      "ResponseHeaders": {
        "Cache-Control": "no-cache",
        "Content-Length": "468",
        "Content-Type": "application/json; charset=utf-8",
        "Date": "Tue, 18 Jan 2022 14:15:42 GMT",
        "Expires": "-1",
        "Pragma": "no-cache",
        "Strict-Transport-Security": "max-age=31536000; includeSubDomains",
        "X-Content-Type-Options": "nosniff",
        "x-ms-correlation-request-id": "e43b2451-ffb9-403a-b89b-872e90bd45d9",
        "x-ms-ratelimit-remaining-subscription-reads": "11950",
        "x-ms-request-id": "e43b2451-ffb9-403a-b89b-872e90bd45d9",
        "x-ms-routing-request-id": "SOUTHEASTASIA:20220118T141542Z:e43b2451-ffb9-403a-b89b-872e90bd45d9"
      },
      "ResponseBody": {
        "id": "/subscriptions/db1ab6f0-4769-4b27-930e-01e2ef9c123c",
        "authorizationSource": "RoleBased",
        "managedByTenants": [],
        "tags": {
          "tagKey1": "tagValue1",
          "tagKey2": "tagValue2"
        },
        "subscriptionId": "db1ab6f0-4769-4b27-930e-01e2ef9c123c",
        "tenantId": "72f988bf-86f1-41af-91ab-2d7cd011db47",
        "displayName": ".NET Mgmt SDK Test with TTL = 1 Day",
        "state": "Enabled",
        "subscriptionPolicies": {
          "locationPlacementId": "Internal_2014-09-01",
          "quotaId": "Internal_2014-09-01",
          "spendingLimit": "Off"
        }
      }
    },
    {
      "RequestUri": "https://management.azure.com/subscriptions/db1ab6f0-4769-4b27-930e-01e2ef9c123c/resourcegroups/bastionrg-5755?api-version=2021-04-01",
      "RequestMethod": "PUT",
      "RequestHeaders": {
        "Accept": "application/json",
        "Authorization": "Sanitized",
        "Content-Length": "32",
        "Content-Type": "application/json",
        "User-Agent": "azsdk-net-ResourceManager/1.0.0-alpha.20220118.1 (.NET Framework 4.8.4420.0; Microsoft Windows 10.0.19043 )",
        "x-ms-client-request-id": "cdc367bd2e05352b4f3532a2d8f96605",
        "x-ms-return-client-request-id": "true"
      },
      "RequestBody": {
        "tags": {},
        "location": "westus2"
      },
      "StatusCode": 201,
      "ResponseHeaders": {
        "Cache-Control": "no-cache",
        "Content-Length": "236",
        "Content-Type": "application/json; charset=utf-8",
        "Date": "Tue, 18 Jan 2022 14:15:43 GMT",
        "Expires": "-1",
        "Pragma": "no-cache",
        "Strict-Transport-Security": "max-age=31536000; includeSubDomains",
        "X-Content-Type-Options": "nosniff",
        "x-ms-correlation-request-id": "d8266eab-f578-42de-afa9-2fb50248aad0",
        "x-ms-ratelimit-remaining-subscription-writes": "1191",
        "x-ms-request-id": "d8266eab-f578-42de-afa9-2fb50248aad0",
        "x-ms-routing-request-id": "SOUTHEASTASIA:20220118T141543Z:d8266eab-f578-42de-afa9-2fb50248aad0"
      },
      "ResponseBody": {
        "id": "/subscriptions/db1ab6f0-4769-4b27-930e-01e2ef9c123c/resourceGroups/bastionrg-5755",
        "name": "bastionrg-5755",
        "type": "Microsoft.Resources/resourceGroups",
        "location": "westus2",
        "tags": {},
        "properties": {
          "provisioningState": "Succeeded"
        }
      }
    },
    {
      "RequestUri": "https://management.azure.com/subscriptions/db1ab6f0-4769-4b27-930e-01e2ef9c123c/resourceGroups/bastionrg-5755/providers/Microsoft.Network/virtualNetworks/vnet-166?api-version=2021-02-01",
      "RequestMethod": "PUT",
      "RequestHeaders": {
        "Accept": "application/json",
        "Authorization": "Sanitized",
        "Content-Length": "88",
        "Content-Type": "application/json",
        "User-Agent": "azsdk-net-ResourceManager.Network/1.0.0-alpha.20220118.1 (.NET Framework 4.8.4420.0; Microsoft Windows 10.0.19043 )",
        "x-ms-client-request-id": "f82739540493eb3197b8ee986311d405",
        "x-ms-return-client-request-id": "true"
      },
      "RequestBody": {
        "location": "westus2",
        "properties": {
          "addressSpace": {
            "addressPrefixes": [
              "10.0.0.0/16"
            ]
          }
        }
      },
      "StatusCode": 201,
      "ResponseHeaders": {
        "Azure-AsyncNotification": "Enabled",
        "Azure-AsyncOperation": "https://management.azure.com/subscriptions/db1ab6f0-4769-4b27-930e-01e2ef9c123c/providers/Microsoft.Network/locations/westus2/operations/b95d50fe-7f95-45df-bb59-5407ce73d3be?api-version=2021-02-01",
        "Cache-Control": "no-cache",
        "Content-Length": "609",
        "Content-Type": "application/json; charset=utf-8",
        "Date": "Tue, 18 Jan 2022 14:15:48 GMT",
        "Expires": "-1",
        "Pragma": "no-cache",
        "Retry-After": "3",
        "Server": [
          "Microsoft-HTTPAPI/2.0",
          "Microsoft-HTTPAPI/2.0"
        ],
        "Strict-Transport-Security": "max-age=31536000; includeSubDomains",
        "X-Content-Type-Options": "nosniff",
        "x-ms-arm-service-request-id": "af80b139-ae68-4869-af5f-4b28e6553160",
        "x-ms-client-request-id": "f82739540493eb3197b8ee986311d405",
        "x-ms-correlation-request-id": "de3a407c-83ba-44ff-bd34-6ac731b788a6",
        "x-ms-ratelimit-remaining-subscription-writes": "1190",
        "x-ms-request-id": "b95d50fe-7f95-45df-bb59-5407ce73d3be",
        "x-ms-routing-request-id": "SOUTHEASTASIA:20220118T141548Z:de3a407c-83ba-44ff-bd34-6ac731b788a6"
      },
      "ResponseBody": [
        "{\r\n",
        "  \u0022name\u0022: \u0022vnet-166\u0022,\r\n",
        "  \u0022id\u0022: \u0022/subscriptions/db1ab6f0-4769-4b27-930e-01e2ef9c123c/resourceGroups/bastionrg-5755/providers/Microsoft.Network/virtualNetworks/vnet-166\u0022,\r\n",
        "  \u0022etag\u0022: \u0022W/\\\u0022ad734591-8f35-49a1-ab2e-b831cea11af2\\\u0022\u0022,\r\n",
        "  \u0022type\u0022: \u0022Microsoft.Network/virtualNetworks\u0022,\r\n",
        "  \u0022location\u0022: \u0022westus2\u0022,\r\n",
        "  \u0022properties\u0022: {\r\n",
        "    \u0022provisioningState\u0022: \u0022Updating\u0022,\r\n",
        "    \u0022resourceGuid\u0022: \u00228b12ac1d-93f9-4e18-8e17-27436ca922ec\u0022,\r\n",
        "    \u0022addressSpace\u0022: {\r\n",
        "      \u0022addressPrefixes\u0022: [\r\n",
        "        \u002210.0.0.0/16\u0022\r\n",
        "      ]\r\n",
        "    },\r\n",
        "    \u0022subnets\u0022: [],\r\n",
        "    \u0022virtualNetworkPeerings\u0022: [],\r\n",
        "    \u0022enableDdosProtection\u0022: false\r\n",
        "  }\r\n",
        "}"
      ]
    },
    {
      "RequestUri": "https://management.azure.com/subscriptions/db1ab6f0-4769-4b27-930e-01e2ef9c123c/providers/Microsoft.Network/locations/westus2/operations/b95d50fe-7f95-45df-bb59-5407ce73d3be?api-version=2021-02-01",
      "RequestMethod": "GET",
      "RequestHeaders": {
        "Authorization": "Sanitized",
        "User-Agent": "azsdk-net-ResourceManager/1.0.0-alpha.20220118.1 (.NET Framework 4.8.4420.0; Microsoft Windows 10.0.19043 )",
        "x-ms-client-request-id": "08dd768b11fb622a91e26d753c9ceb23",
        "x-ms-return-client-request-id": "true"
      },
      "RequestBody": null,
      "StatusCode": 200,
      "ResponseHeaders": {
        "Cache-Control": "no-cache",
        "Content-Length": "30",
        "Content-Type": "application/json; charset=utf-8",
        "Date": "Tue, 18 Jan 2022 14:15:48 GMT",
        "Expires": "-1",
        "Pragma": "no-cache",
        "Retry-After": "10",
        "Server": [
          "Microsoft-HTTPAPI/2.0",
          "Microsoft-HTTPAPI/2.0"
        ],
        "Strict-Transport-Security": "max-age=31536000; includeSubDomains",
        "X-Content-Type-Options": "nosniff",
        "x-ms-arm-service-request-id": "e6be0002-8671-40d4-a92c-46daa69c6fb7",
        "x-ms-client-request-id": "08dd768b11fb622a91e26d753c9ceb23",
        "x-ms-correlation-request-id": "5f8f73b0-98c9-4dcb-9beb-316313221e8e",
        "x-ms-ratelimit-remaining-subscription-reads": "11949",
        "x-ms-request-id": "9d0d9495-7881-4bab-9bf1-a54504fdf38a",
        "x-ms-routing-request-id": "SOUTHEASTASIA:20220118T141549Z:5f8f73b0-98c9-4dcb-9beb-316313221e8e"
      },
      "ResponseBody": [
        "{\r\n",
        "  \u0022status\u0022: \u0022InProgress\u0022\r\n",
        "}"
      ]
    },
    {
      "RequestUri": "https://management.azure.com/subscriptions/db1ab6f0-4769-4b27-930e-01e2ef9c123c/providers/Microsoft.Network/locations/westus2/operations/b95d50fe-7f95-45df-bb59-5407ce73d3be?api-version=2021-02-01",
      "RequestMethod": "GET",
      "RequestHeaders": {
        "Authorization": "Sanitized",
        "User-Agent": "azsdk-net-ResourceManager/1.0.0-alpha.20220118.1 (.NET Framework 4.8.4420.0; Microsoft Windows 10.0.19043 )",
        "x-ms-client-request-id": "e79b9c5d55402da99c0bfbd40396ad39",
        "x-ms-return-client-request-id": "true"
      },
      "RequestBody": null,
      "StatusCode": 200,
      "ResponseHeaders": {
        "Cache-Control": "no-cache",
        "Content-Length": "29",
        "Content-Type": "application/json; charset=utf-8",
        "Date": "Tue, 18 Jan 2022 14:15:58 GMT",
        "Expires": "-1",
        "Pragma": "no-cache",
        "Server": [
          "Microsoft-HTTPAPI/2.0",
          "Microsoft-HTTPAPI/2.0"
        ],
        "Strict-Transport-Security": "max-age=31536000; includeSubDomains",
        "X-Content-Type-Options": "nosniff",
        "x-ms-arm-service-request-id": "0d2873e3-a470-4dc6-bb2f-9683d1ddb4cf",
        "x-ms-client-request-id": "e79b9c5d55402da99c0bfbd40396ad39",
        "x-ms-correlation-request-id": "ffff8ebf-7c35-4626-a7b6-554c6144e869",
        "x-ms-ratelimit-remaining-subscription-reads": "11948",
        "x-ms-request-id": "4e653b11-8f16-4c04-a939-8210a050a78a",
        "x-ms-routing-request-id": "SOUTHEASTASIA:20220118T141559Z:ffff8ebf-7c35-4626-a7b6-554c6144e869"
      },
      "ResponseBody": [
        "{\r\n",
        "  \u0022status\u0022: \u0022Succeeded\u0022\r\n",
        "}"
      ]
    },
    {
      "RequestUri": "https://management.azure.com/subscriptions/db1ab6f0-4769-4b27-930e-01e2ef9c123c/resourceGroups/bastionrg-5755/providers/Microsoft.Network/virtualNetworks/vnet-166?api-version=2021-02-01",
      "RequestMethod": "GET",
      "RequestHeaders": {
        "Authorization": "Sanitized",
        "User-Agent": "azsdk-net-ResourceManager/1.0.0-alpha.20220118.1 (.NET Framework 4.8.4420.0; Microsoft Windows 10.0.19043 )",
        "x-ms-client-request-id": "ec0d7787cc342b0ae7c31d40b826df60",
        "x-ms-return-client-request-id": "true"
      },
      "RequestBody": null,
      "StatusCode": 200,
      "ResponseHeaders": {
        "Cache-Control": "no-cache",
        "Content-Length": "610",
        "Content-Type": "application/json; charset=utf-8",
        "Date": "Tue, 18 Jan 2022 14:15:59 GMT",
        "ETag": "W/\u0022e6047086-cf10-4799-9287-7b95af48e769\u0022",
        "Expires": "-1",
        "Pragma": "no-cache",
        "Server": [
          "Microsoft-HTTPAPI/2.0",
          "Microsoft-HTTPAPI/2.0"
        ],
        "Strict-Transport-Security": "max-age=31536000; includeSubDomains",
        "X-Content-Type-Options": "nosniff",
        "x-ms-arm-service-request-id": "17c365cb-1bda-45d3-b275-5640d9f8b05d",
        "x-ms-client-request-id": "ec0d7787cc342b0ae7c31d40b826df60",
        "x-ms-correlation-request-id": "c717df6f-c3a8-4e87-a3eb-0dd1226550ba",
        "x-ms-ratelimit-remaining-subscription-reads": "11947",
        "x-ms-request-id": "f10b44e6-26ff-4d73-bb92-2ecd825fc2c8",
        "x-ms-routing-request-id": "SOUTHEASTASIA:20220118T141559Z:c717df6f-c3a8-4e87-a3eb-0dd1226550ba"
      },
      "ResponseBody": [
        "{\r\n",
        "  \u0022name\u0022: \u0022vnet-166\u0022,\r\n",
        "  \u0022id\u0022: \u0022/subscriptions/db1ab6f0-4769-4b27-930e-01e2ef9c123c/resourceGroups/bastionrg-5755/providers/Microsoft.Network/virtualNetworks/vnet-166\u0022,\r\n",
        "  \u0022etag\u0022: \u0022W/\\\u0022e6047086-cf10-4799-9287-7b95af48e769\\\u0022\u0022,\r\n",
        "  \u0022type\u0022: \u0022Microsoft.Network/virtualNetworks\u0022,\r\n",
        "  \u0022location\u0022: \u0022westus2\u0022,\r\n",
        "  \u0022properties\u0022: {\r\n",
        "    \u0022provisioningState\u0022: \u0022Succeeded\u0022,\r\n",
        "    \u0022resourceGuid\u0022: \u00228b12ac1d-93f9-4e18-8e17-27436ca922ec\u0022,\r\n",
        "    \u0022addressSpace\u0022: {\r\n",
        "      \u0022addressPrefixes\u0022: [\r\n",
        "        \u002210.0.0.0/16\u0022\r\n",
        "      ]\r\n",
        "    },\r\n",
        "    \u0022subnets\u0022: [],\r\n",
        "    \u0022virtualNetworkPeerings\u0022: [],\r\n",
        "    \u0022enableDdosProtection\u0022: false\r\n",
        "  }\r\n",
        "}"
      ]
    },
    {
      "RequestUri": "https://management.azure.com/subscriptions/db1ab6f0-4769-4b27-930e-01e2ef9c123c/resourceGroups/bastionrg-5755/providers/Microsoft.Network/virtualNetworks/vnet-166/subnets/AzureBastionSubnet?api-version=2021-02-01",
      "RequestMethod": "PUT",
      "RequestHeaders": {
        "Accept": "application/json",
        "Authorization": "Sanitized",
        "Content-Length": "46",
        "Content-Type": "application/json",
        "User-Agent": "azsdk-net-ResourceManager.Network/1.0.0-alpha.20220118.1 (.NET Framework 4.8.4420.0; Microsoft Windows 10.0.19043 )",
        "x-ms-client-request-id": "a13dddd249c13537cdaf6bf016555ffb",
        "x-ms-return-client-request-id": "true"
      },
      "RequestBody": {
        "properties": {
          "addressPrefix": "10.0.0.0/24"
        }
      },
      "StatusCode": 201,
      "ResponseHeaders": {
        "Azure-AsyncOperation": "https://management.azure.com/subscriptions/db1ab6f0-4769-4b27-930e-01e2ef9c123c/providers/Microsoft.Network/locations/westus2/operations/eb9b9fb8-13a3-40a6-8b1f-5c6b62845e60?api-version=2021-02-01",
        "Cache-Control": "no-cache",
        "Content-Length": "549",
        "Content-Type": "application/json; charset=utf-8",
        "Date": "Tue, 18 Jan 2022 14:15:59 GMT",
        "Expires": "-1",
        "Pragma": "no-cache",
        "Retry-After": "3",
        "Server": [
          "Microsoft-HTTPAPI/2.0",
          "Microsoft-HTTPAPI/2.0"
        ],
        "Strict-Transport-Security": "max-age=31536000; includeSubDomains",
        "X-Content-Type-Options": "nosniff",
        "x-ms-arm-service-request-id": "ec93b7ce-6150-45d2-a19e-f0e90de0c1e7",
        "x-ms-client-request-id": "a13dddd249c13537cdaf6bf016555ffb",
        "x-ms-correlation-request-id": "d42887ec-6265-4abd-b6c3-6159d8ab5743",
        "x-ms-ratelimit-remaining-subscription-writes": "1189",
        "x-ms-request-id": "eb9b9fb8-13a3-40a6-8b1f-5c6b62845e60",
        "x-ms-routing-request-id": "SOUTHEASTASIA:20220118T141600Z:d42887ec-6265-4abd-b6c3-6159d8ab5743"
      },
      "ResponseBody": [
        "{\r\n",
        "  \u0022name\u0022: \u0022AzureBastionSubnet\u0022,\r\n",
        "  \u0022id\u0022: \u0022/subscriptions/db1ab6f0-4769-4b27-930e-01e2ef9c123c/resourceGroups/bastionrg-5755/providers/Microsoft.Network/virtualNetworks/vnet-166/subnets/AzureBastionSubnet\u0022,\r\n",
        "  \u0022etag\u0022: \u0022W/\\\u0022745f5a0d-83e7-4c4e-b7f4-629ce9de23d1\\\u0022\u0022,\r\n",
        "  \u0022properties\u0022: {\r\n",
        "    \u0022provisioningState\u0022: \u0022Updating\u0022,\r\n",
        "    \u0022addressPrefix\u0022: \u002210.0.0.0/24\u0022,\r\n",
        "    \u0022delegations\u0022: [],\r\n",
        "    \u0022privateEndpointNetworkPolicies\u0022: \u0022Enabled\u0022,\r\n",
        "    \u0022privateLinkServiceNetworkPolicies\u0022: \u0022Enabled\u0022\r\n",
        "  },\r\n",
        "  \u0022type\u0022: \u0022Microsoft.Network/virtualNetworks/subnets\u0022\r\n",
        "}"
      ]
    },
    {
      "RequestUri": "https://management.azure.com/subscriptions/db1ab6f0-4769-4b27-930e-01e2ef9c123c/providers/Microsoft.Network/locations/westus2/operations/eb9b9fb8-13a3-40a6-8b1f-5c6b62845e60?api-version=2021-02-01",
      "RequestMethod": "GET",
      "RequestHeaders": {
        "Authorization": "Sanitized",
        "User-Agent": "azsdk-net-ResourceManager/1.0.0-alpha.20220118.1 (.NET Framework 4.8.4420.0; Microsoft Windows 10.0.19043 )",
        "x-ms-client-request-id": "26029a2b0c583d773fd71f8461191592",
        "x-ms-return-client-request-id": "true"
      },
      "RequestBody": null,
      "StatusCode": 200,
      "ResponseHeaders": {
        "Cache-Control": "no-cache",
        "Content-Length": "29",
        "Content-Type": "application/json; charset=utf-8",
        "Date": "Tue, 18 Jan 2022 14:16:00 GMT",
        "Expires": "-1",
        "Pragma": "no-cache",
        "Server": [
          "Microsoft-HTTPAPI/2.0",
          "Microsoft-HTTPAPI/2.0"
        ],
        "Strict-Transport-Security": "max-age=31536000; includeSubDomains",
        "X-Content-Type-Options": "nosniff",
        "x-ms-arm-service-request-id": "3ba6b8b4-88aa-4992-9196-e4245d64f416",
        "x-ms-client-request-id": "26029a2b0c583d773fd71f8461191592",
        "x-ms-correlation-request-id": "0cd9242b-616e-42eb-bd96-309379bd4c8f",
        "x-ms-ratelimit-remaining-subscription-reads": "11946",
        "x-ms-request-id": "15591a7c-a566-486b-9c85-49f3a246f251",
        "x-ms-routing-request-id": "SOUTHEASTASIA:20220118T141600Z:0cd9242b-616e-42eb-bd96-309379bd4c8f"
      },
      "ResponseBody": [
        "{\r\n",
        "  \u0022status\u0022: \u0022Succeeded\u0022\r\n",
        "}"
      ]
    },
    {
      "RequestUri": "https://management.azure.com/subscriptions/db1ab6f0-4769-4b27-930e-01e2ef9c123c/resourceGroups/bastionrg-5755/providers/Microsoft.Network/virtualNetworks/vnet-166/subnets/AzureBastionSubnet?api-version=2021-02-01",
      "RequestMethod": "GET",
      "RequestHeaders": {
        "Authorization": "Sanitized",
        "User-Agent": "azsdk-net-ResourceManager/1.0.0-alpha.20220118.1 (.NET Framework 4.8.4420.0; Microsoft Windows 10.0.19043 )",
        "x-ms-client-request-id": "840c22641937d3d0edac0f5149bafd64",
        "x-ms-return-client-request-id": "true"
      },
      "RequestBody": null,
      "StatusCode": 200,
      "ResponseHeaders": {
        "Cache-Control": "no-cache",
        "Content-Length": "550",
        "Content-Type": "application/json; charset=utf-8",
        "Date": "Tue, 18 Jan 2022 14:16:00 GMT",
        "ETag": "W/\u0022abe24b8b-4855-436c-88bb-61e9de562cf2\u0022",
        "Expires": "-1",
        "Pragma": "no-cache",
        "Server": [
          "Microsoft-HTTPAPI/2.0",
          "Microsoft-HTTPAPI/2.0"
        ],
        "Strict-Transport-Security": "max-age=31536000; includeSubDomains",
        "X-Content-Type-Options": "nosniff",
        "x-ms-arm-service-request-id": "08d24d3e-76a8-41fc-9271-69aff8bcce7e",
        "x-ms-client-request-id": "840c22641937d3d0edac0f5149bafd64",
        "x-ms-correlation-request-id": "23e0f9db-114c-45e7-99d5-d6b9bf3ae57c",
        "x-ms-ratelimit-remaining-subscription-reads": "11945",
        "x-ms-request-id": "45dde5d9-9bd1-4141-85b6-0be4b4782472",
        "x-ms-routing-request-id": "SOUTHEASTASIA:20220118T141600Z:23e0f9db-114c-45e7-99d5-d6b9bf3ae57c"
      },
      "ResponseBody": [
        "{\r\n",
        "  \u0022name\u0022: \u0022AzureBastionSubnet\u0022,\r\n",
        "  \u0022id\u0022: \u0022/subscriptions/db1ab6f0-4769-4b27-930e-01e2ef9c123c/resourceGroups/bastionrg-5755/providers/Microsoft.Network/virtualNetworks/vnet-166/subnets/AzureBastionSubnet\u0022,\r\n",
        "  \u0022etag\u0022: \u0022W/\\\u0022abe24b8b-4855-436c-88bb-61e9de562cf2\\\u0022\u0022,\r\n",
        "  \u0022properties\u0022: {\r\n",
        "    \u0022provisioningState\u0022: \u0022Succeeded\u0022,\r\n",
        "    \u0022addressPrefix\u0022: \u002210.0.0.0/24\u0022,\r\n",
        "    \u0022delegations\u0022: [],\r\n",
        "    \u0022privateEndpointNetworkPolicies\u0022: \u0022Enabled\u0022,\r\n",
        "    \u0022privateLinkServiceNetworkPolicies\u0022: \u0022Enabled\u0022\r\n",
        "  },\r\n",
        "  \u0022type\u0022: \u0022Microsoft.Network/virtualNetworks/subnets\u0022\r\n",
        "}"
      ]
    },
    {
      "RequestUri": "https://management.azure.com/subscriptions/db1ab6f0-4769-4b27-930e-01e2ef9c123c/resourceGroups/bastionrg-5755/providers/Microsoft.Network/publicIPAddresses/ip-7939?api-version=2021-02-01",
      "RequestMethod": "PUT",
      "RequestHeaders": {
        "Accept": "application/json",
        "Authorization": "Sanitized",
        "Content-Length": "99",
        "Content-Type": "application/json",
        "User-Agent": "azsdk-net-ResourceManager.Network/1.0.0-alpha.20220118.1 (.NET Framework 4.8.4420.0; Microsoft Windows 10.0.19043 )",
        "x-ms-client-request-id": "537bc5f4a238bc27b186b8df6b30785b",
        "x-ms-return-client-request-id": "true"
      },
      "RequestBody": {
        "sku": {
          "name": "Standard"
        },
        "location": "westus2",
        "properties": {
          "publicIPAllocationMethod": "Static"
        }
      },
      "StatusCode": 201,
      "ResponseHeaders": {
        "Azure-AsyncNotification": "Enabled",
        "Azure-AsyncOperation": "https://management.azure.com/subscriptions/db1ab6f0-4769-4b27-930e-01e2ef9c123c/providers/Microsoft.Network/locations/westus2/operations/308357e0-e18e-45e5-a54c-d3d43a32aae4?api-version=2021-02-01",
        "Cache-Control": "no-cache",
        "Content-Length": "629",
        "Content-Type": "application/json; charset=utf-8",
        "Date": "Tue, 18 Jan 2022 14:16:03 GMT",
        "Expires": "-1",
        "Pragma": "no-cache",
        "Retry-After": "1",
        "Server": [
          "Microsoft-HTTPAPI/2.0",
          "Microsoft-HTTPAPI/2.0"
        ],
        "Strict-Transport-Security": "max-age=31536000; includeSubDomains",
        "X-Content-Type-Options": "nosniff",
        "x-ms-arm-service-request-id": "0b9a27c6-dfa3-4a54-86b4-1517f7967193",
        "x-ms-client-request-id": "537bc5f4a238bc27b186b8df6b30785b",
        "x-ms-correlation-request-id": "82bbf7a1-e412-476d-ad03-f6baf65cd80a",
        "x-ms-ratelimit-remaining-subscription-writes": "1188",
        "x-ms-request-id": "308357e0-e18e-45e5-a54c-d3d43a32aae4",
        "x-ms-routing-request-id": "SOUTHEASTASIA:20220118T141603Z:82bbf7a1-e412-476d-ad03-f6baf65cd80a"
      },
      "ResponseBody": [
        "{\r\n",
        "  \u0022name\u0022: \u0022ip-7939\u0022,\r\n",
        "  \u0022id\u0022: \u0022/subscriptions/db1ab6f0-4769-4b27-930e-01e2ef9c123c/resourceGroups/bastionrg-5755/providers/Microsoft.Network/publicIPAddresses/ip-7939\u0022,\r\n",
        "  \u0022etag\u0022: \u0022W/\\\u0022186b76fc-a65b-44aa-adbd-2b38a64cef77\\\u0022\u0022,\r\n",
        "  \u0022location\u0022: \u0022westus2\u0022,\r\n",
        "  \u0022properties\u0022: {\r\n",
        "    \u0022provisioningState\u0022: \u0022Updating\u0022,\r\n",
        "    \u0022resourceGuid\u0022: \u0022812d2f6e-f820-4404-ab2b-95affa077605\u0022,\r\n",
        "    \u0022publicIPAddressVersion\u0022: \u0022IPv4\u0022,\r\n",
        "    \u0022publicIPAllocationMethod\u0022: \u0022Static\u0022,\r\n",
        "    \u0022idleTimeoutInMinutes\u0022: 4,\r\n",
        "    \u0022ipTags\u0022: []\r\n",
        "  },\r\n",
        "  \u0022type\u0022: \u0022Microsoft.Network/publicIPAddresses\u0022,\r\n",
        "  \u0022sku\u0022: {\r\n",
        "    \u0022name\u0022: \u0022Standard\u0022,\r\n",
        "    \u0022tier\u0022: \u0022Regional\u0022\r\n",
        "  }\r\n",
        "}"
      ]
    },
    {
      "RequestUri": "https://management.azure.com/subscriptions/db1ab6f0-4769-4b27-930e-01e2ef9c123c/providers/Microsoft.Network/locations/westus2/operations/308357e0-e18e-45e5-a54c-d3d43a32aae4?api-version=2021-02-01",
      "RequestMethod": "GET",
      "RequestHeaders": {
        "Authorization": "Sanitized",
        "User-Agent": "azsdk-net-ResourceManager/1.0.0-alpha.20220118.1 (.NET Framework 4.8.4420.0; Microsoft Windows 10.0.19043 )",
        "x-ms-client-request-id": "546c49ba3e997f2be4c8859318f3827c",
        "x-ms-return-client-request-id": "true"
      },
      "RequestBody": null,
      "StatusCode": 200,
      "ResponseHeaders": {
        "Cache-Control": "no-cache",
        "Content-Length": "29",
        "Content-Type": "application/json; charset=utf-8",
        "Date": "Tue, 18 Jan 2022 14:16:03 GMT",
        "Expires": "-1",
        "Pragma": "no-cache",
        "Server": [
          "Microsoft-HTTPAPI/2.0",
          "Microsoft-HTTPAPI/2.0"
        ],
        "Strict-Transport-Security": "max-age=31536000; includeSubDomains",
        "X-Content-Type-Options": "nosniff",
        "x-ms-arm-service-request-id": "2733f45b-fa73-40a1-a5f7-b0f71e1d5f0f",
        "x-ms-client-request-id": "546c49ba3e997f2be4c8859318f3827c",
        "x-ms-correlation-request-id": "aeb44cf9-0302-43dd-8898-c9916efdf07d",
        "x-ms-ratelimit-remaining-subscription-reads": "11944",
        "x-ms-request-id": "8e3bc55b-4302-4d9a-9068-b03ad8bc5817",
        "x-ms-routing-request-id": "SOUTHEASTASIA:20220118T141604Z:aeb44cf9-0302-43dd-8898-c9916efdf07d"
      },
      "ResponseBody": [
        "{\r\n",
        "  \u0022status\u0022: \u0022Succeeded\u0022\r\n",
        "}"
      ]
    },
    {
      "RequestUri": "https://management.azure.com/subscriptions/db1ab6f0-4769-4b27-930e-01e2ef9c123c/resourceGroups/bastionrg-5755/providers/Microsoft.Network/publicIPAddresses/ip-7939?api-version=2021-02-01",
      "RequestMethod": "GET",
      "RequestHeaders": {
        "Authorization": "Sanitized",
        "User-Agent": "azsdk-net-ResourceManager/1.0.0-alpha.20220118.1 (.NET Framework 4.8.4420.0; Microsoft Windows 10.0.19043 )",
        "x-ms-client-request-id": "a2dcf59708e7b54ab3b124fef62a95bd",
        "x-ms-return-client-request-id": "true"
      },
      "RequestBody": null,
      "StatusCode": 200,
      "ResponseHeaders": {
        "Cache-Control": "no-cache",
        "Content-Length": "666",
        "Content-Type": "application/json; charset=utf-8",
        "Date": "Tue, 18 Jan 2022 14:16:03 GMT",
        "ETag": "W/\u0022f51a71d0-f07f-4f64-a74d-9e24371fa380\u0022",
        "Expires": "-1",
        "Pragma": "no-cache",
        "Server": [
          "Microsoft-HTTPAPI/2.0",
          "Microsoft-HTTPAPI/2.0"
        ],
        "Strict-Transport-Security": "max-age=31536000; includeSubDomains",
        "X-Content-Type-Options": "nosniff",
        "x-ms-arm-service-request-id": "c477e2ab-82af-4e55-9a45-28e3b2946e8d",
        "x-ms-client-request-id": "a2dcf59708e7b54ab3b124fef62a95bd",
        "x-ms-correlation-request-id": "18ab3e40-e521-4173-8a5e-d48e20493baf",
        "x-ms-ratelimit-remaining-subscription-reads": "11943",
        "x-ms-request-id": "3ca0fa07-17aa-49bf-af01-2220baa00bc3",
        "x-ms-routing-request-id": "SOUTHEASTASIA:20220118T141604Z:18ab3e40-e521-4173-8a5e-d48e20493baf"
      },
      "ResponseBody": [
        "{\r\n",
        "  \u0022name\u0022: \u0022ip-7939\u0022,\r\n",
        "  \u0022id\u0022: \u0022/subscriptions/db1ab6f0-4769-4b27-930e-01e2ef9c123c/resourceGroups/bastionrg-5755/providers/Microsoft.Network/publicIPAddresses/ip-7939\u0022,\r\n",
        "  \u0022etag\u0022: \u0022W/\\\u0022f51a71d0-f07f-4f64-a74d-9e24371fa380\\\u0022\u0022,\r\n",
        "  \u0022location\u0022: \u0022westus2\u0022,\r\n",
        "  \u0022properties\u0022: {\r\n",
        "    \u0022provisioningState\u0022: \u0022Succeeded\u0022,\r\n",
        "    \u0022resourceGuid\u0022: \u0022812d2f6e-f820-4404-ab2b-95affa077605\u0022,\r\n",
        "    \u0022ipAddress\u0022: \u002252.156.131.182\u0022,\r\n",
        "    \u0022publicIPAddressVersion\u0022: \u0022IPv4\u0022,\r\n",
        "    \u0022publicIPAllocationMethod\u0022: \u0022Static\u0022,\r\n",
        "    \u0022idleTimeoutInMinutes\u0022: 4,\r\n",
        "    \u0022ipTags\u0022: []\r\n",
        "  },\r\n",
        "  \u0022type\u0022: \u0022Microsoft.Network/publicIPAddresses\u0022,\r\n",
        "  \u0022sku\u0022: {\r\n",
        "    \u0022name\u0022: \u0022Standard\u0022,\r\n",
        "    \u0022tier\u0022: \u0022Regional\u0022\r\n",
        "  }\r\n",
        "}"
      ]
    }
  ],
  "Variables": {
    "RandomSeed": "673405790",
    "RESOURCE_MANAGER_URL": null,
    "SUBSCRIPTION_ID": "db1ab6f0-4769-4b27-930e-01e2ef9c123c"
  }
}