{
  "Entries": [
    {
      "RequestUri": "https://management.azure.com/subscriptions/db1ab6f0-4769-4b27-930e-01e2ef9c123c?api-version=2021-01-01",
      "RequestMethod": "GET",
      "RequestHeaders": {
        "Accept": "application/json",
        "Authorization": "Sanitized",
        "traceparent": "00-446c39b1ecf2824181a253cb7127ab67-502c3c649e72af40-00",
        "User-Agent": "azsdk-net-ResourceManager/1.0.0-alpha.20220118.1 (.NET Framework 4.8.4420.0; Microsoft Windows 10.0.19043 )",
        "x-ms-client-request-id": "0b7c525b4e6ba9cbe70294a532af8c19",
        "x-ms-return-client-request-id": "true"
      },
      "RequestBody": null,
      "StatusCode": 200,
      "ResponseHeaders": {
        "Cache-Control": "no-cache",
        "Content-Length": "468",
        "Content-Type": "application/json; charset=utf-8",
        "Date": "Tue, 18 Jan 2022 15:03:01 GMT",
        "Expires": "-1",
        "Pragma": "no-cache",
        "Strict-Transport-Security": "max-age=31536000; includeSubDomains",
        "X-Content-Type-Options": "nosniff",
        "x-ms-correlation-request-id": "a3fd75db-cd41-4a08-ad54-a567a10c62ad",
        "x-ms-ratelimit-remaining-subscription-reads": "11986",
        "x-ms-request-id": "a3fd75db-cd41-4a08-ad54-a567a10c62ad",
        "x-ms-routing-request-id": "SOUTHEASTASIA:20220118T150301Z:a3fd75db-cd41-4a08-ad54-a567a10c62ad"
      },
      "ResponseBody": {
        "id": "/subscriptions/db1ab6f0-4769-4b27-930e-01e2ef9c123c",
        "authorizationSource": "RoleBased",
        "managedByTenants": [],
        "tags": {
          "tagKey1": "tagValue1",
          "tagKey2": "tagValue2"
        },
        "subscriptionId": "db1ab6f0-4769-4b27-930e-01e2ef9c123c",
        "tenantId": "72f988bf-86f1-41af-91ab-2d7cd011db47",
        "displayName": ".NET Mgmt SDK Test with TTL = 1 Day",
        "state": "Enabled",
        "subscriptionPolicies": {
          "locationPlacementId": "Internal_2014-09-01",
          "quotaId": "Internal_2014-09-01",
          "spendingLimit": "Off"
        }
      }
    },
    {
      "RequestUri": "https://management.azure.com/subscriptions/db1ab6f0-4769-4b27-930e-01e2ef9c123c/resourcegroups/bastionrg-5755?api-version=2021-04-01",
      "RequestMethod": "GET",
      "RequestHeaders": {
        "Accept": "application/json",
        "Authorization": "Sanitized",
        "traceparent": "00-09a65691fc68fd4bb8bd671b9e95c2cf-3e1091ee79a6a14f-00",
        "User-Agent": "azsdk-net-ResourceManager/1.0.0-alpha.20220118.1 (.NET Framework 4.8.4420.0; Microsoft Windows 10.0.19043 )",
        "x-ms-client-request-id": "3843ab835b9129847fba71cc730d6cd5",
        "x-ms-return-client-request-id": "true"
      },
      "RequestBody": null,
      "StatusCode": 200,
      "ResponseHeaders": {
        "Cache-Control": "no-cache",
        "Content-Length": "236",
        "Content-Type": "application/json; charset=utf-8",
        "Date": "Tue, 18 Jan 2022 15:03:01 GMT",
        "Expires": "-1",
        "Pragma": "no-cache",
        "Strict-Transport-Security": "max-age=31536000; includeSubDomains",
        "X-Content-Type-Options": "nosniff",
        "x-ms-correlation-request-id": "999a0404-45ce-4365-9391-6652f20d63c7",
        "x-ms-ratelimit-remaining-subscription-reads": "11985",
        "x-ms-request-id": "999a0404-45ce-4365-9391-6652f20d63c7",
        "x-ms-routing-request-id": "SOUTHEASTASIA:20220118T150301Z:999a0404-45ce-4365-9391-6652f20d63c7"
      },
      "ResponseBody": {
        "id": "/subscriptions/db1ab6f0-4769-4b27-930e-01e2ef9c123c/resourceGroups/bastionrg-5755",
        "name": "bastionrg-5755",
        "type": "Microsoft.Resources/resourceGroups",
        "location": "westus2",
        "tags": {},
        "properties": {
          "provisioningState": "Succeeded"
        }
      }
    },
    {
      "RequestUri": "https://management.azure.com/subscriptions/db1ab6f0-4769-4b27-930e-01e2ef9c123c/resourceGroups/bastionrg-5755/providers/Microsoft.Network/virtualNetworks/vnet-166?api-version=2021-02-01",
      "RequestMethod": "GET",
      "RequestHeaders": {
        "Accept": "application/json",
        "Authorization": "Sanitized",
        "User-Agent": "azsdk-net-ResourceManager.Network/1.0.0-alpha.20220118.1 (.NET Framework 4.8.4420.0; Microsoft Windows 10.0.19043 )",
        "x-ms-client-request-id": "b1242bbdc5b039714d76510e599ea4f1",
        "x-ms-return-client-request-id": "true"
      },
      "RequestBody": null,
      "StatusCode": 200,
      "ResponseHeaders": {
        "Cache-Control": "no-cache",
        "Content-Length": "1771",
        "Content-Type": "application/json; charset=utf-8",
        "Date": "Tue, 18 Jan 2022 15:03:01 GMT",
        "ETag": "W/\u0022d1810891-1f9c-45b9-96e4-567d4db4e9b9\u0022",
        "Expires": "-1",
        "Pragma": "no-cache",
        "Server": [
          "Microsoft-HTTPAPI/2.0",
          "Microsoft-HTTPAPI/2.0"
        ],
        "Strict-Transport-Security": "max-age=31536000; includeSubDomains",
        "X-Content-Type-Options": "nosniff",
        "x-ms-arm-service-request-id": "b3bdfe20-a957-413e-924c-953e84effc17",
        "x-ms-client-request-id": "b1242bbdc5b039714d76510e599ea4f1",
        "x-ms-correlation-request-id": "46d79276-c706-4a0e-8a7c-3ffe6fa91b81",
        "x-ms-ratelimit-remaining-subscription-reads": "11984",
        "x-ms-request-id": "7bb55599-c3e1-4a55-97a2-4604489ceb51",
        "x-ms-routing-request-id": "SOUTHEASTASIA:20220118T150301Z:46d79276-c706-4a0e-8a7c-3ffe6fa91b81"
      },
      "ResponseBody": [
        "{\r\n",
        "  \u0022name\u0022: \u0022vnet-166\u0022,\r\n",
        "  \u0022id\u0022: \u0022/subscriptions/db1ab6f0-4769-4b27-930e-01e2ef9c123c/resourceGroups/bastionrg-5755/providers/Microsoft.Network/virtualNetworks/vnet-166\u0022,\r\n",
        "  \u0022etag\u0022: \u0022W/\\\u0022d1810891-1f9c-45b9-96e4-567d4db4e9b9\\\u0022\u0022,\r\n",
        "  \u0022type\u0022: \u0022Microsoft.Network/virtualNetworks\u0022,\r\n",
        "  \u0022location\u0022: \u0022westus2\u0022,\r\n",
        "  \u0022properties\u0022: {\r\n",
        "    \u0022provisioningState\u0022: \u0022Succeeded\u0022,\r\n",
        "    \u0022resourceGuid\u0022: \u00228b12ac1d-93f9-4e18-8e17-27436ca922ec\u0022,\r\n",
        "    \u0022addressSpace\u0022: {\r\n",
        "      \u0022addressPrefixes\u0022: [\r\n",
        "        \u002210.0.0.0/16\u0022\r\n",
        "      ]\r\n",
        "    },\r\n",
        "    \u0022subnets\u0022: [\r\n",
        "      {\r\n",
        "        \u0022name\u0022: \u0022AzureBastionSubnet\u0022,\r\n",
        "        \u0022id\u0022: \u0022/subscriptions/db1ab6f0-4769-4b27-930e-01e2ef9c123c/resourceGroups/bastionrg-5755/providers/Microsoft.Network/virtualNetworks/vnet-166/subnets/AzureBastionSubnet\u0022,\r\n",
        "        \u0022etag\u0022: \u0022W/\\\u0022d1810891-1f9c-45b9-96e4-567d4db4e9b9\\\u0022\u0022,\r\n",
        "        \u0022properties\u0022: {\r\n",
        "          \u0022provisioningState\u0022: \u0022Succeeded\u0022,\r\n",
        "          \u0022addressPrefix\u0022: \u002210.0.0.0/24\u0022,\r\n",
        "          \u0022routeTable\u0022: {\r\n",
        "            \u0022id\u0022: \u0022/subscriptions/db1ab6f0-4769-4b27-930e-01e2ef9c123c/resourceGroups/bastionrg-5755/providers/Microsoft.Network/routeTables/_e41f87a2_AZBST_RT_a7073580-c647-431f-b329-f3d68e5206da\u0022\r\n",
        "          },\r\n",
        "          \u0022ipConfigurations\u0022: [\r\n",
        "            {\r\n",
        "              \u0022id\u0022: \u0022/subscriptions/db1ab6f0-4769-4b27-930e-01e2ef9c123c/resourceGroups/bastionrg-5755/providers/Microsoft.Network/bastionHosts/bastion-7725/bastionHostIpConfigurations/bastionIPConfig-8926\u0022\r\n",
        "            }\r\n",
        "          ],\r\n",
        "          \u0022delegations\u0022: [],\r\n",
        "          \u0022privateEndpointNetworkPolicies\u0022: \u0022Enabled\u0022,\r\n",
        "          \u0022privateLinkServiceNetworkPolicies\u0022: \u0022Enabled\u0022\r\n",
        "        },\r\n",
        "        \u0022type\u0022: \u0022Microsoft.Network/virtualNetworks/subnets\u0022\r\n",
        "      }\r\n",
        "    ],\r\n",
        "    \u0022virtualNetworkPeerings\u0022: [],\r\n",
        "    \u0022enableDdosProtection\u0022: false\r\n",
        "  }\r\n",
        "}"
      ]
    },
    {
      "RequestUri": "https://management.azure.com/subscriptions/db1ab6f0-4769-4b27-930e-01e2ef9c123c/resourceGroups/bastionrg-5755/providers/Microsoft.Network/virtualNetworks/vnet-166/subnets/AzureBastionSubnet?api-version=2021-02-01",
      "RequestMethod": "GET",
      "RequestHeaders": {
        "Accept": "application/json",
        "Authorization": "Sanitized",
        "User-Agent": "azsdk-net-ResourceManager.Network/1.0.0-alpha.20220118.1 (.NET Framework 4.8.4420.0; Microsoft Windows 10.0.19043 )",
        "x-ms-client-request-id": "722b32dcd267005fce528bb0dcfe36da",
        "x-ms-return-client-request-id": "true"
      },
      "RequestBody": null,
      "StatusCode": 200,
      "ResponseHeaders": {
        "Cache-Control": "no-cache",
        "Content-Length": "1027",
        "Content-Type": "application/json; charset=utf-8",
        "Date": "Tue, 18 Jan 2022 15:03:01 GMT",
        "ETag": "W/\u0022d1810891-1f9c-45b9-96e4-567d4db4e9b9\u0022",
        "Expires": "-1",
        "Pragma": "no-cache",
        "Server": [
          "Microsoft-HTTPAPI/2.0",
          "Microsoft-HTTPAPI/2.0"
        ],
        "Strict-Transport-Security": "max-age=31536000; includeSubDomains",
        "X-Content-Type-Options": "nosniff",
        "x-ms-arm-service-request-id": "78a887a8-78d7-41e6-8b20-3b35c91ad18c",
        "x-ms-client-request-id": "722b32dcd267005fce528bb0dcfe36da",
        "x-ms-correlation-request-id": "21491c9a-4009-461b-b338-9fc6460af3d8",
        "x-ms-ratelimit-remaining-subscription-reads": "11983",
        "x-ms-request-id": "385bfb6d-8582-46a6-bd8c-65fd2faad0c7",
        "x-ms-routing-request-id": "SOUTHEASTASIA:20220118T150302Z:21491c9a-4009-461b-b338-9fc6460af3d8"
      },
      "ResponseBody": [
        "{\r\n",
        "  \u0022name\u0022: \u0022AzureBastionSubnet\u0022,\r\n",
        "  \u0022id\u0022: \u0022/subscriptions/db1ab6f0-4769-4b27-930e-01e2ef9c123c/resourceGroups/bastionrg-5755/providers/Microsoft.Network/virtualNetworks/vnet-166/subnets/AzureBastionSubnet\u0022,\r\n",
        "  \u0022etag\u0022: \u0022W/\\\u0022d1810891-1f9c-45b9-96e4-567d4db4e9b9\\\u0022\u0022,\r\n",
        "  \u0022properties\u0022: {\r\n",
        "    \u0022provisioningState\u0022: \u0022Succeeded\u0022,\r\n",
        "    \u0022addressPrefix\u0022: \u002210.0.0.0/24\u0022,\r\n",
        "    \u0022routeTable\u0022: {\r\n",
        "      \u0022id\u0022: \u0022/subscriptions/db1ab6f0-4769-4b27-930e-01e2ef9c123c/resourceGroups/bastionrg-5755/providers/Microsoft.Network/routeTables/_e41f87a2_AZBST_RT_a7073580-c647-431f-b329-f3d68e5206da\u0022\r\n",
        "    },\r\n",
        "    \u0022ipConfigurations\u0022: [\r\n",
        "      {\r\n",
        "        \u0022id\u0022: \u0022/subscriptions/db1ab6f0-4769-4b27-930e-01e2ef9c123c/resourceGroups/bastionrg-5755/providers/Microsoft.Network/bastionHosts/bastion-7725/bastionHostIpConfigurations/bastionIPConfig-8926\u0022\r\n",
        "      }\r\n",
        "    ],\r\n",
        "    \u0022delegations\u0022: [],\r\n",
        "    \u0022privateEndpointNetworkPolicies\u0022: \u0022Enabled\u0022,\r\n",
        "    \u0022privateLinkServiceNetworkPolicies\u0022: \u0022Enabled\u0022\r\n",
        "  },\r\n",
        "  \u0022type\u0022: \u0022Microsoft.Network/virtualNetworks/subnets\u0022\r\n",
        "}"
      ]
    },
    {
      "RequestUri": "https://management.azure.com/subscriptions/db1ab6f0-4769-4b27-930e-01e2ef9c123c/resourceGroups/bastionrg-5755/providers/Microsoft.Network/publicIPAddresses/ip-7939?api-version=2021-02-01",
      "RequestMethod": "GET",
      "RequestHeaders": {
        "Accept": "application/json",
        "Authorization": "Sanitized",
        "User-Agent": "azsdk-net-ResourceManager.Network/1.0.0-alpha.20220118.1 (.NET Framework 4.8.4420.0; Microsoft Windows 10.0.19043 )",
        "x-ms-client-request-id": "07e7be95da8bbe693a0aeb1a0a75d0e1",
        "x-ms-return-client-request-id": "true"
      },
      "RequestBody": null,
      "StatusCode": 200,
      "ResponseHeaders": {
        "Cache-Control": "no-cache",
        "Content-Length": "900",
        "Content-Type": "application/json; charset=utf-8",
        "Date": "Tue, 18 Jan 2022 15:03:02 GMT",
        "ETag": "W/\u00221a69a3ed-339a-4154-99bb-9a4273c25798\u0022",
        "Expires": "-1",
        "Pragma": "no-cache",
        "Server": [
          "Microsoft-HTTPAPI/2.0",
          "Microsoft-HTTPAPI/2.0"
        ],
        "Strict-Transport-Security": "max-age=31536000; includeSubDomains",
        "X-Content-Type-Options": "nosniff",
        "x-ms-arm-service-request-id": "ec749cd3-f4c3-4058-80d8-59fd1c6237cb",
        "x-ms-client-request-id": "07e7be95da8bbe693a0aeb1a0a75d0e1",
        "x-ms-correlation-request-id": "7154e0e0-e6f7-4c1e-b832-64591d2fe50f",
        "x-ms-ratelimit-remaining-subscription-reads": "11982",
        "x-ms-request-id": "1b3cad58-282e-496a-b9cb-9bbd221b6c9d",
        "x-ms-routing-request-id": "SOUTHEASTASIA:20220118T150302Z:7154e0e0-e6f7-4c1e-b832-64591d2fe50f"
      },
      "ResponseBody": [
        "{\r\n",
        "  \u0022name\u0022: \u0022ip-7939\u0022,\r\n",
        "  \u0022id\u0022: \u0022/subscriptions/db1ab6f0-4769-4b27-930e-01e2ef9c123c/resourceGroups/bastionrg-5755/providers/Microsoft.Network/publicIPAddresses/ip-7939\u0022,\r\n",
        "  \u0022etag\u0022: \u0022W/\\\u00221a69a3ed-339a-4154-99bb-9a4273c25798\\\u0022\u0022,\r\n",
        "  \u0022location\u0022: \u0022westus2\u0022,\r\n",
        "  \u0022properties\u0022: {\r\n",
        "    \u0022provisioningState\u0022: \u0022Succeeded\u0022,\r\n",
        "    \u0022resourceGuid\u0022: \u0022812d2f6e-f820-4404-ab2b-95affa077605\u0022,\r\n",
        "    \u0022ipAddress\u0022: \u002252.156.131.182\u0022,\r\n",
        "    \u0022publicIPAddressVersion\u0022: \u0022IPv4\u0022,\r\n",
        "    \u0022publicIPAllocationMethod\u0022: \u0022Static\u0022,\r\n",
        "    \u0022idleTimeoutInMinutes\u0022: 4,\r\n",
        "    \u0022ipTags\u0022: [],\r\n",
        "    \u0022ipConfiguration\u0022: {\r\n",
        "      \u0022id\u0022: \u0022/subscriptions/db1ab6f0-4769-4b27-930e-01e2ef9c123c/resourceGroups/bastionrg-5755/providers/Microsoft.Network/bastionHosts/bastion-7725/bastionHostIpConfigurations/bastionIPConfig-8926\u0022\r\n",
        "    }\r\n",
        "  },\r\n",
        "  \u0022type\u0022: \u0022Microsoft.Network/publicIPAddresses\u0022,\r\n",
        "  \u0022sku\u0022: {\r\n",
        "    \u0022name\u0022: \u0022Standard\u0022,\r\n",
        "    \u0022tier\u0022: \u0022Regional\u0022\r\n",
        "  }\r\n",
        "}"
      ]
    },
    {
      "RequestUri": "https://management.azure.com/subscriptions/db1ab6f0-4769-4b27-930e-01e2ef9c123c/resourceGroups/bastionrg-5755/providers/Microsoft.Network/bastionHosts/bastion-7725?api-version=2021-02-01",
      "RequestMethod": "PUT",
      "RequestHeaders": {
        "Accept": "application/json",
        "Authorization": "Sanitized",
        "Content-Length": "448",
        "Content-Type": "application/json",
        "User-Agent": "azsdk-net-ResourceManager.Network/1.0.0-alpha.20220118.1 (.NET Framework 4.8.4420.0; Microsoft Windows 10.0.19043 )",
        "x-ms-client-request-id": "e140ef7f6df9cbea24e35d39c05d4e40",
        "x-ms-return-client-request-id": "true"
      },
      "RequestBody": {
        "location": "westus2",
        "properties": {
          "ipConfigurations": [
            {
              "name": "bastionIPConfig-8926",
              "properties": {
                "subnet": {
                  "id": "/subscriptions/db1ab6f0-4769-4b27-930e-01e2ef9c123c/resourceGroups/bastionrg-5755/providers/Microsoft.Network/virtualNetworks/vnet-166/subnets/AzureBastionSubnet"
                },
                "publicIPAddress": {
                  "id": "/subscriptions/db1ab6f0-4769-4b27-930e-01e2ef9c123c/resourceGroups/bastionrg-5755/providers/Microsoft.Network/publicIPAddresses/ip-7939"
                }
              }
            }
          ]
        }
      },
      "StatusCode": 200,
      "ResponseHeaders": {
        "Azure-AsyncNotification": "Enabled",
        "Azure-AsyncOperation": "https://management.azure.com/subscriptions/db1ab6f0-4769-4b27-930e-01e2ef9c123c/providers/Microsoft.Network/locations/westus2/operations/f7837361-0990-4ac2-ae75-3f4426648375?api-version=2021-02-01",
        "Cache-Control": "no-cache",
        "Content-Length": "1535",
        "Content-Type": "application/json; charset=utf-8",
        "Date": "Tue, 18 Jan 2022 15:03:07 GMT",
        "Expires": "-1",
        "Pragma": "no-cache",
        "Server": [
          "Microsoft-HTTPAPI/2.0",
          "Microsoft-HTTPAPI/2.0"
        ],
        "Strict-Transport-Security": "max-age=31536000; includeSubDomains",
        "X-Content-Type-Options": "nosniff",
        "x-ms-arm-service-request-id": "500b3ae1-184d-4cdb-aba7-dc918b2a79e3",
        "x-ms-client-request-id": "e140ef7f6df9cbea24e35d39c05d4e40",
        "x-ms-correlation-request-id": "d6d618ae-11c1-4f9a-98bc-d312fcefd5f2",
        "x-ms-ratelimit-remaining-subscription-writes": "1198",
        "x-ms-request-id": "f7837361-0990-4ac2-ae75-3f4426648375",
        "x-ms-routing-request-id": "SOUTHEASTASIA:20220118T150307Z:d6d618ae-11c1-4f9a-98bc-d312fcefd5f2"
      },
      "ResponseBody": [
        "{\r\n",
        "  \u0022name\u0022: \u0022bastion-7725\u0022,\r\n",
        "  \u0022id\u0022: \u0022/subscriptions/db1ab6f0-4769-4b27-930e-01e2ef9c123c/resourceGroups/bastionrg-5755/providers/Microsoft.Network/bastionHosts/bastion-7725\u0022,\r\n",
        "  \u0022etag\u0022: \u0022W/\\\u0022e72db706-8d6e-497d-b68c-02ad6b6450eb\\\u0022\u0022,\r\n",
        "  \u0022type\u0022: \u0022Microsoft.Network/bastionHosts\u0022,\r\n",
        "  \u0022location\u0022: \u0022westus2\u0022,\r\n",
        "  \u0022properties\u0022: {\r\n",
        "    \u0022provisioningState\u0022: \u0022Succeeded\u0022,\r\n",
        "    \u0022dnsName\u0022: \u0022bst-a7073580-c647-431f-b329-f3d68e5206da.bastion.azure.com\u0022,\r\n",
        "    \u0022scaleUnits\u0022: 2,\r\n",
        "    \u0022ipConfigurations\u0022: [\r\n",
        "      {\r\n",
        "        \u0022name\u0022: \u0022bastionIPConfig-8926\u0022,\r\n",
        "        \u0022id\u0022: \u0022/subscriptions/db1ab6f0-4769-4b27-930e-01e2ef9c123c/resourceGroups/bastionrg-5755/providers/Microsoft.Network/bastionHosts/bastion-7725/bastionHostIpConfigurations/bastionIPConfig-8926\u0022,\r\n",
        "        \u0022etag\u0022: \u0022W/\\\u0022e72db706-8d6e-497d-b68c-02ad6b6450eb\\\u0022\u0022,\r\n",
        "        \u0022type\u0022: \u0022Microsoft.Network/bastionHosts/bastionHostIpConfigurations\u0022,\r\n",
        "        \u0022properties\u0022: {\r\n",
        "          \u0022provisioningState\u0022: \u0022Succeeded\u0022,\r\n",
        "          \u0022privateIPAllocationMethod\u0022: \u0022Dynamic\u0022,\r\n",
        "          \u0022publicIPAddress\u0022: {\r\n",
        "            \u0022id\u0022: \u0022/subscriptions/db1ab6f0-4769-4b27-930e-01e2ef9c123c/resourceGroups/bastionrg-5755/providers/Microsoft.Network/publicIPAddresses/ip-7939\u0022\r\n",
        "          },\r\n",
        "          \u0022subnet\u0022: {\r\n",
        "            \u0022id\u0022: \u0022/subscriptions/db1ab6f0-4769-4b27-930e-01e2ef9c123c/resourceGroups/bastionrg-5755/providers/Microsoft.Network/virtualNetworks/vnet-166/subnets/AzureBastionSubnet\u0022\r\n",
        "          }\r\n",
        "        }\r\n",
        "      }\r\n",
        "    ],\r\n",
        "    \u0022bastionShareableLinks\u0022: {}\r\n",
        "  },\r\n",
        "  \u0022sku\u0022: {\r\n",
        "    \u0022name\u0022: \u0022Basic\u0022\r\n",
        "  }\r\n",
        "}"
      ]
    },
    {
      "RequestUri": "https://management.azure.com/subscriptions/db1ab6f0-4769-4b27-930e-01e2ef9c123c/providers/Microsoft.Network/locations/westus2/operations/f7837361-0990-4ac2-ae75-3f4426648375?api-version=2021-02-01",
      "RequestMethod": "GET",
      "RequestHeaders": {
        "Authorization": "Sanitized",
        "User-Agent": "azsdk-net-ResourceManager/1.0.0-alpha.20220118.1 (.NET Framework 4.8.4420.0; Microsoft Windows 10.0.19043 )",
        "x-ms-client-request-id": "0e5c9aa9f9f5509bfc3b66f70c8479ac",
        "x-ms-return-client-request-id": "true"
      },
      "RequestBody": null,
      "StatusCode": 200,
      "ResponseHeaders": {
        "Cache-Control": "no-cache",
        "Content-Length": "29",
        "Content-Type": "application/json; charset=utf-8",
        "Date": "Tue, 18 Jan 2022 15:03:07 GMT",
        "Expires": "-1",
        "Pragma": "no-cache",
        "Server": [
          "Microsoft-HTTPAPI/2.0",
          "Microsoft-HTTPAPI/2.0"
        ],
        "Strict-Transport-Security": "max-age=31536000; includeSubDomains",
        "X-Content-Type-Options": "nosniff",
        "x-ms-arm-service-request-id": "3d8d01f1-e19f-43c9-8245-5e629b6ad8f0",
        "x-ms-client-request-id": "0e5c9aa9f9f5509bfc3b66f70c8479ac",
        "x-ms-correlation-request-id": "d5012663-fd0d-4921-9fae-49fd7830a5e8",
        "x-ms-ratelimit-remaining-subscription-reads": "11981",
        "x-ms-request-id": "e65b4c88-fa0d-4762-a0a7-373b92822d28",
        "x-ms-routing-request-id": "SOUTHEASTASIA:20220118T150307Z:d5012663-fd0d-4921-9fae-49fd7830a5e8"
      },
      "ResponseBody": [
        "{\r\n",
        "  \u0022status\u0022: \u0022Succeeded\u0022\r\n",
        "}"
      ]
    },
    {
      "RequestUri": "https://management.azure.com/subscriptions/db1ab6f0-4769-4b27-930e-01e2ef9c123c/resourceGroups/bastionrg-5755/providers/Microsoft.Network/bastionHosts/bastion-7725?api-version=2021-02-01",
      "RequestMethod": "GET",
      "RequestHeaders": {
        "Authorization": "Sanitized",
        "User-Agent": "azsdk-net-ResourceManager/1.0.0-alpha.20220118.1 (.NET Framework 4.8.4420.0; Microsoft Windows 10.0.19043 )",
        "x-ms-client-request-id": "fc93da9c2a351978ed7773c11003862e",
        "x-ms-return-client-request-id": "true"
      },
      "RequestBody": null,
      "StatusCode": 200,
      "ResponseHeaders": {
        "Cache-Control": "no-cache",
        "Content-Length": "1535",
        "Content-Type": "application/json; charset=utf-8",
        "Date": "Tue, 18 Jan 2022 15:03:07 GMT",
        "ETag": "W/\u0022e72db706-8d6e-497d-b68c-02ad6b6450eb\u0022",
        "Expires": "-1",
        "Pragma": "no-cache",
        "Server": [
          "Microsoft-HTTPAPI/2.0",
          "Microsoft-HTTPAPI/2.0"
        ],
        "Strict-Transport-Security": "max-age=31536000; includeSubDomains",
        "X-Content-Type-Options": "nosniff",
        "x-ms-arm-service-request-id": "36e3cdda-c25a-4a61-b83c-4dd0098cac9e",
        "x-ms-client-request-id": "fc93da9c2a351978ed7773c11003862e",
        "x-ms-correlation-request-id": "b42ee964-6b9c-4ffe-b751-39e5e86da9c1",
        "x-ms-ratelimit-remaining-subscription-reads": "11980",
        "x-ms-request-id": "94cf0a17-5111-4fbe-ad88-d316be33276c",
        "x-ms-routing-request-id": "SOUTHEASTASIA:20220118T150308Z:b42ee964-6b9c-4ffe-b751-39e5e86da9c1"
      },
      "ResponseBody": [
        "{\r\n",
        "  \u0022name\u0022: \u0022bastion-7725\u0022,\r\n",
        "  \u0022id\u0022: \u0022/subscriptions/db1ab6f0-4769-4b27-930e-01e2ef9c123c/resourceGroups/bastionrg-5755/providers/Microsoft.Network/bastionHosts/bastion-7725\u0022,\r\n",
        "  \u0022etag\u0022: \u0022W/\\\u0022e72db706-8d6e-497d-b68c-02ad6b6450eb\\\u0022\u0022,\r\n",
        "  \u0022type\u0022: \u0022Microsoft.Network/bastionHosts\u0022,\r\n",
        "  \u0022location\u0022: \u0022westus2\u0022,\r\n",
        "  \u0022properties\u0022: {\r\n",
        "    \u0022provisioningState\u0022: \u0022Succeeded\u0022,\r\n",
        "    \u0022dnsName\u0022: \u0022bst-a7073580-c647-431f-b329-f3d68e5206da.bastion.azure.com\u0022,\r\n",
        "    \u0022scaleUnits\u0022: 2,\r\n",
        "    \u0022ipConfigurations\u0022: [\r\n",
        "      {\r\n",
        "        \u0022name\u0022: \u0022bastionIPConfig-8926\u0022,\r\n",
        "        \u0022id\u0022: \u0022/subscriptions/db1ab6f0-4769-4b27-930e-01e2ef9c123c/resourceGroups/bastionrg-5755/providers/Microsoft.Network/bastionHosts/bastion-7725/bastionHostIpConfigurations/bastionIPConfig-8926\u0022,\r\n",
        "        \u0022etag\u0022: \u0022W/\\\u0022e72db706-8d6e-497d-b68c-02ad6b6450eb\\\u0022\u0022,\r\n",
        "        \u0022type\u0022: \u0022Microsoft.Network/bastionHosts/bastionHostIpConfigurations\u0022,\r\n",
        "        \u0022properties\u0022: {\r\n",
        "          \u0022provisioningState\u0022: \u0022Succeeded\u0022,\r\n",
        "          \u0022privateIPAllocationMethod\u0022: \u0022Dynamic\u0022,\r\n",
        "          \u0022publicIPAddress\u0022: {\r\n",
        "            \u0022id\u0022: \u0022/subscriptions/db1ab6f0-4769-4b27-930e-01e2ef9c123c/resourceGroups/bastionrg-5755/providers/Microsoft.Network/publicIPAddresses/ip-7939\u0022\r\n",
        "          },\r\n",
        "          \u0022subnet\u0022: {\r\n",
        "            \u0022id\u0022: \u0022/subscriptions/db1ab6f0-4769-4b27-930e-01e2ef9c123c/resourceGroups/bastionrg-5755/providers/Microsoft.Network/virtualNetworks/vnet-166/subnets/AzureBastionSubnet\u0022\r\n",
        "          }\r\n",
        "        }\r\n",
        "      }\r\n",
        "    ],\r\n",
        "    \u0022bastionShareableLinks\u0022: {}\r\n",
        "  },\r\n",
        "  \u0022sku\u0022: {\r\n",
        "    \u0022name\u0022: \u0022Basic\u0022\r\n",
        "  }\r\n",
        "}"
      ]
    },
    {
      "RequestUri": "https://management.azure.com/subscriptions/db1ab6f0-4769-4b27-930e-01e2ef9c123c/resourceGroups/bastionrg-5755/providers/Microsoft.Network/bastionHosts/bastion-7725?api-version=2021-02-01",
      "RequestMethod": "DELETE",
      "RequestHeaders": {
        "Accept": "application/json",
        "Authorization": "Sanitized",
        "User-Agent": "azsdk-net-ResourceManager.Network/1.0.0-alpha.20220118.1 (.NET Framework 4.8.4420.0; Microsoft Windows 10.0.19043 )",
        "x-ms-client-request-id": "2690da8a3f007d4bdc49ba61000bbce8",
        "x-ms-return-client-request-id": "true"
      },
      "RequestBody": null,
      "StatusCode": 202,
      "ResponseHeaders": {
        "Azure-AsyncNotification": "Enabled",
        "Azure-AsyncOperation": "https://management.azure.com/subscriptions/db1ab6f0-4769-4b27-930e-01e2ef9c123c/providers/Microsoft.Network/locations/westus2/operations/bb77a705-3b07-4f98-9d3c-132a539cdeeb?api-version=2021-02-01",
        "Cache-Control": "no-cache",
        "Content-Length": "0",
        "Date": "Tue, 18 Jan 2022 15:03:08 GMT",
        "Expires": "-1",
        "Location": "https://management.azure.com/subscriptions/db1ab6f0-4769-4b27-930e-01e2ef9c123c/providers/Microsoft.Network/locations/westus2/operationResults/bb77a705-3b07-4f98-9d3c-132a539cdeeb?api-version=2021-02-01",
        "Pragma": "no-cache",
        "Retry-After": "10",
        "Server": [
          "Microsoft-HTTPAPI/2.0",
          "Microsoft-HTTPAPI/2.0"
        ],
        "Strict-Transport-Security": "max-age=31536000; includeSubDomains",
        "X-Content-Type-Options": "nosniff",
        "x-ms-arm-service-request-id": "fafc15fa-18f4-4520-80af-97c010f97239",
        "x-ms-client-request-id": "2690da8a3f007d4bdc49ba61000bbce8",
        "x-ms-correlation-request-id": "854eda75-645c-463b-92d9-79323da4aa0d",
        "x-ms-ratelimit-remaining-subscription-deletes": "14999",
        "x-ms-request-id": "bb77a705-3b07-4f98-9d3c-132a539cdeeb",
        "x-ms-routing-request-id": "SOUTHEASTASIA:20220118T150308Z:854eda75-645c-463b-92d9-79323da4aa0d"
      },
      "ResponseBody": []
    },
    {
      "RequestUri": "https://management.azure.com/subscriptions/db1ab6f0-4769-4b27-930e-01e2ef9c123c/providers/Microsoft.Network/locations/westus2/operations/bb77a705-3b07-4f98-9d3c-132a539cdeeb?api-version=2021-02-01",
      "RequestMethod": "GET",
      "RequestHeaders": {
        "Authorization": "Sanitized",
        "User-Agent": "azsdk-net-ResourceManager/1.0.0-alpha.20220118.1 (.NET Framework 4.8.4420.0; Microsoft Windows 10.0.19043 )",
        "x-ms-client-request-id": "316d38b453f45dac8e161fec701718e1",
        "x-ms-return-client-request-id": "true"
      },
      "RequestBody": null,
      "StatusCode": 200,
      "ResponseHeaders": {
        "Cache-Control": "no-cache",
        "Content-Length": "30",
        "Content-Type": "application/json; charset=utf-8",
        "Date": "Tue, 18 Jan 2022 15:03:08 GMT",
        "Expires": "-1",
        "Pragma": "no-cache",
        "Retry-After": "10",
        "Server": [
          "Microsoft-HTTPAPI/2.0",
          "Microsoft-HTTPAPI/2.0"
        ],
        "Strict-Transport-Security": "max-age=31536000; includeSubDomains",
        "X-Content-Type-Options": "nosniff",
        "x-ms-arm-service-request-id": "6278666d-0c33-47d5-b709-4080ab57af9a",
        "x-ms-client-request-id": "316d38b453f45dac8e161fec701718e1",
        "x-ms-correlation-request-id": "77595561-b8cb-4add-bc79-1ea5f7937074",
        "x-ms-ratelimit-remaining-subscription-reads": "11979",
        "x-ms-request-id": "1229b896-d131-49c0-b875-531c0e6fe891",
        "x-ms-routing-request-id": "SOUTHEASTASIA:20220118T150309Z:77595561-b8cb-4add-bc79-1ea5f7937074"
      },
      "ResponseBody": [
        "{\r\n",
        "  \u0022status\u0022: \u0022InProgress\u0022\r\n",
        "}"
      ]
    },
    {
      "RequestUri": "https://management.azure.com/subscriptions/db1ab6f0-4769-4b27-930e-01e2ef9c123c/providers/Microsoft.Network/locations/westus2/operations/bb77a705-3b07-4f98-9d3c-132a539cdeeb?api-version=2021-02-01",
      "RequestMethod": "GET",
      "RequestHeaders": {
        "Authorization": "Sanitized",
        "User-Agent": "azsdk-net-ResourceManager/1.0.0-alpha.20220118.1 (.NET Framework 4.8.4420.0; Microsoft Windows 10.0.19043 )",
        "x-ms-client-request-id": "5f038abb1cb82dcb8e1104bc1ecdf702",
        "x-ms-return-client-request-id": "true"
      },
      "RequestBody": null,
      "StatusCode": 200,
      "ResponseHeaders": {
        "Cache-Control": "no-cache",
        "Content-Length": "30",
        "Content-Type": "application/json; charset=utf-8",
        "Date": "Tue, 18 Jan 2022 15:03:18 GMT",
        "Expires": "-1",
        "Pragma": "no-cache",
        "Retry-After": "20",
        "Server": [
          "Microsoft-HTTPAPI/2.0",
          "Microsoft-HTTPAPI/2.0"
        ],
        "Strict-Transport-Security": "max-age=31536000; includeSubDomains",
        "X-Content-Type-Options": "nosniff",
        "x-ms-arm-service-request-id": "fdaeb4b1-6232-44ee-bd1e-3b3a99e19bde",
        "x-ms-client-request-id": "5f038abb1cb82dcb8e1104bc1ecdf702",
        "x-ms-correlation-request-id": "57aef9ef-0503-41fe-a9d7-32c7d45a9d3f",
        "x-ms-ratelimit-remaining-subscription-reads": "11978",
        "x-ms-request-id": "666eef20-0b76-471b-93cb-4402ef5004ec",
        "x-ms-routing-request-id": "SOUTHEASTASIA:20220118T150319Z:57aef9ef-0503-41fe-a9d7-32c7d45a9d3f"
      },
      "ResponseBody": [
        "{\r\n",
        "  \u0022status\u0022: \u0022InProgress\u0022\r\n",
        "}"
      ]
    },
    {
      "RequestUri": "https://management.azure.com/subscriptions/db1ab6f0-4769-4b27-930e-01e2ef9c123c/providers/Microsoft.Network/locations/westus2/operations/bb77a705-3b07-4f98-9d3c-132a539cdeeb?api-version=2021-02-01",
      "RequestMethod": "GET",
      "RequestHeaders": {
        "Authorization": "Sanitized",
        "User-Agent": "azsdk-net-ResourceManager/1.0.0-alpha.20220118.1 (.NET Framework 4.8.4420.0; Microsoft Windows 10.0.19043 )",
        "x-ms-client-request-id": "c7acc0098a9e6bf404eddb4c3c600e0a",
        "x-ms-return-client-request-id": "true"
      },
      "RequestBody": null,
      "StatusCode": 200,
      "ResponseHeaders": {
        "Cache-Control": "no-cache",
        "Content-Length": "30",
        "Content-Type": "application/json; charset=utf-8",
        "Date": "Tue, 18 Jan 2022 15:03:39 GMT",
        "Expires": "-1",
        "Pragma": "no-cache",
        "Retry-After": "20",
        "Server": [
          "Microsoft-HTTPAPI/2.0",
          "Microsoft-HTTPAPI/2.0"
        ],
        "Strict-Transport-Security": "max-age=31536000; includeSubDomains",
        "X-Content-Type-Options": "nosniff",
        "x-ms-arm-service-request-id": "28d2e299-cc07-4aaf-9ea5-2e4be4f8188b",
        "x-ms-client-request-id": "c7acc0098a9e6bf404eddb4c3c600e0a",
        "x-ms-correlation-request-id": "c0a590d6-7eca-4d6d-9863-8e753ce9929c",
        "x-ms-ratelimit-remaining-subscription-reads": "11977",
        "x-ms-request-id": "1e1dad80-8d17-4aaf-b66c-1c2c7c759302",
        "x-ms-routing-request-id": "SOUTHEASTASIA:20220118T150339Z:c0a590d6-7eca-4d6d-9863-8e753ce9929c"
      },
      "ResponseBody": [
        "{\r\n",
        "  \u0022status\u0022: \u0022InProgress\u0022\r\n",
        "}"
      ]
    },
    {
      "RequestUri": "https://management.azure.com/subscriptions/db1ab6f0-4769-4b27-930e-01e2ef9c123c/providers/Microsoft.Network/locations/westus2/operations/bb77a705-3b07-4f98-9d3c-132a539cdeeb?api-version=2021-02-01",
      "RequestMethod": "GET",
      "RequestHeaders": {
        "Authorization": "Sanitized",
        "User-Agent": "azsdk-net-ResourceManager/1.0.0-alpha.20220118.1 (.NET Framework 4.8.4420.0; Microsoft Windows 10.0.19043 )",
        "x-ms-client-request-id": "fac23f2ae0d698416c3fa3e24fef3ec1",
        "x-ms-return-client-request-id": "true"
      },
      "RequestBody": null,
      "StatusCode": 200,
      "ResponseHeaders": {
        "Cache-Control": "no-cache",
        "Content-Length": "30",
        "Content-Type": "application/json; charset=utf-8",
        "Date": "Tue, 18 Jan 2022 15:03:59 GMT",
        "Expires": "-1",
        "Pragma": "no-cache",
        "Retry-After": "40",
        "Server": [
          "Microsoft-HTTPAPI/2.0",
          "Microsoft-HTTPAPI/2.0"
        ],
        "Strict-Transport-Security": "max-age=31536000; includeSubDomains",
        "X-Content-Type-Options": "nosniff",
        "x-ms-arm-service-request-id": "8338778a-fc84-4a21-a50b-065c5ba8f707",
        "x-ms-client-request-id": "fac23f2ae0d698416c3fa3e24fef3ec1",
        "x-ms-correlation-request-id": "39a10145-9d85-4fee-b6d2-8e74f339d890",
        "x-ms-ratelimit-remaining-subscription-reads": "11976",
        "x-ms-request-id": "d94b4b9a-7a3a-4988-8a9b-a5b6a81fd294",
        "x-ms-routing-request-id": "SOUTHEASTASIA:20220118T150359Z:39a10145-9d85-4fee-b6d2-8e74f339d890"
      },
      "ResponseBody": [
        "{\r\n",
        "  \u0022status\u0022: \u0022InProgress\u0022\r\n",
        "}"
      ]
    },
    {
      "RequestUri": "https://management.azure.com/subscriptions/db1ab6f0-4769-4b27-930e-01e2ef9c123c/providers/Microsoft.Network/locations/westus2/operations/bb77a705-3b07-4f98-9d3c-132a539cdeeb?api-version=2021-02-01",
      "RequestMethod": "GET",
      "RequestHeaders": {
        "Authorization": "Sanitized",
        "User-Agent": "azsdk-net-ResourceManager/1.0.0-alpha.20220118.1 (.NET Framework 4.8.4420.0; Microsoft Windows 10.0.19043 )",
        "x-ms-client-request-id": "afe21d1e516a314396985bca407ff12d",
        "x-ms-return-client-request-id": "true"
      },
      "RequestBody": null,
      "StatusCode": 200,
      "ResponseHeaders": {
        "Cache-Control": "no-cache",
        "Content-Length": "30",
        "Content-Type": "application/json; charset=utf-8",
        "Date": "Tue, 18 Jan 2022 15:04:39 GMT",
        "Expires": "-1",
        "Pragma": "no-cache",
        "Retry-After": "40",
        "Server": [
          "Microsoft-HTTPAPI/2.0",
          "Microsoft-HTTPAPI/2.0"
        ],
        "Strict-Transport-Security": "max-age=31536000; includeSubDomains",
        "X-Content-Type-Options": "nosniff",
        "x-ms-arm-service-request-id": "1672815b-14c0-4251-ae6c-0fa4f492d7da",
        "x-ms-client-request-id": "afe21d1e516a314396985bca407ff12d",
        "x-ms-correlation-request-id": "6640eab0-9c05-43a3-85f3-44a3c6e88dd9",
        "x-ms-ratelimit-remaining-subscription-reads": "11975",
        "x-ms-request-id": "de31eeee-41a7-41cd-9abe-3f644ce4783b",
        "x-ms-routing-request-id": "SOUTHEASTASIA:20220118T150440Z:6640eab0-9c05-43a3-85f3-44a3c6e88dd9"
      },
      "ResponseBody": [
        "{\r\n",
        "  \u0022status\u0022: \u0022InProgress\u0022\r\n",
        "}"
      ]
    },
    {
      "RequestUri": "https://management.azure.com/subscriptions/db1ab6f0-4769-4b27-930e-01e2ef9c123c/providers/Microsoft.Network/locations/westus2/operations/bb77a705-3b07-4f98-9d3c-132a539cdeeb?api-version=2021-02-01",
      "RequestMethod": "GET",
      "RequestHeaders": {
        "Authorization": "Sanitized",
        "User-Agent": "azsdk-net-ResourceManager/1.0.0-alpha.20220118.1 (.NET Framework 4.8.4420.0; Microsoft Windows 10.0.19043 )",
        "x-ms-client-request-id": "de92f902fc0b282c7f145a5ee6111c15",
        "x-ms-return-client-request-id": "true"
      },
      "RequestBody": null,
      "StatusCode": 200,
      "ResponseHeaders": {
        "Cache-Control": "no-cache",
        "Content-Length": "30",
        "Content-Type": "application/json; charset=utf-8",
        "Date": "Tue, 18 Jan 2022 15:05:19 GMT",
        "Expires": "-1",
        "Pragma": "no-cache",
        "Retry-After": "80",
        "Server": [
          "Microsoft-HTTPAPI/2.0",
          "Microsoft-HTTPAPI/2.0"
        ],
        "Strict-Transport-Security": "max-age=31536000; includeSubDomains",
        "X-Content-Type-Options": "nosniff",
        "x-ms-arm-service-request-id": "d09d121d-027a-4247-b582-b0989590a34f",
        "x-ms-client-request-id": "de92f902fc0b282c7f145a5ee6111c15",
        "x-ms-correlation-request-id": "38b7ef81-4787-4712-9780-3cc486b74255",
        "x-ms-ratelimit-remaining-subscription-reads": "11974",
        "x-ms-request-id": "f3cfe6a7-d6b1-46c5-b3c0-ea8859c8321c",
        "x-ms-routing-request-id": "SOUTHEASTASIA:20220118T150520Z:38b7ef81-4787-4712-9780-3cc486b74255"
      },
      "ResponseBody": [
        "{\r\n",
        "  \u0022status\u0022: \u0022InProgress\u0022\r\n",
        "}"
      ]
    },
    {
      "RequestUri": "https://management.azure.com/subscriptions/db1ab6f0-4769-4b27-930e-01e2ef9c123c/providers/Microsoft.Network/locations/westus2/operations/bb77a705-3b07-4f98-9d3c-132a539cdeeb?api-version=2021-02-01",
      "RequestMethod": "GET",
      "RequestHeaders": {
        "Authorization": "Sanitized",
        "User-Agent": "azsdk-net-ResourceManager/1.0.0-alpha.20220118.1 (.NET Framework 4.8.4420.0; Microsoft Windows 10.0.19043 )",
        "x-ms-client-request-id": "1f2d1aaf5e7dd99ffb91643e857757ed",
        "x-ms-return-client-request-id": "true"
      },
      "RequestBody": null,
      "StatusCode": 200,
      "ResponseHeaders": {
        "Cache-Control": "no-cache",
        "Content-Length": "30",
        "Content-Type": "application/json; charset=utf-8",
        "Date": "Tue, 18 Jan 2022 15:06:40 GMT",
        "Expires": "-1",
        "Pragma": "no-cache",
        "Retry-After": "160",
        "Server": [
          "Microsoft-HTTPAPI/2.0",
          "Microsoft-HTTPAPI/2.0"
        ],
        "Strict-Transport-Security": "max-age=31536000; includeSubDomains",
        "X-Content-Type-Options": "nosniff",
        "x-ms-arm-service-request-id": "846b1f06-44fb-4afd-870d-73bc1fc05624",
        "x-ms-client-request-id": "1f2d1aaf5e7dd99ffb91643e857757ed",
        "x-ms-correlation-request-id": "507d65c8-e562-4bbb-815e-305d40ec3ef1",
        "x-ms-ratelimit-remaining-subscription-reads": "11973",
        "x-ms-request-id": "d611e92b-8ab6-46cf-94cb-a36443296b00",
        "x-ms-routing-request-id": "SOUTHEASTASIA:20220118T150640Z:507d65c8-e562-4bbb-815e-305d40ec3ef1"
      },
      "ResponseBody": [
        "{\r\n",
        "  \u0022status\u0022: \u0022InProgress\u0022\r\n",
        "}"
      ]
    },
    {
      "RequestUri": "https://management.azure.com/subscriptions/db1ab6f0-4769-4b27-930e-01e2ef9c123c/providers/Microsoft.Network/locations/westus2/operations/bb77a705-3b07-4f98-9d3c-132a539cdeeb?api-version=2021-02-01",
      "RequestMethod": "GET",
      "RequestHeaders": {
        "Authorization": "Sanitized",
        "User-Agent": "azsdk-net-ResourceManager/1.0.0-alpha.20220118.1 (.NET Framework 4.8.4420.0; Microsoft Windows 10.0.19043 )",
        "x-ms-client-request-id": "55df754e5f5c21b5f0ba2f56f7e44a84",
        "x-ms-return-client-request-id": "true"
      },
      "RequestBody": null,
      "StatusCode": 200,
      "ResponseHeaders": {
        "Cache-Control": "no-cache",
        "Content-Length": "30",
        "Content-Type": "application/json; charset=utf-8",
        "Date": "Tue, 18 Jan 2022 15:09:20 GMT",
        "Expires": "-1",
        "Pragma": "no-cache",
        "Retry-After": "100",
        "Server": [
          "Microsoft-HTTPAPI/2.0",
          "Microsoft-HTTPAPI/2.0"
        ],
        "Strict-Transport-Security": "max-age=31536000; includeSubDomains",
        "X-Content-Type-Options": "nosniff",
        "x-ms-arm-service-request-id": "0a73f654-b3c6-455d-9aba-7ad65d0c6f22",
        "x-ms-client-request-id": "55df754e5f5c21b5f0ba2f56f7e44a84",
        "x-ms-correlation-request-id": "70b17d8d-d7a3-46a8-90a8-93a9135cc7b0",
        "x-ms-ratelimit-remaining-subscription-reads": "11998",
        "x-ms-request-id": "698f78b1-c67f-496d-a369-d0b1de0faccc",
        "x-ms-routing-request-id": "SOUTHEASTASIA:20220118T150921Z:70b17d8d-d7a3-46a8-90a8-93a9135cc7b0"
      },
      "ResponseBody": [
        "{\r\n",
        "  \u0022status\u0022: \u0022InProgress\u0022\r\n",
        "}"
      ]
    },
    {
      "RequestUri": "https://management.azure.com/subscriptions/db1ab6f0-4769-4b27-930e-01e2ef9c123c/providers/Microsoft.Network/locations/westus2/operations/bb77a705-3b07-4f98-9d3c-132a539cdeeb?api-version=2021-02-01",
      "RequestMethod": "GET",
      "RequestHeaders": {
        "Authorization": "Sanitized",
        "User-Agent": "azsdk-net-ResourceManager/1.0.0-alpha.20220118.1 (.NET Framework 4.8.4420.0; Microsoft Windows 10.0.19043 )",
        "x-ms-client-request-id": "261b467cd152a4b059b9e37a98eea308",
        "x-ms-return-client-request-id": "true"
      },
      "RequestBody": null,
      "StatusCode": 200,
      "ResponseHeaders": {
        "Cache-Control": "no-cache",
        "Content-Length": "29",
        "Content-Type": "application/json; charset=utf-8",
        "Date": "Tue, 18 Jan 2022 15:11:01 GMT",
        "Expires": "-1",
        "Pragma": "no-cache",
        "Server": [
          "Microsoft-HTTPAPI/2.0",
          "Microsoft-HTTPAPI/2.0"
        ],
        "Strict-Transport-Security": "max-age=31536000; includeSubDomains",
        "X-Content-Type-Options": "nosniff",
        "x-ms-arm-service-request-id": "70588903-4900-4297-b33f-5c27b7198ecb",
        "x-ms-client-request-id": "261b467cd152a4b059b9e37a98eea308",
        "x-ms-correlation-request-id": "cbd46eba-1bec-461d-acd2-ee69618fada9",
        "x-ms-ratelimit-remaining-subscription-reads": "11998",
        "x-ms-request-id": "3b788fe1-fa2a-4998-8659-255b0a691744",
        "x-ms-routing-request-id": "SOUTHEASTASIA:20220118T151101Z:cbd46eba-1bec-461d-acd2-ee69618fada9"
      },
      "ResponseBody": [
        "{\r\n",
        "  \u0022status\u0022: \u0022Succeeded\u0022\r\n",
        "}"
      ]
    },
    {
      "RequestUri": "https://management.azure.com/subscriptions/db1ab6f0-4769-4b27-930e-01e2ef9c123c/resourceGroups/bastionrg-5755/providers/Microsoft.Network/bastionHosts?api-version=2021-02-01",
      "RequestMethod": "GET",
      "RequestHeaders": {
        "Accept": "application/json",
        "Authorization": "Sanitized",
        "User-Agent": "azsdk-net-ResourceManager.Network/1.0.0-alpha.20220118.1 (.NET Framework 4.8.4420.0; Microsoft Windows 10.0.19043 )",
        "x-ms-client-request-id": "71106dbcc6314fb8640b2ec32f49e217",
        "x-ms-return-client-request-id": "true"
      },
      "RequestBody": null,
      "StatusCode": 200,
      "ResponseHeaders": {
        "Cache-Control": "no-cache",
        "Content-Length": "12",
        "Content-Type": "application/json; charset=utf-8",
        "Date": "Tue, 18 Jan 2022 15:11:01 GMT",
        "Expires": "-1",
        "Pragma": "no-cache",
        "Strict-Transport-Security": "max-age=31536000; includeSubDomains",
        "X-Content-Type-Options": "nosniff",
        "x-ms-correlation-request-id": "7136dde2-178e-4774-a4a1-978837b1e271",
        "x-ms-ratelimit-remaining-subscription-reads": "11997",
        "x-ms-request-id": "7136dde2-178e-4774-a4a1-978837b1e271",
        "x-ms-routing-request-id": "SOUTHEASTASIA:20220118T151101Z:7136dde2-178e-4774-a4a1-978837b1e271"
      },
      "ResponseBody": {
        "value": []
      }
    },
    {
      "RequestUri": "https://management.azure.com/subscriptions/db1ab6f0-4769-4b27-930e-01e2ef9c123c/resourceGroups/bastionrg-5755/providers/Microsoft.Network/bastionHosts/bastion-7725?api-version=2021-02-01",
      "RequestMethod": "GET",
      "RequestHeaders": {
        "Accept": "application/json",
        "Authorization": "Sanitized",
        "User-Agent": "azsdk-net-ResourceManager.Network/1.0.0-alpha.20220118.1 (.NET Framework 4.8.4420.0; Microsoft Windows 10.0.19043 )",
        "x-ms-client-request-id": "3ec1e047315b7c9ac53bfba37c3b8902",
        "x-ms-return-client-request-id": "true"
      },
      "RequestBody": null,
      "StatusCode": 404,
      "ResponseHeaders": {
        "Cache-Control": "no-cache",
        "Content-Length": "229",
        "Content-Type": "application/json; charset=utf-8",
        "Date": "Tue, 18 Jan 2022 15:11:02 GMT",
        "Expires": "-1",
        "Pragma": "no-cache",
        "Strict-Transport-Security": "max-age=31536000; includeSubDomains",
        "X-Content-Type-Options": "nosniff",
        "x-ms-correlation-request-id": "af58e69f-915e-44c9-94e6-b3c3130198c7",
        "x-ms-failure-cause": "gateway",
        "x-ms-request-id": "af58e69f-915e-44c9-94e6-b3c3130198c7",
        "x-ms-routing-request-id": "SOUTHEASTASIA:20220118T151102Z:af58e69f-915e-44c9-94e6-b3c3130198c7"
      },
      "ResponseBody": {
        "error": {
          "code": "ResourceNotFound",
          "message": "The Resource \u0027Microsoft.Network/bastionHosts/bastion-7725\u0027 under resource group \u0027bastionrg-5755\u0027 was not found. For more details please go to https://aka.ms/ARMResourceNotFoundFix"
        }
      }
    }
  ],
  "Variables": {
    "RandomSeed": "835563666",
    "RESOURCE_MANAGER_URL": null,
    "SUBSCRIPTION_ID": "db1ab6f0-4769-4b27-930e-01e2ef9c123c"
  }
}