{
  "Entries": [
    {
      "RequestUri": "https://localhost:8443/subscriptions/00000000-0000-0000-0000-000000000000?api-version=2019-11-01",
      "RequestMethod": "GET",
      "RequestHeaders": {
        "Accept": "application/json",
        "Authorization": "Sanitized",
        "traceparent": "00-f6ee791da0592541b545ae92f7f89ba3-ece37ae408587d4e-00",
        "User-Agent": "azsdk-net-ResourceManager/1.0.0-alpha.20211207.1 (.NET Framework 4.8.4300.0; Microsoft Windows 10.0.19044 )",
        "x-ms-client-request-id": "1ed5cac3436a94c19bbe1e3fa33750aa",
        "x-ms-return-client-request-id": "true"
      },
      "RequestBody": null,
      "StatusCode": 200,
      "ResponseHeaders": {
        "Connection": "keep-alive",
        "Content-Length": "403",
        "Content-Type": "application/json; charset=utf-8",
        "Date": "Wed, 08 Dec 2021 03:28:22 GMT",
        "ETag": "W/\u0022193-XMviJqaGXohjOV1XjmYhUY8VLpk\u0022",
        "Keep-Alive": "timeout=5",
        "X-Powered-By": "Express"
      },
      "ResponseBody": {
        "id": "/subscriptions/00000000-0000-0000-0000-000000000000",
        "authorizationSource": "RoleBased",
        "managedByTenants": [],
        "subscriptionId": "00000000-0000-0000-0000-000000000000",
        "tenantId": "0000000-0000-0000-0000-000000000000",
        "displayName": "Name of the subscription",
        "state": "Enabled",
        "subscriptionPolicies": {
          "locationPlacementId": "Internal_2014-09-01",
          "quotaId": "Internal_2014-09-01",
          "spendingLimit": "Off"
        }
      }
    },
    {
      "RequestUri": "https://localhost:8443/subscriptions/00000000-0000-0000-0000-000000000000/resourcegroups/myResourceGroup?api-version=2019-10-01",
      "RequestMethod": "PUT",
      "RequestHeaders": {
        "Accept": "application/json",
        "Authorization": "Sanitized",
        "Content-Length": "81",
        "Content-Type": "application/json",
        "User-Agent": "azsdk-net-ResourceManager/1.0.0-alpha.20211207.1 (.NET Framework 4.8.4300.0; Microsoft Windows 10.0.19044 )",
        "x-ms-client-request-id": "6ce3a95662deff6f99b89deea3cb3c70",
        "x-ms-return-client-request-id": "true"
      },
      "RequestBody": {
        "location": "Azure.ResourceManager.Resources.Subscription",
        "tags": {
          "test": "env"
        }
      },
      "StatusCode": 200,
      "ResponseHeaders": {
        "Connection": "keep-alive",
        "Content-Length": "254",
        "Content-Type": "application/json; charset=utf-8",
        "Date": "Wed, 08 Dec 2021 03:28:22 GMT",
        "ETag": "W/\u0022fe-aZEo2isVQc1LUmWdignDK6uZSqI\u0022",
        "Keep-Alive": "timeout=5",
        "X-Powered-By": "Express"
      },
      "ResponseBody": {
        "id": "/subscriptions/00000000-0000-0000-0000-000000000000/resourcegroups/myResourceGroup",
        "location": "eastus",
        "managedBy": null,
        "name": "myResourceGroup",
        "properties": {
          "provisioningState": "Succeeded"
        },
        "tags": {},
        "type": "Microsoft.Resources/resourceGroups"
      }
    },
    {
      "RequestUri": "https://localhost:8443/subscriptions/00000000-0000-0000-0000-000000000000/resourceGroups/myResourceGroup/providers/Microsoft.Compute/virtualMachineScaleSets/{vmss-name}?api-version=2021-03-01",
      "RequestMethod": "PUT",
      "RequestHeaders": {
        "Accept": "application/json",
        "Authorization": "Sanitized",
        "Content-Length": "612",
        "Content-Type": "application/json",
        "User-Agent": "azsdk-net-ResourceManager.Compute/1.0.0-alpha.20211207.1 (.NET Framework 4.8.4300.0; Microsoft Windows 10.0.19044 )",
        "x-ms-client-request-id": "6c6b45a70e45c7d7f08166e3d65343bf",
        "x-ms-return-client-request-id": "true"
      },
      "RequestBody": {
        "sku": {
          "name": "Standard_D1_v2",
          "tier": "Standard",
          "capacity": 3
        },
        "tags": {},
        "location": "westus",
        "properties": {
          "upgradePolicy": {
            "mode": "Manual"
          },
          "virtualMachineProfile": {
            "osProfile": {
              "computerNamePrefix": "{vmss-name}",
              "adminUsername": "{your-username}",
              "adminPassword": "{your-password}"
            },
            "storageProfile": {
              "imageReference": {
                "id": "/subscriptions/{subscription-id}/resourceGroups/myResourceGroup/providers/Microsoft.Compute/images/{existing-custom-image-name}"
              },
              "osDisk": {
                "caching": "ReadWrite",
                "createOption": "FromImage",
                "managedDisk": {
                  "storageAccountType": "Standard_LRS"
                }
              }
            },
            "networkProfile": {}
          },
          "overprovision": true
        }
      },
      "StatusCode": 200,
      "ResponseHeaders": {
        "Connection": "keep-alive",
        "Content-Length": "7755",
        "Content-Type": "application/json; charset=utf-8",
        "Date": "Wed, 08 Dec 2021 03:28:22 GMT",
        "ETag": "W/\u00221e4b-P8ustu9OuU\u002BFe5Z5rCgxZ3rBTyM\u0022",
        "Keep-Alive": "timeout=5",
        "X-Powered-By": "Express"
      },
      "ResponseBody": {
        "id": "/subscriptions/00000000-0000-0000-0000-000000000000/resourceGroups/myResourceGroup/providers/Microsoft.Compute/virtualMachineScaleSets/%7Bvmss-name%7D",
        "name": "%7Bvmss-name%7D",
        "type": "aaa",
        "location": "aaaaaaa",
        "tags": {
          "key3847": "aaaaaaaaaaaaaaaaaaaaaaaaaaaa"
        },
        "sku": {
          "name": "%7Bvmss-name%7D",
          "tier": "aaaaaaa",
          "capacity": 20
        },
        "plan": {
          "name": "%7Bvmss-name%7D",
          "publisher": "aaaaaaaaaaaaaaaaaaaaaaaaaaaa",
          "product": "aaaaaa",
          "promotionCode": "aaaaaaaaaaaaaaaaaaaaaaaaaa"
        },
        "properties": {
          "upgradePolicy": {
            "mode": "Automatic",
            "rollingUpgradePolicy": {
              "maxBatchInstancePercent": 53,
              "maxUnhealthyInstancePercent": 68,
              "maxUnhealthyUpgradedInstancePercent": 93,
              "pauseTimeBetweenBatches": "aaaaaaaaaaaaaaaaaaaaaaaa",
              "enableCrossZoneUpgrade": true,
              "prioritizeUnhealthyInstances": true
            },
            "automaticOSUpgradePolicy": {
              "enableAutomaticOSUpgrade": true,
              "disableAutomaticRollback": true
            }
          },
          "automaticRepairsPolicy": {
            "enabled": true,
            "gracePeriod": "aaaaaaaaaaaaaaa"
          },
          "virtualMachineProfile": {
            "osProfile": {
              "computerNamePrefix": "aaaaaaaaaaaaaaaaa",
              "adminUsername": "a",
              "adminPassword": "aaaaaaaaaaaaaaaaaaaaaaaaaaaaa",
              "customData": "aaaaaaaaaaaaaaa",
              "windowsConfiguration": {
                "provisionVMAgent": true,
                "enableAutomaticUpdates": true,
                "timeZone": "aaaaaaaaaaaaaaaaaaa",
                "additionalUnattendContent": [
                  {
                    "passName": "OobeSystem",
                    "componentName": "Microsoft-Windows-Shell-Setup",
                    "settingName": "AutoLogon",
                    "content": "aaaaaaaaaa"
                  }
                ],
                "patchSettings": {
                  "patchMode": "Manual",
                  "enableHotpatching": true,
                  "assessmentMode": "ImageDefault"
                },
                "winRM": {
                  "listeners": [
                    {
                      "protocol": "Http",
                      "certificateUrl": "aaaaaaaaa"
                    }
                  ]
                }
              },
              "linuxConfiguration": {
                "disablePasswordAuthentication": true,
                "ssh": {
                  "publicKeys": [
                    {
                      "path": "aa",
                      "keyData": "aaaaaaaa"
                    }
                  ]
                },
                "provisionVMAgent": true,
                "patchSettings": {
                  "patchMode": "ImageDefault",
                  "assessmentMode": "ImageDefault"
                }
              },
              "secrets": [
                {
                  "sourceVault": {
                    "id": "/subscriptions/a9cbceed-cd54-47f1-b7a2-bad149218603/resourceGroups/mockRg/providers/Microsoft.Resources/mockResource/mockName"
                  },
                  "vaultCertificates": [
                    {
                      "certificateUrl": "aaaaaaaaaaaaaaaaaaaaaaaaaaaa",
                      "certificateStore": "aaaaaaaaaaaaaaaaaaaaaaaa"
                    }
                  ]
                }
              ]
            },
            "storageProfile": {
              "imageReference": {
                "id": "/subscriptions/a9cbceed-cd54-47f1-b7a2-bad149218603/resourceGroups/mockRg/providers/Microsoft.Resources/mockResource/mockName",
                "publisher": "aaaaaaaaaaaaaa",
                "offer": "aa",
                "sku": "aaaaaaaaaaaaaaaaaaaaaaaaa",
                "version": "aaaaaaaaaaaaaaaaaaaaa",
                "exactVersion": "aaaaaaaaaaaaaaaaaaaaaaaa"
              },
              "osDisk": {
                "name": "%7Bvmss-name%7D",
                "caching": "None",
                "writeAcceleratorEnabled": true,
                "createOption": "FromImage",
                "diffDiskSettings": {
                  "option": "Local",
                  "placement": "CacheDisk"
                },
                "diskSizeGB": 3,
                "osType": "Windows",
                "image": {
                  "uri": "aaaaaaaaaaaaaaaaaaaaaaaaaa"
                },
                "vhdContainers": [
                  "aaaaaaaaaaaa"
                ],
                "managedDisk": {
                  "storageAccountType": "Standard_LRS",
                  "diskEncryptionSet": {
                    "id": "/subscriptions/a9cbceed-cd54-47f1-b7a2-bad149218603/resourceGroups/mockRg/providers/Microsoft.Resources/mockResource/mockName"
                  }
                }
              },
              "dataDisks": [
                {
                  "name": "%7Bvmss-name%7D",
                  "lun": 18,
                  "caching": "None",
                  "writeAcceleratorEnabled": true,
                  "createOption": "FromImage",
                  "diskSizeGB": 16,
                  "managedDisk": {
                    "storageAccountType": "Standard_LRS",
                    "diskEncryptionSet": {
                      "id": "/subscriptions/a9cbceed-cd54-47f1-b7a2-bad149218603/resourceGroups/mockRg/providers/Microsoft.Resources/mockResource/mockName"
                    }
                  },
                  "diskIOPSReadWrite": 3,
                  "diskMBpsReadWrite": 9
                }
              ]
            },
            "networkProfile": {
              "healthProbe": {
                "id": "/subscriptions/a9cbceed-cd54-47f1-b7a2-bad149218603/resourceGroups/mockRg/providers/Microsoft.Resources/mockResource/mockName"
              },
              "networkInterfaceConfigurations": [
                {
                  "id": "/subscriptions/a9cbceed-cd54-47f1-b7a2-bad149218603/resourceGroups/mockRg/providers/Microsoft.Resources/mockResource/mockName",
                  "name": "%7Bvmss-name%7D",
                  "properties": {
                    "primary": true,
                    "enableAcceleratedNetworking": true,
                    "enableFpga": true,
                    "networkSecurityGroup": {
                      "id": "/subscriptions/a9cbceed-cd54-47f1-b7a2-bad149218603/resourceGroups/mockRg/providers/Microsoft.Resources/mockResource/mockName"
                    },
                    "dnsSettings": {
                      "dnsServers": [
                        "aaaaaaaaaaaaaaaa"
                      ]
                    },
                    "ipConfigurations": [
                      {
                        "id": "/subscriptions/a9cbceed-cd54-47f1-b7a2-bad149218603/resourceGroups/mockRg/providers/Microsoft.Resources/mockResource/mockName",
                        "name": "%7Bvmss-name%7D",
                        "properties": {
                          "subnet": {
                            "id": "/subscriptions/a9cbceed-cd54-47f1-b7a2-bad149218603/resourceGroups/mockRg/providers/Microsoft.Resources/mockResource/mockName"
                          },
                          "primary": true,
                          "publicIPAddressConfiguration": {
                            "name": "%7Bvmss-name%7D",
                            "properties": {
                              "idleTimeoutInMinutes": 30,
                              "dnsSettings": {
                                "domainNameLabel": "aaaaaaaaaaaaaaaaaaaaaaaaaaaaaa"
                              },
                              "ipTags": [
                                {
                                  "ipTagType": "aaaaaaaa",
                                  "tag": "aaaaaaaaa"
                                }
                              ],
                              "publicIPPrefix": {
                                "id": "/subscriptions/a9cbceed-cd54-47f1-b7a2-bad149218603/resourceGroups/mockRg/providers/Microsoft.Resources/mockResource/mockName"
                              },
                              "publicIPAddressVersion": "IPv4",
                              "deleteOption": "Delete"
                            },
                            "sku": {
                              "name": "Basic",
                              "tier": "Regional"
                            }
                          },
                          "privateIPAddressVersion": "IPv4",
                          "applicationGatewayBackendAddressPools": [
                            {
                              "id": "/subscriptions/a9cbceed-cd54-47f1-b7a2-bad149218603/resourceGroups/mockRg/providers/Microsoft.Resources/mockResource/mockName"
                            }
                          ],
                          "applicationSecurityGroups": [
                            {
                              "id": "/subscriptions/a9cbceed-cd54-47f1-b7a2-bad149218603/resourceGroups/mockRg/providers/Microsoft.Resources/mockResource/mockName"
                            }
                          ],
                          "loadBalancerBackendAddressPools": [
                            {
                              "id": "/subscriptions/a9cbceed-cd54-47f1-b7a2-bad149218603/resourceGroups/mockRg/providers/Microsoft.Resources/mockResource/mockName"
                            }
                          ],
                          "loadBalancerInboundNatPools": [
                            {
                              "id": "/subscriptions/a9cbceed-cd54-47f1-b7a2-bad149218603/resourceGroups/mockRg/providers/Microsoft.Resources/mockResource/mockName"
                            }
                          ]
                        }
                      }
                    ],
                    "enableIPForwarding": true,
                    "deleteOption": "Delete"
                  }
                }
              ],
              "networkApiVersion": "2020-11-01"
            },
            "securityProfile": {
              "uefiSettings": {
                "secureBootEnabled": true,
                "vTpmEnabled": true
              },
              "encryptionAtHost": true,
              "securityType": "TrustedLaunch"
            },
            "diagnosticsProfile": {
              "bootDiagnostics": {
                "enabled": true,
                "storageUri": "aa"
              }
            },
            "extensionProfile": {
              "extensions": [
                {
                  "id": "/subscriptions/a9cbceed-cd54-47f1-b7a2-bad149218603/resourceGroups/mockRg/providers/Microsoft.Resources/mockResource/mockName",
                  "name": "%7Bvmss-name%7D",
                  "type": "aaaaaaaaaaaaaaaaaaaaaaaaa",
                  "properties": {
                    "forceUpdateTag": "aaaaaaaaaaaaaaaaaaaaaaa",
                    "publisher": "aaaaaaaaaaaaa",
                    "type": "aaaaaaaaaaaaaaaaa",
                    "typeHandlerVersion": "aaaaaaaaaaaaaaaaaaaaaaaa",
                    "autoUpgradeMinorVersion": true,
                    "enableAutomaticUpgrade": true,
                    "settings": {},
                    "protectedSettings": {},
                    "provisioningState": "Succeeded",
                    "provisionAfterExtensions": [
                      "aaaaaaa"
                    ]
                  }
                }
              ],
              "extensionsTimeBudget": "aaaaa"
            },
            "licenseType": "aaaaaaaaaaaaaaaaa",
            "priority": "Regular",
            "evictionPolicy": "Deallocate",
            "billingProfile": {
              "maxPrice": 27
            },
            "scheduledEventsProfile": {
              "terminateNotificationProfile": {
                "notBeforeTimeout": "aaaaa",
                "enable": true
              }
            },
            "userData": "aaaaaaaaaaaa"
          },
          "provisioningState": "Succeeded",
          "overprovision": true,
          "doNotRunExtensionsOnOverprovisionedVMs": true,
          "uniqueId": "aaaaaaa",
          "singlePlacementGroup": true,
          "zoneBalance": true,
          "platformFaultDomainCount": 4,
          "proximityPlacementGroup": {
            "id": "/subscriptions/a9cbceed-cd54-47f1-b7a2-bad149218603/resourceGroups/mockRg/providers/Microsoft.Resources/mockResource/mockName"
          },
          "hostGroup": {
            "id": "/subscriptions/a9cbceed-cd54-47f1-b7a2-bad149218603/resourceGroups/mockRg/providers/Microsoft.Resources/mockResource/mockName"
          },
          "additionalCapabilities": {
            "ultraSSDEnabled": true
          },
          "scaleInPolicy": {
            "rules": [
              "Default"
            ]
          },
          "orchestrationMode": "Uniform"
        },
        "identity": {
          "principalId": "00000000-0000-0000-0000-000000000000",
          "tenantId": "00000000-0000-0000-0000-000000000000",
          "type": "SystemAssigned",
          "userAssignedIdentities": {
            "/subscriptions/00000000-0000-0000-0000-000000000000/resourceGroups/00000000-0000-0000-0000-000000000000/providers/Microsoft.ManagedIdentity/userAssignedIdentities/key5084": {
              "principalId": "00000000-0000-0000-0000-000000000000",
              "clientId": "00000000-0000-0000-0000-000000000000"
            }
          }
        },
        "zones": [
          "aaaaaaaaaaaaaaaaaaaaaaaaaaaa"
        ],
        "extendedLocation": {
          "name": "%7Bvmss-name%7D",
          "type": "EdgeZone"
        }
      }
    }
  ],
  "Variables": {
    "RandomSeed": "545734032",
    "RESOURCE_MANAGER_URL": "https://localhost:8443",
    "SUBSCRIPTION_ID": "00000000-0000-0000-0000-000000000000"
  }
}
