{
  "Entries": [
    {
      "RequestUri": "https://localhost:8443/subscriptions/00000000-0000-0000-0000-000000000000?api-version=2019-11-01",
      "RequestMethod": "GET",
      "RequestHeaders": {
        "Accept": "application/json",
        "Authorization": "Sanitized",
        "traceparent": "00-5800a9c953b1a94ea53f2c96e558fb15-8dbb405bfea66f46-00",
        "User-Agent": "azsdk-net-ResourceManager/1.0.0-alpha.20211207.1 (.NET Framework 4.8.4300.0; Microsoft Windows 10.0.19044 )",
        "x-ms-client-request-id": "9e163d7564587f5f825473b58b14693b",
        "x-ms-return-client-request-id": "true"
      },
      "RequestBody": null,
      "StatusCode": 200,
      "ResponseHeaders": {
        "Connection": "keep-alive",
        "Content-Length": "403",
        "Content-Type": "application/json; charset=utf-8",
        "Date": "Wed, 08 Dec 2021 03:28:40 GMT",
        "ETag": "W/\u0022193-XMviJqaGXohjOV1XjmYhUY8VLpk\u0022",
        "Keep-Alive": "timeout=5",
        "X-Powered-By": "Express"
      },
      "ResponseBody": {
        "id": "/subscriptions/00000000-0000-0000-0000-000000000000",
        "authorizationSource": "RoleBased",
        "managedByTenants": [],
        "subscriptionId": "00000000-0000-0000-0000-000000000000",
        "tenantId": "0000000-0000-0000-0000-000000000000",
        "displayName": "Name of the subscription",
        "state": "Enabled",
        "subscriptionPolicies": {
          "locationPlacementId": "Internal_2014-09-01",
          "quotaId": "Internal_2014-09-01",
          "spendingLimit": "Off"
        }
      }
    },
    {
      "RequestUri": "https://localhost:8443/subscriptions/00000000-0000-0000-0000-000000000000/resourcegroups/myResourceGroup?api-version=2019-10-01",
      "RequestMethod": "PUT",
      "RequestHeaders": {
        "Accept": "application/json",
        "Authorization": "Sanitized",
        "Content-Length": "81",
        "Content-Type": "application/json",
        "User-Agent": "azsdk-net-ResourceManager/1.0.0-alpha.20211207.1 (.NET Framework 4.8.4300.0; Microsoft Windows 10.0.19044 )",
        "x-ms-client-request-id": "e122d86e4d9db686e75b4cc675e61710",
        "x-ms-return-client-request-id": "true"
      },
      "RequestBody": {
        "location": "Azure.ResourceManager.Resources.Subscription",
        "tags": {
          "test": "env"
        }
      },
      "StatusCode": 200,
      "ResponseHeaders": {
        "Connection": "keep-alive",
        "Content-Length": "254",
        "Content-Type": "application/json; charset=utf-8",
        "Date": "Wed, 08 Dec 2021 03:28:40 GMT",
        "ETag": "W/\u0022fe-aZEo2isVQc1LUmWdignDK6uZSqI\u0022",
        "Keep-Alive": "timeout=5",
        "X-Powered-By": "Express"
      },
      "ResponseBody": {
        "id": "/subscriptions/00000000-0000-0000-0000-000000000000/resourcegroups/myResourceGroup",
        "location": "eastus",
        "managedBy": null,
        "name": "myResourceGroup",
        "properties": {
          "provisioningState": "Succeeded"
        },
        "tags": {},
        "type": "Microsoft.Resources/resourceGroups"
      }
    },
    {
      "RequestUri": "https://localhost:8443/subscriptions/00000000-0000-0000-0000-000000000000/resourceGroups/myResourceGroup/providers/Microsoft.Compute/virtualMachineScaleSets/{vmss-name}?api-version=2021-03-01",
      "RequestMethod": "PUT",
      "RequestHeaders": {
        "Accept": "application/json",
        "Authorization": "Sanitized",
        "Content-Length": "623",
        "Content-Type": "application/json",
        "User-Agent": "azsdk-net-ResourceManager.Compute/1.0.0-alpha.20211207.1 (.NET Framework 4.8.4300.0; Microsoft Windows 10.0.19044 )",
        "x-ms-client-request-id": "d802cfb573aee0bbd4c8c1d1fb764c7c",
        "x-ms-return-client-request-id": "true"
      },
      "RequestBody": {
        "sku": {
          "name": "Standard_D1_v2",
          "tier": "Standard",
          "capacity": 3
        },
        "tags": {},
        "location": "westus",
        "properties": {
          "upgradePolicy": {
            "mode": "Manual"
          },
          "virtualMachineProfile": {
            "osProfile": {
              "computerNamePrefix": "{vmss-name}",
              "adminUsername": "{your-username}",
              "adminPassword": "{your-password}"
            },
            "storageProfile": {
              "imageReference": {
                "id": "/subscriptions/{subscription-id}/resourceGroups/myResourceGroup/providers/Microsoft.Compute/galleries/mySharedGallery/images/mySharedImage"
              },
              "osDisk": {
                "caching": "ReadWrite",
                "createOption": "FromImage",
                "managedDisk": {
                  "storageAccountType": "Standard_LRS"
                }
              }
            },
            "networkProfile": {}
          },
          "overprovision": true
        }
      },
      "StatusCode": 200,
      "ResponseHeaders": {
        "Connection": "keep-alive",
        "Content-Length": "7793",
        "Content-Type": "application/json; charset=utf-8",
        "Date": "Wed, 08 Dec 2021 03:28:40 GMT",
        "ETag": "W/\u00221e71-D5zlQ40qXhrU\u002B9aT70VC2Kzc36M\u0022",
        "Keep-Alive": "timeout=5",
        "X-Powered-By": "Express"
      },
      "ResponseBody": {
        "id": "/subscriptions/00000000-0000-0000-0000-000000000000/resourceGroups/myResourceGroup/providers/Microsoft.Compute/virtualMachineScaleSets/%7Bvmss-name%7D",
        "name": "%7Bvmss-name%7D",
        "type": "aaaaaaaaaaaaaaaaaa",
        "location": "aaaaaaaaaaaaaaaaaaaaaaa",
        "tags": {
          "key3777": "aaaaaaaaaaa"
        },
        "sku": {
          "name": "%7Bvmss-name%7D",
          "tier": "aaaaaaaaaaaaaaaaaaa",
          "capacity": 29
        },
        "plan": {
          "name": "%7Bvmss-name%7D",
          "publisher": "aaaaaaaaaa",
          "product": "aaaaaaa",
          "promotionCode": "aaaaaaaaaaaaaaaaaaaaaaaaa"
        },
        "properties": {
          "upgradePolicy": {
            "mode": "Automatic",
            "rollingUpgradePolicy": {
              "maxBatchInstancePercent": 40,
              "maxUnhealthyInstancePercent": 95,
              "maxUnhealthyUpgradedInstancePercent": 34,
              "pauseTimeBetweenBatches": "aaaaaaaa",
              "enableCrossZoneUpgrade": true,
              "prioritizeUnhealthyInstances": true
            },
            "automaticOSUpgradePolicy": {
              "enableAutomaticOSUpgrade": true,
              "disableAutomaticRollback": true
            }
          },
          "automaticRepairsPolicy": {
            "enabled": true,
            "gracePeriod": "aaaaaaaaaaaaaaaaaaaaaaaaaaaa"
          },
          "virtualMachineProfile": {
            "osProfile": {
              "computerNamePrefix": "aaaaa",
              "adminUsername": "aaaaaaaaaa",
              "adminPassword": "aaa",
              "customData": "aaaaaaaaaaaaaaa",
              "windowsConfiguration": {
                "provisionVMAgent": true,
                "enableAutomaticUpdates": true,
                "timeZone": "aaaaaaaaaaaaaaaaaaaaaaaaaaa",
                "additionalUnattendContent": [
                  {
                    "passName": "OobeSystem",
                    "componentName": "Microsoft-Windows-Shell-Setup",
                    "settingName": "AutoLogon",
                    "content": "aaaaaaaaaaaaaaaaa"
                  }
                ],
                "patchSettings": {
                  "patchMode": "Manual",
                  "enableHotpatching": true,
                  "assessmentMode": "ImageDefault"
                },
                "winRM": {
                  "listeners": [
                    {
                      "protocol": "Http",
                      "certificateUrl": "aaaaaaaaa"
                    }
                  ]
                }
              },
              "linuxConfiguration": {
                "disablePasswordAuthentication": true,
                "ssh": {
                  "publicKeys": [
                    {
                      "path": "aaa",
                      "keyData": "aaaaaaaaaaaaaaaa"
                    }
                  ]
                },
                "provisionVMAgent": true,
                "patchSettings": {
                  "patchMode": "ImageDefault",
                  "assessmentMode": "ImageDefault"
                }
              },
              "secrets": [
                {
                  "sourceVault": {
                    "id": "/subscriptions/a9cbceed-cd54-47f1-b7a2-bad149218603/resourceGroups/mockRg/providers/Microsoft.Resources/mockResource/mockName"
                  },
                  "vaultCertificates": [
                    {
                      "certificateUrl": "aaaaaaa",
                      "certificateStore": "aaaa"
                    }
                  ]
                }
              ]
            },
            "storageProfile": {
              "imageReference": {
                "id": "/subscriptions/a9cbceed-cd54-47f1-b7a2-bad149218603/resourceGroups/mockRg/providers/Microsoft.Resources/mockResource/mockName",
                "publisher": "aaaaaaaaaaaaaaaa",
                "offer": "aaaaaaaaaa",
                "sku": "aaaaaaaaaaaaaaaa",
                "version": "aaaaaaaaaaaaaaaaaaaaaaaaaaa",
                "exactVersion": "aaaaaaaaaaaaa"
              },
              "osDisk": {
                "name": "%7Bvmss-name%7D",
                "caching": "None",
                "writeAcceleratorEnabled": true,
                "createOption": "FromImage",
                "diffDiskSettings": {
                  "option": "Local",
                  "placement": "CacheDisk"
                },
                "diskSizeGB": 1,
                "osType": "Windows",
                "image": {
                  "uri": "aaaaaaaaaaaaaa"
                },
                "vhdContainers": [
                  "aaaaaaaaaaaaaaaaaaa"
                ],
                "managedDisk": {
                  "storageAccountType": "Standard_LRS",
                  "diskEncryptionSet": {
                    "id": "/subscriptions/a9cbceed-cd54-47f1-b7a2-bad149218603/resourceGroups/mockRg/providers/Microsoft.Resources/mockResource/mockName"
                  }
                }
              },
              "dataDisks": [
                {
                  "name": "%7Bvmss-name%7D",
                  "lun": 18,
                  "caching": "None",
                  "writeAcceleratorEnabled": true,
                  "createOption": "FromImage",
                  "diskSizeGB": 17,
                  "managedDisk": {
                    "storageAccountType": "Standard_LRS",
                    "diskEncryptionSet": {
                      "id": "/subscriptions/a9cbceed-cd54-47f1-b7a2-bad149218603/resourceGroups/mockRg/providers/Microsoft.Resources/mockResource/mockName"
                    }
                  },
                  "diskIOPSReadWrite": 20,
                  "diskMBpsReadWrite": 8
                }
              ]
            },
            "networkProfile": {
              "healthProbe": {
                "id": "/subscriptions/a9cbceed-cd54-47f1-b7a2-bad149218603/resourceGroups/mockRg/providers/Microsoft.Resources/mockResource/mockName"
              },
              "networkInterfaceConfigurations": [
                {
                  "id": "/subscriptions/a9cbceed-cd54-47f1-b7a2-bad149218603/resourceGroups/mockRg/providers/Microsoft.Resources/mockResource/mockName",
                  "name": "%7Bvmss-name%7D",
                  "properties": {
                    "primary": true,
                    "enableAcceleratedNetworking": true,
                    "enableFpga": true,
                    "networkSecurityGroup": {
                      "id": "/subscriptions/a9cbceed-cd54-47f1-b7a2-bad149218603/resourceGroups/mockRg/providers/Microsoft.Resources/mockResource/mockName"
                    },
                    "dnsSettings": {
                      "dnsServers": [
                        "aaaaaaaaaaaaaaaaaaaaa"
                      ]
                    },
                    "ipConfigurations": [
                      {
                        "id": "/subscriptions/a9cbceed-cd54-47f1-b7a2-bad149218603/resourceGroups/mockRg/providers/Microsoft.Resources/mockResource/mockName",
                        "name": "%7Bvmss-name%7D",
                        "properties": {
                          "subnet": {
                            "id": "/subscriptions/a9cbceed-cd54-47f1-b7a2-bad149218603/resourceGroups/mockRg/providers/Microsoft.Resources/mockResource/mockName"
                          },
                          "primary": true,
                          "publicIPAddressConfiguration": {
                            "name": "%7Bvmss-name%7D",
                            "properties": {
                              "idleTimeoutInMinutes": 26,
                              "dnsSettings": {
                                "domainNameLabel": "aaaaaaaaaaaaaaaaaaaaaaaaa"
                              },
                              "ipTags": [
                                {
                                  "ipTagType": "aaaaaaaaaaaaaaaaaaaa",
                                  "tag": "aaaaaaaaaaaaaaaaaaaaaaaaaaaaa"
                                }
                              ],
                              "publicIPPrefix": {
                                "id": "/subscriptions/a9cbceed-cd54-47f1-b7a2-bad149218603/resourceGroups/mockRg/providers/Microsoft.Resources/mockResource/mockName"
                              },
                              "publicIPAddressVersion": "IPv4",
                              "deleteOption": "Delete"
                            },
                            "sku": {
                              "name": "Basic",
                              "tier": "Regional"
                            }
                          },
                          "privateIPAddressVersion": "IPv4",
                          "applicationGatewayBackendAddressPools": [
                            {
                              "id": "/subscriptions/a9cbceed-cd54-47f1-b7a2-bad149218603/resourceGroups/mockRg/providers/Microsoft.Resources/mockResource/mockName"
                            }
                          ],
                          "applicationSecurityGroups": [
                            {
                              "id": "/subscriptions/a9cbceed-cd54-47f1-b7a2-bad149218603/resourceGroups/mockRg/providers/Microsoft.Resources/mockResource/mockName"
                            }
                          ],
                          "loadBalancerBackendAddressPools": [
                            {
                              "id": "/subscriptions/a9cbceed-cd54-47f1-b7a2-bad149218603/resourceGroups/mockRg/providers/Microsoft.Resources/mockResource/mockName"
                            }
                          ],
                          "loadBalancerInboundNatPools": [
                            {
                              "id": "/subscriptions/a9cbceed-cd54-47f1-b7a2-bad149218603/resourceGroups/mockRg/providers/Microsoft.Resources/mockResource/mockName"
                            }
                          ]
                        }
                      }
                    ],
                    "enableIPForwarding": true,
                    "deleteOption": "Delete"
                  }
                }
              ],
              "networkApiVersion": "2020-11-01"
            },
            "securityProfile": {
              "uefiSettings": {
                "secureBootEnabled": true,
                "vTpmEnabled": true
              },
              "encryptionAtHost": true,
              "securityType": "TrustedLaunch"
            },
            "diagnosticsProfile": {
              "bootDiagnostics": {
                "enabled": true,
                "storageUri": "aaaa"
              }
            },
            "extensionProfile": {
              "extensions": [
                {
                  "id": "/subscriptions/a9cbceed-cd54-47f1-b7a2-bad149218603/resourceGroups/mockRg/providers/Microsoft.Resources/mockResource/mockName",
                  "name": "%7Bvmss-name%7D",
                  "type": "aaa",
                  "properties": {
                    "forceUpdateTag": "aaaaaaaaaaaaaaaaaa",
                    "publisher": "aaaaaaaaaaaa",
                    "type": "aaaaaaaaaaaaaaaaaaaaaaaaaaaaa",
                    "typeHandlerVersion": "aaaaaaaaaaaaaaaaaaaaaaaaaaaaaa",
                    "autoUpgradeMinorVersion": true,
                    "enableAutomaticUpgrade": true,
                    "settings": {},
                    "protectedSettings": {},
                    "provisioningState": "Succeeded",
                    "provisionAfterExtensions": [
                      "aaaaaaaaaaaaaaaaaaaaa"
                    ]
                  }
                }
              ],
              "extensionsTimeBudget": "aaaaaaaaaaaaaaaaaaaaaaaaaa"
            },
            "licenseType": "aaaaaaaaaaaaaaaaaaa",
            "priority": "Regular",
            "evictionPolicy": "Deallocate",
            "billingProfile": {
              "maxPrice": 15
            },
            "scheduledEventsProfile": {
              "terminateNotificationProfile": {
                "notBeforeTimeout": "aaaaaaaaaaaaaaaaaaaaaa",
                "enable": true
              }
            },
            "userData": "aaaaaaaaaaaaaaaaaaaaaaaaaaaaa"
          },
          "provisioningState": "Succeeded",
          "overprovision": true,
          "doNotRunExtensionsOnOverprovisionedVMs": true,
          "uniqueId": "aaaaaaaaaaaaaaaaaaaaaaa",
          "singlePlacementGroup": true,
          "zoneBalance": true,
          "platformFaultDomainCount": 4,
          "proximityPlacementGroup": {
            "id": "/subscriptions/a9cbceed-cd54-47f1-b7a2-bad149218603/resourceGroups/mockRg/providers/Microsoft.Resources/mockResource/mockName"
          },
          "hostGroup": {
            "id": "/subscriptions/a9cbceed-cd54-47f1-b7a2-bad149218603/resourceGroups/mockRg/providers/Microsoft.Resources/mockResource/mockName"
          },
          "additionalCapabilities": {
            "ultraSSDEnabled": true
          },
          "scaleInPolicy": {
            "rules": [
              "Default"
            ]
          },
          "orchestrationMode": "Uniform"
        },
        "identity": {
          "principalId": "00000000-0000-0000-0000-000000000000",
          "tenantId": "00000000-0000-0000-0000-000000000000",
          "type": "SystemAssigned",
          "userAssignedIdentities": {
            "/subscriptions/00000000-0000-0000-0000-000000000000/resourceGroups/00000000-0000-0000-0000-000000000000/providers/Microsoft.ManagedIdentity/userAssignedIdentities/key9424": {
              "principalId": "00000000-0000-0000-0000-000000000000",
              "clientId": "00000000-0000-0000-0000-000000000000"
            }
          }
        },
        "zones": [
          "aaaa"
        ],
        "extendedLocation": {
          "name": "%7Bvmss-name%7D",
          "type": "EdgeZone"
        }
      }
    }
  ],
  "Variables": {
    "RandomSeed": "1115431217",
    "RESOURCE_MANAGER_URL": "https://localhost:8443",
    "SUBSCRIPTION_ID": "00000000-0000-0000-0000-000000000000"
  }
}
