{
  "Entries": [
    {
      "RequestUri": "/subscriptions/2680339a-9c9f-4b37-9468-a3de1f19f74f/resourceGroups/TestRG/providers/Microsoft.PowerBIDedicated/capacities/pbidsdktest?api-version=2017-10-01",
      "EncodedRequestUri": "L3N1YnNjcmlwdGlvbnMvMjY4MDMzOWEtOWM5Zi00YjM3LTk0NjgtYTNkZTFmMTlmNzRmL3Jlc291cmNlR3JvdXBzL1Rlc3RSRy9wcm92aWRlcnMvTWljcm9zb2Z0LlBvd2VyQklEZWRpY2F0ZWQvY2FwYWNpdGllcy9wYmlkc2RrdGVzdD9hcGktdmVyc2lvbj0yMDE3LTEwLTAx",
      "RequestMethod": "PUT",
      "RequestBody": "{\r\n  \"properties\": {\r\n    \"administration\": {\r\n      \"members\": [\r\n        \"aztest0@stabletest.ccsctp.net\",\r\n        \"aztest1@stabletest.ccsctp.net\"\r\n      ]\r\n    }\r\n  },\r\n  \"location\": \"West Central US\",\r\n  \"sku\": {\r\n    \"name\": \"A1\"\r\n  },\r\n  \"tags\": {\r\n    \"key1\": \"value1\",\r\n    \"key2\": \"value2\"\r\n  }\r\n}",
      "RequestHeaders": {
        "x-ms-client-request-id": [
          "0690010f-861a-423e-9f57-620d3c060fb3"
        ],
        "accept-language": [
          "en-US"
        ],
        "User-Agent": [
          "FxVersion/4.6.25815.02",
          "Microsoft.Azure.Management.PowerBIDedicated.PowerBIDedicatedManagementClient/0.9.0.0"
        ],
        "Content-Type": [
          "application/json; charset=utf-8"
        ],
        "Content-Length": [
          "306"
        ]
      },
      "ResponseHeaders": {
        "Cache-Control": [
          "no-cache"
        ],
        "Date": [
          "Tue, 31 Jul 2018 18:15:45 GMT"
        ],
        "Pragma": [
          "no-cache"
        ],
        "Location": [
          "https://api-dogfood.resources.windows-int.net/subscriptions/2680339a-9c9f-4b37-9468-a3de1f19f74f/providers/Microsoft.PowerBIDedicated/locations/westcentralus/operationresults/EDEE230D-91E8-4CDA-94B9-70A2B2E53408?api-version=2017-01-01-preview"
        ],
        "Server": [
          "Microsoft-HTTPAPI/2.0"
        ],
        "Strict-Transport-Security": [
          "max-age=31536000; includeSubDomains"
        ],
        "Azure-AsyncOperation": [
          "https://api-dogfood.resources.windows-int.net/subscriptions/2680339a-9c9f-4b37-9468-a3de1f19f74f/providers/Microsoft.PowerBIDedicated/locations/westcentralus/operationstatuses/EDEE230D-91E8-4CDA-94B9-70A2B2E53408?api-version=2017-01-01-preview"
        ],
        "x-ms-request-id": [
          "1040a97f-46db-4258-ac7b-388c483bf421"
        ],
        "x-ms-current-utc-date": [
          "7/31/2018 6:15:40 PM"
        ],
        "X-Frame-Options": [
          "deny"
        ],
        "X-Content-Type-Options": [
          "nosniff"
        ],
        "X-XSS-Protection": [
          "1; mode=block"
        ],
        "Content-Security-Policy": [
          "script-src 'self'"
        ],
        "x-ms-ratelimit-remaining-subscription-writes": [
          "1199"
        ],
        "x-ms-correlation-request-id": [
          "3aaa8fbc-bd68-4c02-8564-9f25acf892df"
        ],
        "x-ms-routing-request-id": [
          "NORTHEUROPE:20180731T181546Z:3aaa8fbc-bd68-4c02-8564-9f25acf892df"
        ],
        "Content-Length": [
          "468"
        ],
        "Content-Type": [
          "application/json; charset=utf-8"
        ],
        "Expires": [
          "-1"
        ]
      },
      "ResponseBody": "{\r\n  \"properties\": {\r\n    \"provisioningState\": \"Provisioning\",\r\n    \"state\": \"Provisioning\",\r\n    \"administration\": {\r\n      \"members\": [\r\n        \"aztest0@stabletest.ccsctp.net\",\r\n        \"aztest1@stabletest.ccsctp.net\"\r\n      ]\r\n    }\r\n  },\r\n  \"id\": \"/subscriptions/2680339a-9c9f-4b37-9468-a3de1f19f74f/resourceGroups/TestRG/providers/Microsoft.PowerBIDedicated/capacities/pbidsdktest\",\r\n  \"name\": \"pbidsdktest\",\r\n  \"type\": \"Microsoft.PowerBIDedicated/capacities\",\r\n  \"location\": \"West Central US\",\r\n  \"sku\": {\r\n    \"name\": \"A1\"\r\n  },\r\n  \"tags\": {\r\n    \"key1\": \"value1\",\r\n    \"key2\": \"value2\"\r\n  }\r\n}",
      "StatusCode": 201
    },
    {
      "RequestUri": "/subscriptions/2680339a-9c9f-4b37-9468-a3de1f19f74f/providers/Microsoft.PowerBIDedicated/locations/westcentralus/operationstatuses/EDEE230D-91E8-4CDA-94B9-70A2B2E53408?api-version=2017-01-01-preview",
      "EncodedRequestUri": "L3N1YnNjcmlwdGlvbnMvMjY4MDMzOWEtOWM5Zi00YjM3LTk0NjgtYTNkZTFmMTlmNzRmL3Byb3ZpZGVycy9NaWNyb3NvZnQuUG93ZXJCSURlZGljYXRlZC9sb2NhdGlvbnMvd2VzdGNlbnRyYWx1cy9vcGVyYXRpb25zdGF0dXNlcy9FREVFMjMwRC05MUU4LTRDREEtOTRCOS03MEEyQjJFNTM0MDg/YXBpLXZlcnNpb249MjAxNy0wMS0wMS1wcmV2aWV3",
      "RequestMethod": "GET",
      "RequestBody": "",
      "RequestHeaders": {
        "User-Agent": [
          "FxVersion/4.6.25815.02",
          "Microsoft.Azure.Management.PowerBIDedicated.PowerBIDedicatedManagementClient/0.9.0.0"
        ]
      },
      "ResponseHeaders": {
        "Cache-Control": [
          "no-cache"
        ],
        "Date": [
          "Tue, 31 Jul 2018 18:16:15 GMT"
        ],
        "Pragma": [
          "no-cache"
        ],
        "Server": [
          "Microsoft-HTTPAPI/2.0"
        ],
        "Strict-Transport-Security": [
          "max-age=31536000; includeSubDomains"
        ],
        "X-Frame-Options": [
          "deny"
        ],
        "X-Content-Type-Options": [
          "nosniff"
        ],
        "X-XSS-Protection": [
          "1; mode=block"
        ],
        "Content-Security-Policy": [
          "script-src 'self'"
        ],
        "x-ms-request-id": [
          "b36c280b-1203-454d-9188-af7b98b03871"
        ],
        "x-ms-current-utc-date": [
          "7/31/2018 6:16:16 PM"
        ],
        "x-ms-ratelimit-remaining-subscription-reads": [
          "14999"
        ],
        "x-ms-correlation-request-id": [
          "32dca348-831f-43f0-a0c0-af810939989b"
        ],
        "x-ms-routing-request-id": [
          "NORTHEUROPE:20180731T181616Z:32dca348-831f-43f0-a0c0-af810939989b"
        ],
        "Content-Length": [
          "252"
        ],
        "Content-Type": [
          "application/json; charset=utf-8"
        ],
        "Expires": [
          "-1"
        ]
      },
      "ResponseBody": "{\r\n  \"id\": \"/subscriptions/2680339a-9c9f-4b37-9468-a3de1f19f74f/locations/westcentralus/operationstatuses/EDEE230D-91E8-4CDA-94B9-70A2B2E53408\",\r\n  \"name\": \"EDEE230D-91E8-4CDA-94B9-70A2B2E53408\",\r\n  \"status\": \"Provisioning\",\r\n  \"startTime\": \"2018-07-31T18:15:43.373Z\"\r\n}",
      "StatusCode": 200
    },
    {
      "RequestUri": "/subscriptions/2680339a-9c9f-4b37-9468-a3de1f19f74f/providers/Microsoft.PowerBIDedicated/locations/westcentralus/operationstatuses/EDEE230D-91E8-4CDA-94B9-70A2B2E53408?api-version=2017-01-01-preview",
      "EncodedRequestUri": "L3N1YnNjcmlwdGlvbnMvMjY4MDMzOWEtOWM5Zi00YjM3LTk0NjgtYTNkZTFmMTlmNzRmL3Byb3ZpZGVycy9NaWNyb3NvZnQuUG93ZXJCSURlZGljYXRlZC9sb2NhdGlvbnMvd2VzdGNlbnRyYWx1cy9vcGVyYXRpb25zdGF0dXNlcy9FREVFMjMwRC05MUU4LTRDREEtOTRCOS03MEEyQjJFNTM0MDg/YXBpLXZlcnNpb249MjAxNy0wMS0wMS1wcmV2aWV3",
      "RequestMethod": "GET",
      "RequestBody": "",
      "RequestHeaders": {
        "User-Agent": [
          "FxVersion/4.6.25815.02",
          "Microsoft.Azure.Management.PowerBIDedicated.PowerBIDedicatedManagementClient/0.9.0.0"
        ]
      },
      "ResponseHeaders": {
        "Cache-Control": [
          "no-cache"
        ],
        "Date": [
          "Tue, 31 Jul 2018 18:16:46 GMT"
        ],
        "Pragma": [
          "no-cache"
        ],
        "Server": [
          "Microsoft-HTTPAPI/2.0"
        ],
        "Strict-Transport-Security": [
          "max-age=31536000; includeSubDomains"
        ],
        "X-Frame-Options": [
          "deny"
        ],
        "X-Content-Type-Options": [
          "nosniff"
        ],
        "X-XSS-Protection": [
          "1; mode=block"
        ],
        "Content-Security-Policy": [
          "script-src 'self'"
        ],
        "x-ms-request-id": [
          "f7320e0c-0569-470e-96fe-ada2226f338f"
        ],
        "x-ms-current-utc-date": [
          "7/31/2018 6:16:46 PM"
        ],
        "x-ms-ratelimit-remaining-subscription-reads": [
          "14998"
        ],
        "x-ms-correlation-request-id": [
          "02f8d065-2d52-49dd-8a8a-bb23be16edda"
        ],
        "x-ms-routing-request-id": [
          "NORTHEUROPE:20180731T181646Z:02f8d065-2d52-49dd-8a8a-bb23be16edda"
        ],
        "Content-Length": [
          "252"
        ],
        "Content-Type": [
          "application/json; charset=utf-8"
        ],
        "Expires": [
          "-1"
        ]
      },
      "ResponseBody": "{\r\n  \"id\": \"/subscriptions/2680339a-9c9f-4b37-9468-a3de1f19f74f/locations/westcentralus/operationstatuses/EDEE230D-91E8-4CDA-94B9-70A2B2E53408\",\r\n  \"name\": \"EDEE230D-91E8-4CDA-94B9-70A2B2E53408\",\r\n  \"status\": \"Provisioning\",\r\n  \"startTime\": \"2018-07-31T18:15:43.373Z\"\r\n}",
      "StatusCode": 200
    },
    {
      "RequestUri": "/subscriptions/2680339a-9c9f-4b37-9468-a3de1f19f74f/providers/Microsoft.PowerBIDedicated/locations/westcentralus/operationstatuses/EDEE230D-91E8-4CDA-94B9-70A2B2E53408?api-version=2017-01-01-preview",
      "EncodedRequestUri": "L3N1YnNjcmlwdGlvbnMvMjY4MDMzOWEtOWM5Zi00YjM3LTk0NjgtYTNkZTFmMTlmNzRmL3Byb3ZpZGVycy9NaWNyb3NvZnQuUG93ZXJCSURlZGljYXRlZC9sb2NhdGlvbnMvd2VzdGNlbnRyYWx1cy9vcGVyYXRpb25zdGF0dXNlcy9FREVFMjMwRC05MUU4LTRDREEtOTRCOS03MEEyQjJFNTM0MDg/YXBpLXZlcnNpb249MjAxNy0wMS0wMS1wcmV2aWV3",
      "RequestMethod": "GET",
      "RequestBody": "",
      "RequestHeaders": {
        "User-Agent": [
          "FxVersion/4.6.25815.02",
          "Microsoft.Azure.Management.PowerBIDedicated.PowerBIDedicatedManagementClient/0.9.0.0"
        ]
      },
      "ResponseHeaders": {
        "Cache-Control": [
          "no-cache"
        ],
        "Date": [
          "Tue, 31 Jul 2018 18:17:16 GMT"
        ],
        "Pragma": [
          "no-cache"
        ],
        "Server": [
          "Microsoft-HTTPAPI/2.0"
        ],
        "Strict-Transport-Security": [
          "max-age=31536000; includeSubDomains"
        ],
        "X-Frame-Options": [
          "deny"
        ],
        "X-Content-Type-Options": [
          "nosniff"
        ],
        "X-XSS-Protection": [
          "1; mode=block"
        ],
        "Content-Security-Policy": [
          "script-src 'self'"
        ],
        "x-ms-request-id": [
          "c8e71a3d-06e5-465c-aef4-94425405e6ae"
        ],
        "x-ms-current-utc-date": [
          "7/31/2018 6:17:17 PM"
        ],
        "x-ms-ratelimit-remaining-subscription-reads": [
          "14997"
        ],
        "x-ms-correlation-request-id": [
          "aded7be7-3cf1-43ca-bb62-a692f14b65b3"
        ],
        "x-ms-routing-request-id": [
          "NORTHEUROPE:20180731T181717Z:aded7be7-3cf1-43ca-bb62-a692f14b65b3"
        ],
        "Content-Length": [
          "252"
        ],
        "Content-Type": [
          "application/json; charset=utf-8"
        ],
        "Expires": [
          "-1"
        ]
      },
      "ResponseBody": "{\r\n  \"id\": \"/subscriptions/2680339a-9c9f-4b37-9468-a3de1f19f74f/locations/westcentralus/operationstatuses/EDEE230D-91E8-4CDA-94B9-70A2B2E53408\",\r\n  \"name\": \"EDEE230D-91E8-4CDA-94B9-70A2B2E53408\",\r\n  \"status\": \"Provisioning\",\r\n  \"startTime\": \"2018-07-31T18:15:43.373Z\"\r\n}",
      "StatusCode": 200
    },
    {
      "RequestUri": "/subscriptions/2680339a-9c9f-4b37-9468-a3de1f19f74f/providers/Microsoft.PowerBIDedicated/locations/westcentralus/operationstatuses/EDEE230D-91E8-4CDA-94B9-70A2B2E53408?api-version=2017-01-01-preview",
      "EncodedRequestUri": "L3N1YnNjcmlwdGlvbnMvMjY4MDMzOWEtOWM5Zi00YjM3LTk0NjgtYTNkZTFmMTlmNzRmL3Byb3ZpZGVycy9NaWNyb3NvZnQuUG93ZXJCSURlZGljYXRlZC9sb2NhdGlvbnMvd2VzdGNlbnRyYWx1cy9vcGVyYXRpb25zdGF0dXNlcy9FREVFMjMwRC05MUU4LTRDREEtOTRCOS03MEEyQjJFNTM0MDg/YXBpLXZlcnNpb249MjAxNy0wMS0wMS1wcmV2aWV3",
      "RequestMethod": "GET",
      "RequestBody": "",
      "RequestHeaders": {
        "User-Agent": [
          "FxVersion/4.6.25815.02",
          "Microsoft.Azure.Management.PowerBIDedicated.PowerBIDedicatedManagementClient/0.9.0.0"
        ]
      },
      "ResponseHeaders": {
        "Cache-Control": [
          "no-cache"
        ],
        "Date": [
          "Tue, 31 Jul 2018 18:17:46 GMT"
        ],
        "Pragma": [
          "no-cache"
        ],
        "Server": [
          "Microsoft-HTTPAPI/2.0"
        ],
        "Strict-Transport-Security": [
          "max-age=31536000; includeSubDomains"
        ],
        "X-Frame-Options": [
          "deny"
        ],
        "X-Content-Type-Options": [
          "nosniff"
        ],
        "X-XSS-Protection": [
          "1; mode=block"
        ],
        "Content-Security-Policy": [
          "script-src 'self'"
        ],
        "x-ms-request-id": [
          "5726ee4f-4022-426a-b605-f7a16ce5aa5e"
        ],
        "x-ms-current-utc-date": [
          "7/31/2018 6:17:47 PM"
        ],
        "x-ms-ratelimit-remaining-subscription-reads": [
          "14996"
        ],
        "x-ms-correlation-request-id": [
          "aa9c6f63-7bbc-4bd4-be19-4b06153c47ca"
        ],
        "x-ms-routing-request-id": [
          "NORTHEUROPE:20180731T181747Z:aa9c6f63-7bbc-4bd4-be19-4b06153c47ca"
        ],
        "Content-Length": [
          "290"
        ],
        "Content-Type": [
          "application/json; charset=utf-8"
        ],
        "Expires": [
          "-1"
        ]
      },
      "ResponseBody": "{\r\n  \"id\": \"/subscriptions/2680339a-9c9f-4b37-9468-a3de1f19f74f/locations/westcentralus/operationstatuses/EDEE230D-91E8-4CDA-94B9-70A2B2E53408\",\r\n  \"name\": \"EDEE230D-91E8-4CDA-94B9-70A2B2E53408\",\r\n  \"status\": \"Succeeded\",\r\n  \"startTime\": \"2018-07-31T18:15:43.373Z\",\r\n  \"endTime\": \"2018-07-31T18:17:46.577Z\"\r\n}",
      "StatusCode": 200
    },
    {
      "RequestUri": "/subscriptions/2680339a-9c9f-4b37-9468-a3de1f19f74f/resourceGroups/TestRG/providers/Microsoft.PowerBIDedicated/capacities/pbidsdktest?api-version=2017-10-01",
      "EncodedRequestUri": "L3N1YnNjcmlwdGlvbnMvMjY4MDMzOWEtOWM5Zi00YjM3LTk0NjgtYTNkZTFmMTlmNzRmL3Jlc291cmNlR3JvdXBzL1Rlc3RSRy9wcm92aWRlcnMvTWljcm9zb2Z0LlBvd2VyQklEZWRpY2F0ZWQvY2FwYWNpdGllcy9wYmlkc2RrdGVzdD9hcGktdmVyc2lvbj0yMDE3LTEwLTAx",
      "RequestMethod": "GET",
      "RequestBody": "",
      "RequestHeaders": {
        "User-Agent": [
          "FxVersion/4.6.25815.02",
          "Microsoft.Azure.Management.PowerBIDedicated.PowerBIDedicatedManagementClient/0.9.0.0"
        ]
      },
      "ResponseHeaders": {
        "Cache-Control": [
          "no-cache"
        ],
        "Date": [
          "Tue, 31 Jul 2018 18:17:47 GMT"
        ],
        "Pragma": [
          "no-cache"
        ],
        "Server": [
          "Microsoft-HTTPAPI/2.0"
        ],
        "Strict-Transport-Security": [
          "max-age=31536000; includeSubDomains"
        ],
        "x-ms-request-id": [
          "0d79561b-909d-440b-8233-a635bc488ed3"
        ],
        "x-ms-current-utc-date": [
          "7/31/2018 6:17:47 PM"
        ],
        "X-Frame-Options": [
          "deny"
        ],
        "X-Content-Type-Options": [
          "nosniff"
        ],
        "X-XSS-Protection": [
          "1; mode=block"
        ],
        "Content-Security-Policy": [
          "script-src 'self'"
        ],
        "x-ms-ratelimit-remaining-subscription-reads": [
          "14995"
        ],
        "x-ms-correlation-request-id": [
          "f1938de2-954f-4006-a42c-4a86986f9e74"
        ],
        "x-ms-routing-request-id": [
          "NORTHEUROPE:20180731T181747Z:f1938de2-954f-4006-a42c-4a86986f9e74"
        ],
        "Content-Length": [
          "482"
        ],
        "Content-Type": [
          "application/json; charset=utf-8"
        ],
        "Expires": [
          "-1"
        ]
      },
      "ResponseBody": "{\r\n  \"properties\": {\r\n    \"provisioningState\": \"Succeeded\",\r\n    \"state\": \"Succeeded\",\r\n    \"administration\": {\r\n      \"members\": [\r\n        \"aztest0@stabletest.ccsctp.net\",\r\n        \"aztest1@stabletest.ccsctp.net\"\r\n      ]\r\n    }\r\n  },\r\n  \"id\": \"/subscriptions/2680339a-9c9f-4b37-9468-a3de1f19f74f/resourceGroups/TestRG/providers/Microsoft.PowerBIDedicated/capacities/pbidsdktest\",\r\n  \"name\": \"pbidsdktest\",\r\n  \"type\": \"Microsoft.PowerBIDedicated/capacities\",\r\n  \"location\": \"West Central US\",\r\n  \"sku\": {\r\n    \"name\": \"A1\",\r\n    \"tier\": \"PBIE_Azure\"\r\n  },\r\n  \"tags\": {\r\n    \"key1\": \"value1\",\r\n    \"key2\": \"value2\"\r\n  }\r\n}",
      "StatusCode": 200
    },
    {
      "RequestUri": "/subscriptions/2680339a-9c9f-4b37-9468-a3de1f19f74f/resourceGroups/TestRG/providers/Microsoft.PowerBIDedicated/capacities/pbidsdktest?api-version=2017-10-01",
      "EncodedRequestUri": "L3N1YnNjcmlwdGlvbnMvMjY4MDMzOWEtOWM5Zi00YjM3LTk0NjgtYTNkZTFmMTlmNzRmL3Jlc291cmNlR3JvdXBzL1Rlc3RSRy9wcm92aWRlcnMvTWljcm9zb2Z0LlBvd2VyQklEZWRpY2F0ZWQvY2FwYWNpdGllcy9wYmlkc2RrdGVzdD9hcGktdmVyc2lvbj0yMDE3LTEwLTAx",
      "RequestMethod": "GET",
      "RequestBody": "",
      "RequestHeaders": {
        "x-ms-client-request-id": [
          "971e6a68-2593-490e-97d3-859e2643b4cc"
        ],
        "accept-language": [
          "en-US"
        ],
        "User-Agent": [
          "FxVersion/4.6.25815.02",
          "Microsoft.Azure.Management.PowerBIDedicated.PowerBIDedicatedManagementClient/0.9.0.0"
        ]
      },
      "ResponseHeaders": {
        "Cache-Control": [
          "no-cache"
        ],
        "Date": [
          "Tue, 31 Jul 2018 18:17:47 GMT"
        ],
        "Pragma": [
          "no-cache"
        ],
        "Server": [
          "Microsoft-HTTPAPI/2.0"
        ],
        "Strict-Transport-Security": [
          "max-age=31536000; includeSubDomains"
        ],
        "x-ms-request-id": [
          "3eeb9a9a-e6db-4850-ae40-664ac98fb24c"
        ],
        "x-ms-current-utc-date": [
          "7/31/2018 6:17:48 PM"
        ],
        "X-Frame-Options": [
          "deny"
        ],
        "X-Content-Type-Options": [
          "nosniff"
        ],
        "X-XSS-Protection": [
          "1; mode=block"
        ],
        "Content-Security-Policy": [
          "script-src 'self'"
        ],
        "x-ms-ratelimit-remaining-subscription-reads": [
          "14994"
        ],
        "x-ms-correlation-request-id": [
          "68aad1c9-823d-4ed5-9982-97e051927275"
        ],
        "x-ms-routing-request-id": [
          "NORTHEUROPE:20180731T181748Z:68aad1c9-823d-4ed5-9982-97e051927275"
        ],
        "Content-Length": [
          "482"
        ],
        "Content-Type": [
          "application/json; charset=utf-8"
        ],
        "Expires": [
          "-1"
        ]
      },
      "ResponseBody": "{\r\n  \"properties\": {\r\n    \"provisioningState\": \"Succeeded\",\r\n    \"state\": \"Succeeded\",\r\n    \"administration\": {\r\n      \"members\": [\r\n        \"aztest0@stabletest.ccsctp.net\",\r\n        \"aztest1@stabletest.ccsctp.net\"\r\n      ]\r\n    }\r\n  },\r\n  \"id\": \"/subscriptions/2680339a-9c9f-4b37-9468-a3de1f19f74f/resourceGroups/TestRG/providers/Microsoft.PowerBIDedicated/capacities/pbidsdktest\",\r\n  \"name\": \"pbidsdktest\",\r\n  \"type\": \"Microsoft.PowerBIDedicated/capacities\",\r\n  \"location\": \"West Central US\",\r\n  \"sku\": {\r\n    \"name\": \"A1\",\r\n    \"tier\": \"PBIE_Azure\"\r\n  },\r\n  \"tags\": {\r\n    \"key1\": \"value1\",\r\n    \"key2\": \"value2\"\r\n  }\r\n}",
      "StatusCode": 200
    },
    {
      "RequestUri": "/subscriptions/2680339a-9c9f-4b37-9468-a3de1f19f74f/resourceGroups/TestRG/providers/Microsoft.PowerBIDedicated/capacities/pbidsdktest?api-version=2017-10-01",
      "EncodedRequestUri": "L3N1YnNjcmlwdGlvbnMvMjY4MDMzOWEtOWM5Zi00YjM3LTk0NjgtYTNkZTFmMTlmNzRmL3Jlc291cmNlR3JvdXBzL1Rlc3RSRy9wcm92aWRlcnMvTWljcm9zb2Z0LlBvd2VyQklEZWRpY2F0ZWQvY2FwYWNpdGllcy9wYmlkc2RrdGVzdD9hcGktdmVyc2lvbj0yMDE3LTEwLTAx",
      "RequestMethod": "GET",
      "RequestBody": "",
      "RequestHeaders": {
        "x-ms-client-request-id": [
          "9bedefeb-c2d6-461c-a156-0488b15e78e6"
        ],
        "accept-language": [
          "en-US"
        ],
        "User-Agent": [
          "FxVersion/4.6.25815.02",
          "Microsoft.Azure.Management.PowerBIDedicated.PowerBIDedicatedManagementClient/0.9.0.0"
        ]
      },
      "ResponseHeaders": {
        "Cache-Control": [
          "no-cache"
        ],
        "Date": [
          "Tue, 31 Jul 2018 18:17:54 GMT"
        ],
        "Pragma": [
          "no-cache"
        ],
        "Server": [
          "Microsoft-HTTPAPI/2.0"
        ],
        "Strict-Transport-Security": [
          "max-age=31536000; includeSubDomains"
        ],
        "x-ms-request-id": [
          "d35a56a5-c097-4840-9933-e47bb2376573"
        ],
        "x-ms-current-utc-date": [
          "7/31/2018 6:17:55 PM"
        ],
        "X-Frame-Options": [
          "deny"
        ],
        "X-Content-Type-Options": [
          "nosniff"
        ],
        "X-XSS-Protection": [
          "1; mode=block"
        ],
        "Content-Security-Policy": [
          "script-src 'self'"
        ],
        "x-ms-ratelimit-remaining-subscription-reads": [
          "14993"
        ],
        "x-ms-correlation-request-id": [
          "926ab163-d675-47c4-a6e5-9a5a8644095c"
        ],
        "x-ms-routing-request-id": [
          "NORTHEUROPE:20180731T181755Z:926ab163-d675-47c4-a6e5-9a5a8644095c"
        ],
        "Content-Length": [
          "502"
        ],
        "Content-Type": [
          "application/json; charset=utf-8"
        ],
        "Expires": [
          "-1"
        ]
      },
      "ResponseBody": "{\r\n  \"properties\": {\r\n    \"provisioningState\": \"Succeeded\",\r\n    \"state\": \"Succeeded\",\r\n    \"administration\": {\r\n      \"members\": [\r\n        \"aztest0@stabletest.ccsctp.net\",\r\n        \"aztest1@stabletest.ccsctp.net\",\r\n        \"aztest2@stabletest.ccsctp.net\"\r\n      ]\r\n    }\r\n  },\r\n  \"id\": \"/subscriptions/2680339a-9c9f-4b37-9468-a3de1f19f74f/resourceGroups/TestRG/providers/Microsoft.PowerBIDedicated/capacities/pbidsdktest\",\r\n  \"name\": \"pbidsdktest\",\r\n  \"type\": \"Microsoft.PowerBIDedicated/capacities\",\r\n  \"location\": \"West Central US\",\r\n  \"sku\": {\r\n    \"name\": \"A1\",\r\n    \"tier\": \"PBIE_Azure\"\r\n  },\r\n  \"tags\": {\r\n    \"updated1\": \"value1\"\r\n  }\r\n}",
      "StatusCode": 200
    },
    {
      "RequestUri": "/subscriptions/2680339a-9c9f-4b37-9468-a3de1f19f74f/resourceGroups/TestRG/providers/Microsoft.PowerBIDedicated/capacities/pbidsdktest?api-version=2017-10-01",
      "EncodedRequestUri": "L3N1YnNjcmlwdGlvbnMvMjY4MDMzOWEtOWM5Zi00YjM3LTk0NjgtYTNkZTFmMTlmNzRmL3Jlc291cmNlR3JvdXBzL1Rlc3RSRy9wcm92aWRlcnMvTWljcm9zb2Z0LlBvd2VyQklEZWRpY2F0ZWQvY2FwYWNpdGllcy9wYmlkc2RrdGVzdD9hcGktdmVyc2lvbj0yMDE3LTEwLTAx",
      "RequestMethod": "PATCH",
      "RequestBody": "{\r\n  \"sku\": {\r\n    \"name\": \"A1\",\r\n    \"tier\": \"PBIE_Azure\"\r\n  },\r\n  \"tags\": {\r\n    \"updated1\": \"value1\"\r\n  },\r\n  \"properties\": {\r\n    \"administration\": {\r\n      \"members\": [\r\n        \"aztest0@stabletest.ccsctp.net\",\r\n        \"aztest1@stabletest.ccsctp.net\",\r\n        \"aztest2@stabletest.ccsctp.net\"\r\n      ]\r\n    }\r\n  }\r\n}",
      "RequestHeaders": {
        "x-ms-client-request-id": [
          "afaca446-60a2-4600-88a5-bcd4b03b328c"
        ],
        "accept-language": [
          "en-US"
        ],
        "User-Agent": [
          "FxVersion/4.6.25815.02",
          "Microsoft.Azure.Management.PowerBIDedicated.PowerBIDedicatedManagementClient/0.9.0.0"
        ],
        "Content-Type": [
          "application/json; charset=utf-8"
        ],
        "Content-Length": [
          "322"
        ]
      },
      "ResponseHeaders": {
        "Cache-Control": [
          "no-cache"
        ],
        "Date": [
          "Tue, 31 Jul 2018 18:17:54 GMT"
        ],
        "Pragma": [
          "no-cache"
        ],
        "Server": [
          "Microsoft-HTTPAPI/2.0"
        ],
        "Strict-Transport-Security": [
          "max-age=31536000; includeSubDomains"
        ],
        "x-ms-request-id": [
          "cecba592-2ebf-4719-b448-f1c01c472e70"
        ],
        "x-ms-current-utc-date": [
          "7/31/2018 6:17:48 PM"
        ],
        "X-Frame-Options": [
          "deny"
        ],
        "X-Content-Type-Options": [
          "nosniff"
        ],
        "X-XSS-Protection": [
          "1; mode=block"
        ],
        "Content-Security-Policy": [
          "script-src 'self'"
        ],
        "x-ms-ratelimit-remaining-subscription-writes": [
          "1198"
        ],
        "x-ms-correlation-request-id": [
          "d25966b3-acc0-4c73-826c-e8ae6496cc50"
        ],
        "x-ms-routing-request-id": [
          "NORTHEUROPE:20180731T181754Z:d25966b3-acc0-4c73-826c-e8ae6496cc50"
        ],
        "Content-Length": [
          "502"
        ],
        "Content-Type": [
          "application/json; charset=utf-8"
        ],
        "Expires": [
          "-1"
        ]
      },
      "ResponseBody": "{\r\n  \"properties\": {\r\n    \"provisioningState\": \"Succeeded\",\r\n    \"state\": \"Succeeded\",\r\n    \"administration\": {\r\n      \"members\": [\r\n        \"aztest0@stabletest.ccsctp.net\",\r\n        \"aztest1@stabletest.ccsctp.net\",\r\n        \"aztest2@stabletest.ccsctp.net\"\r\n      ]\r\n    }\r\n  },\r\n  \"id\": \"/subscriptions/2680339a-9c9f-4b37-9468-a3de1f19f74f/resourceGroups/TestRG/providers/Microsoft.PowerBIDedicated/capacities/pbidsdktest\",\r\n  \"name\": \"pbidsdktest\",\r\n  \"type\": \"Microsoft.PowerBIDedicated/capacities\",\r\n  \"location\": \"West Central US\",\r\n  \"sku\": {\r\n    \"name\": \"A1\",\r\n    \"tier\": \"PBIE_Azure\"\r\n  },\r\n  \"tags\": {\r\n    \"updated1\": \"value1\"\r\n  }\r\n}",
      "StatusCode": 200
    },
    {
      "RequestUri": "/subscriptions/2680339a-9c9f-4b37-9468-a3de1f19f74f/resourceGroups/TestRG/providers/Microsoft.PowerBIDedicated/capacities/pbidsdktest2?api-version=2017-10-01",
      "EncodedRequestUri": "L3N1YnNjcmlwdGlvbnMvMjY4MDMzOWEtOWM5Zi00YjM3LTk0NjgtYTNkZTFmMTlmNzRmL3Jlc291cmNlR3JvdXBzL1Rlc3RSRy9wcm92aWRlcnMvTWljcm9zb2Z0LlBvd2VyQklEZWRpY2F0ZWQvY2FwYWNpdGllcy9wYmlkc2RrdGVzdDI/YXBpLXZlcnNpb249MjAxNy0xMC0wMQ==",
      "RequestMethod": "PUT",
      "RequestBody": "{\r\n  \"properties\": {\r\n    \"administration\": {\r\n      \"members\": [\r\n        \"aztest0@stabletest.ccsctp.net\",\r\n        \"aztest1@stabletest.ccsctp.net\",\r\n        \"aztest2@stabletest.ccsctp.net\"\r\n      ]\r\n    }\r\n  },\r\n  \"location\": \"West Central US\",\r\n  \"sku\": {\r\n    \"name\": \"A1\"\r\n  },\r\n  \"tags\": {\r\n    \"key1\": \"value1\",\r\n    \"key2\": \"value2\"\r\n  }\r\n}",
      "RequestHeaders": {
        "x-ms-client-request-id": [
          "2afc5296-589a-432f-b2da-9bd69e76dbe8"
        ],
        "accept-language": [
          "en-US"
        ],
        "User-Agent": [
          "FxVersion/4.6.25815.02",
          "Microsoft.Azure.Management.PowerBIDedicated.PowerBIDedicatedManagementClient/0.9.0.0"
        ],
        "Content-Type": [
          "application/json; charset=utf-8"
        ],
        "Content-Length": [
          "348"
        ]
      },
      "ResponseHeaders": {
        "Cache-Control": [
          "no-cache"
        ],
        "Date": [
          "Tue, 31 Jul 2018 18:18:00 GMT"
        ],
        "Pragma": [
          "no-cache"
        ],
        "Location": [
          "https://api-dogfood.resources.windows-int.net/subscriptions/2680339a-9c9f-4b37-9468-a3de1f19f74f/providers/Microsoft.PowerBIDedicated/locations/westcentralus/operationresults/467EC9A9-8EAB-495C-B160-DCF30200B7B5?api-version=2017-01-01-preview"
        ],
        "Server": [
          "Microsoft-HTTPAPI/2.0"
        ],
        "Strict-Transport-Security": [
          "max-age=31536000; includeSubDomains"
        ],
        "Azure-AsyncOperation": [
          "https://api-dogfood.resources.windows-int.net/subscriptions/2680339a-9c9f-4b37-9468-a3de1f19f74f/providers/Microsoft.PowerBIDedicated/locations/westcentralus/operationstatuses/467EC9A9-8EAB-495C-B160-DCF30200B7B5?api-version=2017-01-01-preview"
        ],
        "x-ms-request-id": [
          "f5956760-9adb-4879-813d-fb54e8ae24b7"
        ],
        "x-ms-current-utc-date": [
          "7/31/2018 6:17:55 PM"
        ],
        "X-Frame-Options": [
          "deny"
        ],
        "X-Content-Type-Options": [
          "nosniff"
        ],
        "X-XSS-Protection": [
          "1; mode=block"
        ],
        "Content-Security-Policy": [
          "script-src 'self'"
        ],
        "x-ms-ratelimit-remaining-subscription-writes": [
          "1197"
        ],
        "x-ms-correlation-request-id": [
          "8d9320ec-58a6-402b-9213-fb202aa4be44"
        ],
        "x-ms-routing-request-id": [
          "NORTHEUROPE:20180731T181801Z:8d9320ec-58a6-402b-9213-fb202aa4be44"
        ],
        "Content-Length": [
          "502"
        ],
        "Content-Type": [
          "application/json; charset=utf-8"
        ],
        "Expires": [
          "-1"
        ]
      },
      "ResponseBody": "{\r\n  \"properties\": {\r\n    \"provisioningState\": \"Provisioning\",\r\n    \"state\": \"Provisioning\",\r\n    \"administration\": {\r\n      \"members\": [\r\n        \"aztest0@stabletest.ccsctp.net\",\r\n        \"aztest1@stabletest.ccsctp.net\",\r\n        \"aztest2@stabletest.ccsctp.net\"\r\n      ]\r\n    }\r\n  },\r\n  \"id\": \"/subscriptions/2680339a-9c9f-4b37-9468-a3de1f19f74f/resourceGroups/TestRG/providers/Microsoft.PowerBIDedicated/capacities/pbidsdktest2\",\r\n  \"name\": \"pbidsdktest2\",\r\n  \"type\": \"Microsoft.PowerBIDedicated/capacities\",\r\n  \"location\": \"West Central US\",\r\n  \"sku\": {\r\n    \"name\": \"A1\"\r\n  },\r\n  \"tags\": {\r\n    \"key1\": \"value1\",\r\n    \"key2\": \"value2\"\r\n  }\r\n}",
      "StatusCode": 201
    },
    {
      "RequestUri": "/subscriptions/2680339a-9c9f-4b37-9468-a3de1f19f74f/providers/Microsoft.PowerBIDedicated/locations/westcentralus/operationstatuses/467EC9A9-8EAB-495C-B160-DCF30200B7B5?api-version=2017-01-01-preview",
      "EncodedRequestUri": "L3N1YnNjcmlwdGlvbnMvMjY4MDMzOWEtOWM5Zi00YjM3LTk0NjgtYTNkZTFmMTlmNzRmL3Byb3ZpZGVycy9NaWNyb3NvZnQuUG93ZXJCSURlZGljYXRlZC9sb2NhdGlvbnMvd2VzdGNlbnRyYWx1cy9vcGVyYXRpb25zdGF0dXNlcy80NjdFQzlBOS04RUFCLTQ5NUMtQjE2MC1EQ0YzMDIwMEI3QjU/YXBpLXZlcnNpb249MjAxNy0wMS0wMS1wcmV2aWV3",
      "RequestMethod": "GET",
      "RequestBody": "",
      "RequestHeaders": {
        "User-Agent": [
          "FxVersion/4.6.25815.02",
          "Microsoft.Azure.Management.PowerBIDedicated.PowerBIDedicatedManagementClient/0.9.0.0"
        ]
      },
      "ResponseHeaders": {
        "Cache-Control": [
          "no-cache"
        ],
        "Date": [
          "Tue, 31 Jul 2018 18:18:30 GMT"
        ],
        "Pragma": [
          "no-cache"
        ],
        "Server": [
          "Microsoft-HTTPAPI/2.0"
        ],
        "Strict-Transport-Security": [
          "max-age=31536000; includeSubDomains"
        ],
        "X-Frame-Options": [
          "deny"
        ],
        "X-Content-Type-Options": [
          "nosniff"
        ],
        "X-XSS-Protection": [
          "1; mode=block"
        ],
        "Content-Security-Policy": [
          "script-src 'self'"
        ],
        "x-ms-request-id": [
          "abb087b3-82a9-4be3-b50f-ec86b0775899"
        ],
        "x-ms-current-utc-date": [
          "7/31/2018 6:18:31 PM"
        ],
        "x-ms-ratelimit-remaining-subscription-reads": [
          "14992"
        ],
        "x-ms-correlation-request-id": [
          "bb4a98f1-a88a-42dd-8c6e-3e4460246642"
        ],
        "x-ms-routing-request-id": [
          "NORTHEUROPE:20180731T181831Z:bb4a98f1-a88a-42dd-8c6e-3e4460246642"
        ],
        "Content-Length": [
          "252"
        ],
        "Content-Type": [
          "application/json; charset=utf-8"
        ],
        "Expires": [
          "-1"
        ]
      },
      "ResponseBody": "{\r\n  \"id\": \"/subscriptions/2680339a-9c9f-4b37-9468-a3de1f19f74f/locations/westcentralus/operationstatuses/467EC9A9-8EAB-495C-B160-DCF30200B7B5\",\r\n  \"name\": \"467EC9A9-8EAB-495C-B160-DCF30200B7B5\",\r\n  \"status\": \"Provisioning\",\r\n  \"startTime\": \"2018-07-31T18:17:58.013Z\"\r\n}",
      "StatusCode": 200
    },
    {
      "RequestUri": "/subscriptions/2680339a-9c9f-4b37-9468-a3de1f19f74f/providers/Microsoft.PowerBIDedicated/locations/westcentralus/operationstatuses/467EC9A9-8EAB-495C-B160-DCF30200B7B5?api-version=2017-01-01-preview",
      "EncodedRequestUri": "L3N1YnNjcmlwdGlvbnMvMjY4MDMzOWEtOWM5Zi00YjM3LTk0NjgtYTNkZTFmMTlmNzRmL3Byb3ZpZGVycy9NaWNyb3NvZnQuUG93ZXJCSURlZGljYXRlZC9sb2NhdGlvbnMvd2VzdGNlbnRyYWx1cy9vcGVyYXRpb25zdGF0dXNlcy80NjdFQzlBOS04RUFCLTQ5NUMtQjE2MC1EQ0YzMDIwMEI3QjU/YXBpLXZlcnNpb249MjAxNy0wMS0wMS1wcmV2aWV3",
      "RequestMethod": "GET",
      "RequestBody": "",
      "RequestHeaders": {
        "User-Agent": [
          "FxVersion/4.6.25815.02",
          "Microsoft.Azure.Management.PowerBIDedicated.PowerBIDedicatedManagementClient/0.9.0.0"
        ]
      },
      "ResponseHeaders": {
        "Cache-Control": [
          "no-cache"
        ],
        "Date": [
          "Tue, 31 Jul 2018 18:19:01 GMT"
        ],
        "Pragma": [
          "no-cache"
        ],
        "Server": [
          "Microsoft-HTTPAPI/2.0"
        ],
        "Strict-Transport-Security": [
          "max-age=31536000; includeSubDomains"
        ],
        "X-Frame-Options": [
          "deny"
        ],
        "X-Content-Type-Options": [
          "nosniff"
        ],
        "X-XSS-Protection": [
          "1; mode=block"
        ],
        "Content-Security-Policy": [
          "script-src 'self'"
        ],
        "x-ms-request-id": [
          "13685bd6-0f34-4f1f-a4d4-39fdb436322a"
        ],
        "x-ms-current-utc-date": [
          "7/31/2018 6:19:01 PM"
        ],
        "x-ms-ratelimit-remaining-subscription-reads": [
          "14991"
        ],
        "x-ms-correlation-request-id": [
          "9a298fb7-16f3-404c-8ce6-0e8ce580f804"
        ],
        "x-ms-routing-request-id": [
          "NORTHEUROPE:20180731T181902Z:9a298fb7-16f3-404c-8ce6-0e8ce580f804"
        ],
        "Content-Length": [
          "252"
        ],
        "Content-Type": [
          "application/json; charset=utf-8"
        ],
        "Expires": [
          "-1"
        ]
      },
      "ResponseBody": "{\r\n  \"id\": \"/subscriptions/2680339a-9c9f-4b37-9468-a3de1f19f74f/locations/westcentralus/operationstatuses/467EC9A9-8EAB-495C-B160-DCF30200B7B5\",\r\n  \"name\": \"467EC9A9-8EAB-495C-B160-DCF30200B7B5\",\r\n  \"status\": \"Provisioning\",\r\n  \"startTime\": \"2018-07-31T18:17:58.013Z\"\r\n}",
      "StatusCode": 200
    },
    {
      "RequestUri": "/subscriptions/2680339a-9c9f-4b37-9468-a3de1f19f74f/providers/Microsoft.PowerBIDedicated/locations/westcentralus/operationstatuses/467EC9A9-8EAB-495C-B160-DCF30200B7B5?api-version=2017-01-01-preview",
      "EncodedRequestUri": "L3N1YnNjcmlwdGlvbnMvMjY4MDMzOWEtOWM5Zi00YjM3LTk0NjgtYTNkZTFmMTlmNzRmL3Byb3ZpZGVycy9NaWNyb3NvZnQuUG93ZXJCSURlZGljYXRlZC9sb2NhdGlvbnMvd2VzdGNlbnRyYWx1cy9vcGVyYXRpb25zdGF0dXNlcy80NjdFQzlBOS04RUFCLTQ5NUMtQjE2MC1EQ0YzMDIwMEI3QjU/YXBpLXZlcnNpb249MjAxNy0wMS0wMS1wcmV2aWV3",
      "RequestMethod": "GET",
      "RequestBody": "",
      "RequestHeaders": {
        "User-Agent": [
          "FxVersion/4.6.25815.02",
          "Microsoft.Azure.Management.PowerBIDedicated.PowerBIDedicatedManagementClient/0.9.0.0"
        ]
      },
      "ResponseHeaders": {
        "Cache-Control": [
          "no-cache"
        ],
        "Date": [
          "Tue, 31 Jul 2018 18:19:31 GMT"
        ],
        "Pragma": [
          "no-cache"
        ],
        "Server": [
          "Microsoft-HTTPAPI/2.0"
        ],
        "Strict-Transport-Security": [
          "max-age=31536000; includeSubDomains"
        ],
        "X-Frame-Options": [
          "deny"
        ],
        "X-Content-Type-Options": [
          "nosniff"
        ],
        "X-XSS-Protection": [
          "1; mode=block"
        ],
        "Content-Security-Policy": [
          "script-src 'self'"
        ],
        "x-ms-request-id": [
          "b5e6dd22-bf12-4b85-bcce-7c7f9824c7ff"
        ],
        "x-ms-current-utc-date": [
          "7/31/2018 6:19:32 PM"
        ],
        "x-ms-ratelimit-remaining-subscription-reads": [
          "14990"
        ],
        "x-ms-correlation-request-id": [
          "dca85f49-4df8-4ded-af27-79dde526843c"
        ],
        "x-ms-routing-request-id": [
          "NORTHEUROPE:20180731T181932Z:dca85f49-4df8-4ded-af27-79dde526843c"
        ],
        "Content-Length": [
          "252"
        ],
        "Content-Type": [
          "application/json; charset=utf-8"
        ],
        "Expires": [
          "-1"
        ]
      },
      "ResponseBody": "{\r\n  \"id\": \"/subscriptions/2680339a-9c9f-4b37-9468-a3de1f19f74f/locations/westcentralus/operationstatuses/467EC9A9-8EAB-495C-B160-DCF30200B7B5\",\r\n  \"name\": \"467EC9A9-8EAB-495C-B160-DCF30200B7B5\",\r\n  \"status\": \"Provisioning\",\r\n  \"startTime\": \"2018-07-31T18:17:58.013Z\"\r\n}",
      "StatusCode": 200
    },
    {
      "RequestUri": "/subscriptions/2680339a-9c9f-4b37-9468-a3de1f19f74f/providers/Microsoft.PowerBIDedicated/locations/westcentralus/operationstatuses/467EC9A9-8EAB-495C-B160-DCF30200B7B5?api-version=2017-01-01-preview",
      "EncodedRequestUri": "L3N1YnNjcmlwdGlvbnMvMjY4MDMzOWEtOWM5Zi00YjM3LTk0NjgtYTNkZTFmMTlmNzRmL3Byb3ZpZGVycy9NaWNyb3NvZnQuUG93ZXJCSURlZGljYXRlZC9sb2NhdGlvbnMvd2VzdGNlbnRyYWx1cy9vcGVyYXRpb25zdGF0dXNlcy80NjdFQzlBOS04RUFCLTQ5NUMtQjE2MC1EQ0YzMDIwMEI3QjU/YXBpLXZlcnNpb249MjAxNy0wMS0wMS1wcmV2aWV3",
      "RequestMethod": "GET",
      "RequestBody": "",
      "RequestHeaders": {
        "User-Agent": [
          "FxVersion/4.6.25815.02",
          "Microsoft.Azure.Management.PowerBIDedicated.PowerBIDedicatedManagementClient/0.9.0.0"
        ]
      },
      "ResponseHeaders": {
        "Cache-Control": [
          "no-cache"
        ],
        "Date": [
          "Tue, 31 Jul 2018 18:20:02 GMT"
        ],
        "Pragma": [
          "no-cache"
        ],
        "Server": [
          "Microsoft-HTTPAPI/2.0"
        ],
        "Strict-Transport-Security": [
          "max-age=31536000; includeSubDomains"
        ],
        "X-Frame-Options": [
          "deny"
        ],
        "X-Content-Type-Options": [
          "nosniff"
        ],
        "X-XSS-Protection": [
          "1; mode=block"
        ],
        "Content-Security-Policy": [
          "script-src 'self'"
        ],
        "x-ms-request-id": [
          "5fa4444c-b2d2-4e99-aefe-681ad64c5e8e"
        ],
        "x-ms-current-utc-date": [
          "7/31/2018 6:20:02 PM"
        ],
        "x-ms-ratelimit-remaining-subscription-reads": [
          "14989"
        ],
        "x-ms-correlation-request-id": [
          "e1aa7466-5887-4a3a-ba4c-6d99dd227dc2"
        ],
        "x-ms-routing-request-id": [
          "NORTHEUROPE:20180731T182002Z:e1aa7466-5887-4a3a-ba4c-6d99dd227dc2"
        ],
        "Content-Length": [
          "252"
        ],
        "Content-Type": [
          "application/json; charset=utf-8"
        ],
        "Expires": [
          "-1"
        ]
      },
      "ResponseBody": "{\r\n  \"id\": \"/subscriptions/2680339a-9c9f-4b37-9468-a3de1f19f74f/locations/westcentralus/operationstatuses/467EC9A9-8EAB-495C-B160-DCF30200B7B5\",\r\n  \"name\": \"467EC9A9-8EAB-495C-B160-DCF30200B7B5\",\r\n  \"status\": \"Provisioning\",\r\n  \"startTime\": \"2018-07-31T18:17:58.013Z\"\r\n}",
      "StatusCode": 200
    },
    {
      "RequestUri": "/subscriptions/2680339a-9c9f-4b37-9468-a3de1f19f74f/providers/Microsoft.PowerBIDedicated/locations/westcentralus/operationstatuses/467EC9A9-8EAB-495C-B160-DCF30200B7B5?api-version=2017-01-01-preview",
      "EncodedRequestUri": "L3N1YnNjcmlwdGlvbnMvMjY4MDMzOWEtOWM5Zi00YjM3LTk0NjgtYTNkZTFmMTlmNzRmL3Byb3ZpZGVycy9NaWNyb3NvZnQuUG93ZXJCSURlZGljYXRlZC9sb2NhdGlvbnMvd2VzdGNlbnRyYWx1cy9vcGVyYXRpb25zdGF0dXNlcy80NjdFQzlBOS04RUFCLTQ5NUMtQjE2MC1EQ0YzMDIwMEI3QjU/YXBpLXZlcnNpb249MjAxNy0wMS0wMS1wcmV2aWV3",
      "RequestMethod": "GET",
      "RequestBody": "",
      "RequestHeaders": {
        "User-Agent": [
          "FxVersion/4.6.25815.02",
          "Microsoft.Azure.Management.PowerBIDedicated.PowerBIDedicatedManagementClient/0.9.0.0"
        ]
      },
      "ResponseHeaders": {
        "Cache-Control": [
          "no-cache"
        ],
        "Date": [
          "Tue, 31 Jul 2018 18:20:32 GMT"
        ],
        "Pragma": [
          "no-cache"
        ],
        "Server": [
          "Microsoft-HTTPAPI/2.0"
        ],
        "Strict-Transport-Security": [
          "max-age=31536000; includeSubDomains"
        ],
        "X-Frame-Options": [
          "deny"
        ],
        "X-Content-Type-Options": [
          "nosniff"
        ],
        "X-XSS-Protection": [
          "1; mode=block"
        ],
        "Content-Security-Policy": [
          "script-src 'self'"
        ],
        "x-ms-request-id": [
          "0defe2d7-be86-4fec-8101-86a7664df3fb"
        ],
        "x-ms-current-utc-date": [
          "7/31/2018 6:20:32 PM"
        ],
        "x-ms-ratelimit-remaining-subscription-reads": [
          "14988"
        ],
        "x-ms-correlation-request-id": [
          "bb750015-dba3-4766-8527-1874011e4f19"
        ],
        "x-ms-routing-request-id": [
          "NORTHEUROPE:20180731T182032Z:bb750015-dba3-4766-8527-1874011e4f19"
        ],
        "Content-Length": [
          "290"
        ],
        "Content-Type": [
          "application/json; charset=utf-8"
        ],
        "Expires": [
          "-1"
        ]
      },
      "ResponseBody": "{\r\n  \"id\": \"/subscriptions/2680339a-9c9f-4b37-9468-a3de1f19f74f/locations/westcentralus/operationstatuses/467EC9A9-8EAB-495C-B160-DCF30200B7B5\",\r\n  \"name\": \"467EC9A9-8EAB-495C-B160-DCF30200B7B5\",\r\n  \"status\": \"Succeeded\",\r\n  \"startTime\": \"2018-07-31T18:17:58.013Z\",\r\n  \"endTime\": \"2018-07-31T18:20:06.763Z\"\r\n}",
      "StatusCode": 200
    },
    {
      "RequestUri": "/subscriptions/2680339a-9c9f-4b37-9468-a3de1f19f74f/resourceGroups/TestRG/providers/Microsoft.PowerBIDedicated/capacities/pbidsdktest2?api-version=2017-10-01",
      "EncodedRequestUri": "L3N1YnNjcmlwdGlvbnMvMjY4MDMzOWEtOWM5Zi00YjM3LTk0NjgtYTNkZTFmMTlmNzRmL3Jlc291cmNlR3JvdXBzL1Rlc3RSRy9wcm92aWRlcnMvTWljcm9zb2Z0LlBvd2VyQklEZWRpY2F0ZWQvY2FwYWNpdGllcy9wYmlkc2RrdGVzdDI/YXBpLXZlcnNpb249MjAxNy0xMC0wMQ==",
      "RequestMethod": "GET",
      "RequestBody": "",
      "RequestHeaders": {
        "User-Agent": [
          "FxVersion/4.6.25815.02",
          "Microsoft.Azure.Management.PowerBIDedicated.PowerBIDedicatedManagementClient/0.9.0.0"
        ]
      },
      "ResponseHeaders": {
        "Cache-Control": [
          "no-cache"
        ],
        "Date": [
          "Tue, 31 Jul 2018 18:20:32 GMT"
        ],
        "Pragma": [
          "no-cache"
        ],
        "Server": [
          "Microsoft-HTTPAPI/2.0"
        ],
        "Strict-Transport-Security": [
          "max-age=31536000; includeSubDomains"
        ],
        "x-ms-request-id": [
          "9ff0e29d-0927-42f0-a448-1db67bda20d9"
        ],
        "x-ms-current-utc-date": [
          "7/31/2018 6:20:33 PM"
        ],
        "X-Frame-Options": [
          "deny"
        ],
        "X-Content-Type-Options": [
          "nosniff"
        ],
        "X-XSS-Protection": [
          "1; mode=block"
        ],
        "Content-Security-Policy": [
          "script-src 'self'"
        ],
        "x-ms-ratelimit-remaining-subscription-reads": [
          "14987"
        ],
        "x-ms-correlation-request-id": [
          "343b7e3d-34a1-419f-bea1-502a2a31f566"
        ],
        "x-ms-routing-request-id": [
          "NORTHEUROPE:20180731T182033Z:343b7e3d-34a1-419f-bea1-502a2a31f566"
        ],
        "Content-Length": [
          "516"
        ],
        "Content-Type": [
          "application/json; charset=utf-8"
        ],
        "Expires": [
          "-1"
        ]
      },
      "ResponseBody": "{\r\n  \"properties\": {\r\n    \"provisioningState\": \"Succeeded\",\r\n    \"state\": \"Succeeded\",\r\n    \"administration\": {\r\n      \"members\": [\r\n        \"aztest0@stabletest.ccsctp.net\",\r\n        \"aztest1@stabletest.ccsctp.net\",\r\n        \"aztest2@stabletest.ccsctp.net\"\r\n      ]\r\n    }\r\n  },\r\n  \"id\": \"/subscriptions/2680339a-9c9f-4b37-9468-a3de1f19f74f/resourceGroups/TestRG/providers/Microsoft.PowerBIDedicated/capacities/pbidsdktest2\",\r\n  \"name\": \"pbidsdktest2\",\r\n  \"type\": \"Microsoft.PowerBIDedicated/capacities\",\r\n  \"location\": \"West Central US\",\r\n  \"sku\": {\r\n    \"name\": \"A1\",\r\n    \"tier\": \"PBIE_Azure\"\r\n  },\r\n  \"tags\": {\r\n    \"key1\": \"value1\",\r\n    \"key2\": \"value2\"\r\n  }\r\n}",
      "StatusCode": 200
    },
    {
      "RequestUri": "/subscriptions/2680339a-9c9f-4b37-9468-a3de1f19f74f/resourceGroups/TestRG/providers/Microsoft.PowerBIDedicated/capacities/pbidsdktest2?api-version=2017-10-01",
      "EncodedRequestUri": "L3N1YnNjcmlwdGlvbnMvMjY4MDMzOWEtOWM5Zi00YjM3LTk0NjgtYTNkZTFmMTlmNzRmL3Jlc291cmNlR3JvdXBzL1Rlc3RSRy9wcm92aWRlcnMvTWljcm9zb2Z0LlBvd2VyQklEZWRpY2F0ZWQvY2FwYWNpdGllcy9wYmlkc2RrdGVzdDI/YXBpLXZlcnNpb249MjAxNy0xMC0wMQ==",
      "RequestMethod": "GET",
      "RequestBody": "",
      "RequestHeaders": {
        "x-ms-client-request-id": [
          "4b1f85bc-c676-4803-b04d-164cda100dee"
        ],
        "accept-language": [
          "en-US"
        ],
        "User-Agent": [
          "FxVersion/4.6.25815.02",
          "Microsoft.Azure.Management.PowerBIDedicated.PowerBIDedicatedManagementClient/0.9.0.0"
        ]
      },
      "ResponseHeaders": {
        "Cache-Control": [
          "no-cache"
        ],
        "Date": [
          "Tue, 31 Jul 2018 18:20:33 GMT"
        ],
        "Pragma": [
          "no-cache"
        ],
        "Server": [
          "Microsoft-HTTPAPI/2.0"
        ],
        "Strict-Transport-Security": [
          "max-age=31536000; includeSubDomains"
        ],
        "x-ms-request-id": [
          "777c3b75-2487-48e9-afc0-ec2eb8d8d28c"
        ],
        "x-ms-current-utc-date": [
          "7/31/2018 6:20:33 PM"
        ],
        "X-Frame-Options": [
          "deny"
        ],
        "X-Content-Type-Options": [
          "nosniff"
        ],
        "X-XSS-Protection": [
          "1; mode=block"
        ],
        "Content-Security-Policy": [
          "script-src 'self'"
        ],
        "x-ms-ratelimit-remaining-subscription-reads": [
          "14986"
        ],
        "x-ms-correlation-request-id": [
          "7274bfcf-7e44-43a0-b38d-cc47d9abaa9e"
        ],
        "x-ms-routing-request-id": [
          "NORTHEUROPE:20180731T182033Z:7274bfcf-7e44-43a0-b38d-cc47d9abaa9e"
        ],
        "Content-Length": [
          "516"
        ],
        "Content-Type": [
          "application/json; charset=utf-8"
        ],
        "Expires": [
          "-1"
        ]
      },
      "ResponseBody": "{\r\n  \"properties\": {\r\n    \"provisioningState\": \"Succeeded\",\r\n    \"state\": \"Succeeded\",\r\n    \"administration\": {\r\n      \"members\": [\r\n        \"aztest0@stabletest.ccsctp.net\",\r\n        \"aztest1@stabletest.ccsctp.net\",\r\n        \"aztest2@stabletest.ccsctp.net\"\r\n      ]\r\n    }\r\n  },\r\n  \"id\": \"/subscriptions/2680339a-9c9f-4b37-9468-a3de1f19f74f/resourceGroups/TestRG/providers/Microsoft.PowerBIDedicated/capacities/pbidsdktest2\",\r\n  \"name\": \"pbidsdktest2\",\r\n  \"type\": \"Microsoft.PowerBIDedicated/capacities\",\r\n  \"location\": \"West Central US\",\r\n  \"sku\": {\r\n    \"name\": \"A1\",\r\n    \"tier\": \"PBIE_Azure\"\r\n  },\r\n  \"tags\": {\r\n    \"key1\": \"value1\",\r\n    \"key2\": \"value2\"\r\n  }\r\n}",
      "StatusCode": 200
    },
    {
      "RequestUri": "/subscriptions/2680339a-9c9f-4b37-9468-a3de1f19f74f/resourceGroups/TestRG/providers/Microsoft.PowerBIDedicated/capacities/pbidsdktest2?api-version=2017-10-01",
      "EncodedRequestUri": "L3N1YnNjcmlwdGlvbnMvMjY4MDMzOWEtOWM5Zi00YjM3LTk0NjgtYTNkZTFmMTlmNzRmL3Jlc291cmNlR3JvdXBzL1Rlc3RSRy9wcm92aWRlcnMvTWljcm9zb2Z0LlBvd2VyQklEZWRpY2F0ZWQvY2FwYWNpdGllcy9wYmlkc2RrdGVzdDI/YXBpLXZlcnNpb249MjAxNy0xMC0wMQ==",
      "RequestMethod": "GET",
      "RequestBody": "",
      "RequestHeaders": {
        "x-ms-client-request-id": [
          "84aec4f7-8ef8-4ef5-9b39-673ef395e66a"
        ],
        "accept-language": [
          "en-US"
        ],
        "User-Agent": [
          "FxVersion/4.6.25815.02",
          "Microsoft.Azure.Management.PowerBIDedicated.PowerBIDedicatedManagementClient/0.9.0.0"
        ]
      },
      "ResponseHeaders": {
        "Cache-Control": [
          "no-cache"
        ],
        "Date": [
          "Tue, 31 Jul 2018 18:21:06 GMT"
        ],
        "Pragma": [
          "no-cache"
        ],
        "Server": [
          "Microsoft-HTTPAPI/2.0"
        ],
        "Strict-Transport-Security": [
          "max-age=31536000; includeSubDomains"
        ],
        "x-ms-request-id": [
          "925f10f8-e73c-41b3-a0e4-bae05b530e6f"
        ],
        "x-ms-current-utc-date": [
          "7/31/2018 6:21:06 PM"
        ],
        "X-Frame-Options": [
          "deny"
        ],
        "X-Content-Type-Options": [
          "nosniff"
        ],
        "X-XSS-Protection": [
          "1; mode=block"
        ],
        "Content-Security-Policy": [
          "script-src 'self'"
        ],
        "x-ms-ratelimit-remaining-subscription-reads": [
          "14981"
        ],
        "x-ms-correlation-request-id": [
          "d9f980c5-932a-4d31-90dd-12709c4a0143"
        ],
        "x-ms-routing-request-id": [
          "NORTHEUROPE:20180731T182106Z:d9f980c5-932a-4d31-90dd-12709c4a0143"
        ],
        "Content-Length": [
          "510"
        ],
        "Content-Type": [
          "application/json; charset=utf-8"
        ],
        "Expires": [
          "-1"
        ]
      },
      "ResponseBody": "{\r\n  \"properties\": {\r\n    \"provisioningState\": \"Paused\",\r\n    \"state\": \"Paused\",\r\n    \"administration\": {\r\n      \"members\": [\r\n        \"aztest0@stabletest.ccsctp.net\",\r\n        \"aztest1@stabletest.ccsctp.net\",\r\n        \"aztest2@stabletest.ccsctp.net\"\r\n      ]\r\n    }\r\n  },\r\n  \"id\": \"/subscriptions/2680339a-9c9f-4b37-9468-a3de1f19f74f/resourceGroups/TestRG/providers/Microsoft.PowerBIDedicated/capacities/pbidsdktest2\",\r\n  \"name\": \"pbidsdktest2\",\r\n  \"type\": \"Microsoft.PowerBIDedicated/capacities\",\r\n  \"location\": \"West Central US\",\r\n  \"sku\": {\r\n    \"name\": \"A1\",\r\n    \"tier\": \"PBIE_Azure\"\r\n  },\r\n  \"tags\": {\r\n    \"key1\": \"value1\",\r\n    \"key2\": \"value2\"\r\n  }\r\n}",
      "StatusCode": 200
    },
    {
      "RequestUri": "/subscriptions/2680339a-9c9f-4b37-9468-a3de1f19f74f/resourceGroups/TestRG/providers/Microsoft.PowerBIDedicated/capacities/pbidsdktest2?api-version=2017-10-01",
      "EncodedRequestUri": "L3N1YnNjcmlwdGlvbnMvMjY4MDMzOWEtOWM5Zi00YjM3LTk0NjgtYTNkZTFmMTlmNzRmL3Jlc291cmNlR3JvdXBzL1Rlc3RSRy9wcm92aWRlcnMvTWljcm9zb2Z0LlBvd2VyQklEZWRpY2F0ZWQvY2FwYWNpdGllcy9wYmlkc2RrdGVzdDI/YXBpLXZlcnNpb249MjAxNy0xMC0wMQ==",
      "RequestMethod": "GET",
      "RequestBody": "",
      "RequestHeaders": {
        "x-ms-client-request-id": [
          "8f696474-a8dd-4084-937a-934c63450d0b"
        ],
        "accept-language": [
          "en-US"
        ],
        "User-Agent": [
          "FxVersion/4.6.25815.02",
          "Microsoft.Azure.Management.PowerBIDedicated.PowerBIDedicatedManagementClient/0.9.0.0"
        ]
      },
      "ResponseHeaders": {
        "Cache-Control": [
          "no-cache"
        ],
        "Date": [
          "Tue, 31 Jul 2018 18:23:42 GMT"
        ],
        "Pragma": [
          "no-cache"
        ],
        "Server": [
          "Microsoft-HTTPAPI/2.0"
        ],
        "Strict-Transport-Security": [
          "max-age=31536000; includeSubDomains"
        ],
        "x-ms-request-id": [
          "d88abdf9-bf7e-4c5d-b721-cce3fa61bd66"
        ],
        "x-ms-current-utc-date": [
          "7/31/2018 6:23:42 PM"
        ],
        "X-Frame-Options": [
          "deny"
        ],
        "X-Content-Type-Options": [
          "nosniff"
        ],
        "X-XSS-Protection": [
          "1; mode=block"
        ],
        "Content-Security-Policy": [
          "script-src 'self'"
        ],
        "x-ms-ratelimit-remaining-subscription-reads": [
          "14996"
        ],
        "x-ms-correlation-request-id": [
          "6f0a8f78-556a-48a9-9326-45977dcca6ac"
        ],
        "x-ms-routing-request-id": [
          "NORTHEUROPE:20180731T182343Z:6f0a8f78-556a-48a9-9326-45977dcca6ac"
        ],
        "Content-Length": [
          "516"
        ],
        "Content-Type": [
          "application/json; charset=utf-8"
        ],
        "Expires": [
          "-1"
        ]
      },
      "ResponseBody": "{\r\n  \"properties\": {\r\n    \"provisioningState\": \"Succeeded\",\r\n    \"state\": \"Succeeded\",\r\n    \"administration\": {\r\n      \"members\": [\r\n        \"aztest0@stabletest.ccsctp.net\",\r\n        \"aztest1@stabletest.ccsctp.net\",\r\n        \"aztest2@stabletest.ccsctp.net\"\r\n      ]\r\n    }\r\n  },\r\n  \"id\": \"/subscriptions/2680339a-9c9f-4b37-9468-a3de1f19f74f/resourceGroups/TestRG/providers/Microsoft.PowerBIDedicated/capacities/pbidsdktest2\",\r\n  \"name\": \"pbidsdktest2\",\r\n  \"type\": \"Microsoft.PowerBIDedicated/capacities\",\r\n  \"location\": \"West Central US\",\r\n  \"sku\": {\r\n    \"name\": \"A1\",\r\n    \"tier\": \"PBIE_Azure\"\r\n  },\r\n  \"tags\": {\r\n    \"key1\": \"value1\",\r\n    \"key2\": \"value2\"\r\n  }\r\n}",
      "StatusCode": 200
    },
    {
      "RequestUri": "/subscriptions/2680339a-9c9f-4b37-9468-a3de1f19f74f/providers/Microsoft.PowerBIDedicated/capacities?api-version=2017-10-01",
      "EncodedRequestUri": "L3N1YnNjcmlwdGlvbnMvMjY4MDMzOWEtOWM5Zi00YjM3LTk0NjgtYTNkZTFmMTlmNzRmL3Byb3ZpZGVycy9NaWNyb3NvZnQuUG93ZXJCSURlZGljYXRlZC9jYXBhY2l0aWVzP2FwaS12ZXJzaW9uPTIwMTctMTAtMDE=",
      "RequestMethod": "GET",
      "RequestBody": "",
      "RequestHeaders": {
        "x-ms-client-request-id": [
          "452bc18f-37af-4e6f-af27-d92bc0f4fbcb"
        ],
        "accept-language": [
          "en-US"
        ],
        "User-Agent": [
          "FxVersion/4.6.25815.02",
          "Microsoft.Azure.Management.PowerBIDedicated.PowerBIDedicatedManagementClient/0.9.0.0"
        ]
      },
      "ResponseHeaders": {
        "Cache-Control": [
          "no-cache"
        ],
        "Date": [
          "Tue, 31 Jul 2018 18:20:33 GMT"
        ],
        "Pragma": [
          "no-cache"
        ],
        "Server": [
          "Microsoft-HTTPAPI/2.0"
        ],
        "Strict-Transport-Security": [
          "max-age=31536000; includeSubDomains"
        ],
        "x-ms-request-id": [
          "99d160ce-eadd-4173-926f-2eb5ee815cef"
        ],
        "x-ms-current-utc-date": [
          "7/31/2018 6:20:34 PM"
        ],
        "X-Frame-Options": [
          "deny"
        ],
        "X-Content-Type-Options": [
          "nosniff"
        ],
        "X-XSS-Protection": [
          "1; mode=block"
        ],
        "Content-Security-Policy": [
          "script-src 'self'"
        ],
        "x-ms-ratelimit-remaining-subscription-reads": [
          "14985"
        ],
        "x-ms-correlation-request-id": [
          "ac0c1033-882a-404a-9727-48246b3ae381"
        ],
        "x-ms-routing-request-id": [
          "NORTHEUROPE:20180731T182034Z:ac0c1033-882a-404a-9727-48246b3ae381"
        ],
        "Content-Length": [
          "1465"
        ],
        "Content-Type": [
          "application/json; charset=utf-8"
        ],
        "Expires": [
          "-1"
        ]
      },
      "ResponseBody": "{\r\n  \"value\": [\r\n    {\r\n      \"properties\": {\r\n        \"provisioningState\": \"Succeeded\",\r\n        \"state\": \"Succeeded\",\r\n        \"administration\": {\r\n          \"members\": [\r\n            \"aztest0@stabletest.ccsctp.net\",\r\n            \"aztest1@stabletest.ccsctp.net\",\r\n            \"aztest2@stabletest.ccsctp.net\"\r\n          ]\r\n        }\r\n      },\r\n      \"id\": \"/subscriptions/2680339a-9c9f-4b37-9468-a3de1f19f74f/resourceGroups/TestRG/providers/Microsoft.PowerBIDedicated/capacities/pbidsdktest\",\r\n      \"name\": \"pbidsdktest\",\r\n      \"type\": \"Microsoft.PowerBIDedicated/capacities\",\r\n      \"location\": \"West Central US\",\r\n      \"sku\": {\r\n        \"name\": \"A1\",\r\n        \"tier\": \"PBIE_Azure\"\r\n      },\r\n      \"tags\": {\r\n        \"updated1\": \"value1\"\r\n      }\r\n    },\r\n    {\r\n      \"properties\": {\r\n        \"provisioningState\": \"Succeeded\",\r\n        \"state\": \"Succeeded\",\r\n        \"administration\": {\r\n          \"members\": [\r\n            \"aztest0@stabletest.ccsctp.net\",\r\n            \"aztest1@stabletest.ccsctp.net\",\r\n            \"aztest2@stabletest.ccsctp.net\"\r\n          ]\r\n        }\r\n      },\r\n      \"id\": \"/subscriptions/2680339a-9c9f-4b37-9468-a3de1f19f74f/resourceGroups/TestRG/providers/Microsoft.PowerBIDedicated/capacities/pbidsdktest2\",\r\n      \"name\": \"pbidsdktest2\",\r\n      \"type\": \"Microsoft.PowerBIDedicated/capacities\",\r\n      \"location\": \"West Central US\",\r\n      \"sku\": {\r\n        \"name\": \"A1\",\r\n        \"tier\": \"PBIE_Azure\"\r\n      },\r\n      \"tags\": {\r\n        \"key1\": \"value1\",\r\n        \"key2\": \"value2\"\r\n      }\r\n    },\r\n    {\r\n      \"properties\": {\r\n        \"provisioningState\": \"Paused\",\r\n        \"state\": \"Paused\",\r\n        \"administration\": {\r\n          \"members\": [\r\n            \"aztest0@stabletest.ccsctp.net\",\r\n            \"aztest1@stabletest.ccsctp.net\"\r\n          ]\r\n        }\r\n      },\r\n      \"id\": \"/subscriptions/2680339a-9c9f-4b37-9468-a3de1f19f74f/resourceGroups/ps1243/providers/Microsoft.PowerBIDedicated/capacities/ps219\",\r\n      \"name\": \"ps219\",\r\n      \"type\": \"Microsoft.PowerBIDedicated/capacities\",\r\n      \"location\": \"West Central US\",\r\n      \"sku\": {\r\n        \"name\": \"A2\",\r\n        \"tier\": \"PBIE_Azure\"\r\n      },\r\n      \"tags\": {}\r\n    }\r\n  ]\r\n}",
      "StatusCode": 200
    },
    {
      "RequestUri": "/subscriptions/2680339a-9c9f-4b37-9468-a3de1f19f74f/resourceGroups/TestRG/providers/Microsoft.PowerBIDedicated/capacities?api-version=2017-10-01",
      "EncodedRequestUri": "L3N1YnNjcmlwdGlvbnMvMjY4MDMzOWEtOWM5Zi00YjM3LTk0NjgtYTNkZTFmMTlmNzRmL3Jlc291cmNlR3JvdXBzL1Rlc3RSRy9wcm92aWRlcnMvTWljcm9zb2Z0LlBvd2VyQklEZWRpY2F0ZWQvY2FwYWNpdGllcz9hcGktdmVyc2lvbj0yMDE3LTEwLTAx",
      "RequestMethod": "GET",
      "RequestBody": "",
      "RequestHeaders": {
        "x-ms-client-request-id": [
          "30231551-6f29-479c-88f7-4bf51dea8cec"
        ],
        "accept-language": [
          "en-US"
        ],
        "User-Agent": [
          "FxVersion/4.6.25815.02",
          "Microsoft.Azure.Management.PowerBIDedicated.PowerBIDedicatedManagementClient/0.9.0.0"
        ]
      },
      "ResponseHeaders": {
        "Cache-Control": [
          "no-cache"
        ],
        "Date": [
          "Tue, 31 Jul 2018 18:20:35 GMT"
        ],
        "Pragma": [
          "no-cache"
        ],
        "Server": [
          "Microsoft-HTTPAPI/2.0"
        ],
        "Strict-Transport-Security": [
          "max-age=31536000; includeSubDomains"
        ],
        "x-ms-request-id": [
          "4e4c229b-64dc-422f-9bd5-a4e9c65bc4cc"
        ],
        "x-ms-current-utc-date": [
          "7/31/2018 6:20:34 PM"
        ],
        "X-Frame-Options": [
          "deny"
        ],
        "X-Content-Type-Options": [
          "nosniff"
        ],
        "X-XSS-Protection": [
          "1; mode=block"
        ],
        "Content-Security-Policy": [
          "script-src 'self'"
        ],
        "x-ms-ratelimit-remaining-subscription-reads": [
          "14984"
        ],
        "x-ms-correlation-request-id": [
          "a7b1e9a1-82b4-4b2f-ad99-00ab8f793cb3"
        ],
        "x-ms-routing-request-id": [
          "NORTHEUROPE:20180731T182035Z:a7b1e9a1-82b4-4b2f-ad99-00ab8f793cb3"
        ],
        "Content-Length": [
          "1031"
        ],
        "Content-Type": [
          "application/json; charset=utf-8"
        ],
        "Expires": [
          "-1"
        ]
      },
      "ResponseBody": "{\r\n  \"value\": [\r\n    {\r\n      \"properties\": {\r\n        \"provisioningState\": \"Succeeded\",\r\n        \"state\": \"Succeeded\",\r\n        \"administration\": {\r\n          \"members\": [\r\n            \"aztest0@stabletest.ccsctp.net\",\r\n            \"aztest1@stabletest.ccsctp.net\",\r\n            \"aztest2@stabletest.ccsctp.net\"\r\n          ]\r\n        }\r\n      },\r\n      \"id\": \"/subscriptions/2680339a-9c9f-4b37-9468-a3de1f19f74f/resourceGroups/TestRG/providers/Microsoft.PowerBIDedicated/capacities/pbidsdktest\",\r\n      \"name\": \"pbidsdktest\",\r\n      \"type\": \"Microsoft.PowerBIDedicated/capacities\",\r\n      \"location\": \"West Central US\",\r\n      \"sku\": {\r\n        \"name\": \"A1\",\r\n        \"tier\": \"PBIE_Azure\"\r\n      },\r\n      \"tags\": {\r\n        \"updated1\": \"value1\"\r\n      }\r\n    },\r\n    {\r\n      \"properties\": {\r\n        \"provisioningState\": \"Succeeded\",\r\n        \"state\": \"Succeeded\",\r\n        \"administration\": {\r\n          \"members\": [\r\n            \"aztest0@stabletest.ccsctp.net\",\r\n            \"aztest1@stabletest.ccsctp.net\",\r\n            \"aztest2@stabletest.ccsctp.net\"\r\n          ]\r\n        }\r\n      },\r\n      \"id\": \"/subscriptions/2680339a-9c9f-4b37-9468-a3de1f19f74f/resourceGroups/TestRG/providers/Microsoft.PowerBIDedicated/capacities/pbidsdktest2\",\r\n      \"name\": \"pbidsdktest2\",\r\n      \"type\": \"Microsoft.PowerBIDedicated/capacities\",\r\n      \"location\": \"West Central US\",\r\n      \"sku\": {\r\n        \"name\": \"A1\",\r\n        \"tier\": \"PBIE_Azure\"\r\n      },\r\n      \"tags\": {\r\n        \"key1\": \"value1\",\r\n        \"key2\": \"value2\"\r\n      }\r\n    }\r\n  ]\r\n}",
      "StatusCode": 200
    },
    {
      "RequestUri": "/subscriptions/2680339a-9c9f-4b37-9468-a3de1f19f74f/resourceGroups/TestRG/providers/Microsoft.PowerBIDedicated/capacities?api-version=2017-10-01",
      "EncodedRequestUri": "L3N1YnNjcmlwdGlvbnMvMjY4MDMzOWEtOWM5Zi00YjM3LTk0NjgtYTNkZTFmMTlmNzRmL3Jlc291cmNlR3JvdXBzL1Rlc3RSRy9wcm92aWRlcnMvTWljcm9zb2Z0LlBvd2VyQklEZWRpY2F0ZWQvY2FwYWNpdGllcz9hcGktdmVyc2lvbj0yMDE3LTEwLTAx",
      "RequestMethod": "GET",
      "RequestBody": "",
      "RequestHeaders": {
        "x-ms-client-request-id": [
          "4ded2f9e-6575-43c6-937a-375a3da59f92"
        ],
        "accept-language": [
          "en-US"
        ],
        "User-Agent": [
          "FxVersion/4.6.25815.02",
          "Microsoft.Azure.Management.PowerBIDedicated.PowerBIDedicatedManagementClient/0.9.0.0"
        ]
      },
      "ResponseHeaders": {
        "Cache-Control": [
          "no-cache"
        ],
        "Date": [
          "Tue, 31 Jul 2018 18:24:48 GMT"
        ],
        "Pragma": [
          "no-cache"
        ],
        "Server": [
          "Microsoft-HTTPAPI/2.0"
        ],
        "Strict-Transport-Security": [
          "max-age=31536000; includeSubDomains"
        ],
        "x-ms-request-id": [
          "6a228d24-20c3-4105-9927-432df71ee5c7"
        ],
        "x-ms-current-utc-date": [
          "7/31/2018 6:24:48 PM"
        ],
        "X-Frame-Options": [
          "deny"
        ],
        "X-Content-Type-Options": [
          "nosniff"
        ],
        "X-XSS-Protection": [
          "1; mode=block"
        ],
        "Content-Security-Policy": [
          "script-src 'self'"
        ],
        "x-ms-ratelimit-remaining-subscription-reads": [
          "14991"
        ],
        "x-ms-correlation-request-id": [
          "fae8f918-5ce4-489b-a296-77652bc39108"
        ],
        "x-ms-routing-request-id": [
          "NORTHEUROPE:20180731T182448Z:fae8f918-5ce4-489b-a296-77652bc39108"
        ],
        "Content-Length": [
          "12"
        ],
        "Content-Type": [
          "application/json; charset=utf-8"
        ],
        "Expires": [
          "-1"
        ]
      },
      "ResponseBody": "{\r\n  \"value\": []\r\n}",
      "StatusCode": 200
    },
    {
      "RequestUri": "/subscriptions/2680339a-9c9f-4b37-9468-a3de1f19f74f/resourceGroups/TestRG/providers/Microsoft.PowerBIDedicated/capacities/pbidsdktest2/suspend?api-version=2017-10-01",
      "EncodedRequestUri": "L3N1YnNjcmlwdGlvbnMvMjY4MDMzOWEtOWM5Zi00YjM3LTk0NjgtYTNkZTFmMTlmNzRmL3Jlc291cmNlR3JvdXBzL1Rlc3RSRy9wcm92aWRlcnMvTWljcm9zb2Z0LlBvd2VyQklEZWRpY2F0ZWQvY2FwYWNpdGllcy9wYmlkc2RrdGVzdDIvc3VzcGVuZD9hcGktdmVyc2lvbj0yMDE3LTEwLTAx",
      "RequestMethod": "POST",
      "RequestBody": "",
      "RequestHeaders": {
        "x-ms-client-request-id": [
          "d99a6d3b-39e5-4741-97de-36532d4ea454"
        ],
        "accept-language": [
          "en-US"
        ],
        "User-Agent": [
          "FxVersion/4.6.25815.02",
          "Microsoft.Azure.Management.PowerBIDedicated.PowerBIDedicatedManagementClient/0.9.0.0"
        ]
      },
      "ResponseHeaders": {
        "Cache-Control": [
          "no-cache"
        ],
        "Date": [
          "Tue, 31 Jul 2018 18:20:35 GMT"
        ],
        "Pragma": [
          "no-cache"
        ],
        "Location": [
          "https://api-dogfood.resources.windows-int.net/subscriptions/2680339a-9c9f-4b37-9468-a3de1f19f74f/providers/Microsoft.PowerBIDedicated/locations/westcentralus/operationresults/D38362EA-CFDF-46D6-9E9C-C193B1C0A3CD?api-version=2017-01-01-preview"
        ],
        "Server": [
          "Microsoft-HTTPAPI/2.0"
        ],
        "Strict-Transport-Security": [
          "max-age=31536000; includeSubDomains"
        ],
        "Azure-AsyncOperation": [
          "https://api-dogfood.resources.windows-int.net/subscriptions/2680339a-9c9f-4b37-9468-a3de1f19f74f/providers/Microsoft.PowerBIDedicated/locations/westcentralus/operationstatuses/D38362EA-CFDF-46D6-9E9C-C193B1C0A3CD?api-version=2017-01-01-preview"
        ],
        "x-ms-request-id": [
          "9a067528-2a19-43fb-bdc8-790191f46edb"
        ],
        "x-ms-current-utc-date": [
          "7/31/2018 6:20:35 PM"
        ],
        "X-Frame-Options": [
          "deny"
        ],
        "X-Content-Type-Options": [
          "nosniff"
        ],
        "X-XSS-Protection": [
          "1; mode=block"
        ],
        "Content-Security-Policy": [
          "script-src 'self'"
        ],
        "x-ms-ratelimit-remaining-subscription-writes": [
          "1196"
        ],
        "x-ms-correlation-request-id": [
          "2f2efe2f-afa5-473c-81ac-79b041e10fea"
        ],
        "x-ms-routing-request-id": [
          "NORTHEUROPE:20180731T182036Z:2f2efe2f-afa5-473c-81ac-79b041e10fea"
        ],
        "Content-Length": [
          "0"
        ],
        "Expires": [
          "-1"
        ]
      },
      "ResponseBody": "",
      "StatusCode": 202
    },
    {
      "RequestUri": "/subscriptions/2680339a-9c9f-4b37-9468-a3de1f19f74f/providers/Microsoft.PowerBIDedicated/locations/westcentralus/operationstatuses/D38362EA-CFDF-46D6-9E9C-C193B1C0A3CD?api-version=2017-01-01-preview",
      "EncodedRequestUri": "L3N1YnNjcmlwdGlvbnMvMjY4MDMzOWEtOWM5Zi00YjM3LTk0NjgtYTNkZTFmMTlmNzRmL3Byb3ZpZGVycy9NaWNyb3NvZnQuUG93ZXJCSURlZGljYXRlZC9sb2NhdGlvbnMvd2VzdGNlbnRyYWx1cy9vcGVyYXRpb25zdGF0dXNlcy9EMzgzNjJFQS1DRkRGLTQ2RDYtOUU5Qy1DMTkzQjFDMEEzQ0Q/YXBpLXZlcnNpb249MjAxNy0wMS0wMS1wcmV2aWV3",
      "RequestMethod": "GET",
      "RequestBody": "",
      "RequestHeaders": {
        "User-Agent": [
          "FxVersion/4.6.25815.02",
          "Microsoft.Azure.Management.PowerBIDedicated.PowerBIDedicatedManagementClient/0.9.0.0"
        ]
      },
      "ResponseHeaders": {
        "Cache-Control": [
          "no-cache"
        ],
        "Date": [
          "Tue, 31 Jul 2018 18:21:05 GMT"
        ],
        "Pragma": [
          "no-cache"
        ],
        "Server": [
          "Microsoft-HTTPAPI/2.0"
        ],
        "Strict-Transport-Security": [
          "max-age=31536000; includeSubDomains"
        ],
        "X-Frame-Options": [
          "deny"
        ],
        "X-Content-Type-Options": [
          "nosniff"
        ],
        "X-XSS-Protection": [
          "1; mode=block"
        ],
        "Content-Security-Policy": [
          "script-src 'self'"
        ],
        "x-ms-request-id": [
          "b0091592-757a-419a-9117-9c273d8ecd7a"
        ],
        "x-ms-current-utc-date": [
          "7/31/2018 6:21:06 PM"
        ],
        "x-ms-ratelimit-remaining-subscription-reads": [
          "14983"
        ],
        "x-ms-correlation-request-id": [
          "627b5c0e-a09d-4112-b349-4c90c319b515"
        ],
        "x-ms-routing-request-id": [
          "NORTHEUROPE:20180731T182106Z:627b5c0e-a09d-4112-b349-4c90c319b515"
        ],
        "Content-Length": [
          "290"
        ],
        "Content-Type": [
          "application/json; charset=utf-8"
        ],
        "Expires": [
          "-1"
        ]
      },
      "ResponseBody": "{\r\n  \"id\": \"/subscriptions/2680339a-9c9f-4b37-9468-a3de1f19f74f/locations/westcentralus/operationstatuses/D38362EA-CFDF-46D6-9E9C-C193B1C0A3CD\",\r\n  \"name\": \"D38362EA-CFDF-46D6-9E9C-C193B1C0A3CD\",\r\n  \"status\": \"Succeeded\",\r\n  \"startTime\": \"2018-07-31T18:20:35.28Z\",\r\n  \"endTime\": \"2018-07-31T18:20:37.56Z\"\r\n}",
      "StatusCode": 200
    },
    {
      "RequestUri": "/subscriptions/2680339a-9c9f-4b37-9468-a3de1f19f74f/providers/Microsoft.PowerBIDedicated/locations/westcentralus/operationresults/D38362EA-CFDF-46D6-9E9C-C193B1C0A3CD?api-version=2017-01-01-preview",
      "EncodedRequestUri": "L3N1YnNjcmlwdGlvbnMvMjY4MDMzOWEtOWM5Zi00YjM3LTk0NjgtYTNkZTFmMTlmNzRmL3Byb3ZpZGVycy9NaWNyb3NvZnQuUG93ZXJCSURlZGljYXRlZC9sb2NhdGlvbnMvd2VzdGNlbnRyYWx1cy9vcGVyYXRpb25yZXN1bHRzL0QzODM2MkVBLUNGREYtNDZENi05RTlDLUMxOTNCMUMwQTNDRD9hcGktdmVyc2lvbj0yMDE3LTAxLTAxLXByZXZpZXc=",
      "RequestMethod": "GET",
      "RequestBody": "",
      "RequestHeaders": {
        "User-Agent": [
          "FxVersion/4.6.25815.02",
          "Microsoft.Azure.Management.PowerBIDedicated.PowerBIDedicatedManagementClient/0.9.0.0"
        ]
      },
      "ResponseHeaders": {
        "Cache-Control": [
          "no-cache"
        ],
        "Date": [
          "Tue, 31 Jul 2018 18:21:06 GMT"
        ],
        "Pragma": [
          "no-cache"
        ],
        "Server": [
          "Microsoft-HTTPAPI/2.0"
        ],
        "Strict-Transport-Security": [
          "max-age=31536000; includeSubDomains"
        ],
        "X-Frame-Options": [
          "deny"
        ],
        "X-Content-Type-Options": [
          "nosniff"
        ],
        "X-XSS-Protection": [
          "1; mode=block"
        ],
        "Content-Security-Policy": [
          "script-src 'self'"
        ],
        "x-ms-request-id": [
          "32855235-f298-4d2a-92b1-52d75f99e9ad"
        ],
        "x-ms-current-utc-date": [
          "7/31/2018 6:21:06 PM"
        ],
        "x-ms-ratelimit-remaining-subscription-reads": [
          "14982"
        ],
        "x-ms-correlation-request-id": [
          "b0dbbfde-f648-466c-b87b-beba576eee9e"
        ],
        "x-ms-routing-request-id": [
          "NORTHEUROPE:20180731T182106Z:b0dbbfde-f648-466c-b87b-beba576eee9e"
        ],
        "Content-Length": [
          "0"
        ],
        "Expires": [
          "-1"
        ]
      },
      "ResponseBody": "",
      "StatusCode": 200
    },
    {
      "RequestUri": "/subscriptions/2680339a-9c9f-4b37-9468-a3de1f19f74f/resourceGroups/TestRG/providers/Microsoft.PowerBIDedicated/capacities/pbidsdktest2/resume?api-version=2017-10-01",
      "EncodedRequestUri": "L3N1YnNjcmlwdGlvbnMvMjY4MDMzOWEtOWM5Zi00YjM3LTk0NjgtYTNkZTFmMTlmNzRmL3Jlc291cmNlR3JvdXBzL1Rlc3RSRy9wcm92aWRlcnMvTWljcm9zb2Z0LlBvd2VyQklEZWRpY2F0ZWQvY2FwYWNpdGllcy9wYmlkc2RrdGVzdDIvcmVzdW1lP2FwaS12ZXJzaW9uPTIwMTctMTAtMDE=",
      "RequestMethod": "POST",
      "RequestBody": "",
      "RequestHeaders": {
        "x-ms-client-request-id": [
          "c5036ce0-83e4-4a6b-811f-1f187c1b3a3a"
        ],
        "accept-language": [
          "en-US"
        ],
        "User-Agent": [
          "FxVersion/4.6.25815.02",
          "Microsoft.Azure.Management.PowerBIDedicated.PowerBIDedicatedManagementClient/0.9.0.0"
        ]
      },
      "ResponseHeaders": {
        "Cache-Control": [
          "no-cache"
        ],
        "Date": [
          "Tue, 31 Jul 2018 18:21:08 GMT"
        ],
        "Pragma": [
          "no-cache"
        ],
        "Location": [
          "https://api-dogfood.resources.windows-int.net/subscriptions/2680339a-9c9f-4b37-9468-a3de1f19f74f/providers/Microsoft.PowerBIDedicated/locations/westcentralus/operationresults/964DF610-0DB4-4694-8876-948B528FD433?api-version=2017-01-01-preview"
        ],
        "Server": [
          "Microsoft-HTTPAPI/2.0"
        ],
        "Strict-Transport-Security": [
          "max-age=31536000; includeSubDomains"
        ],
        "Azure-AsyncOperation": [
          "https://api-dogfood.resources.windows-int.net/subscriptions/2680339a-9c9f-4b37-9468-a3de1f19f74f/providers/Microsoft.PowerBIDedicated/locations/westcentralus/operationstatuses/964DF610-0DB4-4694-8876-948B528FD433?api-version=2017-01-01-preview"
        ],
        "x-ms-request-id": [
          "f73449b9-2c43-42fd-bd7d-e992d4afaaef"
        ],
        "x-ms-current-utc-date": [
          "7/31/2018 6:21:06 PM"
        ],
        "X-Frame-Options": [
          "deny"
        ],
        "X-Content-Type-Options": [
          "nosniff"
        ],
        "X-XSS-Protection": [
          "1; mode=block"
        ],
        "Content-Security-Policy": [
          "script-src 'self'"
        ],
        "x-ms-ratelimit-remaining-subscription-writes": [
          "1195"
        ],
        "x-ms-correlation-request-id": [
          "96b52b42-1790-44d8-9d57-29e19bc805b7"
        ],
        "x-ms-routing-request-id": [
          "NORTHEUROPE:20180731T182108Z:96b52b42-1790-44d8-9d57-29e19bc805b7"
        ],
        "Content-Length": [
          "0"
        ],
        "Expires": [
          "-1"
        ]
      },
      "ResponseBody": "",
      "StatusCode": 202
    },
    {
      "RequestUri": "/subscriptions/2680339a-9c9f-4b37-9468-a3de1f19f74f/providers/Microsoft.PowerBIDedicated/locations/westcentralus/operationstatuses/964DF610-0DB4-4694-8876-948B528FD433?api-version=2017-01-01-preview",
      "EncodedRequestUri": "L3N1YnNjcmlwdGlvbnMvMjY4MDMzOWEtOWM5Zi00YjM3LTk0NjgtYTNkZTFmMTlmNzRmL3Byb3ZpZGVycy9NaWNyb3NvZnQuUG93ZXJCSURlZGljYXRlZC9sb2NhdGlvbnMvd2VzdGNlbnRyYWx1cy9vcGVyYXRpb25zdGF0dXNlcy85NjRERjYxMC0wREI0LTQ2OTQtODg3Ni05NDhCNTI4RkQ0MzM/YXBpLXZlcnNpb249MjAxNy0wMS0wMS1wcmV2aWV3",
      "RequestMethod": "GET",
      "RequestBody": "",
      "RequestHeaders": {
        "User-Agent": [
          "FxVersion/4.6.25815.02",
          "Microsoft.Azure.Management.PowerBIDedicated.PowerBIDedicatedManagementClient/0.9.0.0"
        ]
      },
      "ResponseHeaders": {
        "Cache-Control": [
          "no-cache"
        ],
        "Date": [
          "Tue, 31 Jul 2018 18:21:39 GMT"
        ],
        "Pragma": [
          "no-cache"
        ],
        "Server": [
          "Microsoft-HTTPAPI/2.0"
        ],
        "Strict-Transport-Security": [
          "max-age=31536000; includeSubDomains"
        ],
        "X-Frame-Options": [
          "deny"
        ],
        "X-Content-Type-Options": [
          "nosniff"
        ],
        "X-XSS-Protection": [
          "1; mode=block"
        ],
        "Content-Security-Policy": [
          "script-src 'self'"
        ],
        "x-ms-request-id": [
          "7dafad6a-678e-418a-83b9-e4e2adb34bf9"
        ],
        "x-ms-current-utc-date": [
          "7/31/2018 6:21:39 PM"
        ],
        "x-ms-ratelimit-remaining-subscription-reads": [
          "14980"
        ],
        "x-ms-correlation-request-id": [
          "71ff4a31-d26c-4de2-9ae0-1b07c93f77eb"
        ],
        "x-ms-routing-request-id": [
          "NORTHEUROPE:20180731T182139Z:71ff4a31-d26c-4de2-9ae0-1b07c93f77eb"
        ],
        "Content-Length": [
          "248"
        ],
        "Content-Type": [
          "application/json; charset=utf-8"
        ],
        "Expires": [
          "-1"
        ]
      },
      "ResponseBody": "{\r\n  \"id\": \"/subscriptions/2680339a-9c9f-4b37-9468-a3de1f19f74f/locations/westcentralus/operationstatuses/964DF610-0DB4-4694-8876-948B528FD433\",\r\n  \"name\": \"964DF610-0DB4-4694-8876-948B528FD433\",\r\n  \"status\": \"Resuming\",\r\n  \"startTime\": \"2018-07-31T18:21:06.933Z\"\r\n}",
      "StatusCode": 200
    },
    {
      "RequestUri": "/subscriptions/2680339a-9c9f-4b37-9468-a3de1f19f74f/providers/Microsoft.PowerBIDedicated/locations/westcentralus/operationstatuses/964DF610-0DB4-4694-8876-948B528FD433?api-version=2017-01-01-preview",
      "EncodedRequestUri": "L3N1YnNjcmlwdGlvbnMvMjY4MDMzOWEtOWM5Zi00YjM3LTk0NjgtYTNkZTFmMTlmNzRmL3Byb3ZpZGVycy9NaWNyb3NvZnQuUG93ZXJCSURlZGljYXRlZC9sb2NhdGlvbnMvd2VzdGNlbnRyYWx1cy9vcGVyYXRpb25zdGF0dXNlcy85NjRERjYxMC0wREI0LTQ2OTQtODg3Ni05NDhCNTI4RkQ0MzM/YXBpLXZlcnNpb249MjAxNy0wMS0wMS1wcmV2aWV3",
      "RequestMethod": "GET",
      "RequestBody": "",
      "RequestHeaders": {
        "User-Agent": [
          "FxVersion/4.6.25815.02",
          "Microsoft.Azure.Management.PowerBIDedicated.PowerBIDedicatedManagementClient/0.9.0.0"
        ]
      },
      "ResponseHeaders": {
        "Cache-Control": [
          "no-cache"
        ],
        "Date": [
          "Tue, 31 Jul 2018 18:22:09 GMT"
        ],
        "Pragma": [
          "no-cache"
        ],
        "Server": [
          "Microsoft-HTTPAPI/2.0"
        ],
        "Strict-Transport-Security": [
          "max-age=31536000; includeSubDomains"
        ],
        "X-Frame-Options": [
          "deny"
        ],
        "X-Content-Type-Options": [
          "nosniff"
        ],
        "X-XSS-Protection": [
          "1; mode=block"
        ],
        "Content-Security-Policy": [
          "script-src 'self'"
        ],
        "x-ms-request-id": [
          "ebfa14ff-1005-4120-b071-4c7b4df1092e"
        ],
        "x-ms-current-utc-date": [
          "7/31/2018 6:22:09 PM"
        ],
        "x-ms-ratelimit-remaining-subscription-reads": [
          "14979"
        ],
        "x-ms-correlation-request-id": [
          "ea1aed19-3762-4287-82c5-8ea1bbbe14fb"
        ],
        "x-ms-routing-request-id": [
          "NORTHEUROPE:20180731T182210Z:ea1aed19-3762-4287-82c5-8ea1bbbe14fb"
        ],
        "Content-Length": [
          "248"
        ],
        "Content-Type": [
          "application/json; charset=utf-8"
        ],
        "Expires": [
          "-1"
        ]
      },
      "ResponseBody": "{\r\n  \"id\": \"/subscriptions/2680339a-9c9f-4b37-9468-a3de1f19f74f/locations/westcentralus/operationstatuses/964DF610-0DB4-4694-8876-948B528FD433\",\r\n  \"name\": \"964DF610-0DB4-4694-8876-948B528FD433\",\r\n  \"status\": \"Resuming\",\r\n  \"startTime\": \"2018-07-31T18:21:06.933Z\"\r\n}",
      "StatusCode": 200
    },
    {
      "RequestUri": "/subscriptions/2680339a-9c9f-4b37-9468-a3de1f19f74f/providers/Microsoft.PowerBIDedicated/locations/westcentralus/operationstatuses/964DF610-0DB4-4694-8876-948B528FD433?api-version=2017-01-01-preview",
      "EncodedRequestUri": "L3N1YnNjcmlwdGlvbnMvMjY4MDMzOWEtOWM5Zi00YjM3LTk0NjgtYTNkZTFmMTlmNzRmL3Byb3ZpZGVycy9NaWNyb3NvZnQuUG93ZXJCSURlZGljYXRlZC9sb2NhdGlvbnMvd2VzdGNlbnRyYWx1cy9vcGVyYXRpb25zdGF0dXNlcy85NjRERjYxMC0wREI0LTQ2OTQtODg3Ni05NDhCNTI4RkQ0MzM/YXBpLXZlcnNpb249MjAxNy0wMS0wMS1wcmV2aWV3",
      "RequestMethod": "GET",
      "RequestBody": "",
      "RequestHeaders": {
        "User-Agent": [
          "FxVersion/4.6.25815.02",
          "Microsoft.Azure.Management.PowerBIDedicated.PowerBIDedicatedManagementClient/0.9.0.0"
        ]
      },
      "ResponseHeaders": {
        "Cache-Control": [
          "no-cache"
        ],
        "Date": [
          "Tue, 31 Jul 2018 18:22:40 GMT"
        ],
        "Pragma": [
          "no-cache"
        ],
        "Server": [
          "Microsoft-HTTPAPI/2.0"
        ],
        "Strict-Transport-Security": [
          "max-age=31536000; includeSubDomains"
        ],
        "X-Frame-Options": [
          "deny"
        ],
        "X-Content-Type-Options": [
          "nosniff"
        ],
        "X-XSS-Protection": [
          "1; mode=block"
        ],
        "Content-Security-Policy": [
          "script-src 'self'"
        ],
        "x-ms-request-id": [
          "4a0090db-73fe-4884-b81a-fdb94fb23135"
        ],
        "x-ms-current-utc-date": [
          "7/31/2018 6:22:40 PM"
        ],
        "x-ms-ratelimit-remaining-subscription-reads": [
          "14980"
        ],
        "x-ms-correlation-request-id": [
          "17751aa6-d713-43a6-837f-65c9ece8d189"
        ],
        "x-ms-routing-request-id": [
          "NORTHEUROPE:20180731T182240Z:17751aa6-d713-43a6-837f-65c9ece8d189"
        ],
        "Content-Length": [
          "248"
        ],
        "Content-Type": [
          "application/json; charset=utf-8"
        ],
        "Expires": [
          "-1"
        ]
      },
      "ResponseBody": "{\r\n  \"id\": \"/subscriptions/2680339a-9c9f-4b37-9468-a3de1f19f74f/locations/westcentralus/operationstatuses/964DF610-0DB4-4694-8876-948B528FD433\",\r\n  \"name\": \"964DF610-0DB4-4694-8876-948B528FD433\",\r\n  \"status\": \"Resuming\",\r\n  \"startTime\": \"2018-07-31T18:21:06.933Z\"\r\n}",
      "StatusCode": 200
    },
    {
      "RequestUri": "/subscriptions/2680339a-9c9f-4b37-9468-a3de1f19f74f/providers/Microsoft.PowerBIDedicated/locations/westcentralus/operationstatuses/964DF610-0DB4-4694-8876-948B528FD433?api-version=2017-01-01-preview",
      "EncodedRequestUri": "L3N1YnNjcmlwdGlvbnMvMjY4MDMzOWEtOWM5Zi00YjM3LTk0NjgtYTNkZTFmMTlmNzRmL3Byb3ZpZGVycy9NaWNyb3NvZnQuUG93ZXJCSURlZGljYXRlZC9sb2NhdGlvbnMvd2VzdGNlbnRyYWx1cy9vcGVyYXRpb25zdGF0dXNlcy85NjRERjYxMC0wREI0LTQ2OTQtODg3Ni05NDhCNTI4RkQ0MzM/YXBpLXZlcnNpb249MjAxNy0wMS0wMS1wcmV2aWV3",
      "RequestMethod": "GET",
      "RequestBody": "",
      "RequestHeaders": {
        "User-Agent": [
          "FxVersion/4.6.25815.02",
          "Microsoft.Azure.Management.PowerBIDedicated.PowerBIDedicatedManagementClient/0.9.0.0"
        ]
      },
      "ResponseHeaders": {
        "Cache-Control": [
          "no-cache"
        ],
        "Date": [
          "Tue, 31 Jul 2018 18:23:12 GMT"
        ],
        "Pragma": [
          "no-cache"
        ],
        "Server": [
          "Microsoft-HTTPAPI/2.0"
        ],
        "Strict-Transport-Security": [
          "max-age=31536000; includeSubDomains"
        ],
        "X-Frame-Options": [
          "deny"
        ],
        "X-Content-Type-Options": [
          "nosniff"
        ],
        "X-XSS-Protection": [
          "1; mode=block"
        ],
        "Content-Security-Policy": [
          "script-src 'self'"
        ],
        "x-ms-request-id": [
          "b5092d15-9bf9-45ca-bf58-bec21df2ba00"
        ],
        "x-ms-current-utc-date": [
          "7/31/2018 6:23:11 PM"
        ],
        "x-ms-ratelimit-remaining-subscription-reads": [
          "14999"
        ],
        "x-ms-correlation-request-id": [
          "d41e83d6-5e54-4d10-ac8a-3cd25f771ed0"
        ],
        "x-ms-routing-request-id": [
          "NORTHEUROPE:20180731T182312Z:d41e83d6-5e54-4d10-ac8a-3cd25f771ed0"
        ],
        "Content-Length": [
          "248"
        ],
        "Content-Type": [
          "application/json; charset=utf-8"
        ],
        "Expires": [
          "-1"
        ]
      },
      "ResponseBody": "{\r\n  \"id\": \"/subscriptions/2680339a-9c9f-4b37-9468-a3de1f19f74f/locations/westcentralus/operationstatuses/964DF610-0DB4-4694-8876-948B528FD433\",\r\n  \"name\": \"964DF610-0DB4-4694-8876-948B528FD433\",\r\n  \"status\": \"Resuming\",\r\n  \"startTime\": \"2018-07-31T18:21:06.933Z\"\r\n}",
      "StatusCode": 200
    },
    {
      "RequestUri": "/subscriptions/2680339a-9c9f-4b37-9468-a3de1f19f74f/providers/Microsoft.PowerBIDedicated/locations/westcentralus/operationstatuses/964DF610-0DB4-4694-8876-948B528FD433?api-version=2017-01-01-preview",
      "EncodedRequestUri": "L3N1YnNjcmlwdGlvbnMvMjY4MDMzOWEtOWM5Zi00YjM3LTk0NjgtYTNkZTFmMTlmNzRmL3Byb3ZpZGVycy9NaWNyb3NvZnQuUG93ZXJCSURlZGljYXRlZC9sb2NhdGlvbnMvd2VzdGNlbnRyYWx1cy9vcGVyYXRpb25zdGF0dXNlcy85NjRERjYxMC0wREI0LTQ2OTQtODg3Ni05NDhCNTI4RkQ0MzM/YXBpLXZlcnNpb249MjAxNy0wMS0wMS1wcmV2aWV3",
      "RequestMethod": "GET",
      "RequestBody": "",
      "RequestHeaders": {
        "User-Agent": [
          "FxVersion/4.6.25815.02",
          "Microsoft.Azure.Management.PowerBIDedicated.PowerBIDedicatedManagementClient/0.9.0.0"
        ]
      },
      "ResponseHeaders": {
        "Cache-Control": [
          "no-cache"
        ],
        "Date": [
          "Tue, 31 Jul 2018 18:23:42 GMT"
        ],
        "Pragma": [
          "no-cache"
        ],
        "Server": [
          "Microsoft-HTTPAPI/2.0"
        ],
        "Strict-Transport-Security": [
          "max-age=31536000; includeSubDomains"
        ],
        "X-Frame-Options": [
          "deny"
        ],
        "X-Content-Type-Options": [
          "nosniff"
        ],
        "X-XSS-Protection": [
          "1; mode=block"
        ],
        "Content-Security-Policy": [
          "script-src 'self'"
        ],
        "x-ms-request-id": [
          "b2875150-9c55-48dd-8097-37efa9f7c00c"
        ],
        "x-ms-current-utc-date": [
          "7/31/2018 6:23:42 PM"
        ],
        "x-ms-ratelimit-remaining-subscription-reads": [
          "14998"
        ],
        "x-ms-correlation-request-id": [
          "643f306e-f1ad-4483-9c86-f5ce6a83504d"
        ],
        "x-ms-routing-request-id": [
          "NORTHEUROPE:20180731T182342Z:643f306e-f1ad-4483-9c86-f5ce6a83504d"
        ],
        "Content-Length": [
          "290"
        ],
        "Content-Type": [
          "application/json; charset=utf-8"
        ],
        "Expires": [
          "-1"
        ]
      },
      "ResponseBody": "{\r\n  \"id\": \"/subscriptions/2680339a-9c9f-4b37-9468-a3de1f19f74f/locations/westcentralus/operationstatuses/964DF610-0DB4-4694-8876-948B528FD433\",\r\n  \"name\": \"964DF610-0DB4-4694-8876-948B528FD433\",\r\n  \"status\": \"Succeeded\",\r\n  \"startTime\": \"2018-07-31T18:21:06.933Z\",\r\n  \"endTime\": \"2018-07-31T18:23:15.17Z\"\r\n}",
      "StatusCode": 200
    },
    {
      "RequestUri": "/subscriptions/2680339a-9c9f-4b37-9468-a3de1f19f74f/providers/Microsoft.PowerBIDedicated/locations/westcentralus/operationresults/964DF610-0DB4-4694-8876-948B528FD433?api-version=2017-01-01-preview",
      "EncodedRequestUri": "L3N1YnNjcmlwdGlvbnMvMjY4MDMzOWEtOWM5Zi00YjM3LTk0NjgtYTNkZTFmMTlmNzRmL3Byb3ZpZGVycy9NaWNyb3NvZnQuUG93ZXJCSURlZGljYXRlZC9sb2NhdGlvbnMvd2VzdGNlbnRyYWx1cy9vcGVyYXRpb25yZXN1bHRzLzk2NERGNjEwLTBEQjQtNDY5NC04ODc2LTk0OEI1MjhGRDQzMz9hcGktdmVyc2lvbj0yMDE3LTAxLTAxLXByZXZpZXc=",
      "RequestMethod": "GET",
      "RequestBody": "",
      "RequestHeaders": {
        "User-Agent": [
          "FxVersion/4.6.25815.02",
          "Microsoft.Azure.Management.PowerBIDedicated.PowerBIDedicatedManagementClient/0.9.0.0"
        ]
      },
      "ResponseHeaders": {
        "Cache-Control": [
          "no-cache"
        ],
        "Date": [
          "Tue, 31 Jul 2018 18:23:42 GMT"
        ],
        "Pragma": [
          "no-cache"
        ],
        "Server": [
          "Microsoft-HTTPAPI/2.0"
        ],
        "Strict-Transport-Security": [
          "max-age=31536000; includeSubDomains"
        ],
        "X-Frame-Options": [
          "deny"
        ],
        "X-Content-Type-Options": [
          "nosniff"
        ],
        "X-XSS-Protection": [
          "1; mode=block"
        ],
        "Content-Security-Policy": [
          "script-src 'self'"
        ],
        "x-ms-request-id": [
          "23c0989a-3578-4f03-9104-89b727878f3e"
        ],
        "x-ms-current-utc-date": [
          "7/31/2018 6:23:42 PM"
        ],
        "x-ms-ratelimit-remaining-subscription-reads": [
          "14997"
        ],
        "x-ms-correlation-request-id": [
          "97110497-eb86-491d-a7ba-96f5e16f90ec"
        ],
        "x-ms-routing-request-id": [
          "NORTHEUROPE:20180731T182342Z:97110497-eb86-491d-a7ba-96f5e16f90ec"
        ],
        "Content-Length": [
          "0"
        ],
        "Expires": [
          "-1"
        ]
      },
      "ResponseBody": "",
      "StatusCode": 200
    },
    {
      "RequestUri": "/subscriptions/2680339a-9c9f-4b37-9468-a3de1f19f74f/resourceGroups/TestRG/providers/Microsoft.PowerBIDedicated/capacities/pbidsdktest2?api-version=2017-10-01",
      "EncodedRequestUri": "L3N1YnNjcmlwdGlvbnMvMjY4MDMzOWEtOWM5Zi00YjM3LTk0NjgtYTNkZTFmMTlmNzRmL3Jlc291cmNlR3JvdXBzL1Rlc3RSRy9wcm92aWRlcnMvTWljcm9zb2Z0LlBvd2VyQklEZWRpY2F0ZWQvY2FwYWNpdGllcy9wYmlkc2RrdGVzdDI/YXBpLXZlcnNpb249MjAxNy0xMC0wMQ==",
      "RequestMethod": "DELETE",
      "RequestBody": "",
      "RequestHeaders": {
        "x-ms-client-request-id": [
          "5bd4d8a4-0cb2-4da8-b863-b4292eb935a1"
        ],
        "accept-language": [
          "en-US"
        ],
        "User-Agent": [
          "FxVersion/4.6.25815.02",
          "Microsoft.Azure.Management.PowerBIDedicated.PowerBIDedicatedManagementClient/0.9.0.0"
        ]
      },
      "ResponseHeaders": {
        "Cache-Control": [
          "no-cache"
        ],
        "Date": [
          "Tue, 31 Jul 2018 18:23:43 GMT"
        ],
        "Pragma": [
          "no-cache"
        ],
        "Location": [
          "https://api-dogfood.resources.windows-int.net/subscriptions/2680339a-9c9f-4b37-9468-a3de1f19f74f/providers/Microsoft.PowerBIDedicated/locations/westcentralus/operationresults/29A73E61-F749-4A83-89BE-06AE76E71CAC?api-version=2017-01-01-preview"
        ],
        "Server": [
          "Microsoft-HTTPAPI/2.0"
        ],
        "Strict-Transport-Security": [
          "max-age=31536000; includeSubDomains"
        ],
        "Azure-AsyncOperation": [
          "https://api-dogfood.resources.windows-int.net/subscriptions/2680339a-9c9f-4b37-9468-a3de1f19f74f/providers/Microsoft.PowerBIDedicated/locations/westcentralus/operationstatuses/29A73E61-F749-4A83-89BE-06AE76E71CAC?api-version=2017-01-01-preview"
        ],
        "x-ms-request-id": [
          "044bb1e6-8a99-4ff9-860e-c48a7b1466e1"
        ],
        "x-ms-current-utc-date": [
          "7/31/2018 6:23:43 PM"
        ],
        "X-Frame-Options": [
          "deny"
        ],
        "X-Content-Type-Options": [
          "nosniff"
        ],
        "X-XSS-Protection": [
          "1; mode=block"
        ],
        "Content-Security-Policy": [
          "script-src 'self'"
        ],
        "x-ms-ratelimit-remaining-subscription-deletes": [
          "14999"
        ],
        "x-ms-correlation-request-id": [
          "b563721b-c3b6-46c4-b0d3-ec0a6894d098"
        ],
        "x-ms-routing-request-id": [
          "NORTHEUROPE:20180731T182344Z:b563721b-c3b6-46c4-b0d3-ec0a6894d098"
        ],
        "Content-Length": [
          "0"
        ],
        "Expires": [
          "-1"
        ]
      },
      "ResponseBody": "",
      "StatusCode": 202
    },
    {
      "RequestUri": "/subscriptions/2680339a-9c9f-4b37-9468-a3de1f19f74f/resourceGroups/TestRG/providers/Microsoft.PowerBIDedicated/capacities/pbidsdktest2?api-version=2017-10-01",
      "EncodedRequestUri": "L3N1YnNjcmlwdGlvbnMvMjY4MDMzOWEtOWM5Zi00YjM3LTk0NjgtYTNkZTFmMTlmNzRmL3Jlc291cmNlR3JvdXBzL1Rlc3RSRy9wcm92aWRlcnMvTWljcm9zb2Z0LlBvd2VyQklEZWRpY2F0ZWQvY2FwYWNpdGllcy9wYmlkc2RrdGVzdDI/YXBpLXZlcnNpb249MjAxNy0xMC0wMQ==",
      "RequestMethod": "DELETE",
      "RequestBody": "",
      "RequestHeaders": {
        "x-ms-client-request-id": [
          "aa0c73c5-329d-4194-8faf-d6e562e36b5a"
        ],
        "accept-language": [
          "en-US"
        ],
        "User-Agent": [
          "FxVersion/4.6.25815.02",
          "Microsoft.Azure.Management.PowerBIDedicated.PowerBIDedicatedManagementClient/0.9.0.0"
        ]
      },
      "ResponseHeaders": {
        "Cache-Control": [
          "no-cache"
        ],
        "Date": [
          "Tue, 31 Jul 2018 18:24:15 GMT"
        ],
        "Pragma": [
          "no-cache"
        ],
        "x-ms-ratelimit-remaining-subscription-deletes": [
          "14998"
        ],
        "x-ms-request-id": [
          "df455511-5e53-4cb0-8623-ebfc0ae6f9e8"
        ],
        "x-ms-correlation-request-id": [
          "df455511-5e53-4cb0-8623-ebfc0ae6f9e8"
        ],
        "x-ms-routing-request-id": [
          "NORTHEUROPE:20180731T182415Z:df455511-5e53-4cb0-8623-ebfc0ae6f9e8"
        ],
        "Strict-Transport-Security": [
          "max-age=31536000; includeSubDomains"
        ],
        "X-Content-Type-Options": [
          "nosniff"
        ],
        "Expires": [
          "-1"
        ]
      },
      "ResponseBody": "",
      "StatusCode": 204
    },
    {
      "RequestUri": "/subscriptions/2680339a-9c9f-4b37-9468-a3de1f19f74f/providers/Microsoft.PowerBIDedicated/locations/westcentralus/operationstatuses/29A73E61-F749-4A83-89BE-06AE76E71CAC?api-version=2017-01-01-preview",
      "EncodedRequestUri": "L3N1YnNjcmlwdGlvbnMvMjY4MDMzOWEtOWM5Zi00YjM3LTk0NjgtYTNkZTFmMTlmNzRmL3Byb3ZpZGVycy9NaWNyb3NvZnQuUG93ZXJCSURlZGljYXRlZC9sb2NhdGlvbnMvd2VzdGNlbnRyYWx1cy9vcGVyYXRpb25zdGF0dXNlcy8yOUE3M0U2MS1GNzQ5LTRBODMtODlCRS0wNkFFNzZFNzFDQUM/YXBpLXZlcnNpb249MjAxNy0wMS0wMS1wcmV2aWV3",
      "RequestMethod": "GET",
      "RequestBody": "",
      "RequestHeaders": {
        "User-Agent": [
          "FxVersion/4.6.25815.02",
          "Microsoft.Azure.Management.PowerBIDedicated.PowerBIDedicatedManagementClient/0.9.0.0"
        ]
      },
      "ResponseHeaders": {
        "Cache-Control": [
          "no-cache"
        ],
        "Date": [
          "Tue, 31 Jul 2018 18:24:15 GMT"
        ],
        "Pragma": [
          "no-cache"
        ],
        "Server": [
          "Microsoft-HTTPAPI/2.0"
        ],
        "Strict-Transport-Security": [
          "max-age=31536000; includeSubDomains"
        ],
        "X-Frame-Options": [
          "deny"
        ],
        "X-Content-Type-Options": [
          "nosniff"
        ],
        "X-XSS-Protection": [
          "1; mode=block"
        ],
        "Content-Security-Policy": [
          "script-src 'self'"
        ],
        "x-ms-request-id": [
          "2e3d37a3-1ab9-45d8-9ab0-930351d4e9b5"
        ],
        "x-ms-current-utc-date": [
          "7/31/2018 6:24:14 PM"
        ],
        "x-ms-ratelimit-remaining-subscription-reads": [
          "14995"
        ],
        "x-ms-correlation-request-id": [
          "2480ded1-7055-499c-9173-06750c939cb7"
        ],
        "x-ms-routing-request-id": [
          "NORTHEUROPE:20180731T182415Z:2480ded1-7055-499c-9173-06750c939cb7"
        ],
        "Content-Length": [
          "290"
        ],
        "Content-Type": [
          "application/json; charset=utf-8"
        ],
        "Expires": [
          "-1"
        ]
      },
      "ResponseBody": "{\r\n  \"id\": \"/subscriptions/2680339a-9c9f-4b37-9468-a3de1f19f74f/locations/westcentralus/operationstatuses/29A73E61-F749-4A83-89BE-06AE76E71CAC\",\r\n  \"name\": \"29A73E61-F749-4A83-89BE-06AE76E71CAC\",\r\n  \"status\": \"Succeeded\",\r\n  \"startTime\": \"2018-07-31T18:23:43.527Z\",\r\n  \"endTime\": \"2018-07-31T18:23:46.09Z\"\r\n}",
      "StatusCode": 200
    },
    {
      "RequestUri": "/subscriptions/2680339a-9c9f-4b37-9468-a3de1f19f74f/providers/Microsoft.PowerBIDedicated/locations/westcentralus/operationresults/29A73E61-F749-4A83-89BE-06AE76E71CAC?api-version=2017-01-01-preview",
      "EncodedRequestUri": "L3N1YnNjcmlwdGlvbnMvMjY4MDMzOWEtOWM5Zi00YjM3LTk0NjgtYTNkZTFmMTlmNzRmL3Byb3ZpZGVycy9NaWNyb3NvZnQuUG93ZXJCSURlZGljYXRlZC9sb2NhdGlvbnMvd2VzdGNlbnRyYWx1cy9vcGVyYXRpb25yZXN1bHRzLzI5QTczRTYxLUY3NDktNEE4My04OUJFLTA2QUU3NkU3MUNBQz9hcGktdmVyc2lvbj0yMDE3LTAxLTAxLXByZXZpZXc=",
      "RequestMethod": "GET",
      "RequestBody": "",
      "RequestHeaders": {
        "User-Agent": [
          "FxVersion/4.6.25815.02",
          "Microsoft.Azure.Management.PowerBIDedicated.PowerBIDedicatedManagementClient/0.9.0.0"
        ]
      },
      "ResponseHeaders": {
        "Cache-Control": [
          "no-cache"
        ],
        "Date": [
          "Tue, 31 Jul 2018 18:24:15 GMT"
        ],
        "Pragma": [
          "no-cache"
        ],
        "Server": [
          "Microsoft-HTTPAPI/2.0"
        ],
        "Strict-Transport-Security": [
          "max-age=31536000; includeSubDomains"
        ],
        "X-Frame-Options": [
          "deny"
        ],
        "X-Content-Type-Options": [
          "nosniff"
        ],
        "X-XSS-Protection": [
          "1; mode=block"
        ],
        "Content-Security-Policy": [
          "script-src 'self'"
        ],
        "x-ms-request-id": [
          "8f035b6d-a949-4415-9115-5bc64ef68800"
        ],
        "x-ms-current-utc-date": [
          "7/31/2018 6:24:15 PM"
        ],
        "x-ms-ratelimit-remaining-subscription-reads": [
          "14994"
        ],
        "x-ms-correlation-request-id": [
          "03fa9a51-e543-4171-a3d5-0614b57c7312"
        ],
        "x-ms-routing-request-id": [
          "NORTHEUROPE:20180731T182415Z:03fa9a51-e543-4171-a3d5-0614b57c7312"
        ],
        "Expires": [
          "-1"
        ]
      },
      "ResponseBody": "",
      "StatusCode": 204
    },
    {
      "RequestUri": "/subscriptions/2680339a-9c9f-4b37-9468-a3de1f19f74f/resourceGroups/TestRG/providers/Microsoft.PowerBIDedicated/capacities/pbidsdktest?api-version=2017-10-01",
      "EncodedRequestUri": "L3N1YnNjcmlwdGlvbnMvMjY4MDMzOWEtOWM5Zi00YjM3LTk0NjgtYTNkZTFmMTlmNzRmL3Jlc291cmNlR3JvdXBzL1Rlc3RSRy9wcm92aWRlcnMvTWljcm9zb2Z0LlBvd2VyQklEZWRpY2F0ZWQvY2FwYWNpdGllcy9wYmlkc2RrdGVzdD9hcGktdmVyc2lvbj0yMDE3LTEwLTAx",
      "RequestMethod": "DELETE",
      "RequestBody": "",
      "RequestHeaders": {
        "x-ms-client-request-id": [
          "124e672e-1220-497a-91cc-dc6e83609fc4"
        ],
        "accept-language": [
          "en-US"
        ],
        "User-Agent": [
          "FxVersion/4.6.25815.02",
          "Microsoft.Azure.Management.PowerBIDedicated.PowerBIDedicatedManagementClient/0.9.0.0"
        ]
      },
      "ResponseHeaders": {
        "Cache-Control": [
          "no-cache"
        ],
        "Date": [
          "Tue, 31 Jul 2018 18:24:16 GMT"
        ],
        "Pragma": [
          "no-cache"
        ],
        "Location": [
          "https://api-dogfood.resources.windows-int.net/subscriptions/2680339a-9c9f-4b37-9468-a3de1f19f74f/providers/Microsoft.PowerBIDedicated/locations/westcentralus/operationresults/C633A7AC-DC33-4C18-BA23-18573CDA1552?api-version=2017-01-01-preview"
        ],
        "Server": [
          "Microsoft-HTTPAPI/2.0"
        ],
        "Strict-Transport-Security": [
          "max-age=31536000; includeSubDomains"
        ],
        "Azure-AsyncOperation": [
          "https://api-dogfood.resources.windows-int.net/subscriptions/2680339a-9c9f-4b37-9468-a3de1f19f74f/providers/Microsoft.PowerBIDedicated/locations/westcentralus/operationstatuses/C633A7AC-DC33-4C18-BA23-18573CDA1552?api-version=2017-01-01-preview"
        ],
        "x-ms-request-id": [
          "a9688e75-e36b-483b-b446-f2fb8e0d491a"
        ],
        "x-ms-current-utc-date": [
          "7/31/2018 6:24:16 PM"
        ],
        "X-Frame-Options": [
          "deny"
        ],
        "X-Content-Type-Options": [
          "nosniff"
        ],
        "X-XSS-Protection": [
          "1; mode=block"
        ],
        "Content-Security-Policy": [
          "script-src 'self'"
        ],
        "x-ms-ratelimit-remaining-subscription-deletes": [
          "14997"
        ],
        "x-ms-correlation-request-id": [
          "7ecbf50d-1d31-4c05-9ef1-a213d592470c"
        ],
        "x-ms-routing-request-id": [
          "NORTHEUROPE:20180731T182417Z:7ecbf50d-1d31-4c05-9ef1-a213d592470c"
        ],
        "Content-Length": [
          "0"
        ],
        "Expires": [
          "-1"
        ]
      },
      "ResponseBody": "",
      "StatusCode": 202
    },
    {
      "RequestUri": "/subscriptions/2680339a-9c9f-4b37-9468-a3de1f19f74f/providers/Microsoft.PowerBIDedicated/locations/westcentralus/operationstatuses/C633A7AC-DC33-4C18-BA23-18573CDA1552?api-version=2017-01-01-preview",
      "EncodedRequestUri": "L3N1YnNjcmlwdGlvbnMvMjY4MDMzOWEtOWM5Zi00YjM3LTk0NjgtYTNkZTFmMTlmNzRmL3Byb3ZpZGVycy9NaWNyb3NvZnQuUG93ZXJCSURlZGljYXRlZC9sb2NhdGlvbnMvd2VzdGNlbnRyYWx1cy9vcGVyYXRpb25zdGF0dXNlcy9DNjMzQTdBQy1EQzMzLTRDMTgtQkEyMy0xODU3M0NEQTE1NTI/YXBpLXZlcnNpb249MjAxNy0wMS0wMS1wcmV2aWV3",
      "RequestMethod": "GET",
      "RequestBody": "",
      "RequestHeaders": {
        "User-Agent": [
          "FxVersion/4.6.25815.02",
          "Microsoft.Azure.Management.PowerBIDedicated.PowerBIDedicatedManagementClient/0.9.0.0"
        ]
      },
      "ResponseHeaders": {
        "Cache-Control": [
          "no-cache"
        ],
        "Date": [
          "Tue, 31 Jul 2018 18:24:47 GMT"
        ],
        "Pragma": [
          "no-cache"
        ],
        "Server": [
          "Microsoft-HTTPAPI/2.0"
        ],
        "Strict-Transport-Security": [
          "max-age=31536000; includeSubDomains"
        ],
        "X-Frame-Options": [
          "deny"
        ],
        "X-Content-Type-Options": [
          "nosniff"
        ],
        "X-XSS-Protection": [
          "1; mode=block"
        ],
        "Content-Security-Policy": [
          "script-src 'self'"
        ],
        "x-ms-request-id": [
          "31fe1bdb-3435-4e78-912c-886ea244e2f3"
        ],
        "x-ms-current-utc-date": [
          "7/31/2018 6:24:47 PM"
        ],
        "x-ms-ratelimit-remaining-subscription-reads": [
          "14993"
        ],
        "x-ms-correlation-request-id": [
          "bd58cab1-65df-42b8-9f08-a86feebff40e"
        ],
        "x-ms-routing-request-id": [
          "NORTHEUROPE:20180731T182447Z:bd58cab1-65df-42b8-9f08-a86feebff40e"
        ],
        "Content-Length": [
          "290"
        ],
        "Content-Type": [
          "application/json; charset=utf-8"
        ],
        "Expires": [
          "-1"
        ]
      },
      "ResponseBody": "{\r\n  \"id\": \"/subscriptions/2680339a-9c9f-4b37-9468-a3de1f19f74f/locations/westcentralus/operationstatuses/C633A7AC-DC33-4C18-BA23-18573CDA1552\",\r\n  \"name\": \"C633A7AC-DC33-4C18-BA23-18573CDA1552\",\r\n  \"status\": \"Succeeded\",\r\n  \"startTime\": \"2018-07-31T18:24:16.183Z\",\r\n  \"endTime\": \"2018-07-31T18:24:18.51Z\"\r\n}",
      "StatusCode": 200
    },
    {
      "RequestUri": "/subscriptions/2680339a-9c9f-4b37-9468-a3de1f19f74f/providers/Microsoft.PowerBIDedicated/locations/westcentralus/operationresults/C633A7AC-DC33-4C18-BA23-18573CDA1552?api-version=2017-01-01-preview",
      "EncodedRequestUri": "L3N1YnNjcmlwdGlvbnMvMjY4MDMzOWEtOWM5Zi00YjM3LTk0NjgtYTNkZTFmMTlmNzRmL3Byb3ZpZGVycy9NaWNyb3NvZnQuUG93ZXJCSURlZGljYXRlZC9sb2NhdGlvbnMvd2VzdGNlbnRyYWx1cy9vcGVyYXRpb25yZXN1bHRzL0M2MzNBN0FDLURDMzMtNEMxOC1CQTIzLTE4NTczQ0RBMTU1Mj9hcGktdmVyc2lvbj0yMDE3LTAxLTAxLXByZXZpZXc=",
      "RequestMethod": "GET",
      "RequestBody": "",
      "RequestHeaders": {
        "User-Agent": [
          "FxVersion/4.6.25815.02",
          "Microsoft.Azure.Management.PowerBIDedicated.PowerBIDedicatedManagementClient/0.9.0.0"
        ]
      },
      "ResponseHeaders": {
        "Cache-Control": [
          "no-cache"
        ],
        "Date": [
          "Tue, 31 Jul 2018 18:24:48 GMT"
        ],
        "Pragma": [
          "no-cache"
        ],
        "Server": [
          "Microsoft-HTTPAPI/2.0"
        ],
        "Strict-Transport-Security": [
          "max-age=31536000; includeSubDomains"
        ],
        "X-Frame-Options": [
          "deny"
        ],
        "X-Content-Type-Options": [
          "nosniff"
        ],
        "X-XSS-Protection": [
          "1; mode=block"
        ],
        "Content-Security-Policy": [
          "script-src 'self'"
        ],
        "x-ms-request-id": [
          "911b4d7e-0efd-404b-8852-e6273eceb1c1"
        ],
        "x-ms-current-utc-date": [
          "7/31/2018 6:24:48 PM"
        ],
        "x-ms-ratelimit-remaining-subscription-reads": [
          "14992"
        ],
        "x-ms-correlation-request-id": [
          "05d98b93-085d-474c-87d3-8c70eaf3db58"
        ],
        "x-ms-routing-request-id": [
          "NORTHEUROPE:20180731T182448Z:05d98b93-085d-474c-87d3-8c70eaf3db58"
        ],
        "Expires": [
          "-1"
        ]
      },
      "ResponseBody": "",
      "StatusCode": 204
    }
  ],
  "Names": {},
  "Variables": {
    "SubscriptionId": "2680339a-9c9f-4b37-9468-a3de1f19f74f"
  }
}