{
  "Entries": [
    {
      "RequestUri": "https://management.azure.com/subscriptions/db1ab6f0-4769-4b27-930e-01e2ef9c123c?api-version=2021-01-01",
      "RequestMethod": "GET",
      "RequestHeaders": {
        "Accept": "application/json",
        "Authorization": "Sanitized",
        "traceparent": "00-587c86f3da14a43f0c15fa029e684d19-01cf1163ab8df7cd-00",
        "User-Agent": "azsdk-net-ResourceManager/1.4.0-alpha.20221222.1 (.NET 6.0.12; Microsoft Windows 10.0.22621)",
        "x-ms-client-request-id": "afc78db898e89b81d5e256cde477477d",
        "x-ms-return-client-request-id": "true"
      },
      "RequestBody": null,
      "StatusCode": 200,
      "ResponseHeaders": {
        "Cache-Control": "no-cache",
        "Content-Length": "748",
        "Content-Type": "application/json; charset=utf-8",
        "Date": "Thu, 22 Dec 2022 06:23:53 GMT",
        "Expires": "-1",
        "Pragma": "no-cache",
        "Strict-Transport-Security": "max-age=31536000; includeSubDomains",
        "X-Content-Type-Options": "nosniff",
        "x-ms-correlation-request-id": "e5f7c84f-46c2-4e6d-ac60-4deb93cebc88",
        "x-ms-ratelimit-remaining-subscription-reads": "11966",
        "x-ms-request-id": "e5f7c84f-46c2-4e6d-ac60-4deb93cebc88",
        "x-ms-routing-request-id": "SOUTHEASTASIA:20221222T062354Z:e5f7c84f-46c2-4e6d-ac60-4deb93cebc88"
      },
      "ResponseBody": {
        "id": "/subscriptions/db1ab6f0-4769-4b27-930e-01e2ef9c123c",
        "authorizationSource": "RoleBased",
        "managedByTenants": [],
        "tags": {
          "TagKey-9823": "TagValue-1254",
          "TagKey-3481": "TagValue-320",
          "TagKey-4926": "TagValue-1187",
          "TagKey-751": "TagValue-3921",
          "TagKey-1866": "TagValue-8559",
          "TagKey-3094": "TagValue-9190",
          "TagKey-2449": "TagValue-9",
          "TagKey-8379": "TagValue-164",
          "TagKey-7470": "TagValue-2205",
          "TagKey-4236": "TagValue-3698",
          "TagKey-5316": "TagValue-2725"
        },
        "subscriptionId": "db1ab6f0-4769-4b27-930e-01e2ef9c123c",
        "tenantId": "72f988bf-86f1-41af-91ab-2d7cd011db47",
        "displayName": ".NET Mgmt SDK Test with TTL = 1 Day",
        "state": "Enabled",
        "subscriptionPolicies": {
          "locationPlacementId": "Internal_2014-09-01",
          "quotaId": "Internal_2014-09-01",
          "spendingLimit": "Off"
        }
      }
    },
    {
      "RequestUri": "https://management.azure.com/subscriptions/db1ab6f0-4769-4b27-930e-01e2ef9c123c/resourcegroups/testrg6878?api-version=2019-10-01",
      "RequestMethod": "PUT",
      "RequestHeaders": {
        "Accept": "application/json",
        "Authorization": "Sanitized",
        "Content-Length": "22",
        "Content-Type": "application/json",
        "traceparent": "00-8d4f47649f3b726cc8e30256d3dfc078-e57742ef303f2f40-00",
        "User-Agent": "azsdk-net-ResourceManager/1.4.0-alpha.20221222.1 (.NET 6.0.12; Microsoft Windows 10.0.22621)",
        "x-ms-client-request-id": "f9c7847e5f02e592b20fd9b12df6d0a0",
        "x-ms-return-client-request-id": "true"
      },
      "RequestBody": {
        "location": "westus2"
      },
      "StatusCode": 201,
      "ResponseHeaders": {
        "Cache-Control": "no-cache",
        "Content-Length": "218",
        "Content-Type": "application/json; charset=utf-8",
        "Date": "Thu, 22 Dec 2022 06:23:54 GMT",
        "Expires": "-1",
        "Pragma": "no-cache",
        "Strict-Transport-Security": "max-age=31536000; includeSubDomains",
        "X-Content-Type-Options": "nosniff",
        "x-ms-correlation-request-id": "b63f3a9b-0dbe-40a3-b729-b796c35aada2",
        "x-ms-ratelimit-remaining-subscription-writes": "1186",
        "x-ms-request-id": "b63f3a9b-0dbe-40a3-b729-b796c35aada2",
        "x-ms-routing-request-id": "SOUTHEASTASIA:20221222T062355Z:b63f3a9b-0dbe-40a3-b729-b796c35aada2"
      },
      "ResponseBody": {
        "id": "/subscriptions/db1ab6f0-4769-4b27-930e-01e2ef9c123c/resourceGroups/testrg6878",
        "name": "testrg6878",
        "type": "Microsoft.Resources/resourceGroups",
        "location": "westus2",
        "properties": {
          "provisioningState": "Succeeded"
        }
      }
    },
    {
      "RequestUri": "https://management.azure.com/subscriptions/db1ab6f0-4769-4b27-930e-01e2ef9c123c/resourcegroups/testrg6878?api-version=2019-10-01",
      "RequestMethod": "GET",
      "RequestHeaders": {
        "Accept": "application/json",
        "Authorization": "Sanitized",
        "traceparent": "00-0d40fa536a49def4f851bfbd734f0557-1e087a05319ebeda-00",
        "User-Agent": "azsdk-net-ResourceManager/1.4.0-alpha.20221222.1 (.NET 6.0.12; Microsoft Windows 10.0.22621)",
        "x-ms-client-request-id": "465eb089285f28faec64a23ab2cf04cd",
        "x-ms-return-client-request-id": "true"
      },
      "RequestBody": null,
      "StatusCode": 200,
      "ResponseHeaders": {
        "Cache-Control": "no-cache",
        "Content-Length": "218",
        "Content-Type": "application/json; charset=utf-8",
        "Date": "Thu, 22 Dec 2022 06:23:54 GMT",
        "Expires": "-1",
        "Pragma": "no-cache",
        "Strict-Transport-Security": "max-age=31536000; includeSubDomains",
        "X-Content-Type-Options": "nosniff",
        "x-ms-correlation-request-id": "3dc908a4-7a0b-4c5d-b02a-934dec6a4f7f",
        "x-ms-ratelimit-remaining-subscription-reads": "11965",
        "x-ms-request-id": "3dc908a4-7a0b-4c5d-b02a-934dec6a4f7f",
        "x-ms-routing-request-id": "SOUTHEASTASIA:20221222T062355Z:3dc908a4-7a0b-4c5d-b02a-934dec6a4f7f"
      },
      "ResponseBody": {
        "id": "/subscriptions/db1ab6f0-4769-4b27-930e-01e2ef9c123c/resourceGroups/testrg6878",
        "name": "testrg6878",
        "type": "Microsoft.Resources/resourceGroups",
        "location": "westus2",
        "properties": {
          "provisioningState": "Succeeded"
        }
      }
    },
    {
      "RequestUri": "https://management.azure.com/subscriptions/db1ab6f0-4769-4b27-930e-01e2ef9c123c/resourcegroups/testrg6878?api-version=2019-10-01",
      "RequestMethod": "PATCH",
      "RequestHeaders": {
        "Accept": "application/json",
        "Authorization": "Sanitized",
        "Content-Length": "24",
        "Content-Type": "application/json",
        "traceparent": "00-0d40fa536a49def4f851bfbd734f0557-e993b5c9e6fb44af-00",
        "User-Agent": "azsdk-net-ResourceManager/1.4.0-alpha.20221222.1 (.NET 6.0.12; Microsoft Windows 10.0.22621)",
        "x-ms-client-request-id": "c8e0aa1e71ec2db535ca3689a7e9a8eb",
        "x-ms-return-client-request-id": "true"
      },
      "RequestBody": {
        "tags": {
          "key": "value"
        }
      },
      "StatusCode": 200,
      "ResponseHeaders": {
        "Cache-Control": "no-cache",
        "Content-Length": "241",
        "Content-Type": "application/json; charset=utf-8",
        "Date": "Thu, 22 Dec 2022 06:23:55 GMT",
        "Expires": "-1",
        "Pragma": "no-cache",
        "Strict-Transport-Security": "max-age=31536000; includeSubDomains",
        "X-Content-Type-Options": "nosniff",
        "x-ms-correlation-request-id": "4f02bf72-4010-4bdb-a457-9c78beb25618",
        "x-ms-ratelimit-remaining-subscription-writes": "1185",
        "x-ms-request-id": "4f02bf72-4010-4bdb-a457-9c78beb25618",
        "x-ms-routing-request-id": "SOUTHEASTASIA:20221222T062356Z:4f02bf72-4010-4bdb-a457-9c78beb25618"
      },
      "ResponseBody": {
        "id": "/subscriptions/db1ab6f0-4769-4b27-930e-01e2ef9c123c/resourceGroups/testrg6878",
        "name": "testrg6878",
        "type": "Microsoft.Resources/resourceGroups",
        "location": "westus2",
        "tags": {
          "key": "value"
        },
        "properties": {
          "provisioningState": "Succeeded"
        }
      }
    },
    {
      "RequestUri": "https://management.azure.com/subscriptions/db1ab6f0-4769-4b27-930e-01e2ef9c123c/resourcegroups/testrg6878?api-version=2019-10-01",
      "RequestMethod": "GET",
      "RequestHeaders": {
        "Accept": "application/json",
        "Authorization": "Sanitized",
        "traceparent": "00-699bc7de98ab35882ea38395dd003f62-b8d0b1dadd0b9873-00",
        "User-Agent": "azsdk-net-ResourceManager/1.4.0-alpha.20221222.1 (.NET 6.0.12; Microsoft Windows 10.0.22621)",
        "x-ms-client-request-id": "c65a2c8537e85542899e0d9dbd5733e2",
        "x-ms-return-client-request-id": "true"
      },
      "RequestBody": null,
      "StatusCode": 200,
      "ResponseHeaders": {
        "Cache-Control": "no-cache",
        "Content-Length": "241",
        "Content-Type": "application/json; charset=utf-8",
        "Date": "Thu, 22 Dec 2022 06:23:55 GMT",
        "Expires": "-1",
        "Pragma": "no-cache",
        "Strict-Transport-Security": "max-age=31536000; includeSubDomains",
        "X-Content-Type-Options": "nosniff",
        "x-ms-correlation-request-id": "1cdc2947-eaa5-49ea-9ea2-e8a11d24e1a6",
        "x-ms-ratelimit-remaining-subscription-reads": "11964",
        "x-ms-request-id": "1cdc2947-eaa5-49ea-9ea2-e8a11d24e1a6",
        "x-ms-routing-request-id": "SOUTHEASTASIA:20221222T062356Z:1cdc2947-eaa5-49ea-9ea2-e8a11d24e1a6"
      },
      "ResponseBody": {
        "id": "/subscriptions/db1ab6f0-4769-4b27-930e-01e2ef9c123c/resourceGroups/testrg6878",
        "name": "testrg6878",
        "type": "Microsoft.Resources/resourceGroups",
        "location": "westus2",
        "tags": {
          "key": "value"
        },
        "properties": {
          "provisioningState": "Succeeded"
        }
      }
    },
    {
      "RequestUri": "https://management.azure.com/subscriptions/db1ab6f0-4769-4b27-930e-01e2ef9c123c/resourcegroups/testrg6878?api-version=2019-10-01",
      "RequestMethod": "PATCH",
      "RequestHeaders": {
        "Accept": "application/json",
        "Authorization": "Sanitized",
        "Content-Length": "36",
        "Content-Type": "application/json",
        "traceparent": "00-699bc7de98ab35882ea38395dd003f62-e5bcfe4f3926215c-00",
        "User-Agent": "azsdk-net-ResourceManager/1.4.0-alpha.20221222.1 (.NET 6.0.12; Microsoft Windows 10.0.22621)",
        "x-ms-client-request-id": "82920c0b071618b3fa311095f2718002",
        "x-ms-return-client-request-id": "true"
      },
      "RequestBody": {
        "tags": {
          "key": "value",
          " ": "value"
        }
      },
      "StatusCode": 400,
      "ResponseHeaders": {
        "Cache-Control": "no-cache",
        "Content-Length": "145",
        "Content-Type": "application/json; charset=utf-8",
        "Date": "Thu, 22 Dec 2022 06:23:55 GMT",
        "Expires": "-1",
        "Pragma": "no-cache",
        "Strict-Transport-Security": "max-age=31536000; includeSubDomains",
        "X-Content-Type-Options": "nosniff",
        "x-ms-correlation-request-id": "1024fe1d-70cd-455d-b517-2202ad4d7ec2",
        "x-ms-failure-cause": "gateway",
        "x-ms-ratelimit-remaining-subscription-writes": "1184",
        "x-ms-request-id": "1024fe1d-70cd-455d-b517-2202ad4d7ec2",
        "x-ms-routing-request-id": "SOUTHEASTASIA:20221222T062356Z:1024fe1d-70cd-455d-b517-2202ad4d7ec2"
      },
      "ResponseBody": {
        "error": {
          "code": "InvalidTagName",
          "message": "The tag name must be non-null, non-empty and non-whitespace only. Please provide an actual value."
        }
      }
    }
  ],
  "Variables": {
    "AZURE_AUTHORITY_HOST": "https://login.microsoftonline.com",
    "RandomSeed": "1887028089",
    "RESOURCE_MANAGER_URL": "https://management.azure.com",
    "SUBSCRIPTION_ID": "db1ab6f0-4769-4b27-930e-01e2ef9c123c"
  }
}
