{
  "Entries": [
    {
      "RequestUri": "https://management.azure.com/subscriptions/db1ab6f0-4769-4b27-930e-01e2ef9c123c?api-version=2021-01-01",
      "RequestMethod": "GET",
      "RequestHeaders": {
        "Accept": "application/json",
        "Authorization": "Sanitized",
        "traceparent": "00-8af8dfa3e9f153bd96ad7cd5e153dcfd-a0d7e41187225d7d-00",
        "User-Agent": "azsdk-net-ResourceManager/1.4.0-alpha.20230202.1 (.NET 7.0.2; Microsoft Windows 10.0.22621)",
        "x-ms-client-request-id": "5dd6883dbde335131440ba155324ece3",
        "x-ms-return-client-request-id": "true"
      },
      "RequestBody": null,
      "StatusCode": 200,
      "ResponseHeaders": {
        "Cache-Control": "no-cache",
        "Content-Length": "748",
        "Content-Type": "application/json; charset=utf-8",
        "Date": "Thu, 02 Feb 2023 16:23:48 GMT",
        "Expires": "-1",
        "Pragma": "no-cache",
        "Strict-Transport-Security": "max-age=31536000; includeSubDomains",
        "X-Content-Type-Options": "nosniff",
        "x-ms-correlation-request-id": "8d552e72-f6dc-43ae-80c4-1dd0d4353b7b",
        "x-ms-ratelimit-remaining-subscription-reads": "11965",
        "x-ms-request-id": "8d552e72-f6dc-43ae-80c4-1dd0d4353b7b",
        "x-ms-routing-request-id": "SOUTHEASTASIA:20230202T162348Z:8d552e72-f6dc-43ae-80c4-1dd0d4353b7b"
      },
      "ResponseBody": {
        "id": "/subscriptions/db1ab6f0-4769-4b27-930e-01e2ef9c123c",
        "authorizationSource": "RoleBased",
        "managedByTenants": [],
        "tags": {
          "TagKey-9823": "TagValue-1254",
          "TagKey-3481": "TagValue-320",
          "TagKey-4926": "TagValue-1187",
          "TagKey-751": "TagValue-3921",
          "TagKey-1866": "TagValue-8559",
          "TagKey-3094": "TagValue-9190",
          "TagKey-2449": "TagValue-9",
          "TagKey-8379": "TagValue-164",
          "TagKey-7470": "TagValue-2205",
          "TagKey-4236": "TagValue-3698",
          "TagKey-5316": "TagValue-2725"
        },
        "subscriptionId": "db1ab6f0-4769-4b27-930e-01e2ef9c123c",
        "tenantId": "72f988bf-86f1-41af-91ab-2d7cd011db47",
        "displayName": ".NET Mgmt SDK Test with TTL = 1 Day",
        "state": "Enabled",
        "subscriptionPolicies": {
          "locationPlacementId": "Internal_2014-09-01",
          "quotaId": "Internal_2014-09-01",
          "spendingLimit": "Off"
        }
      }
    },
    {
      "RequestUri": "https://management.azure.com/subscriptions/db1ab6f0-4769-4b27-930e-01e2ef9c123c/resourcegroups/testrg9493?api-version=2022-09-01",
      "RequestMethod": "PUT",
      "RequestHeaders": {
        "Accept": "application/json",
        "Authorization": "Sanitized",
        "Content-Length": "22",
        "Content-Type": "application/json",
        "traceparent": "00-126f070085291fee2f8a885480db8b0d-79b28a7503456d07-00",
        "User-Agent": "azsdk-net-ResourceManager/1.4.0-alpha.20230202.1 (.NET 7.0.2; Microsoft Windows 10.0.22621)",
        "x-ms-client-request-id": "3098b2f42addda46afa87054b04929a4",
        "x-ms-return-client-request-id": "true"
      },
      "RequestBody": {
        "location": "westus2"
      },
      "StatusCode": 201,
      "ResponseHeaders": {
        "Cache-Control": "no-cache",
        "Content-Length": "218",
        "Content-Type": "application/json; charset=utf-8",
        "Date": "Thu, 02 Feb 2023 16:23:49 GMT",
        "Expires": "-1",
        "Pragma": "no-cache",
        "Strict-Transport-Security": "max-age=31536000; includeSubDomains",
        "X-Content-Type-Options": "nosniff",
        "x-ms-correlation-request-id": "cbd4ee5b-04fe-45c5-87ab-8e2fc7f002bc",
        "x-ms-ratelimit-remaining-subscription-writes": "1178",
        "x-ms-request-id": "cbd4ee5b-04fe-45c5-87ab-8e2fc7f002bc",
        "x-ms-routing-request-id": "SOUTHEASTASIA:20230202T162349Z:cbd4ee5b-04fe-45c5-87ab-8e2fc7f002bc"
      },
      "ResponseBody": {
        "id": "/subscriptions/db1ab6f0-4769-4b27-930e-01e2ef9c123c/resourceGroups/testrg9493",
        "name": "testrg9493",
        "type": "Microsoft.Resources/resourceGroups",
        "location": "westus2",
        "properties": {
          "provisioningState": "Succeeded"
        }
      }
    },
    {
      "RequestUri": "https://management.azure.com/subscriptions/db1ab6f0-4769-4b27-930e-01e2ef9c123c/providers/Microsoft.Resources?api-version=2022-09-01",
      "RequestMethod": "GET",
      "RequestHeaders": {
        "Accept": "application/json",
        "Authorization": "Sanitized",
        "traceparent": "00-f70ee9d1e2d027645c868e7f7d8d7322-d971a28d65cbef7b-00",
        "User-Agent": "azsdk-net-ResourceManager/1.4.0-alpha.20230202.1 (.NET 7.0.2; Microsoft Windows 10.0.22621)",
        "x-ms-client-request-id": "190613dfe88b10e142ee5d8f4daab859",
        "x-ms-return-client-request-id": "true"
      },
      "RequestBody": null,
      "StatusCode": 200,
      "ResponseHeaders": {
        "Cache-Control": "no-cache",
        "Content-Length": "17728",
        "Content-Type": "application/json; charset=utf-8",
        "Date": "Thu, 02 Feb 2023 16:23:49 GMT",
        "Expires": "-1",
        "Pragma": "no-cache",
        "Strict-Transport-Security": "max-age=31536000; includeSubDomains",
        "X-Content-Type-Options": "nosniff",
        "x-ms-correlation-request-id": "3c7d5c59-8522-404b-a570-387198fd3ea5",
        "x-ms-ratelimit-remaining-subscription-reads": "11964",
        "x-ms-request-id": "3c7d5c59-8522-404b-a570-387198fd3ea5",
        "x-ms-routing-request-id": "SOUTHEASTASIA:20230202T162349Z:3c7d5c59-8522-404b-a570-387198fd3ea5"
      },
      "ResponseBody": {
        "id": "/subscriptions/db1ab6f0-4769-4b27-930e-01e2ef9c123c/providers/Microsoft.Resources",
        "namespace": "Microsoft.Resources",
        "authorizations": [
          {
            "applicationId": "3b990c8b-9607-4c2a-8b04-1d41985facca"
          },
          {
            "applicationId": "94946920-7f9c-4956-93c0-2fcf94608102"
          }
        ],
        "resourceTypes": [
          {
            "resourceType": "tenants",
            "locations": [],
            "apiVersions": [
              "2020-01-01",
              "2019-09-01",
              "2019-05-01",
              "2019-04-01",
              "2019-03-01",
              "2018-11-01",
              "2018-09-01",
              "2018-08-01",
              "2018-07-01",
              "2018-05-01",
              "2018-02-01",
              "2018-01-01",
              "2017-08-01",
              "2017-06-01",
              "2017-05-10",
              "2017-05-01",
              "2017-03-01",
              "2016-09-01",
              "2016-07-01",
              "2016-06-01",
              "2016-02-01",
              "2015-11-01",
              "2015-01-01",
              "2014-04-01-preview"
            ],
            "apiProfiles": [
              {
                "profileVersion": "2018-06-01-profile",
                "apiVersion": "2016-06-01"
              },
              {
                "profileVersion": "2019-03-01-hybrid",
                "apiVersion": "2016-06-01"
              }
            ],
            "capabilities": "None"
          },
          {
            "resourceType": "locations",
            "locations": [],
            "apiVersions": [
              "2019-09-01",
              "2019-05-01",
              "2019-04-01",
              "2019-03-01",
              "2018-11-01",
              "2018-09-01",
              "2018-08-01",
              "2018-07-01",
              "2018-05-01",
              "2018-02-01",
              "2018-01-01",
              "2017-08-01",
              "2017-06-01",
              "2017-05-10",
              "2017-05-01",
              "2017-03-01",
              "2016-09-01",
              "2016-07-01",
              "2016-06-01",
              "2016-02-01",
              "2015-11-01",
              "2015-01-01",
              "2014-04-01-preview"
            ],
            "apiProfiles": [
              {
                "profileVersion": "2018-06-01-profile",
                "apiVersion": "2016-06-01"
              },
              {
                "profileVersion": "2019-03-01-hybrid",
                "apiVersion": "2018-05-01"
              }
            ],
            "capabilities": "None"
          },
          {
            "resourceType": "operationresults",
            "locations": [],
            "apiVersions": [
              "2019-09-01",
              "2019-05-01",
              "2019-04-01",
              "2019-03-01",
              "2018-11-01",
              "2018-09-01",
              "2018-08-01",
              "2018-07-01",
              "2018-05-01",
              "2018-02-01",
              "2018-01-01",
              "2017-08-01",
              "2017-06-01",
              "2017-05-10",
              "2017-05-01",
              "2017-03-01",
              "2016-09-01",
              "2016-07-01",
              "2016-06-01",
              "2016-02-01",
              "2015-11-01",
              "2015-01-01",
              "2014-04-01-preview"
            ],
            "apiProfiles": [
              {
                "profileVersion": "2018-06-01-profile",
                "apiVersion": "2016-06-01"
              }
            ],
            "capabilities": "None"
          },
          {
            "resourceType": "notifyResourceJobs",
            "locations": [],
            "apiVersions": [
              "2019-09-01",
              "2019-05-01",
              "2019-04-01",
              "2019-03-01",
              "2018-11-01",
              "2018-09-01",
              "2018-08-01",
              "2018-07-01",
              "2018-05-01",
              "2018-02-01"
            ],
            "capabilities": "None"
          },
          {
            "resourceType": "tags",
            "locations": [],
            "apiVersions": [
              "2019-10-01",
              "2019-05-01",
              "2019-04-01",
              "2019-03-01",
              "2018-11-01"
            ],
            "capabilities": "SupportsExtension"
          },
          {
            "resourceType": "checkPolicyCompliance",
            "locations": [],
            "apiVersions": [
              "2019-05-01",
              "2019-04-01",
              "2019-03-01",
              "2018-11-01",
              "2018-09-01",
              "2018-08-01",
              "2018-07-01",
              "2018-05-01",
              "2018-02-01",
              "2018-01-01",
              "2017-08-01",
              "2017-06-01",
              "2017-05-10",
              "2017-05-01",
              "2017-03-01",
              "2016-09-01",
              "2016-07-01",
              "2016-06-01",
              "2016-02-01",
              "2015-11-01",
              "2015-01-01",
              "2014-04-01-preview"
            ],
            "capabilities": "None"
          },
          {
            "resourceType": "providers",
            "locations": [],
            "apiVersions": [
              "2019-05-01",
              "2019-04-01",
              "2019-03-01",
              "2018-11-01",
              "2018-09-01",
              "2018-08-01",
              "2018-07-01",
              "2018-05-01",
              "2018-02-01",
              "2018-01-01",
              "2017-08-01",
              "2017-06-01",
              "2017-05-10",
              "2017-05-01",
              "2017-03-01",
              "2016-09-01",
              "2016-07-01",
              "2016-06-01",
              "2016-02-01",
              "2015-11-01",
              "2015-01-01",
              "2014-04-01-preview"
            ],
            "apiProfiles": [
              {
                "profileVersion": "2018-06-01-profile",
                "apiVersion": "2016-06-01"
              },
              {
                "profileVersion": "2019-03-01-hybrid",
                "apiVersion": "2018-05-01"
              }
            ],
            "capabilities": "None"
          },
          {
            "resourceType": "checkresourcename",
            "locations": [],
            "apiVersions": [
              "2019-05-01",
              "2019-04-01",
              "2019-03-01",
              "2018-11-01",
              "2018-09-01",
              "2018-08-01",
              "2018-07-01",
              "2018-05-01",
              "2018-02-01",
              "2018-01-01",
              "2017-08-01",
              "2017-06-01",
              "2017-05-10",
              "2017-05-01",
              "2017-03-01",
              "2016-09-01",
              "2016-07-01",
              "2016-06-01",
              "2016-02-01",
              "2015-11-01",
              "2015-01-01",
              "2014-04-01-preview"
            ],
            "apiProfiles": [
              {
                "profileVersion": "2018-06-01-profile",
                "apiVersion": "2016-06-01"
              }
            ],
            "capabilities": "None"
          },
          {
            "resourceType": "calculateTemplateHash",
            "locations": [],
            "apiVersions": [
              "2019-09-01",
              "2019-05-01",
              "2019-04-01",
              "2019-03-01",
              "2018-11-01",
              "2018-09-01",
              "2018-08-01",
              "2018-07-01",
              "2018-05-01",
              "2018-02-01",
              "2018-01-01",
              "2017-08-01",
              "2017-06-01",
              "2017-05-10",
              "2017-05-01",
              "2017-03-01",
              "2016-09-01",
              "2016-07-01",
              "2016-06-01",
              "2016-02-01",
              "2015-11-01",
              "2015-01-01",
              "2014-04-01-preview"
            ],
            "apiProfiles": [
              {
                "profileVersion": "2018-06-01-profile",
                "apiVersion": "2016-06-01"
              }
            ],
            "capabilities": "None"
          },
          {
            "resourceType": "resources",
            "locations": [],
            "apiVersions": [
              "2019-09-01",
              "2019-05-01",
              "2019-04-01",
              "2019-03-01",
              "2018-11-01",
              "2018-09-01",
              "2018-08-01",
              "2018-07-01",
              "2018-05-01",
              "2018-02-01",
              "2018-01-01",
              "2017-08-01",
              "2017-06-01",
              "2017-05-10",
              "2017-05-01",
              "2017-03-01",
              "2016-09-01",
              "2016-07-01",
              "2016-06-01",
              "2016-02-01",
              "2015-11-01",
              "2015-01-01",
              "2014-04-01-preview"
            ],
            "apiProfiles": [
              {
                "profileVersion": "2018-06-01-profile",
                "apiVersion": "2016-06-01"
              },
              {
                "profileVersion": "2019-03-01-hybrid",
                "apiVersion": "2018-05-01"
              }
            ],
            "capabilities": "None"
          },
          {
            "resourceType": "subscriptions",
            "locations": [],
            "apiVersions": [
              "2019-10-01",
              "2019-09-01",
              "2019-05-01",
              "2019-04-01",
              "2019-03-01",
              "2018-11-01",
              "2018-09-01",
              "2018-08-01",
              "2018-07-01",
              "2018-05-01",
              "2018-02-01",
              "2018-01-01",
              "2017-08-01",
              "2017-06-01",
              "2017-05-10",
              "2017-05-01",
              "2017-03-01",
              "2016-09-01",
              "2016-07-01",
              "2016-06-01",
              "2016-02-01",
              "2015-11-01",
              "2015-01-01",
              "2014-04-01-preview"
            ],
            "apiProfiles": [
              {
                "profileVersion": "2018-06-01-profile",
                "apiVersion": "2016-06-01"
              },
              {
                "profileVersion": "2019-03-01-hybrid",
                "apiVersion": "2016-06-01"
              }
            ],
            "capabilities": "None"
          },
          {
            "resourceType": "subscriptions/resources",
            "locations": [],
            "apiVersions": [
              "2019-09-01",
              "2019-05-01",
              "2019-04-01",
              "2019-03-01",
              "2018-11-01",
              "2018-09-01",
              "2018-08-01",
              "2018-07-01",
              "2018-05-01",
              "2018-02-01",
              "2018-01-01",
              "2017-08-01",
              "2017-06-01",
              "2017-05-10",
              "2017-05-01",
              "2017-03-01",
              "2016-09-01",
              "2016-07-01",
              "2016-06-01",
              "2016-02-01",
              "2015-11-01",
              "2015-01-01",
              "2014-04-01-preview"
            ],
            "apiProfiles": [
              {
                "profileVersion": "2018-06-01-profile",
                "apiVersion": "2016-06-01"
              },
              {
                "profileVersion": "2019-03-01-hybrid",
                "apiVersion": "2018-05-01"
              }
            ],
            "capabilities": "None"
          },
          {
            "resourceType": "subscriptions/providers",
            "locations": [],
            "apiVersions": [
              "2019-05-01",
              "2019-04-01",
              "2019-03-01",
              "2018-11-01",
              "2018-09-01",
              "2018-08-01",
              "2018-07-01",
              "2018-05-01",
              "2018-02-01",
              "2018-01-01",
              "2017-08-01",
              "2017-06-01",
              "2017-05-10",
              "2017-05-01",
              "2017-03-01",
              "2016-09-01",
              "2016-07-01",
              "2016-06-01",
              "2016-02-01",
              "2015-11-01",
              "2015-01-01",
              "2014-04-01-preview"
            ],
            "apiProfiles": [
              {
                "profileVersion": "2018-06-01-profile",
                "apiVersion": "2016-06-01"
              },
              {
                "profileVersion": "2019-03-01-hybrid",
                "apiVersion": "2018-05-01"
              }
            ],
            "capabilities": "None"
          },
          {
            "resourceType": "subscriptions/operationresults",
            "locations": [],
            "apiVersions": [
              "2019-05-01",
              "2019-04-01",
              "2019-03-01",
              "2018-11-01",
              "2018-09-01",
              "2018-08-01",
              "2018-07-01",
              "2018-05-01",
              "2018-02-01",
              "2018-01-01",
              "2017-08-01",
              "2017-06-01",
              "2017-05-10",
              "2017-05-01",
              "2017-03-01",
              "2016-09-01",
              "2016-07-01",
              "2016-06-01",
              "2016-02-01",
              "2015-11-01",
              "2015-01-01",
              "2014-04-01-preview"
            ],
            "apiProfiles": [
              {
                "profileVersion": "2018-06-01-profile",
                "apiVersion": "2016-06-01"
              },
              {
                "profileVersion": "2019-03-01-hybrid",
                "apiVersion": "2018-05-01"
              }
            ],
            "capabilities": "None"
          },
          {
            "resourceType": "resourceGroups",
            "locations": [
              "Central US",
              "East Asia",
              "Southeast Asia",
              "East US",
              "East US 2",
              "West US",
              "West US 2",
              "North Central US",
              "South Central US",
              "West Central US",
              "North Europe",
              "West Europe",
              "Japan East",
              "Japan West",
              "Brazil South",
              "Australia Southeast",
              "Australia East",
              "West India",
              "South India",
              "Central India",
              "Canada Central",
              "Canada East",
              "UK South",
              "UK West",
              "Korea Central",
              "Korea South",
              "France Central",
              "South Africa North",
              "UAE North",
              "Australia Central",
              "Switzerland North",
              "Germany West Central",
              "Norway East",
              "Jio India West",
              "West US 3",
              "Qatar Central",
              "Sweden Central"
            ],
            "apiVersions": [
              "2019-05-01",
              "2019-04-01",
              "2019-03-01",
              "2018-11-01",
              "2018-09-01",
              "2018-08-01",
              "2018-07-01",
              "2018-05-01",
              "2018-02-01",
              "2018-01-01",
              "2017-08-01",
              "2017-06-01",
              "2017-05-10",
              "2017-05-01",
              "2017-03-01",
              "2016-09-01",
              "2016-07-01",
              "2016-06-01",
              "2016-02-01",
              "2015-11-01",
              "2015-01-01",
              "2014-04-01-preview"
            ],
            "apiProfiles": [
              {
                "profileVersion": "2018-06-01-profile",
                "apiVersion": "2016-06-01"
              },
              {
                "profileVersion": "2019-03-01-hybrid",
                "apiVersion": "2018-05-01"
              }
            ],
            "capabilities": "SupportsLocation"
          },
          {
            "resourceType": "subscriptions/resourceGroups",
            "locations": [
              "Central US",
              "East Asia",
              "Southeast Asia",
              "East US",
              "East US 2",
              "West US",
              "West US 2",
              "North Central US",
              "South Central US",
              "West Central US",
              "North Europe",
              "West Europe",
              "Japan East",
              "Japan West",
              "Brazil South",
              "Australia Southeast",
              "Australia East",
              "West India",
              "South India",
              "Central India",
              "Canada Central",
              "Canada East",
              "UK South",
              "UK West",
              "Korea Central",
              "Korea South",
              "France Central",
              "South Africa North",
              "UAE North",
              "Australia Central",
              "Switzerland North",
              "Germany West Central",
              "Norway East",
              "Jio India West",
              "West US 3",
              "Qatar Central",
              "Sweden Central"
            ],
            "apiVersions": [
              "2019-05-01",
              "2019-04-01",
              "2019-03-01",
              "2018-11-01",
              "2018-09-01",
              "2018-08-01",
              "2018-07-01",
              "2018-05-01",
              "2018-02-01",
              "2018-01-01",
              "2017-08-01",
              "2017-06-01",
              "2017-05-10",
              "2017-05-01",
              "2017-03-01",
              "2016-09-01",
              "2016-07-01",
              "2016-06-01",
              "2016-02-01",
              "2015-11-01",
              "2015-01-01",
              "2014-04-01-preview"
            ],
            "apiProfiles": [
              {
                "profileVersion": "2018-06-01-profile",
                "apiVersion": "2016-06-01"
              },
              {
                "profileVersion": "2019-03-01-hybrid",
                "apiVersion": "2018-05-01"
              }
            ],
            "capabilities": "SupportsTags, SupportsLocation"
          },
          {
            "resourceType": "subscriptions/resourcegroups/resources",
            "locations": [],
            "apiVersions": [
              "2019-05-01",
              "2019-04-01",
              "2019-03-01",
              "2018-11-01",
              "2018-09-01",
              "2018-08-01",
              "2018-07-01",
              "2018-05-01",
              "2018-02-01",
              "2018-01-01",
              "2017-08-01",
              "2017-06-01",
              "2017-05-10",
              "2017-05-01",
              "2017-03-01",
              "2016-09-01",
              "2016-07-01",
              "2016-06-01",
              "2016-02-01",
              "2015-11-01",
              "2015-01-01",
              "2014-04-01-preview"
            ],
            "apiProfiles": [
              {
                "profileVersion": "2018-06-01-profile",
                "apiVersion": "2016-06-01"
              },
              {
                "profileVersion": "2019-03-01-hybrid",
                "apiVersion": "2018-05-01"
              }
            ],
            "capabilities": "None"
          },
          {
            "resourceType": "subscriptions/locations",
            "locations": [],
            "apiVersions": [
              "2019-05-01",
              "2019-04-01",
              "2019-03-01",
              "2018-11-01",
              "2018-09-01",
              "2018-08-01",
              "2018-07-01",
              "2018-05-01",
              "2018-02-01",
              "2018-01-01",
              "2017-08-01",
              "2017-06-01",
              "2017-05-10",
              "2017-05-01",
              "2017-03-01",
              "2016-09-01",
              "2016-07-01",
              "2016-06-01",
              "2016-02-01",
              "2015-11-01",
              "2015-01-01",
              "2014-04-01-preview"
            ],
            "apiProfiles": [
              {
                "profileVersion": "2018-06-01-profile",
                "apiVersion": "2016-06-01"
              },
              {
                "profileVersion": "2019-03-01-hybrid",
                "apiVersion": "2016-06-01"
              }
            ],
            "capabilities": "None"
          },
          {
            "resourceType": "subscriptions/tagnames",
            "locations": [],
            "apiVersions": [
              "2019-05-01",
              "2019-04-01",
              "2019-03-01",
              "2018-11-01",
              "2018-09-01",
              "2018-08-01",
              "2018-07-01",
              "2018-05-01",
              "2018-02-01",
              "2018-01-01",
              "2017-08-01",
              "2017-06-01",
              "2017-05-10",
              "2017-05-01",
              "2017-03-01",
              "2016-09-01",
              "2016-07-01",
              "2016-06-01",
              "2016-02-01",
              "2015-11-01",
              "2015-01-01",
              "2014-04-01-preview"
            ],
            "apiProfiles": [
              {
                "profileVersion": "2018-06-01-profile",
                "apiVersion": "2016-06-01"
              },
              {
                "profileVersion": "2019-03-01-hybrid",
                "apiVersion": "2018-05-01"
              }
            ],
            "capabilities": "None"
          },
          {
            "resourceType": "subscriptions/tagNames/tagValues",
            "locations": [],
            "apiVersions": [
              "2019-05-01",
              "2019-04-01",
              "2019-03-01",
              "2018-11-01",
              "2018-09-01",
              "2018-08-01",
              "2018-07-01",
              "2018-05-01",
              "2018-02-01",
              "2018-01-01",
              "2017-08-01",
              "2017-06-01",
              "2017-05-10",
              "2017-05-01",
              "2017-03-01",
              "2016-09-01",
              "2016-07-01",
              "2016-06-01",
              "2016-02-01",
              "2015-11-01",
              "2015-01-01",
              "2014-04-01-preview"
            ],
            "apiProfiles": [
              {
                "profileVersion": "2018-06-01-profile",
                "apiVersion": "2016-06-01"
              },
              {
                "profileVersion": "2019-03-01-hybrid",
                "apiVersion": "2018-05-01"
              }
            ],
            "capabilities": "None"
          },
          {
            "resourceType": "deployments",
            "locations": [],
            "apiVersions": [
              "2021-04-01",
              "2021-01-01",
              "2020-10-01",
              "2020-06-01",
              "2019-09-01",
              "2019-08-01",
              "2019-05-01",
              "2019-04-01",
              "2019-03-01",
              "2018-11-01",
              "2018-09-01",
              "2018-08-01",
              "2018-07-01",
              "2018-05-01",
              "2018-02-01",
              "2018-01-01",
              "2017-08-01",
              "2017-06-01",
              "2017-05-10",
              "2017-05-01",
              "2017-03-01",
              "2016-09-01",
              "2016-07-01",
              "2016-06-01",
              "2016-02-01",
              "2015-11-01",
              "2015-01-01",
              "2014-04-01-preview"
            ],
            "apiProfiles": [
              {
                "profileVersion": "2018-06-01-profile",
                "apiVersion": "2016-06-01"
              },
              {
                "profileVersion": "2019-03-01-hybrid",
                "apiVersion": "2018-05-01"
              }
            ],
            "capabilities": "None"
          },
          {
            "resourceType": "deployments/operations",
            "locations": [],
            "apiVersions": [
              "2021-04-01",
              "2021-01-01",
              "2020-10-01",
              "2020-06-01",
              "2019-09-01",
              "2019-05-01",
              "2019-04-01",
              "2019-03-01",
              "2018-11-01",
              "2018-09-01",
              "2018-08-01",
              "2018-07-01",
              "2018-05-01",
              "2018-02-01",
              "2018-01-01",
              "2017-08-01",
              "2017-06-01",
              "2017-05-10",
              "2017-05-01",
              "2017-03-01",
              "2016-09-01",
              "2016-07-01",
              "2016-06-01",
              "2016-02-01",
              "2015-11-01",
              "2015-01-01",
              "2014-04-01-preview"
            ],
            "apiProfiles": [
              {
                "profileVersion": "2018-06-01-profile",
                "apiVersion": "2016-06-01"
              },
              {
                "profileVersion": "2019-03-01-hybrid",
                "apiVersion": "2018-05-01"
              }
            ],
            "capabilities": "None"
          },
          {
            "resourceType": "validateResources",
            "locations": [],
            "apiVersions": [
              "2022-06-01"
            ],
            "capabilities": "None"
          },
          {
            "resourceType": "links",
            "locations": [],
            "apiVersions": [
              "2019-05-01",
              "2019-04-01",
              "2019-03-01",
              "2018-11-01",
              "2018-09-01",
              "2018-08-01",
              "2018-07-01",
              "2018-05-01",
              "2018-02-01",
              "2018-01-01",
              "2017-08-01",
              "2017-06-01",
              "2017-05-10",
              "2017-05-01",
              "2017-03-01",
              "2016-09-01",
              "2016-07-01",
              "2016-06-01",
              "2016-02-01",
              "2015-11-01",
              "2015-01-01",
              "2014-04-01-preview"
            ],
            "apiProfiles": [
              {
                "profileVersion": "2018-06-01-profile",
                "apiVersion": "2016-06-01"
              },
              {
                "profileVersion": "2019-03-01-hybrid",
                "apiVersion": "2018-05-01"
              }
            ],
            "capabilities": "SupportsExtension"
          },
          {
            "resourceType": "operations",
            "locations": [],
            "apiVersions": [
              "2015-01-01"
            ],
            "apiProfiles": [
              {
                "profileVersion": "2018-06-01-profile",
                "apiVersion": "2015-01-01"
              }
            ],
            "capabilities": "None"
          },
          {
            "resourceType": "bulkDelete",
            "locations": [],
            "apiVersions": [
              "2019-05-01",
              "2019-04-01",
              "2019-03-01",
              "2018-11-01",
              "2018-09-01",
              "2018-08-01",
              "2018-07-01",
              "2018-05-01",
              "2018-02-01",
              "2018-01-01",
              "2017-08-01",
              "2017-06-01",
              "2017-05-10",
              "2017-05-01",
              "2017-03-01",
              "2016-09-01",
              "2016-07-01",
              "2016-06-01",
              "2016-02-01",
              "2015-11-01",
              "2015-01-01",
              "2014-04-01-preview"
            ],
            "capabilities": "None"
          },
          {
            "resourceType": "deploymentScripts",
            "locations": [
              "East Asia",
              "Southeast Asia",
              "Australia East",
              "Australia Southeast",
              "Brazil South",
              "Canada Central",
              "Canada East",
              "Switzerland North",
              "Germany West Central",
              "East US 2",
              "East US",
              "Central US",
              "North Central US",
              "France Central",
              "UK South",
              "UK West",
              "Central India",
              "South India",
              "Jio India West",
              "Japan East",
              "Japan West",
              "Korea Central",
              "North Europe",
              "Norway East",
              "Sweden Central",
              "UAE North",
              "West Central US",
              "West Europe",
              "West US 2",
              "West US",
              "South Central US",
              "West US 3",
              "South Africa North"
            ],
            "apiVersions": [
              "2020-10-01",
              "2019-10-01-preview"
            ],
            "capabilities": "SupportsTags, SupportsLocation"
          },
          {
            "resourceType": "deploymentScripts/logs",
            "locations": [
              "East Asia",
              "Southeast Asia",
              "Australia East",
              "Australia Southeast",
              "Brazil South",
              "Canada Central",
              "Canada East",
              "Switzerland North",
              "Germany West Central",
              "East US 2",
              "East US",
              "Central US",
              "North Central US",
              "France Central",
              "UK South",
              "UK West",
              "Central India",
              "South India",
              "Jio India West",
              "Japan East",
              "Japan West",
              "Korea Central",
              "North Europe",
              "Norway East",
              "Sweden Central",
              "UAE North",
              "West Central US",
              "West Europe",
              "West US 2",
              "West US",
              "South Central US",
              "West US 3",
              "South Africa North"
            ],
            "apiVersions": [
              "2020-10-01",
              "2019-10-01-preview"
            ],
            "capabilities": "None"
          },
          {
            "resourceType": "locations/deploymentScriptOperationResults",
            "locations": [
              "East Asia",
              "Southeast Asia",
              "Australia East",
              "Australia Southeast",
              "Brazil South",
              "Canada Central",
              "Canada East",
              "Switzerland North",
              "Germany West Central",
              "East US 2",
              "East US",
              "Central US",
              "North Central US",
              "France Central",
              "UK South",
              "UK West",
              "Central India",
              "South India",
              "Jio India West",
              "Japan East",
              "Japan West",
              "Korea Central",
              "North Europe",
              "Norway East",
              "Sweden Central",
              "UAE North",
              "West Central US",
              "West Europe",
              "West US 2",
              "West US",
              "South Central US",
              "West US 3",
              "South Africa North"
            ],
            "apiVersions": [
              "2020-10-01",
              "2019-10-01-preview"
            ],
            "capabilities": "None"
          },
          {
            "resourceType": "templateSpecs",
            "locations": [
              "East Asia",
              "Southeast Asia",
              "Australia East",
              "Australia Central",
              "Australia Central 2",
              "Australia Southeast",
              "Brazil South",
              "Canada Central",
              "Canada East",
              "Switzerland North",
              "Germany West Central",
              "East US 2",
              "East US",
              "Central US",
              "North Central US",
              "France Central",
              "UK South",
              "UK West",
              "Central India",
              "West India",
              "Jio India West",
              "South India",
              "Japan East",
              "Japan West",
              "Korea Central",
              "Korea South",
              "North Europe",
              "Norway East",
              "Qatar Central",
              "Sweden Central",
              "UAE North",
              "West Central US",
              "West Europe",
              "West US 2",
              "West US",
              "West US 3",
              "South Central US",
              "South Africa North"
            ],
            "apiVersions": [
              "2022-02-01",
              "2021-05-01",
              "2021-03-01-preview",
              "2019-06-01-preview"
            ],
            "capabilities": "CrossResourceGroupResourceMove, CrossSubscriptionResourceMove, SupportsTags, SupportsLocation"
          },
          {
            "resourceType": "templateSpecs/versions",
            "locations": [
              "East Asia",
              "Southeast Asia",
              "Australia East",
              "Australia Central",
              "Australia Central 2",
              "Australia Southeast",
              "Brazil South",
              "Canada Central",
              "Canada East",
              "Switzerland North",
              "Germany West Central",
              "East US 2",
              "East US",
              "Central US",
              "North Central US",
              "France Central",
              "UK South",
              "UK West",
              "Central India",
              "West India",
              "Jio India West",
              "South India",
              "Japan East",
              "Japan West",
              "Korea Central",
              "Korea South",
              "North Europe",
              "Norway East",
              "Qatar Central",
              "Sweden Central",
              "UAE North",
              "West Central US",
              "West Europe",
              "West US 2",
              "West US",
              "West US 3",
              "South Central US",
              "South Africa North"
            ],
            "apiVersions": [
              "2022-02-01",
              "2021-05-01",
              "2021-03-01-preview",
              "2019-06-01-preview"
            ],
            "capabilities": "CrossResourceGroupResourceMove, CrossSubscriptionResourceMove, SupportsTags, SupportsLocation"
          },
          {
            "resourceType": "builtInTemplateSpecs",
            "locations": [],
            "apiVersions": [
              "2022-02-01"
            ],
            "capabilities": "None"
          },
          {
            "resourceType": "builtInTemplateSpecs/versions",
            "locations": [],
            "apiVersions": [
              "2022-02-01"
            ],
            "capabilities": "None"
          },
          {
            "resourceType": "changes",
            "locations": [],
            "apiVersions": [
              "2022-05-01",
              "2022-03-01-preview"
            ],
            "capabilities": "SupportsExtension"
          },
          {
            "resourceType": "snapshots",
            "locations": [],
            "apiVersions": [
              "2022-11-01-preview"
            ],
            "capabilities": "SupportsExtension"
          }
        ],
        "registrationState": "Registered",
        "registrationPolicy": "RegistrationFree"
      }
    },
    {
      "RequestUri": "https://management.azure.com/subscriptions/db1ab6f0-4769-4b27-930e-01e2ef9c123c/resourceGroups/testrg9493/providers/Microsoft.Resources/tags/default?api-version=2022-09-01",
      "RequestMethod": "DELETE",
      "RequestHeaders": {
        "Accept": "application/json",
        "Authorization": "Sanitized",
        "traceparent": "00-f70ee9d1e2d027645c868e7f7d8d7322-5beb30807c95794e-00",
        "User-Agent": "azsdk-net-ResourceManager/1.4.0-alpha.20230202.1 (.NET 7.0.2; Microsoft Windows 10.0.22621)",
        "x-ms-client-request-id": "20d2dc70e9d85e608f833314a3e163f6",
        "x-ms-return-client-request-id": "true"
      },
      "RequestBody": null,
      "StatusCode": 200,
      "ResponseHeaders": {
        "Cache-Control": "no-cache",
        "Content-Length": "0",
        "Date": "Thu, 02 Feb 2023 16:23:50 GMT",
        "Expires": "-1",
        "Pragma": "no-cache",
        "Strict-Transport-Security": "max-age=31536000; includeSubDomains",
        "X-Content-Type-Options": "nosniff",
        "x-ms-correlation-request-id": "2f5a681d-2af2-431d-b1f6-5a20963a5edf",
        "x-ms-ratelimit-remaining-subscription-deletes": "14995",
        "x-ms-request-id": "2f5a681d-2af2-431d-b1f6-5a20963a5edf",
        "x-ms-routing-request-id": "SOUTHEASTASIA:20230202T162350Z:2f5a681d-2af2-431d-b1f6-5a20963a5edf"
      },
      "ResponseBody": null
    },
    {
      "RequestUri": "https://management.azure.com/subscriptions/db1ab6f0-4769-4b27-930e-01e2ef9c123c/resourceGroups/testrg9493/providers/Microsoft.Resources/tags/default?api-version=2022-09-01",
      "RequestMethod": "GET",
      "RequestHeaders": {
        "Accept": "application/json",
        "Authorization": "Sanitized",
        "traceparent": "00-f70ee9d1e2d027645c868e7f7d8d7322-56e359184dec5158-00",
        "User-Agent": "azsdk-net-ResourceManager/1.4.0-alpha.20230202.1 (.NET 7.0.2; Microsoft Windows 10.0.22621)",
        "x-ms-client-request-id": "d3e417ef0877f5cbb3a88a07b4cd6d60",
        "x-ms-return-client-request-id": "true"
      },
      "RequestBody": null,
      "StatusCode": 200,
      "ResponseHeaders": {
        "Cache-Control": "no-cache",
        "Content-Length": "205",
        "Content-Type": "application/json; charset=utf-8",
        "Date": "Thu, 02 Feb 2023 16:23:50 GMT",
        "Expires": "-1",
        "Pragma": "no-cache",
        "Strict-Transport-Security": "max-age=31536000; includeSubDomains",
        "X-Content-Type-Options": "nosniff",
        "x-ms-correlation-request-id": "7811c3de-89e5-480b-a18e-00ba67fe0117",
        "x-ms-ratelimit-remaining-subscription-reads": "11963",
        "x-ms-request-id": "7811c3de-89e5-480b-a18e-00ba67fe0117",
        "x-ms-routing-request-id": "SOUTHEASTASIA:20230202T162350Z:7811c3de-89e5-480b-a18e-00ba67fe0117"
      },
      "ResponseBody": {
        "id": "/subscriptions/db1ab6f0-4769-4b27-930e-01e2ef9c123c/resourceGroups/testrg9493/providers/Microsoft.Resources/tags/default",
        "name": "default",
        "type": "Microsoft.Resources/tags",
        "properties": {
          "tags": {}
        }
      }
    },
    {
      "RequestUri": "https://management.azure.com/subscriptions/db1ab6f0-4769-4b27-930e-01e2ef9c123c/resourceGroups/testrg9493/providers/Microsoft.Resources/tags/default?api-version=2022-09-01",
      "RequestMethod": "PUT",
      "RequestHeaders": {
        "Accept": "application/json",
        "Authorization": "Sanitized",
        "Content-Length": "45",
        "Content-Type": "application/json",
        "traceparent": "00-f70ee9d1e2d027645c868e7f7d8d7322-905e94492129c287-00",
        "User-Agent": "azsdk-net-ResourceManager/1.4.0-alpha.20230202.1 (.NET 7.0.2; Microsoft Windows 10.0.22621)",
        "x-ms-client-request-id": "dcff668aa736a6735bc65050fb7091d8",
        "x-ms-return-client-request-id": "true"
      },
      "RequestBody": {
        "properties": {
          "tags": {
            "k1": "v1",
            "k2": "v2"
          }
        }
      },
      "StatusCode": 200,
      "ResponseHeaders": {
        "Cache-Control": "no-cache",
        "Content-Length": "224",
        "Content-Type": "application/json; charset=utf-8",
        "Date": "Thu, 02 Feb 2023 16:23:50 GMT",
        "Expires": "-1",
        "Pragma": "no-cache",
        "Strict-Transport-Security": "max-age=31536000; includeSubDomains",
        "X-Content-Type-Options": "nosniff",
        "x-ms-correlation-request-id": "acf9606d-617b-4780-907b-e04ccee97187",
        "x-ms-ratelimit-remaining-subscription-writes": "1177",
        "x-ms-request-id": "acf9606d-617b-4780-907b-e04ccee97187",
        "x-ms-routing-request-id": "SOUTHEASTASIA:20230202T162351Z:acf9606d-617b-4780-907b-e04ccee97187"
      },
      "ResponseBody": {
        "id": "/subscriptions/db1ab6f0-4769-4b27-930e-01e2ef9c123c/resourceGroups/testrg9493/providers/Microsoft.Resources/tags/default",
        "name": "default",
        "type": "Microsoft.Resources/tags",
        "properties": {
          "tags": {
            "k1": "v1",
            "k2": "v2"
          }
        }
      }
    },
    {
      "RequestUri": "https://management.azure.com/subscriptions/db1ab6f0-4769-4b27-930e-01e2ef9c123c/resourcegroups/testrg9493?api-version=2022-09-01",
      "RequestMethod": "GET",
      "RequestHeaders": {
        "Accept": "application/json",
        "Authorization": "Sanitized",
        "traceparent": "00-f70ee9d1e2d027645c868e7f7d8d7322-17b08f1fb0f01185-00",
        "User-Agent": "azsdk-net-ResourceManager/1.4.0-alpha.20230202.1 (.NET 7.0.2; Microsoft Windows 10.0.22621)",
        "x-ms-client-request-id": "66648d1bafb747cea33d77b0b87bfa42",
        "x-ms-return-client-request-id": "true"
      },
      "RequestBody": null,
      "StatusCode": 200,
      "ResponseHeaders": {
        "Cache-Control": "no-cache",
        "Content-Length": "247",
        "Content-Type": "application/json; charset=utf-8",
        "Date": "Thu, 02 Feb 2023 16:23:50 GMT",
        "Expires": "-1",
        "Pragma": "no-cache",
        "Strict-Transport-Security": "max-age=31536000; includeSubDomains",
        "X-Content-Type-Options": "nosniff",
        "x-ms-correlation-request-id": "0a56e11e-01d0-4998-93d9-652e214c25c6",
        "x-ms-ratelimit-remaining-subscription-reads": "11962",
        "x-ms-request-id": "0a56e11e-01d0-4998-93d9-652e214c25c6",
        "x-ms-routing-request-id": "SOUTHEASTASIA:20230202T162351Z:0a56e11e-01d0-4998-93d9-652e214c25c6"
      },
      "ResponseBody": {
        "id": "/subscriptions/db1ab6f0-4769-4b27-930e-01e2ef9c123c/resourceGroups/testrg9493",
        "name": "testrg9493",
        "type": "Microsoft.Resources/resourceGroups",
        "location": "westus2",
        "tags": {
          "k1": "v1",
          "k2": "v2"
        },
        "properties": {
          "provisioningState": "Succeeded"
        }
      }
    },
    {
      "RequestUri": "https://management.azure.com/subscriptions/db1ab6f0-4769-4b27-930e-01e2ef9c123c/resourceGroups/testrg9493/providers/Microsoft.Resources/tags/default?api-version=2022-09-01",
      "RequestMethod": "GET",
      "RequestHeaders": {
        "Accept": "application/json",
        "Authorization": "Sanitized",
        "traceparent": "00-182b162e5c9e18ec8f61100d5a68e1dd-728afad2edf58b25-00",
        "User-Agent": "azsdk-net-ResourceManager/1.4.0-alpha.20230202.1 (.NET 7.0.2; Microsoft Windows 10.0.22621)",
        "x-ms-client-request-id": "8611b116e0a7fa64e67736b84a3567e3",
        "x-ms-return-client-request-id": "true"
      },
      "RequestBody": null,
      "StatusCode": 200,
      "ResponseHeaders": {
        "Cache-Control": "no-cache",
        "Content-Length": "224",
        "Content-Type": "application/json; charset=utf-8",
        "Date": "Thu, 02 Feb 2023 16:23:50 GMT",
        "Expires": "-1",
        "Pragma": "no-cache",
        "Strict-Transport-Security": "max-age=31536000; includeSubDomains",
        "X-Content-Type-Options": "nosniff",
        "x-ms-correlation-request-id": "bbc222f0-337e-4530-b907-d496855d06f1",
        "x-ms-ratelimit-remaining-subscription-reads": "11961",
        "x-ms-request-id": "bbc222f0-337e-4530-b907-d496855d06f1",
        "x-ms-routing-request-id": "SOUTHEASTASIA:20230202T162351Z:bbc222f0-337e-4530-b907-d496855d06f1"
      },
      "ResponseBody": {
        "id": "/subscriptions/db1ab6f0-4769-4b27-930e-01e2ef9c123c/resourceGroups/testrg9493/providers/Microsoft.Resources/tags/default",
        "name": "default",
        "type": "Microsoft.Resources/tags",
        "properties": {
          "tags": {
            "k1": "v1",
            "k2": "v2"
          }
        }
      }
    },
    {
      "RequestUri": "https://management.azure.com/subscriptions/db1ab6f0-4769-4b27-930e-01e2ef9c123c/resourceGroups/testrg9493/providers/Microsoft.Resources/tags/default?api-version=2022-09-01",
      "RequestMethod": "PUT",
      "RequestHeaders": {
        "Accept": "application/json",
        "Authorization": "Sanitized",
        "Content-Length": "35",
        "Content-Type": "application/json",
        "traceparent": "00-182b162e5c9e18ec8f61100d5a68e1dd-56c1594752feea6a-00",
        "User-Agent": "azsdk-net-ResourceManager/1.4.0-alpha.20230202.1 (.NET 7.0.2; Microsoft Windows 10.0.22621)",
        "x-ms-client-request-id": "6e344c6e2b0b47205fdee8be17cece2a",
        "x-ms-return-client-request-id": "true"
      },
      "RequestBody": {
        "properties": {
          "tags": {
            "k2": "v2"
          }
        }
      },
      "StatusCode": 200,
      "ResponseHeaders": {
        "Cache-Control": "no-cache",
        "Content-Length": "214",
        "Content-Type": "application/json; charset=utf-8",
        "Date": "Thu, 02 Feb 2023 16:23:51 GMT",
        "Expires": "-1",
        "Pragma": "no-cache",
        "Strict-Transport-Security": "max-age=31536000; includeSubDomains",
        "X-Content-Type-Options": "nosniff",
        "x-ms-correlation-request-id": "843ca756-e85f-40d4-bd07-8278aeb4725f",
        "x-ms-ratelimit-remaining-subscription-writes": "1176",
        "x-ms-request-id": "843ca756-e85f-40d4-bd07-8278aeb4725f",
        "x-ms-routing-request-id": "SOUTHEASTASIA:20230202T162351Z:843ca756-e85f-40d4-bd07-8278aeb4725f"
      },
      "ResponseBody": {
        "id": "/subscriptions/db1ab6f0-4769-4b27-930e-01e2ef9c123c/resourceGroups/testrg9493/providers/Microsoft.Resources/tags/default",
        "name": "default",
        "type": "Microsoft.Resources/tags",
        "properties": {
          "tags": {
            "k2": "v2"
          }
        }
      }
    },
    {
      "RequestUri": "https://management.azure.com/subscriptions/db1ab6f0-4769-4b27-930e-01e2ef9c123c/resourcegroups/testrg9493?api-version=2022-09-01",
      "RequestMethod": "GET",
      "RequestHeaders": {
        "Accept": "application/json",
        "Authorization": "Sanitized",
        "traceparent": "00-182b162e5c9e18ec8f61100d5a68e1dd-2e29f66d3e70e2ff-00",
        "User-Agent": "azsdk-net-ResourceManager/1.4.0-alpha.20230202.1 (.NET 7.0.2; Microsoft Windows 10.0.22621)",
        "x-ms-client-request-id": "6c4294d58c46eb3691c926c9f7a5e218",
        "x-ms-return-client-request-id": "true"
      },
      "RequestBody": null,
      "StatusCode": 200,
      "ResponseHeaders": {
        "Cache-Control": "no-cache",
        "Content-Length": "237",
        "Content-Type": "application/json; charset=utf-8",
        "Date": "Thu, 02 Feb 2023 16:23:51 GMT",
        "Expires": "-1",
        "Pragma": "no-cache",
        "Strict-Transport-Security": "max-age=31536000; includeSubDomains",
        "X-Content-Type-Options": "nosniff",
        "x-ms-correlation-request-id": "239f6fc7-74b0-4042-9139-157590481933",
        "x-ms-ratelimit-remaining-subscription-reads": "11960",
        "x-ms-request-id": "239f6fc7-74b0-4042-9139-157590481933",
        "x-ms-routing-request-id": "SOUTHEASTASIA:20230202T162351Z:239f6fc7-74b0-4042-9139-157590481933"
      },
      "ResponseBody": {
        "id": "/subscriptions/db1ab6f0-4769-4b27-930e-01e2ef9c123c/resourceGroups/testrg9493",
        "name": "testrg9493",
        "type": "Microsoft.Resources/resourceGroups",
        "location": "westus2",
        "tags": {
          "k2": "v2"
        },
        "properties": {
          "provisioningState": "Succeeded"
        }
      }
    },
    {
      "RequestUri": "https://management.azure.com/subscriptions/db1ab6f0-4769-4b27-930e-01e2ef9c123c/resourceGroups/testrg9493/providers/Microsoft.Resources/tags/default?api-version=2022-09-01",
      "RequestMethod": "GET",
      "RequestHeaders": {
        "Accept": "application/json",
        "Authorization": "Sanitized",
        "traceparent": "00-4b24de84d0c03875099d333cdec55802-0213d6cf30fd21b7-00",
        "User-Agent": "azsdk-net-ResourceManager/1.4.0-alpha.20230202.1 (.NET 7.0.2; Microsoft Windows 10.0.22621)",
        "x-ms-client-request-id": "2e330ca8da0f9c7bf0f945a1ace0cd49",
        "x-ms-return-client-request-id": "true"
      },
      "RequestBody": null,
      "StatusCode": 200,
      "ResponseHeaders": {
        "Cache-Control": "no-cache",
        "Content-Length": "214",
        "Content-Type": "application/json; charset=utf-8",
        "Date": "Thu, 02 Feb 2023 16:23:51 GMT",
        "Expires": "-1",
        "Pragma": "no-cache",
        "Strict-Transport-Security": "max-age=31536000; includeSubDomains",
        "X-Content-Type-Options": "nosniff",
        "x-ms-correlation-request-id": "b8fecc9c-85a1-403e-bb93-38a77da98132",
        "x-ms-ratelimit-remaining-subscription-reads": "11959",
        "x-ms-request-id": "b8fecc9c-85a1-403e-bb93-38a77da98132",
        "x-ms-routing-request-id": "SOUTHEASTASIA:20230202T162351Z:b8fecc9c-85a1-403e-bb93-38a77da98132"
      },
      "ResponseBody": {
        "id": "/subscriptions/db1ab6f0-4769-4b27-930e-01e2ef9c123c/resourceGroups/testrg9493/providers/Microsoft.Resources/tags/default",
        "name": "default",
        "type": "Microsoft.Resources/tags",
        "properties": {
          "tags": {
            "k2": "v2"
          }
        }
      }
    },
    {
      "RequestUri": "https://management.azure.com/subscriptions/db1ab6f0-4769-4b27-930e-01e2ef9c123c/resourceGroups/testrg9493/providers/Microsoft.Resources/tags/default?api-version=2022-09-01",
      "RequestMethod": "PUT",
      "RequestHeaders": {
        "Accept": "application/json",
        "Authorization": "Sanitized",
        "Content-Length": "35",
        "Content-Type": "application/json",
        "traceparent": "00-4b24de84d0c03875099d333cdec55802-63963a615b58f37a-00",
        "User-Agent": "azsdk-net-ResourceManager/1.4.0-alpha.20230202.1 (.NET 7.0.2; Microsoft Windows 10.0.22621)",
        "x-ms-client-request-id": "83e97be1628bf7e3e53bfc9dab924383",
        "x-ms-return-client-request-id": "true"
      },
      "RequestBody": {
        "properties": {
          "tags": {
            "k2": "v2"
          }
        }
      },
      "StatusCode": 200,
      "ResponseHeaders": {
        "Cache-Control": "no-cache",
        "Content-Length": "214",
        "Content-Type": "application/json; charset=utf-8",
        "Date": "Thu, 02 Feb 2023 16:23:52 GMT",
        "Expires": "-1",
        "Pragma": "no-cache",
        "Strict-Transport-Security": "max-age=31536000; includeSubDomains",
        "X-Content-Type-Options": "nosniff",
        "x-ms-correlation-request-id": "b8a913d3-f041-4776-87a0-ff49df44e045",
        "x-ms-ratelimit-remaining-subscription-writes": "1175",
        "x-ms-request-id": "b8a913d3-f041-4776-87a0-ff49df44e045",
        "x-ms-routing-request-id": "SOUTHEASTASIA:20230202T162352Z:b8a913d3-f041-4776-87a0-ff49df44e045"
      },
      "ResponseBody": {
        "id": "/subscriptions/db1ab6f0-4769-4b27-930e-01e2ef9c123c/resourceGroups/testrg9493/providers/Microsoft.Resources/tags/default",
        "name": "default",
        "type": "Microsoft.Resources/tags",
        "properties": {
          "tags": {
            "k2": "v2"
          }
        }
      }
    },
    {
      "RequestUri": "https://management.azure.com/subscriptions/db1ab6f0-4769-4b27-930e-01e2ef9c123c/resourcegroups/testrg9493?api-version=2022-09-01",
      "RequestMethod": "GET",
      "RequestHeaders": {
        "Accept": "application/json",
        "Authorization": "Sanitized",
        "traceparent": "00-4b24de84d0c03875099d333cdec55802-7f6a17a57f0da7db-00",
        "User-Agent": "azsdk-net-ResourceManager/1.4.0-alpha.20230202.1 (.NET 7.0.2; Microsoft Windows 10.0.22621)",
        "x-ms-client-request-id": "7ce8dcfc5fbc458c283c49d3deddf05e",
        "x-ms-return-client-request-id": "true"
      },
      "RequestBody": null,
      "StatusCode": 200,
      "ResponseHeaders": {
        "Cache-Control": "no-cache",
        "Content-Length": "237",
        "Content-Type": "application/json; charset=utf-8",
        "Date": "Thu, 02 Feb 2023 16:23:52 GMT",
        "Expires": "-1",
        "Pragma": "no-cache",
        "Strict-Transport-Security": "max-age=31536000; includeSubDomains",
        "X-Content-Type-Options": "nosniff",
        "x-ms-correlation-request-id": "834cfcdf-0514-4c62-935c-fedf3b218aea",
        "x-ms-ratelimit-remaining-subscription-reads": "11958",
        "x-ms-request-id": "834cfcdf-0514-4c62-935c-fedf3b218aea",
        "x-ms-routing-request-id": "SOUTHEASTASIA:20230202T162352Z:834cfcdf-0514-4c62-935c-fedf3b218aea"
      },
      "ResponseBody": {
        "id": "/subscriptions/db1ab6f0-4769-4b27-930e-01e2ef9c123c/resourceGroups/testrg9493",
        "name": "testrg9493",
        "type": "Microsoft.Resources/resourceGroups",
        "location": "westus2",
        "tags": {
          "k2": "v2"
        },
        "properties": {
          "provisioningState": "Succeeded"
        }
      }
    }
  ],
  "Variables": {
    "AZURE_AUTHORITY_HOST": "https://login.microsoftonline.com",
    "RandomSeed": "1717826445",
    "RESOURCE_MANAGER_URL": "https://management.azure.com",
    "SUBSCRIPTION_ID": "db1ab6f0-4769-4b27-930e-01e2ef9c123c"
  }
}
