{
  "Entries": [
    {
      "RequestUri": "https://management.azure.com/subscriptions/db1ab6f0-4769-4b27-930e-01e2ef9c123c?api-version=2021-01-01",
      "RequestMethod": "GET",
      "RequestHeaders": {
        "Accept": "application/json",
        "Authorization": "Sanitized",
        "traceparent": "00-57972f5b230b9340910be802b1323a9b-22f4c9244ec07e40-00",
        "User-Agent": "azsdk-net-ResourceManager/1.1.1-alpha.20220623.1 (.NET Framework 4.8.4510.0; Microsoft Windows 10.0.19044 )",
        "x-ms-client-request-id": "2f2e2e93c4da33eba1ffb75a7477ad5a",
        "x-ms-return-client-request-id": "true"
      },
      "RequestBody": null,
      "StatusCode": 200,
      "ResponseHeaders": {
        "Cache-Control": "no-cache",
        "Content-Length": "747",
        "Content-Type": "application/json; charset=utf-8",
        "Date": "Thu, 23 Jun 2022 03:56:18 GMT",
        "Expires": "-1",
        "Pragma": "no-cache",
        "Strict-Transport-Security": "max-age=31536000; includeSubDomains",
        "X-Content-Type-Options": "nosniff",
        "x-ms-correlation-request-id": "fd0d3974-040c-4a4c-b0f6-64afec599db5",
        "x-ms-ratelimit-remaining-subscription-reads": "11976",
        "x-ms-request-id": "fd0d3974-040c-4a4c-b0f6-64afec599db5",
        "x-ms-routing-request-id": "SOUTHEASTASIA:20220623T035619Z:fd0d3974-040c-4a4c-b0f6-64afec599db5"
      },
      "ResponseBody": {
        "id": "/subscriptions/db1ab6f0-4769-4b27-930e-01e2ef9c123c",
        "authorizationSource": "RoleBased",
        "managedByTenants": [],
        "tags": {
          "TagKey-9823": "TagValue-566",
          "TagKey-3481": "TagValue-320",
          "TagKey-4926": "TagValue-1187",
          "TagKey-751": "TagValue-3921",
          "TagKey-1866": "TagValue-8559",
          "TagKey-3094": "TagValue-9190",
          "TagKey-2449": "TagValue-9",
          "TagKey-8379": "TagValue-164",
          "TagKey-7470": "TagValue-2205",
          "TagKey-4236": "TagValue-3698",
          "TagKey-5316": "TagValue-2725"
        },
        "subscriptionId": "db1ab6f0-4769-4b27-930e-01e2ef9c123c",
        "tenantId": "72f988bf-86f1-41af-91ab-2d7cd011db47",
        "displayName": ".NET Mgmt SDK Test with TTL = 1 Day",
        "state": "Enabled",
        "subscriptionPolicies": {
          "locationPlacementId": "Internal_2014-09-01",
          "quotaId": "Internal_2014-09-01",
          "spendingLimit": "Off"
        }
      }
    },
    {
      "RequestUri": "https://management.azure.com/subscriptions/db1ab6f0-4769-4b27-930e-01e2ef9c123c/resourcegroups/testrg886?api-version=2019-10-01",
      "RequestMethod": "PUT",
      "RequestHeaders": {
        "Accept": "application/json",
        "Authorization": "Sanitized",
        "Content-Length": "22",
        "Content-Type": "application/json",
        "traceparent": "00-16e1f958c22aeb4691491f1bc88d180d-6dc9ab380114344d-00",
        "User-Agent": "azsdk-net-ResourceManager/1.1.1-alpha.20220623.1 (.NET Framework 4.8.4510.0; Microsoft Windows 10.0.19044 )",
        "x-ms-client-request-id": "7895f3f2a482e2276d3773cb0f7a5ad7",
        "x-ms-return-client-request-id": "true"
      },
      "RequestBody": {
        "location": "westus2"
      },
      "StatusCode": 201,
      "ResponseHeaders": {
        "Cache-Control": "no-cache",
        "Content-Length": "216",
        "Content-Type": "application/json; charset=utf-8",
        "Date": "Thu, 23 Jun 2022 03:56:20 GMT",
        "Expires": "-1",
        "Pragma": "no-cache",
        "Strict-Transport-Security": "max-age=31536000; includeSubDomains",
        "X-Content-Type-Options": "nosniff",
        "x-ms-correlation-request-id": "8ee90b76-0065-42d5-90ce-2bcf7e8c08e6",
        "x-ms-ratelimit-remaining-subscription-writes": "1195",
        "x-ms-request-id": "8ee90b76-0065-42d5-90ce-2bcf7e8c08e6",
        "x-ms-routing-request-id": "SOUTHEASTASIA:20220623T035620Z:8ee90b76-0065-42d5-90ce-2bcf7e8c08e6"
      },
      "ResponseBody": {
        "id": "/subscriptions/db1ab6f0-4769-4b27-930e-01e2ef9c123c/resourceGroups/testrg886",
        "name": "testrg886",
        "type": "Microsoft.Resources/resourceGroups",
        "location": "westus2",
        "properties": {
          "provisioningState": "Succeeded"
        }
      }
    },
    {
      "RequestUri": "https://management.azure.com/subscriptions/db1ab6f0-4769-4b27-930e-01e2ef9c123c/resourceGroups/testrg886/providers/Microsoft.Resources/tags/default?api-version=2021-04-01",
      "RequestMethod": "DELETE",
      "RequestHeaders": {
        "Accept": "application/json",
        "Authorization": "Sanitized",
        "traceparent": "00-e442220735ab1146a3327dd797fd4a9b-bddc184c1120d541-00",
        "User-Agent": "azsdk-net-ResourceManager/1.1.1-alpha.20220623.1 (.NET Framework 4.8.4510.0; Microsoft Windows 10.0.19044 )",
        "x-ms-client-request-id": "18c0ffedd43dabba26b4413fd84fc785",
        "x-ms-return-client-request-id": "true"
      },
      "RequestBody": null,
      "StatusCode": 200,
      "ResponseHeaders": {
        "Cache-Control": "no-cache",
        "Content-Length": "0",
        "Date": "Thu, 23 Jun 2022 03:56:20 GMT",
        "Expires": "-1",
        "Pragma": "no-cache",
        "Strict-Transport-Security": "max-age=31536000; includeSubDomains",
        "X-Content-Type-Options": "nosniff",
        "x-ms-correlation-request-id": "689318ef-9045-4539-92ff-c0d047b1863d",
        "x-ms-ratelimit-remaining-subscription-deletes": "14998",
        "x-ms-request-id": "689318ef-9045-4539-92ff-c0d047b1863d",
        "x-ms-routing-request-id": "SOUTHEASTASIA:20220623T035620Z:689318ef-9045-4539-92ff-c0d047b1863d"
      },
      "ResponseBody": null
    },
    {
      "RequestUri": "https://management.azure.com/subscriptions/db1ab6f0-4769-4b27-930e-01e2ef9c123c/resourceGroups/testrg886/providers/Microsoft.Resources/tags/default?api-version=2021-04-01",
      "RequestMethod": "GET",
      "RequestHeaders": {
        "Accept": "application/json",
        "Authorization": "Sanitized",
        "traceparent": "00-e442220735ab1146a3327dd797fd4a9b-898fba99a4b52441-00",
        "User-Agent": "azsdk-net-ResourceManager/1.1.1-alpha.20220623.1 (.NET Framework 4.8.4510.0; Microsoft Windows 10.0.19044 )",
        "x-ms-client-request-id": "a21aaa761a7f8a10064c6d8d78689285",
        "x-ms-return-client-request-id": "true"
      },
      "RequestBody": null,
      "StatusCode": 200,
      "ResponseHeaders": {
        "Cache-Control": "no-cache",
        "Content-Length": "204",
        "Content-Type": "application/json; charset=utf-8",
        "Date": "Thu, 23 Jun 2022 03:56:20 GMT",
        "Expires": "-1",
        "Pragma": "no-cache",
        "Strict-Transport-Security": "max-age=31536000; includeSubDomains",
        "X-Content-Type-Options": "nosniff",
        "x-ms-correlation-request-id": "e546651f-f078-4b99-ae5f-519e11a272cc",
        "x-ms-ratelimit-remaining-subscription-reads": "11975",
        "x-ms-request-id": "e546651f-f078-4b99-ae5f-519e11a272cc",
        "x-ms-routing-request-id": "SOUTHEASTASIA:20220623T035620Z:e546651f-f078-4b99-ae5f-519e11a272cc"
      },
      "ResponseBody": {
        "id": "/subscriptions/db1ab6f0-4769-4b27-930e-01e2ef9c123c/resourceGroups/testrg886/providers/Microsoft.Resources/tags/default",
        "name": "default",
        "type": "Microsoft.Resources/tags",
        "properties": {
          "tags": {}
        }
      }
    },
    {
      "RequestUri": "https://management.azure.com/subscriptions/db1ab6f0-4769-4b27-930e-01e2ef9c123c/resourceGroups/testrg886/providers/Microsoft.Resources/tags/default?api-version=2021-04-01",
      "RequestMethod": "PUT",
      "RequestHeaders": {
        "Accept": "application/json",
        "Authorization": "Sanitized",
        "Content-Length": "39",
        "Content-Type": "application/json",
        "traceparent": "00-e442220735ab1146a3327dd797fd4a9b-bf25c25344642f4e-00",
        "User-Agent": "azsdk-net-ResourceManager/1.1.1-alpha.20220623.1 (.NET Framework 4.8.4510.0; Microsoft Windows 10.0.19044 )",
        "x-ms-client-request-id": "7787825c42ec1df439ea52ce62e80a1e",
        "x-ms-return-client-request-id": "true"
      },
      "RequestBody": {
        "properties": {
          "tags": {
            "key": "value"
          }
        }
      },
      "StatusCode": 200,
      "ResponseHeaders": {
        "Cache-Control": "no-cache",
        "Content-Length": "217",
        "Content-Type": "application/json; charset=utf-8",
        "Date": "Thu, 23 Jun 2022 03:56:21 GMT",
        "Expires": "-1",
        "Pragma": "no-cache",
        "Strict-Transport-Security": "max-age=31536000; includeSubDomains",
        "X-Content-Type-Options": "nosniff",
        "x-ms-correlation-request-id": "df31c0b7-8055-41a1-9de8-5ce7f377416a",
        "x-ms-ratelimit-remaining-subscription-writes": "1194",
        "x-ms-request-id": "df31c0b7-8055-41a1-9de8-5ce7f377416a",
        "x-ms-routing-request-id": "SOUTHEASTASIA:20220623T035621Z:df31c0b7-8055-41a1-9de8-5ce7f377416a"
      },
      "ResponseBody": {
        "id": "/subscriptions/db1ab6f0-4769-4b27-930e-01e2ef9c123c/resourceGroups/testrg886/providers/Microsoft.Resources/tags/default",
        "name": "default",
        "type": "Microsoft.Resources/tags",
        "properties": {
          "tags": {
            "key": "value"
          }
        }
      }
    },
    {
      "RequestUri": "https://management.azure.com/subscriptions/db1ab6f0-4769-4b27-930e-01e2ef9c123c/resourcegroups/testrg886?api-version=2019-10-01",
      "RequestMethod": "GET",
      "RequestHeaders": {
        "Accept": "application/json",
        "Authorization": "Sanitized",
        "traceparent": "00-e442220735ab1146a3327dd797fd4a9b-43e30e92a358134d-00",
        "User-Agent": "azsdk-net-ResourceManager/1.1.1-alpha.20220623.1 (.NET Framework 4.8.4510.0; Microsoft Windows 10.0.19044 )",
        "x-ms-client-request-id": "6455ed6fb85fd257ee3611f0672c32bd",
        "x-ms-return-client-request-id": "true"
      },
      "RequestBody": null,
      "StatusCode": 200,
      "ResponseHeaders": {
        "Cache-Control": "no-cache",
        "Content-Length": "239",
        "Content-Type": "application/json; charset=utf-8",
        "Date": "Thu, 23 Jun 2022 03:56:21 GMT",
        "Expires": "-1",
        "Pragma": "no-cache",
        "Strict-Transport-Security": "max-age=31536000; includeSubDomains",
        "X-Content-Type-Options": "nosniff",
        "x-ms-correlation-request-id": "a5928b32-8afb-47d4-8b5c-c6127dc95764",
        "x-ms-ratelimit-remaining-subscription-reads": "11974",
        "x-ms-request-id": "a5928b32-8afb-47d4-8b5c-c6127dc95764",
        "x-ms-routing-request-id": "SOUTHEASTASIA:20220623T035621Z:a5928b32-8afb-47d4-8b5c-c6127dc95764"
      },
      "ResponseBody": {
        "id": "/subscriptions/db1ab6f0-4769-4b27-930e-01e2ef9c123c/resourceGroups/testrg886",
        "name": "testrg886",
        "type": "Microsoft.Resources/resourceGroups",
        "location": "westus2",
        "tags": {
          "key": "value"
        },
        "properties": {
          "provisioningState": "Succeeded"
        }
      }
    }
  ],
  "Variables": {
    "RandomSeed": "2059092411",
    "RESOURCE_MANAGER_URL": "https://management.azure.com/",
    "SUBSCRIPTION_ID": "db1ab6f0-4769-4b27-930e-01e2ef9c123c"
  }
}
