{
  "Entries": [
    {
      "RequestUri": "https://management.azure.com/subscriptions/db1ab6f0-4769-4b27-930e-01e2ef9c123c?api-version=2021-01-01",
      "RequestMethod": "GET",
      "RequestHeaders": {
        "Accept": "application/json",
        "Authorization": "Sanitized",
        "traceparent": "00-d5fa7950ab495c4d8c988f1451f50742-275f217c63a25e4e-00",
        "User-Agent": "azsdk-net-ResourceManager/1.1.1-alpha.20220623.1 (.NET Framework 4.8.4510.0; Microsoft Windows 10.0.19044 )",
        "x-ms-client-request-id": "73808c90abaafa497db2f147c2dbcc8e",
        "x-ms-return-client-request-id": "true"
      },
      "RequestBody": null,
      "StatusCode": 200,
      "ResponseHeaders": {
        "Cache-Control": "no-cache",
        "Content-Length": "747",
        "Content-Type": "application/json; charset=utf-8",
        "Date": "Thu, 23 Jun 2022 04:38:56 GMT",
        "Expires": "-1",
        "Pragma": "no-cache",
        "Strict-Transport-Security": "max-age=31536000; includeSubDomains",
        "X-Content-Type-Options": "nosniff",
        "x-ms-correlation-request-id": "ead782a9-baaf-4ae8-a249-937e774cee16",
        "x-ms-ratelimit-remaining-subscription-reads": "11968",
        "x-ms-request-id": "ead782a9-baaf-4ae8-a249-937e774cee16",
        "x-ms-routing-request-id": "SOUTHEASTASIA:20220623T043856Z:ead782a9-baaf-4ae8-a249-937e774cee16"
      },
      "ResponseBody": {
        "id": "/subscriptions/db1ab6f0-4769-4b27-930e-01e2ef9c123c",
        "authorizationSource": "RoleBased",
        "managedByTenants": [],
        "tags": {
          "TagKey-9823": "TagValue-566",
          "TagKey-3481": "TagValue-320",
          "TagKey-4926": "TagValue-1187",
          "TagKey-751": "TagValue-3921",
          "TagKey-1866": "TagValue-8559",
          "TagKey-3094": "TagValue-9190",
          "TagKey-2449": "TagValue-9",
          "TagKey-8379": "TagValue-164",
          "TagKey-7470": "TagValue-2205",
          "TagKey-4236": "TagValue-3698",
          "TagKey-5316": "TagValue-2725"
        },
        "subscriptionId": "db1ab6f0-4769-4b27-930e-01e2ef9c123c",
        "tenantId": "72f988bf-86f1-41af-91ab-2d7cd011db47",
        "displayName": ".NET Mgmt SDK Test with TTL = 1 Day",
        "state": "Enabled",
        "subscriptionPolicies": {
          "locationPlacementId": "Internal_2014-09-01",
          "quotaId": "Internal_2014-09-01",
          "spendingLimit": "Off"
        }
      }
    },
    {
      "RequestUri": "https://management.azure.com/subscriptions/db1ab6f0-4769-4b27-930e-01e2ef9c123c/resourcegroups/testrg2787?api-version=2019-10-01",
      "RequestMethod": "PUT",
      "RequestHeaders": {
        "Accept": "application/json",
        "Authorization": "Sanitized",
        "Content-Length": "22",
        "Content-Type": "application/json",
        "traceparent": "00-f425b1caf443df45baf9b9586cf6ad42-90b513a377ab9742-00",
        "User-Agent": "azsdk-net-ResourceManager/1.1.1-alpha.20220623.1 (.NET Framework 4.8.4510.0; Microsoft Windows 10.0.19044 )",
        "x-ms-client-request-id": "f8d62735d394e5f2934e18ced26ff8e8",
        "x-ms-return-client-request-id": "true"
      },
      "RequestBody": {
        "location": "westus2"
      },
      "StatusCode": 201,
      "ResponseHeaders": {
        "Cache-Control": "no-cache",
        "Content-Length": "218",
        "Content-Type": "application/json; charset=utf-8",
        "Date": "Thu, 23 Jun 2022 04:39:01 GMT",
        "Expires": "-1",
        "Pragma": "no-cache",
        "Strict-Transport-Security": "max-age=31536000; includeSubDomains",
        "X-Content-Type-Options": "nosniff",
        "x-ms-correlation-request-id": "751f345c-c9ef-437e-95fc-df7b3b5e9574",
        "x-ms-ratelimit-remaining-subscription-writes": "1199",
        "x-ms-request-id": "751f345c-c9ef-437e-95fc-df7b3b5e9574",
        "x-ms-routing-request-id": "SOUTHEASTASIA:20220623T043901Z:751f345c-c9ef-437e-95fc-df7b3b5e9574"
      },
      "ResponseBody": {
        "id": "/subscriptions/db1ab6f0-4769-4b27-930e-01e2ef9c123c/resourceGroups/testrg2787",
        "name": "testrg2787",
        "type": "Microsoft.Resources/resourceGroups",
        "location": "westus2",
        "properties": {
          "provisioningState": "Succeeded"
        }
      }
    },
    {
      "RequestUri": "https://management.azure.com/subscriptions/db1ab6f0-4769-4b27-930e-01e2ef9c123c/resourcegroups/testrg6506?api-version=2019-10-01",
      "RequestMethod": "PUT",
      "RequestHeaders": {
        "Accept": "application/json",
        "Authorization": "Sanitized",
        "Content-Length": "22",
        "Content-Type": "application/json",
        "traceparent": "00-14c7725d02dc56438aeda38da4cff099-8b534fad241f5e4c-00",
        "User-Agent": "azsdk-net-ResourceManager/1.1.1-alpha.20220623.1 (.NET Framework 4.8.4510.0; Microsoft Windows 10.0.19044 )",
        "x-ms-client-request-id": "5235195c2b8324f1231f489fe6670ed5",
        "x-ms-return-client-request-id": "true"
      },
      "RequestBody": {
        "location": "westus2"
      },
      "StatusCode": 201,
      "ResponseHeaders": {
        "Cache-Control": "no-cache",
        "Content-Length": "218",
        "Content-Type": "application/json; charset=utf-8",
        "Date": "Thu, 23 Jun 2022 04:39:01 GMT",
        "Expires": "-1",
        "Pragma": "no-cache",
        "Strict-Transport-Security": "max-age=31536000; includeSubDomains",
        "X-Content-Type-Options": "nosniff",
        "x-ms-correlation-request-id": "3f3d08a4-5497-4342-8502-4ab923a62234",
        "x-ms-ratelimit-remaining-subscription-writes": "1198",
        "x-ms-request-id": "3f3d08a4-5497-4342-8502-4ab923a62234",
        "x-ms-routing-request-id": "SOUTHEASTASIA:20220623T043902Z:3f3d08a4-5497-4342-8502-4ab923a62234"
      },
      "ResponseBody": {
        "id": "/subscriptions/db1ab6f0-4769-4b27-930e-01e2ef9c123c/resourceGroups/testrg6506",
        "name": "testrg6506",
        "type": "Microsoft.Resources/resourceGroups",
        "location": "westus2",
        "properties": {
          "provisioningState": "Succeeded"
        }
      }
    },
    {
      "RequestUri": "https://management.azure.com/subscriptions/db1ab6f0-4769-4b27-930e-01e2ef9c123c/providers/Microsoft.Compute?api-version=2021-04-01",
      "RequestMethod": "GET",
      "RequestHeaders": {
        "Accept": "application/json",
        "Authorization": "Sanitized",
        "traceparent": "00-381d9fb173b51548a650a6f8aa300a81-c4dc57f3bf16d24c-00",
        "User-Agent": "azsdk-net-ResourceManager/1.1.1-alpha.20220623.1 (.NET Framework 4.8.4510.0; Microsoft Windows 10.0.19044 )",
        "x-ms-client-request-id": "63210853b9fc8e8e175c302bab42f85f",
        "x-ms-return-client-request-id": "true"
      },
      "RequestBody": null,
      "StatusCode": 200,
      "ResponseHeaders": {
        "Cache-Control": "no-cache",
        "Content-Length": "72659",
        "Content-Type": "application/json; charset=utf-8",
        "Date": "Thu, 23 Jun 2022 04:39:02 GMT",
        "Expires": "-1",
        "Pragma": "no-cache",
        "Strict-Transport-Security": "max-age=31536000; includeSubDomains",
        "X-Content-Type-Options": "nosniff",
        "x-ms-correlation-request-id": "8215eee0-d4da-4582-a046-f082d60315f7",
        "x-ms-ratelimit-remaining-subscription-reads": "11967",
        "x-ms-request-id": "8215eee0-d4da-4582-a046-f082d60315f7",
        "x-ms-routing-request-id": "SOUTHEASTASIA:20220623T043902Z:8215eee0-d4da-4582-a046-f082d60315f7"
      },
      "ResponseBody": {
        "id": "/subscriptions/db1ab6f0-4769-4b27-930e-01e2ef9c123c/providers/Microsoft.Compute",
        "namespace": "Microsoft.Compute",
        "authorizations": [
          {
            "applicationId": "60e6cd67-9c8c-4951-9b3c-23c25a2169af",
            "roleDefinitionId": "e4770acb-272e-4dc8-87f3-12f44a612224"
          },
          {
            "applicationId": "a303894e-f1d8-4a37-bf10-67aa654a0596",
            "roleDefinitionId": "903ac751-8ad5-4e5a-bfc2-5e49f450a241"
          },
          {
            "applicationId": "a8b6bf88-1d1a-4626-b040-9a729ea93c65",
            "roleDefinitionId": "45c8267c-80ba-4b96-9a43-115b8f49fccd"
          },
          {
            "applicationId": "184909ca-69f1-4368-a6a7-c558ee6eb0bd",
            "roleDefinitionId": "45c8267c-80ba-4b96-9a43-115b8f49fccd"
          },
          {
            "applicationId": "5e5e43d4-54da-4211-86a4-c6e7f3715801",
            "roleDefinitionId": "ffcd6e5b-8772-457d-bb17-89703c03428f"
          },
          {
            "applicationId": "ce6ff14a-7fdc-4685-bbe0-f6afdfcfa8e0",
            "roleDefinitionId": "cb17cddc-dbac-4ae0-ae79-8db34eddfca0"
          },
          {
            "applicationId": "372140e0-b3b7-4226-8ef9-d57986796201",
            "roleDefinitionId": "cb17cddc-dbac-4ae0-ae79-8db34eddfca0"
          },
          {
            "applicationId": "579d9c9d-4c83-4efc-8124-7eba65ed3356",
            "roleDefinitionId": "8c99c4ce-d744-4597-a2f0-0a0044d67560"
          },
          {
            "applicationId": "b9a92e36-2cf8-4f4e-bcb3-9d99e00e14ab",
            "roleDefinitionId": "6efa92ca-56b6-40af-a468-5e3d2b5232f0"
          }
        ],
        "resourceTypes": [
          {
            "resourceType": "availabilitySets",
            "locations": [
              "East US",
              "East US 2",
              "West US",
              "Central US",
              "North Central US",
              "South Central US",
              "North Europe",
              "West Europe",
              "East Asia",
              "Southeast Asia",
              "Japan East",
              "Japan West",
              "Australia East",
              "Australia Southeast",
              "Australia Central",
              "Brazil South",
              "South India",
              "Central India",
              "West India",
              "Canada Central",
              "Canada East",
              "West US 2",
              "West Central US",
              "UK South",
              "UK West",
              "Korea Central",
              "Korea South",
              "France Central",
              "South Africa North",
              "UAE North",
              "Switzerland North",
              "Germany West Central",
              "Norway East",
              "Jio India West",
              "West US 3",
              "Sweden Central"
            ],
            "apiVersions": [
              "2022-03-01",
              "2021-11-01",
              "2021-07-01",
              "2021-04-01",
              "2021-03-01",
              "2020-12-01",
              "2020-06-01",
              "2019-12-01",
              "2019-07-01",
              "2019-03-01",
              "2018-10-01",
              "2018-06-01",
              "2018-04-01",
              "2017-12-01",
              "2017-03-30",
              "2016-08-30",
              "2016-04-30-preview",
              "2016-03-30",
              "2015-06-15",
              "2015-05-01-preview"
            ],
            "defaultApiVersion": "2021-07-01",
            "apiProfiles": [
              {
                "profileVersion": "2017-03-09-profile",
                "apiVersion": "2016-03-30"
              },
              {
                "profileVersion": "2018-03-01-hybrid",
                "apiVersion": "2017-03-30"
              },
              {
                "profileVersion": "2018-06-01-profile",
                "apiVersion": "2017-12-01"
              },
              {
                "profileVersion": "2019-03-01-hybrid",
                "apiVersion": "2017-12-01"
              },
              {
                "profileVersion": "2020-09-01-hybrid",
                "apiVersion": "2020-06-01"
              }
            ],
            "capabilities": "CrossResourceGroupResourceMove, CrossSubscriptionResourceMove, SupportsTags, SupportsLocation"
          },
          {
            "resourceType": "virtualMachines",
            "locations": [
              "East US",
              "East US 2",
              "West US",
              "Central US",
              "North Central US",
              "South Central US",
              "North Europe",
              "West Europe",
              "East Asia",
              "Southeast Asia",
              "Japan East",
              "Japan West",
              "Australia East",
              "Australia Southeast",
              "Australia Central",
              "Brazil South",
              "South India",
              "Central India",
              "West India",
              "Canada Central",
              "Canada East",
              "West US 2",
              "West Central US",
              "UK South",
              "UK West",
              "Korea Central",
              "Korea South",
              "France Central",
              "South Africa North",
              "UAE North",
              "Switzerland North",
              "Germany West Central",
              "Norway East",
              "Jio India West",
              "West US 3",
              "Sweden Central"
            ],
            "apiVersions": [
              "2022-03-01",
              "2021-11-01",
              "2021-07-01",
              "2021-04-01",
              "2021-03-01",
              "2020-12-01",
              "2020-06-01",
              "2019-12-01",
              "2019-07-01",
              "2019-03-01",
              "2018-10-01",
              "2018-06-01",
              "2018-04-01",
              "2017-12-01",
              "2017-03-30",
              "2016-08-30",
              "2016-04-30-preview",
              "2016-03-30",
              "2015-06-15",
              "2015-05-01-preview"
            ],
            "defaultApiVersion": "2021-07-01",
            "apiProfiles": [
              {
                "profileVersion": "2017-03-09-profile",
                "apiVersion": "2016-03-30"
              },
              {
                "profileVersion": "2018-03-01-hybrid",
                "apiVersion": "2017-03-30"
              },
              {
                "profileVersion": "2018-06-01-profile",
                "apiVersion": "2017-12-01"
              },
              {
                "profileVersion": "2019-03-01-hybrid",
                "apiVersion": "2017-12-01"
              },
              {
                "profileVersion": "2020-09-01-hybrid",
                "apiVersion": "2020-06-01"
              }
            ],
            "zoneMappings": [
              {
                "location": "Australia East",
                "zones": [
                  "2",
                  "1",
                  "3"
                ]
              },
              {
                "location": "Brazil South",
                "zones": [
                  "2",
                  "1",
                  "3"
                ]
              },
              {
                "location": "Canada Central",
                "zones": [
                  "2",
                  "1",
                  "3"
                ]
              },
              {
                "location": "Central India",
                "zones": [
                  "2",
                  "1",
                  "3"
                ]
              },
              {
                "location": "Central US",
                "zones": [
                  "2",
                  "1",
                  "3"
                ]
              },
              {
                "location": "East Asia",
                "zones": [
                  "2",
                  "1",
                  "3"
                ]
              },
              {
                "location": "East US",
                "zones": [
                  "2",
                  "1",
                  "3"
                ]
              },
              {
                "location": "East US 2",
                "zones": [
                  "2",
                  "1",
                  "3"
                ]
              },
              {
                "location": "France Central",
                "zones": [
                  "2",
                  "1",
                  "3"
                ]
              },
              {
                "location": "Germany West Central",
                "zones": [
                  "2",
                  "1",
                  "3"
                ]
              },
              {
                "location": "Japan East",
                "zones": [
                  "2",
                  "1",
                  "3"
                ]
              },
              {
                "location": "Korea Central",
                "zones": [
                  "2",
                  "1",
                  "3"
                ]
              },
              {
                "location": "North Central US",
                "zones": []
              },
              {
                "location": "North Europe",
                "zones": [
                  "2",
                  "1",
                  "3"
                ]
              },
              {
                "location": "Norway East",
                "zones": [
                  "2",
                  "1",
                  "3"
                ]
              },
              {
                "location": "South Africa North",
                "zones": [
                  "2",
                  "1",
                  "3"
                ]
              },
              {
                "location": "South Central US",
                "zones": [
                  "2",
                  "1",
                  "3"
                ]
              },
              {
                "location": "Southeast Asia",
                "zones": [
                  "2",
                  "1",
                  "3"
                ]
              },
              {
                "location": "Sweden Central",
                "zones": [
                  "2",
                  "1",
                  "3"
                ]
              },
              {
                "location": "Switzerland North",
                "zones": [
                  "2",
                  "1",
                  "3"
                ]
              },
              {
                "location": "UAE North",
                "zones": []
              },
              {
                "location": "UK South",
                "zones": [
                  "2",
                  "1",
                  "3"
                ]
              },
              {
                "location": "West Europe",
                "zones": [
                  "2",
                  "1",
                  "3"
                ]
              },
              {
                "location": "West US 2",
                "zones": [
                  "2",
                  "1",
                  "3"
                ]
              },
              {
                "location": "West US 3",
                "zones": [
                  "2",
                  "1",
                  "3"
                ]
              }
            ],
            "capabilities": "CrossResourceGroupResourceMove, CrossSubscriptionResourceMove, SystemAssignedResourceIdentity, SupportsTags, SupportsLocation"
          },
          {
            "resourceType": "virtualMachines/extensions",
            "locations": [
              "East US",
              "East US 2",
              "West US",
              "Central US",
              "North Central US",
              "South Central US",
              "North Europe",
              "West Europe",
              "East Asia",
              "Southeast Asia",
              "Japan East",
              "Japan West",
              "Australia East",
              "Australia Southeast",
              "Australia Central",
              "Brazil South",
              "South India",
              "Central India",
              "West India",
              "Canada Central",
              "Canada East",
              "West US 2",
              "West Central US",
              "UK South",
              "UK West",
              "Korea Central",
              "Korea South",
              "France Central",
              "South Africa North",
              "UAE North",
              "Switzerland North",
              "Germany West Central",
              "Norway East",
              "Jio India West",
              "West US 3",
              "Sweden Central"
            ],
            "apiVersions": [
              "2022-03-01",
              "2021-11-01",
              "2021-07-01",
              "2021-04-01",
              "2021-03-01",
              "2020-12-01",
              "2020-06-01",
              "2019-12-01",
              "2019-07-01",
              "2019-03-01",
              "2018-10-01",
              "2018-06-01",
              "2018-04-01",
              "2017-12-01",
              "2017-03-30",
              "2016-08-30",
              "2016-04-30-preview",
              "2016-03-30",
              "2015-06-15",
              "2015-05-01-preview"
            ],
            "defaultApiVersion": "2021-07-01",
            "apiProfiles": [
              {
                "profileVersion": "2017-03-09-profile",
                "apiVersion": "2016-03-30"
              },
              {
                "profileVersion": "2018-03-01-hybrid",
                "apiVersion": "2017-03-30"
              },
              {
                "profileVersion": "2018-06-01-profile",
                "apiVersion": "2017-12-01"
              },
              {
                "profileVersion": "2019-03-01-hybrid",
                "apiVersion": "2017-12-01"
              },
              {
                "profileVersion": "2020-09-01-hybrid",
                "apiVersion": "2020-06-01"
              }
            ],
            "capabilities": "CrossResourceGroupResourceMove, CrossSubscriptionResourceMove, SupportsTags, SupportsLocation"
          },
          {
            "resourceType": "virtualMachineScaleSets",
            "locations": [
              "East US",
              "East US 2",
              "West US",
              "Central US",
              "North Central US",
              "South Central US",
              "North Europe",
              "West Europe",
              "East Asia",
              "Southeast Asia",
              "Japan East",
              "Japan West",
              "Australia East",
              "Australia Southeast",
              "Australia Central",
              "Brazil South",
              "South India",
              "Central India",
              "West India",
              "Canada Central",
              "Canada East",
              "West US 2",
              "West Central US",
              "UK South",
              "UK West",
              "Korea Central",
              "Korea South",
              "France Central",
              "South Africa North",
              "UAE North",
              "Switzerland North",
              "Germany West Central",
              "Norway East",
              "Jio India West",
              "West US 3",
              "Sweden Central"
            ],
            "apiVersions": [
              "2022-03-01",
              "2021-11-01",
              "2021-07-01",
              "2021-04-01",
              "2021-03-01",
              "2020-12-01",
              "2020-06-01",
              "2019-12-01",
              "2019-07-01",
              "2019-03-01",
              "2018-10-01",
              "2018-06-01",
              "2018-04-01",
              "2017-12-01",
              "2017-10-30-preview",
              "2017-03-30",
              "2016-08-30",
              "2016-04-30-preview",
              "2016-03-30",
              "2015-06-15",
              "2015-05-01-preview"
            ],
            "defaultApiVersion": "2021-07-01",
            "apiProfiles": [
              {
                "profileVersion": "2017-03-09-profile",
                "apiVersion": "2016-03-30"
              },
              {
                "profileVersion": "2018-03-01-hybrid",
                "apiVersion": "2017-03-30"
              },
              {
                "profileVersion": "2018-06-01-profile",
                "apiVersion": "2017-12-01"
              },
              {
                "profileVersion": "2019-03-01-hybrid",
                "apiVersion": "2017-12-01"
              },
              {
                "profileVersion": "2020-09-01-hybrid",
                "apiVersion": "2020-06-01"
              }
            ],
            "zoneMappings": [
              {
                "location": "Australia East",
                "zones": [
                  "2",
                  "1",
                  "3"
                ]
              },
              {
                "location": "Brazil South",
                "zones": [
                  "2",
                  "1",
                  "3"
                ]
              },
              {
                "location": "Canada Central",
                "zones": [
                  "2",
                  "1",
                  "3"
                ]
              },
              {
                "location": "Central India",
                "zones": [
                  "2",
                  "1",
                  "3"
                ]
              },
              {
                "location": "Central US",
                "zones": [
                  "2",
                  "1",
                  "3"
                ]
              },
              {
                "location": "East Asia",
                "zones": [
                  "2",
                  "1",
                  "3"
                ]
              },
              {
                "location": "East US",
                "zones": [
                  "2",
                  "1",
                  "3"
                ]
              },
              {
                "location": "East US 2",
                "zones": [
                  "2",
                  "1",
                  "3"
                ]
              },
              {
                "location": "France Central",
                "zones": [
                  "2",
                  "1",
                  "3"
                ]
              },
              {
                "location": "Germany West Central",
                "zones": [
                  "2",
                  "1",
                  "3"
                ]
              },
              {
                "location": "Japan East",
                "zones": [
                  "2",
                  "1",
                  "3"
                ]
              },
              {
                "location": "Korea Central",
                "zones": [
                  "2",
                  "1",
                  "3"
                ]
              },
              {
                "location": "North Central US",
                "zones": []
              },
              {
                "location": "North Europe",
                "zones": [
                  "2",
                  "1",
                  "3"
                ]
              },
              {
                "location": "Norway East",
                "zones": [
                  "2",
                  "1",
                  "3"
                ]
              },
              {
                "location": "South Africa North",
                "zones": [
                  "2",
                  "1",
                  "3"
                ]
              },
              {
                "location": "South Central US",
                "zones": [
                  "2",
                  "1",
                  "3"
                ]
              },
              {
                "location": "Southeast Asia",
                "zones": [
                  "2",
                  "1",
                  "3"
                ]
              },
              {
                "location": "Sweden Central",
                "zones": [
                  "2",
                  "1",
                  "3"
                ]
              },
              {
                "location": "Switzerland North",
                "zones": [
                  "2",
                  "1",
                  "3"
                ]
              },
              {
                "location": "UAE North",
                "zones": []
              },
              {
                "location": "UK South",
                "zones": [
                  "2",
                  "1",
                  "3"
                ]
              },
              {
                "location": "West Europe",
                "zones": [
                  "2",
                  "1",
                  "3"
                ]
              },
              {
                "location": "West US 2",
                "zones": [
                  "2",
                  "1",
                  "3"
                ]
              },
              {
                "location": "West US 3",
                "zones": [
                  "2",
                  "1",
                  "3"
                ]
              }
            ],
            "capabilities": "CrossResourceGroupResourceMove, CrossSubscriptionResourceMove, SystemAssignedResourceIdentity, SupportsTags, SupportsLocation"
          },
          {
            "resourceType": "virtualMachineScaleSets/extensions",
            "locations": [
              "East US",
              "East US 2",
              "West US",
              "Central US",
              "North Central US",
              "South Central US",
              "North Europe",
              "West Europe",
              "East Asia",
              "Southeast Asia",
              "Japan East",
              "Japan West",
              "Australia East",
              "Australia Southeast",
              "Australia Central",
              "Brazil South",
              "South India",
              "Central India",
              "West India",
              "Canada Central",
              "Canada East",
              "West US 2",
              "West Central US",
              "UK South",
              "UK West",
              "Korea Central",
              "Korea South",
              "France Central",
              "South Africa North",
              "UAE North",
              "Switzerland North",
              "Germany West Central",
              "Norway East",
              "Jio India West",
              "West US 3",
              "Sweden Central"
            ],
            "apiVersions": [
              "2022-03-01",
              "2021-11-01",
              "2021-07-01",
              "2021-04-01",
              "2021-03-01",
              "2020-12-01",
              "2020-06-01",
              "2019-12-01",
              "2019-07-01",
              "2019-03-01",
              "2018-10-01",
              "2018-06-01",
              "2018-04-01",
              "2017-12-01",
              "2017-10-30-preview",
              "2017-03-30",
              "2016-08-30",
              "2016-04-30-preview",
              "2016-03-30",
              "2015-06-15",
              "2015-05-01-preview"
            ],
            "defaultApiVersion": "2015-06-15",
            "apiProfiles": [
              {
                "profileVersion": "2017-03-09-profile",
                "apiVersion": "2016-03-30"
              },
              {
                "profileVersion": "2018-03-01-hybrid",
                "apiVersion": "2017-03-30"
              },
              {
                "profileVersion": "2018-06-01-profile",
                "apiVersion": "2017-12-01"
              },
              {
                "profileVersion": "2019-03-01-hybrid",
                "apiVersion": "2017-12-01"
              },
              {
                "profileVersion": "2020-09-01-hybrid",
                "apiVersion": "2020-06-01"
              }
            ],
            "capabilities": "None"
          },
          {
            "resourceType": "virtualMachineScaleSets/virtualMachines",
            "locations": [
              "East US",
              "East US 2",
              "West US",
              "Central US",
              "North Central US",
              "South Central US",
              "North Europe",
              "West Europe",
              "East Asia",
              "Southeast Asia",
              "Japan East",
              "Japan West",
              "Australia East",
              "Australia Southeast",
              "Australia Central",
              "Brazil South",
              "South India",
              "Central India",
              "West India",
              "Canada Central",
              "Canada East",
              "West US 2",
              "West Central US",
              "UK South",
              "UK West",
              "Korea Central",
              "Korea South",
              "France Central",
              "South Africa North",
              "UAE North",
              "Switzerland North",
              "Germany West Central",
              "Norway East",
              "Jio India West",
              "West US 3",
              "Sweden Central"
            ],
            "apiVersions": [
              "2022-03-01",
              "2021-11-01",
              "2021-07-01",
              "2021-04-01",
              "2021-03-01",
              "2020-12-01",
              "2020-06-01",
              "2019-12-01",
              "2019-07-01",
              "2019-03-01",
              "2018-10-01",
              "2018-06-01",
              "2018-04-01",
              "2017-12-01",
              "2017-10-30-preview",
              "2017-03-30",
              "2016-08-30",
              "2016-04-30-preview",
              "2016-03-30",
              "2015-06-15",
              "2015-05-01-preview"
            ],
            "defaultApiVersion": "2021-07-01",
            "apiProfiles": [
              {
                "profileVersion": "2017-03-09-profile",
                "apiVersion": "2016-03-30"
              },
              {
                "profileVersion": "2018-03-01-hybrid",
                "apiVersion": "2017-03-30"
              },
              {
                "profileVersion": "2018-06-01-profile",
                "apiVersion": "2017-12-01"
              },
              {
                "profileVersion": "2019-03-01-hybrid",
                "apiVersion": "2017-12-01"
              },
              {
                "profileVersion": "2020-09-01-hybrid",
                "apiVersion": "2020-06-01"
              }
            ],
            "capabilities": "None"
          },
          {
            "resourceType": "virtualMachineScaleSets/virtualMachines/extensions",
            "locations": [
              "East US",
              "East US 2",
              "West US",
              "Central US",
              "North Central US",
              "South Central US",
              "North Europe",
              "West Europe",
              "East Asia",
              "Southeast Asia",
              "Japan East",
              "Japan West",
              "Australia East",
              "Australia Southeast",
              "Australia Central",
              "Brazil South",
              "South India",
              "Central India",
              "West India",
              "Canada Central",
              "Canada East",
              "West US 2",
              "West Central US",
              "UK South",
              "UK West",
              "Korea Central",
              "Korea South",
              "France Central",
              "South Africa North",
              "UAE North",
              "Switzerland North",
              "Germany West Central",
              "Norway East",
              "Jio India West",
              "West US 3",
              "Sweden Central"
            ],
            "apiVersions": [
              "2022-03-01",
              "2021-11-01",
              "2021-07-01",
              "2021-04-01",
              "2021-03-01",
              "2020-12-01",
              "2020-06-01",
              "2019-12-01",
              "2019-07-01",
              "2019-03-01",
              "2018-10-01",
              "2018-06-01",
              "2018-04-01",
              "2017-12-01",
              "2017-10-30-preview",
              "2017-03-30",
              "2016-08-30",
              "2016-04-30-preview",
              "2016-03-30",
              "2015-06-15",
              "2015-05-01-preview"
            ],
            "apiProfiles": [
              {
                "profileVersion": "2017-03-09-profile",
                "apiVersion": "2016-03-30"
              },
              {
                "profileVersion": "2018-03-01-hybrid",
                "apiVersion": "2017-03-30"
              },
              {
                "profileVersion": "2018-06-01-profile",
                "apiVersion": "2017-12-01"
              },
              {
                "profileVersion": "2019-03-01-hybrid",
                "apiVersion": "2017-12-01"
              },
              {
                "profileVersion": "2020-09-01-hybrid",
                "apiVersion": "2020-06-01"
              }
            ],
            "capabilities": "None"
          },
          {
            "resourceType": "virtualMachineScaleSets/networkInterfaces",
            "locations": [
              "East US",
              "East US 2",
              "West US",
              "Central US",
              "North Central US",
              "South Central US",
              "North Europe",
              "West Europe",
              "East Asia",
              "Southeast Asia",
              "Japan East",
              "Japan West",
              "Australia East",
              "Australia Southeast",
              "Australia Central",
              "Brazil South",
              "South India",
              "Central India",
              "West India",
              "Canada Central",
              "Canada East",
              "West US 2",
              "West Central US",
              "UK South",
              "UK West",
              "Korea Central",
              "Korea South",
              "France Central",
              "South Africa North",
              "UAE North",
              "Switzerland North",
              "Germany West Central",
              "Norway East",
              "Jio India West",
              "West US 3",
              "Sweden Central"
            ],
            "apiVersions": [
              "2022-03-01",
              "2021-11-01",
              "2021-07-01",
              "2021-04-01",
              "2021-03-01",
              "2020-12-01",
              "2020-06-01",
              "2019-12-01",
              "2019-07-01",
              "2019-03-01",
              "2018-10-01",
              "2018-06-01",
              "2018-04-01",
              "2017-12-01",
              "2017-03-30",
              "2016-09-01",
              "2016-08-01",
              "2016-07-01",
              "2016-06-01",
              "2016-04-30-preview",
              "2016-03-30",
              "2015-06-15",
              "2015-05-01-preview"
            ],
            "apiProfiles": [
              {
                "profileVersion": "2017-03-09-profile",
                "apiVersion": "2016-03-30"
              },
              {
                "profileVersion": "2018-03-01-hybrid",
                "apiVersion": "2017-03-30"
              },
              {
                "profileVersion": "2018-06-01-profile",
                "apiVersion": "2017-12-01"
              },
              {
                "profileVersion": "2019-03-01-hybrid",
                "apiVersion": "2017-12-01"
              },
              {
                "profileVersion": "2020-09-01-hybrid",
                "apiVersion": "2020-06-01"
              }
            ],
            "capabilities": "None"
          },
          {
            "resourceType": "virtualMachineScaleSets/virtualMachines/networkInterfaces",
            "locations": [
              "East US",
              "East US 2",
              "West US",
              "Central US",
              "North Central US",
              "South Central US",
              "North Europe",
              "West Europe",
              "East Asia",
              "Southeast Asia",
              "Japan East",
              "Japan West",
              "Australia East",
              "Australia Southeast",
              "Australia Central",
              "Brazil South",
              "South India",
              "Central India",
              "West India",
              "Canada Central",
              "Canada East",
              "West US 2",
              "West Central US",
              "UK South",
              "UK West",
              "Korea Central",
              "Korea South",
              "France Central",
              "South Africa North",
              "UAE North",
              "Switzerland North",
              "Germany West Central",
              "Norway East",
              "Jio India West",
              "West US 3",
              "Sweden Central"
            ],
            "apiVersions": [
              "2022-03-01",
              "2021-11-01",
              "2021-07-01",
              "2021-04-01",
              "2021-03-01",
              "2020-12-01",
              "2020-06-01",
              "2019-12-01",
              "2019-07-01",
              "2019-03-01",
              "2018-10-01",
              "2018-06-01",
              "2018-04-01",
              "2017-12-01",
              "2017-03-30",
              "2016-09-01",
              "2016-08-01",
              "2016-07-01",
              "2016-06-01",
              "2016-04-30-preview",
              "2016-03-30",
              "2015-06-15",
              "2015-05-01-preview"
            ],
            "apiProfiles": [
              {
                "profileVersion": "2017-03-09-profile",
                "apiVersion": "2016-03-30"
              },
              {
                "profileVersion": "2018-03-01-hybrid",
                "apiVersion": "2017-03-30"
              },
              {
                "profileVersion": "2018-06-01-profile",
                "apiVersion": "2017-12-01"
              },
              {
                "profileVersion": "2019-03-01-hybrid",
                "apiVersion": "2017-12-01"
              },
              {
                "profileVersion": "2020-09-01-hybrid",
                "apiVersion": "2020-06-01"
              }
            ],
            "capabilities": "None"
          },
          {
            "resourceType": "virtualMachineScaleSets/publicIPAddresses",
            "locations": [
              "East US",
              "East US 2",
              "West US",
              "Central US",
              "North Central US",
              "South Central US",
              "North Europe",
              "West Europe",
              "East Asia",
              "Southeast Asia",
              "Japan East",
              "Japan West",
              "Australia East",
              "Australia Southeast",
              "Australia Central",
              "Brazil South",
              "South India",
              "Central India",
              "West India",
              "Canada Central",
              "Canada East",
              "West US 2",
              "West Central US",
              "UK South",
              "UK West",
              "Korea Central",
              "Korea South",
              "France Central",
              "South Africa North",
              "UAE North",
              "Switzerland North",
              "Germany West Central",
              "Norway East",
              "Jio India West",
              "West US 3",
              "Sweden Central"
            ],
            "apiVersions": [
              "2022-03-01",
              "2021-11-01",
              "2021-07-01",
              "2021-04-01",
              "2021-03-01",
              "2020-12-01",
              "2020-06-01",
              "2019-12-01",
              "2019-07-01",
              "2019-03-01",
              "2018-10-01",
              "2018-06-01",
              "2018-04-01",
              "2017-12-01",
              "2017-03-30"
            ],
            "apiProfiles": [
              {
                "profileVersion": "2018-03-01-hybrid",
                "apiVersion": "2017-03-30"
              },
              {
                "profileVersion": "2018-06-01-profile",
                "apiVersion": "2017-12-01"
              },
              {
                "profileVersion": "2019-03-01-hybrid",
                "apiVersion": "2017-12-01"
              },
              {
                "profileVersion": "2020-09-01-hybrid",
                "apiVersion": "2020-06-01"
              }
            ],
            "capabilities": "None"
          },
          {
            "resourceType": "locations",
            "locations": [],
            "apiVersions": [
              "2022-03-01",
              "2021-11-01",
              "2021-07-01",
              "2021-04-01",
              "2021-03-01",
              "2020-12-01",
              "2020-06-01",
              "2019-12-01",
              "2019-07-01",
              "2019-03-01",
              "2018-10-01",
              "2018-06-01",
              "2018-04-01",
              "2017-12-01",
              "2017-03-30",
              "2016-08-30",
              "2016-04-30-preview",
              "2016-03-30",
              "2015-06-15",
              "2015-05-01-preview"
            ],
            "capabilities": "None"
          },
          {
            "resourceType": "locations/operations",
            "locations": [
              "East US",
              "East US 2",
              "West US",
              "Central US",
              "North Central US",
              "South Central US",
              "North Europe",
              "West Europe",
              "East Asia",
              "Southeast Asia",
              "Japan East",
              "Japan West",
              "Australia East",
              "Australia Southeast",
              "Australia Central",
              "Brazil South",
              "South India",
              "Central India",
              "West India",
              "Canada Central",
              "Canada East",
              "West US 2",
              "West Central US",
              "UK South",
              "UK West",
              "Korea Central",
              "Korea South",
              "France Central",
              "South Africa North",
              "UAE North",
              "Switzerland North",
              "Germany West Central",
              "Norway East",
              "Jio India West",
              "West US 3",
              "Sweden Central"
            ],
            "apiVersions": [
              "2022-03-01",
              "2021-11-01",
              "2021-07-01",
              "2021-04-01",
              "2021-03-01",
              "2020-12-01",
              "2020-06-01",
              "2019-12-01",
              "2019-07-01",
              "2019-03-01",
              "2018-10-01",
              "2018-06-01",
              "2018-04-01",
              "2017-12-01",
              "2017-10-30-preview",
              "2017-03-30",
              "2016-08-30",
              "2016-04-30-preview",
              "2016-03-30",
              "2015-06-15",
              "2015-05-01-preview"
            ],
            "apiProfiles": [
              {
                "profileVersion": "2017-03-09-profile",
                "apiVersion": "2016-03-30"
              },
              {
                "profileVersion": "2018-03-01-hybrid",
                "apiVersion": "2017-03-30"
              },
              {
                "profileVersion": "2018-06-01-profile",
                "apiVersion": "2017-12-01"
              },
              {
                "profileVersion": "2019-03-01-hybrid",
                "apiVersion": "2017-12-01"
              },
              {
                "profileVersion": "2020-09-01-hybrid",
                "apiVersion": "2020-06-01"
              }
            ],
            "capabilities": "None"
          },
          {
            "resourceType": "locations/vmSizes",
            "locations": [
              "East US",
              "East US 2",
              "West US",
              "Central US",
              "North Central US",
              "South Central US",
              "North Europe",
              "West Europe",
              "East Asia",
              "Southeast Asia",
              "Japan East",
              "Japan West",
              "Australia East",
              "Australia Southeast",
              "Australia Central",
              "Brazil South",
              "South India",
              "Central India",
              "West India",
              "Canada Central",
              "Canada East",
              "West US 2",
              "West Central US",
              "UK South",
              "UK West",
              "Korea Central",
              "Korea South",
              "France Central",
              "South Africa North",
              "UAE North",
              "Switzerland North",
              "Germany West Central",
              "Norway East",
              "Jio India West",
              "West US 3",
              "Sweden Central"
            ],
            "apiVersions": [
              "2022-03-01",
              "2021-11-01",
              "2021-07-01",
              "2021-04-01",
              "2021-03-01",
              "2020-12-01",
              "2020-06-01",
              "2019-12-01",
              "2019-07-01",
              "2019-03-01",
              "2018-10-01",
              "2018-06-01",
              "2018-04-01",
              "2017-12-01",
              "2017-03-30",
              "2016-08-30",
              "2016-04-30-preview",
              "2016-03-30",
              "2015-06-15",
              "2015-05-01-preview"
            ],
            "apiProfiles": [
              {
                "profileVersion": "2017-03-09-profile",
                "apiVersion": "2016-03-30"
              },
              {
                "profileVersion": "2018-03-01-hybrid",
                "apiVersion": "2017-03-30"
              },
              {
                "profileVersion": "2018-06-01-profile",
                "apiVersion": "2017-12-01"
              },
              {
                "profileVersion": "2019-03-01-hybrid",
                "apiVersion": "2017-12-01"
              },
              {
                "profileVersion": "2020-09-01-hybrid",
                "apiVersion": "2020-06-01"
              }
            ],
            "capabilities": "None"
          },
          {
            "resourceType": "locations/runCommands",
            "locations": [
              "East US",
              "East US 2",
              "West US",
              "Central US",
              "North Central US",
              "South Central US",
              "North Europe",
              "West Europe",
              "East Asia",
              "Southeast Asia",
              "Japan East",
              "Japan West",
              "Australia East",
              "Australia Southeast",
              "Australia Central",
              "Brazil South",
              "South India",
              "Central India",
              "West India",
              "Canada Central",
              "Canada East",
              "West US 2",
              "West Central US",
              "UK South",
              "UK West",
              "Korea Central",
              "Korea South",
              "France Central",
              "South Africa North",
              "UAE North",
              "Switzerland North",
              "Germany West Central",
              "Norway East",
              "Jio India West",
              "West US 3",
              "Sweden Central"
            ],
            "apiVersions": [
              "2022-03-01",
              "2021-11-01",
              "2021-07-01",
              "2021-04-01",
              "2021-03-01",
              "2020-12-01",
              "2020-06-01",
              "2019-12-01",
              "2019-07-01",
              "2019-03-01",
              "2018-10-01",
              "2018-06-01",
              "2018-04-01",
              "2017-12-01",
              "2017-03-30"
            ],
            "apiProfiles": [
              {
                "profileVersion": "2018-03-01-hybrid",
                "apiVersion": "2017-03-30"
              },
              {
                "profileVersion": "2018-06-01-profile",
                "apiVersion": "2017-12-01"
              },
              {
                "profileVersion": "2019-03-01-hybrid",
                "apiVersion": "2017-12-01"
              },
              {
                "profileVersion": "2020-09-01-hybrid",
                "apiVersion": "2020-06-01"
              }
            ],
            "capabilities": "None"
          },
          {
            "resourceType": "locations/usages",
            "locations": [
              "East US",
              "East US 2",
              "West US",
              "Central US",
              "North Central US",
              "South Central US",
              "North Europe",
              "West Europe",
              "East Asia",
              "Southeast Asia",
              "Japan East",
              "Japan West",
              "Australia East",
              "Australia Southeast",
              "Australia Central",
              "Brazil South",
              "South India",
              "Central India",
              "West India",
              "Canada Central",
              "Canada East",
              "West US 2",
              "West Central US",
              "UK South",
              "UK West",
              "Korea Central",
              "Korea South",
              "France Central",
              "South Africa North",
              "UAE North",
              "Switzerland North",
              "Germany West Central",
              "Norway East",
              "Jio India West",
              "West US 3",
              "Sweden Central"
            ],
            "apiVersions": [
              "2022-03-01",
              "2021-11-01",
              "2021-07-01",
              "2021-04-01",
              "2021-03-01",
              "2020-12-01",
              "2020-06-01",
              "2019-12-01",
              "2019-07-01",
              "2019-03-01",
              "2018-10-01",
              "2018-06-01",
              "2018-04-01",
              "2017-12-01",
              "2017-03-30",
              "2016-08-30",
              "2016-04-30-preview",
              "2016-03-30",
              "2015-06-15",
              "2015-05-01-preview"
            ],
            "apiProfiles": [
              {
                "profileVersion": "2017-03-09-profile",
                "apiVersion": "2016-03-30"
              },
              {
                "profileVersion": "2018-03-01-hybrid",
                "apiVersion": "2017-03-30"
              },
              {
                "profileVersion": "2018-06-01-profile",
                "apiVersion": "2017-12-01"
              },
              {
                "profileVersion": "2019-03-01-hybrid",
                "apiVersion": "2017-12-01"
              },
              {
                "profileVersion": "2020-09-01-hybrid",
                "apiVersion": "2020-06-01"
              }
            ],
            "capabilities": "None"
          },
          {
            "resourceType": "locations/virtualMachines",
            "locations": [
              "East US",
              "East US 2",
              "West US",
              "Central US",
              "North Central US",
              "South Central US",
              "North Europe",
              "West Europe",
              "East Asia",
              "Southeast Asia",
              "Japan East",
              "Japan West",
              "Australia East",
              "Australia Southeast",
              "Australia Central",
              "Brazil South",
              "South India",
              "Central India",
              "West India",
              "Canada Central",
              "Canada East",
              "West US 2",
              "West Central US",
              "UK South",
              "UK West",
              "Korea Central",
              "Korea South",
              "France Central",
              "South Africa North",
              "UAE North",
              "Switzerland North",
              "Germany West Central",
              "Norway East",
              "Jio India West",
              "West US 3",
              "Sweden Central"
            ],
            "apiVersions": [
              "2022-03-01",
              "2021-11-01",
              "2021-07-01",
              "2021-04-01",
              "2021-03-01",
              "2020-12-01",
              "2020-06-01",
              "2019-12-01",
              "2019-07-01",
              "2019-03-01",
              "2018-10-01",
              "2018-06-01",
              "2018-04-01",
              "2017-12-01",
              "2017-03-30",
              "2016-08-30"
            ],
            "defaultApiVersion": "2021-07-01",
            "apiProfiles": [
              {
                "profileVersion": "2018-03-01-hybrid",
                "apiVersion": "2017-03-30"
              },
              {
                "profileVersion": "2018-06-01-profile",
                "apiVersion": "2017-12-01"
              },
              {
                "profileVersion": "2019-03-01-hybrid",
                "apiVersion": "2017-12-01"
              },
              {
                "profileVersion": "2020-09-01-hybrid",
                "apiVersion": "2020-06-01"
              }
            ],
            "capabilities": "None"
          },
          {
            "resourceType": "locations/virtualMachineScaleSets",
            "locations": [
              "East US",
              "East US 2",
              "West US",
              "Central US",
              "North Central US",
              "South Central US",
              "North Europe",
              "West Europe",
              "East Asia",
              "Southeast Asia",
              "Japan East",
              "Japan West",
              "Australia East",
              "Australia Southeast",
              "Australia Central",
              "Brazil South",
              "South India",
              "Central India",
              "West India",
              "Canada Central",
              "Canada East",
              "West US 2",
              "West Central US",
              "UK South",
              "UK West",
              "Korea Central",
              "Korea South",
              "France Central",
              "South Africa North",
              "UAE North",
              "Switzerland North",
              "Germany West Central",
              "Norway East",
              "Jio India West",
              "West US 3",
              "Sweden Central"
            ],
            "apiVersions": [
              "2022-03-01",
              "2021-11-01",
              "2021-07-01",
              "2021-04-01",
              "2021-03-01",
              "2020-12-01",
              "2020-06-01",
              "2019-12-01",
              "2019-07-01",
              "2019-03-01",
              "2018-10-01",
              "2018-06-01",
              "2018-04-01",
              "2017-12-01",
              "2017-03-30",
              "2016-08-30"
            ],
            "defaultApiVersion": "2021-07-01",
            "apiProfiles": [
              {
                "profileVersion": "2018-03-01-hybrid",
                "apiVersion": "2017-03-30"
              },
              {
                "profileVersion": "2018-06-01-profile",
                "apiVersion": "2017-12-01"
              },
              {
                "profileVersion": "2019-03-01-hybrid",
                "apiVersion": "2017-12-01"
              },
              {
                "profileVersion": "2020-09-01-hybrid",
                "apiVersion": "2020-06-01"
              }
            ],
            "capabilities": "None"
          },
          {
            "resourceType": "locations/publishers",
            "locations": [
              "East US",
              "East US 2",
              "West US",
              "Central US",
              "North Central US",
              "South Central US",
              "North Europe",
              "West Europe",
              "East Asia",
              "Southeast Asia",
              "Japan East",
              "Japan West",
              "Australia East",
              "Australia Southeast",
              "Australia Central",
              "Brazil South",
              "South India",
              "Central India",
              "West India",
              "Canada Central",
              "Canada East",
              "West US 2",
              "West Central US",
              "UK South",
              "UK West",
              "Korea Central",
              "Korea South",
              "France Central",
              "South Africa North",
              "UAE North",
              "Switzerland North",
              "Germany West Central",
              "Norway East",
              "Jio India West",
              "West US 3",
              "Sweden Central"
            ],
            "apiVersions": [
              "2022-03-03",
              "2022-03-01",
              "2022-01-03",
              "2021-11-01",
              "2021-07-01",
              "2021-04-01",
              "2021-03-01",
              "2020-12-01",
              "2020-09-30",
              "2020-06-01",
              "2019-12-01",
              "2019-07-01",
              "2019-03-01",
              "2018-10-01",
              "2018-06-01",
              "2018-04-01",
              "2017-12-01",
              "2017-03-30",
              "2016-08-30",
              "2016-04-30-preview",
              "2016-03-30",
              "2015-06-15",
              "2015-05-01-preview"
            ],
            "apiProfiles": [
              {
                "profileVersion": "2017-03-09-profile",
                "apiVersion": "2016-03-30"
              },
              {
                "profileVersion": "2018-03-01-hybrid",
                "apiVersion": "2017-03-30"
              },
              {
                "profileVersion": "2018-06-01-profile",
                "apiVersion": "2017-12-01"
              },
              {
                "profileVersion": "2019-03-01-hybrid",
                "apiVersion": "2017-12-01"
              },
              {
                "profileVersion": "2020-09-01-hybrid",
                "apiVersion": "2020-06-01"
              }
            ],
            "capabilities": "None"
          },
          {
            "resourceType": "operations",
            "locations": [
              "East US",
              "East US 2",
              "West US",
              "Central US",
              "North Central US",
              "South Central US",
              "North Europe",
              "West Europe",
              "East Asia",
              "Southeast Asia",
              "Japan East",
              "Japan West",
              "Australia East",
              "Australia Southeast",
              "Australia Central",
              "Brazil South",
              "South India",
              "Central India",
              "West India",
              "Canada Central",
              "Canada East",
              "West US 2",
              "West Central US",
              "UK South",
              "UK West",
              "Korea Central",
              "Korea South",
              "France Central",
              "South Africa North",
              "UAE North",
              "Switzerland North",
              "Germany West Central",
              "Norway East",
              "Jio India West",
              "West US 3",
              "Sweden Central"
            ],
            "apiVersions": [
              "2022-03-01",
              "2021-11-01",
              "2021-07-01",
              "2021-04-01",
              "2021-03-01",
              "2020-12-01",
              "2020-06-01",
              "2019-12-01",
              "2019-07-01",
              "2019-03-01",
              "2018-10-01",
              "2018-06-01",
              "2018-04-01",
              "2017-12-01",
              "2017-03-30",
              "2016-08-30",
              "2016-03-30",
              "2015-06-15",
              "2015-05-01-preview"
            ],
            "capabilities": "None"
          },
          {
            "resourceType": "virtualMachines/runCommands",
            "locations": [
              "East US",
              "East US 2",
              "West US",
              "Central US",
              "North Central US",
              "South Central US",
              "North Europe",
              "West Europe",
              "East Asia",
              "Southeast Asia",
              "Japan East",
              "Japan West",
              "Australia East",
              "Australia Southeast",
              "Australia Central",
              "Brazil South",
              "South India",
              "Central India",
              "West India",
              "Canada Central",
              "Canada East",
              "West US 2",
              "West Central US",
              "UK South",
              "UK West",
              "Korea Central",
              "Korea South",
              "France Central",
              "South Africa North",
              "UAE North",
              "Switzerland North",
              "Germany West Central",
              "Norway East",
              "Jio India West",
              "West US 3",
              "Sweden Central"
            ],
            "apiVersions": [
              "2022-03-01",
              "2021-11-01",
              "2021-07-01",
              "2021-04-01",
              "2021-03-01",
              "2020-12-01",
              "2020-06-01",
              "2019-12-01"
            ],
            "defaultApiVersion": "2021-07-01",
            "capabilities": "CrossResourceGroupResourceMove, CrossSubscriptionResourceMove, SupportsTags, SupportsLocation"
          },
          {
            "resourceType": "locations/edgeZones",
            "locations": [],
            "apiVersions": [
              "2022-03-01",
              "2021-11-01",
              "2021-07-01",
              "2021-04-01",
              "2021-03-01",
              "2020-12-01"
            ],
            "capabilities": "None"
          },
          {
            "resourceType": "locations/edgeZones/publishers",
            "locations": [
              "East US",
              "East US 2",
              "West US",
              "Central US",
              "North Central US",
              "South Central US",
              "North Europe",
              "West Europe",
              "East Asia",
              "Southeast Asia",
              "Japan East",
              "Japan West",
              "Australia East",
              "Australia Southeast",
              "Australia Central",
              "Brazil South",
              "South India",
              "Central India",
              "West India",
              "Canada Central",
              "Canada East",
              "West US 2",
              "West Central US",
              "UK South",
              "UK West",
              "Korea Central",
              "Korea South",
              "France Central",
              "South Africa North",
              "UAE North",
              "Switzerland North",
              "Germany West Central",
              "Norway East",
              "Jio India West",
              "West US 3",
              "Sweden Central"
            ],
            "apiVersions": [
              "2022-03-01",
              "2021-11-01",
              "2021-07-01",
              "2021-04-01",
              "2021-03-01",
              "2020-12-01"
            ],
            "capabilities": "None"
          },
          {
            "resourceType": "restorePointCollections",
            "locations": [
              "Southeast Asia",
              "East US 2",
              "Central US",
              "West Europe",
              "East US",
              "North Central US",
              "South Central US",
              "West US",
              "North Europe",
              "East Asia",
              "Brazil South",
              "West US 2",
              "West Central US",
              "UK West",
              "UK South",
              "Japan East",
              "Japan West",
              "Canada Central",
              "Canada East",
              "Central India",
              "South India",
              "Australia East",
              "Australia Southeast",
              "Korea Central",
              "Korea South",
              "West India",
              "France Central",
              "South Africa North",
              "UAE North",
              "Australia Central",
              "Switzerland North",
              "Germany West Central",
              "Norway East",
              "Jio India West",
              "West US 3",
              "Sweden Central"
            ],
            "apiVersions": [
              "2022-03-01",
              "2021-11-01",
              "2021-07-01",
              "2021-04-01",
              "2021-03-01",
              "2020-12-01",
              "2020-06-01",
              "2019-12-01",
              "2019-07-01",
              "2019-03-01",
              "2018-10-01",
              "2018-06-01",
              "2018-04-01",
              "2017-12-01",
              "2017-03-30"
            ],
            "defaultApiVersion": "2021-07-01",
            "capabilities": "SupportsTags, SupportsLocation"
          },
          {
            "resourceType": "restorePointCollections/restorePoints",
            "locations": [
              "Southeast Asia",
              "East US 2",
              "Central US",
              "West Europe",
              "East US",
              "North Central US",
              "South Central US",
              "West US",
              "North Europe",
              "East Asia",
              "Brazil South",
              "West US 2",
              "West Central US",
              "UK West",
              "UK South",
              "Japan East",
              "Japan West",
              "Canada Central",
              "Canada East",
              "Central India",
              "South India",
              "Australia East",
              "Australia Southeast",
              "Korea Central",
              "Korea South",
              "West India",
              "France Central",
              "South Africa North",
              "UAE North",
              "Australia Central",
              "Switzerland North",
              "Germany West Central",
              "Norway East",
              "Jio India West",
              "West US 3",
              "Sweden Central"
            ],
            "apiVersions": [
              "2022-03-01",
              "2021-11-01",
              "2021-07-01",
              "2021-04-01",
              "2021-03-01",
              "2020-12-01",
              "2020-06-01",
              "2019-12-01",
              "2019-07-01",
              "2019-03-01",
              "2018-10-01",
              "2018-06-01",
              "2018-04-01",
              "2017-12-01",
              "2017-03-30"
            ],
            "capabilities": "None"
          },
          {
            "resourceType": "proximityPlacementGroups",
            "locations": [
              "East US",
              "East US 2",
              "West US",
              "Central US",
              "North Central US",
              "South Central US",
              "North Europe",
              "West Europe",
              "East Asia",
              "Southeast Asia",
              "Japan East",
              "Japan West",
              "Australia East",
              "Australia Southeast",
              "Australia Central",
              "Brazil South",
              "South India",
              "Central India",
              "West India",
              "Canada Central",
              "Canada East",
              "West US 2",
              "West Central US",
              "UK South",
              "UK West",
              "Korea Central",
              "Korea South",
              "France Central",
              "South Africa North",
              "UAE North",
              "Switzerland North",
              "Germany West Central",
              "Norway East",
              "Jio India West",
              "West US 3",
              "Sweden Central"
            ],
            "apiVersions": [
              "2022-03-01",
              "2021-11-01",
              "2021-07-01",
              "2021-04-01",
              "2021-03-01",
              "2020-12-01",
              "2020-06-01",
              "2019-12-01",
              "2019-07-01",
              "2019-03-01",
              "2018-10-01",
              "2018-06-01",
              "2018-04-01"
            ],
            "defaultApiVersion": "2021-07-01",
            "zoneMappings": [
              {
                "location": "Australia East",
                "zones": [
                  "2",
                  "1",
                  "3"
                ]
              },
              {
                "location": "Brazil South",
                "zones": [
                  "2",
                  "1",
                  "3"
                ]
              },
              {
                "location": "Canada Central",
                "zones": [
                  "2",
                  "1",
                  "3"
                ]
              },
              {
                "location": "Central India",
                "zones": [
                  "2",
                  "1",
                  "3"
                ]
              },
              {
                "location": "Central US",
                "zones": [
                  "2",
                  "1",
                  "3"
                ]
              },
              {
                "location": "East Asia",
                "zones": [
                  "2",
                  "1",
                  "3"
                ]
              },
              {
                "location": "East US",
                "zones": [
                  "2",
                  "1",
                  "3"
                ]
              },
              {
                "location": "East US 2",
                "zones": [
                  "2",
                  "1",
                  "3"
                ]
              },
              {
                "location": "France Central",
                "zones": [
                  "2",
                  "1",
                  "3"
                ]
              },
              {
                "location": "Germany West Central",
                "zones": [
                  "2",
                  "1",
                  "3"
                ]
              },
              {
                "location": "Japan East",
                "zones": [
                  "2",
                  "1",
                  "3"
                ]
              },
              {
                "location": "Korea Central",
                "zones": [
                  "2",
                  "1",
                  "3"
                ]
              },
              {
                "location": "North Central US",
                "zones": []
              },
              {
                "location": "North Europe",
                "zones": [
                  "2",
                  "1",
                  "3"
                ]
              },
              {
                "location": "Norway East",
                "zones": [
                  "2",
                  "1",
                  "3"
                ]
              },
              {
                "location": "South Africa North",
                "zones": [
                  "2",
                  "1",
                  "3"
                ]
              },
              {
                "location": "South Central US",
                "zones": [
                  "2",
                  "1",
                  "3"
                ]
              },
              {
                "location": "Southeast Asia",
                "zones": [
                  "2",
                  "1",
                  "3"
                ]
              },
              {
                "location": "Sweden Central",
                "zones": [
                  "2",
                  "1",
                  "3"
                ]
              },
              {
                "location": "Switzerland North",
                "zones": [
                  "2",
                  "1",
                  "3"
                ]
              },
              {
                "location": "UAE North",
                "zones": []
              },
              {
                "location": "UK South",
                "zones": [
                  "2",
                  "1",
                  "3"
                ]
              },
              {
                "location": "West Europe",
                "zones": [
                  "2",
                  "1",
                  "3"
                ]
              },
              {
                "location": "West US 2",
                "zones": [
                  "2",
                  "1",
                  "3"
                ]
              },
              {
                "location": "West US 3",
                "zones": [
                  "2",
                  "1",
                  "3"
                ]
              }
            ],
            "capabilities": "CrossResourceGroupResourceMove, CrossSubscriptionResourceMove, SupportsTags, SupportsLocation"
          },
          {
            "resourceType": "sshPublicKeys",
            "locations": [
              "East US",
              "East US 2",
              "West US",
              "Central US",
              "North Central US",
              "South Central US",
              "North Europe",
              "West Europe",
              "East Asia",
              "Southeast Asia",
              "Japan East",
              "Japan West",
              "Australia East",
              "Australia Southeast",
              "Australia Central",
              "Brazil South",
              "South India",
              "Central India",
              "West India",
              "Canada Central",
              "Canada East",
              "West US 2",
              "West Central US",
              "UK South",
              "UK West",
              "Korea Central",
              "Korea South",
              "France Central",
              "South Africa North",
              "UAE North",
              "Switzerland North",
              "Germany West Central",
              "Norway East",
              "Jio India West",
              "West US 3",
              "Sweden Central"
            ],
            "apiVersions": [
              "2022-03-01",
              "2021-11-01",
              "2021-07-01",
              "2021-04-01",
              "2021-03-01",
              "2020-12-01",
              "2020-06-01",
              "2019-12-01"
            ],
            "defaultApiVersion": "2021-07-01",
            "capabilities": "SupportsTags, SupportsLocation"
          },
          {
            "resourceType": "capacityReservationGroups",
            "locations": [
              "East US",
              "East US 2",
              "West US",
              "Central US",
              "North Central US",
              "South Central US",
              "North Europe",
              "West Europe",
              "East Asia",
              "Southeast Asia",
              "Japan East",
              "Japan West",
              "Australia East",
              "Australia Southeast",
              "Australia Central",
              "Brazil South",
              "South India",
              "Central India",
              "West India",
              "Canada Central",
              "Canada East",
              "West US 2",
              "West Central US",
              "UK South",
              "UK West",
              "Korea Central",
              "Korea South",
              "France Central",
              "South Africa North",
              "UAE North",
              "Switzerland North",
              "Germany West Central",
              "Norway East",
              "Jio India West",
              "West US 3",
              "Sweden Central"
            ],
            "apiVersions": [
              "2022-03-01",
              "2021-11-01",
              "2021-07-01",
              "2021-04-01",
              "2021-03-01",
              "2020-12-01",
              "2020-06-01"
            ],
            "defaultApiVersion": "2021-07-01",
            "zoneMappings": [
              {
                "location": "Australia East",
                "zones": [
                  "2",
                  "1",
                  "3"
                ]
              },
              {
                "location": "Brazil South",
                "zones": [
                  "2",
                  "1",
                  "3"
                ]
              },
              {
                "location": "Canada Central",
                "zones": [
                  "2",
                  "1",
                  "3"
                ]
              },
              {
                "location": "Central India",
                "zones": [
                  "2",
                  "1",
                  "3"
                ]
              },
              {
                "location": "Central US",
                "zones": [
                  "2",
                  "1",
                  "3"
                ]
              },
              {
                "location": "East Asia",
                "zones": [
                  "2",
                  "1",
                  "3"
                ]
              },
              {
                "location": "East US",
                "zones": [
                  "2",
                  "1",
                  "3"
                ]
              },
              {
                "location": "East US 2",
                "zones": [
                  "2",
                  "1",
                  "3"
                ]
              },
              {
                "location": "France Central",
                "zones": [
                  "2",
                  "1",
                  "3"
                ]
              },
              {
                "location": "Germany West Central",
                "zones": [
                  "2",
                  "1",
                  "3"
                ]
              },
              {
                "location": "Japan East",
                "zones": [
                  "2",
                  "1",
                  "3"
                ]
              },
              {
                "location": "Korea Central",
                "zones": [
                  "2",
                  "1",
                  "3"
                ]
              },
              {
                "location": "North Central US",
                "zones": []
              },
              {
                "location": "North Europe",
                "zones": [
                  "2",
                  "1",
                  "3"
                ]
              },
              {
                "location": "Norway East",
                "zones": [
                  "2",
                  "1",
                  "3"
                ]
              },
              {
                "location": "South Africa North",
                "zones": [
                  "2",
                  "1",
                  "3"
                ]
              },
              {
                "location": "South Central US",
                "zones": [
                  "2",
                  "1",
                  "3"
                ]
              },
              {
                "location": "Southeast Asia",
                "zones": [
                  "2",
                  "1",
                  "3"
                ]
              },
              {
                "location": "Sweden Central",
                "zones": [
                  "2",
                  "1",
                  "3"
                ]
              },
              {
                "location": "Switzerland North",
                "zones": [
                  "2",
                  "1",
                  "3"
                ]
              },
              {
                "location": "UAE North",
                "zones": []
              },
              {
                "location": "UK South",
                "zones": [
                  "2",
                  "1",
                  "3"
                ]
              },
              {
                "location": "West Europe",
                "zones": [
                  "2",
                  "1",
                  "3"
                ]
              },
              {
                "location": "West US 2",
                "zones": [
                  "2",
                  "1",
                  "3"
                ]
              },
              {
                "location": "West US 3",
                "zones": [
                  "2",
                  "1",
                  "3"
                ]
              }
            ],
            "capabilities": "SupportsTags, SupportsLocation"
          },
          {
            "resourceType": "capacityReservationGroups/capacityReservations",
            "locations": [
              "East US",
              "East US 2",
              "West US",
              "Central US",
              "North Central US",
              "South Central US",
              "North Europe",
              "West Europe",
              "East Asia",
              "Southeast Asia",
              "Japan East",
              "Japan West",
              "Australia East",
              "Australia Southeast",
              "Australia Central",
              "Brazil South",
              "South India",
              "Central India",
              "West India",
              "Canada Central",
              "Canada East",
              "West US 2",
              "West Central US",
              "UK South",
              "UK West",
              "Korea Central",
              "Korea South",
              "France Central",
              "South Africa North",
              "UAE North",
              "Switzerland North",
              "Germany West Central",
              "Norway East",
              "Jio India West",
              "West US 3",
              "Sweden Central"
            ],
            "apiVersions": [
              "2022-03-01",
              "2021-11-01",
              "2021-07-01",
              "2021-04-01",
              "2021-03-01",
              "2020-12-01",
              "2020-06-01"
            ],
            "defaultApiVersion": "2021-07-01",
            "zoneMappings": [
              {
                "location": "Australia East",
                "zones": [
                  "2",
                  "1",
                  "3"
                ]
              },
              {
                "location": "Brazil South",
                "zones": [
                  "2",
                  "1",
                  "3"
                ]
              },
              {
                "location": "Canada Central",
                "zones": [
                  "2",
                  "1",
                  "3"
                ]
              },
              {
                "location": "Central India",
                "zones": [
                  "2",
                  "1",
                  "3"
                ]
              },
              {
                "location": "Central US",
                "zones": [
                  "2",
                  "1",
                  "3"
                ]
              },
              {
                "location": "East Asia",
                "zones": [
                  "2",
                  "1",
                  "3"
                ]
              },
              {
                "location": "East US",
                "zones": [
                  "2",
                  "1",
                  "3"
                ]
              },
              {
                "location": "East US 2",
                "zones": [
                  "2",
                  "1",
                  "3"
                ]
              },
              {
                "location": "France Central",
                "zones": [
                  "2",
                  "1",
                  "3"
                ]
              },
              {
                "location": "Germany West Central",
                "zones": [
                  "2",
                  "1",
                  "3"
                ]
              },
              {
                "location": "Japan East",
                "zones": [
                  "2",
                  "1",
                  "3"
                ]
              },
              {
                "location": "Korea Central",
                "zones": [
                  "2",
                  "1",
                  "3"
                ]
              },
              {
                "location": "North Central US",
                "zones": []
              },
              {
                "location": "North Europe",
                "zones": [
                  "2",
                  "1",
                  "3"
                ]
              },
              {
                "location": "Norway East",
                "zones": [
                  "2",
                  "1",
                  "3"
                ]
              },
              {
                "location": "South Africa North",
                "zones": [
                  "2",
                  "1",
                  "3"
                ]
              },
              {
                "location": "South Central US",
                "zones": [
                  "2",
                  "1",
                  "3"
                ]
              },
              {
                "location": "Southeast Asia",
                "zones": [
                  "2",
                  "1",
                  "3"
                ]
              },
              {
                "location": "Sweden Central",
                "zones": [
                  "2",
                  "1",
                  "3"
                ]
              },
              {
                "location": "Switzerland North",
                "zones": [
                  "2",
                  "1",
                  "3"
                ]
              },
              {
                "location": "UAE North",
                "zones": []
              },
              {
                "location": "UK South",
                "zones": [
                  "2",
                  "1",
                  "3"
                ]
              },
              {
                "location": "West Europe",
                "zones": [
                  "2",
                  "1",
                  "3"
                ]
              },
              {
                "location": "West US 2",
                "zones": [
                  "2",
                  "1",
                  "3"
                ]
              },
              {
                "location": "West US 3",
                "zones": [
                  "2",
                  "1",
                  "3"
                ]
              }
            ],
            "capabilities": "SupportsTags, SupportsLocation"
          },
          {
            "resourceType": "virtualMachines/metricDefinitions",
            "locations": [
              "East US",
              "East US 2",
              "West US",
              "Central US",
              "North Central US",
              "South Central US",
              "North Europe",
              "West Europe",
              "East Asia",
              "Southeast Asia",
              "Japan East",
              "Japan West",
              "Australia East",
              "Australia Southeast",
              "Australia Central",
              "Brazil South",
              "South India",
              "Central India",
              "West India",
              "Canada Central",
              "Canada East",
              "West US 2",
              "West Central US",
              "UK South",
              "UK West",
              "Korea Central",
              "Korea South",
              "France Central",
              "South Africa North",
              "UAE North",
              "Switzerland North",
              "Germany West Central",
              "Norway East",
              "West US 3",
              "Jio India West",
              "Sweden Central"
            ],
            "apiVersions": [
              "2014-04-01"
            ],
            "capabilities": "None"
          },
          {
            "resourceType": "locations/spotEvictionRates",
            "locations": [
              "East US",
              "East US 2",
              "West US",
              "Central US",
              "North Central US",
              "South Central US",
              "North Europe",
              "West Europe",
              "East Asia",
              "Southeast Asia",
              "Japan East",
              "Japan West",
              "Australia East",
              "Australia Southeast",
              "Australia Central",
              "Brazil South",
              "South India",
              "Central India",
              "West India",
              "Canada Central",
              "Canada East",
              "West US 2",
              "West Central US",
              "UK South",
              "UK West",
              "Korea Central",
              "Korea South",
              "France Central",
              "South Africa North",
              "UAE North",
              "Switzerland North",
              "Germany West Central",
              "Norway East",
              "Jio India West",
              "West US 3",
              "Sweden Central"
            ],
            "apiVersions": [
              "2022-03-01",
              "2021-11-01",
              "2021-07-01",
              "2021-04-01",
              "2021-03-01",
              "2020-12-01",
              "2020-06-01"
            ],
            "defaultApiVersion": "2021-07-01",
            "capabilities": "None"
          },
          {
            "resourceType": "locations/spotPriceHistory",
            "locations": [
              "East US",
              "East US 2",
              "West US",
              "Central US",
              "North Central US",
              "South Central US",
              "North Europe",
              "West Europe",
              "East Asia",
              "Southeast Asia",
              "Japan East",
              "Japan West",
              "Australia East",
              "Australia Southeast",
              "Australia Central",
              "Brazil South",
              "South India",
              "Central India",
              "West India",
              "Canada Central",
              "Canada East",
              "West US 2",
              "West Central US",
              "UK South",
              "UK West",
              "Korea Central",
              "Korea South",
              "France Central",
              "South Africa North",
              "UAE North",
              "Switzerland North",
              "Germany West Central",
              "Norway East",
              "Jio India West",
              "West US 3",
              "Sweden Central"
            ],
            "apiVersions": [
              "2022-03-01",
              "2021-11-01",
              "2021-07-01",
              "2021-04-01",
              "2021-03-01",
              "2020-12-01",
              "2020-06-01"
            ],
            "defaultApiVersion": "2021-07-01",
            "capabilities": "None"
          },
          {
            "resourceType": "locations/recommendations",
            "locations": [
              "East US",
              "East US 2",
              "West US",
              "Central US",
              "North Central US",
              "South Central US",
              "North Europe",
              "West Europe",
              "East Asia",
              "Southeast Asia",
              "Japan East",
              "Japan West",
              "Australia East",
              "Australia Southeast",
              "Australia Central",
              "Brazil South",
              "South India",
              "Central India",
              "West India",
              "Canada Central",
              "Canada East",
              "West US 2",
              "West Central US",
              "UK South",
              "UK West",
              "Korea Central",
              "Korea South",
              "France Central",
              "South Africa North",
              "UAE North",
              "Switzerland North",
              "Germany West Central",
              "Norway East",
              "Jio India West",
              "West US 3",
              "Sweden Central"
            ],
            "apiVersions": [
              "2022-03-01",
              "2021-11-01",
              "2021-07-01"
            ],
            "defaultApiVersion": "2021-07-01",
            "capabilities": "None"
          },
          {
            "resourceType": "locations/sharedGalleries",
            "locations": [
              "East US",
              "East US 2",
              "West US",
              "Central US",
              "North Central US",
              "South Central US",
              "North Europe",
              "West Europe",
              "East Asia",
              "Southeast Asia",
              "Japan East",
              "Japan West",
              "Australia East",
              "Australia Southeast",
              "Australia Central",
              "Brazil South",
              "South India",
              "Central India",
              "West India",
              "Canada Central",
              "Canada East",
              "West US 2",
              "West Central US",
              "UK South",
              "UK West",
              "Korea Central",
              "Korea South",
              "France Central",
              "South Africa North",
              "UAE North",
              "Switzerland North",
              "Germany West Central",
              "Norway East",
              "Jio India West",
              "West US 3",
              "Sweden Central"
            ],
            "apiVersions": [
              "2022-03-03",
              "2022-03-01",
              "2022-01-03",
              "2021-11-01",
              "2021-07-01",
              "2021-04-01",
              "2021-03-01",
              "2020-12-01",
              "2020-09-30",
              "2020-06-01",
              "2019-12-01",
              "2019-07-01",
              "2019-03-01",
              "2018-10-01",
              "2018-06-01",
              "2018-04-01",
              "2017-12-01",
              "2017-03-30",
              "2016-08-30",
              "2016-04-30-preview",
              "2016-03-30",
              "2015-06-15",
              "2015-05-01-preview"
            ],
            "apiProfiles": [
              {
                "profileVersion": "2017-03-09-profile",
                "apiVersion": "2016-03-30"
              },
              {
                "profileVersion": "2018-03-01-hybrid",
                "apiVersion": "2017-03-30"
              },
              {
                "profileVersion": "2018-06-01-profile",
                "apiVersion": "2017-12-01"
              },
              {
                "profileVersion": "2019-03-01-hybrid",
                "apiVersion": "2017-12-01"
              },
              {
                "profileVersion": "2020-09-01-hybrid",
                "apiVersion": "2020-06-01"
              }
            ],
            "capabilities": "None"
          },
          {
            "resourceType": "locations/communityGalleries",
            "locations": [
              "East US",
              "East US 2",
              "West US",
              "Central US",
              "North Central US",
              "South Central US",
              "North Europe",
              "West Europe",
              "East Asia",
              "Southeast Asia",
              "Japan East",
              "Japan West",
              "Australia East",
              "Australia Southeast",
              "Australia Central",
              "Brazil South",
              "South India",
              "Central India",
              "West India",
              "Canada Central",
              "Canada East",
              "West US 2",
              "West Central US",
              "UK South",
              "UK West",
              "Korea Central",
              "Korea South",
              "France Central",
              "South Africa North",
              "UAE North",
              "Switzerland North",
              "Germany West Central",
              "Norway East",
              "Jio India West",
              "West US 3",
              "Sweden Central"
            ],
            "apiVersions": [
              "2022-03-03",
              "2022-03-01",
              "2022-01-03",
              "2021-11-01",
              "2021-07-01",
              "2021-04-01",
              "2021-03-01",
              "2020-12-01",
              "2020-09-30",
              "2020-06-01",
              "2019-12-01",
              "2019-07-01",
              "2019-03-01",
              "2018-10-01",
              "2018-06-01",
              "2018-04-01",
              "2017-12-01",
              "2017-03-30",
              "2016-08-30",
              "2016-04-30-preview",
              "2016-03-30",
              "2015-06-15",
              "2015-05-01-preview"
            ],
            "apiProfiles": [
              {
                "profileVersion": "2017-03-09-profile",
                "apiVersion": "2016-03-30"
              },
              {
                "profileVersion": "2018-03-01-hybrid",
                "apiVersion": "2017-03-30"
              },
              {
                "profileVersion": "2018-06-01-profile",
                "apiVersion": "2017-12-01"
              },
              {
                "profileVersion": "2019-03-01-hybrid",
                "apiVersion": "2017-12-01"
              },
              {
                "profileVersion": "2020-09-01-hybrid",
                "apiVersion": "2020-06-01"
              }
            ],
            "capabilities": "None"
          },
          {
            "resourceType": "sharedVMImages",
            "locations": [
              "West Central US",
              "South Central US",
              "East US 2",
              "Southeast Asia",
              "West Europe",
              "West US",
              "East US",
              "Canada Central",
              "North Europe",
              "North Central US",
              "Brazil South",
              "UK West",
              "West India",
              "East Asia",
              "Australia East",
              "Japan East",
              "Korea South",
              "West US 2",
              "Canada East",
              "UK South",
              "Central India",
              "South India",
              "Australia Southeast",
              "Japan West",
              "Korea Central",
              "France Central",
              "Central US",
              "Australia Central"
            ],
            "apiVersions": [
              "2017-10-15-preview"
            ],
            "defaultApiVersion": "2017-10-15-preview",
            "capabilities": "SupportsTags, SupportsLocation"
          },
          {
            "resourceType": "sharedVMImages/versions",
            "locations": [
              "West Central US",
              "South Central US",
              "East US 2",
              "Southeast Asia",
              "West Europe",
              "West US",
              "East US",
              "Canada Central",
              "North Europe",
              "North Central US",
              "Brazil South",
              "UK West",
              "West India",
              "East Asia",
              "Australia East",
              "Japan East",
              "Korea South",
              "West US 2",
              "Canada East",
              "UK South",
              "Central India",
              "South India",
              "Australia Southeast",
              "Japan West",
              "Korea Central",
              "France Central",
              "Central US",
              "Australia Central"
            ],
            "apiVersions": [
              "2017-10-15-preview"
            ],
            "defaultApiVersion": "2017-10-15-preview",
            "capabilities": "SupportsTags, SupportsLocation"
          },
          {
            "resourceType": "locations/artifactPublishers",
            "locations": [
              "West Central US",
              "South Central US",
              "East US 2",
              "Southeast Asia",
              "West Europe",
              "West US",
              "East US",
              "Canada Central",
              "North Europe",
              "North Central US",
              "Brazil South",
              "UK West",
              "West India",
              "East Asia",
              "Australia East",
              "Japan East",
              "Korea South",
              "West US 2",
              "Canada East",
              "UK South",
              "Central India",
              "South India",
              "Australia Southeast",
              "Japan West",
              "Korea Central",
              "France Central",
              "Central US",
              "Australia Central"
            ],
            "apiVersions": [
              "2017-10-15-preview"
            ],
            "capabilities": "None"
          },
          {
            "resourceType": "locations/capsoperations",
            "locations": [
              "West Central US",
              "South Central US",
              "East US 2",
              "Southeast Asia",
              "West Europe",
              "West US",
              "East US",
              "Canada Central",
              "North Europe",
              "North Central US",
              "Brazil South",
              "UK West",
              "West India",
              "East Asia",
              "Australia East",
              "Japan East",
              "Korea South",
              "West US 2",
              "Canada East",
              "UK South",
              "Central India",
              "South India",
              "Australia Southeast",
              "Japan West",
              "Korea Central",
              "France Central",
              "Central US",
              "Australia Central",
              "South Africa North",
              "UAE North",
              "Switzerland North",
              "Germany West Central",
              "Norway East",
              "Jio India West",
              "West US 3",
              "Sweden Central"
            ],
            "apiVersions": [
              "2022-03-03",
              "2022-01-03",
              "2021-10-01",
              "2021-07-01",
              "2021-03-01",
              "2020-09-30",
              "2019-12-01",
              "2019-07-01",
              "2019-03-01",
              "2018-06-01",
              "2017-10-15-preview"
            ],
            "capabilities": "None"
          },
          {
            "resourceType": "galleries",
            "locations": [
              "West Central US",
              "South Central US",
              "East US 2",
              "Southeast Asia",
              "West Europe",
              "West US",
              "East US",
              "Canada Central",
              "North Europe",
              "North Central US",
              "Brazil South",
              "UK West",
              "West India",
              "East Asia",
              "Australia East",
              "Japan East",
              "Korea South",
              "West US 2",
              "Canada East",
              "UK South",
              "Central India",
              "South India",
              "Australia Southeast",
              "Japan West",
              "Korea Central",
              "France Central",
              "Central US",
              "Australia Central",
              "South Africa North",
              "UAE North",
              "Switzerland North",
              "Germany West Central",
              "Norway East",
              "Jio India West",
              "West US 3",
              "Sweden Central"
            ],
            "apiVersions": [
              "2022-03-03",
              "2022-01-03",
              "2021-10-01",
              "2021-07-01",
              "2021-03-01",
              "2020-09-30",
              "2019-12-01",
              "2019-07-01",
              "2019-03-01",
              "2018-06-01"
            ],
            "defaultApiVersion": "2018-06-01",
            "capabilities": "SupportsTags, SupportsLocation"
          },
          {
            "resourceType": "galleries/images",
            "locations": [
              "West Central US",
              "South Central US",
              "East US 2",
              "Southeast Asia",
              "West Europe",
              "West US",
              "East US",
              "Canada Central",
              "North Europe",
              "North Central US",
              "Brazil South",
              "UK West",
              "West India",
              "East Asia",
              "Australia East",
              "Japan East",
              "Korea South",
              "West US 2",
              "Canada East",
              "UK South",
              "Central India",
              "South India",
              "Australia Southeast",
              "Japan West",
              "Korea Central",
              "France Central",
              "Central US",
              "Australia Central",
              "South Africa North",
              "UAE North",
              "Switzerland North",
              "Germany West Central",
              "Norway East",
              "Jio India West",
              "West US 3",
              "Sweden Central"
            ],
            "apiVersions": [
              "2022-03-03",
              "2022-01-03",
              "2021-10-01",
              "2021-07-01",
              "2021-03-01",
              "2020-09-30",
              "2019-12-01",
              "2019-07-01",
              "2019-03-01",
              "2018-06-01"
            ],
            "defaultApiVersion": "2018-06-01",
            "capabilities": "SupportsTags, SupportsLocation"
          },
          {
            "resourceType": "galleries/images/versions",
            "locations": [
              "West Central US",
              "South Central US",
              "East US 2",
              "Southeast Asia",
              "West Europe",
              "West US",
              "East US",
              "Canada Central",
              "North Europe",
              "North Central US",
              "Brazil South",
              "UK West",
              "West India",
              "East Asia",
              "Australia East",
              "Japan East",
              "Korea South",
              "West US 2",
              "Canada East",
              "UK South",
              "Central India",
              "South India",
              "Australia Southeast",
              "Japan West",
              "Korea Central",
              "France Central",
              "Central US",
              "Australia Central",
              "South Africa North",
              "UAE North",
              "Switzerland North",
              "Germany West Central",
              "Norway East",
              "Jio India West",
              "West US 3",
              "Sweden Central"
            ],
            "apiVersions": [
              "2022-03-03",
              "2022-01-03",
              "2021-10-01",
              "2021-07-01",
              "2021-03-01",
              "2020-09-30",
              "2019-12-01",
              "2019-07-01",
              "2019-03-01",
              "2018-06-01"
            ],
            "defaultApiVersion": "2018-06-01",
            "capabilities": "SupportsTags, SupportsLocation"
          },
          {
            "resourceType": "locations/galleries",
            "locations": [
              "West Central US",
              "South Central US",
              "East US 2",
              "Southeast Asia",
              "West Europe",
              "West US",
              "East US",
              "Canada Central",
              "North Europe",
              "North Central US",
              "Brazil South",
              "UK West",
              "West India",
              "East Asia",
              "Australia East",
              "Japan East",
              "Korea South",
              "West US 2",
              "Canada East",
              "UK South",
              "Central India",
              "South India",
              "Australia Southeast",
              "Japan West",
              "Korea Central",
              "France Central",
              "Central US",
              "Australia Central",
              "South Africa North",
              "UAE North",
              "Switzerland North",
              "Germany West Central",
              "Norway East",
              "Jio India West",
              "West US 3",
              "Sweden Central"
            ],
            "apiVersions": [
              "2022-03-03",
              "2022-01-03",
              "2021-10-01",
              "2021-07-01",
              "2021-03-01",
              "2020-09-30",
              "2019-12-01",
              "2019-07-01",
              "2019-03-01",
              "2018-06-01"
            ],
            "defaultApiVersion": "2018-06-01",
            "capabilities": "None"
          },
          {
            "resourceType": "galleries/applications",
            "locations": [
              "West Central US",
              "South Central US",
              "East US 2",
              "Southeast Asia",
              "West Europe",
              "West US",
              "East US",
              "Canada Central",
              "North Europe",
              "North Central US",
              "Brazil South",
              "UK West",
              "West India",
              "East Asia",
              "Australia East",
              "Japan East",
              "Korea South",
              "West US 2",
              "Canada East",
              "UK South",
              "Central India",
              "South India",
              "Australia Southeast",
              "Japan West",
              "Korea Central",
              "France Central",
              "Central US",
              "Australia Central",
              "South Africa North",
              "UAE North",
              "Switzerland North",
              "Germany West Central",
              "Norway East",
              "Jio India West",
              "West US 3",
              "Sweden Central"
            ],
            "apiVersions": [
              "2022-03-03",
              "2022-01-03",
              "2021-10-01",
              "2021-07-01",
              "2021-03-01",
              "2020-09-30",
              "2019-12-01",
              "2019-07-01",
              "2019-03-01"
            ],
            "defaultApiVersion": "2019-03-01",
            "capabilities": "SupportsTags, SupportsLocation"
          },
          {
            "resourceType": "galleries/applications/versions",
            "locations": [
              "West Central US",
              "South Central US",
              "East US 2",
              "Southeast Asia",
              "West Europe",
              "West US",
              "East US",
              "Canada Central",
              "North Europe",
              "North Central US",
              "Brazil South",
              "UK West",
              "West India",
              "East Asia",
              "Australia East",
              "Japan East",
              "Korea South",
              "West US 2",
              "Canada East",
              "UK South",
              "Central India",
              "South India",
              "Australia Southeast",
              "Japan West",
              "Korea Central",
              "France Central",
              "Central US",
              "Australia Central",
              "South Africa North",
              "UAE North",
              "Switzerland North",
              "Germany West Central",
              "Norway East",
              "Jio India West",
              "West US 3",
              "Sweden Central"
            ],
            "apiVersions": [
              "2022-03-03",
              "2022-01-03",
              "2021-10-01",
              "2021-07-01",
              "2021-03-01",
              "2020-09-30",
              "2019-12-01",
              "2019-07-01",
              "2019-03-01"
            ],
            "defaultApiVersion": "2019-03-01",
            "capabilities": "SupportsTags, SupportsLocation"
          },
          {
            "resourceType": "disks",
            "locations": [
              "Southeast Asia",
              "East US 2",
              "Central US",
              "West Europe",
              "East US",
              "North Central US",
              "South Central US",
              "West US",
              "North Europe",
              "East Asia",
              "Brazil South",
              "West US 2",
              "West Central US",
              "UK West",
              "UK South",
              "Japan East",
              "Japan West",
              "Canada Central",
              "Canada East",
              "Central India",
              "South India",
              "Australia East",
              "Australia Southeast",
              "Korea Central",
              "Korea South",
              "West India",
              "France Central",
              "South Africa North",
              "UAE North",
              "Australia Central",
              "Switzerland North",
              "Germany West Central",
              "Norway East",
              "Jio India West",
              "West US 3",
              "Sweden Central"
            ],
            "apiVersions": [
              "2022-03-02",
              "2021-12-01",
              "2021-08-01",
              "2021-04-01",
              "2020-12-01",
              "2020-09-30",
              "2020-06-30",
              "2020-05-01",
              "2019-11-01",
              "2019-07-01",
              "2019-03-01",
              "2018-09-30",
              "2018-06-01",
              "2018-04-01",
              "2017-03-30",
              "2016-04-30-preview"
            ],
            "defaultApiVersion": "2021-08-01",
            "apiProfiles": [
              {
                "profileVersion": "2018-03-01-hybrid",
                "apiVersion": "2017-03-30"
              },
              {
                "profileVersion": "2018-06-01-profile",
                "apiVersion": "2018-04-01"
              }
            ],
            "zoneMappings": [
              {
                "location": "Australia East",
                "zones": [
                  "2",
                  "1",
                  "3"
                ]
              },
              {
                "location": "Brazil South",
                "zones": [
                  "2",
                  "1",
                  "3"
                ]
              },
              {
                "location": "Canada Central",
                "zones": [
                  "2",
                  "1",
                  "3"
                ]
              },
              {
                "location": "Central India",
                "zones": [
                  "2",
                  "1",
                  "3"
                ]
              },
              {
                "location": "Central US",
                "zones": [
                  "2",
                  "1",
                  "3"
                ]
              },
              {
                "location": "East Asia",
                "zones": [
                  "2",
                  "1",
                  "3"
                ]
              },
              {
                "location": "East US",
                "zones": [
                  "2",
                  "1",
                  "3"
                ]
              },
              {
                "location": "East US 2",
                "zones": [
                  "2",
                  "1",
                  "3"
                ]
              },
              {
                "location": "France Central",
                "zones": [
                  "2",
                  "1",
                  "3"
                ]
              },
              {
                "location": "Germany West Central",
                "zones": [
                  "2",
                  "1",
                  "3"
                ]
              },
              {
                "location": "Japan East",
                "zones": [
                  "2",
                  "1",
                  "3"
                ]
              },
              {
                "location": "Korea Central",
                "zones": [
                  "2",
                  "1",
                  "3"
                ]
              },
              {
                "location": "North Central US",
                "zones": []
              },
              {
                "location": "North Europe",
                "zones": [
                  "2",
                  "1",
                  "3"
                ]
              },
              {
                "location": "Norway East",
                "zones": [
                  "2",
                  "1",
                  "3"
                ]
              },
              {
                "location": "South Africa North",
                "zones": [
                  "2",
                  "1",
                  "3"
                ]
              },
              {
                "location": "South Central US",
                "zones": [
                  "2",
                  "1",
                  "3"
                ]
              },
              {
                "location": "Southeast Asia",
                "zones": [
                  "2",
                  "1",
                  "3"
                ]
              },
              {
                "location": "Sweden Central",
                "zones": [
                  "2",
                  "1",
                  "3"
                ]
              },
              {
                "location": "Switzerland North",
                "zones": [
                  "2",
                  "1",
                  "3"
                ]
              },
              {
                "location": "UAE North",
                "zones": []
              },
              {
                "location": "UK South",
                "zones": [
                  "2",
                  "1",
                  "3"
                ]
              },
              {
                "location": "West Europe",
                "zones": [
                  "2",
                  "1",
                  "3"
                ]
              },
              {
                "location": "West US 2",
                "zones": [
                  "2",
                  "1",
                  "3"
                ]
              },
              {
                "location": "West US 3",
                "zones": [
                  "2",
                  "1",
                  "3"
                ]
              }
            ],
            "capabilities": "CrossResourceGroupResourceMove, CrossSubscriptionResourceMove, SupportsTags, SupportsLocation"
          },
          {
            "resourceType": "snapshots",
            "locations": [
              "Southeast Asia",
              "East US 2",
              "Central US",
              "West Europe",
              "East US",
              "North Central US",
              "South Central US",
              "West US",
              "North Europe",
              "East Asia",
              "Brazil South",
              "West US 2",
              "West Central US",
              "UK West",
              "UK South",
              "Japan East",
              "Japan West",
              "Canada Central",
              "Canada East",
              "Central India",
              "South India",
              "Australia East",
              "Australia Southeast",
              "Korea Central",
              "Korea South",
              "West India",
              "France Central",
              "South Africa North",
              "UAE North",
              "Australia Central",
              "Switzerland North",
              "Germany West Central",
              "Norway East",
              "Jio India West",
              "West US 3",
              "Sweden Central"
            ],
            "apiVersions": [
              "2022-03-02",
              "2021-12-01",
              "2021-08-01",
              "2021-04-01",
              "2020-12-01",
              "2020-09-30",
              "2020-06-30",
              "2020-05-01",
              "2019-11-01",
              "2019-07-01",
              "2019-03-01",
              "2018-09-30",
              "2018-06-01",
              "2018-04-01",
              "2017-03-30",
              "2016-04-30-preview"
            ],
            "defaultApiVersion": "2021-08-01",
            "apiProfiles": [
              {
                "profileVersion": "2018-03-01-hybrid",
                "apiVersion": "2017-03-30"
              },
              {
                "profileVersion": "2018-06-01-profile",
                "apiVersion": "2018-04-01"
              }
            ],
            "capabilities": "CrossResourceGroupResourceMove, CrossSubscriptionResourceMove, SupportsTags, SupportsLocation"
          },
          {
            "resourceType": "locations/diskoperations",
            "locations": [
              "Southeast Asia",
              "East US 2",
              "Central US",
              "West Europe",
              "East US",
              "North Central US",
              "South Central US",
              "West US",
              "North Europe",
              "East Asia",
              "Brazil South",
              "West US 2",
              "West Central US",
              "UK West",
              "UK South",
              "Japan East",
              "Japan West",
              "Canada Central",
              "Canada East",
              "Central India",
              "South India",
              "Australia East",
              "Australia Southeast",
              "Korea Central",
              "Korea South",
              "West India",
              "France Central",
              "South Africa North",
              "UAE North",
              "Australia Central",
              "Switzerland North",
              "Germany West Central",
              "Norway East",
              "Jio India West",
              "West US 3",
              "Sweden Central"
            ],
            "apiVersions": [
              "2022-03-02",
              "2021-12-01",
              "2021-08-01",
              "2021-04-01",
              "2020-12-01",
              "2020-09-30",
              "2020-06-30",
              "2020-05-01",
              "2019-11-01",
              "2019-07-01",
              "2019-03-01",
              "2018-09-30",
              "2018-06-01",
              "2018-04-01",
              "2017-03-30",
              "2016-04-30-preview"
            ],
            "apiProfiles": [
              {
                "profileVersion": "2018-03-01-hybrid",
                "apiVersion": "2017-03-30"
              },
              {
                "profileVersion": "2018-06-01-profile",
                "apiVersion": "2018-04-01"
              }
            ],
            "capabilities": "None"
          },
          {
            "resourceType": "diskEncryptionSets",
            "locations": [
              "Southeast Asia",
              "East US 2",
              "Central US",
              "West Europe",
              "East US",
              "North Central US",
              "South Central US",
              "West US",
              "North Europe",
              "East Asia",
              "Brazil South",
              "West US 2",
              "West Central US",
              "UK West",
              "UK South",
              "Japan East",
              "Japan West",
              "Canada Central",
              "Canada East",
              "Central India",
              "South India",
              "Australia East",
              "Australia Southeast",
              "Korea Central",
              "Korea South",
              "West India",
              "France Central",
              "South Africa North",
              "UAE North",
              "Australia Central",
              "Switzerland North",
              "Germany West Central",
              "Norway East",
              "Jio India West",
              "West US 3",
              "Sweden Central"
            ],
            "apiVersions": [
              "2022-03-02",
              "2021-12-01",
              "2021-08-01",
              "2021-04-01",
              "2020-12-01",
              "2020-09-30",
              "2020-06-30",
              "2020-05-01",
              "2019-11-01",
              "2019-07-01"
            ],
            "defaultApiVersion": "2021-08-01",
            "capabilities": "SystemAssignedResourceIdentity, SupportsTags, SupportsLocation"
          },
          {
            "resourceType": "diskAccesses",
            "locations": [
              "Southeast Asia",
              "East US 2",
              "Central US",
              "West Europe",
              "East US",
              "North Central US",
              "South Central US",
              "West US",
              "North Europe",
              "East Asia",
              "Brazil South",
              "West US 2",
              "West Central US",
              "UK West",
              "UK South",
              "Japan East",
              "Japan West",
              "Canada Central",
              "Canada East",
              "Central India",
              "South India",
              "Australia East",
              "Australia Southeast",
              "Korea Central",
              "Korea South",
              "West India",
              "France Central",
              "South Africa North",
              "UAE North",
              "Australia Central",
              "Switzerland North",
              "Germany West Central",
              "Norway East",
              "Jio India West",
              "West US 3",
              "Sweden Central"
            ],
            "apiVersions": [
              "2022-03-02",
              "2021-12-01",
              "2021-08-01",
              "2021-04-01",
              "2020-12-01",
              "2020-09-30",
              "2020-06-30",
              "2020-05-01"
            ],
            "defaultApiVersion": "2021-08-01",
            "capabilities": "SupportsTags, SupportsLocation"
          },
          {
            "resourceType": "restorePointCollections/restorePoints/diskRestorePoints",
            "locations": [
              "Southeast Asia",
              "East US 2",
              "Central US",
              "West Europe",
              "East US",
              "North Central US",
              "South Central US",
              "West US",
              "North Europe",
              "East Asia",
              "Brazil South",
              "West US 2",
              "West Central US",
              "UK West",
              "UK South",
              "Japan East",
              "Japan West",
              "Canada Central",
              "Canada East",
              "Central India",
              "South India",
              "Australia East",
              "Australia Southeast",
              "Korea Central",
              "Korea South",
              "West India",
              "France Central",
              "South Africa North",
              "UAE North",
              "Australia Central",
              "Switzerland North",
              "Germany West Central",
              "Norway East",
              "Jio India West",
              "West US 3",
              "Sweden Central"
            ],
            "apiVersions": [
              "2022-03-02",
              "2021-12-01",
              "2021-08-01",
              "2021-04-01",
              "2020-12-01",
              "2020-09-30"
            ],
            "defaultApiVersion": "2021-08-01",
            "capabilities": "None"
          },
          {
            "resourceType": "cloudServices",
            "locations": [
              "Southeast Asia",
              "East US 2",
              "Central US",
              "West Europe",
              "East US",
              "North Central US",
              "South Central US",
              "West US",
              "North Europe",
              "East Asia",
              "Brazil South",
              "West US 2",
              "West Central US",
              "UK West",
              "UK South",
              "Japan East",
              "Japan West",
              "Canada Central",
              "Canada East",
              "Central India",
              "South India",
              "Australia East",
              "Australia Southeast",
              "Korea Central",
              "Korea South",
              "West India",
              "France Central",
              "South Africa North",
              "UAE North",
              "Australia Central",
              "Switzerland North",
              "Germany West Central",
              "Norway East",
              "Jio India West",
              "West US 3",
              "Sweden Central"
            ],
            "apiVersions": [
              "2022-04-04",
              "2021-03-01",
              "2020-10-01-preview"
            ],
            "defaultApiVersion": "2021-03-01",
            "zoneMappings": [
              {
                "location": "Australia East",
                "zones": [
                  "2",
                  "1",
                  "3"
                ]
              },
              {
                "location": "Brazil South",
                "zones": [
                  "2",
                  "1",
                  "3"
                ]
              },
              {
                "location": "Canada Central",
                "zones": [
                  "2",
                  "1",
                  "3"
                ]
              },
              {
                "location": "Central India",
                "zones": [
                  "2",
                  "1",
                  "3"
                ]
              },
              {
                "location": "Central US",
                "zones": [
                  "2",
                  "1",
                  "3"
                ]
              },
              {
                "location": "East Asia",
                "zones": [
                  "2",
                  "1",
                  "3"
                ]
              },
              {
                "location": "East US",
                "zones": [
                  "2",
                  "1",
                  "3"
                ]
              },
              {
                "location": "East US 2",
                "zones": [
                  "2",
                  "1",
                  "3"
                ]
              },
              {
                "location": "France Central",
                "zones": [
                  "2",
                  "1",
                  "3"
                ]
              },
              {
                "location": "Germany West Central",
                "zones": [
                  "2",
                  "1",
                  "3"
                ]
              },
              {
                "location": "Japan East",
                "zones": [
                  "2",
                  "1",
                  "3"
                ]
              },
              {
                "location": "Korea Central",
                "zones": [
                  "2",
                  "1",
                  "3"
                ]
              },
              {
                "location": "North Central US",
                "zones": []
              },
              {
                "location": "North Europe",
                "zones": [
                  "2",
                  "1",
                  "3"
                ]
              },
              {
                "location": "Norway East",
                "zones": [
                  "2",
                  "1",
                  "3"
                ]
              },
              {
                "location": "South Africa North",
                "zones": [
                  "2",
                  "1",
                  "3"
                ]
              },
              {
                "location": "South Central US",
                "zones": [
                  "2",
                  "1",
                  "3"
                ]
              },
              {
                "location": "Southeast Asia",
                "zones": [
                  "2",
                  "1",
                  "3"
                ]
              },
              {
                "location": "Sweden Central",
                "zones": [
                  "2",
                  "1",
                  "3"
                ]
              },
              {
                "location": "Switzerland North",
                "zones": [
                  "2",
                  "1",
                  "3"
                ]
              },
              {
                "location": "UAE North",
                "zones": []
              },
              {
                "location": "UK South",
                "zones": [
                  "2",
                  "1",
                  "3"
                ]
              },
              {
                "location": "West Europe",
                "zones": [
                  "2",
                  "1",
                  "3"
                ]
              },
              {
                "location": "West US 2",
                "zones": [
                  "2",
                  "1",
                  "3"
                ]
              },
              {
                "location": "West US 3",
                "zones": [
                  "2",
                  "1",
                  "3"
                ]
              }
            ],
            "capabilities": "SupportsTags, SupportsLocation"
          },
          {
            "resourceType": "cloudServices/roles",
            "locations": [
              "Southeast Asia",
              "East US 2",
              "Central US",
              "West Europe",
              "East US",
              "North Central US",
              "South Central US",
              "West US",
              "North Europe",
              "East Asia",
              "Brazil South",
              "West US 2",
              "West Central US",
              "UK West",
              "UK South",
              "Japan East",
              "Japan West",
              "Canada Central",
              "Canada East",
              "Central India",
              "South India",
              "Australia East",
              "Australia Southeast",
              "Korea Central",
              "Korea South",
              "West India",
              "France Central",
              "South Africa North",
              "UAE North",
              "Australia Central",
              "Switzerland North",
              "Germany West Central",
              "Norway East",
              "Jio India West",
              "West US 3",
              "Sweden Central"
            ],
            "apiVersions": [
              "2022-04-04",
              "2021-03-01",
              "2020-10-01-preview"
            ],
            "defaultApiVersion": "2021-03-01",
            "capabilities": "None"
          },
          {
            "resourceType": "cloudServices/roleInstances",
            "locations": [
              "Southeast Asia",
              "East US 2",
              "Central US",
              "West Europe",
              "East US",
              "North Central US",
              "South Central US",
              "West US",
              "North Europe",
              "East Asia",
              "Brazil South",
              "West US 2",
              "West Central US",
              "UK West",
              "UK South",
              "Japan East",
              "Japan West",
              "Canada Central",
              "Canada East",
              "Central India",
              "South India",
              "Australia East",
              "Australia Southeast",
              "Korea Central",
              "Korea South",
              "West India",
              "France Central",
              "South Africa North",
              "UAE North",
              "Australia Central",
              "Switzerland North",
              "Germany West Central",
              "Norway East",
              "Jio India West",
              "West US 3",
              "Sweden Central"
            ],
            "apiVersions": [
              "2022-04-04",
              "2021-03-01",
              "2020-10-01-preview"
            ],
            "defaultApiVersion": "2021-03-01",
            "capabilities": "None"
          },
          {
            "resourceType": "locations/csoperations",
            "locations": [
              "Southeast Asia",
              "East US 2",
              "Central US",
              "West Europe",
              "East US",
              "North Central US",
              "South Central US",
              "West US",
              "North Europe",
              "East Asia",
              "Brazil South",
              "West US 2",
              "West Central US",
              "UK West",
              "UK South",
              "Japan East",
              "Japan West",
              "Canada Central",
              "Canada East",
              "Central India",
              "South India",
              "Australia East",
              "Australia Southeast",
              "Korea Central",
              "Korea South",
              "West India",
              "France Central",
              "South Africa North",
              "UAE North",
              "Australia Central",
              "Switzerland North",
              "Germany West Central",
              "Norway East",
              "Jio India West",
              "West US 3",
              "Sweden Central"
            ],
            "apiVersions": [
              "2022-04-04",
              "2021-03-01",
              "2020-10-01-preview"
            ],
            "capabilities": "None"
          },
          {
            "resourceType": "locations/cloudServiceOsVersions",
            "locations": [
              "Southeast Asia",
              "East US 2",
              "Central US",
              "West Europe",
              "East US",
              "North Central US",
              "South Central US",
              "West US",
              "North Europe",
              "East Asia",
              "Brazil South",
              "West US 2",
              "West Central US",
              "UK West",
              "UK South",
              "Japan East",
              "Japan West",
              "Canada Central",
              "Canada East",
              "Central India",
              "South India",
              "Australia East",
              "Australia Southeast",
              "Korea Central",
              "Korea South",
              "West India",
              "France Central",
              "South Africa North",
              "UAE North",
              "Australia Central",
              "Switzerland North",
              "Germany West Central",
              "Norway East",
              "Jio India West",
              "West US 3",
              "Sweden Central"
            ],
            "apiVersions": [
              "2022-04-04",
              "2021-03-01"
            ],
            "defaultApiVersion": "2021-03-01",
            "capabilities": "None"
          },
          {
            "resourceType": "locations/cloudServiceOsFamilies",
            "locations": [
              "Southeast Asia",
              "East US 2",
              "Central US",
              "West Europe",
              "East US",
              "North Central US",
              "South Central US",
              "West US",
              "North Europe",
              "East Asia",
              "Brazil South",
              "West US 2",
              "West Central US",
              "UK West",
              "UK South",
              "Japan East",
              "Japan West",
              "Canada Central",
              "Canada East",
              "Central India",
              "South India",
              "Australia East",
              "Australia Southeast",
              "Korea Central",
              "Korea South",
              "West India",
              "France Central",
              "South Africa North",
              "UAE North",
              "Australia Central",
              "Switzerland North",
              "Germany West Central",
              "Norway East",
              "Jio India West",
              "West US 3",
              "Sweden Central"
            ],
            "apiVersions": [
              "2022-04-04",
              "2021-03-01"
            ],
            "defaultApiVersion": "2021-03-01",
            "capabilities": "None"
          },
          {
            "resourceType": "cloudServices/networkInterfaces",
            "locations": [
              "Southeast Asia",
              "East US 2",
              "Central US",
              "West Europe",
              "East US",
              "North Central US",
              "South Central US",
              "West US",
              "North Europe",
              "East Asia",
              "Brazil South",
              "West US 2",
              "West Central US",
              "UK West",
              "UK South",
              "Japan East",
              "Japan West",
              "Canada Central",
              "Canada East",
              "Central India",
              "South India",
              "Australia East",
              "Australia Southeast",
              "Korea Central",
              "Korea South",
              "West India",
              "France Central",
              "South Africa North",
              "UAE North",
              "Australia Central",
              "Switzerland North",
              "Germany West Central",
              "Norway East",
              "Jio India West",
              "West US 3",
              "Sweden Central"
            ],
            "apiVersions": [
              "2021-03-01",
              "2020-10-01-preview"
            ],
            "capabilities": "None"
          },
          {
            "resourceType": "cloudServices/roleInstances/networkInterfaces",
            "locations": [
              "Southeast Asia",
              "East US 2",
              "Central US",
              "West Europe",
              "East US",
              "North Central US",
              "South Central US",
              "West US",
              "North Europe",
              "East Asia",
              "Brazil South",
              "West US 2",
              "West Central US",
              "UK West",
              "UK South",
              "Japan East",
              "Japan West",
              "Canada Central",
              "Canada East",
              "Central India",
              "South India",
              "Australia East",
              "Australia Southeast",
              "Korea Central",
              "Korea South",
              "West India",
              "France Central",
              "South Africa North",
              "UAE North",
              "Australia Central",
              "Switzerland North",
              "Germany West Central",
              "Norway East",
              "Jio India West",
              "West US 3",
              "Sweden Central"
            ],
            "apiVersions": [
              "2021-03-01",
              "2020-10-01-preview"
            ],
            "capabilities": "None"
          },
          {
            "resourceType": "cloudServices/publicIPAddresses",
            "locations": [
              "Southeast Asia",
              "East US 2",
              "Central US",
              "West Europe",
              "East US",
              "North Central US",
              "South Central US",
              "West US",
              "North Europe",
              "East Asia",
              "Brazil South",
              "West US 2",
              "West Central US",
              "UK West",
              "UK South",
              "Japan East",
              "Japan West",
              "Canada Central",
              "Canada East",
              "Central India",
              "South India",
              "Australia East",
              "Australia Southeast",
              "Korea Central",
              "Korea South",
              "West India",
              "France Central",
              "South Africa North",
              "UAE North",
              "Australia Central",
              "Switzerland North",
              "Germany West Central",
              "Norway East",
              "Jio India West",
              "West US 3",
              "Sweden Central"
            ],
            "apiVersions": [
              "2021-03-01",
              "2020-10-01-preview"
            ],
            "capabilities": "None"
          },
          {
            "resourceType": "images",
            "locations": [
              "Southeast Asia",
              "East US 2",
              "Central US",
              "West Europe",
              "East US",
              "North Central US",
              "South Central US",
              "West US",
              "North Europe",
              "East Asia",
              "Brazil South",
              "West US 2",
              "West Central US",
              "UK West",
              "UK South",
              "Japan East",
              "Japan West",
              "Canada Central",
              "Canada East",
              "Central India",
              "South India",
              "Australia East",
              "Australia Southeast",
              "Korea Central",
              "Korea South",
              "West India",
              "France Central",
              "South Africa North",
              "UAE North",
              "Australia Central",
              "Switzerland North",
              "Germany West Central",
              "Norway East",
              "Jio India West",
              "West US 3",
              "Sweden Central"
            ],
            "apiVersions": [
              "2022-03-01",
              "2021-11-01",
              "2021-07-01",
              "2021-04-01",
              "2021-03-01",
              "2020-12-01",
              "2020-06-01",
              "2019-12-01",
              "2019-07-01",
              "2019-03-01",
              "2018-10-01",
              "2018-06-01",
              "2018-04-01",
              "2017-12-01",
              "2017-03-30",
              "2016-08-30",
              "2016-04-30-preview"
            ],
            "defaultApiVersion": "2021-07-01",
            "apiProfiles": [
              {
                "profileVersion": "2018-03-01-hybrid",
                "apiVersion": "2017-03-30"
              },
              {
                "profileVersion": "2018-06-01-profile",
                "apiVersion": "2018-04-01"
              }
            ],
            "capabilities": "CrossResourceGroupResourceMove, CrossSubscriptionResourceMove, SupportsTags, SupportsLocation"
          },
          {
            "resourceType": "locations/diagnostics",
            "locations": [
              "West Central US",
              "Southeast Asia",
              "East US 2",
              "East US",
              "South Central US",
              "West Europe",
              "North Europe",
              "West US 2",
              "UK South",
              "Australia East",
              "South India",
              "Central India",
              "West India",
              "Korea Central",
              "Korea South",
              "Jio India West",
              "Japan West",
              "Japan East",
              "East Asia",
              "Canada Central",
              "Canada East",
              "South Africa North",
              "Central US",
              "West US 3",
              "West US",
              "UK West",
              "France Central",
              "UAE North",
              "Australia Central",
              "Australia Southeast",
              "Switzerland North",
              "Germany West Central",
              "Norway East",
              "North Central US",
              "Brazil South",
              "Sweden Central"
            ],
            "apiVersions": [
              "2021-06-01-preview"
            ],
            "defaultApiVersion": "2021-06-01-preview",
            "capabilities": "None"
          },
          {
            "resourceType": "locations/diagnosticOperations",
            "locations": [
              "West Central US",
              "Southeast Asia",
              "East US 2",
              "East US",
              "South Central US",
              "West Europe",
              "North Europe",
              "West US 2",
              "UK South",
              "Australia East",
              "South India",
              "Central India",
              "West India",
              "Korea Central",
              "Korea South",
              "Jio India West",
              "Japan West",
              "Japan East",
              "East Asia",
              "Canada Central",
              "Canada East",
              "South Africa North",
              "Central US",
              "West US 3",
              "West US",
              "UK West",
              "France Central",
              "UAE North",
              "Australia Central",
              "Australia Southeast",
              "Switzerland North",
              "Germany West Central",
              "Norway East",
              "North Central US",
              "Brazil South",
              "Sweden Central"
            ],
            "apiVersions": [
              "2021-06-01-preview"
            ],
            "defaultApiVersion": "2021-06-01-preview",
            "capabilities": "None"
          },
          {
            "resourceType": "locations/logAnalytics",
            "locations": [
              "East US",
              "East US 2",
              "West US",
              "Central US",
              "North Central US",
              "South Central US",
              "North Europe",
              "West Europe",
              "East Asia",
              "Southeast Asia",
              "Japan East",
              "Japan West",
              "Australia East",
              "Australia Southeast",
              "Australia Central",
              "Brazil South",
              "South India",
              "Central India",
              "West India",
              "Canada Central",
              "Canada East",
              "West US 2",
              "West Central US",
              "UK South",
              "UK West",
              "Korea Central",
              "Korea South",
              "France Central",
              "South Africa North",
              "UAE North",
              "Switzerland North",
              "Germany West Central",
              "Norway East",
              "Jio India West",
              "West US 3",
              "Sweden Central"
            ],
            "apiVersions": [
              "2022-03-01",
              "2021-11-01",
              "2021-07-01",
              "2021-04-01",
              "2021-03-01",
              "2020-12-01",
              "2020-06-01",
              "2019-12-01",
              "2019-07-01",
              "2019-03-01",
              "2018-10-01",
              "2018-06-01",
              "2018-04-01",
              "2017-12-01"
            ],
            "capabilities": "None"
          },
          {
            "resourceType": "hostGroups",
            "locations": [
              "Central US",
              "East US 2",
              "West Europe",
              "Southeast Asia",
              "France Central",
              "North Europe",
              "West US 2",
              "East US",
              "UK South",
              "Japan East",
              "Japan West",
              "East Asia",
              "North Central US",
              "South Central US",
              "Canada East",
              "Korea Central",
              "Brazil South",
              "UK West",
              "Canada Central",
              "West US",
              "West Central US",
              "Central India",
              "South India",
              "Australia Southeast",
              "Korea South",
              "West India",
              "South Africa North",
              "UAE North",
              "Australia Central",
              "Switzerland North",
              "Germany West Central",
              "Norway East",
              "Australia East",
              "Jio India West",
              "West US 3",
              "Sweden Central"
            ],
            "apiVersions": [
              "2022-03-01",
              "2021-11-01",
              "2021-07-01",
              "2021-04-01",
              "2021-03-01",
              "2020-12-01",
              "2020-06-01",
              "2019-12-01",
              "2019-07-01",
              "2019-03-01",
              "2018-10-01"
            ],
            "defaultApiVersion": "2021-07-01",
            "zoneMappings": [
              {
                "location": "Australia East",
                "zones": [
                  "2",
                  "1",
                  "3"
                ]
              },
              {
                "location": "Brazil South",
                "zones": [
                  "2",
                  "1",
                  "3"
                ]
              },
              {
                "location": "Canada Central",
                "zones": [
                  "2",
                  "1",
                  "3"
                ]
              },
              {
                "location": "Central India",
                "zones": [
                  "2",
                  "1",
                  "3"
                ]
              },
              {
                "location": "Central US",
                "zones": [
                  "2",
                  "1",
                  "3"
                ]
              },
              {
                "location": "East Asia",
                "zones": [
                  "2",
                  "1",
                  "3"
                ]
              },
              {
                "location": "East US",
                "zones": [
                  "2",
                  "1",
                  "3"
                ]
              },
              {
                "location": "East US 2",
                "zones": [
                  "2",
                  "1",
                  "3"
                ]
              },
              {
                "location": "France Central",
                "zones": [
                  "2",
                  "1",
                  "3"
                ]
              },
              {
                "location": "Germany West Central",
                "zones": [
                  "2",
                  "1",
                  "3"
                ]
              },
              {
                "location": "Japan East",
                "zones": [
                  "2",
                  "1",
                  "3"
                ]
              },
              {
                "location": "Korea Central",
                "zones": [
                  "2",
                  "1",
                  "3"
                ]
              },
              {
                "location": "North Central US",
                "zones": []
              },
              {
                "location": "North Europe",
                "zones": [
                  "2",
                  "1",
                  "3"
                ]
              },
              {
                "location": "Norway East",
                "zones": [
                  "2",
                  "1",
                  "3"
                ]
              },
              {
                "location": "South Africa North",
                "zones": [
                  "2",
                  "1",
                  "3"
                ]
              },
              {
                "location": "South Central US",
                "zones": [
                  "2",
                  "1",
                  "3"
                ]
              },
              {
                "location": "Southeast Asia",
                "zones": [
                  "2",
                  "1",
                  "3"
                ]
              },
              {
                "location": "Sweden Central",
                "zones": [
                  "2",
                  "1",
                  "3"
                ]
              },
              {
                "location": "Switzerland North",
                "zones": [
                  "2",
                  "1",
                  "3"
                ]
              },
              {
                "location": "UAE North",
                "zones": []
              },
              {
                "location": "UK South",
                "zones": [
                  "2",
                  "1",
                  "3"
                ]
              },
              {
                "location": "West Europe",
                "zones": [
                  "2",
                  "1",
                  "3"
                ]
              },
              {
                "location": "West US 2",
                "zones": [
                  "2",
                  "1",
                  "3"
                ]
              },
              {
                "location": "West US 3",
                "zones": [
                  "2",
                  "1",
                  "3"
                ]
              }
            ],
            "capabilities": "SupportsTags, SupportsLocation"
          },
          {
            "resourceType": "hostGroups/hosts",
            "locations": [
              "Central US",
              "East US 2",
              "West Europe",
              "Southeast Asia",
              "France Central",
              "North Europe",
              "West US 2",
              "East US",
              "UK South",
              "Japan East",
              "Japan West",
              "East Asia",
              "North Central US",
              "South Central US",
              "Canada East",
              "Korea Central",
              "Brazil South",
              "UK West",
              "Canada Central",
              "West US",
              "West Central US",
              "Central India",
              "South India",
              "Australia Southeast",
              "Korea South",
              "West India",
              "South Africa North",
              "UAE North",
              "Australia Central",
              "Switzerland North",
              "Germany West Central",
              "Norway East",
              "Australia East",
              "Jio India West",
              "West US 3",
              "Sweden Central"
            ],
            "apiVersions": [
              "2022-03-01",
              "2021-11-01",
              "2021-07-01",
              "2021-04-01",
              "2021-03-01",
              "2020-12-01",
              "2020-06-01",
              "2019-12-01",
              "2019-07-01",
              "2019-03-01",
              "2018-10-01"
            ],
            "defaultApiVersion": "2021-07-01",
            "zoneMappings": [
              {
                "location": "Australia East",
                "zones": [
                  "2",
                  "1",
                  "3"
                ]
              },
              {
                "location": "Brazil South",
                "zones": [
                  "2",
                  "1",
                  "3"
                ]
              },
              {
                "location": "Canada Central",
                "zones": [
                  "2",
                  "1",
                  "3"
                ]
              },
              {
                "location": "Central India",
                "zones": [
                  "2",
                  "1",
                  "3"
                ]
              },
              {
                "location": "Central US",
                "zones": [
                  "2",
                  "1",
                  "3"
                ]
              },
              {
                "location": "East Asia",
                "zones": [
                  "2",
                  "1",
                  "3"
                ]
              },
              {
                "location": "East US",
                "zones": [
                  "2",
                  "1",
                  "3"
                ]
              },
              {
                "location": "East US 2",
                "zones": [
                  "2",
                  "1",
                  "3"
                ]
              },
              {
                "location": "France Central",
                "zones": [
                  "2",
                  "1",
                  "3"
                ]
              },
              {
                "location": "Germany West Central",
                "zones": [
                  "2",
                  "1",
                  "3"
                ]
              },
              {
                "location": "Japan East",
                "zones": [
                  "2",
                  "1",
                  "3"
                ]
              },
              {
                "location": "Korea Central",
                "zones": [
                  "2",
                  "1",
                  "3"
                ]
              },
              {
                "location": "North Central US",
                "zones": []
              },
              {
                "location": "North Europe",
                "zones": [
                  "2",
                  "1",
                  "3"
                ]
              },
              {
                "location": "Norway East",
                "zones": [
                  "2",
                  "1",
                  "3"
                ]
              },
              {
                "location": "South Africa North",
                "zones": [
                  "2",
                  "1",
                  "3"
                ]
              },
              {
                "location": "South Central US",
                "zones": [
                  "2",
                  "1",
                  "3"
                ]
              },
              {
                "location": "Southeast Asia",
                "zones": [
                  "2",
                  "1",
                  "3"
                ]
              },
              {
                "location": "Sweden Central",
                "zones": [
                  "2",
                  "1",
                  "3"
                ]
              },
              {
                "location": "Switzerland North",
                "zones": [
                  "2",
                  "1",
                  "3"
                ]
              },
              {
                "location": "UAE North",
                "zones": []
              },
              {
                "location": "UK South",
                "zones": [
                  "2",
                  "1",
                  "3"
                ]
              },
              {
                "location": "West Europe",
                "zones": [
                  "2",
                  "1",
                  "3"
                ]
              },
              {
                "location": "West US 2",
                "zones": [
                  "2",
                  "1",
                  "3"
                ]
              },
              {
                "location": "West US 3",
                "zones": [
                  "2",
                  "1",
                  "3"
                ]
              }
            ],
            "capabilities": "SupportsTags, SupportsLocation"
          }
        ],
        "registrationState": "Registered",
        "registrationPolicy": "RegistrationRequired"
      }
    },
    {
      "RequestUri": "https://management.azure.com/subscriptions/db1ab6f0-4769-4b27-930e-01e2ef9c123c/resourceGroups/testrg2787/providers/Microsoft.Compute/availabilitySets/test-aset3754?api-version=2022-03-01",
      "RequestMethod": "PUT",
      "RequestHeaders": {
        "Accept": "application/json",
        "Authorization": "Sanitized",
        "Content-Length": "121",
        "Content-Type": "application/json",
        "traceparent": "00-381d9fb173b51548a650a6f8aa300a81-0afe2429ecd72d48-00",
        "User-Agent": "azsdk-net-ResourceManager/1.1.1-alpha.20220623.1 (.NET Framework 4.8.4510.0; Microsoft Windows 10.0.19044 )",
        "x-ms-client-request-id": "59b37e11b252e5fcd370b4a945ace70a",
        "x-ms-return-client-request-id": "true"
      },
      "RequestBody": {
        "properties": {
          "platformUpdateDomainCount": 5,
          "platformFaultDomainCount": 2
        },
        "sku": {
          "name": "Aligned"
        },
        "location": "westus2"
      },
      "StatusCode": 200,
      "ResponseHeaders": {
        "Cache-Control": "no-cache",
        "Content-Length": "393",
        "Content-Type": "application/json; charset=utf-8",
        "Date": "Thu, 23 Jun 2022 04:39:06 GMT",
        "Expires": "-1",
        "Pragma": "no-cache",
        "Server": [
          "Microsoft-HTTPAPI/2.0",
          "Microsoft-HTTPAPI/2.0"
        ],
        "Strict-Transport-Security": "max-age=31536000; includeSubDomains",
        "X-Content-Type-Options": "nosniff",
        "x-ms-client-request-id": "59b37e11b252e5fcd370b4a945ace70a",
        "x-ms-correlation-request-id": "8d2ac7ab-9102-42ad-a7c0-a71c9e636312",
        "x-ms-ratelimit-remaining-resource": "Microsoft.Compute/PutVM3Min;239,Microsoft.Compute/PutVM30Min;1194",
        "x-ms-ratelimit-remaining-subscription-writes": "1197",
        "x-ms-request-id": "4f70e790-ec89-4ffd-8a91-fb27810f21b9",
        "x-ms-routing-request-id": "SOUTHEASTASIA:20220623T043907Z:8d2ac7ab-9102-42ad-a7c0-a71c9e636312"
      },
      "ResponseBody": {
        "name": "test-aset3754",
        "id": "/subscriptions/db1ab6f0-4769-4b27-930e-01e2ef9c123c/resourceGroups/testrg2787/providers/Microsoft.Compute/availabilitySets/test-aset3754",
        "type": "Microsoft.Compute/availabilitySets",
        "location": "westus2",
        "properties": {
          "platformUpdateDomainCount": 5,
          "platformFaultDomainCount": 2
        },
        "sku": {
          "name": "Aligned"
        }
      }
    },
    {
      "RequestUri": "https://management.azure.com/subscriptions/db1ab6f0-4769-4b27-930e-01e2ef9c123c/resourceGroups/testrg2787/validateMoveResources?api-version=2019-10-01",
      "RequestMethod": "POST",
      "RequestHeaders": {
        "Accept": "application/json",
        "Authorization": "Sanitized",
        "Content-Length": "256",
        "Content-Type": "application/json",
        "traceparent": "00-f0a2c9c59cef7b4f86ba95ba6db35f0e-4e7d431162728749-00",
        "User-Agent": "azsdk-net-ResourceManager/1.1.1-alpha.20220623.1 (.NET Framework 4.8.4510.0; Microsoft Windows 10.0.19044 )",
        "x-ms-client-request-id": "e8d5404f7c5ba1ae0b3c8f8c04e4486a",
        "x-ms-return-client-request-id": "true"
      },
      "RequestBody": {
        "resources": [
          "/subscriptions/db1ab6f0-4769-4b27-930e-01e2ef9c123c/resourceGroups/testrg2787/providers/Microsoft.Compute/availabilitySets/test-aset3754"
        ],
        "targetResourceGroup": "/subscriptions/db1ab6f0-4769-4b27-930e-01e2ef9c123c/resourceGroups/testrg6506"
      },
      "StatusCode": 202,
      "ResponseHeaders": {
        "Cache-Control": "no-cache",
        "Content-Length": "0",
        "Date": "Thu, 23 Jun 2022 04:39:09 GMT",
        "Expires": "-1",
        "Location": "https://management.azure.com/subscriptions/db1ab6f0-4769-4b27-930e-01e2ef9c123c/operationresults/eyJqb2JJZCI6IlJFU09VUkNFQkFUQ0hNT1ZFSk9CLVRFU1RSRzI3ODctV0VTVFVTMi1WQUxJREFURSIsImpvYkxvY2F0aW9uIjoid2VzdHVzMiJ9?api-version=2019-10-01",
        "Pragma": "no-cache",
        "Retry-After": "15",
        "Strict-Transport-Security": "max-age=31536000; includeSubDomains",
        "X-Content-Type-Options": "nosniff",
        "x-ms-correlation-request-id": "900528da-20f0-48bb-b6d7-68317ab43c67",
        "x-ms-ratelimit-remaining-subscription-writes": "1199",
        "x-ms-request-id": "900528da-20f0-48bb-b6d7-68317ab43c67",
        "x-ms-routing-request-id": "SOUTHEASTASIA:20220623T043910Z:900528da-20f0-48bb-b6d7-68317ab43c67"
      },
      "ResponseBody": null
    },
    {
      "RequestUri": "https://management.azure.com/subscriptions/db1ab6f0-4769-4b27-930e-01e2ef9c123c/operationresults/eyJqb2JJZCI6IlJFU09VUkNFQkFUQ0hNT1ZFSk9CLVRFU1RSRzI3ODctV0VTVFVTMi1WQUxJREFURSIsImpvYkxvY2F0aW9uIjoid2VzdHVzMiJ9?api-version=2019-10-01",
      "RequestMethod": "GET",
      "RequestHeaders": {
        "Authorization": "Sanitized",
        "User-Agent": "azsdk-net-ResourceManager/1.1.1-alpha.20220623.1 (.NET Framework 4.8.4510.0; Microsoft Windows 10.0.19044 )",
        "x-ms-client-request-id": "0459d7f7fed77cae227ae48abfd35bc2",
        "x-ms-return-client-request-id": "true"
      },
      "RequestBody": null,
      "StatusCode": 202,
      "ResponseHeaders": {
        "Cache-Control": "no-cache",
        "Content-Length": "0",
        "Date": "Thu, 23 Jun 2022 04:39:10 GMT",
        "Expires": "-1",
        "Location": "https://management.azure.com/subscriptions/db1ab6f0-4769-4b27-930e-01e2ef9c123c/operationresults/eyJqb2JJZCI6IlJFU09VUkNFQkFUQ0hNT1ZFSk9CLVRFU1RSRzI3ODctV0VTVFVTMi1WQUxJREFURSIsImpvYkxvY2F0aW9uIjoid2VzdHVzMiJ9?api-version=2019-10-01",
        "Pragma": "no-cache",
        "Retry-After": "15",
        "Strict-Transport-Security": "max-age=31536000; includeSubDomains",
        "X-Content-Type-Options": "nosniff",
        "x-ms-correlation-request-id": "adb2828e-2149-4f47-8b87-be042f45eeee",
        "x-ms-ratelimit-remaining-subscription-reads": "11966",
        "x-ms-request-id": "adb2828e-2149-4f47-8b87-be042f45eeee",
        "x-ms-routing-request-id": "SOUTHEASTASIA:20220623T043910Z:adb2828e-2149-4f47-8b87-be042f45eeee"
      },
      "ResponseBody": null
    },
    {
      "RequestUri": "https://management.azure.com/subscriptions/db1ab6f0-4769-4b27-930e-01e2ef9c123c/operationresults/eyJqb2JJZCI6IlJFU09VUkNFQkFUQ0hNT1ZFSk9CLVRFU1RSRzI3ODctV0VTVFVTMi1WQUxJREFURSIsImpvYkxvY2F0aW9uIjoid2VzdHVzMiJ9?api-version=2019-10-01",
      "RequestMethod": "GET",
      "RequestHeaders": {
        "Authorization": "Sanitized",
        "User-Agent": "azsdk-net-ResourceManager/1.1.1-alpha.20220623.1 (.NET Framework 4.8.4510.0; Microsoft Windows 10.0.19044 )",
        "x-ms-client-request-id": "9958017b9ec646b5a812c908c9205bdd",
        "x-ms-return-client-request-id": "true"
      },
      "RequestBody": null,
      "StatusCode": 202,
      "ResponseHeaders": {
        "Cache-Control": "no-cache",
        "Content-Length": "0",
        "Date": "Thu, 23 Jun 2022 04:39:25 GMT",
        "Expires": "-1",
        "Location": "https://management.azure.com/subscriptions/db1ab6f0-4769-4b27-930e-01e2ef9c123c/operationresults/eyJqb2JJZCI6IlJFU09VUkNFQkFUQ0hNT1ZFSk9CLVRFU1RSRzI3ODctV0VTVFVTMi1WQUxJREFURSIsImpvYkxvY2F0aW9uIjoid2VzdHVzMiJ9?api-version=2019-10-01",
        "Pragma": "no-cache",
        "Retry-After": "15",
        "Strict-Transport-Security": "max-age=31536000; includeSubDomains",
        "X-Content-Type-Options": "nosniff",
        "x-ms-correlation-request-id": "6c71d7cd-f2a9-4f2c-8f85-fe1e259a5aec",
        "x-ms-ratelimit-remaining-subscription-reads": "11965",
        "x-ms-request-id": "6c71d7cd-f2a9-4f2c-8f85-fe1e259a5aec",
        "x-ms-routing-request-id": "SOUTHEASTASIA:20220623T043925Z:6c71d7cd-f2a9-4f2c-8f85-fe1e259a5aec"
      },
      "ResponseBody": null
    },
    {
      "RequestUri": "https://management.azure.com/subscriptions/db1ab6f0-4769-4b27-930e-01e2ef9c123c/operationresults/eyJqb2JJZCI6IlJFU09VUkNFQkFUQ0hNT1ZFSk9CLVRFU1RSRzI3ODctV0VTVFVTMi1WQUxJREFURSIsImpvYkxvY2F0aW9uIjoid2VzdHVzMiJ9?api-version=2019-10-01",
      "RequestMethod": "GET",
      "RequestHeaders": {
        "Authorization": "Sanitized",
        "User-Agent": "azsdk-net-ResourceManager/1.1.1-alpha.20220623.1 (.NET Framework 4.8.4510.0; Microsoft Windows 10.0.19044 )",
        "x-ms-client-request-id": "2c94b417448a779278b6b8ad240d034a",
        "x-ms-return-client-request-id": "true"
      },
      "RequestBody": null,
      "StatusCode": 202,
      "ResponseHeaders": {
        "Cache-Control": "no-cache",
        "Content-Length": "0",
        "Date": "Thu, 23 Jun 2022 04:39:40 GMT",
        "Expires": "-1",
        "Location": "https://management.azure.com/subscriptions/db1ab6f0-4769-4b27-930e-01e2ef9c123c/operationresults/eyJqb2JJZCI6IlJFU09VUkNFQkFUQ0hNT1ZFSk9CLVRFU1RSRzI3ODctV0VTVFVTMi1WQUxJREFURSIsImpvYkxvY2F0aW9uIjoid2VzdHVzMiJ9?api-version=2019-10-01",
        "Pragma": "no-cache",
        "Retry-After": "15",
        "Strict-Transport-Security": "max-age=31536000; includeSubDomains",
        "X-Content-Type-Options": "nosniff",
        "x-ms-correlation-request-id": "722e08cd-7b74-436c-9d6d-16154668ddcb",
        "x-ms-ratelimit-remaining-subscription-reads": "11964",
        "x-ms-request-id": "722e08cd-7b74-436c-9d6d-16154668ddcb",
        "x-ms-routing-request-id": "SOUTHEASTASIA:20220623T043941Z:722e08cd-7b74-436c-9d6d-16154668ddcb"
      },
      "ResponseBody": null
    },
    {
      "RequestUri": "https://management.azure.com/subscriptions/db1ab6f0-4769-4b27-930e-01e2ef9c123c/operationresults/eyJqb2JJZCI6IlJFU09VUkNFQkFUQ0hNT1ZFSk9CLVRFU1RSRzI3ODctV0VTVFVTMi1WQUxJREFURSIsImpvYkxvY2F0aW9uIjoid2VzdHVzMiJ9?api-version=2019-10-01",
      "RequestMethod": "GET",
      "RequestHeaders": {
        "Authorization": "Sanitized",
        "User-Agent": "azsdk-net-ResourceManager/1.1.1-alpha.20220623.1 (.NET Framework 4.8.4510.0; Microsoft Windows 10.0.19044 )",
        "x-ms-client-request-id": "4412eff68ad5591422125bc434a5b301",
        "x-ms-return-client-request-id": "true"
      },
      "RequestBody": null,
      "StatusCode": 202,
      "ResponseHeaders": {
        "Cache-Control": "no-cache",
        "Content-Length": "0",
        "Date": "Thu, 23 Jun 2022 04:39:56 GMT",
        "Expires": "-1",
        "Location": "https://management.azure.com/subscriptions/db1ab6f0-4769-4b27-930e-01e2ef9c123c/operationresults/eyJqb2JJZCI6IlJFU09VUkNFQkFUQ0hNT1ZFSk9CLVRFU1RSRzI3ODctV0VTVFVTMi1WQUxJREFURSIsImpvYkxvY2F0aW9uIjoid2VzdHVzMiJ9?api-version=2019-10-01",
        "Pragma": "no-cache",
        "Retry-After": "15",
        "Strict-Transport-Security": "max-age=31536000; includeSubDomains",
        "X-Content-Type-Options": "nosniff",
        "x-ms-correlation-request-id": "57dc43a9-a10e-46d0-afab-e83093087330",
        "x-ms-ratelimit-remaining-subscription-reads": "11963",
        "x-ms-request-id": "57dc43a9-a10e-46d0-afab-e83093087330",
        "x-ms-routing-request-id": "SOUTHEASTASIA:20220623T043956Z:57dc43a9-a10e-46d0-afab-e83093087330"
      },
      "ResponseBody": null
    },
    {
      "RequestUri": "https://management.azure.com/subscriptions/db1ab6f0-4769-4b27-930e-01e2ef9c123c/operationresults/eyJqb2JJZCI6IlJFU09VUkNFQkFUQ0hNT1ZFSk9CLVRFU1RSRzI3ODctV0VTVFVTMi1WQUxJREFURSIsImpvYkxvY2F0aW9uIjoid2VzdHVzMiJ9?api-version=2019-10-01",
      "RequestMethod": "GET",
      "RequestHeaders": {
        "Authorization": "Sanitized",
        "User-Agent": "azsdk-net-ResourceManager/1.1.1-alpha.20220623.1 (.NET Framework 4.8.4510.0; Microsoft Windows 10.0.19044 )",
        "x-ms-client-request-id": "0a72061e2f3f37386ee1210fe608229b",
        "x-ms-return-client-request-id": "true"
      },
      "RequestBody": null,
      "StatusCode": 202,
      "ResponseHeaders": {
        "Cache-Control": "no-cache",
        "Content-Length": "0",
        "Date": "Thu, 23 Jun 2022 04:40:11 GMT",
        "Expires": "-1",
        "Location": "https://management.azure.com/subscriptions/db1ab6f0-4769-4b27-930e-01e2ef9c123c/operationresults/eyJqb2JJZCI6IlJFU09VUkNFQkFUQ0hNT1ZFSk9CLVRFU1RSRzI3ODctV0VTVFVTMi1WQUxJREFURSIsImpvYkxvY2F0aW9uIjoid2VzdHVzMiJ9?api-version=2019-10-01",
        "Pragma": "no-cache",
        "Retry-After": "15",
        "Strict-Transport-Security": "max-age=31536000; includeSubDomains",
        "X-Content-Type-Options": "nosniff",
        "x-ms-correlation-request-id": "26f99cc4-93a0-4fa8-ab26-c0526f297451",
        "x-ms-ratelimit-remaining-subscription-reads": "11962",
        "x-ms-request-id": "26f99cc4-93a0-4fa8-ab26-c0526f297451",
        "x-ms-routing-request-id": "SOUTHEASTASIA:20220623T044012Z:26f99cc4-93a0-4fa8-ab26-c0526f297451"
      },
      "ResponseBody": null
    },
    {
      "RequestUri": "https://management.azure.com/subscriptions/db1ab6f0-4769-4b27-930e-01e2ef9c123c/operationresults/eyJqb2JJZCI6IlJFU09VUkNFQkFUQ0hNT1ZFSk9CLVRFU1RSRzI3ODctV0VTVFVTMi1WQUxJREFURSIsImpvYkxvY2F0aW9uIjoid2VzdHVzMiJ9?api-version=2019-10-01",
      "RequestMethod": "GET",
      "RequestHeaders": {
        "Authorization": "Sanitized",
        "User-Agent": "azsdk-net-ResourceManager/1.1.1-alpha.20220623.1 (.NET Framework 4.8.4510.0; Microsoft Windows 10.0.19044 )",
        "x-ms-client-request-id": "d9127e0f170e8c08a03b0a77e8cd42d2",
        "x-ms-return-client-request-id": "true"
      },
      "RequestBody": null,
      "StatusCode": 202,
      "ResponseHeaders": {
        "Cache-Control": "no-cache",
        "Content-Length": "0",
        "Date": "Thu, 23 Jun 2022 04:40:26 GMT",
        "Expires": "-1",
        "Location": "https://management.azure.com/subscriptions/db1ab6f0-4769-4b27-930e-01e2ef9c123c/operationresults/eyJqb2JJZCI6IlJFU09VUkNFQkFUQ0hNT1ZFSk9CLVRFU1RSRzI3ODctV0VTVFVTMi1WQUxJREFURSIsImpvYkxvY2F0aW9uIjoid2VzdHVzMiJ9?api-version=2019-10-01",
        "Pragma": "no-cache",
        "Retry-After": "15",
        "Strict-Transport-Security": "max-age=31536000; includeSubDomains",
        "X-Content-Type-Options": "nosniff",
        "x-ms-correlation-request-id": "e9317bf8-6f84-4c57-8170-69ae259077c0",
        "x-ms-ratelimit-remaining-subscription-reads": "11961",
        "x-ms-request-id": "e9317bf8-6f84-4c57-8170-69ae259077c0",
        "x-ms-routing-request-id": "SOUTHEASTASIA:20220623T044027Z:e9317bf8-6f84-4c57-8170-69ae259077c0"
      },
      "ResponseBody": null
    },
    {
      "RequestUri": "https://management.azure.com/subscriptions/db1ab6f0-4769-4b27-930e-01e2ef9c123c/operationresults/eyJqb2JJZCI6IlJFU09VUkNFQkFUQ0hNT1ZFSk9CLVRFU1RSRzI3ODctV0VTVFVTMi1WQUxJREFURSIsImpvYkxvY2F0aW9uIjoid2VzdHVzMiJ9?api-version=2019-10-01",
      "RequestMethod": "GET",
      "RequestHeaders": {
        "Authorization": "Sanitized",
        "User-Agent": "azsdk-net-ResourceManager/1.1.1-alpha.20220623.1 (.NET Framework 4.8.4510.0; Microsoft Windows 10.0.19044 )",
        "x-ms-client-request-id": "1d8eb602f99ac70bb7dad5f36904731a",
        "x-ms-return-client-request-id": "true"
      },
      "RequestBody": null,
      "StatusCode": 202,
      "ResponseHeaders": {
        "Cache-Control": "no-cache",
        "Content-Length": "0",
        "Date": "Thu, 23 Jun 2022 04:40:42 GMT",
        "Expires": "-1",
        "Location": "https://management.azure.com/subscriptions/db1ab6f0-4769-4b27-930e-01e2ef9c123c/operationresults/eyJqb2JJZCI6IlJFU09VUkNFQkFUQ0hNT1ZFSk9CLVRFU1RSRzI3ODctV0VTVFVTMi1WQUxJREFURSIsImpvYkxvY2F0aW9uIjoid2VzdHVzMiJ9?api-version=2019-10-01",
        "Pragma": "no-cache",
        "Retry-After": "15",
        "Strict-Transport-Security": "max-age=31536000; includeSubDomains",
        "X-Content-Type-Options": "nosniff",
        "x-ms-correlation-request-id": "6af64d96-9f1b-4ef9-9ea9-820b3c41afb8",
        "x-ms-ratelimit-remaining-subscription-reads": "11960",
        "x-ms-request-id": "6af64d96-9f1b-4ef9-9ea9-820b3c41afb8",
        "x-ms-routing-request-id": "SOUTHEASTASIA:20220623T044043Z:6af64d96-9f1b-4ef9-9ea9-820b3c41afb8"
      },
      "ResponseBody": null
    },
    {
      "RequestUri": "https://management.azure.com/subscriptions/db1ab6f0-4769-4b27-930e-01e2ef9c123c/operationresults/eyJqb2JJZCI6IlJFU09VUkNFQkFUQ0hNT1ZFSk9CLVRFU1RSRzI3ODctV0VTVFVTMi1WQUxJREFURSIsImpvYkxvY2F0aW9uIjoid2VzdHVzMiJ9?api-version=2019-10-01",
      "RequestMethod": "GET",
      "RequestHeaders": {
        "Authorization": "Sanitized",
        "User-Agent": "azsdk-net-ResourceManager/1.1.1-alpha.20220623.1 (.NET Framework 4.8.4510.0; Microsoft Windows 10.0.19044 )",
        "x-ms-client-request-id": "b5b5c0f0d99306f2fde6690324c04ea0",
        "x-ms-return-client-request-id": "true"
      },
      "RequestBody": null,
      "StatusCode": 202,
      "ResponseHeaders": {
        "Cache-Control": "no-cache",
        "Content-Length": "0",
        "Date": "Thu, 23 Jun 2022 04:40:59 GMT",
        "Expires": "-1",
        "Location": "https://management.azure.com/subscriptions/db1ab6f0-4769-4b27-930e-01e2ef9c123c/operationresults/eyJqb2JJZCI6IlJFU09VUkNFQkFUQ0hNT1ZFSk9CLVRFU1RSRzI3ODctV0VTVFVTMi1WQUxJREFURSIsImpvYkxvY2F0aW9uIjoid2VzdHVzMiJ9?api-version=2019-10-01",
        "Pragma": "no-cache",
        "Retry-After": "15",
        "Strict-Transport-Security": "max-age=31536000; includeSubDomains",
        "X-Content-Type-Options": "nosniff",
        "x-ms-correlation-request-id": "19abfd5a-9294-4049-a8b9-9059137cba16",
        "x-ms-ratelimit-remaining-subscription-reads": "11959",
        "x-ms-request-id": "19abfd5a-9294-4049-a8b9-9059137cba16",
        "x-ms-routing-request-id": "SOUTHEASTASIA:20220623T044059Z:19abfd5a-9294-4049-a8b9-9059137cba16"
      },
      "ResponseBody": null
    },
    {
      "RequestUri": "https://management.azure.com/subscriptions/db1ab6f0-4769-4b27-930e-01e2ef9c123c/operationresults/eyJqb2JJZCI6IlJFU09VUkNFQkFUQ0hNT1ZFSk9CLVRFU1RSRzI3ODctV0VTVFVTMi1WQUxJREFURSIsImpvYkxvY2F0aW9uIjoid2VzdHVzMiJ9?api-version=2019-10-01",
      "RequestMethod": "GET",
      "RequestHeaders": {
        "Authorization": "Sanitized",
        "User-Agent": "azsdk-net-ResourceManager/1.1.1-alpha.20220623.1 (.NET Framework 4.8.4510.0; Microsoft Windows 10.0.19044 )",
        "x-ms-client-request-id": "2f0c4f9e04791500734a22334115239b",
        "x-ms-return-client-request-id": "true"
      },
      "RequestBody": null,
      "StatusCode": 202,
      "ResponseHeaders": {
        "Cache-Control": "no-cache",
        "Content-Length": "0",
        "Date": "Thu, 23 Jun 2022 04:41:31 GMT",
        "Expires": "-1",
        "Location": "https://management.azure.com/subscriptions/db1ab6f0-4769-4b27-930e-01e2ef9c123c/operationresults/eyJqb2JJZCI6IlJFU09VUkNFQkFUQ0hNT1ZFSk9CLVRFU1RSRzI3ODctV0VTVFVTMi1WQUxJREFURSIsImpvYkxvY2F0aW9uIjoid2VzdHVzMiJ9?api-version=2019-10-01",
        "Pragma": "no-cache",
        "Retry-After": "15",
        "Strict-Transport-Security": "max-age=31536000; includeSubDomains",
        "X-Content-Type-Options": "nosniff",
        "x-ms-correlation-request-id": "dfc44b73-dd3f-41a6-99fa-ece36b21de04",
        "x-ms-ratelimit-remaining-subscription-reads": "11958",
        "x-ms-request-id": "dfc44b73-dd3f-41a6-99fa-ece36b21de04",
        "x-ms-routing-request-id": "SOUTHEASTASIA:20220623T044131Z:dfc44b73-dd3f-41a6-99fa-ece36b21de04"
      },
      "ResponseBody": null
    },
    {
      "RequestUri": "https://management.azure.com/subscriptions/db1ab6f0-4769-4b27-930e-01e2ef9c123c/operationresults/eyJqb2JJZCI6IlJFU09VUkNFQkFUQ0hNT1ZFSk9CLVRFU1RSRzI3ODctV0VTVFVTMi1WQUxJREFURSIsImpvYkxvY2F0aW9uIjoid2VzdHVzMiJ9?api-version=2019-10-01",
      "RequestMethod": "GET",
      "RequestHeaders": {
        "Authorization": "Sanitized",
        "User-Agent": "azsdk-net-ResourceManager/1.1.1-alpha.20220623.1 (.NET Framework 4.8.4510.0; Microsoft Windows 10.0.19044 )",
        "x-ms-client-request-id": "2887f0c88d18293ec48720b48f07a2f7",
        "x-ms-return-client-request-id": "true"
      },
      "RequestBody": null,
      "StatusCode": 204,
      "ResponseHeaders": {
        "Cache-Control": "no-cache",
        "Date": "Thu, 23 Jun 2022 04:42:04 GMT",
        "Expires": "-1",
        "Pragma": "no-cache",
        "Strict-Transport-Security": "max-age=31536000; includeSubDomains",
        "X-Content-Type-Options": "nosniff",
        "x-ms-correlation-request-id": "eae7fb7e-deac-4a75-a567-6ef881903d14",
        "x-ms-ratelimit-remaining-subscription-reads": "11957",
        "x-ms-request-id": "eae7fb7e-deac-4a75-a567-6ef881903d14",
        "x-ms-routing-request-id": "SOUTHEASTASIA:20220623T044204Z:eae7fb7e-deac-4a75-a567-6ef881903d14"
      },
      "ResponseBody": null
    }
  ],
  "Variables": {
    "RandomSeed": "1884611711",
    "RESOURCE_MANAGER_URL": "https://management.azure.com/",
    "SUBSCRIPTION_ID": "db1ab6f0-4769-4b27-930e-01e2ef9c123c"
  }
}
