{
  "Entries": [
    {
      "RequestUri": "/subscriptions/0e5a46b1-de0b-4ec3-a5d7-dda908b4e076/resourcegroups/dnsresolvertestrg5738?api-version=2015-11-01",
      "EncodedRequestUri": "L3N1YnNjcmlwdGlvbnMvMGU1YTQ2YjEtZGUwYi00ZWMzLWE1ZDctZGRhOTA4YjRlMDc2L3Jlc291cmNlZ3JvdXBzL2Ruc3Jlc29sdmVydGVzdHJnNTczOD9hcGktdmVyc2lvbj0yMDE1LTExLTAx",
      "RequestMethod": "PUT",
      "RequestBody": "{\r\n  \"location\": \"Central US\"\r\n}",
      "RequestHeaders": {
        "x-ms-client-request-id": [
          "c631ea38-b919-4245-ba93-13a59913e4d7"
        ],
        "Accept-Language": [
          "en-US"
        ],
        "User-Agent": [
          "FxVersion/4.6.29719.03",
          "OSName/Windows",
          "OSVersion/Microsoft.Windows.10.0.19042.",
          "Microsoft.Azure.Management.Resources.ResourceManagementClient/1.0.0.0"
        ],
        "Content-Type": [
          "application/json; charset=utf-8"
        ],
        "Content-Length": [
          "32"
        ]
      },
      "ResponseHeaders": {
        "Cache-Control": [
          "no-cache"
        ],
        "Pragma": [
          "no-cache"
        ],
        "x-ms-ratelimit-remaining-subscription-writes": [
          "1199"
        ],
        "x-ms-request-id": [
          "27d658f0-73d8-47fa-bf91-2a563df63ddd"
        ],
        "x-ms-correlation-request-id": [
          "27d658f0-73d8-47fa-bf91-2a563df63ddd"
        ],
        "x-ms-routing-request-id": [
          "NORTHEUROPE:20210226T032854Z:27d658f0-73d8-47fa-bf91-2a563df63ddd"
        ],
        "Strict-Transport-Security": [
          "max-age=31536000; includeSubDomains"
        ],
        "X-Content-Type-Options": [
          "nosniff"
        ],
        "Date": [
          "Fri, 26 Feb 2021 03:28:54 GMT"
        ],
        "Content-Length": [
          "198"
        ],
        "Content-Type": [
          "application/json; charset=utf-8"
        ],
        "Expires": [
          "-1"
        ]
      },
      "ResponseBody": "{\r\n  \"id\": \"/subscriptions/0e5a46b1-de0b-4ec3-a5d7-dda908b4e076/resourceGroups/dnsresolvertestrg5738\",\r\n  \"name\": \"dnsresolvertestrg5738\",\r\n  \"location\": \"centralus\",\r\n  \"properties\": {\r\n    \"provisioningState\": \"Succeeded\"\r\n  }\r\n}",
      "StatusCode": 201
    },
    {
      "RequestUri": "/subscriptions/0e5a46b1-de0b-4ec3-a5d7-dda908b4e076/resourceGroups/dnsresolvertestrg5738/providers/Microsoft.Network/virtualNetworks/dnsresolvertestvnet8234?api-version=2017-08-01",
      "EncodedRequestUri": "L3N1YnNjcmlwdGlvbnMvMGU1YTQ2YjEtZGUwYi00ZWMzLWE1ZDctZGRhOTA4YjRlMDc2L3Jlc291cmNlR3JvdXBzL2Ruc3Jlc29sdmVydGVzdHJnNTczOC9wcm92aWRlcnMvTWljcm9zb2Z0Lk5ldHdvcmsvdmlydHVhbE5ldHdvcmtzL2Ruc3Jlc29sdmVydGVzdHZuZXQ4MjM0P2FwaS12ZXJzaW9uPTIwMTctMDgtMDE=",
      "RequestMethod": "PUT",
      "RequestBody": "{\r\n  \"properties\": {\r\n    \"addressSpace\": {\r\n      \"addressPrefixes\": [\r\n        \"10.0.0.0/16\"\r\n      ]\r\n    },\r\n    \"subnets\": [\r\n      {\r\n        \"properties\": {\r\n          \"addressPrefix\": \"10.0.0.0/24\"\r\n        },\r\n        \"name\": \"Default\"\r\n      }\r\n    ]\r\n  },\r\n  \"location\": \"Central US\"\r\n}",
      "RequestHeaders": {
        "x-ms-client-request-id": [
          "b35b7179-4b0f-44c5-82d0-bc743a62efaa"
        ],
        "Accept-Language": [
          "en-US"
        ],
        "User-Agent": [
          "FxVersion/4.6.29719.03",
          "OSName/Windows",
          "OSVersion/Microsoft.Windows.10.0.19042.",
          "Microsoft.Azure.Management.Network.NetworkManagementClient/14.0.0.0"
        ],
        "Content-Type": [
          "application/json; charset=utf-8"
        ],
        "Content-Length": [
          "297"
        ]
      },
      "ResponseHeaders": {
        "Date": [
          "Fri, 26 Feb 2021 03:28:54 GMT"
        ],
        "Server": [
          "Kestrel"
        ],
        "x-ms-activity-id": [
          "13792c5f-0e65-4ad2-8694-138715e5701e"
        ],
        "Content-Type": [
          "application/json; charset=utf-8"
        ],
        "Content-Length": [
          "475"
        ]
      },
      "ResponseBody": "{\r\n  \"name\": \"dnsresolvertestvnet8234\",\r\n  \"id\": \"/subscriptions/0e5a46b1-de0b-4ec3-a5d7-dda908b4e076/resourceGroups/dnsresolvertestrg5738/providers/Microsoft.Network/virtualNetworks/dnsresolvertestvnet8234\",\r\n  \"etag\": \"be97c20f-85b5-40e3-9cfa-007f5129eba8\",\r\n  \"type\": \"Microsoft.Network/virtualNetworks\",\r\n  \"location\": \"Central US\",\r\n  \"tags\": null,\r\n  \"properties\": {\r\n    \"resourceGuid\": \"b60b9d0b-e78c-4c31-a68c-8971ac801d12\",\r\n    \"addressSpace\": {\r\n      \"addressPrefixes\": [\r\n        \"10.0.0.0/16\"\r\n      ]\r\n    },\r\n    \"provisioningState\": \"Succeeded\"\r\n  }\r\n}",
      "StatusCode": 200
    },
    {
      "RequestUri": "/subscriptions/0e5a46b1-de0b-4ec3-a5d7-dda908b4e076/resourceGroups/dnsresolvertestrg5738/providers/Microsoft.Network/dnsResolvers/dnsresolvertestresolver7639?api-version=2020-04-01-preview",
      "EncodedRequestUri": "L3N1YnNjcmlwdGlvbnMvMGU1YTQ2YjEtZGUwYi00ZWMzLWE1ZDctZGRhOTA4YjRlMDc2L3Jlc291cmNlR3JvdXBzL2Ruc3Jlc29sdmVydGVzdHJnNTczOC9wcm92aWRlcnMvTWljcm9zb2Z0Lk5ldHdvcmsvZG5zUmVzb2x2ZXJzL2Ruc3Jlc29sdmVydGVzdHJlc29sdmVyNzYzOT9hcGktdmVyc2lvbj0yMDIwLTA0LTAxLXByZXZpZXc=",
      "RequestMethod": "PUT",
      "RequestBody": "{\r\n  \"properties\": {\r\n    \"virtualNetwork\": {\r\n      \"id\": \"/subscriptions/0e5a46b1-de0b-4ec3-a5d7-dda908b4e076/resourceGroups/dnsresolvertestrg5738/providers/Microsoft.Network/virtualNetworks/dnsresolvertestvnet8234\"\r\n    }\r\n  },\r\n  \"location\": \"westus2\"\r\n}",
      "RequestHeaders": {
        "x-ms-client-request-id": [
          "907f9abf-eb16-4414-9dc9-50be3a21de2e"
        ],
        "Accept-Language": [
          "en-US"
        ],
        "User-Agent": [
          "FxVersion/4.6.29719.03",
          "OSName/Windows",
          "OSVersion/Microsoft.Windows.10.0.19042.",
          "Microsoft.Azure.Management.DnsResolver.DnsResolverManagementClient/1.0.0.0"
        ],
        "Content-Type": [
          "application/json; charset=utf-8"
        ],
        "Content-Length": [
          "258"
        ]
      },
      "ResponseHeaders": {
        "Cache-Control": [
          "no-cache"
        ],
        "Pragma": [
          "no-cache"
        ],
        "Location": [
          "https://api-dogfood.resources.windows-int.net/subscriptions/0e5a46b1-de0b-4ec3-a5d7-dda908b4e076/resourceGroups/dnsresolvertestrg5738/providers/Microsoft.Network/locations/westus2/dnsResolverOperationResults/eyJPcGVyYXRpb25UeXBlIjoiVXBzZXJ0RG5zUmVzb2x2ZXIiLCJPcGVyYXRpb25JZCI6IjMyYWI4ZjdiLWE4M2MtNGMwYS1iM2NjLTk2ZGZhZWE1MGNmMSJ9?api-version=2020-04-01-preview"
        ],
        "Retry-After": [
          "5"
        ],
        "x-ms-activity-id": [
          "24cb9cb3-524f-44dc-9f12-de1f42842f55"
        ],
        "Azure-AsyncOperation": [
          "https://api-dogfood.resources.windows-int.net/subscriptions/0e5a46b1-de0b-4ec3-a5d7-dda908b4e076/resourceGroups/dnsresolvertestrg5738/providers/Microsoft.Network/locations/westus2/dnsResolverOperationStatuses/eyJPcGVyYXRpb25UeXBlIjoiVXBzZXJ0RG5zUmVzb2x2ZXIiLCJPcGVyYXRpb25JZCI6IjMyYWI4ZjdiLWE4M2MtNGMwYS1iM2NjLTk2ZGZhZWE1MGNmMSJ9?api-version=2020-04-01-preview"
        ],
        "Server": [
          "Kestrel"
        ],
        "x-ms-ratelimit-remaining-subscription-resource-requests": [
          "11999"
        ],
        "x-ms-request-id": [
          "f1345a9d-4ee2-48cd-a01f-306b424ba069"
        ],
        "x-ms-correlation-request-id": [
          "f1345a9d-4ee2-48cd-a01f-306b424ba069"
        ],
        "x-ms-routing-request-id": [
          "NORTHEUROPE:20210226T032857Z:f1345a9d-4ee2-48cd-a01f-306b424ba069"
        ],
        "Strict-Transport-Security": [
          "max-age=31536000; includeSubDomains"
        ],
        "X-Content-Type-Options": [
          "nosniff"
        ],
        "Date": [
          "Fri, 26 Feb 2021 03:28:56 GMT"
        ],
        "Expires": [
          "-1"
        ],
        "Content-Length": [
          "0"
        ]
      },
      "ResponseBody": "",
      "StatusCode": 202
    },
    {
      "RequestUri": "/subscriptions/0e5a46b1-de0b-4ec3-a5d7-dda908b4e076/resourceGroups/dnsresolvertestrg5738/providers/Microsoft.Network/locations/westus2/dnsResolverOperationStatuses/eyJPcGVyYXRpb25UeXBlIjoiVXBzZXJ0RG5zUmVzb2x2ZXIiLCJPcGVyYXRpb25JZCI6IjMyYWI4ZjdiLWE4M2MtNGMwYS1iM2NjLTk2ZGZhZWE1MGNmMSJ9?api-version=2020-04-01-preview",
      "EncodedRequestUri": "L3N1YnNjcmlwdGlvbnMvMGU1YTQ2YjEtZGUwYi00ZWMzLWE1ZDctZGRhOTA4YjRlMDc2L3Jlc291cmNlR3JvdXBzL2Ruc3Jlc29sdmVydGVzdHJnNTczOC9wcm92aWRlcnMvTWljcm9zb2Z0Lk5ldHdvcmsvbG9jYXRpb25zL3dlc3R1czIvZG5zUmVzb2x2ZXJPcGVyYXRpb25TdGF0dXNlcy9leUpQY0dWeVlYUnBiMjVVZVhCbElqb2lWWEJ6WlhKMFJHNXpVbVZ6YjJ4MlpYSWlMQ0pQY0dWeVlYUnBiMjVKWkNJNklqTXlZV0k0WmpkaUxXRTRNMk10TkdNd1lTMWlNMk5qTFRrMlpHWmhaV0UxTUdObU1TSjk/YXBpLXZlcnNpb249MjAyMC0wNC0wMS1wcmV2aWV3",
      "RequestMethod": "GET",
      "RequestBody": "",
      "RequestHeaders": {
        "User-Agent": [
          "FxVersion/4.6.29719.03",
          "OSName/Windows",
          "OSVersion/Microsoft.Windows.10.0.19042.",
          "Microsoft.Azure.Management.DnsResolver.DnsResolverManagementClient/1.0.0.0"
        ]
      },
      "ResponseHeaders": {
        "Cache-Control": [
          "no-cache"
        ],
        "Pragma": [
          "no-cache"
        ],
        "x-ms-activity-id": [
          "dd328c1c-5518-4206-bd2d-a5e3c2bda232"
        ],
        "Server": [
          "Kestrel"
        ],
        "x-ms-ratelimit-remaining-subscription-resource-requests": [
          "499"
        ],
        "x-ms-request-id": [
          "9ca92414-aa6b-4269-a213-41995dd1adef"
        ],
        "x-ms-correlation-request-id": [
          "9ca92414-aa6b-4269-a213-41995dd1adef"
        ],
        "x-ms-routing-request-id": [
          "NORTHEUROPE:20210226T032902Z:9ca92414-aa6b-4269-a213-41995dd1adef"
        ],
        "Strict-Transport-Security": [
          "max-age=31536000; includeSubDomains"
        ],
        "X-Content-Type-Options": [
          "nosniff"
        ],
        "Date": [
          "Fri, 26 Feb 2021 03:29:02 GMT"
        ],
        "Content-Length": [
          "234"
        ],
        "Content-Type": [
          "application/json; charset=utf-8"
        ],
        "Expires": [
          "-1"
        ]
      },
      "ResponseBody": "{\r\n  \"id\": \"/operations/type/UpsertDnsResolver/id/32ab8f7b-a83c-4c0a-b3cc-96dfaea50cf1\",\r\n  \"name\": \"32ab8f7b-a83c-4c0a-b3cc-96dfaea50cf1\",\r\n  \"startTime\": \"2021-02-26T03:28:57Z\",\r\n  \"endTime\": \"2021-02-26T03:28:59Z\",\r\n  \"status\": \"Succeeded\"\r\n}",
      "StatusCode": 200
    },
    {
      "RequestUri": "/subscriptions/0e5a46b1-de0b-4ec3-a5d7-dda908b4e076/resourceGroups/dnsresolvertestrg5738/providers/Microsoft.Network/dnsResolvers/dnsresolvertestresolver7639?api-version=2020-04-01-preview",
      "EncodedRequestUri": "L3N1YnNjcmlwdGlvbnMvMGU1YTQ2YjEtZGUwYi00ZWMzLWE1ZDctZGRhOTA4YjRlMDc2L3Jlc291cmNlR3JvdXBzL2Ruc3Jlc29sdmVydGVzdHJnNTczOC9wcm92aWRlcnMvTWljcm9zb2Z0Lk5ldHdvcmsvZG5zUmVzb2x2ZXJzL2Ruc3Jlc29sdmVydGVzdHJlc29sdmVyNzYzOT9hcGktdmVyc2lvbj0yMDIwLTA0LTAxLXByZXZpZXc=",
      "RequestMethod": "GET",
      "RequestBody": "",
      "RequestHeaders": {
        "User-Agent": [
          "FxVersion/4.6.29719.03",
          "OSName/Windows",
          "OSVersion/Microsoft.Windows.10.0.19042.",
          "Microsoft.Azure.Management.DnsResolver.DnsResolverManagementClient/1.0.0.0"
        ]
      },
      "ResponseHeaders": {
        "Cache-Control": [
          "no-cache"
        ],
        "Pragma": [
          "no-cache"
        ],
        "x-ms-activity-id": [
          "94ff8f41-8ae3-4cac-b1c6-0eabcf82d15c"
        ],
        "Server": [
          "Kestrel"
        ],
        "x-ms-ratelimit-remaining-subscription-resource-requests": [
          "499"
        ],
        "x-ms-request-id": [
          "e159bfa2-317a-4e7c-8b6c-dea56b6d15db"
        ],
        "x-ms-correlation-request-id": [
          "e159bfa2-317a-4e7c-8b6c-dea56b6d15db"
        ],
        "x-ms-routing-request-id": [
          "NORTHEUROPE:20210226T032903Z:e159bfa2-317a-4e7c-8b6c-dea56b6d15db"
        ],
        "Strict-Transport-Security": [
          "max-age=31536000; includeSubDomains"
        ],
        "X-Content-Type-Options": [
          "nosniff"
        ],
        "Date": [
          "Fri, 26 Feb 2021 03:29:02 GMT"
        ],
        "Content-Length": [
          "641"
        ],
        "Content-Type": [
          "application/json; charset=utf-8"
        ],
        "Expires": [
          "-1"
        ]
      },
      "ResponseBody": "{\r\n  \"properties\": {\r\n    \"virtualNetwork\": {\r\n      \"id\": \"/subscriptions/0e5a46b1-de0b-4ec3-a5d7-dda908b4e076/resourceGroups/dnsresolvertestrg5738/providers/Microsoft.Network/virtualNetworks/dnsresolvertestvnet8234\"\r\n    },\r\n    \"dnsResolverState\": \"Connected\",\r\n    \"provisioningState\": \"Succeeded\",\r\n    \"resourceGuid\": \"d8e6d92d-d3dc-4dd3-b411-8ce2be33d0e1\"\r\n  },\r\n  \"etag\": \"\\\"8b00b570-0000-0800-0000-60386afb0000\\\"\",\r\n  \"location\": \"westus2\",\r\n  \"tags\": null,\r\n  \"id\": \"/subscriptions/0e5a46b1-de0b-4ec3-a5d7-dda908b4e076/resourceGroups/dnsresolvertestrg5738/providers/Microsoft.Network/dnsResolvers/dnsresolvertestresolver7639\",\r\n  \"name\": \"dnsresolvertestresolver7639\",\r\n  \"type\": \"Microsoft.Network/dnsResolvers\"\r\n}",
      "StatusCode": 200
    },
    {
      "RequestUri": "/subscriptions/0e5a46b1-de0b-4ec3-a5d7-dda908b4e076/resourceGroups/dnsresolvertestrg5738/providers/Microsoft.Network/virtualNetworks/dnsresolvertestvnet8234/subnets/dnsresolvertestsubnet5445?api-version=2017-08-01",
      "EncodedRequestUri": "L3N1YnNjcmlwdGlvbnMvMGU1YTQ2YjEtZGUwYi00ZWMzLWE1ZDctZGRhOTA4YjRlMDc2L3Jlc291cmNlR3JvdXBzL2Ruc3Jlc29sdmVydGVzdHJnNTczOC9wcm92aWRlcnMvTWljcm9zb2Z0Lk5ldHdvcmsvdmlydHVhbE5ldHdvcmtzL2Ruc3Jlc29sdmVydGVzdHZuZXQ4MjM0L3N1Ym5ldHMvZG5zcmVzb2x2ZXJ0ZXN0c3VibmV0NTQ0NT9hcGktdmVyc2lvbj0yMDE3LTA4LTAx",
      "RequestMethod": "PUT",
      "RequestBody": "{\r\n  \"properties\": {\r\n    \"addressPrefix\": \"10.0.0.0/24\"\r\n  },\r\n  \"name\": \"Default\"\r\n}",
      "RequestHeaders": {
        "x-ms-client-request-id": [
          "ccf81ceb-30a3-4104-b63e-3f10e1bfbd9f"
        ],
        "Accept-Language": [
          "en-US"
        ],
        "User-Agent": [
          "FxVersion/4.6.29719.03",
          "OSName/Windows",
          "OSVersion/Microsoft.Windows.10.0.19042.",
          "Microsoft.Azure.Management.Network.NetworkManagementClient/14.0.0.0"
        ],
        "Content-Type": [
          "application/json; charset=utf-8"
        ],
        "Content-Length": [
          "86"
        ]
      },
      "ResponseHeaders": {
        "Date": [
          "Fri, 26 Feb 2021 03:29:02 GMT"
        ],
        "Server": [
          "Kestrel"
        ],
        "x-ms-activity-id": [
          "0edaa302-f51f-46d0-a2ca-93dc569d1c6e"
        ],
        "Content-Type": [
          "application/json; charset=utf-8"
        ],
        "Content-Length": [
          "450"
        ]
      },
      "ResponseBody": "{\r\n  \"name\": \"dnsresolvertestsubnet5445\",\r\n  \"id\": \"/subscriptions/0e5a46b1-de0b-4ec3-a5d7-dda908b4e076/resourceGroups/dnsresolvertestrg5738/providers/Microsoft.Network/virtualNetworks/dnsresolvertestvnet8234/subnets/dnsresolvertestsubnet5445\",\r\n  \"etag\": \"e58f8b01-06e6-4fb5-a042-b408530c7767\",\r\n  \"type\": \"Microsoft.Network/virtualNetworks/subnets\",\r\n  \"properties\": {\r\n    \"addressPrefix\": \"10.0.0.0/24\",\r\n    \"addressPrefixes\": null,\r\n    \"delegations\": null,\r\n    \"provisioningState\": \"Succeeded\"\r\n  }\r\n}",
      "StatusCode": 200
    },
    {
      "RequestUri": "/subscriptions/0e5a46b1-de0b-4ec3-a5d7-dda908b4e076/resourceGroups/dnsresolvertestrg5738/providers/Microsoft.Network/dnsResolvers/dnsresolvertestresolver7639/inboundEndpoints/dnsresolvertestinboundendpoint6350?api-version=2020-04-01-preview",
      "EncodedRequestUri": "L3N1YnNjcmlwdGlvbnMvMGU1YTQ2YjEtZGUwYi00ZWMzLWE1ZDctZGRhOTA4YjRlMDc2L3Jlc291cmNlR3JvdXBzL2Ruc3Jlc29sdmVydGVzdHJnNTczOC9wcm92aWRlcnMvTWljcm9zb2Z0Lk5ldHdvcmsvZG5zUmVzb2x2ZXJzL2Ruc3Jlc29sdmVydGVzdHJlc29sdmVyNzYzOS9pbmJvdW5kRW5kcG9pbnRzL2Ruc3Jlc29sdmVydGVzdGluYm91bmRlbmRwb2ludDYzNTA/YXBpLXZlcnNpb249MjAyMC0wNC0wMS1wcmV2aWV3",
      "RequestMethod": "PUT",
      "RequestBody": "{\r\n  \"properties\": {\r\n    \"ipConfigurations\": [\r\n      {\r\n        \"subnet\": {\r\n          \"id\": \"/subscriptions/0e5a46b1-de0b-4ec3-a5d7-dda908b4e076/resourceGroups/dnsresolvertestrg5738/providers/Microsoft.Network/virtualNetworks/dnsresolvertestvnet8234/subnets/dnsresolvertestsubnet5445\"\r\n        },\r\n        \"privateIpAllocationMethod\": \"Static\"\r\n      }\r\n    ]\r\n  }\r\n}",
      "RequestHeaders": {
        "x-ms-client-request-id": [
          "b9a4ac3c-0f97-4889-a742-042b570b672e"
        ],
        "Accept-Language": [
          "en-US"
        ],
        "User-Agent": [
          "FxVersion/4.6.29719.03",
          "OSName/Windows",
          "OSVersion/Microsoft.Windows.10.0.19042.",
          "Microsoft.Azure.Management.DnsResolver.DnsResolverManagementClient/1.0.0.0"
        ],
        "Content-Type": [
          "application/json; charset=utf-8"
        ],
        "Content-Length": [
          "370"
        ]
      },
      "ResponseHeaders": {
        "Cache-Control": [
          "no-cache"
        ],
        "Pragma": [
          "no-cache"
        ],
        "Location": [
          "https://api-dogfood.resources.windows-int.net/subscriptions/0e5a46b1-de0b-4ec3-a5d7-dda908b4e076/resourceGroups/dnsresolvertestrg5738/providers/Microsoft.Network/locations/westus2/dnsResolverOperationResults/eyJPcGVyYXRpb25UeXBlIjoiVXBzZXJ0SW5ib3VuZEVuZHBvaW50IiwiT3BlcmF0aW9uSWQiOiI0MzE2M2IwMS0yOWYzLTRmNWItODZhZC1jYmI0ZjhmZjI4YjQifQ==?api-version=2020-04-01-preview"
        ],
        "Retry-After": [
          "5"
        ],
        "x-ms-activity-id": [
          "d53f7525-d658-48c8-9ee0-a1679eb72821"
        ],
        "Azure-AsyncOperation": [
          "https://api-dogfood.resources.windows-int.net/subscriptions/0e5a46b1-de0b-4ec3-a5d7-dda908b4e076/resourceGroups/dnsresolvertestrg5738/providers/Microsoft.Network/locations/westus2/dnsResolverOperationStatuses/eyJPcGVyYXRpb25UeXBlIjoiVXBzZXJ0SW5ib3VuZEVuZHBvaW50IiwiT3BlcmF0aW9uSWQiOiI0MzE2M2IwMS0yOWYzLTRmNWItODZhZC1jYmI0ZjhmZjI4YjQifQ==?api-version=2020-04-01-preview"
        ],
        "Server": [
          "Kestrel"
        ],
        "x-ms-ratelimit-remaining-subscription-resource-requests": [
          "11999"
        ],
        "x-ms-request-id": [
          "d582664e-ebe4-49d9-8d45-90d7051cd543"
        ],
        "x-ms-correlation-request-id": [
          "d582664e-ebe4-49d9-8d45-90d7051cd543"
        ],
        "x-ms-routing-request-id": [
          "NORTHEUROPE:20210226T032903Z:d582664e-ebe4-49d9-8d45-90d7051cd543"
        ],
        "Strict-Transport-Security": [
          "max-age=31536000; includeSubDomains"
        ],
        "X-Content-Type-Options": [
          "nosniff"
        ],
        "Date": [
          "Fri, 26 Feb 2021 03:29:03 GMT"
        ],
        "Expires": [
          "-1"
        ],
        "Content-Length": [
          "0"
        ]
      },
      "ResponseBody": "",
      "StatusCode": 202
    },
    {
      "RequestUri": "/subscriptions/0e5a46b1-de0b-4ec3-a5d7-dda908b4e076/resourceGroups/dnsresolvertestrg5738/providers/Microsoft.Network/locations/westus2/dnsResolverOperationStatuses/eyJPcGVyYXRpb25UeXBlIjoiVXBzZXJ0SW5ib3VuZEVuZHBvaW50IiwiT3BlcmF0aW9uSWQiOiI0MzE2M2IwMS0yOWYzLTRmNWItODZhZC1jYmI0ZjhmZjI4YjQifQ==?api-version=2020-04-01-preview",
      "EncodedRequestUri": "L3N1YnNjcmlwdGlvbnMvMGU1YTQ2YjEtZGUwYi00ZWMzLWE1ZDctZGRhOTA4YjRlMDc2L3Jlc291cmNlR3JvdXBzL2Ruc3Jlc29sdmVydGVzdHJnNTczOC9wcm92aWRlcnMvTWljcm9zb2Z0Lk5ldHdvcmsvbG9jYXRpb25zL3dlc3R1czIvZG5zUmVzb2x2ZXJPcGVyYXRpb25TdGF0dXNlcy9leUpQY0dWeVlYUnBiMjVVZVhCbElqb2lWWEJ6WlhKMFNXNWliM1Z1WkVWdVpIQnZhVzUwSWl3aVQzQmxjbUYwYVc5dVNXUWlPaUkwTXpFMk0ySXdNUzB5T1dZekxUUm1OV0l0T0RaaFpDMWpZbUkwWmpobVpqSTRZalFpZlE9PT9hcGktdmVyc2lvbj0yMDIwLTA0LTAxLXByZXZpZXc=",
      "RequestMethod": "GET",
      "RequestBody": "",
      "RequestHeaders": {
        "User-Agent": [
          "FxVersion/4.6.29719.03",
          "OSName/Windows",
          "OSVersion/Microsoft.Windows.10.0.19042.",
          "Microsoft.Azure.Management.DnsResolver.DnsResolverManagementClient/1.0.0.0"
        ]
      },
      "ResponseHeaders": {
        "Cache-Control": [
          "no-cache"
        ],
        "Pragma": [
          "no-cache"
        ],
        "x-ms-activity-id": [
          "63425fda-4a7b-4796-9042-34cc75cf6af1"
        ],
        "Server": [
          "Kestrel"
        ],
        "x-ms-ratelimit-remaining-subscription-resource-requests": [
          "498"
        ],
        "x-ms-request-id": [
          "6f1b49b1-6e55-4dfa-8566-cb9338738af7"
        ],
        "x-ms-correlation-request-id": [
          "6f1b49b1-6e55-4dfa-8566-cb9338738af7"
        ],
        "x-ms-routing-request-id": [
          "NORTHEUROPE:20210226T032909Z:6f1b49b1-6e55-4dfa-8566-cb9338738af7"
        ],
        "Strict-Transport-Security": [
          "max-age=31536000; includeSubDomains"
        ],
        "X-Content-Type-Options": [
          "nosniff"
        ],
        "Date": [
          "Fri, 26 Feb 2021 03:29:09 GMT"
        ],
        "Content-Length": [
          "238"
        ],
        "Content-Type": [
          "application/json; charset=utf-8"
        ],
        "Expires": [
          "-1"
        ]
      },
      "ResponseBody": "{\r\n  \"id\": \"/operations/type/UpsertInboundEndpoint/id/43163b01-29f3-4f5b-86ad-cbb4f8ff28b4\",\r\n  \"name\": \"43163b01-29f3-4f5b-86ad-cbb4f8ff28b4\",\r\n  \"startTime\": \"2021-02-26T03:29:03Z\",\r\n  \"endTime\": \"2021-02-26T03:29:05Z\",\r\n  \"status\": \"Succeeded\"\r\n}",
      "StatusCode": 200
    },
    {
      "RequestUri": "/subscriptions/0e5a46b1-de0b-4ec3-a5d7-dda908b4e076/resourceGroups/dnsresolvertestrg5738/providers/Microsoft.Network/dnsResolvers/dnsresolvertestresolver7639/inboundEndpoints/dnsresolvertestinboundendpoint6350?api-version=2020-04-01-preview",
      "EncodedRequestUri": "L3N1YnNjcmlwdGlvbnMvMGU1YTQ2YjEtZGUwYi00ZWMzLWE1ZDctZGRhOTA4YjRlMDc2L3Jlc291cmNlR3JvdXBzL2Ruc3Jlc29sdmVydGVzdHJnNTczOC9wcm92aWRlcnMvTWljcm9zb2Z0Lk5ldHdvcmsvZG5zUmVzb2x2ZXJzL2Ruc3Jlc29sdmVydGVzdHJlc29sdmVyNzYzOS9pbmJvdW5kRW5kcG9pbnRzL2Ruc3Jlc29sdmVydGVzdGluYm91bmRlbmRwb2ludDYzNTA/YXBpLXZlcnNpb249MjAyMC0wNC0wMS1wcmV2aWV3",
      "RequestMethod": "GET",
      "RequestBody": "",
      "RequestHeaders": {
        "User-Agent": [
          "FxVersion/4.6.29719.03",
          "OSName/Windows",
          "OSVersion/Microsoft.Windows.10.0.19042.",
          "Microsoft.Azure.Management.DnsResolver.DnsResolverManagementClient/1.0.0.0"
        ]
      },
      "ResponseHeaders": {
        "Cache-Control": [
          "no-cache"
        ],
        "Pragma": [
          "no-cache"
        ],
        "x-ms-activity-id": [
          "0a11cca5-3cae-4eca-904f-de3f6314a82c"
        ],
        "Server": [
          "Kestrel"
        ],
        "x-ms-ratelimit-remaining-subscription-resource-requests": [
          "499"
        ],
        "x-ms-request-id": [
          "7a6d4d20-0406-4ce1-96bf-1449416a7b9b"
        ],
        "x-ms-correlation-request-id": [
          "7a6d4d20-0406-4ce1-96bf-1449416a7b9b"
        ],
        "x-ms-routing-request-id": [
          "NORTHEUROPE:20210226T032909Z:7a6d4d20-0406-4ce1-96bf-1449416a7b9b"
        ],
        "Strict-Transport-Security": [
          "max-age=31536000; includeSubDomains"
        ],
        "X-Content-Type-Options": [
          "nosniff"
        ],
        "Date": [
          "Fri, 26 Feb 2021 03:29:09 GMT"
        ],
        "Content-Length": [
          "755"
        ],
        "Content-Type": [
          "application/json; charset=utf-8"
        ],
        "Expires": [
          "-1"
        ]
      },
      "ResponseBody": "{\r\n  \"properties\": {\r\n    \"ipConfigurations\": [\r\n      {\r\n        \"subnet\": {\r\n          \"id\": \"/subscriptions/0e5a46b1-de0b-4ec3-a5d7-dda908b4e076/resourceGroups/dnsresolvertestrg5738/providers/Microsoft.Network/virtualNetworks/dnsresolvertestvnet8234/subnets/dnsresolvertestsubnet5445\"\r\n        },\r\n        \"privateIpAllocationMethod\": \"Static\"\r\n      }\r\n    ],\r\n    \"provisioningState\": \"Succeeded\",\r\n    \"resourceGuid\": \"8080c7d0-9136-4f46-a3b4-f62064127436\",\r\n    \"metadata\": null\r\n  },\r\n  \"etag\": \"\\\"10006dc2-0000-0800-0000-60386b010000\\\"\",\r\n  \"id\": \"/subscriptions/0e5a46b1-de0b-4ec3-a5d7-dda908b4e076/resourceGroups/dnsresolvertestrg5738/providers/Microsoft.Network/dnsResolvers/dnsresolvertestresolver7639/inboundEndpoints/dnsresolvertestinboundendpoint6350\",\r\n  \"name\": \"dnsresolvertestinboundendpoint6350\",\r\n  \"type\": \"Microsoft.Network/dnsResolvers/inboundEndpoints\"\r\n}",
      "StatusCode": 200
    }
  ],
  "Names": {
    "GenerateResourceGroupName": [
      "dnsresolvertestrg5738"
    ],
    "GenerateDnsResolverName": [
      "dnsresolvertestresolver7639"
    ],
    "GenerateVirtualNetworkName": [
      "dnsresolvertestvnet8234"
    ],
    "GenerateInboundEndpointName": [
      "dnsresolvertestinboundendpoint6350"
    ],
    "GenerateSubnetName": [
      "dnsresolvertestsubnet5445"
    ]
  },
  "Variables": {
    "SubscriptionId": "0e5a46b1-de0b-4ec3-a5d7-dda908b4e076"
  }
}