{
  "Entries": [
    {
      "RequestUri": "https://localhost:8443/subscriptions/00000000-0000-0000-0000-000000000000?api-version=2019-11-01",
      "RequestMethod": "GET",
      "RequestHeaders": {
        "Accept": "application/json",
        "Authorization": "Sanitized",
        "traceparent": "00-76214fb0355c0c449f6b72f684b8435a-1ee71704022be345-00",
        "User-Agent": "azsdk-net-ResourceManager/1.0.0-alpha.20211208.1 (.NET Framework 4.8.4300.0; Microsoft Windows 10.0.19044 )",
        "x-ms-client-request-id": "2497c772ce3c769dc1c61e8a711950cd",
        "x-ms-return-client-request-id": "true"
      },
      "RequestBody": null,
      "StatusCode": 200,
      "ResponseHeaders": {
        "Connection": "keep-alive",
        "Content-Length": "403",
        "Content-Type": "application/json; charset=utf-8",
        "Date": "Wed, 08 Dec 2021 07:19:53 GMT",
        "ETag": "W/\u0022193-XMviJqaGXohjOV1XjmYhUY8VLpk\u0022",
        "Keep-Alive": "timeout=5",
        "X-Powered-By": "Express"
      },
      "ResponseBody": {
        "id": "/subscriptions/00000000-0000-0000-0000-000000000000",
        "authorizationSource": "RoleBased",
        "managedByTenants": [],
        "subscriptionId": "00000000-0000-0000-0000-000000000000",
        "tenantId": "0000000-0000-0000-0000-000000000000",
        "displayName": "Name of the subscription",
        "state": "Enabled",
        "subscriptionPolicies": {
          "locationPlacementId": "Internal_2014-09-01",
          "quotaId": "Internal_2014-09-01",
          "spendingLimit": "Off"
        }
      }
    },
    {
      "RequestUri": "https://localhost:8443/subscriptions/00000000-0000-0000-0000-000000000000/resourcegroups/group1?api-version=2019-10-01",
      "RequestMethod": "PUT",
      "RequestHeaders": {
        "Accept": "application/json",
        "Authorization": "Sanitized",
        "Content-Length": "81",
        "Content-Type": "application/json",
        "User-Agent": "azsdk-net-ResourceManager/1.0.0-alpha.20211208.1 (.NET Framework 4.8.4300.0; Microsoft Windows 10.0.19044 )",
        "x-ms-client-request-id": "bc3cba13327f389663444379d77d7b77",
        "x-ms-return-client-request-id": "true"
      },
      "RequestBody": {
        "location": "Azure.ResourceManager.Resources.Subscription",
        "tags": {
          "test": "env"
        }
      },
      "StatusCode": 200,
      "ResponseHeaders": {
        "Connection": "keep-alive",
        "Content-Length": "236",
        "Content-Type": "application/json; charset=utf-8",
        "Date": "Wed, 08 Dec 2021 07:19:53 GMT",
        "ETag": "W/\u0022ec-kyifHTSp\u002BHv9qKmJYb5TlplPeUQ\u0022",
        "Keep-Alive": "timeout=5",
        "X-Powered-By": "Express"
      },
      "ResponseBody": {
        "id": "/subscriptions/00000000-0000-0000-0000-000000000000/resourcegroups/group1",
        "location": "eastus",
        "managedBy": null,
        "name": "group1",
        "properties": {
          "provisioningState": "Succeeded"
        },
        "tags": {},
        "type": "Microsoft.Resources/resourceGroups"
      }
    },
    {
      "RequestUri": "https://localhost:8443/subscriptions/00000000-0000-0000-0000-000000000000/resourceGroups/group1/providers/Microsoft.Sql/servers/server1?api-version=2021-02-01-preview",
      "RequestMethod": "PUT",
      "RequestHeaders": {
        "Accept": "application/json",
        "Authorization": "Sanitized",
        "Content-Length": "396",
        "Content-Type": "application/json",
        "User-Agent": "azsdk-net-ResourceManager.Sql/1.0.0-alpha.20211208.1 (.NET Framework 4.8.4300.0; Microsoft Windows 10.0.19044 )",
        "x-ms-client-request-id": "d95ccbdd5735fd8a665eafb04cdc3e03",
        "x-ms-return-client-request-id": "true"
      },
      "RequestBody": {
        "tags": {},
        "location": "japaneast",
        "properties": {
          "administratorLogin": "dummylogin",
          "administratorLoginPassword": "PLACEHOLDER",
          "publicNetworkAccess": "Enabled",
          "administrators": {
            "principalType": "User",
            "login": "bob@contoso.com",
            "sid": "00000011-1111-2222-2222-123456789111",
            "tenantId": "00000011-1111-2222-2222-123456789111",
            "azureADOnlyAuthentication": true
          },
          "restrictOutboundNetworkAccess": "Enabled"
        }
      },
      "StatusCode": 200,
      "ResponseHeaders": {
        "Connection": "keep-alive",
        "Content-Length": "1892",
        "Content-Type": "application/json; charset=utf-8",
        "Date": "Wed, 08 Dec 2021 07:19:53 GMT",
        "ETag": "W/\u0022764-4/9ewJLb8L2q2pnMPPaqJEbzQr4\u0022",
        "Keep-Alive": "timeout=5",
        "X-Powered-By": "Express"
      },
      "ResponseBody": {
        "id": "/subscriptions/00000000-0000-0000-0000-000000000000/resourceGroups/group1/providers/Microsoft.Sql/servers/server1",
        "name": "server1",
        "type": "aaaaaaaaaaaaaaaaaaaaaaaaaaaa",
        "location": "aaaaaa",
        "tags": {
          "key2698": "aaaaa"
        },
        "identity": {
          "userAssignedIdentities": {
            "/subscriptions/00000000-0000-0000-0000-000000000000/resourceGroups/00000000-0000-0000-0000-000000000000/providers/Microsoft.ManagedIdentity/userAssignedIdentities/key9915": {
              "principalId": "00000000-0000-0000-0000-000000000000",
              "clientId": "00000000-0000-0000-0000-000000000000"
            }
          },
          "principalId": "00000000-0000-0000-0000-000000000000",
          "type": "None",
          "tenantId": "00000000-0000-0000-0000-000000000000"
        },
        "kind": "aaaaaaaaaaaaaaaaaaaaaaaaa",
        "properties": {
          "administratorLogin": "aaaaaaaaaaaaaaa",
          "administratorLoginPassword": "aa",
          "version": "aaaaaaaaaaaaaa",
          "state": "aaaa",
          "fullyQualifiedDomainName": "aaaaaaaaaaaaaaaaaaaaaa",
          "privateEndpointConnections": [
            {
              "id": "/subscriptions/a9cbceed-cd54-47f1-b7a2-bad149218603/resourceGroups/mockRg/providers/Microsoft.Resources/mockResource/mockName",
              "properties": {
                "privateEndpoint": {
                  "id": "/subscriptions/a9cbceed-cd54-47f1-b7a2-bad149218603/resourceGroups/mockRg/providers/Microsoft.Resources/mockResource/mockName"
                },
                "privateLinkServiceConnectionState": {
                  "status": "Approved",
                  "description": "aaaa",
                  "actionsRequired": "None"
                },
                "provisioningState": "Succeeded"
              }
            }
          ],
          "minimalTlsVersion": "aaaaaaaaaaaaaaaaaaaaaaa",
          "publicNetworkAccess": "Enabled",
          "workspaceFeature": "Connected",
          "primaryUserAssignedIdentityId": "aaaaaaaaaaaaaaaaaaaaa",
          "federatedClientId": "00000000-0000-0000-0000-000000000000",
          "keyId": "aaaaaaaaaaaaaaaaaaaaaaaaaa",
          "administrators": {
            "administratorType": "ActiveDirectory",
            "principalType": "User",
            "login": "aaaaaaaaaaaaaaaaaaaaaaaa",
            "sid": "00000000-0000-0000-0000-000000000000",
            "tenantId": "00000000-0000-0000-0000-000000000000",
            "azureADOnlyAuthentication": true
          },
          "restrictOutboundNetworkAccess": "Enabled"
        }
      }
    },
    {
      "RequestUri": "https://localhost:8443/subscriptions/00000000-0000-0000-0000-000000000000/resourceGroups/group1/providers/Microsoft.Sql/servers/server1/jobAgents/agent1?api-version=2020-11-01-preview",
      "RequestMethod": "PUT",
      "RequestHeaders": {
        "Accept": "application/json",
        "Authorization": "Sanitized",
        "Content-Length": "196",
        "Content-Type": "application/json",
        "User-Agent": "azsdk-net-ResourceManager.Sql/1.0.0-alpha.20211208.1 (.NET Framework 4.8.4300.0; Microsoft Windows 10.0.19044 )",
        "x-ms-client-request-id": "a5ada64a76bdbc982f3f552082e5ec86",
        "x-ms-return-client-request-id": "true"
      },
      "RequestBody": {
        "tags": {},
        "location": "southeastasia",
        "properties": {
          "databaseId": "/subscriptions/00000000-1111-2222-3333-444444444444/resourceGroups/group1/providers/Microsoft.Sql/servers/server1/databases/db1"
        }
      },
      "StatusCode": 200,
      "ResponseHeaders": {
        "Connection": "keep-alive",
        "Content-Length": "424",
        "Content-Type": "application/json; charset=utf-8",
        "Date": "Wed, 08 Dec 2021 07:19:53 GMT",
        "ETag": "W/\u00221a8-o2VhW2FQzvhXbvzM38QiEoHr4eQ\u0022",
        "Keep-Alive": "timeout=5",
        "X-Powered-By": "Express"
      },
      "ResponseBody": {
        "id": "/subscriptions/00000000-0000-0000-0000-000000000000/resourceGroups/group1/providers/Microsoft.Sql/servers/server1/jobAgents/agent1",
        "name": "agent1",
        "type": "aaaaaaaaaaaaaaaaaaaaaaaaa",
        "location": "aaaaaa",
        "tags": {
          "key4464": "a"
        },
        "sku": {
          "name": "agent1",
          "tier": "aaaaaaaaaaaa",
          "size": "aaa",
          "family": "aaaaaaaaaaaaaaaaaaaaaaaaaaaaa",
          "capacity": 5
        },
        "properties": {
          "databaseId": "aaaaaaaaaaaaaaaaaaaaaaaaaaaa",
          "state": "Creating"
        }
      }
    },
    {
      "RequestUri": "https://localhost:8443/subscriptions/00000000-0000-0000-0000-000000000000/resourceGroups/group1/providers/Microsoft.Sql/servers/server1/jobAgents/agent1/credentials/cred1?api-version=2020-11-01-preview",
      "RequestMethod": "PUT",
      "RequestHeaders": {
        "Accept": "application/json",
        "Authorization": "Sanitized",
        "Content-Length": "70",
        "Content-Type": "application/json",
        "User-Agent": "azsdk-net-ResourceManager.Sql/1.0.0-alpha.20211208.1 (.NET Framework 4.8.4300.0; Microsoft Windows 10.0.19044 )",
        "x-ms-client-request-id": "a5666bbf992f0f46c4843bcfb37dbd4c",
        "x-ms-return-client-request-id": "true"
      },
      "RequestBody": {
        "properties": {
          "username": "myuser",
          "password": "\u003Cpassword\u003E"
        }
      },
      "StatusCode": 200,
      "ResponseHeaders": {
        "Connection": "keep-alive",
        "Content-Length": "293",
        "Content-Type": "application/json; charset=utf-8",
        "Date": "Wed, 08 Dec 2021 07:19:53 GMT",
        "ETag": "W/\u0022125-49N6\u002Bokic8CxyDUfkKMNsDqMnlk\u0022",
        "Keep-Alive": "timeout=5",
        "X-Powered-By": "Express"
      },
      "ResponseBody": {
        "id": "/subscriptions/00000000-0000-0000-0000-000000000000/resourceGroups/group1/providers/Microsoft.Sql/servers/server1/jobAgents/agent1/credentials/cred1",
        "name": "cred1",
        "type": "aaaaaaaaaaaaaaaa",
        "properties": {
          "username": "aaaaaaaaaaaaaaaaaaaaaaaaaaa",
          "password": "aaaaaaaaaaaaaaaaaaaaaaaaa"
        }
      }
    }
  ],
  "Variables": {
    "RandomSeed": "824878362",
    "RESOURCE_MANAGER_URL": "https://localhost:8443",
    "SUBSCRIPTION_ID": "00000000-0000-0000-0000-000000000000"
  }
}
