{
  "Entries": [
    {
      "RequestUri": "/subscriptions/1d16f9b3-bbe3-48d4-930a-27a74dca003b/resourcegroups/res5506?api-version=2017-05-10",
      "EncodedRequestUri": "L3N1YnNjcmlwdGlvbnMvMWQxNmY5YjMtYmJlMy00OGQ0LTkzMGEtMjdhNzRkY2EwMDNiL3Jlc291cmNlZ3JvdXBzL3JlczU1MDY/YXBpLXZlcnNpb249MjAxNy0wNS0xMA==",
      "RequestMethod": "PUT",
      "RequestBody": "{\r\n  \"location\": \"eastus2\"\r\n}",
      "RequestHeaders": {
        "x-ms-client-request-id": [
          "b258d3b8-d3b0-44a8-b67c-1e4adfe9628f"
        ],
        "accept-language": [
          "en-US"
        ],
        "User-Agent": [
          "FxVersion/4.6.26328.01",
          "Microsoft.Azure.Management.ResourceManager.ResourceManagementClient/1.6.0.0"
        ],
        "Content-Type": [
          "application/json; charset=utf-8"
        ],
        "Content-Length": [
          "29"
        ]
      },
      "ResponseHeaders": {
        "Cache-Control": [
          "no-cache"
        ],
        "Date": [
          "Tue, 11 Sep 2018 03:54:10 GMT"
        ],
        "Pragma": [
          "no-cache"
        ],
        "x-ms-ratelimit-remaining-subscription-writes": [
          "1199"
        ],
        "x-ms-request-id": [
          "01009401-9642-4df0-b178-dbf5a5bd6bf9"
        ],
        "x-ms-correlation-request-id": [
          "01009401-9642-4df0-b178-dbf5a5bd6bf9"
        ],
        "x-ms-routing-request-id": [
          "WESTUS2:20180911T035411Z:01009401-9642-4df0-b178-dbf5a5bd6bf9"
        ],
        "Strict-Transport-Security": [
          "max-age=31536000; includeSubDomains"
        ],
        "X-Content-Type-Options": [
          "nosniff"
        ],
        "Content-Length": [
          "168"
        ],
        "Content-Type": [
          "application/json; charset=utf-8"
        ],
        "Expires": [
          "-1"
        ]
      },
      "ResponseBody": "{\r\n  \"id\": \"/subscriptions/1d16f9b3-bbe3-48d4-930a-27a74dca003b/resourceGroups/res5506\",\r\n  \"name\": \"res5506\",\r\n  \"location\": \"eastus2\",\r\n  \"properties\": {\r\n    \"provisioningState\": \"Succeeded\"\r\n  }\r\n}",
      "StatusCode": 201
    },
    {
      "RequestUri": "/subscriptions/1d16f9b3-bbe3-48d4-930a-27a74dca003b/resourceGroups/res5506/providers/Microsoft.StorageSync/storageSyncServices/ssscreate950?api-version=2018-04-02",
      "EncodedRequestUri": "L3N1YnNjcmlwdGlvbnMvMWQxNmY5YjMtYmJlMy00OGQ0LTkzMGEtMjdhNzRkY2EwMDNiL3Jlc291cmNlR3JvdXBzL3JlczU1MDYvcHJvdmlkZXJzL01pY3Jvc29mdC5TdG9yYWdlU3luYy9zdG9yYWdlU3luY1NlcnZpY2VzL3Nzc2NyZWF0ZTk1MD9hcGktdmVyc2lvbj0yMDE4LTA0LTAy",
      "RequestMethod": "PUT",
      "RequestBody": "{\r\n  \"location\": \"west europe\",\r\n  \"tags\": {\r\n    \"key1\": \"value1\",\r\n    \"key2\": \"value2\"\r\n  }\r\n}",
      "RequestHeaders": {
        "x-ms-client-request-id": [
          "52168c87-6bf4-4707-b650-f48a5d15f748"
        ],
        "accept-language": [
          "en-US"
        ],
        "User-Agent": [
          "FxVersion/4.6.26328.01",
          "Microsoft.Azure.Management.StorageSync.StorageSyncManagementClient/1.0.0"
        ],
        "Content-Type": [
          "application/json; charset=utf-8"
        ],
        "Content-Length": [
          "97"
        ]
      },
      "ResponseHeaders": {
        "Cache-Control": [
          "no-cache"
        ],
        "Date": [
          "Tue, 11 Sep 2018 03:54:13 GMT"
        ],
        "Pragma": [
          "no-cache"
        ],
        "Server": [
          "Microsoft-IIS/8.5"
        ],
        "x-ms-request-id": [
          "cecabf7e-e189-4500-8342-b2ff46077ad1"
        ],
        "X-Content-Type-Options": [
          "nosniff"
        ],
        "Strict-Transport-Security": [
          "max-age=31536000; includeSubDomains"
        ],
        "X-AspNet-Version": [
          "4.0.30319"
        ],
        "X-Powered-By": [
          "ASP.NET"
        ],
        "x-ms-ratelimit-remaining-subscription-writes": [
          "1198"
        ],
        "x-ms-correlation-request-id": [
          "aa702998-3890-482c-be1a-f836f4d2c333"
        ],
        "x-ms-routing-request-id": [
          "WESTUS2:20180911T035413Z:aa702998-3890-482c-be1a-f836f4d2c333"
        ],
        "Content-Length": [
          "397"
        ],
        "Content-Type": [
          "application/json; charset=utf-8"
        ],
        "Expires": [
          "-1"
        ]
      },
      "ResponseBody": "{\r\n  \"properties\": {\r\n    \"storageSyncServiceStatus\": null,\r\n    \"storageSyncServiceUid\": \"00000000-0000-0000-0000-000000000000\"\r\n  },\r\n  \"location\": \"west europe\",\r\n  \"tags\": {\r\n    \"key1\": \"value1\",\r\n    \"key2\": \"value2\"\r\n  },\r\n  \"id\": \"/subscriptions/1d16f9b3-bbe3-48d4-930a-27a74dca003b/resourceGroups/res5506/providers/microsoft.storagesync/storageSyncServices/ssscreate950\",\r\n  \"name\": \"ssscreate950\",\r\n  \"type\": \"microsoft.storagesync/storageSyncServices\"\r\n}",
      "StatusCode": 200
    },
    {
      "RequestUri": "/subscriptions/1d16f9b3-bbe3-48d4-930a-27a74dca003b/resourceGroups/res5506/providers/Microsoft.StorageSync/storageSyncServices/ssscreate950?api-version=2018-04-02",
      "EncodedRequestUri": "L3N1YnNjcmlwdGlvbnMvMWQxNmY5YjMtYmJlMy00OGQ0LTkzMGEtMjdhNzRkY2EwMDNiL3Jlc291cmNlR3JvdXBzL3JlczU1MDYvcHJvdmlkZXJzL01pY3Jvc29mdC5TdG9yYWdlU3luYy9zdG9yYWdlU3luY1NlcnZpY2VzL3Nzc2NyZWF0ZTk1MD9hcGktdmVyc2lvbj0yMDE4LTA0LTAy",
      "RequestMethod": "DELETE",
      "RequestBody": "",
      "RequestHeaders": {
        "x-ms-client-request-id": [
          "89625c36-97e5-4602-b74b-9af76b84a940"
        ],
        "accept-language": [
          "en-US"
        ],
        "User-Agent": [
          "FxVersion/4.6.26328.01",
          "Microsoft.Azure.Management.StorageSync.StorageSyncManagementClient/1.0.0"
        ]
      },
      "ResponseHeaders": {
        "Cache-Control": [
          "no-cache"
        ],
        "Date": [
          "Tue, 11 Sep 2018 03:54:15 GMT"
        ],
        "Pragma": [
          "no-cache"
        ],
        "Server": [
          "Microsoft-IIS/8.5"
        ],
        "x-ms-request-id": [
          "f5923a14-2b30-44bd-b01b-b4822f023909"
        ],
        "X-Content-Type-Options": [
          "nosniff"
        ],
        "Strict-Transport-Security": [
          "max-age=31536000; includeSubDomains"
        ],
        "X-AspNet-Version": [
          "4.0.30319"
        ],
        "X-Powered-By": [
          "ASP.NET"
        ],
        "x-ms-ratelimit-remaining-subscription-deletes": [
          "14997"
        ],
        "x-ms-correlation-request-id": [
          "761053df-0cf5-4943-9a35-34846361966b"
        ],
        "x-ms-routing-request-id": [
          "WESTUS2:20180911T035415Z:761053df-0cf5-4943-9a35-34846361966b"
        ],
        "Content-Length": [
          "0"
        ],
        "Expires": [
          "-1"
        ]
      },
      "ResponseBody": "",
      "StatusCode": 200
    }
  ],
  "Names": {
    "CreateResourceGroup": [
      "res5506"
    ],
    "StorageSyncServiceCreateTest": [
      "ssscreate950"
    ]
  },
  "Variables": {
    "SubscriptionId": "1d16f9b3-bbe3-48d4-930a-27a74dca003b"
  }
}