{
  "Entries": [
    {
      "RequestUri": "https://management.azure.com/subscriptions/292d7caa-a878-4de8-b774-689097666272?api-version=2021-01-01",
      "RequestMethod": "GET",
      "RequestHeaders": {
        "Accept": "application/json",
        "Authorization": "Sanitized",
        "traceparent": "00-60e429b7642bd41a8085fdc72e8d5994-5526263dbaa0e69b-00",
        "User-Agent": "azsdk-net-ResourceManager/1.0.0-alpha.20220524.1 (.NET 6.0.5; Microsoft Windows 10.0.22000) azsdk-net-ResourceManager/1.0.0-alpha.20220524.1 (.NET 6.0.5; Microsoft Windows 10.0.22000)",
        "x-ms-client-request-id": "2bdd92a0bfc1efc69023ad7752fb453c",
        "x-ms-return-client-request-id": "true"
      },
      "RequestBody": null,
      "StatusCode": 200,
      "ResponseHeaders": {
        "Cache-Control": "no-cache",
        "Content-Length": "387",
        "Content-Type": "application/json; charset=utf-8",
        "Date": "Tue, 24 May 2022 20:37:14 GMT",
        "Expires": "-1",
        "Pragma": "no-cache",
        "Strict-Transport-Security": "max-age=31536000; includeSubDomains",
        "X-Content-Type-Options": "nosniff",
        "x-ms-correlation-request-id": "d32ab69c-f2fb-4820-af2c-6d4092df3519",
        "x-ms-ratelimit-remaining-subscription-reads": "11978",
        "x-ms-request-id": "d32ab69c-f2fb-4820-af2c-6d4092df3519",
        "x-ms-routing-request-id": "WESTUS2:20220524T203714Z:d32ab69c-f2fb-4820-af2c-6d4092df3519"
      },
      "ResponseBody": {
        "id": "/subscriptions/292d7caa-a878-4de8-b774-689097666272",
        "authorizationSource": "Bypassed",
        "managedByTenants": [],
        "subscriptionId": "292d7caa-a878-4de8-b774-689097666272",
        "tenantId": "01884692-6d96-44fa-8c58-11b4e90fef19",
        "displayName": "Microsoft Azure",
        "state": "Enabled",
        "subscriptionPolicies": {
          "locationPlacementId": "Public_2014-09-01",
          "quotaId": "CSP_2015-05-01",
          "spendingLimit": "Off"
        }
      }
    },
    {
      "RequestUri": "https://management.azure.com/subscriptions/292d7caa-a878-4de8-b774-689097666272/resourcegroups/azsdkRG?api-version=2021-04-01",
      "RequestMethod": "GET",
      "RequestHeaders": {
        "Accept": "application/json",
        "Authorization": "Sanitized",
        "traceparent": "00-5fd56d3109c79178e4b3300e7c1d52dc-fcfc803bbf8ca524-00",
        "User-Agent": "azsdk-net-ResourceManager/1.0.0-alpha.20220524.1 (.NET 6.0.5; Microsoft Windows 10.0.22000) azsdk-net-ResourceManager/1.0.0-alpha.20220524.1 (.NET 6.0.5; Microsoft Windows 10.0.22000)",
        "x-ms-client-request-id": "8645da9044051959675705a942d2a3de",
        "x-ms-return-client-request-id": "true"
      },
      "RequestBody": null,
      "StatusCode": 200,
      "ResponseHeaders": {
        "Cache-Control": "no-cache",
        "Content-Length": "331",
        "Content-Type": "application/json; charset=utf-8",
        "Date": "Tue, 24 May 2022 20:37:14 GMT",
        "Expires": "-1",
        "Pragma": "no-cache",
        "Strict-Transport-Security": "max-age=31536000; includeSubDomains",
        "X-Content-Type-Options": "nosniff",
        "x-ms-correlation-request-id": "cf399d64-cc34-4342-81de-79d38abf2ef1",
        "x-ms-ratelimit-remaining-subscription-reads": "11977",
        "x-ms-request-id": "cf399d64-cc34-4342-81de-79d38abf2ef1",
        "x-ms-routing-request-id": "WESTUS2:20220524T203714Z:cf399d64-cc34-4342-81de-79d38abf2ef1"
      },
      "ResponseBody": {
        "id": "/subscriptions/292d7caa-a878-4de8-b774-689097666272/resourceGroups/azsdkRG",
        "name": "azsdkRG",
        "type": "Microsoft.Resources/resourceGroups",
        "location": "brazilsouth",
        "tags": {
          "ServiceDirectory": "desktopvirtualization",
          "Creator": "sampa",
          "DeleteAfter": "2022-05-22T20:49:28.1719085Z"
        },
        "properties": {
          "provisioningState": "Succeeded"
        }
      }
    },
    {
      "RequestUri": "https://management.azure.com/subscriptions/292d7caa-a878-4de8-b774-689097666272/resourceGroups/azsdkRG/providers/Microsoft.DesktopVirtualization/hostPools/testHostPoolCrud?api-version=2021-07-12",
      "RequestMethod": "PUT",
      "RequestHeaders": {
        "Accept": "application/json",
        "Authorization": "Sanitized",
        "Content-Length": "145",
        "Content-Type": "application/json",
        "traceparent": "00-b3d40b4376d735e147ac0bf770643c8e-f48b81317f48b780-00",
        "User-Agent": "azsdk-net-ResourceManager.DesktopVirtualization/1.0.0-alpha.20220524.1 (.NET 6.0.5; Microsoft Windows 10.0.22000) azsdk-net-ResourceManager/1.0.0-alpha.20220524.1 (.NET 6.0.5; Microsoft Windows 10.0.22000)",
        "x-ms-client-request-id": "9afde72dd331a7ed0feee33b9dd1aa34",
        "x-ms-return-client-request-id": "true"
      },
      "RequestBody": {
        "tags": {},
        "location": "brazilsouth",
        "properties": {
          "hostPoolType": "Personal",
          "loadBalancerType": "BreadthFirst",
          "preferredAppGroupType": "Desktop"
        }
      },
      "StatusCode": 201,
      "ResponseHeaders": {
        "Cache-Control": "no-cache",
        "Content-Length": "1237",
        "Content-Type": "application/json; charset=utf-8",
        "Date": "Tue, 24 May 2022 20:37:17 GMT",
        "Expires": "-1",
        "Location": "/subscriptions/292d7caa-a878-4de8-b774-689097666272/resourcegroups/azsdkRG/providers/Microsoft.DesktopVirtualization/hostpools/testHostPoolCrud",
        "Pragma": "no-cache",
        "Server": "Microsoft-IIS/10.0",
        "Set-Cookie": [
          "ARRAffinity=2ab10cbc1521288d33e256dad5897d5019403f97e47f786bc548d223ad39f3dd;Path=/;HttpOnly;Secure;Domain=rdarmprovider.dev03.avdtest.net",
          "ARRAffinitySameSite=2ab10cbc1521288d33e256dad5897d5019403f97e47f786bc548d223ad39f3dd;Path=/;HttpOnly;SameSite=None;Secure;Domain=rdarmprovider.dev03.avdtest.net"
        ],
        "Strict-Transport-Security": "max-age=31536000; includeSubDomains",
        "X-Content-Type-Options": "nosniff",
        "x-ms-correlation-id": "5dac74e9-ab24-47c1-9501-5443a3c591e9",
        "x-ms-correlation-request-id": "dd42fa07-a06c-41e6-bbcb-9ba008e462ba",
        "x-ms-lamport-ts": "2954",
        "x-ms-opsarmpath64": "L3N1YnNjcmlwdGlvbnMvMjkyZDdjYWEtYTg3OC00ZGU4LWI3NzQtNjg5MDk3NjY2MjcyL3Jlc291cmNlR3JvdXBzL2F6c2RrUkcvcHJvdmlkZXJzL01pY3Jvc29mdC5EZXNrdG9wVmlydHVhbGl6YXRpb24vaG9zdFBvb2xzL3Rlc3RIb3N0UG9vbENydWQ=",
        "x-ms-ratelimit-remaining-subscription-writes": "1189",
        "x-ms-request-id": "9afde72d-d331-a7ed-0fee-e33b9dd1aa34",
        "x-ms-routing-request-id": "WESTUS2:20220524T203717Z:dd42fa07-a06c-41e6-bbcb-9ba008e462ba",
        "X-Powered-By": "ASP.NET",
        "X-Rate-Limit-Limit": "0",
        "X-Rate-Limit-Remaining": "9223372036854775807",
        "X-Rate-Limit-Reset": "0"
      },
      "ResponseBody": {
        "name": "testHostPoolCrud",
        "id": "/subscriptions/292d7caa-a878-4de8-b774-689097666272/resourcegroups/azsdkRG/providers/Microsoft.DesktopVirtualization/hostpools/testHostPoolCrud",
        "type": "Microsoft.DesktopVirtualization/hostpools",
        "location": "brazilsouth",
        "tags": {},
        "kind": null,
        "systemData": {
          "createdBy": "4d623718-752b-4325-9960-46e070a92bca",
          "createdByType": "Application",
          "createdAt": "2022-05-24T20:37:16.48Z",
          "lastModifiedBy": "4d623718-752b-4325-9960-46e070a92bca",
          "lastModifiedByType": "Application",
          "lastModifiedAt": "2022-05-24T20:37:16.48Z"
        },
        "properties": {
          "friendlyName": null,
          "description": null,
          "hostPoolType": "Personal",
          "personalDesktopAssignmentType": "Automatic",
          "applicationGroupReferences": [],
          "customRdpProperty": "",
          "maxSessionLimit": 999999,
          "loadBalancerType": "Persistent",
          "validationEnvironment": true,
          "ring": 0,
          "registrationInfo": {
            "expirationTime": "0001-01-01T00:00:00",
            "token": "",
            "registrationTokenOperation": "None"
          },
          "vmTemplate": null,
          "preferredAppGroupType": "Desktop",
          "migrationRequest": {
            "operation": "",
            "migrationPath": ""
          },
          "cloudPcResource": false,
          "startVMOnConnect": false,
          "ssoadfsAuthority": null,
          "ssoClientId": null,
          "ssoClientSecretKeyVaultPath": null,
          "ssoSecretType": "SharedKey",
          "objectId": "a9cceaa5-ccf3-4af2-af53-b1e880867881"
        }
      }
    },
    {
      "RequestUri": "https://management.azure.com/subscriptions/292d7caa-a878-4de8-b774-689097666272/resourceGroups/azsdkRG/providers/Microsoft.DesktopVirtualization/hostPools/testHostPoolCrud?api-version=2021-07-12",
      "RequestMethod": "GET",
      "RequestHeaders": {
        "Accept": "application/json",
        "Authorization": "Sanitized",
        "traceparent": "00-71a2d99d56f2658072477d2c11bdb1d8-86fb10256523f5d0-00",
        "User-Agent": "azsdk-net-ResourceManager.DesktopVirtualization/1.0.0-alpha.20220524.1 (.NET 6.0.5; Microsoft Windows 10.0.22000) azsdk-net-ResourceManager/1.0.0-alpha.20220524.1 (.NET 6.0.5; Microsoft Windows 10.0.22000)",
        "x-ms-client-request-id": "cd9263affcb75c5738c3c46ab91dadbd",
        "x-ms-return-client-request-id": "true"
      },
      "RequestBody": null,
      "StatusCode": 200,
      "ResponseHeaders": {
        "Cache-Control": "no-cache",
        "Content-Length": "1237",
        "Content-Type": "application/json; charset=utf-8",
        "Date": "Tue, 24 May 2022 20:37:17 GMT",
        "Expires": "-1",
        "Pragma": "no-cache",
        "Server": "Microsoft-IIS/10.0",
        "Set-Cookie": [
          "ARRAffinity=2ab10cbc1521288d33e256dad5897d5019403f97e47f786bc548d223ad39f3dd;Path=/;HttpOnly;Secure;Domain=rdarmprovider.dev03.avdtest.net",
          "ARRAffinitySameSite=2ab10cbc1521288d33e256dad5897d5019403f97e47f786bc548d223ad39f3dd;Path=/;HttpOnly;SameSite=None;Secure;Domain=rdarmprovider.dev03.avdtest.net"
        ],
        "Strict-Transport-Security": "max-age=31536000; includeSubDomains",
        "Vary": "Accept-Encoding",
        "X-Content-Type-Options": "nosniff",
        "x-ms-correlation-id": "e53be1d6-6145-4216-b782-84fc53affb5e",
        "x-ms-correlation-request-id": "09769248-ff01-4a13-bd7f-22d59d1acefa",
        "x-ms-lamport-ts": "2957",
        "x-ms-opsarmpath64": "L3N1YnNjcmlwdGlvbnMvMjkyZDdjYWEtYTg3OC00ZGU4LWI3NzQtNjg5MDk3NjY2MjcyL3Jlc291cmNlR3JvdXBzL2F6c2RrUkcvcHJvdmlkZXJzL01pY3Jvc29mdC5EZXNrdG9wVmlydHVhbGl6YXRpb24vaG9zdFBvb2xzL3Rlc3RIb3N0UG9vbENydWQ=",
        "x-ms-ratelimit-remaining-subscription-reads": "11976",
        "x-ms-request-id": "cd9263af-fcb7-5c57-38c3-c46ab91dadbd",
        "x-ms-routing-request-id": "WESTUS2:20220524T203718Z:09769248-ff01-4a13-bd7f-22d59d1acefa",
        "X-Powered-By": "ASP.NET",
        "X-Rate-Limit-Limit": "0",
        "X-Rate-Limit-Remaining": "9223372036854775807",
        "X-Rate-Limit-Reset": "0"
      },
      "ResponseBody": {
        "name": "testHostPoolCrud",
        "id": "/subscriptions/292d7caa-a878-4de8-b774-689097666272/resourcegroups/azsdkRG/providers/Microsoft.DesktopVirtualization/hostpools/testHostPoolCrud",
        "type": "Microsoft.DesktopVirtualization/hostpools",
        "location": "brazilsouth",
        "tags": {},
        "kind": null,
        "systemData": {
          "createdBy": "4d623718-752b-4325-9960-46e070a92bca",
          "createdByType": "Application",
          "createdAt": "2022-05-24T20:37:16.48Z",
          "lastModifiedBy": "4d623718-752b-4325-9960-46e070a92bca",
          "lastModifiedByType": "Application",
          "lastModifiedAt": "2022-05-24T20:37:16.48Z"
        },
        "properties": {
          "friendlyName": null,
          "description": null,
          "hostPoolType": "Personal",
          "personalDesktopAssignmentType": "Automatic",
          "applicationGroupReferences": [],
          "customRdpProperty": "",
          "maxSessionLimit": 999999,
          "loadBalancerType": "Persistent",
          "validationEnvironment": true,
          "ring": 0,
          "registrationInfo": {
            "expirationTime": "0001-01-01T00:00:00",
            "token": "",
            "registrationTokenOperation": "None"
          },
          "vmTemplate": null,
          "preferredAppGroupType": "Desktop",
          "migrationRequest": {
            "operation": "",
            "migrationPath": ""
          },
          "cloudPcResource": false,
          "startVMOnConnect": false,
          "ssoadfsAuthority": null,
          "ssoClientId": null,
          "ssoClientSecretKeyVaultPath": null,
          "ssoSecretType": "SharedKey",
          "objectId": "a9cceaa5-ccf3-4af2-af53-b1e880867881"
        }
      }
    },
    {
      "RequestUri": "https://management.azure.com/subscriptions/292d7caa-a878-4de8-b774-689097666272/resourceGroups/azsdkRG/providers/Microsoft.DesktopVirtualization/hostPools/testHostPoolCrud?api-version=2021-07-12",
      "RequestMethod": "PUT",
      "RequestHeaders": {
        "Accept": "application/json",
        "Authorization": "Sanitized",
        "Content-Length": "176",
        "Content-Type": "application/json",
        "traceparent": "00-c7cee9ace476da213dd79d18746cd390-bac991e6d49f2050-00",
        "User-Agent": "azsdk-net-ResourceManager.DesktopVirtualization/1.0.0-alpha.20220524.1 (.NET 6.0.5; Microsoft Windows 10.0.22000) azsdk-net-ResourceManager/1.0.0-alpha.20220524.1 (.NET 6.0.5; Microsoft Windows 10.0.22000)",
        "x-ms-client-request-id": "6a49cf80abfebd0bec9d7717611e7c96",
        "x-ms-return-client-request-id": "true"
      },
      "RequestBody": {
        "tags": {},
        "location": "brazilsouth",
        "properties": {
          "friendlyName": "Friendly Name",
          "hostPoolType": "Personal",
          "loadBalancerType": "BreadthFirst",
          "preferredAppGroupType": "Desktop"
        }
      },
      "StatusCode": 200,
      "ResponseHeaders": {
        "Cache-Control": "no-cache",
        "Content-Length": "1248",
        "Content-Type": "application/json; charset=utf-8",
        "Date": "Tue, 24 May 2022 20:37:17 GMT",
        "Expires": "-1",
        "Pragma": "no-cache",
        "Server": "Microsoft-IIS/10.0",
        "Set-Cookie": [
          "ARRAffinity=2ab10cbc1521288d33e256dad5897d5019403f97e47f786bc548d223ad39f3dd;Path=/;HttpOnly;Secure;Domain=rdarmprovider.dev03.avdtest.net",
          "ARRAffinitySameSite=2ab10cbc1521288d33e256dad5897d5019403f97e47f786bc548d223ad39f3dd;Path=/;HttpOnly;SameSite=None;Secure;Domain=rdarmprovider.dev03.avdtest.net"
        ],
        "Strict-Transport-Security": "max-age=31536000; includeSubDomains",
        "Vary": "Accept-Encoding",
        "X-Content-Type-Options": "nosniff",
        "x-ms-correlation-id": "75e54426-d79e-46a1-8feb-7fef4e0a320a",
        "x-ms-correlation-request-id": "f7b35998-18b6-411e-b433-44d1d0fcb07e",
        "x-ms-lamport-ts": "2960",
        "x-ms-opsarmpath64": "L3N1YnNjcmlwdGlvbnMvMjkyZDdjYWEtYTg3OC00ZGU4LWI3NzQtNjg5MDk3NjY2MjcyL3Jlc291cmNlR3JvdXBzL2F6c2RrUkcvcHJvdmlkZXJzL01pY3Jvc29mdC5EZXNrdG9wVmlydHVhbGl6YXRpb24vaG9zdFBvb2xzL3Rlc3RIb3N0UG9vbENydWQ=",
        "x-ms-ratelimit-remaining-subscription-writes": "1188",
        "x-ms-request-id": "6a49cf80-abfe-bd0b-ec9d-7717611e7c96",
        "x-ms-routing-request-id": "WESTUS2:20220524T203718Z:f7b35998-18b6-411e-b433-44d1d0fcb07e",
        "X-Powered-By": "ASP.NET",
        "X-Rate-Limit-Limit": "0",
        "X-Rate-Limit-Remaining": "9223372036854775807",
        "X-Rate-Limit-Reset": "0"
      },
      "ResponseBody": {
        "name": "testHostPoolCrud",
        "id": "/subscriptions/292d7caa-a878-4de8-b774-689097666272/resourcegroups/azsdkRG/providers/Microsoft.DesktopVirtualization/hostpools/testHostPoolCrud",
        "type": "Microsoft.DesktopVirtualization/hostpools",
        "location": "brazilsouth",
        "tags": {},
        "kind": null,
        "systemData": {
          "createdBy": "4d623718-752b-4325-9960-46e070a92bca",
          "createdByType": "Application",
          "createdAt": "2022-05-24T20:37:16.48Z",
          "lastModifiedBy": "4d623718-752b-4325-9960-46e070a92bca",
          "lastModifiedByType": "Application",
          "lastModifiedAt": "2022-05-24T20:37:18.28Z"
        },
        "properties": {
          "friendlyName": "Friendly Name",
          "description": null,
          "hostPoolType": "Personal",
          "personalDesktopAssignmentType": "Automatic",
          "applicationGroupReferences": [],
          "customRdpProperty": "",
          "maxSessionLimit": 999999,
          "loadBalancerType": "Persistent",
          "validationEnvironment": true,
          "ring": 0,
          "registrationInfo": {
            "expirationTime": "0001-01-01T00:00:00",
            "token": "",
            "registrationTokenOperation": "None"
          },
          "vmTemplate": null,
          "preferredAppGroupType": "Desktop",
          "migrationRequest": {
            "operation": "",
            "migrationPath": ""
          },
          "cloudPcResource": false,
          "startVMOnConnect": false,
          "ssoadfsAuthority": null,
          "ssoClientId": null,
          "ssoClientSecretKeyVaultPath": null,
          "ssoSecretType": "SharedKey",
          "objectId": "a9cceaa5-ccf3-4af2-af53-b1e880867881"
        }
      }
    },
    {
      "RequestUri": "https://management.azure.com/subscriptions/292d7caa-a878-4de8-b774-689097666272/resourceGroups/azsdkRG/providers/Microsoft.DesktopVirtualization/hostPools/testHostPoolCrud?api-version=2021-07-12",
      "RequestMethod": "GET",
      "RequestHeaders": {
        "Accept": "application/json",
        "Authorization": "Sanitized",
        "traceparent": "00-382edfb3c48c44f285a5331f8b760de9-791221858cad131e-00",
        "User-Agent": "azsdk-net-ResourceManager.DesktopVirtualization/1.0.0-alpha.20220524.1 (.NET 6.0.5; Microsoft Windows 10.0.22000) azsdk-net-ResourceManager/1.0.0-alpha.20220524.1 (.NET 6.0.5; Microsoft Windows 10.0.22000)",
        "x-ms-client-request-id": "def9d0acd540312690a1616d0f83edf1",
        "x-ms-return-client-request-id": "true"
      },
      "RequestBody": null,
      "StatusCode": 200,
      "ResponseHeaders": {
        "Cache-Control": "no-cache",
        "Content-Length": "1248",
        "Content-Type": "application/json; charset=utf-8",
        "Date": "Tue, 24 May 2022 20:37:18 GMT",
        "Expires": "-1",
        "Pragma": "no-cache",
        "Server": "Microsoft-IIS/10.0",
        "Set-Cookie": [
          "ARRAffinity=2ab10cbc1521288d33e256dad5897d5019403f97e47f786bc548d223ad39f3dd;Path=/;HttpOnly;Secure;Domain=rdarmprovider.dev03.avdtest.net",
          "ARRAffinitySameSite=2ab10cbc1521288d33e256dad5897d5019403f97e47f786bc548d223ad39f3dd;Path=/;HttpOnly;SameSite=None;Secure;Domain=rdarmprovider.dev03.avdtest.net"
        ],
        "Strict-Transport-Security": "max-age=31536000; includeSubDomains",
        "Vary": "Accept-Encoding",
        "X-Content-Type-Options": "nosniff",
        "x-ms-correlation-id": "5a01f09a-e221-4dc8-a6ab-518089742233",
        "x-ms-correlation-request-id": "3fbf7a12-0567-40de-aede-16e0e4091f49",
        "x-ms-lamport-ts": "2963",
        "x-ms-opsarmpath64": "L3N1YnNjcmlwdGlvbnMvMjkyZDdjYWEtYTg3OC00ZGU4LWI3NzQtNjg5MDk3NjY2MjcyL3Jlc291cmNlR3JvdXBzL2F6c2RrUkcvcHJvdmlkZXJzL01pY3Jvc29mdC5EZXNrdG9wVmlydHVhbGl6YXRpb24vaG9zdFBvb2xzL3Rlc3RIb3N0UG9vbENydWQ=",
        "x-ms-ratelimit-remaining-subscription-reads": "11975",
        "x-ms-request-id": "def9d0ac-d540-3126-90a1-616d0f83edf1",
        "x-ms-routing-request-id": "WESTUS2:20220524T203718Z:3fbf7a12-0567-40de-aede-16e0e4091f49",
        "X-Powered-By": "ASP.NET",
        "X-Rate-Limit-Limit": "0",
        "X-Rate-Limit-Remaining": "9223372036854775807",
        "X-Rate-Limit-Reset": "0"
      },
      "ResponseBody": {
        "name": "testHostPoolCrud",
        "id": "/subscriptions/292d7caa-a878-4de8-b774-689097666272/resourcegroups/azsdkRG/providers/Microsoft.DesktopVirtualization/hostpools/testHostPoolCrud",
        "type": "Microsoft.DesktopVirtualization/hostpools",
        "location": "brazilsouth",
        "tags": {},
        "kind": null,
        "systemData": {
          "createdBy": "4d623718-752b-4325-9960-46e070a92bca",
          "createdByType": "Application",
          "createdAt": "2022-05-24T20:37:16.48Z",
          "lastModifiedBy": "4d623718-752b-4325-9960-46e070a92bca",
          "lastModifiedByType": "Application",
          "lastModifiedAt": "2022-05-24T20:37:18.28Z"
        },
        "properties": {
          "friendlyName": "Friendly Name",
          "description": null,
          "hostPoolType": "Personal",
          "personalDesktopAssignmentType": "Automatic",
          "applicationGroupReferences": [],
          "customRdpProperty": "",
          "maxSessionLimit": 999999,
          "loadBalancerType": "Persistent",
          "validationEnvironment": true,
          "ring": 0,
          "registrationInfo": {
            "expirationTime": "0001-01-01T00:00:00",
            "token": "",
            "registrationTokenOperation": "None"
          },
          "vmTemplate": null,
          "preferredAppGroupType": "Desktop",
          "migrationRequest": {
            "operation": "",
            "migrationPath": ""
          },
          "cloudPcResource": false,
          "startVMOnConnect": false,
          "ssoadfsAuthority": null,
          "ssoClientId": null,
          "ssoClientSecretKeyVaultPath": null,
          "ssoSecretType": "SharedKey",
          "objectId": "a9cceaa5-ccf3-4af2-af53-b1e880867881"
        }
      }
    },
    {
      "RequestUri": "https://management.azure.com/subscriptions/292d7caa-a878-4de8-b774-689097666272/resourceGroups/azsdkRG/providers/Microsoft.DesktopVirtualization/hostPools/testHostPoolCrud?api-version=2021-07-12",
      "RequestMethod": "DELETE",
      "RequestHeaders": {
        "Accept": "application/json",
        "Authorization": "Sanitized",
        "traceparent": "00-d766635c3ad9982e068e2ea574616075-8364591cc30c5d9a-00",
        "User-Agent": "azsdk-net-ResourceManager.DesktopVirtualization/1.0.0-alpha.20220524.1 (.NET 6.0.5; Microsoft Windows 10.0.22000) azsdk-net-ResourceManager/1.0.0-alpha.20220524.1 (.NET 6.0.5; Microsoft Windows 10.0.22000)",
        "x-ms-client-request-id": "cdba25413f87043658d5e11a853ffa1a",
        "x-ms-return-client-request-id": "true"
      },
      "RequestBody": null,
      "StatusCode": 200,
      "ResponseHeaders": {
        "Cache-Control": "no-cache",
        "Content-Length": "1248",
        "Content-Type": "application/json; charset=utf-8",
        "Date": "Tue, 24 May 2022 20:37:21 GMT",
        "Expires": "-1",
        "Pragma": "no-cache",
        "Server": "Microsoft-IIS/10.0",
        "Set-Cookie": [
          "ARRAffinity=2ab10cbc1521288d33e256dad5897d5019403f97e47f786bc548d223ad39f3dd;Path=/;HttpOnly;Secure;Domain=rdarmprovider.dev03.avdtest.net",
          "ARRAffinitySameSite=2ab10cbc1521288d33e256dad5897d5019403f97e47f786bc548d223ad39f3dd;Path=/;HttpOnly;SameSite=None;Secure;Domain=rdarmprovider.dev03.avdtest.net"
        ],
        "Strict-Transport-Security": "max-age=31536000; includeSubDomains",
        "Vary": "Accept-Encoding",
        "X-Content-Type-Options": "nosniff",
        "x-ms-correlation-id": "6d725d19-77cb-49e7-8ccc-2cde5e49f7ff",
        "x-ms-correlation-request-id": "eed0c64a-16a8-4556-9c35-fe910df15633",
        "x-ms-lamport-ts": "2966",
        "x-ms-opsarmpath64": "L3N1YnNjcmlwdGlvbnMvMjkyZDdjYWEtYTg3OC00ZGU4LWI3NzQtNjg5MDk3NjY2MjcyL3Jlc291cmNlR3JvdXBzL2F6c2RrUkcvcHJvdmlkZXJzL01pY3Jvc29mdC5EZXNrdG9wVmlydHVhbGl6YXRpb24vaG9zdFBvb2xzL3Rlc3RIb3N0UG9vbENydWQ=",
        "x-ms-ratelimit-remaining-subscription-deletes": "14991",
        "x-ms-request-id": "cdba2541-3f87-0436-58d5-e11a853ffa1a",
        "x-ms-routing-request-id": "WESTUS2:20220524T203721Z:eed0c64a-16a8-4556-9c35-fe910df15633",
        "X-Powered-By": "ASP.NET",
        "X-Rate-Limit-Limit": "0",
        "X-Rate-Limit-Remaining": "9223372036854775807",
        "X-Rate-Limit-Reset": "0"
      },
      "ResponseBody": {
        "name": "testHostPoolCrud",
        "id": "/subscriptions/292d7caa-a878-4de8-b774-689097666272/resourcegroups/azsdkRG/providers/Microsoft.DesktopVirtualization/hostpools/testHostPoolCrud",
        "type": "Microsoft.DesktopVirtualization/hostpools",
        "location": "brazilsouth",
        "tags": {},
        "kind": null,
        "systemData": {
          "createdBy": "4d623718-752b-4325-9960-46e070a92bca",
          "createdByType": "Application",
          "createdAt": "2022-05-24T20:37:16.48Z",
          "lastModifiedBy": "4d623718-752b-4325-9960-46e070a92bca",
          "lastModifiedByType": "Application",
          "lastModifiedAt": "2022-05-24T20:37:18.28Z"
        },
        "properties": {
          "friendlyName": "Friendly Name",
          "description": null,
          "hostPoolType": "Personal",
          "personalDesktopAssignmentType": "Automatic",
          "applicationGroupReferences": [],
          "customRdpProperty": "",
          "maxSessionLimit": 999999,
          "loadBalancerType": "Persistent",
          "validationEnvironment": true,
          "ring": 0,
          "registrationInfo": {
            "expirationTime": "0001-01-01T00:00:00",
            "token": "",
            "registrationTokenOperation": "None"
          },
          "vmTemplate": null,
          "preferredAppGroupType": "Desktop",
          "migrationRequest": {
            "operation": "",
            "migrationPath": ""
          },
          "cloudPcResource": false,
          "startVMOnConnect": false,
          "ssoadfsAuthority": null,
          "ssoClientId": null,
          "ssoClientSecretKeyVaultPath": null,
          "ssoSecretType": "SharedKey",
          "objectId": "a9cceaa5-ccf3-4af2-af53-b1e880867881"
        }
      }
    },
    {
      "RequestUri": "https://management.azure.com/subscriptions/292d7caa-a878-4de8-b774-689097666272/resourceGroups/azsdkRG/providers/Microsoft.DesktopVirtualization/hostPools/testHostPoolCrud?api-version=2021-07-12",
      "RequestMethod": "DELETE",
      "RequestHeaders": {
        "Accept": "application/json",
        "Authorization": "Sanitized",
        "traceparent": "00-818f5317e28dbfee039779a90774a745-fd400dc671b259c5-00",
        "User-Agent": "azsdk-net-ResourceManager.DesktopVirtualization/1.0.0-alpha.20220524.1 (.NET 6.0.5; Microsoft Windows 10.0.22000) azsdk-net-ResourceManager/1.0.0-alpha.20220524.1 (.NET 6.0.5; Microsoft Windows 10.0.22000)",
        "x-ms-client-request-id": "e9bd2d46ce23aa7da818da5c499ead68",
        "x-ms-return-client-request-id": "true"
      },
      "RequestBody": null,
      "StatusCode": 204,
      "ResponseHeaders": {
        "Cache-Control": "no-cache",
        "Date": "Tue, 24 May 2022 20:37:21 GMT",
        "Expires": "-1",
        "Pragma": "no-cache",
        "Strict-Transport-Security": "max-age=31536000; includeSubDomains",
        "X-Content-Type-Options": "nosniff",
        "x-ms-correlation-request-id": "fe434cbc-ed6d-4671-9135-a4d300d5b7b7",
        "x-ms-ratelimit-remaining-subscription-deletes": "14990",
        "x-ms-request-id": "fe434cbc-ed6d-4671-9135-a4d300d5b7b7",
        "x-ms-routing-request-id": "WESTUS2:20220524T203722Z:fe434cbc-ed6d-4671-9135-a4d300d5b7b7"
      },
      "ResponseBody": null
    },
    {
      "RequestUri": "https://management.azure.com/subscriptions/292d7caa-a878-4de8-b774-689097666272/resourceGroups/azsdkRG/providers/Microsoft.DesktopVirtualization/hostPools/testHostPoolCrud?api-version=2021-07-12",
      "RequestMethod": "GET",
      "RequestHeaders": {
        "Accept": "application/json",
        "Authorization": "Sanitized",
        "traceparent": "00-de69beb8ac9ecc4a633d8b0641076e2b-cd826d5021a7c321-00",
        "User-Agent": "azsdk-net-ResourceManager.DesktopVirtualization/1.0.0-alpha.20220524.1 (.NET 6.0.5; Microsoft Windows 10.0.22000) azsdk-net-ResourceManager/1.0.0-alpha.20220524.1 (.NET 6.0.5; Microsoft Windows 10.0.22000)",
        "x-ms-client-request-id": "3bd685afae636d0f9af5866bf40bab50",
        "x-ms-return-client-request-id": "true"
      },
      "RequestBody": null,
      "StatusCode": 404,
      "ResponseHeaders": {
        "Cache-Control": "no-cache",
        "Content-Length": "237",
        "Content-Type": "application/json; charset=utf-8",
        "Date": "Tue, 24 May 2022 20:37:21 GMT",
        "Expires": "-1",
        "Pragma": "no-cache",
        "Strict-Transport-Security": "max-age=31536000; includeSubDomains",
        "X-Content-Type-Options": "nosniff",
        "x-ms-correlation-request-id": "b7e2f131-91d8-4a3c-be9a-d7e4b8850ab4",
        "x-ms-failure-cause": "gateway",
        "x-ms-request-id": "b7e2f131-91d8-4a3c-be9a-d7e4b8850ab4",
        "x-ms-routing-request-id": "WESTUS2:20220524T203722Z:b7e2f131-91d8-4a3c-be9a-d7e4b8850ab4"
      },
      "ResponseBody": {
        "error": {
          "code": "ResourceNotFound",
          "message": "The Resource \u0027Microsoft.DesktopVirtualization/hostpools/testHostPoolCrud\u0027 under resource group \u0027azsdkRG\u0027 was not found. For more details please go to https://aka.ms/ARMResourceNotFoundFix"
        }
      }
    }
  ],
  "Variables": {
    "DESKTOPVIRTUALIZATION_RESOURCE_GROUP": "azsdkRG",
    "RandomSeed": "242407794",
    "RESOURCE_MANAGER_URL": "https://management.azure.com/",
    "SUBSCRIPTION_ID": "292d7caa-a878-4de8-b774-689097666272"
  }
}
