{
  "Entries": [
    {
      "RequestUri": "https://management.azure.com/subscriptions/292d7caa-a878-4de8-b774-689097666272?api-version=2021-01-01",
      "RequestMethod": "GET",
      "RequestHeaders": {
        "Accept": "application/json",
        "Authorization": "Sanitized",
        "traceparent": "00-2bf3f2848837684ab0ad36d40426552a-eb861394a2216b43-00",
        "User-Agent": "azsdk-net-ResourceManager/1.0.0 (.NET Core 3.1.25; Microsoft Windows 10.0.22000)",
        "x-ms-client-request-id": "17a713aed9aa033e694d539787aeeba3",
        "x-ms-return-client-request-id": "true"
      },
      "RequestBody": null,
      "StatusCode": 200,
      "ResponseHeaders": {
        "Cache-Control": "no-cache",
        "Content-Length": "387",
        "Content-Type": "application/json; charset=utf-8",
        "Date": "Wed, 01 Jun 2022 20:07:47 GMT",
        "Expires": "-1",
        "Pragma": "no-cache",
        "Strict-Transport-Security": "max-age=31536000; includeSubDomains",
        "X-Content-Type-Options": "nosniff",
        "x-ms-correlation-request-id": "cf0d2bd6-f3b4-4a98-9e5d-b1137627605b",
        "x-ms-ratelimit-remaining-subscription-reads": "11909",
        "x-ms-request-id": "cf0d2bd6-f3b4-4a98-9e5d-b1137627605b",
        "x-ms-routing-request-id": "WESTUS:20220601T200747Z:cf0d2bd6-f3b4-4a98-9e5d-b1137627605b"
      },
      "ResponseBody": {
        "id": "/subscriptions/292d7caa-a878-4de8-b774-689097666272",
        "authorizationSource": "Bypassed",
        "managedByTenants": [],
        "subscriptionId": "292d7caa-a878-4de8-b774-689097666272",
        "tenantId": "01884692-6d96-44fa-8c58-11b4e90fef19",
        "displayName": "Microsoft Azure",
        "state": "Enabled",
        "subscriptionPolicies": {
          "locationPlacementId": "Public_2014-09-01",
          "quotaId": "CSP_2015-05-01",
          "spendingLimit": "Off"
        }
      }
    },
    {
      "RequestUri": "https://management.azure.com/subscriptions/292d7caa-a878-4de8-b774-689097666272/resourcegroups/azsdkRG?api-version=2021-04-01",
      "RequestMethod": "GET",
      "RequestHeaders": {
        "Accept": "application/json",
        "Authorization": "Sanitized",
        "traceparent": "00-caf191bc2d669b419e431a254462ccaa-380bd6832f7b6849-00",
        "User-Agent": "azsdk-net-ResourceManager/1.0.0 (.NET Core 3.1.25; Microsoft Windows 10.0.22000)",
        "x-ms-client-request-id": "6a5d008cda74d8bf08698425689a880c",
        "x-ms-return-client-request-id": "true"
      },
      "RequestBody": null,
      "StatusCode": 200,
      "ResponseHeaders": {
        "Cache-Control": "no-cache",
        "Content-Length": "331",
        "Content-Type": "application/json; charset=utf-8",
        "Date": "Wed, 01 Jun 2022 20:07:47 GMT",
        "Expires": "-1",
        "Pragma": "no-cache",
        "Strict-Transport-Security": "max-age=31536000; includeSubDomains",
        "X-Content-Type-Options": "nosniff",
        "x-ms-correlation-request-id": "7319f1e8-272e-420f-aaad-d680d447450e",
        "x-ms-ratelimit-remaining-subscription-reads": "11908",
        "x-ms-request-id": "7319f1e8-272e-420f-aaad-d680d447450e",
        "x-ms-routing-request-id": "WESTUS:20220601T200747Z:7319f1e8-272e-420f-aaad-d680d447450e"
      },
      "ResponseBody": {
        "id": "/subscriptions/292d7caa-a878-4de8-b774-689097666272/resourceGroups/azsdkRG",
        "name": "azsdkRG",
        "type": "Microsoft.Resources/resourceGroups",
        "location": "brazilsouth",
        "tags": {
          "ServiceDirectory": "desktopvirtualization",
          "Creator": "sampa",
          "DeleteAfter": "2022-05-22T20:49:28.1719085Z"
        },
        "properties": {
          "provisioningState": "Succeeded"
        }
      }
    },
    {
      "RequestUri": "https://management.azure.com/subscriptions/292d7caa-a878-4de8-b774-689097666272/resourceGroups/azsdkRG/providers/Microsoft.DesktopVirtualization/hostPools/testHostPoolCrud1?api-version=2021-07-12",
      "RequestMethod": "PUT",
      "RequestHeaders": {
        "Accept": "application/json",
        "Authorization": "Sanitized",
        "Content-Length": "143",
        "Content-Type": "application/json",
        "traceparent": "00-b840e48c5407504a9f662dc10ce3ba5b-5c918bdb72929340-00",
        "User-Agent": "azsdk-net-ResourceManager.DesktopVirtualization/1.0.0-alpha.20220601.1 (.NET Core 3.1.25; Microsoft Windows 10.0.22000)",
        "x-ms-client-request-id": "7d2b6a9c577e61c1b967cc158fe05bdb",
        "x-ms-return-client-request-id": "true"
      },
      "RequestBody": {
        "tags": {},
        "location": "brazilsouth",
        "properties": {
          "hostPoolType": "Personal",
          "loadBalancerType": "DepthFirst",
          "preferredAppGroupType": "Desktop"
        }
      },
      "StatusCode": 201,
      "ResponseHeaders": {
        "Cache-Control": "no-cache",
        "Content-Length": "1239",
        "Content-Type": "application/json; charset=utf-8",
        "Date": "Wed, 01 Jun 2022 20:07:50 GMT",
        "Expires": "-1",
        "Location": "/subscriptions/292d7caa-a878-4de8-b774-689097666272/resourcegroups/azsdkRG/providers/Microsoft.DesktopVirtualization/hostpools/testHostPoolCrud1",
        "Pragma": "no-cache",
        "Server": "Microsoft-IIS/10.0",
        "Set-Cookie": [
          "ARRAffinity=52534756bc24481c0848ee2def3c54a057fd0e51707d9dcf782aa603bbaa9f24;Path=/;HttpOnly;Secure;Domain=rdarmprovider.dev03.avdtest.net",
          "ARRAffinitySameSite=52534756bc24481c0848ee2def3c54a057fd0e51707d9dcf782aa603bbaa9f24;Path=/;HttpOnly;SameSite=None;Secure;Domain=rdarmprovider.dev03.avdtest.net"
        ],
        "Strict-Transport-Security": "max-age=31536000; includeSubDomains",
        "X-Content-Type-Options": "nosniff",
        "x-ms-correlation-id": "950dafbd-4f9c-4a33-a60a-e045573457d6",
        "x-ms-correlation-request-id": "290832a4-acd3-463b-b2a5-9ccc6c6ff810",
        "x-ms-lamport-ts": "11159",
        "x-ms-opsarmpath64": "L3N1YnNjcmlwdGlvbnMvMjkyZDdjYWEtYTg3OC00ZGU4LWI3NzQtNjg5MDk3NjY2MjcyL3Jlc291cmNlR3JvdXBzL2F6c2RrUkcvcHJvdmlkZXJzL01pY3Jvc29mdC5EZXNrdG9wVmlydHVhbGl6YXRpb24vaG9zdFBvb2xzL3Rlc3RIb3N0UG9vbENydWQx",
        "x-ms-ratelimit-remaining-subscription-writes": "1153",
        "x-ms-request-id": "7d2b6a9c-577e-61c1-b967-cc158fe05bdb",
        "x-ms-routing-request-id": "WESTUS:20220601T200750Z:290832a4-acd3-463b-b2a5-9ccc6c6ff810",
        "X-Powered-By": "ASP.NET",
        "X-Rate-Limit-Limit": "0",
        "X-Rate-Limit-Remaining": "9223372036854775807",
        "X-Rate-Limit-Reset": "0"
      },
      "ResponseBody": {
        "name": "testHostPoolCrud1",
        "id": "/subscriptions/292d7caa-a878-4de8-b774-689097666272/resourcegroups/azsdkRG/providers/Microsoft.DesktopVirtualization/hostpools/testHostPoolCrud1",
        "type": "Microsoft.DesktopVirtualization/hostpools",
        "location": "brazilsouth",
        "tags": {},
        "kind": null,
        "systemData": {
          "createdBy": "4d623718-752b-4325-9960-46e070a92bca",
          "createdByType": "Application",
          "createdAt": "2022-06-01T20:07:49.16Z",
          "lastModifiedBy": "4d623718-752b-4325-9960-46e070a92bca",
          "lastModifiedByType": "Application",
          "lastModifiedAt": "2022-06-01T20:07:49.16Z"
        },
        "properties": {
          "friendlyName": null,
          "description": null,
          "hostPoolType": "Personal",
          "personalDesktopAssignmentType": "Automatic",
          "applicationGroupReferences": [],
          "customRdpProperty": "",
          "maxSessionLimit": 999999,
          "loadBalancerType": "Persistent",
          "validationEnvironment": true,
          "ring": 0,
          "registrationInfo": {
            "expirationTime": "0001-01-01T00:00:00",
            "token": "",
            "registrationTokenOperation": "None"
          },
          "vmTemplate": null,
          "preferredAppGroupType": "Desktop",
          "migrationRequest": {
            "operation": "",
            "migrationPath": ""
          },
          "cloudPcResource": false,
          "startVMOnConnect": false,
          "ssoadfsAuthority": null,
          "ssoClientId": null,
          "ssoClientSecretKeyVaultPath": null,
          "ssoSecretType": "SharedKey",
          "objectId": "6ec48fb5-4486-42fe-95af-8afdb023fd1e"
        }
      }
    },
    {
      "RequestUri": "https://management.azure.com/subscriptions/292d7caa-a878-4de8-b774-689097666272/resourceGroups/azsdkRG/providers/Microsoft.DesktopVirtualization/hostPools/testHostPoolCrud1?api-version=2021-07-12",
      "RequestMethod": "GET",
      "RequestHeaders": {
        "Accept": "application/json",
        "Authorization": "Sanitized",
        "traceparent": "00-3141031d7ddd8b42aa440e30be9bdcf8-3d03552767eb5e46-00",
        "User-Agent": "azsdk-net-ResourceManager.DesktopVirtualization/1.0.0-alpha.20220601.1 (.NET Core 3.1.25; Microsoft Windows 10.0.22000)",
        "x-ms-client-request-id": "8a32f894e52dd43a53ce0e4155199ace",
        "x-ms-return-client-request-id": "true"
      },
      "RequestBody": null,
      "StatusCode": 200,
      "ResponseHeaders": {
        "Cache-Control": "no-cache",
        "Content-Length": "1239",
        "Content-Type": "application/json; charset=utf-8",
        "Date": "Wed, 01 Jun 2022 20:07:50 GMT",
        "Expires": "-1",
        "Pragma": "no-cache",
        "Server": "Microsoft-IIS/10.0",
        "Set-Cookie": [
          "ARRAffinity=52534756bc24481c0848ee2def3c54a057fd0e51707d9dcf782aa603bbaa9f24;Path=/;HttpOnly;Secure;Domain=rdarmprovider.dev03.avdtest.net",
          "ARRAffinitySameSite=52534756bc24481c0848ee2def3c54a057fd0e51707d9dcf782aa603bbaa9f24;Path=/;HttpOnly;SameSite=None;Secure;Domain=rdarmprovider.dev03.avdtest.net"
        ],
        "Strict-Transport-Security": "max-age=31536000; includeSubDomains",
        "Vary": "Accept-Encoding",
        "X-Content-Type-Options": "nosniff",
        "x-ms-correlation-id": "b073ee57-b03e-439a-b3cc-b44f2b00f411",
        "x-ms-correlation-request-id": "65fa3191-ccd8-4384-b298-ca501059c1e2",
        "x-ms-lamport-ts": "11162",
        "x-ms-opsarmpath64": "L3N1YnNjcmlwdGlvbnMvMjkyZDdjYWEtYTg3OC00ZGU4LWI3NzQtNjg5MDk3NjY2MjcyL3Jlc291cmNlR3JvdXBzL2F6c2RrUkcvcHJvdmlkZXJzL01pY3Jvc29mdC5EZXNrdG9wVmlydHVhbGl6YXRpb24vaG9zdFBvb2xzL3Rlc3RIb3N0UG9vbENydWQx",
        "x-ms-ratelimit-remaining-subscription-reads": "11907",
        "x-ms-request-id": "8a32f894-e52d-d43a-53ce-0e4155199ace",
        "x-ms-routing-request-id": "WESTUS:20220601T200750Z:65fa3191-ccd8-4384-b298-ca501059c1e2",
        "X-Powered-By": "ASP.NET",
        "X-Rate-Limit-Limit": "0",
        "X-Rate-Limit-Remaining": "9223372036854775807",
        "X-Rate-Limit-Reset": "0"
      },
      "ResponseBody": {
        "name": "testHostPoolCrud1",
        "id": "/subscriptions/292d7caa-a878-4de8-b774-689097666272/resourcegroups/azsdkRG/providers/Microsoft.DesktopVirtualization/hostpools/testHostPoolCrud1",
        "type": "Microsoft.DesktopVirtualization/hostpools",
        "location": "brazilsouth",
        "tags": {},
        "kind": null,
        "systemData": {
          "createdBy": "4d623718-752b-4325-9960-46e070a92bca",
          "createdByType": "Application",
          "createdAt": "2022-06-01T20:07:49.16Z",
          "lastModifiedBy": "4d623718-752b-4325-9960-46e070a92bca",
          "lastModifiedByType": "Application",
          "lastModifiedAt": "2022-06-01T20:07:49.16Z"
        },
        "properties": {
          "friendlyName": null,
          "description": null,
          "hostPoolType": "Personal",
          "personalDesktopAssignmentType": "Automatic",
          "applicationGroupReferences": [],
          "customRdpProperty": "",
          "maxSessionLimit": 999999,
          "loadBalancerType": "Persistent",
          "validationEnvironment": true,
          "ring": 0,
          "registrationInfo": {
            "expirationTime": "0001-01-01T00:00:00",
            "token": "",
            "registrationTokenOperation": "None"
          },
          "vmTemplate": null,
          "preferredAppGroupType": "Desktop",
          "migrationRequest": {
            "operation": "",
            "migrationPath": ""
          },
          "cloudPcResource": false,
          "startVMOnConnect": false,
          "ssoadfsAuthority": null,
          "ssoClientId": null,
          "ssoClientSecretKeyVaultPath": null,
          "ssoSecretType": "SharedKey",
          "objectId": "6ec48fb5-4486-42fe-95af-8afdb023fd1e"
        }
      }
    },
    {
      "RequestUri": "https://management.azure.com/subscriptions/292d7caa-a878-4de8-b774-689097666272/resourceGroups/azsdkRG/providers/Microsoft.DesktopVirtualization/hostPools/testHostPoolCrud1?api-version=2021-07-12",
      "RequestMethod": "PUT",
      "RequestHeaders": {
        "Accept": "application/json",
        "Authorization": "Sanitized",
        "Content-Length": "174",
        "Content-Type": "application/json",
        "traceparent": "00-3059d62644ccfe469e9986ed3540a17a-fd564ab787b5dc4d-00",
        "User-Agent": "azsdk-net-ResourceManager.DesktopVirtualization/1.0.0-alpha.20220601.1 (.NET Core 3.1.25; Microsoft Windows 10.0.22000)",
        "x-ms-client-request-id": "1dfb47c56e8234243efbb10d0daa4827",
        "x-ms-return-client-request-id": "true"
      },
      "RequestBody": {
        "tags": {},
        "location": "brazilsouth",
        "properties": {
          "friendlyName": "Friendly Name",
          "hostPoolType": "Personal",
          "loadBalancerType": "DepthFirst",
          "preferredAppGroupType": "Desktop"
        }
      },
      "StatusCode": 200,
      "ResponseHeaders": {
        "Cache-Control": "no-cache",
        "Content-Length": "1250",
        "Content-Type": "application/json; charset=utf-8",
        "Date": "Wed, 01 Jun 2022 20:07:50 GMT",
        "Expires": "-1",
        "Pragma": "no-cache",
        "Server": "Microsoft-IIS/10.0",
        "Set-Cookie": [
          "ARRAffinity=52534756bc24481c0848ee2def3c54a057fd0e51707d9dcf782aa603bbaa9f24;Path=/;HttpOnly;Secure;Domain=rdarmprovider.dev03.avdtest.net",
          "ARRAffinitySameSite=52534756bc24481c0848ee2def3c54a057fd0e51707d9dcf782aa603bbaa9f24;Path=/;HttpOnly;SameSite=None;Secure;Domain=rdarmprovider.dev03.avdtest.net"
        ],
        "Strict-Transport-Security": "max-age=31536000; includeSubDomains",
        "Vary": "Accept-Encoding",
        "X-Content-Type-Options": "nosniff",
        "x-ms-correlation-id": "fa071220-e1df-4bc4-8219-26d42ee056e9",
        "x-ms-correlation-request-id": "65f3e581-e623-4674-8757-bbb3d94f8985",
        "x-ms-lamport-ts": "11165",
        "x-ms-opsarmpath64": "L3N1YnNjcmlwdGlvbnMvMjkyZDdjYWEtYTg3OC00ZGU4LWI3NzQtNjg5MDk3NjY2MjcyL3Jlc291cmNlR3JvdXBzL2F6c2RrUkcvcHJvdmlkZXJzL01pY3Jvc29mdC5EZXNrdG9wVmlydHVhbGl6YXRpb24vaG9zdFBvb2xzL3Rlc3RIb3N0UG9vbENydWQx",
        "x-ms-ratelimit-remaining-subscription-writes": "1152",
        "x-ms-request-id": "1dfb47c5-6e82-3424-3efb-b10d0daa4827",
        "x-ms-routing-request-id": "WESTUS:20220601T200750Z:65f3e581-e623-4674-8757-bbb3d94f8985",
        "X-Powered-By": "ASP.NET",
        "X-Rate-Limit-Limit": "0",
        "X-Rate-Limit-Remaining": "9223372036854775807",
        "X-Rate-Limit-Reset": "0"
      },
      "ResponseBody": {
        "name": "testHostPoolCrud1",
        "id": "/subscriptions/292d7caa-a878-4de8-b774-689097666272/resourcegroups/azsdkRG/providers/Microsoft.DesktopVirtualization/hostpools/testHostPoolCrud1",
        "type": "Microsoft.DesktopVirtualization/hostpools",
        "location": "brazilsouth",
        "tags": {},
        "kind": null,
        "systemData": {
          "createdBy": "4d623718-752b-4325-9960-46e070a92bca",
          "createdByType": "Application",
          "createdAt": "2022-06-01T20:07:49.16Z",
          "lastModifiedBy": "4d623718-752b-4325-9960-46e070a92bca",
          "lastModifiedByType": "Application",
          "lastModifiedAt": "2022-06-01T20:07:50.49Z"
        },
        "properties": {
          "friendlyName": "Friendly Name",
          "description": null,
          "hostPoolType": "Personal",
          "personalDesktopAssignmentType": "Automatic",
          "applicationGroupReferences": [],
          "customRdpProperty": "",
          "maxSessionLimit": 999999,
          "loadBalancerType": "Persistent",
          "validationEnvironment": true,
          "ring": 0,
          "registrationInfo": {
            "expirationTime": "0001-01-01T00:00:00",
            "token": "",
            "registrationTokenOperation": "None"
          },
          "vmTemplate": null,
          "preferredAppGroupType": "Desktop",
          "migrationRequest": {
            "operation": "",
            "migrationPath": ""
          },
          "cloudPcResource": false,
          "startVMOnConnect": false,
          "ssoadfsAuthority": null,
          "ssoClientId": null,
          "ssoClientSecretKeyVaultPath": null,
          "ssoSecretType": "SharedKey",
          "objectId": "6ec48fb5-4486-42fe-95af-8afdb023fd1e"
        }
      }
    },
    {
      "RequestUri": "https://management.azure.com/subscriptions/292d7caa-a878-4de8-b774-689097666272/resourceGroups/azsdkRG/providers/Microsoft.DesktopVirtualization/hostPools/testHostPoolCrud1?api-version=2021-07-12",
      "RequestMethod": "GET",
      "RequestHeaders": {
        "Accept": "application/json",
        "Authorization": "Sanitized",
        "traceparent": "00-dfd95dc7e6e91147bd35a3af282e75a6-cc8f95f8c689ba45-00",
        "User-Agent": "azsdk-net-ResourceManager.DesktopVirtualization/1.0.0-alpha.20220601.1 (.NET Core 3.1.25; Microsoft Windows 10.0.22000)",
        "x-ms-client-request-id": "7090a90dfd67b6df2f5629af48800ca0",
        "x-ms-return-client-request-id": "true"
      },
      "RequestBody": null,
      "StatusCode": 200,
      "ResponseHeaders": {
        "Cache-Control": "no-cache",
        "Content-Length": "1250",
        "Content-Type": "application/json; charset=utf-8",
        "Date": "Wed, 01 Jun 2022 20:07:50 GMT",
        "Expires": "-1",
        "Pragma": "no-cache",
        "Server": "Microsoft-IIS/10.0",
        "Set-Cookie": [
          "ARRAffinity=52534756bc24481c0848ee2def3c54a057fd0e51707d9dcf782aa603bbaa9f24;Path=/;HttpOnly;Secure;Domain=rdarmprovider.dev03.avdtest.net",
          "ARRAffinitySameSite=52534756bc24481c0848ee2def3c54a057fd0e51707d9dcf782aa603bbaa9f24;Path=/;HttpOnly;SameSite=None;Secure;Domain=rdarmprovider.dev03.avdtest.net"
        ],
        "Strict-Transport-Security": "max-age=31536000; includeSubDomains",
        "Vary": "Accept-Encoding",
        "X-Content-Type-Options": "nosniff",
        "x-ms-correlation-id": "59f0e629-e136-42cf-83b6-a4fa7eebeea6",
        "x-ms-correlation-request-id": "01e18f55-f9e2-4126-af20-e0cad64fd801",
        "x-ms-lamport-ts": "11168",
        "x-ms-opsarmpath64": "L3N1YnNjcmlwdGlvbnMvMjkyZDdjYWEtYTg3OC00ZGU4LWI3NzQtNjg5MDk3NjY2MjcyL3Jlc291cmNlR3JvdXBzL2F6c2RrUkcvcHJvdmlkZXJzL01pY3Jvc29mdC5EZXNrdG9wVmlydHVhbGl6YXRpb24vaG9zdFBvb2xzL3Rlc3RIb3N0UG9vbENydWQx",
        "x-ms-ratelimit-remaining-subscription-reads": "11906",
        "x-ms-request-id": "7090a90d-fd67-b6df-2f56-29af48800ca0",
        "x-ms-routing-request-id": "WESTUS:20220601T200750Z:01e18f55-f9e2-4126-af20-e0cad64fd801",
        "X-Powered-By": "ASP.NET",
        "X-Rate-Limit-Limit": "0",
        "X-Rate-Limit-Remaining": "9223372036854775807",
        "X-Rate-Limit-Reset": "0"
      },
      "ResponseBody": {
        "name": "testHostPoolCrud1",
        "id": "/subscriptions/292d7caa-a878-4de8-b774-689097666272/resourcegroups/azsdkRG/providers/Microsoft.DesktopVirtualization/hostpools/testHostPoolCrud1",
        "type": "Microsoft.DesktopVirtualization/hostpools",
        "location": "brazilsouth",
        "tags": {},
        "kind": null,
        "systemData": {
          "createdBy": "4d623718-752b-4325-9960-46e070a92bca",
          "createdByType": "Application",
          "createdAt": "2022-06-01T20:07:49.16Z",
          "lastModifiedBy": "4d623718-752b-4325-9960-46e070a92bca",
          "lastModifiedByType": "Application",
          "lastModifiedAt": "2022-06-01T20:07:50.49Z"
        },
        "properties": {
          "friendlyName": "Friendly Name",
          "description": null,
          "hostPoolType": "Personal",
          "personalDesktopAssignmentType": "Automatic",
          "applicationGroupReferences": [],
          "customRdpProperty": "",
          "maxSessionLimit": 999999,
          "loadBalancerType": "Persistent",
          "validationEnvironment": true,
          "ring": 0,
          "registrationInfo": {
            "expirationTime": "0001-01-01T00:00:00",
            "token": "",
            "registrationTokenOperation": "None"
          },
          "vmTemplate": null,
          "preferredAppGroupType": "Desktop",
          "migrationRequest": {
            "operation": "",
            "migrationPath": ""
          },
          "cloudPcResource": false,
          "startVMOnConnect": false,
          "ssoadfsAuthority": null,
          "ssoClientId": null,
          "ssoClientSecretKeyVaultPath": null,
          "ssoSecretType": "SharedKey",
          "objectId": "6ec48fb5-4486-42fe-95af-8afdb023fd1e"
        }
      }
    },
    {
      "RequestUri": "https://management.azure.com/subscriptions/292d7caa-a878-4de8-b774-689097666272/resourceGroups/azsdkRG/providers/Microsoft.DesktopVirtualization/hostPools/testHostPoolCrud1?api-version=2021-07-12",
      "RequestMethod": "DELETE",
      "RequestHeaders": {
        "Accept": "application/json",
        "Authorization": "Sanitized",
        "traceparent": "00-6b94803ba9f2c146b9564523f3fe2120-297a09f5dfcf364f-00",
        "User-Agent": "azsdk-net-ResourceManager.DesktopVirtualization/1.0.0-alpha.20220601.1 (.NET Core 3.1.25; Microsoft Windows 10.0.22000)",
        "x-ms-client-request-id": "4750fecc3ee52558d3fe4c31342dc6a9",
        "x-ms-return-client-request-id": "true"
      },
      "RequestBody": null,
      "StatusCode": 200,
      "ResponseHeaders": {
        "Cache-Control": "no-cache",
        "Content-Length": "1250",
        "Content-Type": "application/json; charset=utf-8",
        "Date": "Wed, 01 Jun 2022 20:07:53 GMT",
        "Expires": "-1",
        "Pragma": "no-cache",
        "Server": "Microsoft-IIS/10.0",
        "Set-Cookie": [
          "ARRAffinity=52534756bc24481c0848ee2def3c54a057fd0e51707d9dcf782aa603bbaa9f24;Path=/;HttpOnly;Secure;Domain=rdarmprovider.dev03.avdtest.net",
          "ARRAffinitySameSite=52534756bc24481c0848ee2def3c54a057fd0e51707d9dcf782aa603bbaa9f24;Path=/;HttpOnly;SameSite=None;Secure;Domain=rdarmprovider.dev03.avdtest.net"
        ],
        "Strict-Transport-Security": "max-age=31536000; includeSubDomains",
        "Vary": "Accept-Encoding",
        "X-Content-Type-Options": "nosniff",
        "x-ms-correlation-id": "7a0505fb-9b25-4a41-ae27-e3bc5ebcffc6",
        "x-ms-correlation-request-id": "dd004b76-5999-4f60-81b4-a54792e97265",
        "x-ms-lamport-ts": "11175",
        "x-ms-opsarmpath64": "L3N1YnNjcmlwdGlvbnMvMjkyZDdjYWEtYTg3OC00ZGU4LWI3NzQtNjg5MDk3NjY2MjcyL3Jlc291cmNlR3JvdXBzL2F6c2RrUkcvcHJvdmlkZXJzL01pY3Jvc29mdC5EZXNrdG9wVmlydHVhbGl6YXRpb24vaG9zdFBvb2xzL3Rlc3RIb3N0UG9vbENydWQx",
        "x-ms-ratelimit-remaining-subscription-deletes": "14953",
        "x-ms-request-id": "4750fecc-3ee5-2558-d3fe-4c31342dc6a9",
        "x-ms-routing-request-id": "WESTUS:20220601T200753Z:dd004b76-5999-4f60-81b4-a54792e97265",
        "X-Powered-By": "ASP.NET",
        "X-Rate-Limit-Limit": "0",
        "X-Rate-Limit-Remaining": "9223372036854775807",
        "X-Rate-Limit-Reset": "0"
      },
      "ResponseBody": {
        "name": "testHostPoolCrud1",
        "id": "/subscriptions/292d7caa-a878-4de8-b774-689097666272/resourcegroups/azsdkRG/providers/Microsoft.DesktopVirtualization/hostpools/testHostPoolCrud1",
        "type": "Microsoft.DesktopVirtualization/hostpools",
        "location": "brazilsouth",
        "tags": {},
        "kind": null,
        "systemData": {
          "createdBy": "4d623718-752b-4325-9960-46e070a92bca",
          "createdByType": "Application",
          "createdAt": "2022-06-01T20:07:49.16Z",
          "lastModifiedBy": "4d623718-752b-4325-9960-46e070a92bca",
          "lastModifiedByType": "Application",
          "lastModifiedAt": "2022-06-01T20:07:50.49Z"
        },
        "properties": {
          "friendlyName": "Friendly Name",
          "description": null,
          "hostPoolType": "Personal",
          "personalDesktopAssignmentType": "Automatic",
          "applicationGroupReferences": [],
          "customRdpProperty": "",
          "maxSessionLimit": 999999,
          "loadBalancerType": "Persistent",
          "validationEnvironment": true,
          "ring": 0,
          "registrationInfo": {
            "expirationTime": "0001-01-01T00:00:00",
            "token": "",
            "registrationTokenOperation": "None"
          },
          "vmTemplate": null,
          "preferredAppGroupType": "Desktop",
          "migrationRequest": {
            "operation": "",
            "migrationPath": ""
          },
          "cloudPcResource": false,
          "startVMOnConnect": false,
          "ssoadfsAuthority": null,
          "ssoClientId": null,
          "ssoClientSecretKeyVaultPath": null,
          "ssoSecretType": "SharedKey",
          "objectId": "6ec48fb5-4486-42fe-95af-8afdb023fd1e"
        }
      }
    },
    {
      "RequestUri": "https://management.azure.com/subscriptions/292d7caa-a878-4de8-b774-689097666272/resourceGroups/azsdkRG/providers/Microsoft.DesktopVirtualization/hostPools/testHostPoolCrud1?api-version=2021-07-12",
      "RequestMethod": "DELETE",
      "RequestHeaders": {
        "Accept": "application/json",
        "Authorization": "Sanitized",
        "traceparent": "00-c024399891698240ab1895734c488fc1-d46ae01145147447-00",
        "User-Agent": "azsdk-net-ResourceManager.DesktopVirtualization/1.0.0-alpha.20220601.1 (.NET Core 3.1.25; Microsoft Windows 10.0.22000)",
        "x-ms-client-request-id": "ac33e6862a88c8666844ed2b4474ebbd",
        "x-ms-return-client-request-id": "true"
      },
      "RequestBody": null,
      "StatusCode": 204,
      "ResponseHeaders": {
        "Cache-Control": "no-cache",
        "Date": "Wed, 01 Jun 2022 20:07:53 GMT",
        "Expires": "-1",
        "Pragma": "no-cache",
        "Strict-Transport-Security": "max-age=31536000; includeSubDomains",
        "X-Content-Type-Options": "nosniff",
        "x-ms-correlation-request-id": "97a3cd04-0dd8-4d61-b5e5-549c4f90d436",
        "x-ms-ratelimit-remaining-subscription-deletes": "14952",
        "x-ms-request-id": "97a3cd04-0dd8-4d61-b5e5-549c4f90d436",
        "x-ms-routing-request-id": "WESTUS:20220601T200753Z:97a3cd04-0dd8-4d61-b5e5-549c4f90d436"
      },
      "ResponseBody": null
    },
    {
      "RequestUri": "https://management.azure.com/subscriptions/292d7caa-a878-4de8-b774-689097666272/resourceGroups/azsdkRG/providers/Microsoft.DesktopVirtualization/hostPools/testHostPoolCrud1?api-version=2021-07-12",
      "RequestMethod": "GET",
      "RequestHeaders": {
        "Accept": "application/json",
        "Authorization": "Sanitized",
        "traceparent": "00-d03fc8fad66b8a4aa82d7548aa0c2f70-b22edca59da7414e-00",
        "User-Agent": "azsdk-net-ResourceManager.DesktopVirtualization/1.0.0-alpha.20220601.1 (.NET Core 3.1.25; Microsoft Windows 10.0.22000)",
        "x-ms-client-request-id": "0f4110ef0159ce42516a9c69b0ad8202",
        "x-ms-return-client-request-id": "true"
      },
      "RequestBody": null,
      "StatusCode": 404,
      "ResponseHeaders": {
        "Cache-Control": "no-cache",
        "Content-Length": "238",
        "Content-Type": "application/json; charset=utf-8",
        "Date": "Wed, 01 Jun 2022 20:07:53 GMT",
        "Expires": "-1",
        "Pragma": "no-cache",
        "Strict-Transport-Security": "max-age=31536000; includeSubDomains",
        "X-Content-Type-Options": "nosniff",
        "x-ms-correlation-request-id": "3162347b-179d-49f3-a7d7-524ea2cd685a",
        "x-ms-failure-cause": "gateway",
        "x-ms-request-id": "3162347b-179d-49f3-a7d7-524ea2cd685a",
        "x-ms-routing-request-id": "WESTUS:20220601T200754Z:3162347b-179d-49f3-a7d7-524ea2cd685a"
      },
      "ResponseBody": {
        "error": {
          "code": "ResourceNotFound",
          "message": "The Resource \u0027Microsoft.DesktopVirtualization/hostpools/testHostPoolCrud1\u0027 under resource group \u0027azsdkRG\u0027 was not found. For more details please go to https://aka.ms/ARMResourceNotFoundFix"
        }
      }
    }
  ],
  "Variables": {
    "DESKTOPVIRTUALIZATION_RESOURCE_GROUP": "azsdkRG",
    "RandomSeed": "852977421",
    "RESOURCE_MANAGER_URL": "https://management.azure.com/",
    "SUBSCRIPTION_ID": "292d7caa-a878-4de8-b774-689097666272"
  }
}
