{
  "Entries": [
    {
      "RequestUri": "https://management.azure.com/subscriptions/292d7caa-a878-4de8-b774-689097666272?api-version=2021-01-01",
      "RequestMethod": "GET",
      "RequestHeaders": {
        "Accept": "application/json",
        "Authorization": "Sanitized",
        "traceparent": "00-ecaa0b9810632c4d93efd1b89f7e5554-4cbc23665e498c42-00",
        "User-Agent": "azsdk-net-ResourceManager/1.0.0-alpha.20220524.1 (.NET Core 3.1.25; Microsoft Windows 10.0.22000) azsdk-net-ResourceManager/1.0.0-alpha.20220524.1 (.NET Core 3.1.25; Microsoft Windows 10.0.22000)",
        "x-ms-client-request-id": "8231d750e8a78f82bb608222bf034de4",
        "x-ms-return-client-request-id": "true"
      },
      "RequestBody": null,
      "StatusCode": 200,
      "ResponseHeaders": {
        "Cache-Control": "no-cache",
        "Content-Length": "387",
        "Content-Type": "application/json; charset=utf-8",
        "Date": "Wed, 25 May 2022 18:02:05 GMT",
        "Expires": "-1",
        "Pragma": "no-cache",
        "Strict-Transport-Security": "max-age=31536000; includeSubDomains",
        "X-Content-Type-Options": "nosniff",
        "x-ms-correlation-request-id": "ae5494e0-b2d9-4d3d-9486-b8aa3a185d60",
        "x-ms-ratelimit-remaining-subscription-reads": "11950",
        "x-ms-request-id": "ae5494e0-b2d9-4d3d-9486-b8aa3a185d60",
        "x-ms-routing-request-id": "WESTUS:20220525T180206Z:ae5494e0-b2d9-4d3d-9486-b8aa3a185d60"
      },
      "ResponseBody": {
        "id": "/subscriptions/292d7caa-a878-4de8-b774-689097666272",
        "authorizationSource": "Bypassed",
        "managedByTenants": [],
        "subscriptionId": "292d7caa-a878-4de8-b774-689097666272",
        "tenantId": "01884692-6d96-44fa-8c58-11b4e90fef19",
        "displayName": "Microsoft Azure",
        "state": "Enabled",
        "subscriptionPolicies": {
          "locationPlacementId": "Public_2014-09-01",
          "quotaId": "CSP_2015-05-01",
          "spendingLimit": "Off"
        }
      }
    },
    {
      "RequestUri": "https://management.azure.com/subscriptions/292d7caa-a878-4de8-b774-689097666272/resourcegroups/azsdkRG?api-version=2021-04-01",
      "RequestMethod": "GET",
      "RequestHeaders": {
        "Accept": "application/json",
        "Authorization": "Sanitized",
        "traceparent": "00-ccbed4131a232c45bcbc3e87d3c7cec0-1a1f52748de67b4e-00",
        "User-Agent": "azsdk-net-ResourceManager/1.0.0-alpha.20220524.1 (.NET Core 3.1.25; Microsoft Windows 10.0.22000) azsdk-net-ResourceManager/1.0.0-alpha.20220524.1 (.NET Core 3.1.25; Microsoft Windows 10.0.22000)",
        "x-ms-client-request-id": "e2d348fa29d092a3a6552a3048d37064",
        "x-ms-return-client-request-id": "true"
      },
      "RequestBody": null,
      "StatusCode": 200,
      "ResponseHeaders": {
        "Cache-Control": "no-cache",
        "Content-Length": "331",
        "Content-Type": "application/json; charset=utf-8",
        "Date": "Wed, 25 May 2022 18:02:05 GMT",
        "Expires": "-1",
        "Pragma": "no-cache",
        "Strict-Transport-Security": "max-age=31536000; includeSubDomains",
        "X-Content-Type-Options": "nosniff",
        "x-ms-correlation-request-id": "f345b863-4e85-4d0d-98b2-2bb7d79d29db",
        "x-ms-ratelimit-remaining-subscription-reads": "11949",
        "x-ms-request-id": "f345b863-4e85-4d0d-98b2-2bb7d79d29db",
        "x-ms-routing-request-id": "WESTUS:20220525T180206Z:f345b863-4e85-4d0d-98b2-2bb7d79d29db"
      },
      "ResponseBody": {
        "id": "/subscriptions/292d7caa-a878-4de8-b774-689097666272/resourceGroups/azsdkRG",
        "name": "azsdkRG",
        "type": "Microsoft.Resources/resourceGroups",
        "location": "brazilsouth",
        "tags": {
          "ServiceDirectory": "desktopvirtualization",
          "Creator": "sampa",
          "DeleteAfter": "2022-05-22T20:49:28.1719085Z"
        },
        "properties": {
          "provisioningState": "Succeeded"
        }
      }
    },
    {
      "RequestUri": "https://management.azure.com/subscriptions/292d7caa-a878-4de8-b774-689097666272/resourceGroups/azsdkRG/providers/Microsoft.DesktopVirtualization/hostPools/testRemoteApplicationGroupCrudHP?api-version=2021-07-12",
      "RequestMethod": "PUT",
      "RequestHeaders": {
        "Accept": "application/json",
        "Authorization": "Sanitized",
        "Content-Length": "143",
        "Content-Type": "application/json",
        "traceparent": "00-e0522250a162354fa56e3a3a127a0e78-bf7ac2a7f8346448-00",
        "User-Agent": "azsdk-net-ResourceManager.DesktopVirtualization/1.0.0-alpha.20220524.1 (.NET Core 3.1.25; Microsoft Windows 10.0.22000) azsdk-net-ResourceManager/1.0.0-alpha.20220524.1 (.NET Core 3.1.25; Microsoft Windows 10.0.22000)",
        "x-ms-client-request-id": "96f915630c60475c0f7aa516ad044e80",
        "x-ms-return-client-request-id": "true"
      },
      "RequestBody": {
        "tags": {},
        "location": "brazilsouth",
        "properties": {
          "hostPoolType": "Pooled",
          "loadBalancerType": "BreadthFirst",
          "preferredAppGroupType": "Desktop"
        }
      },
      "StatusCode": 201,
      "ResponseHeaders": {
        "Cache-Control": "no-cache",
        "Content-Length": "1269",
        "Content-Type": "application/json; charset=utf-8",
        "Date": "Wed, 25 May 2022 18:02:08 GMT",
        "Expires": "-1",
        "Location": "/subscriptions/292d7caa-a878-4de8-b774-689097666272/resourcegroups/azsdkRG/providers/Microsoft.DesktopVirtualization/hostpools/testRemoteApplicationGroupCrudHP",
        "Pragma": "no-cache",
        "Server": "Microsoft-IIS/10.0",
        "Set-Cookie": [
          "ARRAffinity=2ab10cbc1521288d33e256dad5897d5019403f97e47f786bc548d223ad39f3dd;Path=/;HttpOnly;Secure;Domain=rdarmprovider.dev03.avdtest.net",
          "ARRAffinitySameSite=2ab10cbc1521288d33e256dad5897d5019403f97e47f786bc548d223ad39f3dd;Path=/;HttpOnly;SameSite=None;Secure;Domain=rdarmprovider.dev03.avdtest.net"
        ],
        "Strict-Transport-Security": "max-age=31536000; includeSubDomains",
        "X-Content-Type-Options": "nosniff",
        "x-ms-correlation-id": "b7a0a7c5-5a62-4334-bfdc-de22a36b5fcf",
        "x-ms-correlation-request-id": "6dd87803-26df-4417-ad6e-097b5ade5b54",
        "x-ms-lamport-ts": "891",
        "x-ms-opsarmpath64": "L3N1YnNjcmlwdGlvbnMvMjkyZDdjYWEtYTg3OC00ZGU4LWI3NzQtNjg5MDk3NjY2MjcyL3Jlc291cmNlR3JvdXBzL2F6c2RrUkcvcHJvdmlkZXJzL01pY3Jvc29mdC5EZXNrdG9wVmlydHVhbGl6YXRpb24vaG9zdFBvb2xzL3Rlc3RSZW1vdGVBcHBsaWNhdGlvbkdyb3VwQ3J1ZEhQ",
        "x-ms-ratelimit-remaining-subscription-writes": "1176",
        "x-ms-request-id": "96f91563-0c60-475c-0f7a-a516ad044e80",
        "x-ms-routing-request-id": "WESTUS:20220525T180209Z:6dd87803-26df-4417-ad6e-097b5ade5b54",
        "X-Powered-By": "ASP.NET",
        "X-Rate-Limit-Limit": "0",
        "X-Rate-Limit-Remaining": "9223372036854775807",
        "X-Rate-Limit-Reset": "0"
      },
      "ResponseBody": {
        "name": "testRemoteApplicationGroupCrudHP",
        "id": "/subscriptions/292d7caa-a878-4de8-b774-689097666272/resourcegroups/azsdkRG/providers/Microsoft.DesktopVirtualization/hostpools/testRemoteApplicationGroupCrudHP",
        "type": "Microsoft.DesktopVirtualization/hostpools",
        "location": "brazilsouth",
        "tags": {},
        "kind": null,
        "systemData": {
          "createdBy": "4d623718-752b-4325-9960-46e070a92bca",
          "createdByType": "Application",
          "createdAt": "2022-05-25T18:02:08.04Z",
          "lastModifiedBy": "4d623718-752b-4325-9960-46e070a92bca",
          "lastModifiedByType": "Application",
          "lastModifiedAt": "2022-05-25T18:02:08.04Z"
        },
        "properties": {
          "friendlyName": null,
          "description": null,
          "hostPoolType": "Pooled",
          "personalDesktopAssignmentType": "Automatic",
          "applicationGroupReferences": [],
          "customRdpProperty": "",
          "maxSessionLimit": 999999,
          "loadBalancerType": "BreadthFirst",
          "validationEnvironment": true,
          "ring": 0,
          "registrationInfo": {
            "expirationTime": "0001-01-01T00:00:00",
            "token": "",
            "registrationTokenOperation": "None"
          },
          "vmTemplate": null,
          "preferredAppGroupType": "Desktop",
          "migrationRequest": {
            "operation": "",
            "migrationPath": ""
          },
          "cloudPcResource": false,
          "startVMOnConnect": false,
          "ssoadfsAuthority": null,
          "ssoClientId": null,
          "ssoClientSecretKeyVaultPath": null,
          "ssoSecretType": "SharedKey",
          "objectId": "b923d0ba-1c47-4192-96ad-08e1ac58cd3b"
        }
      }
    },
    {
      "RequestUri": "https://management.azure.com/subscriptions/292d7caa-a878-4de8-b774-689097666272/resourceGroups/azsdkRG/providers/Microsoft.DesktopVirtualization/applicationGroups/testRemoteApplicationGroupCrudAG?api-version=2021-07-12",
      "RequestMethod": "PUT",
      "RequestHeaders": {
        "Accept": "application/json",
        "Authorization": "Sanitized",
        "Content-Length": "266",
        "Content-Type": "application/json",
        "traceparent": "00-0895a21be06e0b4686935de86d692882-f8b318f029150049-00",
        "User-Agent": "azsdk-net-ResourceManager.DesktopVirtualization/1.0.0-alpha.20220524.1 (.NET Core 3.1.25; Microsoft Windows 10.0.22000) azsdk-net-ResourceManager/1.0.0-alpha.20220524.1 (.NET Core 3.1.25; Microsoft Windows 10.0.22000)",
        "x-ms-client-request-id": "fada07073099268a339edb52bd5247e7",
        "x-ms-return-client-request-id": "true"
      },
      "RequestBody": {
        "tags": {},
        "location": "brazilsouth",
        "properties": {
          "hostPoolArmPath": "/subscriptions/292d7caa-a878-4de8-b774-689097666272/resourcegroups/azsdkRG/providers/Microsoft.DesktopVirtualization/hostpools/testRemoteApplicationGroupCrudHP",
          "applicationGroupType": "RemoteApp"
        }
      },
      "StatusCode": 201,
      "ResponseHeaders": {
        "Cache-Control": "no-cache",
        "Content-Length": "1021",
        "Content-Type": "application/json; charset=utf-8",
        "Date": "Wed, 25 May 2022 18:02:11 GMT",
        "Expires": "-1",
        "Location": "/subscriptions/292d7caa-a878-4de8-b774-689097666272/resourcegroups/azsdkRG/providers/Microsoft.DesktopVirtualization/applicationgroups/testRemoteApplicationGroupCrudAG",
        "Pragma": "no-cache",
        "Server": "Microsoft-IIS/10.0",
        "Set-Cookie": [
          "ARRAffinity=2ab10cbc1521288d33e256dad5897d5019403f97e47f786bc548d223ad39f3dd;Path=/;HttpOnly;Secure;Domain=rdarmprovider.dev03.avdtest.net",
          "ARRAffinitySameSite=2ab10cbc1521288d33e256dad5897d5019403f97e47f786bc548d223ad39f3dd;Path=/;HttpOnly;SameSite=None;Secure;Domain=rdarmprovider.dev03.avdtest.net"
        ],
        "Strict-Transport-Security": "max-age=31536000; includeSubDomains",
        "X-Content-Type-Options": "nosniff",
        "x-ms-correlation-id": "bd0d1b68-7083-4287-bbf0-e1cd29a8c56b",
        "x-ms-correlation-request-id": "c41492f7-3d87-4a41-85c0-142b75c12691",
        "x-ms-lamport-ts": "894",
        "x-ms-opsarmpath64": "L3N1YnNjcmlwdGlvbnMvMjkyZDdjYWEtYTg3OC00ZGU4LWI3NzQtNjg5MDk3NjY2MjcyL3Jlc291cmNlR3JvdXBzL2F6c2RrUkcvcHJvdmlkZXJzL01pY3Jvc29mdC5EZXNrdG9wVmlydHVhbGl6YXRpb24vYXBwbGljYXRpb25Hcm91cHMvdGVzdFJlbW90ZUFwcGxpY2F0aW9uR3JvdXBDcnVkQUc=",
        "x-ms-ratelimit-remaining-subscription-writes": "1175",
        "x-ms-request-id": "fada0707-3099-268a-339e-db52bd5247e7",
        "x-ms-routing-request-id": "WESTUS:20220525T180212Z:c41492f7-3d87-4a41-85c0-142b75c12691",
        "X-Powered-By": "ASP.NET",
        "X-Rate-Limit-Limit": "0",
        "X-Rate-Limit-Remaining": "9223372036854775807",
        "X-Rate-Limit-Reset": "0"
      },
      "ResponseBody": {
        "name": "testRemoteApplicationGroupCrudAG",
        "id": "/subscriptions/292d7caa-a878-4de8-b774-689097666272/resourcegroups/azsdkRG/providers/Microsoft.DesktopVirtualization/applicationgroups/testRemoteApplicationGroupCrudAG",
        "type": "Microsoft.DesktopVirtualization/applicationgroups",
        "location": "brazilsouth",
        "tags": {},
        "kind": "RemoteApp",
        "systemData": {
          "createdBy": "4d623718-752b-4325-9960-46e070a92bca",
          "createdByType": "Application",
          "createdAt": "2022-05-25T18:02:10.62Z",
          "lastModifiedBy": "4d623718-752b-4325-9960-46e070a92bca",
          "lastModifiedByType": "Application",
          "lastModifiedAt": "2022-05-25T18:02:10.62Z"
        },
        "properties": {
          "hostPoolArmPath": "/subscriptions/292d7caa-a878-4de8-b774-689097666272/resourcegroups/azsdkRG/providers/Microsoft.DesktopVirtualization/hostpools/testRemoteApplicationGroupCrudHP",
          "workspaceArmPath": null,
          "description": null,
          "friendlyName": null,
          "applicationGroupType": "RemoteApp",
          "migrationRequest": {
            "operation": "",
            "migrationPath": ""
          },
          "cloudPcResource": false,
          "objectId": "db4f0583-ff08-4ccc-92af-9be35b555539"
        }
      }
    },
    {
      "RequestUri": "https://management.azure.com/subscriptions/292d7caa-a878-4de8-b774-689097666272/resourceGroups/azsdkRG/providers/Microsoft.DesktopVirtualization/applicationGroups/testRemoteApplicationGroupCrudAG?api-version=2021-07-12",
      "RequestMethod": "GET",
      "RequestHeaders": {
        "Accept": "application/json",
        "Authorization": "Sanitized",
        "traceparent": "00-224920d69eb7a14681812af0f8c71431-48aebaf48ae49f42-00",
        "User-Agent": "azsdk-net-ResourceManager.DesktopVirtualization/1.0.0-alpha.20220524.1 (.NET Core 3.1.25; Microsoft Windows 10.0.22000) azsdk-net-ResourceManager/1.0.0-alpha.20220524.1 (.NET Core 3.1.25; Microsoft Windows 10.0.22000)",
        "x-ms-client-request-id": "aabf1defb60aee84eb8cd355848de5a1",
        "x-ms-return-client-request-id": "true"
      },
      "RequestBody": null,
      "StatusCode": 200,
      "ResponseHeaders": {
        "Cache-Control": "no-cache",
        "Content-Length": "1021",
        "Content-Type": "application/json; charset=utf-8",
        "Date": "Wed, 25 May 2022 18:02:11 GMT",
        "Expires": "-1",
        "Pragma": "no-cache",
        "Server": "Microsoft-IIS/10.0",
        "Set-Cookie": [
          "ARRAffinity=2ab10cbc1521288d33e256dad5897d5019403f97e47f786bc548d223ad39f3dd;Path=/;HttpOnly;Secure;Domain=rdarmprovider.dev03.avdtest.net",
          "ARRAffinitySameSite=2ab10cbc1521288d33e256dad5897d5019403f97e47f786bc548d223ad39f3dd;Path=/;HttpOnly;SameSite=None;Secure;Domain=rdarmprovider.dev03.avdtest.net"
        ],
        "Strict-Transport-Security": "max-age=31536000; includeSubDomains",
        "Vary": "Accept-Encoding",
        "X-Content-Type-Options": "nosniff",
        "x-ms-correlation-id": "0c882ea4-f606-4781-a4ee-9382ff61ab87",
        "x-ms-correlation-request-id": "256f0789-8dad-4115-b04e-23eebaa8ecfb",
        "x-ms-lamport-ts": "899",
        "x-ms-opsarmpath64": "L3N1YnNjcmlwdGlvbnMvMjkyZDdjYWEtYTg3OC00ZGU4LWI3NzQtNjg5MDk3NjY2MjcyL3Jlc291cmNlR3JvdXBzL2F6c2RrUkcvcHJvdmlkZXJzL01pY3Jvc29mdC5EZXNrdG9wVmlydHVhbGl6YXRpb24vYXBwbGljYXRpb25Hcm91cHMvdGVzdFJlbW90ZUFwcGxpY2F0aW9uR3JvdXBDcnVkQUc=",
        "x-ms-ratelimit-remaining-subscription-reads": "11948",
        "x-ms-request-id": "aabf1def-b60a-ee84-eb8c-d355848de5a1",
        "x-ms-routing-request-id": "WESTUS:20220525T180212Z:256f0789-8dad-4115-b04e-23eebaa8ecfb",
        "X-Powered-By": "ASP.NET",
        "X-Rate-Limit-Limit": "0",
        "X-Rate-Limit-Remaining": "9223372036854775807",
        "X-Rate-Limit-Reset": "0"
      },
      "ResponseBody": {
        "name": "testRemoteApplicationGroupCrudAG",
        "id": "/subscriptions/292d7caa-a878-4de8-b774-689097666272/resourcegroups/azsdkRG/providers/Microsoft.DesktopVirtualization/applicationgroups/testRemoteApplicationGroupCrudAG",
        "type": "Microsoft.DesktopVirtualization/applicationgroups",
        "location": "brazilsouth",
        "tags": {},
        "kind": "RemoteApp",
        "systemData": {
          "createdBy": "4d623718-752b-4325-9960-46e070a92bca",
          "createdByType": "Application",
          "createdAt": "2022-05-25T18:02:10.62Z",
          "lastModifiedBy": "4d623718-752b-4325-9960-46e070a92bca",
          "lastModifiedByType": "Application",
          "lastModifiedAt": "2022-05-25T18:02:10.62Z"
        },
        "properties": {
          "hostPoolArmPath": "/subscriptions/292d7caa-a878-4de8-b774-689097666272/resourcegroups/azsdkRG/providers/Microsoft.DesktopVirtualization/hostpools/testRemoteApplicationGroupCrudHP",
          "workspaceArmPath": null,
          "description": null,
          "friendlyName": null,
          "applicationGroupType": "RemoteApp",
          "migrationRequest": {
            "operation": "",
            "migrationPath": ""
          },
          "cloudPcResource": false,
          "objectId": "db4f0583-ff08-4ccc-92af-9be35b555539"
        }
      }
    },
    {
      "RequestUri": "https://management.azure.com/subscriptions/292d7caa-a878-4de8-b774-689097666272/resourceGroups/azsdkRG/providers/Microsoft.DesktopVirtualization/applicationGroups/testRemoteApplicationGroupCrudAG?api-version=2021-07-12",
      "RequestMethod": "PUT",
      "RequestHeaders": {
        "Accept": "application/json",
        "Authorization": "Sanitized",
        "Content-Length": "297",
        "Content-Type": "application/json",
        "traceparent": "00-bcc1a1204830054885f6d6a759ed8767-846c253c5440a446-00",
        "User-Agent": "azsdk-net-ResourceManager.DesktopVirtualization/1.0.0-alpha.20220524.1 (.NET Core 3.1.25; Microsoft Windows 10.0.22000) azsdk-net-ResourceManager/1.0.0-alpha.20220524.1 (.NET Core 3.1.25; Microsoft Windows 10.0.22000)",
        "x-ms-client-request-id": "4128a90776f833ca8bd263c1300a8abd",
        "x-ms-return-client-request-id": "true"
      },
      "RequestBody": {
        "tags": {},
        "location": "brazilsouth",
        "properties": {
          "friendlyName": "Friendly Name",
          "hostPoolArmPath": "/subscriptions/292d7caa-a878-4de8-b774-689097666272/resourcegroups/azsdkRG/providers/Microsoft.DesktopVirtualization/hostpools/testRemoteApplicationGroupCrudHP",
          "applicationGroupType": "RemoteApp"
        }
      },
      "StatusCode": 200,
      "ResponseHeaders": {
        "Cache-Control": "no-cache",
        "Content-Length": "1032",
        "Content-Type": "application/json; charset=utf-8",
        "Date": "Wed, 25 May 2022 18:02:12 GMT",
        "Expires": "-1",
        "Pragma": "no-cache",
        "Server": "Microsoft-IIS/10.0",
        "Set-Cookie": [
          "ARRAffinity=2ab10cbc1521288d33e256dad5897d5019403f97e47f786bc548d223ad39f3dd;Path=/;HttpOnly;Secure;Domain=rdarmprovider.dev03.avdtest.net",
          "ARRAffinitySameSite=2ab10cbc1521288d33e256dad5897d5019403f97e47f786bc548d223ad39f3dd;Path=/;HttpOnly;SameSite=None;Secure;Domain=rdarmprovider.dev03.avdtest.net"
        ],
        "Strict-Transport-Security": "max-age=31536000; includeSubDomains",
        "Vary": "Accept-Encoding",
        "X-Content-Type-Options": "nosniff",
        "x-ms-correlation-id": "8a71ddca-c36e-49a4-aaf0-cfc20e74444b",
        "x-ms-correlation-request-id": "b76efd33-e129-4230-ae76-1d3aa8f34e62",
        "x-ms-lamport-ts": "902",
        "x-ms-opsarmpath64": "L3N1YnNjcmlwdGlvbnMvMjkyZDdjYWEtYTg3OC00ZGU4LWI3NzQtNjg5MDk3NjY2MjcyL3Jlc291cmNlR3JvdXBzL2F6c2RrUkcvcHJvdmlkZXJzL01pY3Jvc29mdC5EZXNrdG9wVmlydHVhbGl6YXRpb24vYXBwbGljYXRpb25Hcm91cHMvdGVzdFJlbW90ZUFwcGxpY2F0aW9uR3JvdXBDcnVkQUc=",
        "x-ms-ratelimit-remaining-subscription-writes": "1174",
        "x-ms-request-id": "4128a907-76f8-33ca-8bd2-63c1300a8abd",
        "x-ms-routing-request-id": "WESTUS:20220525T180213Z:b76efd33-e129-4230-ae76-1d3aa8f34e62",
        "X-Powered-By": "ASP.NET",
        "X-Rate-Limit-Limit": "0",
        "X-Rate-Limit-Remaining": "9223372036854775807",
        "X-Rate-Limit-Reset": "0"
      },
      "ResponseBody": {
        "name": "testRemoteApplicationGroupCrudAG",
        "id": "/subscriptions/292d7caa-a878-4de8-b774-689097666272/resourcegroups/azsdkRG/providers/Microsoft.DesktopVirtualization/applicationgroups/testRemoteApplicationGroupCrudAG",
        "type": "Microsoft.DesktopVirtualization/applicationgroups",
        "location": "brazilsouth",
        "tags": {},
        "kind": "RemoteApp",
        "systemData": {
          "createdBy": "4d623718-752b-4325-9960-46e070a92bca",
          "createdByType": "Application",
          "createdAt": "2022-05-25T18:02:10.62Z",
          "lastModifiedBy": "4d623718-752b-4325-9960-46e070a92bca",
          "lastModifiedByType": "Application",
          "lastModifiedAt": "2022-05-25T18:02:12.62Z"
        },
        "properties": {
          "hostPoolArmPath": "/subscriptions/292d7caa-a878-4de8-b774-689097666272/resourcegroups/azsdkRG/providers/Microsoft.DesktopVirtualization/hostpools/testRemoteApplicationGroupCrudHP",
          "workspaceArmPath": null,
          "description": null,
          "friendlyName": "Friendly Name",
          "applicationGroupType": "RemoteApp",
          "migrationRequest": {
            "operation": "",
            "migrationPath": ""
          },
          "cloudPcResource": false,
          "objectId": "db4f0583-ff08-4ccc-92af-9be35b555539"
        }
      }
    },
    {
      "RequestUri": "https://management.azure.com/subscriptions/292d7caa-a878-4de8-b774-689097666272/resourceGroups/azsdkRG/providers/Microsoft.DesktopVirtualization/applicationGroups/testRemoteApplicationGroupCrudAG?api-version=2021-07-12",
      "RequestMethod": "GET",
      "RequestHeaders": {
        "Accept": "application/json",
        "Authorization": "Sanitized",
        "traceparent": "00-6d96a5ae97c9e24e8c36f54bf2784102-bd25b64b5f305542-00",
        "User-Agent": "azsdk-net-ResourceManager.DesktopVirtualization/1.0.0-alpha.20220524.1 (.NET Core 3.1.25; Microsoft Windows 10.0.22000) azsdk-net-ResourceManager/1.0.0-alpha.20220524.1 (.NET Core 3.1.25; Microsoft Windows 10.0.22000)",
        "x-ms-client-request-id": "9027bd33a445517683ec0e0d5d35a2a6",
        "x-ms-return-client-request-id": "true"
      },
      "RequestBody": null,
      "StatusCode": 200,
      "ResponseHeaders": {
        "Cache-Control": "no-cache",
        "Content-Length": "1032",
        "Content-Type": "application/json; charset=utf-8",
        "Date": "Wed, 25 May 2022 18:02:13 GMT",
        "Expires": "-1",
        "Pragma": "no-cache",
        "Server": "Microsoft-IIS/10.0",
        "Set-Cookie": [
          "ARRAffinity=2ab10cbc1521288d33e256dad5897d5019403f97e47f786bc548d223ad39f3dd;Path=/;HttpOnly;Secure;Domain=rdarmprovider.dev03.avdtest.net",
          "ARRAffinitySameSite=2ab10cbc1521288d33e256dad5897d5019403f97e47f786bc548d223ad39f3dd;Path=/;HttpOnly;SameSite=None;Secure;Domain=rdarmprovider.dev03.avdtest.net"
        ],
        "Strict-Transport-Security": "max-age=31536000; includeSubDomains",
        "Vary": "Accept-Encoding",
        "X-Content-Type-Options": "nosniff",
        "x-ms-correlation-id": "dbe9d123-8991-483c-9f37-f13cb900922f",
        "x-ms-correlation-request-id": "2b6364b9-39b3-4719-a95b-9e285351ed6f",
        "x-ms-lamport-ts": "905",
        "x-ms-opsarmpath64": "L3N1YnNjcmlwdGlvbnMvMjkyZDdjYWEtYTg3OC00ZGU4LWI3NzQtNjg5MDk3NjY2MjcyL3Jlc291cmNlR3JvdXBzL2F6c2RrUkcvcHJvdmlkZXJzL01pY3Jvc29mdC5EZXNrdG9wVmlydHVhbGl6YXRpb24vYXBwbGljYXRpb25Hcm91cHMvdGVzdFJlbW90ZUFwcGxpY2F0aW9uR3JvdXBDcnVkQUc=",
        "x-ms-ratelimit-remaining-subscription-reads": "11947",
        "x-ms-request-id": "9027bd33-a445-5176-83ec-0e0d5d35a2a6",
        "x-ms-routing-request-id": "WESTUS:20220525T180213Z:2b6364b9-39b3-4719-a95b-9e285351ed6f",
        "X-Powered-By": "ASP.NET",
        "X-Rate-Limit-Limit": "0",
        "X-Rate-Limit-Remaining": "9223372036854775807",
        "X-Rate-Limit-Reset": "0"
      },
      "ResponseBody": {
        "name": "testRemoteApplicationGroupCrudAG",
        "id": "/subscriptions/292d7caa-a878-4de8-b774-689097666272/resourcegroups/azsdkRG/providers/Microsoft.DesktopVirtualization/applicationgroups/testRemoteApplicationGroupCrudAG",
        "type": "Microsoft.DesktopVirtualization/applicationgroups",
        "location": "brazilsouth",
        "tags": {},
        "kind": "RemoteApp",
        "systemData": {
          "createdBy": "4d623718-752b-4325-9960-46e070a92bca",
          "createdByType": "Application",
          "createdAt": "2022-05-25T18:02:10.62Z",
          "lastModifiedBy": "4d623718-752b-4325-9960-46e070a92bca",
          "lastModifiedByType": "Application",
          "lastModifiedAt": "2022-05-25T18:02:12.62Z"
        },
        "properties": {
          "hostPoolArmPath": "/subscriptions/292d7caa-a878-4de8-b774-689097666272/resourcegroups/azsdkRG/providers/Microsoft.DesktopVirtualization/hostpools/testRemoteApplicationGroupCrudHP",
          "workspaceArmPath": null,
          "description": null,
          "friendlyName": "Friendly Name",
          "applicationGroupType": "RemoteApp",
          "migrationRequest": {
            "operation": "",
            "migrationPath": ""
          },
          "cloudPcResource": false,
          "objectId": "db4f0583-ff08-4ccc-92af-9be35b555539"
        }
      }
    },
    {
      "RequestUri": "https://management.azure.com/subscriptions/292d7caa-a878-4de8-b774-689097666272/resourceGroups/azsdkRG/providers/Microsoft.DesktopVirtualization/applicationGroups/testRemoteApplicationGroupCrudAG?api-version=2021-07-12",
      "RequestMethod": "DELETE",
      "RequestHeaders": {
        "Accept": "application/json",
        "Authorization": "Sanitized",
        "traceparent": "00-1713a421714fb740aa36f64f85acb2fb-6f8a779592982f49-00",
        "User-Agent": "azsdk-net-ResourceManager.DesktopVirtualization/1.0.0-alpha.20220524.1 (.NET Core 3.1.25; Microsoft Windows 10.0.22000) azsdk-net-ResourceManager/1.0.0-alpha.20220524.1 (.NET Core 3.1.25; Microsoft Windows 10.0.22000)",
        "x-ms-client-request-id": "134a3ab9052978ef528b1e3753c2bee0",
        "x-ms-return-client-request-id": "true"
      },
      "RequestBody": null,
      "StatusCode": 200,
      "ResponseHeaders": {
        "Cache-Control": "no-cache",
        "Content-Length": "1032",
        "Content-Type": "application/json; charset=utf-8",
        "Date": "Wed, 25 May 2022 18:02:15 GMT",
        "Expires": "-1",
        "Pragma": "no-cache",
        "Server": "Microsoft-IIS/10.0",
        "Set-Cookie": [
          "ARRAffinity=2ab10cbc1521288d33e256dad5897d5019403f97e47f786bc548d223ad39f3dd;Path=/;HttpOnly;Secure;Domain=rdarmprovider.dev03.avdtest.net",
          "ARRAffinitySameSite=2ab10cbc1521288d33e256dad5897d5019403f97e47f786bc548d223ad39f3dd;Path=/;HttpOnly;SameSite=None;Secure;Domain=rdarmprovider.dev03.avdtest.net"
        ],
        "Strict-Transport-Security": "max-age=31536000; includeSubDomains",
        "Vary": "Accept-Encoding",
        "X-Content-Type-Options": "nosniff",
        "x-ms-correlation-id": "aff1db75-12a8-4ff2-a60e-2807ee44d124",
        "x-ms-correlation-request-id": "a7297aa7-e926-420e-a200-ee7b8f9e3cce",
        "x-ms-lamport-ts": "910",
        "x-ms-opsarmpath64": "L3N1YnNjcmlwdGlvbnMvMjkyZDdjYWEtYTg3OC00ZGU4LWI3NzQtNjg5MDk3NjY2MjcyL3Jlc291cmNlR3JvdXBzL2F6c2RrUkcvcHJvdmlkZXJzL01pY3Jvc29mdC5EZXNrdG9wVmlydHVhbGl6YXRpb24vYXBwbGljYXRpb25Hcm91cHMvdGVzdFJlbW90ZUFwcGxpY2F0aW9uR3JvdXBDcnVkQUc=",
        "x-ms-ratelimit-remaining-subscription-deletes": "14975",
        "x-ms-request-id": "134a3ab9-0529-78ef-528b-1e3753c2bee0",
        "x-ms-routing-request-id": "WESTUS:20220525T180216Z:a7297aa7-e926-420e-a200-ee7b8f9e3cce",
        "X-Powered-By": "ASP.NET",
        "X-Rate-Limit-Limit": "0",
        "X-Rate-Limit-Remaining": "9223372036854775807",
        "X-Rate-Limit-Reset": "0"
      },
      "ResponseBody": {
        "name": "testRemoteApplicationGroupCrudAG",
        "id": "/subscriptions/292d7caa-a878-4de8-b774-689097666272/resourcegroups/azsdkRG/providers/Microsoft.DesktopVirtualization/applicationgroups/testRemoteApplicationGroupCrudAG",
        "type": "Microsoft.DesktopVirtualization/applicationgroups",
        "location": "brazilsouth",
        "tags": {},
        "kind": "RemoteApp",
        "systemData": {
          "createdBy": "4d623718-752b-4325-9960-46e070a92bca",
          "createdByType": "Application",
          "createdAt": "2022-05-25T18:02:10.62Z",
          "lastModifiedBy": "4d623718-752b-4325-9960-46e070a92bca",
          "lastModifiedByType": "Application",
          "lastModifiedAt": "2022-05-25T18:02:12.62Z"
        },
        "properties": {
          "hostPoolArmPath": "/subscriptions/292d7caa-a878-4de8-b774-689097666272/resourcegroups/azsdkRG/providers/Microsoft.DesktopVirtualization/hostpools/testRemoteApplicationGroupCrudHP",
          "workspaceArmPath": null,
          "description": null,
          "friendlyName": "Friendly Name",
          "applicationGroupType": "RemoteApp",
          "migrationRequest": {
            "operation": "",
            "migrationPath": ""
          },
          "cloudPcResource": false,
          "objectId": "db4f0583-ff08-4ccc-92af-9be35b555539"
        }
      }
    },
    {
      "RequestUri": "https://management.azure.com/subscriptions/292d7caa-a878-4de8-b774-689097666272/resourceGroups/azsdkRG/providers/Microsoft.DesktopVirtualization/applicationGroups/testRemoteApplicationGroupCrudAG?api-version=2021-07-12",
      "RequestMethod": "DELETE",
      "RequestHeaders": {
        "Accept": "application/json",
        "Authorization": "Sanitized",
        "traceparent": "00-b4092911ee2e8c4e9313e71c176b4459-3766c9b96c7d7c4d-00",
        "User-Agent": "azsdk-net-ResourceManager.DesktopVirtualization/1.0.0-alpha.20220524.1 (.NET Core 3.1.25; Microsoft Windows 10.0.22000) azsdk-net-ResourceManager/1.0.0-alpha.20220524.1 (.NET Core 3.1.25; Microsoft Windows 10.0.22000)",
        "x-ms-client-request-id": "c62115025466635b33d7be0c67bdd555",
        "x-ms-return-client-request-id": "true"
      },
      "RequestBody": null,
      "StatusCode": 204,
      "ResponseHeaders": {
        "Cache-Control": "no-cache",
        "Date": "Wed, 25 May 2022 18:02:15 GMT",
        "Expires": "-1",
        "Pragma": "no-cache",
        "Strict-Transport-Security": "max-age=31536000; includeSubDomains",
        "X-Content-Type-Options": "nosniff",
        "x-ms-correlation-request-id": "74a0bbd6-3fa5-49d7-8ee0-b079db247fa2",
        "x-ms-ratelimit-remaining-subscription-deletes": "14974",
        "x-ms-request-id": "74a0bbd6-3fa5-49d7-8ee0-b079db247fa2",
        "x-ms-routing-request-id": "WESTUS:20220525T180216Z:74a0bbd6-3fa5-49d7-8ee0-b079db247fa2"
      },
      "ResponseBody": null
    },
    {
      "RequestUri": "https://management.azure.com/subscriptions/292d7caa-a878-4de8-b774-689097666272/resourceGroups/azsdkRG/providers/Microsoft.DesktopVirtualization/applicationGroups/testRemoteApplicationGroupCrudAG?api-version=2021-07-12",
      "RequestMethod": "GET",
      "RequestHeaders": {
        "Accept": "application/json",
        "Authorization": "Sanitized",
        "traceparent": "00-2a1e56371fd16546ab8d9854c245b346-91427c32cc25ed40-00",
        "User-Agent": "azsdk-net-ResourceManager.DesktopVirtualization/1.0.0-alpha.20220524.1 (.NET Core 3.1.25; Microsoft Windows 10.0.22000) azsdk-net-ResourceManager/1.0.0-alpha.20220524.1 (.NET Core 3.1.25; Microsoft Windows 10.0.22000)",
        "x-ms-client-request-id": "f508bc3076bf2e94ceae3db9853efec1",
        "x-ms-return-client-request-id": "true"
      },
      "RequestBody": null,
      "StatusCode": 404,
      "ResponseHeaders": {
        "Cache-Control": "no-cache",
        "Content-Length": "261",
        "Content-Type": "application/json; charset=utf-8",
        "Date": "Wed, 25 May 2022 18:02:15 GMT",
        "Expires": "-1",
        "Pragma": "no-cache",
        "Strict-Transport-Security": "max-age=31536000; includeSubDomains",
        "X-Content-Type-Options": "nosniff",
        "x-ms-correlation-request-id": "9306fd4d-f4f2-488e-bf0e-4b60006be817",
        "x-ms-failure-cause": "gateway",
        "x-ms-request-id": "9306fd4d-f4f2-488e-bf0e-4b60006be817",
        "x-ms-routing-request-id": "WESTUS:20220525T180216Z:9306fd4d-f4f2-488e-bf0e-4b60006be817"
      },
      "ResponseBody": {
        "error": {
          "code": "ResourceNotFound",
          "message": "The Resource \u0027Microsoft.DesktopVirtualization/applicationgroups/testRemoteApplicationGroupCrudAG\u0027 under resource group \u0027azsdkRG\u0027 was not found. For more details please go to https://aka.ms/ARMResourceNotFoundFix"
        }
      }
    },
    {
      "RequestUri": "https://management.azure.com/subscriptions/292d7caa-a878-4de8-b774-689097666272/resourceGroups/azsdkRG/providers/Microsoft.DesktopVirtualization/hostPools/testRemoteApplicationGroupCrudHP?api-version=2021-07-12",
      "RequestMethod": "DELETE",
      "RequestHeaders": {
        "Accept": "application/json",
        "Authorization": "Sanitized",
        "traceparent": "00-3a769d9b6f27f443b4f4431b833b5baf-a716816b6094684e-00",
        "User-Agent": "azsdk-net-ResourceManager.DesktopVirtualization/1.0.0-alpha.20220524.1 (.NET Core 3.1.25; Microsoft Windows 10.0.22000) azsdk-net-ResourceManager/1.0.0-alpha.20220524.1 (.NET Core 3.1.25; Microsoft Windows 10.0.22000)",
        "x-ms-client-request-id": "470b2e2ddb14643fdee7e05147e21095",
        "x-ms-return-client-request-id": "true"
      },
      "RequestBody": null,
      "StatusCode": 200,
      "ResponseHeaders": {
        "Cache-Control": "no-cache",
        "Content-Length": "1269",
        "Content-Type": "application/json; charset=utf-8",
        "Date": "Wed, 25 May 2022 18:02:18 GMT",
        "Expires": "-1",
        "Pragma": "no-cache",
        "Server": "Microsoft-IIS/10.0",
        "Set-Cookie": [
          "ARRAffinity=2ab10cbc1521288d33e256dad5897d5019403f97e47f786bc548d223ad39f3dd;Path=/;HttpOnly;Secure;Domain=rdarmprovider.dev03.avdtest.net",
          "ARRAffinitySameSite=2ab10cbc1521288d33e256dad5897d5019403f97e47f786bc548d223ad39f3dd;Path=/;HttpOnly;SameSite=None;Secure;Domain=rdarmprovider.dev03.avdtest.net"
        ],
        "Strict-Transport-Security": "max-age=31536000; includeSubDomains",
        "Vary": "Accept-Encoding",
        "X-Content-Type-Options": "nosniff",
        "x-ms-correlation-id": "6913cbeb-4d43-45b6-8253-9ec19d4e39c7",
        "x-ms-correlation-request-id": "098e49a1-778b-47a4-8d31-e44556cc283c",
        "x-ms-lamport-ts": "913",
        "x-ms-opsarmpath64": "L3N1YnNjcmlwdGlvbnMvMjkyZDdjYWEtYTg3OC00ZGU4LWI3NzQtNjg5MDk3NjY2MjcyL3Jlc291cmNlR3JvdXBzL2F6c2RrUkcvcHJvdmlkZXJzL01pY3Jvc29mdC5EZXNrdG9wVmlydHVhbGl6YXRpb24vaG9zdFBvb2xzL3Rlc3RSZW1vdGVBcHBsaWNhdGlvbkdyb3VwQ3J1ZEhQ",
        "x-ms-ratelimit-remaining-subscription-deletes": "14973",
        "x-ms-request-id": "470b2e2d-db14-643f-dee7-e05147e21095",
        "x-ms-routing-request-id": "WESTUS:20220525T180219Z:098e49a1-778b-47a4-8d31-e44556cc283c",
        "X-Powered-By": "ASP.NET",
        "X-Rate-Limit-Limit": "0",
        "X-Rate-Limit-Remaining": "9223372036854775807",
        "X-Rate-Limit-Reset": "0"
      },
      "ResponseBody": {
        "name": "testRemoteApplicationGroupCrudHP",
        "id": "/subscriptions/292d7caa-a878-4de8-b774-689097666272/resourcegroups/azsdkRG/providers/Microsoft.DesktopVirtualization/hostpools/testRemoteApplicationGroupCrudHP",
        "type": "Microsoft.DesktopVirtualization/hostpools",
        "location": "brazilsouth",
        "tags": {},
        "kind": null,
        "systemData": {
          "createdBy": "4d623718-752b-4325-9960-46e070a92bca",
          "createdByType": "Application",
          "createdAt": "2022-05-25T18:02:08.04Z",
          "lastModifiedBy": "4d623718-752b-4325-9960-46e070a92bca",
          "lastModifiedByType": "Application",
          "lastModifiedAt": "2022-05-25T18:02:08.04Z"
        },
        "properties": {
          "friendlyName": null,
          "description": null,
          "hostPoolType": "Pooled",
          "personalDesktopAssignmentType": "Automatic",
          "applicationGroupReferences": [],
          "customRdpProperty": "",
          "maxSessionLimit": 999999,
          "loadBalancerType": "BreadthFirst",
          "validationEnvironment": true,
          "ring": 0,
          "registrationInfo": {
            "expirationTime": "0001-01-01T00:00:00",
            "token": "",
            "registrationTokenOperation": "None"
          },
          "vmTemplate": null,
          "preferredAppGroupType": "Desktop",
          "migrationRequest": {
            "operation": "",
            "migrationPath": ""
          },
          "cloudPcResource": false,
          "startVMOnConnect": false,
          "ssoadfsAuthority": null,
          "ssoClientId": null,
          "ssoClientSecretKeyVaultPath": null,
          "ssoSecretType": "SharedKey",
          "objectId": "b923d0ba-1c47-4192-96ad-08e1ac58cd3b"
        }
      }
    }
  ],
  "Variables": {
    "DESKTOPVIRTUALIZATION_RESOURCE_GROUP": "azsdkRG",
    "RandomSeed": "71251554",
    "RESOURCE_MANAGER_URL": "https://management.azure.com/",
    "SUBSCRIPTION_ID": "292d7caa-a878-4de8-b774-689097666272"
  }
}
