{
  "Entries": [
    {
      "RequestUri": "https://management.azure.com/subscriptions/12053b8f-cab5-4f5c-9c1a-870580142abd?api-version=2021-01-01",
      "RequestMethod": "GET",
      "RequestHeaders": {
        "Accept": "application/json",
        "Authorization": "Sanitized",
        "traceparent": "00-e8f67b0ab99be64ea5a8d6ab5224be00-029b04dfd83fe142-00",
        "User-Agent": "azsdk-net-ResourceManager/1.3.1 (.NET Core 3.1.29; Microsoft Windows 10.0.19044)",
        "x-ms-client-request-id": "6a433b3c27d7602ca606599ef17d278e",
        "x-ms-return-client-request-id": "true"
      },
      "RequestBody": null,
      "StatusCode": 200,
      "ResponseHeaders": {
        "Cache-Control": "no-cache",
        "Content-Length": "458",
        "Content-Type": "application/json; charset=utf-8",
        "Date": "Thu, 22 Sep 2022 13:28:43 GMT",
        "Expires": "-1",
        "Pragma": "no-cache",
        "Strict-Transport-Security": "max-age=31536000; includeSubDomains",
        "X-Content-Type-Options": "nosniff",
        "x-ms-correlation-request-id": "4b5c3634-0319-4c08-b6e2-ab182c05b018",
        "x-ms-ratelimit-remaining-subscription-reads": "11491",
        "x-ms-request-id": "4b5c3634-0319-4c08-b6e2-ab182c05b018",
        "x-ms-routing-request-id": "WESTCENTRALUS:20220922T132843Z:4b5c3634-0319-4c08-b6e2-ab182c05b018"
      },
      "ResponseBody": {
        "id": "/subscriptions/12053b8f-cab5-4f5c-9c1a-870580142abd",
        "authorizationSource": "RoleBased",
        "managedByTenants": [
          {
            "tenantId": "2f4a9838-26b7-47ee-be60-ccc1fdec5953"
          }
        ],
        "subscriptionId": "12053b8f-cab5-4f5c-9c1a-870580142abd",
        "tenantId": "72f988bf-86f1-41af-91ab-2d7cd011db47",
        "displayName": "StorageHA\u0026ElasticityTeamSub",
        "state": "Enabled",
        "subscriptionPolicies": {
          "locationPlacementId": "Internal_2014-09-01",
          "quotaId": "Internal_2014-09-01",
          "spendingLimit": "Off"
        }
      }
    },
    {
      "RequestUri": "https://management.azure.com/subscriptions/12053b8f-cab5-4f5c-9c1a-870580142abd/resourcegroups/dbaccount-3481?api-version=**",
      "RequestMethod": "PUT",
      "RequestHeaders": {
        "Accept": "application/json",
        "Authorization": "Sanitized",
        "Content-Length": "22",
        "Content-Type": "application/json",
        "traceparent": "00-d1144a8d9b20cb49895932d2e56c9fc9-d02d3de1fb10be4e-00",
        "User-Agent": "azsdk-net-ResourceManager/1.3.1 (.NET Core 3.1.29; Microsoft Windows 10.0.19044)",
        "x-ms-client-request-id": "cff3a9e0b61d3e446bd284fd532314b9",
        "x-ms-return-client-request-id": "true"
      },
      "RequestBody": {
        "location": "westus2"
      },
      "StatusCode": 201,
      "ResponseHeaders": {
        "Cache-Control": "no-cache",
        "Content-Length": "226",
        "Content-Type": "application/json; charset=utf-8",
        "Date": "Thu, 22 Sep 2022 13:28:44 GMT",
        "Expires": "-1",
        "Pragma": "no-cache",
        "Strict-Transport-Security": "max-age=31536000; includeSubDomains",
        "X-Content-Type-Options": "nosniff",
        "x-ms-correlation-request-id": "4eca8786-cfb4-477e-a459-128100eb2971",
        "x-ms-ratelimit-remaining-subscription-writes": "1156",
        "x-ms-request-id": "4eca8786-cfb4-477e-a459-128100eb2971",
        "x-ms-routing-request-id": "WESTCENTRALUS:20220922T132844Z:4eca8786-cfb4-477e-a459-128100eb2971"
      },
      "ResponseBody": {
        "id": "/subscriptions/12053b8f-cab5-4f5c-9c1a-870580142abd/resourceGroups/dbaccount-3481",
        "name": "dbaccount-3481",
        "type": "Microsoft.Resources/resourceGroups",
        "location": "westus2",
        "properties": {
          "provisioningState": "Succeeded"
        }
      }
    },
    {
      "RequestUri": "https://management.azure.com/subscriptions/12053b8f-cab5-4f5c-9c1a-870580142abd/resourcegroups/dbaccount-3481?api-version=**",
      "RequestMethod": "GET",
      "RequestHeaders": {
        "Accept": "application/json",
        "Authorization": "Sanitized",
        "traceparent": "00-1be00b8d882dbc4990da16bb2d484049-c4fa45a60ff44747-00",
        "User-Agent": "azsdk-net-ResourceManager/1.3.1 (.NET Core 3.1.29; Microsoft Windows 10.0.19044)",
        "x-ms-client-request-id": "3dc5138d7ecf2411ed509ae156ddd6da",
        "x-ms-return-client-request-id": "true"
      },
      "RequestBody": null,
      "StatusCode": 200,
      "ResponseHeaders": {
        "Cache-Control": "no-cache",
        "Content-Length": "226",
        "Content-Type": "application/json; charset=utf-8",
        "Date": "Thu, 22 Sep 2022 13:28:44 GMT",
        "Expires": "-1",
        "Pragma": "no-cache",
        "Strict-Transport-Security": "max-age=31536000; includeSubDomains",
        "X-Content-Type-Options": "nosniff",
        "x-ms-correlation-request-id": "b47d046d-769a-401c-8ed2-351bdb2ebc0f",
        "x-ms-ratelimit-remaining-subscription-reads": "11490",
        "x-ms-request-id": "b47d046d-769a-401c-8ed2-351bdb2ebc0f",
        "x-ms-routing-request-id": "WESTCENTRALUS:20220922T132844Z:b47d046d-769a-401c-8ed2-351bdb2ebc0f"
      },
      "ResponseBody": {
        "id": "/subscriptions/12053b8f-cab5-4f5c-9c1a-870580142abd/resourceGroups/dbaccount-3481",
        "name": "dbaccount-3481",
        "type": "Microsoft.Resources/resourceGroups",
        "location": "westus2",
        "properties": {
          "provisioningState": "Succeeded"
        }
      }
    },
    {
      "RequestUri": "https://management.azure.com/subscriptions/12053b8f-cab5-4f5c-9c1a-870580142abd/resourceGroups/dbaccount-3481/providers/Microsoft.DocumentDB/databaseAccounts/dbaccount-9970?api-version=2022-08-15",
      "RequestMethod": "PUT",
      "RequestHeaders": {
        "Accept": "application/json",
        "Authorization": "Sanitized",
        "Content-Length": "512",
        "Content-Type": "application/json",
        "traceparent": "00-21b1c42f7e5709409092700fa131f24c-fd4a784ac96e3e4c-00",
        "User-Agent": "azsdk-net-ResourceManager.CosmosDB/1.1.0-alpha.20220921.1 (.NET Core 3.1.29; Microsoft Windows 10.0.19044)",
        "x-ms-client-request-id": "bb030a4d1f87fe852c6c54a86252e245",
        "x-ms-return-client-request-id": "true"
      },
      "RequestBody": {
        "kind": "GlobalDocumentDB",
        "tags": {
          "key1": "value1",
          "key2": "value2"
        },
        "location": "westus2",
        "properties": {
          "consistencyPolicy": {
            "defaultConsistencyLevel": "BoundedStaleness",
            "maxStalenessPrefix": 300,
            "maxIntervalInSeconds": 1000
          },
          "locations": [
            {
              "locationName": "westus",
              "isZoneRedundant": false
            }
          ],
          "databaseAccountOfferType": "Standard",
          "ipRules": [
            {
              "ipAddressOrRange": "23.43.230.120"
            }
          ],
          "isVirtualNetworkFilterEnabled": true,
          "enableAutomaticFailover": false,
          "connectorOffer": "Small",
          "disableKeyBasedMetadataWriteAccess": false
        }
      },
      "StatusCode": 200,
      "ResponseHeaders": {
        "Azure-AsyncOperation": "https://management.azure.com/subscriptions/12053b8f-cab5-4f5c-9c1a-870580142abd/providers/Microsoft.DocumentDB/locations/westus2/operationsStatus/5f516af2-a46d-4495-a543-b2d4178b4b3f?api-version=2022-08-15",
        "Cache-Control": "no-store, no-cache",
        "Content-Length": "2354",
        "Content-Type": "application/json",
        "Date": "Thu, 22 Sep 2022 13:28:48 GMT",
        "Location": "https://management.azure.com/subscriptions/12053b8f-cab5-4f5c-9c1a-870580142abd/resourceGroups/dbaccount-3481/providers/Microsoft.DocumentDB/databaseAccounts/dbaccount-9970/operationResults/5f516af2-a46d-4495-a543-b2d4178b4b3f?api-version=2022-08-15",
        "Pragma": "no-cache",
        "Server": "Microsoft-HTTPAPI/2.0",
        "Strict-Transport-Security": "max-age=31536000; includeSubDomains",
        "X-Content-Type-Options": "nosniff",
        "x-ms-correlation-request-id": "1a945885-3130-409b-9213-45ebc1b0e9f5",
        "x-ms-gatewayversion": "version=2.14.0",
        "x-ms-ratelimit-remaining-subscription-writes": "1155",
        "x-ms-request-id": "5f516af2-a46d-4495-a543-b2d4178b4b3f",
        "x-ms-routing-request-id": "WESTCENTRALUS:20220922T132848Z:1a945885-3130-409b-9213-45ebc1b0e9f5"
      },
      "ResponseBody": {
        "id": "/subscriptions/12053b8f-cab5-4f5c-9c1a-870580142abd/resourceGroups/dbaccount-3481/providers/Microsoft.DocumentDB/databaseAccounts/dbaccount-9970",
        "name": "dbaccount-9970",
        "location": "West US 2",
        "type": "Microsoft.DocumentDB/databaseAccounts",
        "kind": "GlobalDocumentDB",
        "tags": {
          "key1": "value1",
          "key2": "value2"
        },
        "systemData": {
          "createdAt": "2022-09-22T13:28:45.4386505Z"
        },
        "properties": {
          "provisioningState": "Creating",
          "publicNetworkAccess": "Enabled",
          "enableAutomaticFailover": false,
          "enableMultipleWriteLocations": false,
          "enablePartitionKeyMonitor": false,
          "isVirtualNetworkFilterEnabled": true,
          "virtualNetworkRules": [],
          "EnabledApiTypes": "Sql",
          "disableKeyBasedMetadataWriteAccess": false,
          "enableFreeTier": false,
          "enableAnalyticalStorage": false,
          "analyticalStorageConfiguration": {
            "schemaType": "WellDefined"
          },
          "instanceId": "b8a26590-bd8b-4344-8d18-267803e6e52c",
          "databaseAccountOfferType": "Standard",
          "enableCassandraConnector": false,
          "connectorOffer": "Small",
          "defaultIdentity": "",
          "networkAclBypass": "None",
          "disableLocalAuth": false,
          "enablePartitionMerge": false,
          "consistencyPolicy": {
            "defaultConsistencyLevel": "BoundedStaleness",
            "maxIntervalInSeconds": 1000,
            "maxStalenessPrefix": 300
          },
          "configurationOverrides": {},
          "writeLocations": [
            {
              "id": "dbaccount-9970-westus",
              "locationName": "West US",
              "provisioningState": "Creating",
              "failoverPriority": 0,
              "isZoneRedundant": false
            }
          ],
          "readLocations": [
            {
              "id": "dbaccount-9970-westus",
              "locationName": "West US",
              "provisioningState": "Creating",
              "failoverPriority": 0,
              "isZoneRedundant": false
            }
          ],
          "locations": [
            {
              "id": "dbaccount-9970-westus",
              "locationName": "West US",
              "provisioningState": "Creating",
              "failoverPriority": 0,
              "isZoneRedundant": false
            }
          ],
          "failoverPolicies": [
            {
              "id": "dbaccount-9970-westus",
              "locationName": "West US",
              "failoverPriority": 0
            }
          ],
          "cors": [],
          "capabilities": [],
          "ipRules": [
            {
              "ipAddressOrRange": "23.43.230.120"
            }
          ],
          "backupPolicy": {
            "type": "Periodic",
            "periodicModeProperties": {
              "backupIntervalInMinutes": 240,
              "backupRetentionIntervalInHours": 8,
              "backupStorageRedundancy": "Invalid"
            }
          },
          "networkAclBypassResourceIds": [],
          "keysMetadata": {
            "primaryMasterKey": {
              "generationTime": "2022-09-22T13:28:45.4386505Z"
            },
            "secondaryMasterKey": {
              "generationTime": "2022-09-22T13:28:45.4386505Z"
            },
            "primaryReadonlyMasterKey": {
              "generationTime": "2022-09-22T13:28:45.4386505Z"
            },
            "secondaryReadonlyMasterKey": {
              "generationTime": "2022-09-22T13:28:45.4386505Z"
            }
          }
        },
        "identity": {
          "type": "None"
        }
      }
    },
    {
      "RequestUri": "https://management.azure.com/subscriptions/12053b8f-cab5-4f5c-9c1a-870580142abd/providers/Microsoft.DocumentDB/locations/westus2/operationsStatus/5f516af2-a46d-4495-a543-b2d4178b4b3f?api-version=2022-08-15",
      "RequestMethod": "GET",
      "RequestHeaders": {
        "Authorization": "Sanitized",
        "traceparent": "00-21b1c42f7e5709409092700fa131f24c-93530adaa1920c4b-00",
        "User-Agent": "azsdk-net-ResourceManager/1.3.1 (.NET Core 3.1.29; Microsoft Windows 10.0.19044)",
        "x-ms-client-request-id": "190672a9fe10f4063f3fa311bc7b8bfd",
        "x-ms-return-client-request-id": "true"
      },
      "RequestBody": null,
      "StatusCode": 200,
      "ResponseHeaders": {
        "Cache-Control": "no-store, no-cache",
        "Content-Length": "21",
        "Content-Type": "application/json",
        "Date": "Thu, 22 Sep 2022 13:28:48 GMT",
        "Pragma": "no-cache",
        "Server": "Microsoft-HTTPAPI/2.0",
        "Strict-Transport-Security": "max-age=31536000; includeSubDomains",
        "X-Content-Type-Options": "nosniff",
        "x-ms-correlation-request-id": "160f4cb4-9013-4e06-b510-952642038fa1",
        "x-ms-gatewayversion": "version=2.14.0",
        "x-ms-ratelimit-remaining-subscription-reads": "11489",
        "x-ms-request-id": "160f4cb4-9013-4e06-b510-952642038fa1",
        "x-ms-routing-request-id": "WESTCENTRALUS:20220922T132848Z:160f4cb4-9013-4e06-b510-952642038fa1"
      },
      "ResponseBody": {
        "status": "Enqueued"
      }
    },
    {
      "RequestUri": "https://management.azure.com/subscriptions/12053b8f-cab5-4f5c-9c1a-870580142abd/providers/Microsoft.DocumentDB/locations/westus2/operationsStatus/5f516af2-a46d-4495-a543-b2d4178b4b3f?api-version=2022-08-15",
      "RequestMethod": "GET",
      "RequestHeaders": {
        "Authorization": "Sanitized",
        "traceparent": "00-21b1c42f7e5709409092700fa131f24c-ec4b789ddd14484a-00",
        "User-Agent": "azsdk-net-ResourceManager/1.3.1 (.NET Core 3.1.29; Microsoft Windows 10.0.19044)",
        "x-ms-client-request-id": "7a729bb7786cb339a76beba5516a9a44",
        "x-ms-return-client-request-id": "true"
      },
      "RequestBody": null,
      "StatusCode": 200,
      "ResponseHeaders": {
        "Cache-Control": "no-store, no-cache",
        "Content-Length": "21",
        "Content-Type": "application/json",
        "Date": "Thu, 22 Sep 2022 13:28:49 GMT",
        "Pragma": "no-cache",
        "Server": "Microsoft-HTTPAPI/2.0",
        "Strict-Transport-Security": "max-age=31536000; includeSubDomains",
        "X-Content-Type-Options": "nosniff",
        "x-ms-correlation-request-id": "5b13fca8-b616-4a97-b13c-31a4eeb89d90",
        "x-ms-gatewayversion": "version=2.14.0",
        "x-ms-ratelimit-remaining-subscription-reads": "11488",
        "x-ms-request-id": "5b13fca8-b616-4a97-b13c-31a4eeb89d90",
        "x-ms-routing-request-id": "WESTCENTRALUS:20220922T132849Z:5b13fca8-b616-4a97-b13c-31a4eeb89d90"
      },
      "ResponseBody": {
        "status": "Enqueued"
      }
    },
    {
      "RequestUri": "https://management.azure.com/subscriptions/12053b8f-cab5-4f5c-9c1a-870580142abd/providers/Microsoft.DocumentDB/locations/westus2/operationsStatus/5f516af2-a46d-4495-a543-b2d4178b4b3f?api-version=2022-08-15",
      "RequestMethod": "GET",
      "RequestHeaders": {
        "Authorization": "Sanitized",
        "traceparent": "00-21b1c42f7e5709409092700fa131f24c-f6875173b29a3c43-00",
        "User-Agent": "azsdk-net-ResourceManager/1.3.1 (.NET Core 3.1.29; Microsoft Windows 10.0.19044)",
        "x-ms-client-request-id": "effe58dfc94ce6345d752212f651db53",
        "x-ms-return-client-request-id": "true"
      },
      "RequestBody": null,
      "StatusCode": 200,
      "ResponseHeaders": {
        "Cache-Control": "no-store, no-cache",
        "Content-Length": "21",
        "Content-Type": "application/json",
        "Date": "Thu, 22 Sep 2022 13:28:50 GMT",
        "Pragma": "no-cache",
        "Server": "Microsoft-HTTPAPI/2.0",
        "Strict-Transport-Security": "max-age=31536000; includeSubDomains",
        "X-Content-Type-Options": "nosniff",
        "x-ms-correlation-request-id": "aa1cb081-0e37-45de-be93-51f99cf77942",
        "x-ms-gatewayversion": "version=2.14.0",
        "x-ms-ratelimit-remaining-subscription-reads": "11487",
        "x-ms-request-id": "aa1cb081-0e37-45de-be93-51f99cf77942",
        "x-ms-routing-request-id": "WESTCENTRALUS:20220922T132850Z:aa1cb081-0e37-45de-be93-51f99cf77942"
      },
      "ResponseBody": {
        "status": "Enqueued"
      }
    },
    {
      "RequestUri": "https://management.azure.com/subscriptions/12053b8f-cab5-4f5c-9c1a-870580142abd/providers/Microsoft.DocumentDB/locations/westus2/operationsStatus/5f516af2-a46d-4495-a543-b2d4178b4b3f?api-version=2022-08-15",
      "RequestMethod": "GET",
      "RequestHeaders": {
        "Authorization": "Sanitized",
        "traceparent": "00-21b1c42f7e5709409092700fa131f24c-437e6d22eeba8640-00",
        "User-Agent": "azsdk-net-ResourceManager/1.3.1 (.NET Core 3.1.29; Microsoft Windows 10.0.19044)",
        "x-ms-client-request-id": "c763cf561375318f395272a51261a2d5",
        "x-ms-return-client-request-id": "true"
      },
      "RequestBody": null,
      "StatusCode": 200,
      "ResponseHeaders": {
        "Cache-Control": "no-store, no-cache",
        "Content-Length": "21",
        "Content-Type": "application/json",
        "Date": "Thu, 22 Sep 2022 13:28:51 GMT",
        "Pragma": "no-cache",
        "Server": "Microsoft-HTTPAPI/2.0",
        "Strict-Transport-Security": "max-age=31536000; includeSubDomains",
        "X-Content-Type-Options": "nosniff",
        "x-ms-correlation-request-id": "b46bf03b-b7db-4c24-99d9-3e1d33b5268a",
        "x-ms-gatewayversion": "version=2.14.0",
        "x-ms-ratelimit-remaining-subscription-reads": "11486",
        "x-ms-request-id": "b46bf03b-b7db-4c24-99d9-3e1d33b5268a",
        "x-ms-routing-request-id": "WESTCENTRALUS:20220922T132851Z:b46bf03b-b7db-4c24-99d9-3e1d33b5268a"
      },
      "ResponseBody": {
        "status": "Dequeued"
      }
    },
    {
      "RequestUri": "https://management.azure.com/subscriptions/12053b8f-cab5-4f5c-9c1a-870580142abd/providers/Microsoft.DocumentDB/locations/westus2/operationsStatus/5f516af2-a46d-4495-a543-b2d4178b4b3f?api-version=2022-08-15",
      "RequestMethod": "GET",
      "RequestHeaders": {
        "Authorization": "Sanitized",
        "traceparent": "00-21b1c42f7e5709409092700fa131f24c-76093ab7bbe06849-00",
        "User-Agent": "azsdk-net-ResourceManager/1.3.1 (.NET Core 3.1.29; Microsoft Windows 10.0.19044)",
        "x-ms-client-request-id": "63325ea49b7deeb0678b1cf75527bd56",
        "x-ms-return-client-request-id": "true"
      },
      "RequestBody": null,
      "StatusCode": 200,
      "ResponseHeaders": {
        "Cache-Control": "no-store, no-cache",
        "Content-Length": "21",
        "Content-Type": "application/json",
        "Date": "Thu, 22 Sep 2022 13:28:53 GMT",
        "Pragma": "no-cache",
        "Server": "Microsoft-HTTPAPI/2.0",
        "Strict-Transport-Security": "max-age=31536000; includeSubDomains",
        "X-Content-Type-Options": "nosniff",
        "x-ms-correlation-request-id": "5c6b959e-116e-40dd-a42e-0d2fa90e8be0",
        "x-ms-gatewayversion": "version=2.14.0",
        "x-ms-ratelimit-remaining-subscription-reads": "11485",
        "x-ms-request-id": "5c6b959e-116e-40dd-a42e-0d2fa90e8be0",
        "x-ms-routing-request-id": "WESTCENTRALUS:20220922T132853Z:5c6b959e-116e-40dd-a42e-0d2fa90e8be0"
      },
      "ResponseBody": {
        "status": "Dequeued"
      }
    },
    {
      "RequestUri": "https://management.azure.com/subscriptions/12053b8f-cab5-4f5c-9c1a-870580142abd/providers/Microsoft.DocumentDB/locations/westus2/operationsStatus/5f516af2-a46d-4495-a543-b2d4178b4b3f?api-version=2022-08-15",
      "RequestMethod": "GET",
      "RequestHeaders": {
        "Authorization": "Sanitized",
        "traceparent": "00-21b1c42f7e5709409092700fa131f24c-7f2a92c3aa0ba644-00",
        "User-Agent": "azsdk-net-ResourceManager/1.3.1 (.NET Core 3.1.29; Microsoft Windows 10.0.19044)",
        "x-ms-client-request-id": "824e9890d306cbcfc9cdb6fa578fd4fb",
        "x-ms-return-client-request-id": "true"
      },
      "RequestBody": null,
      "StatusCode": 200,
      "ResponseHeaders": {
        "Cache-Control": "no-store, no-cache",
        "Content-Length": "21",
        "Content-Type": "application/json",
        "Date": "Thu, 22 Sep 2022 13:28:57 GMT",
        "Pragma": "no-cache",
        "Server": "Microsoft-HTTPAPI/2.0",
        "Strict-Transport-Security": "max-age=31536000; includeSubDomains",
        "X-Content-Type-Options": "nosniff",
        "x-ms-correlation-request-id": "6aa66476-d6e2-4a8c-a5d2-12c4405f6a59",
        "x-ms-gatewayversion": "version=2.14.0",
        "x-ms-ratelimit-remaining-subscription-reads": "11484",
        "x-ms-request-id": "6aa66476-d6e2-4a8c-a5d2-12c4405f6a59",
        "x-ms-routing-request-id": "WESTCENTRALUS:20220922T132857Z:6aa66476-d6e2-4a8c-a5d2-12c4405f6a59"
      },
      "ResponseBody": {
        "status": "Dequeued"
      }
    },
    {
      "RequestUri": "https://management.azure.com/subscriptions/12053b8f-cab5-4f5c-9c1a-870580142abd/providers/Microsoft.DocumentDB/locations/westus2/operationsStatus/5f516af2-a46d-4495-a543-b2d4178b4b3f?api-version=2022-08-15",
      "RequestMethod": "GET",
      "RequestHeaders": {
        "Authorization": "Sanitized",
        "traceparent": "00-21b1c42f7e5709409092700fa131f24c-757e7c791aa9c84a-00",
        "User-Agent": "azsdk-net-ResourceManager/1.3.1 (.NET Core 3.1.29; Microsoft Windows 10.0.19044)",
        "x-ms-client-request-id": "976e4dd2771ebbd61f7560eaf698db11",
        "x-ms-return-client-request-id": "true"
      },
      "RequestBody": null,
      "StatusCode": 200,
      "ResponseHeaders": {
        "Cache-Control": "no-store, no-cache",
        "Content-Length": "21",
        "Content-Type": "application/json",
        "Date": "Thu, 22 Sep 2022 13:29:05 GMT",
        "Pragma": "no-cache",
        "Server": "Microsoft-HTTPAPI/2.0",
        "Strict-Transport-Security": "max-age=31536000; includeSubDomains",
        "X-Content-Type-Options": "nosniff",
        "x-ms-correlation-request-id": "b74f3987-d0ac-4247-bd1f-f8a11b6f7b3f",
        "x-ms-gatewayversion": "version=2.14.0",
        "x-ms-ratelimit-remaining-subscription-reads": "11483",
        "x-ms-request-id": "b74f3987-d0ac-4247-bd1f-f8a11b6f7b3f",
        "x-ms-routing-request-id": "WESTCENTRALUS:20220922T132905Z:b74f3987-d0ac-4247-bd1f-f8a11b6f7b3f"
      },
      "ResponseBody": {
        "status": "Dequeued"
      }
    },
    {
      "RequestUri": "https://management.azure.com/subscriptions/12053b8f-cab5-4f5c-9c1a-870580142abd/providers/Microsoft.DocumentDB/locations/westus2/operationsStatus/5f516af2-a46d-4495-a543-b2d4178b4b3f?api-version=2022-08-15",
      "RequestMethod": "GET",
      "RequestHeaders": {
        "Authorization": "Sanitized",
        "traceparent": "00-21b1c42f7e5709409092700fa131f24c-a51e4937e488014a-00",
        "User-Agent": "azsdk-net-ResourceManager/1.3.1 (.NET Core 3.1.29; Microsoft Windows 10.0.19044)",
        "x-ms-client-request-id": "7a141c952012d1cf8f669aafe4b696d7",
        "x-ms-return-client-request-id": "true"
      },
      "RequestBody": null,
      "StatusCode": 200,
      "ResponseHeaders": {
        "Cache-Control": "no-store, no-cache",
        "Content-Length": "21",
        "Content-Type": "application/json",
        "Date": "Thu, 22 Sep 2022 13:29:21 GMT",
        "Pragma": "no-cache",
        "Server": "Microsoft-HTTPAPI/2.0",
        "Strict-Transport-Security": "max-age=31536000; includeSubDomains",
        "X-Content-Type-Options": "nosniff",
        "x-ms-correlation-request-id": "99750c60-26a1-4815-8a46-8a7065897cd9",
        "x-ms-gatewayversion": "version=2.14.0",
        "x-ms-ratelimit-remaining-subscription-reads": "11482",
        "x-ms-request-id": "99750c60-26a1-4815-8a46-8a7065897cd9",
        "x-ms-routing-request-id": "WESTCENTRALUS:20220922T132921Z:99750c60-26a1-4815-8a46-8a7065897cd9"
      },
      "ResponseBody": {
        "status": "Dequeued"
      }
    },
    {
      "RequestUri": "https://management.azure.com/subscriptions/12053b8f-cab5-4f5c-9c1a-870580142abd/providers/Microsoft.DocumentDB/locations/westus2/operationsStatus/5f516af2-a46d-4495-a543-b2d4178b4b3f?api-version=2022-08-15",
      "RequestMethod": "GET",
      "RequestHeaders": {
        "Authorization": "Sanitized",
        "traceparent": "00-21b1c42f7e5709409092700fa131f24c-476c7c82377f6f4c-00",
        "User-Agent": "azsdk-net-ResourceManager/1.3.1 (.NET Core 3.1.29; Microsoft Windows 10.0.19044)",
        "x-ms-client-request-id": "072521b725b91837c193639072e5d531",
        "x-ms-return-client-request-id": "true"
      },
      "RequestBody": null,
      "StatusCode": 200,
      "ResponseHeaders": {
        "Cache-Control": "no-store, no-cache",
        "Content-Length": "21",
        "Content-Type": "application/json",
        "Date": "Thu, 22 Sep 2022 13:29:53 GMT",
        "Pragma": "no-cache",
        "Server": "Microsoft-HTTPAPI/2.0",
        "Strict-Transport-Security": "max-age=31536000; includeSubDomains",
        "X-Content-Type-Options": "nosniff",
        "x-ms-correlation-request-id": "6116e75f-00a0-4cfc-bdce-e72d017c99f3",
        "x-ms-gatewayversion": "version=2.14.0",
        "x-ms-ratelimit-remaining-subscription-reads": "11481",
        "x-ms-request-id": "6116e75f-00a0-4cfc-bdce-e72d017c99f3",
        "x-ms-routing-request-id": "WESTCENTRALUS:20220922T132953Z:6116e75f-00a0-4cfc-bdce-e72d017c99f3"
      },
      "ResponseBody": {
        "status": "Dequeued"
      }
    },
    {
      "RequestUri": "https://management.azure.com/subscriptions/12053b8f-cab5-4f5c-9c1a-870580142abd/providers/Microsoft.DocumentDB/locations/westus2/operationsStatus/5f516af2-a46d-4495-a543-b2d4178b4b3f?api-version=2022-08-15",
      "RequestMethod": "GET",
      "RequestHeaders": {
        "Authorization": "Sanitized",
        "traceparent": "00-21b1c42f7e5709409092700fa131f24c-b6959259b1bfdc41-00",
        "User-Agent": "azsdk-net-ResourceManager/1.3.1 (.NET Core 3.1.29; Microsoft Windows 10.0.19044)",
        "x-ms-client-request-id": "3b64a5f15a7ab1e97e9c08b7dd26d668",
        "x-ms-return-client-request-id": "true"
      },
      "RequestBody": null,
      "StatusCode": 200,
      "ResponseHeaders": {
        "Cache-Control": "no-store, no-cache",
        "Content-Length": "21",
        "Content-Type": "application/json",
        "Date": "Thu, 22 Sep 2022 13:30:25 GMT",
        "Pragma": "no-cache",
        "Server": "Microsoft-HTTPAPI/2.0",
        "Strict-Transport-Security": "max-age=31536000; includeSubDomains",
        "X-Content-Type-Options": "nosniff",
        "x-ms-correlation-request-id": "08dff853-ce18-4079-b377-88fc19d41e89",
        "x-ms-gatewayversion": "version=2.14.0",
        "x-ms-ratelimit-remaining-subscription-reads": "11480",
        "x-ms-request-id": "08dff853-ce18-4079-b377-88fc19d41e89",
        "x-ms-routing-request-id": "WESTCENTRALUS:20220922T133026Z:08dff853-ce18-4079-b377-88fc19d41e89"
      },
      "ResponseBody": {
        "status": "Dequeued"
      }
    },
    {
      "RequestUri": "https://management.azure.com/subscriptions/12053b8f-cab5-4f5c-9c1a-870580142abd/providers/Microsoft.DocumentDB/locations/westus2/operationsStatus/5f516af2-a46d-4495-a543-b2d4178b4b3f?api-version=2022-08-15",
      "RequestMethod": "GET",
      "RequestHeaders": {
        "Authorization": "Sanitized",
        "traceparent": "00-21b1c42f7e5709409092700fa131f24c-781be0c215d3954b-00",
        "User-Agent": "azsdk-net-ResourceManager/1.3.1 (.NET Core 3.1.29; Microsoft Windows 10.0.19044)",
        "x-ms-client-request-id": "d53289ded3726f57e4fcb87ebd3e5eaa",
        "x-ms-return-client-request-id": "true"
      },
      "RequestBody": null,
      "StatusCode": 200,
      "ResponseHeaders": {
        "Cache-Control": "no-store, no-cache",
        "Content-Length": "22",
        "Content-Type": "application/json",
        "Date": "Thu, 22 Sep 2022 13:30:57 GMT",
        "Pragma": "no-cache",
        "Server": "Microsoft-HTTPAPI/2.0",
        "Strict-Transport-Security": "max-age=31536000; includeSubDomains",
        "X-Content-Type-Options": "nosniff",
        "x-ms-correlation-request-id": "e5cb9b09-2d35-4d11-a959-2c1f477b99c2",
        "x-ms-gatewayversion": "version=2.14.0",
        "x-ms-ratelimit-remaining-subscription-reads": "11479",
        "x-ms-request-id": "e5cb9b09-2d35-4d11-a959-2c1f477b99c2",
        "x-ms-routing-request-id": "WESTCENTRALUS:20220922T133058Z:e5cb9b09-2d35-4d11-a959-2c1f477b99c2"
      },
      "ResponseBody": {
        "status": "Succeeded"
      }
    },
    {
      "RequestUri": "https://management.azure.com/subscriptions/12053b8f-cab5-4f5c-9c1a-870580142abd/resourceGroups/dbaccount-3481/providers/Microsoft.DocumentDB/databaseAccounts/dbaccount-9970?api-version=2022-08-15",
      "RequestMethod": "GET",
      "RequestHeaders": {
        "Authorization": "Sanitized",
        "traceparent": "00-21b1c42f7e5709409092700fa131f24c-70dd23e14d919542-00",
        "User-Agent": "azsdk-net-ResourceManager/1.3.1 (.NET Core 3.1.29; Microsoft Windows 10.0.19044)",
        "x-ms-client-request-id": "3fbe69915b515d5c3774891c1d803b9b",
        "x-ms-return-client-request-id": "true"
      },
      "RequestBody": null,
      "StatusCode": 200,
      "ResponseHeaders": {
        "Cache-Control": "no-store, no-cache",
        "Content-Length": "2669",
        "Content-Type": "application/json",
        "Date": "Thu, 22 Sep 2022 13:30:57 GMT",
        "Pragma": "no-cache",
        "Server": "Microsoft-HTTPAPI/2.0",
        "Strict-Transport-Security": "max-age=31536000; includeSubDomains",
        "X-Content-Type-Options": "nosniff",
        "x-ms-correlation-request-id": "3474c650-6733-41bf-ba64-c8931a4c71f4",
        "x-ms-gatewayversion": "version=2.14.0",
        "x-ms-ratelimit-remaining-subscription-reads": "11478",
        "x-ms-request-id": "3474c650-6733-41bf-ba64-c8931a4c71f4",
        "x-ms-routing-request-id": "WESTCENTRALUS:20220922T133058Z:3474c650-6733-41bf-ba64-c8931a4c71f4"
      },
      "ResponseBody": {
        "id": "/subscriptions/12053b8f-cab5-4f5c-9c1a-870580142abd/resourceGroups/dbaccount-3481/providers/Microsoft.DocumentDB/databaseAccounts/dbaccount-9970",
        "name": "dbaccount-9970",
        "location": "West US 2",
        "type": "Microsoft.DocumentDB/databaseAccounts",
        "kind": "GlobalDocumentDB",
        "tags": {
          "key1": "value1",
          "key2": "value2"
        },
        "systemData": {
          "createdAt": "2022-09-22T13:30:20.7957787Z"
        },
        "properties": {
          "provisioningState": "Succeeded",
          "documentEndpoint": "https://dbaccount-9970.documents.azure.com:443/",
          "publicNetworkAccess": "Enabled",
          "enableAutomaticFailover": false,
          "enableMultipleWriteLocations": false,
          "enablePartitionKeyMonitor": false,
          "isVirtualNetworkFilterEnabled": true,
          "virtualNetworkRules": [],
          "EnabledApiTypes": "Sql",
          "disableKeyBasedMetadataWriteAccess": false,
          "enableFreeTier": false,
          "enableAnalyticalStorage": false,
          "analyticalStorageConfiguration": {
            "schemaType": "WellDefined"
          },
          "instanceId": "b8a26590-bd8b-4344-8d18-267803e6e52c",
          "databaseAccountOfferType": "Standard",
          "enableCassandraConnector": false,
          "connectorOffer": "Small",
          "defaultIdentity": "FirstPartyIdentity",
          "networkAclBypass": "None",
          "disableLocalAuth": false,
          "enablePartitionMerge": false,
          "consistencyPolicy": {
            "defaultConsistencyLevel": "BoundedStaleness",
            "maxIntervalInSeconds": 1000,
            "maxStalenessPrefix": 300
          },
          "configurationOverrides": {},
          "writeLocations": [
            {
              "id": "dbaccount-9970-westus",
              "locationName": "West US",
              "documentEndpoint": "https://dbaccount-9970-westus.documents.azure.com:443/",
              "provisioningState": "Succeeded",
              "failoverPriority": 0,
              "isZoneRedundant": false
            }
          ],
          "readLocations": [
            {
              "id": "dbaccount-9970-westus",
              "locationName": "West US",
              "documentEndpoint": "https://dbaccount-9970-westus.documents.azure.com:443/",
              "provisioningState": "Succeeded",
              "failoverPriority": 0,
              "isZoneRedundant": false
            }
          ],
          "locations": [
            {
              "id": "dbaccount-9970-westus",
              "locationName": "West US",
              "documentEndpoint": "https://dbaccount-9970-westus.documents.azure.com:443/",
              "provisioningState": "Succeeded",
              "failoverPriority": 0,
              "isZoneRedundant": false
            }
          ],
          "failoverPolicies": [
            {
              "id": "dbaccount-9970-westus",
              "locationName": "West US",
              "failoverPriority": 0
            }
          ],
          "cors": [],
          "capabilities": [],
          "ipRules": [
            {
              "ipAddressOrRange": "23.43.230.120"
            }
          ],
          "backupPolicy": {
            "type": "Periodic",
            "periodicModeProperties": {
              "backupIntervalInMinutes": 240,
              "backupRetentionIntervalInHours": 8,
              "backupStorageRedundancy": "Geo"
            }
          },
          "networkAclBypassResourceIds": [],
          "keysMetadata": {
            "primaryMasterKey": {
              "generationTime": "2022-09-22T13:30:20.7957787Z"
            },
            "secondaryMasterKey": {
              "generationTime": "2022-09-22T13:30:20.7957787Z"
            },
            "primaryReadonlyMasterKey": {
              "generationTime": "2022-09-22T13:30:20.7957787Z"
            },
            "secondaryReadonlyMasterKey": {
              "generationTime": "2022-09-22T13:30:20.7957787Z"
            }
          }
        },
        "identity": {
          "type": "None"
        }
      }
    },
    {
      "RequestUri": "https://management.azure.com/subscriptions/12053b8f-cab5-4f5c-9c1a-870580142abd/resourceGroups/dbaccount-3481/providers/Microsoft.DocumentDB/databaseAccounts/dbaccount-9970/sqlDatabases/sql-db-7528?api-version=2022-08-15",
      "RequestMethod": "PUT",
      "RequestHeaders": {
        "Accept": "application/json",
        "Authorization": "Sanitized",
        "Content-Length": "107",
        "Content-Type": "application/json",
        "traceparent": "00-65eb1a294694414880c69e6faf7d1c37-0b6c71e15f9d974f-00",
        "User-Agent": "azsdk-net-ResourceManager.CosmosDB/1.1.0-alpha.20220921.1 (.NET Core 3.1.29; Microsoft Windows 10.0.19044)",
        "x-ms-client-request-id": "b2e9b2fabeff4d1df5577ea16af3403e",
        "x-ms-return-client-request-id": "true"
      },
      "RequestBody": {
        "tags": {},
        "location": "westus",
        "properties": {
          "resource": {
            "id": "sql-db-7528"
          },
          "options": {
            "throughput": 700
          }
        }
      },
      "StatusCode": 202,
      "ResponseHeaders": {
        "Azure-AsyncOperation": "https://management.azure.com/subscriptions/12053b8f-cab5-4f5c-9c1a-870580142abd/providers/Microsoft.DocumentDB/locations/westus2/operationsStatus/456257b9-2dd6-4622-b10d-db300db866fe?api-version=2022-08-15",
        "Cache-Control": "no-store, no-cache",
        "Content-Length": "21",
        "Content-Type": "application/json",
        "Date": "Thu, 22 Sep 2022 13:30:58 GMT",
        "Location": "https://management.azure.com/subscriptions/12053b8f-cab5-4f5c-9c1a-870580142abd/resourceGroups/dbaccount-3481/providers/Microsoft.DocumentDB/databaseAccounts/dbaccount-9970/sqlDatabases/sql-db-7528/operationResults/456257b9-2dd6-4622-b10d-db300db866fe?api-version=2022-08-15",
        "Pragma": "no-cache",
        "Server": "Microsoft-HTTPAPI/2.0",
        "Strict-Transport-Security": "max-age=31536000; includeSubDomains",
        "X-Content-Type-Options": "nosniff",
        "x-ms-correlation-request-id": "6b43d823-6c2f-4cd1-b7d4-0cbfd928e49a",
        "x-ms-gatewayversion": "version=2.14.0",
        "x-ms-ratelimit-remaining-subscription-writes": "1154",
        "x-ms-request-id": "456257b9-2dd6-4622-b10d-db300db866fe",
        "x-ms-routing-request-id": "WESTCENTRALUS:20220922T133059Z:6b43d823-6c2f-4cd1-b7d4-0cbfd928e49a"
      },
      "ResponseBody": {
        "status": "Enqueued"
      }
    },
    {
      "RequestUri": "https://management.azure.com/subscriptions/12053b8f-cab5-4f5c-9c1a-870580142abd/providers/Microsoft.DocumentDB/locations/westus2/operationsStatus/456257b9-2dd6-4622-b10d-db300db866fe?api-version=2022-08-15",
      "RequestMethod": "GET",
      "RequestHeaders": {
        "Authorization": "Sanitized",
        "traceparent": "00-65eb1a294694414880c69e6faf7d1c37-9bf064cedc0cb94d-00",
        "User-Agent": "azsdk-net-ResourceManager/1.3.1 (.NET Core 3.1.29; Microsoft Windows 10.0.19044)",
        "x-ms-client-request-id": "8cc3c21cf775aa92a0f25c04debbcd80",
        "x-ms-return-client-request-id": "true"
      },
      "RequestBody": null,
      "StatusCode": 200,
      "ResponseHeaders": {
        "Cache-Control": "no-store, no-cache",
        "Content-Length": "21",
        "Content-Type": "application/json",
        "Date": "Thu, 22 Sep 2022 13:30:58 GMT",
        "Pragma": "no-cache",
        "Server": "Microsoft-HTTPAPI/2.0",
        "Strict-Transport-Security": "max-age=31536000; includeSubDomains",
        "X-Content-Type-Options": "nosniff",
        "x-ms-correlation-request-id": "8135336c-59d8-49bb-8ba5-2b601fb23449",
        "x-ms-gatewayversion": "version=2.14.0",
        "x-ms-ratelimit-remaining-subscription-reads": "11477",
        "x-ms-request-id": "8135336c-59d8-49bb-8ba5-2b601fb23449",
        "x-ms-routing-request-id": "WESTCENTRALUS:20220922T133059Z:8135336c-59d8-49bb-8ba5-2b601fb23449"
      },
      "ResponseBody": {
        "status": "Enqueued"
      }
    },
    {
      "RequestUri": "https://management.azure.com/subscriptions/12053b8f-cab5-4f5c-9c1a-870580142abd/providers/Microsoft.DocumentDB/locations/westus2/operationsStatus/456257b9-2dd6-4622-b10d-db300db866fe?api-version=2022-08-15",
      "RequestMethod": "GET",
      "RequestHeaders": {
        "Authorization": "Sanitized",
        "traceparent": "00-65eb1a294694414880c69e6faf7d1c37-86264805a09c4641-00",
        "User-Agent": "azsdk-net-ResourceManager/1.3.1 (.NET Core 3.1.29; Microsoft Windows 10.0.19044)",
        "x-ms-client-request-id": "5abfde4933c6e3252ebcdc61c0d311a3",
        "x-ms-return-client-request-id": "true"
      },
      "RequestBody": null,
      "StatusCode": 200,
      "ResponseHeaders": {
        "Cache-Control": "no-store, no-cache",
        "Content-Length": "21",
        "Content-Type": "application/json",
        "Date": "Thu, 22 Sep 2022 13:30:59 GMT",
        "Pragma": "no-cache",
        "Server": "Microsoft-HTTPAPI/2.0",
        "Strict-Transport-Security": "max-age=31536000; includeSubDomains",
        "X-Content-Type-Options": "nosniff",
        "x-ms-correlation-request-id": "9e119087-40de-448a-9987-cc9d85df76a9",
        "x-ms-gatewayversion": "version=2.14.0",
        "x-ms-ratelimit-remaining-subscription-reads": "11476",
        "x-ms-request-id": "9e119087-40de-448a-9987-cc9d85df76a9",
        "x-ms-routing-request-id": "WESTCENTRALUS:20220922T133100Z:9e119087-40de-448a-9987-cc9d85df76a9"
      },
      "ResponseBody": {
        "status": "Enqueued"
      }
    },
    {
      "RequestUri": "https://management.azure.com/subscriptions/12053b8f-cab5-4f5c-9c1a-870580142abd/providers/Microsoft.DocumentDB/locations/westus2/operationsStatus/456257b9-2dd6-4622-b10d-db300db866fe?api-version=2022-08-15",
      "RequestMethod": "GET",
      "RequestHeaders": {
        "Authorization": "Sanitized",
        "traceparent": "00-65eb1a294694414880c69e6faf7d1c37-e69f45758a55864b-00",
        "User-Agent": "azsdk-net-ResourceManager/1.3.1 (.NET Core 3.1.29; Microsoft Windows 10.0.19044)",
        "x-ms-client-request-id": "a885bcf2b33066c893c9c7a5ba7f4e1a",
        "x-ms-return-client-request-id": "true"
      },
      "RequestBody": null,
      "StatusCode": 200,
      "ResponseHeaders": {
        "Cache-Control": "no-store, no-cache",
        "Content-Length": "21",
        "Content-Type": "application/json",
        "Date": "Thu, 22 Sep 2022 13:31:01 GMT",
        "Pragma": "no-cache",
        "Server": "Microsoft-HTTPAPI/2.0",
        "Strict-Transport-Security": "max-age=31536000; includeSubDomains",
        "X-Content-Type-Options": "nosniff",
        "x-ms-correlation-request-id": "740caac9-3036-4e98-9e8a-ad92ab29309e",
        "x-ms-gatewayversion": "version=2.14.0",
        "x-ms-ratelimit-remaining-subscription-reads": "11475",
        "x-ms-request-id": "740caac9-3036-4e98-9e8a-ad92ab29309e",
        "x-ms-routing-request-id": "WESTCENTRALUS:20220922T133101Z:740caac9-3036-4e98-9e8a-ad92ab29309e"
      },
      "ResponseBody": {
        "status": "Enqueued"
      }
    },
    {
      "RequestUri": "https://management.azure.com/subscriptions/12053b8f-cab5-4f5c-9c1a-870580142abd/providers/Microsoft.DocumentDB/locations/westus2/operationsStatus/456257b9-2dd6-4622-b10d-db300db866fe?api-version=2022-08-15",
      "RequestMethod": "GET",
      "RequestHeaders": {
        "Authorization": "Sanitized",
        "traceparent": "00-65eb1a294694414880c69e6faf7d1c37-ee6ff31abf582b41-00",
        "User-Agent": "azsdk-net-ResourceManager/1.3.1 (.NET Core 3.1.29; Microsoft Windows 10.0.19044)",
        "x-ms-client-request-id": "5c007dd00992e9fa9cdf5db81b30eacc",
        "x-ms-return-client-request-id": "true"
      },
      "RequestBody": null,
      "StatusCode": 200,
      "ResponseHeaders": {
        "Cache-Control": "no-store, no-cache",
        "Content-Length": "21",
        "Content-Type": "application/json",
        "Date": "Thu, 22 Sep 2022 13:31:02 GMT",
        "Pragma": "no-cache",
        "Server": "Microsoft-HTTPAPI/2.0",
        "Strict-Transport-Security": "max-age=31536000; includeSubDomains",
        "X-Content-Type-Options": "nosniff",
        "x-ms-correlation-request-id": "1f63dc2b-bffe-4cc8-9728-2408781adcb0",
        "x-ms-gatewayversion": "version=2.14.0",
        "x-ms-ratelimit-remaining-subscription-reads": "11474",
        "x-ms-request-id": "1f63dc2b-bffe-4cc8-9728-2408781adcb0",
        "x-ms-routing-request-id": "WESTCENTRALUS:20220922T133102Z:1f63dc2b-bffe-4cc8-9728-2408781adcb0"
      },
      "ResponseBody": {
        "status": "Dequeued"
      }
    },
    {
      "RequestUri": "https://management.azure.com/subscriptions/12053b8f-cab5-4f5c-9c1a-870580142abd/providers/Microsoft.DocumentDB/locations/westus2/operationsStatus/456257b9-2dd6-4622-b10d-db300db866fe?api-version=2022-08-15",
      "RequestMethod": "GET",
      "RequestHeaders": {
        "Authorization": "Sanitized",
        "traceparent": "00-65eb1a294694414880c69e6faf7d1c37-c3d00689b858e640-00",
        "User-Agent": "azsdk-net-ResourceManager/1.3.1 (.NET Core 3.1.29; Microsoft Windows 10.0.19044)",
        "x-ms-client-request-id": "2111b8e0243695501558c6fd6b7f29ae",
        "x-ms-return-client-request-id": "true"
      },
      "RequestBody": null,
      "StatusCode": 200,
      "ResponseHeaders": {
        "Cache-Control": "no-store, no-cache",
        "Content-Length": "21",
        "Content-Type": "application/json",
        "Date": "Thu, 22 Sep 2022 13:31:04 GMT",
        "Pragma": "no-cache",
        "Server": "Microsoft-HTTPAPI/2.0",
        "Strict-Transport-Security": "max-age=31536000; includeSubDomains",
        "X-Content-Type-Options": "nosniff",
        "x-ms-correlation-request-id": "42b115ed-1938-4c97-8c30-18dbba476e3c",
        "x-ms-gatewayversion": "version=2.14.0",
        "x-ms-ratelimit-remaining-subscription-reads": "11473",
        "x-ms-request-id": "42b115ed-1938-4c97-8c30-18dbba476e3c",
        "x-ms-routing-request-id": "WESTCENTRALUS:20220922T133104Z:42b115ed-1938-4c97-8c30-18dbba476e3c"
      },
      "ResponseBody": {
        "status": "Dequeued"
      }
    },
    {
      "RequestUri": "https://management.azure.com/subscriptions/12053b8f-cab5-4f5c-9c1a-870580142abd/providers/Microsoft.DocumentDB/locations/westus2/operationsStatus/456257b9-2dd6-4622-b10d-db300db866fe?api-version=2022-08-15",
      "RequestMethod": "GET",
      "RequestHeaders": {
        "Authorization": "Sanitized",
        "traceparent": "00-65eb1a294694414880c69e6faf7d1c37-6b3dc34a3fb01c4a-00",
        "User-Agent": "azsdk-net-ResourceManager/1.3.1 (.NET Core 3.1.29; Microsoft Windows 10.0.19044)",
        "x-ms-client-request-id": "4291c26eb5d2e811c29b0b51560f4b63",
        "x-ms-return-client-request-id": "true"
      },
      "RequestBody": null,
      "StatusCode": 200,
      "ResponseHeaders": {
        "Cache-Control": "no-store, no-cache",
        "Content-Length": "21",
        "Content-Type": "application/json",
        "Date": "Thu, 22 Sep 2022 13:31:08 GMT",
        "Pragma": "no-cache",
        "Server": "Microsoft-HTTPAPI/2.0",
        "Strict-Transport-Security": "max-age=31536000; includeSubDomains",
        "X-Content-Type-Options": "nosniff",
        "x-ms-correlation-request-id": "5be7300f-d595-4b7d-979a-fbc96304d66d",
        "x-ms-gatewayversion": "version=2.14.0",
        "x-ms-ratelimit-remaining-subscription-reads": "11472",
        "x-ms-request-id": "5be7300f-d595-4b7d-979a-fbc96304d66d",
        "x-ms-routing-request-id": "WESTCENTRALUS:20220922T133108Z:5be7300f-d595-4b7d-979a-fbc96304d66d"
      },
      "ResponseBody": {
        "status": "Dequeued"
      }
    },
    {
      "RequestUri": "https://management.azure.com/subscriptions/12053b8f-cab5-4f5c-9c1a-870580142abd/providers/Microsoft.DocumentDB/locations/westus2/operationsStatus/456257b9-2dd6-4622-b10d-db300db866fe?api-version=2022-08-15",
      "RequestMethod": "GET",
      "RequestHeaders": {
        "Authorization": "Sanitized",
        "traceparent": "00-65eb1a294694414880c69e6faf7d1c37-d8ba5928c64f2646-00",
        "User-Agent": "azsdk-net-ResourceManager/1.3.1 (.NET Core 3.1.29; Microsoft Windows 10.0.19044)",
        "x-ms-client-request-id": "02c5fade2c6eace42d6b473942fc7d1d",
        "x-ms-return-client-request-id": "true"
      },
      "RequestBody": null,
      "StatusCode": 200,
      "ResponseHeaders": {
        "Cache-Control": "no-store, no-cache",
        "Content-Length": "22",
        "Content-Type": "application/json",
        "Date": "Thu, 22 Sep 2022 13:31:16 GMT",
        "Pragma": "no-cache",
        "Server": "Microsoft-HTTPAPI/2.0",
        "Strict-Transport-Security": "max-age=31536000; includeSubDomains",
        "X-Content-Type-Options": "nosniff",
        "x-ms-correlation-request-id": "37fffd42-0fc2-4484-a43b-9c0d2d5e4e71",
        "x-ms-gatewayversion": "version=2.14.0",
        "x-ms-ratelimit-remaining-subscription-reads": "11471",
        "x-ms-request-id": "37fffd42-0fc2-4484-a43b-9c0d2d5e4e71",
        "x-ms-routing-request-id": "WESTCENTRALUS:20220922T133116Z:37fffd42-0fc2-4484-a43b-9c0d2d5e4e71"
      },
      "ResponseBody": {
        "status": "Succeeded"
      }
    },
    {
      "RequestUri": "https://management.azure.com/subscriptions/12053b8f-cab5-4f5c-9c1a-870580142abd/resourceGroups/dbaccount-3481/providers/Microsoft.DocumentDB/databaseAccounts/dbaccount-9970/sqlDatabases/sql-db-7528?api-version=2022-08-15",
      "RequestMethod": "GET",
      "RequestHeaders": {
        "Authorization": "Sanitized",
        "traceparent": "00-65eb1a294694414880c69e6faf7d1c37-210a41fe6ff08d41-00",
        "User-Agent": "azsdk-net-ResourceManager/1.3.1 (.NET Core 3.1.29; Microsoft Windows 10.0.19044)",
        "x-ms-client-request-id": "584aaeb5a89f2bfaa7285e9a19ff3f05",
        "x-ms-return-client-request-id": "true"
      },
      "RequestBody": null,
      "StatusCode": 200,
      "ResponseHeaders": {
        "Cache-Control": "no-store, no-cache",
        "Content-Length": "452",
        "Content-Type": "application/json",
        "Date": "Thu, 22 Sep 2022 13:31:17 GMT",
        "Pragma": "no-cache",
        "Server": "Microsoft-HTTPAPI/2.0",
        "Strict-Transport-Security": "max-age=31536000; includeSubDomains",
        "X-Content-Type-Options": "nosniff",
        "x-ms-correlation-request-id": "d5ddb1e1-6ed2-4298-a32a-aa0fed5d4be3",
        "x-ms-gatewayversion": "version=2.14.0",
        "x-ms-ratelimit-remaining-subscription-reads": "11470",
        "x-ms-request-id": "d5ddb1e1-6ed2-4298-a32a-aa0fed5d4be3",
        "x-ms-routing-request-id": "WESTCENTRALUS:20220922T133117Z:d5ddb1e1-6ed2-4298-a32a-aa0fed5d4be3"
      },
      "ResponseBody": {
        "id": "/subscriptions/12053b8f-cab5-4f5c-9c1a-870580142abd/resourceGroups/dbaccount-3481/providers/Microsoft.DocumentDB/databaseAccounts/dbaccount-9970/sqlDatabases/sql-db-7528",
        "type": "Microsoft.DocumentDB/databaseAccounts/sqlDatabases",
        "name": "sql-db-7528",
        "properties": {
          "resource": {
            "id": "sql-db-7528",
            "_rid": "sJcPAA==",
            "_self": "dbs/sJcPAA==/",
            "_etag": "\u00220000c807-0000-0700-0000-632c639a0000\u0022",
            "_colls": "colls/",
            "_users": "users/",
            "_ts": 1663853466
          }
        }
      }
    },
    {
      "RequestUri": "https://management.azure.com/subscriptions/12053b8f-cab5-4f5c-9c1a-870580142abd/resourceGroups/dbaccount-3481/providers/Microsoft.DocumentDB/databaseAccounts/dbaccount-9970/sqlDatabases/sql-db-7528/containers/sql-container-3473?api-version=2022-08-15",
      "RequestMethod": "PUT",
      "RequestHeaders": {
        "Accept": "application/json",
        "Authorization": "Sanitized",
        "Content-Length": "482",
        "Content-Type": "application/json",
        "traceparent": "00-12e6b81df2d48f4cb7a65fee0ce55469-c06e3fe23ba0ed4c-00",
        "User-Agent": "azsdk-net-ResourceManager.CosmosDB/1.1.0-alpha.20220921.1 (.NET Core 3.1.29; Microsoft Windows 10.0.19044)",
        "x-ms-client-request-id": "ba711e634027dd41e514676dd7a5c51e",
        "x-ms-return-client-request-id": "true"
      },
      "RequestBody": {
        "tags": {},
        "location": "westus",
        "properties": {
          "resource": {
            "id": "sql-container-3473",
            "indexingPolicy": {
              "automatic": true,
              "indexingMode": "consistent",
              "includedPaths": [
                {
                  "path": "/*"
                }
              ],
              "excludedPaths": [
                {
                  "path": "/pathToNotIndex/*"
                }
              ],
              "compositeIndexes": [
                [
                  {
                    "path": "/orderByPath1",
                    "order": "ascending"
                  },
                  {
                    "path": "/orderByPath2",
                    "order": "descending"
                  }
                ]
              ],
              "spatialIndexes": [
                {
                  "path": "/*",
                  "types": [
                    "Point"
                  ]
                }
              ]
            },
            "partitionKey": {
              "paths": [
                "/address/zipCode"
              ],
              "kind": "Hash"
            }
          },
          "options": {
            "throughput": 700
          }
        }
      },
      "StatusCode": 202,
      "ResponseHeaders": {
        "Azure-AsyncOperation": "https://management.azure.com/subscriptions/12053b8f-cab5-4f5c-9c1a-870580142abd/providers/Microsoft.DocumentDB/locations/westus2/operationsStatus/1af24a6c-7810-402c-aed9-8c011c966648?api-version=2022-08-15",
        "Cache-Control": "no-store, no-cache",
        "Content-Length": "21",
        "Content-Type": "application/json",
        "Date": "Thu, 22 Sep 2022 13:31:17 GMT",
        "Location": "https://management.azure.com/subscriptions/12053b8f-cab5-4f5c-9c1a-870580142abd/resourceGroups/dbaccount-3481/providers/Microsoft.DocumentDB/databaseAccounts/dbaccount-9970/sqlDatabases/sql-db-7528/containers/sql-container-3473/operationResults/1af24a6c-7810-402c-aed9-8c011c966648?api-version=2022-08-15",
        "Pragma": "no-cache",
        "Server": "Microsoft-HTTPAPI/2.0",
        "Strict-Transport-Security": "max-age=31536000; includeSubDomains",
        "X-Content-Type-Options": "nosniff",
        "x-ms-correlation-request-id": "04e4222c-f9b1-4f93-8ef4-2e6892244cdb",
        "x-ms-gatewayversion": "version=2.14.0",
        "x-ms-ratelimit-remaining-subscription-writes": "1153",
        "x-ms-request-id": "1af24a6c-7810-402c-aed9-8c011c966648",
        "x-ms-routing-request-id": "WESTCENTRALUS:20220922T133117Z:04e4222c-f9b1-4f93-8ef4-2e6892244cdb"
      },
      "ResponseBody": {
        "status": "Enqueued"
      }
    },
    {
      "RequestUri": "https://management.azure.com/subscriptions/12053b8f-cab5-4f5c-9c1a-870580142abd/providers/Microsoft.DocumentDB/locations/westus2/operationsStatus/1af24a6c-7810-402c-aed9-8c011c966648?api-version=2022-08-15",
      "RequestMethod": "GET",
      "RequestHeaders": {
        "Authorization": "Sanitized",
        "traceparent": "00-12e6b81df2d48f4cb7a65fee0ce55469-ee66c7d74f607a49-00",
        "User-Agent": "azsdk-net-ResourceManager/1.3.1 (.NET Core 3.1.29; Microsoft Windows 10.0.19044)",
        "x-ms-client-request-id": "ddde2c41630c6d8e097bba9392bdcf82",
        "x-ms-return-client-request-id": "true"
      },
      "RequestBody": null,
      "StatusCode": 200,
      "ResponseHeaders": {
        "Cache-Control": "no-store, no-cache",
        "Content-Length": "21",
        "Content-Type": "application/json",
        "Date": "Thu, 22 Sep 2022 13:31:17 GMT",
        "Pragma": "no-cache",
        "Server": "Microsoft-HTTPAPI/2.0",
        "Strict-Transport-Security": "max-age=31536000; includeSubDomains",
        "X-Content-Type-Options": "nosniff",
        "x-ms-correlation-request-id": "b7cd1dc9-e898-4b2e-a5f7-58672d2d78e8",
        "x-ms-gatewayversion": "version=2.14.0",
        "x-ms-ratelimit-remaining-subscription-reads": "11469",
        "x-ms-request-id": "b7cd1dc9-e898-4b2e-a5f7-58672d2d78e8",
        "x-ms-routing-request-id": "WESTCENTRALUS:20220922T133117Z:b7cd1dc9-e898-4b2e-a5f7-58672d2d78e8"
      },
      "ResponseBody": {
        "status": "Enqueued"
      }
    },
    {
      "RequestUri": "https://management.azure.com/subscriptions/12053b8f-cab5-4f5c-9c1a-870580142abd/providers/Microsoft.DocumentDB/locations/westus2/operationsStatus/1af24a6c-7810-402c-aed9-8c011c966648?api-version=2022-08-15",
      "RequestMethod": "GET",
      "RequestHeaders": {
        "Authorization": "Sanitized",
        "traceparent": "00-12e6b81df2d48f4cb7a65fee0ce55469-a660affb470a3d46-00",
        "User-Agent": "azsdk-net-ResourceManager/1.3.1 (.NET Core 3.1.29; Microsoft Windows 10.0.19044)",
        "x-ms-client-request-id": "642a7c994097a01ae8701fccfb739451",
        "x-ms-return-client-request-id": "true"
      },
      "RequestBody": null,
      "StatusCode": 200,
      "ResponseHeaders": {
        "Cache-Control": "no-store, no-cache",
        "Content-Length": "21",
        "Content-Type": "application/json",
        "Date": "Thu, 22 Sep 2022 13:31:18 GMT",
        "Pragma": "no-cache",
        "Server": "Microsoft-HTTPAPI/2.0",
        "Strict-Transport-Security": "max-age=31536000; includeSubDomains",
        "X-Content-Type-Options": "nosniff",
        "x-ms-correlation-request-id": "14d882fb-1a36-4c79-8571-8bdcf0043b1c",
        "x-ms-gatewayversion": "version=2.14.0",
        "x-ms-ratelimit-remaining-subscription-reads": "11468",
        "x-ms-request-id": "14d882fb-1a36-4c79-8571-8bdcf0043b1c",
        "x-ms-routing-request-id": "WESTCENTRALUS:20220922T133118Z:14d882fb-1a36-4c79-8571-8bdcf0043b1c"
      },
      "ResponseBody": {
        "status": "Enqueued"
      }
    },
    {
      "RequestUri": "https://management.azure.com/subscriptions/12053b8f-cab5-4f5c-9c1a-870580142abd/providers/Microsoft.DocumentDB/locations/westus2/operationsStatus/1af24a6c-7810-402c-aed9-8c011c966648?api-version=2022-08-15",
      "RequestMethod": "GET",
      "RequestHeaders": {
        "Authorization": "Sanitized",
        "traceparent": "00-12e6b81df2d48f4cb7a65fee0ce55469-bcab2c06bf8cc243-00",
        "User-Agent": "azsdk-net-ResourceManager/1.3.1 (.NET Core 3.1.29; Microsoft Windows 10.0.19044)",
        "x-ms-client-request-id": "ab2c3be6e7c68b120c39bc7709a26edc",
        "x-ms-return-client-request-id": "true"
      },
      "RequestBody": null,
      "StatusCode": 200,
      "ResponseHeaders": {
        "Cache-Control": "no-store, no-cache",
        "Content-Length": "21",
        "Content-Type": "application/json",
        "Date": "Thu, 22 Sep 2022 13:31:19 GMT",
        "Pragma": "no-cache",
        "Server": "Microsoft-HTTPAPI/2.0",
        "Strict-Transport-Security": "max-age=31536000; includeSubDomains",
        "X-Content-Type-Options": "nosniff",
        "x-ms-correlation-request-id": "ee8ccf75-0330-45e4-b959-24e54c5efba6",
        "x-ms-gatewayversion": "version=2.14.0",
        "x-ms-ratelimit-remaining-subscription-reads": "11467",
        "x-ms-request-id": "ee8ccf75-0330-45e4-b959-24e54c5efba6",
        "x-ms-routing-request-id": "WESTCENTRALUS:20220922T133119Z:ee8ccf75-0330-45e4-b959-24e54c5efba6"
      },
      "ResponseBody": {
        "status": "Enqueued"
      }
    },
    {
      "RequestUri": "https://management.azure.com/subscriptions/12053b8f-cab5-4f5c-9c1a-870580142abd/providers/Microsoft.DocumentDB/locations/westus2/operationsStatus/1af24a6c-7810-402c-aed9-8c011c966648?api-version=2022-08-15",
      "RequestMethod": "GET",
      "RequestHeaders": {
        "Authorization": "Sanitized",
        "traceparent": "00-12e6b81df2d48f4cb7a65fee0ce55469-3888d247217fe44a-00",
        "User-Agent": "azsdk-net-ResourceManager/1.3.1 (.NET Core 3.1.29; Microsoft Windows 10.0.19044)",
        "x-ms-client-request-id": "cd35c28cca680194113ef59b43c27295",
        "x-ms-return-client-request-id": "true"
      },
      "RequestBody": null,
      "StatusCode": 200,
      "ResponseHeaders": {
        "Cache-Control": "no-store, no-cache",
        "Content-Length": "21",
        "Content-Type": "application/json",
        "Date": "Thu, 22 Sep 2022 13:31:20 GMT",
        "Pragma": "no-cache",
        "Server": "Microsoft-HTTPAPI/2.0",
        "Strict-Transport-Security": "max-age=31536000; includeSubDomains",
        "X-Content-Type-Options": "nosniff",
        "x-ms-correlation-request-id": "c4af46ab-0c1b-48ba-8a31-c45cc0ecc140",
        "x-ms-gatewayversion": "version=2.14.0",
        "x-ms-ratelimit-remaining-subscription-reads": "11466",
        "x-ms-request-id": "c4af46ab-0c1b-48ba-8a31-c45cc0ecc140",
        "x-ms-routing-request-id": "WESTCENTRALUS:20220922T133121Z:c4af46ab-0c1b-48ba-8a31-c45cc0ecc140"
      },
      "ResponseBody": {
        "status": "Enqueued"
      }
    },
    {
      "RequestUri": "https://management.azure.com/subscriptions/12053b8f-cab5-4f5c-9c1a-870580142abd/providers/Microsoft.DocumentDB/locations/westus2/operationsStatus/1af24a6c-7810-402c-aed9-8c011c966648?api-version=2022-08-15",
      "RequestMethod": "GET",
      "RequestHeaders": {
        "Authorization": "Sanitized",
        "traceparent": "00-12e6b81df2d48f4cb7a65fee0ce55469-0f4b66a98c9d784e-00",
        "User-Agent": "azsdk-net-ResourceManager/1.3.1 (.NET Core 3.1.29; Microsoft Windows 10.0.19044)",
        "x-ms-client-request-id": "56ad68e62391b1bb6a9f575d84a39646",
        "x-ms-return-client-request-id": "true"
      },
      "RequestBody": null,
      "StatusCode": 200,
      "ResponseHeaders": {
        "Cache-Control": "no-store, no-cache",
        "Content-Length": "21",
        "Content-Type": "application/json",
        "Date": "Thu, 22 Sep 2022 13:31:22 GMT",
        "Pragma": "no-cache",
        "Server": "Microsoft-HTTPAPI/2.0",
        "Strict-Transport-Security": "max-age=31536000; includeSubDomains",
        "X-Content-Type-Options": "nosniff",
        "x-ms-correlation-request-id": "a1747b2e-6001-416c-b294-4dbe7f259540",
        "x-ms-gatewayversion": "version=2.14.0",
        "x-ms-ratelimit-remaining-subscription-reads": "11465",
        "x-ms-request-id": "a1747b2e-6001-416c-b294-4dbe7f259540",
        "x-ms-routing-request-id": "WESTCENTRALUS:20220922T133123Z:a1747b2e-6001-416c-b294-4dbe7f259540"
      },
      "ResponseBody": {
        "status": "Dequeued"
      }
    },
    {
      "RequestUri": "https://management.azure.com/subscriptions/12053b8f-cab5-4f5c-9c1a-870580142abd/providers/Microsoft.DocumentDB/locations/westus2/operationsStatus/1af24a6c-7810-402c-aed9-8c011c966648?api-version=2022-08-15",
      "RequestMethod": "GET",
      "RequestHeaders": {
        "Authorization": "Sanitized",
        "traceparent": "00-12e6b81df2d48f4cb7a65fee0ce55469-faec96303fd81443-00",
        "User-Agent": "azsdk-net-ResourceManager/1.3.1 (.NET Core 3.1.29; Microsoft Windows 10.0.19044)",
        "x-ms-client-request-id": "38404202c73e1be9a72b9a88f2764849",
        "x-ms-return-client-request-id": "true"
      },
      "RequestBody": null,
      "StatusCode": 200,
      "ResponseHeaders": {
        "Cache-Control": "no-store, no-cache",
        "Content-Length": "21",
        "Content-Type": "application/json",
        "Date": "Thu, 22 Sep 2022 13:31:27 GMT",
        "Pragma": "no-cache",
        "Server": "Microsoft-HTTPAPI/2.0",
        "Strict-Transport-Security": "max-age=31536000; includeSubDomains",
        "X-Content-Type-Options": "nosniff",
        "x-ms-correlation-request-id": "2e563003-e622-41b1-9bcc-fa589cd8b2a3",
        "x-ms-gatewayversion": "version=2.14.0",
        "x-ms-ratelimit-remaining-subscription-reads": "11464",
        "x-ms-request-id": "2e563003-e622-41b1-9bcc-fa589cd8b2a3",
        "x-ms-routing-request-id": "WESTCENTRALUS:20220922T133127Z:2e563003-e622-41b1-9bcc-fa589cd8b2a3"
      },
      "ResponseBody": {
        "status": "Dequeued"
      }
    },
    {
      "RequestUri": "https://management.azure.com/subscriptions/12053b8f-cab5-4f5c-9c1a-870580142abd/providers/Microsoft.DocumentDB/locations/westus2/operationsStatus/1af24a6c-7810-402c-aed9-8c011c966648?api-version=2022-08-15",
      "RequestMethod": "GET",
      "RequestHeaders": {
        "Authorization": "Sanitized",
        "traceparent": "00-12e6b81df2d48f4cb7a65fee0ce55469-15e966233bd7b340-00",
        "User-Agent": "azsdk-net-ResourceManager/1.3.1 (.NET Core 3.1.29; Microsoft Windows 10.0.19044)",
        "x-ms-client-request-id": "a19026c717f4684b078363c972377c6e",
        "x-ms-return-client-request-id": "true"
      },
      "RequestBody": null,
      "StatusCode": 200,
      "ResponseHeaders": {
        "Cache-Control": "no-store, no-cache",
        "Content-Length": "22",
        "Content-Type": "application/json",
        "Date": "Thu, 22 Sep 2022 13:31:35 GMT",
        "Pragma": "no-cache",
        "Server": "Microsoft-HTTPAPI/2.0",
        "Strict-Transport-Security": "max-age=31536000; includeSubDomains",
        "X-Content-Type-Options": "nosniff",
        "x-ms-correlation-request-id": "db3f3741-30fa-485e-b889-96a6e393d50b",
        "x-ms-gatewayversion": "version=2.14.0",
        "x-ms-ratelimit-remaining-subscription-reads": "11463",
        "x-ms-request-id": "db3f3741-30fa-485e-b889-96a6e393d50b",
        "x-ms-routing-request-id": "WESTCENTRALUS:20220922T133135Z:db3f3741-30fa-485e-b889-96a6e393d50b"
      },
      "ResponseBody": {
        "status": "Succeeded"
      }
    },
    {
      "RequestUri": "https://management.azure.com/subscriptions/12053b8f-cab5-4f5c-9c1a-870580142abd/resourceGroups/dbaccount-3481/providers/Microsoft.DocumentDB/databaseAccounts/dbaccount-9970/sqlDatabases/sql-db-7528/containers/sql-container-3473?api-version=2022-08-15",
      "RequestMethod": "GET",
      "RequestHeaders": {
        "Authorization": "Sanitized",
        "traceparent": "00-12e6b81df2d48f4cb7a65fee0ce55469-85c67c8fbc56c446-00",
        "User-Agent": "azsdk-net-ResourceManager/1.3.1 (.NET Core 3.1.29; Microsoft Windows 10.0.19044)",
        "x-ms-client-request-id": "0098afa83a821f577e91af658833bff3",
        "x-ms-return-client-request-id": "true"
      },
      "RequestBody": null,
      "StatusCode": 200,
      "ResponseHeaders": {
        "Cache-Control": "no-store, no-cache",
        "Content-Length": "1333",
        "Content-Type": "application/json",
        "Date": "Thu, 22 Sep 2022 13:31:35 GMT",
        "Pragma": "no-cache",
        "Server": "Microsoft-HTTPAPI/2.0",
        "Strict-Transport-Security": "max-age=31536000; includeSubDomains",
        "X-Content-Type-Options": "nosniff",
        "x-ms-correlation-request-id": "5b0fdd02-fb13-4ca4-95ef-52b2a343f68f",
        "x-ms-gatewayversion": "version=2.14.0",
        "x-ms-ratelimit-remaining-subscription-reads": "11462",
        "x-ms-request-id": "5b0fdd02-fb13-4ca4-95ef-52b2a343f68f",
        "x-ms-routing-request-id": "WESTCENTRALUS:20220922T133135Z:5b0fdd02-fb13-4ca4-95ef-52b2a343f68f"
      },
      "ResponseBody": {
        "id": "/subscriptions/12053b8f-cab5-4f5c-9c1a-870580142abd/resourceGroups/dbaccount-3481/providers/Microsoft.DocumentDB/databaseAccounts/dbaccount-9970/sqlDatabases/sql-db-7528/containers/sql-container-3473",
        "type": "Microsoft.DocumentDB/databaseAccounts/sqlDatabases/containers",
        "name": "sql-container-3473",
        "properties": {
          "resource": {
            "id": "sql-container-3473",
            "indexingPolicy": {
              "indexingMode": "consistent",
              "automatic": true,
              "includedPaths": [
                {
                  "path": "/*"
                }
              ],
              "excludedPaths": [
                {
                  "path": "/pathToNotIndex/*"
                },
                {
                  "path": "/\u0022_etag\u0022/?"
                }
              ],
              "spatialIndexes": [
                {
                  "path": "/*",
                  "types": [
                    "Point",
                    "LineString",
                    "Polygon",
                    "MultiPolygon"
                  ]
                }
              ],
              "compositeIndexes": [
                [
                  {
                    "path": "/orderByPath1",
                    "order": "ascending"
                  },
                  {
                    "path": "/orderByPath2",
                    "order": "descending"
                  }
                ]
              ]
            },
            "partitionKey": {
              "paths": [
                "/address/zipCode"
              ],
              "kind": "Hash"
            },
            "uniqueKeyPolicy": {
              "uniqueKeys": []
            },
            "conflictResolutionPolicy": {
              "mode": "LastWriterWins",
              "conflictResolutionPath": "/_ts",
              "conflictResolutionProcedure": ""
            },
            "geospatialConfig": {
              "type": "Geography"
            },
            "_rid": "sJcPAIrszuM=",
            "_ts": 1663853485,
            "_self": "dbs/sJcPAA==/colls/sJcPAIrszuM=/",
            "_etag": "\u00220000cc07-0000-0700-0000-632c63ad0000\u0022",
            "_docs": "docs/",
            "_sprocs": "sprocs/",
            "_triggers": "triggers/",
            "_udfs": "udfs/",
            "_conflicts": "conflicts/",
            "statistics": [
              {
                "id": "0",
                "sizeInKB": 0,
                "documentCount": 0,
                "sampledDistinctPartitionKeyCount": 0,
                "partitionKeys": []
              }
            ]
          }
        }
      }
    }
  ],
  "Variables": {
    "AZURE_AUTHORITY_HOST": null,
    "RandomSeed": "675490933",
    "RESOURCE_MANAGER_URL": null,
    "SUBSCRIPTION_ID": "12053b8f-cab5-4f5c-9c1a-870580142abd"
  }
}
