{
  "Entries": [
    {
      "RequestUri": "/subscriptions/854d368f-1828-428f-8f3c-f2affa9b2f7d/resourceGroups/clemensrbactest/providers/Microsoft.ServiceBus/namespaces/sdk-Namespace-2064?api-version=2017-04-01",
      "EncodedRequestUri": "L3N1YnNjcmlwdGlvbnMvODU0ZDM2OGYtMTgyOC00MjhmLThmM2MtZjJhZmZhOWIyZjdkL3Jlc291cmNlR3JvdXBzL2NsZW1lbnNyYmFjdGVzdC9wcm92aWRlcnMvTWljcm9zb2Z0LlNlcnZpY2VCdXMvbmFtZXNwYWNlcy9zZGstTmFtZXNwYWNlLTIwNjQ/YXBpLXZlcnNpb249MjAxNy0wNC0wMQ==",
      "RequestMethod": "DELETE",
      "RequestBody": "",
      "RequestHeaders": {
        "x-ms-client-request-id": [
          "0b774320-f585-4632-a933-bbe9e8a0ed3d"
        ],
        "accept-language": [
          "en-US"
        ],
        "User-Agent": [
          "FxVersion/4.6.26614.01",
          "Microsoft.Azure.Management.ServiceBus.ServiceBusManagementClient/2.0.0.0"
        ]
      },
      "ResponseHeaders": {
        "Cache-Control": [
          "no-cache"
        ],
        "Date": [
          "Thu, 27 Sep 2018 19:54:10 GMT"
        ],
        "Pragma": [
          "no-cache"
        ],
        "Location": [
          "https://management.azure.com/subscriptions/854d368f-1828-428f-8f3c-f2affa9b2f7d/resourceGroups/clemensrbactest/providers/Microsoft.ServiceBus/namespaces/sdk-Namespace-2064/operationresults/sdk-Namespace-2064?api-version=2017-04-01"
        ],
        "Server": [
          "Service-Bus-Resource-Provider/CH3",
          "Microsoft-HTTPAPI/2.0"
        ],
        "x-ms-request-id": [
          "e8f0e48e-910c-4d38-a785-b353a5cce3db_M8CH3_M8CH3"
        ],
        "Server-SB": [
          "Service-Bus-Resource-Provider/CH3"
        ],
        "x-ms-ratelimit-remaining-subscription-deletes": [
          "14998"
        ],
        "x-ms-correlation-request-id": [
          "fb1b2a82-7c1f-47f9-9864-adf09f8554c4"
        ],
        "x-ms-routing-request-id": [
          "WESTUS2:20180927T195410Z:fb1b2a82-7c1f-47f9-9864-adf09f8554c4"
        ],
        "Strict-Transport-Security": [
          "max-age=31536000; includeSubDomains"
        ],
        "X-Content-Type-Options": [
          "nosniff"
        ],
        "Content-Length": [
          "0"
        ],
        "Expires": [
          "-1"
        ]
      },
      "ResponseBody": "",
      "StatusCode": 202
    },
    {
      "RequestUri": "/subscriptions/854d368f-1828-428f-8f3c-f2affa9b2f7d/resourceGroups/clemensrbactest/providers/Microsoft.ServiceBus/namespaces/sdk-Namespace-7249?api-version=2017-04-01",
      "EncodedRequestUri": "L3N1YnNjcmlwdGlvbnMvODU0ZDM2OGYtMTgyOC00MjhmLThmM2MtZjJhZmZhOWIyZjdkL3Jlc291cmNlR3JvdXBzL2NsZW1lbnNyYmFjdGVzdC9wcm92aWRlcnMvTWljcm9zb2Z0LlNlcnZpY2VCdXMvbmFtZXNwYWNlcy9zZGstTmFtZXNwYWNlLTcyNDk/YXBpLXZlcnNpb249MjAxNy0wNC0wMQ==",
      "RequestMethod": "DELETE",
      "RequestBody": "",
      "RequestHeaders": {
        "x-ms-client-request-id": [
          "bb968d47-8edf-4208-8f6c-28dc8e2b4197"
        ],
        "accept-language": [
          "en-US"
        ],
        "User-Agent": [
          "FxVersion/4.6.26614.01",
          "Microsoft.Azure.Management.ServiceBus.ServiceBusManagementClient/2.0.0.0"
        ]
      },
      "ResponseHeaders": {
        "Cache-Control": [
          "no-cache"
        ],
        "Date": [
          "Thu, 27 Sep 2018 19:54:10 GMT"
        ],
        "Pragma": [
          "no-cache"
        ],
        "Location": [
          "https://management.azure.com/subscriptions/854d368f-1828-428f-8f3c-f2affa9b2f7d/resourceGroups/clemensrbactest/providers/Microsoft.ServiceBus/namespaces/sdk-Namespace-7249/operationresults/sdk-Namespace-7249?api-version=2017-04-01"
        ],
        "Server": [
          "Service-Bus-Resource-Provider/CH3",
          "Microsoft-HTTPAPI/2.0"
        ],
        "x-ms-request-id": [
          "df66cafe-2375-4405-a30e-00a8c8c6f405_M6CH3_M6CH3"
        ],
        "Server-SB": [
          "Service-Bus-Resource-Provider/CH3"
        ],
        "x-ms-ratelimit-remaining-subscription-deletes": [
          "14999"
        ],
        "x-ms-correlation-request-id": [
          "bb695cce-2f85-44c6-9642-dfe6da380947"
        ],
        "x-ms-routing-request-id": [
          "WESTUS2:20180927T195410Z:bb695cce-2f85-44c6-9642-dfe6da380947"
        ],
        "Strict-Transport-Security": [
          "max-age=31536000; includeSubDomains"
        ],
        "X-Content-Type-Options": [
          "nosniff"
        ],
        "Content-Length": [
          "0"
        ],
        "Expires": [
          "-1"
        ]
      },
      "ResponseBody": "",
      "StatusCode": 202
    },
    {
      "RequestUri": "/subscriptions/854d368f-1828-428f-8f3c-f2affa9b2f7d/providers/Microsoft.ServiceBus?api-version=2015-11-01",
      "EncodedRequestUri": "L3N1YnNjcmlwdGlvbnMvODU0ZDM2OGYtMTgyOC00MjhmLThmM2MtZjJhZmZhOWIyZjdkL3Byb3ZpZGVycy9NaWNyb3NvZnQuU2VydmljZUJ1cz9hcGktdmVyc2lvbj0yMDE1LTExLTAx",
      "RequestMethod": "GET",
      "RequestBody": "",
      "RequestHeaders": {
        "x-ms-client-request-id": [
          "258fa29b-eb4e-4c3e-997d-5594ad133ede"
        ],
        "accept-language": [
          "en-US"
        ],
        "User-Agent": [
          "FxVersion/4.6.26614.01",
          "Microsoft.Azure.Management.Resources.ResourceManagementClient/1.0.0.0"
        ]
      },
      "ResponseHeaders": {
        "Cache-Control": [
          "no-cache"
        ],
        "Date": [
          "Thu, 27 Sep 2018 19:54:11 GMT"
        ],
        "Pragma": [
          "no-cache"
        ],
        "x-ms-ratelimit-remaining-subscription-reads": [
          "11999"
        ],
        "x-ms-request-id": [
          "74fa2d56-3fa7-4329-9f72-62e4c844cc4e"
        ],
        "x-ms-correlation-request-id": [
          "74fa2d56-3fa7-4329-9f72-62e4c844cc4e"
        ],
        "x-ms-routing-request-id": [
          "WESTUS2:20180927T195412Z:74fa2d56-3fa7-4329-9f72-62e4c844cc4e"
        ],
        "Strict-Transport-Security": [
          "max-age=31536000; includeSubDomains"
        ],
        "X-Content-Type-Options": [
          "nosniff"
        ],
        "Content-Length": [
          "2843"
        ],
        "Content-Type": [
          "application/json; charset=utf-8"
        ],
        "Expires": [
          "-1"
        ]
      },
      "ResponseBody": "{\r\n  \"id\": \"/subscriptions/854d368f-1828-428f-8f3c-f2affa9b2f7d/providers/Microsoft.ServiceBus\",\r\n  \"namespace\": \"Microsoft.ServiceBus\",\r\n  \"authorization\": {\r\n    \"applicationId\": \"80a10ef9-8168-493d-abf9-3297c4ef6e3c\",\r\n    \"roleDefinitionId\": \"2b7763f7-bbe2-4e19-befe-28c79f1cf7f7\"\r\n  },\r\n  \"resourceTypes\": [\r\n    {\r\n      \"resourceType\": \"namespaces\",\r\n      \"locations\": [\r\n        \"Australia East\",\r\n        \"Australia Southeast\",\r\n        \"Central US\",\r\n        \"East US\",\r\n        \"East US 2\",\r\n        \"West US 2\",\r\n        \"West US\",\r\n        \"North Central US\",\r\n        \"South Central US\",\r\n        \"West Central US\",\r\n        \"East Asia\",\r\n        \"Southeast Asia\",\r\n        \"Brazil South\",\r\n        \"Japan East\",\r\n        \"Japan West\",\r\n        \"North Europe\",\r\n        \"West Europe\",\r\n        \"Central India\",\r\n        \"South India\",\r\n        \"West India\",\r\n        \"Canada Central\",\r\n        \"Canada East\",\r\n        \"UK West\",\r\n        \"UK South\",\r\n        \"Korea Central\",\r\n        \"Korea South\",\r\n        \"France Central\"\r\n      ],\r\n      \"apiVersions\": [\r\n        \"2018-01-01-preview\",\r\n        \"2017-04-01\",\r\n        \"2015-08-01\",\r\n        \"2014-09-01\"\r\n      ],\r\n      \"capabilities\": \"CrossResourceGroupResourceMove, CrossSubscriptionResourceMove\"\r\n    },\r\n    {\r\n      \"resourceType\": \"namespaces/authorizationrules\",\r\n      \"locations\": [],\r\n      \"apiVersions\": [\r\n        \"2017-04-01\",\r\n        \"2015-08-01\",\r\n        \"2014-09-01\"\r\n      ]\r\n    },\r\n    {\r\n      \"resourceType\": \"namespaces/queues\",\r\n      \"locations\": [],\r\n      \"apiVersions\": [\r\n        \"2017-04-01\",\r\n        \"2015-08-01\",\r\n        \"2014-09-01\"\r\n      ]\r\n    },\r\n    {\r\n      \"resourceType\": \"namespaces/queues/authorizationrules\",\r\n      \"locations\": [],\r\n      \"apiVersions\": [\r\n        \"2017-04-01\",\r\n        \"2015-08-01\",\r\n        \"2014-09-01\"\r\n      ]\r\n    },\r\n    {\r\n      \"resourceType\": \"namespaces/topics\",\r\n      \"locations\": [],\r\n      \"apiVersions\": [\r\n        \"2017-04-01\",\r\n        \"2015-08-01\",\r\n        \"2014-09-01\"\r\n      ]\r\n    },\r\n    {\r\n      \"resourceType\": \"namespaces/topics/authorizationrules\",\r\n      \"locations\": [],\r\n      \"apiVersions\": [\r\n        \"2017-04-01\",\r\n        \"2015-08-01\",\r\n        \"2014-09-01\"\r\n      ]\r\n    },\r\n    {\r\n      \"resourceType\": \"namespaces/topics/subscriptions\",\r\n      \"locations\": [],\r\n      \"apiVersions\": [\r\n        \"2017-04-01\",\r\n        \"2015-08-01\",\r\n        \"2014-09-01\"\r\n      ]\r\n    },\r\n    {\r\n      \"resourceType\": \"namespaces/topics/subscriptions/rules\",\r\n      \"locations\": [],\r\n      \"apiVersions\": [\r\n        \"2017-04-01\",\r\n        \"2015-08-01\",\r\n        \"2014-09-01\"\r\n      ]\r\n    },\r\n    {\r\n      \"resourceType\": \"checkNamespaceAvailability\",\r\n      \"locations\": [],\r\n      \"apiVersions\": [\r\n        \"2015-08-01\",\r\n        \"2014-09-01\"\r\n      ]\r\n    },\r\n    {\r\n      \"resourceType\": \"checkNameAvailability\",\r\n      \"locations\": [],\r\n      \"apiVersions\": [\r\n        \"2017-04-01\",\r\n        \"2015-08-01\",\r\n        \"2014-09-01\"\r\n      ]\r\n    },\r\n    {\r\n      \"resourceType\": \"sku\",\r\n      \"locations\": [],\r\n      \"apiVersions\": [\r\n        \"2017-04-01\",\r\n        \"2015-08-01\",\r\n        \"2014-09-01\"\r\n      ]\r\n    },\r\n    {\r\n      \"resourceType\": \"premiumMessagingRegions\",\r\n      \"locations\": [],\r\n      \"apiVersions\": [\r\n        \"2017-04-01\",\r\n        \"2015-08-01\",\r\n        \"2014-09-01\"\r\n      ]\r\n    },\r\n    {\r\n      \"resourceType\": \"operations\",\r\n      \"locations\": [],\r\n      \"apiVersions\": [\r\n        \"2017-04-01\",\r\n        \"2015-08-01\",\r\n        \"2014-09-01\"\r\n      ]\r\n    },\r\n    {\r\n      \"resourceType\": \"namespaces/eventgridfilters\",\r\n      \"locations\": [\r\n        \"Australia East\",\r\n        \"Australia Southeast\",\r\n        \"Central US\",\r\n        \"East US\",\r\n        \"East US 2\",\r\n        \"West US 2\",\r\n        \"West US\",\r\n        \"North Central US\",\r\n        \"South Central US\",\r\n        \"West Central US\",\r\n        \"East Asia\",\r\n        \"Southeast Asia\",\r\n        \"Brazil South\",\r\n        \"Japan East\",\r\n        \"Japan West\",\r\n        \"North Europe\",\r\n        \"West Europe\",\r\n        \"Central India\",\r\n        \"South India\",\r\n        \"West India\",\r\n        \"Canada Central\",\r\n        \"Canada East\",\r\n        \"UK West\",\r\n        \"UK South\",\r\n        \"Korea Central\",\r\n        \"Korea South\"\r\n      ],\r\n      \"apiVersions\": [\r\n        \"2017-04-01\",\r\n        \"2015-08-01\",\r\n        \"2014-09-01\"\r\n      ]\r\n    },\r\n    {\r\n      \"resourceType\": \"namespaces/disasterrecoveryconfigs\",\r\n      \"locations\": [],\r\n      \"apiVersions\": [\r\n        \"2017-04-01\"\r\n      ]\r\n    }\r\n  ],\r\n  \"registrationState\": \"Registered\"\r\n}",
      "StatusCode": 200
    },
    {
      "RequestUri": "/subscriptions/854d368f-1828-428f-8f3c-f2affa9b2f7d/resourcegroups?api-version=2015-11-01",
      "EncodedRequestUri": "L3N1YnNjcmlwdGlvbnMvODU0ZDM2OGYtMTgyOC00MjhmLThmM2MtZjJhZmZhOWIyZjdkL3Jlc291cmNlZ3JvdXBzP2FwaS12ZXJzaW9uPTIwMTUtMTEtMDE=",
      "RequestMethod": "GET",
      "RequestBody": "",
      "RequestHeaders": {
        "x-ms-client-request-id": [
          "22508dc4-a152-4b73-9756-03628731de13"
        ],
        "accept-language": [
          "en-US"
        ],
        "User-Agent": [
          "FxVersion/4.6.26614.01",
          "Microsoft.Azure.Management.Resources.ResourceManagementClient/1.0.0.0"
        ]
      },
      "ResponseHeaders": {
        "Cache-Control": [
          "no-cache"
        ],
        "Date": [
          "Thu, 27 Sep 2018 19:54:11 GMT"
        ],
        "Pragma": [
          "no-cache"
        ],
        "x-ms-ratelimit-remaining-subscription-reads": [
          "11998"
        ],
        "x-ms-request-id": [
          "39d11a2d-a987-4479-bd00-41f3d87ee6d6"
        ],
        "x-ms-correlation-request-id": [
          "39d11a2d-a987-4479-bd00-41f3d87ee6d6"
        ],
        "x-ms-routing-request-id": [
          "WESTUS2:20180927T195412Z:39d11a2d-a987-4479-bd00-41f3d87ee6d6"
        ],
        "Strict-Transport-Security": [
          "max-age=31536000; includeSubDomains"
        ],
        "X-Content-Type-Options": [
          "nosniff"
        ],
        "Content-Length": [
          "80009"
        ],
        "Content-Type": [
          "application/json; charset=utf-8"
        ],
        "Expires": [
          "-1"
        ]
      },
      "ResponseBody": "{\r\n  \"value\": [\r\n    {\r\n      \"id\": \"/subscriptions/854d368f-1828-428f-8f3c-f2affa9b2f7d/resourceGroups/AAA-Default-ServiceBus-NewRegions-Testing\",\r\n      \"name\": \"AAA-Default-ServiceBus-NewRegions-Testing\",\r\n      \"location\": \"canadacentral\",\r\n      \"properties\": {\r\n        \"provisioningState\": \"Succeeded\"\r\n      }\r\n    },\r\n    {\r\n      \"id\": \"/subscriptions/854d368f-1828-428f-8f3c-f2affa9b2f7d/resourceGroups/AkkaTesting\",\r\n      \"name\": \"AkkaTesting\",\r\n      \"location\": \"westcentralus\",\r\n      \"properties\": {\r\n        \"provisioningState\": \"Succeeded\"\r\n      }\r\n    },\r\n    {\r\n      \"id\": \"/subscriptions/854d368f-1828-428f-8f3c-f2affa9b2f7d/resourceGroups/ali-new-rg\",\r\n      \"name\": \"ali-new-rg\",\r\n      \"location\": \"eastus2\",\r\n      \"properties\": {\r\n        \"provisioningState\": \"Succeeded\"\r\n      }\r\n    },\r\n    {\r\n      \"id\": \"/subscriptions/854d368f-1828-428f-8f3c-f2affa9b2f7d/resourceGroups/ali-test-2\",\r\n      \"name\": \"ali-test-2\",\r\n      \"location\": \"westus\",\r\n      \"properties\": {\r\n        \"provisioningState\": \"Succeeded\"\r\n      }\r\n    },\r\n    {\r\n      \"id\": \"/subscriptions/854d368f-1828-428f-8f3c-f2affa9b2f7d/resourceGroups/ali-test-rg\",\r\n      \"name\": \"ali-test-rg\",\r\n      \"location\": \"westcentralus\",\r\n      \"properties\": {\r\n        \"provisioningState\": \"Succeeded\"\r\n      }\r\n    },\r\n    {\r\n      \"id\": \"/subscriptions/854d368f-1828-428f-8f3c-f2affa9b2f7d/resourceGroups/ali-test-rg-2\",\r\n      \"name\": \"ali-test-rg-2\",\r\n      \"location\": \"westcentralus\",\r\n      \"properties\": {\r\n        \"provisioningState\": \"Succeeded\"\r\n      }\r\n    },\r\n    {\r\n      \"id\": \"/subscriptions/854d368f-1828-428f-8f3c-f2affa9b2f7d/resourceGroups/ali-test-rg-3\",\r\n      \"name\": \"ali-test-rg-3\",\r\n      \"location\": \"westcentralus\",\r\n      \"properties\": {\r\n        \"provisioningState\": \"Succeeded\"\r\n      }\r\n    },\r\n    {\r\n      \"id\": \"/subscriptions/854d368f-1828-428f-8f3c-f2affa9b2f7d/resourceGroups/ali-test-rg-relay\",\r\n      \"name\": \"ali-test-rg-relay\",\r\n      \"location\": \"westus\",\r\n      \"properties\": {\r\n        \"provisioningState\": \"Succeeded\"\r\n      }\r\n    },\r\n    {\r\n      \"id\": \"/subscriptions/854d368f-1828-428f-8f3c-f2affa9b2f7d/resourceGroups/alitest\",\r\n      \"name\": \"alitest\",\r\n      \"location\": \"eastus2\",\r\n      \"properties\": {\r\n        \"provisioningState\": \"Succeeded\"\r\n      }\r\n    },\r\n    {\r\n      \"id\": \"/subscriptions/854d368f-1828-428f-8f3c-f2affa9b2f7d/resourceGroups/Api-Default-North-Europe\",\r\n      \"name\": \"Api-Default-North-Europe\",\r\n      \"location\": \"northeurope\",\r\n      \"properties\": {\r\n        \"provisioningState\": \"Succeeded\"\r\n      }\r\n    },\r\n    {\r\n      \"id\": \"/subscriptions/854d368f-1828-428f-8f3c-f2affa9b2f7d/resourceGroups/archivetest\",\r\n      \"name\": \"archivetest\",\r\n      \"location\": \"westus2\",\r\n      \"properties\": {\r\n        \"provisioningState\": \"Succeeded\"\r\n      }\r\n    },\r\n    {\r\n      \"id\": \"/subscriptions/854d368f-1828-428f-8f3c-f2affa9b2f7d/resourceGroups/ardsouza-resourcemovetest-group1\",\r\n      \"name\": \"ardsouza-resourcemovetest-group1\",\r\n      \"location\": \"westus\",\r\n      \"properties\": {\r\n        \"provisioningState\": \"Succeeded\"\r\n      }\r\n    },\r\n    {\r\n      \"id\": \"/subscriptions/854d368f-1828-428f-8f3c-f2affa9b2f7d/resourceGroups/ardsouza-resourcemovetest-group2\",\r\n      \"name\": \"ardsouza-resourcemovetest-group2\",\r\n      \"location\": \"westus\",\r\n      \"properties\": {\r\n        \"provisioningState\": \"Succeeded\"\r\n      }\r\n    },\r\n    {\r\n      \"id\": \"/subscriptions/854d368f-1828-428f-8f3c-f2affa9b2f7d/resourceGroups/ARM-ManagementClient-Testing-RG\",\r\n      \"name\": \"ARM-ManagementClient-Testing-RG\",\r\n      \"location\": \"westus\",\r\n      \"properties\": {\r\n        \"provisioningState\": \"Succeeded\"\r\n      }\r\n    },\r\n    {\r\n      \"id\": \"/subscriptions/854d368f-1828-428f-8f3c-f2affa9b2f7d/resourceGroups/azbridgeshare\",\r\n      \"name\": \"azbridgeshare\",\r\n      \"location\": \"westus2\",\r\n      \"properties\": {\r\n        \"provisioningState\": \"Succeeded\"\r\n      }\r\n    },\r\n    {\r\n      \"id\": \"/subscriptions/854d368f-1828-428f-8f3c-f2affa9b2f7d/resourceGroups/azbridgetests\",\r\n      \"name\": \"azbridgetests\",\r\n      \"location\": \"eastus\",\r\n      \"properties\": {\r\n        \"provisioningState\": \"Succeeded\"\r\n      }\r\n    },\r\n    {\r\n      \"id\": \"/subscriptions/854d368f-1828-428f-8f3c-f2affa9b2f7d/resourceGroups/azbridgeunittests\",\r\n      \"name\": \"azbridgeunittests\",\r\n      \"location\": \"westcentralus\",\r\n      \"properties\": {\r\n        \"provisioningState\": \"Succeeded\"\r\n      }\r\n    },\r\n    {\r\n      \"id\": \"/subscriptions/854d368f-1828-428f-8f3c-f2affa9b2f7d/resourceGroups/AzureDS\",\r\n      \"name\": \"AzureDS\",\r\n      \"location\": \"westus\",\r\n      \"properties\": {\r\n        \"provisioningState\": \"Succeeded\"\r\n      }\r\n    },\r\n    {\r\n      \"id\": \"/subscriptions/854d368f-1828-428f-8f3c-f2affa9b2f7d/resourceGroups/azurestack\",\r\n      \"name\": \"azurestack\",\r\n      \"location\": \"westcentralus\",\r\n      \"properties\": {\r\n        \"provisioningState\": \"Succeeded\"\r\n      }\r\n    },\r\n    {\r\n      \"id\": \"/subscriptions/854d368f-1828-428f-8f3c-f2affa9b2f7d/resourceGroups/binzytest\",\r\n      \"name\": \"binzytest\",\r\n      \"location\": \"westus\",\r\n      \"properties\": {\r\n        \"provisioningState\": \"Succeeded\"\r\n      }\r\n    },\r\n    {\r\n      \"id\": \"/subscriptions/854d368f-1828-428f-8f3c-f2affa9b2f7d/resourceGroups/cesar-aks\",\r\n      \"name\": \"cesar-aks\",\r\n      \"location\": \"eastus\",\r\n      \"properties\": {\r\n        \"provisioningState\": \"Succeeded\"\r\n      }\r\n    },\r\n    {\r\n      \"id\": \"/subscriptions/854d368f-1828-428f-8f3c-f2affa9b2f7d/resourceGroups/cesar-ehperf\",\r\n      \"name\": \"cesar-ehperf\",\r\n      \"location\": \"eastus\",\r\n      \"properties\": {\r\n        \"provisioningState\": \"Succeeded\"\r\n      }\r\n    },\r\n    {\r\n      \"id\": \"/subscriptions/854d368f-1828-428f-8f3c-f2affa9b2f7d/resourceGroups/cesaraztest\",\r\n      \"name\": \"cesaraztest\",\r\n      \"location\": \"francecentral\",\r\n      \"properties\": {\r\n        \"provisioningState\": \"Succeeded\"\r\n      }\r\n    },\r\n    {\r\n      \"id\": \"/subscriptions/854d368f-1828-428f-8f3c-f2affa9b2f7d/resourceGroups/cleanupservice\",\r\n      \"name\": \"cleanupservice\",\r\n      \"location\": \"westus\",\r\n      \"properties\": {\r\n        \"provisioningState\": \"Succeeded\"\r\n      }\r\n    },\r\n    {\r\n      \"id\": \"/subscriptions/854d368f-1828-428f-8f3c-f2affa9b2f7d/resourceGroups/clemensrbactest\",\r\n      \"name\": \"clemensrbactest\",\r\n      \"location\": \"southcentralus\",\r\n      \"properties\": {\r\n        \"provisioningState\": \"Succeeded\"\r\n      }\r\n    },\r\n    {\r\n      \"id\": \"/subscriptions/854d368f-1828-428f-8f3c-f2affa9b2f7d/resourceGroups/cli_test_eh_eventnhublovr3gbmiwhpytzgb7ivanisggbghulgedzmgrchxxlnsk5xxjnfsf\",\r\n      \"name\": \"cli_test_eh_eventnhublovr3gbmiwhpytzgb7ivanisggbghulgedzmgrchxxlnsk5xxjnfsf\",\r\n      \"location\": \"westus\",\r\n      \"tags\": {\r\n        \"product\": \"azurecli\",\r\n        \"cause\": \"automation\",\r\n        \"date\": \"2018-09-11T18:50:51Z\"\r\n      },\r\n      \"properties\": {\r\n        \"provisioningState\": \"Succeeded\"\r\n      }\r\n    },\r\n    {\r\n      \"id\": \"/subscriptions/854d368f-1828-428f-8f3c-f2affa9b2f7d/resourceGroups/cli_test_eh_eventnhubpwwwwj36la5n5icn7iu3zue3zhtdvkmiqxividfypl7ltpre4ai6mr\",\r\n      \"name\": \"cli_test_eh_eventnhubpwwwwj36la5n5icn7iu3zue3zhtdvkmiqxividfypl7ltpre4ai6mr\",\r\n      \"location\": \"westus\",\r\n      \"tags\": {\r\n        \"product\": \"azurecli\",\r\n        \"cause\": \"automation\",\r\n        \"date\": \"2018-09-11T18:35:32Z\"\r\n      },\r\n      \"properties\": {\r\n        \"provisioningState\": \"Succeeded\"\r\n      }\r\n    },\r\n    {\r\n      \"id\": \"/subscriptions/854d368f-1828-428f-8f3c-f2affa9b2f7d/resourceGroups/cli_test_eh_eventnhubrq7jm34q7g4cahrrktyqkm6hrknd4sfcm3fqtp7b2za6nhpfe3brt4\",\r\n      \"name\": \"cli_test_eh_eventnhubrq7jm34q7g4cahrrktyqkm6hrknd4sfcm3fqtp7b2za6nhpfe3brt4\",\r\n      \"location\": \"westus\",\r\n      \"tags\": {\r\n        \"product\": \"azurecli\",\r\n        \"cause\": \"automation\",\r\n        \"date\": \"2018-09-11T18:40:03Z\"\r\n      },\r\n      \"properties\": {\r\n        \"provisioningState\": \"Succeeded\"\r\n      }\r\n    },\r\n    {\r\n      \"id\": \"/subscriptions/854d368f-1828-428f-8f3c-f2affa9b2f7d/resourceGroups/cli_test_eh_eventnhubv5mnedkjvisjeuyi3gzyjbweqyzvbqkaxdhc35fpnjrjkmsm6uvbsv\",\r\n      \"name\": \"cli_test_eh_eventnhubv5mnedkjvisjeuyi3gzyjbweqyzvbqkaxdhc35fpnjrjkmsm6uvbsv\",\r\n      \"location\": \"westus\",\r\n      \"tags\": {\r\n        \"product\": \"azurecli\",\r\n        \"cause\": \"automation\",\r\n        \"date\": \"2018-09-11T18:10:06Z\"\r\n      },\r\n      \"properties\": {\r\n        \"provisioningState\": \"Succeeded\"\r\n      }\r\n    },\r\n    {\r\n      \"id\": \"/subscriptions/854d368f-1828-428f-8f3c-f2affa9b2f7d/resourceGroups/cli_test_eh_eventnhubygu2jh6bm6xz7xmrraeucxcapdo6z6rqjedfohdz2se2rievmnhlfi\",\r\n      \"name\": \"cli_test_eh_eventnhubygu2jh6bm6xz7xmrraeucxcapdo6z6rqjedfohdz2se2rievmnhlfi\",\r\n      \"location\": \"westus\",\r\n      \"tags\": {\r\n        \"product\": \"azurecli\",\r\n        \"cause\": \"automation\",\r\n        \"date\": \"2018-09-11T19:24:59Z\"\r\n      },\r\n      \"properties\": {\r\n        \"provisioningState\": \"Succeeded\"\r\n      }\r\n    },\r\n    {\r\n      \"id\": \"/subscriptions/854d368f-1828-428f-8f3c-f2affa9b2f7d/resourceGroups/cli_test_relay_namespaceutnnajk7notktvm3pz4bhv7iqaf6rmgytcz2dgjaumrt6u2wy2b\",\r\n      \"name\": \"cli_test_relay_namespaceutnnajk7notktvm3pz4bhv7iqaf6rmgytcz2dgjaumrt6u2wy2b\",\r\n      \"location\": \"westus\",\r\n      \"tags\": {\r\n        \"product\": \"azurecli\",\r\n        \"cause\": \"automation\",\r\n        \"date\": \"2018-07-01T09:47:27Z\"\r\n      },\r\n      \"properties\": {\r\n        \"provisioningState\": \"Succeeded\"\r\n      }\r\n    },\r\n    {\r\n      \"id\": \"/subscriptions/854d368f-1828-428f-8f3c-f2affa9b2f7d/resourceGroups/cli_test_sb_aliasdvlllwbni5ox5tgiodxpw6y26vpd2rejmd7ypkjgaq5avlmuvu5emw4wyd\",\r\n      \"name\": \"cli_test_sb_aliasdvlllwbni5ox5tgiodxpw6y26vpd2rejmd7ypkjgaq5avlmuvu5emw4wyd\",\r\n      \"location\": \"westus\",\r\n      \"tags\": {\r\n        \"product\": \"azurecli\",\r\n        \"cause\": \"automation\",\r\n        \"date\": \"2018-09-27T19:48:35Z\"\r\n      },\r\n      \"properties\": {\r\n        \"provisioningState\": \"Succeeded\"\r\n      }\r\n    },\r\n    {\r\n      \"id\": \"/subscriptions/854d368f-1828-428f-8f3c-f2affa9b2f7d/resourceGroups/cli_test_sb_migration5hzncjlmes4wb3mqkuumvilgjbuyyfahhaafw7fu2zlauqm54n5xvb\",\r\n      \"name\": \"cli_test_sb_migration5hzncjlmes4wb3mqkuumvilgjbuyyfahhaafw7fu2zlauqm54n5xvb\",\r\n      \"location\": \"westus\",\r\n      \"tags\": {\r\n        \"product\": \"azurecli\",\r\n        \"cause\": \"automation\",\r\n        \"date\": \"2018-09-27T19:20:21Z\"\r\n      },\r\n      \"properties\": {\r\n        \"provisioningState\": \"Succeeded\"\r\n      }\r\n    },\r\n    {\r\n      \"id\": \"/subscriptions/854d368f-1828-428f-8f3c-f2affa9b2f7d/resourceGroups/cli_test_sb_migrationg32yupps7xptiss5c4qwtr4xxpy6woiz2x6qgfxrs6nju3loro2erc\",\r\n      \"name\": \"cli_test_sb_migrationg32yupps7xptiss5c4qwtr4xxpy6woiz2x6qgfxrs6nju3loro2erc\",\r\n      \"location\": \"westus\",\r\n      \"tags\": {\r\n        \"product\": \"azurecli\",\r\n        \"cause\": \"automation\",\r\n        \"date\": \"2018-09-20T02:02:38Z\"\r\n      },\r\n      \"properties\": {\r\n        \"provisioningState\": \"Succeeded\"\r\n      }\r\n    },\r\n    {\r\n      \"id\": \"/subscriptions/854d368f-1828-428f-8f3c-f2affa9b2f7d/resourceGroups/cli_test_sb_namespace3vnfujejku5lmyp27epatdlz6umuklrq6xgz36n2hwlz3pnxnoga5x\",\r\n      \"name\": \"cli_test_sb_namespace3vnfujejku5lmyp27epatdlz6umuklrq6xgz36n2hwlz3pnxnoga5x\",\r\n      \"location\": \"westus\",\r\n      \"tags\": {\r\n        \"product\": \"azurecli\",\r\n        \"cause\": \"automation\",\r\n        \"date\": \"2018-09-19T02:00:28Z\"\r\n      },\r\n      \"properties\": {\r\n        \"provisioningState\": \"Succeeded\"\r\n      }\r\n    },\r\n    {\r\n      \"id\": \"/subscriptions/854d368f-1828-428f-8f3c-f2affa9b2f7d/resourceGroups/cli_test_sb_namespaceu22akig5sa3z7quh5lmqvgldk56h5zgytaqsfew6rcayhwbbebofs3\",\r\n      \"name\": \"cli_test_sb_namespaceu22akig5sa3z7quh5lmqvgldk56h5zgytaqsfew6rcayhwbbebofs3\",\r\n      \"location\": \"westus\",\r\n      \"tags\": {\r\n        \"product\": \"azurecli\",\r\n        \"cause\": \"automation\",\r\n        \"date\": \"2018-09-19T01:59:05Z\"\r\n      },\r\n      \"properties\": {\r\n        \"provisioningState\": \"Succeeded\"\r\n      }\r\n    },\r\n    {\r\n      \"id\": \"/subscriptions/854d368f-1828-428f-8f3c-f2affa9b2f7d/resourceGroups/cloud-shell-storage-westus\",\r\n      \"name\": \"cloud-shell-storage-westus\",\r\n      \"location\": \"westus\",\r\n      \"properties\": {\r\n        \"provisioningState\": \"Succeeded\"\r\n      }\r\n    },\r\n    {\r\n      \"id\": \"/subscriptions/854d368f-1828-428f-8f3c-f2affa9b2f7d/resourceGroups/CloudTestVMImage\",\r\n      \"name\": \"CloudTestVMImage\",\r\n      \"location\": \"westus2\",\r\n      \"properties\": {\r\n        \"provisioningState\": \"Succeeded\"\r\n      }\r\n    },\r\n    {\r\n      \"id\": \"/subscriptions/854d368f-1828-428f-8f3c-f2affa9b2f7d/resourceGroups/connectedcar\",\r\n      \"name\": \"connectedcar\",\r\n      \"location\": \"westus\",\r\n      \"properties\": {\r\n        \"provisioningState\": \"Succeeded\"\r\n      }\r\n    },\r\n    {\r\n      \"id\": \"/subscriptions/854d368f-1828-428f-8f3c-f2affa9b2f7d/resourceGroups/csharp-test-brian-liu\",\r\n      \"name\": \"csharp-test-brian-liu\",\r\n      \"location\": \"westus\",\r\n      \"properties\": {\r\n        \"provisioningState\": \"Succeeded\"\r\n      }\r\n    },\r\n    {\r\n      \"id\": \"/subscriptions/854d368f-1828-428f-8f3c-f2affa9b2f7d/resourceGroups/cvtest221\",\r\n      \"name\": \"cvtest221\",\r\n      \"location\": \"northeurope\",\r\n      \"properties\": {\r\n        \"provisioningState\": \"Succeeded\"\r\n      }\r\n    },\r\n    {\r\n      \"id\": \"/subscriptions/854d368f-1828-428f-8f3c-f2affa9b2f7d/resourceGroups/cvtest224\",\r\n      \"name\": \"cvtest224\",\r\n      \"location\": \"westeurope\",\r\n      \"properties\": {\r\n        \"provisioningState\": \"Succeeded\"\r\n      }\r\n    },\r\n    {\r\n      \"id\": \"/subscriptions/854d368f-1828-428f-8f3c-f2affa9b2f7d/resourceGroups/cvtest225\",\r\n      \"name\": \"cvtest225\",\r\n      \"location\": \"westus\",\r\n      \"properties\": {\r\n        \"provisioningState\": \"Succeeded\"\r\n      }\r\n    },\r\n    {\r\n      \"id\": \"/subscriptions/854d368f-1828-428f-8f3c-f2affa9b2f7d/resourceGroups/cvtest23\",\r\n      \"name\": \"cvtest23\",\r\n      \"location\": \"westcentralus\",\r\n      \"properties\": {\r\n        \"provisioningState\": \"Succeeded\"\r\n      }\r\n    },\r\n    {\r\n      \"id\": \"/subscriptions/854d368f-1828-428f-8f3c-f2affa9b2f7d/resourceGroups/cvtest28\",\r\n      \"name\": \"cvtest28\",\r\n      \"location\": \"westus\",\r\n      \"properties\": {\r\n        \"provisioningState\": \"Succeeded\"\r\n      }\r\n    },\r\n    {\r\n      \"id\": \"/subscriptions/854d368f-1828-428f-8f3c-f2affa9b2f7d/resourceGroups/cvtest29\",\r\n      \"name\": \"cvtest29\",\r\n      \"location\": \"westus\",\r\n      \"properties\": {\r\n        \"provisioningState\": \"Succeeded\"\r\n      }\r\n    },\r\n    {\r\n      \"id\": \"/subscriptions/854d368f-1828-428f-8f3c-f2affa9b2f7d/resourceGroups/cvvs2017\",\r\n      \"name\": \"cvvs2017\",\r\n      \"location\": \"eastus\",\r\n      \"properties\": {\r\n        \"provisioningState\": \"Succeeded\"\r\n      }\r\n    },\r\n    {\r\n      \"id\": \"/subscriptions/854d368f-1828-428f-8f3c-f2affa9b2f7d/resourceGroups/das-test-backup\",\r\n      \"name\": \"das-test-backup\",\r\n      \"location\": \"westus\",\r\n      \"properties\": {\r\n        \"provisioningState\": \"Succeeded\"\r\n      }\r\n    },\r\n    {\r\n      \"id\": \"/subscriptions/854d368f-1828-428f-8f3c-f2affa9b2f7d/resourceGroups/das-test-dasc2\",\r\n      \"name\": \"das-test-dasc2\",\r\n      \"location\": \"westus\",\r\n      \"properties\": {\r\n        \"provisioningState\": \"Succeeded\"\r\n      }\r\n    },\r\n    {\r\n      \"id\": \"/subscriptions/854d368f-1828-428f-8f3c-f2affa9b2f7d/resourceGroups/das-test-ds1\",\r\n      \"name\": \"das-test-ds1\",\r\n      \"location\": \"westus\",\r\n      \"properties\": {\r\n        \"provisioningState\": \"Succeeded\"\r\n      }\r\n    },\r\n    {\r\n      \"id\": \"/subscriptions/854d368f-1828-428f-8f3c-f2affa9b2f7d/resourceGroups/das-test-ds2\",\r\n      \"name\": \"das-test-ds2\",\r\n      \"location\": \"westus\",\r\n      \"properties\": {\r\n        \"provisioningState\": \"Succeeded\"\r\n      }\r\n    },\r\n    {\r\n      \"id\": \"/subscriptions/854d368f-1828-428f-8f3c-f2affa9b2f7d/resourceGroups/das-test-eca\",\r\n      \"name\": \"das-test-eca\",\r\n      \"location\": \"westus\",\r\n      \"properties\": {\r\n        \"provisioningState\": \"Succeeded\"\r\n      }\r\n    },\r\n    {\r\n      \"id\": \"/subscriptions/854d368f-1828-428f-8f3c-f2affa9b2f7d/resourceGroups/das-test-tsg\",\r\n      \"name\": \"das-test-tsg\",\r\n      \"location\": \"westus\",\r\n      \"properties\": {\r\n        \"provisioningState\": \"Succeeded\"\r\n      }\r\n    },\r\n    {\r\n      \"id\": \"/subscriptions/854d368f-1828-428f-8f3c-f2affa9b2f7d/resourceGroups/dashboards\",\r\n      \"name\": \"dashboards\",\r\n      \"location\": \"eastasia\",\r\n      \"properties\": {\r\n        \"provisioningState\": \"Succeeded\"\r\n      }\r\n    },\r\n    {\r\n      \"id\": \"/subscriptions/854d368f-1828-428f-8f3c-f2affa9b2f7d/resourceGroups/databricks-rg-sjplay-7btwdyveaipe4\",\r\n      \"name\": \"databricks-rg-sjplay-7btwdyveaipe4\",\r\n      \"location\": \"westus\",\r\n      \"properties\": {\r\n        \"provisioningState\": \"Succeeded\"\r\n      }\r\n    },\r\n    {\r\n      \"id\": \"/subscriptions/854d368f-1828-428f-8f3c-f2affa9b2f7d/resourceGroups/databricks-rg-TestCompatility-sbbpsugvgcvrq\",\r\n      \"name\": \"databricks-rg-TestCompatility-sbbpsugvgcvrq\",\r\n      \"location\": \"westus\",\r\n      \"properties\": {\r\n        \"provisioningState\": \"Succeeded\"\r\n      }\r\n    },\r\n    {\r\n      \"id\": \"/subscriptions/854d368f-1828-428f-8f3c-f2affa9b2f7d/resourceGroups/daylight\",\r\n      \"name\": \"daylight\",\r\n      \"location\": \"northcentralus\",\r\n      \"properties\": {\r\n        \"provisioningState\": \"Succeeded\"\r\n      }\r\n    },\r\n    {\r\n      \"id\": \"/subscriptions/854d368f-1828-428f-8f3c-f2affa9b2f7d/resourceGroups/Default-ActivityLogAlerts\",\r\n      \"name\": \"Default-ActivityLogAlerts\",\r\n      \"location\": \"eastasia\",\r\n      \"tags\": {},\r\n      \"properties\": {\r\n        \"provisioningState\": \"Succeeded\"\r\n      }\r\n    },\r\n    {\r\n      \"id\": \"/subscriptions/854d368f-1828-428f-8f3c-f2affa9b2f7d/resourceGroups/Default-ApplicationInsights-CentralUS\",\r\n      \"name\": \"Default-ApplicationInsights-CentralUS\",\r\n      \"location\": \"centralus\",\r\n      \"properties\": {\r\n        \"provisioningState\": \"Succeeded\"\r\n      }\r\n    },\r\n    {\r\n      \"id\": \"/subscriptions/854d368f-1828-428f-8f3c-f2affa9b2f7d/resourceGroups/Default-ApplicationInsights-EastUS\",\r\n      \"name\": \"Default-ApplicationInsights-EastUS\",\r\n      \"location\": \"eastus\",\r\n      \"properties\": {\r\n        \"provisioningState\": \"Succeeded\"\r\n      }\r\n    },\r\n    {\r\n      \"id\": \"/subscriptions/854d368f-1828-428f-8f3c-f2affa9b2f7d/resourceGroups/Default-BizTalk-West-US\",\r\n      \"name\": \"Default-BizTalk-West-US\",\r\n      \"location\": \"westus\",\r\n      \"properties\": {\r\n        \"provisioningState\": \"Succeeded\"\r\n      }\r\n    },\r\n    {\r\n      \"id\": \"/subscriptions/854d368f-1828-428f-8f3c-f2affa9b2f7d/resourceGroups/Default-EventHub-AustraliaSoutheast\",\r\n      \"name\": \"Default-EventHub-AustraliaSoutheast\",\r\n      \"location\": \"australiasoutheast\",\r\n      \"properties\": {\r\n        \"provisioningState\": \"Succeeded\"\r\n      }\r\n    },\r\n    {\r\n      \"id\": \"/subscriptions/854d368f-1828-428f-8f3c-f2affa9b2f7d/resourceGroups/Default-EventHub-BrazilSouth\",\r\n      \"name\": \"Default-EventHub-BrazilSouth\",\r\n      \"location\": \"brazilsouth\",\r\n      \"properties\": {\r\n        \"provisioningState\": \"Succeeded\"\r\n      }\r\n    },\r\n    {\r\n      \"id\": \"/subscriptions/854d368f-1828-428f-8f3c-f2affa9b2f7d/resourceGroups/Default-EventHub-CentralUS\",\r\n      \"name\": \"Default-EventHub-CentralUS\",\r\n      \"location\": \"centralus\",\r\n      \"properties\": {\r\n        \"provisioningState\": \"Succeeded\"\r\n      }\r\n    },\r\n    {\r\n      \"id\": \"/subscriptions/854d368f-1828-428f-8f3c-f2affa9b2f7d/resourceGroups/Default-EventHub-CentralUSEUAP\",\r\n      \"name\": \"Default-EventHub-CentralUSEUAP\",\r\n      \"location\": \"centraluseuap\",\r\n      \"properties\": {\r\n        \"provisioningState\": \"Succeeded\"\r\n      }\r\n    },\r\n    {\r\n      \"id\": \"/subscriptions/854d368f-1828-428f-8f3c-f2affa9b2f7d/resourceGroups/Default-EventHub-EastUS2\",\r\n      \"name\": \"Default-EventHub-EastUS2\",\r\n      \"location\": \"eastus2\",\r\n      \"properties\": {\r\n        \"provisioningState\": \"Succeeded\"\r\n      }\r\n    },\r\n    {\r\n      \"id\": \"/subscriptions/854d368f-1828-428f-8f3c-f2affa9b2f7d/resourceGroups/Default-EventHub-EASTUS2EUAP\",\r\n      \"name\": \"Default-EventHub-EASTUS2EUAP\",\r\n      \"location\": \"eastus2euap\",\r\n      \"properties\": {\r\n        \"provisioningState\": \"Succeeded\"\r\n      }\r\n    },\r\n    {\r\n      \"id\": \"/subscriptions/854d368f-1828-428f-8f3c-f2affa9b2f7d/resourceGroups/Default-EventHub-NorthCentralUS\",\r\n      \"name\": \"Default-EventHub-NorthCentralUS\",\r\n      \"location\": \"northcentralus\",\r\n      \"properties\": {\r\n        \"provisioningState\": \"Succeeded\"\r\n      }\r\n    },\r\n    {\r\n      \"id\": \"/subscriptions/854d368f-1828-428f-8f3c-f2affa9b2f7d/resourceGroups/Default-EventHub-SouthCentralUS\",\r\n      \"name\": \"Default-EventHub-SouthCentralUS\",\r\n      \"location\": \"southcentralus\",\r\n      \"properties\": {\r\n        \"provisioningState\": \"Succeeded\"\r\n      }\r\n    },\r\n    {\r\n      \"id\": \"/subscriptions/854d368f-1828-428f-8f3c-f2affa9b2f7d/resourceGroups/Default-EventHub-WestCentralUS\",\r\n      \"name\": \"Default-EventHub-WestCentralUS\",\r\n      \"location\": \"westcentralus\",\r\n      \"properties\": {\r\n        \"provisioningState\": \"Succeeded\"\r\n      }\r\n    },\r\n    {\r\n      \"id\": \"/subscriptions/854d368f-1828-428f-8f3c-f2affa9b2f7d/resourceGroups/Default-EventHub-WestUS\",\r\n      \"name\": \"Default-EventHub-WestUS\",\r\n      \"location\": \"westus\",\r\n      \"properties\": {\r\n        \"provisioningState\": \"Succeeded\"\r\n      }\r\n    },\r\n    {\r\n      \"id\": \"/subscriptions/854d368f-1828-428f-8f3c-f2affa9b2f7d/resourceGroups/Default-Networking\",\r\n      \"name\": \"Default-Networking\",\r\n      \"location\": \"eastus\",\r\n      \"properties\": {\r\n        \"provisioningState\": \"Succeeded\"\r\n      }\r\n    },\r\n    {\r\n      \"id\": \"/subscriptions/854d368f-1828-428f-8f3c-f2affa9b2f7d/resourceGroups/Default-ServiceBus-AustraliaEast\",\r\n      \"name\": \"Default-ServiceBus-AustraliaEast\",\r\n      \"location\": \"australiaeast\",\r\n      \"properties\": {\r\n        \"provisioningState\": \"Succeeded\"\r\n      }\r\n    },\r\n    {\r\n      \"id\": \"/subscriptions/854d368f-1828-428f-8f3c-f2affa9b2f7d/resourceGroups/Default-ServiceBus-AustraliaSoutheast\",\r\n      \"name\": \"Default-ServiceBus-AustraliaSoutheast\",\r\n      \"location\": \"australiasoutheast\",\r\n      \"properties\": {\r\n        \"provisioningState\": \"Succeeded\"\r\n      }\r\n    },\r\n    {\r\n      \"id\": \"/subscriptions/854d368f-1828-428f-8f3c-f2affa9b2f7d/resourceGroups/Default-ServiceBus-BrazilSouth\",\r\n      \"name\": \"Default-ServiceBus-BrazilSouth\",\r\n      \"location\": \"brazilsouth\",\r\n      \"properties\": {\r\n        \"provisioningState\": \"Succeeded\"\r\n      }\r\n    },\r\n    {\r\n      \"id\": \"/subscriptions/854d368f-1828-428f-8f3c-f2affa9b2f7d/resourceGroups/Default-ServiceBus-CentralIndia\",\r\n      \"name\": \"Default-ServiceBus-CentralIndia\",\r\n      \"location\": \"centralindia\",\r\n      \"properties\": {\r\n        \"provisioningState\": \"Succeeded\"\r\n      }\r\n    },\r\n    {\r\n      \"id\": \"/subscriptions/854d368f-1828-428f-8f3c-f2affa9b2f7d/resourceGroups/Default-ServiceBus-CentralUS\",\r\n      \"name\": \"Default-ServiceBus-CentralUS\",\r\n      \"location\": \"centralus\",\r\n      \"properties\": {\r\n        \"provisioningState\": \"Succeeded\"\r\n      }\r\n    },\r\n    {\r\n      \"id\": \"/subscriptions/854d368f-1828-428f-8f3c-f2affa9b2f7d/resourceGroups/Default-ServiceBus-CentralUSEUAP\",\r\n      \"name\": \"Default-ServiceBus-CentralUSEUAP\",\r\n      \"location\": \"centraluseuap\",\r\n      \"properties\": {\r\n        \"provisioningState\": \"Succeeded\"\r\n      }\r\n    },\r\n    {\r\n      \"id\": \"/subscriptions/854d368f-1828-428f-8f3c-f2affa9b2f7d/resourceGroups/Default-ServiceBus-EastAsia\",\r\n      \"name\": \"Default-ServiceBus-EastAsia\",\r\n      \"location\": \"eastasia\",\r\n      \"properties\": {\r\n        \"provisioningState\": \"Succeeded\"\r\n      }\r\n    },\r\n    {\r\n      \"id\": \"/subscriptions/854d368f-1828-428f-8f3c-f2affa9b2f7d/resourceGroups/Default-ServiceBus-EastUS\",\r\n      \"name\": \"Default-ServiceBus-EastUS\",\r\n      \"location\": \"eastus\",\r\n      \"properties\": {\r\n        \"provisioningState\": \"Succeeded\"\r\n      }\r\n    },\r\n    {\r\n      \"id\": \"/subscriptions/854d368f-1828-428f-8f3c-f2affa9b2f7d/resourceGroups/Default-ServiceBus-EastUS2\",\r\n      \"name\": \"Default-ServiceBus-EastUS2\",\r\n      \"location\": \"eastus2\",\r\n      \"properties\": {\r\n        \"provisioningState\": \"Succeeded\"\r\n      }\r\n    },\r\n    {\r\n      \"id\": \"/subscriptions/854d368f-1828-428f-8f3c-f2affa9b2f7d/resourceGroups/Default-ServiceBus-EASTUS2EUAP\",\r\n      \"name\": \"Default-ServiceBus-EASTUS2EUAP\",\r\n      \"location\": \"eastus2euap\",\r\n      \"properties\": {\r\n        \"provisioningState\": \"Succeeded\"\r\n      }\r\n    },\r\n    {\r\n      \"id\": \"/subscriptions/854d368f-1828-428f-8f3c-f2affa9b2f7d/resourceGroups/Default-ServiceBus-FranceCentral\",\r\n      \"name\": \"Default-ServiceBus-FranceCentral\",\r\n      \"location\": \"francecentral\",\r\n      \"properties\": {\r\n        \"provisioningState\": \"Succeeded\"\r\n      }\r\n    },\r\n    {\r\n      \"id\": \"/subscriptions/854d368f-1828-428f-8f3c-f2affa9b2f7d/resourceGroups/Default-ServiceBus-JapanEast\",\r\n      \"name\": \"Default-ServiceBus-JapanEast\",\r\n      \"location\": \"japaneast\",\r\n      \"properties\": {\r\n        \"provisioningState\": \"Succeeded\"\r\n      }\r\n    },\r\n    {\r\n      \"id\": \"/subscriptions/854d368f-1828-428f-8f3c-f2affa9b2f7d/resourceGroups/Default-ServiceBus-JapanWest\",\r\n      \"name\": \"Default-ServiceBus-JapanWest\",\r\n      \"location\": \"japanwest\",\r\n      \"properties\": {\r\n        \"provisioningState\": \"Succeeded\"\r\n      }\r\n    },\r\n    {\r\n      \"id\": \"/subscriptions/854d368f-1828-428f-8f3c-f2affa9b2f7d/resourceGroups/Default-ServiceBus-NorthCentralUS\",\r\n      \"name\": \"Default-ServiceBus-NorthCentralUS\",\r\n      \"location\": \"northcentralus\",\r\n      \"properties\": {\r\n        \"provisioningState\": \"Succeeded\"\r\n      }\r\n    },\r\n    {\r\n      \"id\": \"/subscriptions/854d368f-1828-428f-8f3c-f2affa9b2f7d/resourceGroups/Default-ServiceBus-NorthEurope\",\r\n      \"name\": \"Default-ServiceBus-NorthEurope\",\r\n      \"location\": \"northeurope\",\r\n      \"properties\": {\r\n        \"provisioningState\": \"Succeeded\"\r\n      }\r\n    },\r\n    {\r\n      \"id\": \"/subscriptions/854d368f-1828-428f-8f3c-f2affa9b2f7d/resourceGroups/Default-ServiceBus-SouthCentralUS\",\r\n      \"name\": \"Default-ServiceBus-SouthCentralUS\",\r\n      \"location\": \"southcentralus\",\r\n      \"properties\": {\r\n        \"provisioningState\": \"Succeeded\"\r\n      }\r\n    },\r\n    {\r\n      \"id\": \"/subscriptions/854d368f-1828-428f-8f3c-f2affa9b2f7d/resourceGroups/Default-ServiceBus-SoutheastAsia\",\r\n      \"name\": \"Default-ServiceBus-SoutheastAsia\",\r\n      \"location\": \"southeastasia\",\r\n      \"properties\": {\r\n        \"provisioningState\": \"Succeeded\"\r\n      }\r\n    },\r\n    {\r\n      \"id\": \"/subscriptions/854d368f-1828-428f-8f3c-f2affa9b2f7d/resourceGroups/Default-ServiceBus-SouthIndia\",\r\n      \"name\": \"Default-ServiceBus-SouthIndia\",\r\n      \"location\": \"southindia\",\r\n      \"properties\": {\r\n        \"provisioningState\": \"Succeeded\"\r\n      }\r\n    },\r\n    {\r\n      \"id\": \"/subscriptions/854d368f-1828-428f-8f3c-f2affa9b2f7d/resourceGroups/Default-ServiceBus-WestCentralUS\",\r\n      \"name\": \"Default-ServiceBus-WestCentralUS\",\r\n      \"location\": \"westcentralus\",\r\n      \"properties\": {\r\n        \"provisioningState\": \"Succeeded\"\r\n      }\r\n    },\r\n    {\r\n      \"id\": \"/subscriptions/854d368f-1828-428f-8f3c-f2affa9b2f7d/resourceGroups/Default-ServiceBus-WestEurope\",\r\n      \"name\": \"Default-ServiceBus-WestEurope\",\r\n      \"location\": \"westeurope\",\r\n      \"properties\": {\r\n        \"provisioningState\": \"Succeeded\"\r\n      }\r\n    },\r\n    {\r\n      \"id\": \"/subscriptions/854d368f-1828-428f-8f3c-f2affa9b2f7d/resourceGroups/Default-ServiceBus-WestIndia\",\r\n      \"name\": \"Default-ServiceBus-WestIndia\",\r\n      \"location\": \"westindia\",\r\n      \"properties\": {\r\n        \"provisioningState\": \"Succeeded\"\r\n      }\r\n    },\r\n    {\r\n      \"id\": \"/subscriptions/854d368f-1828-428f-8f3c-f2affa9b2f7d/resourceGroups/Default-ServiceBus-WestUS\",\r\n      \"name\": \"Default-ServiceBus-WestUS\",\r\n      \"location\": \"westus\",\r\n      \"properties\": {\r\n        \"provisioningState\": \"Succeeded\"\r\n      }\r\n    },\r\n    {\r\n      \"id\": \"/subscriptions/854d368f-1828-428f-8f3c-f2affa9b2f7d/resourceGroups/Default-SQL-NorthCentralUS\",\r\n      \"name\": \"Default-SQL-NorthCentralUS\",\r\n      \"location\": \"northcentralus\",\r\n      \"properties\": {\r\n        \"provisioningState\": \"Succeeded\"\r\n      }\r\n    },\r\n    {\r\n      \"id\": \"/subscriptions/854d368f-1828-428f-8f3c-f2affa9b2f7d/resourceGroups/Default-SQL-WestUS\",\r\n      \"name\": \"Default-SQL-WestUS\",\r\n      \"location\": \"westus\",\r\n      \"properties\": {\r\n        \"provisioningState\": \"Succeeded\"\r\n      }\r\n    },\r\n    {\r\n      \"id\": \"/subscriptions/854d368f-1828-428f-8f3c-f2affa9b2f7d/resourceGroups/Default-Storage-CentralUS\",\r\n      \"name\": \"Default-Storage-CentralUS\",\r\n      \"location\": \"centralus\",\r\n      \"properties\": {\r\n        \"provisioningState\": \"Succeeded\"\r\n      }\r\n    },\r\n    {\r\n      \"id\": \"/subscriptions/854d368f-1828-428f-8f3c-f2affa9b2f7d/resourceGroups/Default-Storage-EastAsia\",\r\n      \"name\": \"Default-Storage-EastAsia\",\r\n      \"location\": \"eastasia\",\r\n      \"properties\": {\r\n        \"provisioningState\": \"Succeeded\"\r\n      }\r\n    },\r\n    {\r\n      \"id\": \"/subscriptions/854d368f-1828-428f-8f3c-f2affa9b2f7d/resourceGroups/Default-Storage-EastUS\",\r\n      \"name\": \"Default-Storage-EastUS\",\r\n      \"location\": \"eastus\",\r\n      \"properties\": {\r\n        \"provisioningState\": \"Succeeded\"\r\n      }\r\n    },\r\n    {\r\n      \"id\": \"/subscriptions/854d368f-1828-428f-8f3c-f2affa9b2f7d/resourceGroups/Default-Storage-EastUS2\",\r\n      \"name\": \"Default-Storage-EastUS2\",\r\n      \"location\": \"eastus2\",\r\n      \"properties\": {\r\n        \"provisioningState\": \"Succeeded\"\r\n      }\r\n    },\r\n    {\r\n      \"id\": \"/subscriptions/854d368f-1828-428f-8f3c-f2affa9b2f7d/resourceGroups/Default-Storage-NorthCentralUS\",\r\n      \"name\": \"Default-Storage-NorthCentralUS\",\r\n      \"location\": \"northcentralus\",\r\n      \"properties\": {\r\n        \"provisioningState\": \"Succeeded\"\r\n      }\r\n    },\r\n    {\r\n      \"id\": \"/subscriptions/854d368f-1828-428f-8f3c-f2affa9b2f7d/resourceGroups/Default-Storage-NorthEurope\",\r\n      \"name\": \"Default-Storage-NorthEurope\",\r\n      \"location\": \"northeurope\",\r\n      \"properties\": {\r\n        \"provisioningState\": \"Succeeded\"\r\n      }\r\n    },\r\n    {\r\n      \"id\": \"/subscriptions/854d368f-1828-428f-8f3c-f2affa9b2f7d/resourceGroups/Default-Storage-SouthCentralUS\",\r\n      \"name\": \"Default-Storage-SouthCentralUS\",\r\n      \"location\": \"southcentralus\",\r\n      \"properties\": {\r\n        \"provisioningState\": \"Succeeded\"\r\n      }\r\n    },\r\n    {\r\n      \"id\": \"/subscriptions/854d368f-1828-428f-8f3c-f2affa9b2f7d/resourceGroups/Default-Storage-SoutheastAsia\",\r\n      \"name\": \"Default-Storage-SoutheastAsia\",\r\n      \"location\": \"southeastasia\",\r\n      \"properties\": {\r\n        \"provisioningState\": \"Succeeded\"\r\n      }\r\n    },\r\n    {\r\n      \"id\": \"/subscriptions/854d368f-1828-428f-8f3c-f2affa9b2f7d/resourceGroups/Default-Storage-WestEurope\",\r\n      \"name\": \"Default-Storage-WestEurope\",\r\n      \"location\": \"westeurope\",\r\n      \"properties\": {\r\n        \"provisioningState\": \"Succeeded\"\r\n      }\r\n    },\r\n    {\r\n      \"id\": \"/subscriptions/854d368f-1828-428f-8f3c-f2affa9b2f7d/resourceGroups/Default-Storage-WestUS\",\r\n      \"name\": \"Default-Storage-WestUS\",\r\n      \"location\": \"westus\",\r\n      \"properties\": {\r\n        \"provisioningState\": \"Succeeded\"\r\n      }\r\n    },\r\n    {\r\n      \"id\": \"/subscriptions/854d368f-1828-428f-8f3c-f2affa9b2f7d/resourceGroups/Default-TrafficManager\",\r\n      \"name\": \"Default-TrafficManager\",\r\n      \"location\": \"southcentralus\",\r\n      \"properties\": {\r\n        \"provisioningState\": \"Succeeded\"\r\n      }\r\n    },\r\n    {\r\n      \"id\": \"/subscriptions/854d368f-1828-428f-8f3c-f2affa9b2f7d/resourceGroups/Default-Web-EastUS\",\r\n      \"name\": \"Default-Web-EastUS\",\r\n      \"location\": \"eastus\",\r\n      \"properties\": {\r\n        \"provisioningState\": \"Succeeded\"\r\n      }\r\n    },\r\n    {\r\n      \"id\": \"/subscriptions/854d368f-1828-428f-8f3c-f2affa9b2f7d/resourceGroups/Default-Web-WestUS\",\r\n      \"name\": \"Default-Web-WestUS\",\r\n      \"location\": \"westus\",\r\n      \"properties\": {\r\n        \"provisioningState\": \"Succeeded\"\r\n      }\r\n    },\r\n    {\r\n      \"id\": \"/subscriptions/854d368f-1828-428f-8f3c-f2affa9b2f7d/resourceGroups/Default_ServiceBus1_WestUS\",\r\n      \"name\": \"Default_ServiceBus1_WestUS\",\r\n      \"location\": \"westus\",\r\n      \"properties\": {\r\n        \"provisioningState\": \"Succeeded\"\r\n      }\r\n    },\r\n    {\r\n      \"id\": \"/subscriptions/854d368f-1828-428f-8f3c-f2affa9b2f7d/resourceGroups/DefaultResourceGroup-EUS\",\r\n      \"name\": \"DefaultResourceGroup-EUS\",\r\n      \"location\": \"eastus\",\r\n      \"properties\": {\r\n        \"provisioningState\": \"Succeeded\"\r\n      }\r\n    },\r\n    {\r\n      \"id\": \"/subscriptions/854d368f-1828-428f-8f3c-f2affa9b2f7d/resourceGroups/DefaultResourceGroup-WEU\",\r\n      \"name\": \"DefaultResourceGroup-WEU\",\r\n      \"location\": \"westeurope\",\r\n      \"tags\": {},\r\n      \"properties\": {\r\n        \"provisioningState\": \"Succeeded\"\r\n      }\r\n    },\r\n    {\r\n      \"id\": \"/subscriptions/854d368f-1828-428f-8f3c-f2affa9b2f7d/resourceGroups/dl-cdb0-bvtvm\",\r\n      \"name\": \"dl-cdb0-bvtvm\",\r\n      \"location\": \"southcentralus\",\r\n      \"properties\": {\r\n        \"provisioningState\": \"Succeeded\"\r\n      }\r\n    },\r\n    {\r\n      \"id\": \"/subscriptions/854d368f-1828-428f-8f3c-f2affa9b2f7d/resourceGroups/dl-cdb0-bvtvmac\",\r\n      \"name\": \"dl-cdb0-bvtvmac\",\r\n      \"location\": \"southcentralus\",\r\n      \"properties\": {\r\n        \"provisioningState\": \"Succeeded\"\r\n      }\r\n    },\r\n    {\r\n      \"id\": \"/subscriptions/854d368f-1828-428f-8f3c-f2affa9b2f7d/resourceGroups/dl-cdb1-bvtvm1\",\r\n      \"name\": \"dl-cdb1-bvtvm1\",\r\n      \"location\": \"southcentralus\",\r\n      \"properties\": {\r\n        \"provisioningState\": \"Succeeded\"\r\n      }\r\n    },\r\n    {\r\n      \"id\": \"/subscriptions/854d368f-1828-428f-8f3c-f2affa9b2f7d/resourceGroups/dl-cdb1-bvtvmac\",\r\n      \"name\": \"dl-cdb1-bvtvmac\",\r\n      \"location\": \"southcentralus\",\r\n      \"properties\": {\r\n        \"provisioningState\": \"Succeeded\"\r\n      }\r\n    },\r\n    {\r\n      \"id\": \"/subscriptions/854d368f-1828-428f-8f3c-f2affa9b2f7d/resourceGroups/dl-nh-cdb1\",\r\n      \"name\": \"dl-nh-cdb1\",\r\n      \"location\": \"westus\",\r\n      \"properties\": {\r\n        \"provisioningState\": \"Succeeded\"\r\n      }\r\n    },\r\n    {\r\n      \"id\": \"/subscriptions/854d368f-1828-428f-8f3c-f2affa9b2f7d/resourceGroups/dl-sb-cdb1\",\r\n      \"name\": \"dl-sb-cdb1\",\r\n      \"location\": \"westus\",\r\n      \"properties\": {\r\n        \"provisioningState\": \"Succeeded\"\r\n      }\r\n    },\r\n    {\r\n      \"id\": \"/subscriptions/854d368f-1828-428f-8f3c-f2affa9b2f7d/resourceGroups/dl-sb-cdb2\",\r\n      \"name\": \"dl-sb-cdb2\",\r\n      \"location\": \"westus\",\r\n      \"properties\": {\r\n        \"provisioningState\": \"Succeeded\"\r\n      }\r\n    },\r\n    {\r\n      \"id\": \"/subscriptions/854d368f-1828-428f-8f3c-f2affa9b2f7d/resourceGroups/dl-sbcit-cdb2\",\r\n      \"name\": \"dl-sbcit-cdb2\",\r\n      \"location\": \"westus\",\r\n      \"properties\": {\r\n        \"provisioningState\": \"Succeeded\"\r\n      }\r\n    },\r\n    {\r\n      \"id\": \"/subscriptions/854d368f-1828-428f-8f3c-f2affa9b2f7d/resourceGroups/dl-sbcit-cdb3\",\r\n      \"name\": \"dl-sbcit-cdb3\",\r\n      \"location\": \"westus\",\r\n      \"properties\": {\r\n        \"provisioningState\": \"Succeeded\"\r\n      }\r\n    },\r\n    {\r\n      \"id\": \"/subscriptions/854d368f-1828-428f-8f3c-f2affa9b2f7d/resourceGroups/dl-sbcitstg-cdb\",\r\n      \"name\": \"dl-sbcitstg-cdb\",\r\n      \"location\": \"westus\",\r\n      \"properties\": {\r\n        \"provisioningState\": \"Succeeded\"\r\n      }\r\n    },\r\n    {\r\n      \"id\": \"/subscriptions/854d368f-1828-428f-8f3c-f2affa9b2f7d/resourceGroups/dlcl-ap01\",\r\n      \"name\": \"dlcl-ap01\",\r\n      \"location\": \"westus\",\r\n      \"properties\": {\r\n        \"provisioningState\": \"Succeeded\"\r\n      }\r\n    },\r\n    {\r\n      \"id\": \"/subscriptions/854d368f-1828-428f-8f3c-f2affa9b2f7d/resourceGroups/dlcl-sb-failover-m1\",\r\n      \"name\": \"dlcl-sb-failover-m1\",\r\n      \"location\": \"westus\",\r\n      \"properties\": {\r\n        \"provisioningState\": \"Succeeded\"\r\n      }\r\n    },\r\n    {\r\n      \"id\": \"/subscriptions/854d368f-1828-428f-8f3c-f2affa9b2f7d/resourceGroups/dlcl-sb-failover-m2\",\r\n      \"name\": \"dlcl-sb-failover-m2\",\r\n      \"location\": \"westus\",\r\n      \"properties\": {\r\n        \"provisioningState\": \"Succeeded\"\r\n      }\r\n    },\r\n    {\r\n      \"id\": \"/subscriptions/854d368f-1828-428f-8f3c-f2affa9b2f7d/resourceGroups/dlcl-sb-failover-p1\",\r\n      \"name\": \"dlcl-sb-failover-p1\",\r\n      \"location\": \"westus\",\r\n      \"properties\": {\r\n        \"provisioningState\": \"Succeeded\"\r\n      }\r\n    },\r\n    {\r\n      \"id\": \"/subscriptions/854d368f-1828-428f-8f3c-f2affa9b2f7d/resourceGroups/dlcl-sb-jen-m1\",\r\n      \"name\": \"dlcl-sb-jen-m1\",\r\n      \"location\": \"westus\",\r\n      \"properties\": {\r\n        \"provisioningState\": \"Succeeded\"\r\n      }\r\n    },\r\n    {\r\n      \"id\": \"/subscriptions/854d368f-1828-428f-8f3c-f2affa9b2f7d/resourceGroups/dlcl-sb-jen-p1\",\r\n      \"name\": \"dlcl-sb-jen-p1\",\r\n      \"location\": \"westus\",\r\n      \"properties\": {\r\n        \"provisioningState\": \"Succeeded\"\r\n      }\r\n    },\r\n    {\r\n      \"id\": \"/subscriptions/854d368f-1828-428f-8f3c-f2affa9b2f7d/resourceGroups/dlcl-sb-jen-r1\",\r\n      \"name\": \"dlcl-sb-jen-r1\",\r\n      \"location\": \"westus\",\r\n      \"properties\": {\r\n        \"provisioningState\": \"Succeeded\"\r\n      }\r\n    },\r\n    {\r\n      \"id\": \"/subscriptions/854d368f-1828-428f-8f3c-f2affa9b2f7d/resourceGroups/dlcl-sb-m1\",\r\n      \"name\": \"dlcl-sb-m1\",\r\n      \"location\": \"westus\",\r\n      \"properties\": {\r\n        \"provisioningState\": \"Succeeded\"\r\n      }\r\n    },\r\n    {\r\n      \"id\": \"/subscriptions/854d368f-1828-428f-8f3c-f2affa9b2f7d/resourceGroups/dlcl-sb-m4\",\r\n      \"name\": \"dlcl-sb-m4\",\r\n      \"location\": \"westus\",\r\n      \"properties\": {\r\n        \"provisioningState\": \"Succeeded\"\r\n      }\r\n    },\r\n    {\r\n      \"id\": \"/subscriptions/854d368f-1828-428f-8f3c-f2affa9b2f7d/resourceGroups/dlcl-sb-p1\",\r\n      \"name\": \"dlcl-sb-p1\",\r\n      \"location\": \"westus\",\r\n      \"properties\": {\r\n        \"provisioningState\": \"Succeeded\"\r\n      }\r\n    },\r\n    {\r\n      \"id\": \"/subscriptions/854d368f-1828-428f-8f3c-f2affa9b2f7d/resourceGroups/dlcl-sb-r1\",\r\n      \"name\": \"dlcl-sb-r1\",\r\n      \"location\": \"westus\",\r\n      \"properties\": {\r\n        \"provisioningState\": \"Succeeded\"\r\n      }\r\n    },\r\n    {\r\n      \"id\": \"/subscriptions/854d368f-1828-428f-8f3c-f2affa9b2f7d/resourceGroups/dlcl-sb-r2\",\r\n      \"name\": \"dlcl-sb-r2\",\r\n      \"location\": \"eastus\",\r\n      \"properties\": {\r\n        \"provisioningState\": \"Succeeded\"\r\n      }\r\n    },\r\n    {\r\n      \"id\": \"/subscriptions/854d368f-1828-428f-8f3c-f2affa9b2f7d/resourceGroups/dotnet-test-brian-liu\",\r\n      \"name\": \"dotnet-test-brian-liu\",\r\n      \"location\": \"westus\",\r\n      \"properties\": {\r\n        \"provisioningState\": \"Succeeded\"\r\n      }\r\n    },\r\n    {\r\n      \"id\": \"/subscriptions/854d368f-1828-428f-8f3c-f2affa9b2f7d/resourceGroups/drause\",\r\n      \"name\": \"drause\",\r\n      \"location\": \"australiasoutheast\",\r\n      \"properties\": {\r\n        \"provisioningState\": \"Succeeded\"\r\n      }\r\n    },\r\n    {\r\n      \"id\": \"/subscriptions/854d368f-1828-428f-8f3c-f2affa9b2f7d/resourceGroups/drtestnortheurg\",\r\n      \"name\": \"drtestnortheurg\",\r\n      \"location\": \"northeurope\",\r\n      \"properties\": {\r\n        \"provisioningState\": \"Succeeded\"\r\n      }\r\n    },\r\n    {\r\n      \"id\": \"/subscriptions/854d368f-1828-428f-8f3c-f2affa9b2f7d/resourceGroups/drtestwestus2\",\r\n      \"name\": \"drtestwestus2\",\r\n      \"location\": \"westus2\",\r\n      \"properties\": {\r\n        \"provisioningState\": \"Succeeded\"\r\n      }\r\n    },\r\n    {\r\n      \"id\": \"/subscriptions/854d368f-1828-428f-8f3c-f2affa9b2f7d/resourceGroups/dstucki-rg-eastasia\",\r\n      \"name\": \"dstucki-rg-eastasia\",\r\n      \"location\": \"eastasia\",\r\n      \"properties\": {\r\n        \"provisioningState\": \"Succeeded\"\r\n      }\r\n    },\r\n    {\r\n      \"id\": \"/subscriptions/854d368f-1828-428f-8f3c-f2affa9b2f7d/resourceGroups/dstucki-rg-relay-test\",\r\n      \"name\": \"dstucki-rg-relay-test\",\r\n      \"location\": \"australiasoutheast\",\r\n      \"properties\": {\r\n        \"provisioningState\": \"Succeeded\"\r\n      }\r\n    },\r\n    {\r\n      \"id\": \"/subscriptions/854d368f-1828-428f-8f3c-f2affa9b2f7d/resourceGroups/dstucki-test-rg-usw\",\r\n      \"name\": \"dstucki-test-rg-usw\",\r\n      \"location\": \"westus\",\r\n      \"properties\": {\r\n        \"provisioningState\": \"Succeeded\"\r\n      }\r\n    },\r\n    {\r\n      \"id\": \"/subscriptions/854d368f-1828-428f-8f3c-f2affa9b2f7d/resourceGroups/eh-dotnet-av-1332-rg\",\r\n      \"name\": \"eh-dotnet-av-1332-rg\",\r\n      \"location\": \"westus\",\r\n      \"properties\": {\r\n        \"provisioningState\": \"Succeeded\"\r\n      }\r\n    },\r\n    {\r\n      \"id\": \"/subscriptions/854d368f-1828-428f-8f3c-f2affa9b2f7d/resourceGroups/eh-dotnet-av-1551-rg\",\r\n      \"name\": \"eh-dotnet-av-1551-rg\",\r\n      \"location\": \"westus\",\r\n      \"properties\": {\r\n        \"provisioningState\": \"Succeeded\"\r\n      }\r\n    },\r\n    {\r\n      \"id\": \"/subscriptions/854d368f-1828-428f-8f3c-f2affa9b2f7d/resourceGroups/eh-dotnet-av-1612-rg\",\r\n      \"name\": \"eh-dotnet-av-1612-rg\",\r\n      \"location\": \"westus\",\r\n      \"properties\": {\r\n        \"provisioningState\": \"Succeeded\"\r\n      }\r\n    },\r\n    {\r\n      \"id\": \"/subscriptions/854d368f-1828-428f-8f3c-f2affa9b2f7d/resourceGroups/eh-dotnet-av-1901-rg\",\r\n      \"name\": \"eh-dotnet-av-1901-rg\",\r\n      \"location\": \"westus\",\r\n      \"properties\": {\r\n        \"provisioningState\": \"Succeeded\"\r\n      }\r\n    },\r\n    {\r\n      \"id\": \"/subscriptions/854d368f-1828-428f-8f3c-f2affa9b2f7d/resourceGroups/eh-dotnet-av-1922-rg\",\r\n      \"name\": \"eh-dotnet-av-1922-rg\",\r\n      \"location\": \"westus\",\r\n      \"properties\": {\r\n        \"provisioningState\": \"Succeeded\"\r\n      }\r\n    },\r\n    {\r\n      \"id\": \"/subscriptions/854d368f-1828-428f-8f3c-f2affa9b2f7d/resourceGroups/eh-dotnet-av-1951-rg\",\r\n      \"name\": \"eh-dotnet-av-1951-rg\",\r\n      \"location\": \"westus\",\r\n      \"properties\": {\r\n        \"provisioningState\": \"Succeeded\"\r\n      }\r\n    },\r\n    {\r\n      \"id\": \"/subscriptions/854d368f-1828-428f-8f3c-f2affa9b2f7d/resourceGroups/eh-dotnet-av-2002-rg\",\r\n      \"name\": \"eh-dotnet-av-2002-rg\",\r\n      \"location\": \"westus\",\r\n      \"properties\": {\r\n        \"provisioningState\": \"Succeeded\"\r\n      }\r\n    },\r\n    {\r\n      \"id\": \"/subscriptions/854d368f-1828-428f-8f3c-f2affa9b2f7d/resourceGroups/eh-dotnet-av-2291-rg\",\r\n      \"name\": \"eh-dotnet-av-2291-rg\",\r\n      \"location\": \"westus\",\r\n      \"properties\": {\r\n        \"provisioningState\": \"Succeeded\"\r\n      }\r\n    },\r\n    {\r\n      \"id\": \"/subscriptions/854d368f-1828-428f-8f3c-f2affa9b2f7d/resourceGroups/eh-dotnet-av-2302-rg\",\r\n      \"name\": \"eh-dotnet-av-2302-rg\",\r\n      \"location\": \"westus\",\r\n      \"properties\": {\r\n        \"provisioningState\": \"Succeeded\"\r\n      }\r\n    },\r\n    {\r\n      \"id\": \"/subscriptions/854d368f-1828-428f-8f3c-f2affa9b2f7d/resourceGroups/eh-dotnet-av-2311-rg\",\r\n      \"name\": \"eh-dotnet-av-2311-rg\",\r\n      \"location\": \"westus\",\r\n      \"properties\": {\r\n        \"provisioningState\": \"Succeeded\"\r\n      }\r\n    },\r\n    {\r\n      \"id\": \"/subscriptions/854d368f-1828-428f-8f3c-f2affa9b2f7d/resourceGroups/eh-dotnet-av-2321-rg\",\r\n      \"name\": \"eh-dotnet-av-2321-rg\",\r\n      \"location\": \"westus\",\r\n      \"properties\": {\r\n        \"provisioningState\": \"Succeeded\"\r\n      }\r\n    },\r\n    {\r\n      \"id\": \"/subscriptions/854d368f-1828-428f-8f3c-f2affa9b2f7d/resourceGroups/eh-dotnet-av-2351-rg\",\r\n      \"name\": \"eh-dotnet-av-2351-rg\",\r\n      \"location\": \"westus\",\r\n      \"properties\": {\r\n        \"provisioningState\": \"Succeeded\"\r\n      }\r\n    },\r\n    {\r\n      \"id\": \"/subscriptions/854d368f-1828-428f-8f3c-f2affa9b2f7d/resourceGroups/eh-dotnet-av-2421-rg\",\r\n      \"name\": \"eh-dotnet-av-2421-rg\",\r\n      \"location\": \"westus\",\r\n      \"properties\": {\r\n        \"provisioningState\": \"Succeeded\"\r\n      }\r\n    },\r\n    {\r\n      \"id\": \"/subscriptions/854d368f-1828-428f-8f3c-f2affa9b2f7d/resourceGroups/eh-dotnet-av-2431-rg\",\r\n      \"name\": \"eh-dotnet-av-2431-rg\",\r\n      \"location\": \"westus\",\r\n      \"properties\": {\r\n        \"provisioningState\": \"Succeeded\"\r\n      }\r\n    },\r\n    {\r\n      \"id\": \"/subscriptions/854d368f-1828-428f-8f3c-f2affa9b2f7d/resourceGroups/eh-dotnet-av-2461-rg\",\r\n      \"name\": \"eh-dotnet-av-2461-rg\",\r\n      \"location\": \"westus\",\r\n      \"properties\": {\r\n        \"provisioningState\": \"Succeeded\"\r\n      }\r\n    },\r\n    {\r\n      \"id\": \"/subscriptions/854d368f-1828-428f-8f3c-f2affa9b2f7d/resourceGroups/eh-dotnet-av-2521-rg\",\r\n      \"name\": \"eh-dotnet-av-2521-rg\",\r\n      \"location\": \"westus\",\r\n      \"properties\": {\r\n        \"provisioningState\": \"Succeeded\"\r\n      }\r\n    },\r\n    {\r\n      \"id\": \"/subscriptions/854d368f-1828-428f-8f3c-f2affa9b2f7d/resourceGroups/eh-dotnet-av-2561-rg\",\r\n      \"name\": \"eh-dotnet-av-2561-rg\",\r\n      \"location\": \"westus\",\r\n      \"properties\": {\r\n        \"provisioningState\": \"Succeeded\"\r\n      }\r\n    },\r\n    {\r\n      \"id\": \"/subscriptions/854d368f-1828-428f-8f3c-f2affa9b2f7d/resourceGroups/eh-dotnet-av-2571-rg\",\r\n      \"name\": \"eh-dotnet-av-2571-rg\",\r\n      \"location\": \"westus\",\r\n      \"properties\": {\r\n        \"provisioningState\": \"Succeeded\"\r\n      }\r\n    },\r\n    {\r\n      \"id\": \"/subscriptions/854d368f-1828-428f-8f3c-f2affa9b2f7d/resourceGroups/eh-dotnet-av-2601-rg\",\r\n      \"name\": \"eh-dotnet-av-2601-rg\",\r\n      \"location\": \"westus\",\r\n      \"properties\": {\r\n        \"provisioningState\": \"Succeeded\"\r\n      }\r\n    },\r\n    {\r\n      \"id\": \"/subscriptions/854d368f-1828-428f-8f3c-f2affa9b2f7d/resourceGroups/eh-dotnet-av-2642-rg\",\r\n      \"name\": \"eh-dotnet-av-2642-rg\",\r\n      \"location\": \"westus\",\r\n      \"properties\": {\r\n        \"provisioningState\": \"Succeeded\"\r\n      }\r\n    },\r\n    {\r\n      \"id\": \"/subscriptions/854d368f-1828-428f-8f3c-f2affa9b2f7d/resourceGroups/eh-dotnet-av-271-rg\",\r\n      \"name\": \"eh-dotnet-av-271-rg\",\r\n      \"location\": \"westus\",\r\n      \"properties\": {\r\n        \"provisioningState\": \"Succeeded\"\r\n      }\r\n    },\r\n    {\r\n      \"id\": \"/subscriptions/854d368f-1828-428f-8f3c-f2affa9b2f7d/resourceGroups/eh-dotnet-av-2741-rg\",\r\n      \"name\": \"eh-dotnet-av-2741-rg\",\r\n      \"location\": \"westus\",\r\n      \"properties\": {\r\n        \"provisioningState\": \"Succeeded\"\r\n      }\r\n    },\r\n    {\r\n      \"id\": \"/subscriptions/854d368f-1828-428f-8f3c-f2affa9b2f7d/resourceGroups/eh-dotnet-av-2791-rg\",\r\n      \"name\": \"eh-dotnet-av-2791-rg\",\r\n      \"location\": \"westus\",\r\n      \"properties\": {\r\n        \"provisioningState\": \"Succeeded\"\r\n      }\r\n    },\r\n    {\r\n      \"id\": \"/subscriptions/854d368f-1828-428f-8f3c-f2affa9b2f7d/resourceGroups/eh-dotnet-av-2921-rg\",\r\n      \"name\": \"eh-dotnet-av-2921-rg\",\r\n      \"location\": \"westus\",\r\n      \"properties\": {\r\n        \"provisioningState\": \"Succeeded\"\r\n      }\r\n    },\r\n    {\r\n      \"id\": \"/subscriptions/854d368f-1828-428f-8f3c-f2affa9b2f7d/resourceGroups/eh-dotnet-av-2961-rg\",\r\n      \"name\": \"eh-dotnet-av-2961-rg\",\r\n      \"location\": \"westus\",\r\n      \"properties\": {\r\n        \"provisioningState\": \"Succeeded\"\r\n      }\r\n    },\r\n    {\r\n      \"id\": \"/subscriptions/854d368f-1828-428f-8f3c-f2affa9b2f7d/resourceGroups/eh-dotnet-av-3291-rg\",\r\n      \"name\": \"eh-dotnet-av-3291-rg\",\r\n      \"location\": \"westus\",\r\n      \"properties\": {\r\n        \"provisioningState\": \"Succeeded\"\r\n      }\r\n    },\r\n    {\r\n      \"id\": \"/subscriptions/854d368f-1828-428f-8f3c-f2affa9b2f7d/resourceGroups/eh-dotnet-av-351-rg\",\r\n      \"name\": \"eh-dotnet-av-351-rg\",\r\n      \"location\": \"westus\",\r\n      \"properties\": {\r\n        \"provisioningState\": \"Succeeded\"\r\n      }\r\n    },\r\n    {\r\n      \"id\": \"/subscriptions/854d368f-1828-428f-8f3c-f2affa9b2f7d/resourceGroups/eh-dotnet-av-3561-rg\",\r\n      \"name\": \"eh-dotnet-av-3561-rg\",\r\n      \"location\": \"westus\",\r\n      \"properties\": {\r\n        \"provisioningState\": \"Succeeded\"\r\n      }\r\n    },\r\n    {\r\n      \"id\": \"/subscriptions/854d368f-1828-428f-8f3c-f2affa9b2f7d/resourceGroups/eh-dotnet-av-3581-rg\",\r\n      \"name\": \"eh-dotnet-av-3581-rg\",\r\n      \"location\": \"westus\",\r\n      \"properties\": {\r\n        \"provisioningState\": \"Succeeded\"\r\n      }\r\n    },\r\n    {\r\n      \"id\": \"/subscriptions/854d368f-1828-428f-8f3c-f2affa9b2f7d/resourceGroups/eh-dotnet-av-3712-rg\",\r\n      \"name\": \"eh-dotnet-av-3712-rg\",\r\n      \"location\": \"westus\",\r\n      \"properties\": {\r\n        \"provisioningState\": \"Succeeded\"\r\n      }\r\n    },\r\n    {\r\n      \"id\": \"/subscriptions/854d368f-1828-428f-8f3c-f2affa9b2f7d/resourceGroups/eh-dotnet-av-411-rg\",\r\n      \"name\": \"eh-dotnet-av-411-rg\",\r\n      \"location\": \"westus\",\r\n      \"properties\": {\r\n        \"provisioningState\": \"Succeeded\"\r\n      }\r\n    },\r\n    {\r\n      \"id\": \"/subscriptions/854d368f-1828-428f-8f3c-f2affa9b2f7d/resourceGroups/eh-dotnet-av-602-rg\",\r\n      \"name\": \"eh-dotnet-av-602-rg\",\r\n      \"location\": \"westus\",\r\n      \"properties\": {\r\n        \"provisioningState\": \"Succeeded\"\r\n      }\r\n    },\r\n    {\r\n      \"id\": \"/subscriptions/854d368f-1828-428f-8f3c-f2affa9b2f7d/resourceGroups/eh-dotnet-av-611-rg\",\r\n      \"name\": \"eh-dotnet-av-611-rg\",\r\n      \"location\": \"westus\",\r\n      \"properties\": {\r\n        \"provisioningState\": \"Succeeded\"\r\n      }\r\n    },\r\n    {\r\n      \"id\": \"/subscriptions/854d368f-1828-428f-8f3c-f2affa9b2f7d/resourceGroups/eh-dotnet-av-691-rg\",\r\n      \"name\": \"eh-dotnet-av-691-rg\",\r\n      \"location\": \"westus\",\r\n      \"properties\": {\r\n        \"provisioningState\": \"Succeeded\"\r\n      }\r\n    },\r\n    {\r\n      \"id\": \"/subscriptions/854d368f-1828-428f-8f3c-f2affa9b2f7d/resourceGroups/eh-dotnet-av-82-rg\",\r\n      \"name\": \"eh-dotnet-av-82-rg\",\r\n      \"location\": \"westus\",\r\n      \"properties\": {\r\n        \"provisioningState\": \"Succeeded\"\r\n      }\r\n    },\r\n    {\r\n      \"id\": \"/subscriptions/854d368f-1828-428f-8f3c-f2affa9b2f7d/resourceGroups/eh-dotnet-av-991-rg\",\r\n      \"name\": \"eh-dotnet-av-991-rg\",\r\n      \"location\": \"westus\",\r\n      \"properties\": {\r\n        \"provisioningState\": \"Succeeded\"\r\n      }\r\n    },\r\n    {\r\n      \"id\": \"/subscriptions/854d368f-1828-428f-8f3c-f2affa9b2f7d/resourceGroups/EH-SG\",\r\n      \"name\": \"EH-SG\",\r\n      \"location\": \"southeastasia\",\r\n      \"properties\": {\r\n        \"provisioningState\": \"Succeeded\"\r\n      }\r\n    },\r\n    {\r\n      \"id\": \"/subscriptions/854d368f-1828-428f-8f3c-f2affa9b2f7d/resourceGroups/ehazonsf\",\r\n      \"name\": \"ehazonsf\",\r\n      \"location\": \"westus2\",\r\n      \"properties\": {\r\n        \"provisioningState\": \"Succeeded\"\r\n      }\r\n    },\r\n    {\r\n      \"id\": \"/subscriptions/854d368f-1828-428f-8f3c-f2affa9b2f7d/resourceGroups/ehazrg\",\r\n      \"name\": \"ehazrg\",\r\n      \"location\": \"eastus2\",\r\n      \"properties\": {\r\n        \"provisioningState\": \"Succeeded\"\r\n      }\r\n    },\r\n    {\r\n      \"id\": \"/subscriptions/854d368f-1828-428f-8f3c-f2affa9b2f7d/resourceGroups/ehcs-1020\",\r\n      \"name\": \"ehcs-1020\",\r\n      \"location\": \"westus\",\r\n      \"properties\": {\r\n        \"provisioningState\": \"Succeeded\"\r\n      }\r\n    },\r\n    {\r\n      \"id\": \"/subscriptions/854d368f-1828-428f-8f3c-f2affa9b2f7d/resourceGroups/ehcs-1021\",\r\n      \"name\": \"ehcs-1021\",\r\n      \"location\": \"westus\",\r\n      \"properties\": {\r\n        \"provisioningState\": \"Succeeded\"\r\n      }\r\n    },\r\n    {\r\n      \"id\": \"/subscriptions/854d368f-1828-428f-8f3c-f2affa9b2f7d/resourceGroups/ehcs-1022\",\r\n      \"name\": \"ehcs-1022\",\r\n      \"location\": \"westus\",\r\n      \"properties\": {\r\n        \"provisioningState\": \"Succeeded\"\r\n      }\r\n    },\r\n    {\r\n      \"id\": \"/subscriptions/854d368f-1828-428f-8f3c-f2affa9b2f7d/resourceGroups/ehcs-1023\",\r\n      \"name\": \"ehcs-1023\",\r\n      \"location\": \"westus\",\r\n      \"properties\": {\r\n        \"provisioningState\": \"Succeeded\"\r\n      }\r\n    },\r\n    {\r\n      \"id\": \"/subscriptions/854d368f-1828-428f-8f3c-f2affa9b2f7d/resourceGroups/ehcs-1024\",\r\n      \"name\": \"ehcs-1024\",\r\n      \"location\": \"westus\",\r\n      \"properties\": {\r\n        \"provisioningState\": \"Succeeded\"\r\n      }\r\n    },\r\n    {\r\n      \"id\": \"/subscriptions/854d368f-1828-428f-8f3c-f2affa9b2f7d/resourceGroups/ehcs-1025\",\r\n      \"name\": \"ehcs-1025\",\r\n      \"location\": \"westus\",\r\n      \"properties\": {\r\n        \"provisioningState\": \"Succeeded\"\r\n      }\r\n    },\r\n    {\r\n      \"id\": \"/subscriptions/854d368f-1828-428f-8f3c-f2affa9b2f7d/resourceGroups/ehcs-1026\",\r\n      \"name\": \"ehcs-1026\",\r\n      \"location\": \"westus\",\r\n      \"properties\": {\r\n        \"provisioningState\": \"Succeeded\"\r\n      }\r\n    },\r\n    {\r\n      \"id\": \"/subscriptions/854d368f-1828-428f-8f3c-f2affa9b2f7d/resourceGroups/ehcs-1027\",\r\n      \"name\": \"ehcs-1027\",\r\n      \"location\": \"westus\",\r\n      \"properties\": {\r\n        \"provisioningState\": \"Succeeded\"\r\n      }\r\n    },\r\n    {\r\n      \"id\": \"/subscriptions/854d368f-1828-428f-8f3c-f2affa9b2f7d/resourceGroups/ehcs-1028\",\r\n      \"name\": \"ehcs-1028\",\r\n      \"location\": \"westus\",\r\n      \"properties\": {\r\n        \"provisioningState\": \"Succeeded\"\r\n      }\r\n    },\r\n    {\r\n      \"id\": \"/subscriptions/854d368f-1828-428f-8f3c-f2affa9b2f7d/resourceGroups/ehcs-1029\",\r\n      \"name\": \"ehcs-1029\",\r\n      \"location\": \"westus\",\r\n      \"properties\": {\r\n        \"provisioningState\": \"Succeeded\"\r\n      }\r\n    },\r\n    {\r\n      \"id\": \"/subscriptions/854d368f-1828-428f-8f3c-f2affa9b2f7d/resourceGroups/ehcs-1030\",\r\n      \"name\": \"ehcs-1030\",\r\n      \"location\": \"westus\",\r\n      \"properties\": {\r\n        \"provisioningState\": \"Succeeded\"\r\n      }\r\n    },\r\n    {\r\n      \"id\": \"/subscriptions/854d368f-1828-428f-8f3c-f2affa9b2f7d/resourceGroups/ehcs-1031\",\r\n      \"name\": \"ehcs-1031\",\r\n      \"location\": \"westus\",\r\n      \"properties\": {\r\n        \"provisioningState\": \"Succeeded\"\r\n      }\r\n    },\r\n    {\r\n      \"id\": \"/subscriptions/854d368f-1828-428f-8f3c-f2affa9b2f7d/resourceGroups/ehcs-1032\",\r\n      \"name\": \"ehcs-1032\",\r\n      \"location\": \"westus\",\r\n      \"properties\": {\r\n        \"provisioningState\": \"Succeeded\"\r\n      }\r\n    },\r\n    {\r\n      \"id\": \"/subscriptions/854d368f-1828-428f-8f3c-f2affa9b2f7d/resourceGroups/ehcs-1033\",\r\n      \"name\": \"ehcs-1033\",\r\n      \"location\": \"westus\",\r\n      \"properties\": {\r\n        \"provisioningState\": \"Succeeded\"\r\n      }\r\n    },\r\n    {\r\n      \"id\": \"/subscriptions/854d368f-1828-428f-8f3c-f2affa9b2f7d/resourceGroups/ehcs-1034\",\r\n      \"name\": \"ehcs-1034\",\r\n      \"location\": \"westus\",\r\n      \"properties\": {\r\n        \"provisioningState\": \"Succeeded\"\r\n      }\r\n    },\r\n    {\r\n      \"id\": \"/subscriptions/854d368f-1828-428f-8f3c-f2affa9b2f7d/resourceGroups/ehcs-1035\",\r\n      \"name\": \"ehcs-1035\",\r\n      \"location\": \"westus\",\r\n      \"properties\": {\r\n        \"provisioningState\": \"Succeeded\"\r\n      }\r\n    },\r\n    {\r\n      \"id\": \"/subscriptions/854d368f-1828-428f-8f3c-f2affa9b2f7d/resourceGroups/ehcs-1036\",\r\n      \"name\": \"ehcs-1036\",\r\n      \"location\": \"westus\",\r\n      \"properties\": {\r\n        \"provisioningState\": \"Succeeded\"\r\n      }\r\n    },\r\n    {\r\n      \"id\": \"/subscriptions/854d368f-1828-428f-8f3c-f2affa9b2f7d/resourceGroups/ehcs-1037\",\r\n      \"name\": \"ehcs-1037\",\r\n      \"location\": \"westus\",\r\n      \"properties\": {\r\n        \"provisioningState\": \"Succeeded\"\r\n      }\r\n    },\r\n    {\r\n      \"id\": \"/subscriptions/854d368f-1828-428f-8f3c-f2affa9b2f7d/resourceGroups/ehcs-1038\",\r\n      \"name\": \"ehcs-1038\",\r\n      \"location\": \"westus\",\r\n      \"properties\": {\r\n        \"provisioningState\": \"Succeeded\"\r\n      }\r\n    },\r\n    {\r\n      \"id\": \"/subscriptions/854d368f-1828-428f-8f3c-f2affa9b2f7d/resourceGroups/ehcs-1039\",\r\n      \"name\": \"ehcs-1039\",\r\n      \"location\": \"westus\",\r\n      \"properties\": {\r\n        \"provisioningState\": \"Succeeded\"\r\n      }\r\n    },\r\n    {\r\n      \"id\": \"/subscriptions/854d368f-1828-428f-8f3c-f2affa9b2f7d/resourceGroups/ehcs-1040\",\r\n      \"name\": \"ehcs-1040\",\r\n      \"location\": \"westus\",\r\n      \"properties\": {\r\n        \"provisioningState\": \"Succeeded\"\r\n      }\r\n    },\r\n    {\r\n      \"id\": \"/subscriptions/854d368f-1828-428f-8f3c-f2affa9b2f7d/resourceGroups/ehcs-1041\",\r\n      \"name\": \"ehcs-1041\",\r\n      \"location\": \"westus\",\r\n      \"properties\": {\r\n        \"provisioningState\": \"Succeeded\"\r\n      }\r\n    },\r\n    {\r\n      \"id\": \"/subscriptions/854d368f-1828-428f-8f3c-f2affa9b2f7d/resourceGroups/ehcs-1042\",\r\n      \"name\": \"ehcs-1042\",\r\n      \"location\": \"westus\",\r\n      \"properties\": {\r\n        \"provisioningState\": \"Succeeded\"\r\n      }\r\n    },\r\n    {\r\n      \"id\": \"/subscriptions/854d368f-1828-428f-8f3c-f2affa9b2f7d/resourceGroups/ehcs-1043\",\r\n      \"name\": \"ehcs-1043\",\r\n      \"location\": \"westus\",\r\n      \"properties\": {\r\n        \"provisioningState\": \"Succeeded\"\r\n      }\r\n    },\r\n    {\r\n      \"id\": \"/subscriptions/854d368f-1828-428f-8f3c-f2affa9b2f7d/resourceGroups/ehcs-1044\",\r\n      \"name\": \"ehcs-1044\",\r\n      \"location\": \"westus\",\r\n      \"properties\": {\r\n        \"provisioningState\": \"Succeeded\"\r\n      }\r\n    },\r\n    {\r\n      \"id\": \"/subscriptions/854d368f-1828-428f-8f3c-f2affa9b2f7d/resourceGroups/ehcs-1045\",\r\n      \"name\": \"ehcs-1045\",\r\n      \"location\": \"westus\",\r\n      \"properties\": {\r\n        \"provisioningState\": \"Succeeded\"\r\n      }\r\n    },\r\n    {\r\n      \"id\": \"/subscriptions/854d368f-1828-428f-8f3c-f2affa9b2f7d/resourceGroups/ehcs-1046\",\r\n      \"name\": \"ehcs-1046\",\r\n      \"location\": \"westus\",\r\n      \"properties\": {\r\n        \"provisioningState\": \"Succeeded\"\r\n      }\r\n    },\r\n    {\r\n      \"id\": \"/subscriptions/854d368f-1828-428f-8f3c-f2affa9b2f7d/resourceGroups/ehcs-1047\",\r\n      \"name\": \"ehcs-1047\",\r\n      \"location\": \"westus\",\r\n      \"properties\": {\r\n        \"provisioningState\": \"Succeeded\"\r\n      }\r\n    },\r\n    {\r\n      \"id\": \"/subscriptions/854d368f-1828-428f-8f3c-f2affa9b2f7d/resourceGroups/ehcs-1048\",\r\n      \"name\": \"ehcs-1048\",\r\n      \"location\": \"westus\",\r\n      \"properties\": {\r\n        \"provisioningState\": \"Succeeded\"\r\n      }\r\n    },\r\n    {\r\n      \"id\": \"/subscriptions/854d368f-1828-428f-8f3c-f2affa9b2f7d/resourceGroups/ehcs-1049\",\r\n      \"name\": \"ehcs-1049\",\r\n      \"location\": \"westus\",\r\n      \"properties\": {\r\n        \"provisioningState\": \"Succeeded\"\r\n      }\r\n    },\r\n    {\r\n      \"id\": \"/subscriptions/854d368f-1828-428f-8f3c-f2affa9b2f7d/resourceGroups/ehcs-1050\",\r\n      \"name\": \"ehcs-1050\",\r\n      \"location\": \"westus\",\r\n      \"properties\": {\r\n        \"provisioningState\": \"Succeeded\"\r\n      }\r\n    },\r\n    {\r\n      \"id\": \"/subscriptions/854d368f-1828-428f-8f3c-f2affa9b2f7d/resourceGroups/ehcs-1051\",\r\n      \"name\": \"ehcs-1051\",\r\n      \"location\": \"westus\",\r\n      \"properties\": {\r\n        \"provisioningState\": \"Succeeded\"\r\n      }\r\n    },\r\n    {\r\n      \"id\": \"/subscriptions/854d368f-1828-428f-8f3c-f2affa9b2f7d/resourceGroups/ehcs-1052\",\r\n      \"name\": \"ehcs-1052\",\r\n      \"location\": \"westus\",\r\n      \"properties\": {\r\n        \"provisioningState\": \"Succeeded\"\r\n      }\r\n    },\r\n    {\r\n      \"id\": \"/subscriptions/854d368f-1828-428f-8f3c-f2affa9b2f7d/resourceGroups/ehcs-1053\",\r\n      \"name\": \"ehcs-1053\",\r\n      \"location\": \"westus\",\r\n      \"properties\": {\r\n        \"provisioningState\": \"Succeeded\"\r\n      }\r\n    },\r\n    {\r\n      \"id\": \"/subscriptions/854d368f-1828-428f-8f3c-f2affa9b2f7d/resourceGroups/ehcs-1054\",\r\n      \"name\": \"ehcs-1054\",\r\n      \"location\": \"westus\",\r\n      \"properties\": {\r\n        \"provisioningState\": \"Succeeded\"\r\n      }\r\n    },\r\n    {\r\n      \"id\": \"/subscriptions/854d368f-1828-428f-8f3c-f2affa9b2f7d/resourceGroups/ehcs-1055\",\r\n      \"name\": \"ehcs-1055\",\r\n      \"location\": \"westus\",\r\n      \"properties\": {\r\n        \"provisioningState\": \"Succeeded\"\r\n      }\r\n    },\r\n    {\r\n      \"id\": \"/subscriptions/854d368f-1828-428f-8f3c-f2affa9b2f7d/resourceGroups/ehcs-1056\",\r\n      \"name\": \"ehcs-1056\",\r\n      \"location\": \"westus\",\r\n      \"properties\": {\r\n        \"provisioningState\": \"Succeeded\"\r\n      }\r\n    },\r\n    {\r\n      \"id\": \"/subscriptions/854d368f-1828-428f-8f3c-f2affa9b2f7d/resourceGroups/ehcs-1057\",\r\n      \"name\": \"ehcs-1057\",\r\n      \"location\": \"westus\",\r\n      \"properties\": {\r\n        \"provisioningState\": \"Succeeded\"\r\n      }\r\n    },\r\n    {\r\n      \"id\": \"/subscriptions/854d368f-1828-428f-8f3c-f2affa9b2f7d/resourceGroups/ehcs-1058\",\r\n      \"name\": \"ehcs-1058\",\r\n      \"location\": \"westus\",\r\n      \"properties\": {\r\n        \"provisioningState\": \"Succeeded\"\r\n      }\r\n    },\r\n    {\r\n      \"id\": \"/subscriptions/854d368f-1828-428f-8f3c-f2affa9b2f7d/resourceGroups/ehcs-1059\",\r\n      \"name\": \"ehcs-1059\",\r\n      \"location\": \"westus\",\r\n      \"properties\": {\r\n        \"provisioningState\": \"Succeeded\"\r\n      }\r\n    },\r\n    {\r\n      \"id\": \"/subscriptions/854d368f-1828-428f-8f3c-f2affa9b2f7d/resourceGroups/ehcs-1060\",\r\n      \"name\": \"ehcs-1060\",\r\n      \"location\": \"westus\",\r\n      \"properties\": {\r\n        \"provisioningState\": \"Succeeded\"\r\n      }\r\n    },\r\n    {\r\n      \"id\": \"/subscriptions/854d368f-1828-428f-8f3c-f2affa9b2f7d/resourceGroups/ehcs-1061\",\r\n      \"name\": \"ehcs-1061\",\r\n      \"location\": \"westus\",\r\n      \"properties\": {\r\n        \"provisioningState\": \"Succeeded\"\r\n      }\r\n    },\r\n    {\r\n      \"id\": \"/subscriptions/854d368f-1828-428f-8f3c-f2affa9b2f7d/resourceGroups/ehcs-1062\",\r\n      \"name\": \"ehcs-1062\",\r\n      \"location\": \"westus\",\r\n      \"properties\": {\r\n        \"provisioningState\": \"Succeeded\"\r\n      }\r\n    },\r\n    {\r\n      \"id\": \"/subscriptions/854d368f-1828-428f-8f3c-f2affa9b2f7d/resourceGroups/ehcs-1063\",\r\n      \"name\": \"ehcs-1063\",\r\n      \"location\": \"westus\",\r\n      \"properties\": {\r\n        \"provisioningState\": \"Succeeded\"\r\n      }\r\n    },\r\n    {\r\n      \"id\": \"/subscriptions/854d368f-1828-428f-8f3c-f2affa9b2f7d/resourceGroups/ehmsidemoapp\",\r\n      \"name\": \"ehmsidemoapp\",\r\n      \"location\": \"centralus\",\r\n      \"properties\": {\r\n        \"provisioningState\": \"Succeeded\"\r\n      }\r\n    },\r\n    {\r\n      \"id\": \"/subscriptions/854d368f-1828-428f-8f3c-f2affa9b2f7d/resourceGroups/ehuitest\",\r\n      \"name\": \"ehuitest\",\r\n      \"location\": \"eastus2\",\r\n      \"properties\": {\r\n        \"provisioningState\": \"Succeeded\"\r\n      }\r\n    },\r\n    {\r\n      \"id\": \"/subscriptions/854d368f-1828-428f-8f3c-f2affa9b2f7d/resourceGroups/elasticsearch-vm-01\",\r\n      \"name\": \"elasticsearch-vm-01\",\r\n      \"location\": \"westus\",\r\n      \"properties\": {\r\n        \"provisioningState\": \"Succeeded\"\r\n      }\r\n    },\r\n    {\r\n      \"id\": \"/subscriptions/854d368f-1828-428f-8f3c-f2affa9b2f7d/resourceGroups/eventgridtestfunctionapp\",\r\n      \"name\": \"eventgridtestfunctionapp\",\r\n      \"location\": \"southcentralus\",\r\n      \"properties\": {\r\n        \"provisioningState\": \"Succeeded\"\r\n      }\r\n    },\r\n    {\r\n      \"id\": \"/subscriptions/854d368f-1828-428f-8f3c-f2affa9b2f7d/resourceGroups/EventHubClusterRG\",\r\n      \"name\": \"EventHubClusterRG\",\r\n      \"location\": \"eastus2\",\r\n      \"properties\": {\r\n        \"provisioningState\": \"Succeeded\"\r\n      }\r\n    },\r\n    {\r\n      \"id\": \"/subscriptions/854d368f-1828-428f-8f3c-f2affa9b2f7d/resourceGroups/EventHubGeoDRResourceGroup\",\r\n      \"name\": \"EventHubGeoDRResourceGroup\",\r\n      \"location\": \"southcentralus\",\r\n      \"properties\": {\r\n        \"provisioningState\": \"Succeeded\"\r\n      }\r\n    },\r\n    {\r\n      \"id\": \"/subscriptions/854d368f-1828-428f-8f3c-f2affa9b2f7d/resourceGroups/eventhubs\",\r\n      \"name\": \"eventhubs\",\r\n      \"location\": \"centralus\",\r\n      \"properties\": {\r\n        \"provisioningState\": \"Succeeded\"\r\n      }\r\n    },\r\n    {\r\n      \"id\": \"/subscriptions/854d368f-1828-428f-8f3c-f2affa9b2f7d/resourceGroups/Flobbel\",\r\n      \"name\": \"Flobbel\",\r\n      \"location\": \"westus\",\r\n      \"properties\": {\r\n        \"provisioningState\": \"Succeeded\"\r\n      }\r\n    },\r\n    {\r\n      \"id\": \"/subscriptions/854d368f-1828-428f-8f3c-f2affa9b2f7d/resourceGroups/FrancoCloudServiceTests\",\r\n      \"name\": \"FrancoCloudServiceTests\",\r\n      \"location\": \"westus2\",\r\n      \"properties\": {\r\n        \"provisioningState\": \"Succeeded\"\r\n      }\r\n    },\r\n    {\r\n      \"id\": \"/subscriptions/854d368f-1828-428f-8f3c-f2affa9b2f7d/resourceGroups/FrancoSpecialResourceGroup\",\r\n      \"name\": \"FrancoSpecialResourceGroup\",\r\n      \"location\": \"westus\",\r\n      \"properties\": {\r\n        \"provisioningState\": \"Succeeded\"\r\n      }\r\n    },\r\n    {\r\n      \"id\": \"/subscriptions/854d368f-1828-428f-8f3c-f2affa9b2f7d/resourceGroups/functionApp123\",\r\n      \"name\": \"functionApp123\",\r\n      \"location\": \"southcentralus\",\r\n      \"properties\": {\r\n        \"provisioningState\": \"Succeeded\"\r\n      }\r\n    },\r\n    {\r\n      \"id\": \"/subscriptions/854d368f-1828-428f-8f3c-f2affa9b2f7d/resourceGroups/griddurability\",\r\n      \"name\": \"griddurability\",\r\n      \"location\": \"southcentralus\",\r\n      \"properties\": {\r\n        \"provisioningState\": \"Succeeded\"\r\n      }\r\n    },\r\n    {\r\n      \"id\": \"/subscriptions/854d368f-1828-428f-8f3c-f2affa9b2f7d/resourceGroups/hagauagad14\",\r\n      \"name\": \"hagauagad14\",\r\n      \"location\": \"eastus\",\r\n      \"properties\": {\r\n        \"provisioningState\": \"Succeeded\"\r\n      }\r\n    },\r\n    {\r\n      \"id\": \"/subscriptions/854d368f-1828-428f-8f3c-f2affa9b2f7d/resourceGroups/hagauagad14v2\",\r\n      \"name\": \"hagauagad14v2\",\r\n      \"location\": \"eastus\",\r\n      \"properties\": {\r\n        \"provisioningState\": \"Succeeded\"\r\n      }\r\n    },\r\n    {\r\n      \"id\": \"/subscriptions/854d368f-1828-428f-8f3c-f2affa9b2f7d/resourceGroups/hongubongud14v2\",\r\n      \"name\": \"hongubongud14v2\",\r\n      \"location\": \"eastus\",\r\n      \"properties\": {\r\n        \"provisioningState\": \"Succeeded\"\r\n      }\r\n    },\r\n    {\r\n      \"id\": \"/subscriptions/854d368f-1828-428f-8f3c-f2affa9b2f7d/resourceGroups/ignitedemo\",\r\n      \"name\": \"ignitedemo\",\r\n      \"location\": \"northcentralus\",\r\n      \"properties\": {\r\n        \"provisioningState\": \"Succeeded\"\r\n      }\r\n    },\r\n    {\r\n      \"id\": \"/subscriptions/854d368f-1828-428f-8f3c-f2affa9b2f7d/resourceGroups/intern\",\r\n      \"name\": \"intern\",\r\n      \"location\": \"westus\",\r\n      \"properties\": {\r\n        \"provisioningState\": \"Succeeded\"\r\n      }\r\n    },\r\n    {\r\n      \"id\": \"/subscriptions/854d368f-1828-428f-8f3c-f2affa9b2f7d/resourceGroups/intern-test\",\r\n      \"name\": \"intern-test\",\r\n      \"location\": \"westus\",\r\n      \"properties\": {\r\n        \"provisioningState\": \"Succeeded\"\r\n      }\r\n    },\r\n    {\r\n      \"id\": \"/subscriptions/854d368f-1828-428f-8f3c-f2affa9b2f7d/resourceGroups/InternProject2016\",\r\n      \"name\": \"InternProject2016\",\r\n      \"location\": \"westus\",\r\n      \"properties\": {\r\n        \"provisioningState\": \"Succeeded\"\r\n      }\r\n    },\r\n    {\r\n      \"id\": \"/subscriptions/854d368f-1828-428f-8f3c-f2affa9b2f7d/resourceGroups/javarbactests\",\r\n      \"name\": \"javarbactests\",\r\n      \"location\": \"centralus\",\r\n      \"properties\": {\r\n        \"provisioningState\": \"Succeeded\"\r\n      }\r\n    },\r\n    {\r\n      \"id\": \"/subscriptions/854d368f-1828-428f-8f3c-f2affa9b2f7d/resourceGroups/jobinp-test\",\r\n      \"name\": \"jobinp-test\",\r\n      \"location\": \"eastus\",\r\n      \"properties\": {\r\n        \"provisioningState\": \"Succeeded\"\r\n      }\r\n    },\r\n    {\r\n      \"id\": \"/subscriptions/854d368f-1828-428f-8f3c-f2affa9b2f7d/resourceGroups/JustGroup\",\r\n      \"name\": \"JustGroup\",\r\n      \"location\": \"koreacentral\",\r\n      \"properties\": {\r\n        \"provisioningState\": \"Succeeded\"\r\n      }\r\n    },\r\n    {\r\n      \"id\": \"/subscriptions/854d368f-1828-428f-8f3c-f2affa9b2f7d/resourceGroups/JustinRG\",\r\n      \"name\": \"JustinRG\",\r\n      \"location\": \"westus2\",\r\n      \"properties\": {\r\n        \"provisioningState\": \"Succeeded\"\r\n      }\r\n    },\r\n    {\r\n      \"id\": \"/subscriptions/854d368f-1828-428f-8f3c-f2affa9b2f7d/resourceGroups/JustResources\",\r\n      \"name\": \"JustResources\",\r\n      \"location\": \"northcentralus\",\r\n      \"properties\": {\r\n        \"provisioningState\": \"Succeeded\"\r\n      }\r\n    },\r\n    {\r\n      \"id\": \"/subscriptions/854d368f-1828-428f-8f3c-f2affa9b2f7d/resourceGroups/kafkaResources\",\r\n      \"name\": \"kafkaResources\",\r\n      \"location\": \"eastus\",\r\n      \"properties\": {\r\n        \"provisioningState\": \"Succeeded\"\r\n      }\r\n    },\r\n    {\r\n      \"id\": \"/subscriptions/854d368f-1828-428f-8f3c-f2affa9b2f7d/resourceGroups/kakfagroup\",\r\n      \"name\": \"kakfagroup\",\r\n      \"location\": \"westus\",\r\n      \"properties\": {\r\n        \"provisioningState\": \"Succeeded\"\r\n      }\r\n    },\r\n    {\r\n      \"id\": \"/subscriptions/854d368f-1828-428f-8f3c-f2affa9b2f7d/resourceGroups/LinkedInTestGroup\",\r\n      \"name\": \"LinkedInTestGroup\",\r\n      \"location\": \"westus\",\r\n      \"properties\": {\r\n        \"provisioningState\": \"Succeeded\"\r\n      }\r\n    },\r\n    {\r\n      \"id\": \"/subscriptions/854d368f-1828-428f-8f3c-f2affa9b2f7d/resourceGroups/LinkedinTestGroupNew\",\r\n      \"name\": \"LinkedinTestGroupNew\",\r\n      \"location\": \"westus\",\r\n      \"properties\": {\r\n        \"provisioningState\": \"Succeeded\"\r\n      }\r\n    },\r\n    {\r\n      \"id\": \"/subscriptions/854d368f-1828-428f-8f3c-f2affa9b2f7d/resourceGroups/LuesbuebliResources\",\r\n      \"name\": \"LuesbuebliResources\",\r\n      \"location\": \"centralus\",\r\n      \"properties\": {\r\n        \"provisioningState\": \"Succeeded\"\r\n      }\r\n    },\r\n    {\r\n      \"id\": \"/subscriptions/854d368f-1828-428f-8f3c-f2affa9b2f7d/resourceGroups/markushadapterworker\",\r\n      \"name\": \"markushadapterworker\",\r\n      \"location\": \"westus\",\r\n      \"properties\": {\r\n        \"provisioningState\": \"Succeeded\"\r\n      }\r\n    },\r\n    {\r\n      \"id\": \"/subscriptions/854d368f-1828-428f-8f3c-f2affa9b2f7d/resourceGroups/masrivas46971WestUS\",\r\n      \"name\": \"masrivas46971WestUS\",\r\n      \"location\": \"westus\",\r\n      \"properties\": {\r\n        \"provisioningState\": \"Succeeded\"\r\n      }\r\n    },\r\n    {\r\n      \"id\": \"/subscriptions/854d368f-1828-428f-8f3c-f2affa9b2f7d/resourceGroups/MC_cesar-aks_cesaraks_eastus\",\r\n      \"name\": \"MC_cesar-aks_cesaraks_eastus\",\r\n      \"location\": \"eastus\",\r\n      \"properties\": {\r\n        \"provisioningState\": \"Succeeded\"\r\n      }\r\n    },\r\n    {\r\n      \"id\": \"/subscriptions/854d368f-1828-428f-8f3c-f2affa9b2f7d/resourceGroups/Mobile-Default-Web-WestUS\",\r\n      \"name\": \"Mobile-Default-Web-WestUS\",\r\n      \"location\": \"westus\",\r\n      \"properties\": {\r\n        \"provisioningState\": \"Succeeded\"\r\n      }\r\n    },\r\n    {\r\n      \"id\": \"/subscriptions/854d368f-1828-428f-8f3c-f2affa9b2f7d/resourceGroups/MobileServices-WestUS\",\r\n      \"name\": \"MobileServices-WestUS\",\r\n      \"location\": \"westus\",\r\n      \"properties\": {\r\n        \"provisioningState\": \"Succeeded\"\r\n      }\r\n    },\r\n    {\r\n      \"id\": \"/subscriptions/854d368f-1828-428f-8f3c-f2affa9b2f7d/resourceGroups/mpark-store-app\",\r\n      \"name\": \"mpark-store-app\",\r\n      \"location\": \"eastus\",\r\n      \"properties\": {\r\n        \"provisioningState\": \"Succeeded\"\r\n      }\r\n    },\r\n    {\r\n      \"id\": \"/subscriptions/854d368f-1828-428f-8f3c-f2affa9b2f7d/resourceGroups/myresourceGroup1\",\r\n      \"name\": \"myresourceGroup1\",\r\n      \"location\": \"westus\",\r\n      \"properties\": {\r\n        \"provisioningState\": \"Succeeded\"\r\n      }\r\n    },\r\n    {\r\n      \"id\": \"/subscriptions/854d368f-1828-428f-8f3c-f2affa9b2f7d/resourceGroups/mysamplesvtest\",\r\n      \"name\": \"mysamplesvtest\",\r\n      \"location\": \"centralus\",\r\n      \"properties\": {\r\n        \"provisioningState\": \"Succeeded\"\r\n      }\r\n    },\r\n    {\r\n      \"id\": \"/subscriptions/854d368f-1828-428f-8f3c-f2affa9b2f7d/resourceGroups/nemakam\",\r\n      \"name\": \"nemakam\",\r\n      \"location\": \"westus2\",\r\n      \"properties\": {\r\n        \"provisioningState\": \"Succeeded\"\r\n      }\r\n    },\r\n    {\r\n      \"id\": \"/subscriptions/854d368f-1828-428f-8f3c-f2affa9b2f7d/resourceGroups/nemakamprem\",\r\n      \"name\": \"nemakamprem\",\r\n      \"location\": \"westus\",\r\n      \"properties\": {\r\n        \"provisioningState\": \"Succeeded\"\r\n      }\r\n    },\r\n    {\r\n      \"id\": \"/subscriptions/854d368f-1828-428f-8f3c-f2affa9b2f7d/resourceGroups/nemakampremium\",\r\n      \"name\": \"nemakampremium\",\r\n      \"location\": \"northcentralus\",\r\n      \"properties\": {\r\n        \"provisioningState\": \"Succeeded\"\r\n      }\r\n    },\r\n    {\r\n      \"id\": \"/subscriptions/854d368f-1828-428f-8f3c-f2affa9b2f7d/resourceGroups/NetworkWatcherRG\",\r\n      \"name\": \"NetworkWatcherRG\",\r\n      \"location\": \"westus\",\r\n      \"properties\": {\r\n        \"provisioningState\": \"Succeeded\"\r\n      }\r\n    },\r\n    {\r\n      \"id\": \"/subscriptions/854d368f-1828-428f-8f3c-f2affa9b2f7d/resourceGroups/newVinsu\",\r\n      \"name\": \"newVinsu\",\r\n      \"location\": \"eastus\",\r\n      \"properties\": {\r\n        \"provisioningState\": \"Succeeded\"\r\n      }\r\n    },\r\n    {\r\n      \"id\": \"/subscriptions/854d368f-1828-428f-8f3c-f2affa9b2f7d/resourceGroups/onesdk2920\",\r\n      \"name\": \"onesdk2920\",\r\n      \"location\": \"westus\",\r\n      \"properties\": {\r\n        \"provisioningState\": \"Succeeded\"\r\n      }\r\n    },\r\n    {\r\n      \"id\": \"/subscriptions/854d368f-1828-428f-8f3c-f2affa9b2f7d/resourceGroups/onesdk3077\",\r\n      \"name\": \"onesdk3077\",\r\n      \"location\": \"westus\",\r\n      \"properties\": {\r\n        \"provisioningState\": \"Succeeded\"\r\n      }\r\n    },\r\n    {\r\n      \"id\": \"/subscriptions/854d368f-1828-428f-8f3c-f2affa9b2f7d/resourceGroups/OrionSB-CSS-RG\",\r\n      \"name\": \"OrionSB-CSS-RG\",\r\n      \"location\": \"westus\",\r\n      \"properties\": {\r\n        \"provisioningState\": \"Succeeded\"\r\n      }\r\n    },\r\n    {\r\n      \"id\": \"/subscriptions/854d368f-1828-428f-8f3c-f2affa9b2f7d/resourceGroups/perftest\",\r\n      \"name\": \"perftest\",\r\n      \"location\": \"northeurope\",\r\n      \"properties\": {\r\n        \"provisioningState\": \"Succeeded\"\r\n      }\r\n    },\r\n    {\r\n      \"id\": \"/subscriptions/854d368f-1828-428f-8f3c-f2affa9b2f7d/resourceGroups/pk-dotnet-sample\",\r\n      \"name\": \"pk-dotnet-sample\",\r\n      \"location\": \"eastus2\",\r\n      \"properties\": {\r\n        \"provisioningState\": \"Succeeded\"\r\n      }\r\n    },\r\n    {\r\n      \"id\": \"/subscriptions/854d368f-1828-428f-8f3c-f2affa9b2f7d/resourceGroups/powershellrg\",\r\n      \"name\": \"powershellrg\",\r\n      \"location\": \"northeurope\",\r\n      \"properties\": {\r\n        \"provisioningState\": \"Succeeded\"\r\n      }\r\n    },\r\n    {\r\n      \"id\": \"/subscriptions/854d368f-1828-428f-8f3c-f2affa9b2f7d/resourceGroups/RapscallionResources\",\r\n      \"name\": \"RapscallionResources\",\r\n      \"location\": \"centralus\",\r\n      \"properties\": {\r\n        \"provisioningState\": \"Succeeded\"\r\n      }\r\n    },\r\n    {\r\n      \"id\": \"/subscriptions/854d368f-1828-428f-8f3c-f2affa9b2f7d/resourceGroups/RapscallionToBeDeleted\",\r\n      \"name\": \"RapscallionToBeDeleted\",\r\n      \"location\": \"westus\",\r\n      \"properties\": {\r\n        \"provisioningState\": \"Succeeded\"\r\n      }\r\n    },\r\n    {\r\n      \"id\": \"/subscriptions/854d368f-1828-428f-8f3c-f2affa9b2f7d/resourceGroups/RapscallionToBeDeletedLater\",\r\n      \"name\": \"RapscallionToBeDeletedLater\",\r\n      \"location\": \"centralus\",\r\n      \"properties\": {\r\n        \"provisioningState\": \"Succeeded\"\r\n      }\r\n    },\r\n    {\r\n      \"id\": \"/subscriptions/854d368f-1828-428f-8f3c-f2affa9b2f7d/resourceGroups/RelayAspNetCoreUnitTest\",\r\n      \"name\": \"RelayAspNetCoreUnitTest\",\r\n      \"location\": \"westcentralus\",\r\n      \"properties\": {\r\n        \"provisioningState\": \"Succeeded\"\r\n      }\r\n    },\r\n    {\r\n      \"id\": \"/subscriptions/854d368f-1828-428f-8f3c-f2affa9b2f7d/resourceGroups/relayrg\",\r\n      \"name\": \"relayrg\",\r\n      \"location\": \"westcentralus\",\r\n      \"properties\": {\r\n        \"provisioningState\": \"Succeeded\"\r\n      }\r\n    },\r\n    {\r\n      \"id\": \"/subscriptions/854d368f-1828-428f-8f3c-f2affa9b2f7d/resourceGroups/rg-webapp-171213172307\",\r\n      \"name\": \"rg-webapp-171213172307\",\r\n      \"location\": \"westus2\",\r\n      \"properties\": {\r\n        \"provisioningState\": \"Succeeded\"\r\n      }\r\n    },\r\n    {\r\n      \"id\": \"/subscriptions/854d368f-1828-428f-8f3c-f2affa9b2f7d/resourceGroups/rg-webapp-171213183840\",\r\n      \"name\": \"rg-webapp-171213183840\",\r\n      \"location\": \"westus2\",\r\n      \"properties\": {\r\n        \"provisioningState\": \"Succeeded\"\r\n      }\r\n    },\r\n    {\r\n      \"id\": \"/subscriptions/854d368f-1828-428f-8f3c-f2affa9b2f7d/resourceGroups/rg-webapp-180905092213\",\r\n      \"name\": \"rg-webapp-180905092213\",\r\n      \"location\": \"westcentralus\",\r\n      \"properties\": {\r\n        \"provisioningState\": \"Succeeded\"\r\n      }\r\n    },\r\n    {\r\n      \"id\": \"/subscriptions/854d368f-1828-428f-8f3c-f2affa9b2f7d/resourceGroups/RichardTestGroup\",\r\n      \"name\": \"RichardTestGroup\",\r\n      \"location\": \"centralus\",\r\n      \"properties\": {\r\n        \"provisioningState\": \"Succeeded\"\r\n      }\r\n    },\r\n    {\r\n      \"id\": \"/subscriptions/854d368f-1828-428f-8f3c-f2affa9b2f7d/resourceGroups/rnrdemo\",\r\n      \"name\": \"rnrdemo\",\r\n      \"location\": \"westus\",\r\n      \"properties\": {\r\n        \"provisioningState\": \"Succeeded\"\r\n      }\r\n    },\r\n    {\r\n      \"id\": \"/subscriptions/854d368f-1828-428f-8f3c-f2affa9b2f7d/resourceGroups/RSG1894\",\r\n      \"name\": \"RSG1894\",\r\n      \"location\": \"westus\",\r\n      \"properties\": {\r\n        \"provisioningState\": \"Succeeded\"\r\n      }\r\n    },\r\n    {\r\n      \"id\": \"/subscriptions/854d368f-1828-428f-8f3c-f2affa9b2f7d/resourceGroups/RSG2551\",\r\n      \"name\": \"RSG2551\",\r\n      \"location\": \"westus\",\r\n      \"properties\": {\r\n        \"provisioningState\": \"Succeeded\"\r\n      }\r\n    },\r\n    {\r\n      \"id\": \"/subscriptions/854d368f-1828-428f-8f3c-f2affa9b2f7d/resourceGroups/RSG2706\",\r\n      \"name\": \"RSG2706\",\r\n      \"location\": \"westus\",\r\n      \"properties\": {\r\n        \"provisioningState\": \"Succeeded\"\r\n      }\r\n    },\r\n    {\r\n      \"id\": \"/subscriptions/854d368f-1828-428f-8f3c-f2affa9b2f7d/resourceGroups/RSG3785\",\r\n      \"name\": \"RSG3785\",\r\n      \"location\": \"westus\",\r\n      \"properties\": {\r\n        \"provisioningState\": \"Succeeded\"\r\n      }\r\n    },\r\n    {\r\n      \"id\": \"/subscriptions/854d368f-1828-428f-8f3c-f2affa9b2f7d/resourceGroups/RSG5246\",\r\n      \"name\": \"RSG5246\",\r\n      \"location\": \"westus\",\r\n      \"properties\": {\r\n        \"provisioningState\": \"Succeeded\"\r\n      }\r\n    },\r\n    {\r\n      \"id\": \"/subscriptions/854d368f-1828-428f-8f3c-f2affa9b2f7d/resourceGroups/RSG6397\",\r\n      \"name\": \"RSG6397\",\r\n      \"location\": \"westus\",\r\n      \"properties\": {\r\n        \"provisioningState\": \"Succeeded\"\r\n      }\r\n    },\r\n    {\r\n      \"id\": \"/subscriptions/854d368f-1828-428f-8f3c-f2affa9b2f7d/resourceGroups/RSG850\",\r\n      \"name\": \"RSG850\",\r\n      \"location\": \"westus\",\r\n      \"properties\": {\r\n        \"provisioningState\": \"Succeeded\"\r\n      }\r\n    },\r\n    {\r\n      \"id\": \"/subscriptions/854d368f-1828-428f-8f3c-f2affa9b2f7d/resourceGroups/RSG8566\",\r\n      \"name\": \"RSG8566\",\r\n      \"location\": \"westus\",\r\n      \"properties\": {\r\n        \"provisioningState\": \"Succeeded\"\r\n      }\r\n    },\r\n    {\r\n      \"id\": \"/subscriptions/854d368f-1828-428f-8f3c-f2affa9b2f7d/resourceGroups/RSG9695\",\r\n      \"name\": \"RSG9695\",\r\n      \"location\": \"westus\",\r\n      \"properties\": {\r\n        \"provisioningState\": \"Succeeded\"\r\n      }\r\n    },\r\n    {\r\n      \"id\": \"/subscriptions/854d368f-1828-428f-8f3c-f2affa9b2f7d/resourceGroups/sb-dotnet-av-1001-rg\",\r\n      \"name\": \"sb-dotnet-av-1001-rg\",\r\n      \"location\": \"westus\",\r\n      \"properties\": {\r\n        \"provisioningState\": \"Succeeded\"\r\n      }\r\n    },\r\n    {\r\n      \"id\": \"/subscriptions/854d368f-1828-428f-8f3c-f2affa9b2f7d/resourceGroups/sb-dotnet-av-1111-rg\",\r\n      \"name\": \"sb-dotnet-av-1111-rg\",\r\n      \"location\": \"westus\",\r\n      \"properties\": {\r\n        \"provisioningState\": \"Succeeded\"\r\n      }\r\n    },\r\n    {\r\n      \"id\": \"/subscriptions/854d368f-1828-428f-8f3c-f2affa9b2f7d/resourceGroups/sb-dotnet-av-1131-rg\",\r\n      \"name\": \"sb-dotnet-av-1131-rg\",\r\n      \"location\": \"westus\",\r\n      \"properties\": {\r\n        \"provisioningState\": \"Succeeded\"\r\n      }\r\n    },\r\n    {\r\n      \"id\": \"/subscriptions/854d368f-1828-428f-8f3c-f2affa9b2f7d/resourceGroups/sb-dotnet-av-1222-rg\",\r\n      \"name\": \"sb-dotnet-av-1222-rg\",\r\n      \"location\": \"westus\",\r\n      \"properties\": {\r\n        \"provisioningState\": \"Succeeded\"\r\n      }\r\n    },\r\n    {\r\n      \"id\": \"/subscriptions/854d368f-1828-428f-8f3c-f2affa9b2f7d/resourceGroups/sb-dotnet-av-1241-rg\",\r\n      \"name\": \"sb-dotnet-av-1241-rg\",\r\n      \"location\": \"westus\",\r\n      \"properties\": {\r\n        \"provisioningState\": \"Succeeded\"\r\n      }\r\n    },\r\n    {\r\n      \"id\": \"/subscriptions/854d368f-1828-428f-8f3c-f2affa9b2f7d/resourceGroups/sb-dotnet-av-1401-rg\",\r\n      \"name\": \"sb-dotnet-av-1401-rg\",\r\n      \"location\": \"westus\",\r\n      \"properties\": {\r\n        \"provisioningState\": \"Succeeded\"\r\n      }\r\n    },\r\n    {\r\n      \"id\": \"/subscriptions/854d368f-1828-428f-8f3c-f2affa9b2f7d/resourceGroups/sb-dotnet-av-1452-rg\",\r\n      \"name\": \"sb-dotnet-av-1452-rg\",\r\n      \"location\": \"westus\",\r\n      \"properties\": {\r\n        \"provisioningState\": \"Succeeded\"\r\n      }\r\n    },\r\n    {\r\n      \"id\": \"/subscriptions/854d368f-1828-428f-8f3c-f2affa9b2f7d/resourceGroups/sb-dotnet-av-1461-rg\",\r\n      \"name\": \"sb-dotnet-av-1461-rg\",\r\n      \"location\": \"westus\",\r\n      \"properties\": {\r\n        \"provisioningState\": \"Succeeded\"\r\n      }\r\n    },\r\n    {\r\n      \"id\": \"/subscriptions/854d368f-1828-428f-8f3c-f2affa9b2f7d/resourceGroups/sb-dotnet-av-1471-rg\",\r\n      \"name\": \"sb-dotnet-av-1471-rg\",\r\n      \"location\": \"westus\",\r\n      \"properties\": {\r\n        \"provisioningState\": \"Succeeded\"\r\n      }\r\n    },\r\n    {\r\n      \"id\": \"/subscriptions/854d368f-1828-428f-8f3c-f2affa9b2f7d/resourceGroups/sb-dotnet-av-1551-rg\",\r\n      \"name\": \"sb-dotnet-av-1551-rg\",\r\n      \"location\": \"westus\",\r\n      \"properties\": {\r\n        \"provisioningState\": \"Succeeded\"\r\n      }\r\n    },\r\n    {\r\n      \"id\": \"/subscriptions/854d368f-1828-428f-8f3c-f2affa9b2f7d/resourceGroups/sb-dotnet-av-172-rg\",\r\n      \"name\": \"sb-dotnet-av-172-rg\",\r\n      \"location\": \"westus\",\r\n      \"properties\": {\r\n        \"provisioningState\": \"Succeeded\"\r\n      }\r\n    },\r\n    {\r\n      \"id\": \"/subscriptions/854d368f-1828-428f-8f3c-f2affa9b2f7d/resourceGroups/sb-dotnet-av-1751-rg\",\r\n      \"name\": \"sb-dotnet-av-1751-rg\",\r\n      \"location\": \"westus\",\r\n      \"properties\": {\r\n        \"provisioningState\": \"Succeeded\"\r\n      }\r\n    },\r\n    {\r\n      \"id\": \"/subscriptions/854d368f-1828-428f-8f3c-f2affa9b2f7d/resourceGroups/sb-dotnet-av-1881-rg\",\r\n      \"name\": \"sb-dotnet-av-1881-rg\",\r\n      \"location\": \"westus\",\r\n      \"properties\": {\r\n        \"provisioningState\": \"Succeeded\"\r\n      }\r\n    },\r\n    {\r\n      \"id\": \"/subscriptions/854d368f-1828-428f-8f3c-f2affa9b2f7d/resourceGroups/sb-dotnet-av-1912-rg\",\r\n      \"name\": \"sb-dotnet-av-1912-rg\",\r\n      \"location\": \"westus\",\r\n      \"properties\": {\r\n        \"provisioningState\": \"Succeeded\"\r\n      }\r\n    },\r\n    {\r\n      \"id\": \"/subscriptions/854d368f-1828-428f-8f3c-f2affa9b2f7d/resourceGroups/sb-dotnet-av-1981-rg\",\r\n      \"name\": \"sb-dotnet-av-1981-rg\",\r\n      \"location\": \"westus\",\r\n      \"properties\": {\r\n        \"provisioningState\": \"Succeeded\"\r\n      }\r\n    },\r\n    {\r\n      \"id\": \"/subscriptions/854d368f-1828-428f-8f3c-f2affa9b2f7d/resourceGroups/sb-dotnet-av-2031-rg\",\r\n      \"name\": \"sb-dotnet-av-2031-rg\",\r\n      \"location\": \"westus\",\r\n      \"properties\": {\r\n        \"provisioningState\": \"Succeeded\"\r\n      }\r\n    },\r\n    {\r\n      \"id\": \"/subscriptions/854d368f-1828-428f-8f3c-f2affa9b2f7d/resourceGroups/sb-dotnet-av-221-rg\",\r\n      \"name\": \"sb-dotnet-av-221-rg\",\r\n      \"location\": \"westus\",\r\n      \"properties\": {\r\n        \"provisioningState\": \"Succeeded\"\r\n      }\r\n    },\r\n    {\r\n      \"id\": \"/subscriptions/854d368f-1828-428f-8f3c-f2affa9b2f7d/resourceGroups/sb-dotnet-av-311-rg\",\r\n      \"name\": \"sb-dotnet-av-311-rg\",\r\n      \"location\": \"westus\",\r\n      \"properties\": {\r\n        \"provisioningState\": \"Succeeded\"\r\n      }\r\n    },\r\n    {\r\n      \"id\": \"/subscriptions/854d368f-1828-428f-8f3c-f2affa9b2f7d/resourceGroups/sb-dotnet-av-3131-rg\",\r\n      \"name\": \"sb-dotnet-av-3131-rg\",\r\n      \"location\": \"westus\",\r\n      \"properties\": {\r\n        \"provisioningState\": \"Succeeded\"\r\n      }\r\n    },\r\n    {\r\n      \"id\": \"/subscriptions/854d368f-1828-428f-8f3c-f2affa9b2f7d/resourceGroups/sb-dotnet-av-3191-rg\",\r\n      \"name\": \"sb-dotnet-av-3191-rg\",\r\n      \"location\": \"westus\",\r\n      \"properties\": {\r\n        \"provisioningState\": \"Succeeded\"\r\n      }\r\n    },\r\n    {\r\n      \"id\": \"/subscriptions/854d368f-1828-428f-8f3c-f2affa9b2f7d/resourceGroups/sb-dotnet-av-3201-rg\",\r\n      \"name\": \"sb-dotnet-av-3201-rg\",\r\n      \"location\": \"westus\",\r\n      \"properties\": {\r\n        \"provisioningState\": \"Succeeded\"\r\n      }\r\n    },\r\n    {\r\n      \"id\": \"/subscriptions/854d368f-1828-428f-8f3c-f2affa9b2f7d/resourceGroups/sb-dotnet-av-3291-rg\",\r\n      \"name\": \"sb-dotnet-av-3291-rg\",\r\n      \"location\": \"westus\",\r\n      \"properties\": {\r\n        \"provisioningState\": \"Succeeded\"\r\n      }\r\n    },\r\n    {\r\n      \"id\": \"/subscriptions/854d368f-1828-428f-8f3c-f2affa9b2f7d/resourceGroups/sb-dotnet-av-361-rg\",\r\n      \"name\": \"sb-dotnet-av-361-rg\",\r\n      \"location\": \"westus\",\r\n      \"properties\": {\r\n        \"provisioningState\": \"Succeeded\"\r\n      }\r\n    },\r\n    {\r\n      \"id\": \"/subscriptions/854d368f-1828-428f-8f3c-f2affa9b2f7d/resourceGroups/sb-dotnet-av-3681-rg\",\r\n      \"name\": \"sb-dotnet-av-3681-rg\",\r\n      \"location\": \"westus\",\r\n      \"properties\": {\r\n        \"provisioningState\": \"Succeeded\"\r\n      }\r\n    },\r\n    {\r\n      \"id\": \"/subscriptions/854d368f-1828-428f-8f3c-f2affa9b2f7d/resourceGroups/sb-dotnet-av-371-rg\",\r\n      \"name\": \"sb-dotnet-av-371-rg\",\r\n      \"location\": \"westus\",\r\n      \"properties\": {\r\n        \"provisioningState\": \"Succeeded\"\r\n      }\r\n    },\r\n    {\r\n      \"id\": \"/subscriptions/854d368f-1828-428f-8f3c-f2affa9b2f7d/resourceGroups/sb-dotnet-av-4322-rg\",\r\n      \"name\": \"sb-dotnet-av-4322-rg\",\r\n      \"location\": \"westus\",\r\n      \"properties\": {\r\n        \"provisioningState\": \"Succeeded\"\r\n      }\r\n    },\r\n    {\r\n      \"id\": \"/subscriptions/854d368f-1828-428f-8f3c-f2affa9b2f7d/resourceGroups/sb-dotnet-av-4332-rg\",\r\n      \"name\": \"sb-dotnet-av-4332-rg\",\r\n      \"location\": \"westus\",\r\n      \"properties\": {\r\n        \"provisioningState\": \"Succeeded\"\r\n      }\r\n    },\r\n    {\r\n      \"id\": \"/subscriptions/854d368f-1828-428f-8f3c-f2affa9b2f7d/resourceGroups/sb-dotnet-av-4342-rg\",\r\n      \"name\": \"sb-dotnet-av-4342-rg\",\r\n      \"location\": \"westus\",\r\n      \"properties\": {\r\n        \"provisioningState\": \"Succeeded\"\r\n      }\r\n    },\r\n    {\r\n      \"id\": \"/subscriptions/854d368f-1828-428f-8f3c-f2affa9b2f7d/resourceGroups/sb-dotnet-av-4362-rg\",\r\n      \"name\": \"sb-dotnet-av-4362-rg\",\r\n      \"location\": \"westus\",\r\n      \"properties\": {\r\n        \"provisioningState\": \"Succeeded\"\r\n      }\r\n    },\r\n    {\r\n      \"id\": \"/subscriptions/854d368f-1828-428f-8f3c-f2affa9b2f7d/resourceGroups/sb-dotnet-av-4381-rg\",\r\n      \"name\": \"sb-dotnet-av-4381-rg\",\r\n      \"location\": \"westus\",\r\n      \"properties\": {\r\n        \"provisioningState\": \"Succeeded\"\r\n      }\r\n    },\r\n    {\r\n      \"id\": \"/subscriptions/854d368f-1828-428f-8f3c-f2affa9b2f7d/resourceGroups/sb-dotnet-av-4411-rg\",\r\n      \"name\": \"sb-dotnet-av-4411-rg\",\r\n      \"location\": \"westus\",\r\n      \"properties\": {\r\n        \"provisioningState\": \"Succeeded\"\r\n      }\r\n    },\r\n    {\r\n      \"id\": \"/subscriptions/854d368f-1828-428f-8f3c-f2affa9b2f7d/resourceGroups/sb-dotnet-av-4441-rg\",\r\n      \"name\": \"sb-dotnet-av-4441-rg\",\r\n      \"location\": \"westus\",\r\n      \"properties\": {\r\n        \"provisioningState\": \"Succeeded\"\r\n      }\r\n    },\r\n    {\r\n      \"id\": \"/subscriptions/854d368f-1828-428f-8f3c-f2affa9b2f7d/resourceGroups/sb-dotnet-av-4491-rg\",\r\n      \"name\": \"sb-dotnet-av-4491-rg\",\r\n      \"location\": \"westus\",\r\n      \"properties\": {\r\n        \"provisioningState\": \"Succeeded\"\r\n      }\r\n    },\r\n    {\r\n      \"id\": \"/subscriptions/854d368f-1828-428f-8f3c-f2affa9b2f7d/resourceGroups/sb-dotnet-av-4511-rg\",\r\n      \"name\": \"sb-dotnet-av-4511-rg\",\r\n      \"location\": \"westus\",\r\n      \"properties\": {\r\n        \"provisioningState\": \"Succeeded\"\r\n      }\r\n    },\r\n    {\r\n      \"id\": \"/subscriptions/854d368f-1828-428f-8f3c-f2affa9b2f7d/resourceGroups/sb-dotnet-av-4531-rg\",\r\n      \"name\": \"sb-dotnet-av-4531-rg\",\r\n      \"location\": \"westus\",\r\n      \"properties\": {\r\n        \"provisioningState\": \"Succeeded\"\r\n      }\r\n    },\r\n    {\r\n      \"id\": \"/subscriptions/854d368f-1828-428f-8f3c-f2affa9b2f7d/resourceGroups/sb-dotnet-av-4571-rg\",\r\n      \"name\": \"sb-dotnet-av-4571-rg\",\r\n      \"location\": \"westus\",\r\n      \"properties\": {\r\n        \"provisioningState\": \"Succeeded\"\r\n      }\r\n    },\r\n    {\r\n      \"id\": \"/subscriptions/854d368f-1828-428f-8f3c-f2affa9b2f7d/resourceGroups/sb-dotnet-av-4611-rg\",\r\n      \"name\": \"sb-dotnet-av-4611-rg\",\r\n      \"location\": \"westus\",\r\n      \"properties\": {\r\n        \"provisioningState\": \"Succeeded\"\r\n      }\r\n    },\r\n    {\r\n      \"id\": \"/subscriptions/854d368f-1828-428f-8f3c-f2affa9b2f7d/resourceGroups/sb-dotnet-av-4631-rg\",\r\n      \"name\": \"sb-dotnet-av-4631-rg\",\r\n      \"location\": \"westus\",\r\n      \"properties\": {\r\n        \"provisioningState\": \"Succeeded\"\r\n      }\r\n    },\r\n    {\r\n      \"id\": \"/subscriptions/854d368f-1828-428f-8f3c-f2affa9b2f7d/resourceGroups/sb-dotnet-av-4702-rg\",\r\n      \"name\": \"sb-dotnet-av-4702-rg\",\r\n      \"location\": \"westus\",\r\n      \"properties\": {\r\n        \"provisioningState\": \"Succeeded\"\r\n      }\r\n    },\r\n    {\r\n      \"id\": \"/subscriptions/854d368f-1828-428f-8f3c-f2affa9b2f7d/resourceGroups/sb-dotnet-av-4781-rg\",\r\n      \"name\": \"sb-dotnet-av-4781-rg\",\r\n      \"location\": \"westus\",\r\n      \"properties\": {\r\n        \"provisioningState\": \"Succeeded\"\r\n      }\r\n    },\r\n    {\r\n      \"id\": \"/subscriptions/854d368f-1828-428f-8f3c-f2affa9b2f7d/resourceGroups/sb-dotnet-av-4792-rg\",\r\n      \"name\": \"sb-dotnet-av-4792-rg\",\r\n      \"location\": \"westus\",\r\n      \"properties\": {\r\n        \"provisioningState\": \"Succeeded\"\r\n      }\r\n    },\r\n    {\r\n      \"id\": \"/subscriptions/854d368f-1828-428f-8f3c-f2affa9b2f7d/resourceGroups/sb-dotnet-av-4812-rg\",\r\n      \"name\": \"sb-dotnet-av-4812-rg\",\r\n      \"location\": \"westus\",\r\n      \"properties\": {\r\n        \"provisioningState\": \"Succeeded\"\r\n      }\r\n    },\r\n    {\r\n      \"id\": \"/subscriptions/854d368f-1828-428f-8f3c-f2affa9b2f7d/resourceGroups/sb-dotnet-av-4822-rg\",\r\n      \"name\": \"sb-dotnet-av-4822-rg\",\r\n      \"location\": \"westus\",\r\n      \"properties\": {\r\n        \"provisioningState\": \"Succeeded\"\r\n      }\r\n    },\r\n    {\r\n      \"id\": \"/subscriptions/854d368f-1828-428f-8f3c-f2affa9b2f7d/resourceGroups/sb-dotnet-av-501-rg\",\r\n      \"name\": \"sb-dotnet-av-501-rg\",\r\n      \"location\": \"westus\",\r\n      \"properties\": {\r\n        \"provisioningState\": \"Succeeded\"\r\n      }\r\n    },\r\n    {\r\n      \"id\": \"/subscriptions/854d368f-1828-428f-8f3c-f2affa9b2f7d/resourceGroups/sb-dotnet-av-5091-rg\",\r\n      \"name\": \"sb-dotnet-av-5091-rg\",\r\n      \"location\": \"westus\",\r\n      \"properties\": {\r\n        \"provisioningState\": \"Succeeded\"\r\n      }\r\n    },\r\n    {\r\n      \"id\": \"/subscriptions/854d368f-1828-428f-8f3c-f2affa9b2f7d/resourceGroups/sb-dotnet-av-5101-rg\",\r\n      \"name\": \"sb-dotnet-av-5101-rg\",\r\n      \"location\": \"westus\",\r\n      \"properties\": {\r\n        \"provisioningState\": \"Succeeded\"\r\n      }\r\n    },\r\n    {\r\n      \"id\": \"/subscriptions/854d368f-1828-428f-8f3c-f2affa9b2f7d/resourceGroups/sb-dotnet-av-511-rg\",\r\n      \"name\": \"sb-dotnet-av-511-rg\",\r\n      \"location\": \"westus\",\r\n      \"properties\": {\r\n        \"provisioningState\": \"Succeeded\"\r\n      }\r\n    },\r\n    {\r\n      \"id\": \"/subscriptions/854d368f-1828-428f-8f3c-f2affa9b2f7d/resourceGroups/sb-dotnet-av-5131-rg\",\r\n      \"name\": \"sb-dotnet-av-5131-rg\",\r\n      \"location\": \"westus\",\r\n      \"properties\": {\r\n        \"provisioningState\": \"Succeeded\"\r\n      }\r\n    },\r\n    {\r\n      \"id\": \"/subscriptions/854d368f-1828-428f-8f3c-f2affa9b2f7d/resourceGroups/sb-dotnet-av-5211-rg\",\r\n      \"name\": \"sb-dotnet-av-5211-rg\",\r\n      \"location\": \"westus\",\r\n      \"properties\": {\r\n        \"provisioningState\": \"Succeeded\"\r\n      }\r\n    },\r\n    {\r\n      \"id\": \"/subscriptions/854d368f-1828-428f-8f3c-f2affa9b2f7d/resourceGroups/sb-dotnet-av-5231-rg\",\r\n      \"name\": \"sb-dotnet-av-5231-rg\",\r\n      \"location\": \"westus\",\r\n      \"properties\": {\r\n        \"provisioningState\": \"Succeeded\"\r\n      }\r\n    },\r\n    {\r\n      \"id\": \"/subscriptions/854d368f-1828-428f-8f3c-f2affa9b2f7d/resourceGroups/sb-dotnet-av-581-rg\",\r\n      \"name\": \"sb-dotnet-av-581-rg\",\r\n      \"location\": \"westus\",\r\n      \"properties\": {\r\n        \"provisioningState\": \"Succeeded\"\r\n      }\r\n    },\r\n    {\r\n      \"id\": \"/subscriptions/854d368f-1828-428f-8f3c-f2affa9b2f7d/resourceGroups/sb-dotnet-av-601-rg\",\r\n      \"name\": \"sb-dotnet-av-601-rg\",\r\n      \"location\": \"westus\",\r\n      \"properties\": {\r\n        \"provisioningState\": \"Succeeded\"\r\n      }\r\n    },\r\n    {\r\n      \"id\": \"/subscriptions/854d368f-1828-428f-8f3c-f2affa9b2f7d/resourceGroups/sb-dotnet-av-631-rg\",\r\n      \"name\": \"sb-dotnet-av-631-rg\",\r\n      \"location\": \"westus\",\r\n      \"properties\": {\r\n        \"provisioningState\": \"Succeeded\"\r\n      }\r\n    },\r\n    {\r\n      \"id\": \"/subscriptions/854d368f-1828-428f-8f3c-f2affa9b2f7d/resourceGroups/sb-dotnet-av-671-rg\",\r\n      \"name\": \"sb-dotnet-av-671-rg\",\r\n      \"location\": \"westus\",\r\n      \"properties\": {\r\n        \"provisioningState\": \"Succeeded\"\r\n      }\r\n    },\r\n    {\r\n      \"id\": \"/subscriptions/854d368f-1828-428f-8f3c-f2affa9b2f7d/resourceGroups/sb-dotnet-av-702-rg\",\r\n      \"name\": \"sb-dotnet-av-702-rg\",\r\n      \"location\": \"westus\",\r\n      \"properties\": {\r\n        \"provisioningState\": \"Succeeded\"\r\n      }\r\n    },\r\n    {\r\n      \"id\": \"/subscriptions/854d368f-1828-428f-8f3c-f2affa9b2f7d/resourceGroups/sb-dotnet-av-711-rg\",\r\n      \"name\": \"sb-dotnet-av-711-rg\",\r\n      \"location\": \"westus\",\r\n      \"properties\": {\r\n        \"provisioningState\": \"Succeeded\"\r\n      }\r\n    },\r\n    {\r\n      \"id\": \"/subscriptions/854d368f-1828-428f-8f3c-f2affa9b2f7d/resourceGroups/sb-dotnet-av-761-rg\",\r\n      \"name\": \"sb-dotnet-av-761-rg\",\r\n      \"location\": \"westus\",\r\n      \"properties\": {\r\n        \"provisioningState\": \"Succeeded\"\r\n      }\r\n    },\r\n    {\r\n      \"id\": \"/subscriptions/854d368f-1828-428f-8f3c-f2affa9b2f7d/resourceGroups/sb-dotnet-av-781-rg\",\r\n      \"name\": \"sb-dotnet-av-781-rg\",\r\n      \"location\": \"westus\",\r\n      \"properties\": {\r\n        \"provisioningState\": \"Succeeded\"\r\n      }\r\n    },\r\n    {\r\n      \"id\": \"/subscriptions/854d368f-1828-428f-8f3c-f2affa9b2f7d/resourceGroups/sb-dotnet-av-801-rg\",\r\n      \"name\": \"sb-dotnet-av-801-rg\",\r\n      \"location\": \"westus\",\r\n      \"properties\": {\r\n        \"provisioningState\": \"Succeeded\"\r\n      }\r\n    },\r\n    {\r\n      \"id\": \"/subscriptions/854d368f-1828-428f-8f3c-f2affa9b2f7d/resourceGroups/sb-dotnet-av-871-rg\",\r\n      \"name\": \"sb-dotnet-av-871-rg\",\r\n      \"location\": \"westus\",\r\n      \"properties\": {\r\n        \"provisioningState\": \"Succeeded\"\r\n      }\r\n    },\r\n    {\r\n      \"id\": \"/subscriptions/854d368f-1828-428f-8f3c-f2affa9b2f7d/resourceGroups/sb-dotnet-av-981-rg\",\r\n      \"name\": \"sb-dotnet-av-981-rg\",\r\n      \"location\": \"westus\",\r\n      \"properties\": {\r\n        \"provisioningState\": \"Succeeded\"\r\n      }\r\n    },\r\n    {\r\n      \"id\": \"/subscriptions/854d368f-1828-428f-8f3c-f2affa9b2f7d/resourceGroups/sb-java-av-121-rg\",\r\n      \"name\": \"sb-java-av-121-rg\",\r\n      \"location\": \"westus\",\r\n      \"properties\": {\r\n        \"provisioningState\": \"Succeeded\"\r\n      }\r\n    },\r\n    {\r\n      \"id\": \"/subscriptions/854d368f-1828-428f-8f3c-f2affa9b2f7d/resourceGroups/sb-java-av-61-rg\",\r\n      \"name\": \"sb-java-av-61-rg\",\r\n      \"location\": \"westus\",\r\n      \"properties\": {\r\n        \"provisioningState\": \"Succeeded\"\r\n      }\r\n    },\r\n    {\r\n      \"id\": \"/subscriptions/854d368f-1828-428f-8f3c-f2affa9b2f7d/resourceGroups/sb-java-av-71-rg\",\r\n      \"name\": \"sb-java-av-71-rg\",\r\n      \"location\": \"westus\",\r\n      \"properties\": {\r\n        \"provisioningState\": \"Succeeded\"\r\n      }\r\n    },\r\n    {\r\n      \"id\": \"/subscriptions/854d368f-1828-428f-8f3c-f2affa9b2f7d/resourceGroups/sb-java-av-771-rg\",\r\n      \"name\": \"sb-java-av-771-rg\",\r\n      \"location\": \"westus\",\r\n      \"properties\": {\r\n        \"provisioningState\": \"Succeeded\"\r\n      }\r\n    },\r\n    {\r\n      \"id\": \"/subscriptions/854d368f-1828-428f-8f3c-f2affa9b2f7d/resourceGroups/sbcit\",\r\n      \"name\": \"sbcit\",\r\n      \"location\": \"westus\",\r\n      \"properties\": {\r\n        \"provisioningState\": \"Succeeded\"\r\n      }\r\n    },\r\n    {\r\n      \"id\": \"/subscriptions/854d368f-1828-428f-8f3c-f2affa9b2f7d/resourceGroups/sbcit2\",\r\n      \"name\": \"sbcit2\",\r\n      \"location\": \"westus\",\r\n      \"properties\": {\r\n        \"provisioningState\": \"Succeeded\"\r\n      }\r\n    },\r\n    {\r\n      \"id\": \"/subscriptions/854d368f-1828-428f-8f3c-f2affa9b2f7d/resourceGroups/SBServerTest\",\r\n      \"name\": \"SBServerTest\",\r\n      \"location\": \"westeurope\",\r\n      \"properties\": {\r\n        \"provisioningState\": \"Succeeded\"\r\n      }\r\n    },\r\n    {\r\n      \"id\": \"/subscriptions/854d368f-1828-428f-8f3c-f2affa9b2f7d/resourceGroups/SecretsDaylight\",\r\n      \"name\": \"SecretsDaylight\",\r\n      \"location\": \"centralus\",\r\n      \"properties\": {\r\n        \"provisioningState\": \"Succeeded\"\r\n      }\r\n    },\r\n    {\r\n      \"id\": \"/subscriptions/854d368f-1828-428f-8f3c-f2affa9b2f7d/resourceGroups/securitydata\",\r\n      \"name\": \"securitydata\",\r\n      \"location\": \"eastus\",\r\n      \"tags\": {},\r\n      \"properties\": {\r\n        \"provisioningState\": \"Succeeded\"\r\n      }\r\n    },\r\n    {\r\n      \"id\": \"/subscriptions/854d368f-1828-428f-8f3c-f2affa9b2f7d/resourceGroups/serkant\",\r\n      \"name\": \"serkant\",\r\n      \"location\": \"westus2\",\r\n      \"properties\": {\r\n        \"provisioningState\": \"Succeeded\"\r\n      }\r\n    },\r\n    {\r\n      \"id\": \"/subscriptions/854d368f-1828-428f-8f3c-f2affa9b2f7d/resourceGroups/ServiceBusInfrastructure\",\r\n      \"name\": \"ServiceBusInfrastructure\",\r\n      \"location\": \"westus\",\r\n      \"properties\": {\r\n        \"provisioningState\": \"Succeeded\"\r\n      }\r\n    },\r\n    {\r\n      \"id\": \"/subscriptions/854d368f-1828-428f-8f3c-f2affa9b2f7d/resourceGroups/sjplay\",\r\n      \"name\": \"sjplay\",\r\n      \"location\": \"brazilsouth\",\r\n      \"properties\": {\r\n        \"provisioningState\": \"Succeeded\"\r\n      }\r\n    },\r\n    {\r\n      \"id\": \"/subscriptions/854d368f-1828-428f-8f3c-f2affa9b2f7d/resourceGroups/sjResourceGroup\",\r\n      \"name\": \"sjResourceGroup\",\r\n      \"location\": \"westus\",\r\n      \"properties\": {\r\n        \"provisioningState\": \"Succeeded\"\r\n      }\r\n    },\r\n    {\r\n      \"id\": \"/subscriptions/854d368f-1828-428f-8f3c-f2affa9b2f7d/resourceGroups/skulkarnLBrg\",\r\n      \"name\": \"skulkarnLBrg\",\r\n      \"location\": \"westus2\",\r\n      \"properties\": {\r\n        \"provisioningState\": \"Succeeded\"\r\n      }\r\n    },\r\n    {\r\n      \"id\": \"/subscriptions/854d368f-1828-428f-8f3c-f2affa9b2f7d/resourceGroups/skulkarnrg\",\r\n      \"name\": \"skulkarnrg\",\r\n      \"location\": \"westcentralus\",\r\n      \"properties\": {\r\n        \"provisioningState\": \"Succeeded\"\r\n      }\r\n    },\r\n    {\r\n      \"id\": \"/subscriptions/854d368f-1828-428f-8f3c-f2affa9b2f7d/resourceGroups/skulkarnvmssrg\",\r\n      \"name\": \"skulkarnvmssrg\",\r\n      \"location\": \"westus2\",\r\n      \"properties\": {\r\n        \"provisioningState\": \"Succeeded\"\r\n      }\r\n    },\r\n    {\r\n      \"id\": \"/subscriptions/854d368f-1828-428f-8f3c-f2affa9b2f7d/resourceGroups/someResourceGroup\",\r\n      \"name\": \"someResourceGroup\",\r\n      \"location\": \"westus2\",\r\n      \"properties\": {\r\n        \"provisioningState\": \"Succeeded\"\r\n      }\r\n    },\r\n    {\r\n      \"id\": \"/subscriptions/854d368f-1828-428f-8f3c-f2affa9b2f7d/resourceGroups/sreeramg\",\r\n      \"name\": \"sreeramg\",\r\n      \"location\": \"centralus\",\r\n      \"properties\": {\r\n        \"provisioningState\": \"Succeeded\"\r\n      }\r\n    },\r\n    {\r\n      \"id\": \"/subscriptions/854d368f-1828-428f-8f3c-f2affa9b2f7d/resourceGroups/StreamAnalytics-Default-Central-US\",\r\n      \"name\": \"StreamAnalytics-Default-Central-US\",\r\n      \"location\": \"centralus\",\r\n      \"properties\": {\r\n        \"provisioningState\": \"Succeeded\"\r\n      }\r\n    },\r\n    {\r\n      \"id\": \"/subscriptions/854d368f-1828-428f-8f3c-f2affa9b2f7d/resourceGroups/StreamAnalytics-Default-East-US-2\",\r\n      \"name\": \"StreamAnalytics-Default-East-US-2\",\r\n      \"location\": \"eastus2\",\r\n      \"properties\": {\r\n        \"provisioningState\": \"Succeeded\"\r\n      }\r\n    },\r\n    {\r\n      \"id\": \"/subscriptions/854d368f-1828-428f-8f3c-f2affa9b2f7d/resourceGroups/tauTest\",\r\n      \"name\": \"tauTest\",\r\n      \"location\": \"westus\",\r\n      \"properties\": {\r\n        \"provisioningState\": \"Succeeded\"\r\n      }\r\n    },\r\n    {\r\n      \"id\": \"/subscriptions/854d368f-1828-428f-8f3c-f2affa9b2f7d/resourceGroups/Test\",\r\n      \"name\": \"Test\",\r\n      \"location\": \"westus\",\r\n      \"properties\": {\r\n        \"provisioningState\": \"Succeeded\"\r\n      }\r\n    },\r\n    {\r\n      \"id\": \"/subscriptions/854d368f-1828-428f-8f3c-f2affa9b2f7d/resourceGroups/test1\",\r\n      \"name\": \"test1\",\r\n      \"location\": \"westus\",\r\n      \"properties\": {\r\n        \"provisioningState\": \"Succeeded\"\r\n      }\r\n    },\r\n    {\r\n      \"id\": \"/subscriptions/854d368f-1828-428f-8f3c-f2affa9b2f7d/resourceGroups/test2-brian-liu\",\r\n      \"name\": \"test2-brian-liu\",\r\n      \"location\": \"southcentralus\",\r\n      \"properties\": {\r\n        \"provisioningState\": \"Succeeded\"\r\n      }\r\n    },\r\n    {\r\n      \"id\": \"/subscriptions/854d368f-1828-428f-8f3c-f2affa9b2f7d/resourceGroups/test-app-brian-liu\",\r\n      \"name\": \"test-app-brian-liu\",\r\n      \"location\": \"centralus\",\r\n      \"properties\": {\r\n        \"provisioningState\": \"Succeeded\"\r\n      }\r\n    },\r\n    {\r\n      \"id\": \"/subscriptions/854d368f-1828-428f-8f3c-f2affa9b2f7d/resourceGroups/test-queue-brian-liu\",\r\n      \"name\": \"test-queue-brian-liu\",\r\n      \"location\": \"westus\",\r\n      \"properties\": {\r\n        \"provisioningState\": \"Succeeded\"\r\n      }\r\n    },\r\n    {\r\n      \"id\": \"/subscriptions/854d368f-1828-428f-8f3c-f2affa9b2f7d/resourceGroups/test-resource-group\",\r\n      \"name\": \"test-resource-group\",\r\n      \"location\": \"westcentralus\",\r\n      \"properties\": {\r\n        \"provisioningState\": \"Succeeded\"\r\n      }\r\n    },\r\n    {\r\n      \"id\": \"/subscriptions/854d368f-1828-428f-8f3c-f2affa9b2f7d/resourceGroups/test-sb\",\r\n      \"name\": \"test-sb\",\r\n      \"location\": \"westus2\",\r\n      \"properties\": {\r\n        \"provisioningState\": \"Succeeded\"\r\n      }\r\n    },\r\n    {\r\n      \"id\": \"/subscriptions/854d368f-1828-428f-8f3c-f2affa9b2f7d/resourceGroups/test-service-bus-brian-liu\",\r\n      \"name\": \"test-service-bus-brian-liu\",\r\n      \"location\": \"westus\",\r\n      \"properties\": {\r\n        \"provisioningState\": \"Succeeded\"\r\n      }\r\n    },\r\n    {\r\n      \"id\": \"/subscriptions/854d368f-1828-428f-8f3c-f2affa9b2f7d/resourceGroups/test-svcbus\",\r\n      \"name\": \"test-svcbus\",\r\n      \"location\": \"westus2\",\r\n      \"properties\": {\r\n        \"provisioningState\": \"Succeeded\"\r\n      }\r\n    },\r\n    {\r\n      \"id\": \"/subscriptions/854d368f-1828-428f-8f3c-f2affa9b2f7d/resourceGroups/test-topic-brian-liu\",\r\n      \"name\": \"test-topic-brian-liu\",\r\n      \"location\": \"westus\",\r\n      \"properties\": {\r\n        \"provisioningState\": \"Succeeded\"\r\n      }\r\n    },\r\n    {\r\n      \"id\": \"/subscriptions/854d368f-1828-428f-8f3c-f2affa9b2f7d/resourceGroups/test_azure_mgmt_servicebus_namespace1_test_sb_curd124bc1492\",\r\n      \"name\": \"test_azure_mgmt_servicebus_namespace1_test_sb_curd124bc1492\",\r\n      \"location\": \"westus\",\r\n      \"properties\": {\r\n        \"provisioningState\": \"Succeeded\"\r\n      }\r\n    },\r\n    {\r\n      \"id\": \"/subscriptions/854d368f-1828-428f-8f3c-f2affa9b2f7d/resourceGroups/testarchivesv\",\r\n      \"name\": \"testarchivesv\",\r\n      \"location\": \"centralus\",\r\n      \"properties\": {\r\n        \"provisioningState\": \"Succeeded\"\r\n      }\r\n    },\r\n    {\r\n      \"id\": \"/subscriptions/854d368f-1828-428f-8f3c-f2affa9b2f7d/resourceGroups/TestCompatibility\",\r\n      \"name\": \"TestCompatibility\",\r\n      \"location\": \"westus\",\r\n      \"properties\": {\r\n        \"provisioningState\": \"Succeeded\"\r\n      }\r\n    },\r\n    {\r\n      \"id\": \"/subscriptions/854d368f-1828-428f-8f3c-f2affa9b2f7d/resourceGroups/testeh-delete\",\r\n      \"name\": \"testeh-delete\",\r\n      \"location\": \"westus\",\r\n      \"properties\": {\r\n        \"provisioningState\": \"Succeeded\"\r\n      }\r\n    },\r\n    {\r\n      \"id\": \"/subscriptions/854d368f-1828-428f-8f3c-f2affa9b2f7d/resourceGroups/TestingCLIAlternateName1\",\r\n      \"name\": \"TestingCLIAlternateName1\",\r\n      \"location\": \"southcentralus\",\r\n      \"properties\": {\r\n        \"provisioningState\": \"Succeeded\"\r\n      }\r\n    },\r\n    {\r\n      \"id\": \"/subscriptions/854d368f-1828-428f-8f3c-f2affa9b2f7d/resourceGroups/testNet\",\r\n      \"name\": \"testNet\",\r\n      \"location\": \"southeastasia\",\r\n      \"properties\": {\r\n        \"provisioningState\": \"Succeeded\"\r\n      }\r\n    },\r\n    {\r\n      \"id\": \"/subscriptions/854d368f-1828-428f-8f3c-f2affa9b2f7d/resourceGroups/testone\",\r\n      \"name\": \"testone\",\r\n      \"location\": \"eastus2\",\r\n      \"properties\": {\r\n        \"provisioningState\": \"Succeeded\"\r\n      }\r\n    },\r\n    {\r\n      \"id\": \"/subscriptions/854d368f-1828-428f-8f3c-f2affa9b2f7d/resourceGroups/TestResourceGroup\",\r\n      \"name\": \"TestResourceGroup\",\r\n      \"location\": \"centralus\",\r\n      \"properties\": {\r\n        \"provisioningState\": \"Succeeded\"\r\n      }\r\n    },\r\n    {\r\n      \"id\": \"/subscriptions/854d368f-1828-428f-8f3c-f2affa9b2f7d/resourceGroups/TestSbServer1\",\r\n      \"name\": \"TestSbServer1\",\r\n      \"location\": \"centralus\",\r\n      \"properties\": {\r\n        \"provisioningState\": \"Succeeded\"\r\n      }\r\n    },\r\n    {\r\n      \"id\": \"/subscriptions/854d368f-1828-428f-8f3c-f2affa9b2f7d/resourceGroups/testtest\",\r\n      \"name\": \"testtest\",\r\n      \"location\": \"westus\",\r\n      \"properties\": {\r\n        \"provisioningState\": \"Succeeded\"\r\n      }\r\n    },\r\n    {\r\n      \"id\": \"/subscriptions/854d368f-1828-428f-8f3c-f2affa9b2f7d/resourceGroups/testvinsucentralus\",\r\n      \"name\": \"testvinsucentralus\",\r\n      \"location\": \"centralus\",\r\n      \"properties\": {\r\n        \"provisioningState\": \"Succeeded\"\r\n      }\r\n    },\r\n    {\r\n      \"id\": \"/subscriptions/854d368f-1828-428f-8f3c-f2affa9b2f7d/resourceGroups/testvinsusouthcentral\",\r\n      \"name\": \"testvinsusouthcentral\",\r\n      \"location\": \"southcentralus\",\r\n      \"properties\": {\r\n        \"provisioningState\": \"Succeeded\"\r\n      }\r\n    },\r\n    {\r\n      \"id\": \"/subscriptions/854d368f-1828-428f-8f3c-f2affa9b2f7d/resourceGroups/TwitterGroup\",\r\n      \"name\": \"TwitterGroup\",\r\n      \"location\": \"westus\",\r\n      \"properties\": {\r\n        \"provisioningState\": \"Succeeded\"\r\n      }\r\n    },\r\n    {\r\n      \"id\": \"/subscriptions/854d368f-1828-428f-8f3c-f2affa9b2f7d/resourceGroups/tst\",\r\n      \"name\": \"tst\",\r\n      \"location\": \"eastus2\",\r\n      \"properties\": {\r\n        \"provisioningState\": \"Succeeded\"\r\n      }\r\n    },\r\n    {\r\n      \"id\": \"/subscriptions/854d368f-1828-428f-8f3c-f2affa9b2f7d/resourceGroups/v-ajnavtest\",\r\n      \"name\": \"v-ajnavtest\",\r\n      \"location\": \"westus\",\r\n      \"properties\": {\r\n        \"provisioningState\": \"Succeeded\"\r\n      }\r\n    },\r\n    {\r\n      \"id\": \"/subscriptions/854d368f-1828-428f-8f3c-f2affa9b2f7d/resourceGroups/vijayjavaclient\",\r\n      \"name\": \"vijayjavaclient\",\r\n      \"location\": \"centralus\",\r\n      \"properties\": {\r\n        \"provisioningState\": \"Succeeded\"\r\n      }\r\n    },\r\n    {\r\n      \"id\": \"/subscriptions/854d368f-1828-428f-8f3c-f2affa9b2f7d/resourceGroups/vijayjavaclienttests\",\r\n      \"name\": \"vijayjavaclienttests\",\r\n      \"location\": \"centralus\",\r\n      \"properties\": {\r\n        \"provisioningState\": \"Succeeded\"\r\n      }\r\n    },\r\n    {\r\n      \"id\": \"/subscriptions/854d368f-1828-428f-8f3c-f2affa9b2f7d/resourceGroups/vijaypremiumjavaclienttests\",\r\n      \"name\": \"vijaypremiumjavaclienttests\",\r\n      \"location\": \"australiaeast\",\r\n      \"properties\": {\r\n        \"provisioningState\": \"Succeeded\"\r\n      }\r\n    },\r\n    {\r\n      \"id\": \"/subscriptions/854d368f-1828-428f-8f3c-f2affa9b2f7d/resourceGroups/vinaytest\",\r\n      \"name\": \"vinaytest\",\r\n      \"location\": \"northeurope\",\r\n      \"properties\": {\r\n        \"provisioningState\": \"Succeeded\"\r\n      }\r\n    },\r\n    {\r\n      \"id\": \"/subscriptions/854d368f-1828-428f-8f3c-f2affa9b2f7d/resourceGroups/vinsu\",\r\n      \"name\": \"vinsu\",\r\n      \"location\": \"westus\",\r\n      \"properties\": {\r\n        \"provisioningState\": \"Succeeded\"\r\n      }\r\n    },\r\n    {\r\n      \"id\": \"/subscriptions/854d368f-1828-428f-8f3c-f2affa9b2f7d/resourceGroups/vinsu221\",\r\n      \"name\": \"vinsu221\",\r\n      \"location\": \"northeurope\",\r\n      \"properties\": {\r\n        \"provisioningState\": \"Succeeded\"\r\n      }\r\n    },\r\n    {\r\n      \"id\": \"/subscriptions/854d368f-1828-428f-8f3c-f2affa9b2f7d/resourceGroups/vinsuqueuereader\",\r\n      \"name\": \"vinsuqueuereader\",\r\n      \"location\": \"southcentralus\",\r\n      \"properties\": {\r\n        \"provisioningState\": \"Succeeded\"\r\n      }\r\n    },\r\n    {\r\n      \"id\": \"/subscriptions/854d368f-1828-428f-8f3c-f2affa9b2f7d/resourceGroups/VINSUSVR2\",\r\n      \"name\": \"VINSUSVR2\",\r\n      \"location\": \"eastus\",\r\n      \"properties\": {\r\n        \"provisioningState\": \"Succeeded\"\r\n      }\r\n    },\r\n    {\r\n      \"id\": \"/subscriptions/854d368f-1828-428f-8f3c-f2affa9b2f7d/resourceGroups/vinsutest\",\r\n      \"name\": \"vinsutest\",\r\n      \"location\": \"westus\",\r\n      \"properties\": {\r\n        \"provisioningState\": \"Succeeded\"\r\n      }\r\n    },\r\n    {\r\n      \"id\": \"/subscriptions/854d368f-1828-428f-8f3c-f2affa9b2f7d/resourceGroups/vinsutest15\",\r\n      \"name\": \"vinsutest15\",\r\n      \"location\": \"westus\",\r\n      \"properties\": {\r\n        \"provisioningState\": \"Succeeded\"\r\n      }\r\n    },\r\n    {\r\n      \"id\": \"/subscriptions/854d368f-1828-428f-8f3c-f2affa9b2f7d/resourceGroups/vinsutestgrp\",\r\n      \"name\": \"vinsutestgrp\",\r\n      \"location\": \"westus\",\r\n      \"properties\": {\r\n        \"provisioningState\": \"Succeeded\"\r\n      }\r\n    },\r\n    {\r\n      \"id\": \"/subscriptions/854d368f-1828-428f-8f3c-f2affa9b2f7d/resourceGroups/zrstestams\",\r\n      \"name\": \"zrstestams\",\r\n      \"location\": \"westeurope\",\r\n      \"properties\": {\r\n        \"provisioningState\": \"Succeeded\"\r\n      }\r\n    },\r\n    {\r\n      \"id\": \"/subscriptions/854d368f-1828-428f-8f3c-f2affa9b2f7d/resourceGroups/group\",\r\n      \"name\": \"group\",\r\n      \"location\": \"centralus\",\r\n      \"properties\": {\r\n        \"provisioningState\": \"Succeeded\"\r\n      }\r\n    }\r\n  ]\r\n}",
      "StatusCode": 200
    },
    {
      "RequestUri": "/subscriptions/854d368f-1828-428f-8f3c-f2affa9b2f7d/resourceGroups/Default-ServiceBus-AustraliaEast/providers/Microsoft.ServiceBus/namespaces/sdk-Namespace-5347?api-version=2017-04-01",
      "EncodedRequestUri": "L3N1YnNjcmlwdGlvbnMvODU0ZDM2OGYtMTgyOC00MjhmLThmM2MtZjJhZmZhOWIyZjdkL3Jlc291cmNlR3JvdXBzL0RlZmF1bHQtU2VydmljZUJ1cy1BdXN0cmFsaWFFYXN0L3Byb3ZpZGVycy9NaWNyb3NvZnQuU2VydmljZUJ1cy9uYW1lc3BhY2VzL3Nkay1OYW1lc3BhY2UtNTM0Nz9hcGktdmVyc2lvbj0yMDE3LTA0LTAx",
      "RequestMethod": "PUT",
      "RequestBody": "{\r\n  \"sku\": {\r\n    \"name\": \"Standard\",\r\n    \"tier\": \"Standard\"\r\n  },\r\n  \"location\": \"Australia East\"\r\n}",
      "RequestHeaders": {
        "x-ms-client-request-id": [
          "ff21814d-30c4-4379-8f51-2abc85900cd4"
        ],
        "accept-language": [
          "en-US"
        ],
        "User-Agent": [
          "FxVersion/4.6.26614.01",
          "Microsoft.Azure.Management.ServiceBus.ServiceBusManagementClient/2.0.0.0"
        ],
        "Content-Type": [
          "application/json; charset=utf-8"
        ],
        "Content-Length": [
          "103"
        ]
      },
      "ResponseHeaders": {
        "Cache-Control": [
          "no-cache"
        ],
        "Date": [
          "Thu, 27 Sep 2018 19:54:16 GMT"
        ],
        "Pragma": [
          "no-cache"
        ],
        "Server": [
          "Service-Bus-Resource-Provider/CH3",
          "Microsoft-HTTPAPI/2.0"
        ],
        "x-ms-request-id": [
          "cbe2c1dd-d764-4e08-90f9-c0391c0edc62_M3CH3_M3CH3"
        ],
        "Server-SB": [
          "Service-Bus-Resource-Provider/CH3"
        ],
        "x-ms-ratelimit-remaining-subscription-writes": [
          "1199"
        ],
        "x-ms-correlation-request-id": [
          "c7bd05fc-bc19-4dd3-99f8-3e65ad750bbb"
        ],
        "x-ms-routing-request-id": [
          "WESTUS2:20180927T195416Z:c7bd05fc-bc19-4dd3-99f8-3e65ad750bbb"
        ],
        "Strict-Transport-Security": [
          "max-age=31536000; includeSubDomains"
        ],
        "X-Content-Type-Options": [
          "nosniff"
        ],
        "Content-Length": [
          "610"
        ],
        "Content-Type": [
          "application/json; charset=utf-8"
        ],
        "Expires": [
          "-1"
        ]
      },
      "ResponseBody": "{\r\n  \"sku\": {\r\n    \"name\": \"Standard\",\r\n    \"tier\": \"Standard\"\r\n  },\r\n  \"id\": \"/subscriptions/854d368f-1828-428f-8f3c-f2affa9b2f7d/resourceGroups/Default-ServiceBus-AustraliaEast/providers/Microsoft.ServiceBus/namespaces/sdk-Namespace-5347\",\r\n  \"name\": \"sdk-Namespace-5347\",\r\n  \"type\": \"Microsoft.ServiceBus/Namespaces\",\r\n  \"location\": \"Australia East\",\r\n  \"tags\": {},\r\n  \"properties\": {\r\n    \"provisioningState\": \"Created\",\r\n    \"metricId\": \"854d368f-1828-428f-8f3c-f2affa9b2f7d:sdk-namespace-5347\",\r\n    \"createdAt\": \"2018-09-27T19:54:15.24Z\",\r\n    \"updatedAt\": \"2018-09-27T19:54:15.24Z\",\r\n    \"serviceBusEndpoint\": \"https://sdk-Namespace-5347.servicebus.windows.net:443/\",\r\n    \"status\": \"Activating\"\r\n  }\r\n}",
      "StatusCode": 200
    },
    {
      "RequestUri": "/subscriptions/854d368f-1828-428f-8f3c-f2affa9b2f7d/resourceGroups/Default-ServiceBus-AustraliaEast/providers/Microsoft.ServiceBus/namespaces/sdk-Namespace-5347?api-version=2017-04-01",
      "EncodedRequestUri": "L3N1YnNjcmlwdGlvbnMvODU0ZDM2OGYtMTgyOC00MjhmLThmM2MtZjJhZmZhOWIyZjdkL3Jlc291cmNlR3JvdXBzL0RlZmF1bHQtU2VydmljZUJ1cy1BdXN0cmFsaWFFYXN0L3Byb3ZpZGVycy9NaWNyb3NvZnQuU2VydmljZUJ1cy9uYW1lc3BhY2VzL3Nkay1OYW1lc3BhY2UtNTM0Nz9hcGktdmVyc2lvbj0yMDE3LTA0LTAx",
      "RequestMethod": "GET",
      "RequestBody": "",
      "RequestHeaders": {
        "User-Agent": [
          "FxVersion/4.6.26614.01",
          "Microsoft.Azure.Management.ServiceBus.ServiceBusManagementClient/2.0.0.0"
        ]
      },
      "ResponseHeaders": {
        "Cache-Control": [
          "no-cache"
        ],
        "Date": [
          "Thu, 27 Sep 2018 19:54:45 GMT"
        ],
        "Pragma": [
          "no-cache"
        ],
        "Server": [
          "Service-Bus-Resource-Provider/CH3",
          "Microsoft-HTTPAPI/2.0"
        ],
        "x-ms-request-id": [
          "ced9f664-968b-4893-9fea-0a5df5487ac7_M5CH3_M5CH3"
        ],
        "Server-SB": [
          "Service-Bus-Resource-Provider/CH3"
        ],
        "x-ms-ratelimit-remaining-subscription-reads": [
          "11999"
        ],
        "x-ms-correlation-request-id": [
          "5aab3667-7d4a-44d9-97aa-06dc1d1c985f"
        ],
        "x-ms-routing-request-id": [
          "WESTUS2:20180927T195446Z:5aab3667-7d4a-44d9-97aa-06dc1d1c985f"
        ],
        "Strict-Transport-Security": [
          "max-age=31536000; includeSubDomains"
        ],
        "X-Content-Type-Options": [
          "nosniff"
        ],
        "Content-Length": [
          "609"
        ],
        "Content-Type": [
          "application/json; charset=utf-8"
        ],
        "Expires": [
          "-1"
        ]
      },
      "ResponseBody": "{\r\n  \"sku\": {\r\n    \"name\": \"Standard\",\r\n    \"tier\": \"Standard\"\r\n  },\r\n  \"id\": \"/subscriptions/854d368f-1828-428f-8f3c-f2affa9b2f7d/resourceGroups/Default-ServiceBus-AustraliaEast/providers/Microsoft.ServiceBus/namespaces/sdk-Namespace-5347\",\r\n  \"name\": \"sdk-Namespace-5347\",\r\n  \"type\": \"Microsoft.ServiceBus/Namespaces\",\r\n  \"location\": \"Australia East\",\r\n  \"tags\": {},\r\n  \"properties\": {\r\n    \"provisioningState\": \"Succeeded\",\r\n    \"metricId\": \"854d368f-1828-428f-8f3c-f2affa9b2f7d:sdk-namespace-5347\",\r\n    \"createdAt\": \"2018-09-27T19:54:15.24Z\",\r\n    \"updatedAt\": \"2018-09-27T19:54:43.567Z\",\r\n    \"serviceBusEndpoint\": \"https://sdk-Namespace-5347.servicebus.windows.net:443/\",\r\n    \"status\": \"Active\"\r\n  }\r\n}",
      "StatusCode": 200
    },
    {
      "RequestUri": "/subscriptions/854d368f-1828-428f-8f3c-f2affa9b2f7d/resourceGroups/Default-ServiceBus-AustraliaEast/providers/Microsoft.ServiceBus/namespaces/sdk-Namespace-5347/topics/sdk-Topics-191?api-version=2017-04-01",
      "EncodedRequestUri": "L3N1YnNjcmlwdGlvbnMvODU0ZDM2OGYtMTgyOC00MjhmLThmM2MtZjJhZmZhOWIyZjdkL3Jlc291cmNlR3JvdXBzL0RlZmF1bHQtU2VydmljZUJ1cy1BdXN0cmFsaWFFYXN0L3Byb3ZpZGVycy9NaWNyb3NvZnQuU2VydmljZUJ1cy9uYW1lc3BhY2VzL3Nkay1OYW1lc3BhY2UtNTM0Ny90b3BpY3Mvc2RrLVRvcGljcy0xOTE/YXBpLXZlcnNpb249MjAxNy0wNC0wMQ==",
      "RequestMethod": "PUT",
      "RequestBody": "{\r\n  \"properties\": {\r\n    \"enablePartitioning\": true\r\n  }\r\n}",
      "RequestHeaders": {
        "x-ms-client-request-id": [
          "84d595a7-4cc8-4eae-a053-fa7b93a0fcb9"
        ],
        "accept-language": [
          "en-US"
        ],
        "User-Agent": [
          "FxVersion/4.6.26614.01",
          "Microsoft.Azure.Management.ServiceBus.ServiceBusManagementClient/2.0.0.0"
        ],
        "Content-Type": [
          "application/json; charset=utf-8"
        ],
        "Content-Length": [
          "60"
        ]
      },
      "ResponseHeaders": {
        "Cache-Control": [
          "no-cache"
        ],
        "Date": [
          "Thu, 27 Sep 2018 19:54:54 GMT"
        ],
        "Pragma": [
          "no-cache"
        ],
        "Server": [
          "Service-Bus-Resource-Provider/CH3",
          "Microsoft-HTTPAPI/2.0"
        ],
        "x-ms-request-id": [
          "8d2a7159-fc9f-4f87-aec4-e07057bc0792_M3CH3_M3CH3"
        ],
        "Server-SB": [
          "Service-Bus-Resource-Provider/CH3"
        ],
        "x-ms-ratelimit-remaining-subscription-writes": [
          "1198"
        ],
        "x-ms-correlation-request-id": [
          "b3ce8848-603f-44ac-a7e8-1986dec4c261"
        ],
        "x-ms-routing-request-id": [
          "WESTUS2:20180927T195455Z:b3ce8848-603f-44ac-a7e8-1986dec4c261"
        ],
        "Strict-Transport-Security": [
          "max-age=31536000; includeSubDomains"
        ],
        "X-Content-Type-Options": [
          "nosniff"
        ],
        "Content-Length": [
          "942"
        ],
        "Content-Type": [
          "application/json; charset=utf-8"
        ],
        "Expires": [
          "-1"
        ]
      },
      "ResponseBody": "{\r\n  \"id\": \"/subscriptions/854d368f-1828-428f-8f3c-f2affa9b2f7d/resourceGroups/Default-ServiceBus-AustraliaEast/providers/Microsoft.ServiceBus/namespaces/sdk-Namespace-5347/topics/sdk-Topics-191\",\r\n  \"name\": \"sdk-Topics-191\",\r\n  \"type\": \"Microsoft.ServiceBus/Namespaces/Topics\",\r\n  \"location\": \"Australia East\",\r\n  \"properties\": {\r\n    \"defaultMessageTimeToLive\": \"P10675199DT2H48M5.4775807S\",\r\n    \"maxSizeInMegabytes\": 81920,\r\n    \"requiresDuplicateDetection\": false,\r\n    \"duplicateDetectionHistoryTimeWindow\": \"PT10M\",\r\n    \"enableBatchedOperations\": true,\r\n    \"sizeInBytes\": 0,\r\n    \"status\": \"Active\",\r\n    \"supportOrdering\": false,\r\n    \"autoDeleteOnIdle\": \"P10675199DT2H48M5.4775807S\",\r\n    \"enablePartitioning\": true,\r\n    \"enableExpress\": false,\r\n    \"createdAt\": \"2018-09-27T19:54:54.277Z\",\r\n    \"updatedAt\": \"2018-09-27T19:54:54.48Z\",\r\n    \"accessedAt\": \"0001-01-01T00:00:00\",\r\n    \"subscriptionCount\": 0,\r\n    \"countDetails\": {\r\n      \"activeMessageCount\": 0,\r\n      \"deadLetterMessageCount\": 0,\r\n      \"scheduledMessageCount\": 0,\r\n      \"transferMessageCount\": 0,\r\n      \"transferDeadLetterMessageCount\": 0\r\n    }\r\n  }\r\n}",
      "StatusCode": 200
    },
    {
      "RequestUri": "/subscriptions/854d368f-1828-428f-8f3c-f2affa9b2f7d/resourceGroups/Default-ServiceBus-AustraliaEast/providers/Microsoft.ServiceBus/namespaces/sdk-Namespace-5347/topics/sdk-Topics-191?api-version=2017-04-01",
      "EncodedRequestUri": "L3N1YnNjcmlwdGlvbnMvODU0ZDM2OGYtMTgyOC00MjhmLThmM2MtZjJhZmZhOWIyZjdkL3Jlc291cmNlR3JvdXBzL0RlZmF1bHQtU2VydmljZUJ1cy1BdXN0cmFsaWFFYXN0L3Byb3ZpZGVycy9NaWNyb3NvZnQuU2VydmljZUJ1cy9uYW1lc3BhY2VzL3Nkay1OYW1lc3BhY2UtNTM0Ny90b3BpY3Mvc2RrLVRvcGljcy0xOTE/YXBpLXZlcnNpb249MjAxNy0wNC0wMQ==",
      "RequestMethod": "GET",
      "RequestBody": "",
      "RequestHeaders": {
        "x-ms-client-request-id": [
          "dc2e6171-7d59-4ef4-af72-b6a2d8738dbb"
        ],
        "accept-language": [
          "en-US"
        ],
        "User-Agent": [
          "FxVersion/4.6.26614.01",
          "Microsoft.Azure.Management.ServiceBus.ServiceBusManagementClient/2.0.0.0"
        ]
      },
      "ResponseHeaders": {
        "Cache-Control": [
          "no-cache"
        ],
        "Date": [
          "Thu, 27 Sep 2018 19:54:55 GMT"
        ],
        "Pragma": [
          "no-cache"
        ],
        "Server": [
          "Service-Bus-Resource-Provider/CH3",
          "Microsoft-HTTPAPI/2.0"
        ],
        "x-ms-request-id": [
          "7fc739ef-fb6e-4e0d-8d1b-1e0a8e4cef1b_M5CH3_M5CH3"
        ],
        "Server-SB": [
          "Service-Bus-Resource-Provider/CH3"
        ],
        "x-ms-ratelimit-remaining-subscription-reads": [
          "11998"
        ],
        "x-ms-correlation-request-id": [
          "012db36c-65e4-48a7-83e9-292cdfa57a37"
        ],
        "x-ms-routing-request-id": [
          "WESTUS2:20180927T195456Z:012db36c-65e4-48a7-83e9-292cdfa57a37"
        ],
        "Strict-Transport-Security": [
          "max-age=31536000; includeSubDomains"
        ],
        "X-Content-Type-Options": [
          "nosniff"
        ],
        "Content-Length": [
          "943"
        ],
        "Content-Type": [
          "application/json; charset=utf-8"
        ],
        "Expires": [
          "-1"
        ]
      },
      "ResponseBody": "{\r\n  \"id\": \"/subscriptions/854d368f-1828-428f-8f3c-f2affa9b2f7d/resourceGroups/Default-ServiceBus-AustraliaEast/providers/Microsoft.ServiceBus/namespaces/sdk-Namespace-5347/topics/sdk-Topics-191\",\r\n  \"name\": \"sdk-Topics-191\",\r\n  \"type\": \"Microsoft.ServiceBus/Namespaces/Topics\",\r\n  \"location\": \"Australia East\",\r\n  \"properties\": {\r\n    \"defaultMessageTimeToLive\": \"P10675199DT2H48M5.4775807S\",\r\n    \"maxSizeInMegabytes\": 81920,\r\n    \"requiresDuplicateDetection\": false,\r\n    \"duplicateDetectionHistoryTimeWindow\": \"PT10M\",\r\n    \"enableBatchedOperations\": true,\r\n    \"sizeInBytes\": 0,\r\n    \"status\": \"Active\",\r\n    \"supportOrdering\": false,\r\n    \"autoDeleteOnIdle\": \"P10675199DT2H48M5.4775807S\",\r\n    \"enablePartitioning\": true,\r\n    \"enableExpress\": false,\r\n    \"createdAt\": \"2018-09-27T19:54:54.277Z\",\r\n    \"updatedAt\": \"2018-09-27T19:54:54.48Z\",\r\n    \"accessedAt\": \"0001-01-01T00:00:00Z\",\r\n    \"subscriptionCount\": 0,\r\n    \"countDetails\": {\r\n      \"activeMessageCount\": 0,\r\n      \"deadLetterMessageCount\": 0,\r\n      \"scheduledMessageCount\": 0,\r\n      \"transferMessageCount\": 0,\r\n      \"transferDeadLetterMessageCount\": 0\r\n    }\r\n  }\r\n}",
      "StatusCode": 200
    },
    {
      "RequestUri": "/subscriptions/854d368f-1828-428f-8f3c-f2affa9b2f7d/resourceGroups/Default-ServiceBus-AustraliaEast/providers/Microsoft.ServiceBus/namespaces/sdk-Namespace-5347/topics/sdk-Topics-191/subscriptions/sdk-Subscriptions-3515?api-version=2017-04-01",
      "EncodedRequestUri": "L3N1YnNjcmlwdGlvbnMvODU0ZDM2OGYtMTgyOC00MjhmLThmM2MtZjJhZmZhOWIyZjdkL3Jlc291cmNlR3JvdXBzL0RlZmF1bHQtU2VydmljZUJ1cy1BdXN0cmFsaWFFYXN0L3Byb3ZpZGVycy9NaWNyb3NvZnQuU2VydmljZUJ1cy9uYW1lc3BhY2VzL3Nkay1OYW1lc3BhY2UtNTM0Ny90b3BpY3Mvc2RrLVRvcGljcy0xOTEvc3Vic2NyaXB0aW9ucy9zZGstU3Vic2NyaXB0aW9ucy0zNTE1P2FwaS12ZXJzaW9uPTIwMTctMDQtMDE=",
      "RequestMethod": "PUT",
      "RequestBody": "{\r\n  \"properties\": {\r\n    \"lockDuration\": \"PT3M\",\r\n    \"defaultMessageTimeToLive\": \"PT5M\",\r\n    \"deadLetteringOnFilterEvaluationExceptions\": true,\r\n    \"deadLetteringOnMessageExpiration\": true,\r\n    \"maxDeliveryCount\": 14,\r\n    \"status\": \"Active\",\r\n    \"enableBatchedOperations\": true,\r\n    \"autoDeleteOnIdle\": \"PT7M\"\r\n  }\r\n}",
      "RequestHeaders": {
        "x-ms-client-request-id": [
          "77aa7b42-2be3-4891-b1da-c55490c1bec6"
        ],
        "accept-language": [
          "en-US"
        ],
        "User-Agent": [
          "FxVersion/4.6.26614.01",
          "Microsoft.Azure.Management.ServiceBus.ServiceBusManagementClient/2.0.0.0"
        ],
        "Content-Type": [
          "application/json; charset=utf-8"
        ],
        "Content-Length": [
          "325"
        ]
      },
      "ResponseHeaders": {
        "Cache-Control": [
          "no-cache"
        ],
        "Date": [
          "Thu, 27 Sep 2018 19:54:58 GMT"
        ],
        "Pragma": [
          "no-cache"
        ],
        "Server": [
          "Service-Bus-Resource-Provider/CH3",
          "Microsoft-HTTPAPI/2.0"
        ],
        "x-ms-request-id": [
          "84d0ab05-a7a0-4a40-9316-20cea7de94d2_M5CH3_M5CH3"
        ],
        "Server-SB": [
          "Service-Bus-Resource-Provider/CH3"
        ],
        "x-ms-ratelimit-remaining-subscription-writes": [
          "1197"
        ],
        "x-ms-correlation-request-id": [
          "ef54b656-b943-4c97-929c-4a3250821b04"
        ],
        "x-ms-routing-request-id": [
          "WESTUS2:20180927T195459Z:ef54b656-b943-4c97-929c-4a3250821b04"
        ],
        "Strict-Transport-Security": [
          "max-age=31536000; includeSubDomains"
        ],
        "X-Content-Type-Options": [
          "nosniff"
        ],
        "Content-Length": [
          "922"
        ],
        "Content-Type": [
          "application/json; charset=utf-8"
        ],
        "Expires": [
          "-1"
        ]
      },
      "ResponseBody": "{\r\n  \"id\": \"/subscriptions/854d368f-1828-428f-8f3c-f2affa9b2f7d/resourceGroups/Default-ServiceBus-AustraliaEast/providers/Microsoft.ServiceBus/namespaces/sdk-Namespace-5347/topics/sdk-Topics-191/subscriptions/sdk-Subscriptions-3515\",\r\n  \"name\": \"sdk-Subscriptions-3515\",\r\n  \"type\": \"Microsoft.ServiceBus/Namespaces/Topics/Subscriptions\",\r\n  \"location\": \"Australia East\",\r\n  \"properties\": {\r\n    \"lockDuration\": \"PT3M\",\r\n    \"requiresSession\": false,\r\n    \"defaultMessageTimeToLive\": \"PT5M\",\r\n    \"deadLetteringOnMessageExpiration\": true,\r\n    \"deadLetteringOnFilterEvaluationExceptions\": true,\r\n    \"messageCount\": 0,\r\n    \"maxDeliveryCount\": 14,\r\n    \"status\": \"Active\",\r\n    \"enableBatchedOperations\": true,\r\n    \"createdAt\": \"2018-09-27T19:54:58.9156012Z\",\r\n    \"updatedAt\": \"2018-09-27T19:54:58.9156012Z\",\r\n    \"accessedAt\": \"0001-01-01T00:00:00\",\r\n    \"countDetails\": {\r\n      \"activeMessageCount\": 0,\r\n      \"deadLetterMessageCount\": 0,\r\n      \"scheduledMessageCount\": 0,\r\n      \"transferMessageCount\": 0,\r\n      \"transferDeadLetterMessageCount\": 0\r\n    },\r\n    \"autoDeleteOnIdle\": \"PT7M\"\r\n  }\r\n}",
      "StatusCode": 200
    },
    {
      "RequestUri": "/subscriptions/854d368f-1828-428f-8f3c-f2affa9b2f7d/resourceGroups/Default-ServiceBus-AustraliaEast/providers/Microsoft.ServiceBus/namespaces/sdk-Namespace-5347/topics/sdk-Topics-191/subscriptions/sdk-Subscriptions-3515?api-version=2017-04-01",
      "EncodedRequestUri": "L3N1YnNjcmlwdGlvbnMvODU0ZDM2OGYtMTgyOC00MjhmLThmM2MtZjJhZmZhOWIyZjdkL3Jlc291cmNlR3JvdXBzL0RlZmF1bHQtU2VydmljZUJ1cy1BdXN0cmFsaWFFYXN0L3Byb3ZpZGVycy9NaWNyb3NvZnQuU2VydmljZUJ1cy9uYW1lc3BhY2VzL3Nkay1OYW1lc3BhY2UtNTM0Ny90b3BpY3Mvc2RrLVRvcGljcy0xOTEvc3Vic2NyaXB0aW9ucy9zZGstU3Vic2NyaXB0aW9ucy0zNTE1P2FwaS12ZXJzaW9uPTIwMTctMDQtMDE=",
      "RequestMethod": "PUT",
      "RequestBody": "{\r\n  \"properties\": {\r\n    \"deadLetteringOnMessageExpiration\": true,\r\n    \"enableBatchedOperations\": true,\r\n    \"forwardTo\": \"sdk-Topics-8667\",\r\n    \"forwardDeadLetteredMessagesTo\": \"sdk-Topics-8667\"\r\n  }\r\n}",
      "RequestHeaders": {
        "x-ms-client-request-id": [
          "ff9ec0f6-bacb-4998-93d2-95421685b82d"
        ],
        "accept-language": [
          "en-US"
        ],
        "User-Agent": [
          "FxVersion/4.6.26614.01",
          "Microsoft.Azure.Management.ServiceBus.ServiceBusManagementClient/2.0.0.0"
        ],
        "Content-Type": [
          "application/json; charset=utf-8"
        ],
        "Content-Length": [
          "206"
        ]
      },
      "ResponseHeaders": {
        "Cache-Control": [
          "no-cache"
        ],
        "Date": [
          "Thu, 27 Sep 2018 19:55:06 GMT"
        ],
        "Pragma": [
          "no-cache"
        ],
        "Server": [
          "Service-Bus-Resource-Provider/CH3",
          "Microsoft-HTTPAPI/2.0"
        ],
        "x-ms-request-id": [
          "76c2cbca-2108-418b-b802-18b0ca40ba73_M1CH3_M1CH3"
        ],
        "Server-SB": [
          "Service-Bus-Resource-Provider/CH3"
        ],
        "x-ms-ratelimit-remaining-subscription-writes": [
          "1195"
        ],
        "x-ms-correlation-request-id": [
          "35adaf4c-7d20-479a-9735-0fc5de8717fb"
        ],
        "x-ms-routing-request-id": [
          "WESTUS2:20180927T195506Z:35adaf4c-7d20-479a-9735-0fc5de8717fb"
        ],
        "Strict-Transport-Security": [
          "max-age=31536000; includeSubDomains"
        ],
        "X-Content-Type-Options": [
          "nosniff"
        ],
        "Content-Length": [
          "1046"
        ],
        "Content-Type": [
          "application/json; charset=utf-8"
        ],
        "Expires": [
          "-1"
        ]
      },
      "ResponseBody": "{\r\n  \"id\": \"/subscriptions/854d368f-1828-428f-8f3c-f2affa9b2f7d/resourceGroups/Default-ServiceBus-AustraliaEast/providers/Microsoft.ServiceBus/namespaces/sdk-Namespace-5347/topics/sdk-Topics-191/subscriptions/sdk-Subscriptions-3515\",\r\n  \"name\": \"sdk-Subscriptions-3515\",\r\n  \"type\": \"Microsoft.ServiceBus/Namespaces/Topics/Subscriptions\",\r\n  \"location\": \"Australia East\",\r\n  \"properties\": {\r\n    \"lockDuration\": \"PT1M\",\r\n    \"requiresSession\": false,\r\n    \"defaultMessageTimeToLive\": \"P10675199DT2H48M5.4775807S\",\r\n    \"deadLetteringOnMessageExpiration\": true,\r\n    \"deadLetteringOnFilterEvaluationExceptions\": true,\r\n    \"messageCount\": 0,\r\n    \"maxDeliveryCount\": 10,\r\n    \"status\": \"Active\",\r\n    \"enableBatchedOperations\": true,\r\n    \"createdAt\": \"2018-09-27T19:55:05.8852523Z\",\r\n    \"updatedAt\": \"2018-09-27T19:55:05.8852523Z\",\r\n    \"accessedAt\": \"0001-01-01T00:00:00\",\r\n    \"countDetails\": {\r\n      \"activeMessageCount\": 0,\r\n      \"deadLetterMessageCount\": 0,\r\n      \"scheduledMessageCount\": 0,\r\n      \"transferMessageCount\": 0,\r\n      \"transferDeadLetterMessageCount\": 0\r\n    },\r\n    \"autoDeleteOnIdle\": \"P10675199DT2H48M5.4775807S\",\r\n    \"forwardTo\": \"sdk-Topics-8667\",\r\n    \"forwardDeadLetteredMessagesTo\": \"sdk-Topics-8667\"\r\n  }\r\n}",
      "StatusCode": 200
    },
    {
      "RequestUri": "/subscriptions/854d368f-1828-428f-8f3c-f2affa9b2f7d/resourceGroups/Default-ServiceBus-AustraliaEast/providers/Microsoft.ServiceBus/namespaces/sdk-Namespace-5347/topics/sdk-Topics-191/subscriptions/sdk-Subscriptions-3515?api-version=2017-04-01",
      "EncodedRequestUri": "L3N1YnNjcmlwdGlvbnMvODU0ZDM2OGYtMTgyOC00MjhmLThmM2MtZjJhZmZhOWIyZjdkL3Jlc291cmNlR3JvdXBzL0RlZmF1bHQtU2VydmljZUJ1cy1BdXN0cmFsaWFFYXN0L3Byb3ZpZGVycy9NaWNyb3NvZnQuU2VydmljZUJ1cy9uYW1lc3BhY2VzL3Nkay1OYW1lc3BhY2UtNTM0Ny90b3BpY3Mvc2RrLVRvcGljcy0xOTEvc3Vic2NyaXB0aW9ucy9zZGstU3Vic2NyaXB0aW9ucy0zNTE1P2FwaS12ZXJzaW9uPTIwMTctMDQtMDE=",
      "RequestMethod": "GET",
      "RequestBody": "",
      "RequestHeaders": {
        "x-ms-client-request-id": [
          "1307f210-dcd8-4206-9543-88e9a7cb86b0"
        ],
        "accept-language": [
          "en-US"
        ],
        "User-Agent": [
          "FxVersion/4.6.26614.01",
          "Microsoft.Azure.Management.ServiceBus.ServiceBusManagementClient/2.0.0.0"
        ]
      },
      "ResponseHeaders": {
        "Cache-Control": [
          "no-cache"
        ],
        "Date": [
          "Thu, 27 Sep 2018 19:55:00 GMT"
        ],
        "Pragma": [
          "no-cache"
        ],
        "Server": [
          "Service-Bus-Resource-Provider/CH3",
          "Microsoft-HTTPAPI/2.0"
        ],
        "x-ms-request-id": [
          "806c6d89-b0b3-435f-86b9-1597223699de_M5CH3_M5CH3"
        ],
        "Server-SB": [
          "Service-Bus-Resource-Provider/CH3"
        ],
        "x-ms-ratelimit-remaining-subscription-reads": [
          "11997"
        ],
        "x-ms-correlation-request-id": [
          "c205b53a-1278-412b-afb8-725e05e8621b"
        ],
        "x-ms-routing-request-id": [
          "WESTUS2:20180927T195500Z:c205b53a-1278-412b-afb8-725e05e8621b"
        ],
        "Strict-Transport-Security": [
          "max-age=31536000; includeSubDomains"
        ],
        "X-Content-Type-Options": [
          "nosniff"
        ],
        "Content-Length": [
          "927"
        ],
        "Content-Type": [
          "application/json; charset=utf-8"
        ],
        "Expires": [
          "-1"
        ]
      },
      "ResponseBody": "{\r\n  \"id\": \"/subscriptions/854d368f-1828-428f-8f3c-f2affa9b2f7d/resourceGroups/Default-ServiceBus-AustraliaEast/providers/Microsoft.ServiceBus/namespaces/sdk-Namespace-5347/topics/sdk-Topics-191/subscriptions/sdk-Subscriptions-3515\",\r\n  \"name\": \"sdk-Subscriptions-3515\",\r\n  \"type\": \"Microsoft.ServiceBus/Namespaces/Topics/Subscriptions\",\r\n  \"location\": \"Australia East\",\r\n  \"properties\": {\r\n    \"lockDuration\": \"PT3M\",\r\n    \"requiresSession\": false,\r\n    \"defaultMessageTimeToLive\": \"PT5M\",\r\n    \"deadLetteringOnMessageExpiration\": true,\r\n    \"deadLetteringOnFilterEvaluationExceptions\": true,\r\n    \"messageCount\": 0,\r\n    \"maxDeliveryCount\": 14,\r\n    \"status\": \"Active\",\r\n    \"enableBatchedOperations\": true,\r\n    \"createdAt\": \"2018-09-27T19:54:58.9253285Z\",\r\n    \"updatedAt\": \"2018-09-27T19:54:58.9526989Z\",\r\n    \"accessedAt\": \"2018-09-27T19:54:58.953Z\",\r\n    \"countDetails\": {\r\n      \"activeMessageCount\": 0,\r\n      \"deadLetterMessageCount\": 0,\r\n      \"scheduledMessageCount\": 0,\r\n      \"transferMessageCount\": 0,\r\n      \"transferDeadLetterMessageCount\": 0\r\n    },\r\n    \"autoDeleteOnIdle\": \"PT7M\"\r\n  }\r\n}",
      "StatusCode": 200
    },
    {
      "RequestUri": "/subscriptions/854d368f-1828-428f-8f3c-f2affa9b2f7d/resourceGroups/Default-ServiceBus-AustraliaEast/providers/Microsoft.ServiceBus/namespaces/sdk-Namespace-5347/topics/sdk-Topics-191/subscriptions/sdk-Subscriptions-3515?api-version=2017-04-01",
      "EncodedRequestUri": "L3N1YnNjcmlwdGlvbnMvODU0ZDM2OGYtMTgyOC00MjhmLThmM2MtZjJhZmZhOWIyZjdkL3Jlc291cmNlR3JvdXBzL0RlZmF1bHQtU2VydmljZUJ1cy1BdXN0cmFsaWFFYXN0L3Byb3ZpZGVycy9NaWNyb3NvZnQuU2VydmljZUJ1cy9uYW1lc3BhY2VzL3Nkay1OYW1lc3BhY2UtNTM0Ny90b3BpY3Mvc2RrLVRvcGljcy0xOTEvc3Vic2NyaXB0aW9ucy9zZGstU3Vic2NyaXB0aW9ucy0zNTE1P2FwaS12ZXJzaW9uPTIwMTctMDQtMDE=",
      "RequestMethod": "GET",
      "RequestBody": "",
      "RequestHeaders": {
        "x-ms-client-request-id": [
          "d854b114-25ce-4d23-a320-cae1b67b5a36"
        ],
        "accept-language": [
          "en-US"
        ],
        "User-Agent": [
          "FxVersion/4.6.26614.01",
          "Microsoft.Azure.Management.ServiceBus.ServiceBusManagementClient/2.0.0.0"
        ]
      },
      "ResponseHeaders": {
        "Cache-Control": [
          "no-cache"
        ],
        "Date": [
          "Thu, 27 Sep 2018 19:55:06 GMT"
        ],
        "Pragma": [
          "no-cache"
        ],
        "Server": [
          "Service-Bus-Resource-Provider/CH3",
          "Microsoft-HTTPAPI/2.0"
        ],
        "x-ms-request-id": [
          "41975f07-1edc-4ba3-8a13-95bcc013554b_M1CH3_M1CH3"
        ],
        "Server-SB": [
          "Service-Bus-Resource-Provider/CH3"
        ],
        "x-ms-ratelimit-remaining-subscription-reads": [
          "11995"
        ],
        "x-ms-correlation-request-id": [
          "49a5be58-6e90-4ddf-aa2d-550e2e77fb23"
        ],
        "x-ms-routing-request-id": [
          "WESTUS2:20180927T195506Z:49a5be58-6e90-4ddf-aa2d-550e2e77fb23"
        ],
        "Strict-Transport-Security": [
          "max-age=31536000; includeSubDomains"
        ],
        "X-Content-Type-Options": [
          "nosniff"
        ],
        "Content-Length": [
          "1051"
        ],
        "Content-Type": [
          "application/json; charset=utf-8"
        ],
        "Expires": [
          "-1"
        ]
      },
      "ResponseBody": "{\r\n  \"id\": \"/subscriptions/854d368f-1828-428f-8f3c-f2affa9b2f7d/resourceGroups/Default-ServiceBus-AustraliaEast/providers/Microsoft.ServiceBus/namespaces/sdk-Namespace-5347/topics/sdk-Topics-191/subscriptions/sdk-Subscriptions-3515\",\r\n  \"name\": \"sdk-Subscriptions-3515\",\r\n  \"type\": \"Microsoft.ServiceBus/Namespaces/Topics/Subscriptions\",\r\n  \"location\": \"Australia East\",\r\n  \"properties\": {\r\n    \"lockDuration\": \"PT1M\",\r\n    \"requiresSession\": false,\r\n    \"defaultMessageTimeToLive\": \"P10675199DT2H48M5.4775807S\",\r\n    \"deadLetteringOnMessageExpiration\": true,\r\n    \"deadLetteringOnFilterEvaluationExceptions\": true,\r\n    \"messageCount\": 0,\r\n    \"maxDeliveryCount\": 10,\r\n    \"status\": \"Active\",\r\n    \"enableBatchedOperations\": true,\r\n    \"createdAt\": \"2018-09-27T19:54:58.9253285Z\",\r\n    \"updatedAt\": \"2018-09-27T19:55:05.9869701Z\",\r\n    \"accessedAt\": \"2018-09-27T19:54:58.953Z\",\r\n    \"countDetails\": {\r\n      \"activeMessageCount\": 0,\r\n      \"deadLetterMessageCount\": 0,\r\n      \"scheduledMessageCount\": 0,\r\n      \"transferMessageCount\": 0,\r\n      \"transferDeadLetterMessageCount\": 0\r\n    },\r\n    \"autoDeleteOnIdle\": \"P10675199DT2H48M5.4775807S\",\r\n    \"forwardTo\": \"sdk-Topics-8667\",\r\n    \"forwardDeadLetteredMessagesTo\": \"sdk-Topics-8667\"\r\n  }\r\n}",
      "StatusCode": 200
    },
    {
      "RequestUri": "/subscriptions/854d368f-1828-428f-8f3c-f2affa9b2f7d/resourceGroups/Default-ServiceBus-AustraliaEast/providers/Microsoft.ServiceBus/namespaces/sdk-Namespace-5347/topics/sdk-Topics-191/subscriptions?api-version=2017-04-01",
      "EncodedRequestUri": "L3N1YnNjcmlwdGlvbnMvODU0ZDM2OGYtMTgyOC00MjhmLThmM2MtZjJhZmZhOWIyZjdkL3Jlc291cmNlR3JvdXBzL0RlZmF1bHQtU2VydmljZUJ1cy1BdXN0cmFsaWFFYXN0L3Byb3ZpZGVycy9NaWNyb3NvZnQuU2VydmljZUJ1cy9uYW1lc3BhY2VzL3Nkay1OYW1lc3BhY2UtNTM0Ny90b3BpY3Mvc2RrLVRvcGljcy0xOTEvc3Vic2NyaXB0aW9ucz9hcGktdmVyc2lvbj0yMDE3LTA0LTAx",
      "RequestMethod": "GET",
      "RequestBody": "",
      "RequestHeaders": {
        "x-ms-client-request-id": [
          "fe59b444-02f8-4e4c-a5fb-1c13a1343f1c"
        ],
        "accept-language": [
          "en-US"
        ],
        "User-Agent": [
          "FxVersion/4.6.26614.01",
          "Microsoft.Azure.Management.ServiceBus.ServiceBusManagementClient/2.0.0.0"
        ]
      },
      "ResponseHeaders": {
        "Cache-Control": [
          "no-cache"
        ],
        "Date": [
          "Thu, 27 Sep 2018 19:55:01 GMT"
        ],
        "Pragma": [
          "no-cache"
        ],
        "Server": [
          "Service-Bus-Resource-Provider/CH3",
          "Microsoft-HTTPAPI/2.0"
        ],
        "x-ms-inline-count": [
          ""
        ],
        "x-ms-request-id": [
          "89234f19-4d6f-4c91-9cac-46071d89ff56_M2CH3_M2CH3"
        ],
        "Server-SB": [
          "Service-Bus-Resource-Provider/CH3"
        ],
        "x-ms-ratelimit-remaining-subscription-reads": [
          "11996"
        ],
        "x-ms-correlation-request-id": [
          "d64b0119-7f75-463d-a487-81a9b34166e1"
        ],
        "x-ms-routing-request-id": [
          "WESTUS2:20180927T195501Z:d64b0119-7f75-463d-a487-81a9b34166e1"
        ],
        "Strict-Transport-Security": [
          "max-age=31536000; includeSubDomains"
        ],
        "X-Content-Type-Options": [
          "nosniff"
        ],
        "Content-Length": [
          "939"
        ],
        "Content-Type": [
          "application/json; charset=utf-8"
        ],
        "Expires": [
          "-1"
        ]
      },
      "ResponseBody": "{\r\n  \"value\": [\r\n    {\r\n      \"id\": \"/subscriptions/854d368f-1828-428f-8f3c-f2affa9b2f7d/resourceGroups/Default-ServiceBus-AustraliaEast/providers/Microsoft.ServiceBus/namespaces/sdk-Namespace-5347/topics/sdk-Topics-191/subscriptions/sdk-Subscriptions-3515\",\r\n      \"name\": \"sdk-Subscriptions-3515\",\r\n      \"type\": \"Microsoft.ServiceBus/Namespaces/Topics/Subscriptions\",\r\n      \"location\": \"Australia East\",\r\n      \"properties\": {\r\n        \"lockDuration\": \"PT3M\",\r\n        \"requiresSession\": false,\r\n        \"defaultMessageTimeToLive\": \"PT5M\",\r\n        \"deadLetteringOnMessageExpiration\": true,\r\n        \"deadLetteringOnFilterEvaluationExceptions\": true,\r\n        \"messageCount\": 0,\r\n        \"maxDeliveryCount\": 14,\r\n        \"status\": \"Active\",\r\n        \"enableBatchedOperations\": true,\r\n        \"createdAt\": \"2018-09-27T19:54:58.9253285Z\",\r\n        \"updatedAt\": \"2018-09-27T19:54:58.9526989Z\",\r\n        \"accessedAt\": \"2018-09-27T19:54:58.953Z\",\r\n        \"countDetails\": {\r\n          \"activeMessageCount\": 0,\r\n          \"deadLetterMessageCount\": 0,\r\n          \"scheduledMessageCount\": 0,\r\n          \"transferMessageCount\": 0,\r\n          \"transferDeadLetterMessageCount\": 0\r\n        },\r\n        \"autoDeleteOnIdle\": \"PT7M\"\r\n      }\r\n    }\r\n  ]\r\n}",
      "StatusCode": 200
    },
    {
      "RequestUri": "/subscriptions/854d368f-1828-428f-8f3c-f2affa9b2f7d/resourceGroups/Default-ServiceBus-AustraliaEast/providers/Microsoft.ServiceBus/namespaces/sdk-Namespace-5347/topics/sdk-Topics-8667?api-version=2017-04-01",
      "EncodedRequestUri": "L3N1YnNjcmlwdGlvbnMvODU0ZDM2OGYtMTgyOC00MjhmLThmM2MtZjJhZmZhOWIyZjdkL3Jlc291cmNlR3JvdXBzL0RlZmF1bHQtU2VydmljZUJ1cy1BdXN0cmFsaWFFYXN0L3Byb3ZpZGVycy9NaWNyb3NvZnQuU2VydmljZUJ1cy9uYW1lc3BhY2VzL3Nkay1OYW1lc3BhY2UtNTM0Ny90b3BpY3Mvc2RrLVRvcGljcy04NjY3P2FwaS12ZXJzaW9uPTIwMTctMDQtMDE=",
      "RequestMethod": "PUT",
      "RequestBody": "{\r\n  \"properties\": {\r\n    \"enablePartitioning\": true\r\n  }\r\n}",
      "RequestHeaders": {
        "x-ms-client-request-id": [
          "791fd1e1-a436-4725-9185-6cad96f57225"
        ],
        "accept-language": [
          "en-US"
        ],
        "User-Agent": [
          "FxVersion/4.6.26614.01",
          "Microsoft.Azure.Management.ServiceBus.ServiceBusManagementClient/2.0.0.0"
        ],
        "Content-Type": [
          "application/json; charset=utf-8"
        ],
        "Content-Length": [
          "60"
        ]
      },
      "ResponseHeaders": {
        "Cache-Control": [
          "no-cache"
        ],
        "Date": [
          "Thu, 27 Sep 2018 19:55:04 GMT"
        ],
        "Pragma": [
          "no-cache"
        ],
        "Server": [
          "Service-Bus-Resource-Provider/CH3",
          "Microsoft-HTTPAPI/2.0"
        ],
        "x-ms-request-id": [
          "1523286f-50be-466b-ad31-266f7b21ca7d_M1CH3_M1CH3"
        ],
        "Server-SB": [
          "Service-Bus-Resource-Provider/CH3"
        ],
        "x-ms-ratelimit-remaining-subscription-writes": [
          "1196"
        ],
        "x-ms-correlation-request-id": [
          "35bee1af-75a0-4d08-b472-ff53b108f66a"
        ],
        "x-ms-routing-request-id": [
          "WESTUS2:20180927T195504Z:35bee1af-75a0-4d08-b472-ff53b108f66a"
        ],
        "Strict-Transport-Security": [
          "max-age=31536000; includeSubDomains"
        ],
        "X-Content-Type-Options": [
          "nosniff"
        ],
        "Content-Length": [
          "945"
        ],
        "Content-Type": [
          "application/json; charset=utf-8"
        ],
        "Expires": [
          "-1"
        ]
      },
      "ResponseBody": "{\r\n  \"id\": \"/subscriptions/854d368f-1828-428f-8f3c-f2affa9b2f7d/resourceGroups/Default-ServiceBus-AustraliaEast/providers/Microsoft.ServiceBus/namespaces/sdk-Namespace-5347/topics/sdk-Topics-8667\",\r\n  \"name\": \"sdk-Topics-8667\",\r\n  \"type\": \"Microsoft.ServiceBus/Namespaces/Topics\",\r\n  \"location\": \"Australia East\",\r\n  \"properties\": {\r\n    \"defaultMessageTimeToLive\": \"P10675199DT2H48M5.4775807S\",\r\n    \"maxSizeInMegabytes\": 81920,\r\n    \"requiresDuplicateDetection\": false,\r\n    \"duplicateDetectionHistoryTimeWindow\": \"PT10M\",\r\n    \"enableBatchedOperations\": true,\r\n    \"sizeInBytes\": 0,\r\n    \"status\": \"Active\",\r\n    \"supportOrdering\": false,\r\n    \"autoDeleteOnIdle\": \"P10675199DT2H48M5.4775807S\",\r\n    \"enablePartitioning\": true,\r\n    \"enableExpress\": false,\r\n    \"createdAt\": \"2018-09-27T19:55:03.607Z\",\r\n    \"updatedAt\": \"2018-09-27T19:55:03.967Z\",\r\n    \"accessedAt\": \"0001-01-01T00:00:00\",\r\n    \"subscriptionCount\": 0,\r\n    \"countDetails\": {\r\n      \"activeMessageCount\": 0,\r\n      \"deadLetterMessageCount\": 0,\r\n      \"scheduledMessageCount\": 0,\r\n      \"transferMessageCount\": 0,\r\n      \"transferDeadLetterMessageCount\": 0\r\n    }\r\n  }\r\n}",
      "StatusCode": 200
    },
    {
      "RequestUri": "/subscriptions/854d368f-1828-428f-8f3c-f2affa9b2f7d/resourceGroups/Default-ServiceBus-AustraliaEast/providers/Microsoft.ServiceBus/namespaces/sdk-Namespace-5347/topics/sdk-Topics-191/subscriptions/sdk-Subscriptions-3515?api-version=2017-04-01",
      "EncodedRequestUri": "L3N1YnNjcmlwdGlvbnMvODU0ZDM2OGYtMTgyOC00MjhmLThmM2MtZjJhZmZhOWIyZjdkL3Jlc291cmNlR3JvdXBzL0RlZmF1bHQtU2VydmljZUJ1cy1BdXN0cmFsaWFFYXN0L3Byb3ZpZGVycy9NaWNyb3NvZnQuU2VydmljZUJ1cy9uYW1lc3BhY2VzL3Nkay1OYW1lc3BhY2UtNTM0Ny90b3BpY3Mvc2RrLVRvcGljcy0xOTEvc3Vic2NyaXB0aW9ucy9zZGstU3Vic2NyaXB0aW9ucy0zNTE1P2FwaS12ZXJzaW9uPTIwMTctMDQtMDE=",
      "RequestMethod": "DELETE",
      "RequestBody": "",
      "RequestHeaders": {
        "x-ms-client-request-id": [
          "5eb973d9-6f38-4022-8c7d-acc4f81354f3"
        ],
        "accept-language": [
          "en-US"
        ],
        "User-Agent": [
          "FxVersion/4.6.26614.01",
          "Microsoft.Azure.Management.ServiceBus.ServiceBusManagementClient/2.0.0.0"
        ]
      },
      "ResponseHeaders": {
        "Cache-Control": [
          "no-cache"
        ],
        "Date": [
          "Thu, 27 Sep 2018 19:55:07 GMT"
        ],
        "Pragma": [
          "no-cache"
        ],
        "Server": [
          "Service-Bus-Resource-Provider/CH3",
          "Microsoft-HTTPAPI/2.0"
        ],
        "x-ms-request-id": [
          "86e0d9f4-4561-4475-b9e6-ae651cf14192_M1CH3_M1CH3"
        ],
        "Server-SB": [
          "Service-Bus-Resource-Provider/CH3"
        ],
        "x-ms-ratelimit-remaining-subscription-deletes": [
          "14999"
        ],
        "x-ms-correlation-request-id": [
          "c12f83d0-79b4-4278-a21e-1417454f57e1"
        ],
        "x-ms-routing-request-id": [
          "WESTUS2:20180927T195507Z:c12f83d0-79b4-4278-a21e-1417454f57e1"
        ],
        "Strict-Transport-Security": [
          "max-age=31536000; includeSubDomains"
        ],
        "X-Content-Type-Options": [
          "nosniff"
        ],
        "Content-Length": [
          "0"
        ],
        "Expires": [
          "-1"
        ]
      },
      "ResponseBody": "",
      "StatusCode": 200
    },
    {
      "RequestUri": "/subscriptions/854d368f-1828-428f-8f3c-f2affa9b2f7d/resourceGroups/Default-ServiceBus-AustraliaEast/providers/Microsoft.ServiceBus/namespaces/sdk-Namespace-5347/topics/sdk-Topics-191?api-version=2017-04-01",
      "EncodedRequestUri": "L3N1YnNjcmlwdGlvbnMvODU0ZDM2OGYtMTgyOC00MjhmLThmM2MtZjJhZmZhOWIyZjdkL3Jlc291cmNlR3JvdXBzL0RlZmF1bHQtU2VydmljZUJ1cy1BdXN0cmFsaWFFYXN0L3Byb3ZpZGVycy9NaWNyb3NvZnQuU2VydmljZUJ1cy9uYW1lc3BhY2VzL3Nkay1OYW1lc3BhY2UtNTM0Ny90b3BpY3Mvc2RrLVRvcGljcy0xOTE/YXBpLXZlcnNpb249MjAxNy0wNC0wMQ==",
      "RequestMethod": "DELETE",
      "RequestBody": "",
      "RequestHeaders": {
        "x-ms-client-request-id": [
          "104d6074-ea90-435c-b40f-72d33d4dee81"
        ],
        "accept-language": [
          "en-US"
        ],
        "User-Agent": [
          "FxVersion/4.6.26614.01",
          "Microsoft.Azure.Management.ServiceBus.ServiceBusManagementClient/2.0.0.0"
        ]
      },
      "ResponseHeaders": {
        "Cache-Control": [
          "no-cache"
        ],
        "Date": [
          "Thu, 27 Sep 2018 19:55:08 GMT"
        ],
        "Pragma": [
          "no-cache"
        ],
        "Server": [
          "Service-Bus-Resource-Provider/CH3",
          "Microsoft-HTTPAPI/2.0"
        ],
        "x-ms-request-id": [
          "3072a04a-5740-4d9f-b752-f02ad0730851_M2CH3_M2CH3"
        ],
        "Server-SB": [
          "Service-Bus-Resource-Provider/CH3"
        ],
        "x-ms-ratelimit-remaining-subscription-deletes": [
          "14998"
        ],
        "x-ms-correlation-request-id": [
          "d92c6664-18bf-4875-82b7-278ccb6b2ac3"
        ],
        "x-ms-routing-request-id": [
          "WESTUS2:20180927T195509Z:d92c6664-18bf-4875-82b7-278ccb6b2ac3"
        ],
        "Strict-Transport-Security": [
          "max-age=31536000; includeSubDomains"
        ],
        "X-Content-Type-Options": [
          "nosniff"
        ],
        "Content-Length": [
          "0"
        ],
        "Expires": [
          "-1"
        ]
      },
      "ResponseBody": "",
      "StatusCode": 200
    }
  ],
  "Names": {
    "SubscriptionsCreateGetUpdateDelete": [
      "sdk-Namespace-5347",
      "sdk-Topics-191",
      "sdk-Subscriptions-3515",
      "sdk-Topics-8667"
    ]
  },
  "Variables": {
    "SubscriptionId": "854d368f-1828-428f-8f3c-f2affa9b2f7d"
  }
}