{
  "Entries": [
    {
      "RequestUri": "https://management.azure.com/subscriptions/db1ab6f0-4769-4b27-930e-01e2ef9c123c?api-version=2021-01-01",
      "RequestMethod": "GET",
      "RequestHeaders": {
        "Accept": "application/json",
        "Authorization": "Sanitized",
        "traceparent": "00-d6a7603a0b4e5062a55ae3a0964e1e64-03def09d6c5087d0-00",
        "User-Agent": "azsdk-net-ResourceManager/1.4.0-alpha.20230107.1 (.NET 6.0.12; Microsoft Windows 10.0.22621)",
        "x-ms-client-request-id": "a4c9811d45f1b39cd0f28bd8d4c6a37d",
        "x-ms-return-client-request-id": "true"
      },
      "RequestBody": null,
      "StatusCode": 200,
      "ResponseHeaders": {
        "Cache-Control": "no-cache",
        "Content-Length": "748",
        "Content-Type": "application/json; charset=utf-8",
        "Date": "Tue, 10 Jan 2023 06:59:10 GMT",
        "Expires": "-1",
        "Pragma": "no-cache",
        "Strict-Transport-Security": "max-age=31536000; includeSubDomains",
        "X-Content-Type-Options": "nosniff",
        "x-ms-correlation-request-id": "81208e5b-45e3-454c-a2f5-c740cab04850",
        "x-ms-ratelimit-remaining-subscription-reads": "11980",
        "x-ms-request-id": "81208e5b-45e3-454c-a2f5-c740cab04850",
        "x-ms-routing-request-id": "SOUTHEASTASIA:20230110T065910Z:81208e5b-45e3-454c-a2f5-c740cab04850"
      },
      "ResponseBody": {
        "id": "/subscriptions/db1ab6f0-4769-4b27-930e-01e2ef9c123c",
        "authorizationSource": "RoleBased",
        "managedByTenants": [],
        "tags": {
          "TagKey-9823": "TagValue-1254",
          "TagKey-3481": "TagValue-320",
          "TagKey-4926": "TagValue-1187",
          "TagKey-751": "TagValue-3921",
          "TagKey-1866": "TagValue-8559",
          "TagKey-3094": "TagValue-9190",
          "TagKey-2449": "TagValue-9",
          "TagKey-8379": "TagValue-164",
          "TagKey-7470": "TagValue-2205",
          "TagKey-4236": "TagValue-3698",
          "TagKey-5316": "TagValue-2725"
        },
        "subscriptionId": "db1ab6f0-4769-4b27-930e-01e2ef9c123c",
        "tenantId": "72f988bf-86f1-41af-91ab-2d7cd011db47",
        "displayName": ".NET Mgmt SDK Test with TTL = 1 Day",
        "state": "Enabled",
        "subscriptionPolicies": {
          "locationPlacementId": "Internal_2014-09-01",
          "quotaId": "Internal_2014-09-01",
          "spendingLimit": "Off"
        }
      }
    },
    {
      "RequestUri": "https://management.azure.com/subscriptions/db1ab6f0-4769-4b27-930e-01e2ef9c123c/providers/Microsoft.Resources/deployments/deployEx-C-7712?api-version=2022-09-01",
      "RequestMethod": "PUT",
      "RequestHeaders": {
        "Accept": "application/json",
        "Authorization": "Sanitized",
        "Content-Length": "279",
        "Content-Type": "application/json",
        "traceparent": "00-b5c27a5a7d737403f824fc708295ac79-a50b1ade3d20ad32-00",
        "User-Agent": "azsdk-net-ResourceManager.Resources/1.4.0-alpha.20230110.1 (.NET 6.0.12; Microsoft Windows 10.0.22621)",
        "x-ms-client-request-id": "3c4e0a8a7282664fd90d13a49b5d2dfd",
        "x-ms-return-client-request-id": "true"
      },
      "RequestBody": {
        "location": "japaneast",
        "properties": {
          "templateLink": {
            "uri": "https://raw.githubusercontent.com/Azure/azure-docs-json-samples/master/azure-resource-manager/emptyrg.json"
          },
          "parameters": {
            "rgName": {
              "value": "testDeployAtSub"
            },
            "rgLocation": {
              "value": "centralus"
            }
          },
          "mode": "Incremental"
        }
      },
      "StatusCode": 201,
      "ResponseHeaders": {
        "Azure-AsyncOperation": "https://management.azure.com/subscriptions/db1ab6f0-4769-4b27-930e-01e2ef9c123c/providers/Microsoft.Resources/deployments/deployEx-C-7712/operationStatuses/08585282729341402869?api-version=2022-09-01",
        "Cache-Control": "no-cache",
        "Content-Length": "896",
        "Content-Type": "application/json; charset=utf-8",
        "Date": "Tue, 10 Jan 2023 06:59:15 GMT",
        "Expires": "-1",
        "Pragma": "no-cache",
        "Strict-Transport-Security": "max-age=31536000; includeSubDomains",
        "X-Content-Type-Options": "nosniff",
        "x-ms-correlation-request-id": "55af6608-cb87-47ee-a0df-fdeff5a9897c",
        "x-ms-ratelimit-remaining-subscription-writes": "1197",
        "x-ms-request-id": "55af6608-cb87-47ee-a0df-fdeff5a9897c",
        "x-ms-routing-request-id": "SOUTHEASTASIA:20230110T065915Z:55af6608-cb87-47ee-a0df-fdeff5a9897c"
      },
      "ResponseBody": {
        "id": "/subscriptions/db1ab6f0-4769-4b27-930e-01e2ef9c123c/providers/Microsoft.Resources/deployments/deployEx-C-7712",
        "name": "deployEx-C-7712",
        "type": "Microsoft.Resources/deployments",
        "location": "japaneast",
        "properties": {
          "templateLink": {
            "uri": "https://raw.githubusercontent.com/Azure/azure-docs-json-samples/master/azure-resource-manager/emptyrg.json",
            "contentVersion": "1.0.0.1"
          },
          "templateHash": "15390789232182789648",
          "parameters": {
            "rgName": {
              "type": "String",
              "value": "testDeployAtSub"
            },
            "rgLocation": {
              "type": "String",
              "value": "centralus"
            },
            "tags": {
              "type": "Object",
              "value": {}
            }
          },
          "mode": "Incremental",
          "provisioningState": "Accepted",
          "timestamp": "2023-01-10T06:59:14.8915618Z",
          "duration": "PT0.0005034S",
          "correlationId": "55af6608-cb87-47ee-a0df-fdeff5a9897c",
          "providers": [
            {
              "namespace": "Microsoft.Resources",
              "resourceTypes": [
                {
                  "resourceType": "resourceGroups",
                  "locations": [
                    "centralus"
                  ]
                }
              ]
            }
          ],
          "dependencies": []
        }
      }
    },
    {
      "RequestUri": "https://management.azure.com/subscriptions/db1ab6f0-4769-4b27-930e-01e2ef9c123c/providers/Microsoft.Resources/deployments/deployEx-C-7712/operationStatuses/08585282729341402869?api-version=2022-09-01",
      "RequestMethod": "GET",
      "RequestHeaders": {
        "Authorization": "Sanitized",
        "traceparent": "00-b5c27a5a7d737403f824fc708295ac79-af4b1f83caca8a6d-00",
        "User-Agent": "azsdk-net-ResourceManager/1.4.0-alpha.20230107.1 (.NET 6.0.12; Microsoft Windows 10.0.22621)",
        "x-ms-client-request-id": "61d13ff318b00f9a7a3e1737890e3495",
        "x-ms-return-client-request-id": "true"
      },
      "RequestBody": null,
      "StatusCode": 200,
      "ResponseHeaders": {
        "Cache-Control": "no-cache",
        "Content-Length": "21",
        "Content-Type": "application/json; charset=utf-8",
        "Date": "Tue, 10 Jan 2023 06:59:15 GMT",
        "Expires": "-1",
        "Pragma": "no-cache",
        "Strict-Transport-Security": "max-age=31536000; includeSubDomains",
        "X-Content-Type-Options": "nosniff",
        "x-ms-correlation-request-id": "1e5e69db-ab54-4887-8fd9-5efbddc03a8a",
        "x-ms-ratelimit-remaining-subscription-reads": "11979",
        "x-ms-request-id": "1e5e69db-ab54-4887-8fd9-5efbddc03a8a",
        "x-ms-routing-request-id": "SOUTHEASTASIA:20230110T065915Z:1e5e69db-ab54-4887-8fd9-5efbddc03a8a"
      },
      "ResponseBody": {
        "status": "Accepted"
      }
    },
    {
      "RequestUri": "https://management.azure.com/subscriptions/db1ab6f0-4769-4b27-930e-01e2ef9c123c/providers/Microsoft.Resources/deployments/deployEx-C-7712/operationStatuses/08585282729341402869?api-version=2022-09-01",
      "RequestMethod": "GET",
      "RequestHeaders": {
        "Authorization": "Sanitized",
        "traceparent": "00-b5c27a5a7d737403f824fc708295ac79-c92e607a79363899-00",
        "User-Agent": "azsdk-net-ResourceManager/1.4.0-alpha.20230107.1 (.NET 6.0.12; Microsoft Windows 10.0.22621)",
        "x-ms-client-request-id": "5e4adb5df1571faa85ad7eee0ac4b602",
        "x-ms-return-client-request-id": "true"
      },
      "RequestBody": null,
      "StatusCode": 200,
      "ResponseHeaders": {
        "Cache-Control": "no-cache",
        "Content-Length": "20",
        "Content-Type": "application/json; charset=utf-8",
        "Date": "Tue, 10 Jan 2023 06:59:16 GMT",
        "Expires": "-1",
        "Pragma": "no-cache",
        "Strict-Transport-Security": "max-age=31536000; includeSubDomains",
        "X-Content-Type-Options": "nosniff",
        "x-ms-correlation-request-id": "bd04026b-081a-49b3-8fb4-9c81d98cc26e",
        "x-ms-ratelimit-remaining-subscription-reads": "11978",
        "x-ms-request-id": "bd04026b-081a-49b3-8fb4-9c81d98cc26e",
        "x-ms-routing-request-id": "SOUTHEASTASIA:20230110T065916Z:bd04026b-081a-49b3-8fb4-9c81d98cc26e"
      },
      "ResponseBody": {
        "status": "Running"
      }
    },
    {
      "RequestUri": "https://management.azure.com/subscriptions/db1ab6f0-4769-4b27-930e-01e2ef9c123c/providers/Microsoft.Resources/deployments/deployEx-C-7712/operationStatuses/08585282729341402869?api-version=2022-09-01",
      "RequestMethod": "GET",
      "RequestHeaders": {
        "Authorization": "Sanitized",
        "traceparent": "00-b5c27a5a7d737403f824fc708295ac79-713e91a856523b53-00",
        "User-Agent": "azsdk-net-ResourceManager/1.4.0-alpha.20230107.1 (.NET 6.0.12; Microsoft Windows 10.0.22621)",
        "x-ms-client-request-id": "5cb1db83cc8c714cce3c11aa534c17ae",
        "x-ms-return-client-request-id": "true"
      },
      "RequestBody": null,
      "StatusCode": 200,
      "ResponseHeaders": {
        "Cache-Control": "no-cache",
        "Connection": "close",
        "Content-Length": "20",
        "Content-Type": "application/json; charset=utf-8",
        "Date": "Tue, 10 Jan 2023 06:59:17 GMT",
        "Expires": "-1",
        "Pragma": "no-cache",
        "Strict-Transport-Security": "max-age=31536000; includeSubDomains",
        "X-Content-Type-Options": "nosniff",
        "x-ms-correlation-request-id": "9d1eb012-8480-4ee7-ba87-7688d2f9c8fd",
        "x-ms-ratelimit-remaining-subscription-reads": "11977",
        "x-ms-request-id": "9d1eb012-8480-4ee7-ba87-7688d2f9c8fd",
        "x-ms-routing-request-id": "SOUTHEASTASIA:20230110T065918Z:9d1eb012-8480-4ee7-ba87-7688d2f9c8fd"
      },
      "ResponseBody": {
        "status": "Running"
      }
    },
    {
      "RequestUri": "https://management.azure.com/subscriptions/db1ab6f0-4769-4b27-930e-01e2ef9c123c/providers/Microsoft.Resources/deployments/deployEx-C-7712/operationStatuses/08585282729341402869?api-version=2022-09-01",
      "RequestMethod": "GET",
      "RequestHeaders": {
        "Authorization": "Sanitized",
        "traceparent": "00-b5c27a5a7d737403f824fc708295ac79-6991a0e0431c6bc7-00",
        "User-Agent": "azsdk-net-ResourceManager/1.4.0-alpha.20230107.1 (.NET 6.0.12; Microsoft Windows 10.0.22621)",
        "x-ms-client-request-id": "d42dd15e2c8b01e094b2db0399ab04b6",
        "x-ms-return-client-request-id": "true"
      },
      "RequestBody": null,
      "StatusCode": 200,
      "ResponseHeaders": {
        "Cache-Control": "no-cache",
        "Content-Length": "20",
        "Content-Type": "application/json; charset=utf-8",
        "Date": "Tue, 10 Jan 2023 06:59:19 GMT",
        "Expires": "-1",
        "Pragma": "no-cache",
        "Strict-Transport-Security": "max-age=31536000; includeSubDomains",
        "X-Content-Type-Options": "nosniff",
        "x-ms-correlation-request-id": "f977bb9a-cc34-41a1-bfe2-4c1fefc1095c",
        "x-ms-ratelimit-remaining-subscription-reads": "11999",
        "x-ms-request-id": "f977bb9a-cc34-41a1-bfe2-4c1fefc1095c",
        "x-ms-routing-request-id": "SOUTHEASTASIA:20230110T065919Z:f977bb9a-cc34-41a1-bfe2-4c1fefc1095c"
      },
      "ResponseBody": {
        "status": "Running"
      }
    },
    {
      "RequestUri": "https://management.azure.com/subscriptions/db1ab6f0-4769-4b27-930e-01e2ef9c123c/providers/Microsoft.Resources/deployments/deployEx-C-7712/operationStatuses/08585282729341402869?api-version=2022-09-01",
      "RequestMethod": "GET",
      "RequestHeaders": {
        "Authorization": "Sanitized",
        "traceparent": "00-b5c27a5a7d737403f824fc708295ac79-4335fb0fcf727e83-00",
        "User-Agent": "azsdk-net-ResourceManager/1.4.0-alpha.20230107.1 (.NET 6.0.12; Microsoft Windows 10.0.22621)",
        "x-ms-client-request-id": "adb41588d75d90098fd88f1adf00cb38",
        "x-ms-return-client-request-id": "true"
      },
      "RequestBody": null,
      "StatusCode": 200,
      "ResponseHeaders": {
        "Cache-Control": "no-cache",
        "Content-Length": "22",
        "Content-Type": "application/json; charset=utf-8",
        "Date": "Tue, 10 Jan 2023 06:59:21 GMT",
        "Expires": "-1",
        "Pragma": "no-cache",
        "Strict-Transport-Security": "max-age=31536000; includeSubDomains",
        "X-Content-Type-Options": "nosniff",
        "x-ms-correlation-request-id": "09b03b43-1c02-4ac7-9afd-693c2ca163d9",
        "x-ms-ratelimit-remaining-subscription-reads": "11998",
        "x-ms-request-id": "09b03b43-1c02-4ac7-9afd-693c2ca163d9",
        "x-ms-routing-request-id": "SOUTHEASTASIA:20230110T065921Z:09b03b43-1c02-4ac7-9afd-693c2ca163d9"
      },
      "ResponseBody": {
        "status": "Succeeded"
      }
    },
    {
      "RequestUri": "https://management.azure.com/subscriptions/db1ab6f0-4769-4b27-930e-01e2ef9c123c/providers/Microsoft.Resources/deployments/deployEx-C-7712?api-version=2022-09-01",
      "RequestMethod": "GET",
      "RequestHeaders": {
        "Authorization": "Sanitized",
        "traceparent": "00-b5c27a5a7d737403f824fc708295ac79-0838e4cadd084b20-00",
        "User-Agent": "azsdk-net-ResourceManager/1.4.0-alpha.20230107.1 (.NET 6.0.12; Microsoft Windows 10.0.22621)",
        "x-ms-client-request-id": "3890d095e1975676fbafc8d9f149d722",
        "x-ms-return-client-request-id": "true"
      },
      "RequestBody": null,
      "StatusCode": 200,
      "ResponseHeaders": {
        "Cache-Control": "no-cache",
        "Content-Length": "1022",
        "Content-Type": "application/json; charset=utf-8",
        "Date": "Tue, 10 Jan 2023 06:59:21 GMT",
        "Expires": "-1",
        "Pragma": "no-cache",
        "Strict-Transport-Security": "max-age=31536000; includeSubDomains",
        "X-Content-Type-Options": "nosniff",
        "x-ms-correlation-request-id": "15a8fe01-58e3-49bc-a0a2-fdb273510b84",
        "x-ms-ratelimit-remaining-subscription-reads": "11997",
        "x-ms-request-id": "15a8fe01-58e3-49bc-a0a2-fdb273510b84",
        "x-ms-routing-request-id": "SOUTHEASTASIA:20230110T065922Z:15a8fe01-58e3-49bc-a0a2-fdb273510b84"
      },
      "ResponseBody": {
        "id": "/subscriptions/db1ab6f0-4769-4b27-930e-01e2ef9c123c/providers/Microsoft.Resources/deployments/deployEx-C-7712",
        "name": "deployEx-C-7712",
        "type": "Microsoft.Resources/deployments",
        "location": "japaneast",
        "properties": {
          "templateLink": {
            "uri": "https://raw.githubusercontent.com/Azure/azure-docs-json-samples/master/azure-resource-manager/emptyrg.json",
            "contentVersion": "1.0.0.1"
          },
          "templateHash": "15390789232182789648",
          "parameters": {
            "rgName": {
              "type": "String",
              "value": "testDeployAtSub"
            },
            "rgLocation": {
              "type": "String",
              "value": "centralus"
            },
            "tags": {
              "type": "Object",
              "value": {}
            }
          },
          "mode": "Incremental",
          "provisioningState": "Succeeded",
          "timestamp": "2023-01-10T06:59:19.6181139Z",
          "duration": "PT4.7270555S",
          "correlationId": "55af6608-cb87-47ee-a0df-fdeff5a9897c",
          "providers": [
            {
              "namespace": "Microsoft.Resources",
              "resourceTypes": [
                {
                  "resourceType": "resourceGroups",
                  "locations": [
                    "centralus"
                  ]
                }
              ]
            }
          ],
          "dependencies": [],
          "outputs": {},
          "outputResources": [
            {
              "id": "/subscriptions/db1ab6f0-4769-4b27-930e-01e2ef9c123c/resourceGroups/testDeployAtSub"
            }
          ]
        }
      }
    }
  ],
  "Variables": {
    "AZURE_AUTHORITY_HOST": "https://login.microsoftonline.com",
    "RandomSeed": "1031623309",
    "RESOURCE_MANAGER_URL": "https://management.azure.com/",
    "SUBSCRIPTION_ID": "db1ab6f0-4769-4b27-930e-01e2ef9c123c"
  }
}
