{
  "Entries": [
    {
      "RequestUri": "/0cd40ba3-75d4-4d82-95fe-b4c3ff4fd7e4/services/networking/dedicatedcircuits/serviceproviders?api-version=1.0",
      "EncodedRequestUri": "LzBjZDQwYmEzLTc1ZDQtNGQ4Mi05NWZlLWI0YzNmZjRmZDdlNC9zZXJ2aWNlcy9uZXR3b3JraW5nL2RlZGljYXRlZGNpcmN1aXRzL3NlcnZpY2Vwcm92aWRlcnM/YXBpLXZlcnNpb249MS4w",
      "RequestMethod": "GET",
      "RequestBody": "",
      "RequestHeaders": {
        "x-ms-version": [
          "2011-10-01"
        ],
        "User-Agent": [
          "Microsoft.WindowsAzure.Management.ExpressRoute.ExpressRouteManagementClient/1.0.0.0"
        ]
      },
      "ResponseBody": "<DedicatedCircuitServiceProviders xmlns=\"http://schemas.microsoft.com/windowsazure\" xmlns:i=\"http://www.w3.org/2001/XMLSchema-instance\">\r\n  <DedicatedCircuitServiceProvider>\r\n    <DedicatedCircuitBandwidths>\r\n      <DedicatedCircuitBandwidth>\r\n        <Bandwidth>1</Bandwidth>\r\n        <Label>1Mbps</Label>\r\n      </DedicatedCircuitBandwidth>\r\n      <DedicatedCircuitBandwidth>\r\n        <Bandwidth>50</Bandwidth>\r\n        <Label>50Mbps</Label>\r\n      </DedicatedCircuitBandwidth>\r\n      <DedicatedCircuitBandwidth>\r\n        <Bandwidth>100</Bandwidth>\r\n        <Label>100Mbps</Label>\r\n      </DedicatedCircuitBandwidth>\r\n      <DedicatedCircuitBandwidth>\r\n        <Bandwidth>500</Bandwidth>\r\n        <Label>500Mbps</Label>\r\n      </DedicatedCircuitBandwidth>\r\n      <DedicatedCircuitBandwidth>\r\n        <Bandwidth>1000</Bandwidth>\r\n        <Label>1Gbps</Label>\r\n      </DedicatedCircuitBandwidth>\r\n      <DedicatedCircuitBandwidth>\r\n        <Bandwidth>10000</Bandwidth>\r\n        <Label>10Gbps</Label>\r\n      </DedicatedCircuitBandwidth>\r\n    </DedicatedCircuitBandwidths>\r\n    <DedicatedCircuitLocations>Boydton 1 DC,Des Moines 2 DC,USWest</DedicatedCircuitLocations>\r\n    <Encapsulation>None</Encapsulation>\r\n    <Name>BVTAzureIXP01</Name>\r\n    <Type>IXP</Type>\r\n  </DedicatedCircuitServiceProvider>\r\n  <DedicatedCircuitServiceProvider>\r\n    <DedicatedCircuitBandwidths>\r\n      <DedicatedCircuitBandwidth>\r\n        <Bandwidth>1</Bandwidth>\r\n        <Label>1Mbps</Label>\r\n      </DedicatedCircuitBandwidth>\r\n      <DedicatedCircuitBandwidth>\r\n        <Bandwidth>50</Bandwidth>\r\n        <Label>50Mbps</Label>\r\n      </DedicatedCircuitBandwidth>\r\n      <DedicatedCircuitBandwidth>\r\n        <Bandwidth>100</Bandwidth>\r\n        <Label>100Mbps</Label>\r\n      </DedicatedCircuitBandwidth>\r\n      <DedicatedCircuitBandwidth>\r\n        <Bandwidth>500</Bandwidth>\r\n        <Label>500Mbps</Label>\r\n      </DedicatedCircuitBandwidth>\r\n      <DedicatedCircuitBandwidth>\r\n        <Bandwidth>1000</Bandwidth>\r\n        <Label>1Gbps</Label>\r\n      </DedicatedCircuitBandwidth>\r\n    </DedicatedCircuitBandwidths>\r\n    <DedicatedCircuitLocations>Boydton 1 DC,Des Moines 2 DC,USWest</DedicatedCircuitLocations>\r\n    <Encapsulation>None</Encapsulation>\r\n    <Name>BVTAzureTelco01</Name>\r\n    <Type>Telco</Type>\r\n  </DedicatedCircuitServiceProvider>\r\n  <DedicatedCircuitServiceProvider>\r\n    <DedicatedCircuitBandwidths>\r\n      <DedicatedCircuitBandwidth>\r\n        <Bandwidth>1</Bandwidth>\r\n        <Label>1Mbps</Label>\r\n      </DedicatedCircuitBandwidth>\r\n      <DedicatedCircuitBandwidth>\r\n        <Bandwidth>50</Bandwidth>\r\n        <Label>50Mbps</Label>\r\n      </DedicatedCircuitBandwidth>\r\n      <DedicatedCircuitBandwidth>\r\n        <Bandwidth>100</Bandwidth>\r\n        <Label>100Mbps</Label>\r\n      </DedicatedCircuitBandwidth>\r\n      <DedicatedCircuitBandwidth>\r\n        <Bandwidth>500</Bandwidth>\r\n        <Label>500Mbps</Label>\r\n      </DedicatedCircuitBandwidth>\r\n      <DedicatedCircuitBandwidth>\r\n        <Bandwidth>1000</Bandwidth>\r\n        <Label>1Gbps</Label>\r\n      </DedicatedCircuitBandwidth>\r\n      <DedicatedCircuitBandwidth>\r\n        <Bandwidth>10000</Bandwidth>\r\n        <Label>10Gbps</Label>\r\n      </DedicatedCircuitBandwidth>\r\n    </DedicatedCircuitBandwidths>\r\n    <DedicatedCircuitLocations>Boydton 1 DC,Des Moines 2 DC,USWest</DedicatedCircuitLocations>\r\n    <Encapsulation>None</Encapsulation>\r\n    <Name>BVTCustomerIXP01</Name>\r\n    <Type>IXP</Type>\r\n  </DedicatedCircuitServiceProvider>\r\n  <DedicatedCircuitServiceProvider>\r\n    <DedicatedCircuitBandwidths>\r\n      <DedicatedCircuitBandwidth>\r\n        <Bandwidth>1</Bandwidth>\r\n        <Label>1Mbps</Label>\r\n      </DedicatedCircuitBandwidth>\r\n      <DedicatedCircuitBandwidth>\r\n        <Bandwidth>50</Bandwidth>\r\n        <Label>50Mbps</Label>\r\n      </DedicatedCircuitBandwidth>\r\n      <DedicatedCircuitBandwidth>\r\n        <Bandwidth>100</Bandwidth>\r\n        <Label>100Mbps</Label>\r\n      </DedicatedCircuitBandwidth>\r\n      <DedicatedCircuitBandwidth>\r\n        <Bandwidth>500</Bandwidth>\r\n        <Label>500Mbps</Label>\r\n      </DedicatedCircuitBandwidth>\r\n      <DedicatedCircuitBandwidth>\r\n        <Bandwidth>1000</Bandwidth>\r\n        <Label>1Gbps</Label>\r\n      </DedicatedCircuitBandwidth>\r\n    </DedicatedCircuitBandwidths>\r\n    <DedicatedCircuitLocations>Boydton 1 DC,Des Moines 2 DC,USWest</DedicatedCircuitLocations>\r\n    <Encapsulation>None</Encapsulation>\r\n    <Name>BVTCustomerTelco01</Name>\r\n    <Type>Telco</Type>\r\n  </DedicatedCircuitServiceProvider>\r\n  <DedicatedCircuitServiceProvider>\r\n    <DedicatedCircuitBandwidths>\r\n      <DedicatedCircuitBandwidth>\r\n        <Bandwidth>1</Bandwidth>\r\n        <Label>BVTTestServiceProvider1-label-1</Label>\r\n      </DedicatedCircuitBandwidth>\r\n      <DedicatedCircuitBandwidth>\r\n        <Bandwidth>10</Bandwidth>\r\n        <Label>BVTTestServiceProvider1-label-10</Label>\r\n      </DedicatedCircuitBandwidth>\r\n    </DedicatedCircuitBandwidths>\r\n    <DedicatedCircuitLocations>Location1,Location2</DedicatedCircuitLocations>\r\n    <Encapsulation>None</Encapsulation>\r\n    <Name>BVTTestServiceProvider1</Name>\r\n    <Type>Telco</Type>\r\n  </DedicatedCircuitServiceProvider>\r\n  <DedicatedCircuitServiceProvider>\r\n    <DedicatedCircuitBandwidths>\r\n      <DedicatedCircuitBandwidth>\r\n        <Bandwidth>1</Bandwidth>\r\n        <Label>BVTTestServiceProvider2-label-1</Label>\r\n      </DedicatedCircuitBandwidth>\r\n      <DedicatedCircuitBandwidth>\r\n        <Bandwidth>10</Bandwidth>\r\n        <Label>BVTTestServiceProvider2-label-10</Label>\r\n      </DedicatedCircuitBandwidth>\r\n    </DedicatedCircuitBandwidths>\r\n    <DedicatedCircuitLocations>Location1,Location2</DedicatedCircuitLocations>\r\n    <Encapsulation>None</Encapsulation>\r\n    <Name>BVTTestServiceProvider2</Name>\r\n    <Type>IXP</Type>\r\n  </DedicatedCircuitServiceProvider>\r\n  <DedicatedCircuitServiceProvider>\r\n    <DedicatedCircuitBandwidths>\r\n      <DedicatedCircuitBandwidth>\r\n        <Bandwidth>128</Bandwidth>\r\n        <Label>256</Label>\r\n      </DedicatedCircuitBandwidth>\r\n    </DedicatedCircuitBandwidths>\r\n    <DedicatedCircuitLocations>Azure,USWest,Boydton 1 DC</DedicatedCircuitLocations>\r\n    <Encapsulation>None</Encapsulation>\r\n    <Name>GNS</Name>\r\n    <Type>IXP</Type>\r\n  </DedicatedCircuitServiceProvider>\r\n  <DedicatedCircuitServiceProvider>\r\n    <DedicatedCircuitBandwidths>\r\n      <DedicatedCircuitBandwidth>\r\n        <Bandwidth>1</Bandwidth>\r\n        <Label>1Mbps</Label>\r\n      </DedicatedCircuitBandwidth>\r\n      <DedicatedCircuitBandwidth>\r\n        <Bandwidth>10</Bandwidth>\r\n        <Label>10Mbps</Label>\r\n      </DedicatedCircuitBandwidth>\r\n      <DedicatedCircuitBandwidth>\r\n        <Bandwidth>200</Bandwidth>\r\n        <Label>200Mbps</Label>\r\n      </DedicatedCircuitBandwidth>\r\n      <DedicatedCircuitBandwidth>\r\n        <Bandwidth>500</Bandwidth>\r\n        <Label>500Mbps</Label>\r\n      </DedicatedCircuitBandwidth>\r\n      <DedicatedCircuitBandwidth>\r\n        <Bandwidth>1024</Bandwidth>\r\n        <Label>1024Mbps</Label>\r\n      </DedicatedCircuitBandwidth>\r\n    </DedicatedCircuitBandwidths>\r\n    <DedicatedCircuitLocations>Boydton 1 DC,USWest,Azure</DedicatedCircuitLocations>\r\n    <Encapsulation>None</Encapsulation>\r\n    <Name>IXP-01</Name>\r\n    <Type>IXP</Type>\r\n  </DedicatedCircuitServiceProvider>\r\n</DedicatedCircuitServiceProviders>",
      "ResponseHeaders": {
        "Content-Length": [
          "5820"
        ],
        "Content-Type": [
          "application/xml; charset=utf-8"
        ],
        "x-ms-request-id": [
          "6ea31a075ba80279a576603767e388b0"
        ],
        "Cache-Control": [
          "no-cache"
        ],
        "Date": [
          "Tue, 24 Feb 2015 20:54:54 GMT"
        ],
        "Server": [
          "1.0.6190.5159",
          "(rd_rdfe_n.150123-1103)",
          "Microsoft-HTTPAPI/2.0"
        ]
      },
      "StatusCode": 200
    },
    {
      "RequestUri": "/0cd40ba3-75d4-4d82-95fe-b4c3ff4fd7e4/services/networking/dedicatedcircuits?api-version=1.0",
      "EncodedRequestUri": "LzBjZDQwYmEzLTc1ZDQtNGQ4Mi05NWZlLWI0YzNmZjRmZDdlNC9zZXJ2aWNlcy9uZXR3b3JraW5nL2RlZGljYXRlZGNpcmN1aXRzP2FwaS12ZXJzaW9uPTEuMA==",
      "RequestMethod": "POST",
      "RequestBody": "<CreateDedicatedCircuit xmlns=\"http://schemas.microsoft.com/windowsazure\">\r\n  <Bandwidth>1</Bandwidth>\r\n  <CircuitName>circuit9643</CircuitName>\r\n  <Location>Location1</Location>\r\n  <ServiceProviderName>BVTTestServiceProvider2</ServiceProviderName>\r\n</CreateDedicatedCircuit>",
      "RequestHeaders": {
        "Content-Type": [
          "application/xml"
        ],
        "Content-Length": [
          "275"
        ],
        "x-ms-version": [
          "2011-10-01"
        ],
        "User-Agent": [
          "Microsoft.WindowsAzure.Management.ExpressRoute.ExpressRouteManagementClient/1.0.0.0"
        ]
      },
      "ResponseBody": "<GatewayOperationAsyncResponse xmlns=\"http://schemas.microsoft.com/windowsazure\" xmlns:i=\"http://www.w3.org/2001/XMLSchema-instance\">\r\n  <ID>ae24f26e-9fbd-01b4-a828-d51e8b52c5fe</ID>\r\n</GatewayOperationAsyncResponse>",
      "ResponseHeaders": {
        "Content-Length": [
          "210"
        ],
        "Content-Type": [
          "application/xml; charset=utf-8"
        ],
        "x-ms-request-id": [
          "ae24f26e9fbd01b4a828d51e8b52c5fe"
        ],
        "Cache-Control": [
          "no-cache"
        ],
        "Date": [
          "Tue, 24 Feb 2015 20:54:58 GMT"
        ],
        "Server": [
          "1.0.6190.5159",
          "(rd_rdfe_n.150123-1103)",
          "Microsoft-HTTPAPI/2.0"
        ]
      },
      "StatusCode": 202
    },
    {
      "RequestUri": "/0cd40ba3-75d4-4d82-95fe-b4c3ff4fd7e4/services/networking/operation/ae24f26e-9fbd-01b4-a828-d51e8b52c5fe",
      "EncodedRequestUri": "LzBjZDQwYmEzLTc1ZDQtNGQ4Mi05NWZlLWI0YzNmZjRmZDdlNC9zZXJ2aWNlcy9uZXR3b3JraW5nL29wZXJhdGlvbi9hZTI0ZjI2ZS05ZmJkLTAxYjQtYTgyOC1kNTFlOGI1MmM1ZmU=",
      "RequestMethod": "GET",
      "RequestBody": "",
      "RequestHeaders": {
        "x-ms-version": [
          "2011-10-01"
        ],
        "User-Agent": [
          "Microsoft.WindowsAzure.Management.ExpressRoute.ExpressRouteManagementClient/1.0.0.0"
        ]
      },
      "ResponseBody": "<GatewayOperation xmlns=\"http://schemas.microsoft.com/windowsazure\" xmlns:i=\"http://www.w3.org/2001/XMLSchema-instance\">\r\n  <ID>ae24f26e-9fbd-01b4-a828-d51e8b52c5fe</ID>\r\n  <OperationName>CreateDedicatedCircuit</OperationName>\r\n  <OperationStartedTime>2015-02-24T20:54:58.9964097</OperationStartedTime>\r\n  <Status>InProgress</Status>\r\n</GatewayOperation>",
      "ResponseHeaders": {
        "Content-Length": [
          "336"
        ],
        "Content-Type": [
          "application/xml; charset=utf-8"
        ],
        "x-ms-request-id": [
          "2681e6df6ec10b12afd16db7c389e3f9"
        ],
        "Cache-Control": [
          "no-cache"
        ],
        "Date": [
          "Tue, 24 Feb 2015 20:54:59 GMT"
        ],
        "Server": [
          "1.0.6190.5159",
          "(rd_rdfe_n.150123-1103)",
          "Microsoft-HTTPAPI/2.0"
        ]
      },
      "StatusCode": 200
    },
    {
      "RequestUri": "/0cd40ba3-75d4-4d82-95fe-b4c3ff4fd7e4/services/networking/operation/ae24f26e-9fbd-01b4-a828-d51e8b52c5fe",
      "EncodedRequestUri": "LzBjZDQwYmEzLTc1ZDQtNGQ4Mi05NWZlLWI0YzNmZjRmZDdlNC9zZXJ2aWNlcy9uZXR3b3JraW5nL29wZXJhdGlvbi9hZTI0ZjI2ZS05ZmJkLTAxYjQtYTgyOC1kNTFlOGI1MmM1ZmU=",
      "RequestMethod": "GET",
      "RequestBody": "",
      "RequestHeaders": {
        "x-ms-version": [
          "2011-10-01"
        ],
        "User-Agent": [
          "Microsoft.WindowsAzure.Management.ExpressRoute.ExpressRouteManagementClient/1.0.0.0"
        ]
      },
      "ResponseBody": "<GatewayOperation xmlns=\"http://schemas.microsoft.com/windowsazure\" xmlns:i=\"http://www.w3.org/2001/XMLSchema-instance\">\r\n  <Data>b3adc0f2-ea81-4d5d-a02f-e8b3f08d3c98</Data>\r\n  <HttpStatusCode>OK</HttpStatusCode>\r\n  <ID>ae24f26e-9fbd-01b4-a828-d51e8b52c5fe</ID>\r\n  <OperationCompletedTime>2015-02-24T20:55:03.9632063</OperationCompletedTime>\r\n  <OperationName>CreateDedicatedCircuit</OperationName>\r\n  <OperationStartedTime>2015-02-24T20:54:58.9964097</OperationStartedTime>\r\n  <Status>Successful</Status>\r\n</GatewayOperation>",
      "ResponseHeaders": {
        "Content-Length": [
          "496"
        ],
        "Content-Type": [
          "application/xml; charset=utf-8"
        ],
        "x-ms-request-id": [
          "72abe2324bd10dbcb03ed98cec39a2b1"
        ],
        "Cache-Control": [
          "no-cache"
        ],
        "Date": [
          "Tue, 24 Feb 2015 20:55:31 GMT"
        ],
        "Server": [
          "1.0.6190.5159",
          "(rd_rdfe_n.150123-1103)",
          "Microsoft-HTTPAPI/2.0"
        ]
      },
      "StatusCode": 200
    },
    {
      "RequestUri": "/0cd40ba3-75d4-4d82-95fe-b4c3ff4fd7e4/services/networking/dedicatedcircuits/b3adc0f2-ea81-4d5d-a02f-e8b3f08d3c98/bgppeerings/private?api-version=1.0",
      "EncodedRequestUri": "LzBjZDQwYmEzLTc1ZDQtNGQ4Mi05NWZlLWI0YzNmZjRmZDdlNC9zZXJ2aWNlcy9uZXR3b3JraW5nL2RlZGljYXRlZGNpcmN1aXRzL2IzYWRjMGYyLWVhODEtNGQ1ZC1hMDJmLWU4YjNmMDhkM2M5OC9iZ3BwZWVyaW5ncy9wcml2YXRlP2FwaS12ZXJzaW9uPTEuMA==",
      "RequestMethod": "POST",
      "RequestBody": "<CreateBgpPeering xmlns=\"http://schemas.microsoft.com/windowsazure\">\r\n  <PeerAsn>64495</PeerAsn>\r\n  <PrimaryPeerSubnet>192.168.6.252/30</PrimaryPeerSubnet>\r\n  <SecondaryPeerSubnet>192.168.9.252/30</SecondaryPeerSubnet>\r\n  <SharedKey>SharedKey8273</SharedKey>\r\n  <VlanId>1349</VlanId>\r\n</CreateBgpPeering>",
      "RequestHeaders": {
        "Content-Type": [
          "application/xml"
        ],
        "Content-Length": [
          "304"
        ],
        "x-ms-version": [
          "2011-10-01"
        ],
        "User-Agent": [
          "Microsoft.WindowsAzure.Management.ExpressRoute.ExpressRouteManagementClient/1.0.0.0"
        ]
      },
      "ResponseBody": "<GatewayOperationAsyncResponse xmlns=\"http://schemas.microsoft.com/windowsazure\" xmlns:i=\"http://www.w3.org/2001/XMLSchema-instance\">\r\n  <ID>69cec230-dd21-0598-aebf-a9db40d0ddd9</ID>\r\n</GatewayOperationAsyncResponse>",
      "ResponseHeaders": {
        "Content-Length": [
          "210"
        ],
        "Content-Type": [
          "application/xml; charset=utf-8"
        ],
        "x-ms-request-id": [
          "69cec230dd210598aebfa9db40d0ddd9"
        ],
        "Cache-Control": [
          "no-cache"
        ],
        "Date": [
          "Tue, 24 Feb 2015 20:55:34 GMT"
        ],
        "Server": [
          "1.0.6190.5159",
          "(rd_rdfe_n.150123-1103)",
          "Microsoft-HTTPAPI/2.0"
        ]
      },
      "StatusCode": 202
    },
    {
      "RequestUri": "/0cd40ba3-75d4-4d82-95fe-b4c3ff4fd7e4/services/networking/operation/69cec230-dd21-0598-aebf-a9db40d0ddd9",
      "EncodedRequestUri": "LzBjZDQwYmEzLTc1ZDQtNGQ4Mi05NWZlLWI0YzNmZjRmZDdlNC9zZXJ2aWNlcy9uZXR3b3JraW5nL29wZXJhdGlvbi82OWNlYzIzMC1kZDIxLTA1OTgtYWViZi1hOWRiNDBkMGRkZDk=",
      "RequestMethod": "GET",
      "RequestBody": "",
      "RequestHeaders": {
        "x-ms-version": [
          "2011-10-01"
        ],
        "User-Agent": [
          "Microsoft.WindowsAzure.Management.ExpressRoute.ExpressRouteManagementClient/1.0.0.0"
        ]
      },
      "ResponseBody": "<GatewayOperation xmlns=\"http://schemas.microsoft.com/windowsazure\" xmlns:i=\"http://www.w3.org/2001/XMLSchema-instance\">\r\n  <ID>69cec230-dd21-0598-aebf-a9db40d0ddd9</ID>\r\n  <OperationName>CreateBgpPeering</OperationName>\r\n  <OperationStartedTime>2015-02-24T20:55:34.2474298</OperationStartedTime>\r\n  <Status>InProgress</Status>\r\n</GatewayOperation>",
      "ResponseHeaders": {
        "Content-Length": [
          "330"
        ],
        "Content-Type": [
          "application/xml; charset=utf-8"
        ],
        "x-ms-request-id": [
          "244acef65dfa04148339e4446dddb144"
        ],
        "Cache-Control": [
          "no-cache"
        ],
        "Date": [
          "Tue, 24 Feb 2015 20:55:34 GMT"
        ],
        "Server": [
          "1.0.6190.5159",
          "(rd_rdfe_n.150123-1103)",
          "Microsoft-HTTPAPI/2.0"
        ]
      },
      "StatusCode": 200
    },
    {
      "RequestUri": "/0cd40ba3-75d4-4d82-95fe-b4c3ff4fd7e4/services/networking/operation/69cec230-dd21-0598-aebf-a9db40d0ddd9",
      "EncodedRequestUri": "LzBjZDQwYmEzLTc1ZDQtNGQ4Mi05NWZlLWI0YzNmZjRmZDdlNC9zZXJ2aWNlcy9uZXR3b3JraW5nL29wZXJhdGlvbi82OWNlYzIzMC1kZDIxLTA1OTgtYWViZi1hOWRiNDBkMGRkZDk=",
      "RequestMethod": "GET",
      "RequestBody": "",
      "RequestHeaders": {
        "x-ms-version": [
          "2011-10-01"
        ],
        "User-Agent": [
          "Microsoft.WindowsAzure.Management.ExpressRoute.ExpressRouteManagementClient/1.0.0.0"
        ]
      },
      "ResponseBody": "<GatewayOperation xmlns=\"http://schemas.microsoft.com/windowsazure\" xmlns:i=\"http://www.w3.org/2001/XMLSchema-instance\">\r\n  <HttpStatusCode>OK</HttpStatusCode>\r\n  <ID>69cec230-dd21-0598-aebf-a9db40d0ddd9</ID>\r\n  <OperationCompletedTime>2015-02-24T20:55:41.2907217</OperationCompletedTime>\r\n  <OperationName>CreateBgpPeering</OperationName>\r\n  <OperationStartedTime>2015-02-24T20:55:34.2474298</OperationStartedTime>\r\n  <Status>Successful</Status>\r\n</GatewayOperation>",
      "ResponseHeaders": {
        "Content-Length": [
          "441"
        ],
        "Content-Type": [
          "application/xml; charset=utf-8"
        ],
        "x-ms-request-id": [
          "806525f3a9560070bf383df432eb788a"
        ],
        "Cache-Control": [
          "no-cache"
        ],
        "Date": [
          "Tue, 24 Feb 2015 20:56:05 GMT"
        ],
        "Server": [
          "1.0.6190.5159",
          "(rd_rdfe_n.150123-1103)",
          "Microsoft-HTTPAPI/2.0"
        ]
      },
      "StatusCode": 200
    },
    {
      "RequestUri": "/0cd40ba3-75d4-4d82-95fe-b4c3ff4fd7e4/services/networking/dedicatedcircuits/b3adc0f2-ea81-4d5d-a02f-e8b3f08d3c98/bgppeerings/private?api-version=1.0",
      "EncodedRequestUri": "LzBjZDQwYmEzLTc1ZDQtNGQ4Mi05NWZlLWI0YzNmZjRmZDdlNC9zZXJ2aWNlcy9uZXR3b3JraW5nL2RlZGljYXRlZGNpcmN1aXRzL2IzYWRjMGYyLWVhODEtNGQ1ZC1hMDJmLWU4YjNmMDhkM2M5OC9iZ3BwZWVyaW5ncy9wcml2YXRlP2FwaS12ZXJzaW9uPTEuMA==",
      "RequestMethod": "GET",
      "RequestBody": "",
      "RequestHeaders": {
        "x-ms-version": [
          "2011-10-01"
        ],
        "User-Agent": [
          "Microsoft.WindowsAzure.Management.ExpressRoute.ExpressRouteManagementClient/1.0.0.0"
        ]
      },
      "ResponseBody": "<BgpPeering xmlns=\"http://schemas.microsoft.com/windowsazure\" xmlns:i=\"http://www.w3.org/2001/XMLSchema-instance\">\r\n  <AzureAsn>12076</AzureAsn>\r\n  <PeerAsn>64495</PeerAsn>\r\n  <PrimaryAzurePort>BVTTestServiceProvider2Device1Port11</PrimaryAzurePort>\r\n  <PrimaryPeerSubnet>192.168.6.252/30</PrimaryPeerSubnet>\r\n  <SecondaryAzurePort>BVTTestServiceProvider2Device2Port11</SecondaryAzurePort>\r\n  <SecondaryPeerSubnet>192.168.9.252/30</SecondaryPeerSubnet>\r\n  <State>Enabled</State>\r\n  <VlanId>1349</VlanId>\r\n</BgpPeering>",
      "ResponseHeaders": {
        "Content-Length": [
          "484"
        ],
        "Content-Type": [
          "application/xml; charset=utf-8"
        ],
        "x-ms-request-id": [
          "89f89db089d30ae9a9d130a034315077"
        ],
        "Cache-Control": [
          "no-cache"
        ],
        "Date": [
          "Tue, 24 Feb 2015 20:56:07 GMT"
        ],
        "Server": [
          "1.0.6190.5159",
          "(rd_rdfe_n.150123-1103)",
          "Microsoft-HTTPAPI/2.0"
        ]
      },
      "StatusCode": 200
    },
    {
      "RequestUri": "/0cd40ba3-75d4-4d82-95fe-b4c3ff4fd7e4/services/networking/dedicatedcircuits/b3adc0f2-ea81-4d5d-a02f-e8b3f08d3c98/bgppeerings/private?api-version=1.0",
      "EncodedRequestUri": "LzBjZDQwYmEzLTc1ZDQtNGQ4Mi05NWZlLWI0YzNmZjRmZDdlNC9zZXJ2aWNlcy9uZXR3b3JraW5nL2RlZGljYXRlZGNpcmN1aXRzL2IzYWRjMGYyLWVhODEtNGQ1ZC1hMDJmLWU4YjNmMDhkM2M5OC9iZ3BwZWVyaW5ncy9wcml2YXRlP2FwaS12ZXJzaW9uPTEuMA==",
      "RequestMethod": "GET",
      "RequestBody": "",
      "RequestHeaders": {
        "x-ms-version": [
          "2011-10-01"
        ],
        "User-Agent": [
          "Microsoft.WindowsAzure.Management.ExpressRoute.ExpressRouteManagementClient/1.0.0.0"
        ]
      },
      "ResponseBody": "<BgpPeering xmlns=\"http://schemas.microsoft.com/windowsazure\" xmlns:i=\"http://www.w3.org/2001/XMLSchema-instance\">\r\n  <AzureAsn>12076</AzureAsn>\r\n  <PeerAsn>14495</PeerAsn>\r\n  <PrimaryAzurePort>BVTTestServiceProvider2Device1Port11</PrimaryAzurePort>\r\n  <PrimaryPeerSubnet>192.168.1.252/30</PrimaryPeerSubnet>\r\n  <SecondaryAzurePort>BVTTestServiceProvider2Device2Port11</SecondaryAzurePort>\r\n  <SecondaryPeerSubnet>192.168.2.252/30</SecondaryPeerSubnet>\r\n  <State>Enabled</State>\r\n  <VlanId>1370</VlanId>\r\n</BgpPeering>",
      "ResponseHeaders": {
        "Content-Length": [
          "484"
        ],
        "Content-Type": [
          "application/xml; charset=utf-8"
        ],
        "x-ms-request-id": [
          "1522d43c47780e2498bb72188e7b30ce"
        ],
        "Cache-Control": [
          "no-cache"
        ],
        "Date": [
          "Tue, 24 Feb 2015 20:57:24 GMT"
        ],
        "Server": [
          "1.0.6190.5159",
          "(rd_rdfe_n.150123-1103)",
          "Microsoft-HTTPAPI/2.0"
        ]
      },
      "StatusCode": 200
    },
    {
      "RequestUri": "/0cd40ba3-75d4-4d82-95fe-b4c3ff4fd7e4/services/networking/dedicatedcircuits/b3adc0f2-ea81-4d5d-a02f-e8b3f08d3c98/bgppeerings/public?api-version=1.0",
      "EncodedRequestUri": "LzBjZDQwYmEzLTc1ZDQtNGQ4Mi05NWZlLWI0YzNmZjRmZDdlNC9zZXJ2aWNlcy9uZXR3b3JraW5nL2RlZGljYXRlZGNpcmN1aXRzL2IzYWRjMGYyLWVhODEtNGQ1ZC1hMDJmLWU4YjNmMDhkM2M5OC9iZ3BwZWVyaW5ncy9wdWJsaWM/YXBpLXZlcnNpb249MS4w",
      "RequestMethod": "POST",
      "RequestBody": "<CreateBgpPeering xmlns=\"http://schemas.microsoft.com/windowsazure\">\r\n  <PeerAsn>64494</PeerAsn>\r\n  <PrimaryPeerSubnet>192.168.7.252/30</PrimaryPeerSubnet>\r\n  <SecondaryPeerSubnet>192.168.10.252/30</SecondaryPeerSubnet>\r\n  <SharedKey>SharedKey488</SharedKey>\r\n  <VlanId>1350</VlanId>\r\n</CreateBgpPeering>",
      "RequestHeaders": {
        "Content-Type": [
          "application/xml"
        ],
        "Content-Length": [
          "304"
        ],
        "x-ms-version": [
          "2011-10-01"
        ],
        "User-Agent": [
          "Microsoft.WindowsAzure.Management.ExpressRoute.ExpressRouteManagementClient/1.0.0.0"
        ]
      },
      "ResponseBody": "<GatewayOperationAsyncResponse xmlns=\"http://schemas.microsoft.com/windowsazure\" xmlns:i=\"http://www.w3.org/2001/XMLSchema-instance\">\r\n  <ID>f2da6b6d-b97c-08a9-b8e2-2ea572108474</ID>\r\n</GatewayOperationAsyncResponse>",
      "ResponseHeaders": {
        "Content-Length": [
          "210"
        ],
        "Content-Type": [
          "application/xml; charset=utf-8"
        ],
        "x-ms-request-id": [
          "f2da6b6db97c08a9b8e22ea572108474"
        ],
        "Cache-Control": [
          "no-cache"
        ],
        "Date": [
          "Tue, 24 Feb 2015 20:56:15 GMT"
        ],
        "Server": [
          "1.0.6190.5159",
          "(rd_rdfe_n.150123-1103)",
          "Microsoft-HTTPAPI/2.0"
        ]
      },
      "StatusCode": 202
    },
    {
      "RequestUri": "/0cd40ba3-75d4-4d82-95fe-b4c3ff4fd7e4/services/networking/operation/f2da6b6d-b97c-08a9-b8e2-2ea572108474",
      "EncodedRequestUri": "LzBjZDQwYmEzLTc1ZDQtNGQ4Mi05NWZlLWI0YzNmZjRmZDdlNC9zZXJ2aWNlcy9uZXR3b3JraW5nL29wZXJhdGlvbi9mMmRhNmI2ZC1iOTdjLTA4YTktYjhlMi0yZWE1NzIxMDg0NzQ=",
      "RequestMethod": "GET",
      "RequestBody": "",
      "RequestHeaders": {
        "x-ms-version": [
          "2011-10-01"
        ],
        "User-Agent": [
          "Microsoft.WindowsAzure.Management.ExpressRoute.ExpressRouteManagementClient/1.0.0.0"
        ]
      },
      "ResponseBody": "<GatewayOperation xmlns=\"http://schemas.microsoft.com/windowsazure\" xmlns:i=\"http://www.w3.org/2001/XMLSchema-instance\">\r\n  <ID>f2da6b6d-b97c-08a9-b8e2-2ea572108474</ID>\r\n  <OperationName>CreateBgpPeering</OperationName>\r\n  <OperationStartedTime>2015-02-24T20:56:15.4644379</OperationStartedTime>\r\n  <Status>InProgress</Status>\r\n</GatewayOperation>",
      "ResponseHeaders": {
        "Content-Length": [
          "330"
        ],
        "Content-Type": [
          "application/xml; charset=utf-8"
        ],
        "x-ms-request-id": [
          "81d9dc22c548089aa4aca6a33baa722d"
        ],
        "Cache-Control": [
          "no-cache"
        ],
        "Date": [
          "Tue, 24 Feb 2015 20:56:16 GMT"
        ],
        "Server": [
          "1.0.6190.5159",
          "(rd_rdfe_n.150123-1103)",
          "Microsoft-HTTPAPI/2.0"
        ]
      },
      "StatusCode": 200
    },
    {
      "RequestUri": "/0cd40ba3-75d4-4d82-95fe-b4c3ff4fd7e4/services/networking/operation/f2da6b6d-b97c-08a9-b8e2-2ea572108474",
      "EncodedRequestUri": "LzBjZDQwYmEzLTc1ZDQtNGQ4Mi05NWZlLWI0YzNmZjRmZDdlNC9zZXJ2aWNlcy9uZXR3b3JraW5nL29wZXJhdGlvbi9mMmRhNmI2ZC1iOTdjLTA4YTktYjhlMi0yZWE1NzIxMDg0NzQ=",
      "RequestMethod": "GET",
      "RequestBody": "",
      "RequestHeaders": {
        "x-ms-version": [
          "2011-10-01"
        ],
        "User-Agent": [
          "Microsoft.WindowsAzure.Management.ExpressRoute.ExpressRouteManagementClient/1.0.0.0"
        ]
      },
      "ResponseBody": "<GatewayOperation xmlns=\"http://schemas.microsoft.com/windowsazure\" xmlns:i=\"http://www.w3.org/2001/XMLSchema-instance\">\r\n  <HttpStatusCode>OK</HttpStatusCode>\r\n  <ID>f2da6b6d-b97c-08a9-b8e2-2ea572108474</ID>\r\n  <OperationCompletedTime>2015-02-24T20:56:27.2845661</OperationCompletedTime>\r\n  <OperationName>CreateBgpPeering</OperationName>\r\n  <OperationStartedTime>2015-02-24T20:56:15.4644379</OperationStartedTime>\r\n  <Status>Successful</Status>\r\n</GatewayOperation>",
      "ResponseHeaders": {
        "Content-Length": [
          "441"
        ],
        "Content-Type": [
          "application/xml; charset=utf-8"
        ],
        "x-ms-request-id": [
          "5f6f044b469a0a21a4e17406d6364d31"
        ],
        "Cache-Control": [
          "no-cache"
        ],
        "Date": [
          "Tue, 24 Feb 2015 20:56:46 GMT"
        ],
        "Server": [
          "1.0.6190.5159",
          "(rd_rdfe_n.150123-1103)",
          "Microsoft-HTTPAPI/2.0"
        ]
      },
      "StatusCode": 200
    },
    {
      "RequestUri": "/0cd40ba3-75d4-4d82-95fe-b4c3ff4fd7e4/services/networking/dedicatedcircuits/b3adc0f2-ea81-4d5d-a02f-e8b3f08d3c98/bgppeerings/public?api-version=1.0",
      "EncodedRequestUri": "LzBjZDQwYmEzLTc1ZDQtNGQ4Mi05NWZlLWI0YzNmZjRmZDdlNC9zZXJ2aWNlcy9uZXR3b3JraW5nL2RlZGljYXRlZGNpcmN1aXRzL2IzYWRjMGYyLWVhODEtNGQ1ZC1hMDJmLWU4YjNmMDhkM2M5OC9iZ3BwZWVyaW5ncy9wdWJsaWM/YXBpLXZlcnNpb249MS4w",
      "RequestMethod": "GET",
      "RequestBody": "",
      "RequestHeaders": {
        "x-ms-version": [
          "2011-10-01"
        ],
        "User-Agent": [
          "Microsoft.WindowsAzure.Management.ExpressRoute.ExpressRouteManagementClient/1.0.0.0"
        ]
      },
      "ResponseBody": "<BgpPeering xmlns=\"http://schemas.microsoft.com/windowsazure\" xmlns:i=\"http://www.w3.org/2001/XMLSchema-instance\">\r\n  <AzureAsn>12076</AzureAsn>\r\n  <PeerAsn>64494</PeerAsn>\r\n  <PrimaryAzurePort>BVTTestServiceProvider2Device1Port11</PrimaryAzurePort>\r\n  <PrimaryPeerSubnet>192.168.7.252/30</PrimaryPeerSubnet>\r\n  <SecondaryAzurePort>BVTTestServiceProvider2Device2Port11</SecondaryAzurePort>\r\n  <SecondaryPeerSubnet>192.168.10.252/30</SecondaryPeerSubnet>\r\n  <State>Enabled</State>\r\n  <VlanId>1350</VlanId>\r\n</BgpPeering>",
      "ResponseHeaders": {
        "Content-Length": [
          "485"
        ],
        "Content-Type": [
          "application/xml; charset=utf-8"
        ],
        "x-ms-request-id": [
          "6427d6dd095b0454a495ec7ac3f79541"
        ],
        "Cache-Control": [
          "no-cache"
        ],
        "Date": [
          "Tue, 24 Feb 2015 20:56:48 GMT"
        ],
        "Server": [
          "1.0.6190.5159",
          "(rd_rdfe_n.150123-1103)",
          "Microsoft-HTTPAPI/2.0"
        ]
      },
      "StatusCode": 200
    },
    {
      "RequestUri": "/0cd40ba3-75d4-4d82-95fe-b4c3ff4fd7e4/services/networking/dedicatedcircuits/b3adc0f2-ea81-4d5d-a02f-e8b3f08d3c98/bgppeerings/public?api-version=1.0",
      "EncodedRequestUri": "LzBjZDQwYmEzLTc1ZDQtNGQ4Mi05NWZlLWI0YzNmZjRmZDdlNC9zZXJ2aWNlcy9uZXR3b3JraW5nL2RlZGljYXRlZGNpcmN1aXRzL2IzYWRjMGYyLWVhODEtNGQ1ZC1hMDJmLWU4YjNmMDhkM2M5OC9iZ3BwZWVyaW5ncy9wdWJsaWM/YXBpLXZlcnNpb249MS4w",
      "RequestMethod": "GET",
      "RequestBody": "",
      "RequestHeaders": {
        "x-ms-version": [
          "2011-10-01"
        ],
        "User-Agent": [
          "Microsoft.WindowsAzure.Management.ExpressRoute.ExpressRouteManagementClient/1.0.0.0"
        ]
      },
      "ResponseBody": "<BgpPeering xmlns=\"http://schemas.microsoft.com/windowsazure\" xmlns:i=\"http://www.w3.org/2001/XMLSchema-instance\">\r\n  <AzureAsn>12076</AzureAsn>\r\n  <PeerAsn>14495</PeerAsn>\r\n  <PrimaryAzurePort>BVTTestServiceProvider2Device1Port11</PrimaryAzurePort>\r\n  <PrimaryPeerSubnet>192.168.3.252/30</PrimaryPeerSubnet>\r\n  <SecondaryAzurePort>BVTTestServiceProvider2Device2Port11</SecondaryAzurePort>\r\n  <SecondaryPeerSubnet>192.168.4.252/30</SecondaryPeerSubnet>\r\n  <State>Enabled</State>\r\n  <VlanId>1371</VlanId>\r\n</BgpPeering>",
      "ResponseHeaders": {
        "Content-Length": [
          "484"
        ],
        "Content-Type": [
          "application/xml; charset=utf-8"
        ],
        "x-ms-request-id": [
          "df308acb27c80178af813e34e80512ca"
        ],
        "Cache-Control": [
          "no-cache"
        ],
        "Date": [
          "Tue, 24 Feb 2015 20:58:00 GMT"
        ],
        "Server": [
          "1.0.6190.5159",
          "(rd_rdfe_n.150123-1103)",
          "Microsoft-HTTPAPI/2.0"
        ]
      },
      "StatusCode": 200
    },
    {
      "RequestUri": "/0cd40ba3-75d4-4d82-95fe-b4c3ff4fd7e4/services/networking/dedicatedcircuits/b3adc0f2-ea81-4d5d-a02f-e8b3f08d3c98/bgppeerings/private?api-version=1.0",
      "EncodedRequestUri": "LzBjZDQwYmEzLTc1ZDQtNGQ4Mi05NWZlLWI0YzNmZjRmZDdlNC9zZXJ2aWNlcy9uZXR3b3JraW5nL2RlZGljYXRlZGNpcmN1aXRzL2IzYWRjMGYyLWVhODEtNGQ1ZC1hMDJmLWU4YjNmMDhkM2M5OC9iZ3BwZWVyaW5ncy9wcml2YXRlP2FwaS12ZXJzaW9uPTEuMA==",
      "RequestMethod": "PUT",
      "RequestBody": "<UpdateBgpPeering xmlns=\"http://schemas.microsoft.com/windowsazure\">\r\n  <PeerAsn>14495</PeerAsn>\r\n  <PrimaryPeerSubnet>192.168.1.252/30</PrimaryPeerSubnet>\r\n  <SecondaryPeerSubnet>192.168.2.252/30</SecondaryPeerSubnet>\r\n  <SharedKey>SharedKey3441</SharedKey>\r\n  <VlanId>1370</VlanId>\r\n</UpdateBgpPeering>",
      "RequestHeaders": {
        "Content-Type": [
          "application/xml"
        ],
        "Content-Length": [
          "304"
        ],
        "x-ms-version": [
          "2011-10-01"
        ],
        "User-Agent": [
          "Microsoft.WindowsAzure.Management.ExpressRoute.ExpressRouteManagementClient/1.0.0.0"
        ]
      },
      "ResponseBody": "<GatewayOperationAsyncResponse xmlns=\"http://schemas.microsoft.com/windowsazure\" xmlns:i=\"http://www.w3.org/2001/XMLSchema-instance\">\r\n  <ID>15f526ee-36ea-05fd-98b6-f2b080c28bf1</ID>\r\n</GatewayOperationAsyncResponse>",
      "ResponseHeaders": {
        "Content-Length": [
          "210"
        ],
        "Content-Type": [
          "application/xml; charset=utf-8"
        ],
        "x-ms-request-id": [
          "15f526ee36ea05fd98b6f2b080c28bf1"
        ],
        "Cache-Control": [
          "no-cache"
        ],
        "Date": [
          "Tue, 24 Feb 2015 20:56:51 GMT"
        ],
        "Server": [
          "1.0.6190.5159",
          "(rd_rdfe_n.150123-1103)",
          "Microsoft-HTTPAPI/2.0"
        ]
      },
      "StatusCode": 202
    },
    {
      "RequestUri": "/0cd40ba3-75d4-4d82-95fe-b4c3ff4fd7e4/services/networking/operation/15f526ee-36ea-05fd-98b6-f2b080c28bf1",
      "EncodedRequestUri": "LzBjZDQwYmEzLTc1ZDQtNGQ4Mi05NWZlLWI0YzNmZjRmZDdlNC9zZXJ2aWNlcy9uZXR3b3JraW5nL29wZXJhdGlvbi8xNWY1MjZlZS0zNmVhLTA1ZmQtOThiNi1mMmIwODBjMjhiZjE=",
      "RequestMethod": "GET",
      "RequestBody": "",
      "RequestHeaders": {
        "x-ms-version": [
          "2011-10-01"
        ],
        "User-Agent": [
          "Microsoft.WindowsAzure.Management.ExpressRoute.ExpressRouteManagementClient/1.0.0.0"
        ]
      },
      "ResponseBody": "<GatewayOperation xmlns=\"http://schemas.microsoft.com/windowsazure\" xmlns:i=\"http://www.w3.org/2001/XMLSchema-instance\">\r\n  <ID>15f526ee-36ea-05fd-98b6-f2b080c28bf1</ID>\r\n  <OperationStartedTime>2015-02-24T20:56:51.6473967</OperationStartedTime>\r\n  <Status>InProgress</Status>\r\n</GatewayOperation>",
      "ResponseHeaders": {
        "Content-Length": [
          "283"
        ],
        "Content-Type": [
          "application/xml; charset=utf-8"
        ],
        "x-ms-request-id": [
          "13b62631a7100e30898834e3bbf8b9a7"
        ],
        "Cache-Control": [
          "no-cache"
        ],
        "Date": [
          "Tue, 24 Feb 2015 20:56:52 GMT"
        ],
        "Server": [
          "1.0.6190.5159",
          "(rd_rdfe_n.150123-1103)",
          "Microsoft-HTTPAPI/2.0"
        ]
      },
      "StatusCode": 200
    },
    {
      "RequestUri": "/0cd40ba3-75d4-4d82-95fe-b4c3ff4fd7e4/services/networking/operation/15f526ee-36ea-05fd-98b6-f2b080c28bf1",
      "EncodedRequestUri": "LzBjZDQwYmEzLTc1ZDQtNGQ4Mi05NWZlLWI0YzNmZjRmZDdlNC9zZXJ2aWNlcy9uZXR3b3JraW5nL29wZXJhdGlvbi8xNWY1MjZlZS0zNmVhLTA1ZmQtOThiNi1mMmIwODBjMjhiZjE=",
      "RequestMethod": "GET",
      "RequestBody": "",
      "RequestHeaders": {
        "x-ms-version": [
          "2011-10-01"
        ],
        "User-Agent": [
          "Microsoft.WindowsAzure.Management.ExpressRoute.ExpressRouteManagementClient/1.0.0.0"
        ]
      },
      "ResponseBody": "<GatewayOperation xmlns=\"http://schemas.microsoft.com/windowsazure\" xmlns:i=\"http://www.w3.org/2001/XMLSchema-instance\">\r\n  <HttpStatusCode>OK</HttpStatusCode>\r\n  <ID>15f526ee-36ea-05fd-98b6-f2b080c28bf1</ID>\r\n  <OperationCompletedTime>2015-02-24T20:56:58.2932855</OperationCompletedTime>\r\n  <OperationStartedTime>2015-02-24T20:56:51.6473967</OperationStartedTime>\r\n  <Status>Successful</Status>\r\n</GatewayOperation>",
      "ResponseHeaders": {
        "Content-Length": [
          "394"
        ],
        "Content-Type": [
          "application/xml; charset=utf-8"
        ],
        "x-ms-request-id": [
          "2ef5602598510d7db22e108ee2f511aa"
        ],
        "Cache-Control": [
          "no-cache"
        ],
        "Date": [
          "Tue, 24 Feb 2015 20:57:22 GMT"
        ],
        "Server": [
          "1.0.6190.5159",
          "(rd_rdfe_n.150123-1103)",
          "Microsoft-HTTPAPI/2.0"
        ]
      },
      "StatusCode": 200
    },
    {
      "RequestUri": "/0cd40ba3-75d4-4d82-95fe-b4c3ff4fd7e4/services/networking/dedicatedcircuits/b3adc0f2-ea81-4d5d-a02f-e8b3f08d3c98/bgppeerings/public?api-version=1.0",
      "EncodedRequestUri": "LzBjZDQwYmEzLTc1ZDQtNGQ4Mi05NWZlLWI0YzNmZjRmZDdlNC9zZXJ2aWNlcy9uZXR3b3JraW5nL2RlZGljYXRlZGNpcmN1aXRzL2IzYWRjMGYyLWVhODEtNGQ1ZC1hMDJmLWU4YjNmMDhkM2M5OC9iZ3BwZWVyaW5ncy9wdWJsaWM/YXBpLXZlcnNpb249MS4w",
      "RequestMethod": "PUT",
      "RequestBody": "<UpdateBgpPeering xmlns=\"http://schemas.microsoft.com/windowsazure\">\r\n  <PeerAsn>14495</PeerAsn>\r\n  <PrimaryPeerSubnet>192.168.3.252/30</PrimaryPeerSubnet>\r\n  <SecondaryPeerSubnet>192.168.4.252/30</SecondaryPeerSubnet>\r\n  <SharedKey>SharedKey6088</SharedKey>\r\n  <VlanId>1371</VlanId>\r\n</UpdateBgpPeering>",
      "RequestHeaders": {
        "Content-Type": [
          "application/xml"
        ],
        "Content-Length": [
          "304"
        ],
        "x-ms-version": [
          "2011-10-01"
        ],
        "User-Agent": [
          "Microsoft.WindowsAzure.Management.ExpressRoute.ExpressRouteManagementClient/1.0.0.0"
        ]
      },
      "ResponseBody": "<GatewayOperationAsyncResponse xmlns=\"http://schemas.microsoft.com/windowsazure\" xmlns:i=\"http://www.w3.org/2001/XMLSchema-instance\">\r\n  <ID>c52204ae-c726-0875-b3fd-b8a801e899c4</ID>\r\n</GatewayOperationAsyncResponse>",
      "ResponseHeaders": {
        "Content-Length": [
          "210"
        ],
        "Content-Type": [
          "application/xml; charset=utf-8"
        ],
        "x-ms-request-id": [
          "c52204aec7260875b3fdb8a801e899c4"
        ],
        "Cache-Control": [
          "no-cache"
        ],
        "Date": [
          "Tue, 24 Feb 2015 20:57:26 GMT"
        ],
        "Server": [
          "1.0.6190.5159",
          "(rd_rdfe_n.150123-1103)",
          "Microsoft-HTTPAPI/2.0"
        ]
      },
      "StatusCode": 202
    },
    {
      "RequestUri": "/0cd40ba3-75d4-4d82-95fe-b4c3ff4fd7e4/services/networking/operation/c52204ae-c726-0875-b3fd-b8a801e899c4",
      "EncodedRequestUri": "LzBjZDQwYmEzLTc1ZDQtNGQ4Mi05NWZlLWI0YzNmZjRmZDdlNC9zZXJ2aWNlcy9uZXR3b3JraW5nL29wZXJhdGlvbi9jNTIyMDRhZS1jNzI2LTA4NzUtYjNmZC1iOGE4MDFlODk5YzQ=",
      "RequestMethod": "GET",
      "RequestBody": "",
      "RequestHeaders": {
        "x-ms-version": [
          "2011-10-01"
        ],
        "User-Agent": [
          "Microsoft.WindowsAzure.Management.ExpressRoute.ExpressRouteManagementClient/1.0.0.0"
        ]
      },
      "ResponseBody": "<GatewayOperation xmlns=\"http://schemas.microsoft.com/windowsazure\" xmlns:i=\"http://www.w3.org/2001/XMLSchema-instance\">\r\n  <ID>c52204ae-c726-0875-b3fd-b8a801e899c4</ID>\r\n  <OperationStartedTime>2015-02-24T20:57:27.3192423</OperationStartedTime>\r\n  <Status>InProgress</Status>\r\n</GatewayOperation>",
      "ResponseHeaders": {
        "Content-Length": [
          "283"
        ],
        "Content-Type": [
          "application/xml; charset=utf-8"
        ],
        "x-ms-request-id": [
          "44b1f369142506e3b98ab0345e92d417"
        ],
        "Cache-Control": [
          "no-cache"
        ],
        "Date": [
          "Tue, 24 Feb 2015 20:57:27 GMT"
        ],
        "Server": [
          "1.0.6190.5159",
          "(rd_rdfe_n.150123-1103)",
          "Microsoft-HTTPAPI/2.0"
        ]
      },
      "StatusCode": 200
    },
    {
      "RequestUri": "/0cd40ba3-75d4-4d82-95fe-b4c3ff4fd7e4/services/networking/operation/c52204ae-c726-0875-b3fd-b8a801e899c4",
      "EncodedRequestUri": "LzBjZDQwYmEzLTc1ZDQtNGQ4Mi05NWZlLWI0YzNmZjRmZDdlNC9zZXJ2aWNlcy9uZXR3b3JraW5nL29wZXJhdGlvbi9jNTIyMDRhZS1jNzI2LTA4NzUtYjNmZC1iOGE4MDFlODk5YzQ=",
      "RequestMethod": "GET",
      "RequestBody": "",
      "RequestHeaders": {
        "x-ms-version": [
          "2011-10-01"
        ],
        "User-Agent": [
          "Microsoft.WindowsAzure.Management.ExpressRoute.ExpressRouteManagementClient/1.0.0.0"
        ]
      },
      "ResponseBody": "<GatewayOperation xmlns=\"http://schemas.microsoft.com/windowsazure\" xmlns:i=\"http://www.w3.org/2001/XMLSchema-instance\">\r\n  <HttpStatusCode>OK</HttpStatusCode>\r\n  <ID>c52204ae-c726-0875-b3fd-b8a801e899c4</ID>\r\n  <OperationCompletedTime>2015-02-24T20:57:33.8938801</OperationCompletedTime>\r\n  <OperationStartedTime>2015-02-24T20:57:27.3192423</OperationStartedTime>\r\n  <Status>Successful</Status>\r\n</GatewayOperation>",
      "ResponseHeaders": {
        "Content-Length": [
          "394"
        ],
        "Content-Type": [
          "application/xml; charset=utf-8"
        ],
        "x-ms-request-id": [
          "b14ceaf4926004f9aacf28bc7c5865d5"
        ],
        "Cache-Control": [
          "no-cache"
        ],
        "Date": [
          "Tue, 24 Feb 2015 20:57:58 GMT"
        ],
        "Server": [
          "1.0.6190.5159",
          "(rd_rdfe_n.150123-1103)",
          "Microsoft-HTTPAPI/2.0"
        ]
      },
      "StatusCode": 200
    },
    {
      "RequestUri": "/0cd40ba3-75d4-4d82-95fe-b4c3ff4fd7e4/services/networking/dedicatedcircuits/b3adc0f2-ea81-4d5d-a02f-e8b3f08d3c98/bgppeerings/private?api-version=1.0",
      "EncodedRequestUri": "LzBjZDQwYmEzLTc1ZDQtNGQ4Mi05NWZlLWI0YzNmZjRmZDdlNC9zZXJ2aWNlcy9uZXR3b3JraW5nL2RlZGljYXRlZGNpcmN1aXRzL2IzYWRjMGYyLWVhODEtNGQ1ZC1hMDJmLWU4YjNmMDhkM2M5OC9iZ3BwZWVyaW5ncy9wcml2YXRlP2FwaS12ZXJzaW9uPTEuMA==",
      "RequestMethod": "DELETE",
      "RequestBody": "",
      "RequestHeaders": {
        "x-ms-version": [
          "2011-10-01"
        ],
        "User-Agent": [
          "Microsoft.WindowsAzure.Management.ExpressRoute.ExpressRouteManagementClient/1.0.0.0"
        ]
      },
      "ResponseBody": "<GatewayOperationAsyncResponse xmlns=\"http://schemas.microsoft.com/windowsazure\" xmlns:i=\"http://www.w3.org/2001/XMLSchema-instance\">\r\n  <ID>c0a29b45-8445-00a7-a5a3-0b25ffedf0a1</ID>\r\n</GatewayOperationAsyncResponse>",
      "ResponseHeaders": {
        "Content-Length": [
          "210"
        ],
        "Content-Type": [
          "application/xml; charset=utf-8"
        ],
        "x-ms-request-id": [
          "c0a29b45844500a7a5a30b25ffedf0a1"
        ],
        "Cache-Control": [
          "no-cache"
        ],
        "Date": [
          "Tue, 24 Feb 2015 20:58:03 GMT"
        ],
        "Server": [
          "1.0.6190.5159",
          "(rd_rdfe_n.150123-1103)",
          "Microsoft-HTTPAPI/2.0"
        ]
      },
      "StatusCode": 202
    },
    {
      "RequestUri": "/0cd40ba3-75d4-4d82-95fe-b4c3ff4fd7e4/services/networking/operation/c0a29b45-8445-00a7-a5a3-0b25ffedf0a1",
      "EncodedRequestUri": "LzBjZDQwYmEzLTc1ZDQtNGQ4Mi05NWZlLWI0YzNmZjRmZDdlNC9zZXJ2aWNlcy9uZXR3b3JraW5nL29wZXJhdGlvbi9jMGEyOWI0NS04NDQ1LTAwYTctYTVhMy0wYjI1ZmZlZGYwYTE=",
      "RequestMethod": "GET",
      "RequestBody": "",
      "RequestHeaders": {
        "x-ms-version": [
          "2011-10-01"
        ],
        "User-Agent": [
          "Microsoft.WindowsAzure.Management.ExpressRoute.ExpressRouteManagementClient/1.0.0.0"
        ]
      },
      "ResponseBody": "<GatewayOperation xmlns=\"http://schemas.microsoft.com/windowsazure\" xmlns:i=\"http://www.w3.org/2001/XMLSchema-instance\">\r\n  <ID>c0a29b45-8445-00a7-a5a3-0b25ffedf0a1</ID>\r\n  <OperationName>DeleteBgpPeering</OperationName>\r\n  <OperationStartedTime>2015-02-24T20:58:04.0295186</OperationStartedTime>\r\n  <Status>InProgress</Status>\r\n</GatewayOperation>",
      "ResponseHeaders": {
        "Content-Length": [
          "330"
        ],
        "Content-Type": [
          "application/xml; charset=utf-8"
        ],
        "x-ms-request-id": [
          "a53ef7ff36fa0d2ba9b51308a3b56689"
        ],
        "Cache-Control": [
          "no-cache"
        ],
        "Date": [
          "Tue, 24 Feb 2015 20:58:04 GMT"
        ],
        "Server": [
          "1.0.6190.5159",
          "(rd_rdfe_n.150123-1103)",
          "Microsoft-HTTPAPI/2.0"
        ]
      },
      "StatusCode": 200
    },
    {
      "RequestUri": "/0cd40ba3-75d4-4d82-95fe-b4c3ff4fd7e4/services/networking/operation/c0a29b45-8445-00a7-a5a3-0b25ffedf0a1",
      "EncodedRequestUri": "LzBjZDQwYmEzLTc1ZDQtNGQ4Mi05NWZlLWI0YzNmZjRmZDdlNC9zZXJ2aWNlcy9uZXR3b3JraW5nL29wZXJhdGlvbi9jMGEyOWI0NS04NDQ1LTAwYTctYTVhMy0wYjI1ZmZlZGYwYTE=",
      "RequestMethod": "GET",
      "RequestBody": "",
      "RequestHeaders": {
        "x-ms-version": [
          "2011-10-01"
        ],
        "User-Agent": [
          "Microsoft.WindowsAzure.Management.ExpressRoute.ExpressRouteManagementClient/1.0.0.0"
        ]
      },
      "ResponseBody": "<GatewayOperation xmlns=\"http://schemas.microsoft.com/windowsazure\" xmlns:i=\"http://www.w3.org/2001/XMLSchema-instance\">\r\n  <HttpStatusCode>OK</HttpStatusCode>\r\n  <ID>c0a29b45-8445-00a7-a5a3-0b25ffedf0a1</ID>\r\n  <OperationCompletedTime>2015-02-24T20:58:11.8040486</OperationCompletedTime>\r\n  <OperationName>DeleteBgpPeering</OperationName>\r\n  <OperationStartedTime>2015-02-24T20:58:04.0295186</OperationStartedTime>\r\n  <Status>Successful</Status>\r\n</GatewayOperation>",
      "ResponseHeaders": {
        "Content-Length": [
          "441"
        ],
        "Content-Type": [
          "application/xml; charset=utf-8"
        ],
        "x-ms-request-id": [
          "b940c1924d880316be835a35c25b810f"
        ],
        "Cache-Control": [
          "no-cache"
        ],
        "Date": [
          "Tue, 24 Feb 2015 20:58:35 GMT"
        ],
        "Server": [
          "1.0.6190.5159",
          "(rd_rdfe_n.150123-1103)",
          "Microsoft-HTTPAPI/2.0"
        ]
      },
      "StatusCode": 200
    },
    {
      "RequestUri": "/0cd40ba3-75d4-4d82-95fe-b4c3ff4fd7e4/services/networking/dedicatedcircuits/b3adc0f2-ea81-4d5d-a02f-e8b3f08d3c98/bgppeerings/public?api-version=1.0",
      "EncodedRequestUri": "LzBjZDQwYmEzLTc1ZDQtNGQ4Mi05NWZlLWI0YzNmZjRmZDdlNC9zZXJ2aWNlcy9uZXR3b3JraW5nL2RlZGljYXRlZGNpcmN1aXRzL2IzYWRjMGYyLWVhODEtNGQ1ZC1hMDJmLWU4YjNmMDhkM2M5OC9iZ3BwZWVyaW5ncy9wdWJsaWM/YXBpLXZlcnNpb249MS4w",
      "RequestMethod": "DELETE",
      "RequestBody": "",
      "RequestHeaders": {
        "x-ms-version": [
          "2011-10-01"
        ],
        "User-Agent": [
          "Microsoft.WindowsAzure.Management.ExpressRoute.ExpressRouteManagementClient/1.0.0.0"
        ]
      },
      "ResponseBody": "<GatewayOperationAsyncResponse xmlns=\"http://schemas.microsoft.com/windowsazure\" xmlns:i=\"http://www.w3.org/2001/XMLSchema-instance\">\r\n  <ID>d489c43b-6787-048c-b972-ed721c552690</ID>\r\n</GatewayOperationAsyncResponse>",
      "ResponseHeaders": {
        "Content-Length": [
          "210"
        ],
        "Content-Type": [
          "application/xml; charset=utf-8"
        ],
        "x-ms-request-id": [
          "d489c43b6787048cb972ed721c552690"
        ],
        "Cache-Control": [
          "no-cache"
        ],
        "Date": [
          "Tue, 24 Feb 2015 20:58:37 GMT"
        ],
        "Server": [
          "1.0.6190.5159",
          "(rd_rdfe_n.150123-1103)",
          "Microsoft-HTTPAPI/2.0"
        ]
      },
      "StatusCode": 202
    },
    {
      "RequestUri": "/0cd40ba3-75d4-4d82-95fe-b4c3ff4fd7e4/services/networking/operation/d489c43b-6787-048c-b972-ed721c552690",
      "EncodedRequestUri": "LzBjZDQwYmEzLTc1ZDQtNGQ4Mi05NWZlLWI0YzNmZjRmZDdlNC9zZXJ2aWNlcy9uZXR3b3JraW5nL29wZXJhdGlvbi9kNDg5YzQzYi02Nzg3LTA0OGMtYjk3Mi1lZDcyMWM1NTI2OTA=",
      "RequestMethod": "GET",
      "RequestBody": "",
      "RequestHeaders": {
        "x-ms-version": [
          "2011-10-01"
        ],
        "User-Agent": [
          "Microsoft.WindowsAzure.Management.ExpressRoute.ExpressRouteManagementClient/1.0.0.0"
        ]
      },
      "ResponseBody": "<GatewayOperation xmlns=\"http://schemas.microsoft.com/windowsazure\" xmlns:i=\"http://www.w3.org/2001/XMLSchema-instance\">\r\n  <ID>d489c43b-6787-048c-b972-ed721c552690</ID>\r\n  <OperationName>DeleteBgpPeering</OperationName>\r\n  <OperationStartedTime>2015-02-24T20:58:37.4993648</OperationStartedTime>\r\n  <Status>InProgress</Status>\r\n</GatewayOperation>",
      "ResponseHeaders": {
        "Content-Length": [
          "330"
        ],
        "Content-Type": [
          "application/xml; charset=utf-8"
        ],
        "x-ms-request-id": [
          "56ef4c236ac70bbf85bcbf6c0a6df806"
        ],
        "Cache-Control": [
          "no-cache"
        ],
        "Date": [
          "Tue, 24 Feb 2015 20:58:38 GMT"
        ],
        "Server": [
          "1.0.6190.5159",
          "(rd_rdfe_n.150123-1103)",
          "Microsoft-HTTPAPI/2.0"
        ]
      },
      "StatusCode": 200
    },
    {
      "RequestUri": "/0cd40ba3-75d4-4d82-95fe-b4c3ff4fd7e4/services/networking/operation/d489c43b-6787-048c-b972-ed721c552690",
      "EncodedRequestUri": "LzBjZDQwYmEzLTc1ZDQtNGQ4Mi05NWZlLWI0YzNmZjRmZDdlNC9zZXJ2aWNlcy9uZXR3b3JraW5nL29wZXJhdGlvbi9kNDg5YzQzYi02Nzg3LTA0OGMtYjk3Mi1lZDcyMWM1NTI2OTA=",
      "RequestMethod": "GET",
      "RequestBody": "",
      "RequestHeaders": {
        "x-ms-version": [
          "2011-10-01"
        ],
        "User-Agent": [
          "Microsoft.WindowsAzure.Management.ExpressRoute.ExpressRouteManagementClient/1.0.0.0"
        ]
      },
      "ResponseBody": "<GatewayOperation xmlns=\"http://schemas.microsoft.com/windowsazure\" xmlns:i=\"http://www.w3.org/2001/XMLSchema-instance\">\r\n  <HttpStatusCode>OK</HttpStatusCode>\r\n  <ID>d489c43b-6787-048c-b972-ed721c552690</ID>\r\n  <OperationCompletedTime>2015-02-24T20:58:49.0027788</OperationCompletedTime>\r\n  <OperationName>DeleteBgpPeering</OperationName>\r\n  <OperationStartedTime>2015-02-24T20:58:37.4993648</OperationStartedTime>\r\n  <Status>Successful</Status>\r\n</GatewayOperation>",
      "ResponseHeaders": {
        "Content-Length": [
          "441"
        ],
        "Content-Type": [
          "application/xml; charset=utf-8"
        ],
        "x-ms-request-id": [
          "4add40a4fa9500afbec6d72eedb932ea"
        ],
        "Cache-Control": [
          "no-cache"
        ],
        "Date": [
          "Tue, 24 Feb 2015 20:59:08 GMT"
        ],
        "Server": [
          "1.0.6190.5159",
          "(rd_rdfe_n.150123-1103)",
          "Microsoft-HTTPAPI/2.0"
        ]
      },
      "StatusCode": 200
    }
  ],
  "Names": {
    "CanCreateGetUpdateAndRemovePrivateAndPublicPeerings": [
      "circuit9643",
      "SharedKey8273",
      "SharedKey488",
      "SharedKey3441",
      "SharedKey6088"
    ]
  },
  "Variables": {
    "SubscriptionId": "0cd40ba3-75d4-4d82-95fe-b4c3ff4fd7e4",
    "TEST_PROVIDER_NAME": "bvttestserviceprovider2"
  }
}