{
  "Entries": [
    {
      "RequestUri": "/subscriptions/45076d1d-a3e0-418b-8187-e1422a8cf5f4/resourcegroups/csmrg9042?api-version=2021-04-01",
      "EncodedRequestUri": "L3N1YnNjcmlwdGlvbnMvNDUwNzZkMWQtYTNlMC00MThiLTgxODctZTE0MjJhOGNmNWY0L3Jlc291cmNlZ3JvdXBzL2NzbXJnOTA0Mj9hcGktdmVyc2lvbj0yMDIxLTA0LTAx",
      "RequestMethod": "PUT",
      "RequestBody": "{\r\n  \"location\": \"westus\"\r\n}",
      "RequestHeaders": {
        "x-ms-client-request-id": [
          "6b41ea22-2564-4d04-8527-8ecb74ca5449"
        ],
        "Accept-Language": [
          "en-US"
        ],
        "User-Agent": [
          "FxVersion/4.6.29916.01",
          "OSName/Windows",
          "OSVersion/Microsoft.Windows.10.0.19043.",
          "Microsoft.Azure.Management.ResourceManager.ResourceManagementClient/3.13.2.0"
        ],
        "Content-Type": [
          "application/json; charset=utf-8"
        ],
        "Content-Length": [
          "28"
        ]
      },
      "ResponseHeaders": {
        "Cache-Control": [
          "no-cache"
        ],
        "Pragma": [
          "no-cache"
        ],
        "x-ms-ratelimit-remaining-subscription-writes": [
          "1199"
        ],
        "x-ms-request-id": [
          "b3448023-9799-4b00-85ae-0cb62f9459a9"
        ],
        "x-ms-correlation-request-id": [
          "b3448023-9799-4b00-85ae-0cb62f9459a9"
        ],
        "x-ms-routing-request-id": [
          "WESTUS:20210511T202454Z:b3448023-9799-4b00-85ae-0cb62f9459a9"
        ],
        "Strict-Transport-Security": [
          "max-age=31536000; includeSubDomains"
        ],
        "X-Content-Type-Options": [
          "nosniff"
        ],
        "Date": [
          "Tue, 11 May 2021 20:24:54 GMT"
        ],
        "Content-Length": [
          "215"
        ],
        "Content-Type": [
          "application/json; charset=utf-8"
        ],
        "Expires": [
          "-1"
        ]
      },
      "ResponseBody": "{\r\n  \"id\": \"/subscriptions/45076d1d-a3e0-418b-8187-e1422a8cf5f4/resourceGroups/csmrg9042\",\r\n  \"name\": \"csmrg9042\",\r\n  \"type\": \"Microsoft.Resources/resourceGroups\",\r\n  \"location\": \"westus\",\r\n  \"properties\": {\r\n    \"provisioningState\": \"Succeeded\"\r\n  }\r\n}",
      "StatusCode": 201
    },
    {
      "RequestUri": "/subscriptions/45076d1d-a3e0-418b-8187-e1422a8cf5f4/resourcegroups/csmrg9042/providers/Microsoft.Resources/deployments/csmd4633?api-version=2021-04-01",
      "EncodedRequestUri": "L3N1YnNjcmlwdGlvbnMvNDUwNzZkMWQtYTNlMC00MThiLTgxODctZTE0MjJhOGNmNWY0L3Jlc291cmNlZ3JvdXBzL2NzbXJnOTA0Mi9wcm92aWRlcnMvTWljcm9zb2Z0LlJlc291cmNlcy9kZXBsb3ltZW50cy9jc21kNDYzMz9hcGktdmVyc2lvbj0yMDIxLTA0LTAx",
      "RequestMethod": "PUT",
      "RequestBody": "{\r\n  \"properties\": {\r\n    \"template\": {\r\n      \"$schema\": \"http://schema.management.azure.com/schemas/2015-01-01/deploymentTemplate.json#\",\r\n      \"contentVersion\": \"1.0.0.0\",\r\n      \"parameters\": {\r\n        \"storageAccountName\": {\r\n          \"type\": \"string\"\r\n        }\r\n      },\r\n      \"resources\": [\r\n        {\r\n          \"type\": \"Microsoft.Storage/storageAccounts\",\r\n          \"name\": \"[parameters('storageAccountName')]\",\r\n          \"apiVersion\": \"2015-06-15\",\r\n          \"location\": \"[resourceGroup().location]\",\r\n          \"properties\": {\r\n            \"accountType\": \"Standard_LRS\"\r\n          }\r\n        }\r\n      ],\r\n      \"outputs\": {}\r\n    },\r\n    \"parameters\": {\r\n      \"storageAccountName\": {\r\n        \"value\": \"wendysdktestsa\"\r\n      }\r\n    },\r\n    \"mode\": \"Incremental\"\r\n  }\r\n}",
      "RequestHeaders": {
        "x-ms-client-request-id": [
          "ed090ab1-caf9-400f-a5a7-23d90950f649"
        ],
        "Accept-Language": [
          "en-US"
        ],
        "User-Agent": [
          "FxVersion/4.6.29916.01",
          "OSName/Windows",
          "OSVersion/Microsoft.Windows.10.0.19043.",
          "Microsoft.Azure.Management.ResourceManager.ResourceManagementClient/3.13.2.0"
        ],
        "Content-Type": [
          "application/json; charset=utf-8"
        ],
        "Content-Length": [
          "790"
        ]
      },
      "ResponseHeaders": {
        "Cache-Control": [
          "no-cache"
        ],
        "Pragma": [
          "no-cache"
        ],
        "Azure-AsyncOperation": [
          "https://management.azure.com/subscriptions/45076d1d-a3e0-418b-8187-e1422a8cf5f4/resourcegroups/csmrg9042/providers/Microsoft.Resources/deployments/csmd4633/operationStatuses/08585808421910258309?api-version=2021-04-01"
        ],
        "x-ms-ratelimit-remaining-subscription-writes": [
          "1198"
        ],
        "x-ms-request-id": [
          "f4b690c9-3075-4052-b229-c0aaa18ec701"
        ],
        "x-ms-correlation-request-id": [
          "f4b690c9-3075-4052-b229-c0aaa18ec701"
        ],
        "x-ms-routing-request-id": [
          "WESTUS:20210511T202454Z:f4b690c9-3075-4052-b229-c0aaa18ec701"
        ],
        "Strict-Transport-Security": [
          "max-age=31536000; includeSubDomains"
        ],
        "X-Content-Type-Options": [
          "nosniff"
        ],
        "Date": [
          "Tue, 11 May 2021 20:24:54 GMT"
        ],
        "Content-Length": [
          "644"
        ],
        "Content-Type": [
          "application/json; charset=utf-8"
        ],
        "Expires": [
          "-1"
        ]
      },
      "ResponseBody": "{\r\n  \"id\": \"/subscriptions/45076d1d-a3e0-418b-8187-e1422a8cf5f4/resourceGroups/csmrg9042/providers/Microsoft.Resources/deployments/csmd4633\",\r\n  \"name\": \"csmd4633\",\r\n  \"type\": \"Microsoft.Resources/deployments\",\r\n  \"properties\": {\r\n    \"templateHash\": \"17146611848161502822\",\r\n    \"parameters\": {\r\n      \"storageAccountName\": {\r\n        \"type\": \"String\",\r\n        \"value\": \"wendysdktestsa\"\r\n      }\r\n    },\r\n    \"mode\": \"Incremental\",\r\n    \"provisioningState\": \"Accepted\",\r\n    \"timestamp\": \"2021-05-11T20:24:54.627903Z\",\r\n    \"duration\": \"PT0.1761194S\",\r\n    \"correlationId\": \"f4b690c9-3075-4052-b229-c0aaa18ec701\",\r\n    \"providers\": [\r\n      {\r\n        \"namespace\": \"Microsoft.Storage\",\r\n        \"resourceTypes\": [\r\n          {\r\n            \"resourceType\": \"storageAccounts\",\r\n            \"locations\": [\r\n              \"westus\"\r\n            ]\r\n          }\r\n        ]\r\n      }\r\n    ],\r\n    \"dependencies\": []\r\n  }\r\n}",
      "StatusCode": 201
    },
    {
      "RequestUri": "/subscriptions/45076d1d-a3e0-418b-8187-e1422a8cf5f4/resourcegroups/csmrg9042/providers/Microsoft.Resources/deployments/csmd4633/operationStatuses/08585808421910258309?api-version=2021-04-01",
      "EncodedRequestUri": "L3N1YnNjcmlwdGlvbnMvNDUwNzZkMWQtYTNlMC00MThiLTgxODctZTE0MjJhOGNmNWY0L3Jlc291cmNlZ3JvdXBzL2NzbXJnOTA0Mi9wcm92aWRlcnMvTWljcm9zb2Z0LlJlc291cmNlcy9kZXBsb3ltZW50cy9jc21kNDYzMy9vcGVyYXRpb25TdGF0dXNlcy8wODU4NTgwODQyMTkxMDI1ODMwOT9hcGktdmVyc2lvbj0yMDIxLTA0LTAx",
      "RequestMethod": "GET",
      "RequestBody": "",
      "RequestHeaders": {
        "User-Agent": [
          "FxVersion/4.6.29916.01",
          "OSName/Windows",
          "OSVersion/Microsoft.Windows.10.0.19043.",
          "Microsoft.Azure.Management.ResourceManager.ResourceManagementClient/3.13.2.0"
        ]
      },
      "ResponseHeaders": {
        "Cache-Control": [
          "no-cache"
        ],
        "Pragma": [
          "no-cache"
        ],
        "x-ms-ratelimit-remaining-subscription-reads": [
          "11999"
        ],
        "x-ms-request-id": [
          "c880e72b-aa68-4faa-9cac-6675315f075a"
        ],
        "x-ms-correlation-request-id": [
          "c880e72b-aa68-4faa-9cac-6675315f075a"
        ],
        "x-ms-routing-request-id": [
          "WESTUS:20210511T202524Z:c880e72b-aa68-4faa-9cac-6675315f075a"
        ],
        "Strict-Transport-Security": [
          "max-age=31536000; includeSubDomains"
        ],
        "X-Content-Type-Options": [
          "nosniff"
        ],
        "Date": [
          "Tue, 11 May 2021 20:25:24 GMT"
        ],
        "Content-Type": [
          "application/json; charset=utf-8"
        ],
        "Expires": [
          "-1"
        ],
        "Content-Length": [
          "22"
        ]
      },
      "ResponseBody": "{\r\n  \"status\": \"Succeeded\"\r\n}",
      "StatusCode": 200
    },
    {
      "RequestUri": "/subscriptions/45076d1d-a3e0-418b-8187-e1422a8cf5f4/resourcegroups/csmrg9042/providers/Microsoft.Resources/deployments/csmd4633?api-version=2021-04-01",
      "EncodedRequestUri": "L3N1YnNjcmlwdGlvbnMvNDUwNzZkMWQtYTNlMC00MThiLTgxODctZTE0MjJhOGNmNWY0L3Jlc291cmNlZ3JvdXBzL2NzbXJnOTA0Mi9wcm92aWRlcnMvTWljcm9zb2Z0LlJlc291cmNlcy9kZXBsb3ltZW50cy9jc21kNDYzMz9hcGktdmVyc2lvbj0yMDIxLTA0LTAx",
      "RequestMethod": "GET",
      "RequestBody": "",
      "RequestHeaders": {
        "User-Agent": [
          "FxVersion/4.6.29916.01",
          "OSName/Windows",
          "OSVersion/Microsoft.Windows.10.0.19043.",
          "Microsoft.Azure.Management.ResourceManager.ResourceManagementClient/3.13.2.0"
        ]
      },
      "ResponseHeaders": {
        "Cache-Control": [
          "no-cache"
        ],
        "Pragma": [
          "no-cache"
        ],
        "x-ms-ratelimit-remaining-subscription-reads": [
          "11998"
        ],
        "x-ms-request-id": [
          "1f6d9bfb-2ddf-4fb1-b324-6478566547be"
        ],
        "x-ms-correlation-request-id": [
          "1f6d9bfb-2ddf-4fb1-b324-6478566547be"
        ],
        "x-ms-routing-request-id": [
          "WESTUS:20210511T202524Z:1f6d9bfb-2ddf-4fb1-b324-6478566547be"
        ],
        "Strict-Transport-Security": [
          "max-age=31536000; includeSubDomains"
        ],
        "X-Content-Type-Options": [
          "nosniff"
        ],
        "Date": [
          "Tue, 11 May 2021 20:25:24 GMT"
        ],
        "Content-Type": [
          "application/json; charset=utf-8"
        ],
        "Expires": [
          "-1"
        ],
        "Content-Length": [
          "824"
        ]
      },
      "ResponseBody": "{\r\n  \"id\": \"/subscriptions/45076d1d-a3e0-418b-8187-e1422a8cf5f4/resourceGroups/csmrg9042/providers/Microsoft.Resources/deployments/csmd4633\",\r\n  \"name\": \"csmd4633\",\r\n  \"type\": \"Microsoft.Resources/deployments\",\r\n  \"properties\": {\r\n    \"templateHash\": \"17146611848161502822\",\r\n    \"parameters\": {\r\n      \"storageAccountName\": {\r\n        \"type\": \"String\",\r\n        \"value\": \"wendysdktestsa\"\r\n      }\r\n    },\r\n    \"mode\": \"Incremental\",\r\n    \"provisioningState\": \"Succeeded\",\r\n    \"timestamp\": \"2021-05-11T20:25:20.349599Z\",\r\n    \"duration\": \"PT25.8978154S\",\r\n    \"correlationId\": \"f4b690c9-3075-4052-b229-c0aaa18ec701\",\r\n    \"providers\": [\r\n      {\r\n        \"namespace\": \"Microsoft.Storage\",\r\n        \"resourceTypes\": [\r\n          {\r\n            \"resourceType\": \"storageAccounts\",\r\n            \"locations\": [\r\n              \"westus\"\r\n            ]\r\n          }\r\n        ]\r\n      }\r\n    ],\r\n    \"dependencies\": [],\r\n    \"outputs\": {},\r\n    \"outputResources\": [\r\n      {\r\n        \"id\": \"/subscriptions/45076d1d-a3e0-418b-8187-e1422a8cf5f4/resourceGroups/csmrg9042/providers/Microsoft.Storage/storageAccounts/wendysdktestsa\"\r\n      }\r\n    ]\r\n  }\r\n}",
      "StatusCode": 200
    },
    {
      "RequestUri": "/subscriptions/45076d1d-a3e0-418b-8187-e1422a8cf5f4/resourcegroups/csmrg9042/providers/Microsoft.Resources/deployments/csmd8017/whatIf?api-version=2021-04-01",
      "EncodedRequestUri": "L3N1YnNjcmlwdGlvbnMvNDUwNzZkMWQtYTNlMC00MThiLTgxODctZTE0MjJhOGNmNWY0L3Jlc291cmNlZ3JvdXBzL2NzbXJnOTA0Mi9wcm92aWRlcnMvTWljcm9zb2Z0LlJlc291cmNlcy9kZXBsb3ltZW50cy9jc21kODAxNy93aGF0SWY/YXBpLXZlcnNpb249MjAyMS0wNC0wMQ==",
      "RequestMethod": "POST",
      "RequestBody": "{\r\n  \"properties\": {\r\n    \"whatIfSettings\": {\r\n      \"resultFormat\": \"ResourceIdOnly\"\r\n    },\r\n    \"template\": {\r\n      \"$schema\": \"https://schema.management.azure.com/schemas/2015-01-01/deploymentTemplate.json#\",\r\n      \"contentVersion\": \"1.0.0.0\",\r\n      \"parameters\": {},\r\n      \"variables\": {},\r\n      \"resources\": [],\r\n      \"outputs\": {}\r\n    },\r\n    \"mode\": \"Complete\"\r\n  }\r\n}",
      "RequestHeaders": {
        "x-ms-client-request-id": [
          "ed655333-ba2c-4fdc-81d3-8b2436356646"
        ],
        "Accept-Language": [
          "en-US"
        ],
        "User-Agent": [
          "FxVersion/4.6.29916.01",
          "OSName/Windows",
          "OSVersion/Microsoft.Windows.10.0.19043.",
          "Microsoft.Azure.Management.ResourceManager.ResourceManagementClient/3.13.2.0"
        ],
        "Content-Type": [
          "application/json; charset=utf-8"
        ],
        "Content-Length": [
          "383"
        ]
      },
      "ResponseHeaders": {
        "Cache-Control": [
          "no-cache"
        ],
        "Pragma": [
          "no-cache"
        ],
        "Location": [
          "https://management.azure.com/subscriptions/45076d1d-a3e0-418b-8187-e1422a8cf5f4/operationresults/eyJqb2JJZCI6IkRlcGxveW1lbnRXaGF0SWZKb2ItQ1NNUkc5MDQyLUNTTUQ4MDE3LTk5Q0U1NERGOjJENUYwRjoyRDQwRUQ6MkRCODNDOjJEQzA2MEE2MzFEOTFDIiwiam9iTG9jYXRpb24iOiJ3ZXN0dXMifQ?api-version=2021-04-01"
        ],
        "Retry-After": [
          "15"
        ],
        "x-ms-ratelimit-remaining-subscription-writes": [
          "1199"
        ],
        "x-ms-request-id": [
          "99ce54df-5f0f-40ed-b83c-c060a631d91c"
        ],
        "x-ms-correlation-request-id": [
          "99ce54df-5f0f-40ed-b83c-c060a631d91c"
        ],
        "x-ms-routing-request-id": [
          "WESTUS:20210511T202525Z:99ce54df-5f0f-40ed-b83c-c060a631d91c"
        ],
        "Strict-Transport-Security": [
          "max-age=31536000; includeSubDomains"
        ],
        "X-Content-Type-Options": [
          "nosniff"
        ],
        "Date": [
          "Tue, 11 May 2021 20:25:25 GMT"
        ],
        "Expires": [
          "-1"
        ],
        "Content-Length": [
          "0"
        ]
      },
      "ResponseBody": "",
      "StatusCode": 202
    },
    {
      "RequestUri": "/subscriptions/45076d1d-a3e0-418b-8187-e1422a8cf5f4/operationresults/eyJqb2JJZCI6IkRlcGxveW1lbnRXaGF0SWZKb2ItQ1NNUkc5MDQyLUNTTUQ4MDE3LTk5Q0U1NERGOjJENUYwRjoyRDQwRUQ6MkRCODNDOjJEQzA2MEE2MzFEOTFDIiwiam9iTG9jYXRpb24iOiJ3ZXN0dXMifQ?api-version=2021-04-01",
      "EncodedRequestUri": "L3N1YnNjcmlwdGlvbnMvNDUwNzZkMWQtYTNlMC00MThiLTgxODctZTE0MjJhOGNmNWY0L29wZXJhdGlvbnJlc3VsdHMvZXlKcWIySkpaQ0k2SWtSbGNHeHZlVzFsYm5SWGFHRjBTV1pLYjJJdFExTk5Va2M1TURReUxVTlRUVVE0TURFM0xUazVRMFUxTkVSR09qSkVOVVl3UmpveVJEUXdSVVE2TWtSQ09ETkRPakpFUXpBMk1FRTJNekZFT1RGRElpd2lhbTlpVEc5allYUnBiMjRpT2lKM1pYTjBkWE1pZlE/YXBpLXZlcnNpb249MjAyMS0wNC0wMQ==",
      "RequestMethod": "GET",
      "RequestBody": "",
      "RequestHeaders": {
        "User-Agent": [
          "FxVersion/4.6.29916.01",
          "OSName/Windows",
          "OSVersion/Microsoft.Windows.10.0.19043.",
          "Microsoft.Azure.Management.ResourceManager.ResourceManagementClient/3.13.2.0"
        ]
      },
      "ResponseHeaders": {
        "Cache-Control": [
          "no-cache"
        ],
        "Pragma": [
          "no-cache"
        ],
        "x-ms-ratelimit-remaining-subscription-reads": [
          "11997"
        ],
        "x-ms-request-id": [
          "5e9da61e-0948-441f-a3ea-e07b9c7acd4f"
        ],
        "x-ms-correlation-request-id": [
          "5e9da61e-0948-441f-a3ea-e07b9c7acd4f"
        ],
        "x-ms-routing-request-id": [
          "WESTUS:20210511T202540Z:5e9da61e-0948-441f-a3ea-e07b9c7acd4f"
        ],
        "Strict-Transport-Security": [
          "max-age=31536000; includeSubDomains"
        ],
        "X-Content-Type-Options": [
          "nosniff"
        ],
        "Date": [
          "Tue, 11 May 2021 20:25:40 GMT"
        ],
        "Content-Type": [
          "application/json; charset=utf-8"
        ],
        "Expires": [
          "-1"
        ],
        "Content-Length": [
          "279"
        ]
      },
      "ResponseBody": "{\r\n  \"status\": \"Succeeded\",\r\n  \"properties\": {\r\n    \"correlationId\": \"99ce54df-5f0f-40ed-b83c-c060a631d91c\",\r\n    \"changes\": [\r\n      {\r\n        \"resourceId\": \"/subscriptions/45076d1d-a3e0-418b-8187-e1422a8cf5f4/resourceGroups/csmrg9042/providers/Microsoft.Storage/storageAccounts/wendysdktestsa\",\r\n        \"changeType\": \"Delete\"\r\n      }\r\n    ]\r\n  }\r\n}",
      "StatusCode": 200
    },
    {
      "RequestUri": "/subscriptions/45076d1d-a3e0-418b-8187-e1422a8cf5f4/operationresults/eyJqb2JJZCI6IkRlcGxveW1lbnRXaGF0SWZKb2ItQ1NNUkc5MDQyLUNTTUQ4MDE3LTk5Q0U1NERGOjJENUYwRjoyRDQwRUQ6MkRCODNDOjJEQzA2MEE2MzFEOTFDIiwiam9iTG9jYXRpb24iOiJ3ZXN0dXMifQ?api-version=2021-04-01",
      "EncodedRequestUri": "L3N1YnNjcmlwdGlvbnMvNDUwNzZkMWQtYTNlMC00MThiLTgxODctZTE0MjJhOGNmNWY0L29wZXJhdGlvbnJlc3VsdHMvZXlKcWIySkpaQ0k2SWtSbGNHeHZlVzFsYm5SWGFHRjBTV1pLYjJJdFExTk5Va2M1TURReUxVTlRUVVE0TURFM0xUazVRMFUxTkVSR09qSkVOVVl3UmpveVJEUXdSVVE2TWtSQ09ETkRPakpFUXpBMk1FRTJNekZFT1RGRElpd2lhbTlpVEc5allYUnBiMjRpT2lKM1pYTjBkWE1pZlE/YXBpLXZlcnNpb249MjAyMS0wNC0wMQ==",
      "RequestMethod": "GET",
      "RequestBody": "",
      "RequestHeaders": {
        "User-Agent": [
          "FxVersion/4.6.29916.01",
          "OSName/Windows",
          "OSVersion/Microsoft.Windows.10.0.19043.",
          "Microsoft.Azure.Management.ResourceManager.ResourceManagementClient/3.13.2.0"
        ]
      },
      "ResponseHeaders": {
        "Cache-Control": [
          "no-cache"
        ],
        "Pragma": [
          "no-cache"
        ],
        "x-ms-ratelimit-remaining-subscription-reads": [
          "11996"
        ],
        "x-ms-request-id": [
          "edd2b2fe-8834-40b2-b5db-d0edaddad5de"
        ],
        "x-ms-correlation-request-id": [
          "edd2b2fe-8834-40b2-b5db-d0edaddad5de"
        ],
        "x-ms-routing-request-id": [
          "WESTUS:20210511T202540Z:edd2b2fe-8834-40b2-b5db-d0edaddad5de"
        ],
        "Strict-Transport-Security": [
          "max-age=31536000; includeSubDomains"
        ],
        "X-Content-Type-Options": [
          "nosniff"
        ],
        "Date": [
          "Tue, 11 May 2021 20:25:40 GMT"
        ],
        "Content-Type": [
          "application/json; charset=utf-8"
        ],
        "Expires": [
          "-1"
        ],
        "Content-Length": [
          "279"
        ]
      },
      "ResponseBody": "{\r\n  \"status\": \"Succeeded\",\r\n  \"properties\": {\r\n    \"correlationId\": \"99ce54df-5f0f-40ed-b83c-c060a631d91c\",\r\n    \"changes\": [\r\n      {\r\n        \"resourceId\": \"/subscriptions/45076d1d-a3e0-418b-8187-e1422a8cf5f4/resourceGroups/csmrg9042/providers/Microsoft.Storage/storageAccounts/wendysdktestsa\",\r\n        \"changeType\": \"Delete\"\r\n      }\r\n    ]\r\n  }\r\n}",
      "StatusCode": 200
    }
  ],
  "Names": {
    "NewResourceGroupName": [
      "csmrg9042"
    ],
    "NewDeploymentName": [
      "csmd4633",
      "csmd8017"
    ]
  },
  "Variables": {
    "SubscriptionId": "45076d1d-a3e0-418b-8187-e1422a8cf5f4"
  }
}