{
  "Entries": [
    {
      "RequestUri": "/subscriptions/a93e8c5c-63cb-4635-933f-6d166ac25187/resourcegroups/csmrg7991?api-version=2019-07-01",
      "EncodedRequestUri": "L3N1YnNjcmlwdGlvbnMvYTkzZThjNWMtNjNjYi00NjM1LTkzM2YtNmQxNjZhYzI1MTg3L3Jlc291cmNlZ3JvdXBzL2NzbXJnNzk5MT9hcGktdmVyc2lvbj0yMDE5LTA3LTAx",
      "RequestMethod": "PUT",
      "RequestBody": "{\r\n  \"location\": \"eastus2euap\"\r\n}",
      "RequestHeaders": {
        "x-ms-client-request-id": [
          "597292f1-9874-4884-b73f-26f576ac158e"
        ],
        "Accept-Language": [
          "en-US"
        ],
        "User-Agent": [
          "FxVersion/4.6.27817.01",
          "OSName/Windows",
          "OSVersion/Microsoft.Windows.10.0.18990.",
          "Microsoft.Azure.Management.ResourceManager.ResourceManagementClient/2.4.0.0"
        ],
        "Content-Type": [
          "application/json; charset=utf-8"
        ],
        "Content-Length": [
          "33"
        ]
      },
      "ResponseHeaders": {
        "Cache-Control": [
          "no-cache"
        ],
        "Pragma": [
          "no-cache"
        ],
        "x-ms-ratelimit-remaining-subscription-writes": [
          "1197"
        ],
        "x-ms-request-id": [
          "46c963e1-5d62-4d70-b896-6e2a0563509a"
        ],
        "x-ms-correlation-request-id": [
          "46c963e1-5d62-4d70-b896-6e2a0563509a"
        ],
        "x-ms-routing-request-id": [
          "EASTUS2EUAP:20191002T212853Z:46c963e1-5d62-4d70-b896-6e2a0563509a"
        ],
        "Strict-Transport-Security": [
          "max-age=31536000; includeSubDomains"
        ],
        "X-Content-Type-Options": [
          "nosniff"
        ],
        "Date": [
          "Wed, 02 Oct 2019 21:28:53 GMT"
        ],
        "Content-Length": [
          "220"
        ],
        "Content-Type": [
          "application/json; charset=utf-8"
        ],
        "Expires": [
          "-1"
        ]
      },
      "ResponseBody": "{\r\n  \"id\": \"/subscriptions/a93e8c5c-63cb-4635-933f-6d166ac25187/resourceGroups/csmrg7991\",\r\n  \"name\": \"csmrg7991\",\r\n  \"type\": \"Microsoft.Resources/resourceGroups\",\r\n  \"location\": \"eastus2euap\",\r\n  \"properties\": {\r\n    \"provisioningState\": \"Succeeded\"\r\n  }\r\n}",
      "StatusCode": 201
    },
    {
      "RequestUri": "/subscriptions/a93e8c5c-63cb-4635-933f-6d166ac25187/resourcegroups/csmrg7991/providers/Microsoft.Resources/deployments/csmd2232/whatIf?api-version=2019-07-01",
      "EncodedRequestUri": "L3N1YnNjcmlwdGlvbnMvYTkzZThjNWMtNjNjYi00NjM1LTkzM2YtNmQxNjZhYzI1MTg3L3Jlc291cmNlZ3JvdXBzL2NzbXJnNzk5MS9wcm92aWRlcnMvTWljcm9zb2Z0LlJlc291cmNlcy9kZXBsb3ltZW50cy9jc21kMjIzMi93aGF0SWY/YXBpLXZlcnNpb249MjAxOS0wNy0wMQ==",
      "RequestMethod": "POST",
      "RequestBody": "{\r\n  \"properties\": {\r\n    \"whatIfSettings\": {\r\n      \"resultFormat\": \"FullResourcePayloads\"\r\n    },\r\n    \"template\": {\r\n      \"$schema\": \"https://schema.management.azure.com/schemas/2015-01-01/deploymentTemplate.json#\",\r\n      \"contentVersion\": \"1.0.0.0\",\r\n      \"parameters\": {},\r\n      \"variables\": {},\r\n      \"resources\": [],\r\n      \"outputs\": {}\r\n    },\r\n    \"mode\": \"Incremental\"\r\n  }\r\n}",
      "RequestHeaders": {
        "x-ms-client-request-id": [
          "1c6c7927-e100-4a0e-b928-2e3c8921c875"
        ],
        "Accept-Language": [
          "en-US"
        ],
        "User-Agent": [
          "FxVersion/4.6.27817.01",
          "OSName/Windows",
          "OSVersion/Microsoft.Windows.10.0.18990.",
          "Microsoft.Azure.Management.ResourceManager.ResourceManagementClient/2.4.0.0"
        ],
        "Content-Type": [
          "application/json; charset=utf-8"
        ],
        "Content-Length": [
          "392"
        ]
      },
      "ResponseHeaders": {
        "Cache-Control": [
          "no-cache"
        ],
        "Pragma": [
          "no-cache"
        ],
        "Location": [
          "https://eastus2euap.management.azure.com/subscriptions/a93e8c5c-63cb-4635-933f-6d166ac25187/operationresults/eyJqb2JJZCI6IkRlcGxveW1lbnRXaGF0SWZKb2ItQ1NNUkc3OTkxLUNTTUQyMjMyLURGRjExQzA1OjJEOTZEQjoyRDQzOUM6MkRBOEQ3OjJEMzgyNDRFMzgyQkUzIiwiam9iTG9jYXRpb24iOiJlYXN0dXMyZXVhcCJ9?api-version=2019-07-01"
        ],
        "Retry-After": [
          "15"
        ],
        "x-ms-ratelimit-remaining-subscription-writes": [
          "1196"
        ],
        "x-ms-request-id": [
          "dff11c05-96db-439c-a8d7-38244e382be3"
        ],
        "x-ms-correlation-request-id": [
          "dff11c05-96db-439c-a8d7-38244e382be3"
        ],
        "x-ms-routing-request-id": [
          "EASTUS2EUAP:20191002T212854Z:dff11c05-96db-439c-a8d7-38244e382be3"
        ],
        "Strict-Transport-Security": [
          "max-age=31536000; includeSubDomains"
        ],
        "X-Content-Type-Options": [
          "nosniff"
        ],
        "Date": [
          "Wed, 02 Oct 2019 21:28:53 GMT"
        ],
        "Expires": [
          "-1"
        ],
        "Content-Length": [
          "0"
        ]
      },
      "ResponseBody": "",
      "StatusCode": 202
    },
    {
      "RequestUri": "/subscriptions/a93e8c5c-63cb-4635-933f-6d166ac25187/operationresults/eyJqb2JJZCI6IkRlcGxveW1lbnRXaGF0SWZKb2ItQ1NNUkc3OTkxLUNTTUQyMjMyLURGRjExQzA1OjJEOTZEQjoyRDQzOUM6MkRBOEQ3OjJEMzgyNDRFMzgyQkUzIiwiam9iTG9jYXRpb24iOiJlYXN0dXMyZXVhcCJ9?api-version=2019-07-01",
      "EncodedRequestUri": "L3N1YnNjcmlwdGlvbnMvYTkzZThjNWMtNjNjYi00NjM1LTkzM2YtNmQxNjZhYzI1MTg3L29wZXJhdGlvbnJlc3VsdHMvZXlKcWIySkpaQ0k2SWtSbGNHeHZlVzFsYm5SWGFHRjBTV1pLYjJJdFExTk5Va2MzT1RreExVTlRUVVF5TWpNeUxVUkdSakV4UXpBMU9qSkVPVFpFUWpveVJEUXpPVU02TWtSQk9FUTNPakpFTXpneU5EUkZNemd5UWtVeklpd2lhbTlpVEc5allYUnBiMjRpT2lKbFlYTjBkWE15WlhWaGNDSjk/YXBpLXZlcnNpb249MjAxOS0wNy0wMQ==",
      "RequestMethod": "GET",
      "RequestBody": "",
      "RequestHeaders": {
        "User-Agent": [
          "FxVersion/4.6.27817.01",
          "OSName/Windows",
          "OSVersion/Microsoft.Windows.10.0.18990.",
          "Microsoft.Azure.Management.ResourceManager.ResourceManagementClient/2.4.0.0"
        ]
      },
      "ResponseHeaders": {
        "Cache-Control": [
          "no-cache"
        ],
        "Pragma": [
          "no-cache"
        ],
        "x-ms-ratelimit-remaining-subscription-reads": [
          "11995"
        ],
        "x-ms-request-id": [
          "73bcaf36-219d-4956-bda6-b76e6d6fc491"
        ],
        "x-ms-correlation-request-id": [
          "73bcaf36-219d-4956-bda6-b76e6d6fc491"
        ],
        "x-ms-routing-request-id": [
          "EASTUS2EUAP:20191002T212909Z:73bcaf36-219d-4956-bda6-b76e6d6fc491"
        ],
        "Strict-Transport-Security": [
          "max-age=31536000; includeSubDomains"
        ],
        "X-Content-Type-Options": [
          "nosniff"
        ],
        "Date": [
          "Wed, 02 Oct 2019 21:29:09 GMT"
        ],
        "Content-Type": [
          "application/json; charset=utf-8"
        ],
        "Expires": [
          "-1"
        ],
        "Content-Length": [
          "50"
        ]
      },
      "ResponseBody": "{\r\n  \"status\": \"Succeeded\",\r\n  \"properties\": {\r\n    \"changes\": []\r\n  }\r\n}",
      "StatusCode": 200
    },
    {
      "RequestUri": "/subscriptions/a93e8c5c-63cb-4635-933f-6d166ac25187/operationresults/eyJqb2JJZCI6IkRlcGxveW1lbnRXaGF0SWZKb2ItQ1NNUkc3OTkxLUNTTUQyMjMyLURGRjExQzA1OjJEOTZEQjoyRDQzOUM6MkRBOEQ3OjJEMzgyNDRFMzgyQkUzIiwiam9iTG9jYXRpb24iOiJlYXN0dXMyZXVhcCJ9?api-version=2019-07-01",
      "EncodedRequestUri": "L3N1YnNjcmlwdGlvbnMvYTkzZThjNWMtNjNjYi00NjM1LTkzM2YtNmQxNjZhYzI1MTg3L29wZXJhdGlvbnJlc3VsdHMvZXlKcWIySkpaQ0k2SWtSbGNHeHZlVzFsYm5SWGFHRjBTV1pLYjJJdFExTk5Va2MzT1RreExVTlRUVVF5TWpNeUxVUkdSakV4UXpBMU9qSkVPVFpFUWpveVJEUXpPVU02TWtSQk9FUTNPakpFTXpneU5EUkZNemd5UWtVeklpd2lhbTlpVEc5allYUnBiMjRpT2lKbFlYTjBkWE15WlhWaGNDSjk/YXBpLXZlcnNpb249MjAxOS0wNy0wMQ==",
      "RequestMethod": "GET",
      "RequestBody": "",
      "RequestHeaders": {
        "User-Agent": [
          "FxVersion/4.6.27817.01",
          "OSName/Windows",
          "OSVersion/Microsoft.Windows.10.0.18990.",
          "Microsoft.Azure.Management.ResourceManager.ResourceManagementClient/2.4.0.0"
        ]
      },
      "ResponseHeaders": {
        "Cache-Control": [
          "no-cache"
        ],
        "Pragma": [
          "no-cache"
        ],
        "x-ms-ratelimit-remaining-subscription-reads": [
          "11994"
        ],
        "x-ms-request-id": [
          "0c57c2b0-8822-4db0-9de7-5997e39f25ed"
        ],
        "x-ms-correlation-request-id": [
          "0c57c2b0-8822-4db0-9de7-5997e39f25ed"
        ],
        "x-ms-routing-request-id": [
          "EASTUS2EUAP:20191002T212909Z:0c57c2b0-8822-4db0-9de7-5997e39f25ed"
        ],
        "Strict-Transport-Security": [
          "max-age=31536000; includeSubDomains"
        ],
        "X-Content-Type-Options": [
          "nosniff"
        ],
        "Date": [
          "Wed, 02 Oct 2019 21:29:09 GMT"
        ],
        "Content-Type": [
          "application/json; charset=utf-8"
        ],
        "Expires": [
          "-1"
        ],
        "Content-Length": [
          "50"
        ]
      },
      "ResponseBody": "{\r\n  \"status\": \"Succeeded\",\r\n  \"properties\": {\r\n    \"changes\": []\r\n  }\r\n}",
      "StatusCode": 200
    }
  ],
  "Names": {
    "NewResourceGroupName": [
      "csmrg7991"
    ],
    "NewDeploymentName": [
      "csmd2232"
    ]
  },
  "Variables": {
    "SubscriptionId": "a93e8c5c-63cb-4635-933f-6d166ac25187"
  }
}