{
  "Entries": [
    {
      "RequestUri": "/subscriptions/afe8f803-7190-48e3-b41a-bc454e8aad1a/resourcegroups/csmrg8450?api-version=2019-10-01",
      "EncodedRequestUri": "L3N1YnNjcmlwdGlvbnMvYWZlOGY4MDMtNzE5MC00OGUzLWI0MWEtYmM0NTRlOGFhZDFhL3Jlc291cmNlZ3JvdXBzL2NzbXJnODQ1MD9hcGktdmVyc2lvbj0yMDE5LTEwLTAx",
      "RequestMethod": "PUT",
      "RequestBody": "{\r\n  \"location\": \"westus\"\r\n}",
      "RequestHeaders": {
        "x-ms-client-request-id": [
          "50a23b66-fbc4-4a0f-b8a3-51344cd66429"
        ],
        "Accept-Language": [
          "en-US"
        ],
        "User-Agent": [
          "FxVersion/4.6.28325.01",
          "OSName/Windows",
          "OSVersion/Microsoft.Windows.10.0.18363.",
          "Microsoft.Azure.Management.ResourceManager.ResourceManagementClient/3.4.0.0"
        ],
        "Content-Type": [
          "application/json; charset=utf-8"
        ],
        "Content-Length": [
          "28"
        ]
      },
      "ResponseHeaders": {
        "Cache-Control": [
          "no-cache"
        ],
        "Pragma": [
          "no-cache"
        ],
        "x-ms-ratelimit-remaining-subscription-writes": [
          "1199"
        ],
        "x-ms-request-id": [
          "79f16225-7d79-4ac6-bd7e-2b6e6cded229"
        ],
        "x-ms-correlation-request-id": [
          "79f16225-7d79-4ac6-bd7e-2b6e6cded229"
        ],
        "x-ms-routing-request-id": [
          "WESTUS:20200228T000300Z:79f16225-7d79-4ac6-bd7e-2b6e6cded229"
        ],
        "Strict-Transport-Security": [
          "max-age=31536000; includeSubDomains"
        ],
        "X-Content-Type-Options": [
          "nosniff"
        ],
        "Date": [
          "Fri, 28 Feb 2020 00:02:59 GMT"
        ],
        "Content-Length": [
          "215"
        ],
        "Content-Type": [
          "application/json; charset=utf-8"
        ],
        "Expires": [
          "-1"
        ]
      },
      "ResponseBody": "{\r\n  \"id\": \"/subscriptions/afe8f803-7190-48e3-b41a-bc454e8aad1a/resourceGroups/csmrg8450\",\r\n  \"name\": \"csmrg8450\",\r\n  \"type\": \"Microsoft.Resources/resourceGroups\",\r\n  \"location\": \"westus\",\r\n  \"properties\": {\r\n    \"provisioningState\": \"Succeeded\"\r\n  }\r\n}",
      "StatusCode": 201
    },
    {
      "RequestUri": "/subscriptions/afe8f803-7190-48e3-b41a-bc454e8aad1a/resourcegroups/csmrg8450/providers/Microsoft.Resources/deployments/csmd115/whatIf?api-version=2019-10-01",
      "EncodedRequestUri": "L3N1YnNjcmlwdGlvbnMvYWZlOGY4MDMtNzE5MC00OGUzLWI0MWEtYmM0NTRlOGFhZDFhL3Jlc291cmNlZ3JvdXBzL2NzbXJnODQ1MC9wcm92aWRlcnMvTWljcm9zb2Z0LlJlc291cmNlcy9kZXBsb3ltZW50cy9jc21kMTE1L3doYXRJZj9hcGktdmVyc2lvbj0yMDE5LTEwLTAx",
      "RequestMethod": "POST",
      "RequestBody": "{\r\n  \"properties\": {\r\n    \"whatIfSettings\": {\r\n      \"resultFormat\": \"FullResourcePayloads\"\r\n    },\r\n    \"template\": {\r\n      \"$schema\": \"https://schema.management.azure.com/schemas/2015-01-01/deploymentTemplate.json#\",\r\n      \"contentVersion\": \"1.0.0.0\",\r\n      \"parameters\": {},\r\n      \"variables\": {},\r\n      \"resources\": [],\r\n      \"outputs\": {}\r\n    },\r\n    \"mode\": \"Incremental\"\r\n  }\r\n}",
      "RequestHeaders": {
        "x-ms-client-request-id": [
          "0e878685-d63b-487e-9111-78483df10eae"
        ],
        "Accept-Language": [
          "en-US"
        ],
        "User-Agent": [
          "FxVersion/4.6.28325.01",
          "OSName/Windows",
          "OSVersion/Microsoft.Windows.10.0.18363.",
          "Microsoft.Azure.Management.ResourceManager.ResourceManagementClient/3.4.0.0"
        ],
        "Content-Type": [
          "application/json; charset=utf-8"
        ],
        "Content-Length": [
          "392"
        ]
      },
      "ResponseHeaders": {
        "Cache-Control": [
          "no-cache"
        ],
        "Pragma": [
          "no-cache"
        ],
        "Location": [
          "https://management.azure.com/subscriptions/afe8f803-7190-48e3-b41a-bc454e8aad1a/operationresults/eyJqb2JJZCI6IkRlcGxveW1lbnRXaGF0SWZKb2ItQ1NNUkc4NDUwLUNTTUQxMTUtQkU1Rjk4ODA6MkRFMDdEOjJENEI5NDoyREIwNjI6MkQxODI1QTMxODMxQ0YiLCJqb2JMb2NhdGlvbiI6Indlc3R1cyJ9?api-version=2019-10-01"
        ],
        "Retry-After": [
          "15"
        ],
        "x-ms-ratelimit-remaining-subscription-writes": [
          "1199"
        ],
        "x-ms-request-id": [
          "be5f9880-e07d-4b94-b062-1825a31831cf"
        ],
        "x-ms-correlation-request-id": [
          "be5f9880-e07d-4b94-b062-1825a31831cf"
        ],
        "x-ms-routing-request-id": [
          "WESTUS:20200228T000300Z:be5f9880-e07d-4b94-b062-1825a31831cf"
        ],
        "Strict-Transport-Security": [
          "max-age=31536000; includeSubDomains"
        ],
        "X-Content-Type-Options": [
          "nosniff"
        ],
        "Date": [
          "Fri, 28 Feb 2020 00:02:59 GMT"
        ],
        "Expires": [
          "-1"
        ],
        "Content-Length": [
          "0"
        ]
      },
      "ResponseBody": "",
      "StatusCode": 202
    },
    {
      "RequestUri": "/subscriptions/afe8f803-7190-48e3-b41a-bc454e8aad1a/operationresults/eyJqb2JJZCI6IkRlcGxveW1lbnRXaGF0SWZKb2ItQ1NNUkc4NDUwLUNTTUQxMTUtQkU1Rjk4ODA6MkRFMDdEOjJENEI5NDoyREIwNjI6MkQxODI1QTMxODMxQ0YiLCJqb2JMb2NhdGlvbiI6Indlc3R1cyJ9?api-version=2019-10-01",
      "EncodedRequestUri": "L3N1YnNjcmlwdGlvbnMvYWZlOGY4MDMtNzE5MC00OGUzLWI0MWEtYmM0NTRlOGFhZDFhL29wZXJhdGlvbnJlc3VsdHMvZXlKcWIySkpaQ0k2SWtSbGNHeHZlVzFsYm5SWGFHRjBTV1pLYjJJdFExTk5Va2M0TkRVd0xVTlRUVVF4TVRVdFFrVTFSams0T0RBNk1rUkZNRGRFT2pKRU5FSTVORG95UkVJd05qSTZNa1F4T0RJMVFUTXhPRE14UTBZaUxDSnFiMkpNYjJOaGRHbHZiaUk2SW5kbGMzUjFjeUo5P2FwaS12ZXJzaW9uPTIwMTktMTAtMDE=",
      "RequestMethod": "GET",
      "RequestBody": "",
      "RequestHeaders": {
        "User-Agent": [
          "FxVersion/4.6.28325.01",
          "OSName/Windows",
          "OSVersion/Microsoft.Windows.10.0.18363.",
          "Microsoft.Azure.Management.ResourceManager.ResourceManagementClient/3.4.0.0"
        ]
      },
      "ResponseHeaders": {
        "Cache-Control": [
          "no-cache"
        ],
        "Pragma": [
          "no-cache"
        ],
        "x-ms-ratelimit-remaining-subscription-reads": [
          "11999"
        ],
        "x-ms-request-id": [
          "a0dabf89-691f-490d-a883-a2ecd8035057"
        ],
        "x-ms-correlation-request-id": [
          "a0dabf89-691f-490d-a883-a2ecd8035057"
        ],
        "x-ms-routing-request-id": [
          "WESTUS:20200228T000315Z:a0dabf89-691f-490d-a883-a2ecd8035057"
        ],
        "Strict-Transport-Security": [
          "max-age=31536000; includeSubDomains"
        ],
        "X-Content-Type-Options": [
          "nosniff"
        ],
        "Date": [
          "Fri, 28 Feb 2020 00:03:15 GMT"
        ],
        "Content-Type": [
          "application/json; charset=utf-8"
        ],
        "Expires": [
          "-1"
        ],
        "Content-Length": [
          "50"
        ]
      },
      "ResponseBody": "{\r\n  \"status\": \"Succeeded\",\r\n  \"properties\": {\r\n    \"changes\": []\r\n  }\r\n}",
      "StatusCode": 200
    },
    {
      "RequestUri": "/subscriptions/afe8f803-7190-48e3-b41a-bc454e8aad1a/operationresults/eyJqb2JJZCI6IkRlcGxveW1lbnRXaGF0SWZKb2ItQ1NNUkc4NDUwLUNTTUQxMTUtQkU1Rjk4ODA6MkRFMDdEOjJENEI5NDoyREIwNjI6MkQxODI1QTMxODMxQ0YiLCJqb2JMb2NhdGlvbiI6Indlc3R1cyJ9?api-version=2019-10-01",
      "EncodedRequestUri": "L3N1YnNjcmlwdGlvbnMvYWZlOGY4MDMtNzE5MC00OGUzLWI0MWEtYmM0NTRlOGFhZDFhL29wZXJhdGlvbnJlc3VsdHMvZXlKcWIySkpaQ0k2SWtSbGNHeHZlVzFsYm5SWGFHRjBTV1pLYjJJdFExTk5Va2M0TkRVd0xVTlRUVVF4TVRVdFFrVTFSams0T0RBNk1rUkZNRGRFT2pKRU5FSTVORG95UkVJd05qSTZNa1F4T0RJMVFUTXhPRE14UTBZaUxDSnFiMkpNYjJOaGRHbHZiaUk2SW5kbGMzUjFjeUo5P2FwaS12ZXJzaW9uPTIwMTktMTAtMDE=",
      "RequestMethod": "GET",
      "RequestBody": "",
      "RequestHeaders": {
        "User-Agent": [
          "FxVersion/4.6.28325.01",
          "OSName/Windows",
          "OSVersion/Microsoft.Windows.10.0.18363.",
          "Microsoft.Azure.Management.ResourceManager.ResourceManagementClient/3.4.0.0"
        ]
      },
      "ResponseHeaders": {
        "Cache-Control": [
          "no-cache"
        ],
        "Pragma": [
          "no-cache"
        ],
        "x-ms-ratelimit-remaining-subscription-reads": [
          "11998"
        ],
        "x-ms-request-id": [
          "d3d6ce6b-acc3-4813-95e9-2cafbef52af4"
        ],
        "x-ms-correlation-request-id": [
          "d3d6ce6b-acc3-4813-95e9-2cafbef52af4"
        ],
        "x-ms-routing-request-id": [
          "WESTUS:20200228T000316Z:d3d6ce6b-acc3-4813-95e9-2cafbef52af4"
        ],
        "Strict-Transport-Security": [
          "max-age=31536000; includeSubDomains"
        ],
        "X-Content-Type-Options": [
          "nosniff"
        ],
        "Date": [
          "Fri, 28 Feb 2020 00:03:15 GMT"
        ],
        "Content-Type": [
          "application/json; charset=utf-8"
        ],
        "Expires": [
          "-1"
        ],
        "Content-Length": [
          "50"
        ]
      },
      "ResponseBody": "{\r\n  \"status\": \"Succeeded\",\r\n  \"properties\": {\r\n    \"changes\": []\r\n  }\r\n}",
      "StatusCode": 200
    }
  ],
  "Names": {
    "NewResourceGroupName": [
      "csmrg8450"
    ],
    "NewDeploymentName": [
      "csmd115"
    ]
  },
  "Variables": {
    "SubscriptionId": "afe8f803-7190-48e3-b41a-bc454e8aad1a"
  }
}