{
  "Entries": [
    {
      "RequestUri": "/subscriptions/a1bfa635-f2bf-42f1-86b5-848c674fc321/resourcegroups/csmrg6445?api-version=2020-10-01",
      "EncodedRequestUri": "L3N1YnNjcmlwdGlvbnMvYTFiZmE2MzUtZjJiZi00MmYxLTg2YjUtODQ4YzY3NGZjMzIxL3Jlc291cmNlZ3JvdXBzL2NzbXJnNjQ0NT9hcGktdmVyc2lvbj0yMDIwLTEwLTAx",
      "RequestMethod": "PUT",
      "RequestBody": "{\r\n  \"location\": \"westus\"\r\n}",
      "RequestHeaders": {
        "x-ms-client-request-id": [
          "a9bd92de-e3f1-4bce-b426-b92a6c8d9029"
        ],
        "Accept-Language": [
          "en-US"
        ],
        "User-Agent": [
          "FxVersion/4.6.29321.03",
          "OSName/Windows",
          "OSVersion/Microsoft.Windows.10.0.19042.",
          "Microsoft.Azure.Management.ResourceManager.ResourceManagementClient/3.11.0.0"
        ],
        "Content-Type": [
          "application/json; charset=utf-8"
        ],
        "Content-Length": [
          "28"
        ]
      },
      "ResponseHeaders": {
        "Cache-Control": [
          "no-cache"
        ],
        "Pragma": [
          "no-cache"
        ],
        "x-ms-ratelimit-remaining-subscription-writes": [
          "1199"
        ],
        "x-ms-request-id": [
          "d2f8f783-16a1-44d2-a8da-e47ad20f578b"
        ],
        "x-ms-correlation-request-id": [
          "d2f8f783-16a1-44d2-a8da-e47ad20f578b"
        ],
        "x-ms-routing-request-id": [
          "WESTCENTRALUS:20201120T164356Z:d2f8f783-16a1-44d2-a8da-e47ad20f578b"
        ],
        "Strict-Transport-Security": [
          "max-age=31536000; includeSubDomains"
        ],
        "X-Content-Type-Options": [
          "nosniff"
        ],
        "Date": [
          "Fri, 20 Nov 2020 16:43:56 GMT"
        ],
        "Content-Length": [
          "215"
        ],
        "Content-Type": [
          "application/json; charset=utf-8"
        ],
        "Expires": [
          "-1"
        ]
      },
      "ResponseBody": "{\r\n  \"id\": \"/subscriptions/a1bfa635-f2bf-42f1-86b5-848c674fc321/resourceGroups/csmrg6445\",\r\n  \"name\": \"csmrg6445\",\r\n  \"type\": \"Microsoft.Resources/resourceGroups\",\r\n  \"location\": \"westus\",\r\n  \"properties\": {\r\n    \"provisioningState\": \"Succeeded\"\r\n  }\r\n}",
      "StatusCode": 201
    },
    {
      "RequestUri": "/subscriptions/a1bfa635-f2bf-42f1-86b5-848c674fc321/resourcegroups/csmrg6445/providers/Microsoft.Resources/deployments/csmd5439?api-version=2020-10-01",
      "EncodedRequestUri": "L3N1YnNjcmlwdGlvbnMvYTFiZmE2MzUtZjJiZi00MmYxLTg2YjUtODQ4YzY3NGZjMzIxL3Jlc291cmNlZ3JvdXBzL2NzbXJnNjQ0NS9wcm92aWRlcnMvTWljcm9zb2Z0LlJlc291cmNlcy9kZXBsb3ltZW50cy9jc21kNTQzOT9hcGktdmVyc2lvbj0yMDIwLTEwLTAx",
      "RequestMethod": "PUT",
      "RequestBody": "{\r\n  \"properties\": {\r\n    \"template\": {\r\n      \"$schema\": \"http://schema.management.azure.com/schemas/2015-01-01/deploymentTemplate.json#\",\r\n      \"contentVersion\": \"1.0.0.0\",\r\n      \"parameters\": {\r\n        \"storageAccountName\": {\r\n          \"type\": \"string\"\r\n        }\r\n      },\r\n      \"resources\": [\r\n        {\r\n          \"type\": \"Microsoft.Storage/storageAccounts\",\r\n          \"name\": \"[parameters('storageAccountName')]\",\r\n          \"apiVersion\": \"2015-06-15\",\r\n          \"location\": \"[resourceGroup().location]\",\r\n          \"properties\": {\r\n            \"accountType\": \"Standard_LRS\"\r\n          }\r\n        }\r\n      ],\r\n      \"outputs\": {}\r\n    },\r\n    \"parameters\": {\r\n      \"storageAccountName\": {\r\n        \"value\": \"ramokaSATestAnother\"\r\n      }\r\n    },\r\n    \"mode\": \"Incremental\"\r\n  }\r\n}",
      "RequestHeaders": {
        "x-ms-client-request-id": [
          "2ec74bfa-bc01-400b-a5f4-8b1d8d764e0f"
        ],
        "Accept-Language": [
          "en-US"
        ],
        "User-Agent": [
          "FxVersion/4.6.29321.03",
          "OSName/Windows",
          "OSVersion/Microsoft.Windows.10.0.19042.",
          "Microsoft.Azure.Management.ResourceManager.ResourceManagementClient/3.11.0.0"
        ],
        "Content-Type": [
          "application/json; charset=utf-8"
        ],
        "Content-Length": [
          "795"
        ]
      },
      "ResponseHeaders": {
        "Cache-Control": [
          "no-cache"
        ],
        "Pragma": [
          "no-cache"
        ],
        "Azure-AsyncOperation": [
          "https://management.azure.com/subscriptions/a1bfa635-f2bf-42f1-86b5-848c674fc321/resourcegroups/csmrg6445/providers/Microsoft.Resources/deployments/csmd5439/operationStatuses/08585957162483289595?api-version=2020-10-01"
        ],
        "x-ms-ratelimit-remaining-subscription-writes": [
          "1198"
        ],
        "x-ms-request-id": [
          "36529a5b-779e-49c3-9c54-0144e6daa80f"
        ],
        "x-ms-correlation-request-id": [
          "36529a5b-779e-49c3-9c54-0144e6daa80f"
        ],
        "x-ms-routing-request-id": [
          "WESTCENTRALUS:20201120T164357Z:36529a5b-779e-49c3-9c54-0144e6daa80f"
        ],
        "Strict-Transport-Security": [
          "max-age=31536000; includeSubDomains"
        ],
        "X-Content-Type-Options": [
          "nosniff"
        ],
        "Date": [
          "Fri, 20 Nov 2020 16:43:57 GMT"
        ],
        "Content-Length": [
          "650"
        ],
        "Content-Type": [
          "application/json; charset=utf-8"
        ],
        "Expires": [
          "-1"
        ]
      },
      "ResponseBody": "{\r\n  \"id\": \"/subscriptions/a1bfa635-f2bf-42f1-86b5-848c674fc321/resourceGroups/csmrg6445/providers/Microsoft.Resources/deployments/csmd5439\",\r\n  \"name\": \"csmd5439\",\r\n  \"type\": \"Microsoft.Resources/deployments\",\r\n  \"properties\": {\r\n    \"templateHash\": \"17146611848161502822\",\r\n    \"parameters\": {\r\n      \"storageAccountName\": {\r\n        \"type\": \"String\",\r\n        \"value\": \"ramokaSATestAnother\"\r\n      }\r\n    },\r\n    \"mode\": \"Incremental\",\r\n    \"provisioningState\": \"Accepted\",\r\n    \"timestamp\": \"2020-11-20T16:43:57.6975762Z\",\r\n    \"duration\": \"PT0.5489201S\",\r\n    \"correlationId\": \"36529a5b-779e-49c3-9c54-0144e6daa80f\",\r\n    \"providers\": [\r\n      {\r\n        \"namespace\": \"Microsoft.Storage\",\r\n        \"resourceTypes\": [\r\n          {\r\n            \"resourceType\": \"storageAccounts\",\r\n            \"locations\": [\r\n              \"westus\"\r\n            ]\r\n          }\r\n        ]\r\n      }\r\n    ],\r\n    \"dependencies\": []\r\n  }\r\n}",
      "StatusCode": 201
    },
    {
      "RequestUri": "/subscriptions/a1bfa635-f2bf-42f1-86b5-848c674fc321/resourcegroups/csmrg6445/providers/Microsoft.Resources/deployments/csmd5439/operationStatuses/08585957162483289595?api-version=2020-10-01",
      "EncodedRequestUri": "L3N1YnNjcmlwdGlvbnMvYTFiZmE2MzUtZjJiZi00MmYxLTg2YjUtODQ4YzY3NGZjMzIxL3Jlc291cmNlZ3JvdXBzL2NzbXJnNjQ0NS9wcm92aWRlcnMvTWljcm9zb2Z0LlJlc291cmNlcy9kZXBsb3ltZW50cy9jc21kNTQzOS9vcGVyYXRpb25TdGF0dXNlcy8wODU4NTk1NzE2MjQ4MzI4OTU5NT9hcGktdmVyc2lvbj0yMDIwLTEwLTAx",
      "RequestMethod": "GET",
      "RequestBody": "",
      "RequestHeaders": {
        "User-Agent": [
          "FxVersion/4.6.29321.03",
          "OSName/Windows",
          "OSVersion/Microsoft.Windows.10.0.19042.",
          "Microsoft.Azure.Management.ResourceManager.ResourceManagementClient/3.11.0.0"
        ]
      },
      "ResponseHeaders": {
        "Cache-Control": [
          "no-cache"
        ],
        "Pragma": [
          "no-cache"
        ],
        "x-ms-ratelimit-remaining-subscription-reads": [
          "11999"
        ],
        "x-ms-request-id": [
          "10caacd6-9de7-45aa-be38-52f023914595"
        ],
        "x-ms-correlation-request-id": [
          "10caacd6-9de7-45aa-be38-52f023914595"
        ],
        "x-ms-routing-request-id": [
          "WESTCENTRALUS:20201120T164428Z:10caacd6-9de7-45aa-be38-52f023914595"
        ],
        "Strict-Transport-Security": [
          "max-age=31536000; includeSubDomains"
        ],
        "X-Content-Type-Options": [
          "nosniff"
        ],
        "Date": [
          "Fri, 20 Nov 2020 16:44:27 GMT"
        ],
        "Content-Type": [
          "application/json; charset=utf-8"
        ],
        "Expires": [
          "-1"
        ],
        "Content-Length": [
          "22"
        ]
      },
      "ResponseBody": "{\r\n  \"status\": \"Succeeded\"\r\n}",
      "StatusCode": 200
    },
    {
      "RequestUri": "/subscriptions/a1bfa635-f2bf-42f1-86b5-848c674fc321/resourcegroups/csmrg6445/providers/Microsoft.Resources/deployments/csmd5439?api-version=2020-10-01",
      "EncodedRequestUri": "L3N1YnNjcmlwdGlvbnMvYTFiZmE2MzUtZjJiZi00MmYxLTg2YjUtODQ4YzY3NGZjMzIxL3Jlc291cmNlZ3JvdXBzL2NzbXJnNjQ0NS9wcm92aWRlcnMvTWljcm9zb2Z0LlJlc291cmNlcy9kZXBsb3ltZW50cy9jc21kNTQzOT9hcGktdmVyc2lvbj0yMDIwLTEwLTAx",
      "RequestMethod": "GET",
      "RequestBody": "",
      "RequestHeaders": {
        "User-Agent": [
          "FxVersion/4.6.29321.03",
          "OSName/Windows",
          "OSVersion/Microsoft.Windows.10.0.19042.",
          "Microsoft.Azure.Management.ResourceManager.ResourceManagementClient/3.11.0.0"
        ]
      },
      "ResponseHeaders": {
        "Cache-Control": [
          "no-cache"
        ],
        "Pragma": [
          "no-cache"
        ],
        "x-ms-ratelimit-remaining-subscription-reads": [
          "11998"
        ],
        "x-ms-request-id": [
          "d8d3babd-3faf-4f3c-af80-c904887f143a"
        ],
        "x-ms-correlation-request-id": [
          "d8d3babd-3faf-4f3c-af80-c904887f143a"
        ],
        "x-ms-routing-request-id": [
          "WESTCENTRALUS:20201120T164428Z:d8d3babd-3faf-4f3c-af80-c904887f143a"
        ],
        "Strict-Transport-Security": [
          "max-age=31536000; includeSubDomains"
        ],
        "X-Content-Type-Options": [
          "nosniff"
        ],
        "Date": [
          "Fri, 20 Nov 2020 16:44:28 GMT"
        ],
        "Content-Type": [
          "application/json; charset=utf-8"
        ],
        "Expires": [
          "-1"
        ],
        "Content-Length": [
          "835"
        ]
      },
      "ResponseBody": "{\r\n  \"id\": \"/subscriptions/a1bfa635-f2bf-42f1-86b5-848c674fc321/resourceGroups/csmrg6445/providers/Microsoft.Resources/deployments/csmd5439\",\r\n  \"name\": \"csmd5439\",\r\n  \"type\": \"Microsoft.Resources/deployments\",\r\n  \"properties\": {\r\n    \"templateHash\": \"17146611848161502822\",\r\n    \"parameters\": {\r\n      \"storageAccountName\": {\r\n        \"type\": \"String\",\r\n        \"value\": \"ramokaSATestAnother\"\r\n      }\r\n    },\r\n    \"mode\": \"Incremental\",\r\n    \"provisioningState\": \"Succeeded\",\r\n    \"timestamp\": \"2020-11-20T16:44:22.2433276Z\",\r\n    \"duration\": \"PT25.0946715S\",\r\n    \"correlationId\": \"36529a5b-779e-49c3-9c54-0144e6daa80f\",\r\n    \"providers\": [\r\n      {\r\n        \"namespace\": \"Microsoft.Storage\",\r\n        \"resourceTypes\": [\r\n          {\r\n            \"resourceType\": \"storageAccounts\",\r\n            \"locations\": [\r\n              \"westus\"\r\n            ]\r\n          }\r\n        ]\r\n      }\r\n    ],\r\n    \"dependencies\": [],\r\n    \"outputs\": {},\r\n    \"outputResources\": [\r\n      {\r\n        \"id\": \"/subscriptions/a1bfa635-f2bf-42f1-86b5-848c674fc321/resourceGroups/csmrg6445/providers/Microsoft.Storage/storageAccounts/ramokaSATestAnother\"\r\n      }\r\n    ]\r\n  }\r\n}",
      "StatusCode": 200
    },
    {
      "RequestUri": "/subscriptions/a1bfa635-f2bf-42f1-86b5-848c674fc321/resourcegroups/csmrg6445/providers/Microsoft.Resources/deployments/csmd5478/whatIf?api-version=2020-10-01",
      "EncodedRequestUri": "L3N1YnNjcmlwdGlvbnMvYTFiZmE2MzUtZjJiZi00MmYxLTg2YjUtODQ4YzY3NGZjMzIxL3Jlc291cmNlZ3JvdXBzL2NzbXJnNjQ0NS9wcm92aWRlcnMvTWljcm9zb2Z0LlJlc291cmNlcy9kZXBsb3ltZW50cy9jc21kNTQ3OC93aGF0SWY/YXBpLXZlcnNpb249MjAyMC0xMC0wMQ==",
      "RequestMethod": "POST",
      "RequestBody": "{\r\n  \"properties\": {\r\n    \"whatIfSettings\": {\r\n      \"resultFormat\": \"ResourceIdOnly\"\r\n    },\r\n    \"template\": {\r\n      \"$schema\": \"https://schema.management.azure.com/schemas/2015-01-01/deploymentTemplate.json#\",\r\n      \"contentVersion\": \"1.0.0.0\",\r\n      \"parameters\": {},\r\n      \"variables\": {},\r\n      \"resources\": [],\r\n      \"outputs\": {}\r\n    },\r\n    \"mode\": \"Complete\"\r\n  }\r\n}",
      "RequestHeaders": {
        "x-ms-client-request-id": [
          "ef173b01-147d-4585-9f56-3e482f5494a5"
        ],
        "Accept-Language": [
          "en-US"
        ],
        "User-Agent": [
          "FxVersion/4.6.29321.03",
          "OSName/Windows",
          "OSVersion/Microsoft.Windows.10.0.19042.",
          "Microsoft.Azure.Management.ResourceManager.ResourceManagementClient/3.11.0.0"
        ],
        "Content-Type": [
          "application/json; charset=utf-8"
        ],
        "Content-Length": [
          "383"
        ]
      },
      "ResponseHeaders": {
        "Cache-Control": [
          "no-cache"
        ],
        "Pragma": [
          "no-cache"
        ],
        "Location": [
          "https://management.azure.com/subscriptions/a1bfa635-f2bf-42f1-86b5-848c674fc321/operationresults/eyJqb2JJZCI6IkRlcGxveW1lbnRXaGF0SWZKb2ItQ1NNUkc2NDQ1LUNTTUQ1NDc4LTczMDFEREY4OjJEMjIwRToyRDRBMjA6MkRBRjExOjJEMzc2RThERDRCRUZEIiwiam9iTG9jYXRpb24iOiJ3ZXN0dXMifQ?api-version=2020-10-01"
        ],
        "Retry-After": [
          "15"
        ],
        "x-ms-ratelimit-remaining-subscription-writes": [
          "1199"
        ],
        "x-ms-request-id": [
          "7301ddf8-220e-4a20-af11-376e8dd4befd"
        ],
        "x-ms-correlation-request-id": [
          "7301ddf8-220e-4a20-af11-376e8dd4befd"
        ],
        "x-ms-routing-request-id": [
          "WESTCENTRALUS:20201120T164429Z:7301ddf8-220e-4a20-af11-376e8dd4befd"
        ],
        "Strict-Transport-Security": [
          "max-age=31536000; includeSubDomains"
        ],
        "X-Content-Type-Options": [
          "nosniff"
        ],
        "Date": [
          "Fri, 20 Nov 2020 16:44:28 GMT"
        ],
        "Expires": [
          "-1"
        ],
        "Content-Length": [
          "0"
        ]
      },
      "ResponseBody": "",
      "StatusCode": 202
    },
    {
      "RequestUri": "/subscriptions/a1bfa635-f2bf-42f1-86b5-848c674fc321/operationresults/eyJqb2JJZCI6IkRlcGxveW1lbnRXaGF0SWZKb2ItQ1NNUkc2NDQ1LUNTTUQ1NDc4LTczMDFEREY4OjJEMjIwRToyRDRBMjA6MkRBRjExOjJEMzc2RThERDRCRUZEIiwiam9iTG9jYXRpb24iOiJ3ZXN0dXMifQ?api-version=2020-10-01",
      "EncodedRequestUri": "L3N1YnNjcmlwdGlvbnMvYTFiZmE2MzUtZjJiZi00MmYxLTg2YjUtODQ4YzY3NGZjMzIxL29wZXJhdGlvbnJlc3VsdHMvZXlKcWIySkpaQ0k2SWtSbGNHeHZlVzFsYm5SWGFHRjBTV1pLYjJJdFExTk5Va2MyTkRRMUxVTlRUVVExTkRjNExUY3pNREZFUkVZNE9qSkVNakl3UlRveVJEUkJNakE2TWtSQlJqRXhPakpFTXpjMlJUaEVSRFJDUlVaRUlpd2lhbTlpVEc5allYUnBiMjRpT2lKM1pYTjBkWE1pZlE/YXBpLXZlcnNpb249MjAyMC0xMC0wMQ==",
      "RequestMethod": "GET",
      "RequestBody": "",
      "RequestHeaders": {
        "User-Agent": [
          "FxVersion/4.6.29321.03",
          "OSName/Windows",
          "OSVersion/Microsoft.Windows.10.0.19042.",
          "Microsoft.Azure.Management.ResourceManager.ResourceManagementClient/3.11.0.0"
        ]
      },
      "ResponseHeaders": {
        "Cache-Control": [
          "no-cache"
        ],
        "Pragma": [
          "no-cache"
        ],
        "x-ms-ratelimit-remaining-subscription-reads": [
          "11997"
        ],
        "x-ms-request-id": [
          "4effff28-31cd-4d73-b45a-4d2a138eef21"
        ],
        "x-ms-correlation-request-id": [
          "4effff28-31cd-4d73-b45a-4d2a138eef21"
        ],
        "x-ms-routing-request-id": [
          "WESTCENTRALUS:20201120T164445Z:4effff28-31cd-4d73-b45a-4d2a138eef21"
        ],
        "Strict-Transport-Security": [
          "max-age=31536000; includeSubDomains"
        ],
        "X-Content-Type-Options": [
          "nosniff"
        ],
        "Date": [
          "Fri, 20 Nov 2020 16:44:44 GMT"
        ],
        "Content-Type": [
          "application/json; charset=utf-8"
        ],
        "Expires": [
          "-1"
        ],
        "Content-Length": [
          "284"
        ]
      },
      "ResponseBody": "{\r\n  \"status\": \"Succeeded\",\r\n  \"properties\": {\r\n    \"correlationId\": \"7301ddf8-220e-4a20-af11-376e8dd4befd\",\r\n    \"changes\": [\r\n      {\r\n        \"resourceId\": \"/subscriptions/a1bfa635-f2bf-42f1-86b5-848c674fc321/resourceGroups/csmrg6445/providers/Microsoft.Storage/storageAccounts/ramokaSATestAnother\",\r\n        \"changeType\": \"Delete\"\r\n      }\r\n    ]\r\n  }\r\n}",
      "StatusCode": 200
    },
    {
      "RequestUri": "/subscriptions/a1bfa635-f2bf-42f1-86b5-848c674fc321/operationresults/eyJqb2JJZCI6IkRlcGxveW1lbnRXaGF0SWZKb2ItQ1NNUkc2NDQ1LUNTTUQ1NDc4LTczMDFEREY4OjJEMjIwRToyRDRBMjA6MkRBRjExOjJEMzc2RThERDRCRUZEIiwiam9iTG9jYXRpb24iOiJ3ZXN0dXMifQ?api-version=2020-10-01",
      "EncodedRequestUri": "L3N1YnNjcmlwdGlvbnMvYTFiZmE2MzUtZjJiZi00MmYxLTg2YjUtODQ4YzY3NGZjMzIxL29wZXJhdGlvbnJlc3VsdHMvZXlKcWIySkpaQ0k2SWtSbGNHeHZlVzFsYm5SWGFHRjBTV1pLYjJJdFExTk5Va2MyTkRRMUxVTlRUVVExTkRjNExUY3pNREZFUkVZNE9qSkVNakl3UlRveVJEUkJNakE2TWtSQlJqRXhPakpFTXpjMlJUaEVSRFJDUlVaRUlpd2lhbTlpVEc5allYUnBiMjRpT2lKM1pYTjBkWE1pZlE/YXBpLXZlcnNpb249MjAyMC0xMC0wMQ==",
      "RequestMethod": "GET",
      "RequestBody": "",
      "RequestHeaders": {
        "User-Agent": [
          "FxVersion/4.6.29321.03",
          "OSName/Windows",
          "OSVersion/Microsoft.Windows.10.0.19042.",
          "Microsoft.Azure.Management.ResourceManager.ResourceManagementClient/3.11.0.0"
        ]
      },
      "ResponseHeaders": {
        "Cache-Control": [
          "no-cache"
        ],
        "Pragma": [
          "no-cache"
        ],
        "x-ms-ratelimit-remaining-subscription-reads": [
          "11996"
        ],
        "x-ms-request-id": [
          "8a83d7d7-6cbf-49d9-a241-94c93bdd2ae3"
        ],
        "x-ms-correlation-request-id": [
          "8a83d7d7-6cbf-49d9-a241-94c93bdd2ae3"
        ],
        "x-ms-routing-request-id": [
          "WESTCENTRALUS:20201120T164445Z:8a83d7d7-6cbf-49d9-a241-94c93bdd2ae3"
        ],
        "Strict-Transport-Security": [
          "max-age=31536000; includeSubDomains"
        ],
        "X-Content-Type-Options": [
          "nosniff"
        ],
        "Date": [
          "Fri, 20 Nov 2020 16:44:44 GMT"
        ],
        "Content-Type": [
          "application/json; charset=utf-8"
        ],
        "Expires": [
          "-1"
        ],
        "Content-Length": [
          "284"
        ]
      },
      "ResponseBody": "{\r\n  \"status\": \"Succeeded\",\r\n  \"properties\": {\r\n    \"correlationId\": \"7301ddf8-220e-4a20-af11-376e8dd4befd\",\r\n    \"changes\": [\r\n      {\r\n        \"resourceId\": \"/subscriptions/a1bfa635-f2bf-42f1-86b5-848c674fc321/resourceGroups/csmrg6445/providers/Microsoft.Storage/storageAccounts/ramokaSATestAnother\",\r\n        \"changeType\": \"Delete\"\r\n      }\r\n    ]\r\n  }\r\n}",
      "StatusCode": 200
    }
  ],
  "Names": {
    "NewResourceGroupName": [
      "csmrg6445"
    ],
    "NewDeploymentName": [
      "csmd5439",
      "csmd5478"
    ]
  },
  "Variables": {
    "SubscriptionId": "a1bfa635-f2bf-42f1-86b5-848c674fc321"
  }
}