{
  "Entries": [
    {
      "RequestUri": "https://management.azure.com/subscriptions/db1ab6f0-4769-4b27-930e-01e2ef9c123c?api-version=2021-01-01",
      "RequestMethod": "GET",
      "RequestHeaders": {
        "Accept": "application/json",
        "Authorization": "Sanitized",
        "traceparent": "00-80cf27eb31f4b14282e69f2dd6c6a8d6-586a182f7298b2e6-00",
        "User-Agent": "azsdk-net-ResourceManager/1.3.1 (.NET 6.0.9; Microsoft Windows 10.0.22622)",
        "x-ms-client-request-id": "f5e2e0886750699c78e2edc0905224cf",
        "x-ms-return-client-request-id": "true"
      },
      "RequestBody": null,
      "StatusCode": 200,
      "ResponseHeaders": {
        "Cache-Control": "no-cache",
        "Content-Length": "747",
        "Content-Type": "application/json; charset=utf-8",
        "Date": "Fri, 30 Sep 2022 02:22:04 GMT",
        "Expires": "-1",
        "Pragma": "no-cache",
        "Strict-Transport-Security": "max-age=31536000; includeSubDomains",
        "X-Content-Type-Options": "nosniff",
        "x-ms-correlation-request-id": "a1f33168-98d4-44d5-a3af-f57d625eb6b9",
        "x-ms-ratelimit-remaining-subscription-reads": "11884",
        "x-ms-request-id": "a1f33168-98d4-44d5-a3af-f57d625eb6b9",
        "x-ms-routing-request-id": "SOUTHEASTASIA:20220930T022204Z:a1f33168-98d4-44d5-a3af-f57d625eb6b9"
      },
      "ResponseBody": {
        "id": "/subscriptions/db1ab6f0-4769-4b27-930e-01e2ef9c123c",
        "authorizationSource": "RoleBased",
        "managedByTenants": [],
        "tags": {
          "TagKey-9823": "TagValue-566",
          "TagKey-3481": "TagValue-320",
          "TagKey-4926": "TagValue-1187",
          "TagKey-751": "TagValue-3921",
          "TagKey-1866": "TagValue-8559",
          "TagKey-3094": "TagValue-9190",
          "TagKey-2449": "TagValue-9",
          "TagKey-8379": "TagValue-164",
          "TagKey-7470": "TagValue-2205",
          "TagKey-4236": "TagValue-3698",
          "TagKey-5316": "TagValue-2725"
        },
        "subscriptionId": "db1ab6f0-4769-4b27-930e-01e2ef9c123c",
        "tenantId": "72f988bf-86f1-41af-91ab-2d7cd011db47",
        "displayName": ".NET Mgmt SDK Test with TTL = 1 Day",
        "state": "Enabled",
        "subscriptionPolicies": {
          "locationPlacementId": "Internal_2014-09-01",
          "quotaId": "Internal_2014-09-01",
          "spendingLimit": "Off"
        }
      }
    },
    {
      "RequestUri": "https://management.azure.com/subscriptions/db1ab6f0-4769-4b27-930e-01e2ef9c123c/resourcegroups/testRG-4769?api-version=2021-04-01",
      "RequestMethod": "PUT",
      "RequestHeaders": {
        "Accept": "application/json",
        "Authorization": "Sanitized",
        "Content-Length": "43",
        "Content-Type": "application/json",
        "traceparent": "00-3f81be0390aad81e3d2c27c093ac03fd-a517a678166006e5-00",
        "User-Agent": "azsdk-net-ResourceManager/1.3.1 (.NET 6.0.9; Microsoft Windows 10.0.22622)",
        "x-ms-client-request-id": "e5acf54f8e3240125d77359a4e234e01",
        "x-ms-return-client-request-id": "true"
      },
      "RequestBody": {
        "tags": {
          "test": "env"
        },
        "location": "eastus"
      },
      "StatusCode": 201,
      "ResponseHeaders": {
        "Cache-Control": "no-cache",
        "Content-Length": "241",
        "Content-Type": "application/json; charset=utf-8",
        "Date": "Fri, 30 Sep 2022 02:22:05 GMT",
        "Expires": "-1",
        "Pragma": "no-cache",
        "Strict-Transport-Security": "max-age=31536000; includeSubDomains",
        "X-Content-Type-Options": "nosniff",
        "x-ms-correlation-request-id": "d0e16802-fe95-4605-8837-6b66342e3db4",
        "x-ms-ratelimit-remaining-subscription-writes": "1083",
        "x-ms-request-id": "d0e16802-fe95-4605-8837-6b66342e3db4",
        "x-ms-routing-request-id": "SOUTHEASTASIA:20220930T022206Z:d0e16802-fe95-4605-8837-6b66342e3db4"
      },
      "ResponseBody": {
        "id": "/subscriptions/db1ab6f0-4769-4b27-930e-01e2ef9c123c/resourceGroups/testRG-4769",
        "name": "testRG-4769",
        "type": "Microsoft.Resources/resourceGroups",
        "location": "eastus",
        "tags": {
          "test": "env"
        },
        "properties": {
          "provisioningState": "Succeeded"
        }
      }
    },
    {
      "RequestUri": "https://management.azure.com/subscriptions/db1ab6f0-4769-4b27-930e-01e2ef9c123c/resourceGroups/testRG-4769/providers/Microsoft.Compute/hostGroups/testDHG-6303?api-version=2022-08-01",
      "RequestMethod": "PUT",
      "RequestHeaders": {
        "Accept": "application/json",
        "Authorization": "Sanitized",
        "Content-Length": "75",
        "Content-Type": "application/json",
        "traceparent": "00-36660ec0103310e4f71f0f47b073846e-2fd777234fc4fc9b-00",
        "User-Agent": "azsdk-net-ResourceManager.Compute/1.1.0-alpha.20220930.1 (.NET 6.0.9; Microsoft Windows 10.0.22622)",
        "x-ms-client-request-id": "b0e1524b97f710d8f82176dad4e21fb3",
        "x-ms-return-client-request-id": "true"
      },
      "RequestBody": {
        "tags": {},
        "location": "eastus",
        "properties": {
          "platformFaultDomainCount": 2
        }
      },
      "StatusCode": 201,
      "ResponseHeaders": {
        "Cache-Control": "no-cache",
        "Content-Length": "357",
        "Content-Type": "application/json; charset=utf-8",
        "Date": "Fri, 30 Sep 2022 02:22:08 GMT",
        "Expires": "-1",
        "Pragma": "no-cache",
        "Server": [
          "Microsoft-HTTPAPI/2.0",
          "Microsoft-HTTPAPI/2.0"
        ],
        "Strict-Transport-Security": "max-age=31536000; includeSubDomains",
        "X-Content-Type-Options": "nosniff",
        "x-ms-client-request-id": "b0e1524b97f710d8f82176dad4e21fb3",
        "x-ms-correlation-request-id": "d65f25c0-5e59-4b1a-8279-253ba894e73a",
        "x-ms-ratelimit-remaining-resource": "Microsoft.Compute/PutDeleteDedicatedHost3Min;87,Microsoft.Compute/PutDeleteDedicatedHost30Min;545",
        "x-ms-ratelimit-remaining-subscription-writes": "1082",
        "x-ms-request-id": "e58c86ef-401f-4882-9c1e-3764027b17b7",
        "x-ms-routing-request-id": "SOUTHEASTASIA:20220930T022208Z:d65f25c0-5e59-4b1a-8279-253ba894e73a"
      },
      "ResponseBody": {
        "name": "testDHG-6303",
        "id": "/subscriptions/db1ab6f0-4769-4b27-930e-01e2ef9c123c/resourceGroups/TESTRG-4769/providers/Microsoft.Compute/hostGroups/testDHG-6303",
        "type": "Microsoft.Compute/hostGroups",
        "location": "eastus",
        "tags": {},
        "properties": {
          "platformFaultDomainCount": 2,
          "supportAutomaticPlacement": false
        }
      }
    },
    {
      "RequestUri": "https://management.azure.com/subscriptions/db1ab6f0-4769-4b27-930e-01e2ef9c123c/resourceGroups/TESTRG-4769/providers/Microsoft.Compute/hostGroups/testDHG-6303?api-version=2022-08-01",
      "RequestMethod": "DELETE",
      "RequestHeaders": {
        "Accept": "application/json",
        "Authorization": "Sanitized",
        "traceparent": "00-ff096a8441c822e5f3d5ee79050e5c0c-1f2dfee0e659036b-00",
        "User-Agent": "azsdk-net-ResourceManager.Compute/1.1.0-alpha.20220930.1 (.NET 6.0.9; Microsoft Windows 10.0.22622)",
        "x-ms-client-request-id": "2dfac710a3f253aee20f0a2534dd94c9",
        "x-ms-return-client-request-id": "true"
      },
      "RequestBody": null,
      "StatusCode": 200,
      "ResponseHeaders": {
        "Cache-Control": "no-cache",
        "Content-Length": "0",
        "Date": "Fri, 30 Sep 2022 02:22:10 GMT",
        "Expires": "-1",
        "Pragma": "no-cache",
        "Server": [
          "Microsoft-HTTPAPI/2.0",
          "Microsoft-HTTPAPI/2.0"
        ],
        "Strict-Transport-Security": "max-age=31536000; includeSubDomains",
        "X-Content-Type-Options": "nosniff",
        "x-ms-client-request-id": "2dfac710a3f253aee20f0a2534dd94c9",
        "x-ms-correlation-request-id": "db08866a-34b5-46ab-be18-d98a89ceae24",
        "x-ms-ratelimit-remaining-resource": "Microsoft.Compute/PutDeleteDedicatedHost3Min;86,Microsoft.Compute/PutDeleteDedicatedHost30Min;544",
        "x-ms-ratelimit-remaining-subscription-deletes": "14993",
        "x-ms-request-id": "fd5d7b96-d1da-4eea-9c83-f6d8939396e6",
        "x-ms-routing-request-id": "SOUTHEASTASIA:20220930T022210Z:db08866a-34b5-46ab-be18-d98a89ceae24"
      },
      "ResponseBody": null
    }
  ],
  "Variables": {
    "AZURE_AUTHORITY_HOST": "https://login.microsoftonline.com",
    "RandomSeed": "339519758",
    "RESOURCE_MANAGER_URL": null,
    "SUBSCRIPTION_ID": "db1ab6f0-4769-4b27-930e-01e2ef9c123c"
  }
}
