{
  "Entries": [
    {
      "RequestUri": "/subscriptions/f9b96b36-1f5e-4021-8959-51527e26e6d3/resourcegroups/res4279?api-version=2015-11-01",
      "EncodedRequestUri": "L3N1YnNjcmlwdGlvbnMvZjliOTZiMzYtMWY1ZS00MDIxLTg5NTktNTE1MjdlMjZlNmQzL3Jlc291cmNlZ3JvdXBzL3JlczQyNzk/YXBpLXZlcnNpb249MjAxNS0xMS0wMQ==",
      "RequestMethod": "PUT",
      "RequestBody": "{\r\n  \"location\": \"westus\"\r\n}",
      "RequestHeaders": {
        "Content-Type": [
          "application/json; charset=utf-8"
        ],
        "Content-Length": [
          "28"
        ],
        "x-ms-client-request-id": [
          "ca9e8ef5-ff57-4db1-b1f3-42688085fa20"
        ],
        "accept-language": [
          "en-US"
        ],
        "User-Agent": [
          "FxVersion/4.6.25211.01",
          "Microsoft.Azure.Management.Resources.ResourceManagementClient/1.0.0.0"
        ]
      },
      "ResponseBody": "{\r\n  \"id\": \"/subscriptions/f9b96b36-1f5e-4021-8959-51527e26e6d3/resourceGroups/res4279\",\r\n  \"name\": \"res4279\",\r\n  \"location\": \"westus\",\r\n  \"properties\": {\r\n    \"provisioningState\": \"Succeeded\"\r\n  }\r\n}",
      "ResponseHeaders": {
        "Content-Length": [
          "167"
        ],
        "Content-Type": [
          "application/json; charset=utf-8"
        ],
        "Expires": [
          "-1"
        ],
        "Cache-Control": [
          "no-cache"
        ],
        "Date": [
          "Tue, 16 May 2017 07:04:14 GMT"
        ],
        "Pragma": [
          "no-cache"
        ],
        "x-ms-ratelimit-remaining-subscription-writes": [
          "1186"
        ],
        "x-ms-request-id": [
          "ba8891f8-ef6b-48bb-81be-09ae026376f3"
        ],
        "x-ms-correlation-request-id": [
          "ba8891f8-ef6b-48bb-81be-09ae026376f3"
        ],
        "x-ms-routing-request-id": [
          "JAPANEAST:20170516T070415Z:ba8891f8-ef6b-48bb-81be-09ae026376f3"
        ],
        "Strict-Transport-Security": [
          "max-age=31536000; includeSubDomains"
        ]
      },
      "StatusCode": 201
    },
    {
      "RequestUri": "/subscriptions/f9b96b36-1f5e-4021-8959-51527e26e6d3/resourceGroups/res4279/providers/Microsoft.CognitiveServices/accounts/csa1854?api-version=2017-04-18",
      "EncodedRequestUri": "L3N1YnNjcmlwdGlvbnMvZjliOTZiMzYtMWY1ZS00MDIxLTg5NTktNTE1MjdlMjZlNmQzL3Jlc291cmNlR3JvdXBzL3JlczQyNzkvcHJvdmlkZXJzL01pY3Jvc29mdC5Db2duaXRpdmVTZXJ2aWNlcy9hY2NvdW50cy9jc2ExODU0P2FwaS12ZXJzaW9uPTIwMTctMDQtMTg=",
      "RequestMethod": "PUT",
      "RequestBody": "{\r\n  \"sku\": {\r\n    \"name\": \"S0\"\r\n  },\r\n  \"kind\": \"Academic\",\r\n  \"location\": \"westus\",\r\n  \"properties\": {}\r\n}",
      "RequestHeaders": {
        "Content-Type": [
          "application/json; charset=utf-8"
        ],
        "Content-Length": [
          "108"
        ],
        "x-ms-client-request-id": [
          "015691ce-117f-4152-b92e-3e0c207155d7"
        ],
        "accept-language": [
          "en-US"
        ],
        "User-Agent": [
          "FxVersion/4.6.25211.01",
          "Microsoft.Azure.Management.CognitiveServices.CognitiveServicesManagementClient/0.3.0.0"
        ]
      },
      "ResponseBody": "{\r\n  \"id\": \"/subscriptions/f9b96b36-1f5e-4021-8959-51527e26e6d3/resourceGroups/res4279/providers/Microsoft.CognitiveServices/accounts/csa1854\",\r\n  \"name\": \"csa1854\",\r\n  \"type\": \"Microsoft.CognitiveServices/accounts\",\r\n  \"location\": \"westus\",\r\n  \"sku\": {\r\n    \"name\": \"S0\"\r\n  },\r\n  \"kind\": \"Academic\",\r\n  \"etag\": \"W/\\\"datetime'2017-05-16T07%3A04%3A17.8758975Z'\\\"\",\r\n  \"properties\": {\r\n    \"endpoint\": \"https://westus.api.cognitive.microsoft.com/academic/v1.0\",\r\n    \"skuChangeInfo\": null,\r\n    \"provisioningState\": \"Succeeded\",\r\n    \"internalId\": \"3052580542874eed96b0e1132650f97f\"\r\n  }\r\n}",
      "ResponseHeaders": {
        "Content-Length": [
          "503"
        ],
        "Content-Type": [
          "application/json; charset=utf-8"
        ],
        "Expires": [
          "-1"
        ],
        "Cache-Control": [
          "no-cache"
        ],
        "Date": [
          "Tue, 16 May 2017 07:04:17 GMT"
        ],
        "Pragma": [
          "no-cache"
        ],
        "ETag": [
          "W/\"datetime'2017-05-16T07%3A04%3A17.8758975Z'\""
        ],
        "Server": [
          "Microsoft-IIS/8.5"
        ],
        "Strict-Transport-Security": [
          "max-age=31536000; includeSubDomains"
        ],
        "X-AspNet-Version": [
          "4.0.30319"
        ],
        "X-Powered-By": [
          "ASP.NET"
        ],
        "x-ms-ratelimit-remaining-subscription-writes": [
          "1185"
        ],
        "x-ms-request-id": [
          "66eed3e3-a69a-4aa5-b7a0-e39478fe3db7"
        ],
        "x-ms-correlation-request-id": [
          "66eed3e3-a69a-4aa5-b7a0-e39478fe3db7"
        ],
        "x-ms-routing-request-id": [
          "JAPANEAST:20170516T070417Z:66eed3e3-a69a-4aa5-b7a0-e39478fe3db7"
        ]
      },
      "StatusCode": 201
    },
    {
      "RequestUri": "/subscriptions/f9b96b36-1f5e-4021-8959-51527e26e6d3/resourceGroups/res4279/providers/Microsoft.CognitiveServices/accounts/csa9450?api-version=2017-04-18",
      "EncodedRequestUri": "L3N1YnNjcmlwdGlvbnMvZjliOTZiMzYtMWY1ZS00MDIxLTg5NTktNTE1MjdlMjZlNmQzL3Jlc291cmNlR3JvdXBzL3JlczQyNzkvcHJvdmlkZXJzL01pY3Jvc29mdC5Db2duaXRpdmVTZXJ2aWNlcy9hY2NvdW50cy9jc2E5NDUwP2FwaS12ZXJzaW9uPTIwMTctMDQtMTg=",
      "RequestMethod": "PUT",
      "RequestBody": "{\r\n  \"sku\": {\r\n    \"name\": \"S1\"\r\n  },\r\n  \"kind\": \"Bing.Autosuggest\",\r\n  \"location\": \"global\",\r\n  \"properties\": {}\r\n}",
      "RequestHeaders": {
        "Content-Type": [
          "application/json; charset=utf-8"
        ],
        "Content-Length": [
          "116"
        ],
        "x-ms-client-request-id": [
          "b7b06a7a-1262-4c6f-95ca-fc93b45d6095"
        ],
        "accept-language": [
          "en-US"
        ],
        "User-Agent": [
          "FxVersion/4.6.25211.01",
          "Microsoft.Azure.Management.CognitiveServices.CognitiveServicesManagementClient/0.3.0.0"
        ]
      },
      "ResponseBody": "{\r\n  \"id\": \"/subscriptions/f9b96b36-1f5e-4021-8959-51527e26e6d3/resourceGroups/res4279/providers/Microsoft.CognitiveServices/accounts/csa9450\",\r\n  \"name\": \"csa9450\",\r\n  \"type\": \"Microsoft.CognitiveServices/accounts\",\r\n  \"location\": \"global\",\r\n  \"sku\": {\r\n    \"name\": \"S1\"\r\n  },\r\n  \"kind\": \"Bing.Autosuggest\",\r\n  \"etag\": \"W/\\\"datetime'2017-05-16T07%3A04%3A20.500447Z'\\\"\",\r\n  \"properties\": {\r\n    \"endpoint\": \"https://api.cognitive.microsoft.com/bing/v5.0/suggestions\",\r\n    \"skuChangeInfo\": null,\r\n    \"provisioningState\": \"Succeeded\",\r\n    \"internalId\": \"531dbd3f0237485baf31d25367a5c0e1\"\r\n  }\r\n}",
      "ResponseHeaders": {
        "Content-Length": [
          "511"
        ],
        "Content-Type": [
          "application/json; charset=utf-8"
        ],
        "Expires": [
          "-1"
        ],
        "Cache-Control": [
          "no-cache"
        ],
        "Date": [
          "Tue, 16 May 2017 07:04:19 GMT"
        ],
        "Pragma": [
          "no-cache"
        ],
        "ETag": [
          "W/\"datetime'2017-05-16T07%3A04%3A20.500447Z'\""
        ],
        "Server": [
          "Microsoft-IIS/8.5"
        ],
        "Strict-Transport-Security": [
          "max-age=31536000; includeSubDomains"
        ],
        "X-AspNet-Version": [
          "4.0.30319"
        ],
        "X-Powered-By": [
          "ASP.NET"
        ],
        "x-ms-ratelimit-remaining-subscription-writes": [
          "1184"
        ],
        "x-ms-request-id": [
          "578894c2-60de-4f30-acc7-2a5a14e2b0d7"
        ],
        "x-ms-correlation-request-id": [
          "578894c2-60de-4f30-acc7-2a5a14e2b0d7"
        ],
        "x-ms-routing-request-id": [
          "JAPANEAST:20170516T070420Z:578894c2-60de-4f30-acc7-2a5a14e2b0d7"
        ]
      },
      "StatusCode": 201
    },
    {
      "RequestUri": "/subscriptions/f9b96b36-1f5e-4021-8959-51527e26e6d3/resourceGroups/res4279/providers/Microsoft.CognitiveServices/accounts/csa8969?api-version=2017-04-18",
      "EncodedRequestUri": "L3N1YnNjcmlwdGlvbnMvZjliOTZiMzYtMWY1ZS00MDIxLTg5NTktNTE1MjdlMjZlNmQzL3Jlc291cmNlR3JvdXBzL3JlczQyNzkvcHJvdmlkZXJzL01pY3Jvc29mdC5Db2duaXRpdmVTZXJ2aWNlcy9hY2NvdW50cy9jc2E4OTY5P2FwaS12ZXJzaW9uPTIwMTctMDQtMTg=",
      "RequestMethod": "PUT",
      "RequestBody": "{\r\n  \"sku\": {\r\n    \"name\": \"S1\"\r\n  },\r\n  \"kind\": \"Bing.Search\",\r\n  \"location\": \"global\",\r\n  \"properties\": {}\r\n}",
      "RequestHeaders": {
        "Content-Type": [
          "application/json; charset=utf-8"
        ],
        "Content-Length": [
          "111"
        ],
        "x-ms-client-request-id": [
          "9cf203b0-9c6a-4614-92c3-91afaa6e35ee"
        ],
        "accept-language": [
          "en-US"
        ],
        "User-Agent": [
          "FxVersion/4.6.25211.01",
          "Microsoft.Azure.Management.CognitiveServices.CognitiveServicesManagementClient/0.3.0.0"
        ]
      },
      "ResponseBody": "{\r\n  \"id\": \"/subscriptions/f9b96b36-1f5e-4021-8959-51527e26e6d3/resourceGroups/res4279/providers/Microsoft.CognitiveServices/accounts/csa8969\",\r\n  \"name\": \"csa8969\",\r\n  \"type\": \"Microsoft.CognitiveServices/accounts\",\r\n  \"location\": \"global\",\r\n  \"sku\": {\r\n    \"name\": \"S1\"\r\n  },\r\n  \"kind\": \"Bing.Search\",\r\n  \"etag\": \"W/\\\"datetime'2017-05-16T07%3A04%3A22.4943844Z'\\\"\",\r\n  \"properties\": {\r\n    \"endpoint\": \"https://api.cognitive.microsoft.com/bing/v5.0\",\r\n    \"skuChangeInfo\": null,\r\n    \"provisioningState\": \"Succeeded\",\r\n    \"internalId\": \"5f92ac28e5d54b1db4c9f10bd347185a\"\r\n  }\r\n}",
      "ResponseHeaders": {
        "Content-Length": [
          "495"
        ],
        "Content-Type": [
          "application/json; charset=utf-8"
        ],
        "Expires": [
          "-1"
        ],
        "Cache-Control": [
          "no-cache"
        ],
        "Date": [
          "Tue, 16 May 2017 07:04:21 GMT"
        ],
        "Pragma": [
          "no-cache"
        ],
        "ETag": [
          "W/\"datetime'2017-05-16T07%3A04%3A22.4943844Z'\""
        ],
        "Server": [
          "Microsoft-IIS/8.5"
        ],
        "Strict-Transport-Security": [
          "max-age=31536000; includeSubDomains"
        ],
        "X-AspNet-Version": [
          "4.0.30319"
        ],
        "X-Powered-By": [
          "ASP.NET"
        ],
        "x-ms-ratelimit-remaining-subscription-writes": [
          "1183"
        ],
        "x-ms-request-id": [
          "666b852d-bd5a-4188-b8b6-6e605fb24d1c"
        ],
        "x-ms-correlation-request-id": [
          "666b852d-bd5a-4188-b8b6-6e605fb24d1c"
        ],
        "x-ms-routing-request-id": [
          "JAPANEAST:20170516T070422Z:666b852d-bd5a-4188-b8b6-6e605fb24d1c"
        ]
      },
      "StatusCode": 201
    },
    {
      "RequestUri": "/subscriptions/f9b96b36-1f5e-4021-8959-51527e26e6d3/resourceGroups/res4279/providers/Microsoft.CognitiveServices/accounts/csa9102?api-version=2017-04-18",
      "EncodedRequestUri": "L3N1YnNjcmlwdGlvbnMvZjliOTZiMzYtMWY1ZS00MDIxLTg5NTktNTE1MjdlMjZlNmQzL3Jlc291cmNlR3JvdXBzL3JlczQyNzkvcHJvdmlkZXJzL01pY3Jvc29mdC5Db2duaXRpdmVTZXJ2aWNlcy9hY2NvdW50cy9jc2E5MTAyP2FwaS12ZXJzaW9uPTIwMTctMDQtMTg=",
      "RequestMethod": "PUT",
      "RequestBody": "{\r\n  \"sku\": {\r\n    \"name\": \"S0\"\r\n  },\r\n  \"kind\": \"Bing.Speech\",\r\n  \"location\": \"global\",\r\n  \"properties\": {}\r\n}",
      "RequestHeaders": {
        "Content-Type": [
          "application/json; charset=utf-8"
        ],
        "Content-Length": [
          "111"
        ],
        "x-ms-client-request-id": [
          "1318d924-ba92-49a9-8376-9befe1324f3c"
        ],
        "accept-language": [
          "en-US"
        ],
        "User-Agent": [
          "FxVersion/4.6.25211.01",
          "Microsoft.Azure.Management.CognitiveServices.CognitiveServicesManagementClient/0.3.0.0"
        ]
      },
      "ResponseBody": "{\r\n  \"id\": \"/subscriptions/f9b96b36-1f5e-4021-8959-51527e26e6d3/resourceGroups/res4279/providers/Microsoft.CognitiveServices/accounts/csa9102\",\r\n  \"name\": \"csa9102\",\r\n  \"type\": \"Microsoft.CognitiveServices/accounts\",\r\n  \"location\": \"global\",\r\n  \"sku\": {\r\n    \"name\": \"S0\"\r\n  },\r\n  \"kind\": \"Bing.Speech\",\r\n  \"etag\": \"W/\\\"datetime'2017-05-16T07%3A04%3A24.5333644Z'\\\"\",\r\n  \"properties\": {\r\n    \"endpoint\": \"https://api.cognitive.microsoft.com/sts/v1.0\",\r\n    \"skuChangeInfo\": null,\r\n    \"provisioningState\": \"Succeeded\",\r\n    \"internalId\": \"53e38326888a42bf932363e96bfc5839\"\r\n  }\r\n}",
      "ResponseHeaders": {
        "Content-Length": [
          "494"
        ],
        "Content-Type": [
          "application/json; charset=utf-8"
        ],
        "Expires": [
          "-1"
        ],
        "Cache-Control": [
          "no-cache"
        ],
        "Date": [
          "Tue, 16 May 2017 07:04:23 GMT"
        ],
        "Pragma": [
          "no-cache"
        ],
        "ETag": [
          "W/\"datetime'2017-05-16T07%3A04%3A24.5333644Z'\""
        ],
        "Server": [
          "Microsoft-IIS/8.5"
        ],
        "Strict-Transport-Security": [
          "max-age=31536000; includeSubDomains"
        ],
        "X-AspNet-Version": [
          "4.0.30319"
        ],
        "X-Powered-By": [
          "ASP.NET"
        ],
        "x-ms-ratelimit-remaining-subscription-writes": [
          "1182"
        ],
        "x-ms-request-id": [
          "2aa33ce4-e373-4989-aec2-15e723f050a6"
        ],
        "x-ms-correlation-request-id": [
          "2aa33ce4-e373-4989-aec2-15e723f050a6"
        ],
        "x-ms-routing-request-id": [
          "JAPANEAST:20170516T070424Z:2aa33ce4-e373-4989-aec2-15e723f050a6"
        ]
      },
      "StatusCode": 201
    },
    {
      "RequestUri": "/subscriptions/f9b96b36-1f5e-4021-8959-51527e26e6d3/resourceGroups/res4279/providers/Microsoft.CognitiveServices/accounts/csa883?api-version=2017-04-18",
      "EncodedRequestUri": "L3N1YnNjcmlwdGlvbnMvZjliOTZiMzYtMWY1ZS00MDIxLTg5NTktNTE1MjdlMjZlNmQzL3Jlc291cmNlR3JvdXBzL3JlczQyNzkvcHJvdmlkZXJzL01pY3Jvc29mdC5Db2duaXRpdmVTZXJ2aWNlcy9hY2NvdW50cy9jc2E4ODM/YXBpLXZlcnNpb249MjAxNy0wNC0xOA==",
      "RequestMethod": "PUT",
      "RequestBody": "{\r\n  \"sku\": {\r\n    \"name\": \"S1\"\r\n  },\r\n  \"kind\": \"Bing.SpellCheck\",\r\n  \"location\": \"global\",\r\n  \"properties\": {}\r\n}",
      "RequestHeaders": {
        "Content-Type": [
          "application/json; charset=utf-8"
        ],
        "Content-Length": [
          "115"
        ],
        "x-ms-client-request-id": [
          "2644996f-dc57-43c1-addc-4ae0e98a091c"
        ],
        "accept-language": [
          "en-US"
        ],
        "User-Agent": [
          "FxVersion/4.6.25211.01",
          "Microsoft.Azure.Management.CognitiveServices.CognitiveServicesManagementClient/0.3.0.0"
        ]
      },
      "ResponseBody": "{\r\n  \"id\": \"/subscriptions/f9b96b36-1f5e-4021-8959-51527e26e6d3/resourceGroups/res4279/providers/Microsoft.CognitiveServices/accounts/csa883\",\r\n  \"name\": \"csa883\",\r\n  \"type\": \"Microsoft.CognitiveServices/accounts\",\r\n  \"location\": \"global\",\r\n  \"sku\": {\r\n    \"name\": \"S1\"\r\n  },\r\n  \"kind\": \"Bing.SpellCheck\",\r\n  \"etag\": \"W/\\\"datetime'2017-05-16T07%3A04%3A26.7655327Z'\\\"\",\r\n  \"properties\": {\r\n    \"endpoint\": \"https://api.cognitive.microsoft.com/bing/v5.0/spellcheck\",\r\n    \"skuChangeInfo\": null,\r\n    \"provisioningState\": \"Succeeded\",\r\n    \"internalId\": \"58f0242c04864f0bbdcba513cdc776ef\"\r\n  }\r\n}",
      "ResponseHeaders": {
        "Content-Length": [
          "508"
        ],
        "Content-Type": [
          "application/json; charset=utf-8"
        ],
        "Expires": [
          "-1"
        ],
        "Cache-Control": [
          "no-cache"
        ],
        "Date": [
          "Tue, 16 May 2017 07:04:26 GMT"
        ],
        "Pragma": [
          "no-cache"
        ],
        "ETag": [
          "W/\"datetime'2017-05-16T07%3A04%3A26.7655327Z'\""
        ],
        "Server": [
          "Microsoft-IIS/8.5"
        ],
        "Strict-Transport-Security": [
          "max-age=31536000; includeSubDomains"
        ],
        "X-AspNet-Version": [
          "4.0.30319"
        ],
        "X-Powered-By": [
          "ASP.NET"
        ],
        "x-ms-ratelimit-remaining-subscription-writes": [
          "1181"
        ],
        "x-ms-request-id": [
          "7a1a8293-8d13-4264-9d3a-a624dedd1d31"
        ],
        "x-ms-correlation-request-id": [
          "7a1a8293-8d13-4264-9d3a-a624dedd1d31"
        ],
        "x-ms-routing-request-id": [
          "JAPANEAST:20170516T070426Z:7a1a8293-8d13-4264-9d3a-a624dedd1d31"
        ]
      },
      "StatusCode": 201
    },
    {
      "RequestUri": "/subscriptions/f9b96b36-1f5e-4021-8959-51527e26e6d3/resourceGroups/res4279/providers/Microsoft.CognitiveServices/accounts/csa5686?api-version=2017-04-18",
      "EncodedRequestUri": "L3N1YnNjcmlwdGlvbnMvZjliOTZiMzYtMWY1ZS00MDIxLTg5NTktNTE1MjdlMjZlNmQzL3Jlc291cmNlR3JvdXBzL3JlczQyNzkvcHJvdmlkZXJzL01pY3Jvc29mdC5Db2duaXRpdmVTZXJ2aWNlcy9hY2NvdW50cy9jc2E1Njg2P2FwaS12ZXJzaW9uPTIwMTctMDQtMTg=",
      "RequestMethod": "PUT",
      "RequestBody": "{\r\n  \"sku\": {\r\n    \"name\": \"S0\"\r\n  },\r\n  \"kind\": \"ComputerVision\",\r\n  \"location\": \"westus\",\r\n  \"properties\": {}\r\n}",
      "RequestHeaders": {
        "Content-Type": [
          "application/json; charset=utf-8"
        ],
        "Content-Length": [
          "114"
        ],
        "x-ms-client-request-id": [
          "8e862e87-4173-46bb-8c57-64f3a6e59e29"
        ],
        "accept-language": [
          "en-US"
        ],
        "User-Agent": [
          "FxVersion/4.6.25211.01",
          "Microsoft.Azure.Management.CognitiveServices.CognitiveServicesManagementClient/0.3.0.0"
        ]
      },
      "ResponseBody": "{\r\n  \"id\": \"/subscriptions/f9b96b36-1f5e-4021-8959-51527e26e6d3/resourceGroups/res4279/providers/Microsoft.CognitiveServices/accounts/csa5686\",\r\n  \"name\": \"csa5686\",\r\n  \"type\": \"Microsoft.CognitiveServices/accounts\",\r\n  \"location\": \"westus\",\r\n  \"sku\": {\r\n    \"name\": \"S0\"\r\n  },\r\n  \"kind\": \"ComputerVision\",\r\n  \"etag\": \"W/\\\"datetime'2017-05-16T07%3A04%3A28.8165258Z'\\\"\",\r\n  \"properties\": {\r\n    \"endpoint\": \"https://westus.api.cognitive.microsoft.com/vision/v1.0\",\r\n    \"skuChangeInfo\": null,\r\n    \"provisioningState\": \"Succeeded\",\r\n    \"internalId\": \"7d882e7e4b444f099fdab556fe4c5329\"\r\n  }\r\n}",
      "ResponseHeaders": {
        "Content-Length": [
          "507"
        ],
        "Content-Type": [
          "application/json; charset=utf-8"
        ],
        "Expires": [
          "-1"
        ],
        "Cache-Control": [
          "no-cache"
        ],
        "Date": [
          "Tue, 16 May 2017 07:04:28 GMT"
        ],
        "Pragma": [
          "no-cache"
        ],
        "ETag": [
          "W/\"datetime'2017-05-16T07%3A04%3A28.8165258Z'\""
        ],
        "Server": [
          "Microsoft-IIS/8.5"
        ],
        "Strict-Transport-Security": [
          "max-age=31536000; includeSubDomains"
        ],
        "X-AspNet-Version": [
          "4.0.30319"
        ],
        "X-Powered-By": [
          "ASP.NET"
        ],
        "x-ms-ratelimit-remaining-subscription-writes": [
          "1180"
        ],
        "x-ms-request-id": [
          "57095e69-f5d7-4a77-84b3-5785623180fa"
        ],
        "x-ms-correlation-request-id": [
          "57095e69-f5d7-4a77-84b3-5785623180fa"
        ],
        "x-ms-routing-request-id": [
          "JAPANEAST:20170516T070429Z:57095e69-f5d7-4a77-84b3-5785623180fa"
        ]
      },
      "StatusCode": 201
    },
    {
      "RequestUri": "/subscriptions/f9b96b36-1f5e-4021-8959-51527e26e6d3/resourceGroups/res4279/providers/Microsoft.CognitiveServices/accounts/csa5481?api-version=2017-04-18",
      "EncodedRequestUri": "L3N1YnNjcmlwdGlvbnMvZjliOTZiMzYtMWY1ZS00MDIxLTg5NTktNTE1MjdlMjZlNmQzL3Jlc291cmNlR3JvdXBzL3JlczQyNzkvcHJvdmlkZXJzL01pY3Jvc29mdC5Db2duaXRpdmVTZXJ2aWNlcy9hY2NvdW50cy9jc2E1NDgxP2FwaS12ZXJzaW9uPTIwMTctMDQtMTg=",
      "RequestMethod": "PUT",
      "RequestBody": "{\r\n  \"sku\": {\r\n    \"name\": \"S0\"\r\n  },\r\n  \"kind\": \"ContentModerator\",\r\n  \"location\": \"westus\",\r\n  \"properties\": {}\r\n}",
      "RequestHeaders": {
        "Content-Type": [
          "application/json; charset=utf-8"
        ],
        "Content-Length": [
          "116"
        ],
        "x-ms-client-request-id": [
          "22283a0d-743a-4a13-8d02-7d1a933bfebb"
        ],
        "accept-language": [
          "en-US"
        ],
        "User-Agent": [
          "FxVersion/4.6.25211.01",
          "Microsoft.Azure.Management.CognitiveServices.CognitiveServicesManagementClient/0.3.0.0"
        ]
      },
      "ResponseBody": "{\r\n  \"id\": \"/subscriptions/f9b96b36-1f5e-4021-8959-51527e26e6d3/resourceGroups/res4279/providers/Microsoft.CognitiveServices/accounts/csa5481\",\r\n  \"name\": \"csa5481\",\r\n  \"type\": \"Microsoft.CognitiveServices/accounts\",\r\n  \"location\": \"westus\",\r\n  \"sku\": {\r\n    \"name\": \"S0\"\r\n  },\r\n  \"kind\": \"ContentModerator\",\r\n  \"etag\": \"W/\\\"datetime'2017-05-16T07%3A04%3A30.8795291Z'\\\"\",\r\n  \"properties\": {\r\n    \"endpoint\": \"https://westus.api.cognitive.microsoft.com/contentmoderator\",\r\n    \"skuChangeInfo\": null,\r\n    \"provisioningState\": \"Succeeded\",\r\n    \"internalId\": \"ac7b8d9af9a8498fa07e8e413421c067\"\r\n  }\r\n}",
      "ResponseHeaders": {
        "Content-Length": [
          "514"
        ],
        "Content-Type": [
          "application/json; charset=utf-8"
        ],
        "Expires": [
          "-1"
        ],
        "Cache-Control": [
          "no-cache"
        ],
        "Date": [
          "Tue, 16 May 2017 07:04:30 GMT"
        ],
        "Pragma": [
          "no-cache"
        ],
        "ETag": [
          "W/\"datetime'2017-05-16T07%3A04%3A30.8795291Z'\""
        ],
        "Server": [
          "Microsoft-IIS/8.5"
        ],
        "Strict-Transport-Security": [
          "max-age=31536000; includeSubDomains"
        ],
        "X-AspNet-Version": [
          "4.0.30319"
        ],
        "X-Powered-By": [
          "ASP.NET"
        ],
        "x-ms-ratelimit-remaining-subscription-writes": [
          "1179"
        ],
        "x-ms-request-id": [
          "dac55a6e-4c7d-4322-9171-58e50b33fe1a"
        ],
        "x-ms-correlation-request-id": [
          "dac55a6e-4c7d-4322-9171-58e50b33fe1a"
        ],
        "x-ms-routing-request-id": [
          "JAPANEAST:20170516T070430Z:dac55a6e-4c7d-4322-9171-58e50b33fe1a"
        ]
      },
      "StatusCode": 201
    },
    {
      "RequestUri": "/subscriptions/f9b96b36-1f5e-4021-8959-51527e26e6d3/resourceGroups/res4279/providers/Microsoft.CognitiveServices/accounts/csa2958?api-version=2017-04-18",
      "EncodedRequestUri": "L3N1YnNjcmlwdGlvbnMvZjliOTZiMzYtMWY1ZS00MDIxLTg5NTktNTE1MjdlMjZlNmQzL3Jlc291cmNlR3JvdXBzL3JlczQyNzkvcHJvdmlkZXJzL01pY3Jvc29mdC5Db2duaXRpdmVTZXJ2aWNlcy9hY2NvdW50cy9jc2EyOTU4P2FwaS12ZXJzaW9uPTIwMTctMDQtMTg=",
      "RequestMethod": "PUT",
      "RequestBody": "{\r\n  \"sku\": {\r\n    \"name\": \"S0\"\r\n  },\r\n  \"kind\": \"Emotion\",\r\n  \"location\": \"westus\",\r\n  \"properties\": {}\r\n}",
      "RequestHeaders": {
        "Content-Type": [
          "application/json; charset=utf-8"
        ],
        "Content-Length": [
          "107"
        ],
        "x-ms-client-request-id": [
          "b4856477-8391-43e8-93ea-631e86aeaa70"
        ],
        "accept-language": [
          "en-US"
        ],
        "User-Agent": [
          "FxVersion/4.6.25211.01",
          "Microsoft.Azure.Management.CognitiveServices.CognitiveServicesManagementClient/0.3.0.0"
        ]
      },
      "ResponseBody": "{\r\n  \"id\": \"/subscriptions/f9b96b36-1f5e-4021-8959-51527e26e6d3/resourceGroups/res4279/providers/Microsoft.CognitiveServices/accounts/csa2958\",\r\n  \"name\": \"csa2958\",\r\n  \"type\": \"Microsoft.CognitiveServices/accounts\",\r\n  \"location\": \"westus\",\r\n  \"sku\": {\r\n    \"name\": \"S0\"\r\n  },\r\n  \"kind\": \"Emotion\",\r\n  \"etag\": \"W/\\\"datetime'2017-05-16T07%3A04%3A32.6972953Z'\\\"\",\r\n  \"properties\": {\r\n    \"endpoint\": \"https://westus.api.cognitive.microsoft.com/emotion/v1.0\",\r\n    \"skuChangeInfo\": null,\r\n    \"provisioningState\": \"Succeeded\",\r\n    \"internalId\": \"56e27ed02c2d4b9d89a5cff81aedd4a2\"\r\n  }\r\n}",
      "ResponseHeaders": {
        "Content-Length": [
          "501"
        ],
        "Content-Type": [
          "application/json; charset=utf-8"
        ],
        "Expires": [
          "-1"
        ],
        "Cache-Control": [
          "no-cache"
        ],
        "Date": [
          "Tue, 16 May 2017 07:04:32 GMT"
        ],
        "Pragma": [
          "no-cache"
        ],
        "ETag": [
          "W/\"datetime'2017-05-16T07%3A04%3A32.6972953Z'\""
        ],
        "Server": [
          "Microsoft-IIS/8.5"
        ],
        "Strict-Transport-Security": [
          "max-age=31536000; includeSubDomains"
        ],
        "X-AspNet-Version": [
          "4.0.30319"
        ],
        "X-Powered-By": [
          "ASP.NET"
        ],
        "x-ms-ratelimit-remaining-subscription-writes": [
          "1178"
        ],
        "x-ms-request-id": [
          "42384b02-e4a6-4971-895f-dafae8751008"
        ],
        "x-ms-correlation-request-id": [
          "42384b02-e4a6-4971-895f-dafae8751008"
        ],
        "x-ms-routing-request-id": [
          "JAPANEAST:20170516T070432Z:42384b02-e4a6-4971-895f-dafae8751008"
        ]
      },
      "StatusCode": 201
    },
    {
      "RequestUri": "/subscriptions/f9b96b36-1f5e-4021-8959-51527e26e6d3/resourceGroups/res4279/providers/Microsoft.CognitiveServices/accounts/csa240?api-version=2017-04-18",
      "EncodedRequestUri": "L3N1YnNjcmlwdGlvbnMvZjliOTZiMzYtMWY1ZS00MDIxLTg5NTktNTE1MjdlMjZlNmQzL3Jlc291cmNlR3JvdXBzL3JlczQyNzkvcHJvdmlkZXJzL01pY3Jvc29mdC5Db2duaXRpdmVTZXJ2aWNlcy9hY2NvdW50cy9jc2EyNDA/YXBpLXZlcnNpb249MjAxNy0wNC0xOA==",
      "RequestMethod": "PUT",
      "RequestBody": "{\r\n  \"sku\": {\r\n    \"name\": \"S0\"\r\n  },\r\n  \"kind\": \"Face\",\r\n  \"location\": \"westus\",\r\n  \"properties\": {}\r\n}",
      "RequestHeaders": {
        "Content-Type": [
          "application/json; charset=utf-8"
        ],
        "Content-Length": [
          "104"
        ],
        "x-ms-client-request-id": [
          "adf49dbc-1f37-4def-b81b-986cb8bb6e67"
        ],
        "accept-language": [
          "en-US"
        ],
        "User-Agent": [
          "FxVersion/4.6.25211.01",
          "Microsoft.Azure.Management.CognitiveServices.CognitiveServicesManagementClient/0.3.0.0"
        ]
      },
      "ResponseBody": "{\r\n  \"id\": \"/subscriptions/f9b96b36-1f5e-4021-8959-51527e26e6d3/resourceGroups/res4279/providers/Microsoft.CognitiveServices/accounts/csa240\",\r\n  \"name\": \"csa240\",\r\n  \"type\": \"Microsoft.CognitiveServices/accounts\",\r\n  \"location\": \"westus\",\r\n  \"sku\": {\r\n    \"name\": \"S0\"\r\n  },\r\n  \"kind\": \"Face\",\r\n  \"etag\": \"W/\\\"datetime'2017-05-16T07%3A04%3A34.6071501Z'\\\"\",\r\n  \"properties\": {\r\n    \"endpoint\": \"https://westus.api.cognitive.microsoft.com/face/v1.0\",\r\n    \"skuChangeInfo\": null,\r\n    \"provisioningState\": \"Succeeded\",\r\n    \"internalId\": \"4a8baaa818f147eaaa312391d152a070\"\r\n  }\r\n}",
      "ResponseHeaders": {
        "Content-Length": [
          "493"
        ],
        "Content-Type": [
          "application/json; charset=utf-8"
        ],
        "Expires": [
          "-1"
        ],
        "Cache-Control": [
          "no-cache"
        ],
        "Date": [
          "Tue, 16 May 2017 07:04:34 GMT"
        ],
        "Pragma": [
          "no-cache"
        ],
        "ETag": [
          "W/\"datetime'2017-05-16T07%3A04%3A34.6071501Z'\""
        ],
        "Server": [
          "Microsoft-IIS/8.5"
        ],
        "Strict-Transport-Security": [
          "max-age=31536000; includeSubDomains"
        ],
        "X-AspNet-Version": [
          "4.0.30319"
        ],
        "X-Powered-By": [
          "ASP.NET"
        ],
        "x-ms-ratelimit-remaining-subscription-writes": [
          "1177"
        ],
        "x-ms-request-id": [
          "5e7486c1-676a-43ff-8749-dc7691314004"
        ],
        "x-ms-correlation-request-id": [
          "5e7486c1-676a-43ff-8749-dc7691314004"
        ],
        "x-ms-routing-request-id": [
          "JAPANEAST:20170516T070434Z:5e7486c1-676a-43ff-8749-dc7691314004"
        ]
      },
      "StatusCode": 201
    },
    {
      "RequestUri": "/subscriptions/f9b96b36-1f5e-4021-8959-51527e26e6d3/resourceGroups/res4279/providers/Microsoft.CognitiveServices/accounts/csa255?api-version=2017-04-18",
      "EncodedRequestUri": "L3N1YnNjcmlwdGlvbnMvZjliOTZiMzYtMWY1ZS00MDIxLTg5NTktNTE1MjdlMjZlNmQzL3Jlc291cmNlR3JvdXBzL3JlczQyNzkvcHJvdmlkZXJzL01pY3Jvc29mdC5Db2duaXRpdmVTZXJ2aWNlcy9hY2NvdW50cy9jc2EyNTU/YXBpLXZlcnNpb249MjAxNy0wNC0xOA==",
      "RequestMethod": "PUT",
      "RequestBody": "{\r\n  \"sku\": {\r\n    \"name\": \"S0\"\r\n  },\r\n  \"kind\": \"LUIS\",\r\n  \"location\": \"westus\",\r\n  \"properties\": {}\r\n}",
      "RequestHeaders": {
        "Content-Type": [
          "application/json; charset=utf-8"
        ],
        "Content-Length": [
          "104"
        ],
        "x-ms-client-request-id": [
          "99d9e349-7e9b-4ee9-a9d0-baf63ffc2af9"
        ],
        "accept-language": [
          "en-US"
        ],
        "User-Agent": [
          "FxVersion/4.6.25211.01",
          "Microsoft.Azure.Management.CognitiveServices.CognitiveServicesManagementClient/0.3.0.0"
        ]
      },
      "ResponseBody": "{\r\n  \"id\": \"/subscriptions/f9b96b36-1f5e-4021-8959-51527e26e6d3/resourceGroups/res4279/providers/Microsoft.CognitiveServices/accounts/csa255\",\r\n  \"name\": \"csa255\",\r\n  \"type\": \"Microsoft.CognitiveServices/accounts\",\r\n  \"location\": \"westus\",\r\n  \"sku\": {\r\n    \"name\": \"S0\"\r\n  },\r\n  \"kind\": \"LUIS\",\r\n  \"etag\": \"W/\\\"datetime'2017-05-16T07%3A04%3A36.2677648Z'\\\"\",\r\n  \"properties\": {\r\n    \"endpoint\": \"https://westus.api.cognitive.microsoft.com/luis/v1\",\r\n    \"skuChangeInfo\": null,\r\n    \"provisioningState\": \"Succeeded\",\r\n    \"internalId\": \"5c0675b3b775472abffdde13a7ac0aec\"\r\n  }\r\n}",
      "ResponseHeaders": {
        "Content-Length": [
          "491"
        ],
        "Content-Type": [
          "application/json; charset=utf-8"
        ],
        "Expires": [
          "-1"
        ],
        "Cache-Control": [
          "no-cache"
        ],
        "Date": [
          "Tue, 16 May 2017 07:04:35 GMT"
        ],
        "Pragma": [
          "no-cache"
        ],
        "ETag": [
          "W/\"datetime'2017-05-16T07%3A04%3A36.2677648Z'\""
        ],
        "Server": [
          "Microsoft-IIS/8.5"
        ],
        "Strict-Transport-Security": [
          "max-age=31536000; includeSubDomains"
        ],
        "X-AspNet-Version": [
          "4.0.30319"
        ],
        "X-Powered-By": [
          "ASP.NET"
        ],
        "x-ms-ratelimit-remaining-subscription-writes": [
          "1176"
        ],
        "x-ms-request-id": [
          "f7335d10-c5f8-43a5-89c4-f1d03debd727"
        ],
        "x-ms-correlation-request-id": [
          "f7335d10-c5f8-43a5-89c4-f1d03debd727"
        ],
        "x-ms-routing-request-id": [
          "JAPANEAST:20170516T070436Z:f7335d10-c5f8-43a5-89c4-f1d03debd727"
        ]
      },
      "StatusCode": 201
    },
    {
      "RequestUri": "/subscriptions/f9b96b36-1f5e-4021-8959-51527e26e6d3/resourceGroups/res4279/providers/Microsoft.CognitiveServices/accounts/csa1759?api-version=2017-04-18",
      "EncodedRequestUri": "L3N1YnNjcmlwdGlvbnMvZjliOTZiMzYtMWY1ZS00MDIxLTg5NTktNTE1MjdlMjZlNmQzL3Jlc291cmNlR3JvdXBzL3JlczQyNzkvcHJvdmlkZXJzL01pY3Jvc29mdC5Db2duaXRpdmVTZXJ2aWNlcy9hY2NvdW50cy9jc2ExNzU5P2FwaS12ZXJzaW9uPTIwMTctMDQtMTg=",
      "RequestMethod": "PUT",
      "RequestBody": "{\r\n  \"sku\": {\r\n    \"name\": \"S1\"\r\n  },\r\n  \"kind\": \"Recommendations\",\r\n  \"location\": \"westus\",\r\n  \"properties\": {}\r\n}",
      "RequestHeaders": {
        "Content-Type": [
          "application/json; charset=utf-8"
        ],
        "Content-Length": [
          "115"
        ],
        "x-ms-client-request-id": [
          "1dadf170-a41f-4e45-9542-cf26dfadb331"
        ],
        "accept-language": [
          "en-US"
        ],
        "User-Agent": [
          "FxVersion/4.6.25211.01",
          "Microsoft.Azure.Management.CognitiveServices.CognitiveServicesManagementClient/0.3.0.0"
        ]
      },
      "ResponseBody": "{\r\n  \"id\": \"/subscriptions/f9b96b36-1f5e-4021-8959-51527e26e6d3/resourceGroups/res4279/providers/Microsoft.CognitiveServices/accounts/csa1759\",\r\n  \"name\": \"csa1759\",\r\n  \"type\": \"Microsoft.CognitiveServices/accounts\",\r\n  \"location\": \"westus\",\r\n  \"sku\": {\r\n    \"name\": \"S1\"\r\n  },\r\n  \"kind\": \"Recommendations\",\r\n  \"etag\": \"W/\\\"datetime'2017-05-16T07%3A04%3A38.1045475Z'\\\"\",\r\n  \"properties\": {\r\n    \"endpoint\": \"https://westus.api.cognitive.microsoft.com/recommendations/v4.0\",\r\n    \"skuChangeInfo\": null,\r\n    \"provisioningState\": \"Succeeded\",\r\n    \"internalId\": \"bacf3bf05f29474f90ca448e00fa201e\"\r\n  }\r\n}",
      "ResponseHeaders": {
        "Content-Length": [
          "517"
        ],
        "Content-Type": [
          "application/json; charset=utf-8"
        ],
        "Expires": [
          "-1"
        ],
        "Cache-Control": [
          "no-cache"
        ],
        "Date": [
          "Tue, 16 May 2017 07:04:37 GMT"
        ],
        "Pragma": [
          "no-cache"
        ],
        "ETag": [
          "W/\"datetime'2017-05-16T07%3A04%3A38.1045475Z'\""
        ],
        "Server": [
          "Microsoft-IIS/8.5"
        ],
        "Strict-Transport-Security": [
          "max-age=31536000; includeSubDomains"
        ],
        "X-AspNet-Version": [
          "4.0.30319"
        ],
        "X-Powered-By": [
          "ASP.NET"
        ],
        "x-ms-ratelimit-remaining-subscription-writes": [
          "1175"
        ],
        "x-ms-request-id": [
          "9ec2aaa3-dd92-4df3-80a1-e90daea6d05f"
        ],
        "x-ms-correlation-request-id": [
          "9ec2aaa3-dd92-4df3-80a1-e90daea6d05f"
        ],
        "x-ms-routing-request-id": [
          "JAPANEAST:20170516T070438Z:9ec2aaa3-dd92-4df3-80a1-e90daea6d05f"
        ]
      },
      "StatusCode": 201
    },
    {
      "RequestUri": "/subscriptions/f9b96b36-1f5e-4021-8959-51527e26e6d3/resourceGroups/res4279/providers/Microsoft.CognitiveServices/accounts/csa7494?api-version=2017-04-18",
      "EncodedRequestUri": "L3N1YnNjcmlwdGlvbnMvZjliOTZiMzYtMWY1ZS00MDIxLTg5NTktNTE1MjdlMjZlNmQzL3Jlc291cmNlR3JvdXBzL3JlczQyNzkvcHJvdmlkZXJzL01pY3Jvc29mdC5Db2duaXRpdmVTZXJ2aWNlcy9hY2NvdW50cy9jc2E3NDk0P2FwaS12ZXJzaW9uPTIwMTctMDQtMTg=",
      "RequestMethod": "PUT",
      "RequestBody": "{\r\n  \"sku\": {\r\n    \"name\": \"S0\"\r\n  },\r\n  \"kind\": \"SpeakerRecognition\",\r\n  \"location\": \"westus\",\r\n  \"properties\": {}\r\n}",
      "RequestHeaders": {
        "Content-Type": [
          "application/json; charset=utf-8"
        ],
        "Content-Length": [
          "118"
        ],
        "x-ms-client-request-id": [
          "b3dc5e4e-0848-468d-b899-8a5d99ee7e72"
        ],
        "accept-language": [
          "en-US"
        ],
        "User-Agent": [
          "FxVersion/4.6.25211.01",
          "Microsoft.Azure.Management.CognitiveServices.CognitiveServicesManagementClient/0.3.0.0"
        ]
      },
      "ResponseBody": "{\r\n  \"id\": \"/subscriptions/f9b96b36-1f5e-4021-8959-51527e26e6d3/resourceGroups/res4279/providers/Microsoft.CognitiveServices/accounts/csa7494\",\r\n  \"name\": \"csa7494\",\r\n  \"type\": \"Microsoft.CognitiveServices/accounts\",\r\n  \"location\": \"westus\",\r\n  \"sku\": {\r\n    \"name\": \"S0\"\r\n  },\r\n  \"kind\": \"SpeakerRecognition\",\r\n  \"etag\": \"W/\\\"datetime'2017-05-16T07%3A04%3A39.757153Z'\\\"\",\r\n  \"properties\": {\r\n    \"endpoint\": \"https://westus.api.cognitive.microsoft.com/spid/v1.0\",\r\n    \"skuChangeInfo\": null,\r\n    \"provisioningState\": \"Succeeded\",\r\n    \"internalId\": \"d79b5ba38e614958bffe18a8689bdcb8\"\r\n  }\r\n}",
      "ResponseHeaders": {
        "Content-Length": [
          "508"
        ],
        "Content-Type": [
          "application/json; charset=utf-8"
        ],
        "Expires": [
          "-1"
        ],
        "Cache-Control": [
          "no-cache"
        ],
        "Date": [
          "Tue, 16 May 2017 07:04:39 GMT"
        ],
        "Pragma": [
          "no-cache"
        ],
        "ETag": [
          "W/\"datetime'2017-05-16T07%3A04%3A39.757153Z'\""
        ],
        "Server": [
          "Microsoft-IIS/8.5"
        ],
        "Strict-Transport-Security": [
          "max-age=31536000; includeSubDomains"
        ],
        "X-AspNet-Version": [
          "4.0.30319"
        ],
        "X-Powered-By": [
          "ASP.NET"
        ],
        "x-ms-ratelimit-remaining-subscription-writes": [
          "1174"
        ],
        "x-ms-request-id": [
          "81ec01eb-7c3c-432b-8549-27eda452ed4d"
        ],
        "x-ms-correlation-request-id": [
          "81ec01eb-7c3c-432b-8549-27eda452ed4d"
        ],
        "x-ms-routing-request-id": [
          "JAPANEAST:20170516T070439Z:81ec01eb-7c3c-432b-8549-27eda452ed4d"
        ]
      },
      "StatusCode": 201
    },
    {
      "RequestUri": "/subscriptions/f9b96b36-1f5e-4021-8959-51527e26e6d3/resourceGroups/res4279/providers/Microsoft.CognitiveServices/accounts/csa6511?api-version=2017-04-18",
      "EncodedRequestUri": "L3N1YnNjcmlwdGlvbnMvZjliOTZiMzYtMWY1ZS00MDIxLTg5NTktNTE1MjdlMjZlNmQzL3Jlc291cmNlR3JvdXBzL3JlczQyNzkvcHJvdmlkZXJzL01pY3Jvc29mdC5Db2duaXRpdmVTZXJ2aWNlcy9hY2NvdW50cy9jc2E2NTExP2FwaS12ZXJzaW9uPTIwMTctMDQtMTg=",
      "RequestMethod": "PUT",
      "RequestBody": "{\r\n  \"sku\": {\r\n    \"name\": \"S0\"\r\n  },\r\n  \"kind\": \"Speech\",\r\n  \"location\": \"westus\",\r\n  \"properties\": {}\r\n}",
      "RequestHeaders": {
        "Content-Type": [
          "application/json; charset=utf-8"
        ],
        "Content-Length": [
          "106"
        ],
        "x-ms-client-request-id": [
          "fc427947-57e7-491c-b266-d5fd13ce60d1"
        ],
        "accept-language": [
          "en-US"
        ],
        "User-Agent": [
          "FxVersion/4.6.25211.01",
          "Microsoft.Azure.Management.CognitiveServices.CognitiveServicesManagementClient/0.3.0.0"
        ]
      },
      "ResponseBody": "{\r\n  \"id\": \"/subscriptions/f9b96b36-1f5e-4021-8959-51527e26e6d3/resourceGroups/res4279/providers/Microsoft.CognitiveServices/accounts/csa6511\",\r\n  \"name\": \"csa6511\",\r\n  \"type\": \"Microsoft.CognitiveServices/accounts\",\r\n  \"location\": \"westus\",\r\n  \"sku\": {\r\n    \"name\": \"S0\"\r\n  },\r\n  \"kind\": \"Speech\",\r\n  \"etag\": \"W/\\\"datetime'2017-05-16T07%3A04%3A41.310663Z'\\\"\",\r\n  \"properties\": {\r\n    \"endpoint\": \"https://westus.api.cognitive.microsoft.com/speech/v0\",\r\n    \"skuChangeInfo\": null,\r\n    \"provisioningState\": \"Succeeded\",\r\n    \"internalId\": \"240dc78984e44d0aacdadb81f8ddcc56\"\r\n  }\r\n}",
      "ResponseHeaders": {
        "Content-Length": [
          "496"
        ],
        "Content-Type": [
          "application/json; charset=utf-8"
        ],
        "Expires": [
          "-1"
        ],
        "Cache-Control": [
          "no-cache"
        ],
        "Date": [
          "Tue, 16 May 2017 07:04:40 GMT"
        ],
        "Pragma": [
          "no-cache"
        ],
        "ETag": [
          "W/\"datetime'2017-05-16T07%3A04%3A41.310663Z'\""
        ],
        "Server": [
          "Microsoft-IIS/8.5"
        ],
        "Strict-Transport-Security": [
          "max-age=31536000; includeSubDomains"
        ],
        "X-AspNet-Version": [
          "4.0.30319"
        ],
        "X-Powered-By": [
          "ASP.NET"
        ],
        "x-ms-ratelimit-remaining-subscription-writes": [
          "1173"
        ],
        "x-ms-request-id": [
          "3096ee43-f9dd-4b1a-8fa2-30183808cd15"
        ],
        "x-ms-correlation-request-id": [
          "3096ee43-f9dd-4b1a-8fa2-30183808cd15"
        ],
        "x-ms-routing-request-id": [
          "JAPANEAST:20170516T070441Z:3096ee43-f9dd-4b1a-8fa2-30183808cd15"
        ]
      },
      "StatusCode": 201
    },
    {
      "RequestUri": "/subscriptions/f9b96b36-1f5e-4021-8959-51527e26e6d3/resourceGroups/res4279/providers/Microsoft.CognitiveServices/accounts/csa1631?api-version=2017-04-18",
      "EncodedRequestUri": "L3N1YnNjcmlwdGlvbnMvZjliOTZiMzYtMWY1ZS00MDIxLTg5NTktNTE1MjdlMjZlNmQzL3Jlc291cmNlR3JvdXBzL3JlczQyNzkvcHJvdmlkZXJzL01pY3Jvc29mdC5Db2duaXRpdmVTZXJ2aWNlcy9hY2NvdW50cy9jc2ExNjMxP2FwaS12ZXJzaW9uPTIwMTctMDQtMTg=",
      "RequestMethod": "PUT",
      "RequestBody": "{\r\n  \"sku\": {\r\n    \"name\": \"S1\"\r\n  },\r\n  \"kind\": \"SpeechTranslation\",\r\n  \"location\": \"global\",\r\n  \"properties\": {}\r\n}",
      "RequestHeaders": {
        "Content-Type": [
          "application/json; charset=utf-8"
        ],
        "Content-Length": [
          "117"
        ],
        "x-ms-client-request-id": [
          "5ba7ff3f-3f8c-4673-951c-9f7815ba7fff"
        ],
        "accept-language": [
          "en-US"
        ],
        "User-Agent": [
          "FxVersion/4.6.25211.01",
          "Microsoft.Azure.Management.CognitiveServices.CognitiveServicesManagementClient/0.3.0.0"
        ]
      },
      "ResponseBody": "{\r\n  \"id\": \"/subscriptions/f9b96b36-1f5e-4021-8959-51527e26e6d3/resourceGroups/res4279/providers/Microsoft.CognitiveServices/accounts/csa1631\",\r\n  \"name\": \"csa1631\",\r\n  \"type\": \"Microsoft.CognitiveServices/accounts\",\r\n  \"location\": \"global\",\r\n  \"sku\": {\r\n    \"name\": \"S1\"\r\n  },\r\n  \"kind\": \"SpeechTranslation\",\r\n  \"etag\": \"W/\\\"datetime'2017-05-16T07%3A04%3A42.8801868Z'\\\"\",\r\n  \"properties\": {\r\n    \"endpoint\": \"https://api.cognitive.microsoft.com/sts/v1.0\",\r\n    \"skuChangeInfo\": null,\r\n    \"provisioningState\": \"Succeeded\",\r\n    \"internalId\": \"79d1ca65a65342c69ae75023bced61bc\"\r\n  }\r\n}",
      "ResponseHeaders": {
        "Content-Length": [
          "500"
        ],
        "Content-Type": [
          "application/json; charset=utf-8"
        ],
        "Expires": [
          "-1"
        ],
        "Cache-Control": [
          "no-cache"
        ],
        "Date": [
          "Tue, 16 May 2017 07:04:42 GMT"
        ],
        "Pragma": [
          "no-cache"
        ],
        "ETag": [
          "W/\"datetime'2017-05-16T07%3A04%3A42.8801868Z'\""
        ],
        "Server": [
          "Microsoft-IIS/8.5"
        ],
        "Strict-Transport-Security": [
          "max-age=31536000; includeSubDomains"
        ],
        "X-AspNet-Version": [
          "4.0.30319"
        ],
        "X-Powered-By": [
          "ASP.NET"
        ],
        "x-ms-ratelimit-remaining-subscription-writes": [
          "1172"
        ],
        "x-ms-request-id": [
          "e1ff9dd0-9be4-4367-b26f-47e97b9eb337"
        ],
        "x-ms-correlation-request-id": [
          "e1ff9dd0-9be4-4367-b26f-47e97b9eb337"
        ],
        "x-ms-routing-request-id": [
          "JAPANEAST:20170516T070442Z:e1ff9dd0-9be4-4367-b26f-47e97b9eb337"
        ]
      },
      "StatusCode": 201
    },
    {
      "RequestUri": "/subscriptions/f9b96b36-1f5e-4021-8959-51527e26e6d3/resourceGroups/res4279/providers/Microsoft.CognitiveServices/accounts/csa5548?api-version=2017-04-18",
      "EncodedRequestUri": "L3N1YnNjcmlwdGlvbnMvZjliOTZiMzYtMWY1ZS00MDIxLTg5NTktNTE1MjdlMjZlNmQzL3Jlc291cmNlR3JvdXBzL3JlczQyNzkvcHJvdmlkZXJzL01pY3Jvc29mdC5Db2duaXRpdmVTZXJ2aWNlcy9hY2NvdW50cy9jc2E1NTQ4P2FwaS12ZXJzaW9uPTIwMTctMDQtMTg=",
      "RequestMethod": "PUT",
      "RequestBody": "{\r\n  \"sku\": {\r\n    \"name\": \"S1\"\r\n  },\r\n  \"kind\": \"TextAnalytics\",\r\n  \"location\": \"westus\",\r\n  \"properties\": {}\r\n}",
      "RequestHeaders": {
        "Content-Type": [
          "application/json; charset=utf-8"
        ],
        "Content-Length": [
          "113"
        ],
        "x-ms-client-request-id": [
          "574bd0df-65ee-4f72-bd4c-28b6aa610233"
        ],
        "accept-language": [
          "en-US"
        ],
        "User-Agent": [
          "FxVersion/4.6.25211.01",
          "Microsoft.Azure.Management.CognitiveServices.CognitiveServicesManagementClient/0.3.0.0"
        ]
      },
      "ResponseBody": "{\r\n  \"id\": \"/subscriptions/f9b96b36-1f5e-4021-8959-51527e26e6d3/resourceGroups/res4279/providers/Microsoft.CognitiveServices/accounts/csa5548\",\r\n  \"name\": \"csa5548\",\r\n  \"type\": \"Microsoft.CognitiveServices/accounts\",\r\n  \"location\": \"westus\",\r\n  \"sku\": {\r\n    \"name\": \"S1\"\r\n  },\r\n  \"kind\": \"TextAnalytics\",\r\n  \"etag\": \"W/\\\"datetime'2017-05-16T07%3A04%3A44.6048623Z'\\\"\",\r\n  \"properties\": {\r\n    \"endpoint\": \"https://westus.api.cognitive.microsoft.com/text/analytics/v2.0\",\r\n    \"skuChangeInfo\": null,\r\n    \"provisioningState\": \"Succeeded\",\r\n    \"internalId\": \"401109293af446a6aa438066d5ab8c82\"\r\n  }\r\n}",
      "ResponseHeaders": {
        "Content-Length": [
          "514"
        ],
        "Content-Type": [
          "application/json; charset=utf-8"
        ],
        "Expires": [
          "-1"
        ],
        "Cache-Control": [
          "no-cache"
        ],
        "Date": [
          "Tue, 16 May 2017 07:04:43 GMT"
        ],
        "Pragma": [
          "no-cache"
        ],
        "ETag": [
          "W/\"datetime'2017-05-16T07%3A04%3A44.6048623Z'\""
        ],
        "Server": [
          "Microsoft-IIS/8.5"
        ],
        "Strict-Transport-Security": [
          "max-age=31536000; includeSubDomains"
        ],
        "X-AspNet-Version": [
          "4.0.30319"
        ],
        "X-Powered-By": [
          "ASP.NET"
        ],
        "x-ms-ratelimit-remaining-subscription-writes": [
          "1171"
        ],
        "x-ms-request-id": [
          "8ae264bf-532c-4ee4-9020-ad97e18c009d"
        ],
        "x-ms-correlation-request-id": [
          "8ae264bf-532c-4ee4-9020-ad97e18c009d"
        ],
        "x-ms-routing-request-id": [
          "JAPANEAST:20170516T070444Z:8ae264bf-532c-4ee4-9020-ad97e18c009d"
        ]
      },
      "StatusCode": 201
    },
    {
      "RequestUri": "/subscriptions/f9b96b36-1f5e-4021-8959-51527e26e6d3/resourceGroups/res4279/providers/Microsoft.CognitiveServices/accounts/csa2197?api-version=2017-04-18",
      "EncodedRequestUri": "L3N1YnNjcmlwdGlvbnMvZjliOTZiMzYtMWY1ZS00MDIxLTg5NTktNTE1MjdlMjZlNmQzL3Jlc291cmNlR3JvdXBzL3JlczQyNzkvcHJvdmlkZXJzL01pY3Jvc29mdC5Db2duaXRpdmVTZXJ2aWNlcy9hY2NvdW50cy9jc2EyMTk3P2FwaS12ZXJzaW9uPTIwMTctMDQtMTg=",
      "RequestMethod": "PUT",
      "RequestBody": "{\r\n  \"sku\": {\r\n    \"name\": \"S1\"\r\n  },\r\n  \"kind\": \"TextTranslation\",\r\n  \"location\": \"global\",\r\n  \"properties\": {}\r\n}",
      "RequestHeaders": {
        "Content-Type": [
          "application/json; charset=utf-8"
        ],
        "Content-Length": [
          "115"
        ],
        "x-ms-client-request-id": [
          "e87b98f7-4028-4576-8471-d1d2e880556c"
        ],
        "accept-language": [
          "en-US"
        ],
        "User-Agent": [
          "FxVersion/4.6.25211.01",
          "Microsoft.Azure.Management.CognitiveServices.CognitiveServicesManagementClient/0.3.0.0"
        ]
      },
      "ResponseBody": "{\r\n  \"id\": \"/subscriptions/f9b96b36-1f5e-4021-8959-51527e26e6d3/resourceGroups/res4279/providers/Microsoft.CognitiveServices/accounts/csa2197\",\r\n  \"name\": \"csa2197\",\r\n  \"type\": \"Microsoft.CognitiveServices/accounts\",\r\n  \"location\": \"global\",\r\n  \"sku\": {\r\n    \"name\": \"S1\"\r\n  },\r\n  \"kind\": \"TextTranslation\",\r\n  \"etag\": \"W/\\\"datetime'2017-05-16T07%3A04%3A46.3645713Z'\\\"\",\r\n  \"properties\": {\r\n    \"endpoint\": \"https://api.cognitive.microsoft.com/sts/v1.0\",\r\n    \"skuChangeInfo\": null,\r\n    \"provisioningState\": \"Succeeded\",\r\n    \"internalId\": \"899942963bb641aa804db2cf0e33411b\"\r\n  }\r\n}",
      "ResponseHeaders": {
        "Content-Length": [
          "498"
        ],
        "Content-Type": [
          "application/json; charset=utf-8"
        ],
        "Expires": [
          "-1"
        ],
        "Cache-Control": [
          "no-cache"
        ],
        "Date": [
          "Tue, 16 May 2017 07:04:45 GMT"
        ],
        "Pragma": [
          "no-cache"
        ],
        "ETag": [
          "W/\"datetime'2017-05-16T07%3A04%3A46.3645713Z'\""
        ],
        "Server": [
          "Microsoft-IIS/8.5"
        ],
        "Strict-Transport-Security": [
          "max-age=31536000; includeSubDomains"
        ],
        "X-AspNet-Version": [
          "4.0.30319"
        ],
        "X-Powered-By": [
          "ASP.NET"
        ],
        "x-ms-ratelimit-remaining-subscription-writes": [
          "1170"
        ],
        "x-ms-request-id": [
          "b721dea1-1d1d-4f39-8155-ac70026460a4"
        ],
        "x-ms-correlation-request-id": [
          "b721dea1-1d1d-4f39-8155-ac70026460a4"
        ],
        "x-ms-routing-request-id": [
          "JAPANEAST:20170516T070446Z:b721dea1-1d1d-4f39-8155-ac70026460a4"
        ]
      },
      "StatusCode": 201
    },
    {
      "RequestUri": "/subscriptions/f9b96b36-1f5e-4021-8959-51527e26e6d3/resourceGroups/res4279/providers/Microsoft.CognitiveServices/accounts/csa9636?api-version=2017-04-18",
      "EncodedRequestUri": "L3N1YnNjcmlwdGlvbnMvZjliOTZiMzYtMWY1ZS00MDIxLTg5NTktNTE1MjdlMjZlNmQzL3Jlc291cmNlR3JvdXBzL3JlczQyNzkvcHJvdmlkZXJzL01pY3Jvc29mdC5Db2duaXRpdmVTZXJ2aWNlcy9hY2NvdW50cy9jc2E5NjM2P2FwaS12ZXJzaW9uPTIwMTctMDQtMTg=",
      "RequestMethod": "PUT",
      "RequestBody": "{\r\n  \"sku\": {\r\n    \"name\": \"S0\"\r\n  },\r\n  \"kind\": \"WebLM\",\r\n  \"location\": \"westus\",\r\n  \"properties\": {}\r\n}",
      "RequestHeaders": {
        "Content-Type": [
          "application/json; charset=utf-8"
        ],
        "Content-Length": [
          "105"
        ],
        "x-ms-client-request-id": [
          "e7a37683-7ba4-462f-8ccf-dea782259b15"
        ],
        "accept-language": [
          "en-US"
        ],
        "User-Agent": [
          "FxVersion/4.6.25211.01",
          "Microsoft.Azure.Management.CognitiveServices.CognitiveServicesManagementClient/0.3.0.0"
        ]
      },
      "ResponseBody": "{\r\n  \"id\": \"/subscriptions/f9b96b36-1f5e-4021-8959-51527e26e6d3/resourceGroups/res4279/providers/Microsoft.CognitiveServices/accounts/csa9636\",\r\n  \"name\": \"csa9636\",\r\n  \"type\": \"Microsoft.CognitiveServices/accounts\",\r\n  \"location\": \"westus\",\r\n  \"sku\": {\r\n    \"name\": \"S0\"\r\n  },\r\n  \"kind\": \"WebLM\",\r\n  \"etag\": \"W/\\\"datetime'2017-05-16T07%3A04%3A48.137294Z'\\\"\",\r\n  \"properties\": {\r\n    \"endpoint\": \"https://westus.api.cognitive.microsoft.com/text/weblm/v1.0\",\r\n    \"skuChangeInfo\": null,\r\n    \"provisioningState\": \"Succeeded\",\r\n    \"internalId\": \"87c545d85bb74e84aa21c7028ee006f7\"\r\n  }\r\n}",
      "ResponseHeaders": {
        "Content-Length": [
          "501"
        ],
        "Content-Type": [
          "application/json; charset=utf-8"
        ],
        "Expires": [
          "-1"
        ],
        "Cache-Control": [
          "no-cache"
        ],
        "Date": [
          "Tue, 16 May 2017 07:04:47 GMT"
        ],
        "Pragma": [
          "no-cache"
        ],
        "ETag": [
          "W/\"datetime'2017-05-16T07%3A04%3A48.137294Z'\""
        ],
        "Server": [
          "Microsoft-IIS/8.5"
        ],
        "Strict-Transport-Security": [
          "max-age=31536000; includeSubDomains"
        ],
        "X-AspNet-Version": [
          "4.0.30319"
        ],
        "X-Powered-By": [
          "ASP.NET"
        ],
        "x-ms-ratelimit-remaining-subscription-writes": [
          "1169"
        ],
        "x-ms-request-id": [
          "36001627-8e67-43b4-99f9-6afeddfd2c81"
        ],
        "x-ms-correlation-request-id": [
          "36001627-8e67-43b4-99f9-6afeddfd2c81"
        ],
        "x-ms-routing-request-id": [
          "JAPANEAST:20170516T070448Z:36001627-8e67-43b4-99f9-6afeddfd2c81"
        ]
      },
      "StatusCode": 201
    }
  ],
  "Names": {
    "CreateResourceGroup": [
      "res4279"
    ],
    "CreateAndValidateAccountWithOnlyRequiredParameters": [
      "csa1854",
      "csa9450",
      "csa8969",
      "csa9102",
      "csa883",
      "csa5686",
      "csa5481",
      "csa2958",
      "csa240",
      "csa255",
      "csa1759",
      "csa7494",
      "csa6511",
      "csa1631",
      "csa5548",
      "csa2197",
      "csa9636"
    ]
  },
  "Variables": {
    "SubscriptionId": "f9b96b36-1f5e-4021-8959-51527e26e6d3"
  }
}