{
  "Entries": [
    {
      "RequestUri": "https://tfcc0190a5162cce1.azurecr.io/v2/library%2Fhello-world/manifests/sha256%3Af54a58bc1aac5ea1a25d796ae155dc228b3f0e11d046ae276b39c4bf2f13d8c4",
      "RequestMethod": "GET",
      "RequestHeaders": {
        "Accept": "application/vnd.docker.distribution.manifest.v2\u002Bjson, application/vnd.oci.image.manifest.v1\u002Bjson, application/json",
        "traceparent": "00-2473aee4c1d138f787ff1c052e134ec7-59f2ebf356ee6bfa-00",
        "User-Agent": "azsdk-net-Containers.ContainerRegistry/1.1.0-alpha.20230306.1 (.NET 6.0.14; Microsoft Windows 10.0.22621)",
        "x-ms-client-request-id": "cfa25db7629820b422eb30f75659c92c",
        "x-ms-return-client-request-id": "true"
      },
      "RequestBody": null,
      "StatusCode": 401,
      "ResponseHeaders": {
        "Access-Control-Expose-Headers": [
          "Docker-Content-Digest",
          "WWW-Authenticate",
          "Link",
          "X-Ms-Correlation-Request-Id"
        ],
        "Connection": "keep-alive",
        "Content-Length": "213",
        "Content-Type": "application/json; charset=utf-8",
        "Date": "Mon, 06 Mar 2023 17:10:43 GMT",
        "Docker-Distribution-Api-Version": "registry/2.0",
        "Server": "openresty",
        "Strict-Transport-Security": [
          "max-age=31536000; includeSubDomains",
          "max-age=31536000; includeSubDomains"
        ],
        "WWW-Authenticate": "Bearer realm=\u0022https://tfcc0190a5162cce1.azurecr.io/oauth2/token\u0022,service=\u0022tfcc0190a5162cce1.azurecr.io\u0022,scope=\u0022repository:library/hello-world:pull\u0022",
        "X-Content-Type-Options": "nosniff",
        "X-Ms-Correlation-Request-Id": "89607c7d-7821-4fe4-8fe2-a0f1a088758a"
      },
      "ResponseBody": {
        "errors": [
          {
            "code": "UNAUTHORIZED",
            "message": "authentication required, visit https://aka.ms/acr/authorization for more information.",
            "detail": [
              {
                "Type": "repository",
                "Name": "library/hello-world",
                "Action": "pull"
              }
            ]
          }
        ]
      }
    },
    {
      "RequestUri": "https://tfcc0190a5162cce1.azurecr.io/oauth2/exchange?api-version=2021-07-01",
      "RequestMethod": "POST",
      "RequestHeaders": {
        "Accept": "application/json",
        "Content-Length": "83",
        "Content-Type": "application/x-www-form-urlencoded",
        "traceparent": "00-2473aee4c1d138f787ff1c052e134ec7-edb30002dfe7e190-00",
        "User-Agent": "azsdk-net-Containers.ContainerRegistry/1.1.0-alpha.20230306.1 (.NET 6.0.14; Microsoft Windows 10.0.22621)",
        "x-ms-client-request-id": "1c5d451ec1e050547770c64d5c293563",
        "x-ms-return-client-request-id": "true"
      },
      "RequestBody": "grant_type=access_token\u0026service=tfcc0190a5162cce1.azurecr.io\u0026access_token=Sanitized",
      "StatusCode": 200,
      "ResponseHeaders": {
        "Connection": "keep-alive",
        "Content-Type": "application/json; charset=utf-8",
        "Date": "Mon, 06 Mar 2023 17:10:43 GMT",
        "Server": "openresty",
        "Strict-Transport-Security": "max-age=31536000; includeSubDomains",
        "Transfer-Encoding": "chunked",
        "X-Ms-Correlation-Request-Id": "4c2f7fb2-2cb1-4c24-bff0-041fac4afc77",
        "x-ms-ratelimit-remaining-calls-per-second": "166.65"
      },
      "ResponseBody": {
        "refresh_token": "Sanitized.eyJleHAiOjI2MjQyMDI2NDF9.Sanitized"
      }
    },
    {
      "RequestUri": "https://tfcc0190a5162cce1.azurecr.io/oauth2/token?api-version=2021-07-01",
      "RequestMethod": "POST",
      "RequestHeaders": {
        "Accept": "application/json",
        "Content-Length": "133",
        "Content-Type": "application/x-www-form-urlencoded",
        "traceparent": "00-2473aee4c1d138f787ff1c052e134ec7-a36c7d4f607e6a97-00",
        "User-Agent": "azsdk-net-Containers.ContainerRegistry/1.1.0-alpha.20230306.1 (.NET 6.0.14; Microsoft Windows 10.0.22621)",
        "x-ms-client-request-id": "c578abd03558098df8f5cb0c5bb078e1",
        "x-ms-return-client-request-id": "true"
      },
      "RequestBody": "service=tfcc0190a5162cce1.azurecr.io\u0026scope=repository%3Alibrary%2Fhello-world%3Apull\u0026refresh_token=Sanitized\u0026grant_type=refresh_token",
      "StatusCode": 200,
      "ResponseHeaders": {
        "Connection": "keep-alive",
        "Content-Type": "application/json; charset=utf-8",
        "Date": "Mon, 06 Mar 2023 17:10:43 GMT",
        "Server": "openresty",
        "Strict-Transport-Security": "max-age=31536000; includeSubDomains",
        "Transfer-Encoding": "chunked",
        "X-Ms-Correlation-Request-Id": "4431ef7c-a7d4-4501-ab88-cec2f39978a7",
        "x-ms-ratelimit-remaining-calls-per-second": "166.633333"
      },
      "ResponseBody": {
        "access_token": "Sanitized"
      }
    },
    {
      "RequestUri": "https://tfcc0190a5162cce1.azurecr.io/v2/library%2Fhello-world/manifests/sha256%3Af54a58bc1aac5ea1a25d796ae155dc228b3f0e11d046ae276b39c4bf2f13d8c4",
      "RequestMethod": "GET",
      "RequestHeaders": {
        "Accept": "application/vnd.docker.distribution.manifest.v2\u002Bjson, application/vnd.oci.image.manifest.v1\u002Bjson, application/json",
        "Authorization": "Sanitized",
        "traceparent": "00-2473aee4c1d138f787ff1c052e134ec7-59f2ebf356ee6bfa-00",
        "User-Agent": "azsdk-net-Containers.ContainerRegistry/1.1.0-alpha.20230306.1 (.NET 6.0.14; Microsoft Windows 10.0.22621)",
        "x-ms-client-request-id": "cfa25db7629820b422eb30f75659c92c",
        "x-ms-return-client-request-id": "true"
      },
      "RequestBody": null,
      "StatusCode": 200,
      "ResponseHeaders": {
        "Access-Control-Expose-Headers": [
          "Docker-Content-Digest",
          "WWW-Authenticate",
          "Link",
          "X-Ms-Correlation-Request-Id"
        ],
        "Connection": "keep-alive",
        "Content-Length": "525",
        "Content-Type": "application/vnd.docker.distribution.manifest.v2\u002Bjson",
        "Date": "Mon, 06 Mar 2023 17:10:43 GMT",
        "Docker-Content-Digest": "sha256:f54a58bc1aac5ea1a25d796ae155dc228b3f0e11d046ae276b39c4bf2f13d8c4",
        "Docker-Distribution-Api-Version": "registry/2.0",
        "ETag": "\u0022sha256:f54a58bc1aac5ea1a25d796ae155dc228b3f0e11d046ae276b39c4bf2f13d8c4\u0022",
        "Server": "openresty",
        "Strict-Transport-Security": [
          "max-age=31536000; includeSubDomains",
          "max-age=31536000; includeSubDomains"
        ],
        "X-Content-Type-Options": "nosniff",
        "X-Ms-Client-Request-Id": "cfa25db7629820b422eb30f75659c92c",
        "X-Ms-Correlation-Request-Id": "5fe1947f-132c-4e03-be04-dc45b4436a18",
        "X-Ms-Request-Id": "68951d59-fa76-40d7-806d-af50974f03dc"
      },
      "ResponseBody": {
        "schemaVersion": 2,
        "mediaType": "application/vnd.docker.distribution.manifest.v2\u002Bjson",
        "config": {
          "mediaType": "application/vnd.docker.container.image.v1\u002Bjson",
          "size": 1469,
          "digest": "sha256:feb5d9fea6a5e9606aa995e879d862b825965ba48de054caab5ef356dc6b3412"
        },
        "layers": [
          {
            "mediaType": "application/vnd.docker.image.rootfs.diff.tar.gzip",
            "size": 2479,
            "digest": "sha256:2db29710123e3e53a794f2694094b9b4338aa9ee5c40b930cb8063a1be392c54"
          }
        ]
      }
    }
  ],
  "Variables": {
    "AZURE_AUTHORITY_HOST": "https://login.microsoftonline.com/",
    "CONTAINERREGISTRY_ENDPOINT": "https://tfcc0190a5162cce1.azurecr.io",
    "RandomSeed": "1948371341"
  }
}
