{
  "Entries": [
    {
      "RequestUri": "https://annelocontainerregistry.azurecr.io/v2/oci-artifact-large/blobs/uploads/",
      "RequestMethod": "POST",
      "RequestHeaders": {
        "Accept": "application/json",
        "Content-Length": "0",
        "traceparent": "00-bd9f22aa61ff194daab799ec88f34153-61a55b29599a5c4e-00",
        "User-Agent": "azsdk-net-Containers.ContainerRegistry/1.1.0-alpha.20221110.1 (.NET Framework 4.8.9105.0; Microsoft Windows 10.0.22621 )",
        "x-ms-client-request-id": "e5aefd0d5d1c7eebb0afa6c86642abd6",
        "x-ms-return-client-request-id": "true"
      },
      "RequestBody": null,
      "StatusCode": 401,
      "ResponseHeaders": {
        "Access-Control-Expose-Headers": [
          "Docker-Content-Digest",
          "WWW-Authenticate",
          "Link",
          "X-Ms-Correlation-Request-Id"
        ],
        "Connection": "keep-alive",
        "Content-Length": "278",
        "Content-Type": "application/json; charset=utf-8",
        "Date": "Thu, 10 Nov 2022 17:17:43 GMT",
        "Docker-Distribution-Api-Version": "registry/2.0",
        "Server": "openresty",
        "Strict-Transport-Security": [
          "max-age=31536000; includeSubDomains",
          "max-age=31536000; includeSubDomains"
        ],
        "WWW-Authenticate": "Bearer realm=\u0022https://annelocontainerregistry.azurecr.io/oauth2/token\u0022,service=\u0022annelocontainerregistry.azurecr.io\u0022,scope=\u0022repository:oci-artifact-large:pull,push\u0022",
        "X-Content-Type-Options": "nosniff",
        "X-Ms-Correlation-Request-Id": "efdb2d41-07b1-431b-bf0d-5aa38eb9c85d"
      },
      "ResponseBody": {
        "errors": [
          {
            "code": "UNAUTHORIZED",
            "message": "authentication required, visit https://aka.ms/acr/authorization for more information.",
            "detail": [
              {
                "Type": "repository",
                "Name": "oci-artifact-large",
                "Action": "pull"
              },
              {
                "Type": "repository",
                "Name": "oci-artifact-large",
                "Action": "push"
              }
            ]
          }
        ]
      }
    },
    {
      "RequestUri": "https://annelocontainerregistry.azurecr.io/oauth2/exchange?api-version=2021-07-01",
      "RequestMethod": "POST",
      "RequestHeaders": {
        "Accept": "application/json",
        "Content-Length": "89",
        "Content-Type": "application/x-www-form-urlencoded",
        "traceparent": "00-bd9f22aa61ff194daab799ec88f34153-f527fe196555c044-00",
        "User-Agent": "azsdk-net-Containers.ContainerRegistry/1.1.0-alpha.20221110.1 (.NET Framework 4.8.9105.0; Microsoft Windows 10.0.22621 )",
        "x-ms-client-request-id": "0c66606f9b718cb053ec6c0c5e6960dd",
        "x-ms-return-client-request-id": "true"
      },
      "RequestBody": "grant_type=access_token\u0026service=annelocontainerregistry.azurecr.io\u0026access_token=Sanitized",
      "StatusCode": 200,
      "ResponseHeaders": {
        "Connection": "keep-alive",
        "Content-Type": "application/json; charset=utf-8",
        "Date": "Thu, 10 Nov 2022 17:17:44 GMT",
        "Server": "openresty",
        "Strict-Transport-Security": "max-age=31536000; includeSubDomains",
        "Transfer-Encoding": "chunked",
        "X-Ms-Correlation-Request-Id": "f8ef8ff3-efae-4438-bf2a-4f99f5bbcec2",
        "x-ms-ratelimit-remaining-calls-per-second": "166.183333"
      },
      "ResponseBody": {
        "refresh_token": "Sanitized.eyJleHAiOjI2MTQxODA2NTJ9.Sanitized"
      }
    },
    {
      "RequestUri": "https://annelocontainerregistry.azurecr.io/oauth2/token?api-version=2021-07-01",
      "RequestMethod": "POST",
      "RequestHeaders": {
        "Accept": "application/json",
        "Content-Length": "143",
        "Content-Type": "application/x-www-form-urlencoded",
        "traceparent": "00-bd9f22aa61ff194daab799ec88f34153-37f9f483513f2447-00",
        "User-Agent": "azsdk-net-Containers.ContainerRegistry/1.1.0-alpha.20221110.1 (.NET Framework 4.8.9105.0; Microsoft Windows 10.0.22621 )",
        "x-ms-client-request-id": "6600f235241b512bfca7f9458f0e16fe",
        "x-ms-return-client-request-id": "true"
      },
      "RequestBody": "service=annelocontainerregistry.azurecr.io\u0026scope=repository%3Aoci-artifact-large%3Apull%2Cpush\u0026refresh_token=Sanitized\u0026grant_type=refresh_token",
      "StatusCode": 200,
      "ResponseHeaders": {
        "Connection": "keep-alive",
        "Content-Type": "application/json; charset=utf-8",
        "Date": "Thu, 10 Nov 2022 17:17:44 GMT",
        "Server": "openresty",
        "Strict-Transport-Security": "max-age=31536000; includeSubDomains",
        "Transfer-Encoding": "chunked",
        "X-Ms-Correlation-Request-Id": "654a3083-9590-4c0e-8208-3daa40ee4070",
        "x-ms-ratelimit-remaining-calls-per-second": "166.166667"
      },
      "ResponseBody": {
        "access_token": "Sanitized"
      }
    },
    {
      "RequestUri": "https://annelocontainerregistry.azurecr.io/v2/oci-artifact-large/blobs/uploads/",
      "RequestMethod": "POST",
      "RequestHeaders": {
        "Accept": "application/json",
        "Authorization": "Sanitized",
        "Content-Length": "0",
        "traceparent": "00-bd9f22aa61ff194daab799ec88f34153-61a55b29599a5c4e-00",
        "User-Agent": "azsdk-net-Containers.ContainerRegistry/1.1.0-alpha.20221110.1 (.NET Framework 4.8.9105.0; Microsoft Windows 10.0.22621 )",
        "x-ms-client-request-id": "e5aefd0d5d1c7eebb0afa6c86642abd6",
        "x-ms-return-client-request-id": "true"
      },
      "RequestBody": null,
      "StatusCode": 202,
      "ResponseHeaders": {
        "Access-Control-Expose-Headers": [
          "Docker-Content-Digest",
          "WWW-Authenticate",
          "Link",
          "X-Ms-Correlation-Request-Id"
        ],
        "Connection": "keep-alive",
        "Content-Length": "0",
        "Date": "Thu, 10 Nov 2022 17:17:44 GMT",
        "Docker-Distribution-Api-Version": "registry/2.0",
        "Docker-Upload-Uuid": "b5d15b04-f5c9-4bd6-ac0c-802c7a99757d",
        "Location": "/v2/oci-artifact-large/blobs/uploads/b5d15b04-f5c9-4bd6-ac0c-802c7a99757d?_nouploadcache=false\u0026_state=L3qUv3SRX9Cie9EzSG-RX5uswSi_mpnoQ9U1jKfcfCx7Ik5hbWUiOiJvY2ktYXJ0aWZhY3QtbGFyZ2UiLCJVVUlEIjoiYjVkMTViMDQtZjVjOS00YmQ2LWFjMGMtODAyYzdhOTk3NTdkIiwiT2Zmc2V0IjowLCJTdGFydGVkQXQiOiIyMDIyLTExLTEwVDE3OjE3OjQ0LjMxODI2ODc4MVoifQ%3D%3D",
        "Range": "0-0",
        "Server": "openresty",
        "Strict-Transport-Security": [
          "max-age=31536000; includeSubDomains",
          "max-age=31536000; includeSubDomains"
        ],
        "X-Content-Type-Options": "nosniff",
        "X-Ms-Client-Request-Id": "e5aefd0d5d1c7eebb0afa6c86642abd6",
        "X-Ms-Correlation-Request-Id": "4098c3af-0a85-4bd9-b0be-2d357217f80a",
        "X-Ms-Request-Id": "c6ce2d91-795d-4837-952f-de171ea34916"
      },
      "ResponseBody": null
    },
    {
      "RequestUri": "https://annelocontainerregistry.azurecr.io/v2/oci-artifact-large/blobs/uploads/b5d15b04-f5c9-4bd6-ac0c-802c7a99757d?_nouploadcache=false\u0026_state=L3qUv3SRX9Cie9EzSG-RX5uswSi_mpnoQ9U1jKfcfCx7Ik5hbWUiOiJvY2ktYXJ0aWZhY3QtbGFyZ2UiLCJVVUlEIjoiYjVkMTViMDQtZjVjOS00YmQ2LWFjMGMtODAyYzdhOTk3NTdkIiwiT2Zmc2V0IjowLCJTdGFydGVkQXQiOiIyMDIyLTExLTEwVDE3OjE3OjQ0LjMxODI2ODc4MVoifQ%3D%3D",
      "RequestMethod": "PATCH",
      "RequestHeaders": {
        "Accept": "application/json",
        "Content-Length": "171",
        "Content-Range": "0-170",
        "Content-Type": "application/octet-stream",
        "traceparent": "00-bd9f22aa61ff194daab799ec88f34153-4ae48575332d6e47-00",
        "User-Agent": "azsdk-net-Containers.ContainerRegistry/1.1.0-alpha.20221110.1 (.NET Framework 4.8.9105.0; Microsoft Windows 10.0.22621 )",
        "x-ms-client-request-id": "e53715dc9b6271184d219230f1df2046",
        "x-ms-return-client-request-id": "true"
      },
      "RequestBody": "H4sIAAAAAAAA/\u002BzRwcrCMBAE4Dn/8L9DD551tulmn6dUq4VioUb06VUsORU8aRQx32VzSjYzi2bYt90WKZGkmU2T5HxOZ6lo6lTNPCjUUlFo0q2i4yHUI8hn75l/7kvE/lf1GLq2bsIynMOr37jn4b1/3L\u002BrYv9lWYkDxYkoireE\u002BOP9Xy87bNCjx4ACJwwY0WONf/x9erUsy7IsoVsAAAD//yO/fykACgAA",
      "StatusCode": 401,
      "ResponseHeaders": {
        "Access-Control-Expose-Headers": [
          "Docker-Content-Digest",
          "WWW-Authenticate",
          "Link",
          "X-Ms-Correlation-Request-Id"
        ],
        "Connection": "keep-alive",
        "Content-Length": "278",
        "Content-Type": "application/json; charset=utf-8",
        "Date": "Thu, 10 Nov 2022 17:17:44 GMT",
        "Docker-Distribution-Api-Version": "registry/2.0",
        "Server": "openresty",
        "Strict-Transport-Security": [
          "max-age=31536000; includeSubDomains",
          "max-age=31536000; includeSubDomains"
        ],
        "WWW-Authenticate": "Bearer realm=\u0022https://annelocontainerregistry.azurecr.io/oauth2/token\u0022,service=\u0022annelocontainerregistry.azurecr.io\u0022,scope=\u0022repository:oci-artifact-large:pull,push\u0022",
        "X-Content-Type-Options": "nosniff",
        "X-Ms-Correlation-Request-Id": "079c10c3-4307-4ee8-b3b5-ce613debe429"
      },
      "ResponseBody": {
        "errors": [
          {
            "code": "UNAUTHORIZED",
            "message": "authentication required, visit https://aka.ms/acr/authorization for more information.",
            "detail": [
              {
                "Type": "repository",
                "Name": "oci-artifact-large",
                "Action": "pull"
              },
              {
                "Type": "repository",
                "Name": "oci-artifact-large",
                "Action": "push"
              }
            ]
          }
        ]
      }
    },
    {
      "RequestUri": "https://annelocontainerregistry.azurecr.io/oauth2/token?api-version=2021-07-01",
      "RequestMethod": "POST",
      "RequestHeaders": {
        "Accept": "application/json",
        "Content-Length": "143",
        "Content-Type": "application/x-www-form-urlencoded",
        "traceparent": "00-bd9f22aa61ff194daab799ec88f34153-aea23acaa65e814b-00",
        "User-Agent": "azsdk-net-Containers.ContainerRegistry/1.1.0-alpha.20221110.1 (.NET Framework 4.8.9105.0; Microsoft Windows 10.0.22621 )",
        "x-ms-client-request-id": "7393c84e44414bba35140fcaa16afc44",
        "x-ms-return-client-request-id": "true"
      },
      "RequestBody": "service=annelocontainerregistry.azurecr.io\u0026scope=repository%3Aoci-artifact-large%3Apull%2Cpush\u0026refresh_token=Sanitized\u0026grant_type=refresh_token",
      "StatusCode": 200,
      "ResponseHeaders": {
        "Connection": "keep-alive",
        "Content-Type": "application/json; charset=utf-8",
        "Date": "Thu, 10 Nov 2022 17:17:44 GMT",
        "Server": "openresty",
        "Strict-Transport-Security": "max-age=31536000; includeSubDomains",
        "Transfer-Encoding": "chunked",
        "X-Ms-Correlation-Request-Id": "07c4e74c-b4cb-4a8e-8dce-6b2823e1cb4e",
        "x-ms-ratelimit-remaining-calls-per-second": "166.15"
      },
      "ResponseBody": {
        "access_token": "Sanitized"
      }
    },
    {
      "RequestUri": "https://annelocontainerregistry.azurecr.io/v2/oci-artifact-large/blobs/uploads/b5d15b04-f5c9-4bd6-ac0c-802c7a99757d?_nouploadcache=false\u0026_state=L3qUv3SRX9Cie9EzSG-RX5uswSi_mpnoQ9U1jKfcfCx7Ik5hbWUiOiJvY2ktYXJ0aWZhY3QtbGFyZ2UiLCJVVUlEIjoiYjVkMTViMDQtZjVjOS00YmQ2LWFjMGMtODAyYzdhOTk3NTdkIiwiT2Zmc2V0IjowLCJTdGFydGVkQXQiOiIyMDIyLTExLTEwVDE3OjE3OjQ0LjMxODI2ODc4MVoifQ%3D%3D",
      "RequestMethod": "PATCH",
      "RequestHeaders": {
        "Accept": "application/json",
        "Authorization": "Sanitized",
        "Content-Length": "171",
        "Content-Range": "0-170",
        "Content-Type": "application/octet-stream",
        "traceparent": "00-bd9f22aa61ff194daab799ec88f34153-4ae48575332d6e47-00",
        "User-Agent": "azsdk-net-Containers.ContainerRegistry/1.1.0-alpha.20221110.1 (.NET Framework 4.8.9105.0; Microsoft Windows 10.0.22621 )",
        "x-ms-client-request-id": "e53715dc9b6271184d219230f1df2046",
        "x-ms-return-client-request-id": "true"
      },
      "RequestBody": "H4sIAAAAAAAA/\u002BzRwcrCMBAE4Dn/8L9DD551tulmn6dUq4VioUb06VUsORU8aRQx32VzSjYzi2bYt90WKZGkmU2T5HxOZ6lo6lTNPCjUUlFo0q2i4yHUI8hn75l/7kvE/lf1GLq2bsIynMOr37jn4b1/3L\u002BrYv9lWYkDxYkoireE\u002BOP9Xy87bNCjx4ACJwwY0WONf/x9erUsy7IsoVsAAAD//yO/fykACgAA",
      "StatusCode": 202,
      "ResponseHeaders": {
        "Access-Control-Expose-Headers": [
          "Docker-Content-Digest",
          "WWW-Authenticate",
          "Link",
          "X-Ms-Correlation-Request-Id"
        ],
        "Connection": "keep-alive",
        "Content-Length": "0",
        "Date": "Thu, 10 Nov 2022 17:17:44 GMT",
        "Docker-Distribution-Api-Version": "registry/2.0",
        "Docker-Upload-Uuid": "b5d15b04-f5c9-4bd6-ac0c-802c7a99757d",
        "Location": "/v2/oci-artifact-large/blobs/uploads/b5d15b04-f5c9-4bd6-ac0c-802c7a99757d?_nouploadcache=false\u0026_state=_9v9EjD-4-yCCjxX0U4D2DGyhGZRlpWm0NDcbmni_Ll7Ik5hbWUiOiJvY2ktYXJ0aWZhY3QtbGFyZ2UiLCJVVUlEIjoiYjVkMTViMDQtZjVjOS00YmQ2LWFjMGMtODAyYzdhOTk3NTdkIiwiT2Zmc2V0IjoxNzEsIlN0YXJ0ZWRBdCI6IjIwMjItMTEtMTBUMTc6MTc6NDRaIn0%3D",
        "Range": "0-170",
        "Server": "openresty",
        "Strict-Transport-Security": [
          "max-age=31536000; includeSubDomains",
          "max-age=31536000; includeSubDomains"
        ],
        "X-Content-Type-Options": "nosniff",
        "X-Ms-Client-Request-Id": "e53715dc9b6271184d219230f1df2046",
        "X-Ms-Correlation-Request-Id": "c919987e-9f98-480b-91c5-04024d44fcc6",
        "X-Ms-Request-Id": "18a52696-297e-486f-b238-d717fed0765d"
      },
      "ResponseBody": null
    },
    {
      "RequestUri": "https://annelocontainerregistry.azurecr.io/v2/oci-artifact-large/blobs/uploads/b5d15b04-f5c9-4bd6-ac0c-802c7a99757d?_nouploadcache=false\u0026_state=_9v9EjD-4-yCCjxX0U4D2DGyhGZRlpWm0NDcbmni_Ll7Ik5hbWUiOiJvY2ktYXJ0aWZhY3QtbGFyZ2UiLCJVVUlEIjoiYjVkMTViMDQtZjVjOS00YmQ2LWFjMGMtODAyYzdhOTk3NTdkIiwiT2Zmc2V0IjoxNzEsIlN0YXJ0ZWRBdCI6IjIwMjItMTEtMTBUMTc6MTc6NDRaIn0%3D\u0026digest=sha256%3Ad25b42d3dbad5361ed2d909624d899e7254a822c9a632b582ebd3a44f9b0dbc8",
      "RequestMethod": "PUT",
      "RequestHeaders": {
        "Accept": "application/json",
        "Content-Length": "0",
        "traceparent": "00-bd9f22aa61ff194daab799ec88f34153-6d024ac3fea1d84b-00",
        "User-Agent": "azsdk-net-Containers.ContainerRegistry/1.1.0-alpha.20221110.1 (.NET Framework 4.8.9105.0; Microsoft Windows 10.0.22621 )",
        "x-ms-client-request-id": "48306ed57b32997bd98f19f992fa601d",
        "x-ms-return-client-request-id": "true"
      },
      "RequestBody": null,
      "StatusCode": 401,
      "ResponseHeaders": {
        "Access-Control-Expose-Headers": [
          "Docker-Content-Digest",
          "WWW-Authenticate",
          "Link",
          "X-Ms-Correlation-Request-Id"
        ],
        "Connection": "keep-alive",
        "Content-Length": "278",
        "Content-Type": "application/json; charset=utf-8",
        "Date": "Thu, 10 Nov 2022 17:17:44 GMT",
        "Docker-Distribution-Api-Version": "registry/2.0",
        "Server": "openresty",
        "Strict-Transport-Security": [
          "max-age=31536000; includeSubDomains",
          "max-age=31536000; includeSubDomains"
        ],
        "WWW-Authenticate": "Bearer realm=\u0022https://annelocontainerregistry.azurecr.io/oauth2/token\u0022,service=\u0022annelocontainerregistry.azurecr.io\u0022,scope=\u0022repository:oci-artifact-large:pull,push\u0022",
        "X-Content-Type-Options": "nosniff",
        "X-Ms-Correlation-Request-Id": "04c7b541-5f63-4f8b-81b9-2135f0641c4b"
      },
      "ResponseBody": {
        "errors": [
          {
            "code": "UNAUTHORIZED",
            "message": "authentication required, visit https://aka.ms/acr/authorization for more information.",
            "detail": [
              {
                "Type": "repository",
                "Name": "oci-artifact-large",
                "Action": "pull"
              },
              {
                "Type": "repository",
                "Name": "oci-artifact-large",
                "Action": "push"
              }
            ]
          }
        ]
      }
    },
    {
      "RequestUri": "https://annelocontainerregistry.azurecr.io/oauth2/token?api-version=2021-07-01",
      "RequestMethod": "POST",
      "RequestHeaders": {
        "Accept": "application/json",
        "Content-Length": "143",
        "Content-Type": "application/x-www-form-urlencoded",
        "traceparent": "00-bd9f22aa61ff194daab799ec88f34153-b05ebdcb0fc72545-00",
        "User-Agent": "azsdk-net-Containers.ContainerRegistry/1.1.0-alpha.20221110.1 (.NET Framework 4.8.9105.0; Microsoft Windows 10.0.22621 )",
        "x-ms-client-request-id": "c7f7b386a27b97bc5aecb04d8b4ecfe2",
        "x-ms-return-client-request-id": "true"
      },
      "RequestBody": "service=annelocontainerregistry.azurecr.io\u0026scope=repository%3Aoci-artifact-large%3Apull%2Cpush\u0026refresh_token=Sanitized\u0026grant_type=refresh_token",
      "StatusCode": 200,
      "ResponseHeaders": {
        "Connection": "keep-alive",
        "Content-Type": "application/json; charset=utf-8",
        "Date": "Thu, 10 Nov 2022 17:17:44 GMT",
        "Server": "openresty",
        "Strict-Transport-Security": "max-age=31536000; includeSubDomains",
        "Transfer-Encoding": "chunked",
        "X-Ms-Correlation-Request-Id": "c4797645-d8f6-4d08-afb3-440b02ce843e",
        "x-ms-ratelimit-remaining-calls-per-second": "166.133333"
      },
      "ResponseBody": {
        "access_token": "Sanitized"
      }
    },
    {
      "RequestUri": "https://annelocontainerregistry.azurecr.io/v2/oci-artifact-large/blobs/uploads/b5d15b04-f5c9-4bd6-ac0c-802c7a99757d?_nouploadcache=false\u0026_state=_9v9EjD-4-yCCjxX0U4D2DGyhGZRlpWm0NDcbmni_Ll7Ik5hbWUiOiJvY2ktYXJ0aWZhY3QtbGFyZ2UiLCJVVUlEIjoiYjVkMTViMDQtZjVjOS00YmQ2LWFjMGMtODAyYzdhOTk3NTdkIiwiT2Zmc2V0IjoxNzEsIlN0YXJ0ZWRBdCI6IjIwMjItMTEtMTBUMTc6MTc6NDRaIn0%3D\u0026digest=sha256%3Ad25b42d3dbad5361ed2d909624d899e7254a822c9a632b582ebd3a44f9b0dbc8",
      "RequestMethod": "PUT",
      "RequestHeaders": {
        "Accept": "application/json",
        "Authorization": "Sanitized",
        "Content-Length": "0",
        "traceparent": "00-bd9f22aa61ff194daab799ec88f34153-6d024ac3fea1d84b-00",
        "User-Agent": "azsdk-net-Containers.ContainerRegistry/1.1.0-alpha.20221110.1 (.NET Framework 4.8.9105.0; Microsoft Windows 10.0.22621 )",
        "x-ms-client-request-id": "48306ed57b32997bd98f19f992fa601d",
        "x-ms-return-client-request-id": "true"
      },
      "RequestBody": null,
      "StatusCode": 201,
      "ResponseHeaders": {
        "Access-Control-Expose-Headers": [
          "Docker-Content-Digest",
          "WWW-Authenticate",
          "Link",
          "X-Ms-Correlation-Request-Id"
        ],
        "Connection": "keep-alive",
        "Content-Length": "0",
        "Date": "Thu, 10 Nov 2022 17:17:44 GMT",
        "Docker-Content-Digest": "sha256:d25b42d3dbad5361ed2d909624d899e7254a822c9a632b582ebd3a44f9b0dbc8",
        "Docker-Distribution-Api-Version": "registry/2.0",
        "Location": "/v2/oci-artifact-large/blobs/sha256:d25b42d3dbad5361ed2d909624d899e7254a822c9a632b582ebd3a44f9b0dbc8",
        "Server": "openresty",
        "Strict-Transport-Security": [
          "max-age=31536000; includeSubDomains",
          "max-age=31536000; includeSubDomains"
        ],
        "X-Content-Type-Options": "nosniff",
        "X-Ms-Client-Request-Id": "48306ed57b32997bd98f19f992fa601d",
        "X-Ms-Correlation-Request-Id": "20a31cf6-031f-44bf-a805-dab434e68481",
        "X-Ms-Request-Id": "c212a7d0-c2fd-481e-863f-0c8efd3fd2bc"
      },
      "ResponseBody": null
    },
    {
      "RequestUri": "https://annelocontainerregistry.azurecr.io/v2/oci-artifact-large/blobs/uploads/",
      "RequestMethod": "POST",
      "RequestHeaders": {
        "Accept": "application/json",
        "Content-Length": "0",
        "traceparent": "00-1fa39dc4d8125c48b417063a22ba1a60-88708ab487ae674d-00",
        "User-Agent": "azsdk-net-Containers.ContainerRegistry/1.1.0-alpha.20221110.1 (.NET Framework 4.8.9105.0; Microsoft Windows 10.0.22621 )",
        "x-ms-client-request-id": "835a4d25d7aed3144cfa99b22ac1b93a",
        "x-ms-return-client-request-id": "true"
      },
      "RequestBody": null,
      "StatusCode": 401,
      "ResponseHeaders": {
        "Access-Control-Expose-Headers": [
          "Docker-Content-Digest",
          "WWW-Authenticate",
          "Link",
          "X-Ms-Correlation-Request-Id"
        ],
        "Connection": "keep-alive",
        "Content-Length": "278",
        "Content-Type": "application/json; charset=utf-8",
        "Date": "Thu, 10 Nov 2022 17:17:44 GMT",
        "Docker-Distribution-Api-Version": "registry/2.0",
        "Server": "openresty",
        "Strict-Transport-Security": [
          "max-age=31536000; includeSubDomains",
          "max-age=31536000; includeSubDomains"
        ],
        "WWW-Authenticate": "Bearer realm=\u0022https://annelocontainerregistry.azurecr.io/oauth2/token\u0022,service=\u0022annelocontainerregistry.azurecr.io\u0022,scope=\u0022repository:oci-artifact-large:pull,push\u0022",
        "X-Content-Type-Options": "nosniff",
        "X-Ms-Correlation-Request-Id": "e958d090-ea8f-4ffe-bb1d-5b3c63388086"
      },
      "ResponseBody": {
        "errors": [
          {
            "code": "UNAUTHORIZED",
            "message": "authentication required, visit https://aka.ms/acr/authorization for more information.",
            "detail": [
              {
                "Type": "repository",
                "Name": "oci-artifact-large",
                "Action": "pull"
              },
              {
                "Type": "repository",
                "Name": "oci-artifact-large",
                "Action": "push"
              }
            ]
          }
        ]
      }
    },
    {
      "RequestUri": "https://annelocontainerregistry.azurecr.io/oauth2/token?api-version=2021-07-01",
      "RequestMethod": "POST",
      "RequestHeaders": {
        "Accept": "application/json",
        "Content-Length": "143",
        "Content-Type": "application/x-www-form-urlencoded",
        "traceparent": "00-1fa39dc4d8125c48b417063a22ba1a60-59e4686a1f553e4d-00",
        "User-Agent": "azsdk-net-Containers.ContainerRegistry/1.1.0-alpha.20221110.1 (.NET Framework 4.8.9105.0; Microsoft Windows 10.0.22621 )",
        "x-ms-client-request-id": "ee43f1b4357332c9b199ed46ca2e0d8b",
        "x-ms-return-client-request-id": "true"
      },
      "RequestBody": "service=annelocontainerregistry.azurecr.io\u0026scope=repository%3Aoci-artifact-large%3Apull%2Cpush\u0026refresh_token=Sanitized\u0026grant_type=refresh_token",
      "StatusCode": 200,
      "ResponseHeaders": {
        "Connection": "keep-alive",
        "Content-Type": "application/json; charset=utf-8",
        "Date": "Thu, 10 Nov 2022 17:17:44 GMT",
        "Server": "openresty",
        "Strict-Transport-Security": "max-age=31536000; includeSubDomains",
        "Transfer-Encoding": "chunked",
        "X-Ms-Correlation-Request-Id": "b6993aae-13d3-4510-8225-5a3aedb0403f",
        "x-ms-ratelimit-remaining-calls-per-second": "166.116667"
      },
      "ResponseBody": {
        "access_token": "Sanitized"
      }
    },
    {
      "RequestUri": "https://annelocontainerregistry.azurecr.io/v2/oci-artifact-large/blobs/uploads/",
      "RequestMethod": "POST",
      "RequestHeaders": {
        "Accept": "application/json",
        "Authorization": "Sanitized",
        "Content-Length": "0",
        "traceparent": "00-1fa39dc4d8125c48b417063a22ba1a60-88708ab487ae674d-00",
        "User-Agent": "azsdk-net-Containers.ContainerRegistry/1.1.0-alpha.20221110.1 (.NET Framework 4.8.9105.0; Microsoft Windows 10.0.22621 )",
        "x-ms-client-request-id": "835a4d25d7aed3144cfa99b22ac1b93a",
        "x-ms-return-client-request-id": "true"
      },
      "RequestBody": null,
      "StatusCode": 202,
      "ResponseHeaders": {
        "Access-Control-Expose-Headers": [
          "Docker-Content-Digest",
          "WWW-Authenticate",
          "Link",
          "X-Ms-Correlation-Request-Id"
        ],
        "Connection": "keep-alive",
        "Content-Length": "0",
        "Date": "Thu, 10 Nov 2022 17:17:44 GMT",
        "Docker-Distribution-Api-Version": "registry/2.0",
        "Docker-Upload-Uuid": "1d2a50f8-8b26-49bd-84fe-5bf0574c59c9",
        "Location": "/v2/oci-artifact-large/blobs/uploads/1d2a50f8-8b26-49bd-84fe-5bf0574c59c9?_nouploadcache=false\u0026_state=TyeL1jo2biunPFH2-dlZWtLcUuF6-IAipoeZXH3W9lx7Ik5hbWUiOiJvY2ktYXJ0aWZhY3QtbGFyZ2UiLCJVVUlEIjoiMWQyYTUwZjgtOGIyNi00OWJkLTg0ZmUtNWJmMDU3NGM1OWM5IiwiT2Zmc2V0IjowLCJTdGFydGVkQXQiOiIyMDIyLTExLTEwVDE3OjE3OjQ0LjczNjE2NDU1M1oifQ%3D%3D",
        "Range": "0-0",
        "Server": "openresty",
        "Strict-Transport-Security": [
          "max-age=31536000; includeSubDomains",
          "max-age=31536000; includeSubDomains"
        ],
        "X-Content-Type-Options": "nosniff",
        "X-Ms-Client-Request-Id": "835a4d25d7aed3144cfa99b22ac1b93a",
        "X-Ms-Correlation-Request-Id": "81a71d99-d117-4ce0-875e-c88b722ec587",
        "X-Ms-Request-Id": "06f2c99b-404a-4710-8ca8-f8c4d3dacaf9"
      },
      "ResponseBody": null
    },
    {
      "RequestUri": "https://annelocontainerregistry.azurecr.io/v2/oci-artifact-large/blobs/uploads/1d2a50f8-8b26-49bd-84fe-5bf0574c59c9?_nouploadcache=false\u0026_state=TyeL1jo2biunPFH2-dlZWtLcUuF6-IAipoeZXH3W9lx7Ik5hbWUiOiJvY2ktYXJ0aWZhY3QtbGFyZ2UiLCJVVUlEIjoiMWQyYTUwZjgtOGIyNi00OWJkLTg0ZmUtNWJmMDU3NGM1OWM5IiwiT2Zmc2V0IjowLCJTdGFydGVkQXQiOiIyMDIyLTExLTEwVDE3OjE3OjQ0LjczNjE2NDU1M1oifQ%3D%3D",
      "RequestMethod": "PATCH",
      "RequestHeaders": {
        "Accept": "application/json",
        "Content-Length": "1041",
        "Content-Range": "0-1040",
        "Content-Type": "application/octet-stream",
        "traceparent": "00-1fa39dc4d8125c48b417063a22ba1a60-e059d9f2bb1def42-00",
        "User-Agent": "azsdk-net-Containers.ContainerRegistry/1.1.0-alpha.20221110.1 (.NET Framework 4.8.9105.0; Microsoft Windows 10.0.22621 )",
        "x-ms-client-request-id": "44d437bfdd9fae6f9e247a8008096c99",
        "x-ms-return-client-request-id": "true"
      },
      "RequestBody": "TGyzaCiUFuQ4uuW2NrUgh5L1aShLZtfW/DTfZ90Fspr28q2VK//F9nZ6Yn7HEnL4eP5rfVmTlOaU3WzztK4HMwhKv0QIilySL3Ky0ANZD\u002BnB5\u002B7emTRBYl7HAU6T0UHHcy92fFIu8O2i2E7m4cPiO86CMc2/KJnUCV3mQIkN/10w6l3U4pKWk/cAO8HmWoGa5MWAEaB0B0qVoXP1R69klNnwtfZmDlk7657Vvu3Y7q7cS1zEje29vOITPkAfoUtInKfn9aSKNNVrRCYCn0ldvbPEGfxTnwfrMvkTUtAYHEpSjSJF8PgKUReGWEjHuxyZtYCMWodP9Pyf\u002B8Kqd\u002BEFUyjbrxEnF8y7ucjlzEa\u002BJHfceZ1Pi8HCApglpvU1X9o1gAUg6wsLcp600aG/aii14NdLzv1EtsdmGa15AXDXhVrtr0xBnjhr0Qf\u002Bm7kgA5hwb8Ue6pHd8ck9udJeknAt3UxG0brcdEKf4Pz2RRsORhUUCJKruJvIEL6CBORlDD\u002BW0L1s2TLdlPqCfwmV56uuLnO8SYndgiSxfcD7WW9dOdO8X3RdoWzjNnSXKDmRMykT09VxqMK2uE6Zu1xy4jqKJUU12Ic2UI0G2RMURVnqIEmW6IWa7JARBqYlxOUQcVQ5DQP0W1ui3YNHas\u002BvoXL1rpsS2/m08Di0JNHgEIyn9mi\u002B2zhW9sTu9AsCUoHBYWU0MBVK/ZVbhRzKPzaJwcz3oHNm8cY5n7jWI\u002Bbusp2388NsrN92XfjSY1Uci7eOZDM\u002BC7INWnCf\u002BpFdc9qubdJ/E0tzHRXsgEJ7lI5wHRMASL6zr6fqqZhTzbFOGeoeI/WDnXhrG0cdUYpwksbiLtx9XCob\u002B70rlGmyH1BjnmdYXHCY7YCblC13lV0cehbScZ7V0by/Aig3VwkOufv3urMjFzVWSUFc4sj8pGVgDhlS4K6xjsyrmVlHYJV3jNsyf9qq\u002BWPgfCdceO/zwl7C10nvu9lMRSzmd37cDums5VXtyiSKthS2cWOHVRXdt9b7hIhLh9AB5jquw4HkBG0\u002Br5OZBvg5OCE0OUp1xO8XCMCn4IlgYF2F6\u002BPq3PKS0Wz2SaWCRLDewUxnF02GjCJKl7vBPCTk3U81ExsUT1svoWjdf3pKlMMPyR88\u002BUkQ/17Bn0Q30ZRIEWtWTDGUyXHwN3XlqQ2n/wL3sXMFp\u002BQFJRS9Uq8X\u002BNDUlG0O80iSev\u002BtS8HUKlZQGqBCPx8gQ2mHUScd13bC2T\u002BkERSgmAu6ZTd0V1wiMPq\u002BbDgP1Lixs1ADh6IgdaKI63GCLxlBsIGUiNrorOsNZCAsXms\u002BsgWG813DnBBpmfCU62zqoAHgfLu2e0zeyQZk9SKC9BY3Sjls\u002Bzu7fhRxKu7qU8F/I8QfTOKvhza4",
      "StatusCode": 401,
      "ResponseHeaders": {
        "Access-Control-Expose-Headers": [
          "Docker-Content-Digest",
          "WWW-Authenticate",
          "Link",
          "X-Ms-Correlation-Request-Id"
        ],
        "Connection": "keep-alive",
        "Content-Length": "278",
        "Content-Type": "application/json; charset=utf-8",
        "Date": "Thu, 10 Nov 2022 17:17:44 GMT",
        "Docker-Distribution-Api-Version": "registry/2.0",
        "Server": "openresty",
        "Strict-Transport-Security": [
          "max-age=31536000; includeSubDomains",
          "max-age=31536000; includeSubDomains"
        ],
        "WWW-Authenticate": "Bearer realm=\u0022https://annelocontainerregistry.azurecr.io/oauth2/token\u0022,service=\u0022annelocontainerregistry.azurecr.io\u0022,scope=\u0022repository:oci-artifact-large:pull,push\u0022",
        "X-Content-Type-Options": "nosniff",
        "X-Ms-Correlation-Request-Id": "c00d08ed-2f99-4c8e-b7c7-337bd302380d"
      },
      "ResponseBody": {
        "errors": [
          {
            "code": "UNAUTHORIZED",
            "message": "authentication required, visit https://aka.ms/acr/authorization for more information.",
            "detail": [
              {
                "Type": "repository",
                "Name": "oci-artifact-large",
                "Action": "pull"
              },
              {
                "Type": "repository",
                "Name": "oci-artifact-large",
                "Action": "push"
              }
            ]
          }
        ]
      }
    },
    {
      "RequestUri": "https://annelocontainerregistry.azurecr.io/oauth2/token?api-version=2021-07-01",
      "RequestMethod": "POST",
      "RequestHeaders": {
        "Accept": "application/json",
        "Content-Length": "143",
        "Content-Type": "application/x-www-form-urlencoded",
        "traceparent": "00-1fa39dc4d8125c48b417063a22ba1a60-56ec948e663e5a4a-00",
        "User-Agent": "azsdk-net-Containers.ContainerRegistry/1.1.0-alpha.20221110.1 (.NET Framework 4.8.9105.0; Microsoft Windows 10.0.22621 )",
        "x-ms-client-request-id": "99997633e00bef6e8428d114eace081e",
        "x-ms-return-client-request-id": "true"
      },
      "RequestBody": "service=annelocontainerregistry.azurecr.io\u0026scope=repository%3Aoci-artifact-large%3Apull%2Cpush\u0026refresh_token=Sanitized\u0026grant_type=refresh_token",
      "StatusCode": 200,
      "ResponseHeaders": {
        "Connection": "keep-alive",
        "Content-Type": "application/json; charset=utf-8",
        "Date": "Thu, 10 Nov 2022 17:17:44 GMT",
        "Server": "openresty",
        "Strict-Transport-Security": "max-age=31536000; includeSubDomains",
        "Transfer-Encoding": "chunked",
        "X-Ms-Correlation-Request-Id": "30c381ac-0d02-4297-820a-ed5524d2dd24",
        "x-ms-ratelimit-remaining-calls-per-second": "166.1"
      },
      "ResponseBody": {
        "access_token": "Sanitized"
      }
    },
    {
      "RequestUri": "https://annelocontainerregistry.azurecr.io/v2/oci-artifact-large/blobs/uploads/1d2a50f8-8b26-49bd-84fe-5bf0574c59c9?_nouploadcache=false\u0026_state=TyeL1jo2biunPFH2-dlZWtLcUuF6-IAipoeZXH3W9lx7Ik5hbWUiOiJvY2ktYXJ0aWZhY3QtbGFyZ2UiLCJVVUlEIjoiMWQyYTUwZjgtOGIyNi00OWJkLTg0ZmUtNWJmMDU3NGM1OWM5IiwiT2Zmc2V0IjowLCJTdGFydGVkQXQiOiIyMDIyLTExLTEwVDE3OjE3OjQ0LjczNjE2NDU1M1oifQ%3D%3D",
      "RequestMethod": "PATCH",
      "RequestHeaders": {
        "Accept": "application/json",
        "Authorization": "Sanitized",
        "Content-Length": "1041",
        "Content-Range": "0-1040",
        "Content-Type": "application/octet-stream",
        "traceparent": "00-1fa39dc4d8125c48b417063a22ba1a60-e059d9f2bb1def42-00",
        "User-Agent": "azsdk-net-Containers.ContainerRegistry/1.1.0-alpha.20221110.1 (.NET Framework 4.8.9105.0; Microsoft Windows 10.0.22621 )",
        "x-ms-client-request-id": "44d437bfdd9fae6f9e247a8008096c99",
        "x-ms-return-client-request-id": "true"
      },
      "RequestBody": "TGyzaCiUFuQ4uuW2NrUgh5L1aShLZtfW/DTfZ90Fspr28q2VK//F9nZ6Yn7HEnL4eP5rfVmTlOaU3WzztK4HMwhKv0QIilySL3Ky0ANZD\u002BnB5\u002B7emTRBYl7HAU6T0UHHcy92fFIu8O2i2E7m4cPiO86CMc2/KJnUCV3mQIkN/10w6l3U4pKWk/cAO8HmWoGa5MWAEaB0B0qVoXP1R69klNnwtfZmDlk7657Vvu3Y7q7cS1zEje29vOITPkAfoUtInKfn9aSKNNVrRCYCn0ldvbPEGfxTnwfrMvkTUtAYHEpSjSJF8PgKUReGWEjHuxyZtYCMWodP9Pyf\u002B8Kqd\u002BEFUyjbrxEnF8y7ucjlzEa\u002BJHfceZ1Pi8HCApglpvU1X9o1gAUg6wsLcp600aG/aii14NdLzv1EtsdmGa15AXDXhVrtr0xBnjhr0Qf\u002Bm7kgA5hwb8Ue6pHd8ck9udJeknAt3UxG0brcdEKf4Pz2RRsORhUUCJKruJvIEL6CBORlDD\u002BW0L1s2TLdlPqCfwmV56uuLnO8SYndgiSxfcD7WW9dOdO8X3RdoWzjNnSXKDmRMykT09VxqMK2uE6Zu1xy4jqKJUU12Ic2UI0G2RMURVnqIEmW6IWa7JARBqYlxOUQcVQ5DQP0W1ui3YNHas\u002BvoXL1rpsS2/m08Di0JNHgEIyn9mi\u002B2zhW9sTu9AsCUoHBYWU0MBVK/ZVbhRzKPzaJwcz3oHNm8cY5n7jWI\u002Bbusp2388NsrN92XfjSY1Uci7eOZDM\u002BC7INWnCf\u002BpFdc9qubdJ/E0tzHRXsgEJ7lI5wHRMASL6zr6fqqZhTzbFOGeoeI/WDnXhrG0cdUYpwksbiLtx9XCob\u002B70rlGmyH1BjnmdYXHCY7YCblC13lV0cehbScZ7V0by/Aig3VwkOufv3urMjFzVWSUFc4sj8pGVgDhlS4K6xjsyrmVlHYJV3jNsyf9qq\u002BWPgfCdceO/zwl7C10nvu9lMRSzmd37cDums5VXtyiSKthS2cWOHVRXdt9b7hIhLh9AB5jquw4HkBG0\u002Br5OZBvg5OCE0OUp1xO8XCMCn4IlgYF2F6\u002BPq3PKS0Wz2SaWCRLDewUxnF02GjCJKl7vBPCTk3U81ExsUT1svoWjdf3pKlMMPyR88\u002BUkQ/17Bn0Q30ZRIEWtWTDGUyXHwN3XlqQ2n/wL3sXMFp\u002BQFJRS9Uq8X\u002BNDUlG0O80iSev\u002BtS8HUKlZQGqBCPx8gQ2mHUScd13bC2T\u002BkERSgmAu6ZTd0V1wiMPq\u002BbDgP1Lixs1ADh6IgdaKI63GCLxlBsIGUiNrorOsNZCAsXms\u002BsgWG813DnBBpmfCU62zqoAHgfLu2e0zeyQZk9SKC9BY3Sjls\u002Bzu7fhRxKu7qU8F/I8QfTOKvhza4",
      "StatusCode": 202,
      "ResponseHeaders": {
        "Access-Control-Expose-Headers": [
          "Docker-Content-Digest",
          "WWW-Authenticate",
          "Link",
          "X-Ms-Correlation-Request-Id"
        ],
        "Connection": "keep-alive",
        "Content-Length": "0",
        "Date": "Thu, 10 Nov 2022 17:17:44 GMT",
        "Docker-Distribution-Api-Version": "registry/2.0",
        "Docker-Upload-Uuid": "1d2a50f8-8b26-49bd-84fe-5bf0574c59c9",
        "Location": "/v2/oci-artifact-large/blobs/uploads/1d2a50f8-8b26-49bd-84fe-5bf0574c59c9?_nouploadcache=false\u0026_state=KEbHMNnpmap8c9wGhpFqCdd6gOxEx0NKGuTnFH-hpeV7Ik5hbWUiOiJvY2ktYXJ0aWZhY3QtbGFyZ2UiLCJVVUlEIjoiMWQyYTUwZjgtOGIyNi00OWJkLTg0ZmUtNWJmMDU3NGM1OWM5IiwiT2Zmc2V0IjoxMDQxLCJTdGFydGVkQXQiOiIyMDIyLTExLTEwVDE3OjE3OjQ0WiJ9",
        "Range": "0-1040",
        "Server": "openresty",
        "Strict-Transport-Security": [
          "max-age=31536000; includeSubDomains",
          "max-age=31536000; includeSubDomains"
        ],
        "X-Content-Type-Options": "nosniff",
        "X-Ms-Client-Request-Id": "44d437bfdd9fae6f9e247a8008096c99",
        "X-Ms-Correlation-Request-Id": "eb1f88bf-2309-4d1c-8d61-90a530936323",
        "X-Ms-Request-Id": "14349ad3-3088-4394-92c0-f0ab5b028c1c"
      },
      "ResponseBody": null
    },
    {
      "RequestUri": "https://annelocontainerregistry.azurecr.io/v2/oci-artifact-large/blobs/uploads/1d2a50f8-8b26-49bd-84fe-5bf0574c59c9?_nouploadcache=false\u0026_state=KEbHMNnpmap8c9wGhpFqCdd6gOxEx0NKGuTnFH-hpeV7Ik5hbWUiOiJvY2ktYXJ0aWZhY3QtbGFyZ2UiLCJVVUlEIjoiMWQyYTUwZjgtOGIyNi00OWJkLTg0ZmUtNWJmMDU3NGM1OWM5IiwiT2Zmc2V0IjoxMDQxLCJTdGFydGVkQXQiOiIyMDIyLTExLTEwVDE3OjE3OjQ0WiJ9\u0026digest=sha256%3A7310388adc5902d53cfd1000f30ed572ea9631ab91d0f72095b1a5fcf13270fd",
      "RequestMethod": "PUT",
      "RequestHeaders": {
        "Accept": "application/json",
        "Content-Length": "0",
        "traceparent": "00-1fa39dc4d8125c48b417063a22ba1a60-c81414cfb58b5f48-00",
        "User-Agent": "azsdk-net-Containers.ContainerRegistry/1.1.0-alpha.20221110.1 (.NET Framework 4.8.9105.0; Microsoft Windows 10.0.22621 )",
        "x-ms-client-request-id": "f3f20eec74edd69a8294504fba482aa7",
        "x-ms-return-client-request-id": "true"
      },
      "RequestBody": null,
      "StatusCode": 401,
      "ResponseHeaders": {
        "Access-Control-Expose-Headers": [
          "Docker-Content-Digest",
          "WWW-Authenticate",
          "Link",
          "X-Ms-Correlation-Request-Id"
        ],
        "Connection": "keep-alive",
        "Content-Length": "278",
        "Content-Type": "application/json; charset=utf-8",
        "Date": "Thu, 10 Nov 2022 17:17:44 GMT",
        "Docker-Distribution-Api-Version": "registry/2.0",
        "Server": "openresty",
        "Strict-Transport-Security": [
          "max-age=31536000; includeSubDomains",
          "max-age=31536000; includeSubDomains"
        ],
        "WWW-Authenticate": "Bearer realm=\u0022https://annelocontainerregistry.azurecr.io/oauth2/token\u0022,service=\u0022annelocontainerregistry.azurecr.io\u0022,scope=\u0022repository:oci-artifact-large:pull,push\u0022",
        "X-Content-Type-Options": "nosniff",
        "X-Ms-Correlation-Request-Id": "a7423503-e9f5-430b-b618-831cc817acfb"
      },
      "ResponseBody": {
        "errors": [
          {
            "code": "UNAUTHORIZED",
            "message": "authentication required, visit https://aka.ms/acr/authorization for more information.",
            "detail": [
              {
                "Type": "repository",
                "Name": "oci-artifact-large",
                "Action": "pull"
              },
              {
                "Type": "repository",
                "Name": "oci-artifact-large",
                "Action": "push"
              }
            ]
          }
        ]
      }
    },
    {
      "RequestUri": "https://annelocontainerregistry.azurecr.io/oauth2/token?api-version=2021-07-01",
      "RequestMethod": "POST",
      "RequestHeaders": {
        "Accept": "application/json",
        "Content-Length": "143",
        "Content-Type": "application/x-www-form-urlencoded",
        "traceparent": "00-1fa39dc4d8125c48b417063a22ba1a60-035c740d33f3864d-00",
        "User-Agent": "azsdk-net-Containers.ContainerRegistry/1.1.0-alpha.20221110.1 (.NET Framework 4.8.9105.0; Microsoft Windows 10.0.22621 )",
        "x-ms-client-request-id": "5413542c7394de7fc8e4bf770b5ac4cf",
        "x-ms-return-client-request-id": "true"
      },
      "RequestBody": "service=annelocontainerregistry.azurecr.io\u0026scope=repository%3Aoci-artifact-large%3Apull%2Cpush\u0026refresh_token=Sanitized\u0026grant_type=refresh_token",
      "StatusCode": 200,
      "ResponseHeaders": {
        "Connection": "keep-alive",
        "Content-Type": "application/json; charset=utf-8",
        "Date": "Thu, 10 Nov 2022 17:17:44 GMT",
        "Server": "openresty",
        "Strict-Transport-Security": "max-age=31536000; includeSubDomains",
        "Transfer-Encoding": "chunked",
        "X-Ms-Correlation-Request-Id": "8695d2f2-1349-41ce-8681-cb452a22069d",
        "x-ms-ratelimit-remaining-calls-per-second": "166.083333"
      },
      "ResponseBody": {
        "access_token": "Sanitized"
      }
    },
    {
      "RequestUri": "https://annelocontainerregistry.azurecr.io/v2/oci-artifact-large/blobs/uploads/1d2a50f8-8b26-49bd-84fe-5bf0574c59c9?_nouploadcache=false\u0026_state=KEbHMNnpmap8c9wGhpFqCdd6gOxEx0NKGuTnFH-hpeV7Ik5hbWUiOiJvY2ktYXJ0aWZhY3QtbGFyZ2UiLCJVVUlEIjoiMWQyYTUwZjgtOGIyNi00OWJkLTg0ZmUtNWJmMDU3NGM1OWM5IiwiT2Zmc2V0IjoxMDQxLCJTdGFydGVkQXQiOiIyMDIyLTExLTEwVDE3OjE3OjQ0WiJ9\u0026digest=sha256%3A7310388adc5902d53cfd1000f30ed572ea9631ab91d0f72095b1a5fcf13270fd",
      "RequestMethod": "PUT",
      "RequestHeaders": {
        "Accept": "application/json",
        "Authorization": "Sanitized",
        "Content-Length": "0",
        "traceparent": "00-1fa39dc4d8125c48b417063a22ba1a60-c81414cfb58b5f48-00",
        "User-Agent": "azsdk-net-Containers.ContainerRegistry/1.1.0-alpha.20221110.1 (.NET Framework 4.8.9105.0; Microsoft Windows 10.0.22621 )",
        "x-ms-client-request-id": "f3f20eec74edd69a8294504fba482aa7",
        "x-ms-return-client-request-id": "true"
      },
      "RequestBody": null,
      "StatusCode": 201,
      "ResponseHeaders": {
        "Access-Control-Expose-Headers": [
          "Docker-Content-Digest",
          "WWW-Authenticate",
          "Link",
          "X-Ms-Correlation-Request-Id"
        ],
        "Connection": "keep-alive",
        "Content-Length": "0",
        "Date": "Thu, 10 Nov 2022 17:17:45 GMT",
        "Docker-Content-Digest": "sha256:7310388adc5902d53cfd1000f30ed572ea9631ab91d0f72095b1a5fcf13270fd",
        "Docker-Distribution-Api-Version": "registry/2.0",
        "Location": "/v2/oci-artifact-large/blobs/sha256:7310388adc5902d53cfd1000f30ed572ea9631ab91d0f72095b1a5fcf13270fd",
        "Server": "openresty",
        "Strict-Transport-Security": [
          "max-age=31536000; includeSubDomains",
          "max-age=31536000; includeSubDomains"
        ],
        "X-Content-Type-Options": "nosniff",
        "X-Ms-Client-Request-Id": "f3f20eec74edd69a8294504fba482aa7",
        "X-Ms-Correlation-Request-Id": "a83441a6-3475-495a-923a-3d8955f64dfe",
        "X-Ms-Request-Id": "41422278-9e4a-4523-a445-767effb54e34"
      },
      "ResponseBody": null
    },
    {
      "RequestUri": "https://annelocontainerregistry.azurecr.io/v2/oci-artifact-large/manifests/big-1",
      "RequestMethod": "PUT",
      "RequestHeaders": {
        "Accept": "application/json",
        "Content-Length": "334",
        "Content-Type": "application/vnd.oci.image.manifest.v1\u002Bjson",
        "traceparent": "00-d65c1735d8553e47a23fe1b6ca95510b-38c76a53e0fed84c-00",
        "User-Agent": "azsdk-net-Containers.ContainerRegistry/1.1.0-alpha.20221110.1 (.NET Framework 4.8.9105.0; Microsoft Windows 10.0.22621 )",
        "x-ms-client-request-id": "fa945b1b7916beacdbc21776901f343b",
        "x-ms-return-client-request-id": "true"
      },
      "RequestBody": {
        "config": {
          "mediaType": "application/vnd.acme.rocket.config",
          "size": 171,
          "digest": "sha256:d25b42d3dbad5361ed2d909624d899e7254a822c9a632b582ebd3a44f9b0dbc8"
        },
        "layers": [
          {
            "mediaType": "application/vnd.oci.image.layer.v1.tar",
            "size": 1041,
            "digest": "sha256:7310388adc5902d53cfd1000f30ed572ea9631ab91d0f72095b1a5fcf13270fd"
          }
        ],
        "schemaVersion": 2
      },
      "StatusCode": 401,
      "ResponseHeaders": {
        "Access-Control-Expose-Headers": [
          "Docker-Content-Digest",
          "WWW-Authenticate",
          "Link",
          "X-Ms-Correlation-Request-Id"
        ],
        "Connection": "keep-alive",
        "Content-Length": "278",
        "Content-Type": "application/json; charset=utf-8",
        "Date": "Thu, 10 Nov 2022 17:17:45 GMT",
        "Docker-Distribution-Api-Version": "registry/2.0",
        "Server": "openresty",
        "Strict-Transport-Security": [
          "max-age=31536000; includeSubDomains",
          "max-age=31536000; includeSubDomains"
        ],
        "WWW-Authenticate": "Bearer realm=\u0022https://annelocontainerregistry.azurecr.io/oauth2/token\u0022,service=\u0022annelocontainerregistry.azurecr.io\u0022,scope=\u0022repository:oci-artifact-large:pull,push\u0022",
        "X-Content-Type-Options": "nosniff",
        "X-Ms-Correlation-Request-Id": "d2c45701-806d-4e1e-93a7-ecb70f83eac3"
      },
      "ResponseBody": {
        "errors": [
          {
            "code": "UNAUTHORIZED",
            "message": "authentication required, visit https://aka.ms/acr/authorization for more information.",
            "detail": [
              {
                "Type": "repository",
                "Name": "oci-artifact-large",
                "Action": "pull"
              },
              {
                "Type": "repository",
                "Name": "oci-artifact-large",
                "Action": "push"
              }
            ]
          }
        ]
      }
    },
    {
      "RequestUri": "https://annelocontainerregistry.azurecr.io/oauth2/token?api-version=2021-07-01",
      "RequestMethod": "POST",
      "RequestHeaders": {
        "Accept": "application/json",
        "Content-Length": "143",
        "Content-Type": "application/x-www-form-urlencoded",
        "traceparent": "00-d65c1735d8553e47a23fe1b6ca95510b-6cc56eb1197cfe43-00",
        "User-Agent": "azsdk-net-Containers.ContainerRegistry/1.1.0-alpha.20221110.1 (.NET Framework 4.8.9105.0; Microsoft Windows 10.0.22621 )",
        "x-ms-client-request-id": "96e829fdb4bb78898e142b08b522cb27",
        "x-ms-return-client-request-id": "true"
      },
      "RequestBody": "service=annelocontainerregistry.azurecr.io\u0026scope=repository%3Aoci-artifact-large%3Apull%2Cpush\u0026refresh_token=Sanitized\u0026grant_type=refresh_token",
      "StatusCode": 200,
      "ResponseHeaders": {
        "Connection": "keep-alive",
        "Content-Type": "application/json; charset=utf-8",
        "Date": "Thu, 10 Nov 2022 17:17:45 GMT",
        "Server": "openresty",
        "Strict-Transport-Security": "max-age=31536000; includeSubDomains",
        "Transfer-Encoding": "chunked",
        "X-Ms-Correlation-Request-Id": "38947566-4904-475b-9fb5-c5c56d889fc2",
        "x-ms-ratelimit-remaining-calls-per-second": "166.066667"
      },
      "ResponseBody": {
        "access_token": "Sanitized"
      }
    },
    {
      "RequestUri": "https://annelocontainerregistry.azurecr.io/v2/oci-artifact-large/manifests/big-1",
      "RequestMethod": "PUT",
      "RequestHeaders": {
        "Accept": "application/json",
        "Authorization": "Sanitized",
        "Content-Length": "334",
        "Content-Type": "application/vnd.oci.image.manifest.v1\u002Bjson",
        "traceparent": "00-d65c1735d8553e47a23fe1b6ca95510b-38c76a53e0fed84c-00",
        "User-Agent": "azsdk-net-Containers.ContainerRegistry/1.1.0-alpha.20221110.1 (.NET Framework 4.8.9105.0; Microsoft Windows 10.0.22621 )",
        "x-ms-client-request-id": "fa945b1b7916beacdbc21776901f343b",
        "x-ms-return-client-request-id": "true"
      },
      "RequestBody": {
        "config": {
          "mediaType": "application/vnd.acme.rocket.config",
          "size": 171,
          "digest": "sha256:d25b42d3dbad5361ed2d909624d899e7254a822c9a632b582ebd3a44f9b0dbc8"
        },
        "layers": [
          {
            "mediaType": "application/vnd.oci.image.layer.v1.tar",
            "size": 1041,
            "digest": "sha256:7310388adc5902d53cfd1000f30ed572ea9631ab91d0f72095b1a5fcf13270fd"
          }
        ],
        "schemaVersion": 2
      },
      "StatusCode": 201,
      "ResponseHeaders": {
        "Access-Control-Expose-Headers": [
          "Docker-Content-Digest",
          "WWW-Authenticate",
          "Link",
          "X-Ms-Correlation-Request-Id"
        ],
        "Connection": "keep-alive",
        "Content-Length": "0",
        "Date": "Thu, 10 Nov 2022 17:17:45 GMT",
        "Docker-Content-Digest": "sha256:5b35986b0ff880629268fed8dc4040771b37e73ea0a7de26993d70d0240dee5f",
        "Docker-Distribution-Api-Version": "registry/2.0",
        "Location": "/v2/oci-artifact-large/manifests/sha256:5b35986b0ff880629268fed8dc4040771b37e73ea0a7de26993d70d0240dee5f",
        "Server": "openresty",
        "Strict-Transport-Security": [
          "max-age=31536000; includeSubDomains",
          "max-age=31536000; includeSubDomains"
        ],
        "X-Content-Type-Options": "nosniff",
        "X-Ms-Client-Request-Id": "fa945b1b7916beacdbc21776901f343b",
        "X-Ms-Correlation-Request-Id": "60ec71ad-0f76-40ef-bdd2-d377b251af7d",
        "X-Ms-Request-Id": "2d334ca1-4f2e-49a7-a379-438f38d11a5c"
      },
      "ResponseBody": null
    },
    {
      "RequestUri": "https://annelocontainerregistry.azurecr.io/acr/v1/_catalog?api-version=2021-07-01",
      "RequestMethod": "GET",
      "RequestHeaders": {
        "Accept": "application/json",
        "traceparent": "00-a544c49a9b4af147a555d2a765ed4c03-7aaf7add71342c4a-00",
        "User-Agent": "azsdk-net-Containers.ContainerRegistry/1.1.0-alpha.20221110.1 (.NET Framework 4.8.9105.0; Microsoft Windows 10.0.22621 )",
        "x-ms-client-request-id": "5f3380d02fb4b390a75478d25c094ea8",
        "x-ms-return-client-request-id": "true"
      },
      "RequestBody": null,
      "StatusCode": 401,
      "ResponseHeaders": {
        "Access-Control-Expose-Headers": [
          "Docker-Content-Digest",
          "WWW-Authenticate",
          "Link",
          "X-Ms-Correlation-Request-Id"
        ],
        "Connection": "keep-alive",
        "Content-Length": "196",
        "Content-Type": "application/json; charset=utf-8",
        "Date": "Thu, 10 Nov 2022 17:17:45 GMT",
        "Docker-Distribution-Api-Version": "registry/2.0",
        "Server": "openresty",
        "Strict-Transport-Security": [
          "max-age=31536000; includeSubDomains",
          "max-age=31536000; includeSubDomains"
        ],
        "WWW-Authenticate": "Bearer realm=\u0022https://annelocontainerregistry.azurecr.io/oauth2/token\u0022,service=\u0022annelocontainerregistry.azurecr.io\u0022,scope=\u0022registry:catalog:*\u0022",
        "X-Content-Type-Options": "nosniff",
        "X-Ms-Correlation-Request-Id": "1efbbca8-8429-4598-a1fd-dacf381e39eb"
      },
      "ResponseBody": {
        "errors": [
          {
            "code": "UNAUTHORIZED",
            "message": "authentication required, visit https://aka.ms/acr/authorization for more information.",
            "detail": [
              {
                "Type": "registry",
                "Name": "catalog",
                "Action": "*"
              }
            ]
          }
        ]
      }
    },
    {
      "RequestUri": "https://annelocontainerregistry.azurecr.io/oauth2/exchange?api-version=2021-07-01",
      "RequestMethod": "POST",
      "RequestHeaders": {
        "Accept": "application/json",
        "Content-Length": "89",
        "Content-Type": "application/x-www-form-urlencoded",
        "traceparent": "00-a544c49a9b4af147a555d2a765ed4c03-138c01fd90d18243-00",
        "User-Agent": "azsdk-net-Containers.ContainerRegistry/1.1.0-alpha.20221110.1 (.NET Framework 4.8.9105.0; Microsoft Windows 10.0.22621 )",
        "x-ms-client-request-id": "e27984af2d726614d21b6b024ea308b8",
        "x-ms-return-client-request-id": "true"
      },
      "RequestBody": "grant_type=access_token\u0026service=annelocontainerregistry.azurecr.io\u0026access_token=Sanitized",
      "StatusCode": 200,
      "ResponseHeaders": {
        "Connection": "close",
        "Content-Type": "application/json; charset=utf-8",
        "Date": "Thu, 10 Nov 2022 17:17:45 GMT",
        "Server": "openresty",
        "Strict-Transport-Security": "max-age=31536000; includeSubDomains",
        "Transfer-Encoding": "chunked",
        "X-Ms-Correlation-Request-Id": "e9d90526-1199-45fc-8210-4701ae0b033a",
        "x-ms-ratelimit-remaining-calls-per-second": "166.033333"
      },
      "ResponseBody": {
        "refresh_token": "Sanitized.eyJleHAiOjI2MTQxODA2NTJ9.Sanitized"
      }
    },
    {
      "RequestUri": "https://annelocontainerregistry.azurecr.io/oauth2/token?api-version=2021-07-01",
      "RequestMethod": "POST",
      "RequestHeaders": {
        "Accept": "application/json",
        "Content-Length": "122",
        "Content-Type": "application/x-www-form-urlencoded",
        "traceparent": "00-a544c49a9b4af147a555d2a765ed4c03-de62732f1cda9c4f-00",
        "User-Agent": "azsdk-net-Containers.ContainerRegistry/1.1.0-alpha.20221110.1 (.NET Framework 4.8.9105.0; Microsoft Windows 10.0.22621 )",
        "x-ms-client-request-id": "0fa6eff7d5ebcd879835ee663bb71c85",
        "x-ms-return-client-request-id": "true"
      },
      "RequestBody": "service=annelocontainerregistry.azurecr.io\u0026scope=registry%3Acatalog%3A%2A\u0026refresh_token=Sanitized\u0026grant_type=refresh_token",
      "StatusCode": 200,
      "ResponseHeaders": {
        "Connection": "keep-alive",
        "Content-Type": "application/json; charset=utf-8",
        "Date": "Thu, 10 Nov 2022 17:17:45 GMT",
        "Server": "openresty",
        "Strict-Transport-Security": "max-age=31536000; includeSubDomains",
        "Transfer-Encoding": "chunked",
        "X-Ms-Correlation-Request-Id": "ba8d33ba-014e-497d-a21c-c1144622ea03",
        "x-ms-ratelimit-remaining-calls-per-second": "166.65"
      },
      "ResponseBody": {
        "access_token": "Sanitized"
      }
    },
    {
      "RequestUri": "https://annelocontainerregistry.azurecr.io/acr/v1/_catalog?api-version=2021-07-01",
      "RequestMethod": "GET",
      "RequestHeaders": {
        "Accept": "application/json",
        "Authorization": "Sanitized",
        "traceparent": "00-a544c49a9b4af147a555d2a765ed4c03-7aaf7add71342c4a-00",
        "User-Agent": "azsdk-net-Containers.ContainerRegistry/1.1.0-alpha.20221110.1 (.NET Framework 4.8.9105.0; Microsoft Windows 10.0.22621 )",
        "x-ms-client-request-id": "5f3380d02fb4b390a75478d25c094ea8",
        "x-ms-return-client-request-id": "true"
      },
      "RequestBody": null,
      "StatusCode": 200,
      "ResponseHeaders": {
        "Access-Control-Expose-Headers": [
          "Docker-Content-Digest",
          "WWW-Authenticate",
          "Link",
          "X-Ms-Correlation-Request-Id"
        ],
        "Connection": "keep-alive",
        "Content-Length": "97",
        "Content-Type": "application/json; charset=utf-8",
        "Date": "Thu, 10 Nov 2022 17:17:45 GMT",
        "Docker-Distribution-Api-Version": "registry/2.0",
        "Server": "openresty",
        "Strict-Transport-Security": [
          "max-age=31536000; includeSubDomains",
          "max-age=31536000; includeSubDomains"
        ],
        "X-Content-Type-Options": "nosniff",
        "X-Ms-Correlation-Request-Id": "aaab6a7d-0e51-4b1d-ab66-d49e1f9d0d96"
      },
      "ResponseBody": {
        "repositories": [
          "library/alpine",
          "library/busybox",
          "library/hello-world",
          "oci-artifact-large"
        ]
      }
    },
    {
      "RequestUri": "https://annelocontainerregistry.azurecr.io/acr/v1/oci-artifact-large/_tags/big-1?api-version=2021-07-01",
      "RequestMethod": "GET",
      "RequestHeaders": {
        "Accept": "application/json",
        "User-Agent": "azsdk-net-Containers.ContainerRegistry/1.1.0-alpha.20221110.1 (.NET Framework 4.8.9105.0; Microsoft Windows 10.0.22621 )",
        "x-ms-client-request-id": "315882c5e9a9a2b56ccc8d98c48d6503",
        "x-ms-return-client-request-id": "true"
      },
      "RequestBody": null,
      "StatusCode": 401,
      "ResponseHeaders": {
        "Access-Control-Expose-Headers": [
          "Docker-Content-Digest",
          "WWW-Authenticate",
          "Link",
          "X-Ms-Correlation-Request-Id"
        ],
        "Connection": "keep-alive",
        "Content-Length": "221",
        "Content-Type": "application/json; charset=utf-8",
        "Date": "Thu, 10 Nov 2022 17:17:46 GMT",
        "Docker-Distribution-Api-Version": "registry/2.0",
        "Server": "openresty",
        "Strict-Transport-Security": [
          "max-age=31536000; includeSubDomains",
          "max-age=31536000; includeSubDomains"
        ],
        "WWW-Authenticate": "Bearer realm=\u0022https://annelocontainerregistry.azurecr.io/oauth2/token\u0022,service=\u0022annelocontainerregistry.azurecr.io\u0022,scope=\u0022repository:oci-artifact-large:metadata_read\u0022",
        "X-Content-Type-Options": "nosniff",
        "X-Ms-Correlation-Request-Id": "5067d3f4-863f-4868-aa97-1c1f5a642236"
      },
      "ResponseBody": {
        "errors": [
          {
            "code": "UNAUTHORIZED",
            "message": "authentication required, visit https://aka.ms/acr/authorization for more information.",
            "detail": [
              {
                "Type": "repository",
                "Name": "oci-artifact-large",
                "Action": "metadata_read"
              }
            ]
          }
        ]
      }
    },
    {
      "RequestUri": "https://annelocontainerregistry.azurecr.io/oauth2/token?api-version=2021-07-01",
      "RequestMethod": "POST",
      "RequestHeaders": {
        "Accept": "application/json",
        "Content-Length": "145",
        "Content-Type": "application/x-www-form-urlencoded",
        "User-Agent": "azsdk-net-Containers.ContainerRegistry/1.1.0-alpha.20221110.1 (.NET Framework 4.8.9105.0; Microsoft Windows 10.0.22621 )",
        "x-ms-client-request-id": "6cdbc04c3e63d9bcfcac493c3fad2a1b",
        "x-ms-return-client-request-id": "true"
      },
      "RequestBody": "service=annelocontainerregistry.azurecr.io\u0026scope=repository%3Aoci-artifact-large%3Ametadata_read\u0026refresh_token=Sanitized\u0026grant_type=refresh_token",
      "StatusCode": 200,
      "ResponseHeaders": {
        "Connection": "keep-alive",
        "Content-Type": "application/json; charset=utf-8",
        "Date": "Thu, 10 Nov 2022 17:17:46 GMT",
        "Server": "openresty",
        "Strict-Transport-Security": "max-age=31536000; includeSubDomains",
        "Transfer-Encoding": "chunked",
        "X-Ms-Correlation-Request-Id": "1261857c-9ebb-4891-bf43-fa5cafa8aee1",
        "x-ms-ratelimit-remaining-calls-per-second": "166.633333"
      },
      "ResponseBody": {
        "access_token": "Sanitized"
      }
    },
    {
      "RequestUri": "https://annelocontainerregistry.azurecr.io/acr/v1/oci-artifact-large/_tags/big-1?api-version=2021-07-01",
      "RequestMethod": "GET",
      "RequestHeaders": {
        "Accept": "application/json",
        "Authorization": "Sanitized",
        "User-Agent": "azsdk-net-Containers.ContainerRegistry/1.1.0-alpha.20221110.1 (.NET Framework 4.8.9105.0; Microsoft Windows 10.0.22621 )",
        "x-ms-client-request-id": "315882c5e9a9a2b56ccc8d98c48d6503",
        "x-ms-return-client-request-id": "true"
      },
      "RequestBody": null,
      "StatusCode": 200,
      "ResponseHeaders": {
        "Access-Control-Expose-Headers": [
          "Docker-Content-Digest",
          "WWW-Authenticate",
          "Link",
          "X-Ms-Correlation-Request-Id"
        ],
        "Connection": "keep-alive",
        "Content-Length": "401",
        "Content-Type": "application/json; charset=utf-8",
        "Date": "Thu, 10 Nov 2022 17:17:46 GMT",
        "Docker-Distribution-Api-Version": "registry/2.0",
        "Server": "openresty",
        "Strict-Transport-Security": [
          "max-age=31536000; includeSubDomains",
          "max-age=31536000; includeSubDomains"
        ],
        "X-Content-Type-Options": "nosniff",
        "X-Ms-Correlation-Request-Id": "c9129bd1-b4eb-4bd7-8316-cbce77395562"
      },
      "ResponseBody": {
        "registry": "annelocontainerregistry.azurecr.io",
        "imageName": "oci-artifact-large",
        "tag": {
          "name": "big-1",
          "digest": "sha256:5b35986b0ff880629268fed8dc4040771b37e73ea0a7de26993d70d0240dee5f",
          "createdTime": "2022-11-10T17:17:45.3760116Z",
          "lastUpdateTime": "2022-11-10T17:17:45.3760116Z",
          "signed": false,
          "changeableAttributes": {
            "deleteEnabled": true,
            "writeEnabled": true,
            "readEnabled": true,
            "listEnabled": true
          }
        }
      }
    },
    {
      "RequestUri": "https://annelocontainerregistry.azurecr.io/acr/v1/oci-artifact-large/_manifests/sha256%3A5b35986b0ff880629268fed8dc4040771b37e73ea0a7de26993d70d0240dee5f?api-version=2021-07-01",
      "RequestMethod": "GET",
      "RequestHeaders": {
        "Accept": "application/json",
        "User-Agent": "azsdk-net-Containers.ContainerRegistry/1.1.0-alpha.20221110.1 (.NET Framework 4.8.9105.0; Microsoft Windows 10.0.22621 )",
        "x-ms-client-request-id": "cb3de6fed74a0d0f3a03a31f48ee090b",
        "x-ms-return-client-request-id": "true"
      },
      "RequestBody": null,
      "StatusCode": 401,
      "ResponseHeaders": {
        "Access-Control-Expose-Headers": [
          "Docker-Content-Digest",
          "WWW-Authenticate",
          "Link",
          "X-Ms-Correlation-Request-Id"
        ],
        "Connection": "keep-alive",
        "Content-Length": "221",
        "Content-Type": "application/json; charset=utf-8",
        "Date": "Thu, 10 Nov 2022 17:17:46 GMT",
        "Docker-Distribution-Api-Version": "registry/2.0",
        "Server": "openresty",
        "Strict-Transport-Security": [
          "max-age=31536000; includeSubDomains",
          "max-age=31536000; includeSubDomains"
        ],
        "WWW-Authenticate": "Bearer realm=\u0022https://annelocontainerregistry.azurecr.io/oauth2/token\u0022,service=\u0022annelocontainerregistry.azurecr.io\u0022,scope=\u0022repository:oci-artifact-large:metadata_read\u0022",
        "X-Content-Type-Options": "nosniff",
        "X-Ms-Correlation-Request-Id": "ef1ba2e7-f87f-4ea2-9096-7d5c0c94da47"
      },
      "ResponseBody": {
        "errors": [
          {
            "code": "UNAUTHORIZED",
            "message": "authentication required, visit https://aka.ms/acr/authorization for more information.",
            "detail": [
              {
                "Type": "repository",
                "Name": "oci-artifact-large",
                "Action": "metadata_read"
              }
            ]
          }
        ]
      }
    },
    {
      "RequestUri": "https://annelocontainerregistry.azurecr.io/oauth2/token?api-version=2021-07-01",
      "RequestMethod": "POST",
      "RequestHeaders": {
        "Accept": "application/json",
        "Content-Length": "145",
        "Content-Type": "application/x-www-form-urlencoded",
        "User-Agent": "azsdk-net-Containers.ContainerRegistry/1.1.0-alpha.20221110.1 (.NET Framework 4.8.9105.0; Microsoft Windows 10.0.22621 )",
        "x-ms-client-request-id": "7b1aead0b0db8622c57f34fda07863be",
        "x-ms-return-client-request-id": "true"
      },
      "RequestBody": "service=annelocontainerregistry.azurecr.io\u0026scope=repository%3Aoci-artifact-large%3Ametadata_read\u0026refresh_token=Sanitized\u0026grant_type=refresh_token",
      "StatusCode": 200,
      "ResponseHeaders": {
        "Connection": "keep-alive",
        "Content-Type": "application/json; charset=utf-8",
        "Date": "Thu, 10 Nov 2022 17:17:46 GMT",
        "Server": "openresty",
        "Strict-Transport-Security": "max-age=31536000; includeSubDomains",
        "Transfer-Encoding": "chunked",
        "X-Ms-Correlation-Request-Id": "012760bd-fae9-45f6-b761-bfe82ed6b073",
        "x-ms-ratelimit-remaining-calls-per-second": "166.616667"
      },
      "ResponseBody": {
        "access_token": "Sanitized"
      }
    },
    {
      "RequestUri": "https://annelocontainerregistry.azurecr.io/acr/v1/oci-artifact-large/_manifests/sha256%3A5b35986b0ff880629268fed8dc4040771b37e73ea0a7de26993d70d0240dee5f?api-version=2021-07-01",
      "RequestMethod": "GET",
      "RequestHeaders": {
        "Accept": "application/json",
        "Authorization": "Sanitized",
        "User-Agent": "azsdk-net-Containers.ContainerRegistry/1.1.0-alpha.20221110.1 (.NET Framework 4.8.9105.0; Microsoft Windows 10.0.22621 )",
        "x-ms-client-request-id": "cb3de6fed74a0d0f3a03a31f48ee090b",
        "x-ms-return-client-request-id": "true"
      },
      "RequestBody": null,
      "StatusCode": 200,
      "ResponseHeaders": {
        "Access-Control-Expose-Headers": [
          "Docker-Content-Digest",
          "WWW-Authenticate",
          "Link",
          "X-Ms-Correlation-Request-Id"
        ],
        "Connection": "keep-alive",
        "Content-Length": "464",
        "Content-Type": "application/json; charset=utf-8",
        "Date": "Thu, 10 Nov 2022 17:17:46 GMT",
        "Docker-Distribution-Api-Version": "registry/2.0",
        "Server": "openresty",
        "Strict-Transport-Security": [
          "max-age=31536000; includeSubDomains",
          "max-age=31536000; includeSubDomains"
        ],
        "X-Content-Type-Options": "nosniff",
        "X-Ms-Correlation-Request-Id": "3a467cbb-4f99-407b-989b-bb46d7de9132"
      },
      "ResponseBody": {
        "registry": "annelocontainerregistry.azurecr.io",
        "imageName": "oci-artifact-large",
        "manifest": {
          "digest": "sha256:5b35986b0ff880629268fed8dc4040771b37e73ea0a7de26993d70d0240dee5f",
          "imageSize": 0,
          "createdTime": "2022-11-10T17:17:45.2186134Z",
          "lastUpdateTime": "2022-11-10T17:17:45.2186134Z",
          "mediaType": "application/vnd.oci.image.manifest.v1\u002Bjson",
          "tags": [
            "big-1"
          ],
          "changeableAttributes": {
            "deleteEnabled": true,
            "writeEnabled": true,
            "readEnabled": true,
            "listEnabled": true
          }
        }
      }
    },
    {
      "RequestUri": "https://annelocontainerregistry.azurecr.io/acr/v1/oci-artifact-large?api-version=2021-07-01",
      "RequestMethod": "DELETE",
      "RequestHeaders": {
        "Accept": "application/json",
        "traceparent": "00-59c591e648d329489f3048b39a4d59fe-3c008a3b13df3b4f-00",
        "User-Agent": "azsdk-net-Containers.ContainerRegistry/1.1.0-alpha.20221110.1 (.NET Framework 4.8.9105.0; Microsoft Windows 10.0.22621 )",
        "x-ms-client-request-id": "de9971a1995074b9b0cd315f9b9d910d",
        "x-ms-return-client-request-id": "true"
      },
      "RequestBody": null,
      "StatusCode": 401,
      "ResponseHeaders": {
        "Access-Control-Expose-Headers": [
          "Docker-Content-Digest",
          "WWW-Authenticate",
          "Link",
          "X-Ms-Correlation-Request-Id"
        ],
        "Connection": "keep-alive",
        "Content-Length": "214",
        "Content-Type": "application/json; charset=utf-8",
        "Date": "Thu, 10 Nov 2022 17:17:46 GMT",
        "Docker-Distribution-Api-Version": "registry/2.0",
        "Server": "openresty",
        "Strict-Transport-Security": [
          "max-age=31536000; includeSubDomains",
          "max-age=31536000; includeSubDomains"
        ],
        "WWW-Authenticate": "Bearer realm=\u0022https://annelocontainerregistry.azurecr.io/oauth2/token\u0022,service=\u0022annelocontainerregistry.azurecr.io\u0022,scope=\u0022repository:oci-artifact-large:delete\u0022",
        "X-Content-Type-Options": "nosniff",
        "X-Ms-Correlation-Request-Id": "b76a74ec-c378-4366-88f5-8e390f0b4975"
      },
      "ResponseBody": {
        "errors": [
          {
            "code": "UNAUTHORIZED",
            "message": "authentication required, visit https://aka.ms/acr/authorization for more information.",
            "detail": [
              {
                "Type": "repository",
                "Name": "oci-artifact-large",
                "Action": "delete"
              }
            ]
          }
        ]
      }
    },
    {
      "RequestUri": "https://annelocontainerregistry.azurecr.io/oauth2/token?api-version=2021-07-01",
      "RequestMethod": "POST",
      "RequestHeaders": {
        "Accept": "application/json",
        "Content-Length": "138",
        "Content-Type": "application/x-www-form-urlencoded",
        "traceparent": "00-59c591e648d329489f3048b39a4d59fe-3cd33dbe78be3342-00",
        "User-Agent": "azsdk-net-Containers.ContainerRegistry/1.1.0-alpha.20221110.1 (.NET Framework 4.8.9105.0; Microsoft Windows 10.0.22621 )",
        "x-ms-client-request-id": "546c3da2af924e3fc4b605cba3126dc1",
        "x-ms-return-client-request-id": "true"
      },
      "RequestBody": "service=annelocontainerregistry.azurecr.io\u0026scope=repository%3Aoci-artifact-large%3Adelete\u0026refresh_token=Sanitized\u0026grant_type=refresh_token",
      "StatusCode": 200,
      "ResponseHeaders": {
        "Connection": "keep-alive",
        "Content-Type": "application/json; charset=utf-8",
        "Date": "Thu, 10 Nov 2022 17:17:46 GMT",
        "Server": "openresty",
        "Strict-Transport-Security": "max-age=31536000; includeSubDomains",
        "Transfer-Encoding": "chunked",
        "X-Ms-Correlation-Request-Id": "8c2909b4-e89d-495c-8912-cc54ecb64c4e",
        "x-ms-ratelimit-remaining-calls-per-second": "166.6"
      },
      "ResponseBody": {
        "access_token": "Sanitized"
      }
    },
    {
      "RequestUri": "https://annelocontainerregistry.azurecr.io/acr/v1/oci-artifact-large?api-version=2021-07-01",
      "RequestMethod": "DELETE",
      "RequestHeaders": {
        "Accept": "application/json",
        "Authorization": "Sanitized",
        "traceparent": "00-59c591e648d329489f3048b39a4d59fe-3c008a3b13df3b4f-00",
        "User-Agent": "azsdk-net-Containers.ContainerRegistry/1.1.0-alpha.20221110.1 (.NET Framework 4.8.9105.0; Microsoft Windows 10.0.22621 )",
        "x-ms-client-request-id": "de9971a1995074b9b0cd315f9b9d910d",
        "x-ms-return-client-request-id": "true"
      },
      "RequestBody": null,
      "StatusCode": 202,
      "ResponseHeaders": {
        "Access-Control-Expose-Headers": [
          "Docker-Content-Digest",
          "WWW-Authenticate",
          "Link",
          "X-Ms-Correlation-Request-Id"
        ],
        "Connection": "keep-alive",
        "Content-Length": "121",
        "Content-Type": "application/json; charset=utf-8",
        "Date": "Thu, 10 Nov 2022 17:17:47 GMT",
        "Docker-Distribution-Api-Version": "registry/2.0",
        "Server": "openresty",
        "Strict-Transport-Security": [
          "max-age=31536000; includeSubDomains",
          "max-age=31536000; includeSubDomains"
        ],
        "X-Content-Type-Options": "nosniff",
        "X-Ms-Client-Request-Id": "de9971a1995074b9b0cd315f9b9d910d",
        "X-Ms-Correlation-Request-Id": "c922ea8e-f010-4601-ad26-f00331adcf1b",
        "X-Ms-Ratelimit-Remaining-Calls-Per-Second": "8.000000",
        "X-Ms-Request-Id": "6b7fa213-be2d-4b80-afd0-7c7c0bc4b2c6"
      },
      "ResponseBody": {
        "manifestsDeleted": [
          "sha256:5b35986b0ff880629268fed8dc4040771b37e73ea0a7de26993d70d0240dee5f"
        ],
        "tagsDeleted": [
          "big-1"
        ]
      }
    }
  ],
  "Variables": {
    "AZURE_AUTHORITY_HOST": "https://login.microsoftonline.com/",
    "CONTAINERREGISTRY_ENDPOINT": "https://annelocontainerregistry.azurecr.io",
    "RandomSeed": "115843538"
  }
}
