{
  "Entries": [
    {
      "RequestUri": "https://annelocontainerregistry.azurecr.io/v2/oci-artifact/blobs/uploads/",
      "RequestMethod": "POST",
      "RequestHeaders": {
        "Accept": "application/json",
        "Content-Length": "0",
        "traceparent": "00-c95496c61495a6af7db61f501cce010b-dd624f560bcd4d0c-00",
        "User-Agent": "azsdk-net-Containers.ContainerRegistry/1.1.0-alpha.20221111.1 (.NET 6.0.11; Microsoft Windows 10.0.22621)",
        "x-ms-client-request-id": "876334ad135c9ce4a5cb50cee83967dc",
        "x-ms-return-client-request-id": "true"
      },
      "RequestBody": null,
      "StatusCode": 401,
      "ResponseHeaders": {
        "Access-Control-Expose-Headers": [
          "Docker-Content-Digest",
          "WWW-Authenticate",
          "Link",
          "X-Ms-Correlation-Request-Id"
        ],
        "Connection": "keep-alive",
        "Content-Length": "266",
        "Content-Type": "application/json; charset=utf-8",
        "Date": "Fri, 11 Nov 2022 19:16:39 GMT",
        "Docker-Distribution-Api-Version": "registry/2.0",
        "Server": "openresty",
        "Strict-Transport-Security": [
          "max-age=31536000; includeSubDomains",
          "max-age=31536000; includeSubDomains"
        ],
        "WWW-Authenticate": "Bearer realm=\u0022https://annelocontainerregistry.azurecr.io/oauth2/token\u0022,service=\u0022annelocontainerregistry.azurecr.io\u0022,scope=\u0022repository:oci-artifact:pull,push\u0022",
        "X-Content-Type-Options": "nosniff",
        "X-Ms-Correlation-Request-Id": "f91d2428-2a95-4e9e-a8b1-dc3f361e7446"
      },
      "ResponseBody": {
        "errors": [
          {
            "code": "UNAUTHORIZED",
            "message": "authentication required, visit https://aka.ms/acr/authorization for more information.",
            "detail": [
              {
                "Type": "repository",
                "Name": "oci-artifact",
                "Action": "pull"
              },
              {
                "Type": "repository",
                "Name": "oci-artifact",
                "Action": "push"
              }
            ]
          }
        ]
      }
    },
    {
      "RequestUri": "https://annelocontainerregistry.azurecr.io/oauth2/exchange?api-version=2021-07-01",
      "RequestMethod": "POST",
      "RequestHeaders": {
        "Accept": "application/json",
        "Content-Length": "89",
        "Content-Type": "application/x-www-form-urlencoded",
        "traceparent": "00-c95496c61495a6af7db61f501cce010b-ab2a9444c720e578-00",
        "User-Agent": "azsdk-net-Containers.ContainerRegistry/1.1.0-alpha.20221111.1 (.NET 6.0.11; Microsoft Windows 10.0.22621)",
        "x-ms-client-request-id": "6e0870252582e71e9ba6c2953f19c50e",
        "x-ms-return-client-request-id": "true"
      },
      "RequestBody": "grant_type=access_token\u0026service=annelocontainerregistry.azurecr.io\u0026access_token=Sanitized",
      "StatusCode": 200,
      "ResponseHeaders": {
        "Connection": "keep-alive",
        "Content-Type": "application/json; charset=utf-8",
        "Date": "Fri, 11 Nov 2022 19:16:39 GMT",
        "Server": "openresty",
        "Strict-Transport-Security": "max-age=31536000; includeSubDomains",
        "Transfer-Encoding": "chunked",
        "X-Ms-Correlation-Request-Id": "6a5e661c-3f7f-4f4e-9f52-1761e1e5469b",
        "x-ms-ratelimit-remaining-calls-per-second": "166.566667"
      },
      "ResponseBody": {
        "refresh_token": "Sanitized.eyJleHAiOjI2MTQyNzQxODd9.Sanitized"
      }
    },
    {
      "RequestUri": "https://annelocontainerregistry.azurecr.io/oauth2/token?api-version=2021-07-01",
      "RequestMethod": "POST",
      "RequestHeaders": {
        "Accept": "application/json",
        "Content-Length": "137",
        "Content-Type": "application/x-www-form-urlencoded",
        "traceparent": "00-c95496c61495a6af7db61f501cce010b-c44801caf41e75eb-00",
        "User-Agent": "azsdk-net-Containers.ContainerRegistry/1.1.0-alpha.20221111.1 (.NET 6.0.11; Microsoft Windows 10.0.22621)",
        "x-ms-client-request-id": "c067db80472e8ea22078d54d579bf0cd",
        "x-ms-return-client-request-id": "true"
      },
      "RequestBody": "service=annelocontainerregistry.azurecr.io\u0026scope=repository%3Aoci-artifact%3Apull%2Cpush\u0026refresh_token=Sanitized\u0026grant_type=refresh_token",
      "StatusCode": 200,
      "ResponseHeaders": {
        "Connection": "keep-alive",
        "Content-Type": "application/json; charset=utf-8",
        "Date": "Fri, 11 Nov 2022 19:16:39 GMT",
        "Server": "openresty",
        "Strict-Transport-Security": "max-age=31536000; includeSubDomains",
        "Transfer-Encoding": "chunked",
        "X-Ms-Correlation-Request-Id": "5924755e-418c-43c2-be03-422eaeeb1a35",
        "x-ms-ratelimit-remaining-calls-per-second": "166.55"
      },
      "ResponseBody": {
        "access_token": "Sanitized"
      }
    },
    {
      "RequestUri": "https://annelocontainerregistry.azurecr.io/v2/oci-artifact/blobs/uploads/",
      "RequestMethod": "POST",
      "RequestHeaders": {
        "Accept": "application/json",
        "Authorization": "Sanitized",
        "Content-Length": "0",
        "traceparent": "00-c95496c61495a6af7db61f501cce010b-dd624f560bcd4d0c-00",
        "User-Agent": "azsdk-net-Containers.ContainerRegistry/1.1.0-alpha.20221111.1 (.NET 6.0.11; Microsoft Windows 10.0.22621)",
        "x-ms-client-request-id": "876334ad135c9ce4a5cb50cee83967dc",
        "x-ms-return-client-request-id": "true"
      },
      "RequestBody": null,
      "StatusCode": 202,
      "ResponseHeaders": {
        "Access-Control-Expose-Headers": [
          "Docker-Content-Digest",
          "WWW-Authenticate",
          "Link",
          "X-Ms-Correlation-Request-Id"
        ],
        "Connection": "keep-alive",
        "Content-Length": "0",
        "Date": "Fri, 11 Nov 2022 19:16:39 GMT",
        "Docker-Distribution-Api-Version": "registry/2.0",
        "Docker-Upload-Uuid": "d6c46336-01c8-46ac-b289-06eacc344800",
        "Location": "/v2/oci-artifact/blobs/uploads/d6c46336-01c8-46ac-b289-06eacc344800?_nouploadcache=false\u0026_state=9DDuOys0P16EOH6KPOYX5RUBEj5jdxq3eeBZo5SlcEx7Ik5hbWUiOiJvY2ktYXJ0aWZhY3QiLCJVVUlEIjoiZDZjNDYzMzYtMDFjOC00NmFjLWIyODktMDZlYWNjMzQ0ODAwIiwiT2Zmc2V0IjowLCJTdGFydGVkQXQiOiIyMDIyLTExLTExVDE5OjE2OjM5Ljc2NDcwMjgxNFoifQ%3D%3D",
        "Range": "0-0",
        "Server": "openresty",
        "Strict-Transport-Security": [
          "max-age=31536000; includeSubDomains",
          "max-age=31536000; includeSubDomains"
        ],
        "X-Content-Type-Options": "nosniff",
        "X-Ms-Client-Request-Id": "876334ad135c9ce4a5cb50cee83967dc",
        "X-Ms-Correlation-Request-Id": "d058a547-e1ed-4690-be37-7ab07bbdb82a",
        "X-Ms-Request-Id": "fe6111a7-623d-44d6-94b3-14d8b14cb8dd"
      },
      "ResponseBody": null
    },
    {
      "RequestUri": "https://annelocontainerregistry.azurecr.io/v2/oci-artifact/blobs/uploads/d6c46336-01c8-46ac-b289-06eacc344800?_nouploadcache=false\u0026_state=9DDuOys0P16EOH6KPOYX5RUBEj5jdxq3eeBZo5SlcEx7Ik5hbWUiOiJvY2ktYXJ0aWZhY3QiLCJVVUlEIjoiZDZjNDYzMzYtMDFjOC00NmFjLWIyODktMDZlYWNjMzQ0ODAwIiwiT2Zmc2V0IjowLCJTdGFydGVkQXQiOiIyMDIyLTExLTExVDE5OjE2OjM5Ljc2NDcwMjgxNFoifQ%3D%3D",
      "RequestMethod": "PATCH",
      "RequestHeaders": {
        "Accept": "application/json",
        "Content-Length": "171",
        "Content-Type": "application/octet-stream",
        "traceparent": "00-c95496c61495a6af7db61f501cce010b-eab4c82c2fb3a5dd-00",
        "User-Agent": "azsdk-net-Containers.ContainerRegistry/1.1.0-alpha.20221111.1 (.NET 6.0.11; Microsoft Windows 10.0.22621)",
        "x-ms-client-request-id": "5529dddf7ea48860157bebb6514f5d8b",
        "x-ms-return-client-request-id": "true"
      },
      "RequestBody": "H4sIAAAAAAAA/\u002BzRwcrCMBAE4Dn/8L9DD551tulmn6dUq4VioUb06VUsORU8aRQx32VzSjYzi2bYt90WKZGkmU2T5HxOZ6lo6lTNPCjUUlFo0q2i4yHUI8hn75l/7kvE/lf1GLq2bsIynMOr37jn4b1/3L\u002BrYv9lWYkDxYkoireE\u002BOP9Xy87bNCjx4ACJwwY0WONf/x9erUsy7IsoVsAAAD//yO/fykACgAA",
      "StatusCode": 401,
      "ResponseHeaders": {
        "Access-Control-Expose-Headers": [
          "Docker-Content-Digest",
          "WWW-Authenticate",
          "Link",
          "X-Ms-Correlation-Request-Id"
        ],
        "Connection": "keep-alive",
        "Content-Length": "266",
        "Content-Type": "application/json; charset=utf-8",
        "Date": "Fri, 11 Nov 2022 19:16:39 GMT",
        "Docker-Distribution-Api-Version": "registry/2.0",
        "Server": "openresty",
        "Strict-Transport-Security": [
          "max-age=31536000; includeSubDomains",
          "max-age=31536000; includeSubDomains"
        ],
        "WWW-Authenticate": "Bearer realm=\u0022https://annelocontainerregistry.azurecr.io/oauth2/token\u0022,service=\u0022annelocontainerregistry.azurecr.io\u0022,scope=\u0022repository:oci-artifact:pull,push\u0022",
        "X-Content-Type-Options": "nosniff",
        "X-Ms-Correlation-Request-Id": "c2cdf88e-a413-41e3-8560-743c7d800355"
      },
      "ResponseBody": {
        "errors": [
          {
            "code": "UNAUTHORIZED",
            "message": "authentication required, visit https://aka.ms/acr/authorization for more information.",
            "detail": [
              {
                "Type": "repository",
                "Name": "oci-artifact",
                "Action": "pull"
              },
              {
                "Type": "repository",
                "Name": "oci-artifact",
                "Action": "push"
              }
            ]
          }
        ]
      }
    },
    {
      "RequestUri": "https://annelocontainerregistry.azurecr.io/oauth2/token?api-version=2021-07-01",
      "RequestMethod": "POST",
      "RequestHeaders": {
        "Accept": "application/json",
        "Content-Length": "137",
        "Content-Type": "application/x-www-form-urlencoded",
        "traceparent": "00-c95496c61495a6af7db61f501cce010b-474035caad8bfda2-00",
        "User-Agent": "azsdk-net-Containers.ContainerRegistry/1.1.0-alpha.20221111.1 (.NET 6.0.11; Microsoft Windows 10.0.22621)",
        "x-ms-client-request-id": "0c4d4206a7d2deadcd794d094fd190ff",
        "x-ms-return-client-request-id": "true"
      },
      "RequestBody": "service=annelocontainerregistry.azurecr.io\u0026scope=repository%3Aoci-artifact%3Apull%2Cpush\u0026refresh_token=Sanitized\u0026grant_type=refresh_token",
      "StatusCode": 200,
      "ResponseHeaders": {
        "Connection": "keep-alive",
        "Content-Type": "application/json; charset=utf-8",
        "Date": "Fri, 11 Nov 2022 19:16:39 GMT",
        "Server": "openresty",
        "Strict-Transport-Security": "max-age=31536000; includeSubDomains",
        "Transfer-Encoding": "chunked",
        "X-Ms-Correlation-Request-Id": "9030d621-d56b-4ea1-bf73-b3e68f4d265f",
        "x-ms-ratelimit-remaining-calls-per-second": "166.533333"
      },
      "ResponseBody": {
        "access_token": "Sanitized"
      }
    },
    {
      "RequestUri": "https://annelocontainerregistry.azurecr.io/v2/oci-artifact/blobs/uploads/d6c46336-01c8-46ac-b289-06eacc344800?_nouploadcache=false\u0026_state=9DDuOys0P16EOH6KPOYX5RUBEj5jdxq3eeBZo5SlcEx7Ik5hbWUiOiJvY2ktYXJ0aWZhY3QiLCJVVUlEIjoiZDZjNDYzMzYtMDFjOC00NmFjLWIyODktMDZlYWNjMzQ0ODAwIiwiT2Zmc2V0IjowLCJTdGFydGVkQXQiOiIyMDIyLTExLTExVDE5OjE2OjM5Ljc2NDcwMjgxNFoifQ%3D%3D",
      "RequestMethod": "PATCH",
      "RequestHeaders": {
        "Accept": "application/json",
        "Authorization": "Sanitized",
        "Content-Length": "171",
        "Content-Type": "application/octet-stream",
        "traceparent": "00-c95496c61495a6af7db61f501cce010b-eab4c82c2fb3a5dd-00",
        "User-Agent": "azsdk-net-Containers.ContainerRegistry/1.1.0-alpha.20221111.1 (.NET 6.0.11; Microsoft Windows 10.0.22621)",
        "x-ms-client-request-id": "5529dddf7ea48860157bebb6514f5d8b",
        "x-ms-return-client-request-id": "true"
      },
      "RequestBody": "H4sIAAAAAAAA/\u002BzRwcrCMBAE4Dn/8L9DD551tulmn6dUq4VioUb06VUsORU8aRQx32VzSjYzi2bYt90WKZGkmU2T5HxOZ6lo6lTNPCjUUlFo0q2i4yHUI8hn75l/7kvE/lf1GLq2bsIynMOr37jn4b1/3L\u002BrYv9lWYkDxYkoireE\u002BOP9Xy87bNCjx4ACJwwY0WONf/x9erUsy7IsoVsAAAD//yO/fykACgAA",
      "StatusCode": 202,
      "ResponseHeaders": {
        "Access-Control-Expose-Headers": [
          "Docker-Content-Digest",
          "WWW-Authenticate",
          "Link",
          "X-Ms-Correlation-Request-Id"
        ],
        "Connection": "keep-alive",
        "Content-Length": "0",
        "Date": "Fri, 11 Nov 2022 19:16:39 GMT",
        "Docker-Distribution-Api-Version": "registry/2.0",
        "Docker-Upload-Uuid": "d6c46336-01c8-46ac-b289-06eacc344800",
        "Location": "/v2/oci-artifact/blobs/uploads/d6c46336-01c8-46ac-b289-06eacc344800?_nouploadcache=false\u0026_state=R3k9nQogMMBZY5wI64ojn1tOewsbae9yOpnkJbcWfOV7Ik5hbWUiOiJvY2ktYXJ0aWZhY3QiLCJVVUlEIjoiZDZjNDYzMzYtMDFjOC00NmFjLWIyODktMDZlYWNjMzQ0ODAwIiwiT2Zmc2V0IjoxNzEsIlN0YXJ0ZWRBdCI6IjIwMjItMTEtMTFUMTk6MTY6MzlaIn0%3D",
        "Range": "0-170",
        "Server": "openresty",
        "Strict-Transport-Security": [
          "max-age=31536000; includeSubDomains",
          "max-age=31536000; includeSubDomains"
        ],
        "X-Content-Type-Options": "nosniff",
        "X-Ms-Client-Request-Id": "5529dddf7ea48860157bebb6514f5d8b",
        "X-Ms-Correlation-Request-Id": "f964c6e0-18d1-4562-80ac-06022b22323a",
        "X-Ms-Request-Id": "c7c2673f-8110-4467-8aaf-f35126d9c999"
      },
      "ResponseBody": null
    },
    {
      "RequestUri": "https://annelocontainerregistry.azurecr.io/v2/oci-artifact/blobs/uploads/d6c46336-01c8-46ac-b289-06eacc344800?_nouploadcache=false\u0026_state=R3k9nQogMMBZY5wI64ojn1tOewsbae9yOpnkJbcWfOV7Ik5hbWUiOiJvY2ktYXJ0aWZhY3QiLCJVVUlEIjoiZDZjNDYzMzYtMDFjOC00NmFjLWIyODktMDZlYWNjMzQ0ODAwIiwiT2Zmc2V0IjoxNzEsIlN0YXJ0ZWRBdCI6IjIwMjItMTEtMTFUMTk6MTY6MzlaIn0%3D\u0026digest=sha256%3Ad25b42d3dbad5361ed2d909624d899e7254a822c9a632b582ebd3a44f9b0dbc8",
      "RequestMethod": "PUT",
      "RequestHeaders": {
        "Accept": "application/json",
        "Content-Length": "0",
        "traceparent": "00-c95496c61495a6af7db61f501cce010b-640c4e7ef3fa3e6b-00",
        "User-Agent": "azsdk-net-Containers.ContainerRegistry/1.1.0-alpha.20221111.1 (.NET 6.0.11; Microsoft Windows 10.0.22621)",
        "x-ms-client-request-id": "62b5f4b66ff002697adeaab25bec3dd1",
        "x-ms-return-client-request-id": "true"
      },
      "RequestBody": null,
      "StatusCode": 401,
      "ResponseHeaders": {
        "Access-Control-Expose-Headers": [
          "Docker-Content-Digest",
          "WWW-Authenticate",
          "Link",
          "X-Ms-Correlation-Request-Id"
        ],
        "Connection": "keep-alive",
        "Content-Length": "266",
        "Content-Type": "application/json; charset=utf-8",
        "Date": "Fri, 11 Nov 2022 19:16:39 GMT",
        "Docker-Distribution-Api-Version": "registry/2.0",
        "Server": "openresty",
        "Strict-Transport-Security": [
          "max-age=31536000; includeSubDomains",
          "max-age=31536000; includeSubDomains"
        ],
        "WWW-Authenticate": "Bearer realm=\u0022https://annelocontainerregistry.azurecr.io/oauth2/token\u0022,service=\u0022annelocontainerregistry.azurecr.io\u0022,scope=\u0022repository:oci-artifact:push,pull\u0022",
        "X-Content-Type-Options": "nosniff",
        "X-Ms-Correlation-Request-Id": "2f8a483d-e881-4577-a750-a584c3434179"
      },
      "ResponseBody": {
        "errors": [
          {
            "code": "UNAUTHORIZED",
            "message": "authentication required, visit https://aka.ms/acr/authorization for more information.",
            "detail": [
              {
                "Type": "repository",
                "Name": "oci-artifact",
                "Action": "pull"
              },
              {
                "Type": "repository",
                "Name": "oci-artifact",
                "Action": "push"
              }
            ]
          }
        ]
      }
    },
    {
      "RequestUri": "https://annelocontainerregistry.azurecr.io/oauth2/token?api-version=2021-07-01",
      "RequestMethod": "POST",
      "RequestHeaders": {
        "Accept": "application/json",
        "Content-Length": "137",
        "Content-Type": "application/x-www-form-urlencoded",
        "traceparent": "00-c95496c61495a6af7db61f501cce010b-a87b92f3f206dc94-00",
        "User-Agent": "azsdk-net-Containers.ContainerRegistry/1.1.0-alpha.20221111.1 (.NET 6.0.11; Microsoft Windows 10.0.22621)",
        "x-ms-client-request-id": "1547491be34e37fb2f4a882a31573844",
        "x-ms-return-client-request-id": "true"
      },
      "RequestBody": "service=annelocontainerregistry.azurecr.io\u0026scope=repository%3Aoci-artifact%3Apush%2Cpull\u0026refresh_token=Sanitized\u0026grant_type=refresh_token",
      "StatusCode": 200,
      "ResponseHeaders": {
        "Connection": "keep-alive",
        "Content-Type": "application/json; charset=utf-8",
        "Date": "Fri, 11 Nov 2022 19:16:39 GMT",
        "Server": "openresty",
        "Strict-Transport-Security": "max-age=31536000; includeSubDomains",
        "Transfer-Encoding": "chunked",
        "X-Ms-Correlation-Request-Id": "090d7bc8-2919-4c86-adcf-7673e43fda7d",
        "x-ms-ratelimit-remaining-calls-per-second": "166.516667"
      },
      "ResponseBody": {
        "access_token": "Sanitized"
      }
    },
    {
      "RequestUri": "https://annelocontainerregistry.azurecr.io/v2/oci-artifact/blobs/uploads/d6c46336-01c8-46ac-b289-06eacc344800?_nouploadcache=false\u0026_state=R3k9nQogMMBZY5wI64ojn1tOewsbae9yOpnkJbcWfOV7Ik5hbWUiOiJvY2ktYXJ0aWZhY3QiLCJVVUlEIjoiZDZjNDYzMzYtMDFjOC00NmFjLWIyODktMDZlYWNjMzQ0ODAwIiwiT2Zmc2V0IjoxNzEsIlN0YXJ0ZWRBdCI6IjIwMjItMTEtMTFUMTk6MTY6MzlaIn0%3D\u0026digest=sha256%3Ad25b42d3dbad5361ed2d909624d899e7254a822c9a632b582ebd3a44f9b0dbc8",
      "RequestMethod": "PUT",
      "RequestHeaders": {
        "Accept": "application/json",
        "Authorization": "Sanitized",
        "Content-Length": "0",
        "traceparent": "00-c95496c61495a6af7db61f501cce010b-640c4e7ef3fa3e6b-00",
        "User-Agent": "azsdk-net-Containers.ContainerRegistry/1.1.0-alpha.20221111.1 (.NET 6.0.11; Microsoft Windows 10.0.22621)",
        "x-ms-client-request-id": "62b5f4b66ff002697adeaab25bec3dd1",
        "x-ms-return-client-request-id": "true"
      },
      "RequestBody": null,
      "StatusCode": 201,
      "ResponseHeaders": {
        "Access-Control-Expose-Headers": [
          "Docker-Content-Digest",
          "WWW-Authenticate",
          "Link",
          "X-Ms-Correlation-Request-Id"
        ],
        "Connection": "keep-alive",
        "Content-Length": "0",
        "Date": "Fri, 11 Nov 2022 19:16:40 GMT",
        "Docker-Content-Digest": "sha256:d25b42d3dbad5361ed2d909624d899e7254a822c9a632b582ebd3a44f9b0dbc8",
        "Docker-Distribution-Api-Version": "registry/2.0",
        "Location": "/v2/oci-artifact/blobs/sha256:d25b42d3dbad5361ed2d909624d899e7254a822c9a632b582ebd3a44f9b0dbc8",
        "Server": "openresty",
        "Strict-Transport-Security": [
          "max-age=31536000; includeSubDomains",
          "max-age=31536000; includeSubDomains"
        ],
        "X-Content-Type-Options": "nosniff",
        "X-Ms-Client-Request-Id": "62b5f4b66ff002697adeaab25bec3dd1",
        "X-Ms-Correlation-Request-Id": "53cdec88-e370-4c36-9de6-28b5cb1873a3",
        "X-Ms-Request-Id": "1f193b56-9efe-40fe-a8df-74efa89234af"
      },
      "ResponseBody": null
    },
    {
      "RequestUri": "https://annelocontainerregistry.azurecr.io/v2/oci-artifact/blobs/uploads/",
      "RequestMethod": "POST",
      "RequestHeaders": {
        "Accept": "application/json",
        "Content-Length": "0",
        "traceparent": "00-1322c26b2d2c1a269a76bafd1bb21422-ae562b459ad0225d-00",
        "User-Agent": "azsdk-net-Containers.ContainerRegistry/1.1.0-alpha.20221111.1 (.NET 6.0.11; Microsoft Windows 10.0.22621)",
        "x-ms-client-request-id": "5c00ebebfb99969bd84b91f3fcfa83e0",
        "x-ms-return-client-request-id": "true"
      },
      "RequestBody": null,
      "StatusCode": 401,
      "ResponseHeaders": {
        "Access-Control-Expose-Headers": [
          "Docker-Content-Digest",
          "WWW-Authenticate",
          "Link",
          "X-Ms-Correlation-Request-Id"
        ],
        "Connection": "keep-alive",
        "Content-Length": "266",
        "Content-Type": "application/json; charset=utf-8",
        "Date": "Fri, 11 Nov 2022 19:16:40 GMT",
        "Docker-Distribution-Api-Version": "registry/2.0",
        "Server": "openresty",
        "Strict-Transport-Security": [
          "max-age=31536000; includeSubDomains",
          "max-age=31536000; includeSubDomains"
        ],
        "WWW-Authenticate": "Bearer realm=\u0022https://annelocontainerregistry.azurecr.io/oauth2/token\u0022,service=\u0022annelocontainerregistry.azurecr.io\u0022,scope=\u0022repository:oci-artifact:pull,push\u0022",
        "X-Content-Type-Options": "nosniff",
        "X-Ms-Correlation-Request-Id": "5e65a880-4ad0-466d-9635-cf552b74caac"
      },
      "ResponseBody": {
        "errors": [
          {
            "code": "UNAUTHORIZED",
            "message": "authentication required, visit https://aka.ms/acr/authorization for more information.",
            "detail": [
              {
                "Type": "repository",
                "Name": "oci-artifact",
                "Action": "pull"
              },
              {
                "Type": "repository",
                "Name": "oci-artifact",
                "Action": "push"
              }
            ]
          }
        ]
      }
    },
    {
      "RequestUri": "https://annelocontainerregistry.azurecr.io/oauth2/token?api-version=2021-07-01",
      "RequestMethod": "POST",
      "RequestHeaders": {
        "Accept": "application/json",
        "Content-Length": "137",
        "Content-Type": "application/x-www-form-urlencoded",
        "traceparent": "00-1322c26b2d2c1a269a76bafd1bb21422-cbf41e14d1b2f1fd-00",
        "User-Agent": "azsdk-net-Containers.ContainerRegistry/1.1.0-alpha.20221111.1 (.NET 6.0.11; Microsoft Windows 10.0.22621)",
        "x-ms-client-request-id": "06ee7b3c7a89d2b1f97d32a5e73fd023",
        "x-ms-return-client-request-id": "true"
      },
      "RequestBody": "service=annelocontainerregistry.azurecr.io\u0026scope=repository%3Aoci-artifact%3Apull%2Cpush\u0026refresh_token=Sanitized\u0026grant_type=refresh_token",
      "StatusCode": 200,
      "ResponseHeaders": {
        "Connection": "keep-alive",
        "Content-Type": "application/json; charset=utf-8",
        "Date": "Fri, 11 Nov 2022 19:16:40 GMT",
        "Server": "openresty",
        "Strict-Transport-Security": "max-age=31536000; includeSubDomains",
        "Transfer-Encoding": "chunked",
        "X-Ms-Correlation-Request-Id": "14f69c3a-a565-49a5-8f59-6eda70623338",
        "x-ms-ratelimit-remaining-calls-per-second": "166.5"
      },
      "ResponseBody": {
        "access_token": "Sanitized"
      }
    },
    {
      "RequestUri": "https://annelocontainerregistry.azurecr.io/v2/oci-artifact/blobs/uploads/",
      "RequestMethod": "POST",
      "RequestHeaders": {
        "Accept": "application/json",
        "Authorization": "Sanitized",
        "Content-Length": "0",
        "traceparent": "00-1322c26b2d2c1a269a76bafd1bb21422-ae562b459ad0225d-00",
        "User-Agent": "azsdk-net-Containers.ContainerRegistry/1.1.0-alpha.20221111.1 (.NET 6.0.11; Microsoft Windows 10.0.22621)",
        "x-ms-client-request-id": "5c00ebebfb99969bd84b91f3fcfa83e0",
        "x-ms-return-client-request-id": "true"
      },
      "RequestBody": null,
      "StatusCode": 202,
      "ResponseHeaders": {
        "Access-Control-Expose-Headers": [
          "Docker-Content-Digest",
          "WWW-Authenticate",
          "Link",
          "X-Ms-Correlation-Request-Id"
        ],
        "Connection": "keep-alive",
        "Content-Length": "0",
        "Date": "Fri, 11 Nov 2022 19:16:40 GMT",
        "Docker-Distribution-Api-Version": "registry/2.0",
        "Docker-Upload-Uuid": "d65833c1-d23b-4df7-a7a3-5b99e0fc3e4b",
        "Location": "/v2/oci-artifact/blobs/uploads/d65833c1-d23b-4df7-a7a3-5b99e0fc3e4b?_nouploadcache=false\u0026_state=aYb90KQ0qt5pXCG2RSm3KZPTEXlt-j7ghCrMbgpguTh7Ik5hbWUiOiJvY2ktYXJ0aWZhY3QiLCJVVUlEIjoiZDY1ODMzYzEtZDIzYi00ZGY3LWE3YTMtNWI5OWUwZmMzZTRiIiwiT2Zmc2V0IjowLCJTdGFydGVkQXQiOiIyMDIyLTExLTExVDE5OjE2OjQwLjE4ODUxODQ1MVoifQ%3D%3D",
        "Range": "0-0",
        "Server": "openresty",
        "Strict-Transport-Security": [
          "max-age=31536000; includeSubDomains",
          "max-age=31536000; includeSubDomains"
        ],
        "X-Content-Type-Options": "nosniff",
        "X-Ms-Client-Request-Id": "5c00ebebfb99969bd84b91f3fcfa83e0",
        "X-Ms-Correlation-Request-Id": "90f84d35-2795-4eaf-a6ce-eff70b10ba2b",
        "X-Ms-Request-Id": "49e0a5e1-802e-4619-ae54-ced6961364b0"
      },
      "ResponseBody": null
    },
    {
      "RequestUri": "https://annelocontainerregistry.azurecr.io/v2/oci-artifact/blobs/uploads/d65833c1-d23b-4df7-a7a3-5b99e0fc3e4b?_nouploadcache=false\u0026_state=aYb90KQ0qt5pXCG2RSm3KZPTEXlt-j7ghCrMbgpguTh7Ik5hbWUiOiJvY2ktYXJ0aWZhY3QiLCJVVUlEIjoiZDY1ODMzYzEtZDIzYi00ZGY3LWE3YTMtNWI5OWUwZmMzZTRiIiwiT2Zmc2V0IjowLCJTdGFydGVkQXQiOiIyMDIyLTExLTExVDE5OjE2OjQwLjE4ODUxODQ1MVoifQ%3D%3D",
      "RequestMethod": "PATCH",
      "RequestHeaders": {
        "Accept": "application/json",
        "Content-Length": "28",
        "Content-Type": "application/octet-stream",
        "traceparent": "00-1322c26b2d2c1a269a76bafd1bb21422-11c81988c635757b-00",
        "User-Agent": "azsdk-net-Containers.ContainerRegistry/1.1.0-alpha.20221111.1 (.NET 6.0.11; Microsoft Windows 10.0.22621)",
        "x-ms-client-request-id": "6fc665a5e0ec2038aeb03d0251073b35",
        "x-ms-return-client-request-id": "true"
      },
      "RequestBody": "//5oAGUAbABsAG8AIAB3AG8AcgBsAGQADQAKAA==",
      "StatusCode": 401,
      "ResponseHeaders": {
        "Access-Control-Expose-Headers": [
          "Docker-Content-Digest",
          "WWW-Authenticate",
          "Link",
          "X-Ms-Correlation-Request-Id"
        ],
        "Connection": "keep-alive",
        "Content-Length": "266",
        "Content-Type": "application/json; charset=utf-8",
        "Date": "Fri, 11 Nov 2022 19:16:40 GMT",
        "Docker-Distribution-Api-Version": "registry/2.0",
        "Server": "openresty",
        "Strict-Transport-Security": [
          "max-age=31536000; includeSubDomains",
          "max-age=31536000; includeSubDomains"
        ],
        "WWW-Authenticate": "Bearer realm=\u0022https://annelocontainerregistry.azurecr.io/oauth2/token\u0022,service=\u0022annelocontainerregistry.azurecr.io\u0022,scope=\u0022repository:oci-artifact:pull,push\u0022",
        "X-Content-Type-Options": "nosniff",
        "X-Ms-Correlation-Request-Id": "3a293def-28e4-4ab5-a183-0a055db4f20e"
      },
      "ResponseBody": {
        "errors": [
          {
            "code": "UNAUTHORIZED",
            "message": "authentication required, visit https://aka.ms/acr/authorization for more information.",
            "detail": [
              {
                "Type": "repository",
                "Name": "oci-artifact",
                "Action": "pull"
              },
              {
                "Type": "repository",
                "Name": "oci-artifact",
                "Action": "push"
              }
            ]
          }
        ]
      }
    },
    {
      "RequestUri": "https://annelocontainerregistry.azurecr.io/oauth2/token?api-version=2021-07-01",
      "RequestMethod": "POST",
      "RequestHeaders": {
        "Accept": "application/json",
        "Content-Length": "137",
        "Content-Type": "application/x-www-form-urlencoded",
        "traceparent": "00-1322c26b2d2c1a269a76bafd1bb21422-6be1f2713e8b7282-00",
        "User-Agent": "azsdk-net-Containers.ContainerRegistry/1.1.0-alpha.20221111.1 (.NET 6.0.11; Microsoft Windows 10.0.22621)",
        "x-ms-client-request-id": "b6eda7c7326971bb392d631bc8f6ae98",
        "x-ms-return-client-request-id": "true"
      },
      "RequestBody": "service=annelocontainerregistry.azurecr.io\u0026scope=repository%3Aoci-artifact%3Apull%2Cpush\u0026refresh_token=Sanitized\u0026grant_type=refresh_token",
      "StatusCode": 200,
      "ResponseHeaders": {
        "Connection": "keep-alive",
        "Content-Type": "application/json; charset=utf-8",
        "Date": "Fri, 11 Nov 2022 19:16:40 GMT",
        "Server": "openresty",
        "Strict-Transport-Security": "max-age=31536000; includeSubDomains",
        "Transfer-Encoding": "chunked",
        "X-Ms-Correlation-Request-Id": "2c82d083-9e8d-4510-a677-70e21d3ba51e",
        "x-ms-ratelimit-remaining-calls-per-second": "166.483333"
      },
      "ResponseBody": {
        "access_token": "Sanitized"
      }
    },
    {
      "RequestUri": "https://annelocontainerregistry.azurecr.io/v2/oci-artifact/blobs/uploads/d65833c1-d23b-4df7-a7a3-5b99e0fc3e4b?_nouploadcache=false\u0026_state=aYb90KQ0qt5pXCG2RSm3KZPTEXlt-j7ghCrMbgpguTh7Ik5hbWUiOiJvY2ktYXJ0aWZhY3QiLCJVVUlEIjoiZDY1ODMzYzEtZDIzYi00ZGY3LWE3YTMtNWI5OWUwZmMzZTRiIiwiT2Zmc2V0IjowLCJTdGFydGVkQXQiOiIyMDIyLTExLTExVDE5OjE2OjQwLjE4ODUxODQ1MVoifQ%3D%3D",
      "RequestMethod": "PATCH",
      "RequestHeaders": {
        "Accept": "application/json",
        "Authorization": "Sanitized",
        "Content-Length": "28",
        "Content-Type": "application/octet-stream",
        "traceparent": "00-1322c26b2d2c1a269a76bafd1bb21422-11c81988c635757b-00",
        "User-Agent": "azsdk-net-Containers.ContainerRegistry/1.1.0-alpha.20221111.1 (.NET 6.0.11; Microsoft Windows 10.0.22621)",
        "x-ms-client-request-id": "6fc665a5e0ec2038aeb03d0251073b35",
        "x-ms-return-client-request-id": "true"
      },
      "RequestBody": "//5oAGUAbABsAG8AIAB3AG8AcgBsAGQADQAKAA==",
      "StatusCode": 202,
      "ResponseHeaders": {
        "Access-Control-Expose-Headers": [
          "Docker-Content-Digest",
          "WWW-Authenticate",
          "Link",
          "X-Ms-Correlation-Request-Id"
        ],
        "Connection": "keep-alive",
        "Content-Length": "0",
        "Date": "Fri, 11 Nov 2022 19:16:40 GMT",
        "Docker-Distribution-Api-Version": "registry/2.0",
        "Docker-Upload-Uuid": "d65833c1-d23b-4df7-a7a3-5b99e0fc3e4b",
        "Location": "/v2/oci-artifact/blobs/uploads/d65833c1-d23b-4df7-a7a3-5b99e0fc3e4b?_nouploadcache=false\u0026_state=HZ6fcWTfdHOhe-QvtHMvivyYJhpoV2qT5OZSv99gx117Ik5hbWUiOiJvY2ktYXJ0aWZhY3QiLCJVVUlEIjoiZDY1ODMzYzEtZDIzYi00ZGY3LWE3YTMtNWI5OWUwZmMzZTRiIiwiT2Zmc2V0IjoyOCwiU3RhcnRlZEF0IjoiMjAyMi0xMS0xMVQxOToxNjo0MFoifQ%3D%3D",
        "Range": "0-27",
        "Server": "openresty",
        "Strict-Transport-Security": [
          "max-age=31536000; includeSubDomains",
          "max-age=31536000; includeSubDomains"
        ],
        "X-Content-Type-Options": "nosniff",
        "X-Ms-Client-Request-Id": "6fc665a5e0ec2038aeb03d0251073b35",
        "X-Ms-Correlation-Request-Id": "8074be4f-e6fc-4987-b3fc-aab477d53015",
        "X-Ms-Request-Id": "1ddd0108-da47-48f4-bebb-a8af06212e9f"
      },
      "ResponseBody": null
    },
    {
      "RequestUri": "https://annelocontainerregistry.azurecr.io/v2/oci-artifact/blobs/uploads/d65833c1-d23b-4df7-a7a3-5b99e0fc3e4b?_nouploadcache=false\u0026_state=HZ6fcWTfdHOhe-QvtHMvivyYJhpoV2qT5OZSv99gx117Ik5hbWUiOiJvY2ktYXJ0aWZhY3QiLCJVVUlEIjoiZDY1ODMzYzEtZDIzYi00ZGY3LWE3YTMtNWI5OWUwZmMzZTRiIiwiT2Zmc2V0IjoyOCwiU3RhcnRlZEF0IjoiMjAyMi0xMS0xMVQxOToxNjo0MFoifQ%3D%3D\u0026digest=sha256%3A654b93f61054e4ce90ed203bb8d556a6200d5f906cf3eca0620738d6dc18cbed",
      "RequestMethod": "PUT",
      "RequestHeaders": {
        "Accept": "application/json",
        "Content-Length": "0",
        "traceparent": "00-1322c26b2d2c1a269a76bafd1bb21422-9b3dfc9f367474fe-00",
        "User-Agent": "azsdk-net-Containers.ContainerRegistry/1.1.0-alpha.20221111.1 (.NET 6.0.11; Microsoft Windows 10.0.22621)",
        "x-ms-client-request-id": "974e6e7b13335bf443cd58d83daf80f1",
        "x-ms-return-client-request-id": "true"
      },
      "RequestBody": null,
      "StatusCode": 401,
      "ResponseHeaders": {
        "Access-Control-Expose-Headers": [
          "Docker-Content-Digest",
          "WWW-Authenticate",
          "Link",
          "X-Ms-Correlation-Request-Id"
        ],
        "Connection": "keep-alive",
        "Content-Length": "266",
        "Content-Type": "application/json; charset=utf-8",
        "Date": "Fri, 11 Nov 2022 19:16:40 GMT",
        "Docker-Distribution-Api-Version": "registry/2.0",
        "Server": "openresty",
        "Strict-Transport-Security": [
          "max-age=31536000; includeSubDomains",
          "max-age=31536000; includeSubDomains"
        ],
        "WWW-Authenticate": "Bearer realm=\u0022https://annelocontainerregistry.azurecr.io/oauth2/token\u0022,service=\u0022annelocontainerregistry.azurecr.io\u0022,scope=\u0022repository:oci-artifact:pull,push\u0022",
        "X-Content-Type-Options": "nosniff",
        "X-Ms-Correlation-Request-Id": "b4798489-3c5f-4e07-a2ef-a301da52a39f"
      },
      "ResponseBody": {
        "errors": [
          {
            "code": "UNAUTHORIZED",
            "message": "authentication required, visit https://aka.ms/acr/authorization for more information.",
            "detail": [
              {
                "Type": "repository",
                "Name": "oci-artifact",
                "Action": "pull"
              },
              {
                "Type": "repository",
                "Name": "oci-artifact",
                "Action": "push"
              }
            ]
          }
        ]
      }
    },
    {
      "RequestUri": "https://annelocontainerregistry.azurecr.io/oauth2/token?api-version=2021-07-01",
      "RequestMethod": "POST",
      "RequestHeaders": {
        "Accept": "application/json",
        "Content-Length": "137",
        "Content-Type": "application/x-www-form-urlencoded",
        "traceparent": "00-1322c26b2d2c1a269a76bafd1bb21422-d58b5a43b486b0fa-00",
        "User-Agent": "azsdk-net-Containers.ContainerRegistry/1.1.0-alpha.20221111.1 (.NET 6.0.11; Microsoft Windows 10.0.22621)",
        "x-ms-client-request-id": "40ddfd421a5172baaa5536be7d1c57b7",
        "x-ms-return-client-request-id": "true"
      },
      "RequestBody": "service=annelocontainerregistry.azurecr.io\u0026scope=repository%3Aoci-artifact%3Apull%2Cpush\u0026refresh_token=Sanitized\u0026grant_type=refresh_token",
      "StatusCode": 200,
      "ResponseHeaders": {
        "Connection": "keep-alive",
        "Content-Type": "application/json; charset=utf-8",
        "Date": "Fri, 11 Nov 2022 19:16:40 GMT",
        "Server": "openresty",
        "Strict-Transport-Security": "max-age=31536000; includeSubDomains",
        "Transfer-Encoding": "chunked",
        "X-Ms-Correlation-Request-Id": "49d82d18-4f11-4e26-9095-64647955513b",
        "x-ms-ratelimit-remaining-calls-per-second": "166.466667"
      },
      "ResponseBody": {
        "access_token": "Sanitized"
      }
    },
    {
      "RequestUri": "https://annelocontainerregistry.azurecr.io/v2/oci-artifact/blobs/uploads/d65833c1-d23b-4df7-a7a3-5b99e0fc3e4b?_nouploadcache=false\u0026_state=HZ6fcWTfdHOhe-QvtHMvivyYJhpoV2qT5OZSv99gx117Ik5hbWUiOiJvY2ktYXJ0aWZhY3QiLCJVVUlEIjoiZDY1ODMzYzEtZDIzYi00ZGY3LWE3YTMtNWI5OWUwZmMzZTRiIiwiT2Zmc2V0IjoyOCwiU3RhcnRlZEF0IjoiMjAyMi0xMS0xMVQxOToxNjo0MFoifQ%3D%3D\u0026digest=sha256%3A654b93f61054e4ce90ed203bb8d556a6200d5f906cf3eca0620738d6dc18cbed",
      "RequestMethod": "PUT",
      "RequestHeaders": {
        "Accept": "application/json",
        "Authorization": "Sanitized",
        "Content-Length": "0",
        "traceparent": "00-1322c26b2d2c1a269a76bafd1bb21422-9b3dfc9f367474fe-00",
        "User-Agent": "azsdk-net-Containers.ContainerRegistry/1.1.0-alpha.20221111.1 (.NET 6.0.11; Microsoft Windows 10.0.22621)",
        "x-ms-client-request-id": "974e6e7b13335bf443cd58d83daf80f1",
        "x-ms-return-client-request-id": "true"
      },
      "RequestBody": null,
      "StatusCode": 201,
      "ResponseHeaders": {
        "Access-Control-Expose-Headers": [
          "Docker-Content-Digest",
          "WWW-Authenticate",
          "Link",
          "X-Ms-Correlation-Request-Id"
        ],
        "Connection": "keep-alive",
        "Content-Length": "0",
        "Date": "Fri, 11 Nov 2022 19:16:40 GMT",
        "Docker-Content-Digest": "sha256:654b93f61054e4ce90ed203bb8d556a6200d5f906cf3eca0620738d6dc18cbed",
        "Docker-Distribution-Api-Version": "registry/2.0",
        "Location": "/v2/oci-artifact/blobs/sha256:654b93f61054e4ce90ed203bb8d556a6200d5f906cf3eca0620738d6dc18cbed",
        "Server": "openresty",
        "Strict-Transport-Security": [
          "max-age=31536000; includeSubDomains",
          "max-age=31536000; includeSubDomains"
        ],
        "X-Content-Type-Options": "nosniff",
        "X-Ms-Client-Request-Id": "974e6e7b13335bf443cd58d83daf80f1",
        "X-Ms-Correlation-Request-Id": "d3387e51-a1e2-44f7-a739-08b6aaa7fa3e",
        "X-Ms-Request-Id": "daf7f7ec-2600-4332-be5a-46f53d9cdf8e"
      },
      "ResponseBody": null
    },
    {
      "RequestUri": "https://annelocontainerregistry.azurecr.io/v2/oci-artifact/manifests/sha256%3Ae2fffb656966c98a0b7712672e996a58327eff7705fb3d8d9581fc16ef412d13",
      "RequestMethod": "PUT",
      "RequestHeaders": {
        "Accept": "application/json",
        "Content-Length": "399",
        "Content-Type": "application/vnd.oci.image.manifest.v1\u002Bjson",
        "traceparent": "00-a03453de88be5c868d35e06911084a6f-6848b3be5a302ba5-00",
        "User-Agent": "azsdk-net-Containers.ContainerRegistry/1.1.0-alpha.20221111.1 (.NET 6.0.11; Microsoft Windows 10.0.22621)",
        "x-ms-client-request-id": "e387a401a3b9b401b291739bdae2348a",
        "x-ms-return-client-request-id": "true"
      },
      "RequestBody": {
        "config": {
          "mediaType": "application/vnd.acme.rocket.config",
          "size": 171,
          "digest": "sha256:d25b42d3dbad5361ed2d909624d899e7254a822c9a632b582ebd3a44f9b0dbc8"
        },
        "layers": [
          {
            "mediaType": "application/vnd.oci.image.layer.v1.tar",
            "size": 28,
            "digest": "sha256:654b93f61054e4ce90ed203bb8d556a6200d5f906cf3eca0620738d6dc18cbed",
            "annotations": {
              "org.opencontainers.image.ref.name": "artifact.txt"
            }
          }
        ],
        "schemaVersion": 2
      },
      "StatusCode": 401,
      "ResponseHeaders": {
        "Access-Control-Expose-Headers": [
          "Docker-Content-Digest",
          "WWW-Authenticate",
          "Link",
          "X-Ms-Correlation-Request-Id"
        ],
        "Connection": "keep-alive",
        "Content-Length": "266",
        "Content-Type": "application/json; charset=utf-8",
        "Date": "Fri, 11 Nov 2022 19:16:40 GMT",
        "Docker-Distribution-Api-Version": "registry/2.0",
        "Server": "openresty",
        "Strict-Transport-Security": [
          "max-age=31536000; includeSubDomains",
          "max-age=31536000; includeSubDomains"
        ],
        "WWW-Authenticate": "Bearer realm=\u0022https://annelocontainerregistry.azurecr.io/oauth2/token\u0022,service=\u0022annelocontainerregistry.azurecr.io\u0022,scope=\u0022repository:oci-artifact:pull,push\u0022",
        "X-Content-Type-Options": "nosniff",
        "X-Ms-Correlation-Request-Id": "7d209704-bf46-4fa6-be49-0874bee18a88"
      },
      "ResponseBody": {
        "errors": [
          {
            "code": "UNAUTHORIZED",
            "message": "authentication required, visit https://aka.ms/acr/authorization for more information.",
            "detail": [
              {
                "Type": "repository",
                "Name": "oci-artifact",
                "Action": "pull"
              },
              {
                "Type": "repository",
                "Name": "oci-artifact",
                "Action": "push"
              }
            ]
          }
        ]
      }
    },
    {
      "RequestUri": "https://annelocontainerregistry.azurecr.io/oauth2/token?api-version=2021-07-01",
      "RequestMethod": "POST",
      "RequestHeaders": {
        "Accept": "application/json",
        "Content-Length": "137",
        "Content-Type": "application/x-www-form-urlencoded",
        "traceparent": "00-a03453de88be5c868d35e06911084a6f-fdd286a815e477e7-00",
        "User-Agent": "azsdk-net-Containers.ContainerRegistry/1.1.0-alpha.20221111.1 (.NET 6.0.11; Microsoft Windows 10.0.22621)",
        "x-ms-client-request-id": "cbd871ac6e186147b3dbecdedd35de26",
        "x-ms-return-client-request-id": "true"
      },
      "RequestBody": "service=annelocontainerregistry.azurecr.io\u0026scope=repository%3Aoci-artifact%3Apull%2Cpush\u0026refresh_token=Sanitized\u0026grant_type=refresh_token",
      "StatusCode": 200,
      "ResponseHeaders": {
        "Connection": "keep-alive",
        "Content-Type": "application/json; charset=utf-8",
        "Date": "Fri, 11 Nov 2022 19:16:40 GMT",
        "Server": "openresty",
        "Strict-Transport-Security": "max-age=31536000; includeSubDomains",
        "Transfer-Encoding": "chunked",
        "X-Ms-Correlation-Request-Id": "af2dffdb-7580-4116-b17c-10cc57f7a56d",
        "x-ms-ratelimit-remaining-calls-per-second": "166.45"
      },
      "ResponseBody": {
        "access_token": "Sanitized"
      }
    },
    {
      "RequestUri": "https://annelocontainerregistry.azurecr.io/v2/oci-artifact/manifests/sha256%3Ae2fffb656966c98a0b7712672e996a58327eff7705fb3d8d9581fc16ef412d13",
      "RequestMethod": "PUT",
      "RequestHeaders": {
        "Accept": "application/json",
        "Authorization": "Sanitized",
        "Content-Length": "399",
        "Content-Type": "application/vnd.oci.image.manifest.v1\u002Bjson",
        "traceparent": "00-a03453de88be5c868d35e06911084a6f-6848b3be5a302ba5-00",
        "User-Agent": "azsdk-net-Containers.ContainerRegistry/1.1.0-alpha.20221111.1 (.NET 6.0.11; Microsoft Windows 10.0.22621)",
        "x-ms-client-request-id": "e387a401a3b9b401b291739bdae2348a",
        "x-ms-return-client-request-id": "true"
      },
      "RequestBody": {
        "config": {
          "mediaType": "application/vnd.acme.rocket.config",
          "size": 171,
          "digest": "sha256:d25b42d3dbad5361ed2d909624d899e7254a822c9a632b582ebd3a44f9b0dbc8"
        },
        "layers": [
          {
            "mediaType": "application/vnd.oci.image.layer.v1.tar",
            "size": 28,
            "digest": "sha256:654b93f61054e4ce90ed203bb8d556a6200d5f906cf3eca0620738d6dc18cbed",
            "annotations": {
              "org.opencontainers.image.ref.name": "artifact.txt"
            }
          }
        ],
        "schemaVersion": 2
      },
      "StatusCode": 201,
      "ResponseHeaders": {
        "Access-Control-Expose-Headers": [
          "Docker-Content-Digest",
          "WWW-Authenticate",
          "Link",
          "X-Ms-Correlation-Request-Id"
        ],
        "Connection": "keep-alive",
        "Content-Length": "0",
        "Date": "Fri, 11 Nov 2022 19:16:40 GMT",
        "Docker-Content-Digest": "sha256:e2fffb656966c98a0b7712672e996a58327eff7705fb3d8d9581fc16ef412d13",
        "Docker-Distribution-Api-Version": "registry/2.0",
        "Location": "/v2/oci-artifact/manifests/sha256:e2fffb656966c98a0b7712672e996a58327eff7705fb3d8d9581fc16ef412d13",
        "Server": "openresty",
        "Strict-Transport-Security": [
          "max-age=31536000; includeSubDomains",
          "max-age=31536000; includeSubDomains"
        ],
        "X-Content-Type-Options": "nosniff",
        "X-Ms-Client-Request-Id": "e387a401a3b9b401b291739bdae2348a",
        "X-Ms-Correlation-Request-Id": "141d648c-8d8f-4c7e-b2b1-a38707de32f6",
        "X-Ms-Request-Id": "c447bdd5-5e48-44ea-9752-588c08ce1dff"
      },
      "ResponseBody": null
    },
    {
      "RequestUri": "https://annelocontainerregistry.azurecr.io/v2/oci-artifact/manifests/sha256%3Ae2fffb656966c98a0b7712672e996a58327eff7705fb3d8d9581fc16ef412d13",
      "RequestMethod": "GET",
      "RequestHeaders": {
        "Accept": "application/vnd.oci.image.manifest.v1\u002Bjson, application/json",
        "traceparent": "00-09b6a9b8401ab64a931bf20bd47c3c44-f1c24e6a83b4727f-00",
        "User-Agent": "azsdk-net-Containers.ContainerRegistry/1.1.0-alpha.20221111.1 (.NET 6.0.11; Microsoft Windows 10.0.22621)",
        "x-ms-client-request-id": "99d6a0759d289e37fb288ebfa61f98c8",
        "x-ms-return-client-request-id": "true"
      },
      "RequestBody": null,
      "StatusCode": 401,
      "ResponseHeaders": {
        "Access-Control-Expose-Headers": [
          "Docker-Content-Digest",
          "WWW-Authenticate",
          "Link",
          "X-Ms-Correlation-Request-Id"
        ],
        "Connection": "keep-alive",
        "Content-Length": "206",
        "Content-Type": "application/json; charset=utf-8",
        "Date": "Fri, 11 Nov 2022 19:16:40 GMT",
        "Docker-Distribution-Api-Version": "registry/2.0",
        "Server": "openresty",
        "Strict-Transport-Security": [
          "max-age=31536000; includeSubDomains",
          "max-age=31536000; includeSubDomains"
        ],
        "WWW-Authenticate": "Bearer realm=\u0022https://annelocontainerregistry.azurecr.io/oauth2/token\u0022,service=\u0022annelocontainerregistry.azurecr.io\u0022,scope=\u0022repository:oci-artifact:pull\u0022",
        "X-Content-Type-Options": "nosniff",
        "X-Ms-Correlation-Request-Id": "0759a9a5-c773-47b8-90c3-b77833e60a0d"
      },
      "ResponseBody": {
        "errors": [
          {
            "code": "UNAUTHORIZED",
            "message": "authentication required, visit https://aka.ms/acr/authorization for more information.",
            "detail": [
              {
                "Type": "repository",
                "Name": "oci-artifact",
                "Action": "pull"
              }
            ]
          }
        ]
      }
    },
    {
      "RequestUri": "https://annelocontainerregistry.azurecr.io/oauth2/token?api-version=2021-07-01",
      "RequestMethod": "POST",
      "RequestHeaders": {
        "Accept": "application/json",
        "Content-Length": "130",
        "Content-Type": "application/x-www-form-urlencoded",
        "traceparent": "00-09b6a9b8401ab64a931bf20bd47c3c44-2650e2ab3dcda832-00",
        "User-Agent": "azsdk-net-Containers.ContainerRegistry/1.1.0-alpha.20221111.1 (.NET 6.0.11; Microsoft Windows 10.0.22621)",
        "x-ms-client-request-id": "0b12ab218c44939f5d252fdeb723d77c",
        "x-ms-return-client-request-id": "true"
      },
      "RequestBody": "service=annelocontainerregistry.azurecr.io\u0026scope=repository%3Aoci-artifact%3Apull\u0026refresh_token=Sanitized\u0026grant_type=refresh_token",
      "StatusCode": 200,
      "ResponseHeaders": {
        "Connection": "keep-alive",
        "Content-Type": "application/json; charset=utf-8",
        "Date": "Fri, 11 Nov 2022 19:16:40 GMT",
        "Server": "openresty",
        "Strict-Transport-Security": "max-age=31536000; includeSubDomains",
        "Transfer-Encoding": "chunked",
        "X-Ms-Correlation-Request-Id": "833037b1-7095-48ac-a1b7-7a0ebed9e212",
        "x-ms-ratelimit-remaining-calls-per-second": "166.433333"
      },
      "ResponseBody": {
        "access_token": "Sanitized"
      }
    },
    {
      "RequestUri": "https://annelocontainerregistry.azurecr.io/v2/oci-artifact/manifests/sha256%3Ae2fffb656966c98a0b7712672e996a58327eff7705fb3d8d9581fc16ef412d13",
      "RequestMethod": "GET",
      "RequestHeaders": {
        "Accept": "application/vnd.oci.image.manifest.v1\u002Bjson, application/json",
        "Authorization": "Sanitized",
        "traceparent": "00-09b6a9b8401ab64a931bf20bd47c3c44-f1c24e6a83b4727f-00",
        "User-Agent": "azsdk-net-Containers.ContainerRegistry/1.1.0-alpha.20221111.1 (.NET 6.0.11; Microsoft Windows 10.0.22621)",
        "x-ms-client-request-id": "99d6a0759d289e37fb288ebfa61f98c8",
        "x-ms-return-client-request-id": "true"
      },
      "RequestBody": null,
      "StatusCode": 200,
      "ResponseHeaders": {
        "Access-Control-Expose-Headers": [
          "Docker-Content-Digest",
          "WWW-Authenticate",
          "Link",
          "X-Ms-Correlation-Request-Id"
        ],
        "Connection": "keep-alive",
        "Content-Length": "399",
        "Content-Type": "application/vnd.oci.image.manifest.v1\u002Bjson",
        "Date": "Fri, 11 Nov 2022 19:16:40 GMT",
        "Docker-Content-Digest": "sha256:e2fffb656966c98a0b7712672e996a58327eff7705fb3d8d9581fc16ef412d13",
        "Docker-Distribution-Api-Version": "registry/2.0",
        "ETag": "\u0022sha256:e2fffb656966c98a0b7712672e996a58327eff7705fb3d8d9581fc16ef412d13\u0022",
        "Server": "openresty",
        "Strict-Transport-Security": [
          "max-age=31536000; includeSubDomains",
          "max-age=31536000; includeSubDomains"
        ],
        "X-Content-Type-Options": "nosniff",
        "X-Ms-Client-Request-Id": "99d6a0759d289e37fb288ebfa61f98c8",
        "X-Ms-Correlation-Request-Id": "b6cf4e2f-8709-48ff-8f08-19868fbba98d",
        "X-Ms-Request-Id": "0f640df9-cc53-45fa-a5ef-6eddb900939b"
      },
      "ResponseBody": {
        "config": {
          "mediaType": "application/vnd.acme.rocket.config",
          "size": 171,
          "digest": "sha256:d25b42d3dbad5361ed2d909624d899e7254a822c9a632b582ebd3a44f9b0dbc8"
        },
        "layers": [
          {
            "mediaType": "application/vnd.oci.image.layer.v1.tar",
            "size": 28,
            "digest": "sha256:654b93f61054e4ce90ed203bb8d556a6200d5f906cf3eca0620738d6dc18cbed",
            "annotations": {
              "org.opencontainers.image.ref.name": "artifact.txt"
            }
          }
        ],
        "schemaVersion": 2
      }
    },
    {
      "RequestUri": "https://annelocontainerregistry.azurecr.io/v2/oci-artifact/manifests/sha256%3Ae2fffb656966c98a0b7712672e996a58327eff7705fb3d8d9581fc16ef412d13",
      "RequestMethod": "DELETE",
      "RequestHeaders": {
        "Accept": "application/json",
        "traceparent": "00-41fd4f9d3e51902adc21012b3037d87d-94823ba12de52afa-00",
        "User-Agent": "azsdk-net-Containers.ContainerRegistry/1.1.0-alpha.20221111.1 (.NET 6.0.11; Microsoft Windows 10.0.22621)",
        "x-ms-client-request-id": "3a254db39a0b0f623a39d0efe087ba94",
        "x-ms-return-client-request-id": "true"
      },
      "RequestBody": null,
      "StatusCode": 401,
      "ResponseHeaders": {
        "Access-Control-Expose-Headers": [
          "Docker-Content-Digest",
          "WWW-Authenticate",
          "Link",
          "X-Ms-Correlation-Request-Id"
        ],
        "Connection": "keep-alive",
        "Content-Length": "208",
        "Content-Type": "application/json; charset=utf-8",
        "Date": "Fri, 11 Nov 2022 19:16:40 GMT",
        "Docker-Distribution-Api-Version": "registry/2.0",
        "Server": "openresty",
        "Strict-Transport-Security": [
          "max-age=31536000; includeSubDomains",
          "max-age=31536000; includeSubDomains"
        ],
        "WWW-Authenticate": "Bearer realm=\u0022https://annelocontainerregistry.azurecr.io/oauth2/token\u0022,service=\u0022annelocontainerregistry.azurecr.io\u0022,scope=\u0022repository:oci-artifact:delete\u0022",
        "X-Content-Type-Options": "nosniff",
        "X-Ms-Correlation-Request-Id": "68f05dec-e588-4efd-9062-f4402b50cc6b"
      },
      "ResponseBody": {
        "errors": [
          {
            "code": "UNAUTHORIZED",
            "message": "authentication required, visit https://aka.ms/acr/authorization for more information.",
            "detail": [
              {
                "Type": "repository",
                "Name": "oci-artifact",
                "Action": "delete"
              }
            ]
          }
        ]
      }
    },
    {
      "RequestUri": "https://annelocontainerregistry.azurecr.io/oauth2/token?api-version=2021-07-01",
      "RequestMethod": "POST",
      "RequestHeaders": {
        "Accept": "application/json",
        "Content-Length": "132",
        "Content-Type": "application/x-www-form-urlencoded",
        "traceparent": "00-41fd4f9d3e51902adc21012b3037d87d-244ac46ea6f40521-00",
        "User-Agent": "azsdk-net-Containers.ContainerRegistry/1.1.0-alpha.20221111.1 (.NET 6.0.11; Microsoft Windows 10.0.22621)",
        "x-ms-client-request-id": "31bc2342d323e9e100433b026d59e7d7",
        "x-ms-return-client-request-id": "true"
      },
      "RequestBody": "service=annelocontainerregistry.azurecr.io\u0026scope=repository%3Aoci-artifact%3Adelete\u0026refresh_token=Sanitized\u0026grant_type=refresh_token",
      "StatusCode": 200,
      "ResponseHeaders": {
        "Connection": "keep-alive",
        "Content-Type": "application/json; charset=utf-8",
        "Date": "Fri, 11 Nov 2022 19:16:41 GMT",
        "Server": "openresty",
        "Strict-Transport-Security": "max-age=31536000; includeSubDomains",
        "Transfer-Encoding": "chunked",
        "X-Ms-Correlation-Request-Id": "a3a7c728-33a2-40de-a532-f5bb41a25e7d",
        "x-ms-ratelimit-remaining-calls-per-second": "166.416667"
      },
      "ResponseBody": {
        "access_token": "Sanitized"
      }
    },
    {
      "RequestUri": "https://annelocontainerregistry.azurecr.io/v2/oci-artifact/manifests/sha256%3Ae2fffb656966c98a0b7712672e996a58327eff7705fb3d8d9581fc16ef412d13",
      "RequestMethod": "DELETE",
      "RequestHeaders": {
        "Accept": "application/json",
        "Authorization": "Sanitized",
        "traceparent": "00-41fd4f9d3e51902adc21012b3037d87d-94823ba12de52afa-00",
        "User-Agent": "azsdk-net-Containers.ContainerRegistry/1.1.0-alpha.20221111.1 (.NET 6.0.11; Microsoft Windows 10.0.22621)",
        "x-ms-client-request-id": "3a254db39a0b0f623a39d0efe087ba94",
        "x-ms-return-client-request-id": "true"
      },
      "RequestBody": null,
      "StatusCode": 202,
      "ResponseHeaders": {
        "Access-Control-Expose-Headers": [
          "Docker-Content-Digest",
          "WWW-Authenticate",
          "Link",
          "X-Ms-Correlation-Request-Id"
        ],
        "Connection": "keep-alive",
        "Content-Length": "0",
        "Date": "Fri, 11 Nov 2022 19:16:41 GMT",
        "Docker-Distribution-Api-Version": "registry/2.0",
        "Server": "openresty",
        "Strict-Transport-Security": [
          "max-age=31536000; includeSubDomains",
          "max-age=31536000; includeSubDomains"
        ],
        "X-Content-Type-Options": "nosniff",
        "X-Ms-Client-Request-Id": "3a254db39a0b0f623a39d0efe087ba94",
        "X-Ms-Correlation-Request-Id": "c0a81729-a65d-480d-af9e-e98c36486d69",
        "X-Ms-Ratelimit-Remaining-Calls-Per-Second": "8.000000",
        "X-Ms-Request-Id": "8bb3e6c0-1831-40b1-8e32-bbfe56f5479e"
      },
      "ResponseBody": null
    }
  ],
  "Variables": {
    "AZURE_AUTHORITY_HOST": "https://login.microsoftonline.com/",
    "CONTAINERREGISTRY_ENDPOINT": "https://annelocontainerregistry.azurecr.io",
    "RandomSeed": "438060532"
  }
}
