{
  "Entries": [
    {
      "RequestUri": "https://annelocontainerregistry.azurecr.io/v2/oci-artifact/blobs/uploads/",
      "RequestMethod": "POST",
      "RequestHeaders": {
        "Accept": "application/json",
        "Content-Length": "0",
        "traceparent": "00-4ac62c1d456551c6797d73dd15004eb6-c777f2daa06a7427-00",
        "User-Agent": "azsdk-net-Containers.ContainerRegistry/1.1.0-alpha.20221111.1 (.NET 6.0.11; Microsoft Windows 10.0.22621)",
        "x-ms-client-request-id": "5ddc45db83abf281e31a700db9e81094",
        "x-ms-return-client-request-id": "true"
      },
      "RequestBody": null,
      "StatusCode": 401,
      "ResponseHeaders": {
        "Access-Control-Expose-Headers": [
          "Docker-Content-Digest",
          "WWW-Authenticate",
          "Link",
          "X-Ms-Correlation-Request-Id"
        ],
        "Connection": "keep-alive",
        "Content-Length": "266",
        "Content-Type": "application/json; charset=utf-8",
        "Date": "Fri, 11 Nov 2022 19:17:02 GMT",
        "Docker-Distribution-Api-Version": "registry/2.0",
        "Server": "openresty",
        "Strict-Transport-Security": [
          "max-age=31536000; includeSubDomains",
          "max-age=31536000; includeSubDomains"
        ],
        "WWW-Authenticate": "Bearer realm=\u0022https://annelocontainerregistry.azurecr.io/oauth2/token\u0022,service=\u0022annelocontainerregistry.azurecr.io\u0022,scope=\u0022repository:oci-artifact:pull,push\u0022",
        "X-Content-Type-Options": "nosniff",
        "X-Ms-Correlation-Request-Id": "2f1f8b0f-0da8-4cdb-bd94-2c9e522fc723"
      },
      "ResponseBody": {
        "errors": [
          {
            "code": "UNAUTHORIZED",
            "message": "authentication required, visit https://aka.ms/acr/authorization for more information.",
            "detail": [
              {
                "Type": "repository",
                "Name": "oci-artifact",
                "Action": "pull"
              },
              {
                "Type": "repository",
                "Name": "oci-artifact",
                "Action": "push"
              }
            ]
          }
        ]
      }
    },
    {
      "RequestUri": "https://annelocontainerregistry.azurecr.io/oauth2/exchange?api-version=2021-07-01",
      "RequestMethod": "POST",
      "RequestHeaders": {
        "Accept": "application/json",
        "Content-Length": "89",
        "Content-Type": "application/x-www-form-urlencoded",
        "traceparent": "00-4ac62c1d456551c6797d73dd15004eb6-38948c08b3b6e7ab-00",
        "User-Agent": "azsdk-net-Containers.ContainerRegistry/1.1.0-alpha.20221111.1 (.NET 6.0.11; Microsoft Windows 10.0.22621)",
        "x-ms-client-request-id": "11fa1444bb3df997ec5d632006f53123",
        "x-ms-return-client-request-id": "true"
      },
      "RequestBody": "grant_type=access_token\u0026service=annelocontainerregistry.azurecr.io\u0026access_token=Sanitized",
      "StatusCode": 200,
      "ResponseHeaders": {
        "Connection": "keep-alive",
        "Content-Type": "application/json; charset=utf-8",
        "Date": "Fri, 11 Nov 2022 19:17:02 GMT",
        "Server": "openresty",
        "Strict-Transport-Security": "max-age=31536000; includeSubDomains",
        "Transfer-Encoding": "chunked",
        "X-Ms-Correlation-Request-Id": "a5125043-4eff-41f7-ae74-cf2904b63e40",
        "x-ms-ratelimit-remaining-calls-per-second": "165.966667"
      },
      "ResponseBody": {
        "refresh_token": "Sanitized.eyJleHAiOjI2MTQyNzQyMDh9.Sanitized"
      }
    },
    {
      "RequestUri": "https://annelocontainerregistry.azurecr.io/oauth2/token?api-version=2021-07-01",
      "RequestMethod": "POST",
      "RequestHeaders": {
        "Accept": "application/json",
        "Content-Length": "137",
        "Content-Type": "application/x-www-form-urlencoded",
        "traceparent": "00-4ac62c1d456551c6797d73dd15004eb6-e7cd6a79ce1ff3ca-00",
        "User-Agent": "azsdk-net-Containers.ContainerRegistry/1.1.0-alpha.20221111.1 (.NET 6.0.11; Microsoft Windows 10.0.22621)",
        "x-ms-client-request-id": "54bd203707ce27b3ad6cd24191d44655",
        "x-ms-return-client-request-id": "true"
      },
      "RequestBody": "service=annelocontainerregistry.azurecr.io\u0026scope=repository%3Aoci-artifact%3Apull%2Cpush\u0026refresh_token=Sanitized\u0026grant_type=refresh_token",
      "StatusCode": 200,
      "ResponseHeaders": {
        "Connection": "keep-alive",
        "Content-Type": "application/json; charset=utf-8",
        "Date": "Fri, 11 Nov 2022 19:17:02 GMT",
        "Server": "openresty",
        "Strict-Transport-Security": "max-age=31536000; includeSubDomains",
        "Transfer-Encoding": "chunked",
        "X-Ms-Correlation-Request-Id": "fc5e4f81-2b8f-4173-8853-dfa73c4fb88d",
        "x-ms-ratelimit-remaining-calls-per-second": "165.95"
      },
      "ResponseBody": {
        "access_token": "Sanitized"
      }
    },
    {
      "RequestUri": "https://annelocontainerregistry.azurecr.io/v2/oci-artifact/blobs/uploads/",
      "RequestMethod": "POST",
      "RequestHeaders": {
        "Accept": "application/json",
        "Authorization": "Sanitized",
        "Content-Length": "0",
        "traceparent": "00-4ac62c1d456551c6797d73dd15004eb6-c777f2daa06a7427-00",
        "User-Agent": "azsdk-net-Containers.ContainerRegistry/1.1.0-alpha.20221111.1 (.NET 6.0.11; Microsoft Windows 10.0.22621)",
        "x-ms-client-request-id": "5ddc45db83abf281e31a700db9e81094",
        "x-ms-return-client-request-id": "true"
      },
      "RequestBody": null,
      "StatusCode": 202,
      "ResponseHeaders": {
        "Access-Control-Expose-Headers": [
          "Docker-Content-Digest",
          "WWW-Authenticate",
          "Link",
          "X-Ms-Correlation-Request-Id"
        ],
        "Connection": "keep-alive",
        "Content-Length": "0",
        "Date": "Fri, 11 Nov 2022 19:17:03 GMT",
        "Docker-Distribution-Api-Version": "registry/2.0",
        "Docker-Upload-Uuid": "0050cbb1-39cf-4d85-8bd5-8c9579de6277",
        "Location": "/v2/oci-artifact/blobs/uploads/0050cbb1-39cf-4d85-8bd5-8c9579de6277?_nouploadcache=false\u0026_state=41__6pF5lOebRcEzGjNxMBsHo1giyOMm4XdlwNmJWoV7Ik5hbWUiOiJvY2ktYXJ0aWZhY3QiLCJVVUlEIjoiMDA1MGNiYjEtMzljZi00ZDg1LThiZDUtOGM5NTc5ZGU2Mjc3IiwiT2Zmc2V0IjowLCJTdGFydGVkQXQiOiIyMDIyLTExLTExVDE5OjE3OjAyLjk4OTI4NzA2NFoifQ%3D%3D",
        "Range": "0-0",
        "Server": "openresty",
        "Strict-Transport-Security": [
          "max-age=31536000; includeSubDomains",
          "max-age=31536000; includeSubDomains"
        ],
        "X-Content-Type-Options": "nosniff",
        "X-Ms-Client-Request-Id": "5ddc45db83abf281e31a700db9e81094",
        "X-Ms-Correlation-Request-Id": "6cac2ca6-dca4-4d00-9993-2b41ee328598",
        "X-Ms-Request-Id": "557b6342-ba22-4afe-bedc-29367e366400"
      },
      "ResponseBody": null
    },
    {
      "RequestUri": "https://annelocontainerregistry.azurecr.io/v2/oci-artifact/blobs/uploads/0050cbb1-39cf-4d85-8bd5-8c9579de6277?_nouploadcache=false\u0026_state=41__6pF5lOebRcEzGjNxMBsHo1giyOMm4XdlwNmJWoV7Ik5hbWUiOiJvY2ktYXJ0aWZhY3QiLCJVVUlEIjoiMDA1MGNiYjEtMzljZi00ZDg1LThiZDUtOGM5NTc5ZGU2Mjc3IiwiT2Zmc2V0IjowLCJTdGFydGVkQXQiOiIyMDIyLTExLTExVDE5OjE3OjAyLjk4OTI4NzA2NFoifQ%3D%3D",
      "RequestMethod": "PATCH",
      "RequestHeaders": {
        "Accept": "application/json",
        "Content-Length": "171",
        "Content-Type": "application/octet-stream",
        "traceparent": "00-4ac62c1d456551c6797d73dd15004eb6-c9114e34bf656de0-00",
        "User-Agent": "azsdk-net-Containers.ContainerRegistry/1.1.0-alpha.20221111.1 (.NET 6.0.11; Microsoft Windows 10.0.22621)",
        "x-ms-client-request-id": "40731057a57a200aaee3714e2061ebed",
        "x-ms-return-client-request-id": "true"
      },
      "RequestBody": "H4sIAAAAAAAA/\u002BzRwcrCMBAE4Dn/8L9DD551tulmn6dUq4VioUb06VUsORU8aRQx32VzSjYzi2bYt90WKZGkmU2T5HxOZ6lo6lTNPCjUUlFo0q2i4yHUI8hn75l/7kvE/lf1GLq2bsIynMOr37jn4b1/3L\u002BrYv9lWYkDxYkoireE\u002BOP9Xy87bNCjx4ACJwwY0WONf/x9erUsy7IsoVsAAAD//yO/fykACgAA",
      "StatusCode": 401,
      "ResponseHeaders": {
        "Access-Control-Expose-Headers": [
          "Docker-Content-Digest",
          "WWW-Authenticate",
          "Link",
          "X-Ms-Correlation-Request-Id"
        ],
        "Connection": "keep-alive",
        "Content-Length": "266",
        "Content-Type": "application/json; charset=utf-8",
        "Date": "Fri, 11 Nov 2022 19:17:03 GMT",
        "Docker-Distribution-Api-Version": "registry/2.0",
        "Server": "openresty",
        "Strict-Transport-Security": [
          "max-age=31536000; includeSubDomains",
          "max-age=31536000; includeSubDomains"
        ],
        "WWW-Authenticate": "Bearer realm=\u0022https://annelocontainerregistry.azurecr.io/oauth2/token\u0022,service=\u0022annelocontainerregistry.azurecr.io\u0022,scope=\u0022repository:oci-artifact:pull,push\u0022",
        "X-Content-Type-Options": "nosniff",
        "X-Ms-Correlation-Request-Id": "df103bc0-85a1-45bd-a5bd-1c374793c48a"
      },
      "ResponseBody": {
        "errors": [
          {
            "code": "UNAUTHORIZED",
            "message": "authentication required, visit https://aka.ms/acr/authorization for more information.",
            "detail": [
              {
                "Type": "repository",
                "Name": "oci-artifact",
                "Action": "pull"
              },
              {
                "Type": "repository",
                "Name": "oci-artifact",
                "Action": "push"
              }
            ]
          }
        ]
      }
    },
    {
      "RequestUri": "https://annelocontainerregistry.azurecr.io/oauth2/token?api-version=2021-07-01",
      "RequestMethod": "POST",
      "RequestHeaders": {
        "Accept": "application/json",
        "Content-Length": "137",
        "Content-Type": "application/x-www-form-urlencoded",
        "traceparent": "00-4ac62c1d456551c6797d73dd15004eb6-3949596f8e737d19-00",
        "User-Agent": "azsdk-net-Containers.ContainerRegistry/1.1.0-alpha.20221111.1 (.NET 6.0.11; Microsoft Windows 10.0.22621)",
        "x-ms-client-request-id": "99d54de8bb2a3dc561d264d0e8556717",
        "x-ms-return-client-request-id": "true"
      },
      "RequestBody": "service=annelocontainerregistry.azurecr.io\u0026scope=repository%3Aoci-artifact%3Apull%2Cpush\u0026refresh_token=Sanitized\u0026grant_type=refresh_token",
      "StatusCode": 200,
      "ResponseHeaders": {
        "Connection": "keep-alive",
        "Content-Type": "application/json; charset=utf-8",
        "Date": "Fri, 11 Nov 2022 19:17:03 GMT",
        "Server": "openresty",
        "Strict-Transport-Security": "max-age=31536000; includeSubDomains",
        "Transfer-Encoding": "chunked",
        "X-Ms-Correlation-Request-Id": "48e628ca-72e6-4dc7-ba38-465b72182a37",
        "x-ms-ratelimit-remaining-calls-per-second": "165.933333"
      },
      "ResponseBody": {
        "access_token": "Sanitized"
      }
    },
    {
      "RequestUri": "https://annelocontainerregistry.azurecr.io/v2/oci-artifact/blobs/uploads/0050cbb1-39cf-4d85-8bd5-8c9579de6277?_nouploadcache=false\u0026_state=41__6pF5lOebRcEzGjNxMBsHo1giyOMm4XdlwNmJWoV7Ik5hbWUiOiJvY2ktYXJ0aWZhY3QiLCJVVUlEIjoiMDA1MGNiYjEtMzljZi00ZDg1LThiZDUtOGM5NTc5ZGU2Mjc3IiwiT2Zmc2V0IjowLCJTdGFydGVkQXQiOiIyMDIyLTExLTExVDE5OjE3OjAyLjk4OTI4NzA2NFoifQ%3D%3D",
      "RequestMethod": "PATCH",
      "RequestHeaders": {
        "Accept": "application/json",
        "Authorization": "Sanitized",
        "Content-Length": "171",
        "Content-Type": "application/octet-stream",
        "traceparent": "00-4ac62c1d456551c6797d73dd15004eb6-c9114e34bf656de0-00",
        "User-Agent": "azsdk-net-Containers.ContainerRegistry/1.1.0-alpha.20221111.1 (.NET 6.0.11; Microsoft Windows 10.0.22621)",
        "x-ms-client-request-id": "40731057a57a200aaee3714e2061ebed",
        "x-ms-return-client-request-id": "true"
      },
      "RequestBody": "H4sIAAAAAAAA/\u002BzRwcrCMBAE4Dn/8L9DD551tulmn6dUq4VioUb06VUsORU8aRQx32VzSjYzi2bYt90WKZGkmU2T5HxOZ6lo6lTNPCjUUlFo0q2i4yHUI8hn75l/7kvE/lf1GLq2bsIynMOr37jn4b1/3L\u002BrYv9lWYkDxYkoireE\u002BOP9Xy87bNCjx4ACJwwY0WONf/x9erUsy7IsoVsAAAD//yO/fykACgAA",
      "StatusCode": 202,
      "ResponseHeaders": {
        "Access-Control-Expose-Headers": [
          "Docker-Content-Digest",
          "WWW-Authenticate",
          "Link",
          "X-Ms-Correlation-Request-Id"
        ],
        "Connection": "keep-alive",
        "Content-Length": "0",
        "Date": "Fri, 11 Nov 2022 19:17:03 GMT",
        "Docker-Distribution-Api-Version": "registry/2.0",
        "Docker-Upload-Uuid": "0050cbb1-39cf-4d85-8bd5-8c9579de6277",
        "Location": "/v2/oci-artifact/blobs/uploads/0050cbb1-39cf-4d85-8bd5-8c9579de6277?_nouploadcache=false\u0026_state=FvhEV6JhlauBHnYYjhaFt_QbXulF36bPVIf1u39aRCV7Ik5hbWUiOiJvY2ktYXJ0aWZhY3QiLCJVVUlEIjoiMDA1MGNiYjEtMzljZi00ZDg1LThiZDUtOGM5NTc5ZGU2Mjc3IiwiT2Zmc2V0IjoxNzEsIlN0YXJ0ZWRBdCI6IjIwMjItMTEtMTFUMTk6MTc6MDJaIn0%3D",
        "Range": "0-170",
        "Server": "openresty",
        "Strict-Transport-Security": [
          "max-age=31536000; includeSubDomains",
          "max-age=31536000; includeSubDomains"
        ],
        "X-Content-Type-Options": "nosniff",
        "X-Ms-Client-Request-Id": "40731057a57a200aaee3714e2061ebed",
        "X-Ms-Correlation-Request-Id": "7cee85a5-ecf4-446a-a7e3-59995c9a84c6",
        "X-Ms-Request-Id": "4a63c8ef-d5aa-4836-96df-a6358a15cdb8"
      },
      "ResponseBody": null
    },
    {
      "RequestUri": "https://annelocontainerregistry.azurecr.io/v2/oci-artifact/blobs/uploads/0050cbb1-39cf-4d85-8bd5-8c9579de6277?_nouploadcache=false\u0026_state=FvhEV6JhlauBHnYYjhaFt_QbXulF36bPVIf1u39aRCV7Ik5hbWUiOiJvY2ktYXJ0aWZhY3QiLCJVVUlEIjoiMDA1MGNiYjEtMzljZi00ZDg1LThiZDUtOGM5NTc5ZGU2Mjc3IiwiT2Zmc2V0IjoxNzEsIlN0YXJ0ZWRBdCI6IjIwMjItMTEtMTFUMTk6MTc6MDJaIn0%3D\u0026digest=sha256%3Ad25b42d3dbad5361ed2d909624d899e7254a822c9a632b582ebd3a44f9b0dbc8",
      "RequestMethod": "PUT",
      "RequestHeaders": {
        "Accept": "application/json",
        "Content-Length": "0",
        "traceparent": "00-4ac62c1d456551c6797d73dd15004eb6-c4b12a91c0a0940f-00",
        "User-Agent": "azsdk-net-Containers.ContainerRegistry/1.1.0-alpha.20221111.1 (.NET 6.0.11; Microsoft Windows 10.0.22621)",
        "x-ms-client-request-id": "f6c80e16f08291a8159da6eb9565074b",
        "x-ms-return-client-request-id": "true"
      },
      "RequestBody": null,
      "StatusCode": 401,
      "ResponseHeaders": {
        "Access-Control-Expose-Headers": [
          "Docker-Content-Digest",
          "WWW-Authenticate",
          "Link",
          "X-Ms-Correlation-Request-Id"
        ],
        "Connection": "keep-alive",
        "Content-Length": "266",
        "Content-Type": "application/json; charset=utf-8",
        "Date": "Fri, 11 Nov 2022 19:17:03 GMT",
        "Docker-Distribution-Api-Version": "registry/2.0",
        "Server": "openresty",
        "Strict-Transport-Security": [
          "max-age=31536000; includeSubDomains",
          "max-age=31536000; includeSubDomains"
        ],
        "WWW-Authenticate": "Bearer realm=\u0022https://annelocontainerregistry.azurecr.io/oauth2/token\u0022,service=\u0022annelocontainerregistry.azurecr.io\u0022,scope=\u0022repository:oci-artifact:pull,push\u0022",
        "X-Content-Type-Options": "nosniff",
        "X-Ms-Correlation-Request-Id": "24ba700e-0e36-4c53-ab18-4db5c85098ad"
      },
      "ResponseBody": {
        "errors": [
          {
            "code": "UNAUTHORIZED",
            "message": "authentication required, visit https://aka.ms/acr/authorization for more information.",
            "detail": [
              {
                "Type": "repository",
                "Name": "oci-artifact",
                "Action": "pull"
              },
              {
                "Type": "repository",
                "Name": "oci-artifact",
                "Action": "push"
              }
            ]
          }
        ]
      }
    },
    {
      "RequestUri": "https://annelocontainerregistry.azurecr.io/oauth2/token?api-version=2021-07-01",
      "RequestMethod": "POST",
      "RequestHeaders": {
        "Accept": "application/json",
        "Content-Length": "137",
        "Content-Type": "application/x-www-form-urlencoded",
        "traceparent": "00-4ac62c1d456551c6797d73dd15004eb6-f14d19286a5f73f8-00",
        "User-Agent": "azsdk-net-Containers.ContainerRegistry/1.1.0-alpha.20221111.1 (.NET 6.0.11; Microsoft Windows 10.0.22621)",
        "x-ms-client-request-id": "4458e580adfe9c2a4a36dfa8413a3758",
        "x-ms-return-client-request-id": "true"
      },
      "RequestBody": "service=annelocontainerregistry.azurecr.io\u0026scope=repository%3Aoci-artifact%3Apull%2Cpush\u0026refresh_token=Sanitized\u0026grant_type=refresh_token",
      "StatusCode": 200,
      "ResponseHeaders": {
        "Connection": "keep-alive",
        "Content-Type": "application/json; charset=utf-8",
        "Date": "Fri, 11 Nov 2022 19:17:03 GMT",
        "Server": "openresty",
        "Strict-Transport-Security": "max-age=31536000; includeSubDomains",
        "Transfer-Encoding": "chunked",
        "X-Ms-Correlation-Request-Id": "960acb62-c898-4083-8d87-d5b2cbab5ab1",
        "x-ms-ratelimit-remaining-calls-per-second": "165.916667"
      },
      "ResponseBody": {
        "access_token": "Sanitized"
      }
    },
    {
      "RequestUri": "https://annelocontainerregistry.azurecr.io/v2/oci-artifact/blobs/uploads/0050cbb1-39cf-4d85-8bd5-8c9579de6277?_nouploadcache=false\u0026_state=FvhEV6JhlauBHnYYjhaFt_QbXulF36bPVIf1u39aRCV7Ik5hbWUiOiJvY2ktYXJ0aWZhY3QiLCJVVUlEIjoiMDA1MGNiYjEtMzljZi00ZDg1LThiZDUtOGM5NTc5ZGU2Mjc3IiwiT2Zmc2V0IjoxNzEsIlN0YXJ0ZWRBdCI6IjIwMjItMTEtMTFUMTk6MTc6MDJaIn0%3D\u0026digest=sha256%3Ad25b42d3dbad5361ed2d909624d899e7254a822c9a632b582ebd3a44f9b0dbc8",
      "RequestMethod": "PUT",
      "RequestHeaders": {
        "Accept": "application/json",
        "Authorization": "Sanitized",
        "Content-Length": "0",
        "traceparent": "00-4ac62c1d456551c6797d73dd15004eb6-c4b12a91c0a0940f-00",
        "User-Agent": "azsdk-net-Containers.ContainerRegistry/1.1.0-alpha.20221111.1 (.NET 6.0.11; Microsoft Windows 10.0.22621)",
        "x-ms-client-request-id": "f6c80e16f08291a8159da6eb9565074b",
        "x-ms-return-client-request-id": "true"
      },
      "RequestBody": null,
      "StatusCode": 201,
      "ResponseHeaders": {
        "Access-Control-Expose-Headers": [
          "Docker-Content-Digest",
          "WWW-Authenticate",
          "Link",
          "X-Ms-Correlation-Request-Id"
        ],
        "Connection": "keep-alive",
        "Content-Length": "0",
        "Date": "Fri, 11 Nov 2022 19:17:03 GMT",
        "Docker-Content-Digest": "sha256:d25b42d3dbad5361ed2d909624d899e7254a822c9a632b582ebd3a44f9b0dbc8",
        "Docker-Distribution-Api-Version": "registry/2.0",
        "Location": "/v2/oci-artifact/blobs/sha256:d25b42d3dbad5361ed2d909624d899e7254a822c9a632b582ebd3a44f9b0dbc8",
        "Server": "openresty",
        "Strict-Transport-Security": [
          "max-age=31536000; includeSubDomains",
          "max-age=31536000; includeSubDomains"
        ],
        "X-Content-Type-Options": "nosniff",
        "X-Ms-Client-Request-Id": "f6c80e16f08291a8159da6eb9565074b",
        "X-Ms-Correlation-Request-Id": "63b20798-32d3-457d-ba82-9b3bf27ae562",
        "X-Ms-Request-Id": "46b997bc-735e-4661-b10c-6dcacdb46f41"
      },
      "ResponseBody": null
    },
    {
      "RequestUri": "https://annelocontainerregistry.azurecr.io/v2/oci-artifact/blobs/uploads/",
      "RequestMethod": "POST",
      "RequestHeaders": {
        "Accept": "application/json",
        "Content-Length": "0",
        "traceparent": "00-7f18faca5fbd620928ee1f6e36a87b77-041e70975a1e1ce7-00",
        "User-Agent": "azsdk-net-Containers.ContainerRegistry/1.1.0-alpha.20221111.1 (.NET 6.0.11; Microsoft Windows 10.0.22621)",
        "x-ms-client-request-id": "1237597cf598f86ba444848d14daa7fc",
        "x-ms-return-client-request-id": "true"
      },
      "RequestBody": null,
      "StatusCode": 401,
      "ResponseHeaders": {
        "Access-Control-Expose-Headers": [
          "Docker-Content-Digest",
          "WWW-Authenticate",
          "Link",
          "X-Ms-Correlation-Request-Id"
        ],
        "Connection": "keep-alive",
        "Content-Length": "266",
        "Content-Type": "application/json; charset=utf-8",
        "Date": "Fri, 11 Nov 2022 19:17:03 GMT",
        "Docker-Distribution-Api-Version": "registry/2.0",
        "Server": "openresty",
        "Strict-Transport-Security": [
          "max-age=31536000; includeSubDomains",
          "max-age=31536000; includeSubDomains"
        ],
        "WWW-Authenticate": "Bearer realm=\u0022https://annelocontainerregistry.azurecr.io/oauth2/token\u0022,service=\u0022annelocontainerregistry.azurecr.io\u0022,scope=\u0022repository:oci-artifact:pull,push\u0022",
        "X-Content-Type-Options": "nosniff",
        "X-Ms-Correlation-Request-Id": "9f45396c-6911-4f9d-875e-ac50ea977de7"
      },
      "ResponseBody": {
        "errors": [
          {
            "code": "UNAUTHORIZED",
            "message": "authentication required, visit https://aka.ms/acr/authorization for more information.",
            "detail": [
              {
                "Type": "repository",
                "Name": "oci-artifact",
                "Action": "pull"
              },
              {
                "Type": "repository",
                "Name": "oci-artifact",
                "Action": "push"
              }
            ]
          }
        ]
      }
    },
    {
      "RequestUri": "https://annelocontainerregistry.azurecr.io/oauth2/token?api-version=2021-07-01",
      "RequestMethod": "POST",
      "RequestHeaders": {
        "Accept": "application/json",
        "Content-Length": "137",
        "Content-Type": "application/x-www-form-urlencoded",
        "traceparent": "00-7f18faca5fbd620928ee1f6e36a87b77-36ce45bdd6a0159d-00",
        "User-Agent": "azsdk-net-Containers.ContainerRegistry/1.1.0-alpha.20221111.1 (.NET 6.0.11; Microsoft Windows 10.0.22621)",
        "x-ms-client-request-id": "034f18ca22fd6918e32bab4b100050da",
        "x-ms-return-client-request-id": "true"
      },
      "RequestBody": "service=annelocontainerregistry.azurecr.io\u0026scope=repository%3Aoci-artifact%3Apull%2Cpush\u0026refresh_token=Sanitized\u0026grant_type=refresh_token",
      "StatusCode": 200,
      "ResponseHeaders": {
        "Connection": "keep-alive",
        "Content-Type": "application/json; charset=utf-8",
        "Date": "Fri, 11 Nov 2022 19:17:03 GMT",
        "Server": "openresty",
        "Strict-Transport-Security": "max-age=31536000; includeSubDomains",
        "Transfer-Encoding": "chunked",
        "X-Ms-Correlation-Request-Id": "62acbfba-7b5c-4f56-9efc-89c4f67f2401",
        "x-ms-ratelimit-remaining-calls-per-second": "165.9"
      },
      "ResponseBody": {
        "access_token": "Sanitized"
      }
    },
    {
      "RequestUri": "https://annelocontainerregistry.azurecr.io/v2/oci-artifact/blobs/uploads/",
      "RequestMethod": "POST",
      "RequestHeaders": {
        "Accept": "application/json",
        "Authorization": "Sanitized",
        "Content-Length": "0",
        "traceparent": "00-7f18faca5fbd620928ee1f6e36a87b77-041e70975a1e1ce7-00",
        "User-Agent": "azsdk-net-Containers.ContainerRegistry/1.1.0-alpha.20221111.1 (.NET 6.0.11; Microsoft Windows 10.0.22621)",
        "x-ms-client-request-id": "1237597cf598f86ba444848d14daa7fc",
        "x-ms-return-client-request-id": "true"
      },
      "RequestBody": null,
      "StatusCode": 202,
      "ResponseHeaders": {
        "Access-Control-Expose-Headers": [
          "Docker-Content-Digest",
          "WWW-Authenticate",
          "Link",
          "X-Ms-Correlation-Request-Id"
        ],
        "Connection": "keep-alive",
        "Content-Length": "0",
        "Date": "Fri, 11 Nov 2022 19:17:03 GMT",
        "Docker-Distribution-Api-Version": "registry/2.0",
        "Docker-Upload-Uuid": "2623ce02-e72e-4bd4-9f06-e2722b7e1686",
        "Location": "/v2/oci-artifact/blobs/uploads/2623ce02-e72e-4bd4-9f06-e2722b7e1686?_nouploadcache=false\u0026_state=Q1Sse218nFBPXoUzmP0CXnvsLls0dtyV0fTr313N0iR7Ik5hbWUiOiJvY2ktYXJ0aWZhY3QiLCJVVUlEIjoiMjYyM2NlMDItZTcyZS00YmQ0LTlmMDYtZTI3MjJiN2UxNjg2IiwiT2Zmc2V0IjowLCJTdGFydGVkQXQiOiIyMDIyLTExLTExVDE5OjE3OjAzLjUyNDQ1MDk5N1oifQ%3D%3D",
        "Range": "0-0",
        "Server": "openresty",
        "Strict-Transport-Security": [
          "max-age=31536000; includeSubDomains",
          "max-age=31536000; includeSubDomains"
        ],
        "X-Content-Type-Options": "nosniff",
        "X-Ms-Client-Request-Id": "1237597cf598f86ba444848d14daa7fc",
        "X-Ms-Correlation-Request-Id": "88477cb4-8f1d-45bb-a1f4-edf8cf2e04f0",
        "X-Ms-Request-Id": "b84979b1-a0ae-4f05-b7fd-9052eb794193"
      },
      "ResponseBody": null
    },
    {
      "RequestUri": "https://annelocontainerregistry.azurecr.io/v2/oci-artifact/blobs/uploads/2623ce02-e72e-4bd4-9f06-e2722b7e1686?_nouploadcache=false\u0026_state=Q1Sse218nFBPXoUzmP0CXnvsLls0dtyV0fTr313N0iR7Ik5hbWUiOiJvY2ktYXJ0aWZhY3QiLCJVVUlEIjoiMjYyM2NlMDItZTcyZS00YmQ0LTlmMDYtZTI3MjJiN2UxNjg2IiwiT2Zmc2V0IjowLCJTdGFydGVkQXQiOiIyMDIyLTExLTExVDE5OjE3OjAzLjUyNDQ1MDk5N1oifQ%3D%3D",
      "RequestMethod": "PATCH",
      "RequestHeaders": {
        "Accept": "application/json",
        "Content-Length": "28",
        "Content-Type": "application/octet-stream",
        "traceparent": "00-7f18faca5fbd620928ee1f6e36a87b77-3c9222cedb2c9bf2-00",
        "User-Agent": "azsdk-net-Containers.ContainerRegistry/1.1.0-alpha.20221111.1 (.NET 6.0.11; Microsoft Windows 10.0.22621)",
        "x-ms-client-request-id": "3b6f4e65f52e8bb37a60a0ba299d8870",
        "x-ms-return-client-request-id": "true"
      },
      "RequestBody": "//5oAGUAbABsAG8AIAB3AG8AcgBsAGQADQAKAA==",
      "StatusCode": 401,
      "ResponseHeaders": {
        "Access-Control-Expose-Headers": [
          "Docker-Content-Digest",
          "WWW-Authenticate",
          "Link",
          "X-Ms-Correlation-Request-Id"
        ],
        "Connection": "keep-alive",
        "Content-Length": "266",
        "Content-Type": "application/json; charset=utf-8",
        "Date": "Fri, 11 Nov 2022 19:17:03 GMT",
        "Docker-Distribution-Api-Version": "registry/2.0",
        "Server": "openresty",
        "Strict-Transport-Security": [
          "max-age=31536000; includeSubDomains",
          "max-age=31536000; includeSubDomains"
        ],
        "WWW-Authenticate": "Bearer realm=\u0022https://annelocontainerregistry.azurecr.io/oauth2/token\u0022,service=\u0022annelocontainerregistry.azurecr.io\u0022,scope=\u0022repository:oci-artifact:pull,push\u0022",
        "X-Content-Type-Options": "nosniff",
        "X-Ms-Correlation-Request-Id": "ab81e851-c31e-4067-b30a-4740933098c9"
      },
      "ResponseBody": {
        "errors": [
          {
            "code": "UNAUTHORIZED",
            "message": "authentication required, visit https://aka.ms/acr/authorization for more information.",
            "detail": [
              {
                "Type": "repository",
                "Name": "oci-artifact",
                "Action": "pull"
              },
              {
                "Type": "repository",
                "Name": "oci-artifact",
                "Action": "push"
              }
            ]
          }
        ]
      }
    },
    {
      "RequestUri": "https://annelocontainerregistry.azurecr.io/oauth2/token?api-version=2021-07-01",
      "RequestMethod": "POST",
      "RequestHeaders": {
        "Accept": "application/json",
        "Content-Length": "137",
        "Content-Type": "application/x-www-form-urlencoded",
        "traceparent": "00-7f18faca5fbd620928ee1f6e36a87b77-a281dd8d350c8710-00",
        "User-Agent": "azsdk-net-Containers.ContainerRegistry/1.1.0-alpha.20221111.1 (.NET 6.0.11; Microsoft Windows 10.0.22621)",
        "x-ms-client-request-id": "28dde38e34ea595a40cd2f6c491fe7a3",
        "x-ms-return-client-request-id": "true"
      },
      "RequestBody": "service=annelocontainerregistry.azurecr.io\u0026scope=repository%3Aoci-artifact%3Apull%2Cpush\u0026refresh_token=Sanitized\u0026grant_type=refresh_token",
      "StatusCode": 200,
      "ResponseHeaders": {
        "Connection": "keep-alive",
        "Content-Type": "application/json; charset=utf-8",
        "Date": "Fri, 11 Nov 2022 19:17:03 GMT",
        "Server": "openresty",
        "Strict-Transport-Security": "max-age=31536000; includeSubDomains",
        "Transfer-Encoding": "chunked",
        "X-Ms-Correlation-Request-Id": "9a7aa22c-b79b-4cf6-b7ae-bb617a8d4137",
        "x-ms-ratelimit-remaining-calls-per-second": "165.883333"
      },
      "ResponseBody": {
        "access_token": "Sanitized"
      }
    },
    {
      "RequestUri": "https://annelocontainerregistry.azurecr.io/v2/oci-artifact/blobs/uploads/2623ce02-e72e-4bd4-9f06-e2722b7e1686?_nouploadcache=false\u0026_state=Q1Sse218nFBPXoUzmP0CXnvsLls0dtyV0fTr313N0iR7Ik5hbWUiOiJvY2ktYXJ0aWZhY3QiLCJVVUlEIjoiMjYyM2NlMDItZTcyZS00YmQ0LTlmMDYtZTI3MjJiN2UxNjg2IiwiT2Zmc2V0IjowLCJTdGFydGVkQXQiOiIyMDIyLTExLTExVDE5OjE3OjAzLjUyNDQ1MDk5N1oifQ%3D%3D",
      "RequestMethod": "PATCH",
      "RequestHeaders": {
        "Accept": "application/json",
        "Authorization": "Sanitized",
        "Content-Length": "28",
        "Content-Type": "application/octet-stream",
        "traceparent": "00-7f18faca5fbd620928ee1f6e36a87b77-3c9222cedb2c9bf2-00",
        "User-Agent": "azsdk-net-Containers.ContainerRegistry/1.1.0-alpha.20221111.1 (.NET 6.0.11; Microsoft Windows 10.0.22621)",
        "x-ms-client-request-id": "3b6f4e65f52e8bb37a60a0ba299d8870",
        "x-ms-return-client-request-id": "true"
      },
      "RequestBody": "//5oAGUAbABsAG8AIAB3AG8AcgBsAGQADQAKAA==",
      "StatusCode": 202,
      "ResponseHeaders": {
        "Access-Control-Expose-Headers": [
          "Docker-Content-Digest",
          "WWW-Authenticate",
          "Link",
          "X-Ms-Correlation-Request-Id"
        ],
        "Connection": "keep-alive",
        "Content-Length": "0",
        "Date": "Fri, 11 Nov 2022 19:17:03 GMT",
        "Docker-Distribution-Api-Version": "registry/2.0",
        "Docker-Upload-Uuid": "2623ce02-e72e-4bd4-9f06-e2722b7e1686",
        "Location": "/v2/oci-artifact/blobs/uploads/2623ce02-e72e-4bd4-9f06-e2722b7e1686?_nouploadcache=false\u0026_state=IZHTQN6qTUwidDCEpi_pI7cPZVh8-kc9T_5h1hPccXx7Ik5hbWUiOiJvY2ktYXJ0aWZhY3QiLCJVVUlEIjoiMjYyM2NlMDItZTcyZS00YmQ0LTlmMDYtZTI3MjJiN2UxNjg2IiwiT2Zmc2V0IjoyOCwiU3RhcnRlZEF0IjoiMjAyMi0xMS0xMVQxOToxNzowM1oifQ%3D%3D",
        "Range": "0-27",
        "Server": "openresty",
        "Strict-Transport-Security": [
          "max-age=31536000; includeSubDomains",
          "max-age=31536000; includeSubDomains"
        ],
        "X-Content-Type-Options": "nosniff",
        "X-Ms-Client-Request-Id": "3b6f4e65f52e8bb37a60a0ba299d8870",
        "X-Ms-Correlation-Request-Id": "4885f54c-5c9f-4831-a19c-c75a7243a8ec",
        "X-Ms-Request-Id": "f985e9ed-65b8-443e-8ac7-a0d3abceec22"
      },
      "ResponseBody": null
    },
    {
      "RequestUri": "https://annelocontainerregistry.azurecr.io/v2/oci-artifact/blobs/uploads/2623ce02-e72e-4bd4-9f06-e2722b7e1686?_nouploadcache=false\u0026_state=IZHTQN6qTUwidDCEpi_pI7cPZVh8-kc9T_5h1hPccXx7Ik5hbWUiOiJvY2ktYXJ0aWZhY3QiLCJVVUlEIjoiMjYyM2NlMDItZTcyZS00YmQ0LTlmMDYtZTI3MjJiN2UxNjg2IiwiT2Zmc2V0IjoyOCwiU3RhcnRlZEF0IjoiMjAyMi0xMS0xMVQxOToxNzowM1oifQ%3D%3D\u0026digest=sha256%3A654b93f61054e4ce90ed203bb8d556a6200d5f906cf3eca0620738d6dc18cbed",
      "RequestMethod": "PUT",
      "RequestHeaders": {
        "Accept": "application/json",
        "Content-Length": "0",
        "traceparent": "00-7f18faca5fbd620928ee1f6e36a87b77-ed8fdc542b6c978a-00",
        "User-Agent": "azsdk-net-Containers.ContainerRegistry/1.1.0-alpha.20221111.1 (.NET 6.0.11; Microsoft Windows 10.0.22621)",
        "x-ms-client-request-id": "c528a9f46b6ad5ce65c4889d825e4045",
        "x-ms-return-client-request-id": "true"
      },
      "RequestBody": null,
      "StatusCode": 401,
      "ResponseHeaders": {
        "Access-Control-Expose-Headers": [
          "Docker-Content-Digest",
          "WWW-Authenticate",
          "Link",
          "X-Ms-Correlation-Request-Id"
        ],
        "Connection": "keep-alive",
        "Content-Length": "266",
        "Content-Type": "application/json; charset=utf-8",
        "Date": "Fri, 11 Nov 2022 19:17:03 GMT",
        "Docker-Distribution-Api-Version": "registry/2.0",
        "Server": "openresty",
        "Strict-Transport-Security": [
          "max-age=31536000; includeSubDomains",
          "max-age=31536000; includeSubDomains"
        ],
        "WWW-Authenticate": "Bearer realm=\u0022https://annelocontainerregistry.azurecr.io/oauth2/token\u0022,service=\u0022annelocontainerregistry.azurecr.io\u0022,scope=\u0022repository:oci-artifact:push,pull\u0022",
        "X-Content-Type-Options": "nosniff",
        "X-Ms-Correlation-Request-Id": "dd1e6f22-a7bb-4df7-b461-4764c456fbd8"
      },
      "ResponseBody": {
        "errors": [
          {
            "code": "UNAUTHORIZED",
            "message": "authentication required, visit https://aka.ms/acr/authorization for more information.",
            "detail": [
              {
                "Type": "repository",
                "Name": "oci-artifact",
                "Action": "pull"
              },
              {
                "Type": "repository",
                "Name": "oci-artifact",
                "Action": "push"
              }
            ]
          }
        ]
      }
    },
    {
      "RequestUri": "https://annelocontainerregistry.azurecr.io/oauth2/token?api-version=2021-07-01",
      "RequestMethod": "POST",
      "RequestHeaders": {
        "Accept": "application/json",
        "Content-Length": "137",
        "Content-Type": "application/x-www-form-urlencoded",
        "traceparent": "00-7f18faca5fbd620928ee1f6e36a87b77-c3c5ad62068570a9-00",
        "User-Agent": "azsdk-net-Containers.ContainerRegistry/1.1.0-alpha.20221111.1 (.NET 6.0.11; Microsoft Windows 10.0.22621)",
        "x-ms-client-request-id": "2dbd3aa3272230f0f315fb60c646415b",
        "x-ms-return-client-request-id": "true"
      },
      "RequestBody": "service=annelocontainerregistry.azurecr.io\u0026scope=repository%3Aoci-artifact%3Apush%2Cpull\u0026refresh_token=Sanitized\u0026grant_type=refresh_token",
      "StatusCode": 200,
      "ResponseHeaders": {
        "Connection": "keep-alive",
        "Content-Type": "application/json; charset=utf-8",
        "Date": "Fri, 11 Nov 2022 19:17:03 GMT",
        "Server": "openresty",
        "Strict-Transport-Security": "max-age=31536000; includeSubDomains",
        "Transfer-Encoding": "chunked",
        "X-Ms-Correlation-Request-Id": "57277cd1-5430-43aa-a37a-0e353a5bed3d",
        "x-ms-ratelimit-remaining-calls-per-second": "165.866667"
      },
      "ResponseBody": {
        "access_token": "Sanitized"
      }
    },
    {
      "RequestUri": "https://annelocontainerregistry.azurecr.io/v2/oci-artifact/blobs/uploads/2623ce02-e72e-4bd4-9f06-e2722b7e1686?_nouploadcache=false\u0026_state=IZHTQN6qTUwidDCEpi_pI7cPZVh8-kc9T_5h1hPccXx7Ik5hbWUiOiJvY2ktYXJ0aWZhY3QiLCJVVUlEIjoiMjYyM2NlMDItZTcyZS00YmQ0LTlmMDYtZTI3MjJiN2UxNjg2IiwiT2Zmc2V0IjoyOCwiU3RhcnRlZEF0IjoiMjAyMi0xMS0xMVQxOToxNzowM1oifQ%3D%3D\u0026digest=sha256%3A654b93f61054e4ce90ed203bb8d556a6200d5f906cf3eca0620738d6dc18cbed",
      "RequestMethod": "PUT",
      "RequestHeaders": {
        "Accept": "application/json",
        "Authorization": "Sanitized",
        "Content-Length": "0",
        "traceparent": "00-7f18faca5fbd620928ee1f6e36a87b77-ed8fdc542b6c978a-00",
        "User-Agent": "azsdk-net-Containers.ContainerRegistry/1.1.0-alpha.20221111.1 (.NET 6.0.11; Microsoft Windows 10.0.22621)",
        "x-ms-client-request-id": "c528a9f46b6ad5ce65c4889d825e4045",
        "x-ms-return-client-request-id": "true"
      },
      "RequestBody": null,
      "StatusCode": 201,
      "ResponseHeaders": {
        "Access-Control-Expose-Headers": [
          "Docker-Content-Digest",
          "WWW-Authenticate",
          "Link",
          "X-Ms-Correlation-Request-Id"
        ],
        "Connection": "keep-alive",
        "Content-Length": "0",
        "Date": "Fri, 11 Nov 2022 19:17:03 GMT",
        "Docker-Content-Digest": "sha256:654b93f61054e4ce90ed203bb8d556a6200d5f906cf3eca0620738d6dc18cbed",
        "Docker-Distribution-Api-Version": "registry/2.0",
        "Location": "/v2/oci-artifact/blobs/sha256:654b93f61054e4ce90ed203bb8d556a6200d5f906cf3eca0620738d6dc18cbed",
        "Server": "openresty",
        "Strict-Transport-Security": [
          "max-age=31536000; includeSubDomains",
          "max-age=31536000; includeSubDomains"
        ],
        "X-Content-Type-Options": "nosniff",
        "X-Ms-Client-Request-Id": "c528a9f46b6ad5ce65c4889d825e4045",
        "X-Ms-Correlation-Request-Id": "0313b598-4e4c-446c-86ee-e51c9127cc31",
        "X-Ms-Request-Id": "473349b8-8f25-4da3-8bc4-535c24c1c50e"
      },
      "ResponseBody": null
    },
    {
      "RequestUri": "https://annelocontainerregistry.azurecr.io/v2/oci-artifact/manifests/v1",
      "RequestMethod": "PUT",
      "RequestHeaders": {
        "Accept": "application/json",
        "Content-Length": "332",
        "Content-Type": "application/vnd.oci.image.manifest.v1\u002Bjson",
        "traceparent": "00-ae8b1f90cb751c4d26c5dbecdf43bbe5-c82e5f2ff6c76cc4-00",
        "User-Agent": "azsdk-net-Containers.ContainerRegistry/1.1.0-alpha.20221111.1 (.NET 6.0.11; Microsoft Windows 10.0.22621)",
        "x-ms-client-request-id": "7fc6fc79c27522051508c226acbdd7e2",
        "x-ms-return-client-request-id": "true"
      },
      "RequestBody": {
        "schemaVersion": 2,
        "config": {
          "mediaType": "application/vnd.acme.rocket.config",
          "size": 171,
          "digest": "sha256:d25b42d3dbad5361ed2d909624d899e7254a822c9a632b582ebd3a44f9b0dbc8"
        },
        "layers": [
          {
            "mediaType": "application/vnd.oci.image.layer.v1.tar",
            "size": 28,
            "digest": "sha256:654b93f61054e4ce90ed203bb8d556a6200d5f906cf3eca0620738d6dc18cbed"
          }
        ]
      },
      "StatusCode": 401,
      "ResponseHeaders": {
        "Access-Control-Expose-Headers": [
          "Docker-Content-Digest",
          "WWW-Authenticate",
          "Link",
          "X-Ms-Correlation-Request-Id"
        ],
        "Connection": "keep-alive",
        "Content-Length": "266",
        "Content-Type": "application/json; charset=utf-8",
        "Date": "Fri, 11 Nov 2022 19:17:03 GMT",
        "Docker-Distribution-Api-Version": "registry/2.0",
        "Server": "openresty",
        "Strict-Transport-Security": [
          "max-age=31536000; includeSubDomains",
          "max-age=31536000; includeSubDomains"
        ],
        "WWW-Authenticate": "Bearer realm=\u0022https://annelocontainerregistry.azurecr.io/oauth2/token\u0022,service=\u0022annelocontainerregistry.azurecr.io\u0022,scope=\u0022repository:oci-artifact:pull,push\u0022",
        "X-Content-Type-Options": "nosniff",
        "X-Ms-Correlation-Request-Id": "bfb4f2e8-61b3-4ba3-82a1-9d8555ccdf9d"
      },
      "ResponseBody": {
        "errors": [
          {
            "code": "UNAUTHORIZED",
            "message": "authentication required, visit https://aka.ms/acr/authorization for more information.",
            "detail": [
              {
                "Type": "repository",
                "Name": "oci-artifact",
                "Action": "pull"
              },
              {
                "Type": "repository",
                "Name": "oci-artifact",
                "Action": "push"
              }
            ]
          }
        ]
      }
    },
    {
      "RequestUri": "https://annelocontainerregistry.azurecr.io/oauth2/token?api-version=2021-07-01",
      "RequestMethod": "POST",
      "RequestHeaders": {
        "Accept": "application/json",
        "Content-Length": "137",
        "Content-Type": "application/x-www-form-urlencoded",
        "traceparent": "00-ae8b1f90cb751c4d26c5dbecdf43bbe5-f64e92e1fdc626dc-00",
        "User-Agent": "azsdk-net-Containers.ContainerRegistry/1.1.0-alpha.20221111.1 (.NET 6.0.11; Microsoft Windows 10.0.22621)",
        "x-ms-client-request-id": "0fc8e98db961cc80b8f8d155706d0e1f",
        "x-ms-return-client-request-id": "true"
      },
      "RequestBody": "service=annelocontainerregistry.azurecr.io\u0026scope=repository%3Aoci-artifact%3Apull%2Cpush\u0026refresh_token=Sanitized\u0026grant_type=refresh_token",
      "StatusCode": 200,
      "ResponseHeaders": {
        "Connection": "keep-alive",
        "Content-Type": "application/json; charset=utf-8",
        "Date": "Fri, 11 Nov 2022 19:17:03 GMT",
        "Server": "openresty",
        "Strict-Transport-Security": "max-age=31536000; includeSubDomains",
        "Transfer-Encoding": "chunked",
        "X-Ms-Correlation-Request-Id": "9e471a93-f0f0-4f0b-b88d-e45cf7668919",
        "x-ms-ratelimit-remaining-calls-per-second": "165.85"
      },
      "ResponseBody": {
        "access_token": "Sanitized"
      }
    },
    {
      "RequestUri": "https://annelocontainerregistry.azurecr.io/v2/oci-artifact/manifests/v1",
      "RequestMethod": "PUT",
      "RequestHeaders": {
        "Accept": "application/json",
        "Authorization": "Sanitized",
        "Content-Length": "332",
        "Content-Type": "application/vnd.oci.image.manifest.v1\u002Bjson",
        "traceparent": "00-ae8b1f90cb751c4d26c5dbecdf43bbe5-c82e5f2ff6c76cc4-00",
        "User-Agent": "azsdk-net-Containers.ContainerRegistry/1.1.0-alpha.20221111.1 (.NET 6.0.11; Microsoft Windows 10.0.22621)",
        "x-ms-client-request-id": "7fc6fc79c27522051508c226acbdd7e2",
        "x-ms-return-client-request-id": "true"
      },
      "RequestBody": {
        "schemaVersion": 2,
        "config": {
          "mediaType": "application/vnd.acme.rocket.config",
          "size": 171,
          "digest": "sha256:d25b42d3dbad5361ed2d909624d899e7254a822c9a632b582ebd3a44f9b0dbc8"
        },
        "layers": [
          {
            "mediaType": "application/vnd.oci.image.layer.v1.tar",
            "size": 28,
            "digest": "sha256:654b93f61054e4ce90ed203bb8d556a6200d5f906cf3eca0620738d6dc18cbed"
          }
        ]
      },
      "StatusCode": 201,
      "ResponseHeaders": {
        "Access-Control-Expose-Headers": [
          "Docker-Content-Digest",
          "WWW-Authenticate",
          "Link",
          "X-Ms-Correlation-Request-Id"
        ],
        "Connection": "keep-alive",
        "Content-Length": "0",
        "Date": "Fri, 11 Nov 2022 19:17:04 GMT",
        "Docker-Content-Digest": "sha256:2737d98297a612646af34393778508bce02d3f28ba3858a92cbed4b0e89506c9",
        "Docker-Distribution-Api-Version": "registry/2.0",
        "Location": "/v2/oci-artifact/manifests/sha256:2737d98297a612646af34393778508bce02d3f28ba3858a92cbed4b0e89506c9",
        "Server": "openresty",
        "Strict-Transport-Security": [
          "max-age=31536000; includeSubDomains",
          "max-age=31536000; includeSubDomains"
        ],
        "X-Content-Type-Options": "nosniff",
        "X-Ms-Client-Request-Id": "7fc6fc79c27522051508c226acbdd7e2",
        "X-Ms-Correlation-Request-Id": "0369c018-119e-49f7-8f32-83e55840f02f",
        "X-Ms-Request-Id": "d633c616-0398-40b0-8533-bec963f781c9"
      },
      "ResponseBody": null
    },
    {
      "RequestUri": "https://annelocontainerregistry.azurecr.io/v2/oci-artifact/manifests/sha256%3A2737d98297a612646af34393778508bce02d3f28ba3858a92cbed4b0e89506c9",
      "RequestMethod": "GET",
      "RequestHeaders": {
        "Accept": "application/vnd.oci.image.manifest.v1\u002Bjson, application/json",
        "traceparent": "00-73225b38b827f31aeabff9419492537e-0a3d10d4fa266075-00",
        "User-Agent": "azsdk-net-Containers.ContainerRegistry/1.1.0-alpha.20221111.1 (.NET 6.0.11; Microsoft Windows 10.0.22621)",
        "x-ms-client-request-id": "85242d82c098e1d0349b171a65ca8436",
        "x-ms-return-client-request-id": "true"
      },
      "RequestBody": null,
      "StatusCode": 401,
      "ResponseHeaders": {
        "Access-Control-Expose-Headers": [
          "Docker-Content-Digest",
          "WWW-Authenticate",
          "Link",
          "X-Ms-Correlation-Request-Id"
        ],
        "Connection": "keep-alive",
        "Content-Length": "206",
        "Content-Type": "application/json; charset=utf-8",
        "Date": "Fri, 11 Nov 2022 19:17:04 GMT",
        "Docker-Distribution-Api-Version": "registry/2.0",
        "Server": "openresty",
        "Strict-Transport-Security": [
          "max-age=31536000; includeSubDomains",
          "max-age=31536000; includeSubDomains"
        ],
        "WWW-Authenticate": "Bearer realm=\u0022https://annelocontainerregistry.azurecr.io/oauth2/token\u0022,service=\u0022annelocontainerregistry.azurecr.io\u0022,scope=\u0022repository:oci-artifact:pull\u0022",
        "X-Content-Type-Options": "nosniff",
        "X-Ms-Correlation-Request-Id": "4e22aaa4-212b-4bc1-9814-1fcaabd60455"
      },
      "ResponseBody": {
        "errors": [
          {
            "code": "UNAUTHORIZED",
            "message": "authentication required, visit https://aka.ms/acr/authorization for more information.",
            "detail": [
              {
                "Type": "repository",
                "Name": "oci-artifact",
                "Action": "pull"
              }
            ]
          }
        ]
      }
    },
    {
      "RequestUri": "https://annelocontainerregistry.azurecr.io/oauth2/token?api-version=2021-07-01",
      "RequestMethod": "POST",
      "RequestHeaders": {
        "Accept": "application/json",
        "Content-Length": "130",
        "Content-Type": "application/x-www-form-urlencoded",
        "traceparent": "00-73225b38b827f31aeabff9419492537e-e275fcf7193b1f75-00",
        "User-Agent": "azsdk-net-Containers.ContainerRegistry/1.1.0-alpha.20221111.1 (.NET 6.0.11; Microsoft Windows 10.0.22621)",
        "x-ms-client-request-id": "dcd3183e327dbff97cfac77cf0b0b1a8",
        "x-ms-return-client-request-id": "true"
      },
      "RequestBody": "service=annelocontainerregistry.azurecr.io\u0026scope=repository%3Aoci-artifact%3Apull\u0026refresh_token=Sanitized\u0026grant_type=refresh_token",
      "StatusCode": 200,
      "ResponseHeaders": {
        "Connection": "keep-alive",
        "Content-Type": "application/json; charset=utf-8",
        "Date": "Fri, 11 Nov 2022 19:17:04 GMT",
        "Server": "openresty",
        "Strict-Transport-Security": "max-age=31536000; includeSubDomains",
        "Transfer-Encoding": "chunked",
        "X-Ms-Correlation-Request-Id": "03f78c4b-3024-4701-a626-4f4e15340cab",
        "x-ms-ratelimit-remaining-calls-per-second": "165.833333"
      },
      "ResponseBody": {
        "access_token": "Sanitized"
      }
    },
    {
      "RequestUri": "https://annelocontainerregistry.azurecr.io/v2/oci-artifact/manifests/sha256%3A2737d98297a612646af34393778508bce02d3f28ba3858a92cbed4b0e89506c9",
      "RequestMethod": "GET",
      "RequestHeaders": {
        "Accept": "application/vnd.oci.image.manifest.v1\u002Bjson, application/json",
        "Authorization": "Sanitized",
        "traceparent": "00-73225b38b827f31aeabff9419492537e-0a3d10d4fa266075-00",
        "User-Agent": "azsdk-net-Containers.ContainerRegistry/1.1.0-alpha.20221111.1 (.NET 6.0.11; Microsoft Windows 10.0.22621)",
        "x-ms-client-request-id": "85242d82c098e1d0349b171a65ca8436",
        "x-ms-return-client-request-id": "true"
      },
      "RequestBody": null,
      "StatusCode": 200,
      "ResponseHeaders": {
        "Access-Control-Expose-Headers": [
          "Docker-Content-Digest",
          "WWW-Authenticate",
          "Link",
          "X-Ms-Correlation-Request-Id"
        ],
        "Connection": "keep-alive",
        "Content-Length": "332",
        "Content-Type": "application/vnd.oci.image.manifest.v1\u002Bjson",
        "Date": "Fri, 11 Nov 2022 19:17:04 GMT",
        "Docker-Content-Digest": "sha256:2737d98297a612646af34393778508bce02d3f28ba3858a92cbed4b0e89506c9",
        "Docker-Distribution-Api-Version": "registry/2.0",
        "ETag": "\u0022sha256:2737d98297a612646af34393778508bce02d3f28ba3858a92cbed4b0e89506c9\u0022",
        "Server": "openresty",
        "Strict-Transport-Security": [
          "max-age=31536000; includeSubDomains",
          "max-age=31536000; includeSubDomains"
        ],
        "X-Content-Type-Options": "nosniff",
        "X-Ms-Client-Request-Id": "85242d82c098e1d0349b171a65ca8436",
        "X-Ms-Correlation-Request-Id": "c9bc7ba2-36ef-4474-973b-9b23372d2bfb",
        "X-Ms-Request-Id": "418950c9-abff-4451-975f-ce9d163edf52"
      },
      "ResponseBody": {
        "schemaVersion": 2,
        "config": {
          "mediaType": "application/vnd.acme.rocket.config",
          "size": 171,
          "digest": "sha256:d25b42d3dbad5361ed2d909624d899e7254a822c9a632b582ebd3a44f9b0dbc8"
        },
        "layers": [
          {
            "mediaType": "application/vnd.oci.image.layer.v1.tar",
            "size": 28,
            "digest": "sha256:654b93f61054e4ce90ed203bb8d556a6200d5f906cf3eca0620738d6dc18cbed"
          }
        ]
      }
    },
    {
      "RequestUri": "https://annelocontainerregistry.azurecr.io/acr/v1/oci-artifact/_tags?digest=sha256%3A2737d98297a612646af34393778508bce02d3f28ba3858a92cbed4b0e89506c9\u0026api-version=2021-07-01",
      "RequestMethod": "GET",
      "RequestHeaders": {
        "Accept": "application/json",
        "User-Agent": "azsdk-net-Containers.ContainerRegistry/1.1.0-alpha.20221111.1 (.NET 6.0.11; Microsoft Windows 10.0.22621)",
        "x-ms-client-request-id": "7ea4a3f95299cc4a18e7dac5a26667ee",
        "x-ms-return-client-request-id": "true"
      },
      "RequestBody": null,
      "StatusCode": 401,
      "ResponseHeaders": {
        "Access-Control-Expose-Headers": [
          "Docker-Content-Digest",
          "WWW-Authenticate",
          "Link",
          "X-Ms-Correlation-Request-Id"
        ],
        "Connection": "keep-alive",
        "Content-Length": "215",
        "Content-Type": "application/json; charset=utf-8",
        "Date": "Fri, 11 Nov 2022 19:17:04 GMT",
        "Docker-Distribution-Api-Version": "registry/2.0",
        "Server": "openresty",
        "Strict-Transport-Security": [
          "max-age=31536000; includeSubDomains",
          "max-age=31536000; includeSubDomains"
        ],
        "WWW-Authenticate": "Bearer realm=\u0022https://annelocontainerregistry.azurecr.io/oauth2/token\u0022,service=\u0022annelocontainerregistry.azurecr.io\u0022,scope=\u0022repository:oci-artifact:metadata_read\u0022",
        "X-Content-Type-Options": "nosniff",
        "X-Ms-Correlation-Request-Id": "1aea3195-b4c7-455f-b375-6354d766bb58"
      },
      "ResponseBody": {
        "errors": [
          {
            "code": "UNAUTHORIZED",
            "message": "authentication required, visit https://aka.ms/acr/authorization for more information.",
            "detail": [
              {
                "Type": "repository",
                "Name": "oci-artifact",
                "Action": "metadata_read"
              }
            ]
          }
        ]
      }
    },
    {
      "RequestUri": "https://annelocontainerregistry.azurecr.io/oauth2/exchange?api-version=2021-07-01",
      "RequestMethod": "POST",
      "RequestHeaders": {
        "Accept": "application/json",
        "Content-Length": "89",
        "Content-Type": "application/x-www-form-urlencoded",
        "User-Agent": "azsdk-net-Containers.ContainerRegistry/1.1.0-alpha.20221111.1 (.NET 6.0.11; Microsoft Windows 10.0.22621)",
        "x-ms-client-request-id": "58179b7432994fa23364099df953f184",
        "x-ms-return-client-request-id": "true"
      },
      "RequestBody": "grant_type=access_token\u0026service=annelocontainerregistry.azurecr.io\u0026access_token=Sanitized",
      "StatusCode": 200,
      "ResponseHeaders": {
        "Connection": "keep-alive",
        "Content-Type": "application/json; charset=utf-8",
        "Date": "Fri, 11 Nov 2022 19:17:04 GMT",
        "Server": "openresty",
        "Strict-Transport-Security": "max-age=31536000; includeSubDomains",
        "Transfer-Encoding": "chunked",
        "X-Ms-Correlation-Request-Id": "4c59ee69-ac5e-4c16-8e61-0ef55494838e",
        "x-ms-ratelimit-remaining-calls-per-second": "165.816667"
      },
      "ResponseBody": {
        "refresh_token": "Sanitized.eyJleHAiOjI2MTQyNzQyMDh9.Sanitized"
      }
    },
    {
      "RequestUri": "https://annelocontainerregistry.azurecr.io/oauth2/token?api-version=2021-07-01",
      "RequestMethod": "POST",
      "RequestHeaders": {
        "Accept": "application/json",
        "Content-Length": "139",
        "Content-Type": "application/x-www-form-urlencoded",
        "User-Agent": "azsdk-net-Containers.ContainerRegistry/1.1.0-alpha.20221111.1 (.NET 6.0.11; Microsoft Windows 10.0.22621)",
        "x-ms-client-request-id": "c1206fe90525eb9cce07c39658331d15",
        "x-ms-return-client-request-id": "true"
      },
      "RequestBody": "service=annelocontainerregistry.azurecr.io\u0026scope=repository%3Aoci-artifact%3Ametadata_read\u0026refresh_token=Sanitized\u0026grant_type=refresh_token",
      "StatusCode": 200,
      "ResponseHeaders": {
        "Connection": "keep-alive",
        "Content-Type": "application/json; charset=utf-8",
        "Date": "Fri, 11 Nov 2022 19:17:04 GMT",
        "Server": "openresty",
        "Strict-Transport-Security": "max-age=31536000; includeSubDomains",
        "Transfer-Encoding": "chunked",
        "X-Ms-Correlation-Request-Id": "13a9dd4b-2815-4edb-a352-5f90df5ca2ea",
        "x-ms-ratelimit-remaining-calls-per-second": "165.8"
      },
      "ResponseBody": {
        "access_token": "Sanitized"
      }
    },
    {
      "RequestUri": "https://annelocontainerregistry.azurecr.io/acr/v1/oci-artifact/_tags?digest=sha256%3A2737d98297a612646af34393778508bce02d3f28ba3858a92cbed4b0e89506c9\u0026api-version=2021-07-01",
      "RequestMethod": "GET",
      "RequestHeaders": {
        "Accept": "application/json",
        "Authorization": "Sanitized",
        "User-Agent": "azsdk-net-Containers.ContainerRegistry/1.1.0-alpha.20221111.1 (.NET 6.0.11; Microsoft Windows 10.0.22621)",
        "x-ms-client-request-id": "7ea4a3f95299cc4a18e7dac5a26667ee",
        "x-ms-return-client-request-id": "true"
      },
      "RequestBody": null,
      "StatusCode": 200,
      "ResponseHeaders": {
        "Access-Control-Expose-Headers": [
          "Docker-Content-Digest",
          "WWW-Authenticate",
          "Link",
          "X-Ms-Correlation-Request-Id"
        ],
        "Connection": "keep-alive",
        "Content-Length": "395",
        "Content-Type": "application/json; charset=utf-8",
        "Date": "Fri, 11 Nov 2022 19:17:04 GMT",
        "Docker-Distribution-Api-Version": "registry/2.0",
        "Server": "openresty",
        "Strict-Transport-Security": [
          "max-age=31536000; includeSubDomains",
          "max-age=31536000; includeSubDomains"
        ],
        "X-Content-Type-Options": "nosniff",
        "X-Ms-Correlation-Request-Id": "879b3b9b-ff44-4699-93ee-37b46c0ad526"
      },
      "ResponseBody": {
        "registry": "annelocontainerregistry.azurecr.io",
        "imageName": "oci-artifact",
        "tags": [
          {
            "name": "v1",
            "digest": "sha256:2737d98297a612646af34393778508bce02d3f28ba3858a92cbed4b0e89506c9",
            "createdTime": "2022-11-11T19:17:04.2467472Z",
            "lastUpdateTime": "2022-11-11T19:17:04.2467472Z",
            "signed": false,
            "changeableAttributes": {
              "deleteEnabled": true,
              "writeEnabled": true,
              "readEnabled": true,
              "listEnabled": true
            }
          }
        ]
      }
    },
    {
      "RequestUri": "https://annelocontainerregistry.azurecr.io/acr/v1/oci-artifact/_tags?digest=sha256%3A2737d98297a612646af34393778508bce02d3f28ba3858a92cbed4b0e89506c9\u0026api-version=2021-07-01",
      "RequestMethod": "GET",
      "RequestHeaders": {
        "Accept": "application/json",
        "User-Agent": "azsdk-net-Containers.ContainerRegistry/1.1.0-alpha.20221111.1 (.NET 6.0.11; Microsoft Windows 10.0.22621)",
        "x-ms-client-request-id": "5408d8925999c70e01544a3449acd3c5",
        "x-ms-return-client-request-id": "true"
      },
      "RequestBody": null,
      "StatusCode": 401,
      "ResponseHeaders": {
        "Access-Control-Expose-Headers": [
          "Docker-Content-Digest",
          "WWW-Authenticate",
          "Link",
          "X-Ms-Correlation-Request-Id"
        ],
        "Connection": "keep-alive",
        "Content-Length": "215",
        "Content-Type": "application/json; charset=utf-8",
        "Date": "Fri, 11 Nov 2022 19:17:04 GMT",
        "Docker-Distribution-Api-Version": "registry/2.0",
        "Server": "openresty",
        "Strict-Transport-Security": [
          "max-age=31536000; includeSubDomains",
          "max-age=31536000; includeSubDomains"
        ],
        "WWW-Authenticate": "Bearer realm=\u0022https://annelocontainerregistry.azurecr.io/oauth2/token\u0022,service=\u0022annelocontainerregistry.azurecr.io\u0022,scope=\u0022repository:oci-artifact:metadata_read\u0022",
        "X-Content-Type-Options": "nosniff",
        "X-Ms-Correlation-Request-Id": "a2bad8ff-3cd2-44b4-b8ed-ea998eec9bde"
      },
      "ResponseBody": {
        "errors": [
          {
            "code": "UNAUTHORIZED",
            "message": "authentication required, visit https://aka.ms/acr/authorization for more information.",
            "detail": [
              {
                "Type": "repository",
                "Name": "oci-artifact",
                "Action": "metadata_read"
              }
            ]
          }
        ]
      }
    },
    {
      "RequestUri": "https://annelocontainerregistry.azurecr.io/oauth2/token?api-version=2021-07-01",
      "RequestMethod": "POST",
      "RequestHeaders": {
        "Accept": "application/json",
        "Content-Length": "139",
        "Content-Type": "application/x-www-form-urlencoded",
        "User-Agent": "azsdk-net-Containers.ContainerRegistry/1.1.0-alpha.20221111.1 (.NET 6.0.11; Microsoft Windows 10.0.22621)",
        "x-ms-client-request-id": "32dc56f5a5456ec8fe2b89926e0cf600",
        "x-ms-return-client-request-id": "true"
      },
      "RequestBody": "service=annelocontainerregistry.azurecr.io\u0026scope=repository%3Aoci-artifact%3Ametadata_read\u0026refresh_token=Sanitized\u0026grant_type=refresh_token",
      "StatusCode": 200,
      "ResponseHeaders": {
        "Connection": "keep-alive",
        "Content-Type": "application/json; charset=utf-8",
        "Date": "Fri, 11 Nov 2022 19:17:04 GMT",
        "Server": "openresty",
        "Strict-Transport-Security": "max-age=31536000; includeSubDomains",
        "Transfer-Encoding": "chunked",
        "X-Ms-Correlation-Request-Id": "cba4f9ec-a1b6-4854-aef2-071c616e9a54",
        "x-ms-ratelimit-remaining-calls-per-second": "165.783333"
      },
      "ResponseBody": {
        "access_token": "Sanitized"
      }
    },
    {
      "RequestUri": "https://annelocontainerregistry.azurecr.io/acr/v1/oci-artifact/_tags?digest=sha256%3A2737d98297a612646af34393778508bce02d3f28ba3858a92cbed4b0e89506c9\u0026api-version=2021-07-01",
      "RequestMethod": "GET",
      "RequestHeaders": {
        "Accept": "application/json",
        "Authorization": "Sanitized",
        "User-Agent": "azsdk-net-Containers.ContainerRegistry/1.1.0-alpha.20221111.1 (.NET 6.0.11; Microsoft Windows 10.0.22621)",
        "x-ms-client-request-id": "5408d8925999c70e01544a3449acd3c5",
        "x-ms-return-client-request-id": "true"
      },
      "RequestBody": null,
      "StatusCode": 200,
      "ResponseHeaders": {
        "Access-Control-Expose-Headers": [
          "Docker-Content-Digest",
          "WWW-Authenticate",
          "Link",
          "X-Ms-Correlation-Request-Id"
        ],
        "Connection": "keep-alive",
        "Content-Length": "395",
        "Content-Type": "application/json; charset=utf-8",
        "Date": "Fri, 11 Nov 2022 19:17:04 GMT",
        "Docker-Distribution-Api-Version": "registry/2.0",
        "Server": "openresty",
        "Strict-Transport-Security": [
          "max-age=31536000; includeSubDomains",
          "max-age=31536000; includeSubDomains"
        ],
        "X-Content-Type-Options": "nosniff",
        "X-Ms-Correlation-Request-Id": "6aa92729-465b-4004-8393-0d657a86e08d"
      },
      "ResponseBody": {
        "registry": "annelocontainerregistry.azurecr.io",
        "imageName": "oci-artifact",
        "tags": [
          {
            "name": "v1",
            "digest": "sha256:2737d98297a612646af34393778508bce02d3f28ba3858a92cbed4b0e89506c9",
            "createdTime": "2022-11-11T19:17:04.2467472Z",
            "lastUpdateTime": "2022-11-11T19:17:04.2467472Z",
            "signed": false,
            "changeableAttributes": {
              "deleteEnabled": true,
              "writeEnabled": true,
              "readEnabled": true,
              "listEnabled": true
            }
          }
        ]
      }
    },
    {
      "RequestUri": "https://annelocontainerregistry.azurecr.io/v2/oci-artifact/manifests/v1",
      "RequestMethod": "GET",
      "RequestHeaders": {
        "Accept": "application/vnd.oci.image.manifest.v1\u002Bjson, application/json",
        "traceparent": "00-eed169f29a2e56dc87102401e4b1c242-8005bfb8077d56d1-00",
        "User-Agent": "azsdk-net-Containers.ContainerRegistry/1.1.0-alpha.20221111.1 (.NET 6.0.11; Microsoft Windows 10.0.22621)",
        "x-ms-client-request-id": "200af3479c4a90ea6159c0d1ba68a221",
        "x-ms-return-client-request-id": "true"
      },
      "RequestBody": null,
      "StatusCode": 401,
      "ResponseHeaders": {
        "Access-Control-Expose-Headers": [
          "Docker-Content-Digest",
          "WWW-Authenticate",
          "Link",
          "X-Ms-Correlation-Request-Id"
        ],
        "Connection": "keep-alive",
        "Content-Length": "206",
        "Content-Type": "application/json; charset=utf-8",
        "Date": "Fri, 11 Nov 2022 19:17:04 GMT",
        "Docker-Distribution-Api-Version": "registry/2.0",
        "Server": "openresty",
        "Strict-Transport-Security": [
          "max-age=31536000; includeSubDomains",
          "max-age=31536000; includeSubDomains"
        ],
        "WWW-Authenticate": "Bearer realm=\u0022https://annelocontainerregistry.azurecr.io/oauth2/token\u0022,service=\u0022annelocontainerregistry.azurecr.io\u0022,scope=\u0022repository:oci-artifact:pull\u0022",
        "X-Content-Type-Options": "nosniff",
        "X-Ms-Correlation-Request-Id": "9b5ef826-7dd6-4f16-bb3c-f0412767980f"
      },
      "ResponseBody": {
        "errors": [
          {
            "code": "UNAUTHORIZED",
            "message": "authentication required, visit https://aka.ms/acr/authorization for more information.",
            "detail": [
              {
                "Type": "repository",
                "Name": "oci-artifact",
                "Action": "pull"
              }
            ]
          }
        ]
      }
    },
    {
      "RequestUri": "https://annelocontainerregistry.azurecr.io/oauth2/token?api-version=2021-07-01",
      "RequestMethod": "POST",
      "RequestHeaders": {
        "Accept": "application/json",
        "Content-Length": "130",
        "Content-Type": "application/x-www-form-urlencoded",
        "traceparent": "00-eed169f29a2e56dc87102401e4b1c242-a667a4779523f70e-00",
        "User-Agent": "azsdk-net-Containers.ContainerRegistry/1.1.0-alpha.20221111.1 (.NET 6.0.11; Microsoft Windows 10.0.22621)",
        "x-ms-client-request-id": "02a0fe33ea57edd00f9a566ecf7b59f5",
        "x-ms-return-client-request-id": "true"
      },
      "RequestBody": "service=annelocontainerregistry.azurecr.io\u0026scope=repository%3Aoci-artifact%3Apull\u0026refresh_token=Sanitized\u0026grant_type=refresh_token",
      "StatusCode": 200,
      "ResponseHeaders": {
        "Connection": "keep-alive",
        "Content-Type": "application/json; charset=utf-8",
        "Date": "Fri, 11 Nov 2022 19:17:04 GMT",
        "Server": "openresty",
        "Strict-Transport-Security": "max-age=31536000; includeSubDomains",
        "Transfer-Encoding": "chunked",
        "X-Ms-Correlation-Request-Id": "eae952ff-c923-4e9a-bb54-baf7a2e6472f",
        "x-ms-ratelimit-remaining-calls-per-second": "165.766667"
      },
      "ResponseBody": {
        "access_token": "Sanitized"
      }
    },
    {
      "RequestUri": "https://annelocontainerregistry.azurecr.io/v2/oci-artifact/manifests/v1",
      "RequestMethod": "GET",
      "RequestHeaders": {
        "Accept": "application/vnd.oci.image.manifest.v1\u002Bjson, application/json",
        "Authorization": "Sanitized",
        "traceparent": "00-eed169f29a2e56dc87102401e4b1c242-8005bfb8077d56d1-00",
        "User-Agent": "azsdk-net-Containers.ContainerRegistry/1.1.0-alpha.20221111.1 (.NET 6.0.11; Microsoft Windows 10.0.22621)",
        "x-ms-client-request-id": "200af3479c4a90ea6159c0d1ba68a221",
        "x-ms-return-client-request-id": "true"
      },
      "RequestBody": null,
      "StatusCode": 200,
      "ResponseHeaders": {
        "Access-Control-Expose-Headers": [
          "Docker-Content-Digest",
          "WWW-Authenticate",
          "Link",
          "X-Ms-Correlation-Request-Id"
        ],
        "Connection": "keep-alive",
        "Content-Length": "332",
        "Content-Type": "application/vnd.oci.image.manifest.v1\u002Bjson",
        "Date": "Fri, 11 Nov 2022 19:17:04 GMT",
        "Docker-Content-Digest": "sha256:2737d98297a612646af34393778508bce02d3f28ba3858a92cbed4b0e89506c9",
        "Docker-Distribution-Api-Version": "registry/2.0",
        "ETag": "\u0022sha256:2737d98297a612646af34393778508bce02d3f28ba3858a92cbed4b0e89506c9\u0022",
        "Server": "openresty",
        "Strict-Transport-Security": [
          "max-age=31536000; includeSubDomains",
          "max-age=31536000; includeSubDomains"
        ],
        "X-Content-Type-Options": "nosniff",
        "X-Ms-Client-Request-Id": "200af3479c4a90ea6159c0d1ba68a221",
        "X-Ms-Correlation-Request-Id": "cab537d2-8a0f-444d-bdde-ff984de1c278",
        "X-Ms-Request-Id": "d79dfd3b-c705-4cbf-99c5-d91789752cd5"
      },
      "ResponseBody": {
        "schemaVersion": 2,
        "config": {
          "mediaType": "application/vnd.acme.rocket.config",
          "size": 171,
          "digest": "sha256:d25b42d3dbad5361ed2d909624d899e7254a822c9a632b582ebd3a44f9b0dbc8"
        },
        "layers": [
          {
            "mediaType": "application/vnd.oci.image.layer.v1.tar",
            "size": 28,
            "digest": "sha256:654b93f61054e4ce90ed203bb8d556a6200d5f906cf3eca0620738d6dc18cbed"
          }
        ]
      }
    },
    {
      "RequestUri": "https://annelocontainerregistry.azurecr.io/v2/oci-artifact/manifests/sha256%3A2737d98297a612646af34393778508bce02d3f28ba3858a92cbed4b0e89506c9",
      "RequestMethod": "DELETE",
      "RequestHeaders": {
        "Accept": "application/json",
        "traceparent": "00-7dc9480654dc3856e94cb0379063765d-0a6021d556be8b7b-00",
        "User-Agent": "azsdk-net-Containers.ContainerRegistry/1.1.0-alpha.20221111.1 (.NET 6.0.11; Microsoft Windows 10.0.22621)",
        "x-ms-client-request-id": "55ec4a5db2a1597a6b4bd0ece5f7b396",
        "x-ms-return-client-request-id": "true"
      },
      "RequestBody": null,
      "StatusCode": 401,
      "ResponseHeaders": {
        "Access-Control-Expose-Headers": [
          "Docker-Content-Digest",
          "WWW-Authenticate",
          "Link",
          "X-Ms-Correlation-Request-Id"
        ],
        "Connection": "keep-alive",
        "Content-Length": "208",
        "Content-Type": "application/json; charset=utf-8",
        "Date": "Fri, 11 Nov 2022 19:17:04 GMT",
        "Docker-Distribution-Api-Version": "registry/2.0",
        "Server": "openresty",
        "Strict-Transport-Security": [
          "max-age=31536000; includeSubDomains",
          "max-age=31536000; includeSubDomains"
        ],
        "WWW-Authenticate": "Bearer realm=\u0022https://annelocontainerregistry.azurecr.io/oauth2/token\u0022,service=\u0022annelocontainerregistry.azurecr.io\u0022,scope=\u0022repository:oci-artifact:delete\u0022",
        "X-Content-Type-Options": "nosniff",
        "X-Ms-Correlation-Request-Id": "2aa48df1-6e21-4313-a1da-47b82300fa3c"
      },
      "ResponseBody": {
        "errors": [
          {
            "code": "UNAUTHORIZED",
            "message": "authentication required, visit https://aka.ms/acr/authorization for more information.",
            "detail": [
              {
                "Type": "repository",
                "Name": "oci-artifact",
                "Action": "delete"
              }
            ]
          }
        ]
      }
    },
    {
      "RequestUri": "https://annelocontainerregistry.azurecr.io/oauth2/token?api-version=2021-07-01",
      "RequestMethod": "POST",
      "RequestHeaders": {
        "Accept": "application/json",
        "Content-Length": "132",
        "Content-Type": "application/x-www-form-urlencoded",
        "traceparent": "00-7dc9480654dc3856e94cb0379063765d-af2e98e4c121d6cd-00",
        "User-Agent": "azsdk-net-Containers.ContainerRegistry/1.1.0-alpha.20221111.1 (.NET 6.0.11; Microsoft Windows 10.0.22621)",
        "x-ms-client-request-id": "6f5e6888f46b5da8221d11b0467cc0e6",
        "x-ms-return-client-request-id": "true"
      },
      "RequestBody": "service=annelocontainerregistry.azurecr.io\u0026scope=repository%3Aoci-artifact%3Adelete\u0026refresh_token=Sanitized\u0026grant_type=refresh_token",
      "StatusCode": 200,
      "ResponseHeaders": {
        "Connection": "keep-alive",
        "Content-Type": "application/json; charset=utf-8",
        "Date": "Fri, 11 Nov 2022 19:17:04 GMT",
        "Server": "openresty",
        "Strict-Transport-Security": "max-age=31536000; includeSubDomains",
        "Transfer-Encoding": "chunked",
        "X-Ms-Correlation-Request-Id": "29b9104e-3599-4d28-8bfc-3e3480658542",
        "x-ms-ratelimit-remaining-calls-per-second": "165.75"
      },
      "ResponseBody": {
        "access_token": "Sanitized"
      }
    },
    {
      "RequestUri": "https://annelocontainerregistry.azurecr.io/v2/oci-artifact/manifests/sha256%3A2737d98297a612646af34393778508bce02d3f28ba3858a92cbed4b0e89506c9",
      "RequestMethod": "DELETE",
      "RequestHeaders": {
        "Accept": "application/json",
        "Authorization": "Sanitized",
        "traceparent": "00-7dc9480654dc3856e94cb0379063765d-0a6021d556be8b7b-00",
        "User-Agent": "azsdk-net-Containers.ContainerRegistry/1.1.0-alpha.20221111.1 (.NET 6.0.11; Microsoft Windows 10.0.22621)",
        "x-ms-client-request-id": "55ec4a5db2a1597a6b4bd0ece5f7b396",
        "x-ms-return-client-request-id": "true"
      },
      "RequestBody": null,
      "StatusCode": 202,
      "ResponseHeaders": {
        "Access-Control-Expose-Headers": [
          "Docker-Content-Digest",
          "WWW-Authenticate",
          "Link",
          "X-Ms-Correlation-Request-Id"
        ],
        "Connection": "keep-alive",
        "Content-Length": "0",
        "Date": "Fri, 11 Nov 2022 19:17:05 GMT",
        "Docker-Distribution-Api-Version": "registry/2.0",
        "Server": "openresty",
        "Strict-Transport-Security": [
          "max-age=31536000; includeSubDomains",
          "max-age=31536000; includeSubDomains"
        ],
        "X-Content-Type-Options": "nosniff",
        "X-Ms-Client-Request-Id": "55ec4a5db2a1597a6b4bd0ece5f7b396",
        "X-Ms-Correlation-Request-Id": "fc0faaf6-76f7-4ecc-8265-69b3a7dfe041",
        "X-Ms-Ratelimit-Remaining-Calls-Per-Second": "8.000000",
        "X-Ms-Request-Id": "ce73e841-8a86-4365-81fa-9608d164879e"
      },
      "ResponseBody": null
    }
  ],
  "Variables": {
    "AZURE_AUTHORITY_HOST": "https://login.microsoftonline.com/",
    "CONTAINERREGISTRY_ENDPOINT": "https://annelocontainerregistry.azurecr.io",
    "RandomSeed": "184705064"
  }
}
