{
  "Entries": [
    {
      "RequestUri": "https://annelocontainerregistry.azurecr.io/v2/oci-artifact/blobs/uploads/",
      "RequestMethod": "POST",
      "RequestHeaders": {
        "Accept": "application/json",
        "Content-Length": "0",
        "traceparent": "00-bddea6cd9f35effc3a6c3e81f0b82d9b-593ceaa18086a124-00",
        "User-Agent": "azsdk-net-Containers.ContainerRegistry/1.1.0-alpha.20230130.1 (.NET 6.0.13; Microsoft Windows 10.0.22621)",
        "x-ms-client-request-id": "781d5b6459e858a9b0d394fa9994cca3",
        "x-ms-return-client-request-id": "true"
      },
      "RequestBody": null,
      "StatusCode": 401,
      "ResponseHeaders": {
        "Access-Control-Expose-Headers": [
          "Docker-Content-Digest",
          "WWW-Authenticate",
          "Link",
          "X-Ms-Correlation-Request-Id"
        ],
        "Connection": "keep-alive",
        "Content-Length": "266",
        "Content-Type": "application/json; charset=utf-8",
        "Date": "Mon, 30 Jan 2023 18:37:20 GMT",
        "Docker-Distribution-Api-Version": "registry/2.0",
        "Server": "openresty",
        "Strict-Transport-Security": [
          "max-age=31536000; includeSubDomains",
          "max-age=31536000; includeSubDomains"
        ],
        "WWW-Authenticate": "Bearer realm=\u0022https://annelocontainerregistry.azurecr.io/oauth2/token\u0022,service=\u0022annelocontainerregistry.azurecr.io\u0022,scope=\u0022repository:oci-artifact:pull,push\u0022",
        "X-Content-Type-Options": "nosniff",
        "X-Ms-Correlation-Request-Id": "a244a958-7345-472e-b911-7dd4722d7600"
      },
      "ResponseBody": {
        "errors": [
          {
            "code": "UNAUTHORIZED",
            "message": "authentication required, visit https://aka.ms/acr/authorization for more information.",
            "detail": [
              {
                "Type": "repository",
                "Name": "oci-artifact",
                "Action": "pull"
              },
              {
                "Type": "repository",
                "Name": "oci-artifact",
                "Action": "push"
              }
            ]
          }
        ]
      }
    },
    {
      "RequestUri": "https://annelocontainerregistry.azurecr.io/oauth2/exchange?api-version=2021-07-01",
      "RequestMethod": "POST",
      "RequestHeaders": {
        "Accept": "application/json",
        "Content-Length": "89",
        "Content-Type": "application/x-www-form-urlencoded",
        "traceparent": "00-bddea6cd9f35effc3a6c3e81f0b82d9b-35d1157275ce986e-00",
        "User-Agent": "azsdk-net-Containers.ContainerRegistry/1.1.0-alpha.20230130.1 (.NET 6.0.13; Microsoft Windows 10.0.22621)",
        "x-ms-client-request-id": "acc01e5efc6e79f65f57f4eb74d0325a",
        "x-ms-return-client-request-id": "true"
      },
      "RequestBody": "grant_type=access_token\u0026service=annelocontainerregistry.azurecr.io\u0026access_token=Sanitized",
      "StatusCode": 200,
      "ResponseHeaders": {
        "Connection": "keep-alive",
        "Content-Type": "application/json; charset=utf-8",
        "Date": "Mon, 30 Jan 2023 18:37:20 GMT",
        "Server": "openresty",
        "Strict-Transport-Security": "max-age=31536000; includeSubDomains",
        "Transfer-Encoding": "chunked",
        "X-Ms-Correlation-Request-Id": "709862be-2a8b-476f-9953-227298dd292d",
        "x-ms-ratelimit-remaining-calls-per-second": "166.65"
      },
      "ResponseBody": {
        "refresh_token": "Sanitized.eyJleHAiOjI2MjExODM4Mjl9.Sanitized"
      }
    },
    {
      "RequestUri": "https://annelocontainerregistry.azurecr.io/oauth2/token?api-version=2021-07-01",
      "RequestMethod": "POST",
      "RequestHeaders": {
        "Accept": "application/json",
        "Content-Length": "137",
        "Content-Type": "application/x-www-form-urlencoded",
        "traceparent": "00-bddea6cd9f35effc3a6c3e81f0b82d9b-39f16090cb7049fd-00",
        "User-Agent": "azsdk-net-Containers.ContainerRegistry/1.1.0-alpha.20230130.1 (.NET 6.0.13; Microsoft Windows 10.0.22621)",
        "x-ms-client-request-id": "441013a303a4449682bbcf6bd09dcb25",
        "x-ms-return-client-request-id": "true"
      },
      "RequestBody": "service=annelocontainerregistry.azurecr.io\u0026scope=repository%3Aoci-artifact%3Apull%2Cpush\u0026refresh_token=Sanitized\u0026grant_type=refresh_token",
      "StatusCode": 200,
      "ResponseHeaders": {
        "Connection": "keep-alive",
        "Content-Type": "application/json; charset=utf-8",
        "Date": "Mon, 30 Jan 2023 18:37:20 GMT",
        "Server": "openresty",
        "Strict-Transport-Security": "max-age=31536000; includeSubDomains",
        "Transfer-Encoding": "chunked",
        "X-Ms-Correlation-Request-Id": "52c0e2fd-ede3-49b8-abc4-d303e8af4fb1",
        "x-ms-ratelimit-remaining-calls-per-second": "166.633333"
      },
      "ResponseBody": {
        "access_token": "Sanitized"
      }
    },
    {
      "RequestUri": "https://annelocontainerregistry.azurecr.io/v2/oci-artifact/blobs/uploads/",
      "RequestMethod": "POST",
      "RequestHeaders": {
        "Accept": "application/json",
        "Authorization": "Sanitized",
        "Content-Length": "0",
        "traceparent": "00-bddea6cd9f35effc3a6c3e81f0b82d9b-593ceaa18086a124-00",
        "User-Agent": "azsdk-net-Containers.ContainerRegistry/1.1.0-alpha.20230130.1 (.NET 6.0.13; Microsoft Windows 10.0.22621)",
        "x-ms-client-request-id": "781d5b6459e858a9b0d394fa9994cca3",
        "x-ms-return-client-request-id": "true"
      },
      "RequestBody": null,
      "StatusCode": 202,
      "ResponseHeaders": {
        "Access-Control-Expose-Headers": [
          "Docker-Content-Digest",
          "WWW-Authenticate",
          "Link",
          "X-Ms-Correlation-Request-Id"
        ],
        "Connection": "keep-alive",
        "Content-Length": "0",
        "Date": "Mon, 30 Jan 2023 18:37:20 GMT",
        "Docker-Distribution-Api-Version": "registry/2.0",
        "Docker-Upload-Uuid": "6aab7140-f910-475c-a333-6fb3f73b1b42",
        "Location": "/v2/oci-artifact/blobs/uploads/6aab7140-f910-475c-a333-6fb3f73b1b42?_nouploadcache=false\u0026_state=MtuhesBvl28ylaZBD3RotuLcq3JrCKrqoS7EGMBf9mt7Ik5hbWUiOiJvY2ktYXJ0aWZhY3QiLCJVVUlEIjoiNmFhYjcxNDAtZjkxMC00NzVjLWEzMzMtNmZiM2Y3M2IxYjQyIiwiT2Zmc2V0IjowLCJTdGFydGVkQXQiOiIyMDIzLTAxLTMwVDE4OjM3OjIwLjU0ODEyNDk2M1oifQ%3D%3D",
        "Range": "0-0",
        "Server": "openresty",
        "Strict-Transport-Security": [
          "max-age=31536000; includeSubDomains",
          "max-age=31536000; includeSubDomains"
        ],
        "X-Content-Type-Options": "nosniff",
        "X-Ms-Client-Request-Id": "781d5b6459e858a9b0d394fa9994cca3",
        "X-Ms-Correlation-Request-Id": "61380ad0-0ab7-43b5-8fea-6a1704692c6c",
        "X-Ms-Request-Id": "6117b118-93e7-4a5a-a5b4-e5196b8f082f"
      },
      "ResponseBody": null
    },
    {
      "RequestUri": "https://annelocontainerregistry.azurecr.io/v2/oci-artifact/blobs/uploads/6aab7140-f910-475c-a333-6fb3f73b1b42?_nouploadcache=false\u0026_state=MtuhesBvl28ylaZBD3RotuLcq3JrCKrqoS7EGMBf9mt7Ik5hbWUiOiJvY2ktYXJ0aWZhY3QiLCJVVUlEIjoiNmFhYjcxNDAtZjkxMC00NzVjLWEzMzMtNmZiM2Y3M2IxYjQyIiwiT2Zmc2V0IjowLCJTdGFydGVkQXQiOiIyMDIzLTAxLTMwVDE4OjM3OjIwLjU0ODEyNDk2M1oifQ%3D%3D",
      "RequestMethod": "PATCH",
      "RequestHeaders": {
        "Accept": "application/json",
        "Content-Length": "171",
        "Content-Type": "application/octet-stream",
        "traceparent": "00-bddea6cd9f35effc3a6c3e81f0b82d9b-6e556340392d2298-00",
        "User-Agent": "azsdk-net-Containers.ContainerRegistry/1.1.0-alpha.20230130.1 (.NET 6.0.13; Microsoft Windows 10.0.22621)",
        "x-ms-client-request-id": "404259458ef0683765a4199065bee3e0",
        "x-ms-return-client-request-id": "true"
      },
      "RequestBody": "H4sIAAAAAAAA/\u002BzRwcrCMBAE4Dn/8L9DD551tulmn6dUq4VioUb06VUsORU8aRQx32VzSjYzi2bYt90WKZGkmU2T5HxOZ6lo6lTNPCjUUlFo0q2i4yHUI8hn75l/7kvE/lf1GLq2bsIynMOr37jn4b1/3L\u002BrYv9lWYkDxYkoireE\u002BOP9Xy87bNCjx4ACJwwY0WONf/x9erUsy7IsoVsAAAD//yO/fykACgAA",
      "StatusCode": 401,
      "ResponseHeaders": {
        "Access-Control-Expose-Headers": [
          "Docker-Content-Digest",
          "WWW-Authenticate",
          "Link",
          "X-Ms-Correlation-Request-Id"
        ],
        "Connection": "keep-alive",
        "Content-Length": "266",
        "Content-Type": "application/json; charset=utf-8",
        "Date": "Mon, 30 Jan 2023 18:37:20 GMT",
        "Docker-Distribution-Api-Version": "registry/2.0",
        "Server": "openresty",
        "Strict-Transport-Security": [
          "max-age=31536000; includeSubDomains",
          "max-age=31536000; includeSubDomains"
        ],
        "WWW-Authenticate": "Bearer realm=\u0022https://annelocontainerregistry.azurecr.io/oauth2/token\u0022,service=\u0022annelocontainerregistry.azurecr.io\u0022,scope=\u0022repository:oci-artifact:pull,push\u0022",
        "X-Content-Type-Options": "nosniff",
        "X-Ms-Correlation-Request-Id": "f604c23f-a22a-43d2-b5dd-fc1f748bf522"
      },
      "ResponseBody": {
        "errors": [
          {
            "code": "UNAUTHORIZED",
            "message": "authentication required, visit https://aka.ms/acr/authorization for more information.",
            "detail": [
              {
                "Type": "repository",
                "Name": "oci-artifact",
                "Action": "pull"
              },
              {
                "Type": "repository",
                "Name": "oci-artifact",
                "Action": "push"
              }
            ]
          }
        ]
      }
    },
    {
      "RequestUri": "https://annelocontainerregistry.azurecr.io/oauth2/token?api-version=2021-07-01",
      "RequestMethod": "POST",
      "RequestHeaders": {
        "Accept": "application/json",
        "Content-Length": "137",
        "Content-Type": "application/x-www-form-urlencoded",
        "traceparent": "00-bddea6cd9f35effc3a6c3e81f0b82d9b-b9c3b213b5211c27-00",
        "User-Agent": "azsdk-net-Containers.ContainerRegistry/1.1.0-alpha.20230130.1 (.NET 6.0.13; Microsoft Windows 10.0.22621)",
        "x-ms-client-request-id": "86573aa087845afe877c29b22c8aa9c2",
        "x-ms-return-client-request-id": "true"
      },
      "RequestBody": "service=annelocontainerregistry.azurecr.io\u0026scope=repository%3Aoci-artifact%3Apull%2Cpush\u0026refresh_token=Sanitized\u0026grant_type=refresh_token",
      "StatusCode": 200,
      "ResponseHeaders": {
        "Connection": "keep-alive",
        "Content-Type": "application/json; charset=utf-8",
        "Date": "Mon, 30 Jan 2023 18:37:20 GMT",
        "Server": "openresty",
        "Strict-Transport-Security": "max-age=31536000; includeSubDomains",
        "Transfer-Encoding": "chunked",
        "X-Ms-Correlation-Request-Id": "88c5ebfa-d300-4ded-8279-d236cfbf3103",
        "x-ms-ratelimit-remaining-calls-per-second": "166.616667"
      },
      "ResponseBody": {
        "access_token": "Sanitized"
      }
    },
    {
      "RequestUri": "https://annelocontainerregistry.azurecr.io/v2/oci-artifact/blobs/uploads/6aab7140-f910-475c-a333-6fb3f73b1b42?_nouploadcache=false\u0026_state=MtuhesBvl28ylaZBD3RotuLcq3JrCKrqoS7EGMBf9mt7Ik5hbWUiOiJvY2ktYXJ0aWZhY3QiLCJVVUlEIjoiNmFhYjcxNDAtZjkxMC00NzVjLWEzMzMtNmZiM2Y3M2IxYjQyIiwiT2Zmc2V0IjowLCJTdGFydGVkQXQiOiIyMDIzLTAxLTMwVDE4OjM3OjIwLjU0ODEyNDk2M1oifQ%3D%3D",
      "RequestMethod": "PATCH",
      "RequestHeaders": {
        "Accept": "application/json",
        "Authorization": "Sanitized",
        "Content-Length": "171",
        "Content-Type": "application/octet-stream",
        "traceparent": "00-bddea6cd9f35effc3a6c3e81f0b82d9b-6e556340392d2298-00",
        "User-Agent": "azsdk-net-Containers.ContainerRegistry/1.1.0-alpha.20230130.1 (.NET 6.0.13; Microsoft Windows 10.0.22621)",
        "x-ms-client-request-id": "404259458ef0683765a4199065bee3e0",
        "x-ms-return-client-request-id": "true"
      },
      "RequestBody": "H4sIAAAAAAAA/\u002BzRwcrCMBAE4Dn/8L9DD551tulmn6dUq4VioUb06VUsORU8aRQx32VzSjYzi2bYt90WKZGkmU2T5HxOZ6lo6lTNPCjUUlFo0q2i4yHUI8hn75l/7kvE/lf1GLq2bsIynMOr37jn4b1/3L\u002BrYv9lWYkDxYkoireE\u002BOP9Xy87bNCjx4ACJwwY0WONf/x9erUsy7IsoVsAAAD//yO/fykACgAA",
      "StatusCode": 202,
      "ResponseHeaders": {
        "Access-Control-Expose-Headers": [
          "Docker-Content-Digest",
          "WWW-Authenticate",
          "Link",
          "X-Ms-Correlation-Request-Id"
        ],
        "Connection": "keep-alive",
        "Content-Length": "0",
        "Date": "Mon, 30 Jan 2023 18:37:20 GMT",
        "Docker-Distribution-Api-Version": "registry/2.0",
        "Docker-Upload-Uuid": "6aab7140-f910-475c-a333-6fb3f73b1b42",
        "Location": "/v2/oci-artifact/blobs/uploads/6aab7140-f910-475c-a333-6fb3f73b1b42?_nouploadcache=false\u0026_state=3p24Xx6vk5xVWMa7C_Kn9_6Kd9IrcGvlkaBMZysODSB7Ik5hbWUiOiJvY2ktYXJ0aWZhY3QiLCJVVUlEIjoiNmFhYjcxNDAtZjkxMC00NzVjLWEzMzMtNmZiM2Y3M2IxYjQyIiwiT2Zmc2V0IjoxNzEsIlN0YXJ0ZWRBdCI6IjIwMjMtMDEtMzBUMTg6Mzc6MjBaIn0%3D",
        "Range": "0-170",
        "Server": "openresty",
        "Strict-Transport-Security": [
          "max-age=31536000; includeSubDomains",
          "max-age=31536000; includeSubDomains"
        ],
        "X-Content-Type-Options": "nosniff",
        "X-Ms-Client-Request-Id": "404259458ef0683765a4199065bee3e0",
        "X-Ms-Correlation-Request-Id": "7b44ca85-e91d-4fcd-99ef-4c708bfb5903",
        "X-Ms-Request-Id": "aad3fdf3-8f96-43df-bde4-49767487e602"
      },
      "ResponseBody": null
    },
    {
      "RequestUri": "https://annelocontainerregistry.azurecr.io/v2/oci-artifact/blobs/uploads/6aab7140-f910-475c-a333-6fb3f73b1b42?_nouploadcache=false\u0026_state=3p24Xx6vk5xVWMa7C_Kn9_6Kd9IrcGvlkaBMZysODSB7Ik5hbWUiOiJvY2ktYXJ0aWZhY3QiLCJVVUlEIjoiNmFhYjcxNDAtZjkxMC00NzVjLWEzMzMtNmZiM2Y3M2IxYjQyIiwiT2Zmc2V0IjoxNzEsIlN0YXJ0ZWRBdCI6IjIwMjMtMDEtMzBUMTg6Mzc6MjBaIn0%3D\u0026digest=sha256%3Ad25b42d3dbad5361ed2d909624d899e7254a822c9a632b582ebd3a44f9b0dbc8",
      "RequestMethod": "PUT",
      "RequestHeaders": {
        "Accept": "application/json",
        "Content-Length": "0",
        "traceparent": "00-bddea6cd9f35effc3a6c3e81f0b82d9b-1a24ed0d984aa27f-00",
        "User-Agent": "azsdk-net-Containers.ContainerRegistry/1.1.0-alpha.20230130.1 (.NET 6.0.13; Microsoft Windows 10.0.22621)",
        "x-ms-client-request-id": "1aa6ce8bf18d1569dca8df00ea06dec4",
        "x-ms-return-client-request-id": "true"
      },
      "RequestBody": null,
      "StatusCode": 401,
      "ResponseHeaders": {
        "Access-Control-Expose-Headers": [
          "Docker-Content-Digest",
          "WWW-Authenticate",
          "Link",
          "X-Ms-Correlation-Request-Id"
        ],
        "Connection": "keep-alive",
        "Content-Length": "266",
        "Content-Type": "application/json; charset=utf-8",
        "Date": "Mon, 30 Jan 2023 18:37:20 GMT",
        "Docker-Distribution-Api-Version": "registry/2.0",
        "Server": "openresty",
        "Strict-Transport-Security": [
          "max-age=31536000; includeSubDomains",
          "max-age=31536000; includeSubDomains"
        ],
        "WWW-Authenticate": "Bearer realm=\u0022https://annelocontainerregistry.azurecr.io/oauth2/token\u0022,service=\u0022annelocontainerregistry.azurecr.io\u0022,scope=\u0022repository:oci-artifact:pull,push\u0022",
        "X-Content-Type-Options": "nosniff",
        "X-Ms-Correlation-Request-Id": "3a15f450-d7f8-43cf-abe4-5ef83350f066"
      },
      "ResponseBody": {
        "errors": [
          {
            "code": "UNAUTHORIZED",
            "message": "authentication required, visit https://aka.ms/acr/authorization for more information.",
            "detail": [
              {
                "Type": "repository",
                "Name": "oci-artifact",
                "Action": "pull"
              },
              {
                "Type": "repository",
                "Name": "oci-artifact",
                "Action": "push"
              }
            ]
          }
        ]
      }
    },
    {
      "RequestUri": "https://annelocontainerregistry.azurecr.io/oauth2/token?api-version=2021-07-01",
      "RequestMethod": "POST",
      "RequestHeaders": {
        "Accept": "application/json",
        "Content-Length": "137",
        "Content-Type": "application/x-www-form-urlencoded",
        "traceparent": "00-bddea6cd9f35effc3a6c3e81f0b82d9b-0687934e2efec793-00",
        "User-Agent": "azsdk-net-Containers.ContainerRegistry/1.1.0-alpha.20230130.1 (.NET 6.0.13; Microsoft Windows 10.0.22621)",
        "x-ms-client-request-id": "95caefd74546bda15ae7b87464843bda",
        "x-ms-return-client-request-id": "true"
      },
      "RequestBody": "service=annelocontainerregistry.azurecr.io\u0026scope=repository%3Aoci-artifact%3Apull%2Cpush\u0026refresh_token=Sanitized\u0026grant_type=refresh_token",
      "StatusCode": 200,
      "ResponseHeaders": {
        "Connection": "keep-alive",
        "Content-Type": "application/json; charset=utf-8",
        "Date": "Mon, 30 Jan 2023 18:37:20 GMT",
        "Server": "openresty",
        "Strict-Transport-Security": "max-age=31536000; includeSubDomains",
        "Transfer-Encoding": "chunked",
        "X-Ms-Correlation-Request-Id": "8f54de3c-dc7b-4b91-921e-a900eaa89769",
        "x-ms-ratelimit-remaining-calls-per-second": "166.6"
      },
      "ResponseBody": {
        "access_token": "Sanitized"
      }
    },
    {
      "RequestUri": "https://annelocontainerregistry.azurecr.io/v2/oci-artifact/blobs/uploads/6aab7140-f910-475c-a333-6fb3f73b1b42?_nouploadcache=false\u0026_state=3p24Xx6vk5xVWMa7C_Kn9_6Kd9IrcGvlkaBMZysODSB7Ik5hbWUiOiJvY2ktYXJ0aWZhY3QiLCJVVUlEIjoiNmFhYjcxNDAtZjkxMC00NzVjLWEzMzMtNmZiM2Y3M2IxYjQyIiwiT2Zmc2V0IjoxNzEsIlN0YXJ0ZWRBdCI6IjIwMjMtMDEtMzBUMTg6Mzc6MjBaIn0%3D\u0026digest=sha256%3Ad25b42d3dbad5361ed2d909624d899e7254a822c9a632b582ebd3a44f9b0dbc8",
      "RequestMethod": "PUT",
      "RequestHeaders": {
        "Accept": "application/json",
        "Authorization": "Sanitized",
        "Content-Length": "0",
        "traceparent": "00-bddea6cd9f35effc3a6c3e81f0b82d9b-1a24ed0d984aa27f-00",
        "User-Agent": "azsdk-net-Containers.ContainerRegistry/1.1.0-alpha.20230130.1 (.NET 6.0.13; Microsoft Windows 10.0.22621)",
        "x-ms-client-request-id": "1aa6ce8bf18d1569dca8df00ea06dec4",
        "x-ms-return-client-request-id": "true"
      },
      "RequestBody": null,
      "StatusCode": 201,
      "ResponseHeaders": {
        "Access-Control-Expose-Headers": [
          "Docker-Content-Digest",
          "WWW-Authenticate",
          "Link",
          "X-Ms-Correlation-Request-Id"
        ],
        "Connection": "keep-alive",
        "Content-Length": "0",
        "Date": "Mon, 30 Jan 2023 18:37:21 GMT",
        "Docker-Content-Digest": "sha256:d25b42d3dbad5361ed2d909624d899e7254a822c9a632b582ebd3a44f9b0dbc8",
        "Docker-Distribution-Api-Version": "registry/2.0",
        "Location": "/v2/oci-artifact/blobs/sha256:d25b42d3dbad5361ed2d909624d899e7254a822c9a632b582ebd3a44f9b0dbc8",
        "Server": "openresty",
        "Strict-Transport-Security": [
          "max-age=31536000; includeSubDomains",
          "max-age=31536000; includeSubDomains"
        ],
        "X-Content-Type-Options": "nosniff",
        "X-Ms-Client-Request-Id": "1aa6ce8bf18d1569dca8df00ea06dec4",
        "X-Ms-Correlation-Request-Id": "272dd910-2fa7-46d8-a8e5-34fc6e07f8e5",
        "X-Ms-Request-Id": "11723a47-b903-4dd3-ab0f-c5e4e72fc12c"
      },
      "ResponseBody": null
    },
    {
      "RequestUri": "https://annelocontainerregistry.azurecr.io/v2/oci-artifact/blobs/uploads/",
      "RequestMethod": "POST",
      "RequestHeaders": {
        "Accept": "application/json",
        "Content-Length": "0",
        "traceparent": "00-37fed3fb2a6d66e011c8e3f84bde66fb-61b0f067c72c72cb-00",
        "User-Agent": "azsdk-net-Containers.ContainerRegistry/1.1.0-alpha.20230130.1 (.NET 6.0.13; Microsoft Windows 10.0.22621)",
        "x-ms-client-request-id": "960457fbc917ae53d041a9dca8fe7081",
        "x-ms-return-client-request-id": "true"
      },
      "RequestBody": null,
      "StatusCode": 401,
      "ResponseHeaders": {
        "Access-Control-Expose-Headers": [
          "Docker-Content-Digest",
          "WWW-Authenticate",
          "Link",
          "X-Ms-Correlation-Request-Id"
        ],
        "Connection": "keep-alive",
        "Content-Length": "266",
        "Content-Type": "application/json; charset=utf-8",
        "Date": "Mon, 30 Jan 2023 18:37:21 GMT",
        "Docker-Distribution-Api-Version": "registry/2.0",
        "Server": "openresty",
        "Strict-Transport-Security": [
          "max-age=31536000; includeSubDomains",
          "max-age=31536000; includeSubDomains"
        ],
        "WWW-Authenticate": "Bearer realm=\u0022https://annelocontainerregistry.azurecr.io/oauth2/token\u0022,service=\u0022annelocontainerregistry.azurecr.io\u0022,scope=\u0022repository:oci-artifact:push,pull\u0022",
        "X-Content-Type-Options": "nosniff",
        "X-Ms-Correlation-Request-Id": "bafcbdaa-3493-4994-ade7-d86b0a8b62ed"
      },
      "ResponseBody": {
        "errors": [
          {
            "code": "UNAUTHORIZED",
            "message": "authentication required, visit https://aka.ms/acr/authorization for more information.",
            "detail": [
              {
                "Type": "repository",
                "Name": "oci-artifact",
                "Action": "pull"
              },
              {
                "Type": "repository",
                "Name": "oci-artifact",
                "Action": "push"
              }
            ]
          }
        ]
      }
    },
    {
      "RequestUri": "https://annelocontainerregistry.azurecr.io/oauth2/token?api-version=2021-07-01",
      "RequestMethod": "POST",
      "RequestHeaders": {
        "Accept": "application/json",
        "Content-Length": "137",
        "Content-Type": "application/x-www-form-urlencoded",
        "traceparent": "00-37fed3fb2a6d66e011c8e3f84bde66fb-3fcbc79b856fa4ff-00",
        "User-Agent": "azsdk-net-Containers.ContainerRegistry/1.1.0-alpha.20230130.1 (.NET 6.0.13; Microsoft Windows 10.0.22621)",
        "x-ms-client-request-id": "3cdb659d13c0457b2de9bfa539f5b158",
        "x-ms-return-client-request-id": "true"
      },
      "RequestBody": "service=annelocontainerregistry.azurecr.io\u0026scope=repository%3Aoci-artifact%3Apush%2Cpull\u0026refresh_token=Sanitized\u0026grant_type=refresh_token",
      "StatusCode": 200,
      "ResponseHeaders": {
        "Connection": "keep-alive",
        "Content-Type": "application/json; charset=utf-8",
        "Date": "Mon, 30 Jan 2023 18:37:21 GMT",
        "Server": "openresty",
        "Strict-Transport-Security": "max-age=31536000; includeSubDomains",
        "Transfer-Encoding": "chunked",
        "X-Ms-Correlation-Request-Id": "3e96046c-8c50-4f69-b40b-71ab4d8d1978",
        "x-ms-ratelimit-remaining-calls-per-second": "166.583333"
      },
      "ResponseBody": {
        "access_token": "Sanitized"
      }
    },
    {
      "RequestUri": "https://annelocontainerregistry.azurecr.io/v2/oci-artifact/blobs/uploads/",
      "RequestMethod": "POST",
      "RequestHeaders": {
        "Accept": "application/json",
        "Authorization": "Sanitized",
        "Content-Length": "0",
        "traceparent": "00-37fed3fb2a6d66e011c8e3f84bde66fb-61b0f067c72c72cb-00",
        "User-Agent": "azsdk-net-Containers.ContainerRegistry/1.1.0-alpha.20230130.1 (.NET 6.0.13; Microsoft Windows 10.0.22621)",
        "x-ms-client-request-id": "960457fbc917ae53d041a9dca8fe7081",
        "x-ms-return-client-request-id": "true"
      },
      "RequestBody": null,
      "StatusCode": 202,
      "ResponseHeaders": {
        "Access-Control-Expose-Headers": [
          "Docker-Content-Digest",
          "WWW-Authenticate",
          "Link",
          "X-Ms-Correlation-Request-Id"
        ],
        "Connection": "keep-alive",
        "Content-Length": "0",
        "Date": "Mon, 30 Jan 2023 18:37:21 GMT",
        "Docker-Distribution-Api-Version": "registry/2.0",
        "Docker-Upload-Uuid": "da3204c9-b46c-4248-ae68-d770f690a40b",
        "Location": "/v2/oci-artifact/blobs/uploads/da3204c9-b46c-4248-ae68-d770f690a40b?_nouploadcache=false\u0026_state=0indCLH1SMBVILL_ZsrOlR_p-0zWS8LWJVFo12Ruf1h7Ik5hbWUiOiJvY2ktYXJ0aWZhY3QiLCJVVUlEIjoiZGEzMjA0YzktYjQ2Yy00MjQ4LWFlNjgtZDc3MGY2OTBhNDBiIiwiT2Zmc2V0IjowLCJTdGFydGVkQXQiOiIyMDIzLTAxLTMwVDE4OjM3OjIxLjE2NTA4OTI1MVoifQ%3D%3D",
        "Range": "0-0",
        "Server": "openresty",
        "Strict-Transport-Security": [
          "max-age=31536000; includeSubDomains",
          "max-age=31536000; includeSubDomains"
        ],
        "X-Content-Type-Options": "nosniff",
        "X-Ms-Client-Request-Id": "960457fbc917ae53d041a9dca8fe7081",
        "X-Ms-Correlation-Request-Id": "2afa98c3-2f06-4089-9f85-2ba27246ecec",
        "X-Ms-Request-Id": "e661b5ed-0b2e-4c37-bb23-719e628ab865"
      },
      "ResponseBody": null
    },
    {
      "RequestUri": "https://annelocontainerregistry.azurecr.io/v2/oci-artifact/blobs/uploads/da3204c9-b46c-4248-ae68-d770f690a40b?_nouploadcache=false\u0026_state=0indCLH1SMBVILL_ZsrOlR_p-0zWS8LWJVFo12Ruf1h7Ik5hbWUiOiJvY2ktYXJ0aWZhY3QiLCJVVUlEIjoiZGEzMjA0YzktYjQ2Yy00MjQ4LWFlNjgtZDc3MGY2OTBhNDBiIiwiT2Zmc2V0IjowLCJTdGFydGVkQXQiOiIyMDIzLTAxLTMwVDE4OjM3OjIxLjE2NTA4OTI1MVoifQ%3D%3D",
      "RequestMethod": "PATCH",
      "RequestHeaders": {
        "Accept": "application/json",
        "Content-Length": "28",
        "Content-Type": "application/octet-stream",
        "traceparent": "00-37fed3fb2a6d66e011c8e3f84bde66fb-6969b532a2e17e1b-00",
        "User-Agent": "azsdk-net-Containers.ContainerRegistry/1.1.0-alpha.20230130.1 (.NET 6.0.13; Microsoft Windows 10.0.22621)",
        "x-ms-client-request-id": "9205056c47010eac9c1bc5049cc5145c",
        "x-ms-return-client-request-id": "true"
      },
      "RequestBody": "//5oAGUAbABsAG8AIAB3AG8AcgBsAGQADQAKAA==",
      "StatusCode": 401,
      "ResponseHeaders": {
        "Access-Control-Expose-Headers": [
          "Docker-Content-Digest",
          "WWW-Authenticate",
          "Link",
          "X-Ms-Correlation-Request-Id"
        ],
        "Connection": "keep-alive",
        "Content-Length": "266",
        "Content-Type": "application/json; charset=utf-8",
        "Date": "Mon, 30 Jan 2023 18:37:21 GMT",
        "Docker-Distribution-Api-Version": "registry/2.0",
        "Server": "openresty",
        "Strict-Transport-Security": [
          "max-age=31536000; includeSubDomains",
          "max-age=31536000; includeSubDomains"
        ],
        "WWW-Authenticate": "Bearer realm=\u0022https://annelocontainerregistry.azurecr.io/oauth2/token\u0022,service=\u0022annelocontainerregistry.azurecr.io\u0022,scope=\u0022repository:oci-artifact:pull,push\u0022",
        "X-Content-Type-Options": "nosniff",
        "X-Ms-Correlation-Request-Id": "1245bfca-95ec-4bb6-95df-9f47b8d4a359"
      },
      "ResponseBody": {
        "errors": [
          {
            "code": "UNAUTHORIZED",
            "message": "authentication required, visit https://aka.ms/acr/authorization for more information.",
            "detail": [
              {
                "Type": "repository",
                "Name": "oci-artifact",
                "Action": "pull"
              },
              {
                "Type": "repository",
                "Name": "oci-artifact",
                "Action": "push"
              }
            ]
          }
        ]
      }
    },
    {
      "RequestUri": "https://annelocontainerregistry.azurecr.io/oauth2/token?api-version=2021-07-01",
      "RequestMethod": "POST",
      "RequestHeaders": {
        "Accept": "application/json",
        "Content-Length": "137",
        "Content-Type": "application/x-www-form-urlencoded",
        "traceparent": "00-37fed3fb2a6d66e011c8e3f84bde66fb-51423085f08c85ec-00",
        "User-Agent": "azsdk-net-Containers.ContainerRegistry/1.1.0-alpha.20230130.1 (.NET 6.0.13; Microsoft Windows 10.0.22621)",
        "x-ms-client-request-id": "ffd63777ffa8e71adbbe692e09ad75db",
        "x-ms-return-client-request-id": "true"
      },
      "RequestBody": "service=annelocontainerregistry.azurecr.io\u0026scope=repository%3Aoci-artifact%3Apull%2Cpush\u0026refresh_token=Sanitized\u0026grant_type=refresh_token",
      "StatusCode": 200,
      "ResponseHeaders": {
        "Connection": "keep-alive",
        "Content-Type": "application/json; charset=utf-8",
        "Date": "Mon, 30 Jan 2023 18:37:21 GMT",
        "Server": "openresty",
        "Strict-Transport-Security": "max-age=31536000; includeSubDomains",
        "Transfer-Encoding": "chunked",
        "X-Ms-Correlation-Request-Id": "7e370092-e0d9-4fd2-baad-f2f34e713ef9",
        "x-ms-ratelimit-remaining-calls-per-second": "166.566667"
      },
      "ResponseBody": {
        "access_token": "Sanitized"
      }
    },
    {
      "RequestUri": "https://annelocontainerregistry.azurecr.io/v2/oci-artifact/blobs/uploads/da3204c9-b46c-4248-ae68-d770f690a40b?_nouploadcache=false\u0026_state=0indCLH1SMBVILL_ZsrOlR_p-0zWS8LWJVFo12Ruf1h7Ik5hbWUiOiJvY2ktYXJ0aWZhY3QiLCJVVUlEIjoiZGEzMjA0YzktYjQ2Yy00MjQ4LWFlNjgtZDc3MGY2OTBhNDBiIiwiT2Zmc2V0IjowLCJTdGFydGVkQXQiOiIyMDIzLTAxLTMwVDE4OjM3OjIxLjE2NTA4OTI1MVoifQ%3D%3D",
      "RequestMethod": "PATCH",
      "RequestHeaders": {
        "Accept": "application/json",
        "Authorization": "Sanitized",
        "Content-Length": "28",
        "Content-Type": "application/octet-stream",
        "traceparent": "00-37fed3fb2a6d66e011c8e3f84bde66fb-6969b532a2e17e1b-00",
        "User-Agent": "azsdk-net-Containers.ContainerRegistry/1.1.0-alpha.20230130.1 (.NET 6.0.13; Microsoft Windows 10.0.22621)",
        "x-ms-client-request-id": "9205056c47010eac9c1bc5049cc5145c",
        "x-ms-return-client-request-id": "true"
      },
      "RequestBody": "//5oAGUAbABsAG8AIAB3AG8AcgBsAGQADQAKAA==",
      "StatusCode": 202,
      "ResponseHeaders": {
        "Access-Control-Expose-Headers": [
          "Docker-Content-Digest",
          "WWW-Authenticate",
          "Link",
          "X-Ms-Correlation-Request-Id"
        ],
        "Connection": "keep-alive",
        "Content-Length": "0",
        "Date": "Mon, 30 Jan 2023 18:37:21 GMT",
        "Docker-Distribution-Api-Version": "registry/2.0",
        "Docker-Upload-Uuid": "da3204c9-b46c-4248-ae68-d770f690a40b",
        "Location": "/v2/oci-artifact/blobs/uploads/da3204c9-b46c-4248-ae68-d770f690a40b?_nouploadcache=false\u0026_state=-IZqcysuuBd2k_rtxjHrBZM-g25id7A1mLTtZx3iqAN7Ik5hbWUiOiJvY2ktYXJ0aWZhY3QiLCJVVUlEIjoiZGEzMjA0YzktYjQ2Yy00MjQ4LWFlNjgtZDc3MGY2OTBhNDBiIiwiT2Zmc2V0IjoyOCwiU3RhcnRlZEF0IjoiMjAyMy0wMS0zMFQxODozNzoyMVoifQ%3D%3D",
        "Range": "0-27",
        "Server": "openresty",
        "Strict-Transport-Security": [
          "max-age=31536000; includeSubDomains",
          "max-age=31536000; includeSubDomains"
        ],
        "X-Content-Type-Options": "nosniff",
        "X-Ms-Client-Request-Id": "9205056c47010eac9c1bc5049cc5145c",
        "X-Ms-Correlation-Request-Id": "de16a24f-d3f1-43af-a0e0-5fb6fc9d90b5",
        "X-Ms-Request-Id": "e0777f48-7cff-4cad-9c42-a7297b3b5d96"
      },
      "ResponseBody": null
    },
    {
      "RequestUri": "https://annelocontainerregistry.azurecr.io/v2/oci-artifact/blobs/uploads/da3204c9-b46c-4248-ae68-d770f690a40b?_nouploadcache=false\u0026_state=-IZqcysuuBd2k_rtxjHrBZM-g25id7A1mLTtZx3iqAN7Ik5hbWUiOiJvY2ktYXJ0aWZhY3QiLCJVVUlEIjoiZGEzMjA0YzktYjQ2Yy00MjQ4LWFlNjgtZDc3MGY2OTBhNDBiIiwiT2Zmc2V0IjoyOCwiU3RhcnRlZEF0IjoiMjAyMy0wMS0zMFQxODozNzoyMVoifQ%3D%3D\u0026digest=sha256%3A654b93f61054e4ce90ed203bb8d556a6200d5f906cf3eca0620738d6dc18cbed",
      "RequestMethod": "PUT",
      "RequestHeaders": {
        "Accept": "application/json",
        "Content-Length": "0",
        "traceparent": "00-37fed3fb2a6d66e011c8e3f84bde66fb-3a907a1f19078874-00",
        "User-Agent": "azsdk-net-Containers.ContainerRegistry/1.1.0-alpha.20230130.1 (.NET 6.0.13; Microsoft Windows 10.0.22621)",
        "x-ms-client-request-id": "a26f5190def8557fb8cd9fa44d77a968",
        "x-ms-return-client-request-id": "true"
      },
      "RequestBody": null,
      "StatusCode": 401,
      "ResponseHeaders": {
        "Access-Control-Expose-Headers": [
          "Docker-Content-Digest",
          "WWW-Authenticate",
          "Link",
          "X-Ms-Correlation-Request-Id"
        ],
        "Connection": "keep-alive",
        "Content-Length": "266",
        "Content-Type": "application/json; charset=utf-8",
        "Date": "Mon, 30 Jan 2023 18:37:21 GMT",
        "Docker-Distribution-Api-Version": "registry/2.0",
        "Server": "openresty",
        "Strict-Transport-Security": [
          "max-age=31536000; includeSubDomains",
          "max-age=31536000; includeSubDomains"
        ],
        "WWW-Authenticate": "Bearer realm=\u0022https://annelocontainerregistry.azurecr.io/oauth2/token\u0022,service=\u0022annelocontainerregistry.azurecr.io\u0022,scope=\u0022repository:oci-artifact:pull,push\u0022",
        "X-Content-Type-Options": "nosniff",
        "X-Ms-Correlation-Request-Id": "a34b84fd-698c-42ee-9caa-cfa37c061898"
      },
      "ResponseBody": {
        "errors": [
          {
            "code": "UNAUTHORIZED",
            "message": "authentication required, visit https://aka.ms/acr/authorization for more information.",
            "detail": [
              {
                "Type": "repository",
                "Name": "oci-artifact",
                "Action": "pull"
              },
              {
                "Type": "repository",
                "Name": "oci-artifact",
                "Action": "push"
              }
            ]
          }
        ]
      }
    },
    {
      "RequestUri": "https://annelocontainerregistry.azurecr.io/oauth2/token?api-version=2021-07-01",
      "RequestMethod": "POST",
      "RequestHeaders": {
        "Accept": "application/json",
        "Content-Length": "137",
        "Content-Type": "application/x-www-form-urlencoded",
        "traceparent": "00-37fed3fb2a6d66e011c8e3f84bde66fb-69989f2a8b145764-00",
        "User-Agent": "azsdk-net-Containers.ContainerRegistry/1.1.0-alpha.20230130.1 (.NET 6.0.13; Microsoft Windows 10.0.22621)",
        "x-ms-client-request-id": "022e63d4b11f6cafeb1db743de7e05ee",
        "x-ms-return-client-request-id": "true"
      },
      "RequestBody": "service=annelocontainerregistry.azurecr.io\u0026scope=repository%3Aoci-artifact%3Apull%2Cpush\u0026refresh_token=Sanitized\u0026grant_type=refresh_token",
      "StatusCode": 200,
      "ResponseHeaders": {
        "Connection": "keep-alive",
        "Content-Type": "application/json; charset=utf-8",
        "Date": "Mon, 30 Jan 2023 18:37:21 GMT",
        "Server": "openresty",
        "Strict-Transport-Security": "max-age=31536000; includeSubDomains",
        "Transfer-Encoding": "chunked",
        "X-Ms-Correlation-Request-Id": "1f5c0398-ba9e-4bf8-86e5-537e38884201",
        "x-ms-ratelimit-remaining-calls-per-second": "166.55"
      },
      "ResponseBody": {
        "access_token": "Sanitized"
      }
    },
    {
      "RequestUri": "https://annelocontainerregistry.azurecr.io/v2/oci-artifact/blobs/uploads/da3204c9-b46c-4248-ae68-d770f690a40b?_nouploadcache=false\u0026_state=-IZqcysuuBd2k_rtxjHrBZM-g25id7A1mLTtZx3iqAN7Ik5hbWUiOiJvY2ktYXJ0aWZhY3QiLCJVVUlEIjoiZGEzMjA0YzktYjQ2Yy00MjQ4LWFlNjgtZDc3MGY2OTBhNDBiIiwiT2Zmc2V0IjoyOCwiU3RhcnRlZEF0IjoiMjAyMy0wMS0zMFQxODozNzoyMVoifQ%3D%3D\u0026digest=sha256%3A654b93f61054e4ce90ed203bb8d556a6200d5f906cf3eca0620738d6dc18cbed",
      "RequestMethod": "PUT",
      "RequestHeaders": {
        "Accept": "application/json",
        "Authorization": "Sanitized",
        "Content-Length": "0",
        "traceparent": "00-37fed3fb2a6d66e011c8e3f84bde66fb-3a907a1f19078874-00",
        "User-Agent": "azsdk-net-Containers.ContainerRegistry/1.1.0-alpha.20230130.1 (.NET 6.0.13; Microsoft Windows 10.0.22621)",
        "x-ms-client-request-id": "a26f5190def8557fb8cd9fa44d77a968",
        "x-ms-return-client-request-id": "true"
      },
      "RequestBody": null,
      "StatusCode": 201,
      "ResponseHeaders": {
        "Access-Control-Expose-Headers": [
          "Docker-Content-Digest",
          "WWW-Authenticate",
          "Link",
          "X-Ms-Correlation-Request-Id"
        ],
        "Connection": "keep-alive",
        "Content-Length": "0",
        "Date": "Mon, 30 Jan 2023 18:37:21 GMT",
        "Docker-Content-Digest": "sha256:654b93f61054e4ce90ed203bb8d556a6200d5f906cf3eca0620738d6dc18cbed",
        "Docker-Distribution-Api-Version": "registry/2.0",
        "Location": "/v2/oci-artifact/blobs/sha256:654b93f61054e4ce90ed203bb8d556a6200d5f906cf3eca0620738d6dc18cbed",
        "Server": "openresty",
        "Strict-Transport-Security": [
          "max-age=31536000; includeSubDomains",
          "max-age=31536000; includeSubDomains"
        ],
        "X-Content-Type-Options": "nosniff",
        "X-Ms-Client-Request-Id": "a26f5190def8557fb8cd9fa44d77a968",
        "X-Ms-Correlation-Request-Id": "98565277-1c54-46bc-a97a-dfeac520fdd2",
        "X-Ms-Request-Id": "89f29d12-b1de-4395-a068-c7ddfd8def24"
      },
      "ResponseBody": null
    },
    {
      "RequestUri": "https://annelocontainerregistry.azurecr.io/v2/oci-artifact/manifests/sha256%3Ae2fffb656966c98a0b7712672e996a58327eff7705fb3d8d9581fc16ef412d13",
      "RequestMethod": "PUT",
      "RequestHeaders": {
        "Accept": "application/json",
        "Content-Length": "399",
        "Content-Type": "application/vnd.oci.image.manifest.v1\u002Bjson",
        "traceparent": "00-d3d341eddaf2cd220db05bb1e1882957-48a055e2510a1034-00",
        "User-Agent": "azsdk-net-Containers.ContainerRegistry/1.1.0-alpha.20230130.1 (.NET 6.0.13; Microsoft Windows 10.0.22621)",
        "x-ms-client-request-id": "4b73eaa571559964b78047db5f759963",
        "x-ms-return-client-request-id": "true"
      },
      "RequestBody": {
        "config": {
          "mediaType": "application/vnd.acme.rocket.config",
          "size": 171,
          "digest": "sha256:d25b42d3dbad5361ed2d909624d899e7254a822c9a632b582ebd3a44f9b0dbc8"
        },
        "layers": [
          {
            "mediaType": "application/vnd.oci.image.layer.v1.tar",
            "size": 28,
            "digest": "sha256:654b93f61054e4ce90ed203bb8d556a6200d5f906cf3eca0620738d6dc18cbed",
            "annotations": {
              "org.opencontainers.image.ref.name": "artifact.txt"
            }
          }
        ],
        "schemaVersion": 2
      },
      "StatusCode": 401,
      "ResponseHeaders": {
        "Access-Control-Expose-Headers": [
          "Docker-Content-Digest",
          "WWW-Authenticate",
          "Link",
          "X-Ms-Correlation-Request-Id"
        ],
        "Connection": "keep-alive",
        "Content-Length": "266",
        "Content-Type": "application/json; charset=utf-8",
        "Date": "Mon, 30 Jan 2023 18:37:21 GMT",
        "Docker-Distribution-Api-Version": "registry/2.0",
        "Server": "openresty",
        "Strict-Transport-Security": [
          "max-age=31536000; includeSubDomains",
          "max-age=31536000; includeSubDomains"
        ],
        "WWW-Authenticate": "Bearer realm=\u0022https://annelocontainerregistry.azurecr.io/oauth2/token\u0022,service=\u0022annelocontainerregistry.azurecr.io\u0022,scope=\u0022repository:oci-artifact:push,pull\u0022",
        "X-Content-Type-Options": "nosniff",
        "X-Ms-Correlation-Request-Id": "28d25a8c-fcfd-45f9-a08f-a7f1eb04429d"
      },
      "ResponseBody": {
        "errors": [
          {
            "code": "UNAUTHORIZED",
            "message": "authentication required, visit https://aka.ms/acr/authorization for more information.",
            "detail": [
              {
                "Type": "repository",
                "Name": "oci-artifact",
                "Action": "pull"
              },
              {
                "Type": "repository",
                "Name": "oci-artifact",
                "Action": "push"
              }
            ]
          }
        ]
      }
    },
    {
      "RequestUri": "https://annelocontainerregistry.azurecr.io/oauth2/token?api-version=2021-07-01",
      "RequestMethod": "POST",
      "RequestHeaders": {
        "Accept": "application/json",
        "Content-Length": "137",
        "Content-Type": "application/x-www-form-urlencoded",
        "traceparent": "00-d3d341eddaf2cd220db05bb1e1882957-b9b8f5a0394f2f5f-00",
        "User-Agent": "azsdk-net-Containers.ContainerRegistry/1.1.0-alpha.20230130.1 (.NET 6.0.13; Microsoft Windows 10.0.22621)",
        "x-ms-client-request-id": "a65a0115737fdfbba102b7da263c773a",
        "x-ms-return-client-request-id": "true"
      },
      "RequestBody": "service=annelocontainerregistry.azurecr.io\u0026scope=repository%3Aoci-artifact%3Apush%2Cpull\u0026refresh_token=Sanitized\u0026grant_type=refresh_token",
      "StatusCode": 200,
      "ResponseHeaders": {
        "Connection": "keep-alive",
        "Content-Type": "application/json; charset=utf-8",
        "Date": "Mon, 30 Jan 2023 18:37:21 GMT",
        "Server": "openresty",
        "Strict-Transport-Security": "max-age=31536000; includeSubDomains",
        "Transfer-Encoding": "chunked",
        "X-Ms-Correlation-Request-Id": "16affd9e-eeeb-41ff-a550-b478a474cf0a",
        "x-ms-ratelimit-remaining-calls-per-second": "166.533333"
      },
      "ResponseBody": {
        "access_token": "Sanitized"
      }
    },
    {
      "RequestUri": "https://annelocontainerregistry.azurecr.io/v2/oci-artifact/manifests/sha256%3Ae2fffb656966c98a0b7712672e996a58327eff7705fb3d8d9581fc16ef412d13",
      "RequestMethod": "PUT",
      "RequestHeaders": {
        "Accept": "application/json",
        "Authorization": "Sanitized",
        "Content-Length": "399",
        "Content-Type": "application/vnd.oci.image.manifest.v1\u002Bjson",
        "traceparent": "00-d3d341eddaf2cd220db05bb1e1882957-48a055e2510a1034-00",
        "User-Agent": "azsdk-net-Containers.ContainerRegistry/1.1.0-alpha.20230130.1 (.NET 6.0.13; Microsoft Windows 10.0.22621)",
        "x-ms-client-request-id": "4b73eaa571559964b78047db5f759963",
        "x-ms-return-client-request-id": "true"
      },
      "RequestBody": {
        "config": {
          "mediaType": "application/vnd.acme.rocket.config",
          "size": 171,
          "digest": "sha256:d25b42d3dbad5361ed2d909624d899e7254a822c9a632b582ebd3a44f9b0dbc8"
        },
        "layers": [
          {
            "mediaType": "application/vnd.oci.image.layer.v1.tar",
            "size": 28,
            "digest": "sha256:654b93f61054e4ce90ed203bb8d556a6200d5f906cf3eca0620738d6dc18cbed",
            "annotations": {
              "org.opencontainers.image.ref.name": "artifact.txt"
            }
          }
        ],
        "schemaVersion": 2
      },
      "StatusCode": 201,
      "ResponseHeaders": {
        "Access-Control-Expose-Headers": [
          "Docker-Content-Digest",
          "WWW-Authenticate",
          "Link",
          "X-Ms-Correlation-Request-Id"
        ],
        "Connection": "keep-alive",
        "Content-Length": "0",
        "Date": "Mon, 30 Jan 2023 18:37:21 GMT",
        "Docker-Content-Digest": "sha256:e2fffb656966c98a0b7712672e996a58327eff7705fb3d8d9581fc16ef412d13",
        "Docker-Distribution-Api-Version": "registry/2.0",
        "Location": "/v2/oci-artifact/manifests/sha256:e2fffb656966c98a0b7712672e996a58327eff7705fb3d8d9581fc16ef412d13",
        "Server": "openresty",
        "Strict-Transport-Security": [
          "max-age=31536000; includeSubDomains",
          "max-age=31536000; includeSubDomains"
        ],
        "X-Content-Type-Options": "nosniff",
        "X-Ms-Client-Request-Id": "4b73eaa571559964b78047db5f759963",
        "X-Ms-Correlation-Request-Id": "ee022d72-861f-44fa-98b2-51115d6edf9b",
        "X-Ms-Request-Id": "a0eb3915-5398-4626-879e-123eda9d569b"
      },
      "ResponseBody": null
    },
    {
      "RequestUri": "https://annelocontainerregistry.azurecr.io/v2/oci-artifact/manifests/sha256%3Ae2fffb656966c98a0b7712672e996a58327eff7705fb3d8d9581fc16ef412d13",
      "RequestMethod": "GET",
      "RequestHeaders": {
        "Accept": "application/vnd.docker.distribution.manifest.v2\u002Bjson, application/vnd.docker.distribution.manifest.list.v2\u002Bjson, application/vnd.docker.container.image.v1\u002Bjson, application/vnd.oci.image.manifest.v1\u002Bjson, application/vnd.oci.image.index.v1\u002Bjson, application/json",
        "traceparent": "00-fe3304cef3416eb7510b85b802b6e37e-e356741dfc16262e-00",
        "User-Agent": "azsdk-net-Containers.ContainerRegistry/1.1.0-alpha.20230130.1 (.NET 6.0.13; Microsoft Windows 10.0.22621)",
        "x-ms-client-request-id": "63feb1c75e046212fe954a9e6ad30d76",
        "x-ms-return-client-request-id": "true"
      },
      "RequestBody": null,
      "StatusCode": 401,
      "ResponseHeaders": {
        "Access-Control-Expose-Headers": [
          "Docker-Content-Digest",
          "WWW-Authenticate",
          "Link",
          "X-Ms-Correlation-Request-Id"
        ],
        "Connection": "keep-alive",
        "Content-Length": "206",
        "Content-Type": "application/json; charset=utf-8",
        "Date": "Mon, 30 Jan 2023 18:37:21 GMT",
        "Docker-Distribution-Api-Version": "registry/2.0",
        "Server": "openresty",
        "Strict-Transport-Security": [
          "max-age=31536000; includeSubDomains",
          "max-age=31536000; includeSubDomains"
        ],
        "WWW-Authenticate": "Bearer realm=\u0022https://annelocontainerregistry.azurecr.io/oauth2/token\u0022,service=\u0022annelocontainerregistry.azurecr.io\u0022,scope=\u0022repository:oci-artifact:pull\u0022",
        "X-Content-Type-Options": "nosniff",
        "X-Ms-Correlation-Request-Id": "24ce41a2-0fcb-48aa-a789-42b6329e33b4"
      },
      "ResponseBody": {
        "errors": [
          {
            "code": "UNAUTHORIZED",
            "message": "authentication required, visit https://aka.ms/acr/authorization for more information.",
            "detail": [
              {
                "Type": "repository",
                "Name": "oci-artifact",
                "Action": "pull"
              }
            ]
          }
        ]
      }
    },
    {
      "RequestUri": "https://annelocontainerregistry.azurecr.io/oauth2/token?api-version=2021-07-01",
      "RequestMethod": "POST",
      "RequestHeaders": {
        "Accept": "application/json",
        "Content-Length": "130",
        "Content-Type": "application/x-www-form-urlencoded",
        "traceparent": "00-fe3304cef3416eb7510b85b802b6e37e-476f2e48f73e18f2-00",
        "User-Agent": "azsdk-net-Containers.ContainerRegistry/1.1.0-alpha.20230130.1 (.NET 6.0.13; Microsoft Windows 10.0.22621)",
        "x-ms-client-request-id": "dc2e53835e23326f2e94a953ba89727a",
        "x-ms-return-client-request-id": "true"
      },
      "RequestBody": "service=annelocontainerregistry.azurecr.io\u0026scope=repository%3Aoci-artifact%3Apull\u0026refresh_token=Sanitized\u0026grant_type=refresh_token",
      "StatusCode": 200,
      "ResponseHeaders": {
        "Connection": "keep-alive",
        "Content-Type": "application/json; charset=utf-8",
        "Date": "Mon, 30 Jan 2023 18:37:21 GMT",
        "Server": "openresty",
        "Strict-Transport-Security": "max-age=31536000; includeSubDomains",
        "Transfer-Encoding": "chunked",
        "X-Ms-Correlation-Request-Id": "8e62cb14-1dcf-487a-8c1f-7fa3366abb4d",
        "x-ms-ratelimit-remaining-calls-per-second": "166.516667"
      },
      "ResponseBody": {
        "access_token": "Sanitized"
      }
    },
    {
      "RequestUri": "https://annelocontainerregistry.azurecr.io/v2/oci-artifact/manifests/sha256%3Ae2fffb656966c98a0b7712672e996a58327eff7705fb3d8d9581fc16ef412d13",
      "RequestMethod": "GET",
      "RequestHeaders": {
        "Accept": "application/vnd.docker.distribution.manifest.v2\u002Bjson, application/vnd.docker.distribution.manifest.list.v2\u002Bjson, application/vnd.docker.container.image.v1\u002Bjson, application/vnd.oci.image.manifest.v1\u002Bjson, application/vnd.oci.image.index.v1\u002Bjson, application/json",
        "Authorization": "Sanitized",
        "traceparent": "00-fe3304cef3416eb7510b85b802b6e37e-e356741dfc16262e-00",
        "User-Agent": "azsdk-net-Containers.ContainerRegistry/1.1.0-alpha.20230130.1 (.NET 6.0.13; Microsoft Windows 10.0.22621)",
        "x-ms-client-request-id": "63feb1c75e046212fe954a9e6ad30d76",
        "x-ms-return-client-request-id": "true"
      },
      "RequestBody": null,
      "StatusCode": 200,
      "ResponseHeaders": {
        "Access-Control-Expose-Headers": [
          "Docker-Content-Digest",
          "WWW-Authenticate",
          "Link",
          "X-Ms-Correlation-Request-Id"
        ],
        "Connection": "keep-alive",
        "Content-Length": "399",
        "Content-Type": "application/vnd.oci.image.manifest.v1\u002Bjson",
        "Date": "Mon, 30 Jan 2023 18:37:21 GMT",
        "Docker-Content-Digest": "sha256:e2fffb656966c98a0b7712672e996a58327eff7705fb3d8d9581fc16ef412d13",
        "Docker-Distribution-Api-Version": "registry/2.0",
        "ETag": "\u0022sha256:e2fffb656966c98a0b7712672e996a58327eff7705fb3d8d9581fc16ef412d13\u0022",
        "Server": "openresty",
        "Strict-Transport-Security": [
          "max-age=31536000; includeSubDomains",
          "max-age=31536000; includeSubDomains"
        ],
        "X-Content-Type-Options": "nosniff",
        "X-Ms-Client-Request-Id": "63feb1c75e046212fe954a9e6ad30d76",
        "X-Ms-Correlation-Request-Id": "885b54d9-619a-4a66-97f2-13f04a9fd3f0",
        "X-Ms-Request-Id": "7e482a6c-d163-4768-bd76-289d307f49c6"
      },
      "ResponseBody": {
        "config": {
          "mediaType": "application/vnd.acme.rocket.config",
          "size": 171,
          "digest": "sha256:d25b42d3dbad5361ed2d909624d899e7254a822c9a632b582ebd3a44f9b0dbc8"
        },
        "layers": [
          {
            "mediaType": "application/vnd.oci.image.layer.v1.tar",
            "size": 28,
            "digest": "sha256:654b93f61054e4ce90ed203bb8d556a6200d5f906cf3eca0620738d6dc18cbed",
            "annotations": {
              "org.opencontainers.image.ref.name": "artifact.txt"
            }
          }
        ],
        "schemaVersion": 2
      }
    },
    {
      "RequestUri": "https://annelocontainerregistry.azurecr.io/v2/oci-artifact/manifests/sha256%3Ae2fffb656966c98a0b7712672e996a58327eff7705fb3d8d9581fc16ef412d13",
      "RequestMethod": "DELETE",
      "RequestHeaders": {
        "Accept": "application/json",
        "traceparent": "00-c43743c8cf61564e378a4753d25c4c5e-73a7cda7e9549031-00",
        "User-Agent": "azsdk-net-Containers.ContainerRegistry/1.1.0-alpha.20230130.1 (.NET 6.0.13; Microsoft Windows 10.0.22621)",
        "x-ms-client-request-id": "ae130c093676b65feff8a7ea291d74ce",
        "x-ms-return-client-request-id": "true"
      },
      "RequestBody": null,
      "StatusCode": 401,
      "ResponseHeaders": {
        "Access-Control-Expose-Headers": [
          "Docker-Content-Digest",
          "WWW-Authenticate",
          "Link",
          "X-Ms-Correlation-Request-Id"
        ],
        "Connection": "keep-alive",
        "Content-Length": "208",
        "Content-Type": "application/json; charset=utf-8",
        "Date": "Mon, 30 Jan 2023 18:37:21 GMT",
        "Docker-Distribution-Api-Version": "registry/2.0",
        "Server": "openresty",
        "Strict-Transport-Security": [
          "max-age=31536000; includeSubDomains",
          "max-age=31536000; includeSubDomains"
        ],
        "WWW-Authenticate": "Bearer realm=\u0022https://annelocontainerregistry.azurecr.io/oauth2/token\u0022,service=\u0022annelocontainerregistry.azurecr.io\u0022,scope=\u0022repository:oci-artifact:delete\u0022",
        "X-Content-Type-Options": "nosniff",
        "X-Ms-Correlation-Request-Id": "1719aebf-3c6c-4390-ad10-c2bd87b6ee31"
      },
      "ResponseBody": {
        "errors": [
          {
            "code": "UNAUTHORIZED",
            "message": "authentication required, visit https://aka.ms/acr/authorization for more information.",
            "detail": [
              {
                "Type": "repository",
                "Name": "oci-artifact",
                "Action": "delete"
              }
            ]
          }
        ]
      }
    },
    {
      "RequestUri": "https://annelocontainerregistry.azurecr.io/oauth2/token?api-version=2021-07-01",
      "RequestMethod": "POST",
      "RequestHeaders": {
        "Accept": "application/json",
        "Content-Length": "132",
        "Content-Type": "application/x-www-form-urlencoded",
        "traceparent": "00-c43743c8cf61564e378a4753d25c4c5e-47f2f2e7b8905ffe-00",
        "User-Agent": "azsdk-net-Containers.ContainerRegistry/1.1.0-alpha.20230130.1 (.NET 6.0.13; Microsoft Windows 10.0.22621)",
        "x-ms-client-request-id": "d35641f59a0e691641cc356fb4bfa775",
        "x-ms-return-client-request-id": "true"
      },
      "RequestBody": "service=annelocontainerregistry.azurecr.io\u0026scope=repository%3Aoci-artifact%3Adelete\u0026refresh_token=Sanitized\u0026grant_type=refresh_token",
      "StatusCode": 200,
      "ResponseHeaders": {
        "Connection": "keep-alive",
        "Content-Type": "application/json; charset=utf-8",
        "Date": "Mon, 30 Jan 2023 18:37:21 GMT",
        "Server": "openresty",
        "Strict-Transport-Security": "max-age=31536000; includeSubDomains",
        "Transfer-Encoding": "chunked",
        "X-Ms-Correlation-Request-Id": "c9e541f8-1417-4809-bca1-e8451dce150b",
        "x-ms-ratelimit-remaining-calls-per-second": "166.5"
      },
      "ResponseBody": {
        "access_token": "Sanitized"
      }
    },
    {
      "RequestUri": "https://annelocontainerregistry.azurecr.io/v2/oci-artifact/manifests/sha256%3Ae2fffb656966c98a0b7712672e996a58327eff7705fb3d8d9581fc16ef412d13",
      "RequestMethod": "DELETE",
      "RequestHeaders": {
        "Accept": "application/json",
        "Authorization": "Sanitized",
        "traceparent": "00-c43743c8cf61564e378a4753d25c4c5e-73a7cda7e9549031-00",
        "User-Agent": "azsdk-net-Containers.ContainerRegistry/1.1.0-alpha.20230130.1 (.NET 6.0.13; Microsoft Windows 10.0.22621)",
        "x-ms-client-request-id": "ae130c093676b65feff8a7ea291d74ce",
        "x-ms-return-client-request-id": "true"
      },
      "RequestBody": null,
      "StatusCode": 202,
      "ResponseHeaders": {
        "Access-Control-Expose-Headers": [
          "Docker-Content-Digest",
          "WWW-Authenticate",
          "Link",
          "X-Ms-Correlation-Request-Id"
        ],
        "Connection": "keep-alive",
        "Content-Length": "0",
        "Date": "Mon, 30 Jan 2023 18:37:22 GMT",
        "Docker-Distribution-Api-Version": "registry/2.0",
        "Server": "openresty",
        "Strict-Transport-Security": [
          "max-age=31536000; includeSubDomains",
          "max-age=31536000; includeSubDomains"
        ],
        "X-Content-Type-Options": "nosniff",
        "X-Ms-Client-Request-Id": "ae130c093676b65feff8a7ea291d74ce",
        "X-Ms-Correlation-Request-Id": "7d507a4f-cafc-4c9d-a3c7-19284cb0f11c",
        "X-Ms-Ratelimit-Remaining-Calls-Per-Second": "8.000000",
        "X-Ms-Request-Id": "a63be7c8-75a2-4dce-bbb7-08f95c1a98ef"
      },
      "ResponseBody": null
    }
  ],
  "Variables": {
    "AZURE_AUTHORITY_HOST": "https://login.microsoftonline.com/",
    "CONTAINERREGISTRY_ENDPOINT": "https://annelocontainerregistry.azurecr.io",
    "RandomSeed": "1042687147"
  }
}
