{
  "Entries": [
    {
      "RequestUri": "https://mohitcontainerregistry.azurecr.io/v2/oci-artifact/blobs/uploads/",
      "RequestMethod": "POST",
      "RequestHeaders": {
        "Accept": "application/json",
        "Content-Length": "0",
        "traceparent": "00-dcf295a2e0ab6d1ada949a915dddb8fc-322a7f463db63834-00",
        "User-Agent": "azsdk-net-Containers.ContainerRegistry/1.1.0-alpha.20220331.1 (.NET 6.0.1; Microsoft Windows 10.0.22000)",
        "x-ms-client-request-id": "4d63b0d348cb6370b3b42553563e732c",
        "x-ms-return-client-request-id": "true"
      },
      "RequestBody": null,
      "StatusCode": 401,
      "ResponseHeaders": {
        "Access-Control-Expose-Headers": [
          "Docker-Content-Digest",
          "WWW-Authenticate",
          "Link",
          "X-Ms-Correlation-Request-Id"
        ],
        "Connection": "keep-alive",
        "Content-Length": "266",
        "Content-Type": "application/json; charset=utf-8",
        "Date": "Fri, 01 Apr 2022 16:13:01 GMT",
        "Docker-Distribution-Api-Version": "registry/2.0",
        "Server": "openresty",
        "Strict-Transport-Security": [
          "max-age=31536000; includeSubDomains",
          "max-age=31536000; includeSubDomains"
        ],
        "WWW-Authenticate": "Bearer realm=\u0022https://mohitcontainerregistry.azurecr.io/oauth2/token\u0022,service=\u0022mohitcontainerregistry.azurecr.io\u0022,scope=\u0022repository:oci-artifact:pull,push\u0022",
        "X-Content-Type-Options": "nosniff",
        "X-Ms-Correlation-Request-Id": "e930194f-fe18-4d92-91ef-266c0970d538"
      },
      "ResponseBody": {
        "errors": [
          {
            "code": "UNAUTHORIZED",
            "message": "authentication required, visit https://aka.ms/acr/authorization for more information.",
            "detail": [
              {
                "Type": "repository",
                "Name": "oci-artifact",
                "Action": "pull"
              },
              {
                "Type": "repository",
                "Name": "oci-artifact",
                "Action": "push"
              }
            ]
          }
        ]
      }
    },
    {
      "RequestUri": "https://mohitcontainerregistry.azurecr.io/oauth2/exchange?api-version=2021-07-01",
      "RequestMethod": "POST",
      "RequestHeaders": {
        "Accept": "application/json",
        "Content-Length": "88",
        "Content-Type": "application/x-www-form-urlencoded",
        "traceparent": "00-dcf295a2e0ab6d1ada949a915dddb8fc-eab3570fc1583e3e-00",
        "User-Agent": "azsdk-net-Containers.ContainerRegistry/1.1.0-alpha.20220331.1 (.NET 6.0.1; Microsoft Windows 10.0.22000)",
        "x-ms-client-request-id": "a85e9ea7405607c8b5a87096cf8ed102",
        "x-ms-return-client-request-id": "true"
      },
      "RequestBody": "grant_type=access_token\u0026service=mohitcontainerregistry.azurecr.io\u0026access_token=Sanitized",
      "StatusCode": 200,
      "ResponseHeaders": {
        "Connection": "keep-alive",
        "Content-Type": "application/json; charset=utf-8",
        "Date": "Fri, 01 Apr 2022 16:13:02 GMT",
        "Server": "openresty",
        "Strict-Transport-Security": "max-age=31536000; includeSubDomains",
        "Transfer-Encoding": "chunked",
        "X-Ms-Correlation-Request-Id": "affff03b-8271-4897-a2d5-ba83ca5a592c",
        "x-ms-ratelimit-remaining-calls-per-second": "166.65"
      },
      "ResponseBody": {
        "refresh_token": "Sanitized.eyJleHAiOjI1OTQ5MDk2MDV9.Sanitized"
      }
    },
    {
      "RequestUri": "https://mohitcontainerregistry.azurecr.io/oauth2/token?api-version=2021-07-01",
      "RequestMethod": "POST",
      "RequestHeaders": {
        "Accept": "application/json",
        "Content-Length": "136",
        "Content-Type": "application/x-www-form-urlencoded",
        "traceparent": "00-dcf295a2e0ab6d1ada949a915dddb8fc-214310abcae0f7bb-00",
        "User-Agent": "azsdk-net-Containers.ContainerRegistry/1.1.0-alpha.20220331.1 (.NET 6.0.1; Microsoft Windows 10.0.22000)",
        "x-ms-client-request-id": "f04699ac24190bf8eb43e2241c804f61",
        "x-ms-return-client-request-id": "true"
      },
      "RequestBody": "service=mohitcontainerregistry.azurecr.io\u0026scope=repository%3Aoci-artifact%3Apull%2Cpush\u0026refresh_token=Sanitized\u0026grant_type=refresh_token",
      "StatusCode": 200,
      "ResponseHeaders": {
        "Connection": "keep-alive",
        "Content-Type": "application/json; charset=utf-8",
        "Date": "Fri, 01 Apr 2022 16:13:02 GMT",
        "Server": "openresty",
        "Strict-Transport-Security": "max-age=31536000; includeSubDomains",
        "Transfer-Encoding": "chunked",
        "X-Ms-Correlation-Request-Id": "dc832cfc-cba2-4298-b975-3be75eab5e6a",
        "x-ms-ratelimit-remaining-calls-per-second": "166.633333"
      },
      "ResponseBody": {
        "access_token": "Sanitized"
      }
    },
    {
      "RequestUri": "https://mohitcontainerregistry.azurecr.io/v2/oci-artifact/blobs/uploads/",
      "RequestMethod": "POST",
      "RequestHeaders": {
        "Accept": "application/json",
        "Authorization": "Sanitized",
        "Content-Length": "0",
        "traceparent": "00-dcf295a2e0ab6d1ada949a915dddb8fc-322a7f463db63834-00",
        "User-Agent": "azsdk-net-Containers.ContainerRegistry/1.1.0-alpha.20220331.1 (.NET 6.0.1; Microsoft Windows 10.0.22000)",
        "x-ms-client-request-id": "4d63b0d348cb6370b3b42553563e732c",
        "x-ms-return-client-request-id": "true"
      },
      "RequestBody": null,
      "StatusCode": 202,
      "ResponseHeaders": {
        "Access-Control-Expose-Headers": [
          "Docker-Content-Digest",
          "WWW-Authenticate",
          "Link",
          "X-Ms-Correlation-Request-Id"
        ],
        "Connection": "keep-alive",
        "Content-Length": "0",
        "Date": "Fri, 01 Apr 2022 16:13:03 GMT",
        "Docker-Distribution-Api-Version": "registry/2.0",
        "Docker-Upload-Uuid": "555338e2-46ec-4a7e-acac-a7b8233b9ae3",
        "Location": "/v2/oci-artifact/blobs/uploads/555338e2-46ec-4a7e-acac-a7b8233b9ae3?_nouploadcache=false\u0026_state=EYaeWOoI-rfme_kSoxeZMOBqOP4XG91FIGGGtK3dGzt7Ik5hbWUiOiJvY2ktYXJ0aWZhY3QiLCJVVUlEIjoiNTU1MzM4ZTItNDZlYy00YTdlLWFjYWMtYTdiODIzM2I5YWUzIiwiT2Zmc2V0IjowLCJTdGFydGVkQXQiOiIyMDIyLTA0LTAxVDE2OjEzOjAyLjg4NTY2NzQ3N1oifQ%3D%3D",
        "Range": "0-0",
        "Server": "openresty",
        "Strict-Transport-Security": [
          "max-age=31536000; includeSubDomains",
          "max-age=31536000; includeSubDomains"
        ],
        "X-Content-Type-Options": "nosniff",
        "X-Ms-Client-Request-Id": "4d63b0d348cb6370b3b42553563e732c",
        "X-Ms-Correlation-Request-Id": "56bc5400-9171-470b-a4a8-d8a013ed5d4d",
        "X-Ms-Request-Id": "4fb2781e-70ab-435f-b4db-b4c6eac8e3ac"
      },
      "ResponseBody": null
    },
    {
      "RequestUri": "https://mohitcontainerregistry.azurecr.io/v2/oci-artifact/blobs/uploads/555338e2-46ec-4a7e-acac-a7b8233b9ae3?_nouploadcache=false\u0026_state=EYaeWOoI-rfme_kSoxeZMOBqOP4XG91FIGGGtK3dGzt7Ik5hbWUiOiJvY2ktYXJ0aWZhY3QiLCJVVUlEIjoiNTU1MzM4ZTItNDZlYy00YTdlLWFjYWMtYTdiODIzM2I5YWUzIiwiT2Zmc2V0IjowLCJTdGFydGVkQXQiOiIyMDIyLTA0LTAxVDE2OjEzOjAyLjg4NTY2NzQ3N1oifQ%3D%3D",
      "RequestMethod": "PATCH",
      "RequestHeaders": {
        "Accept": "application/json",
        "Content-Length": "28",
        "Content-Type": "application/octet-stream",
        "traceparent": "00-dcf295a2e0ab6d1ada949a915dddb8fc-055b51fba9c1a889-00",
        "User-Agent": "azsdk-net-Containers.ContainerRegistry/1.1.0-alpha.20220331.1 (.NET 6.0.1; Microsoft Windows 10.0.22000)",
        "x-ms-client-request-id": "bcc1d17c97de935ae75b9723d7d99424",
        "x-ms-return-client-request-id": "true"
      },
      "RequestBody": "//5oAGUAbABsAG8AIAB3AG8AcgBsAGQADQAKAA==",
      "StatusCode": 401,
      "ResponseHeaders": {
        "Access-Control-Expose-Headers": [
          "Docker-Content-Digest",
          "WWW-Authenticate",
          "Link",
          "X-Ms-Correlation-Request-Id"
        ],
        "Connection": "keep-alive",
        "Content-Length": "266",
        "Content-Type": "application/json; charset=utf-8",
        "Date": "Fri, 01 Apr 2022 16:13:03 GMT",
        "Docker-Distribution-Api-Version": "registry/2.0",
        "Server": "openresty",
        "Strict-Transport-Security": [
          "max-age=31536000; includeSubDomains",
          "max-age=31536000; includeSubDomains"
        ],
        "WWW-Authenticate": "Bearer realm=\u0022https://mohitcontainerregistry.azurecr.io/oauth2/token\u0022,service=\u0022mohitcontainerregistry.azurecr.io\u0022,scope=\u0022repository:oci-artifact:pull,push\u0022",
        "X-Content-Type-Options": "nosniff",
        "X-Ms-Correlation-Request-Id": "a908333b-480e-4611-99d8-5c988d5c0d47"
      },
      "ResponseBody": {
        "errors": [
          {
            "code": "UNAUTHORIZED",
            "message": "authentication required, visit https://aka.ms/acr/authorization for more information.",
            "detail": [
              {
                "Type": "repository",
                "Name": "oci-artifact",
                "Action": "pull"
              },
              {
                "Type": "repository",
                "Name": "oci-artifact",
                "Action": "push"
              }
            ]
          }
        ]
      }
    },
    {
      "RequestUri": "https://mohitcontainerregistry.azurecr.io/oauth2/token?api-version=2021-07-01",
      "RequestMethod": "POST",
      "RequestHeaders": {
        "Accept": "application/json",
        "Content-Length": "136",
        "Content-Type": "application/x-www-form-urlencoded",
        "traceparent": "00-dcf295a2e0ab6d1ada949a915dddb8fc-83841641e9c7826f-00",
        "User-Agent": "azsdk-net-Containers.ContainerRegistry/1.1.0-alpha.20220331.1 (.NET 6.0.1; Microsoft Windows 10.0.22000)",
        "x-ms-client-request-id": "bda723e282f78312a653bd135da3eb35",
        "x-ms-return-client-request-id": "true"
      },
      "RequestBody": "service=mohitcontainerregistry.azurecr.io\u0026scope=repository%3Aoci-artifact%3Apull%2Cpush\u0026refresh_token=Sanitized\u0026grant_type=refresh_token",
      "StatusCode": 200,
      "ResponseHeaders": {
        "Connection": "keep-alive",
        "Content-Type": "application/json; charset=utf-8",
        "Date": "Fri, 01 Apr 2022 16:13:03 GMT",
        "Server": "openresty",
        "Strict-Transport-Security": "max-age=31536000; includeSubDomains",
        "Transfer-Encoding": "chunked",
        "X-Ms-Correlation-Request-Id": "077a57c1-a2a0-4c22-b64d-f103c918cc3c",
        "x-ms-ratelimit-remaining-calls-per-second": "166.616667"
      },
      "ResponseBody": {
        "access_token": "Sanitized"
      }
    },
    {
      "RequestUri": "https://mohitcontainerregistry.azurecr.io/v2/oci-artifact/blobs/uploads/555338e2-46ec-4a7e-acac-a7b8233b9ae3?_nouploadcache=false\u0026_state=EYaeWOoI-rfme_kSoxeZMOBqOP4XG91FIGGGtK3dGzt7Ik5hbWUiOiJvY2ktYXJ0aWZhY3QiLCJVVUlEIjoiNTU1MzM4ZTItNDZlYy00YTdlLWFjYWMtYTdiODIzM2I5YWUzIiwiT2Zmc2V0IjowLCJTdGFydGVkQXQiOiIyMDIyLTA0LTAxVDE2OjEzOjAyLjg4NTY2NzQ3N1oifQ%3D%3D",
      "RequestMethod": "PATCH",
      "RequestHeaders": {
        "Accept": "application/json",
        "Authorization": "Sanitized",
        "Content-Length": "28",
        "Content-Type": "application/octet-stream",
        "traceparent": "00-dcf295a2e0ab6d1ada949a915dddb8fc-055b51fba9c1a889-00",
        "User-Agent": "azsdk-net-Containers.ContainerRegistry/1.1.0-alpha.20220331.1 (.NET 6.0.1; Microsoft Windows 10.0.22000)",
        "x-ms-client-request-id": "bcc1d17c97de935ae75b9723d7d99424",
        "x-ms-return-client-request-id": "true"
      },
      "RequestBody": "//5oAGUAbABsAG8AIAB3AG8AcgBsAGQADQAKAA==",
      "StatusCode": 202,
      "ResponseHeaders": {
        "Access-Control-Expose-Headers": [
          "Docker-Content-Digest",
          "WWW-Authenticate",
          "Link",
          "X-Ms-Correlation-Request-Id"
        ],
        "Connection": "keep-alive",
        "Content-Length": "0",
        "Date": "Fri, 01 Apr 2022 16:13:03 GMT",
        "Docker-Distribution-Api-Version": "registry/2.0",
        "Docker-Upload-Uuid": "555338e2-46ec-4a7e-acac-a7b8233b9ae3",
        "Location": "/v2/oci-artifact/blobs/uploads/555338e2-46ec-4a7e-acac-a7b8233b9ae3?_nouploadcache=false\u0026_state=MWQKLElD-xQyiZBPl_BFfjhtbcZGNSyVKBnykLeCxih7Ik5hbWUiOiJvY2ktYXJ0aWZhY3QiLCJVVUlEIjoiNTU1MzM4ZTItNDZlYy00YTdlLWFjYWMtYTdiODIzM2I5YWUzIiwiT2Zmc2V0IjoyOCwiU3RhcnRlZEF0IjoiMjAyMi0wNC0wMVQxNjoxMzowMloifQ%3D%3D",
        "Range": "0-27",
        "Server": "openresty",
        "Strict-Transport-Security": [
          "max-age=31536000; includeSubDomains",
          "max-age=31536000; includeSubDomains"
        ],
        "X-Content-Type-Options": "nosniff",
        "X-Ms-Client-Request-Id": "bcc1d17c97de935ae75b9723d7d99424",
        "X-Ms-Correlation-Request-Id": "923a63d5-6f22-4281-89d5-1e1b25b4e9e5",
        "X-Ms-Request-Id": "617e30fe-6bc9-4ff3-9e87-371e801a7265"
      },
      "ResponseBody": null
    },
    {
      "RequestUri": "https://mohitcontainerregistry.azurecr.io/v2/oci-artifact/blobs/uploads/555338e2-46ec-4a7e-acac-a7b8233b9ae3?_nouploadcache=false\u0026_state=MWQKLElD-xQyiZBPl_BFfjhtbcZGNSyVKBnykLeCxih7Ik5hbWUiOiJvY2ktYXJ0aWZhY3QiLCJVVUlEIjoiNTU1MzM4ZTItNDZlYy00YTdlLWFjYWMtYTdiODIzM2I5YWUzIiwiT2Zmc2V0IjoyOCwiU3RhcnRlZEF0IjoiMjAyMi0wNC0wMVQxNjoxMzowMloifQ%3D%3D\u0026digest=sha256%3A654b93f61054e4ce90ed203bb8d556a6200d5f906cf3eca0620738d6dc18cbed",
      "RequestMethod": "PUT",
      "RequestHeaders": {
        "Accept": "application/json",
        "Content-Length": "0",
        "traceparent": "00-dcf295a2e0ab6d1ada949a915dddb8fc-69eee6494641bda7-00",
        "User-Agent": "azsdk-net-Containers.ContainerRegistry/1.1.0-alpha.20220331.1 (.NET 6.0.1; Microsoft Windows 10.0.22000)",
        "x-ms-client-request-id": "fd1a0e5914cc14233eb309be8cd43311",
        "x-ms-return-client-request-id": "true"
      },
      "RequestBody": null,
      "StatusCode": 401,
      "ResponseHeaders": {
        "Access-Control-Expose-Headers": [
          "Docker-Content-Digest",
          "WWW-Authenticate",
          "Link",
          "X-Ms-Correlation-Request-Id"
        ],
        "Connection": "keep-alive",
        "Content-Length": "266",
        "Content-Type": "application/json; charset=utf-8",
        "Date": "Fri, 01 Apr 2022 16:13:03 GMT",
        "Docker-Distribution-Api-Version": "registry/2.0",
        "Server": "openresty",
        "Strict-Transport-Security": [
          "max-age=31536000; includeSubDomains",
          "max-age=31536000; includeSubDomains"
        ],
        "WWW-Authenticate": "Bearer realm=\u0022https://mohitcontainerregistry.azurecr.io/oauth2/token\u0022,service=\u0022mohitcontainerregistry.azurecr.io\u0022,scope=\u0022repository:oci-artifact:push,pull\u0022",
        "X-Content-Type-Options": "nosniff",
        "X-Ms-Correlation-Request-Id": "6f418c52-20e1-4771-9e7b-6e533569a140"
      },
      "ResponseBody": {
        "errors": [
          {
            "code": "UNAUTHORIZED",
            "message": "authentication required, visit https://aka.ms/acr/authorization for more information.",
            "detail": [
              {
                "Type": "repository",
                "Name": "oci-artifact",
                "Action": "pull"
              },
              {
                "Type": "repository",
                "Name": "oci-artifact",
                "Action": "push"
              }
            ]
          }
        ]
      }
    },
    {
      "RequestUri": "https://mohitcontainerregistry.azurecr.io/oauth2/token?api-version=2021-07-01",
      "RequestMethod": "POST",
      "RequestHeaders": {
        "Accept": "application/json",
        "Content-Length": "136",
        "Content-Type": "application/x-www-form-urlencoded",
        "traceparent": "00-dcf295a2e0ab6d1ada949a915dddb8fc-fbcc5c6ef5628339-00",
        "User-Agent": "azsdk-net-Containers.ContainerRegistry/1.1.0-alpha.20220331.1 (.NET 6.0.1; Microsoft Windows 10.0.22000)",
        "x-ms-client-request-id": "f842beae91d8f969bf3d168ada473544",
        "x-ms-return-client-request-id": "true"
      },
      "RequestBody": "service=mohitcontainerregistry.azurecr.io\u0026scope=repository%3Aoci-artifact%3Apush%2Cpull\u0026refresh_token=Sanitized\u0026grant_type=refresh_token",
      "StatusCode": 200,
      "ResponseHeaders": {
        "Connection": "keep-alive",
        "Content-Type": "application/json; charset=utf-8",
        "Date": "Fri, 01 Apr 2022 16:13:03 GMT",
        "Server": "openresty",
        "Strict-Transport-Security": "max-age=31536000; includeSubDomains",
        "Transfer-Encoding": "chunked",
        "X-Ms-Correlation-Request-Id": "c9a45cb2-a3a6-4034-be89-5f1a236e0d70",
        "x-ms-ratelimit-remaining-calls-per-second": "166.6"
      },
      "ResponseBody": {
        "access_token": "Sanitized"
      }
    },
    {
      "RequestUri": "https://mohitcontainerregistry.azurecr.io/v2/oci-artifact/blobs/uploads/555338e2-46ec-4a7e-acac-a7b8233b9ae3?_nouploadcache=false\u0026_state=MWQKLElD-xQyiZBPl_BFfjhtbcZGNSyVKBnykLeCxih7Ik5hbWUiOiJvY2ktYXJ0aWZhY3QiLCJVVUlEIjoiNTU1MzM4ZTItNDZlYy00YTdlLWFjYWMtYTdiODIzM2I5YWUzIiwiT2Zmc2V0IjoyOCwiU3RhcnRlZEF0IjoiMjAyMi0wNC0wMVQxNjoxMzowMloifQ%3D%3D\u0026digest=sha256%3A654b93f61054e4ce90ed203bb8d556a6200d5f906cf3eca0620738d6dc18cbed",
      "RequestMethod": "PUT",
      "RequestHeaders": {
        "Accept": "application/json",
        "Authorization": "Sanitized",
        "Content-Length": "0",
        "traceparent": "00-dcf295a2e0ab6d1ada949a915dddb8fc-69eee6494641bda7-00",
        "User-Agent": "azsdk-net-Containers.ContainerRegistry/1.1.0-alpha.20220331.1 (.NET 6.0.1; Microsoft Windows 10.0.22000)",
        "x-ms-client-request-id": "fd1a0e5914cc14233eb309be8cd43311",
        "x-ms-return-client-request-id": "true"
      },
      "RequestBody": null,
      "StatusCode": 201,
      "ResponseHeaders": {
        "Access-Control-Expose-Headers": [
          "Docker-Content-Digest",
          "WWW-Authenticate",
          "Link",
          "X-Ms-Correlation-Request-Id"
        ],
        "Connection": "keep-alive",
        "Content-Length": "0",
        "Date": "Fri, 01 Apr 2022 16:13:03 GMT",
        "Docker-Content-Digest": "sha256:654b93f61054e4ce90ed203bb8d556a6200d5f906cf3eca0620738d6dc18cbed",
        "Docker-Distribution-Api-Version": "registry/2.0",
        "Location": "/v2/oci-artifact/blobs/sha256:654b93f61054e4ce90ed203bb8d556a6200d5f906cf3eca0620738d6dc18cbed",
        "Server": "openresty",
        "Strict-Transport-Security": [
          "max-age=31536000; includeSubDomains",
          "max-age=31536000; includeSubDomains"
        ],
        "X-Content-Type-Options": "nosniff",
        "X-Ms-Client-Request-Id": "fd1a0e5914cc14233eb309be8cd43311",
        "X-Ms-Correlation-Request-Id": "fb0d3f38-c5e2-4dcc-810f-d274b2553675",
        "X-Ms-Request-Id": "d6dbe656-e665-490d-89ff-138eb7643aac"
      },
      "ResponseBody": null
    }
  ],
  "Variables": {
    "CONTAINERREGISTRY_ENDPOINT": "https://mohitcontainerregistry.azurecr.io",
    "RandomSeed": "149517713"
  }
}
