{
  "Entries": [
    {
      "RequestUri": "/subscriptions/80d4fe69-c95b-4dd2-a938-9250f1c8ab03/resourceGroups/flowrg/providers/Microsoft.Logic/integrationAccounts?api-version=2019-05-01",
      "EncodedRequestUri": "L3N1YnNjcmlwdGlvbnMvODBkNGZlNjktYzk1Yi00ZGQyLWE5MzgtOTI1MGYxYzhhYjAzL3Jlc291cmNlR3JvdXBzL2Zsb3dyZy9wcm92aWRlcnMvTWljcm9zb2Z0LkxvZ2ljL2ludGVncmF0aW9uQWNjb3VudHM/YXBpLXZlcnNpb249MjAxOS0wNS0wMQ==",
      "RequestMethod": "GET",
      "RequestBody": "",
      "RequestHeaders": {
        "x-ms-client-request-id": [
          "f86485f9-0c33-4239-93d7-09cecad6f595"
        ],
        "Accept-Language": [
          "en-US"
        ],
        "User-Agent": [
          "FxVersion/4.6.28207.04",
          "OSName/Windows",
          "OSVersion/Microsoft.Windows.10.0.18363.",
          "Microsoft.Azure.Management.Logic.LogicManagementClient/4.1.0.0"
        ]
      },
      "ResponseHeaders": {
        "Cache-Control": [
          "no-cache"
        ],
        "Pragma": [
          "no-cache"
        ],
        "x-ms-ratelimit-remaining-subscription-reads": [
          "11997"
        ],
        "x-ms-request-id": [
          "bf81cbdd-9ccc-4893-9f5f-b54c6bc63085"
        ],
        "x-ms-correlation-request-id": [
          "bf81cbdd-9ccc-4893-9f5f-b54c6bc63085"
        ],
        "x-ms-routing-request-id": [
          "WESTUS:20191219T091816Z:bf81cbdd-9ccc-4893-9f5f-b54c6bc63085"
        ],
        "Strict-Transport-Security": [
          "max-age=31536000; includeSubDomains"
        ],
        "X-Content-Type-Options": [
          "nosniff"
        ],
        "Date": [
          "Thu, 19 Dec 2019 09:18:16 GMT"
        ],
        "Content-Type": [
          "application/json; charset=utf-8"
        ],
        "Expires": [
          "-1"
        ],
        "Content-Length": [
          "12"
        ]
      },
      "ResponseBody": "{\r\n  \"value\": []\r\n}",
      "StatusCode": 200
    },
    {
      "RequestUri": "/subscriptions/80d4fe69-c95b-4dd2-a938-9250f1c8ab03/resourceGroups/flowrg/providers/Microsoft.Logic/workflows?api-version=2019-05-01",
      "EncodedRequestUri": "L3N1YnNjcmlwdGlvbnMvODBkNGZlNjktYzk1Yi00ZGQyLWE5MzgtOTI1MGYxYzhhYjAzL3Jlc291cmNlR3JvdXBzL2Zsb3dyZy9wcm92aWRlcnMvTWljcm9zb2Z0LkxvZ2ljL3dvcmtmbG93cz9hcGktdmVyc2lvbj0yMDE5LTA1LTAx",
      "RequestMethod": "GET",
      "RequestBody": "",
      "RequestHeaders": {
        "x-ms-client-request-id": [
          "d4f871e7-a0c1-4b9b-a83b-38fce40df4f5"
        ],
        "Accept-Language": [
          "en-US"
        ],
        "User-Agent": [
          "FxVersion/4.6.28207.04",
          "OSName/Windows",
          "OSVersion/Microsoft.Windows.10.0.18363.",
          "Microsoft.Azure.Management.Logic.LogicManagementClient/4.1.0.0"
        ]
      },
      "ResponseHeaders": {
        "Cache-Control": [
          "no-cache"
        ],
        "Pragma": [
          "no-cache"
        ],
        "x-ms-ratelimit-remaining-subscription-resource-requests": [
          "19998"
        ],
        "x-ms-request-id": [
          "1c6132da-bd7b-4d06-9958-d12e53de2b9e"
        ],
        "x-ms-correlation-request-id": [
          "1c6132da-bd7b-4d06-9958-d12e53de2b9e"
        ],
        "x-ms-routing-request-id": [
          "WESTUS:20191219T091816Z:1c6132da-bd7b-4d06-9958-d12e53de2b9e"
        ],
        "Strict-Transport-Security": [
          "max-age=31536000; includeSubDomains"
        ],
        "X-Content-Type-Options": [
          "nosniff"
        ],
        "Date": [
          "Thu, 19 Dec 2019 09:18:16 GMT"
        ],
        "Content-Type": [
          "application/json; charset=utf-8"
        ],
        "Expires": [
          "-1"
        ],
        "Content-Length": [
          "12"
        ]
      },
      "ResponseBody": "{\r\n  \"value\": []\r\n}",
      "StatusCode": 200
    },
    {
      "RequestUri": "/subscriptions/80d4fe69-c95b-4dd2-a938-9250f1c8ab03/resourceGroups/flowrg/providers/Microsoft.Logic/integrationAccounts/IntegrationAccount7838?api-version=2019-05-01",
      "EncodedRequestUri": "L3N1YnNjcmlwdGlvbnMvODBkNGZlNjktYzk1Yi00ZGQyLWE5MzgtOTI1MGYxYzhhYjAzL3Jlc291cmNlR3JvdXBzL2Zsb3dyZy9wcm92aWRlcnMvTWljcm9zb2Z0LkxvZ2ljL2ludGVncmF0aW9uQWNjb3VudHMvSW50ZWdyYXRpb25BY2NvdW50NzgzOD9hcGktdmVyc2lvbj0yMDE5LTA1LTAx",
      "RequestMethod": "PUT",
      "RequestBody": "{\r\n  \"properties\": {},\r\n  \"sku\": {\r\n    \"name\": \"Standard\"\r\n  },\r\n  \"location\": \"westus\"\r\n}",
      "RequestHeaders": {
        "x-ms-client-request-id": [
          "522fc0ce-306c-4366-9067-c322d0be9281"
        ],
        "Accept-Language": [
          "en-US"
        ],
        "User-Agent": [
          "FxVersion/4.6.28207.04",
          "OSName/Windows",
          "OSVersion/Microsoft.Windows.10.0.18363.",
          "Microsoft.Azure.Management.Logic.LogicManagementClient/4.1.0.0"
        ],
        "Content-Type": [
          "application/json; charset=utf-8"
        ],
        "Content-Length": [
          "91"
        ]
      },
      "ResponseHeaders": {
        "Cache-Control": [
          "no-cache"
        ],
        "Pragma": [
          "no-cache"
        ],
        "x-ms-request-id": [
          "westus:72ca91f6-30c6-4546-8cdf-99dd5add1bf0"
        ],
        "Strict-Transport-Security": [
          "max-age=31536000; includeSubDomains"
        ],
        "x-ms-ratelimit-remaining-subscription-writes": [
          "1196"
        ],
        "x-ms-correlation-request-id": [
          "0be253cf-3681-4f9f-8420-39cb2696fc94"
        ],
        "x-ms-routing-request-id": [
          "WESTUS:20191219T091817Z:0be253cf-3681-4f9f-8420-39cb2696fc94"
        ],
        "X-Content-Type-Options": [
          "nosniff"
        ],
        "Date": [
          "Thu, 19 Dec 2019 09:18:17 GMT"
        ],
        "Content-Length": [
          "307"
        ],
        "Content-Type": [
          "application/json; charset=utf-8"
        ],
        "Expires": [
          "-1"
        ]
      },
      "ResponseBody": "{\r\n  \"properties\": {\r\n    \"state\": \"Enabled\"\r\n  },\r\n  \"sku\": {\r\n    \"name\": \"Standard\"\r\n  },\r\n  \"id\": \"/subscriptions/80d4fe69-c95b-4dd2-a938-9250f1c8ab03/resourceGroups/flowrg/providers/Microsoft.Logic/integrationAccounts/IntegrationAccount7838\",\r\n  \"name\": \"IntegrationAccount7838\",\r\n  \"type\": \"Microsoft.Logic/integrationAccounts\",\r\n  \"location\": \"westus\"\r\n}",
      "StatusCode": 201
    },
    {
      "RequestUri": "/subscriptions/80d4fe69-c95b-4dd2-a938-9250f1c8ab03/resourceGroups/flowrg/providers/Microsoft.Logic/integrationAccounts/IntegrationAccount7838/batchConfigurations/IABatchConfig1396?api-version=2019-05-01",
      "EncodedRequestUri": "L3N1YnNjcmlwdGlvbnMvODBkNGZlNjktYzk1Yi00ZGQyLWE5MzgtOTI1MGYxYzhhYjAzL3Jlc291cmNlR3JvdXBzL2Zsb3dyZy9wcm92aWRlcnMvTWljcm9zb2Z0LkxvZ2ljL2ludGVncmF0aW9uQWNjb3VudHMvSW50ZWdyYXRpb25BY2NvdW50NzgzOC9iYXRjaENvbmZpZ3VyYXRpb25zL0lBQmF0Y2hDb25maWcxMzk2P2FwaS12ZXJzaW9uPTIwMTktMDUtMDE=",
      "RequestMethod": "PUT",
      "RequestBody": "{\r\n  \"properties\": {\r\n    \"batchGroupName\": \"batchGroupName\",\r\n    \"releaseCriteria\": {\r\n      \"batchSize\": 10\r\n    }\r\n  },\r\n  \"location\": \"westus\"\r\n}",
      "RequestHeaders": {
        "x-ms-client-request-id": [
          "adecab8b-7eaf-46df-870a-2190a8461f65"
        ],
        "Accept-Language": [
          "en-US"
        ],
        "User-Agent": [
          "FxVersion/4.6.28207.04",
          "OSName/Windows",
          "OSVersion/Microsoft.Windows.10.0.18363.",
          "Microsoft.Azure.Management.Logic.LogicManagementClient/4.1.0.0"
        ],
        "Content-Type": [
          "application/json; charset=utf-8"
        ],
        "Content-Length": [
          "150"
        ]
      },
      "ResponseHeaders": {
        "Cache-Control": [
          "no-cache"
        ],
        "Pragma": [
          "no-cache"
        ],
        "x-ms-request-id": [
          "westus:5683c6f3-18b4-404d-8bd5-19fd469e153c"
        ],
        "Strict-Transport-Security": [
          "max-age=31536000; includeSubDomains"
        ],
        "x-ms-ratelimit-remaining-subscription-writes": [
          "1195"
        ],
        "x-ms-correlation-request-id": [
          "7036e137-e4c5-48d9-b499-8e9329fa09df"
        ],
        "x-ms-routing-request-id": [
          "WESTUS:20191219T091817Z:7036e137-e4c5-48d9-b499-8e9329fa09df"
        ],
        "X-Content-Type-Options": [
          "nosniff"
        ],
        "Date": [
          "Thu, 19 Dec 2019 09:18:17 GMT"
        ],
        "Content-Length": [
          "455"
        ],
        "Content-Type": [
          "application/json; charset=utf-8"
        ],
        "Expires": [
          "-1"
        ]
      },
      "ResponseBody": "{\r\n  \"properties\": {\r\n    \"batchGroupName\": \"batchGroupName\",\r\n    \"releaseCriteria\": {\r\n      \"batchSize\": 10\r\n    },\r\n    \"createdTime\": \"2019-12-19T09:18:17.2761243Z\",\r\n    \"changedTime\": \"2019-12-19T09:18:17.2853069Z\"\r\n  },\r\n  \"id\": \"/subscriptions/80d4fe69-c95b-4dd2-a938-9250f1c8ab03/resourceGroups/flowrg/providers/Microsoft.Logic/integrationAccounts/IntegrationAccount7838/batchConfigurations/IABatchConfig1396\",\r\n  \"name\": \"IABatchConfig1396\",\r\n  \"type\": \"Microsoft.Logic/integrationAccounts/batchConfigurations\"\r\n}",
      "StatusCode": 201
    },
    {
      "RequestUri": "/subscriptions/80d4fe69-c95b-4dd2-a938-9250f1c8ab03/resourceGroups/flowrg/providers/Microsoft.Logic/integrationAccounts/IntegrationAccount7838/batchConfigurations/IABatchConfig1396?api-version=2019-05-01",
      "EncodedRequestUri": "L3N1YnNjcmlwdGlvbnMvODBkNGZlNjktYzk1Yi00ZGQyLWE5MzgtOTI1MGYxYzhhYjAzL3Jlc291cmNlR3JvdXBzL2Zsb3dyZy9wcm92aWRlcnMvTWljcm9zb2Z0LkxvZ2ljL2ludGVncmF0aW9uQWNjb3VudHMvSW50ZWdyYXRpb25BY2NvdW50NzgzOC9iYXRjaENvbmZpZ3VyYXRpb25zL0lBQmF0Y2hDb25maWcxMzk2P2FwaS12ZXJzaW9uPTIwMTktMDUtMDE=",
      "RequestMethod": "GET",
      "RequestBody": "",
      "RequestHeaders": {
        "x-ms-client-request-id": [
          "6ec4f92e-c098-41f0-86b5-20d265aa01b8"
        ],
        "Accept-Language": [
          "en-US"
        ],
        "User-Agent": [
          "FxVersion/4.6.28207.04",
          "OSName/Windows",
          "OSVersion/Microsoft.Windows.10.0.18363.",
          "Microsoft.Azure.Management.Logic.LogicManagementClient/4.1.0.0"
        ]
      },
      "ResponseHeaders": {
        "Cache-Control": [
          "no-cache"
        ],
        "Pragma": [
          "no-cache"
        ],
        "Vary": [
          "Accept-Encoding"
        ],
        "x-ms-request-id": [
          "westus:d786e09d-2887-4e54-a1a9-83930dbaa35c"
        ],
        "Strict-Transport-Security": [
          "max-age=31536000; includeSubDomains"
        ],
        "x-ms-ratelimit-remaining-subscription-reads": [
          "11996"
        ],
        "x-ms-correlation-request-id": [
          "829291a2-f69b-44d2-a3e0-5823c9115e7e"
        ],
        "x-ms-routing-request-id": [
          "WESTUS:20191219T091817Z:829291a2-f69b-44d2-a3e0-5823c9115e7e"
        ],
        "X-Content-Type-Options": [
          "nosniff"
        ],
        "Date": [
          "Thu, 19 Dec 2019 09:18:17 GMT"
        ],
        "Content-Length": [
          "455"
        ],
        "Content-Type": [
          "application/json; charset=utf-8"
        ],
        "Expires": [
          "-1"
        ]
      },
      "ResponseBody": "{\r\n  \"properties\": {\r\n    \"batchGroupName\": \"batchGroupName\",\r\n    \"releaseCriteria\": {\r\n      \"batchSize\": 10\r\n    },\r\n    \"createdTime\": \"2019-12-19T09:18:17.2761243Z\",\r\n    \"changedTime\": \"2019-12-19T09:18:17.2853069Z\"\r\n  },\r\n  \"id\": \"/subscriptions/80d4fe69-c95b-4dd2-a938-9250f1c8ab03/resourceGroups/flowrg/providers/Microsoft.Logic/integrationAccounts/IntegrationAccount7838/batchConfigurations/IABatchConfig1396\",\r\n  \"name\": \"IABatchConfig1396\",\r\n  \"type\": \"Microsoft.Logic/integrationAccounts/batchConfigurations\"\r\n}",
      "StatusCode": 200
    },
    {
      "RequestUri": "/subscriptions/80d4fe69-c95b-4dd2-a938-9250f1c8ab03/resourceGroups/flowrg/providers/Microsoft.Logic/integrationAccounts/IntegrationAccount7838?api-version=2019-05-01",
      "EncodedRequestUri": "L3N1YnNjcmlwdGlvbnMvODBkNGZlNjktYzk1Yi00ZGQyLWE5MzgtOTI1MGYxYzhhYjAzL3Jlc291cmNlR3JvdXBzL2Zsb3dyZy9wcm92aWRlcnMvTWljcm9zb2Z0LkxvZ2ljL2ludGVncmF0aW9uQWNjb3VudHMvSW50ZWdyYXRpb25BY2NvdW50NzgzOD9hcGktdmVyc2lvbj0yMDE5LTA1LTAx",
      "RequestMethod": "DELETE",
      "RequestBody": "",
      "RequestHeaders": {
        "x-ms-client-request-id": [
          "5dcbba79-b140-4730-a689-a3568c49325e"
        ],
        "Accept-Language": [
          "en-US"
        ],
        "User-Agent": [
          "FxVersion/4.6.28207.04",
          "OSName/Windows",
          "OSVersion/Microsoft.Windows.10.0.18363.",
          "Microsoft.Azure.Management.Logic.LogicManagementClient/4.1.0.0"
        ]
      },
      "ResponseHeaders": {
        "Cache-Control": [
          "no-cache"
        ],
        "Pragma": [
          "no-cache"
        ],
        "x-ms-request-id": [
          "westus:d5ea88f6-2fb2-4b40-afa8-7d4ec898bad3"
        ],
        "Strict-Transport-Security": [
          "max-age=31536000; includeSubDomains"
        ],
        "x-ms-ratelimit-remaining-subscription-deletes": [
          "14998"
        ],
        "x-ms-correlation-request-id": [
          "4abf23b3-f656-4eb1-8afa-1483489ff279"
        ],
        "x-ms-routing-request-id": [
          "WESTUS:20191219T091817Z:4abf23b3-f656-4eb1-8afa-1483489ff279"
        ],
        "X-Content-Type-Options": [
          "nosniff"
        ],
        "Date": [
          "Thu, 19 Dec 2019 09:18:17 GMT"
        ],
        "Expires": [
          "-1"
        ],
        "Content-Length": [
          "0"
        ]
      },
      "ResponseBody": "",
      "StatusCode": 200
    }
  ],
  "Names": {
    "IntegrationAccountBatchConfigurations_Get_OK": [
      "IntegrationAccount7838",
      "IABatchConfig1396"
    ]
  },
  "Variables": {
    "SubscriptionId": "80d4fe69-c95b-4dd2-a938-9250f1c8ab03"
  }
}