{
  "Entries": [
    {
      "RequestUri": "/subscriptions/19b520e4-39a7-4fac-b1da-d940f2d39a38/providers/Microsoft.Cache/register?api-version=2015-11-01",
      "EncodedRequestUri": "L3N1YnNjcmlwdGlvbnMvMTliNTIwZTQtMzlhNy00ZmFjLWIxZGEtZDk0MGYyZDM5YTM4L3Byb3ZpZGVycy9NaWNyb3NvZnQuQ2FjaGUvcmVnaXN0ZXI/YXBpLXZlcnNpb249MjAxNS0xMS0wMQ==",
      "RequestMethod": "POST",
      "RequestBody": "",
      "RequestHeaders": {
        "x-ms-client-request-id": [
          "2a319ce6-989d-4dff-9088-ba27e525273b"
        ],
        "accept-language": [
          "en-US"
        ],
        "User-Agent": [
          "Microsoft.Azure.Management.Resources.ResourceManagementClient/1.0.0.0"
        ]
      },
      "ResponseBody": "{\r\n  \"id\": \"/subscriptions/19b520e4-39a7-4fac-b1da-d940f2d39a38/providers/Microsoft.Cache\",\r\n  \"namespace\": \"Microsoft.Cache\",\r\n  \"authorization\": {\r\n    \"applicationId\": \"96231a05-34ce-4eb4-aa6a-70759cbb5e83\",\r\n    \"roleDefinitionId\": \"4f731528-ba85-45c7-acfb-cd0a9b3cf31b\"\r\n  },\r\n  \"resourceTypes\": [\r\n    {\r\n      \"resourceType\": \"Redis\",\r\n      \"locations\": [\r\n        \"North Central US\",\r\n        \"South Central US\",\r\n        \"Central US\",\r\n        \"West Europe\",\r\n        \"North Europe\",\r\n        \"West US\",\r\n        \"East US\",\r\n        \"East US 2\",\r\n        \"Japan East\",\r\n        \"Japan West\",\r\n        \"Brazil South\",\r\n        \"Southeast Asia\",\r\n        \"East Asia\"\r\n      ],\r\n      \"apiVersions\": [\r\n        \"2016-04-01\",\r\n        \"2015-08-01\",\r\n        \"2015-03-01\",\r\n        \"2014-04-01-preview\",\r\n        \"2014-04-01-alpha\",\r\n        \"2014-04-01\"\r\n      ],\r\n      \"capabilities\": \"CrossResourceGroupResourceMove, CrossSubscriptionResourceMove\"\r\n    },\r\n    {\r\n      \"resourceType\": \"locations\",\r\n      \"locations\": [],\r\n      \"apiVersions\": [\r\n        \"2016-04-01\",\r\n        \"2015-08-01\",\r\n        \"2015-03-01\",\r\n        \"2014-04-01-preview\",\r\n        \"2014-04-01-alpha\",\r\n        \"2014-04-01\"\r\n      ]\r\n    },\r\n    {\r\n      \"resourceType\": \"locations/operationResults\",\r\n      \"locations\": [\r\n        \"North Central US\",\r\n        \"South Central US\",\r\n        \"Central US\",\r\n        \"West Europe\",\r\n        \"North Europe\",\r\n        \"West US\",\r\n        \"East US\",\r\n        \"East US 2\",\r\n        \"Japan East\",\r\n        \"Japan West\",\r\n        \"Brazil South\",\r\n        \"Southeast Asia\",\r\n        \"East Asia\"\r\n      ],\r\n      \"apiVersions\": [\r\n        \"2016-04-01\",\r\n        \"2015-08-01\",\r\n        \"2015-03-01\",\r\n        \"2014-04-01-preview\",\r\n        \"2014-04-01-alpha\",\r\n        \"2014-04-01\"\r\n      ]\r\n    },\r\n    {\r\n      \"resourceType\": \"checkNameAvailability\",\r\n      \"locations\": [],\r\n      \"apiVersions\": [\r\n        \"2016-04-01\",\r\n        \"2015-08-01\",\r\n        \"2015-03-01\",\r\n        \"2014-04-01-preview\",\r\n        \"2014-04-01-alpha\",\r\n        \"2014-04-01\"\r\n      ]\r\n    },\r\n    {\r\n      \"resourceType\": \"operations\",\r\n      \"locations\": [],\r\n      \"apiVersions\": [\r\n        \"2016-04-01\",\r\n        \"2015-08-01\",\r\n        \"2015-03-01\",\r\n        \"2015-01-01\",\r\n        \"2014-04-01-preview\",\r\n        \"2014-04-01-alpha\",\r\n        \"2014-04-01\"\r\n      ]\r\n    },\r\n    {\r\n      \"resourceType\": \"RedisConfigDefinition\",\r\n      \"locations\": [],\r\n      \"apiVersions\": [\r\n        \"2016-04-01\",\r\n        \"2015-08-01\",\r\n        \"2015-03-01\"\r\n      ]\r\n    },\r\n    {\r\n      \"resourceType\": \"Redis/metricDefinitions\",\r\n      \"locations\": [\r\n        \"East US\",\r\n        \"East US 2\",\r\n        \"North Central US\",\r\n        \"North Europe\",\r\n        \"West Europe\",\r\n        \"Brazil South\",\r\n        \"West US\",\r\n        \"Central US\",\r\n        \"South Central US\",\r\n        \"Japan East\",\r\n        \"Japan West\",\r\n        \"East Asia\",\r\n        \"Southeast Asia\"\r\n      ],\r\n      \"apiVersions\": [\r\n        \"2014-04-01\"\r\n      ]\r\n    },\r\n    {\r\n      \"resourceType\": \"Redis/diagnosticSettings\",\r\n      \"locations\": [\r\n        \"East US\",\r\n        \"East US 2\",\r\n        \"North Central US\",\r\n        \"North Europe\",\r\n        \"West Europe\",\r\n        \"Brazil South\",\r\n        \"West US\",\r\n        \"Central US\",\r\n        \"South Central US\",\r\n        \"Japan East\",\r\n        \"Japan West\",\r\n        \"East Asia\",\r\n        \"Southeast Asia\"\r\n      ],\r\n      \"apiVersions\": [\r\n        \"2014-04-01\"\r\n      ]\r\n    }\r\n  ],\r\n  \"registrationState\": \"Registered\"\r\n}",
      "ResponseHeaders": {
        "Content-Type": [
          "application/json; charset=utf-8"
        ],
        "Expires": [
          "-1"
        ],
        "Cache-Control": [
          "no-cache"
        ],
        "Date": [
          "Wed, 18 May 2016 22:19:02 GMT"
        ],
        "Pragma": [
          "no-cache"
        ],
        "Vary": [
          "Accept-Encoding"
        ],
        "x-ms-ratelimit-remaining-subscription-writes": [
          "1197"
        ],
        "x-ms-request-id": [
          "e2b4a969-95e7-4510-9bac-f3a4d96f2b7f"
        ],
        "x-ms-correlation-request-id": [
          "e2b4a969-95e7-4510-9bac-f3a4d96f2b7f"
        ],
        "x-ms-routing-request-id": [
          "NORTHEUROPE:20160518T221903Z:e2b4a969-95e7-4510-9bac-f3a4d96f2b7f"
        ],
        "Strict-Transport-Security": [
          "max-age=31536000; includeSubDomains"
        ]
      },
      "StatusCode": 200
    },
    {
      "RequestUri": "/subscriptions/19b520e4-39a7-4fac-b1da-d940f2d39a38/providers/Microsoft.Cache?api-version=2015-11-01",
      "EncodedRequestUri": "L3N1YnNjcmlwdGlvbnMvMTliNTIwZTQtMzlhNy00ZmFjLWIxZGEtZDk0MGYyZDM5YTM4L3Byb3ZpZGVycy9NaWNyb3NvZnQuQ2FjaGU/YXBpLXZlcnNpb249MjAxNS0xMS0wMQ==",
      "RequestMethod": "GET",
      "RequestBody": "",
      "RequestHeaders": {
        "x-ms-client-request-id": [
          "3b4237b7-3141-4e06-b599-f458f3bb687a"
        ],
        "accept-language": [
          "en-US"
        ],
        "User-Agent": [
          "Microsoft.Azure.Management.Resources.ResourceManagementClient/1.0.0.0"
        ]
      },
      "ResponseBody": "{\r\n  \"id\": \"/subscriptions/19b520e4-39a7-4fac-b1da-d940f2d39a38/providers/Microsoft.Cache\",\r\n  \"namespace\": \"Microsoft.Cache\",\r\n  \"authorization\": {\r\n    \"applicationId\": \"96231a05-34ce-4eb4-aa6a-70759cbb5e83\",\r\n    \"roleDefinitionId\": \"4f731528-ba85-45c7-acfb-cd0a9b3cf31b\"\r\n  },\r\n  \"resourceTypes\": [\r\n    {\r\n      \"resourceType\": \"Redis\",\r\n      \"locations\": [\r\n        \"North Central US\",\r\n        \"South Central US\",\r\n        \"Central US\",\r\n        \"West Europe\",\r\n        \"North Europe\",\r\n        \"West US\",\r\n        \"East US\",\r\n        \"East US 2\",\r\n        \"Japan East\",\r\n        \"Japan West\",\r\n        \"Brazil South\",\r\n        \"Southeast Asia\",\r\n        \"East Asia\"\r\n      ],\r\n      \"apiVersions\": [\r\n        \"2016-04-01\",\r\n        \"2015-08-01\",\r\n        \"2015-03-01\",\r\n        \"2014-04-01-preview\",\r\n        \"2014-04-01-alpha\",\r\n        \"2014-04-01\"\r\n      ],\r\n      \"capabilities\": \"CrossResourceGroupResourceMove, CrossSubscriptionResourceMove\"\r\n    },\r\n    {\r\n      \"resourceType\": \"locations\",\r\n      \"locations\": [],\r\n      \"apiVersions\": [\r\n        \"2016-04-01\",\r\n        \"2015-08-01\",\r\n        \"2015-03-01\",\r\n        \"2014-04-01-preview\",\r\n        \"2014-04-01-alpha\",\r\n        \"2014-04-01\"\r\n      ]\r\n    },\r\n    {\r\n      \"resourceType\": \"locations/operationResults\",\r\n      \"locations\": [\r\n        \"North Central US\",\r\n        \"South Central US\",\r\n        \"Central US\",\r\n        \"West Europe\",\r\n        \"North Europe\",\r\n        \"West US\",\r\n        \"East US\",\r\n        \"East US 2\",\r\n        \"Japan East\",\r\n        \"Japan West\",\r\n        \"Brazil South\",\r\n        \"Southeast Asia\",\r\n        \"East Asia\"\r\n      ],\r\n      \"apiVersions\": [\r\n        \"2016-04-01\",\r\n        \"2015-08-01\",\r\n        \"2015-03-01\",\r\n        \"2014-04-01-preview\",\r\n        \"2014-04-01-alpha\",\r\n        \"2014-04-01\"\r\n      ]\r\n    },\r\n    {\r\n      \"resourceType\": \"checkNameAvailability\",\r\n      \"locations\": [],\r\n      \"apiVersions\": [\r\n        \"2016-04-01\",\r\n        \"2015-08-01\",\r\n        \"2015-03-01\",\r\n        \"2014-04-01-preview\",\r\n        \"2014-04-01-alpha\",\r\n        \"2014-04-01\"\r\n      ]\r\n    },\r\n    {\r\n      \"resourceType\": \"operations\",\r\n      \"locations\": [],\r\n      \"apiVersions\": [\r\n        \"2016-04-01\",\r\n        \"2015-08-01\",\r\n        \"2015-03-01\",\r\n        \"2015-01-01\",\r\n        \"2014-04-01-preview\",\r\n        \"2014-04-01-alpha\",\r\n        \"2014-04-01\"\r\n      ]\r\n    },\r\n    {\r\n      \"resourceType\": \"RedisConfigDefinition\",\r\n      \"locations\": [],\r\n      \"apiVersions\": [\r\n        \"2016-04-01\",\r\n        \"2015-08-01\",\r\n        \"2015-03-01\"\r\n      ]\r\n    },\r\n    {\r\n      \"resourceType\": \"Redis/metricDefinitions\",\r\n      \"locations\": [\r\n        \"East US\",\r\n        \"East US 2\",\r\n        \"North Central US\",\r\n        \"North Europe\",\r\n        \"West Europe\",\r\n        \"Brazil South\",\r\n        \"West US\",\r\n        \"Central US\",\r\n        \"South Central US\",\r\n        \"Japan East\",\r\n        \"Japan West\",\r\n        \"East Asia\",\r\n        \"Southeast Asia\"\r\n      ],\r\n      \"apiVersions\": [\r\n        \"2014-04-01\"\r\n      ]\r\n    },\r\n    {\r\n      \"resourceType\": \"Redis/diagnosticSettings\",\r\n      \"locations\": [\r\n        \"East US\",\r\n        \"East US 2\",\r\n        \"North Central US\",\r\n        \"North Europe\",\r\n        \"West Europe\",\r\n        \"Brazil South\",\r\n        \"West US\",\r\n        \"Central US\",\r\n        \"South Central US\",\r\n        \"Japan East\",\r\n        \"Japan West\",\r\n        \"East Asia\",\r\n        \"Southeast Asia\"\r\n      ],\r\n      \"apiVersions\": [\r\n        \"2014-04-01\"\r\n      ]\r\n    }\r\n  ],\r\n  \"registrationState\": \"Registered\"\r\n}",
      "ResponseHeaders": {
        "Content-Type": [
          "application/json; charset=utf-8"
        ],
        "Expires": [
          "-1"
        ],
        "Cache-Control": [
          "no-cache"
        ],
        "Date": [
          "Wed, 18 May 2016 22:19:03 GMT"
        ],
        "Pragma": [
          "no-cache"
        ],
        "Vary": [
          "Accept-Encoding"
        ],
        "x-ms-ratelimit-remaining-subscription-reads": [
          "14876"
        ],
        "x-ms-request-id": [
          "c9b68092-2f43-44ba-8dbd-2531ac2f4c30"
        ],
        "x-ms-correlation-request-id": [
          "c9b68092-2f43-44ba-8dbd-2531ac2f4c30"
        ],
        "x-ms-routing-request-id": [
          "NORTHEUROPE:20160518T221903Z:c9b68092-2f43-44ba-8dbd-2531ac2f4c30"
        ],
        "Strict-Transport-Security": [
          "max-age=31536000; includeSubDomains"
        ]
      },
      "StatusCode": 200
    },
    {
      "RequestUri": "/subscriptions/19b520e4-39a7-4fac-b1da-d940f2d39a38/resourcegroups/hydra26723?api-version=2015-11-01",
      "EncodedRequestUri": "L3N1YnNjcmlwdGlvbnMvMTliNTIwZTQtMzlhNy00ZmFjLWIxZGEtZDk0MGYyZDM5YTM4L3Jlc291cmNlZ3JvdXBzL2h5ZHJhMjY3MjM/YXBpLXZlcnNpb249MjAxNS0xMS0wMQ==",
      "RequestMethod": "PUT",
      "RequestBody": "{\r\n  \"location\": \"North Central US\"\r\n}",
      "RequestHeaders": {
        "Content-Type": [
          "application/json; charset=utf-8"
        ],
        "Content-Length": [
          "38"
        ],
        "x-ms-client-request-id": [
          "d8e59538-e2a3-4cc7-a59d-b74ad73181af"
        ],
        "accept-language": [
          "en-US"
        ],
        "User-Agent": [
          "Microsoft.Azure.Management.Resources.ResourceManagementClient/1.0.0.0"
        ]
      },
      "ResponseBody": "{\r\n  \"id\": \"/subscriptions/19b520e4-39a7-4fac-b1da-d940f2d39a38/resourceGroups/hydra26723\",\r\n  \"name\": \"hydra26723\",\r\n  \"location\": \"northcentralus\",\r\n  \"properties\": {\r\n    \"provisioningState\": \"Succeeded\"\r\n  }\r\n}",
      "ResponseHeaders": {
        "Content-Length": [
          "181"
        ],
        "Content-Type": [
          "application/json; charset=utf-8"
        ],
        "Expires": [
          "-1"
        ],
        "Cache-Control": [
          "no-cache"
        ],
        "Date": [
          "Wed, 18 May 2016 22:19:03 GMT"
        ],
        "Pragma": [
          "no-cache"
        ],
        "x-ms-ratelimit-remaining-subscription-writes": [
          "1196"
        ],
        "x-ms-request-id": [
          "a2b9ce84-b1ed-420e-8a54-46ac834df392"
        ],
        "x-ms-correlation-request-id": [
          "a2b9ce84-b1ed-420e-8a54-46ac834df392"
        ],
        "x-ms-routing-request-id": [
          "NORTHEUROPE:20160518T221904Z:a2b9ce84-b1ed-420e-8a54-46ac834df392"
        ],
        "Strict-Transport-Security": [
          "max-age=31536000; includeSubDomains"
        ]
      },
      "StatusCode": 201
    },
    {
      "RequestUri": "/subscriptions/19b520e4-39a7-4fac-b1da-d940f2d39a38/resourcegroups/hydra26723?api-version=2015-11-01",
      "EncodedRequestUri": "L3N1YnNjcmlwdGlvbnMvMTliNTIwZTQtMzlhNy00ZmFjLWIxZGEtZDk0MGYyZDM5YTM4L3Jlc291cmNlZ3JvdXBzL2h5ZHJhMjY3MjM/YXBpLXZlcnNpb249MjAxNS0xMS0wMQ==",
      "RequestMethod": "GET",
      "RequestBody": "",
      "RequestHeaders": {
        "x-ms-client-request-id": [
          "17255f9d-bf5f-4e7e-98b9-39a2fd01c379"
        ],
        "accept-language": [
          "en-US"
        ],
        "User-Agent": [
          "Microsoft.Azure.Management.Resources.ResourceManagementClient/1.0.0.0"
        ]
      },
      "ResponseBody": "{\r\n  \"id\": \"/subscriptions/19b520e4-39a7-4fac-b1da-d940f2d39a38/resourceGroups/hydra26723\",\r\n  \"name\": \"hydra26723\",\r\n  \"location\": \"northcentralus\",\r\n  \"properties\": {\r\n    \"provisioningState\": \"Succeeded\"\r\n  }\r\n}",
      "ResponseHeaders": {
        "Content-Type": [
          "application/json; charset=utf-8"
        ],
        "Expires": [
          "-1"
        ],
        "Cache-Control": [
          "no-cache"
        ],
        "Date": [
          "Wed, 18 May 2016 22:19:04 GMT"
        ],
        "Pragma": [
          "no-cache"
        ],
        "Vary": [
          "Accept-Encoding"
        ],
        "x-ms-ratelimit-remaining-subscription-reads": [
          "14875"
        ],
        "x-ms-request-id": [
          "74572603-4a96-4c10-806f-5d779f68471c"
        ],
        "x-ms-correlation-request-id": [
          "74572603-4a96-4c10-806f-5d779f68471c"
        ],
        "x-ms-routing-request-id": [
          "NORTHEUROPE:20160518T221904Z:74572603-4a96-4c10-806f-5d779f68471c"
        ],
        "Strict-Transport-Security": [
          "max-age=31536000; includeSubDomains"
        ]
      },
      "StatusCode": 200
    }
  ],
  "Names": {
    ".ctor": [
      "hydra26723"
    ]
  },
  "Variables": {
    "SubscriptionId": "19b520e4-39a7-4fac-b1da-d940f2d39a38"
  }
}