{
  "Entries": [
    {
      "RequestUri": "/subscriptions/3de378f4-8c96-43c9-a8eb-acb52c9f8993/providers/Microsoft.Search/register?api-version=2014-04-01-preview",
      "EncodedRequestUri": "L3N1YnNjcmlwdGlvbnMvM2RlMzc4ZjQtOGM5Ni00M2M5LWE4ZWItYWNiNTJjOWY4OTkzL3Byb3ZpZGVycy9NaWNyb3NvZnQuU2VhcmNoL3JlZ2lzdGVyP2FwaS12ZXJzaW9uPTIwMTQtMDQtMDEtcHJldmlldw==",
      "RequestMethod": "POST",
      "RequestBody": "",
      "RequestHeaders": {
        "User-Agent": [
          "Microsoft.Azure.Management.Resources.ResourceManagementClient/1.0.0.0"
        ]
      },
      "ResponseBody": "{\r\n  \"id\": \"/subscriptions/3de378f4-8c96-43c9-a8eb-acb52c9f8993/providers/Microsoft.Search\",\r\n  \"namespace\": \"Microsoft.Search\",\r\n  \"resourceTypes\": [\r\n    {\r\n      \"resourceType\": \"searchServices\",\r\n      \"locations\": [\r\n        \"West US\"\r\n      ],\r\n      \"apiVersions\": [\r\n        \"2015-02-28\",\r\n        \"2014-07-31-Preview\"\r\n      ]\r\n    },\r\n    {\r\n      \"resourceType\": \"searchServicesCit\",\r\n      \"locations\": [\r\n        \"West US\"\r\n      ],\r\n      \"apiVersions\": [\r\n        \"2015-02-28\",\r\n        \"2014-07-31-Preview\"\r\n      ]\r\n    },\r\n    {\r\n      \"resourceType\": \"searchServicesInt\",\r\n      \"locations\": [\r\n        \"West US\"\r\n      ],\r\n      \"apiVersions\": [\r\n        \"2015-02-28\",\r\n        \"2014-07-31-Preview\"\r\n      ]\r\n    },\r\n    {\r\n      \"resourceType\": \"searchServicesPpe\",\r\n      \"locations\": [\r\n        \"West US\"\r\n      ],\r\n      \"apiVersions\": [\r\n        \"2015-02-28\",\r\n        \"2014-07-31-Preview\"\r\n      ]\r\n    },\r\n    {\r\n      \"resourceType\": \"checkServiceNameAvailability\",\r\n      \"locations\": [],\r\n      \"apiVersions\": [\r\n        \"2015-02-28\",\r\n        \"2014-07-31-Preview\"\r\n      ]\r\n    },\r\n    {\r\n      \"resourceType\": \"checkServiceNameAvailabilityCit\",\r\n      \"locations\": [],\r\n      \"apiVersions\": [\r\n        \"2015-02-28\",\r\n        \"2014-07-31-Preview\"\r\n      ]\r\n    },\r\n    {\r\n      \"resourceType\": \"checkServiceNameAvailabilityInt\",\r\n      \"locations\": [],\r\n      \"apiVersions\": [\r\n        \"2015-02-28\",\r\n        \"2014-07-31-Preview\"\r\n      ]\r\n    },\r\n    {\r\n      \"resourceType\": \"checkServiceNameAvailabilityPpe\",\r\n      \"locations\": [],\r\n      \"apiVersions\": [\r\n        \"2015-02-28\",\r\n        \"2014-07-31-Preview\"\r\n      ]\r\n    }\r\n  ],\r\n  \"registrationState\": \"Registered\"\r\n}",
      "ResponseHeaders": {
        "Content-Length": [
          "1071"
        ],
        "Content-Type": [
          "application/json; charset=utf-8"
        ],
        "Expires": [
          "-1"
        ],
        "Pragma": [
          "no-cache"
        ],
        "x-ms-ratelimit-remaining-subscription-writes": [
          "1164"
        ],
        "x-ms-request-id": [
          "3c27a766-9b32-4ac0-81ab-feafdd9bc9c8"
        ],
        "x-ms-correlation-request-id": [
          "3c27a766-9b32-4ac0-81ab-feafdd9bc9c8"
        ],
        "x-ms-routing-request-id": [
          "CENTRALUS:20150416T011422Z:3c27a766-9b32-4ac0-81ab-feafdd9bc9c8"
        ],
        "Strict-Transport-Security": [
          "max-age=31536000; includeSubDomains"
        ],
        "Cache-Control": [
          "no-cache"
        ],
        "Date": [
          "Thu, 16 Apr 2015 01:14:22 GMT"
        ]
      },
      "StatusCode": 200
    },
    {
      "RequestUri": "/subscriptions/3de378f4-8c96-43c9-a8eb-acb52c9f8993/providers/Microsoft.Search?api-version=2014-04-01-preview",
      "EncodedRequestUri": "L3N1YnNjcmlwdGlvbnMvM2RlMzc4ZjQtOGM5Ni00M2M5LWE4ZWItYWNiNTJjOWY4OTkzL3Byb3ZpZGVycy9NaWNyb3NvZnQuU2VhcmNoP2FwaS12ZXJzaW9uPTIwMTQtMDQtMDEtcHJldmlldw==",
      "RequestMethod": "GET",
      "RequestBody": "",
      "RequestHeaders": {
        "User-Agent": [
          "Microsoft.Azure.Management.Resources.ResourceManagementClient/1.0.0.0"
        ]
      },
      "ResponseBody": "{\r\n  \"id\": \"/subscriptions/3de378f4-8c96-43c9-a8eb-acb52c9f8993/providers/Microsoft.Search\",\r\n  \"namespace\": \"Microsoft.Search\",\r\n  \"resourceTypes\": [\r\n    {\r\n      \"resourceType\": \"searchServices\",\r\n      \"locations\": [\r\n        \"West US\"\r\n      ],\r\n      \"apiVersions\": [\r\n        \"2015-02-28\",\r\n        \"2014-07-31-Preview\"\r\n      ]\r\n    },\r\n    {\r\n      \"resourceType\": \"searchServicesCit\",\r\n      \"locations\": [\r\n        \"West US\"\r\n      ],\r\n      \"apiVersions\": [\r\n        \"2015-02-28\",\r\n        \"2014-07-31-Preview\"\r\n      ]\r\n    },\r\n    {\r\n      \"resourceType\": \"searchServicesInt\",\r\n      \"locations\": [\r\n        \"West US\"\r\n      ],\r\n      \"apiVersions\": [\r\n        \"2015-02-28\",\r\n        \"2014-07-31-Preview\"\r\n      ]\r\n    },\r\n    {\r\n      \"resourceType\": \"searchServicesPpe\",\r\n      \"locations\": [\r\n        \"West US\"\r\n      ],\r\n      \"apiVersions\": [\r\n        \"2015-02-28\",\r\n        \"2014-07-31-Preview\"\r\n      ]\r\n    },\r\n    {\r\n      \"resourceType\": \"checkServiceNameAvailability\",\r\n      \"locations\": [],\r\n      \"apiVersions\": [\r\n        \"2015-02-28\",\r\n        \"2014-07-31-Preview\"\r\n      ]\r\n    },\r\n    {\r\n      \"resourceType\": \"checkServiceNameAvailabilityCit\",\r\n      \"locations\": [],\r\n      \"apiVersions\": [\r\n        \"2015-02-28\",\r\n        \"2014-07-31-Preview\"\r\n      ]\r\n    },\r\n    {\r\n      \"resourceType\": \"checkServiceNameAvailabilityInt\",\r\n      \"locations\": [],\r\n      \"apiVersions\": [\r\n        \"2015-02-28\",\r\n        \"2014-07-31-Preview\"\r\n      ]\r\n    },\r\n    {\r\n      \"resourceType\": \"checkServiceNameAvailabilityPpe\",\r\n      \"locations\": [],\r\n      \"apiVersions\": [\r\n        \"2015-02-28\",\r\n        \"2014-07-31-Preview\"\r\n      ]\r\n    }\r\n  ],\r\n  \"registrationState\": \"Registered\"\r\n}",
      "ResponseHeaders": {
        "Content-Length": [
          "1071"
        ],
        "Content-Type": [
          "application/json; charset=utf-8"
        ],
        "Expires": [
          "-1"
        ],
        "Pragma": [
          "no-cache"
        ],
        "x-ms-ratelimit-remaining-subscription-reads": [
          "31981"
        ],
        "x-ms-request-id": [
          "9f32d37c-9c36-45e9-920b-34cdbe75932b"
        ],
        "x-ms-correlation-request-id": [
          "9f32d37c-9c36-45e9-920b-34cdbe75932b"
        ],
        "x-ms-routing-request-id": [
          "CENTRALUS:20150416T011423Z:9f32d37c-9c36-45e9-920b-34cdbe75932b"
        ],
        "Strict-Transport-Security": [
          "max-age=31536000; includeSubDomains"
        ],
        "Cache-Control": [
          "no-cache"
        ],
        "Date": [
          "Thu, 16 Apr 2015 01:14:22 GMT"
        ]
      },
      "StatusCode": 200
    },
    {
      "RequestUri": "/subscriptions/3de378f4-8c96-43c9-a8eb-acb52c9f8993/resourcegroups/azsmnet3343?api-version=2014-04-01-preview",
      "EncodedRequestUri": "L3N1YnNjcmlwdGlvbnMvM2RlMzc4ZjQtOGM5Ni00M2M5LWE4ZWItYWNiNTJjOWY4OTkzL3Jlc291cmNlZ3JvdXBzL2F6c21uZXQzMzQzP2FwaS12ZXJzaW9uPTIwMTQtMDQtMDEtcHJldmlldw==",
      "RequestMethod": "PUT",
      "RequestBody": "{\r\n  \"location\": \"West US\"\r\n}",
      "RequestHeaders": {
        "Content-Type": [
          "application/json; charset=utf-8"
        ],
        "Content-Length": [
          "29"
        ],
        "User-Agent": [
          "Microsoft.Azure.Management.Resources.ResourceManagementClient/1.0.0.0"
        ]
      },
      "ResponseBody": "{\r\n  \"id\": \"/subscriptions/3de378f4-8c96-43c9-a8eb-acb52c9f8993/resourceGroups/azsmnet3343\",\r\n  \"name\": \"azsmnet3343\",\r\n  \"location\": \"westus\",\r\n  \"properties\": {\r\n    \"provisioningState\": \"Succeeded\"\r\n  }\r\n}",
      "ResponseHeaders": {
        "Content-Length": [
          "175"
        ],
        "Content-Type": [
          "application/json; charset=utf-8"
        ],
        "Expires": [
          "-1"
        ],
        "Pragma": [
          "no-cache"
        ],
        "x-ms-ratelimit-remaining-subscription-writes": [
          "1163"
        ],
        "x-ms-request-id": [
          "87086b7f-84f3-44cf-8058-882e9c5ace29"
        ],
        "x-ms-correlation-request-id": [
          "87086b7f-84f3-44cf-8058-882e9c5ace29"
        ],
        "x-ms-routing-request-id": [
          "CENTRALUS:20150416T011423Z:87086b7f-84f3-44cf-8058-882e9c5ace29"
        ],
        "Strict-Transport-Security": [
          "max-age=31536000; includeSubDomains"
        ],
        "Cache-Control": [
          "no-cache"
        ],
        "Date": [
          "Thu, 16 Apr 2015 01:14:23 GMT"
        ]
      },
      "StatusCode": 201
    },
    {
      "RequestUri": "/subscriptions/3de378f4-8c96-43c9-a8eb-acb52c9f8993/resourceGroups/azsmnet3343/providers/Microsoft.Search/searchServices/azs-1419?api-version=2015-02-28",
      "EncodedRequestUri": "L3N1YnNjcmlwdGlvbnMvM2RlMzc4ZjQtOGM5Ni00M2M5LWE4ZWItYWNiNTJjOWY4OTkzL3Jlc291cmNlR3JvdXBzL2F6c21uZXQzMzQzL3Byb3ZpZGVycy9NaWNyb3NvZnQuU2VhcmNoL3NlYXJjaFNlcnZpY2VzL2F6cy0xNDE5P2FwaS12ZXJzaW9uPTIwMTUtMDItMjg=",
      "RequestMethod": "PUT",
      "RequestBody": "{\r\n  \"location\": \"West US\",\r\n  \"properties\": {\r\n    \"sku\": {\r\n      \"name\": \"free\"\r\n    }\r\n  }\r\n}",
      "RequestHeaders": {
        "Content-Type": [
          "application/json"
        ],
        "Content-Length": [
          "97"
        ],
        "Accept": [
          "application/json"
        ],
        "User-Agent": [
          "Microsoft.Azure.Management.Search.SearchManagementClient/1.0.0.0"
        ]
      },
      "ResponseBody": "{\r\n  \"id\": \"/subscriptions/3de378f4-8c96-43c9-a8eb-acb52c9f8993/resourceGroups/azsmnet3343/providers/Microsoft.Search/searchServices/azs-1419\",\r\n  \"name\": \"azs-1419\",\r\n  \"type\": \"Microsoft.Search/searchServices\",\r\n  \"location\": \"West US\",\r\n  \"properties\": {\r\n    \"sku\": {\r\n      \"name\": \"free\"\r\n    },\r\n    \"replicaCount\": 1,\r\n    \"partitionCount\": 1,\r\n    \"status\": \"running\",\r\n    \"statusDetails\": null,\r\n    \"provisioningState\": \"succeeded\"\r\n  }\r\n}",
      "ResponseHeaders": {
        "Content-Length": [
          "363"
        ],
        "Content-Type": [
          "application/json; charset=utf-8"
        ],
        "Expires": [
          "-1"
        ],
        "Pragma": [
          "no-cache"
        ],
        "request-id": [
          "3a6d04a1-9124-4671-a830-54c692c2e32a"
        ],
        "elapsed-time": [
          "916"
        ],
        "Strict-Transport-Security": [
          "max-age=31536000; includeSubDomains"
        ],
        "x-ms-ratelimit-remaining-subscription-writes": [
          "1162"
        ],
        "x-ms-request-id": [
          "dd42add3-0152-4dd3-a2f5-01601f85867a"
        ],
        "x-ms-correlation-request-id": [
          "dd42add3-0152-4dd3-a2f5-01601f85867a"
        ],
        "x-ms-routing-request-id": [
          "CENTRALUS:20150416T011457Z:dd42add3-0152-4dd3-a2f5-01601f85867a"
        ],
        "Cache-Control": [
          "no-cache"
        ],
        "Date": [
          "Thu, 16 Apr 2015 01:14:57 GMT"
        ],
        "ETag": [
          "W/\"datetime'2015-04-16T01%3A14%3A53.1036831Z'\""
        ],
        "X-AspNet-Version": [
          "4.0.30319"
        ]
      },
      "StatusCode": 201
    },
    {
      "RequestUri": "/subscriptions/3de378f4-8c96-43c9-a8eb-acb52c9f8993/resourceGroups/azsmnet3343/providers/Microsoft.Search/searchServices/azs-1419/listAdminKeys?api-version=2015-02-28",
      "EncodedRequestUri": "L3N1YnNjcmlwdGlvbnMvM2RlMzc4ZjQtOGM5Ni00M2M5LWE4ZWItYWNiNTJjOWY4OTkzL3Jlc291cmNlR3JvdXBzL2F6c21uZXQzMzQzL3Byb3ZpZGVycy9NaWNyb3NvZnQuU2VhcmNoL3NlYXJjaFNlcnZpY2VzL2F6cy0xNDE5L2xpc3RBZG1pbktleXM/YXBpLXZlcnNpb249MjAxNS0wMi0yOA==",
      "RequestMethod": "POST",
      "RequestBody": "",
      "RequestHeaders": {
        "Accept": [
          "application/json"
        ],
        "User-Agent": [
          "Microsoft.Azure.Management.Search.SearchManagementClient/1.0.0.0"
        ]
      },
      "ResponseBody": "{\r\n  \"primaryKey\": \"1CC24685CC6C85E612754B82F8EC021B\",\r\n  \"secondaryKey\": \"C082B02C76738F46C6397AD04073D423\"\r\n}",
      "ResponseHeaders": {
        "Content-Length": [
          "99"
        ],
        "Content-Type": [
          "application/json; charset=utf-8"
        ],
        "Expires": [
          "-1"
        ],
        "Pragma": [
          "no-cache"
        ],
        "request-id": [
          "8f44c897-9660-41f2-9099-aca844efee70"
        ],
        "elapsed-time": [
          "440"
        ],
        "Strict-Transport-Security": [
          "max-age=31536000; includeSubDomains"
        ],
        "x-ms-ratelimit-remaining-subscription-writes": [
          "1161"
        ],
        "x-ms-request-id": [
          "37c2e6af-4e8f-4184-a6b0-8ad1a3ecfe0c"
        ],
        "x-ms-correlation-request-id": [
          "37c2e6af-4e8f-4184-a6b0-8ad1a3ecfe0c"
        ],
        "x-ms-routing-request-id": [
          "CENTRALUS:20150416T011500Z:37c2e6af-4e8f-4184-a6b0-8ad1a3ecfe0c"
        ],
        "Cache-Control": [
          "no-cache"
        ],
        "Date": [
          "Thu, 16 Apr 2015 01:15:00 GMT"
        ],
        "X-AspNet-Version": [
          "4.0.30319"
        ]
      },
      "StatusCode": 200
    },
    {
      "RequestUri": "/subscriptions/3de378f4-8c96-43c9-a8eb-acb52c9f8993/resourceGroups/azsmnet3343/providers/Microsoft.Search/searchServices/azs-1419/listQueryKeys?api-version=2015-02-28",
      "EncodedRequestUri": "L3N1YnNjcmlwdGlvbnMvM2RlMzc4ZjQtOGM5Ni00M2M5LWE4ZWItYWNiNTJjOWY4OTkzL3Jlc291cmNlR3JvdXBzL2F6c21uZXQzMzQzL3Byb3ZpZGVycy9NaWNyb3NvZnQuU2VhcmNoL3NlYXJjaFNlcnZpY2VzL2F6cy0xNDE5L2xpc3RRdWVyeUtleXM/YXBpLXZlcnNpb249MjAxNS0wMi0yOA==",
      "RequestMethod": "GET",
      "RequestBody": "",
      "RequestHeaders": {
        "Accept": [
          "application/json"
        ],
        "User-Agent": [
          "Microsoft.Azure.Management.Search.SearchManagementClient/1.0.0.0"
        ]
      },
      "ResponseBody": "{\r\n  \"value\": [\r\n    {\r\n      \"name\": null,\r\n      \"key\": \"2858392C5EE0F96B963BCD8A66D4F816\"\r\n    }\r\n  ],\r\n  \"nextLink\": null\r\n}",
      "ResponseHeaders": {
        "Content-Length": [
          "82"
        ],
        "Content-Type": [
          "application/json; charset=utf-8"
        ],
        "Expires": [
          "-1"
        ],
        "Pragma": [
          "no-cache"
        ],
        "request-id": [
          "0da5ba59-2f26-40ea-b26b-d49601f74246"
        ],
        "elapsed-time": [
          "527"
        ],
        "Strict-Transport-Security": [
          "max-age=31536000; includeSubDomains"
        ],
        "x-ms-ratelimit-remaining-subscription-reads": [
          "31980"
        ],
        "x-ms-request-id": [
          "4be0da0e-5e1f-4ac5-9a64-32af83f09834"
        ],
        "x-ms-correlation-request-id": [
          "4be0da0e-5e1f-4ac5-9a64-32af83f09834"
        ],
        "x-ms-routing-request-id": [
          "CENTRALUS:20150416T011503Z:4be0da0e-5e1f-4ac5-9a64-32af83f09834"
        ],
        "Cache-Control": [
          "no-cache"
        ],
        "Date": [
          "Thu, 16 Apr 2015 01:15:03 GMT"
        ],
        "X-AspNet-Version": [
          "4.0.30319"
        ]
      },
      "StatusCode": 200
    },
    {
      "RequestUri": "/datasources?api-version=2015-02-28",
      "EncodedRequestUri": "L2RhdGFzb3VyY2VzP2FwaS12ZXJzaW9uPTIwMTUtMDItMjg=",
      "RequestMethod": "POST",
      "RequestBody": "{\r\n  \"name\": \"azsmnet4453\",\r\n  \"type\": \"azuresql\",\r\n  \"credentials\": {\r\n    \"connectionString\": \"fake\"\r\n  },\r\n  \"container\": {\r\n    \"name\": \"faketable\"\r\n  }\r\n}",
      "RequestHeaders": {
        "Content-Type": [
          "application/json"
        ],
        "Content-Length": [
          "159"
        ],
        "Accept": [
          "application/json; odata.metadata=minimal"
        ],
        "api-key": [
          "1CC24685CC6C85E612754B82F8EC021B"
        ],
        "User-Agent": [
          "Microsoft.Azure.Search.SearchServiceClient/1.0.0.0"
        ]
      },
      "ResponseBody": "{\r\n  \"@odata.context\": \"https://azs-1419.search-dogfood.windows-int.net/$metadata#datasources/$entity\",\r\n  \"name\": \"azsmnet4453\",\r\n  \"description\": null,\r\n  \"type\": \"azuresql\",\r\n  \"credentials\": {\r\n    \"connectionString\": \"fake\"\r\n  },\r\n  \"container\": {\r\n    \"name\": \"faketable\",\r\n    \"query\": null\r\n  },\r\n  \"dataChangeDetectionPolicy\": null,\r\n  \"dataDeletionDetectionPolicy\": null\r\n}",
      "ResponseHeaders": {
        "Content-Length": [
          "312"
        ],
        "Content-Type": [
          "application/json; odata.metadata=minimal"
        ],
        "Expires": [
          "-1"
        ],
        "Pragma": [
          "no-cache"
        ],
        "request-id": [
          "58975e1b-66c4-4576-b186-44497e68079b"
        ],
        "elapsed-time": [
          "106"
        ],
        "OData-Version": [
          "4.0"
        ],
        "Preference-Applied": [
          "odata.include-annotations=\"*\""
        ],
        "Strict-Transport-Security": [
          "max-age=15724800; includeSubDomains"
        ],
        "Cache-Control": [
          "no-cache"
        ],
        "Date": [
          "Thu, 16 Apr 2015 01:15:11 GMT"
        ],
        "Location": [
          "https://azs-1419.search-dogfood.windows-int.net/datasources('azsmnet4453')?api-version=2015-02-28"
        ]
      },
      "StatusCode": 201
    },
    {
      "RequestUri": "/datasources?api-version=2015-02-28",
      "EncodedRequestUri": "L2RhdGFzb3VyY2VzP2FwaS12ZXJzaW9uPTIwMTUtMDItMjg=",
      "RequestMethod": "POST",
      "RequestBody": "{\r\n  \"name\": \"azsmnet912\",\r\n  \"type\": \"documentdb\",\r\n  \"credentials\": {\r\n    \"connectionString\": \"fake\"\r\n  },\r\n  \"container\": {\r\n    \"name\": \"faketable\"\r\n  },\r\n  \"dataChangeDetectionPolicy\": {\r\n    \"@odata.type\": \"#Microsoft.Azure.Search.HighWaterMarkChangeDetectionPolicy\",\r\n    \"highWaterMarkColumnName\": \"_ts\"\r\n  },\r\n  \"dataDeletionDetectionPolicy\": {\r\n    \"@odata.type\": \"#Microsoft.Azure.Search.SoftDeleteColumnDeletionDetectionPolicy\",\r\n    \"softDeleteColumnName\": \"isDeleted\",\r\n    \"softDeleteMarkerValue\": \"1\"\r\n  }\r\n}",
      "RequestHeaders": {
        "Content-Type": [
          "application/json"
        ],
        "Content-Length": [
          "525"
        ],
        "Accept": [
          "application/json; odata.metadata=minimal"
        ],
        "api-key": [
          "1CC24685CC6C85E612754B82F8EC021B"
        ],
        "User-Agent": [
          "Microsoft.Azure.Search.SearchServiceClient/1.0.0.0"
        ]
      },
      "ResponseBody": "{\r\n  \"@odata.context\": \"https://azs-1419.search-dogfood.windows-int.net/$metadata#datasources/$entity\",\r\n  \"name\": \"azsmnet912\",\r\n  \"description\": null,\r\n  \"type\": \"documentdb\",\r\n  \"credentials\": {\r\n    \"connectionString\": \"fake\"\r\n  },\r\n  \"container\": {\r\n    \"name\": \"faketable\",\r\n    \"query\": null\r\n  },\r\n  \"dataChangeDetectionPolicy\": {\r\n    \"@odata.type\": \"#Microsoft.Azure.Search.HighWaterMarkChangeDetectionPolicy\",\r\n    \"highWaterMarkColumnName\": \"_ts\"\r\n  },\r\n  \"dataDeletionDetectionPolicy\": {\r\n    \"@odata.type\": \"#Microsoft.Azure.Search.SoftDeleteColumnDeletionDetectionPolicy\",\r\n    \"softDeleteColumnName\": \"isDeleted\",\r\n    \"softDeleteMarkerValue\": \"1\"\r\n  }\r\n}",
      "ResponseHeaders": {
        "Content-Length": [
          "557"
        ],
        "Content-Type": [
          "application/json; odata.metadata=minimal"
        ],
        "Expires": [
          "-1"
        ],
        "Pragma": [
          "no-cache"
        ],
        "request-id": [
          "d9332e3b-3963-43a0-94fc-408d7c72f8db"
        ],
        "elapsed-time": [
          "172"
        ],
        "OData-Version": [
          "4.0"
        ],
        "Preference-Applied": [
          "odata.include-annotations=\"*\""
        ],
        "Strict-Transport-Security": [
          "max-age=15724800; includeSubDomains"
        ],
        "Cache-Control": [
          "no-cache"
        ],
        "Date": [
          "Thu, 16 Apr 2015 01:15:11 GMT"
        ],
        "Location": [
          "https://azs-1419.search-dogfood.windows-int.net/datasources('azsmnet912')?api-version=2015-02-28"
        ]
      },
      "StatusCode": 201
    },
    {
      "RequestUri": "/datasources?api-version=2015-02-28",
      "EncodedRequestUri": "L2RhdGFzb3VyY2VzP2FwaS12ZXJzaW9uPTIwMTUtMDItMjg=",
      "RequestMethod": "POST",
      "RequestBody": "{\r\n  \"name\": \"azsmnet1913\",\r\n  \"type\": \"azuresql\",\r\n  \"credentials\": {\r\n    \"connectionString\": \"fake\"\r\n  },\r\n  \"container\": {\r\n    \"name\": \"faketable\"\r\n  },\r\n  \"dataChangeDetectionPolicy\": {\r\n    \"@odata.type\": \"#Microsoft.Azure.Search.SqlIntegratedChangeTrackingPolicy\"\r\n  }\r\n}",
      "RequestHeaders": {
        "Content-Type": [
          "application/json"
        ],
        "Content-Length": [
          "279"
        ],
        "Accept": [
          "application/json; odata.metadata=minimal"
        ],
        "api-key": [
          "1CC24685CC6C85E612754B82F8EC021B"
        ],
        "User-Agent": [
          "Microsoft.Azure.Search.SearchServiceClient/1.0.0.0"
        ]
      },
      "ResponseBody": "{\r\n  \"@odata.context\": \"https://azs-1419.search-dogfood.windows-int.net/$metadata#datasources/$entity\",\r\n  \"name\": \"azsmnet1913\",\r\n  \"description\": null,\r\n  \"type\": \"azuresql\",\r\n  \"credentials\": {\r\n    \"connectionString\": \"fake\"\r\n  },\r\n  \"container\": {\r\n    \"name\": \"faketable\",\r\n    \"query\": null\r\n  },\r\n  \"dataChangeDetectionPolicy\": {\r\n    \"@odata.type\": \"#Microsoft.Azure.Search.SqlIntegratedChangeTrackingPolicy\"\r\n  },\r\n  \"dataDeletionDetectionPolicy\": null\r\n}",
      "ResponseHeaders": {
        "Content-Length": [
          "383"
        ],
        "Content-Type": [
          "application/json; odata.metadata=minimal"
        ],
        "Expires": [
          "-1"
        ],
        "Pragma": [
          "no-cache"
        ],
        "request-id": [
          "fa7699cd-ddda-45bf-b7e7-badfbdc80325"
        ],
        "elapsed-time": [
          "267"
        ],
        "OData-Version": [
          "4.0"
        ],
        "Preference-Applied": [
          "odata.include-annotations=\"*\""
        ],
        "Strict-Transport-Security": [
          "max-age=15724800; includeSubDomains"
        ],
        "Cache-Control": [
          "no-cache"
        ],
        "Date": [
          "Thu, 16 Apr 2015 01:15:11 GMT"
        ],
        "Location": [
          "https://azs-1419.search-dogfood.windows-int.net/datasources('azsmnet1913')?api-version=2015-02-28"
        ]
      },
      "StatusCode": 201
    },
    {
      "RequestUri": "/datasources/azsmnet4453?api-version=2015-02-28",
      "EncodedRequestUri": "L2RhdGFzb3VyY2VzL2F6c21uZXQ0NDUzP2FwaS12ZXJzaW9uPTIwMTUtMDItMjg=",
      "RequestMethod": "GET",
      "RequestBody": "",
      "RequestHeaders": {
        "Accept": [
          "application/json; odata.metadata=minimal"
        ],
        "api-key": [
          "1CC24685CC6C85E612754B82F8EC021B"
        ],
        "User-Agent": [
          "Microsoft.Azure.Search.SearchServiceClient/1.0.0.0"
        ]
      },
      "ResponseBody": "{\r\n  \"@odata.context\": \"https://azs-1419.search-dogfood.windows-int.net/$metadata#datasources/$entity\",\r\n  \"name\": \"azsmnet4453\",\r\n  \"description\": null,\r\n  \"type\": \"azuresql\",\r\n  \"credentials\": {\r\n    \"connectionString\": null\r\n  },\r\n  \"container\": {\r\n    \"name\": \"faketable\",\r\n    \"query\": null\r\n  },\r\n  \"dataChangeDetectionPolicy\": null,\r\n  \"dataDeletionDetectionPolicy\": null\r\n}",
      "ResponseHeaders": {
        "Content-Length": [
          "310"
        ],
        "Content-Type": [
          "application/json; odata.metadata=minimal"
        ],
        "Expires": [
          "-1"
        ],
        "Pragma": [
          "no-cache"
        ],
        "request-id": [
          "79d35a2d-4c6a-4aa4-bc21-49a4bcdf4218"
        ],
        "elapsed-time": [
          "15"
        ],
        "OData-Version": [
          "4.0"
        ],
        "Preference-Applied": [
          "odata.include-annotations=\"*\""
        ],
        "Strict-Transport-Security": [
          "max-age=15724800; includeSubDomains"
        ],
        "Cache-Control": [
          "no-cache"
        ],
        "Date": [
          "Thu, 16 Apr 2015 01:15:11 GMT"
        ]
      },
      "StatusCode": 200
    },
    {
      "RequestUri": "/datasources/azsmnet912?api-version=2015-02-28",
      "EncodedRequestUri": "L2RhdGFzb3VyY2VzL2F6c21uZXQ5MTI/YXBpLXZlcnNpb249MjAxNS0wMi0yOA==",
      "RequestMethod": "GET",
      "RequestBody": "",
      "RequestHeaders": {
        "Accept": [
          "application/json; odata.metadata=minimal"
        ],
        "api-key": [
          "1CC24685CC6C85E612754B82F8EC021B"
        ],
        "User-Agent": [
          "Microsoft.Azure.Search.SearchServiceClient/1.0.0.0"
        ]
      },
      "ResponseBody": "{\r\n  \"@odata.context\": \"https://azs-1419.search-dogfood.windows-int.net/$metadata#datasources/$entity\",\r\n  \"name\": \"azsmnet912\",\r\n  \"description\": null,\r\n  \"type\": \"documentdb\",\r\n  \"credentials\": {\r\n    \"connectionString\": null\r\n  },\r\n  \"container\": {\r\n    \"name\": \"faketable\",\r\n    \"query\": null\r\n  },\r\n  \"dataChangeDetectionPolicy\": {\r\n    \"@odata.type\": \"#Microsoft.Azure.Search.HighWaterMarkChangeDetectionPolicy\",\r\n    \"highWaterMarkColumnName\": \"_ts\"\r\n  },\r\n  \"dataDeletionDetectionPolicy\": {\r\n    \"@odata.type\": \"#Microsoft.Azure.Search.SoftDeleteColumnDeletionDetectionPolicy\",\r\n    \"softDeleteColumnName\": \"isDeleted\",\r\n    \"softDeleteMarkerValue\": \"1\"\r\n  }\r\n}",
      "ResponseHeaders": {
        "Content-Length": [
          "555"
        ],
        "Content-Type": [
          "application/json; odata.metadata=minimal"
        ],
        "Expires": [
          "-1"
        ],
        "Pragma": [
          "no-cache"
        ],
        "request-id": [
          "3a2f629f-7d6d-4f67-966c-5b922850b8c2"
        ],
        "elapsed-time": [
          "16"
        ],
        "OData-Version": [
          "4.0"
        ],
        "Preference-Applied": [
          "odata.include-annotations=\"*\""
        ],
        "Strict-Transport-Security": [
          "max-age=15724800; includeSubDomains"
        ],
        "Cache-Control": [
          "no-cache"
        ],
        "Date": [
          "Thu, 16 Apr 2015 01:15:11 GMT"
        ]
      },
      "StatusCode": 200
    },
    {
      "RequestUri": "/datasources/azsmnet1913?api-version=2015-02-28",
      "EncodedRequestUri": "L2RhdGFzb3VyY2VzL2F6c21uZXQxOTEzP2FwaS12ZXJzaW9uPTIwMTUtMDItMjg=",
      "RequestMethod": "GET",
      "RequestBody": "",
      "RequestHeaders": {
        "Accept": [
          "application/json; odata.metadata=minimal"
        ],
        "api-key": [
          "1CC24685CC6C85E612754B82F8EC021B"
        ],
        "User-Agent": [
          "Microsoft.Azure.Search.SearchServiceClient/1.0.0.0"
        ]
      },
      "ResponseBody": "{\r\n  \"@odata.context\": \"https://azs-1419.search-dogfood.windows-int.net/$metadata#datasources/$entity\",\r\n  \"name\": \"azsmnet1913\",\r\n  \"description\": null,\r\n  \"type\": \"azuresql\",\r\n  \"credentials\": {\r\n    \"connectionString\": null\r\n  },\r\n  \"container\": {\r\n    \"name\": \"faketable\",\r\n    \"query\": null\r\n  },\r\n  \"dataChangeDetectionPolicy\": {\r\n    \"@odata.type\": \"#Microsoft.Azure.Search.SqlIntegratedChangeTrackingPolicy\"\r\n  },\r\n  \"dataDeletionDetectionPolicy\": null\r\n}",
      "ResponseHeaders": {
        "Content-Length": [
          "381"
        ],
        "Content-Type": [
          "application/json; odata.metadata=minimal"
        ],
        "Expires": [
          "-1"
        ],
        "Pragma": [
          "no-cache"
        ],
        "request-id": [
          "28471e84-6a65-4010-824d-e7f38291b2c2"
        ],
        "elapsed-time": [
          "23"
        ],
        "OData-Version": [
          "4.0"
        ],
        "Preference-Applied": [
          "odata.include-annotations=\"*\""
        ],
        "Strict-Transport-Security": [
          "max-age=15724800; includeSubDomains"
        ],
        "Cache-Control": [
          "no-cache"
        ],
        "Date": [
          "Thu, 16 Apr 2015 01:15:11 GMT"
        ]
      },
      "StatusCode": 200
    }
  ],
  "Names": {
    ".ctor": [
      "azsmnet3343"
    ],
    "GenerateServiceName": [
      "azs-1419"
    ],
    "CreateTestDataSource": [
      "azsmnet4453",
      "azsmnet912",
      "azsmnet1913"
    ]
  },
  "Variables": {
    "SubscriptionId": "3de378f4-8c96-43c9-a8eb-acb52c9f8993"
  }
}