{
  "Entries": [
    {
      "RequestUri": "https://localhost:8443/subscriptions/00000000-0000-0000-0000-000000000000?api-version=2019-11-01",
      "RequestMethod": "GET",
      "RequestHeaders": {
        "Accept": "application/json",
        "Authorization": "Sanitized",
        "traceparent": "00-5d448dbf656d4643805defd24f30447c-b8a8a747b39cc644-00",
        "User-Agent": "azsdk-net-ResourceManager/1.0.0-alpha.20211207.1 (.NET Framework 4.8.4300.0; Microsoft Windows 10.0.19044 )",
        "x-ms-client-request-id": "dd0b781c8834f0acdc14bc29b17d2eb4",
        "x-ms-return-client-request-id": "true"
      },
      "RequestBody": null,
      "StatusCode": 200,
      "ResponseHeaders": {
        "Connection": "keep-alive",
        "Content-Length": "403",
        "Content-Type": "application/json; charset=utf-8",
        "Date": "Wed, 08 Dec 2021 03:41:31 GMT",
        "ETag": "W/\u0022193-XMviJqaGXohjOV1XjmYhUY8VLpk\u0022",
        "Keep-Alive": "timeout=5",
        "X-Powered-By": "Express"
      },
      "ResponseBody": {
        "id": "/subscriptions/00000000-0000-0000-0000-000000000000",
        "authorizationSource": "RoleBased",
        "managedByTenants": [],
        "subscriptionId": "00000000-0000-0000-0000-000000000000",
        "tenantId": "0000000-0000-0000-0000-000000000000",
        "displayName": "Name of the subscription",
        "state": "Enabled",
        "subscriptionPolicies": {
          "locationPlacementId": "Internal_2014-09-01",
          "quotaId": "Internal_2014-09-01",
          "spendingLimit": "Off"
        }
      }
    },
    {
      "RequestUri": "https://localhost:8443/subscriptions/00000000-0000-0000-0000-000000000000/resourcegroups/myResourceGroup?api-version=2019-10-01",
      "RequestMethod": "PUT",
      "RequestHeaders": {
        "Accept": "application/json",
        "Authorization": "Sanitized",
        "Content-Length": "81",
        "Content-Type": "application/json",
        "User-Agent": "azsdk-net-ResourceManager/1.0.0-alpha.20211207.1 (.NET Framework 4.8.4300.0; Microsoft Windows 10.0.19044 )",
        "x-ms-client-request-id": "e6ebba47b4c9c713091bdb5d8f2da5bd",
        "x-ms-return-client-request-id": "true"
      },
      "RequestBody": {
        "location": "Azure.ResourceManager.Resources.Subscription",
        "tags": {
          "test": "env"
        }
      },
      "StatusCode": 200,
      "ResponseHeaders": {
        "Connection": "keep-alive",
        "Content-Length": "254",
        "Content-Type": "application/json; charset=utf-8",
        "Date": "Wed, 08 Dec 2021 03:41:31 GMT",
        "ETag": "W/\u0022fe-aZEo2isVQc1LUmWdignDK6uZSqI\u0022",
        "Keep-Alive": "timeout=5",
        "X-Powered-By": "Express"
      },
      "ResponseBody": {
        "id": "/subscriptions/00000000-0000-0000-0000-000000000000/resourcegroups/myResourceGroup",
        "location": "eastus",
        "managedBy": null,
        "name": "myResourceGroup",
        "properties": {
          "provisioningState": "Succeeded"
        },
        "tags": {},
        "type": "Microsoft.Resources/resourceGroups"
      }
    },
    {
      "RequestUri": "https://localhost:8443/subscriptions/00000000-0000-0000-0000-000000000000/resourceGroups/myResourceGroup/providers/Microsoft.Compute/galleries/myGalleryName?api-version=2020-09-30",
      "RequestMethod": "PUT",
      "RequestHeaders": {
        "Accept": "application/json",
        "Authorization": "Sanitized",
        "Content-Length": "137",
        "Content-Type": "application/json",
        "User-Agent": "azsdk-net-ResourceManager.Compute/1.0.0-alpha.20211207.1 (.NET Framework 4.8.4300.0; Microsoft Windows 10.0.19044 )",
        "x-ms-client-request-id": "057b76d3003d2b4d403ac18cad431806",
        "x-ms-return-client-request-id": "true"
      },
      "RequestBody": {
        "tags": {},
        "location": "westus",
        "properties": {
          "description": "This is the gallery description.",
          "sharingProfile": {
            "permissions": "Groups"
          }
        }
      },
      "StatusCode": 200,
      "ResponseHeaders": {
        "Connection": "keep-alive",
        "Content-Length": "508",
        "Content-Type": "application/json; charset=utf-8",
        "Date": "Wed, 08 Dec 2021 03:41:31 GMT",
        "ETag": "W/\u00221fc-YT47GLSqfUxi\u002BrfLmnJtF9ZnasE\u0022",
        "Keep-Alive": "timeout=5",
        "X-Powered-By": "Express"
      },
      "ResponseBody": {
        "id": "/subscriptions/00000000-0000-0000-0000-000000000000/resourceGroups/myResourceGroup/providers/Microsoft.Compute/galleries/myGalleryName",
        "name": "myGalleryName",
        "type": "aaaaaaaaaaaaaaaaaaaaaaaaaaa",
        "location": "aaaaaaaaa",
        "tags": {
          "key3470": "a"
        },
        "properties": {
          "description": "aaaaaaaaaaaaaaaaaaaaaaaaa",
          "identifier": {
            "uniqueName": "aaaaaaaaaaaaaaaaaaaaaaa"
          },
          "provisioningState": "Succeeded",
          "sharingProfile": {
            "permissions": "Private",
            "groups": [
              {
                "type": "Subscriptions",
                "ids": [
                  "aaaaaaaaaaaaaaaaaaaaaaaaaa"
                ]
              }
            ]
          }
        }
      }
    },
    {
      "RequestUri": "https://localhost:8443/subscriptions/00000000-0000-0000-0000-000000000000/resourceGroups/myResourceGroup/providers/Microsoft.Compute/galleries/myGalleryName/applications/myGalleryApplicationName?api-version=2020-09-30",
      "RequestMethod": "PUT",
      "RequestHeaders": {
        "Accept": "application/json",
        "Authorization": "Sanitized",
        "Content-Length": "265",
        "Content-Type": "application/json",
        "User-Agent": "azsdk-net-ResourceManager.Compute/1.0.0-alpha.20211207.1 (.NET Framework 4.8.4300.0; Microsoft Windows 10.0.19044 )",
        "x-ms-client-request-id": "3b56ff6f280147776dc0a68ff3861ac5",
        "x-ms-return-client-request-id": "true"
      },
      "RequestBody": {
        "tags": {},
        "location": "westus",
        "properties": {
          "description": "This is the gallery application description.",
          "eula": "This is the gallery application EULA.",
          "privacyStatementUri": "myPrivacyStatementUri}",
          "releaseNoteUri": "myReleaseNoteUri",
          "supportedOSType": "Windows"
        }
      },
      "StatusCode": 200,
      "ResponseHeaders": {
        "Connection": "keep-alive",
        "Content-Length": "514",
        "Content-Type": "application/json; charset=utf-8",
        "Date": "Wed, 08 Dec 2021 03:41:31 GMT",
        "ETag": "W/\u0022202-mIn0M/OzXHhpp000mG5Z3BUNfRE\u0022",
        "Keep-Alive": "timeout=5",
        "X-Powered-By": "Express"
      },
      "ResponseBody": {
        "id": "/subscriptions/00000000-0000-0000-0000-000000000000/resourceGroups/myResourceGroup/providers/Microsoft.Compute/galleries/myGalleryName/applications/myGalleryApplicationName",
        "name": "myGalleryApplicationName",
        "type": "aaaaaaaaaaaa",
        "location": "aaaaaaaaaaaaaaaaaaaa",
        "tags": {
          "key3356": "aaaaaaaaaaaa"
        },
        "properties": {
          "description": "aaaaaaaaaaaa",
          "eula": "aaaaaaaaaaaaaaaaaaaaaaaaa",
          "privacyStatementUri": "aaaaaaaaa",
          "releaseNoteUri": "aaaaa",
          "endOfLifeDate": "2021-12-08T03:41:31.274Z",
          "supportedOSType": "Windows"
        }
      }
    },
    {
      "RequestUri": "https://localhost:8443/subscriptions/00000000-0000-0000-0000-000000000000/resourceGroups/myResourceGroup/providers/Microsoft.Compute/galleries/myGalleryName/applications/myGalleryApplicationName/versions/1.0.0?$expand=ReplicationStatus\u0026api-version=2020-09-30",
      "RequestMethod": "GET",
      "RequestHeaders": {
        "Accept": "application/json",
        "Authorization": "Sanitized",
        "User-Agent": "azsdk-net-ResourceManager.Compute/1.0.0-alpha.20211207.1 (.NET Framework 4.8.4300.0; Microsoft Windows 10.0.19044 )",
        "x-ms-client-request-id": "ad1d12d9dced560491cb52dbbf1e74de",
        "x-ms-return-client-request-id": "true"
      },
      "RequestBody": null,
      "StatusCode": 200,
      "ResponseHeaders": {
        "Connection": "keep-alive",
        "Content-Length": "1125",
        "Content-Type": "application/json; charset=utf-8",
        "Date": "Wed, 08 Dec 2021 03:41:31 GMT",
        "ETag": "W/\u0022465-T8hL38nP1OIX0\u002Bx7PTPe3dm19M0\u0022",
        "Keep-Alive": "timeout=5",
        "X-Powered-By": "Express"
      },
      "ResponseBody": {
        "id": "/subscriptions/00000000-0000-0000-0000-000000000000/resourceGroups/myResourceGroup/providers/Microsoft.Compute/galleries/myGalleryName/applications/myGalleryApplicationName/versions/1.0.0",
        "name": "1.0.0",
        "type": "aaaaaaaa",
        "location": "aaaaaaaaaaaaaaaaaaaaaaaaaaaa",
        "tags": {
          "key163": "aaaaaaaaaaaa"
        },
        "properties": {
          "publishingProfile": {
            "targetRegions": [
              {
                "name": "1.0.0",
                "regionalReplicaCount": 29,
                "storageAccountType": "Standard_LRS",
                "encryption": {
                  "osDiskImage": {
                    "diskEncryptionSetId": "aaaaaaaaaaaaaaaaaaaaaaa"
                  },
                  "dataDiskImages": [
                    {
                      "diskEncryptionSetId": "aa",
                      "lun": 10
                    }
                  ]
                }
              }
            ],
            "replicaCount": 5,
            "excludeFromLatest": true,
            "publishedDate": "2021-12-08T03:41:31.292Z",
            "endOfLifeDate": "2021-12-08T03:41:31.292Z",
            "storageAccountType": "Standard_LRS",
            "source": {
              "mediaLink": "aaaaaaaaaaaaaa",
              "defaultConfigurationLink": "aaaaa"
            },
            "manageActions": {
              "install": "aaaaaaaaaaaaaaaaaaaa",
              "remove": "aaaaaaaaaaaaaaaaaaaaaaaaaaa",
              "update": "a"
            },
            "enableHealthCheck": true
          },
          "provisioningState": "Succeeded",
          "replicationStatus": {
            "aggregatedState": "Unknown",
            "summary": [
              {
                "region": "aaaaaaaaaaaaaaaaaaaa",
                "state": "Unknown",
                "details": "aaaaaaaaaaaa",
                "progress": 1
              }
            ]
          }
        }
      }
    }
  ],
  "Variables": {
    "RandomSeed": "361539846",
    "RESOURCE_MANAGER_URL": "https://localhost:8443",
    "SUBSCRIPTION_ID": "00000000-0000-0000-0000-000000000000"
  }
}
