{
  "Entries": [
    {
      "RequestUri": "/subscriptions/f34b22a3-2202-4fb1-b040-1332bd928c84/resourceGroups/flowrg/providers/Microsoft.Logic/integrationAccounts?api-version=2018-07-01-preview",
      "EncodedRequestUri": "L3N1YnNjcmlwdGlvbnMvZjM0YjIyYTMtMjIwMi00ZmIxLWIwNDAtMTMzMmJkOTI4Yzg0L3Jlc291cmNlR3JvdXBzL2Zsb3dyZy9wcm92aWRlcnMvTWljcm9zb2Z0LkxvZ2ljL2ludGVncmF0aW9uQWNjb3VudHM/YXBpLXZlcnNpb249MjAxOC0wNy0wMS1wcmV2aWV3",
      "RequestMethod": "GET",
      "RequestBody": "",
      "RequestHeaders": {
        "x-ms-client-request-id": [
          "1c158acb-3f14-4891-8223-c73c82d3870e"
        ],
        "accept-language": [
          "en-US"
        ],
        "User-Agent": [
          "FxVersion/4.6.26614.01",
          "Microsoft.Azure.Management.Logic.LogicManagementClient/4.0.0.0"
        ]
      },
      "ResponseHeaders": {
        "Cache-Control": [
          "no-cache"
        ],
        "Date": [
          "Wed, 19 Sep 2018 22:50:08 GMT"
        ],
        "Pragma": [
          "no-cache"
        ],
        "x-ms-ratelimit-remaining-subscription-reads": [
          "11996"
        ],
        "x-ms-request-id": [
          "a55c0797-bc4c-4724-aa18-30e6fa51aff7"
        ],
        "x-ms-correlation-request-id": [
          "a55c0797-bc4c-4724-aa18-30e6fa51aff7"
        ],
        "x-ms-routing-request-id": [
          "WESTUS2:20180919T225009Z:a55c0797-bc4c-4724-aa18-30e6fa51aff7"
        ],
        "Strict-Transport-Security": [
          "max-age=31536000; includeSubDomains"
        ],
        "X-Content-Type-Options": [
          "nosniff"
        ],
        "Content-Length": [
          "12"
        ],
        "Content-Type": [
          "application/json; charset=utf-8"
        ],
        "Expires": [
          "-1"
        ]
      },
      "ResponseBody": "{\r\n  \"value\": []\r\n}",
      "StatusCode": 200
    },
    {
      "RequestUri": "/subscriptions/f34b22a3-2202-4fb1-b040-1332bd928c84/resourceGroups/flowrg/providers/Microsoft.Logic/workflows?api-version=2018-07-01-preview",
      "EncodedRequestUri": "L3N1YnNjcmlwdGlvbnMvZjM0YjIyYTMtMjIwMi00ZmIxLWIwNDAtMTMzMmJkOTI4Yzg0L3Jlc291cmNlR3JvdXBzL2Zsb3dyZy9wcm92aWRlcnMvTWljcm9zb2Z0LkxvZ2ljL3dvcmtmbG93cz9hcGktdmVyc2lvbj0yMDE4LTA3LTAxLXByZXZpZXc=",
      "RequestMethod": "GET",
      "RequestBody": "",
      "RequestHeaders": {
        "x-ms-client-request-id": [
          "9abcea66-d014-41a1-a08c-917ff0cc97ac"
        ],
        "accept-language": [
          "en-US"
        ],
        "User-Agent": [
          "FxVersion/4.6.26614.01",
          "Microsoft.Azure.Management.Logic.LogicManagementClient/4.0.0.0"
        ]
      },
      "ResponseHeaders": {
        "Cache-Control": [
          "no-cache"
        ],
        "Date": [
          "Wed, 19 Sep 2018 22:50:08 GMT"
        ],
        "Pragma": [
          "no-cache"
        ],
        "x-ms-ratelimit-remaining-subscription-resource-requests": [
          "19997"
        ],
        "x-ms-request-id": [
          "3eef8311-22b6-49b6-9a71-d23e040da676"
        ],
        "x-ms-correlation-request-id": [
          "3eef8311-22b6-49b6-9a71-d23e040da676"
        ],
        "x-ms-routing-request-id": [
          "WESTUS2:20180919T225009Z:3eef8311-22b6-49b6-9a71-d23e040da676"
        ],
        "Strict-Transport-Security": [
          "max-age=31536000; includeSubDomains"
        ],
        "X-Content-Type-Options": [
          "nosniff"
        ],
        "Content-Length": [
          "12"
        ],
        "Content-Type": [
          "application/json; charset=utf-8"
        ],
        "Expires": [
          "-1"
        ]
      },
      "ResponseBody": "{\r\n  \"value\": []\r\n}",
      "StatusCode": 200
    },
    {
      "RequestUri": "/subscriptions/f34b22a3-2202-4fb1-b040-1332bd928c84/resourceGroups/flowrg/providers/Microsoft.Logic/integrationAccounts/IntegrationAccount934?api-version=2018-07-01-preview",
      "EncodedRequestUri": "L3N1YnNjcmlwdGlvbnMvZjM0YjIyYTMtMjIwMi00ZmIxLWIwNDAtMTMzMmJkOTI4Yzg0L3Jlc291cmNlR3JvdXBzL2Zsb3dyZy9wcm92aWRlcnMvTWljcm9zb2Z0LkxvZ2ljL2ludGVncmF0aW9uQWNjb3VudHMvSW50ZWdyYXRpb25BY2NvdW50OTM0P2FwaS12ZXJzaW9uPTIwMTgtMDctMDEtcHJldmlldw==",
      "RequestMethod": "PUT",
      "RequestBody": "{\r\n  \"properties\": {},\r\n  \"sku\": {\r\n    \"name\": \"Standard\"\r\n  },\r\n  \"location\": \"westus\"\r\n}",
      "RequestHeaders": {
        "x-ms-client-request-id": [
          "9e4d11ec-0a1f-442a-9e4e-8542d4c5624b"
        ],
        "accept-language": [
          "en-US"
        ],
        "User-Agent": [
          "FxVersion/4.6.26614.01",
          "Microsoft.Azure.Management.Logic.LogicManagementClient/4.0.0.0"
        ],
        "Content-Type": [
          "application/json; charset=utf-8"
        ],
        "Content-Length": [
          "91"
        ]
      },
      "ResponseHeaders": {
        "Cache-Control": [
          "no-cache"
        ],
        "Date": [
          "Wed, 19 Sep 2018 22:50:08 GMT"
        ],
        "Pragma": [
          "no-cache"
        ],
        "x-ms-request-id": [
          "westus:1f0a2f4b-0744-4cdb-a054-ef2c6b18f74e"
        ],
        "Strict-Transport-Security": [
          "max-age=31536000; includeSubDomains"
        ],
        "x-ms-ratelimit-remaining-subscription-writes": [
          "1196"
        ],
        "x-ms-correlation-request-id": [
          "422611d8-a965-4e49-a39b-b80651d2c617"
        ],
        "x-ms-routing-request-id": [
          "WESTUS2:20180919T225009Z:422611d8-a965-4e49-a39b-b80651d2c617"
        ],
        "X-Content-Type-Options": [
          "nosniff"
        ],
        "Content-Length": [
          "305"
        ],
        "Content-Type": [
          "application/json; charset=utf-8"
        ],
        "Expires": [
          "-1"
        ]
      },
      "ResponseBody": "{\r\n  \"properties\": {\r\n    \"state\": \"Enabled\"\r\n  },\r\n  \"sku\": {\r\n    \"name\": \"Standard\"\r\n  },\r\n  \"id\": \"/subscriptions/f34b22a3-2202-4fb1-b040-1332bd928c84/resourceGroups/flowrg/providers/Microsoft.Logic/integrationAccounts/IntegrationAccount934\",\r\n  \"name\": \"IntegrationAccount934\",\r\n  \"type\": \"Microsoft.Logic/integrationAccounts\",\r\n  \"location\": \"westus\"\r\n}",
      "StatusCode": 201
    },
    {
      "RequestUri": "/subscriptions/f34b22a3-2202-4fb1-b040-1332bd928c84/resourceGroups/flowrg/providers/Microsoft.Logic/integrationAccounts/IntegrationAccount934/partners/IntegrationAccountPartner9750?api-version=2018-07-01-preview",
      "EncodedRequestUri": "L3N1YnNjcmlwdGlvbnMvZjM0YjIyYTMtMjIwMi00ZmIxLWIwNDAtMTMzMmJkOTI4Yzg0L3Jlc291cmNlR3JvdXBzL2Zsb3dyZy9wcm92aWRlcnMvTWljcm9zb2Z0LkxvZ2ljL2ludGVncmF0aW9uQWNjb3VudHMvSW50ZWdyYXRpb25BY2NvdW50OTM0L3BhcnRuZXJzL0ludGVncmF0aW9uQWNjb3VudFBhcnRuZXI5NzUwP2FwaS12ZXJzaW9uPTIwMTgtMDctMDEtcHJldmlldw==",
      "RequestMethod": "PUT",
      "RequestBody": "{\r\n  \"properties\": {\r\n    \"partnerType\": \"B2B\",\r\n    \"content\": {\r\n      \"b2b\": {\r\n        \"businessIdentities\": [\r\n          {\r\n            \"qualifier\": \"AA\",\r\n            \"value\": \"ZZ\"\r\n          }\r\n        ]\r\n      }\r\n    }\r\n  },\r\n  \"location\": \"westus\"\r\n}",
      "RequestHeaders": {
        "x-ms-client-request-id": [
          "2d0d4206-9204-49a7-a385-f5f9d66c829a"
        ],
        "accept-language": [
          "en-US"
        ],
        "User-Agent": [
          "FxVersion/4.6.26614.01",
          "Microsoft.Azure.Management.Logic.LogicManagementClient/4.0.0.0"
        ],
        "Content-Type": [
          "application/json; charset=utf-8"
        ],
        "Content-Length": [
          "259"
        ]
      },
      "ResponseHeaders": {
        "Cache-Control": [
          "no-cache"
        ],
        "Date": [
          "Wed, 19 Sep 2018 22:50:09 GMT"
        ],
        "Pragma": [
          "no-cache"
        ],
        "x-ms-request-id": [
          "westus:2a9f3293-b3b7-4573-9329-34e0e7dd1e0e"
        ],
        "Strict-Transport-Security": [
          "max-age=31536000; includeSubDomains"
        ],
        "x-ms-ratelimit-remaining-subscription-writes": [
          "1195"
        ],
        "x-ms-correlation-request-id": [
          "f1a8d4ed-b46b-4979-8fd1-5c140d1b1bff"
        ],
        "x-ms-routing-request-id": [
          "WESTUS2:20180919T225010Z:f1a8d4ed-b46b-4979-8fd1-5c140d1b1bff"
        ],
        "X-Content-Type-Options": [
          "nosniff"
        ],
        "Content-Length": [
          "482"
        ],
        "Content-Type": [
          "application/json; charset=utf-8"
        ],
        "Expires": [
          "-1"
        ]
      },
      "ResponseBody": "{\r\n  \"properties\": {\r\n    \"partnerType\": \"B2B\",\r\n    \"content\": {\r\n      \"b2b\": {\r\n        \"businessIdentities\": [\r\n          {\r\n            \"qualifier\": \"AA\",\r\n            \"value\": \"ZZ\"\r\n          }\r\n        ]\r\n      }\r\n    },\r\n    \"createdTime\": \"2018-09-19T22:50:10.1653626Z\",\r\n    \"changedTime\": \"2018-09-19T22:50:10.1660501Z\"\r\n  },\r\n  \"id\": \"/subscriptions/f34b22a3-2202-4fb1-b040-1332bd928c84/resourceGroups/flowrg/providers/Microsoft.Logic/integrationAccounts/IntegrationAccount934/partners/IntegrationAccountPartner9750\",\r\n  \"name\": \"IntegrationAccountPartner9750\",\r\n  \"type\": \"Microsoft.Logic/integrationAccounts/partners\"\r\n}",
      "StatusCode": 201
    },
    {
      "RequestUri": "/subscriptions/f34b22a3-2202-4fb1-b040-1332bd928c84/resourceGroups/flowrg/providers/Microsoft.Logic/integrationAccounts/IntegrationAccount934/partners/IntegrationAccountPartner9750/listContentCallbackUrl?api-version=2018-07-01-preview",
      "EncodedRequestUri": "L3N1YnNjcmlwdGlvbnMvZjM0YjIyYTMtMjIwMi00ZmIxLWIwNDAtMTMzMmJkOTI4Yzg0L3Jlc291cmNlR3JvdXBzL2Zsb3dyZy9wcm92aWRlcnMvTWljcm9zb2Z0LkxvZ2ljL2ludGVncmF0aW9uQWNjb3VudHMvSW50ZWdyYXRpb25BY2NvdW50OTM0L3BhcnRuZXJzL0ludGVncmF0aW9uQWNjb3VudFBhcnRuZXI5NzUwL2xpc3RDb250ZW50Q2FsbGJhY2tVcmw/YXBpLXZlcnNpb249MjAxOC0wNy0wMS1wcmV2aWV3",
      "RequestMethod": "POST",
      "RequestBody": "{\r\n  \"keyType\": \"Primary\"\r\n}",
      "RequestHeaders": {
        "x-ms-client-request-id": [
          "40ce0b4b-43ba-4d7c-8c84-63dc3fa6711e"
        ],
        "accept-language": [
          "en-US"
        ],
        "User-Agent": [
          "FxVersion/4.6.26614.01",
          "Microsoft.Azure.Management.Logic.LogicManagementClient/4.0.0.0"
        ],
        "Content-Type": [
          "application/json; charset=utf-8"
        ],
        "Content-Length": [
          "28"
        ]
      },
      "ResponseHeaders": {
        "Cache-Control": [
          "no-cache"
        ],
        "Date": [
          "Wed, 19 Sep 2018 22:50:09 GMT"
        ],
        "Pragma": [
          "no-cache"
        ],
        "Vary": [
          "Accept-Encoding"
        ],
        "x-ms-request-id": [
          "westus:0ede1b44-802f-4058-b328-742f36e9d4bb"
        ],
        "Strict-Transport-Security": [
          "max-age=31536000; includeSubDomains"
        ],
        "x-ms-ratelimit-remaining-subscription-writes": [
          "1194"
        ],
        "x-ms-correlation-request-id": [
          "60617f1e-7717-4ca2-8bae-544582c82e26"
        ],
        "x-ms-routing-request-id": [
          "WESTUS2:20180919T225010Z:60617f1e-7717-4ca2-8bae-544582c82e26"
        ],
        "X-Content-Type-Options": [
          "nosniff"
        ],
        "Content-Length": [
          "522"
        ],
        "Content-Type": [
          "application/json; charset=utf-8"
        ],
        "Expires": [
          "-1"
        ]
      },
      "ResponseBody": "{\r\n  \"value\": \"https://prod-92.westus.logic.azure.com:443/integrationAccounts/d1159e44fe544c71a20a31cbb97eea8f/partners/IntegrationAccountPartner9750/contents/Value?api-version=2015-08-01-preview&sp=%2Fpartners%2FIntegrationAccountPartner9750%2Fread&sv=1.0&sig=0OdZKncUGcY-Wb2sBYU0YS-rcB2ENerjqqaKaxKZu_s\",\r\n  \"method\": \"GET\",\r\n  \"basePath\": \"https://prod-92.westus.logic.azure.com/integrationAccounts/d1159e44fe544c71a20a31cbb97eea8f/partners/IntegrationAccountPartner9750/contents/Value\",\r\n  \"queries\": {\r\n    \"api-version\": \"2015-08-01-preview\"\r\n  }\r\n}",
      "StatusCode": 200
    },
    {
      "RequestUri": "/subscriptions/f34b22a3-2202-4fb1-b040-1332bd928c84/resourceGroups/flowrg/providers/Microsoft.Logic/integrationAccounts/IntegrationAccount934?api-version=2018-07-01-preview",
      "EncodedRequestUri": "L3N1YnNjcmlwdGlvbnMvZjM0YjIyYTMtMjIwMi00ZmIxLWIwNDAtMTMzMmJkOTI4Yzg0L3Jlc291cmNlR3JvdXBzL2Zsb3dyZy9wcm92aWRlcnMvTWljcm9zb2Z0LkxvZ2ljL2ludGVncmF0aW9uQWNjb3VudHMvSW50ZWdyYXRpb25BY2NvdW50OTM0P2FwaS12ZXJzaW9uPTIwMTgtMDctMDEtcHJldmlldw==",
      "RequestMethod": "DELETE",
      "RequestBody": "",
      "RequestHeaders": {
        "x-ms-client-request-id": [
          "fbd448ae-d344-437d-a89d-cd489305fccd"
        ],
        "accept-language": [
          "en-US"
        ],
        "User-Agent": [
          "FxVersion/4.6.26614.01",
          "Microsoft.Azure.Management.Logic.LogicManagementClient/4.0.0.0"
        ]
      },
      "ResponseHeaders": {
        "Cache-Control": [
          "no-cache"
        ],
        "Date": [
          "Wed, 19 Sep 2018 22:50:09 GMT"
        ],
        "Pragma": [
          "no-cache"
        ],
        "x-ms-request-id": [
          "westus:aad3d3e4-cd08-4405-848c-be767f6e0cd1"
        ],
        "Strict-Transport-Security": [
          "max-age=31536000; includeSubDomains"
        ],
        "x-ms-ratelimit-remaining-subscription-deletes": [
          "14998"
        ],
        "x-ms-correlation-request-id": [
          "6aae7e18-016b-47b8-b64e-2363b84d6ec3"
        ],
        "x-ms-routing-request-id": [
          "WESTUS2:20180919T225010Z:6aae7e18-016b-47b8-b64e-2363b84d6ec3"
        ],
        "X-Content-Type-Options": [
          "nosniff"
        ],
        "Content-Length": [
          "0"
        ],
        "Expires": [
          "-1"
        ]
      },
      "ResponseBody": "",
      "StatusCode": 200
    }
  ],
  "Names": {
    "IntegrationAccountPartners_ListContentCallbackUrl_OK": [
      "IntegrationAccount934",
      "IntegrationAccountPartner9750"
    ]
  },
  "Variables": {
    "SubscriptionId": "f34b22a3-2202-4fb1-b040-1332bd928c84"
  }
}