{
  "Entries": [
    {
      "RequestUri": "https://pakrymtables4prim.table.core.windows.net/Tables?$format=application%2Fjson%3Bodata%3Dminimalmetadata",
      "RequestMethod": "POST",
      "RequestHeaders": {
        "Accept": "application/json; odata=minimalmetadata",
        "Authorization": "Sanitized",
        "Content-Length": "33",
        "Content-Type": "application/json; odata=nometadata",
        "DataServiceVersion": "3.0",
        "traceparent": "00-71f35da3587296fc15ced388df7c9e1e-e7526899781769cd-00",
        "User-Agent": "azsdk-net-Data.Tables/12.4.0-alpha.20220103.1 (.NET 6.0.0-rtm.21522.10; Microsoft Windows 10.0.19044)",
        "x-ms-client-request-id": "013e4bbeb474f3fd1e284658399ebe52",
        "x-ms-date": "Mon, 03 Jan 2022 19:22:37 GMT",
        "x-ms-return-client-request-id": "true",
        "x-ms-version": "2019-02-02"
      },
      "RequestBody": {
        "TableName": "testtableDjP3KpTB"
      },
      "StatusCode": 201,
      "ResponseHeaders": {
        "Cache-Control": "no-cache",
        "Content-Type": "application/json; odata=minimalmetadata; streaming=true; charset=utf-8",
        "Date": "Mon, 03 Jan 2022 19:22:36 GMT",
        "Location": "https://pakrymtables4prim.table.core.windows.net/Tables(\u0027testtableDjP3KpTB\u0027)",
        "Server": [
          "Windows-Azure-Table/1.0",
          "Microsoft-HTTPAPI/2.0"
        ],
        "Transfer-Encoding": "chunked",
        "X-Content-Type-Options": "nosniff",
        "x-ms-client-request-id": "013e4bbeb474f3fd1e284658399ebe52",
        "x-ms-request-id": "6a2c2f85-5002-005c-1dd7-008f7c000000",
        "x-ms-version": "2019-02-02"
      },
      "ResponseBody": {
        "odata.metadata": "https://pakrymtables4prim.table.core.windows.net/$metadata#Tables/@Element",
        "TableName": "testtableDjP3KpTB"
      }
    },
    {
      "RequestUri": "https://pakrymtables4prim.table.core.windows.net/testtableDjP3KpTB?$format=application%2Fjson%3Bodata%3Dminimalmetadata",
      "RequestMethod": "POST",
      "RequestHeaders": {
        "Accept": "application/json; odata=minimalmetadata",
        "Authorization": "Sanitized",
        "Content-Length": "35",
        "Content-Type": "application/json; odata=nometadata",
        "DataServiceVersion": "3.0",
        "Prefer": "return-no-content",
        "traceparent": "00-3263d0e83f3af23b9ee4b61b5e15fd9f-eb0979f455a1c592-00",
        "User-Agent": "azsdk-net-Data.Tables/12.4.0-alpha.20220103.1 (.NET 6.0.0-rtm.21522.10; Microsoft Windows 10.0.19044)",
        "x-ms-client-request-id": "c1cedbdcbea018bc61e498453aedbb99",
        "x-ms-date": "Mon, 03 Jan 2022 19:22:37 GMT",
        "x-ms-return-client-request-id": "true",
        "x-ms-version": "2019-02-02"
      },
      "RequestBody": {
        "PartitionKey": "PK",
        "RowKey": "RK"
      },
      "StatusCode": 204,
      "ResponseHeaders": {
        "Cache-Control": "no-cache",
        "Content-Length": "0",
        "DataServiceId": "https://pakrymtables4prim.table.core.windows.net/testtableDjP3KpTB(PartitionKey=\u0027PK\u0027,RowKey=\u0027RK\u0027)",
        "Date": "Mon, 03 Jan 2022 19:22:36 GMT",
        "ETag": "W/\u0022datetime\u00272022-01-03T19%3A22%3A37.2044334Z\u0027\u0022",
        "Location": "https://pakrymtables4prim.table.core.windows.net/testtableDjP3KpTB(PartitionKey=\u0027PK\u0027,RowKey=\u0027RK\u0027)",
        "Preference-Applied": "return-no-content",
        "Server": [
          "Windows-Azure-Table/1.0",
          "Microsoft-HTTPAPI/2.0"
        ],
        "X-Content-Type-Options": "nosniff",
        "x-ms-client-request-id": "c1cedbdcbea018bc61e498453aedbb99",
        "x-ms-request-id": "6a2c2f87-5002-005c-1ed7-008f7c000000",
        "x-ms-version": "2019-02-02"
      },
      "ResponseBody": null
    },
    {
      "RequestUri": "https://pakrymtables4prim.table.core.windows.net/testtableDjP3KpTB(PartitionKey=\u0027PK\u0027,RowKey=\u0027RK\u0027)?$format=application%2Fjson%3Bodata%3Dminimalmetadata",
      "RequestMethod": "GET",
      "RequestHeaders": {
        "Accept": "application/json; odata=minimalmetadata",
        "Authorization": "Sanitized",
        "DataServiceVersion": "3.0",
        "User-Agent": "azsdk-net-Data.Tables/12.4.0-alpha.20220103.1 (.NET 6.0.0-rtm.21522.10; Microsoft Windows 10.0.19044)",
        "x-ms-client-request-id": "f3079d89366839e9c408c6382071cffc",
        "x-ms-date": "Mon, 03 Jan 2022 19:22:37 GMT",
        "x-ms-return-client-request-id": "true",
        "x-ms-version": "2019-02-02"
      },
      "RequestBody": null,
      "StatusCode": 200,
      "ResponseHeaders": {
        "Cache-Control": "no-cache",
        "Content-Type": "application/json; odata=minimalmetadata; streaming=true; charset=utf-8",
        "Date": "Mon, 03 Jan 2022 19:22:36 GMT",
        "ETag": "W/\u0022datetime\u00272022-01-03T19%3A22%3A37.2044334Z\u0027\u0022",
        "Server": [
          "Windows-Azure-Table/1.0",
          "Microsoft-HTTPAPI/2.0"
        ],
        "Transfer-Encoding": "chunked",
        "X-Content-Type-Options": "nosniff",
        "x-ms-client-request-id": "f3079d89366839e9c408c6382071cffc",
        "x-ms-request-id": "6a2c2f8d-5002-005c-21d7-008f7c000000",
        "x-ms-version": "2019-02-02"
      },
      "ResponseBody": {
        "odata.metadata": "https://pakrymtables4prim.table.core.windows.net/$metadata#testtableDjP3KpTB/@Element",
        "odata.etag": "W/\u0022datetime\u00272022-01-03T19%3A22%3A37.2044334Z\u0027\u0022",
        "PartitionKey": "PK",
        "RowKey": "RK",
        "Timestamp": "2022-01-03T19:22:37.2044334Z"
      }
    },
    {
      "RequestUri": "https://pakrymtables4prim.table.core.windows.net/Tables(\u0027testtableDjP3KpTB\u0027)",
      "RequestMethod": "DELETE",
      "RequestHeaders": {
        "Accept": "application/json",
        "Authorization": "Sanitized",
        "traceparent": "00-ff202dbb946b4e4b7446c9ec77791b47-43f2f39fbb89ebcd-00",
        "User-Agent": "azsdk-net-Data.Tables/12.4.0-alpha.20220103.1 (.NET 6.0.0-rtm.21522.10; Microsoft Windows 10.0.19044)",
        "x-ms-client-request-id": "13f5fee503e3ff318f259f901cb8b931",
        "x-ms-date": "Mon, 03 Jan 2022 19:22:37 GMT",
        "x-ms-return-client-request-id": "true",
        "x-ms-version": "2019-02-02"
      },
      "RequestBody": null,
      "StatusCode": 204,
      "ResponseHeaders": {
        "Cache-Control": "no-cache",
        "Content-Length": "0",
        "Date": "Mon, 03 Jan 2022 19:22:36 GMT",
        "Server": [
          "Windows-Azure-Table/1.0",
          "Microsoft-HTTPAPI/2.0"
        ],
        "X-Content-Type-Options": "nosniff",
        "x-ms-client-request-id": "13f5fee503e3ff318f259f901cb8b931",
        "x-ms-request-id": "6a2c2f8f-5002-005c-23d7-008f7c000000",
        "x-ms-version": "2019-02-02"
      },
      "ResponseBody": null
    }
  ],
  "Variables": {
    "RandomSeed": "2125975178",
    "STORAGE_ENDPOINT_SUFFIX": "core.windows.net",
    "TABLES_PRIMARY_STORAGE_ACCOUNT_KEY": "Kg==",
    "TABLES_STORAGE_ACCOUNT_NAME": "pakrymtables4prim"
  }
}
