{
  "Entries": [
    {
      "RequestUri": "https://pakrymtables3prim.table.core.windows.net/Tables?$format=application%2Fjson%3Bodata%3Dminimalmetadata",
      "RequestMethod": "POST",
      "RequestHeaders": {
        "Accept": "application/json; odata=minimalmetadata",
        "Authorization": "Sanitized",
        "Content-Length": "33",
        "Content-Type": "application/json; odata=nometadata",
        "DataServiceVersion": "3.0",
        "traceparent": "00-d8b1312c77f5723b0ff6c06603aa992e-e62c97f59722553d-00",
        "User-Agent": "azsdk-net-Data.Tables/12.4.0-alpha.20211229.1 (.NET 6.0.0-rtm.21522.10; Microsoft Windows 10.0.19044)",
        "x-ms-client-request-id": "c27ed0016a14d20865c0c92f21977a45",
        "x-ms-date": "Wed, 29 Dec 2021 18:16:11 GMT",
        "x-ms-return-client-request-id": "true",
        "x-ms-version": "2019-02-02"
      },
      "RequestBody": {
        "TableName": "testtable7QrApMZS"
      },
      "StatusCode": 201,
      "ResponseHeaders": {
        "Cache-Control": "no-cache",
        "Content-Type": "application/json; odata=minimalmetadata; streaming=true; charset=utf-8",
        "Date": "Wed, 29 Dec 2021 18:16:10 GMT",
        "Location": "https://pakrymtables3prim.table.core.windows.net/Tables(\u0027testtable7QrApMZS\u0027)",
        "Server": [
          "Windows-Azure-Table/1.0",
          "Microsoft-HTTPAPI/2.0"
        ],
        "Transfer-Encoding": "chunked",
        "X-Content-Type-Options": "nosniff",
        "x-ms-client-request-id": "c27ed0016a14d20865c0c92f21977a45",
        "x-ms-request-id": "e6449572-8002-001a-59e0-fccc44000000",
        "x-ms-version": "2019-02-02"
      },
      "ResponseBody": {
        "odata.metadata": "https://pakrymtables3prim.table.core.windows.net/$metadata#Tables/@Element",
        "TableName": "testtable7QrApMZS"
      }
    },
    {
      "RequestUri": "https://pakrymtables3prim.table.core.windows.net/testtable7QrApMZS?$format=application%2Fjson%3Bodata%3Dminimalmetadata",
      "RequestMethod": "POST",
      "RequestHeaders": {
        "Accept": "application/json; odata=minimalmetadata",
        "Authorization": "Sanitized",
        "Content-Length": "35",
        "Content-Type": "application/json; odata=nometadata",
        "DataServiceVersion": "3.0",
        "Prefer": "return-no-content",
        "traceparent": "00-e7170ab67e0f5e092885827fae73df89-257e0d43f1b9be8c-00",
        "User-Agent": "azsdk-net-Data.Tables/12.4.0-alpha.20211229.1 (.NET 6.0.0-rtm.21522.10; Microsoft Windows 10.0.19044)",
        "x-ms-client-request-id": "267a510faf5baad03510ac42f806bb28",
        "x-ms-date": "Wed, 29 Dec 2021 18:16:11 GMT",
        "x-ms-return-client-request-id": "true",
        "x-ms-version": "2019-02-02"
      },
      "RequestBody": {
        "PartitionKey": "PK",
        "RowKey": "RK"
      },
      "StatusCode": 204,
      "ResponseHeaders": {
        "Cache-Control": "no-cache",
        "Content-Length": "0",
        "DataServiceId": "https://pakrymtables3prim.table.core.windows.net/testtable7QrApMZS(PartitionKey=\u0027PK\u0027,RowKey=\u0027RK\u0027)",
        "Date": "Wed, 29 Dec 2021 18:16:10 GMT",
        "ETag": "W/\u0022datetime\u00272021-12-29T18%3A16%3A11.2892404Z\u0027\u0022",
        "Location": "https://pakrymtables3prim.table.core.windows.net/testtable7QrApMZS(PartitionKey=\u0027PK\u0027,RowKey=\u0027RK\u0027)",
        "Preference-Applied": "return-no-content",
        "Server": [
          "Windows-Azure-Table/1.0",
          "Microsoft-HTTPAPI/2.0"
        ],
        "X-Content-Type-Options": "nosniff",
        "x-ms-client-request-id": "267a510faf5baad03510ac42f806bb28",
        "x-ms-request-id": "e6449574-8002-001a-5ae0-fccc44000000",
        "x-ms-version": "2019-02-02"
      },
      "ResponseBody": null
    },
    {
      "RequestUri": "https://pakrymtables3prim.table.core.windows.net/testtable7QrApMZS(PartitionKey=\u0027PK\u0027,RowKey=\u0027RK\u0027)?$format=application%2Fjson%3Bodata%3Dminimalmetadata",
      "RequestMethod": "GET",
      "RequestHeaders": {
        "Accept": "application/json; odata=minimalmetadata",
        "Authorization": "Sanitized",
        "DataServiceVersion": "3.0",
        "User-Agent": "azsdk-net-Data.Tables/12.4.0-alpha.20211229.1 (.NET 6.0.0-rtm.21522.10; Microsoft Windows 10.0.19044)",
        "x-ms-client-request-id": "60b5902d745c4252bc84d48717cb9b1d",
        "x-ms-date": "Wed, 29 Dec 2021 18:16:11 GMT",
        "x-ms-return-client-request-id": "true",
        "x-ms-version": "2019-02-02"
      },
      "RequestBody": null,
      "StatusCode": 200,
      "ResponseHeaders": {
        "Cache-Control": "no-cache",
        "Content-Type": "application/json; odata=minimalmetadata; streaming=true; charset=utf-8",
        "Date": "Wed, 29 Dec 2021 18:16:10 GMT",
        "ETag": "W/\u0022datetime\u00272021-12-29T18%3A16%3A11.2892404Z\u0027\u0022",
        "Server": [
          "Windows-Azure-Table/1.0",
          "Microsoft-HTTPAPI/2.0"
        ],
        "Transfer-Encoding": "chunked",
        "X-Content-Type-Options": "nosniff",
        "x-ms-client-request-id": "60b5902d745c4252bc84d48717cb9b1d",
        "x-ms-request-id": "e6449575-8002-001a-5be0-fccc44000000",
        "x-ms-version": "2019-02-02"
      },
      "ResponseBody": {
        "odata.metadata": "https://pakrymtables3prim.table.core.windows.net/$metadata#testtable7QrApMZS/@Element",
        "odata.etag": "W/\u0022datetime\u00272021-12-29T18%3A16%3A11.2892404Z\u0027\u0022",
        "PartitionKey": "PK",
        "RowKey": "RK",
        "Timestamp": "2021-12-29T18:16:11.2892404Z"
      }
    },
    {
      "RequestUri": "https://pakrymtables3prim.table.core.windows.net/Tables(\u0027testtable7QrApMZS\u0027)",
      "RequestMethod": "DELETE",
      "RequestHeaders": {
        "Accept": "application/json",
        "Authorization": "Sanitized",
        "traceparent": "00-ac077f556f1f74510912871fbbcefa0b-1c6f0a047ef4dc6c-00",
        "User-Agent": "azsdk-net-Data.Tables/12.4.0-alpha.20211229.1 (.NET 6.0.0-rtm.21522.10; Microsoft Windows 10.0.19044)",
        "x-ms-client-request-id": "34bc5fadcad05268ffd38d04bec6da5e",
        "x-ms-date": "Wed, 29 Dec 2021 18:16:11 GMT",
        "x-ms-return-client-request-id": "true",
        "x-ms-version": "2019-02-02"
      },
      "RequestBody": null,
      "StatusCode": 204,
      "ResponseHeaders": {
        "Cache-Control": "no-cache",
        "Content-Length": "0",
        "Date": "Wed, 29 Dec 2021 18:16:10 GMT",
        "Server": [
          "Windows-Azure-Table/1.0",
          "Microsoft-HTTPAPI/2.0"
        ],
        "X-Content-Type-Options": "nosniff",
        "x-ms-client-request-id": "34bc5fadcad05268ffd38d04bec6da5e",
        "x-ms-request-id": "e6449576-8002-001a-5ce0-fccc44000000",
        "x-ms-version": "2019-02-02"
      },
      "ResponseBody": null
    }
  ],
  "Variables": {
    "RandomSeed": "352929447",
    "STORAGE_ENDPOINT_SUFFIX": "core.windows.net",
    "TABLES_PRIMARY_STORAGE_ACCOUNT_KEY": "Kg==",
    "TABLES_STORAGE_ACCOUNT_NAME": "pakrymtables3prim"
  }
}
