{
  "Entries": [
    {
      "RequestUri": "https://management.azure.com/subscriptions/f3d94233-a9aa-4241-ac82-2dfb63ce637a?api-version=2019-11-01",
      "RequestMethod": "GET",
      "RequestHeaders": {
        "Accept": "application/json",
        "Authorization": "Sanitized",
        "User-Agent": [
          "azsdk-net-ResourceManager/1.0.0-beta.3",
          "(.NET 5.0.10; Microsoft Windows 10.0.19043)"
        ],
        "x-ms-client-request-id": "ff1ec00c1427c1c8f8105b324ee5e904",
        "x-ms-return-client-request-id": "true"
      },
      "RequestBody": null,
      "StatusCode": 200,
      "ResponseHeaders": {
        "Cache-Control": "no-cache",
        "Content-Length": "410",
        "Content-Type": "application/json; charset=utf-8",
        "Date": "Mon, 27 Sep 2021 03:14:20 GMT",
        "Expires": "-1",
        "Pragma": "no-cache",
        "Strict-Transport-Security": "max-age=31536000; includeSubDomains",
        "X-Content-Type-Options": "nosniff",
        "x-ms-correlation-request-id": "68671352-b4ca-44a9-b8d9-0d3aa6c5215d",
        "x-ms-ratelimit-remaining-subscription-reads": "11904",
        "x-ms-request-id": "68671352-b4ca-44a9-b8d9-0d3aa6c5215d",
        "x-ms-routing-request-id": "SOUTHEASTASIA:20210927T031420Z:68671352-b4ca-44a9-b8d9-0d3aa6c5215d"
      },
      "ResponseBody": {
        "id": "/subscriptions/f3d94233-a9aa-4241-ac82-2dfb63ce637a",
        "authorizationSource": "RoleBased",
        "managedByTenants": [],
        "subscriptionId": "f3d94233-a9aa-4241-ac82-2dfb63ce637a",
        "tenantId": "75743128-1c62-4904-9be1-c23c1edb9a9f",
        "displayName": "Visual Studio Enterprise Subscription",
        "state": "Enabled",
        "subscriptionPolicies": {
          "locationPlacementId": "Public_2014-09-01",
          "quotaId": "MSDN_2014-09-01",
          "spendingLimit": "On"
        }
      }
    },
    {
      "RequestUri": "https://management.azure.com/subscriptions/f3d94233-a9aa-4241-ac82-2dfb63ce637a/resourcegroups/testRg-6347?api-version=2019-10-01",
      "RequestMethod": "PUT",
      "RequestHeaders": {
        "Accept": "application/json",
        "Authorization": "Sanitized",
        "Content-Length": "21",
        "Content-Type": "application/json",
        "traceparent": "00-59097a19fb6f70419c3fed1cdacfc0e0-24b25b3936bcea4e-00",
        "User-Agent": [
          "azsdk-net-ResourceManager/1.0.0-beta.3",
          "(.NET 5.0.10; Microsoft Windows 10.0.19043)"
        ],
        "x-ms-client-request-id": "3b91ba336bdf3ab2e40dd89e23fbf004",
        "x-ms-return-client-request-id": "true"
      },
      "RequestBody": {
        "location": "westus"
      },
      "StatusCode": 201,
      "ResponseHeaders": {
        "Cache-Control": "no-cache",
        "Content-Length": "219",
        "Content-Type": "application/json; charset=utf-8",
        "Date": "Mon, 27 Sep 2021 03:14:21 GMT",
        "Expires": "-1",
        "Pragma": "no-cache",
        "Strict-Transport-Security": "max-age=31536000; includeSubDomains",
        "X-Content-Type-Options": "nosniff",
        "x-ms-correlation-request-id": "17d1e57c-d019-4fda-ad47-4eaf29a09dcb",
        "x-ms-ratelimit-remaining-subscription-writes": "1198",
        "x-ms-request-id": "17d1e57c-d019-4fda-ad47-4eaf29a09dcb",
        "x-ms-routing-request-id": "SOUTHEASTASIA:20210927T031421Z:17d1e57c-d019-4fda-ad47-4eaf29a09dcb"
      },
      "ResponseBody": {
        "id": "/subscriptions/f3d94233-a9aa-4241-ac82-2dfb63ce637a/resourceGroups/testRg-6347",
        "name": "testRg-6347",
        "type": "Microsoft.Resources/resourceGroups",
        "location": "westus",
        "properties": {
          "provisioningState": "Succeeded"
        }
      }
    },
    {
      "RequestUri": "https://management.azure.com/subscriptions/f3d94233-a9aa-4241-ac82-2dfb63ce637a/resourceGroups/testRg-6347/providers/Microsoft.Cdn/profiles/AFDProfile-8083?api-version=2020-09-01",
      "RequestMethod": "PUT",
      "RequestHeaders": {
        "Accept": "application/json",
        "Authorization": "Sanitized",
        "Content-Length": "78",
        "Content-Type": "application/json",
        "User-Agent": [
          "azsdk-net-ResourceManager.Cdn/1.0.0-alpha.20210927.1",
          "(.NET 5.0.10; Microsoft Windows 10.0.19043)"
        ],
        "x-ms-client-request-id": "85be611ca17a84643bbaaa23873a5009",
        "x-ms-return-client-request-id": "true"
      },
      "RequestBody": {
        "sku": {
          "name": "Standard_AzureFrontDoor"
        },
        "location": "Global",
        "properties": {}
      },
      "StatusCode": 201,
      "ResponseHeaders": {
        "Azure-AsyncOperation": "https://management.azure.com/subscriptions/f3d94233-a9aa-4241-ac82-2dfb63ce637a/resourcegroups/testRg-6347/providers/Microsoft.Cdn/operationresults/42ad2dd7-19b6-493e-838e-d6476dbbae21?api-version=2020-09-01",
        "Cache-Control": "no-cache",
        "Content-Length": "409",
        "Content-Type": "application/json; charset=utf-8",
        "Date": "Mon, 27 Sep 2021 03:14:26 GMT",
        "Expires": "-1",
        "Pragma": "no-cache",
        "Retry-After": "10",
        "Server": "Kestrel",
        "Strict-Transport-Security": "max-age=31536000; includeSubDomains",
        "X-Content-Type-Options": "nosniff",
        "x-ms-client-request-id": "85be611ca17a84643bbaaa23873a5009",
        "x-ms-correlation-request-id": "98f5f6fb-678c-4ab2-aa3e-2c51c6a330cc",
        "x-ms-ratelimit-remaining-subscription-resource-requests": "23",
        "x-ms-request-id": "806741e6-0304-4480-908d-7c946ca1bfea",
        "x-ms-routing-request-id": "SOUTHEASTASIA:20210927T031426Z:98f5f6fb-678c-4ab2-aa3e-2c51c6a330cc"
      },
      "ResponseBody": {
        "id": "/subscriptions/f3d94233-a9aa-4241-ac82-2dfb63ce637a/resourcegroups/testRg-6347/providers/Microsoft.Cdn/profiles/AFDProfile-8083",
        "type": "Microsoft.Cdn/profiles",
        "name": "AFDProfile-8083",
        "location": "Global",
        "kind": "frontdoor",
        "tags": {},
        "sku": {
          "name": "Standard_AzureFrontDoor"
        },
        "properties": {
          "frontDoorId": "a3ca9c3e-dd72-4f8f-8d7d-31a15c71f2c5",
          "resourceState": "Creating",
          "provisioningState": "Creating"
        }
      }
    },
    {
      "RequestUri": "https://management.azure.com/subscriptions/f3d94233-a9aa-4241-ac82-2dfb63ce637a/resourcegroups/testRg-6347/providers/Microsoft.Cdn/operationresults/42ad2dd7-19b6-493e-838e-d6476dbbae21?api-version=2020-09-01",
      "RequestMethod": "GET",
      "RequestHeaders": {
        "Authorization": "Sanitized",
        "User-Agent": [
          "azsdk-net-ResourceManager/1.0.0-beta.3",
          "(.NET 5.0.10; Microsoft Windows 10.0.19043)"
        ],
        "x-ms-client-request-id": "88c9312e5a4519b82cb7a4b107165dd2",
        "x-ms-return-client-request-id": "true"
      },
      "RequestBody": null,
      "StatusCode": 200,
      "ResponseHeaders": {
        "Cache-Control": "no-cache",
        "Content-Length": "62",
        "Content-Type": "application/json; charset=utf-8",
        "Date": "Mon, 27 Sep 2021 03:14:26 GMT",
        "Expires": "-1",
        "Pragma": "no-cache",
        "Server": "Kestrel",
        "Strict-Transport-Security": "max-age=31536000; includeSubDomains",
        "X-Content-Type-Options": "nosniff",
        "x-ms-client-request-id": "88c9312e5a4519b82cb7a4b107165dd2",
        "x-ms-correlation-request-id": "ff1fcde6-dbf9-4417-b408-631d8b18a012",
        "x-ms-ratelimit-remaining-subscription-reads": "11903",
        "x-ms-request-id": "72b4e785-55fb-475f-80a4-5c3216ababdf",
        "x-ms-routing-request-id": "SOUTHEASTASIA:20210927T031427Z:ff1fcde6-dbf9-4417-b408-631d8b18a012"
      },
      "ResponseBody": {
        "status": "InProgress",
        "error": {
          "code": "None",
          "message": null
        }
      }
    },
    {
      "RequestUri": "https://management.azure.com/subscriptions/f3d94233-a9aa-4241-ac82-2dfb63ce637a/resourcegroups/testRg-6347/providers/Microsoft.Cdn/operationresults/42ad2dd7-19b6-493e-838e-d6476dbbae21?api-version=2020-09-01",
      "RequestMethod": "GET",
      "RequestHeaders": {
        "Authorization": "Sanitized",
        "User-Agent": [
          "azsdk-net-ResourceManager/1.0.0-beta.3",
          "(.NET 5.0.10; Microsoft Windows 10.0.19043)"
        ],
        "x-ms-client-request-id": "ee4095878942ef430c51bf369a746165",
        "x-ms-return-client-request-id": "true"
      },
      "RequestBody": null,
      "StatusCode": 200,
      "ResponseHeaders": {
        "Cache-Control": "no-cache",
        "Content-Length": "62",
        "Content-Type": "application/json; charset=utf-8",
        "Date": "Mon, 27 Sep 2021 03:14:27 GMT",
        "Expires": "-1",
        "Pragma": "no-cache",
        "Server": "Kestrel",
        "Strict-Transport-Security": "max-age=31536000; includeSubDomains",
        "X-Content-Type-Options": "nosniff",
        "x-ms-client-request-id": "ee4095878942ef430c51bf369a746165",
        "x-ms-correlation-request-id": "cb752d40-136c-4b73-9683-8ce52c65ebfd",
        "x-ms-ratelimit-remaining-subscription-reads": "11902",
        "x-ms-request-id": "ce293610-ccd4-448f-ba78-8af273e8c1c6",
        "x-ms-routing-request-id": "SOUTHEASTASIA:20210927T031427Z:cb752d40-136c-4b73-9683-8ce52c65ebfd"
      },
      "ResponseBody": {
        "status": "InProgress",
        "error": {
          "code": "None",
          "message": null
        }
      }
    },
    {
      "RequestUri": "https://management.azure.com/subscriptions/f3d94233-a9aa-4241-ac82-2dfb63ce637a/resourcegroups/testRg-6347/providers/Microsoft.Cdn/operationresults/42ad2dd7-19b6-493e-838e-d6476dbbae21?api-version=2020-09-01",
      "RequestMethod": "GET",
      "RequestHeaders": {
        "Authorization": "Sanitized",
        "User-Agent": [
          "azsdk-net-ResourceManager/1.0.0-beta.3",
          "(.NET 5.0.10; Microsoft Windows 10.0.19043)"
        ],
        "x-ms-client-request-id": "55f43fa6c87187c354944d2288a465ae",
        "x-ms-return-client-request-id": "true"
      },
      "RequestBody": null,
      "StatusCode": 200,
      "ResponseHeaders": {
        "Cache-Control": "no-cache",
        "Content-Length": "62",
        "Content-Type": "application/json; charset=utf-8",
        "Date": "Mon, 27 Sep 2021 03:14:27 GMT",
        "Expires": "-1",
        "Pragma": "no-cache",
        "Server": "Kestrel",
        "Strict-Transport-Security": "max-age=31536000; includeSubDomains",
        "X-Content-Type-Options": "nosniff",
        "x-ms-client-request-id": "55f43fa6c87187c354944d2288a465ae",
        "x-ms-correlation-request-id": "dbcc27e3-cd99-4481-bdf6-bc46e1ebf6e8",
        "x-ms-ratelimit-remaining-subscription-reads": "11901",
        "x-ms-request-id": "7db5fb67-3085-4a64-9cdd-fae3f7a1f262",
        "x-ms-routing-request-id": "SOUTHEASTASIA:20210927T031427Z:dbcc27e3-cd99-4481-bdf6-bc46e1ebf6e8"
      },
      "ResponseBody": {
        "status": "InProgress",
        "error": {
          "code": "None",
          "message": null
        }
      }
    },
    {
      "RequestUri": "https://management.azure.com/subscriptions/f3d94233-a9aa-4241-ac82-2dfb63ce637a/resourcegroups/testRg-6347/providers/Microsoft.Cdn/operationresults/42ad2dd7-19b6-493e-838e-d6476dbbae21?api-version=2020-09-01",
      "RequestMethod": "GET",
      "RequestHeaders": {
        "Authorization": "Sanitized",
        "User-Agent": [
          "azsdk-net-ResourceManager/1.0.0-beta.3",
          "(.NET 5.0.10; Microsoft Windows 10.0.19043)"
        ],
        "x-ms-client-request-id": "8d6835e62594a528edda7cf49a817fb8",
        "x-ms-return-client-request-id": "true"
      },
      "RequestBody": null,
      "StatusCode": 200,
      "ResponseHeaders": {
        "Cache-Control": "no-cache",
        "Content-Length": "62",
        "Content-Type": "application/json; charset=utf-8",
        "Date": "Mon, 27 Sep 2021 03:14:27 GMT",
        "Expires": "-1",
        "Pragma": "no-cache",
        "Server": "Kestrel",
        "Strict-Transport-Security": "max-age=31536000; includeSubDomains",
        "X-Content-Type-Options": "nosniff",
        "x-ms-client-request-id": "8d6835e62594a528edda7cf49a817fb8",
        "x-ms-correlation-request-id": "caccdbea-d5fa-427e-870d-cded58dd7ce2",
        "x-ms-ratelimit-remaining-subscription-reads": "11900",
        "x-ms-request-id": "e34ad363-d197-46a4-b7c2-c3d59ae27ab0",
        "x-ms-routing-request-id": "SOUTHEASTASIA:20210927T031428Z:caccdbea-d5fa-427e-870d-cded58dd7ce2"
      },
      "ResponseBody": {
        "status": "InProgress",
        "error": {
          "code": "None",
          "message": null
        }
      }
    },
    {
      "RequestUri": "https://management.azure.com/subscriptions/f3d94233-a9aa-4241-ac82-2dfb63ce637a/resourcegroups/testRg-6347/providers/Microsoft.Cdn/operationresults/42ad2dd7-19b6-493e-838e-d6476dbbae21?api-version=2020-09-01",
      "RequestMethod": "GET",
      "RequestHeaders": {
        "Authorization": "Sanitized",
        "User-Agent": [
          "azsdk-net-ResourceManager/1.0.0-beta.3",
          "(.NET 5.0.10; Microsoft Windows 10.0.19043)"
        ],
        "x-ms-client-request-id": "c70a3e550721bf61d1b99aae3c216668",
        "x-ms-return-client-request-id": "true"
      },
      "RequestBody": null,
      "StatusCode": 200,
      "ResponseHeaders": {
        "Cache-Control": "no-cache",
        "Content-Length": "62",
        "Content-Type": "application/json; charset=utf-8",
        "Date": "Mon, 27 Sep 2021 03:14:28 GMT",
        "Expires": "-1",
        "Pragma": "no-cache",
        "Server": "Kestrel",
        "Strict-Transport-Security": "max-age=31536000; includeSubDomains",
        "X-Content-Type-Options": "nosniff",
        "x-ms-client-request-id": "c70a3e550721bf61d1b99aae3c216668",
        "x-ms-correlation-request-id": "4a4eb60d-c7bb-4326-a98c-9319e59c756b",
        "x-ms-ratelimit-remaining-subscription-reads": "11899",
        "x-ms-request-id": "b8d6f835-9480-4458-8755-4e2e1a7de930",
        "x-ms-routing-request-id": "SOUTHEASTASIA:20210927T031428Z:4a4eb60d-c7bb-4326-a98c-9319e59c756b"
      },
      "ResponseBody": {
        "status": "InProgress",
        "error": {
          "code": "None",
          "message": null
        }
      }
    },
    {
      "RequestUri": "https://management.azure.com/subscriptions/f3d94233-a9aa-4241-ac82-2dfb63ce637a/resourcegroups/testRg-6347/providers/Microsoft.Cdn/operationresults/42ad2dd7-19b6-493e-838e-d6476dbbae21?api-version=2020-09-01",
      "RequestMethod": "GET",
      "RequestHeaders": {
        "Authorization": "Sanitized",
        "User-Agent": [
          "azsdk-net-ResourceManager/1.0.0-beta.3",
          "(.NET 5.0.10; Microsoft Windows 10.0.19043)"
        ],
        "x-ms-client-request-id": "645010ecd40c80d1174f67964bcfecd2",
        "x-ms-return-client-request-id": "true"
      },
      "RequestBody": null,
      "StatusCode": 200,
      "ResponseHeaders": {
        "Cache-Control": "no-cache",
        "Content-Length": "62",
        "Content-Type": "application/json; charset=utf-8",
        "Date": "Mon, 27 Sep 2021 03:14:28 GMT",
        "Expires": "-1",
        "Pragma": "no-cache",
        "Server": "Kestrel",
        "Strict-Transport-Security": "max-age=31536000; includeSubDomains",
        "X-Content-Type-Options": "nosniff",
        "x-ms-client-request-id": "645010ecd40c80d1174f67964bcfecd2",
        "x-ms-correlation-request-id": "a0e44c58-a5b6-4d9c-bdcc-0cc8176dc2e7",
        "x-ms-ratelimit-remaining-subscription-reads": "11898",
        "x-ms-request-id": "8a09f83c-0543-49a4-93d4-37dd48e4fcfa",
        "x-ms-routing-request-id": "SOUTHEASTASIA:20210927T031428Z:a0e44c58-a5b6-4d9c-bdcc-0cc8176dc2e7"
      },
      "ResponseBody": {
        "status": "InProgress",
        "error": {
          "code": "None",
          "message": null
        }
      }
    },
    {
      "RequestUri": "https://management.azure.com/subscriptions/f3d94233-a9aa-4241-ac82-2dfb63ce637a/resourcegroups/testRg-6347/providers/Microsoft.Cdn/operationresults/42ad2dd7-19b6-493e-838e-d6476dbbae21?api-version=2020-09-01",
      "RequestMethod": "GET",
      "RequestHeaders": {
        "Authorization": "Sanitized",
        "User-Agent": [
          "azsdk-net-ResourceManager/1.0.0-beta.3",
          "(.NET 5.0.10; Microsoft Windows 10.0.19043)"
        ],
        "x-ms-client-request-id": "4acd94149d99df8dd4a8bbdb8a7968cc",
        "x-ms-return-client-request-id": "true"
      },
      "RequestBody": null,
      "StatusCode": 200,
      "ResponseHeaders": {
        "Cache-Control": "no-cache",
        "Content-Length": "62",
        "Content-Type": "application/json; charset=utf-8",
        "Date": "Mon, 27 Sep 2021 03:14:28 GMT",
        "Expires": "-1",
        "Pragma": "no-cache",
        "Server": "Kestrel",
        "Strict-Transport-Security": "max-age=31536000; includeSubDomains",
        "X-Content-Type-Options": "nosniff",
        "x-ms-client-request-id": "4acd94149d99df8dd4a8bbdb8a7968cc",
        "x-ms-correlation-request-id": "96677e5f-1a39-4381-a6dd-5b866c9ce30f",
        "x-ms-ratelimit-remaining-subscription-reads": "11897",
        "x-ms-request-id": "16c8fb09-ac0f-4fff-b26c-d01eee675ba6",
        "x-ms-routing-request-id": "SOUTHEASTASIA:20210927T031429Z:96677e5f-1a39-4381-a6dd-5b866c9ce30f"
      },
      "ResponseBody": {
        "status": "InProgress",
        "error": {
          "code": "None",
          "message": null
        }
      }
    },
    {
      "RequestUri": "https://management.azure.com/subscriptions/f3d94233-a9aa-4241-ac82-2dfb63ce637a/resourcegroups/testRg-6347/providers/Microsoft.Cdn/operationresults/42ad2dd7-19b6-493e-838e-d6476dbbae21?api-version=2020-09-01",
      "RequestMethod": "GET",
      "RequestHeaders": {
        "Authorization": "Sanitized",
        "User-Agent": [
          "azsdk-net-ResourceManager/1.0.0-beta.3",
          "(.NET 5.0.10; Microsoft Windows 10.0.19043)"
        ],
        "x-ms-client-request-id": "8a0814731a3180ac6d8aafd19fca7302",
        "x-ms-return-client-request-id": "true"
      },
      "RequestBody": null,
      "StatusCode": 200,
      "ResponseHeaders": {
        "Cache-Control": "no-cache",
        "Content-Length": "62",
        "Content-Type": "application/json; charset=utf-8",
        "Date": "Mon, 27 Sep 2021 03:14:29 GMT",
        "Expires": "-1",
        "Pragma": "no-cache",
        "Server": "Kestrel",
        "Strict-Transport-Security": "max-age=31536000; includeSubDomains",
        "X-Content-Type-Options": "nosniff",
        "x-ms-client-request-id": "8a0814731a3180ac6d8aafd19fca7302",
        "x-ms-correlation-request-id": "e8859173-3d2f-40ea-ba6d-9d5e49b0b178",
        "x-ms-ratelimit-remaining-subscription-reads": "11896",
        "x-ms-request-id": "e3f2eb96-8bfe-4c89-b9e1-0ab60adc9e2e",
        "x-ms-routing-request-id": "SOUTHEASTASIA:20210927T031429Z:e8859173-3d2f-40ea-ba6d-9d5e49b0b178"
      },
      "ResponseBody": {
        "status": "InProgress",
        "error": {
          "code": "None",
          "message": null
        }
      }
    },
    {
      "RequestUri": "https://management.azure.com/subscriptions/f3d94233-a9aa-4241-ac82-2dfb63ce637a/resourcegroups/testRg-6347/providers/Microsoft.Cdn/operationresults/42ad2dd7-19b6-493e-838e-d6476dbbae21?api-version=2020-09-01",
      "RequestMethod": "GET",
      "RequestHeaders": {
        "Authorization": "Sanitized",
        "User-Agent": [
          "azsdk-net-ResourceManager/1.0.0-beta.3",
          "(.NET 5.0.10; Microsoft Windows 10.0.19043)"
        ],
        "x-ms-client-request-id": "a799c8cc1c544ece8371906319f5f59e",
        "x-ms-return-client-request-id": "true"
      },
      "RequestBody": null,
      "StatusCode": 200,
      "ResponseHeaders": {
        "Cache-Control": "no-cache",
        "Content-Length": "62",
        "Content-Type": "application/json; charset=utf-8",
        "Date": "Mon, 27 Sep 2021 03:14:29 GMT",
        "Expires": "-1",
        "Pragma": "no-cache",
        "Server": "Kestrel",
        "Strict-Transport-Security": "max-age=31536000; includeSubDomains",
        "X-Content-Type-Options": "nosniff",
        "x-ms-client-request-id": "a799c8cc1c544ece8371906319f5f59e",
        "x-ms-correlation-request-id": "1eb4bb78-0511-48c5-bd94-617bd8a83ce0",
        "x-ms-ratelimit-remaining-subscription-reads": "11895",
        "x-ms-request-id": "d0358f10-3f03-466a-ad5c-21ba72eca1f3",
        "x-ms-routing-request-id": "SOUTHEASTASIA:20210927T031429Z:1eb4bb78-0511-48c5-bd94-617bd8a83ce0"
      },
      "ResponseBody": {
        "status": "InProgress",
        "error": {
          "code": "None",
          "message": null
        }
      }
    },
    {
      "RequestUri": "https://management.azure.com/subscriptions/f3d94233-a9aa-4241-ac82-2dfb63ce637a/resourcegroups/testRg-6347/providers/Microsoft.Cdn/operationresults/42ad2dd7-19b6-493e-838e-d6476dbbae21?api-version=2020-09-01",
      "RequestMethod": "GET",
      "RequestHeaders": {
        "Authorization": "Sanitized",
        "User-Agent": [
          "azsdk-net-ResourceManager/1.0.0-beta.3",
          "(.NET 5.0.10; Microsoft Windows 10.0.19043)"
        ],
        "x-ms-client-request-id": "37239be762c7faa1e84cdd0feebb3f0a",
        "x-ms-return-client-request-id": "true"
      },
      "RequestBody": null,
      "StatusCode": 200,
      "ResponseHeaders": {
        "Cache-Control": "no-cache",
        "Content-Length": "62",
        "Content-Type": "application/json; charset=utf-8",
        "Date": "Mon, 27 Sep 2021 03:14:29 GMT",
        "Expires": "-1",
        "Pragma": "no-cache",
        "Server": "Kestrel",
        "Strict-Transport-Security": "max-age=31536000; includeSubDomains",
        "X-Content-Type-Options": "nosniff",
        "x-ms-client-request-id": "37239be762c7faa1e84cdd0feebb3f0a",
        "x-ms-correlation-request-id": "04e4add3-bb24-41e2-8b26-fbc3f1b3fb4e",
        "x-ms-ratelimit-remaining-subscription-reads": "11894",
        "x-ms-request-id": "779da44f-bdf8-4656-89c6-119db78c2faa",
        "x-ms-routing-request-id": "SOUTHEASTASIA:20210927T031429Z:04e4add3-bb24-41e2-8b26-fbc3f1b3fb4e"
      },
      "ResponseBody": {
        "status": "InProgress",
        "error": {
          "code": "None",
          "message": null
        }
      }
    },
    {
      "RequestUri": "https://management.azure.com/subscriptions/f3d94233-a9aa-4241-ac82-2dfb63ce637a/resourcegroups/testRg-6347/providers/Microsoft.Cdn/operationresults/42ad2dd7-19b6-493e-838e-d6476dbbae21?api-version=2020-09-01",
      "RequestMethod": "GET",
      "RequestHeaders": {
        "Authorization": "Sanitized",
        "User-Agent": [
          "azsdk-net-ResourceManager/1.0.0-beta.3",
          "(.NET 5.0.10; Microsoft Windows 10.0.19043)"
        ],
        "x-ms-client-request-id": "c20eb934c0df577745b906c089496777",
        "x-ms-return-client-request-id": "true"
      },
      "RequestBody": null,
      "StatusCode": 200,
      "ResponseHeaders": {
        "Cache-Control": "no-cache",
        "Content-Length": "62",
        "Content-Type": "application/json; charset=utf-8",
        "Date": "Mon, 27 Sep 2021 03:14:30 GMT",
        "Expires": "-1",
        "Pragma": "no-cache",
        "Server": "Kestrel",
        "Strict-Transport-Security": "max-age=31536000; includeSubDomains",
        "X-Content-Type-Options": "nosniff",
        "x-ms-client-request-id": "c20eb934c0df577745b906c089496777",
        "x-ms-correlation-request-id": "afff95bf-713d-4954-8d9a-62ab0ab0333b",
        "x-ms-ratelimit-remaining-subscription-reads": "11893",
        "x-ms-request-id": "13da8ea1-f72d-4179-ab76-b225f54214f3",
        "x-ms-routing-request-id": "SOUTHEASTASIA:20210927T031430Z:afff95bf-713d-4954-8d9a-62ab0ab0333b"
      },
      "ResponseBody": {
        "status": "InProgress",
        "error": {
          "code": "None",
          "message": null
        }
      }
    },
    {
      "RequestUri": "https://management.azure.com/subscriptions/f3d94233-a9aa-4241-ac82-2dfb63ce637a/resourcegroups/testRg-6347/providers/Microsoft.Cdn/operationresults/42ad2dd7-19b6-493e-838e-d6476dbbae21?api-version=2020-09-01",
      "RequestMethod": "GET",
      "RequestHeaders": {
        "Authorization": "Sanitized",
        "User-Agent": [
          "azsdk-net-ResourceManager/1.0.0-beta.3",
          "(.NET 5.0.10; Microsoft Windows 10.0.19043)"
        ],
        "x-ms-client-request-id": "03ea11943ca76a3b269fbf073ebf60c8",
        "x-ms-return-client-request-id": "true"
      },
      "RequestBody": null,
      "StatusCode": 200,
      "ResponseHeaders": {
        "Cache-Control": "no-cache",
        "Content-Length": "62",
        "Content-Type": "application/json; charset=utf-8",
        "Date": "Mon, 27 Sep 2021 03:14:30 GMT",
        "Expires": "-1",
        "Pragma": "no-cache",
        "Server": "Kestrel",
        "Strict-Transport-Security": "max-age=31536000; includeSubDomains",
        "X-Content-Type-Options": "nosniff",
        "x-ms-client-request-id": "03ea11943ca76a3b269fbf073ebf60c8",
        "x-ms-correlation-request-id": "1e30ed4a-a8ef-48ad-93a2-9c018f42c04b",
        "x-ms-ratelimit-remaining-subscription-reads": "11892",
        "x-ms-request-id": "45437f6e-241f-4091-a882-9fcfa41cfc95",
        "x-ms-routing-request-id": "SOUTHEASTASIA:20210927T031430Z:1e30ed4a-a8ef-48ad-93a2-9c018f42c04b"
      },
      "ResponseBody": {
        "status": "InProgress",
        "error": {
          "code": "None",
          "message": null
        }
      }
    },
    {
      "RequestUri": "https://management.azure.com/subscriptions/f3d94233-a9aa-4241-ac82-2dfb63ce637a/resourcegroups/testRg-6347/providers/Microsoft.Cdn/operationresults/42ad2dd7-19b6-493e-838e-d6476dbbae21?api-version=2020-09-01",
      "RequestMethod": "GET",
      "RequestHeaders": {
        "Authorization": "Sanitized",
        "User-Agent": [
          "azsdk-net-ResourceManager/1.0.0-beta.3",
          "(.NET 5.0.10; Microsoft Windows 10.0.19043)"
        ],
        "x-ms-client-request-id": "602e863132e626be23cbf10d5be1709f",
        "x-ms-return-client-request-id": "true"
      },
      "RequestBody": null,
      "StatusCode": 200,
      "ResponseHeaders": {
        "Cache-Control": "no-cache",
        "Content-Length": "62",
        "Content-Type": "application/json; charset=utf-8",
        "Date": "Mon, 27 Sep 2021 03:14:30 GMT",
        "Expires": "-1",
        "Pragma": "no-cache",
        "Server": "Kestrel",
        "Strict-Transport-Security": "max-age=31536000; includeSubDomains",
        "X-Content-Type-Options": "nosniff",
        "x-ms-client-request-id": "602e863132e626be23cbf10d5be1709f",
        "x-ms-correlation-request-id": "bdbac215-d0c1-44e7-83cc-29341a002c46",
        "x-ms-ratelimit-remaining-subscription-reads": "11891",
        "x-ms-request-id": "06d8dacf-8a7e-4c71-aae1-a6ff0bec543d",
        "x-ms-routing-request-id": "SOUTHEASTASIA:20210927T031430Z:bdbac215-d0c1-44e7-83cc-29341a002c46"
      },
      "ResponseBody": {
        "status": "InProgress",
        "error": {
          "code": "None",
          "message": null
        }
      }
    },
    {
      "RequestUri": "https://management.azure.com/subscriptions/f3d94233-a9aa-4241-ac82-2dfb63ce637a/resourcegroups/testRg-6347/providers/Microsoft.Cdn/operationresults/42ad2dd7-19b6-493e-838e-d6476dbbae21?api-version=2020-09-01",
      "RequestMethod": "GET",
      "RequestHeaders": {
        "Authorization": "Sanitized",
        "User-Agent": [
          "azsdk-net-ResourceManager/1.0.0-beta.3",
          "(.NET 5.0.10; Microsoft Windows 10.0.19043)"
        ],
        "x-ms-client-request-id": "dc7a65e53cd0f8637da49c4001701885",
        "x-ms-return-client-request-id": "true"
      },
      "RequestBody": null,
      "StatusCode": 200,
      "ResponseHeaders": {
        "Cache-Control": "no-cache",
        "Content-Length": "62",
        "Content-Type": "application/json; charset=utf-8",
        "Date": "Mon, 27 Sep 2021 03:14:31 GMT",
        "Expires": "-1",
        "Pragma": "no-cache",
        "Server": "Kestrel",
        "Strict-Transport-Security": "max-age=31536000; includeSubDomains",
        "X-Content-Type-Options": "nosniff",
        "x-ms-client-request-id": "dc7a65e53cd0f8637da49c4001701885",
        "x-ms-correlation-request-id": "46c0fd82-d4a9-4cc4-b630-b88a3d5ace73",
        "x-ms-ratelimit-remaining-subscription-reads": "11890",
        "x-ms-request-id": "548261a5-ef8e-4145-9f3b-221dcc1d48bd",
        "x-ms-routing-request-id": "SOUTHEASTASIA:20210927T031431Z:46c0fd82-d4a9-4cc4-b630-b88a3d5ace73"
      },
      "ResponseBody": {
        "status": "InProgress",
        "error": {
          "code": "None",
          "message": null
        }
      }
    },
    {
      "RequestUri": "https://management.azure.com/subscriptions/f3d94233-a9aa-4241-ac82-2dfb63ce637a/resourcegroups/testRg-6347/providers/Microsoft.Cdn/operationresults/42ad2dd7-19b6-493e-838e-d6476dbbae21?api-version=2020-09-01",
      "RequestMethod": "GET",
      "RequestHeaders": {
        "Authorization": "Sanitized",
        "User-Agent": [
          "azsdk-net-ResourceManager/1.0.0-beta.3",
          "(.NET 5.0.10; Microsoft Windows 10.0.19043)"
        ],
        "x-ms-client-request-id": "038e3e59061a619052c3dfdb4a2e0e45",
        "x-ms-return-client-request-id": "true"
      },
      "RequestBody": null,
      "StatusCode": 200,
      "ResponseHeaders": {
        "Cache-Control": "no-cache",
        "Content-Length": "62",
        "Content-Type": "application/json; charset=utf-8",
        "Date": "Mon, 27 Sep 2021 03:14:31 GMT",
        "Expires": "-1",
        "Pragma": "no-cache",
        "Server": "Kestrel",
        "Strict-Transport-Security": "max-age=31536000; includeSubDomains",
        "X-Content-Type-Options": "nosniff",
        "x-ms-client-request-id": "038e3e59061a619052c3dfdb4a2e0e45",
        "x-ms-correlation-request-id": "a86e47fa-9e74-4f20-b1ff-00f64c881de5",
        "x-ms-ratelimit-remaining-subscription-reads": "11889",
        "x-ms-request-id": "1b0fb4af-3248-42f9-8499-5e24fb2aeee1",
        "x-ms-routing-request-id": "SOUTHEASTASIA:20210927T031431Z:a86e47fa-9e74-4f20-b1ff-00f64c881de5"
      },
      "ResponseBody": {
        "status": "InProgress",
        "error": {
          "code": "None",
          "message": null
        }
      }
    },
    {
      "RequestUri": "https://management.azure.com/subscriptions/f3d94233-a9aa-4241-ac82-2dfb63ce637a/resourcegroups/testRg-6347/providers/Microsoft.Cdn/operationresults/42ad2dd7-19b6-493e-838e-d6476dbbae21?api-version=2020-09-01",
      "RequestMethod": "GET",
      "RequestHeaders": {
        "Authorization": "Sanitized",
        "User-Agent": [
          "azsdk-net-ResourceManager/1.0.0-beta.3",
          "(.NET 5.0.10; Microsoft Windows 10.0.19043)"
        ],
        "x-ms-client-request-id": "d9211f2e8345f4f72335e241967e25b3",
        "x-ms-return-client-request-id": "true"
      },
      "RequestBody": null,
      "StatusCode": 200,
      "ResponseHeaders": {
        "Cache-Control": "no-cache",
        "Content-Length": "62",
        "Content-Type": "application/json; charset=utf-8",
        "Date": "Mon, 27 Sep 2021 03:14:31 GMT",
        "Expires": "-1",
        "Pragma": "no-cache",
        "Server": "Kestrel",
        "Strict-Transport-Security": "max-age=31536000; includeSubDomains",
        "X-Content-Type-Options": "nosniff",
        "x-ms-client-request-id": "d9211f2e8345f4f72335e241967e25b3",
        "x-ms-correlation-request-id": "ec51f3a5-4516-41fd-9eab-723cb11cfcdc",
        "x-ms-ratelimit-remaining-subscription-reads": "11888",
        "x-ms-request-id": "f6240eda-8849-41fc-8181-9cf39e2fd8f1",
        "x-ms-routing-request-id": "SOUTHEASTASIA:20210927T031431Z:ec51f3a5-4516-41fd-9eab-723cb11cfcdc"
      },
      "ResponseBody": {
        "status": "InProgress",
        "error": {
          "code": "None",
          "message": null
        }
      }
    },
    {
      "RequestUri": "https://management.azure.com/subscriptions/f3d94233-a9aa-4241-ac82-2dfb63ce637a/resourcegroups/testRg-6347/providers/Microsoft.Cdn/operationresults/42ad2dd7-19b6-493e-838e-d6476dbbae21?api-version=2020-09-01",
      "RequestMethod": "GET",
      "RequestHeaders": {
        "Authorization": "Sanitized",
        "User-Agent": [
          "azsdk-net-ResourceManager/1.0.0-beta.3",
          "(.NET 5.0.10; Microsoft Windows 10.0.19043)"
        ],
        "x-ms-client-request-id": "1db36cb26d52de84d4188a0c5c87ad4f",
        "x-ms-return-client-request-id": "true"
      },
      "RequestBody": null,
      "StatusCode": 200,
      "ResponseHeaders": {
        "Cache-Control": "no-cache",
        "Content-Length": "62",
        "Content-Type": "application/json; charset=utf-8",
        "Date": "Mon, 27 Sep 2021 03:14:32 GMT",
        "Expires": "-1",
        "Pragma": "no-cache",
        "Server": "Kestrel",
        "Strict-Transport-Security": "max-age=31536000; includeSubDomains",
        "X-Content-Type-Options": "nosniff",
        "x-ms-client-request-id": "1db36cb26d52de84d4188a0c5c87ad4f",
        "x-ms-correlation-request-id": "d504d6ac-c88e-4096-872c-32bee3b5bd79",
        "x-ms-ratelimit-remaining-subscription-reads": "11887",
        "x-ms-request-id": "1f9e733d-2304-42c3-8605-6bed08f078ec",
        "x-ms-routing-request-id": "SOUTHEASTASIA:20210927T031432Z:d504d6ac-c88e-4096-872c-32bee3b5bd79"
      },
      "ResponseBody": {
        "status": "InProgress",
        "error": {
          "code": "None",
          "message": null
        }
      }
    },
    {
      "RequestUri": "https://management.azure.com/subscriptions/f3d94233-a9aa-4241-ac82-2dfb63ce637a/resourcegroups/testRg-6347/providers/Microsoft.Cdn/operationresults/42ad2dd7-19b6-493e-838e-d6476dbbae21?api-version=2020-09-01",
      "RequestMethod": "GET",
      "RequestHeaders": {
        "Authorization": "Sanitized",
        "User-Agent": [
          "azsdk-net-ResourceManager/1.0.0-beta.3",
          "(.NET 5.0.10; Microsoft Windows 10.0.19043)"
        ],
        "x-ms-client-request-id": "e21156963f4ed6404699e0e4244ecad3",
        "x-ms-return-client-request-id": "true"
      },
      "RequestBody": null,
      "StatusCode": 200,
      "ResponseHeaders": {
        "Cache-Control": "no-cache",
        "Content-Length": "62",
        "Content-Type": "application/json; charset=utf-8",
        "Date": "Mon, 27 Sep 2021 03:14:32 GMT",
        "Expires": "-1",
        "Pragma": "no-cache",
        "Server": "Kestrel",
        "Strict-Transport-Security": "max-age=31536000; includeSubDomains",
        "X-Content-Type-Options": "nosniff",
        "x-ms-client-request-id": "e21156963f4ed6404699e0e4244ecad3",
        "x-ms-correlation-request-id": "d0c8092b-22bb-4eb4-a58b-b1fc12f5ad07",
        "x-ms-ratelimit-remaining-subscription-reads": "11886",
        "x-ms-request-id": "910fc6a2-9c19-486e-a2b9-72c12d193ecc",
        "x-ms-routing-request-id": "SOUTHEASTASIA:20210927T031432Z:d0c8092b-22bb-4eb4-a58b-b1fc12f5ad07"
      },
      "ResponseBody": {
        "status": "InProgress",
        "error": {
          "code": "None",
          "message": null
        }
      }
    },
    {
      "RequestUri": "https://management.azure.com/subscriptions/f3d94233-a9aa-4241-ac82-2dfb63ce637a/resourcegroups/testRg-6347/providers/Microsoft.Cdn/operationresults/42ad2dd7-19b6-493e-838e-d6476dbbae21?api-version=2020-09-01",
      "RequestMethod": "GET",
      "RequestHeaders": {
        "Authorization": "Sanitized",
        "User-Agent": [
          "azsdk-net-ResourceManager/1.0.0-beta.3",
          "(.NET 5.0.10; Microsoft Windows 10.0.19043)"
        ],
        "x-ms-client-request-id": "de282c9ef17ac0f39a43042cf8ea989b",
        "x-ms-return-client-request-id": "true"
      },
      "RequestBody": null,
      "StatusCode": 200,
      "ResponseHeaders": {
        "Cache-Control": "no-cache",
        "Content-Length": "62",
        "Content-Type": "application/json; charset=utf-8",
        "Date": "Mon, 27 Sep 2021 03:14:32 GMT",
        "Expires": "-1",
        "Pragma": "no-cache",
        "Server": "Kestrel",
        "Strict-Transport-Security": "max-age=31536000; includeSubDomains",
        "X-Content-Type-Options": "nosniff",
        "x-ms-client-request-id": "de282c9ef17ac0f39a43042cf8ea989b",
        "x-ms-correlation-request-id": "b6e97afc-5a71-46e6-a232-688b4edb4d1e",
        "x-ms-ratelimit-remaining-subscription-reads": "11885",
        "x-ms-request-id": "0b8b8ece-c21a-4527-aaec-c406f334af59",
        "x-ms-routing-request-id": "SOUTHEASTASIA:20210927T031432Z:b6e97afc-5a71-46e6-a232-688b4edb4d1e"
      },
      "ResponseBody": {
        "status": "InProgress",
        "error": {
          "code": "None",
          "message": null
        }
      }
    },
    {
      "RequestUri": "https://management.azure.com/subscriptions/f3d94233-a9aa-4241-ac82-2dfb63ce637a/resourcegroups/testRg-6347/providers/Microsoft.Cdn/operationresults/42ad2dd7-19b6-493e-838e-d6476dbbae21?api-version=2020-09-01",
      "RequestMethod": "GET",
      "RequestHeaders": {
        "Authorization": "Sanitized",
        "User-Agent": [
          "azsdk-net-ResourceManager/1.0.0-beta.3",
          "(.NET 5.0.10; Microsoft Windows 10.0.19043)"
        ],
        "x-ms-client-request-id": "40ab9288426c73652cdcd6b88da0ba86",
        "x-ms-return-client-request-id": "true"
      },
      "RequestBody": null,
      "StatusCode": 200,
      "ResponseHeaders": {
        "Cache-Control": "no-cache",
        "Content-Length": "62",
        "Content-Type": "application/json; charset=utf-8",
        "Date": "Mon, 27 Sep 2021 03:14:32 GMT",
        "Expires": "-1",
        "Pragma": "no-cache",
        "Server": "Kestrel",
        "Strict-Transport-Security": "max-age=31536000; includeSubDomains",
        "X-Content-Type-Options": "nosniff",
        "x-ms-client-request-id": "40ab9288426c73652cdcd6b88da0ba86",
        "x-ms-correlation-request-id": "20c30fd9-306c-4a2c-83d4-52da52a2f761",
        "x-ms-ratelimit-remaining-subscription-reads": "11884",
        "x-ms-request-id": "4310253e-743c-47b5-8208-625d99ddd24b",
        "x-ms-routing-request-id": "SOUTHEASTASIA:20210927T031433Z:20c30fd9-306c-4a2c-83d4-52da52a2f761"
      },
      "ResponseBody": {
        "status": "InProgress",
        "error": {
          "code": "None",
          "message": null
        }
      }
    },
    {
      "RequestUri": "https://management.azure.com/subscriptions/f3d94233-a9aa-4241-ac82-2dfb63ce637a/resourcegroups/testRg-6347/providers/Microsoft.Cdn/operationresults/42ad2dd7-19b6-493e-838e-d6476dbbae21?api-version=2020-09-01",
      "RequestMethod": "GET",
      "RequestHeaders": {
        "Authorization": "Sanitized",
        "User-Agent": [
          "azsdk-net-ResourceManager/1.0.0-beta.3",
          "(.NET 5.0.10; Microsoft Windows 10.0.19043)"
        ],
        "x-ms-client-request-id": "306eb74ecf5fa5d46251470a3b13de5b",
        "x-ms-return-client-request-id": "true"
      },
      "RequestBody": null,
      "StatusCode": 200,
      "ResponseHeaders": {
        "Cache-Control": "no-cache",
        "Content-Length": "62",
        "Content-Type": "application/json; charset=utf-8",
        "Date": "Mon, 27 Sep 2021 03:14:33 GMT",
        "Expires": "-1",
        "Pragma": "no-cache",
        "Server": "Kestrel",
        "Strict-Transport-Security": "max-age=31536000; includeSubDomains",
        "X-Content-Type-Options": "nosniff",
        "x-ms-client-request-id": "306eb74ecf5fa5d46251470a3b13de5b",
        "x-ms-correlation-request-id": "831998e8-db2f-484f-a115-cb7fc9cc0bce",
        "x-ms-ratelimit-remaining-subscription-reads": "11883",
        "x-ms-request-id": "baa54886-5091-4425-9c26-c49736f1459f",
        "x-ms-routing-request-id": "SOUTHEASTASIA:20210927T031433Z:831998e8-db2f-484f-a115-cb7fc9cc0bce"
      },
      "ResponseBody": {
        "status": "InProgress",
        "error": {
          "code": "None",
          "message": null
        }
      }
    },
    {
      "RequestUri": "https://management.azure.com/subscriptions/f3d94233-a9aa-4241-ac82-2dfb63ce637a/resourcegroups/testRg-6347/providers/Microsoft.Cdn/operationresults/42ad2dd7-19b6-493e-838e-d6476dbbae21?api-version=2020-09-01",
      "RequestMethod": "GET",
      "RequestHeaders": {
        "Authorization": "Sanitized",
        "User-Agent": [
          "azsdk-net-ResourceManager/1.0.0-beta.3",
          "(.NET 5.0.10; Microsoft Windows 10.0.19043)"
        ],
        "x-ms-client-request-id": "925c44018aa35b66c6b5b29e1a3b33fa",
        "x-ms-return-client-request-id": "true"
      },
      "RequestBody": null,
      "StatusCode": 200,
      "ResponseHeaders": {
        "Cache-Control": "no-cache",
        "Content-Length": "62",
        "Content-Type": "application/json; charset=utf-8",
        "Date": "Mon, 27 Sep 2021 03:14:33 GMT",
        "Expires": "-1",
        "Pragma": "no-cache",
        "Server": "Kestrel",
        "Strict-Transport-Security": "max-age=31536000; includeSubDomains",
        "X-Content-Type-Options": "nosniff",
        "x-ms-client-request-id": "925c44018aa35b66c6b5b29e1a3b33fa",
        "x-ms-correlation-request-id": "e23337f1-3714-4b20-8180-c61b4707ac97",
        "x-ms-ratelimit-remaining-subscription-reads": "11882",
        "x-ms-request-id": "c7868a49-6df0-4285-97c9-58bcec1f1565",
        "x-ms-routing-request-id": "SOUTHEASTASIA:20210927T031433Z:e23337f1-3714-4b20-8180-c61b4707ac97"
      },
      "ResponseBody": {
        "status": "InProgress",
        "error": {
          "code": "None",
          "message": null
        }
      }
    },
    {
      "RequestUri": "https://management.azure.com/subscriptions/f3d94233-a9aa-4241-ac82-2dfb63ce637a/resourcegroups/testRg-6347/providers/Microsoft.Cdn/operationresults/42ad2dd7-19b6-493e-838e-d6476dbbae21?api-version=2020-09-01",
      "RequestMethod": "GET",
      "RequestHeaders": {
        "Authorization": "Sanitized",
        "User-Agent": [
          "azsdk-net-ResourceManager/1.0.0-beta.3",
          "(.NET 5.0.10; Microsoft Windows 10.0.19043)"
        ],
        "x-ms-client-request-id": "41de7e89677cb83cbd06dd1bfb5a3818",
        "x-ms-return-client-request-id": "true"
      },
      "RequestBody": null,
      "StatusCode": 200,
      "ResponseHeaders": {
        "Cache-Control": "no-cache",
        "Content-Length": "62",
        "Content-Type": "application/json; charset=utf-8",
        "Date": "Mon, 27 Sep 2021 03:14:33 GMT",
        "Expires": "-1",
        "Pragma": "no-cache",
        "Server": "Kestrel",
        "Strict-Transport-Security": "max-age=31536000; includeSubDomains",
        "X-Content-Type-Options": "nosniff",
        "x-ms-client-request-id": "41de7e89677cb83cbd06dd1bfb5a3818",
        "x-ms-correlation-request-id": "12f88495-4015-4e97-a220-26dd84bab5df",
        "x-ms-ratelimit-remaining-subscription-reads": "11881",
        "x-ms-request-id": "51b10ae0-b0b4-4985-a684-da678516994e",
        "x-ms-routing-request-id": "SOUTHEASTASIA:20210927T031434Z:12f88495-4015-4e97-a220-26dd84bab5df"
      },
      "ResponseBody": {
        "status": "InProgress",
        "error": {
          "code": "None",
          "message": null
        }
      }
    },
    {
      "RequestUri": "https://management.azure.com/subscriptions/f3d94233-a9aa-4241-ac82-2dfb63ce637a/resourcegroups/testRg-6347/providers/Microsoft.Cdn/operationresults/42ad2dd7-19b6-493e-838e-d6476dbbae21?api-version=2020-09-01",
      "RequestMethod": "GET",
      "RequestHeaders": {
        "Authorization": "Sanitized",
        "User-Agent": [
          "azsdk-net-ResourceManager/1.0.0-beta.3",
          "(.NET 5.0.10; Microsoft Windows 10.0.19043)"
        ],
        "x-ms-client-request-id": "49b67afe2743c3e2501269aa1d368a27",
        "x-ms-return-client-request-id": "true"
      },
      "RequestBody": null,
      "StatusCode": 200,
      "ResponseHeaders": {
        "Cache-Control": "no-cache",
        "Content-Length": "62",
        "Content-Type": "application/json; charset=utf-8",
        "Date": "Mon, 27 Sep 2021 03:14:34 GMT",
        "Expires": "-1",
        "Pragma": "no-cache",
        "Server": "Kestrel",
        "Strict-Transport-Security": "max-age=31536000; includeSubDomains",
        "X-Content-Type-Options": "nosniff",
        "x-ms-client-request-id": "49b67afe2743c3e2501269aa1d368a27",
        "x-ms-correlation-request-id": "31cb3175-c48d-4134-8222-7a37c8c91a8a",
        "x-ms-ratelimit-remaining-subscription-reads": "11880",
        "x-ms-request-id": "35f0ef94-8fea-4e7b-95e4-a54bf5ad7611",
        "x-ms-routing-request-id": "SOUTHEASTASIA:20210927T031434Z:31cb3175-c48d-4134-8222-7a37c8c91a8a"
      },
      "ResponseBody": {
        "status": "InProgress",
        "error": {
          "code": "None",
          "message": null
        }
      }
    },
    {
      "RequestUri": "https://management.azure.com/subscriptions/f3d94233-a9aa-4241-ac82-2dfb63ce637a/resourcegroups/testRg-6347/providers/Microsoft.Cdn/operationresults/42ad2dd7-19b6-493e-838e-d6476dbbae21?api-version=2020-09-01",
      "RequestMethod": "GET",
      "RequestHeaders": {
        "Authorization": "Sanitized",
        "User-Agent": [
          "azsdk-net-ResourceManager/1.0.0-beta.3",
          "(.NET 5.0.10; Microsoft Windows 10.0.19043)"
        ],
        "x-ms-client-request-id": "bd814c1d9d3599df07a4d49dac4b606c",
        "x-ms-return-client-request-id": "true"
      },
      "RequestBody": null,
      "StatusCode": 200,
      "ResponseHeaders": {
        "Cache-Control": "no-cache",
        "Content-Length": "62",
        "Content-Type": "application/json; charset=utf-8",
        "Date": "Mon, 27 Sep 2021 03:14:34 GMT",
        "Expires": "-1",
        "Pragma": "no-cache",
        "Server": "Kestrel",
        "Strict-Transport-Security": "max-age=31536000; includeSubDomains",
        "X-Content-Type-Options": "nosniff",
        "x-ms-client-request-id": "bd814c1d9d3599df07a4d49dac4b606c",
        "x-ms-correlation-request-id": "ea4abb5e-f32d-4b8e-9f55-92c01fb5661d",
        "x-ms-ratelimit-remaining-subscription-reads": "11879",
        "x-ms-request-id": "f5fd676f-0fd4-46ae-904f-065a8f67d514",
        "x-ms-routing-request-id": "SOUTHEASTASIA:20210927T031434Z:ea4abb5e-f32d-4b8e-9f55-92c01fb5661d"
      },
      "ResponseBody": {
        "status": "InProgress",
        "error": {
          "code": "None",
          "message": null
        }
      }
    },
    {
      "RequestUri": "https://management.azure.com/subscriptions/f3d94233-a9aa-4241-ac82-2dfb63ce637a/resourcegroups/testRg-6347/providers/Microsoft.Cdn/operationresults/42ad2dd7-19b6-493e-838e-d6476dbbae21?api-version=2020-09-01",
      "RequestMethod": "GET",
      "RequestHeaders": {
        "Authorization": "Sanitized",
        "User-Agent": [
          "azsdk-net-ResourceManager/1.0.0-beta.3",
          "(.NET 5.0.10; Microsoft Windows 10.0.19043)"
        ],
        "x-ms-client-request-id": "9fa0997dea8461b79b1af169fe929a86",
        "x-ms-return-client-request-id": "true"
      },
      "RequestBody": null,
      "StatusCode": 200,
      "ResponseHeaders": {
        "Cache-Control": "no-cache",
        "Content-Length": "62",
        "Content-Type": "application/json; charset=utf-8",
        "Date": "Mon, 27 Sep 2021 03:14:34 GMT",
        "Expires": "-1",
        "Pragma": "no-cache",
        "Server": "Kestrel",
        "Strict-Transport-Security": "max-age=31536000; includeSubDomains",
        "X-Content-Type-Options": "nosniff",
        "x-ms-client-request-id": "9fa0997dea8461b79b1af169fe929a86",
        "x-ms-correlation-request-id": "e559738a-a48d-4a2d-8cde-d6e73b859ba4",
        "x-ms-ratelimit-remaining-subscription-reads": "11878",
        "x-ms-request-id": "b76ed46e-cc65-4716-a406-1b115233bf44",
        "x-ms-routing-request-id": "SOUTHEASTASIA:20210927T031434Z:e559738a-a48d-4a2d-8cde-d6e73b859ba4"
      },
      "ResponseBody": {
        "status": "InProgress",
        "error": {
          "code": "None",
          "message": null
        }
      }
    },
    {
      "RequestUri": "https://management.azure.com/subscriptions/f3d94233-a9aa-4241-ac82-2dfb63ce637a/resourcegroups/testRg-6347/providers/Microsoft.Cdn/operationresults/42ad2dd7-19b6-493e-838e-d6476dbbae21?api-version=2020-09-01",
      "RequestMethod": "GET",
      "RequestHeaders": {
        "Authorization": "Sanitized",
        "User-Agent": [
          "azsdk-net-ResourceManager/1.0.0-beta.3",
          "(.NET 5.0.10; Microsoft Windows 10.0.19043)"
        ],
        "x-ms-client-request-id": "aefdb67b7ad860e29b1d419f53451604",
        "x-ms-return-client-request-id": "true"
      },
      "RequestBody": null,
      "StatusCode": 200,
      "ResponseHeaders": {
        "Cache-Control": "no-cache",
        "Content-Length": "62",
        "Content-Type": "application/json; charset=utf-8",
        "Date": "Mon, 27 Sep 2021 03:14:35 GMT",
        "Expires": "-1",
        "Pragma": "no-cache",
        "Server": "Kestrel",
        "Strict-Transport-Security": "max-age=31536000; includeSubDomains",
        "X-Content-Type-Options": "nosniff",
        "x-ms-client-request-id": "aefdb67b7ad860e29b1d419f53451604",
        "x-ms-correlation-request-id": "e4644ed1-f3a6-43af-8727-89258187a114",
        "x-ms-ratelimit-remaining-subscription-reads": "11877",
        "x-ms-request-id": "35a9c883-e15d-4a20-94d1-97fd91741d12",
        "x-ms-routing-request-id": "SOUTHEASTASIA:20210927T031435Z:e4644ed1-f3a6-43af-8727-89258187a114"
      },
      "ResponseBody": {
        "status": "InProgress",
        "error": {
          "code": "None",
          "message": null
        }
      }
    },
    {
      "RequestUri": "https://management.azure.com/subscriptions/f3d94233-a9aa-4241-ac82-2dfb63ce637a/resourcegroups/testRg-6347/providers/Microsoft.Cdn/operationresults/42ad2dd7-19b6-493e-838e-d6476dbbae21?api-version=2020-09-01",
      "RequestMethod": "GET",
      "RequestHeaders": {
        "Authorization": "Sanitized",
        "User-Agent": [
          "azsdk-net-ResourceManager/1.0.0-beta.3",
          "(.NET 5.0.10; Microsoft Windows 10.0.19043)"
        ],
        "x-ms-client-request-id": "832cfdb2eb9633a29520211aac759b75",
        "x-ms-return-client-request-id": "true"
      },
      "RequestBody": null,
      "StatusCode": 200,
      "ResponseHeaders": {
        "Cache-Control": "no-cache",
        "Content-Length": "62",
        "Content-Type": "application/json; charset=utf-8",
        "Date": "Mon, 27 Sep 2021 03:14:35 GMT",
        "Expires": "-1",
        "Pragma": "no-cache",
        "Server": "Kestrel",
        "Strict-Transport-Security": "max-age=31536000; includeSubDomains",
        "X-Content-Type-Options": "nosniff",
        "x-ms-client-request-id": "832cfdb2eb9633a29520211aac759b75",
        "x-ms-correlation-request-id": "d3c28af5-e71c-4b25-acad-11435092d8c7",
        "x-ms-ratelimit-remaining-subscription-reads": "11876",
        "x-ms-request-id": "8ff86bd5-48bf-4841-9731-b4fa9f461ea4",
        "x-ms-routing-request-id": "SOUTHEASTASIA:20210927T031435Z:d3c28af5-e71c-4b25-acad-11435092d8c7"
      },
      "ResponseBody": {
        "status": "InProgress",
        "error": {
          "code": "None",
          "message": null
        }
      }
    },
    {
      "RequestUri": "https://management.azure.com/subscriptions/f3d94233-a9aa-4241-ac82-2dfb63ce637a/resourcegroups/testRg-6347/providers/Microsoft.Cdn/operationresults/42ad2dd7-19b6-493e-838e-d6476dbbae21?api-version=2020-09-01",
      "RequestMethod": "GET",
      "RequestHeaders": {
        "Authorization": "Sanitized",
        "User-Agent": [
          "azsdk-net-ResourceManager/1.0.0-beta.3",
          "(.NET 5.0.10; Microsoft Windows 10.0.19043)"
        ],
        "x-ms-client-request-id": "f6214d09b14d0293b73f0367a8180e56",
        "x-ms-return-client-request-id": "true"
      },
      "RequestBody": null,
      "StatusCode": 200,
      "ResponseHeaders": {
        "Cache-Control": "no-cache",
        "Content-Length": "62",
        "Content-Type": "application/json; charset=utf-8",
        "Date": "Mon, 27 Sep 2021 03:14:35 GMT",
        "Expires": "-1",
        "Pragma": "no-cache",
        "Server": "Kestrel",
        "Strict-Transport-Security": "max-age=31536000; includeSubDomains",
        "X-Content-Type-Options": "nosniff",
        "x-ms-client-request-id": "f6214d09b14d0293b73f0367a8180e56",
        "x-ms-correlation-request-id": "f6b6db1a-b418-4b65-b74b-f712ae048220",
        "x-ms-ratelimit-remaining-subscription-reads": "11875",
        "x-ms-request-id": "2aa15859-0fdb-45f6-8962-bda0ea2ea535",
        "x-ms-routing-request-id": "SOUTHEASTASIA:20210927T031435Z:f6b6db1a-b418-4b65-b74b-f712ae048220"
      },
      "ResponseBody": {
        "status": "InProgress",
        "error": {
          "code": "None",
          "message": null
        }
      }
    },
    {
      "RequestUri": "https://management.azure.com/subscriptions/f3d94233-a9aa-4241-ac82-2dfb63ce637a/resourcegroups/testRg-6347/providers/Microsoft.Cdn/operationresults/42ad2dd7-19b6-493e-838e-d6476dbbae21?api-version=2020-09-01",
      "RequestMethod": "GET",
      "RequestHeaders": {
        "Authorization": "Sanitized",
        "User-Agent": [
          "azsdk-net-ResourceManager/1.0.0-beta.3",
          "(.NET 5.0.10; Microsoft Windows 10.0.19043)"
        ],
        "x-ms-client-request-id": "00b7ec0417658ff013ca19b859c7b425",
        "x-ms-return-client-request-id": "true"
      },
      "RequestBody": null,
      "StatusCode": 200,
      "ResponseHeaders": {
        "Cache-Control": "no-cache",
        "Content-Length": "62",
        "Content-Type": "application/json; charset=utf-8",
        "Date": "Mon, 27 Sep 2021 03:14:36 GMT",
        "Expires": "-1",
        "Pragma": "no-cache",
        "Server": "Kestrel",
        "Strict-Transport-Security": "max-age=31536000; includeSubDomains",
        "X-Content-Type-Options": "nosniff",
        "x-ms-client-request-id": "00b7ec0417658ff013ca19b859c7b425",
        "x-ms-correlation-request-id": "ab34a099-e5b0-413c-b1b3-7cf0d79e12b6",
        "x-ms-ratelimit-remaining-subscription-reads": "11874",
        "x-ms-request-id": "0f401670-9d02-421d-acb4-b5aa09365293",
        "x-ms-routing-request-id": "SOUTHEASTASIA:20210927T031436Z:ab34a099-e5b0-413c-b1b3-7cf0d79e12b6"
      },
      "ResponseBody": {
        "status": "InProgress",
        "error": {
          "code": "None",
          "message": null
        }
      }
    },
    {
      "RequestUri": "https://management.azure.com/subscriptions/f3d94233-a9aa-4241-ac82-2dfb63ce637a/resourcegroups/testRg-6347/providers/Microsoft.Cdn/operationresults/42ad2dd7-19b6-493e-838e-d6476dbbae21?api-version=2020-09-01",
      "RequestMethod": "GET",
      "RequestHeaders": {
        "Authorization": "Sanitized",
        "User-Agent": [
          "azsdk-net-ResourceManager/1.0.0-beta.3",
          "(.NET 5.0.10; Microsoft Windows 10.0.19043)"
        ],
        "x-ms-client-request-id": "0596cc811f2301b76a2acc56e73a8a7d",
        "x-ms-return-client-request-id": "true"
      },
      "RequestBody": null,
      "StatusCode": 200,
      "ResponseHeaders": {
        "Cache-Control": "no-cache",
        "Content-Length": "62",
        "Content-Type": "application/json; charset=utf-8",
        "Date": "Mon, 27 Sep 2021 03:14:36 GMT",
        "Expires": "-1",
        "Pragma": "no-cache",
        "Server": "Kestrel",
        "Strict-Transport-Security": "max-age=31536000; includeSubDomains",
        "X-Content-Type-Options": "nosniff",
        "x-ms-client-request-id": "0596cc811f2301b76a2acc56e73a8a7d",
        "x-ms-correlation-request-id": "319787b0-be87-4c50-a361-80f06580de75",
        "x-ms-ratelimit-remaining-subscription-reads": "11873",
        "x-ms-request-id": "100a5e5e-f8cf-49a5-88f1-781221ee3a02",
        "x-ms-routing-request-id": "SOUTHEASTASIA:20210927T031436Z:319787b0-be87-4c50-a361-80f06580de75"
      },
      "ResponseBody": {
        "status": "InProgress",
        "error": {
          "code": "None",
          "message": null
        }
      }
    },
    {
      "RequestUri": "https://management.azure.com/subscriptions/f3d94233-a9aa-4241-ac82-2dfb63ce637a/resourcegroups/testRg-6347/providers/Microsoft.Cdn/operationresults/42ad2dd7-19b6-493e-838e-d6476dbbae21?api-version=2020-09-01",
      "RequestMethod": "GET",
      "RequestHeaders": {
        "Authorization": "Sanitized",
        "User-Agent": [
          "azsdk-net-ResourceManager/1.0.0-beta.3",
          "(.NET 5.0.10; Microsoft Windows 10.0.19043)"
        ],
        "x-ms-client-request-id": "bf16cb129bbef10f5d91e28397dba9ef",
        "x-ms-return-client-request-id": "true"
      },
      "RequestBody": null,
      "StatusCode": 200,
      "ResponseHeaders": {
        "Cache-Control": "no-cache",
        "Content-Length": "62",
        "Content-Type": "application/json; charset=utf-8",
        "Date": "Mon, 27 Sep 2021 03:14:36 GMT",
        "Expires": "-1",
        "Pragma": "no-cache",
        "Server": "Kestrel",
        "Strict-Transport-Security": "max-age=31536000; includeSubDomains",
        "X-Content-Type-Options": "nosniff",
        "x-ms-client-request-id": "bf16cb129bbef10f5d91e28397dba9ef",
        "x-ms-correlation-request-id": "1f8a378d-8474-421c-b346-665382b0be71",
        "x-ms-ratelimit-remaining-subscription-reads": "11872",
        "x-ms-request-id": "9a183a0f-f8d4-48cc-b416-73dd901467c4",
        "x-ms-routing-request-id": "SOUTHEASTASIA:20210927T031436Z:1f8a378d-8474-421c-b346-665382b0be71"
      },
      "ResponseBody": {
        "status": "InProgress",
        "error": {
          "code": "None",
          "message": null
        }
      }
    },
    {
      "RequestUri": "https://management.azure.com/subscriptions/f3d94233-a9aa-4241-ac82-2dfb63ce637a/resourcegroups/testRg-6347/providers/Microsoft.Cdn/operationresults/42ad2dd7-19b6-493e-838e-d6476dbbae21?api-version=2020-09-01",
      "RequestMethod": "GET",
      "RequestHeaders": {
        "Authorization": "Sanitized",
        "User-Agent": [
          "azsdk-net-ResourceManager/1.0.0-beta.3",
          "(.NET 5.0.10; Microsoft Windows 10.0.19043)"
        ],
        "x-ms-client-request-id": "dce5de8a0882e43234b5953a4b99a8d9",
        "x-ms-return-client-request-id": "true"
      },
      "RequestBody": null,
      "StatusCode": 200,
      "ResponseHeaders": {
        "Cache-Control": "no-cache",
        "Content-Length": "62",
        "Content-Type": "application/json; charset=utf-8",
        "Date": "Mon, 27 Sep 2021 03:14:37 GMT",
        "Expires": "-1",
        "Pragma": "no-cache",
        "Server": "Kestrel",
        "Strict-Transport-Security": "max-age=31536000; includeSubDomains",
        "X-Content-Type-Options": "nosniff",
        "x-ms-client-request-id": "dce5de8a0882e43234b5953a4b99a8d9",
        "x-ms-correlation-request-id": "0eaac0b1-dd1b-43db-bd19-7c17594b2941",
        "x-ms-ratelimit-remaining-subscription-reads": "11871",
        "x-ms-request-id": "12a14b15-0a93-44b3-a3af-8d90602f9e99",
        "x-ms-routing-request-id": "SOUTHEASTASIA:20210927T031437Z:0eaac0b1-dd1b-43db-bd19-7c17594b2941"
      },
      "ResponseBody": {
        "status": "InProgress",
        "error": {
          "code": "None",
          "message": null
        }
      }
    },
    {
      "RequestUri": "https://management.azure.com/subscriptions/f3d94233-a9aa-4241-ac82-2dfb63ce637a/resourcegroups/testRg-6347/providers/Microsoft.Cdn/operationresults/42ad2dd7-19b6-493e-838e-d6476dbbae21?api-version=2020-09-01",
      "RequestMethod": "GET",
      "RequestHeaders": {
        "Authorization": "Sanitized",
        "User-Agent": [
          "azsdk-net-ResourceManager/1.0.0-beta.3",
          "(.NET 5.0.10; Microsoft Windows 10.0.19043)"
        ],
        "x-ms-client-request-id": "8da59c3ff4b1e667bca4a8913d336a8f",
        "x-ms-return-client-request-id": "true"
      },
      "RequestBody": null,
      "StatusCode": 200,
      "ResponseHeaders": {
        "Cache-Control": "no-cache",
        "Content-Length": "62",
        "Content-Type": "application/json; charset=utf-8",
        "Date": "Mon, 27 Sep 2021 03:14:38 GMT",
        "Expires": "-1",
        "Pragma": "no-cache",
        "Server": "Kestrel",
        "Strict-Transport-Security": "max-age=31536000; includeSubDomains",
        "X-Content-Type-Options": "nosniff",
        "x-ms-client-request-id": "8da59c3ff4b1e667bca4a8913d336a8f",
        "x-ms-correlation-request-id": "afc5328f-6a56-4668-acda-a4f3849fa059",
        "x-ms-ratelimit-remaining-subscription-reads": "11870",
        "x-ms-request-id": "88bc54e0-c718-4731-b649-d3828c6edffc",
        "x-ms-routing-request-id": "SOUTHEASTASIA:20210927T031438Z:afc5328f-6a56-4668-acda-a4f3849fa059"
      },
      "ResponseBody": {
        "status": "InProgress",
        "error": {
          "code": "None",
          "message": null
        }
      }
    },
    {
      "RequestUri": "https://management.azure.com/subscriptions/f3d94233-a9aa-4241-ac82-2dfb63ce637a/resourcegroups/testRg-6347/providers/Microsoft.Cdn/operationresults/42ad2dd7-19b6-493e-838e-d6476dbbae21?api-version=2020-09-01",
      "RequestMethod": "GET",
      "RequestHeaders": {
        "Authorization": "Sanitized",
        "User-Agent": [
          "azsdk-net-ResourceManager/1.0.0-beta.3",
          "(.NET 5.0.10; Microsoft Windows 10.0.19043)"
        ],
        "x-ms-client-request-id": "09ccdc81ae5409fa98318b0905d4a6c3",
        "x-ms-return-client-request-id": "true"
      },
      "RequestBody": null,
      "StatusCode": 200,
      "ResponseHeaders": {
        "Cache-Control": "no-cache",
        "Content-Length": "62",
        "Content-Type": "application/json; charset=utf-8",
        "Date": "Mon, 27 Sep 2021 03:14:38 GMT",
        "Expires": "-1",
        "Pragma": "no-cache",
        "Server": "Kestrel",
        "Strict-Transport-Security": "max-age=31536000; includeSubDomains",
        "X-Content-Type-Options": "nosniff",
        "x-ms-client-request-id": "09ccdc81ae5409fa98318b0905d4a6c3",
        "x-ms-correlation-request-id": "a8d78b55-e042-4dcb-a8c4-466b0fdd82d4",
        "x-ms-ratelimit-remaining-subscription-reads": "11869",
        "x-ms-request-id": "1ebefbfb-5edf-48d9-9754-ec93f1b65319",
        "x-ms-routing-request-id": "SOUTHEASTASIA:20210927T031438Z:a8d78b55-e042-4dcb-a8c4-466b0fdd82d4"
      },
      "ResponseBody": {
        "status": "InProgress",
        "error": {
          "code": "None",
          "message": null
        }
      }
    },
    {
      "RequestUri": "https://management.azure.com/subscriptions/f3d94233-a9aa-4241-ac82-2dfb63ce637a/resourcegroups/testRg-6347/providers/Microsoft.Cdn/operationresults/42ad2dd7-19b6-493e-838e-d6476dbbae21?api-version=2020-09-01",
      "RequestMethod": "GET",
      "RequestHeaders": {
        "Authorization": "Sanitized",
        "User-Agent": [
          "azsdk-net-ResourceManager/1.0.0-beta.3",
          "(.NET 5.0.10; Microsoft Windows 10.0.19043)"
        ],
        "x-ms-client-request-id": "fa4409e91b35953e76ff20de60a0a700",
        "x-ms-return-client-request-id": "true"
      },
      "RequestBody": null,
      "StatusCode": 200,
      "ResponseHeaders": {
        "Cache-Control": "no-cache",
        "Content-Length": "62",
        "Content-Type": "application/json; charset=utf-8",
        "Date": "Mon, 27 Sep 2021 03:14:38 GMT",
        "Expires": "-1",
        "Pragma": "no-cache",
        "Server": "Kestrel",
        "Strict-Transport-Security": "max-age=31536000; includeSubDomains",
        "X-Content-Type-Options": "nosniff",
        "x-ms-client-request-id": "fa4409e91b35953e76ff20de60a0a700",
        "x-ms-correlation-request-id": "2befb79b-765f-4d05-a62e-04f6bd94cc03",
        "x-ms-ratelimit-remaining-subscription-reads": "11868",
        "x-ms-request-id": "85af4162-67a2-449e-9b47-11db12127dbc",
        "x-ms-routing-request-id": "SOUTHEASTASIA:20210927T031438Z:2befb79b-765f-4d05-a62e-04f6bd94cc03"
      },
      "ResponseBody": {
        "status": "InProgress",
        "error": {
          "code": "None",
          "message": null
        }
      }
    },
    {
      "RequestUri": "https://management.azure.com/subscriptions/f3d94233-a9aa-4241-ac82-2dfb63ce637a/resourcegroups/testRg-6347/providers/Microsoft.Cdn/operationresults/42ad2dd7-19b6-493e-838e-d6476dbbae21?api-version=2020-09-01",
      "RequestMethod": "GET",
      "RequestHeaders": {
        "Authorization": "Sanitized",
        "User-Agent": [
          "azsdk-net-ResourceManager/1.0.0-beta.3",
          "(.NET 5.0.10; Microsoft Windows 10.0.19043)"
        ],
        "x-ms-client-request-id": "6eb9064b9ecd9184a19bf47f695de1e7",
        "x-ms-return-client-request-id": "true"
      },
      "RequestBody": null,
      "StatusCode": 200,
      "ResponseHeaders": {
        "Cache-Control": "no-cache",
        "Content-Length": "62",
        "Content-Type": "application/json; charset=utf-8",
        "Date": "Mon, 27 Sep 2021 03:14:38 GMT",
        "Expires": "-1",
        "Pragma": "no-cache",
        "Server": "Kestrel",
        "Strict-Transport-Security": "max-age=31536000; includeSubDomains",
        "X-Content-Type-Options": "nosniff",
        "x-ms-client-request-id": "6eb9064b9ecd9184a19bf47f695de1e7",
        "x-ms-correlation-request-id": "29a9f74c-ecf1-4042-a1fb-84426f360b6c",
        "x-ms-ratelimit-remaining-subscription-reads": "11867",
        "x-ms-request-id": "a2c99b31-9d52-4281-a60d-70eff099778c",
        "x-ms-routing-request-id": "SOUTHEASTASIA:20210927T031439Z:29a9f74c-ecf1-4042-a1fb-84426f360b6c"
      },
      "ResponseBody": {
        "status": "InProgress",
        "error": {
          "code": "None",
          "message": null
        }
      }
    },
    {
      "RequestUri": "https://management.azure.com/subscriptions/f3d94233-a9aa-4241-ac82-2dfb63ce637a/resourcegroups/testRg-6347/providers/Microsoft.Cdn/operationresults/42ad2dd7-19b6-493e-838e-d6476dbbae21?api-version=2020-09-01",
      "RequestMethod": "GET",
      "RequestHeaders": {
        "Authorization": "Sanitized",
        "User-Agent": [
          "azsdk-net-ResourceManager/1.0.0-beta.3",
          "(.NET 5.0.10; Microsoft Windows 10.0.19043)"
        ],
        "x-ms-client-request-id": "33a7e4fd6fef65599d3692558d1ca9f8",
        "x-ms-return-client-request-id": "true"
      },
      "RequestBody": null,
      "StatusCode": 200,
      "ResponseHeaders": {
        "Cache-Control": "no-cache",
        "Content-Length": "62",
        "Content-Type": "application/json; charset=utf-8",
        "Date": "Mon, 27 Sep 2021 03:14:39 GMT",
        "Expires": "-1",
        "Pragma": "no-cache",
        "Server": "Kestrel",
        "Strict-Transport-Security": "max-age=31536000; includeSubDomains",
        "X-Content-Type-Options": "nosniff",
        "x-ms-client-request-id": "33a7e4fd6fef65599d3692558d1ca9f8",
        "x-ms-correlation-request-id": "7a768b86-17b9-4175-a804-71ca3339b937",
        "x-ms-ratelimit-remaining-subscription-reads": "11866",
        "x-ms-request-id": "83a33013-59ce-40a4-9c61-ceb03369bb51",
        "x-ms-routing-request-id": "SOUTHEASTASIA:20210927T031439Z:7a768b86-17b9-4175-a804-71ca3339b937"
      },
      "ResponseBody": {
        "status": "InProgress",
        "error": {
          "code": "None",
          "message": null
        }
      }
    },
    {
      "RequestUri": "https://management.azure.com/subscriptions/f3d94233-a9aa-4241-ac82-2dfb63ce637a/resourcegroups/testRg-6347/providers/Microsoft.Cdn/operationresults/42ad2dd7-19b6-493e-838e-d6476dbbae21?api-version=2020-09-01",
      "RequestMethod": "GET",
      "RequestHeaders": {
        "Authorization": "Sanitized",
        "User-Agent": [
          "azsdk-net-ResourceManager/1.0.0-beta.3",
          "(.NET 5.0.10; Microsoft Windows 10.0.19043)"
        ],
        "x-ms-client-request-id": "febd8a8a381b4bf684b2599927bf2b18",
        "x-ms-return-client-request-id": "true"
      },
      "RequestBody": null,
      "StatusCode": 200,
      "ResponseHeaders": {
        "Cache-Control": "no-cache",
        "Content-Length": "62",
        "Content-Type": "application/json; charset=utf-8",
        "Date": "Mon, 27 Sep 2021 03:14:39 GMT",
        "Expires": "-1",
        "Pragma": "no-cache",
        "Server": "Kestrel",
        "Strict-Transport-Security": "max-age=31536000; includeSubDomains",
        "X-Content-Type-Options": "nosniff",
        "x-ms-client-request-id": "febd8a8a381b4bf684b2599927bf2b18",
        "x-ms-correlation-request-id": "8dfdac16-d242-443e-926e-432042ba51bf",
        "x-ms-ratelimit-remaining-subscription-reads": "11865",
        "x-ms-request-id": "c8024f04-1194-468b-a0f0-8dc0e64292b2",
        "x-ms-routing-request-id": "SOUTHEASTASIA:20210927T031439Z:8dfdac16-d242-443e-926e-432042ba51bf"
      },
      "ResponseBody": {
        "status": "InProgress",
        "error": {
          "code": "None",
          "message": null
        }
      }
    },
    {
      "RequestUri": "https://management.azure.com/subscriptions/f3d94233-a9aa-4241-ac82-2dfb63ce637a/resourcegroups/testRg-6347/providers/Microsoft.Cdn/operationresults/42ad2dd7-19b6-493e-838e-d6476dbbae21?api-version=2020-09-01",
      "RequestMethod": "GET",
      "RequestHeaders": {
        "Authorization": "Sanitized",
        "User-Agent": [
          "azsdk-net-ResourceManager/1.0.0-beta.3",
          "(.NET 5.0.10; Microsoft Windows 10.0.19043)"
        ],
        "x-ms-client-request-id": "7be0381e73f9dc10ac54d1960b2f0384",
        "x-ms-return-client-request-id": "true"
      },
      "RequestBody": null,
      "StatusCode": 200,
      "ResponseHeaders": {
        "Cache-Control": "no-cache",
        "Content-Length": "62",
        "Content-Type": "application/json; charset=utf-8",
        "Date": "Mon, 27 Sep 2021 03:14:39 GMT",
        "Expires": "-1",
        "Pragma": "no-cache",
        "Server": "Kestrel",
        "Strict-Transport-Security": "max-age=31536000; includeSubDomains",
        "X-Content-Type-Options": "nosniff",
        "x-ms-client-request-id": "7be0381e73f9dc10ac54d1960b2f0384",
        "x-ms-correlation-request-id": "4ce45283-a9f1-401d-bbaf-407bf1248ef3",
        "x-ms-ratelimit-remaining-subscription-reads": "11864",
        "x-ms-request-id": "1a0bfff2-3b7e-4194-92ad-11815a42a8da",
        "x-ms-routing-request-id": "SOUTHEASTASIA:20210927T031440Z:4ce45283-a9f1-401d-bbaf-407bf1248ef3"
      },
      "ResponseBody": {
        "status": "InProgress",
        "error": {
          "code": "None",
          "message": null
        }
      }
    },
    {
      "RequestUri": "https://management.azure.com/subscriptions/f3d94233-a9aa-4241-ac82-2dfb63ce637a/resourcegroups/testRg-6347/providers/Microsoft.Cdn/operationresults/42ad2dd7-19b6-493e-838e-d6476dbbae21?api-version=2020-09-01",
      "RequestMethod": "GET",
      "RequestHeaders": {
        "Authorization": "Sanitized",
        "User-Agent": [
          "azsdk-net-ResourceManager/1.0.0-beta.3",
          "(.NET 5.0.10; Microsoft Windows 10.0.19043)"
        ],
        "x-ms-client-request-id": "dff4fcf2e2a0c5ccee5caf3c15bf3ede",
        "x-ms-return-client-request-id": "true"
      },
      "RequestBody": null,
      "StatusCode": 200,
      "ResponseHeaders": {
        "Cache-Control": "no-cache",
        "Content-Length": "62",
        "Content-Type": "application/json; charset=utf-8",
        "Date": "Mon, 27 Sep 2021 03:14:40 GMT",
        "Expires": "-1",
        "Pragma": "no-cache",
        "Server": "Kestrel",
        "Strict-Transport-Security": "max-age=31536000; includeSubDomains",
        "X-Content-Type-Options": "nosniff",
        "x-ms-client-request-id": "dff4fcf2e2a0c5ccee5caf3c15bf3ede",
        "x-ms-correlation-request-id": "c02d653f-3c70-42ac-bfbe-0c883feef865",
        "x-ms-ratelimit-remaining-subscription-reads": "11863",
        "x-ms-request-id": "eee6ff76-9b06-4a02-afb8-da1d1c7ba68b",
        "x-ms-routing-request-id": "SOUTHEASTASIA:20210927T031440Z:c02d653f-3c70-42ac-bfbe-0c883feef865"
      },
      "ResponseBody": {
        "status": "InProgress",
        "error": {
          "code": "None",
          "message": null
        }
      }
    },
    {
      "RequestUri": "https://management.azure.com/subscriptions/f3d94233-a9aa-4241-ac82-2dfb63ce637a/resourcegroups/testRg-6347/providers/Microsoft.Cdn/operationresults/42ad2dd7-19b6-493e-838e-d6476dbbae21?api-version=2020-09-01",
      "RequestMethod": "GET",
      "RequestHeaders": {
        "Authorization": "Sanitized",
        "User-Agent": [
          "azsdk-net-ResourceManager/1.0.0-beta.3",
          "(.NET 5.0.10; Microsoft Windows 10.0.19043)"
        ],
        "x-ms-client-request-id": "5537790a2d3c16fe79e152c7665f3f55",
        "x-ms-return-client-request-id": "true"
      },
      "RequestBody": null,
      "StatusCode": 200,
      "ResponseHeaders": {
        "Cache-Control": "no-cache",
        "Content-Length": "62",
        "Content-Type": "application/json; charset=utf-8",
        "Date": "Mon, 27 Sep 2021 03:14:40 GMT",
        "Expires": "-1",
        "Pragma": "no-cache",
        "Server": "Kestrel",
        "Strict-Transport-Security": "max-age=31536000; includeSubDomains",
        "X-Content-Type-Options": "nosniff",
        "x-ms-client-request-id": "5537790a2d3c16fe79e152c7665f3f55",
        "x-ms-correlation-request-id": "c3db9ebd-b8fb-4bd9-abfe-043c2a6ac2e4",
        "x-ms-ratelimit-remaining-subscription-reads": "11862",
        "x-ms-request-id": "cbc0bf51-c9d6-4aa4-b0e2-5be5e78b06ca",
        "x-ms-routing-request-id": "SOUTHEASTASIA:20210927T031440Z:c3db9ebd-b8fb-4bd9-abfe-043c2a6ac2e4"
      },
      "ResponseBody": {
        "status": "InProgress",
        "error": {
          "code": "None",
          "message": null
        }
      }
    },
    {
      "RequestUri": "https://management.azure.com/subscriptions/f3d94233-a9aa-4241-ac82-2dfb63ce637a/resourcegroups/testRg-6347/providers/Microsoft.Cdn/operationresults/42ad2dd7-19b6-493e-838e-d6476dbbae21?api-version=2020-09-01",
      "RequestMethod": "GET",
      "RequestHeaders": {
        "Authorization": "Sanitized",
        "User-Agent": [
          "azsdk-net-ResourceManager/1.0.0-beta.3",
          "(.NET 5.0.10; Microsoft Windows 10.0.19043)"
        ],
        "x-ms-client-request-id": "2aa7d4af4cca3b786b1b8d9cc4d3c6ec",
        "x-ms-return-client-request-id": "true"
      },
      "RequestBody": null,
      "StatusCode": 200,
      "ResponseHeaders": {
        "Cache-Control": "no-cache",
        "Content-Length": "62",
        "Content-Type": "application/json; charset=utf-8",
        "Date": "Mon, 27 Sep 2021 03:14:40 GMT",
        "Expires": "-1",
        "Pragma": "no-cache",
        "Server": "Kestrel",
        "Strict-Transport-Security": "max-age=31536000; includeSubDomains",
        "X-Content-Type-Options": "nosniff",
        "x-ms-client-request-id": "2aa7d4af4cca3b786b1b8d9cc4d3c6ec",
        "x-ms-correlation-request-id": "d7071ac5-14d6-4847-923a-0991841f06e2",
        "x-ms-ratelimit-remaining-subscription-reads": "11861",
        "x-ms-request-id": "86b30a86-8b1c-46ee-bb11-55e0eaa6f65b",
        "x-ms-routing-request-id": "SOUTHEASTASIA:20210927T031441Z:d7071ac5-14d6-4847-923a-0991841f06e2"
      },
      "ResponseBody": {
        "status": "InProgress",
        "error": {
          "code": "None",
          "message": null
        }
      }
    },
    {
      "RequestUri": "https://management.azure.com/subscriptions/f3d94233-a9aa-4241-ac82-2dfb63ce637a/resourcegroups/testRg-6347/providers/Microsoft.Cdn/operationresults/42ad2dd7-19b6-493e-838e-d6476dbbae21?api-version=2020-09-01",
      "RequestMethod": "GET",
      "RequestHeaders": {
        "Authorization": "Sanitized",
        "User-Agent": [
          "azsdk-net-ResourceManager/1.0.0-beta.3",
          "(.NET 5.0.10; Microsoft Windows 10.0.19043)"
        ],
        "x-ms-client-request-id": "928bf215adf7c448fddd66bf90055e8f",
        "x-ms-return-client-request-id": "true"
      },
      "RequestBody": null,
      "StatusCode": 200,
      "ResponseHeaders": {
        "Cache-Control": "no-cache",
        "Content-Length": "62",
        "Content-Type": "application/json; charset=utf-8",
        "Date": "Mon, 27 Sep 2021 03:14:41 GMT",
        "Expires": "-1",
        "Pragma": "no-cache",
        "Server": "Kestrel",
        "Strict-Transport-Security": "max-age=31536000; includeSubDomains",
        "X-Content-Type-Options": "nosniff",
        "x-ms-client-request-id": "928bf215adf7c448fddd66bf90055e8f",
        "x-ms-correlation-request-id": "198f8c3f-b223-418b-b8d6-259e3d8d3e02",
        "x-ms-ratelimit-remaining-subscription-reads": "11860",
        "x-ms-request-id": "3965e0aa-011a-4fdd-8cc8-8dffcb302f47",
        "x-ms-routing-request-id": "SOUTHEASTASIA:20210927T031441Z:198f8c3f-b223-418b-b8d6-259e3d8d3e02"
      },
      "ResponseBody": {
        "status": "InProgress",
        "error": {
          "code": "None",
          "message": null
        }
      }
    },
    {
      "RequestUri": "https://management.azure.com/subscriptions/f3d94233-a9aa-4241-ac82-2dfb63ce637a/resourcegroups/testRg-6347/providers/Microsoft.Cdn/operationresults/42ad2dd7-19b6-493e-838e-d6476dbbae21?api-version=2020-09-01",
      "RequestMethod": "GET",
      "RequestHeaders": {
        "Authorization": "Sanitized",
        "User-Agent": [
          "azsdk-net-ResourceManager/1.0.0-beta.3",
          "(.NET 5.0.10; Microsoft Windows 10.0.19043)"
        ],
        "x-ms-client-request-id": "408d591d1318be1301fbe920a06252a5",
        "x-ms-return-client-request-id": "true"
      },
      "RequestBody": null,
      "StatusCode": 200,
      "ResponseHeaders": {
        "Cache-Control": "no-cache",
        "Content-Length": "61",
        "Content-Type": "application/json; charset=utf-8",
        "Date": "Mon, 27 Sep 2021 03:14:41 GMT",
        "Expires": "-1",
        "Pragma": "no-cache",
        "Server": "Kestrel",
        "Strict-Transport-Security": "max-age=31536000; includeSubDomains",
        "X-Content-Type-Options": "nosniff",
        "x-ms-client-request-id": "408d591d1318be1301fbe920a06252a5",
        "x-ms-correlation-request-id": "623daf02-ea39-4eb9-b78a-fcf5f4b526c5",
        "x-ms-ratelimit-remaining-subscription-reads": "11859",
        "x-ms-request-id": "1e2ba00d-7477-430b-811a-bd48b2b4dd09",
        "x-ms-routing-request-id": "SOUTHEASTASIA:20210927T031441Z:623daf02-ea39-4eb9-b78a-fcf5f4b526c5"
      },
      "ResponseBody": {
        "status": "Succeeded",
        "error": {
          "code": "None",
          "message": null
        }
      }
    },
    {
      "RequestUri": "https://management.azure.com/subscriptions/f3d94233-a9aa-4241-ac82-2dfb63ce637a/resourceGroups/testRg-6347/providers/Microsoft.Cdn/profiles/AFDProfile-8083?api-version=2020-09-01",
      "RequestMethod": "GET",
      "RequestHeaders": {
        "Authorization": "Sanitized",
        "User-Agent": [
          "azsdk-net-ResourceManager/1.0.0-beta.3",
          "(.NET 5.0.10; Microsoft Windows 10.0.19043)"
        ],
        "x-ms-client-request-id": "74b1651aadd3015d8ce32cece5b9ab66",
        "x-ms-return-client-request-id": "true"
      },
      "RequestBody": null,
      "StatusCode": 200,
      "ResponseHeaders": {
        "Cache-Control": "no-cache",
        "Content-Length": "408",
        "Content-Type": "application/json; charset=utf-8",
        "Date": "Mon, 27 Sep 2021 03:14:41 GMT",
        "Expires": "-1",
        "Pragma": "no-cache",
        "Server": "Kestrel",
        "Strict-Transport-Security": "max-age=31536000; includeSubDomains",
        "X-Content-Type-Options": "nosniff",
        "x-ms-client-request-id": "74b1651aadd3015d8ce32cece5b9ab66",
        "x-ms-correlation-request-id": "8000f56f-8140-4601-90a1-ae954d57c591",
        "x-ms-ratelimit-remaining-subscription-resource-requests": "48",
        "x-ms-request-id": "ec4aa226-bd59-4dd7-a581-d0c26015e472",
        "x-ms-routing-request-id": "SOUTHEASTASIA:20210927T031442Z:8000f56f-8140-4601-90a1-ae954d57c591"
      },
      "ResponseBody": {
        "id": "/subscriptions/f3d94233-a9aa-4241-ac82-2dfb63ce637a/resourcegroups/testRg-6347/providers/Microsoft.Cdn/profiles/AFDProfile-8083",
        "type": "Microsoft.Cdn/profiles",
        "name": "AFDProfile-8083",
        "location": "Global",
        "kind": "frontdoor",
        "tags": {},
        "sku": {
          "name": "Standard_AzureFrontDoor"
        },
        "properties": {
          "frontDoorId": "a3ca9c3e-dd72-4f8f-8d7d-31a15c71f2c5",
          "resourceState": "Active",
          "provisioningState": "Succeeded"
        }
      }
    },
    {
      "RequestUri": "https://management.azure.com/subscriptions/f3d94233-a9aa-4241-ac82-2dfb63ce637a/resourceGroups/testRg-6347/providers/Microsoft.Cdn/profiles/AFDProfile-8083/originGroups/AFDOriginGroup-5072?api-version=2020-09-01",
      "RequestMethod": "PUT",
      "RequestHeaders": {
        "Accept": "application/json",
        "Authorization": "Sanitized",
        "Content-Length": "250",
        "Content-Type": "application/json",
        "User-Agent": [
          "azsdk-net-ResourceManager.Cdn/1.0.0-alpha.20210927.1",
          "(.NET 5.0.10; Microsoft Windows 10.0.19043)"
        ],
        "x-ms-client-request-id": "466b7ffdd485df01cd91fcc427239b8b",
        "x-ms-return-client-request-id": "true"
      },
      "RequestBody": {
        "properties": {
          "loadBalancingSettings": {
            "sampleSize": 5,
            "successfulSamplesRequired": 4,
            "additionalLatencyInMilliseconds": 200
          },
          "healthProbeSettings": {
            "probePath": "/healthz",
            "probeRequestType": "HEAD",
            "probeProtocol": "Https",
            "probeIntervalInSeconds": 60
          }
        }
      },
      "StatusCode": 201,
      "ResponseHeaders": {
        "Cache-Control": "no-cache",
        "Content-Length": "703",
        "Content-Type": "application/json; charset=utf-8",
        "Date": "Mon, 27 Sep 2021 03:14:44 GMT",
        "Expires": "-1",
        "Pragma": "no-cache",
        "Server": "Kestrel",
        "Strict-Transport-Security": "max-age=31536000; includeSubDomains",
        "X-Content-Type-Options": "nosniff",
        "x-ms-client-request-id": "466b7ffdd485df01cd91fcc427239b8b",
        "x-ms-correlation-request-id": "0c22472f-d37a-49fb-bb89-54ac5596b0f6",
        "x-ms-ratelimit-remaining-subscription-resource-requests": "98",
        "x-ms-request-id": "5f425577-7112-4c90-8ff4-37cbb31e1274",
        "x-ms-routing-request-id": "SOUTHEASTASIA:20210927T031444Z:0c22472f-d37a-49fb-bb89-54ac5596b0f6"
      },
      "ResponseBody": {
        "id": "/subscriptions/f3d94233-a9aa-4241-ac82-2dfb63ce637a/resourcegroups/testRg-6347/providers/Microsoft.Cdn/profiles/AFDProfile-8083/originGroups/AFDOriginGroup-5072",
        "type": "Microsoft.Cdn/profiles/originGroups",
        "name": "AFDOriginGroup-5072",
        "properties": {
          "loadBalancingSettings": {
            "sampleSize": 5,
            "successfulSamplesRequired": 4,
            "additionalLatencyInMilliseconds": 200
          },
          "healthProbeSettings": {
            "probePath": "/healthz",
            "probeRequestType": "HEAD",
            "probeProtocol": "Https",
            "probeIntervalInSeconds": 60
          },
          "responseBasedAFDOriginErrorDetectionSettings": null,
          "trafficRestorationTimeToHealedOrNewEndpointsInMinutes": null,
          "sessionAffinityState": "Disabled",
          "provisioningState": "Succeeded",
          "deploymentStatus": "NotStarted"
        }
      }
    },
    {
      "RequestUri": "https://management.azure.com/subscriptions/f3d94233-a9aa-4241-ac82-2dfb63ce637a/resourceGroups/testRg-6347/providers/Microsoft.Cdn/profiles/AFDProfile-8083/originGroups/AFDOriginGroup-5072/origins/AFDOrigin-2064?api-version=2020-09-01",
      "RequestMethod": "PUT",
      "RequestHeaders": {
        "Accept": "application/json",
        "Authorization": "Sanitized",
        "Content-Length": "68",
        "Content-Type": "application/json",
        "User-Agent": [
          "azsdk-net-ResourceManager.Cdn/1.0.0-alpha.20210927.1",
          "(.NET 5.0.10; Microsoft Windows 10.0.19043)"
        ],
        "x-ms-client-request-id": "e7e2a362945eaf9094051c613d64c091",
        "x-ms-return-client-request-id": "true"
      },
      "RequestBody": {
        "properties": {
          "hostName": "testsa4dotnetsdk.blob.core.windows.net"
        }
      },
      "StatusCode": 201,
      "ResponseHeaders": {
        "Azure-AsyncOperation": "https://management.azure.com/subscriptions/f3d94233-a9aa-4241-ac82-2dfb63ce637a/resourcegroups/testRg-6347/providers/Microsoft.Cdn/operationresults/782bbc4b-9d93-424d-9857-d3d8120b22b2?api-version=2020-09-01",
        "Cache-Control": "no-cache",
        "Content-Length": "581",
        "Content-Type": "application/json; charset=utf-8",
        "Date": "Mon, 27 Sep 2021 03:14:47 GMT",
        "Expires": "-1",
        "Pragma": "no-cache",
        "Retry-After": "10",
        "Server": "Kestrel",
        "Strict-Transport-Security": "max-age=31536000; includeSubDomains",
        "X-Content-Type-Options": "nosniff",
        "x-ms-client-request-id": "e7e2a362945eaf9094051c613d64c091",
        "x-ms-correlation-request-id": "360adb28-c8a0-4ae3-843b-e6c0cb92a609",
        "x-ms-ratelimit-remaining-subscription-resource-requests": "98",
        "x-ms-request-id": "4fd107c4-19c2-4b12-b99f-47a88c62a8ff",
        "x-ms-routing-request-id": "SOUTHEASTASIA:20210927T031447Z:360adb28-c8a0-4ae3-843b-e6c0cb92a609"
      },
      "ResponseBody": {
        "id": "/subscriptions/f3d94233-a9aa-4241-ac82-2dfb63ce637a/resourcegroups/testRg-6347/providers/Microsoft.Cdn/profiles/AFDProfile-8083/originGroups/AFDOriginGroup-5072/origins/AFDOrigin-2064",
        "type": "Microsoft.Cdn/profiles/originGroups/origins",
        "name": "AFDOrigin-2064",
        "properties": {
          "originGroupName": "AFDOriginGroup-5072",
          "hostName": "testsa4dotnetsdk.blob.core.windows.net",
          "httpPort": 80,
          "httpsPort": 443,
          "originHostHeader": null,
          "priority": null,
          "weight": null,
          "enabledState": "Enabled",
          "sharedPrivateLinkResource": null,
          "provisioningState": "Creating",
          "deploymentStatus": "NotStarted"
        }
      }
    },
    {
      "RequestUri": "https://management.azure.com/subscriptions/f3d94233-a9aa-4241-ac82-2dfb63ce637a/resourcegroups/testRg-6347/providers/Microsoft.Cdn/operationresults/782bbc4b-9d93-424d-9857-d3d8120b22b2?api-version=2020-09-01",
      "RequestMethod": "GET",
      "RequestHeaders": {
        "Authorization": "Sanitized",
        "User-Agent": [
          "azsdk-net-ResourceManager/1.0.0-beta.3",
          "(.NET 5.0.10; Microsoft Windows 10.0.19043)"
        ],
        "x-ms-client-request-id": "7fc440aca3b90f629aa455b5539a4d50",
        "x-ms-return-client-request-id": "true"
      },
      "RequestBody": null,
      "StatusCode": 200,
      "ResponseHeaders": {
        "Cache-Control": "no-cache",
        "Content-Length": "62",
        "Content-Type": "application/json; charset=utf-8",
        "Date": "Mon, 27 Sep 2021 03:14:48 GMT",
        "Expires": "-1",
        "Pragma": "no-cache",
        "Server": "Kestrel",
        "Strict-Transport-Security": "max-age=31536000; includeSubDomains",
        "X-Content-Type-Options": "nosniff",
        "x-ms-client-request-id": "7fc440aca3b90f629aa455b5539a4d50",
        "x-ms-correlation-request-id": "957eb348-ba8c-442f-860a-b950656c837a",
        "x-ms-ratelimit-remaining-subscription-reads": "11858",
        "x-ms-request-id": "5ca00d67-b755-4764-9234-af2879ec8588",
        "x-ms-routing-request-id": "SOUTHEASTASIA:20210927T031448Z:957eb348-ba8c-442f-860a-b950656c837a"
      },
      "ResponseBody": {
        "status": "InProgress",
        "error": {
          "code": "None",
          "message": null
        }
      }
    },
    {
      "RequestUri": "https://management.azure.com/subscriptions/f3d94233-a9aa-4241-ac82-2dfb63ce637a/resourcegroups/testRg-6347/providers/Microsoft.Cdn/operationresults/782bbc4b-9d93-424d-9857-d3d8120b22b2?api-version=2020-09-01",
      "RequestMethod": "GET",
      "RequestHeaders": {
        "Authorization": "Sanitized",
        "User-Agent": [
          "azsdk-net-ResourceManager/1.0.0-beta.3",
          "(.NET 5.0.10; Microsoft Windows 10.0.19043)"
        ],
        "x-ms-client-request-id": "b3c55573cf328f7061d277a3c3ef95dc",
        "x-ms-return-client-request-id": "true"
      },
      "RequestBody": null,
      "StatusCode": 200,
      "ResponseHeaders": {
        "Cache-Control": "no-cache",
        "Content-Length": "62",
        "Content-Type": "application/json; charset=utf-8",
        "Date": "Mon, 27 Sep 2021 03:14:48 GMT",
        "Expires": "-1",
        "Pragma": "no-cache",
        "Server": "Kestrel",
        "Strict-Transport-Security": "max-age=31536000; includeSubDomains",
        "X-Content-Type-Options": "nosniff",
        "x-ms-client-request-id": "b3c55573cf328f7061d277a3c3ef95dc",
        "x-ms-correlation-request-id": "82ec2f30-df09-4f21-9eb8-f4ec4e0cd952",
        "x-ms-ratelimit-remaining-subscription-reads": "11857",
        "x-ms-request-id": "2c7ab13a-76e2-4dfe-b37d-cadb117a50c7",
        "x-ms-routing-request-id": "SOUTHEASTASIA:20210927T031448Z:82ec2f30-df09-4f21-9eb8-f4ec4e0cd952"
      },
      "ResponseBody": {
        "status": "InProgress",
        "error": {
          "code": "None",
          "message": null
        }
      }
    },
    {
      "RequestUri": "https://management.azure.com/subscriptions/f3d94233-a9aa-4241-ac82-2dfb63ce637a/resourcegroups/testRg-6347/providers/Microsoft.Cdn/operationresults/782bbc4b-9d93-424d-9857-d3d8120b22b2?api-version=2020-09-01",
      "RequestMethod": "GET",
      "RequestHeaders": {
        "Authorization": "Sanitized",
        "User-Agent": [
          "azsdk-net-ResourceManager/1.0.0-beta.3",
          "(.NET 5.0.10; Microsoft Windows 10.0.19043)"
        ],
        "x-ms-client-request-id": "fcb4d211409fbdd8c305e66e7e8bbcd5",
        "x-ms-return-client-request-id": "true"
      },
      "RequestBody": null,
      "StatusCode": 200,
      "ResponseHeaders": {
        "Cache-Control": "no-cache",
        "Content-Length": "62",
        "Content-Type": "application/json; charset=utf-8",
        "Date": "Mon, 27 Sep 2021 03:14:48 GMT",
        "Expires": "-1",
        "Pragma": "no-cache",
        "Server": "Kestrel",
        "Strict-Transport-Security": "max-age=31536000; includeSubDomains",
        "X-Content-Type-Options": "nosniff",
        "x-ms-client-request-id": "fcb4d211409fbdd8c305e66e7e8bbcd5",
        "x-ms-correlation-request-id": "a14de225-0b84-4dfd-91ff-ad9ca972505b",
        "x-ms-ratelimit-remaining-subscription-reads": "11856",
        "x-ms-request-id": "38480b03-459c-4249-be8b-b34aae7b38fe",
        "x-ms-routing-request-id": "SOUTHEASTASIA:20210927T031448Z:a14de225-0b84-4dfd-91ff-ad9ca972505b"
      },
      "ResponseBody": {
        "status": "InProgress",
        "error": {
          "code": "None",
          "message": null
        }
      }
    },
    {
      "RequestUri": "https://management.azure.com/subscriptions/f3d94233-a9aa-4241-ac82-2dfb63ce637a/resourcegroups/testRg-6347/providers/Microsoft.Cdn/operationresults/782bbc4b-9d93-424d-9857-d3d8120b22b2?api-version=2020-09-01",
      "RequestMethod": "GET",
      "RequestHeaders": {
        "Authorization": "Sanitized",
        "User-Agent": [
          "azsdk-net-ResourceManager/1.0.0-beta.3",
          "(.NET 5.0.10; Microsoft Windows 10.0.19043)"
        ],
        "x-ms-client-request-id": "c42c816d41f2dd16d0351ee62cbe4caa",
        "x-ms-return-client-request-id": "true"
      },
      "RequestBody": null,
      "StatusCode": 200,
      "ResponseHeaders": {
        "Cache-Control": "no-cache",
        "Content-Length": "62",
        "Content-Type": "application/json; charset=utf-8",
        "Date": "Mon, 27 Sep 2021 03:14:48 GMT",
        "Expires": "-1",
        "Pragma": "no-cache",
        "Server": "Kestrel",
        "Strict-Transport-Security": "max-age=31536000; includeSubDomains",
        "X-Content-Type-Options": "nosniff",
        "x-ms-client-request-id": "c42c816d41f2dd16d0351ee62cbe4caa",
        "x-ms-correlation-request-id": "df11303b-ce34-4a76-aa89-5e824cd94a5c",
        "x-ms-ratelimit-remaining-subscription-reads": "11855",
        "x-ms-request-id": "bfca157e-d6ea-4aa2-b56a-2c2b4d83fc05",
        "x-ms-routing-request-id": "SOUTHEASTASIA:20210927T031449Z:df11303b-ce34-4a76-aa89-5e824cd94a5c"
      },
      "ResponseBody": {
        "status": "InProgress",
        "error": {
          "code": "None",
          "message": null
        }
      }
    },
    {
      "RequestUri": "https://management.azure.com/subscriptions/f3d94233-a9aa-4241-ac82-2dfb63ce637a/resourcegroups/testRg-6347/providers/Microsoft.Cdn/operationresults/782bbc4b-9d93-424d-9857-d3d8120b22b2?api-version=2020-09-01",
      "RequestMethod": "GET",
      "RequestHeaders": {
        "Authorization": "Sanitized",
        "User-Agent": [
          "azsdk-net-ResourceManager/1.0.0-beta.3",
          "(.NET 5.0.10; Microsoft Windows 10.0.19043)"
        ],
        "x-ms-client-request-id": "81a4780f51e533b07d08f02de90211d5",
        "x-ms-return-client-request-id": "true"
      },
      "RequestBody": null,
      "StatusCode": 200,
      "ResponseHeaders": {
        "Cache-Control": "no-cache",
        "Content-Length": "62",
        "Content-Type": "application/json; charset=utf-8",
        "Date": "Mon, 27 Sep 2021 03:14:49 GMT",
        "Expires": "-1",
        "Pragma": "no-cache",
        "Server": "Kestrel",
        "Strict-Transport-Security": "max-age=31536000; includeSubDomains",
        "X-Content-Type-Options": "nosniff",
        "x-ms-client-request-id": "81a4780f51e533b07d08f02de90211d5",
        "x-ms-correlation-request-id": "58aa6e13-08be-4c01-8b73-8e11b700228f",
        "x-ms-ratelimit-remaining-subscription-reads": "11854",
        "x-ms-request-id": "f1fa0907-b848-46fb-b77a-f822b1a09ca8",
        "x-ms-routing-request-id": "SOUTHEASTASIA:20210927T031449Z:58aa6e13-08be-4c01-8b73-8e11b700228f"
      },
      "ResponseBody": {
        "status": "InProgress",
        "error": {
          "code": "None",
          "message": null
        }
      }
    },
    {
      "RequestUri": "https://management.azure.com/subscriptions/f3d94233-a9aa-4241-ac82-2dfb63ce637a/resourcegroups/testRg-6347/providers/Microsoft.Cdn/operationresults/782bbc4b-9d93-424d-9857-d3d8120b22b2?api-version=2020-09-01",
      "RequestMethod": "GET",
      "RequestHeaders": {
        "Authorization": "Sanitized",
        "User-Agent": [
          "azsdk-net-ResourceManager/1.0.0-beta.3",
          "(.NET 5.0.10; Microsoft Windows 10.0.19043)"
        ],
        "x-ms-client-request-id": "4236a216d0c3d0eabbd72c6a21f19104",
        "x-ms-return-client-request-id": "true"
      },
      "RequestBody": null,
      "StatusCode": 200,
      "ResponseHeaders": {
        "Cache-Control": "no-cache",
        "Content-Length": "62",
        "Content-Type": "application/json; charset=utf-8",
        "Date": "Mon, 27 Sep 2021 03:14:49 GMT",
        "Expires": "-1",
        "Pragma": "no-cache",
        "Server": "Kestrel",
        "Strict-Transport-Security": "max-age=31536000; includeSubDomains",
        "X-Content-Type-Options": "nosniff",
        "x-ms-client-request-id": "4236a216d0c3d0eabbd72c6a21f19104",
        "x-ms-correlation-request-id": "d4d6dc3a-4735-42bf-b148-0f96b368cba1",
        "x-ms-ratelimit-remaining-subscription-reads": "11853",
        "x-ms-request-id": "3592354b-dca3-449f-bee0-873bfe0ba36a",
        "x-ms-routing-request-id": "SOUTHEASTASIA:20210927T031449Z:d4d6dc3a-4735-42bf-b148-0f96b368cba1"
      },
      "ResponseBody": {
        "status": "InProgress",
        "error": {
          "code": "None",
          "message": null
        }
      }
    },
    {
      "RequestUri": "https://management.azure.com/subscriptions/f3d94233-a9aa-4241-ac82-2dfb63ce637a/resourcegroups/testRg-6347/providers/Microsoft.Cdn/operationresults/782bbc4b-9d93-424d-9857-d3d8120b22b2?api-version=2020-09-01",
      "RequestMethod": "GET",
      "RequestHeaders": {
        "Authorization": "Sanitized",
        "User-Agent": [
          "azsdk-net-ResourceManager/1.0.0-beta.3",
          "(.NET 5.0.10; Microsoft Windows 10.0.19043)"
        ],
        "x-ms-client-request-id": "055f3bb83ae71cf0d0f947e950e9f4cd",
        "x-ms-return-client-request-id": "true"
      },
      "RequestBody": null,
      "StatusCode": 200,
      "ResponseHeaders": {
        "Cache-Control": "no-cache",
        "Content-Length": "62",
        "Content-Type": "application/json; charset=utf-8",
        "Date": "Mon, 27 Sep 2021 03:14:49 GMT",
        "Expires": "-1",
        "Pragma": "no-cache",
        "Server": "Kestrel",
        "Strict-Transport-Security": "max-age=31536000; includeSubDomains",
        "X-Content-Type-Options": "nosniff",
        "x-ms-client-request-id": "055f3bb83ae71cf0d0f947e950e9f4cd",
        "x-ms-correlation-request-id": "44cb1273-557b-46f4-91cb-9215a4ca7c91",
        "x-ms-ratelimit-remaining-subscription-reads": "11852",
        "x-ms-request-id": "96b8335e-cd95-43b5-bde8-35180ef238e1",
        "x-ms-routing-request-id": "SOUTHEASTASIA:20210927T031450Z:44cb1273-557b-46f4-91cb-9215a4ca7c91"
      },
      "ResponseBody": {
        "status": "InProgress",
        "error": {
          "code": "None",
          "message": null
        }
      }
    },
    {
      "RequestUri": "https://management.azure.com/subscriptions/f3d94233-a9aa-4241-ac82-2dfb63ce637a/resourcegroups/testRg-6347/providers/Microsoft.Cdn/operationresults/782bbc4b-9d93-424d-9857-d3d8120b22b2?api-version=2020-09-01",
      "RequestMethod": "GET",
      "RequestHeaders": {
        "Authorization": "Sanitized",
        "User-Agent": [
          "azsdk-net-ResourceManager/1.0.0-beta.3",
          "(.NET 5.0.10; Microsoft Windows 10.0.19043)"
        ],
        "x-ms-client-request-id": "89d0492309873fe78ed4c50e2446118b",
        "x-ms-return-client-request-id": "true"
      },
      "RequestBody": null,
      "StatusCode": 200,
      "ResponseHeaders": {
        "Cache-Control": "no-cache",
        "Content-Length": "62",
        "Content-Type": "application/json; charset=utf-8",
        "Date": "Mon, 27 Sep 2021 03:14:50 GMT",
        "Expires": "-1",
        "Pragma": "no-cache",
        "Server": "Kestrel",
        "Strict-Transport-Security": "max-age=31536000; includeSubDomains",
        "X-Content-Type-Options": "nosniff",
        "x-ms-client-request-id": "89d0492309873fe78ed4c50e2446118b",
        "x-ms-correlation-request-id": "bea2a2bf-f210-4478-81b8-3f9a55ad4c5d",
        "x-ms-ratelimit-remaining-subscription-reads": "11851",
        "x-ms-request-id": "08f49a86-1c5f-447f-9091-0205c621b49f",
        "x-ms-routing-request-id": "SOUTHEASTASIA:20210927T031450Z:bea2a2bf-f210-4478-81b8-3f9a55ad4c5d"
      },
      "ResponseBody": {
        "status": "InProgress",
        "error": {
          "code": "None",
          "message": null
        }
      }
    },
    {
      "RequestUri": "https://management.azure.com/subscriptions/f3d94233-a9aa-4241-ac82-2dfb63ce637a/resourcegroups/testRg-6347/providers/Microsoft.Cdn/operationresults/782bbc4b-9d93-424d-9857-d3d8120b22b2?api-version=2020-09-01",
      "RequestMethod": "GET",
      "RequestHeaders": {
        "Authorization": "Sanitized",
        "User-Agent": [
          "azsdk-net-ResourceManager/1.0.0-beta.3",
          "(.NET 5.0.10; Microsoft Windows 10.0.19043)"
        ],
        "x-ms-client-request-id": "ad74eb770ba3dbeeb21a71c988007fd2",
        "x-ms-return-client-request-id": "true"
      },
      "RequestBody": null,
      "StatusCode": 200,
      "ResponseHeaders": {
        "Cache-Control": "no-cache",
        "Content-Length": "62",
        "Content-Type": "application/json; charset=utf-8",
        "Date": "Mon, 27 Sep 2021 03:14:50 GMT",
        "Expires": "-1",
        "Pragma": "no-cache",
        "Server": "Kestrel",
        "Strict-Transport-Security": "max-age=31536000; includeSubDomains",
        "X-Content-Type-Options": "nosniff",
        "x-ms-client-request-id": "ad74eb770ba3dbeeb21a71c988007fd2",
        "x-ms-correlation-request-id": "9ce05df1-7d00-4655-89d8-19baadcd632c",
        "x-ms-ratelimit-remaining-subscription-reads": "11850",
        "x-ms-request-id": "a15bd983-ffb2-4801-88f4-a4d67d8aa986",
        "x-ms-routing-request-id": "SOUTHEASTASIA:20210927T031450Z:9ce05df1-7d00-4655-89d8-19baadcd632c"
      },
      "ResponseBody": {
        "status": "InProgress",
        "error": {
          "code": "None",
          "message": null
        }
      }
    },
    {
      "RequestUri": "https://management.azure.com/subscriptions/f3d94233-a9aa-4241-ac82-2dfb63ce637a/resourcegroups/testRg-6347/providers/Microsoft.Cdn/operationresults/782bbc4b-9d93-424d-9857-d3d8120b22b2?api-version=2020-09-01",
      "RequestMethod": "GET",
      "RequestHeaders": {
        "Authorization": "Sanitized",
        "User-Agent": [
          "azsdk-net-ResourceManager/1.0.0-beta.3",
          "(.NET 5.0.10; Microsoft Windows 10.0.19043)"
        ],
        "x-ms-client-request-id": "d8465ee20721af7c5420771275e2f78a",
        "x-ms-return-client-request-id": "true"
      },
      "RequestBody": null,
      "StatusCode": 200,
      "ResponseHeaders": {
        "Cache-Control": "no-cache",
        "Content-Length": "62",
        "Content-Type": "application/json; charset=utf-8",
        "Date": "Mon, 27 Sep 2021 03:14:50 GMT",
        "Expires": "-1",
        "Pragma": "no-cache",
        "Server": "Kestrel",
        "Strict-Transport-Security": "max-age=31536000; includeSubDomains",
        "X-Content-Type-Options": "nosniff",
        "x-ms-client-request-id": "d8465ee20721af7c5420771275e2f78a",
        "x-ms-correlation-request-id": "fbf8beb7-88fc-41ec-a2c2-e2cf5ed32eaa",
        "x-ms-ratelimit-remaining-subscription-reads": "11849",
        "x-ms-request-id": "ee1091fa-3499-4990-990f-a92bca241b1d",
        "x-ms-routing-request-id": "SOUTHEASTASIA:20210927T031451Z:fbf8beb7-88fc-41ec-a2c2-e2cf5ed32eaa"
      },
      "ResponseBody": {
        "status": "InProgress",
        "error": {
          "code": "None",
          "message": null
        }
      }
    },
    {
      "RequestUri": "https://management.azure.com/subscriptions/f3d94233-a9aa-4241-ac82-2dfb63ce637a/resourcegroups/testRg-6347/providers/Microsoft.Cdn/operationresults/782bbc4b-9d93-424d-9857-d3d8120b22b2?api-version=2020-09-01",
      "RequestMethod": "GET",
      "RequestHeaders": {
        "Authorization": "Sanitized",
        "User-Agent": [
          "azsdk-net-ResourceManager/1.0.0-beta.3",
          "(.NET 5.0.10; Microsoft Windows 10.0.19043)"
        ],
        "x-ms-client-request-id": "6472bbe84674172a5bf4d76d971db68d",
        "x-ms-return-client-request-id": "true"
      },
      "RequestBody": null,
      "StatusCode": 200,
      "ResponseHeaders": {
        "Cache-Control": "no-cache",
        "Content-Length": "62",
        "Content-Type": "application/json; charset=utf-8",
        "Date": "Mon, 27 Sep 2021 03:14:51 GMT",
        "Expires": "-1",
        "Pragma": "no-cache",
        "Server": "Kestrel",
        "Strict-Transport-Security": "max-age=31536000; includeSubDomains",
        "X-Content-Type-Options": "nosniff",
        "x-ms-client-request-id": "6472bbe84674172a5bf4d76d971db68d",
        "x-ms-correlation-request-id": "1a9c4e58-1a92-413e-97d4-34f6af5469a4",
        "x-ms-ratelimit-remaining-subscription-reads": "11848",
        "x-ms-request-id": "9c6a9d73-a2e0-4d28-bd28-87ecad34b773",
        "x-ms-routing-request-id": "SOUTHEASTASIA:20210927T031451Z:1a9c4e58-1a92-413e-97d4-34f6af5469a4"
      },
      "ResponseBody": {
        "status": "InProgress",
        "error": {
          "code": "None",
          "message": null
        }
      }
    },
    {
      "RequestUri": "https://management.azure.com/subscriptions/f3d94233-a9aa-4241-ac82-2dfb63ce637a/resourcegroups/testRg-6347/providers/Microsoft.Cdn/operationresults/782bbc4b-9d93-424d-9857-d3d8120b22b2?api-version=2020-09-01",
      "RequestMethod": "GET",
      "RequestHeaders": {
        "Authorization": "Sanitized",
        "User-Agent": [
          "azsdk-net-ResourceManager/1.0.0-beta.3",
          "(.NET 5.0.10; Microsoft Windows 10.0.19043)"
        ],
        "x-ms-client-request-id": "c52bf35438ff706a6fc5598394db66d0",
        "x-ms-return-client-request-id": "true"
      },
      "RequestBody": null,
      "StatusCode": 200,
      "ResponseHeaders": {
        "Cache-Control": "no-cache",
        "Content-Length": "62",
        "Content-Type": "application/json; charset=utf-8",
        "Date": "Mon, 27 Sep 2021 03:14:51 GMT",
        "Expires": "-1",
        "Pragma": "no-cache",
        "Server": "Kestrel",
        "Strict-Transport-Security": "max-age=31536000; includeSubDomains",
        "X-Content-Type-Options": "nosniff",
        "x-ms-client-request-id": "c52bf35438ff706a6fc5598394db66d0",
        "x-ms-correlation-request-id": "a2c082e4-56b1-4531-a318-8841d47a3ca0",
        "x-ms-ratelimit-remaining-subscription-reads": "11847",
        "x-ms-request-id": "031ad072-7287-4614-bb0c-56b437a25862",
        "x-ms-routing-request-id": "SOUTHEASTASIA:20210927T031451Z:a2c082e4-56b1-4531-a318-8841d47a3ca0"
      },
      "ResponseBody": {
        "status": "InProgress",
        "error": {
          "code": "None",
          "message": null
        }
      }
    },
    {
      "RequestUri": "https://management.azure.com/subscriptions/f3d94233-a9aa-4241-ac82-2dfb63ce637a/resourcegroups/testRg-6347/providers/Microsoft.Cdn/operationresults/782bbc4b-9d93-424d-9857-d3d8120b22b2?api-version=2020-09-01",
      "RequestMethod": "GET",
      "RequestHeaders": {
        "Authorization": "Sanitized",
        "User-Agent": [
          "azsdk-net-ResourceManager/1.0.0-beta.3",
          "(.NET 5.0.10; Microsoft Windows 10.0.19043)"
        ],
        "x-ms-client-request-id": "cde1e7221a8e9c5d342e7d2c2f0f1736",
        "x-ms-return-client-request-id": "true"
      },
      "RequestBody": null,
      "StatusCode": 200,
      "ResponseHeaders": {
        "Cache-Control": "no-cache",
        "Content-Length": "62",
        "Content-Type": "application/json; charset=utf-8",
        "Date": "Mon, 27 Sep 2021 03:14:51 GMT",
        "Expires": "-1",
        "Pragma": "no-cache",
        "Server": "Kestrel",
        "Strict-Transport-Security": "max-age=31536000; includeSubDomains",
        "X-Content-Type-Options": "nosniff",
        "x-ms-client-request-id": "cde1e7221a8e9c5d342e7d2c2f0f1736",
        "x-ms-correlation-request-id": "8e9e79e8-db2f-45fb-96df-4df1084d5b90",
        "x-ms-ratelimit-remaining-subscription-reads": "11846",
        "x-ms-request-id": "ca26463b-eeab-4bbf-937d-9d672943c861",
        "x-ms-routing-request-id": "SOUTHEASTASIA:20210927T031451Z:8e9e79e8-db2f-45fb-96df-4df1084d5b90"
      },
      "ResponseBody": {
        "status": "InProgress",
        "error": {
          "code": "None",
          "message": null
        }
      }
    },
    {
      "RequestUri": "https://management.azure.com/subscriptions/f3d94233-a9aa-4241-ac82-2dfb63ce637a/resourcegroups/testRg-6347/providers/Microsoft.Cdn/operationresults/782bbc4b-9d93-424d-9857-d3d8120b22b2?api-version=2020-09-01",
      "RequestMethod": "GET",
      "RequestHeaders": {
        "Authorization": "Sanitized",
        "User-Agent": [
          "azsdk-net-ResourceManager/1.0.0-beta.3",
          "(.NET 5.0.10; Microsoft Windows 10.0.19043)"
        ],
        "x-ms-client-request-id": "81bee96932b6af8a5102f5afeda7837f",
        "x-ms-return-client-request-id": "true"
      },
      "RequestBody": null,
      "StatusCode": 200,
      "ResponseHeaders": {
        "Cache-Control": "no-cache",
        "Content-Length": "62",
        "Content-Type": "application/json; charset=utf-8",
        "Date": "Mon, 27 Sep 2021 03:14:52 GMT",
        "Expires": "-1",
        "Pragma": "no-cache",
        "Server": "Kestrel",
        "Strict-Transport-Security": "max-age=31536000; includeSubDomains",
        "X-Content-Type-Options": "nosniff",
        "x-ms-client-request-id": "81bee96932b6af8a5102f5afeda7837f",
        "x-ms-correlation-request-id": "a57b564e-4b24-4246-b902-a9b235585205",
        "x-ms-ratelimit-remaining-subscription-reads": "11845",
        "x-ms-request-id": "509b8462-39a3-49c9-bdf2-58388c457b34",
        "x-ms-routing-request-id": "SOUTHEASTASIA:20210927T031452Z:a57b564e-4b24-4246-b902-a9b235585205"
      },
      "ResponseBody": {
        "status": "InProgress",
        "error": {
          "code": "None",
          "message": null
        }
      }
    },
    {
      "RequestUri": "https://management.azure.com/subscriptions/f3d94233-a9aa-4241-ac82-2dfb63ce637a/resourcegroups/testRg-6347/providers/Microsoft.Cdn/operationresults/782bbc4b-9d93-424d-9857-d3d8120b22b2?api-version=2020-09-01",
      "RequestMethod": "GET",
      "RequestHeaders": {
        "Authorization": "Sanitized",
        "User-Agent": [
          "azsdk-net-ResourceManager/1.0.0-beta.3",
          "(.NET 5.0.10; Microsoft Windows 10.0.19043)"
        ],
        "x-ms-client-request-id": "b04b078ee83c39ff958f91d1bb3d4060",
        "x-ms-return-client-request-id": "true"
      },
      "RequestBody": null,
      "StatusCode": 200,
      "ResponseHeaders": {
        "Cache-Control": "no-cache",
        "Content-Length": "62",
        "Content-Type": "application/json; charset=utf-8",
        "Date": "Mon, 27 Sep 2021 03:14:52 GMT",
        "Expires": "-1",
        "Pragma": "no-cache",
        "Server": "Kestrel",
        "Strict-Transport-Security": "max-age=31536000; includeSubDomains",
        "X-Content-Type-Options": "nosniff",
        "x-ms-client-request-id": "b04b078ee83c39ff958f91d1bb3d4060",
        "x-ms-correlation-request-id": "8155f3bc-db38-48cb-bfb2-42a2c3d61d8b",
        "x-ms-ratelimit-remaining-subscription-reads": "11844",
        "x-ms-request-id": "f7fe731b-9f13-498d-b6fd-aa6d751bc4af",
        "x-ms-routing-request-id": "SOUTHEASTASIA:20210927T031452Z:8155f3bc-db38-48cb-bfb2-42a2c3d61d8b"
      },
      "ResponseBody": {
        "status": "InProgress",
        "error": {
          "code": "None",
          "message": null
        }
      }
    },
    {
      "RequestUri": "https://management.azure.com/subscriptions/f3d94233-a9aa-4241-ac82-2dfb63ce637a/resourcegroups/testRg-6347/providers/Microsoft.Cdn/operationresults/782bbc4b-9d93-424d-9857-d3d8120b22b2?api-version=2020-09-01",
      "RequestMethod": "GET",
      "RequestHeaders": {
        "Authorization": "Sanitized",
        "User-Agent": [
          "azsdk-net-ResourceManager/1.0.0-beta.3",
          "(.NET 5.0.10; Microsoft Windows 10.0.19043)"
        ],
        "x-ms-client-request-id": "aa1922aee41df0195d317c8b25aeae8c",
        "x-ms-return-client-request-id": "true"
      },
      "RequestBody": null,
      "StatusCode": 200,
      "ResponseHeaders": {
        "Cache-Control": "no-cache",
        "Content-Length": "62",
        "Content-Type": "application/json; charset=utf-8",
        "Date": "Mon, 27 Sep 2021 03:14:52 GMT",
        "Expires": "-1",
        "Pragma": "no-cache",
        "Server": "Kestrel",
        "Strict-Transport-Security": "max-age=31536000; includeSubDomains",
        "X-Content-Type-Options": "nosniff",
        "x-ms-client-request-id": "aa1922aee41df0195d317c8b25aeae8c",
        "x-ms-correlation-request-id": "24bc9a2e-5b5d-44cc-b4df-d8c916d3ac0c",
        "x-ms-ratelimit-remaining-subscription-reads": "11843",
        "x-ms-request-id": "a316ec13-b04e-4149-86fa-f9e297ea838c",
        "x-ms-routing-request-id": "SOUTHEASTASIA:20210927T031452Z:24bc9a2e-5b5d-44cc-b4df-d8c916d3ac0c"
      },
      "ResponseBody": {
        "status": "InProgress",
        "error": {
          "code": "None",
          "message": null
        }
      }
    },
    {
      "RequestUri": "https://management.azure.com/subscriptions/f3d94233-a9aa-4241-ac82-2dfb63ce637a/resourcegroups/testRg-6347/providers/Microsoft.Cdn/operationresults/782bbc4b-9d93-424d-9857-d3d8120b22b2?api-version=2020-09-01",
      "RequestMethod": "GET",
      "RequestHeaders": {
        "Authorization": "Sanitized",
        "User-Agent": [
          "azsdk-net-ResourceManager/1.0.0-beta.3",
          "(.NET 5.0.10; Microsoft Windows 10.0.19043)"
        ],
        "x-ms-client-request-id": "279efdab66c380faea84eb27a0b8f413",
        "x-ms-return-client-request-id": "true"
      },
      "RequestBody": null,
      "StatusCode": 200,
      "ResponseHeaders": {
        "Cache-Control": "no-cache",
        "Content-Length": "62",
        "Content-Type": "application/json; charset=utf-8",
        "Date": "Mon, 27 Sep 2021 03:14:52 GMT",
        "Expires": "-1",
        "Pragma": "no-cache",
        "Server": "Kestrel",
        "Strict-Transport-Security": "max-age=31536000; includeSubDomains",
        "X-Content-Type-Options": "nosniff",
        "x-ms-client-request-id": "279efdab66c380faea84eb27a0b8f413",
        "x-ms-correlation-request-id": "8e851816-48cd-455b-b11c-327705619d40",
        "x-ms-ratelimit-remaining-subscription-reads": "11842",
        "x-ms-request-id": "b44204a3-206c-4dd4-acf5-288c763b11d1",
        "x-ms-routing-request-id": "SOUTHEASTASIA:20210927T031453Z:8e851816-48cd-455b-b11c-327705619d40"
      },
      "ResponseBody": {
        "status": "InProgress",
        "error": {
          "code": "None",
          "message": null
        }
      }
    },
    {
      "RequestUri": "https://management.azure.com/subscriptions/f3d94233-a9aa-4241-ac82-2dfb63ce637a/resourcegroups/testRg-6347/providers/Microsoft.Cdn/operationresults/782bbc4b-9d93-424d-9857-d3d8120b22b2?api-version=2020-09-01",
      "RequestMethod": "GET",
      "RequestHeaders": {
        "Authorization": "Sanitized",
        "User-Agent": [
          "azsdk-net-ResourceManager/1.0.0-beta.3",
          "(.NET 5.0.10; Microsoft Windows 10.0.19043)"
        ],
        "x-ms-client-request-id": "cb0095c1d88ea962ee5b530a6c7314e7",
        "x-ms-return-client-request-id": "true"
      },
      "RequestBody": null,
      "StatusCode": 200,
      "ResponseHeaders": {
        "Cache-Control": "no-cache",
        "Content-Length": "62",
        "Content-Type": "application/json; charset=utf-8",
        "Date": "Mon, 27 Sep 2021 03:14:53 GMT",
        "Expires": "-1",
        "Pragma": "no-cache",
        "Server": "Kestrel",
        "Strict-Transport-Security": "max-age=31536000; includeSubDomains",
        "X-Content-Type-Options": "nosniff",
        "x-ms-client-request-id": "cb0095c1d88ea962ee5b530a6c7314e7",
        "x-ms-correlation-request-id": "ff518131-b3b1-425f-a0cd-45503e5f37c3",
        "x-ms-ratelimit-remaining-subscription-reads": "11841",
        "x-ms-request-id": "4cd7722b-fae6-4c4b-82c4-0780a7939353",
        "x-ms-routing-request-id": "SOUTHEASTASIA:20210927T031453Z:ff518131-b3b1-425f-a0cd-45503e5f37c3"
      },
      "ResponseBody": {
        "status": "InProgress",
        "error": {
          "code": "None",
          "message": null
        }
      }
    },
    {
      "RequestUri": "https://management.azure.com/subscriptions/f3d94233-a9aa-4241-ac82-2dfb63ce637a/resourcegroups/testRg-6347/providers/Microsoft.Cdn/operationresults/782bbc4b-9d93-424d-9857-d3d8120b22b2?api-version=2020-09-01",
      "RequestMethod": "GET",
      "RequestHeaders": {
        "Authorization": "Sanitized",
        "User-Agent": [
          "azsdk-net-ResourceManager/1.0.0-beta.3",
          "(.NET 5.0.10; Microsoft Windows 10.0.19043)"
        ],
        "x-ms-client-request-id": "bd2604e0189e479c2898c098f8f14fa4",
        "x-ms-return-client-request-id": "true"
      },
      "RequestBody": null,
      "StatusCode": 200,
      "ResponseHeaders": {
        "Cache-Control": "no-cache",
        "Content-Length": "62",
        "Content-Type": "application/json; charset=utf-8",
        "Date": "Mon, 27 Sep 2021 03:14:53 GMT",
        "Expires": "-1",
        "Pragma": "no-cache",
        "Server": "Kestrel",
        "Strict-Transport-Security": "max-age=31536000; includeSubDomains",
        "X-Content-Type-Options": "nosniff",
        "x-ms-client-request-id": "bd2604e0189e479c2898c098f8f14fa4",
        "x-ms-correlation-request-id": "65cafc84-4524-4257-9f17-be2b880dbe43",
        "x-ms-ratelimit-remaining-subscription-reads": "11840",
        "x-ms-request-id": "d3a307ec-40fd-4a6f-916b-75eed6c148b6",
        "x-ms-routing-request-id": "SOUTHEASTASIA:20210927T031453Z:65cafc84-4524-4257-9f17-be2b880dbe43"
      },
      "ResponseBody": {
        "status": "InProgress",
        "error": {
          "code": "None",
          "message": null
        }
      }
    },
    {
      "RequestUri": "https://management.azure.com/subscriptions/f3d94233-a9aa-4241-ac82-2dfb63ce637a/resourcegroups/testRg-6347/providers/Microsoft.Cdn/operationresults/782bbc4b-9d93-424d-9857-d3d8120b22b2?api-version=2020-09-01",
      "RequestMethod": "GET",
      "RequestHeaders": {
        "Authorization": "Sanitized",
        "User-Agent": [
          "azsdk-net-ResourceManager/1.0.0-beta.3",
          "(.NET 5.0.10; Microsoft Windows 10.0.19043)"
        ],
        "x-ms-client-request-id": "8fca683de3add2fe9bf4396813f01476",
        "x-ms-return-client-request-id": "true"
      },
      "RequestBody": null,
      "StatusCode": 200,
      "ResponseHeaders": {
        "Cache-Control": "no-cache",
        "Content-Length": "62",
        "Content-Type": "application/json; charset=utf-8",
        "Date": "Mon, 27 Sep 2021 03:14:53 GMT",
        "Expires": "-1",
        "Pragma": "no-cache",
        "Server": "Kestrel",
        "Strict-Transport-Security": "max-age=31536000; includeSubDomains",
        "X-Content-Type-Options": "nosniff",
        "x-ms-client-request-id": "8fca683de3add2fe9bf4396813f01476",
        "x-ms-correlation-request-id": "6e751932-3d59-47f5-a527-06b19d3aa01d",
        "x-ms-ratelimit-remaining-subscription-reads": "11839",
        "x-ms-request-id": "d29c7cdd-ae3b-4147-b764-009398a58126",
        "x-ms-routing-request-id": "SOUTHEASTASIA:20210927T031454Z:6e751932-3d59-47f5-a527-06b19d3aa01d"
      },
      "ResponseBody": {
        "status": "InProgress",
        "error": {
          "code": "None",
          "message": null
        }
      }
    },
    {
      "RequestUri": "https://management.azure.com/subscriptions/f3d94233-a9aa-4241-ac82-2dfb63ce637a/resourcegroups/testRg-6347/providers/Microsoft.Cdn/operationresults/782bbc4b-9d93-424d-9857-d3d8120b22b2?api-version=2020-09-01",
      "RequestMethod": "GET",
      "RequestHeaders": {
        "Authorization": "Sanitized",
        "User-Agent": [
          "azsdk-net-ResourceManager/1.0.0-beta.3",
          "(.NET 5.0.10; Microsoft Windows 10.0.19043)"
        ],
        "x-ms-client-request-id": "9c47046f3792a874f9b9a2f617c9b0fd",
        "x-ms-return-client-request-id": "true"
      },
      "RequestBody": null,
      "StatusCode": 200,
      "ResponseHeaders": {
        "Cache-Control": "no-cache",
        "Content-Length": "62",
        "Content-Type": "application/json; charset=utf-8",
        "Date": "Mon, 27 Sep 2021 03:14:54 GMT",
        "Expires": "-1",
        "Pragma": "no-cache",
        "Server": "Kestrel",
        "Strict-Transport-Security": "max-age=31536000; includeSubDomains",
        "X-Content-Type-Options": "nosniff",
        "x-ms-client-request-id": "9c47046f3792a874f9b9a2f617c9b0fd",
        "x-ms-correlation-request-id": "619b3c66-577f-47d7-93f7-bdec2b70efad",
        "x-ms-ratelimit-remaining-subscription-reads": "11838",
        "x-ms-request-id": "cb845710-a112-40ed-a288-8ac994fef5fa",
        "x-ms-routing-request-id": "SOUTHEASTASIA:20210927T031454Z:619b3c66-577f-47d7-93f7-bdec2b70efad"
      },
      "ResponseBody": {
        "status": "InProgress",
        "error": {
          "code": "None",
          "message": null
        }
      }
    },
    {
      "RequestUri": "https://management.azure.com/subscriptions/f3d94233-a9aa-4241-ac82-2dfb63ce637a/resourcegroups/testRg-6347/providers/Microsoft.Cdn/operationresults/782bbc4b-9d93-424d-9857-d3d8120b22b2?api-version=2020-09-01",
      "RequestMethod": "GET",
      "RequestHeaders": {
        "Authorization": "Sanitized",
        "User-Agent": [
          "azsdk-net-ResourceManager/1.0.0-beta.3",
          "(.NET 5.0.10; Microsoft Windows 10.0.19043)"
        ],
        "x-ms-client-request-id": "04ccaf0c84a9fd39055322aadf343437",
        "x-ms-return-client-request-id": "true"
      },
      "RequestBody": null,
      "StatusCode": 200,
      "ResponseHeaders": {
        "Cache-Control": "no-cache",
        "Content-Length": "62",
        "Content-Type": "application/json; charset=utf-8",
        "Date": "Mon, 27 Sep 2021 03:14:54 GMT",
        "Expires": "-1",
        "Pragma": "no-cache",
        "Server": "Kestrel",
        "Strict-Transport-Security": "max-age=31536000; includeSubDomains",
        "X-Content-Type-Options": "nosniff",
        "x-ms-client-request-id": "04ccaf0c84a9fd39055322aadf343437",
        "x-ms-correlation-request-id": "0fe4db94-0258-4ee5-ae49-753d5b684007",
        "x-ms-ratelimit-remaining-subscription-reads": "11837",
        "x-ms-request-id": "8c1fd5f7-6df7-4538-96ce-42a893dc04f5",
        "x-ms-routing-request-id": "SOUTHEASTASIA:20210927T031454Z:0fe4db94-0258-4ee5-ae49-753d5b684007"
      },
      "ResponseBody": {
        "status": "InProgress",
        "error": {
          "code": "None",
          "message": null
        }
      }
    },
    {
      "RequestUri": "https://management.azure.com/subscriptions/f3d94233-a9aa-4241-ac82-2dfb63ce637a/resourcegroups/testRg-6347/providers/Microsoft.Cdn/operationresults/782bbc4b-9d93-424d-9857-d3d8120b22b2?api-version=2020-09-01",
      "RequestMethod": "GET",
      "RequestHeaders": {
        "Authorization": "Sanitized",
        "User-Agent": [
          "azsdk-net-ResourceManager/1.0.0-beta.3",
          "(.NET 5.0.10; Microsoft Windows 10.0.19043)"
        ],
        "x-ms-client-request-id": "f4284a84b3a90611f32196f44008bbd1",
        "x-ms-return-client-request-id": "true"
      },
      "RequestBody": null,
      "StatusCode": 200,
      "ResponseHeaders": {
        "Cache-Control": "no-cache",
        "Content-Length": "62",
        "Content-Type": "application/json; charset=utf-8",
        "Date": "Mon, 27 Sep 2021 03:14:54 GMT",
        "Expires": "-1",
        "Pragma": "no-cache",
        "Server": "Kestrel",
        "Strict-Transport-Security": "max-age=31536000; includeSubDomains",
        "X-Content-Type-Options": "nosniff",
        "x-ms-client-request-id": "f4284a84b3a90611f32196f44008bbd1",
        "x-ms-correlation-request-id": "62be1f99-2d48-4be3-a375-b6a5259926ce",
        "x-ms-ratelimit-remaining-subscription-reads": "11836",
        "x-ms-request-id": "a88ed3fb-346c-432e-ae93-2b7443364c69",
        "x-ms-routing-request-id": "SOUTHEASTASIA:20210927T031455Z:62be1f99-2d48-4be3-a375-b6a5259926ce"
      },
      "ResponseBody": {
        "status": "InProgress",
        "error": {
          "code": "None",
          "message": null
        }
      }
    },
    {
      "RequestUri": "https://management.azure.com/subscriptions/f3d94233-a9aa-4241-ac82-2dfb63ce637a/resourcegroups/testRg-6347/providers/Microsoft.Cdn/operationresults/782bbc4b-9d93-424d-9857-d3d8120b22b2?api-version=2020-09-01",
      "RequestMethod": "GET",
      "RequestHeaders": {
        "Authorization": "Sanitized",
        "User-Agent": [
          "azsdk-net-ResourceManager/1.0.0-beta.3",
          "(.NET 5.0.10; Microsoft Windows 10.0.19043)"
        ],
        "x-ms-client-request-id": "645c3c430f23ebccca49963f14cac9c4",
        "x-ms-return-client-request-id": "true"
      },
      "RequestBody": null,
      "StatusCode": 200,
      "ResponseHeaders": {
        "Cache-Control": "no-cache",
        "Content-Length": "62",
        "Content-Type": "application/json; charset=utf-8",
        "Date": "Mon, 27 Sep 2021 03:14:55 GMT",
        "Expires": "-1",
        "Pragma": "no-cache",
        "Server": "Kestrel",
        "Strict-Transport-Security": "max-age=31536000; includeSubDomains",
        "X-Content-Type-Options": "nosniff",
        "x-ms-client-request-id": "645c3c430f23ebccca49963f14cac9c4",
        "x-ms-correlation-request-id": "9626fd67-4b2e-46ae-bc4f-01d4fb84397b",
        "x-ms-ratelimit-remaining-subscription-reads": "11835",
        "x-ms-request-id": "783c1000-daa9-4bf0-9179-473195c933eb",
        "x-ms-routing-request-id": "SOUTHEASTASIA:20210927T031455Z:9626fd67-4b2e-46ae-bc4f-01d4fb84397b"
      },
      "ResponseBody": {
        "status": "InProgress",
        "error": {
          "code": "None",
          "message": null
        }
      }
    },
    {
      "RequestUri": "https://management.azure.com/subscriptions/f3d94233-a9aa-4241-ac82-2dfb63ce637a/resourcegroups/testRg-6347/providers/Microsoft.Cdn/operationresults/782bbc4b-9d93-424d-9857-d3d8120b22b2?api-version=2020-09-01",
      "RequestMethod": "GET",
      "RequestHeaders": {
        "Authorization": "Sanitized",
        "User-Agent": [
          "azsdk-net-ResourceManager/1.0.0-beta.3",
          "(.NET 5.0.10; Microsoft Windows 10.0.19043)"
        ],
        "x-ms-client-request-id": "cc716b85bca058539ec61088ee44bdfd",
        "x-ms-return-client-request-id": "true"
      },
      "RequestBody": null,
      "StatusCode": 200,
      "ResponseHeaders": {
        "Cache-Control": "no-cache",
        "Content-Length": "62",
        "Content-Type": "application/json; charset=utf-8",
        "Date": "Mon, 27 Sep 2021 03:14:55 GMT",
        "Expires": "-1",
        "Pragma": "no-cache",
        "Server": "Kestrel",
        "Strict-Transport-Security": "max-age=31536000; includeSubDomains",
        "X-Content-Type-Options": "nosniff",
        "x-ms-client-request-id": "cc716b85bca058539ec61088ee44bdfd",
        "x-ms-correlation-request-id": "f21aa767-becb-45da-a282-d06eddc6dd2f",
        "x-ms-ratelimit-remaining-subscription-reads": "11834",
        "x-ms-request-id": "f642bdc1-02f0-4c1d-96c7-7c6cbf44653d",
        "x-ms-routing-request-id": "SOUTHEASTASIA:20210927T031455Z:f21aa767-becb-45da-a282-d06eddc6dd2f"
      },
      "ResponseBody": {
        "status": "InProgress",
        "error": {
          "code": "None",
          "message": null
        }
      }
    },
    {
      "RequestUri": "https://management.azure.com/subscriptions/f3d94233-a9aa-4241-ac82-2dfb63ce637a/resourcegroups/testRg-6347/providers/Microsoft.Cdn/operationresults/782bbc4b-9d93-424d-9857-d3d8120b22b2?api-version=2020-09-01",
      "RequestMethod": "GET",
      "RequestHeaders": {
        "Authorization": "Sanitized",
        "User-Agent": [
          "azsdk-net-ResourceManager/1.0.0-beta.3",
          "(.NET 5.0.10; Microsoft Windows 10.0.19043)"
        ],
        "x-ms-client-request-id": "a2665197cfd874147e3d295f1cd1f128",
        "x-ms-return-client-request-id": "true"
      },
      "RequestBody": null,
      "StatusCode": 200,
      "ResponseHeaders": {
        "Cache-Control": "no-cache",
        "Content-Length": "62",
        "Content-Type": "application/json; charset=utf-8",
        "Date": "Mon, 27 Sep 2021 03:14:55 GMT",
        "Expires": "-1",
        "Pragma": "no-cache",
        "Server": "Kestrel",
        "Strict-Transport-Security": "max-age=31536000; includeSubDomains",
        "X-Content-Type-Options": "nosniff",
        "x-ms-client-request-id": "a2665197cfd874147e3d295f1cd1f128",
        "x-ms-correlation-request-id": "0a75988a-2d8f-4f21-b23d-422da7d1655b",
        "x-ms-ratelimit-remaining-subscription-reads": "11833",
        "x-ms-request-id": "6ec33320-9ac5-4378-a8af-b00343687073",
        "x-ms-routing-request-id": "SOUTHEASTASIA:20210927T031456Z:0a75988a-2d8f-4f21-b23d-422da7d1655b"
      },
      "ResponseBody": {
        "status": "InProgress",
        "error": {
          "code": "None",
          "message": null
        }
      }
    },
    {
      "RequestUri": "https://management.azure.com/subscriptions/f3d94233-a9aa-4241-ac82-2dfb63ce637a/resourcegroups/testRg-6347/providers/Microsoft.Cdn/operationresults/782bbc4b-9d93-424d-9857-d3d8120b22b2?api-version=2020-09-01",
      "RequestMethod": "GET",
      "RequestHeaders": {
        "Authorization": "Sanitized",
        "User-Agent": [
          "azsdk-net-ResourceManager/1.0.0-beta.3",
          "(.NET 5.0.10; Microsoft Windows 10.0.19043)"
        ],
        "x-ms-client-request-id": "d56fd157ee968730e903c65cfe43fd85",
        "x-ms-return-client-request-id": "true"
      },
      "RequestBody": null,
      "StatusCode": 200,
      "ResponseHeaders": {
        "Cache-Control": "no-cache",
        "Content-Length": "62",
        "Content-Type": "application/json; charset=utf-8",
        "Date": "Mon, 27 Sep 2021 03:14:56 GMT",
        "Expires": "-1",
        "Pragma": "no-cache",
        "Server": "Kestrel",
        "Strict-Transport-Security": "max-age=31536000; includeSubDomains",
        "X-Content-Type-Options": "nosniff",
        "x-ms-client-request-id": "d56fd157ee968730e903c65cfe43fd85",
        "x-ms-correlation-request-id": "16d60655-c6b1-4bd7-a465-8992cb5d8ce2",
        "x-ms-ratelimit-remaining-subscription-reads": "11832",
        "x-ms-request-id": "967120ee-5eb1-481f-a7f6-74396e6e6149",
        "x-ms-routing-request-id": "SOUTHEASTASIA:20210927T031456Z:16d60655-c6b1-4bd7-a465-8992cb5d8ce2"
      },
      "ResponseBody": {
        "status": "InProgress",
        "error": {
          "code": "None",
          "message": null
        }
      }
    },
    {
      "RequestUri": "https://management.azure.com/subscriptions/f3d94233-a9aa-4241-ac82-2dfb63ce637a/resourcegroups/testRg-6347/providers/Microsoft.Cdn/operationresults/782bbc4b-9d93-424d-9857-d3d8120b22b2?api-version=2020-09-01",
      "RequestMethod": "GET",
      "RequestHeaders": {
        "Authorization": "Sanitized",
        "User-Agent": [
          "azsdk-net-ResourceManager/1.0.0-beta.3",
          "(.NET 5.0.10; Microsoft Windows 10.0.19043)"
        ],
        "x-ms-client-request-id": "c3a7988c2664b5ec57fd4e6392f33ccc",
        "x-ms-return-client-request-id": "true"
      },
      "RequestBody": null,
      "StatusCode": 200,
      "ResponseHeaders": {
        "Cache-Control": "no-cache",
        "Content-Length": "62",
        "Content-Type": "application/json; charset=utf-8",
        "Date": "Mon, 27 Sep 2021 03:14:56 GMT",
        "Expires": "-1",
        "Pragma": "no-cache",
        "Server": "Kestrel",
        "Strict-Transport-Security": "max-age=31536000; includeSubDomains",
        "X-Content-Type-Options": "nosniff",
        "x-ms-client-request-id": "c3a7988c2664b5ec57fd4e6392f33ccc",
        "x-ms-correlation-request-id": "bb948cd2-105f-4b59-863d-9d0aaefe5168",
        "x-ms-ratelimit-remaining-subscription-reads": "11831",
        "x-ms-request-id": "8c633b4a-94c4-4fcd-b5b7-eab1baa35df3",
        "x-ms-routing-request-id": "SOUTHEASTASIA:20210927T031456Z:bb948cd2-105f-4b59-863d-9d0aaefe5168"
      },
      "ResponseBody": {
        "status": "InProgress",
        "error": {
          "code": "None",
          "message": null
        }
      }
    },
    {
      "RequestUri": "https://management.azure.com/subscriptions/f3d94233-a9aa-4241-ac82-2dfb63ce637a/resourcegroups/testRg-6347/providers/Microsoft.Cdn/operationresults/782bbc4b-9d93-424d-9857-d3d8120b22b2?api-version=2020-09-01",
      "RequestMethod": "GET",
      "RequestHeaders": {
        "Authorization": "Sanitized",
        "User-Agent": [
          "azsdk-net-ResourceManager/1.0.0-beta.3",
          "(.NET 5.0.10; Microsoft Windows 10.0.19043)"
        ],
        "x-ms-client-request-id": "1c31e8d5e7d5a86620deb9d509b7763a",
        "x-ms-return-client-request-id": "true"
      },
      "RequestBody": null,
      "StatusCode": 200,
      "ResponseHeaders": {
        "Cache-Control": "no-cache",
        "Content-Length": "62",
        "Content-Type": "application/json; charset=utf-8",
        "Date": "Mon, 27 Sep 2021 03:14:56 GMT",
        "Expires": "-1",
        "Pragma": "no-cache",
        "Server": "Kestrel",
        "Strict-Transport-Security": "max-age=31536000; includeSubDomains",
        "X-Content-Type-Options": "nosniff",
        "x-ms-client-request-id": "1c31e8d5e7d5a86620deb9d509b7763a",
        "x-ms-correlation-request-id": "a9777d78-5a04-4f41-b25b-4a22250e268e",
        "x-ms-ratelimit-remaining-subscription-reads": "11830",
        "x-ms-request-id": "92ad3eb3-51f5-43b5-90a6-4acfcb6938ad",
        "x-ms-routing-request-id": "SOUTHEASTASIA:20210927T031457Z:a9777d78-5a04-4f41-b25b-4a22250e268e"
      },
      "ResponseBody": {
        "status": "InProgress",
        "error": {
          "code": "None",
          "message": null
        }
      }
    },
    {
      "RequestUri": "https://management.azure.com/subscriptions/f3d94233-a9aa-4241-ac82-2dfb63ce637a/resourcegroups/testRg-6347/providers/Microsoft.Cdn/operationresults/782bbc4b-9d93-424d-9857-d3d8120b22b2?api-version=2020-09-01",
      "RequestMethod": "GET",
      "RequestHeaders": {
        "Authorization": "Sanitized",
        "User-Agent": [
          "azsdk-net-ResourceManager/1.0.0-beta.3",
          "(.NET 5.0.10; Microsoft Windows 10.0.19043)"
        ],
        "x-ms-client-request-id": "84d3a3402d2a30c4e5ba7e99a0cdf4f6",
        "x-ms-return-client-request-id": "true"
      },
      "RequestBody": null,
      "StatusCode": 200,
      "ResponseHeaders": {
        "Cache-Control": "no-cache",
        "Content-Length": "62",
        "Content-Type": "application/json; charset=utf-8",
        "Date": "Mon, 27 Sep 2021 03:14:57 GMT",
        "Expires": "-1",
        "Pragma": "no-cache",
        "Server": "Kestrel",
        "Strict-Transport-Security": "max-age=31536000; includeSubDomains",
        "X-Content-Type-Options": "nosniff",
        "x-ms-client-request-id": "84d3a3402d2a30c4e5ba7e99a0cdf4f6",
        "x-ms-correlation-request-id": "b4a69c19-b914-4988-a580-f44de0010cd5",
        "x-ms-ratelimit-remaining-subscription-reads": "11829",
        "x-ms-request-id": "5d5ab0e3-6c3c-4dc5-9a6d-93b844618161",
        "x-ms-routing-request-id": "SOUTHEASTASIA:20210927T031457Z:b4a69c19-b914-4988-a580-f44de0010cd5"
      },
      "ResponseBody": {
        "status": "InProgress",
        "error": {
          "code": "None",
          "message": null
        }
      }
    },
    {
      "RequestUri": "https://management.azure.com/subscriptions/f3d94233-a9aa-4241-ac82-2dfb63ce637a/resourcegroups/testRg-6347/providers/Microsoft.Cdn/operationresults/782bbc4b-9d93-424d-9857-d3d8120b22b2?api-version=2020-09-01",
      "RequestMethod": "GET",
      "RequestHeaders": {
        "Authorization": "Sanitized",
        "User-Agent": [
          "azsdk-net-ResourceManager/1.0.0-beta.3",
          "(.NET 5.0.10; Microsoft Windows 10.0.19043)"
        ],
        "x-ms-client-request-id": "1687f9c7e012a4b032fea3856d17ab9f",
        "x-ms-return-client-request-id": "true"
      },
      "RequestBody": null,
      "StatusCode": 200,
      "ResponseHeaders": {
        "Cache-Control": "no-cache",
        "Content-Length": "62",
        "Content-Type": "application/json; charset=utf-8",
        "Date": "Mon, 27 Sep 2021 03:14:57 GMT",
        "Expires": "-1",
        "Pragma": "no-cache",
        "Server": "Kestrel",
        "Strict-Transport-Security": "max-age=31536000; includeSubDomains",
        "X-Content-Type-Options": "nosniff",
        "x-ms-client-request-id": "1687f9c7e012a4b032fea3856d17ab9f",
        "x-ms-correlation-request-id": "84426e26-e0f2-4467-a2e9-b53e9884a2c2",
        "x-ms-ratelimit-remaining-subscription-reads": "11828",
        "x-ms-request-id": "0fe1d818-c9e7-4acb-a1ad-46f7eb159565",
        "x-ms-routing-request-id": "SOUTHEASTASIA:20210927T031457Z:84426e26-e0f2-4467-a2e9-b53e9884a2c2"
      },
      "ResponseBody": {
        "status": "InProgress",
        "error": {
          "code": "None",
          "message": null
        }
      }
    },
    {
      "RequestUri": "https://management.azure.com/subscriptions/f3d94233-a9aa-4241-ac82-2dfb63ce637a/resourcegroups/testRg-6347/providers/Microsoft.Cdn/operationresults/782bbc4b-9d93-424d-9857-d3d8120b22b2?api-version=2020-09-01",
      "RequestMethod": "GET",
      "RequestHeaders": {
        "Authorization": "Sanitized",
        "User-Agent": [
          "azsdk-net-ResourceManager/1.0.0-beta.3",
          "(.NET 5.0.10; Microsoft Windows 10.0.19043)"
        ],
        "x-ms-client-request-id": "ee221487b820a8a22300371b69cd0853",
        "x-ms-return-client-request-id": "true"
      },
      "RequestBody": null,
      "StatusCode": 200,
      "ResponseHeaders": {
        "Cache-Control": "no-cache",
        "Content-Length": "62",
        "Content-Type": "application/json; charset=utf-8",
        "Date": "Mon, 27 Sep 2021 03:14:57 GMT",
        "Expires": "-1",
        "Pragma": "no-cache",
        "Server": "Kestrel",
        "Strict-Transport-Security": "max-age=31536000; includeSubDomains",
        "X-Content-Type-Options": "nosniff",
        "x-ms-client-request-id": "ee221487b820a8a22300371b69cd0853",
        "x-ms-correlation-request-id": "ce8df1a7-8ee6-4b2b-9056-cb73df7f7e24",
        "x-ms-ratelimit-remaining-subscription-reads": "11827",
        "x-ms-request-id": "0da28d34-78a1-4842-b62e-8991ce3cbfa5",
        "x-ms-routing-request-id": "SOUTHEASTASIA:20210927T031457Z:ce8df1a7-8ee6-4b2b-9056-cb73df7f7e24"
      },
      "ResponseBody": {
        "status": "InProgress",
        "error": {
          "code": "None",
          "message": null
        }
      }
    },
    {
      "RequestUri": "https://management.azure.com/subscriptions/f3d94233-a9aa-4241-ac82-2dfb63ce637a/resourcegroups/testRg-6347/providers/Microsoft.Cdn/operationresults/782bbc4b-9d93-424d-9857-d3d8120b22b2?api-version=2020-09-01",
      "RequestMethod": "GET",
      "RequestHeaders": {
        "Authorization": "Sanitized",
        "User-Agent": [
          "azsdk-net-ResourceManager/1.0.0-beta.3",
          "(.NET 5.0.10; Microsoft Windows 10.0.19043)"
        ],
        "x-ms-client-request-id": "0f0ec3e95f2f5f27f32e512b8a3fc3cd",
        "x-ms-return-client-request-id": "true"
      },
      "RequestBody": null,
      "StatusCode": 200,
      "ResponseHeaders": {
        "Cache-Control": "no-cache",
        "Content-Length": "62",
        "Content-Type": "application/json; charset=utf-8",
        "Date": "Mon, 27 Sep 2021 03:14:58 GMT",
        "Expires": "-1",
        "Pragma": "no-cache",
        "Server": "Kestrel",
        "Strict-Transport-Security": "max-age=31536000; includeSubDomains",
        "X-Content-Type-Options": "nosniff",
        "x-ms-client-request-id": "0f0ec3e95f2f5f27f32e512b8a3fc3cd",
        "x-ms-correlation-request-id": "e7a139f2-f572-4991-87f9-9b3bc3f26980",
        "x-ms-ratelimit-remaining-subscription-reads": "11826",
        "x-ms-request-id": "dd4abb4f-ced9-4ac7-bda9-edccc86dec84",
        "x-ms-routing-request-id": "SOUTHEASTASIA:20210927T031458Z:e7a139f2-f572-4991-87f9-9b3bc3f26980"
      },
      "ResponseBody": {
        "status": "InProgress",
        "error": {
          "code": "None",
          "message": null
        }
      }
    },
    {
      "RequestUri": "https://management.azure.com/subscriptions/f3d94233-a9aa-4241-ac82-2dfb63ce637a/resourcegroups/testRg-6347/providers/Microsoft.Cdn/operationresults/782bbc4b-9d93-424d-9857-d3d8120b22b2?api-version=2020-09-01",
      "RequestMethod": "GET",
      "RequestHeaders": {
        "Authorization": "Sanitized",
        "User-Agent": [
          "azsdk-net-ResourceManager/1.0.0-beta.3",
          "(.NET 5.0.10; Microsoft Windows 10.0.19043)"
        ],
        "x-ms-client-request-id": "8c12de0e06ab0fd657dff312a9943b65",
        "x-ms-return-client-request-id": "true"
      },
      "RequestBody": null,
      "StatusCode": 200,
      "ResponseHeaders": {
        "Cache-Control": "no-cache",
        "Content-Length": "62",
        "Content-Type": "application/json; charset=utf-8",
        "Date": "Mon, 27 Sep 2021 03:14:58 GMT",
        "Expires": "-1",
        "Pragma": "no-cache",
        "Server": "Kestrel",
        "Strict-Transport-Security": "max-age=31536000; includeSubDomains",
        "X-Content-Type-Options": "nosniff",
        "x-ms-client-request-id": "8c12de0e06ab0fd657dff312a9943b65",
        "x-ms-correlation-request-id": "db2fda3a-8e04-4e7e-b72e-b3cd195fc0da",
        "x-ms-ratelimit-remaining-subscription-reads": "11825",
        "x-ms-request-id": "2e995610-df0c-4313-ad6d-0e0ed60e17a3",
        "x-ms-routing-request-id": "SOUTHEASTASIA:20210927T031458Z:db2fda3a-8e04-4e7e-b72e-b3cd195fc0da"
      },
      "ResponseBody": {
        "status": "InProgress",
        "error": {
          "code": "None",
          "message": null
        }
      }
    },
    {
      "RequestUri": "https://management.azure.com/subscriptions/f3d94233-a9aa-4241-ac82-2dfb63ce637a/resourcegroups/testRg-6347/providers/Microsoft.Cdn/operationresults/782bbc4b-9d93-424d-9857-d3d8120b22b2?api-version=2020-09-01",
      "RequestMethod": "GET",
      "RequestHeaders": {
        "Authorization": "Sanitized",
        "User-Agent": [
          "azsdk-net-ResourceManager/1.0.0-beta.3",
          "(.NET 5.0.10; Microsoft Windows 10.0.19043)"
        ],
        "x-ms-client-request-id": "aa9b4ff69b092770ecc2fbf266761de4",
        "x-ms-return-client-request-id": "true"
      },
      "RequestBody": null,
      "StatusCode": 200,
      "ResponseHeaders": {
        "Cache-Control": "no-cache",
        "Content-Length": "62",
        "Content-Type": "application/json; charset=utf-8",
        "Date": "Mon, 27 Sep 2021 03:14:58 GMT",
        "Expires": "-1",
        "Pragma": "no-cache",
        "Server": "Kestrel",
        "Strict-Transport-Security": "max-age=31536000; includeSubDomains",
        "X-Content-Type-Options": "nosniff",
        "x-ms-client-request-id": "aa9b4ff69b092770ecc2fbf266761de4",
        "x-ms-correlation-request-id": "94c18f9e-9c0e-4549-a864-0a55ae009637",
        "x-ms-ratelimit-remaining-subscription-reads": "11824",
        "x-ms-request-id": "4cea3a8a-6491-4043-88bc-9fd315976ce7",
        "x-ms-routing-request-id": "SOUTHEASTASIA:20210927T031458Z:94c18f9e-9c0e-4549-a864-0a55ae009637"
      },
      "ResponseBody": {
        "status": "InProgress",
        "error": {
          "code": "None",
          "message": null
        }
      }
    },
    {
      "RequestUri": "https://management.azure.com/subscriptions/f3d94233-a9aa-4241-ac82-2dfb63ce637a/resourcegroups/testRg-6347/providers/Microsoft.Cdn/operationresults/782bbc4b-9d93-424d-9857-d3d8120b22b2?api-version=2020-09-01",
      "RequestMethod": "GET",
      "RequestHeaders": {
        "Authorization": "Sanitized",
        "User-Agent": [
          "azsdk-net-ResourceManager/1.0.0-beta.3",
          "(.NET 5.0.10; Microsoft Windows 10.0.19043)"
        ],
        "x-ms-client-request-id": "8b0c693d7cbae3a8edfeb8506c15b65e",
        "x-ms-return-client-request-id": "true"
      },
      "RequestBody": null,
      "StatusCode": 200,
      "ResponseHeaders": {
        "Cache-Control": "no-cache",
        "Content-Length": "62",
        "Content-Type": "application/json; charset=utf-8",
        "Date": "Mon, 27 Sep 2021 03:14:58 GMT",
        "Expires": "-1",
        "Pragma": "no-cache",
        "Server": "Kestrel",
        "Strict-Transport-Security": "max-age=31536000; includeSubDomains",
        "X-Content-Type-Options": "nosniff",
        "x-ms-client-request-id": "8b0c693d7cbae3a8edfeb8506c15b65e",
        "x-ms-correlation-request-id": "cb4310bd-80ca-48fe-8a73-0fe94e211d15",
        "x-ms-ratelimit-remaining-subscription-reads": "11823",
        "x-ms-request-id": "54a26fb1-9d7c-41ff-ad4d-5d4fad0f2a4c",
        "x-ms-routing-request-id": "SOUTHEASTASIA:20210927T031459Z:cb4310bd-80ca-48fe-8a73-0fe94e211d15"
      },
      "ResponseBody": {
        "status": "InProgress",
        "error": {
          "code": "None",
          "message": null
        }
      }
    },
    {
      "RequestUri": "https://management.azure.com/subscriptions/f3d94233-a9aa-4241-ac82-2dfb63ce637a/resourcegroups/testRg-6347/providers/Microsoft.Cdn/operationresults/782bbc4b-9d93-424d-9857-d3d8120b22b2?api-version=2020-09-01",
      "RequestMethod": "GET",
      "RequestHeaders": {
        "Authorization": "Sanitized",
        "User-Agent": [
          "azsdk-net-ResourceManager/1.0.0-beta.3",
          "(.NET 5.0.10; Microsoft Windows 10.0.19043)"
        ],
        "x-ms-client-request-id": "3a35ecf218a373c46dea9fe80be4a8e1",
        "x-ms-return-client-request-id": "true"
      },
      "RequestBody": null,
      "StatusCode": 200,
      "ResponseHeaders": {
        "Cache-Control": "no-cache",
        "Content-Length": "62",
        "Content-Type": "application/json; charset=utf-8",
        "Date": "Mon, 27 Sep 2021 03:14:59 GMT",
        "Expires": "-1",
        "Pragma": "no-cache",
        "Server": "Kestrel",
        "Strict-Transport-Security": "max-age=31536000; includeSubDomains",
        "X-Content-Type-Options": "nosniff",
        "x-ms-client-request-id": "3a35ecf218a373c46dea9fe80be4a8e1",
        "x-ms-correlation-request-id": "f31e7d09-6f34-4720-a98f-2c5967484c55",
        "x-ms-ratelimit-remaining-subscription-reads": "11822",
        "x-ms-request-id": "f7c2ead5-b3f9-4ec6-8f89-a0f2891377de",
        "x-ms-routing-request-id": "SOUTHEASTASIA:20210927T031459Z:f31e7d09-6f34-4720-a98f-2c5967484c55"
      },
      "ResponseBody": {
        "status": "InProgress",
        "error": {
          "code": "None",
          "message": null
        }
      }
    },
    {
      "RequestUri": "https://management.azure.com/subscriptions/f3d94233-a9aa-4241-ac82-2dfb63ce637a/resourcegroups/testRg-6347/providers/Microsoft.Cdn/operationresults/782bbc4b-9d93-424d-9857-d3d8120b22b2?api-version=2020-09-01",
      "RequestMethod": "GET",
      "RequestHeaders": {
        "Authorization": "Sanitized",
        "User-Agent": [
          "azsdk-net-ResourceManager/1.0.0-beta.3",
          "(.NET 5.0.10; Microsoft Windows 10.0.19043)"
        ],
        "x-ms-client-request-id": "40d40fc1af8879aaa7b7bc0ae31fbbd6",
        "x-ms-return-client-request-id": "true"
      },
      "RequestBody": null,
      "StatusCode": 200,
      "ResponseHeaders": {
        "Cache-Control": "no-cache",
        "Content-Length": "62",
        "Content-Type": "application/json; charset=utf-8",
        "Date": "Mon, 27 Sep 2021 03:14:59 GMT",
        "Expires": "-1",
        "Pragma": "no-cache",
        "Server": "Kestrel",
        "Strict-Transport-Security": "max-age=31536000; includeSubDomains",
        "X-Content-Type-Options": "nosniff",
        "x-ms-client-request-id": "40d40fc1af8879aaa7b7bc0ae31fbbd6",
        "x-ms-correlation-request-id": "8f6f802b-86df-4e91-9fa7-a19ee8fcd46d",
        "x-ms-ratelimit-remaining-subscription-reads": "11821",
        "x-ms-request-id": "054157b1-cd8a-4c1c-9b54-f7ef43125285",
        "x-ms-routing-request-id": "SOUTHEASTASIA:20210927T031459Z:8f6f802b-86df-4e91-9fa7-a19ee8fcd46d"
      },
      "ResponseBody": {
        "status": "InProgress",
        "error": {
          "code": "None",
          "message": null
        }
      }
    },
    {
      "RequestUri": "https://management.azure.com/subscriptions/f3d94233-a9aa-4241-ac82-2dfb63ce637a/resourcegroups/testRg-6347/providers/Microsoft.Cdn/operationresults/782bbc4b-9d93-424d-9857-d3d8120b22b2?api-version=2020-09-01",
      "RequestMethod": "GET",
      "RequestHeaders": {
        "Authorization": "Sanitized",
        "User-Agent": [
          "azsdk-net-ResourceManager/1.0.0-beta.3",
          "(.NET 5.0.10; Microsoft Windows 10.0.19043)"
        ],
        "x-ms-client-request-id": "79ff9c0ce3412440a4991dcfdcbfd809",
        "x-ms-return-client-request-id": "true"
      },
      "RequestBody": null,
      "StatusCode": 200,
      "ResponseHeaders": {
        "Cache-Control": "no-cache",
        "Content-Length": "62",
        "Content-Type": "application/json; charset=utf-8",
        "Date": "Mon, 27 Sep 2021 03:14:59 GMT",
        "Expires": "-1",
        "Pragma": "no-cache",
        "Server": "Kestrel",
        "Strict-Transport-Security": "max-age=31536000; includeSubDomains",
        "X-Content-Type-Options": "nosniff",
        "x-ms-client-request-id": "79ff9c0ce3412440a4991dcfdcbfd809",
        "x-ms-correlation-request-id": "29d54a19-a1ad-42c8-8636-759d5a977cdd",
        "x-ms-ratelimit-remaining-subscription-reads": "11820",
        "x-ms-request-id": "b4017fd8-3e88-4ccd-859e-339a7e3f208e",
        "x-ms-routing-request-id": "SOUTHEASTASIA:20210927T031500Z:29d54a19-a1ad-42c8-8636-759d5a977cdd"
      },
      "ResponseBody": {
        "status": "InProgress",
        "error": {
          "code": "None",
          "message": null
        }
      }
    },
    {
      "RequestUri": "https://management.azure.com/subscriptions/f3d94233-a9aa-4241-ac82-2dfb63ce637a/resourcegroups/testRg-6347/providers/Microsoft.Cdn/operationresults/782bbc4b-9d93-424d-9857-d3d8120b22b2?api-version=2020-09-01",
      "RequestMethod": "GET",
      "RequestHeaders": {
        "Authorization": "Sanitized",
        "User-Agent": [
          "azsdk-net-ResourceManager/1.0.0-beta.3",
          "(.NET 5.0.10; Microsoft Windows 10.0.19043)"
        ],
        "x-ms-client-request-id": "5c8ed755754143d642bb93eb5bb9904e",
        "x-ms-return-client-request-id": "true"
      },
      "RequestBody": null,
      "StatusCode": 200,
      "ResponseHeaders": {
        "Cache-Control": "no-cache",
        "Content-Length": "61",
        "Content-Type": "application/json; charset=utf-8",
        "Date": "Mon, 27 Sep 2021 03:15:00 GMT",
        "Expires": "-1",
        "Pragma": "no-cache",
        "Server": "Kestrel",
        "Strict-Transport-Security": "max-age=31536000; includeSubDomains",
        "X-Content-Type-Options": "nosniff",
        "x-ms-client-request-id": "5c8ed755754143d642bb93eb5bb9904e",
        "x-ms-correlation-request-id": "8382156d-2c2d-4586-a52a-d741d4cd80f3",
        "x-ms-ratelimit-remaining-subscription-reads": "11819",
        "x-ms-request-id": "be28c5da-eb57-4650-9b32-77784c70c40f",
        "x-ms-routing-request-id": "SOUTHEASTASIA:20210927T031500Z:8382156d-2c2d-4586-a52a-d741d4cd80f3"
      },
      "ResponseBody": {
        "status": "Succeeded",
        "error": {
          "code": "None",
          "message": null
        }
      }
    },
    {
      "RequestUri": "https://management.azure.com/subscriptions/f3d94233-a9aa-4241-ac82-2dfb63ce637a/resourceGroups/testRg-6347/providers/Microsoft.Cdn/profiles/AFDProfile-8083/originGroups/AFDOriginGroup-5072/origins/AFDOrigin-2064?api-version=2020-09-01",
      "RequestMethod": "GET",
      "RequestHeaders": {
        "Authorization": "Sanitized",
        "User-Agent": [
          "azsdk-net-ResourceManager/1.0.0-beta.3",
          "(.NET 5.0.10; Microsoft Windows 10.0.19043)"
        ],
        "x-ms-client-request-id": "6fdcc82f2fe4de9fceaf9bee91da9de7",
        "x-ms-return-client-request-id": "true"
      },
      "RequestBody": null,
      "StatusCode": 200,
      "ResponseHeaders": {
        "Cache-Control": "no-cache",
        "Content-Length": "582",
        "Content-Type": "application/json; charset=utf-8",
        "Date": "Mon, 27 Sep 2021 03:15:01 GMT",
        "Expires": "-1",
        "Pragma": "no-cache",
        "Server": "Kestrel",
        "Strict-Transport-Security": "max-age=31536000; includeSubDomains",
        "X-Content-Type-Options": "nosniff",
        "x-ms-client-request-id": "6fdcc82f2fe4de9fceaf9bee91da9de7",
        "x-ms-correlation-request-id": "7899d51d-3d41-4894-931a-1c2c04e761c4",
        "x-ms-ratelimit-remaining-subscription-reads": "11818",
        "x-ms-request-id": "45176298-ba17-4782-a3a2-cd6afe1e71b6",
        "x-ms-routing-request-id": "SOUTHEASTASIA:20210927T031501Z:7899d51d-3d41-4894-931a-1c2c04e761c4"
      },
      "ResponseBody": {
        "id": "/subscriptions/f3d94233-a9aa-4241-ac82-2dfb63ce637a/resourcegroups/testRg-6347/providers/Microsoft.Cdn/profiles/AFDProfile-8083/originGroups/AFDOriginGroup-5072/origins/AFDOrigin-2064",
        "type": "Microsoft.Cdn/profiles/originGroups/origins",
        "name": "AFDOrigin-2064",
        "properties": {
          "originGroupName": "AFDOriginGroup-5072",
          "hostName": "testsa4dotnetsdk.blob.core.windows.net",
          "httpPort": 80,
          "httpsPort": 443,
          "originHostHeader": null,
          "priority": null,
          "weight": null,
          "enabledState": "Enabled",
          "sharedPrivateLinkResource": null,
          "provisioningState": "Succeeded",
          "deploymentStatus": "NotStarted"
        }
      }
    }
  ],
  "Variables": {
    "RandomSeed": "286798205",
    "RESOURCE_MANAGER_URL": null,
    "SUBSCRIPTION_ID": "f3d94233-a9aa-4241-ac82-2dfb63ce637a"
  }
}