{
  "Entries": [
    {
      "RequestUri": "https://localhost:8441/subscriptions/00000000-0000-0000-0000-000000000000?api-version=2019-11-01",
      "RequestMethod": "GET",
      "RequestHeaders": {
        "Accept": "application/json",
        "Authorization": "Sanitized",
        "User-Agent": [
          "azsdk-net-ResourceManager.Core/1.0.0-alpha.20210709.1",
          "(.NET 5.0.7; Microsoft Windows 10.0.19043)"
        ],
        "x-ms-client-request-id": "0003a0805bb9d332f2336e424b0a5ab1",
        "x-ms-return-client-request-id": "true"
      },
      "RequestBody": null,
      "StatusCode": 200,
      "ResponseHeaders": {
        "Connection": "keep-alive",
        "Content-Length": "403",
        "Content-Type": "application/json; charset=utf-8",
        "Date": "Fri, 09 Jul 2021 05:26:44 GMT",
        "ETag": "W/\u0022193-XMviJqaGXohjOV1XjmYhUY8VLpk\u0022",
        "Keep-Alive": "timeout=5",
        "X-Powered-By": "Express"
      },
      "ResponseBody": {
        "id": "/subscriptions/00000000-0000-0000-0000-000000000000",
        "authorizationSource": "RoleBased",
        "managedByTenants": [],
        "subscriptionId": "00000000-0000-0000-0000-000000000000",
        "tenantId": "0000000-0000-0000-0000-000000000000",
        "displayName": "Name of the subscription",
        "state": "Enabled",
        "subscriptionPolicies": {
          "locationPlacementId": "Internal_2014-09-01",
          "quotaId": "Internal_2014-09-01",
          "spendingLimit": "Off"
        }
      }
    },
    {
      "RequestUri": "https://localhost:8441/subscriptions/00000000-0000-0000-0000-000000000000?api-version=2019-11-01",
      "RequestMethod": "GET",
      "RequestHeaders": {
        "Accept": "application/json",
        "Authorization": "Sanitized",
        "traceparent": "00-0d1223817975824ea180e2d3512d3630-642a59837782cf4c-00",
        "User-Agent": [
          "azsdk-net-ResourceManager.Core/1.0.0-alpha.20210709.1",
          "(.NET 5.0.7; Microsoft Windows 10.0.19043)"
        ],
        "x-ms-client-request-id": "887d87e9a6915e9a902bd999e1a2b795",
        "x-ms-return-client-request-id": "true"
      },
      "RequestBody": null,
      "StatusCode": 200,
      "ResponseHeaders": {
        "Connection": "keep-alive",
        "Content-Length": "403",
        "Content-Type": "application/json; charset=utf-8",
        "Date": "Fri, 09 Jul 2021 05:26:44 GMT",
        "ETag": "W/\u0022193-XMviJqaGXohjOV1XjmYhUY8VLpk\u0022",
        "Keep-Alive": "timeout=5",
        "X-Powered-By": "Express"
      },
      "ResponseBody": {
        "id": "/subscriptions/00000000-0000-0000-0000-000000000000",
        "authorizationSource": "RoleBased",
        "managedByTenants": [],
        "subscriptionId": "00000000-0000-0000-0000-000000000000",
        "tenantId": "0000000-0000-0000-0000-000000000000",
        "displayName": "Name of the subscription",
        "state": "Enabled",
        "subscriptionPolicies": {
          "locationPlacementId": "Internal_2014-09-01",
          "quotaId": "Internal_2014-09-01",
          "spendingLimit": "Off"
        }
      }
    },
    {
      "RequestUri": "https://localhost:8441/subscriptions/00000000-0000-0000-0000-000000000000/resourcegroups/mockResourceGroup?api-version=2019-10-01",
      "RequestMethod": "PUT",
      "RequestHeaders": {
        "Accept": "application/json",
        "Authorization": "Sanitized",
        "Content-Length": "32",
        "Content-Type": "application/json",
        "traceparent": "00-8f33aae24bd4a545ad72783f5cc1706d-cf3ea454f083b64c-00",
        "User-Agent": [
          "azsdk-net-ResourceManager.Core/1.0.0-alpha.20210709.1",
          "(.NET 5.0.7; Microsoft Windows 10.0.19043)"
        ],
        "x-ms-client-request-id": "b0498dd6882809dc8381296f8d033fa8",
        "x-ms-return-client-request-id": "true"
      },
      "RequestBody": {
        "location": "West US",
        "tags": {}
      },
      "StatusCode": 200,
      "ResponseHeaders": {
        "Connection": "keep-alive",
        "Content-Length": "258",
        "Content-Type": "application/json; charset=utf-8",
        "Date": "Fri, 09 Jul 2021 05:26:44 GMT",
        "ETag": "W/\u0022102-PQYXMz2VTejoquJN9k\u002BjrMOf1\u002BM\u0022",
        "Keep-Alive": "timeout=5",
        "X-Powered-By": "Express"
      },
      "ResponseBody": {
        "id": "/subscriptions/00000000-0000-0000-0000-000000000000/resourcegroups/mockResourceGroup",
        "location": "eastus",
        "managedBy": null,
        "name": "mockResourceGroup",
        "properties": {
          "provisioningState": "Succeeded"
        },
        "tags": {},
        "type": "Microsoft.Resources/resourceGroups"
      }
    },
    {
      "RequestUri": "https://localhost:8441/subscriptions/00000000-0000-0000-0000-000000000000/resourceGroups/mockResourceGroup/providers/Microsoft.Compute/availabilitySets/mockAvailabilitySet?api-version=2021-03-01",
      "RequestMethod": "PUT",
      "RequestHeaders": {
        "Accept": "application/json",
        "Authorization": "Sanitized",
        "Content-Length": "48",
        "Content-Type": "application/json",
        "User-Agent": [
          "azsdk-net-ResourceManager.Core/1.0.0-alpha.20210709.1",
          "(.NET 5.0.7; Microsoft Windows 10.0.19043)"
        ],
        "x-ms-client-request-id": "c49ef98e11d4da3205a56f8e8298f14f",
        "x-ms-return-client-request-id": "true"
      },
      "RequestBody": {
        "tags": {},
        "location": "West US",
        "properties": {}
      },
      "StatusCode": 200,
      "ResponseHeaders": {
        "Connection": "keep-alive",
        "Content-Length": "895",
        "Content-Type": "application/json; charset=utf-8",
        "Date": "Fri, 09 Jul 2021 05:26:44 GMT",
        "ETag": "W/\u002237f-X7FQqk\u002BgkLyQi6HriCTRjj\u002Bi7VA\u0022",
        "Keep-Alive": "timeout=5",
        "X-Powered-By": "Express"
      },
      "ResponseBody": {
        "id": "/subscriptions/00000000-0000-0000-0000-000000000000/resourceGroups/mockResourceGroup/providers/Microsoft.Compute/availabilitySets/mockAvailabilitySet",
        "name": "mockAvailabilitySet",
        "type": "aaaaaaaaaaaaaa",
        "location": "aaaaaaaaaaaaaaaaaaaaaaaaaaaa",
        "tags": {
          "key2796": "aaaaaaaaa"
        },
        "properties": {
          "platformUpdateDomainCount": 9,
          "platformFaultDomainCount": 4,
          "virtualMachines": [
            {
              "id": "/subscriptions/a9cbceed-cd54-47f1-b7a2-bad149218603/resourceGroups/mockRg/providers/Microsoft.Resources/mockResource/mockName"
            }
          ],
          "proximityPlacementGroup": {
            "id": "/subscriptions/a9cbceed-cd54-47f1-b7a2-bad149218603/resourceGroups/mockRg/providers/Microsoft.Resources/mockResource/mockName"
          },
          "statuses": [
            {
              "code": "aaaaaaaaaaaaaa",
              "level": "Info",
              "displayStatus": "aaaa",
              "message": "aaaaaaaaa",
              "time": "2021-07-09T05:26:44.498Z"
            }
          ]
        },
        "sku": {
          "name": "mockAvailabilitySet",
          "tier": "aaaaaaaaaaaaaaaaaaaaaaaaaaa",
          "capacity": 12
        }
      }
    },
    {
      "RequestUri": "https://localhost:8441/subscriptions/00000000-0000-0000-0000-000000000000/resourceGroups/mockResourceGroup/providers/Microsoft.Compute/availabilitySets/mockAvailabilitySet?api-version=2021-03-01",
      "RequestMethod": "PATCH",
      "RequestHeaders": {
        "Accept": "application/json",
        "Authorization": "Sanitized",
        "Content-Length": "40",
        "Content-Type": "application/json",
        "User-Agent": [
          "azsdk-net-ResourceManager.Core/1.0.0-alpha.20210709.1",
          "(.NET 5.0.7; Microsoft Windows 10.0.19043)"
        ],
        "x-ms-client-request-id": "be6bd87ba9c16188ab74050f7c2bd08c",
        "x-ms-return-client-request-id": "true"
      },
      "RequestBody": {
        "tags": {
          "key": "value"
        },
        "properties": {}
      },
      "StatusCode": 200,
      "ResponseHeaders": {
        "Connection": "keep-alive",
        "Content-Length": "895",
        "Content-Type": "application/json; charset=utf-8",
        "Date": "Fri, 09 Jul 2021 05:26:44 GMT",
        "ETag": "W/\u002237f-X7FQqk\u002BgkLyQi6HriCTRjj\u002Bi7VA\u0022",
        "Keep-Alive": "timeout=5",
        "X-Powered-By": "Express"
      },
      "ResponseBody": {
        "id": "/subscriptions/00000000-0000-0000-0000-000000000000/resourceGroups/mockResourceGroup/providers/Microsoft.Compute/availabilitySets/mockAvailabilitySet",
        "name": "mockAvailabilitySet",
        "type": "aaaaaaaaaaaaaa",
        "location": "aaaaaaaaaaaaaaaaaaaaaaaaaaaa",
        "tags": {
          "key2796": "aaaaaaaaa"
        },
        "properties": {
          "platformUpdateDomainCount": 9,
          "platformFaultDomainCount": 4,
          "virtualMachines": [
            {
              "id": "/subscriptions/a9cbceed-cd54-47f1-b7a2-bad149218603/resourceGroups/mockRg/providers/Microsoft.Resources/mockResource/mockName"
            }
          ],
          "proximityPlacementGroup": {
            "id": "/subscriptions/a9cbceed-cd54-47f1-b7a2-bad149218603/resourceGroups/mockRg/providers/Microsoft.Resources/mockResource/mockName"
          },
          "statuses": [
            {
              "code": "aaaaaaaaaaaaaa",
              "level": "Info",
              "displayStatus": "aaaa",
              "message": "aaaaaaaaa",
              "time": "2021-07-09T05:26:44.498Z"
            }
          ]
        },
        "sku": {
          "name": "mockAvailabilitySet",
          "tier": "aaaaaaaaaaaaaaaaaaaaaaaaaaa",
          "capacity": 12
        }
      }
    },
    {
      "RequestUri": "https://localhost:8441/subscriptions/00000000-0000-0000-0000-000000000000/resourceGroups/mockResourceGroup/providers/Microsoft.Compute/availabilitySets/mockAvailabilitySet?api-version=2021-03-01",
      "RequestMethod": "GET",
      "RequestHeaders": {
        "Accept": "application/json",
        "Authorization": "Sanitized",
        "User-Agent": [
          "azsdk-net-ResourceManager.Core/1.0.0-alpha.20210709.1",
          "(.NET 5.0.7; Microsoft Windows 10.0.19043)"
        ],
        "x-ms-client-request-id": "e80b31ebf204c5c15a6eaa83184d87eb",
        "x-ms-return-client-request-id": "true"
      },
      "RequestBody": null,
      "StatusCode": 200,
      "ResponseHeaders": {
        "Connection": "keep-alive",
        "Content-Length": "895",
        "Content-Type": "application/json; charset=utf-8",
        "Date": "Fri, 09 Jul 2021 05:26:44 GMT",
        "ETag": "W/\u002237f-X7FQqk\u002BgkLyQi6HriCTRjj\u002Bi7VA\u0022",
        "Keep-Alive": "timeout=5",
        "X-Powered-By": "Express"
      },
      "ResponseBody": {
        "id": "/subscriptions/00000000-0000-0000-0000-000000000000/resourceGroups/mockResourceGroup/providers/Microsoft.Compute/availabilitySets/mockAvailabilitySet",
        "name": "mockAvailabilitySet",
        "type": "aaaaaaaaaaaaaa",
        "location": "aaaaaaaaaaaaaaaaaaaaaaaaaaaa",
        "tags": {
          "key2796": "aaaaaaaaa"
        },
        "properties": {
          "platformUpdateDomainCount": 9,
          "platformFaultDomainCount": 4,
          "virtualMachines": [
            {
              "id": "/subscriptions/a9cbceed-cd54-47f1-b7a2-bad149218603/resourceGroups/mockRg/providers/Microsoft.Resources/mockResource/mockName"
            }
          ],
          "proximityPlacementGroup": {
            "id": "/subscriptions/a9cbceed-cd54-47f1-b7a2-bad149218603/resourceGroups/mockRg/providers/Microsoft.Resources/mockResource/mockName"
          },
          "statuses": [
            {
              "code": "aaaaaaaaaaaaaa",
              "level": "Info",
              "displayStatus": "aaaa",
              "message": "aaaaaaaaa",
              "time": "2021-07-09T05:26:44.498Z"
            }
          ]
        },
        "sku": {
          "name": "mockAvailabilitySet",
          "tier": "aaaaaaaaaaaaaaaaaaaaaaaaaaa",
          "capacity": 12
        }
      }
    },
    {
      "RequestUri": "https://localhost:8441/subscriptions/00000000-0000-0000-0000-000000000000/resourceGroups/mockResourceGroup/providers/Microsoft.Compute/availabilitySets/mockAvailabilitySet?api-version=2021-03-01",
      "RequestMethod": "DELETE",
      "RequestHeaders": {
        "Authorization": "Sanitized",
        "User-Agent": [
          "azsdk-net-ResourceManager.Core/1.0.0-alpha.20210709.1",
          "(.NET 5.0.7; Microsoft Windows 10.0.19043)"
        ],
        "x-ms-client-request-id": "b4f4d98f8197e4e6703d19600c235eda",
        "x-ms-return-client-request-id": "true"
      },
      "RequestBody": null,
      "StatusCode": 200,
      "ResponseHeaders": {
        "Connection": "keep-alive",
        "Content-Length": "2",
        "Content-Type": "application/json; charset=utf-8",
        "Date": "Fri, 09 Jul 2021 05:26:44 GMT",
        "ETag": "W/\u00222-vyGp6PvFo4RvsFtPoIWeCReyIC8\u0022",
        "Keep-Alive": "timeout=5",
        "X-Powered-By": "Express"
      },
      "ResponseBody": {}
    },
    {
      "RequestUri": "https://localhost:8441/subscriptions/00000000-0000-0000-0000-000000000000/resourceGroups/mockResourceGroup/providers/Microsoft.Compute/availabilitySets/mockAvailabilitySet?api-version=2021-03-01",
      "RequestMethod": "GET",
      "RequestHeaders": {
        "Accept": "application/json",
        "Authorization": "Sanitized",
        "User-Agent": [
          "azsdk-net-ResourceManager.Core/1.0.0-alpha.20210709.1",
          "(.NET 5.0.7; Microsoft Windows 10.0.19043)"
        ],
        "x-ms-client-request-id": "50a2e3d4098c884b16a66353ff05485e",
        "x-ms-return-client-request-id": "true"
      },
      "RequestBody": null,
      "StatusCode": 404,
      "ResponseHeaders": {
        "Connection": "keep-alive",
        "Content-Length": "55",
        "Content-Type": "application/json; charset=utf-8",
        "Date": "Fri, 09 Jul 2021 05:26:44 GMT",
        "ETag": "W/\u002237-e67/RE5D5J2efnge4rs\u002Bkf1VAAo\u0022",
        "Keep-Alive": "timeout=5",
        "X-Powered-By": "Express"
      },
      "ResponseBody": {
        "error": {
          "code": "404",
          "message": "Resource Not Found"
        }
      }
    }
  ],
  "Variables": {
    "RandomSeed": "1432809289",
    "RESOURCE_MANAGER_URL": "https://localhost:8441",
    "SUBSCRIPTION_ID": "00000000-0000-0000-0000-000000000000"
  }
}