{
  "Entries": [
    {
      "RequestUri": "/subscriptions/e68d4145-c9ae-4667-925d-c51c8d88ad73/resourcegroups/azuresdkfornetautoresttrafficmanager5327?api-version=2015-11-01",
      "EncodedRequestUri": "L3N1YnNjcmlwdGlvbnMvZTY4ZDQxNDUtYzlhZS00NjY3LTkyNWQtYzUxYzhkODhhZDczL3Jlc291cmNlZ3JvdXBzL2F6dXJlc2RrZm9ybmV0YXV0b3Jlc3R0cmFmZmljbWFuYWdlcjUzMjc/YXBpLXZlcnNpb249MjAxNS0xMS0wMQ==",
      "RequestMethod": "PUT",
      "RequestBody": "{\r\n  \"location\": \"Central US\"\r\n}",
      "RequestHeaders": {
        "Content-Type": [
          "application/json; charset=utf-8"
        ],
        "Content-Length": [
          "32"
        ],
        "x-ms-client-request-id": [
          "f1b44627-019b-49ee-bfb8-1affeb69880d"
        ],
        "accept-language": [
          "en-US"
        ],
        "User-Agent": [
          "FxVersion/4.6.24410.01",
          "Microsoft.Azure.Management.Resources.ResourceManagementClient/1.0.0-preview"
        ]
      },
      "ResponseBody": "{\r\n  \"id\": \"/subscriptions/e68d4145-c9ae-4667-925d-c51c8d88ad73/resourceGroups/azuresdkfornetautoresttrafficmanager5327\",\r\n  \"name\": \"azuresdkfornetautoresttrafficmanager5327\",\r\n  \"location\": \"centralus\",\r\n  \"properties\": {\r\n    \"provisioningState\": \"Succeeded\"\r\n  }\r\n}",
      "ResponseHeaders": {
        "Content-Length": [
          "236"
        ],
        "Content-Type": [
          "application/json; charset=utf-8"
        ],
        "Expires": [
          "-1"
        ],
        "Cache-Control": [
          "no-cache"
        ],
        "Date": [
          "Wed, 03 May 2017 10:51:24 GMT"
        ],
        "Pragma": [
          "no-cache"
        ],
        "x-ms-ratelimit-remaining-subscription-writes": [
          "1195"
        ],
        "x-ms-request-id": [
          "075fde6e-5e97-4dd2-ace6-e78d2326da05"
        ],
        "x-ms-correlation-request-id": [
          "075fde6e-5e97-4dd2-ace6-e78d2326da05"
        ],
        "x-ms-routing-request-id": [
          "CENTRALUS:20170503T105124Z:075fde6e-5e97-4dd2-ace6-e78d2326da05"
        ],
        "Strict-Transport-Security": [
          "max-age=31536000; includeSubDomains"
        ]
      },
      "StatusCode": 201
    },
    {
      "RequestUri": "/subscriptions/e68d4145-c9ae-4667-925d-c51c8d88ad73/resourceGroups/azuresdkfornetautoresttrafficmanager5327/providers/Microsoft.Network/trafficmanagerprofiles/azuresdkfornetautoresttrafficmanager9680?api-version=2017-05-01",
      "EncodedRequestUri": "L3N1YnNjcmlwdGlvbnMvZTY4ZDQxNDUtYzlhZS00NjY3LTkyNWQtYzUxYzhkODhhZDczL3Jlc291cmNlR3JvdXBzL2F6dXJlc2RrZm9ybmV0YXV0b3Jlc3R0cmFmZmljbWFuYWdlcjUzMjcvcHJvdmlkZXJzL01pY3Jvc29mdC5OZXR3b3JrL3RyYWZmaWNtYW5hZ2VycHJvZmlsZXMvYXp1cmVzZGtmb3JuZXRhdXRvcmVzdHRyYWZmaWNtYW5hZ2VyOTY4MD9hcGktdmVyc2lvbj0yMDE3LTA1LTAx",
      "RequestMethod": "PUT",
      "RequestBody": "{\r\n  \"properties\": {\r\n    \"profileStatus\": \"Enabled\",\r\n    \"trafficRoutingMethod\": \"Performance\",\r\n    \"dnsConfig\": {\r\n      \"relativeName\": \"azuresdkfornetautoresttrafficmanager9680\",\r\n      \"ttl\": 35\r\n    },\r\n    \"monitorConfig\": {\r\n      \"protocol\": \"http\",\r\n      \"port\": 80,\r\n      \"path\": \"/testpath.aspx\"\r\n    },\r\n    \"endpoints\": [\r\n      {\r\n        \"name\": \"My external endpoint\",\r\n        \"type\": \"Microsoft.network/TrafficManagerProfiles/ExternalEndpoints\",\r\n        \"properties\": {\r\n          \"target\": \"foobar.contoso.com\",\r\n          \"endpointStatus\": \"Enabled\",\r\n          \"endpointLocation\": \"North Europe\"\r\n        }\r\n      }\r\n    ]\r\n  },\r\n  \"location\": \"global\"\r\n}",
      "RequestHeaders": {
        "Content-Type": [
          "application/json; charset=utf-8"
        ],
        "Content-Length": [
          "682"
        ],
        "x-ms-client-request-id": [
          "85f02d1c-5933-43e8-87fb-e3a611d2fa96"
        ],
        "accept-language": [
          "en-US"
        ],
        "User-Agent": [
          "FxVersion/4.6.24410.01",
          "Microsoft.Azure.Management.TrafficManager.TrafficManagerManagementClient/2.2.0-preview"
        ]
      },
      "ResponseBody": "{\r\n  \"id\": \"/subscriptions/e68d4145-c9ae-4667-925d-c51c8d88ad73/resourceGroups/azuresdkfornetautoresttrafficmanager5327/providers/Microsoft.Network/trafficManagerProfiles/azuresdkfornetautoresttrafficmanager9680\",\r\n  \"name\": \"azuresdkfornetautoresttrafficmanager9680\",\r\n  \"type\": \"Microsoft.Network/trafficManagerProfiles\",\r\n  \"location\": \"global\",\r\n  \"properties\": {\r\n    \"profileStatus\": \"Enabled\",\r\n    \"trafficRoutingMethod\": \"Performance\",\r\n    \"dnsConfig\": {\r\n      \"relativeName\": \"azuresdkfornetautoresttrafficmanager9680\",\r\n      \"fqdn\": \"azuresdkfornetautoresttrafficmanager9680.tmpreview.watmtest.azure-test.net\",\r\n      \"ttl\": 35\r\n    },\r\n    \"monitorConfig\": {\r\n      \"profileMonitorStatus\": \"CheckingEndpoints\",\r\n      \"protocol\": \"HTTP\",\r\n      \"port\": 80,\r\n      \"path\": \"/testpath.aspx\",\r\n      \"intervalInSeconds\": 30,\r\n      \"toleratedNumberOfFailures\": 3,\r\n      \"timeoutInSeconds\": 10\r\n    },\r\n    \"endpoints\": [\r\n      {\r\n        \"id\": \"/subscriptions/e68d4145-c9ae-4667-925d-c51c8d88ad73/resourceGroups/azuresdkfornetautoresttrafficmanager5327/providers/Microsoft.Network/trafficManagerProfiles/azuresdkfornetautoresttrafficmanager9680/externalEndpoints/My external endpoint\",\r\n        \"name\": \"My external endpoint\",\r\n        \"type\": \"Microsoft.Network/trafficManagerProfiles/externalEndpoints\",\r\n        \"properties\": {\r\n          \"endpointStatus\": \"Enabled\",\r\n          \"endpointMonitorStatus\": \"CheckingEndpoint\",\r\n          \"target\": \"foobar.contoso.com\",\r\n          \"weight\": 1,\r\n          \"priority\": 1,\r\n          \"endpointLocation\": \"North Europe\"\r\n        }\r\n      }\r\n    ]\r\n  }\r\n}",
      "ResponseHeaders": {
        "Content-Length": [
          "1314"
        ],
        "Content-Type": [
          "application/json; charset=utf-8"
        ],
        "Cache-Control": [
          "private"
        ],
        "Date": [
          "Wed, 03 May 2017 10:51:28 GMT"
        ],
        "Server": [
          "Microsoft-IIS/8.5"
        ],
        "X-Content-Type-Options": [
          "nosniff"
        ],
        "Strict-Transport-Security": [
          "max-age=31536000; includeSubDomains"
        ],
        "x-ms-request-id": [
          "85f02d1c-5933-43e8-87fb-e3a611d2fa96"
        ],
        "X-AspNet-Version": [
          "4.0.30319"
        ],
        "X-Powered-By": [
          "ASP.NET"
        ],
        "x-ms-ratelimit-remaining-subscription-resource-requests": [
          "10792"
        ],
        "x-ms-correlation-request-id": [
          "95f3a042-6b24-4d2e-911b-e02c49d60df7"
        ],
        "x-ms-routing-request-id": [
          "CENTRALUS:20170503T105129Z:95f3a042-6b24-4d2e-911b-e02c49d60df7"
        ]
      },
      "StatusCode": 201
    },
    {
      "RequestUri": "/subscriptions/e68d4145-c9ae-4667-925d-c51c8d88ad73/resourceGroups/azuresdkfornetautoresttrafficmanager5327/providers/Microsoft.Network/trafficmanagerprofiles/azuresdkfornetautoresttrafficmanager2027?api-version=2017-05-01",
      "EncodedRequestUri": "L3N1YnNjcmlwdGlvbnMvZTY4ZDQxNDUtYzlhZS00NjY3LTkyNWQtYzUxYzhkODhhZDczL3Jlc291cmNlR3JvdXBzL2F6dXJlc2RrZm9ybmV0YXV0b3Jlc3R0cmFmZmljbWFuYWdlcjUzMjcvcHJvdmlkZXJzL01pY3Jvc29mdC5OZXR3b3JrL3RyYWZmaWNtYW5hZ2VycHJvZmlsZXMvYXp1cmVzZGtmb3JuZXRhdXRvcmVzdHRyYWZmaWNtYW5hZ2VyMjAyNz9hcGktdmVyc2lvbj0yMDE3LTA1LTAx",
      "RequestMethod": "PUT",
      "RequestBody": "{\r\n  \"properties\": {\r\n    \"profileStatus\": \"Enabled\",\r\n    \"trafficRoutingMethod\": \"Performance\",\r\n    \"dnsConfig\": {\r\n      \"relativeName\": \"azuresdkfornetautoresttrafficmanager2027\",\r\n      \"ttl\": 35\r\n    },\r\n    \"monitorConfig\": {\r\n      \"protocol\": \"http\",\r\n      \"port\": 80,\r\n      \"path\": \"/testpath.aspx\"\r\n    },\r\n    \"endpoints\": [\r\n      {\r\n        \"name\": \"My external endpoint\",\r\n        \"type\": \"Microsoft.network/TrafficManagerProfiles/ExternalEndpoints\",\r\n        \"properties\": {\r\n          \"target\": \"foobar.contoso.com\",\r\n          \"endpointStatus\": \"Enabled\",\r\n          \"endpointLocation\": \"North Europe\"\r\n        }\r\n      }\r\n    ]\r\n  },\r\n  \"location\": \"global\"\r\n}",
      "RequestHeaders": {
        "Content-Type": [
          "application/json; charset=utf-8"
        ],
        "Content-Length": [
          "682"
        ],
        "x-ms-client-request-id": [
          "93e4db2f-8669-4f6a-89d6-198a01be71d2"
        ],
        "accept-language": [
          "en-US"
        ],
        "User-Agent": [
          "FxVersion/4.6.24410.01",
          "Microsoft.Azure.Management.TrafficManager.TrafficManagerManagementClient/2.2.0-preview"
        ]
      },
      "ResponseBody": "{\r\n  \"id\": \"/subscriptions/e68d4145-c9ae-4667-925d-c51c8d88ad73/resourceGroups/azuresdkfornetautoresttrafficmanager5327/providers/Microsoft.Network/trafficManagerProfiles/azuresdkfornetautoresttrafficmanager2027\",\r\n  \"name\": \"azuresdkfornetautoresttrafficmanager2027\",\r\n  \"type\": \"Microsoft.Network/trafficManagerProfiles\",\r\n  \"location\": \"global\",\r\n  \"properties\": {\r\n    \"profileStatus\": \"Enabled\",\r\n    \"trafficRoutingMethod\": \"Performance\",\r\n    \"dnsConfig\": {\r\n      \"relativeName\": \"azuresdkfornetautoresttrafficmanager2027\",\r\n      \"fqdn\": \"azuresdkfornetautoresttrafficmanager2027.tmpreview.watmtest.azure-test.net\",\r\n      \"ttl\": 35\r\n    },\r\n    \"monitorConfig\": {\r\n      \"profileMonitorStatus\": \"CheckingEndpoints\",\r\n      \"protocol\": \"HTTP\",\r\n      \"port\": 80,\r\n      \"path\": \"/testpath.aspx\",\r\n      \"intervalInSeconds\": 30,\r\n      \"toleratedNumberOfFailures\": 3,\r\n      \"timeoutInSeconds\": 10\r\n    },\r\n    \"endpoints\": [\r\n      {\r\n        \"id\": \"/subscriptions/e68d4145-c9ae-4667-925d-c51c8d88ad73/resourceGroups/azuresdkfornetautoresttrafficmanager5327/providers/Microsoft.Network/trafficManagerProfiles/azuresdkfornetautoresttrafficmanager2027/externalEndpoints/My external endpoint\",\r\n        \"name\": \"My external endpoint\",\r\n        \"type\": \"Microsoft.Network/trafficManagerProfiles/externalEndpoints\",\r\n        \"properties\": {\r\n          \"endpointStatus\": \"Enabled\",\r\n          \"endpointMonitorStatus\": \"CheckingEndpoint\",\r\n          \"target\": \"foobar.contoso.com\",\r\n          \"weight\": 1,\r\n          \"priority\": 1,\r\n          \"endpointLocation\": \"North Europe\"\r\n        }\r\n      }\r\n    ]\r\n  }\r\n}",
      "ResponseHeaders": {
        "Content-Length": [
          "1314"
        ],
        "Content-Type": [
          "application/json; charset=utf-8"
        ],
        "Cache-Control": [
          "private"
        ],
        "Date": [
          "Wed, 03 May 2017 10:51:31 GMT"
        ],
        "Server": [
          "Microsoft-IIS/8.5"
        ],
        "X-Content-Type-Options": [
          "nosniff"
        ],
        "Strict-Transport-Security": [
          "max-age=31536000; includeSubDomains"
        ],
        "x-ms-request-id": [
          "93e4db2f-8669-4f6a-89d6-198a01be71d2"
        ],
        "X-AspNet-Version": [
          "4.0.30319"
        ],
        "X-Powered-By": [
          "ASP.NET"
        ],
        "x-ms-ratelimit-remaining-subscription-resource-requests": [
          "10791"
        ],
        "x-ms-correlation-request-id": [
          "b4abc4bf-01c8-407c-9c44-1f1828093d48"
        ],
        "x-ms-routing-request-id": [
          "CENTRALUS:20170503T105131Z:b4abc4bf-01c8-407c-9c44-1f1828093d48"
        ]
      },
      "StatusCode": 201
    },
    {
      "RequestUri": "/subscriptions/e68d4145-c9ae-4667-925d-c51c8d88ad73/resourceGroups/azuresdkfornetautoresttrafficmanager5327/providers/Microsoft.Network/trafficmanagerprofiles/azuresdkfornetautoresttrafficmanager6855?api-version=2017-05-01",
      "EncodedRequestUri": "L3N1YnNjcmlwdGlvbnMvZTY4ZDQxNDUtYzlhZS00NjY3LTkyNWQtYzUxYzhkODhhZDczL3Jlc291cmNlR3JvdXBzL2F6dXJlc2RrZm9ybmV0YXV0b3Jlc3R0cmFmZmljbWFuYWdlcjUzMjcvcHJvdmlkZXJzL01pY3Jvc29mdC5OZXR3b3JrL3RyYWZmaWNtYW5hZ2VycHJvZmlsZXMvYXp1cmVzZGtmb3JuZXRhdXRvcmVzdHRyYWZmaWNtYW5hZ2VyNjg1NT9hcGktdmVyc2lvbj0yMDE3LTA1LTAx",
      "RequestMethod": "PUT",
      "RequestBody": "{\r\n  \"properties\": {\r\n    \"profileStatus\": \"Enabled\",\r\n    \"trafficRoutingMethod\": \"Performance\",\r\n    \"dnsConfig\": {\r\n      \"relativeName\": \"azuresdkfornetautoresttrafficmanager6855\",\r\n      \"ttl\": 35\r\n    },\r\n    \"monitorConfig\": {\r\n      \"protocol\": \"http\",\r\n      \"port\": 80,\r\n      \"path\": \"/testpath.aspx\"\r\n    },\r\n    \"endpoints\": [\r\n      {\r\n        \"name\": \"My external endpoint\",\r\n        \"type\": \"Microsoft.network/TrafficManagerProfiles/ExternalEndpoints\",\r\n        \"properties\": {\r\n          \"target\": \"foobar.contoso.com\",\r\n          \"endpointStatus\": \"Enabled\",\r\n          \"endpointLocation\": \"North Europe\"\r\n        }\r\n      }\r\n    ]\r\n  },\r\n  \"location\": \"global\"\r\n}",
      "RequestHeaders": {
        "Content-Type": [
          "application/json; charset=utf-8"
        ],
        "Content-Length": [
          "682"
        ],
        "x-ms-client-request-id": [
          "1a47aaf5-beb3-4571-a86e-df5cd9522965"
        ],
        "accept-language": [
          "en-US"
        ],
        "User-Agent": [
          "FxVersion/4.6.24410.01",
          "Microsoft.Azure.Management.TrafficManager.TrafficManagerManagementClient/2.2.0-preview"
        ]
      },
      "ResponseBody": "{\r\n  \"id\": \"/subscriptions/e68d4145-c9ae-4667-925d-c51c8d88ad73/resourceGroups/azuresdkfornetautoresttrafficmanager5327/providers/Microsoft.Network/trafficManagerProfiles/azuresdkfornetautoresttrafficmanager6855\",\r\n  \"name\": \"azuresdkfornetautoresttrafficmanager6855\",\r\n  \"type\": \"Microsoft.Network/trafficManagerProfiles\",\r\n  \"location\": \"global\",\r\n  \"properties\": {\r\n    \"profileStatus\": \"Enabled\",\r\n    \"trafficRoutingMethod\": \"Performance\",\r\n    \"dnsConfig\": {\r\n      \"relativeName\": \"azuresdkfornetautoresttrafficmanager6855\",\r\n      \"fqdn\": \"azuresdkfornetautoresttrafficmanager6855.tmpreview.watmtest.azure-test.net\",\r\n      \"ttl\": 35\r\n    },\r\n    \"monitorConfig\": {\r\n      \"profileMonitorStatus\": \"CheckingEndpoints\",\r\n      \"protocol\": \"HTTP\",\r\n      \"port\": 80,\r\n      \"path\": \"/testpath.aspx\",\r\n      \"intervalInSeconds\": 30,\r\n      \"toleratedNumberOfFailures\": 3,\r\n      \"timeoutInSeconds\": 10\r\n    },\r\n    \"endpoints\": [\r\n      {\r\n        \"id\": \"/subscriptions/e68d4145-c9ae-4667-925d-c51c8d88ad73/resourceGroups/azuresdkfornetautoresttrafficmanager5327/providers/Microsoft.Network/trafficManagerProfiles/azuresdkfornetautoresttrafficmanager6855/externalEndpoints/My external endpoint\",\r\n        \"name\": \"My external endpoint\",\r\n        \"type\": \"Microsoft.Network/trafficManagerProfiles/externalEndpoints\",\r\n        \"properties\": {\r\n          \"endpointStatus\": \"Enabled\",\r\n          \"endpointMonitorStatus\": \"CheckingEndpoint\",\r\n          \"target\": \"foobar.contoso.com\",\r\n          \"weight\": 1,\r\n          \"priority\": 1,\r\n          \"endpointLocation\": \"North Europe\"\r\n        }\r\n      }\r\n    ]\r\n  }\r\n}",
      "ResponseHeaders": {
        "Content-Length": [
          "1314"
        ],
        "Content-Type": [
          "application/json; charset=utf-8"
        ],
        "Cache-Control": [
          "private"
        ],
        "Date": [
          "Wed, 03 May 2017 10:51:36 GMT"
        ],
        "Server": [
          "Microsoft-IIS/8.5"
        ],
        "X-Content-Type-Options": [
          "nosniff"
        ],
        "Strict-Transport-Security": [
          "max-age=31536000; includeSubDomains"
        ],
        "x-ms-request-id": [
          "1a47aaf5-beb3-4571-a86e-df5cd9522965"
        ],
        "X-AspNet-Version": [
          "4.0.30319"
        ],
        "X-Powered-By": [
          "ASP.NET"
        ],
        "x-ms-ratelimit-remaining-subscription-resource-requests": [
          "10790"
        ],
        "x-ms-correlation-request-id": [
          "e9a2dc2a-4bc2-40e8-b332-a4666ce16281"
        ],
        "x-ms-routing-request-id": [
          "CENTRALUS:20170503T105137Z:e9a2dc2a-4bc2-40e8-b332-a4666ce16281"
        ]
      },
      "StatusCode": 201
    },
    {
      "RequestUri": "/subscriptions/e68d4145-c9ae-4667-925d-c51c8d88ad73/resourceGroups/azuresdkfornetautoresttrafficmanager5327/providers/Microsoft.Network/trafficmanagerprofiles/azuresdkfornetautoresttrafficmanager9563?api-version=2017-05-01",
      "EncodedRequestUri": "L3N1YnNjcmlwdGlvbnMvZTY4ZDQxNDUtYzlhZS00NjY3LTkyNWQtYzUxYzhkODhhZDczL3Jlc291cmNlR3JvdXBzL2F6dXJlc2RrZm9ybmV0YXV0b3Jlc3R0cmFmZmljbWFuYWdlcjUzMjcvcHJvdmlkZXJzL01pY3Jvc29mdC5OZXR3b3JrL3RyYWZmaWNtYW5hZ2VycHJvZmlsZXMvYXp1cmVzZGtmb3JuZXRhdXRvcmVzdHRyYWZmaWNtYW5hZ2VyOTU2Mz9hcGktdmVyc2lvbj0yMDE3LTA1LTAx",
      "RequestMethod": "PUT",
      "RequestBody": "{\r\n  \"properties\": {\r\n    \"profileStatus\": \"Enabled\",\r\n    \"trafficRoutingMethod\": \"Performance\",\r\n    \"dnsConfig\": {\r\n      \"relativeName\": \"azuresdkfornetautoresttrafficmanager9563\",\r\n      \"ttl\": 35\r\n    },\r\n    \"monitorConfig\": {\r\n      \"protocol\": \"http\",\r\n      \"port\": 80,\r\n      \"path\": \"/testpath.aspx\"\r\n    },\r\n    \"endpoints\": [\r\n      {\r\n        \"name\": \"My external endpoint\",\r\n        \"type\": \"Microsoft.network/TrafficManagerProfiles/ExternalEndpoints\",\r\n        \"properties\": {\r\n          \"target\": \"foobar.contoso.com\",\r\n          \"endpointStatus\": \"Enabled\",\r\n          \"endpointLocation\": \"North Europe\"\r\n        }\r\n      }\r\n    ]\r\n  },\r\n  \"location\": \"global\"\r\n}",
      "RequestHeaders": {
        "Content-Type": [
          "application/json; charset=utf-8"
        ],
        "Content-Length": [
          "682"
        ],
        "x-ms-client-request-id": [
          "640fe89e-10e3-43cf-ae88-8b18c2ff6ac2"
        ],
        "accept-language": [
          "en-US"
        ],
        "User-Agent": [
          "FxVersion/4.6.24410.01",
          "Microsoft.Azure.Management.TrafficManager.TrafficManagerManagementClient/2.2.0-preview"
        ]
      },
      "ResponseBody": "{\r\n  \"id\": \"/subscriptions/e68d4145-c9ae-4667-925d-c51c8d88ad73/resourceGroups/azuresdkfornetautoresttrafficmanager5327/providers/Microsoft.Network/trafficManagerProfiles/azuresdkfornetautoresttrafficmanager9563\",\r\n  \"name\": \"azuresdkfornetautoresttrafficmanager9563\",\r\n  \"type\": \"Microsoft.Network/trafficManagerProfiles\",\r\n  \"location\": \"global\",\r\n  \"properties\": {\r\n    \"profileStatus\": \"Enabled\",\r\n    \"trafficRoutingMethod\": \"Performance\",\r\n    \"dnsConfig\": {\r\n      \"relativeName\": \"azuresdkfornetautoresttrafficmanager9563\",\r\n      \"fqdn\": \"azuresdkfornetautoresttrafficmanager9563.tmpreview.watmtest.azure-test.net\",\r\n      \"ttl\": 35\r\n    },\r\n    \"monitorConfig\": {\r\n      \"profileMonitorStatus\": \"CheckingEndpoints\",\r\n      \"protocol\": \"HTTP\",\r\n      \"port\": 80,\r\n      \"path\": \"/testpath.aspx\",\r\n      \"intervalInSeconds\": 30,\r\n      \"toleratedNumberOfFailures\": 3,\r\n      \"timeoutInSeconds\": 10\r\n    },\r\n    \"endpoints\": [\r\n      {\r\n        \"id\": \"/subscriptions/e68d4145-c9ae-4667-925d-c51c8d88ad73/resourceGroups/azuresdkfornetautoresttrafficmanager5327/providers/Microsoft.Network/trafficManagerProfiles/azuresdkfornetautoresttrafficmanager9563/externalEndpoints/My external endpoint\",\r\n        \"name\": \"My external endpoint\",\r\n        \"type\": \"Microsoft.Network/trafficManagerProfiles/externalEndpoints\",\r\n        \"properties\": {\r\n          \"endpointStatus\": \"Enabled\",\r\n          \"endpointMonitorStatus\": \"CheckingEndpoint\",\r\n          \"target\": \"foobar.contoso.com\",\r\n          \"weight\": 1,\r\n          \"priority\": 1,\r\n          \"endpointLocation\": \"North Europe\"\r\n        }\r\n      }\r\n    ]\r\n  }\r\n}",
      "ResponseHeaders": {
        "Content-Length": [
          "1314"
        ],
        "Content-Type": [
          "application/json; charset=utf-8"
        ],
        "Cache-Control": [
          "private"
        ],
        "Date": [
          "Wed, 03 May 2017 10:51:48 GMT"
        ],
        "Server": [
          "Microsoft-IIS/8.5"
        ],
        "X-Content-Type-Options": [
          "nosniff"
        ],
        "Strict-Transport-Security": [
          "max-age=31536000; includeSubDomains"
        ],
        "x-ms-request-id": [
          "640fe89e-10e3-43cf-ae88-8b18c2ff6ac2"
        ],
        "X-AspNet-Version": [
          "4.0.30319"
        ],
        "X-Powered-By": [
          "ASP.NET"
        ],
        "x-ms-ratelimit-remaining-subscription-resource-requests": [
          "10789"
        ],
        "x-ms-correlation-request-id": [
          "037b8ac5-9a43-4666-b295-668702e48dc5"
        ],
        "x-ms-routing-request-id": [
          "CENTRALUS:20170503T105148Z:037b8ac5-9a43-4666-b295-668702e48dc5"
        ]
      },
      "StatusCode": 201
    },
    {
      "RequestUri": "/subscriptions/e68d4145-c9ae-4667-925d-c51c8d88ad73/resourceGroups/azuresdkfornetautoresttrafficmanager5327/providers/Microsoft.Network/trafficmanagerprofiles/azuresdkfornetautoresttrafficmanager4817?api-version=2017-05-01",
      "EncodedRequestUri": "L3N1YnNjcmlwdGlvbnMvZTY4ZDQxNDUtYzlhZS00NjY3LTkyNWQtYzUxYzhkODhhZDczL3Jlc291cmNlR3JvdXBzL2F6dXJlc2RrZm9ybmV0YXV0b3Jlc3R0cmFmZmljbWFuYWdlcjUzMjcvcHJvdmlkZXJzL01pY3Jvc29mdC5OZXR3b3JrL3RyYWZmaWNtYW5hZ2VycHJvZmlsZXMvYXp1cmVzZGtmb3JuZXRhdXRvcmVzdHRyYWZmaWNtYW5hZ2VyNDgxNz9hcGktdmVyc2lvbj0yMDE3LTA1LTAx",
      "RequestMethod": "PUT",
      "RequestBody": "{\r\n  \"properties\": {\r\n    \"profileStatus\": \"Enabled\",\r\n    \"trafficRoutingMethod\": \"Performance\",\r\n    \"dnsConfig\": {\r\n      \"relativeName\": \"azuresdkfornetautoresttrafficmanager4817\",\r\n      \"ttl\": 35\r\n    },\r\n    \"monitorConfig\": {\r\n      \"protocol\": \"http\",\r\n      \"port\": 80,\r\n      \"path\": \"/testpath.aspx\"\r\n    },\r\n    \"endpoints\": [\r\n      {\r\n        \"name\": \"My external endpoint\",\r\n        \"type\": \"Microsoft.network/TrafficManagerProfiles/ExternalEndpoints\",\r\n        \"properties\": {\r\n          \"target\": \"foobar.contoso.com\",\r\n          \"endpointStatus\": \"Enabled\",\r\n          \"endpointLocation\": \"North Europe\"\r\n        }\r\n      }\r\n    ]\r\n  },\r\n  \"location\": \"global\"\r\n}",
      "RequestHeaders": {
        "Content-Type": [
          "application/json; charset=utf-8"
        ],
        "Content-Length": [
          "682"
        ],
        "x-ms-client-request-id": [
          "edc0b1b2-5439-4d05-979d-bb9e2f87b0f0"
        ],
        "accept-language": [
          "en-US"
        ],
        "User-Agent": [
          "FxVersion/4.6.24410.01",
          "Microsoft.Azure.Management.TrafficManager.TrafficManagerManagementClient/2.2.0-preview"
        ]
      },
      "ResponseBody": "{\r\n  \"id\": \"/subscriptions/e68d4145-c9ae-4667-925d-c51c8d88ad73/resourceGroups/azuresdkfornetautoresttrafficmanager5327/providers/Microsoft.Network/trafficManagerProfiles/azuresdkfornetautoresttrafficmanager4817\",\r\n  \"name\": \"azuresdkfornetautoresttrafficmanager4817\",\r\n  \"type\": \"Microsoft.Network/trafficManagerProfiles\",\r\n  \"location\": \"global\",\r\n  \"properties\": {\r\n    \"profileStatus\": \"Enabled\",\r\n    \"trafficRoutingMethod\": \"Performance\",\r\n    \"dnsConfig\": {\r\n      \"relativeName\": \"azuresdkfornetautoresttrafficmanager4817\",\r\n      \"fqdn\": \"azuresdkfornetautoresttrafficmanager4817.tmpreview.watmtest.azure-test.net\",\r\n      \"ttl\": 35\r\n    },\r\n    \"monitorConfig\": {\r\n      \"profileMonitorStatus\": \"CheckingEndpoints\",\r\n      \"protocol\": \"HTTP\",\r\n      \"port\": 80,\r\n      \"path\": \"/testpath.aspx\",\r\n      \"intervalInSeconds\": 30,\r\n      \"toleratedNumberOfFailures\": 3,\r\n      \"timeoutInSeconds\": 10\r\n    },\r\n    \"endpoints\": [\r\n      {\r\n        \"id\": \"/subscriptions/e68d4145-c9ae-4667-925d-c51c8d88ad73/resourceGroups/azuresdkfornetautoresttrafficmanager5327/providers/Microsoft.Network/trafficManagerProfiles/azuresdkfornetautoresttrafficmanager4817/externalEndpoints/My external endpoint\",\r\n        \"name\": \"My external endpoint\",\r\n        \"type\": \"Microsoft.Network/trafficManagerProfiles/externalEndpoints\",\r\n        \"properties\": {\r\n          \"endpointStatus\": \"Enabled\",\r\n          \"endpointMonitorStatus\": \"CheckingEndpoint\",\r\n          \"target\": \"foobar.contoso.com\",\r\n          \"weight\": 1,\r\n          \"priority\": 1,\r\n          \"endpointLocation\": \"North Europe\"\r\n        }\r\n      }\r\n    ]\r\n  }\r\n}",
      "ResponseHeaders": {
        "Content-Length": [
          "1314"
        ],
        "Content-Type": [
          "application/json; charset=utf-8"
        ],
        "Cache-Control": [
          "private"
        ],
        "Date": [
          "Wed, 03 May 2017 10:51:49 GMT"
        ],
        "Server": [
          "Microsoft-IIS/8.5"
        ],
        "X-Content-Type-Options": [
          "nosniff"
        ],
        "Strict-Transport-Security": [
          "max-age=31536000; includeSubDomains"
        ],
        "x-ms-request-id": [
          "edc0b1b2-5439-4d05-979d-bb9e2f87b0f0"
        ],
        "X-AspNet-Version": [
          "4.0.30319"
        ],
        "X-Powered-By": [
          "ASP.NET"
        ],
        "x-ms-ratelimit-remaining-subscription-resource-requests": [
          "10788"
        ],
        "x-ms-correlation-request-id": [
          "cdd568da-52f0-4b3f-9927-cf71b6eead43"
        ],
        "x-ms-routing-request-id": [
          "CENTRALUS:20170503T105149Z:cdd568da-52f0-4b3f-9927-cf71b6eead43"
        ]
      },
      "StatusCode": 201
    },
    {
      "RequestUri": "/subscriptions/e68d4145-c9ae-4667-925d-c51c8d88ad73/resourceGroups/azuresdkfornetautoresttrafficmanager5327/providers/Microsoft.Network/trafficmanagerprofiles?api-version=2017-05-01",
      "EncodedRequestUri": "L3N1YnNjcmlwdGlvbnMvZTY4ZDQxNDUtYzlhZS00NjY3LTkyNWQtYzUxYzhkODhhZDczL3Jlc291cmNlR3JvdXBzL2F6dXJlc2RrZm9ybmV0YXV0b3Jlc3R0cmFmZmljbWFuYWdlcjUzMjcvcHJvdmlkZXJzL01pY3Jvc29mdC5OZXR3b3JrL3RyYWZmaWNtYW5hZ2VycHJvZmlsZXM/YXBpLXZlcnNpb249MjAxNy0wNS0wMQ==",
      "RequestMethod": "GET",
      "RequestBody": "",
      "RequestHeaders": {
        "x-ms-client-request-id": [
          "9a257b0a-8eba-4ea7-a782-51117f6d4c85"
        ],
        "accept-language": [
          "en-US"
        ],
        "User-Agent": [
          "FxVersion/4.6.24410.01",
          "Microsoft.Azure.Management.TrafficManager.TrafficManagerManagementClient/2.2.0-preview"
        ]
      },
      "ResponseBody": "{\r\n  \"value\": [\r\n    {\r\n      \"id\": \"/subscriptions/e68d4145-c9ae-4667-925d-c51c8d88ad73/resourceGroups/azuresdkfornetautoresttrafficmanager5327/providers/Microsoft.Network/trafficManagerProfiles/azuresdkfornetautoresttrafficmanager2027\",\r\n      \"name\": \"azuresdkfornetautoresttrafficmanager2027\",\r\n      \"type\": \"Microsoft.Network/trafficManagerProfiles\",\r\n      \"location\": \"global\",\r\n      \"properties\": {\r\n        \"profileStatus\": \"Enabled\",\r\n        \"trafficRoutingMethod\": \"Performance\",\r\n        \"dnsConfig\": {\r\n          \"relativeName\": \"azuresdkfornetautoresttrafficmanager2027\",\r\n          \"fqdn\": \"azuresdkfornetautoresttrafficmanager2027.tmpreview.watmtest.azure-test.net\",\r\n          \"ttl\": 35\r\n        },\r\n        \"monitorConfig\": {\r\n          \"profileMonitorStatus\": null,\r\n          \"protocol\": \"HTTP\",\r\n          \"port\": 80,\r\n          \"path\": \"/testpath.aspx\",\r\n          \"intervalInSeconds\": 30,\r\n          \"toleratedNumberOfFailures\": 3,\r\n          \"timeoutInSeconds\": 10\r\n        },\r\n        \"endpoints\": [\r\n          {\r\n            \"id\": \"/subscriptions/e68d4145-c9ae-4667-925d-c51c8d88ad73/resourceGroups/azuresdkfornetautoresttrafficmanager5327/providers/Microsoft.Network/trafficManagerProfiles/azuresdkfornetautoresttrafficmanager2027/externalEndpoints/My external endpoint\",\r\n            \"name\": \"My external endpoint\",\r\n            \"type\": \"Microsoft.Network/trafficManagerProfiles/externalEndpoints\",\r\n            \"properties\": {\r\n              \"endpointStatus\": \"Enabled\",\r\n              \"endpointMonitorStatus\": null,\r\n              \"target\": \"foobar.contoso.com\",\r\n              \"weight\": 1,\r\n              \"priority\": 1,\r\n              \"endpointLocation\": \"North Europe\"\r\n            }\r\n          }\r\n        ]\r\n      }\r\n    },\r\n    {\r\n      \"id\": \"/subscriptions/e68d4145-c9ae-4667-925d-c51c8d88ad73/resourceGroups/azuresdkfornetautoresttrafficmanager5327/providers/Microsoft.Network/trafficManagerProfiles/azuresdkfornetautoresttrafficmanager4817\",\r\n      \"name\": \"azuresdkfornetautoresttrafficmanager4817\",\r\n      \"type\": \"Microsoft.Network/trafficManagerProfiles\",\r\n      \"location\": \"global\",\r\n      \"properties\": {\r\n        \"profileStatus\": \"Enabled\",\r\n        \"trafficRoutingMethod\": \"Performance\",\r\n        \"dnsConfig\": {\r\n          \"relativeName\": \"azuresdkfornetautoresttrafficmanager4817\",\r\n          \"fqdn\": \"azuresdkfornetautoresttrafficmanager4817.tmpreview.watmtest.azure-test.net\",\r\n          \"ttl\": 35\r\n        },\r\n        \"monitorConfig\": {\r\n          \"profileMonitorStatus\": null,\r\n          \"protocol\": \"HTTP\",\r\n          \"port\": 80,\r\n          \"path\": \"/testpath.aspx\",\r\n          \"intervalInSeconds\": 30,\r\n          \"toleratedNumberOfFailures\": 3,\r\n          \"timeoutInSeconds\": 10\r\n        },\r\n        \"endpoints\": [\r\n          {\r\n            \"id\": \"/subscriptions/e68d4145-c9ae-4667-925d-c51c8d88ad73/resourceGroups/azuresdkfornetautoresttrafficmanager5327/providers/Microsoft.Network/trafficManagerProfiles/azuresdkfornetautoresttrafficmanager4817/externalEndpoints/My external endpoint\",\r\n            \"name\": \"My external endpoint\",\r\n            \"type\": \"Microsoft.Network/trafficManagerProfiles/externalEndpoints\",\r\n            \"properties\": {\r\n              \"endpointStatus\": \"Enabled\",\r\n              \"endpointMonitorStatus\": null,\r\n              \"target\": \"foobar.contoso.com\",\r\n              \"weight\": 1,\r\n              \"priority\": 1,\r\n              \"endpointLocation\": \"North Europe\"\r\n            }\r\n          }\r\n        ]\r\n      }\r\n    },\r\n    {\r\n      \"id\": \"/subscriptions/e68d4145-c9ae-4667-925d-c51c8d88ad73/resourceGroups/azuresdkfornetautoresttrafficmanager5327/providers/Microsoft.Network/trafficManagerProfiles/azuresdkfornetautoresttrafficmanager6855\",\r\n      \"name\": \"azuresdkfornetautoresttrafficmanager6855\",\r\n      \"type\": \"Microsoft.Network/trafficManagerProfiles\",\r\n      \"location\": \"global\",\r\n      \"properties\": {\r\n        \"profileStatus\": \"Enabled\",\r\n        \"trafficRoutingMethod\": \"Performance\",\r\n        \"dnsConfig\": {\r\n          \"relativeName\": \"azuresdkfornetautoresttrafficmanager6855\",\r\n          \"fqdn\": \"azuresdkfornetautoresttrafficmanager6855.tmpreview.watmtest.azure-test.net\",\r\n          \"ttl\": 35\r\n        },\r\n        \"monitorConfig\": {\r\n          \"profileMonitorStatus\": null,\r\n          \"protocol\": \"HTTP\",\r\n          \"port\": 80,\r\n          \"path\": \"/testpath.aspx\",\r\n          \"intervalInSeconds\": 30,\r\n          \"toleratedNumberOfFailures\": 3,\r\n          \"timeoutInSeconds\": 10\r\n        },\r\n        \"endpoints\": [\r\n          {\r\n            \"id\": \"/subscriptions/e68d4145-c9ae-4667-925d-c51c8d88ad73/resourceGroups/azuresdkfornetautoresttrafficmanager5327/providers/Microsoft.Network/trafficManagerProfiles/azuresdkfornetautoresttrafficmanager6855/externalEndpoints/My external endpoint\",\r\n            \"name\": \"My external endpoint\",\r\n            \"type\": \"Microsoft.Network/trafficManagerProfiles/externalEndpoints\",\r\n            \"properties\": {\r\n              \"endpointStatus\": \"Enabled\",\r\n              \"endpointMonitorStatus\": null,\r\n              \"target\": \"foobar.contoso.com\",\r\n              \"weight\": 1,\r\n              \"priority\": 1,\r\n              \"endpointLocation\": \"North Europe\"\r\n            }\r\n          }\r\n        ]\r\n      }\r\n    },\r\n    {\r\n      \"id\": \"/subscriptions/e68d4145-c9ae-4667-925d-c51c8d88ad73/resourceGroups/azuresdkfornetautoresttrafficmanager5327/providers/Microsoft.Network/trafficManagerProfiles/azuresdkfornetautoresttrafficmanager9563\",\r\n      \"name\": \"azuresdkfornetautoresttrafficmanager9563\",\r\n      \"type\": \"Microsoft.Network/trafficManagerProfiles\",\r\n      \"location\": \"global\",\r\n      \"properties\": {\r\n        \"profileStatus\": \"Enabled\",\r\n        \"trafficRoutingMethod\": \"Performance\",\r\n        \"dnsConfig\": {\r\n          \"relativeName\": \"azuresdkfornetautoresttrafficmanager9563\",\r\n          \"fqdn\": \"azuresdkfornetautoresttrafficmanager9563.tmpreview.watmtest.azure-test.net\",\r\n          \"ttl\": 35\r\n        },\r\n        \"monitorConfig\": {\r\n          \"profileMonitorStatus\": null,\r\n          \"protocol\": \"HTTP\",\r\n          \"port\": 80,\r\n          \"path\": \"/testpath.aspx\",\r\n          \"intervalInSeconds\": 30,\r\n          \"toleratedNumberOfFailures\": 3,\r\n          \"timeoutInSeconds\": 10\r\n        },\r\n        \"endpoints\": [\r\n          {\r\n            \"id\": \"/subscriptions/e68d4145-c9ae-4667-925d-c51c8d88ad73/resourceGroups/azuresdkfornetautoresttrafficmanager5327/providers/Microsoft.Network/trafficManagerProfiles/azuresdkfornetautoresttrafficmanager9563/externalEndpoints/My external endpoint\",\r\n            \"name\": \"My external endpoint\",\r\n            \"type\": \"Microsoft.Network/trafficManagerProfiles/externalEndpoints\",\r\n            \"properties\": {\r\n              \"endpointStatus\": \"Enabled\",\r\n              \"endpointMonitorStatus\": null,\r\n              \"target\": \"foobar.contoso.com\",\r\n              \"weight\": 1,\r\n              \"priority\": 1,\r\n              \"endpointLocation\": \"North Europe\"\r\n            }\r\n          }\r\n        ]\r\n      }\r\n    },\r\n    {\r\n      \"id\": \"/subscriptions/e68d4145-c9ae-4667-925d-c51c8d88ad73/resourceGroups/azuresdkfornetautoresttrafficmanager5327/providers/Microsoft.Network/trafficManagerProfiles/azuresdkfornetautoresttrafficmanager9680\",\r\n      \"name\": \"azuresdkfornetautoresttrafficmanager9680\",\r\n      \"type\": \"Microsoft.Network/trafficManagerProfiles\",\r\n      \"location\": \"global\",\r\n      \"properties\": {\r\n        \"profileStatus\": \"Enabled\",\r\n        \"trafficRoutingMethod\": \"Performance\",\r\n        \"dnsConfig\": {\r\n          \"relativeName\": \"azuresdkfornetautoresttrafficmanager9680\",\r\n          \"fqdn\": \"azuresdkfornetautoresttrafficmanager9680.tmpreview.watmtest.azure-test.net\",\r\n          \"ttl\": 35\r\n        },\r\n        \"monitorConfig\": {\r\n          \"profileMonitorStatus\": null,\r\n          \"protocol\": \"HTTP\",\r\n          \"port\": 80,\r\n          \"path\": \"/testpath.aspx\",\r\n          \"intervalInSeconds\": 30,\r\n          \"toleratedNumberOfFailures\": 3,\r\n          \"timeoutInSeconds\": 10\r\n        },\r\n        \"endpoints\": [\r\n          {\r\n            \"id\": \"/subscriptions/e68d4145-c9ae-4667-925d-c51c8d88ad73/resourceGroups/azuresdkfornetautoresttrafficmanager5327/providers/Microsoft.Network/trafficManagerProfiles/azuresdkfornetautoresttrafficmanager9680/externalEndpoints/My external endpoint\",\r\n            \"name\": \"My external endpoint\",\r\n            \"type\": \"Microsoft.Network/trafficManagerProfiles/externalEndpoints\",\r\n            \"properties\": {\r\n              \"endpointStatus\": \"Enabled\",\r\n              \"endpointMonitorStatus\": null,\r\n              \"target\": \"foobar.contoso.com\",\r\n              \"weight\": 1,\r\n              \"priority\": 1,\r\n              \"endpointLocation\": \"North Europe\"\r\n            }\r\n          }\r\n        ]\r\n      }\r\n    }\r\n  ]\r\n}",
      "ResponseHeaders": {
        "Content-Type": [
          "application/json; charset=utf-8"
        ],
        "Cache-Control": [
          "private"
        ],
        "Date": [
          "Wed, 03 May 2017 10:51:49 GMT"
        ],
        "Transfer-Encoding": [
          "chunked"
        ],
        "Server": [
          "Microsoft-IIS/8.5"
        ],
        "Vary": [
          "Accept-Encoding"
        ],
        "X-Content-Type-Options": [
          "nosniff"
        ],
        "Strict-Transport-Security": [
          "max-age=31536000; includeSubDomains"
        ],
        "x-ms-request-id": [
          "9a257b0a-8eba-4ea7-a782-51117f6d4c85"
        ],
        "X-AspNet-Version": [
          "4.0.30319"
        ],
        "X-Powered-By": [
          "ASP.NET"
        ],
        "x-ms-ratelimit-remaining-subscription-resource-requests": [
          "10798"
        ],
        "x-ms-correlation-request-id": [
          "e665c16a-0182-408d-ae9c-17454e081850"
        ],
        "x-ms-routing-request-id": [
          "CENTRALUS:20170503T105149Z:e665c16a-0182-408d-ae9c-17454e081850"
        ]
      },
      "StatusCode": 200
    },
    {
      "RequestUri": "/subscriptions/e68d4145-c9ae-4667-925d-c51c8d88ad73/resourcegroups/azuresdkfornetautoresttrafficmanager5327?api-version=2015-11-01",
      "EncodedRequestUri": "L3N1YnNjcmlwdGlvbnMvZTY4ZDQxNDUtYzlhZS00NjY3LTkyNWQtYzUxYzhkODhhZDczL3Jlc291cmNlZ3JvdXBzL2F6dXJlc2RrZm9ybmV0YXV0b3Jlc3R0cmFmZmljbWFuYWdlcjUzMjc/YXBpLXZlcnNpb249MjAxNS0xMS0wMQ==",
      "RequestMethod": "DELETE",
      "RequestBody": "",
      "RequestHeaders": {
        "x-ms-client-request-id": [
          "22cb58cc-5ea6-4362-aa4c-d5e713228712"
        ],
        "accept-language": [
          "en-US"
        ],
        "User-Agent": [
          "FxVersion/4.6.24410.01",
          "Microsoft.Azure.Management.Resources.ResourceManagementClient/1.0.0-preview"
        ]
      },
      "ResponseBody": "",
      "ResponseHeaders": {
        "Content-Length": [
          "0"
        ],
        "Expires": [
          "-1"
        ],
        "Cache-Control": [
          "no-cache"
        ],
        "Date": [
          "Wed, 03 May 2017 10:52:26 GMT"
        ],
        "Pragma": [
          "no-cache"
        ],
        "Location": [
          "https://api-dogfood.resources.windows-int.net/subscriptions/e68d4145-c9ae-4667-925d-c51c8d88ad73/operationresults/eyJqb2JJZCI6IlJFU09VUkNFR1JPVVBERUxFVElPTkpPQi1BWlVSRVNES0ZPUk5FVEFVVE9SRVNUVFJBRkZJQ01BTkFHRVI1MzI3LUNFTlRSQUxVUyIsImpvYkxvY2F0aW9uIjoiY2VudHJhbHVzIn0?api-version=2015-11-01"
        ],
        "Retry-After": [
          "15"
        ],
        "x-ms-ratelimit-remaining-subscription-writes": [
          "1199"
        ],
        "x-ms-request-id": [
          "aee20714-c830-48d4-829e-e9dff7bcb9f0"
        ],
        "x-ms-correlation-request-id": [
          "aee20714-c830-48d4-829e-e9dff7bcb9f0"
        ],
        "x-ms-routing-request-id": [
          "WESTEUROPE:20170503T105226Z:aee20714-c830-48d4-829e-e9dff7bcb9f0"
        ],
        "Strict-Transport-Security": [
          "max-age=31536000; includeSubDomains"
        ]
      },
      "StatusCode": 202
    },
    {
      "RequestUri": "/subscriptions/e68d4145-c9ae-4667-925d-c51c8d88ad73/operationresults/eyJqb2JJZCI6IlJFU09VUkNFR1JPVVBERUxFVElPTkpPQi1BWlVSRVNES0ZPUk5FVEFVVE9SRVNUVFJBRkZJQ01BTkFHRVI1MzI3LUNFTlRSQUxVUyIsImpvYkxvY2F0aW9uIjoiY2VudHJhbHVzIn0?api-version=2015-11-01",
      "EncodedRequestUri": "L3N1YnNjcmlwdGlvbnMvZTY4ZDQxNDUtYzlhZS00NjY3LTkyNWQtYzUxYzhkODhhZDczL29wZXJhdGlvbnJlc3VsdHMvZXlKcWIySkpaQ0k2SWxKRlUwOVZVa05GUjFKUFZWQkVSVXhGVkVsUFRrcFBRaTFCV2xWU1JWTkVTMFpQVWs1RlZFRlZWRTlTUlZOVVZGSkJSa1pKUTAxQlRrRkhSVkkxTXpJM0xVTkZUbFJTUVV4VlV5SXNJbXB2WWt4dlkyRjBhVzl1SWpvaVkyVnVkSEpoYkhWekluMD9hcGktdmVyc2lvbj0yMDE1LTExLTAx",
      "RequestMethod": "GET",
      "RequestBody": "",
      "RequestHeaders": {
        "User-Agent": [
          "FxVersion/4.6.24410.01",
          "Microsoft.Azure.Management.Resources.ResourceManagementClient/1.0.0-preview"
        ]
      },
      "ResponseBody": "",
      "ResponseHeaders": {
        "Content-Length": [
          "0"
        ],
        "Expires": [
          "-1"
        ],
        "Cache-Control": [
          "no-cache"
        ],
        "Date": [
          "Wed, 03 May 2017 10:52:56 GMT"
        ],
        "Pragma": [
          "no-cache"
        ],
        "Location": [
          "https://api-dogfood.resources.windows-int.net/subscriptions/e68d4145-c9ae-4667-925d-c51c8d88ad73/operationresults/eyJqb2JJZCI6IlJFU09VUkNFR1JPVVBERUxFVElPTkpPQi1BWlVSRVNES0ZPUk5FVEFVVE9SRVNUVFJBRkZJQ01BTkFHRVI1MzI3LUNFTlRSQUxVUyIsImpvYkxvY2F0aW9uIjoiY2VudHJhbHVzIn0?api-version=2015-11-01"
        ],
        "Retry-After": [
          "15"
        ],
        "x-ms-ratelimit-remaining-subscription-reads": [
          "14999"
        ],
        "x-ms-request-id": [
          "fbe44b1c-01b5-44cd-b14f-1d99a72937cd"
        ],
        "x-ms-correlation-request-id": [
          "fbe44b1c-01b5-44cd-b14f-1d99a72937cd"
        ],
        "x-ms-routing-request-id": [
          "WESTEUROPE:20170503T105257Z:fbe44b1c-01b5-44cd-b14f-1d99a72937cd"
        ],
        "Strict-Transport-Security": [
          "max-age=31536000; includeSubDomains"
        ]
      },
      "StatusCode": 202
    },
    {
      "RequestUri": "/subscriptions/e68d4145-c9ae-4667-925d-c51c8d88ad73/operationresults/eyJqb2JJZCI6IlJFU09VUkNFR1JPVVBERUxFVElPTkpPQi1BWlVSRVNES0ZPUk5FVEFVVE9SRVNUVFJBRkZJQ01BTkFHRVI1MzI3LUNFTlRSQUxVUyIsImpvYkxvY2F0aW9uIjoiY2VudHJhbHVzIn0?api-version=2015-11-01",
      "EncodedRequestUri": "L3N1YnNjcmlwdGlvbnMvZTY4ZDQxNDUtYzlhZS00NjY3LTkyNWQtYzUxYzhkODhhZDczL29wZXJhdGlvbnJlc3VsdHMvZXlKcWIySkpaQ0k2SWxKRlUwOVZVa05GUjFKUFZWQkVSVXhGVkVsUFRrcFBRaTFCV2xWU1JWTkVTMFpQVWs1RlZFRlZWRTlTUlZOVVZGSkJSa1pKUTAxQlRrRkhSVkkxTXpJM0xVTkZUbFJTUVV4VlV5SXNJbXB2WWt4dlkyRjBhVzl1SWpvaVkyVnVkSEpoYkhWekluMD9hcGktdmVyc2lvbj0yMDE1LTExLTAx",
      "RequestMethod": "GET",
      "RequestBody": "",
      "RequestHeaders": {
        "User-Agent": [
          "FxVersion/4.6.24410.01",
          "Microsoft.Azure.Management.Resources.ResourceManagementClient/1.0.0-preview"
        ]
      },
      "ResponseBody": "",
      "ResponseHeaders": {
        "Content-Length": [
          "0"
        ],
        "Expires": [
          "-1"
        ],
        "Cache-Control": [
          "no-cache"
        ],
        "Date": [
          "Wed, 03 May 2017 10:53:27 GMT"
        ],
        "Pragma": [
          "no-cache"
        ],
        "Location": [
          "https://api-dogfood.resources.windows-int.net/subscriptions/e68d4145-c9ae-4667-925d-c51c8d88ad73/operationresults/eyJqb2JJZCI6IlJFU09VUkNFR1JPVVBERUxFVElPTkpPQi1BWlVSRVNES0ZPUk5FVEFVVE9SRVNUVFJBRkZJQ01BTkFHRVI1MzI3LUNFTlRSQUxVUyIsImpvYkxvY2F0aW9uIjoiY2VudHJhbHVzIn0?api-version=2015-11-01"
        ],
        "Retry-After": [
          "15"
        ],
        "x-ms-ratelimit-remaining-subscription-reads": [
          "14998"
        ],
        "x-ms-request-id": [
          "124f64b0-81e4-43a8-bef0-b6d75bf65591"
        ],
        "x-ms-correlation-request-id": [
          "124f64b0-81e4-43a8-bef0-b6d75bf65591"
        ],
        "x-ms-routing-request-id": [
          "WESTEUROPE:20170503T105327Z:124f64b0-81e4-43a8-bef0-b6d75bf65591"
        ],
        "Strict-Transport-Security": [
          "max-age=31536000; includeSubDomains"
        ]
      },
      "StatusCode": 202
    },
    {
      "RequestUri": "/subscriptions/e68d4145-c9ae-4667-925d-c51c8d88ad73/operationresults/eyJqb2JJZCI6IlJFU09VUkNFR1JPVVBERUxFVElPTkpPQi1BWlVSRVNES0ZPUk5FVEFVVE9SRVNUVFJBRkZJQ01BTkFHRVI1MzI3LUNFTlRSQUxVUyIsImpvYkxvY2F0aW9uIjoiY2VudHJhbHVzIn0?api-version=2015-11-01",
      "EncodedRequestUri": "L3N1YnNjcmlwdGlvbnMvZTY4ZDQxNDUtYzlhZS00NjY3LTkyNWQtYzUxYzhkODhhZDczL29wZXJhdGlvbnJlc3VsdHMvZXlKcWIySkpaQ0k2SWxKRlUwOVZVa05GUjFKUFZWQkVSVXhGVkVsUFRrcFBRaTFCV2xWU1JWTkVTMFpQVWs1RlZFRlZWRTlTUlZOVVZGSkJSa1pKUTAxQlRrRkhSVkkxTXpJM0xVTkZUbFJTUVV4VlV5SXNJbXB2WWt4dlkyRjBhVzl1SWpvaVkyVnVkSEpoYkhWekluMD9hcGktdmVyc2lvbj0yMDE1LTExLTAx",
      "RequestMethod": "GET",
      "RequestBody": "",
      "RequestHeaders": {
        "User-Agent": [
          "FxVersion/4.6.24410.01",
          "Microsoft.Azure.Management.Resources.ResourceManagementClient/1.0.0-preview"
        ]
      },
      "ResponseBody": "",
      "ResponseHeaders": {
        "Content-Length": [
          "0"
        ],
        "Expires": [
          "-1"
        ],
        "Cache-Control": [
          "no-cache"
        ],
        "Date": [
          "Wed, 03 May 2017 10:53:57 GMT"
        ],
        "Pragma": [
          "no-cache"
        ],
        "Location": [
          "https://api-dogfood.resources.windows-int.net/subscriptions/e68d4145-c9ae-4667-925d-c51c8d88ad73/operationresults/eyJqb2JJZCI6IlJFU09VUkNFR1JPVVBERUxFVElPTkpPQi1BWlVSRVNES0ZPUk5FVEFVVE9SRVNUVFJBRkZJQ01BTkFHRVI1MzI3LUNFTlRSQUxVUyIsImpvYkxvY2F0aW9uIjoiY2VudHJhbHVzIn0?api-version=2015-11-01"
        ],
        "Retry-After": [
          "15"
        ],
        "x-ms-ratelimit-remaining-subscription-reads": [
          "14997"
        ],
        "x-ms-request-id": [
          "880f7f29-68bc-4192-8abb-2781b641294d"
        ],
        "x-ms-correlation-request-id": [
          "880f7f29-68bc-4192-8abb-2781b641294d"
        ],
        "x-ms-routing-request-id": [
          "WESTEUROPE:20170503T105358Z:880f7f29-68bc-4192-8abb-2781b641294d"
        ],
        "Strict-Transport-Security": [
          "max-age=31536000; includeSubDomains"
        ]
      },
      "StatusCode": 202
    },
    {
      "RequestUri": "/subscriptions/e68d4145-c9ae-4667-925d-c51c8d88ad73/operationresults/eyJqb2JJZCI6IlJFU09VUkNFR1JPVVBERUxFVElPTkpPQi1BWlVSRVNES0ZPUk5FVEFVVE9SRVNUVFJBRkZJQ01BTkFHRVI1MzI3LUNFTlRSQUxVUyIsImpvYkxvY2F0aW9uIjoiY2VudHJhbHVzIn0?api-version=2015-11-01",
      "EncodedRequestUri": "L3N1YnNjcmlwdGlvbnMvZTY4ZDQxNDUtYzlhZS00NjY3LTkyNWQtYzUxYzhkODhhZDczL29wZXJhdGlvbnJlc3VsdHMvZXlKcWIySkpaQ0k2SWxKRlUwOVZVa05GUjFKUFZWQkVSVXhGVkVsUFRrcFBRaTFCV2xWU1JWTkVTMFpQVWs1RlZFRlZWRTlTUlZOVVZGSkJSa1pKUTAxQlRrRkhSVkkxTXpJM0xVTkZUbFJTUVV4VlV5SXNJbXB2WWt4dlkyRjBhVzl1SWpvaVkyVnVkSEpoYkhWekluMD9hcGktdmVyc2lvbj0yMDE1LTExLTAx",
      "RequestMethod": "GET",
      "RequestBody": "",
      "RequestHeaders": {
        "User-Agent": [
          "FxVersion/4.6.24410.01",
          "Microsoft.Azure.Management.Resources.ResourceManagementClient/1.0.0-preview"
        ]
      },
      "ResponseBody": "",
      "ResponseHeaders": {
        "Content-Length": [
          "0"
        ],
        "Expires": [
          "-1"
        ],
        "Cache-Control": [
          "no-cache"
        ],
        "Date": [
          "Wed, 03 May 2017 10:54:29 GMT"
        ],
        "Pragma": [
          "no-cache"
        ],
        "Location": [
          "https://api-dogfood.resources.windows-int.net/subscriptions/e68d4145-c9ae-4667-925d-c51c8d88ad73/operationresults/eyJqb2JJZCI6IlJFU09VUkNFR1JPVVBERUxFVElPTkpPQi1BWlVSRVNES0ZPUk5FVEFVVE9SRVNUVFJBRkZJQ01BTkFHRVI1MzI3LUNFTlRSQUxVUyIsImpvYkxvY2F0aW9uIjoiY2VudHJhbHVzIn0?api-version=2015-11-01"
        ],
        "Retry-After": [
          "15"
        ],
        "x-ms-ratelimit-remaining-subscription-reads": [
          "14996"
        ],
        "x-ms-request-id": [
          "e9b92a6c-974d-442e-bcb5-fe9960cc9a41"
        ],
        "x-ms-correlation-request-id": [
          "e9b92a6c-974d-442e-bcb5-fe9960cc9a41"
        ],
        "x-ms-routing-request-id": [
          "WESTEUROPE:20170503T105429Z:e9b92a6c-974d-442e-bcb5-fe9960cc9a41"
        ],
        "Strict-Transport-Security": [
          "max-age=31536000; includeSubDomains"
        ]
      },
      "StatusCode": 202
    },
    {
      "RequestUri": "/subscriptions/e68d4145-c9ae-4667-925d-c51c8d88ad73/operationresults/eyJqb2JJZCI6IlJFU09VUkNFR1JPVVBERUxFVElPTkpPQi1BWlVSRVNES0ZPUk5FVEFVVE9SRVNUVFJBRkZJQ01BTkFHRVI1MzI3LUNFTlRSQUxVUyIsImpvYkxvY2F0aW9uIjoiY2VudHJhbHVzIn0?api-version=2015-11-01",
      "EncodedRequestUri": "L3N1YnNjcmlwdGlvbnMvZTY4ZDQxNDUtYzlhZS00NjY3LTkyNWQtYzUxYzhkODhhZDczL29wZXJhdGlvbnJlc3VsdHMvZXlKcWIySkpaQ0k2SWxKRlUwOVZVa05GUjFKUFZWQkVSVXhGVkVsUFRrcFBRaTFCV2xWU1JWTkVTMFpQVWs1RlZFRlZWRTlTUlZOVVZGSkJSa1pKUTAxQlRrRkhSVkkxTXpJM0xVTkZUbFJTUVV4VlV5SXNJbXB2WWt4dlkyRjBhVzl1SWpvaVkyVnVkSEpoYkhWekluMD9hcGktdmVyc2lvbj0yMDE1LTExLTAx",
      "RequestMethod": "GET",
      "RequestBody": "",
      "RequestHeaders": {
        "User-Agent": [
          "FxVersion/4.6.24410.01",
          "Microsoft.Azure.Management.Resources.ResourceManagementClient/1.0.0-preview"
        ]
      },
      "ResponseBody": "",
      "ResponseHeaders": {
        "Content-Length": [
          "0"
        ],
        "Expires": [
          "-1"
        ],
        "Cache-Control": [
          "no-cache"
        ],
        "Date": [
          "Wed, 03 May 2017 10:54:59 GMT"
        ],
        "Pragma": [
          "no-cache"
        ],
        "Location": [
          "https://api-dogfood.resources.windows-int.net/subscriptions/e68d4145-c9ae-4667-925d-c51c8d88ad73/operationresults/eyJqb2JJZCI6IlJFU09VUkNFR1JPVVBERUxFVElPTkpPQi1BWlVSRVNES0ZPUk5FVEFVVE9SRVNUVFJBRkZJQ01BTkFHRVI1MzI3LUNFTlRSQUxVUyIsImpvYkxvY2F0aW9uIjoiY2VudHJhbHVzIn0?api-version=2015-11-01"
        ],
        "Retry-After": [
          "15"
        ],
        "x-ms-ratelimit-remaining-subscription-reads": [
          "14995"
        ],
        "x-ms-request-id": [
          "dc27bd92-835f-44c9-a0da-6641fba74d38"
        ],
        "x-ms-correlation-request-id": [
          "dc27bd92-835f-44c9-a0da-6641fba74d38"
        ],
        "x-ms-routing-request-id": [
          "WESTEUROPE:20170503T105459Z:dc27bd92-835f-44c9-a0da-6641fba74d38"
        ],
        "Strict-Transport-Security": [
          "max-age=31536000; includeSubDomains"
        ]
      },
      "StatusCode": 202
    },
    {
      "RequestUri": "/subscriptions/e68d4145-c9ae-4667-925d-c51c8d88ad73/operationresults/eyJqb2JJZCI6IlJFU09VUkNFR1JPVVBERUxFVElPTkpPQi1BWlVSRVNES0ZPUk5FVEFVVE9SRVNUVFJBRkZJQ01BTkFHRVI1MzI3LUNFTlRSQUxVUyIsImpvYkxvY2F0aW9uIjoiY2VudHJhbHVzIn0?api-version=2015-11-01",
      "EncodedRequestUri": "L3N1YnNjcmlwdGlvbnMvZTY4ZDQxNDUtYzlhZS00NjY3LTkyNWQtYzUxYzhkODhhZDczL29wZXJhdGlvbnJlc3VsdHMvZXlKcWIySkpaQ0k2SWxKRlUwOVZVa05GUjFKUFZWQkVSVXhGVkVsUFRrcFBRaTFCV2xWU1JWTkVTMFpQVWs1RlZFRlZWRTlTUlZOVVZGSkJSa1pKUTAxQlRrRkhSVkkxTXpJM0xVTkZUbFJTUVV4VlV5SXNJbXB2WWt4dlkyRjBhVzl1SWpvaVkyVnVkSEpoYkhWekluMD9hcGktdmVyc2lvbj0yMDE1LTExLTAx",
      "RequestMethod": "GET",
      "RequestBody": "",
      "RequestHeaders": {
        "User-Agent": [
          "FxVersion/4.6.24410.01",
          "Microsoft.Azure.Management.Resources.ResourceManagementClient/1.0.0-preview"
        ]
      },
      "ResponseBody": "",
      "ResponseHeaders": {
        "Content-Length": [
          "0"
        ],
        "Expires": [
          "-1"
        ],
        "Cache-Control": [
          "no-cache"
        ],
        "Date": [
          "Wed, 03 May 2017 10:55:30 GMT"
        ],
        "Pragma": [
          "no-cache"
        ],
        "Location": [
          "https://api-dogfood.resources.windows-int.net/subscriptions/e68d4145-c9ae-4667-925d-c51c8d88ad73/operationresults/eyJqb2JJZCI6IlJFU09VUkNFR1JPVVBERUxFVElPTkpPQi1BWlVSRVNES0ZPUk5FVEFVVE9SRVNUVFJBRkZJQ01BTkFHRVI1MzI3LUNFTlRSQUxVUyIsImpvYkxvY2F0aW9uIjoiY2VudHJhbHVzIn0?api-version=2015-11-01"
        ],
        "Retry-After": [
          "15"
        ],
        "x-ms-ratelimit-remaining-subscription-reads": [
          "14994"
        ],
        "x-ms-request-id": [
          "e55af422-b632-4947-b6bc-0c3fe1a0b7a1"
        ],
        "x-ms-correlation-request-id": [
          "e55af422-b632-4947-b6bc-0c3fe1a0b7a1"
        ],
        "x-ms-routing-request-id": [
          "WESTEUROPE:20170503T105530Z:e55af422-b632-4947-b6bc-0c3fe1a0b7a1"
        ],
        "Strict-Transport-Security": [
          "max-age=31536000; includeSubDomains"
        ]
      },
      "StatusCode": 202
    },
    {
      "RequestUri": "/subscriptions/e68d4145-c9ae-4667-925d-c51c8d88ad73/operationresults/eyJqb2JJZCI6IlJFU09VUkNFR1JPVVBERUxFVElPTkpPQi1BWlVSRVNES0ZPUk5FVEFVVE9SRVNUVFJBRkZJQ01BTkFHRVI1MzI3LUNFTlRSQUxVUyIsImpvYkxvY2F0aW9uIjoiY2VudHJhbHVzIn0?api-version=2015-11-01",
      "EncodedRequestUri": "L3N1YnNjcmlwdGlvbnMvZTY4ZDQxNDUtYzlhZS00NjY3LTkyNWQtYzUxYzhkODhhZDczL29wZXJhdGlvbnJlc3VsdHMvZXlKcWIySkpaQ0k2SWxKRlUwOVZVa05GUjFKUFZWQkVSVXhGVkVsUFRrcFBRaTFCV2xWU1JWTkVTMFpQVWs1RlZFRlZWRTlTUlZOVVZGSkJSa1pKUTAxQlRrRkhSVkkxTXpJM0xVTkZUbFJTUVV4VlV5SXNJbXB2WWt4dlkyRjBhVzl1SWpvaVkyVnVkSEpoYkhWekluMD9hcGktdmVyc2lvbj0yMDE1LTExLTAx",
      "RequestMethod": "GET",
      "RequestBody": "",
      "RequestHeaders": {
        "User-Agent": [
          "FxVersion/4.6.24410.01",
          "Microsoft.Azure.Management.Resources.ResourceManagementClient/1.0.0-preview"
        ]
      },
      "ResponseBody": "",
      "ResponseHeaders": {
        "Content-Length": [
          "0"
        ],
        "Expires": [
          "-1"
        ],
        "Cache-Control": [
          "no-cache"
        ],
        "Date": [
          "Wed, 03 May 2017 10:56:01 GMT"
        ],
        "Pragma": [
          "no-cache"
        ],
        "Location": [
          "https://api-dogfood.resources.windows-int.net/subscriptions/e68d4145-c9ae-4667-925d-c51c8d88ad73/operationresults/eyJqb2JJZCI6IlJFU09VUkNFR1JPVVBERUxFVElPTkpPQi1BWlVSRVNES0ZPUk5FVEFVVE9SRVNUVFJBRkZJQ01BTkFHRVI1MzI3LUNFTlRSQUxVUyIsImpvYkxvY2F0aW9uIjoiY2VudHJhbHVzIn0?api-version=2015-11-01"
        ],
        "Retry-After": [
          "15"
        ],
        "x-ms-ratelimit-remaining-subscription-reads": [
          "14993"
        ],
        "x-ms-request-id": [
          "dd15ffe7-5ec5-4607-9536-a4c5ba1fda17"
        ],
        "x-ms-correlation-request-id": [
          "dd15ffe7-5ec5-4607-9536-a4c5ba1fda17"
        ],
        "x-ms-routing-request-id": [
          "WESTEUROPE:20170503T105601Z:dd15ffe7-5ec5-4607-9536-a4c5ba1fda17"
        ],
        "Strict-Transport-Security": [
          "max-age=31536000; includeSubDomains"
        ]
      },
      "StatusCode": 202
    },
    {
      "RequestUri": "/subscriptions/e68d4145-c9ae-4667-925d-c51c8d88ad73/operationresults/eyJqb2JJZCI6IlJFU09VUkNFR1JPVVBERUxFVElPTkpPQi1BWlVSRVNES0ZPUk5FVEFVVE9SRVNUVFJBRkZJQ01BTkFHRVI1MzI3LUNFTlRSQUxVUyIsImpvYkxvY2F0aW9uIjoiY2VudHJhbHVzIn0?api-version=2015-11-01",
      "EncodedRequestUri": "L3N1YnNjcmlwdGlvbnMvZTY4ZDQxNDUtYzlhZS00NjY3LTkyNWQtYzUxYzhkODhhZDczL29wZXJhdGlvbnJlc3VsdHMvZXlKcWIySkpaQ0k2SWxKRlUwOVZVa05GUjFKUFZWQkVSVXhGVkVsUFRrcFBRaTFCV2xWU1JWTkVTMFpQVWs1RlZFRlZWRTlTUlZOVVZGSkJSa1pKUTAxQlRrRkhSVkkxTXpJM0xVTkZUbFJTUVV4VlV5SXNJbXB2WWt4dlkyRjBhVzl1SWpvaVkyVnVkSEpoYkhWekluMD9hcGktdmVyc2lvbj0yMDE1LTExLTAx",
      "RequestMethod": "GET",
      "RequestBody": "",
      "RequestHeaders": {
        "User-Agent": [
          "FxVersion/4.6.24410.01",
          "Microsoft.Azure.Management.Resources.ResourceManagementClient/1.0.0-preview"
        ]
      },
      "ResponseBody": "",
      "ResponseHeaders": {
        "Content-Length": [
          "0"
        ],
        "Expires": [
          "-1"
        ],
        "Cache-Control": [
          "no-cache"
        ],
        "Date": [
          "Wed, 03 May 2017 10:56:32 GMT"
        ],
        "Pragma": [
          "no-cache"
        ],
        "Location": [
          "https://api-dogfood.resources.windows-int.net/subscriptions/e68d4145-c9ae-4667-925d-c51c8d88ad73/operationresults/eyJqb2JJZCI6IlJFU09VUkNFR1JPVVBERUxFVElPTkpPQi1BWlVSRVNES0ZPUk5FVEFVVE9SRVNUVFJBRkZJQ01BTkFHRVI1MzI3LUNFTlRSQUxVUyIsImpvYkxvY2F0aW9uIjoiY2VudHJhbHVzIn0?api-version=2015-11-01"
        ],
        "Retry-After": [
          "15"
        ],
        "x-ms-ratelimit-remaining-subscription-reads": [
          "14992"
        ],
        "x-ms-request-id": [
          "45a5de08-82f4-4859-a8b2-27e228774c5d"
        ],
        "x-ms-correlation-request-id": [
          "45a5de08-82f4-4859-a8b2-27e228774c5d"
        ],
        "x-ms-routing-request-id": [
          "WESTEUROPE:20170503T105632Z:45a5de08-82f4-4859-a8b2-27e228774c5d"
        ],
        "Strict-Transport-Security": [
          "max-age=31536000; includeSubDomains"
        ]
      },
      "StatusCode": 202
    },
    {
      "RequestUri": "/subscriptions/e68d4145-c9ae-4667-925d-c51c8d88ad73/operationresults/eyJqb2JJZCI6IlJFU09VUkNFR1JPVVBERUxFVElPTkpPQi1BWlVSRVNES0ZPUk5FVEFVVE9SRVNUVFJBRkZJQ01BTkFHRVI1MzI3LUNFTlRSQUxVUyIsImpvYkxvY2F0aW9uIjoiY2VudHJhbHVzIn0?api-version=2015-11-01",
      "EncodedRequestUri": "L3N1YnNjcmlwdGlvbnMvZTY4ZDQxNDUtYzlhZS00NjY3LTkyNWQtYzUxYzhkODhhZDczL29wZXJhdGlvbnJlc3VsdHMvZXlKcWIySkpaQ0k2SWxKRlUwOVZVa05GUjFKUFZWQkVSVXhGVkVsUFRrcFBRaTFCV2xWU1JWTkVTMFpQVWs1RlZFRlZWRTlTUlZOVVZGSkJSa1pKUTAxQlRrRkhSVkkxTXpJM0xVTkZUbFJTUVV4VlV5SXNJbXB2WWt4dlkyRjBhVzl1SWpvaVkyVnVkSEpoYkhWekluMD9hcGktdmVyc2lvbj0yMDE1LTExLTAx",
      "RequestMethod": "GET",
      "RequestBody": "",
      "RequestHeaders": {
        "User-Agent": [
          "FxVersion/4.6.24410.01",
          "Microsoft.Azure.Management.Resources.ResourceManagementClient/1.0.0-preview"
        ]
      },
      "ResponseBody": "",
      "ResponseHeaders": {
        "Content-Length": [
          "0"
        ],
        "Expires": [
          "-1"
        ],
        "Cache-Control": [
          "no-cache"
        ],
        "Date": [
          "Wed, 03 May 2017 10:57:02 GMT"
        ],
        "Pragma": [
          "no-cache"
        ],
        "Location": [
          "https://api-dogfood.resources.windows-int.net/subscriptions/e68d4145-c9ae-4667-925d-c51c8d88ad73/operationresults/eyJqb2JJZCI6IlJFU09VUkNFR1JPVVBERUxFVElPTkpPQi1BWlVSRVNES0ZPUk5FVEFVVE9SRVNUVFJBRkZJQ01BTkFHRVI1MzI3LUNFTlRSQUxVUyIsImpvYkxvY2F0aW9uIjoiY2VudHJhbHVzIn0?api-version=2015-11-01"
        ],
        "Retry-After": [
          "15"
        ],
        "x-ms-ratelimit-remaining-subscription-reads": [
          "14991"
        ],
        "x-ms-request-id": [
          "433c8d83-b6a5-4861-b503-9af0ae196e10"
        ],
        "x-ms-correlation-request-id": [
          "433c8d83-b6a5-4861-b503-9af0ae196e10"
        ],
        "x-ms-routing-request-id": [
          "WESTEUROPE:20170503T105702Z:433c8d83-b6a5-4861-b503-9af0ae196e10"
        ],
        "Strict-Transport-Security": [
          "max-age=31536000; includeSubDomains"
        ]
      },
      "StatusCode": 202
    },
    {
      "RequestUri": "/subscriptions/e68d4145-c9ae-4667-925d-c51c8d88ad73/operationresults/eyJqb2JJZCI6IlJFU09VUkNFR1JPVVBERUxFVElPTkpPQi1BWlVSRVNES0ZPUk5FVEFVVE9SRVNUVFJBRkZJQ01BTkFHRVI1MzI3LUNFTlRSQUxVUyIsImpvYkxvY2F0aW9uIjoiY2VudHJhbHVzIn0?api-version=2015-11-01",
      "EncodedRequestUri": "L3N1YnNjcmlwdGlvbnMvZTY4ZDQxNDUtYzlhZS00NjY3LTkyNWQtYzUxYzhkODhhZDczL29wZXJhdGlvbnJlc3VsdHMvZXlKcWIySkpaQ0k2SWxKRlUwOVZVa05GUjFKUFZWQkVSVXhGVkVsUFRrcFBRaTFCV2xWU1JWTkVTMFpQVWs1RlZFRlZWRTlTUlZOVVZGSkJSa1pKUTAxQlRrRkhSVkkxTXpJM0xVTkZUbFJTUVV4VlV5SXNJbXB2WWt4dlkyRjBhVzl1SWpvaVkyVnVkSEpoYkhWekluMD9hcGktdmVyc2lvbj0yMDE1LTExLTAx",
      "RequestMethod": "GET",
      "RequestBody": "",
      "RequestHeaders": {
        "User-Agent": [
          "FxVersion/4.6.24410.01",
          "Microsoft.Azure.Management.Resources.ResourceManagementClient/1.0.0-preview"
        ]
      },
      "ResponseBody": "",
      "ResponseHeaders": {
        "Content-Length": [
          "0"
        ],
        "Expires": [
          "-1"
        ],
        "Cache-Control": [
          "no-cache"
        ],
        "Date": [
          "Wed, 03 May 2017 10:57:32 GMT"
        ],
        "Pragma": [
          "no-cache"
        ],
        "Location": [
          "https://api-dogfood.resources.windows-int.net/subscriptions/e68d4145-c9ae-4667-925d-c51c8d88ad73/operationresults/eyJqb2JJZCI6IlJFU09VUkNFR1JPVVBERUxFVElPTkpPQi1BWlVSRVNES0ZPUk5FVEFVVE9SRVNUVFJBRkZJQ01BTkFHRVI1MzI3LUNFTlRSQUxVUyIsImpvYkxvY2F0aW9uIjoiY2VudHJhbHVzIn0?api-version=2015-11-01"
        ],
        "Retry-After": [
          "15"
        ],
        "x-ms-ratelimit-remaining-subscription-reads": [
          "14990"
        ],
        "x-ms-request-id": [
          "d6173676-2833-436a-a39c-250e9c5e8435"
        ],
        "x-ms-correlation-request-id": [
          "d6173676-2833-436a-a39c-250e9c5e8435"
        ],
        "x-ms-routing-request-id": [
          "WESTEUROPE:20170503T105733Z:d6173676-2833-436a-a39c-250e9c5e8435"
        ],
        "Strict-Transport-Security": [
          "max-age=31536000; includeSubDomains"
        ]
      },
      "StatusCode": 202
    },
    {
      "RequestUri": "/subscriptions/e68d4145-c9ae-4667-925d-c51c8d88ad73/operationresults/eyJqb2JJZCI6IlJFU09VUkNFR1JPVVBERUxFVElPTkpPQi1BWlVSRVNES0ZPUk5FVEFVVE9SRVNUVFJBRkZJQ01BTkFHRVI1MzI3LUNFTlRSQUxVUyIsImpvYkxvY2F0aW9uIjoiY2VudHJhbHVzIn0?api-version=2015-11-01",
      "EncodedRequestUri": "L3N1YnNjcmlwdGlvbnMvZTY4ZDQxNDUtYzlhZS00NjY3LTkyNWQtYzUxYzhkODhhZDczL29wZXJhdGlvbnJlc3VsdHMvZXlKcWIySkpaQ0k2SWxKRlUwOVZVa05GUjFKUFZWQkVSVXhGVkVsUFRrcFBRaTFCV2xWU1JWTkVTMFpQVWs1RlZFRlZWRTlTUlZOVVZGSkJSa1pKUTAxQlRrRkhSVkkxTXpJM0xVTkZUbFJTUVV4VlV5SXNJbXB2WWt4dlkyRjBhVzl1SWpvaVkyVnVkSEpoYkhWekluMD9hcGktdmVyc2lvbj0yMDE1LTExLTAx",
      "RequestMethod": "GET",
      "RequestBody": "",
      "RequestHeaders": {
        "User-Agent": [
          "FxVersion/4.6.24410.01",
          "Microsoft.Azure.Management.Resources.ResourceManagementClient/1.0.0-preview"
        ]
      },
      "ResponseBody": "",
      "ResponseHeaders": {
        "Content-Length": [
          "0"
        ],
        "Expires": [
          "-1"
        ],
        "Cache-Control": [
          "no-cache"
        ],
        "Date": [
          "Wed, 03 May 2017 10:58:03 GMT"
        ],
        "Pragma": [
          "no-cache"
        ],
        "Location": [
          "https://api-dogfood.resources.windows-int.net/subscriptions/e68d4145-c9ae-4667-925d-c51c8d88ad73/operationresults/eyJqb2JJZCI6IlJFU09VUkNFR1JPVVBERUxFVElPTkpPQi1BWlVSRVNES0ZPUk5FVEFVVE9SRVNUVFJBRkZJQ01BTkFHRVI1MzI3LUNFTlRSQUxVUyIsImpvYkxvY2F0aW9uIjoiY2VudHJhbHVzIn0?api-version=2015-11-01"
        ],
        "Retry-After": [
          "15"
        ],
        "x-ms-ratelimit-remaining-subscription-reads": [
          "14989"
        ],
        "x-ms-request-id": [
          "19612e26-eec4-4ee2-98af-4f1e4ce7eca2"
        ],
        "x-ms-correlation-request-id": [
          "19612e26-eec4-4ee2-98af-4f1e4ce7eca2"
        ],
        "x-ms-routing-request-id": [
          "WESTEUROPE:20170503T105803Z:19612e26-eec4-4ee2-98af-4f1e4ce7eca2"
        ],
        "Strict-Transport-Security": [
          "max-age=31536000; includeSubDomains"
        ]
      },
      "StatusCode": 202
    },
    {
      "RequestUri": "/subscriptions/e68d4145-c9ae-4667-925d-c51c8d88ad73/operationresults/eyJqb2JJZCI6IlJFU09VUkNFR1JPVVBERUxFVElPTkpPQi1BWlVSRVNES0ZPUk5FVEFVVE9SRVNUVFJBRkZJQ01BTkFHRVI1MzI3LUNFTlRSQUxVUyIsImpvYkxvY2F0aW9uIjoiY2VudHJhbHVzIn0?api-version=2015-11-01",
      "EncodedRequestUri": "L3N1YnNjcmlwdGlvbnMvZTY4ZDQxNDUtYzlhZS00NjY3LTkyNWQtYzUxYzhkODhhZDczL29wZXJhdGlvbnJlc3VsdHMvZXlKcWIySkpaQ0k2SWxKRlUwOVZVa05GUjFKUFZWQkVSVXhGVkVsUFRrcFBRaTFCV2xWU1JWTkVTMFpQVWs1RlZFRlZWRTlTUlZOVVZGSkJSa1pKUTAxQlRrRkhSVkkxTXpJM0xVTkZUbFJTUVV4VlV5SXNJbXB2WWt4dlkyRjBhVzl1SWpvaVkyVnVkSEpoYkhWekluMD9hcGktdmVyc2lvbj0yMDE1LTExLTAx",
      "RequestMethod": "GET",
      "RequestBody": "",
      "RequestHeaders": {
        "User-Agent": [
          "FxVersion/4.6.24410.01",
          "Microsoft.Azure.Management.Resources.ResourceManagementClient/1.0.0-preview"
        ]
      },
      "ResponseBody": "",
      "ResponseHeaders": {
        "Content-Length": [
          "0"
        ],
        "Expires": [
          "-1"
        ],
        "Cache-Control": [
          "no-cache"
        ],
        "Date": [
          "Wed, 03 May 2017 10:58:33 GMT"
        ],
        "Pragma": [
          "no-cache"
        ],
        "Location": [
          "https://api-dogfood.resources.windows-int.net/subscriptions/e68d4145-c9ae-4667-925d-c51c8d88ad73/operationresults/eyJqb2JJZCI6IlJFU09VUkNFR1JPVVBERUxFVElPTkpPQi1BWlVSRVNES0ZPUk5FVEFVVE9SRVNUVFJBRkZJQ01BTkFHRVI1MzI3LUNFTlRSQUxVUyIsImpvYkxvY2F0aW9uIjoiY2VudHJhbHVzIn0?api-version=2015-11-01"
        ],
        "Retry-After": [
          "15"
        ],
        "x-ms-ratelimit-remaining-subscription-reads": [
          "14988"
        ],
        "x-ms-request-id": [
          "26fc285f-a957-43e2-8735-1a5dba827168"
        ],
        "x-ms-correlation-request-id": [
          "26fc285f-a957-43e2-8735-1a5dba827168"
        ],
        "x-ms-routing-request-id": [
          "WESTEUROPE:20170503T105834Z:26fc285f-a957-43e2-8735-1a5dba827168"
        ],
        "Strict-Transport-Security": [
          "max-age=31536000; includeSubDomains"
        ]
      },
      "StatusCode": 202
    },
    {
      "RequestUri": "/subscriptions/e68d4145-c9ae-4667-925d-c51c8d88ad73/operationresults/eyJqb2JJZCI6IlJFU09VUkNFR1JPVVBERUxFVElPTkpPQi1BWlVSRVNES0ZPUk5FVEFVVE9SRVNUVFJBRkZJQ01BTkFHRVI1MzI3LUNFTlRSQUxVUyIsImpvYkxvY2F0aW9uIjoiY2VudHJhbHVzIn0?api-version=2015-11-01",
      "EncodedRequestUri": "L3N1YnNjcmlwdGlvbnMvZTY4ZDQxNDUtYzlhZS00NjY3LTkyNWQtYzUxYzhkODhhZDczL29wZXJhdGlvbnJlc3VsdHMvZXlKcWIySkpaQ0k2SWxKRlUwOVZVa05GUjFKUFZWQkVSVXhGVkVsUFRrcFBRaTFCV2xWU1JWTkVTMFpQVWs1RlZFRlZWRTlTUlZOVVZGSkJSa1pKUTAxQlRrRkhSVkkxTXpJM0xVTkZUbFJTUVV4VlV5SXNJbXB2WWt4dlkyRjBhVzl1SWpvaVkyVnVkSEpoYkhWekluMD9hcGktdmVyc2lvbj0yMDE1LTExLTAx",
      "RequestMethod": "GET",
      "RequestBody": "",
      "RequestHeaders": {
        "User-Agent": [
          "FxVersion/4.6.24410.01",
          "Microsoft.Azure.Management.Resources.ResourceManagementClient/1.0.0-preview"
        ]
      },
      "ResponseBody": "",
      "ResponseHeaders": {
        "Content-Length": [
          "0"
        ],
        "Expires": [
          "-1"
        ],
        "Cache-Control": [
          "no-cache"
        ],
        "Date": [
          "Wed, 03 May 2017 10:59:05 GMT"
        ],
        "Pragma": [
          "no-cache"
        ],
        "Location": [
          "https://api-dogfood.resources.windows-int.net/subscriptions/e68d4145-c9ae-4667-925d-c51c8d88ad73/operationresults/eyJqb2JJZCI6IlJFU09VUkNFR1JPVVBERUxFVElPTkpPQi1BWlVSRVNES0ZPUk5FVEFVVE9SRVNUVFJBRkZJQ01BTkFHRVI1MzI3LUNFTlRSQUxVUyIsImpvYkxvY2F0aW9uIjoiY2VudHJhbHVzIn0?api-version=2015-11-01"
        ],
        "Retry-After": [
          "15"
        ],
        "x-ms-ratelimit-remaining-subscription-reads": [
          "14987"
        ],
        "x-ms-request-id": [
          "2929c85b-850e-406b-8862-3198f56ed14d"
        ],
        "x-ms-correlation-request-id": [
          "2929c85b-850e-406b-8862-3198f56ed14d"
        ],
        "x-ms-routing-request-id": [
          "WESTEUROPE:20170503T105906Z:2929c85b-850e-406b-8862-3198f56ed14d"
        ],
        "Strict-Transport-Security": [
          "max-age=31536000; includeSubDomains"
        ]
      },
      "StatusCode": 202
    },
    {
      "RequestUri": "/subscriptions/e68d4145-c9ae-4667-925d-c51c8d88ad73/operationresults/eyJqb2JJZCI6IlJFU09VUkNFR1JPVVBERUxFVElPTkpPQi1BWlVSRVNES0ZPUk5FVEFVVE9SRVNUVFJBRkZJQ01BTkFHRVI1MzI3LUNFTlRSQUxVUyIsImpvYkxvY2F0aW9uIjoiY2VudHJhbHVzIn0?api-version=2015-11-01",
      "EncodedRequestUri": "L3N1YnNjcmlwdGlvbnMvZTY4ZDQxNDUtYzlhZS00NjY3LTkyNWQtYzUxYzhkODhhZDczL29wZXJhdGlvbnJlc3VsdHMvZXlKcWIySkpaQ0k2SWxKRlUwOVZVa05GUjFKUFZWQkVSVXhGVkVsUFRrcFBRaTFCV2xWU1JWTkVTMFpQVWs1RlZFRlZWRTlTUlZOVVZGSkJSa1pKUTAxQlRrRkhSVkkxTXpJM0xVTkZUbFJTUVV4VlV5SXNJbXB2WWt4dlkyRjBhVzl1SWpvaVkyVnVkSEpoYkhWekluMD9hcGktdmVyc2lvbj0yMDE1LTExLTAx",
      "RequestMethod": "GET",
      "RequestBody": "",
      "RequestHeaders": {
        "User-Agent": [
          "FxVersion/4.6.24410.01",
          "Microsoft.Azure.Management.Resources.ResourceManagementClient/1.0.0-preview"
        ]
      },
      "ResponseBody": "",
      "ResponseHeaders": {
        "Content-Length": [
          "0"
        ],
        "Expires": [
          "-1"
        ],
        "Cache-Control": [
          "no-cache"
        ],
        "Date": [
          "Wed, 03 May 2017 10:59:36 GMT"
        ],
        "Pragma": [
          "no-cache"
        ],
        "Location": [
          "https://api-dogfood.resources.windows-int.net/subscriptions/e68d4145-c9ae-4667-925d-c51c8d88ad73/operationresults/eyJqb2JJZCI6IlJFU09VUkNFR1JPVVBERUxFVElPTkpPQi1BWlVSRVNES0ZPUk5FVEFVVE9SRVNUVFJBRkZJQ01BTkFHRVI1MzI3LUNFTlRSQUxVUyIsImpvYkxvY2F0aW9uIjoiY2VudHJhbHVzIn0?api-version=2015-11-01"
        ],
        "Retry-After": [
          "15"
        ],
        "x-ms-ratelimit-remaining-subscription-reads": [
          "14986"
        ],
        "x-ms-request-id": [
          "485cba17-9371-465a-9647-27e2011e78c2"
        ],
        "x-ms-correlation-request-id": [
          "485cba17-9371-465a-9647-27e2011e78c2"
        ],
        "x-ms-routing-request-id": [
          "WESTEUROPE:20170503T105936Z:485cba17-9371-465a-9647-27e2011e78c2"
        ],
        "Strict-Transport-Security": [
          "max-age=31536000; includeSubDomains"
        ]
      },
      "StatusCode": 202
    },
    {
      "RequestUri": "/subscriptions/e68d4145-c9ae-4667-925d-c51c8d88ad73/operationresults/eyJqb2JJZCI6IlJFU09VUkNFR1JPVVBERUxFVElPTkpPQi1BWlVSRVNES0ZPUk5FVEFVVE9SRVNUVFJBRkZJQ01BTkFHRVI1MzI3LUNFTlRSQUxVUyIsImpvYkxvY2F0aW9uIjoiY2VudHJhbHVzIn0?api-version=2015-11-01",
      "EncodedRequestUri": "L3N1YnNjcmlwdGlvbnMvZTY4ZDQxNDUtYzlhZS00NjY3LTkyNWQtYzUxYzhkODhhZDczL29wZXJhdGlvbnJlc3VsdHMvZXlKcWIySkpaQ0k2SWxKRlUwOVZVa05GUjFKUFZWQkVSVXhGVkVsUFRrcFBRaTFCV2xWU1JWTkVTMFpQVWs1RlZFRlZWRTlTUlZOVVZGSkJSa1pKUTAxQlRrRkhSVkkxTXpJM0xVTkZUbFJTUVV4VlV5SXNJbXB2WWt4dlkyRjBhVzl1SWpvaVkyVnVkSEpoYkhWekluMD9hcGktdmVyc2lvbj0yMDE1LTExLTAx",
      "RequestMethod": "GET",
      "RequestBody": "",
      "RequestHeaders": {
        "User-Agent": [
          "FxVersion/4.6.24410.01",
          "Microsoft.Azure.Management.Resources.ResourceManagementClient/1.0.0-preview"
        ]
      },
      "ResponseBody": "",
      "ResponseHeaders": {
        "Content-Length": [
          "0"
        ],
        "Expires": [
          "-1"
        ],
        "Cache-Control": [
          "no-cache"
        ],
        "Date": [
          "Wed, 03 May 2017 11:00:06 GMT"
        ],
        "Pragma": [
          "no-cache"
        ],
        "Location": [
          "https://api-dogfood.resources.windows-int.net/subscriptions/e68d4145-c9ae-4667-925d-c51c8d88ad73/operationresults/eyJqb2JJZCI6IlJFU09VUkNFR1JPVVBERUxFVElPTkpPQi1BWlVSRVNES0ZPUk5FVEFVVE9SRVNUVFJBRkZJQ01BTkFHRVI1MzI3LUNFTlRSQUxVUyIsImpvYkxvY2F0aW9uIjoiY2VudHJhbHVzIn0?api-version=2015-11-01"
        ],
        "Retry-After": [
          "15"
        ],
        "x-ms-ratelimit-remaining-subscription-reads": [
          "14985"
        ],
        "x-ms-request-id": [
          "6591ed78-f26c-4537-af62-ba46f95cf90d"
        ],
        "x-ms-correlation-request-id": [
          "6591ed78-f26c-4537-af62-ba46f95cf90d"
        ],
        "x-ms-routing-request-id": [
          "WESTEUROPE:20170503T110007Z:6591ed78-f26c-4537-af62-ba46f95cf90d"
        ],
        "Strict-Transport-Security": [
          "max-age=31536000; includeSubDomains"
        ]
      },
      "StatusCode": 202
    },
    {
      "RequestUri": "/subscriptions/e68d4145-c9ae-4667-925d-c51c8d88ad73/operationresults/eyJqb2JJZCI6IlJFU09VUkNFR1JPVVBERUxFVElPTkpPQi1BWlVSRVNES0ZPUk5FVEFVVE9SRVNUVFJBRkZJQ01BTkFHRVI1MzI3LUNFTlRSQUxVUyIsImpvYkxvY2F0aW9uIjoiY2VudHJhbHVzIn0?api-version=2015-11-01",
      "EncodedRequestUri": "L3N1YnNjcmlwdGlvbnMvZTY4ZDQxNDUtYzlhZS00NjY3LTkyNWQtYzUxYzhkODhhZDczL29wZXJhdGlvbnJlc3VsdHMvZXlKcWIySkpaQ0k2SWxKRlUwOVZVa05GUjFKUFZWQkVSVXhGVkVsUFRrcFBRaTFCV2xWU1JWTkVTMFpQVWs1RlZFRlZWRTlTUlZOVVZGSkJSa1pKUTAxQlRrRkhSVkkxTXpJM0xVTkZUbFJTUVV4VlV5SXNJbXB2WWt4dlkyRjBhVzl1SWpvaVkyVnVkSEpoYkhWekluMD9hcGktdmVyc2lvbj0yMDE1LTExLTAx",
      "RequestMethod": "GET",
      "RequestBody": "",
      "RequestHeaders": {
        "User-Agent": [
          "FxVersion/4.6.24410.01",
          "Microsoft.Azure.Management.Resources.ResourceManagementClient/1.0.0-preview"
        ]
      },
      "ResponseBody": "",
      "ResponseHeaders": {
        "Content-Length": [
          "0"
        ],
        "Expires": [
          "-1"
        ],
        "Cache-Control": [
          "no-cache"
        ],
        "Date": [
          "Wed, 03 May 2017 11:00:37 GMT"
        ],
        "Pragma": [
          "no-cache"
        ],
        "Location": [
          "https://api-dogfood.resources.windows-int.net/subscriptions/e68d4145-c9ae-4667-925d-c51c8d88ad73/operationresults/eyJqb2JJZCI6IlJFU09VUkNFR1JPVVBERUxFVElPTkpPQi1BWlVSRVNES0ZPUk5FVEFVVE9SRVNUVFJBRkZJQ01BTkFHRVI1MzI3LUNFTlRSQUxVUyIsImpvYkxvY2F0aW9uIjoiY2VudHJhbHVzIn0?api-version=2015-11-01"
        ],
        "Retry-After": [
          "15"
        ],
        "x-ms-ratelimit-remaining-subscription-reads": [
          "14984"
        ],
        "x-ms-request-id": [
          "0d0060a4-7079-4ca1-84ba-dfbc23d20e41"
        ],
        "x-ms-correlation-request-id": [
          "0d0060a4-7079-4ca1-84ba-dfbc23d20e41"
        ],
        "x-ms-routing-request-id": [
          "WESTEUROPE:20170503T110038Z:0d0060a4-7079-4ca1-84ba-dfbc23d20e41"
        ],
        "Strict-Transport-Security": [
          "max-age=31536000; includeSubDomains"
        ]
      },
      "StatusCode": 202
    },
    {
      "RequestUri": "/subscriptions/e68d4145-c9ae-4667-925d-c51c8d88ad73/operationresults/eyJqb2JJZCI6IlJFU09VUkNFR1JPVVBERUxFVElPTkpPQi1BWlVSRVNES0ZPUk5FVEFVVE9SRVNUVFJBRkZJQ01BTkFHRVI1MzI3LUNFTlRSQUxVUyIsImpvYkxvY2F0aW9uIjoiY2VudHJhbHVzIn0?api-version=2015-11-01",
      "EncodedRequestUri": "L3N1YnNjcmlwdGlvbnMvZTY4ZDQxNDUtYzlhZS00NjY3LTkyNWQtYzUxYzhkODhhZDczL29wZXJhdGlvbnJlc3VsdHMvZXlKcWIySkpaQ0k2SWxKRlUwOVZVa05GUjFKUFZWQkVSVXhGVkVsUFRrcFBRaTFCV2xWU1JWTkVTMFpQVWs1RlZFRlZWRTlTUlZOVVZGSkJSa1pKUTAxQlRrRkhSVkkxTXpJM0xVTkZUbFJTUVV4VlV5SXNJbXB2WWt4dlkyRjBhVzl1SWpvaVkyVnVkSEpoYkhWekluMD9hcGktdmVyc2lvbj0yMDE1LTExLTAx",
      "RequestMethod": "GET",
      "RequestBody": "",
      "RequestHeaders": {
        "User-Agent": [
          "FxVersion/4.6.24410.01",
          "Microsoft.Azure.Management.Resources.ResourceManagementClient/1.0.0-preview"
        ]
      },
      "ResponseBody": "",
      "ResponseHeaders": {
        "Content-Length": [
          "0"
        ],
        "Expires": [
          "-1"
        ],
        "Cache-Control": [
          "no-cache"
        ],
        "Date": [
          "Wed, 03 May 2017 11:01:08 GMT"
        ],
        "Pragma": [
          "no-cache"
        ],
        "Location": [
          "https://api-dogfood.resources.windows-int.net/subscriptions/e68d4145-c9ae-4667-925d-c51c8d88ad73/operationresults/eyJqb2JJZCI6IlJFU09VUkNFR1JPVVBERUxFVElPTkpPQi1BWlVSRVNES0ZPUk5FVEFVVE9SRVNUVFJBRkZJQ01BTkFHRVI1MzI3LUNFTlRSQUxVUyIsImpvYkxvY2F0aW9uIjoiY2VudHJhbHVzIn0?api-version=2015-11-01"
        ],
        "Retry-After": [
          "15"
        ],
        "x-ms-ratelimit-remaining-subscription-reads": [
          "14983"
        ],
        "x-ms-request-id": [
          "1852260c-f498-44d6-ae41-34f4b5b6e040"
        ],
        "x-ms-correlation-request-id": [
          "1852260c-f498-44d6-ae41-34f4b5b6e040"
        ],
        "x-ms-routing-request-id": [
          "WESTEUROPE:20170503T110108Z:1852260c-f498-44d6-ae41-34f4b5b6e040"
        ],
        "Strict-Transport-Security": [
          "max-age=31536000; includeSubDomains"
        ]
      },
      "StatusCode": 202
    },
    {
      "RequestUri": "/subscriptions/e68d4145-c9ae-4667-925d-c51c8d88ad73/operationresults/eyJqb2JJZCI6IlJFU09VUkNFR1JPVVBERUxFVElPTkpPQi1BWlVSRVNES0ZPUk5FVEFVVE9SRVNUVFJBRkZJQ01BTkFHRVI1MzI3LUNFTlRSQUxVUyIsImpvYkxvY2F0aW9uIjoiY2VudHJhbHVzIn0?api-version=2015-11-01",
      "EncodedRequestUri": "L3N1YnNjcmlwdGlvbnMvZTY4ZDQxNDUtYzlhZS00NjY3LTkyNWQtYzUxYzhkODhhZDczL29wZXJhdGlvbnJlc3VsdHMvZXlKcWIySkpaQ0k2SWxKRlUwOVZVa05GUjFKUFZWQkVSVXhGVkVsUFRrcFBRaTFCV2xWU1JWTkVTMFpQVWs1RlZFRlZWRTlTUlZOVVZGSkJSa1pKUTAxQlRrRkhSVkkxTXpJM0xVTkZUbFJTUVV4VlV5SXNJbXB2WWt4dlkyRjBhVzl1SWpvaVkyVnVkSEpoYkhWekluMD9hcGktdmVyc2lvbj0yMDE1LTExLTAx",
      "RequestMethod": "GET",
      "RequestBody": "",
      "RequestHeaders": {
        "User-Agent": [
          "FxVersion/4.6.24410.01",
          "Microsoft.Azure.Management.Resources.ResourceManagementClient/1.0.0-preview"
        ]
      },
      "ResponseBody": "",
      "ResponseHeaders": {
        "Content-Length": [
          "0"
        ],
        "Expires": [
          "-1"
        ],
        "Cache-Control": [
          "no-cache"
        ],
        "Date": [
          "Wed, 03 May 2017 11:01:39 GMT"
        ],
        "Pragma": [
          "no-cache"
        ],
        "x-ms-ratelimit-remaining-subscription-reads": [
          "14982"
        ],
        "x-ms-request-id": [
          "7dba5c58-5a57-44fe-a9ac-210ed781b5d2"
        ],
        "x-ms-correlation-request-id": [
          "7dba5c58-5a57-44fe-a9ac-210ed781b5d2"
        ],
        "x-ms-routing-request-id": [
          "WESTEUROPE:20170503T110139Z:7dba5c58-5a57-44fe-a9ac-210ed781b5d2"
        ],
        "Strict-Transport-Security": [
          "max-age=31536000; includeSubDomains"
        ]
      },
      "StatusCode": 200
    }
  ],
  "Names": {
    "GenerateName": [
      "azuresdkfornetautoresttrafficmanager5327",
      "azuresdkfornetautoresttrafficmanager9680",
      "azuresdkfornetautoresttrafficmanager2027",
      "azuresdkfornetautoresttrafficmanager6855",
      "azuresdkfornetautoresttrafficmanager9563",
      "azuresdkfornetautoresttrafficmanager4817"
    ]
  },
  "Variables": {
    "SubscriptionId": "e68d4145-c9ae-4667-925d-c51c8d88ad73"
  }
}