{
  "Entries": [
    {
      "RequestUri": "https://management.azure.com/subscriptions/c9cbd920-c00c-427c-852b-8aaf38badaeb/providers/Microsoft.Compute/locations/southeastasia/publishers/MicrosoftWindowsServer/artifacttypes/vmimage/offers/WindowsServer/skus/2016-Datacenter/versions?api-version=2019-12-01",
      "RequestMethod": "GET",
      "RequestHeaders": {
        "Accept": "application/json",
        "Authorization": "Sanitized",
        "traceparent": "00-712034d13b65954c98501295f527725d-f01c13fd011b9940-00",
        "User-Agent": [
          "azsdk-net-ResourceManager.Compute/1.0.0-alpha.20200910.1",
          "(.NET Core 4.6.29130.01; Microsoft Windows 10.0.19041 )"
        ],
        "x-ms-client-request-id": "43fbaefd37e71f4b9e89ea908ec4e941",
        "x-ms-return-client-request-id": "true"
      },
      "RequestBody": null,
      "StatusCode": 200,
      "ResponseHeaders": {
        "Cache-Control": "no-cache",
        "Content-Length": "7819",
        "Content-Type": "application/json; charset=utf-8",
        "Date": "Thu, 10 Sep 2020 10:42:40 GMT",
        "Expires": "-1",
        "Pragma": "no-cache",
        "Server": [
          "Microsoft-HTTPAPI/2.0",
          "Microsoft-HTTPAPI/2.0"
        ],
        "Strict-Transport-Security": "max-age=31536000; includeSubDomains",
        "X-Content-Type-Options": "nosniff",
        "x-ms-client-request-id": "43fbaefd37e71f4b9e89ea908ec4e941",
        "x-ms-correlation-request-id": "d19750c2-26c4-4d98-9ff6-ce31893cc67b",
        "x-ms-ratelimit-remaining-subscription-reads": "8568",
        "x-ms-request-id": "0d1ca779-ab77-40b2-8bbf-6a6df49b82dd",
        "x-ms-routing-request-id": "SOUTHEASTASIA:20200910T104240Z:d19750c2-26c4-4d98-9ff6-ce31893cc67b",
        "x-ms-served-by": "9fc414ea-410e-4600-9f7c-71bc36416f3f_132271489610820216"
      },
      "ResponseBody": [
        "[\r\n",
        "  {\r\n",
        "    \u0022location\u0022: \u0022southeastasia\u0022,\r\n",
        "    \u0022name\u0022: \u002214393.3085.1907121547\u0022,\r\n",
        "    \u0022id\u0022: \u0022/Subscriptions/c9cbd920-c00c-427c-852b-8aaf38badaeb/Providers/Microsoft.Compute/Locations/southeastasia/Publishers/MicrosoftWindowsServer/ArtifactTypes/VMImage/Offers/WindowsServer/Skus/2016-Datacenter/Versions/14393.3085.1907121547\u0022\r\n",
        "  },\r\n",
        "  {\r\n",
        "    \u0022location\u0022: \u0022southeastasia\u0022,\r\n",
        "    \u0022name\u0022: \u002214393.3144.1908092220\u0022,\r\n",
        "    \u0022id\u0022: \u0022/Subscriptions/c9cbd920-c00c-427c-852b-8aaf38badaeb/Providers/Microsoft.Compute/Locations/southeastasia/Publishers/MicrosoftWindowsServer/ArtifactTypes/VMImage/Offers/WindowsServer/Skus/2016-Datacenter/Versions/14393.3144.1908092220\u0022\r\n",
        "  },\r\n",
        "  {\r\n",
        "    \u0022location\u0022: \u0022southeastasia\u0022,\r\n",
        "    \u0022name\u0022: \u002214393.3204.1909070001\u0022,\r\n",
        "    \u0022id\u0022: \u0022/Subscriptions/c9cbd920-c00c-427c-852b-8aaf38badaeb/Providers/Microsoft.Compute/Locations/southeastasia/Publishers/MicrosoftWindowsServer/ArtifactTypes/VMImage/Offers/WindowsServer/Skus/2016-Datacenter/Versions/14393.3204.1909070001\u0022\r\n",
        "  },\r\n",
        "  {\r\n",
        "    \u0022location\u0022: \u0022southeastasia\u0022,\r\n",
        "    \u0022name\u0022: \u002214393.3274.1910061629\u0022,\r\n",
        "    \u0022id\u0022: \u0022/Subscriptions/c9cbd920-c00c-427c-852b-8aaf38badaeb/Providers/Microsoft.Compute/Locations/southeastasia/Publishers/MicrosoftWindowsServer/ArtifactTypes/VMImage/Offers/WindowsServer/Skus/2016-Datacenter/Versions/14393.3274.1910061629\u0022\r\n",
        "  },\r\n",
        "  {\r\n",
        "    \u0022location\u0022: \u0022southeastasia\u0022,\r\n",
        "    \u0022name\u0022: \u002214393.3326.1911120150\u0022,\r\n",
        "    \u0022id\u0022: \u0022/Subscriptions/c9cbd920-c00c-427c-852b-8aaf38badaeb/Providers/Microsoft.Compute/Locations/southeastasia/Publishers/MicrosoftWindowsServer/ArtifactTypes/VMImage/Offers/WindowsServer/Skus/2016-Datacenter/Versions/14393.3326.1911120150\u0022\r\n",
        "  },\r\n",
        "  {\r\n",
        "    \u0022location\u0022: \u0022southeastasia\u0022,\r\n",
        "    \u0022name\u0022: \u002214393.3384.1912042333\u0022,\r\n",
        "    \u0022id\u0022: \u0022/Subscriptions/c9cbd920-c00c-427c-852b-8aaf38badaeb/Providers/Microsoft.Compute/Locations/southeastasia/Publishers/MicrosoftWindowsServer/ArtifactTypes/VMImage/Offers/WindowsServer/Skus/2016-Datacenter/Versions/14393.3384.1912042333\u0022\r\n",
        "  },\r\n",
        "  {\r\n",
        "    \u0022location\u0022: \u0022southeastasia\u0022,\r\n",
        "    \u0022name\u0022: \u002214393.3443.2001090113\u0022,\r\n",
        "    \u0022id\u0022: \u0022/Subscriptions/c9cbd920-c00c-427c-852b-8aaf38badaeb/Providers/Microsoft.Compute/Locations/southeastasia/Publishers/MicrosoftWindowsServer/ArtifactTypes/VMImage/Offers/WindowsServer/Skus/2016-Datacenter/Versions/14393.3443.2001090113\u0022\r\n",
        "  },\r\n",
        "  {\r\n",
        "    \u0022location\u0022: \u0022southeastasia\u0022,\r\n",
        "    \u0022name\u0022: \u002214393.3504.2002070914\u0022,\r\n",
        "    \u0022id\u0022: \u0022/Subscriptions/c9cbd920-c00c-427c-852b-8aaf38badaeb/Providers/Microsoft.Compute/Locations/southeastasia/Publishers/MicrosoftWindowsServer/ArtifactTypes/VMImage/Offers/WindowsServer/Skus/2016-Datacenter/Versions/14393.3504.2002070914\u0022\r\n",
        "  },\r\n",
        "  {\r\n",
        "    \u0022location\u0022: \u0022southeastasia\u0022,\r\n",
        "    \u0022name\u0022: \u002214393.3564.2003072353\u0022,\r\n",
        "    \u0022id\u0022: \u0022/Subscriptions/c9cbd920-c00c-427c-852b-8aaf38badaeb/Providers/Microsoft.Compute/Locations/southeastasia/Publishers/MicrosoftWindowsServer/ArtifactTypes/VMImage/Offers/WindowsServer/Skus/2016-Datacenter/Versions/14393.3564.2003072353\u0022\r\n",
        "  },\r\n",
        "  {\r\n",
        "    \u0022location\u0022: \u0022southeastasia\u0022,\r\n",
        "    \u0022name\u0022: \u002214393.3630.2004101604\u0022,\r\n",
        "    \u0022id\u0022: \u0022/Subscriptions/c9cbd920-c00c-427c-852b-8aaf38badaeb/Providers/Microsoft.Compute/Locations/southeastasia/Publishers/MicrosoftWindowsServer/ArtifactTypes/VMImage/Offers/WindowsServer/Skus/2016-Datacenter/Versions/14393.3630.2004101604\u0022\r\n",
        "  },\r\n",
        "  {\r\n",
        "    \u0022location\u0022: \u0022southeastasia\u0022,\r\n",
        "    \u0022name\u0022: \u002214393.3686.2005061700\u0022,\r\n",
        "    \u0022id\u0022: \u0022/Subscriptions/c9cbd920-c00c-427c-852b-8aaf38badaeb/Providers/Microsoft.Compute/Locations/southeastasia/Publishers/MicrosoftWindowsServer/ArtifactTypes/VMImage/Offers/WindowsServer/Skus/2016-Datacenter/Versions/14393.3686.2005061700\u0022\r\n",
        "  },\r\n",
        "  {\r\n",
        "    \u0022location\u0022: \u0022southeastasia\u0022,\r\n",
        "    \u0022name\u0022: \u002214393.3750.2006031549\u0022,\r\n",
        "    \u0022id\u0022: \u0022/Subscriptions/c9cbd920-c00c-427c-852b-8aaf38badaeb/Providers/Microsoft.Compute/Locations/southeastasia/Publishers/MicrosoftWindowsServer/ArtifactTypes/VMImage/Offers/WindowsServer/Skus/2016-Datacenter/Versions/14393.3750.2006031549\u0022\r\n",
        "  },\r\n",
        "  {\r\n",
        "    \u0022location\u0022: \u0022southeastasia\u0022,\r\n",
        "    \u0022name\u0022: \u002214393.3808.2007101707\u0022,\r\n",
        "    \u0022id\u0022: \u0022/Subscriptions/c9cbd920-c00c-427c-852b-8aaf38badaeb/Providers/Microsoft.Compute/Locations/southeastasia/Publishers/MicrosoftWindowsServer/ArtifactTypes/VMImage/Offers/WindowsServer/Skus/2016-Datacenter/Versions/14393.3808.2007101707\u0022\r\n",
        "  },\r\n",
        "  {\r\n",
        "    \u0022location\u0022: \u0022southeastasia\u0022,\r\n",
        "    \u0022name\u0022: \u002214393.3866.2008081933\u0022,\r\n",
        "    \u0022id\u0022: \u0022/Subscriptions/c9cbd920-c00c-427c-852b-8aaf38badaeb/Providers/Microsoft.Compute/Locations/southeastasia/Publishers/MicrosoftWindowsServer/ArtifactTypes/VMImage/Offers/WindowsServer/Skus/2016-Datacenter/Versions/14393.3866.2008081933\u0022\r\n",
        "  },\r\n",
        "  {\r\n",
        "    \u0022location\u0022: \u0022southeastasia\u0022,\r\n",
        "    \u0022name\u0022: \u00222016.127.20180613\u0022,\r\n",
        "    \u0022id\u0022: \u0022/Subscriptions/c9cbd920-c00c-427c-852b-8aaf38badaeb/Providers/Microsoft.Compute/Locations/southeastasia/Publishers/MicrosoftWindowsServer/ArtifactTypes/VMImage/Offers/WindowsServer/Skus/2016-Datacenter/Versions/2016.127.20180613\u0022\r\n",
        "  },\r\n",
        "  {\r\n",
        "    \u0022location\u0022: \u0022southeastasia\u0022,\r\n",
        "    \u0022name\u0022: \u00222016.127.20180815\u0022,\r\n",
        "    \u0022id\u0022: \u0022/Subscriptions/c9cbd920-c00c-427c-852b-8aaf38badaeb/Providers/Microsoft.Compute/Locations/southeastasia/Publishers/MicrosoftWindowsServer/ArtifactTypes/VMImage/Offers/WindowsServer/Skus/2016-Datacenter/Versions/2016.127.20180815\u0022\r\n",
        "  },\r\n",
        "  {\r\n",
        "    \u0022location\u0022: \u0022southeastasia\u0022,\r\n",
        "    \u0022name\u0022: \u00222016.127.20180912\u0022,\r\n",
        "    \u0022id\u0022: \u0022/Subscriptions/c9cbd920-c00c-427c-852b-8aaf38badaeb/Providers/Microsoft.Compute/Locations/southeastasia/Publishers/MicrosoftWindowsServer/ArtifactTypes/VMImage/Offers/WindowsServer/Skus/2016-Datacenter/Versions/2016.127.20180912\u0022\r\n",
        "  },\r\n",
        "  {\r\n",
        "    \u0022location\u0022: \u0022southeastasia\u0022,\r\n",
        "    \u0022name\u0022: \u00222016.127.20181010\u0022,\r\n",
        "    \u0022id\u0022: \u0022/Subscriptions/c9cbd920-c00c-427c-852b-8aaf38badaeb/Providers/Microsoft.Compute/Locations/southeastasia/Publishers/MicrosoftWindowsServer/ArtifactTypes/VMImage/Offers/WindowsServer/Skus/2016-Datacenter/Versions/2016.127.20181010\u0022\r\n",
        "  },\r\n",
        "  {\r\n",
        "    \u0022location\u0022: \u0022southeastasia\u0022,\r\n",
        "    \u0022name\u0022: \u00222016.127.20181122\u0022,\r\n",
        "    \u0022id\u0022: \u0022/Subscriptions/c9cbd920-c00c-427c-852b-8aaf38badaeb/Providers/Microsoft.Compute/Locations/southeastasia/Publishers/MicrosoftWindowsServer/ArtifactTypes/VMImage/Offers/WindowsServer/Skus/2016-Datacenter/Versions/2016.127.20181122\u0022\r\n",
        "  },\r\n",
        "  {\r\n",
        "    \u0022location\u0022: \u0022southeastasia\u0022,\r\n",
        "    \u0022name\u0022: \u00222016.127.20181218\u0022,\r\n",
        "    \u0022id\u0022: \u0022/Subscriptions/c9cbd920-c00c-427c-852b-8aaf38badaeb/Providers/Microsoft.Compute/Locations/southeastasia/Publishers/MicrosoftWindowsServer/ArtifactTypes/VMImage/Offers/WindowsServer/Skus/2016-Datacenter/Versions/2016.127.20181218\u0022\r\n",
        "  },\r\n",
        "  {\r\n",
        "    \u0022location\u0022: \u0022southeastasia\u0022,\r\n",
        "    \u0022name\u0022: \u00222016.127.20190115\u0022,\r\n",
        "    \u0022id\u0022: \u0022/Subscriptions/c9cbd920-c00c-427c-852b-8aaf38badaeb/Providers/Microsoft.Compute/Locations/southeastasia/Publishers/MicrosoftWindowsServer/ArtifactTypes/VMImage/Offers/WindowsServer/Skus/2016-Datacenter/Versions/2016.127.20190115\u0022\r\n",
        "  },\r\n",
        "  {\r\n",
        "    \u0022location\u0022: \u0022southeastasia\u0022,\r\n",
        "    \u0022name\u0022: \u00222016.127.20190214\u0022,\r\n",
        "    \u0022id\u0022: \u0022/Subscriptions/c9cbd920-c00c-427c-852b-8aaf38badaeb/Providers/Microsoft.Compute/Locations/southeastasia/Publishers/MicrosoftWindowsServer/ArtifactTypes/VMImage/Offers/WindowsServer/Skus/2016-Datacenter/Versions/2016.127.20190214\u0022\r\n",
        "  },\r\n",
        "  {\r\n",
        "    \u0022location\u0022: \u0022southeastasia\u0022,\r\n",
        "    \u0022name\u0022: \u00222016.127.20190315\u0022,\r\n",
        "    \u0022id\u0022: \u0022/Subscriptions/c9cbd920-c00c-427c-852b-8aaf38badaeb/Providers/Microsoft.Compute/Locations/southeastasia/Publishers/MicrosoftWindowsServer/ArtifactTypes/VMImage/Offers/WindowsServer/Skus/2016-Datacenter/Versions/2016.127.20190315\u0022\r\n",
        "  },\r\n",
        "  {\r\n",
        "    \u0022location\u0022: \u0022southeastasia\u0022,\r\n",
        "    \u0022name\u0022: \u00222016.127.20190416\u0022,\r\n",
        "    \u0022id\u0022: \u0022/Subscriptions/c9cbd920-c00c-427c-852b-8aaf38badaeb/Providers/Microsoft.Compute/Locations/southeastasia/Publishers/MicrosoftWindowsServer/ArtifactTypes/VMImage/Offers/WindowsServer/Skus/2016-Datacenter/Versions/2016.127.20190416\u0022\r\n",
        "  }\r\n",
        "]"
      ]
    },
    {
      "RequestUri": "https://management.azure.com/subscriptions/c9cbd920-c00c-427c-852b-8aaf38badaeb/providers/Microsoft.Compute/locations/southeastasia/publishers/MicrosoftWindowsServer/artifacttypes/vmimage/offers/WindowsServer/skus/2016-Datacenter/versions/14393.3085.1907121547?api-version=2019-12-01",
      "RequestMethod": "GET",
      "RequestHeaders": {
        "Accept": "application/json",
        "Authorization": "Sanitized",
        "traceparent": "00-3f1f135b958daa48953e2c2912cfe767-3c93d70f76285e49-00",
        "User-Agent": [
          "azsdk-net-ResourceManager.Compute/1.0.0-alpha.20200910.1",
          "(.NET Core 4.6.29130.01; Microsoft Windows 10.0.19041 )"
        ],
        "x-ms-client-request-id": "b49a4dbb3446ad393304ffd3fc32fc64",
        "x-ms-return-client-request-id": "true"
      },
      "RequestBody": null,
      "StatusCode": 200,
      "ResponseHeaders": {
        "Cache-Control": "no-cache",
        "Content-Length": "704",
        "Content-Type": "application/json; charset=utf-8",
        "Date": "Thu, 10 Sep 2020 10:42:40 GMT",
        "Expires": "-1",
        "Pragma": "no-cache",
        "Server": [
          "Microsoft-HTTPAPI/2.0",
          "Microsoft-HTTPAPI/2.0"
        ],
        "Strict-Transport-Security": "max-age=31536000; includeSubDomains",
        "X-Content-Type-Options": "nosniff",
        "x-ms-client-request-id": "b49a4dbb3446ad393304ffd3fc32fc64",
        "x-ms-correlation-request-id": "399c4cb6-03eb-497a-8424-308570ec31fd",
        "x-ms-ratelimit-remaining-subscription-reads": "8567",
        "x-ms-request-id": "30523336-23b2-49da-8901-992769367775",
        "x-ms-routing-request-id": "SOUTHEASTASIA:20200910T104241Z:399c4cb6-03eb-497a-8424-308570ec31fd",
        "x-ms-served-by": "9fc414ea-410e-4600-9f7c-71bc36416f3f_132271489610820216"
      },
      "ResponseBody": [
        "{\r\n",
        "  \u0022properties\u0022: {\r\n",
        "    \u0022hyperVGeneration\u0022: \u0022V1\u0022,\r\n",
        "    \u0022replicaType\u0022: \u0022Unmanaged\u0022,\r\n",
        "    \u0022disallowed\u0022: {\r\n",
        "      \u0022vmDiskType\u0022: \u0022None\u0022\r\n",
        "    },\r\n",
        "    \u0022automaticOSUpgradeProperties\u0022: {\r\n",
        "      \u0022automaticOSUpgradeSupported\u0022: true\r\n",
        "    },\r\n",
        "    \u0022osDiskImage\u0022: {\r\n",
        "      \u0022operatingSystem\u0022: \u0022Windows\u0022,\r\n",
        "      \u0022sizeInGb\u0022: 128,\r\n",
        "      \u0022sizeInBytes\u0022: 136367309312\r\n",
        "    },\r\n",
        "    \u0022dataDiskImages\u0022: []\r\n",
        "  },\r\n",
        "  \u0022location\u0022: \u0022southeastasia\u0022,\r\n",
        "  \u0022name\u0022: \u002214393.3085.1907121547\u0022,\r\n",
        "  \u0022id\u0022: \u0022/Subscriptions/c9cbd920-c00c-427c-852b-8aaf38badaeb/Providers/Microsoft.Compute/Locations/southeastasia/Publishers/MicrosoftWindowsServer/ArtifactTypes/VMImage/Offers/WindowsServer/Skus/2016-Datacenter/Versions/14393.3085.1907121547\u0022\r\n",
        "}"
      ]
    },
    {
      "RequestUri": "https://management.azure.com/subscriptions/c9cbd920-c00c-427c-852b-8aaf38badaeb/providers/Microsoft.Compute/locations/southeastasia/publishers/MicrosoftWindowsServer/artifacttypes/vmimage/offers/WindowsServer/skus/2016-Datacenter/versions/2016.127.20190416?api-version=2019-12-01",
      "RequestMethod": "GET",
      "RequestHeaders": {
        "Accept": "application/json",
        "Authorization": "Sanitized",
        "traceparent": "00-2773cd77ed02b64b850e05fa30cdc70e-29b86a44df407142-00",
        "User-Agent": [
          "azsdk-net-ResourceManager.Compute/1.0.0-alpha.20200910.1",
          "(.NET Core 4.6.29130.01; Microsoft Windows 10.0.19041 )"
        ],
        "x-ms-client-request-id": "05478bbd42d291d58e35188cad497c6c",
        "x-ms-return-client-request-id": "true"
      },
      "RequestBody": null,
      "StatusCode": 200,
      "ResponseHeaders": {
        "Cache-Control": "no-cache",
        "Content-Length": "696",
        "Content-Type": "application/json; charset=utf-8",
        "Date": "Thu, 10 Sep 2020 10:42:40 GMT",
        "Expires": "-1",
        "Pragma": "no-cache",
        "Server": [
          "Microsoft-HTTPAPI/2.0",
          "Microsoft-HTTPAPI/2.0"
        ],
        "Strict-Transport-Security": "max-age=31536000; includeSubDomains",
        "X-Content-Type-Options": "nosniff",
        "x-ms-client-request-id": "05478bbd42d291d58e35188cad497c6c",
        "x-ms-correlation-request-id": "e1a56c8c-1bfb-41de-9c85-f3e88b77faf7",
        "x-ms-ratelimit-remaining-subscription-reads": "8566",
        "x-ms-request-id": "7f164711-4302-49c0-89f2-4f75cb2472ec",
        "x-ms-routing-request-id": "SOUTHEASTASIA:20200910T104241Z:e1a56c8c-1bfb-41de-9c85-f3e88b77faf7",
        "x-ms-served-by": "9fc414ea-410e-4600-9f7c-71bc36416f3f_132271489610820216"
      },
      "ResponseBody": [
        "{\r\n",
        "  \u0022properties\u0022: {\r\n",
        "    \u0022hyperVGeneration\u0022: \u0022V1\u0022,\r\n",
        "    \u0022replicaType\u0022: \u0022Unmanaged\u0022,\r\n",
        "    \u0022disallowed\u0022: {\r\n",
        "      \u0022vmDiskType\u0022: \u0022None\u0022\r\n",
        "    },\r\n",
        "    \u0022automaticOSUpgradeProperties\u0022: {\r\n",
        "      \u0022automaticOSUpgradeSupported\u0022: true\r\n",
        "    },\r\n",
        "    \u0022osDiskImage\u0022: {\r\n",
        "      \u0022operatingSystem\u0022: \u0022Windows\u0022,\r\n",
        "      \u0022sizeInGb\u0022: 128,\r\n",
        "      \u0022sizeInBytes\u0022: 136367309312\r\n",
        "    },\r\n",
        "    \u0022dataDiskImages\u0022: []\r\n",
        "  },\r\n",
        "  \u0022location\u0022: \u0022southeastasia\u0022,\r\n",
        "  \u0022name\u0022: \u00222016.127.20190416\u0022,\r\n",
        "  \u0022id\u0022: \u0022/Subscriptions/c9cbd920-c00c-427c-852b-8aaf38badaeb/Providers/Microsoft.Compute/Locations/southeastasia/Publishers/MicrosoftWindowsServer/ArtifactTypes/VMImage/Offers/WindowsServer/Skus/2016-Datacenter/Versions/2016.127.20190416\u0022\r\n",
        "}"
      ]
    },
    {
      "RequestUri": "https://management.azure.com/subscriptions/c9cbd920-c00c-427c-852b-8aaf38badaeb/providers/Microsoft.Compute/locations/southeastasia/publishers/Canonical/artifacttypes/vmimage/offers/UbuntuServer/skus?api-version=2019-12-01",
      "RequestMethod": "GET",
      "RequestHeaders": {
        "Accept": "application/json",
        "Authorization": "Sanitized",
        "traceparent": "00-eff5d53bfac62c40b8f9f4b2c17666d1-5cf0865ed56f1b44-00",
        "User-Agent": [
          "azsdk-net-ResourceManager.Compute/1.0.0-alpha.20200910.1",
          "(.NET Core 4.6.29130.01; Microsoft Windows 10.0.19041 )"
        ],
        "x-ms-client-request-id": "734306f9e27ec80a754e0fe23778236c",
        "x-ms-return-client-request-id": "true"
      },
      "RequestBody": null,
      "StatusCode": 200,
      "ResponseHeaders": {
        "Cache-Control": "no-cache",
        "Content-Length": "11133",
        "Content-Type": "application/json; charset=utf-8",
        "Date": "Thu, 10 Sep 2020 10:42:40 GMT",
        "Expires": "-1",
        "Pragma": "no-cache",
        "Server": [
          "Microsoft-HTTPAPI/2.0",
          "Microsoft-HTTPAPI/2.0"
        ],
        "Strict-Transport-Security": "max-age=31536000; includeSubDomains",
        "X-Content-Type-Options": "nosniff",
        "x-ms-client-request-id": "734306f9e27ec80a754e0fe23778236c",
        "x-ms-correlation-request-id": "987cf8f0-9242-4a05-b9e6-b29cdd8c141f",
        "x-ms-ratelimit-remaining-subscription-reads": "8565",
        "x-ms-request-id": "ff43fbbf-1862-4f02-95f3-4a6bab6c1a8c",
        "x-ms-routing-request-id": "SOUTHEASTASIA:20200910T104241Z:987cf8f0-9242-4a05-b9e6-b29cdd8c141f",
        "x-ms-served-by": "5763bc19-56ac-4719-9ffa-8ce24fe8fe13_132410223860987620"
      },
      "ResponseBody": [
        "[\r\n",
        "  {\r\n",
        "    \u0022properties\u0022: {\r\n",
        "      \u0022automaticOSUpgradeProperties\u0022: {\r\n",
        "        \u0022automaticOSUpgradeSupported\u0022: false\r\n",
        "      }\r\n",
        "    },\r\n",
        "    \u0022location\u0022: \u0022southeastasia\u0022,\r\n",
        "    \u0022name\u0022: \u002212.04.3-LTS\u0022,\r\n",
        "    \u0022id\u0022: \u0022/Subscriptions/c9cbd920-c00c-427c-852b-8aaf38badaeb/Providers/Microsoft.Compute/Locations/southeastasia/Publishers/Canonical/ArtifactTypes/VMImage/Offers/UbuntuServer/Skus/12.04.3-LTS\u0022\r\n",
        "  },\r\n",
        "  {\r\n",
        "    \u0022properties\u0022: {\r\n",
        "      \u0022automaticOSUpgradeProperties\u0022: {\r\n",
        "        \u0022automaticOSUpgradeSupported\u0022: false\r\n",
        "      }\r\n",
        "    },\r\n",
        "    \u0022location\u0022: \u0022southeastasia\u0022,\r\n",
        "    \u0022name\u0022: \u002212.04.4-LTS\u0022,\r\n",
        "    \u0022id\u0022: \u0022/Subscriptions/c9cbd920-c00c-427c-852b-8aaf38badaeb/Providers/Microsoft.Compute/Locations/southeastasia/Publishers/Canonical/ArtifactTypes/VMImage/Offers/UbuntuServer/Skus/12.04.4-LTS\u0022\r\n",
        "  },\r\n",
        "  {\r\n",
        "    \u0022properties\u0022: {\r\n",
        "      \u0022automaticOSUpgradeProperties\u0022: {\r\n",
        "        \u0022automaticOSUpgradeSupported\u0022: false\r\n",
        "      }\r\n",
        "    },\r\n",
        "    \u0022location\u0022: \u0022southeastasia\u0022,\r\n",
        "    \u0022name\u0022: \u002212.04.5-LTS\u0022,\r\n",
        "    \u0022id\u0022: \u0022/Subscriptions/c9cbd920-c00c-427c-852b-8aaf38badaeb/Providers/Microsoft.Compute/Locations/southeastasia/Publishers/Canonical/ArtifactTypes/VMImage/Offers/UbuntuServer/Skus/12.04.5-LTS\u0022\r\n",
        "  },\r\n",
        "  {\r\n",
        "    \u0022properties\u0022: {\r\n",
        "      \u0022automaticOSUpgradeProperties\u0022: {\r\n",
        "        \u0022automaticOSUpgradeSupported\u0022: false\r\n",
        "      }\r\n",
        "    },\r\n",
        "    \u0022location\u0022: \u0022southeastasia\u0022,\r\n",
        "    \u0022name\u0022: \u002214.04.0-LTS\u0022,\r\n",
        "    \u0022id\u0022: \u0022/Subscriptions/c9cbd920-c00c-427c-852b-8aaf38badaeb/Providers/Microsoft.Compute/Locations/southeastasia/Publishers/Canonical/ArtifactTypes/VMImage/Offers/UbuntuServer/Skus/14.04.0-LTS\u0022\r\n",
        "  },\r\n",
        "  {\r\n",
        "    \u0022properties\u0022: {\r\n",
        "      \u0022automaticOSUpgradeProperties\u0022: {\r\n",
        "        \u0022automaticOSUpgradeSupported\u0022: false\r\n",
        "      }\r\n",
        "    },\r\n",
        "    \u0022location\u0022: \u0022southeastasia\u0022,\r\n",
        "    \u0022name\u0022: \u002214.04.1-LTS\u0022,\r\n",
        "    \u0022id\u0022: \u0022/Subscriptions/c9cbd920-c00c-427c-852b-8aaf38badaeb/Providers/Microsoft.Compute/Locations/southeastasia/Publishers/Canonical/ArtifactTypes/VMImage/Offers/UbuntuServer/Skus/14.04.1-LTS\u0022\r\n",
        "  },\r\n",
        "  {\r\n",
        "    \u0022properties\u0022: {\r\n",
        "      \u0022automaticOSUpgradeProperties\u0022: {\r\n",
        "        \u0022automaticOSUpgradeSupported\u0022: false\r\n",
        "      }\r\n",
        "    },\r\n",
        "    \u0022location\u0022: \u0022southeastasia\u0022,\r\n",
        "    \u0022name\u0022: \u002214.04.2-LTS\u0022,\r\n",
        "    \u0022id\u0022: \u0022/Subscriptions/c9cbd920-c00c-427c-852b-8aaf38badaeb/Providers/Microsoft.Compute/Locations/southeastasia/Publishers/Canonical/ArtifactTypes/VMImage/Offers/UbuntuServer/Skus/14.04.2-LTS\u0022\r\n",
        "  },\r\n",
        "  {\r\n",
        "    \u0022properties\u0022: {\r\n",
        "      \u0022automaticOSUpgradeProperties\u0022: {\r\n",
        "        \u0022automaticOSUpgradeSupported\u0022: false\r\n",
        "      }\r\n",
        "    },\r\n",
        "    \u0022location\u0022: \u0022southeastasia\u0022,\r\n",
        "    \u0022name\u0022: \u002214.04.3-LTS\u0022,\r\n",
        "    \u0022id\u0022: \u0022/Subscriptions/c9cbd920-c00c-427c-852b-8aaf38badaeb/Providers/Microsoft.Compute/Locations/southeastasia/Publishers/Canonical/ArtifactTypes/VMImage/Offers/UbuntuServer/Skus/14.04.3-LTS\u0022\r\n",
        "  },\r\n",
        "  {\r\n",
        "    \u0022properties\u0022: {\r\n",
        "      \u0022automaticOSUpgradeProperties\u0022: {\r\n",
        "        \u0022automaticOSUpgradeSupported\u0022: false\r\n",
        "      }\r\n",
        "    },\r\n",
        "    \u0022location\u0022: \u0022southeastasia\u0022,\r\n",
        "    \u0022name\u0022: \u002214.04.4-LTS\u0022,\r\n",
        "    \u0022id\u0022: \u0022/Subscriptions/c9cbd920-c00c-427c-852b-8aaf38badaeb/Providers/Microsoft.Compute/Locations/southeastasia/Publishers/Canonical/ArtifactTypes/VMImage/Offers/UbuntuServer/Skus/14.04.4-LTS\u0022\r\n",
        "  },\r\n",
        "  {\r\n",
        "    \u0022properties\u0022: {\r\n",
        "      \u0022automaticOSUpgradeProperties\u0022: {\r\n",
        "        \u0022automaticOSUpgradeSupported\u0022: false\r\n",
        "      }\r\n",
        "    },\r\n",
        "    \u0022location\u0022: \u0022southeastasia\u0022,\r\n",
        "    \u0022name\u0022: \u002214.04.5-DAILY-LTS\u0022,\r\n",
        "    \u0022id\u0022: \u0022/Subscriptions/c9cbd920-c00c-427c-852b-8aaf38badaeb/Providers/Microsoft.Compute/Locations/southeastasia/Publishers/Canonical/ArtifactTypes/VMImage/Offers/UbuntuServer/Skus/14.04.5-DAILY-LTS\u0022\r\n",
        "  },\r\n",
        "  {\r\n",
        "    \u0022properties\u0022: {\r\n",
        "      \u0022automaticOSUpgradeProperties\u0022: {\r\n",
        "        \u0022automaticOSUpgradeSupported\u0022: false\r\n",
        "      }\r\n",
        "    },\r\n",
        "    \u0022location\u0022: \u0022southeastasia\u0022,\r\n",
        "    \u0022name\u0022: \u002214.04.5-LTS\u0022,\r\n",
        "    \u0022id\u0022: \u0022/Subscriptions/c9cbd920-c00c-427c-852b-8aaf38badaeb/Providers/Microsoft.Compute/Locations/southeastasia/Publishers/Canonical/ArtifactTypes/VMImage/Offers/UbuntuServer/Skus/14.04.5-LTS\u0022\r\n",
        "  },\r\n",
        "  {\r\n",
        "    \u0022properties\u0022: {\r\n",
        "      \u0022automaticOSUpgradeProperties\u0022: {\r\n",
        "        \u0022automaticOSUpgradeSupported\u0022: false\r\n",
        "      }\r\n",
        "    },\r\n",
        "    \u0022location\u0022: \u0022southeastasia\u0022,\r\n",
        "    \u0022name\u0022: \u002216.04-DAILY-LTS\u0022,\r\n",
        "    \u0022id\u0022: \u0022/Subscriptions/c9cbd920-c00c-427c-852b-8aaf38badaeb/Providers/Microsoft.Compute/Locations/southeastasia/Publishers/Canonical/ArtifactTypes/VMImage/Offers/UbuntuServer/Skus/16.04-DAILY-LTS\u0022\r\n",
        "  },\r\n",
        "  {\r\n",
        "    \u0022properties\u0022: {\r\n",
        "      \u0022automaticOSUpgradeProperties\u0022: {\r\n",
        "        \u0022automaticOSUpgradeSupported\u0022: true\r\n",
        "      }\r\n",
        "    },\r\n",
        "    \u0022location\u0022: \u0022southeastasia\u0022,\r\n",
        "    \u0022name\u0022: \u002216.04-LTS\u0022,\r\n",
        "    \u0022id\u0022: \u0022/Subscriptions/c9cbd920-c00c-427c-852b-8aaf38badaeb/Providers/Microsoft.Compute/Locations/southeastasia/Publishers/Canonical/ArtifactTypes/VMImage/Offers/UbuntuServer/Skus/16.04-LTS\u0022\r\n",
        "  },\r\n",
        "  {\r\n",
        "    \u0022properties\u0022: {\r\n",
        "      \u0022automaticOSUpgradeProperties\u0022: {\r\n",
        "        \u0022automaticOSUpgradeSupported\u0022: false\r\n",
        "      }\r\n",
        "    },\r\n",
        "    \u0022location\u0022: \u0022southeastasia\u0022,\r\n",
        "    \u0022name\u0022: \u002216.04.0-LTS\u0022,\r\n",
        "    \u0022id\u0022: \u0022/Subscriptions/c9cbd920-c00c-427c-852b-8aaf38badaeb/Providers/Microsoft.Compute/Locations/southeastasia/Publishers/Canonical/ArtifactTypes/VMImage/Offers/UbuntuServer/Skus/16.04.0-LTS\u0022\r\n",
        "  },\r\n",
        "  {\r\n",
        "    \u0022properties\u0022: {\r\n",
        "      \u0022automaticOSUpgradeProperties\u0022: {\r\n",
        "        \u0022automaticOSUpgradeSupported\u0022: false\r\n",
        "      }\r\n",
        "    },\r\n",
        "    \u0022location\u0022: \u0022southeastasia\u0022,\r\n",
        "    \u0022name\u0022: \u002216_04-daily-lts-gen2\u0022,\r\n",
        "    \u0022id\u0022: \u0022/Subscriptions/c9cbd920-c00c-427c-852b-8aaf38badaeb/Providers/Microsoft.Compute/Locations/southeastasia/Publishers/Canonical/ArtifactTypes/VMImage/Offers/UbuntuServer/Skus/16_04-daily-lts-gen2\u0022\r\n",
        "  },\r\n",
        "  {\r\n",
        "    \u0022properties\u0022: {\r\n",
        "      \u0022automaticOSUpgradeProperties\u0022: {\r\n",
        "        \u0022automaticOSUpgradeSupported\u0022: false\r\n",
        "      }\r\n",
        "    },\r\n",
        "    \u0022location\u0022: \u0022southeastasia\u0022,\r\n",
        "    \u0022name\u0022: \u002216_04-lts-gen2\u0022,\r\n",
        "    \u0022id\u0022: \u0022/Subscriptions/c9cbd920-c00c-427c-852b-8aaf38badaeb/Providers/Microsoft.Compute/Locations/southeastasia/Publishers/Canonical/ArtifactTypes/VMImage/Offers/UbuntuServer/Skus/16_04-lts-gen2\u0022\r\n",
        "  },\r\n",
        "  {\r\n",
        "    \u0022properties\u0022: {\r\n",
        "      \u0022automaticOSUpgradeProperties\u0022: {\r\n",
        "        \u0022automaticOSUpgradeSupported\u0022: false\r\n",
        "      }\r\n",
        "    },\r\n",
        "    \u0022location\u0022: \u0022southeastasia\u0022,\r\n",
        "    \u0022name\u0022: \u002216_04_0-lts-gen2\u0022,\r\n",
        "    \u0022id\u0022: \u0022/Subscriptions/c9cbd920-c00c-427c-852b-8aaf38badaeb/Providers/Microsoft.Compute/Locations/southeastasia/Publishers/Canonical/ArtifactTypes/VMImage/Offers/UbuntuServer/Skus/16_04_0-lts-gen2\u0022\r\n",
        "  },\r\n",
        "  {\r\n",
        "    \u0022properties\u0022: {\r\n",
        "      \u0022automaticOSUpgradeProperties\u0022: {\r\n",
        "        \u0022automaticOSUpgradeSupported\u0022: false\r\n",
        "      }\r\n",
        "    },\r\n",
        "    \u0022location\u0022: \u0022southeastasia\u0022,\r\n",
        "    \u0022name\u0022: \u002218.04-DAILY-LTS\u0022,\r\n",
        "    \u0022id\u0022: \u0022/Subscriptions/c9cbd920-c00c-427c-852b-8aaf38badaeb/Providers/Microsoft.Compute/Locations/southeastasia/Publishers/Canonical/ArtifactTypes/VMImage/Offers/UbuntuServer/Skus/18.04-DAILY-LTS\u0022\r\n",
        "  },\r\n",
        "  {\r\n",
        "    \u0022properties\u0022: {\r\n",
        "      \u0022automaticOSUpgradeProperties\u0022: {\r\n",
        "        \u0022automaticOSUpgradeSupported\u0022: true\r\n",
        "      }\r\n",
        "    },\r\n",
        "    \u0022location\u0022: \u0022southeastasia\u0022,\r\n",
        "    \u0022name\u0022: \u002218.04-LTS\u0022,\r\n",
        "    \u0022id\u0022: \u0022/Subscriptions/c9cbd920-c00c-427c-852b-8aaf38badaeb/Providers/Microsoft.Compute/Locations/southeastasia/Publishers/Canonical/ArtifactTypes/VMImage/Offers/UbuntuServer/Skus/18.04-LTS\u0022\r\n",
        "  },\r\n",
        "  {\r\n",
        "    \u0022properties\u0022: {\r\n",
        "      \u0022automaticOSUpgradeProperties\u0022: {\r\n",
        "        \u0022automaticOSUpgradeSupported\u0022: false\r\n",
        "      }\r\n",
        "    },\r\n",
        "    \u0022location\u0022: \u0022southeastasia\u0022,\r\n",
        "    \u0022name\u0022: \u002218.10\u0022,\r\n",
        "    \u0022id\u0022: \u0022/Subscriptions/c9cbd920-c00c-427c-852b-8aaf38badaeb/Providers/Microsoft.Compute/Locations/southeastasia/Publishers/Canonical/ArtifactTypes/VMImage/Offers/UbuntuServer/Skus/18.10\u0022\r\n",
        "  },\r\n",
        "  {\r\n",
        "    \u0022properties\u0022: {\r\n",
        "      \u0022automaticOSUpgradeProperties\u0022: {\r\n",
        "        \u0022automaticOSUpgradeSupported\u0022: false\r\n",
        "      }\r\n",
        "    },\r\n",
        "    \u0022location\u0022: \u0022southeastasia\u0022,\r\n",
        "    \u0022name\u0022: \u002218.10-DAILY\u0022,\r\n",
        "    \u0022id\u0022: \u0022/Subscriptions/c9cbd920-c00c-427c-852b-8aaf38badaeb/Providers/Microsoft.Compute/Locations/southeastasia/Publishers/Canonical/ArtifactTypes/VMImage/Offers/UbuntuServer/Skus/18.10-DAILY\u0022\r\n",
        "  },\r\n",
        "  {\r\n",
        "    \u0022properties\u0022: {\r\n",
        "      \u0022automaticOSUpgradeProperties\u0022: {\r\n",
        "        \u0022automaticOSUpgradeSupported\u0022: false\r\n",
        "      }\r\n",
        "    },\r\n",
        "    \u0022location\u0022: \u0022southeastasia\u0022,\r\n",
        "    \u0022name\u0022: \u002218_04-daily-lts-gen2\u0022,\r\n",
        "    \u0022id\u0022: \u0022/Subscriptions/c9cbd920-c00c-427c-852b-8aaf38badaeb/Providers/Microsoft.Compute/Locations/southeastasia/Publishers/Canonical/ArtifactTypes/VMImage/Offers/UbuntuServer/Skus/18_04-daily-lts-gen2\u0022\r\n",
        "  },\r\n",
        "  {\r\n",
        "    \u0022properties\u0022: {\r\n",
        "      \u0022automaticOSUpgradeProperties\u0022: {\r\n",
        "        \u0022automaticOSUpgradeSupported\u0022: false\r\n",
        "      }\r\n",
        "    },\r\n",
        "    \u0022location\u0022: \u0022southeastasia\u0022,\r\n",
        "    \u0022name\u0022: \u002218_04-lts-gen2\u0022,\r\n",
        "    \u0022id\u0022: \u0022/Subscriptions/c9cbd920-c00c-427c-852b-8aaf38badaeb/Providers/Microsoft.Compute/Locations/southeastasia/Publishers/Canonical/ArtifactTypes/VMImage/Offers/UbuntuServer/Skus/18_04-lts-gen2\u0022\r\n",
        "  },\r\n",
        "  {\r\n",
        "    \u0022properties\u0022: {\r\n",
        "      \u0022automaticOSUpgradeProperties\u0022: {\r\n",
        "        \u0022automaticOSUpgradeSupported\u0022: false\r\n",
        "      }\r\n",
        "    },\r\n",
        "    \u0022location\u0022: \u0022southeastasia\u0022,\r\n",
        "    \u0022name\u0022: \u002219.04\u0022,\r\n",
        "    \u0022id\u0022: \u0022/Subscriptions/c9cbd920-c00c-427c-852b-8aaf38badaeb/Providers/Microsoft.Compute/Locations/southeastasia/Publishers/Canonical/ArtifactTypes/VMImage/Offers/UbuntuServer/Skus/19.04\u0022\r\n",
        "  },\r\n",
        "  {\r\n",
        "    \u0022properties\u0022: {\r\n",
        "      \u0022automaticOSUpgradeProperties\u0022: {\r\n",
        "        \u0022automaticOSUpgradeSupported\u0022: false\r\n",
        "      }\r\n",
        "    },\r\n",
        "    \u0022location\u0022: \u0022southeastasia\u0022,\r\n",
        "    \u0022name\u0022: \u002219.04-DAILY\u0022,\r\n",
        "    \u0022id\u0022: \u0022/Subscriptions/c9cbd920-c00c-427c-852b-8aaf38badaeb/Providers/Microsoft.Compute/Locations/southeastasia/Publishers/Canonical/ArtifactTypes/VMImage/Offers/UbuntuServer/Skus/19.04-DAILY\u0022\r\n",
        "  },\r\n",
        "  {\r\n",
        "    \u0022properties\u0022: {\r\n",
        "      \u0022automaticOSUpgradeProperties\u0022: {\r\n",
        "        \u0022automaticOSUpgradeSupported\u0022: false\r\n",
        "      }\r\n",
        "    },\r\n",
        "    \u0022location\u0022: \u0022southeastasia\u0022,\r\n",
        "    \u0022name\u0022: \u002219.10-DAILY\u0022,\r\n",
        "    \u0022id\u0022: \u0022/Subscriptions/c9cbd920-c00c-427c-852b-8aaf38badaeb/Providers/Microsoft.Compute/Locations/southeastasia/Publishers/Canonical/ArtifactTypes/VMImage/Offers/UbuntuServer/Skus/19.10-DAILY\u0022\r\n",
        "  },\r\n",
        "  {\r\n",
        "    \u0022properties\u0022: {\r\n",
        "      \u0022automaticOSUpgradeProperties\u0022: {\r\n",
        "        \u0022automaticOSUpgradeSupported\u0022: false\r\n",
        "      }\r\n",
        "    },\r\n",
        "    \u0022location\u0022: \u0022southeastasia\u0022,\r\n",
        "    \u0022name\u0022: \u002219_04-daily-gen2\u0022,\r\n",
        "    \u0022id\u0022: \u0022/Subscriptions/c9cbd920-c00c-427c-852b-8aaf38badaeb/Providers/Microsoft.Compute/Locations/southeastasia/Publishers/Canonical/ArtifactTypes/VMImage/Offers/UbuntuServer/Skus/19_04-daily-gen2\u0022\r\n",
        "  },\r\n",
        "  {\r\n",
        "    \u0022properties\u0022: {\r\n",
        "      \u0022automaticOSUpgradeProperties\u0022: {\r\n",
        "        \u0022automaticOSUpgradeSupported\u0022: false\r\n",
        "      }\r\n",
        "    },\r\n",
        "    \u0022location\u0022: \u0022southeastasia\u0022,\r\n",
        "    \u0022name\u0022: \u002219_04-gen2\u0022,\r\n",
        "    \u0022id\u0022: \u0022/Subscriptions/c9cbd920-c00c-427c-852b-8aaf38badaeb/Providers/Microsoft.Compute/Locations/southeastasia/Publishers/Canonical/ArtifactTypes/VMImage/Offers/UbuntuServer/Skus/19_04-gen2\u0022\r\n",
        "  },\r\n",
        "  {\r\n",
        "    \u0022properties\u0022: {\r\n",
        "      \u0022automaticOSUpgradeProperties\u0022: {\r\n",
        "        \u0022automaticOSUpgradeSupported\u0022: false\r\n",
        "      }\r\n",
        "    },\r\n",
        "    \u0022location\u0022: \u0022southeastasia\u0022,\r\n",
        "    \u0022name\u0022: \u002219_10-daily-gen2\u0022,\r\n",
        "    \u0022id\u0022: \u0022/Subscriptions/c9cbd920-c00c-427c-852b-8aaf38badaeb/Providers/Microsoft.Compute/Locations/southeastasia/Publishers/Canonical/ArtifactTypes/VMImage/Offers/UbuntuServer/Skus/19_10-daily-gen2\u0022\r\n",
        "  }\r\n",
        "]"
      ]
    },
    {
      "RequestUri": "https://management.azure.com/subscriptions/c9cbd920-c00c-427c-852b-8aaf38badaeb/providers/Microsoft.Compute/locations/southeastasia/publishers/Canonical/artifacttypes/vmimage/offers/UbuntuServer/skus/12.04.3-LTS/versions?api-version=2019-12-01",
      "RequestMethod": "GET",
      "RequestHeaders": {
        "Accept": "application/json",
        "Authorization": "Sanitized",
        "traceparent": "00-ca906566bd97e043b6625719bc932b4d-a7da11e113dac944-00",
        "User-Agent": [
          "azsdk-net-ResourceManager.Compute/1.0.0-alpha.20200910.1",
          "(.NET Core 4.6.29130.01; Microsoft Windows 10.0.19041 )"
        ],
        "x-ms-client-request-id": "02d3858ce47d796e780925101cacffea",
        "x-ms-return-client-request-id": "true"
      },
      "RequestBody": null,
      "StatusCode": 200,
      "ResponseHeaders": {
        "Cache-Control": "no-cache",
        "Content-Length": "601",
        "Content-Type": "application/json; charset=utf-8",
        "Date": "Thu, 10 Sep 2020 10:42:40 GMT",
        "Expires": "-1",
        "Pragma": "no-cache",
        "Server": [
          "Microsoft-HTTPAPI/2.0",
          "Microsoft-HTTPAPI/2.0"
        ],
        "Strict-Transport-Security": "max-age=31536000; includeSubDomains",
        "X-Content-Type-Options": "nosniff",
        "x-ms-client-request-id": "02d3858ce47d796e780925101cacffea",
        "x-ms-correlation-request-id": "e40df3ec-baf3-401e-9c07-b27824dcb40b",
        "x-ms-ratelimit-remaining-subscription-reads": "8564",
        "x-ms-request-id": "7cc205d4-b2a7-47c0-b32f-80d2976f2da1",
        "x-ms-routing-request-id": "SOUTHEASTASIA:20200910T104241Z:e40df3ec-baf3-401e-9c07-b27824dcb40b",
        "x-ms-served-by": "5763bc19-56ac-4719-9ffa-8ce24fe8fe13_132410223860987620"
      },
      "ResponseBody": [
        "[\r\n",
        "  {\r\n",
        "    \u0022location\u0022: \u0022southeastasia\u0022,\r\n",
        "    \u0022name\u0022: \u002212.04.201401270\u0022,\r\n",
        "    \u0022id\u0022: \u0022/Subscriptions/c9cbd920-c00c-427c-852b-8aaf38badaeb/Providers/Microsoft.Compute/Locations/southeastasia/Publishers/Canonical/ArtifactTypes/VMImage/Offers/UbuntuServer/Skus/12.04.3-LTS/Versions/12.04.201401270\u0022\r\n",
        "  },\r\n",
        "  {\r\n",
        "    \u0022location\u0022: \u0022southeastasia\u0022,\r\n",
        "    \u0022name\u0022: \u002212.04.201401300\u0022,\r\n",
        "    \u0022id\u0022: \u0022/Subscriptions/c9cbd920-c00c-427c-852b-8aaf38badaeb/Providers/Microsoft.Compute/Locations/southeastasia/Publishers/Canonical/ArtifactTypes/VMImage/Offers/UbuntuServer/Skus/12.04.3-LTS/Versions/12.04.201401300\u0022\r\n",
        "  }\r\n",
        "]"
      ]
    },
    {
      "RequestUri": "https://management.azure.com/subscriptions/c9cbd920-c00c-427c-852b-8aaf38badaeb/providers/Microsoft.Compute/locations/southeastasia/publishers/Canonical/artifacttypes/vmimage/offers/UbuntuServer/skus/12.04.3-LTS/versions/12.04.201401270?api-version=2019-12-01",
      "RequestMethod": "GET",
      "RequestHeaders": {
        "Accept": "application/json",
        "Authorization": "Sanitized",
        "traceparent": "00-eccc133b800ac3418e3bad7c8d410d1a-cfdb7d534ba45049-00",
        "User-Agent": [
          "azsdk-net-ResourceManager.Compute/1.0.0-alpha.20200910.1",
          "(.NET Core 4.6.29130.01; Microsoft Windows 10.0.19041 )"
        ],
        "x-ms-client-request-id": "f5da938888eedae6807e8f8333f35915",
        "x-ms-return-client-request-id": "true"
      },
      "RequestBody": null,
      "StatusCode": 200,
      "ResponseHeaders": {
        "Cache-Control": "no-cache",
        "Content-Length": "583",
        "Content-Type": "application/json; charset=utf-8",
        "Date": "Thu, 10 Sep 2020 10:42:40 GMT",
        "Expires": "-1",
        "Pragma": "no-cache",
        "Server": [
          "Microsoft-HTTPAPI/2.0",
          "Microsoft-HTTPAPI/2.0"
        ],
        "Strict-Transport-Security": "max-age=31536000; includeSubDomains",
        "X-Content-Type-Options": "nosniff",
        "x-ms-client-request-id": "f5da938888eedae6807e8f8333f35915",
        "x-ms-correlation-request-id": "01b5403b-bfec-4920-8fef-98cfb33cabf9",
        "x-ms-ratelimit-remaining-subscription-reads": "8563",
        "x-ms-request-id": "36708e44-a268-4575-8aea-e8b04930d876",
        "x-ms-routing-request-id": "SOUTHEASTASIA:20200910T104241Z:01b5403b-bfec-4920-8fef-98cfb33cabf9",
        "x-ms-served-by": "5763bc19-56ac-4719-9ffa-8ce24fe8fe13_132410223860987620"
      },
      "ResponseBody": [
        "{\r\n",
        "  \u0022properties\u0022: {\r\n",
        "    \u0022replicaType\u0022: \u0022Unmanaged\u0022,\r\n",
        "    \u0022automaticOSUpgradeProperties\u0022: {\r\n",
        "      \u0022automaticOSUpgradeSupported\u0022: false\r\n",
        "    },\r\n",
        "    \u0022osDiskImage\u0022: {\r\n",
        "      \u0022operatingSystem\u0022: \u0022Linux\u0022,\r\n",
        "      \u0022sizeInGb\u0022: 30,\r\n",
        "      \u0022sizeInBytes\u0022: 31457280512\r\n",
        "    },\r\n",
        "    \u0022dataDiskImages\u0022: []\r\n",
        "  },\r\n",
        "  \u0022location\u0022: \u0022southeastasia\u0022,\r\n",
        "  \u0022name\u0022: \u002212.04.201401270\u0022,\r\n",
        "  \u0022id\u0022: \u0022/Subscriptions/c9cbd920-c00c-427c-852b-8aaf38badaeb/Providers/Microsoft.Compute/Locations/southeastasia/Publishers/Canonical/ArtifactTypes/VMImage/Offers/UbuntuServer/Skus/12.04.3-LTS/Versions/12.04.201401270\u0022\r\n",
        "}"
      ]
    },
    {
      "RequestUri": "https://management.azure.com/subscriptions/c9cbd920-c00c-427c-852b-8aaf38badaeb/providers/Microsoft.Compute/locations/southeastasia/publishers/Canonical/artifacttypes/vmimage/offers/UbuntuServer/skus/12.04.3-LTS/versions/12.04.201401300?api-version=2019-12-01",
      "RequestMethod": "GET",
      "RequestHeaders": {
        "Accept": "application/json",
        "Authorization": "Sanitized",
        "traceparent": "00-dbd0104d50a0794dbb0a852d1e7340c5-abce602a84f36443-00",
        "User-Agent": [
          "azsdk-net-ResourceManager.Compute/1.0.0-alpha.20200910.1",
          "(.NET Core 4.6.29130.01; Microsoft Windows 10.0.19041 )"
        ],
        "x-ms-client-request-id": "2700ac11797614ee97cafb74bcf9abc8",
        "x-ms-return-client-request-id": "true"
      },
      "RequestBody": null,
      "StatusCode": 200,
      "ResponseHeaders": {
        "Cache-Control": "no-cache",
        "Content-Length": "583",
        "Content-Type": "application/json; charset=utf-8",
        "Date": "Thu, 10 Sep 2020 10:42:40 GMT",
        "Expires": "-1",
        "Pragma": "no-cache",
        "Server": [
          "Microsoft-HTTPAPI/2.0",
          "Microsoft-HTTPAPI/2.0"
        ],
        "Strict-Transport-Security": "max-age=31536000; includeSubDomains",
        "X-Content-Type-Options": "nosniff",
        "x-ms-client-request-id": "2700ac11797614ee97cafb74bcf9abc8",
        "x-ms-correlation-request-id": "e39128f3-a138-4904-8309-0342f7a97538",
        "x-ms-ratelimit-remaining-subscription-reads": "8562",
        "x-ms-request-id": "a2d9869e-9e4b-480d-8b5a-45863a3996bd",
        "x-ms-routing-request-id": "SOUTHEASTASIA:20200910T104241Z:e39128f3-a138-4904-8309-0342f7a97538",
        "x-ms-served-by": "5763bc19-56ac-4719-9ffa-8ce24fe8fe13_132410223860987620"
      },
      "ResponseBody": [
        "{\r\n",
        "  \u0022properties\u0022: {\r\n",
        "    \u0022replicaType\u0022: \u0022Unmanaged\u0022,\r\n",
        "    \u0022automaticOSUpgradeProperties\u0022: {\r\n",
        "      \u0022automaticOSUpgradeSupported\u0022: false\r\n",
        "    },\r\n",
        "    \u0022osDiskImage\u0022: {\r\n",
        "      \u0022operatingSystem\u0022: \u0022Linux\u0022,\r\n",
        "      \u0022sizeInGb\u0022: 30,\r\n",
        "      \u0022sizeInBytes\u0022: 31457280512\r\n",
        "    },\r\n",
        "    \u0022dataDiskImages\u0022: []\r\n",
        "  },\r\n",
        "  \u0022location\u0022: \u0022southeastasia\u0022,\r\n",
        "  \u0022name\u0022: \u002212.04.201401300\u0022,\r\n",
        "  \u0022id\u0022: \u0022/Subscriptions/c9cbd920-c00c-427c-852b-8aaf38badaeb/Providers/Microsoft.Compute/Locations/southeastasia/Publishers/Canonical/ArtifactTypes/VMImage/Offers/UbuntuServer/Skus/12.04.3-LTS/Versions/12.04.201401300\u0022\r\n",
        "}"
      ]
    }
  ],
  "Variables": {
    "RandomSeed": "1090226113",
    "SUBSCRIPTION_ID": "c9cbd920-c00c-427c-852b-8aaf38badaeb"
  }
}