{
  "Entries": [
    {
      "RequestUri": "/subscriptions/bab08e11-7b12-4354-9fd1-4b5d64d40b68/resourceGroups/Api-Default-CentralUS/providers/Microsoft.ApiManagement/service/sdktestservice20190101?api-version=2019-01-01",
      "EncodedRequestUri": "L3N1YnNjcmlwdGlvbnMvYmFiMDhlMTEtN2IxMi00MzU0LTlmZDEtNGI1ZDY0ZDQwYjY4L3Jlc291cmNlR3JvdXBzL0FwaS1EZWZhdWx0LUNlbnRyYWxVUy9wcm92aWRlcnMvTWljcm9zb2Z0LkFwaU1hbmFnZW1lbnQvc2VydmljZS9zZGt0ZXN0c2VydmljZTIwMTkwMTAxP2FwaS12ZXJzaW9uPTIwMTktMDEtMDE=",
      "RequestMethod": "PUT",
      "RequestBody": "{\r\n  \"properties\": {\r\n    \"publisherEmail\": \"apim@autorestsdk.com\",\r\n    \"publisherName\": \"autorestsdk\"\r\n  },\r\n  \"sku\": {\r\n    \"name\": \"Developer\",\r\n    \"capacity\": 1\r\n  },\r\n  \"location\": \"CentralUS\",\r\n  \"tags\": {\r\n    \"tag1\": \"value1\",\r\n    \"tag2\": \"value2\",\r\n    \"tag3\": \"value3\"\r\n  }\r\n}",
      "RequestHeaders": {
        "x-ms-client-request-id": [
          "f24dbd4a-9a51-4000-b5d7-e448e8cc2be8"
        ],
        "accept-language": [
          "en-US"
        ],
        "User-Agent": [
          "FxVersion/4.6.26614.01",
          "OSName/Windows",
          "OSVersion/Microsoft.Windows.10.0.18363.",
          "Microsoft.Azure.Management.ApiManagement.ApiManagementClient/4.11.0.0"
        ],
        "Content-Type": [
          "application/json; charset=utf-8"
        ],
        "Content-Length": [
          "289"
        ]
      },
      "ResponseHeaders": {
        "Cache-Control": [
          "no-cache"
        ],
        "Date": [
          "Fri, 07 Feb 2020 00:52:41 GMT"
        ],
        "Pragma": [
          "no-cache"
        ],
        "ETag": [
          "\"AAAAAAABp+o=\""
        ],
        "Server": [
          "Microsoft-HTTPAPI/2.0"
        ],
        "Strict-Transport-Security": [
          "max-age=31536000; includeSubDomains"
        ],
        "x-ms-request-id": [
          "c4a70cda-08d4-4ed1-8cc0-9f1ec3620423",
          "cde382ba-bf80-454f-a1e8-5ad1d22a4ab8"
        ],
        "x-ms-ratelimit-remaining-subscription-writes": [
          "1199"
        ],
        "x-ms-correlation-request-id": [
          "3fd94000-6167-4e58-a1a8-852ff4ca75a9"
        ],
        "x-ms-routing-request-id": [
          "WESTUS:20200207T005242Z:3fd94000-6167-4e58-a1a8-852ff4ca75a9"
        ],
        "X-Content-Type-Options": [
          "nosniff"
        ],
        "Content-Length": [
          "2188"
        ],
        "Content-Type": [
          "application/json; charset=utf-8"
        ],
        "Expires": [
          "-1"
        ]
      },
      "ResponseBody": "{\r\n  \"id\": \"/subscriptions/bab08e11-7b12-4354-9fd1-4b5d64d40b68/resourceGroups/Api-Default-CentralUS/providers/Microsoft.ApiManagement/service/sdktestservice20190101\",\r\n  \"name\": \"sdktestservice20190101\",\r\n  \"type\": \"Microsoft.ApiManagement/service\",\r\n  \"tags\": {\r\n    \"tag1\": \"value1\",\r\n    \"tag2\": \"value2\",\r\n    \"tag3\": \"value3\"\r\n  },\r\n  \"location\": \"Central US\",\r\n  \"etag\": \"AAAAAAABp+o=\",\r\n  \"properties\": {\r\n    \"publisherEmail\": \"apim@autorestsdk.com\",\r\n    \"publisherName\": \"autorestsdk\",\r\n    \"notificationSenderEmail\": \"apimgmt-noreply@mail.windowsazure.com\",\r\n    \"provisioningState\": \"Succeeded\",\r\n    \"targetProvisioningState\": \"\",\r\n    \"createdAtUtc\": \"2020-02-07T00:15:54.6331815Z\",\r\n    \"gatewayUrl\": \"https://sdktestservice20190101.azure-api.net\",\r\n    \"gatewayRegionalUrl\": \"https://sdktestservice20190101-centralus-01.regional.azure-api.net\",\r\n    \"portalUrl\": \"https://sdktestservice20190101.portal.azure-api.net\",\r\n    \"developerPortalUrl\": \"https://sdktestservice20190101.developer.azure-api.net\",\r\n    \"managementApiUrl\": \"https://sdktestservice20190101.management.azure-api.net\",\r\n    \"scmUrl\": \"https://sdktestservice20190101.scm.azure-api.net\",\r\n    \"hostnameConfigurations\": [\r\n      {\r\n        \"type\": \"Proxy\",\r\n        \"hostName\": \"sdktestservice20190101.azure-api.net\",\r\n        \"encodedCertificate\": null,\r\n        \"keyVaultId\": null,\r\n        \"certificatePassword\": null,\r\n        \"negotiateClientCertificate\": false,\r\n        \"certificate\": null,\r\n        \"defaultSslBinding\": true\r\n      }\r\n    ],\r\n    \"publicIPAddresses\": [\r\n      \"40.78.133.78\"\r\n    ],\r\n    \"privateIPAddresses\": null,\r\n    \"additionalLocations\": null,\r\n    \"virtualNetworkConfiguration\": null,\r\n    \"customProperties\": {\r\n      \"Microsoft.WindowsAzure.ApiManagement.Gateway.Security.Protocols.Tls10\": \"False\",\r\n      \"Microsoft.WindowsAzure.ApiManagement.Gateway.Security.Protocols.Tls11\": \"False\",\r\n      \"Microsoft.WindowsAzure.ApiManagement.Gateway.Security.Protocols.Ssl30\": \"False\",\r\n      \"Microsoft.WindowsAzure.ApiManagement.Gateway.Security.Ciphers.TripleDes168\": \"False\",\r\n      \"Microsoft.WindowsAzure.ApiManagement.Gateway.Security.Backend.Protocols.Tls10\": \"False\",\r\n      \"Microsoft.WindowsAzure.ApiManagement.Gateway.Security.Backend.Protocols.Tls11\": \"False\",\r\n      \"Microsoft.WindowsAzure.ApiManagement.Gateway.Security.Backend.Protocols.Ssl30\": \"False\",\r\n      \"Microsoft.WindowsAzure.ApiManagement.Gateway.Protocols.Server.Http2\": \"False\"\r\n    },\r\n    \"virtualNetworkType\": \"None\",\r\n    \"certificates\": null\r\n  },\r\n  \"sku\": {\r\n    \"name\": \"Developer\",\r\n    \"capacity\": 1\r\n  },\r\n  \"identity\": null\r\n}",
      "StatusCode": 200
    },
    {
      "RequestUri": "/subscriptions/bab08e11-7b12-4354-9fd1-4b5d64d40b68/resourceGroups/Api-Default-CentralUS/providers/Microsoft.ApiManagement/service/sdktestservice20190101?api-version=2019-01-01",
      "EncodedRequestUri": "L3N1YnNjcmlwdGlvbnMvYmFiMDhlMTEtN2IxMi00MzU0LTlmZDEtNGI1ZDY0ZDQwYjY4L3Jlc291cmNlR3JvdXBzL0FwaS1EZWZhdWx0LUNlbnRyYWxVUy9wcm92aWRlcnMvTWljcm9zb2Z0LkFwaU1hbmFnZW1lbnQvc2VydmljZS9zZGt0ZXN0c2VydmljZTIwMTkwMTAxP2FwaS12ZXJzaW9uPTIwMTktMDEtMDE=",
      "RequestMethod": "GET",
      "RequestBody": "",
      "RequestHeaders": {
        "x-ms-client-request-id": [
          "f665510e-52fb-4a92-8974-253ca601c069"
        ],
        "accept-language": [
          "en-US"
        ],
        "User-Agent": [
          "FxVersion/4.6.26614.01",
          "OSName/Windows",
          "OSVersion/Microsoft.Windows.10.0.18363.",
          "Microsoft.Azure.Management.ApiManagement.ApiManagementClient/4.11.0.0"
        ]
      },
      "ResponseHeaders": {
        "Cache-Control": [
          "no-cache"
        ],
        "Date": [
          "Fri, 07 Feb 2020 00:52:41 GMT"
        ],
        "Pragma": [
          "no-cache"
        ],
        "ETag": [
          "\"AAAAAAABp+o=\""
        ],
        "Server": [
          "Microsoft-HTTPAPI/2.0"
        ],
        "Strict-Transport-Security": [
          "max-age=31536000; includeSubDomains"
        ],
        "x-ms-request-id": [
          "a13fcca4-ad22-4f22-a7f4-4992a68488e3"
        ],
        "x-ms-ratelimit-remaining-subscription-reads": [
          "11999"
        ],
        "x-ms-correlation-request-id": [
          "f2f0aa28-767e-4f24-a0a9-7f24099b6e9e"
        ],
        "x-ms-routing-request-id": [
          "WESTUS:20200207T005242Z:f2f0aa28-767e-4f24-a0a9-7f24099b6e9e"
        ],
        "X-Content-Type-Options": [
          "nosniff"
        ],
        "Content-Length": [
          "2188"
        ],
        "Content-Type": [
          "application/json; charset=utf-8"
        ],
        "Expires": [
          "-1"
        ]
      },
      "ResponseBody": "{\r\n  \"id\": \"/subscriptions/bab08e11-7b12-4354-9fd1-4b5d64d40b68/resourceGroups/Api-Default-CentralUS/providers/Microsoft.ApiManagement/service/sdktestservice20190101\",\r\n  \"name\": \"sdktestservice20190101\",\r\n  \"type\": \"Microsoft.ApiManagement/service\",\r\n  \"tags\": {\r\n    \"tag1\": \"value1\",\r\n    \"tag2\": \"value2\",\r\n    \"tag3\": \"value3\"\r\n  },\r\n  \"location\": \"Central US\",\r\n  \"etag\": \"AAAAAAABp+o=\",\r\n  \"properties\": {\r\n    \"publisherEmail\": \"apim@autorestsdk.com\",\r\n    \"publisherName\": \"autorestsdk\",\r\n    \"notificationSenderEmail\": \"apimgmt-noreply@mail.windowsazure.com\",\r\n    \"provisioningState\": \"Succeeded\",\r\n    \"targetProvisioningState\": \"\",\r\n    \"createdAtUtc\": \"2020-02-07T00:15:54.6331815Z\",\r\n    \"gatewayUrl\": \"https://sdktestservice20190101.azure-api.net\",\r\n    \"gatewayRegionalUrl\": \"https://sdktestservice20190101-centralus-01.regional.azure-api.net\",\r\n    \"portalUrl\": \"https://sdktestservice20190101.portal.azure-api.net\",\r\n    \"developerPortalUrl\": \"https://sdktestservice20190101.developer.azure-api.net\",\r\n    \"managementApiUrl\": \"https://sdktestservice20190101.management.azure-api.net\",\r\n    \"scmUrl\": \"https://sdktestservice20190101.scm.azure-api.net\",\r\n    \"hostnameConfigurations\": [\r\n      {\r\n        \"type\": \"Proxy\",\r\n        \"hostName\": \"sdktestservice20190101.azure-api.net\",\r\n        \"encodedCertificate\": null,\r\n        \"keyVaultId\": null,\r\n        \"certificatePassword\": null,\r\n        \"negotiateClientCertificate\": false,\r\n        \"certificate\": null,\r\n        \"defaultSslBinding\": true\r\n      }\r\n    ],\r\n    \"publicIPAddresses\": [\r\n      \"40.78.133.78\"\r\n    ],\r\n    \"privateIPAddresses\": null,\r\n    \"additionalLocations\": null,\r\n    \"virtualNetworkConfiguration\": null,\r\n    \"customProperties\": {\r\n      \"Microsoft.WindowsAzure.ApiManagement.Gateway.Security.Protocols.Tls10\": \"False\",\r\n      \"Microsoft.WindowsAzure.ApiManagement.Gateway.Security.Protocols.Tls11\": \"False\",\r\n      \"Microsoft.WindowsAzure.ApiManagement.Gateway.Security.Protocols.Ssl30\": \"False\",\r\n      \"Microsoft.WindowsAzure.ApiManagement.Gateway.Security.Ciphers.TripleDes168\": \"False\",\r\n      \"Microsoft.WindowsAzure.ApiManagement.Gateway.Security.Backend.Protocols.Tls10\": \"False\",\r\n      \"Microsoft.WindowsAzure.ApiManagement.Gateway.Security.Backend.Protocols.Tls11\": \"False\",\r\n      \"Microsoft.WindowsAzure.ApiManagement.Gateway.Security.Backend.Protocols.Ssl30\": \"False\",\r\n      \"Microsoft.WindowsAzure.ApiManagement.Gateway.Protocols.Server.Http2\": \"False\"\r\n    },\r\n    \"virtualNetworkType\": \"None\",\r\n    \"certificates\": null\r\n  },\r\n  \"sku\": {\r\n    \"name\": \"Developer\",\r\n    \"capacity\": 1\r\n  },\r\n  \"identity\": null\r\n}",
      "StatusCode": 200
    },
    {
      "RequestUri": "/subscriptions/bab08e11-7b12-4354-9fd1-4b5d64d40b68/resourceGroups/Api-Default-CentralUS/providers/Microsoft.ApiManagement/service/sdktestservice20190101/apis?api-version=2019-01-01",
      "EncodedRequestUri": "L3N1YnNjcmlwdGlvbnMvYmFiMDhlMTEtN2IxMi00MzU0LTlmZDEtNGI1ZDY0ZDQwYjY4L3Jlc291cmNlR3JvdXBzL0FwaS1EZWZhdWx0LUNlbnRyYWxVUy9wcm92aWRlcnMvTWljcm9zb2Z0LkFwaU1hbmFnZW1lbnQvc2VydmljZS9zZGt0ZXN0c2VydmljZTIwMTkwMTAxL2FwaXM/YXBpLXZlcnNpb249MjAxOS0wMS0wMQ==",
      "RequestMethod": "GET",
      "RequestBody": "",
      "RequestHeaders": {
        "x-ms-client-request-id": [
          "95b12068-b681-4f8b-a6be-799b1ee4ae30"
        ],
        "accept-language": [
          "en-US"
        ],
        "User-Agent": [
          "FxVersion/4.6.26614.01",
          "OSName/Windows",
          "OSVersion/Microsoft.Windows.10.0.18363.",
          "Microsoft.Azure.Management.ApiManagement.ApiManagementClient/4.11.0.0"
        ]
      },
      "ResponseHeaders": {
        "Cache-Control": [
          "no-cache"
        ],
        "Date": [
          "Fri, 07 Feb 2020 00:52:41 GMT"
        ],
        "Pragma": [
          "no-cache"
        ],
        "Server": [
          "Microsoft-HTTPAPI/2.0"
        ],
        "Strict-Transport-Security": [
          "max-age=31536000; includeSubDomains"
        ],
        "x-ms-request-id": [
          "b7f4596e-5f5e-4914-86b8-759b929c975f"
        ],
        "x-ms-ratelimit-remaining-subscription-reads": [
          "11998"
        ],
        "x-ms-correlation-request-id": [
          "fe72972c-e973-43df-a81b-b43b0cac1480"
        ],
        "x-ms-routing-request-id": [
          "WESTUS:20200207T005242Z:fe72972c-e973-43df-a81b-b43b0cac1480"
        ],
        "X-Content-Type-Options": [
          "nosniff"
        ],
        "Content-Length": [
          "699"
        ],
        "Content-Type": [
          "application/json; charset=utf-8"
        ],
        "Expires": [
          "-1"
        ]
      },
      "ResponseBody": "{\r\n  \"value\": [\r\n    {\r\n      \"id\": \"/subscriptions/bab08e11-7b12-4354-9fd1-4b5d64d40b68/resourceGroups/Api-Default-CentralUS/providers/Microsoft.ApiManagement/service/sdktestservice20190101/apis/echo-api\",\r\n      \"type\": \"Microsoft.ApiManagement/service/apis\",\r\n      \"name\": \"echo-api\",\r\n      \"properties\": {\r\n        \"displayName\": \"Echo API\",\r\n        \"apiRevision\": \"1\",\r\n        \"description\": null,\r\n        \"serviceUrl\": \"http://echoapi.cloudapp.net/api\",\r\n        \"path\": \"echo\",\r\n        \"protocols\": [\r\n          \"https\"\r\n        ],\r\n        \"authenticationSettings\": null,\r\n        \"subscriptionKeyParameterNames\": null,\r\n        \"isCurrent\": true\r\n      }\r\n    }\r\n  ],\r\n  \"count\": 1\r\n}",
      "StatusCode": 200
    },
    {
      "RequestUri": "/subscriptions/bab08e11-7b12-4354-9fd1-4b5d64d40b68/resourceGroups/Api-Default-CentralUS/providers/Microsoft.ApiManagement/service/sdktestservice20190101/apis/echo-api/diagnostics?api-version=2019-01-01",
      "EncodedRequestUri": "L3N1YnNjcmlwdGlvbnMvYmFiMDhlMTEtN2IxMi00MzU0LTlmZDEtNGI1ZDY0ZDQwYjY4L3Jlc291cmNlR3JvdXBzL0FwaS1EZWZhdWx0LUNlbnRyYWxVUy9wcm92aWRlcnMvTWljcm9zb2Z0LkFwaU1hbmFnZW1lbnQvc2VydmljZS9zZGt0ZXN0c2VydmljZTIwMTkwMTAxL2FwaXMvZWNoby1hcGkvZGlhZ25vc3RpY3M/YXBpLXZlcnNpb249MjAxOS0wMS0wMQ==",
      "RequestMethod": "GET",
      "RequestBody": "",
      "RequestHeaders": {
        "x-ms-client-request-id": [
          "1c22b17e-16a2-4029-8b89-48a7d03b7ad7"
        ],
        "accept-language": [
          "en-US"
        ],
        "User-Agent": [
          "FxVersion/4.6.26614.01",
          "OSName/Windows",
          "OSVersion/Microsoft.Windows.10.0.18363.",
          "Microsoft.Azure.Management.ApiManagement.ApiManagementClient/4.11.0.0"
        ]
      },
      "ResponseHeaders": {
        "Cache-Control": [
          "no-cache"
        ],
        "Date": [
          "Fri, 07 Feb 2020 00:52:42 GMT"
        ],
        "Pragma": [
          "no-cache"
        ],
        "Server": [
          "Microsoft-HTTPAPI/2.0"
        ],
        "Strict-Transport-Security": [
          "max-age=31536000; includeSubDomains"
        ],
        "x-ms-request-id": [
          "a1434c1a-1127-4095-a30a-2ff96550a105"
        ],
        "x-ms-ratelimit-remaining-subscription-reads": [
          "11997"
        ],
        "x-ms-correlation-request-id": [
          "b42675c3-00b2-424c-a010-0942b4abe483"
        ],
        "x-ms-routing-request-id": [
          "WESTUS:20200207T005243Z:b42675c3-00b2-424c-a010-0942b4abe483"
        ],
        "X-Content-Type-Options": [
          "nosniff"
        ],
        "Content-Length": [
          "34"
        ],
        "Content-Type": [
          "application/json; charset=utf-8"
        ],
        "Expires": [
          "-1"
        ]
      },
      "ResponseBody": "{\r\n  \"value\": [],\r\n  \"count\": 0\r\n}",
      "StatusCode": 200
    },
    {
      "RequestUri": "/subscriptions/bab08e11-7b12-4354-9fd1-4b5d64d40b68/resourceGroups/Api-Default-CentralUS/providers/Microsoft.ApiManagement/service/sdktestservice20190101/loggers/appInsights2592?api-version=2019-01-01",
      "EncodedRequestUri": "L3N1YnNjcmlwdGlvbnMvYmFiMDhlMTEtN2IxMi00MzU0LTlmZDEtNGI1ZDY0ZDQwYjY4L3Jlc291cmNlR3JvdXBzL0FwaS1EZWZhdWx0LUNlbnRyYWxVUy9wcm92aWRlcnMvTWljcm9zb2Z0LkFwaU1hbmFnZW1lbnQvc2VydmljZS9zZGt0ZXN0c2VydmljZTIwMTkwMTAxL2xvZ2dlcnMvYXBwSW5zaWdodHMyNTkyP2FwaS12ZXJzaW9uPTIwMTktMDEtMDE=",
      "RequestMethod": "PUT",
      "RequestBody": "{\r\n  \"properties\": {\r\n    \"loggerType\": \"applicationInsights\",\r\n    \"credentials\": {\r\n      \"instrumentationKey\": \"344ff8ea-0832-4121-a40c-0066057336dc\"\r\n    }\r\n  }\r\n}",
      "RequestHeaders": {
        "x-ms-client-request-id": [
          "6a3357a7-75c2-4361-9570-b3162dc8b85d"
        ],
        "accept-language": [
          "en-US"
        ],
        "User-Agent": [
          "FxVersion/4.6.26614.01",
          "OSName/Windows",
          "OSVersion/Microsoft.Windows.10.0.18363.",
          "Microsoft.Azure.Management.ApiManagement.ApiManagementClient/4.11.0.0"
        ],
        "Content-Type": [
          "application/json; charset=utf-8"
        ],
        "Content-Length": [
          "167"
        ]
      },
      "ResponseHeaders": {
        "Cache-Control": [
          "no-cache"
        ],
        "Date": [
          "Fri, 07 Feb 2020 00:52:46 GMT"
        ],
        "Pragma": [
          "no-cache"
        ],
        "ETag": [
          "\"AAAAAAAACTI=\""
        ],
        "Server": [
          "Microsoft-HTTPAPI/2.0"
        ],
        "Strict-Transport-Security": [
          "max-age=31536000; includeSubDomains"
        ],
        "x-ms-request-id": [
          "4877cbce-59f9-4420-807f-9b2308b8fea4"
        ],
        "x-ms-ratelimit-remaining-subscription-writes": [
          "1198"
        ],
        "x-ms-correlation-request-id": [
          "1b506228-91b4-4e85-a91a-fea22dc8eb62"
        ],
        "x-ms-routing-request-id": [
          "WESTUS:20200207T005247Z:1b506228-91b4-4e85-a91a-fea22dc8eb62"
        ],
        "X-Content-Type-Options": [
          "nosniff"
        ],
        "Content-Length": [
          "528"
        ],
        "Content-Type": [
          "application/json; charset=utf-8"
        ],
        "Expires": [
          "-1"
        ]
      },
      "ResponseBody": "{\r\n  \"id\": \"/subscriptions/bab08e11-7b12-4354-9fd1-4b5d64d40b68/resourceGroups/Api-Default-CentralUS/providers/Microsoft.ApiManagement/service/sdktestservice20190101/loggers/appInsights2592\",\r\n  \"type\": \"Microsoft.ApiManagement/service/loggers\",\r\n  \"name\": \"appInsights2592\",\r\n  \"properties\": {\r\n    \"loggerType\": \"applicationInsights\",\r\n    \"description\": null,\r\n    \"credentials\": {\r\n      \"instrumentationKey\": \"{{Logger-Credentials-5e3cb4de2393691028e5c5f5}}\"\r\n    },\r\n    \"isBuffered\": true,\r\n    \"resourceId\": null\r\n  }\r\n}",
      "StatusCode": 201
    },
    {
      "RequestUri": "/subscriptions/bab08e11-7b12-4354-9fd1-4b5d64d40b68/resourceGroups/Api-Default-CentralUS/providers/Microsoft.ApiManagement/service/sdktestservice20190101/apis/echo-api/diagnostics/applicationinsights?api-version=2019-01-01",
      "EncodedRequestUri": "L3N1YnNjcmlwdGlvbnMvYmFiMDhlMTEtN2IxMi00MzU0LTlmZDEtNGI1ZDY0ZDQwYjY4L3Jlc291cmNlR3JvdXBzL0FwaS1EZWZhdWx0LUNlbnRyYWxVUy9wcm92aWRlcnMvTWljcm9zb2Z0LkFwaU1hbmFnZW1lbnQvc2VydmljZS9zZGt0ZXN0c2VydmljZTIwMTkwMTAxL2FwaXMvZWNoby1hcGkvZGlhZ25vc3RpY3MvYXBwbGljYXRpb25pbnNpZ2h0cz9hcGktdmVyc2lvbj0yMDE5LTAxLTAx",
      "RequestMethod": "PUT",
      "RequestBody": "{\r\n  \"properties\": {\r\n    \"loggerId\": \"/subscriptions/bab08e11-7b12-4354-9fd1-4b5d64d40b68/resourceGroups/Api-Default-CentralUS/providers/Microsoft.ApiManagement/service/sdktestservice20190101/loggers/appInsights2592\"\r\n  }\r\n}",
      "RequestHeaders": {
        "x-ms-client-request-id": [
          "46fbc51d-e482-4a4c-8ca7-b261bbdd5ff2"
        ],
        "accept-language": [
          "en-US"
        ],
        "User-Agent": [
          "FxVersion/4.6.26614.01",
          "OSName/Windows",
          "OSVersion/Microsoft.Windows.10.0.18363.",
          "Microsoft.Azure.Management.ApiManagement.ApiManagementClient/4.11.0.0"
        ],
        "Content-Type": [
          "application/json; charset=utf-8"
        ],
        "Content-Length": [
          "225"
        ]
      },
      "ResponseHeaders": {
        "Cache-Control": [
          "no-cache"
        ],
        "Date": [
          "Fri, 07 Feb 2020 00:52:47 GMT"
        ],
        "Pragma": [
          "no-cache"
        ],
        "ETag": [
          "\"AAAAAAAACTQ=\""
        ],
        "Server": [
          "Microsoft-HTTPAPI/2.0"
        ],
        "Strict-Transport-Security": [
          "max-age=31536000; includeSubDomains"
        ],
        "x-ms-request-id": [
          "743dc1f5-53c6-4d50-a0b1-3c72f5bd3d0f"
        ],
        "x-ms-ratelimit-remaining-subscription-writes": [
          "1197"
        ],
        "x-ms-correlation-request-id": [
          "48a84132-6d41-4f7f-a9d7-6a21fc4e141c"
        ],
        "x-ms-routing-request-id": [
          "WESTUS:20200207T005248Z:48a84132-6d41-4f7f-a9d7-6a21fc4e141c"
        ],
        "X-Content-Type-Options": [
          "nosniff"
        ],
        "Content-Length": [
          "737"
        ],
        "Content-Type": [
          "application/json; charset=utf-8"
        ],
        "Expires": [
          "-1"
        ]
      },
      "ResponseBody": "{\r\n  \"id\": \"/subscriptions/bab08e11-7b12-4354-9fd1-4b5d64d40b68/resourceGroups/Api-Default-CentralUS/providers/Microsoft.ApiManagement/service/sdktestservice20190101/apis/echo-api/diagnostics/applicationinsights\",\r\n  \"type\": \"Microsoft.ApiManagement/service/apis/diagnostics\",\r\n  \"name\": \"applicationinsights\",\r\n  \"properties\": {\r\n    \"alwaysLog\": null,\r\n    \"enableHttpCorrelationHeaders\": true,\r\n    \"httpCorrelationProtocol\": \"Legacy\",\r\n    \"logClientIp\": true,\r\n    \"loggerId\": \"/subscriptions/bab08e11-7b12-4354-9fd1-4b5d64d40b68/resourceGroups/Api-Default-CentralUS/providers/Microsoft.ApiManagement/service/sdktestservice20190101/loggers/appInsights2592\",\r\n    \"sampling\": null,\r\n    \"frontend\": null,\r\n    \"backend\": null\r\n  }\r\n}",
      "StatusCode": 201
    },
    {
      "RequestUri": "/subscriptions/bab08e11-7b12-4354-9fd1-4b5d64d40b68/resourceGroups/Api-Default-CentralUS/providers/Microsoft.ApiManagement/service/sdktestservice20190101/apis/echo-api/diagnostics/applicationinsights?api-version=2019-01-01",
      "EncodedRequestUri": "L3N1YnNjcmlwdGlvbnMvYmFiMDhlMTEtN2IxMi00MzU0LTlmZDEtNGI1ZDY0ZDQwYjY4L3Jlc291cmNlR3JvdXBzL0FwaS1EZWZhdWx0LUNlbnRyYWxVUy9wcm92aWRlcnMvTWljcm9zb2Z0LkFwaU1hbmFnZW1lbnQvc2VydmljZS9zZGt0ZXN0c2VydmljZTIwMTkwMTAxL2FwaXMvZWNoby1hcGkvZGlhZ25vc3RpY3MvYXBwbGljYXRpb25pbnNpZ2h0cz9hcGktdmVyc2lvbj0yMDE5LTAxLTAx",
      "RequestMethod": "PUT",
      "RequestBody": "{\r\n  \"properties\": {\r\n    \"alwaysLog\": \"allErrors\",\r\n    \"loggerId\": \"/subscriptions/bab08e11-7b12-4354-9fd1-4b5d64d40b68/resourceGroups/Api-Default-CentralUS/providers/Microsoft.ApiManagement/service/sdktestservice20190101/loggers/appInsights2592\",\r\n    \"sampling\": {\r\n      \"samplingType\": \"fixed\",\r\n      \"percentage\": 50.0\r\n    },\r\n    \"frontend\": {\r\n      \"request\": {\r\n        \"headers\": [\r\n          \"Content-type\"\r\n        ],\r\n        \"body\": {\r\n          \"bytes\": 512\r\n        }\r\n      },\r\n      \"response\": {\r\n        \"headers\": [\r\n          \"Content-type\"\r\n        ],\r\n        \"body\": {\r\n          \"bytes\": 512\r\n        }\r\n      }\r\n    },\r\n    \"backend\": {\r\n      \"request\": {\r\n        \"headers\": [\r\n          \"Content-type\"\r\n        ],\r\n        \"body\": {\r\n          \"bytes\": 512\r\n        }\r\n      },\r\n      \"response\": {\r\n        \"headers\": [\r\n          \"Content-type\"\r\n        ],\r\n        \"body\": {\r\n          \"bytes\": 512\r\n        }\r\n      }\r\n    },\r\n    \"enableHttpCorrelationHeaders\": true\r\n  }\r\n}",
      "RequestHeaders": {
        "x-ms-client-request-id": [
          "001e3bc9-1e63-4a62-b825-6460a989b1b3"
        ],
        "If-Match": [
          "\"AAAAAAAACTQ=\""
        ],
        "accept-language": [
          "en-US"
        ],
        "User-Agent": [
          "FxVersion/4.6.26614.01",
          "OSName/Windows",
          "OSVersion/Microsoft.Windows.10.0.18363.",
          "Microsoft.Azure.Management.ApiManagement.ApiManagementClient/4.11.0.0"
        ],
        "Content-Type": [
          "application/json; charset=utf-8"
        ],
        "Content-Length": [
          "1013"
        ]
      },
      "ResponseHeaders": {
        "Cache-Control": [
          "no-cache"
        ],
        "Date": [
          "Fri, 07 Feb 2020 00:52:48 GMT"
        ],
        "Pragma": [
          "no-cache"
        ],
        "ETag": [
          "\"AAAAAAAACTc=\""
        ],
        "Server": [
          "Microsoft-HTTPAPI/2.0"
        ],
        "Strict-Transport-Security": [
          "max-age=31536000; includeSubDomains"
        ],
        "x-ms-request-id": [
          "7fed6da6-8767-4f82-ad09-11d8b0f980e7"
        ],
        "x-ms-ratelimit-remaining-subscription-writes": [
          "1196"
        ],
        "x-ms-correlation-request-id": [
          "7e3684cd-5024-407d-8405-9f2c3398b2f0"
        ],
        "x-ms-routing-request-id": [
          "WESTUS:20200207T005249Z:7e3684cd-5024-407d-8405-9f2c3398b2f0"
        ],
        "X-Content-Type-Options": [
          "nosniff"
        ],
        "Content-Length": [
          "1390"
        ],
        "Content-Type": [
          "application/json; charset=utf-8"
        ],
        "Expires": [
          "-1"
        ]
      },
      "ResponseBody": "{\r\n  \"id\": \"/subscriptions/bab08e11-7b12-4354-9fd1-4b5d64d40b68/resourceGroups/Api-Default-CentralUS/providers/Microsoft.ApiManagement/service/sdktestservice20190101/apis/echo-api/diagnostics/applicationinsights\",\r\n  \"type\": \"Microsoft.ApiManagement/service/apis/diagnostics\",\r\n  \"name\": \"applicationinsights\",\r\n  \"properties\": {\r\n    \"alwaysLog\": \"allErrors\",\r\n    \"enableHttpCorrelationHeaders\": true,\r\n    \"httpCorrelationProtocol\": \"Legacy\",\r\n    \"logClientIp\": true,\r\n    \"loggerId\": \"/subscriptions/bab08e11-7b12-4354-9fd1-4b5d64d40b68/resourceGroups/Api-Default-CentralUS/providers/Microsoft.ApiManagement/service/sdktestservice20190101/loggers/appInsights2592\",\r\n    \"sampling\": {\r\n      \"samplingType\": \"fixed\",\r\n      \"percentage\": 50.0\r\n    },\r\n    \"frontend\": {\r\n      \"request\": {\r\n        \"headers\": [\r\n          \"Content-type\"\r\n        ],\r\n        \"body\": {\r\n          \"bytes\": 512\r\n        }\r\n      },\r\n      \"response\": {\r\n        \"headers\": [\r\n          \"Content-type\"\r\n        ],\r\n        \"body\": {\r\n          \"bytes\": 512\r\n        }\r\n      }\r\n    },\r\n    \"backend\": {\r\n      \"request\": {\r\n        \"headers\": [\r\n          \"Content-type\"\r\n        ],\r\n        \"body\": {\r\n          \"bytes\": 512\r\n        }\r\n      },\r\n      \"response\": {\r\n        \"headers\": [\r\n          \"Content-type\"\r\n        ],\r\n        \"body\": {\r\n          \"bytes\": 512\r\n        }\r\n      }\r\n    }\r\n  }\r\n}",
      "StatusCode": 200
    },
    {
      "RequestUri": "/subscriptions/bab08e11-7b12-4354-9fd1-4b5d64d40b68/resourceGroups/Api-Default-CentralUS/providers/Microsoft.ApiManagement/service/sdktestservice20190101/apis/echo-api/diagnostics/applicationinsights?api-version=2019-01-01",
      "EncodedRequestUri": "L3N1YnNjcmlwdGlvbnMvYmFiMDhlMTEtN2IxMi00MzU0LTlmZDEtNGI1ZDY0ZDQwYjY4L3Jlc291cmNlR3JvdXBzL0FwaS1EZWZhdWx0LUNlbnRyYWxVUy9wcm92aWRlcnMvTWljcm9zb2Z0LkFwaU1hbmFnZW1lbnQvc2VydmljZS9zZGt0ZXN0c2VydmljZTIwMTkwMTAxL2FwaXMvZWNoby1hcGkvZGlhZ25vc3RpY3MvYXBwbGljYXRpb25pbnNpZ2h0cz9hcGktdmVyc2lvbj0yMDE5LTAxLTAx",
      "RequestMethod": "HEAD",
      "RequestBody": "",
      "RequestHeaders": {
        "x-ms-client-request-id": [
          "ac90dddf-a68b-4083-9cb7-f92e5e433949"
        ],
        "accept-language": [
          "en-US"
        ],
        "User-Agent": [
          "FxVersion/4.6.26614.01",
          "OSName/Windows",
          "OSVersion/Microsoft.Windows.10.0.18363.",
          "Microsoft.Azure.Management.ApiManagement.ApiManagementClient/4.11.0.0"
        ]
      },
      "ResponseHeaders": {
        "Cache-Control": [
          "no-cache"
        ],
        "Date": [
          "Fri, 07 Feb 2020 00:52:47 GMT"
        ],
        "Pragma": [
          "no-cache"
        ],
        "ETag": [
          "\"AAAAAAAACTQ=\""
        ],
        "Server": [
          "Microsoft-HTTPAPI/2.0"
        ],
        "Strict-Transport-Security": [
          "max-age=31536000; includeSubDomains"
        ],
        "x-ms-request-id": [
          "3eb06a9c-fd2e-4398-880f-ad81cc486f9e"
        ],
        "x-ms-ratelimit-remaining-subscription-reads": [
          "11996"
        ],
        "x-ms-correlation-request-id": [
          "667989f8-b866-42bf-8417-1929353762f1"
        ],
        "x-ms-routing-request-id": [
          "WESTUS:20200207T005248Z:667989f8-b866-42bf-8417-1929353762f1"
        ],
        "X-Content-Type-Options": [
          "nosniff"
        ],
        "Content-Length": [
          "0"
        ],
        "Expires": [
          "-1"
        ]
      },
      "ResponseBody": "",
      "StatusCode": 200
    },
    {
      "RequestUri": "/subscriptions/bab08e11-7b12-4354-9fd1-4b5d64d40b68/resourceGroups/Api-Default-CentralUS/providers/Microsoft.ApiManagement/service/sdktestservice20190101/apis/echo-api/diagnostics/applicationinsights?api-version=2019-01-01",
      "EncodedRequestUri": "L3N1YnNjcmlwdGlvbnMvYmFiMDhlMTEtN2IxMi00MzU0LTlmZDEtNGI1ZDY0ZDQwYjY4L3Jlc291cmNlR3JvdXBzL0FwaS1EZWZhdWx0LUNlbnRyYWxVUy9wcm92aWRlcnMvTWljcm9zb2Z0LkFwaU1hbmFnZW1lbnQvc2VydmljZS9zZGt0ZXN0c2VydmljZTIwMTkwMTAxL2FwaXMvZWNoby1hcGkvZGlhZ25vc3RpY3MvYXBwbGljYXRpb25pbnNpZ2h0cz9hcGktdmVyc2lvbj0yMDE5LTAxLTAx",
      "RequestMethod": "HEAD",
      "RequestBody": "",
      "RequestHeaders": {
        "x-ms-client-request-id": [
          "fb1cb150-06f8-4623-8a03-32d746bb073b"
        ],
        "accept-language": [
          "en-US"
        ],
        "User-Agent": [
          "FxVersion/4.6.26614.01",
          "OSName/Windows",
          "OSVersion/Microsoft.Windows.10.0.18363.",
          "Microsoft.Azure.Management.ApiManagement.ApiManagementClient/4.11.0.0"
        ]
      },
      "ResponseHeaders": {
        "Cache-Control": [
          "no-cache"
        ],
        "Date": [
          "Fri, 07 Feb 2020 00:52:49 GMT"
        ],
        "Pragma": [
          "no-cache"
        ],
        "Server": [
          "Microsoft-HTTPAPI/2.0"
        ],
        "Strict-Transport-Security": [
          "max-age=31536000; includeSubDomains"
        ],
        "x-ms-request-id": [
          "fa5b3107-4fd2-40e2-b989-a6b42b274913"
        ],
        "x-ms-ratelimit-remaining-subscription-reads": [
          "11995"
        ],
        "x-ms-correlation-request-id": [
          "49880b36-38c2-4e04-a277-20f7244e5fd7"
        ],
        "x-ms-routing-request-id": [
          "WESTUS:20200207T005250Z:49880b36-38c2-4e04-a277-20f7244e5fd7"
        ],
        "X-Content-Type-Options": [
          "nosniff"
        ],
        "Content-Length": [
          "0"
        ],
        "Expires": [
          "-1"
        ]
      },
      "ResponseBody": "",
      "StatusCode": 404
    },
    {
      "RequestUri": "/subscriptions/bab08e11-7b12-4354-9fd1-4b5d64d40b68/resourceGroups/Api-Default-CentralUS/providers/Microsoft.ApiManagement/service/sdktestservice20190101/apis/echo-api/diagnostics/applicationinsights?api-version=2019-01-01",
      "EncodedRequestUri": "L3N1YnNjcmlwdGlvbnMvYmFiMDhlMTEtN2IxMi00MzU0LTlmZDEtNGI1ZDY0ZDQwYjY4L3Jlc291cmNlR3JvdXBzL0FwaS1EZWZhdWx0LUNlbnRyYWxVUy9wcm92aWRlcnMvTWljcm9zb2Z0LkFwaU1hbmFnZW1lbnQvc2VydmljZS9zZGt0ZXN0c2VydmljZTIwMTkwMTAxL2FwaXMvZWNoby1hcGkvZGlhZ25vc3RpY3MvYXBwbGljYXRpb25pbnNpZ2h0cz9hcGktdmVyc2lvbj0yMDE5LTAxLTAx",
      "RequestMethod": "DELETE",
      "RequestBody": "",
      "RequestHeaders": {
        "x-ms-client-request-id": [
          "83d0066f-6016-4228-bf65-7538816f8f49"
        ],
        "If-Match": [
          "\"AAAAAAAACTc=\""
        ],
        "accept-language": [
          "en-US"
        ],
        "User-Agent": [
          "FxVersion/4.6.26614.01",
          "OSName/Windows",
          "OSVersion/Microsoft.Windows.10.0.18363.",
          "Microsoft.Azure.Management.ApiManagement.ApiManagementClient/4.11.0.0"
        ]
      },
      "ResponseHeaders": {
        "Cache-Control": [
          "no-cache"
        ],
        "Date": [
          "Fri, 07 Feb 2020 00:52:49 GMT"
        ],
        "Pragma": [
          "no-cache"
        ],
        "Server": [
          "Microsoft-HTTPAPI/2.0"
        ],
        "Strict-Transport-Security": [
          "max-age=31536000; includeSubDomains"
        ],
        "x-ms-request-id": [
          "5a2c2c39-10cf-4758-aa6b-9bf5e67f74ec"
        ],
        "x-ms-ratelimit-remaining-subscription-deletes": [
          "14999"
        ],
        "x-ms-correlation-request-id": [
          "cba40596-1588-4d7f-b5aa-c856fe95312a"
        ],
        "x-ms-routing-request-id": [
          "WESTUS:20200207T005250Z:cba40596-1588-4d7f-b5aa-c856fe95312a"
        ],
        "X-Content-Type-Options": [
          "nosniff"
        ],
        "Content-Length": [
          "0"
        ],
        "Expires": [
          "-1"
        ]
      },
      "ResponseBody": "",
      "StatusCode": 200
    },
    {
      "RequestUri": "/subscriptions/bab08e11-7b12-4354-9fd1-4b5d64d40b68/resourceGroups/Api-Default-CentralUS/providers/Microsoft.ApiManagement/service/sdktestservice20190101/apis/echo-api/diagnostics/applicationinsights?api-version=2019-01-01",
      "EncodedRequestUri": "L3N1YnNjcmlwdGlvbnMvYmFiMDhlMTEtN2IxMi00MzU0LTlmZDEtNGI1ZDY0ZDQwYjY4L3Jlc291cmNlR3JvdXBzL0FwaS1EZWZhdWx0LUNlbnRyYWxVUy9wcm92aWRlcnMvTWljcm9zb2Z0LkFwaU1hbmFnZW1lbnQvc2VydmljZS9zZGt0ZXN0c2VydmljZTIwMTkwMTAxL2FwaXMvZWNoby1hcGkvZGlhZ25vc3RpY3MvYXBwbGljYXRpb25pbnNpZ2h0cz9hcGktdmVyc2lvbj0yMDE5LTAxLTAx",
      "RequestMethod": "DELETE",
      "RequestBody": "",
      "RequestHeaders": {
        "x-ms-client-request-id": [
          "4b9256a6-6211-42f5-a270-a38e2cd17bba"
        ],
        "If-Match": [
          "*"
        ],
        "accept-language": [
          "en-US"
        ],
        "User-Agent": [
          "FxVersion/4.6.26614.01",
          "OSName/Windows",
          "OSVersion/Microsoft.Windows.10.0.18363.",
          "Microsoft.Azure.Management.ApiManagement.ApiManagementClient/4.11.0.0"
        ]
      },
      "ResponseHeaders": {
        "Cache-Control": [
          "no-cache"
        ],
        "Date": [
          "Fri, 07 Feb 2020 00:52:50 GMT"
        ],
        "Pragma": [
          "no-cache"
        ],
        "Server": [
          "Microsoft-HTTPAPI/2.0"
        ],
        "Strict-Transport-Security": [
          "max-age=31536000; includeSubDomains"
        ],
        "x-ms-request-id": [
          "77925e5a-b552-484b-9ef9-2018860f684a"
        ],
        "x-ms-ratelimit-remaining-subscription-deletes": [
          "14997"
        ],
        "x-ms-correlation-request-id": [
          "17bfc564-f5cc-435a-b99a-9eb70dbfc68d"
        ],
        "x-ms-routing-request-id": [
          "WESTUS:20200207T005251Z:17bfc564-f5cc-435a-b99a-9eb70dbfc68d"
        ],
        "X-Content-Type-Options": [
          "nosniff"
        ],
        "Expires": [
          "-1"
        ]
      },
      "ResponseBody": "",
      "StatusCode": 204
    },
    {
      "RequestUri": "/subscriptions/bab08e11-7b12-4354-9fd1-4b5d64d40b68/resourceGroups/Api-Default-CentralUS/providers/Microsoft.ApiManagement/service/sdktestservice20190101/loggers/appInsights2592?api-version=2019-01-01",
      "EncodedRequestUri": "L3N1YnNjcmlwdGlvbnMvYmFiMDhlMTEtN2IxMi00MzU0LTlmZDEtNGI1ZDY0ZDQwYjY4L3Jlc291cmNlR3JvdXBzL0FwaS1EZWZhdWx0LUNlbnRyYWxVUy9wcm92aWRlcnMvTWljcm9zb2Z0LkFwaU1hbmFnZW1lbnQvc2VydmljZS9zZGt0ZXN0c2VydmljZTIwMTkwMTAxL2xvZ2dlcnMvYXBwSW5zaWdodHMyNTkyP2FwaS12ZXJzaW9uPTIwMTktMDEtMDE=",
      "RequestMethod": "HEAD",
      "RequestBody": "",
      "RequestHeaders": {
        "x-ms-client-request-id": [
          "c5271f98-3e53-4600-a907-1bb07511a8d4"
        ],
        "accept-language": [
          "en-US"
        ],
        "User-Agent": [
          "FxVersion/4.6.26614.01",
          "OSName/Windows",
          "OSVersion/Microsoft.Windows.10.0.18363.",
          "Microsoft.Azure.Management.ApiManagement.ApiManagementClient/4.11.0.0"
        ]
      },
      "ResponseHeaders": {
        "Cache-Control": [
          "no-cache"
        ],
        "Date": [
          "Fri, 07 Feb 2020 00:52:49 GMT"
        ],
        "Pragma": [
          "no-cache"
        ],
        "ETag": [
          "\"AAAAAAAACTI=\""
        ],
        "Server": [
          "Microsoft-HTTPAPI/2.0"
        ],
        "Strict-Transport-Security": [
          "max-age=31536000; includeSubDomains"
        ],
        "x-ms-request-id": [
          "348a3ebd-c5f2-4997-8116-40f697b7f5f2"
        ],
        "x-ms-ratelimit-remaining-subscription-reads": [
          "11994"
        ],
        "x-ms-correlation-request-id": [
          "98fcbbfe-561a-4b81-90b1-1b53e126decd"
        ],
        "x-ms-routing-request-id": [
          "WESTUS:20200207T005250Z:98fcbbfe-561a-4b81-90b1-1b53e126decd"
        ],
        "X-Content-Type-Options": [
          "nosniff"
        ],
        "Content-Length": [
          "0"
        ],
        "Expires": [
          "-1"
        ]
      },
      "ResponseBody": "",
      "StatusCode": 200
    },
    {
      "RequestUri": "/subscriptions/bab08e11-7b12-4354-9fd1-4b5d64d40b68/resourceGroups/Api-Default-CentralUS/providers/Microsoft.ApiManagement/service/sdktestservice20190101/loggers/appInsights2592?api-version=2019-01-01",
      "EncodedRequestUri": "L3N1YnNjcmlwdGlvbnMvYmFiMDhlMTEtN2IxMi00MzU0LTlmZDEtNGI1ZDY0ZDQwYjY4L3Jlc291cmNlR3JvdXBzL0FwaS1EZWZhdWx0LUNlbnRyYWxVUy9wcm92aWRlcnMvTWljcm9zb2Z0LkFwaU1hbmFnZW1lbnQvc2VydmljZS9zZGt0ZXN0c2VydmljZTIwMTkwMTAxL2xvZ2dlcnMvYXBwSW5zaWdodHMyNTkyP2FwaS12ZXJzaW9uPTIwMTktMDEtMDE=",
      "RequestMethod": "HEAD",
      "RequestBody": "",
      "RequestHeaders": {
        "x-ms-client-request-id": [
          "bbbb0e4f-eb69-4f92-8049-56225e29d8dc"
        ],
        "accept-language": [
          "en-US"
        ],
        "User-Agent": [
          "FxVersion/4.6.26614.01",
          "OSName/Windows",
          "OSVersion/Microsoft.Windows.10.0.18363.",
          "Microsoft.Azure.Management.ApiManagement.ApiManagementClient/4.11.0.0"
        ]
      },
      "ResponseHeaders": {
        "Cache-Control": [
          "no-cache"
        ],
        "Date": [
          "Fri, 07 Feb 2020 00:52:50 GMT"
        ],
        "Pragma": [
          "no-cache"
        ],
        "Server": [
          "Microsoft-HTTPAPI/2.0"
        ],
        "Strict-Transport-Security": [
          "max-age=31536000; includeSubDomains"
        ],
        "x-ms-request-id": [
          "89ea1a11-5ef0-4b41-80ca-a67c944cb5b2"
        ],
        "x-ms-ratelimit-remaining-subscription-reads": [
          "11993"
        ],
        "x-ms-correlation-request-id": [
          "7e9bfe00-13b0-48b0-ac7a-46106fbddc87"
        ],
        "x-ms-routing-request-id": [
          "WESTUS:20200207T005251Z:7e9bfe00-13b0-48b0-ac7a-46106fbddc87"
        ],
        "X-Content-Type-Options": [
          "nosniff"
        ],
        "Content-Length": [
          "0"
        ],
        "Expires": [
          "-1"
        ]
      },
      "ResponseBody": "",
      "StatusCode": 404
    },
    {
      "RequestUri": "/subscriptions/bab08e11-7b12-4354-9fd1-4b5d64d40b68/resourceGroups/Api-Default-CentralUS/providers/Microsoft.ApiManagement/service/sdktestservice20190101/loggers/appInsights2592?api-version=2019-01-01",
      "EncodedRequestUri": "L3N1YnNjcmlwdGlvbnMvYmFiMDhlMTEtN2IxMi00MzU0LTlmZDEtNGI1ZDY0ZDQwYjY4L3Jlc291cmNlR3JvdXBzL0FwaS1EZWZhdWx0LUNlbnRyYWxVUy9wcm92aWRlcnMvTWljcm9zb2Z0LkFwaU1hbmFnZW1lbnQvc2VydmljZS9zZGt0ZXN0c2VydmljZTIwMTkwMTAxL2xvZ2dlcnMvYXBwSW5zaWdodHMyNTkyP2FwaS12ZXJzaW9uPTIwMTktMDEtMDE=",
      "RequestMethod": "DELETE",
      "RequestBody": "",
      "RequestHeaders": {
        "x-ms-client-request-id": [
          "eca14802-bd2e-4197-bac4-c36700c385e2"
        ],
        "If-Match": [
          "\"AAAAAAAACTI=\""
        ],
        "accept-language": [
          "en-US"
        ],
        "User-Agent": [
          "FxVersion/4.6.26614.01",
          "OSName/Windows",
          "OSVersion/Microsoft.Windows.10.0.18363.",
          "Microsoft.Azure.Management.ApiManagement.ApiManagementClient/4.11.0.0"
        ]
      },
      "ResponseHeaders": {
        "Cache-Control": [
          "no-cache"
        ],
        "Date": [
          "Fri, 07 Feb 2020 00:52:50 GMT"
        ],
        "Pragma": [
          "no-cache"
        ],
        "Server": [
          "Microsoft-HTTPAPI/2.0"
        ],
        "Strict-Transport-Security": [
          "max-age=31536000; includeSubDomains"
        ],
        "x-ms-request-id": [
          "e9a81290-08b2-4e25-9eb4-7a47a3d0b891"
        ],
        "x-ms-ratelimit-remaining-subscription-deletes": [
          "14998"
        ],
        "x-ms-correlation-request-id": [
          "9c20dc49-524c-4fa0-a24f-2feba3d369fe"
        ],
        "x-ms-routing-request-id": [
          "WESTUS:20200207T005251Z:9c20dc49-524c-4fa0-a24f-2feba3d369fe"
        ],
        "X-Content-Type-Options": [
          "nosniff"
        ],
        "Content-Length": [
          "0"
        ],
        "Expires": [
          "-1"
        ]
      },
      "ResponseBody": "",
      "StatusCode": 200
    },
    {
      "RequestUri": "/subscriptions/bab08e11-7b12-4354-9fd1-4b5d64d40b68/resourceGroups/Api-Default-CentralUS/providers/Microsoft.ApiManagement/service/sdktestservice20190101/loggers/appInsights2592?api-version=2019-01-01",
      "EncodedRequestUri": "L3N1YnNjcmlwdGlvbnMvYmFiMDhlMTEtN2IxMi00MzU0LTlmZDEtNGI1ZDY0ZDQwYjY4L3Jlc291cmNlR3JvdXBzL0FwaS1EZWZhdWx0LUNlbnRyYWxVUy9wcm92aWRlcnMvTWljcm9zb2Z0LkFwaU1hbmFnZW1lbnQvc2VydmljZS9zZGt0ZXN0c2VydmljZTIwMTkwMTAxL2xvZ2dlcnMvYXBwSW5zaWdodHMyNTkyP2FwaS12ZXJzaW9uPTIwMTktMDEtMDE=",
      "RequestMethod": "DELETE",
      "RequestBody": "",
      "RequestHeaders": {
        "x-ms-client-request-id": [
          "93f9f292-b9a0-4249-9665-144550c1d1ae"
        ],
        "If-Match": [
          "*"
        ],
        "accept-language": [
          "en-US"
        ],
        "User-Agent": [
          "FxVersion/4.6.26614.01",
          "OSName/Windows",
          "OSVersion/Microsoft.Windows.10.0.18363.",
          "Microsoft.Azure.Management.ApiManagement.ApiManagementClient/4.11.0.0"
        ]
      },
      "ResponseHeaders": {
        "Cache-Control": [
          "no-cache"
        ],
        "Date": [
          "Fri, 07 Feb 2020 00:52:50 GMT"
        ],
        "Pragma": [
          "no-cache"
        ],
        "Server": [
          "Microsoft-HTTPAPI/2.0"
        ],
        "Strict-Transport-Security": [
          "max-age=31536000; includeSubDomains"
        ],
        "x-ms-request-id": [
          "5c72dd16-e828-4ec4-8636-8e88cf8077f3"
        ],
        "x-ms-ratelimit-remaining-subscription-deletes": [
          "14996"
        ],
        "x-ms-correlation-request-id": [
          "e4f19f70-b0d3-49dd-83ae-32233a9d2099"
        ],
        "x-ms-routing-request-id": [
          "WESTUS:20200207T005251Z:e4f19f70-b0d3-49dd-83ae-32233a9d2099"
        ],
        "X-Content-Type-Options": [
          "nosniff"
        ],
        "Expires": [
          "-1"
        ]
      },
      "ResponseBody": "",
      "StatusCode": 204
    }
  ],
  "Names": {
    "CreateListUpdateDelete": [
      "appInsights2592"
    ],
    "appInsights": [
      "344ff8ea-0832-4121-a40c-0066057336dc"
    ]
  },
  "Variables": {
    "SubscriptionId": "bab08e11-7b12-4354-9fd1-4b5d64d40b68",
    "TestCertificate": "MIIHEwIBAzCCBs8GCSqGSIb3DQEHAaCCBsAEgga8MIIGuDCCA9EGCSqGSIb3DQEHAaCCA8IEggO+MIIDujCCA7YGCyqGSIb3DQEMCgECoIICtjCCArIwHAYKKoZIhvcNAQwBAzAOBAidzys9WFRXCgICB9AEggKQRcdJYUKe+Yaf12UyefArSDv4PBBGqR0mh2wdLtPW3TCs6RIGjP4Nr3/KA4o8V8MF3EVQ8LWd/zJRdo7YP2Rkt/TPdxFMDH9zVBvt2/4fuVvslqV8tpphzdzfHAMQvO34ULdB6lJVtpRUx3WNUSbC3h5D1t5noLb0u0GFXzTUAsIw5CYnFCEyCTatuZdAx2V/7xfc0yF2kw/XfPQh0YVRy7dAT/rMHyaGfz1MN2iNIS048A1ExKgEAjBdXBxZLbjIL6rPxB9pHgH5AofJ50k1dShfSSzSzza/xUon+RlvD+oGi5yUPu6oMEfNB21CLiTJnIEoeZ0Te1EDi5D9SrOjXGmcZjCjcmtITnEXDAkI0IhY1zSjABIKyt1rY8qyh8mGT/RhibxxlSeSOIPsxTmXvcnFP3J+oRoHyWzrp6DDw2ZjRGBenUdExg1tjMqThaE7luNB6Yko8NIObwz3s7tpj6u8n11kB5RzV8zJUZkrHnYzrRFIQF8ZFjI9grDFPlccuYFPYUzSsEQU3l4mAoc0cAkaxCtZg9oi2bcVNTLQuj9XbPK2FwPXaF+owBEgJ0TnZ7kvUFAvN1dECVpBPO5ZVT/yaxJj3n380QTcXoHsav//Op3Kg+cmmVoAPOuBOnC6vKrcKsgDgf+gdASvQ+oBjDhTGOVk22jCDQpyNC/gCAiZfRdlpV98Abgi93VYFZpi9UlcGxxzgfNzbNGc06jWkw8g6RJvQWNpCyJasGzHKQOSCBVhfEUidfB2KEkMy0yCWkhbL78GadPIZG++FfM4X5Ov6wUmtzypr60/yJLduqZDhqTskGQlaDEOLbUtjdlhprYhHagYQ2tPD+zmLN7sOaYA6Y+ZZDg7BYq5KuOQZ2QxgewwDQYJKwYBBAGCNxECMQAwEwYJKoZIhvcNAQkVMQYEBAEAAAAwWwYJKoZIhvcNAQkUMU4eTAB7ADYANwBCADcAQQA1AEMAOQAtAEMAQQAzADIALQA0ADAAQwA0AC0AQQAxADUAMwAtAEEAQgAyADIANwA5ADUARQBGADcAOABBAH0waQYJKwYBBAGCNxEBMVweWgBNAGkAYwByAG8AcwBvAGYAdAAgAFIAUwBBACAAUwBDAGgAYQBuAG4AZQBsACAAQwByAHkAcAB0AG8AZwByAGEAcABoAGkAYwAgAFAAcgBvAHYAaQBkAGUAcjCCAt8GCSqGSIb3DQEHBqCCAtAwggLMAgEAMIICxQYJKoZIhvcNAQcBMBwGCiqGSIb3DQEMAQMwDgQIGa3JOIHoBmsCAgfQgIICmF5H0WCdmEFOmpqKhkX6ipBiTk0Rb+vmnDU6nl2L09t4WBjpT1gIddDHMpzObv3ktWts/wA6652h2wNKrgXEFU12zqhaGZWkTFLBrdplMnx/hr804NxiQa4A+BBIsLccczN21776JjU7PBCIvvmuudsKi8V+PmF2K6Lf/WakcZEq4Iq6gmNxTvjSiXMWZe7Wj4+Izt2aoooDYwfQs4KBlI03HzMSU3omA0rXLtARDXwHAJXW2uFwqihlPdC4gwDd/YFwUvnKn92UmyAvENKUV/uKyH3AF1ZqlUgBzYNXyd8YX9H8rtfho2f6qaJZQC93YU3fs9L1xmWIH5saow8r3K85dGCJsisddNsgwtH/o4imOSs8WJw1EjjdpYhyCjs9gE/7ovZzcvrdXBZditLFN8nRIX5HFGz93PksHAQwZbVnbCwVgTGf0Sy5WstPb340ODE5CrakMPUIiVPQgkujpIkW7r4cIwwyyGKza9ZVEXcnoSWZiFSB7yaEf0SYZEoECZwN52wiMxeosJjaAPpWXFe8x5mHbDZ7/DE+pv+Qlyo7rQIzu4SZ9GCvs33dMC/7+RPy6u32ca87kKBQHR1JeCHeBdklMw+pSFRdHxIxq1l5ktycan943OluTdqND5Vf2RwXdSFv2P53334XNKG82wsfm68w7+EgEClDFLz7FymmIfoFO2z0H0adQvkq/7GcIFBSr1K0KEfT2l6csrMc3NSwzDOFiYJDDf++OYUN4nVKlkVE5j+c9Zo8ZkAlz8I4m756wL7e++xXWgwovlsxkBE5TdwWDZDOE8id6yJf54/o4JwS5SEnnNlvt3gRNdo6yCSUrTHfIr9YhvAdJUXbdSrNm5GZu+2fhgg/UJ7EY8pf5BczhNSDkcAwOzAfMAcGBSsOAwIaBBRzf6NV4Bxf3KRT41VV4sQZ348BtgQU7+VeN+vrmbRv0zCvk7r1ORhJ7YkCAgfQ",
    "TestCertificatePassword": "Password",
    "SubId": "bab08e11-7b12-4354-9fd1-4b5d64d40b68",
    "ServiceName": "sdktestservice20190101",
    "Location": "CentralUS",
    "ResourceGroup": "Api-Default-CentralUS"
  }
}