{
  "Entries": [
    {
      "RequestUri": "/subscriptions/45076d1d-a3e0-418b-8187-e1422a8cf5f4/resourcegroups/csmrg7246?api-version=2021-04-01",
      "EncodedRequestUri": "L3N1YnNjcmlwdGlvbnMvNDUwNzZkMWQtYTNlMC00MThiLTgxODctZTE0MjJhOGNmNWY0L3Jlc291cmNlZ3JvdXBzL2NzbXJnNzI0Nj9hcGktdmVyc2lvbj0yMDIxLTA0LTAx",
      "RequestMethod": "PUT",
      "RequestBody": "{\r\n  \"location\": \"West Europe\"\r\n}",
      "RequestHeaders": {
        "x-ms-client-request-id": [
          "c8f35e2c-95c9-4054-8b39-88c31efe36a5"
        ],
        "Accept-Language": [
          "en-US"
        ],
        "User-Agent": [
          "FxVersion/4.6.29916.01",
          "OSName/Windows",
          "OSVersion/Microsoft.Windows.10.0.19043.",
          "Microsoft.Azure.Management.ResourceManager.ResourceManagementClient/3.13.1.0"
        ],
        "Content-Type": [
          "application/json; charset=utf-8"
        ],
        "Content-Length": [
          "33"
        ]
      },
      "ResponseHeaders": {
        "Cache-Control": [
          "no-cache"
        ],
        "Pragma": [
          "no-cache"
        ],
        "x-ms-ratelimit-remaining-subscription-writes": [
          "1199"
        ],
        "x-ms-request-id": [
          "c61feb8a-8d24-45f8-8934-54e265c9c473"
        ],
        "x-ms-correlation-request-id": [
          "c61feb8a-8d24-45f8-8934-54e265c9c473"
        ],
        "x-ms-routing-request-id": [
          "WESTUS:20210511T002514Z:c61feb8a-8d24-45f8-8934-54e265c9c473"
        ],
        "Strict-Transport-Security": [
          "max-age=31536000; includeSubDomains"
        ],
        "X-Content-Type-Options": [
          "nosniff"
        ],
        "Date": [
          "Tue, 11 May 2021 00:25:14 GMT"
        ],
        "Content-Length": [
          "219"
        ],
        "Content-Type": [
          "application/json; charset=utf-8"
        ],
        "Expires": [
          "-1"
        ]
      },
      "ResponseBody": "{\r\n  \"id\": \"/subscriptions/45076d1d-a3e0-418b-8187-e1422a8cf5f4/resourceGroups/csmrg7246\",\r\n  \"name\": \"csmrg7246\",\r\n  \"type\": \"Microsoft.Resources/resourceGroups\",\r\n  \"location\": \"westeurope\",\r\n  \"properties\": {\r\n    \"provisioningState\": \"Succeeded\"\r\n  }\r\n}",
      "StatusCode": 201
    },
    {
      "RequestUri": "/subscriptions/45076d1d-a3e0-418b-8187-e1422a8cf5f4/resourcegroups/csmrg7246/providers/Microsoft.Resources/deployments/csmd2801?api-version=2021-04-01",
      "EncodedRequestUri": "L3N1YnNjcmlwdGlvbnMvNDUwNzZkMWQtYTNlMC00MThiLTgxODctZTE0MjJhOGNmNWY0L3Jlc291cmNlZ3JvdXBzL2NzbXJnNzI0Ni9wcm92aWRlcnMvTWljcm9zb2Z0LlJlc291cmNlcy9kZXBsb3ltZW50cy9jc21kMjgwMT9hcGktdmVyc2lvbj0yMDIxLTA0LTAx",
      "RequestMethod": "PUT",
      "RequestBody": "{\r\n  \"properties\": {\r\n    \"templateLink\": {\r\n      \"id\": \"/subscriptions/45076d1d-a3e0-418b-8187-e1422a8cf5f4/resourceGroups/net-sdk-scenario-test-rg/providers/Microsoft.Resources/TemplateSpecs/storage-account-spec/versions/v1\"\r\n    },\r\n    \"mode\": \"Incremental\"\r\n  },\r\n  \"tags\": {\r\n    \"tagKey1\": \"tagValue1\"\r\n  }\r\n}",
      "RequestHeaders": {
        "x-ms-client-request-id": [
          "00fe4c67-474d-4a7a-9380-282c832d5f2b"
        ],
        "Accept-Language": [
          "en-US"
        ],
        "User-Agent": [
          "FxVersion/4.6.29916.01",
          "OSName/Windows",
          "OSVersion/Microsoft.Windows.10.0.19043.",
          "Microsoft.Azure.Management.ResourceManager.ResourceManagementClient/3.13.1.0"
        ],
        "Content-Type": [
          "application/json; charset=utf-8"
        ],
        "Content-Length": [
          "317"
        ]
      },
      "ResponseHeaders": {
        "Cache-Control": [
          "no-cache"
        ],
        "Pragma": [
          "no-cache"
        ],
        "Azure-AsyncOperation": [
          "https://management.azure.com/subscriptions/45076d1d-a3e0-418b-8187-e1422a8cf5f4/resourcegroups/csmrg7246/providers/Microsoft.Resources/deployments/csmd2801/operationStatuses/08585809141688215897?api-version=2021-04-01"
        ],
        "x-ms-ratelimit-remaining-subscription-writes": [
          "1198"
        ],
        "x-ms-request-id": [
          "a3b4ae10-742f-4a8c-99a2-6460e5138831"
        ],
        "x-ms-correlation-request-id": [
          "a3b4ae10-742f-4a8c-99a2-6460e5138831"
        ],
        "x-ms-routing-request-id": [
          "WESTUS:20210511T002519Z:a3b4ae10-742f-4a8c-99a2-6460e5138831"
        ],
        "Strict-Transport-Security": [
          "max-age=31536000; includeSubDomains"
        ],
        "X-Content-Type-Options": [
          "nosniff"
        ],
        "Date": [
          "Tue, 11 May 2021 00:25:18 GMT"
        ],
        "Content-Length": [
          "963"
        ],
        "Content-Type": [
          "application/json; charset=utf-8"
        ],
        "Expires": [
          "-1"
        ]
      },
      "ResponseBody": "{\r\n  \"id\": \"/subscriptions/45076d1d-a3e0-418b-8187-e1422a8cf5f4/resourceGroups/csmrg7246/providers/Microsoft.Resources/deployments/csmd2801\",\r\n  \"name\": \"csmd2801\",\r\n  \"type\": \"Microsoft.Resources/deployments\",\r\n  \"tags\": {\r\n    \"tagKey1\": \"tagValue1\"\r\n  },\r\n  \"properties\": {\r\n    \"templateLink\": {\r\n      \"id\": \"/subscriptions/45076d1d-a3e0-418b-8187-e1422a8cf5f4/resourceGroups/net-sdk-scenario-test-rg/providers/Microsoft.Resources/TemplateSpecs/storage-account-spec/versions/v1\",\r\n      \"contentVersion\": \"1.0.0.0\"\r\n    },\r\n    \"templateHash\": \"12846611220308336694\",\r\n    \"parameters\": {\r\n      \"accountName\": {\r\n        \"type\": \"String\",\r\n        \"value\": \"n547npphiewlc\"\r\n      },\r\n      \"pricingTier\": {\r\n        \"type\": \"String\",\r\n        \"value\": \"G2\"\r\n      },\r\n      \"kind\": {\r\n        \"type\": \"String\",\r\n        \"value\": \"Gen2\"\r\n      }\r\n    },\r\n    \"mode\": \"Incremental\",\r\n    \"provisioningState\": \"Accepted\",\r\n    \"timestamp\": \"2021-05-11T00:25:18.2306117Z\",\r\n    \"duration\": \"PT1.5745837S\",\r\n    \"correlationId\": \"a3b4ae10-742f-4a8c-99a2-6460e5138831\",\r\n    \"providers\": [\r\n      {\r\n        \"namespace\": \"Microsoft.Maps\",\r\n        \"resourceTypes\": [\r\n          {\r\n            \"resourceType\": \"accounts\",\r\n            \"locations\": [\r\n              \"global\"\r\n            ]\r\n          }\r\n        ]\r\n      }\r\n    ],\r\n    \"dependencies\": []\r\n  }\r\n}",
      "StatusCode": 201
    },
    {
      "RequestUri": "/subscriptions/45076d1d-a3e0-418b-8187-e1422a8cf5f4/resourcegroups/csmrg7246/providers/Microsoft.Resources/deployments/csmd2801/operationStatuses/08585809141688215897?api-version=2021-04-01",
      "EncodedRequestUri": "L3N1YnNjcmlwdGlvbnMvNDUwNzZkMWQtYTNlMC00MThiLTgxODctZTE0MjJhOGNmNWY0L3Jlc291cmNlZ3JvdXBzL2NzbXJnNzI0Ni9wcm92aWRlcnMvTWljcm9zb2Z0LlJlc291cmNlcy9kZXBsb3ltZW50cy9jc21kMjgwMS9vcGVyYXRpb25TdGF0dXNlcy8wODU4NTgwOTE0MTY4ODIxNTg5Nz9hcGktdmVyc2lvbj0yMDIxLTA0LTAx",
      "RequestMethod": "GET",
      "RequestBody": "",
      "RequestHeaders": {
        "User-Agent": [
          "FxVersion/4.6.29916.01",
          "OSName/Windows",
          "OSVersion/Microsoft.Windows.10.0.19043.",
          "Microsoft.Azure.Management.ResourceManager.ResourceManagementClient/3.13.1.0"
        ]
      },
      "ResponseHeaders": {
        "Cache-Control": [
          "no-cache"
        ],
        "Pragma": [
          "no-cache"
        ],
        "x-ms-ratelimit-remaining-subscription-reads": [
          "11999"
        ],
        "x-ms-request-id": [
          "ed835867-4f78-422d-9384-9273d9b0ce40"
        ],
        "x-ms-correlation-request-id": [
          "ed835867-4f78-422d-9384-9273d9b0ce40"
        ],
        "x-ms-routing-request-id": [
          "WESTUS:20210511T002550Z:ed835867-4f78-422d-9384-9273d9b0ce40"
        ],
        "Strict-Transport-Security": [
          "max-age=31536000; includeSubDomains"
        ],
        "X-Content-Type-Options": [
          "nosniff"
        ],
        "Date": [
          "Tue, 11 May 2021 00:25:50 GMT"
        ],
        "Content-Type": [
          "application/json; charset=utf-8"
        ],
        "Expires": [
          "-1"
        ],
        "Content-Length": [
          "20"
        ]
      },
      "ResponseBody": "{\r\n  \"status\": \"Running\"\r\n}",
      "StatusCode": 200
    },
    {
      "RequestUri": "/subscriptions/45076d1d-a3e0-418b-8187-e1422a8cf5f4/resourcegroups/csmrg7246/providers/Microsoft.Resources/deployments/csmd2801/operationStatuses/08585809141688215897?api-version=2021-04-01",
      "EncodedRequestUri": "L3N1YnNjcmlwdGlvbnMvNDUwNzZkMWQtYTNlMC00MThiLTgxODctZTE0MjJhOGNmNWY0L3Jlc291cmNlZ3JvdXBzL2NzbXJnNzI0Ni9wcm92aWRlcnMvTWljcm9zb2Z0LlJlc291cmNlcy9kZXBsb3ltZW50cy9jc21kMjgwMS9vcGVyYXRpb25TdGF0dXNlcy8wODU4NTgwOTE0MTY4ODIxNTg5Nz9hcGktdmVyc2lvbj0yMDIxLTA0LTAx",
      "RequestMethod": "GET",
      "RequestBody": "",
      "RequestHeaders": {
        "User-Agent": [
          "FxVersion/4.6.29916.01",
          "OSName/Windows",
          "OSVersion/Microsoft.Windows.10.0.19043.",
          "Microsoft.Azure.Management.ResourceManager.ResourceManagementClient/3.13.1.0"
        ]
      },
      "ResponseHeaders": {
        "Cache-Control": [
          "no-cache"
        ],
        "Pragma": [
          "no-cache"
        ],
        "x-ms-ratelimit-remaining-subscription-reads": [
          "11998"
        ],
        "x-ms-request-id": [
          "96e48b7c-156c-4541-8f9d-0ebb0ac9fdf7"
        ],
        "x-ms-correlation-request-id": [
          "96e48b7c-156c-4541-8f9d-0ebb0ac9fdf7"
        ],
        "x-ms-routing-request-id": [
          "WESTUS:20210511T002620Z:96e48b7c-156c-4541-8f9d-0ebb0ac9fdf7"
        ],
        "Strict-Transport-Security": [
          "max-age=31536000; includeSubDomains"
        ],
        "X-Content-Type-Options": [
          "nosniff"
        ],
        "Date": [
          "Tue, 11 May 2021 00:26:20 GMT"
        ],
        "Content-Type": [
          "application/json; charset=utf-8"
        ],
        "Expires": [
          "-1"
        ],
        "Content-Length": [
          "20"
        ]
      },
      "ResponseBody": "{\r\n  \"status\": \"Running\"\r\n}",
      "StatusCode": 200
    },
    {
      "RequestUri": "/subscriptions/45076d1d-a3e0-418b-8187-e1422a8cf5f4/resourcegroups/csmrg7246/providers/Microsoft.Resources/deployments/csmd2801/operationStatuses/08585809141688215897?api-version=2021-04-01",
      "EncodedRequestUri": "L3N1YnNjcmlwdGlvbnMvNDUwNzZkMWQtYTNlMC00MThiLTgxODctZTE0MjJhOGNmNWY0L3Jlc291cmNlZ3JvdXBzL2NzbXJnNzI0Ni9wcm92aWRlcnMvTWljcm9zb2Z0LlJlc291cmNlcy9kZXBsb3ltZW50cy9jc21kMjgwMS9vcGVyYXRpb25TdGF0dXNlcy8wODU4NTgwOTE0MTY4ODIxNTg5Nz9hcGktdmVyc2lvbj0yMDIxLTA0LTAx",
      "RequestMethod": "GET",
      "RequestBody": "",
      "RequestHeaders": {
        "User-Agent": [
          "FxVersion/4.6.29916.01",
          "OSName/Windows",
          "OSVersion/Microsoft.Windows.10.0.19043.",
          "Microsoft.Azure.Management.ResourceManager.ResourceManagementClient/3.13.1.0"
        ]
      },
      "ResponseHeaders": {
        "Cache-Control": [
          "no-cache"
        ],
        "Pragma": [
          "no-cache"
        ],
        "x-ms-ratelimit-remaining-subscription-reads": [
          "11997"
        ],
        "x-ms-request-id": [
          "87a0fcf6-339b-4719-a67a-8270ea6a0c30"
        ],
        "x-ms-correlation-request-id": [
          "87a0fcf6-339b-4719-a67a-8270ea6a0c30"
        ],
        "x-ms-routing-request-id": [
          "WESTUS:20210511T002650Z:87a0fcf6-339b-4719-a67a-8270ea6a0c30"
        ],
        "Strict-Transport-Security": [
          "max-age=31536000; includeSubDomains"
        ],
        "X-Content-Type-Options": [
          "nosniff"
        ],
        "Date": [
          "Tue, 11 May 2021 00:26:50 GMT"
        ],
        "Content-Type": [
          "application/json; charset=utf-8"
        ],
        "Expires": [
          "-1"
        ],
        "Content-Length": [
          "22"
        ]
      },
      "ResponseBody": "{\r\n  \"status\": \"Succeeded\"\r\n}",
      "StatusCode": 200
    },
    {
      "RequestUri": "/subscriptions/45076d1d-a3e0-418b-8187-e1422a8cf5f4/resourcegroups/csmrg7246/providers/Microsoft.Resources/deployments/csmd2801?api-version=2021-04-01",
      "EncodedRequestUri": "L3N1YnNjcmlwdGlvbnMvNDUwNzZkMWQtYTNlMC00MThiLTgxODctZTE0MjJhOGNmNWY0L3Jlc291cmNlZ3JvdXBzL2NzbXJnNzI0Ni9wcm92aWRlcnMvTWljcm9zb2Z0LlJlc291cmNlcy9kZXBsb3ltZW50cy9jc21kMjgwMT9hcGktdmVyc2lvbj0yMDIxLTA0LTAx",
      "RequestMethod": "GET",
      "RequestBody": "",
      "RequestHeaders": {
        "User-Agent": [
          "FxVersion/4.6.29916.01",
          "OSName/Windows",
          "OSVersion/Microsoft.Windows.10.0.19043.",
          "Microsoft.Azure.Management.ResourceManager.ResourceManagementClient/3.13.1.0"
        ]
      },
      "ResponseHeaders": {
        "Cache-Control": [
          "no-cache"
        ],
        "Pragma": [
          "no-cache"
        ],
        "x-ms-ratelimit-remaining-subscription-reads": [
          "11996"
        ],
        "x-ms-request-id": [
          "014e3ed1-b5f6-4b0f-afc5-cba2684aa1ef"
        ],
        "x-ms-correlation-request-id": [
          "014e3ed1-b5f6-4b0f-afc5-cba2684aa1ef"
        ],
        "x-ms-routing-request-id": [
          "WESTUS:20210511T002651Z:014e3ed1-b5f6-4b0f-afc5-cba2684aa1ef"
        ],
        "Strict-Transport-Security": [
          "max-age=31536000; includeSubDomains"
        ],
        "X-Content-Type-Options": [
          "nosniff"
        ],
        "Date": [
          "Tue, 11 May 2021 00:26:50 GMT"
        ],
        "Content-Type": [
          "application/json; charset=utf-8"
        ],
        "Expires": [
          "-1"
        ],
        "Content-Length": [
          "1121"
        ]
      },
      "ResponseBody": "{\r\n  \"id\": \"/subscriptions/45076d1d-a3e0-418b-8187-e1422a8cf5f4/resourceGroups/csmrg7246/providers/Microsoft.Resources/deployments/csmd2801\",\r\n  \"name\": \"csmd2801\",\r\n  \"type\": \"Microsoft.Resources/deployments\",\r\n  \"tags\": {\r\n    \"tagKey1\": \"tagValue1\"\r\n  },\r\n  \"properties\": {\r\n    \"templateLink\": {\r\n      \"id\": \"/subscriptions/45076d1d-a3e0-418b-8187-e1422a8cf5f4/resourceGroups/net-sdk-scenario-test-rg/providers/Microsoft.Resources/TemplateSpecs/storage-account-spec/versions/v1\",\r\n      \"contentVersion\": \"1.0.0.0\"\r\n    },\r\n    \"templateHash\": \"12846611220308336694\",\r\n    \"parameters\": {\r\n      \"accountName\": {\r\n        \"type\": \"String\",\r\n        \"value\": \"n547npphiewlc\"\r\n      },\r\n      \"pricingTier\": {\r\n        \"type\": \"String\",\r\n        \"value\": \"G2\"\r\n      },\r\n      \"kind\": {\r\n        \"type\": \"String\",\r\n        \"value\": \"Gen2\"\r\n      }\r\n    },\r\n    \"mode\": \"Incremental\",\r\n    \"provisioningState\": \"Succeeded\",\r\n    \"timestamp\": \"2021-05-11T00:26:33.7981908Z\",\r\n    \"duration\": \"PT1M17.1421628S\",\r\n    \"correlationId\": \"a3b4ae10-742f-4a8c-99a2-6460e5138831\",\r\n    \"providers\": [\r\n      {\r\n        \"namespace\": \"Microsoft.Maps\",\r\n        \"resourceTypes\": [\r\n          {\r\n            \"resourceType\": \"accounts\",\r\n            \"locations\": [\r\n              \"global\"\r\n            ]\r\n          }\r\n        ]\r\n      }\r\n    ],\r\n    \"dependencies\": [],\r\n    \"outputResources\": [\r\n      {\r\n        \"id\": \"/subscriptions/45076d1d-a3e0-418b-8187-e1422a8cf5f4/resourceGroups/csmrg7246/providers/Microsoft.Maps/accounts/n547npphiewlc\"\r\n      }\r\n    ]\r\n  }\r\n}",
      "StatusCode": 200
    },
    {
      "RequestUri": "/subscriptions/45076d1d-a3e0-418b-8187-e1422a8cf5f4/resourcegroups/csmrg7246/providers/Microsoft.Resources/deployments/csmd2801?api-version=2021-04-01",
      "EncodedRequestUri": "L3N1YnNjcmlwdGlvbnMvNDUwNzZkMWQtYTNlMC00MThiLTgxODctZTE0MjJhOGNmNWY0L3Jlc291cmNlZ3JvdXBzL2NzbXJnNzI0Ni9wcm92aWRlcnMvTWljcm9zb2Z0LlJlc291cmNlcy9kZXBsb3ltZW50cy9jc21kMjgwMT9hcGktdmVyc2lvbj0yMDIxLTA0LTAx",
      "RequestMethod": "GET",
      "RequestBody": "",
      "RequestHeaders": {
        "x-ms-client-request-id": [
          "e8113a02-8406-4a64-9613-9f0d0302a606"
        ],
        "Accept-Language": [
          "en-US"
        ],
        "User-Agent": [
          "FxVersion/4.6.29916.01",
          "OSName/Windows",
          "OSVersion/Microsoft.Windows.10.0.19043.",
          "Microsoft.Azure.Management.ResourceManager.ResourceManagementClient/3.13.1.0"
        ]
      },
      "ResponseHeaders": {
        "Cache-Control": [
          "no-cache"
        ],
        "Pragma": [
          "no-cache"
        ],
        "x-ms-ratelimit-remaining-subscription-reads": [
          "11994"
        ],
        "x-ms-request-id": [
          "fc65a661-d910-4c78-b6d0-953ef8389aba"
        ],
        "x-ms-correlation-request-id": [
          "fc65a661-d910-4c78-b6d0-953ef8389aba"
        ],
        "x-ms-routing-request-id": [
          "WESTUS:20210511T002652Z:fc65a661-d910-4c78-b6d0-953ef8389aba"
        ],
        "Strict-Transport-Security": [
          "max-age=31536000; includeSubDomains"
        ],
        "X-Content-Type-Options": [
          "nosniff"
        ],
        "Date": [
          "Tue, 11 May 2021 00:26:52 GMT"
        ],
        "Content-Type": [
          "application/json; charset=utf-8"
        ],
        "Expires": [
          "-1"
        ],
        "Content-Length": [
          "1121"
        ]
      },
      "ResponseBody": "{\r\n  \"id\": \"/subscriptions/45076d1d-a3e0-418b-8187-e1422a8cf5f4/resourceGroups/csmrg7246/providers/Microsoft.Resources/deployments/csmd2801\",\r\n  \"name\": \"csmd2801\",\r\n  \"type\": \"Microsoft.Resources/deployments\",\r\n  \"tags\": {\r\n    \"tagKey1\": \"tagValue1\"\r\n  },\r\n  \"properties\": {\r\n    \"templateLink\": {\r\n      \"id\": \"/subscriptions/45076d1d-a3e0-418b-8187-e1422a8cf5f4/resourceGroups/net-sdk-scenario-test-rg/providers/Microsoft.Resources/TemplateSpecs/storage-account-spec/versions/v1\",\r\n      \"contentVersion\": \"1.0.0.0\"\r\n    },\r\n    \"templateHash\": \"12846611220308336694\",\r\n    \"parameters\": {\r\n      \"accountName\": {\r\n        \"type\": \"String\",\r\n        \"value\": \"n547npphiewlc\"\r\n      },\r\n      \"pricingTier\": {\r\n        \"type\": \"String\",\r\n        \"value\": \"G2\"\r\n      },\r\n      \"kind\": {\r\n        \"type\": \"String\",\r\n        \"value\": \"Gen2\"\r\n      }\r\n    },\r\n    \"mode\": \"Incremental\",\r\n    \"provisioningState\": \"Succeeded\",\r\n    \"timestamp\": \"2021-05-11T00:26:33.7981908Z\",\r\n    \"duration\": \"PT1M17.1421628S\",\r\n    \"correlationId\": \"a3b4ae10-742f-4a8c-99a2-6460e5138831\",\r\n    \"providers\": [\r\n      {\r\n        \"namespace\": \"Microsoft.Maps\",\r\n        \"resourceTypes\": [\r\n          {\r\n            \"resourceType\": \"accounts\",\r\n            \"locations\": [\r\n              \"global\"\r\n            ]\r\n          }\r\n        ]\r\n      }\r\n    ],\r\n    \"dependencies\": [],\r\n    \"outputResources\": [\r\n      {\r\n        \"id\": \"/subscriptions/45076d1d-a3e0-418b-8187-e1422a8cf5f4/resourceGroups/csmrg7246/providers/Microsoft.Maps/accounts/n547npphiewlc\"\r\n      }\r\n    ]\r\n  }\r\n}",
      "StatusCode": 200
    },
    {
      "RequestUri": "/subscriptions/45076d1d-a3e0-418b-8187-e1422a8cf5f4/resourcegroups/csmrg7246/providers/Microsoft.Resources/deployments/?api-version=2021-04-01",
      "EncodedRequestUri": "L3N1YnNjcmlwdGlvbnMvNDUwNzZkMWQtYTNlMC00MThiLTgxODctZTE0MjJhOGNmNWY0L3Jlc291cmNlZ3JvdXBzL2NzbXJnNzI0Ni9wcm92aWRlcnMvTWljcm9zb2Z0LlJlc291cmNlcy9kZXBsb3ltZW50cy8/YXBpLXZlcnNpb249MjAyMS0wNC0wMQ==",
      "RequestMethod": "GET",
      "RequestBody": "",
      "RequestHeaders": {
        "x-ms-client-request-id": [
          "1fe75636-016b-4a05-b9f7-1c492ab0ca7e"
        ],
        "Accept-Language": [
          "en-US"
        ],
        "User-Agent": [
          "FxVersion/4.6.29916.01",
          "OSName/Windows",
          "OSVersion/Microsoft.Windows.10.0.19043.",
          "Microsoft.Azure.Management.ResourceManager.ResourceManagementClient/3.13.1.0"
        ]
      },
      "ResponseHeaders": {
        "Cache-Control": [
          "no-cache"
        ],
        "Pragma": [
          "no-cache"
        ],
        "x-ms-ratelimit-remaining-subscription-reads": [
          "11995"
        ],
        "x-ms-request-id": [
          "b9d519fe-1839-4bd5-8005-19faebde0139"
        ],
        "x-ms-correlation-request-id": [
          "b9d519fe-1839-4bd5-8005-19faebde0139"
        ],
        "x-ms-routing-request-id": [
          "WESTUS:20210511T002652Z:b9d519fe-1839-4bd5-8005-19faebde0139"
        ],
        "Strict-Transport-Security": [
          "max-age=31536000; includeSubDomains"
        ],
        "X-Content-Type-Options": [
          "nosniff"
        ],
        "Date": [
          "Tue, 11 May 2021 00:26:51 GMT"
        ],
        "Content-Type": [
          "application/json; charset=utf-8"
        ],
        "Expires": [
          "-1"
        ],
        "Content-Length": [
          "1133"
        ]
      },
      "ResponseBody": "{\r\n  \"value\": [\r\n    {\r\n      \"id\": \"/subscriptions/45076d1d-a3e0-418b-8187-e1422a8cf5f4/resourceGroups/csmrg7246/providers/Microsoft.Resources/deployments/csmd2801\",\r\n      \"name\": \"csmd2801\",\r\n      \"type\": \"Microsoft.Resources/deployments\",\r\n      \"tags\": {\r\n        \"tagKey1\": \"tagValue1\"\r\n      },\r\n      \"properties\": {\r\n        \"templateLink\": {\r\n          \"id\": \"/subscriptions/45076d1d-a3e0-418b-8187-e1422a8cf5f4/resourceGroups/net-sdk-scenario-test-rg/providers/Microsoft.Resources/TemplateSpecs/storage-account-spec/versions/v1\",\r\n          \"contentVersion\": \"1.0.0.0\"\r\n        },\r\n        \"templateHash\": \"12846611220308336694\",\r\n        \"parameters\": {\r\n          \"accountName\": {\r\n            \"type\": \"String\",\r\n            \"value\": \"n547npphiewlc\"\r\n          },\r\n          \"pricingTier\": {\r\n            \"type\": \"String\",\r\n            \"value\": \"G2\"\r\n          },\r\n          \"kind\": {\r\n            \"type\": \"String\",\r\n            \"value\": \"Gen2\"\r\n          }\r\n        },\r\n        \"mode\": \"Incremental\",\r\n        \"provisioningState\": \"Succeeded\",\r\n        \"timestamp\": \"2021-05-11T00:26:33.7981908Z\",\r\n        \"duration\": \"PT1M17.1421628S\",\r\n        \"correlationId\": \"a3b4ae10-742f-4a8c-99a2-6460e5138831\",\r\n        \"providers\": [\r\n          {\r\n            \"namespace\": \"Microsoft.Maps\",\r\n            \"resourceTypes\": [\r\n              {\r\n                \"resourceType\": \"accounts\",\r\n                \"locations\": [\r\n                  \"global\"\r\n                ]\r\n              }\r\n            ]\r\n          }\r\n        ],\r\n        \"dependencies\": [],\r\n        \"outputResources\": [\r\n          {\r\n            \"id\": \"/subscriptions/45076d1d-a3e0-418b-8187-e1422a8cf5f4/resourceGroups/csmrg7246/providers/Microsoft.Maps/accounts/n547npphiewlc\"\r\n          }\r\n        ]\r\n      }\r\n    }\r\n  ]\r\n}",
      "StatusCode": 200
    }
  ],
  "Names": {
    "CreateDeploymentWithResourceId": [
      "csmr8393",
      "csmrg7246",
      "csmd2801"
    ]
  },
  "Variables": {
    "SubscriptionId": "45076d1d-a3e0-418b-8187-e1422a8cf5f4"
  }
}