{
  "Entries": [
    {
      "RequestUri": "/subscriptions/996a2f3f-ee01-4ffd-9765-d2c3fc98f30a/resourcegroups/csmrg8729?api-version=2021-01-01",
      "EncodedRequestUri": "L3N1YnNjcmlwdGlvbnMvOTk2YTJmM2YtZWUwMS00ZmZkLTk3NjUtZDJjM2ZjOThmMzBhL3Jlc291cmNlZ3JvdXBzL2NzbXJnODcyOT9hcGktdmVyc2lvbj0yMDIxLTAxLTAx",
      "RequestMethod": "PUT",
      "RequestBody": "{\r\n  \"location\": \"West Europe\"\r\n}",
      "RequestHeaders": {
        "x-ms-client-request-id": [
          "f6d8b6d6-673d-44e6-9e1e-ce83b3aaaf21"
        ],
        "Accept-Language": [
          "en-US"
        ],
        "User-Agent": [
          "FxVersion/4.6.29812.02",
          "OSName/Windows",
          "OSVersion/Microsoft.Windows.10.0.19042.",
          "Microsoft.Azure.Management.ResourceManager.ResourceManagementClient/3.12.1.0"
        ],
        "Content-Type": [
          "application/json; charset=utf-8"
        ],
        "Content-Length": [
          "33"
        ]
      },
      "ResponseHeaders": {
        "Cache-Control": [
          "no-cache"
        ],
        "Pragma": [
          "no-cache"
        ],
        "x-ms-ratelimit-remaining-subscription-writes": [
          "1199"
        ],
        "x-ms-request-id": [
          "fb170488-0eb2-4f6e-bc97-0e18048c54e2"
        ],
        "x-ms-correlation-request-id": [
          "fb170488-0eb2-4f6e-bc97-0e18048c54e2"
        ],
        "x-ms-routing-request-id": [
          "WESTUS2:20210423T195801Z:fb170488-0eb2-4f6e-bc97-0e18048c54e2"
        ],
        "Strict-Transport-Security": [
          "max-age=31536000; includeSubDomains"
        ],
        "X-Content-Type-Options": [
          "nosniff"
        ],
        "Date": [
          "Fri, 23 Apr 2021 19:58:01 GMT"
        ],
        "Content-Length": [
          "219"
        ],
        "Content-Type": [
          "application/json; charset=utf-8"
        ],
        "Expires": [
          "-1"
        ]
      },
      "ResponseBody": "{\r\n  \"id\": \"/subscriptions/996a2f3f-ee01-4ffd-9765-d2c3fc98f30a/resourceGroups/csmrg8729\",\r\n  \"name\": \"csmrg8729\",\r\n  \"type\": \"Microsoft.Resources/resourceGroups\",\r\n  \"location\": \"westeurope\",\r\n  \"properties\": {\r\n    \"provisioningState\": \"Succeeded\"\r\n  }\r\n}",
      "StatusCode": 201
    },
    {
      "RequestUri": "/subscriptions/996a2f3f-ee01-4ffd-9765-d2c3fc98f30a/resourcegroups/csmrg8729/providers/Microsoft.Resources/deployments/csmd3725?api-version=2021-01-01",
      "EncodedRequestUri": "L3N1YnNjcmlwdGlvbnMvOTk2YTJmM2YtZWUwMS00ZmZkLTk3NjUtZDJjM2ZjOThmMzBhL3Jlc291cmNlZ3JvdXBzL2NzbXJnODcyOS9wcm92aWRlcnMvTWljcm9zb2Z0LlJlc291cmNlcy9kZXBsb3ltZW50cy9jc21kMzcyNT9hcGktdmVyc2lvbj0yMDIxLTAxLTAx",
      "RequestMethod": "PUT",
      "RequestBody": "{\r\n  \"properties\": {\r\n    \"templateLink\": {\r\n      \"id\": \"/subscriptions/996a2f3f-ee01-4ffd-9765-d2c3fc98f30a/resourceGroups/net-sdk-scenario-test-rg/providers/Microsoft.Resources/TemplateSpecs/storage-account-spec/versions/v1\"\r\n    },\r\n    \"mode\": \"Incremental\"\r\n  }\r\n}",
      "RequestHeaders": {
        "x-ms-client-request-id": [
          "ae874d24-3828-433c-ba66-127207735d53"
        ],
        "Accept-Language": [
          "en-US"
        ],
        "User-Agent": [
          "FxVersion/4.6.29812.02",
          "OSName/Windows",
          "OSVersion/Microsoft.Windows.10.0.19042.",
          "Microsoft.Azure.Management.ResourceManager.ResourceManagementClient/3.12.1.0"
        ],
        "Content-Type": [
          "application/json; charset=utf-8"
        ],
        "Content-Length": [
          "270"
        ]
      },
      "ResponseHeaders": {
        "Cache-Control": [
          "no-cache"
        ],
        "Pragma": [
          "no-cache"
        ],
        "Azure-AsyncOperation": [
          "https://management.azure.com/subscriptions/996a2f3f-ee01-4ffd-9765-d2c3fc98f30a/resourcegroups/csmrg8729/providers/Microsoft.Resources/deployments/csmd3725/operationStatuses/08585823990021082119?api-version=2021-01-01"
        ],
        "x-ms-ratelimit-remaining-subscription-writes": [
          "1198"
        ],
        "x-ms-request-id": [
          "2d395d4d-02e9-4343-9482-39e84e3ed926"
        ],
        "x-ms-correlation-request-id": [
          "2d395d4d-02e9-4343-9482-39e84e3ed926"
        ],
        "x-ms-routing-request-id": [
          "WESTUS2:20210423T195807Z:2d395d4d-02e9-4343-9482-39e84e3ed926"
        ],
        "Strict-Transport-Security": [
          "max-age=31536000; includeSubDomains"
        ],
        "X-Content-Type-Options": [
          "nosniff"
        ],
        "Date": [
          "Fri, 23 Apr 2021 19:58:06 GMT"
        ],
        "Content-Length": [
          "916"
        ],
        "Content-Type": [
          "application/json; charset=utf-8"
        ],
        "Expires": [
          "-1"
        ]
      },
      "ResponseBody": "{\r\n  \"id\": \"/subscriptions/996a2f3f-ee01-4ffd-9765-d2c3fc98f30a/resourceGroups/csmrg8729/providers/Microsoft.Resources/deployments/csmd3725\",\r\n  \"name\": \"csmd3725\",\r\n  \"type\": \"Microsoft.Resources/deployments\",\r\n  \"properties\": {\r\n    \"templateLink\": {\r\n      \"id\": \"/subscriptions/996a2f3f-ee01-4ffd-9765-d2c3fc98f30a/resourceGroups/net-sdk-scenario-test-rg/providers/Microsoft.Resources/TemplateSpecs/storage-account-spec/versions/v1\",\r\n      \"contentVersion\": \"1.0.0.0\"\r\n    },\r\n    \"templateHash\": \"9792721703725361573\",\r\n    \"parameters\": {\r\n      \"storageAccountType\": {\r\n        \"type\": \"String\",\r\n        \"value\": \"Standard_LRS\"\r\n      },\r\n      \"location\": {\r\n        \"type\": \"String\",\r\n        \"value\": \"westeurope\"\r\n      }\r\n    },\r\n    \"mode\": \"Incremental\",\r\n    \"provisioningState\": \"Accepted\",\r\n    \"timestamp\": \"2021-04-23T19:58:06.2960775Z\",\r\n    \"duration\": \"PT2.9266641S\",\r\n    \"correlationId\": \"2d395d4d-02e9-4343-9482-39e84e3ed926\",\r\n    \"providers\": [\r\n      {\r\n        \"namespace\": \"Microsoft.Storage\",\r\n        \"resourceTypes\": [\r\n          {\r\n            \"resourceType\": \"storageAccounts\",\r\n            \"locations\": [\r\n              \"westeurope\"\r\n            ]\r\n          }\r\n        ]\r\n      }\r\n    ],\r\n    \"dependencies\": []\r\n  }\r\n}",
      "StatusCode": 201
    },
    {
      "RequestUri": "/subscriptions/996a2f3f-ee01-4ffd-9765-d2c3fc98f30a/resourcegroups/csmrg8729/providers/Microsoft.Resources/deployments/csmd3725/operationStatuses/08585823990021082119?api-version=2021-01-01",
      "EncodedRequestUri": "L3N1YnNjcmlwdGlvbnMvOTk2YTJmM2YtZWUwMS00ZmZkLTk3NjUtZDJjM2ZjOThmMzBhL3Jlc291cmNlZ3JvdXBzL2NzbXJnODcyOS9wcm92aWRlcnMvTWljcm9zb2Z0LlJlc291cmNlcy9kZXBsb3ltZW50cy9jc21kMzcyNS9vcGVyYXRpb25TdGF0dXNlcy8wODU4NTgyMzk5MDAyMTA4MjExOT9hcGktdmVyc2lvbj0yMDIxLTAxLTAx",
      "RequestMethod": "GET",
      "RequestBody": "",
      "RequestHeaders": {
        "User-Agent": [
          "FxVersion/4.6.29812.02",
          "OSName/Windows",
          "OSVersion/Microsoft.Windows.10.0.19042.",
          "Microsoft.Azure.Management.ResourceManager.ResourceManagementClient/3.12.1.0"
        ]
      },
      "ResponseHeaders": {
        "Cache-Control": [
          "no-cache"
        ],
        "Pragma": [
          "no-cache"
        ],
        "x-ms-ratelimit-remaining-subscription-reads": [
          "11999"
        ],
        "x-ms-request-id": [
          "13fcc102-fad9-42cf-b046-7fa0d73d075c"
        ],
        "x-ms-correlation-request-id": [
          "13fcc102-fad9-42cf-b046-7fa0d73d075c"
        ],
        "x-ms-routing-request-id": [
          "WESTUS2:20210423T195838Z:13fcc102-fad9-42cf-b046-7fa0d73d075c"
        ],
        "Strict-Transport-Security": [
          "max-age=31536000; includeSubDomains"
        ],
        "X-Content-Type-Options": [
          "nosniff"
        ],
        "Date": [
          "Fri, 23 Apr 2021 19:58:37 GMT"
        ],
        "Content-Type": [
          "application/json; charset=utf-8"
        ],
        "Expires": [
          "-1"
        ],
        "Content-Length": [
          "22"
        ]
      },
      "ResponseBody": "{\r\n  \"status\": \"Succeeded\"\r\n}",
      "StatusCode": 200
    },
    {
      "RequestUri": "/subscriptions/996a2f3f-ee01-4ffd-9765-d2c3fc98f30a/resourcegroups/csmrg8729/providers/Microsoft.Resources/deployments/csmd3725?api-version=2021-01-01",
      "EncodedRequestUri": "L3N1YnNjcmlwdGlvbnMvOTk2YTJmM2YtZWUwMS00ZmZkLTk3NjUtZDJjM2ZjOThmMzBhL3Jlc291cmNlZ3JvdXBzL2NzbXJnODcyOS9wcm92aWRlcnMvTWljcm9zb2Z0LlJlc291cmNlcy9kZXBsb3ltZW50cy9jc21kMzcyNT9hcGktdmVyc2lvbj0yMDIxLTAxLTAx",
      "RequestMethod": "GET",
      "RequestBody": "",
      "RequestHeaders": {
        "User-Agent": [
          "FxVersion/4.6.29812.02",
          "OSName/Windows",
          "OSVersion/Microsoft.Windows.10.0.19042.",
          "Microsoft.Azure.Management.ResourceManager.ResourceManagementClient/3.12.1.0"
        ]
      },
      "ResponseHeaders": {
        "Cache-Control": [
          "no-cache"
        ],
        "Pragma": [
          "no-cache"
        ],
        "x-ms-ratelimit-remaining-subscription-reads": [
          "11998"
        ],
        "x-ms-request-id": [
          "2179208a-9f5c-4f20-ae43-7e4d8f7f6473"
        ],
        "x-ms-correlation-request-id": [
          "2179208a-9f5c-4f20-ae43-7e4d8f7f6473"
        ],
        "x-ms-routing-request-id": [
          "WESTUS2:20210423T195838Z:2179208a-9f5c-4f20-ae43-7e4d8f7f6473"
        ],
        "Strict-Transport-Security": [
          "max-age=31536000; includeSubDomains"
        ],
        "X-Content-Type-Options": [
          "nosniff"
        ],
        "Date": [
          "Fri, 23 Apr 2021 19:58:38 GMT"
        ],
        "Content-Type": [
          "application/json; charset=utf-8"
        ],
        "Expires": [
          "-1"
        ],
        "Content-Length": [
          "1167"
        ]
      },
      "ResponseBody": "{\r\n  \"id\": \"/subscriptions/996a2f3f-ee01-4ffd-9765-d2c3fc98f30a/resourceGroups/csmrg8729/providers/Microsoft.Resources/deployments/csmd3725\",\r\n  \"name\": \"csmd3725\",\r\n  \"type\": \"Microsoft.Resources/deployments\",\r\n  \"properties\": {\r\n    \"templateLink\": {\r\n      \"id\": \"/subscriptions/996a2f3f-ee01-4ffd-9765-d2c3fc98f30a/resourceGroups/net-sdk-scenario-test-rg/providers/Microsoft.Resources/TemplateSpecs/storage-account-spec/versions/v1\",\r\n      \"contentVersion\": \"1.0.0.0\"\r\n    },\r\n    \"templateHash\": \"9792721703725361573\",\r\n    \"parameters\": {\r\n      \"storageAccountType\": {\r\n        \"type\": \"String\",\r\n        \"value\": \"Standard_LRS\"\r\n      },\r\n      \"location\": {\r\n        \"type\": \"String\",\r\n        \"value\": \"westeurope\"\r\n      }\r\n    },\r\n    \"mode\": \"Incremental\",\r\n    \"provisioningState\": \"Succeeded\",\r\n    \"timestamp\": \"2021-04-23T19:58:37.5358478Z\",\r\n    \"duration\": \"PT34.1664344S\",\r\n    \"correlationId\": \"2d395d4d-02e9-4343-9482-39e84e3ed926\",\r\n    \"providers\": [\r\n      {\r\n        \"namespace\": \"Microsoft.Storage\",\r\n        \"resourceTypes\": [\r\n          {\r\n            \"resourceType\": \"storageAccounts\",\r\n            \"locations\": [\r\n              \"westeurope\"\r\n            ]\r\n          }\r\n        ]\r\n      }\r\n    ],\r\n    \"dependencies\": [],\r\n    \"outputs\": {\r\n      \"storageAccountName\": {\r\n        \"type\": \"String\",\r\n        \"value\": \"storenjdmn252qni62\"\r\n      }\r\n    },\r\n    \"outputResources\": [\r\n      {\r\n        \"id\": \"/subscriptions/996a2f3f-ee01-4ffd-9765-d2c3fc98f30a/resourceGroups/csmrg8729/providers/Microsoft.Storage/storageAccounts/storenjdmn252qni62\"\r\n      }\r\n    ]\r\n  }\r\n}",
      "StatusCode": 200
    },
    {
      "RequestUri": "/subscriptions/996a2f3f-ee01-4ffd-9765-d2c3fc98f30a/resourcegroups/csmrg8729/deployments/csmd3725/operations?api-version=2021-01-01",
      "EncodedRequestUri": "L3N1YnNjcmlwdGlvbnMvOTk2YTJmM2YtZWUwMS00ZmZkLTk3NjUtZDJjM2ZjOThmMzBhL3Jlc291cmNlZ3JvdXBzL2NzbXJnODcyOS9kZXBsb3ltZW50cy9jc21kMzcyNS9vcGVyYXRpb25zP2FwaS12ZXJzaW9uPTIwMjEtMDEtMDE=",
      "RequestMethod": "GET",
      "RequestBody": "",
      "RequestHeaders": {
        "x-ms-client-request-id": [
          "ff1577f8-bec2-4060-826f-e71a0b01f9c2"
        ],
        "Accept-Language": [
          "en-US"
        ],
        "User-Agent": [
          "FxVersion/4.6.29812.02",
          "OSName/Windows",
          "OSVersion/Microsoft.Windows.10.0.19042.",
          "Microsoft.Azure.Management.ResourceManager.ResourceManagementClient/3.12.1.0"
        ]
      },
      "ResponseHeaders": {
        "Cache-Control": [
          "no-cache"
        ],
        "Pragma": [
          "no-cache"
        ],
        "x-ms-ratelimit-remaining-subscription-reads": [
          "11997"
        ],
        "x-ms-request-id": [
          "30d0c42f-650e-4681-aa95-67d1b0720740"
        ],
        "x-ms-correlation-request-id": [
          "30d0c42f-650e-4681-aa95-67d1b0720740"
        ],
        "x-ms-routing-request-id": [
          "WESTUS2:20210423T195909Z:30d0c42f-650e-4681-aa95-67d1b0720740"
        ],
        "Strict-Transport-Security": [
          "max-age=31536000; includeSubDomains"
        ],
        "X-Content-Type-Options": [
          "nosniff"
        ],
        "Date": [
          "Fri, 23 Apr 2021 19:59:08 GMT"
        ],
        "Content-Type": [
          "application/json; charset=utf-8"
        ],
        "Expires": [
          "-1"
        ],
        "Content-Length": [
          "1184"
        ]
      },
      "ResponseBody": "{\r\n  \"value\": [\r\n    {\r\n      \"id\": \"/subscriptions/996a2f3f-ee01-4ffd-9765-d2c3fc98f30a/resourceGroups/csmrg8729/providers/Microsoft.Resources/deployments/csmd3725/operations/703816CF7BCADC23\",\r\n      \"operationId\": \"703816CF7BCADC23\",\r\n      \"properties\": {\r\n        \"provisioningOperation\": \"Create\",\r\n        \"provisioningState\": \"Succeeded\",\r\n        \"timestamp\": \"2021-04-23T19:58:37.4045522Z\",\r\n        \"duration\": \"PT29.3575694S\",\r\n        \"trackingId\": \"6a5f79f6-0f36-4e26-bc86-0f2bc1606a00\",\r\n        \"serviceRequestId\": \"f9ee8d00-f6ee-4700-ad92-2cde7f7ff10f\",\r\n        \"statusCode\": \"OK\",\r\n        \"targetResource\": {\r\n          \"id\": \"/subscriptions/996a2f3f-ee01-4ffd-9765-d2c3fc98f30a/resourceGroups/csmrg8729/providers/Microsoft.Storage/storageAccounts/storenjdmn252qni62\",\r\n          \"resourceType\": \"Microsoft.Storage/storageAccounts\",\r\n          \"resourceName\": \"storenjdmn252qni62\"\r\n        }\r\n      }\r\n    },\r\n    {\r\n      \"id\": \"/subscriptions/996a2f3f-ee01-4ffd-9765-d2c3fc98f30a/resourceGroups/csmrg8729/providers/Microsoft.Resources/deployments/csmd3725/operations/08585823990021082119\",\r\n      \"operationId\": \"08585823990021082119\",\r\n      \"properties\": {\r\n        \"provisioningOperation\": \"EvaluateDeploymentOutput\",\r\n        \"provisioningState\": \"Succeeded\",\r\n        \"timestamp\": \"2021-04-23T19:58:37.5149567Z\",\r\n        \"duration\": \"PT29.4679739S\",\r\n        \"trackingId\": \"3e6648a7-fd44-4047-85df-9e31ee8e6af6\",\r\n        \"statusCode\": \"OK\"\r\n      }\r\n    }\r\n  ]\r\n}",
      "StatusCode": 200
    }
  ],
  "Names": {
    "CreateDeploymentCheckSuccessOperations": [
      "csmrg8729",
      "csmd3725",
      "csres7446"
    ]
  },
  "Variables": {
    "SubscriptionId": "996a2f3f-ee01-4ffd-9765-d2c3fc98f30a"
  }
}