{
  "Entries": [
    {
      "RequestUri": "//providers/Microsoft.Resources/deployments/csharpsdktest4560/validate?api-version=2021-04-01",
      "EncodedRequestUri": "Ly9wcm92aWRlcnMvTWljcm9zb2Z0LlJlc291cmNlcy9kZXBsb3ltZW50cy9jc2hhcnBzZGt0ZXN0NDU2MC92YWxpZGF0ZT9hcGktdmVyc2lvbj0yMDIxLTA0LTAx",
      "RequestMethod": "POST",
      "RequestBody": "{\r\n  \"location\": \"East US 2\",\r\n  \"properties\": {\r\n    \"template\": {\r\n      \"$schema\": \"https://schema.management.azure.com/schemas/2015-01-01/deploymentTemplate.json#\",\r\n      \"contentVersion\": \"1.0.0.0\",\r\n      \"parameters\": {\r\n        \"managementGroupId\": {\r\n          \"type\": \"string\",\r\n          \"defaultValue\": \"net-sdk-testmg\"\r\n        },\r\n        \"subscriptionId\": {\r\n          \"type\": \"string\",\r\n          \"defaultValue\": \"45076d1d-a3e0-418b-8187-e1422a8cf5f4\"\r\n        },\r\n        \"roleDefinitionId\": {\r\n          \"type\": \"string\",\r\n          \"defaultValue\": \"3e2c15b3-905c-4b0f-8313-c48ae01ccdde\"\r\n        }\r\n      },\r\n      \"variables\": {\r\n        \"managementGroupScope\": \"[concat('Microsoft.Management/managementGroups/', parameters('managementGroupId'))]\",\r\n        \"managementGroupFullyQualifiedId\": \"[concat('/providers/', variables('managementGroupScope'))]\"\r\n      },\r\n      \"resources\": [\r\n        {\r\n          \"type\": \"Microsoft.Authorization/roleDefinitions\",\r\n          \"name\": \"[parameters('roleDefinitionId')]\",\r\n          \"apiVersion\": \"2018-07-01\",\r\n          \"properties\": {\r\n            \"roleName\": \"test-role\",\r\n            \"description\": \"something\",\r\n            \"type\": \"CustomRole\",\r\n            \"permissions\": [\r\n              {\r\n                \"actions\": [\r\n                  \"Microsoft.Storage/*/read\"\r\n                ],\r\n                \"notActions\": []\r\n              }\r\n            ],\r\n            \"assignableScopes\": [\r\n              \"[variables('managementGroupFullyQualifiedId')]\"\r\n            ]\r\n          }\r\n        },\r\n        {\r\n          \"type\": \"Microsoft.Resources/deployments\",\r\n          \"name\": \"mg-nested\",\r\n          \"apiVersion\": \"2019-07-01\",\r\n          \"location\": \"East US\",\r\n          \"scope\": \"[variables('managementGroupScope')]\",\r\n          \"properties\": {\r\n            \"template\": {\r\n              \"$schema\": \"https://schema.management.azure.com/schemas/2015-01-01/deploymentTemplate.json#\",\r\n              \"contentVersion\": \"1.0.0.0\",\r\n              \"parameters\": {},\r\n              \"variables\": {},\r\n              \"resources\": [\r\n                {\r\n                  \"type\": \"Microsoft.Authorization/policyDefinitions\",\r\n                  \"name\": \"policy2\",\r\n                  \"apiVersion\": \"2016-12-01\",\r\n                  \"properties\": {\r\n                    \"policyType\": \"Custom\",\r\n                    \"parameters\": {},\r\n                    \"policyRule\": {\r\n                      \"if\": {\r\n                        \"field\": \"location\",\r\n                        \"equals\": \"northeurope\"\r\n                      },\r\n                      \"then\": {\r\n                        \"effect\": \"deny\"\r\n                      }\r\n                    }\r\n                  }\r\n                }\r\n              ]\r\n            },\r\n            \"mode\": \"Incremental\"\r\n          }\r\n        },\r\n        {\r\n          \"type\": \"Microsoft.Resources/deployments\",\r\n          \"name\": \"sub-nested\",\r\n          \"apiVersion\": \"2019-07-01\",\r\n          \"location\": \"East US\",\r\n          \"subscriptionId\": \"[parameters('subscriptionId')]\",\r\n          \"properties\": {\r\n            \"template\": {\r\n              \"$schema\": \"https://schema.management.azure.com/schemas/2015-01-01/deploymentTemplate.json#\",\r\n              \"contentVersion\": \"1.0.0.0\",\r\n              \"parameters\": {},\r\n              \"variables\": {},\r\n              \"resources\": [\r\n                {\r\n                  \"type\": \"Microsoft.Resources/resourceGroups\",\r\n                  \"name\": \"sdk-testrg\",\r\n                  \"apiVersion\": \"2019-07-01\",\r\n                  \"location\": \"East US 2\",\r\n                  \"properties\": {}\r\n                }\r\n              ]\r\n            },\r\n            \"mode\": \"Incremental\"\r\n          }\r\n        }\r\n      ]\r\n    },\r\n    \"parameters\": {\r\n      \"managementGroupId\": {\r\n        \"value\": \"net-sdk-testmg\"\r\n      }\r\n    },\r\n    \"mode\": \"Incremental\"\r\n  },\r\n  \"tags\": {\r\n    \"tagKey1\": \"tagValue1\"\r\n  }\r\n}",
      "RequestHeaders": {
        "x-ms-client-request-id": [
          "01ae8926-743f-4ec5-8359-b723710ed13d"
        ],
        "Accept-Language": [
          "en-US"
        ],
        "User-Agent": [
          "FxVersion/4.6.29916.01",
          "OSName/Windows",
          "OSVersion/Microsoft.Windows.10.0.19043.",
          "Microsoft.Azure.Management.ResourceManager.ResourceManagementClient/3.13.1.0"
        ],
        "Content-Type": [
          "application/json; charset=utf-8"
        ],
        "Content-Length": [
          "3935"
        ]
      },
      "ResponseHeaders": {
        "Cache-Control": [
          "no-cache"
        ],
        "Pragma": [
          "no-cache"
        ],
        "x-ms-ratelimit-remaining-tenant-writes": [
          "1199"
        ],
        "x-ms-request-id": [
          "53ca3240-4960-4a87-883c-199ab9efe35c"
        ],
        "x-ms-correlation-request-id": [
          "53ca3240-4960-4a87-883c-199ab9efe35c"
        ],
        "x-ms-routing-request-id": [
          "WESTUS:20210510T224141Z:53ca3240-4960-4a87-883c-199ab9efe35c"
        ],
        "Strict-Transport-Security": [
          "max-age=31536000; includeSubDomains"
        ],
        "X-Content-Type-Options": [
          "nosniff"
        ],
        "Date": [
          "Mon, 10 May 2021 22:41:40 GMT"
        ],
        "Content-Length": [
          "1486"
        ],
        "Content-Type": [
          "application/json; charset=utf-8"
        ],
        "Expires": [
          "-1"
        ]
      },
      "ResponseBody": "{\r\n  \"id\": \"/providers/Microsoft.Resources/deployments/csharpsdktest4560\",\r\n  \"name\": \"csharpsdktest4560\",\r\n  \"type\": \"Microsoft.Resources/deployments\",\r\n  \"location\": \"eastus2\",\r\n  \"tags\": {\r\n    \"tagKey1\": \"tagValue1\"\r\n  },\r\n  \"properties\": {\r\n    \"templateHash\": \"12589209346807146241\",\r\n    \"parameters\": {\r\n      \"managementGroupId\": {\r\n        \"type\": \"String\",\r\n        \"value\": \"net-sdk-testmg\"\r\n      },\r\n      \"subscriptionId\": {\r\n        \"type\": \"String\",\r\n        \"value\": \"45076d1d-a3e0-418b-8187-e1422a8cf5f4\"\r\n      },\r\n      \"roleDefinitionId\": {\r\n        \"type\": \"String\",\r\n        \"value\": \"3e2c15b3-905c-4b0f-8313-c48ae01ccdde\"\r\n      }\r\n    },\r\n    \"mode\": \"Incremental\",\r\n    \"provisioningState\": \"Succeeded\",\r\n    \"timestamp\": \"2021-05-10T22:41:41.1178498Z\",\r\n    \"duration\": \"PT0S\",\r\n    \"correlationId\": \"53ca3240-4960-4a87-883c-199ab9efe35c\",\r\n    \"providers\": [\r\n      {\r\n        \"namespace\": \"Microsoft.Authorization\",\r\n        \"resourceTypes\": [\r\n          {\r\n            \"resourceType\": \"roleDefinitions\",\r\n            \"locations\": [\r\n              null\r\n            ]\r\n          }\r\n        ]\r\n      },\r\n      {\r\n        \"namespace\": \"Microsoft.Resources\",\r\n        \"resourceTypes\": [\r\n          {\r\n            \"resourceType\": \"deployments\",\r\n            \"locations\": [\r\n              \"eastus\"\r\n            ]\r\n          }\r\n        ]\r\n      }\r\n    ],\r\n    \"dependencies\": [],\r\n    \"validatedResources\": [\r\n      {\r\n        \"id\": \"/providers/Microsoft.Authorization/roleDefinitions/3e2c15b3-905c-4b0f-8313-c48ae01ccdde\"\r\n      },\r\n      {\r\n        \"id\": \"/providers/Microsoft.Management/managementGroups/net-sdk-testmg/providers/Microsoft.Resources/deployments/mg-nested\"\r\n      },\r\n      {\r\n        \"id\": \"/subscriptions/45076d1d-a3e0-418b-8187-e1422a8cf5f4/providers/Microsoft.Resources/deployments/sub-nested\"\r\n      },\r\n      {\r\n        \"id\": \"/providers/Microsoft.Management/managementGroups/net-sdk-testmg/providers/Microsoft.Authorization/policyDefinitions/policy2\"\r\n      },\r\n      {\r\n        \"id\": \"/subscriptions/45076d1d-a3e0-418b-8187-e1422a8cf5f4/resourceGroups/sdk-testrg\"\r\n      }\r\n    ]\r\n  }\r\n}",
      "StatusCode": 200
    },
    {
      "RequestUri": "//providers/Microsoft.Resources/deployments/csharpsdktest4560?api-version=2021-04-01",
      "EncodedRequestUri": "Ly9wcm92aWRlcnMvTWljcm9zb2Z0LlJlc291cmNlcy9kZXBsb3ltZW50cy9jc2hhcnBzZGt0ZXN0NDU2MD9hcGktdmVyc2lvbj0yMDIxLTA0LTAx",
      "RequestMethod": "PUT",
      "RequestBody": "{\r\n  \"location\": \"East US 2\",\r\n  \"properties\": {\r\n    \"template\": {\r\n      \"$schema\": \"https://schema.management.azure.com/schemas/2015-01-01/deploymentTemplate.json#\",\r\n      \"contentVersion\": \"1.0.0.0\",\r\n      \"parameters\": {\r\n        \"managementGroupId\": {\r\n          \"type\": \"string\",\r\n          \"defaultValue\": \"net-sdk-testmg\"\r\n        },\r\n        \"subscriptionId\": {\r\n          \"type\": \"string\",\r\n          \"defaultValue\": \"45076d1d-a3e0-418b-8187-e1422a8cf5f4\"\r\n        },\r\n        \"roleDefinitionId\": {\r\n          \"type\": \"string\",\r\n          \"defaultValue\": \"3e2c15b3-905c-4b0f-8313-c48ae01ccdde\"\r\n        }\r\n      },\r\n      \"variables\": {\r\n        \"managementGroupScope\": \"[concat('Microsoft.Management/managementGroups/', parameters('managementGroupId'))]\",\r\n        \"managementGroupFullyQualifiedId\": \"[concat('/providers/', variables('managementGroupScope'))]\"\r\n      },\r\n      \"resources\": [\r\n        {\r\n          \"type\": \"Microsoft.Authorization/roleDefinitions\",\r\n          \"name\": \"[parameters('roleDefinitionId')]\",\r\n          \"apiVersion\": \"2018-07-01\",\r\n          \"properties\": {\r\n            \"roleName\": \"test-role\",\r\n            \"description\": \"something\",\r\n            \"type\": \"CustomRole\",\r\n            \"permissions\": [\r\n              {\r\n                \"actions\": [\r\n                  \"Microsoft.Storage/*/read\"\r\n                ],\r\n                \"notActions\": []\r\n              }\r\n            ],\r\n            \"assignableScopes\": [\r\n              \"[variables('managementGroupFullyQualifiedId')]\"\r\n            ]\r\n          }\r\n        },\r\n        {\r\n          \"type\": \"Microsoft.Resources/deployments\",\r\n          \"name\": \"mg-nested\",\r\n          \"apiVersion\": \"2019-07-01\",\r\n          \"location\": \"East US\",\r\n          \"scope\": \"[variables('managementGroupScope')]\",\r\n          \"properties\": {\r\n            \"template\": {\r\n              \"$schema\": \"https://schema.management.azure.com/schemas/2015-01-01/deploymentTemplate.json#\",\r\n              \"contentVersion\": \"1.0.0.0\",\r\n              \"parameters\": {},\r\n              \"variables\": {},\r\n              \"resources\": [\r\n                {\r\n                  \"type\": \"Microsoft.Authorization/policyDefinitions\",\r\n                  \"name\": \"policy2\",\r\n                  \"apiVersion\": \"2016-12-01\",\r\n                  \"properties\": {\r\n                    \"policyType\": \"Custom\",\r\n                    \"parameters\": {},\r\n                    \"policyRule\": {\r\n                      \"if\": {\r\n                        \"field\": \"location\",\r\n                        \"equals\": \"northeurope\"\r\n                      },\r\n                      \"then\": {\r\n                        \"effect\": \"deny\"\r\n                      }\r\n                    }\r\n                  }\r\n                }\r\n              ]\r\n            },\r\n            \"mode\": \"Incremental\"\r\n          }\r\n        },\r\n        {\r\n          \"type\": \"Microsoft.Resources/deployments\",\r\n          \"name\": \"sub-nested\",\r\n          \"apiVersion\": \"2019-07-01\",\r\n          \"location\": \"East US\",\r\n          \"subscriptionId\": \"[parameters('subscriptionId')]\",\r\n          \"properties\": {\r\n            \"template\": {\r\n              \"$schema\": \"https://schema.management.azure.com/schemas/2015-01-01/deploymentTemplate.json#\",\r\n              \"contentVersion\": \"1.0.0.0\",\r\n              \"parameters\": {},\r\n              \"variables\": {},\r\n              \"resources\": [\r\n                {\r\n                  \"type\": \"Microsoft.Resources/resourceGroups\",\r\n                  \"name\": \"sdk-testrg\",\r\n                  \"apiVersion\": \"2019-07-01\",\r\n                  \"location\": \"East US 2\",\r\n                  \"properties\": {}\r\n                }\r\n              ]\r\n            },\r\n            \"mode\": \"Incremental\"\r\n          }\r\n        }\r\n      ]\r\n    },\r\n    \"parameters\": {\r\n      \"managementGroupId\": {\r\n        \"value\": \"net-sdk-testmg\"\r\n      }\r\n    },\r\n    \"mode\": \"Incremental\"\r\n  },\r\n  \"tags\": {\r\n    \"tagKey1\": \"tagValue1\"\r\n  }\r\n}",
      "RequestHeaders": {
        "x-ms-client-request-id": [
          "c5daeb90-b6c7-479c-8711-6709a9fecc2f"
        ],
        "Accept-Language": [
          "en-US"
        ],
        "User-Agent": [
          "FxVersion/4.6.29916.01",
          "OSName/Windows",
          "OSVersion/Microsoft.Windows.10.0.19043.",
          "Microsoft.Azure.Management.ResourceManager.ResourceManagementClient/3.13.1.0"
        ],
        "Content-Type": [
          "application/json; charset=utf-8"
        ],
        "Content-Length": [
          "3935"
        ]
      },
      "ResponseHeaders": {
        "Cache-Control": [
          "no-cache"
        ],
        "Pragma": [
          "no-cache"
        ],
        "Azure-AsyncOperation": [
          "https://management.azure.com/providers/Microsoft.Resources/deployments/csharpsdktest4560/operationStatuses/08585809203838766482?api-version=2021-04-01"
        ],
        "x-ms-ratelimit-remaining-tenant-writes": [
          "1199"
        ],
        "x-ms-request-id": [
          "3831e06a-df44-4eea-b24b-6900ffb5b55f"
        ],
        "x-ms-correlation-request-id": [
          "3831e06a-df44-4eea-b24b-6900ffb5b55f"
        ],
        "x-ms-routing-request-id": [
          "WESTUS:20210510T224143Z:3831e06a-df44-4eea-b24b-6900ffb5b55f"
        ],
        "Strict-Transport-Security": [
          "max-age=31536000; includeSubDomains"
        ],
        "X-Content-Type-Options": [
          "nosniff"
        ],
        "Date": [
          "Mon, 10 May 2021 22:41:42 GMT"
        ],
        "Content-Length": [
          "914"
        ],
        "Content-Type": [
          "application/json; charset=utf-8"
        ],
        "Expires": [
          "-1"
        ]
      },
      "ResponseBody": "{\r\n  \"id\": \"/providers/Microsoft.Resources/deployments/csharpsdktest4560\",\r\n  \"name\": \"csharpsdktest4560\",\r\n  \"type\": \"Microsoft.Resources/deployments\",\r\n  \"location\": \"eastus2\",\r\n  \"tags\": {\r\n    \"tagKey1\": \"tagValue1\"\r\n  },\r\n  \"properties\": {\r\n    \"templateHash\": \"12589209346807146241\",\r\n    \"parameters\": {\r\n      \"managementGroupId\": {\r\n        \"type\": \"String\",\r\n        \"value\": \"net-sdk-testmg\"\r\n      },\r\n      \"subscriptionId\": {\r\n        \"type\": \"String\",\r\n        \"value\": \"45076d1d-a3e0-418b-8187-e1422a8cf5f4\"\r\n      },\r\n      \"roleDefinitionId\": {\r\n        \"type\": \"String\",\r\n        \"value\": \"3e2c15b3-905c-4b0f-8313-c48ae01ccdde\"\r\n      }\r\n    },\r\n    \"mode\": \"Incremental\",\r\n    \"provisioningState\": \"Accepted\",\r\n    \"timestamp\": \"2021-05-10T22:41:42.7315488Z\",\r\n    \"duration\": \"PT1.1305678S\",\r\n    \"correlationId\": \"3831e06a-df44-4eea-b24b-6900ffb5b55f\",\r\n    \"providers\": [\r\n      {\r\n        \"namespace\": \"Microsoft.Authorization\",\r\n        \"resourceTypes\": [\r\n          {\r\n            \"resourceType\": \"roleDefinitions\",\r\n            \"locations\": [\r\n              null\r\n            ]\r\n          }\r\n        ]\r\n      },\r\n      {\r\n        \"namespace\": \"Microsoft.Resources\",\r\n        \"resourceTypes\": [\r\n          {\r\n            \"resourceType\": \"deployments\",\r\n            \"locations\": [\r\n              \"eastus\"\r\n            ]\r\n          }\r\n        ]\r\n      }\r\n    ],\r\n    \"dependencies\": []\r\n  }\r\n}",
      "StatusCode": 201
    },
    {
      "RequestUri": "/providers/Microsoft.Resources/deployments/csharpsdktest4560/operationStatuses/08585809203838766482?api-version=2021-04-01",
      "EncodedRequestUri": "L3Byb3ZpZGVycy9NaWNyb3NvZnQuUmVzb3VyY2VzL2RlcGxveW1lbnRzL2NzaGFycHNka3Rlc3Q0NTYwL29wZXJhdGlvblN0YXR1c2VzLzA4NTg1ODA5MjAzODM4NzY2NDgyP2FwaS12ZXJzaW9uPTIwMjEtMDQtMDE=",
      "RequestMethod": "GET",
      "RequestBody": "",
      "RequestHeaders": {
        "User-Agent": [
          "FxVersion/4.6.29916.01",
          "OSName/Windows",
          "OSVersion/Microsoft.Windows.10.0.19043.",
          "Microsoft.Azure.Management.ResourceManager.ResourceManagementClient/3.13.1.0"
        ]
      },
      "ResponseHeaders": {
        "Cache-Control": [
          "no-cache"
        ],
        "Pragma": [
          "no-cache"
        ],
        "x-ms-ratelimit-remaining-tenant-reads": [
          "11999"
        ],
        "x-ms-request-id": [
          "38408423-7aed-4da0-b5b1-7efce81d0fe1"
        ],
        "x-ms-correlation-request-id": [
          "38408423-7aed-4da0-b5b1-7efce81d0fe1"
        ],
        "x-ms-routing-request-id": [
          "WESTUS:20210510T224213Z:38408423-7aed-4da0-b5b1-7efce81d0fe1"
        ],
        "Strict-Transport-Security": [
          "max-age=31536000; includeSubDomains"
        ],
        "X-Content-Type-Options": [
          "nosniff"
        ],
        "Date": [
          "Mon, 10 May 2021 22:42:13 GMT"
        ],
        "Content-Type": [
          "application/json; charset=utf-8"
        ],
        "Expires": [
          "-1"
        ],
        "Content-Length": [
          "22"
        ]
      },
      "ResponseBody": "{\r\n  \"status\": \"Succeeded\"\r\n}",
      "StatusCode": 200
    },
    {
      "RequestUri": "//providers/Microsoft.Resources/deployments/csharpsdktest4560?api-version=2021-04-01",
      "EncodedRequestUri": "Ly9wcm92aWRlcnMvTWljcm9zb2Z0LlJlc291cmNlcy9kZXBsb3ltZW50cy9jc2hhcnBzZGt0ZXN0NDU2MD9hcGktdmVyc2lvbj0yMDIxLTA0LTAx",
      "RequestMethod": "GET",
      "RequestBody": "",
      "RequestHeaders": {
        "User-Agent": [
          "FxVersion/4.6.29916.01",
          "OSName/Windows",
          "OSVersion/Microsoft.Windows.10.0.19043.",
          "Microsoft.Azure.Management.ResourceManager.ResourceManagementClient/3.13.1.0"
        ]
      },
      "ResponseHeaders": {
        "Cache-Control": [
          "no-cache"
        ],
        "Pragma": [
          "no-cache"
        ],
        "x-ms-ratelimit-remaining-tenant-reads": [
          "11998"
        ],
        "x-ms-request-id": [
          "3c3fa8cf-4066-4d18-be59-70ee94b331ce"
        ],
        "x-ms-correlation-request-id": [
          "3c3fa8cf-4066-4d18-be59-70ee94b331ce"
        ],
        "x-ms-routing-request-id": [
          "WESTUS:20210510T224213Z:3c3fa8cf-4066-4d18-be59-70ee94b331ce"
        ],
        "Strict-Transport-Security": [
          "max-age=31536000; includeSubDomains"
        ],
        "X-Content-Type-Options": [
          "nosniff"
        ],
        "Date": [
          "Mon, 10 May 2021 22:42:13 GMT"
        ],
        "Content-Type": [
          "application/json; charset=utf-8"
        ],
        "Expires": [
          "-1"
        ],
        "Content-Length": [
          "1253"
        ]
      },
      "ResponseBody": "{\r\n  \"id\": \"/providers/Microsoft.Resources/deployments/csharpsdktest4560\",\r\n  \"name\": \"csharpsdktest4560\",\r\n  \"type\": \"Microsoft.Resources/deployments\",\r\n  \"location\": \"eastus2\",\r\n  \"tags\": {\r\n    \"tagKey1\": \"tagValue1\"\r\n  },\r\n  \"properties\": {\r\n    \"templateHash\": \"12589209346807146241\",\r\n    \"parameters\": {\r\n      \"managementGroupId\": {\r\n        \"type\": \"String\",\r\n        \"value\": \"net-sdk-testmg\"\r\n      },\r\n      \"subscriptionId\": {\r\n        \"type\": \"String\",\r\n        \"value\": \"45076d1d-a3e0-418b-8187-e1422a8cf5f4\"\r\n      },\r\n      \"roleDefinitionId\": {\r\n        \"type\": \"String\",\r\n        \"value\": \"3e2c15b3-905c-4b0f-8313-c48ae01ccdde\"\r\n      }\r\n    },\r\n    \"mode\": \"Incremental\",\r\n    \"provisioningState\": \"Succeeded\",\r\n    \"timestamp\": \"2021-05-10T22:41:55.9869776Z\",\r\n    \"duration\": \"PT14.3859966S\",\r\n    \"correlationId\": \"3831e06a-df44-4eea-b24b-6900ffb5b55f\",\r\n    \"providers\": [\r\n      {\r\n        \"namespace\": \"Microsoft.Authorization\",\r\n        \"resourceTypes\": [\r\n          {\r\n            \"resourceType\": \"roleDefinitions\",\r\n            \"locations\": [\r\n              null\r\n            ]\r\n          }\r\n        ]\r\n      },\r\n      {\r\n        \"namespace\": \"Microsoft.Resources\",\r\n        \"resourceTypes\": [\r\n          {\r\n            \"resourceType\": \"deployments\",\r\n            \"locations\": [\r\n              \"eastus\"\r\n            ]\r\n          }\r\n        ]\r\n      }\r\n    ],\r\n    \"dependencies\": [],\r\n    \"outputResources\": [\r\n      {\r\n        \"id\": \"/providers/Microsoft.Authorization/roleDefinitions/3e2c15b3-905c-4b0f-8313-c48ae01ccdde\"\r\n      },\r\n      {\r\n        \"id\": \"/providers/Microsoft.Management/managementGroups/net-sdk-testmg/providers/Microsoft.Authorization/policyDefinitions/policy2\"\r\n      },\r\n      {\r\n        \"id\": \"/subscriptions/45076d1d-a3e0-418b-8187-e1422a8cf5f4/resourceGroups/sdk-testrg\"\r\n      }\r\n    ]\r\n  }\r\n}",
      "StatusCode": 200
    },
    {
      "RequestUri": "//providers/Microsoft.Resources/deployments/csharpsdktest4560?api-version=2021-04-01",
      "EncodedRequestUri": "Ly9wcm92aWRlcnMvTWljcm9zb2Z0LlJlc291cmNlcy9kZXBsb3ltZW50cy9jc2hhcnBzZGt0ZXN0NDU2MD9hcGktdmVyc2lvbj0yMDIxLTA0LTAx",
      "RequestMethod": "GET",
      "RequestBody": "",
      "RequestHeaders": {
        "x-ms-client-request-id": [
          "07dd5754-0b5d-495e-b60c-496fe2be9c6f"
        ],
        "Accept-Language": [
          "en-US"
        ],
        "User-Agent": [
          "FxVersion/4.6.29916.01",
          "OSName/Windows",
          "OSVersion/Microsoft.Windows.10.0.19043.",
          "Microsoft.Azure.Management.ResourceManager.ResourceManagementClient/3.13.1.0"
        ]
      },
      "ResponseHeaders": {
        "Cache-Control": [
          "no-cache"
        ],
        "Pragma": [
          "no-cache"
        ],
        "x-ms-ratelimit-remaining-tenant-reads": [
          "11997"
        ],
        "x-ms-request-id": [
          "d4dd4298-058c-4084-9213-1eab19ec1e6f"
        ],
        "x-ms-correlation-request-id": [
          "d4dd4298-058c-4084-9213-1eab19ec1e6f"
        ],
        "x-ms-routing-request-id": [
          "WESTUS:20210510T224213Z:d4dd4298-058c-4084-9213-1eab19ec1e6f"
        ],
        "Strict-Transport-Security": [
          "max-age=31536000; includeSubDomains"
        ],
        "X-Content-Type-Options": [
          "nosniff"
        ],
        "Date": [
          "Mon, 10 May 2021 22:42:13 GMT"
        ],
        "Content-Type": [
          "application/json; charset=utf-8"
        ],
        "Expires": [
          "-1"
        ],
        "Content-Length": [
          "1253"
        ]
      },
      "ResponseBody": "{\r\n  \"id\": \"/providers/Microsoft.Resources/deployments/csharpsdktest4560\",\r\n  \"name\": \"csharpsdktest4560\",\r\n  \"type\": \"Microsoft.Resources/deployments\",\r\n  \"location\": \"eastus2\",\r\n  \"tags\": {\r\n    \"tagKey1\": \"tagValue1\"\r\n  },\r\n  \"properties\": {\r\n    \"templateHash\": \"12589209346807146241\",\r\n    \"parameters\": {\r\n      \"managementGroupId\": {\r\n        \"type\": \"String\",\r\n        \"value\": \"net-sdk-testmg\"\r\n      },\r\n      \"subscriptionId\": {\r\n        \"type\": \"String\",\r\n        \"value\": \"45076d1d-a3e0-418b-8187-e1422a8cf5f4\"\r\n      },\r\n      \"roleDefinitionId\": {\r\n        \"type\": \"String\",\r\n        \"value\": \"3e2c15b3-905c-4b0f-8313-c48ae01ccdde\"\r\n      }\r\n    },\r\n    \"mode\": \"Incremental\",\r\n    \"provisioningState\": \"Succeeded\",\r\n    \"timestamp\": \"2021-05-10T22:41:55.9869776Z\",\r\n    \"duration\": \"PT14.3859966S\",\r\n    \"correlationId\": \"3831e06a-df44-4eea-b24b-6900ffb5b55f\",\r\n    \"providers\": [\r\n      {\r\n        \"namespace\": \"Microsoft.Authorization\",\r\n        \"resourceTypes\": [\r\n          {\r\n            \"resourceType\": \"roleDefinitions\",\r\n            \"locations\": [\r\n              null\r\n            ]\r\n          }\r\n        ]\r\n      },\r\n      {\r\n        \"namespace\": \"Microsoft.Resources\",\r\n        \"resourceTypes\": [\r\n          {\r\n            \"resourceType\": \"deployments\",\r\n            \"locations\": [\r\n              \"eastus\"\r\n            ]\r\n          }\r\n        ]\r\n      }\r\n    ],\r\n    \"dependencies\": [],\r\n    \"outputResources\": [\r\n      {\r\n        \"id\": \"/providers/Microsoft.Authorization/roleDefinitions/3e2c15b3-905c-4b0f-8313-c48ae01ccdde\"\r\n      },\r\n      {\r\n        \"id\": \"/providers/Microsoft.Management/managementGroups/net-sdk-testmg/providers/Microsoft.Authorization/policyDefinitions/policy2\"\r\n      },\r\n      {\r\n        \"id\": \"/subscriptions/45076d1d-a3e0-418b-8187-e1422a8cf5f4/resourceGroups/sdk-testrg\"\r\n      }\r\n    ]\r\n  }\r\n}",
      "StatusCode": 200
    },
    {
      "RequestUri": "//providers/Microsoft.Resources/deployments/csharpsdktest4560/operations?api-version=2021-04-01",
      "EncodedRequestUri": "Ly9wcm92aWRlcnMvTWljcm9zb2Z0LlJlc291cmNlcy9kZXBsb3ltZW50cy9jc2hhcnBzZGt0ZXN0NDU2MC9vcGVyYXRpb25zP2FwaS12ZXJzaW9uPTIwMjEtMDQtMDE=",
      "RequestMethod": "GET",
      "RequestBody": "",
      "RequestHeaders": {
        "x-ms-client-request-id": [
          "7b9f8bde-5e48-49ed-8667-3c614ac57f89"
        ],
        "Accept-Language": [
          "en-US"
        ],
        "User-Agent": [
          "FxVersion/4.6.29916.01",
          "OSName/Windows",
          "OSVersion/Microsoft.Windows.10.0.19043.",
          "Microsoft.Azure.Management.ResourceManager.ResourceManagementClient/3.13.1.0"
        ]
      },
      "ResponseHeaders": {
        "Cache-Control": [
          "no-cache"
        ],
        "Pragma": [
          "no-cache"
        ],
        "x-ms-ratelimit-remaining-tenant-reads": [
          "11996"
        ],
        "x-ms-request-id": [
          "f57cb7b3-8810-43c1-ba8a-fe2a1ac81c62"
        ],
        "x-ms-correlation-request-id": [
          "f57cb7b3-8810-43c1-ba8a-fe2a1ac81c62"
        ],
        "x-ms-routing-request-id": [
          "WESTUS:20210510T224213Z:f57cb7b3-8810-43c1-ba8a-fe2a1ac81c62"
        ],
        "Strict-Transport-Security": [
          "max-age=31536000; includeSubDomains"
        ],
        "X-Content-Type-Options": [
          "nosniff"
        ],
        "Date": [
          "Mon, 10 May 2021 22:42:13 GMT"
        ],
        "Content-Type": [
          "application/json; charset=utf-8"
        ],
        "Expires": [
          "-1"
        ],
        "Content-Length": [
          "2268"
        ]
      },
      "ResponseBody": "{\r\n  \"value\": [\r\n    {\r\n      \"id\": \"/providers/Microsoft.Resources/deployments/csharpsdktest4560/operations/E0B4899D7B990BC1\",\r\n      \"operationId\": \"E0B4899D7B990BC1\",\r\n      \"properties\": {\r\n        \"provisioningOperation\": \"Create\",\r\n        \"provisioningState\": \"Succeeded\",\r\n        \"timestamp\": \"2021-05-10T22:41:45.0641868Z\",\r\n        \"duration\": \"PT1.3992357S\",\r\n        \"trackingId\": \"9acdb31f-4f30-4796-9a91-c624dbd50cb9\",\r\n        \"serviceRequestId\": \"7ed6fdcd-9563-423e-9705-e5f25a04378c\",\r\n        \"statusCode\": \"Created\",\r\n        \"targetResource\": {\r\n          \"id\": \"/providers/Microsoft.Authorization/roleDefinitions/3e2c15b3-905c-4b0f-8313-c48ae01ccdde\",\r\n          \"resourceType\": \"Microsoft.Authorization/roleDefinitions\",\r\n          \"resourceName\": \"3e2c15b3-905c-4b0f-8313-c48ae01ccdde\"\r\n        }\r\n      }\r\n    },\r\n    {\r\n      \"id\": \"/providers/Microsoft.Resources/deployments/csharpsdktest4560/operations/322F330959E147F8\",\r\n      \"operationId\": \"322F330959E147F8\",\r\n      \"properties\": {\r\n        \"provisioningOperation\": \"Create\",\r\n        \"provisioningState\": \"Succeeded\",\r\n        \"timestamp\": \"2021-05-10T22:41:46.5891023Z\",\r\n        \"duration\": \"PT2.9241512S\",\r\n        \"trackingId\": \"444ed9ed-b883-4dac-a3ad-ca347b8f97c4\",\r\n        \"serviceRequestId\": \"0219fc7a-11ea-45ac-9427-a67389f7b4c5\",\r\n        \"statusCode\": \"OK\",\r\n        \"targetResource\": {\r\n          \"id\": \"/providers/Microsoft.Management/managementGroups/net-sdk-testmg/providers/Microsoft.Resources/deployments/mg-nested\",\r\n          \"resourceType\": \"Microsoft.Resources/deployments\",\r\n          \"resourceName\": \"mg-nested\"\r\n        }\r\n      }\r\n    },\r\n    {\r\n      \"id\": \"/providers/Microsoft.Resources/deployments/csharpsdktest4560/operations/E165E4463472679B\",\r\n      \"operationId\": \"E165E4463472679B\",\r\n      \"properties\": {\r\n        \"provisioningOperation\": \"Create\",\r\n        \"provisioningState\": \"Succeeded\",\r\n        \"timestamp\": \"2021-05-10T22:41:54.8734289Z\",\r\n        \"duration\": \"PT11.2084778S\",\r\n        \"trackingId\": \"c67b163d-97b3-4d35-90f1-f47b4b49fa49\",\r\n        \"serviceRequestId\": \"44912ef5-f5b4-4609-842c-0fc36184a4d8\",\r\n        \"statusCode\": \"OK\",\r\n        \"targetResource\": {\r\n          \"id\": \"/subscriptions/45076d1d-a3e0-418b-8187-e1422a8cf5f4/providers/Microsoft.Resources/deployments/sub-nested\",\r\n          \"resourceType\": \"Microsoft.Resources/deployments\",\r\n          \"resourceName\": \"sub-nested\"\r\n        }\r\n      }\r\n    },\r\n    {\r\n      \"id\": \"/providers/Microsoft.Resources/deployments/csharpsdktest4560/operations/08585809203838766482\",\r\n      \"operationId\": \"08585809203838766482\",\r\n      \"properties\": {\r\n        \"provisioningOperation\": \"EvaluateDeploymentOutput\",\r\n        \"provisioningState\": \"Succeeded\",\r\n        \"timestamp\": \"2021-05-10T22:41:55.7924573Z\",\r\n        \"duration\": \"PT0.5298535S\",\r\n        \"trackingId\": \"38d8193e-0a09-4329-94b1-2f790dad4f71\",\r\n        \"statusCode\": \"OK\"\r\n      }\r\n    }\r\n  ]\r\n}",
      "StatusCode": 200
    }
  ],
  "Names": {
    "DeploymentWithScope_AtTenant": [
      "csharpsdktest4560"
    ]
  },
  "Variables": {
    "SubscriptionId": "45076d1d-a3e0-418b-8187-e1422a8cf5f4"
  }
}