{
  "Entries": [
    {
      "RequestUri": "/subscriptions/f34b22a3-2202-4fb1-b040-1332bd928c84/resourceGroups/flowrg/providers/Microsoft.Logic/integrationAccounts/IntegrationAccount3042?api-version=2016-06-01",
      "EncodedRequestUri": "L3N1YnNjcmlwdGlvbnMvZjM0YjIyYTMtMjIwMi00ZmIxLWIwNDAtMTMzMmJkOTI4Yzg0L3Jlc291cmNlR3JvdXBzL2Zsb3dyZy9wcm92aWRlcnMvTWljcm9zb2Z0LkxvZ2ljL2ludGVncmF0aW9uQWNjb3VudHMvSW50ZWdyYXRpb25BY2NvdW50MzA0Mj9hcGktdmVyc2lvbj0yMDE2LTA2LTAx",
      "RequestMethod": "PUT",
      "RequestBody": "{\r\n  \"properties\": {},\r\n  \"sku\": {\r\n    \"name\": \"Standard\"\r\n  },\r\n  \"location\": \"westus\"\r\n}",
      "RequestHeaders": {
        "Content-Type": [
          "application/json; charset=utf-8"
        ],
        "Content-Length": [
          "91"
        ],
        "x-ms-client-request-id": [
          "f800206a-b809-4914-b441-0b6aa263e0d4"
        ],
        "accept-language": [
          "en-US"
        ],
        "User-Agent": [
          "FxVersion/4.6.24410.01",
          "Microsoft.Azure.Management.Logic.LogicManagementClient/1.0.1"
        ]
      },
      "ResponseBody": "{\r\n  \"properties\": {},\r\n  \"sku\": {\r\n    \"name\": \"Standard\"\r\n  },\r\n  \"id\": \"/subscriptions/f34b22a3-2202-4fb1-b040-1332bd928c84/resourceGroups/flowrg/providers/Microsoft.Logic/integrationAccounts/IntegrationAccount3042\",\r\n  \"name\": \"IntegrationAccount3042\",\r\n  \"type\": \"Microsoft.Logic/integrationAccounts\",\r\n  \"location\": \"westus\"\r\n}",
      "ResponseHeaders": {
        "Content-Length": [
          "290"
        ],
        "Content-Type": [
          "application/json; charset=utf-8"
        ],
        "Expires": [
          "-1"
        ],
        "Cache-Control": [
          "no-cache"
        ],
        "Date": [
          "Fri, 10 Feb 2017 01:35:48 GMT"
        ],
        "Pragma": [
          "no-cache"
        ],
        "x-ms-request-id": [
          "westus:c9887e3c-5502-4ee1-aec4-c87a8bae0aaa"
        ],
        "Strict-Transport-Security": [
          "max-age=31536000; includeSubDomains"
        ],
        "x-ms-ratelimit-remaining-subscription-writes": [
          "1199"
        ],
        "x-ms-correlation-request-id": [
          "5e192c8c-795e-41f5-900e-791893adcad3"
        ],
        "x-ms-routing-request-id": [
          "WESTUS2:20170210T013549Z:5e192c8c-795e-41f5-900e-791893adcad3"
        ]
      },
      "StatusCode": 201
    },
    {
      "RequestUri": "/subscriptions/f34b22a3-2202-4fb1-b040-1332bd928c84/resourceGroups/flowrg/providers/Microsoft.Logic/integrationAccounts/IntegrationAccount3042/agreements/IntegrationAccountAgreement8419?api-version=2016-06-01",
      "EncodedRequestUri": "L3N1YnNjcmlwdGlvbnMvZjM0YjIyYTMtMjIwMi00ZmIxLWIwNDAtMTMzMmJkOTI4Yzg0L3Jlc291cmNlR3JvdXBzL2Zsb3dyZy9wcm92aWRlcnMvTWljcm9zb2Z0LkxvZ2ljL2ludGVncmF0aW9uQWNjb3VudHMvSW50ZWdyYXRpb25BY2NvdW50MzA0Mi9hZ3JlZW1lbnRzL0ludGVncmF0aW9uQWNjb3VudEFncmVlbWVudDg0MTk/YXBpLXZlcnNpb249MjAxNi0wNi0wMQ==",
      "RequestMethod": "PUT",
      "RequestBody": "{\r\n  \"properties\": {\r\n    \"metadata\": \"IntegrationAccountAgreement8419\",\r\n    \"agreementType\": \"AS2\",\r\n    \"hostPartner\": \"HostPartner\",\r\n    \"guestPartner\": \"GuestPartner\",\r\n    \"hostIdentity\": {\r\n      \"qualifier\": \"ZZ\",\r\n      \"value\": \"ZZ\"\r\n    },\r\n    \"guestIdentity\": {\r\n      \"qualifier\": \"AA\",\r\n      \"value\": \"AA\"\r\n    },\r\n    \"content\": {\r\n      \"AS2\": {\r\n        \"receiveAgreement\": {\r\n          \"senderBusinessIdentity\": {\r\n            \"qualifier\": \"AA\",\r\n            \"value\": \"AA\"\r\n          },\r\n          \"receiverBusinessIdentity\": {\r\n            \"qualifier\": \"ZZ\",\r\n            \"value\": \"ZZ\"\r\n          },\r\n          \"protocolSettings\": {\r\n            \"messageConnectionSettings\": {\r\n              \"ignoreCertificateNameMismatch\": true,\r\n              \"supportHttpStatusCodeContinue\": true,\r\n              \"keepHttpConnectionAlive\": true,\r\n              \"unfoldHttpHeaders\": true\r\n            },\r\n            \"acknowledgementConnectionSettings\": {\r\n              \"ignoreCertificateNameMismatch\": true,\r\n              \"supportHttpStatusCodeContinue\": true,\r\n              \"keepHttpConnectionAlive\": true,\r\n              \"unfoldHttpHeaders\": true\r\n            },\r\n            \"mdnSettings\": {\r\n              \"needMdn\": true,\r\n              \"signMdn\": true,\r\n              \"sendMdnAsynchronously\": true,\r\n              \"receiptDeliveryUrl\": \"http://tempuri.org\",\r\n              \"dispositionNotificationTo\": \"http://tempuri.org\",\r\n              \"signOutboundMdnIfOptional\": true,\r\n              \"mdnText\": \"Sample\",\r\n              \"sendInboundMdnToMessageBox\": true,\r\n              \"micHashingAlgorithm\": \"SHA1\"\r\n            },\r\n            \"securitySettings\": {\r\n              \"overrideGroupSigningCertificate\": false,\r\n              \"enableNrrForInboundEncodedMessages\": true,\r\n              \"enableNrrForInboundDecodedMessages\": true,\r\n              \"enableNrrForOutboundMdn\": true,\r\n              \"enableNrrForOutboundEncodedMessages\": true,\r\n              \"enableNrrForOutboundDecodedMessages\": true,\r\n              \"enableNrrForInboundMdn\": true\r\n            },\r\n            \"validationSettings\": {\r\n              \"overrideMessageProperties\": true,\r\n              \"encryptMessage\": false,\r\n              \"signMessage\": false,\r\n              \"compressMessage\": true,\r\n              \"checkDuplicateMessage\": true,\r\n              \"interchangeDuplicatesValidityDays\": 100,\r\n              \"checkCertificateRevocationListOnSend\": true,\r\n              \"checkCertificateRevocationListOnReceive\": true,\r\n              \"encryptionAlgorithm\": \"AES128\"\r\n            },\r\n            \"envelopeSettings\": {\r\n              \"messageContentType\": \"text/plain\",\r\n              \"transmitFileNameInMimeHeader\": true,\r\n              \"fileNameTemplate\": \"Test\",\r\n              \"suspendMessageOnFileNameGenerationError\": true,\r\n              \"autogenerateFileName\": true\r\n            },\r\n            \"errorSettings\": {\r\n              \"suspendDuplicateMessage\": true,\r\n              \"resendIfMdnNotReceived\": true\r\n            }\r\n          }\r\n        },\r\n        \"sendAgreement\": {\r\n          \"senderBusinessIdentity\": {\r\n            \"qualifier\": \"ZZ\",\r\n            \"value\": \"ZZ\"\r\n          },\r\n          \"receiverBusinessIdentity\": {\r\n            \"qualifier\": \"AA\",\r\n            \"value\": \"AA\"\r\n          },\r\n          \"protocolSettings\": {\r\n            \"messageConnectionSettings\": {\r\n              \"ignoreCertificateNameMismatch\": true,\r\n              \"supportHttpStatusCodeContinue\": true,\r\n              \"keepHttpConnectionAlive\": true,\r\n              \"unfoldHttpHeaders\": true\r\n            },\r\n            \"acknowledgementConnectionSettings\": {\r\n              \"ignoreCertificateNameMismatch\": true,\r\n              \"supportHttpStatusCodeContinue\": true,\r\n              \"keepHttpConnectionAlive\": true,\r\n              \"unfoldHttpHeaders\": true\r\n            },\r\n            \"mdnSettings\": {\r\n              \"needMdn\": true,\r\n              \"signMdn\": true,\r\n              \"sendMdnAsynchronously\": true,\r\n              \"receiptDeliveryUrl\": \"http://tempuri.org\",\r\n              \"dispositionNotificationTo\": \"http://tempuri.org\",\r\n              \"signOutboundMdnIfOptional\": true,\r\n              \"mdnText\": \"Sample\",\r\n              \"sendInboundMdnToMessageBox\": true,\r\n              \"micHashingAlgorithm\": \"SHA1\"\r\n            },\r\n            \"securitySettings\": {\r\n              \"overrideGroupSigningCertificate\": false,\r\n              \"enableNrrForInboundEncodedMessages\": true,\r\n              \"enableNrrForInboundDecodedMessages\": true,\r\n              \"enableNrrForOutboundMdn\": true,\r\n              \"enableNrrForOutboundEncodedMessages\": true,\r\n              \"enableNrrForOutboundDecodedMessages\": true,\r\n              \"enableNrrForInboundMdn\": true\r\n            },\r\n            \"validationSettings\": {\r\n              \"overrideMessageProperties\": true,\r\n              \"encryptMessage\": false,\r\n              \"signMessage\": false,\r\n              \"compressMessage\": true,\r\n              \"checkDuplicateMessage\": true,\r\n              \"interchangeDuplicatesValidityDays\": 100,\r\n              \"checkCertificateRevocationListOnSend\": true,\r\n              \"checkCertificateRevocationListOnReceive\": true,\r\n              \"encryptionAlgorithm\": \"AES128\"\r\n            },\r\n            \"envelopeSettings\": {\r\n              \"messageContentType\": \"text/plain\",\r\n              \"transmitFileNameInMimeHeader\": true,\r\n              \"fileNameTemplate\": \"Test\",\r\n              \"suspendMessageOnFileNameGenerationError\": true,\r\n              \"autogenerateFileName\": true\r\n            },\r\n            \"errorSettings\": {\r\n              \"suspendDuplicateMessage\": true,\r\n              \"resendIfMdnNotReceived\": true\r\n            }\r\n          }\r\n        }\r\n      }\r\n    }\r\n  },\r\n  \"location\": \"westus\",\r\n  \"tags\": {\r\n    \"IntegrationAccountAgreement\": \"IntegrationAccountAgreement8419\"\r\n  }\r\n}",
      "RequestHeaders": {
        "Content-Type": [
          "application/json; charset=utf-8"
        ],
        "Content-Length": [
          "5862"
        ],
        "x-ms-client-request-id": [
          "4fffdd31-223a-4d3e-8d70-c0ee76746914"
        ],
        "accept-language": [
          "en-US"
        ],
        "User-Agent": [
          "FxVersion/4.6.24410.01",
          "Microsoft.Azure.Management.Logic.LogicManagementClient/1.0.1"
        ]
      },
      "ResponseBody": "{\r\n  \"properties\": {\r\n    \"hostPartner\": \"HostPartner\",\r\n    \"guestPartner\": \"GuestPartner\",\r\n    \"hostIdentity\": {\r\n      \"qualifier\": \"ZZ\",\r\n      \"value\": \"ZZ\"\r\n    },\r\n    \"guestIdentity\": {\r\n      \"qualifier\": \"AA\",\r\n      \"value\": \"AA\"\r\n    },\r\n    \"agreementType\": \"AS2\",\r\n    \"content\": {\r\n      \"aS2\": {\r\n        \"receiveAgreement\": {\r\n          \"protocolSettings\": {\r\n            \"messageConnectionSettings\": {\r\n              \"ignoreCertificateNameMismatch\": true,\r\n              \"supportHttpStatusCodeContinue\": true,\r\n              \"keepHttpConnectionAlive\": true,\r\n              \"unfoldHttpHeaders\": true\r\n            },\r\n            \"acknowledgementConnectionSettings\": {\r\n              \"ignoreCertificateNameMismatch\": true,\r\n              \"supportHttpStatusCodeContinue\": true,\r\n              \"keepHttpConnectionAlive\": true,\r\n              \"unfoldHttpHeaders\": true\r\n            },\r\n            \"mdnSettings\": {\r\n              \"needMDN\": true,\r\n              \"signMDN\": true,\r\n              \"sendMDNAsynchronously\": true,\r\n              \"receiptDeliveryUrl\": \"http://tempuri.org\",\r\n              \"dispositionNotificationTo\": \"http://tempuri.org\",\r\n              \"signOutboundMDNIfOptional\": true,\r\n              \"mdnText\": \"Sample\",\r\n              \"sendInboundMDNToMessageBox\": true,\r\n              \"micHashingAlgorithm\": \"SHA1\"\r\n            },\r\n            \"securitySettings\": {\r\n              \"overrideGroupSigningCertificate\": false,\r\n              \"enableNRRForInboundEncodedMessages\": true,\r\n              \"enableNRRForInboundDecodedMessages\": true,\r\n              \"enableNRRForOutboundMDN\": true,\r\n              \"enableNRRForOutboundEncodedMessages\": true,\r\n              \"enableNRRForOutboundDecodedMessages\": true,\r\n              \"enableNRRForInboundMDN\": true\r\n            },\r\n            \"validationSettings\": {\r\n              \"overrideMessageProperties\": true,\r\n              \"encryptMessage\": false,\r\n              \"signMessage\": false,\r\n              \"compressMessage\": true,\r\n              \"checkDuplicateMessage\": true,\r\n              \"interchangeDuplicatesValidityDays\": 100,\r\n              \"checkCertificateRevocationListOnSend\": true,\r\n              \"checkCertificateRevocationListOnReceive\": true,\r\n              \"encryptionAlgorithm\": \"AES128\"\r\n            },\r\n            \"envelopeSettings\": {\r\n              \"messageContentType\": \"text/plain\",\r\n              \"transmitFileNameInMimeHeader\": true,\r\n              \"fileNameTemplate\": \"Test\",\r\n              \"suspendMessageOnFileNameGenerationError\": true,\r\n              \"autogenerateFileName\": true\r\n            },\r\n            \"errorSettings\": {\r\n              \"suspendDuplicateMessage\": true,\r\n              \"resendIfMDNNotReceived\": true\r\n            }\r\n          },\r\n          \"senderBusinessIdentity\": {\r\n            \"qualifier\": \"AA\",\r\n            \"value\": \"AA\"\r\n          },\r\n          \"receiverBusinessIdentity\": {\r\n            \"qualifier\": \"ZZ\",\r\n            \"value\": \"ZZ\"\r\n          }\r\n        },\r\n        \"sendAgreement\": {\r\n          \"protocolSettings\": {\r\n            \"messageConnectionSettings\": {\r\n              \"ignoreCertificateNameMismatch\": true,\r\n              \"supportHttpStatusCodeContinue\": true,\r\n              \"keepHttpConnectionAlive\": true,\r\n              \"unfoldHttpHeaders\": true\r\n            },\r\n            \"acknowledgementConnectionSettings\": {\r\n              \"ignoreCertificateNameMismatch\": true,\r\n              \"supportHttpStatusCodeContinue\": true,\r\n              \"keepHttpConnectionAlive\": true,\r\n              \"unfoldHttpHeaders\": true\r\n            },\r\n            \"mdnSettings\": {\r\n              \"needMDN\": true,\r\n              \"signMDN\": true,\r\n              \"sendMDNAsynchronously\": true,\r\n              \"receiptDeliveryUrl\": \"http://tempuri.org\",\r\n              \"dispositionNotificationTo\": \"http://tempuri.org\",\r\n              \"signOutboundMDNIfOptional\": true,\r\n              \"mdnText\": \"Sample\",\r\n              \"sendInboundMDNToMessageBox\": true,\r\n              \"micHashingAlgorithm\": \"SHA1\"\r\n            },\r\n            \"securitySettings\": {\r\n              \"overrideGroupSigningCertificate\": false,\r\n              \"enableNRRForInboundEncodedMessages\": true,\r\n              \"enableNRRForInboundDecodedMessages\": true,\r\n              \"enableNRRForOutboundMDN\": true,\r\n              \"enableNRRForOutboundEncodedMessages\": true,\r\n              \"enableNRRForOutboundDecodedMessages\": true,\r\n              \"enableNRRForInboundMDN\": true\r\n            },\r\n            \"validationSettings\": {\r\n              \"overrideMessageProperties\": true,\r\n              \"encryptMessage\": false,\r\n              \"signMessage\": false,\r\n              \"compressMessage\": true,\r\n              \"checkDuplicateMessage\": true,\r\n              \"interchangeDuplicatesValidityDays\": 100,\r\n              \"checkCertificateRevocationListOnSend\": true,\r\n              \"checkCertificateRevocationListOnReceive\": true,\r\n              \"encryptionAlgorithm\": \"AES128\"\r\n            },\r\n            \"envelopeSettings\": {\r\n              \"messageContentType\": \"text/plain\",\r\n              \"transmitFileNameInMimeHeader\": true,\r\n              \"fileNameTemplate\": \"Test\",\r\n              \"suspendMessageOnFileNameGenerationError\": true,\r\n              \"autogenerateFileName\": true\r\n            },\r\n            \"errorSettings\": {\r\n              \"suspendDuplicateMessage\": true,\r\n              \"resendIfMDNNotReceived\": true\r\n            }\r\n          },\r\n          \"senderBusinessIdentity\": {\r\n            \"qualifier\": \"ZZ\",\r\n            \"value\": \"ZZ\"\r\n          },\r\n          \"receiverBusinessIdentity\": {\r\n            \"qualifier\": \"AA\",\r\n            \"value\": \"AA\"\r\n          }\r\n        }\r\n      }\r\n    },\r\n    \"createdTime\": \"2017-02-10T01:35:49.9184799Z\",\r\n    \"changedTime\": \"2017-02-10T01:35:49.9188442Z\",\r\n    \"metadata\": \"IntegrationAccountAgreement8419\"\r\n  },\r\n  \"id\": \"/subscriptions/f34b22a3-2202-4fb1-b040-1332bd928c84/resourceGroups/flowrg/providers/Microsoft.Logic/integrationAccounts/IntegrationAccount3042/agreements/IntegrationAccountAgreement8419\",\r\n  \"name\": \"IntegrationAccountAgreement8419\",\r\n  \"type\": \"Microsoft.Logic/integrationAccounts/agreements\"\r\n}",
      "ResponseHeaders": {
        "Content-Length": [
          "3919"
        ],
        "Content-Type": [
          "application/json; charset=utf-8"
        ],
        "Expires": [
          "-1"
        ],
        "Cache-Control": [
          "no-cache"
        ],
        "Date": [
          "Fri, 10 Feb 2017 01:35:49 GMT"
        ],
        "Pragma": [
          "no-cache"
        ],
        "x-ms-request-id": [
          "westus:da39936e-34ee-43cd-9f9c-29dd6c154d06"
        ],
        "Strict-Transport-Security": [
          "max-age=31536000; includeSubDomains"
        ],
        "x-ms-ratelimit-remaining-subscription-writes": [
          "1198"
        ],
        "x-ms-correlation-request-id": [
          "ba56712f-7161-4db0-b819-89a6291ad2e8"
        ],
        "x-ms-routing-request-id": [
          "WESTUS2:20170210T013549Z:ba56712f-7161-4db0-b819-89a6291ad2e8"
        ]
      },
      "StatusCode": 201
    },
    {
      "RequestUri": "/subscriptions/f34b22a3-2202-4fb1-b040-1332bd928c84/resourceGroups/flowrg/providers/Microsoft.Logic/integrationAccounts/IntegrationAccount3042/agreements/IntegrationAccountAgreement8419?api-version=2016-06-01",
      "EncodedRequestUri": "L3N1YnNjcmlwdGlvbnMvZjM0YjIyYTMtMjIwMi00ZmIxLWIwNDAtMTMzMmJkOTI4Yzg0L3Jlc291cmNlR3JvdXBzL2Zsb3dyZy9wcm92aWRlcnMvTWljcm9zb2Z0LkxvZ2ljL2ludGVncmF0aW9uQWNjb3VudHMvSW50ZWdyYXRpb25BY2NvdW50MzA0Mi9hZ3JlZW1lbnRzL0ludGVncmF0aW9uQWNjb3VudEFncmVlbWVudDg0MTk/YXBpLXZlcnNpb249MjAxNi0wNi0wMQ==",
      "RequestMethod": "GET",
      "RequestBody": "",
      "RequestHeaders": {
        "x-ms-client-request-id": [
          "af9e48e7-7897-455c-a0fa-532a3cfc7994"
        ],
        "accept-language": [
          "en-US"
        ],
        "User-Agent": [
          "FxVersion/4.6.24410.01",
          "Microsoft.Azure.Management.Logic.LogicManagementClient/1.0.1"
        ]
      },
      "ResponseBody": "{\r\n  \"properties\": {\r\n    \"hostPartner\": \"HostPartner\",\r\n    \"guestPartner\": \"GuestPartner\",\r\n    \"hostIdentity\": {\r\n      \"qualifier\": \"ZZ\",\r\n      \"value\": \"ZZ\"\r\n    },\r\n    \"guestIdentity\": {\r\n      \"qualifier\": \"AA\",\r\n      \"value\": \"AA\"\r\n    },\r\n    \"agreementType\": \"AS2\",\r\n    \"content\": {\r\n      \"aS2\": {\r\n        \"receiveAgreement\": {\r\n          \"protocolSettings\": {\r\n            \"messageConnectionSettings\": {\r\n              \"ignoreCertificateNameMismatch\": true,\r\n              \"supportHttpStatusCodeContinue\": true,\r\n              \"keepHttpConnectionAlive\": true,\r\n              \"unfoldHttpHeaders\": true\r\n            },\r\n            \"acknowledgementConnectionSettings\": {\r\n              \"ignoreCertificateNameMismatch\": true,\r\n              \"supportHttpStatusCodeContinue\": true,\r\n              \"keepHttpConnectionAlive\": true,\r\n              \"unfoldHttpHeaders\": true\r\n            },\r\n            \"mdnSettings\": {\r\n              \"needMDN\": true,\r\n              \"signMDN\": true,\r\n              \"sendMDNAsynchronously\": true,\r\n              \"receiptDeliveryUrl\": \"http://tempuri.org\",\r\n              \"dispositionNotificationTo\": \"http://tempuri.org\",\r\n              \"signOutboundMDNIfOptional\": true,\r\n              \"mdnText\": \"Sample\",\r\n              \"sendInboundMDNToMessageBox\": true,\r\n              \"micHashingAlgorithm\": \"SHA1\"\r\n            },\r\n            \"securitySettings\": {\r\n              \"overrideGroupSigningCertificate\": false,\r\n              \"enableNRRForInboundEncodedMessages\": true,\r\n              \"enableNRRForInboundDecodedMessages\": true,\r\n              \"enableNRRForOutboundMDN\": true,\r\n              \"enableNRRForOutboundEncodedMessages\": true,\r\n              \"enableNRRForOutboundDecodedMessages\": true,\r\n              \"enableNRRForInboundMDN\": true\r\n            },\r\n            \"validationSettings\": {\r\n              \"overrideMessageProperties\": true,\r\n              \"encryptMessage\": false,\r\n              \"signMessage\": false,\r\n              \"compressMessage\": true,\r\n              \"checkDuplicateMessage\": true,\r\n              \"interchangeDuplicatesValidityDays\": 100,\r\n              \"checkCertificateRevocationListOnSend\": true,\r\n              \"checkCertificateRevocationListOnReceive\": true,\r\n              \"encryptionAlgorithm\": \"AES128\"\r\n            },\r\n            \"envelopeSettings\": {\r\n              \"messageContentType\": \"text/plain\",\r\n              \"transmitFileNameInMimeHeader\": true,\r\n              \"fileNameTemplate\": \"Test\",\r\n              \"suspendMessageOnFileNameGenerationError\": true,\r\n              \"autogenerateFileName\": true\r\n            },\r\n            \"errorSettings\": {\r\n              \"suspendDuplicateMessage\": true,\r\n              \"resendIfMDNNotReceived\": true\r\n            }\r\n          },\r\n          \"senderBusinessIdentity\": {\r\n            \"qualifier\": \"AA\",\r\n            \"value\": \"AA\"\r\n          },\r\n          \"receiverBusinessIdentity\": {\r\n            \"qualifier\": \"ZZ\",\r\n            \"value\": \"ZZ\"\r\n          }\r\n        },\r\n        \"sendAgreement\": {\r\n          \"protocolSettings\": {\r\n            \"messageConnectionSettings\": {\r\n              \"ignoreCertificateNameMismatch\": true,\r\n              \"supportHttpStatusCodeContinue\": true,\r\n              \"keepHttpConnectionAlive\": true,\r\n              \"unfoldHttpHeaders\": true\r\n            },\r\n            \"acknowledgementConnectionSettings\": {\r\n              \"ignoreCertificateNameMismatch\": true,\r\n              \"supportHttpStatusCodeContinue\": true,\r\n              \"keepHttpConnectionAlive\": true,\r\n              \"unfoldHttpHeaders\": true\r\n            },\r\n            \"mdnSettings\": {\r\n              \"needMDN\": true,\r\n              \"signMDN\": true,\r\n              \"sendMDNAsynchronously\": true,\r\n              \"receiptDeliveryUrl\": \"http://tempuri.org\",\r\n              \"dispositionNotificationTo\": \"http://tempuri.org\",\r\n              \"signOutboundMDNIfOptional\": true,\r\n              \"mdnText\": \"Sample\",\r\n              \"sendInboundMDNToMessageBox\": true,\r\n              \"micHashingAlgorithm\": \"SHA1\"\r\n            },\r\n            \"securitySettings\": {\r\n              \"overrideGroupSigningCertificate\": false,\r\n              \"enableNRRForInboundEncodedMessages\": true,\r\n              \"enableNRRForInboundDecodedMessages\": true,\r\n              \"enableNRRForOutboundMDN\": true,\r\n              \"enableNRRForOutboundEncodedMessages\": true,\r\n              \"enableNRRForOutboundDecodedMessages\": true,\r\n              \"enableNRRForInboundMDN\": true\r\n            },\r\n            \"validationSettings\": {\r\n              \"overrideMessageProperties\": true,\r\n              \"encryptMessage\": false,\r\n              \"signMessage\": false,\r\n              \"compressMessage\": true,\r\n              \"checkDuplicateMessage\": true,\r\n              \"interchangeDuplicatesValidityDays\": 100,\r\n              \"checkCertificateRevocationListOnSend\": true,\r\n              \"checkCertificateRevocationListOnReceive\": true,\r\n              \"encryptionAlgorithm\": \"AES128\"\r\n            },\r\n            \"envelopeSettings\": {\r\n              \"messageContentType\": \"text/plain\",\r\n              \"transmitFileNameInMimeHeader\": true,\r\n              \"fileNameTemplate\": \"Test\",\r\n              \"suspendMessageOnFileNameGenerationError\": true,\r\n              \"autogenerateFileName\": true\r\n            },\r\n            \"errorSettings\": {\r\n              \"suspendDuplicateMessage\": true,\r\n              \"resendIfMDNNotReceived\": true\r\n            }\r\n          },\r\n          \"senderBusinessIdentity\": {\r\n            \"qualifier\": \"ZZ\",\r\n            \"value\": \"ZZ\"\r\n          },\r\n          \"receiverBusinessIdentity\": {\r\n            \"qualifier\": \"AA\",\r\n            \"value\": \"AA\"\r\n          }\r\n        }\r\n      }\r\n    },\r\n    \"createdTime\": \"2017-02-10T01:35:49.9184799Z\",\r\n    \"changedTime\": \"2017-02-10T01:35:49.9188442Z\",\r\n    \"metadata\": \"IntegrationAccountAgreement8419\"\r\n  },\r\n  \"id\": \"/subscriptions/f34b22a3-2202-4fb1-b040-1332bd928c84/resourceGroups/flowrg/providers/Microsoft.Logic/integrationAccounts/IntegrationAccount3042/agreements/IntegrationAccountAgreement8419\",\r\n  \"name\": \"IntegrationAccountAgreement8419\",\r\n  \"type\": \"Microsoft.Logic/integrationAccounts/agreements\"\r\n}",
      "ResponseHeaders": {
        "Content-Type": [
          "application/json; charset=utf-8"
        ],
        "Expires": [
          "-1"
        ],
        "Cache-Control": [
          "no-cache"
        ],
        "Date": [
          "Fri, 10 Feb 2017 01:35:49 GMT"
        ],
        "Pragma": [
          "no-cache"
        ],
        "Transfer-Encoding": [
          "chunked"
        ],
        "Vary": [
          "Accept-Encoding",
          "Accept-Encoding"
        ],
        "x-ms-request-id": [
          "westus:8df5ef7a-7540-4efa-a140-1c8b59c96dc4"
        ],
        "Strict-Transport-Security": [
          "max-age=31536000; includeSubDomains"
        ],
        "x-ms-ratelimit-remaining-subscription-reads": [
          "14715"
        ],
        "x-ms-correlation-request-id": [
          "0fec7cb0-ae27-4786-a8ca-564fba86ba5d"
        ],
        "x-ms-routing-request-id": [
          "WESTUS2:20170210T013550Z:0fec7cb0-ae27-4786-a8ca-564fba86ba5d"
        ]
      },
      "StatusCode": 200
    },
    {
      "RequestUri": "/subscriptions/f34b22a3-2202-4fb1-b040-1332bd928c84/resourceGroups/flowrg/providers/Microsoft.Logic/integrationAccounts/IntegrationAccount3042?api-version=2016-06-01",
      "EncodedRequestUri": "L3N1YnNjcmlwdGlvbnMvZjM0YjIyYTMtMjIwMi00ZmIxLWIwNDAtMTMzMmJkOTI4Yzg0L3Jlc291cmNlR3JvdXBzL2Zsb3dyZy9wcm92aWRlcnMvTWljcm9zb2Z0LkxvZ2ljL2ludGVncmF0aW9uQWNjb3VudHMvSW50ZWdyYXRpb25BY2NvdW50MzA0Mj9hcGktdmVyc2lvbj0yMDE2LTA2LTAx",
      "RequestMethod": "DELETE",
      "RequestBody": "",
      "RequestHeaders": {
        "x-ms-client-request-id": [
          "9f09591b-e4cc-40e1-bc94-c832b89e61d0"
        ],
        "accept-language": [
          "en-US"
        ],
        "User-Agent": [
          "FxVersion/4.6.24410.01",
          "Microsoft.Azure.Management.Logic.LogicManagementClient/1.0.1"
        ]
      },
      "ResponseBody": "",
      "ResponseHeaders": {
        "Content-Length": [
          "0"
        ],
        "Expires": [
          "-1"
        ],
        "Cache-Control": [
          "no-cache"
        ],
        "Date": [
          "Fri, 10 Feb 2017 01:35:49 GMT"
        ],
        "Pragma": [
          "no-cache"
        ],
        "x-ms-request-id": [
          "westus:ebb2fdef-1fbc-4eeb-a886-5e585d8be030"
        ],
        "Strict-Transport-Security": [
          "max-age=31536000; includeSubDomains"
        ],
        "x-ms-ratelimit-remaining-subscription-writes": [
          "1197"
        ],
        "x-ms-correlation-request-id": [
          "4ddcedfc-7b4f-46b6-8e3f-d571fa171b6e"
        ],
        "x-ms-routing-request-id": [
          "WESTUS2:20170210T013550Z:4ddcedfc-7b4f-46b6-8e3f-d571fa171b6e"
        ]
      },
      "StatusCode": 200
    }
  ],
  "Names": {
    "CreateAndGetIntegrationAccountAgreement": [
      "IntegrationAccount3042",
      "IntegrationAccountAgreement8419"
    ]
  },
  "Variables": {
    "SubscriptionId": "f34b22a3-2202-4fb1-b040-1332bd928c84"
  }
}