{
  "Entries": [
    {
      "RequestUri": "http:\u002f\u002fstorageteglazatesting.blob.core.windows.net\u002ftest-container-a87a5699-95ff-8b60-ebc9-b1f355403639?restype=container",
      "RequestMethod": "PUT",
      "RequestHeaders": {
        "Authorization": "Sanitized",
        "Request-Id": "|584d27cd-4110f39a1cab3ec1.",
        "User-Agent": [
          "azsdk-net-Storage.Blobs\u002f12.0.0-dev.20190816.1\u002b0b169fa1e334f0a6d9b7c68fcdece459ccf147ea",
          "(.NET Core 4.6.27817.01; Microsoft Windows 10.0.18362 )"
        ],
        "x-ms-client-request-id": "b2db48488a9731a83c55f1493af442ab",
        "x-ms-date": "Fri, 16 Aug 2019 17:04:39 GMT",
        "x-ms-return-client-request-id": "true",
        "x-ms-version": "2019-02-02"
      },
      "RequestBody": null,
      "StatusCode": 201,
      "ResponseHeaders": {
        "Content-Length": "0",
        "Date": "Fri, 16 Aug 2019 17:04:38 GMT",
        "ETag": "\u00220x8D7226BD2DDBE14\u0022",
        "Last-Modified": "Fri, 16 Aug 2019 17:04:39 GMT",
        "Server": [
          "Windows-Azure-Blob\u002f1.0",
          "Microsoft-HTTPAPI\u002f2.0"
        ],
        "x-ms-client-request-id": "b2db48488a9731a83c55f1493af442ab",
        "x-ms-request-id": "9641d5d8-301e-0048-5354-545039000000",
        "x-ms-version": "2019-02-02"
      },
      "ResponseBody": []
    },
    {
      "RequestUri": "http:\u002f\u002fstorageteglazatesting.blob.core.windows.net\u002ftest-container-a87a5699-95ff-8b60-ebc9-b1f355403639?comp=lease\u0026restype=container",
      "RequestMethod": "PUT",
      "RequestHeaders": {
        "Authorization": "Sanitized",
        "Request-Id": "|584d27ce-4110f39a1cab3ec1.",
        "User-Agent": [
          "azsdk-net-Storage.Blobs\u002f12.0.0-dev.20190816.1\u002b0b169fa1e334f0a6d9b7c68fcdece459ccf147ea",
          "(.NET Core 4.6.27817.01; Microsoft Windows 10.0.18362 )"
        ],
        "x-ms-client-request-id": "e926cf72518d0f82ad496caaa41651f7",
        "x-ms-date": "Fri, 16 Aug 2019 17:04:39 GMT",
        "x-ms-lease-action": "acquire",
        "x-ms-lease-duration": "15",
        "x-ms-proposed-lease-id": "195f73ee-4792-79bc-07ca-5a92563fdb9c",
        "x-ms-return-client-request-id": "true",
        "x-ms-version": "2019-02-02"
      },
      "RequestBody": null,
      "StatusCode": 201,
      "ResponseHeaders": {
        "Content-Length": "0",
        "Date": "Fri, 16 Aug 2019 17:04:38 GMT",
        "ETag": "\u00220x8D7226BD2DDBE14\u0022",
        "Last-Modified": "Fri, 16 Aug 2019 17:04:39 GMT",
        "Server": [
          "Windows-Azure-Blob\u002f1.0",
          "Microsoft-HTTPAPI\u002f2.0"
        ],
        "x-ms-client-request-id": "e926cf72518d0f82ad496caaa41651f7",
        "x-ms-lease-id": "195f73ee-4792-79bc-07ca-5a92563fdb9c",
        "x-ms-request-id": "9641d610-301e-0048-0654-545039000000",
        "x-ms-version": "2019-02-02"
      },
      "ResponseBody": []
    },
    {
      "RequestUri": "http:\u002f\u002fstorageteglazatesting.blob.core.windows.net\u002ftest-container-a87a5699-95ff-8b60-ebc9-b1f355403639?restype=container",
      "RequestMethod": "DELETE",
      "RequestHeaders": {
        "Authorization": "Sanitized",
        "Request-Id": "|584d27cf-4110f39a1cab3ec1.",
        "User-Agent": [
          "azsdk-net-Storage.Blobs\u002f12.0.0-dev.20190816.1\u002b0b169fa1e334f0a6d9b7c68fcdece459ccf147ea",
          "(.NET Core 4.6.27817.01; Microsoft Windows 10.0.18362 )"
        ],
        "x-ms-client-request-id": "e20505861de100a78b62aacd2f16dafd",
        "x-ms-date": "Fri, 16 Aug 2019 17:04:39 GMT",
        "x-ms-lease-id": "195f73ee-4792-79bc-07ca-5a92563fdb9c",
        "x-ms-return-client-request-id": "true",
        "x-ms-version": "2019-02-02"
      },
      "RequestBody": null,
      "StatusCode": 202,
      "ResponseHeaders": {
        "Content-Length": "0",
        "Date": "Fri, 16 Aug 2019 17:04:38 GMT",
        "Server": [
          "Windows-Azure-Blob\u002f1.0",
          "Microsoft-HTTPAPI\u002f2.0"
        ],
        "x-ms-client-request-id": "e20505861de100a78b62aacd2f16dafd",
        "x-ms-request-id": "9641d62d-301e-0048-1f54-545039000000",
        "x-ms-version": "2019-02-02"
      },
      "ResponseBody": []
    }
  ],
  "Variables": {
    "RandomSeed": "1574960850",
    "Storage_TestConfigDefault": "ProductionTenant\nstorageteglazatesting\nU2FuaXRpemVk\nhttp:\u002f\u002fstorageteglazatesting.blob.core.windows.net\nhttp:\u002f\u002fstorageteglazatesting.file.core.windows.net\nhttp:\u002f\u002fstorageteglazatesting.queue.core.windows.net\nhttp:\u002f\u002fstorageteglazatesting.table.core.windows.net\n\n\n\n\nhttp:\u002f\u002fstorageteglazatesting-secondary.blob.core.windows.net\n\nhttp:\u002f\u002fstorageteglazatesting-secondary.queue.core.windows.net\nhttp:\u002f\u002fstorageteglazatesting-secondary.table.core.windows.net\n\nSanitized\n\n\nCloud\nBlobEndpoint=http:\u002f\u002fstorageteglazatesting.blob.core.windows.net\u002f;QueueEndpoint=http:\u002f\u002fstorageteglazatesting.queue.core.windows.net\u002f;TableEndpoint=http:\u002f\u002fstorageteglazatesting.table.core.windows.net\u002f;FileEndpoint=http:\u002f\u002fstorageteglazatesting.file.core.windows.net\u002f;BlobSecondaryEndpoint=http:\u002f\u002fstorageteglazatesting-secondary.blob.core.windows.net\u002f;QueueSecondaryEndpoint=http:\u002f\u002fstorageteglazatesting-secondary.queue.core.windows.net\u002f;TableSecondaryEndpoint=http:\u002f\u002fstorageteglazatesting-secondary.table.core.windows.net\u002f;AccountName=storageteglazatesting;AccountKey=Sanitized"
  }
}