{
  "Entries": [
    {
      "RequestUri": "http:\u002f\u002fstorageteglazatesting.blob.core.windows.net\u002ftest-container-b8994a03-2c3c-bbcf-4413-dfa77d9847da?restype=container",
      "RequestMethod": "PUT",
      "RequestHeaders": {
        "Authorization": "Sanitized",
        "Request-Id": "|83329359-417105b58f893b74.",
        "User-Agent": [
          "azsdk-net-Storage.Blobs\u002f12.0.0-dev.20190719.1\u002bc8048e578cb4cbc84a82baab49fbe6ebc3f4bd7e",
          "(.NET Core 4.6.27414.06; Microsoft Windows 10.0.18362 )"
        ],
        "x-ms-client-request-id": "c4b5440b533ae6119e0f57f0df70ad8a",
        "x-ms-date": "Fri, 19 Jul 2019 22:28:14 GMT",
        "x-ms-return-client-request-id": "true",
        "x-ms-version": "2018-11-09"
      },
      "RequestBody": null,
      "StatusCode": 201,
      "ResponseHeaders": {
        "Content-Length": "0",
        "Date": "Fri, 19 Jul 2019 22:28:13 GMT",
        "ETag": "\u00220x8D70C9863F761E6\u0022",
        "Last-Modified": "Fri, 19 Jul 2019 22:28:14 GMT",
        "Server": [
          "Windows-Azure-Blob\u002f1.0",
          "Microsoft-HTTPAPI\u002f2.0"
        ],
        "x-ms-request-id": "feb65490-501e-0061-4b81-3e6e4d000000",
        "x-ms-version": "2018-11-09"
      },
      "ResponseBody": []
    },
    {
      "RequestUri": "http:\u002f\u002fstorageteglazatesting.blob.core.windows.net\u002ftest-container-b8994a03-2c3c-bbcf-4413-dfa77d9847da?restype=container",
      "RequestMethod": "PUT",
      "RequestHeaders": {
        "Authorization": "Sanitized",
        "Request-Id": "|8332935a-417105b58f893b74.",
        "User-Agent": [
          "azsdk-net-Storage.Blobs\u002f12.0.0-dev.20190719.1\u002bc8048e578cb4cbc84a82baab49fbe6ebc3f4bd7e",
          "(.NET Core 4.6.27414.06; Microsoft Windows 10.0.18362 )"
        ],
        "x-ms-client-request-id": "896da20a41e8c137548141886f284993",
        "x-ms-date": "Fri, 19 Jul 2019 22:28:14 GMT",
        "x-ms-return-client-request-id": "true",
        "x-ms-version": "2018-11-09"
      },
      "RequestBody": null,
      "StatusCode": 409,
      "ResponseHeaders": {
        "Content-Length": "230",
        "Content-Type": "application\u002fxml",
        "Date": "Fri, 19 Jul 2019 22:28:13 GMT",
        "Server": [
          "Windows-Azure-Blob\u002f1.0",
          "Microsoft-HTTPAPI\u002f2.0"
        ],
        "x-ms-error-code": "ContainerAlreadyExists",
        "x-ms-request-id": "feb6549f-501e-0061-5681-3e6e4d000000",
        "x-ms-version": "2018-11-09"
      },
      "ResponseBody": [
        "\ufeff\u003c?xml version=\u00221.0\u0022 encoding=\u0022utf-8\u0022?\u003e\u003cError\u003e\u003cCode\u003eContainerAlreadyExists\u003c\u002fCode\u003e\u003cMessage\u003eThe specified container already exists.\n",
        "RequestId:feb6549f-501e-0061-5681-3e6e4d000000\n",
        "Time:2019-07-19T22:28:14.8073801Z\u003c\u002fMessage\u003e\u003c\u002fError\u003e"
      ]
    },
    {
      "RequestUri": "http:\u002f\u002fstorageteglazatesting.blob.core.windows.net\u002ftest-container-b8994a03-2c3c-bbcf-4413-dfa77d9847da?restype=container",
      "RequestMethod": "DELETE",
      "RequestHeaders": {
        "Authorization": "Sanitized",
        "Request-Id": "|8332935b-417105b58f893b74.",
        "User-Agent": [
          "azsdk-net-Storage.Blobs\u002f12.0.0-dev.20190719.1\u002bc8048e578cb4cbc84a82baab49fbe6ebc3f4bd7e",
          "(.NET Core 4.6.27414.06; Microsoft Windows 10.0.18362 )"
        ],
        "x-ms-client-request-id": "e523665b89c7b0af38b21a2cd4dedbd3",
        "x-ms-date": "Fri, 19 Jul 2019 22:28:14 GMT",
        "x-ms-return-client-request-id": "true",
        "x-ms-version": "2018-11-09"
      },
      "RequestBody": null,
      "StatusCode": 202,
      "ResponseHeaders": {
        "Content-Length": "0",
        "Date": "Fri, 19 Jul 2019 22:28:13 GMT",
        "Server": [
          "Windows-Azure-Blob\u002f1.0",
          "Microsoft-HTTPAPI\u002f2.0"
        ],
        "x-ms-request-id": "feb654a8-501e-0061-5c81-3e6e4d000000",
        "x-ms-version": "2018-11-09"
      },
      "ResponseBody": []
    }
  ],
  "Variables": {
    "RandomSeed": "959944203",
    "Storage_TestConfigDefault": "ProductionTenant\nstorageteglazatesting\nU2FuaXRpemVk\nhttp:\u002f\u002fstorageteglazatesting.blob.core.windows.net\nhttp:\u002f\u002fstorageteglazatesting.file.core.windows.net\nhttp:\u002f\u002fstorageteglazatesting.queue.core.windows.net\nhttp:\u002f\u002fstorageteglazatesting.table.core.windows.net\n\n\n\n\nhttp:\u002f\u002fstorageteglazatesting-secondary.blob.core.windows.net\n\nhttp:\u002f\u002fstorageteglazatesting-secondary.queue.core.windows.net\nhttp:\u002f\u002fstorageteglazatesting-secondary.table.core.windows.net\n\nSanitized\n\n\nCloud\nBlobEndpoint=http:\u002f\u002fstorageteglazatesting.blob.core.windows.net\u002f;QueueEndpoint=http:\u002f\u002fstorageteglazatesting.queue.core.windows.net\u002f;TableEndpoint=http:\u002f\u002fstorageteglazatesting.table.core.windows.net\u002f;FileEndpoint=http:\u002f\u002fstorageteglazatesting.file.core.windows.net\u002f;BlobSecondaryEndpoint=http:\u002f\u002fstorageteglazatesting-secondary.blob.core.windows.net\u002f;QueueSecondaryEndpoint=http:\u002f\u002fstorageteglazatesting-secondary.queue.core.windows.net\u002f;TableSecondaryEndpoint=http:\u002f\u002fstorageteglazatesting-secondary.table.core.windows.net\u002f;AccountName=storageteglazatesting;AccountKey=Sanitized"
  }
}