{
  "Entries": [
    {
      "RequestUri": "http:\u002f\u002fstorageteglazatesting.blob.core.windows.net\u002ftest-container-a6a3be0a-492f-e6b8-bd68-8e3e16d85fd9?restype=container",
      "RequestMethod": "PUT",
      "RequestHeaders": {
        "Authorization": "Sanitized",
        "Request-Id": "|584d296d-4110f39a1cab3ec1.",
        "User-Agent": [
          "azsdk-net-Storage.Blobs\u002f12.0.0-dev.20190816.1\u002b0b169fa1e334f0a6d9b7c68fcdece459ccf147ea",
          "(.NET Core 4.6.27817.01; Microsoft Windows 10.0.18362 )"
        ],
        "x-ms-client-request-id": "0ed252dd6a00ecf3125617db82c36f05",
        "x-ms-date": "Fri, 16 Aug 2019 17:04:52 GMT",
        "x-ms-meta-foo": "bar",
        "x-ms-meta-meta": "data",
        "x-ms-return-client-request-id": "true",
        "x-ms-version": "2019-02-02"
      },
      "RequestBody": null,
      "StatusCode": 201,
      "ResponseHeaders": {
        "Content-Length": "0",
        "Date": "Fri, 16 Aug 2019 17:04:52 GMT",
        "ETag": "\u00220x8D7226BDAEC41E5\u0022",
        "Last-Modified": "Fri, 16 Aug 2019 17:04:52 GMT",
        "Server": [
          "Windows-Azure-Blob\u002f1.0",
          "Microsoft-HTTPAPI\u002f2.0"
        ],
        "x-ms-client-request-id": "0ed252dd6a00ecf3125617db82c36f05",
        "x-ms-request-id": "96420c57-301e-0048-6654-545039000000",
        "x-ms-version": "2019-02-02"
      },
      "ResponseBody": []
    },
    {
      "RequestUri": "http:\u002f\u002fstorageteglazatesting.blob.core.windows.net\u002ftest-container-a6a3be0a-492f-e6b8-bd68-8e3e16d85fd9?restype=container",
      "RequestMethod": "GET",
      "RequestHeaders": {
        "Authorization": "Sanitized",
        "Request-Id": "|584d296e-4110f39a1cab3ec1.",
        "User-Agent": [
          "azsdk-net-Storage.Blobs\u002f12.0.0-dev.20190816.1\u002b0b169fa1e334f0a6d9b7c68fcdece459ccf147ea",
          "(.NET Core 4.6.27817.01; Microsoft Windows 10.0.18362 )"
        ],
        "x-ms-client-request-id": "56d544ecd3b683b09a5983ee1b34ec1e",
        "x-ms-date": "Fri, 16 Aug 2019 17:04:52 GMT",
        "x-ms-return-client-request-id": "true",
        "x-ms-version": "2019-02-02"
      },
      "RequestBody": null,
      "StatusCode": 200,
      "ResponseHeaders": {
        "Content-Length": "0",
        "Date": "Fri, 16 Aug 2019 17:04:52 GMT",
        "ETag": "\u00220x8D7226BDAEC41E5\u0022",
        "Last-Modified": "Fri, 16 Aug 2019 17:04:52 GMT",
        "Server": [
          "Windows-Azure-Blob\u002f1.0",
          "Microsoft-HTTPAPI\u002f2.0"
        ],
        "x-ms-client-request-id": "56d544ecd3b683b09a5983ee1b34ec1e",
        "x-ms-has-immutability-policy": "false",
        "x-ms-has-legal-hold": "false",
        "x-ms-lease-state": "available",
        "x-ms-lease-status": "unlocked",
        "x-ms-meta-foo": "bar",
        "x-ms-meta-meta": "data",
        "x-ms-request-id": "96420c67-301e-0048-7354-545039000000",
        "x-ms-version": "2019-02-02"
      },
      "ResponseBody": []
    },
    {
      "RequestUri": "http:\u002f\u002fstorageteglazatesting.blob.core.windows.net\u002ftest-container-a6a3be0a-492f-e6b8-bd68-8e3e16d85fd9?restype=container",
      "RequestMethod": "DELETE",
      "RequestHeaders": {
        "Authorization": "Sanitized",
        "Request-Id": "|584d296f-4110f39a1cab3ec1.",
        "User-Agent": [
          "azsdk-net-Storage.Blobs\u002f12.0.0-dev.20190816.1\u002b0b169fa1e334f0a6d9b7c68fcdece459ccf147ea",
          "(.NET Core 4.6.27817.01; Microsoft Windows 10.0.18362 )"
        ],
        "x-ms-client-request-id": "1bfcd25333149f82cab694d931dd64fa",
        "x-ms-date": "Fri, 16 Aug 2019 17:04:52 GMT",
        "x-ms-return-client-request-id": "true",
        "x-ms-version": "2019-02-02"
      },
      "RequestBody": null,
      "StatusCode": 202,
      "ResponseHeaders": {
        "Content-Length": "0",
        "Date": "Fri, 16 Aug 2019 17:04:52 GMT",
        "Server": [
          "Windows-Azure-Blob\u002f1.0",
          "Microsoft-HTTPAPI\u002f2.0"
        ],
        "x-ms-client-request-id": "1bfcd25333149f82cab694d931dd64fa",
        "x-ms-request-id": "96420c7c-301e-0048-0554-545039000000",
        "x-ms-version": "2019-02-02"
      },
      "ResponseBody": []
    }
  ],
  "Variables": {
    "RandomSeed": "1725435508",
    "Storage_TestConfigDefault": "ProductionTenant\nstorageteglazatesting\nU2FuaXRpemVk\nhttp:\u002f\u002fstorageteglazatesting.blob.core.windows.net\nhttp:\u002f\u002fstorageteglazatesting.file.core.windows.net\nhttp:\u002f\u002fstorageteglazatesting.queue.core.windows.net\nhttp:\u002f\u002fstorageteglazatesting.table.core.windows.net\n\n\n\n\nhttp:\u002f\u002fstorageteglazatesting-secondary.blob.core.windows.net\n\nhttp:\u002f\u002fstorageteglazatesting-secondary.queue.core.windows.net\nhttp:\u002f\u002fstorageteglazatesting-secondary.table.core.windows.net\n\nSanitized\n\n\nCloud\nBlobEndpoint=http:\u002f\u002fstorageteglazatesting.blob.core.windows.net\u002f;QueueEndpoint=http:\u002f\u002fstorageteglazatesting.queue.core.windows.net\u002f;TableEndpoint=http:\u002f\u002fstorageteglazatesting.table.core.windows.net\u002f;FileEndpoint=http:\u002f\u002fstorageteglazatesting.file.core.windows.net\u002f;BlobSecondaryEndpoint=http:\u002f\u002fstorageteglazatesting-secondary.blob.core.windows.net\u002f;QueueSecondaryEndpoint=http:\u002f\u002fstorageteglazatesting-secondary.queue.core.windows.net\u002f;TableSecondaryEndpoint=http:\u002f\u002fstorageteglazatesting-secondary.table.core.windows.net\u002f;AccountName=storageteglazatesting;AccountKey=Sanitized"
  }
}