{
  "Entries": [
    {
      "RequestUri": "https://seanmcccanary3.blob.core.windows.net/test-container-b617b59a-97d5-43d8-9a4d-8ad797f47e3a?sv=2021-12-02&ss=bfqt&srt=sco&spr=https&se=2021-02-17T19%3A59%3A08Z&sp=wd&sig=Sanitized&restype=container",
      "RequestMethod": "PUT",
      "RequestHeaders": {
        "Accept": "application/xml",
        "traceparent": "00-144ef65c5686ff4db3e80b0fca87bdf0-a16490e37c78894b-00",
        "User-Agent": [
          "azsdk-net-Storage.Blobs/12.9.0-alpha.20210217.1",
          "(.NET 5.0.3; Microsoft Windows 10.0.19042)"
        ],
        "x-ms-client-request-id": "fd46f765-e284-3bff-423e-3910be7e74d1",
        "x-ms-return-client-request-id": "true",
        "x-ms-version": "2021-06-08"
      },
      "RequestBody": null,
      "StatusCode": 201,
      "ResponseHeaders": {
        "Content-Length": "0",
        "Date": "Wed, 17 Feb 2021 18:59:08 GMT",
        "ETag": "\"0x8D8D3761B3C0AAF\"",
        "Last-Modified": "Wed, 17 Feb 2021 18:59:08 GMT",
        "Server": [
          "Windows-Azure-Blob/1.0",
          "Microsoft-HTTPAPI/2.0"
        ],
        "x-ms-client-request-id": "fd46f765-e284-3bff-423e-3910be7e74d1",
        "x-ms-request-id": "42c5603b-201e-000c-655e-054dca000000",
        "x-ms-version": "2021-06-08"
      },
      "ResponseBody": []
    },
    {
      "RequestUri": "https://seanmcccanary3.blob.core.windows.net/test-container-b617b59a-97d5-43d8-9a4d-8ad797f47e3a/test-blob-3fa95917-07bc-8042-eadb-5af59ac225b7?sv=2021-12-02&ss=bfqt&srt=sco&spr=https&se=2021-02-17T19%3A59%3A08Z&sp=wd&sig=Sanitized",
      "RequestMethod": "HEAD",
      "RequestHeaders": {
        "Accept": "application/xml",
        "traceparent": "00-fd3aff2e1d1ca94dbdce4a78836a5b60-63a49f91fa0da84a-00",
        "User-Agent": [
          "azsdk-net-Storage.Blobs/12.9.0-alpha.20210217.1",
          "(.NET 5.0.3; Microsoft Windows 10.0.19042)"
        ],
        "x-ms-client-request-id": "d8f39f3c-440b-8da4-6245-90c2e0d8349a",
        "x-ms-return-client-request-id": "true",
        "x-ms-version": "2021-06-08"
      },
      "RequestBody": null,
      "StatusCode": 403,
      "ResponseHeaders": {
        "Date": "Wed, 17 Feb 2021 18:59:08 GMT",
        "Server": [
          "Windows-Azure-Blob/1.0",
          "Microsoft-HTTPAPI/2.0"
        ],
        "Transfer-Encoding": "chunked",
        "x-ms-client-request-id": "d8f39f3c-440b-8da4-6245-90c2e0d8349a",
        "x-ms-error-code": "AuthorizationPermissionMismatch",
        "x-ms-request-id": "42c56045-201e-000c-6d5e-054dca000000",
        "x-ms-version": "2021-06-08"
      },
      "ResponseBody": []
    },
    {
      "RequestUri": "https://seanmcccanary3.blob.core.windows.net/test-container-b617b59a-97d5-43d8-9a4d-8ad797f47e3a?sv=2021-12-02&ss=bfqt&srt=sco&spr=https&se=2021-02-17T19%3A59%3A08Z&sp=wd&sig=Sanitized&restype=container",
      "RequestMethod": "DELETE",
      "RequestHeaders": {
        "Accept": "application/xml",
        "traceparent": "00-2e65281399db884da3f7d9f096f03b29-b8af7c2eed6fb74f-00",
        "User-Agent": [
          "azsdk-net-Storage.Blobs/12.9.0-alpha.20210217.1",
          "(.NET 5.0.3; Microsoft Windows 10.0.19042)"
        ],
        "x-ms-client-request-id": "9497a3c3-6b9b-49f2-07fe-3b72b5f920cd",
        "x-ms-return-client-request-id": "true",
        "x-ms-version": "2021-06-08"
      },
      "RequestBody": null,
      "StatusCode": 202,
      "ResponseHeaders": {
        "Content-Length": "0",
        "Date": "Wed, 17 Feb 2021 18:59:08 GMT",
        "Server": [
          "Windows-Azure-Blob/1.0",
          "Microsoft-HTTPAPI/2.0"
        ],
        "x-ms-client-request-id": "9497a3c3-6b9b-49f2-07fe-3b72b5f920cd",
        "x-ms-request-id": "42c56059-201e-000c-805e-054dca000000",
        "x-ms-version": "2021-06-08"
      },
      "ResponseBody": []
    }
  ],
  "Variables": {
    "DateTimeOffsetNow": "2021-02-17T12:59:08.7092826-06:00",
    "RandomSeed": "776417393",
    "Storage_TestConfigDefault": "ProductionTenant\nseanmcccanary3\nU2FuaXRpemVk\nhttps://seanmcccanary3.blob.core.windows.net\nhttps://seanmcccanary3.file.core.windows.net\nhttps://seanmcccanary3.queue.core.windows.net\nhttps://seanmcccanary3.table.core.windows.net\n\n\n\n\nhttps://seanmcccanary3-secondary.blob.core.windows.net\nhttps://seanmcccanary3-secondary.file.core.windows.net\nhttps://seanmcccanary3-secondary.queue.core.windows.net\nhttps://seanmcccanary3-secondary.table.core.windows.net\n\nSanitized\n\n\nCloud\nBlobEndpoint=https://seanmcccanary3.blob.core.windows.net/;QueueEndpoint=https://seanmcccanary3.queue.core.windows.net/;FileEndpoint=https://seanmcccanary3.file.core.windows.net/;BlobSecondaryEndpoint=https://seanmcccanary3-secondary.blob.core.windows.net/;QueueSecondaryEndpoint=https://seanmcccanary3-secondary.queue.core.windows.net/;FileSecondaryEndpoint=https://seanmcccanary3-secondary.file.core.windows.net/;AccountName=seanmcccanary3;AccountKey=Kg==;\nseanscope1\n\n"
  }
}