{
  "Entries": [
    {
      "RequestUri": "http://storageteglazatesting.blob.core.windows.net/test-container-6a1d792e-146b-2dca-0f9e-4225b824afac?restype=container",
      "RequestMethod": "PUT",
      "RequestHeaders": {
        "Authorization": "Sanitized",
        "User-Agent": [
          "azsdk-net-Storage.Blobs/12.0.0-dev.20190712.1\u002b449c23cd1e82894613a14e163bc0fe3e0583c3ec",
          "(.NET Core 4.6.27414.06; Microsoft Windows 10.0.18362 )"
        ],
        "x-ms-blob-public-access": "container",
        "x-ms-client-request-id": "c109954892ab2f1dcb2fc7afa26d64a3",
        "x-ms-date": "Fri, 12 Jul 2019 17:54:37 GMT",
        "x-ms-return-client-request-id": "true",
        "x-ms-version": "2018-11-09"
      },
      "RequestBody": null,
      "StatusCode": 201,
      "ResponseHeaders": {
        "Content-Length": "0",
        "Date": "Fri, 12 Jul 2019 17:54:36 GMT",
        "ETag": "\u00220x8D706F201B10F70\u0022",
        "Last-Modified": "Fri, 12 Jul 2019 17:54:37 GMT",
        "Server": [
          "Windows-Azure-Blob/1.0",
          "Microsoft-HTTPAPI/2.0"
        ],
        "x-ms-request-id": "2f89fca9-b01e-000b-79da-38b665000000",
        "x-ms-version": "2018-11-09"
      },
      "ResponseBody": null
    },
    {
      "RequestUri": "http://storageteglazatesting.blob.core.windows.net/test-container-6a1d792e-146b-2dca-0f9e-4225b824afac/test-blob-248d80ef-9fe6-3db6-03e1-1b0571d501ae",
      "RequestMethod": "PUT",
      "RequestHeaders": {
        "Authorization": "Sanitized",
        "Content-Length": "100",
        "User-Agent": [
          "azsdk-net-Storage.Blobs/12.0.0-dev.20190712.1\u002b449c23cd1e82894613a14e163bc0fe3e0583c3ec",
          "(.NET Core 4.6.27414.06; Microsoft Windows 10.0.18362 )"
        ],
        "x-ms-blob-type": "BlockBlob",
        "x-ms-client-request-id": "fec0bb6dc4fe4851ec726edef5edde7d",
        "x-ms-date": "Fri, 12 Jul 2019 17:54:37 GMT",
        "x-ms-return-client-request-id": "true",
        "x-ms-version": "2018-11-09"
      },
      "RequestBody": "vG9HMYUQJZxb7Z87TRqKoTqfNTeWi8Wo38u9yncYvvYuGPIzJjMd31rxyPn/evDoVnnL0p/JGDCqnlK5UlskQi\u002bpDDQnV3sGgVbdpcLLqGTb1XT9TetWZADCiIjgY4z/zIbKVg==",
      "StatusCode": 201,
      "ResponseHeaders": {
        "Content-Length": "0",
        "Content-MD5": "REcWZILfsGdXICDH6GrGDg==",
        "Date": "Fri, 12 Jul 2019 17:54:36 GMT",
        "ETag": "\u00220x8D706F201B35E20\u0022",
        "Last-Modified": "Fri, 12 Jul 2019 17:54:37 GMT",
        "Server": [
          "Windows-Azure-Blob/1.0",
          "Microsoft-HTTPAPI/2.0"
        ],
        "x-ms-request-id": "2f89fcc3-b01e-000b-12da-38b665000000",
        "x-ms-request-server-encrypted": "true",
        "x-ms-version": "2018-11-09"
      },
      "ResponseBody": null
    },
    {
      "RequestUri": "http://storageteglazatesting.blob.core.windows.net/test-container-6a1d792e-146b-2dca-0f9e-4225b824afac/test-blob-248d80ef-9fe6-3db6-03e1-1b0571d501ae",
      "RequestMethod": "DELETE",
      "RequestHeaders": {
        "Authorization": "Sanitized",
        "User-Agent": [
          "azsdk-net-Storage.Blobs/12.0.0-dev.20190712.1\u002b449c23cd1e82894613a14e163bc0fe3e0583c3ec",
          "(.NET Core 4.6.27414.06; Microsoft Windows 10.0.18362 )"
        ],
        "x-ms-client-request-id": "43f527e7a8526534cef3261dc9ddd93c",
        "x-ms-date": "Fri, 12 Jul 2019 17:54:37 GMT",
        "x-ms-return-client-request-id": "true",
        "x-ms-version": "2018-11-09"
      },
      "RequestBody": null,
      "StatusCode": 202,
      "ResponseHeaders": {
        "Content-Length": "0",
        "Date": "Fri, 12 Jul 2019 17:54:36 GMT",
        "Server": [
          "Windows-Azure-Blob/1.0",
          "Microsoft-HTTPAPI/2.0"
        ],
        "x-ms-delete-type-permanent": "true",
        "x-ms-request-id": "2f89fce0-b01e-000b-2bda-38b665000000",
        "x-ms-version": "2018-11-09"
      },
      "ResponseBody": null
    },
    {
      "RequestUri": "http://storageteglazatesting.blob.core.windows.net/test-container-6a1d792e-146b-2dca-0f9e-4225b824afac/test-blob-248d80ef-9fe6-3db6-03e1-1b0571d501ae",
      "RequestMethod": "HEAD",
      "RequestHeaders": {
        "Authorization": "Sanitized",
        "User-Agent": [
          "azsdk-net-Storage.Blobs/12.0.0-dev.20190712.1\u002b449c23cd1e82894613a14e163bc0fe3e0583c3ec",
          "(.NET Core 4.6.27414.06; Microsoft Windows 10.0.18362 )"
        ],
        "x-ms-client-request-id": "1ff65201751489ff9a0e788e53aa92f3",
        "x-ms-date": "Fri, 12 Jul 2019 17:54:37 GMT",
        "x-ms-return-client-request-id": "true",
        "x-ms-version": "2018-11-09"
      },
      "RequestBody": null,
      "StatusCode": 404,
      "ResponseHeaders": {
        "Date": "Fri, 12 Jul 2019 17:54:36 GMT",
        "Server": [
          "Windows-Azure-Blob/1.0",
          "Microsoft-HTTPAPI/2.0"
        ],
        "Transfer-Encoding": "chunked",
        "x-ms-error-code": "BlobNotFound",
        "x-ms-request-id": "2f89fd84-b01e-000b-49da-38b665000000",
        "x-ms-version": "2018-11-09"
      },
      "ResponseBody": null
    },
    {
      "RequestUri": "http://storageteglazatesting.blob.core.windows.net/test-container-6a1d792e-146b-2dca-0f9e-4225b824afac?restype=container",
      "RequestMethod": "DELETE",
      "RequestHeaders": {
        "Authorization": "Sanitized",
        "User-Agent": [
          "azsdk-net-Storage.Blobs/12.0.0-dev.20190712.1\u002b449c23cd1e82894613a14e163bc0fe3e0583c3ec",
          "(.NET Core 4.6.27414.06; Microsoft Windows 10.0.18362 )"
        ],
        "x-ms-client-request-id": "a5180f858691c503875b2f0b9e337e0f",
        "x-ms-date": "Fri, 12 Jul 2019 17:54:37 GMT",
        "x-ms-return-client-request-id": "true",
        "x-ms-version": "2018-11-09"
      },
      "RequestBody": null,
      "StatusCode": 202,
      "ResponseHeaders": {
        "Content-Length": "0",
        "Date": "Fri, 12 Jul 2019 17:54:36 GMT",
        "Server": [
          "Windows-Azure-Blob/1.0",
          "Microsoft-HTTPAPI/2.0"
        ],
        "x-ms-request-id": "2f89fd99-b01e-000b-5eda-38b665000000",
        "x-ms-version": "2018-11-09"
      },
      "ResponseBody": null
    }
  ],
  "Variables": {
    "RandomSeed": "457144742",
    "Storage_TestConfigDefault": "ProductionTenant\nstorageteglazatesting\nU2FuaXRpemVk\nhttp://storageteglazatesting.blob.core.windows.net\nhttp://storageteglazatesting.file.core.windows.net\nhttp://storageteglazatesting.queue.core.windows.net\nhttp://storageteglazatesting.table.core.windows.net\n\n\n\n\nhttp://storageteglazatesting-secondary.blob.core.windows.net\n\nhttp://storageteglazatesting-secondary.queue.core.windows.net\nhttp://storageteglazatesting-secondary.table.core.windows.net\n\nSanitized\n\n\nCloud\nBlobEndpoint=http://storageteglazatesting.blob.core.windows.net/;QueueEndpoint=http://storageteglazatesting.queue.core.windows.net/;TableEndpoint=http://storageteglazatesting.table.core.windows.net/;FileEndpoint=http://storageteglazatesting.file.core.windows.net/;BlobSecondaryEndpoint=http://storageteglazatesting-secondary.blob.core.windows.net/;QueueSecondaryEndpoint=http://storageteglazatesting-secondary.queue.core.windows.net/;TableSecondaryEndpoint=http://storageteglazatesting-secondary.table.core.windows.net/;AccountName=storageteglazatesting;AccountKey=Sanitized"
  }
}