{
  "Entries": [
    {
      "RequestUri": "http://jolovstorage.blob.core.windows.net/test-container-01e2404c-f705-6b00-8629-d9575dcf1f80?restype=container",
      "RequestMethod": "PUT",
      "RequestHeaders": {
        "Authorization": "Sanitized",
        "traceparent": "00-31b8f4b2a787854f850ce66db404e8f8-2def284dce9ad94f-00",
        "User-Agent": [
          "azsdk-net-Storage.Blobs/12.0.0-dev.20191004.1\u002Bc467128b5b1c199529fb0f0098877822633b36e6",
          "(.NET Core 4.6.28008.01; Microsoft Windows 10.0.18362 )"
        ],
        "x-ms-blob-public-access": "container",
        "x-ms-client-request-id": "0ddb77df-fc64-b242-fe87-1e7ead8b825e",
        "x-ms-date": "Fri, 04 Oct 2019 23:43:13 GMT",
        "x-ms-return-client-request-id": "true",
        "x-ms-version": "2019-02-02"
      },
      "RequestBody": null,
      "StatusCode": 201,
      "ResponseHeaders": {
        "Content-Length": "0",
        "Date": "Fri, 04 Oct 2019 23:43:12 GMT",
        "ETag": "\u00220x8D749249F6896A7\u0022",
        "Last-Modified": "Fri, 04 Oct 2019 23:43:13 GMT",
        "Server": [
          "Windows-Azure-Blob/1.0",
          "Microsoft-HTTPAPI/2.0"
        ],
        "x-ms-client-request-id": "0ddb77df-fc64-b242-fe87-1e7ead8b825e",
        "x-ms-request-id": "d891eea6-501e-0059-5d0d-7bf429000000",
        "x-ms-version": "2019-02-02"
      },
      "ResponseBody": []
    },
    {
      "RequestUri": "http://jolovstorage.blob.core.windows.net/test-container-01e2404c-f705-6b00-8629-d9575dcf1f80/test-blob-117b8aeb-bf21-f6c9-d37f-34d8e387ccf8",
      "RequestMethod": "PUT",
      "RequestHeaders": {
        "Authorization": "Sanitized",
        "Content-Length": "100",
        "traceparent": "00-c554d90d865e7b4b998d62536839f7ae-9ed4915ea800bd41-00",
        "User-Agent": [
          "azsdk-net-Storage.Blobs/12.0.0-dev.20191004.1\u002Bc467128b5b1c199529fb0f0098877822633b36e6",
          "(.NET Core 4.6.28008.01; Microsoft Windows 10.0.18362 )"
        ],
        "x-ms-blob-type": "BlockBlob",
        "x-ms-client-request-id": "e6fad41c-a0d0-01d0-8e75-a6eeb16bab1d",
        "x-ms-date": "Fri, 04 Oct 2019 23:43:13 GMT",
        "x-ms-return-client-request-id": "true",
        "x-ms-version": "2019-02-02"
      },
      "RequestBody": "Sft45fQRG3KeVsRfNu60Qqm0jRMSzr0fruQ55Mdpz3e7JjSyEp1q2m8Icsv7acDlyvEvLvm45Xs9WTcP2DaqNYZNoxC6Ai8MSrOkCVvyJEUkVBnWOqB9A0C4dLlmWwE4Xj1ErQ==",
      "StatusCode": 201,
      "ResponseHeaders": {
        "Content-Length": "0",
        "Content-MD5": "zprLHcXoWiXxaMtiszRpsg==",
        "Date": "Fri, 04 Oct 2019 23:43:12 GMT",
        "ETag": "\u00220x8D749249F6D8AFF\u0022",
        "Last-Modified": "Fri, 04 Oct 2019 23:43:13 GMT",
        "Server": [
          "Windows-Azure-Blob/1.0",
          "Microsoft-HTTPAPI/2.0"
        ],
        "x-ms-client-request-id": "e6fad41c-a0d0-01d0-8e75-a6eeb16bab1d",
        "x-ms-content-crc64": "zD1VjYIJ/EI=",
        "x-ms-request-id": "d891eeb9-501e-0059-6f0d-7bf429000000",
        "x-ms-request-server-encrypted": "true",
        "x-ms-version": "2019-02-02"
      },
      "ResponseBody": []
    },
    {
      "RequestUri": "http://jolovstorage.blob.core.windows.net/test-container-01e2404c-f705-6b00-8629-d9575dcf1f80/test-blob-117b8aeb-bf21-f6c9-d37f-34d8e387ccf8",
      "RequestMethod": "DELETE",
      "RequestHeaders": {
        "Authorization": "Sanitized",
        "traceparent": "00-da7600ef179d9a4e8c9cee0cd9930807-bc31bea8ef2a5d44-00",
        "User-Agent": [
          "azsdk-net-Storage.Blobs/12.0.0-dev.20191004.1\u002Bc467128b5b1c199529fb0f0098877822633b36e6",
          "(.NET Core 4.6.28008.01; Microsoft Windows 10.0.18362 )"
        ],
        "x-ms-client-request-id": "891b7d70-5d42-25dc-df29-394c7df594a7",
        "x-ms-date": "Fri, 04 Oct 2019 23:43:13 GMT",
        "x-ms-delete-snapshots": "include",
        "x-ms-return-client-request-id": "true",
        "x-ms-version": "2019-02-02"
      },
      "RequestBody": null,
      "StatusCode": 202,
      "ResponseHeaders": {
        "Content-Length": "0",
        "Date": "Fri, 04 Oct 2019 23:43:12 GMT",
        "Server": [
          "Windows-Azure-Blob/1.0",
          "Microsoft-HTTPAPI/2.0"
        ],
        "x-ms-client-request-id": "891b7d70-5d42-25dc-df29-394c7df594a7",
        "x-ms-delete-type-permanent": "true",
        "x-ms-request-id": "d891eecd-501e-0059-030d-7bf429000000",
        "x-ms-version": "2019-02-02"
      },
      "ResponseBody": []
    },
    {
      "RequestUri": "http://jolovstorage.blob.core.windows.net/test-container-01e2404c-f705-6b00-8629-d9575dcf1f80/test-blob-117b8aeb-bf21-f6c9-d37f-34d8e387ccf8",
      "RequestMethod": "HEAD",
      "RequestHeaders": {
        "Authorization": "Sanitized",
        "traceparent": "00-77fbfb3cddb2d5439f5ca19d46c88cb6-c80936b1b0247749-00",
        "User-Agent": [
          "azsdk-net-Storage.Blobs/12.0.0-dev.20191004.1\u002Bc467128b5b1c199529fb0f0098877822633b36e6",
          "(.NET Core 4.6.28008.01; Microsoft Windows 10.0.18362 )"
        ],
        "x-ms-client-request-id": "347e32f0-214f-50db-9a5a-95ff17c899c6",
        "x-ms-date": "Fri, 04 Oct 2019 23:43:13 GMT",
        "x-ms-return-client-request-id": "true",
        "x-ms-version": "2019-02-02"
      },
      "RequestBody": null,
      "StatusCode": 404,
      "ResponseHeaders": {
        "Date": "Fri, 04 Oct 2019 23:43:13 GMT",
        "Server": [
          "Windows-Azure-Blob/1.0",
          "Microsoft-HTTPAPI/2.0"
        ],
        "Transfer-Encoding": "chunked",
        "x-ms-client-request-id": "347e32f0-214f-50db-9a5a-95ff17c899c6",
        "x-ms-error-code": "BlobNotFound",
        "x-ms-request-id": "d891eedb-501e-0059-100d-7bf429000000",
        "x-ms-version": "2019-02-02"
      },
      "ResponseBody": []
    },
    {
      "RequestUri": "http://jolovstorage.blob.core.windows.net/test-container-01e2404c-f705-6b00-8629-d9575dcf1f80?restype=container",
      "RequestMethod": "DELETE",
      "RequestHeaders": {
        "Authorization": "Sanitized",
        "traceparent": "00-c8e81696ee6958488e9948b449ae82c2-32a3c61a91b81142-00",
        "User-Agent": [
          "azsdk-net-Storage.Blobs/12.0.0-dev.20191004.1\u002Bc467128b5b1c199529fb0f0098877822633b36e6",
          "(.NET Core 4.6.28008.01; Microsoft Windows 10.0.18362 )"
        ],
        "x-ms-client-request-id": "4b5bd4c0-6076-0e57-274d-2318e05bb2f7",
        "x-ms-date": "Fri, 04 Oct 2019 23:43:13 GMT",
        "x-ms-return-client-request-id": "true",
        "x-ms-version": "2019-02-02"
      },
      "RequestBody": null,
      "StatusCode": 202,
      "ResponseHeaders": {
        "Content-Length": "0",
        "Date": "Fri, 04 Oct 2019 23:43:13 GMT",
        "Server": [
          "Windows-Azure-Blob/1.0",
          "Microsoft-HTTPAPI/2.0"
        ],
        "x-ms-client-request-id": "4b5bd4c0-6076-0e57-274d-2318e05bb2f7",
        "x-ms-request-id": "d891eeeb-501e-0059-200d-7bf429000000",
        "x-ms-version": "2019-02-02"
      },
      "ResponseBody": []
    }
  ],
  "Variables": {
    "RandomSeed": "270952766",
    "Storage_TestConfigDefault": "ProductionTenant\njolovstorage\nU2FuaXRpemVk\nhttp://jolovstorage.blob.core.windows.net\nhttp://jolovstorage.file.core.windows.net\nhttp://jolovstorage.queue.core.windows.net\nhttp://jolovstorage.table.core.windows.net\n\n\n\n\nhttp://jolovstorage-secondary.blob.core.windows.net\n\nhttp://jolovstorage-secondary.queue.core.windows.net\nhttp://jolovstorage-secondary.table.core.windows.net\n\nSanitized\n\n\nCloud\nBlobEndpoint=http://jolovstorage.blob.core.windows.net/;QueueEndpoint=http://jolovstorage.queue.core.windows.net/;TableEndpoint=http://jolovstorage.table.core.windows.net/;FileEndpoint=http://jolovstorage.file.core.windows.net/;BlobSecondaryEndpoint=http://jolovstorage-secondary.blob.core.windows.net/;QueueSecondaryEndpoint=http://jolovstorage-secondary.queue.core.windows.net/;TableSecondaryEndpoint=http://jolovstorage-secondary.table.core.windows.net/;AccountName=jolovstorage;AccountKey=Sanitized"
  }
}