{
  "Entries": [
    {
      "RequestUri": "https://gczxscnapby3prdev16a.blob.preprod.core.windows.net/test-container-7ee9a278-ee95-4275-0dbf-8169ea06bff1?restype=container",
      "RequestMethod": "PUT",
      "RequestHeaders": {
        "Accept": "application/xml",
        "Authorization": "Sanitized",
        "traceparent": "00-65493e955340504b984d7e6684c54bb2-e142111350fad042-00",
        "User-Agent": [
          "azsdk-net-Storage.Blobs/12.11.0-alpha.20211104.1",
          "(.NET 5.0.11; Microsoft Windows 10.0.19043)"
        ],
        "x-ms-blob-public-access": "container",
        "x-ms-client-request-id": "90a248a1-1768-0a5f-8bdb-8684a55eedf9",
        "x-ms-date": "Thu, 04 Nov 2021 17:30:12 GMT",
        "x-ms-return-client-request-id": "true",
        "x-ms-version": "2021-06-08"
      },
      "RequestBody": null,
      "StatusCode": 201,
      "ResponseHeaders": {
        "Date": "Thu, 04 Nov 2021 17:30:11 GMT",
        "ETag": "\u00220x8D99FB8C179840C\u0022",
        "Last-Modified": "Thu, 04 Nov 2021 17:30:11 GMT",
        "Transfer-Encoding": "chunked",
        "x-ms-client-request-id": "90a248a1-1768-0a5f-8bdb-8684a55eedf9",
        "x-ms-request-id": "5f974048-d01e-0004-6aa1-d19334000000",
        "x-ms-version": "2021-06-08"
      },
      "ResponseBody": []
    },
    {
      "RequestUri": "https://gczxscnapby3prdev16a.blob.preprod.core.windows.net/test-container-7ee9a278-ee95-4275-0dbf-8169ea06bff1/test-blob-9faa289b-c97f-5802-b672-4fc45152d9e7",
      "RequestMethod": "PUT",
      "RequestHeaders": {
        "Accept": "application/xml",
        "Authorization": "Sanitized",
        "traceparent": "00-11b3980cb3b72e42ae2f24525ece1a17-7b994d9d58e99c47-00",
        "User-Agent": [
          "azsdk-net-Storage.Blobs/12.11.0-alpha.20211104.1",
          "(.NET 5.0.11; Microsoft Windows 10.0.19043)"
        ],
        "x-ms-blob-type": "AppendBlob",
        "x-ms-client-request-id": "4086a3e3-387b-d816-464a-d9f5c89ab938",
        "x-ms-date": "Thu, 04 Nov 2021 17:30:12 GMT",
        "x-ms-return-client-request-id": "true",
        "x-ms-tags": "myTagKey=myTagValue",
        "x-ms-version": "2021-06-08"
      },
      "RequestBody": null,
      "StatusCode": 201,
      "ResponseHeaders": {
        "Date": "Thu, 04 Nov 2021 17:30:11 GMT",
        "ETag": "\u00220x8D99FB8C19518D2\u0022",
        "Last-Modified": "Thu, 04 Nov 2021 17:30:12 GMT",
        "Transfer-Encoding": "chunked",
        "x-ms-client-request-id": "4086a3e3-387b-d816-464a-d9f5c89ab938",
        "x-ms-request-id": "5f97404a-d01e-0004-6ba1-d19334000000",
        "x-ms-request-server-encrypted": "true",
        "x-ms-version": "2021-06-08"
      },
      "ResponseBody": []
    },
    {
      "RequestUri": "https://gczxscnapby3prdev16a.blob.preprod.core.windows.net/test-container-7ee9a278-ee95-4275-0dbf-8169ea06bff1?sv=2022-11-02\u0026se=2021-11-05T17%3A30%3A14Z\u0026sr=c\u0026sp=f\u0026sig=Sanitized\u0026restype=container\u0026comp=blobs\u0026where=%22myTagKey%22%3D%27myTagValue%27",
      "RequestMethod": "GET",
      "RequestHeaders": {
        "Accept": "application/xml",
        "User-Agent": [
          "azsdk-net-Storage.Blobs/12.11.0-alpha.20211104.1",
          "(.NET 5.0.11; Microsoft Windows 10.0.19043)"
        ],
        "x-ms-client-request-id": "aee07fa0-99cc-af6c-d5ef-5b195593a877",
        "x-ms-return-client-request-id": "true",
        "x-ms-version": "2021-06-08"
      },
      "RequestBody": null,
      "StatusCode": 200,
      "ResponseHeaders": {
        "Content-Type": "application/xml",
        "Date": "Thu, 04 Nov 2021 17:30:14 GMT",
        "Transfer-Encoding": "chunked",
        "x-ms-client-request-id": "aee07fa0-99cc-af6c-d5ef-5b195593a877",
        "x-ms-request-id": "5f97404c-d01e-0004-6ca1-d19334000000",
        "x-ms-version": "2021-06-08"
      },
      "ResponseBody": [
        "\uFEFF\u003C?xml version=\u00221.0\u0022 encoding=\u0022utf-8\u0022?\u003E\n",
        "\u003CEnumerationResults ServiceEndpoint=\u0022https://gczxscnapby3prdev16a.blob.preprod.core.windows.net/\u0022\u003E\u003CWhere\u003E\u0026quot;myTagKey\u0026quot;=\u0026apos;myTagValue\u0026apos;\u003C/Where\u003E\u003CBlobs\u003E\u003CBlob\u003E\u003CName\u003Etest-blob-9faa289b-c97f-5802-b672-4fc45152d9e7\u003C/Name\u003E\u003CContainerName\u003Etest-container-7ee9a278-ee95-4275-0dbf-8169ea06bff1\u003C/ContainerName\u003E\u003CTags\u003E\u003CTagSet\u003E\u003CTag\u003E\u003CKey\u003EmyTagKey\u003C/Key\u003E\u003CValue\u003EmyTagValue\u003C/Value\u003E\u003C/Tag\u003E\u003C/TagSet\u003E\u003C/Tags\u003E\u003C/Blob\u003E\u003C/Blobs\u003E\u003CNextMarker/\u003E\u003C/EnumerationResults\u003E"
      ]
    },
    {
      "RequestUri": "https://gczxscnapby3prdev16a.blob.preprod.core.windows.net/test-container-7ee9a278-ee95-4275-0dbf-8169ea06bff1?restype=container",
      "RequestMethod": "DELETE",
      "RequestHeaders": {
        "Accept": "application/xml",
        "Authorization": "Sanitized",
        "traceparent": "00-b1d538af1f89be47ab8499d9c4bfdfd0-11d0b454cb291541-00",
        "User-Agent": [
          "azsdk-net-Storage.Blobs/12.11.0-alpha.20211104.1",
          "(.NET 5.0.11; Microsoft Windows 10.0.19043)"
        ],
        "x-ms-client-request-id": "48558a8c-0bb9-686c-32ec-e3a8f07c160b",
        "x-ms-date": "Thu, 04 Nov 2021 17:30:14 GMT",
        "x-ms-return-client-request-id": "true",
        "x-ms-version": "2021-06-08"
      },
      "RequestBody": null,
      "StatusCode": 202,
      "ResponseHeaders": {
        "Date": "Thu, 04 Nov 2021 17:30:14 GMT",
        "Transfer-Encoding": "chunked",
        "x-ms-client-request-id": "48558a8c-0bb9-686c-32ec-e3a8f07c160b",
        "x-ms-request-id": "5f97404d-d01e-0004-6da1-d19334000000",
        "x-ms-version": "2021-06-08"
      },
      "ResponseBody": []
    }
  ],
  "Variables": {
    "DateTimeOffsetNow": "2021-11-04T12:30:14.3816693-05:00",
    "RandomSeed": "1752653729",
    "Storage_TestConfigDefault": "ProductionTenant\ngczxscnapby3prdev16a\nU2FuaXRpemVk\nhttps://gczxscnapby3prdev16a.blob.preprod.core.windows.net\nhttps://gczxscnapby3prdev16a.file.core.windows.net\nhttps://gczxscnapby3prdev16a.queue.core.windows.net\nhttps://gczxscnapby3prdev16a.table.core.windows.net\n\n\n\n\nhttps://gczxscnapby3prdev16a-secondary.blob.core.windows.net\nhttps://gczxscnapby3prdev16a-secondary.file.core.windows.net\nhttps://gczxscnapby3prdev16a-secondary.queue.core.windows.net\nhttps://gczxscnapby3prdev16a-secondary.table.core.windows.net\n\nSanitized\n\n\nCloud\nBlobEndpoint=https://gczxscnapby3prdev16a.blob.preprod.core.windows.net/;QueueEndpoint=https://gczxscnapby3prdev16a.queue.core.windows.net/;FileEndpoint=https://gczxscnapby3prdev16a.file.core.windows.net/;BlobSecondaryEndpoint=https://gczxscnapby3prdev16a-secondary.blob.core.windows.net/;QueueSecondaryEndpoint=https://gczxscnapby3prdev16a-secondary.queue.core.windows.net/;FileSecondaryEndpoint=https://gczxscnapby3prdev16a-secondary.file.core.windows.net/;AccountName=gczxscnapby3prdev16a;AccountKey=Kg==;\nseanscope1\n\n"
  }
}