{
  "Entries": [
    {
      "RequestUri": "http://amandacanary.blob.core.windows.net/test-container-7eca8893-b942-09ad-91fe-7d60859e9b8f?restype=container",
      "RequestMethod": "PUT",
      "RequestHeaders": {
        "Authorization": "Sanitized",
        "traceparent": "00-336df367fa368b4b99eaa689a95e30c9-00ad7ba8abaae146-00",
        "User-Agent": [
          "azsdk-net-Storage.Blobs/12.5.0-dev.20200424.1",
          "(.NET Core 4.6.28619.01; Microsoft Windows 10.0.18363 )"
        ],
        "x-ms-blob-public-access": "container",
        "x-ms-client-request-id": "919dbc3f-2318-f7bd-ce28-8cfa48fc0da7",
        "x-ms-date": "Sat, 25 Apr 2020 01:12:03 GMT",
        "x-ms-return-client-request-id": "true",
        "x-ms-version": "2019-12-12"
      },
      "RequestBody": null,
      "StatusCode": 201,
      "ResponseHeaders": {
        "Content-Length": "0",
        "Date": "Sat, 25 Apr 2020 01:12:03 GMT",
        "ETag": "\u00220x8D7E8B5A9FAD50D\u0022",
        "Last-Modified": "Sat, 25 Apr 2020 01:12:03 GMT",
        "Server": [
          "Windows-Azure-Blob/1.0",
          "Microsoft-HTTPAPI/2.0"
        ],
        "x-ms-client-request-id": "919dbc3f-2318-f7bd-ce28-8cfa48fc0da7",
        "x-ms-request-id": "72736e4b-501e-003c-449e-1a0c6e000000",
        "x-ms-version": "2019-12-12"
      },
      "ResponseBody": []
    },
    {
      "RequestUri": "http://amandacanary.blob.core.windows.net/test-container-7eca8893-b942-09ad-91fe-7d60859e9b8f?restype=container\u0026comp=acl",
      "RequestMethod": "GET",
      "RequestHeaders": {
        "Authorization": "Sanitized",
        "traceparent": "00-2a2d6963287f0e40a36ce6ed1639c01e-c4cc1bf858a52c4f-00",
        "User-Agent": [
          "azsdk-net-Storage.Blobs/12.5.0-dev.20200424.1",
          "(.NET Core 4.6.28619.01; Microsoft Windows 10.0.18363 )"
        ],
        "x-ms-client-request-id": "c9204ad2-0a01-7a77-3d0d-05c5bd387fdb",
        "x-ms-date": "Sat, 25 Apr 2020 01:12:03 GMT",
        "x-ms-lease-id": "1d317bb1-c6f9-925c-4509-876202a91ace",
        "x-ms-return-client-request-id": "true",
        "x-ms-version": "2019-12-12"
      },
      "RequestBody": null,
      "StatusCode": 412,
      "ResponseHeaders": {
        "Content-Length": "251",
        "Content-Type": "application/xml",
        "Date": "Sat, 25 Apr 2020 01:12:03 GMT",
        "Server": [
          "Windows-Azure-Blob/1.0",
          "Microsoft-HTTPAPI/2.0"
        ],
        "x-ms-client-request-id": "c9204ad2-0a01-7a77-3d0d-05c5bd387fdb",
        "x-ms-error-code": "LeaseNotPresentWithContainerOperation",
        "x-ms-request-id": "72736e52-501e-003c-4a9e-1a0c6e000000",
        "x-ms-version": "2019-12-12"
      },
      "ResponseBody": [
        "\uFEFF\u003C?xml version=\u00221.0\u0022 encoding=\u0022utf-8\u0022?\u003E\u003CError\u003E\u003CCode\u003ELeaseNotPresentWithContainerOperation\u003C/Code\u003E\u003CMessage\u003EThere is currently no lease on the container.\n",
        "RequestId:72736e52-501e-003c-4a9e-1a0c6e000000\n",
        "Time:2020-04-25T01:12:03.5546715Z\u003C/Message\u003E\u003C/Error\u003E"
      ]
    },
    {
      "RequestUri": "http://amandacanary.blob.core.windows.net/test-container-7eca8893-b942-09ad-91fe-7d60859e9b8f?restype=container",
      "RequestMethod": "DELETE",
      "RequestHeaders": {
        "Authorization": "Sanitized",
        "traceparent": "00-ab9506e333e4f246a90eeb632467a914-5864b130f1ae6a43-00",
        "User-Agent": [
          "azsdk-net-Storage.Blobs/12.5.0-dev.20200424.1",
          "(.NET Core 4.6.28619.01; Microsoft Windows 10.0.18363 )"
        ],
        "x-ms-client-request-id": "fe279d44-44db-63a6-8049-ca95411a8b1d",
        "x-ms-date": "Sat, 25 Apr 2020 01:12:03 GMT",
        "x-ms-return-client-request-id": "true",
        "x-ms-version": "2019-12-12"
      },
      "RequestBody": null,
      "StatusCode": 202,
      "ResponseHeaders": {
        "Content-Length": "0",
        "Date": "Sat, 25 Apr 2020 01:12:03 GMT",
        "Server": [
          "Windows-Azure-Blob/1.0",
          "Microsoft-HTTPAPI/2.0"
        ],
        "x-ms-client-request-id": "fe279d44-44db-63a6-8049-ca95411a8b1d",
        "x-ms-request-id": "72736e5a-501e-003c-529e-1a0c6e000000",
        "x-ms-version": "2019-12-12"
      },
      "ResponseBody": []
    }
  ],
  "Variables": {
    "RandomSeed": "1853520715",
    "Storage_TestConfigDefault": "ProductionTenant\namandacanary\nU2FuaXRpemVk\nhttp://amandacanary.blob.core.windows.net\nhttp://amandacanary.file.core.windows.net\nhttp://amandacanary.queue.core.windows.net\nhttp://amandacanary.table.core.windows.net\n\n\n\n\nhttp://amandacanary-secondary.blob.core.windows.net\nhttp://amandacanary-secondary.file.core.windows.net\nhttp://amandacanary-secondary.queue.core.windows.net\nhttp://amandacanary-secondary.table.core.windows.net\n\nSanitized\n\n\nCloud\nBlobEndpoint=http://amandacanary.blob.core.windows.net/;QueueEndpoint=http://amandacanary.queue.core.windows.net/;FileEndpoint=http://amandacanary.file.core.windows.net/;BlobSecondaryEndpoint=http://amandacanary-secondary.blob.core.windows.net/;QueueSecondaryEndpoint=http://amandacanary-secondary.queue.core.windows.net/;FileSecondaryEndpoint=http://amandacanary-secondary.file.core.windows.net/;AccountName=amandacanary;AccountKey=Sanitized\n\nDefaultEndpointsProtocol=https;AccountName=ortestsaccountcbn1;AccountKey=OrRfzSm3ktQSklAGiL90/QusS7SdS6Y5S/AJoxZEeyKYDtnue7OKYIMLOraTnT4xcOyhYbqzWVmtTKappcc5Fg==;EndpointSuffix=core.windows.net\nDefaultEndpointsProtocol=https;AccountName=vbalaorcentral1;AccountKey=vlHMz/LZ3Sx7r/1bdTQT26pG0tqORQ4uTIcxGhHB0LQhIhqGxfv2TXV7u\u002BI2ra4UWXrWGGHG2N6l\u002BBfb5FgAcQ==;EndpointSuffix=core.windows.net"
  }
}