{
  "Entries": [
    {
      "RequestUri": "http://storageteglazatesting.blob.core.windows.net/test-container-b4165410-f29d-3aff-c233-c6946f523c11?restype=container",
      "RequestMethod": "PUT",
      "RequestHeaders": {
        "Authorization": "Sanitized",
        "User-Agent": [
          "azsdk-net-storage-blobs/1.0.0.0",
          "(.NET Core 4.6.27414.06; Microsoft Windows 10.0.18362 )"
        ],
        "x-ms-blob-public-access": "container",
        "x-ms-client-request-id": "c23870ac5ff7cefa055aaea6d0b25542",
        "x-ms-date": "Mon, 17 Jun 2019 20:57:08 GMT",
        "x-ms-return-client-request-id": "true",
        "x-ms-version": "2018-11-09"
      },
      "RequestBody": null,
      "StatusCode": 201,
      "ResponseHeaders": {
        "Content-Length": "0",
        "Date": "Mon, 17 Jun 2019 20:57:08 GMT",
        "ETag": "\u00220x8D6F3665CD60696\u0022",
        "Last-Modified": "Mon, 17 Jun 2019 20:57:08 GMT",
        "Server": [
          "Windows-Azure-Blob/1.0",
          "Microsoft-HTTPAPI/2.0"
        ],
        "x-ms-request-id": "a93573eb-b01e-0079-6a4f-25b12a000000",
        "x-ms-version": "2018-11-09"
      },
      "ResponseBody": null
    },
    {
      "RequestUri": "http://storageteglazatesting.blob.core.windows.net/test-container-b4165410-f29d-3aff-c233-c6946f523c11?restype=container\u0026comp=acl",
      "RequestMethod": "GET",
      "RequestHeaders": {
        "Authorization": "Sanitized",
        "User-Agent": [
          "azsdk-net-storage-blobs/1.0.0.0",
          "(.NET Core 4.6.27414.06; Microsoft Windows 10.0.18362 )"
        ],
        "x-ms-client-request-id": "e60d33b5bac0fe30e260323ade537ba7",
        "x-ms-date": "Mon, 17 Jun 2019 20:57:08 GMT",
        "x-ms-return-client-request-id": "true",
        "x-ms-version": "2018-11-09"
      },
      "RequestBody": null,
      "StatusCode": 200,
      "ResponseHeaders": {
        "Content-Type": "application/xml",
        "Date": "Mon, 17 Jun 2019 20:57:08 GMT",
        "ETag": "\u00220x8D6F3665CD60696\u0022",
        "Last-Modified": "Mon, 17 Jun 2019 20:57:08 GMT",
        "Server": [
          "Windows-Azure-Blob/1.0",
          "Microsoft-HTTPAPI/2.0"
        ],
        "Transfer-Encoding": "chunked",
        "x-ms-blob-public-access": "container",
        "x-ms-request-id": "a9357408-b01e-0079-024f-25b12a000000",
        "x-ms-version": "2018-11-09"
      },
      "ResponseBody": "\ufeff\u003c?xml version=\u00221.0\u0022 encoding=\u0022utf-8\u0022?\u003e\u003cSignedIdentifiers /\u003e"
    },
    {
      "RequestUri": "http://storageteglazatesting.blob.core.windows.net/test-container-b4165410-f29d-3aff-c233-c6946f523c11?restype=container",
      "RequestMethod": "DELETE",
      "RequestHeaders": {
        "Authorization": "Sanitized",
        "User-Agent": [
          "azsdk-net-storage-blobs/1.0.0.0",
          "(.NET Core 4.6.27414.06; Microsoft Windows 10.0.18362 )"
        ],
        "x-ms-client-request-id": "f252c357c08cb1de5948ae4244586a0f",
        "x-ms-date": "Mon, 17 Jun 2019 20:57:08 GMT",
        "x-ms-return-client-request-id": "true",
        "x-ms-version": "2018-11-09"
      },
      "RequestBody": null,
      "StatusCode": 202,
      "ResponseHeaders": {
        "Content-Length": "0",
        "Date": "Mon, 17 Jun 2019 20:57:08 GMT",
        "Server": [
          "Windows-Azure-Blob/1.0",
          "Microsoft-HTTPAPI/2.0"
        ],
        "x-ms-request-id": "a9357420-b01e-0079-154f-25b12a000000",
        "x-ms-version": "2018-11-09"
      },
      "ResponseBody": null
    }
  ],
  "Variables": {
    "RandomSeed": "147995211"
  }
}