{
  "Entries": [
    {
      "RequestUri": "https://seanmcccanary3.blob.core.windows.net/test-container-28aec0cb-b60f-7005-7a66-f98938816afe?restype=container",
      "RequestMethod": "PUT",
      "RequestHeaders": {
        "Accept": "application/xml",
        "Authorization": "Sanitized",
        "traceparent": "00-d94cbedeb018034fab255251be20476a-25b1e33b2f94c34c-00",
        "User-Agent": [
          "azsdk-net-Storage.Blobs/12.9.0-alpha.20210217.1",
          "(.NET 5.0.3; Microsoft Windows 10.0.19042)"
        ],
        "x-ms-blob-public-access": "container",
        "x-ms-client-request-id": "49945dfa-61e8-85c8-76b9-1cfa2db2374c",
        "x-ms-date": "Wed, 17 Feb 2021 18:59:19 GMT",
        "x-ms-return-client-request-id": "true",
         "x-ms-version": "2020-08-04"
      },
      "RequestBody": null,
      "StatusCode": 201,
      "ResponseHeaders": {
        "Content-Length": "0",
        "Date": "Wed, 17 Feb 2021 18:59:19 GMT",
        "ETag": "\u00220x8D8D37621EACBAB\u0022",
        "Last-Modified": "Wed, 17 Feb 2021 18:59:20 GMT",
        "Server": [
          "Windows-Azure-Blob/1.0",
          "Microsoft-HTTPAPI/2.0"
        ],
        "x-ms-client-request-id": "49945dfa-61e8-85c8-76b9-1cfa2db2374c",
        "x-ms-request-id": "ab2fc56d-c01e-003b-215e-059f66000000",
         "x-ms-version": "2020-08-04"
      },
      "ResponseBody": []
    },
    {
      "RequestUri": "https://seanmcccanary3.blob.core.windows.net/test-container-28aec0cb-b60f-7005-7a66-f98938816afe/test-blob-8f039baa-d172-2bfa-0dcf-3c2eed430d06",
      "RequestMethod": "PUT",
      "RequestHeaders": {
        "Accept": "application/xml",
        "Authorization": "Sanitized",
        "traceparent": "00-13092bafbb0c5842a2abd8ee5b09185e-f237b328a6224b4f-00",
        "User-Agent": [
          "azsdk-net-Storage.Blobs/12.9.0-alpha.20210217.1",
          "(.NET 5.0.3; Microsoft Windows 10.0.19042)"
        ],
        "x-ms-blob-type": "AppendBlob",
        "x-ms-client-request-id": "c7177ca9-576f-29c0-6368-3c1824999832",
        "x-ms-date": "Wed, 17 Feb 2021 18:59:20 GMT",
        "x-ms-return-client-request-id": "true",
         "x-ms-version": "2020-08-04"
      },
      "RequestBody": null,
      "StatusCode": 201,
      "ResponseHeaders": {
        "Content-Length": "0",
        "Date": "Wed, 17 Feb 2021 18:59:19 GMT",
        "ETag": "\u00220x8D8D37621F60814\u0022",
        "Last-Modified": "Wed, 17 Feb 2021 18:59:20 GMT",
        "Server": [
          "Windows-Azure-Blob/1.0",
          "Microsoft-HTTPAPI/2.0"
        ],
        "x-ms-client-request-id": "c7177ca9-576f-29c0-6368-3c1824999832",
        "x-ms-request-id": "ab2fc59f-c01e-003b-4b5e-059f66000000",
        "x-ms-request-server-encrypted": "true",
         "x-ms-version": "2020-08-04",
        "x-ms-version-id": "2021-02-17T18:59:20.2308905Z"
      },
      "ResponseBody": []
    },
    {
      "RequestUri": "https://seanmcccanary3.blob.core.windows.net/test-container-28aec0cb-b60f-7005-7a66-f98938816afe/test-blob-8f039baa-d172-2bfa-0dcf-3c2eed430d06?comp=metadata",
      "RequestMethod": "PUT",
      "RequestHeaders": {
        "Accept": "application/xml",
        "Authorization": "Sanitized",
        "traceparent": "00-48a571f20bdbce4ca8998aa8190c30de-714139b61fc6f746-00",
        "User-Agent": [
          "azsdk-net-Storage.Blobs/12.9.0-alpha.20210217.1",
          "(.NET 5.0.3; Microsoft Windows 10.0.19042)"
        ],
        "x-ms-client-request-id": "7085031e-452c-2796-0464-7784e4fcd4fc",
        "x-ms-date": "Wed, 17 Feb 2021 18:59:20 GMT",
        "x-ms-meta-Capital": "letter",
        "x-ms-meta-foo": "bar",
        "x-ms-meta-meta": "data",
        "x-ms-meta-UPPER": "case",
        "x-ms-return-client-request-id": "true",
         "x-ms-version": "2020-08-04"
      },
      "RequestBody": null,
      "StatusCode": 200,
      "ResponseHeaders": {
        "Content-Length": "0",
        "Date": "Wed, 17 Feb 2021 18:59:19 GMT",
        "ETag": "\u00220x8D8D37621FFCDDF\u0022",
        "Last-Modified": "Wed, 17 Feb 2021 18:59:20 GMT",
        "Server": [
          "Windows-Azure-Blob/1.0",
          "Microsoft-HTTPAPI/2.0"
        ],
        "x-ms-client-request-id": "7085031e-452c-2796-0464-7784e4fcd4fc",
        "x-ms-request-id": "ab2fc5b8-c01e-003b-5e5e-059f66000000",
        "x-ms-request-server-encrypted": "true",
         "x-ms-version": "2020-08-04",
        "x-ms-version-id": "2021-02-17T18:59:20.2949359Z"
      },
      "ResponseBody": []
    },
    {
      "RequestUri": "https://seanmcccanary3.blob.core.windows.net/test-container-28aec0cb-b60f-7005-7a66-f98938816afe?restype=container\u0026comp=list\u0026include=Versions",
      "RequestMethod": "GET",
      "RequestHeaders": {
        "Accept": "application/xml",
        "Authorization": "Sanitized",
        "traceparent": "00-4f5aeebaaaddb24e8b29f679349b39fd-fb78868f5f62114b-00",
        "User-Agent": [
          "azsdk-net-Storage.Blobs/12.9.0-alpha.20210217.1",
          "(.NET 5.0.3; Microsoft Windows 10.0.19042)"
        ],
        "x-ms-client-request-id": "21fae6bf-2714-6606-7f54-62bfe5daa588",
        "x-ms-date": "Wed, 17 Feb 2021 18:59:20 GMT",
        "x-ms-return-client-request-id": "true",
         "x-ms-version": "2020-08-04"
      },
      "RequestBody": null,
      "StatusCode": 200,
      "ResponseHeaders": {
        "Content-Type": "application/xml",
        "Date": "Wed, 17 Feb 2021 18:59:19 GMT",
        "Server": [
          "Windows-Azure-Blob/1.0",
          "Microsoft-HTTPAPI/2.0"
        ],
        "Transfer-Encoding": "chunked",
        "x-ms-client-request-id": "21fae6bf-2714-6606-7f54-62bfe5daa588",
        "x-ms-request-id": "ab2fc5c9-c01e-003b-6b5e-059f66000000",
         "x-ms-version": "2020-08-04"
      },
      "ResponseBody": "\uFEFF\u003C?xml version=\u00221.0\u0022 encoding=\u0022utf-8\u0022?\u003E\u003CEnumerationResults ServiceEndpoint=\u0022https://seanmcccanary3.blob.core.windows.net/\u0022 ContainerName=\u0022test-container-28aec0cb-b60f-7005-7a66-f98938816afe\u0022\u003E\u003CBlobs\u003E\u003CBlob\u003E\u003CName\u003Etest-blob-8f039baa-d172-2bfa-0dcf-3c2eed430d06\u003C/Name\u003E\u003CVersionId\u003E2021-02-17T18:59:20.2308905Z\u003C/VersionId\u003E\u003CProperties\u003E\u003CCreation-Time\u003EWed, 17 Feb 2021 18:59:20 GMT\u003C/Creation-Time\u003E\u003CLast-Modified\u003EWed, 17 Feb 2021 18:59:20 GMT\u003C/Last-Modified\u003E\u003CEtag\u003E0x8D8D37621F60814\u003C/Etag\u003E\u003CContent-Length\u003E0\u003C/Content-Length\u003E\u003CContent-Type\u003Eapplication/octet-stream\u003C/Content-Type\u003E\u003CContent-Encoding /\u003E\u003CContent-Language /\u003E\u003CContent-CRC64 /\u003E\u003CContent-MD5 /\u003E\u003CCache-Control /\u003E\u003CContent-Disposition /\u003E\u003CBlobType\u003EAppendBlob\u003C/BlobType\u003E\u003CServerEncrypted\u003Etrue\u003C/ServerEncrypted\u003E\u003C/Properties\u003E\u003COrMetadata /\u003E\u003C/Blob\u003E\u003CBlob\u003E\u003CName\u003Etest-blob-8f039baa-d172-2bfa-0dcf-3c2eed430d06\u003C/Name\u003E\u003CVersionId\u003E2021-02-17T18:59:20.2949359Z\u003C/VersionId\u003E\u003CIsCurrentVersion\u003Etrue\u003C/IsCurrentVersion\u003E\u003CProperties\u003E\u003CCreation-Time\u003EWed, 17 Feb 2021 18:59:20 GMT\u003C/Creation-Time\u003E\u003CLast-Modified\u003EWed, 17 Feb 2021 18:59:20 GMT\u003C/Last-Modified\u003E\u003CEtag\u003E0x8D8D37621FFCDDF\u003C/Etag\u003E\u003CContent-Length\u003E0\u003C/Content-Length\u003E\u003CContent-Type\u003Eapplication/octet-stream\u003C/Content-Type\u003E\u003CContent-Encoding /\u003E\u003CContent-Language /\u003E\u003CContent-CRC64 /\u003E\u003CContent-MD5 /\u003E\u003CCache-Control /\u003E\u003CContent-Disposition /\u003E\u003CBlobType\u003EAppendBlob\u003C/BlobType\u003E\u003CLeaseStatus\u003Eunlocked\u003C/LeaseStatus\u003E\u003CLeaseState\u003Eavailable\u003C/LeaseState\u003E\u003CServerEncrypted\u003Etrue\u003C/ServerEncrypted\u003E\u003C/Properties\u003E\u003COrMetadata /\u003E\u003C/Blob\u003E\u003C/Blobs\u003E\u003CNextMarker /\u003E\u003C/EnumerationResults\u003E"
    },
    {
      "RequestUri": "https://seanmcccanary3.blob.core.windows.net/test-container-28aec0cb-b60f-7005-7a66-f98938816afe?restype=container",
      "RequestMethod": "DELETE",
      "RequestHeaders": {
        "Accept": "application/xml",
        "Authorization": "Sanitized",
        "traceparent": "00-a0ca6cb640f2584d93bab82d9c4d82a8-ca4984a3d67d6d4e-00",
        "User-Agent": [
          "azsdk-net-Storage.Blobs/12.9.0-alpha.20210217.1",
          "(.NET 5.0.3; Microsoft Windows 10.0.19042)"
        ],
        "x-ms-client-request-id": "fdc4a892-b302-23e8-4154-eee7e6546743",
        "x-ms-date": "Wed, 17 Feb 2021 18:59:20 GMT",
        "x-ms-return-client-request-id": "true",
         "x-ms-version": "2020-08-04"
      },
      "RequestBody": null,
      "StatusCode": 202,
      "ResponseHeaders": {
        "Content-Length": "0",
        "Date": "Wed, 17 Feb 2021 18:59:19 GMT",
        "Server": [
          "Windows-Azure-Blob/1.0",
          "Microsoft-HTTPAPI/2.0"
        ],
        "x-ms-client-request-id": "fdc4a892-b302-23e8-4154-eee7e6546743",
        "x-ms-request-id": "ab2fc5e5-c01e-003b-7a5e-059f66000000",
         "x-ms-version": "2020-08-04"
      },
      "ResponseBody": []
    }
  ],
  "Variables": {
    "RandomSeed": "470895844",
    "Storage_TestConfigDefault": "ProductionTenant\nseanmcccanary3\nU2FuaXRpemVk\nhttps://seanmcccanary3.blob.core.windows.net\nhttps://seanmcccanary3.file.core.windows.net\nhttps://seanmcccanary3.queue.core.windows.net\nhttps://seanmcccanary3.table.core.windows.net\n\n\n\n\nhttps://seanmcccanary3-secondary.blob.core.windows.net\nhttps://seanmcccanary3-secondary.file.core.windows.net\nhttps://seanmcccanary3-secondary.queue.core.windows.net\nhttps://seanmcccanary3-secondary.table.core.windows.net\n\nSanitized\n\n\nCloud\nBlobEndpoint=https://seanmcccanary3.blob.core.windows.net/;QueueEndpoint=https://seanmcccanary3.queue.core.windows.net/;FileEndpoint=https://seanmcccanary3.file.core.windows.net/;BlobSecondaryEndpoint=https://seanmcccanary3-secondary.blob.core.windows.net/;QueueSecondaryEndpoint=https://seanmcccanary3-secondary.queue.core.windows.net/;FileSecondaryEndpoint=https://seanmcccanary3-secondary.file.core.windows.net/;AccountName=seanmcccanary3;AccountKey=Kg==;\nseanscope1"
  }
}