{
  "Entries": [
    {
      "RequestUri": "http://amandacanary.blob.core.windows.net/test-container-8019a324-6e60-832a-510e-bb85bc2b5dc2?restype=container",
      "RequestMethod": "PUT",
      "RequestHeaders": {
        "Authorization": "Sanitized",
        "traceparent": "00-9dc7a60625bd81448e45ce3567a0a75c-a00f5fbdf46f7e48-00",
        "User-Agent": [
          "azsdk-net-Storage.Blobs/12.5.0-dev.20200424.1",
          "(.NET Core 4.6.28619.01; Microsoft Windows 10.0.18363 )"
        ],
        "x-ms-blob-public-access": "container",
        "x-ms-client-request-id": "113cd539-3311-6ca0-a6f7-13081a08da68",
        "x-ms-date": "Sat, 25 Apr 2020 01:12:59 GMT",
        "x-ms-return-client-request-id": "true",
        "x-ms-version": "2019-12-12"
      },
      "RequestBody": null,
      "StatusCode": 201,
      "ResponseHeaders": {
        "Content-Length": "0",
        "Date": "Sat, 25 Apr 2020 01:12:59 GMT",
        "ETag": "\u00220x8D7E8B5CB53F0AB\u0022",
        "Last-Modified": "Sat, 25 Apr 2020 01:12:59 GMT",
        "Server": [
          "Windows-Azure-Blob/1.0",
          "Microsoft-HTTPAPI/2.0"
        ],
        "x-ms-client-request-id": "113cd539-3311-6ca0-a6f7-13081a08da68",
        "x-ms-request-id": "72738538-501e-003c-769e-1a0c6e000000",
        "x-ms-version": "2019-12-12"
      },
      "ResponseBody": []
    },
    {
      "RequestUri": "http://amandacanary.blob.core.windows.net/test-container-8019a324-6e60-832a-510e-bb85bc2b5dc2/test-blob-acda2fa1-8ebc-4df0-f630-c6dd159a050c",
      "RequestMethod": "PUT",
      "RequestHeaders": {
        "Authorization": "Sanitized",
        "Content-Length": "0",
        "traceparent": "00-7304f77d12927f438680b6f7fe8611be-bdbcc63c41edc443-00",
        "User-Agent": [
          "azsdk-net-Storage.Blobs/12.5.0-dev.20200424.1",
          "(.NET Core 4.6.28619.01; Microsoft Windows 10.0.18363 )"
        ],
        "x-ms-blob-type": "AppendBlob",
        "x-ms-client-request-id": "4eedf0a9-bc6a-ab9e-e4ee-1ae06cc3570b",
        "x-ms-date": "Sat, 25 Apr 2020 01:12:59 GMT",
        "x-ms-return-client-request-id": "true",
        "x-ms-tags": "tagKey0=tagValue0\u0026tagKey1=tagValue1",
        "x-ms-version": "2019-12-12"
      },
      "RequestBody": null,
      "StatusCode": 201,
      "ResponseHeaders": {
        "Content-Length": "0",
        "Date": "Sat, 25 Apr 2020 01:12:59 GMT",
        "ETag": "\u00220x8D7E8B5CB5F8794\u0022",
        "Last-Modified": "Sat, 25 Apr 2020 01:12:59 GMT",
        "Server": [
          "Windows-Azure-Blob/1.0",
          "Microsoft-HTTPAPI/2.0"
        ],
        "x-ms-client-request-id": "4eedf0a9-bc6a-ab9e-e4ee-1ae06cc3570b",
        "x-ms-request-id": "7273853e-501e-003c-7a9e-1a0c6e000000",
        "x-ms-request-server-encrypted": "true",
        "x-ms-version": "2019-12-12"
      },
      "ResponseBody": []
    },
    {
      "RequestUri": "http://amandacanary.blob.core.windows.net/test-container-8019a324-6e60-832a-510e-bb85bc2b5dc2?restype=container\u0026comp=list\u0026include=tags",
      "RequestMethod": "GET",
      "RequestHeaders": {
        "Authorization": "Sanitized",
        "User-Agent": [
          "azsdk-net-Storage.Blobs/12.5.0-dev.20200424.1",
          "(.NET Core 4.6.28619.01; Microsoft Windows 10.0.18363 )"
        ],
        "x-ms-client-request-id": "24331561-b7ad-e9a2-c19f-01ff32d07b1a",
        "x-ms-date": "Sat, 25 Apr 2020 01:12:59 GMT",
        "x-ms-return-client-request-id": "true",
        "x-ms-version": "2019-12-12"
      },
      "RequestBody": null,
      "StatusCode": 200,
      "ResponseHeaders": {
        "Content-Type": "application/xml",
        "Date": "Sat, 25 Apr 2020 01:12:59 GMT",
        "Server": [
          "Windows-Azure-Blob/1.0",
          "Microsoft-HTTPAPI/2.0"
        ],
        "Transfer-Encoding": "chunked",
        "x-ms-client-request-id": "24331561-b7ad-e9a2-c19f-01ff32d07b1a",
        "x-ms-request-id": "72738552-501e-003c-0b9e-1a0c6e000000",
        "x-ms-version": "2019-12-12"
      },
      "ResponseBody": "\uFEFF\u003C?xml version=\u00221.0\u0022 encoding=\u0022utf-8\u0022?\u003E\u003CEnumerationResults ServiceEndpoint=\u0022http://amandacanary.blob.core.windows.net/\u0022 ContainerName=\u0022test-container-8019a324-6e60-832a-510e-bb85bc2b5dc2\u0022\u003E\u003CBlobs\u003E\u003CBlob\u003E\u003CName\u003Etest-blob-acda2fa1-8ebc-4df0-f630-c6dd159a050c\u003C/Name\u003E\u003CProperties\u003E\u003CCreation-Time\u003ESat, 25 Apr 2020 01:12:59 GMT\u003C/Creation-Time\u003E\u003CLast-Modified\u003ESat, 25 Apr 2020 01:12:59 GMT\u003C/Last-Modified\u003E\u003CEtag\u003E0x8D7E8B5CB5F8794\u003C/Etag\u003E\u003CContent-Length\u003E0\u003C/Content-Length\u003E\u003CContent-Type\u003Eapplication/octet-stream\u003C/Content-Type\u003E\u003CContent-Encoding /\u003E\u003CContent-Language /\u003E\u003CContent-CRC64 /\u003E\u003CContent-MD5 /\u003E\u003CCache-Control /\u003E\u003CContent-Disposition /\u003E\u003CBlobType\u003EAppendBlob\u003C/BlobType\u003E\u003CLeaseStatus\u003Eunlocked\u003C/LeaseStatus\u003E\u003CLeaseState\u003Eavailable\u003C/LeaseState\u003E\u003CServerEncrypted\u003Etrue\u003C/ServerEncrypted\u003E\u003CTagCount\u003E2\u003C/TagCount\u003E\u003C/Properties\u003E\u003CTags\u003E\u003CTagSet\u003E\u003CTag\u003E\u003CKey\u003EtagKey0\u003C/Key\u003E\u003CValue\u003EtagValue0\u003C/Value\u003E\u003C/Tag\u003E\u003CTag\u003E\u003CKey\u003EtagKey1\u003C/Key\u003E\u003CValue\u003EtagValue1\u003C/Value\u003E\u003C/Tag\u003E\u003C/TagSet\u003E\u003C/Tags\u003E\u003C/Blob\u003E\u003C/Blobs\u003E\u003CNextMarker /\u003E\u003C/EnumerationResults\u003E"
    },
    {
      "RequestUri": "http://amandacanary.blob.core.windows.net/test-container-8019a324-6e60-832a-510e-bb85bc2b5dc2?restype=container",
      "RequestMethod": "DELETE",
      "RequestHeaders": {
        "Authorization": "Sanitized",
        "traceparent": "00-6fae4aadb1086f46a013d4bdc19c630f-64de4cb3f5db114f-00",
        "User-Agent": [
          "azsdk-net-Storage.Blobs/12.5.0-dev.20200424.1",
          "(.NET Core 4.6.28619.01; Microsoft Windows 10.0.18363 )"
        ],
        "x-ms-client-request-id": "567ec665-328f-3b5e-637a-f81df27923ad",
        "x-ms-date": "Sat, 25 Apr 2020 01:12:59 GMT",
        "x-ms-return-client-request-id": "true",
        "x-ms-version": "2019-12-12"
      },
      "RequestBody": null,
      "StatusCode": 202,
      "ResponseHeaders": {
        "Content-Length": "0",
        "Date": "Sat, 25 Apr 2020 01:12:59 GMT",
        "Server": [
          "Windows-Azure-Blob/1.0",
          "Microsoft-HTTPAPI/2.0"
        ],
        "x-ms-client-request-id": "567ec665-328f-3b5e-637a-f81df27923ad",
        "x-ms-request-id": "72738557-501e-003c-0e9e-1a0c6e000000",
        "x-ms-version": "2019-12-12"
      },
      "ResponseBody": []
    }
  ],
  "Variables": {
    "RandomSeed": "476351642",
    "Storage_TestConfigDefault": "ProductionTenant\namandacanary\nU2FuaXRpemVk\nhttp://amandacanary.blob.core.windows.net\nhttp://amandacanary.file.core.windows.net\nhttp://amandacanary.queue.core.windows.net\nhttp://amandacanary.table.core.windows.net\n\n\n\n\nhttp://amandacanary-secondary.blob.core.windows.net\nhttp://amandacanary-secondary.file.core.windows.net\nhttp://amandacanary-secondary.queue.core.windows.net\nhttp://amandacanary-secondary.table.core.windows.net\n\nSanitized\n\n\nCloud\nBlobEndpoint=http://amandacanary.blob.core.windows.net/;QueueEndpoint=http://amandacanary.queue.core.windows.net/;FileEndpoint=http://amandacanary.file.core.windows.net/;BlobSecondaryEndpoint=http://amandacanary-secondary.blob.core.windows.net/;QueueSecondaryEndpoint=http://amandacanary-secondary.queue.core.windows.net/;FileSecondaryEndpoint=http://amandacanary-secondary.file.core.windows.net/;AccountName=amandacanary;AccountKey=Sanitized\n\nDefaultEndpointsProtocol=https;AccountName=ortestsaccountcbn1;AccountKey=OrRfzSm3ktQSklAGiL90/QusS7SdS6Y5S/AJoxZEeyKYDtnue7OKYIMLOraTnT4xcOyhYbqzWVmtTKappcc5Fg==;EndpointSuffix=core.windows.net\nDefaultEndpointsProtocol=https;AccountName=vbalaorcentral1;AccountKey=vlHMz/LZ3Sx7r/1bdTQT26pG0tqORQ4uTIcxGhHB0LQhIhqGxfv2TXV7u\u002BI2ra4UWXrWGGHG2N6l\u002BBfb5FgAcQ==;EndpointSuffix=core.windows.net"
  }
}