{
  "Entries": [
    {
      "RequestUri": "https://seanmcccanary3.blob.core.windows.net/test-container-5a45bf38-4e4a-7628-3e20-b51bca3022fb?restype=container",
      "RequestMethod": "PUT",
      "RequestHeaders": {
        "Accept": "application/xml",
        "Authorization": "Sanitized",
        "traceparent": "00-3f90e6cd03fda6478f03aebb42dfbcb9-8c22d746b486b34b-00",
        "User-Agent": [
          "azsdk-net-Storage.Blobs/12.9.0-alpha.20210217.1",
          "(.NET 5.0.3; Microsoft Windows 10.0.19042)"
        ],
        "x-ms-blob-public-access": "container",
        "x-ms-client-request-id": "3aab0967-1b99-65bf-50a3-7b1802b1403a",
        "x-ms-date": "Wed, 17 Feb 2021 18:59:53 GMT",
        "x-ms-return-client-request-id": "true",
        "x-ms-version": "2021-04-10"
      },
      "RequestBody": null,
      "StatusCode": 201,
      "ResponseHeaders": {
        "Content-Length": "0",
        "Date": "Wed, 17 Feb 2021 18:59:52 GMT",
        "ETag": "\"0x8D8D37635A049C2\"",
        "Last-Modified": "Wed, 17 Feb 2021 18:59:53 GMT",
        "Server": [
          "Windows-Azure-Blob/1.0",
          "Microsoft-HTTPAPI/2.0"
        ],
        "x-ms-client-request-id": "3aab0967-1b99-65bf-50a3-7b1802b1403a",
        "x-ms-request-id": "481f6bc8-501e-0006-255f-05e97d000000",
        "x-ms-version": "2021-04-10"
      },
      "ResponseBody": []
    },
    {
      "RequestUri": "https://seanmcccanary3.blob.core.windows.net/test-container-5a45bf38-4e4a-7628-3e20-b51bca3022fb/test-blob-d3c829d1-bb8c-7ab9-9db0-a8f4a13188ca",
      "RequestMethod": "PUT",
      "RequestHeaders": {
        "Accept": "application/xml",
        "Authorization": "Sanitized",
        "If-None-Match": "*",
        "traceparent": "00-bafb6c26f723cc40867662e0b3b1dcc7-46514b3a48ec1341-00",
        "User-Agent": [
          "azsdk-net-Storage.Blobs/12.9.0-alpha.20210217.1",
          "(.NET 5.0.3; Microsoft Windows 10.0.19042)"
        ],
        "x-ms-blob-type": "AppendBlob",
        "x-ms-client-request-id": "c3257215-0faa-aca1-4f30-9de973cac41f",
        "x-ms-date": "Wed, 17 Feb 2021 18:59:53 GMT",
        "x-ms-encryption-scope": "seanscope1",
        "x-ms-return-client-request-id": "true",
        "x-ms-version": "2021-04-10"
      },
      "RequestBody": null,
      "StatusCode": 201,
      "ResponseHeaders": {
        "Content-Length": "0",
        "Date": "Wed, 17 Feb 2021 18:59:52 GMT",
        "ETag": "\"0x8D8D37635A950D9\"",
        "Last-Modified": "Wed, 17 Feb 2021 18:59:53 GMT",
        "Server": [
          "Windows-Azure-Blob/1.0",
          "Microsoft-HTTPAPI/2.0"
        ],
        "x-ms-client-request-id": "c3257215-0faa-aca1-4f30-9de973cac41f",
        "x-ms-encryption-scope": "seanscope1",
        "x-ms-request-id": "481f6bd8-501e-0006-305f-05e97d000000",
        "x-ms-request-server-encrypted": "true",
        "x-ms-version": "2021-04-10",
        "x-ms-version-id": "2021-02-17T18:59:53.2815577Z"
      },
      "ResponseBody": []
    },
    {
      "RequestUri": "https://seanmcccanary3.blob.core.windows.net/test-container-5a45bf38-4e4a-7628-3e20-b51bca3022fb?restype=container&comp=list",
      "RequestMethod": "GET",
      "RequestHeaders": {
        "Accept": "application/xml",
        "Authorization": "Sanitized",
        "User-Agent": [
          "azsdk-net-Storage.Blobs/12.9.0-alpha.20210217.1",
          "(.NET 5.0.3; Microsoft Windows 10.0.19042)"
        ],
        "x-ms-client-request-id": "2edfa81f-c50b-2e1f-e507-71544b78fbdb",
        "x-ms-date": "Wed, 17 Feb 2021 18:59:53 GMT",
        "x-ms-return-client-request-id": "true",
        "x-ms-version": "2021-04-10"
      },
      "RequestBody": null,
      "StatusCode": 200,
      "ResponseHeaders": {
        "Content-Type": "application/xml",
        "Date": "Wed, 17 Feb 2021 18:59:52 GMT",
        "Server": [
          "Windows-Azure-Blob/1.0",
          "Microsoft-HTTPAPI/2.0"
        ],
        "Transfer-Encoding": "chunked",
        "x-ms-client-request-id": "2edfa81f-c50b-2e1f-e507-71544b78fbdb",
        "x-ms-request-id": "481f6be2-501e-0006-395f-05e97d000000",
        "x-ms-version": "2021-04-10"
      },
      "ResponseBody": "﻿<?xml version=\"1.0\" encoding=\"utf-8\"?><EnumerationResults ServiceEndpoint=\"https://seanmcccanary3.blob.core.windows.net/\" ContainerName=\"test-container-5a45bf38-4e4a-7628-3e20-b51bca3022fb\"><Blobs><Blob><Name>test-blob-d3c829d1-bb8c-7ab9-9db0-a8f4a13188ca</Name><VersionId>2021-02-17T18:59:53.2815577Z</VersionId><IsCurrentVersion>true</IsCurrentVersion><Properties><Creation-Time>Wed, 17 Feb 2021 18:59:53 GMT</Creation-Time><Last-Modified>Wed, 17 Feb 2021 18:59:53 GMT</Last-Modified><Etag>0x8D8D37635A950D9</Etag><Content-Length>0</Content-Length><Content-Type>application/octet-stream</Content-Type><Content-Encoding /><Content-Language /><Content-CRC64 /><Content-MD5 /><Cache-Control /><Content-Disposition /><BlobType>AppendBlob</BlobType><LeaseStatus>unlocked</LeaseStatus><LeaseState>available</LeaseState><ServerEncrypted>true</ServerEncrypted><EncryptionScope>seanscope1</EncryptionScope></Properties><OrMetadata /></Blob></Blobs><NextMarker /></EnumerationResults>"
    },
    {
      "RequestUri": "https://seanmcccanary3.blob.core.windows.net/test-container-5a45bf38-4e4a-7628-3e20-b51bca3022fb?restype=container",
      "RequestMethod": "DELETE",
      "RequestHeaders": {
        "Accept": "application/xml",
        "Authorization": "Sanitized",
        "traceparent": "00-5ac75476f000fc48938a8996c7da09a7-6dd8fd44929ea443-00",
        "User-Agent": [
          "azsdk-net-Storage.Blobs/12.9.0-alpha.20210217.1",
          "(.NET 5.0.3; Microsoft Windows 10.0.19042)"
        ],
        "x-ms-client-request-id": "cbca08f8-96eb-5513-90ab-96f60e609e4f",
        "x-ms-date": "Wed, 17 Feb 2021 18:59:53 GMT",
        "x-ms-return-client-request-id": "true",
        "x-ms-version": "2021-04-10"
      },
      "RequestBody": null,
      "StatusCode": 202,
      "ResponseHeaders": {
        "Content-Length": "0",
        "Date": "Wed, 17 Feb 2021 18:59:52 GMT",
        "Server": [
          "Windows-Azure-Blob/1.0",
          "Microsoft-HTTPAPI/2.0"
        ],
        "x-ms-client-request-id": "cbca08f8-96eb-5513-90ab-96f60e609e4f",
        "x-ms-request-id": "481f6be6-501e-0006-3c5f-05e97d000000",
        "x-ms-version": "2021-04-10"
      },
      "ResponseBody": []
    }
  ],
  "Variables": {
    "RandomSeed": "357330493",
    "Storage_TestConfigDefault": "ProductionTenant\nseanmcccanary3\nU2FuaXRpemVk\nhttps://seanmcccanary3.blob.core.windows.net\nhttps://seanmcccanary3.file.core.windows.net\nhttps://seanmcccanary3.queue.core.windows.net\nhttps://seanmcccanary3.table.core.windows.net\n\n\n\n\nhttps://seanmcccanary3-secondary.blob.core.windows.net\nhttps://seanmcccanary3-secondary.file.core.windows.net\nhttps://seanmcccanary3-secondary.queue.core.windows.net\nhttps://seanmcccanary3-secondary.table.core.windows.net\n\nSanitized\n\n\nCloud\nBlobEndpoint=https://seanmcccanary3.blob.core.windows.net/;QueueEndpoint=https://seanmcccanary3.queue.core.windows.net/;FileEndpoint=https://seanmcccanary3.file.core.windows.net/;BlobSecondaryEndpoint=https://seanmcccanary3-secondary.blob.core.windows.net/;QueueSecondaryEndpoint=https://seanmcccanary3-secondary.queue.core.windows.net/;FileSecondaryEndpoint=https://seanmcccanary3-secondary.file.core.windows.net/;AccountName=seanmcccanary3;AccountKey=Kg==;\nseanscope1\n\n"
  }
}