{
  "Entries": [
    {
      "RequestUri": "https://seanmcccanary3.blob.core.windows.net/test-container-cbc6ad34-29b3-8369-bfac-4259aa42e57e?restype=container",
      "RequestMethod": "PUT",
      "RequestHeaders": {
        "Accept": "application/xml",
        "Authorization": "Sanitized",
        "traceparent": "00-d19f9f277e457c459458eb90c00c1f04-f27385f9e8e22a4c-00",
        "User-Agent": [
          "azsdk-net-Storage.Blobs/12.9.0-alpha.20210217.1",
          "(.NET 5.0.3; Microsoft Windows 10.0.19042)"
        ],
        "x-ms-blob-public-access": "container",
        "x-ms-client-request-id": "e904ecbf-6861-e15d-951f-1c489324589c",
        "x-ms-date": "Wed, 17 Feb 2021 18:59:18 GMT",
        "x-ms-return-client-request-id": "true",
         "x-ms-version": "2020-08-04"
      },
      "RequestBody": null,
      "StatusCode": 201,
      "ResponseHeaders": {
        "Content-Length": "0",
        "Date": "Wed, 17 Feb 2021 18:59:19 GMT",
        "ETag": "\u00220x8D8D376214558F9\u0022",
        "Last-Modified": "Wed, 17 Feb 2021 18:59:19 GMT",
        "Server": [
          "Windows-Azure-Blob/1.0",
          "Microsoft-HTTPAPI/2.0"
        ],
        "x-ms-client-request-id": "e904ecbf-6861-e15d-951f-1c489324589c",
        "x-ms-request-id": "85b0e121-701e-003e-195e-054dbd000000",
         "x-ms-version": "2020-08-04"
      },
      "ResponseBody": []
    },
    {
      "RequestUri": "https://seanmcccanary3.blob.core.windows.net/test-container-cbc6ad34-29b3-8369-bfac-4259aa42e57e/test-blob-1b4a5599-544d-cf78-e016-1e4db52184cd",
      "RequestMethod": "PUT",
      "RequestHeaders": {
        "Accept": "application/xml",
        "Authorization": "Sanitized",
        "traceparent": "00-be6633b9ddf8924b95dd3e8ad1f70f24-a1f8d6b5925e4e41-00",
        "User-Agent": [
          "azsdk-net-Storage.Blobs/12.9.0-alpha.20210217.1",
          "(.NET 5.0.3; Microsoft Windows 10.0.19042)"
        ],
        "x-ms-blob-type": "AppendBlob",
        "x-ms-client-request-id": "a9aed70d-32a7-6bc1-7335-084b4a102b74",
        "x-ms-date": "Wed, 17 Feb 2021 18:59:19 GMT",
        "x-ms-return-client-request-id": "true",
        "x-ms-tags": "tagKey0=tagValue0\u0026tagKey1=tagValue1",
         "x-ms-version": "2020-08-04"
      },
      "RequestBody": null,
      "StatusCode": 201,
      "ResponseHeaders": {
        "Content-Length": "0",
        "Date": "Wed, 17 Feb 2021 18:59:19 GMT",
        "ETag": "\u00220x8D8D37621516C73\u0022",
        "Last-Modified": "Wed, 17 Feb 2021 18:59:19 GMT",
        "Server": [
          "Windows-Azure-Blob/1.0",
          "Microsoft-HTTPAPI/2.0"
        ],
        "x-ms-client-request-id": "a9aed70d-32a7-6bc1-7335-084b4a102b74",
        "x-ms-request-id": "85b0e130-701e-003e-255e-054dbd000000",
        "x-ms-request-server-encrypted": "true",
         "x-ms-version": "2020-08-04",
        "x-ms-version-id": "2021-02-17T18:59:19.1511155Z"
      },
      "ResponseBody": []
    },
    {
      "RequestUri": "https://seanmcccanary3.blob.core.windows.net/test-container-cbc6ad34-29b3-8369-bfac-4259aa42e57e?restype=container\u0026comp=list\u0026include=Tags",
      "RequestMethod": "GET",
      "RequestHeaders": {
        "Accept": "application/xml",
        "Authorization": "Sanitized",
        "traceparent": "00-08d99414270c894b8e51c8b59504f583-2dd58568965fba42-00",
        "User-Agent": [
          "azsdk-net-Storage.Blobs/12.9.0-alpha.20210217.1",
          "(.NET 5.0.3; Microsoft Windows 10.0.19042)"
        ],
        "x-ms-client-request-id": "de3f95fa-da72-2b25-722e-4a07f3d1023e",
        "x-ms-date": "Wed, 17 Feb 2021 18:59:19 GMT",
        "x-ms-return-client-request-id": "true",
         "x-ms-version": "2020-08-04"
      },
      "RequestBody": null,
      "StatusCode": 200,
      "ResponseHeaders": {
        "Content-Type": "application/xml",
        "Date": "Wed, 17 Feb 2021 18:59:19 GMT",
        "Server": [
          "Windows-Azure-Blob/1.0",
          "Microsoft-HTTPAPI/2.0"
        ],
        "Transfer-Encoding": "chunked",
        "x-ms-client-request-id": "de3f95fa-da72-2b25-722e-4a07f3d1023e",
        "x-ms-request-id": "85b0e149-701e-003e-3e5e-054dbd000000",
         "x-ms-version": "2020-08-04"
      },
      "ResponseBody": "\uFEFF\u003C?xml version=\u00221.0\u0022 encoding=\u0022utf-8\u0022?\u003E\u003CEnumerationResults ServiceEndpoint=\u0022https://seanmcccanary3.blob.core.windows.net/\u0022 ContainerName=\u0022test-container-cbc6ad34-29b3-8369-bfac-4259aa42e57e\u0022\u003E\u003CBlobs\u003E\u003CBlob\u003E\u003CName\u003Etest-blob-1b4a5599-544d-cf78-e016-1e4db52184cd\u003C/Name\u003E\u003CVersionId\u003E2021-02-17T18:59:19.1511155Z\u003C/VersionId\u003E\u003CIsCurrentVersion\u003Etrue\u003C/IsCurrentVersion\u003E\u003CProperties\u003E\u003CCreation-Time\u003EWed, 17 Feb 2021 18:59:19 GMT\u003C/Creation-Time\u003E\u003CLast-Modified\u003EWed, 17 Feb 2021 18:59:19 GMT\u003C/Last-Modified\u003E\u003CEtag\u003E0x8D8D37621516C73\u003C/Etag\u003E\u003CContent-Length\u003E0\u003C/Content-Length\u003E\u003CContent-Type\u003Eapplication/octet-stream\u003C/Content-Type\u003E\u003CContent-Encoding /\u003E\u003CContent-Language /\u003E\u003CContent-CRC64 /\u003E\u003CContent-MD5 /\u003E\u003CCache-Control /\u003E\u003CContent-Disposition /\u003E\u003CBlobType\u003EAppendBlob\u003C/BlobType\u003E\u003CLeaseStatus\u003Eunlocked\u003C/LeaseStatus\u003E\u003CLeaseState\u003Eavailable\u003C/LeaseState\u003E\u003CServerEncrypted\u003Etrue\u003C/ServerEncrypted\u003E\u003CTagCount\u003E2\u003C/TagCount\u003E\u003C/Properties\u003E\u003CTags\u003E\u003CTagSet\u003E\u003CTag\u003E\u003CKey\u003EtagKey0\u003C/Key\u003E\u003CValue\u003EtagValue0\u003C/Value\u003E\u003C/Tag\u003E\u003CTag\u003E\u003CKey\u003EtagKey1\u003C/Key\u003E\u003CValue\u003EtagValue1\u003C/Value\u003E\u003C/Tag\u003E\u003C/TagSet\u003E\u003C/Tags\u003E\u003COrMetadata /\u003E\u003C/Blob\u003E\u003C/Blobs\u003E\u003CNextMarker /\u003E\u003C/EnumerationResults\u003E"
    },
    {
      "RequestUri": "https://seanmcccanary3.blob.core.windows.net/test-container-cbc6ad34-29b3-8369-bfac-4259aa42e57e?restype=container",
      "RequestMethod": "DELETE",
      "RequestHeaders": {
        "Accept": "application/xml",
        "Authorization": "Sanitized",
        "traceparent": "00-6167094172651b4bbaf60f7e5a0a8d64-d1bcd37d38f9a745-00",
        "User-Agent": [
          "azsdk-net-Storage.Blobs/12.9.0-alpha.20210217.1",
          "(.NET 5.0.3; Microsoft Windows 10.0.19042)"
        ],
        "x-ms-client-request-id": "b450aaaf-4dd1-c001-2abe-ec5b4f57a967",
        "x-ms-date": "Wed, 17 Feb 2021 18:59:19 GMT",
        "x-ms-return-client-request-id": "true",
         "x-ms-version": "2020-08-04"
      },
      "RequestBody": null,
      "StatusCode": 202,
      "ResponseHeaders": {
        "Content-Length": "0",
        "Date": "Wed, 17 Feb 2021 18:59:19 GMT",
        "Server": [
          "Windows-Azure-Blob/1.0",
          "Microsoft-HTTPAPI/2.0"
        ],
        "x-ms-client-request-id": "b450aaaf-4dd1-c001-2abe-ec5b4f57a967",
        "x-ms-request-id": "85b0e165-701e-003e-565e-054dbd000000",
         "x-ms-version": "2020-08-04"
      },
      "ResponseBody": []
    }
  ],
  "Variables": {
    "RandomSeed": "1698092321",
    "Storage_TestConfigDefault": "ProductionTenant\nseanmcccanary3\nU2FuaXRpemVk\nhttps://seanmcccanary3.blob.core.windows.net\nhttps://seanmcccanary3.file.core.windows.net\nhttps://seanmcccanary3.queue.core.windows.net\nhttps://seanmcccanary3.table.core.windows.net\n\n\n\n\nhttps://seanmcccanary3-secondary.blob.core.windows.net\nhttps://seanmcccanary3-secondary.file.core.windows.net\nhttps://seanmcccanary3-secondary.queue.core.windows.net\nhttps://seanmcccanary3-secondary.table.core.windows.net\n\nSanitized\n\n\nCloud\nBlobEndpoint=https://seanmcccanary3.blob.core.windows.net/;QueueEndpoint=https://seanmcccanary3.queue.core.windows.net/;FileEndpoint=https://seanmcccanary3.file.core.windows.net/;BlobSecondaryEndpoint=https://seanmcccanary3-secondary.blob.core.windows.net/;QueueSecondaryEndpoint=https://seanmcccanary3-secondary.queue.core.windows.net/;FileSecondaryEndpoint=https://seanmcccanary3-secondary.file.core.windows.net/;AccountName=seanmcccanary3;AccountKey=Kg==;\nseanscope1"
  }
}