{
  "Entries": [
    {
      "RequestUri": "https://seanmcccanary3.blob.core.windows.net/test-container-8b4cc765-17e9-0cf6-b910-ba7dc4cf4123?restype=container",
      "RequestMethod": "PUT",
      "RequestHeaders": {
        "Accept": "application/xml",
        "Authorization": "Sanitized",
        "traceparent": "00-73fbb0ca326e5342b97468c1664e9862-1f7ffdbd2c814541-00",
        "User-Agent": [
          "azsdk-net-Storage.Blobs/12.9.0-alpha.20210429.1",
          "(.NET 5.0.5; Microsoft Windows 10.0.19042)"
        ],
        "x-ms-blob-public-access": "container",
        "x-ms-client-request-id": "a8261091-6bf8-96c3-32e1-b26d079864f3",
        "x-ms-date": "Thu, 29 Apr 2021 17:12:31 GMT",
        "x-ms-return-client-request-id": "true",
        "x-ms-version": "2021-04-10"
      },
      "RequestBody": null,
      "StatusCode": 201,
      "ResponseHeaders": {
        "Content-Length": "0",
        "Date": "Thu, 29 Apr 2021 17:12:30 GMT",
        "ETag": "\"0x8D90B31F91D65C1\"",
        "Last-Modified": "Thu, 29 Apr 2021 17:12:31 GMT",
        "Server": [
          "Windows-Azure-Blob/1.0",
          "Microsoft-HTTPAPI/2.0"
        ],
        "x-ms-client-request-id": "a8261091-6bf8-96c3-32e1-b26d079864f3",
        "x-ms-request-id": "6717bbe4-e01e-002c-0e1a-3d366d000000",
        "x-ms-version": "2021-04-10"
      },
      "ResponseBody": []
    },
    {
      "RequestUri": "https://seanmcccanary3.blob.core.windows.net/test-container-8b4cc765-17e9-0cf6-b910-ba7dc4cf4123/test-blob-17cfe152-f2c3-24f9-b021-c871195f74a2",
      "RequestMethod": "PUT",
      "RequestHeaders": {
        "Accept": "application/xml",
        "Authorization": "Sanitized",
        "traceparent": "00-5009f84ebaa0684ba64bce23d9340d4d-f610e4d0797cd145-00",
        "User-Agent": [
          "azsdk-net-Storage.Blobs/12.9.0-alpha.20210429.1",
          "(.NET 5.0.5; Microsoft Windows 10.0.19042)"
        ],
        "x-ms-blob-type": "AppendBlob",
        "x-ms-client-request-id": "b7440b13-bc47-9ebc-1601-f8d6a2527dd2",
        "x-ms-date": "Thu, 29 Apr 2021 17:12:31 GMT",
        "x-ms-return-client-request-id": "true",
        "x-ms-version": "2021-04-10"
      },
      "RequestBody": null,
      "StatusCode": 201,
      "ResponseHeaders": {
        "Content-Length": "0",
        "Date": "Thu, 29 Apr 2021 17:12:30 GMT",
        "ETag": "\"0x8D90B31F926D773\"",
        "Last-Modified": "Thu, 29 Apr 2021 17:12:31 GMT",
        "Server": [
          "Windows-Azure-Blob/1.0",
          "Microsoft-HTTPAPI/2.0"
        ],
        "x-ms-client-request-id": "b7440b13-bc47-9ebc-1601-f8d6a2527dd2",
        "x-ms-request-id": "6717bbfa-e01e-002c-1f1a-3d366d000000",
        "x-ms-request-server-encrypted": "true",
        "x-ms-version": "2021-04-10",
        "x-ms-version-id": "2021-04-29T17:12:31.1011187Z"
      },
      "ResponseBody": []
    },
    {
      "RequestUri": "https://seanmcccanary3.blob.core.windows.net/test-container-8b4cc765-17e9-0cf6-b910-ba7dc4cf4123/test-blob-17cfe152-f2c3-24f9-b021-c871195f74a2?comp=metadata",
      "RequestMethod": "PUT",
      "RequestHeaders": {
        "Accept": "application/xml",
        "Authorization": "Sanitized",
        "traceparent": "00-b71db53805cd004b8f04c8056160d5ab-bc2f92a3750d0c41-00",
        "User-Agent": [
          "azsdk-net-Storage.Blobs/12.9.0-alpha.20210429.1",
          "(.NET 5.0.5; Microsoft Windows 10.0.19042)"
        ],
        "x-ms-client-request-id": "0e5d9ffe-bc1a-805a-7e4c-9ea7a054d7be",
        "x-ms-date": "Thu, 29 Apr 2021 17:12:32 GMT",
        "x-ms-meta-Capital": "letter",
        "x-ms-meta-foo": "bar",
        "x-ms-meta-meta": "data",
        "x-ms-meta-UPPER": "case",
        "x-ms-return-client-request-id": "true",
        "x-ms-version": "2021-04-10"
      },
      "RequestBody": null,
      "StatusCode": 200,
      "ResponseHeaders": {
        "Content-Length": "0",
        "Date": "Thu, 29 Apr 2021 17:12:30 GMT",
        "ETag": "\"0x8D90B31F9309D3E\"",
        "Last-Modified": "Thu, 29 Apr 2021 17:12:31 GMT",
        "Server": [
          "Windows-Azure-Blob/1.0",
          "Microsoft-HTTPAPI/2.0"
        ],
        "x-ms-client-request-id": "0e5d9ffe-bc1a-805a-7e4c-9ea7a054d7be",
        "x-ms-request-id": "6717bc11-e01e-002c-321a-3d366d000000",
        "x-ms-request-server-encrypted": "true",
        "x-ms-version": "2021-04-10",
        "x-ms-version-id": "2021-04-29T17:12:31.1661646Z"
      },
      "ResponseBody": []
    },
    {
      "RequestUri": "https://seanmcccanary3.blob.core.windows.net/test-container-8b4cc765-17e9-0cf6-b910-ba7dc4cf4123/test-blob-17cfe152-f2c3-24f9-b021-c871195f74a2",
      "RequestMethod": "DELETE",
      "RequestHeaders": {
        "Accept": "application/xml",
        "Authorization": "Sanitized",
        "traceparent": "00-231955ea9f4592469ef22d25e11346b8-d833369480084c4e-00",
        "User-Agent": [
          "azsdk-net-Storage.Blobs/12.9.0-alpha.20210429.1",
          "(.NET 5.0.5; Microsoft Windows 10.0.19042)"
        ],
        "x-ms-client-request-id": "03d8f16a-6ff4-b0b8-b5b1-4e6012a31961",
        "x-ms-date": "Thu, 29 Apr 2021 17:12:32 GMT",
        "x-ms-return-client-request-id": "true",
        "x-ms-version": "2021-04-10"
      },
      "RequestBody": null,
      "StatusCode": 202,
      "ResponseHeaders": {
        "Content-Length": "0",
        "Date": "Thu, 29 Apr 2021 17:12:31 GMT",
        "Server": [
          "Windows-Azure-Blob/1.0",
          "Microsoft-HTTPAPI/2.0"
        ],
        "x-ms-client-request-id": "03d8f16a-6ff4-b0b8-b5b1-4e6012a31961",
        "x-ms-delete-type-permanent": "false",
        "x-ms-request-id": "6717bc28-e01e-002c-431a-3d366d000000",
        "x-ms-version": "2021-04-10"
      },
      "ResponseBody": []
    },
    {
      "RequestUri": "https://seanmcccanary3.blob.core.windows.net/test-container-8b4cc765-17e9-0cf6-b910-ba7dc4cf4123?restype=container&comp=list&include=DeletedWithVersions",
      "RequestMethod": "GET",
      "RequestHeaders": {
        "Accept": "application/xml",
        "Authorization": "Sanitized",
        "traceparent": "00-f40bb8c70556f94085940ef53608c099-1042b71d30bcb546-00",
        "User-Agent": [
          "azsdk-net-Storage.Blobs/12.9.0-alpha.20210429.1",
          "(.NET 5.0.5; Microsoft Windows 10.0.19042)"
        ],
        "x-ms-client-request-id": "af3cd552-d37c-80ca-c28e-c9c6081c511d",
        "x-ms-date": "Thu, 29 Apr 2021 17:12:32 GMT",
        "x-ms-return-client-request-id": "true",
        "x-ms-version": "2021-04-10"
      },
      "RequestBody": null,
      "StatusCode": 200,
      "ResponseHeaders": {
        "Content-Type": "application/xml",
        "Date": "Thu, 29 Apr 2021 17:12:31 GMT",
        "Server": [
          "Windows-Azure-Blob/1.0",
          "Microsoft-HTTPAPI/2.0"
        ],
        "Transfer-Encoding": "chunked",
        "x-ms-client-request-id": "af3cd552-d37c-80ca-c28e-c9c6081c511d",
        "x-ms-request-id": "6717bc38-e01e-002c-4c1a-3d366d000000",
        "x-ms-version": "2021-04-10"
      },
      "ResponseBody": "﻿<?xml version=\"1.0\" encoding=\"utf-8\"?><EnumerationResults ServiceEndpoint=\"https://seanmcccanary3.blob.core.windows.net/\" ContainerName=\"test-container-8b4cc765-17e9-0cf6-b910-ba7dc4cf4123\"><Blobs><Blob><Name>test-blob-17cfe152-f2c3-24f9-b021-c871195f74a2</Name><HasVersionsOnly>true</HasVersionsOnly><Properties><Creation-Time>Thu, 29 Apr 2021 17:12:31 GMT</Creation-Time><Last-Modified>Thu, 29 Apr 2021 17:12:31 GMT</Last-Modified><Etag>0x8D90B31F9309D3E</Etag><Content-Length>0</Content-Length><Content-Type>application/octet-stream</Content-Type><Content-Encoding /><Content-Language /><Content-CRC64 /><Content-MD5 /><Cache-Control /><Content-Disposition /><BlobType>AppendBlob</BlobType><LeaseStatus>unlocked</LeaseStatus><LeaseState>available</LeaseState><ServerEncrypted>true</ServerEncrypted></Properties><OrMetadata /></Blob></Blobs><NextMarker /></EnumerationResults>"
    },
    {
      "RequestUri": "https://seanmcccanary3.blob.core.windows.net/test-container-8b4cc765-17e9-0cf6-b910-ba7dc4cf4123?restype=container",
      "RequestMethod": "DELETE",
      "RequestHeaders": {
        "Accept": "application/xml",
        "Authorization": "Sanitized",
        "traceparent": "00-6146c74d57648e46a157148f22c059aa-3692d4fd263fd24d-00",
        "User-Agent": [
          "azsdk-net-Storage.Blobs/12.9.0-alpha.20210429.1",
          "(.NET 5.0.5; Microsoft Windows 10.0.19042)"
        ],
        "x-ms-client-request-id": "3c0d36e6-6a66-abe4-7ee4-67804fc79f06",
        "x-ms-date": "Thu, 29 Apr 2021 17:12:32 GMT",
        "x-ms-return-client-request-id": "true",
        "x-ms-version": "2021-04-10"
      },
      "RequestBody": null,
      "StatusCode": 202,
      "ResponseHeaders": {
        "Content-Length": "0",
        "Date": "Thu, 29 Apr 2021 17:12:31 GMT",
        "Server": [
          "Windows-Azure-Blob/1.0",
          "Microsoft-HTTPAPI/2.0"
        ],
        "x-ms-client-request-id": "3c0d36e6-6a66-abe4-7ee4-67804fc79f06",
        "x-ms-request-id": "6717bc48-e01e-002c-561a-3d366d000000",
        "x-ms-version": "2021-04-10"
      },
      "ResponseBody": []
    }
  ],
  "Variables": {
    "RandomSeed": "415661908",
    "Storage_TestConfigDefault": "ProductionTenant\nseanmcccanary3\nU2FuaXRpemVk\nhttps://seanmcccanary3.blob.core.windows.net\nhttps://seanmcccanary3.file.core.windows.net\nhttps://seanmcccanary3.queue.core.windows.net\nhttps://seanmcccanary3.table.core.windows.net\n\n\n\n\nhttps://seanmcccanary3-secondary.blob.core.windows.net\nhttps://seanmcccanary3-secondary.file.core.windows.net\nhttps://seanmcccanary3-secondary.queue.core.windows.net\nhttps://seanmcccanary3-secondary.table.core.windows.net\n68390a19-a643-458b-b726-408abf67b4fc\nSanitized\n72f988bf-86f1-41af-91ab-2d7cd011db47\nhttps://login.microsoftonline.com/\nCloud\nBlobEndpoint=https://seanmcccanary3.blob.core.windows.net/;QueueEndpoint=https://seanmcccanary3.queue.core.windows.net/;FileEndpoint=https://seanmcccanary3.file.core.windows.net/;BlobSecondaryEndpoint=https://seanmcccanary3-secondary.blob.core.windows.net/;QueueSecondaryEndpoint=https://seanmcccanary3-secondary.queue.core.windows.net/;FileSecondaryEndpoint=https://seanmcccanary3-secondary.file.core.windows.net/;AccountName=seanmcccanary3;AccountKey=Kg==;\nseanscope1\n\n"
  }
}