{
  "Entries": [
    {
      "RequestUri": "https://seanmcccanary3.blob.core.windows.net/test-container-9f53e108-023c-7136-ca74-7d7f36aa03d8?restype=container",
      "RequestMethod": "PUT",
      "RequestHeaders": {
        "Accept": "application/xml",
        "Authorization": "Sanitized",
        "traceparent": "00-a7e1e6af14584b4cac28638319f185e9-6bb971c81db0c349-00",
        "User-Agent": [
          "azsdk-net-Storage.Blobs/12.9.0-alpha.20210217.1",
          "(.NET 5.0.3; Microsoft Windows 10.0.19042)"
        ],
        "x-ms-blob-public-access": "container",
        "x-ms-client-request-id": "ec8f1612-e503-96f5-084c-0fad2b140c11",
        "x-ms-date": "Wed, 17 Feb 2021 18:59:58 GMT",
        "x-ms-return-client-request-id": "true",
        "x-ms-version": "2020-10-02"
      },
      "RequestBody": null,
      "StatusCode": 201,
      "ResponseHeaders": {
        "Content-Length": "0",
        "Date": "Wed, 17 Feb 2021 18:59:58 GMT",
        "ETag": "\"0x8D8D37638C9FE3B\"",
        "Last-Modified": "Wed, 17 Feb 2021 18:59:58 GMT",
        "Server": [
          "Windows-Azure-Blob/1.0",
          "Microsoft-HTTPAPI/2.0"
        ],
        "x-ms-client-request-id": "ec8f1612-e503-96f5-084c-0fad2b140c11",
        "x-ms-request-id": "1944fd4b-401e-0057-545f-0574f1000000",
        "x-ms-version": "2020-10-02"
      },
      "ResponseBody": []
    },
    {
      "RequestUri": "https://seanmcccanary3.blob.core.windows.net/test-container-9f53e108-023c-7136-ca74-7d7f36aa03d8/test-blob-faa35496-0c4c-9642-a5f8-b986be4bb761",
      "RequestMethod": "PUT",
      "RequestHeaders": {
        "Accept": "application/xml",
        "Authorization": "Sanitized",
        "traceparent": "00-31a8810e43891245865769960a1b2dd2-1480a6915016be41-00",
        "User-Agent": [
          "azsdk-net-Storage.Blobs/12.9.0-alpha.20210217.1",
          "(.NET 5.0.3; Microsoft Windows 10.0.19042)"
        ],
        "x-ms-blob-type": "AppendBlob",
        "x-ms-client-request-id": "655433a9-b1c5-053d-d3f8-470b2c6ed8bd",
        "x-ms-date": "Wed, 17 Feb 2021 18:59:58 GMT",
        "x-ms-return-client-request-id": "true",
        "x-ms-version": "2020-10-02"
      },
      "RequestBody": null,
      "StatusCode": 201,
      "ResponseHeaders": {
        "Content-Length": "0",
        "Date": "Wed, 17 Feb 2021 18:59:58 GMT",
        "ETag": "\"0x8D8D37638D42343\"",
        "Last-Modified": "Wed, 17 Feb 2021 18:59:58 GMT",
        "Server": [
          "Windows-Azure-Blob/1.0",
          "Microsoft-HTTPAPI/2.0"
        ],
        "x-ms-client-request-id": "655433a9-b1c5-053d-d3f8-470b2c6ed8bd",
        "x-ms-request-id": "1944fd5b-401e-0057-605f-0574f1000000",
        "x-ms-request-server-encrypted": "true",
        "x-ms-version": "2020-10-02",
        "x-ms-version-id": "2021-02-17T18:59:58.5953603Z"
      },
      "ResponseBody": []
    },
    {
      "RequestUri": "https://seanmcccanary3.blob.core.windows.net/test-container-9f53e108-023c-7136-ca74-7d7f36aa03d8/test-blob-faa35496-0c4c-9642-a5f8-b986be4bb761?comp=metadata",
      "RequestMethod": "PUT",
      "RequestHeaders": {
        "Accept": "application/xml",
        "Authorization": "Sanitized",
        "traceparent": "00-744078e6021ab44aba1a95106b848d54-b63185a4aae03441-00",
        "User-Agent": [
          "azsdk-net-Storage.Blobs/12.9.0-alpha.20210217.1",
          "(.NET 5.0.3; Microsoft Windows 10.0.19042)"
        ],
        "x-ms-client-request-id": "8bdce7c7-51f6-179c-b568-4c22cfc8660b",
        "x-ms-date": "Wed, 17 Feb 2021 18:59:58 GMT",
        "x-ms-meta-Capital": "letter",
        "x-ms-meta-foo": "bar",
        "x-ms-meta-meta": "data",
        "x-ms-meta-UPPER": "case",
        "x-ms-return-client-request-id": "true",
        "x-ms-version": "2020-10-02"
      },
      "RequestBody": null,
      "StatusCode": 200,
      "ResponseHeaders": {
        "Content-Length": "0",
        "Date": "Wed, 17 Feb 2021 18:59:58 GMT",
        "ETag": "\"0x8D8D37638DD73CC\"",
        "Last-Modified": "Wed, 17 Feb 2021 18:59:58 GMT",
        "Server": [
          "Windows-Azure-Blob/1.0",
          "Microsoft-HTTPAPI/2.0"
        ],
        "x-ms-client-request-id": "8bdce7c7-51f6-179c-b568-4c22cfc8660b",
        "x-ms-request-id": "1944fd6c-401e-0057-715f-0574f1000000",
        "x-ms-request-server-encrypted": "true",
        "x-ms-version": "2020-10-02",
        "x-ms-version-id": "2021-02-17T18:59:58.6574044Z"
      },
      "ResponseBody": []
    },
    {
      "RequestUri": "https://seanmcccanary3.blob.core.windows.net/test-container-9f53e108-023c-7136-ca74-7d7f36aa03d8?restype=container&comp=list&include=Versions",
      "RequestMethod": "GET",
      "RequestHeaders": {
        "Accept": "application/xml",
        "Authorization": "Sanitized",
        "traceparent": "00-6d214abc97dd374ea84c5cf3fc36500e-94eacb554433144f-00",
        "User-Agent": [
          "azsdk-net-Storage.Blobs/12.9.0-alpha.20210217.1",
          "(.NET 5.0.3; Microsoft Windows 10.0.19042)"
        ],
        "x-ms-client-request-id": "44442fc4-4d92-43c6-11cd-833d9ed3b0b7",
        "x-ms-date": "Wed, 17 Feb 2021 18:59:58 GMT",
        "x-ms-return-client-request-id": "true",
        "x-ms-version": "2020-10-02"
      },
      "RequestBody": null,
      "StatusCode": 200,
      "ResponseHeaders": {
        "Content-Type": "application/xml",
        "Date": "Wed, 17 Feb 2021 18:59:58 GMT",
        "Server": [
          "Windows-Azure-Blob/1.0",
          "Microsoft-HTTPAPI/2.0"
        ],
        "Transfer-Encoding": "chunked",
        "x-ms-client-request-id": "44442fc4-4d92-43c6-11cd-833d9ed3b0b7",
        "x-ms-request-id": "1944fd7d-401e-0057-7e5f-0574f1000000",
        "x-ms-version": "2020-10-02"
      },
      "ResponseBody": "﻿<?xml version=\"1.0\" encoding=\"utf-8\"?><EnumerationResults ServiceEndpoint=\"https://seanmcccanary3.blob.core.windows.net/\" ContainerName=\"test-container-9f53e108-023c-7136-ca74-7d7f36aa03d8\"><Blobs><Blob><Name>test-blob-faa35496-0c4c-9642-a5f8-b986be4bb761</Name><VersionId>2021-02-17T18:59:58.5953603Z</VersionId><Properties><Creation-Time>Wed, 17 Feb 2021 18:59:58 GMT</Creation-Time><Last-Modified>Wed, 17 Feb 2021 18:59:58 GMT</Last-Modified><Etag>0x8D8D37638D42343</Etag><Content-Length>0</Content-Length><Content-Type>application/octet-stream</Content-Type><Content-Encoding /><Content-Language /><Content-CRC64 /><Content-MD5 /><Cache-Control /><Content-Disposition /><BlobType>AppendBlob</BlobType><ServerEncrypted>true</ServerEncrypted></Properties><OrMetadata /></Blob><Blob><Name>test-blob-faa35496-0c4c-9642-a5f8-b986be4bb761</Name><VersionId>2021-02-17T18:59:58.6574044Z</VersionId><IsCurrentVersion>true</IsCurrentVersion><Properties><Creation-Time>Wed, 17 Feb 2021 18:59:58 GMT</Creation-Time><Last-Modified>Wed, 17 Feb 2021 18:59:58 GMT</Last-Modified><Etag>0x8D8D37638DD73CC</Etag><Content-Length>0</Content-Length><Content-Type>application/octet-stream</Content-Type><Content-Encoding /><Content-Language /><Content-CRC64 /><Content-MD5 /><Cache-Control /><Content-Disposition /><BlobType>AppendBlob</BlobType><LeaseStatus>unlocked</LeaseStatus><LeaseState>available</LeaseState><ServerEncrypted>true</ServerEncrypted></Properties><OrMetadata /></Blob></Blobs><NextMarker /></EnumerationResults>"
    },
    {
      "RequestUri": "https://seanmcccanary3.blob.core.windows.net/test-container-9f53e108-023c-7136-ca74-7d7f36aa03d8?restype=container",
      "RequestMethod": "DELETE",
      "RequestHeaders": {
        "Accept": "application/xml",
        "Authorization": "Sanitized",
        "traceparent": "00-fec201db79af0a448f3c2daefb3de4da-2d4f46db9a46204c-00",
        "User-Agent": [
          "azsdk-net-Storage.Blobs/12.9.0-alpha.20210217.1",
          "(.NET 5.0.3; Microsoft Windows 10.0.19042)"
        ],
        "x-ms-client-request-id": "a05dc448-2184-1379-a41f-a2db74ed1f69",
        "x-ms-date": "Wed, 17 Feb 2021 18:59:58 GMT",
        "x-ms-return-client-request-id": "true",
        "x-ms-version": "2020-10-02"
      },
      "RequestBody": null,
      "StatusCode": 202,
      "ResponseHeaders": {
        "Content-Length": "0",
        "Date": "Wed, 17 Feb 2021 18:59:58 GMT",
        "Server": [
          "Windows-Azure-Blob/1.0",
          "Microsoft-HTTPAPI/2.0"
        ],
        "x-ms-client-request-id": "a05dc448-2184-1379-a41f-a2db74ed1f69",
        "x-ms-request-id": "1944fd91-401e-0057-0d5f-0574f1000000",
        "x-ms-version": "2020-10-02"
      },
      "ResponseBody": []
    }
  ],
  "Variables": {
    "RandomSeed": "961807164",
    "Storage_TestConfigDefault": "ProductionTenant\nseanmcccanary3\nU2FuaXRpemVk\nhttps://seanmcccanary3.blob.core.windows.net\nhttps://seanmcccanary3.file.core.windows.net\nhttps://seanmcccanary3.queue.core.windows.net\nhttps://seanmcccanary3.table.core.windows.net\n\n\n\n\nhttps://seanmcccanary3-secondary.blob.core.windows.net\nhttps://seanmcccanary3-secondary.file.core.windows.net\nhttps://seanmcccanary3-secondary.queue.core.windows.net\nhttps://seanmcccanary3-secondary.table.core.windows.net\n\nSanitized\n\n\nCloud\nBlobEndpoint=https://seanmcccanary3.blob.core.windows.net/;QueueEndpoint=https://seanmcccanary3.queue.core.windows.net/;FileEndpoint=https://seanmcccanary3.file.core.windows.net/;BlobSecondaryEndpoint=https://seanmcccanary3-secondary.blob.core.windows.net/;QueueSecondaryEndpoint=https://seanmcccanary3-secondary.queue.core.windows.net/;FileSecondaryEndpoint=https://seanmcccanary3-secondary.file.core.windows.net/;AccountName=seanmcccanary3;AccountKey=Kg==;\nseanscope1\n\n"
  }
}