{
  "Entries": [
    {
      "RequestUri": "https://cdm03r01aversioning16.blob.core.windows.net/test-container-9f53e108-023c-7136-ca74-7d7f36aa03d8?restype=container",
      "RequestMethod": "PUT",
      "RequestHeaders": {
        "Authorization": "Sanitized",
        "traceparent": "00-56f8f36fe9f13a4db6381c30005247e4-2f9b302d22e9b14a-00",
        "User-Agent": [
          "azsdk-net-Storage.Blobs/12.5.0-dev.20200407.1",
          "(.NET Core 4.6.28325.01; Microsoft Windows 10.0.18362 )"
        ],
        "x-ms-blob-public-access": "container",
        "x-ms-client-request-id": "ec8f1612-e503-96f5-084c-0fad2b140c11",
        "x-ms-date": "Wed, 08 Apr 2020 00:55:06 GMT",
        "x-ms-return-client-request-id": "true",
        "x-ms-version": "2020-02-10"
      },
      "RequestBody": null,
      "StatusCode": 201,
      "ResponseHeaders": {
        "Content-Length": "0",
        "Date": "Wed, 08 Apr 2020 00:55:06 GMT",
        "ETag": "\u00220x8D7DB577AF85F40\u0022",
        "Last-Modified": "Wed, 08 Apr 2020 00:55:06 GMT",
        "Server": [
          "Windows-Azure-Blob/1.0",
          "Microsoft-HTTPAPI/2.0"
        ],
        "x-ms-client-request-id": "ec8f1612-e503-96f5-084c-0fad2b140c11",
        "x-ms-request-id": "74a0de07-601e-006f-2340-0dd031000000",
        "x-ms-version": "2020-02-10"
      },
      "ResponseBody": []
    },
    {
      "RequestUri": "https://cdm03r01aversioning16.blob.core.windows.net/test-container-9f53e108-023c-7136-ca74-7d7f36aa03d8/test-blob-faa35496-0c4c-9642-a5f8-b986be4bb761",
      "RequestMethod": "PUT",
      "RequestHeaders": {
        "Authorization": "Sanitized",
        "Content-Length": "0",
        "traceparent": "00-63e67d9bed92594b88036f33aacbb6d8-7f82af574b854140-00",
        "User-Agent": [
          "azsdk-net-Storage.Blobs/12.5.0-dev.20200407.1",
          "(.NET Core 4.6.28325.01; Microsoft Windows 10.0.18362 )"
        ],
        "x-ms-blob-type": "AppendBlob",
        "x-ms-client-request-id": "655433a9-b1c5-053d-d3f8-470b2c6ed8bd",
        "x-ms-date": "Wed, 08 Apr 2020 00:55:07 GMT",
        "x-ms-return-client-request-id": "true",
        "x-ms-version": "2020-02-10"
      },
      "RequestBody": null,
      "StatusCode": 201,
      "ResponseHeaders": {
        "Content-Length": "0",
        "Date": "Wed, 08 Apr 2020 00:55:06 GMT",
        "ETag": "\u00220x8D7DB577B00E3C4\u0022",
        "Last-Modified": "Wed, 08 Apr 2020 00:55:06 GMT",
        "Server": [
          "Windows-Azure-Blob/1.0",
          "Microsoft-HTTPAPI/2.0"
        ],
        "x-ms-client-request-id": "655433a9-b1c5-053d-d3f8-470b2c6ed8bd",
        "x-ms-request-id": "74a0de14-601e-006f-2e40-0dd031000000",
        "x-ms-request-server-encrypted": "true",
        "x-ms-version": "2020-02-10",
        "x-ms-version-id": "2020-04-08T00:55:06.8518107Z"
      },
      "ResponseBody": []
    },
    {
      "RequestUri": "https://cdm03r01aversioning16.blob.core.windows.net/test-container-9f53e108-023c-7136-ca74-7d7f36aa03d8/test-blob-faa35496-0c4c-9642-a5f8-b986be4bb761?comp=metadata",
      "RequestMethod": "PUT",
      "RequestHeaders": {
        "Authorization": "Sanitized",
        "traceparent": "00-72101a9c6f40c74f94fd9f338810620e-44392a2822af9b44-00",
        "User-Agent": [
          "azsdk-net-Storage.Blobs/12.5.0-dev.20200407.1",
          "(.NET Core 4.6.28325.01; Microsoft Windows 10.0.18362 )"
        ],
        "x-ms-client-request-id": "8bdce7c7-51f6-179c-b568-4c22cfc8660b",
        "x-ms-date": "Wed, 08 Apr 2020 00:55:07 GMT",
        "x-ms-meta-Capital": "letter",
        "x-ms-meta-foo": "bar",
        "x-ms-meta-meta": "data",
        "x-ms-meta-UPPER": "case",
        "x-ms-return-client-request-id": "true",
        "x-ms-version": "2020-02-10"
      },
      "RequestBody": null,
      "StatusCode": 200,
      "ResponseHeaders": {
        "Content-Length": "0",
        "Date": "Wed, 08 Apr 2020 00:55:06 GMT",
        "ETag": "\u00220x8D7DB577B0949C2\u0022",
        "Last-Modified": "Wed, 08 Apr 2020 00:55:06 GMT",
        "Server": [
          "Windows-Azure-Blob/1.0",
          "Microsoft-HTTPAPI/2.0"
        ],
        "x-ms-client-request-id": "8bdce7c7-51f6-179c-b568-4c22cfc8660b",
        "x-ms-request-id": "74a0de22-601e-006f-3a40-0dd031000000",
        "x-ms-request-server-encrypted": "true",
        "x-ms-version": "2020-02-10",
        "x-ms-version-id": "2020-04-08T00:55:06.9068498Z"
      },
      "ResponseBody": []
    },
    {
      "RequestUri": "https://cdm03r01aversioning16.blob.core.windows.net/test-container-9f53e108-023c-7136-ca74-7d7f36aa03d8?restype=container\u0026comp=list\u0026include=versions",
      "RequestMethod": "GET",
      "RequestHeaders": {
        "Authorization": "Sanitized",
        "User-Agent": [
          "azsdk-net-Storage.Blobs/12.5.0-dev.20200407.1",
          "(.NET Core 4.6.28325.01; Microsoft Windows 10.0.18362 )"
        ],
        "x-ms-client-request-id": "44442fc4-4d92-43c6-11cd-833d9ed3b0b7",
        "x-ms-date": "Wed, 08 Apr 2020 00:55:07 GMT",
        "x-ms-return-client-request-id": "true",
        "x-ms-version": "2020-02-10"
      },
      "RequestBody": null,
      "StatusCode": 200,
      "ResponseHeaders": {
        "Access-Control-Allow-Origin": "*",
        "Access-Control-Expose-Headers": "x-ms-request-id,x-ms-client-request-id,Server,x-ms-version,Content-Type,Content-Length,Date,Transfer-Encoding",
        "Content-Type": "application/xml",
        "Date": "Wed, 08 Apr 2020 00:55:06 GMT",
        "Server": [
          "Windows-Azure-Blob/1.0",
          "Microsoft-HTTPAPI/2.0"
        ],
        "Transfer-Encoding": "chunked",
        "x-ms-client-request-id": "44442fc4-4d92-43c6-11cd-833d9ed3b0b7",
        "x-ms-request-id": "74a0de2d-601e-006f-4440-0dd031000000",
        "x-ms-version": "2020-02-10"
      },
      "ResponseBody": "\uFEFF\u003C?xml version=\u00221.0\u0022 encoding=\u0022utf-8\u0022?\u003E\u003CEnumerationResults ServiceEndpoint=\u0022https://cdm03r01aversioning16.blob.core.windows.net/\u0022 ContainerName=\u0022test-container-9f53e108-023c-7136-ca74-7d7f36aa03d8\u0022\u003E\u003CBlobs\u003E\u003CBlob\u003E\u003CName\u003Etest-blob-faa35496-0c4c-9642-a5f8-b986be4bb761\u003C/Name\u003E\u003CVersionId\u003E2020-04-08T00:55:06.8518107Z\u003C/VersionId\u003E\u003CProperties\u003E\u003CCreation-Time\u003EWed, 08 Apr 2020 00:55:06 GMT\u003C/Creation-Time\u003E\u003CLast-Modified\u003EWed, 08 Apr 2020 00:55:06 GMT\u003C/Last-Modified\u003E\u003CEtag\u003E0x8D7DB577B00E3C4\u003C/Etag\u003E\u003CContent-Length\u003E0\u003C/Content-Length\u003E\u003CContent-Type\u003Eapplication/octet-stream\u003C/Content-Type\u003E\u003CContent-Encoding /\u003E\u003CContent-Language /\u003E\u003CContent-CRC64 /\u003E\u003CContent-MD5 /\u003E\u003CCache-Control /\u003E\u003CContent-Disposition /\u003E\u003CBlobType\u003EAppendBlob\u003C/BlobType\u003E\u003CServerEncrypted\u003Etrue\u003C/ServerEncrypted\u003E\u003C/Properties\u003E\u003C/Blob\u003E\u003CBlob\u003E\u003CName\u003Etest-blob-faa35496-0c4c-9642-a5f8-b986be4bb761\u003C/Name\u003E\u003CVersionId\u003E2020-04-08T00:55:06.9068498Z\u003C/VersionId\u003E\u003CIsCurrentVersion\u003Etrue\u003C/IsCurrentVersion\u003E\u003CProperties\u003E\u003CCreation-Time\u003EWed, 08 Apr 2020 00:55:06 GMT\u003C/Creation-Time\u003E\u003CLast-Modified\u003EWed, 08 Apr 2020 00:55:06 GMT\u003C/Last-Modified\u003E\u003CEtag\u003E0x8D7DB577B0949C2\u003C/Etag\u003E\u003CContent-Length\u003E0\u003C/Content-Length\u003E\u003CContent-Type\u003Eapplication/octet-stream\u003C/Content-Type\u003E\u003CContent-Encoding /\u003E\u003CContent-Language /\u003E\u003CContent-CRC64 /\u003E\u003CContent-MD5 /\u003E\u003CCache-Control /\u003E\u003CContent-Disposition /\u003E\u003CBlobType\u003EAppendBlob\u003C/BlobType\u003E\u003CLeaseStatus\u003Eunlocked\u003C/LeaseStatus\u003E\u003CLeaseState\u003Eavailable\u003C/LeaseState\u003E\u003CServerEncrypted\u003Etrue\u003C/ServerEncrypted\u003E\u003C/Properties\u003E\u003C/Blob\u003E\u003C/Blobs\u003E\u003CNextMarker /\u003E\u003C/EnumerationResults\u003E"
    },
    {
      "RequestUri": "https://cdm03r01aversioning16.blob.core.windows.net/test-container-9f53e108-023c-7136-ca74-7d7f36aa03d8?restype=container",
      "RequestMethod": "DELETE",
      "RequestHeaders": {
        "Authorization": "Sanitized",
        "traceparent": "00-e54ef1c342099c48ac6025b92edf7598-165bb6d63e4db545-00",
        "User-Agent": [
          "azsdk-net-Storage.Blobs/12.5.0-dev.20200407.1",
          "(.NET Core 4.6.28325.01; Microsoft Windows 10.0.18362 )"
        ],
        "x-ms-client-request-id": "a05dc448-2184-1379-a41f-a2db74ed1f69",
        "x-ms-date": "Wed, 08 Apr 2020 00:55:07 GMT",
        "x-ms-return-client-request-id": "true",
        "x-ms-version": "2020-02-10"
      },
      "RequestBody": null,
      "StatusCode": 202,
      "ResponseHeaders": {
        "Content-Length": "0",
        "Date": "Wed, 08 Apr 2020 00:55:06 GMT",
        "Server": [
          "Windows-Azure-Blob/1.0",
          "Microsoft-HTTPAPI/2.0"
        ],
        "x-ms-client-request-id": "a05dc448-2184-1379-a41f-a2db74ed1f69",
        "x-ms-request-id": "74a0de42-601e-006f-5740-0dd031000000",
        "x-ms-version": "2020-02-10"
      },
      "ResponseBody": []
    }
  ],
  "Variables": {
    "RandomSeed": "961807164",
    "Storage_TestConfigDefault": "ProductionTenant\ncdm03r01aversioning16\nU2FuaXRpemVk\nhttps://cdm03r01aversioning16.blob.core.windows.net\nhttps://cdm03r01aversioning16.file.core.windows.net\nhttps://cdm03r01aversioning16.queue.core.windows.net\nhttps://cdm03r01aversioning16.table.core.windows.net\n\n\n\n\nhttps://cdm03r01aversioning16-secondary.blob.core.windows.net\nhttps://cdm03r01aversioning16-secondary.file.core.windows.net\nhttps://cdm03r01aversioning16-secondary.queue.core.windows.net\nhttps://cdm03r01aversioning16-secondary.table.core.windows.net\n\nSanitized\n\n\nCloud\nBlobEndpoint=https://cdm03r01aversioning16.blob.core.windows.net/;QueueEndpoint=https://cdm03r01aversioning16.queue.core.windows.net/;FileEndpoint=https://cdm03r01aversioning16.file.core.windows.net/;BlobSecondaryEndpoint=https://cdm03r01aversioning16-secondary.blob.core.windows.net/;QueueSecondaryEndpoint=https://cdm03r01aversioning16-secondary.queue.core.windows.net/;FileSecondaryEndpoint=https://cdm03r01aversioning16-secondary.file.core.windows.net/;AccountName=cdm03r01aversioning16;AccountKey=Sanitized\nseanscope1"
  }
}