{
  "Entries": [
    {
      "RequestUri": "https://seanmcccanary3.blob.core.windows.net/test-container-28aec0cb-b60f-7005-7a66-f98938816afe?restype=container",
      "RequestMethod": "PUT",
      "RequestHeaders": {
        "Accept": "application/xml",
        "Authorization": "Sanitized",
        "traceparent": "00-d94cbedeb018034fab255251be20476a-25b1e33b2f94c34c-00",
        "User-Agent": [
          "azsdk-net-Storage.Blobs/12.9.0-alpha.20210217.1",
          "(.NET 5.0.3; Microsoft Windows 10.0.19042)"
        ],
        "x-ms-blob-public-access": "container",
        "x-ms-client-request-id": "49945dfa-61e8-85c8-76b9-1cfa2db2374c",
        "x-ms-date": "Wed, 17 Feb 2021 18:59:19 GMT",
        "x-ms-return-client-request-id": "true",
        "x-ms-version": "2021-04-10"
      },
      "RequestBody": null,
      "StatusCode": 201,
      "ResponseHeaders": {
        "Content-Length": "0",
        "Date": "Wed, 17 Feb 2021 18:59:19 GMT",
        "ETag": "\"0x8D8D37621EACBAB\"",
        "Last-Modified": "Wed, 17 Feb 2021 18:59:20 GMT",
        "Server": [
          "Windows-Azure-Blob/1.0",
          "Microsoft-HTTPAPI/2.0"
        ],
        "x-ms-client-request-id": "49945dfa-61e8-85c8-76b9-1cfa2db2374c",
        "x-ms-request-id": "ab2fc56d-c01e-003b-215e-059f66000000",
        "x-ms-version": "2021-04-10"
      },
      "ResponseBody": []
    },
    {
      "RequestUri": "https://seanmcccanary3.blob.core.windows.net/test-container-28aec0cb-b60f-7005-7a66-f98938816afe/test-blob-8f039baa-d172-2bfa-0dcf-3c2eed430d06",
      "RequestMethod": "PUT",
      "RequestHeaders": {
        "Accept": "application/xml",
        "Authorization": "Sanitized",
        "traceparent": "00-13092bafbb0c5842a2abd8ee5b09185e-f237b328a6224b4f-00",
        "User-Agent": [
          "azsdk-net-Storage.Blobs/12.9.0-alpha.20210217.1",
          "(.NET 5.0.3; Microsoft Windows 10.0.19042)"
        ],
        "x-ms-blob-type": "AppendBlob",
        "x-ms-client-request-id": "c7177ca9-576f-29c0-6368-3c1824999832",
        "x-ms-date": "Wed, 17 Feb 2021 18:59:20 GMT",
        "x-ms-return-client-request-id": "true",
        "x-ms-version": "2021-04-10"
      },
      "RequestBody": null,
      "StatusCode": 201,
      "ResponseHeaders": {
        "Content-Length": "0",
        "Date": "Wed, 17 Feb 2021 18:59:19 GMT",
        "ETag": "\"0x8D8D37621F60814\"",
        "Last-Modified": "Wed, 17 Feb 2021 18:59:20 GMT",
        "Server": [
          "Windows-Azure-Blob/1.0",
          "Microsoft-HTTPAPI/2.0"
        ],
        "x-ms-client-request-id": "c7177ca9-576f-29c0-6368-3c1824999832",
        "x-ms-request-id": "ab2fc59f-c01e-003b-4b5e-059f66000000",
        "x-ms-request-server-encrypted": "true",
        "x-ms-version": "2021-04-10",
        "x-ms-version-id": "2021-02-17T18:59:20.2308905Z"
      },
      "ResponseBody": []
    },
    {
      "RequestUri": "https://seanmcccanary3.blob.core.windows.net/test-container-28aec0cb-b60f-7005-7a66-f98938816afe/test-blob-8f039baa-d172-2bfa-0dcf-3c2eed430d06?comp=metadata",
      "RequestMethod": "PUT",
      "RequestHeaders": {
        "Accept": "application/xml",
        "Authorization": "Sanitized",
        "traceparent": "00-48a571f20bdbce4ca8998aa8190c30de-714139b61fc6f746-00",
        "User-Agent": [
          "azsdk-net-Storage.Blobs/12.9.0-alpha.20210217.1",
          "(.NET 5.0.3; Microsoft Windows 10.0.19042)"
        ],
        "x-ms-client-request-id": "7085031e-452c-2796-0464-7784e4fcd4fc",
        "x-ms-date": "Wed, 17 Feb 2021 18:59:20 GMT",
        "x-ms-meta-Capital": "letter",
        "x-ms-meta-foo": "bar",
        "x-ms-meta-meta": "data",
        "x-ms-meta-UPPER": "case",
        "x-ms-return-client-request-id": "true",
        "x-ms-version": "2021-04-10"
      },
      "RequestBody": null,
      "StatusCode": 200,
      "ResponseHeaders": {
        "Content-Length": "0",
        "Date": "Wed, 17 Feb 2021 18:59:19 GMT",
        "ETag": "\"0x8D8D37621FFCDDF\"",
        "Last-Modified": "Wed, 17 Feb 2021 18:59:20 GMT",
        "Server": [
          "Windows-Azure-Blob/1.0",
          "Microsoft-HTTPAPI/2.0"
        ],
        "x-ms-client-request-id": "7085031e-452c-2796-0464-7784e4fcd4fc",
        "x-ms-request-id": "ab2fc5b8-c01e-003b-5e5e-059f66000000",
        "x-ms-request-server-encrypted": "true",
        "x-ms-version": "2021-04-10",
        "x-ms-version-id": "2021-02-17T18:59:20.2949359Z"
      },
      "ResponseBody": []
    },
    {
      "RequestUri": "https://seanmcccanary3.blob.core.windows.net/test-container-28aec0cb-b60f-7005-7a66-f98938816afe?restype=container&comp=list&include=Versions",
      "RequestMethod": "GET",
      "RequestHeaders": {
        "Accept": "application/xml",
        "Authorization": "Sanitized",
        "traceparent": "00-4f5aeebaaaddb24e8b29f679349b39fd-fb78868f5f62114b-00",
        "User-Agent": [
          "azsdk-net-Storage.Blobs/12.9.0-alpha.20210217.1",
          "(.NET 5.0.3; Microsoft Windows 10.0.19042)"
        ],
        "x-ms-client-request-id": "21fae6bf-2714-6606-7f54-62bfe5daa588",
        "x-ms-date": "Wed, 17 Feb 2021 18:59:20 GMT",
        "x-ms-return-client-request-id": "true",
        "x-ms-version": "2021-04-10"
      },
      "RequestBody": null,
      "StatusCode": 200,
      "ResponseHeaders": {
        "Content-Type": "application/xml",
        "Date": "Wed, 17 Feb 2021 18:59:19 GMT",
        "Server": [
          "Windows-Azure-Blob/1.0",
          "Microsoft-HTTPAPI/2.0"
        ],
        "Transfer-Encoding": "chunked",
        "x-ms-client-request-id": "21fae6bf-2714-6606-7f54-62bfe5daa588",
        "x-ms-request-id": "ab2fc5c9-c01e-003b-6b5e-059f66000000",
        "x-ms-version": "2021-04-10"
      },
      "ResponseBody": "﻿<?xml version=\"1.0\" encoding=\"utf-8\"?><EnumerationResults ServiceEndpoint=\"https://seanmcccanary3.blob.core.windows.net/\" ContainerName=\"test-container-28aec0cb-b60f-7005-7a66-f98938816afe\"><Blobs><Blob><Name>test-blob-8f039baa-d172-2bfa-0dcf-3c2eed430d06</Name><VersionId>2021-02-17T18:59:20.2308905Z</VersionId><Properties><Creation-Time>Wed, 17 Feb 2021 18:59:20 GMT</Creation-Time><Last-Modified>Wed, 17 Feb 2021 18:59:20 GMT</Last-Modified><Etag>0x8D8D37621F60814</Etag><Content-Length>0</Content-Length><Content-Type>application/octet-stream</Content-Type><Content-Encoding /><Content-Language /><Content-CRC64 /><Content-MD5 /><Cache-Control /><Content-Disposition /><BlobType>AppendBlob</BlobType><ServerEncrypted>true</ServerEncrypted></Properties><OrMetadata /></Blob><Blob><Name>test-blob-8f039baa-d172-2bfa-0dcf-3c2eed430d06</Name><VersionId>2021-02-17T18:59:20.2949359Z</VersionId><IsCurrentVersion>true</IsCurrentVersion><Properties><Creation-Time>Wed, 17 Feb 2021 18:59:20 GMT</Creation-Time><Last-Modified>Wed, 17 Feb 2021 18:59:20 GMT</Last-Modified><Etag>0x8D8D37621FFCDDF</Etag><Content-Length>0</Content-Length><Content-Type>application/octet-stream</Content-Type><Content-Encoding /><Content-Language /><Content-CRC64 /><Content-MD5 /><Cache-Control /><Content-Disposition /><BlobType>AppendBlob</BlobType><LeaseStatus>unlocked</LeaseStatus><LeaseState>available</LeaseState><ServerEncrypted>true</ServerEncrypted></Properties><OrMetadata /></Blob></Blobs><NextMarker /></EnumerationResults>"
    },
    {
      "RequestUri": "https://seanmcccanary3.blob.core.windows.net/test-container-28aec0cb-b60f-7005-7a66-f98938816afe?restype=container",
      "RequestMethod": "DELETE",
      "RequestHeaders": {
        "Accept": "application/xml",
        "Authorization": "Sanitized",
        "traceparent": "00-a0ca6cb640f2584d93bab82d9c4d82a8-ca4984a3d67d6d4e-00",
        "User-Agent": [
          "azsdk-net-Storage.Blobs/12.9.0-alpha.20210217.1",
          "(.NET 5.0.3; Microsoft Windows 10.0.19042)"
        ],
        "x-ms-client-request-id": "fdc4a892-b302-23e8-4154-eee7e6546743",
        "x-ms-date": "Wed, 17 Feb 2021 18:59:20 GMT",
        "x-ms-return-client-request-id": "true",
        "x-ms-version": "2021-04-10"
      },
      "RequestBody": null,
      "StatusCode": 202,
      "ResponseHeaders": {
        "Content-Length": "0",
        "Date": "Wed, 17 Feb 2021 18:59:19 GMT",
        "Server": [
          "Windows-Azure-Blob/1.0",
          "Microsoft-HTTPAPI/2.0"
        ],
        "x-ms-client-request-id": "fdc4a892-b302-23e8-4154-eee7e6546743",
        "x-ms-request-id": "ab2fc5e5-c01e-003b-7a5e-059f66000000",
        "x-ms-version": "2021-04-10"
      },
      "ResponseBody": []
    }
  ],
  "Variables": {
    "RandomSeed": "470895844",
    "Storage_TestConfigDefault": "ProductionTenant\nseanmcccanary3\nU2FuaXRpemVk\nhttps://seanmcccanary3.blob.core.windows.net\nhttps://seanmcccanary3.file.core.windows.net\nhttps://seanmcccanary3.queue.core.windows.net\nhttps://seanmcccanary3.table.core.windows.net\n\n\n\n\nhttps://seanmcccanary3-secondary.blob.core.windows.net\nhttps://seanmcccanary3-secondary.file.core.windows.net\nhttps://seanmcccanary3-secondary.queue.core.windows.net\nhttps://seanmcccanary3-secondary.table.core.windows.net\n\nSanitized\n\n\nCloud\nBlobEndpoint=https://seanmcccanary3.blob.core.windows.net/;QueueEndpoint=https://seanmcccanary3.queue.core.windows.net/;FileEndpoint=https://seanmcccanary3.file.core.windows.net/;BlobSecondaryEndpoint=https://seanmcccanary3-secondary.blob.core.windows.net/;QueueSecondaryEndpoint=https://seanmcccanary3-secondary.queue.core.windows.net/;FileSecondaryEndpoint=https://seanmcccanary3-secondary.file.core.windows.net/;AccountName=seanmcccanary3;AccountKey=Kg==;\nseanscope1\n\n"
  }
}