{
  "Entries": [
    {
      "RequestUri": "http:\u002f\u002fstorageteglazatesting.blob.core.windows.net\u002ftest-container-88daf5f8-8cfb-8eb5-3d93-0d02106b7513?restype=container",
      "RequestMethod": "PUT",
      "RequestHeaders": {
        "Authorization": "Sanitized",
        "Request-Id": "|584d28cf-4110f39a1cab3ec1.",
        "User-Agent": [
          "azsdk-net-Storage.Blobs\u002f12.0.0-dev.20190816.1\u002b0b169fa1e334f0a6d9b7c68fcdece459ccf147ea",
          "(.NET Core 4.6.27817.01; Microsoft Windows 10.0.18362 )"
        ],
        "x-ms-client-request-id": "b6cf5a3ca9b657194381020ef35204e8",
        "x-ms-date": "Fri, 16 Aug 2019 17:04:47 GMT",
        "x-ms-return-client-request-id": "true",
        "x-ms-version": "2019-02-02"
      },
      "RequestBody": null,
      "StatusCode": 201,
      "ResponseHeaders": {
        "Content-Length": "0",
        "Date": "Fri, 16 Aug 2019 17:04:47 GMT",
        "ETag": "\u00220x8D7226BD7A80A93\u0022",
        "Last-Modified": "Fri, 16 Aug 2019 17:04:47 GMT",
        "Server": [
          "Windows-Azure-Blob\u002f1.0",
          "Microsoft-HTTPAPI\u002f2.0"
        ],
        "x-ms-client-request-id": "b6cf5a3ca9b657194381020ef35204e8",
        "x-ms-request-id": "9641f575-301e-0048-7454-545039000000",
        "x-ms-version": "2019-02-02"
      },
      "ResponseBody": []
    },
    {
      "RequestUri": "http:\u002f\u002fstorageteglazatesting.blob.core.windows.net\u002ftest-container-88daf5f8-8cfb-8eb5-3d93-0d02106b7513?comp=lease\u0026restype=container",
      "RequestMethod": "PUT",
      "RequestHeaders": {
        "Authorization": "Sanitized",
        "Request-Id": "|584d28d0-4110f39a1cab3ec1.",
        "User-Agent": [
          "azsdk-net-Storage.Blobs\u002f12.0.0-dev.20190816.1\u002b0b169fa1e334f0a6d9b7c68fcdece459ccf147ea",
          "(.NET Core 4.6.27817.01; Microsoft Windows 10.0.18362 )"
        ],
        "x-ms-client-request-id": "0d64935a62474fb9db83447989a79beb",
        "x-ms-date": "Fri, 16 Aug 2019 17:04:47 GMT",
        "x-ms-lease-action": "acquire",
        "x-ms-lease-duration": "15",
        "x-ms-proposed-lease-id": "4caf3967-68c8-25b9-2f2c-f47b807cf3cc",
        "x-ms-return-client-request-id": "true",
        "x-ms-version": "2019-02-02"
      },
      "RequestBody": null,
      "StatusCode": 201,
      "ResponseHeaders": {
        "Content-Length": "0",
        "Date": "Fri, 16 Aug 2019 17:04:47 GMT",
        "ETag": "\u00220x8D7226BD7A80A93\u0022",
        "Last-Modified": "Fri, 16 Aug 2019 17:04:47 GMT",
        "Server": [
          "Windows-Azure-Blob\u002f1.0",
          "Microsoft-HTTPAPI\u002f2.0"
        ],
        "x-ms-client-request-id": "0d64935a62474fb9db83447989a79beb",
        "x-ms-lease-id": "4caf3967-68c8-25b9-2f2c-f47b807cf3cc",
        "x-ms-request-id": "9641f68d-301e-0048-7054-545039000000",
        "x-ms-version": "2019-02-02"
      },
      "ResponseBody": []
    },
    {
      "RequestUri": "http:\u002f\u002fstorageteglazatesting.blob.core.windows.net\u002ftest-container-88daf5f8-8cfb-8eb5-3d93-0d02106b7513?comp=lease\u0026restype=container",
      "RequestMethod": "PUT",
      "RequestHeaders": {
        "Authorization": "Sanitized",
        "If-Modified-Since": "Sat, 17 Aug 2019 17:04:47 GMT",
        "Request-Id": "|584d28d1-4110f39a1cab3ec1.",
        "User-Agent": [
          "azsdk-net-Storage.Blobs\u002f12.0.0-dev.20190816.1\u002b0b169fa1e334f0a6d9b7c68fcdece459ccf147ea",
          "(.NET Core 4.6.27817.01; Microsoft Windows 10.0.18362 )"
        ],
        "x-ms-client-request-id": "d69a248e28bbd44aa0aa8689b49ed7c7",
        "x-ms-date": "Fri, 16 Aug 2019 17:04:47 GMT",
        "x-ms-lease-action": "renew",
        "x-ms-lease-id": "4caf3967-68c8-25b9-2f2c-f47b807cf3cc",
        "x-ms-return-client-request-id": "true",
        "x-ms-version": "2019-02-02"
      },
      "RequestBody": null,
      "StatusCode": 412,
      "ResponseHeaders": {
        "Content-Length": "252",
        "Content-Type": "application\u002fxml",
        "Date": "Fri, 16 Aug 2019 17:04:47 GMT",
        "Server": [
          "Windows-Azure-Blob\u002f1.0",
          "Microsoft-HTTPAPI\u002f2.0"
        ],
        "x-ms-client-request-id": "d69a248e28bbd44aa0aa8689b49ed7c7",
        "x-ms-error-code": "ConditionNotMet",
        "x-ms-request-id": "9641f6ec-301e-0048-4654-545039000000",
        "x-ms-version": "2019-02-02"
      },
      "ResponseBody": [
        "\ufeff\u003c?xml version=\u00221.0\u0022 encoding=\u0022utf-8\u0022?\u003e\u003cError\u003e\u003cCode\u003eConditionNotMet\u003c\u002fCode\u003e\u003cMessage\u003eThe condition specified using HTTP conditional header(s) is not met.\n",
        "RequestId:9641f6ec-301e-0048-4654-545039000000\n",
        "Time:2019-08-16T17:04:47.4496950Z\u003c\u002fMessage\u003e\u003c\u002fError\u003e"
      ]
    },
    {
      "RequestUri": "http:\u002f\u002fstorageteglazatesting.blob.core.windows.net\u002ftest-container-88daf5f8-8cfb-8eb5-3d93-0d02106b7513?restype=container",
      "RequestMethod": "DELETE",
      "RequestHeaders": {
        "Authorization": "Sanitized",
        "Request-Id": "|584d28d2-4110f39a1cab3ec1.",
        "User-Agent": [
          "azsdk-net-Storage.Blobs\u002f12.0.0-dev.20190816.1\u002b0b169fa1e334f0a6d9b7c68fcdece459ccf147ea",
          "(.NET Core 4.6.27817.01; Microsoft Windows 10.0.18362 )"
        ],
        "x-ms-client-request-id": "60b3358df6ee05a07f60714523409b88",
        "x-ms-date": "Fri, 16 Aug 2019 17:04:47 GMT",
        "x-ms-lease-id": "4caf3967-68c8-25b9-2f2c-f47b807cf3cc",
        "x-ms-return-client-request-id": "true",
        "x-ms-version": "2019-02-02"
      },
      "RequestBody": null,
      "StatusCode": 202,
      "ResponseHeaders": {
        "Content-Length": "0",
        "Date": "Fri, 16 Aug 2019 17:04:47 GMT",
        "Server": [
          "Windows-Azure-Blob\u002f1.0",
          "Microsoft-HTTPAPI\u002f2.0"
        ],
        "x-ms-client-request-id": "60b3358df6ee05a07f60714523409b88",
        "x-ms-request-id": "9641f6fa-301e-0048-5454-545039000000",
        "x-ms-version": "2019-02-02"
      },
      "ResponseBody": []
    },
    {
      "RequestUri": "http:\u002f\u002fstorageteglazatesting.blob.core.windows.net\u002ftest-container-5bed0990-1de1-3211-488f-6c9ddb2f9a3d?restype=container",
      "RequestMethod": "PUT",
      "RequestHeaders": {
        "Authorization": "Sanitized",
        "Request-Id": "|584d28d3-4110f39a1cab3ec1.",
        "User-Agent": [
          "azsdk-net-Storage.Blobs\u002f12.0.0-dev.20190816.1\u002b0b169fa1e334f0a6d9b7c68fcdece459ccf147ea",
          "(.NET Core 4.6.27817.01; Microsoft Windows 10.0.18362 )"
        ],
        "x-ms-client-request-id": "54eb7dac3bf397fd8494565bb705b060",
        "x-ms-date": "Fri, 16 Aug 2019 17:04:47 GMT",
        "x-ms-return-client-request-id": "true",
        "x-ms-version": "2019-02-02"
      },
      "RequestBody": null,
      "StatusCode": 201,
      "ResponseHeaders": {
        "Content-Length": "0",
        "Date": "Fri, 16 Aug 2019 17:04:47 GMT",
        "ETag": "\u00220x8D7226BD7DF0685\u0022",
        "Last-Modified": "Fri, 16 Aug 2019 17:04:47 GMT",
        "Server": [
          "Windows-Azure-Blob\u002f1.0",
          "Microsoft-HTTPAPI\u002f2.0"
        ],
        "x-ms-client-request-id": "54eb7dac3bf397fd8494565bb705b060",
        "x-ms-request-id": "9641f712-301e-0048-6c54-545039000000",
        "x-ms-version": "2019-02-02"
      },
      "ResponseBody": []
    },
    {
      "RequestUri": "http:\u002f\u002fstorageteglazatesting.blob.core.windows.net\u002ftest-container-5bed0990-1de1-3211-488f-6c9ddb2f9a3d?comp=lease\u0026restype=container",
      "RequestMethod": "PUT",
      "RequestHeaders": {
        "Authorization": "Sanitized",
        "Request-Id": "|584d28d4-4110f39a1cab3ec1.",
        "User-Agent": [
          "azsdk-net-Storage.Blobs\u002f12.0.0-dev.20190816.1\u002b0b169fa1e334f0a6d9b7c68fcdece459ccf147ea",
          "(.NET Core 4.6.27817.01; Microsoft Windows 10.0.18362 )"
        ],
        "x-ms-client-request-id": "a59833c6465455940c55d64dc6b57a42",
        "x-ms-date": "Fri, 16 Aug 2019 17:04:47 GMT",
        "x-ms-lease-action": "acquire",
        "x-ms-lease-duration": "15",
        "x-ms-proposed-lease-id": "abf9fe0f-7cb0-70e5-2481-175e8a032a4f",
        "x-ms-return-client-request-id": "true",
        "x-ms-version": "2019-02-02"
      },
      "RequestBody": null,
      "StatusCode": 201,
      "ResponseHeaders": {
        "Content-Length": "0",
        "Date": "Fri, 16 Aug 2019 17:04:47 GMT",
        "ETag": "\u00220x8D7226BD7DF0685\u0022",
        "Last-Modified": "Fri, 16 Aug 2019 17:04:47 GMT",
        "Server": [
          "Windows-Azure-Blob\u002f1.0",
          "Microsoft-HTTPAPI\u002f2.0"
        ],
        "x-ms-client-request-id": "a59833c6465455940c55d64dc6b57a42",
        "x-ms-lease-id": "abf9fe0f-7cb0-70e5-2481-175e8a032a4f",
        "x-ms-request-id": "9641f72c-301e-0048-0454-545039000000",
        "x-ms-version": "2019-02-02"
      },
      "ResponseBody": []
    },
    {
      "RequestUri": "http:\u002f\u002fstorageteglazatesting.blob.core.windows.net\u002ftest-container-5bed0990-1de1-3211-488f-6c9ddb2f9a3d?comp=lease\u0026restype=container",
      "RequestMethod": "PUT",
      "RequestHeaders": {
        "Authorization": "Sanitized",
        "If-Unmodified-Since": "Thu, 15 Aug 2019 17:04:47 GMT",
        "Request-Id": "|584d28d5-4110f39a1cab3ec1.",
        "User-Agent": [
          "azsdk-net-Storage.Blobs\u002f12.0.0-dev.20190816.1\u002b0b169fa1e334f0a6d9b7c68fcdece459ccf147ea",
          "(.NET Core 4.6.27817.01; Microsoft Windows 10.0.18362 )"
        ],
        "x-ms-client-request-id": "dd8e0cdfef36308c987a2f72239e0d81",
        "x-ms-date": "Fri, 16 Aug 2019 17:04:47 GMT",
        "x-ms-lease-action": "renew",
        "x-ms-lease-id": "abf9fe0f-7cb0-70e5-2481-175e8a032a4f",
        "x-ms-return-client-request-id": "true",
        "x-ms-version": "2019-02-02"
      },
      "RequestBody": null,
      "StatusCode": 412,
      "ResponseHeaders": {
        "Content-Length": "252",
        "Content-Type": "application\u002fxml",
        "Date": "Fri, 16 Aug 2019 17:04:47 GMT",
        "Server": [
          "Windows-Azure-Blob\u002f1.0",
          "Microsoft-HTTPAPI\u002f2.0"
        ],
        "x-ms-client-request-id": "dd8e0cdfef36308c987a2f72239e0d81",
        "x-ms-error-code": "ConditionNotMet",
        "x-ms-request-id": "9641f826-301e-0048-6854-545039000000",
        "x-ms-version": "2019-02-02"
      },
      "ResponseBody": [
        "\ufeff\u003c?xml version=\u00221.0\u0022 encoding=\u0022utf-8\u0022?\u003e\u003cError\u003e\u003cCode\u003eConditionNotMet\u003c\u002fCode\u003e\u003cMessage\u003eThe condition specified using HTTP conditional header(s) is not met.\n",
        "RequestId:9641f826-301e-0048-6854-545039000000\n",
        "Time:2019-08-16T17:04:47.7319645Z\u003c\u002fMessage\u003e\u003c\u002fError\u003e"
      ]
    },
    {
      "RequestUri": "http:\u002f\u002fstorageteglazatesting.blob.core.windows.net\u002ftest-container-5bed0990-1de1-3211-488f-6c9ddb2f9a3d?restype=container",
      "RequestMethod": "DELETE",
      "RequestHeaders": {
        "Authorization": "Sanitized",
        "Request-Id": "|584d28d6-4110f39a1cab3ec1.",
        "User-Agent": [
          "azsdk-net-Storage.Blobs\u002f12.0.0-dev.20190816.1\u002b0b169fa1e334f0a6d9b7c68fcdece459ccf147ea",
          "(.NET Core 4.6.27817.01; Microsoft Windows 10.0.18362 )"
        ],
        "x-ms-client-request-id": "8495066a0a6cc80b69a39e5ba598aa6e",
        "x-ms-date": "Fri, 16 Aug 2019 17:04:47 GMT",
        "x-ms-lease-id": "abf9fe0f-7cb0-70e5-2481-175e8a032a4f",
        "x-ms-return-client-request-id": "true",
        "x-ms-version": "2019-02-02"
      },
      "RequestBody": null,
      "StatusCode": 202,
      "ResponseHeaders": {
        "Content-Length": "0",
        "Date": "Fri, 16 Aug 2019 17:04:47 GMT",
        "Server": [
          "Windows-Azure-Blob\u002f1.0",
          "Microsoft-HTTPAPI\u002f2.0"
        ],
        "x-ms-client-request-id": "8495066a0a6cc80b69a39e5ba598aa6e",
        "x-ms-request-id": "9641f831-301e-0048-7354-545039000000",
        "x-ms-version": "2019-02-02"
      },
      "ResponseBody": []
    }
  ],
  "Variables": {
    "DateTimeOffsetNow": "2019-08-16T10:04:47.2101234-07:00",
    "RandomSeed": "473098187",
    "Storage_TestConfigDefault": "ProductionTenant\nstorageteglazatesting\nU2FuaXRpemVk\nhttp:\u002f\u002fstorageteglazatesting.blob.core.windows.net\nhttp:\u002f\u002fstorageteglazatesting.file.core.windows.net\nhttp:\u002f\u002fstorageteglazatesting.queue.core.windows.net\nhttp:\u002f\u002fstorageteglazatesting.table.core.windows.net\n\n\n\n\nhttp:\u002f\u002fstorageteglazatesting-secondary.blob.core.windows.net\n\nhttp:\u002f\u002fstorageteglazatesting-secondary.queue.core.windows.net\nhttp:\u002f\u002fstorageteglazatesting-secondary.table.core.windows.net\n\nSanitized\n\n\nCloud\nBlobEndpoint=http:\u002f\u002fstorageteglazatesting.blob.core.windows.net\u002f;QueueEndpoint=http:\u002f\u002fstorageteglazatesting.queue.core.windows.net\u002f;TableEndpoint=http:\u002f\u002fstorageteglazatesting.table.core.windows.net\u002f;FileEndpoint=http:\u002f\u002fstorageteglazatesting.file.core.windows.net\u002f;BlobSecondaryEndpoint=http:\u002f\u002fstorageteglazatesting-secondary.blob.core.windows.net\u002f;QueueSecondaryEndpoint=http:\u002f\u002fstorageteglazatesting-secondary.queue.core.windows.net\u002f;TableSecondaryEndpoint=http:\u002f\u002fstorageteglazatesting-secondary.table.core.windows.net\u002f;AccountName=storageteglazatesting;AccountKey=Sanitized"
  }
}