{
  "Entries": [
    {
      "RequestUri": "http://amandacanary.blob.core.windows.net/test-container-2a8e7d0b-43c4-2f17-ab34-bb09a62a155a?restype=container",
      "RequestMethod": "PUT",
      "RequestHeaders": {
        "Authorization": "Sanitized",
        "traceparent": "00-6e5459573dd1d1479760c4a7742c40f4-7935af783f580645-00",
        "User-Agent": [
          "azsdk-net-Storage.Blobs/12.5.0-dev.20200424.1",
          "(.NET Core 4.6.28619.01; Microsoft Windows 10.0.18363 )"
        ],
        "x-ms-client-request-id": "3f274423-4c5f-32da-93d4-153790fc339d",
        "x-ms-date": "Sat, 25 Apr 2020 01:12:18 GMT",
        "x-ms-return-client-request-id": "true",
        "x-ms-version": "2019-12-12"
      },
      "RequestBody": null,
      "StatusCode": 201,
      "ResponseHeaders": {
        "Content-Length": "0",
        "Date": "Sat, 25 Apr 2020 01:12:18 GMT",
        "ETag": "\u00220x8D7E8B5B318B187\u0022",
        "Last-Modified": "Sat, 25 Apr 2020 01:12:18 GMT",
        "Server": [
          "Windows-Azure-Blob/1.0",
          "Microsoft-HTTPAPI/2.0"
        ],
        "x-ms-client-request-id": "3f274423-4c5f-32da-93d4-153790fc339d",
        "x-ms-request-id": "7273749f-501e-003c-6b9e-1a0c6e000000",
        "x-ms-version": "2019-12-12"
      },
      "ResponseBody": []
    },
    {
      "RequestUri": "http://amandacanary.blob.core.windows.net/test-container-2a8e7d0b-43c4-2f17-ab34-bb09a62a155a?comp=lease\u0026restype=container",
      "RequestMethod": "PUT",
      "RequestHeaders": {
        "Authorization": "Sanitized",
        "traceparent": "00-f31ea2ad439afc4f8c480a53b6c96b6e-89e7812fad4f0f48-00",
        "User-Agent": [
          "azsdk-net-Storage.Blobs/12.5.0-dev.20200424.1",
          "(.NET Core 4.6.28619.01; Microsoft Windows 10.0.18363 )"
        ],
        "x-ms-client-request-id": "f37958ca-ef1d-20ea-9467-4a73d214e460",
        "x-ms-date": "Sat, 25 Apr 2020 01:12:18 GMT",
        "x-ms-lease-action": "acquire",
        "x-ms-lease-duration": "15",
        "x-ms-proposed-lease-id": "793b2f6a-0212-c0b0-f4eb-7ac64d320c52",
        "x-ms-return-client-request-id": "true",
        "x-ms-version": "2019-12-12"
      },
      "RequestBody": null,
      "StatusCode": 201,
      "ResponseHeaders": {
        "Content-Length": "0",
        "Date": "Sat, 25 Apr 2020 01:12:18 GMT",
        "ETag": "\u00220x8D7E8B5B318B187\u0022",
        "Last-Modified": "Sat, 25 Apr 2020 01:12:18 GMT",
        "Server": [
          "Windows-Azure-Blob/1.0",
          "Microsoft-HTTPAPI/2.0"
        ],
        "x-ms-client-request-id": "f37958ca-ef1d-20ea-9467-4a73d214e460",
        "x-ms-lease-id": "793b2f6a-0212-c0b0-f4eb-7ac64d320c52",
        "x-ms-request-id": "727374a8-501e-003c-729e-1a0c6e000000",
        "x-ms-version": "2019-12-12"
      },
      "ResponseBody": []
    },
    {
      "RequestUri": "http://amandacanary.blob.core.windows.net/test-container-2a8e7d0b-43c4-2f17-ab34-bb09a62a155a?comp=lease\u0026restype=container",
      "RequestMethod": "PUT",
      "RequestHeaders": {
        "Authorization": "Sanitized",
        "traceparent": "00-bc882fc2e9d5f04ab609a07bf0958d2f-cc3ffc57d3959746-00",
        "User-Agent": [
          "azsdk-net-Storage.Blobs/12.5.0-dev.20200424.1",
          "(.NET Core 4.6.28619.01; Microsoft Windows 10.0.18363 )"
        ],
        "x-ms-client-request-id": "f5fcc8d8-18b9-db35-d3c5-cd9b8a86cbf2",
        "x-ms-date": "Sat, 25 Apr 2020 01:12:18 GMT",
        "x-ms-lease-action": "renew",
        "x-ms-lease-id": "793b2f6a-0212-c0b0-f4eb-7ac64d320c52",
        "x-ms-return-client-request-id": "true",
        "x-ms-version": "2019-12-12"
      },
      "RequestBody": null,
      "StatusCode": 200,
      "ResponseHeaders": {
        "Content-Length": "0",
        "Date": "Sat, 25 Apr 2020 01:12:18 GMT",
        "ETag": "\u00220x8D7E8B5B318B187\u0022",
        "Last-Modified": "Sat, 25 Apr 2020 01:12:18 GMT",
        "Server": [
          "Windows-Azure-Blob/1.0",
          "Microsoft-HTTPAPI/2.0"
        ],
        "x-ms-client-request-id": "f5fcc8d8-18b9-db35-d3c5-cd9b8a86cbf2",
        "x-ms-lease-id": "793b2f6a-0212-c0b0-f4eb-7ac64d320c52",
        "x-ms-request-id": "727374b6-501e-003c-809e-1a0c6e000000",
        "x-ms-version": "2019-12-12"
      },
      "ResponseBody": []
    },
    {
      "RequestUri": "http://amandacanary.blob.core.windows.net/test-container-2a8e7d0b-43c4-2f17-ab34-bb09a62a155a?restype=container",
      "RequestMethod": "DELETE",
      "RequestHeaders": {
        "Authorization": "Sanitized",
        "traceparent": "00-1632f518ef3d14478fb109f416fb939a-c643430e13f66a49-00",
        "User-Agent": [
          "azsdk-net-Storage.Blobs/12.5.0-dev.20200424.1",
          "(.NET Core 4.6.28619.01; Microsoft Windows 10.0.18363 )"
        ],
        "x-ms-client-request-id": "0a9ba7dd-ef17-afa7-8d8f-fe5004fe0bad",
        "x-ms-date": "Sat, 25 Apr 2020 01:12:18 GMT",
        "x-ms-lease-id": "793b2f6a-0212-c0b0-f4eb-7ac64d320c52",
        "x-ms-return-client-request-id": "true",
        "x-ms-version": "2019-12-12"
      },
      "RequestBody": null,
      "StatusCode": 202,
      "ResponseHeaders": {
        "Content-Length": "0",
        "Date": "Sat, 25 Apr 2020 01:12:18 GMT",
        "Server": [
          "Windows-Azure-Blob/1.0",
          "Microsoft-HTTPAPI/2.0"
        ],
        "x-ms-client-request-id": "0a9ba7dd-ef17-afa7-8d8f-fe5004fe0bad",
        "x-ms-request-id": "727374be-501e-003c-079e-1a0c6e000000",
        "x-ms-version": "2019-12-12"
      },
      "ResponseBody": []
    }
  ],
  "Variables": {
    "RandomSeed": "1247793697",
    "Storage_TestConfigDefault": "ProductionTenant\namandacanary\nU2FuaXRpemVk\nhttp://amandacanary.blob.core.windows.net\nhttp://amandacanary.file.core.windows.net\nhttp://amandacanary.queue.core.windows.net\nhttp://amandacanary.table.core.windows.net\n\n\n\n\nhttp://amandacanary-secondary.blob.core.windows.net\nhttp://amandacanary-secondary.file.core.windows.net\nhttp://amandacanary-secondary.queue.core.windows.net\nhttp://amandacanary-secondary.table.core.windows.net\n\nSanitized\n\n\nCloud\nBlobEndpoint=http://amandacanary.blob.core.windows.net/;QueueEndpoint=http://amandacanary.queue.core.windows.net/;FileEndpoint=http://amandacanary.file.core.windows.net/;BlobSecondaryEndpoint=http://amandacanary-secondary.blob.core.windows.net/;QueueSecondaryEndpoint=http://amandacanary-secondary.queue.core.windows.net/;FileSecondaryEndpoint=http://amandacanary-secondary.file.core.windows.net/;AccountName=amandacanary;AccountKey=Sanitized\n\nDefaultEndpointsProtocol=https;AccountName=ortestsaccountcbn1;AccountKey=OrRfzSm3ktQSklAGiL90/QusS7SdS6Y5S/AJoxZEeyKYDtnue7OKYIMLOraTnT4xcOyhYbqzWVmtTKappcc5Fg==;EndpointSuffix=core.windows.net\nDefaultEndpointsProtocol=https;AccountName=vbalaorcentral1;AccountKey=vlHMz/LZ3Sx7r/1bdTQT26pG0tqORQ4uTIcxGhHB0LQhIhqGxfv2TXV7u\u002BI2ra4UWXrWGGHG2N6l\u002BBfb5FgAcQ==;EndpointSuffix=core.windows.net"
  }
}