{
  "Entries": [
    {
      "RequestUri": "http://storageteglazatesting.blob.core.windows.net/test-container-92fd4e0a-7cd7-2104-c535-f324cf15b4a5?restype=container",
      "RequestMethod": "PUT",
      "RequestHeaders": {
        "Authorization": "Sanitized",
        "User-Agent": [
          "azsdk-net-Storage.Blobs/1.0.0.0",
          "(.NET Core 4.6.27414.06; Microsoft Windows 10.0.18362 )"
        ],
        "x-ms-client-request-id": "ae70289fef9ff70857f02cf409111ed8",
        "x-ms-date": "Mon, 01 Jul 2019 21:55:27 GMT",
        "x-ms-return-client-request-id": "true",
        "x-ms-version": "2018-11-09"
      },
      "RequestBody": null,
      "StatusCode": 201,
      "ResponseHeaders": {
        "Content-Length": "0",
        "Date": "Mon, 01 Jul 2019 21:55:27 GMT",
        "ETag": "\u00220x8D6FE6ED404552A\u0022",
        "Last-Modified": "Mon, 01 Jul 2019 21:55:27 GMT",
        "Server": [
          "Windows-Azure-Blob/1.0",
          "Microsoft-HTTPAPI/2.0"
        ],
        "x-ms-request-id": "5be9fad3-101e-0070-4357-30f4f9000000",
        "x-ms-version": "2018-11-09"
      },
      "ResponseBody": null
    },
    {
      "RequestUri": "http://storageteglazatesting.blob.core.windows.net/test-container-92fd4e0a-7cd7-2104-c535-f324cf15b4a5?comp=lease\u0026restype=container",
      "RequestMethod": "PUT",
      "RequestHeaders": {
        "Authorization": "Sanitized",
        "User-Agent": [
          "azsdk-net-Storage.Blobs/1.0.0.0",
          "(.NET Core 4.6.27414.06; Microsoft Windows 10.0.18362 )"
        ],
        "x-ms-client-request-id": "1a3c4c19ae051bf146053be7500f17b4",
        "x-ms-date": "Mon, 01 Jul 2019 21:55:27 GMT",
        "x-ms-lease-action": "acquire",
        "x-ms-lease-duration": "15",
        "x-ms-proposed-lease-id": "94487bf7-3ddc-3048-eaa5-ce7b8f0307a0",
        "x-ms-return-client-request-id": "true",
        "x-ms-version": "2018-11-09"
      },
      "RequestBody": null,
      "StatusCode": 201,
      "ResponseHeaders": {
        "Content-Length": "0",
        "Date": "Mon, 01 Jul 2019 21:55:27 GMT",
        "ETag": "\u00220x8D6FE6ED404552A\u0022",
        "Last-Modified": "Mon, 01 Jul 2019 21:55:27 GMT",
        "Server": [
          "Windows-Azure-Blob/1.0",
          "Microsoft-HTTPAPI/2.0"
        ],
        "x-ms-lease-id": "94487bf7-3ddc-3048-eaa5-ce7b8f0307a0",
        "x-ms-request-id": "5be9fadd-101e-0070-4b57-30f4f9000000",
        "x-ms-version": "2018-11-09"
      },
      "ResponseBody": null
    },
    {
      "RequestUri": "http://storageteglazatesting.blob.core.windows.net/test-container-92fd4e0a-7cd7-2104-c535-f324cf15b4a5?comp=lease\u0026restype=container",
      "RequestMethod": "PUT",
      "RequestHeaders": {
        "Authorization": "Sanitized",
        "User-Agent": [
          "azsdk-net-Storage.Blobs/1.0.0.0",
          "(.NET Core 4.6.27414.06; Microsoft Windows 10.0.18362 )"
        ],
        "x-ms-client-request-id": "532d1a171fcd62c8e040c3fa218d6853",
        "x-ms-date": "Mon, 01 Jul 2019 21:55:27 GMT",
        "x-ms-lease-action": "renew",
        "x-ms-lease-id": "94487bf7-3ddc-3048-eaa5-ce7b8f0307a0",
        "x-ms-return-client-request-id": "true",
        "x-ms-version": "2018-11-09"
      },
      "RequestBody": null,
      "StatusCode": 200,
      "ResponseHeaders": {
        "Content-Length": "0",
        "Date": "Mon, 01 Jul 2019 21:55:27 GMT",
        "ETag": "\u00220x8D6FE6ED404552A\u0022",
        "Last-Modified": "Mon, 01 Jul 2019 21:55:27 GMT",
        "Server": [
          "Windows-Azure-Blob/1.0",
          "Microsoft-HTTPAPI/2.0"
        ],
        "x-ms-lease-id": "94487bf7-3ddc-3048-eaa5-ce7b8f0307a0",
        "x-ms-request-id": "5be9fae7-101e-0070-5357-30f4f9000000",
        "x-ms-version": "2018-11-09"
      },
      "ResponseBody": null
    },
    {
      "RequestUri": "http://storageteglazatesting.blob.core.windows.net/test-container-92fd4e0a-7cd7-2104-c535-f324cf15b4a5?restype=container",
      "RequestMethod": "DELETE",
      "RequestHeaders": {
        "Authorization": "Sanitized",
        "User-Agent": [
          "azsdk-net-Storage.Blobs/1.0.0.0",
          "(.NET Core 4.6.27414.06; Microsoft Windows 10.0.18362 )"
        ],
        "x-ms-client-request-id": "bcda8be804d448d38a2c4ed70160e0db",
        "x-ms-date": "Mon, 01 Jul 2019 21:55:27 GMT",
        "x-ms-lease-id": "94487bf7-3ddc-3048-eaa5-ce7b8f0307a0",
        "x-ms-return-client-request-id": "true",
        "x-ms-version": "2018-11-09"
      },
      "RequestBody": null,
      "StatusCode": 202,
      "ResponseHeaders": {
        "Content-Length": "0",
        "Date": "Mon, 01 Jul 2019 21:55:27 GMT",
        "Server": [
          "Windows-Azure-Blob/1.0",
          "Microsoft-HTTPAPI/2.0"
        ],
        "x-ms-request-id": "5be9faee-101e-0070-5a57-30f4f9000000",
        "x-ms-version": "2018-11-09"
      },
      "ResponseBody": null
    },
    {
      "RequestUri": "http://storageteglazatesting.blob.core.windows.net/test-container-7463198d-b4d6-fad3-84da-39c5eaf6f9b9?restype=container",
      "RequestMethod": "PUT",
      "RequestHeaders": {
        "Authorization": "Sanitized",
        "User-Agent": [
          "azsdk-net-Storage.Blobs/1.0.0.0",
          "(.NET Core 4.6.27414.06; Microsoft Windows 10.0.18362 )"
        ],
        "x-ms-client-request-id": "c4fee79c5b3413df47e5c8a0d0f16080",
        "x-ms-date": "Mon, 01 Jul 2019 21:55:27 GMT",
        "x-ms-return-client-request-id": "true",
        "x-ms-version": "2018-11-09"
      },
      "RequestBody": null,
      "StatusCode": 201,
      "ResponseHeaders": {
        "Content-Length": "0",
        "Date": "Mon, 01 Jul 2019 21:55:27 GMT",
        "ETag": "\u00220x8D6FE6ED40CE2C3\u0022",
        "Last-Modified": "Mon, 01 Jul 2019 21:55:27 GMT",
        "Server": [
          "Windows-Azure-Blob/1.0",
          "Microsoft-HTTPAPI/2.0"
        ],
        "x-ms-request-id": "5be9faf5-101e-0070-6157-30f4f9000000",
        "x-ms-version": "2018-11-09"
      },
      "ResponseBody": null
    },
    {
      "RequestUri": "http://storageteglazatesting.blob.core.windows.net/test-container-7463198d-b4d6-fad3-84da-39c5eaf6f9b9?comp=lease\u0026restype=container",
      "RequestMethod": "PUT",
      "RequestHeaders": {
        "Authorization": "Sanitized",
        "User-Agent": [
          "azsdk-net-Storage.Blobs/1.0.0.0",
          "(.NET Core 4.6.27414.06; Microsoft Windows 10.0.18362 )"
        ],
        "x-ms-client-request-id": "1a3a95331b6132a739502df0eb332992",
        "x-ms-date": "Mon, 01 Jul 2019 21:55:27 GMT",
        "x-ms-lease-action": "acquire",
        "x-ms-lease-duration": "15",
        "x-ms-proposed-lease-id": "076de85f-f329-347d-b7e0-38f9cb0d5d94",
        "x-ms-return-client-request-id": "true",
        "x-ms-version": "2018-11-09"
      },
      "RequestBody": null,
      "StatusCode": 201,
      "ResponseHeaders": {
        "Content-Length": "0",
        "Date": "Mon, 01 Jul 2019 21:55:27 GMT",
        "ETag": "\u00220x8D6FE6ED40CE2C3\u0022",
        "Last-Modified": "Mon, 01 Jul 2019 21:55:27 GMT",
        "Server": [
          "Windows-Azure-Blob/1.0",
          "Microsoft-HTTPAPI/2.0"
        ],
        "x-ms-lease-id": "076de85f-f329-347d-b7e0-38f9cb0d5d94",
        "x-ms-request-id": "5be9fafa-101e-0070-6457-30f4f9000000",
        "x-ms-version": "2018-11-09"
      },
      "ResponseBody": null
    },
    {
      "RequestUri": "http://storageteglazatesting.blob.core.windows.net/test-container-7463198d-b4d6-fad3-84da-39c5eaf6f9b9?comp=lease\u0026restype=container",
      "RequestMethod": "PUT",
      "RequestHeaders": {
        "Authorization": "Sanitized",
        "If-Modified-Since": "Sun, 30 Jun 2019 21:55:27 GMT",
        "User-Agent": [
          "azsdk-net-Storage.Blobs/1.0.0.0",
          "(.NET Core 4.6.27414.06; Microsoft Windows 10.0.18362 )"
        ],
        "x-ms-client-request-id": "0265b87af289a88f69ca0c5422e64839",
        "x-ms-date": "Mon, 01 Jul 2019 21:55:27 GMT",
        "x-ms-lease-action": "renew",
        "x-ms-lease-id": "076de85f-f329-347d-b7e0-38f9cb0d5d94",
        "x-ms-return-client-request-id": "true",
        "x-ms-version": "2018-11-09"
      },
      "RequestBody": null,
      "StatusCode": 200,
      "ResponseHeaders": {
        "Content-Length": "0",
        "Date": "Mon, 01 Jul 2019 21:55:27 GMT",
        "ETag": "\u00220x8D6FE6ED40CE2C3\u0022",
        "Last-Modified": "Mon, 01 Jul 2019 21:55:27 GMT",
        "Server": [
          "Windows-Azure-Blob/1.0",
          "Microsoft-HTTPAPI/2.0"
        ],
        "x-ms-lease-id": "076de85f-f329-347d-b7e0-38f9cb0d5d94",
        "x-ms-request-id": "5be9fafe-101e-0070-6857-30f4f9000000",
        "x-ms-version": "2018-11-09"
      },
      "ResponseBody": null
    },
    {
      "RequestUri": "http://storageteglazatesting.blob.core.windows.net/test-container-7463198d-b4d6-fad3-84da-39c5eaf6f9b9?restype=container",
      "RequestMethod": "DELETE",
      "RequestHeaders": {
        "Authorization": "Sanitized",
        "User-Agent": [
          "azsdk-net-Storage.Blobs/1.0.0.0",
          "(.NET Core 4.6.27414.06; Microsoft Windows 10.0.18362 )"
        ],
        "x-ms-client-request-id": "3b6c348745b6441e413bcdd8c68c4984",
        "x-ms-date": "Mon, 01 Jul 2019 21:55:27 GMT",
        "x-ms-lease-id": "076de85f-f329-347d-b7e0-38f9cb0d5d94",
        "x-ms-return-client-request-id": "true",
        "x-ms-version": "2018-11-09"
      },
      "RequestBody": null,
      "StatusCode": 202,
      "ResponseHeaders": {
        "Content-Length": "0",
        "Date": "Mon, 01 Jul 2019 21:55:27 GMT",
        "Server": [
          "Windows-Azure-Blob/1.0",
          "Microsoft-HTTPAPI/2.0"
        ],
        "x-ms-request-id": "5be9fb04-101e-0070-6e57-30f4f9000000",
        "x-ms-version": "2018-11-09"
      },
      "ResponseBody": null
    },
    {
      "RequestUri": "http://storageteglazatesting.blob.core.windows.net/test-container-127fa5b6-5aa7-400b-0591-b1970e530f53?restype=container",
      "RequestMethod": "PUT",
      "RequestHeaders": {
        "Authorization": "Sanitized",
        "User-Agent": [
          "azsdk-net-Storage.Blobs/1.0.0.0",
          "(.NET Core 4.6.27414.06; Microsoft Windows 10.0.18362 )"
        ],
        "x-ms-client-request-id": "b768f308edc634dc9921c14d24b7e2dc",
        "x-ms-date": "Mon, 01 Jul 2019 21:55:27 GMT",
        "x-ms-return-client-request-id": "true",
        "x-ms-version": "2018-11-09"
      },
      "RequestBody": null,
      "StatusCode": 201,
      "ResponseHeaders": {
        "Content-Length": "0",
        "Date": "Mon, 01 Jul 2019 21:55:27 GMT",
        "ETag": "\u00220x8D6FE6ED415705D\u0022",
        "Last-Modified": "Mon, 01 Jul 2019 21:55:27 GMT",
        "Server": [
          "Windows-Azure-Blob/1.0",
          "Microsoft-HTTPAPI/2.0"
        ],
        "x-ms-request-id": "5be9fb09-101e-0070-7357-30f4f9000000",
        "x-ms-version": "2018-11-09"
      },
      "ResponseBody": null
    },
    {
      "RequestUri": "http://storageteglazatesting.blob.core.windows.net/test-container-127fa5b6-5aa7-400b-0591-b1970e530f53?comp=lease\u0026restype=container",
      "RequestMethod": "PUT",
      "RequestHeaders": {
        "Authorization": "Sanitized",
        "User-Agent": [
          "azsdk-net-Storage.Blobs/1.0.0.0",
          "(.NET Core 4.6.27414.06; Microsoft Windows 10.0.18362 )"
        ],
        "x-ms-client-request-id": "d2d07a2b9123c8bdc94a788699bd1c4e",
        "x-ms-date": "Mon, 01 Jul 2019 21:55:27 GMT",
        "x-ms-lease-action": "acquire",
        "x-ms-lease-duration": "15",
        "x-ms-proposed-lease-id": "7c9d8881-3566-2d91-292c-3624948735ee",
        "x-ms-return-client-request-id": "true",
        "x-ms-version": "2018-11-09"
      },
      "RequestBody": null,
      "StatusCode": 201,
      "ResponseHeaders": {
        "Content-Length": "0",
        "Date": "Mon, 01 Jul 2019 21:55:27 GMT",
        "ETag": "\u00220x8D6FE6ED415705D\u0022",
        "Last-Modified": "Mon, 01 Jul 2019 21:55:27 GMT",
        "Server": [
          "Windows-Azure-Blob/1.0",
          "Microsoft-HTTPAPI/2.0"
        ],
        "x-ms-lease-id": "7c9d8881-3566-2d91-292c-3624948735ee",
        "x-ms-request-id": "5be9fb12-101e-0070-7b57-30f4f9000000",
        "x-ms-version": "2018-11-09"
      },
      "ResponseBody": null
    },
    {
      "RequestUri": "http://storageteglazatesting.blob.core.windows.net/test-container-127fa5b6-5aa7-400b-0591-b1970e530f53?comp=lease\u0026restype=container",
      "RequestMethod": "PUT",
      "RequestHeaders": {
        "Authorization": "Sanitized",
        "If-Unmodified-Since": "Tue, 02 Jul 2019 21:55:27 GMT",
        "User-Agent": [
          "azsdk-net-Storage.Blobs/1.0.0.0",
          "(.NET Core 4.6.27414.06; Microsoft Windows 10.0.18362 )"
        ],
        "x-ms-client-request-id": "8616d4af92b5d2ed613b8e9ab7b79f12",
        "x-ms-date": "Mon, 01 Jul 2019 21:55:27 GMT",
        "x-ms-lease-action": "renew",
        "x-ms-lease-id": "7c9d8881-3566-2d91-292c-3624948735ee",
        "x-ms-return-client-request-id": "true",
        "x-ms-version": "2018-11-09"
      },
      "RequestBody": null,
      "StatusCode": 200,
      "ResponseHeaders": {
        "Content-Length": "0",
        "Date": "Mon, 01 Jul 2019 21:55:27 GMT",
        "ETag": "\u00220x8D6FE6ED415705D\u0022",
        "Last-Modified": "Mon, 01 Jul 2019 21:55:27 GMT",
        "Server": [
          "Windows-Azure-Blob/1.0",
          "Microsoft-HTTPAPI/2.0"
        ],
        "x-ms-lease-id": "7c9d8881-3566-2d91-292c-3624948735ee",
        "x-ms-request-id": "5be9fb14-101e-0070-7d57-30f4f9000000",
        "x-ms-version": "2018-11-09"
      },
      "ResponseBody": null
    },
    {
      "RequestUri": "http://storageteglazatesting.blob.core.windows.net/test-container-127fa5b6-5aa7-400b-0591-b1970e530f53?restype=container",
      "RequestMethod": "DELETE",
      "RequestHeaders": {
        "Authorization": "Sanitized",
        "User-Agent": [
          "azsdk-net-Storage.Blobs/1.0.0.0",
          "(.NET Core 4.6.27414.06; Microsoft Windows 10.0.18362 )"
        ],
        "x-ms-client-request-id": "aa21d3eb0fe7efb8cad4b31bbd0b946b",
        "x-ms-date": "Mon, 01 Jul 2019 21:55:27 GMT",
        "x-ms-lease-id": "7c9d8881-3566-2d91-292c-3624948735ee",
        "x-ms-return-client-request-id": "true",
        "x-ms-version": "2018-11-09"
      },
      "RequestBody": null,
      "StatusCode": 202,
      "ResponseHeaders": {
        "Content-Length": "0",
        "Date": "Mon, 01 Jul 2019 21:55:27 GMT",
        "Server": [
          "Windows-Azure-Blob/1.0",
          "Microsoft-HTTPAPI/2.0"
        ],
        "x-ms-request-id": "5be9fb19-101e-0070-0157-30f4f9000000",
        "x-ms-version": "2018-11-09"
      },
      "ResponseBody": null
    }
  ],
  "Variables": {
    "DateTimeOffsetNow": "2019-07-01T14:55:27.6384810-07:00",
    "RandomSeed": "666240665"
  }
}