{
  "Entries": [
    {
      "RequestUri": "http:\u002f\u002fgapradev.blob.core.windows.net\u002ftest-container-c3ac2070-ff18-6f4a-8038-cfa65a1ae5d1?restype=container",
      "RequestMethod": "PUT",
      "RequestHeaders": {
        "Authorization": "Sanitized",
        "Request-Id": "|c2696bc2-4d4f4631af125456.",
        "User-Agent": [
          "azsdk-net-Storage.Blobs\u002f12.0.0-dev.20190912.1\u002b9a86ae3367dccb76004b59b244c982904496250d",
          "(.NET Core 4.6.27817.01; Microsoft Windows 10.0.18362 )"
        ],
        "x-ms-blob-public-access": "container",
        "x-ms-client-request-id": "ad03fe15-6b1a-5965-3c89-6c0a9638823d",
        "x-ms-date": "Fri, 13 Sep 2019 01:04:43 GMT",
        "x-ms-return-client-request-id": "true",
        "x-ms-version": "2019-02-02"
      },
      "RequestBody": null,
      "StatusCode": 201,
      "ResponseHeaders": {
        "Content-Length": "0",
        "Date": "Fri, 13 Sep 2019 01:04:43 GMT",
        "ETag": "\u00220x8D737E65CC2BD3B\u0022",
        "Last-Modified": "Fri, 13 Sep 2019 01:04:43 GMT",
        "Server": [
          "Windows-Azure-Blob\u002f1.0",
          "Microsoft-HTTPAPI\u002f2.0"
        ],
        "x-ms-client-request-id": "ad03fe15-6b1a-5965-3c89-6c0a9638823d",
        "x-ms-request-id": "dd510f8b-101e-001a-46cf-69f3e4000000",
        "x-ms-version": "2019-02-02"
      },
      "ResponseBody": []
    },
    {
      "RequestUri": "http:\u002f\u002fgapradev.blob.core.windows.net\u002ftest-container-c3ac2070-ff18-6f4a-8038-cfa65a1ae5d1?restype=container\u0026comp=metadata",
      "RequestMethod": "PUT",
      "RequestHeaders": {
        "Authorization": "Sanitized",
        "If-Modified-Since": "Sat, 14 Sep 2019 01:04:43 GMT",
        "Request-Id": "|c2696bc3-4d4f4631af125456.",
        "User-Agent": [
          "azsdk-net-Storage.Blobs\u002f12.0.0-dev.20190912.1\u002b9a86ae3367dccb76004b59b244c982904496250d",
          "(.NET Core 4.6.27817.01; Microsoft Windows 10.0.18362 )"
        ],
        "x-ms-client-request-id": "5c905666-3717-f7b7-1b86-266f15962e60",
        "x-ms-date": "Fri, 13 Sep 2019 01:04:43 GMT",
        "x-ms-meta-foo": "bar",
        "x-ms-meta-meta": "data",
        "x-ms-return-client-request-id": "true",
        "x-ms-version": "2019-02-02"
      },
      "RequestBody": null,
      "StatusCode": 412,
      "ResponseHeaders": {
        "Content-Length": "252",
        "Content-Type": "application\u002fxml",
        "Date": "Fri, 13 Sep 2019 01:04:43 GMT",
        "Server": [
          "Windows-Azure-Blob\u002f1.0",
          "Microsoft-HTTPAPI\u002f2.0"
        ],
        "x-ms-client-request-id": "5c905666-3717-f7b7-1b86-266f15962e60",
        "x-ms-error-code": "ConditionNotMet",
        "x-ms-request-id": "dd510f8f-101e-001a-49cf-69f3e4000000",
        "x-ms-version": "2019-02-02"
      },
      "ResponseBody": [
        "\ufeff\u003c?xml version=\u00221.0\u0022 encoding=\u0022utf-8\u0022?\u003e\u003cError\u003e\u003cCode\u003eConditionNotMet\u003c\u002fCode\u003e\u003cMessage\u003eThe condition specified using HTTP conditional header(s) is not met.\n",
        "RequestId:dd510f8f-101e-001a-49cf-69f3e4000000\n",
        "Time:2019-09-13T01:04:43.5496548Z\u003c\u002fMessage\u003e\u003c\u002fError\u003e"
      ]
    },
    {
      "RequestUri": "http:\u002f\u002fgapradev.blob.core.windows.net\u002ftest-container-c3ac2070-ff18-6f4a-8038-cfa65a1ae5d1?restype=container",
      "RequestMethod": "DELETE",
      "RequestHeaders": {
        "Authorization": "Sanitized",
        "Request-Id": "|c2696bc4-4d4f4631af125456.",
        "User-Agent": [
          "azsdk-net-Storage.Blobs\u002f12.0.0-dev.20190912.1\u002b9a86ae3367dccb76004b59b244c982904496250d",
          "(.NET Core 4.6.27817.01; Microsoft Windows 10.0.18362 )"
        ],
        "x-ms-client-request-id": "3fa4c9ed-25a8-c826-c967-3e2e066ed8e9",
        "x-ms-date": "Fri, 13 Sep 2019 01:04:43 GMT",
        "x-ms-return-client-request-id": "true",
        "x-ms-version": "2019-02-02"
      },
      "RequestBody": null,
      "StatusCode": 202,
      "ResponseHeaders": {
        "Content-Length": "0",
        "Date": "Fri, 13 Sep 2019 01:04:43 GMT",
        "Server": [
          "Windows-Azure-Blob\u002f1.0",
          "Microsoft-HTTPAPI\u002f2.0"
        ],
        "x-ms-client-request-id": "3fa4c9ed-25a8-c826-c967-3e2e066ed8e9",
        "x-ms-request-id": "dd510f90-101e-001a-4acf-69f3e4000000",
        "x-ms-version": "2019-02-02"
      },
      "ResponseBody": []
    },
    {
      "RequestUri": "http:\u002f\u002fgapradev.blob.core.windows.net\u002ftest-container-dacecab8-4a3a-ee24-92a6-3c020983b6e8?restype=container",
      "RequestMethod": "PUT",
      "RequestHeaders": {
        "Authorization": "Sanitized",
        "Request-Id": "|c2696bc5-4d4f4631af125456.",
        "User-Agent": [
          "azsdk-net-Storage.Blobs\u002f12.0.0-dev.20190912.1\u002b9a86ae3367dccb76004b59b244c982904496250d",
          "(.NET Core 4.6.27817.01; Microsoft Windows 10.0.18362 )"
        ],
        "x-ms-blob-public-access": "container",
        "x-ms-client-request-id": "777b443d-b065-a3bf-a4b5-ad01e824be46",
        "x-ms-date": "Fri, 13 Sep 2019 01:04:43 GMT",
        "x-ms-return-client-request-id": "true",
        "x-ms-version": "2019-02-02"
      },
      "RequestBody": null,
      "StatusCode": 201,
      "ResponseHeaders": {
        "Content-Length": "0",
        "Date": "Fri, 13 Sep 2019 01:04:43 GMT",
        "ETag": "\u00220x8D737E65CECDA68\u0022",
        "Last-Modified": "Fri, 13 Sep 2019 01:04:43 GMT",
        "Server": [
          "Windows-Azure-Blob\u002f1.0",
          "Microsoft-HTTPAPI\u002f2.0"
        ],
        "x-ms-client-request-id": "777b443d-b065-a3bf-a4b5-ad01e824be46",
        "x-ms-request-id": "dd510f91-101e-001a-4bcf-69f3e4000000",
        "x-ms-version": "2019-02-02"
      },
      "ResponseBody": []
    },
    {
      "RequestUri": "http:\u002f\u002fgapradev.blob.core.windows.net\u002ftest-container-dacecab8-4a3a-ee24-92a6-3c020983b6e8?restype=container\u0026comp=metadata",
      "RequestMethod": "PUT",
      "RequestHeaders": {
        "Authorization": "Sanitized",
        "Request-Id": "|c2696bc6-4d4f4631af125456.",
        "User-Agent": [
          "azsdk-net-Storage.Blobs\u002f12.0.0-dev.20190912.1\u002b9a86ae3367dccb76004b59b244c982904496250d",
          "(.NET Core 4.6.27817.01; Microsoft Windows 10.0.18362 )"
        ],
        "x-ms-client-request-id": "c5c58bc3-3f07-4b83-6bdf-a73c41b655a9",
        "x-ms-date": "Fri, 13 Sep 2019 01:04:43 GMT",
        "x-ms-lease-id": "edf88758-6643-ddde-58e6-52c2dc958fd7",
        "x-ms-meta-foo": "bar",
        "x-ms-meta-meta": "data",
        "x-ms-return-client-request-id": "true",
        "x-ms-version": "2019-02-02"
      },
      "RequestBody": null,
      "StatusCode": 412,
      "ResponseHeaders": {
        "Content-Length": "251",
        "Content-Type": "application\u002fxml",
        "Date": "Fri, 13 Sep 2019 01:04:43 GMT",
        "Server": [
          "Windows-Azure-Blob\u002f1.0",
          "Microsoft-HTTPAPI\u002f2.0"
        ],
        "x-ms-client-request-id": "c5c58bc3-3f07-4b83-6bdf-a73c41b655a9",
        "x-ms-error-code": "LeaseNotPresentWithContainerOperation",
        "x-ms-request-id": "dd510f93-101e-001a-4ccf-69f3e4000000",
        "x-ms-version": "2019-02-02"
      },
      "ResponseBody": [
        "\ufeff\u003c?xml version=\u00221.0\u0022 encoding=\u0022utf-8\u0022?\u003e\u003cError\u003e\u003cCode\u003eLeaseNotPresentWithContainerOperation\u003c\u002fCode\u003e\u003cMessage\u003eThere is currently no lease on the container.\n",
        "RequestId:dd510f93-101e-001a-4ccf-69f3e4000000\n",
        "Time:2019-09-13T01:04:43.8126592Z\u003c\u002fMessage\u003e\u003c\u002fError\u003e"
      ]
    },
    {
      "RequestUri": "http:\u002f\u002fgapradev.blob.core.windows.net\u002ftest-container-dacecab8-4a3a-ee24-92a6-3c020983b6e8?restype=container",
      "RequestMethod": "DELETE",
      "RequestHeaders": {
        "Authorization": "Sanitized",
        "Request-Id": "|c2696bc7-4d4f4631af125456.",
        "User-Agent": [
          "azsdk-net-Storage.Blobs\u002f12.0.0-dev.20190912.1\u002b9a86ae3367dccb76004b59b244c982904496250d",
          "(.NET Core 4.6.27817.01; Microsoft Windows 10.0.18362 )"
        ],
        "x-ms-client-request-id": "5c3dafff-f95f-713f-d3e7-6e0de3ba875c",
        "x-ms-date": "Fri, 13 Sep 2019 01:04:43 GMT",
        "x-ms-return-client-request-id": "true",
        "x-ms-version": "2019-02-02"
      },
      "RequestBody": null,
      "StatusCode": 202,
      "ResponseHeaders": {
        "Content-Length": "0",
        "Date": "Fri, 13 Sep 2019 01:04:43 GMT",
        "Server": [
          "Windows-Azure-Blob\u002f1.0",
          "Microsoft-HTTPAPI\u002f2.0"
        ],
        "x-ms-client-request-id": "5c3dafff-f95f-713f-d3e7-6e0de3ba875c",
        "x-ms-request-id": "dd510f95-101e-001a-4dcf-69f3e4000000",
        "x-ms-version": "2019-02-02"
      },
      "ResponseBody": []
    }
  ],
  "Variables": {
    "DateTimeOffsetNow": "2019-09-12T18:04:43.4124460-07:00",
    "RandomSeed": "1170841199",
    "Storage_TestConfigDefault": "ProductionTenant\ngapradev\nU2FuaXRpemVk\nhttp:\u002f\u002fgapradev.blob.core.windows.net\nhttp:\u002f\u002fgapradev.file.core.windows.net\nhttp:\u002f\u002fgapradev.queue.core.windows.net\nhttp:\u002f\u002fgapradev.table.core.windows.net\n\n\n\n\nhttp:\u002f\u002fgapradev-secondary.blob.core.windows.net\nhttp:\u002f\u002fgapradev-secondary.file.core.windows.net\nhttp:\u002f\u002fgapradev-secondary.queue.core.windows.net\nhttp:\u002f\u002fgapradev-secondary.table.core.windows.net\n\nSanitized\n\n\nCloud\nBlobEndpoint=http:\u002f\u002fgapradev.blob.core.windows.net\u002f;QueueEndpoint=http:\u002f\u002fgapradev.queue.core.windows.net\u002f;TableEndpoint=http:\u002f\u002fgapradev.table.core.windows.net\u002f;FileEndpoint=http:\u002f\u002fgapradev.file.core.windows.net\u002f;BlobSecondaryEndpoint=http:\u002f\u002fgapradev-secondary.blob.core.windows.net\u002f;QueueSecondaryEndpoint=http:\u002f\u002fgapradev-secondary.queue.core.windows.net\u002f;TableSecondaryEndpoint=http:\u002f\u002fgapradev-secondary.table.core.windows.net\u002f;FileSecondaryEndpoint=http:\u002f\u002fgapradev-secondary.file.core.windows.net\u002f;AccountName=gapradev;AccountKey=Sanitized"
  }
}