{
  "Entries": [
    {
      "RequestUri": "http://storageteglazatesting.blob.core.windows.net/test-container-81f16994-73b8-0366-6806-290d3da1d82e?restype=container",
      "RequestMethod": "PUT",
      "RequestHeaders": {
        "Authorization": "Sanitized",
        "User-Agent": [
          "azsdk-net-Storage.Blobs/12.0.0-dev.20190712.1\u002b449c23cd1e82894613a14e163bc0fe3e0583c3ec",
          "(.NET Core 4.6.27414.06; Microsoft Windows 10.0.18362 )"
        ],
        "x-ms-blob-public-access": "container",
        "x-ms-client-request-id": "39ae47715406df53a7971177b2d6d75b",
        "x-ms-date": "Fri, 12 Jul 2019 17:54:43 GMT",
        "x-ms-return-client-request-id": "true",
        "x-ms-version": "2018-11-09"
      },
      "RequestBody": null,
      "StatusCode": 201,
      "ResponseHeaders": {
        "Content-Length": "0",
        "Date": "Fri, 12 Jul 2019 17:54:42 GMT",
        "ETag": "\u00220x8D706F205345C60\u0022",
        "Last-Modified": "Fri, 12 Jul 2019 17:54:43 GMT",
        "Server": [
          "Windows-Azure-Blob/1.0",
          "Microsoft-HTTPAPI/2.0"
        ],
        "x-ms-request-id": "2f8a1f4f-b01e-000b-09da-38b665000000",
        "x-ms-version": "2018-11-09"
      },
      "ResponseBody": null
    },
    {
      "RequestUri": "http://storageteglazatesting.blob.core.windows.net/test-container-81f16994-73b8-0366-6806-290d3da1d82e?restype=container\u0026comp=metadata",
      "RequestMethod": "PUT",
      "RequestHeaders": {
        "Authorization": "Sanitized",
        "User-Agent": [
          "azsdk-net-Storage.Blobs/12.0.0-dev.20190712.1\u002b449c23cd1e82894613a14e163bc0fe3e0583c3ec",
          "(.NET Core 4.6.27414.06; Microsoft Windows 10.0.18362 )"
        ],
        "x-ms-client-request-id": "d9fa3d1772270e931ec098816528d5d6",
        "x-ms-date": "Fri, 12 Jul 2019 17:54:43 GMT",
        "x-ms-meta-foo": "bar",
        "x-ms-meta-meta": "data",
        "x-ms-return-client-request-id": "true",
        "x-ms-version": "2018-11-09"
      },
      "RequestBody": null,
      "StatusCode": 200,
      "ResponseHeaders": {
        "Content-Length": "0",
        "Date": "Fri, 12 Jul 2019 17:54:42 GMT",
        "ETag": "\u00220x8D706F20538101E\u0022",
        "Last-Modified": "Fri, 12 Jul 2019 17:54:43 GMT",
        "Server": [
          "Windows-Azure-Blob/1.0",
          "Microsoft-HTTPAPI/2.0"
        ],
        "x-ms-request-id": "2f8a1f6d-b01e-000b-25da-38b665000000",
        "x-ms-version": "2018-11-09"
      },
      "ResponseBody": null
    },
    {
      "RequestUri": "http://storageteglazatesting.blob.core.windows.net/test-container-81f16994-73b8-0366-6806-290d3da1d82e?restype=container",
      "RequestMethod": "GET",
      "RequestHeaders": {
        "Authorization": "Sanitized",
        "User-Agent": [
          "azsdk-net-Storage.Blobs/12.0.0-dev.20190712.1\u002b449c23cd1e82894613a14e163bc0fe3e0583c3ec",
          "(.NET Core 4.6.27414.06; Microsoft Windows 10.0.18362 )"
        ],
        "x-ms-client-request-id": "1c2154fa6b49409c1612d92162ef5092",
        "x-ms-date": "Fri, 12 Jul 2019 17:54:43 GMT",
        "x-ms-return-client-request-id": "true",
        "x-ms-version": "2018-11-09"
      },
      "RequestBody": null,
      "StatusCode": 200,
      "ResponseHeaders": {
        "Content-Length": "0",
        "Date": "Fri, 12 Jul 2019 17:54:42 GMT",
        "ETag": "\u00220x8D706F20538101E\u0022",
        "Last-Modified": "Fri, 12 Jul 2019 17:54:43 GMT",
        "Server": [
          "Windows-Azure-Blob/1.0",
          "Microsoft-HTTPAPI/2.0"
        ],
        "x-ms-blob-public-access": "container",
        "x-ms-has-immutability-policy": "false",
        "x-ms-has-legal-hold": "false",
        "x-ms-lease-state": "available",
        "x-ms-lease-status": "unlocked",
        "x-ms-meta-foo": "bar",
        "x-ms-meta-meta": "data",
        "x-ms-request-id": "2f8a1fff-b01e-000b-30da-38b665000000",
        "x-ms-version": "2018-11-09"
      },
      "ResponseBody": null
    },
    {
      "RequestUri": "http://storageteglazatesting.blob.core.windows.net/test-container-81f16994-73b8-0366-6806-290d3da1d82e?restype=container",
      "RequestMethod": "DELETE",
      "RequestHeaders": {
        "Authorization": "Sanitized",
        "User-Agent": [
          "azsdk-net-Storage.Blobs/12.0.0-dev.20190712.1\u002b449c23cd1e82894613a14e163bc0fe3e0583c3ec",
          "(.NET Core 4.6.27414.06; Microsoft Windows 10.0.18362 )"
        ],
        "x-ms-client-request-id": "fff6cd2efea6ff06b49f1b45bbd1797f",
        "x-ms-date": "Fri, 12 Jul 2019 17:54:43 GMT",
        "x-ms-return-client-request-id": "true",
        "x-ms-version": "2018-11-09"
      },
      "RequestBody": null,
      "StatusCode": 202,
      "ResponseHeaders": {
        "Content-Length": "0",
        "Date": "Fri, 12 Jul 2019 17:54:42 GMT",
        "Server": [
          "Windows-Azure-Blob/1.0",
          "Microsoft-HTTPAPI/2.0"
        ],
        "x-ms-request-id": "2f8a2010-b01e-000b-3fda-38b665000000",
        "x-ms-version": "2018-11-09"
      },
      "ResponseBody": null
    }
  ],
  "Variables": {
    "RandomSeed": "716417466",
    "Storage_TestConfigDefault": "ProductionTenant\nstorageteglazatesting\nU2FuaXRpemVk\nhttp://storageteglazatesting.blob.core.windows.net\nhttp://storageteglazatesting.file.core.windows.net\nhttp://storageteglazatesting.queue.core.windows.net\nhttp://storageteglazatesting.table.core.windows.net\n\n\n\n\nhttp://storageteglazatesting-secondary.blob.core.windows.net\n\nhttp://storageteglazatesting-secondary.queue.core.windows.net\nhttp://storageteglazatesting-secondary.table.core.windows.net\n\nSanitized\n\n\nCloud\nBlobEndpoint=http://storageteglazatesting.blob.core.windows.net/;QueueEndpoint=http://storageteglazatesting.queue.core.windows.net/;TableEndpoint=http://storageteglazatesting.table.core.windows.net/;FileEndpoint=http://storageteglazatesting.file.core.windows.net/;BlobSecondaryEndpoint=http://storageteglazatesting-secondary.blob.core.windows.net/;QueueSecondaryEndpoint=http://storageteglazatesting-secondary.queue.core.windows.net/;TableSecondaryEndpoint=http://storageteglazatesting-secondary.table.core.windows.net/;AccountName=storageteglazatesting;AccountKey=Sanitized"
  }
}