{
  "Entries": [
    {
      "RequestUri": "/subscriptions/4445bf11-61c4-436f-a940-60194f8aca57/providers/Microsoft.Peering/peerAsns/Contoso65000?api-version=2019-06-01-preview",
      "EncodedRequestUri": "L3N1YnNjcmlwdGlvbnMvNDQ0NWJmMTEtNjFjNC00MzZmLWE5NDAtNjAxOTRmOGFjYTU3L3Byb3ZpZGVycy9NaWNyb3NvZnQuUGVlcmluZy9wZWVyQXNucy9Db250b3NvNjUwMDA/YXBpLXZlcnNpb249MjAxOS0wNi0wMS1wcmV2aWV3",
      "RequestMethod": "PUT",
      "RequestBody": "{\r\n  \"properties\": {\r\n    \"peerAsn\": 65000,\r\n    \"peerContactInfo\": {\r\n      \"emails\": [\r\n        \"noc65000@contoso.com\"\r\n      ],\r\n      \"phone\": [\r\n        \"9999999\"\r\n      ]\r\n    },\r\n    \"peerName\": \"Contoso65000\",\r\n    \"validationState\": \"Approved\"\r\n  }\r\n}",
      "RequestHeaders": {
        "x-ms-client-request-id": [
          "cf9e9ab9-8949-4fc0-a496-e3ec4b88d70f"
        ],
        "Accept-Language": [
          "en-US"
        ],
        "User-Agent": [
          "FxVersion/4.6.27617.04",
          "OSName/Windows",
          "OSVersion/Microsoft.Windows.10.0.18362.",
          "Microsoft.Azure.Management.Peering.PeeringManagementClient/0.10.0"
        ],
        "Content-Type": [
          "application/json; charset=utf-8"
        ],
        "Content-Length": [
          "260"
        ]
      },
      "ResponseHeaders": {
        "Cache-Control": [
          "no-cache"
        ],
        "Pragma": [
          "no-cache"
        ],
        "x-ms-request-id": [
          "787c995e-3698-478f-a4d3-f1aab6003698"
        ],
        "x-ms-ratelimit-remaining-subscription-resource-requests": [
          "97"
        ],
        "x-ms-correlation-request-id": [
          "1756d646-df98-49f8-8693-943198655709"
        ],
        "x-ms-routing-request-id": [
          "NORTHEUROPE:20190709T000459Z:1756d646-df98-49f8-8693-943198655709"
        ],
        "Strict-Transport-Security": [
          "max-age=31536000; includeSubDomains"
        ],
        "X-Content-Type-Options": [
          "nosniff"
        ],
        "Date": [
          "Tue, 09 Jul 2019 00:04:59 GMT"
        ],
        "Content-Length": [
          "442"
        ],
        "Content-Type": [
          "application/json; charset=utf-8"
        ],
        "Expires": [
          "-1"
        ]
      },
      "ResponseBody": "{\r\n  \"properties\": {\r\n    \"peerAsn\": 65000,\r\n    \"peerContactInfo\": {\r\n      \"emails\": [\r\n        \"noc65000@contoso.com\"\r\n      ],\r\n      \"phone\": [\r\n        \"9999999\"\r\n      ]\r\n    },\r\n    \"peerName\": \"Contoso65000\",\r\n    \"validationState\": \"Approved\"\r\n  },\r\n  \"name\": \"Contoso65000\",\r\n  \"id\": \"/subscriptions/4445bf11-61c4-436f-a940-60194f8aca57/providers/Microsoft.Peering/peerAsns/Contoso65000\",\r\n  \"type\": \"Microsoft.Peering/peerAsns\"\r\n}",
      "StatusCode": 201
    },
    {
      "RequestUri": "/subscriptions/4445bf11-61c4-436f-a940-60194f8aca57/providers/Microsoft.Peering/peerAsns/Contoso65000?api-version=2019-06-01-preview",
      "EncodedRequestUri": "L3N1YnNjcmlwdGlvbnMvNDQ0NWJmMTEtNjFjNC00MzZmLWE5NDAtNjAxOTRmOGFjYTU3L3Byb3ZpZGVycy9NaWNyb3NvZnQuUGVlcmluZy9wZWVyQXNucy9Db250b3NvNjUwMDA/YXBpLXZlcnNpb249MjAxOS0wNi0wMS1wcmV2aWV3",
      "RequestMethod": "GET",
      "RequestBody": "",
      "RequestHeaders": {
        "x-ms-client-request-id": [
          "f6c7fe39-4b6b-4072-bd30-9e7222b4321d"
        ],
        "Accept-Language": [
          "en-US"
        ],
        "User-Agent": [
          "FxVersion/4.6.27617.04",
          "OSName/Windows",
          "OSVersion/Microsoft.Windows.10.0.18362.",
          "Microsoft.Azure.Management.Peering.PeeringManagementClient/0.10.0"
        ]
      },
      "ResponseHeaders": {
        "Cache-Control": [
          "no-cache"
        ],
        "Pragma": [
          "no-cache"
        ],
        "x-ms-request-id": [
          "fef2ccc3-e005-4f15-813b-0a0f6af28a1b"
        ],
        "x-ms-ratelimit-remaining-subscription-resource-requests": [
          "596"
        ],
        "x-ms-correlation-request-id": [
          "744b82cf-26be-4970-915f-495c86c35b5a"
        ],
        "x-ms-routing-request-id": [
          "NORTHEUROPE:20190709T000459Z:744b82cf-26be-4970-915f-495c86c35b5a"
        ],
        "Strict-Transport-Security": [
          "max-age=31536000; includeSubDomains"
        ],
        "X-Content-Type-Options": [
          "nosniff"
        ],
        "Date": [
          "Tue, 09 Jul 2019 00:04:59 GMT"
        ],
        "Content-Length": [
          "442"
        ],
        "Content-Type": [
          "application/json; charset=utf-8"
        ],
        "Expires": [
          "-1"
        ]
      },
      "ResponseBody": "{\r\n  \"properties\": {\r\n    \"peerAsn\": 65000,\r\n    \"peerContactInfo\": {\r\n      \"emails\": [\r\n        \"noc65000@contoso.com\"\r\n      ],\r\n      \"phone\": [\r\n        \"9999999\"\r\n      ]\r\n    },\r\n    \"peerName\": \"Contoso65000\",\r\n    \"validationState\": \"Approved\"\r\n  },\r\n  \"name\": \"Contoso65000\",\r\n  \"id\": \"/subscriptions/4445bf11-61c4-436f-a940-60194f8aca57/providers/Microsoft.Peering/peerAsns/Contoso65000\",\r\n  \"type\": \"Microsoft.Peering/peerAsns\"\r\n}",
      "StatusCode": 200
    },
    {
      "RequestUri": "/subscriptions/4445bf11-61c4-436f-a940-60194f8aca57/providers/Microsoft.Peering/peerAsns/Contoso65000?api-version=2019-06-01-preview",
      "EncodedRequestUri": "L3N1YnNjcmlwdGlvbnMvNDQ0NWJmMTEtNjFjNC00MzZmLWE5NDAtNjAxOTRmOGFjYTU3L3Byb3ZpZGVycy9NaWNyb3NvZnQuUGVlcmluZy9wZWVyQXNucy9Db250b3NvNjUwMDA/YXBpLXZlcnNpb249MjAxOS0wNi0wMS1wcmV2aWV3",
      "RequestMethod": "GET",
      "RequestBody": "",
      "RequestHeaders": {
        "x-ms-client-request-id": [
          "4dc021e0-9cc2-41a7-a4d5-07e44433a5e6"
        ],
        "Accept-Language": [
          "en-US"
        ],
        "User-Agent": [
          "FxVersion/4.6.27617.04",
          "OSName/Windows",
          "OSVersion/Microsoft.Windows.10.0.18362.",
          "Microsoft.Azure.Management.Peering.PeeringManagementClient/0.10.0"
        ]
      },
      "ResponseHeaders": {
        "Cache-Control": [
          "no-cache"
        ],
        "Pragma": [
          "no-cache"
        ],
        "x-ms-request-id": [
          "d0eb1ef7-d64c-4952-a985-e0717353df12"
        ],
        "x-ms-ratelimit-remaining-subscription-resource-requests": [
          "598"
        ],
        "x-ms-correlation-request-id": [
          "a96e6614-2c52-40b6-a1c4-093d82f9084f"
        ],
        "x-ms-routing-request-id": [
          "NORTHEUROPE:20190709T000502Z:a96e6614-2c52-40b6-a1c4-093d82f9084f"
        ],
        "Strict-Transport-Security": [
          "max-age=31536000; includeSubDomains"
        ],
        "X-Content-Type-Options": [
          "nosniff"
        ],
        "Date": [
          "Tue, 09 Jul 2019 00:05:01 GMT"
        ],
        "Content-Length": [
          "68"
        ],
        "Content-Type": [
          "application/json; charset=utf-8"
        ],
        "Expires": [
          "-1"
        ]
      },
      "ResponseBody": "{\r\n  \"code\": \"NotFound\",\r\n  \"message\": \"Resource does not exist.\"\r\n}",
      "StatusCode": 404
    },
    {
      "RequestUri": "/subscriptions/4445bf11-61c4-436f-a940-60194f8aca57/providers/Microsoft.Peering/peerAsns/Contoso65000?api-version=2019-06-01-preview",
      "EncodedRequestUri": "L3N1YnNjcmlwdGlvbnMvNDQ0NWJmMTEtNjFjNC00MzZmLWE5NDAtNjAxOTRmOGFjYTU3L3Byb3ZpZGVycy9NaWNyb3NvZnQuUGVlcmluZy9wZWVyQXNucy9Db250b3NvNjUwMDA/YXBpLXZlcnNpb249MjAxOS0wNi0wMS1wcmV2aWV3",
      "RequestMethod": "DELETE",
      "RequestBody": "",
      "RequestHeaders": {
        "x-ms-client-request-id": [
          "c9ce9804-a2d6-4fcc-99b2-855d00b03a9a"
        ],
        "Accept-Language": [
          "en-US"
        ],
        "User-Agent": [
          "FxVersion/4.6.27617.04",
          "OSName/Windows",
          "OSVersion/Microsoft.Windows.10.0.18362.",
          "Microsoft.Azure.Management.Peering.PeeringManagementClient/0.10.0"
        ]
      },
      "ResponseHeaders": {
        "Cache-Control": [
          "no-cache"
        ],
        "Pragma": [
          "no-cache"
        ],
        "x-ms-request-id": [
          "a40c1a2f-2f40-43c7-853c-79774c440197"
        ],
        "x-ms-ratelimit-remaining-subscription-deletes": [
          "14999"
        ],
        "x-ms-correlation-request-id": [
          "95ca7f72-04a4-4c39-9f10-5eb6a2d4d199"
        ],
        "x-ms-routing-request-id": [
          "NORTHEUROPE:20190709T000501Z:95ca7f72-04a4-4c39-9f10-5eb6a2d4d199"
        ],
        "Strict-Transport-Security": [
          "max-age=31536000; includeSubDomains"
        ],
        "X-Content-Type-Options": [
          "nosniff"
        ],
        "Date": [
          "Tue, 09 Jul 2019 00:05:01 GMT"
        ],
        "Expires": [
          "-1"
        ],
        "Content-Length": [
          "0"
        ]
      },
      "ResponseBody": "",
      "StatusCode": 200
    }
  ],
  "Names": {},
  "Variables": {
    "SubscriptionId": "4445bf11-61c4-436f-a940-60194f8aca57"
  }
}