{
  "Entries": [
    {
      "RequestUri": "/subscriptions/3e919f9a-4e26-4736-aa8d-d596d9a49239/providers/Microsoft.Peering/peerAsns/Contoso65000?api-version=2020-04-01",
      "EncodedRequestUri": "L3N1YnNjcmlwdGlvbnMvM2U5MTlmOWEtNGUyNi00NzM2LWFhOGQtZDU5NmQ5YTQ5MjM5L3Byb3ZpZGVycy9NaWNyb3NvZnQuUGVlcmluZy9wZWVyQXNucy9Db250b3NvNjUwMDA/YXBpLXZlcnNpb249MjAyMC0wNC0wMQ==",
      "RequestMethod": "PUT",
      "RequestBody": "{\r\n  \"properties\": {\r\n    \"peerAsn\": 65000,\r\n    \"peerContactDetail\": [\r\n      {\r\n        \"role\": \"Noc\",\r\n        \"email\": \"noc65000@contoso.com\",\r\n        \"phone\": \"9999999\"\r\n      }\r\n    ],\r\n    \"peerName\": \"Contoso65000\",\r\n    \"validationState\": \"Approved\"\r\n  }\r\n}",
      "RequestHeaders": {
        "x-ms-client-request-id": [
          "0b143f9c-fb44-40fb-9f6d-c4124ba4de64"
        ],
        "Accept-Language": [
          "en-US"
        ],
        "User-Agent": [
          "FxVersion/4.6.28619.01",
          "OSName/Windows",
          "OSVersion/Microsoft.Windows.10.0.18363.",
          "Microsoft.Azure.Management.Peering.PeeringManagementClient/2.0.0.1"
        ],
        "Content-Type": [
          "application/json; charset=utf-8"
        ],
        "Content-Length": [
          "267"
        ]
      },
      "ResponseHeaders": {
        "Server": [
          "Microsoft-HTTPAPI/2.0"
        ],
        "WWW-Authenticate-dSTS": [
          "http://schemas.microsoft.com/dsts/saml2-bearer metadata-version=1,sts-realm=realm://dsts.core.azure-test.net/,certificate-sts-address=https://co2agg04-dsts.dsts.core.azure-test.net/v2/wstrust/13/certificate,issued-token-sts-address=https://co2agg04-dsts.dsts.core.azure-test.net/v2/wstrust/13/issuedtoken-bearer,discovery-sts-address=https://co2agg04-dsts.dsts.core.azure-test.net/2012/IDstsDiscoveryService,service-dns-name=secrets.wanrr-test.radar.core.azure-test.net,known-sts-thumbprints=ForBackwardCompatibility,trusted-sts-thumbprints=ForBackwardCompatibility,error=3,error-description=\"The security token is invalid. Cannot decode base64 encoded string. The input is not a valid Base-64 string as it contains a non-base 64 character, more than two padding characters, or an illegal character among the padding characters. \""
        ],
        "x-ms-request-id": [
          "04c810fa-6091-47bd-8b27-82b8dc84c827"
        ],
        "Date": [
          "Tue, 12 May 2020 17:41:38 GMT"
        ],
        "Content-Length": [
          "448"
        ],
        "Content-Type": [
          "application/json; charset=utf-8"
        ]
      },
      "ResponseBody": "{\r\n  \"properties\": {\r\n    \"peerAsn\": 65000,\r\n    \"peerContactDetail\": [\r\n      {\r\n        \"role\": \"Noc\",\r\n        \"email\": \"noc65000@contoso.com\",\r\n        \"phone\": \"9999999\"\r\n      }\r\n    ],\r\n    \"peerName\": \"Contoso65000\",\r\n    \"validationState\": \"Pending\"\r\n  },\r\n  \"name\": \"Contoso65000\",\r\n  \"id\": \"/subscriptions/3e919f9a-4e26-4736-aa8d-d596d9a49239/providers/Microsoft.Peering/peerAsns/Contoso65000\",\r\n  \"type\": \"Microsoft.Peering/peerAsns\"\r\n}",
      "StatusCode": 201
    },
    {
      "RequestUri": "/subscriptions/3e919f9a-4e26-4736-aa8d-d596d9a49239/providers/Microsoft.Peering/peerAsns/Contoso65000?api-version=2020-04-01",
      "EncodedRequestUri": "L3N1YnNjcmlwdGlvbnMvM2U5MTlmOWEtNGUyNi00NzM2LWFhOGQtZDU5NmQ5YTQ5MjM5L3Byb3ZpZGVycy9NaWNyb3NvZnQuUGVlcmluZy9wZWVyQXNucy9Db250b3NvNjUwMDA/YXBpLXZlcnNpb249MjAyMC0wNC0wMQ==",
      "RequestMethod": "GET",
      "RequestBody": "",
      "RequestHeaders": {
        "x-ms-client-request-id": [
          "c8c14053-01ea-4e6b-8a23-74ad25a82af0"
        ],
        "Accept-Language": [
          "en-US"
        ],
        "User-Agent": [
          "FxVersion/4.6.28619.01",
          "OSName/Windows",
          "OSVersion/Microsoft.Windows.10.0.18363.",
          "Microsoft.Azure.Management.Peering.PeeringManagementClient/2.0.0.1"
        ]
      },
      "ResponseHeaders": {
        "Server": [
          "Microsoft-HTTPAPI/2.0"
        ],
        "WWW-Authenticate-dSTS": [
          "http://schemas.microsoft.com/dsts/saml2-bearer metadata-version=1,sts-realm=realm://dsts.core.azure-test.net/,certificate-sts-address=https://co2agg04-dsts.dsts.core.azure-test.net/v2/wstrust/13/certificate,issued-token-sts-address=https://co2agg04-dsts.dsts.core.azure-test.net/v2/wstrust/13/issuedtoken-bearer,discovery-sts-address=https://co2agg04-dsts.dsts.core.azure-test.net/2012/IDstsDiscoveryService,service-dns-name=secrets.wanrr-test.radar.core.azure-test.net,known-sts-thumbprints=ForBackwardCompatibility,trusted-sts-thumbprints=ForBackwardCompatibility,error=3,error-description=\"The security token is invalid. Cannot decode base64 encoded string. The input is not a valid Base-64 string as it contains a non-base 64 character, more than two padding characters, or an illegal character among the padding characters. \""
        ],
        "x-ms-request-id": [
          "0318cc9f-d5fc-4bb5-a1cf-e6b0bdee1ee7"
        ],
        "Date": [
          "Tue, 12 May 2020 17:41:38 GMT"
        ],
        "Content-Length": [
          "448"
        ],
        "Content-Type": [
          "application/json; charset=utf-8"
        ]
      },
      "ResponseBody": "{\r\n  \"properties\": {\r\n    \"peerAsn\": 65000,\r\n    \"peerContactDetail\": [\r\n      {\r\n        \"role\": \"Noc\",\r\n        \"email\": \"noc65000@contoso.com\",\r\n        \"phone\": \"9999999\"\r\n      }\r\n    ],\r\n    \"peerName\": \"Contoso65000\",\r\n    \"validationState\": \"Pending\"\r\n  },\r\n  \"name\": \"Contoso65000\",\r\n  \"id\": \"/subscriptions/3e919f9a-4e26-4736-aa8d-d596d9a49239/providers/Microsoft.Peering/peerAsns/Contoso65000\",\r\n  \"type\": \"Microsoft.Peering/peerAsns\"\r\n}",
      "StatusCode": 200
    },
    {
      "RequestUri": "/subscriptions/3e919f9a-4e26-4736-aa8d-d596d9a49239/providers/Microsoft.Peering/peerAsns/Contoso65000?api-version=2020-04-01",
      "EncodedRequestUri": "L3N1YnNjcmlwdGlvbnMvM2U5MTlmOWEtNGUyNi00NzM2LWFhOGQtZDU5NmQ5YTQ5MjM5L3Byb3ZpZGVycy9NaWNyb3NvZnQuUGVlcmluZy9wZWVyQXNucy9Db250b3NvNjUwMDA/YXBpLXZlcnNpb249MjAyMC0wNC0wMQ==",
      "RequestMethod": "GET",
      "RequestBody": "",
      "RequestHeaders": {
        "x-ms-client-request-id": [
          "e35efe40-51e5-4a0d-b458-a8ca7d16080e"
        ],
        "Accept-Language": [
          "en-US"
        ],
        "User-Agent": [
          "FxVersion/4.6.28619.01",
          "OSName/Windows",
          "OSVersion/Microsoft.Windows.10.0.18363.",
          "Microsoft.Azure.Management.Peering.PeeringManagementClient/2.0.0.1"
        ]
      },
      "ResponseHeaders": {
        "Server": [
          "Microsoft-HTTPAPI/2.0"
        ],
        "WWW-Authenticate-dSTS": [
          "http://schemas.microsoft.com/dsts/saml2-bearer metadata-version=1,sts-realm=realm://dsts.core.azure-test.net/,certificate-sts-address=https://co2agg04-dsts.dsts.core.azure-test.net/v2/wstrust/13/certificate,issued-token-sts-address=https://co2agg04-dsts.dsts.core.azure-test.net/v2/wstrust/13/issuedtoken-bearer,discovery-sts-address=https://co2agg04-dsts.dsts.core.azure-test.net/2012/IDstsDiscoveryService,service-dns-name=secrets.wanrr-test.radar.core.azure-test.net,known-sts-thumbprints=ForBackwardCompatibility,trusted-sts-thumbprints=ForBackwardCompatibility,error=3,error-description=\"The security token is invalid. Cannot decode base64 encoded string. The input is not a valid Base-64 string as it contains a non-base 64 character, more than two padding characters, or an illegal character among the padding characters. \""
        ],
        "x-ms-request-id": [
          "66cde390-d589-4297-8fcf-4c6683e79562"
        ],
        "Date": [
          "Tue, 12 May 2020 17:41:38 GMT"
        ],
        "Content-Length": [
          "68"
        ],
        "Content-Type": [
          "application/json; charset=utf-8"
        ]
      },
      "ResponseBody": "{\r\n  \"code\": \"NotFound\",\r\n  \"message\": \"Resource does not exist.\"\r\n}",
      "StatusCode": 404
    },
    {
      "RequestUri": "/subscriptions/3e919f9a-4e26-4736-aa8d-d596d9a49239/providers/Microsoft.Peering/peerAsns/Contoso65000?api-version=2020-04-01",
      "EncodedRequestUri": "L3N1YnNjcmlwdGlvbnMvM2U5MTlmOWEtNGUyNi00NzM2LWFhOGQtZDU5NmQ5YTQ5MjM5L3Byb3ZpZGVycy9NaWNyb3NvZnQuUGVlcmluZy9wZWVyQXNucy9Db250b3NvNjUwMDA/YXBpLXZlcnNpb249MjAyMC0wNC0wMQ==",
      "RequestMethod": "DELETE",
      "RequestBody": "",
      "RequestHeaders": {
        "x-ms-client-request-id": [
          "a6c4ff2d-5973-4373-a310-84f7ad03fd61"
        ],
        "Accept-Language": [
          "en-US"
        ],
        "User-Agent": [
          "FxVersion/4.6.28619.01",
          "OSName/Windows",
          "OSVersion/Microsoft.Windows.10.0.18363.",
          "Microsoft.Azure.Management.Peering.PeeringManagementClient/2.0.0.1"
        ]
      },
      "ResponseHeaders": {
        "Server": [
          "Microsoft-HTTPAPI/2.0"
        ],
        "WWW-Authenticate-dSTS": [
          "http://schemas.microsoft.com/dsts/saml2-bearer metadata-version=1,sts-realm=realm://dsts.core.azure-test.net/,certificate-sts-address=https://co2agg04-dsts.dsts.core.azure-test.net/v2/wstrust/13/certificate,issued-token-sts-address=https://co2agg04-dsts.dsts.core.azure-test.net/v2/wstrust/13/issuedtoken-bearer,discovery-sts-address=https://co2agg04-dsts.dsts.core.azure-test.net/2012/IDstsDiscoveryService,service-dns-name=secrets.wanrr-test.radar.core.azure-test.net,known-sts-thumbprints=ForBackwardCompatibility,trusted-sts-thumbprints=ForBackwardCompatibility,error=3,error-description=\"The security token is invalid. Cannot decode base64 encoded string. The input is not a valid Base-64 string as it contains a non-base 64 character, more than two padding characters, or an illegal character among the padding characters. \""
        ],
        "x-ms-request-id": [
          "3079bf70-4cb8-407f-a01f-ab7ca6a6e370"
        ],
        "Date": [
          "Tue, 12 May 2020 17:41:38 GMT"
        ],
        "Content-Length": [
          "0"
        ]
      },
      "ResponseBody": "",
      "StatusCode": 200
    }
  ],
  "Names": {},
  "Variables": {
    "SubscriptionId": "3e919f9a-4e26-4736-aa8d-d596d9a49239"
  }
}