{
  "Entries": [
    {
      "RequestUri": "https://chrissscratch.table.core.windows.net/Tables?$format=application%2Fjson%3Bodata%3Dminimalmetadata",
      "RequestMethod": "POST",
      "RequestHeaders": {
        "Accept": "application/json",
        "Authorization": "Sanitized",
        "Content-Length": "33",
        "Content-Type": "application/json; odata=nometadata",
        "DataServiceVersion": "3.0",
        "traceparent": "00-aafe1135bfc6a44f8891d7c24537ae2e-aa20ffd8613eb44a-00",
        "User-Agent": [
          "azsdk-net-Data.Tables/1.0.0-dev.20200818.1",
          "(.NET Core 4.6.29130.01; Microsoft Windows 10.0.18363 )"
        ],
        "x-ms-client-request-id": "dfd4ef11cd67a47bfe218887165ba0ed",
        "x-ms-date": "Tue, 18 Aug 2020 23:49:44 GMT",
        "x-ms-return-client-request-id": "true",
        "x-ms-version": "2019-02-02"
      },
      "RequestBody": {
        "TableName": "testtablegmm3nqid"
      },
      "StatusCode": 201,
      "ResponseHeaders": {
        "Cache-Control": "no-cache",
        "Content-Type": "application/json; odata=minimalmetadata; streaming=true; charset=utf-8",
        "Date": "Tue, 18 Aug 2020 23:49:44 GMT",
        "Location": "https://chrissscratch.table.core.windows.net/Tables(\u0027testtablegmm3nqid\u0027)",
        "Server": [
          "Windows-Azure-Table/1.0",
          "Microsoft-HTTPAPI/2.0"
        ],
        "Transfer-Encoding": "chunked",
        "X-Content-Type-Options": "nosniff",
        "x-ms-client-request-id": "dfd4ef11cd67a47bfe218887165ba0ed",
        "x-ms-request-id": "254901b6-0002-0081-35ba-7566bf000000",
        "x-ms-version": "2019-02-02"
      },
      "ResponseBody": {
        "odata.metadata": "https://chrissscratch.table.core.windows.net/$metadata#Tables/@Element",
        "TableName": "testtablegmm3nqid"
      }
    },
    {
      "RequestUri": "https://chrissscratch-secondary.table.core.windows.net/?restype=service\u0026comp=stats",
      "RequestMethod": "GET",
      "RequestHeaders": {
        "Authorization": "Sanitized",
        "traceparent": "00-463f677978b1be4f941a1b15c1d2482b-72775dd287f8ad49-00",
        "User-Agent": [
          "azsdk-net-Data.Tables/1.0.0-dev.20200818.1",
          "(.NET Core 4.6.29130.01; Microsoft Windows 10.0.18363 )"
        ],
        "x-ms-client-request-id": "03bf080c5d02d4f8d50e2c07a4f62924",
        "x-ms-date": "Tue, 18 Aug 2020 23:49:44 GMT",
        "x-ms-return-client-request-id": "true",
        "x-ms-version": "2019-02-02"
      },
      "RequestBody": null,
      "StatusCode": 200,
      "ResponseHeaders": {
        "Content-Type": "application/xml",
        "Date": "Tue, 18 Aug 2020 23:49:44 GMT",
        "Server": [
          "Windows-Azure-Table/1.0",
          "Microsoft-HTTPAPI/2.0"
        ],
        "Transfer-Encoding": "chunked",
        "x-ms-client-request-id": "03bf080c5d02d4f8d50e2c07a4f62924",
        "x-ms-request-id": "5a4cbdd0-7002-0066-79ba-750337000000",
        "x-ms-version": "2019-02-02"
      },
      "ResponseBody": "\uFEFF\u003C?xml version=\u00221.0\u0022 encoding=\u0022utf-8\u0022?\u003E\u003CStorageServiceStats\u003E\u003CGeoReplication\u003E\u003CStatus\u003Elive\u003C/Status\u003E\u003CLastSyncTime\u003ETue, 18 Aug 2020 23:46:21 GMT\u003C/LastSyncTime\u003E\u003C/GeoReplication\u003E\u003C/StorageServiceStats\u003E"
    },
    {
      "RequestUri": "https://chrissscratch.table.core.windows.net/Tables(\u0027testtablegmm3nqid\u0027)",
      "RequestMethod": "DELETE",
      "RequestHeaders": {
        "Accept": "application/json",
        "Authorization": "Sanitized",
        "traceparent": "00-7ec9180bc1fda74da93ff15403dc5b8a-377a70b4a5c2a845-00",
        "User-Agent": [
          "azsdk-net-Data.Tables/1.0.0-dev.20200818.1",
          "(.NET Core 4.6.29130.01; Microsoft Windows 10.0.18363 )"
        ],
        "x-ms-client-request-id": "ec520416d16bfb5a5cfd4e442d78b871",
        "x-ms-date": "Tue, 18 Aug 2020 23:49:45 GMT",
        "x-ms-return-client-request-id": "true",
        "x-ms-version": "2019-02-02"
      },
      "RequestBody": null,
      "StatusCode": 204,
      "ResponseHeaders": {
        "Cache-Control": "no-cache",
        "Content-Length": "0",
        "Date": "Tue, 18 Aug 2020 23:49:44 GMT",
        "Server": [
          "Windows-Azure-Table/1.0",
          "Microsoft-HTTPAPI/2.0"
        ],
        "X-Content-Type-Options": "nosniff",
        "x-ms-client-request-id": "ec520416d16bfb5a5cfd4e442d78b871",
        "x-ms-request-id": "254901fc-0002-0081-78ba-7566bf000000",
        "x-ms-version": "2019-02-02"
      },
      "ResponseBody": []
    }
  ],
  "Variables": {
    "RandomSeed": "1639976575",
    "TABLES_PRIMARY_STORAGE_ACCOUNT_KEY": "",
    "TABLES_STORAGE_ACCOUNT_NAME": "chrissscratch"
  }
}