{
  "Entries": [
    {
      "RequestUri": "https://t6d9ba26493dd43beprim.table.core.windows.net/Tables?$format=application%2Fjson%3Bodata%3Dminimalmetadata",
      "RequestMethod": "POST",
      "RequestHeaders": {
        "Accept": [
          "application/json",
          "application/json; odata=minimalmetadata"
        ],
        "Authorization": "Sanitized",
        "Content-Length": "33",
        "Content-Type": "application/json; odata=nometadata",
        "DataServiceVersion": "3.0",
        "traceparent": "00-32a0524e598a214ba2ecfb5d0fa2d296-7082d94c1f4f5a49-00",
        "User-Agent": [
          "azsdk-net-Data.Tables/1.0.0-dev.20200820.2",
          "(.NET Core 4.6.27514.02; Microsoft Windows 10.0.17763 )"
        ],
        "x-ms-client-request-id": "49a8fb530e6b2a029ab3d9b3129aa6e3",
        "x-ms-date": "Thu, 20 Aug 2020 18:33:25 GMT",
        "x-ms-return-client-request-id": "true",
        "x-ms-version": "2019-02-02"
      },
      "RequestBody": {
        "TableName": "testtable9cqd6ut9"
      },
      "StatusCode": 201,
      "ResponseHeaders": {
        "Cache-Control": "no-cache",
        "Content-Type": "application/json; odata=minimalmetadata; streaming=true; charset=utf-8",
        "Date": "Thu, 20 Aug 2020 18:33:25 GMT",
        "Location": "https://t6d9ba26493dd43beprim.table.core.windows.net/Tables(\u0027testtable9cqd6ut9\u0027)",
        "Server": [
          "Windows-Azure-Table/1.0",
          "Microsoft-HTTPAPI/2.0"
        ],
        "Transfer-Encoding": "chunked",
        "X-Content-Type-Options": "nosniff",
        "x-ms-client-request-id": "49a8fb530e6b2a029ab3d9b3129aa6e3",
        "x-ms-request-id": "ac01dd07-2002-004b-3020-77c847000000",
        "x-ms-version": "2019-02-02"
      },
      "ResponseBody": {
        "odata.metadata": "https://t6d9ba26493dd43beprim.table.core.windows.net/$metadata#Tables/@Element",
        "TableName": "testtable9cqd6ut9"
      }
    },
    {
      "RequestUri": "https://t6d9ba26493dd43beprim.table.core.windows.net/Tables?$format=application%2Fjson%3Bodata%3Dminimalmetadata",
      "RequestMethod": "POST",
      "RequestHeaders": {
        "Accept": [
          "application/json",
          "application/json; odata=minimalmetadata"
        ],
        "Authorization": "Sanitized",
        "Content-Length": "33",
        "Content-Type": "application/json; odata=nometadata",
        "DataServiceVersion": "3.0",
        "traceparent": "00-2b85281fcae5644291f07d4318f20dcb-a01a1c455720f74c-00",
        "User-Agent": [
          "azsdk-net-Data.Tables/1.0.0-dev.20200820.2",
          "(.NET Core 4.6.27514.02; Microsoft Windows 10.0.17763 )"
        ],
        "x-ms-client-request-id": "1797db478043b29a90da10d4e3903acc",
        "x-ms-date": "Thu, 20 Aug 2020 18:33:25 GMT",
        "x-ms-return-client-request-id": "true",
        "x-ms-version": "2019-02-02"
      },
      "RequestBody": {
        "TableName": "testtablekudhucwx"
      },
      "StatusCode": 201,
      "ResponseHeaders": {
        "Cache-Control": "no-cache",
        "Content-Type": "application/json; odata=minimalmetadata; streaming=true; charset=utf-8",
        "Date": "Thu, 20 Aug 2020 18:33:25 GMT",
        "Location": "https://t6d9ba26493dd43beprim.table.core.windows.net/Tables(\u0027testtablekudhucwx\u0027)",
        "Server": [
          "Windows-Azure-Table/1.0",
          "Microsoft-HTTPAPI/2.0"
        ],
        "Transfer-Encoding": "chunked",
        "X-Content-Type-Options": "nosniff",
        "x-ms-client-request-id": "1797db478043b29a90da10d4e3903acc",
        "x-ms-request-id": "ac01dd0a-2002-004b-3220-77c847000000",
        "x-ms-version": "2019-02-02"
      },
      "ResponseBody": {
        "odata.metadata": "https://t6d9ba26493dd43beprim.table.core.windows.net/$metadata#Tables/@Element",
        "TableName": "testtablekudhucwx"
      }
    },
    {
      "RequestUri": "https://t6d9ba26493dd43beprim.table.core.windows.net/Tables?$format=application%2Fjson%3Bodata%3Dminimalmetadata",
      "RequestMethod": "POST",
      "RequestHeaders": {
        "Accept": [
          "application/json",
          "application/json; odata=minimalmetadata"
        ],
        "Authorization": "Sanitized",
        "Content-Length": "33",
        "Content-Type": "application/json; odata=nometadata",
        "DataServiceVersion": "3.0",
        "traceparent": "00-e186e118ea941b4dbbe9270467ad411a-afe36fe71c25f14b-00",
        "User-Agent": [
          "azsdk-net-Data.Tables/1.0.0-dev.20200820.2",
          "(.NET Core 4.6.27514.02; Microsoft Windows 10.0.17763 )"
        ],
        "x-ms-client-request-id": "ee2b54ab9c9f1ff20236018f77eae719",
        "x-ms-date": "Thu, 20 Aug 2020 18:33:26 GMT",
        "x-ms-return-client-request-id": "true",
        "x-ms-version": "2019-02-02"
      },
      "RequestBody": {
        "TableName": "testtablevkcwdk2z"
      },
      "StatusCode": 201,
      "ResponseHeaders": {
        "Cache-Control": "no-cache",
        "Content-Type": "application/json; odata=minimalmetadata; streaming=true; charset=utf-8",
        "Date": "Thu, 20 Aug 2020 18:33:25 GMT",
        "Location": "https://t6d9ba26493dd43beprim.table.core.windows.net/Tables(\u0027testtablevkcwdk2z\u0027)",
        "Server": [
          "Windows-Azure-Table/1.0",
          "Microsoft-HTTPAPI/2.0"
        ],
        "Transfer-Encoding": "chunked",
        "X-Content-Type-Options": "nosniff",
        "x-ms-client-request-id": "ee2b54ab9c9f1ff20236018f77eae719",
        "x-ms-request-id": "ac01dd0c-2002-004b-3320-77c847000000",
        "x-ms-version": "2019-02-02"
      },
      "ResponseBody": {
        "odata.metadata": "https://t6d9ba26493dd43beprim.table.core.windows.net/$metadata#Tables/@Element",
        "TableName": "testtablevkcwdk2z"
      }
    },
    {
      "RequestUri": "https://t6d9ba26493dd43beprim.table.core.windows.net/Tables?$format=application%2Fjson%3Bodata%3Dminimalmetadata",
      "RequestMethod": "POST",
      "RequestHeaders": {
        "Accept": [
          "application/json",
          "application/json; odata=minimalmetadata"
        ],
        "Authorization": "Sanitized",
        "Content-Length": "33",
        "Content-Type": "application/json; odata=nometadata",
        "DataServiceVersion": "3.0",
        "traceparent": "00-c34e64e78de8d3429077fc79c618a01b-4c127281778dbc49-00",
        "User-Agent": [
          "azsdk-net-Data.Tables/1.0.0-dev.20200820.2",
          "(.NET Core 4.6.27514.02; Microsoft Windows 10.0.17763 )"
        ],
        "x-ms-client-request-id": "02652e9af6cff0d4bee16cee55ab13f3",
        "x-ms-date": "Thu, 20 Aug 2020 18:33:26 GMT",
        "x-ms-return-client-request-id": "true",
        "x-ms-version": "2019-02-02"
      },
      "RequestBody": {
        "TableName": "testtablew8v0kzax"
      },
      "StatusCode": 201,
      "ResponseHeaders": {
        "Cache-Control": "no-cache",
        "Content-Type": "application/json; odata=minimalmetadata; streaming=true; charset=utf-8",
        "Date": "Thu, 20 Aug 2020 18:33:26 GMT",
        "Location": "https://t6d9ba26493dd43beprim.table.core.windows.net/Tables(\u0027testtablew8v0kzax\u0027)",
        "Server": [
          "Windows-Azure-Table/1.0",
          "Microsoft-HTTPAPI/2.0"
        ],
        "Transfer-Encoding": "chunked",
        "X-Content-Type-Options": "nosniff",
        "x-ms-client-request-id": "02652e9af6cff0d4bee16cee55ab13f3",
        "x-ms-request-id": "ac01dd12-2002-004b-3620-77c847000000",
        "x-ms-version": "2019-02-02"
      },
      "ResponseBody": {
        "odata.metadata": "https://t6d9ba26493dd43beprim.table.core.windows.net/$metadata#Tables/@Element",
        "TableName": "testtablew8v0kzax"
      }
    },
    {
      "RequestUri": "https://t6d9ba26493dd43beprim.table.core.windows.net/Tables?$format=application%2Fjson%3Bodata%3Dminimalmetadata",
      "RequestMethod": "POST",
      "RequestHeaders": {
        "Accept": [
          "application/json",
          "application/json; odata=minimalmetadata"
        ],
        "Authorization": "Sanitized",
        "Content-Length": "33",
        "Content-Type": "application/json; odata=nometadata",
        "DataServiceVersion": "3.0",
        "traceparent": "00-3f4637897be37c4994e95fa7f2522e11-d3a11fab8fc2a840-00",
        "User-Agent": [
          "azsdk-net-Data.Tables/1.0.0-dev.20200820.2",
          "(.NET Core 4.6.27514.02; Microsoft Windows 10.0.17763 )"
        ],
        "x-ms-client-request-id": "77e94abce533d92c5421547036f04f0b",
        "x-ms-date": "Thu, 20 Aug 2020 18:33:26 GMT",
        "x-ms-return-client-request-id": "true",
        "x-ms-version": "2019-02-02"
      },
      "RequestBody": {
        "TableName": "testtablehiw8h3cq"
      },
      "StatusCode": 201,
      "ResponseHeaders": {
        "Cache-Control": "no-cache",
        "Content-Type": "application/json; odata=minimalmetadata; streaming=true; charset=utf-8",
        "Date": "Thu, 20 Aug 2020 18:33:26 GMT",
        "Location": "https://t6d9ba26493dd43beprim.table.core.windows.net/Tables(\u0027testtablehiw8h3cq\u0027)",
        "Server": [
          "Windows-Azure-Table/1.0",
          "Microsoft-HTTPAPI/2.0"
        ],
        "Transfer-Encoding": "chunked",
        "X-Content-Type-Options": "nosniff",
        "x-ms-client-request-id": "77e94abce533d92c5421547036f04f0b",
        "x-ms-request-id": "ac01dd17-2002-004b-3820-77c847000000",
        "x-ms-version": "2019-02-02"
      },
      "ResponseBody": {
        "odata.metadata": "https://t6d9ba26493dd43beprim.table.core.windows.net/$metadata#Tables/@Element",
        "TableName": "testtablehiw8h3cq"
      }
    },
    {
      "RequestUri": "https://t6d9ba26493dd43beprim.table.core.windows.net/Tables?$format=application%2Fjson%3Bodata%3Dminimalmetadata",
      "RequestMethod": "POST",
      "RequestHeaders": {
        "Accept": [
          "application/json",
          "application/json; odata=minimalmetadata"
        ],
        "Authorization": "Sanitized",
        "Content-Length": "33",
        "Content-Type": "application/json; odata=nometadata",
        "DataServiceVersion": "3.0",
        "traceparent": "00-bfae1f991f0bdf448158c875202274eb-32bc32ea8be2f541-00",
        "User-Agent": [
          "azsdk-net-Data.Tables/1.0.0-dev.20200820.2",
          "(.NET Core 4.6.27514.02; Microsoft Windows 10.0.17763 )"
        ],
        "x-ms-client-request-id": "984f2f1353ffef7bd98645850d5dbcd9",
        "x-ms-date": "Thu, 20 Aug 2020 18:33:26 GMT",
        "x-ms-return-client-request-id": "true",
        "x-ms-version": "2019-02-02"
      },
      "RequestBody": {
        "TableName": "testtablewe6y0yh4"
      },
      "StatusCode": 201,
      "ResponseHeaders": {
        "Cache-Control": "no-cache",
        "Content-Type": "application/json; odata=minimalmetadata; streaming=true; charset=utf-8",
        "Date": "Thu, 20 Aug 2020 18:33:26 GMT",
        "Location": "https://t6d9ba26493dd43beprim.table.core.windows.net/Tables(\u0027testtablewe6y0yh4\u0027)",
        "Server": [
          "Windows-Azure-Table/1.0",
          "Microsoft-HTTPAPI/2.0"
        ],
        "Transfer-Encoding": "chunked",
        "X-Content-Type-Options": "nosniff",
        "x-ms-client-request-id": "984f2f1353ffef7bd98645850d5dbcd9",
        "x-ms-request-id": "ac01dd1a-2002-004b-3a20-77c847000000",
        "x-ms-version": "2019-02-02"
      },
      "ResponseBody": {
        "odata.metadata": "https://t6d9ba26493dd43beprim.table.core.windows.net/$metadata#Tables/@Element",
        "TableName": "testtablewe6y0yh4"
      }
    },
    {
      "RequestUri": "https://t6d9ba26493dd43beprim.table.core.windows.net/Tables?$format=application%2Fjson%3Bodata%3Dminimalmetadata",
      "RequestMethod": "POST",
      "RequestHeaders": {
        "Accept": [
          "application/json",
          "application/json; odata=minimalmetadata"
        ],
        "Authorization": "Sanitized",
        "Content-Length": "33",
        "Content-Type": "application/json; odata=nometadata",
        "DataServiceVersion": "3.0",
        "traceparent": "00-8391ef299dc67e46a44d7e0d8ae4c134-446f18f11a5ac74b-00",
        "User-Agent": [
          "azsdk-net-Data.Tables/1.0.0-dev.20200820.2",
          "(.NET Core 4.6.27514.02; Microsoft Windows 10.0.17763 )"
        ],
        "x-ms-client-request-id": "7e4bc7a1bfd9c461867b63039594da01",
        "x-ms-date": "Thu, 20 Aug 2020 18:33:26 GMT",
        "x-ms-return-client-request-id": "true",
        "x-ms-version": "2019-02-02"
      },
      "RequestBody": {
        "TableName": "testtablehun9spbb"
      },
      "StatusCode": 201,
      "ResponseHeaders": {
        "Cache-Control": "no-cache",
        "Content-Type": "application/json; odata=minimalmetadata; streaming=true; charset=utf-8",
        "Date": "Thu, 20 Aug 2020 18:33:26 GMT",
        "Location": "https://t6d9ba26493dd43beprim.table.core.windows.net/Tables(\u0027testtablehun9spbb\u0027)",
        "Server": [
          "Windows-Azure-Table/1.0",
          "Microsoft-HTTPAPI/2.0"
        ],
        "Transfer-Encoding": "chunked",
        "X-Content-Type-Options": "nosniff",
        "x-ms-client-request-id": "7e4bc7a1bfd9c461867b63039594da01",
        "x-ms-request-id": "ac01dd27-2002-004b-4620-77c847000000",
        "x-ms-version": "2019-02-02"
      },
      "ResponseBody": {
        "odata.metadata": "https://t6d9ba26493dd43beprim.table.core.windows.net/$metadata#Tables/@Element",
        "TableName": "testtablehun9spbb"
      }
    },
    {
      "RequestUri": "https://t6d9ba26493dd43beprim.table.core.windows.net/Tables?$format=application%2Fjson%3Bodata%3Dminimalmetadata",
      "RequestMethod": "POST",
      "RequestHeaders": {
        "Accept": [
          "application/json",
          "application/json; odata=minimalmetadata"
        ],
        "Authorization": "Sanitized",
        "Content-Length": "33",
        "Content-Type": "application/json; odata=nometadata",
        "DataServiceVersion": "3.0",
        "traceparent": "00-674401639e85884998be31e78a0d435e-83f61baca3c6fa45-00",
        "User-Agent": [
          "azsdk-net-Data.Tables/1.0.0-dev.20200820.2",
          "(.NET Core 4.6.27514.02; Microsoft Windows 10.0.17763 )"
        ],
        "x-ms-client-request-id": "ebe0f754905e71167257f63707fd151a",
        "x-ms-date": "Thu, 20 Aug 2020 18:33:26 GMT",
        "x-ms-return-client-request-id": "true",
        "x-ms-version": "2019-02-02"
      },
      "RequestBody": {
        "TableName": "testtableyabu2sii"
      },
      "StatusCode": 201,
      "ResponseHeaders": {
        "Cache-Control": "no-cache",
        "Content-Type": "application/json; odata=minimalmetadata; streaming=true; charset=utf-8",
        "Date": "Thu, 20 Aug 2020 18:33:26 GMT",
        "Location": "https://t6d9ba26493dd43beprim.table.core.windows.net/Tables(\u0027testtableyabu2sii\u0027)",
        "Server": [
          "Windows-Azure-Table/1.0",
          "Microsoft-HTTPAPI/2.0"
        ],
        "Transfer-Encoding": "chunked",
        "X-Content-Type-Options": "nosniff",
        "x-ms-client-request-id": "ebe0f754905e71167257f63707fd151a",
        "x-ms-request-id": "ac01dd3e-2002-004b-5c20-77c847000000",
        "x-ms-version": "2019-02-02"
      },
      "ResponseBody": {
        "odata.metadata": "https://t6d9ba26493dd43beprim.table.core.windows.net/$metadata#Tables/@Element",
        "TableName": "testtableyabu2sii"
      }
    },
    {
      "RequestUri": "https://t6d9ba26493dd43beprim.table.core.windows.net/Tables?$format=application%2Fjson%3Bodata%3Dminimalmetadata",
      "RequestMethod": "POST",
      "RequestHeaders": {
        "Accept": [
          "application/json",
          "application/json; odata=minimalmetadata"
        ],
        "Authorization": "Sanitized",
        "Content-Length": "33",
        "Content-Type": "application/json; odata=nometadata",
        "DataServiceVersion": "3.0",
        "traceparent": "00-353ba8eebeb2cc458c6e1cb385c29c46-70fe83ff7f24b945-00",
        "User-Agent": [
          "azsdk-net-Data.Tables/1.0.0-dev.20200820.2",
          "(.NET Core 4.6.27514.02; Microsoft Windows 10.0.17763 )"
        ],
        "x-ms-client-request-id": "f28e99b70c0bd64dca4729e2de7665f6",
        "x-ms-date": "Thu, 20 Aug 2020 18:33:26 GMT",
        "x-ms-return-client-request-id": "true",
        "x-ms-version": "2019-02-02"
      },
      "RequestBody": {
        "TableName": "testtablepfz3b0i2"
      },
      "StatusCode": 201,
      "ResponseHeaders": {
        "Cache-Control": "no-cache",
        "Content-Type": "application/json; odata=minimalmetadata; streaming=true; charset=utf-8",
        "Date": "Thu, 20 Aug 2020 18:33:26 GMT",
        "Location": "https://t6d9ba26493dd43beprim.table.core.windows.net/Tables(\u0027testtablepfz3b0i2\u0027)",
        "Server": [
          "Windows-Azure-Table/1.0",
          "Microsoft-HTTPAPI/2.0"
        ],
        "Transfer-Encoding": "chunked",
        "X-Content-Type-Options": "nosniff",
        "x-ms-client-request-id": "f28e99b70c0bd64dca4729e2de7665f6",
        "x-ms-request-id": "ac01dd59-2002-004b-7620-77c847000000",
        "x-ms-version": "2019-02-02"
      },
      "ResponseBody": {
        "odata.metadata": "https://t6d9ba26493dd43beprim.table.core.windows.net/$metadata#Tables/@Element",
        "TableName": "testtablepfz3b0i2"
      }
    },
    {
      "RequestUri": "https://t6d9ba26493dd43beprim.table.core.windows.net/Tables?$format=application%2Fjson%3Bodata%3Dminimalmetadata",
      "RequestMethod": "POST",
      "RequestHeaders": {
        "Accept": [
          "application/json",
          "application/json; odata=minimalmetadata"
        ],
        "Authorization": "Sanitized",
        "Content-Length": "33",
        "Content-Type": "application/json; odata=nometadata",
        "DataServiceVersion": "3.0",
        "traceparent": "00-39ea29927e8f4f4e9f7ded3735f6d358-88b212db7d75b149-00",
        "User-Agent": [
          "azsdk-net-Data.Tables/1.0.0-dev.20200820.2",
          "(.NET Core 4.6.27514.02; Microsoft Windows 10.0.17763 )"
        ],
        "x-ms-client-request-id": "298c7c4f6acb9b0ab2bf33c501236566",
        "x-ms-date": "Thu, 20 Aug 2020 18:33:26 GMT",
        "x-ms-return-client-request-id": "true",
        "x-ms-version": "2019-02-02"
      },
      "RequestBody": {
        "TableName": "testtable3ab94esl"
      },
      "StatusCode": 201,
      "ResponseHeaders": {
        "Cache-Control": "no-cache",
        "Content-Type": "application/json; odata=minimalmetadata; streaming=true; charset=utf-8",
        "Date": "Thu, 20 Aug 2020 18:33:26 GMT",
        "Location": "https://t6d9ba26493dd43beprim.table.core.windows.net/Tables(\u0027testtable3ab94esl\u0027)",
        "Server": [
          "Windows-Azure-Table/1.0",
          "Microsoft-HTTPAPI/2.0"
        ],
        "Transfer-Encoding": "chunked",
        "X-Content-Type-Options": "nosniff",
        "x-ms-client-request-id": "298c7c4f6acb9b0ab2bf33c501236566",
        "x-ms-request-id": "ac01dd72-2002-004b-0e20-77c847000000",
        "x-ms-version": "2019-02-02"
      },
      "ResponseBody": {
        "odata.metadata": "https://t6d9ba26493dd43beprim.table.core.windows.net/$metadata#Tables/@Element",
        "TableName": "testtable3ab94esl"
      }
    },
    {
      "RequestUri": "https://t6d9ba26493dd43beprim.table.core.windows.net/Tables?$format=application%2Fjson%3Bodata%3Dminimalmetadata",
      "RequestMethod": "POST",
      "RequestHeaders": {
        "Accept": [
          "application/json",
          "application/json; odata=minimalmetadata"
        ],
        "Authorization": "Sanitized",
        "Content-Length": "33",
        "Content-Type": "application/json; odata=nometadata",
        "DataServiceVersion": "3.0",
        "traceparent": "00-59efe7207b91684587a1a7e2f672bf51-a25a44b3e70bba49-00",
        "User-Agent": [
          "azsdk-net-Data.Tables/1.0.0-dev.20200820.2",
          "(.NET Core 4.6.27514.02; Microsoft Windows 10.0.17763 )"
        ],
        "x-ms-client-request-id": "082d081b062714829fe5a28e80230b5f",
        "x-ms-date": "Thu, 20 Aug 2020 18:33:26 GMT",
        "x-ms-return-client-request-id": "true",
        "x-ms-version": "2019-02-02"
      },
      "RequestBody": {
        "TableName": "testtableiury2tn6"
      },
      "StatusCode": 201,
      "ResponseHeaders": {
        "Cache-Control": "no-cache",
        "Content-Type": "application/json; odata=minimalmetadata; streaming=true; charset=utf-8",
        "Date": "Thu, 20 Aug 2020 18:33:26 GMT",
        "Location": "https://t6d9ba26493dd43beprim.table.core.windows.net/Tables(\u0027testtableiury2tn6\u0027)",
        "Server": [
          "Windows-Azure-Table/1.0",
          "Microsoft-HTTPAPI/2.0"
        ],
        "Transfer-Encoding": "chunked",
        "X-Content-Type-Options": "nosniff",
        "x-ms-client-request-id": "082d081b062714829fe5a28e80230b5f",
        "x-ms-request-id": "ac01dd8d-2002-004b-2820-77c847000000",
        "x-ms-version": "2019-02-02"
      },
      "ResponseBody": {
        "odata.metadata": "https://t6d9ba26493dd43beprim.table.core.windows.net/$metadata#Tables/@Element",
        "TableName": "testtableiury2tn6"
      }
    },
    {
      "RequestUri": "https://t6d9ba26493dd43beprim.table.core.windows.net/Tables?$format=application%2Fjson%3Bodata%3Dminimalmetadata\u0026$filter=TableName%20eq%20%27testtable9cqd6ut9%27",
      "RequestMethod": "GET",
      "RequestHeaders": {
        "Accept": [
          "application/json",
          "application/json; odata=minimalmetadata"
        ],
        "Authorization": "Sanitized",
        "DataServiceVersion": "3.0",
        "User-Agent": [
          "azsdk-net-Data.Tables/1.0.0-dev.20200820.2",
          "(.NET Core 4.6.27514.02; Microsoft Windows 10.0.17763 )"
        ],
        "x-ms-client-request-id": "1f2f8d3ca04341f48c2a337e3538d41d",
        "x-ms-date": "Thu, 20 Aug 2020 18:33:26 GMT",
        "x-ms-return-client-request-id": "true",
        "x-ms-version": "2019-02-02"
      },
      "RequestBody": null,
      "StatusCode": 200,
      "ResponseHeaders": {
        "Cache-Control": "no-cache",
        "Content-Type": "application/json; odata=minimalmetadata; streaming=true; charset=utf-8",
        "Date": "Thu, 20 Aug 2020 18:33:26 GMT",
        "Server": [
          "Windows-Azure-Table/1.0",
          "Microsoft-HTTPAPI/2.0"
        ],
        "Transfer-Encoding": "chunked",
        "X-Content-Type-Options": "nosniff",
        "x-ms-client-request-id": "1f2f8d3ca04341f48c2a337e3538d41d",
        "x-ms-request-id": "ac01dda9-2002-004b-4320-77c847000000",
        "x-ms-version": "2019-02-02"
      },
      "ResponseBody": {
        "odata.metadata": "https://t6d9ba26493dd43beprim.table.core.windows.net/$metadata#Tables",
        "value": [
          {
            "TableName": "testtable9cqd6ut9"
          }
        ]
      }
    },
    {
      "RequestUri": "https://t6d9ba26493dd43beprim.table.core.windows.net/Tables(\u0027testtablekudhucwx\u0027)",
      "RequestMethod": "DELETE",
      "RequestHeaders": {
        "Accept": [
          "application/json",
          "application/json"
        ],
        "Authorization": "Sanitized",
        "traceparent": "00-ecc8f73c178cf949a56f23faa12f3ff7-902ba1a996a56c47-00",
        "User-Agent": [
          "azsdk-net-Data.Tables/1.0.0-dev.20200820.2",
          "(.NET Core 4.6.27514.02; Microsoft Windows 10.0.17763 )"
        ],
        "x-ms-client-request-id": "c30ede41023cac743c1e251b80d7e6e6",
        "x-ms-date": "Thu, 20 Aug 2020 18:33:26 GMT",
        "x-ms-return-client-request-id": "true",
        "x-ms-version": "2019-02-02"
      },
      "RequestBody": null,
      "StatusCode": 204,
      "ResponseHeaders": {
        "Cache-Control": "no-cache",
        "Content-Length": "0",
        "Date": "Thu, 20 Aug 2020 18:33:26 GMT",
        "Server": [
          "Windows-Azure-Table/1.0",
          "Microsoft-HTTPAPI/2.0"
        ],
        "X-Content-Type-Options": "nosniff",
        "x-ms-client-request-id": "c30ede41023cac743c1e251b80d7e6e6",
        "x-ms-request-id": "ac01ddc7-2002-004b-6120-77c847000000",
        "x-ms-version": "2019-02-02"
      },
      "ResponseBody": []
    },
    {
      "RequestUri": "https://t6d9ba26493dd43beprim.table.core.windows.net/Tables(\u0027testtablevkcwdk2z\u0027)",
      "RequestMethod": "DELETE",
      "RequestHeaders": {
        "Accept": [
          "application/json",
          "application/json"
        ],
        "Authorization": "Sanitized",
        "traceparent": "00-bc2ca15617e2604fbe17b38868951cd5-4902e30fb1250547-00",
        "User-Agent": [
          "azsdk-net-Data.Tables/1.0.0-dev.20200820.2",
          "(.NET Core 4.6.27514.02; Microsoft Windows 10.0.17763 )"
        ],
        "x-ms-client-request-id": "46830d141c027a6a14ec7bfdd204df66",
        "x-ms-date": "Thu, 20 Aug 2020 18:33:26 GMT",
        "x-ms-return-client-request-id": "true",
        "x-ms-version": "2019-02-02"
      },
      "RequestBody": null,
      "StatusCode": 204,
      "ResponseHeaders": {
        "Cache-Control": "no-cache",
        "Content-Length": "0",
        "Date": "Thu, 20 Aug 2020 18:33:26 GMT",
        "Server": [
          "Windows-Azure-Table/1.0",
          "Microsoft-HTTPAPI/2.0"
        ],
        "X-Content-Type-Options": "nosniff",
        "x-ms-client-request-id": "46830d141c027a6a14ec7bfdd204df66",
        "x-ms-request-id": "ac01dde5-2002-004b-7f20-77c847000000",
        "x-ms-version": "2019-02-02"
      },
      "ResponseBody": []
    },
    {
      "RequestUri": "https://t6d9ba26493dd43beprim.table.core.windows.net/Tables(\u0027testtablew8v0kzax\u0027)",
      "RequestMethod": "DELETE",
      "RequestHeaders": {
        "Accept": [
          "application/json",
          "application/json"
        ],
        "Authorization": "Sanitized",
        "traceparent": "00-55bd78133eabe44b9757222c57dfb872-a58be821e9892643-00",
        "User-Agent": [
          "azsdk-net-Data.Tables/1.0.0-dev.20200820.2",
          "(.NET Core 4.6.27514.02; Microsoft Windows 10.0.17763 )"
        ],
        "x-ms-client-request-id": "a24d851147153a231983e2247bd8c0b4",
        "x-ms-date": "Thu, 20 Aug 2020 18:33:26 GMT",
        "x-ms-return-client-request-id": "true",
        "x-ms-version": "2019-02-02"
      },
      "RequestBody": null,
      "StatusCode": 204,
      "ResponseHeaders": {
        "Cache-Control": "no-cache",
        "Content-Length": "0",
        "Date": "Thu, 20 Aug 2020 18:33:26 GMT",
        "Server": [
          "Windows-Azure-Table/1.0",
          "Microsoft-HTTPAPI/2.0"
        ],
        "X-Content-Type-Options": "nosniff",
        "x-ms-client-request-id": "a24d851147153a231983e2247bd8c0b4",
        "x-ms-request-id": "ac01de03-2002-004b-1d20-77c847000000",
        "x-ms-version": "2019-02-02"
      },
      "ResponseBody": []
    },
    {
      "RequestUri": "https://t6d9ba26493dd43beprim.table.core.windows.net/Tables(\u0027testtablehiw8h3cq\u0027)",
      "RequestMethod": "DELETE",
      "RequestHeaders": {
        "Accept": [
          "application/json",
          "application/json"
        ],
        "Authorization": "Sanitized",
        "traceparent": "00-873a1eec5e89434f836cd0dffe797760-1b947cf1d7804b49-00",
        "User-Agent": [
          "azsdk-net-Data.Tables/1.0.0-dev.20200820.2",
          "(.NET Core 4.6.27514.02; Microsoft Windows 10.0.17763 )"
        ],
        "x-ms-client-request-id": "27694d448eb5251a7393af4f8677da38",
        "x-ms-date": "Thu, 20 Aug 2020 18:33:27 GMT",
        "x-ms-return-client-request-id": "true",
        "x-ms-version": "2019-02-02"
      },
      "RequestBody": null,
      "StatusCode": 204,
      "ResponseHeaders": {
        "Cache-Control": "no-cache",
        "Content-Length": "0",
        "Date": "Thu, 20 Aug 2020 18:33:27 GMT",
        "Server": [
          "Windows-Azure-Table/1.0",
          "Microsoft-HTTPAPI/2.0"
        ],
        "X-Content-Type-Options": "nosniff",
        "x-ms-client-request-id": "27694d448eb5251a7393af4f8677da38",
        "x-ms-request-id": "ac01de1e-2002-004b-3820-77c847000000",
        "x-ms-version": "2019-02-02"
      },
      "ResponseBody": []
    },
    {
      "RequestUri": "https://t6d9ba26493dd43beprim.table.core.windows.net/Tables(\u0027testtablewe6y0yh4\u0027)",
      "RequestMethod": "DELETE",
      "RequestHeaders": {
        "Accept": [
          "application/json",
          "application/json"
        ],
        "Authorization": "Sanitized",
        "traceparent": "00-f103638f1ac73240bacb0564bf65e466-e03732ca4f9bb94c-00",
        "User-Agent": [
          "azsdk-net-Data.Tables/1.0.0-dev.20200820.2",
          "(.NET Core 4.6.27514.02; Microsoft Windows 10.0.17763 )"
        ],
        "x-ms-client-request-id": "fb0abe3f438accd1ea492c7f3946ff3b",
        "x-ms-date": "Thu, 20 Aug 2020 18:33:27 GMT",
        "x-ms-return-client-request-id": "true",
        "x-ms-version": "2019-02-02"
      },
      "RequestBody": null,
      "StatusCode": 204,
      "ResponseHeaders": {
        "Cache-Control": "no-cache",
        "Content-Length": "0",
        "Date": "Thu, 20 Aug 2020 18:33:27 GMT",
        "Server": [
          "Windows-Azure-Table/1.0",
          "Microsoft-HTTPAPI/2.0"
        ],
        "X-Content-Type-Options": "nosniff",
        "x-ms-client-request-id": "fb0abe3f438accd1ea492c7f3946ff3b",
        "x-ms-request-id": "ac01de2d-2002-004b-4720-77c847000000",
        "x-ms-version": "2019-02-02"
      },
      "ResponseBody": []
    },
    {
      "RequestUri": "https://t6d9ba26493dd43beprim.table.core.windows.net/Tables(\u0027testtablehun9spbb\u0027)",
      "RequestMethod": "DELETE",
      "RequestHeaders": {
        "Accept": [
          "application/json",
          "application/json"
        ],
        "Authorization": "Sanitized",
        "traceparent": "00-c9d45f2f33f3f541b62b711875261142-79ae548d069bb94c-00",
        "User-Agent": [
          "azsdk-net-Data.Tables/1.0.0-dev.20200820.2",
          "(.NET Core 4.6.27514.02; Microsoft Windows 10.0.17763 )"
        ],
        "x-ms-client-request-id": "85b8c72cb79a83b16b272e8198d3b4a2",
        "x-ms-date": "Thu, 20 Aug 2020 18:33:27 GMT",
        "x-ms-return-client-request-id": "true",
        "x-ms-version": "2019-02-02"
      },
      "RequestBody": null,
      "StatusCode": 204,
      "ResponseHeaders": {
        "Cache-Control": "no-cache",
        "Content-Length": "0",
        "Date": "Thu, 20 Aug 2020 18:33:27 GMT",
        "Server": [
          "Windows-Azure-Table/1.0",
          "Microsoft-HTTPAPI/2.0"
        ],
        "X-Content-Type-Options": "nosniff",
        "x-ms-client-request-id": "85b8c72cb79a83b16b272e8198d3b4a2",
        "x-ms-request-id": "ac01de33-2002-004b-4d20-77c847000000",
        "x-ms-version": "2019-02-02"
      },
      "ResponseBody": []
    },
    {
      "RequestUri": "https://t6d9ba26493dd43beprim.table.core.windows.net/Tables(\u0027testtableyabu2sii\u0027)",
      "RequestMethod": "DELETE",
      "RequestHeaders": {
        "Accept": [
          "application/json",
          "application/json"
        ],
        "Authorization": "Sanitized",
        "traceparent": "00-0fdd3f6ef9089147b08f9e9e76b1b127-851452944bab2c45-00",
        "User-Agent": [
          "azsdk-net-Data.Tables/1.0.0-dev.20200820.2",
          "(.NET Core 4.6.27514.02; Microsoft Windows 10.0.17763 )"
        ],
        "x-ms-client-request-id": "bce4aaa8c4cd002a7b9d3d6b629aeb2d",
        "x-ms-date": "Thu, 20 Aug 2020 18:33:27 GMT",
        "x-ms-return-client-request-id": "true",
        "x-ms-version": "2019-02-02"
      },
      "RequestBody": null,
      "StatusCode": 204,
      "ResponseHeaders": {
        "Cache-Control": "no-cache",
        "Content-Length": "0",
        "Date": "Thu, 20 Aug 2020 18:33:27 GMT",
        "Server": [
          "Windows-Azure-Table/1.0",
          "Microsoft-HTTPAPI/2.0"
        ],
        "X-Content-Type-Options": "nosniff",
        "x-ms-client-request-id": "bce4aaa8c4cd002a7b9d3d6b629aeb2d",
        "x-ms-request-id": "ac01de38-2002-004b-5220-77c847000000",
        "x-ms-version": "2019-02-02"
      },
      "ResponseBody": []
    },
    {
      "RequestUri": "https://t6d9ba26493dd43beprim.table.core.windows.net/Tables(\u0027testtablepfz3b0i2\u0027)",
      "RequestMethod": "DELETE",
      "RequestHeaders": {
        "Accept": [
          "application/json",
          "application/json"
        ],
        "Authorization": "Sanitized",
        "traceparent": "00-7d7bd8613273e54a81a362cbe6c7c173-ccbb32b4e7f35949-00",
        "User-Agent": [
          "azsdk-net-Data.Tables/1.0.0-dev.20200820.2",
          "(.NET Core 4.6.27514.02; Microsoft Windows 10.0.17763 )"
        ],
        "x-ms-client-request-id": "be22739454be889d0d87906215503416",
        "x-ms-date": "Thu, 20 Aug 2020 18:33:27 GMT",
        "x-ms-return-client-request-id": "true",
        "x-ms-version": "2019-02-02"
      },
      "RequestBody": null,
      "StatusCode": 204,
      "ResponseHeaders": {
        "Cache-Control": "no-cache",
        "Content-Length": "0",
        "Date": "Thu, 20 Aug 2020 18:33:27 GMT",
        "Server": [
          "Windows-Azure-Table/1.0",
          "Microsoft-HTTPAPI/2.0"
        ],
        "X-Content-Type-Options": "nosniff",
        "x-ms-client-request-id": "be22739454be889d0d87906215503416",
        "x-ms-request-id": "ac01de3d-2002-004b-5720-77c847000000",
        "x-ms-version": "2019-02-02"
      },
      "ResponseBody": []
    },
    {
      "RequestUri": "https://t6d9ba26493dd43beprim.table.core.windows.net/Tables(\u0027testtable3ab94esl\u0027)",
      "RequestMethod": "DELETE",
      "RequestHeaders": {
        "Accept": [
          "application/json",
          "application/json"
        ],
        "Authorization": "Sanitized",
        "traceparent": "00-30e9a040289c9543b42380b71cf0bfd5-ab1e8034f45c8f45-00",
        "User-Agent": [
          "azsdk-net-Data.Tables/1.0.0-dev.20200820.2",
          "(.NET Core 4.6.27514.02; Microsoft Windows 10.0.17763 )"
        ],
        "x-ms-client-request-id": "8fd689944361686d9cb709fd794520d0",
        "x-ms-date": "Thu, 20 Aug 2020 18:33:27 GMT",
        "x-ms-return-client-request-id": "true",
        "x-ms-version": "2019-02-02"
      },
      "RequestBody": null,
      "StatusCode": 204,
      "ResponseHeaders": {
        "Cache-Control": "no-cache",
        "Content-Length": "0",
        "Date": "Thu, 20 Aug 2020 18:33:27 GMT",
        "Server": [
          "Windows-Azure-Table/1.0",
          "Microsoft-HTTPAPI/2.0"
        ],
        "X-Content-Type-Options": "nosniff",
        "x-ms-client-request-id": "8fd689944361686d9cb709fd794520d0",
        "x-ms-request-id": "ac01de44-2002-004b-5d20-77c847000000",
        "x-ms-version": "2019-02-02"
      },
      "ResponseBody": []
    },
    {
      "RequestUri": "https://t6d9ba26493dd43beprim.table.core.windows.net/Tables(\u0027testtableiury2tn6\u0027)",
      "RequestMethod": "DELETE",
      "RequestHeaders": {
        "Accept": [
          "application/json",
          "application/json"
        ],
        "Authorization": "Sanitized",
        "traceparent": "00-9b8d9b2d9caf964dbdebd2363deb8da4-b2be10b86330334d-00",
        "User-Agent": [
          "azsdk-net-Data.Tables/1.0.0-dev.20200820.2",
          "(.NET Core 4.6.27514.02; Microsoft Windows 10.0.17763 )"
        ],
        "x-ms-client-request-id": "24ed013cf5b154e30d5baf4634c8eb2b",
        "x-ms-date": "Thu, 20 Aug 2020 18:33:27 GMT",
        "x-ms-return-client-request-id": "true",
        "x-ms-version": "2019-02-02"
      },
      "RequestBody": null,
      "StatusCode": 204,
      "ResponseHeaders": {
        "Cache-Control": "no-cache",
        "Content-Length": "0",
        "Date": "Thu, 20 Aug 2020 18:33:27 GMT",
        "Server": [
          "Windows-Azure-Table/1.0",
          "Microsoft-HTTPAPI/2.0"
        ],
        "X-Content-Type-Options": "nosniff",
        "x-ms-client-request-id": "24ed013cf5b154e30d5baf4634c8eb2b",
        "x-ms-request-id": "ac01de4a-2002-004b-6320-77c847000000",
        "x-ms-version": "2019-02-02"
      },
      "ResponseBody": []
    },
    {
      "RequestUri": "https://t6d9ba26493dd43beprim.table.core.windows.net/Tables(\u0027testtable9cqd6ut9\u0027)",
      "RequestMethod": "DELETE",
      "RequestHeaders": {
        "Accept": [
          "application/json",
          "application/json"
        ],
        "Authorization": "Sanitized",
        "traceparent": "00-edf6c6684476f8439e36767db0d0e515-d66658579b7ebd4f-00",
        "User-Agent": [
          "azsdk-net-Data.Tables/1.0.0-dev.20200820.2",
          "(.NET Core 4.6.27514.02; Microsoft Windows 10.0.17763 )"
        ],
        "x-ms-client-request-id": "d8d727685cc451cb05ba22074b9f0fc7",
        "x-ms-date": "Thu, 20 Aug 2020 18:33:27 GMT",
        "x-ms-return-client-request-id": "true",
        "x-ms-version": "2019-02-02"
      },
      "RequestBody": null,
      "StatusCode": 204,
      "ResponseHeaders": {
        "Cache-Control": "no-cache",
        "Content-Length": "0",
        "Date": "Thu, 20 Aug 2020 18:33:27 GMT",
        "Server": [
          "Windows-Azure-Table/1.0",
          "Microsoft-HTTPAPI/2.0"
        ],
        "X-Content-Type-Options": "nosniff",
        "x-ms-client-request-id": "d8d727685cc451cb05ba22074b9f0fc7",
        "x-ms-request-id": "ac01de4e-2002-004b-6720-77c847000000",
        "x-ms-version": "2019-02-02"
      },
      "ResponseBody": []
    }
  ],
  "Variables": {
    "RandomSeed": "1360834546",
    "TABLES_PRIMARY_STORAGE_ACCOUNT_KEY": "Sanitized",
    "TABLES_STORAGE_ACCOUNT_NAME": "t6d9ba26493dd43beprim"
  }
}