{
  "Entries": [
    {
      "RequestUri": "https://management.azure.com/subscriptions/326100e2-f69d-4268-8503-075374f62b6e?api-version=2021-01-01",
      "RequestMethod": "GET",
      "RequestHeaders": {
        "Accept": "application/json",
        "Authorization": "Sanitized",
        "traceparent": "00-aa537dbd2c448b43be376d101f5c747d-5c2bd020b854ed5c-00",
        "User-Agent": "azsdk-net-ResourceManager/1.3.2 (.NET 6.0.13; Microsoft Windows 10.0.19044)",
        "x-ms-client-request-id": "34a96537e9c4397bca428113491f4d89",
        "x-ms-return-client-request-id": "true"
      },
      "RequestBody": null,
      "StatusCode": 200,
      "ResponseHeaders": {
        "Cache-Control": "no-cache",
        "Content-Length": "460",
        "Content-Type": "application/json; charset=utf-8",
        "Date": "Wed, 01 Feb 2023 08:24:07 GMT",
        "Expires": "-1",
        "Pragma": "no-cache",
        "Strict-Transport-Security": "max-age=31536000; includeSubDomains",
        "X-Content-Type-Options": "nosniff",
        "x-ms-correlation-request-id": "67527d3f-9ec4-4798-9ad3-c541bc0be347",
        "x-ms-ratelimit-remaining-subscription-reads": "11568",
        "x-ms-request-id": "67527d3f-9ec4-4798-9ad3-c541bc0be347",
        "x-ms-routing-request-id": "SOUTHCENTRALUS:20230201T082407Z:67527d3f-9ec4-4798-9ad3-c541bc0be347"
      },
      "ResponseBody": {
        "id": "/subscriptions/326100e2-f69d-4268-8503-075374f62b6e",
        "authorizationSource": "RoleBased",
        "managedByTenants": [
          {
            "tenantId": "2f4a9838-26b7-47ee-be60-ccc1fdec5953"
          }
        ],
        "subscriptionId": "326100e2-f69d-4268-8503-075374f62b6e",
        "tenantId": "72f988bf-86f1-41af-91ab-2d7cd011db47",
        "displayName": "Azure Messaging PM Playground",
        "state": "Enabled",
        "subscriptionPolicies": {
          "locationPlacementId": "Internal_2014-09-01",
          "quotaId": "Internal_2014-09-01",
          "spendingLimit": "Off"
        }
      }
    },
    {
      "RequestUri": "https://management.azure.com/subscriptions/326100e2-f69d-4268-8503-075374f62b6e/providers/Microsoft.ServiceBus/CheckNameAvailability?api-version=2022-10-01-preview",
      "RequestMethod": "POST",
      "RequestHeaders": {
        "Accept": "application/json",
        "Authorization": "Sanitized",
        "Content-Length": "31",
        "Content-Type": "application/json",
        "traceparent": "00-f067fbae17a2753ebdd41f85ca3e1379-6a89f95d5165e77b-00",
        "User-Agent": "azsdk-net-ResourceManager.ServiceBus/1.1.0-alpha.20230201.1 (.NET 6.0.13; Microsoft Windows 10.0.19044)",
        "x-ms-client-request-id": "87d09f6fe76319815f1c668575f6fbba",
        "x-ms-return-client-request-id": "true"
      },
      "RequestBody": {
        "name": "testnamespacemgmt341"
      },
      "StatusCode": 200,
      "ResponseHeaders": {
        "Cache-Control": "no-cache",
        "Content-Length": "53",
        "Content-Type": "application/json; charset=utf-8",
        "Date": "Wed, 01 Feb 2023 08:24:08 GMT",
        "Expires": "-1",
        "Pragma": "no-cache",
        "Server": [
          "Service-Bus-Resource-Provider/SN1",
          "Microsoft-HTTPAPI/2.0"
        ],
        "Server-SB": "Service-Bus-Resource-Provider/SN1",
        "Strict-Transport-Security": "max-age=31536000; includeSubDomains",
        "X-Content-Type-Options": "nosniff",
        "x-ms-client-request-id": "87d09f6fe76319815f1c668575f6fbba",
        "x-ms-correlation-request-id": "4ae1f359-c775-4650-a231-f591bcb16b7c",
        "x-ms-ratelimit-remaining-subscription-writes": "1150",
        "x-ms-request-id": "ae6698ca-237f-43a4-9a53-923318dfb719_M8SN1_M8SN1",
        "x-ms-routing-request-id": "SOUTHCENTRALUS:20230201T082408Z:4ae1f359-c775-4650-a231-f591bcb16b7c"
      },
      "ResponseBody": {
        "nameAvailable": true,
        "reason": "None",
        "message": null
      }
    },
    {
      "RequestUri": "https://management.azure.com/subscriptions/326100e2-f69d-4268-8503-075374f62b6e/resourcegroups/testservicebusRG-6308?api-version=2021-04-01",
      "RequestMethod": "PUT",
      "RequestHeaders": {
        "Accept": "application/json",
        "Authorization": "Sanitized",
        "Content-Length": "44",
        "Content-Type": "application/json",
        "traceparent": "00-aa4b174dfa91ef4e3a65aeda5927e3ef-771db04161f134c9-00",
        "User-Agent": "azsdk-net-ResourceManager/1.3.2 (.NET 6.0.13; Microsoft Windows 10.0.19044)",
        "x-ms-client-request-id": "5a716be3d8c5bb29a107d94f9bd42d48",
        "x-ms-return-client-request-id": "true"
      },
      "RequestBody": {
        "tags": {
          "test": "env"
        },
        "location": "eastus2"
      },
      "StatusCode": 201,
      "ResponseHeaders": {
        "Cache-Control": "no-cache",
        "Content-Length": "262",
        "Content-Type": "application/json; charset=utf-8",
        "Date": "Wed, 01 Feb 2023 08:24:11 GMT",
        "Expires": "-1",
        "Pragma": "no-cache",
        "Strict-Transport-Security": "max-age=31536000; includeSubDomains",
        "X-Content-Type-Options": "nosniff",
        "x-ms-correlation-request-id": "a64ba08e-6a60-427d-826f-183f0d2b1521",
        "x-ms-ratelimit-remaining-subscription-writes": "1049",
        "x-ms-request-id": "a64ba08e-6a60-427d-826f-183f0d2b1521",
        "x-ms-routing-request-id": "SOUTHCENTRALUS:20230201T082411Z:a64ba08e-6a60-427d-826f-183f0d2b1521"
      },
      "ResponseBody": {
        "id": "/subscriptions/326100e2-f69d-4268-8503-075374f62b6e/resourceGroups/testservicebusRG-6308",
        "name": "testservicebusRG-6308",
        "type": "Microsoft.Resources/resourceGroups",
        "location": "eastus2",
        "tags": {
          "test": "env"
        },
        "properties": {
          "provisioningState": "Succeeded"
        }
      }
    },
    {
      "RequestUri": "https://management.azure.com/subscriptions/326100e2-f69d-4268-8503-075374f62b6e/resourceGroups/testservicebusRG-6308/providers/Microsoft.ServiceBus/namespaces/testnamespacemgmt341?api-version=2022-10-01-preview",
      "RequestMethod": "PUT",
      "RequestHeaders": {
        "Accept": "application/json",
        "Authorization": "Sanitized",
        "Content-Length": "48",
        "Content-Type": "application/json",
        "traceparent": "00-ba08faf7f2901c70fd95661c964233f2-f7e186638f717d87-00",
        "User-Agent": "azsdk-net-ResourceManager.ServiceBus/1.1.0-alpha.20230201.1 (.NET 6.0.13; Microsoft Windows 10.0.19044)",
        "x-ms-client-request-id": "1169db2fd475277e1a65cd15b3554b85",
        "x-ms-return-client-request-id": "true"
      },
      "RequestBody": {
        "tags": {},
        "location": "eastus2",
        "properties": {}
      },
      "StatusCode": 200,
      "ResponseHeaders": {
        "Cache-Control": "no-cache",
        "Content-Length": "738",
        "Content-Type": "application/json; charset=utf-8",
        "Date": "Wed, 01 Feb 2023 08:24:13 GMT",
        "Expires": "-1",
        "Pragma": "no-cache",
        "Server": [
          "Service-Bus-Resource-Provider/SN1",
          "Microsoft-HTTPAPI/2.0"
        ],
        "Server-SB": "Service-Bus-Resource-Provider/SN1",
        "Strict-Transport-Security": "max-age=31536000; includeSubDomains",
        "X-Content-Type-Options": "nosniff",
        "x-ms-client-request-id": "1169db2fd475277e1a65cd15b3554b85",
        "x-ms-correlation-request-id": "8dadd5b2-3d1d-4a9e-b401-9915da01e06f",
        "x-ms-ratelimit-remaining-subscription-writes": "1048",
        "x-ms-request-id": "a2a96236-105f-4508-b5e3-f53e91e841e7_M8SN1_M8SN1",
        "x-ms-routing-request-id": "SOUTHCENTRALUS:20230201T082414Z:8dadd5b2-3d1d-4a9e-b401-9915da01e06f"
      },
      "ResponseBody": {
        "sku": {
          "name": "Standard",
          "tier": "Standard"
        },
        "id": "/subscriptions/326100e2-f69d-4268-8503-075374f62b6e/resourceGroups/testservicebusRG-6308/providers/Microsoft.ServiceBus/namespaces/testnamespacemgmt341",
        "name": "testnamespacemgmt341",
        "type": "Microsoft.ServiceBus/Namespaces",
        "location": "East US 2",
        "tags": {},
        "properties": {
          "premiumMessagingPartitions": 0,
          "minimumTlsVersion": "1.2",
          "publicNetworkAccess": "Enabled",
          "disableLocalAuth": false,
          "zoneRedundant": false,
          "provisioningState": "Created",
          "metricId": "326100e2-f69d-4268-8503-075374f62b6e:testnamespacemgmt341",
          "createdAt": "2023-02-01T08:24:13.47Z",
          "updatedAt": "2023-02-01T08:24:13.47Z",
          "serviceBusEndpoint": "https://testnamespacemgmt341.servicebus.windows.net:443/",
          "status": "Activating"
        }
      }
    },
    {
      "RequestUri": "https://management.azure.com/subscriptions/326100e2-f69d-4268-8503-075374f62b6e/resourceGroups/testservicebusRG-6308/providers/Microsoft.ServiceBus/namespaces/testnamespacemgmt341?api-version=2022-10-01-preview",
      "RequestMethod": "GET",
      "RequestHeaders": {
        "Authorization": "Sanitized",
        "traceparent": "00-ba08faf7f2901c70fd95661c964233f2-f5b506aa457a0e09-00",
        "User-Agent": "azsdk-net-ResourceManager/1.3.2 (.NET 6.0.13; Microsoft Windows 10.0.19044)",
        "x-ms-client-request-id": "1b453c38a8920e54ed4940600b14074c",
        "x-ms-return-client-request-id": "true"
      },
      "RequestBody": null,
      "StatusCode": 200,
      "ResponseHeaders": {
        "Cache-Control": "no-cache",
        "Content-Length": "738",
        "Content-Type": "application/json; charset=utf-8",
        "Date": "Wed, 01 Feb 2023 08:24:14 GMT",
        "Expires": "-1",
        "Pragma": "no-cache",
        "Server": [
          "Service-Bus-Resource-Provider/SN1",
          "Microsoft-HTTPAPI/2.0"
        ],
        "Server-SB": "Service-Bus-Resource-Provider/SN1",
        "Strict-Transport-Security": "max-age=31536000; includeSubDomains",
        "X-Content-Type-Options": "nosniff",
        "x-ms-client-request-id": "1b453c38a8920e54ed4940600b14074c",
        "x-ms-correlation-request-id": "82df9b27-11de-4fdf-aaae-3669767cc4fd",
        "x-ms-ratelimit-remaining-subscription-reads": "11567",
        "x-ms-request-id": "eeb7aabe-44d3-4bb7-b4f7-436619bb9a65_M8SN1_M8SN1",
        "x-ms-routing-request-id": "SOUTHCENTRALUS:20230201T082414Z:82df9b27-11de-4fdf-aaae-3669767cc4fd"
      },
      "ResponseBody": {
        "sku": {
          "name": "Standard",
          "tier": "Standard"
        },
        "id": "/subscriptions/326100e2-f69d-4268-8503-075374f62b6e/resourceGroups/testservicebusRG-6308/providers/Microsoft.ServiceBus/namespaces/testnamespacemgmt341",
        "name": "testnamespacemgmt341",
        "type": "Microsoft.ServiceBus/Namespaces",
        "location": "East US 2",
        "tags": {},
        "properties": {
          "premiumMessagingPartitions": 0,
          "minimumTlsVersion": "1.2",
          "publicNetworkAccess": "Enabled",
          "disableLocalAuth": false,
          "zoneRedundant": false,
          "provisioningState": "Created",
          "metricId": "326100e2-f69d-4268-8503-075374f62b6e:testnamespacemgmt341",
          "createdAt": "2023-02-01T08:24:13.47Z",
          "updatedAt": "2023-02-01T08:24:13.47Z",
          "serviceBusEndpoint": "https://testnamespacemgmt341.servicebus.windows.net:443/",
          "status": "Activating"
        }
      }
    },
    {
      "RequestUri": "https://management.azure.com/subscriptions/326100e2-f69d-4268-8503-075374f62b6e/resourceGroups/testservicebusRG-6308/providers/Microsoft.ServiceBus/namespaces/testnamespacemgmt341?api-version=2022-10-01-preview",
      "RequestMethod": "GET",
      "RequestHeaders": {
        "Authorization": "Sanitized",
        "traceparent": "00-ba08faf7f2901c70fd95661c964233f2-f43661a7b20e6145-00",
        "User-Agent": "azsdk-net-ResourceManager/1.3.2 (.NET 6.0.13; Microsoft Windows 10.0.19044)",
        "x-ms-client-request-id": "1cf654bb4c98743131a26aaa139e7f50",
        "x-ms-return-client-request-id": "true"
      },
      "RequestBody": null,
      "StatusCode": 200,
      "ResponseHeaders": {
        "Cache-Control": "no-cache",
        "Content-Length": "738",
        "Content-Type": "application/json; charset=utf-8",
        "Date": "Wed, 01 Feb 2023 08:24:15 GMT",
        "Expires": "-1",
        "Pragma": "no-cache",
        "Server": [
          "Service-Bus-Resource-Provider/SN1",
          "Microsoft-HTTPAPI/2.0"
        ],
        "Server-SB": "Service-Bus-Resource-Provider/SN1",
        "Strict-Transport-Security": "max-age=31536000; includeSubDomains",
        "X-Content-Type-Options": "nosniff",
        "x-ms-client-request-id": "1cf654bb4c98743131a26aaa139e7f50",
        "x-ms-correlation-request-id": "145d28ee-952f-4c65-82c2-0e8da3ef1ad3",
        "x-ms-ratelimit-remaining-subscription-reads": "11566",
        "x-ms-request-id": "eb0cd9f4-6e8d-4c0e-ae5c-e3ff1a360ff1_M8SN1_M8SN1",
        "x-ms-routing-request-id": "SOUTHCENTRALUS:20230201T082415Z:145d28ee-952f-4c65-82c2-0e8da3ef1ad3"
      },
      "ResponseBody": {
        "sku": {
          "name": "Standard",
          "tier": "Standard"
        },
        "id": "/subscriptions/326100e2-f69d-4268-8503-075374f62b6e/resourceGroups/testservicebusRG-6308/providers/Microsoft.ServiceBus/namespaces/testnamespacemgmt341",
        "name": "testnamespacemgmt341",
        "type": "Microsoft.ServiceBus/Namespaces",
        "location": "East US 2",
        "tags": {},
        "properties": {
          "premiumMessagingPartitions": 0,
          "minimumTlsVersion": "1.2",
          "publicNetworkAccess": "Enabled",
          "disableLocalAuth": false,
          "zoneRedundant": false,
          "provisioningState": "Created",
          "metricId": "326100e2-f69d-4268-8503-075374f62b6e:testnamespacemgmt341",
          "createdAt": "2023-02-01T08:24:13.47Z",
          "updatedAt": "2023-02-01T08:24:13.47Z",
          "serviceBusEndpoint": "https://testnamespacemgmt341.servicebus.windows.net:443/",
          "status": "Activating"
        }
      }
    },
    {
      "RequestUri": "https://management.azure.com/subscriptions/326100e2-f69d-4268-8503-075374f62b6e/resourceGroups/testservicebusRG-6308/providers/Microsoft.ServiceBus/namespaces/testnamespacemgmt341?api-version=2022-10-01-preview",
      "RequestMethod": "GET",
      "RequestHeaders": {
        "Authorization": "Sanitized",
        "traceparent": "00-ba08faf7f2901c70fd95661c964233f2-c0fd5403f3f857fe-00",
        "User-Agent": "azsdk-net-ResourceManager/1.3.2 (.NET 6.0.13; Microsoft Windows 10.0.19044)",
        "x-ms-client-request-id": "76dc85a0300fb1f2292df3cd7b49bb91",
        "x-ms-return-client-request-id": "true"
      },
      "RequestBody": null,
      "StatusCode": 200,
      "ResponseHeaders": {
        "Cache-Control": "no-cache",
        "Content-Length": "738",
        "Content-Type": "application/json; charset=utf-8",
        "Date": "Wed, 01 Feb 2023 08:24:16 GMT",
        "Expires": "-1",
        "Pragma": "no-cache",
        "Server": [
          "Service-Bus-Resource-Provider/SN1",
          "Microsoft-HTTPAPI/2.0"
        ],
        "Server-SB": "Service-Bus-Resource-Provider/SN1",
        "Strict-Transport-Security": "max-age=31536000; includeSubDomains",
        "X-Content-Type-Options": "nosniff",
        "x-ms-client-request-id": "76dc85a0300fb1f2292df3cd7b49bb91",
        "x-ms-correlation-request-id": "e5ae690b-dfb6-41a2-b571-42d201a61e2d",
        "x-ms-ratelimit-remaining-subscription-reads": "11565",
        "x-ms-request-id": "797aa924-9a53-4a00-a970-b27145d90f4a_M8SN1_M8SN1",
        "x-ms-routing-request-id": "SOUTHCENTRALUS:20230201T082416Z:e5ae690b-dfb6-41a2-b571-42d201a61e2d"
      },
      "ResponseBody": {
        "sku": {
          "name": "Standard",
          "tier": "Standard"
        },
        "id": "/subscriptions/326100e2-f69d-4268-8503-075374f62b6e/resourceGroups/testservicebusRG-6308/providers/Microsoft.ServiceBus/namespaces/testnamespacemgmt341",
        "name": "testnamespacemgmt341",
        "type": "Microsoft.ServiceBus/Namespaces",
        "location": "East US 2",
        "tags": {},
        "properties": {
          "premiumMessagingPartitions": 0,
          "minimumTlsVersion": "1.2",
          "publicNetworkAccess": "Enabled",
          "disableLocalAuth": false,
          "zoneRedundant": false,
          "provisioningState": "Created",
          "metricId": "326100e2-f69d-4268-8503-075374f62b6e:testnamespacemgmt341",
          "createdAt": "2023-02-01T08:24:13.47Z",
          "updatedAt": "2023-02-01T08:24:13.47Z",
          "serviceBusEndpoint": "https://testnamespacemgmt341.servicebus.windows.net:443/",
          "status": "Activating"
        }
      }
    },
    {
      "RequestUri": "https://management.azure.com/subscriptions/326100e2-f69d-4268-8503-075374f62b6e/resourceGroups/testservicebusRG-6308/providers/Microsoft.ServiceBus/namespaces/testnamespacemgmt341?api-version=2022-10-01-preview",
      "RequestMethod": "GET",
      "RequestHeaders": {
        "Authorization": "Sanitized",
        "traceparent": "00-ba08faf7f2901c70fd95661c964233f2-ea64beb4c02208c0-00",
        "User-Agent": "azsdk-net-ResourceManager/1.3.2 (.NET 6.0.13; Microsoft Windows 10.0.19044)",
        "x-ms-client-request-id": "532474c3a7d4ebaf0bd1e9f03daafb4e",
        "x-ms-return-client-request-id": "true"
      },
      "RequestBody": null,
      "StatusCode": 200,
      "ResponseHeaders": {
        "Cache-Control": "no-cache",
        "Content-Length": "738",
        "Content-Type": "application/json; charset=utf-8",
        "Date": "Wed, 01 Feb 2023 08:24:18 GMT",
        "Expires": "-1",
        "Pragma": "no-cache",
        "Server": [
          "Service-Bus-Resource-Provider/SN1",
          "Microsoft-HTTPAPI/2.0"
        ],
        "Server-SB": "Service-Bus-Resource-Provider/SN1",
        "Strict-Transport-Security": "max-age=31536000; includeSubDomains",
        "X-Content-Type-Options": "nosniff",
        "x-ms-client-request-id": "532474c3a7d4ebaf0bd1e9f03daafb4e",
        "x-ms-correlation-request-id": "0dcd0bad-3ecd-4f45-9f9f-039936930e99",
        "x-ms-ratelimit-remaining-subscription-reads": "11564",
        "x-ms-request-id": "14feea02-de3d-4c92-a276-7c26dba05124_M8SN1_M8SN1",
        "x-ms-routing-request-id": "SOUTHCENTRALUS:20230201T082418Z:0dcd0bad-3ecd-4f45-9f9f-039936930e99"
      },
      "ResponseBody": {
        "sku": {
          "name": "Standard",
          "tier": "Standard"
        },
        "id": "/subscriptions/326100e2-f69d-4268-8503-075374f62b6e/resourceGroups/testservicebusRG-6308/providers/Microsoft.ServiceBus/namespaces/testnamespacemgmt341",
        "name": "testnamespacemgmt341",
        "type": "Microsoft.ServiceBus/Namespaces",
        "location": "East US 2",
        "tags": {},
        "properties": {
          "premiumMessagingPartitions": 0,
          "minimumTlsVersion": "1.2",
          "publicNetworkAccess": "Enabled",
          "disableLocalAuth": false,
          "zoneRedundant": false,
          "provisioningState": "Created",
          "metricId": "326100e2-f69d-4268-8503-075374f62b6e:testnamespacemgmt341",
          "createdAt": "2023-02-01T08:24:13.47Z",
          "updatedAt": "2023-02-01T08:24:13.47Z",
          "serviceBusEndpoint": "https://testnamespacemgmt341.servicebus.windows.net:443/",
          "status": "Activating"
        }
      }
    },
    {
      "RequestUri": "https://management.azure.com/subscriptions/326100e2-f69d-4268-8503-075374f62b6e/resourceGroups/testservicebusRG-6308/providers/Microsoft.ServiceBus/namespaces/testnamespacemgmt341?api-version=2022-10-01-preview",
      "RequestMethod": "GET",
      "RequestHeaders": {
        "Authorization": "Sanitized",
        "traceparent": "00-ba08faf7f2901c70fd95661c964233f2-0295bdeb39bb6948-00",
        "User-Agent": "azsdk-net-ResourceManager/1.3.2 (.NET 6.0.13; Microsoft Windows 10.0.19044)",
        "x-ms-client-request-id": "86bfefca90378b3c6144f26b5964f9e8",
        "x-ms-return-client-request-id": "true"
      },
      "RequestBody": null,
      "StatusCode": 200,
      "ResponseHeaders": {
        "Cache-Control": "no-cache",
        "Content-Length": "738",
        "Content-Type": "application/json; charset=utf-8",
        "Date": "Wed, 01 Feb 2023 08:24:20 GMT",
        "Expires": "-1",
        "Pragma": "no-cache",
        "Server": [
          "Service-Bus-Resource-Provider/SN1",
          "Microsoft-HTTPAPI/2.0"
        ],
        "Server-SB": "Service-Bus-Resource-Provider/SN1",
        "Strict-Transport-Security": "max-age=31536000; includeSubDomains",
        "X-Content-Type-Options": "nosniff",
        "x-ms-client-request-id": "86bfefca90378b3c6144f26b5964f9e8",
        "x-ms-correlation-request-id": "5989a754-b9ef-4cb5-b541-317933bf93d6",
        "x-ms-ratelimit-remaining-subscription-reads": "11563",
        "x-ms-request-id": "a41d9c2a-d1d0-4239-8d3b-f3622d07257d_M8SN1_M8SN1",
        "x-ms-routing-request-id": "SOUTHCENTRALUS:20230201T082420Z:5989a754-b9ef-4cb5-b541-317933bf93d6"
      },
      "ResponseBody": {
        "sku": {
          "name": "Standard",
          "tier": "Standard"
        },
        "id": "/subscriptions/326100e2-f69d-4268-8503-075374f62b6e/resourceGroups/testservicebusRG-6308/providers/Microsoft.ServiceBus/namespaces/testnamespacemgmt341",
        "name": "testnamespacemgmt341",
        "type": "Microsoft.ServiceBus/Namespaces",
        "location": "East US 2",
        "tags": {},
        "properties": {
          "premiumMessagingPartitions": 0,
          "minimumTlsVersion": "1.2",
          "publicNetworkAccess": "Enabled",
          "disableLocalAuth": false,
          "zoneRedundant": false,
          "provisioningState": "Created",
          "metricId": "326100e2-f69d-4268-8503-075374f62b6e:testnamespacemgmt341",
          "createdAt": "2023-02-01T08:24:13.47Z",
          "updatedAt": "2023-02-01T08:24:13.47Z",
          "serviceBusEndpoint": "https://testnamespacemgmt341.servicebus.windows.net:443/",
          "status": "Activating"
        }
      }
    },
    {
      "RequestUri": "https://management.azure.com/subscriptions/326100e2-f69d-4268-8503-075374f62b6e/resourceGroups/testservicebusRG-6308/providers/Microsoft.ServiceBus/namespaces/testnamespacemgmt341?api-version=2022-10-01-preview",
      "RequestMethod": "GET",
      "RequestHeaders": {
        "Authorization": "Sanitized",
        "traceparent": "00-ba08faf7f2901c70fd95661c964233f2-de433dec82b6a649-00",
        "User-Agent": "azsdk-net-ResourceManager/1.3.2 (.NET 6.0.13; Microsoft Windows 10.0.19044)",
        "x-ms-client-request-id": "9ee6d8e72b7af97cd6f16b3d4602737f",
        "x-ms-return-client-request-id": "true"
      },
      "RequestBody": null,
      "StatusCode": 200,
      "ResponseHeaders": {
        "Cache-Control": "no-cache",
        "Content-Length": "738",
        "Content-Type": "application/json; charset=utf-8",
        "Date": "Wed, 01 Feb 2023 08:24:24 GMT",
        "Expires": "-1",
        "Pragma": "no-cache",
        "Server": [
          "Service-Bus-Resource-Provider/SN1",
          "Microsoft-HTTPAPI/2.0"
        ],
        "Server-SB": "Service-Bus-Resource-Provider/SN1",
        "Strict-Transport-Security": "max-age=31536000; includeSubDomains",
        "X-Content-Type-Options": "nosniff",
        "x-ms-client-request-id": "9ee6d8e72b7af97cd6f16b3d4602737f",
        "x-ms-correlation-request-id": "5d91e094-54d6-4a84-8f95-dc9181c92012",
        "x-ms-ratelimit-remaining-subscription-reads": "11562",
        "x-ms-request-id": "ff175f0d-4ba6-4930-ac4f-9c36352fa34f_M8SN1_M8SN1",
        "x-ms-routing-request-id": "SOUTHCENTRALUS:20230201T082424Z:5d91e094-54d6-4a84-8f95-dc9181c92012"
      },
      "ResponseBody": {
        "sku": {
          "name": "Standard",
          "tier": "Standard"
        },
        "id": "/subscriptions/326100e2-f69d-4268-8503-075374f62b6e/resourceGroups/testservicebusRG-6308/providers/Microsoft.ServiceBus/namespaces/testnamespacemgmt341",
        "name": "testnamespacemgmt341",
        "type": "Microsoft.ServiceBus/Namespaces",
        "location": "East US 2",
        "tags": {},
        "properties": {
          "premiumMessagingPartitions": 0,
          "minimumTlsVersion": "1.2",
          "publicNetworkAccess": "Enabled",
          "disableLocalAuth": false,
          "zoneRedundant": false,
          "provisioningState": "Created",
          "metricId": "326100e2-f69d-4268-8503-075374f62b6e:testnamespacemgmt341",
          "createdAt": "2023-02-01T08:24:13.47Z",
          "updatedAt": "2023-02-01T08:24:13.47Z",
          "serviceBusEndpoint": "https://testnamespacemgmt341.servicebus.windows.net:443/",
          "status": "Activating"
        }
      }
    },
    {
      "RequestUri": "https://management.azure.com/subscriptions/326100e2-f69d-4268-8503-075374f62b6e/resourceGroups/testservicebusRG-6308/providers/Microsoft.ServiceBus/namespaces/testnamespacemgmt341?api-version=2022-10-01-preview",
      "RequestMethod": "GET",
      "RequestHeaders": {
        "Authorization": "Sanitized",
        "traceparent": "00-ba08faf7f2901c70fd95661c964233f2-fa8545732e519a02-00",
        "User-Agent": "azsdk-net-ResourceManager/1.3.2 (.NET 6.0.13; Microsoft Windows 10.0.19044)",
        "x-ms-client-request-id": "8b02a4323589325a3798f28fb44392a7",
        "x-ms-return-client-request-id": "true"
      },
      "RequestBody": null,
      "StatusCode": 200,
      "ResponseHeaders": {
        "Cache-Control": "no-cache",
        "Content-Length": "738",
        "Content-Type": "application/json; charset=utf-8",
        "Date": "Wed, 01 Feb 2023 08:24:32 GMT",
        "Expires": "-1",
        "Pragma": "no-cache",
        "Server": [
          "Service-Bus-Resource-Provider/SN1",
          "Microsoft-HTTPAPI/2.0"
        ],
        "Server-SB": "Service-Bus-Resource-Provider/SN1",
        "Strict-Transport-Security": "max-age=31536000; includeSubDomains",
        "X-Content-Type-Options": "nosniff",
        "x-ms-client-request-id": "8b02a4323589325a3798f28fb44392a7",
        "x-ms-correlation-request-id": "4a2684f0-91d8-420d-aad9-ece89d2e1aca",
        "x-ms-ratelimit-remaining-subscription-reads": "11561",
        "x-ms-request-id": "98224c10-782f-4cc2-8074-0e84556ad063_M8SN1_M8SN1",
        "x-ms-routing-request-id": "SOUTHCENTRALUS:20230201T082433Z:4a2684f0-91d8-420d-aad9-ece89d2e1aca"
      },
      "ResponseBody": {
        "sku": {
          "name": "Standard",
          "tier": "Standard"
        },
        "id": "/subscriptions/326100e2-f69d-4268-8503-075374f62b6e/resourceGroups/testservicebusRG-6308/providers/Microsoft.ServiceBus/namespaces/testnamespacemgmt341",
        "name": "testnamespacemgmt341",
        "type": "Microsoft.ServiceBus/Namespaces",
        "location": "East US 2",
        "tags": {},
        "properties": {
          "premiumMessagingPartitions": 0,
          "minimumTlsVersion": "1.2",
          "publicNetworkAccess": "Enabled",
          "disableLocalAuth": false,
          "zoneRedundant": false,
          "provisioningState": "Created",
          "metricId": "326100e2-f69d-4268-8503-075374f62b6e:testnamespacemgmt341",
          "createdAt": "2023-02-01T08:24:13.47Z",
          "updatedAt": "2023-02-01T08:24:13.47Z",
          "serviceBusEndpoint": "https://testnamespacemgmt341.servicebus.windows.net:443/",
          "status": "Activating"
        }
      }
    },
    {
      "RequestUri": "https://management.azure.com/subscriptions/326100e2-f69d-4268-8503-075374f62b6e/resourceGroups/testservicebusRG-6308/providers/Microsoft.ServiceBus/namespaces/testnamespacemgmt341?api-version=2022-10-01-preview",
      "RequestMethod": "GET",
      "RequestHeaders": {
        "Authorization": "Sanitized",
        "traceparent": "00-ba08faf7f2901c70fd95661c964233f2-d0a9a5620ad7dd2a-00",
        "User-Agent": "azsdk-net-ResourceManager/1.3.2 (.NET 6.0.13; Microsoft Windows 10.0.19044)",
        "x-ms-client-request-id": "640901d85cc49ed473c6af4625fe445f",
        "x-ms-return-client-request-id": "true"
      },
      "RequestBody": null,
      "StatusCode": 200,
      "ResponseHeaders": {
        "Cache-Control": "no-cache",
        "Content-Length": "738",
        "Content-Type": "application/json; charset=utf-8",
        "Date": "Wed, 01 Feb 2023 08:24:48 GMT",
        "Expires": "-1",
        "Pragma": "no-cache",
        "Server": [
          "Service-Bus-Resource-Provider/SN1",
          "Microsoft-HTTPAPI/2.0"
        ],
        "Server-SB": "Service-Bus-Resource-Provider/SN1",
        "Strict-Transport-Security": "max-age=31536000; includeSubDomains",
        "X-Content-Type-Options": "nosniff",
        "x-ms-client-request-id": "640901d85cc49ed473c6af4625fe445f",
        "x-ms-correlation-request-id": "d485b295-3fab-4904-8ef1-1e897ca49e9f",
        "x-ms-ratelimit-remaining-subscription-reads": "11560",
        "x-ms-request-id": "80199036-6f73-43e3-8dae-2b8875c31e6e_M8SN1_M8SN1",
        "x-ms-routing-request-id": "SOUTHCENTRALUS:20230201T082449Z:d485b295-3fab-4904-8ef1-1e897ca49e9f"
      },
      "ResponseBody": {
        "sku": {
          "name": "Standard",
          "tier": "Standard"
        },
        "id": "/subscriptions/326100e2-f69d-4268-8503-075374f62b6e/resourceGroups/testservicebusRG-6308/providers/Microsoft.ServiceBus/namespaces/testnamespacemgmt341",
        "name": "testnamespacemgmt341",
        "type": "Microsoft.ServiceBus/Namespaces",
        "location": "East US 2",
        "tags": {},
        "properties": {
          "premiumMessagingPartitions": 0,
          "minimumTlsVersion": "1.2",
          "publicNetworkAccess": "Enabled",
          "disableLocalAuth": false,
          "zoneRedundant": false,
          "provisioningState": "Created",
          "metricId": "326100e2-f69d-4268-8503-075374f62b6e:testnamespacemgmt341",
          "createdAt": "2023-02-01T08:24:13.47Z",
          "updatedAt": "2023-02-01T08:24:13.47Z",
          "serviceBusEndpoint": "https://testnamespacemgmt341.servicebus.windows.net:443/",
          "status": "Activating"
        }
      }
    },
    {
      "RequestUri": "https://management.azure.com/subscriptions/326100e2-f69d-4268-8503-075374f62b6e/resourceGroups/testservicebusRG-6308/providers/Microsoft.ServiceBus/namespaces/testnamespacemgmt341?api-version=2022-10-01-preview",
      "RequestMethod": "GET",
      "RequestHeaders": {
        "Authorization": "Sanitized",
        "traceparent": "00-ba08faf7f2901c70fd95661c964233f2-692c2acdb8cc3b65-00",
        "User-Agent": "azsdk-net-ResourceManager/1.3.2 (.NET 6.0.13; Microsoft Windows 10.0.19044)",
        "x-ms-client-request-id": "b43873d16d61b25e7eb366e139ed4492",
        "x-ms-return-client-request-id": "true"
      },
      "RequestBody": null,
      "StatusCode": 200,
      "ResponseHeaders": {
        "Cache-Control": "no-cache",
        "Content-Length": "736",
        "Content-Type": "application/json; charset=utf-8",
        "Date": "Wed, 01 Feb 2023 08:25:21 GMT",
        "Expires": "-1",
        "Pragma": "no-cache",
        "Server": [
          "Service-Bus-Resource-Provider/SN1",
          "Microsoft-HTTPAPI/2.0"
        ],
        "Server-SB": "Service-Bus-Resource-Provider/SN1",
        "Strict-Transport-Security": "max-age=31536000; includeSubDomains",
        "X-Content-Type-Options": "nosniff",
        "x-ms-client-request-id": "b43873d16d61b25e7eb366e139ed4492",
        "x-ms-correlation-request-id": "0ffc3191-1d08-4923-bbfb-8018fb40ab62",
        "x-ms-ratelimit-remaining-subscription-reads": "11607",
        "x-ms-request-id": "81d58174-3a39-4127-b195-440dee6fc130_M8SN1_M8SN1",
        "x-ms-routing-request-id": "SOUTHCENTRALUS:20230201T082521Z:0ffc3191-1d08-4923-bbfb-8018fb40ab62"
      },
      "ResponseBody": {
        "sku": {
          "name": "Standard",
          "tier": "Standard"
        },
        "id": "/subscriptions/326100e2-f69d-4268-8503-075374f62b6e/resourceGroups/testservicebusRG-6308/providers/Microsoft.ServiceBus/namespaces/testnamespacemgmt341",
        "name": "testnamespacemgmt341",
        "type": "Microsoft.ServiceBus/Namespaces",
        "location": "East US 2",
        "tags": {},
        "properties": {
          "premiumMessagingPartitions": 0,
          "minimumTlsVersion": "1.2",
          "publicNetworkAccess": "Enabled",
          "disableLocalAuth": false,
          "zoneRedundant": false,
          "provisioningState": "Succeeded",
          "metricId": "326100e2-f69d-4268-8503-075374f62b6e:testnamespacemgmt341",
          "createdAt": "2023-02-01T08:24:13.47Z",
          "updatedAt": "2023-02-01T08:24:57.87Z",
          "serviceBusEndpoint": "https://testnamespacemgmt341.servicebus.windows.net:443/",
          "status": "Active"
        }
      }
    },
    {
      "RequestUri": "https://management.azure.com/subscriptions/326100e2-f69d-4268-8503-075374f62b6e/resourceGroups/testservicebusRG-6308/providers/Microsoft.ServiceBus/namespaces/testnamespacemgmt341?api-version=2022-10-01-preview",
      "RequestMethod": "PATCH",
      "RequestHeaders": {
        "Accept": "application/json",
        "Authorization": "Sanitized",
        "Content-Length": "79",
        "Content-Type": "application/json",
        "traceparent": "00-b5097dc5d6c5118873205286809c9a7b-1d795db5a9b2aa3c-00",
        "User-Agent": "azsdk-net-ResourceManager.ServiceBus/1.1.0-alpha.20230201.1 (.NET 6.0.13; Microsoft Windows 10.0.19044)",
        "x-ms-client-request-id": "4565c45e0ef9d5bad06417c385130d38",
        "x-ms-return-client-request-id": "true"
      },
      "RequestBody": {
        "tags": {
          "key1": "value1",
          "key2": "value2"
        },
        "location": "eastus2",
        "properties": {}
      },
      "StatusCode": 200,
      "ResponseHeaders": {
        "Cache-Control": "no-cache",
        "Content-Length": "770",
        "Content-Type": "application/json; charset=utf-8",
        "Date": "Wed, 01 Feb 2023 08:25:23 GMT",
        "Expires": "-1",
        "Pragma": "no-cache",
        "Server": [
          "Service-Bus-Resource-Provider/SN1",
          "Microsoft-HTTPAPI/2.0"
        ],
        "Server-SB": "Service-Bus-Resource-Provider/SN1",
        "Strict-Transport-Security": "max-age=31536000; includeSubDomains",
        "X-Content-Type-Options": "nosniff",
        "x-ms-client-request-id": "4565c45e0ef9d5bad06417c385130d38",
        "x-ms-correlation-request-id": "e44b6db1-e6fe-44dd-af29-8259d3d2071b",
        "x-ms-ratelimit-remaining-subscription-writes": "1052",
        "x-ms-request-id": "3dea0126-46c6-4498-abee-8c1bae7ec96b_M8SN1_M8SN1",
        "x-ms-routing-request-id": "SOUTHCENTRALUS:20230201T082523Z:e44b6db1-e6fe-44dd-af29-8259d3d2071b"
      },
      "ResponseBody": {
        "sku": {
          "name": "Standard",
          "tier": "Standard"
        },
        "id": "/subscriptions/326100e2-f69d-4268-8503-075374f62b6e/resourceGroups/testservicebusRG-6308/providers/Microsoft.ServiceBus/namespaces/testnamespacemgmt341",
        "name": "testnamespacemgmt341",
        "type": "Microsoft.ServiceBus/Namespaces",
        "location": "East US 2",
        "tags": {
          "key1": "value1",
          "key2": "value2"
        },
        "properties": {
          "premiumMessagingPartitions": 0,
          "minimumTlsVersion": "1.2",
          "publicNetworkAccess": "Enabled",
          "disableLocalAuth": false,
          "zoneRedundant": false,
          "provisioningState": "Updating",
          "metricId": "326100e2-f69d-4268-8503-075374f62b6e:testnamespacemgmt341",
          "createdAt": "2023-02-01T08:24:13.47Z",
          "updatedAt": "2023-02-01T08:25:22.22Z",
          "serviceBusEndpoint": "https://testnamespacemgmt341.servicebus.windows.net:443/",
          "status": "Activating"
        }
      }
    },
    {
      "RequestUri": "https://management.azure.com/subscriptions/326100e2-f69d-4268-8503-075374f62b6e/resourceGroups/testservicebusRG-6308/providers/Microsoft.ServiceBus/namespaces/testnamespacemgmt341?api-version=2022-10-01-preview",
      "RequestMethod": "GET",
      "RequestHeaders": {
        "Accept": "application/json",
        "Authorization": "Sanitized",
        "traceparent": "00-06a1bfb6ee2f0382654d5ee54ec81eff-a0d50d2eec5bba47-00",
        "User-Agent": "azsdk-net-ResourceManager.ServiceBus/1.1.0-alpha.20230201.1 (.NET 6.0.13; Microsoft Windows 10.0.19044)",
        "x-ms-client-request-id": "41bd9353de0a6a45a256e611f5f26586",
        "x-ms-return-client-request-id": "true"
      },
      "RequestBody": null,
      "StatusCode": 200,
      "ResponseHeaders": {
        "Cache-Control": "no-cache",
        "Content-Length": "770",
        "Content-Type": "application/json; charset=utf-8",
        "Date": "Wed, 01 Feb 2023 08:25:23 GMT",
        "Expires": "-1",
        "Pragma": "no-cache",
        "Server": [
          "Service-Bus-Resource-Provider/SN1",
          "Microsoft-HTTPAPI/2.0"
        ],
        "Server-SB": "Service-Bus-Resource-Provider/SN1",
        "Strict-Transport-Security": "max-age=31536000; includeSubDomains",
        "X-Content-Type-Options": "nosniff",
        "x-ms-client-request-id": "41bd9353de0a6a45a256e611f5f26586",
        "x-ms-correlation-request-id": "01441365-d58b-4481-afe6-7ae5cf630da2",
        "x-ms-ratelimit-remaining-subscription-reads": "11606",
        "x-ms-request-id": "f03c1766-4725-450f-b54b-17a745da2d98_M8SN1_M8SN1",
        "x-ms-routing-request-id": "SOUTHCENTRALUS:20230201T082523Z:01441365-d58b-4481-afe6-7ae5cf630da2"
      },
      "ResponseBody": {
        "sku": {
          "name": "Standard",
          "tier": "Standard"
        },
        "id": "/subscriptions/326100e2-f69d-4268-8503-075374f62b6e/resourceGroups/testservicebusRG-6308/providers/Microsoft.ServiceBus/namespaces/testnamespacemgmt341",
        "name": "testnamespacemgmt341",
        "type": "Microsoft.ServiceBus/Namespaces",
        "location": "East US 2",
        "tags": {
          "key1": "value1",
          "key2": "value2"
        },
        "properties": {
          "premiumMessagingPartitions": 0,
          "minimumTlsVersion": "1.2",
          "publicNetworkAccess": "Enabled",
          "disableLocalAuth": false,
          "zoneRedundant": false,
          "provisioningState": "Updating",
          "metricId": "326100e2-f69d-4268-8503-075374f62b6e:testnamespacemgmt341",
          "createdAt": "2023-02-01T08:24:13.47Z",
          "updatedAt": "2023-02-01T08:25:22.22Z",
          "serviceBusEndpoint": "https://testnamespacemgmt341.servicebus.windows.net:443/",
          "status": "Activating"
        }
      }
    },
    {
      "RequestUri": "https://management.azure.com/subscriptions/326100e2-f69d-4268-8503-075374f62b6e/resourceGroups/testservicebusRG-6308/providers/Microsoft.ServiceBus/namespaces/testnamespacemgmt341?api-version=2022-10-01-preview",
      "RequestMethod": "GET",
      "RequestHeaders": {
        "Accept": "application/json",
        "Authorization": "Sanitized",
        "traceparent": "00-b99bd263e96f8e3fb89488fa894de096-b8cd9e5b8c5be8ca-00",
        "User-Agent": "azsdk-net-ResourceManager.ServiceBus/1.1.0-alpha.20230201.1 (.NET 6.0.13; Microsoft Windows 10.0.19044)",
        "x-ms-client-request-id": "60e71d81ff99c365b963e3fc559b2c6b",
        "x-ms-return-client-request-id": "true"
      },
      "RequestBody": null,
      "StatusCode": 200,
      "ResponseHeaders": {
        "Cache-Control": "no-cache",
        "Content-Length": "767",
        "Content-Type": "application/json; charset=utf-8",
        "Date": "Wed, 01 Feb 2023 08:25:33 GMT",
        "Expires": "-1",
        "Pragma": "no-cache",
        "Server": [
          "Service-Bus-Resource-Provider/SN1",
          "Microsoft-HTTPAPI/2.0"
        ],
        "Server-SB": "Service-Bus-Resource-Provider/SN1",
        "Strict-Transport-Security": "max-age=31536000; includeSubDomains",
        "X-Content-Type-Options": "nosniff",
        "x-ms-client-request-id": "60e71d81ff99c365b963e3fc559b2c6b",
        "x-ms-correlation-request-id": "34d2b3e4-a6d3-4478-9e60-c43dc86d9d7c",
        "x-ms-ratelimit-remaining-subscription-reads": "11605",
        "x-ms-request-id": "c3c54472-f22a-4d02-8850-4ce88119c015_M8SN1_M8SN1",
        "x-ms-routing-request-id": "SOUTHCENTRALUS:20230201T082533Z:34d2b3e4-a6d3-4478-9e60-c43dc86d9d7c"
      },
      "ResponseBody": {
        "sku": {
          "name": "Standard",
          "tier": "Standard"
        },
        "id": "/subscriptions/326100e2-f69d-4268-8503-075374f62b6e/resourceGroups/testservicebusRG-6308/providers/Microsoft.ServiceBus/namespaces/testnamespacemgmt341",
        "name": "testnamespacemgmt341",
        "type": "Microsoft.ServiceBus/Namespaces",
        "location": "East US 2",
        "tags": {
          "key1": "value1",
          "key2": "value2"
        },
        "properties": {
          "premiumMessagingPartitions": 0,
          "minimumTlsVersion": "1.2",
          "publicNetworkAccess": "Enabled",
          "disableLocalAuth": false,
          "zoneRedundant": false,
          "provisioningState": "Succeeded",
          "metricId": "326100e2-f69d-4268-8503-075374f62b6e:testnamespacemgmt341",
          "createdAt": "2023-02-01T08:24:13.47Z",
          "updatedAt": "2023-02-01T08:25:23.97Z",
          "serviceBusEndpoint": "https://testnamespacemgmt341.servicebus.windows.net:443/",
          "status": "Active"
        }
      }
    }
  ],
  "Variables": {
    "AZURE_AUTHORITY_HOST": "https://login.microsoftonline.com",
    "RandomSeed": "1962757154",
    "RESOURCE_MANAGER_URL": null,
    "SUBSCRIPTION_ID": "326100e2-f69d-4268-8503-075374f62b6e"
  }
}
