{
  "Entries": [
    {
      "RequestUri": "/subscriptions/55f3dcd4-cac7-43b4-990b-a139d62a1eb2/providers/Microsoft.EventGrid?api-version=2015-11-01",
      "EncodedRequestUri": "L3N1YnNjcmlwdGlvbnMvNTVmM2RjZDQtY2FjNy00M2I0LTk5MGItYTEzOWQ2MmExZWIyL3Byb3ZpZGVycy9NaWNyb3NvZnQuRXZlbnRHcmlkP2FwaS12ZXJzaW9uPTIwMTUtMTEtMDE=",
      "RequestMethod": "GET",
      "RequestBody": "",
      "RequestHeaders": {
        "x-ms-client-request-id": [
          "0ab021f7-7643-4997-b73f-7a8a36629666"
        ],
        "accept-language": [
          "en-US"
        ],
        "User-Agent": [
          "FxVersion/4.6.25211.01",
          "Microsoft.Azure.Management.Resources.ResourceManagementClient/1.0.0.0"
        ]
      },
      "ResponseBody": "{\r\n  \"id\": \"/subscriptions/55f3dcd4-cac7-43b4-990b-a139d62a1eb2/providers/Microsoft.EventGrid\",\r\n  \"namespace\": \"Microsoft.EventGrid\",\r\n  \"authorizations\": [\r\n    {\r\n      \"applicationId\": \"4962773b-9cdb-44cf-a8bf-237846a00ab7\",\r\n      \"roleDefinitionId\": \"7FE036D8-246F-48BF-A78F-AB3EE699C8F3\"\r\n    }\r\n  ],\r\n  \"resourceTypes\": [\r\n    {\r\n      \"resourceType\": \"locations\",\r\n      \"locations\": [],\r\n      \"apiVersions\": [\r\n        \"2017-06-15-preview\"\r\n      ]\r\n    },\r\n    {\r\n      \"resourceType\": \"locations/eventSubscriptions\",\r\n      \"locations\": [\r\n        \"West US 2\",\r\n        \"West Central US\"\r\n      ],\r\n      \"apiVersions\": [\r\n        \"2017-06-15-preview\"\r\n      ]\r\n    },\r\n    {\r\n      \"resourceType\": \"eventSubscriptions\",\r\n      \"locations\": [\r\n        \"West US 2\",\r\n        \"West Central US\"\r\n      ],\r\n      \"apiVersions\": [\r\n        \"2017-06-15-preview\"\r\n      ]\r\n    },\r\n    {\r\n      \"resourceType\": \"topics\",\r\n      \"locations\": [\r\n        \"West US 2\",\r\n        \"West Central US\"\r\n      ],\r\n      \"apiVersions\": [\r\n        \"2017-06-15-preview\"\r\n      ],\r\n      \"capabilities\": \"CrossResourceGroupResourceMove, CrossSubscriptionResourceMove\"\r\n    },\r\n    {\r\n      \"resourceType\": \"topicTypes\",\r\n      \"locations\": [\r\n        \"West US 2\",\r\n        \"West Central US\"\r\n      ],\r\n      \"apiVersions\": [\r\n        \"2017-06-15-preview\"\r\n      ]\r\n    },\r\n    {\r\n      \"resourceType\": \"operations\",\r\n      \"locations\": [\r\n        \"West US 2\",\r\n        \"West Central US\"\r\n      ],\r\n      \"apiVersions\": [\r\n        \"2017-06-15-preview\"\r\n      ]\r\n    },\r\n    {\r\n      \"resourceType\": \"locations/operationsStatus\",\r\n      \"locations\": [\r\n        \"West US 2\",\r\n        \"West Central US\"\r\n      ],\r\n      \"apiVersions\": [\r\n        \"2017-06-15-preview\"\r\n      ]\r\n    },\r\n    {\r\n      \"resourceType\": \"locations/operationResults\",\r\n      \"locations\": [\r\n        \"West US 2\",\r\n        \"West Central US\"\r\n      ],\r\n      \"apiVersions\": [\r\n        \"2017-06-15-preview\"\r\n      ]\r\n    },\r\n    {\r\n      \"resourceType\": \"locations/topicTypes\",\r\n      \"locations\": [\r\n        \"West US 2\",\r\n        \"West Central US\"\r\n      ],\r\n      \"apiVersions\": [\r\n        \"2017-06-15-preview\"\r\n      ]\r\n    },\r\n    {\r\n      \"resourceType\": \"extensionTopics\",\r\n      \"locations\": [\r\n        \"West US 2\",\r\n        \"West Central US\"\r\n      ],\r\n      \"apiVersions\": [\r\n        \"2017-06-15-preview\"\r\n      ]\r\n    },\r\n    {\r\n      \"resourceType\": \"operationResults\",\r\n      \"locations\": [],\r\n      \"apiVersions\": [\r\n        \"2017-06-15-preview\"\r\n      ]\r\n    },\r\n    {\r\n      \"resourceType\": \"operationsStatus\",\r\n      \"locations\": [],\r\n      \"apiVersions\": [\r\n        \"2017-06-15-preview\"\r\n      ]\r\n    }\r\n  ],\r\n  \"registrationState\": \"Registered\"\r\n}",
      "ResponseHeaders": {
        "Content-Type": [
          "application/json; charset=utf-8"
        ],
        "Expires": [
          "-1"
        ],
        "Cache-Control": [
          "no-cache"
        ],
        "Date": [
          "Tue, 22 Aug 2017 00:02:02 GMT"
        ],
        "Pragma": [
          "no-cache"
        ],
        "Vary": [
          "Accept-Encoding"
        ],
        "x-ms-ratelimit-remaining-subscription-reads": [
          "14945"
        ],
        "x-ms-request-id": [
          "e605bb05-a407-4196-beb8-8765830327f5"
        ],
        "x-ms-correlation-request-id": [
          "e605bb05-a407-4196-beb8-8765830327f5"
        ],
        "x-ms-routing-request-id": [
          "WESTUS2:20170822T000203Z:e605bb05-a407-4196-beb8-8765830327f5"
        ],
        "Strict-Transport-Security": [
          "max-age=31536000; includeSubDomains"
        ]
      },
      "StatusCode": 200
    },
    {
      "RequestUri": "/subscriptions/55f3dcd4-cac7-43b4-990b-a139d62a1eb2/resourcegroups?api-version=2015-11-01",
      "EncodedRequestUri": "L3N1YnNjcmlwdGlvbnMvNTVmM2RjZDQtY2FjNy00M2I0LTk5MGItYTEzOWQ2MmExZWIyL3Jlc291cmNlZ3JvdXBzP2FwaS12ZXJzaW9uPTIwMTUtMTEtMDE=",
      "RequestMethod": "GET",
      "RequestBody": "",
      "RequestHeaders": {
        "x-ms-client-request-id": [
          "9c350d3a-7ec0-4901-bf2d-d3d0ff4c3892"
        ],
        "accept-language": [
          "en-US"
        ],
        "User-Agent": [
          "FxVersion/4.6.25211.01",
          "Microsoft.Azure.Management.Resources.ResourceManagementClient/1.0.0.0"
        ]
      },
      "ResponseBody": "{\r\n  \"value\": [\r\n    {\r\n      \"id\": \"/subscriptions/55f3dcd4-cac7-43b4-990b-a139d62a1eb2/resourceGroups/AzureFunctions-AustraliaEast\",\r\n      \"name\": \"AzureFunctions-AustraliaEast\",\r\n      \"location\": \"australiaeast\",\r\n      \"properties\": {\r\n        \"provisioningState\": \"Succeeded\"\r\n      }\r\n    },\r\n    {\r\n      \"id\": \"/subscriptions/55f3dcd4-cac7-43b4-990b-a139d62a1eb2/resourceGroups/cloud-shell-storage-westus\",\r\n      \"name\": \"cloud-shell-storage-westus\",\r\n      \"location\": \"westus\",\r\n      \"properties\": {\r\n        \"provisioningState\": \"Succeeded\"\r\n      }\r\n    },\r\n    {\r\n      \"id\": \"/subscriptions/55f3dcd4-cac7-43b4-990b-a139d62a1eb2/resourceGroups/datalaketestRG\",\r\n      \"name\": \"datalaketestRG\",\r\n      \"location\": \"centralus\",\r\n      \"properties\": {\r\n        \"provisioningState\": \"Succeeded\"\r\n      }\r\n    },\r\n    {\r\n      \"id\": \"/subscriptions/55f3dcd4-cac7-43b4-990b-a139d62a1eb2/resourceGroups/Default-ApplicationInsights-EastUS\",\r\n      \"name\": \"Default-ApplicationInsights-EastUS\",\r\n      \"location\": \"eastus\",\r\n      \"properties\": {\r\n        \"provisioningState\": \"Succeeded\"\r\n      }\r\n    },\r\n    {\r\n      \"id\": \"/subscriptions/55f3dcd4-cac7-43b4-990b-a139d62a1eb2/resourceGroups/Default-EventHub-WestUS\",\r\n      \"name\": \"Default-EventHub-WestUS\",\r\n      \"location\": \"westus\",\r\n      \"properties\": {\r\n        \"provisioningState\": \"Succeeded\"\r\n      }\r\n    },\r\n    {\r\n      \"id\": \"/subscriptions/55f3dcd4-cac7-43b4-990b-a139d62a1eb2/resourceGroups/Default-Networking\",\r\n      \"name\": \"Default-Networking\",\r\n      \"location\": \"centralus\",\r\n      \"properties\": {\r\n        \"provisioningState\": \"Succeeded\"\r\n      }\r\n    },\r\n    {\r\n      \"id\": \"/subscriptions/55f3dcd4-cac7-43b4-990b-a139d62a1eb2/resourceGroups/Default-ServiceBus-WestUS\",\r\n      \"name\": \"Default-ServiceBus-WestUS\",\r\n      \"location\": \"westus\",\r\n      \"properties\": {\r\n        \"provisioningState\": \"Succeeded\"\r\n      }\r\n    },\r\n    {\r\n      \"id\": \"/subscriptions/55f3dcd4-cac7-43b4-990b-a139d62a1eb2/resourceGroups/Default-Storage-CentralUS\",\r\n      \"name\": \"Default-Storage-CentralUS\",\r\n      \"location\": \"centralus\",\r\n      \"properties\": {\r\n        \"provisioningState\": \"Succeeded\"\r\n      }\r\n    },\r\n    {\r\n      \"id\": \"/subscriptions/55f3dcd4-cac7-43b4-990b-a139d62a1eb2/resourceGroups/Default-Storage-WestUS\",\r\n      \"name\": \"Default-Storage-WestUS\",\r\n      \"location\": \"westus\",\r\n      \"properties\": {\r\n        \"provisioningState\": \"Succeeded\"\r\n      }\r\n    },\r\n    {\r\n      \"id\": \"/subscriptions/55f3dcd4-cac7-43b4-990b-a139d62a1eb2/resourceGroups/DnsZonesRG\",\r\n      \"name\": \"DnsZonesRG\",\r\n      \"location\": \"westus\",\r\n      \"properties\": {\r\n        \"provisioningState\": \"Succeeded\"\r\n      }\r\n    },\r\n    {\r\n      \"id\": \"/subscriptions/55f3dcd4-cac7-43b4-990b-a139d62a1eb2/resourceGroups/eg-abhi-usw2\",\r\n      \"name\": \"eg-abhi-usw2\",\r\n      \"location\": \"westus2\",\r\n      \"properties\": {\r\n        \"provisioningState\": \"Succeeded\"\r\n      }\r\n    },\r\n    {\r\n      \"id\": \"/subscriptions/55f3dcd4-cac7-43b4-990b-a139d62a1eb2/resourceGroups/eg-hitesh-perf\",\r\n      \"name\": \"eg-hitesh-perf\",\r\n      \"location\": \"southcentralus\",\r\n      \"properties\": {\r\n        \"provisioningState\": \"Succeeded\"\r\n      }\r\n    },\r\n    {\r\n      \"id\": \"/subscriptions/55f3dcd4-cac7-43b4-990b-a139d62a1eb2/resourceGroups/eg-hitesh-perf-functions-payg-ussc-1\",\r\n      \"name\": \"eg-hitesh-perf-functions-payg-ussc-1\",\r\n      \"location\": \"southcentralus\",\r\n      \"properties\": {\r\n        \"provisioningState\": \"Succeeded\"\r\n      }\r\n    },\r\n    {\r\n      \"id\": \"/subscriptions/55f3dcd4-cac7-43b4-990b-a139d62a1eb2/resourceGroups/eg-hitesh-perf-functions-payg-ussc-2\",\r\n      \"name\": \"eg-hitesh-perf-functions-payg-ussc-2\",\r\n      \"location\": \"southcentralus\",\r\n      \"properties\": {\r\n        \"provisioningState\": \"Succeeded\"\r\n      }\r\n    },\r\n    {\r\n      \"id\": \"/subscriptions/55f3dcd4-cac7-43b4-990b-a139d62a1eb2/resourceGroups/eg-hitesh-perf-functions-payg-ussc-3\",\r\n      \"name\": \"eg-hitesh-perf-functions-payg-ussc-3\",\r\n      \"location\": \"southcentralus\",\r\n      \"properties\": {\r\n        \"provisioningState\": \"Succeeded\"\r\n      }\r\n    },\r\n    {\r\n      \"id\": \"/subscriptions/55f3dcd4-cac7-43b4-990b-a139d62a1eb2/resourceGroups/eg-hitesh-perf-functions-payg-ussc-4\",\r\n      \"name\": \"eg-hitesh-perf-functions-payg-ussc-4\",\r\n      \"location\": \"southcentralus\",\r\n      \"properties\": {\r\n        \"provisioningState\": \"Succeeded\"\r\n      }\r\n    },\r\n    {\r\n      \"id\": \"/subscriptions/55f3dcd4-cac7-43b4-990b-a139d62a1eb2/resourceGroups/eg-hitesh-perf-functions-payg-ussc-5\",\r\n      \"name\": \"eg-hitesh-perf-functions-payg-ussc-5\",\r\n      \"location\": \"southcentralus\",\r\n      \"properties\": {\r\n        \"provisioningState\": \"Succeeded\"\r\n      }\r\n    },\r\n    {\r\n      \"id\": \"/subscriptions/55f3dcd4-cac7-43b4-990b-a139d62a1eb2/resourceGroups/eg-hitesh-perf-functions-payg-ussc-6\",\r\n      \"name\": \"eg-hitesh-perf-functions-payg-ussc-6\",\r\n      \"location\": \"southcentralus\",\r\n      \"properties\": {\r\n        \"provisioningState\": \"Succeeded\"\r\n      }\r\n    },\r\n    {\r\n      \"id\": \"/subscriptions/55f3dcd4-cac7-43b4-990b-a139d62a1eb2/resourceGroups/eg-hitesh-perf-functions-payg-ussc-7\",\r\n      \"name\": \"eg-hitesh-perf-functions-payg-ussc-7\",\r\n      \"location\": \"southcentralus\",\r\n      \"properties\": {\r\n        \"provisioningState\": \"Succeeded\"\r\n      }\r\n    },\r\n    {\r\n      \"id\": \"/subscriptions/55f3dcd4-cac7-43b4-990b-a139d62a1eb2/resourceGroups/eg-hitesh-perf-functions-payg-ussc-8\",\r\n      \"name\": \"eg-hitesh-perf-functions-payg-ussc-8\",\r\n      \"location\": \"southcentralus\",\r\n      \"properties\": {\r\n        \"provisioningState\": \"Succeeded\"\r\n      }\r\n    },\r\n    {\r\n      \"id\": \"/subscriptions/55f3dcd4-cac7-43b4-990b-a139d62a1eb2/resourceGroups/eg-hitesh-perf-functions-ussc\",\r\n      \"name\": \"eg-hitesh-perf-functions-ussc\",\r\n      \"location\": \"southcentralus\",\r\n      \"properties\": {\r\n        \"provisioningState\": \"Succeeded\"\r\n      }\r\n    },\r\n    {\r\n      \"id\": \"/subscriptions/55f3dcd4-cac7-43b4-990b-a139d62a1eb2/resourceGroups/eg-hitesh-perf-functions-ussc-2\",\r\n      \"name\": \"eg-hitesh-perf-functions-ussc-2\",\r\n      \"location\": \"southcentralus\",\r\n      \"properties\": {\r\n        \"provisioningState\": \"Succeeded\"\r\n      }\r\n    },\r\n    {\r\n      \"id\": \"/subscriptions/55f3dcd4-cac7-43b4-990b-a139d62a1eb2/resourceGroups/eg-int-ussc-001\",\r\n      \"name\": \"eg-int-ussc-001\",\r\n      \"location\": \"southcentralus\",\r\n      \"properties\": {\r\n        \"provisioningState\": \"Succeeded\"\r\n      }\r\n    },\r\n    {\r\n      \"id\": \"/subscriptions/55f3dcd4-cac7-43b4-990b-a139d62a1eb2/resourceGroups/eg-int-usw\",\r\n      \"name\": \"eg-int-usw\",\r\n      \"location\": \"westus\",\r\n      \"properties\": {\r\n        \"provisioningState\": \"Succeeded\"\r\n      }\r\n    },\r\n    {\r\n      \"id\": \"/subscriptions/55f3dcd4-cac7-43b4-990b-a139d62a1eb2/resourceGroups/eg-int-usw2\",\r\n      \"name\": \"eg-int-usw2\",\r\n      \"location\": \"westus2\",\r\n      \"properties\": {\r\n        \"provisioningState\": \"Succeeded\"\r\n      }\r\n    },\r\n    {\r\n      \"id\": \"/subscriptions/55f3dcd4-cac7-43b4-990b-a139d62a1eb2/resourceGroups/eg-kal-usnw2\",\r\n      \"name\": \"eg-kal-usnw2\",\r\n      \"location\": \"westus2\",\r\n      \"properties\": {\r\n        \"provisioningState\": \"Succeeded\"\r\n      }\r\n    },\r\n    {\r\n      \"id\": \"/subscriptions/55f3dcd4-cac7-43b4-990b-a139d62a1eb2/resourceGroups/eg-kal-usw2\",\r\n      \"name\": \"eg-kal-usw2\",\r\n      \"location\": \"westus2\",\r\n      \"properties\": {\r\n        \"provisioningState\": \"Succeeded\"\r\n      }\r\n    },\r\n    {\r\n      \"id\": \"/subscriptions/55f3dcd4-cac7-43b4-990b-a139d62a1eb2/resourceGroups/eg-kkp-usw2\",\r\n      \"name\": \"eg-kkp-usw2\",\r\n      \"location\": \"westus2\",\r\n      \"properties\": {\r\n        \"provisioningState\": \"Succeeded\"\r\n      }\r\n    },\r\n    {\r\n      \"id\": \"/subscriptions/55f3dcd4-cac7-43b4-990b-a139d62a1eb2/resourceGroups/eg-ksr-usw2\",\r\n      \"name\": \"eg-ksr-usw2\",\r\n      \"location\": \"westus2\",\r\n      \"properties\": {\r\n        \"provisioningState\": \"Succeeded\"\r\n      }\r\n    },\r\n    {\r\n      \"id\": \"/subscriptions/55f3dcd4-cac7-43b4-990b-a139d62a1eb2/resourceGroups/eg-nok-usw2\",\r\n      \"name\": \"eg-nok-usw2\",\r\n      \"location\": \"westus2\",\r\n      \"properties\": {\r\n        \"provisioningState\": \"Succeeded\"\r\n      }\r\n    },\r\n    {\r\n      \"id\": \"/subscriptions/55f3dcd4-cac7-43b4-990b-a139d62a1eb2/resourceGroups/eg-rgr-usw2\",\r\n      \"name\": \"eg-rgr-usw2\",\r\n      \"location\": \"westus2\",\r\n      \"properties\": {\r\n        \"provisioningState\": \"Succeeded\"\r\n      }\r\n    },\r\n    {\r\n      \"id\": \"/subscriptions/55f3dcd4-cac7-43b4-990b-a139d62a1eb2/resourceGroups/eg-t-maflow\",\r\n      \"name\": \"eg-t-maflow\",\r\n      \"location\": \"southcentralus\",\r\n      \"properties\": {\r\n        \"provisioningState\": \"Succeeded\"\r\n      }\r\n    },\r\n    {\r\n      \"id\": \"/subscriptions/55f3dcd4-cac7-43b4-990b-a139d62a1eb2/resourceGroups/EGRPTestRG\",\r\n      \"name\": \"EGRPTestRG\",\r\n      \"location\": \"westus2\",\r\n      \"properties\": {\r\n        \"provisioningState\": \"Succeeded\"\r\n      }\r\n    },\r\n    {\r\n      \"id\": \"/subscriptions/55f3dcd4-cac7-43b4-990b-a139d62a1eb2/resourceGroups/egtestrg\",\r\n      \"name\": \"egtestrg\",\r\n      \"location\": \"westus\",\r\n      \"properties\": {\r\n        \"provisioningState\": \"Succeeded\"\r\n      }\r\n    },\r\n    {\r\n      \"id\": \"/subscriptions/55f3dcd4-cac7-43b4-990b-a139d62a1eb2/resourceGroups/EGTestRP2\",\r\n      \"name\": \"EGTestRP2\",\r\n      \"location\": \"westus2\",\r\n      \"properties\": {\r\n        \"provisioningState\": \"Succeeded\"\r\n      }\r\n    },\r\n    {\r\n      \"id\": \"/subscriptions/55f3dcd4-cac7-43b4-990b-a139d62a1eb2/resourceGroups/egvm\",\r\n      \"name\": \"egvm\",\r\n      \"location\": \"westus\",\r\n      \"properties\": {\r\n        \"provisioningState\": \"Succeeded\"\r\n      }\r\n    },\r\n    {\r\n      \"id\": \"/subscriptions/55f3dcd4-cac7-43b4-990b-a139d62a1eb2/resourceGroups/eventgrid-dogfood\",\r\n      \"name\": \"eventgrid-dogfood\",\r\n      \"location\": \"southcentralus\",\r\n      \"properties\": {\r\n        \"provisioningState\": \"Succeeded\"\r\n      }\r\n    },\r\n    {\r\n      \"id\": \"/subscriptions/55f3dcd4-cac7-43b4-990b-a139d62a1eb2/resourceGroups/eventgrid-monitoring\",\r\n      \"name\": \"eventgrid-monitoring\",\r\n      \"location\": \"centralus\",\r\n      \"properties\": {\r\n        \"provisioningState\": \"Succeeded\"\r\n      }\r\n    },\r\n    {\r\n      \"id\": \"/subscriptions/55f3dcd4-cac7-43b4-990b-a139d62a1eb2/resourceGroups/EventGridDogfoodRG\",\r\n      \"name\": \"EventGridDogfoodRG\",\r\n      \"location\": \"westus\",\r\n      \"properties\": {\r\n        \"provisioningState\": \"Succeeded\"\r\n      }\r\n    },\r\n    {\r\n      \"id\": \"/subscriptions/55f3dcd4-cac7-43b4-990b-a139d62a1eb2/resourceGroups/eventgridintglobal\",\r\n      \"name\": \"eventgridintglobal\",\r\n      \"location\": \"westus2\",\r\n      \"properties\": {\r\n        \"provisioningState\": \"Succeeded\"\r\n      }\r\n    },\r\n    {\r\n      \"id\": \"/subscriptions/55f3dcd4-cac7-43b4-990b-a139d62a1eb2/resourceGroups/eventgridmonitoring\",\r\n      \"name\": \"eventgridmonitoring\",\r\n      \"location\": \"centralus\",\r\n      \"properties\": {\r\n        \"provisioningState\": \"Succeeded\"\r\n      }\r\n    },\r\n    {\r\n      \"id\": \"/subscriptions/55f3dcd4-cac7-43b4-990b-a139d62a1eb2/resourceGroups/eventgridpocv2rg\",\r\n      \"name\": \"eventgridpocv2rg\",\r\n      \"location\": \"westus2\",\r\n      \"properties\": {\r\n        \"provisioningState\": \"Succeeded\"\r\n      }\r\n    },\r\n    {\r\n      \"id\": \"/subscriptions/55f3dcd4-cac7-43b4-990b-a139d62a1eb2/resourceGroups/eventgridpocv2rg1\",\r\n      \"name\": \"eventgridpocv2rg1\",\r\n      \"location\": \"westus\",\r\n      \"properties\": {\r\n        \"provisioningState\": \"Succeeded\"\r\n      }\r\n    },\r\n    {\r\n      \"id\": \"/subscriptions/55f3dcd4-cac7-43b4-990b-a139d62a1eb2/resourceGroups/EventGridResourceGroup\",\r\n      \"name\": \"EventGridResourceGroup\",\r\n      \"location\": \"westus\",\r\n      \"properties\": {\r\n        \"provisioningState\": \"Succeeded\"\r\n      }\r\n    },\r\n    {\r\n      \"id\": \"/subscriptions/55f3dcd4-cac7-43b4-990b-a139d62a1eb2/resourceGroups/EventGridRG\",\r\n      \"name\": \"EventGridRG\",\r\n      \"location\": \"eastus\",\r\n      \"properties\": {\r\n        \"provisioningState\": \"Succeeded\"\r\n      }\r\n    },\r\n    {\r\n      \"id\": \"/subscriptions/55f3dcd4-cac7-43b4-990b-a139d62a1eb2/resourceGroups/EventGridRP2\",\r\n      \"name\": \"EventGridRP2\",\r\n      \"location\": \"westus\",\r\n      \"properties\": {\r\n        \"provisioningState\": \"Succeeded\"\r\n      }\r\n    },\r\n    {\r\n      \"id\": \"/subscriptions/55f3dcd4-cac7-43b4-990b-a139d62a1eb2/resourceGroups/eventgridtestdev\",\r\n      \"name\": \"eventgridtestdev\",\r\n      \"location\": \"westus\",\r\n      \"properties\": {\r\n        \"provisioningState\": \"Succeeded\"\r\n      }\r\n    },\r\n    {\r\n      \"id\": \"/subscriptions/55f3dcd4-cac7-43b4-990b-a139d62a1eb2/resourceGroups/EventGridTrafficManagerProfilesRG\",\r\n      \"name\": \"EventGridTrafficManagerProfilesRG\",\r\n      \"location\": \"eastus\",\r\n      \"properties\": {\r\n        \"provisioningState\": \"Succeeded\"\r\n      }\r\n    },\r\n    {\r\n      \"id\": \"/subscriptions/55f3dcd4-cac7-43b4-990b-a139d62a1eb2/resourceGroups/EventGridWestUSResourceGroup\",\r\n      \"name\": \"EventGridWestUSResourceGroup\",\r\n      \"location\": \"westus\",\r\n      \"properties\": {\r\n        \"provisioningState\": \"Succeeded\"\r\n      }\r\n    },\r\n    {\r\n      \"id\": \"/subscriptions/55f3dcd4-cac7-43b4-990b-a139d62a1eb2/resourceGroups/GenevaWarmPathManageaustraliasoutheast\",\r\n      \"name\": \"GenevaWarmPathManageaustraliasoutheast\",\r\n      \"location\": \"australiasoutheast\",\r\n      \"properties\": {\r\n        \"provisioningState\": \"Succeeded\"\r\n      }\r\n    },\r\n    {\r\n      \"id\": \"/subscriptions/55f3dcd4-cac7-43b4-990b-a139d62a1eb2/resourceGroups/GenevaWarmPathManagecentralus\",\r\n      \"name\": \"GenevaWarmPathManagecentralus\",\r\n      \"location\": \"centralus\",\r\n      \"properties\": {\r\n        \"provisioningState\": \"Succeeded\"\r\n      }\r\n    },\r\n    {\r\n      \"id\": \"/subscriptions/55f3dcd4-cac7-43b4-990b-a139d62a1eb2/resourceGroups/GenevaWarmPathManageeastasia\",\r\n      \"name\": \"GenevaWarmPathManageeastasia\",\r\n      \"location\": \"eastasia\",\r\n      \"properties\": {\r\n        \"provisioningState\": \"Succeeded\"\r\n      }\r\n    },\r\n    {\r\n      \"id\": \"/subscriptions/55f3dcd4-cac7-43b4-990b-a139d62a1eb2/resourceGroups/GenevaWarmPathManageeastus\",\r\n      \"name\": \"GenevaWarmPathManageeastus\",\r\n      \"location\": \"eastus\",\r\n      \"properties\": {\r\n        \"provisioningState\": \"Succeeded\"\r\n      }\r\n    },\r\n    {\r\n      \"id\": \"/subscriptions/55f3dcd4-cac7-43b4-990b-a139d62a1eb2/resourceGroups/GenevaWarmPathManagenortheurope\",\r\n      \"name\": \"GenevaWarmPathManagenortheurope\",\r\n      \"location\": \"northeurope\",\r\n      \"properties\": {\r\n        \"provisioningState\": \"Succeeded\"\r\n      }\r\n    },\r\n    {\r\n      \"id\": \"/subscriptions/55f3dcd4-cac7-43b4-990b-a139d62a1eb2/resourceGroups/GenevaWarmPathManagesouthcentralus\",\r\n      \"name\": \"GenevaWarmPathManagesouthcentralus\",\r\n      \"location\": \"southcentralus\",\r\n      \"properties\": {\r\n        \"provisioningState\": \"Succeeded\"\r\n      }\r\n    },\r\n    {\r\n      \"id\": \"/subscriptions/55f3dcd4-cac7-43b4-990b-a139d62a1eb2/resourceGroups/GenevaWarmPathManagewesteurope\",\r\n      \"name\": \"GenevaWarmPathManagewesteurope\",\r\n      \"location\": \"westeurope\",\r\n      \"properties\": {\r\n        \"provisioningState\": \"Succeeded\"\r\n      }\r\n    },\r\n    {\r\n      \"id\": \"/subscriptions/55f3dcd4-cac7-43b4-990b-a139d62a1eb2/resourceGroups/GenevaWarmPathManagewestus\",\r\n      \"name\": \"GenevaWarmPathManagewestus\",\r\n      \"location\": \"westus\",\r\n      \"properties\": {\r\n        \"provisioningState\": \"Succeeded\"\r\n      }\r\n    },\r\n    {\r\n      \"id\": \"/subscriptions/55f3dcd4-cac7-43b4-990b-a139d62a1eb2/resourceGroups/gremlintest\",\r\n      \"name\": \"gremlintest\",\r\n      \"location\": \"westus\",\r\n      \"properties\": {\r\n        \"provisioningState\": \"Succeeded\"\r\n      }\r\n    },\r\n    {\r\n      \"id\": \"/subscriptions/55f3dcd4-cac7-43b4-990b-a139d62a1eb2/resourceGroups/GridToHubResourceGroup\",\r\n      \"name\": \"GridToHubResourceGroup\",\r\n      \"location\": \"westus\",\r\n      \"properties\": {\r\n        \"provisioningState\": \"Succeeded\"\r\n      }\r\n    },\r\n    {\r\n      \"id\": \"/subscriptions/55f3dcd4-cac7-43b4-990b-a139d62a1eb2/resourceGroups/GridToServiceBusTest\",\r\n      \"name\": \"GridToServiceBusTest\",\r\n      \"location\": \"westus\",\r\n      \"properties\": {\r\n        \"provisioningState\": \"Succeeded\"\r\n      }\r\n    },\r\n    {\r\n      \"id\": \"/subscriptions/55f3dcd4-cac7-43b4-990b-a139d62a1eb2/resourceGroups/hannah\",\r\n      \"name\": \"hannah\",\r\n      \"location\": \"westus\",\r\n      \"properties\": {\r\n        \"provisioningState\": \"Succeeded\"\r\n      }\r\n    },\r\n    {\r\n      \"id\": \"/subscriptions/55f3dcd4-cac7-43b4-990b-a139d62a1eb2/resourceGroups/int-central\",\r\n      \"name\": \"int-central\",\r\n      \"location\": \"centralus\",\r\n      \"properties\": {\r\n        \"provisioningState\": \"Succeeded\"\r\n      }\r\n    },\r\n    {\r\n      \"id\": \"/subscriptions/55f3dcd4-cac7-43b4-990b-a139d62a1eb2/resourceGroups/KalsResourceGroupCLI\",\r\n      \"name\": \"KalsResourceGroupCLI\",\r\n      \"location\": \"westus2\",\r\n      \"properties\": {\r\n        \"provisioningState\": \"Succeeded\"\r\n      }\r\n    },\r\n    {\r\n      \"id\": \"/subscriptions/55f3dcd4-cac7-43b4-990b-a139d62a1eb2/resourceGroups/kalstest\",\r\n      \"name\": \"kalstest\",\r\n      \"location\": \"westus\",\r\n      \"properties\": {\r\n        \"provisioningState\": \"Succeeded\"\r\n      }\r\n    },\r\n    {\r\n      \"id\": \"/subscriptions/55f3dcd4-cac7-43b4-990b-a139d62a1eb2/resourceGroups/kishptestrg\",\r\n      \"name\": \"kishptestrg\",\r\n      \"location\": \"westus\",\r\n      \"properties\": {\r\n        \"provisioningState\": \"Succeeded\"\r\n      }\r\n    },\r\n    {\r\n      \"id\": \"/subscriptions/55f3dcd4-cac7-43b4-990b-a139d62a1eb2/resourceGroups/KishTestResourceGroup\",\r\n      \"name\": \"KishTestResourceGroup\",\r\n      \"location\": \"westus\",\r\n      \"properties\": {\r\n        \"provisioningState\": \"Succeeded\"\r\n      }\r\n    },\r\n    {\r\n      \"id\": \"/subscriptions/55f3dcd4-cac7-43b4-990b-a139d62a1eb2/resourceGroups/mockpublisherrp\",\r\n      \"name\": \"mockpublisherrp\",\r\n      \"location\": \"westus\",\r\n      \"properties\": {\r\n        \"provisioningState\": \"Succeeded\"\r\n      }\r\n    },\r\n    {\r\n      \"id\": \"/subscriptions/55f3dcd4-cac7-43b4-990b-a139d62a1eb2/resourceGroups/mysql\",\r\n      \"name\": \"mysql\",\r\n      \"location\": \"westus\",\r\n      \"properties\": {\r\n        \"provisioningState\": \"Succeeded\"\r\n      }\r\n    },\r\n    {\r\n      \"id\": \"/subscriptions/55f3dcd4-cac7-43b4-990b-a139d62a1eb2/resourceGroups/MyVNet\",\r\n      \"name\": \"MyVNet\",\r\n      \"location\": \"centralus\",\r\n      \"properties\": {\r\n        \"provisioningState\": \"Succeeded\"\r\n      }\r\n    },\r\n    {\r\n      \"id\": \"/subscriptions/55f3dcd4-cac7-43b4-990b-a139d62a1eb2/resourceGroups/RoutesResourceGroup\",\r\n      \"name\": \"RoutesResourceGroup\",\r\n      \"location\": \"westus\",\r\n      \"properties\": {\r\n        \"provisioningState\": \"Succeeded\"\r\n      }\r\n    },\r\n    {\r\n      \"id\": \"/subscriptions/55f3dcd4-cac7-43b4-990b-a139d62a1eb2/resourceGroups/SDKTests\",\r\n      \"name\": \"SDKTests\",\r\n      \"location\": \"westus2\",\r\n      \"properties\": {\r\n        \"provisioningState\": \"Succeeded\"\r\n      }\r\n    },\r\n    {\r\n      \"id\": \"/subscriptions/55f3dcd4-cac7-43b4-990b-a139d62a1eb2/resourceGroups/TMTestRG\",\r\n      \"name\": \"TMTestRG\",\r\n      \"location\": \"westus\",\r\n      \"properties\": {\r\n        \"provisioningState\": \"Succeeded\"\r\n      }\r\n    },\r\n    {\r\n      \"id\": \"/subscriptions/55f3dcd4-cac7-43b4-990b-a139d62a1eb2/resourceGroups/VNet\",\r\n      \"name\": \"VNet\",\r\n      \"location\": \"centralus\",\r\n      \"properties\": {\r\n        \"provisioningState\": \"Succeeded\"\r\n      }\r\n    }\r\n  ]\r\n}",
      "ResponseHeaders": {
        "Content-Type": [
          "application/json; charset=utf-8"
        ],
        "Expires": [
          "-1"
        ],
        "Cache-Control": [
          "no-cache"
        ],
        "Date": [
          "Tue, 22 Aug 2017 00:02:02 GMT"
        ],
        "Pragma": [
          "no-cache"
        ],
        "Vary": [
          "Accept-Encoding"
        ],
        "x-ms-ratelimit-remaining-subscription-reads": [
          "14944"
        ],
        "x-ms-request-id": [
          "c6a50f13-81f2-4b33-9d1f-54b1a427d15e"
        ],
        "x-ms-correlation-request-id": [
          "c6a50f13-81f2-4b33-9d1f-54b1a427d15e"
        ],
        "x-ms-routing-request-id": [
          "WESTUS2:20170822T000203Z:c6a50f13-81f2-4b33-9d1f-54b1a427d15e"
        ],
        "Strict-Transport-Security": [
          "max-age=31536000; includeSubDomains"
        ]
      },
      "StatusCode": 200
    },
    {
      "RequestUri": "/subscriptions/55f3dcd4-cac7-43b4-990b-a139d62a1eb2/resourceGroups/SDKTests/providers/Microsoft.EventGrid/topics/sdk-Topic-317?api-version=2017-06-15-preview",
      "EncodedRequestUri": "L3N1YnNjcmlwdGlvbnMvNTVmM2RjZDQtY2FjNy00M2I0LTk5MGItYTEzOWQ2MmExZWIyL3Jlc291cmNlR3JvdXBzL1NES1Rlc3RzL3Byb3ZpZGVycy9NaWNyb3NvZnQuRXZlbnRHcmlkL3RvcGljcy9zZGstVG9waWMtMzE3P2FwaS12ZXJzaW9uPTIwMTctMDYtMTUtcHJldmlldw==",
      "RequestMethod": "PUT",
      "RequestBody": "{\r\n  \"location\": \"West US 2\",\r\n  \"tags\": {\r\n    \"tag1\": \"value1\",\r\n    \"tag2\": \"value2\"\r\n  }\r\n}",
      "RequestHeaders": {
        "Content-Type": [
          "application/json; charset=utf-8"
        ],
        "Content-Length": [
          "95"
        ],
        "x-ms-client-request-id": [
          "f4723d12-f39e-483d-8623-0410c8dd08aa"
        ],
        "accept-language": [
          "en-US"
        ],
        "User-Agent": [
          "FxVersion/4.6.25211.01",
          "Microsoft.Azure.Management.EventGrid.EventGridManagementClient/1.0.0.0"
        ]
      },
      "ResponseBody": "{\r\n  \"properties\": {\r\n    \"provisioningState\": \"Creating\",\r\n    \"endpoint\": null\r\n  },\r\n  \"location\": \"West US 2\",\r\n  \"tags\": {\r\n    \"tag1\": \"value1\",\r\n    \"tag2\": \"value2\"\r\n  },\r\n  \"id\": \"/subscriptions/55f3dcd4-cac7-43b4-990b-a139d62a1eb2/resourceGroups/SDKTests/providers/Microsoft.EventGrid/topics/sdk-Topic-317\",\r\n  \"name\": \"sdk-Topic-317\",\r\n  \"type\": \"Microsoft.EventGrid/topics\"\r\n}",
      "ResponseHeaders": {
        "Content-Length": [
          "320"
        ],
        "Content-Type": [
          "application/json; charset=utf-8"
        ],
        "Expires": [
          "-1"
        ],
        "Cache-Control": [
          "no-cache"
        ],
        "Date": [
          "Tue, 22 Aug 2017 00:02:03 GMT"
        ],
        "Pragma": [
          "no-cache"
        ],
        "Retry-After": [
          "10"
        ],
        "Server": [
          "Microsoft-HTTPAPI/2.0"
        ],
        "Azure-AsyncOperation": [
          "https://management.azure.com/subscriptions/55f3dcd4-cac7-43b4-990b-a139d62a1eb2/providers/Microsoft.EventGrid/locations/westus2/operationsStatus/0AF05109-529B-4B81-A98D-3DA7B5C36B22?api-version=2017-06-15-preview"
        ],
        "x-ms-request-id": [
          "3db271fa-1aab-4614-b7fc-732862fdad76"
        ],
        "x-ms-ratelimit-remaining-subscription-writes": [
          "1199"
        ],
        "x-ms-correlation-request-id": [
          "3636c017-897e-410c-9af0-25e4a61f8920"
        ],
        "x-ms-routing-request-id": [
          "WESTUS2:20170822T000204Z:3636c017-897e-410c-9af0-25e4a61f8920"
        ],
        "Strict-Transport-Security": [
          "max-age=31536000; includeSubDomains"
        ]
      },
      "StatusCode": 201
    },
    {
      "RequestUri": "/subscriptions/55f3dcd4-cac7-43b4-990b-a139d62a1eb2/providers/Microsoft.EventGrid/locations/westus2/operationsStatus/0AF05109-529B-4B81-A98D-3DA7B5C36B22?api-version=2017-06-15-preview",
      "EncodedRequestUri": "L3N1YnNjcmlwdGlvbnMvNTVmM2RjZDQtY2FjNy00M2I0LTk5MGItYTEzOWQ2MmExZWIyL3Byb3ZpZGVycy9NaWNyb3NvZnQuRXZlbnRHcmlkL2xvY2F0aW9ucy93ZXN0dXMyL29wZXJhdGlvbnNTdGF0dXMvMEFGMDUxMDktNTI5Qi00QjgxLUE5OEQtM0RBN0I1QzM2QjIyP2FwaS12ZXJzaW9uPTIwMTctMDYtMTUtcHJldmlldw==",
      "RequestMethod": "GET",
      "RequestBody": "",
      "RequestHeaders": {
        "User-Agent": [
          "FxVersion/4.6.25211.01",
          "Microsoft.Azure.Management.EventGrid.EventGridManagementClient/1.0.0.0"
        ]
      },
      "ResponseBody": "{\r\n  \"id\": \"https://management.azure.com/subscriptions/55f3dcd4-cac7-43b4-990b-a139d62a1eb2/providers/Microsoft.EventGrid/locations/westus2/operationsStatus/0AF05109-529B-4B81-A98D-3DA7B5C36B22?api-version=2017-06-15-preview\",\r\n  \"name\": \"0af05109-529b-4b81-a98d-3da7b5c36b22\",\r\n  \"status\": \"Succeeded\"\r\n}",
      "ResponseHeaders": {
        "Content-Type": [
          "application/json; charset=utf-8"
        ],
        "Expires": [
          "-1"
        ],
        "Cache-Control": [
          "no-cache"
        ],
        "Date": [
          "Tue, 22 Aug 2017 00:02:33 GMT"
        ],
        "Pragma": [
          "no-cache"
        ],
        "Transfer-Encoding": [
          "chunked"
        ],
        "Server": [
          "Microsoft-HTTPAPI/2.0"
        ],
        "Vary": [
          "Accept-Encoding"
        ],
        "x-ms-request-id": [
          "00196502-64d5-49b7-ac1c-3c40a6c7516d"
        ],
        "x-ms-ratelimit-remaining-subscription-reads": [
          "14945"
        ],
        "x-ms-correlation-request-id": [
          "0e690a68-f7f0-44da-920d-93e0223638a4"
        ],
        "x-ms-routing-request-id": [
          "WESTUS2:20170822T000234Z:0e690a68-f7f0-44da-920d-93e0223638a4"
        ],
        "Strict-Transport-Security": [
          "max-age=31536000; includeSubDomains"
        ]
      },
      "StatusCode": 200
    },
    {
      "RequestUri": "/subscriptions/55f3dcd4-cac7-43b4-990b-a139d62a1eb2/resourceGroups/SDKTests/providers/Microsoft.EventGrid/topics/sdk-Topic-317?api-version=2017-06-15-preview",
      "EncodedRequestUri": "L3N1YnNjcmlwdGlvbnMvNTVmM2RjZDQtY2FjNy00M2I0LTk5MGItYTEzOWQ2MmExZWIyL3Jlc291cmNlR3JvdXBzL1NES1Rlc3RzL3Byb3ZpZGVycy9NaWNyb3NvZnQuRXZlbnRHcmlkL3RvcGljcy9zZGstVG9waWMtMzE3P2FwaS12ZXJzaW9uPTIwMTctMDYtMTUtcHJldmlldw==",
      "RequestMethod": "GET",
      "RequestBody": "",
      "RequestHeaders": {
        "User-Agent": [
          "FxVersion/4.6.25211.01",
          "Microsoft.Azure.Management.EventGrid.EventGridManagementClient/1.0.0.0"
        ]
      },
      "ResponseBody": "{\r\n  \"properties\": {\r\n    \"provisioningState\": \"Succeeded\",\r\n    \"endpoint\": \"https://sdk-topic-317.westus2-1.eventgrid.azure.net/api/events\"\r\n  },\r\n  \"location\": \"West US 2\",\r\n  \"tags\": {\r\n    \"tag1\": \"value1\",\r\n    \"tag2\": \"value2\"\r\n  },\r\n  \"id\": \"/subscriptions/55f3dcd4-cac7-43b4-990b-a139d62a1eb2/resourceGroups/SDKTests/providers/Microsoft.EventGrid/topics/sdk-Topic-317\",\r\n  \"name\": \"sdk-Topic-317\",\r\n  \"type\": \"Microsoft.EventGrid/topics\"\r\n}",
      "ResponseHeaders": {
        "Content-Type": [
          "application/json; charset=utf-8"
        ],
        "Expires": [
          "-1"
        ],
        "Cache-Control": [
          "no-cache"
        ],
        "Date": [
          "Tue, 22 Aug 2017 00:02:34 GMT"
        ],
        "Pragma": [
          "no-cache"
        ],
        "Transfer-Encoding": [
          "chunked"
        ],
        "Server": [
          "Microsoft-HTTPAPI/2.0"
        ],
        "Vary": [
          "Accept-Encoding"
        ],
        "x-ms-request-id": [
          "d2b7295e-2c1d-4a99-91c9-8f167e9e202d"
        ],
        "x-ms-ratelimit-remaining-subscription-reads": [
          "14944"
        ],
        "x-ms-correlation-request-id": [
          "1a967642-4927-4fd7-b79c-009fa959a9fb"
        ],
        "x-ms-routing-request-id": [
          "WESTUS2:20170822T000234Z:1a967642-4927-4fd7-b79c-009fa959a9fb"
        ],
        "Strict-Transport-Security": [
          "max-age=31536000; includeSubDomains"
        ]
      },
      "StatusCode": 200
    },
    {
      "RequestUri": "/subscriptions/55f3dcd4-cac7-43b4-990b-a139d62a1eb2/resourceGroups/SDKTests/providers/Microsoft.EventGrid/topics/sdk-Topic-317?api-version=2017-06-15-preview",
      "EncodedRequestUri": "L3N1YnNjcmlwdGlvbnMvNTVmM2RjZDQtY2FjNy00M2I0LTk5MGItYTEzOWQ2MmExZWIyL3Jlc291cmNlR3JvdXBzL1NES1Rlc3RzL3Byb3ZpZGVycy9NaWNyb3NvZnQuRXZlbnRHcmlkL3RvcGljcy9zZGstVG9waWMtMzE3P2FwaS12ZXJzaW9uPTIwMTctMDYtMTUtcHJldmlldw==",
      "RequestMethod": "GET",
      "RequestBody": "",
      "RequestHeaders": {
        "x-ms-client-request-id": [
          "47b569db-a057-49ac-b3a6-7d4df377d29d"
        ],
        "accept-language": [
          "en-US"
        ],
        "User-Agent": [
          "FxVersion/4.6.25211.01",
          "Microsoft.Azure.Management.EventGrid.EventGridManagementClient/1.0.0.0"
        ]
      },
      "ResponseBody": "{\r\n  \"properties\": {\r\n    \"provisioningState\": \"Succeeded\",\r\n    \"endpoint\": \"https://sdk-topic-317.westus2-1.eventgrid.azure.net/api/events\"\r\n  },\r\n  \"location\": \"West US 2\",\r\n  \"tags\": {\r\n    \"tag1\": \"value1\",\r\n    \"tag2\": \"value2\"\r\n  },\r\n  \"id\": \"/subscriptions/55f3dcd4-cac7-43b4-990b-a139d62a1eb2/resourceGroups/SDKTests/providers/Microsoft.EventGrid/topics/sdk-Topic-317\",\r\n  \"name\": \"sdk-Topic-317\",\r\n  \"type\": \"Microsoft.EventGrid/topics\"\r\n}",
      "ResponseHeaders": {
        "Content-Type": [
          "application/json; charset=utf-8"
        ],
        "Expires": [
          "-1"
        ],
        "Cache-Control": [
          "no-cache"
        ],
        "Date": [
          "Tue, 22 Aug 2017 00:02:39 GMT"
        ],
        "Pragma": [
          "no-cache"
        ],
        "Transfer-Encoding": [
          "chunked"
        ],
        "Server": [
          "Microsoft-HTTPAPI/2.0"
        ],
        "Vary": [
          "Accept-Encoding"
        ],
        "x-ms-request-id": [
          "6f9cf993-0011-4c64-8c3f-f44aac348cd5"
        ],
        "x-ms-ratelimit-remaining-subscription-reads": [
          "14943"
        ],
        "x-ms-correlation-request-id": [
          "4c9a373a-cd46-4a02-8d36-a623acc8fb5d"
        ],
        "x-ms-routing-request-id": [
          "WESTUS2:20170822T000239Z:4c9a373a-cd46-4a02-8d36-a623acc8fb5d"
        ],
        "Strict-Transport-Security": [
          "max-age=31536000; includeSubDomains"
        ]
      },
      "StatusCode": 200
    },
    {
      "RequestUri": "/subscriptions/55f3dcd4-cac7-43b4-990b-a139d62a1eb2/resourceGroups/SDKTests/providers/Microsoft.EventGrid/topics/sdk-Topic-317?api-version=2017-06-15-preview",
      "EncodedRequestUri": "L3N1YnNjcmlwdGlvbnMvNTVmM2RjZDQtY2FjNy00M2I0LTk5MGItYTEzOWQ2MmExZWIyL3Jlc291cmNlR3JvdXBzL1NES1Rlc3RzL3Byb3ZpZGVycy9NaWNyb3NvZnQuRXZlbnRHcmlkL3RvcGljcy9zZGstVG9waWMtMzE3P2FwaS12ZXJzaW9uPTIwMTctMDYtMTUtcHJldmlldw==",
      "RequestMethod": "GET",
      "RequestBody": "",
      "RequestHeaders": {
        "x-ms-client-request-id": [
          "19f65ba6-1fdf-4e2b-9f88-f54ea82dd1ac"
        ],
        "accept-language": [
          "en-US"
        ],
        "User-Agent": [
          "FxVersion/4.6.25211.01",
          "Microsoft.Azure.Management.EventGrid.EventGridManagementClient/1.0.0.0"
        ]
      },
      "ResponseBody": "{\r\n  \"properties\": {\r\n    \"provisioningState\": \"Succeeded\",\r\n    \"endpoint\": \"https://sdk-topic-317.westus2-1.eventgrid.azure.net/api/events\"\r\n  },\r\n  \"location\": \"West US 2\",\r\n  \"tags\": {\r\n    \"tag1\": \"value1\",\r\n    \"tag2\": \"value2\"\r\n  },\r\n  \"id\": \"/subscriptions/55f3dcd4-cac7-43b4-990b-a139d62a1eb2/resourceGroups/SDKTests/providers/Microsoft.EventGrid/topics/sdk-Topic-317\",\r\n  \"name\": \"sdk-Topic-317\",\r\n  \"type\": \"Microsoft.EventGrid/topics\"\r\n}",
      "ResponseHeaders": {
        "Content-Type": [
          "application/json; charset=utf-8"
        ],
        "Expires": [
          "-1"
        ],
        "Cache-Control": [
          "no-cache"
        ],
        "Date": [
          "Tue, 22 Aug 2017 00:02:39 GMT"
        ],
        "Pragma": [
          "no-cache"
        ],
        "Transfer-Encoding": [
          "chunked"
        ],
        "Server": [
          "Microsoft-HTTPAPI/2.0"
        ],
        "Vary": [
          "Accept-Encoding"
        ],
        "x-ms-request-id": [
          "225e50a7-2d81-4352-850b-09164dfc91e2"
        ],
        "x-ms-ratelimit-remaining-subscription-reads": [
          "14942"
        ],
        "x-ms-correlation-request-id": [
          "e851540c-83d6-4a7a-8fe1-2f156eeeef94"
        ],
        "x-ms-routing-request-id": [
          "WESTUS2:20170822T000239Z:e851540c-83d6-4a7a-8fe1-2f156eeeef94"
        ],
        "Strict-Transport-Security": [
          "max-age=31536000; includeSubDomains"
        ]
      },
      "StatusCode": 200
    },
    {
      "RequestUri": "//subscriptions/55f3dcd4-cac7-43b4-990b-a139d62a1eb2/resourceGroups/SDKTests/providers/Microsoft.EventGrid/topics/sdk-Topic-317/providers/Microsoft.EventGrid/eventSubscriptions/sdk-EventSubscription-5311?api-version=2017-06-15-preview",
      "EncodedRequestUri": "Ly9zdWJzY3JpcHRpb25zLzU1ZjNkY2Q0LWNhYzctNDNiNC05OTBiLWExMzlkNjJhMWViMi9yZXNvdXJjZUdyb3Vwcy9TREtUZXN0cy9wcm92aWRlcnMvTWljcm9zb2Z0LkV2ZW50R3JpZC90b3BpY3Mvc2RrLVRvcGljLTMxNy9wcm92aWRlcnMvTWljcm9zb2Z0LkV2ZW50R3JpZC9ldmVudFN1YnNjcmlwdGlvbnMvc2RrLUV2ZW50U3Vic2NyaXB0aW9uLTUzMTE/YXBpLXZlcnNpb249MjAxNy0wNi0xNS1wcmV2aWV3",
      "RequestMethod": "PUT",
      "RequestBody": "{\r\n  \"properties\": {\r\n    \"destination\": {\r\n      \"endpointType\": \"WebHook\",\r\n      \"properties\": {\r\n        \"endpointUrl\": \"https://requestb.in/z5gv8oz5\"\r\n      }\r\n    },\r\n    \"filter\": {\r\n      \"subjectBeginsWith\": \"TestPrefix\",\r\n      \"subjectEndsWith\": \"TestSuffix\",\r\n      \"includedEventTypes\": [\r\n        \"All\"\r\n      ],\r\n      \"isSubjectCaseSensitive\": true\r\n    },\r\n    \"labels\": [\r\n      \"TestLabel1\",\r\n      \"TestLabel2\"\r\n    ]\r\n  }\r\n}",
      "RequestHeaders": {
        "Content-Type": [
          "application/json; charset=utf-8"
        ],
        "Content-Length": [
          "445"
        ],
        "x-ms-client-request-id": [
          "58c0ff7d-3a49-40c5-b22b-5d79f7ca590b"
        ],
        "accept-language": [
          "en-US"
        ],
        "User-Agent": [
          "FxVersion/4.6.25211.01",
          "Microsoft.Azure.Management.EventGrid.EventGridManagementClient/1.0.0.0"
        ]
      },
      "ResponseBody": "{\r\n  \"properties\": {\r\n    \"topic\": \"/subscriptions/55f3dcd4-cac7-43b4-990b-a139d62a1eb2/resourceGroups/sdktests/providers/microsoft.eventgrid/topics/sdk-topic-317\",\r\n    \"provisioningState\": \"Creating\",\r\n    \"destination\": {\r\n      \"endpointType\": \"WebHook\",\r\n      \"properties\": {\r\n        \"endpointBaseUrl\": \"https://requestb.in/z5gv8oz5\"\r\n      }\r\n    },\r\n    \"filter\": {\r\n      \"subjectBeginsWith\": \"TestPrefix\",\r\n      \"subjectEndsWith\": \"TestSuffix\",\r\n      \"includedEventTypes\": [\r\n        \"All\"\r\n      ],\r\n      \"isSubjectCaseSensitive\": true\r\n    },\r\n    \"labels\": [\r\n      \"TestLabel1\",\r\n      \"TestLabel2\"\r\n    ]\r\n  },\r\n  \"id\": \"/subscriptions/55f3dcd4-cac7-43b4-990b-a139d62a1eb2/resourceGroups/SDKTests/providers/Microsoft.EventGrid/topics/sdk-Topic-317/providers/Microsoft.EventGrid/eventSubscriptions/sdk-EventSubscription-5311\",\r\n  \"name\": \"sdk-EventSubscription-5311\",\r\n  \"type\": \"Microsoft.EventGrid/eventSubscriptions\"\r\n}",
      "ResponseHeaders": {
        "Content-Length": [
          "754"
        ],
        "Content-Type": [
          "application/json; charset=utf-8"
        ],
        "Expires": [
          "-1"
        ],
        "Cache-Control": [
          "no-cache"
        ],
        "Date": [
          "Tue, 22 Aug 2017 00:02:39 GMT"
        ],
        "Pragma": [
          "no-cache"
        ],
        "Retry-After": [
          "10"
        ],
        "Server": [
          "Microsoft-HTTPAPI/2.0"
        ],
        "Azure-AsyncOperation": [
          "https://management.azure.com/subscriptions/55f3dcd4-cac7-43b4-990b-a139d62a1eb2/providers/Microsoft.EventGrid/locations/westus2/operationsStatus/5F7780EE-CAE6-4CF7-A43F-0C9E42909624?api-version=2017-06-15-preview"
        ],
        "x-ms-request-id": [
          "aa6903a9-ea83-4910-9aab-77635681f825"
        ],
        "x-ms-ratelimit-remaining-subscription-writes": [
          "1198"
        ],
        "x-ms-correlation-request-id": [
          "40e5ea9d-fdd1-4110-8a86-9f7d250577fc"
        ],
        "x-ms-routing-request-id": [
          "WESTUS2:20170822T000239Z:40e5ea9d-fdd1-4110-8a86-9f7d250577fc"
        ],
        "Strict-Transport-Security": [
          "max-age=31536000; includeSubDomains"
        ]
      },
      "StatusCode": 201
    },
    {
      "RequestUri": "/subscriptions/55f3dcd4-cac7-43b4-990b-a139d62a1eb2/providers/Microsoft.EventGrid/locations/westus2/operationsStatus/5F7780EE-CAE6-4CF7-A43F-0C9E42909624?api-version=2017-06-15-preview",
      "EncodedRequestUri": "L3N1YnNjcmlwdGlvbnMvNTVmM2RjZDQtY2FjNy00M2I0LTk5MGItYTEzOWQ2MmExZWIyL3Byb3ZpZGVycy9NaWNyb3NvZnQuRXZlbnRHcmlkL2xvY2F0aW9ucy93ZXN0dXMyL29wZXJhdGlvbnNTdGF0dXMvNUY3NzgwRUUtQ0FFNi00Q0Y3LUE0M0YtMEM5RTQyOTA5NjI0P2FwaS12ZXJzaW9uPTIwMTctMDYtMTUtcHJldmlldw==",
      "RequestMethod": "GET",
      "RequestBody": "",
      "RequestHeaders": {
        "User-Agent": [
          "FxVersion/4.6.25211.01",
          "Microsoft.Azure.Management.EventGrid.EventGridManagementClient/1.0.0.0"
        ]
      },
      "ResponseBody": "{\r\n  \"id\": \"https://management.azure.com/subscriptions/55f3dcd4-cac7-43b4-990b-a139d62a1eb2/providers/Microsoft.EventGrid/locations/westus2/operationsStatus/5F7780EE-CAE6-4CF7-A43F-0C9E42909624?api-version=2017-06-15-preview\",\r\n  \"name\": \"5f7780ee-cae6-4cf7-a43f-0c9e42909624\",\r\n  \"status\": \"Succeeded\"\r\n}",
      "ResponseHeaders": {
        "Content-Type": [
          "application/json; charset=utf-8"
        ],
        "Expires": [
          "-1"
        ],
        "Cache-Control": [
          "no-cache"
        ],
        "Date": [
          "Tue, 22 Aug 2017 00:03:09 GMT"
        ],
        "Pragma": [
          "no-cache"
        ],
        "Transfer-Encoding": [
          "chunked"
        ],
        "Server": [
          "Microsoft-HTTPAPI/2.0"
        ],
        "Vary": [
          "Accept-Encoding"
        ],
        "x-ms-request-id": [
          "666040fa-9470-498d-bc25-d216a134db25"
        ],
        "x-ms-ratelimit-remaining-subscription-reads": [
          "14941"
        ],
        "x-ms-correlation-request-id": [
          "0a86189a-fbc5-41bf-b248-128cde432c74"
        ],
        "x-ms-routing-request-id": [
          "WESTUS2:20170822T000310Z:0a86189a-fbc5-41bf-b248-128cde432c74"
        ],
        "Strict-Transport-Security": [
          "max-age=31536000; includeSubDomains"
        ]
      },
      "StatusCode": 200
    },
    {
      "RequestUri": "//subscriptions/55f3dcd4-cac7-43b4-990b-a139d62a1eb2/resourceGroups/SDKTests/providers/Microsoft.EventGrid/topics/sdk-Topic-317/providers/Microsoft.EventGrid/eventSubscriptions/sdk-EventSubscription-5311?api-version=2017-06-15-preview",
      "EncodedRequestUri": "Ly9zdWJzY3JpcHRpb25zLzU1ZjNkY2Q0LWNhYzctNDNiNC05OTBiLWExMzlkNjJhMWViMi9yZXNvdXJjZUdyb3Vwcy9TREtUZXN0cy9wcm92aWRlcnMvTWljcm9zb2Z0LkV2ZW50R3JpZC90b3BpY3Mvc2RrLVRvcGljLTMxNy9wcm92aWRlcnMvTWljcm9zb2Z0LkV2ZW50R3JpZC9ldmVudFN1YnNjcmlwdGlvbnMvc2RrLUV2ZW50U3Vic2NyaXB0aW9uLTUzMTE/YXBpLXZlcnNpb249MjAxNy0wNi0xNS1wcmV2aWV3",
      "RequestMethod": "GET",
      "RequestBody": "",
      "RequestHeaders": {
        "User-Agent": [
          "FxVersion/4.6.25211.01",
          "Microsoft.Azure.Management.EventGrid.EventGridManagementClient/1.0.0.0"
        ]
      },
      "ResponseBody": "{\r\n  \"properties\": {\r\n    \"topic\": \"/subscriptions/55f3dcd4-cac7-43b4-990b-a139d62a1eb2/resourceGroups/sdktests/providers/microsoft.eventgrid/topics/sdk-topic-317\",\r\n    \"provisioningState\": \"Succeeded\",\r\n    \"destination\": {\r\n      \"endpointType\": \"WebHook\",\r\n      \"properties\": {\r\n        \"endpointBaseUrl\": \"https://requestb.in/z5gv8oz5\"\r\n      }\r\n    },\r\n    \"filter\": {\r\n      \"subjectBeginsWith\": \"TestPrefix\",\r\n      \"subjectEndsWith\": \"TestSuffix\",\r\n      \"includedEventTypes\": [\r\n        \"All\"\r\n      ],\r\n      \"isSubjectCaseSensitive\": true\r\n    },\r\n    \"labels\": [\r\n      \"TestLabel1\",\r\n      \"TestLabel2\"\r\n    ]\r\n  },\r\n  \"id\": \"/subscriptions/55f3dcd4-cac7-43b4-990b-a139d62a1eb2/resourceGroups/SDKTests/providers/Microsoft.EventGrid/topics/sdk-Topic-317/providers/Microsoft.EventGrid/eventSubscriptions/sdk-EventSubscription-5311\",\r\n  \"name\": \"sdk-EventSubscription-5311\",\r\n  \"type\": \"Microsoft.EventGrid/eventSubscriptions\"\r\n}",
      "ResponseHeaders": {
        "Content-Type": [
          "application/json; charset=utf-8"
        ],
        "Expires": [
          "-1"
        ],
        "Cache-Control": [
          "no-cache"
        ],
        "Date": [
          "Tue, 22 Aug 2017 00:03:09 GMT"
        ],
        "Pragma": [
          "no-cache"
        ],
        "Transfer-Encoding": [
          "chunked"
        ],
        "Server": [
          "Microsoft-HTTPAPI/2.0"
        ],
        "Vary": [
          "Accept-Encoding"
        ],
        "x-ms-request-id": [
          "6131981b-ca61-4d46-bb0b-024cf62d2557"
        ],
        "x-ms-ratelimit-remaining-subscription-reads": [
          "14940"
        ],
        "x-ms-correlation-request-id": [
          "27d46614-c34a-4905-b12d-a346039a415c"
        ],
        "x-ms-routing-request-id": [
          "WESTUS2:20170822T000310Z:27d46614-c34a-4905-b12d-a346039a415c"
        ],
        "Strict-Transport-Security": [
          "max-age=31536000; includeSubDomains"
        ]
      },
      "StatusCode": 200
    },
    {
      "RequestUri": "//subscriptions/55f3dcd4-cac7-43b4-990b-a139d62a1eb2/resourceGroups/SDKTests/providers/Microsoft.EventGrid/topics/sdk-Topic-317/providers/Microsoft.EventGrid/eventSubscriptions/sdk-EventSubscription-5311?api-version=2017-06-15-preview",
      "EncodedRequestUri": "Ly9zdWJzY3JpcHRpb25zLzU1ZjNkY2Q0LWNhYzctNDNiNC05OTBiLWExMzlkNjJhMWViMi9yZXNvdXJjZUdyb3Vwcy9TREtUZXN0cy9wcm92aWRlcnMvTWljcm9zb2Z0LkV2ZW50R3JpZC90b3BpY3Mvc2RrLVRvcGljLTMxNy9wcm92aWRlcnMvTWljcm9zb2Z0LkV2ZW50R3JpZC9ldmVudFN1YnNjcmlwdGlvbnMvc2RrLUV2ZW50U3Vic2NyaXB0aW9uLTUzMTE/YXBpLXZlcnNpb249MjAxNy0wNi0xNS1wcmV2aWV3",
      "RequestMethod": "GET",
      "RequestBody": "",
      "RequestHeaders": {
        "x-ms-client-request-id": [
          "756440e2-80e2-40e0-8996-2c51e7f71e58"
        ],
        "accept-language": [
          "en-US"
        ],
        "User-Agent": [
          "FxVersion/4.6.25211.01",
          "Microsoft.Azure.Management.EventGrid.EventGridManagementClient/1.0.0.0"
        ]
      },
      "ResponseBody": "{\r\n  \"properties\": {\r\n    \"topic\": \"/subscriptions/55f3dcd4-cac7-43b4-990b-a139d62a1eb2/resourceGroups/sdktests/providers/microsoft.eventgrid/topics/sdk-topic-317\",\r\n    \"provisioningState\": \"Succeeded\",\r\n    \"destination\": {\r\n      \"endpointType\": \"WebHook\",\r\n      \"properties\": {\r\n        \"endpointBaseUrl\": \"https://requestb.in/z5gv8oz5\"\r\n      }\r\n    },\r\n    \"filter\": {\r\n      \"subjectBeginsWith\": \"TestPrefix\",\r\n      \"subjectEndsWith\": \"TestSuffix\",\r\n      \"includedEventTypes\": [\r\n        \"All\"\r\n      ],\r\n      \"isSubjectCaseSensitive\": true\r\n    },\r\n    \"labels\": [\r\n      \"TestLabel1\",\r\n      \"TestLabel2\"\r\n    ]\r\n  },\r\n  \"id\": \"/subscriptions/55f3dcd4-cac7-43b4-990b-a139d62a1eb2/resourceGroups/SDKTests/providers/Microsoft.EventGrid/topics/sdk-Topic-317/providers/Microsoft.EventGrid/eventSubscriptions/sdk-EventSubscription-5311\",\r\n  \"name\": \"sdk-EventSubscription-5311\",\r\n  \"type\": \"Microsoft.EventGrid/eventSubscriptions\"\r\n}",
      "ResponseHeaders": {
        "Content-Type": [
          "application/json; charset=utf-8"
        ],
        "Expires": [
          "-1"
        ],
        "Cache-Control": [
          "no-cache"
        ],
        "Date": [
          "Tue, 22 Aug 2017 00:03:14 GMT"
        ],
        "Pragma": [
          "no-cache"
        ],
        "Transfer-Encoding": [
          "chunked"
        ],
        "Server": [
          "Microsoft-HTTPAPI/2.0"
        ],
        "Vary": [
          "Accept-Encoding"
        ],
        "x-ms-request-id": [
          "0cd4ca7f-b3b5-42ee-9d21-da9e1665f242"
        ],
        "x-ms-ratelimit-remaining-subscription-reads": [
          "14939"
        ],
        "x-ms-correlation-request-id": [
          "f19c1995-5db3-4ac2-8459-91b4ab64d374"
        ],
        "x-ms-routing-request-id": [
          "WESTUS2:20170822T000315Z:f19c1995-5db3-4ac2-8459-91b4ab64d374"
        ],
        "Strict-Transport-Security": [
          "max-age=31536000; includeSubDomains"
        ]
      },
      "StatusCode": 200
    },
    {
      "RequestUri": "//subscriptions/55f3dcd4-cac7-43b4-990b-a139d62a1eb2/resourceGroups/SDKTests/providers/Microsoft.EventGrid/topics/sdk-Topic-317/providers/Microsoft.EventGrid/eventSubscriptions/sdk-EventSubscription-5311?api-version=2017-06-15-preview",
      "EncodedRequestUri": "Ly9zdWJzY3JpcHRpb25zLzU1ZjNkY2Q0LWNhYzctNDNiNC05OTBiLWExMzlkNjJhMWViMi9yZXNvdXJjZUdyb3Vwcy9TREtUZXN0cy9wcm92aWRlcnMvTWljcm9zb2Z0LkV2ZW50R3JpZC90b3BpY3Mvc2RrLVRvcGljLTMxNy9wcm92aWRlcnMvTWljcm9zb2Z0LkV2ZW50R3JpZC9ldmVudFN1YnNjcmlwdGlvbnMvc2RrLUV2ZW50U3Vic2NyaXB0aW9uLTUzMTE/YXBpLXZlcnNpb249MjAxNy0wNi0xNS1wcmV2aWV3",
      "RequestMethod": "GET",
      "RequestBody": "",
      "RequestHeaders": {
        "x-ms-client-request-id": [
          "fdc504f3-9971-4ba8-987e-fcfb070687a3"
        ],
        "accept-language": [
          "en-US"
        ],
        "User-Agent": [
          "FxVersion/4.6.25211.01",
          "Microsoft.Azure.Management.EventGrid.EventGridManagementClient/1.0.0.0"
        ]
      },
      "ResponseBody": "{\r\n  \"properties\": {\r\n    \"topic\": \"/subscriptions/55f3dcd4-cac7-43b4-990b-a139d62a1eb2/resourceGroups/sdktests/providers/microsoft.eventgrid/topics/sdk-topic-317\",\r\n    \"provisioningState\": \"Succeeded\",\r\n    \"destination\": {\r\n      \"endpointType\": \"WebHook\",\r\n      \"properties\": {\r\n        \"endpointBaseUrl\": \"https://requestb.in/z5gv8oz5\"\r\n      }\r\n    },\r\n    \"filter\": {\r\n      \"subjectBeginsWith\": \"TestPrefix\",\r\n      \"subjectEndsWith\": \"TestSuffix\",\r\n      \"includedEventTypes\": [\r\n        \"All\"\r\n      ],\r\n      \"isSubjectCaseSensitive\": true\r\n    },\r\n    \"labels\": [\r\n      \"TestLabel1\",\r\n      \"TestLabel2\"\r\n    ]\r\n  },\r\n  \"id\": \"/subscriptions/55f3dcd4-cac7-43b4-990b-a139d62a1eb2/resourceGroups/SDKTests/providers/Microsoft.EventGrid/topics/sdk-Topic-317/providers/Microsoft.EventGrid/eventSubscriptions/sdk-EventSubscription-5311\",\r\n  \"name\": \"sdk-EventSubscription-5311\",\r\n  \"type\": \"Microsoft.EventGrid/eventSubscriptions\"\r\n}",
      "ResponseHeaders": {
        "Content-Type": [
          "application/json; charset=utf-8"
        ],
        "Expires": [
          "-1"
        ],
        "Cache-Control": [
          "no-cache"
        ],
        "Date": [
          "Tue, 22 Aug 2017 00:03:14 GMT"
        ],
        "Pragma": [
          "no-cache"
        ],
        "Transfer-Encoding": [
          "chunked"
        ],
        "Server": [
          "Microsoft-HTTPAPI/2.0"
        ],
        "Vary": [
          "Accept-Encoding"
        ],
        "x-ms-request-id": [
          "c0c3f362-68ef-41a6-a214-5c03d2b00539"
        ],
        "x-ms-ratelimit-remaining-subscription-reads": [
          "14938"
        ],
        "x-ms-correlation-request-id": [
          "2bb5208e-e3d4-4a3a-bf0f-bd9ce5992740"
        ],
        "x-ms-routing-request-id": [
          "WESTUS2:20170822T000315Z:2bb5208e-e3d4-4a3a-bf0f-bd9ce5992740"
        ],
        "Strict-Transport-Security": [
          "max-age=31536000; includeSubDomains"
        ]
      },
      "StatusCode": 200
    },
    {
      "RequestUri": "/subscriptions/55f3dcd4-cac7-43b4-990b-a139d62a1eb2/resourceGroups/SDKTests/providers/Microsoft.EventGrid/locations/West%20US%202/eventSubscriptions?api-version=2017-06-15-preview",
      "EncodedRequestUri": "L3N1YnNjcmlwdGlvbnMvNTVmM2RjZDQtY2FjNy00M2I0LTk5MGItYTEzOWQ2MmExZWIyL3Jlc291cmNlR3JvdXBzL1NES1Rlc3RzL3Byb3ZpZGVycy9NaWNyb3NvZnQuRXZlbnRHcmlkL2xvY2F0aW9ucy9XZXN0JTIwVVMlMjAyL2V2ZW50U3Vic2NyaXB0aW9ucz9hcGktdmVyc2lvbj0yMDE3LTA2LTE1LXByZXZpZXc=",
      "RequestMethod": "GET",
      "RequestBody": "",
      "RequestHeaders": {
        "x-ms-client-request-id": [
          "c15a80e5-7dc6-4b4c-9728-7419920e4666"
        ],
        "accept-language": [
          "en-US"
        ],
        "User-Agent": [
          "FxVersion/4.6.25211.01",
          "Microsoft.Azure.Management.EventGrid.EventGridManagementClient/1.0.0.0"
        ]
      },
      "ResponseBody": "{\r\n  \"value\": [\r\n    {\r\n      \"properties\": {\r\n        \"topic\": \"/subscriptions/55f3dcd4-cac7-43b4-990b-a139d62a1eb2/resourceGroups/sdktests/providers/microsoft.eventgrid/topics/sdk-topic-4182\",\r\n        \"provisioningState\": \"Updating\",\r\n        \"destination\": {\r\n          \"endpointType\": \"WebHook\",\r\n          \"properties\": {\r\n            \"endpointBaseUrl\": \"https://requestb.in/z5gv8oz5\"\r\n          }\r\n        },\r\n        \"filter\": {\r\n          \"subjectBeginsWith\": \"TestPrefix\",\r\n          \"subjectEndsWith\": \"TestSuffix\",\r\n          \"includedEventTypes\": [\r\n            \"All\"\r\n          ],\r\n          \"isSubjectCaseSensitive\": true\r\n        },\r\n        \"labels\": [\r\n          \"TestLabel1\",\r\n          \"TestLabel2\"\r\n        ]\r\n      },\r\n      \"id\": \"/subscriptions/55f3dcd4-cac7-43b4-990b-a139d62a1eb2/resourceGroups/SDKTests/providers/Microsoft.EventGrid/topics/sdk-Topic-4182/providers/Microsoft.EventGrid/eventSubscriptions/sdk-EventSubscription-148\",\r\n      \"name\": \"sdk-EventSubscription-148\",\r\n      \"type\": \"Microsoft.EventGrid/eventSubscriptions\"\r\n    },\r\n    {\r\n      \"properties\": {\r\n        \"topic\": \"/subscriptions/55f3dcd4-cac7-43b4-990b-a139d62a1eb2/resourceGroups/sdktests/providers/microsoft.eventgrid/topics/sdk-topic-9845\",\r\n        \"provisioningState\": \"Succeeded\",\r\n        \"destination\": {\r\n          \"endpointType\": \"WebHook\",\r\n          \"properties\": {\r\n            \"endpointBaseUrl\": \"https://requestb.in/wmhzzqwm\"\r\n          }\r\n        },\r\n        \"filter\": {\r\n          \"subjectBeginsWith\": \"TestPrefix\",\r\n          \"subjectEndsWith\": \".jpg\",\r\n          \"includedEventTypes\": [\r\n            \"Event1\",\r\n            \"Event2\"\r\n          ]\r\n        },\r\n        \"labels\": [\r\n          \"UpdatedLabel1\",\r\n          \"UpdatedLabel2\"\r\n        ]\r\n      },\r\n      \"id\": \"/subscriptions/55f3dcd4-cac7-43b4-990b-a139d62a1eb2/resourceGroups/SDKTests/providers/Microsoft.EventGrid/topics/sdk-Topic-9845/providers/Microsoft.EventGrid/eventSubscriptions/sdk-EventSubscription-7720\",\r\n      \"name\": \"sdk-EventSubscription-7720\",\r\n      \"type\": \"Microsoft.EventGrid/eventSubscriptions\"\r\n    },\r\n    {\r\n      \"properties\": {\r\n        \"topic\": \"/subscriptions/55f3dcd4-cac7-43b4-990b-a139d62a1eb2/resourceGroups/sdktests/providers/microsoft.eventgrid/topics/sdk-topic-9654\",\r\n        \"provisioningState\": \"Succeeded\",\r\n        \"destination\": {\r\n          \"endpointType\": \"WebHook\",\r\n          \"properties\": {\r\n            \"endpointBaseUrl\": \"https://requestb.in/wmhzzqwm\"\r\n          }\r\n        },\r\n        \"filter\": {\r\n          \"subjectBeginsWith\": \"TestPrefix\",\r\n          \"subjectEndsWith\": \".jpg\",\r\n          \"includedEventTypes\": [\r\n            \"Event1\",\r\n            \"Event2\"\r\n          ]\r\n        },\r\n        \"labels\": [\r\n          \"UpdatedLabel1\",\r\n          \"UpdatedLabel2\"\r\n        ]\r\n      },\r\n      \"id\": \"/subscriptions/55f3dcd4-cac7-43b4-990b-a139d62a1eb2/resourceGroups/SDKTests/providers/Microsoft.EventGrid/topics/sdk-Topic-9654/providers/Microsoft.EventGrid/eventSubscriptions/sdk-EventSubscription-5081\",\r\n      \"name\": \"sdk-EventSubscription-5081\",\r\n      \"type\": \"Microsoft.EventGrid/eventSubscriptions\"\r\n    },\r\n    {\r\n      \"properties\": {\r\n        \"topic\": \"/subscriptions/55f3dcd4-cac7-43b4-990b-a139d62a1eb2/resourceGroups/sdktests/providers/microsoft.eventgrid/topics/sdk-topic-2847\",\r\n        \"provisioningState\": \"Succeeded\",\r\n        \"destination\": {\r\n          \"endpointType\": \"WebHook\",\r\n          \"properties\": {\r\n            \"endpointBaseUrl\": \"https://requestb.in/wmhzzqwm\"\r\n          }\r\n        },\r\n        \"filter\": {\r\n          \"subjectBeginsWith\": \"TestPrefix\",\r\n          \"subjectEndsWith\": \".jpg\",\r\n          \"includedEventTypes\": [\r\n            \"Event1\",\r\n            \"Event2\"\r\n          ]\r\n        },\r\n        \"labels\": [\r\n          \"UpdatedLabel1\",\r\n          \"UpdatedLabel2\"\r\n        ]\r\n      },\r\n      \"id\": \"/subscriptions/55f3dcd4-cac7-43b4-990b-a139d62a1eb2/resourceGroups/SDKTests/providers/Microsoft.EventGrid/topics/sdk-Topic-2847/providers/Microsoft.EventGrid/eventSubscriptions/sdk-EventSubscription-5650\",\r\n      \"name\": \"sdk-EventSubscription-5650\",\r\n      \"type\": \"Microsoft.EventGrid/eventSubscriptions\"\r\n    },\r\n    {\r\n      \"properties\": {\r\n        \"topic\": \"/subscriptions/55f3dcd4-cac7-43b4-990b-a139d62a1eb2/resourceGroups/sdktests/providers/microsoft.eventgrid/topics/sdk-topic-8575\",\r\n        \"provisioningState\": \"Succeeded\",\r\n        \"destination\": {\r\n          \"endpointType\": \"WebHook\",\r\n          \"properties\": {\r\n            \"endpointBaseUrl\": \"https://requestb.in/wmhzzqwm\"\r\n          }\r\n        },\r\n        \"filter\": {\r\n          \"subjectBeginsWith\": \"TestPrefix\",\r\n          \"subjectEndsWith\": \".jpg\",\r\n          \"includedEventTypes\": [\r\n            \"Event1\",\r\n            \"Event2\"\r\n          ]\r\n        },\r\n        \"labels\": [\r\n          \"UpdatedLabel1\",\r\n          \"UpdatedLabel2\"\r\n        ]\r\n      },\r\n      \"id\": \"/subscriptions/55f3dcd4-cac7-43b4-990b-a139d62a1eb2/resourceGroups/SDKTests/providers/Microsoft.EventGrid/topics/sdk-Topic-8575/providers/Microsoft.EventGrid/eventSubscriptions/sdk-EventSubscription-4260\",\r\n      \"name\": \"sdk-EventSubscription-4260\",\r\n      \"type\": \"Microsoft.EventGrid/eventSubscriptions\"\r\n    },\r\n    {\r\n      \"properties\": {\r\n        \"topic\": \"/subscriptions/55f3dcd4-cac7-43b4-990b-a139d62a1eb2/resourceGroups/sdktests/providers/microsoft.eventgrid/topics/sdk-topic-317\",\r\n        \"provisioningState\": \"Succeeded\",\r\n        \"destination\": {\r\n          \"endpointType\": \"WebHook\",\r\n          \"properties\": {\r\n            \"endpointBaseUrl\": \"https://requestb.in/z5gv8oz5\"\r\n          }\r\n        },\r\n        \"filter\": {\r\n          \"subjectBeginsWith\": \"TestPrefix\",\r\n          \"subjectEndsWith\": \"TestSuffix\",\r\n          \"includedEventTypes\": [\r\n            \"All\"\r\n          ],\r\n          \"isSubjectCaseSensitive\": true\r\n        },\r\n        \"labels\": [\r\n          \"TestLabel1\",\r\n          \"TestLabel2\"\r\n        ]\r\n      },\r\n      \"id\": \"/subscriptions/55f3dcd4-cac7-43b4-990b-a139d62a1eb2/resourceGroups/SDKTests/providers/Microsoft.EventGrid/topics/sdk-Topic-317/providers/Microsoft.EventGrid/eventSubscriptions/sdk-EventSubscription-5311\",\r\n      \"name\": \"sdk-EventSubscription-5311\",\r\n      \"type\": \"Microsoft.EventGrid/eventSubscriptions\"\r\n    }\r\n  ]\r\n}",
      "ResponseHeaders": {
        "Content-Type": [
          "application/json; charset=utf-8"
        ],
        "Expires": [
          "-1"
        ],
        "Cache-Control": [
          "no-cache"
        ],
        "Date": [
          "Tue, 22 Aug 2017 00:03:14 GMT"
        ],
        "Pragma": [
          "no-cache"
        ],
        "Transfer-Encoding": [
          "chunked"
        ],
        "Server": [
          "Microsoft-HTTPAPI/2.0"
        ],
        "Vary": [
          "Accept-Encoding"
        ],
        "x-ms-request-id": [
          "ee3a5e57-2d19-4823-8c95-e03f54d4ac7e"
        ],
        "x-ms-ratelimit-remaining-subscription-reads": [
          "14937"
        ],
        "x-ms-correlation-request-id": [
          "50e371ae-6014-4bfe-a4b4-1f37bfb40bdc"
        ],
        "x-ms-routing-request-id": [
          "WESTUS2:20170822T000315Z:50e371ae-6014-4bfe-a4b4-1f37bfb40bdc"
        ],
        "Strict-Transport-Security": [
          "max-age=31536000; includeSubDomains"
        ]
      },
      "StatusCode": 200
    },
    {
      "RequestUri": "//subscriptions/55f3dcd4-cac7-43b4-990b-a139d62a1eb2/resourceGroups/SDKTests/providers/Microsoft.EventGrid/topics/sdk-Topic-317/providers/Microsoft.EventGrid/eventSubscriptions/sdk-EventSubscription-5311?api-version=2017-06-15-preview",
      "EncodedRequestUri": "Ly9zdWJzY3JpcHRpb25zLzU1ZjNkY2Q0LWNhYzctNDNiNC05OTBiLWExMzlkNjJhMWViMi9yZXNvdXJjZUdyb3Vwcy9TREtUZXN0cy9wcm92aWRlcnMvTWljcm9zb2Z0LkV2ZW50R3JpZC90b3BpY3Mvc2RrLVRvcGljLTMxNy9wcm92aWRlcnMvTWljcm9zb2Z0LkV2ZW50R3JpZC9ldmVudFN1YnNjcmlwdGlvbnMvc2RrLUV2ZW50U3Vic2NyaXB0aW9uLTUzMTE/YXBpLXZlcnNpb249MjAxNy0wNi0xNS1wcmV2aWV3",
      "RequestMethod": "DELETE",
      "RequestBody": "",
      "RequestHeaders": {
        "x-ms-client-request-id": [
          "ae90784d-1a4a-430d-8499-3c5b85c180ba"
        ],
        "accept-language": [
          "en-US"
        ],
        "User-Agent": [
          "FxVersion/4.6.25211.01",
          "Microsoft.Azure.Management.EventGrid.EventGridManagementClient/1.0.0.0"
        ]
      },
      "ResponseBody": "",
      "ResponseHeaders": {
        "Content-Length": [
          "0"
        ],
        "Expires": [
          "-1"
        ],
        "Cache-Control": [
          "no-cache"
        ],
        "Date": [
          "Tue, 22 Aug 2017 00:03:14 GMT"
        ],
        "Pragma": [
          "no-cache"
        ],
        "Server": [
          "Microsoft-HTTPAPI/2.0"
        ],
        "x-ms-ratelimit-remaining-subscription-writes": [
          "1197"
        ],
        "x-ms-request-id": [
          "eec16928-3a2e-4869-ab01-bec4e16cbd3d"
        ],
        "x-ms-correlation-request-id": [
          "eec16928-3a2e-4869-ab01-bec4e16cbd3d"
        ],
        "x-ms-routing-request-id": [
          "WESTUS2:20170822T000315Z:eec16928-3a2e-4869-ab01-bec4e16cbd3d"
        ],
        "Strict-Transport-Security": [
          "max-age=31536000; includeSubDomains"
        ]
      },
      "StatusCode": 200
    },
    {
      "RequestUri": "/subscriptions/55f3dcd4-cac7-43b4-990b-a139d62a1eb2/resourceGroups/SDKTests/providers/Microsoft.EventGrid/topics/sdk-Topic-317?api-version=2017-06-15-preview",
      "EncodedRequestUri": "L3N1YnNjcmlwdGlvbnMvNTVmM2RjZDQtY2FjNy00M2I0LTk5MGItYTEzOWQ2MmExZWIyL3Jlc291cmNlR3JvdXBzL1NES1Rlc3RzL3Byb3ZpZGVycy9NaWNyb3NvZnQuRXZlbnRHcmlkL3RvcGljcy9zZGstVG9waWMtMzE3P2FwaS12ZXJzaW9uPTIwMTctMDYtMTUtcHJldmlldw==",
      "RequestMethod": "DELETE",
      "RequestBody": "",
      "RequestHeaders": {
        "x-ms-client-request-id": [
          "d36fc98d-2303-4a1a-8865-2890d07cac54"
        ],
        "accept-language": [
          "en-US"
        ],
        "User-Agent": [
          "FxVersion/4.6.25211.01",
          "Microsoft.Azure.Management.EventGrid.EventGridManagementClient/1.0.0.0"
        ]
      },
      "ResponseBody": "",
      "ResponseHeaders": {
        "Content-Length": [
          "0"
        ],
        "Expires": [
          "-1"
        ],
        "Cache-Control": [
          "no-cache"
        ],
        "Date": [
          "Tue, 22 Aug 2017 00:03:14 GMT"
        ],
        "Pragma": [
          "no-cache"
        ],
        "Location": [
          "https://management.azure.com/subscriptions/55f3dcd4-cac7-43b4-990b-a139d62a1eb2/providers/Microsoft.EventGrid/locations/westus2/operationResults/0BCAA7DA-8D20-4BF3-B14F-B58F77F7C7D6?api-version=2017-06-15-preview"
        ],
        "Retry-After": [
          "10"
        ],
        "Server": [
          "Microsoft-HTTPAPI/2.0"
        ],
        "x-ms-ratelimit-remaining-subscription-writes": [
          "1196"
        ],
        "x-ms-request-id": [
          "d855fde8-256a-4164-9004-5e99281866a0"
        ],
        "x-ms-correlation-request-id": [
          "d855fde8-256a-4164-9004-5e99281866a0"
        ],
        "x-ms-routing-request-id": [
          "WESTUS2:20170822T000315Z:d855fde8-256a-4164-9004-5e99281866a0"
        ],
        "Strict-Transport-Security": [
          "max-age=31536000; includeSubDomains"
        ]
      },
      "StatusCode": 202
    },
    {
      "RequestUri": "/subscriptions/55f3dcd4-cac7-43b4-990b-a139d62a1eb2/providers/Microsoft.EventGrid/locations/westus2/operationResults/0BCAA7DA-8D20-4BF3-B14F-B58F77F7C7D6?api-version=2017-06-15-preview",
      "EncodedRequestUri": "L3N1YnNjcmlwdGlvbnMvNTVmM2RjZDQtY2FjNy00M2I0LTk5MGItYTEzOWQ2MmExZWIyL3Byb3ZpZGVycy9NaWNyb3NvZnQuRXZlbnRHcmlkL2xvY2F0aW9ucy93ZXN0dXMyL29wZXJhdGlvblJlc3VsdHMvMEJDQUE3REEtOEQyMC00QkYzLUIxNEYtQjU4Rjc3RjdDN0Q2P2FwaS12ZXJzaW9uPTIwMTctMDYtMTUtcHJldmlldw==",
      "RequestMethod": "GET",
      "RequestBody": "",
      "RequestHeaders": {
        "User-Agent": [
          "FxVersion/4.6.25211.01",
          "Microsoft.Azure.Management.EventGrid.EventGridManagementClient/1.0.0.0"
        ]
      },
      "ResponseBody": "",
      "ResponseHeaders": {
        "Content-Length": [
          "0"
        ],
        "Expires": [
          "-1"
        ],
        "Cache-Control": [
          "no-cache"
        ],
        "Date": [
          "Tue, 22 Aug 2017 00:03:45 GMT"
        ],
        "Pragma": [
          "no-cache"
        ],
        "Server": [
          "Microsoft-HTTPAPI/2.0"
        ],
        "x-ms-request-id": [
          "aa0f484f-c937-4610-8559-68f0e1f57b17"
        ],
        "x-ms-ratelimit-remaining-subscription-reads": [
          "14935"
        ],
        "x-ms-correlation-request-id": [
          "808421b6-bdef-48cb-9d50-696c5e90bb96"
        ],
        "x-ms-routing-request-id": [
          "WESTUS2:20170822T000345Z:808421b6-bdef-48cb-9d50-696c5e90bb96"
        ],
        "Strict-Transport-Security": [
          "max-age=31536000; includeSubDomains"
        ]
      },
      "StatusCode": 200
    }
  ],
  "Names": {
    "EventSubscriptionCreateGetUpdateDelete": [
      "sdk-Topic-317",
      "sdk-EventSubscription-5311"
    ]
  },
  "Variables": {
    "SubscriptionId": "55f3dcd4-cac7-43b4-990b-a139d62a1eb2"
  }
}