{
  "Entries": [
    {
      "RequestUri": "//subscriptions/55f3dcd4-cac7-43b4-990b-a139d62a1eb2/providers/Microsoft.EventGrid/eventSubscriptions/sdk-EventSubscription-851?api-version=2017-09-15-preview",
      "EncodedRequestUri": "Ly9zdWJzY3JpcHRpb25zLzU1ZjNkY2Q0LWNhYzctNDNiNC05OTBiLWExMzlkNjJhMWViMi9wcm92aWRlcnMvTWljcm9zb2Z0LkV2ZW50R3JpZC9ldmVudFN1YnNjcmlwdGlvbnMvc2RrLUV2ZW50U3Vic2NyaXB0aW9uLTg1MT9hcGktdmVyc2lvbj0yMDE3LTA5LTE1LXByZXZpZXc=",
      "RequestMethod": "PUT",
      "RequestBody": "{\r\n  \"properties\": {\r\n    \"destination\": {\r\n      \"endpointType\": \"WebHook\",\r\n      \"properties\": {\r\n        \"endpointUrl\": \"https://requestb.in/1e1g85v1\"\r\n      }\r\n    },\r\n    \"filter\": {\r\n      \"subjectBeginsWith\": \"TestPrefix\",\r\n      \"subjectEndsWith\": \"TestSuffix\",\r\n      \"includedEventTypes\": [\r\n        \"All\"\r\n      ],\r\n      \"isSubjectCaseSensitive\": false\r\n    },\r\n    \"labels\": [\r\n      \"TestLabel1\",\r\n      \"TestLabel2\"\r\n    ]\r\n  }\r\n}",
      "RequestHeaders": {
        "Content-Type": [
          "application/json; charset=utf-8"
        ],
        "Content-Length": [
          "446"
        ],
        "x-ms-client-request-id": [
          "8e7f3b99-94fe-4a30-a996-617a9aa45e20"
        ],
        "accept-language": [
          "en-US"
        ],
        "User-Agent": [
          "FxVersion/4.6.25211.01",
          "Microsoft.Azure.Management.EventGrid.EventGridManagementClient/1.0.0.0"
        ]
      },
      "ResponseBody": "{\r\n  \"properties\": {\r\n    \"topic\": \"/subscriptions/55f3dcd4-cac7-43b4-990b-a139d62a1eb2\",\r\n    \"provisioningState\": \"Creating\",\r\n    \"destination\": {\r\n      \"endpointType\": \"WebHook\",\r\n      \"properties\": {\r\n        \"endpointBaseUrl\": \"https://requestb.in/1e1g85v1\"\r\n      }\r\n    },\r\n    \"filter\": {\r\n      \"subjectBeginsWith\": \"TestPrefix\",\r\n      \"subjectEndsWith\": \"TestSuffix\",\r\n      \"includedEventTypes\": [\r\n        \"All\"\r\n      ]\r\n    },\r\n    \"labels\": [\r\n      \"TestLabel1\",\r\n      \"TestLabel2\"\r\n    ]\r\n  },\r\n  \"id\": \"/subscriptions/55f3dcd4-cac7-43b4-990b-a139d62a1eb2/providers/Microsoft.EventGrid/eventSubscriptions/sdk-EventSubscription-851\",\r\n  \"name\": \"sdk-EventSubscription-851\",\r\n  \"type\": \"Microsoft.EventGrid/eventSubscriptions\"\r\n}",
      "ResponseHeaders": {
        "Content-Length": [
          "572"
        ],
        "Content-Type": [
          "application/json; charset=utf-8"
        ],
        "Expires": [
          "-1"
        ],
        "Cache-Control": [
          "no-cache"
        ],
        "Date": [
          "Wed, 13 Sep 2017 18:12:23 GMT"
        ],
        "Pragma": [
          "no-cache"
        ],
        "Retry-After": [
          "10"
        ],
        "Server": [
          "Microsoft-HTTPAPI/2.0"
        ],
        "Azure-AsyncOperation": [
          "https://management.azure.com/subscriptions/55f3dcd4-cac7-43b4-990b-a139d62a1eb2/providers/Microsoft.EventGrid/operationsStatus/D488AA72-B85B-435E-BAF7-B2886D6A89CB?api-version=2017-09-15-preview"
        ],
        "x-ms-request-id": [
          "83728744-afd0-479d-b068-747d91a15fe3"
        ],
        "x-ms-ratelimit-remaining-subscription-writes": [
          "1189"
        ],
        "x-ms-correlation-request-id": [
          "5a79c16b-7129-4dd8-813d-a6e079f61350"
        ],
        "x-ms-routing-request-id": [
          "WESTUS:20170913T181224Z:5a79c16b-7129-4dd8-813d-a6e079f61350"
        ],
        "Strict-Transport-Security": [
          "max-age=31536000; includeSubDomains"
        ]
      },
      "StatusCode": 201
    },
    {
      "RequestUri": "/subscriptions/55f3dcd4-cac7-43b4-990b-a139d62a1eb2/providers/Microsoft.EventGrid/operationsStatus/D488AA72-B85B-435E-BAF7-B2886D6A89CB?api-version=2017-09-15-preview",
      "EncodedRequestUri": "L3N1YnNjcmlwdGlvbnMvNTVmM2RjZDQtY2FjNy00M2I0LTk5MGItYTEzOWQ2MmExZWIyL3Byb3ZpZGVycy9NaWNyb3NvZnQuRXZlbnRHcmlkL29wZXJhdGlvbnNTdGF0dXMvRDQ4OEFBNzItQjg1Qi00MzVFLUJBRjctQjI4ODZENkE4OUNCP2FwaS12ZXJzaW9uPTIwMTctMDktMTUtcHJldmlldw==",
      "RequestMethod": "GET",
      "RequestBody": "",
      "RequestHeaders": {
        "User-Agent": [
          "FxVersion/4.6.25211.01",
          "Microsoft.Azure.Management.EventGrid.EventGridManagementClient/1.0.0.0"
        ]
      },
      "ResponseBody": "{\r\n  \"id\": \"https://management.azure.com/subscriptions/55f3dcd4-cac7-43b4-990b-a139d62a1eb2/providers/Microsoft.EventGrid/operationsStatus/D488AA72-B85B-435E-BAF7-B2886D6A89CB?api-version=2017-09-15-preview\",\r\n  \"name\": \"d488aa72-b85b-435e-baf7-b2886d6a89cb\",\r\n  \"status\": \"Succeeded\"\r\n}",
      "ResponseHeaders": {
        "Content-Type": [
          "application/json; charset=utf-8"
        ],
        "Expires": [
          "-1"
        ],
        "Cache-Control": [
          "no-cache"
        ],
        "Date": [
          "Wed, 13 Sep 2017 18:12:33 GMT"
        ],
        "Pragma": [
          "no-cache"
        ],
        "Transfer-Encoding": [
          "chunked"
        ],
        "Server": [
          "Microsoft-HTTPAPI/2.0"
        ],
        "Vary": [
          "Accept-Encoding"
        ],
        "x-ms-request-id": [
          "b14e202e-2617-4d0a-8583-72b63b6aa1a0"
        ],
        "x-ms-ratelimit-remaining-subscription-reads": [
          "14706"
        ],
        "x-ms-correlation-request-id": [
          "e707ebe4-db4c-4da7-948e-b9546c384a78"
        ],
        "x-ms-routing-request-id": [
          "WESTUS:20170913T181234Z:e707ebe4-db4c-4da7-948e-b9546c384a78"
        ],
        "Strict-Transport-Security": [
          "max-age=31536000; includeSubDomains"
        ]
      },
      "StatusCode": 200
    },
    {
      "RequestUri": "//subscriptions/55f3dcd4-cac7-43b4-990b-a139d62a1eb2/providers/Microsoft.EventGrid/eventSubscriptions/sdk-EventSubscription-851?api-version=2017-09-15-preview",
      "EncodedRequestUri": "Ly9zdWJzY3JpcHRpb25zLzU1ZjNkY2Q0LWNhYzctNDNiNC05OTBiLWExMzlkNjJhMWViMi9wcm92aWRlcnMvTWljcm9zb2Z0LkV2ZW50R3JpZC9ldmVudFN1YnNjcmlwdGlvbnMvc2RrLUV2ZW50U3Vic2NyaXB0aW9uLTg1MT9hcGktdmVyc2lvbj0yMDE3LTA5LTE1LXByZXZpZXc=",
      "RequestMethod": "GET",
      "RequestBody": "",
      "RequestHeaders": {
        "User-Agent": [
          "FxVersion/4.6.25211.01",
          "Microsoft.Azure.Management.EventGrid.EventGridManagementClient/1.0.0.0"
        ]
      },
      "ResponseBody": "{\r\n  \"properties\": {\r\n    \"topic\": \"/subscriptions/55f3dcd4-cac7-43b4-990b-a139d62a1eb2\",\r\n    \"provisioningState\": \"Succeeded\",\r\n    \"destination\": {\r\n      \"endpointType\": \"WebHook\",\r\n      \"properties\": {\r\n        \"endpointBaseUrl\": \"https://requestb.in/1e1g85v1\"\r\n      }\r\n    },\r\n    \"filter\": {\r\n      \"subjectBeginsWith\": \"TestPrefix\",\r\n      \"subjectEndsWith\": \"TestSuffix\",\r\n      \"includedEventTypes\": [\r\n        \"All\"\r\n      ]\r\n    },\r\n    \"labels\": [\r\n      \"TestLabel1\",\r\n      \"TestLabel2\"\r\n    ]\r\n  },\r\n  \"id\": \"/subscriptions/55f3dcd4-cac7-43b4-990b-a139d62a1eb2/providers/Microsoft.EventGrid/eventSubscriptions/sdk-EventSubscription-851\",\r\n  \"name\": \"sdk-EventSubscription-851\",\r\n  \"type\": \"Microsoft.EventGrid/eventSubscriptions\"\r\n}",
      "ResponseHeaders": {
        "Content-Type": [
          "application/json; charset=utf-8"
        ],
        "Expires": [
          "-1"
        ],
        "Cache-Control": [
          "no-cache"
        ],
        "Date": [
          "Wed, 13 Sep 2017 18:12:33 GMT"
        ],
        "Pragma": [
          "no-cache"
        ],
        "Transfer-Encoding": [
          "chunked"
        ],
        "Server": [
          "Microsoft-HTTPAPI/2.0"
        ],
        "Vary": [
          "Accept-Encoding"
        ],
        "x-ms-request-id": [
          "f31a5a5a-3e32-4694-a862-8e27d5f52672"
        ],
        "x-ms-ratelimit-remaining-subscription-reads": [
          "14705"
        ],
        "x-ms-correlation-request-id": [
          "e82a9ab3-8bd4-48d8-8322-0e69919bff3c"
        ],
        "x-ms-routing-request-id": [
          "WESTUS:20170913T181234Z:e82a9ab3-8bd4-48d8-8322-0e69919bff3c"
        ],
        "Strict-Transport-Security": [
          "max-age=31536000; includeSubDomains"
        ]
      },
      "StatusCode": 200
    },
    {
      "RequestUri": "//subscriptions/55f3dcd4-cac7-43b4-990b-a139d62a1eb2/providers/Microsoft.EventGrid/eventSubscriptions/sdk-EventSubscription-851?api-version=2017-09-15-preview",
      "EncodedRequestUri": "Ly9zdWJzY3JpcHRpb25zLzU1ZjNkY2Q0LWNhYzctNDNiNC05OTBiLWExMzlkNjJhMWViMi9wcm92aWRlcnMvTWljcm9zb2Z0LkV2ZW50R3JpZC9ldmVudFN1YnNjcmlwdGlvbnMvc2RrLUV2ZW50U3Vic2NyaXB0aW9uLTg1MT9hcGktdmVyc2lvbj0yMDE3LTA5LTE1LXByZXZpZXc=",
      "RequestMethod": "GET",
      "RequestBody": "",
      "RequestHeaders": {
        "x-ms-client-request-id": [
          "a2f1c3bc-8a78-48c7-9e3b-7113bcb0787e"
        ],
        "accept-language": [
          "en-US"
        ],
        "User-Agent": [
          "FxVersion/4.6.25211.01",
          "Microsoft.Azure.Management.EventGrid.EventGridManagementClient/1.0.0.0"
        ]
      },
      "ResponseBody": "{\r\n  \"properties\": {\r\n    \"topic\": \"/subscriptions/55f3dcd4-cac7-43b4-990b-a139d62a1eb2\",\r\n    \"provisioningState\": \"Succeeded\",\r\n    \"destination\": {\r\n      \"endpointType\": \"WebHook\",\r\n      \"properties\": {\r\n        \"endpointBaseUrl\": \"https://requestb.in/1e1g85v1\"\r\n      }\r\n    },\r\n    \"filter\": {\r\n      \"subjectBeginsWith\": \"TestPrefix\",\r\n      \"subjectEndsWith\": \"TestSuffix\",\r\n      \"includedEventTypes\": [\r\n        \"All\"\r\n      ]\r\n    },\r\n    \"labels\": [\r\n      \"TestLabel1\",\r\n      \"TestLabel2\"\r\n    ]\r\n  },\r\n  \"id\": \"/subscriptions/55f3dcd4-cac7-43b4-990b-a139d62a1eb2/providers/Microsoft.EventGrid/eventSubscriptions/sdk-EventSubscription-851\",\r\n  \"name\": \"sdk-EventSubscription-851\",\r\n  \"type\": \"Microsoft.EventGrid/eventSubscriptions\"\r\n}",
      "ResponseHeaders": {
        "Content-Type": [
          "application/json; charset=utf-8"
        ],
        "Expires": [
          "-1"
        ],
        "Cache-Control": [
          "no-cache"
        ],
        "Date": [
          "Wed, 13 Sep 2017 18:12:41 GMT"
        ],
        "Pragma": [
          "no-cache"
        ],
        "Transfer-Encoding": [
          "chunked"
        ],
        "Server": [
          "Microsoft-HTTPAPI/2.0"
        ],
        "Vary": [
          "Accept-Encoding"
        ],
        "x-ms-request-id": [
          "89eb1c9a-eeff-43e1-955d-a858407b71b8"
        ],
        "x-ms-ratelimit-remaining-subscription-reads": [
          "14704"
        ],
        "x-ms-correlation-request-id": [
          "9112aa2d-1038-42b9-aa0e-1a6961cc1529"
        ],
        "x-ms-routing-request-id": [
          "WESTUS:20170913T181242Z:9112aa2d-1038-42b9-aa0e-1a6961cc1529"
        ],
        "Strict-Transport-Security": [
          "max-age=31536000; includeSubDomains"
        ]
      },
      "StatusCode": 200
    },
    {
      "RequestUri": "//subscriptions/55f3dcd4-cac7-43b4-990b-a139d62a1eb2/providers/Microsoft.EventGrid/eventSubscriptions/sdk-EventSubscription-851?api-version=2017-09-15-preview",
      "EncodedRequestUri": "Ly9zdWJzY3JpcHRpb25zLzU1ZjNkY2Q0LWNhYzctNDNiNC05OTBiLWExMzlkNjJhMWViMi9wcm92aWRlcnMvTWljcm9zb2Z0LkV2ZW50R3JpZC9ldmVudFN1YnNjcmlwdGlvbnMvc2RrLUV2ZW50U3Vic2NyaXB0aW9uLTg1MT9hcGktdmVyc2lvbj0yMDE3LTA5LTE1LXByZXZpZXc=",
      "RequestMethod": "GET",
      "RequestBody": "",
      "RequestHeaders": {
        "x-ms-client-request-id": [
          "f35f729c-27bc-4e42-a454-b1256351da5e"
        ],
        "accept-language": [
          "en-US"
        ],
        "User-Agent": [
          "FxVersion/4.6.25211.01",
          "Microsoft.Azure.Management.EventGrid.EventGridManagementClient/1.0.0.0"
        ]
      },
      "ResponseBody": "{\r\n  \"properties\": {\r\n    \"topic\": \"/subscriptions/55f3dcd4-cac7-43b4-990b-a139d62a1eb2\",\r\n    \"provisioningState\": \"Succeeded\",\r\n    \"destination\": {\r\n      \"endpointType\": \"WebHook\",\r\n      \"properties\": {\r\n        \"endpointBaseUrl\": \"https://requestb.in/1e1g85v1\"\r\n      }\r\n    },\r\n    \"filter\": {\r\n      \"subjectBeginsWith\": \"TestPrefix\",\r\n      \"subjectEndsWith\": \"TestSuffix\",\r\n      \"includedEventTypes\": [\r\n        \"All\"\r\n      ]\r\n    },\r\n    \"labels\": [\r\n      \"TestLabel1\",\r\n      \"TestLabel2\"\r\n    ]\r\n  },\r\n  \"id\": \"/subscriptions/55f3dcd4-cac7-43b4-990b-a139d62a1eb2/providers/Microsoft.EventGrid/eventSubscriptions/sdk-EventSubscription-851\",\r\n  \"name\": \"sdk-EventSubscription-851\",\r\n  \"type\": \"Microsoft.EventGrid/eventSubscriptions\"\r\n}",
      "ResponseHeaders": {
        "Content-Type": [
          "application/json; charset=utf-8"
        ],
        "Expires": [
          "-1"
        ],
        "Cache-Control": [
          "no-cache"
        ],
        "Date": [
          "Wed, 13 Sep 2017 18:12:42 GMT"
        ],
        "Pragma": [
          "no-cache"
        ],
        "Transfer-Encoding": [
          "chunked"
        ],
        "Server": [
          "Microsoft-HTTPAPI/2.0"
        ],
        "Vary": [
          "Accept-Encoding"
        ],
        "x-ms-request-id": [
          "8366eb8c-939a-4444-88ab-edf7eb579b59"
        ],
        "x-ms-ratelimit-remaining-subscription-reads": [
          "14703"
        ],
        "x-ms-correlation-request-id": [
          "2b2db37a-3322-4382-b1c4-00dfeb0e64f5"
        ],
        "x-ms-routing-request-id": [
          "WESTUS:20170913T181243Z:2b2db37a-3322-4382-b1c4-00dfeb0e64f5"
        ],
        "Strict-Transport-Security": [
          "max-age=31536000; includeSubDomains"
        ]
      },
      "StatusCode": 200
    },
    {
      "RequestUri": "/subscriptions/55f3dcd4-cac7-43b4-990b-a139d62a1eb2/providers/Microsoft.EventGrid/eventSubscriptions?api-version=2017-09-15-preview",
      "EncodedRequestUri": "L3N1YnNjcmlwdGlvbnMvNTVmM2RjZDQtY2FjNy00M2I0LTk5MGItYTEzOWQ2MmExZWIyL3Byb3ZpZGVycy9NaWNyb3NvZnQuRXZlbnRHcmlkL2V2ZW50U3Vic2NyaXB0aW9ucz9hcGktdmVyc2lvbj0yMDE3LTA5LTE1LXByZXZpZXc=",
      "RequestMethod": "GET",
      "RequestBody": "",
      "RequestHeaders": {
        "x-ms-client-request-id": [
          "6d707136-352c-4073-b29e-3bdb9430091b"
        ],
        "accept-language": [
          "en-US"
        ],
        "User-Agent": [
          "FxVersion/4.6.25211.01",
          "Microsoft.Azure.Management.EventGrid.EventGridManagementClient/1.0.0.0"
        ]
      },
      "ResponseBody": "{\r\n  \"value\": [\r\n    {\r\n      \"properties\": {\r\n        \"topic\": \"/subscriptions/55f3dcd4-cac7-43b4-990b-a139d62a1eb2\",\r\n        \"provisioningState\": \"Succeeded\",\r\n        \"destination\": {\r\n          \"endpointType\": \"WebHook\",\r\n          \"properties\": {\r\n            \"endpointBaseUrl\": \"https://requestb.in/13xmshu1\"\r\n          }\r\n        },\r\n        \"filter\": {\r\n          \"subjectBeginsWith\": \"\",\r\n          \"subjectEndsWith\": \"\",\r\n          \"includedEventTypes\": [\r\n            \"All\"\r\n          ]\r\n        },\r\n        \"labels\": null\r\n      },\r\n      \"id\": \"/subscriptions/55f3dcd4-cac7-43b4-990b-a139d62a1eb2/providers/Microsoft.EventGrid/eventSubscriptions/kalspythonEventSubscription2\",\r\n      \"name\": \"kalspythonEventSubscription2\",\r\n      \"type\": \"Microsoft.EventGrid/eventSubscriptions\"\r\n    },\r\n    {\r\n      \"properties\": {\r\n        \"topic\": \"/subscriptions/55f3dcd4-cac7-43b4-990b-a139d62a1eb2\",\r\n        \"provisioningState\": \"Succeeded\",\r\n        \"destination\": {\r\n          \"endpointType\": \"WebHook\",\r\n          \"properties\": {\r\n            \"endpointBaseUrl\": \"https://requestb.in/19qlscd1\"\r\n          }\r\n        },\r\n        \"filter\": {\r\n          \"subjectBeginsWith\": \"\",\r\n          \"subjectEndsWith\": \"\",\r\n          \"includedEventTypes\": [\r\n            \"All\"\r\n          ]\r\n        },\r\n        \"labels\": null\r\n      },\r\n      \"id\": \"/subscriptions/55f3dcd4-cac7-43b4-990b-a139d62a1eb2/providers/Microsoft.EventGrid/eventSubscriptions/PSTestSubscription-onesdk2619\",\r\n      \"name\": \"PSTestSubscription-onesdk2619\",\r\n      \"type\": \"Microsoft.EventGrid/eventSubscriptions\"\r\n    },\r\n    {\r\n      \"properties\": {\r\n        \"topic\": \"/subscriptions/55f3dcd4-cac7-43b4-990b-a139d62a1eb2\",\r\n        \"provisioningState\": \"Succeeded\",\r\n        \"destination\": {\r\n          \"endpointType\": \"WebHook\",\r\n          \"properties\": {\r\n            \"endpointBaseUrl\": \"https://requestb.in/19qlscd1\"\r\n          }\r\n        },\r\n        \"filter\": {\r\n          \"subjectBeginsWith\": \"\",\r\n          \"subjectEndsWith\": \"\",\r\n          \"includedEventTypes\": [\r\n            \"All\"\r\n          ]\r\n        },\r\n        \"labels\": null\r\n      },\r\n      \"id\": \"/subscriptions/55f3dcd4-cac7-43b4-990b-a139d62a1eb2/providers/Microsoft.EventGrid/eventSubscriptions/PSTestSubscription-onesdk2222\",\r\n      \"name\": \"PSTestSubscription-onesdk2222\",\r\n      \"type\": \"Microsoft.EventGrid/eventSubscriptions\"\r\n    },\r\n    {\r\n      \"properties\": {\r\n        \"topic\": \"/subscriptions/55f3dcd4-cac7-43b4-990b-a139d62a1eb2/resourceGroups/pstestrg-onesdk888\",\r\n        \"provisioningState\": \"Succeeded\",\r\n        \"destination\": {\r\n          \"endpointType\": \"WebHook\",\r\n          \"properties\": {\r\n            \"endpointBaseUrl\": \"https://requestb.in/19qlscd1\"\r\n          }\r\n        },\r\n        \"filter\": {\r\n          \"subjectBeginsWith\": \"\",\r\n          \"subjectEndsWith\": \"\",\r\n          \"includedEventTypes\": [\r\n            \"All\"\r\n          ]\r\n        },\r\n        \"labels\": null\r\n      },\r\n      \"id\": \"/subscriptions/55f3dcd4-cac7-43b4-990b-a139d62a1eb2/resourceGroups/PSTestRG-onesdk888/providers/Microsoft.EventGrid/eventSubscriptions/PSTestSubscription-onesdk3295\",\r\n      \"name\": \"PSTestSubscription-onesdk3295\",\r\n      \"type\": \"Microsoft.EventGrid/eventSubscriptions\"\r\n    },\r\n    {\r\n      \"properties\": {\r\n        \"topic\": \"/subscriptions/55f3dcd4-cac7-43b4-990b-a139d62a1eb2/resourceGroups/pstestrg-onesdk888\",\r\n        \"provisioningState\": \"Succeeded\",\r\n        \"destination\": {\r\n          \"endpointType\": \"WebHook\",\r\n          \"properties\": {\r\n            \"endpointBaseUrl\": \"https://requestb.in/19qlscd1\"\r\n          }\r\n        },\r\n        \"filter\": {\r\n          \"subjectBeginsWith\": \"\",\r\n          \"subjectEndsWith\": \"\",\r\n          \"includedEventTypes\": [\r\n            \"All\"\r\n          ]\r\n        },\r\n        \"labels\": null\r\n      },\r\n      \"id\": \"/subscriptions/55f3dcd4-cac7-43b4-990b-a139d62a1eb2/resourceGroups/PSTestRG-onesdk888/providers/Microsoft.EventGrid/eventSubscriptions/PSTestSubscription-onesdk2683\",\r\n      \"name\": \"PSTestSubscription-onesdk2683\",\r\n      \"type\": \"Microsoft.EventGrid/eventSubscriptions\"\r\n    },\r\n    {\r\n      \"properties\": {\r\n        \"topic\": \"/subscriptions/55f3dcd4-cac7-43b4-990b-a139d62a1eb2\",\r\n        \"provisioningState\": \"Succeeded\",\r\n        \"destination\": {\r\n          \"endpointType\": \"WebHook\",\r\n          \"properties\": {\r\n            \"endpointBaseUrl\": \"https://requestb.in/19qlscd1\"\r\n          }\r\n        },\r\n        \"filter\": {\r\n          \"subjectBeginsWith\": \"\",\r\n          \"subjectEndsWith\": \"\",\r\n          \"includedEventTypes\": [\r\n            \"All\"\r\n          ]\r\n        },\r\n        \"labels\": null\r\n      },\r\n      \"id\": \"/subscriptions/55f3dcd4-cac7-43b4-990b-a139d62a1eb2/providers/Microsoft.EventGrid/eventSubscriptions/PSTestSubscription-onesdk5513\",\r\n      \"name\": \"PSTestSubscription-onesdk5513\",\r\n      \"type\": \"Microsoft.EventGrid/eventSubscriptions\"\r\n    },\r\n    {\r\n      \"properties\": {\r\n        \"topic\": \"/subscriptions/55f3dcd4-cac7-43b4-990b-a139d62a1eb2\",\r\n        \"provisioningState\": \"Succeeded\",\r\n        \"destination\": {\r\n          \"endpointType\": \"WebHook\",\r\n          \"properties\": {\r\n            \"endpointBaseUrl\": \"https://requestb.in/19qlscd1\"\r\n          }\r\n        },\r\n        \"filter\": {\r\n          \"subjectBeginsWith\": \"\",\r\n          \"subjectEndsWith\": \"\",\r\n          \"includedEventTypes\": [\r\n            \"All\"\r\n          ]\r\n        },\r\n        \"labels\": null\r\n      },\r\n      \"id\": \"/subscriptions/55f3dcd4-cac7-43b4-990b-a139d62a1eb2/providers/Microsoft.EventGrid/eventSubscriptions/PSTestSubscription-onesdk7149\",\r\n      \"name\": \"PSTestSubscription-onesdk7149\",\r\n      \"type\": \"Microsoft.EventGrid/eventSubscriptions\"\r\n    },\r\n    {\r\n      \"properties\": {\r\n        \"topic\": \"/subscriptions/55f3dcd4-cac7-43b4-990b-a139d62a1eb2/resourceGroups/pstestrg-onesdk9903\",\r\n        \"provisioningState\": \"Succeeded\",\r\n        \"destination\": {\r\n          \"endpointType\": \"WebHook\",\r\n          \"properties\": {\r\n            \"endpointBaseUrl\": \"https://requestb.in/19qlscd1\"\r\n          }\r\n        },\r\n        \"filter\": {\r\n          \"subjectBeginsWith\": \"\",\r\n          \"subjectEndsWith\": \"\",\r\n          \"includedEventTypes\": [\r\n            \"All\"\r\n          ]\r\n        },\r\n        \"labels\": null\r\n      },\r\n      \"id\": \"/subscriptions/55f3dcd4-cac7-43b4-990b-a139d62a1eb2/resourceGroups/PSTestRG-onesdk9903/providers/Microsoft.EventGrid/eventSubscriptions/PSTestSubscription-onesdk9202\",\r\n      \"name\": \"PSTestSubscription-onesdk9202\",\r\n      \"type\": \"Microsoft.EventGrid/eventSubscriptions\"\r\n    },\r\n    {\r\n      \"properties\": {\r\n        \"topic\": \"/subscriptions/55f3dcd4-cac7-43b4-990b-a139d62a1eb2/resourceGroups/pstestrg-onesdk9903\",\r\n        \"provisioningState\": \"Succeeded\",\r\n        \"destination\": {\r\n          \"endpointType\": \"WebHook\",\r\n          \"properties\": {\r\n            \"endpointBaseUrl\": \"https://requestb.in/19qlscd1\"\r\n          }\r\n        },\r\n        \"filter\": {\r\n          \"subjectBeginsWith\": \"\",\r\n          \"subjectEndsWith\": \"\",\r\n          \"includedEventTypes\": [\r\n            \"All\"\r\n          ]\r\n        },\r\n        \"labels\": null\r\n      },\r\n      \"id\": \"/subscriptions/55f3dcd4-cac7-43b4-990b-a139d62a1eb2/resourceGroups/PSTestRG-onesdk9903/providers/Microsoft.EventGrid/eventSubscriptions/PSTestSubscription-onesdk5530\",\r\n      \"name\": \"PSTestSubscription-onesdk5530\",\r\n      \"type\": \"Microsoft.EventGrid/eventSubscriptions\"\r\n    },\r\n    {\r\n      \"properties\": {\r\n        \"topic\": \"/subscriptions/55f3dcd4-cac7-43b4-990b-a139d62a1eb2\",\r\n        \"provisioningState\": \"Succeeded\",\r\n        \"destination\": {\r\n          \"endpointType\": \"WebHook\",\r\n          \"properties\": {\r\n            \"endpointBaseUrl\": \"https://requestb.in/19qlscd1\"\r\n          }\r\n        },\r\n        \"filter\": {\r\n          \"subjectBeginsWith\": \"\",\r\n          \"subjectEndsWith\": \"\",\r\n          \"includedEventTypes\": [\r\n            \"All\"\r\n          ]\r\n        },\r\n        \"labels\": null\r\n      },\r\n      \"id\": \"/subscriptions/55f3dcd4-cac7-43b4-990b-a139d62a1eb2/providers/Microsoft.EventGrid/eventSubscriptions/PSTestSubscription-onesdk2455\",\r\n      \"name\": \"PSTestSubscription-onesdk2455\",\r\n      \"type\": \"Microsoft.EventGrid/eventSubscriptions\"\r\n    },\r\n    {\r\n      \"properties\": {\r\n        \"topic\": \"/subscriptions/55f3dcd4-cac7-43b4-990b-a139d62a1eb2\",\r\n        \"provisioningState\": \"Succeeded\",\r\n        \"destination\": {\r\n          \"endpointType\": \"WebHook\",\r\n          \"properties\": {\r\n            \"endpointBaseUrl\": \"https://requestb.in/19qlscd1\"\r\n          }\r\n        },\r\n        \"filter\": {\r\n          \"subjectBeginsWith\": \"\",\r\n          \"subjectEndsWith\": \"\",\r\n          \"includedEventTypes\": [\r\n            \"All\"\r\n          ]\r\n        },\r\n        \"labels\": null\r\n      },\r\n      \"id\": \"/subscriptions/55f3dcd4-cac7-43b4-990b-a139d62a1eb2/providers/Microsoft.EventGrid/eventSubscriptions/PSTestSubscription-onesdk6695\",\r\n      \"name\": \"PSTestSubscription-onesdk6695\",\r\n      \"type\": \"Microsoft.EventGrid/eventSubscriptions\"\r\n    },\r\n    {\r\n      \"properties\": {\r\n        \"topic\": \"/subscriptions/55f3dcd4-cac7-43b4-990b-a139d62a1eb2/resourceGroups/pstestrg-onesdk5986\",\r\n        \"provisioningState\": \"Succeeded\",\r\n        \"destination\": {\r\n          \"endpointType\": \"WebHook\",\r\n          \"properties\": {\r\n            \"endpointBaseUrl\": \"https://requestb.in/19qlscd1\"\r\n          }\r\n        },\r\n        \"filter\": {\r\n          \"subjectBeginsWith\": \"\",\r\n          \"subjectEndsWith\": \"\",\r\n          \"includedEventTypes\": [\r\n            \"All\"\r\n          ]\r\n        },\r\n        \"labels\": null\r\n      },\r\n      \"id\": \"/subscriptions/55f3dcd4-cac7-43b4-990b-a139d62a1eb2/resourceGroups/PSTestRG-onesdk5986/providers/Microsoft.EventGrid/eventSubscriptions/PSTestSubscription-onesdk6601\",\r\n      \"name\": \"PSTestSubscription-onesdk6601\",\r\n      \"type\": \"Microsoft.EventGrid/eventSubscriptions\"\r\n    },\r\n    {\r\n      \"properties\": {\r\n        \"topic\": \"/subscriptions/55f3dcd4-cac7-43b4-990b-a139d62a1eb2/resourceGroups/pstestrg-onesdk5986\",\r\n        \"provisioningState\": \"Succeeded\",\r\n        \"destination\": {\r\n          \"endpointType\": \"WebHook\",\r\n          \"properties\": {\r\n            \"endpointBaseUrl\": \"https://requestb.in/19qlscd1\"\r\n          }\r\n        },\r\n        \"filter\": {\r\n          \"subjectBeginsWith\": \"\",\r\n          \"subjectEndsWith\": \"\",\r\n          \"includedEventTypes\": [\r\n            \"All\"\r\n          ]\r\n        },\r\n        \"labels\": null\r\n      },\r\n      \"id\": \"/subscriptions/55f3dcd4-cac7-43b4-990b-a139d62a1eb2/resourceGroups/PSTestRG-onesdk5986/providers/Microsoft.EventGrid/eventSubscriptions/PSTestSubscription-onesdk2046\",\r\n      \"name\": \"PSTestSubscription-onesdk2046\",\r\n      \"type\": \"Microsoft.EventGrid/eventSubscriptions\"\r\n    },\r\n    {\r\n      \"properties\": {\r\n        \"topic\": \"/subscriptions/55f3dcd4-cac7-43b4-990b-a139d62a1eb2\",\r\n        \"provisioningState\": \"Succeeded\",\r\n        \"destination\": {\r\n          \"endpointType\": \"WebHook\",\r\n          \"properties\": {\r\n            \"endpointBaseUrl\": \"https://requestb.in/19qlscd1\"\r\n          }\r\n        },\r\n        \"filter\": {\r\n          \"subjectBeginsWith\": \"\",\r\n          \"subjectEndsWith\": \"\",\r\n          \"includedEventTypes\": [\r\n            \"All\"\r\n          ]\r\n        },\r\n        \"labels\": null\r\n      },\r\n      \"id\": \"/subscriptions/55f3dcd4-cac7-43b4-990b-a139d62a1eb2/providers/Microsoft.EventGrid/eventSubscriptions/PSTestSubscription-onesdk7321\",\r\n      \"name\": \"PSTestSubscription-onesdk7321\",\r\n      \"type\": \"Microsoft.EventGrid/eventSubscriptions\"\r\n    },\r\n    {\r\n      \"properties\": {\r\n        \"topic\": \"/subscriptions/55f3dcd4-cac7-43b4-990b-a139d62a1eb2\",\r\n        \"provisioningState\": \"Succeeded\",\r\n        \"destination\": {\r\n          \"endpointType\": \"WebHook\",\r\n          \"properties\": {\r\n            \"endpointBaseUrl\": \"https://requestb.in/19qlscd1\"\r\n          }\r\n        },\r\n        \"filter\": {\r\n          \"subjectBeginsWith\": \"\",\r\n          \"subjectEndsWith\": \"\",\r\n          \"includedEventTypes\": [\r\n            \"All\"\r\n          ]\r\n        },\r\n        \"labels\": null\r\n      },\r\n      \"id\": \"/subscriptions/55f3dcd4-cac7-43b4-990b-a139d62a1eb2/providers/Microsoft.EventGrid/eventSubscriptions/PSTestSubscription-onesdk4371\",\r\n      \"name\": \"PSTestSubscription-onesdk4371\",\r\n      \"type\": \"Microsoft.EventGrid/eventSubscriptions\"\r\n    },\r\n    {\r\n      \"properties\": {\r\n        \"topic\": \"/subscriptions/55f3dcd4-cac7-43b4-990b-a139d62a1eb2\",\r\n        \"provisioningState\": \"Succeeded\",\r\n        \"destination\": {\r\n          \"endpointType\": \"WebHook\",\r\n          \"properties\": {\r\n            \"endpointBaseUrl\": \"https://requestb.in/1e1g85v1\"\r\n          }\r\n        },\r\n        \"filter\": {\r\n          \"subjectBeginsWith\": \"TestPrefix\",\r\n          \"subjectEndsWith\": \"TestSuffix\",\r\n          \"includedEventTypes\": [\r\n            \"All\"\r\n          ]\r\n        },\r\n        \"labels\": [\r\n          \"TestLabel1\",\r\n          \"TestLabel2\"\r\n        ]\r\n      },\r\n      \"id\": \"/subscriptions/55f3dcd4-cac7-43b4-990b-a139d62a1eb2/providers/Microsoft.EventGrid/eventSubscriptions/sdk-EventSubscription-851\",\r\n      \"name\": \"sdk-EventSubscription-851\",\r\n      \"type\": \"Microsoft.EventGrid/eventSubscriptions\"\r\n    }\r\n  ]\r\n}",
      "ResponseHeaders": {
        "Content-Type": [
          "application/json; charset=utf-8"
        ],
        "Expires": [
          "-1"
        ],
        "Cache-Control": [
          "no-cache"
        ],
        "Date": [
          "Wed, 13 Sep 2017 18:12:42 GMT"
        ],
        "Pragma": [
          "no-cache"
        ],
        "Transfer-Encoding": [
          "chunked"
        ],
        "Server": [
          "Microsoft-HTTPAPI/2.0"
        ],
        "Vary": [
          "Accept-Encoding"
        ],
        "x-ms-request-id": [
          "c18c8461-3785-4d01-9bd7-db70bb24cda5"
        ],
        "x-ms-ratelimit-remaining-subscription-reads": [
          "14702"
        ],
        "x-ms-correlation-request-id": [
          "d80ca128-e72e-4316-a98b-a02a48831759"
        ],
        "x-ms-routing-request-id": [
          "WESTUS:20170913T181243Z:d80ca128-e72e-4316-a98b-a02a48831759"
        ],
        "Strict-Transport-Security": [
          "max-age=31536000; includeSubDomains"
        ]
      },
      "StatusCode": 200
    },
    {
      "RequestUri": "//subscriptions/55f3dcd4-cac7-43b4-990b-a139d62a1eb2/providers/Microsoft.EventGrid/eventSubscriptions/sdk-EventSubscription-851?api-version=2017-09-15-preview",
      "EncodedRequestUri": "Ly9zdWJzY3JpcHRpb25zLzU1ZjNkY2Q0LWNhYzctNDNiNC05OTBiLWExMzlkNjJhMWViMi9wcm92aWRlcnMvTWljcm9zb2Z0LkV2ZW50R3JpZC9ldmVudFN1YnNjcmlwdGlvbnMvc2RrLUV2ZW50U3Vic2NyaXB0aW9uLTg1MT9hcGktdmVyc2lvbj0yMDE3LTA5LTE1LXByZXZpZXc=",
      "RequestMethod": "DELETE",
      "RequestBody": "",
      "RequestHeaders": {
        "x-ms-client-request-id": [
          "be453d58-3145-48ba-917e-7cea0c3a282f"
        ],
        "accept-language": [
          "en-US"
        ],
        "User-Agent": [
          "FxVersion/4.6.25211.01",
          "Microsoft.Azure.Management.EventGrid.EventGridManagementClient/1.0.0.0"
        ]
      },
      "ResponseBody": "",
      "ResponseHeaders": {
        "Content-Length": [
          "0"
        ],
        "Expires": [
          "-1"
        ],
        "Cache-Control": [
          "no-cache"
        ],
        "Date": [
          "Wed, 13 Sep 2017 18:12:43 GMT"
        ],
        "Pragma": [
          "no-cache"
        ],
        "Server": [
          "Microsoft-HTTPAPI/2.0"
        ],
        "x-ms-ratelimit-remaining-subscription-writes": [
          "1188"
        ],
        "x-ms-request-id": [
          "991be55e-71b8-47fa-95b3-3a5f79ca7fec"
        ],
        "x-ms-correlation-request-id": [
          "991be55e-71b8-47fa-95b3-3a5f79ca7fec"
        ],
        "x-ms-routing-request-id": [
          "WESTUS:20170913T181244Z:991be55e-71b8-47fa-95b3-3a5f79ca7fec"
        ],
        "Strict-Transport-Security": [
          "max-age=31536000; includeSubDomains"
        ]
      },
      "StatusCode": 200
    }
  ],
  "Names": {
    "EventSubscriptionToAzureSubscriptionCreateGetUpdateDelete": [
      "sdk-EventSubscription-851"
    ]
  },
  "Variables": {
    "SubscriptionId": "55f3dcd4-cac7-43b4-990b-a139d62a1eb2"
  }
}