{
  "Entries": [
    {
      "RequestUri": "https://FakeHost.net/devices/TwinLifecycleDevice280967207?api-version=2020-03-13",
      "RequestMethod": "PUT",
      "RequestHeaders": {
        "Accept": "application/json",
        "Authorization": "Sanitized",
        "Content-Length": "43",
        "Content-Type": "application/json",
        "If-Match": "\u0022\u0022",
        "User-Agent": "azsdk-net-IoT.Hub.Service/1.0.0-alpha.20211208.1 (.NET 6.0.0-rtm.21522.10; Microsoft Windows 10.0.22000)",
        "x-ms-client-request-id": "6916f1d974ec81af476b1231973fe22c",
        "x-ms-return-client-request-id": "true"
      },
      "RequestBody": {
        "deviceId": "TwinLifecycleDevice280967207"
      },
      "StatusCode": 200,
      "ResponseHeaders": {
        "Content-Length": "542",
        "Content-Type": "application/json; charset=utf-8",
        "Date": "Thu, 09 Dec 2021 20:22:04 GMT",
        "ETag": "\u0022MTg0NzY1ODg5\u0022",
        "Server": "Microsoft-HTTPAPI/2.0",
        "Vary": "Origin",
        "x-ms-request-id": "b04aba5e-4795-4f3e-bafd-0bf9eccb040e"
      },
      "ResponseBody": {
        "deviceId": "TwinLifecycleDevice280967207",
        "generationId": "637746781246494265",
        "etag": "MTg0NzY1ODg5",
        "connectionState": "Disconnected",
        "status": "enabled",
        "statusReason": null,
        "connectionStateUpdatedTime": "0001-01-01T00:00:00",
        "statusUpdatedTime": "0001-01-01T00:00:00",
        "lastActivityTime": "0001-01-01T00:00:00",
        "cloudToDeviceMessageCount": 0,
        "authentication": {
          "symmetricKey": {
            "primaryKey": "Sanitized",
            "secondaryKey": "Sanitized"
          },
          "x509Thumbprint": {
            "primaryThumbprint": null,
            "secondaryThumbprint": null
          },
          "type": "sas"
        },
        "capabilities": {
          "iotEdge": false
        }
      }
    },
    {
      "RequestUri": "https://FakeHost.net/twins/TwinLifecycleDevice280967207?api-version=2020-03-13",
      "RequestMethod": "GET",
      "RequestHeaders": {
        "Accept": "application/json",
        "Authorization": "Sanitized",
        "User-Agent": "azsdk-net-IoT.Hub.Service/1.0.0-alpha.20211208.1 (.NET 6.0.0-rtm.21522.10; Microsoft Windows 10.0.22000)",
        "x-ms-client-request-id": "f5d3772ae70353355e12a5378124b48e",
        "x-ms-return-client-request-id": "true"
      },
      "RequestBody": null,
      "StatusCode": 200,
      "ResponseHeaders": {
        "Content-Length": "588",
        "Content-Type": "application/json; charset=utf-8",
        "Date": "Thu, 09 Dec 2021 20:22:04 GMT",
        "Server": "Microsoft-HTTPAPI/2.0",
        "Vary": "Origin",
        "x-ms-request-id": "36ea18f7-7a0b-46a1-a459-aa87f973cad4"
      },
      "ResponseBody": {
        "deviceId": "TwinLifecycleDevice280967207",
        "etag": "AAAAAAAAAAE=",
        "deviceEtag": "MTg0NzY1ODg5",
        "status": "enabled",
        "statusUpdateTime": "0001-01-01T00:00:00Z",
        "connectionState": "Disconnected",
        "lastActivityTime": "0001-01-01T00:00:00Z",
        "cloudToDeviceMessageCount": 0,
        "authenticationType": "sas",
        "x509Thumbprint": {
          "primaryThumbprint": null,
          "secondaryThumbprint": null
        },
        "version": 2,
        "properties": {
          "desired": {
            "$metadata": {
              "$lastUpdated": "2021-12-09T20:22:04.6494265Z"
            },
            "$version": 1
          },
          "reported": {
            "$metadata": {
              "$lastUpdated": "2021-12-09T20:22:04.6494265Z"
            },
            "$version": 1
          }
        },
        "capabilities": {
          "iotEdge": false
        }
      }
    },
    {
      "RequestUri": "https://FakeHost.net/twins/TwinLifecycleDevice280967207?api-version=2020-03-13",
      "RequestMethod": "PATCH",
      "RequestHeaders": {
        "Accept": "application/json",
        "Authorization": "Sanitized",
        "Content-Length": "572",
        "Content-Type": "application/json",
        "If-Match": "*",
        "User-Agent": "azsdk-net-IoT.Hub.Service/1.0.0-alpha.20211208.1 (.NET 6.0.0-rtm.21522.10; Microsoft Windows 10.0.22000)",
        "x-ms-client-request-id": "c24cbca096e0283dc98e00f9405c58bf",
        "x-ms-return-client-request-id": "true"
      },
      "RequestBody": {
        "deviceId": "TwinLifecycleDevice280967207",
        "properties": {
          "desired": {
            "$metadata": {
              "$lastUpdated": "2021-12-09T20:22:04.6494265Z"
            },
            "$version": 1,
            "username": "userA"
          },
          "reported": {
            "$metadata": {
              "$lastUpdated": "2021-12-09T20:22:04.6494265Z"
            },
            "$version": 1
          }
        },
        "etag": "AAAAAAAAAAE=",
        "version": 2,
        "deviceEtag": "MTg0NzY1ODg5",
        "status": "enabled",
        "statusUpdateTime": "0001-01-01T00:00:00.0000000Z",
        "connectionState": "Disconnected",
        "lastActivityTime": "0001-01-01T00:00:00.0000000Z",
        "cloudToDeviceMessageCount": 0,
        "authenticationType": "sas",
        "x509Thumbprint": {},
        "capabilities": {
          "iotEdge": false
        }
      },
      "StatusCode": 200,
      "ResponseHeaders": {
        "Content-Length": "712",
        "Content-Type": "application/json; charset=utf-8",
        "Date": "Thu, 09 Dec 2021 20:22:04 GMT",
        "Server": "Microsoft-HTTPAPI/2.0",
        "Vary": "Origin",
        "x-ms-request-id": "890ddd9b-2b37-458d-9696-baca41ef52da"
      },
      "ResponseBody": {
        "deviceId": "TwinLifecycleDevice280967207",
        "etag": "AAAAAAAAAAI=",
        "deviceEtag": "MTg0NzY1ODg5",
        "status": "enabled",
        "statusUpdateTime": "0001-01-01T00:00:00Z",
        "connectionState": "Disconnected",
        "lastActivityTime": "0001-01-01T00:00:00Z",
        "cloudToDeviceMessageCount": 0,
        "authenticationType": "sas",
        "x509Thumbprint": {
          "primaryThumbprint": null,
          "secondaryThumbprint": null
        },
        "version": 3,
        "properties": {
          "desired": {
            "username": "userA",
            "$metadata": {
              "$lastUpdated": "2021-12-09T20:22:04.774462Z",
              "$lastUpdatedVersion": 2,
              "username": {
                "$lastUpdated": "2021-12-09T20:22:04.774462Z",
                "$lastUpdatedVersion": 2
              }
            },
            "$version": 2
          },
          "reported": {
            "$metadata": {
              "$lastUpdated": "2021-12-09T20:22:04.6494265Z"
            },
            "$version": 1
          }
        },
        "capabilities": {
          "iotEdge": false
        }
      }
    },
    {
      "RequestUri": "https://FakeHost.net/devices/TwinLifecycleDevice280967207?api-version=2020-03-13",
      "RequestMethod": "DELETE",
      "RequestHeaders": {
        "Authorization": "Sanitized",
        "If-Match": "*",
        "User-Agent": "azsdk-net-IoT.Hub.Service/1.0.0-alpha.20211208.1 (.NET 6.0.0-rtm.21522.10; Microsoft Windows 10.0.22000)",
        "x-ms-client-request-id": "b391dad2204df223bcc30adacf770023",
        "x-ms-return-client-request-id": "true"
      },
      "RequestBody": null,
      "StatusCode": 204,
      "ResponseHeaders": {
        "Content-Length": "0",
        "Date": "Thu, 09 Dec 2021 20:22:04 GMT",
        "Server": "Microsoft-HTTPAPI/2.0",
        "Vary": "Origin",
        "x-ms-request-id": "0c40f441-27e9-48f4-bbc8-430a071247f2"
      },
      "ResponseBody": null
    }
  ],
  "Variables": {
    "IOT_HUB_CONNECTION_STRING": "HostName=FakeHost.net;SharedAccessKeyName=iothubowner;SharedAccessKey=Kg==",
    "RandomSeed": "1503839305"
  }
}
