{
  "Entries": [
    {
      "RequestUri": "https://azade2ehub33.azure-devices.net/devices/IdentityLifecycleDevice366387633?api-version=2020-03-13",
      "RequestMethod": "PUT",
      "RequestHeaders": {
        "Authorization": "Sanitized",
        "Content-Length": "47",
        "Content-Type": "application/json",
        "User-Agent": [
          "azsdk-net-Iot.Hub.Service/1.0.0-dev.20200624.1",
          "(.NET Core 4.6.28928.01; Microsoft Windows 10.0.18363 )"
        ],
        "x-ms-client-request-id": "353676c2bf306c4344a5ed1868085bf7",
        "x-ms-return-client-request-id": "true"
      },
      "RequestBody": {
        "deviceId": "IdentityLifecycleDevice366387633"
      },
      "StatusCode": 200,
      "ResponseHeaders": {
        "Content-Length": "616",
        "Content-Type": "application/json; charset=utf-8",
        "Date": "Thu, 25 Jun 2020 00:01:19 GMT",
        "ETag": "\u0022Mjg5NDc3NDQ1\u0022",
        "Server": "Microsoft-HTTPAPI/2.0",
        "Vary": "Origin",
        "x-ms-request-id": "d5f51788-a909-40fe-bc97-a51d599329d9"
      },
      "ResponseBody": {
        "deviceId": "IdentityLifecycleDevice366387633",
        "generationId": "637286400801413847",
        "etag": "Mjg5NDc3NDQ1",
        "connectionState": "Disconnected",
        "status": "enabled",
        "statusReason": null,
        "connectionStateUpdatedTime": "0001-01-01T00:00:00",
        "statusUpdatedTime": "0001-01-01T00:00:00",
        "lastActivityTime": "0001-01-01T00:00:00",
        "cloudToDeviceMessageCount": 0,
        "authentication": {
          "symmetricKey": {
            "primaryKey": "YeQ0Y4VZ/2TMPZHvq9dwx/x8H9f1wQ3UG6F2bH2RkV4=",
            "secondaryKey": "TZbyU9PmZBvpdSn49LOeDSUIG3R5f2tQFkmOicvcXsg="
          },
          "x509Thumbprint": {
            "primaryThumbprint": null,
            "secondaryThumbprint": null
          },
          "type": "sas"
        },
        "capabilities": {
          "iotEdge": false
        }
      }
    },
    {
      "RequestUri": "https://azade2ehub33.azure-devices.net/devices/IdentityLifecycleDevice366387633?api-version=2020-03-13",
      "RequestMethod": "GET",
      "RequestHeaders": {
        "Authorization": "Sanitized",
        "User-Agent": [
          "azsdk-net-Iot.Hub.Service/1.0.0-dev.20200624.1",
          "(.NET Core 4.6.28928.01; Microsoft Windows 10.0.18363 )"
        ],
        "x-ms-client-request-id": "bbf4d14508f2e11c432ecb0216e2e994",
        "x-ms-return-client-request-id": "true"
      },
      "RequestBody": null,
      "StatusCode": 200,
      "ResponseHeaders": {
        "Content-Length": "619",
        "Content-Type": "application/json; charset=utf-8",
        "Date": "Thu, 25 Jun 2020 00:01:19 GMT",
        "ETag": "\u0022Mjg5NDc3NDQ1\u0022",
        "Server": "Microsoft-HTTPAPI/2.0",
        "Vary": "Origin",
        "x-ms-request-id": "666634bd-7c66-4e25-91c4-cdd677491dcc"
      },
      "ResponseBody": {
        "deviceId": "IdentityLifecycleDevice366387633",
        "generationId": "637286400801413847",
        "etag": "Mjg5NDc3NDQ1",
        "connectionState": "Disconnected",
        "status": "enabled",
        "statusReason": null,
        "connectionStateUpdatedTime": "0001-01-01T00:00:00Z",
        "statusUpdatedTime": "0001-01-01T00:00:00Z",
        "lastActivityTime": "0001-01-01T00:00:00Z",
        "cloudToDeviceMessageCount": 0,
        "authentication": {
          "symmetricKey": {
            "primaryKey": "YeQ0Y4VZ/2TMPZHvq9dwx/x8H9f1wQ3UG6F2bH2RkV4=",
            "secondaryKey": "TZbyU9PmZBvpdSn49LOeDSUIG3R5f2tQFkmOicvcXsg="
          },
          "x509Thumbprint": {
            "primaryThumbprint": null,
            "secondaryThumbprint": null
          },
          "type": "sas"
        },
        "capabilities": {
          "iotEdge": false
        }
      }
    },
    {
      "RequestUri": "https://azade2ehub33.azure-devices.net/devices/IdentityLifecycleDevice366387633?api-version=2020-03-13",
      "RequestMethod": "PUT",
      "RequestHeaders": {
        "Authorization": "Sanitized",
        "Content-Length": "573",
        "Content-Type": "application/json",
        "If-Match": "*",
        "User-Agent": [
          "azsdk-net-Iot.Hub.Service/1.0.0-dev.20200624.1",
          "(.NET Core 4.6.28928.01; Microsoft Windows 10.0.18363 )"
        ],
        "x-ms-client-request-id": "86c4e09d83e11f2c99945dd7664c45ba",
        "x-ms-return-client-request-id": "true"
      },
      "RequestBody": {
        "deviceId": "IdentityLifecycleDevice366387633",
        "generationId": "637286400801413847",
        "etag": "Mjg5NDc3NDQ1",
        "connectionState": "Disconnected",
        "status": "disabled",
        "connectionStateUpdatedTime": "0001-01-01T00:00:00.0000000Z",
        "statusUpdatedTime": "0001-01-01T00:00:00.0000000Z",
        "lastActivityTime": "0001-01-01T00:00:00.0000000Z",
        "cloudToDeviceMessageCount": 0,
        "authentication": {
          "symmetricKey": {
            "primaryKey": "YeQ0Y4VZ/2TMPZHvq9dwx/x8H9f1wQ3UG6F2bH2RkV4=",
            "secondaryKey": "TZbyU9PmZBvpdSn49LOeDSUIG3R5f2tQFkmOicvcXsg="
          },
          "x509Thumbprint": {},
          "type": "sas"
        },
        "capabilities": {
          "iotEdge": false
        }
      },
      "StatusCode": 200,
      "ResponseHeaders": {
        "Content-Length": "628",
        "Content-Type": "application/json; charset=utf-8",
        "Date": "Thu, 25 Jun 2020 00:01:19 GMT",
        "ETag": "\u0022Mjg5NDc3NDQ2\u0022",
        "Server": "Microsoft-HTTPAPI/2.0",
        "Vary": "Origin",
        "x-ms-request-id": "a96d0c4a-1f2e-4847-87fe-cd06a097d025"
      },
      "ResponseBody": {
        "deviceId": "IdentityLifecycleDevice366387633",
        "generationId": "637286400801413847",
        "etag": "Mjg5NDc3NDQ2",
        "connectionState": "Disconnected",
        "status": "disabled",
        "statusReason": null,
        "connectionStateUpdatedTime": "0001-01-01T00:00:00Z",
        "statusUpdatedTime": "2020-06-25T00:01:20.2036247Z",
        "lastActivityTime": "0001-01-01T00:00:00Z",
        "cloudToDeviceMessageCount": 0,
        "authentication": {
          "symmetricKey": {
            "primaryKey": "YeQ0Y4VZ/2TMPZHvq9dwx/x8H9f1wQ3UG6F2bH2RkV4=",
            "secondaryKey": "TZbyU9PmZBvpdSn49LOeDSUIG3R5f2tQFkmOicvcXsg="
          },
          "x509Thumbprint": {
            "primaryThumbprint": null,
            "secondaryThumbprint": null
          },
          "type": "sas"
        },
        "capabilities": {
          "iotEdge": false
        }
      }
    },
    {
      "RequestUri": "https://azade2ehub33.azure-devices.net/devices/IdentityLifecycleDevice366387633?api-version=2020-03-13",
      "RequestMethod": "DELETE",
      "RequestHeaders": {
        "Authorization": "Sanitized",
        "If-Match": "*",
        "User-Agent": [
          "azsdk-net-Iot.Hub.Service/1.0.0-dev.20200624.1",
          "(.NET Core 4.6.28928.01; Microsoft Windows 10.0.18363 )"
        ],
        "x-ms-client-request-id": "d3264503d003babe5954f101f3415661",
        "x-ms-return-client-request-id": "true"
      },
      "RequestBody": null,
      "StatusCode": 204,
      "ResponseHeaders": {
        "Content-Length": "0",
        "Date": "Thu, 25 Jun 2020 00:01:19 GMT",
        "Server": "Microsoft-HTTPAPI/2.0",
        "Vary": "Origin",
        "x-ms-request-id": "9b5083f8-5f24-42fe-a146-dd1644b90114"
      },
      "ResponseBody": []
    }
  ],
  "Variables": {
    "IOT_HUB_CONNECTION_STRING": "HostName=AzadE2EHub33.azure-devices.net;SharedAccessKeyName=iothubowner;SharedAccessKey=Kg==;",
    "RandomSeed": "1043933844"
  }
}