{
  "Entries": [
    {
      "RequestUri": "https://amandaadlscanary.blob.core.windows.net/test-filesystem-2af78f4c-0e5e-87ee-d783-0abba6e90722?restype=container",
      "RequestMethod": "PUT",
      "RequestHeaders": {
        "Accept": "application/xml",
        "Authorization": "Sanitized",
        "Content-Length": "0",
        "traceparent": "00-6562ee33edaffd6434dbfebb3e0b8278-92578ff1dbad6d53-00",
        "User-Agent": "azsdk-net-Storage.Files.DataLake/12.12.0-alpha.20220725.1 (.NET 6.0.7; Microsoft Windows 10.0.22000)",
        "x-ms-blob-public-access": "container",
        "x-ms-client-request-id": "9462cf3e-31f8-9216-9bf6-d17dfaba9e34",
        "x-ms-date": "Tue, 26 Jul 2022 06:48:03 GMT",
        "x-ms-return-client-request-id": "true",
        "x-ms-version": "2021-08-06"
      },
      "RequestBody": null,
      "StatusCode": 201,
      "ResponseHeaders": {
        "Content-Length": "0",
        "Date": "Tue, 26 Jul 2022 06:48:03 GMT",
        "ETag": "\u00220x8DA6ED2CA321696\u0022",
        "Last-Modified": "Tue, 26 Jul 2022 06:48:04 GMT",
        "Server": [
          "Windows-Azure-Blob/1.0",
          "Microsoft-HTTPAPI/2.0"
        ],
        "x-ms-client-request-id": "9462cf3e-31f8-9216-9bf6-d17dfaba9e34",
        "x-ms-request-id": "73ad4ea7-f01e-00ab-40bb-a089eb000000",
        "x-ms-version": "2021-08-06"
      },
      "ResponseBody": null
    },
    {
      "RequestUri": "https://amandaadlscanary.dfs.core.windows.net/test-filesystem-2af78f4c-0e5e-87ee-d783-0abba6e90722/test-directory-fb50c2bc-bad0-7a43-018e-cd0a0324a696?sv=2021-08-06\u0026ss=bqtf\u0026srt=ocs\u0026se=2022-07-27T06%3A48%3A03Z\u0026sp=racwdlxyuptf\u0026sig=Sanitized\u0026resource=directory",
      "RequestMethod": "PUT",
      "RequestHeaders": {
        "Accept": "application/json",
        "Content-Length": "0",
        "traceparent": "00-f8e63621429dffc3b36e1d451547c5c0-84ff43f97f8a548a-00",
        "User-Agent": "azsdk-net-Storage.Files.DataLake/12.12.0-alpha.20220725.1 (.NET 6.0.7; Microsoft Windows 10.0.22000)",
        "x-ms-client-request-id": "1d0dd7b5-a3f1-837e-8ce7-9369630c8f76",
        "x-ms-return-client-request-id": "true",
        "x-ms-version": "2021-08-06"
      },
      "RequestBody": null,
      "StatusCode": 201,
      "ResponseHeaders": {
        "Content-Length": "0",
        "Date": "Tue, 26 Jul 2022 06:48:03 GMT",
        "ETag": "\u00220x8DA6ED2CA418B46\u0022",
        "Last-Modified": "Tue, 26 Jul 2022 06:48:04 GMT",
        "Server": [
          "Windows-Azure-HDFS/1.0",
          "Microsoft-HTTPAPI/2.0"
        ],
        "x-ms-client-request-id": "1d0dd7b5-a3f1-837e-8ce7-9369630c8f76",
        "x-ms-request-id": "afa6b397-b01f-00c8-31bb-a01410000000",
        "x-ms-request-server-encrypted": "true",
        "x-ms-version": "2021-08-06"
      },
      "ResponseBody": null
    },
    {
      "RequestUri": "https://amandaadlscanary.dfs.core.windows.net/test-filesystem-2af78f4c-0e5e-87ee-d783-0abba6e90722/test-directory-fb50c2bc-bad0-7a43-018e-cd0a0324a696/test-file-40983b4f-c83e-49ad-9916-dd6d783d7af1?sv=2021-08-06\u0026ss=bqtf\u0026srt=ocs\u0026se=2022-07-27T06%3A48%3A03Z\u0026sp=racwdlxyuptf\u0026sig=Sanitized\u0026resource=file",
      "RequestMethod": "PUT",
      "RequestHeaders": {
        "Accept": "application/json",
        "Content-Length": "0",
        "traceparent": "00-eb9278f2c1f3280c62524de672ff64dd-7f029088cee49e11-00",
        "User-Agent": "azsdk-net-Storage.Files.DataLake/12.12.0-alpha.20220725.1 (.NET 6.0.7; Microsoft Windows 10.0.22000)",
        "x-ms-client-request-id": "c5b5cbd4-2d77-ec63-29c4-84dac5110a4e",
        "x-ms-return-client-request-id": "true",
        "x-ms-version": "2021-08-06"
      },
      "RequestBody": null,
      "StatusCode": 201,
      "ResponseHeaders": {
        "Content-Length": "0",
        "Date": "Tue, 26 Jul 2022 06:48:03 GMT",
        "ETag": "\u00220x8DA6ED2CA4E93A1\u0022",
        "Last-Modified": "Tue, 26 Jul 2022 06:48:04 GMT",
        "Server": [
          "Windows-Azure-HDFS/1.0",
          "Microsoft-HTTPAPI/2.0"
        ],
        "x-ms-client-request-id": "c5b5cbd4-2d77-ec63-29c4-84dac5110a4e",
        "x-ms-request-id": "afa6b398-b01f-00c8-32bb-a01410000000",
        "x-ms-request-server-encrypted": "true",
        "x-ms-version": "2021-08-06"
      },
      "ResponseBody": null
    },
    {
      "RequestUri": "https://amandaadlscanary.blob.core.windows.net/test-filesystem-2af78f4c-0e5e-87ee-d783-0abba6e90722?restype=container",
      "RequestMethod": "DELETE",
      "RequestHeaders": {
        "Accept": "application/xml",
        "Authorization": "Sanitized",
        "traceparent": "00-cf391323d6b95a4b56b6690b414a4951-17aa9231bce3627e-00",
        "User-Agent": "azsdk-net-Storage.Files.DataLake/12.12.0-alpha.20220725.1 (.NET 6.0.7; Microsoft Windows 10.0.22000)",
        "x-ms-client-request-id": "ac98ca41-b488-f379-c768-025304ca7b2a",
        "x-ms-date": "Tue, 26 Jul 2022 06:48:03 GMT",
        "x-ms-return-client-request-id": "true",
        "x-ms-version": "2021-08-06"
      },
      "RequestBody": null,
      "StatusCode": 202,
      "ResponseHeaders": {
        "Content-Length": "0",
        "Date": "Tue, 26 Jul 2022 06:48:04 GMT",
        "Server": [
          "Windows-Azure-Blob/1.0",
          "Microsoft-HTTPAPI/2.0"
        ],
        "x-ms-client-request-id": "ac98ca41-b488-f379-c768-025304ca7b2a",
        "x-ms-request-id": "73ad4ec6-f01e-00ab-59bb-a089eb000000",
        "x-ms-version": "2021-08-06"
      },
      "ResponseBody": null
    }
  ],
  "Variables": {
    "DateTimeOffsetNow": "2022-07-25T23:48:03.4808039-07:00",
    "RandomSeed": "2058026557",
    "Storage_TestConfigHierarchicalNamespace": "NamespaceTenant\namandaadlscanary\nU2FuaXRpemVk\nhttps://amandaadlscanary.blob.core.windows.net\nhttps://amandaadlscanary.file.core.windows.net\nhttps://amandaadlscanary.queue.core.windows.net\nhttps://amandaadlscanary.table.core.windows.net\n\n\n\n\nhttps://amandaadlscanary-secondary.blob.core.windows.net\nhttps://amandaadlscanary-secondary.file.core.windows.net\nhttps://amandaadlscanary-secondary.queue.core.windows.net\nhttps://amandaadlscanary-secondary.table.core.windows.net\na42cfe5c-69a3-423d-bfce-8e3ad1aba0d2\nSanitized\n72f988bf-86f1-41af-91ab-2d7cd011db47\nhttps://login.microsoftonline.com/\nCloud\nBlobEndpoint=https://amandaadlscanary.blob.core.windows.net/;QueueEndpoint=https://amandaadlscanary.queue.core.windows.net/;FileEndpoint=https://amandaadlscanary.file.core.windows.net/;BlobSecondaryEndpoint=https://amandaadlscanary-secondary.blob.core.windows.net/;QueueSecondaryEndpoint=https://amandaadlscanary-secondary.queue.core.windows.net/;FileSecondaryEndpoint=https://amandaadlscanary-secondary.file.core.windows.net/;AccountName=amandaadlscanary;AccountKey=Sanitized\n\n\n"
  }
}
