{
  "Entries": [
    {
      "RequestUri": "https://amandaadlscanary.blob.core.windows.net/test-filesystem-73f0d3e2-e810-b505-f05a-6efc1fc06465?restype=container",
      "RequestMethod": "PUT",
      "RequestHeaders": {
        "Accept": "application/xml",
        "Authorization": "Sanitized",
        "Content-Length": "0",
        "traceparent": "00-46bea7a2269a38025b3ed70eb144baa1-5a38bb6ab8bcf001-00",
        "User-Agent": "azsdk-net-Storage.Files.DataLake/12.12.0-alpha.20220727.1 (.NET 6.0.7; Microsoft Windows 10.0.22000)",
        "x-ms-blob-public-access": "container",
        "x-ms-client-request-id": "120d90a6-0eb7-ee7d-f54b-d502be47b13b",
        "x-ms-date": "Wed, 27 Jul 2022 22:26:16 GMT",
        "x-ms-return-client-request-id": "true",
        "x-ms-version": "2021-10-04"
      },
      "RequestBody": null,
      "StatusCode": 201,
      "ResponseHeaders": {
        "Content-Length": "0",
        "Date": "Wed, 27 Jul 2022 22:26:18 GMT",
        "ETag": "\u00220x8DA701F073612E9\u0022",
        "Last-Modified": "Wed, 27 Jul 2022 22:26:19 GMT",
        "Server": [
          "Windows-Azure-Blob/1.0",
          "Microsoft-HTTPAPI/2.0"
        ],
        "x-ms-client-request-id": "120d90a6-0eb7-ee7d-f54b-d502be47b13b",
        "x-ms-request-id": "a4a9a8dc-201e-00e5-7e07-a2a763000000",
        "x-ms-version": "2021-10-04"
      },
      "ResponseBody": null
    },
    {
      "RequestUri": "https://amandaadlscanary.dfs.core.windows.net/test-filesystem-73f0d3e2-e810-b505-f05a-6efc1fc06465/test-file-7fadd67a-f7c3-471f-c7e4-e6cb30d6e999?sv=2021-12-02\u0026ss=bqtf\u0026srt=soc\u0026se=2022-07-28T22%3A26%3A16Z\u0026sp=racwdlxyuptf\u0026sig=Sanitized\u0026resource=file",
      "RequestMethod": "PUT",
      "RequestHeaders": {
        "Accept": "application/json",
        "Content-Length": "0",
        "traceparent": "00-a53e16620ff408400e4f68be4f2401a8-8e19fc51c9633e95-00",
        "User-Agent": "azsdk-net-Storage.Files.DataLake/12.12.0-alpha.20220727.1 (.NET 6.0.7; Microsoft Windows 10.0.22000)",
        "x-ms-client-request-id": "f5b47b94-f3aa-af9d-71c6-4ad327b2bd1e",
        "x-ms-return-client-request-id": "true",
        "x-ms-version": "2021-10-04"
      },
      "RequestBody": null,
      "StatusCode": 201,
      "ResponseHeaders": {
        "Content-Length": "0",
        "Date": "Wed, 27 Jul 2022 22:26:18 GMT",
        "ETag": "\u00220x8DA701F07480F92\u0022",
        "Last-Modified": "Wed, 27 Jul 2022 22:26:19 GMT",
        "Server": [
          "Windows-Azure-HDFS/1.0",
          "Microsoft-HTTPAPI/2.0"
        ],
        "x-ms-client-request-id": "f5b47b94-f3aa-af9d-71c6-4ad327b2bd1e",
        "x-ms-request-id": "a35cab92-a01f-0052-2a07-a28ac9000000",
        "x-ms-request-server-encrypted": "true",
        "x-ms-version": "2021-10-04"
      },
      "ResponseBody": null
    },
    {
      "RequestUri": "https://amandaadlscanary.blob.core.windows.net/test-filesystem-73f0d3e2-e810-b505-f05a-6efc1fc06465?sv=2021-12-02\u0026ss=bqtf\u0026srt=soc\u0026se=2022-07-28T22%3A26%3A16Z\u0026sp=racwdlxyuptf\u0026sig=Sanitized\u0026restype=container",
      "RequestMethod": "GET",
      "RequestHeaders": {
        "Accept": "application/xml",
        "traceparent": "00-c5d5ed8e1d154f72ea930f344b4ccb2e-9f6fac3d32373404-00",
        "User-Agent": "azsdk-net-Storage.Files.DataLake/12.12.0-alpha.20220727.1 (.NET 6.0.7; Microsoft Windows 10.0.22000)",
        "x-ms-client-request-id": "b537a196-f422-f4ef-6fa6-1ded07dbd1de",
        "x-ms-return-client-request-id": "true",
        "x-ms-version": "2021-10-04"
      },
      "RequestBody": null,
      "StatusCode": 200,
      "ResponseHeaders": {
        "Content-Length": "0",
        "Date": "Wed, 27 Jul 2022 22:26:18 GMT",
        "ETag": "\u00220x8DA701F073612E9\u0022",
        "Last-Modified": "Wed, 27 Jul 2022 22:26:19 GMT",
        "Server": [
          "Windows-Azure-Blob/1.0",
          "Microsoft-HTTPAPI/2.0"
        ],
        "x-ms-blob-public-access": "container",
        "x-ms-client-request-id": "b537a196-f422-f4ef-6fa6-1ded07dbd1de",
        "x-ms-default-encryption-scope": "$account-encryption-key",
        "x-ms-deny-encryption-scope-override": "false",
        "x-ms-has-immutability-policy": "false",
        "x-ms-has-legal-hold": "false",
        "x-ms-immutable-storage-with-versioning-enabled": "false",
        "x-ms-lease-state": "available",
        "x-ms-lease-status": "unlocked",
        "x-ms-request-id": "a4a9a8e9-201e-00e5-0a07-a2a763000000",
        "x-ms-version": "2021-10-04"
      },
      "ResponseBody": null
    },
    {
      "RequestUri": "https://amandaadlscanary.blob.core.windows.net/test-filesystem-73f0d3e2-e810-b505-f05a-6efc1fc06465?restype=container",
      "RequestMethod": "DELETE",
      "RequestHeaders": {
        "Accept": "application/xml",
        "Authorization": "Sanitized",
        "traceparent": "00-3cd9c0e67b945c73de7d5533b0dc9156-3ef1173fd1f4027f-00",
        "User-Agent": "azsdk-net-Storage.Files.DataLake/12.12.0-alpha.20220727.1 (.NET 6.0.7; Microsoft Windows 10.0.22000)",
        "x-ms-client-request-id": "863d8c45-077b-6dfb-4b25-414b049a214d",
        "x-ms-date": "Wed, 27 Jul 2022 22:26:17 GMT",
        "x-ms-return-client-request-id": "true",
        "x-ms-version": "2021-10-04"
      },
      "RequestBody": null,
      "StatusCode": 202,
      "ResponseHeaders": {
        "Content-Length": "0",
        "Date": "Wed, 27 Jul 2022 22:26:18 GMT",
        "Server": [
          "Windows-Azure-Blob/1.0",
          "Microsoft-HTTPAPI/2.0"
        ],
        "x-ms-client-request-id": "863d8c45-077b-6dfb-4b25-414b049a214d",
        "x-ms-request-id": "a4a9a8eb-201e-00e5-0c07-a2a763000000",
        "x-ms-version": "2021-10-04"
      },
      "ResponseBody": null
    }
  ],
  "Variables": {
    "DateTimeOffsetNow": "2022-07-27T15:26:16.9740034-07:00",
    "RandomSeed": "1042046915",
    "Storage_TestConfigHierarchicalNamespace": "NamespaceTenant\namandaadlscanary\nU2FuaXRpemVk\nhttps://amandaadlscanary.blob.core.windows.net\nhttps://amandaadlscanary.file.core.windows.net\nhttps://amandaadlscanary.queue.core.windows.net\nhttps://amandaadlscanary.table.core.windows.net\n\n\n\n\nhttps://amandaadlscanary-secondary.blob.core.windows.net\nhttps://amandaadlscanary-secondary.file.core.windows.net\nhttps://amandaadlscanary-secondary.queue.core.windows.net\nhttps://amandaadlscanary-secondary.table.core.windows.net\na42cfe5c-69a3-423d-bfce-8e3ad1aba0d2\nSanitized\n72f988bf-86f1-41af-91ab-2d7cd011db47\nhttps://login.microsoftonline.com/\nCloud\nBlobEndpoint=https://amandaadlscanary.blob.core.windows.net/;QueueEndpoint=https://amandaadlscanary.queue.core.windows.net/;FileEndpoint=https://amandaadlscanary.file.core.windows.net/;BlobSecondaryEndpoint=https://amandaadlscanary-secondary.blob.core.windows.net/;QueueSecondaryEndpoint=https://amandaadlscanary-secondary.queue.core.windows.net/;FileSecondaryEndpoint=https://amandaadlscanary-secondary.file.core.windows.net/;AccountName=amandaadlscanary;AccountKey=Sanitized\n\n\n"
  }
}
