{
  "Entries": [
    {
      "RequestUri": "https://amandaadlscanary.blob.core.windows.net/test-filesystem-ec49f14e-4df0-f8c5-d379-e439b4ef7f73?restype=container",
      "RequestMethod": "PUT",
      "RequestHeaders": {
        "Accept": "application/xml",
        "Authorization": "Sanitized",
        "Content-Length": "0",
        "traceparent": "00-b761086e3277f6e8a60264c26d738175-cbedbb66eb357865-00",
        "User-Agent": "azsdk-net-Storage.Files.DataLake/12.12.0-alpha.20220727.1 (.NET 6.0.7; Microsoft Windows 10.0.22000)",
        "x-ms-blob-public-access": "container",
        "x-ms-client-request-id": "ab94e076-606c-b497-d962-ed0b80e43e7a",
        "x-ms-date": "Wed, 27 Jul 2022 22:26:10 GMT",
        "x-ms-return-client-request-id": "true",
        "x-ms-version": "2021-10-04"
      },
      "RequestBody": null,
      "StatusCode": 201,
      "ResponseHeaders": {
        "Content-Length": "0",
        "Date": "Wed, 27 Jul 2022 22:26:12 GMT",
        "ETag": "\u00220x8DA701F0370CF9A\u0022",
        "Last-Modified": "Wed, 27 Jul 2022 22:26:13 GMT",
        "Server": [
          "Windows-Azure-Blob/1.0",
          "Microsoft-HTTPAPI/2.0"
        ],
        "x-ms-client-request-id": "ab94e076-606c-b497-d962-ed0b80e43e7a",
        "x-ms-request-id": "a4a9a66b-201e-00e5-7507-a2a763000000",
        "x-ms-version": "2021-10-04"
      },
      "ResponseBody": null
    },
    {
      "RequestUri": "https://amandaadlscanary.dfs.core.windows.net/test-filesystem-ec49f14e-4df0-f8c5-d379-e439b4ef7f73/test-file-2286aa4c-300f-119a-456f-2aef4f4ce2ab?sv=2023-01-03\u0026ss=bqtf\u0026srt=sco\u0026se=2022-07-28T22%3A26%3A10Z\u0026sp=cuprwdyla\u0026sig=Sanitized\u0026resource=file",
      "RequestMethod": "PUT",
      "RequestHeaders": {
        "Accept": "application/json",
        "Content-Length": "0",
        "traceparent": "00-fe19b2042307e32d1672118b13338deb-08586812bcbc0844-00",
        "User-Agent": "azsdk-net-Storage.Files.DataLake/12.12.0-alpha.20220727.1 (.NET 6.0.7; Microsoft Windows 10.0.22000)",
        "x-ms-client-request-id": "6b2c83c2-d1a1-4693-4583-66fc36a8648c",
        "x-ms-return-client-request-id": "true",
        "x-ms-version": "2021-10-04"
      },
      "RequestBody": null,
      "StatusCode": 201,
      "ResponseHeaders": {
        "Content-Length": "0",
        "Date": "Wed, 27 Jul 2022 22:26:12 GMT",
        "ETag": "\u00220x8DA701F0385FBD8\u0022",
        "Last-Modified": "Wed, 27 Jul 2022 22:26:13 GMT",
        "Server": [
          "Windows-Azure-HDFS/1.0",
          "Microsoft-HTTPAPI/2.0"
        ],
        "x-ms-client-request-id": "6b2c83c2-d1a1-4693-4583-66fc36a8648c",
        "x-ms-request-id": "a35cab72-a01f-0052-1707-a28ac9000000",
        "x-ms-request-server-encrypted": "true",
        "x-ms-version": "2021-10-04"
      },
      "ResponseBody": null
    },
    {
      "RequestUri": "https://amandaadlscanary.blob.core.windows.net/test-filesystem-ec49f14e-4df0-f8c5-d379-e439b4ef7f73?sv=2023-01-03\u0026ss=bqtf\u0026srt=sco\u0026se=2022-07-28T22%3A26%3A10Z\u0026sp=cuprwdyla\u0026sig=Sanitized\u0026restype=container",
      "RequestMethod": "GET",
      "RequestHeaders": {
        "Accept": "application/xml",
        "traceparent": "00-0cb9ac42ccbf36b4472190786c36a884-f64d9a529e1893fb-00",
        "User-Agent": "azsdk-net-Storage.Files.DataLake/12.12.0-alpha.20220727.1 (.NET 6.0.7; Microsoft Windows 10.0.22000)",
        "x-ms-client-request-id": "cc2c4c16-761f-b509-ae7c-8ed66d09a982",
        "x-ms-return-client-request-id": "true",
        "x-ms-version": "2021-10-04"
      },
      "RequestBody": null,
      "StatusCode": 200,
      "ResponseHeaders": {
        "Content-Length": "0",
        "Date": "Wed, 27 Jul 2022 22:26:12 GMT",
        "ETag": "\u00220x8DA701F0370CF9A\u0022",
        "Last-Modified": "Wed, 27 Jul 2022 22:26:13 GMT",
        "Server": [
          "Windows-Azure-Blob/1.0",
          "Microsoft-HTTPAPI/2.0"
        ],
        "x-ms-blob-public-access": "container",
        "x-ms-client-request-id": "cc2c4c16-761f-b509-ae7c-8ed66d09a982",
        "x-ms-default-encryption-scope": "$account-encryption-key",
        "x-ms-deny-encryption-scope-override": "false",
        "x-ms-has-immutability-policy": "false",
        "x-ms-has-legal-hold": "false",
        "x-ms-immutable-storage-with-versioning-enabled": "false",
        "x-ms-lease-state": "available",
        "x-ms-lease-status": "unlocked",
        "x-ms-request-id": "a4a9a680-201e-00e5-0707-a2a763000000",
        "x-ms-version": "2021-10-04"
      },
      "ResponseBody": null
    },
    {
      "RequestUri": "https://amandaadlscanary.blob.core.windows.net/test-filesystem-ec49f14e-4df0-f8c5-d379-e439b4ef7f73?restype=container",
      "RequestMethod": "DELETE",
      "RequestHeaders": {
        "Accept": "application/xml",
        "Authorization": "Sanitized",
        "traceparent": "00-36677462035093a38898d1bcc80168ce-4ce3cf6523bc04d2-00",
        "User-Agent": "azsdk-net-Storage.Files.DataLake/12.12.0-alpha.20220727.1 (.NET 6.0.7; Microsoft Windows 10.0.22000)",
        "x-ms-client-request-id": "eae6c2c1-987b-0a6c-38cf-90a5dc490a9a",
        "x-ms-date": "Wed, 27 Jul 2022 22:26:10 GMT",
        "x-ms-return-client-request-id": "true",
        "x-ms-version": "2021-10-04"
      },
      "RequestBody": null,
      "StatusCode": 202,
      "ResponseHeaders": {
        "Content-Length": "0",
        "Date": "Wed, 27 Jul 2022 22:26:12 GMT",
        "Server": [
          "Windows-Azure-Blob/1.0",
          "Microsoft-HTTPAPI/2.0"
        ],
        "x-ms-client-request-id": "eae6c2c1-987b-0a6c-38cf-90a5dc490a9a",
        "x-ms-request-id": "a4a9a689-201e-00e5-0d07-a2a763000000",
        "x-ms-version": "2021-10-04"
      },
      "ResponseBody": null
    }
  ],
  "Variables": {
    "DateTimeOffsetNow": "2022-07-27T15:26:10.6588024-07:00",
    "RandomSeed": "315015834",
    "Storage_TestConfigHierarchicalNamespace": "NamespaceTenant\namandaadlscanary\nU2FuaXRpemVk\nhttps://amandaadlscanary.blob.core.windows.net\nhttps://amandaadlscanary.file.core.windows.net\nhttps://amandaadlscanary.queue.core.windows.net\nhttps://amandaadlscanary.table.core.windows.net\n\n\n\n\nhttps://amandaadlscanary-secondary.blob.core.windows.net\nhttps://amandaadlscanary-secondary.file.core.windows.net\nhttps://amandaadlscanary-secondary.queue.core.windows.net\nhttps://amandaadlscanary-secondary.table.core.windows.net\na42cfe5c-69a3-423d-bfce-8e3ad1aba0d2\nSanitized\n72f988bf-86f1-41af-91ab-2d7cd011db47\nhttps://login.microsoftonline.com/\nCloud\nBlobEndpoint=https://amandaadlscanary.blob.core.windows.net/;QueueEndpoint=https://amandaadlscanary.queue.core.windows.net/;FileEndpoint=https://amandaadlscanary.file.core.windows.net/;BlobSecondaryEndpoint=https://amandaadlscanary-secondary.blob.core.windows.net/;QueueSecondaryEndpoint=https://amandaadlscanary-secondary.queue.core.windows.net/;FileSecondaryEndpoint=https://amandaadlscanary-secondary.file.core.windows.net/;AccountName=amandaadlscanary;AccountKey=Sanitized\n\n\n"
  }
}
