{
  "Entries": [
    {
      "RequestUri": "https://amandaadlscanary.blob.core.windows.net/test-filesystem-b2725320-ba7e-b1d8-23ec-f8d887a8c084?restype=container",
      "RequestMethod": "PUT",
      "RequestHeaders": {
        "Accept": "application/xml",
        "Authorization": "Sanitized",
        "Content-Length": "0",
        "traceparent": "00-6719a7f98b310533926a571f60605fed-830181f9097e5035-00",
        "User-Agent": "azsdk-net-Storage.Files.DataLake/12.12.0-alpha.20220727.1 (.NET 6.0.7; Microsoft Windows 10.0.22000)",
        "x-ms-blob-public-access": "container",
        "x-ms-client-request-id": "0eb9fa65-440f-9414-c4fd-ef5858546f38",
        "x-ms-date": "Wed, 27 Jul 2022 22:26:57 GMT",
        "x-ms-return-client-request-id": "true",
        "x-ms-version": "2021-10-04"
      },
      "RequestBody": null,
      "StatusCode": 201,
      "ResponseHeaders": {
        "Content-Length": "0",
        "Date": "Wed, 27 Jul 2022 22:27:00 GMT",
        "ETag": "\u00220x8DA701F1FAE4E05\u0022",
        "Last-Modified": "Wed, 27 Jul 2022 22:27:00 GMT",
        "Server": [
          "Windows-Azure-Blob/1.0",
          "Microsoft-HTTPAPI/2.0"
        ],
        "x-ms-client-request-id": "0eb9fa65-440f-9414-c4fd-ef5858546f38",
        "x-ms-request-id": "d9b6d826-801e-00d3-2907-a22a13000000",
        "x-ms-version": "2021-10-04"
      },
      "ResponseBody": null
    },
    {
      "RequestUri": "https://amandaadlscanary.dfs.core.windows.net/test-filesystem-b2725320-ba7e-b1d8-23ec-f8d887a8c084/test-directory-cffe5c5d-05d8-5cb3-58ff-51030caf9ead?sv=2021-12-02\u0026ss=fqb\u0026srt=sco\u0026se=2022-07-28T22%3A26%3A58Z\u0026sp=racwdlxyuptf\u0026sig=Sanitized\u0026resource=directory",
      "RequestMethod": "PUT",
      "RequestHeaders": {
        "Accept": "application/json",
        "Content-Length": "0",
        "traceparent": "00-3919e7be3f4b426b0e6f28bdd582c638-48d1710a86afd3b6-00",
        "User-Agent": "azsdk-net-Storage.Files.DataLake/12.12.0-alpha.20220727.1 (.NET 6.0.7; Microsoft Windows 10.0.22000)",
        "x-ms-client-request-id": "b5cb750c-7577-6065-475c-b60ff2108715",
        "x-ms-return-client-request-id": "true",
        "x-ms-version": "2021-10-04"
      },
      "RequestBody": null,
      "StatusCode": 201,
      "ResponseHeaders": {
        "Content-Length": "0",
        "Date": "Wed, 27 Jul 2022 22:26:59 GMT",
        "ETag": "\u00220x8DA701F1FBE24DC\u0022",
        "Last-Modified": "Wed, 27 Jul 2022 22:27:00 GMT",
        "Server": [
          "Windows-Azure-HDFS/1.0",
          "Microsoft-HTTPAPI/2.0"
        ],
        "x-ms-client-request-id": "b5cb750c-7577-6065-475c-b60ff2108715",
        "x-ms-request-id": "9390f94c-d01f-0083-6a07-a2e843000000",
        "x-ms-request-server-encrypted": "true",
        "x-ms-version": "2021-10-04"
      },
      "ResponseBody": null
    },
    {
      "RequestUri": "https://amandaadlscanary.dfs.core.windows.net/test-filesystem-b2725320-ba7e-b1d8-23ec-f8d887a8c084/test-directory-cffe5c5d-05d8-5cb3-58ff-51030caf9ead/test-directory-9eb1425e-e2e1-ac48-e750-6900d5ab88b6?sv=2021-12-02\u0026ss=fqb\u0026srt=sco\u0026se=2022-07-28T22%3A26%3A58Z\u0026sp=racwdlxyuptf\u0026sig=Sanitized\u0026resource=directory",
      "RequestMethod": "PUT",
      "RequestHeaders": {
        "Accept": "application/json",
        "Content-Length": "0",
        "traceparent": "00-4586a6ff77ba70cec9bab9555204d284-0486bf56011772e6-00",
        "User-Agent": "azsdk-net-Storage.Files.DataLake/12.12.0-alpha.20220727.1 (.NET 6.0.7; Microsoft Windows 10.0.22000)",
        "x-ms-client-request-id": "91a91a50-7cef-2a29-2c1f-ce260c658a9c",
        "x-ms-return-client-request-id": "true",
        "x-ms-version": "2021-10-04"
      },
      "RequestBody": null,
      "StatusCode": 201,
      "ResponseHeaders": {
        "Content-Length": "0",
        "Date": "Wed, 27 Jul 2022 22:26:59 GMT",
        "ETag": "\u00220x8DA701F1FCA6159\u0022",
        "Last-Modified": "Wed, 27 Jul 2022 22:27:00 GMT",
        "Server": [
          "Windows-Azure-HDFS/1.0",
          "Microsoft-HTTPAPI/2.0"
        ],
        "x-ms-client-request-id": "91a91a50-7cef-2a29-2c1f-ce260c658a9c",
        "x-ms-request-id": "9390f94d-d01f-0083-6b07-a2e843000000",
        "x-ms-request-server-encrypted": "true",
        "x-ms-version": "2021-10-04"
      },
      "ResponseBody": null
    },
    {
      "RequestUri": "https://amandaadlscanary.blob.core.windows.net/test-filesystem-b2725320-ba7e-b1d8-23ec-f8d887a8c084?restype=container",
      "RequestMethod": "DELETE",
      "RequestHeaders": {
        "Accept": "application/xml",
        "Authorization": "Sanitized",
        "traceparent": "00-86fb30e051cddd68a71c292304b8b46d-386e4c88346c0443-00",
        "User-Agent": "azsdk-net-Storage.Files.DataLake/12.12.0-alpha.20220727.1 (.NET 6.0.7; Microsoft Windows 10.0.22000)",
        "x-ms-client-request-id": "bbb01495-f602-68c6-1ccd-69c41a0f24f0",
        "x-ms-date": "Wed, 27 Jul 2022 22:26:58 GMT",
        "x-ms-return-client-request-id": "true",
        "x-ms-version": "2021-10-04"
      },
      "RequestBody": null,
      "StatusCode": 202,
      "ResponseHeaders": {
        "Content-Length": "0",
        "Date": "Wed, 27 Jul 2022 22:27:00 GMT",
        "Server": [
          "Windows-Azure-Blob/1.0",
          "Microsoft-HTTPAPI/2.0"
        ],
        "x-ms-client-request-id": "bbb01495-f602-68c6-1ccd-69c41a0f24f0",
        "x-ms-request-id": "d9b6d848-801e-00d3-4707-a22a13000000",
        "x-ms-version": "2021-10-04"
      },
      "ResponseBody": null
    }
  ],
  "Variables": {
    "DateTimeOffsetNow": "2022-07-27T15:26:58.0225747-07:00",
    "RandomSeed": "1552936804",
    "Storage_TestConfigHierarchicalNamespace": "NamespaceTenant\namandaadlscanary\nU2FuaXRpemVk\nhttps://amandaadlscanary.blob.core.windows.net\nhttps://amandaadlscanary.file.core.windows.net\nhttps://amandaadlscanary.queue.core.windows.net\nhttps://amandaadlscanary.table.core.windows.net\n\n\n\n\nhttps://amandaadlscanary-secondary.blob.core.windows.net\nhttps://amandaadlscanary-secondary.file.core.windows.net\nhttps://amandaadlscanary-secondary.queue.core.windows.net\nhttps://amandaadlscanary-secondary.table.core.windows.net\na42cfe5c-69a3-423d-bfce-8e3ad1aba0d2\nSanitized\n72f988bf-86f1-41af-91ab-2d7cd011db47\nhttps://login.microsoftonline.com/\nCloud\nBlobEndpoint=https://amandaadlscanary.blob.core.windows.net/;QueueEndpoint=https://amandaadlscanary.queue.core.windows.net/;FileEndpoint=https://amandaadlscanary.file.core.windows.net/;BlobSecondaryEndpoint=https://amandaadlscanary-secondary.blob.core.windows.net/;QueueSecondaryEndpoint=https://amandaadlscanary-secondary.queue.core.windows.net/;FileSecondaryEndpoint=https://amandaadlscanary-secondary.file.core.windows.net/;AccountName=amandaadlscanary;AccountKey=Sanitized\n\n\n"
  }
}
