{
  "Entries": [
    {
      "RequestUri": "https://amandaadlscanary.blob.core.windows.net/test-filesystem-7e6ecf8f-c004-916b-0251-daa47aef8d3a?restype=container",
      "RequestMethod": "PUT",
      "RequestHeaders": {
        "Accept": "application/xml",
        "Authorization": "Sanitized",
        "Content-Length": "0",
        "traceparent": "00-7fd7935496fbe414bdd934a8d958ae62-06acfb2e3fae5673-00",
        "User-Agent": "azsdk-net-Storage.Files.DataLake/12.12.0-alpha.20220725.1 (.NET 6.0.7; Microsoft Windows 10.0.22000)",
        "x-ms-blob-public-access": "container",
        "x-ms-client-request-id": "20f9cb81-2b6e-8d05-d853-47b9344120ef",
        "x-ms-date": "Mon, 25 Jul 2022 20:04:31 GMT",
        "x-ms-return-client-request-id": "true",
        "x-ms-version": "2021-08-06"
      },
      "RequestBody": null,
      "StatusCode": 201,
      "ResponseHeaders": {
        "Content-Length": "0",
        "Date": "Mon, 25 Jul 2022 20:04:31 GMT",
        "ETag": "\u00220x8DA6E78E3D96455\u0022",
        "Last-Modified": "Mon, 25 Jul 2022 20:04:32 GMT",
        "Server": [
          "Windows-Azure-Blob/1.0",
          "Microsoft-HTTPAPI/2.0"
        ],
        "x-ms-client-request-id": "20f9cb81-2b6e-8d05-d853-47b9344120ef",
        "x-ms-request-id": "a9c11a87-e01e-00d5-6f61-a019ac000000",
        "x-ms-version": "2021-08-06"
      },
      "ResponseBody": null
    },
    {
      "RequestUri": "https://amandaadlscanary.dfs.core.windows.net/test-filesystem-7e6ecf8f-c004-916b-0251-daa47aef8d3a/test-file-58e7fd4a-f207-61e0-20f9-280b330c8f49?sv=2021-08-06\u0026ss=bqtf\u0026srt=sco\u0026se=2022-07-26T20%3A04%3A31Z\u0026sp=racwdlxyupt\u0026sig=Sanitized\u0026resource=file",
      "RequestMethod": "PUT",
      "RequestHeaders": {
        "Accept": "application/json",
        "Content-Length": "0",
        "traceparent": "00-2be98b4a3a65922e2e85e0b7a4554080-91c4a0f03f15607b-00",
        "User-Agent": "azsdk-net-Storage.Files.DataLake/12.12.0-alpha.20220725.1 (.NET 6.0.7; Microsoft Windows 10.0.22000)",
        "x-ms-client-request-id": "05149dd9-64d1-8f9a-ea98-007402f959cb",
        "x-ms-return-client-request-id": "true",
        "x-ms-version": "2021-08-06"
      },
      "RequestBody": null,
      "StatusCode": 201,
      "ResponseHeaders": {
        "Content-Length": "0",
        "Date": "Mon, 25 Jul 2022 20:04:32 GMT",
        "ETag": "\u00220x8DA6E78E41F6EDA\u0022",
        "Last-Modified": "Mon, 25 Jul 2022 20:04:32 GMT",
        "Server": [
          "Windows-Azure-HDFS/1.0",
          "Microsoft-HTTPAPI/2.0"
        ],
        "x-ms-client-request-id": "05149dd9-64d1-8f9a-ea98-007402f959cb",
        "x-ms-request-id": "d10acd03-c01f-0026-3161-a0be39000000",
        "x-ms-request-server-encrypted": "true",
        "x-ms-version": "2021-08-06"
      },
      "ResponseBody": null
    },
    {
      "RequestUri": "https://amandaadlscanary.blob.core.windows.net/test-filesystem-7e6ecf8f-c004-916b-0251-daa47aef8d3a/test-file-58e7fd4a-f207-61e0-20f9-280b330c8f49?sv=2021-08-06\u0026ss=bqtf\u0026srt=sco\u0026se=2022-07-26T20%3A04%3A31Z\u0026sp=racwdlxyupt\u0026sig=Sanitized",
      "RequestMethod": "HEAD",
      "RequestHeaders": {
        "Accept": "application/xml",
        "traceparent": "00-29aa4a79e6f7c94b7311ed8b538150c7-ad484f8b2bc704aa-00",
        "User-Agent": "azsdk-net-Storage.Files.DataLake/12.12.0-alpha.20220725.1 (.NET 6.0.7; Microsoft Windows 10.0.22000)",
        "x-ms-client-request-id": "963113b8-89f8-3078-9d92-c45d6c578ba0",
        "x-ms-return-client-request-id": "true",
        "x-ms-version": "2021-08-06"
      },
      "RequestBody": null,
      "StatusCode": 200,
      "ResponseHeaders": {
        "Accept-Ranges": "bytes",
        "Content-Length": "0",
        "Content-Type": "application/octet-stream",
        "Date": "Mon, 25 Jul 2022 20:04:32 GMT",
        "ETag": "\u00220x8DA6E78E41F6EDA\u0022",
        "Last-Modified": "Mon, 25 Jul 2022 20:04:32 GMT",
        "Server": [
          "Windows-Azure-Blob/1.0",
          "Microsoft-HTTPAPI/2.0"
        ],
        "x-ms-access-tier": "Hot",
        "x-ms-access-tier-inferred": "true",
        "x-ms-blob-type": "BlockBlob",
        "x-ms-client-request-id": "963113b8-89f8-3078-9d92-c45d6c578ba0",
        "x-ms-creation-time": "Mon, 25 Jul 2022 20:04:32 GMT",
        "x-ms-group": "$superuser",
        "x-ms-lease-state": "available",
        "x-ms-lease-status": "unlocked",
        "x-ms-owner": "$superuser",
        "x-ms-permissions": "rw-r-----",
        "x-ms-request-id": "a9c11aac-e01e-00d5-1061-a019ac000000",
        "x-ms-resource-type": "file",
        "x-ms-server-encrypted": "true",
        "x-ms-version": "2021-08-06"
      },
      "ResponseBody": null
    },
    {
      "RequestUri": "https://amandaadlscanary.blob.core.windows.net/test-filesystem-7e6ecf8f-c004-916b-0251-daa47aef8d3a?restype=container",
      "RequestMethod": "DELETE",
      "RequestHeaders": {
        "Accept": "application/xml",
        "Authorization": "Sanitized",
        "traceparent": "00-cfb327690d0e176b005a10c5798bceb2-ed5cb26fc0d2c02e-00",
        "User-Agent": "azsdk-net-Storage.Files.DataLake/12.12.0-alpha.20220725.1 (.NET 6.0.7; Microsoft Windows 10.0.22000)",
        "x-ms-client-request-id": "eebbd51e-c3c7-3ad3-85f5-5e8cac9b70d9",
        "x-ms-date": "Mon, 25 Jul 2022 20:04:32 GMT",
        "x-ms-return-client-request-id": "true",
        "x-ms-version": "2021-08-06"
      },
      "RequestBody": null,
      "StatusCode": 202,
      "ResponseHeaders": {
        "Content-Length": "0",
        "Date": "Mon, 25 Jul 2022 20:04:32 GMT",
        "Server": [
          "Windows-Azure-Blob/1.0",
          "Microsoft-HTTPAPI/2.0"
        ],
        "x-ms-client-request-id": "eebbd51e-c3c7-3ad3-85f5-5e8cac9b70d9",
        "x-ms-request-id": "a9c11ab1-e01e-00d5-1561-a019ac000000",
        "x-ms-version": "2021-08-06"
      },
      "ResponseBody": null
    }
  ],
  "Variables": {
    "DateTimeOffsetNow": "2022-07-25T13:04:31.7500671-07:00",
    "RandomSeed": "1984755036",
    "Storage_TestConfigHierarchicalNamespace": "NamespaceTenant\namandaadlscanary\nU2FuaXRpemVk\nhttps://amandaadlscanary.blob.core.windows.net\nhttps://amandaadlscanary.file.core.windows.net\nhttps://amandaadlscanary.queue.core.windows.net\nhttps://amandaadlscanary.table.core.windows.net\n\n\n\n\nhttps://amandaadlscanary-secondary.blob.core.windows.net\nhttps://amandaadlscanary-secondary.file.core.windows.net\nhttps://amandaadlscanary-secondary.queue.core.windows.net\nhttps://amandaadlscanary-secondary.table.core.windows.net\na42cfe5c-69a3-423d-bfce-8e3ad1aba0d2\nSanitized\n72f988bf-86f1-41af-91ab-2d7cd011db47\nhttps://login.microsoftonline.com/\nCloud\nBlobEndpoint=https://amandaadlscanary.blob.core.windows.net/;QueueEndpoint=https://amandaadlscanary.queue.core.windows.net/;FileEndpoint=https://amandaadlscanary.file.core.windows.net/;BlobSecondaryEndpoint=https://amandaadlscanary-secondary.blob.core.windows.net/;QueueSecondaryEndpoint=https://amandaadlscanary-secondary.queue.core.windows.net/;FileSecondaryEndpoint=https://amandaadlscanary-secondary.file.core.windows.net/;AccountName=amandaadlscanary;AccountKey=Sanitized\n\n\n"
  }
}
