{
  "Entries": [
    {
      "RequestUri": "https://amandaadlscanary.blob.core.windows.net/test-filesystem-31aed148-82a0-0a4f-e3f4-80b70cd463cc?restype=container",
      "RequestMethod": "PUT",
      "RequestHeaders": {
        "Accept": "application/xml",
        "Authorization": "Sanitized",
        "Content-Length": "0",
        "traceparent": "00-93c1503d73a3950076347d13c3b86e10-55beb07e3d0c549a-00",
        "User-Agent": "azsdk-net-Storage.Files.DataLake/12.12.0-alpha.20220725.1 (.NET 6.0.7; Microsoft Windows 10.0.22000)",
        "x-ms-blob-public-access": "container",
        "x-ms-client-request-id": "9a72886b-9d0f-2bda-ee4d-ca1ca35752a5",
        "x-ms-date": "Tue, 26 Jul 2022 06:48:17 GMT",
        "x-ms-return-client-request-id": "true",
        "x-ms-version": "2021-08-06"
      },
      "RequestBody": null,
      "StatusCode": 201,
      "ResponseHeaders": {
        "Content-Length": "0",
        "Date": "Tue, 26 Jul 2022 06:48:18 GMT",
        "ETag": "\u00220x8DA6ED2D2E10960\u0022",
        "Last-Modified": "Tue, 26 Jul 2022 06:48:18 GMT",
        "Server": [
          "Windows-Azure-Blob/1.0",
          "Microsoft-HTTPAPI/2.0"
        ],
        "x-ms-client-request-id": "9a72886b-9d0f-2bda-ee4d-ca1ca35752a5",
        "x-ms-request-id": "73ad54f6-f01e-00ab-0cbb-a089eb000000",
        "x-ms-version": "2021-08-06"
      },
      "ResponseBody": null
    },
    {
      "RequestUri": "https://amandaadlscanary.dfs.core.windows.net/test-filesystem-31aed148-82a0-0a4f-e3f4-80b70cd463cc/test-directory-b3c96059-7459-029d-f7f9-0d696414720d?sv=2021-08-06\u0026ss=qb\u0026srt=sco\u0026se=2022-07-27T06%3A48%3A18Z\u0026sp=racwdlxyuptf\u0026sig=Sanitized\u0026resource=directory",
      "RequestMethod": "PUT",
      "RequestHeaders": {
        "Accept": "application/json",
        "Content-Length": "0",
        "traceparent": "00-9e62904e33438681116eafa1141a68a4-13f28e88f0d1c2c8-00",
        "User-Agent": "azsdk-net-Storage.Files.DataLake/12.12.0-alpha.20220725.1 (.NET 6.0.7; Microsoft Windows 10.0.22000)",
        "x-ms-client-request-id": "37e078e4-590c-f60f-eb70-a2168f70c7d9",
        "x-ms-return-client-request-id": "true",
        "x-ms-version": "2021-08-06"
      },
      "RequestBody": null,
      "StatusCode": 201,
      "ResponseHeaders": {
        "Content-Length": "0",
        "Date": "Tue, 26 Jul 2022 06:48:18 GMT",
        "ETag": "\u00220x8DA6ED2D2F02261\u0022",
        "Last-Modified": "Tue, 26 Jul 2022 06:48:18 GMT",
        "Server": [
          "Windows-Azure-HDFS/1.0",
          "Microsoft-HTTPAPI/2.0"
        ],
        "x-ms-client-request-id": "37e078e4-590c-f60f-eb70-a2168f70c7d9",
        "x-ms-request-id": "afa6b3ce-b01f-00c8-5dbb-a01410000000",
        "x-ms-request-server-encrypted": "true",
        "x-ms-version": "2021-08-06"
      },
      "ResponseBody": null
    },
    {
      "RequestUri": "https://amandaadlscanary.blob.core.windows.net/test-filesystem-31aed148-82a0-0a4f-e3f4-80b70cd463cc?restype=container",
      "RequestMethod": "DELETE",
      "RequestHeaders": {
        "Accept": "application/xml",
        "Authorization": "Sanitized",
        "traceparent": "00-18ca9487d69e1171131e37dc86597fc8-56774a454735726c-00",
        "User-Agent": "azsdk-net-Storage.Files.DataLake/12.12.0-alpha.20220725.1 (.NET 6.0.7; Microsoft Windows 10.0.22000)",
        "x-ms-client-request-id": "eb8542e7-3a34-8d00-0855-98f026a6d36e",
        "x-ms-date": "Tue, 26 Jul 2022 06:48:18 GMT",
        "x-ms-return-client-request-id": "true",
        "x-ms-version": "2021-08-06"
      },
      "RequestBody": null,
      "StatusCode": 202,
      "ResponseHeaders": {
        "Content-Length": "0",
        "Date": "Tue, 26 Jul 2022 06:48:18 GMT",
        "Server": [
          "Windows-Azure-Blob/1.0",
          "Microsoft-HTTPAPI/2.0"
        ],
        "x-ms-client-request-id": "eb8542e7-3a34-8d00-0855-98f026a6d36e",
        "x-ms-request-id": "73ad5506-f01e-00ab-1abb-a089eb000000",
        "x-ms-version": "2021-08-06"
      },
      "ResponseBody": null
    }
  ],
  "Variables": {
    "DateTimeOffsetNow": "2022-07-25T23:48:18.0495667-07:00",
    "RandomSeed": "499640692",
    "Storage_TestConfigHierarchicalNamespace": "NamespaceTenant\namandaadlscanary\nU2FuaXRpemVk\nhttps://amandaadlscanary.blob.core.windows.net\nhttps://amandaadlscanary.file.core.windows.net\nhttps://amandaadlscanary.queue.core.windows.net\nhttps://amandaadlscanary.table.core.windows.net\n\n\n\n\nhttps://amandaadlscanary-secondary.blob.core.windows.net\nhttps://amandaadlscanary-secondary.file.core.windows.net\nhttps://amandaadlscanary-secondary.queue.core.windows.net\nhttps://amandaadlscanary-secondary.table.core.windows.net\na42cfe5c-69a3-423d-bfce-8e3ad1aba0d2\nSanitized\n72f988bf-86f1-41af-91ab-2d7cd011db47\nhttps://login.microsoftonline.com/\nCloud\nBlobEndpoint=https://amandaadlscanary.blob.core.windows.net/;QueueEndpoint=https://amandaadlscanary.queue.core.windows.net/;FileEndpoint=https://amandaadlscanary.file.core.windows.net/;BlobSecondaryEndpoint=https://amandaadlscanary-secondary.blob.core.windows.net/;QueueSecondaryEndpoint=https://amandaadlscanary-secondary.queue.core.windows.net/;FileSecondaryEndpoint=https://amandaadlscanary-secondary.file.core.windows.net/;AccountName=amandaadlscanary;AccountKey=Sanitized\n\n\n"
  }
}
