{
  "Entries": [
    {
      "RequestUri": "https://amandaadlscanary.blob.core.windows.net/test-filesystem-93f327f7-83c9-45f2-2ba7-bc8f2842cd9d?restype=container",
      "RequestMethod": "PUT",
      "RequestHeaders": {
        "Accept": "application/xml",
        "Authorization": "Sanitized",
        "Content-Length": "0",
        "traceparent": "00-db582ecb277671e43064e817dc597f8c-b97fa2a85171cedf-00",
        "User-Agent": "azsdk-net-Storage.Files.DataLake/12.12.0-alpha.20220727.1 (.NET 6.0.7; Microsoft Windows 10.0.22000)",
        "x-ms-blob-public-access": "container",
        "x-ms-client-request-id": "53c88a10-6fd8-9dfc-e6b7-f68bd74e8234",
        "x-ms-date": "Wed, 27 Jul 2022 22:26:18 GMT",
        "x-ms-return-client-request-id": "true",
        "x-ms-version": "2021-10-04"
      },
      "RequestBody": null,
      "StatusCode": 201,
      "ResponseHeaders": {
        "Content-Length": "0",
        "Date": "Wed, 27 Jul 2022 22:26:20 GMT",
        "ETag": "\u00220x8DA701F08621DE6\u0022",
        "Last-Modified": "Wed, 27 Jul 2022 22:26:21 GMT",
        "Server": [
          "Windows-Azure-Blob/1.0",
          "Microsoft-HTTPAPI/2.0"
        ],
        "x-ms-client-request-id": "53c88a10-6fd8-9dfc-e6b7-f68bd74e8234",
        "x-ms-request-id": "a4a9a99a-201e-00e5-1707-a2a763000000",
        "x-ms-version": "2021-10-04"
      },
      "ResponseBody": null
    },
    {
      "RequestUri": "https://amandaadlscanary.dfs.core.windows.net/test-filesystem-93f327f7-83c9-45f2-2ba7-bc8f2842cd9d/test-directory-7f50f193-b93c-6898-c6ca-ae21763c35ef?sv=2023-01-03\u0026ss=fqb\u0026srt=sco\u0026se=2022-07-28T22%3A26%3A18Z\u0026sp=racwdlxyuptf\u0026sig=Sanitized\u0026resource=directory",
      "RequestMethod": "PUT",
      "RequestHeaders": {
        "Accept": "application/json",
        "Content-Length": "0",
        "traceparent": "00-1718d87a08b85cb0e4428010e27a8f37-8bb7c11ebed73411-00",
        "User-Agent": "azsdk-net-Storage.Files.DataLake/12.12.0-alpha.20220727.1 (.NET 6.0.7; Microsoft Windows 10.0.22000)",
        "x-ms-client-request-id": "1d21d824-d9ec-5659-f260-8d0dc1da26aa",
        "x-ms-return-client-request-id": "true",
        "x-ms-version": "2021-10-04"
      },
      "RequestBody": null,
      "StatusCode": 201,
      "ResponseHeaders": {
        "Content-Length": "0",
        "Date": "Wed, 27 Jul 2022 22:26:20 GMT",
        "ETag": "\u00220x8DA701F087882FA\u0022",
        "Last-Modified": "Wed, 27 Jul 2022 22:26:21 GMT",
        "Server": [
          "Windows-Azure-HDFS/1.0",
          "Microsoft-HTTPAPI/2.0"
        ],
        "x-ms-client-request-id": "1d21d824-d9ec-5659-f260-8d0dc1da26aa",
        "x-ms-request-id": "a35cab9b-a01f-0052-3007-a28ac9000000",
        "x-ms-request-server-encrypted": "true",
        "x-ms-version": "2021-10-04"
      },
      "ResponseBody": null
    },
    {
      "RequestUri": "https://amandaadlscanary.blob.core.windows.net/test-filesystem-93f327f7-83c9-45f2-2ba7-bc8f2842cd9d?restype=container",
      "RequestMethod": "DELETE",
      "RequestHeaders": {
        "Accept": "application/xml",
        "Authorization": "Sanitized",
        "traceparent": "00-d0590e7eb9af92b86071f9ccb757cf9a-c31e0cb12d8e42e2-00",
        "User-Agent": "azsdk-net-Storage.Files.DataLake/12.12.0-alpha.20220727.1 (.NET 6.0.7; Microsoft Windows 10.0.22000)",
        "x-ms-client-request-id": "9efd1979-171a-7603-cc28-ab18ecb73f14",
        "x-ms-date": "Wed, 27 Jul 2022 22:26:19 GMT",
        "x-ms-return-client-request-id": "true",
        "x-ms-version": "2021-10-04"
      },
      "RequestBody": null,
      "StatusCode": 202,
      "ResponseHeaders": {
        "Content-Length": "0",
        "Date": "Wed, 27 Jul 2022 22:26:20 GMT",
        "Server": [
          "Windows-Azure-Blob/1.0",
          "Microsoft-HTTPAPI/2.0"
        ],
        "x-ms-client-request-id": "9efd1979-171a-7603-cc28-ab18ecb73f14",
        "x-ms-request-id": "a4a9a9a5-201e-00e5-1e07-a2a763000000",
        "x-ms-version": "2021-10-04"
      },
      "ResponseBody": null
    }
  ],
  "Variables": {
    "DateTimeOffsetNow": "2022-07-27T15:26:18.9438732-07:00",
    "RandomSeed": "283358008",
    "Storage_TestConfigHierarchicalNamespace": "NamespaceTenant\namandaadlscanary\nU2FuaXRpemVk\nhttps://amandaadlscanary.blob.core.windows.net\nhttps://amandaadlscanary.file.core.windows.net\nhttps://amandaadlscanary.queue.core.windows.net\nhttps://amandaadlscanary.table.core.windows.net\n\n\n\n\nhttps://amandaadlscanary-secondary.blob.core.windows.net\nhttps://amandaadlscanary-secondary.file.core.windows.net\nhttps://amandaadlscanary-secondary.queue.core.windows.net\nhttps://amandaadlscanary-secondary.table.core.windows.net\na42cfe5c-69a3-423d-bfce-8e3ad1aba0d2\nSanitized\n72f988bf-86f1-41af-91ab-2d7cd011db47\nhttps://login.microsoftonline.com/\nCloud\nBlobEndpoint=https://amandaadlscanary.blob.core.windows.net/;QueueEndpoint=https://amandaadlscanary.queue.core.windows.net/;FileEndpoint=https://amandaadlscanary.file.core.windows.net/;BlobSecondaryEndpoint=https://amandaadlscanary-secondary.blob.core.windows.net/;QueueSecondaryEndpoint=https://amandaadlscanary-secondary.queue.core.windows.net/;FileSecondaryEndpoint=https://amandaadlscanary-secondary.file.core.windows.net/;AccountName=amandaadlscanary;AccountKey=Sanitized\n\n\n"
  }
}
