{
  "Entries": [
    {
      "RequestUri": "https://amandaadlscanary.blob.core.windows.net/test-filesystem-69429e98-06b6-5407-d103-8cc1edf13e0d?restype=container",
      "RequestMethod": "PUT",
      "RequestHeaders": {
        "Accept": "application/xml",
        "Authorization": "Sanitized",
        "Content-Length": "0",
        "traceparent": "00-62e34b71acb3044c1639202a4707c067-a5f3a9f13efad5c6-00",
        "User-Agent": "azsdk-net-Storage.Files.DataLake/12.12.0-alpha.20220725.1 (.NET 6.0.7; Microsoft Windows 10.0.22000)",
        "x-ms-blob-public-access": "container",
        "x-ms-client-request-id": "029ec4d1-fc7c-0ad0-8c00-5d39b3f79c3c",
        "x-ms-date": "Tue, 26 Jul 2022 06:48:07 GMT",
        "x-ms-return-client-request-id": "true",
        "x-ms-version": "2021-08-06"
      },
      "RequestBody": null,
      "StatusCode": 201,
      "ResponseHeaders": {
        "Content-Length": "0",
        "Date": "Tue, 26 Jul 2022 06:48:08 GMT",
        "ETag": "\u00220x8DA6ED2CCB2994A\u0022",
        "Last-Modified": "Tue, 26 Jul 2022 06:48:08 GMT",
        "Server": [
          "Windows-Azure-Blob/1.0",
          "Microsoft-HTTPAPI/2.0"
        ],
        "x-ms-client-request-id": "029ec4d1-fc7c-0ad0-8c00-5d39b3f79c3c",
        "x-ms-request-id": "73ad5063-f01e-00ab-2fbb-a089eb000000",
        "x-ms-version": "2021-08-06"
      },
      "ResponseBody": null
    },
    {
      "RequestUri": "https://amandaadlscanary.dfs.core.windows.net/test-filesystem-69429e98-06b6-5407-d103-8cc1edf13e0d/test-directory-8535a406-8333-ae78-5907-210d855d0527?sv=2021-08-06\u0026ss=bqtf\u0026srt=oc\u0026se=2022-07-27T06%3A48%3A07Z\u0026sp=racwdlxyuptf\u0026sig=Sanitized\u0026resource=directory",
      "RequestMethod": "PUT",
      "RequestHeaders": {
        "Accept": "application/json",
        "Content-Length": "0",
        "traceparent": "00-88c9bee61267c327a96d6abc13cd7774-ad41cc50e99d5e4e-00",
        "User-Agent": "azsdk-net-Storage.Files.DataLake/12.12.0-alpha.20220725.1 (.NET 6.0.7; Microsoft Windows 10.0.22000)",
        "x-ms-client-request-id": "aaa3450c-1e75-4ee2-4bef-a975dbc3842f",
        "x-ms-return-client-request-id": "true",
        "x-ms-version": "2021-08-06"
      },
      "RequestBody": null,
      "StatusCode": 201,
      "ResponseHeaders": {
        "Content-Length": "0",
        "Date": "Tue, 26 Jul 2022 06:48:07 GMT",
        "ETag": "\u00220x8DA6ED2CCC255E4\u0022",
        "Last-Modified": "Tue, 26 Jul 2022 06:48:08 GMT",
        "Server": [
          "Windows-Azure-HDFS/1.0",
          "Microsoft-HTTPAPI/2.0"
        ],
        "x-ms-client-request-id": "aaa3450c-1e75-4ee2-4bef-a975dbc3842f",
        "x-ms-request-id": "afa6b3a8-b01f-00c8-40bb-a01410000000",
        "x-ms-request-server-encrypted": "true",
        "x-ms-version": "2021-08-06"
      },
      "ResponseBody": null
    },
    {
      "RequestUri": "https://amandaadlscanary.blob.core.windows.net/test-filesystem-69429e98-06b6-5407-d103-8cc1edf13e0d?restype=container",
      "RequestMethod": "DELETE",
      "RequestHeaders": {
        "Accept": "application/xml",
        "Authorization": "Sanitized",
        "traceparent": "00-76223b573ec66ad02259f6627a4b424d-e3f4546b2b52be18-00",
        "User-Agent": "azsdk-net-Storage.Files.DataLake/12.12.0-alpha.20220725.1 (.NET 6.0.7; Microsoft Windows 10.0.22000)",
        "x-ms-client-request-id": "4001d07f-5bb9-40b2-94a1-dd62921b5620",
        "x-ms-date": "Tue, 26 Jul 2022 06:48:07 GMT",
        "x-ms-return-client-request-id": "true",
        "x-ms-version": "2021-08-06"
      },
      "RequestBody": null,
      "StatusCode": 202,
      "ResponseHeaders": {
        "Content-Length": "0",
        "Date": "Tue, 26 Jul 2022 06:48:08 GMT",
        "Server": [
          "Windows-Azure-Blob/1.0",
          "Microsoft-HTTPAPI/2.0"
        ],
        "x-ms-client-request-id": "4001d07f-5bb9-40b2-94a1-dd62921b5620",
        "x-ms-request-id": "73ad5072-f01e-00ab-3bbb-a089eb000000",
        "x-ms-version": "2021-08-06"
      },
      "ResponseBody": null
    }
  ],
  "Variables": {
    "DateTimeOffsetNow": "2022-07-25T23:48:07.6789356-07:00",
    "RandomSeed": "30929491",
    "Storage_TestConfigHierarchicalNamespace": "NamespaceTenant\namandaadlscanary\nU2FuaXRpemVk\nhttps://amandaadlscanary.blob.core.windows.net\nhttps://amandaadlscanary.file.core.windows.net\nhttps://amandaadlscanary.queue.core.windows.net\nhttps://amandaadlscanary.table.core.windows.net\n\n\n\n\nhttps://amandaadlscanary-secondary.blob.core.windows.net\nhttps://amandaadlscanary-secondary.file.core.windows.net\nhttps://amandaadlscanary-secondary.queue.core.windows.net\nhttps://amandaadlscanary-secondary.table.core.windows.net\na42cfe5c-69a3-423d-bfce-8e3ad1aba0d2\nSanitized\n72f988bf-86f1-41af-91ab-2d7cd011db47\nhttps://login.microsoftonline.com/\nCloud\nBlobEndpoint=https://amandaadlscanary.blob.core.windows.net/;QueueEndpoint=https://amandaadlscanary.queue.core.windows.net/;FileEndpoint=https://amandaadlscanary.file.core.windows.net/;BlobSecondaryEndpoint=https://amandaadlscanary-secondary.blob.core.windows.net/;QueueSecondaryEndpoint=https://amandaadlscanary-secondary.queue.core.windows.net/;FileSecondaryEndpoint=https://amandaadlscanary-secondary.file.core.windows.net/;AccountName=amandaadlscanary;AccountKey=Sanitized\n\n\n"
  }
}
