{
  "Entries": [
    {
      "RequestUri": "https://amandaadlscanary.blob.core.windows.net/test-filesystem-4ecde133-c8d0-be19-17b0-4c8b648208cf?restype=container",
      "RequestMethod": "PUT",
      "RequestHeaders": {
        "Accept": "application/xml",
        "Authorization": "Sanitized",
        "Content-Length": "0",
        "traceparent": "00-67d7ae8f5439dac792391c8d4f034891-03a64c32810bfa19-00",
        "User-Agent": "azsdk-net-Storage.Files.DataLake/12.12.0-alpha.20220725.1 (.NET 6.0.7; Microsoft Windows 10.0.22000)",
        "x-ms-blob-public-access": "container",
        "x-ms-client-request-id": "52c13e0a-7339-f8e6-3ec1-1345461fb4a1",
        "x-ms-date": "Tue, 26 Jul 2022 06:47:10 GMT",
        "x-ms-return-client-request-id": "true",
        "x-ms-version": "2021-08-06"
      },
      "RequestBody": null,
      "StatusCode": 201,
      "ResponseHeaders": {
        "Content-Length": "0",
        "Date": "Tue, 26 Jul 2022 06:47:10 GMT",
        "ETag": "\u00220x8DA6ED2AA75DEAE\u0022",
        "Last-Modified": "Tue, 26 Jul 2022 06:47:10 GMT",
        "Server": [
          "Windows-Azure-Blob/1.0",
          "Microsoft-HTTPAPI/2.0"
        ],
        "x-ms-client-request-id": "52c13e0a-7339-f8e6-3ec1-1345461fb4a1",
        "x-ms-request-id": "73ad3a91-f01e-00ab-58bb-a089eb000000",
        "x-ms-version": "2021-08-06"
      },
      "ResponseBody": null
    },
    {
      "RequestUri": "https://amandaadlscanary.dfs.core.windows.net/test-filesystem-4ecde133-c8d0-be19-17b0-4c8b648208cf/test-file-c342adfc-d04d-c782-ac58-fffdfa0ad064?sv=2021-08-06\u0026ss=bqtf\u0026srt=soc\u0026se=2022-07-27T06%3A47%3A10Z\u0026sp=racwdlxyuptf\u0026sig=Sanitized\u0026resource=file",
      "RequestMethod": "PUT",
      "RequestHeaders": {
        "Accept": "application/json",
        "Content-Length": "0",
        "traceparent": "00-5fa648ba5546de4e9c2eaf3a60732fee-d6fbbddc49b066a2-00",
        "User-Agent": "azsdk-net-Storage.Files.DataLake/12.12.0-alpha.20220725.1 (.NET 6.0.7; Microsoft Windows 10.0.22000)",
        "x-ms-client-request-id": "40112b1d-7570-3ac2-bcfa-a5e174e8fd33",
        "x-ms-return-client-request-id": "true",
        "x-ms-version": "2021-08-06"
      },
      "RequestBody": null,
      "StatusCode": 201,
      "ResponseHeaders": {
        "Content-Length": "0",
        "Date": "Tue, 26 Jul 2022 06:47:10 GMT",
        "ETag": "\u00220x8DA6ED2AA86429D\u0022",
        "Last-Modified": "Tue, 26 Jul 2022 06:47:10 GMT",
        "Server": [
          "Windows-Azure-HDFS/1.0",
          "Microsoft-HTTPAPI/2.0"
        ],
        "x-ms-client-request-id": "40112b1d-7570-3ac2-bcfa-a5e174e8fd33",
        "x-ms-request-id": "afa6b2c0-b01f-00c8-17bb-a01410000000",
        "x-ms-request-server-encrypted": "true",
        "x-ms-version": "2021-08-06"
      },
      "ResponseBody": null
    },
    {
      "RequestUri": "https://amandaadlscanary.blob.core.windows.net/test-filesystem-4ecde133-c8d0-be19-17b0-4c8b648208cf/test-file-c342adfc-d04d-c782-ac58-fffdfa0ad064?sv=2021-08-06\u0026ss=bqtf\u0026srt=soc\u0026se=2022-07-27T06%3A47%3A10Z\u0026sp=racwdlxyuptf\u0026sig=Sanitized",
      "RequestMethod": "HEAD",
      "RequestHeaders": {
        "Accept": "application/xml",
        "traceparent": "00-0f0c7c2b06233fb57938c4d7c1ca7051-d6a8b8980921b923-00",
        "User-Agent": "azsdk-net-Storage.Files.DataLake/12.12.0-alpha.20220725.1 (.NET 6.0.7; Microsoft Windows 10.0.22000)",
        "x-ms-client-request-id": "cfdfcf2a-90f8-01f3-7a46-6ac610b5d547",
        "x-ms-return-client-request-id": "true",
        "x-ms-version": "2021-08-06"
      },
      "RequestBody": null,
      "StatusCode": 200,
      "ResponseHeaders": {
        "Accept-Ranges": "bytes",
        "Content-Length": "0",
        "Content-Type": "application/octet-stream",
        "Date": "Tue, 26 Jul 2022 06:47:10 GMT",
        "ETag": "\u00220x8DA6ED2AA86429D\u0022",
        "Last-Modified": "Tue, 26 Jul 2022 06:47:10 GMT",
        "Server": [
          "Windows-Azure-Blob/1.0",
          "Microsoft-HTTPAPI/2.0"
        ],
        "x-ms-access-tier": "Hot",
        "x-ms-access-tier-inferred": "true",
        "x-ms-blob-type": "BlockBlob",
        "x-ms-client-request-id": "cfdfcf2a-90f8-01f3-7a46-6ac610b5d547",
        "x-ms-creation-time": "Tue, 26 Jul 2022 06:47:10 GMT",
        "x-ms-group": "$superuser",
        "x-ms-lease-state": "available",
        "x-ms-lease-status": "unlocked",
        "x-ms-owner": "$superuser",
        "x-ms-permissions": "rw-r-----",
        "x-ms-request-id": "73ad3a97-f01e-00ab-5dbb-a089eb000000",
        "x-ms-resource-type": "file",
        "x-ms-server-encrypted": "true",
        "x-ms-version": "2021-08-06"
      },
      "ResponseBody": null
    },
    {
      "RequestUri": "https://amandaadlscanary.blob.core.windows.net/test-filesystem-4ecde133-c8d0-be19-17b0-4c8b648208cf?restype=container",
      "RequestMethod": "DELETE",
      "RequestHeaders": {
        "Accept": "application/xml",
        "Authorization": "Sanitized",
        "traceparent": "00-fc21220f433eecc816606e6a82a1e2d8-fa2bc95fc0ed8c6c-00",
        "User-Agent": "azsdk-net-Storage.Files.DataLake/12.12.0-alpha.20220725.1 (.NET 6.0.7; Microsoft Windows 10.0.22000)",
        "x-ms-client-request-id": "a4b6e98c-2e09-603b-bbcc-9058241a3562",
        "x-ms-date": "Tue, 26 Jul 2022 06:47:10 GMT",
        "x-ms-return-client-request-id": "true",
        "x-ms-version": "2021-08-06"
      },
      "RequestBody": null,
      "StatusCode": 202,
      "ResponseHeaders": {
        "Content-Length": "0",
        "Date": "Tue, 26 Jul 2022 06:47:11 GMT",
        "Server": [
          "Windows-Azure-Blob/1.0",
          "Microsoft-HTTPAPI/2.0"
        ],
        "x-ms-client-request-id": "a4b6e98c-2e09-603b-bbcc-9058241a3562",
        "x-ms-request-id": "73ad3aa3-f01e-00ab-65bb-a089eb000000",
        "x-ms-version": "2021-08-06"
      },
      "ResponseBody": null
    }
  ],
  "Variables": {
    "DateTimeOffsetNow": "2022-07-25T23:47:10.2386010-07:00",
    "RandomSeed": "707819390",
    "Storage_TestConfigHierarchicalNamespace": "NamespaceTenant\namandaadlscanary\nU2FuaXRpemVk\nhttps://amandaadlscanary.blob.core.windows.net\nhttps://amandaadlscanary.file.core.windows.net\nhttps://amandaadlscanary.queue.core.windows.net\nhttps://amandaadlscanary.table.core.windows.net\n\n\n\n\nhttps://amandaadlscanary-secondary.blob.core.windows.net\nhttps://amandaadlscanary-secondary.file.core.windows.net\nhttps://amandaadlscanary-secondary.queue.core.windows.net\nhttps://amandaadlscanary-secondary.table.core.windows.net\na42cfe5c-69a3-423d-bfce-8e3ad1aba0d2\nSanitized\n72f988bf-86f1-41af-91ab-2d7cd011db47\nhttps://login.microsoftonline.com/\nCloud\nBlobEndpoint=https://amandaadlscanary.blob.core.windows.net/;QueueEndpoint=https://amandaadlscanary.queue.core.windows.net/;FileEndpoint=https://amandaadlscanary.file.core.windows.net/;BlobSecondaryEndpoint=https://amandaadlscanary-secondary.blob.core.windows.net/;QueueSecondaryEndpoint=https://amandaadlscanary-secondary.queue.core.windows.net/;FileSecondaryEndpoint=https://amandaadlscanary-secondary.file.core.windows.net/;AccountName=amandaadlscanary;AccountKey=Sanitized\n\n\n"
  }
}
