{
  "Entries": [
    {
      "RequestUri": "https://management.azure.com/subscriptions/db1ab6f0-4769-4b27-930e-01e2ef9c123c?api-version=2021-01-01",
      "RequestMethod": "GET",
      "RequestHeaders": {
        "Accept": "application/json",
        "Authorization": "Sanitized",
        "traceparent": "00-b1d8f44e6e48a031a7972c6fed224c7c-63991882ebb71f1d-00",
        "User-Agent": "azsdk-net-ResourceManager/1.4.0-alpha.20230202.1 (.NET 7.0.2; Microsoft Windows 10.0.22621)",
        "x-ms-client-request-id": "6f083d66fe1316f7eeb7c26b931aba92",
        "x-ms-return-client-request-id": "true"
      },
      "RequestBody": null,
      "StatusCode": 200,
      "ResponseHeaders": {
        "Cache-Control": "no-cache",
        "Content-Length": "748",
        "Content-Type": "application/json; charset=utf-8",
        "Date": "Thu, 02 Feb 2023 13:42:54 GMT",
        "Expires": "-1",
        "Pragma": "no-cache",
        "Strict-Transport-Security": "max-age=31536000; includeSubDomains",
        "X-Content-Type-Options": "nosniff",
        "x-ms-correlation-request-id": "00693a11-e659-49b9-bedb-14b10af0314b",
        "x-ms-ratelimit-remaining-subscription-reads": "11818",
        "x-ms-request-id": "00693a11-e659-49b9-bedb-14b10af0314b",
        "x-ms-routing-request-id": "SOUTHEASTASIA:20230202T134254Z:00693a11-e659-49b9-bedb-14b10af0314b"
      },
      "ResponseBody": {
        "id": "/subscriptions/db1ab6f0-4769-4b27-930e-01e2ef9c123c",
        "authorizationSource": "RoleBased",
        "managedByTenants": [],
        "tags": {
          "TagKey-9823": "TagValue-1254",
          "TagKey-3481": "TagValue-320",
          "TagKey-4926": "TagValue-1187",
          "TagKey-751": "TagValue-3921",
          "TagKey-1866": "TagValue-8559",
          "TagKey-3094": "TagValue-9190",
          "TagKey-2449": "TagValue-9",
          "TagKey-8379": "TagValue-164",
          "TagKey-7470": "TagValue-2205",
          "TagKey-4236": "TagValue-3698",
          "TagKey-5316": "TagValue-2725"
        },
        "subscriptionId": "db1ab6f0-4769-4b27-930e-01e2ef9c123c",
        "tenantId": "72f988bf-86f1-41af-91ab-2d7cd011db47",
        "displayName": ".NET Mgmt SDK Test with TTL = 1 Day",
        "state": "Enabled",
        "subscriptionPolicies": {
          "locationPlacementId": "Internal_2014-09-01",
          "quotaId": "Internal_2014-09-01",
          "spendingLimit": "Off"
        }
      }
    },
    {
      "RequestUri": "https://management.azure.com/subscriptions/db1ab6f0-4769-4b27-930e-01e2ef9c123c/resourcegroups/testRg-4063?api-version=2022-09-01",
      "RequestMethod": "PUT",
      "RequestHeaders": {
        "Accept": "application/json",
        "Authorization": "Sanitized",
        "Content-Length": "21",
        "Content-Type": "application/json",
        "traceparent": "00-92fe67143e0fc2fae48d044d949ead64-63972fcc156bf70d-00",
        "User-Agent": "azsdk-net-ResourceManager/1.4.0-alpha.20230202.1 (.NET 7.0.2; Microsoft Windows 10.0.22621)",
        "x-ms-client-request-id": "adf34bea198ef6350f82aa7792425d11",
        "x-ms-return-client-request-id": "true"
      },
      "RequestBody": {
        "location": "westus"
      },
      "StatusCode": 201,
      "ResponseHeaders": {
        "Cache-Control": "no-cache",
        "Content-Length": "219",
        "Content-Type": "application/json; charset=utf-8",
        "Date": "Thu, 02 Feb 2023 13:42:55 GMT",
        "Expires": "-1",
        "Pragma": "no-cache",
        "Strict-Transport-Security": "max-age=31536000; includeSubDomains",
        "X-Content-Type-Options": "nosniff",
        "x-ms-correlation-request-id": "d6a34bae-e4b4-42ec-98ec-e2a2587401aa",
        "x-ms-ratelimit-remaining-subscription-writes": "1095",
        "x-ms-request-id": "d6a34bae-e4b4-42ec-98ec-e2a2587401aa",
        "x-ms-routing-request-id": "SOUTHEASTASIA:20230202T134255Z:d6a34bae-e4b4-42ec-98ec-e2a2587401aa"
      },
      "ResponseBody": {
        "id": "/subscriptions/db1ab6f0-4769-4b27-930e-01e2ef9c123c/resourceGroups/testRg-4063",
        "name": "testRg-4063",
        "type": "Microsoft.Resources/resourceGroups",
        "location": "westus",
        "properties": {
          "provisioningState": "Succeeded"
        }
      }
    },
    {
      "RequestUri": "https://management.azure.com/subscriptions/db1ab6f0-4769-4b27-930e-01e2ef9c123c/resourceGroups/testRg-4063/providers/Microsoft.Authorization/policyAssignments/polAssign-8089?api-version=2020-09-01",
      "RequestMethod": "PUT",
      "RequestHeaders": {
        "Accept": "application/json",
        "Authorization": "Sanitized",
        "Content-Length": "166",
        "Content-Type": "application/json",
        "traceparent": "00-d55f0d9169d6ab55dfa2550a516c7c7f-7ffa07a7c8d09363-00",
        "User-Agent": "azsdk-net-ResourceManager/1.4.0-alpha.20230202.1 (.NET 7.0.2; Microsoft Windows 10.0.22621)",
        "x-ms-client-request-id": "ba2c84a3bb1045dfe4d326972de32634",
        "x-ms-return-client-request-id": "true"
      },
      "RequestBody": {
        "properties": {
          "displayName": "Test $polAssign-8089",
          "policyDefinitionId": "/providers/Microsoft.Authorization/policyDefinitions/06a78e20-9358-41c9-923c-fb736d382a4d"
        }
      },
      "StatusCode": 201,
      "ResponseHeaders": {
        "Cache-Control": "no-cache",
        "Content-Length": "652",
        "Content-Type": "application/json; charset=utf-8",
        "Date": "Thu, 02 Feb 2023 13:42:55 GMT",
        "Expires": "-1",
        "Pragma": "no-cache",
        "Server": "Kestrel",
        "Strict-Transport-Security": "max-age=31536000; includeSubDomains",
        "X-Content-Type-Options": "nosniff",
        "x-ms-correlation-request-id": "c3593367-24e9-4a55-8826-60614a11ff55",
        "x-ms-ratelimit-remaining-subscription-writes": "1094",
        "x-ms-request-id": "c3593367-24e9-4a55-8826-60614a11ff55",
        "x-ms-routing-request-id": "SOUTHEASTASIA:20230202T134255Z:c3593367-24e9-4a55-8826-60614a11ff55"
      },
      "ResponseBody": {
        "properties": {
          "displayName": "Test $polAssign-8089",
          "policyDefinitionId": "/providers/Microsoft.Authorization/policyDefinitions/06a78e20-9358-41c9-923c-fb736d382a4d",
          "scope": "/subscriptions/db1ab6f0-4769-4b27-930e-01e2ef9c123c/resourceGroups/testRg-4063",
          "metadata": {
            "createdBy": "fdc9f735-07d7-441f-92ab-f95b1c49185a",
            "createdOn": "2023-02-02T13:42:55.9340486Z",
            "updatedBy": null,
            "updatedOn": null
          },
          "enforcementMode": "Default"
        },
        "id": "/subscriptions/db1ab6f0-4769-4b27-930e-01e2ef9c123c/resourceGroups/testRg-4063/providers/Microsoft.Authorization/policyAssignments/polAssign-8089",
        "type": "Microsoft.Authorization/policyAssignments",
        "name": "polAssign-8089"
      }
    },
    {
      "RequestUri": "https://management.azure.com/subscriptions/db1ab6f0-4769-4b27-930e-01e2ef9c123c/resourceGroups/testRg-4063/providers/Microsoft.Authorization/policyAssignments/polAssign-9258?api-version=2020-09-01",
      "RequestMethod": "PUT",
      "RequestHeaders": {
        "Accept": "application/json",
        "Authorization": "Sanitized",
        "Content-Length": "166",
        "Content-Type": "application/json",
        "traceparent": "00-3618eee8496b22a745c7cc1b559fb4e6-73c929d85f7970ab-00",
        "User-Agent": "azsdk-net-ResourceManager/1.4.0-alpha.20230202.1 (.NET 7.0.2; Microsoft Windows 10.0.22621)",
        "x-ms-client-request-id": "f52fe8ad24d778d2037c4d9e5b74655a",
        "x-ms-return-client-request-id": "true"
      },
      "RequestBody": {
        "properties": {
          "displayName": "Test $polAssign-9258",
          "policyDefinitionId": "/providers/Microsoft.Authorization/policyDefinitions/0015ea4d-51ff-4ce3-8d8c-f3f8f0179a56"
        }
      },
      "StatusCode": 201,
      "ResponseHeaders": {
        "Cache-Control": "no-cache",
        "Content-Length": "652",
        "Content-Type": "application/json; charset=utf-8",
        "Date": "Thu, 02 Feb 2023 13:42:56 GMT",
        "Expires": "-1",
        "Pragma": "no-cache",
        "Server": "Kestrel",
        "Strict-Transport-Security": "max-age=31536000; includeSubDomains",
        "X-Content-Type-Options": "nosniff",
        "x-ms-correlation-request-id": "8e24ab2b-2da2-4db0-be48-108846f14d44",
        "x-ms-ratelimit-remaining-subscription-writes": "1093",
        "x-ms-request-id": "8e24ab2b-2da2-4db0-be48-108846f14d44",
        "x-ms-routing-request-id": "SOUTHEASTASIA:20230202T134256Z:8e24ab2b-2da2-4db0-be48-108846f14d44"
      },
      "ResponseBody": {
        "properties": {
          "displayName": "Test $polAssign-9258",
          "policyDefinitionId": "/providers/Microsoft.Authorization/policyDefinitions/0015ea4d-51ff-4ce3-8d8c-f3f8f0179a56",
          "scope": "/subscriptions/db1ab6f0-4769-4b27-930e-01e2ef9c123c/resourceGroups/testRg-4063",
          "metadata": {
            "createdBy": "fdc9f735-07d7-441f-92ab-f95b1c49185a",
            "createdOn": "2023-02-02T13:42:56.4111717Z",
            "updatedBy": null,
            "updatedOn": null
          },
          "enforcementMode": "Default"
        },
        "id": "/subscriptions/db1ab6f0-4769-4b27-930e-01e2ef9c123c/resourceGroups/testRg-4063/providers/Microsoft.Authorization/policyAssignments/polAssign-9258",
        "type": "Microsoft.Authorization/policyAssignments",
        "name": "polAssign-9258"
      }
    },
    {
      "RequestUri": "https://management.azure.com/subscriptions/db1ab6f0-4769-4b27-930e-01e2ef9c123c/resourceGroups/testRg-4063/providers/Microsoft.Authorization/policyAssignments?$filter=policyDefinitionId%20eq%20\u0027/providers/Microsoft.Authorization/policyDefinitions/0015ea4d-51ff-4ce3-8d8c-f3f8f0179a56\u0027\u0026api-version=2020-09-01",
      "RequestMethod": "GET",
      "RequestHeaders": {
        "Accept": "application/json",
        "Authorization": "Sanitized",
        "traceparent": "00-4f274c938736b90fb4395ed9b1c19d8d-aa15e4d407d3ef58-00",
        "User-Agent": "azsdk-net-ResourceManager/1.4.0-alpha.20230202.1 (.NET 7.0.2; Microsoft Windows 10.0.22621)",
        "x-ms-client-request-id": "0d178d0c3022383bce493562d07854c7",
        "x-ms-return-client-request-id": "true"
      },
      "RequestBody": null,
      "StatusCode": 200,
      "ResponseHeaders": {
        "Cache-Control": "no-cache",
        "Content-Length": "664",
        "Content-Type": "application/json; charset=utf-8",
        "Date": "Thu, 02 Feb 2023 13:42:56 GMT",
        "Expires": "-1",
        "Pragma": "no-cache",
        "Server": "Kestrel",
        "Strict-Transport-Security": "max-age=31536000; includeSubDomains",
        "X-Content-Type-Options": "nosniff",
        "x-ms-correlation-request-id": "524b1d2b-2c70-4636-9fde-a4720bf5c0a2",
        "x-ms-ratelimit-remaining-subscription-reads": "11817",
        "x-ms-request-id": "524b1d2b-2c70-4636-9fde-a4720bf5c0a2",
        "x-ms-routing-request-id": "SOUTHEASTASIA:20230202T134256Z:524b1d2b-2c70-4636-9fde-a4720bf5c0a2"
      },
      "ResponseBody": {
        "value": [
          {
            "properties": {
              "displayName": "Test $polAssign-9258",
              "policyDefinitionId": "/providers/Microsoft.Authorization/policyDefinitions/0015ea4d-51ff-4ce3-8d8c-f3f8f0179a56",
              "scope": "/subscriptions/db1ab6f0-4769-4b27-930e-01e2ef9c123c/resourceGroups/testRg-4063",
              "metadata": {
                "createdBy": "fdc9f735-07d7-441f-92ab-f95b1c49185a",
                "createdOn": "2023-02-02T13:42:56.4111717Z",
                "updatedBy": null,
                "updatedOn": null
              },
              "enforcementMode": "Default"
            },
            "id": "/subscriptions/db1ab6f0-4769-4b27-930e-01e2ef9c123c/resourceGroups/testRg-4063/providers/Microsoft.Authorization/policyAssignments/polAssign-9258",
            "type": "Microsoft.Authorization/policyAssignments",
            "name": "polAssign-9258"
          }
        ]
      }
    }
  ],
  "Variables": {
    "AZURE_AUTHORITY_HOST": "https://login.microsoftonline.com",
    "RandomSeed": "256932095",
    "RESOURCE_MANAGER_URL": "https://management.azure.com",
    "SUBSCRIPTION_ID": "db1ab6f0-4769-4b27-930e-01e2ef9c123c"
  }
}
