{
  "Entries": [
    {
      "RequestUri": "/subscriptions/850f02f7-e14c-4fb7-905d-7b98bcae9c7f/resourcegroups/crptestar8119?api-version=2017-05-10",
      "EncodedRequestUri": "L3N1YnNjcmlwdGlvbnMvODUwZjAyZjctZTE0Yy00ZmI3LTkwNWQtN2I5OGJjYWU5YzdmL3Jlc291cmNlZ3JvdXBzL2NycHRlc3RhcjgxMTk/YXBpLXZlcnNpb249MjAxNy0wNS0xMA==",
      "RequestMethod": "PUT",
      "RequestBody": "{\r\n  \"location\": \"eastus2euap\",\r\n  \"tags\": {\r\n    \"crptestar8119\": \"2022-11-14 19:51:42Z\"\r\n  }\r\n}",
      "RequestHeaders": {
        "x-ms-client-request-id": [
          "6a903509-da61-4013-b9c8-2af7f790772a"
        ],
        "Accept-Language": [
          "en-US"
        ],
        "User-Agent": [
          "FxVersion/4.700.22.51102",
          "OSName/Windows",
          "OSVersion/Microsoft.Windows.10.0.22621",
          "Microsoft.Azure.Management.ResourceManager.ResourceManagementClient/1.6.0.0"
        ],
        "Content-Type": [
          "application/json; charset=utf-8"
        ],
        "Content-Length": [
          "97"
        ]
      },
      "ResponseHeaders": {
        "Cache-Control": [
          "no-cache"
        ],
        "Pragma": [
          "no-cache"
        ],
        "x-ms-ratelimit-remaining-subscription-writes": [
          "1199"
        ],
        "x-ms-request-id": [
          "9dd6ec2b-403a-4c35-a7ea-6d71416a2061"
        ],
        "x-ms-correlation-request-id": [
          "9dd6ec2b-403a-4c35-a7ea-6d71416a2061"
        ],
        "x-ms-routing-request-id": [
          "WESTUS2:20221114T195145Z:9dd6ec2b-403a-4c35-a7ea-6d71416a2061"
        ],
        "Strict-Transport-Security": [
          "max-age=31536000; includeSubDomains"
        ],
        "X-Content-Type-Options": [
          "nosniff"
        ],
        "Date": [
          "Mon, 14 Nov 2022 19:51:44 GMT"
        ],
        "Content-Length": [
          "232"
        ],
        "Content-Type": [
          "application/json; charset=utf-8"
        ],
        "Expires": [
          "-1"
        ]
      },
      "ResponseBody": "{\r\n  \"id\": \"/subscriptions/850f02f7-e14c-4fb7-905d-7b98bcae9c7f/resourceGroups/crptestar8119\",\r\n  \"name\": \"crptestar8119\",\r\n  \"location\": \"eastus2euap\",\r\n  \"tags\": {\r\n    \"crptestar8119\": \"2022-11-14 19:51:42Z\"\r\n  },\r\n  \"properties\": {\r\n    \"provisioningState\": \"Succeeded\"\r\n  }\r\n}",
      "StatusCode": 201
    },
    {
      "RequestUri": "/subscriptions/850f02f7-e14c-4fb7-905d-7b98bcae9c7f/resourcegroups/crptestar8119?api-version=2017-05-10",
      "EncodedRequestUri": "L3N1YnNjcmlwdGlvbnMvODUwZjAyZjctZTE0Yy00ZmI3LTkwNWQtN2I5OGJjYWU5YzdmL3Jlc291cmNlZ3JvdXBzL2NycHRlc3RhcjgxMTk/YXBpLXZlcnNpb249MjAxNy0wNS0xMA==",
      "RequestMethod": "PUT",
      "RequestBody": "{\r\n  \"location\": \"eastus2euap\",\r\n  \"tags\": {\r\n    \"crptestar8119\": \"2022-11-14 19:51:56Z\"\r\n  }\r\n}",
      "RequestHeaders": {
        "x-ms-client-request-id": [
          "f3344d9e-9953-4ff5-8369-f471525ea9af"
        ],
        "Accept-Language": [
          "en-US"
        ],
        "User-Agent": [
          "FxVersion/4.700.22.51102",
          "OSName/Windows",
          "OSVersion/Microsoft.Windows.10.0.22621",
          "Microsoft.Azure.Management.ResourceManager.ResourceManagementClient/1.6.0.0"
        ],
        "Content-Type": [
          "application/json; charset=utf-8"
        ],
        "Content-Length": [
          "97"
        ]
      },
      "ResponseHeaders": {
        "Cache-Control": [
          "no-cache"
        ],
        "Pragma": [
          "no-cache"
        ],
        "x-ms-ratelimit-remaining-subscription-writes": [
          "1198"
        ],
        "x-ms-request-id": [
          "f7352fea-98b8-44c9-936e-ad95877c611c"
        ],
        "x-ms-correlation-request-id": [
          "f7352fea-98b8-44c9-936e-ad95877c611c"
        ],
        "x-ms-routing-request-id": [
          "WESTUS2:20221114T195157Z:f7352fea-98b8-44c9-936e-ad95877c611c"
        ],
        "Strict-Transport-Security": [
          "max-age=31536000; includeSubDomains"
        ],
        "X-Content-Type-Options": [
          "nosniff"
        ],
        "Date": [
          "Mon, 14 Nov 2022 19:51:56 GMT"
        ],
        "Content-Length": [
          "232"
        ],
        "Content-Type": [
          "application/json; charset=utf-8"
        ],
        "Expires": [
          "-1"
        ]
      },
      "ResponseBody": "{\r\n  \"id\": \"/subscriptions/850f02f7-e14c-4fb7-905d-7b98bcae9c7f/resourceGroups/crptestar8119\",\r\n  \"name\": \"crptestar8119\",\r\n  \"location\": \"eastus2euap\",\r\n  \"tags\": {\r\n    \"crptestar8119\": \"2022-11-14 19:51:56Z\"\r\n  },\r\n  \"properties\": {\r\n    \"provisioningState\": \"Succeeded\"\r\n  }\r\n}",
      "StatusCode": 200
    },
    {
      "RequestUri": "/subscriptions/850f02f7-e14c-4fb7-905d-7b98bcae9c7f/resourcegroups/crptestar8119?api-version=2017-05-10",
      "EncodedRequestUri": "L3N1YnNjcmlwdGlvbnMvODUwZjAyZjctZTE0Yy00ZmI3LTkwNWQtN2I5OGJjYWU5YzdmL3Jlc291cmNlZ3JvdXBzL2NycHRlc3RhcjgxMTk/YXBpLXZlcnNpb249MjAxNy0wNS0xMA==",
      "RequestMethod": "PUT",
      "RequestBody": "{\r\n  \"location\": \"eastus2euap\"\r\n}",
      "RequestHeaders": {
        "x-ms-client-request-id": [
          "53879b61-e515-4e51-87f5-1f6ccc48c99b"
        ],
        "Accept-Language": [
          "en-US"
        ],
        "User-Agent": [
          "FxVersion/4.700.22.51102",
          "OSName/Windows",
          "OSVersion/Microsoft.Windows.10.0.22621",
          "Microsoft.Azure.Management.ResourceManager.ResourceManagementClient/1.6.0.0"
        ],
        "Content-Type": [
          "application/json; charset=utf-8"
        ],
        "Content-Length": [
          "33"
        ]
      },
      "ResponseHeaders": {
        "Cache-Control": [
          "no-cache"
        ],
        "Pragma": [
          "no-cache"
        ],
        "x-ms-ratelimit-remaining-subscription-writes": [
          "1197"
        ],
        "x-ms-request-id": [
          "55d02252-04ba-4be3-8fe5-4287d17cd28c"
        ],
        "x-ms-correlation-request-id": [
          "55d02252-04ba-4be3-8fe5-4287d17cd28c"
        ],
        "x-ms-routing-request-id": [
          "WESTUS2:20221114T195243Z:55d02252-04ba-4be3-8fe5-4287d17cd28c"
        ],
        "Strict-Transport-Security": [
          "max-age=31536000; includeSubDomains"
        ],
        "X-Content-Type-Options": [
          "nosniff"
        ],
        "Date": [
          "Mon, 14 Nov 2022 19:52:43 GMT"
        ],
        "Content-Length": [
          "184"
        ],
        "Content-Type": [
          "application/json; charset=utf-8"
        ],
        "Expires": [
          "-1"
        ]
      },
      "ResponseBody": "{\r\n  \"id\": \"/subscriptions/850f02f7-e14c-4fb7-905d-7b98bcae9c7f/resourceGroups/crptestar8119\",\r\n  \"name\": \"crptestar8119\",\r\n  \"location\": \"eastus2euap\",\r\n  \"properties\": {\r\n    \"provisioningState\": \"Succeeded\"\r\n  }\r\n}",
      "StatusCode": 200
    },
    {
      "RequestUri": "/subscriptions/850f02f7-e14c-4fb7-905d-7b98bcae9c7f/resourceGroups/crptestar8119/providers/Microsoft.Network/virtualNetworks/csvnet5962?api-version=2019-09-01",
      "EncodedRequestUri": "L3N1YnNjcmlwdGlvbnMvODUwZjAyZjctZTE0Yy00ZmI3LTkwNWQtN2I5OGJjYWU5YzdmL3Jlc291cmNlR3JvdXBzL2NycHRlc3RhcjgxMTkvcHJvdmlkZXJzL01pY3Jvc29mdC5OZXR3b3JrL3ZpcnR1YWxOZXR3b3Jrcy9jc3ZuZXQ1OTYyP2FwaS12ZXJzaW9uPTIwMTktMDktMDE=",
      "RequestMethod": "PUT",
      "RequestBody": "{\r\n  \"properties\": {\r\n    \"addressSpace\": {\r\n      \"addressPrefixes\": [\r\n        \"10.0.0.0/16\"\r\n      ]\r\n    },\r\n    \"subnets\": [\r\n      {\r\n        \"properties\": {\r\n          \"addressPrefix\": \"10.0.0.0/24\"\r\n        },\r\n        \"name\": \"subnet2611\"\r\n      }\r\n    ]\r\n  },\r\n  \"location\": \"eastus2euap\"\r\n}",
      "RequestHeaders": {
        "x-ms-client-request-id": [
          "3c0561a3-d62c-4b68-bb1a-4e8f39c8449a"
        ],
        "Accept-Language": [
          "en-US"
        ],
        "User-Agent": [
          "FxVersion/4.700.22.51102",
          "OSName/Windows",
          "OSVersion/Microsoft.Windows.10.0.22621",
          "Microsoft.Azure.Management.Network.NetworkManagementClient/19.17.1.0"
        ],
        "Content-Type": [
          "application/json; charset=utf-8"
        ],
        "Content-Length": [
          "301"
        ]
      },
      "ResponseHeaders": {
        "Cache-Control": [
          "no-cache"
        ],
        "Pragma": [
          "no-cache"
        ],
        "Retry-After": [
          "3"
        ],
        "x-ms-request-id": [
          "d37433eb-84e6-4ce8-af01-b8f71bd37a36"
        ],
        "Azure-AsyncOperation": [
          "https://management.azure.com/subscriptions/850f02f7-e14c-4fb7-905d-7b98bcae9c7f/providers/Microsoft.Network/locations/eastus2euap/operations/d37433eb-84e6-4ce8-af01-b8f71bd37a36?api-version=2019-09-01"
        ],
        "x-ms-correlation-request-id": [
          "493e15e4-ad78-4987-9183-bb709024c72f"
        ],
        "Azure-AsyncNotification": [
          "Enabled"
        ],
        "x-ms-arm-service-request-id": [
          "2837bce0-e8b3-4796-b528-0291ce01a000"
        ],
        "Strict-Transport-Security": [
          "max-age=31536000; includeSubDomains"
        ],
        "Server": [
          "Microsoft-HTTPAPI/2.0",
          "Microsoft-HTTPAPI/2.0"
        ],
        "x-ms-ratelimit-remaining-subscription-writes": [
          "1199"
        ],
        "x-ms-routing-request-id": [
          "WESTUS2:20221114T195147Z:493e15e4-ad78-4987-9183-bb709024c72f"
        ],
        "X-Content-Type-Options": [
          "nosniff"
        ],
        "Date": [
          "Mon, 14 Nov 2022 19:51:47 GMT"
        ],
        "Content-Length": [
          "1237"
        ],
        "Content-Type": [
          "application/json; charset=utf-8"
        ],
        "Expires": [
          "-1"
        ]
      },
      "ResponseBody": "{\r\n  \"name\": \"csvnet5962\",\r\n  \"id\": \"/subscriptions/850f02f7-e14c-4fb7-905d-7b98bcae9c7f/resourceGroups/crptestar8119/providers/Microsoft.Network/virtualNetworks/csvnet5962\",\r\n  \"etag\": \"W/\\\"75576f17-545a-4b41-852f-a8c715531249\\\"\",\r\n  \"type\": \"Microsoft.Network/virtualNetworks\",\r\n  \"location\": \"eastus2euap\",\r\n  \"properties\": {\r\n    \"provisioningState\": \"Updating\",\r\n    \"resourceGuid\": \"bd8025f5-be3c-471d-a806-1fa1a1e0e188\",\r\n    \"addressSpace\": {\r\n      \"addressPrefixes\": [\r\n        \"10.0.0.0/16\"\r\n      ]\r\n    },\r\n    \"subnets\": [\r\n      {\r\n        \"name\": \"subnet2611\",\r\n        \"id\": \"/subscriptions/850f02f7-e14c-4fb7-905d-7b98bcae9c7f/resourceGroups/crptestar8119/providers/Microsoft.Network/virtualNetworks/csvnet5962/subnets/subnet2611\",\r\n        \"etag\": \"W/\\\"75576f17-545a-4b41-852f-a8c715531249\\\"\",\r\n        \"properties\": {\r\n          \"provisioningState\": \"Updating\",\r\n          \"addressPrefix\": \"10.0.0.0/24\",\r\n          \"delegations\": [],\r\n          \"privateEndpointNetworkPolicies\": \"Disabled\",\r\n          \"privateLinkServiceNetworkPolicies\": \"Enabled\"\r\n        },\r\n        \"type\": \"Microsoft.Network/virtualNetworks/subnets\"\r\n      }\r\n    ],\r\n    \"virtualNetworkPeerings\": [],\r\n    \"enableDdosProtection\": false\r\n  }\r\n}",
      "StatusCode": 201
    },
    {
      "RequestUri": "/subscriptions/850f02f7-e14c-4fb7-905d-7b98bcae9c7f/providers/Microsoft.Network/locations/eastus2euap/operations/d37433eb-84e6-4ce8-af01-b8f71bd37a36?api-version=2019-09-01",
      "EncodedRequestUri": "L3N1YnNjcmlwdGlvbnMvODUwZjAyZjctZTE0Yy00ZmI3LTkwNWQtN2I5OGJjYWU5YzdmL3Byb3ZpZGVycy9NaWNyb3NvZnQuTmV0d29yay9sb2NhdGlvbnMvZWFzdHVzMmV1YXAvb3BlcmF0aW9ucy9kMzc0MzNlYi04NGU2LTRjZTgtYWYwMS1iOGY3MWJkMzdhMzY/YXBpLXZlcnNpb249MjAxOS0wOS0wMQ==",
      "RequestMethod": "GET",
      "RequestBody": "",
      "RequestHeaders": {
        "User-Agent": [
          "FxVersion/4.700.22.51102",
          "OSName/Windows",
          "OSVersion/Microsoft.Windows.10.0.22621",
          "Microsoft.Azure.Management.Network.NetworkManagementClient/19.17.1.0"
        ]
      },
      "ResponseHeaders": {
        "Cache-Control": [
          "no-cache"
        ],
        "Pragma": [
          "no-cache"
        ],
        "x-ms-request-id": [
          "a1ab1ee8-4873-476f-a9fa-be292e8a7730"
        ],
        "x-ms-correlation-request-id": [
          "5d11b1e7-9855-4563-abb3-749228e1a1dc"
        ],
        "x-ms-arm-service-request-id": [
          "6e29f9ca-30b3-4def-9f68-3d53b7a48d13"
        ],
        "Strict-Transport-Security": [
          "max-age=31536000; includeSubDomains"
        ],
        "Server": [
          "Microsoft-HTTPAPI/2.0",
          "Microsoft-HTTPAPI/2.0"
        ],
        "x-ms-ratelimit-remaining-subscription-reads": [
          "11999"
        ],
        "x-ms-routing-request-id": [
          "WESTUS2:20221114T195151Z:5d11b1e7-9855-4563-abb3-749228e1a1dc"
        ],
        "X-Content-Type-Options": [
          "nosniff"
        ],
        "Date": [
          "Mon, 14 Nov 2022 19:51:50 GMT"
        ],
        "Content-Length": [
          "29"
        ],
        "Content-Type": [
          "application/json; charset=utf-8"
        ],
        "Expires": [
          "-1"
        ]
      },
      "ResponseBody": "{\r\n  \"status\": \"Succeeded\"\r\n}",
      "StatusCode": 200
    },
    {
      "RequestUri": "/subscriptions/850f02f7-e14c-4fb7-905d-7b98bcae9c7f/resourceGroups/crptestar8119/providers/Microsoft.Network/virtualNetworks/csvnet5962?api-version=2019-09-01",
      "EncodedRequestUri": "L3N1YnNjcmlwdGlvbnMvODUwZjAyZjctZTE0Yy00ZmI3LTkwNWQtN2I5OGJjYWU5YzdmL3Jlc291cmNlR3JvdXBzL2NycHRlc3RhcjgxMTkvcHJvdmlkZXJzL01pY3Jvc29mdC5OZXR3b3JrL3ZpcnR1YWxOZXR3b3Jrcy9jc3ZuZXQ1OTYyP2FwaS12ZXJzaW9uPTIwMTktMDktMDE=",
      "RequestMethod": "GET",
      "RequestBody": "",
      "RequestHeaders": {
        "User-Agent": [
          "FxVersion/4.700.22.51102",
          "OSName/Windows",
          "OSVersion/Microsoft.Windows.10.0.22621",
          "Microsoft.Azure.Management.Network.NetworkManagementClient/19.17.1.0"
        ]
      },
      "ResponseHeaders": {
        "Cache-Control": [
          "no-cache"
        ],
        "Pragma": [
          "no-cache"
        ],
        "ETag": [
          "W/\"6c3d15cb-bd96-49ff-91f0-ee5779e9aaf6\""
        ],
        "x-ms-request-id": [
          "49d22d9a-5013-4e79-b8ab-c591b269da50"
        ],
        "x-ms-correlation-request-id": [
          "7c26a862-0a80-499c-b3ec-b837e1a72cbe"
        ],
        "x-ms-arm-service-request-id": [
          "524d5314-04dc-4464-a733-e1c579401428"
        ],
        "Strict-Transport-Security": [
          "max-age=31536000; includeSubDomains"
        ],
        "Server": [
          "Microsoft-HTTPAPI/2.0",
          "Microsoft-HTTPAPI/2.0"
        ],
        "x-ms-ratelimit-remaining-subscription-reads": [
          "11998"
        ],
        "x-ms-routing-request-id": [
          "WESTUS2:20221114T195151Z:7c26a862-0a80-499c-b3ec-b837e1a72cbe"
        ],
        "X-Content-Type-Options": [
          "nosniff"
        ],
        "Date": [
          "Mon, 14 Nov 2022 19:51:50 GMT"
        ],
        "Content-Length": [
          "1239"
        ],
        "Content-Type": [
          "application/json; charset=utf-8"
        ],
        "Expires": [
          "-1"
        ]
      },
      "ResponseBody": "{\r\n  \"name\": \"csvnet5962\",\r\n  \"id\": \"/subscriptions/850f02f7-e14c-4fb7-905d-7b98bcae9c7f/resourceGroups/crptestar8119/providers/Microsoft.Network/virtualNetworks/csvnet5962\",\r\n  \"etag\": \"W/\\\"6c3d15cb-bd96-49ff-91f0-ee5779e9aaf6\\\"\",\r\n  \"type\": \"Microsoft.Network/virtualNetworks\",\r\n  \"location\": \"eastus2euap\",\r\n  \"properties\": {\r\n    \"provisioningState\": \"Succeeded\",\r\n    \"resourceGuid\": \"bd8025f5-be3c-471d-a806-1fa1a1e0e188\",\r\n    \"addressSpace\": {\r\n      \"addressPrefixes\": [\r\n        \"10.0.0.0/16\"\r\n      ]\r\n    },\r\n    \"subnets\": [\r\n      {\r\n        \"name\": \"subnet2611\",\r\n        \"id\": \"/subscriptions/850f02f7-e14c-4fb7-905d-7b98bcae9c7f/resourceGroups/crptestar8119/providers/Microsoft.Network/virtualNetworks/csvnet5962/subnets/subnet2611\",\r\n        \"etag\": \"W/\\\"6c3d15cb-bd96-49ff-91f0-ee5779e9aaf6\\\"\",\r\n        \"properties\": {\r\n          \"provisioningState\": \"Succeeded\",\r\n          \"addressPrefix\": \"10.0.0.0/24\",\r\n          \"delegations\": [],\r\n          \"privateEndpointNetworkPolicies\": \"Disabled\",\r\n          \"privateLinkServiceNetworkPolicies\": \"Enabled\"\r\n        },\r\n        \"type\": \"Microsoft.Network/virtualNetworks/subnets\"\r\n      }\r\n    ],\r\n    \"virtualNetworkPeerings\": [],\r\n    \"enableDdosProtection\": false\r\n  }\r\n}",
      "StatusCode": 200
    },
    {
      "RequestUri": "/subscriptions/850f02f7-e14c-4fb7-905d-7b98bcae9c7f/resourceGroups/crptestar8119/providers/Microsoft.Network/publicIPAddresses/cspip4634?api-version=2019-09-01",
      "EncodedRequestUri": "L3N1YnNjcmlwdGlvbnMvODUwZjAyZjctZTE0Yy00ZmI3LTkwNWQtN2I5OGJjYWU5YzdmL3Jlc291cmNlR3JvdXBzL2NycHRlc3RhcjgxMTkvcHJvdmlkZXJzL01pY3Jvc29mdC5OZXR3b3JrL3B1YmxpY0lQQWRkcmVzc2VzL2NzcGlwNDYzND9hcGktdmVyc2lvbj0yMDE5LTA5LTAx",
      "RequestMethod": "PUT",
      "RequestBody": "{\r\n  \"properties\": {\r\n    \"publicIPAllocationMethod\": \"Dynamic\",\r\n    \"dnsSettings\": {\r\n      \"domainNameLabel\": \"dns1670\"\r\n    }\r\n  },\r\n  \"location\": \"eastus2euap\"\r\n}",
      "RequestHeaders": {
        "x-ms-client-request-id": [
          "3a3a7bd2-eee1-4d52-8982-28198744811e"
        ],
        "Accept-Language": [
          "en-US"
        ],
        "User-Agent": [
          "FxVersion/4.700.22.51102",
          "OSName/Windows",
          "OSVersion/Microsoft.Windows.10.0.22621",
          "Microsoft.Azure.Management.Network.NetworkManagementClient/19.17.1.0"
        ],
        "Content-Type": [
          "application/json; charset=utf-8"
        ],
        "Content-Length": [
          "167"
        ]
      },
      "ResponseHeaders": {
        "Cache-Control": [
          "no-cache"
        ],
        "Pragma": [
          "no-cache"
        ],
        "Retry-After": [
          "1"
        ],
        "x-ms-request-id": [
          "6912f7f7-6c69-43a0-8731-ed0140d81150"
        ],
        "Azure-AsyncOperation": [
          "https://management.azure.com/subscriptions/850f02f7-e14c-4fb7-905d-7b98bcae9c7f/providers/Microsoft.Network/locations/eastus2euap/operations/6912f7f7-6c69-43a0-8731-ed0140d81150?api-version=2019-09-01"
        ],
        "x-ms-correlation-request-id": [
          "79b02cc2-b435-4000-a736-01d9d90c6bb8"
        ],
        "Azure-AsyncNotification": [
          "Enabled"
        ],
        "x-ms-arm-service-request-id": [
          "30ce7f6c-172a-462f-bfcc-537ea7b7e60d"
        ],
        "Strict-Transport-Security": [
          "max-age=31536000; includeSubDomains"
        ],
        "Server": [
          "Microsoft-HTTPAPI/2.0",
          "Microsoft-HTTPAPI/2.0"
        ],
        "x-ms-ratelimit-remaining-subscription-writes": [
          "1198"
        ],
        "x-ms-routing-request-id": [
          "WESTUS2:20221114T195153Z:79b02cc2-b435-4000-a736-01d9d90c6bb8"
        ],
        "X-Content-Type-Options": [
          "nosniff"
        ],
        "Date": [
          "Mon, 14 Nov 2022 19:51:53 GMT"
        ],
        "Content-Length": [
          "732"
        ],
        "Content-Type": [
          "application/json; charset=utf-8"
        ],
        "Expires": [
          "-1"
        ]
      },
      "ResponseBody": "{\r\n  \"name\": \"cspip4634\",\r\n  \"id\": \"/subscriptions/850f02f7-e14c-4fb7-905d-7b98bcae9c7f/resourceGroups/crptestar8119/providers/Microsoft.Network/publicIPAddresses/cspip4634\",\r\n  \"etag\": \"W/\\\"42546ecd-365b-4983-b7d3-9f6594dadae2\\\"\",\r\n  \"location\": \"eastus2euap\",\r\n  \"properties\": {\r\n    \"provisioningState\": \"Updating\",\r\n    \"resourceGuid\": \"2e3090a7-dc70-411a-abd3-a20b593ab118\",\r\n    \"publicIPAddressVersion\": \"IPv4\",\r\n    \"publicIPAllocationMethod\": \"Dynamic\",\r\n    \"idleTimeoutInMinutes\": 4,\r\n    \"dnsSettings\": {\r\n      \"domainNameLabel\": \"dns1670\",\r\n      \"fqdn\": \"dns1670.eastus2euap.cloudapp.azure.com\"\r\n    },\r\n    \"ipTags\": []\r\n  },\r\n  \"type\": \"Microsoft.Network/publicIPAddresses\",\r\n  \"sku\": {\r\n    \"name\": \"Basic\"\r\n  }\r\n}",
      "StatusCode": 201
    },
    {
      "RequestUri": "/subscriptions/850f02f7-e14c-4fb7-905d-7b98bcae9c7f/providers/Microsoft.Network/locations/eastus2euap/operations/6912f7f7-6c69-43a0-8731-ed0140d81150?api-version=2019-09-01",
      "EncodedRequestUri": "L3N1YnNjcmlwdGlvbnMvODUwZjAyZjctZTE0Yy00ZmI3LTkwNWQtN2I5OGJjYWU5YzdmL3Byb3ZpZGVycy9NaWNyb3NvZnQuTmV0d29yay9sb2NhdGlvbnMvZWFzdHVzMmV1YXAvb3BlcmF0aW9ucy82OTEyZjdmNy02YzY5LTQzYTAtODczMS1lZDAxNDBkODExNTA/YXBpLXZlcnNpb249MjAxOS0wOS0wMQ==",
      "RequestMethod": "GET",
      "RequestBody": "",
      "RequestHeaders": {
        "User-Agent": [
          "FxVersion/4.700.22.51102",
          "OSName/Windows",
          "OSVersion/Microsoft.Windows.10.0.22621",
          "Microsoft.Azure.Management.Network.NetworkManagementClient/19.17.1.0"
        ]
      },
      "ResponseHeaders": {
        "Cache-Control": [
          "no-cache"
        ],
        "Pragma": [
          "no-cache"
        ],
        "Retry-After": [
          "2"
        ],
        "x-ms-request-id": [
          "33e07074-9e9c-4565-8e26-4791e12dc1e8"
        ],
        "x-ms-correlation-request-id": [
          "9bd9c799-4a46-4919-9ebd-dd2f32dcf03f"
        ],
        "x-ms-arm-service-request-id": [
          "c39e5d1f-f88c-4387-a70d-8aaafc282812"
        ],
        "Strict-Transport-Security": [
          "max-age=31536000; includeSubDomains"
        ],
        "Server": [
          "Microsoft-HTTPAPI/2.0",
          "Microsoft-HTTPAPI/2.0"
        ],
        "x-ms-ratelimit-remaining-subscription-reads": [
          "11997"
        ],
        "x-ms-routing-request-id": [
          "WESTUS2:20221114T195154Z:9bd9c799-4a46-4919-9ebd-dd2f32dcf03f"
        ],
        "X-Content-Type-Options": [
          "nosniff"
        ],
        "Date": [
          "Mon, 14 Nov 2022 19:51:54 GMT"
        ],
        "Content-Length": [
          "30"
        ],
        "Content-Type": [
          "application/json; charset=utf-8"
        ],
        "Expires": [
          "-1"
        ]
      },
      "ResponseBody": "{\r\n  \"status\": \"InProgress\"\r\n}",
      "StatusCode": 200
    },
    {
      "RequestUri": "/subscriptions/850f02f7-e14c-4fb7-905d-7b98bcae9c7f/providers/Microsoft.Network/locations/eastus2euap/operations/6912f7f7-6c69-43a0-8731-ed0140d81150?api-version=2019-09-01",
      "EncodedRequestUri": "L3N1YnNjcmlwdGlvbnMvODUwZjAyZjctZTE0Yy00ZmI3LTkwNWQtN2I5OGJjYWU5YzdmL3Byb3ZpZGVycy9NaWNyb3NvZnQuTmV0d29yay9sb2NhdGlvbnMvZWFzdHVzMmV1YXAvb3BlcmF0aW9ucy82OTEyZjdmNy02YzY5LTQzYTAtODczMS1lZDAxNDBkODExNTA/YXBpLXZlcnNpb249MjAxOS0wOS0wMQ==",
      "RequestMethod": "GET",
      "RequestBody": "",
      "RequestHeaders": {
        "User-Agent": [
          "FxVersion/4.700.22.51102",
          "OSName/Windows",
          "OSVersion/Microsoft.Windows.10.0.22621",
          "Microsoft.Azure.Management.Network.NetworkManagementClient/19.17.1.0"
        ]
      },
      "ResponseHeaders": {
        "Cache-Control": [
          "no-cache"
        ],
        "Pragma": [
          "no-cache"
        ],
        "x-ms-request-id": [
          "19ea58ce-b844-48ce-8267-c247447b63df"
        ],
        "x-ms-correlation-request-id": [
          "a346d237-ac00-4d11-8642-91747c36a150"
        ],
        "x-ms-arm-service-request-id": [
          "593ea232-8be3-4730-90df-3d23aa93a0e1"
        ],
        "Strict-Transport-Security": [
          "max-age=31536000; includeSubDomains"
        ],
        "Server": [
          "Microsoft-HTTPAPI/2.0",
          "Microsoft-HTTPAPI/2.0"
        ],
        "x-ms-ratelimit-remaining-subscription-reads": [
          "11996"
        ],
        "x-ms-routing-request-id": [
          "WESTUS2:20221114T195156Z:a346d237-ac00-4d11-8642-91747c36a150"
        ],
        "X-Content-Type-Options": [
          "nosniff"
        ],
        "Date": [
          "Mon, 14 Nov 2022 19:51:56 GMT"
        ],
        "Content-Length": [
          "29"
        ],
        "Content-Type": [
          "application/json; charset=utf-8"
        ],
        "Expires": [
          "-1"
        ]
      },
      "ResponseBody": "{\r\n  \"status\": \"Succeeded\"\r\n}",
      "StatusCode": 200
    },
    {
      "RequestUri": "/subscriptions/850f02f7-e14c-4fb7-905d-7b98bcae9c7f/resourceGroups/crptestar8119/providers/Microsoft.Network/publicIPAddresses/cspip4634?api-version=2019-09-01",
      "EncodedRequestUri": "L3N1YnNjcmlwdGlvbnMvODUwZjAyZjctZTE0Yy00ZmI3LTkwNWQtN2I5OGJjYWU5YzdmL3Jlc291cmNlR3JvdXBzL2NycHRlc3RhcjgxMTkvcHJvdmlkZXJzL01pY3Jvc29mdC5OZXR3b3JrL3B1YmxpY0lQQWRkcmVzc2VzL2NzcGlwNDYzND9hcGktdmVyc2lvbj0yMDE5LTA5LTAx",
      "RequestMethod": "GET",
      "RequestBody": "",
      "RequestHeaders": {
        "User-Agent": [
          "FxVersion/4.700.22.51102",
          "OSName/Windows",
          "OSVersion/Microsoft.Windows.10.0.22621",
          "Microsoft.Azure.Management.Network.NetworkManagementClient/19.17.1.0"
        ]
      },
      "ResponseHeaders": {
        "Cache-Control": [
          "no-cache"
        ],
        "Pragma": [
          "no-cache"
        ],
        "ETag": [
          "W/\"1eadfaef-92e1-4864-9c33-fbd05f8700c7\""
        ],
        "x-ms-request-id": [
          "c677723b-e652-4f99-8733-f144ee775bb8"
        ],
        "x-ms-correlation-request-id": [
          "ed7ecdb9-561c-44bf-9f0e-6524ccc79775"
        ],
        "x-ms-arm-service-request-id": [
          "9e6b8b54-1a0a-4b2b-8022-f9b2dde23396"
        ],
        "Strict-Transport-Security": [
          "max-age=31536000; includeSubDomains"
        ],
        "Server": [
          "Microsoft-HTTPAPI/2.0",
          "Microsoft-HTTPAPI/2.0"
        ],
        "x-ms-ratelimit-remaining-subscription-reads": [
          "11995"
        ],
        "x-ms-routing-request-id": [
          "WESTUS2:20221114T195156Z:ed7ecdb9-561c-44bf-9f0e-6524ccc79775"
        ],
        "X-Content-Type-Options": [
          "nosniff"
        ],
        "Date": [
          "Mon, 14 Nov 2022 19:51:56 GMT"
        ],
        "Content-Length": [
          "733"
        ],
        "Content-Type": [
          "application/json; charset=utf-8"
        ],
        "Expires": [
          "-1"
        ]
      },
      "ResponseBody": "{\r\n  \"name\": \"cspip4634\",\r\n  \"id\": \"/subscriptions/850f02f7-e14c-4fb7-905d-7b98bcae9c7f/resourceGroups/crptestar8119/providers/Microsoft.Network/publicIPAddresses/cspip4634\",\r\n  \"etag\": \"W/\\\"1eadfaef-92e1-4864-9c33-fbd05f8700c7\\\"\",\r\n  \"location\": \"eastus2euap\",\r\n  \"properties\": {\r\n    \"provisioningState\": \"Succeeded\",\r\n    \"resourceGuid\": \"2e3090a7-dc70-411a-abd3-a20b593ab118\",\r\n    \"publicIPAddressVersion\": \"IPv4\",\r\n    \"publicIPAllocationMethod\": \"Dynamic\",\r\n    \"idleTimeoutInMinutes\": 4,\r\n    \"dnsSettings\": {\r\n      \"domainNameLabel\": \"dns1670\",\r\n      \"fqdn\": \"dns1670.eastus2euap.cloudapp.azure.com\"\r\n    },\r\n    \"ipTags\": []\r\n  },\r\n  \"type\": \"Microsoft.Network/publicIPAddresses\",\r\n  \"sku\": {\r\n    \"name\": \"Basic\"\r\n  }\r\n}",
      "StatusCode": 200
    },
    {
      "RequestUri": "/subscriptions/850f02f7-e14c-4fb7-905d-7b98bcae9c7f/resourceGroups/crptestar8119/providers/Microsoft.Storage/storageAccounts/saforcspkg3165?api-version=2015-06-15",
      "EncodedRequestUri": "L3N1YnNjcmlwdGlvbnMvODUwZjAyZjctZTE0Yy00ZmI3LTkwNWQtN2I5OGJjYWU5YzdmL3Jlc291cmNlR3JvdXBzL2NycHRlc3RhcjgxMTkvcHJvdmlkZXJzL01pY3Jvc29mdC5TdG9yYWdlL3N0b3JhZ2VBY2NvdW50cy9zYWZvcmNzcGtnMzE2NT9hcGktdmVyc2lvbj0yMDE1LTA2LTE1",
      "RequestMethod": "PUT",
      "RequestBody": "{\r\n  \"location\": \"eastus2euap\",\r\n  \"properties\": {\r\n    \"accountType\": \"Standard_GRS\"\r\n  }\r\n}",
      "RequestHeaders": {
        "x-ms-client-request-id": [
          "662fccd7-8829-4995-a999-28a857767900"
        ],
        "Accept-Language": [
          "en-US"
        ],
        "User-Agent": [
          "FxVersion/4.700.22.51102",
          "OSName/Windows",
          "OSVersion/Microsoft.Windows.10.0.22621",
          "Microsoft.Azure.Management.Storage.StorageManagementClient/4.0.0.0"
        ],
        "Content-Type": [
          "application/json; charset=utf-8"
        ],
        "Content-Length": [
          "93"
        ]
      },
      "ResponseHeaders": {
        "Cache-Control": [
          "no-cache"
        ],
        "Pragma": [
          "no-cache"
        ],
        "Location": [
          "https://management.azure.com/subscriptions/850f02f7-e14c-4fb7-905d-7b98bcae9c7f/providers/Microsoft.Storage/locations/eastus2euap/asyncoperations/dcd82474-1985-452b-a667-8885fd3dff4d?monitor=true&api-version=2015-06-15"
        ],
        "Retry-After": [
          "17"
        ],
        "x-ms-request-id": [
          "dcd82474-1985-452b-a667-8885fd3dff4d"
        ],
        "Strict-Transport-Security": [
          "max-age=31536000; includeSubDomains"
        ],
        "Server": [
          "Microsoft-Azure-Storage-Resource-Provider/1.0,Microsoft-HTTPAPI/2.0 Microsoft-HTTPAPI/2.0"
        ],
        "x-ms-ratelimit-remaining-subscription-writes": [
          "1199"
        ],
        "x-ms-correlation-request-id": [
          "dfa3c97f-d50a-4be1-9678-4f1ab8f19323"
        ],
        "x-ms-routing-request-id": [
          "WESTUS2:20221114T195203Z:dfa3c97f-d50a-4be1-9678-4f1ab8f19323"
        ],
        "X-Content-Type-Options": [
          "nosniff"
        ],
        "Date": [
          "Mon, 14 Nov 2022 19:52:02 GMT"
        ],
        "Content-Type": [
          "text/plain; charset=utf-8"
        ],
        "Expires": [
          "-1"
        ],
        "Content-Length": [
          "0"
        ]
      },
      "ResponseBody": "",
      "StatusCode": 202
    },
    {
      "RequestUri": "/subscriptions/850f02f7-e14c-4fb7-905d-7b98bcae9c7f/providers/Microsoft.Storage/locations/eastus2euap/asyncoperations/dcd82474-1985-452b-a667-8885fd3dff4d?monitor=true&api-version=2015-06-15",
      "EncodedRequestUri": "L3N1YnNjcmlwdGlvbnMvODUwZjAyZjctZTE0Yy00ZmI3LTkwNWQtN2I5OGJjYWU5YzdmL3Byb3ZpZGVycy9NaWNyb3NvZnQuU3RvcmFnZS9sb2NhdGlvbnMvZWFzdHVzMmV1YXAvYXN5bmNvcGVyYXRpb25zL2RjZDgyNDc0LTE5ODUtNDUyYi1hNjY3LTg4ODVmZDNkZmY0ZD9tb25pdG9yPXRydWUmYXBpLXZlcnNpb249MjAxNS0wNi0xNQ==",
      "RequestMethod": "GET",
      "RequestBody": "",
      "RequestHeaders": {
        "User-Agent": [
          "FxVersion/4.700.22.51102",
          "OSName/Windows",
          "OSVersion/Microsoft.Windows.10.0.22621",
          "Microsoft.Azure.Management.Storage.StorageManagementClient/4.0.0.0"
        ]
      },
      "ResponseHeaders": {
        "Cache-Control": [
          "no-cache"
        ],
        "Pragma": [
          "no-cache"
        ],
        "x-ms-request-id": [
          "05126a0a-636f-4c56-96e3-4d1845feea66"
        ],
        "Strict-Transport-Security": [
          "max-age=31536000; includeSubDomains"
        ],
        "Server": [
          "Microsoft-Azure-Storage-Resource-Provider/1.0,Microsoft-HTTPAPI/2.0 Microsoft-HTTPAPI/2.0"
        ],
        "x-ms-ratelimit-remaining-subscription-reads": [
          "11999"
        ],
        "x-ms-correlation-request-id": [
          "0e61f85b-0d26-4d53-b56b-31ad59a33f54"
        ],
        "x-ms-routing-request-id": [
          "WESTUS2:20221114T195220Z:0e61f85b-0d26-4d53-b56b-31ad59a33f54"
        ],
        "X-Content-Type-Options": [
          "nosniff"
        ],
        "Date": [
          "Mon, 14 Nov 2022 19:52:20 GMT"
        ],
        "Content-Length": [
          "93"
        ],
        "Content-Type": [
          "application/json"
        ],
        "Expires": [
          "-1"
        ]
      },
      "ResponseBody": "{\r\n  \"location\": \"eastus2euap\",\r\n  \"properties\": {\r\n    \"accountType\": \"Standard_GRS\"\r\n  }\r\n}",
      "StatusCode": 200
    },
    {
      "RequestUri": "/subscriptions/850f02f7-e14c-4fb7-905d-7b98bcae9c7f/resourceGroups/crptestar8119/providers/Microsoft.Storage/storageAccounts?api-version=2015-06-15",
      "EncodedRequestUri": "L3N1YnNjcmlwdGlvbnMvODUwZjAyZjctZTE0Yy00ZmI3LTkwNWQtN2I5OGJjYWU5YzdmL3Jlc291cmNlR3JvdXBzL2NycHRlc3RhcjgxMTkvcHJvdmlkZXJzL01pY3Jvc29mdC5TdG9yYWdlL3N0b3JhZ2VBY2NvdW50cz9hcGktdmVyc2lvbj0yMDE1LTA2LTE1",
      "RequestMethod": "GET",
      "RequestBody": "",
      "RequestHeaders": {
        "x-ms-client-request-id": [
          "0e198b9f-a5ec-40fa-8db8-b62e9743d0a9"
        ],
        "Accept-Language": [
          "en-US"
        ],
        "User-Agent": [
          "FxVersion/4.700.22.51102",
          "OSName/Windows",
          "OSVersion/Microsoft.Windows.10.0.22621",
          "Microsoft.Azure.Management.Storage.StorageManagementClient/4.0.0.0"
        ]
      },
      "ResponseHeaders": {
        "Cache-Control": [
          "no-cache"
        ],
        "Pragma": [
          "no-cache"
        ],
        "x-ms-request-id": [
          "37f5e806-8ba5-4718-b5c4-6260c7ebe76c"
        ],
        "Strict-Transport-Security": [
          "max-age=31536000; includeSubDomains"
        ],
        "Server": [
          "Microsoft-Azure-Storage-Resource-Provider/1.0,Microsoft-HTTPAPI/2.0 Microsoft-HTTPAPI/2.0"
        ],
        "x-ms-ratelimit-remaining-subscription-reads": [
          "11998"
        ],
        "x-ms-correlation-request-id": [
          "c26023f1-882f-44e7-b51b-be7c1f6454ff"
        ],
        "x-ms-routing-request-id": [
          "WESTUS2:20221114T195231Z:c26023f1-882f-44e7-b51b-be7c1f6454ff"
        ],
        "X-Content-Type-Options": [
          "nosniff"
        ],
        "Date": [
          "Mon, 14 Nov 2022 19:52:31 GMT"
        ],
        "Content-Length": [
          "759"
        ],
        "Content-Type": [
          "application/json"
        ],
        "Expires": [
          "-1"
        ]
      },
      "ResponseBody": "{\r\n  \"value\": [\r\n    {\r\n      \"id\": \"/subscriptions/850f02f7-e14c-4fb7-905d-7b98bcae9c7f/resourceGroups/crptestar8119/providers/Microsoft.Storage/storageAccounts/saforcspkg3165\",\r\n      \"name\": \"saforcspkg3165\",\r\n      \"type\": \"Microsoft.Storage/storageAccounts\",\r\n      \"location\": \"eastus2euap\",\r\n      \"tags\": {},\r\n      \"properties\": {\r\n        \"accountType\": \"Standard_GRS\",\r\n        \"provisioningState\": \"Succeeded\",\r\n        \"creationTime\": \"2022-11-14T19:52:00.2277292Z\",\r\n        \"primaryEndpoints\": {\r\n          \"blob\": \"https://saforcspkg3165.blob.core.windows.net/\",\r\n          \"queue\": \"https://saforcspkg3165.queue.core.windows.net/\",\r\n          \"table\": \"https://saforcspkg3165.table.core.windows.net/\",\r\n          \"file\": \"https://saforcspkg3165.file.core.windows.net/\"\r\n        },\r\n        \"primaryLocation\": \"eastus2euap\",\r\n        \"statusOfPrimary\": \"available\",\r\n        \"secondaryLocation\": \"centraluseuap\",\r\n        \"statusOfSecondary\": \"available\"\r\n      }\r\n    }\r\n  ]\r\n}",
      "StatusCode": 200
    },
    {
      "RequestUri": "/subscriptions/850f02f7-e14c-4fb7-905d-7b98bcae9c7f/resourceGroups/crptestar8119/providers/Microsoft.Storage/storageAccounts/saforcspkg3165?api-version=2015-06-15",
      "EncodedRequestUri": "L3N1YnNjcmlwdGlvbnMvODUwZjAyZjctZTE0Yy00ZmI3LTkwNWQtN2I5OGJjYWU5YzdmL3Jlc291cmNlR3JvdXBzL2NycHRlc3RhcjgxMTkvcHJvdmlkZXJzL01pY3Jvc29mdC5TdG9yYWdlL3N0b3JhZ2VBY2NvdW50cy9zYWZvcmNzcGtnMzE2NT9hcGktdmVyc2lvbj0yMDE1LTA2LTE1",
      "RequestMethod": "GET",
      "RequestBody": "",
      "RequestHeaders": {
        "x-ms-client-request-id": [
          "caac145b-b44e-4490-8487-c35d42d24446"
        ],
        "Accept-Language": [
          "en-US"
        ],
        "User-Agent": [
          "FxVersion/4.700.22.51102",
          "OSName/Windows",
          "OSVersion/Microsoft.Windows.10.0.22621",
          "Microsoft.Azure.Management.Storage.StorageManagementClient/4.0.0.0"
        ]
      },
      "ResponseHeaders": {
        "Cache-Control": [
          "no-cache"
        ],
        "Pragma": [
          "no-cache"
        ],
        "x-ms-request-id": [
          "610de24b-d0fd-4586-9048-72063d9aaeca"
        ],
        "Strict-Transport-Security": [
          "max-age=31536000; includeSubDomains"
        ],
        "Server": [
          "Microsoft-Azure-Storage-Resource-Provider/1.0,Microsoft-HTTPAPI/2.0 Microsoft-HTTPAPI/2.0"
        ],
        "x-ms-ratelimit-remaining-subscription-reads": [
          "11997"
        ],
        "x-ms-correlation-request-id": [
          "03723dc2-546f-46af-849b-2c62b4e0e049"
        ],
        "x-ms-routing-request-id": [
          "WESTUS2:20221114T195231Z:03723dc2-546f-46af-849b-2c62b4e0e049"
        ],
        "X-Content-Type-Options": [
          "nosniff"
        ],
        "Date": [
          "Mon, 14 Nov 2022 19:52:31 GMT"
        ],
        "Content-Length": [
          "747"
        ],
        "Content-Type": [
          "application/json"
        ],
        "Expires": [
          "-1"
        ]
      },
      "ResponseBody": "{\r\n  \"id\": \"/subscriptions/850f02f7-e14c-4fb7-905d-7b98bcae9c7f/resourceGroups/crptestar8119/providers/Microsoft.Storage/storageAccounts/saforcspkg3165\",\r\n  \"name\": \"saforcspkg3165\",\r\n  \"type\": \"Microsoft.Storage/storageAccounts\",\r\n  \"location\": \"eastus2euap\",\r\n  \"tags\": {},\r\n  \"properties\": {\r\n    \"accountType\": \"Standard_GRS\",\r\n    \"provisioningState\": \"Succeeded\",\r\n    \"creationTime\": \"2022-11-14T19:52:00.2277292Z\",\r\n    \"primaryEndpoints\": {\r\n      \"blob\": \"https://saforcspkg3165.blob.core.windows.net/\",\r\n      \"queue\": \"https://saforcspkg3165.queue.core.windows.net/\",\r\n      \"table\": \"https://saforcspkg3165.table.core.windows.net/\",\r\n      \"file\": \"https://saforcspkg3165.file.core.windows.net/\"\r\n    },\r\n    \"primaryLocation\": \"eastus2euap\",\r\n    \"statusOfPrimary\": \"available\",\r\n    \"secondaryLocation\": \"centraluseuap\",\r\n    \"statusOfSecondary\": \"available\"\r\n  }\r\n}",
      "StatusCode": 200
    },
    {
      "RequestUri": "/subscriptions/850f02f7-e14c-4fb7-905d-7b98bcae9c7f/resourceGroups/crptestar8119/providers/Microsoft.Storage/storageAccounts/saforcspkg3165/listKeys?api-version=2015-06-15",
      "EncodedRequestUri": "L3N1YnNjcmlwdGlvbnMvODUwZjAyZjctZTE0Yy00ZmI3LTkwNWQtN2I5OGJjYWU5YzdmL3Jlc291cmNlR3JvdXBzL2NycHRlc3RhcjgxMTkvcHJvdmlkZXJzL01pY3Jvc29mdC5TdG9yYWdlL3N0b3JhZ2VBY2NvdW50cy9zYWZvcmNzcGtnMzE2NS9saXN0S2V5cz9hcGktdmVyc2lvbj0yMDE1LTA2LTE1",
      "RequestMethod": "POST",
      "RequestBody": "",
      "RequestHeaders": {
        "x-ms-client-request-id": [
          "93949a0d-bde5-4cc5-ae2a-795a1e0c3012"
        ],
        "Accept-Language": [
          "en-US"
        ],
        "User-Agent": [
          "FxVersion/4.700.22.51102",
          "OSName/Windows",
          "OSVersion/Microsoft.Windows.10.0.22621",
          "Microsoft.Azure.Management.Storage.StorageManagementClient/4.0.0.0"
        ]
      },
      "ResponseHeaders": {
        "Cache-Control": [
          "no-cache"
        ],
        "Pragma": [
          "no-cache"
        ],
        "x-ms-request-id": [
          "9d356f93-c232-4f18-bdcb-e286377a73e3"
        ],
        "Strict-Transport-Security": [
          "max-age=31536000; includeSubDomains"
        ],
        "Server": [
          "Microsoft-Azure-Storage-Resource-Provider/1.0,Microsoft-HTTPAPI/2.0 Microsoft-HTTPAPI/2.0"
        ],
        "x-ms-ratelimit-remaining-subscription-resource-requests": [
          "11999"
        ],
        "x-ms-correlation-request-id": [
          "1d2cd3fb-655e-4491-a443-f88c5d15e249"
        ],
        "x-ms-routing-request-id": [
          "WESTUS2:20221114T195231Z:1d2cd3fb-655e-4491-a443-f88c5d15e249"
        ],
        "X-Content-Type-Options": [
          "nosniff"
        ],
        "Date": [
          "Mon, 14 Nov 2022 19:52:31 GMT"
        ],
        "Content-Length": [
          "197"
        ],
        "Content-Type": [
          "application/json"
        ],
        "Expires": [
          "-1"
        ]
      },
      "ResponseBody": "{\r\n  \"key1\": \"Sanitized\",\r\n  \"key2\": \"Sanitized\"\r\n}",
      "StatusCode": 200
    },
    {
      "RequestUri": "/subscriptions/850f02f7-e14c-4fb7-905d-7b98bcae9c7f/resourceGroups/crptestar8119/providers/Microsoft.Compute/cloudServices/cs9341?api-version=2022-09-04",
      "EncodedRequestUri": "L3N1YnNjcmlwdGlvbnMvODUwZjAyZjctZTE0Yy00ZmI3LTkwNWQtN2I5OGJjYWU5YzdmL3Jlc291cmNlR3JvdXBzL2NycHRlc3RhcjgxMTkvcHJvdmlkZXJzL01pY3Jvc29mdC5Db21wdXRlL2Nsb3VkU2VydmljZXMvY3M5MzQxP2FwaS12ZXJzaW9uPTIwMjItMDktMDQ=",
      "RequestMethod": "PUT",
      "RequestBody": "{\r\n  \"location\": \"eastus2euap\",\r\n  \"properties\": {\r\n    \"packageUrl\": \"https://saforcspkg3165.blob.core.windows.net/sascontainer/HelloWorldTest_WebRole_D2_V2.cspkg?sv=2017-04-17&sr=b&sig=Sanitized\",\r\n    \"configuration\": \"<?xml version=\\\"1.0\\\" encoding=\\\"utf-16\\\"?>\\r\\n<ServiceConfiguration xmlns:xsi=\\\"http://www.w3.org/2001/XMLSchema-instance\\\" xmlns:xsd=\\\"http://www.w3.org/2001/XMLSchema\\\" serviceName=\\\"HelloWorldTest_WebRole\\\" osFamily=\\\"5\\\" osVersion=\\\"*\\\" schemaVersion=\\\"2015-04.2.6\\\" xmlns=\\\"http://schemas.microsoft.com/ServiceHosting/2008/10/ServiceConfiguration\\\">\\r\\n  <Role name=\\\"HelloWorldTest1\\\">\\r\\n    <Instances count=\\\"2\\\" />\\r\\n    <ConfigurationSettings>\\r\\n      <Setting name=\\\"Microsoft.WindowsAzure.Plugins.Diagnostics.ConnectionString\\\" value=\\\"UseDevelopmentStorage=true\\\" />\\r\\n    </ConfigurationSettings>\\r\\n  </Role>\\r\\n  <NetworkConfiguration>\\r\\n    <VirtualNetworkSite name=\\\"csvnet5962\\\" />\\r\\n    <AddressAssignments>\\r\\n      <InstanceAddress roleName=\\\"HelloWorldTest1\\\">\\r\\n        <Subnets>\\r\\n          <Subnet name=\\\"subnet2611\\\" />\\r\\n        </Subnets>\\r\\n      </InstanceAddress>\\r\\n    </AddressAssignments>\\r\\n  </NetworkConfiguration>\\r\\n</ServiceConfiguration>\",\r\n    \"roleProfile\": {\r\n      \"roles\": [\r\n        {\r\n          \"name\": \"HelloWorldTest1\",\r\n          \"sku\": {\r\n            \"name\": \"Standard_D2_v2\",\r\n            \"tier\": \"Standard\",\r\n            \"capacity\": 2\r\n          }\r\n        }\r\n      ]\r\n    },\r\n    \"networkProfile\": {\r\n      \"loadBalancerConfigurations\": [\r\n        {\r\n          \"name\": \"lb5489\",\r\n          \"properties\": {\r\n            \"frontendIpConfigurations\": [\r\n              {\r\n                \"name\": \"lbfe6549\",\r\n                \"properties\": {\r\n                  \"publicIPAddress\": {\r\n                    \"id\": \"/subscriptions/850f02f7-e14c-4fb7-905d-7b98bcae9c7f/resourceGroups/crptestar8119/providers/Microsoft.Network/publicIPAddresses/cspip4634\"\r\n                  }\r\n                }\r\n              }\r\n            ]\r\n          }\r\n        }\r\n      ]\r\n    }\r\n  }\r\n}",
      "RequestHeaders": {
        "x-ms-client-request-id": [
          "35768964-2255-44eb-ab60-152d476c4dd9"
        ],
        "Accept-Language": [
          "en-US"
        ],
        "User-Agent": [
          "FxVersion/4.700.22.51102",
          "OSName/Windows",
          "OSVersion/Microsoft.Windows.10.0.22621",
          "Microsoft.Azure.Management.Compute.ComputeManagementClient/59.0.0"
        ],
        "Content-Type": [
          "application/json; charset=utf-8"
        ],
        "Content-Length": [
          "2157"
        ]
      },
      "ResponseHeaders": {
        "Cache-Control": [
          "no-cache"
        ],
        "Pragma": [
          "no-cache"
        ],
        "Azure-AsyncOperation": [
          "https://management.azure.com/subscriptions/850f02f7-e14c-4fb7-905d-7b98bcae9c7f/providers/Microsoft.Compute/locations/eastus2euap/CsOperations/8f0fc3ee-2bfc-4c3f-82ec-1fbbb955d6b5?api-version=2022-09-04"
        ],
        "x-ms-async-operation-timeout": [
          "PT8H20M"
        ],
        "x-ms-ratelimit-remaining-resource": [
          "Microsoft.Compute/CreateUpdateDeleteCloudServiceOperations30Min;290,Microsoft.Compute/CreateUpdateDeleteCloudServiceOperations30Min;290"
        ],
        "Strict-Transport-Security": [
          "max-age=31536000; includeSubDomains"
        ],
        "x-ms-request-id": [
          "8f0fc3ee-2bfc-4c3f-82ec-1fbbb955d6b5"
        ],
        "Server": [
          "Microsoft-HTTPAPI/2.0,Microsoft-HTTPAPI/2.0 Microsoft-HTTPAPI/2.0 Microsoft-HTTPAPI/2.0"
        ],
        "x-ms-ratelimit-remaining-subscription-writes": [
          "1199"
        ],
        "x-ms-correlation-request-id": [
          "436e3e53-be53-4f98-8d88-d89d8fae9b75"
        ],
        "x-ms-routing-request-id": [
          "WESTUS2:20221114T195246Z:436e3e53-be53-4f98-8d88-d89d8fae9b75"
        ],
        "X-Content-Type-Options": [
          "nosniff"
        ],
        "Date": [
          "Mon, 14 Nov 2022 19:52:46 GMT"
        ],
        "Content-Length": [
          "2746"
        ],
        "Content-Type": [
          "application/json; charset=utf-8"
        ],
        "Expires": [
          "-1"
        ]
      },
      "ResponseBody": "{\r\n  \"name\": \"cs9341\",\r\n  \"id\": \"/subscriptions/850f02f7-e14c-4fb7-905d-7b98bcae9c7f/resourceGroups/CRPTESTAR8119/providers/Microsoft.Compute/cloudServices/cs9341\",\r\n  \"type\": \"Microsoft.Compute/cloudServices\",\r\n  \"location\": \"eastus2euap\",\r\n  \"properties\": {\r\n    \"configuration\": \"<?xml version=\\\"1.0\\\" encoding=\\\"utf-16\\\"?>\\r\\n<ServiceConfiguration xmlns:xsi=\\\"http://www.w3.org/2001/XMLSchema-instance\\\" xmlns:xsd=\\\"http://www.w3.org/2001/XMLSchema\\\" serviceName=\\\"HelloWorldTest_WebRole\\\" osFamily=\\\"5\\\" osVersion=\\\"*\\\" schemaVersion=\\\"2015-04.2.6\\\" xmlns=\\\"http://schemas.microsoft.com/ServiceHosting/2008/10/ServiceConfiguration\\\">\\r\\n  <Role name=\\\"HelloWorldTest1\\\">\\r\\n    <Instances count=\\\"2\\\" />\\r\\n    <ConfigurationSettings>\\r\\n      <Setting name=\\\"Microsoft.WindowsAzure.Plugins.Diagnostics.ConnectionString\\\" value=\\\"UseDevelopmentStorage=true\\\" />\\r\\n    </ConfigurationSettings>\\r\\n  </Role>\\r\\n  <NetworkConfiguration>\\r\\n    <VirtualNetworkSite name=\\\"csvnet5962\\\" />\\r\\n    <AddressAssignments>\\r\\n      <InstanceAddress roleName=\\\"HelloWorldTest1\\\">\\r\\n        <Subnets>\\r\\n          <Subnet name=\\\"subnet2611\\\" />\\r\\n        </Subnets>\\r\\n      </InstanceAddress>\\r\\n    </AddressAssignments>\\r\\n  </NetworkConfiguration>\\r\\n</ServiceConfiguration>\",\r\n    \"upgradeMode\": \"Auto\",\r\n    \"roleProfile\": {\r\n      \"roles\": [\r\n        {\r\n          \"name\": \"HelloWorldTest1\",\r\n          \"sku\": {\r\n            \"name\": \"Standard_D2_v2\",\r\n            \"tier\": \"Standard\",\r\n            \"capacity\": 2\r\n          }\r\n        }\r\n      ]\r\n    },\r\n    \"osProfile\": {\r\n      \"secrets\": []\r\n    },\r\n    \"networkProfile\": {\r\n      \"slotType\": \"Production\",\r\n      \"loadBalancerConfigurations\": [\r\n        {\r\n          \"name\": \"lb5489\",\r\n          \"properties\": {\r\n            \"frontendIpConfigurations\": [\r\n              {\r\n                \"name\": \"lbfe6549\",\r\n                \"properties\": {\r\n                  \"publicIPAddress\": {\r\n                    \"id\": \"/subscriptions/850f02f7-e14c-4fb7-905d-7b98bcae9c7f/resourceGroups/crptestar8119/providers/Microsoft.Network/publicIPAddresses/cspip4634\"\r\n                  }\r\n                }\r\n              }\r\n            ]\r\n          }\r\n        }\r\n      ]\r\n    },\r\n    \"extensionProfile\": {\r\n      \"extensions\": [\r\n        {\r\n          \"name\": \"Microsoft.Azure.Geneva.GenevaMonitoringPaaS\",\r\n          \"properties\": {\r\n            \"autoUpgradeMinorVersion\": true,\r\n            \"provisioningState\": \"Creating\",\r\n            \"enableAutomaticUpgrade\": true,\r\n            \"rolesAppliedTo\": [\r\n              \"*\"\r\n            ],\r\n            \"publisher\": \"Microsoft.Azure.Geneva\",\r\n            \"type\": \"GenevaMonitoringPaaS\",\r\n            \"typeHandlerVersion\": \"2.37.0.3\",\r\n            \"settings\": {}\r\n          }\r\n        }\r\n      ]\r\n    },\r\n    \"provisioningState\": \"Creating\",\r\n    \"uniqueId\": \"00098618-7df0-498e-9a20-6ee7a542ce08\"\r\n  },\r\n  \"systemData\": {\r\n    \"createdAt\": \"2022-11-14T19:52:45.9345294Z\",\r\n    \"lastModifiedAt\": \"2022-11-14T19:52:45.9345294Z\"\r\n  }\r\n}",
      "StatusCode": 201
    },
    {
      "RequestUri": "/subscriptions/850f02f7-e14c-4fb7-905d-7b98bcae9c7f/providers/Microsoft.Compute/locations/eastus2euap/CsOperations/8f0fc3ee-2bfc-4c3f-82ec-1fbbb955d6b5?api-version=2022-09-04",
      "EncodedRequestUri": "L3N1YnNjcmlwdGlvbnMvODUwZjAyZjctZTE0Yy00ZmI3LTkwNWQtN2I5OGJjYWU5YzdmL3Byb3ZpZGVycy9NaWNyb3NvZnQuQ29tcHV0ZS9sb2NhdGlvbnMvZWFzdHVzMmV1YXAvQ3NPcGVyYXRpb25zLzhmMGZjM2VlLTJiZmMtNGMzZi04MmVjLTFmYmJiOTU1ZDZiNT9hcGktdmVyc2lvbj0yMDIyLTA5LTA0",
      "RequestMethod": "GET",
      "RequestBody": "",
      "RequestHeaders": {
        "User-Agent": [
          "FxVersion/4.700.22.51102",
          "OSName/Windows",
          "OSVersion/Microsoft.Windows.10.0.22621",
          "Microsoft.Azure.Management.Compute.ComputeManagementClient/59.0.0"
        ]
      },
      "ResponseHeaders": {
        "Cache-Control": [
          "no-cache"
        ],
        "Pragma": [
          "no-cache"
        ],
        "Strict-Transport-Security": [
          "max-age=31536000; includeSubDomains"
        ],
        "x-ms-served-by": [
          "1458b69a-160b-4728-85b0-1fcd050989ae_133101163193071207"
        ],
        "x-ms-request-id": [
          "4a9f2f44-f57e-4547-b60a-5419ee0fde03"
        ],
        "Server": [
          "Microsoft-HTTPAPI/2.0",
          "Microsoft-HTTPAPI/2.0"
        ],
        "x-ms-ratelimit-remaining-subscription-reads": [
          "11999"
        ],
        "x-ms-correlation-request-id": [
          "228240ae-c5f3-4203-9001-f6a6ef3790a9"
        ],
        "x-ms-routing-request-id": [
          "WESTUS2:20221114T195327Z:228240ae-c5f3-4203-9001-f6a6ef3790a9"
        ],
        "X-Content-Type-Options": [
          "nosniff"
        ],
        "Date": [
          "Mon, 14 Nov 2022 19:53:26 GMT"
        ],
        "Content-Length": [
          "134"
        ],
        "Content-Type": [
          "application/json; charset=utf-8"
        ],
        "Expires": [
          "-1"
        ]
      },
      "ResponseBody": "{\r\n  \"startTime\": \"2022-11-14T11:52:45.9345294-08:00\",\r\n  \"status\": \"InProgress\",\r\n  \"name\": \"8f0fc3ee-2bfc-4c3f-82ec-1fbbb955d6b5\"\r\n}",
      "StatusCode": 200
    },
    {
      "RequestUri": "/subscriptions/850f02f7-e14c-4fb7-905d-7b98bcae9c7f/providers/Microsoft.Compute/locations/eastus2euap/CsOperations/8f0fc3ee-2bfc-4c3f-82ec-1fbbb955d6b5?api-version=2022-09-04",
      "EncodedRequestUri": "L3N1YnNjcmlwdGlvbnMvODUwZjAyZjctZTE0Yy00ZmI3LTkwNWQtN2I5OGJjYWU5YzdmL3Byb3ZpZGVycy9NaWNyb3NvZnQuQ29tcHV0ZS9sb2NhdGlvbnMvZWFzdHVzMmV1YXAvQ3NPcGVyYXRpb25zLzhmMGZjM2VlLTJiZmMtNGMzZi04MmVjLTFmYmJiOTU1ZDZiNT9hcGktdmVyc2lvbj0yMDIyLTA5LTA0",
      "RequestMethod": "GET",
      "RequestBody": "",
      "RequestHeaders": {
        "User-Agent": [
          "FxVersion/4.700.22.51102",
          "OSName/Windows",
          "OSVersion/Microsoft.Windows.10.0.22621",
          "Microsoft.Azure.Management.Compute.ComputeManagementClient/59.0.0"
        ]
      },
      "ResponseHeaders": {
        "Cache-Control": [
          "no-cache"
        ],
        "Pragma": [
          "no-cache"
        ],
        "Strict-Transport-Security": [
          "max-age=31536000; includeSubDomains"
        ],
        "x-ms-served-by": [
          "1458b69a-160b-4728-85b0-1fcd050989ae_133101163193071207"
        ],
        "x-ms-request-id": [
          "cce787d8-d790-439d-969f-fe8008afa554"
        ],
        "Server": [
          "Microsoft-HTTPAPI/2.0",
          "Microsoft-HTTPAPI/2.0"
        ],
        "x-ms-ratelimit-remaining-subscription-reads": [
          "11998"
        ],
        "x-ms-correlation-request-id": [
          "39dda4dc-6420-4dbb-a838-25cb141f4ec2"
        ],
        "x-ms-routing-request-id": [
          "WESTUS2:20221114T195357Z:39dda4dc-6420-4dbb-a838-25cb141f4ec2"
        ],
        "X-Content-Type-Options": [
          "nosniff"
        ],
        "Date": [
          "Mon, 14 Nov 2022 19:53:56 GMT"
        ],
        "Content-Length": [
          "134"
        ],
        "Content-Type": [
          "application/json; charset=utf-8"
        ],
        "Expires": [
          "-1"
        ]
      },
      "ResponseBody": "{\r\n  \"startTime\": \"2022-11-14T11:52:45.9345294-08:00\",\r\n  \"status\": \"InProgress\",\r\n  \"name\": \"8f0fc3ee-2bfc-4c3f-82ec-1fbbb955d6b5\"\r\n}",
      "StatusCode": 200
    },
    {
      "RequestUri": "/subscriptions/850f02f7-e14c-4fb7-905d-7b98bcae9c7f/providers/Microsoft.Compute/locations/eastus2euap/CsOperations/8f0fc3ee-2bfc-4c3f-82ec-1fbbb955d6b5?api-version=2022-09-04",
      "EncodedRequestUri": "L3N1YnNjcmlwdGlvbnMvODUwZjAyZjctZTE0Yy00ZmI3LTkwNWQtN2I5OGJjYWU5YzdmL3Byb3ZpZGVycy9NaWNyb3NvZnQuQ29tcHV0ZS9sb2NhdGlvbnMvZWFzdHVzMmV1YXAvQ3NPcGVyYXRpb25zLzhmMGZjM2VlLTJiZmMtNGMzZi04MmVjLTFmYmJiOTU1ZDZiNT9hcGktdmVyc2lvbj0yMDIyLTA5LTA0",
      "RequestMethod": "GET",
      "RequestBody": "",
      "RequestHeaders": {
        "User-Agent": [
          "FxVersion/4.700.22.51102",
          "OSName/Windows",
          "OSVersion/Microsoft.Windows.10.0.22621",
          "Microsoft.Azure.Management.Compute.ComputeManagementClient/59.0.0"
        ]
      },
      "ResponseHeaders": {
        "Cache-Control": [
          "no-cache"
        ],
        "Pragma": [
          "no-cache"
        ],
        "Strict-Transport-Security": [
          "max-age=31536000; includeSubDomains"
        ],
        "x-ms-served-by": [
          "1458b69a-160b-4728-85b0-1fcd050989ae_133101163193071207"
        ],
        "x-ms-request-id": [
          "823e331e-1481-4920-a924-faa2ee4b738c"
        ],
        "Server": [
          "Microsoft-HTTPAPI/2.0",
          "Microsoft-HTTPAPI/2.0"
        ],
        "x-ms-ratelimit-remaining-subscription-reads": [
          "11997"
        ],
        "x-ms-correlation-request-id": [
          "ad4e017e-e7f3-4dc1-b7fc-889c07f578e1"
        ],
        "x-ms-routing-request-id": [
          "WESTUS2:20221114T195427Z:ad4e017e-e7f3-4dc1-b7fc-889c07f578e1"
        ],
        "X-Content-Type-Options": [
          "nosniff"
        ],
        "Date": [
          "Mon, 14 Nov 2022 19:54:26 GMT"
        ],
        "Content-Length": [
          "134"
        ],
        "Content-Type": [
          "application/json; charset=utf-8"
        ],
        "Expires": [
          "-1"
        ]
      },
      "ResponseBody": "{\r\n  \"startTime\": \"2022-11-14T11:52:45.9345294-08:00\",\r\n  \"status\": \"InProgress\",\r\n  \"name\": \"8f0fc3ee-2bfc-4c3f-82ec-1fbbb955d6b5\"\r\n}",
      "StatusCode": 200
    },
    {
      "RequestUri": "/subscriptions/850f02f7-e14c-4fb7-905d-7b98bcae9c7f/providers/Microsoft.Compute/locations/eastus2euap/CsOperations/8f0fc3ee-2bfc-4c3f-82ec-1fbbb955d6b5?api-version=2022-09-04",
      "EncodedRequestUri": "L3N1YnNjcmlwdGlvbnMvODUwZjAyZjctZTE0Yy00ZmI3LTkwNWQtN2I5OGJjYWU5YzdmL3Byb3ZpZGVycy9NaWNyb3NvZnQuQ29tcHV0ZS9sb2NhdGlvbnMvZWFzdHVzMmV1YXAvQ3NPcGVyYXRpb25zLzhmMGZjM2VlLTJiZmMtNGMzZi04MmVjLTFmYmJiOTU1ZDZiNT9hcGktdmVyc2lvbj0yMDIyLTA5LTA0",
      "RequestMethod": "GET",
      "RequestBody": "",
      "RequestHeaders": {
        "User-Agent": [
          "FxVersion/4.700.22.51102",
          "OSName/Windows",
          "OSVersion/Microsoft.Windows.10.0.22621",
          "Microsoft.Azure.Management.Compute.ComputeManagementClient/59.0.0"
        ]
      },
      "ResponseHeaders": {
        "Cache-Control": [
          "no-cache"
        ],
        "Pragma": [
          "no-cache"
        ],
        "Strict-Transport-Security": [
          "max-age=31536000; includeSubDomains"
        ],
        "x-ms-served-by": [
          "1458b69a-160b-4728-85b0-1fcd050989ae_133101163193071207"
        ],
        "x-ms-request-id": [
          "bb562ba5-135c-4b74-bbb8-327084f8693a"
        ],
        "Server": [
          "Microsoft-HTTPAPI/2.0",
          "Microsoft-HTTPAPI/2.0"
        ],
        "x-ms-ratelimit-remaining-subscription-reads": [
          "11996"
        ],
        "x-ms-correlation-request-id": [
          "43a238d8-975f-4141-bac3-0d9180c89c3b"
        ],
        "x-ms-routing-request-id": [
          "WESTUS2:20221114T195457Z:43a238d8-975f-4141-bac3-0d9180c89c3b"
        ],
        "X-Content-Type-Options": [
          "nosniff"
        ],
        "Date": [
          "Mon, 14 Nov 2022 19:54:56 GMT"
        ],
        "Content-Length": [
          "134"
        ],
        "Content-Type": [
          "application/json; charset=utf-8"
        ],
        "Expires": [
          "-1"
        ]
      },
      "ResponseBody": "{\r\n  \"startTime\": \"2022-11-14T11:52:45.9345294-08:00\",\r\n  \"status\": \"InProgress\",\r\n  \"name\": \"8f0fc3ee-2bfc-4c3f-82ec-1fbbb955d6b5\"\r\n}",
      "StatusCode": 200
    },
    {
      "RequestUri": "/subscriptions/850f02f7-e14c-4fb7-905d-7b98bcae9c7f/providers/Microsoft.Compute/locations/eastus2euap/CsOperations/8f0fc3ee-2bfc-4c3f-82ec-1fbbb955d6b5?api-version=2022-09-04",
      "EncodedRequestUri": "L3N1YnNjcmlwdGlvbnMvODUwZjAyZjctZTE0Yy00ZmI3LTkwNWQtN2I5OGJjYWU5YzdmL3Byb3ZpZGVycy9NaWNyb3NvZnQuQ29tcHV0ZS9sb2NhdGlvbnMvZWFzdHVzMmV1YXAvQ3NPcGVyYXRpb25zLzhmMGZjM2VlLTJiZmMtNGMzZi04MmVjLTFmYmJiOTU1ZDZiNT9hcGktdmVyc2lvbj0yMDIyLTA5LTA0",
      "RequestMethod": "GET",
      "RequestBody": "",
      "RequestHeaders": {
        "User-Agent": [
          "FxVersion/4.700.22.51102",
          "OSName/Windows",
          "OSVersion/Microsoft.Windows.10.0.22621",
          "Microsoft.Azure.Management.Compute.ComputeManagementClient/59.0.0"
        ]
      },
      "ResponseHeaders": {
        "Cache-Control": [
          "no-cache"
        ],
        "Pragma": [
          "no-cache"
        ],
        "Strict-Transport-Security": [
          "max-age=31536000; includeSubDomains"
        ],
        "x-ms-served-by": [
          "1458b69a-160b-4728-85b0-1fcd050989ae_133101163193071207"
        ],
        "x-ms-request-id": [
          "12ad26ee-c0ca-45ee-ba5e-e0e30f55da1b"
        ],
        "Server": [
          "Microsoft-HTTPAPI/2.0",
          "Microsoft-HTTPAPI/2.0"
        ],
        "x-ms-ratelimit-remaining-subscription-reads": [
          "11995"
        ],
        "x-ms-correlation-request-id": [
          "6af5b236-856b-437e-a09d-98c6bd0f404b"
        ],
        "x-ms-routing-request-id": [
          "WESTUS2:20221114T195527Z:6af5b236-856b-437e-a09d-98c6bd0f404b"
        ],
        "X-Content-Type-Options": [
          "nosniff"
        ],
        "Date": [
          "Mon, 14 Nov 2022 19:55:27 GMT"
        ],
        "Content-Length": [
          "134"
        ],
        "Content-Type": [
          "application/json; charset=utf-8"
        ],
        "Expires": [
          "-1"
        ]
      },
      "ResponseBody": "{\r\n  \"startTime\": \"2022-11-14T11:52:45.9345294-08:00\",\r\n  \"status\": \"InProgress\",\r\n  \"name\": \"8f0fc3ee-2bfc-4c3f-82ec-1fbbb955d6b5\"\r\n}",
      "StatusCode": 200
    },
    {
      "RequestUri": "/subscriptions/850f02f7-e14c-4fb7-905d-7b98bcae9c7f/providers/Microsoft.Compute/locations/eastus2euap/CsOperations/8f0fc3ee-2bfc-4c3f-82ec-1fbbb955d6b5?api-version=2022-09-04",
      "EncodedRequestUri": "L3N1YnNjcmlwdGlvbnMvODUwZjAyZjctZTE0Yy00ZmI3LTkwNWQtN2I5OGJjYWU5YzdmL3Byb3ZpZGVycy9NaWNyb3NvZnQuQ29tcHV0ZS9sb2NhdGlvbnMvZWFzdHVzMmV1YXAvQ3NPcGVyYXRpb25zLzhmMGZjM2VlLTJiZmMtNGMzZi04MmVjLTFmYmJiOTU1ZDZiNT9hcGktdmVyc2lvbj0yMDIyLTA5LTA0",
      "RequestMethod": "GET",
      "RequestBody": "",
      "RequestHeaders": {
        "User-Agent": [
          "FxVersion/4.700.22.51102",
          "OSName/Windows",
          "OSVersion/Microsoft.Windows.10.0.22621",
          "Microsoft.Azure.Management.Compute.ComputeManagementClient/59.0.0"
        ]
      },
      "ResponseHeaders": {
        "Cache-Control": [
          "no-cache"
        ],
        "Pragma": [
          "no-cache"
        ],
        "Strict-Transport-Security": [
          "max-age=31536000; includeSubDomains"
        ],
        "x-ms-served-by": [
          "1458b69a-160b-4728-85b0-1fcd050989ae_133101163193071207"
        ],
        "x-ms-request-id": [
          "aae7de73-4c41-474c-b7f9-64fed0fd983b"
        ],
        "Server": [
          "Microsoft-HTTPAPI/2.0",
          "Microsoft-HTTPAPI/2.0"
        ],
        "x-ms-ratelimit-remaining-subscription-reads": [
          "11994"
        ],
        "x-ms-correlation-request-id": [
          "0ae35006-54f1-4706-bd62-b0e65579abd6"
        ],
        "x-ms-routing-request-id": [
          "WESTUS2:20221114T195558Z:0ae35006-54f1-4706-bd62-b0e65579abd6"
        ],
        "X-Content-Type-Options": [
          "nosniff"
        ],
        "Date": [
          "Mon, 14 Nov 2022 19:55:57 GMT"
        ],
        "Content-Length": [
          "184"
        ],
        "Content-Type": [
          "application/json; charset=utf-8"
        ],
        "Expires": [
          "-1"
        ]
      },
      "ResponseBody": "{\r\n  \"startTime\": \"2022-11-14T11:52:45.9345294-08:00\",\r\n  \"endTime\": \"2022-11-14T11:55:57.1386772-08:00\",\r\n  \"status\": \"Succeeded\",\r\n  \"name\": \"8f0fc3ee-2bfc-4c3f-82ec-1fbbb955d6b5\"\r\n}",
      "StatusCode": 200
    },
    {
      "RequestUri": "/subscriptions/850f02f7-e14c-4fb7-905d-7b98bcae9c7f/resourceGroups/crptestar8119/providers/Microsoft.Compute/cloudServices/cs9341?api-version=2022-09-04",
      "EncodedRequestUri": "L3N1YnNjcmlwdGlvbnMvODUwZjAyZjctZTE0Yy00ZmI3LTkwNWQtN2I5OGJjYWU5YzdmL3Jlc291cmNlR3JvdXBzL2NycHRlc3RhcjgxMTkvcHJvdmlkZXJzL01pY3Jvc29mdC5Db21wdXRlL2Nsb3VkU2VydmljZXMvY3M5MzQxP2FwaS12ZXJzaW9uPTIwMjItMDktMDQ=",
      "RequestMethod": "GET",
      "RequestBody": "",
      "RequestHeaders": {
        "User-Agent": [
          "FxVersion/4.700.22.51102",
          "OSName/Windows",
          "OSVersion/Microsoft.Windows.10.0.22621",
          "Microsoft.Azure.Management.Compute.ComputeManagementClient/59.0.0"
        ]
      },
      "ResponseHeaders": {
        "Cache-Control": [
          "no-cache"
        ],
        "Pragma": [
          "no-cache"
        ],
        "x-ms-ratelimit-remaining-resource": [
          "Microsoft.Compute/GetCloudService3Min;997,Microsoft.Compute/GetCloudService30Min;4901,Microsoft.Compute/GetCloudService3Min;999,Microsoft.Compute/GetCloudService30Min;4957"
        ],
        "Strict-Transport-Security": [
          "max-age=31536000; includeSubDomains"
        ],
        "x-ms-request-id": [
          "1c4b72bc-0f5e-45b6-959d-51ff06465d5e"
        ],
        "Server": [
          "Microsoft-HTTPAPI/2.0,Microsoft-HTTPAPI/2.0 Microsoft-HTTPAPI/2.0 Microsoft-HTTPAPI/2.0"
        ],
        "x-ms-ratelimit-remaining-subscription-reads": [
          "11993"
        ],
        "x-ms-correlation-request-id": [
          "69c95f73-8b46-45c4-ac05-9065d383c04c"
        ],
        "x-ms-routing-request-id": [
          "WESTUS2:20221114T195558Z:69c95f73-8b46-45c4-ac05-9065d383c04c"
        ],
        "X-Content-Type-Options": [
          "nosniff"
        ],
        "Date": [
          "Mon, 14 Nov 2022 19:55:58 GMT"
        ],
        "Content-Length": [
          "2748"
        ],
        "Content-Type": [
          "application/json; charset=utf-8"
        ],
        "Expires": [
          "-1"
        ]
      },
      "ResponseBody": "{\r\n  \"name\": \"cs9341\",\r\n  \"id\": \"/subscriptions/850f02f7-e14c-4fb7-905d-7b98bcae9c7f/resourceGroups/CRPTESTAR8119/providers/Microsoft.Compute/cloudServices/cs9341\",\r\n  \"type\": \"Microsoft.Compute/cloudServices\",\r\n  \"location\": \"eastus2euap\",\r\n  \"properties\": {\r\n    \"configuration\": \"<?xml version=\\\"1.0\\\" encoding=\\\"utf-16\\\"?>\\r\\n<ServiceConfiguration xmlns:xsi=\\\"http://www.w3.org/2001/XMLSchema-instance\\\" xmlns:xsd=\\\"http://www.w3.org/2001/XMLSchema\\\" serviceName=\\\"HelloWorldTest_WebRole\\\" osFamily=\\\"5\\\" osVersion=\\\"*\\\" schemaVersion=\\\"2015-04.2.6\\\" xmlns=\\\"http://schemas.microsoft.com/ServiceHosting/2008/10/ServiceConfiguration\\\">\\r\\n  <Role name=\\\"HelloWorldTest1\\\">\\r\\n    <Instances count=\\\"2\\\" />\\r\\n    <ConfigurationSettings>\\r\\n      <Setting name=\\\"Microsoft.WindowsAzure.Plugins.Diagnostics.ConnectionString\\\" value=\\\"UseDevelopmentStorage=true\\\" />\\r\\n    </ConfigurationSettings>\\r\\n  </Role>\\r\\n  <NetworkConfiguration>\\r\\n    <VirtualNetworkSite name=\\\"csvnet5962\\\" />\\r\\n    <AddressAssignments>\\r\\n      <InstanceAddress roleName=\\\"HelloWorldTest1\\\">\\r\\n        <Subnets>\\r\\n          <Subnet name=\\\"subnet2611\\\" />\\r\\n        </Subnets>\\r\\n      </InstanceAddress>\\r\\n    </AddressAssignments>\\r\\n  </NetworkConfiguration>\\r\\n</ServiceConfiguration>\",\r\n    \"upgradeMode\": \"Auto\",\r\n    \"roleProfile\": {\r\n      \"roles\": [\r\n        {\r\n          \"name\": \"HelloWorldTest1\",\r\n          \"sku\": {\r\n            \"name\": \"Standard_D2_v2\",\r\n            \"tier\": \"Standard\",\r\n            \"capacity\": 2\r\n          }\r\n        }\r\n      ]\r\n    },\r\n    \"osProfile\": {\r\n      \"secrets\": []\r\n    },\r\n    \"networkProfile\": {\r\n      \"slotType\": \"Production\",\r\n      \"loadBalancerConfigurations\": [\r\n        {\r\n          \"name\": \"lb5489\",\r\n          \"properties\": {\r\n            \"frontendIpConfigurations\": [\r\n              {\r\n                \"name\": \"lbfe6549\",\r\n                \"properties\": {\r\n                  \"publicIPAddress\": {\r\n                    \"id\": \"/subscriptions/850f02f7-e14c-4fb7-905d-7b98bcae9c7f/resourceGroups/crptestar8119/providers/Microsoft.Network/publicIPAddresses/cspip4634\"\r\n                  }\r\n                }\r\n              }\r\n            ]\r\n          }\r\n        }\r\n      ]\r\n    },\r\n    \"extensionProfile\": {\r\n      \"extensions\": [\r\n        {\r\n          \"name\": \"Microsoft.Azure.Geneva.GenevaMonitoringPaaS\",\r\n          \"properties\": {\r\n            \"autoUpgradeMinorVersion\": true,\r\n            \"provisioningState\": \"Succeeded\",\r\n            \"enableAutomaticUpgrade\": true,\r\n            \"rolesAppliedTo\": [\r\n              \"*\"\r\n            ],\r\n            \"publisher\": \"Microsoft.Azure.Geneva\",\r\n            \"type\": \"GenevaMonitoringPaaS\",\r\n            \"typeHandlerVersion\": \"2.37.0.3\",\r\n            \"settings\": {}\r\n          }\r\n        }\r\n      ]\r\n    },\r\n    \"provisioningState\": \"Succeeded\",\r\n    \"uniqueId\": \"00098618-7df0-498e-9a20-6ee7a542ce08\"\r\n  },\r\n  \"systemData\": {\r\n    \"createdAt\": \"2022-11-14T19:52:45.9345294Z\",\r\n    \"lastModifiedAt\": \"2022-11-14T19:52:45.9345294Z\"\r\n  }\r\n}",
      "StatusCode": 200
    },
    {
      "RequestUri": "/subscriptions/850f02f7-e14c-4fb7-905d-7b98bcae9c7f/resourceGroups/crptestar8119/providers/Microsoft.Compute/cloudServices/cs9341?api-version=2022-09-04",
      "EncodedRequestUri": "L3N1YnNjcmlwdGlvbnMvODUwZjAyZjctZTE0Yy00ZmI3LTkwNWQtN2I5OGJjYWU5YzdmL3Jlc291cmNlR3JvdXBzL2NycHRlc3RhcjgxMTkvcHJvdmlkZXJzL01pY3Jvc29mdC5Db21wdXRlL2Nsb3VkU2VydmljZXMvY3M5MzQxP2FwaS12ZXJzaW9uPTIwMjItMDktMDQ=",
      "RequestMethod": "GET",
      "RequestBody": "",
      "RequestHeaders": {
        "x-ms-client-request-id": [
          "2a7aaeb4-f4b1-4773-81da-33a28e41de53"
        ],
        "Accept-Language": [
          "en-US"
        ],
        "User-Agent": [
          "FxVersion/4.700.22.51102",
          "OSName/Windows",
          "OSVersion/Microsoft.Windows.10.0.22621",
          "Microsoft.Azure.Management.Compute.ComputeManagementClient/59.0.0"
        ]
      },
      "ResponseHeaders": {
        "Cache-Control": [
          "no-cache"
        ],
        "Pragma": [
          "no-cache"
        ],
        "x-ms-ratelimit-remaining-resource": [
          "Microsoft.Compute/GetCloudService3Min;996,Microsoft.Compute/GetCloudService30Min;4900,Microsoft.Compute/GetCloudService3Min;998,Microsoft.Compute/GetCloudService30Min;4956"
        ],
        "Strict-Transport-Security": [
          "max-age=31536000; includeSubDomains"
        ],
        "x-ms-request-id": [
          "aa006b92-6ebc-423c-9641-28c6bc73001d"
        ],
        "Server": [
          "Microsoft-HTTPAPI/2.0,Microsoft-HTTPAPI/2.0 Microsoft-HTTPAPI/2.0 Microsoft-HTTPAPI/2.0"
        ],
        "x-ms-ratelimit-remaining-subscription-reads": [
          "11992"
        ],
        "x-ms-correlation-request-id": [
          "7678fbcf-00b1-481e-8d63-6242cc572cc3"
        ],
        "x-ms-routing-request-id": [
          "WESTUS2:20221114T195558Z:7678fbcf-00b1-481e-8d63-6242cc572cc3"
        ],
        "X-Content-Type-Options": [
          "nosniff"
        ],
        "Date": [
          "Mon, 14 Nov 2022 19:55:58 GMT"
        ],
        "Content-Length": [
          "2748"
        ],
        "Content-Type": [
          "application/json; charset=utf-8"
        ],
        "Expires": [
          "-1"
        ]
      },
      "ResponseBody": "{\r\n  \"name\": \"cs9341\",\r\n  \"id\": \"/subscriptions/850f02f7-e14c-4fb7-905d-7b98bcae9c7f/resourceGroups/CRPTESTAR8119/providers/Microsoft.Compute/cloudServices/cs9341\",\r\n  \"type\": \"Microsoft.Compute/cloudServices\",\r\n  \"location\": \"eastus2euap\",\r\n  \"properties\": {\r\n    \"configuration\": \"<?xml version=\\\"1.0\\\" encoding=\\\"utf-16\\\"?>\\r\\n<ServiceConfiguration xmlns:xsi=\\\"http://www.w3.org/2001/XMLSchema-instance\\\" xmlns:xsd=\\\"http://www.w3.org/2001/XMLSchema\\\" serviceName=\\\"HelloWorldTest_WebRole\\\" osFamily=\\\"5\\\" osVersion=\\\"*\\\" schemaVersion=\\\"2015-04.2.6\\\" xmlns=\\\"http://schemas.microsoft.com/ServiceHosting/2008/10/ServiceConfiguration\\\">\\r\\n  <Role name=\\\"HelloWorldTest1\\\">\\r\\n    <Instances count=\\\"2\\\" />\\r\\n    <ConfigurationSettings>\\r\\n      <Setting name=\\\"Microsoft.WindowsAzure.Plugins.Diagnostics.ConnectionString\\\" value=\\\"UseDevelopmentStorage=true\\\" />\\r\\n    </ConfigurationSettings>\\r\\n  </Role>\\r\\n  <NetworkConfiguration>\\r\\n    <VirtualNetworkSite name=\\\"csvnet5962\\\" />\\r\\n    <AddressAssignments>\\r\\n      <InstanceAddress roleName=\\\"HelloWorldTest1\\\">\\r\\n        <Subnets>\\r\\n          <Subnet name=\\\"subnet2611\\\" />\\r\\n        </Subnets>\\r\\n      </InstanceAddress>\\r\\n    </AddressAssignments>\\r\\n  </NetworkConfiguration>\\r\\n</ServiceConfiguration>\",\r\n    \"upgradeMode\": \"Auto\",\r\n    \"roleProfile\": {\r\n      \"roles\": [\r\n        {\r\n          \"name\": \"HelloWorldTest1\",\r\n          \"sku\": {\r\n            \"name\": \"Standard_D2_v2\",\r\n            \"tier\": \"Standard\",\r\n            \"capacity\": 2\r\n          }\r\n        }\r\n      ]\r\n    },\r\n    \"osProfile\": {\r\n      \"secrets\": []\r\n    },\r\n    \"networkProfile\": {\r\n      \"slotType\": \"Production\",\r\n      \"loadBalancerConfigurations\": [\r\n        {\r\n          \"name\": \"lb5489\",\r\n          \"properties\": {\r\n            \"frontendIpConfigurations\": [\r\n              {\r\n                \"name\": \"lbfe6549\",\r\n                \"properties\": {\r\n                  \"publicIPAddress\": {\r\n                    \"id\": \"/subscriptions/850f02f7-e14c-4fb7-905d-7b98bcae9c7f/resourceGroups/crptestar8119/providers/Microsoft.Network/publicIPAddresses/cspip4634\"\r\n                  }\r\n                }\r\n              }\r\n            ]\r\n          }\r\n        }\r\n      ]\r\n    },\r\n    \"extensionProfile\": {\r\n      \"extensions\": [\r\n        {\r\n          \"name\": \"Microsoft.Azure.Geneva.GenevaMonitoringPaaS\",\r\n          \"properties\": {\r\n            \"autoUpgradeMinorVersion\": true,\r\n            \"provisioningState\": \"Succeeded\",\r\n            \"enableAutomaticUpgrade\": true,\r\n            \"rolesAppliedTo\": [\r\n              \"*\"\r\n            ],\r\n            \"publisher\": \"Microsoft.Azure.Geneva\",\r\n            \"type\": \"GenevaMonitoringPaaS\",\r\n            \"typeHandlerVersion\": \"2.37.0.3\",\r\n            \"settings\": {}\r\n          }\r\n        }\r\n      ]\r\n    },\r\n    \"provisioningState\": \"Succeeded\",\r\n    \"uniqueId\": \"00098618-7df0-498e-9a20-6ee7a542ce08\"\r\n  },\r\n  \"systemData\": {\r\n    \"createdAt\": \"2022-11-14T19:52:45.9345294Z\",\r\n    \"lastModifiedAt\": \"2022-11-14T19:52:45.9345294Z\"\r\n  }\r\n}",
      "StatusCode": 200
    },
    {
      "RequestUri": "/subscriptions/850f02f7-e14c-4fb7-905d-7b98bcae9c7f/resourceGroups/crptestar8119/providers/Microsoft.Compute/cloudServices/cs9341/roleInstances/HelloWorldTest1_IN_0?api-version=2022-09-04",
      "EncodedRequestUri": "L3N1YnNjcmlwdGlvbnMvODUwZjAyZjctZTE0Yy00ZmI3LTkwNWQtN2I5OGJjYWU5YzdmL3Jlc291cmNlR3JvdXBzL2NycHRlc3RhcjgxMTkvcHJvdmlkZXJzL01pY3Jvc29mdC5Db21wdXRlL2Nsb3VkU2VydmljZXMvY3M5MzQxL3JvbGVJbnN0YW5jZXMvSGVsbG9Xb3JsZFRlc3QxX0lOXzA/YXBpLXZlcnNpb249MjAyMi0wOS0wNA==",
      "RequestMethod": "GET",
      "RequestBody": "",
      "RequestHeaders": {
        "x-ms-client-request-id": [
          "23af500a-9f33-4e45-8b00-6cdc09245a46"
        ],
        "Accept-Language": [
          "en-US"
        ],
        "User-Agent": [
          "FxVersion/4.700.22.51102",
          "OSName/Windows",
          "OSVersion/Microsoft.Windows.10.0.22621",
          "Microsoft.Azure.Management.Compute.ComputeManagementClient/59.0.0"
        ]
      },
      "ResponseHeaders": {
        "Cache-Control": [
          "no-cache"
        ],
        "Pragma": [
          "no-cache"
        ],
        "x-ms-ratelimit-remaining-resource": [
          "Microsoft.Compute/GetCloudService3Min;995,Microsoft.Compute/GetCloudService30Min;4899,Microsoft.Compute/GetCloudService3Min;997,Microsoft.Compute/GetCloudService30Min;4955"
        ],
        "Strict-Transport-Security": [
          "max-age=31536000; includeSubDomains"
        ],
        "x-ms-request-id": [
          "9d959ce8-261a-4c43-82ef-29fe152e0879"
        ],
        "Server": [
          "Microsoft-HTTPAPI/2.0,Microsoft-HTTPAPI/2.0 Microsoft-HTTPAPI/2.0 Microsoft-HTTPAPI/2.0"
        ],
        "x-ms-ratelimit-remaining-subscription-reads": [
          "11991"
        ],
        "x-ms-correlation-request-id": [
          "45bacde0-3cb7-45f9-ae5e-19606e56c14c"
        ],
        "x-ms-routing-request-id": [
          "WESTUS2:20221114T195558Z:45bacde0-3cb7-45f9-ae5e-19606e56c14c"
        ],
        "X-Content-Type-Options": [
          "nosniff"
        ],
        "Date": [
          "Mon, 14 Nov 2022 19:55:58 GMT"
        ],
        "Content-Length": [
          "647"
        ],
        "Content-Type": [
          "application/json; charset=utf-8"
        ],
        "Expires": [
          "-1"
        ]
      },
      "ResponseBody": "{\r\n  \"name\": \"HelloWorldTest1_IN_0\",\r\n  \"id\": \"/subscriptions/850f02f7-e14c-4fb7-905d-7b98bcae9c7f/resourceGroups/CRPTESTAR8119/providers/Microsoft.Compute/cloudServices/cs9341/roleInstances/HelloWorldTest1_IN_0\",\r\n  \"type\": \"Microsoft.Compute/cloudServices/roleInstances\",\r\n  \"location\": \"eastus2euap\",\r\n  \"sku\": {\r\n    \"name\": \"Standard_D2_v2\",\r\n    \"tier\": \"Standard\"\r\n  },\r\n  \"properties\": {\r\n    \"networkProfile\": {\r\n      \"networkInterfaces\": [\r\n        {\r\n          \"id\": \"/subscriptions/850f02f7-e14c-4fb7-905d-7b98bcae9c7f/resourceGroups/CRPTESTAR8119/providers/Microsoft.Compute/cloudServices/cs9341/roleInstances/HelloWorldTest1_IN_0/networkInterfaces/nic1\"\r\n        }\r\n      ]\r\n    }\r\n  }\r\n}",
      "StatusCode": 200
    },
    {
      "RequestUri": "/subscriptions/850f02f7-e14c-4fb7-905d-7b98bcae9c7f/resourceGroups/crptestar8119/providers/Microsoft.Compute/cloudServices/cs9341/roleInstances/HelloWorldTest1_IN_0?api-version=2022-09-04",
      "EncodedRequestUri": "L3N1YnNjcmlwdGlvbnMvODUwZjAyZjctZTE0Yy00ZmI3LTkwNWQtN2I5OGJjYWU5YzdmL3Jlc291cmNlR3JvdXBzL2NycHRlc3RhcjgxMTkvcHJvdmlkZXJzL01pY3Jvc29mdC5Db21wdXRlL2Nsb3VkU2VydmljZXMvY3M5MzQxL3JvbGVJbnN0YW5jZXMvSGVsbG9Xb3JsZFRlc3QxX0lOXzA/YXBpLXZlcnNpb249MjAyMi0wOS0wNA==",
      "RequestMethod": "GET",
      "RequestBody": "",
      "RequestHeaders": {
        "x-ms-client-request-id": [
          "02f2f345-ab29-43f0-9707-5fac61da3400"
        ],
        "Accept-Language": [
          "en-US"
        ],
        "User-Agent": [
          "FxVersion/4.700.22.51102",
          "OSName/Windows",
          "OSVersion/Microsoft.Windows.10.0.22621",
          "Microsoft.Azure.Management.Compute.ComputeManagementClient/59.0.0"
        ]
      },
      "ResponseHeaders": {
        "Cache-Control": [
          "no-cache"
        ],
        "Pragma": [
          "no-cache"
        ],
        "x-ms-ratelimit-remaining-resource": [
          "Microsoft.Compute/GetCloudService3Min;994,Microsoft.Compute/GetCloudService30Min;4892,Microsoft.Compute/GetCloudService3Min;998,Microsoft.Compute/GetCloudService30Min;4952"
        ],
        "Strict-Transport-Security": [
          "max-age=31536000; includeSubDomains"
        ],
        "x-ms-request-id": [
          "4cc7c42d-aed6-4e9a-943d-06c105a253d0"
        ],
        "Server": [
          "Microsoft-HTTPAPI/2.0,Microsoft-HTTPAPI/2.0 Microsoft-HTTPAPI/2.0 Microsoft-HTTPAPI/2.0"
        ],
        "x-ms-ratelimit-remaining-subscription-reads": [
          "11983"
        ],
        "x-ms-correlation-request-id": [
          "e5486446-dc67-49a0-9256-6d3ee56f842e"
        ],
        "x-ms-routing-request-id": [
          "WESTUS2:20221114T195831Z:e5486446-dc67-49a0-9256-6d3ee56f842e"
        ],
        "X-Content-Type-Options": [
          "nosniff"
        ],
        "Date": [
          "Mon, 14 Nov 2022 19:58:31 GMT"
        ],
        "Content-Length": [
          "647"
        ],
        "Content-Type": [
          "application/json; charset=utf-8"
        ],
        "Expires": [
          "-1"
        ]
      },
      "ResponseBody": "{\r\n  \"name\": \"HelloWorldTest1_IN_0\",\r\n  \"id\": \"/subscriptions/850f02f7-e14c-4fb7-905d-7b98bcae9c7f/resourceGroups/CRPTESTAR8119/providers/Microsoft.Compute/cloudServices/cs9341/roleInstances/HelloWorldTest1_IN_0\",\r\n  \"type\": \"Microsoft.Compute/cloudServices/roleInstances\",\r\n  \"location\": \"eastus2euap\",\r\n  \"sku\": {\r\n    \"name\": \"Standard_D2_v2\",\r\n    \"tier\": \"Standard\"\r\n  },\r\n  \"properties\": {\r\n    \"networkProfile\": {\r\n      \"networkInterfaces\": [\r\n        {\r\n          \"id\": \"/subscriptions/850f02f7-e14c-4fb7-905d-7b98bcae9c7f/resourceGroups/CRPTESTAR8119/providers/Microsoft.Compute/cloudServices/cs9341/roleInstances/HelloWorldTest1_IN_0/networkInterfaces/nic1\"\r\n        }\r\n      ]\r\n    }\r\n  }\r\n}",
      "StatusCode": 200
    },
    {
      "RequestUri": "/subscriptions/850f02f7-e14c-4fb7-905d-7b98bcae9c7f/resourceGroups/crptestar8119/providers/Microsoft.Compute/cloudServices/cs9341/roleInstances/HelloWorldTest1_IN_0?api-version=2022-09-04",
      "EncodedRequestUri": "L3N1YnNjcmlwdGlvbnMvODUwZjAyZjctZTE0Yy00ZmI3LTkwNWQtN2I5OGJjYWU5YzdmL3Jlc291cmNlR3JvdXBzL2NycHRlc3RhcjgxMTkvcHJvdmlkZXJzL01pY3Jvc29mdC5Db21wdXRlL2Nsb3VkU2VydmljZXMvY3M5MzQxL3JvbGVJbnN0YW5jZXMvSGVsbG9Xb3JsZFRlc3QxX0lOXzA/YXBpLXZlcnNpb249MjAyMi0wOS0wNA==",
      "RequestMethod": "GET",
      "RequestBody": "",
      "RequestHeaders": {
        "x-ms-client-request-id": [
          "78edf687-1add-42d3-aaba-25fd106097a1"
        ],
        "Accept-Language": [
          "en-US"
        ],
        "User-Agent": [
          "FxVersion/4.700.22.51102",
          "OSName/Windows",
          "OSVersion/Microsoft.Windows.10.0.22621",
          "Microsoft.Azure.Management.Compute.ComputeManagementClient/59.0.0"
        ]
      },
      "ResponseHeaders": {
        "Cache-Control": [
          "no-cache"
        ],
        "Pragma": [
          "no-cache"
        ],
        "x-ms-ratelimit-remaining-resource": [
          "Microsoft.Compute/GetCloudService3Min;998,Microsoft.Compute/GetCloudService30Min;4920,Microsoft.Compute/GetCloudService3Min;998,Microsoft.Compute/GetCloudService30Min;4998"
        ],
        "Strict-Transport-Security": [
          "max-age=31536000; includeSubDomains"
        ],
        "x-ms-request-id": [
          "66212648-964e-4805-b1e5-af1c10564aac"
        ],
        "Server": [
          "Microsoft-HTTPAPI/2.0,Microsoft-HTTPAPI/2.0 Microsoft-HTTPAPI/2.0 Microsoft-HTTPAPI/2.0"
        ],
        "x-ms-ratelimit-remaining-subscription-reads": [
          "11973"
        ],
        "x-ms-correlation-request-id": [
          "5aaf59ae-da5e-4c76-9daa-9c3f3eb3bb90"
        ],
        "x-ms-routing-request-id": [
          "WESTUS2:20221114T200233Z:5aaf59ae-da5e-4c76-9daa-9c3f3eb3bb90"
        ],
        "X-Content-Type-Options": [
          "nosniff"
        ],
        "Date": [
          "Mon, 14 Nov 2022 20:02:33 GMT"
        ],
        "Content-Length": [
          "647"
        ],
        "Content-Type": [
          "application/json; charset=utf-8"
        ],
        "Expires": [
          "-1"
        ]
      },
      "ResponseBody": "{\r\n  \"name\": \"HelloWorldTest1_IN_0\",\r\n  \"id\": \"/subscriptions/850f02f7-e14c-4fb7-905d-7b98bcae9c7f/resourceGroups/CRPTESTAR8119/providers/Microsoft.Compute/cloudServices/cs9341/roleInstances/HelloWorldTest1_IN_0\",\r\n  \"type\": \"Microsoft.Compute/cloudServices/roleInstances\",\r\n  \"location\": \"eastus2euap\",\r\n  \"sku\": {\r\n    \"name\": \"Standard_D2_v2\",\r\n    \"tier\": \"Standard\"\r\n  },\r\n  \"properties\": {\r\n    \"networkProfile\": {\r\n      \"networkInterfaces\": [\r\n        {\r\n          \"id\": \"/subscriptions/850f02f7-e14c-4fb7-905d-7b98bcae9c7f/resourceGroups/CRPTESTAR8119/providers/Microsoft.Compute/cloudServices/cs9341/roleInstances/HelloWorldTest1_IN_0/networkInterfaces/nic1\"\r\n        }\r\n      ]\r\n    }\r\n  }\r\n}",
      "StatusCode": 200
    },
    {
      "RequestUri": "/subscriptions/850f02f7-e14c-4fb7-905d-7b98bcae9c7f/resourceGroups/crptestar8119/providers/Microsoft.Compute/cloudServices/cs9341/roleInstances/HelloWorldTest1_IN_0?api-version=2022-09-04",
      "EncodedRequestUri": "L3N1YnNjcmlwdGlvbnMvODUwZjAyZjctZTE0Yy00ZmI3LTkwNWQtN2I5OGJjYWU5YzdmL3Jlc291cmNlR3JvdXBzL2NycHRlc3RhcjgxMTkvcHJvdmlkZXJzL01pY3Jvc29mdC5Db21wdXRlL2Nsb3VkU2VydmljZXMvY3M5MzQxL3JvbGVJbnN0YW5jZXMvSGVsbG9Xb3JsZFRlc3QxX0lOXzA/YXBpLXZlcnNpb249MjAyMi0wOS0wNA==",
      "RequestMethod": "GET",
      "RequestBody": "",
      "RequestHeaders": {
        "x-ms-client-request-id": [
          "f1f5241f-370b-4a9a-a2df-c13508d5fa86"
        ],
        "Accept-Language": [
          "en-US"
        ],
        "User-Agent": [
          "FxVersion/4.700.22.51102",
          "OSName/Windows",
          "OSVersion/Microsoft.Windows.10.0.22621",
          "Microsoft.Azure.Management.Compute.ComputeManagementClient/59.0.0"
        ]
      },
      "ResponseHeaders": {
        "Cache-Control": [
          "no-cache"
        ],
        "Pragma": [
          "no-cache"
        ],
        "x-ms-ratelimit-remaining-resource": [
          "Microsoft.Compute/GetCloudService3Min;996,Microsoft.Compute/GetCloudService30Min;4932,Microsoft.Compute/GetCloudService3Min;998,Microsoft.Compute/GetCloudService30Min;4995"
        ],
        "Strict-Transport-Security": [
          "max-age=31536000; includeSubDomains"
        ],
        "x-ms-request-id": [
          "1cc6fd41-99d8-4cbd-8776-1bbbd725eb7c"
        ],
        "Server": [
          "Microsoft-HTTPAPI/2.0,Microsoft-HTTPAPI/2.0 Microsoft-HTTPAPI/2.0 Microsoft-HTTPAPI/2.0"
        ],
        "x-ms-ratelimit-remaining-subscription-reads": [
          "11963"
        ],
        "x-ms-correlation-request-id": [
          "fafbf875-32f3-4854-9466-3265c9cbb66f"
        ],
        "x-ms-routing-request-id": [
          "WESTUS2:20221114T200635Z:fafbf875-32f3-4854-9466-3265c9cbb66f"
        ],
        "X-Content-Type-Options": [
          "nosniff"
        ],
        "Date": [
          "Mon, 14 Nov 2022 20:06:35 GMT"
        ],
        "Content-Length": [
          "647"
        ],
        "Content-Type": [
          "application/json; charset=utf-8"
        ],
        "Expires": [
          "-1"
        ]
      },
      "ResponseBody": "{\r\n  \"name\": \"HelloWorldTest1_IN_0\",\r\n  \"id\": \"/subscriptions/850f02f7-e14c-4fb7-905d-7b98bcae9c7f/resourceGroups/CRPTESTAR8119/providers/Microsoft.Compute/cloudServices/cs9341/roleInstances/HelloWorldTest1_IN_0\",\r\n  \"type\": \"Microsoft.Compute/cloudServices/roleInstances\",\r\n  \"location\": \"eastus2euap\",\r\n  \"sku\": {\r\n    \"name\": \"Standard_D2_v2\",\r\n    \"tier\": \"Standard\"\r\n  },\r\n  \"properties\": {\r\n    \"networkProfile\": {\r\n      \"networkInterfaces\": [\r\n        {\r\n          \"id\": \"/subscriptions/850f02f7-e14c-4fb7-905d-7b98bcae9c7f/resourceGroups/CRPTESTAR8119/providers/Microsoft.Compute/cloudServices/cs9341/roleInstances/HelloWorldTest1_IN_0/networkInterfaces/nic1\"\r\n        }\r\n      ]\r\n    }\r\n  }\r\n}",
      "StatusCode": 200
    },
    {
      "RequestUri": "/subscriptions/850f02f7-e14c-4fb7-905d-7b98bcae9c7f/resourceGroups/crptestar8119/providers/Microsoft.Compute/cloudServices/cs9341/roleInstances/HelloWorldTest1_IN_0/instanceView?api-version=2022-09-04",
      "EncodedRequestUri": "L3N1YnNjcmlwdGlvbnMvODUwZjAyZjctZTE0Yy00ZmI3LTkwNWQtN2I5OGJjYWU5YzdmL3Jlc291cmNlR3JvdXBzL2NycHRlc3RhcjgxMTkvcHJvdmlkZXJzL01pY3Jvc29mdC5Db21wdXRlL2Nsb3VkU2VydmljZXMvY3M5MzQxL3JvbGVJbnN0YW5jZXMvSGVsbG9Xb3JsZFRlc3QxX0lOXzAvaW5zdGFuY2VWaWV3P2FwaS12ZXJzaW9uPTIwMjItMDktMDQ=",
      "RequestMethod": "GET",
      "RequestBody": "",
      "RequestHeaders": {
        "x-ms-client-request-id": [
          "4bd84945-f6c4-4d11-a9b9-5f1272acfd7f"
        ],
        "Accept-Language": [
          "en-US"
        ],
        "User-Agent": [
          "FxVersion/4.700.22.51102",
          "OSName/Windows",
          "OSVersion/Microsoft.Windows.10.0.22621",
          "Microsoft.Azure.Management.Compute.ComputeManagementClient/59.0.0"
        ]
      },
      "ResponseHeaders": {
        "Cache-Control": [
          "no-cache"
        ],
        "Pragma": [
          "no-cache"
        ],
        "x-ms-ratelimit-remaining-resource": [
          "Microsoft.Compute/GetCloudService3Min;994,Microsoft.Compute/GetCloudService30Min;4898,Microsoft.Compute/GetCloudService3Min;996,Microsoft.Compute/GetCloudService30Min;4954"
        ],
        "Strict-Transport-Security": [
          "max-age=31536000; includeSubDomains"
        ],
        "x-ms-request-id": [
          "29a01c45-ee46-4538-a450-c334af9da829"
        ],
        "Server": [
          "Microsoft-HTTPAPI/2.0,Microsoft-HTTPAPI/2.0 Microsoft-HTTPAPI/2.0 Microsoft-HTTPAPI/2.0"
        ],
        "x-ms-ratelimit-remaining-subscription-reads": [
          "11990"
        ],
        "x-ms-correlation-request-id": [
          "ff97c69f-1f42-478e-bbfa-d81518d234d9"
        ],
        "x-ms-routing-request-id": [
          "WESTUS2:20221114T195559Z:ff97c69f-1f42-478e-bbfa-d81518d234d9"
        ],
        "X-Content-Type-Options": [
          "nosniff"
        ],
        "Date": [
          "Mon, 14 Nov 2022 19:55:59 GMT"
        ],
        "Content-Length": [
          "359"
        ],
        "Content-Type": [
          "application/json; charset=utf-8"
        ],
        "Expires": [
          "-1"
        ]
      },
      "ResponseBody": "{\r\n  \"platformUpdateDomain\": 0,\r\n  \"platformFaultDomain\": 0,\r\n  \"privateId\": \"b3762ae8-429e-4916-aac6-34e1064da30c\",\r\n  \"statuses\": [\r\n    {\r\n      \"code\": \"RoleState/RoleStateStarting\",\r\n      \"level\": \"Info\",\r\n      \"displayStatus\": \"RoleStateStarting\",\r\n      \"message\": \"Starting role... Runtime is initializing. [2022-11-14T19:54:51.000Z]\"\r\n    }\r\n  ]\r\n}",
      "StatusCode": 200
    },
    {
      "RequestUri": "/subscriptions/850f02f7-e14c-4fb7-905d-7b98bcae9c7f/resourceGroups/crptestar8119/providers/Microsoft.Compute/cloudServices/cs9341/roleInstances/HelloWorldTest1_IN_0/restart?api-version=2022-09-04",
      "EncodedRequestUri": "L3N1YnNjcmlwdGlvbnMvODUwZjAyZjctZTE0Yy00ZmI3LTkwNWQtN2I5OGJjYWU5YzdmL3Jlc291cmNlR3JvdXBzL2NycHRlc3RhcjgxMTkvcHJvdmlkZXJzL01pY3Jvc29mdC5Db21wdXRlL2Nsb3VkU2VydmljZXMvY3M5MzQxL3JvbGVJbnN0YW5jZXMvSGVsbG9Xb3JsZFRlc3QxX0lOXzAvcmVzdGFydD9hcGktdmVyc2lvbj0yMDIyLTA5LTA0",
      "RequestMethod": "POST",
      "RequestBody": "",
      "RequestHeaders": {
        "x-ms-client-request-id": [
          "6e25272e-df64-4eda-8f2f-72253b16515f"
        ],
        "Accept-Language": [
          "en-US"
        ],
        "User-Agent": [
          "FxVersion/4.700.22.51102",
          "OSName/Windows",
          "OSVersion/Microsoft.Windows.10.0.22621",
          "Microsoft.Azure.Management.Compute.ComputeManagementClient/59.0.0"
        ]
      },
      "ResponseHeaders": {
        "Cache-Control": [
          "no-cache"
        ],
        "Pragma": [
          "no-cache"
        ],
        "Location": [
          "https://management.azure.com/subscriptions/850f02f7-e14c-4fb7-905d-7b98bcae9c7f/providers/Microsoft.Compute/locations/eastus2euap/CsOperations/003cedd6-ccfa-468f-af38-355ab2df1eb7?monitor=true&api-version=2022-09-04"
        ],
        "Azure-AsyncOperation": [
          "https://management.azure.com/subscriptions/850f02f7-e14c-4fb7-905d-7b98bcae9c7f/providers/Microsoft.Compute/locations/eastus2euap/CsOperations/003cedd6-ccfa-468f-af38-355ab2df1eb7?api-version=2022-09-04"
        ],
        "x-ms-ratelimit-remaining-resource": [
          "Microsoft.Compute/CreateUpdateDeleteCloudServiceOperations30Min;291,Microsoft.Compute/CreateUpdateDeleteCloudServiceOperations30Min;291"
        ],
        "Strict-Transport-Security": [
          "max-age=31536000; includeSubDomains"
        ],
        "x-ms-request-id": [
          "003cedd6-ccfa-468f-af38-355ab2df1eb7"
        ],
        "Server": [
          "Microsoft-HTTPAPI/2.0,Microsoft-HTTPAPI/2.0 Microsoft-HTTPAPI/2.0 Microsoft-HTTPAPI/2.0"
        ],
        "x-ms-ratelimit-remaining-subscription-writes": [
          "1199"
        ],
        "x-ms-correlation-request-id": [
          "591f11c5-4f03-45f4-b639-7167871f35d1"
        ],
        "x-ms-routing-request-id": [
          "WESTUS2:20221114T195559Z:591f11c5-4f03-45f4-b639-7167871f35d1"
        ],
        "X-Content-Type-Options": [
          "nosniff"
        ],
        "Date": [
          "Mon, 14 Nov 2022 19:55:59 GMT"
        ],
        "Expires": [
          "-1"
        ],
        "Content-Length": [
          "0"
        ]
      },
      "ResponseBody": "",
      "StatusCode": 202
    },
    {
      "RequestUri": "/subscriptions/850f02f7-e14c-4fb7-905d-7b98bcae9c7f/providers/Microsoft.Compute/locations/eastus2euap/CsOperations/003cedd6-ccfa-468f-af38-355ab2df1eb7?api-version=2022-09-04",
      "EncodedRequestUri": "L3N1YnNjcmlwdGlvbnMvODUwZjAyZjctZTE0Yy00ZmI3LTkwNWQtN2I5OGJjYWU5YzdmL3Byb3ZpZGVycy9NaWNyb3NvZnQuQ29tcHV0ZS9sb2NhdGlvbnMvZWFzdHVzMmV1YXAvQ3NPcGVyYXRpb25zLzAwM2NlZGQ2LWNjZmEtNDY4Zi1hZjM4LTM1NWFiMmRmMWViNz9hcGktdmVyc2lvbj0yMDIyLTA5LTA0",
      "RequestMethod": "GET",
      "RequestBody": "",
      "RequestHeaders": {
        "User-Agent": [
          "FxVersion/4.700.22.51102",
          "OSName/Windows",
          "OSVersion/Microsoft.Windows.10.0.22621",
          "Microsoft.Azure.Management.Compute.ComputeManagementClient/59.0.0"
        ]
      },
      "ResponseHeaders": {
        "Cache-Control": [
          "no-cache"
        ],
        "Pragma": [
          "no-cache"
        ],
        "Strict-Transport-Security": [
          "max-age=31536000; includeSubDomains"
        ],
        "x-ms-served-by": [
          "1458b69a-160b-4728-85b0-1fcd050989ae_133101163193071207"
        ],
        "x-ms-request-id": [
          "563aa350-9fbf-4456-856b-8cea2b4b7d8d"
        ],
        "Server": [
          "Microsoft-HTTPAPI/2.0",
          "Microsoft-HTTPAPI/2.0"
        ],
        "x-ms-ratelimit-remaining-subscription-reads": [
          "11989"
        ],
        "x-ms-correlation-request-id": [
          "48dfdb63-598f-4ac6-8c87-729207200ae8"
        ],
        "x-ms-routing-request-id": [
          "WESTUS2:20221114T195629Z:48dfdb63-598f-4ac6-8c87-729207200ae8"
        ],
        "X-Content-Type-Options": [
          "nosniff"
        ],
        "Date": [
          "Mon, 14 Nov 2022 19:56:29 GMT"
        ],
        "Content-Length": [
          "133"
        ],
        "Content-Type": [
          "application/json; charset=utf-8"
        ],
        "Expires": [
          "-1"
        ]
      },
      "ResponseBody": "{\r\n  \"startTime\": \"2022-11-14T11:55:59.591819-08:00\",\r\n  \"status\": \"InProgress\",\r\n  \"name\": \"003cedd6-ccfa-468f-af38-355ab2df1eb7\"\r\n}",
      "StatusCode": 200
    },
    {
      "RequestUri": "/subscriptions/850f02f7-e14c-4fb7-905d-7b98bcae9c7f/providers/Microsoft.Compute/locations/eastus2euap/CsOperations/003cedd6-ccfa-468f-af38-355ab2df1eb7?api-version=2022-09-04",
      "EncodedRequestUri": "L3N1YnNjcmlwdGlvbnMvODUwZjAyZjctZTE0Yy00ZmI3LTkwNWQtN2I5OGJjYWU5YzdmL3Byb3ZpZGVycy9NaWNyb3NvZnQuQ29tcHV0ZS9sb2NhdGlvbnMvZWFzdHVzMmV1YXAvQ3NPcGVyYXRpb25zLzAwM2NlZGQ2LWNjZmEtNDY4Zi1hZjM4LTM1NWFiMmRmMWViNz9hcGktdmVyc2lvbj0yMDIyLTA5LTA0",
      "RequestMethod": "GET",
      "RequestBody": "",
      "RequestHeaders": {
        "User-Agent": [
          "FxVersion/4.700.22.51102",
          "OSName/Windows",
          "OSVersion/Microsoft.Windows.10.0.22621",
          "Microsoft.Azure.Management.Compute.ComputeManagementClient/59.0.0"
        ]
      },
      "ResponseHeaders": {
        "Cache-Control": [
          "no-cache"
        ],
        "Pragma": [
          "no-cache"
        ],
        "Strict-Transport-Security": [
          "max-age=31536000; includeSubDomains"
        ],
        "x-ms-served-by": [
          "1458b69a-160b-4728-85b0-1fcd050989ae_133101163193071207"
        ],
        "x-ms-request-id": [
          "46d4fdb8-fbcc-4b00-9851-f4dd3e773003"
        ],
        "Server": [
          "Microsoft-HTTPAPI/2.0",
          "Microsoft-HTTPAPI/2.0"
        ],
        "x-ms-ratelimit-remaining-subscription-reads": [
          "11988"
        ],
        "x-ms-correlation-request-id": [
          "ed2bea59-e2df-48e7-8fda-dae5387cffe9"
        ],
        "x-ms-routing-request-id": [
          "WESTUS2:20221114T195700Z:ed2bea59-e2df-48e7-8fda-dae5387cffe9"
        ],
        "X-Content-Type-Options": [
          "nosniff"
        ],
        "Date": [
          "Mon, 14 Nov 2022 19:56:59 GMT"
        ],
        "Content-Length": [
          "133"
        ],
        "Content-Type": [
          "application/json; charset=utf-8"
        ],
        "Expires": [
          "-1"
        ]
      },
      "ResponseBody": "{\r\n  \"startTime\": \"2022-11-14T11:55:59.591819-08:00\",\r\n  \"status\": \"InProgress\",\r\n  \"name\": \"003cedd6-ccfa-468f-af38-355ab2df1eb7\"\r\n}",
      "StatusCode": 200
    },
    {
      "RequestUri": "/subscriptions/850f02f7-e14c-4fb7-905d-7b98bcae9c7f/providers/Microsoft.Compute/locations/eastus2euap/CsOperations/003cedd6-ccfa-468f-af38-355ab2df1eb7?api-version=2022-09-04",
      "EncodedRequestUri": "L3N1YnNjcmlwdGlvbnMvODUwZjAyZjctZTE0Yy00ZmI3LTkwNWQtN2I5OGJjYWU5YzdmL3Byb3ZpZGVycy9NaWNyb3NvZnQuQ29tcHV0ZS9sb2NhdGlvbnMvZWFzdHVzMmV1YXAvQ3NPcGVyYXRpb25zLzAwM2NlZGQ2LWNjZmEtNDY4Zi1hZjM4LTM1NWFiMmRmMWViNz9hcGktdmVyc2lvbj0yMDIyLTA5LTA0",
      "RequestMethod": "GET",
      "RequestBody": "",
      "RequestHeaders": {
        "User-Agent": [
          "FxVersion/4.700.22.51102",
          "OSName/Windows",
          "OSVersion/Microsoft.Windows.10.0.22621",
          "Microsoft.Azure.Management.Compute.ComputeManagementClient/59.0.0"
        ]
      },
      "ResponseHeaders": {
        "Cache-Control": [
          "no-cache"
        ],
        "Pragma": [
          "no-cache"
        ],
        "Strict-Transport-Security": [
          "max-age=31536000; includeSubDomains"
        ],
        "x-ms-served-by": [
          "1458b69a-160b-4728-85b0-1fcd050989ae_133101163193071207"
        ],
        "x-ms-request-id": [
          "a6fe483b-1edc-44e3-b14f-9e987b02d47f"
        ],
        "Server": [
          "Microsoft-HTTPAPI/2.0",
          "Microsoft-HTTPAPI/2.0"
        ],
        "x-ms-ratelimit-remaining-subscription-reads": [
          "11987"
        ],
        "x-ms-correlation-request-id": [
          "fb7418c3-6edc-4eeb-8e5b-43b57d1f9ed0"
        ],
        "x-ms-routing-request-id": [
          "WESTUS2:20221114T195730Z:fb7418c3-6edc-4eeb-8e5b-43b57d1f9ed0"
        ],
        "X-Content-Type-Options": [
          "nosniff"
        ],
        "Date": [
          "Mon, 14 Nov 2022 19:57:29 GMT"
        ],
        "Content-Length": [
          "133"
        ],
        "Content-Type": [
          "application/json; charset=utf-8"
        ],
        "Expires": [
          "-1"
        ]
      },
      "ResponseBody": "{\r\n  \"startTime\": \"2022-11-14T11:55:59.591819-08:00\",\r\n  \"status\": \"InProgress\",\r\n  \"name\": \"003cedd6-ccfa-468f-af38-355ab2df1eb7\"\r\n}",
      "StatusCode": 200
    },
    {
      "RequestUri": "/subscriptions/850f02f7-e14c-4fb7-905d-7b98bcae9c7f/providers/Microsoft.Compute/locations/eastus2euap/CsOperations/003cedd6-ccfa-468f-af38-355ab2df1eb7?api-version=2022-09-04",
      "EncodedRequestUri": "L3N1YnNjcmlwdGlvbnMvODUwZjAyZjctZTE0Yy00ZmI3LTkwNWQtN2I5OGJjYWU5YzdmL3Byb3ZpZGVycy9NaWNyb3NvZnQuQ29tcHV0ZS9sb2NhdGlvbnMvZWFzdHVzMmV1YXAvQ3NPcGVyYXRpb25zLzAwM2NlZGQ2LWNjZmEtNDY4Zi1hZjM4LTM1NWFiMmRmMWViNz9hcGktdmVyc2lvbj0yMDIyLTA5LTA0",
      "RequestMethod": "GET",
      "RequestBody": "",
      "RequestHeaders": {
        "User-Agent": [
          "FxVersion/4.700.22.51102",
          "OSName/Windows",
          "OSVersion/Microsoft.Windows.10.0.22621",
          "Microsoft.Azure.Management.Compute.ComputeManagementClient/59.0.0"
        ]
      },
      "ResponseHeaders": {
        "Cache-Control": [
          "no-cache"
        ],
        "Pragma": [
          "no-cache"
        ],
        "Strict-Transport-Security": [
          "max-age=31536000; includeSubDomains"
        ],
        "x-ms-served-by": [
          "1458b69a-160b-4728-85b0-1fcd050989ae_133101163193071207"
        ],
        "x-ms-request-id": [
          "b9dee553-2e9e-430b-88f7-d0ef672e21de"
        ],
        "x-ms-ratelimit-remaining-subscription-reads": [
          "11986"
        ],
        "Server": [
          "Microsoft-HTTPAPI/2.0",
          "Microsoft-HTTPAPI/2.0"
        ],
        "x-ms-correlation-request-id": [
          "4697903c-44fe-4348-88bd-3cd56d2db010"
        ],
        "x-ms-routing-request-id": [
          "WESTUS2:20221114T195800Z:4697903c-44fe-4348-88bd-3cd56d2db010"
        ],
        "X-Content-Type-Options": [
          "nosniff"
        ],
        "Date": [
          "Mon, 14 Nov 2022 19:58:00 GMT"
        ],
        "Content-Length": [
          "133"
        ],
        "Content-Type": [
          "application/json; charset=utf-8"
        ],
        "Expires": [
          "-1"
        ]
      },
      "ResponseBody": "{\r\n  \"startTime\": \"2022-11-14T11:55:59.591819-08:00\",\r\n  \"status\": \"InProgress\",\r\n  \"name\": \"003cedd6-ccfa-468f-af38-355ab2df1eb7\"\r\n}",
      "StatusCode": 200
    },
    {
      "RequestUri": "/subscriptions/850f02f7-e14c-4fb7-905d-7b98bcae9c7f/providers/Microsoft.Compute/locations/eastus2euap/CsOperations/003cedd6-ccfa-468f-af38-355ab2df1eb7?api-version=2022-09-04",
      "EncodedRequestUri": "L3N1YnNjcmlwdGlvbnMvODUwZjAyZjctZTE0Yy00ZmI3LTkwNWQtN2I5OGJjYWU5YzdmL3Byb3ZpZGVycy9NaWNyb3NvZnQuQ29tcHV0ZS9sb2NhdGlvbnMvZWFzdHVzMmV1YXAvQ3NPcGVyYXRpb25zLzAwM2NlZGQ2LWNjZmEtNDY4Zi1hZjM4LTM1NWFiMmRmMWViNz9hcGktdmVyc2lvbj0yMDIyLTA5LTA0",
      "RequestMethod": "GET",
      "RequestBody": "",
      "RequestHeaders": {
        "User-Agent": [
          "FxVersion/4.700.22.51102",
          "OSName/Windows",
          "OSVersion/Microsoft.Windows.10.0.22621",
          "Microsoft.Azure.Management.Compute.ComputeManagementClient/59.0.0"
        ]
      },
      "ResponseHeaders": {
        "Cache-Control": [
          "no-cache"
        ],
        "Pragma": [
          "no-cache"
        ],
        "Strict-Transport-Security": [
          "max-age=31536000; includeSubDomains"
        ],
        "x-ms-served-by": [
          "1458b69a-160b-4728-85b0-1fcd050989ae_133101163193071207"
        ],
        "x-ms-request-id": [
          "93e82186-aebb-4525-b6b6-6b574faea6c1"
        ],
        "Server": [
          "Microsoft-HTTPAPI/2.0",
          "Microsoft-HTTPAPI/2.0"
        ],
        "x-ms-ratelimit-remaining-subscription-reads": [
          "11985"
        ],
        "x-ms-correlation-request-id": [
          "2d6795f9-ba34-49e6-89e0-f271d9188786"
        ],
        "x-ms-routing-request-id": [
          "WESTUS2:20221114T195830Z:2d6795f9-ba34-49e6-89e0-f271d9188786"
        ],
        "X-Content-Type-Options": [
          "nosniff"
        ],
        "Date": [
          "Mon, 14 Nov 2022 19:58:30 GMT"
        ],
        "Content-Length": [
          "183"
        ],
        "Content-Type": [
          "application/json; charset=utf-8"
        ],
        "Expires": [
          "-1"
        ]
      },
      "ResponseBody": "{\r\n  \"startTime\": \"2022-11-14T11:55:59.591819-08:00\",\r\n  \"endTime\": \"2022-11-14T11:58:06.1236897-08:00\",\r\n  \"status\": \"Succeeded\",\r\n  \"name\": \"003cedd6-ccfa-468f-af38-355ab2df1eb7\"\r\n}",
      "StatusCode": 200
    },
    {
      "RequestUri": "/subscriptions/850f02f7-e14c-4fb7-905d-7b98bcae9c7f/providers/Microsoft.Compute/locations/eastus2euap/CsOperations/003cedd6-ccfa-468f-af38-355ab2df1eb7?monitor=true&api-version=2022-09-04",
      "EncodedRequestUri": "L3N1YnNjcmlwdGlvbnMvODUwZjAyZjctZTE0Yy00ZmI3LTkwNWQtN2I5OGJjYWU5YzdmL3Byb3ZpZGVycy9NaWNyb3NvZnQuQ29tcHV0ZS9sb2NhdGlvbnMvZWFzdHVzMmV1YXAvQ3NPcGVyYXRpb25zLzAwM2NlZGQ2LWNjZmEtNDY4Zi1hZjM4LTM1NWFiMmRmMWViNz9tb25pdG9yPXRydWUmYXBpLXZlcnNpb249MjAyMi0wOS0wNA==",
      "RequestMethod": "GET",
      "RequestBody": "",
      "RequestHeaders": {
        "User-Agent": [
          "FxVersion/4.700.22.51102",
          "OSName/Windows",
          "OSVersion/Microsoft.Windows.10.0.22621",
          "Microsoft.Azure.Management.Compute.ComputeManagementClient/59.0.0"
        ]
      },
      "ResponseHeaders": {
        "Cache-Control": [
          "no-cache"
        ],
        "Pragma": [
          "no-cache"
        ],
        "Strict-Transport-Security": [
          "max-age=31536000; includeSubDomains"
        ],
        "x-ms-served-by": [
          "1458b69a-160b-4728-85b0-1fcd050989ae_133101163193071207"
        ],
        "x-ms-request-id": [
          "b71a5837-3f83-4c7d-a57d-c04209776f02"
        ],
        "Server": [
          "Microsoft-HTTPAPI/2.0",
          "Microsoft-HTTPAPI/2.0"
        ],
        "x-ms-ratelimit-remaining-subscription-reads": [
          "11984"
        ],
        "x-ms-correlation-request-id": [
          "23d3955b-2dbb-4a83-8857-b966dc6c6bc4"
        ],
        "x-ms-routing-request-id": [
          "WESTUS2:20221114T195831Z:23d3955b-2dbb-4a83-8857-b966dc6c6bc4"
        ],
        "X-Content-Type-Options": [
          "nosniff"
        ],
        "Date": [
          "Mon, 14 Nov 2022 19:58:30 GMT"
        ],
        "Expires": [
          "-1"
        ],
        "Content-Length": [
          "0"
        ]
      },
      "ResponseBody": "",
      "StatusCode": 200
    },
    {
      "RequestUri": "/subscriptions/850f02f7-e14c-4fb7-905d-7b98bcae9c7f/resourceGroups/crptestar8119/providers/Microsoft.Compute/cloudServices/cs9341/roleInstances/HelloWorldTest1_IN_0/reimage?api-version=2022-09-04",
      "EncodedRequestUri": "L3N1YnNjcmlwdGlvbnMvODUwZjAyZjctZTE0Yy00ZmI3LTkwNWQtN2I5OGJjYWU5YzdmL3Jlc291cmNlR3JvdXBzL2NycHRlc3RhcjgxMTkvcHJvdmlkZXJzL01pY3Jvc29mdC5Db21wdXRlL2Nsb3VkU2VydmljZXMvY3M5MzQxL3JvbGVJbnN0YW5jZXMvSGVsbG9Xb3JsZFRlc3QxX0lOXzAvcmVpbWFnZT9hcGktdmVyc2lvbj0yMDIyLTA5LTA0",
      "RequestMethod": "POST",
      "RequestBody": "",
      "RequestHeaders": {
        "x-ms-client-request-id": [
          "64be1ef0-2ff2-4c51-a31d-7f430e6efac4"
        ],
        "Accept-Language": [
          "en-US"
        ],
        "User-Agent": [
          "FxVersion/4.700.22.51102",
          "OSName/Windows",
          "OSVersion/Microsoft.Windows.10.0.22621",
          "Microsoft.Azure.Management.Compute.ComputeManagementClient/59.0.0"
        ]
      },
      "ResponseHeaders": {
        "Cache-Control": [
          "no-cache"
        ],
        "Pragma": [
          "no-cache"
        ],
        "Location": [
          "https://management.azure.com/subscriptions/850f02f7-e14c-4fb7-905d-7b98bcae9c7f/providers/Microsoft.Compute/locations/eastus2euap/CsOperations/b6699afe-4158-4850-b024-7ed07d218aa5?monitor=true&api-version=2022-09-04"
        ],
        "Azure-AsyncOperation": [
          "https://management.azure.com/subscriptions/850f02f7-e14c-4fb7-905d-7b98bcae9c7f/providers/Microsoft.Compute/locations/eastus2euap/CsOperations/b6699afe-4158-4850-b024-7ed07d218aa5?api-version=2022-09-04"
        ],
        "x-ms-ratelimit-remaining-resource": [
          "Microsoft.Compute/CreateUpdateDeleteCloudServiceOperations30Min;290,Microsoft.Compute/CreateUpdateDeleteCloudServiceOperations30Min;290"
        ],
        "Strict-Transport-Security": [
          "max-age=31536000; includeSubDomains"
        ],
        "x-ms-request-id": [
          "b6699afe-4158-4850-b024-7ed07d218aa5"
        ],
        "Server": [
          "Microsoft-HTTPAPI/2.0,Microsoft-HTTPAPI/2.0 Microsoft-HTTPAPI/2.0 Microsoft-HTTPAPI/2.0"
        ],
        "x-ms-ratelimit-remaining-subscription-writes": [
          "1198"
        ],
        "x-ms-correlation-request-id": [
          "6280ba4c-e4e0-4c7a-9c54-f44492ff2f3a"
        ],
        "x-ms-routing-request-id": [
          "WESTUS2:20221114T195831Z:6280ba4c-e4e0-4c7a-9c54-f44492ff2f3a"
        ],
        "X-Content-Type-Options": [
          "nosniff"
        ],
        "Date": [
          "Mon, 14 Nov 2022 19:58:31 GMT"
        ],
        "Expires": [
          "-1"
        ],
        "Content-Length": [
          "0"
        ]
      },
      "ResponseBody": "",
      "StatusCode": 202
    },
    {
      "RequestUri": "/subscriptions/850f02f7-e14c-4fb7-905d-7b98bcae9c7f/providers/Microsoft.Compute/locations/eastus2euap/CsOperations/b6699afe-4158-4850-b024-7ed07d218aa5?api-version=2022-09-04",
      "EncodedRequestUri": "L3N1YnNjcmlwdGlvbnMvODUwZjAyZjctZTE0Yy00ZmI3LTkwNWQtN2I5OGJjYWU5YzdmL3Byb3ZpZGVycy9NaWNyb3NvZnQuQ29tcHV0ZS9sb2NhdGlvbnMvZWFzdHVzMmV1YXAvQ3NPcGVyYXRpb25zL2I2Njk5YWZlLTQxNTgtNDg1MC1iMDI0LTdlZDA3ZDIxOGFhNT9hcGktdmVyc2lvbj0yMDIyLTA5LTA0",
      "RequestMethod": "GET",
      "RequestBody": "",
      "RequestHeaders": {
        "User-Agent": [
          "FxVersion/4.700.22.51102",
          "OSName/Windows",
          "OSVersion/Microsoft.Windows.10.0.22621",
          "Microsoft.Azure.Management.Compute.ComputeManagementClient/59.0.0"
        ]
      },
      "ResponseHeaders": {
        "Cache-Control": [
          "no-cache"
        ],
        "Pragma": [
          "no-cache"
        ],
        "Strict-Transport-Security": [
          "max-age=31536000; includeSubDomains"
        ],
        "x-ms-served-by": [
          "1458b69a-160b-4728-85b0-1fcd050989ae_133101163193071207"
        ],
        "x-ms-request-id": [
          "def78779-f768-4aad-806f-fbe30bc4b13a"
        ],
        "Server": [
          "Microsoft-HTTPAPI/2.0",
          "Microsoft-HTTPAPI/2.0"
        ],
        "x-ms-ratelimit-remaining-subscription-reads": [
          "11982"
        ],
        "x-ms-correlation-request-id": [
          "5c8b5c61-f39c-407a-9d20-6fbe2b5e49d6"
        ],
        "x-ms-routing-request-id": [
          "WESTUS2:20221114T195901Z:5c8b5c61-f39c-407a-9d20-6fbe2b5e49d6"
        ],
        "X-Content-Type-Options": [
          "nosniff"
        ],
        "Date": [
          "Mon, 14 Nov 2022 19:59:01 GMT"
        ],
        "Content-Length": [
          "134"
        ],
        "Content-Type": [
          "application/json; charset=utf-8"
        ],
        "Expires": [
          "-1"
        ]
      },
      "ResponseBody": "{\r\n  \"startTime\": \"2022-11-14T11:58:31.5144601-08:00\",\r\n  \"status\": \"InProgress\",\r\n  \"name\": \"b6699afe-4158-4850-b024-7ed07d218aa5\"\r\n}",
      "StatusCode": 200
    },
    {
      "RequestUri": "/subscriptions/850f02f7-e14c-4fb7-905d-7b98bcae9c7f/providers/Microsoft.Compute/locations/eastus2euap/CsOperations/b6699afe-4158-4850-b024-7ed07d218aa5?api-version=2022-09-04",
      "EncodedRequestUri": "L3N1YnNjcmlwdGlvbnMvODUwZjAyZjctZTE0Yy00ZmI3LTkwNWQtN2I5OGJjYWU5YzdmL3Byb3ZpZGVycy9NaWNyb3NvZnQuQ29tcHV0ZS9sb2NhdGlvbnMvZWFzdHVzMmV1YXAvQ3NPcGVyYXRpb25zL2I2Njk5YWZlLTQxNTgtNDg1MC1iMDI0LTdlZDA3ZDIxOGFhNT9hcGktdmVyc2lvbj0yMDIyLTA5LTA0",
      "RequestMethod": "GET",
      "RequestBody": "",
      "RequestHeaders": {
        "User-Agent": [
          "FxVersion/4.700.22.51102",
          "OSName/Windows",
          "OSVersion/Microsoft.Windows.10.0.22621",
          "Microsoft.Azure.Management.Compute.ComputeManagementClient/59.0.0"
        ]
      },
      "ResponseHeaders": {
        "Cache-Control": [
          "no-cache"
        ],
        "Pragma": [
          "no-cache"
        ],
        "Strict-Transport-Security": [
          "max-age=31536000; includeSubDomains"
        ],
        "x-ms-served-by": [
          "1458b69a-160b-4728-85b0-1fcd050989ae_133101163193071207"
        ],
        "x-ms-request-id": [
          "13ceaf71-4ec5-4f2a-91a9-c6fecf397d12"
        ],
        "Server": [
          "Microsoft-HTTPAPI/2.0",
          "Microsoft-HTTPAPI/2.0"
        ],
        "x-ms-ratelimit-remaining-subscription-reads": [
          "11981"
        ],
        "x-ms-correlation-request-id": [
          "790d476d-49bb-47d9-b378-37378dbb972e"
        ],
        "x-ms-routing-request-id": [
          "WESTUS2:20221114T195931Z:790d476d-49bb-47d9-b378-37378dbb972e"
        ],
        "X-Content-Type-Options": [
          "nosniff"
        ],
        "Date": [
          "Mon, 14 Nov 2022 19:59:31 GMT"
        ],
        "Content-Length": [
          "134"
        ],
        "Content-Type": [
          "application/json; charset=utf-8"
        ],
        "Expires": [
          "-1"
        ]
      },
      "ResponseBody": "{\r\n  \"startTime\": \"2022-11-14T11:58:31.5144601-08:00\",\r\n  \"status\": \"InProgress\",\r\n  \"name\": \"b6699afe-4158-4850-b024-7ed07d218aa5\"\r\n}",
      "StatusCode": 200
    },
    {
      "RequestUri": "/subscriptions/850f02f7-e14c-4fb7-905d-7b98bcae9c7f/providers/Microsoft.Compute/locations/eastus2euap/CsOperations/b6699afe-4158-4850-b024-7ed07d218aa5?api-version=2022-09-04",
      "EncodedRequestUri": "L3N1YnNjcmlwdGlvbnMvODUwZjAyZjctZTE0Yy00ZmI3LTkwNWQtN2I5OGJjYWU5YzdmL3Byb3ZpZGVycy9NaWNyb3NvZnQuQ29tcHV0ZS9sb2NhdGlvbnMvZWFzdHVzMmV1YXAvQ3NPcGVyYXRpb25zL2I2Njk5YWZlLTQxNTgtNDg1MC1iMDI0LTdlZDA3ZDIxOGFhNT9hcGktdmVyc2lvbj0yMDIyLTA5LTA0",
      "RequestMethod": "GET",
      "RequestBody": "",
      "RequestHeaders": {
        "User-Agent": [
          "FxVersion/4.700.22.51102",
          "OSName/Windows",
          "OSVersion/Microsoft.Windows.10.0.22621",
          "Microsoft.Azure.Management.Compute.ComputeManagementClient/59.0.0"
        ]
      },
      "ResponseHeaders": {
        "Cache-Control": [
          "no-cache"
        ],
        "Pragma": [
          "no-cache"
        ],
        "Strict-Transport-Security": [
          "max-age=31536000; includeSubDomains"
        ],
        "x-ms-served-by": [
          "1458b69a-160b-4728-85b0-1fcd050989ae_133101163193071207"
        ],
        "x-ms-request-id": [
          "3e58bc29-1601-4999-9b91-a5be3dc7fa0e"
        ],
        "Server": [
          "Microsoft-HTTPAPI/2.0",
          "Microsoft-HTTPAPI/2.0"
        ],
        "x-ms-ratelimit-remaining-subscription-reads": [
          "11980"
        ],
        "x-ms-correlation-request-id": [
          "dc3f0970-0629-455d-92db-5a74f8b52cb9"
        ],
        "x-ms-routing-request-id": [
          "WESTUS2:20221114T200002Z:dc3f0970-0629-455d-92db-5a74f8b52cb9"
        ],
        "X-Content-Type-Options": [
          "nosniff"
        ],
        "Date": [
          "Mon, 14 Nov 2022 20:00:01 GMT"
        ],
        "Content-Length": [
          "134"
        ],
        "Content-Type": [
          "application/json; charset=utf-8"
        ],
        "Expires": [
          "-1"
        ]
      },
      "ResponseBody": "{\r\n  \"startTime\": \"2022-11-14T11:58:31.5144601-08:00\",\r\n  \"status\": \"InProgress\",\r\n  \"name\": \"b6699afe-4158-4850-b024-7ed07d218aa5\"\r\n}",
      "StatusCode": 200
    },
    {
      "RequestUri": "/subscriptions/850f02f7-e14c-4fb7-905d-7b98bcae9c7f/providers/Microsoft.Compute/locations/eastus2euap/CsOperations/b6699afe-4158-4850-b024-7ed07d218aa5?api-version=2022-09-04",
      "EncodedRequestUri": "L3N1YnNjcmlwdGlvbnMvODUwZjAyZjctZTE0Yy00ZmI3LTkwNWQtN2I5OGJjYWU5YzdmL3Byb3ZpZGVycy9NaWNyb3NvZnQuQ29tcHV0ZS9sb2NhdGlvbnMvZWFzdHVzMmV1YXAvQ3NPcGVyYXRpb25zL2I2Njk5YWZlLTQxNTgtNDg1MC1iMDI0LTdlZDA3ZDIxOGFhNT9hcGktdmVyc2lvbj0yMDIyLTA5LTA0",
      "RequestMethod": "GET",
      "RequestBody": "",
      "RequestHeaders": {
        "User-Agent": [
          "FxVersion/4.700.22.51102",
          "OSName/Windows",
          "OSVersion/Microsoft.Windows.10.0.22621",
          "Microsoft.Azure.Management.Compute.ComputeManagementClient/59.0.0"
        ]
      },
      "ResponseHeaders": {
        "Cache-Control": [
          "no-cache"
        ],
        "Pragma": [
          "no-cache"
        ],
        "Strict-Transport-Security": [
          "max-age=31536000; includeSubDomains"
        ],
        "x-ms-served-by": [
          "1458b69a-160b-4728-85b0-1fcd050989ae_133101163193071207"
        ],
        "x-ms-request-id": [
          "2fe83c99-e6f7-41fd-b4d5-1219c0bc3e25"
        ],
        "Server": [
          "Microsoft-HTTPAPI/2.0",
          "Microsoft-HTTPAPI/2.0"
        ],
        "x-ms-ratelimit-remaining-subscription-reads": [
          "11979"
        ],
        "x-ms-correlation-request-id": [
          "54991d65-6700-4577-918b-d954a785c3ca"
        ],
        "x-ms-routing-request-id": [
          "WESTUS2:20221114T200032Z:54991d65-6700-4577-918b-d954a785c3ca"
        ],
        "X-Content-Type-Options": [
          "nosniff"
        ],
        "Date": [
          "Mon, 14 Nov 2022 20:00:31 GMT"
        ],
        "Content-Length": [
          "134"
        ],
        "Content-Type": [
          "application/json; charset=utf-8"
        ],
        "Expires": [
          "-1"
        ]
      },
      "ResponseBody": "{\r\n  \"startTime\": \"2022-11-14T11:58:31.5144601-08:00\",\r\n  \"status\": \"InProgress\",\r\n  \"name\": \"b6699afe-4158-4850-b024-7ed07d218aa5\"\r\n}",
      "StatusCode": 200
    },
    {
      "RequestUri": "/subscriptions/850f02f7-e14c-4fb7-905d-7b98bcae9c7f/providers/Microsoft.Compute/locations/eastus2euap/CsOperations/b6699afe-4158-4850-b024-7ed07d218aa5?api-version=2022-09-04",
      "EncodedRequestUri": "L3N1YnNjcmlwdGlvbnMvODUwZjAyZjctZTE0Yy00ZmI3LTkwNWQtN2I5OGJjYWU5YzdmL3Byb3ZpZGVycy9NaWNyb3NvZnQuQ29tcHV0ZS9sb2NhdGlvbnMvZWFzdHVzMmV1YXAvQ3NPcGVyYXRpb25zL2I2Njk5YWZlLTQxNTgtNDg1MC1iMDI0LTdlZDA3ZDIxOGFhNT9hcGktdmVyc2lvbj0yMDIyLTA5LTA0",
      "RequestMethod": "GET",
      "RequestBody": "",
      "RequestHeaders": {
        "User-Agent": [
          "FxVersion/4.700.22.51102",
          "OSName/Windows",
          "OSVersion/Microsoft.Windows.10.0.22621",
          "Microsoft.Azure.Management.Compute.ComputeManagementClient/59.0.0"
        ]
      },
      "ResponseHeaders": {
        "Cache-Control": [
          "no-cache"
        ],
        "Pragma": [
          "no-cache"
        ],
        "Strict-Transport-Security": [
          "max-age=31536000; includeSubDomains"
        ],
        "x-ms-served-by": [
          "1458b69a-160b-4728-85b0-1fcd050989ae_133101163193071207"
        ],
        "x-ms-request-id": [
          "e148c7c9-c6d8-417b-881d-6a436e8069e2"
        ],
        "Server": [
          "Microsoft-HTTPAPI/2.0",
          "Microsoft-HTTPAPI/2.0"
        ],
        "x-ms-ratelimit-remaining-subscription-reads": [
          "11978"
        ],
        "x-ms-correlation-request-id": [
          "43daf3d0-1048-4e6d-9803-dee8d7f3d84b"
        ],
        "x-ms-routing-request-id": [
          "WESTUS2:20221114T200102Z:43daf3d0-1048-4e6d-9803-dee8d7f3d84b"
        ],
        "X-Content-Type-Options": [
          "nosniff"
        ],
        "Date": [
          "Mon, 14 Nov 2022 20:01:01 GMT"
        ],
        "Content-Length": [
          "134"
        ],
        "Content-Type": [
          "application/json; charset=utf-8"
        ],
        "Expires": [
          "-1"
        ]
      },
      "ResponseBody": "{\r\n  \"startTime\": \"2022-11-14T11:58:31.5144601-08:00\",\r\n  \"status\": \"InProgress\",\r\n  \"name\": \"b6699afe-4158-4850-b024-7ed07d218aa5\"\r\n}",
      "StatusCode": 200
    },
    {
      "RequestUri": "/subscriptions/850f02f7-e14c-4fb7-905d-7b98bcae9c7f/providers/Microsoft.Compute/locations/eastus2euap/CsOperations/b6699afe-4158-4850-b024-7ed07d218aa5?api-version=2022-09-04",
      "EncodedRequestUri": "L3N1YnNjcmlwdGlvbnMvODUwZjAyZjctZTE0Yy00ZmI3LTkwNWQtN2I5OGJjYWU5YzdmL3Byb3ZpZGVycy9NaWNyb3NvZnQuQ29tcHV0ZS9sb2NhdGlvbnMvZWFzdHVzMmV1YXAvQ3NPcGVyYXRpb25zL2I2Njk5YWZlLTQxNTgtNDg1MC1iMDI0LTdlZDA3ZDIxOGFhNT9hcGktdmVyc2lvbj0yMDIyLTA5LTA0",
      "RequestMethod": "GET",
      "RequestBody": "",
      "RequestHeaders": {
        "User-Agent": [
          "FxVersion/4.700.22.51102",
          "OSName/Windows",
          "OSVersion/Microsoft.Windows.10.0.22621",
          "Microsoft.Azure.Management.Compute.ComputeManagementClient/59.0.0"
        ]
      },
      "ResponseHeaders": {
        "Cache-Control": [
          "no-cache"
        ],
        "Pragma": [
          "no-cache"
        ],
        "Strict-Transport-Security": [
          "max-age=31536000; includeSubDomains"
        ],
        "x-ms-served-by": [
          "1458b69a-160b-4728-85b0-1fcd050989ae_133101163193071207"
        ],
        "x-ms-request-id": [
          "3b49b731-84cb-4db2-907d-edb6c94944b1"
        ],
        "Server": [
          "Microsoft-HTTPAPI/2.0",
          "Microsoft-HTTPAPI/2.0"
        ],
        "x-ms-ratelimit-remaining-subscription-reads": [
          "11977"
        ],
        "x-ms-correlation-request-id": [
          "29521e61-5054-498e-bc79-08021cea6f45"
        ],
        "x-ms-routing-request-id": [
          "WESTUS2:20221114T200132Z:29521e61-5054-498e-bc79-08021cea6f45"
        ],
        "X-Content-Type-Options": [
          "nosniff"
        ],
        "Date": [
          "Mon, 14 Nov 2022 20:01:32 GMT"
        ],
        "Content-Length": [
          "134"
        ],
        "Content-Type": [
          "application/json; charset=utf-8"
        ],
        "Expires": [
          "-1"
        ]
      },
      "ResponseBody": "{\r\n  \"startTime\": \"2022-11-14T11:58:31.5144601-08:00\",\r\n  \"status\": \"InProgress\",\r\n  \"name\": \"b6699afe-4158-4850-b024-7ed07d218aa5\"\r\n}",
      "StatusCode": 200
    },
    {
      "RequestUri": "/subscriptions/850f02f7-e14c-4fb7-905d-7b98bcae9c7f/providers/Microsoft.Compute/locations/eastus2euap/CsOperations/b6699afe-4158-4850-b024-7ed07d218aa5?api-version=2022-09-04",
      "EncodedRequestUri": "L3N1YnNjcmlwdGlvbnMvODUwZjAyZjctZTE0Yy00ZmI3LTkwNWQtN2I5OGJjYWU5YzdmL3Byb3ZpZGVycy9NaWNyb3NvZnQuQ29tcHV0ZS9sb2NhdGlvbnMvZWFzdHVzMmV1YXAvQ3NPcGVyYXRpb25zL2I2Njk5YWZlLTQxNTgtNDg1MC1iMDI0LTdlZDA3ZDIxOGFhNT9hcGktdmVyc2lvbj0yMDIyLTA5LTA0",
      "RequestMethod": "GET",
      "RequestBody": "",
      "RequestHeaders": {
        "User-Agent": [
          "FxVersion/4.700.22.51102",
          "OSName/Windows",
          "OSVersion/Microsoft.Windows.10.0.22621",
          "Microsoft.Azure.Management.Compute.ComputeManagementClient/59.0.0"
        ]
      },
      "ResponseHeaders": {
        "Cache-Control": [
          "no-cache"
        ],
        "Pragma": [
          "no-cache"
        ],
        "Strict-Transport-Security": [
          "max-age=31536000; includeSubDomains"
        ],
        "x-ms-served-by": [
          "1458b69a-160b-4728-85b0-1fcd050989ae_133101163193071207"
        ],
        "x-ms-request-id": [
          "013f52a8-9134-4ea8-ab3d-c4fa5fb56f7a"
        ],
        "Server": [
          "Microsoft-HTTPAPI/2.0",
          "Microsoft-HTTPAPI/2.0"
        ],
        "x-ms-ratelimit-remaining-subscription-reads": [
          "11976"
        ],
        "x-ms-correlation-request-id": [
          "d76cb31c-7ff9-4c71-868b-31cac8d35b45"
        ],
        "x-ms-routing-request-id": [
          "WESTUS2:20221114T200202Z:d76cb31c-7ff9-4c71-868b-31cac8d35b45"
        ],
        "X-Content-Type-Options": [
          "nosniff"
        ],
        "Date": [
          "Mon, 14 Nov 2022 20:02:02 GMT"
        ],
        "Content-Length": [
          "134"
        ],
        "Content-Type": [
          "application/json; charset=utf-8"
        ],
        "Expires": [
          "-1"
        ]
      },
      "ResponseBody": "{\r\n  \"startTime\": \"2022-11-14T11:58:31.5144601-08:00\",\r\n  \"status\": \"InProgress\",\r\n  \"name\": \"b6699afe-4158-4850-b024-7ed07d218aa5\"\r\n}",
      "StatusCode": 200
    },
    {
      "RequestUri": "/subscriptions/850f02f7-e14c-4fb7-905d-7b98bcae9c7f/providers/Microsoft.Compute/locations/eastus2euap/CsOperations/b6699afe-4158-4850-b024-7ed07d218aa5?api-version=2022-09-04",
      "EncodedRequestUri": "L3N1YnNjcmlwdGlvbnMvODUwZjAyZjctZTE0Yy00ZmI3LTkwNWQtN2I5OGJjYWU5YzdmL3Byb3ZpZGVycy9NaWNyb3NvZnQuQ29tcHV0ZS9sb2NhdGlvbnMvZWFzdHVzMmV1YXAvQ3NPcGVyYXRpb25zL2I2Njk5YWZlLTQxNTgtNDg1MC1iMDI0LTdlZDA3ZDIxOGFhNT9hcGktdmVyc2lvbj0yMDIyLTA5LTA0",
      "RequestMethod": "GET",
      "RequestBody": "",
      "RequestHeaders": {
        "User-Agent": [
          "FxVersion/4.700.22.51102",
          "OSName/Windows",
          "OSVersion/Microsoft.Windows.10.0.22621",
          "Microsoft.Azure.Management.Compute.ComputeManagementClient/59.0.0"
        ]
      },
      "ResponseHeaders": {
        "Cache-Control": [
          "no-cache"
        ],
        "Pragma": [
          "no-cache"
        ],
        "Strict-Transport-Security": [
          "max-age=31536000; includeSubDomains"
        ],
        "x-ms-served-by": [
          "1458b69a-160b-4728-85b0-1fcd050989ae_133101163193071207"
        ],
        "x-ms-request-id": [
          "75902575-f051-4de3-a772-5c755e4474ef"
        ],
        "Server": [
          "Microsoft-HTTPAPI/2.0",
          "Microsoft-HTTPAPI/2.0"
        ],
        "x-ms-ratelimit-remaining-subscription-reads": [
          "11975"
        ],
        "x-ms-correlation-request-id": [
          "8b609dea-90d0-43a1-b015-3cd0dafa4bb4"
        ],
        "x-ms-routing-request-id": [
          "WESTUS2:20221114T200232Z:8b609dea-90d0-43a1-b015-3cd0dafa4bb4"
        ],
        "X-Content-Type-Options": [
          "nosniff"
        ],
        "Date": [
          "Mon, 14 Nov 2022 20:02:32 GMT"
        ],
        "Content-Length": [
          "184"
        ],
        "Content-Type": [
          "application/json; charset=utf-8"
        ],
        "Expires": [
          "-1"
        ]
      },
      "ResponseBody": "{\r\n  \"startTime\": \"2022-11-14T11:58:31.5144601-08:00\",\r\n  \"endTime\": \"2022-11-14T12:02:19.1240575-08:00\",\r\n  \"status\": \"Succeeded\",\r\n  \"name\": \"b6699afe-4158-4850-b024-7ed07d218aa5\"\r\n}",
      "StatusCode": 200
    },
    {
      "RequestUri": "/subscriptions/850f02f7-e14c-4fb7-905d-7b98bcae9c7f/providers/Microsoft.Compute/locations/eastus2euap/CsOperations/b6699afe-4158-4850-b024-7ed07d218aa5?monitor=true&api-version=2022-09-04",
      "EncodedRequestUri": "L3N1YnNjcmlwdGlvbnMvODUwZjAyZjctZTE0Yy00ZmI3LTkwNWQtN2I5OGJjYWU5YzdmL3Byb3ZpZGVycy9NaWNyb3NvZnQuQ29tcHV0ZS9sb2NhdGlvbnMvZWFzdHVzMmV1YXAvQ3NPcGVyYXRpb25zL2I2Njk5YWZlLTQxNTgtNDg1MC1iMDI0LTdlZDA3ZDIxOGFhNT9tb25pdG9yPXRydWUmYXBpLXZlcnNpb249MjAyMi0wOS0wNA==",
      "RequestMethod": "GET",
      "RequestBody": "",
      "RequestHeaders": {
        "User-Agent": [
          "FxVersion/4.700.22.51102",
          "OSName/Windows",
          "OSVersion/Microsoft.Windows.10.0.22621",
          "Microsoft.Azure.Management.Compute.ComputeManagementClient/59.0.0"
        ]
      },
      "ResponseHeaders": {
        "Cache-Control": [
          "no-cache"
        ],
        "Pragma": [
          "no-cache"
        ],
        "Strict-Transport-Security": [
          "max-age=31536000; includeSubDomains"
        ],
        "x-ms-served-by": [
          "1458b69a-160b-4728-85b0-1fcd050989ae_133101163193071207"
        ],
        "x-ms-request-id": [
          "db7e2940-3072-45e7-9961-2d44ec275f82"
        ],
        "Server": [
          "Microsoft-HTTPAPI/2.0",
          "Microsoft-HTTPAPI/2.0"
        ],
        "x-ms-ratelimit-remaining-subscription-reads": [
          "11974"
        ],
        "x-ms-correlation-request-id": [
          "f2db5641-d93d-4f3f-9dd2-ec9154a4e5a4"
        ],
        "x-ms-routing-request-id": [
          "WESTUS2:20221114T200232Z:f2db5641-d93d-4f3f-9dd2-ec9154a4e5a4"
        ],
        "X-Content-Type-Options": [
          "nosniff"
        ],
        "Date": [
          "Mon, 14 Nov 2022 20:02:32 GMT"
        ],
        "Expires": [
          "-1"
        ],
        "Content-Length": [
          "0"
        ]
      },
      "ResponseBody": "",
      "StatusCode": 200
    },
    {
      "RequestUri": "/subscriptions/850f02f7-e14c-4fb7-905d-7b98bcae9c7f/resourceGroups/crptestar8119/providers/Microsoft.Compute/cloudServices/cs9341/roleInstances/HelloWorldTest1_IN_0/rebuild?api-version=2022-09-04",
      "EncodedRequestUri": "L3N1YnNjcmlwdGlvbnMvODUwZjAyZjctZTE0Yy00ZmI3LTkwNWQtN2I5OGJjYWU5YzdmL3Jlc291cmNlR3JvdXBzL2NycHRlc3RhcjgxMTkvcHJvdmlkZXJzL01pY3Jvc29mdC5Db21wdXRlL2Nsb3VkU2VydmljZXMvY3M5MzQxL3JvbGVJbnN0YW5jZXMvSGVsbG9Xb3JsZFRlc3QxX0lOXzAvcmVidWlsZD9hcGktdmVyc2lvbj0yMDIyLTA5LTA0",
      "RequestMethod": "POST",
      "RequestBody": "",
      "RequestHeaders": {
        "x-ms-client-request-id": [
          "e05eea56-5bc5-4f68-b94a-030f4c1a7c97"
        ],
        "Accept-Language": [
          "en-US"
        ],
        "User-Agent": [
          "FxVersion/4.700.22.51102",
          "OSName/Windows",
          "OSVersion/Microsoft.Windows.10.0.22621",
          "Microsoft.Azure.Management.Compute.ComputeManagementClient/59.0.0"
        ]
      },
      "ResponseHeaders": {
        "Cache-Control": [
          "no-cache"
        ],
        "Pragma": [
          "no-cache"
        ],
        "Location": [
          "https://management.azure.com/subscriptions/850f02f7-e14c-4fb7-905d-7b98bcae9c7f/providers/Microsoft.Compute/locations/eastus2euap/CsOperations/084730e1-db7a-4e8b-88d1-9a5691508270?monitor=true&api-version=2022-09-04"
        ],
        "Azure-AsyncOperation": [
          "https://management.azure.com/subscriptions/850f02f7-e14c-4fb7-905d-7b98bcae9c7f/providers/Microsoft.Compute/locations/eastus2euap/CsOperations/084730e1-db7a-4e8b-88d1-9a5691508270?api-version=2022-09-04"
        ],
        "x-ms-ratelimit-remaining-resource": [
          "Microsoft.Compute/CreateUpdateDeleteCloudServiceOperations30Min;291,Microsoft.Compute/CreateUpdateDeleteCloudServiceOperations30Min;299"
        ],
        "Strict-Transport-Security": [
          "max-age=31536000; includeSubDomains"
        ],
        "x-ms-request-id": [
          "084730e1-db7a-4e8b-88d1-9a5691508270"
        ],
        "Server": [
          "Microsoft-HTTPAPI/2.0,Microsoft-HTTPAPI/2.0 Microsoft-HTTPAPI/2.0 Microsoft-HTTPAPI/2.0"
        ],
        "x-ms-ratelimit-remaining-subscription-writes": [
          "1197"
        ],
        "x-ms-correlation-request-id": [
          "9c83b839-fc12-4b8f-9186-00fc878a4595"
        ],
        "x-ms-routing-request-id": [
          "WESTUS2:20221114T200233Z:9c83b839-fc12-4b8f-9186-00fc878a4595"
        ],
        "X-Content-Type-Options": [
          "nosniff"
        ],
        "Date": [
          "Mon, 14 Nov 2022 20:02:33 GMT"
        ],
        "Expires": [
          "-1"
        ],
        "Content-Length": [
          "0"
        ]
      },
      "ResponseBody": "",
      "StatusCode": 202
    },
    {
      "RequestUri": "/subscriptions/850f02f7-e14c-4fb7-905d-7b98bcae9c7f/providers/Microsoft.Compute/locations/eastus2euap/CsOperations/084730e1-db7a-4e8b-88d1-9a5691508270?api-version=2022-09-04",
      "EncodedRequestUri": "L3N1YnNjcmlwdGlvbnMvODUwZjAyZjctZTE0Yy00ZmI3LTkwNWQtN2I5OGJjYWU5YzdmL3Byb3ZpZGVycy9NaWNyb3NvZnQuQ29tcHV0ZS9sb2NhdGlvbnMvZWFzdHVzMmV1YXAvQ3NPcGVyYXRpb25zLzA4NDczMGUxLWRiN2EtNGU4Yi04OGQxLTlhNTY5MTUwODI3MD9hcGktdmVyc2lvbj0yMDIyLTA5LTA0",
      "RequestMethod": "GET",
      "RequestBody": "",
      "RequestHeaders": {
        "User-Agent": [
          "FxVersion/4.700.22.51102",
          "OSName/Windows",
          "OSVersion/Microsoft.Windows.10.0.22621",
          "Microsoft.Azure.Management.Compute.ComputeManagementClient/59.0.0"
        ]
      },
      "ResponseHeaders": {
        "Cache-Control": [
          "no-cache"
        ],
        "Pragma": [
          "no-cache"
        ],
        "Strict-Transport-Security": [
          "max-age=31536000; includeSubDomains"
        ],
        "x-ms-served-by": [
          "1458b69a-160b-4728-85b0-1fcd050989ae_133101163193071207"
        ],
        "x-ms-request-id": [
          "5e72d930-9de9-489f-84ad-a79c34707f49"
        ],
        "Server": [
          "Microsoft-HTTPAPI/2.0",
          "Microsoft-HTTPAPI/2.0"
        ],
        "x-ms-ratelimit-remaining-subscription-reads": [
          "11972"
        ],
        "x-ms-correlation-request-id": [
          "f7575a26-7e31-4067-abb8-46322a3cffc7"
        ],
        "x-ms-routing-request-id": [
          "WESTUS2:20221114T200303Z:f7575a26-7e31-4067-abb8-46322a3cffc7"
        ],
        "X-Content-Type-Options": [
          "nosniff"
        ],
        "Date": [
          "Mon, 14 Nov 2022 20:03:03 GMT"
        ],
        "Content-Length": [
          "134"
        ],
        "Content-Type": [
          "application/json; charset=utf-8"
        ],
        "Expires": [
          "-1"
        ]
      },
      "ResponseBody": "{\r\n  \"startTime\": \"2022-11-14T12:02:33.4834363-08:00\",\r\n  \"status\": \"InProgress\",\r\n  \"name\": \"084730e1-db7a-4e8b-88d1-9a5691508270\"\r\n}",
      "StatusCode": 200
    },
    {
      "RequestUri": "/subscriptions/850f02f7-e14c-4fb7-905d-7b98bcae9c7f/providers/Microsoft.Compute/locations/eastus2euap/CsOperations/084730e1-db7a-4e8b-88d1-9a5691508270?api-version=2022-09-04",
      "EncodedRequestUri": "L3N1YnNjcmlwdGlvbnMvODUwZjAyZjctZTE0Yy00ZmI3LTkwNWQtN2I5OGJjYWU5YzdmL3Byb3ZpZGVycy9NaWNyb3NvZnQuQ29tcHV0ZS9sb2NhdGlvbnMvZWFzdHVzMmV1YXAvQ3NPcGVyYXRpb25zLzA4NDczMGUxLWRiN2EtNGU4Yi04OGQxLTlhNTY5MTUwODI3MD9hcGktdmVyc2lvbj0yMDIyLTA5LTA0",
      "RequestMethod": "GET",
      "RequestBody": "",
      "RequestHeaders": {
        "User-Agent": [
          "FxVersion/4.700.22.51102",
          "OSName/Windows",
          "OSVersion/Microsoft.Windows.10.0.22621",
          "Microsoft.Azure.Management.Compute.ComputeManagementClient/59.0.0"
        ]
      },
      "ResponseHeaders": {
        "Cache-Control": [
          "no-cache"
        ],
        "Pragma": [
          "no-cache"
        ],
        "Strict-Transport-Security": [
          "max-age=31536000; includeSubDomains"
        ],
        "x-ms-served-by": [
          "1458b69a-160b-4728-85b0-1fcd050989ae_133101163193071207"
        ],
        "x-ms-request-id": [
          "9587b58c-ee15-44d4-9207-7536acdabe62"
        ],
        "x-ms-ratelimit-remaining-subscription-reads": [
          "11971"
        ],
        "Server": [
          "Microsoft-HTTPAPI/2.0",
          "Microsoft-HTTPAPI/2.0"
        ],
        "x-ms-correlation-request-id": [
          "3f30e413-d352-45cf-a4ba-81f797174e66"
        ],
        "x-ms-routing-request-id": [
          "WESTUS2:20221114T200333Z:3f30e413-d352-45cf-a4ba-81f797174e66"
        ],
        "X-Content-Type-Options": [
          "nosniff"
        ],
        "Date": [
          "Mon, 14 Nov 2022 20:03:33 GMT"
        ],
        "Content-Length": [
          "134"
        ],
        "Content-Type": [
          "application/json; charset=utf-8"
        ],
        "Expires": [
          "-1"
        ]
      },
      "ResponseBody": "{\r\n  \"startTime\": \"2022-11-14T12:02:33.4834363-08:00\",\r\n  \"status\": \"InProgress\",\r\n  \"name\": \"084730e1-db7a-4e8b-88d1-9a5691508270\"\r\n}",
      "StatusCode": 200
    },
    {
      "RequestUri": "/subscriptions/850f02f7-e14c-4fb7-905d-7b98bcae9c7f/providers/Microsoft.Compute/locations/eastus2euap/CsOperations/084730e1-db7a-4e8b-88d1-9a5691508270?api-version=2022-09-04",
      "EncodedRequestUri": "L3N1YnNjcmlwdGlvbnMvODUwZjAyZjctZTE0Yy00ZmI3LTkwNWQtN2I5OGJjYWU5YzdmL3Byb3ZpZGVycy9NaWNyb3NvZnQuQ29tcHV0ZS9sb2NhdGlvbnMvZWFzdHVzMmV1YXAvQ3NPcGVyYXRpb25zLzA4NDczMGUxLWRiN2EtNGU4Yi04OGQxLTlhNTY5MTUwODI3MD9hcGktdmVyc2lvbj0yMDIyLTA5LTA0",
      "RequestMethod": "GET",
      "RequestBody": "",
      "RequestHeaders": {
        "User-Agent": [
          "FxVersion/4.700.22.51102",
          "OSName/Windows",
          "OSVersion/Microsoft.Windows.10.0.22621",
          "Microsoft.Azure.Management.Compute.ComputeManagementClient/59.0.0"
        ]
      },
      "ResponseHeaders": {
        "Cache-Control": [
          "no-cache"
        ],
        "Pragma": [
          "no-cache"
        ],
        "Strict-Transport-Security": [
          "max-age=31536000; includeSubDomains"
        ],
        "x-ms-served-by": [
          "1458b69a-160b-4728-85b0-1fcd050989ae_133101163193071207"
        ],
        "x-ms-request-id": [
          "76003d35-0982-4ba1-b900-39844028dff5"
        ],
        "Server": [
          "Microsoft-HTTPAPI/2.0",
          "Microsoft-HTTPAPI/2.0"
        ],
        "x-ms-ratelimit-remaining-subscription-reads": [
          "11970"
        ],
        "x-ms-correlation-request-id": [
          "ec1a936b-4d1d-4d95-a290-6b86d5e30196"
        ],
        "x-ms-routing-request-id": [
          "WESTUS2:20221114T200404Z:ec1a936b-4d1d-4d95-a290-6b86d5e30196"
        ],
        "X-Content-Type-Options": [
          "nosniff"
        ],
        "Date": [
          "Mon, 14 Nov 2022 20:04:03 GMT"
        ],
        "Content-Length": [
          "134"
        ],
        "Content-Type": [
          "application/json; charset=utf-8"
        ],
        "Expires": [
          "-1"
        ]
      },
      "ResponseBody": "{\r\n  \"startTime\": \"2022-11-14T12:02:33.4834363-08:00\",\r\n  \"status\": \"InProgress\",\r\n  \"name\": \"084730e1-db7a-4e8b-88d1-9a5691508270\"\r\n}",
      "StatusCode": 200
    },
    {
      "RequestUri": "/subscriptions/850f02f7-e14c-4fb7-905d-7b98bcae9c7f/providers/Microsoft.Compute/locations/eastus2euap/CsOperations/084730e1-db7a-4e8b-88d1-9a5691508270?api-version=2022-09-04",
      "EncodedRequestUri": "L3N1YnNjcmlwdGlvbnMvODUwZjAyZjctZTE0Yy00ZmI3LTkwNWQtN2I5OGJjYWU5YzdmL3Byb3ZpZGVycy9NaWNyb3NvZnQuQ29tcHV0ZS9sb2NhdGlvbnMvZWFzdHVzMmV1YXAvQ3NPcGVyYXRpb25zLzA4NDczMGUxLWRiN2EtNGU4Yi04OGQxLTlhNTY5MTUwODI3MD9hcGktdmVyc2lvbj0yMDIyLTA5LTA0",
      "RequestMethod": "GET",
      "RequestBody": "",
      "RequestHeaders": {
        "User-Agent": [
          "FxVersion/4.700.22.51102",
          "OSName/Windows",
          "OSVersion/Microsoft.Windows.10.0.22621",
          "Microsoft.Azure.Management.Compute.ComputeManagementClient/59.0.0"
        ]
      },
      "ResponseHeaders": {
        "Cache-Control": [
          "no-cache"
        ],
        "Pragma": [
          "no-cache"
        ],
        "Strict-Transport-Security": [
          "max-age=31536000; includeSubDomains"
        ],
        "x-ms-served-by": [
          "1458b69a-160b-4728-85b0-1fcd050989ae_133101163193071207"
        ],
        "x-ms-request-id": [
          "4f1f6112-658f-4bc0-8e29-e90d69cbdc5b"
        ],
        "Server": [
          "Microsoft-HTTPAPI/2.0",
          "Microsoft-HTTPAPI/2.0"
        ],
        "x-ms-ratelimit-remaining-subscription-reads": [
          "11969"
        ],
        "x-ms-correlation-request-id": [
          "d5d4f394-5ad0-411d-9576-388645bf7f79"
        ],
        "x-ms-routing-request-id": [
          "WESTUS2:20221114T200434Z:d5d4f394-5ad0-411d-9576-388645bf7f79"
        ],
        "X-Content-Type-Options": [
          "nosniff"
        ],
        "Date": [
          "Mon, 14 Nov 2022 20:04:33 GMT"
        ],
        "Content-Length": [
          "134"
        ],
        "Content-Type": [
          "application/json; charset=utf-8"
        ],
        "Expires": [
          "-1"
        ]
      },
      "ResponseBody": "{\r\n  \"startTime\": \"2022-11-14T12:02:33.4834363-08:00\",\r\n  \"status\": \"InProgress\",\r\n  \"name\": \"084730e1-db7a-4e8b-88d1-9a5691508270\"\r\n}",
      "StatusCode": 200
    },
    {
      "RequestUri": "/subscriptions/850f02f7-e14c-4fb7-905d-7b98bcae9c7f/providers/Microsoft.Compute/locations/eastus2euap/CsOperations/084730e1-db7a-4e8b-88d1-9a5691508270?api-version=2022-09-04",
      "EncodedRequestUri": "L3N1YnNjcmlwdGlvbnMvODUwZjAyZjctZTE0Yy00ZmI3LTkwNWQtN2I5OGJjYWU5YzdmL3Byb3ZpZGVycy9NaWNyb3NvZnQuQ29tcHV0ZS9sb2NhdGlvbnMvZWFzdHVzMmV1YXAvQ3NPcGVyYXRpb25zLzA4NDczMGUxLWRiN2EtNGU4Yi04OGQxLTlhNTY5MTUwODI3MD9hcGktdmVyc2lvbj0yMDIyLTA5LTA0",
      "RequestMethod": "GET",
      "RequestBody": "",
      "RequestHeaders": {
        "User-Agent": [
          "FxVersion/4.700.22.51102",
          "OSName/Windows",
          "OSVersion/Microsoft.Windows.10.0.22621",
          "Microsoft.Azure.Management.Compute.ComputeManagementClient/59.0.0"
        ]
      },
      "ResponseHeaders": {
        "Cache-Control": [
          "no-cache"
        ],
        "Pragma": [
          "no-cache"
        ],
        "Strict-Transport-Security": [
          "max-age=31536000; includeSubDomains"
        ],
        "x-ms-served-by": [
          "1458b69a-160b-4728-85b0-1fcd050989ae_133101163193071207"
        ],
        "x-ms-request-id": [
          "9419dc0c-958e-4e4d-83c5-3c70951f81b6"
        ],
        "Server": [
          "Microsoft-HTTPAPI/2.0",
          "Microsoft-HTTPAPI/2.0"
        ],
        "x-ms-ratelimit-remaining-subscription-reads": [
          "11968"
        ],
        "x-ms-correlation-request-id": [
          "4112b87b-31be-4460-9b4c-2f16ae151e80"
        ],
        "x-ms-routing-request-id": [
          "WESTUS2:20221114T200504Z:4112b87b-31be-4460-9b4c-2f16ae151e80"
        ],
        "X-Content-Type-Options": [
          "nosniff"
        ],
        "Date": [
          "Mon, 14 Nov 2022 20:05:04 GMT"
        ],
        "Content-Length": [
          "134"
        ],
        "Content-Type": [
          "application/json; charset=utf-8"
        ],
        "Expires": [
          "-1"
        ]
      },
      "ResponseBody": "{\r\n  \"startTime\": \"2022-11-14T12:02:33.4834363-08:00\",\r\n  \"status\": \"InProgress\",\r\n  \"name\": \"084730e1-db7a-4e8b-88d1-9a5691508270\"\r\n}",
      "StatusCode": 200
    },
    {
      "RequestUri": "/subscriptions/850f02f7-e14c-4fb7-905d-7b98bcae9c7f/providers/Microsoft.Compute/locations/eastus2euap/CsOperations/084730e1-db7a-4e8b-88d1-9a5691508270?api-version=2022-09-04",
      "EncodedRequestUri": "L3N1YnNjcmlwdGlvbnMvODUwZjAyZjctZTE0Yy00ZmI3LTkwNWQtN2I5OGJjYWU5YzdmL3Byb3ZpZGVycy9NaWNyb3NvZnQuQ29tcHV0ZS9sb2NhdGlvbnMvZWFzdHVzMmV1YXAvQ3NPcGVyYXRpb25zLzA4NDczMGUxLWRiN2EtNGU4Yi04OGQxLTlhNTY5MTUwODI3MD9hcGktdmVyc2lvbj0yMDIyLTA5LTA0",
      "RequestMethod": "GET",
      "RequestBody": "",
      "RequestHeaders": {
        "User-Agent": [
          "FxVersion/4.700.22.51102",
          "OSName/Windows",
          "OSVersion/Microsoft.Windows.10.0.22621",
          "Microsoft.Azure.Management.Compute.ComputeManagementClient/59.0.0"
        ]
      },
      "ResponseHeaders": {
        "Cache-Control": [
          "no-cache"
        ],
        "Pragma": [
          "no-cache"
        ],
        "Strict-Transport-Security": [
          "max-age=31536000; includeSubDomains"
        ],
        "x-ms-served-by": [
          "1458b69a-160b-4728-85b0-1fcd050989ae_133101163193071207"
        ],
        "x-ms-request-id": [
          "f063e0a7-c0b9-471a-9dad-2d07425ef477"
        ],
        "Server": [
          "Microsoft-HTTPAPI/2.0",
          "Microsoft-HTTPAPI/2.0"
        ],
        "x-ms-ratelimit-remaining-subscription-reads": [
          "11967"
        ],
        "x-ms-correlation-request-id": [
          "e1d38bc4-2578-477c-853f-55622164598d"
        ],
        "x-ms-routing-request-id": [
          "WESTUS2:20221114T200534Z:e1d38bc4-2578-477c-853f-55622164598d"
        ],
        "X-Content-Type-Options": [
          "nosniff"
        ],
        "Date": [
          "Mon, 14 Nov 2022 20:05:34 GMT"
        ],
        "Content-Length": [
          "134"
        ],
        "Content-Type": [
          "application/json; charset=utf-8"
        ],
        "Expires": [
          "-1"
        ]
      },
      "ResponseBody": "{\r\n  \"startTime\": \"2022-11-14T12:02:33.4834363-08:00\",\r\n  \"status\": \"InProgress\",\r\n  \"name\": \"084730e1-db7a-4e8b-88d1-9a5691508270\"\r\n}",
      "StatusCode": 200
    },
    {
      "RequestUri": "/subscriptions/850f02f7-e14c-4fb7-905d-7b98bcae9c7f/providers/Microsoft.Compute/locations/eastus2euap/CsOperations/084730e1-db7a-4e8b-88d1-9a5691508270?api-version=2022-09-04",
      "EncodedRequestUri": "L3N1YnNjcmlwdGlvbnMvODUwZjAyZjctZTE0Yy00ZmI3LTkwNWQtN2I5OGJjYWU5YzdmL3Byb3ZpZGVycy9NaWNyb3NvZnQuQ29tcHV0ZS9sb2NhdGlvbnMvZWFzdHVzMmV1YXAvQ3NPcGVyYXRpb25zLzA4NDczMGUxLWRiN2EtNGU4Yi04OGQxLTlhNTY5MTUwODI3MD9hcGktdmVyc2lvbj0yMDIyLTA5LTA0",
      "RequestMethod": "GET",
      "RequestBody": "",
      "RequestHeaders": {
        "User-Agent": [
          "FxVersion/4.700.22.51102",
          "OSName/Windows",
          "OSVersion/Microsoft.Windows.10.0.22621",
          "Microsoft.Azure.Management.Compute.ComputeManagementClient/59.0.0"
        ]
      },
      "ResponseHeaders": {
        "Cache-Control": [
          "no-cache"
        ],
        "Pragma": [
          "no-cache"
        ],
        "Strict-Transport-Security": [
          "max-age=31536000; includeSubDomains"
        ],
        "x-ms-served-by": [
          "1458b69a-160b-4728-85b0-1fcd050989ae_133101163193071207"
        ],
        "x-ms-request-id": [
          "f3ee6dd8-e65b-4401-8154-117e5bf3dc43"
        ],
        "Server": [
          "Microsoft-HTTPAPI/2.0",
          "Microsoft-HTTPAPI/2.0"
        ],
        "x-ms-ratelimit-remaining-subscription-reads": [
          "11966"
        ],
        "x-ms-correlation-request-id": [
          "bb670423-71e2-43e6-bf79-1fcf2a8ae35f"
        ],
        "x-ms-routing-request-id": [
          "WESTUS2:20221114T200604Z:bb670423-71e2-43e6-bf79-1fcf2a8ae35f"
        ],
        "X-Content-Type-Options": [
          "nosniff"
        ],
        "Date": [
          "Mon, 14 Nov 2022 20:06:04 GMT"
        ],
        "Content-Length": [
          "134"
        ],
        "Content-Type": [
          "application/json; charset=utf-8"
        ],
        "Expires": [
          "-1"
        ]
      },
      "ResponseBody": "{\r\n  \"startTime\": \"2022-11-14T12:02:33.4834363-08:00\",\r\n  \"status\": \"InProgress\",\r\n  \"name\": \"084730e1-db7a-4e8b-88d1-9a5691508270\"\r\n}",
      "StatusCode": 200
    },
    {
      "RequestUri": "/subscriptions/850f02f7-e14c-4fb7-905d-7b98bcae9c7f/providers/Microsoft.Compute/locations/eastus2euap/CsOperations/084730e1-db7a-4e8b-88d1-9a5691508270?api-version=2022-09-04",
      "EncodedRequestUri": "L3N1YnNjcmlwdGlvbnMvODUwZjAyZjctZTE0Yy00ZmI3LTkwNWQtN2I5OGJjYWU5YzdmL3Byb3ZpZGVycy9NaWNyb3NvZnQuQ29tcHV0ZS9sb2NhdGlvbnMvZWFzdHVzMmV1YXAvQ3NPcGVyYXRpb25zLzA4NDczMGUxLWRiN2EtNGU4Yi04OGQxLTlhNTY5MTUwODI3MD9hcGktdmVyc2lvbj0yMDIyLTA5LTA0",
      "RequestMethod": "GET",
      "RequestBody": "",
      "RequestHeaders": {
        "User-Agent": [
          "FxVersion/4.700.22.51102",
          "OSName/Windows",
          "OSVersion/Microsoft.Windows.10.0.22621",
          "Microsoft.Azure.Management.Compute.ComputeManagementClient/59.0.0"
        ]
      },
      "ResponseHeaders": {
        "Cache-Control": [
          "no-cache"
        ],
        "Pragma": [
          "no-cache"
        ],
        "Strict-Transport-Security": [
          "max-age=31536000; includeSubDomains"
        ],
        "x-ms-served-by": [
          "1458b69a-160b-4728-85b0-1fcd050989ae_133101163193071207"
        ],
        "x-ms-request-id": [
          "25977189-d0e3-407f-928a-17fb9b5577f3"
        ],
        "Server": [
          "Microsoft-HTTPAPI/2.0",
          "Microsoft-HTTPAPI/2.0"
        ],
        "x-ms-ratelimit-remaining-subscription-reads": [
          "11965"
        ],
        "x-ms-correlation-request-id": [
          "d1f9b8b7-e80d-4396-b17d-a28f7a376e3c"
        ],
        "x-ms-routing-request-id": [
          "WESTUS2:20221114T200635Z:d1f9b8b7-e80d-4396-b17d-a28f7a376e3c"
        ],
        "X-Content-Type-Options": [
          "nosniff"
        ],
        "Date": [
          "Mon, 14 Nov 2022 20:06:34 GMT"
        ],
        "Content-Length": [
          "183"
        ],
        "Content-Type": [
          "application/json; charset=utf-8"
        ],
        "Expires": [
          "-1"
        ]
      },
      "ResponseBody": "{\r\n  \"startTime\": \"2022-11-14T12:02:33.4834363-08:00\",\r\n  \"endTime\": \"2022-11-14T12:06:16.015163-08:00\",\r\n  \"status\": \"Succeeded\",\r\n  \"name\": \"084730e1-db7a-4e8b-88d1-9a5691508270\"\r\n}",
      "StatusCode": 200
    },
    {
      "RequestUri": "/subscriptions/850f02f7-e14c-4fb7-905d-7b98bcae9c7f/providers/Microsoft.Compute/locations/eastus2euap/CsOperations/084730e1-db7a-4e8b-88d1-9a5691508270?monitor=true&api-version=2022-09-04",
      "EncodedRequestUri": "L3N1YnNjcmlwdGlvbnMvODUwZjAyZjctZTE0Yy00ZmI3LTkwNWQtN2I5OGJjYWU5YzdmL3Byb3ZpZGVycy9NaWNyb3NvZnQuQ29tcHV0ZS9sb2NhdGlvbnMvZWFzdHVzMmV1YXAvQ3NPcGVyYXRpb25zLzA4NDczMGUxLWRiN2EtNGU4Yi04OGQxLTlhNTY5MTUwODI3MD9tb25pdG9yPXRydWUmYXBpLXZlcnNpb249MjAyMi0wOS0wNA==",
      "RequestMethod": "GET",
      "RequestBody": "",
      "RequestHeaders": {
        "User-Agent": [
          "FxVersion/4.700.22.51102",
          "OSName/Windows",
          "OSVersion/Microsoft.Windows.10.0.22621",
          "Microsoft.Azure.Management.Compute.ComputeManagementClient/59.0.0"
        ]
      },
      "ResponseHeaders": {
        "Cache-Control": [
          "no-cache"
        ],
        "Pragma": [
          "no-cache"
        ],
        "Strict-Transport-Security": [
          "max-age=31536000; includeSubDomains"
        ],
        "x-ms-served-by": [
          "1458b69a-160b-4728-85b0-1fcd050989ae_133101163193071207"
        ],
        "x-ms-request-id": [
          "1cc40b05-aca5-4756-a945-a8923564824d"
        ],
        "Server": [
          "Microsoft-HTTPAPI/2.0",
          "Microsoft-HTTPAPI/2.0"
        ],
        "x-ms-ratelimit-remaining-subscription-reads": [
          "11964"
        ],
        "x-ms-correlation-request-id": [
          "9d7df447-f59d-43b8-b7fd-e22e5fb298a7"
        ],
        "x-ms-routing-request-id": [
          "WESTUS2:20221114T200635Z:9d7df447-f59d-43b8-b7fd-e22e5fb298a7"
        ],
        "X-Content-Type-Options": [
          "nosniff"
        ],
        "Date": [
          "Mon, 14 Nov 2022 20:06:34 GMT"
        ],
        "Expires": [
          "-1"
        ],
        "Content-Length": [
          "0"
        ]
      },
      "ResponseBody": "",
      "StatusCode": 200
    },
    {
      "RequestUri": "/subscriptions/850f02f7-e14c-4fb7-905d-7b98bcae9c7f/resourceGroups/crptestar8119/providers/Microsoft.Compute/cloudServices/cs9341/roleInstances/HelloWorldTest1_IN_0?api-version=2022-09-04",
      "EncodedRequestUri": "L3N1YnNjcmlwdGlvbnMvODUwZjAyZjctZTE0Yy00ZmI3LTkwNWQtN2I5OGJjYWU5YzdmL3Jlc291cmNlR3JvdXBzL2NycHRlc3RhcjgxMTkvcHJvdmlkZXJzL01pY3Jvc29mdC5Db21wdXRlL2Nsb3VkU2VydmljZXMvY3M5MzQxL3JvbGVJbnN0YW5jZXMvSGVsbG9Xb3JsZFRlc3QxX0lOXzA/YXBpLXZlcnNpb249MjAyMi0wOS0wNA==",
      "RequestMethod": "DELETE",
      "RequestBody": "",
      "RequestHeaders": {
        "x-ms-client-request-id": [
          "91f0b219-e193-4fa9-90e3-02e9ea3c16d8"
        ],
        "Accept-Language": [
          "en-US"
        ],
        "User-Agent": [
          "FxVersion/4.700.22.51102",
          "OSName/Windows",
          "OSVersion/Microsoft.Windows.10.0.22621",
          "Microsoft.Azure.Management.Compute.ComputeManagementClient/59.0.0"
        ]
      },
      "ResponseHeaders": {
        "Cache-Control": [
          "no-cache"
        ],
        "Pragma": [
          "no-cache"
        ],
        "Location": [
          "https://management.azure.com/subscriptions/850f02f7-e14c-4fb7-905d-7b98bcae9c7f/providers/Microsoft.Compute/locations/eastus2euap/CsOperations/d19f548e-c58e-46e0-9d34-924992b75277?monitor=true&api-version=2022-09-04"
        ],
        "Azure-AsyncOperation": [
          "https://management.azure.com/subscriptions/850f02f7-e14c-4fb7-905d-7b98bcae9c7f/providers/Microsoft.Compute/locations/eastus2euap/CsOperations/d19f548e-c58e-46e0-9d34-924992b75277?api-version=2022-09-04"
        ],
        "x-ms-ratelimit-remaining-resource": [
          "Microsoft.Compute/CreateUpdateDeleteCloudServiceOperations30Min;292,Microsoft.Compute/CreateUpdateDeleteCloudServiceOperations30Min;298"
        ],
        "Strict-Transport-Security": [
          "max-age=31536000; includeSubDomains"
        ],
        "x-ms-request-id": [
          "d19f548e-c58e-46e0-9d34-924992b75277"
        ],
        "Server": [
          "Microsoft-HTTPAPI/2.0,Microsoft-HTTPAPI/2.0 Microsoft-HTTPAPI/2.0 Microsoft-HTTPAPI/2.0"
        ],
        "x-ms-ratelimit-remaining-subscription-deletes": [
          "14999"
        ],
        "x-ms-correlation-request-id": [
          "8fb788dd-89a5-4273-950d-1bce95e997a4"
        ],
        "x-ms-routing-request-id": [
          "WESTUS2:20221114T200636Z:8fb788dd-89a5-4273-950d-1bce95e997a4"
        ],
        "X-Content-Type-Options": [
          "nosniff"
        ],
        "Date": [
          "Mon, 14 Nov 2022 20:06:35 GMT"
        ],
        "Expires": [
          "-1"
        ],
        "Content-Length": [
          "0"
        ]
      },
      "ResponseBody": "",
      "StatusCode": 202
    },
    {
      "RequestUri": "/subscriptions/850f02f7-e14c-4fb7-905d-7b98bcae9c7f/providers/Microsoft.Compute/locations/eastus2euap/CsOperations/d19f548e-c58e-46e0-9d34-924992b75277?api-version=2022-09-04",
      "EncodedRequestUri": "L3N1YnNjcmlwdGlvbnMvODUwZjAyZjctZTE0Yy00ZmI3LTkwNWQtN2I5OGJjYWU5YzdmL3Byb3ZpZGVycy9NaWNyb3NvZnQuQ29tcHV0ZS9sb2NhdGlvbnMvZWFzdHVzMmV1YXAvQ3NPcGVyYXRpb25zL2QxOWY1NDhlLWM1OGUtNDZlMC05ZDM0LTkyNDk5MmI3NTI3Nz9hcGktdmVyc2lvbj0yMDIyLTA5LTA0",
      "RequestMethod": "GET",
      "RequestBody": "",
      "RequestHeaders": {
        "User-Agent": [
          "FxVersion/4.700.22.51102",
          "OSName/Windows",
          "OSVersion/Microsoft.Windows.10.0.22621",
          "Microsoft.Azure.Management.Compute.ComputeManagementClient/59.0.0"
        ]
      },
      "ResponseHeaders": {
        "Cache-Control": [
          "no-cache"
        ],
        "Pragma": [
          "no-cache"
        ],
        "Strict-Transport-Security": [
          "max-age=31536000; includeSubDomains"
        ],
        "x-ms-served-by": [
          "1458b69a-160b-4728-85b0-1fcd050989ae_133101163193071207"
        ],
        "x-ms-request-id": [
          "3d649e19-9ddc-47cc-8a31-f772ce90f870"
        ],
        "Server": [
          "Microsoft-HTTPAPI/2.0",
          "Microsoft-HTTPAPI/2.0"
        ],
        "x-ms-ratelimit-remaining-subscription-reads": [
          "11962"
        ],
        "x-ms-correlation-request-id": [
          "1a4196b2-3179-4410-bd79-e9360cf79d29"
        ],
        "x-ms-routing-request-id": [
          "WESTUS2:20221114T200706Z:1a4196b2-3179-4410-bd79-e9360cf79d29"
        ],
        "X-Content-Type-Options": [
          "nosniff"
        ],
        "Date": [
          "Mon, 14 Nov 2022 20:07:05 GMT"
        ],
        "Content-Length": [
          "134"
        ],
        "Content-Type": [
          "application/json; charset=utf-8"
        ],
        "Expires": [
          "-1"
        ]
      },
      "ResponseBody": "{\r\n  \"startTime\": \"2022-11-14T12:06:35.8279549-08:00\",\r\n  \"status\": \"InProgress\",\r\n  \"name\": \"d19f548e-c58e-46e0-9d34-924992b75277\"\r\n}",
      "StatusCode": 200
    },
    {
      "RequestUri": "/subscriptions/850f02f7-e14c-4fb7-905d-7b98bcae9c7f/providers/Microsoft.Compute/locations/eastus2euap/CsOperations/d19f548e-c58e-46e0-9d34-924992b75277?api-version=2022-09-04",
      "EncodedRequestUri": "L3N1YnNjcmlwdGlvbnMvODUwZjAyZjctZTE0Yy00ZmI3LTkwNWQtN2I5OGJjYWU5YzdmL3Byb3ZpZGVycy9NaWNyb3NvZnQuQ29tcHV0ZS9sb2NhdGlvbnMvZWFzdHVzMmV1YXAvQ3NPcGVyYXRpb25zL2QxOWY1NDhlLWM1OGUtNDZlMC05ZDM0LTkyNDk5MmI3NTI3Nz9hcGktdmVyc2lvbj0yMDIyLTA5LTA0",
      "RequestMethod": "GET",
      "RequestBody": "",
      "RequestHeaders": {
        "User-Agent": [
          "FxVersion/4.700.22.51102",
          "OSName/Windows",
          "OSVersion/Microsoft.Windows.10.0.22621",
          "Microsoft.Azure.Management.Compute.ComputeManagementClient/59.0.0"
        ]
      },
      "ResponseHeaders": {
        "Cache-Control": [
          "no-cache"
        ],
        "Pragma": [
          "no-cache"
        ],
        "Strict-Transport-Security": [
          "max-age=31536000; includeSubDomains"
        ],
        "x-ms-served-by": [
          "1458b69a-160b-4728-85b0-1fcd050989ae_133101163193071207"
        ],
        "x-ms-request-id": [
          "05f22efb-54c0-47ef-9cca-d8ea32785760"
        ],
        "Server": [
          "Microsoft-HTTPAPI/2.0",
          "Microsoft-HTTPAPI/2.0"
        ],
        "x-ms-ratelimit-remaining-subscription-reads": [
          "11961"
        ],
        "x-ms-correlation-request-id": [
          "266eda10-9ad2-4dc7-85cd-1209ac2f6c5c"
        ],
        "x-ms-routing-request-id": [
          "WESTUS2:20221114T200736Z:266eda10-9ad2-4dc7-85cd-1209ac2f6c5c"
        ],
        "X-Content-Type-Options": [
          "nosniff"
        ],
        "Date": [
          "Mon, 14 Nov 2022 20:07:36 GMT"
        ],
        "Content-Length": [
          "134"
        ],
        "Content-Type": [
          "application/json; charset=utf-8"
        ],
        "Expires": [
          "-1"
        ]
      },
      "ResponseBody": "{\r\n  \"startTime\": \"2022-11-14T12:06:35.8279549-08:00\",\r\n  \"status\": \"InProgress\",\r\n  \"name\": \"d19f548e-c58e-46e0-9d34-924992b75277\"\r\n}",
      "StatusCode": 200
    },
    {
      "RequestUri": "/subscriptions/850f02f7-e14c-4fb7-905d-7b98bcae9c7f/providers/Microsoft.Compute/locations/eastus2euap/CsOperations/d19f548e-c58e-46e0-9d34-924992b75277?api-version=2022-09-04",
      "EncodedRequestUri": "L3N1YnNjcmlwdGlvbnMvODUwZjAyZjctZTE0Yy00ZmI3LTkwNWQtN2I5OGJjYWU5YzdmL3Byb3ZpZGVycy9NaWNyb3NvZnQuQ29tcHV0ZS9sb2NhdGlvbnMvZWFzdHVzMmV1YXAvQ3NPcGVyYXRpb25zL2QxOWY1NDhlLWM1OGUtNDZlMC05ZDM0LTkyNDk5MmI3NTI3Nz9hcGktdmVyc2lvbj0yMDIyLTA5LTA0",
      "RequestMethod": "GET",
      "RequestBody": "",
      "RequestHeaders": {
        "User-Agent": [
          "FxVersion/4.700.22.51102",
          "OSName/Windows",
          "OSVersion/Microsoft.Windows.10.0.22621",
          "Microsoft.Azure.Management.Compute.ComputeManagementClient/59.0.0"
        ]
      },
      "ResponseHeaders": {
        "Cache-Control": [
          "no-cache"
        ],
        "Pragma": [
          "no-cache"
        ],
        "Strict-Transport-Security": [
          "max-age=31536000; includeSubDomains"
        ],
        "x-ms-served-by": [
          "1458b69a-160b-4728-85b0-1fcd050989ae_133101163193071207"
        ],
        "x-ms-request-id": [
          "0f633fca-6ade-461c-b21c-de42cbd0652a"
        ],
        "Server": [
          "Microsoft-HTTPAPI/2.0",
          "Microsoft-HTTPAPI/2.0"
        ],
        "x-ms-ratelimit-remaining-subscription-reads": [
          "11960"
        ],
        "x-ms-correlation-request-id": [
          "b77cab78-46e9-4d61-b3ca-7fbbd3618c32"
        ],
        "x-ms-routing-request-id": [
          "WESTUS2:20221114T200806Z:b77cab78-46e9-4d61-b3ca-7fbbd3618c32"
        ],
        "X-Content-Type-Options": [
          "nosniff"
        ],
        "Date": [
          "Mon, 14 Nov 2022 20:08:06 GMT"
        ],
        "Content-Length": [
          "134"
        ],
        "Content-Type": [
          "application/json; charset=utf-8"
        ],
        "Expires": [
          "-1"
        ]
      },
      "ResponseBody": "{\r\n  \"startTime\": \"2022-11-14T12:06:35.8279549-08:00\",\r\n  \"status\": \"InProgress\",\r\n  \"name\": \"d19f548e-c58e-46e0-9d34-924992b75277\"\r\n}",
      "StatusCode": 200
    },
    {
      "RequestUri": "/subscriptions/850f02f7-e14c-4fb7-905d-7b98bcae9c7f/providers/Microsoft.Compute/locations/eastus2euap/CsOperations/d19f548e-c58e-46e0-9d34-924992b75277?api-version=2022-09-04",
      "EncodedRequestUri": "L3N1YnNjcmlwdGlvbnMvODUwZjAyZjctZTE0Yy00ZmI3LTkwNWQtN2I5OGJjYWU5YzdmL3Byb3ZpZGVycy9NaWNyb3NvZnQuQ29tcHV0ZS9sb2NhdGlvbnMvZWFzdHVzMmV1YXAvQ3NPcGVyYXRpb25zL2QxOWY1NDhlLWM1OGUtNDZlMC05ZDM0LTkyNDk5MmI3NTI3Nz9hcGktdmVyc2lvbj0yMDIyLTA5LTA0",
      "RequestMethod": "GET",
      "RequestBody": "",
      "RequestHeaders": {
        "User-Agent": [
          "FxVersion/4.700.22.51102",
          "OSName/Windows",
          "OSVersion/Microsoft.Windows.10.0.22621",
          "Microsoft.Azure.Management.Compute.ComputeManagementClient/59.0.0"
        ]
      },
      "ResponseHeaders": {
        "Cache-Control": [
          "no-cache"
        ],
        "Pragma": [
          "no-cache"
        ],
        "Strict-Transport-Security": [
          "max-age=31536000; includeSubDomains"
        ],
        "x-ms-served-by": [
          "1458b69a-160b-4728-85b0-1fcd050989ae_133101163193071207"
        ],
        "x-ms-request-id": [
          "99e42cf8-dfea-420a-b3c2-958ca1320135"
        ],
        "Server": [
          "Microsoft-HTTPAPI/2.0",
          "Microsoft-HTTPAPI/2.0"
        ],
        "x-ms-ratelimit-remaining-subscription-reads": [
          "11959"
        ],
        "x-ms-correlation-request-id": [
          "bb7d1bf9-0cb1-42f4-9f9f-65fd4f44c58a"
        ],
        "x-ms-routing-request-id": [
          "WESTUS2:20221114T200836Z:bb7d1bf9-0cb1-42f4-9f9f-65fd4f44c58a"
        ],
        "X-Content-Type-Options": [
          "nosniff"
        ],
        "Date": [
          "Mon, 14 Nov 2022 20:08:35 GMT"
        ],
        "Content-Length": [
          "134"
        ],
        "Content-Type": [
          "application/json; charset=utf-8"
        ],
        "Expires": [
          "-1"
        ]
      },
      "ResponseBody": "{\r\n  \"startTime\": \"2022-11-14T12:06:35.8279549-08:00\",\r\n  \"status\": \"InProgress\",\r\n  \"name\": \"d19f548e-c58e-46e0-9d34-924992b75277\"\r\n}",
      "StatusCode": 200
    },
    {
      "RequestUri": "/subscriptions/850f02f7-e14c-4fb7-905d-7b98bcae9c7f/providers/Microsoft.Compute/locations/eastus2euap/CsOperations/d19f548e-c58e-46e0-9d34-924992b75277?api-version=2022-09-04",
      "EncodedRequestUri": "L3N1YnNjcmlwdGlvbnMvODUwZjAyZjctZTE0Yy00ZmI3LTkwNWQtN2I5OGJjYWU5YzdmL3Byb3ZpZGVycy9NaWNyb3NvZnQuQ29tcHV0ZS9sb2NhdGlvbnMvZWFzdHVzMmV1YXAvQ3NPcGVyYXRpb25zL2QxOWY1NDhlLWM1OGUtNDZlMC05ZDM0LTkyNDk5MmI3NTI3Nz9hcGktdmVyc2lvbj0yMDIyLTA5LTA0",
      "RequestMethod": "GET",
      "RequestBody": "",
      "RequestHeaders": {
        "User-Agent": [
          "FxVersion/4.700.22.51102",
          "OSName/Windows",
          "OSVersion/Microsoft.Windows.10.0.22621",
          "Microsoft.Azure.Management.Compute.ComputeManagementClient/59.0.0"
        ]
      },
      "ResponseHeaders": {
        "Cache-Control": [
          "no-cache"
        ],
        "Pragma": [
          "no-cache"
        ],
        "Strict-Transport-Security": [
          "max-age=31536000; includeSubDomains"
        ],
        "x-ms-served-by": [
          "1458b69a-160b-4728-85b0-1fcd050989ae_133101163193071207"
        ],
        "x-ms-request-id": [
          "db47502e-5d81-4f73-af5f-987faf1d4b3e"
        ],
        "x-ms-ratelimit-remaining-subscription-reads": [
          "11958"
        ],
        "Server": [
          "Microsoft-HTTPAPI/2.0",
          "Microsoft-HTTPAPI/2.0"
        ],
        "x-ms-correlation-request-id": [
          "c7690ad4-2c16-4a00-b651-afb6ffbcf6c1"
        ],
        "x-ms-routing-request-id": [
          "WESTUS2:20221114T200907Z:c7690ad4-2c16-4a00-b651-afb6ffbcf6c1"
        ],
        "X-Content-Type-Options": [
          "nosniff"
        ],
        "Date": [
          "Mon, 14 Nov 2022 20:09:06 GMT"
        ],
        "Content-Length": [
          "134"
        ],
        "Content-Type": [
          "application/json; charset=utf-8"
        ],
        "Expires": [
          "-1"
        ]
      },
      "ResponseBody": "{\r\n  \"startTime\": \"2022-11-14T12:06:35.8279549-08:00\",\r\n  \"status\": \"InProgress\",\r\n  \"name\": \"d19f548e-c58e-46e0-9d34-924992b75277\"\r\n}",
      "StatusCode": 200
    },
    {
      "RequestUri": "/subscriptions/850f02f7-e14c-4fb7-905d-7b98bcae9c7f/providers/Microsoft.Compute/locations/eastus2euap/CsOperations/d19f548e-c58e-46e0-9d34-924992b75277?api-version=2022-09-04",
      "EncodedRequestUri": "L3N1YnNjcmlwdGlvbnMvODUwZjAyZjctZTE0Yy00ZmI3LTkwNWQtN2I5OGJjYWU5YzdmL3Byb3ZpZGVycy9NaWNyb3NvZnQuQ29tcHV0ZS9sb2NhdGlvbnMvZWFzdHVzMmV1YXAvQ3NPcGVyYXRpb25zL2QxOWY1NDhlLWM1OGUtNDZlMC05ZDM0LTkyNDk5MmI3NTI3Nz9hcGktdmVyc2lvbj0yMDIyLTA5LTA0",
      "RequestMethod": "GET",
      "RequestBody": "",
      "RequestHeaders": {
        "User-Agent": [
          "FxVersion/4.700.22.51102",
          "OSName/Windows",
          "OSVersion/Microsoft.Windows.10.0.22621",
          "Microsoft.Azure.Management.Compute.ComputeManagementClient/59.0.0"
        ]
      },
      "ResponseHeaders": {
        "Cache-Control": [
          "no-cache"
        ],
        "Pragma": [
          "no-cache"
        ],
        "Strict-Transport-Security": [
          "max-age=31536000; includeSubDomains"
        ],
        "x-ms-served-by": [
          "1458b69a-160b-4728-85b0-1fcd050989ae_133101163193071207"
        ],
        "x-ms-request-id": [
          "8c1b55d6-7c73-4e78-80db-204e9a4cbf21"
        ],
        "Server": [
          "Microsoft-HTTPAPI/2.0",
          "Microsoft-HTTPAPI/2.0"
        ],
        "x-ms-ratelimit-remaining-subscription-reads": [
          "11957"
        ],
        "x-ms-correlation-request-id": [
          "0f3dcff9-45b7-4df3-9311-a5ccb52028cf"
        ],
        "x-ms-routing-request-id": [
          "WESTUS2:20221114T200937Z:0f3dcff9-45b7-4df3-9311-a5ccb52028cf"
        ],
        "X-Content-Type-Options": [
          "nosniff"
        ],
        "Date": [
          "Mon, 14 Nov 2022 20:09:37 GMT"
        ],
        "Content-Length": [
          "134"
        ],
        "Content-Type": [
          "application/json; charset=utf-8"
        ],
        "Expires": [
          "-1"
        ]
      },
      "ResponseBody": "{\r\n  \"startTime\": \"2022-11-14T12:06:35.8279549-08:00\",\r\n  \"status\": \"InProgress\",\r\n  \"name\": \"d19f548e-c58e-46e0-9d34-924992b75277\"\r\n}",
      "StatusCode": 200
    },
    {
      "RequestUri": "/subscriptions/850f02f7-e14c-4fb7-905d-7b98bcae9c7f/providers/Microsoft.Compute/locations/eastus2euap/CsOperations/d19f548e-c58e-46e0-9d34-924992b75277?api-version=2022-09-04",
      "EncodedRequestUri": "L3N1YnNjcmlwdGlvbnMvODUwZjAyZjctZTE0Yy00ZmI3LTkwNWQtN2I5OGJjYWU5YzdmL3Byb3ZpZGVycy9NaWNyb3NvZnQuQ29tcHV0ZS9sb2NhdGlvbnMvZWFzdHVzMmV1YXAvQ3NPcGVyYXRpb25zL2QxOWY1NDhlLWM1OGUtNDZlMC05ZDM0LTkyNDk5MmI3NTI3Nz9hcGktdmVyc2lvbj0yMDIyLTA5LTA0",
      "RequestMethod": "GET",
      "RequestBody": "",
      "RequestHeaders": {
        "User-Agent": [
          "FxVersion/4.700.22.51102",
          "OSName/Windows",
          "OSVersion/Microsoft.Windows.10.0.22621",
          "Microsoft.Azure.Management.Compute.ComputeManagementClient/59.0.0"
        ]
      },
      "ResponseHeaders": {
        "Cache-Control": [
          "no-cache"
        ],
        "Pragma": [
          "no-cache"
        ],
        "Strict-Transport-Security": [
          "max-age=31536000; includeSubDomains"
        ],
        "x-ms-served-by": [
          "1458b69a-160b-4728-85b0-1fcd050989ae_133101163193071207"
        ],
        "x-ms-request-id": [
          "fbaeb0d4-c1fe-48d1-b236-c9653b3e2fc1"
        ],
        "Server": [
          "Microsoft-HTTPAPI/2.0",
          "Microsoft-HTTPAPI/2.0"
        ],
        "x-ms-ratelimit-remaining-subscription-reads": [
          "11956"
        ],
        "x-ms-correlation-request-id": [
          "c3a245cd-0dc8-4de1-ab7b-f7f344ce068a"
        ],
        "x-ms-routing-request-id": [
          "WESTUS2:20221114T201007Z:c3a245cd-0dc8-4de1-ab7b-f7f344ce068a"
        ],
        "X-Content-Type-Options": [
          "nosniff"
        ],
        "Date": [
          "Mon, 14 Nov 2022 20:10:07 GMT"
        ],
        "Content-Length": [
          "134"
        ],
        "Content-Type": [
          "application/json; charset=utf-8"
        ],
        "Expires": [
          "-1"
        ]
      },
      "ResponseBody": "{\r\n  \"startTime\": \"2022-11-14T12:06:35.8279549-08:00\",\r\n  \"status\": \"InProgress\",\r\n  \"name\": \"d19f548e-c58e-46e0-9d34-924992b75277\"\r\n}",
      "StatusCode": 200
    },
    {
      "RequestUri": "/subscriptions/850f02f7-e14c-4fb7-905d-7b98bcae9c7f/providers/Microsoft.Compute/locations/eastus2euap/CsOperations/d19f548e-c58e-46e0-9d34-924992b75277?api-version=2022-09-04",
      "EncodedRequestUri": "L3N1YnNjcmlwdGlvbnMvODUwZjAyZjctZTE0Yy00ZmI3LTkwNWQtN2I5OGJjYWU5YzdmL3Byb3ZpZGVycy9NaWNyb3NvZnQuQ29tcHV0ZS9sb2NhdGlvbnMvZWFzdHVzMmV1YXAvQ3NPcGVyYXRpb25zL2QxOWY1NDhlLWM1OGUtNDZlMC05ZDM0LTkyNDk5MmI3NTI3Nz9hcGktdmVyc2lvbj0yMDIyLTA5LTA0",
      "RequestMethod": "GET",
      "RequestBody": "",
      "RequestHeaders": {
        "User-Agent": [
          "FxVersion/4.700.22.51102",
          "OSName/Windows",
          "OSVersion/Microsoft.Windows.10.0.22621",
          "Microsoft.Azure.Management.Compute.ComputeManagementClient/59.0.0"
        ]
      },
      "ResponseHeaders": {
        "Cache-Control": [
          "no-cache"
        ],
        "Pragma": [
          "no-cache"
        ],
        "Strict-Transport-Security": [
          "max-age=31536000; includeSubDomains"
        ],
        "x-ms-served-by": [
          "1458b69a-160b-4728-85b0-1fcd050989ae_133101163193071207"
        ],
        "x-ms-request-id": [
          "b48eb6bc-1142-4bdd-8501-257746467a2a"
        ],
        "Server": [
          "Microsoft-HTTPAPI/2.0",
          "Microsoft-HTTPAPI/2.0"
        ],
        "x-ms-ratelimit-remaining-subscription-reads": [
          "11955"
        ],
        "x-ms-correlation-request-id": [
          "d8edd51a-c7a8-4b42-a20a-4d99f9136012"
        ],
        "x-ms-routing-request-id": [
          "WESTUS2:20221114T201037Z:d8edd51a-c7a8-4b42-a20a-4d99f9136012"
        ],
        "X-Content-Type-Options": [
          "nosniff"
        ],
        "Date": [
          "Mon, 14 Nov 2022 20:10:37 GMT"
        ],
        "Content-Length": [
          "134"
        ],
        "Content-Type": [
          "application/json; charset=utf-8"
        ],
        "Expires": [
          "-1"
        ]
      },
      "ResponseBody": "{\r\n  \"startTime\": \"2022-11-14T12:06:35.8279549-08:00\",\r\n  \"status\": \"InProgress\",\r\n  \"name\": \"d19f548e-c58e-46e0-9d34-924992b75277\"\r\n}",
      "StatusCode": 200
    },
    {
      "RequestUri": "/subscriptions/850f02f7-e14c-4fb7-905d-7b98bcae9c7f/providers/Microsoft.Compute/locations/eastus2euap/CsOperations/d19f548e-c58e-46e0-9d34-924992b75277?api-version=2022-09-04",
      "EncodedRequestUri": "L3N1YnNjcmlwdGlvbnMvODUwZjAyZjctZTE0Yy00ZmI3LTkwNWQtN2I5OGJjYWU5YzdmL3Byb3ZpZGVycy9NaWNyb3NvZnQuQ29tcHV0ZS9sb2NhdGlvbnMvZWFzdHVzMmV1YXAvQ3NPcGVyYXRpb25zL2QxOWY1NDhlLWM1OGUtNDZlMC05ZDM0LTkyNDk5MmI3NTI3Nz9hcGktdmVyc2lvbj0yMDIyLTA5LTA0",
      "RequestMethod": "GET",
      "RequestBody": "",
      "RequestHeaders": {
        "User-Agent": [
          "FxVersion/4.700.22.51102",
          "OSName/Windows",
          "OSVersion/Microsoft.Windows.10.0.22621",
          "Microsoft.Azure.Management.Compute.ComputeManagementClient/59.0.0"
        ]
      },
      "ResponseHeaders": {
        "Cache-Control": [
          "no-cache"
        ],
        "Pragma": [
          "no-cache"
        ],
        "Strict-Transport-Security": [
          "max-age=31536000; includeSubDomains"
        ],
        "x-ms-served-by": [
          "1458b69a-160b-4728-85b0-1fcd050989ae_133101163193071207"
        ],
        "x-ms-request-id": [
          "d08fa8f3-af7e-4056-8ece-f4be9bce89b9"
        ],
        "Server": [
          "Microsoft-HTTPAPI/2.0",
          "Microsoft-HTTPAPI/2.0"
        ],
        "x-ms-ratelimit-remaining-subscription-reads": [
          "11954"
        ],
        "x-ms-correlation-request-id": [
          "f01514b4-676f-4c31-a10b-9d3ab8932d2a"
        ],
        "x-ms-routing-request-id": [
          "WESTUS2:20221114T201107Z:f01514b4-676f-4c31-a10b-9d3ab8932d2a"
        ],
        "X-Content-Type-Options": [
          "nosniff"
        ],
        "Date": [
          "Mon, 14 Nov 2022 20:11:07 GMT"
        ],
        "Content-Length": [
          "134"
        ],
        "Content-Type": [
          "application/json; charset=utf-8"
        ],
        "Expires": [
          "-1"
        ]
      },
      "ResponseBody": "{\r\n  \"startTime\": \"2022-11-14T12:06:35.8279549-08:00\",\r\n  \"status\": \"InProgress\",\r\n  \"name\": \"d19f548e-c58e-46e0-9d34-924992b75277\"\r\n}",
      "StatusCode": 200
    },
    {
      "RequestUri": "/subscriptions/850f02f7-e14c-4fb7-905d-7b98bcae9c7f/providers/Microsoft.Compute/locations/eastus2euap/CsOperations/d19f548e-c58e-46e0-9d34-924992b75277?api-version=2022-09-04",
      "EncodedRequestUri": "L3N1YnNjcmlwdGlvbnMvODUwZjAyZjctZTE0Yy00ZmI3LTkwNWQtN2I5OGJjYWU5YzdmL3Byb3ZpZGVycy9NaWNyb3NvZnQuQ29tcHV0ZS9sb2NhdGlvbnMvZWFzdHVzMmV1YXAvQ3NPcGVyYXRpb25zL2QxOWY1NDhlLWM1OGUtNDZlMC05ZDM0LTkyNDk5MmI3NTI3Nz9hcGktdmVyc2lvbj0yMDIyLTA5LTA0",
      "RequestMethod": "GET",
      "RequestBody": "",
      "RequestHeaders": {
        "User-Agent": [
          "FxVersion/4.700.22.51102",
          "OSName/Windows",
          "OSVersion/Microsoft.Windows.10.0.22621",
          "Microsoft.Azure.Management.Compute.ComputeManagementClient/59.0.0"
        ]
      },
      "ResponseHeaders": {
        "Cache-Control": [
          "no-cache"
        ],
        "Pragma": [
          "no-cache"
        ],
        "Strict-Transport-Security": [
          "max-age=31536000; includeSubDomains"
        ],
        "x-ms-served-by": [
          "1458b69a-160b-4728-85b0-1fcd050989ae_133101163193071207"
        ],
        "x-ms-request-id": [
          "04de2ad6-80e2-44a9-af74-ea8e69dc5270"
        ],
        "Server": [
          "Microsoft-HTTPAPI/2.0",
          "Microsoft-HTTPAPI/2.0"
        ],
        "x-ms-ratelimit-remaining-subscription-reads": [
          "11953"
        ],
        "x-ms-correlation-request-id": [
          "ae1c0d6e-11e6-4a4b-a497-c0c136a7cc30"
        ],
        "x-ms-routing-request-id": [
          "WESTUS2:20221114T201137Z:ae1c0d6e-11e6-4a4b-a497-c0c136a7cc30"
        ],
        "X-Content-Type-Options": [
          "nosniff"
        ],
        "Date": [
          "Mon, 14 Nov 2022 20:11:37 GMT"
        ],
        "Content-Length": [
          "184"
        ],
        "Content-Type": [
          "application/json; charset=utf-8"
        ],
        "Expires": [
          "-1"
        ]
      },
      "ResponseBody": "{\r\n  \"startTime\": \"2022-11-14T12:06:35.8279549-08:00\",\r\n  \"endTime\": \"2022-11-14T12:11:23.0323148-08:00\",\r\n  \"status\": \"Succeeded\",\r\n  \"name\": \"d19f548e-c58e-46e0-9d34-924992b75277\"\r\n}",
      "StatusCode": 200
    },
    {
      "RequestUri": "/subscriptions/850f02f7-e14c-4fb7-905d-7b98bcae9c7f/providers/Microsoft.Compute/locations/eastus2euap/CsOperations/d19f548e-c58e-46e0-9d34-924992b75277?monitor=true&api-version=2022-09-04",
      "EncodedRequestUri": "L3N1YnNjcmlwdGlvbnMvODUwZjAyZjctZTE0Yy00ZmI3LTkwNWQtN2I5OGJjYWU5YzdmL3Byb3ZpZGVycy9NaWNyb3NvZnQuQ29tcHV0ZS9sb2NhdGlvbnMvZWFzdHVzMmV1YXAvQ3NPcGVyYXRpb25zL2QxOWY1NDhlLWM1OGUtNDZlMC05ZDM0LTkyNDk5MmI3NTI3Nz9tb25pdG9yPXRydWUmYXBpLXZlcnNpb249MjAyMi0wOS0wNA==",
      "RequestMethod": "GET",
      "RequestBody": "",
      "RequestHeaders": {
        "User-Agent": [
          "FxVersion/4.700.22.51102",
          "OSName/Windows",
          "OSVersion/Microsoft.Windows.10.0.22621",
          "Microsoft.Azure.Management.Compute.ComputeManagementClient/59.0.0"
        ]
      },
      "ResponseHeaders": {
        "Cache-Control": [
          "no-cache"
        ],
        "Pragma": [
          "no-cache"
        ],
        "Strict-Transport-Security": [
          "max-age=31536000; includeSubDomains"
        ],
        "x-ms-served-by": [
          "1458b69a-160b-4728-85b0-1fcd050989ae_133101163193071207"
        ],
        "x-ms-request-id": [
          "6200d218-016f-4514-bdc3-cc2ad2a400bd"
        ],
        "Server": [
          "Microsoft-HTTPAPI/2.0",
          "Microsoft-HTTPAPI/2.0"
        ],
        "x-ms-ratelimit-remaining-subscription-reads": [
          "11952"
        ],
        "x-ms-correlation-request-id": [
          "8d4b4aa3-63ad-4536-91c6-f2cebed275b8"
        ],
        "x-ms-routing-request-id": [
          "WESTUS2:20221114T201138Z:8d4b4aa3-63ad-4536-91c6-f2cebed275b8"
        ],
        "X-Content-Type-Options": [
          "nosniff"
        ],
        "Date": [
          "Mon, 14 Nov 2022 20:11:37 GMT"
        ],
        "Expires": [
          "-1"
        ],
        "Content-Length": [
          "0"
        ]
      },
      "ResponseBody": "",
      "StatusCode": 200
    },
    {
      "RequestUri": "/subscriptions/850f02f7-e14c-4fb7-905d-7b98bcae9c7f/resourceGroups/crptestar8119/providers/Microsoft.Compute/cloudServices/cs9341/roleInstances?api-version=2022-09-04",
      "EncodedRequestUri": "L3N1YnNjcmlwdGlvbnMvODUwZjAyZjctZTE0Yy00ZmI3LTkwNWQtN2I5OGJjYWU5YzdmL3Jlc291cmNlR3JvdXBzL2NycHRlc3RhcjgxMTkvcHJvdmlkZXJzL01pY3Jvc29mdC5Db21wdXRlL2Nsb3VkU2VydmljZXMvY3M5MzQxL3JvbGVJbnN0YW5jZXM/YXBpLXZlcnNpb249MjAyMi0wOS0wNA==",
      "RequestMethod": "GET",
      "RequestBody": "",
      "RequestHeaders": {
        "x-ms-client-request-id": [
          "715d4125-306c-481e-99a8-c2128dbb01f8"
        ],
        "Accept-Language": [
          "en-US"
        ],
        "User-Agent": [
          "FxVersion/4.700.22.51102",
          "OSName/Windows",
          "OSVersion/Microsoft.Windows.10.0.22621",
          "Microsoft.Azure.Management.Compute.ComputeManagementClient/59.0.0"
        ]
      },
      "ResponseHeaders": {
        "Cache-Control": [
          "no-cache"
        ],
        "Pragma": [
          "no-cache"
        ],
        "x-ms-ratelimit-remaining-resource": [
          "Microsoft.Compute/GetCloudService3Min;999,Microsoft.Compute/GetCloudService30Min;4946,Microsoft.Compute/GetCloudService3Min;999,Microsoft.Compute/GetCloudService30Min;4994"
        ],
        "Strict-Transport-Security": [
          "max-age=31536000; includeSubDomains"
        ],
        "x-ms-request-id": [
          "f636ef50-8cc6-41b8-9c1f-9e1180627631"
        ],
        "Server": [
          "Microsoft-HTTPAPI/2.0,Microsoft-HTTPAPI/2.0 Microsoft-HTTPAPI/2.0 Microsoft-HTTPAPI/2.0"
        ],
        "x-ms-ratelimit-remaining-subscription-reads": [
          "11951"
        ],
        "x-ms-correlation-request-id": [
          "79aa2191-1f10-4ba2-8175-e8da4e540379"
        ],
        "x-ms-routing-request-id": [
          "WESTUS2:20221114T201138Z:79aa2191-1f10-4ba2-8175-e8da4e540379"
        ],
        "X-Content-Type-Options": [
          "nosniff"
        ],
        "Date": [
          "Mon, 14 Nov 2022 20:11:37 GMT"
        ],
        "Content-Length": [
          "724"
        ],
        "Content-Type": [
          "application/json; charset=utf-8"
        ],
        "Expires": [
          "-1"
        ]
      },
      "ResponseBody": "{\r\n  \"value\": [\r\n    {\r\n      \"name\": \"HelloWorldTest1_IN_1\",\r\n      \"id\": \"/subscriptions/850f02f7-e14c-4fb7-905d-7b98bcae9c7f/resourceGroups/CRPTESTAR8119/providers/Microsoft.Compute/cloudServices/cs9341/roleInstances/HelloWorldTest1_IN_1\",\r\n      \"type\": \"Microsoft.Compute/cloudServices/roleInstances\",\r\n      \"location\": \"eastus2euap\",\r\n      \"sku\": {\r\n        \"name\": \"Standard_D2_v2\",\r\n        \"tier\": \"Standard\"\r\n      },\r\n      \"properties\": {\r\n        \"networkProfile\": {\r\n          \"networkInterfaces\": [\r\n            {\r\n              \"id\": \"/subscriptions/850f02f7-e14c-4fb7-905d-7b98bcae9c7f/resourceGroups/CRPTESTAR8119/providers/Microsoft.Compute/cloudServices/cs9341/roleInstances/HelloWorldTest1_IN_1/networkInterfaces/nic1\"\r\n            }\r\n          ]\r\n        }\r\n      }\r\n    }\r\n  ]\r\n}",
      "StatusCode": 200
    },
    {
      "RequestUri": "/subscriptions/850f02f7-e14c-4fb7-905d-7b98bcae9c7f/resourceGroups/crptestar8119/providers/Microsoft.Compute/cloudServices/cs9341?api-version=2022-09-04",
      "EncodedRequestUri": "L3N1YnNjcmlwdGlvbnMvODUwZjAyZjctZTE0Yy00ZmI3LTkwNWQtN2I5OGJjYWU5YzdmL3Jlc291cmNlR3JvdXBzL2NycHRlc3RhcjgxMTkvcHJvdmlkZXJzL01pY3Jvc29mdC5Db21wdXRlL2Nsb3VkU2VydmljZXMvY3M5MzQxP2FwaS12ZXJzaW9uPTIwMjItMDktMDQ=",
      "RequestMethod": "DELETE",
      "RequestBody": "",
      "RequestHeaders": {
        "x-ms-client-request-id": [
          "90239b7b-6b8d-428b-a127-b5f6e632895d"
        ],
        "Accept-Language": [
          "en-US"
        ],
        "User-Agent": [
          "FxVersion/4.700.22.51102",
          "OSName/Windows",
          "OSVersion/Microsoft.Windows.10.0.22621",
          "Microsoft.Azure.Management.Compute.ComputeManagementClient/59.0.0"
        ]
      },
      "ResponseHeaders": {
        "Cache-Control": [
          "no-cache"
        ],
        "Pragma": [
          "no-cache"
        ],
        "Location": [
          "https://management.azure.com/subscriptions/850f02f7-e14c-4fb7-905d-7b98bcae9c7f/providers/Microsoft.Compute/locations/eastus2euap/CsOperations/334c3961-0879-4e46-922b-9a9c7dbb8d23?monitor=true&api-version=2022-09-04"
        ],
        "Azure-AsyncOperation": [
          "https://management.azure.com/subscriptions/850f02f7-e14c-4fb7-905d-7b98bcae9c7f/providers/Microsoft.Compute/locations/eastus2euap/CsOperations/334c3961-0879-4e46-922b-9a9c7dbb8d23?api-version=2022-09-04"
        ],
        "x-ms-ratelimit-remaining-resource": [
          "Microsoft.Compute/CreateUpdateDeleteCloudServiceOperations30Min;292,Microsoft.Compute/CreateUpdateDeleteCloudServiceOperations30Min;297"
        ],
        "Strict-Transport-Security": [
          "max-age=31536000; includeSubDomains"
        ],
        "x-ms-request-id": [
          "334c3961-0879-4e46-922b-9a9c7dbb8d23"
        ],
        "Server": [
          "Microsoft-HTTPAPI/2.0,Microsoft-HTTPAPI/2.0 Microsoft-HTTPAPI/2.0 Microsoft-HTTPAPI/2.0"
        ],
        "x-ms-ratelimit-remaining-subscription-deletes": [
          "14998"
        ],
        "x-ms-correlation-request-id": [
          "4b092c2a-3a64-4237-a3d6-e24746deb319"
        ],
        "x-ms-routing-request-id": [
          "WESTUS2:20221114T201139Z:4b092c2a-3a64-4237-a3d6-e24746deb319"
        ],
        "X-Content-Type-Options": [
          "nosniff"
        ],
        "Date": [
          "Mon, 14 Nov 2022 20:11:38 GMT"
        ],
        "Expires": [
          "-1"
        ],
        "Content-Length": [
          "0"
        ]
      },
      "ResponseBody": "",
      "StatusCode": 202
    },
    {
      "RequestUri": "/subscriptions/850f02f7-e14c-4fb7-905d-7b98bcae9c7f/providers/Microsoft.Compute/locations/eastus2euap/CsOperations/334c3961-0879-4e46-922b-9a9c7dbb8d23?api-version=2022-09-04",
      "EncodedRequestUri": "L3N1YnNjcmlwdGlvbnMvODUwZjAyZjctZTE0Yy00ZmI3LTkwNWQtN2I5OGJjYWU5YzdmL3Byb3ZpZGVycy9NaWNyb3NvZnQuQ29tcHV0ZS9sb2NhdGlvbnMvZWFzdHVzMmV1YXAvQ3NPcGVyYXRpb25zLzMzNGMzOTYxLTA4NzktNGU0Ni05MjJiLTlhOWM3ZGJiOGQyMz9hcGktdmVyc2lvbj0yMDIyLTA5LTA0",
      "RequestMethod": "GET",
      "RequestBody": "",
      "RequestHeaders": {
        "User-Agent": [
          "FxVersion/4.700.22.51102",
          "OSName/Windows",
          "OSVersion/Microsoft.Windows.10.0.22621",
          "Microsoft.Azure.Management.Compute.ComputeManagementClient/59.0.0"
        ]
      },
      "ResponseHeaders": {
        "Cache-Control": [
          "no-cache"
        ],
        "Pragma": [
          "no-cache"
        ],
        "Strict-Transport-Security": [
          "max-age=31536000; includeSubDomains"
        ],
        "x-ms-served-by": [
          "1458b69a-160b-4728-85b0-1fcd050989ae_133101163193071207"
        ],
        "x-ms-request-id": [
          "04b2038a-37c4-4853-8757-7fed5c180fe8"
        ],
        "Server": [
          "Microsoft-HTTPAPI/2.0",
          "Microsoft-HTTPAPI/2.0"
        ],
        "x-ms-ratelimit-remaining-subscription-reads": [
          "11950"
        ],
        "x-ms-correlation-request-id": [
          "3036e757-95df-458d-b12e-d5a8a12b3b06"
        ],
        "x-ms-routing-request-id": [
          "WESTUS2:20221114T201209Z:3036e757-95df-458d-b12e-d5a8a12b3b06"
        ],
        "X-Content-Type-Options": [
          "nosniff"
        ],
        "Date": [
          "Mon, 14 Nov 2022 20:12:09 GMT"
        ],
        "Content-Length": [
          "133"
        ],
        "Content-Type": [
          "application/json; charset=utf-8"
        ],
        "Expires": [
          "-1"
        ]
      },
      "ResponseBody": "{\r\n  \"startTime\": \"2022-11-14T12:11:38.953892-08:00\",\r\n  \"status\": \"InProgress\",\r\n  \"name\": \"334c3961-0879-4e46-922b-9a9c7dbb8d23\"\r\n}",
      "StatusCode": 200
    },
    {
      "RequestUri": "/subscriptions/850f02f7-e14c-4fb7-905d-7b98bcae9c7f/providers/Microsoft.Compute/locations/eastus2euap/CsOperations/334c3961-0879-4e46-922b-9a9c7dbb8d23?api-version=2022-09-04",
      "EncodedRequestUri": "L3N1YnNjcmlwdGlvbnMvODUwZjAyZjctZTE0Yy00ZmI3LTkwNWQtN2I5OGJjYWU5YzdmL3Byb3ZpZGVycy9NaWNyb3NvZnQuQ29tcHV0ZS9sb2NhdGlvbnMvZWFzdHVzMmV1YXAvQ3NPcGVyYXRpb25zLzMzNGMzOTYxLTA4NzktNGU0Ni05MjJiLTlhOWM3ZGJiOGQyMz9hcGktdmVyc2lvbj0yMDIyLTA5LTA0",
      "RequestMethod": "GET",
      "RequestBody": "",
      "RequestHeaders": {
        "User-Agent": [
          "FxVersion/4.700.22.51102",
          "OSName/Windows",
          "OSVersion/Microsoft.Windows.10.0.22621",
          "Microsoft.Azure.Management.Compute.ComputeManagementClient/59.0.0"
        ]
      },
      "ResponseHeaders": {
        "Cache-Control": [
          "no-cache"
        ],
        "Pragma": [
          "no-cache"
        ],
        "Strict-Transport-Security": [
          "max-age=31536000; includeSubDomains"
        ],
        "x-ms-served-by": [
          "1458b69a-160b-4728-85b0-1fcd050989ae_133101163193071207"
        ],
        "x-ms-request-id": [
          "2743e9ce-70b5-4922-98c4-b7adf31702b8"
        ],
        "Server": [
          "Microsoft-HTTPAPI/2.0",
          "Microsoft-HTTPAPI/2.0"
        ],
        "x-ms-ratelimit-remaining-subscription-reads": [
          "11949"
        ],
        "x-ms-correlation-request-id": [
          "c541e11e-5548-45e4-8fa6-9ec944da2ac4"
        ],
        "x-ms-routing-request-id": [
          "WESTUS2:20221114T201239Z:c541e11e-5548-45e4-8fa6-9ec944da2ac4"
        ],
        "X-Content-Type-Options": [
          "nosniff"
        ],
        "Date": [
          "Mon, 14 Nov 2022 20:12:39 GMT"
        ],
        "Content-Length": [
          "133"
        ],
        "Content-Type": [
          "application/json; charset=utf-8"
        ],
        "Expires": [
          "-1"
        ]
      },
      "ResponseBody": "{\r\n  \"startTime\": \"2022-11-14T12:11:38.953892-08:00\",\r\n  \"status\": \"InProgress\",\r\n  \"name\": \"334c3961-0879-4e46-922b-9a9c7dbb8d23\"\r\n}",
      "StatusCode": 200
    },
    {
      "RequestUri": "/subscriptions/850f02f7-e14c-4fb7-905d-7b98bcae9c7f/providers/Microsoft.Compute/locations/eastus2euap/CsOperations/334c3961-0879-4e46-922b-9a9c7dbb8d23?api-version=2022-09-04",
      "EncodedRequestUri": "L3N1YnNjcmlwdGlvbnMvODUwZjAyZjctZTE0Yy00ZmI3LTkwNWQtN2I5OGJjYWU5YzdmL3Byb3ZpZGVycy9NaWNyb3NvZnQuQ29tcHV0ZS9sb2NhdGlvbnMvZWFzdHVzMmV1YXAvQ3NPcGVyYXRpb25zLzMzNGMzOTYxLTA4NzktNGU0Ni05MjJiLTlhOWM3ZGJiOGQyMz9hcGktdmVyc2lvbj0yMDIyLTA5LTA0",
      "RequestMethod": "GET",
      "RequestBody": "",
      "RequestHeaders": {
        "User-Agent": [
          "FxVersion/4.700.22.51102",
          "OSName/Windows",
          "OSVersion/Microsoft.Windows.10.0.22621",
          "Microsoft.Azure.Management.Compute.ComputeManagementClient/59.0.0"
        ]
      },
      "ResponseHeaders": {
        "Cache-Control": [
          "no-cache"
        ],
        "Pragma": [
          "no-cache"
        ],
        "Strict-Transport-Security": [
          "max-age=31536000; includeSubDomains"
        ],
        "x-ms-served-by": [
          "1458b69a-160b-4728-85b0-1fcd050989ae_133101163193071207"
        ],
        "x-ms-request-id": [
          "494f2f8e-a7de-46f8-b322-c5f28ffc60c5"
        ],
        "Server": [
          "Microsoft-HTTPAPI/2.0",
          "Microsoft-HTTPAPI/2.0"
        ],
        "x-ms-ratelimit-remaining-subscription-reads": [
          "11948"
        ],
        "x-ms-correlation-request-id": [
          "ace12183-726d-4dc2-af9b-fa8dcb70cf67"
        ],
        "x-ms-routing-request-id": [
          "WESTUS2:20221114T201309Z:ace12183-726d-4dc2-af9b-fa8dcb70cf67"
        ],
        "X-Content-Type-Options": [
          "nosniff"
        ],
        "Date": [
          "Mon, 14 Nov 2022 20:13:09 GMT"
        ],
        "Content-Length": [
          "183"
        ],
        "Content-Type": [
          "application/json; charset=utf-8"
        ],
        "Expires": [
          "-1"
        ]
      },
      "ResponseBody": "{\r\n  \"startTime\": \"2022-11-14T12:11:38.953892-08:00\",\r\n  \"endTime\": \"2022-11-14T12:12:39.8295565-08:00\",\r\n  \"status\": \"Succeeded\",\r\n  \"name\": \"334c3961-0879-4e46-922b-9a9c7dbb8d23\"\r\n}",
      "StatusCode": 200
    },
    {
      "RequestUri": "/subscriptions/850f02f7-e14c-4fb7-905d-7b98bcae9c7f/providers/Microsoft.Compute/locations/eastus2euap/CsOperations/334c3961-0879-4e46-922b-9a9c7dbb8d23?monitor=true&api-version=2022-09-04",
      "EncodedRequestUri": "L3N1YnNjcmlwdGlvbnMvODUwZjAyZjctZTE0Yy00ZmI3LTkwNWQtN2I5OGJjYWU5YzdmL3Byb3ZpZGVycy9NaWNyb3NvZnQuQ29tcHV0ZS9sb2NhdGlvbnMvZWFzdHVzMmV1YXAvQ3NPcGVyYXRpb25zLzMzNGMzOTYxLTA4NzktNGU0Ni05MjJiLTlhOWM3ZGJiOGQyMz9tb25pdG9yPXRydWUmYXBpLXZlcnNpb249MjAyMi0wOS0wNA==",
      "RequestMethod": "GET",
      "RequestBody": "",
      "RequestHeaders": {
        "User-Agent": [
          "FxVersion/4.700.22.51102",
          "OSName/Windows",
          "OSVersion/Microsoft.Windows.10.0.22621",
          "Microsoft.Azure.Management.Compute.ComputeManagementClient/59.0.0"
        ]
      },
      "ResponseHeaders": {
        "Cache-Control": [
          "no-cache"
        ],
        "Pragma": [
          "no-cache"
        ],
        "Strict-Transport-Security": [
          "max-age=31536000; includeSubDomains"
        ],
        "x-ms-served-by": [
          "1458b69a-160b-4728-85b0-1fcd050989ae_133101163193071207"
        ],
        "x-ms-request-id": [
          "c7ad7b4a-292d-461e-be8b-ebbbe21933c4"
        ],
        "Server": [
          "Microsoft-HTTPAPI/2.0",
          "Microsoft-HTTPAPI/2.0"
        ],
        "x-ms-ratelimit-remaining-subscription-reads": [
          "11947"
        ],
        "x-ms-correlation-request-id": [
          "0c1b6e33-979d-470f-929b-3bb4d12defba"
        ],
        "x-ms-routing-request-id": [
          "WESTUS2:20221114T201309Z:0c1b6e33-979d-470f-929b-3bb4d12defba"
        ],
        "X-Content-Type-Options": [
          "nosniff"
        ],
        "Date": [
          "Mon, 14 Nov 2022 20:13:09 GMT"
        ],
        "Expires": [
          "-1"
        ],
        "Content-Length": [
          "0"
        ]
      },
      "ResponseBody": "",
      "StatusCode": 200
    },
    {
      "RequestUri": "/subscriptions/850f02f7-e14c-4fb7-905d-7b98bcae9c7f/resourcegroups/crptestar8119?api-version=2017-05-10",
      "EncodedRequestUri": "L3N1YnNjcmlwdGlvbnMvODUwZjAyZjctZTE0Yy00ZmI3LTkwNWQtN2I5OGJjYWU5YzdmL3Jlc291cmNlZ3JvdXBzL2NycHRlc3RhcjgxMTk/YXBpLXZlcnNpb249MjAxNy0wNS0xMA==",
      "RequestMethod": "DELETE",
      "RequestBody": "",
      "RequestHeaders": {
        "x-ms-client-request-id": [
          "36d78db6-211a-4fce-8461-c176337cc8e3"
        ],
        "Accept-Language": [
          "en-US"
        ],
        "User-Agent": [
          "FxVersion/4.700.22.51102",
          "OSName/Windows",
          "OSVersion/Microsoft.Windows.10.0.22621",
          "Microsoft.Azure.Management.ResourceManager.ResourceManagementClient/1.6.0.0"
        ]
      },
      "ResponseHeaders": {
        "Cache-Control": [
          "no-cache"
        ],
        "Pragma": [
          "no-cache"
        ],
        "Location": [
          "https://management.azure.com/subscriptions/850f02f7-e14c-4fb7-905d-7b98bcae9c7f/operationresults/eyJqb2JJZCI6IlJFU09VUkNFR1JPVVBERUxFVElPTkpPQi1DUlBURVNUQVI4MTE5LUVBU1RVUzJFVUFQIiwiam9iTG9jYXRpb24iOiJlYXN0dXMyZXVhcCJ9?api-version=2017-05-10"
        ],
        "Retry-After": [
          "15"
        ],
        "x-ms-ratelimit-remaining-subscription-deletes": [
          "14999"
        ],
        "x-ms-request-id": [
          "a81fd98e-9fcb-4d0e-9d18-b5f22b9d4b93"
        ],
        "x-ms-correlation-request-id": [
          "a81fd98e-9fcb-4d0e-9d18-b5f22b9d4b93"
        ],
        "x-ms-routing-request-id": [
          "WESTUS2:20221114T201311Z:a81fd98e-9fcb-4d0e-9d18-b5f22b9d4b93"
        ],
        "Strict-Transport-Security": [
          "max-age=31536000; includeSubDomains"
        ],
        "X-Content-Type-Options": [
          "nosniff"
        ],
        "Date": [
          "Mon, 14 Nov 2022 20:13:11 GMT"
        ],
        "Expires": [
          "-1"
        ],
        "Content-Length": [
          "0"
        ]
      },
      "ResponseBody": "",
      "StatusCode": 202
    }
  ],
  "Names": {
    "Test_CloudServiceRoleInstanceOperations": [
      "crptestar8119",
      "cs9341",
      "cspip4634",
      "csvnet5962",
      "subnet2611",
      "dns1670",
      "lb5489",
      "lbfe6549"
    ],
    "CreateCspkgSasUrl": [
      "saforcspkg3165",
      "asforcspkg3867"
    ]
  },
  "Variables": {
    "SubscriptionId": "850f02f7-e14c-4fb7-905d-7b98bcae9c7f"
  }
}