{
  "Entries": [
    {
      "RequestUri": "/subscriptions/f67cc918-f64f-4c3f-aa24-a855465f9d41/resourcegroups/azsmnet4614?api-version=2019-07-01",
      "EncodedRequestUri": "L3N1YnNjcmlwdGlvbnMvZjY3Y2M5MTgtZjY0Zi00YzNmLWFhMjQtYTg1NTQ2NWY5ZDQxL3Jlc291cmNlZ3JvdXBzL2F6c21uZXQ0NjE0P2FwaS12ZXJzaW9uPTIwMTktMDctMDE=",
      "RequestMethod": "PUT",
      "RequestBody": "{\r\n  \"location\": \"westus2\"\r\n}",
      "RequestHeaders": {
        "x-ms-client-request-id": [
          "4a4aeac2-22e9-4040-a05f-c7d6e87e68d4"
        ],
        "accept-language": [
          "en-US"
        ],
        "User-Agent": [
          "FxVersion/4.6.26614.01",
          "OSName/Windows",
          "OSVersion/Microsoft.Windows.10.0.18363.",
          "Microsoft.Azure.Management.ResourceManager.ResourceManagementClient/2.4.5.0"
        ],
        "Content-Type": [
          "application/json; charset=utf-8"
        ],
        "Content-Length": [
          "29"
        ]
      },
      "ResponseHeaders": {
        "Cache-Control": [
          "no-cache"
        ],
        "Date": [
          "Tue, 26 Nov 2019 18:03:50 GMT"
        ],
        "Pragma": [
          "no-cache"
        ],
        "x-ms-ratelimit-remaining-subscription-writes": [
          "1199"
        ],
        "x-ms-request-id": [
          "30b88bf8-1b78-47f5-8540-8b9d83c3074e"
        ],
        "x-ms-correlation-request-id": [
          "30b88bf8-1b78-47f5-8540-8b9d83c3074e"
        ],
        "x-ms-routing-request-id": [
          "WESTUS:20191126T180351Z:30b88bf8-1b78-47f5-8540-8b9d83c3074e"
        ],
        "Strict-Transport-Security": [
          "max-age=31536000; includeSubDomains"
        ],
        "X-Content-Type-Options": [
          "nosniff"
        ],
        "Content-Length": [
          "220"
        ],
        "Content-Type": [
          "application/json; charset=utf-8"
        ],
        "Expires": [
          "-1"
        ]
      },
      "ResponseBody": "{\r\n  \"id\": \"/subscriptions/f67cc918-f64f-4c3f-aa24-a855465f9d41/resourceGroups/azsmnet4614\",\r\n  \"name\": \"azsmnet4614\",\r\n  \"type\": \"Microsoft.Resources/resourceGroups\",\r\n  \"location\": \"westus2\",\r\n  \"properties\": {\r\n    \"provisioningState\": \"Succeeded\"\r\n  }\r\n}",
      "StatusCode": 201
    },
    {
      "RequestUri": "/subscriptions/f67cc918-f64f-4c3f-aa24-a855465f9d41/providers/Microsoft.Authorization/policyDefinitions/azsmnet5584?api-version=2019-09-01",
      "EncodedRequestUri": "L3N1YnNjcmlwdGlvbnMvZjY3Y2M5MTgtZjY0Zi00YzNmLWFhMjQtYTg1NTQ2NWY5ZDQxL3Byb3ZpZGVycy9NaWNyb3NvZnQuQXV0aG9yaXphdGlvbi9wb2xpY3lEZWZpbml0aW9ucy9henNtbmV0NTU4ND9hcGktdmVyc2lvbj0yMDE5LTA5LTAx",
      "RequestMethod": "PUT",
      "RequestBody": "{\r\n  \"properties\": {\r\n    \"displayName\": \"CanCrudPolicyAssignmentAtResourceGroup Policy Definition\",\r\n    \"policyRule\": {\r\n      \"if\": {\r\n        \"source\": \"action\",\r\n        \"equals\": \"ResourceProviderTestHost/TestResourceType/TestResourceTypeNestedOne/write\"\r\n      },\r\n      \"then\": {\r\n        \"effect\": \"deny\"\r\n      }\r\n    }\r\n  }\r\n}",
      "RequestHeaders": {
        "x-ms-client-request-id": [
          "b2df6153-4adb-463c-bac4-79f3b7755340"
        ],
        "accept-language": [
          "en-US"
        ],
        "User-Agent": [
          "FxVersion/4.6.26614.01",
          "OSName/Windows",
          "OSVersion/Microsoft.Windows.10.0.18363.",
          "Microsoft.Azure.Management.ResourceManager.PolicyClient/2.4.5.0"
        ],
        "Content-Type": [
          "application/json; charset=utf-8"
        ],
        "Content-Length": [
          "337"
        ]
      },
      "ResponseHeaders": {
        "Cache-Control": [
          "no-cache"
        ],
        "Date": [
          "Tue, 26 Nov 2019 18:03:51 GMT"
        ],
        "Pragma": [
          "no-cache"
        ],
        "x-ms-request-id": [
          "westus:dd3924cc-4207-40ca-ad0e-e2add94ff8a4"
        ],
        "x-ms-ratelimit-remaining-subscription-writes": [
          "1199"
        ],
        "x-ms-correlation-request-id": [
          "a3e68e84-180b-4a97-98c3-ed6f64ce99b5"
        ],
        "x-ms-routing-request-id": [
          "WESTUS:20191126T180351Z:a3e68e84-180b-4a97-98c3-ed6f64ce99b5"
        ],
        "Strict-Transport-Security": [
          "max-age=31536000; includeSubDomains"
        ],
        "X-Content-Type-Options": [
          "nosniff"
        ],
        "Content-Length": [
          "612"
        ],
        "Content-Type": [
          "application/json; charset=utf-8"
        ],
        "Expires": [
          "-1"
        ]
      },
      "ResponseBody": "{\r\n  \"properties\": {\r\n    \"displayName\": \"CanCrudPolicyAssignmentAtResourceGroup Policy Definition\",\r\n    \"policyType\": \"Custom\",\r\n    \"mode\": \"Indexed\",\r\n    \"metadata\": {\r\n      \"createdBy\": \"7140c269-e408-47a5-a626-a1d836b96883\",\r\n      \"createdOn\": \"2019-11-26T18:03:51.72775Z\",\r\n      \"updatedBy\": null,\r\n      \"updatedOn\": null\r\n    },\r\n    \"policyRule\": {\r\n      \"if\": {\r\n        \"source\": \"action\",\r\n        \"equals\": \"ResourceProviderTestHost/TestResourceType/TestResourceTypeNestedOne/write\"\r\n      },\r\n      \"then\": {\r\n        \"effect\": \"deny\"\r\n      }\r\n    }\r\n  },\r\n  \"id\": \"/subscriptions/f67cc918-f64f-4c3f-aa24-a855465f9d41/providers/Microsoft.Authorization/policyDefinitions/azsmnet5584\",\r\n  \"type\": \"Microsoft.Authorization/policyDefinitions\",\r\n  \"name\": \"azsmnet5584\"\r\n}",
      "StatusCode": 201
    },
    {
      "RequestUri": "//subscriptions/f67cc918-f64f-4c3f-aa24-a855465f9d41/resourceGroups/azsmnet4614/providers/Microsoft.Authorization/policyAssignments/azsmnet2144?api-version=2019-09-01",
      "EncodedRequestUri": "Ly9zdWJzY3JpcHRpb25zL2Y2N2NjOTE4LWY2NGYtNGMzZi1hYTI0LWE4NTU0NjVmOWQ0MS9yZXNvdXJjZUdyb3Vwcy9henNtbmV0NDYxNC9wcm92aWRlcnMvTWljcm9zb2Z0LkF1dGhvcml6YXRpb24vcG9saWN5QXNzaWdubWVudHMvYXpzbW5ldDIxNDQ/YXBpLXZlcnNpb249MjAxOS0wOS0wMQ==",
      "RequestMethod": "PUT",
      "RequestBody": "{\r\n  \"properties\": {\r\n    \"displayName\": \"CanCrudPolicyAssignmentAtResourceGroup Policy Assignment\",\r\n    \"policyDefinitionId\": \"/subscriptions/f67cc918-f64f-4c3f-aa24-a855465f9d41/providers/Microsoft.Authorization/policyDefinitions/azsmnet5584\",\r\n    \"scope\": \"/subscriptions/f67cc918-f64f-4c3f-aa24-a855465f9d41/resourceGroups/azsmnet4614\"\r\n  },\r\n  \"sku\": {\r\n    \"name\": \"A0\",\r\n    \"tier\": \"Free\"\r\n  }\r\n}",
      "RequestHeaders": {
        "x-ms-client-request-id": [
          "d2e100c7-5c2f-4470-ac5e-41931b3964e3"
        ],
        "accept-language": [
          "en-US"
        ],
        "User-Agent": [
          "FxVersion/4.6.26614.01",
          "OSName/Windows",
          "OSVersion/Microsoft.Windows.10.0.18363.",
          "Microsoft.Azure.Management.ResourceManager.PolicyClient/2.4.5.0"
        ],
        "Content-Type": [
          "application/json; charset=utf-8"
        ],
        "Content-Length": [
          "406"
        ]
      },
      "ResponseHeaders": {
        "Cache-Control": [
          "no-cache"
        ],
        "Date": [
          "Tue, 26 Nov 2019 18:03:52 GMT"
        ],
        "Pragma": [
          "no-cache"
        ],
        "x-ms-request-id": [
          "westus:be77c0e2-0b5b-4865-92d1-7aad75bdc510"
        ],
        "x-ms-ratelimit-remaining-subscription-writes": [
          "1198"
        ],
        "x-ms-correlation-request-id": [
          "f47310fe-18f2-4189-aa45-08f98982d13e"
        ],
        "x-ms-routing-request-id": [
          "WESTUS:20191126T180352Z:f47310fe-18f2-4189-aa45-08f98982d13e"
        ],
        "Strict-Transport-Security": [
          "max-age=31536000; includeSubDomains"
        ],
        "X-Content-Type-Options": [
          "nosniff"
        ],
        "Content-Length": [
          "742"
        ],
        "Content-Type": [
          "application/json; charset=utf-8"
        ],
        "Expires": [
          "-1"
        ]
      },
      "ResponseBody": "{\r\n  \"sku\": {\r\n    \"name\": \"A0\",\r\n    \"tier\": \"Free\"\r\n  },\r\n  \"properties\": {\r\n    \"displayName\": \"CanCrudPolicyAssignmentAtResourceGroup Policy Assignment\",\r\n    \"policyDefinitionId\": \"/subscriptions/f67cc918-f64f-4c3f-aa24-a855465f9d41/providers/Microsoft.Authorization/policyDefinitions/azsmnet5584\",\r\n    \"scope\": \"/subscriptions/f67cc918-f64f-4c3f-aa24-a855465f9d41/resourceGroups/azsmnet4614\",\r\n    \"metadata\": {\r\n      \"createdBy\": \"7140c269-e408-47a5-a626-a1d836b96883\",\r\n      \"createdOn\": \"2019-11-26T18:03:52.1496341Z\",\r\n      \"updatedBy\": null,\r\n      \"updatedOn\": null\r\n    },\r\n    \"enforcementMode\": \"Default\"\r\n  },\r\n  \"id\": \"/subscriptions/f67cc918-f64f-4c3f-aa24-a855465f9d41/resourceGroups/azsmnet4614/providers/Microsoft.Authorization/policyAssignments/azsmnet2144\",\r\n  \"type\": \"Microsoft.Authorization/policyAssignments\",\r\n  \"name\": \"azsmnet2144\"\r\n}",
      "StatusCode": 201
    },
    {
      "RequestUri": "/subscriptions/f67cc918-f64f-4c3f-aa24-a855465f9d41/resourceGroups/azsmnet4614/providers/Microsoft.Authorization/policyAssignments?api-version=2019-09-01",
      "EncodedRequestUri": "L3N1YnNjcmlwdGlvbnMvZjY3Y2M5MTgtZjY0Zi00YzNmLWFhMjQtYTg1NTQ2NWY5ZDQxL3Jlc291cmNlR3JvdXBzL2F6c21uZXQ0NjE0L3Byb3ZpZGVycy9NaWNyb3NvZnQuQXV0aG9yaXphdGlvbi9wb2xpY3lBc3NpZ25tZW50cz9hcGktdmVyc2lvbj0yMDE5LTA5LTAx",
      "RequestMethod": "GET",
      "RequestBody": "",
      "RequestHeaders": {
        "x-ms-client-request-id": [
          "964783fa-a9bc-4143-b1ff-b12194244160"
        ],
        "accept-language": [
          "en-US"
        ],
        "User-Agent": [
          "FxVersion/4.6.26614.01",
          "OSName/Windows",
          "OSVersion/Microsoft.Windows.10.0.18363.",
          "Microsoft.Azure.Management.ResourceManager.PolicyClient/2.4.5.0"
        ]
      },
      "ResponseHeaders": {
        "Cache-Control": [
          "no-cache"
        ],
        "Date": [
          "Tue, 26 Nov 2019 18:03:52 GMT"
        ],
        "Pragma": [
          "no-cache"
        ],
        "Vary": [
          "Accept-Encoding"
        ],
        "x-ms-request-id": [
          "westus:cead70b4-50a3-4833-8f27-431a4d053720"
        ],
        "x-ms-ratelimit-remaining-subscription-reads": [
          "11999"
        ],
        "x-ms-correlation-request-id": [
          "05761eb2-7c78-47fd-a22e-2628b6e047f9"
        ],
        "x-ms-routing-request-id": [
          "WESTUS:20191126T180352Z:05761eb2-7c78-47fd-a22e-2628b6e047f9"
        ],
        "Strict-Transport-Security": [
          "max-age=31536000; includeSubDomains"
        ],
        "X-Content-Type-Options": [
          "nosniff"
        ],
        "Content-Length": [
          "11375"
        ],
        "Content-Type": [
          "application/json; charset=utf-8"
        ],
        "Expires": [
          "-1"
        ]
      },
      "ResponseBody": "{\r\n  \"value\": [\r\n    {\r\n      \"sku\": {\r\n        \"name\": \"A0\",\r\n        \"tier\": \"Free\"\r\n      },\r\n      \"properties\": {\r\n        \"displayName\": \"Test Modify initiative\",\r\n        \"policyDefinitionId\": \"/subscriptions/f67cc918-f64f-4c3f-aa24-a855465f9d41/providers/Microsoft.Authorization/policySetDefinitions/55afae72-7df0-417b-9eb7-f756576c854a\",\r\n        \"scope\": \"/subscriptions/f67cc918-f64f-4c3f-aa24-a855465f9d41\",\r\n        \"notScopes\": [],\r\n        \"parameters\": {},\r\n        \"description\": \"\",\r\n        \"metadata\": {\r\n          \"assignedBy\": \"Robert Gao\",\r\n          \"parameterScopes\": {},\r\n          \"createdBy\": \"0dc80135-ae53-4da3-8695-220a2d93aad8\",\r\n          \"createdOn\": \"2019-08-29T00:36:56.3908822Z\",\r\n          \"updatedBy\": \"36e2f355-d2e2-4fbc-88ab-4281639dff94\",\r\n          \"updatedOn\": \"2019-11-11T22:00:41.5492656Z\"\r\n        },\r\n        \"enforcementMode\": \"Default\"\r\n      },\r\n      \"identity\": {\r\n        \"principalId\": \"48036e81-a2af-4e6c-9624-4908615cc36d\",\r\n        \"tenantId\": \"72f988bf-86f1-41af-91ab-2d7cd011db47\",\r\n        \"type\": \"SystemAssigned\"\r\n      },\r\n      \"id\": \"/subscriptions/f67cc918-f64f-4c3f-aa24-a855465f9d41/providers/Microsoft.Authorization/policyAssignments/3cf2c941d7b2418ca7b860e2\",\r\n      \"type\": \"Microsoft.Authorization/policyAssignments\",\r\n      \"name\": \"3cf2c941d7b2418ca7b860e2\",\r\n      \"location\": \"eastus\"\r\n    },\r\n    {\r\n      \"sku\": {\r\n        \"name\": \"A0\",\r\n        \"tier\": \"Free\"\r\n      },\r\n      \"properties\": {\r\n        \"displayName\": \"chegg replace tag RG\",\r\n        \"policyDefinitionId\": \"/providers/Microsoft.Authorization/policyDefinitions/d157c373-a6c4-483d-aaad-570756956268\",\r\n        \"scope\": \"/subscriptions/f67cc918-f64f-4c3f-aa24-a855465f9d41\",\r\n        \"notScopes\": [],\r\n        \"parameters\": {\r\n          \"tagName\": {\r\n            \"value\": \"cheggReplaced\"\r\n          },\r\n          \"tagValue\": {\r\n            \"value\": \"true_112019_246PM\"\r\n          }\r\n        },\r\n        \"description\": \"\",\r\n        \"metadata\": {\r\n          \"assignedBy\": \"Chris Eggert\",\r\n          \"parameterScopes\": {},\r\n          \"createdBy\": \"36e2f355-d2e2-4fbc-88ab-4281639dff94\",\r\n          \"createdOn\": \"2019-11-06T23:26:56.0841235Z\",\r\n          \"updatedBy\": \"36e2f355-d2e2-4fbc-88ab-4281639dff94\",\r\n          \"updatedOn\": \"2019-11-20T22:46:27.8117346Z\"\r\n        },\r\n        \"enforcementMode\": \"DoNotEnforce\"\r\n      },\r\n      \"identity\": {\r\n        \"principalId\": \"9f6b0b38-d4b1-43d7-9ec8-4905306fe6fa\",\r\n        \"tenantId\": \"72f988bf-86f1-41af-91ab-2d7cd011db47\",\r\n        \"type\": \"SystemAssigned\"\r\n      },\r\n      \"id\": \"/subscriptions/f67cc918-f64f-4c3f-aa24-a855465f9d41/providers/Microsoft.Authorization/policyAssignments/98a7c096f5154b8eadd36f8c\",\r\n      \"type\": \"Microsoft.Authorization/policyAssignments\",\r\n      \"name\": \"98a7c096f5154b8eadd36f8c\",\r\n      \"location\": \"eastus\"\r\n    },\r\n    {\r\n      \"sku\": {\r\n        \"name\": \"A0\",\r\n        \"tier\": \"Free\"\r\n      },\r\n      \"properties\": {\r\n        \"displayName\": \"[Preview]: Audit NIST SP 800-53 R4 controls and deploy specific VM Extensions to support audit requirements\",\r\n        \"policyDefinitionId\": \"/providers/Microsoft.Authorization/policySetDefinitions/cf25b9c1-bd23-4eb6-bd2c-f4f3ac644a5f\",\r\n        \"scope\": \"/subscriptions/f67cc918-f64f-4c3f-aa24-a855465f9d41\",\r\n        \"notScopes\": [],\r\n        \"parameters\": {\r\n          \"logAnalyticsWorkspaceIdforVMReporting\": {\r\n            \"value\": \"fasdff\"\r\n          },\r\n          \"listOfResourceTypesWithDiagnosticLogsEnabled\": {\r\n            \"value\": [\r\n              \"Microsoft.Network/applicationGateways\",\r\n              \"Microsoft.Automation/automationAccounts\",\r\n              \"Microsoft.ContainerInstance/containerGroups\",\r\n              \"Microsoft.ContainerRegistry/registries\",\r\n              \"Microsoft.ContainerService/managedClusters\",\r\n              \"Microsoft.Batch/batchAccounts\",\r\n              \"Microsoft.Cdn/profiles/endpoints\",\r\n              \"Microsoft.CognitiveServices/accounts\",\r\n              \"Microsoft.DocumentDB/databaseAccounts\",\r\n              \"Microsoft.DataFactory/factories\",\r\n              \"Microsoft.DataLakeAnalytics/accounts\",\r\n              \"Microsoft.DataLakeStore/accounts\",\r\n              \"Microsoft.EventGrid/eventSubscriptions\",\r\n              \"Microsoft.EventGrid/topics\",\r\n              \"Microsoft.EventHub/namespaces\",\r\n              \"Microsoft.Network/expressRouteCircuits\",\r\n              \"Microsoft.Network/azureFirewalls\",\r\n              \"Microsoft.HDInsight/clusters\",\r\n              \"Microsoft.Devices/IotHubs\",\r\n              \"Microsoft.KeyVault/vaults\",\r\n              \"Microsoft.Network/loadBalancers\",\r\n              \"Microsoft.Logic/integrationAccounts\",\r\n              \"Microsoft.Logic/workflows\",\r\n              \"Microsoft.DBforMySQL/servers\",\r\n              \"Microsoft.Network/networkInterfaces\",\r\n              \"Microsoft.Network/networkSecurityGroups\",\r\n              \"Microsoft.DBforPostgreSQL/servers\",\r\n              \"Microsoft.PowerBIDedicated/capacities\",\r\n              \"Microsoft.Network/publicIPAddresses\",\r\n              \"Microsoft.RecoveryServices/vaults\",\r\n              \"Microsoft.Cache/redis\",\r\n              \"Microsoft.Relay/namespaces\",\r\n              \"Microsoft.Search/searchServices\",\r\n              \"Microsoft.ServiceBus/namespaces\",\r\n              \"Microsoft.SignalRService/SignalR\",\r\n              \"Microsoft.Sql/servers/databases\",\r\n              \"Microsoft.Sql/servers/elasticPools\",\r\n              \"Microsoft.StreamAnalytics/streamingjobs\",\r\n              \"Microsoft.TimeSeriesInsights/environments\",\r\n              \"Microsoft.Network/trafficManagerProfiles\",\r\n              \"Microsoft.Compute/virtualMachines\",\r\n              \"Microsoft.Compute/virtualMachineScaleSets\",\r\n              \"Microsoft.Network/virtualNetworks\",\r\n              \"Microsoft.Network/virtualNetworkGateways\"\r\n            ]\r\n          },\r\n          \"listOfMembersToExcludeFromWindowsVMAdministratorsGroup\": {\r\n            \"value\": \"cheggert\"\r\n          },\r\n          \"listOfMembersToIncludeInWindowsVMAdministratorsGroup\": {\r\n            \"value\": \"rohitbh\"\r\n          }\r\n        },\r\n        \"description\": \"This initiative includes audit and VM Extension deployment policies that address a subset of NIST SP 800-53 R4 controls. Additional policies will be added in upcoming releases. For more information, please visit https://aka.ms/nist80053-blueprint.\",\r\n        \"metadata\": {\r\n          \"assignedBy\": \"Chris Eggert\",\r\n          \"parameterScopes\": {},\r\n          \"createdBy\": \"36e2f355-d2e2-4fbc-88ab-4281639dff94\",\r\n          \"createdOn\": \"2019-11-20T22:11:26.047177Z\",\r\n          \"updatedBy\": \"36e2f355-d2e2-4fbc-88ab-4281639dff94\",\r\n          \"updatedOn\": \"2019-11-22T04:20:25.4141918Z\"\r\n        },\r\n        \"enforcementMode\": \"Default\"\r\n      },\r\n      \"identity\": {\r\n        \"principalId\": \"c7519ca7-0d79-4b0f-af0b-0a4cfe3402d0\",\r\n        \"tenantId\": \"72f988bf-86f1-41af-91ab-2d7cd011db47\",\r\n        \"type\": \"SystemAssigned\"\r\n      },\r\n      \"id\": \"/subscriptions/f67cc918-f64f-4c3f-aa24-a855465f9d41/providers/Microsoft.Authorization/policyAssignments/d17bc2764dae4ec1be07d178\",\r\n      \"type\": \"Microsoft.Authorization/policyAssignments\",\r\n      \"name\": \"d17bc2764dae4ec1be07d178\",\r\n      \"location\": \"eastus\"\r\n    },\r\n    {\r\n      \"sku\": {\r\n        \"name\": \"A0\",\r\n        \"tier\": \"Free\"\r\n      },\r\n      \"properties\": {\r\n        \"displayName\": \"rohitbh: Key vault access policy (Always give Joel access)\",\r\n        \"policyDefinitionId\": \"/subscriptions/f67cc918-f64f-4c3f-aa24-a855465f9d41/providers/Microsoft.Authorization/policyDefinitions/3863c624-094c-480d-bc42-74970b55e5e1\",\r\n        \"scope\": \"/subscriptions/f67cc918-f64f-4c3f-aa24-a855465f9d41\",\r\n        \"notScopes\": [],\r\n        \"parameters\": {\r\n          \"userObjectId\": {\r\n            \"value\": \"644c17f7-2b49-4549-a67f-bcc0448cd850\"\r\n          }\r\n        },\r\n        \"description\": \"Assignment description\",\r\n        \"metadata\": {\r\n          \"assignedBy\": \"Rohit Bhardwaj\",\r\n          \"parameterScopes\": {},\r\n          \"createdBy\": \"22ac4b8c-9194-4feb-b6c6-0e7a995fca2e\",\r\n          \"createdOn\": \"2019-03-26T00:12:03.5422031Z\",\r\n          \"updatedBy\": \"36e2f355-d2e2-4fbc-88ab-4281639dff94\",\r\n          \"updatedOn\": \"2019-11-12T22:23:50.9933459Z\"\r\n        },\r\n        \"enforcementMode\": \"DoNotEnforce\"\r\n      },\r\n      \"identity\": {\r\n        \"principalId\": \"f12ee62c-35e6-45ec-b44b-13587ca23514\",\r\n        \"tenantId\": \"72f988bf-86f1-41af-91ab-2d7cd011db47\",\r\n        \"type\": \"SystemAssigned\"\r\n      },\r\n      \"id\": \"/subscriptions/f67cc918-f64f-4c3f-aa24-a855465f9d41/providers/Microsoft.Authorization/policyAssignments/ebccc544c4dd43d29c937f0c\",\r\n      \"type\": \"Microsoft.Authorization/policyAssignments\",\r\n      \"name\": \"ebccc544c4dd43d29c937f0c\",\r\n      \"location\": \"eastus\"\r\n    },\r\n    {\r\n      \"sku\": {\r\n        \"name\": \"A0\",\r\n        \"tier\": \"Free\"\r\n      },\r\n      \"properties\": {\r\n        \"displayName\": \"chegg: Replace tag without becoming compliant\",\r\n        \"policyDefinitionId\": \"/subscriptions/f67cc918-f64f-4c3f-aa24-a855465f9d41/providers/Microsoft.Authorization/policyDefinitions/270f0d11-af30-4c15-95f7-28ba884518f0\",\r\n        \"scope\": \"/subscriptions/f67cc918-f64f-4c3f-aa24-a855465f9d41\",\r\n        \"notScopes\": [],\r\n        \"parameters\": {},\r\n        \"metadata\": {\r\n          \"assignedBy\": \"Chris Eggert\",\r\n          \"parameterScopes\": {},\r\n          \"createdBy\": \"36e2f355-d2e2-4fbc-88ab-4281639dff94\",\r\n          \"createdOn\": \"2019-11-21T00:28:49.7568462Z\",\r\n          \"updatedBy\": null,\r\n          \"updatedOn\": null\r\n        },\r\n        \"enforcementMode\": \"DoNotEnforce\"\r\n      },\r\n      \"identity\": {\r\n        \"principalId\": \"8b9d526a-9e43-4d1b-8bfe-cfe4d90f3b58\",\r\n        \"tenantId\": \"72f988bf-86f1-41af-91ab-2d7cd011db47\",\r\n        \"type\": \"SystemAssigned\"\r\n      },\r\n      \"id\": \"/subscriptions/f67cc918-f64f-4c3f-aa24-a855465f9d41/providers/Microsoft.Authorization/policyAssignments/ee5909f9ee3f4c12bbed6efc\",\r\n      \"type\": \"Microsoft.Authorization/policyAssignments\",\r\n      \"name\": \"ee5909f9ee3f4c12bbed6efc\",\r\n      \"location\": \"eastus\"\r\n    },\r\n    {\r\n      \"sku\": {\r\n        \"name\": \"A0\",\r\n        \"tier\": \"Free\"\r\n      },\r\n      \"properties\": {\r\n        \"displayName\": \"Empty deployment on each KeyVault resource (SUB)\",\r\n        \"policyDefinitionId\": \"/providers/Microsoft.Management/managementGroups/AzGovPerfTest/providers/Microsoft.Authorization/policyDefinitions/78a38c70-5549-49bd-8a16-fe3619e5d2cf\",\r\n        \"scope\": \"/subscriptions/f67cc918-f64f-4c3f-aa24-a855465f9d41\",\r\n        \"notScopes\": [],\r\n        \"parameters\": {},\r\n        \"description\": \"Deploys an empty deployment (with one output) on each KeyVault vault.  Used for some PolicyInsights SDK tests.\",\r\n        \"metadata\": {\r\n          \"assignedBy\": \"Chris Eggert\",\r\n          \"parameterScopes\": {},\r\n          \"createdBy\": \"36e2f355-d2e2-4fbc-88ab-4281639dff94\",\r\n          \"createdOn\": \"2019-11-21T17:43:53.4694168Z\",\r\n          \"updatedBy\": \"36e2f355-d2e2-4fbc-88ab-4281639dff94\",\r\n          \"updatedOn\": \"2019-11-21T17:44:38.1610927Z\"\r\n        },\r\n        \"enforcementMode\": \"DoNotEnforce\"\r\n      },\r\n      \"identity\": {\r\n        \"principalId\": \"dfd2385a-7700-420f-b164-bd9ffb52285b\",\r\n        \"tenantId\": \"72f988bf-86f1-41af-91ab-2d7cd011db47\",\r\n        \"type\": \"SystemAssigned\"\r\n      },\r\n      \"id\": \"/subscriptions/f67cc918-f64f-4c3f-aa24-a855465f9d41/providers/Microsoft.Authorization/policyAssignments/fcddeb6113ec43798567dce2\",\r\n      \"type\": \"Microsoft.Authorization/policyAssignments\",\r\n      \"name\": \"fcddeb6113ec43798567dce2\",\r\n      \"location\": \"eastus\"\r\n    },\r\n    {\r\n      \"sku\": {\r\n        \"name\": \"A0\",\r\n        \"tier\": \"Free\"\r\n      },\r\n      \"properties\": {\r\n        \"displayName\": \"CanCrudPolicyAssignmentAtResourceGroup Policy Assignment\",\r\n        \"policyDefinitionId\": \"/subscriptions/f67cc918-f64f-4c3f-aa24-a855465f9d41/providers/Microsoft.Authorization/policyDefinitions/azsmnet5584\",\r\n        \"scope\": \"/subscriptions/f67cc918-f64f-4c3f-aa24-a855465f9d41/resourceGroups/azsmnet4614\",\r\n        \"metadata\": {\r\n          \"createdBy\": \"7140c269-e408-47a5-a626-a1d836b96883\",\r\n          \"createdOn\": \"2019-11-26T18:03:52.1496341Z\",\r\n          \"updatedBy\": null,\r\n          \"updatedOn\": null\r\n        },\r\n        \"enforcementMode\": \"Default\"\r\n      },\r\n      \"id\": \"/subscriptions/f67cc918-f64f-4c3f-aa24-a855465f9d41/resourceGroups/azsmnet4614/providers/Microsoft.Authorization/policyAssignments/azsmnet2144\",\r\n      \"type\": \"Microsoft.Authorization/policyAssignments\",\r\n      \"name\": \"azsmnet2144\"\r\n    },\r\n    {\r\n      \"sku\": {\r\n        \"name\": \"A0\",\r\n        \"tier\": \"Free\"\r\n      },\r\n      \"properties\": {\r\n        \"displayName\": \"Empty deployment on each KeyVault resource (MG)\",\r\n        \"policyDefinitionId\": \"/providers/Microsoft.Management/managementGroups/AzGovPerfTest/providers/Microsoft.Authorization/policyDefinitions/78a38c70-5549-49bd-8a16-fe3619e5d2cf\",\r\n        \"scope\": \"/providers/Microsoft.Management/managementGroups/AzGovPerfTest\",\r\n        \"notScopes\": [],\r\n        \"parameters\": {},\r\n        \"description\": \"Deploys an empty deployment (with one output) on each KeyVault vault.  Used for some PolicyInsights SDK tests.\",\r\n        \"metadata\": {\r\n          \"assignedBy\": \"Chris Eggert\",\r\n          \"parameterScopes\": {},\r\n          \"createdBy\": \"36e2f355-d2e2-4fbc-88ab-4281639dff94\",\r\n          \"createdOn\": \"2019-11-21T17:44:17.3643721Z\",\r\n          \"updatedBy\": null,\r\n          \"updatedOn\": null\r\n        },\r\n        \"enforcementMode\": \"DoNotEnforce\"\r\n      },\r\n      \"identity\": {\r\n        \"principalId\": \"067c1aa0-c425-4ad5-80fe-41d4639b1d42\",\r\n        \"tenantId\": \"72f988bf-86f1-41af-91ab-2d7cd011db47\",\r\n        \"type\": \"SystemAssigned\"\r\n      },\r\n      \"id\": \"/providers/Microsoft.Management/managementGroups/AzGovPerfTest/providers/Microsoft.Authorization/policyAssignments/d80d743b97874fd3bfd1d539\",\r\n      \"type\": \"Microsoft.Authorization/policyAssignments\",\r\n      \"name\": \"d80d743b97874fd3bfd1d539\",\r\n      \"location\": \"eastus\"\r\n    },\r\n    {\r\n      \"sku\": {\r\n        \"name\": \"A0\",\r\n        \"tier\": \"Free\"\r\n      },\r\n      \"properties\": {\r\n        \"displayName\": \"Audit tag at MG\",\r\n        \"policyDefinitionId\": \"/providers/Microsoft.Management/managementGroups/AzGovPerfTest/providers/Microsoft.Authorization/policyDefinitions/03ae6c12-b46a-43f1-9f3d-c20620473106\",\r\n        \"scope\": \"/providers/Microsoft.Management/managementGroups/AzGovPerfTest\",\r\n        \"notScopes\": [\r\n          \"/subscriptions/086aecf4-23d6-4dfd-99a8-a5c6299f0322\"\r\n        ],\r\n        \"parameters\": {},\r\n        \"metadata\": {\r\n          \"assignedBy\": \"Chris Eggert\",\r\n          \"parameterScopes\": {},\r\n          \"createdBy\": \"327c26bf-bf3e-4128-9b75-fbbd99e98739\",\r\n          \"createdOn\": \"2019-09-19T21:02:48.2629834Z\",\r\n          \"updatedBy\": \"36e2f355-d2e2-4fbc-88ab-4281639dff94\",\r\n          \"updatedOn\": \"2019-10-01T17:50:28.4254014Z\"\r\n        },\r\n        \"enforcementMode\": \"Default\"\r\n      },\r\n      \"id\": \"/providers/Microsoft.Management/managementGroups/AzGovPerfTest/providers/Microsoft.Authorization/policyAssignments/ef26e8bbc3da423ebf7fcb80\",\r\n      \"type\": \"Microsoft.Authorization/policyAssignments\",\r\n      \"name\": \"ef26e8bbc3da423ebf7fcb80\"\r\n    }\r\n  ]\r\n}",
      "StatusCode": 200
    },
    {
      "RequestUri": "//subscriptions/f67cc918-f64f-4c3f-aa24-a855465f9d41/resourceGroups/azsmnet4614/providers/Microsoft.Authorization/policyAssignments/azsmnet2144?api-version=2019-09-01",
      "EncodedRequestUri": "Ly9zdWJzY3JpcHRpb25zL2Y2N2NjOTE4LWY2NGYtNGMzZi1hYTI0LWE4NTU0NjVmOWQ0MS9yZXNvdXJjZUdyb3Vwcy9henNtbmV0NDYxNC9wcm92aWRlcnMvTWljcm9zb2Z0LkF1dGhvcml6YXRpb24vcG9saWN5QXNzaWdubWVudHMvYXpzbW5ldDIxNDQ/YXBpLXZlcnNpb249MjAxOS0wOS0wMQ==",
      "RequestMethod": "GET",
      "RequestBody": "",
      "RequestHeaders": {
        "x-ms-client-request-id": [
          "79e085f0-99c9-452f-bec1-8f7d14731aea"
        ],
        "accept-language": [
          "en-US"
        ],
        "User-Agent": [
          "FxVersion/4.6.26614.01",
          "OSName/Windows",
          "OSVersion/Microsoft.Windows.10.0.18363.",
          "Microsoft.Azure.Management.ResourceManager.PolicyClient/2.4.5.0"
        ]
      },
      "ResponseHeaders": {
        "Cache-Control": [
          "no-cache"
        ],
        "Date": [
          "Tue, 26 Nov 2019 18:03:52 GMT"
        ],
        "Pragma": [
          "no-cache"
        ],
        "Vary": [
          "Accept-Encoding"
        ],
        "x-ms-request-id": [
          "westus:71661816-b234-4ee9-a63c-040ccfe81ef2"
        ],
        "x-ms-ratelimit-remaining-subscription-reads": [
          "11998"
        ],
        "x-ms-correlation-request-id": [
          "adb13756-b468-49e4-b446-8529e1ffc3aa"
        ],
        "x-ms-routing-request-id": [
          "WESTUS:20191126T180352Z:adb13756-b468-49e4-b446-8529e1ffc3aa"
        ],
        "Strict-Transport-Security": [
          "max-age=31536000; includeSubDomains"
        ],
        "X-Content-Type-Options": [
          "nosniff"
        ],
        "Content-Length": [
          "742"
        ],
        "Content-Type": [
          "application/json; charset=utf-8"
        ],
        "Expires": [
          "-1"
        ]
      },
      "ResponseBody": "{\r\n  \"sku\": {\r\n    \"name\": \"A0\",\r\n    \"tier\": \"Free\"\r\n  },\r\n  \"properties\": {\r\n    \"displayName\": \"CanCrudPolicyAssignmentAtResourceGroup Policy Assignment\",\r\n    \"policyDefinitionId\": \"/subscriptions/f67cc918-f64f-4c3f-aa24-a855465f9d41/providers/Microsoft.Authorization/policyDefinitions/azsmnet5584\",\r\n    \"scope\": \"/subscriptions/f67cc918-f64f-4c3f-aa24-a855465f9d41/resourceGroups/azsmnet4614\",\r\n    \"metadata\": {\r\n      \"createdBy\": \"7140c269-e408-47a5-a626-a1d836b96883\",\r\n      \"createdOn\": \"2019-11-26T18:03:52.1496341Z\",\r\n      \"updatedBy\": null,\r\n      \"updatedOn\": null\r\n    },\r\n    \"enforcementMode\": \"Default\"\r\n  },\r\n  \"id\": \"/subscriptions/f67cc918-f64f-4c3f-aa24-a855465f9d41/resourceGroups/azsmnet4614/providers/Microsoft.Authorization/policyAssignments/azsmnet2144\",\r\n  \"type\": \"Microsoft.Authorization/policyAssignments\",\r\n  \"name\": \"azsmnet2144\"\r\n}",
      "StatusCode": 200
    },
    {
      "RequestUri": "//subscriptions/f67cc918-f64f-4c3f-aa24-a855465f9d41/resourceGroups/azsmnet4614/providers/Microsoft.Authorization/policyAssignments/azsmnet2144?api-version=2019-09-01",
      "EncodedRequestUri": "Ly9zdWJzY3JpcHRpb25zL2Y2N2NjOTE4LWY2NGYtNGMzZi1hYTI0LWE4NTU0NjVmOWQ0MS9yZXNvdXJjZUdyb3Vwcy9henNtbmV0NDYxNC9wcm92aWRlcnMvTWljcm9zb2Z0LkF1dGhvcml6YXRpb24vcG9saWN5QXNzaWdubWVudHMvYXpzbW5ldDIxNDQ/YXBpLXZlcnNpb249MjAxOS0wOS0wMQ==",
      "RequestMethod": "DELETE",
      "RequestBody": "",
      "RequestHeaders": {
        "x-ms-client-request-id": [
          "b4b4e5f2-cfe3-4a2c-a1af-4199dae3767c"
        ],
        "accept-language": [
          "en-US"
        ],
        "User-Agent": [
          "FxVersion/4.6.26614.01",
          "OSName/Windows",
          "OSVersion/Microsoft.Windows.10.0.18363.",
          "Microsoft.Azure.Management.ResourceManager.PolicyClient/2.4.5.0"
        ]
      },
      "ResponseHeaders": {
        "Cache-Control": [
          "no-cache"
        ],
        "Date": [
          "Tue, 26 Nov 2019 18:03:52 GMT"
        ],
        "Pragma": [
          "no-cache"
        ],
        "Vary": [
          "Accept-Encoding"
        ],
        "x-ms-request-id": [
          "westus:51672373-27a5-496d-bbd1-691b4060395f"
        ],
        "x-ms-ratelimit-remaining-subscription-deletes": [
          "14999"
        ],
        "x-ms-correlation-request-id": [
          "08ee3268-a793-4502-a8bb-d2c0f575efb2"
        ],
        "x-ms-routing-request-id": [
          "WESTUS:20191126T180353Z:08ee3268-a793-4502-a8bb-d2c0f575efb2"
        ],
        "Strict-Transport-Security": [
          "max-age=31536000; includeSubDomains"
        ],
        "X-Content-Type-Options": [
          "nosniff"
        ],
        "Content-Length": [
          "742"
        ],
        "Content-Type": [
          "application/json; charset=utf-8"
        ],
        "Expires": [
          "-1"
        ]
      },
      "ResponseBody": "{\r\n  \"sku\": {\r\n    \"name\": \"A0\",\r\n    \"tier\": \"Free\"\r\n  },\r\n  \"properties\": {\r\n    \"displayName\": \"CanCrudPolicyAssignmentAtResourceGroup Policy Assignment\",\r\n    \"policyDefinitionId\": \"/subscriptions/f67cc918-f64f-4c3f-aa24-a855465f9d41/providers/Microsoft.Authorization/policyDefinitions/azsmnet5584\",\r\n    \"scope\": \"/subscriptions/f67cc918-f64f-4c3f-aa24-a855465f9d41/resourceGroups/azsmnet4614\",\r\n    \"metadata\": {\r\n      \"createdBy\": \"7140c269-e408-47a5-a626-a1d836b96883\",\r\n      \"createdOn\": \"2019-11-26T18:03:52.1496341Z\",\r\n      \"updatedBy\": null,\r\n      \"updatedOn\": null\r\n    },\r\n    \"enforcementMode\": \"Default\"\r\n  },\r\n  \"id\": \"/subscriptions/f67cc918-f64f-4c3f-aa24-a855465f9d41/resourceGroups/azsmnet4614/providers/Microsoft.Authorization/policyAssignments/azsmnet2144\",\r\n  \"type\": \"Microsoft.Authorization/policyAssignments\",\r\n  \"name\": \"azsmnet2144\"\r\n}",
      "StatusCode": 200
    },
    {
      "RequestUri": "/subscriptions/f67cc918-f64f-4c3f-aa24-a855465f9d41/providers/Microsoft.Authorization/policyDefinitions/azsmnet5584?api-version=2019-09-01",
      "EncodedRequestUri": "L3N1YnNjcmlwdGlvbnMvZjY3Y2M5MTgtZjY0Zi00YzNmLWFhMjQtYTg1NTQ2NWY5ZDQxL3Byb3ZpZGVycy9NaWNyb3NvZnQuQXV0aG9yaXphdGlvbi9wb2xpY3lEZWZpbml0aW9ucy9henNtbmV0NTU4ND9hcGktdmVyc2lvbj0yMDE5LTA5LTAx",
      "RequestMethod": "DELETE",
      "RequestBody": "",
      "RequestHeaders": {
        "x-ms-client-request-id": [
          "65e302e5-f288-4187-bd6c-a62e0851c814"
        ],
        "accept-language": [
          "en-US"
        ],
        "User-Agent": [
          "FxVersion/4.6.26614.01",
          "OSName/Windows",
          "OSVersion/Microsoft.Windows.10.0.18363.",
          "Microsoft.Azure.Management.ResourceManager.PolicyClient/2.4.5.0"
        ]
      },
      "ResponseHeaders": {
        "Cache-Control": [
          "no-cache"
        ],
        "Date": [
          "Tue, 26 Nov 2019 18:03:53 GMT"
        ],
        "Pragma": [
          "no-cache"
        ],
        "Vary": [
          "Accept-Encoding"
        ],
        "x-ms-request-id": [
          "westus:92d57c9b-e987-45c3-bd7b-857bc4fa8ec4"
        ],
        "x-ms-ratelimit-remaining-subscription-deletes": [
          "14998"
        ],
        "x-ms-correlation-request-id": [
          "8b17f19f-803c-4e73-afcd-108453f24e38"
        ],
        "x-ms-routing-request-id": [
          "WESTUS:20191126T180353Z:8b17f19f-803c-4e73-afcd-108453f24e38"
        ],
        "Strict-Transport-Security": [
          "max-age=31536000; includeSubDomains"
        ],
        "X-Content-Type-Options": [
          "nosniff"
        ],
        "Content-Length": [
          "612"
        ],
        "Content-Type": [
          "application/json; charset=utf-8"
        ],
        "Expires": [
          "-1"
        ]
      },
      "ResponseBody": "{\r\n  \"properties\": {\r\n    \"displayName\": \"CanCrudPolicyAssignmentAtResourceGroup Policy Definition\",\r\n    \"policyType\": \"Custom\",\r\n    \"mode\": \"Indexed\",\r\n    \"metadata\": {\r\n      \"createdBy\": \"7140c269-e408-47a5-a626-a1d836b96883\",\r\n      \"createdOn\": \"2019-11-26T18:03:51.72775Z\",\r\n      \"updatedBy\": null,\r\n      \"updatedOn\": null\r\n    },\r\n    \"policyRule\": {\r\n      \"if\": {\r\n        \"source\": \"action\",\r\n        \"equals\": \"ResourceProviderTestHost/TestResourceType/TestResourceTypeNestedOne/write\"\r\n      },\r\n      \"then\": {\r\n        \"effect\": \"deny\"\r\n      }\r\n    }\r\n  },\r\n  \"id\": \"/subscriptions/f67cc918-f64f-4c3f-aa24-a855465f9d41/providers/Microsoft.Authorization/policyDefinitions/azsmnet5584\",\r\n  \"type\": \"Microsoft.Authorization/policyDefinitions\",\r\n  \"name\": \"azsmnet5584\"\r\n}",
      "StatusCode": 200
    },
    {
      "RequestUri": "/subscriptions/f67cc918-f64f-4c3f-aa24-a855465f9d41/resourcegroups/azsmnet4614?api-version=2019-07-01",
      "EncodedRequestUri": "L3N1YnNjcmlwdGlvbnMvZjY3Y2M5MTgtZjY0Zi00YzNmLWFhMjQtYTg1NTQ2NWY5ZDQxL3Jlc291cmNlZ3JvdXBzL2F6c21uZXQ0NjE0P2FwaS12ZXJzaW9uPTIwMTktMDctMDE=",
      "RequestMethod": "DELETE",
      "RequestBody": "",
      "RequestHeaders": {
        "x-ms-client-request-id": [
          "11983c38-9114-4dd6-b9fe-7a4917146073"
        ],
        "accept-language": [
          "en-US"
        ],
        "User-Agent": [
          "FxVersion/4.6.26614.01",
          "OSName/Windows",
          "OSVersion/Microsoft.Windows.10.0.18363.",
          "Microsoft.Azure.Management.ResourceManager.ResourceManagementClient/2.4.5.0"
        ]
      },
      "ResponseHeaders": {
        "Cache-Control": [
          "no-cache"
        ],
        "Date": [
          "Tue, 26 Nov 2019 18:03:54 GMT"
        ],
        "Pragma": [
          "no-cache"
        ],
        "Location": [
          "https://management.azure.com/subscriptions/f67cc918-f64f-4c3f-aa24-a855465f9d41/operationresults/eyJqb2JJZCI6IlJFU09VUkNFR1JPVVBERUxFVElPTkpPQi1BWlNNTkVUNDYxNC1XRVNUVVMyIiwiam9iTG9jYXRpb24iOiJ3ZXN0dXMyIn0?api-version=2019-07-01"
        ],
        "Retry-After": [
          "15"
        ],
        "x-ms-ratelimit-remaining-subscription-deletes": [
          "14999"
        ],
        "x-ms-request-id": [
          "ca4ffd76-dcbd-4c4c-a510-2a5529798e59"
        ],
        "x-ms-correlation-request-id": [
          "ca4ffd76-dcbd-4c4c-a510-2a5529798e59"
        ],
        "x-ms-routing-request-id": [
          "WESTUS:20191126T180354Z:ca4ffd76-dcbd-4c4c-a510-2a5529798e59"
        ],
        "Strict-Transport-Security": [
          "max-age=31536000; includeSubDomains"
        ],
        "X-Content-Type-Options": [
          "nosniff"
        ],
        "Content-Length": [
          "0"
        ],
        "Expires": [
          "-1"
        ]
      },
      "ResponseBody": "",
      "StatusCode": 202
    },
    {
      "RequestUri": "/subscriptions/f67cc918-f64f-4c3f-aa24-a855465f9d41/operationresults/eyJqb2JJZCI6IlJFU09VUkNFR1JPVVBERUxFVElPTkpPQi1BWlNNTkVUNDYxNC1XRVNUVVMyIiwiam9iTG9jYXRpb24iOiJ3ZXN0dXMyIn0?api-version=2019-07-01",
      "EncodedRequestUri": "L3N1YnNjcmlwdGlvbnMvZjY3Y2M5MTgtZjY0Zi00YzNmLWFhMjQtYTg1NTQ2NWY5ZDQxL29wZXJhdGlvbnJlc3VsdHMvZXlKcWIySkpaQ0k2SWxKRlUwOVZVa05GUjFKUFZWQkVSVXhGVkVsUFRrcFBRaTFCV2xOTlRrVlVORFl4TkMxWFJWTlVWVk15SWl3aWFtOWlURzlqWVhScGIyNGlPaUozWlhOMGRYTXlJbjA/YXBpLXZlcnNpb249MjAxOS0wNy0wMQ==",
      "RequestMethod": "GET",
      "RequestBody": "",
      "RequestHeaders": {
        "User-Agent": [
          "FxVersion/4.6.26614.01",
          "OSName/Windows",
          "OSVersion/Microsoft.Windows.10.0.18363.",
          "Microsoft.Azure.Management.ResourceManager.ResourceManagementClient/2.4.5.0"
        ]
      },
      "ResponseHeaders": {
        "Cache-Control": [
          "no-cache"
        ],
        "Date": [
          "Tue, 26 Nov 2019 18:04:09 GMT"
        ],
        "Pragma": [
          "no-cache"
        ],
        "Location": [
          "https://management.azure.com/subscriptions/f67cc918-f64f-4c3f-aa24-a855465f9d41/operationresults/eyJqb2JJZCI6IlJFU09VUkNFR1JPVVBERUxFVElPTkpPQi1BWlNNTkVUNDYxNC1XRVNUVVMyIiwiam9iTG9jYXRpb24iOiJ3ZXN0dXMyIn0?api-version=2019-07-01"
        ],
        "Retry-After": [
          "15"
        ],
        "x-ms-ratelimit-remaining-subscription-reads": [
          "11999"
        ],
        "x-ms-request-id": [
          "82422be6-a4ea-470a-b596-d4d3a8289d73"
        ],
        "x-ms-correlation-request-id": [
          "82422be6-a4ea-470a-b596-d4d3a8289d73"
        ],
        "x-ms-routing-request-id": [
          "WESTUS:20191126T180409Z:82422be6-a4ea-470a-b596-d4d3a8289d73"
        ],
        "Strict-Transport-Security": [
          "max-age=31536000; includeSubDomains"
        ],
        "X-Content-Type-Options": [
          "nosniff"
        ],
        "Content-Length": [
          "0"
        ],
        "Expires": [
          "-1"
        ]
      },
      "ResponseBody": "",
      "StatusCode": 202
    },
    {
      "RequestUri": "/subscriptions/f67cc918-f64f-4c3f-aa24-a855465f9d41/operationresults/eyJqb2JJZCI6IlJFU09VUkNFR1JPVVBERUxFVElPTkpPQi1BWlNNTkVUNDYxNC1XRVNUVVMyIiwiam9iTG9jYXRpb24iOiJ3ZXN0dXMyIn0?api-version=2019-07-01",
      "EncodedRequestUri": "L3N1YnNjcmlwdGlvbnMvZjY3Y2M5MTgtZjY0Zi00YzNmLWFhMjQtYTg1NTQ2NWY5ZDQxL29wZXJhdGlvbnJlc3VsdHMvZXlKcWIySkpaQ0k2SWxKRlUwOVZVa05GUjFKUFZWQkVSVXhGVkVsUFRrcFBRaTFCV2xOTlRrVlVORFl4TkMxWFJWTlVWVk15SWl3aWFtOWlURzlqWVhScGIyNGlPaUozWlhOMGRYTXlJbjA/YXBpLXZlcnNpb249MjAxOS0wNy0wMQ==",
      "RequestMethod": "GET",
      "RequestBody": "",
      "RequestHeaders": {
        "User-Agent": [
          "FxVersion/4.6.26614.01",
          "OSName/Windows",
          "OSVersion/Microsoft.Windows.10.0.18363.",
          "Microsoft.Azure.Management.ResourceManager.ResourceManagementClient/2.4.5.0"
        ]
      },
      "ResponseHeaders": {
        "Cache-Control": [
          "no-cache"
        ],
        "Date": [
          "Tue, 26 Nov 2019 18:04:24 GMT"
        ],
        "Pragma": [
          "no-cache"
        ],
        "Location": [
          "https://management.azure.com/subscriptions/f67cc918-f64f-4c3f-aa24-a855465f9d41/operationresults/eyJqb2JJZCI6IlJFU09VUkNFR1JPVVBERUxFVElPTkpPQi1BWlNNTkVUNDYxNC1XRVNUVVMyIiwiam9iTG9jYXRpb24iOiJ3ZXN0dXMyIn0?api-version=2019-07-01"
        ],
        "Retry-After": [
          "15"
        ],
        "x-ms-ratelimit-remaining-subscription-reads": [
          "11998"
        ],
        "x-ms-request-id": [
          "3af39402-3c14-4b0c-b2fd-a2ababa3c445"
        ],
        "x-ms-correlation-request-id": [
          "3af39402-3c14-4b0c-b2fd-a2ababa3c445"
        ],
        "x-ms-routing-request-id": [
          "WESTUS:20191126T180424Z:3af39402-3c14-4b0c-b2fd-a2ababa3c445"
        ],
        "Strict-Transport-Security": [
          "max-age=31536000; includeSubDomains"
        ],
        "X-Content-Type-Options": [
          "nosniff"
        ],
        "Content-Length": [
          "0"
        ],
        "Expires": [
          "-1"
        ]
      },
      "ResponseBody": "",
      "StatusCode": 202
    },
    {
      "RequestUri": "/subscriptions/f67cc918-f64f-4c3f-aa24-a855465f9d41/operationresults/eyJqb2JJZCI6IlJFU09VUkNFR1JPVVBERUxFVElPTkpPQi1BWlNNTkVUNDYxNC1XRVNUVVMyIiwiam9iTG9jYXRpb24iOiJ3ZXN0dXMyIn0?api-version=2019-07-01",
      "EncodedRequestUri": "L3N1YnNjcmlwdGlvbnMvZjY3Y2M5MTgtZjY0Zi00YzNmLWFhMjQtYTg1NTQ2NWY5ZDQxL29wZXJhdGlvbnJlc3VsdHMvZXlKcWIySkpaQ0k2SWxKRlUwOVZVa05GUjFKUFZWQkVSVXhGVkVsUFRrcFBRaTFCV2xOTlRrVlVORFl4TkMxWFJWTlVWVk15SWl3aWFtOWlURzlqWVhScGIyNGlPaUozWlhOMGRYTXlJbjA/YXBpLXZlcnNpb249MjAxOS0wNy0wMQ==",
      "RequestMethod": "GET",
      "RequestBody": "",
      "RequestHeaders": {
        "User-Agent": [
          "FxVersion/4.6.26614.01",
          "OSName/Windows",
          "OSVersion/Microsoft.Windows.10.0.18363.",
          "Microsoft.Azure.Management.ResourceManager.ResourceManagementClient/2.4.5.0"
        ]
      },
      "ResponseHeaders": {
        "Cache-Control": [
          "no-cache"
        ],
        "Date": [
          "Tue, 26 Nov 2019 18:04:39 GMT"
        ],
        "Pragma": [
          "no-cache"
        ],
        "x-ms-ratelimit-remaining-subscription-reads": [
          "11997"
        ],
        "x-ms-request-id": [
          "ba445e47-ad12-4f2d-a2a7-12a7b84ea517"
        ],
        "x-ms-correlation-request-id": [
          "ba445e47-ad12-4f2d-a2a7-12a7b84ea517"
        ],
        "x-ms-routing-request-id": [
          "WESTUS:20191126T180439Z:ba445e47-ad12-4f2d-a2a7-12a7b84ea517"
        ],
        "Strict-Transport-Security": [
          "max-age=31536000; includeSubDomains"
        ],
        "X-Content-Type-Options": [
          "nosniff"
        ],
        "Content-Length": [
          "0"
        ],
        "Expires": [
          "-1"
        ]
      },
      "ResponseBody": "",
      "StatusCode": 200
    },
    {
      "RequestUri": "/subscriptions/f67cc918-f64f-4c3f-aa24-a855465f9d41/operationresults/eyJqb2JJZCI6IlJFU09VUkNFR1JPVVBERUxFVElPTkpPQi1BWlNNTkVUNDYxNC1XRVNUVVMyIiwiam9iTG9jYXRpb24iOiJ3ZXN0dXMyIn0?api-version=2019-07-01",
      "EncodedRequestUri": "L3N1YnNjcmlwdGlvbnMvZjY3Y2M5MTgtZjY0Zi00YzNmLWFhMjQtYTg1NTQ2NWY5ZDQxL29wZXJhdGlvbnJlc3VsdHMvZXlKcWIySkpaQ0k2SWxKRlUwOVZVa05GUjFKUFZWQkVSVXhGVkVsUFRrcFBRaTFCV2xOTlRrVlVORFl4TkMxWFJWTlVWVk15SWl3aWFtOWlURzlqWVhScGIyNGlPaUozWlhOMGRYTXlJbjA/YXBpLXZlcnNpb249MjAxOS0wNy0wMQ==",
      "RequestMethod": "GET",
      "RequestBody": "",
      "RequestHeaders": {
        "User-Agent": [
          "FxVersion/4.6.26614.01",
          "OSName/Windows",
          "OSVersion/Microsoft.Windows.10.0.18363.",
          "Microsoft.Azure.Management.ResourceManager.ResourceManagementClient/2.4.5.0"
        ]
      },
      "ResponseHeaders": {
        "Cache-Control": [
          "no-cache"
        ],
        "Date": [
          "Tue, 26 Nov 2019 18:04:39 GMT"
        ],
        "Pragma": [
          "no-cache"
        ],
        "x-ms-ratelimit-remaining-subscription-reads": [
          "11996"
        ],
        "x-ms-request-id": [
          "42a05be3-d33a-4909-a32e-ba071d84c911"
        ],
        "x-ms-correlation-request-id": [
          "42a05be3-d33a-4909-a32e-ba071d84c911"
        ],
        "x-ms-routing-request-id": [
          "WESTUS:20191126T180439Z:42a05be3-d33a-4909-a32e-ba071d84c911"
        ],
        "Strict-Transport-Security": [
          "max-age=31536000; includeSubDomains"
        ],
        "X-Content-Type-Options": [
          "nosniff"
        ],
        "Content-Length": [
          "0"
        ],
        "Expires": [
          "-1"
        ]
      },
      "ResponseBody": "",
      "StatusCode": 200
    }
  ],
  "Names": {
    "CanCrudPolicyAssignmentAtResourceGroup": [
      "azsmnet4614",
      "azsmnet5584",
      "azsmnet2144"
    ]
  },
  "Variables": {
    "SubscriptionId": "f67cc918-f64f-4c3f-aa24-a855465f9d41"
  }
}