{
  "Entries": [
    {
      "RequestUri": "https://management.azure.com/subscriptions/0accec26-d6de-4757-8e74-d080f38eaaab?api-version=2019-11-01",
      "RequestMethod": "GET",
      "RequestHeaders": {
        "Accept": "application/json",
        "Authorization": "Sanitized",
        "User-Agent": [
          "azsdk-net-ResourceManager.Core/1.0.0-alpha.20210630.1",
          "(.NET Core 4.6.30015.01; Microsoft Windows 10.0.19043 )"
        ],
        "x-ms-client-request-id": "108869ad96c06c2bdb0886fbae9de40e",
        "x-ms-return-client-request-id": "true"
      },
      "RequestBody": null,
      "StatusCode": 200,
      "ResponseHeaders": {
        "Cache-Control": "no-cache",
        "Content-Length": "413",
        "Content-Type": "application/json; charset=utf-8",
        "Date": "Wed, 30 Jun 2021 10:16:16 GMT",
        "Expires": "-1",
        "Pragma": "no-cache",
        "Strict-Transport-Security": "max-age=31536000; includeSubDomains",
        "X-Content-Type-Options": "nosniff",
        "x-ms-correlation-request-id": "d73a3b85-7ee2-498c-a947-d823fdca3561",
        "x-ms-ratelimit-remaining-subscription-reads": "11991",
        "x-ms-request-id": "d73a3b85-7ee2-498c-a947-d823fdca3561",
        "x-ms-routing-request-id": "SOUTHEASTASIA:20210630T101617Z:d73a3b85-7ee2-498c-a947-d823fdca3561"
      },
      "ResponseBody": {
        "id": "/subscriptions/0accec26-d6de-4757-8e74-d080f38eaaab",
        "authorizationSource": "RoleBased",
        "managedByTenants": [],
        "tags": {},
        "subscriptionId": "0accec26-d6de-4757-8e74-d080f38eaaab",
        "tenantId": "72f988bf-86f1-41af-91ab-2d7cd011db47",
        "displayName": "ACR - TEST - China Team",
        "state": "Enabled",
        "subscriptionPolicies": {
          "locationPlacementId": "Internal_2014-09-01",
          "quotaId": "Internal_2014-09-01",
          "spendingLimit": "Off"
        }
      }
    },
    {
      "RequestUri": "https://management.azure.com/subscriptions/0accec26-d6de-4757-8e74-d080f38eaaab/resourcegroups/testrg3012?api-version=2019-10-01",
      "RequestMethod": "PUT",
      "RequestHeaders": {
        "Accept": "application/json",
        "Authorization": "Sanitized",
        "Content-Length": "34",
        "Content-Type": "application/json",
        "traceparent": "00-179d51627ad70f4d9ebc1ad007045969-e42dcc4459ef1c4b-00",
        "User-Agent": [
          "azsdk-net-ResourceManager.Core/1.0.0-alpha.20210630.1",
          "(.NET Core 4.6.30015.01; Microsoft Windows 10.0.19043 )"
        ],
        "x-ms-client-request-id": "b2d52f2d95f5bed589c19fc232d5cdbd",
        "x-ms-return-client-request-id": "true"
      },
      "RequestBody": {
        "location": "West US 2",
        "tags": {}
      },
      "StatusCode": 201,
      "ResponseHeaders": {
        "Cache-Control": "no-cache",
        "Content-Length": "228",
        "Content-Type": "application/json; charset=utf-8",
        "Date": "Wed, 30 Jun 2021 10:16:18 GMT",
        "Expires": "-1",
        "Pragma": "no-cache",
        "Strict-Transport-Security": "max-age=31536000; includeSubDomains",
        "X-Content-Type-Options": "nosniff",
        "x-ms-correlation-request-id": "d48b6ae7-b431-4d7a-9de5-6db3c995d5b0",
        "x-ms-ratelimit-remaining-subscription-writes": "1196",
        "x-ms-request-id": "d48b6ae7-b431-4d7a-9de5-6db3c995d5b0",
        "x-ms-routing-request-id": "SOUTHEASTASIA:20210630T101619Z:d48b6ae7-b431-4d7a-9de5-6db3c995d5b0"
      },
      "ResponseBody": {
        "id": "/subscriptions/0accec26-d6de-4757-8e74-d080f38eaaab/resourceGroups/testrg3012",
        "name": "testrg3012",
        "type": "Microsoft.Resources/resourceGroups",
        "location": "westus2",
        "tags": {},
        "properties": {
          "provisioningState": "Succeeded"
        }
      }
    },
    {
      "RequestUri": "https://management.azure.com/subscriptions/0accec26-d6de-4757-8e74-d080f38eaaab/resourceGroups/testrg3012/providers/Microsoft.Resources/tags/default?api-version=2019-10-01",
      "RequestMethod": "DELETE",
      "RequestHeaders": {
        "Accept": "application/json",
        "Authorization": "Sanitized",
        "traceparent": "00-0db84b51f7bdd1468d3cb66bea2c2b17-a6c7295d68544b40-00",
        "User-Agent": [
          "azsdk-net-ResourceManager.Core/1.0.0-alpha.20210630.1",
          "(.NET Core 4.6.30015.01; Microsoft Windows 10.0.19043 )"
        ],
        "x-ms-client-request-id": "5a56870f0dc79c820c2c237b1a6f0af0",
        "x-ms-return-client-request-id": "true"
      },
      "RequestBody": null,
      "StatusCode": 200,
      "ResponseHeaders": {
        "Cache-Control": "no-cache",
        "Content-Length": "0",
        "Date": "Wed, 30 Jun 2021 10:16:19 GMT",
        "Expires": "-1",
        "Pragma": "no-cache",
        "Strict-Transport-Security": "max-age=31536000; includeSubDomains",
        "X-Content-Type-Options": "nosniff",
        "x-ms-correlation-request-id": "d4b936f1-222a-4b84-a866-2a23d9db732b",
        "x-ms-ratelimit-remaining-subscription-deletes": "14997",
        "x-ms-request-id": "d4b936f1-222a-4b84-a866-2a23d9db732b",
        "x-ms-routing-request-id": "SOUTHEASTASIA:20210630T101619Z:d4b936f1-222a-4b84-a866-2a23d9db732b"
      },
      "ResponseBody": []
    },
    {
      "RequestUri": "https://management.azure.com/subscriptions/0accec26-d6de-4757-8e74-d080f38eaaab/resourceGroups/testrg3012/providers/Microsoft.Resources/tags/default?api-version=2019-10-01",
      "RequestMethod": "GET",
      "RequestHeaders": {
        "Accept": "application/json",
        "Authorization": "Sanitized",
        "traceparent": "00-0db84b51f7bdd1468d3cb66bea2c2b17-4286a7941c089f4f-00",
        "User-Agent": [
          "azsdk-net-ResourceManager.Core/1.0.0-alpha.20210630.1",
          "(.NET Core 4.6.30015.01; Microsoft Windows 10.0.19043 )"
        ],
        "x-ms-client-request-id": "b9ac9ec2eaccd3b8b25137d48caaa932",
        "x-ms-return-client-request-id": "true"
      },
      "RequestBody": null,
      "StatusCode": 200,
      "ResponseHeaders": {
        "Cache-Control": "no-cache",
        "Content-Length": "205",
        "Content-Type": "application/json; charset=utf-8",
        "Date": "Wed, 30 Jun 2021 10:16:19 GMT",
        "Expires": "-1",
        "Pragma": "no-cache",
        "Strict-Transport-Security": "max-age=31536000; includeSubDomains",
        "X-Content-Type-Options": "nosniff",
        "x-ms-correlation-request-id": "c888abf3-cf20-44ee-90ea-461bca339ad7",
        "x-ms-ratelimit-remaining-subscription-reads": "11990",
        "x-ms-request-id": "c888abf3-cf20-44ee-90ea-461bca339ad7",
        "x-ms-routing-request-id": "SOUTHEASTASIA:20210630T101619Z:c888abf3-cf20-44ee-90ea-461bca339ad7"
      },
      "ResponseBody": {
        "id": "/subscriptions/0accec26-d6de-4757-8e74-d080f38eaaab/resourceGroups/testrg3012/providers/Microsoft.Resources/tags/default",
        "name": "default",
        "type": "Microsoft.Resources/tags",
        "properties": {
          "tags": {}
        }
      }
    },
    {
      "RequestUri": "https://management.azure.com/subscriptions/0accec26-d6de-4757-8e74-d080f38eaaab/resourceGroups/testrg3012/providers/Microsoft.Resources/tags/default?api-version=2019-10-01",
      "RequestMethod": "PUT",
      "RequestHeaders": {
        "Accept": "application/json",
        "Authorization": "Sanitized",
        "Content-Length": "39",
        "Content-Type": "application/json",
        "traceparent": "00-0db84b51f7bdd1468d3cb66bea2c2b17-5e4efa01bd8ee54b-00",
        "User-Agent": [
          "azsdk-net-ResourceManager.Core/1.0.0-alpha.20210630.1",
          "(.NET Core 4.6.30015.01; Microsoft Windows 10.0.19043 )"
        ],
        "x-ms-client-request-id": "169e3db9b38d1f4bad38a6c8725aa319",
        "x-ms-return-client-request-id": "true"
      },
      "RequestBody": {
        "properties": {
          "tags": {
            "key": "value"
          }
        }
      },
      "StatusCode": 200,
      "ResponseHeaders": {
        "Cache-Control": "no-cache",
        "Content-Length": "218",
        "Content-Type": "application/json; charset=utf-8",
        "Date": "Wed, 30 Jun 2021 10:16:20 GMT",
        "Expires": "-1",
        "Pragma": "no-cache",
        "Strict-Transport-Security": "max-age=31536000; includeSubDomains",
        "X-Content-Type-Options": "nosniff",
        "x-ms-correlation-request-id": "d3220928-fa0a-413f-93ed-fbc878e856d9",
        "x-ms-ratelimit-remaining-subscription-writes": "1195",
        "x-ms-request-id": "d3220928-fa0a-413f-93ed-fbc878e856d9",
        "x-ms-routing-request-id": "SOUTHEASTASIA:20210630T101620Z:d3220928-fa0a-413f-93ed-fbc878e856d9"
      },
      "ResponseBody": {
        "id": "/subscriptions/0accec26-d6de-4757-8e74-d080f38eaaab/resourceGroups/testrg3012/providers/Microsoft.Resources/tags/default",
        "name": "default",
        "type": "Microsoft.Resources/tags",
        "properties": {
          "tags": {
            "key": "value"
          }
        }
      }
    },
    {
      "RequestUri": "https://management.azure.com/subscriptions/0accec26-d6de-4757-8e74-d080f38eaaab/resourcegroups/testrg3012?api-version=2019-10-01",
      "RequestMethod": "GET",
      "RequestHeaders": {
        "Accept": "application/json",
        "Authorization": "Sanitized",
        "traceparent": "00-0db84b51f7bdd1468d3cb66bea2c2b17-170fa6a0d226514c-00",
        "User-Agent": [
          "azsdk-net-ResourceManager.Core/1.0.0-alpha.20210630.1",
          "(.NET Core 4.6.30015.01; Microsoft Windows 10.0.19043 )"
        ],
        "x-ms-client-request-id": "9300aeb7142925f1ce82a775d6ae0f61",
        "x-ms-return-client-request-id": "true"
      },
      "RequestBody": null,
      "StatusCode": 200,
      "ResponseHeaders": {
        "Cache-Control": "no-cache",
        "Content-Length": "241",
        "Content-Type": "application/json; charset=utf-8",
        "Date": "Wed, 30 Jun 2021 10:16:20 GMT",
        "Expires": "-1",
        "Pragma": "no-cache",
        "Strict-Transport-Security": "max-age=31536000; includeSubDomains",
        "X-Content-Type-Options": "nosniff",
        "x-ms-correlation-request-id": "648dc686-5c82-4b91-9bdd-3c473d16013e",
        "x-ms-ratelimit-remaining-subscription-reads": "11989",
        "x-ms-request-id": "648dc686-5c82-4b91-9bdd-3c473d16013e",
        "x-ms-routing-request-id": "SOUTHEASTASIA:20210630T101620Z:648dc686-5c82-4b91-9bdd-3c473d16013e"
      },
      "ResponseBody": {
        "id": "/subscriptions/0accec26-d6de-4757-8e74-d080f38eaaab/resourceGroups/testrg3012",
        "name": "testrg3012",
        "type": "Microsoft.Resources/resourceGroups",
        "location": "westus2",
        "tags": {
          "key": "value"
        },
        "properties": {
          "provisioningState": "Succeeded"
        }
      }
    }
  ],
  "Variables": {
    "RandomSeed": "1257131198",
    "SUBSCRIPTION_ID": "0accec26-d6de-4757-8e74-d080f38eaaab"
  }
}