{
  "Entries": [
    {
      "RequestUri": "https://management.azure.com/subscriptions/0accec26-d6de-4757-8e74-d080f38eaaab?api-version=2019-11-01",
      "RequestMethod": "GET",
      "RequestHeaders": {
        "Accept": "application/json",
        "Authorization": "Sanitized",
        "User-Agent": [
          "azsdk-net-ResourceManager.Core/1.0.0-alpha.20210630.1",
          "(.NET Core 4.6.30015.01; Microsoft Windows 10.0.19043 )"
        ],
        "x-ms-client-request-id": "5e5feb5399cc0d53ed90c001f71c2e1b",
        "x-ms-return-client-request-id": "true"
      },
      "RequestBody": null,
      "StatusCode": 200,
      "ResponseHeaders": {
        "Cache-Control": "no-cache",
        "Content-Length": "413",
        "Content-Type": "application/json; charset=utf-8",
        "Date": "Wed, 30 Jun 2021 10:16:24 GMT",
        "Expires": "-1",
        "Pragma": "no-cache",
        "Strict-Transport-Security": "max-age=31536000; includeSubDomains",
        "X-Content-Type-Options": "nosniff",
        "x-ms-correlation-request-id": "1c0c7bb7-509c-42ae-8bbc-7c9beb6c7a1d",
        "x-ms-ratelimit-remaining-subscription-reads": "11942",
        "x-ms-request-id": "1c0c7bb7-509c-42ae-8bbc-7c9beb6c7a1d",
        "x-ms-routing-request-id": "SOUTHEASTASIA:20210630T101625Z:1c0c7bb7-509c-42ae-8bbc-7c9beb6c7a1d"
      },
      "ResponseBody": {
        "id": "/subscriptions/0accec26-d6de-4757-8e74-d080f38eaaab",
        "authorizationSource": "RoleBased",
        "managedByTenants": [],
        "tags": {},
        "subscriptionId": "0accec26-d6de-4757-8e74-d080f38eaaab",
        "tenantId": "72f988bf-86f1-41af-91ab-2d7cd011db47",
        "displayName": "ACR - TEST - China Team",
        "state": "Enabled",
        "subscriptionPolicies": {
          "locationPlacementId": "Internal_2014-09-01",
          "quotaId": "Internal_2014-09-01",
          "spendingLimit": "Off"
        }
      }
    },
    {
      "RequestUri": "https://management.azure.com/subscriptions/0accec26-d6de-4757-8e74-d080f38eaaab/resourcegroups/testrg9147?api-version=2019-10-01",
      "RequestMethod": "PUT",
      "RequestHeaders": {
        "Accept": "application/json",
        "Authorization": "Sanitized",
        "Content-Length": "34",
        "Content-Type": "application/json",
        "traceparent": "00-ecfc2edcfb94a349a37382e10a82d047-93dfba3366ea3540-00",
        "User-Agent": [
          "azsdk-net-ResourceManager.Core/1.0.0-alpha.20210630.1",
          "(.NET Core 4.6.30015.01; Microsoft Windows 10.0.19043 )"
        ],
        "x-ms-client-request-id": "664b5cc708737037afcbbbab9f76f099",
        "x-ms-return-client-request-id": "true"
      },
      "RequestBody": {
        "location": "West US 2",
        "tags": {}
      },
      "StatusCode": 201,
      "ResponseHeaders": {
        "Cache-Control": "no-cache",
        "Content-Length": "228",
        "Content-Type": "application/json; charset=utf-8",
        "Date": "Wed, 30 Jun 2021 10:16:26 GMT",
        "Expires": "-1",
        "Pragma": "no-cache",
        "Strict-Transport-Security": "max-age=31536000; includeSubDomains",
        "X-Content-Type-Options": "nosniff",
        "x-ms-correlation-request-id": "0107cedd-cba6-46af-8256-ff6c4db72886",
        "x-ms-ratelimit-remaining-subscription-writes": "1193",
        "x-ms-request-id": "0107cedd-cba6-46af-8256-ff6c4db72886",
        "x-ms-routing-request-id": "SOUTHEASTASIA:20210630T101627Z:0107cedd-cba6-46af-8256-ff6c4db72886"
      },
      "ResponseBody": {
        "id": "/subscriptions/0accec26-d6de-4757-8e74-d080f38eaaab/resourceGroups/testrg9147",
        "name": "testrg9147",
        "type": "Microsoft.Resources/resourceGroups",
        "location": "westus2",
        "tags": {},
        "properties": {
          "provisioningState": "Succeeded"
        }
      }
    },
    {
      "RequestUri": "https://management.azure.com/subscriptions/0accec26-d6de-4757-8e74-d080f38eaaab/resourceGroups/testrg9147/providers/Microsoft.Resources/tags/default?api-version=2019-10-01",
      "RequestMethod": "DELETE",
      "RequestHeaders": {
        "Accept": "application/json",
        "Authorization": "Sanitized",
        "traceparent": "00-d62a67b72673c845860b7e737e704c00-716f11cd17bc6741-00",
        "User-Agent": [
          "azsdk-net-ResourceManager.Core/1.0.0-alpha.20210630.1",
          "(.NET Core 4.6.30015.01; Microsoft Windows 10.0.19043 )"
        ],
        "x-ms-client-request-id": "0fb22512a483d6e42254ef8d6c681ff3",
        "x-ms-return-client-request-id": "true"
      },
      "RequestBody": null,
      "StatusCode": 200,
      "ResponseHeaders": {
        "Cache-Control": "no-cache",
        "Content-Length": "0",
        "Date": "Wed, 30 Jun 2021 10:16:26 GMT",
        "Expires": "-1",
        "Pragma": "no-cache",
        "Strict-Transport-Security": "max-age=31536000; includeSubDomains",
        "X-Content-Type-Options": "nosniff",
        "x-ms-correlation-request-id": "e3bbfbd6-6467-4b74-9d26-d8d8e44c2d72",
        "x-ms-ratelimit-remaining-subscription-deletes": "14988",
        "x-ms-request-id": "e3bbfbd6-6467-4b74-9d26-d8d8e44c2d72",
        "x-ms-routing-request-id": "SOUTHEASTASIA:20210630T101627Z:e3bbfbd6-6467-4b74-9d26-d8d8e44c2d72"
      },
      "ResponseBody": []
    },
    {
      "RequestUri": "https://management.azure.com/subscriptions/0accec26-d6de-4757-8e74-d080f38eaaab/resourceGroups/testrg9147/providers/Microsoft.Resources/tags/default?api-version=2019-10-01",
      "RequestMethod": "GET",
      "RequestHeaders": {
        "Accept": "application/json",
        "Authorization": "Sanitized",
        "traceparent": "00-d62a67b72673c845860b7e737e704c00-101fa85110909e42-00",
        "User-Agent": [
          "azsdk-net-ResourceManager.Core/1.0.0-alpha.20210630.1",
          "(.NET Core 4.6.30015.01; Microsoft Windows 10.0.19043 )"
        ],
        "x-ms-client-request-id": "7f4bd0125f06e3e027ee1cce98614e19",
        "x-ms-return-client-request-id": "true"
      },
      "RequestBody": null,
      "StatusCode": 200,
      "ResponseHeaders": {
        "Cache-Control": "no-cache",
        "Content-Length": "205",
        "Content-Type": "application/json; charset=utf-8",
        "Date": "Wed, 30 Jun 2021 10:16:27 GMT",
        "Expires": "-1",
        "Pragma": "no-cache",
        "Strict-Transport-Security": "max-age=31536000; includeSubDomains",
        "X-Content-Type-Options": "nosniff",
        "x-ms-correlation-request-id": "53acd843-978e-4242-8090-a225fdb8d854",
        "x-ms-ratelimit-remaining-subscription-reads": "11941",
        "x-ms-request-id": "53acd843-978e-4242-8090-a225fdb8d854",
        "x-ms-routing-request-id": "SOUTHEASTASIA:20210630T101627Z:53acd843-978e-4242-8090-a225fdb8d854"
      },
      "ResponseBody": {
        "id": "/subscriptions/0accec26-d6de-4757-8e74-d080f38eaaab/resourceGroups/testrg9147/providers/Microsoft.Resources/tags/default",
        "name": "default",
        "type": "Microsoft.Resources/tags",
        "properties": {
          "tags": {}
        }
      }
    },
    {
      "RequestUri": "https://management.azure.com/subscriptions/0accec26-d6de-4757-8e74-d080f38eaaab/resourceGroups/testrg9147/providers/Microsoft.Resources/tags/default?api-version=2019-10-01",
      "RequestMethod": "PUT",
      "RequestHeaders": {
        "Accept": "application/json",
        "Authorization": "Sanitized",
        "Content-Length": "45",
        "Content-Type": "application/json",
        "traceparent": "00-d62a67b72673c845860b7e737e704c00-17652cb974526d4d-00",
        "User-Agent": [
          "azsdk-net-ResourceManager.Core/1.0.0-alpha.20210630.1",
          "(.NET Core 4.6.30015.01; Microsoft Windows 10.0.19043 )"
        ],
        "x-ms-client-request-id": "f7e567d00b7c237d7775441f19a90447",
        "x-ms-return-client-request-id": "true"
      },
      "RequestBody": {
        "properties": {
          "tags": {
            "k1": "v1",
            "k2": "v2"
          }
        }
      },
      "StatusCode": 200,
      "ResponseHeaders": {
        "Cache-Control": "no-cache",
        "Content-Length": "224",
        "Content-Type": "application/json; charset=utf-8",
        "Date": "Wed, 30 Jun 2021 10:16:27 GMT",
        "Expires": "-1",
        "Pragma": "no-cache",
        "Strict-Transport-Security": "max-age=31536000; includeSubDomains",
        "X-Content-Type-Options": "nosniff",
        "x-ms-correlation-request-id": "7bb26f75-31d7-426f-b1d8-a5f3de1c39fe",
        "x-ms-ratelimit-remaining-subscription-writes": "1192",
        "x-ms-request-id": "7bb26f75-31d7-426f-b1d8-a5f3de1c39fe",
        "x-ms-routing-request-id": "SOUTHEASTASIA:20210630T101628Z:7bb26f75-31d7-426f-b1d8-a5f3de1c39fe"
      },
      "ResponseBody": {
        "id": "/subscriptions/0accec26-d6de-4757-8e74-d080f38eaaab/resourceGroups/testrg9147/providers/Microsoft.Resources/tags/default",
        "name": "default",
        "type": "Microsoft.Resources/tags",
        "properties": {
          "tags": {
            "k1": "v1",
            "k2": "v2"
          }
        }
      }
    },
    {
      "RequestUri": "https://management.azure.com/subscriptions/0accec26-d6de-4757-8e74-d080f38eaaab/resourcegroups/testrg9147?api-version=2019-10-01",
      "RequestMethod": "GET",
      "RequestHeaders": {
        "Accept": "application/json",
        "Authorization": "Sanitized",
        "traceparent": "00-d62a67b72673c845860b7e737e704c00-c06b0ce569cb3146-00",
        "User-Agent": [
          "azsdk-net-ResourceManager.Core/1.0.0-alpha.20210630.1",
          "(.NET Core 4.6.30015.01; Microsoft Windows 10.0.19043 )"
        ],
        "x-ms-client-request-id": "ce98c7ab712bb39345cfe89587163dc1",
        "x-ms-return-client-request-id": "true"
      },
      "RequestBody": null,
      "StatusCode": 200,
      "ResponseHeaders": {
        "Cache-Control": "no-cache",
        "Content-Length": "247",
        "Content-Type": "application/json; charset=utf-8",
        "Date": "Wed, 30 Jun 2021 10:16:27 GMT",
        "Expires": "-1",
        "Pragma": "no-cache",
        "Strict-Transport-Security": "max-age=31536000; includeSubDomains",
        "X-Content-Type-Options": "nosniff",
        "x-ms-correlation-request-id": "2928a03d-72ab-40df-8ad6-7bb4e866c777",
        "x-ms-ratelimit-remaining-subscription-reads": "11940",
        "x-ms-request-id": "2928a03d-72ab-40df-8ad6-7bb4e866c777",
        "x-ms-routing-request-id": "SOUTHEASTASIA:20210630T101628Z:2928a03d-72ab-40df-8ad6-7bb4e866c777"
      },
      "ResponseBody": {
        "id": "/subscriptions/0accec26-d6de-4757-8e74-d080f38eaaab/resourceGroups/testrg9147",
        "name": "testrg9147",
        "type": "Microsoft.Resources/resourceGroups",
        "location": "westus2",
        "tags": {
          "k1": "v1",
          "k2": "v2"
        },
        "properties": {
          "provisioningState": "Succeeded"
        }
      }
    },
    {
      "RequestUri": "https://management.azure.com/subscriptions/0accec26-d6de-4757-8e74-d080f38eaaab/resourceGroups/testrg9147/providers/Microsoft.Resources/tags/default?api-version=2019-10-01",
      "RequestMethod": "GET",
      "RequestHeaders": {
        "Accept": "application/json",
        "Authorization": "Sanitized",
        "traceparent": "00-2b9ac98aef26134f95d6a1ab3aef9f17-69d22e4f5959444c-00",
        "User-Agent": [
          "azsdk-net-ResourceManager.Core/1.0.0-alpha.20210630.1",
          "(.NET Core 4.6.30015.01; Microsoft Windows 10.0.19043 )"
        ],
        "x-ms-client-request-id": "04bdd50628830776532708911ac0c97d",
        "x-ms-return-client-request-id": "true"
      },
      "RequestBody": null,
      "StatusCode": 200,
      "ResponseHeaders": {
        "Cache-Control": "no-cache",
        "Content-Length": "224",
        "Content-Type": "application/json; charset=utf-8",
        "Date": "Wed, 30 Jun 2021 10:16:27 GMT",
        "Expires": "-1",
        "Pragma": "no-cache",
        "Strict-Transport-Security": "max-age=31536000; includeSubDomains",
        "X-Content-Type-Options": "nosniff",
        "x-ms-correlation-request-id": "7d153941-fe90-41b5-ab10-72030bf54517",
        "x-ms-ratelimit-remaining-subscription-reads": "11939",
        "x-ms-request-id": "7d153941-fe90-41b5-ab10-72030bf54517",
        "x-ms-routing-request-id": "SOUTHEASTASIA:20210630T101628Z:7d153941-fe90-41b5-ab10-72030bf54517"
      },
      "ResponseBody": {
        "id": "/subscriptions/0accec26-d6de-4757-8e74-d080f38eaaab/resourceGroups/testrg9147/providers/Microsoft.Resources/tags/default",
        "name": "default",
        "type": "Microsoft.Resources/tags",
        "properties": {
          "tags": {
            "k1": "v1",
            "k2": "v2"
          }
        }
      }
    },
    {
      "RequestUri": "https://management.azure.com/subscriptions/0accec26-d6de-4757-8e74-d080f38eaaab/resourceGroups/testrg9147/providers/Microsoft.Resources/tags/default?api-version=2019-10-01",
      "RequestMethod": "PUT",
      "RequestHeaders": {
        "Accept": "application/json",
        "Authorization": "Sanitized",
        "Content-Length": "35",
        "Content-Type": "application/json",
        "traceparent": "00-2b9ac98aef26134f95d6a1ab3aef9f17-7cd7012f265c0445-00",
        "User-Agent": [
          "azsdk-net-ResourceManager.Core/1.0.0-alpha.20210630.1",
          "(.NET Core 4.6.30015.01; Microsoft Windows 10.0.19043 )"
        ],
        "x-ms-client-request-id": "d122d5e97fc85eeed432b2ad22e79b61",
        "x-ms-return-client-request-id": "true"
      },
      "RequestBody": {
        "properties": {
          "tags": {
            "k2": "v2"
          }
        }
      },
      "StatusCode": 200,
      "ResponseHeaders": {
        "Cache-Control": "no-cache",
        "Content-Length": "214",
        "Content-Type": "application/json; charset=utf-8",
        "Date": "Wed, 30 Jun 2021 10:16:28 GMT",
        "Expires": "-1",
        "Pragma": "no-cache",
        "Strict-Transport-Security": "max-age=31536000; includeSubDomains",
        "X-Content-Type-Options": "nosniff",
        "x-ms-correlation-request-id": "e8dd87df-178f-451d-81c3-6a146755e9d4",
        "x-ms-ratelimit-remaining-subscription-writes": "1191",
        "x-ms-request-id": "e8dd87df-178f-451d-81c3-6a146755e9d4",
        "x-ms-routing-request-id": "SOUTHEASTASIA:20210630T101629Z:e8dd87df-178f-451d-81c3-6a146755e9d4"
      },
      "ResponseBody": {
        "id": "/subscriptions/0accec26-d6de-4757-8e74-d080f38eaaab/resourceGroups/testrg9147/providers/Microsoft.Resources/tags/default",
        "name": "default",
        "type": "Microsoft.Resources/tags",
        "properties": {
          "tags": {
            "k2": "v2"
          }
        }
      }
    },
    {
      "RequestUri": "https://management.azure.com/subscriptions/0accec26-d6de-4757-8e74-d080f38eaaab/resourcegroups/testrg9147?api-version=2019-10-01",
      "RequestMethod": "GET",
      "RequestHeaders": {
        "Accept": "application/json",
        "Authorization": "Sanitized",
        "traceparent": "00-2b9ac98aef26134f95d6a1ab3aef9f17-1ff2570c87d10848-00",
        "User-Agent": [
          "azsdk-net-ResourceManager.Core/1.0.0-alpha.20210630.1",
          "(.NET Core 4.6.30015.01; Microsoft Windows 10.0.19043 )"
        ],
        "x-ms-client-request-id": "43188337ffec83c350917a0369029884",
        "x-ms-return-client-request-id": "true"
      },
      "RequestBody": null,
      "StatusCode": 200,
      "ResponseHeaders": {
        "Cache-Control": "no-cache",
        "Content-Length": "237",
        "Content-Type": "application/json; charset=utf-8",
        "Date": "Wed, 30 Jun 2021 10:16:28 GMT",
        "Expires": "-1",
        "Pragma": "no-cache",
        "Strict-Transport-Security": "max-age=31536000; includeSubDomains",
        "X-Content-Type-Options": "nosniff",
        "x-ms-correlation-request-id": "264a5293-4dbd-40ac-bdc8-7e7f1806ce28",
        "x-ms-ratelimit-remaining-subscription-reads": "11938",
        "x-ms-request-id": "264a5293-4dbd-40ac-bdc8-7e7f1806ce28",
        "x-ms-routing-request-id": "SOUTHEASTASIA:20210630T101629Z:264a5293-4dbd-40ac-bdc8-7e7f1806ce28"
      },
      "ResponseBody": {
        "id": "/subscriptions/0accec26-d6de-4757-8e74-d080f38eaaab/resourceGroups/testrg9147",
        "name": "testrg9147",
        "type": "Microsoft.Resources/resourceGroups",
        "location": "westus2",
        "tags": {
          "k2": "v2"
        },
        "properties": {
          "provisioningState": "Succeeded"
        }
      }
    }
  ],
  "Variables": {
    "RandomSeed": "1716431635",
    "SUBSCRIPTION_ID": "0accec26-d6de-4757-8e74-d080f38eaaab"
  }
}