{
  "Entries": [
    {
      "RequestUri": "https://management.azure.com/subscriptions/db1ab6f0-4769-4b27-930e-01e2ef9c123c?api-version=2019-11-01",
      "RequestMethod": "GET",
      "RequestHeaders": {
        "Accept": "application/json",
        "Authorization": "Sanitized",
        "traceparent": "00-1e3860c626ac5e4e828e271d4344801f-39e7ff88aff18443-00",
        "User-Agent": "azsdk-net-ResourceManager.Core/1.0.0-alpha.20210622.1 (.NET Framework 4.8.4300.0; Microsoft Windows 10.0.19043 )",
        "x-ms-client-request-id": "22bcc7038d78f6fd045efe99ff9aada2",
        "x-ms-return-client-request-id": "true"
      },
      "RequestBody": null,
      "StatusCode": 200,
      "ResponseHeaders": {
        "Cache-Control": "no-cache",
        "Content-Length": "450",
        "Content-Type": "application/json; charset=utf-8",
        "Date": "Tue, 22 Jun 2021 18:51:57 GMT",
        "Expires": "-1",
        "Pragma": "no-cache",
        "Strict-Transport-Security": "max-age=31536000; includeSubDomains",
        "X-Content-Type-Options": "nosniff",
        "x-ms-correlation-request-id": "13d9c6a1-762f-4607-98f1-a2e6181a4a08",
        "x-ms-ratelimit-remaining-subscription-reads": "11633",
        "x-ms-request-id": "13d9c6a1-762f-4607-98f1-a2e6181a4a08",
        "x-ms-routing-request-id": "WESTUS2:20210622T185157Z:13d9c6a1-762f-4607-98f1-a2e6181a4a08"
      },
      "ResponseBody": {
        "id": "/subscriptions/db1ab6f0-4769-4b27-930e-01e2ef9c123c",
        "authorizationSource": "RoleBased",
        "managedByTenants": [],
        "tags": {
          "tagKey1": "tagValue1",
          "tagKey2": "tagValue2"
        },
        "subscriptionId": "db1ab6f0-4769-4b27-930e-01e2ef9c123c",
        "tenantId": "72f988bf-86f1-41af-91ab-2d7cd011db47",
        "displayName": "Azure SDK sandbox",
        "state": "Enabled",
        "subscriptionPolicies": {
          "locationPlacementId": "Internal_2014-09-01",
          "quotaId": "Internal_2014-09-01",
          "spendingLimit": "Off"
        }
      }
    },
    {
      "RequestUri": "https://management.azure.com/subscriptions/db1ab6f0-4769-4b27-930e-01e2ef9c123c/resourcegroups/testrg8986?api-version=2019-10-01",
      "RequestMethod": "PUT",
      "RequestHeaders": {
        "Accept": "application/json",
        "Authorization": "Sanitized",
        "Content-Length": "34",
        "Content-Type": "application/json",
        "traceparent": "00-965c3ee4856a22408a12300931e8003c-0c9e709084afc447-00",
        "User-Agent": "azsdk-net-ResourceManager.Core/1.0.0-alpha.20210622.1 (.NET Framework 4.8.4300.0; Microsoft Windows 10.0.19043 )",
        "x-ms-client-request-id": "f7c16de3ea2215c13961a3b1c0ce9393",
        "x-ms-return-client-request-id": "true"
      },
      "RequestBody": {
        "location": "West US 2",
        "tags": {}
      },
      "StatusCode": 201,
      "ResponseHeaders": {
        "Cache-Control": "no-cache",
        "Content-Length": "228",
        "Content-Type": "application/json; charset=utf-8",
        "Date": "Tue, 22 Jun 2021 18:51:58 GMT",
        "Expires": "-1",
        "Pragma": "no-cache",
        "Strict-Transport-Security": "max-age=31536000; includeSubDomains",
        "X-Content-Type-Options": "nosniff",
        "x-ms-correlation-request-id": "72a73894-9f03-40b3-8329-4d1df9cf541b",
        "x-ms-ratelimit-remaining-subscription-writes": "1189",
        "x-ms-request-id": "72a73894-9f03-40b3-8329-4d1df9cf541b",
        "x-ms-routing-request-id": "WESTUS2:20210622T185158Z:72a73894-9f03-40b3-8329-4d1df9cf541b"
      },
      "ResponseBody": {
        "id": "/subscriptions/db1ab6f0-4769-4b27-930e-01e2ef9c123c/resourceGroups/testrg8986",
        "name": "testrg8986",
        "type": "Microsoft.Resources/resourceGroups",
        "location": "westus2",
        "tags": {},
        "properties": {
          "provisioningState": "Succeeded"
        }
      }
    },
    {
      "RequestUri": "https://management.azure.com/subscriptions/db1ab6f0-4769-4b27-930e-01e2ef9c123c/resourcegroups/testrg8986?api-version=2019-10-01",
      "RequestMethod": "PATCH",
      "RequestHeaders": {
        "Accept": "application/json",
        "Authorization": "Sanitized",
        "Content-Length": "21",
        "Content-Type": "application/json",
        "traceparent": "00-aa92a967c27af94aa3e6c39d4fcb4d41-db598d34bc6e8842-00",
        "User-Agent": "azsdk-net-ResourceManager.Core/1.0.0-alpha.20210622.1 (.NET Framework 4.8.4300.0; Microsoft Windows 10.0.19043 )",
        "x-ms-client-request-id": "7ff17edafe1050ffbfffe793a7aeef6d",
        "x-ms-return-client-request-id": "true"
      },
      "RequestBody": {
        "name": "testrg8986"
      },
      "StatusCode": 200,
      "ResponseHeaders": {
        "Cache-Control": "no-cache",
        "Content-Length": "228",
        "Content-Type": "application/json; charset=utf-8",
        "Date": "Tue, 22 Jun 2021 18:51:58 GMT",
        "Expires": "-1",
        "Pragma": "no-cache",
        "Strict-Transport-Security": "max-age=31536000; includeSubDomains",
        "X-Content-Type-Options": "nosniff",
        "x-ms-correlation-request-id": "b3add095-3194-4d8a-9b1c-21364536fc3c",
        "x-ms-ratelimit-remaining-subscription-writes": "1188",
        "x-ms-request-id": "b3add095-3194-4d8a-9b1c-21364536fc3c",
        "x-ms-routing-request-id": "WESTUS2:20210622T185159Z:b3add095-3194-4d8a-9b1c-21364536fc3c"
      },
      "ResponseBody": {
        "id": "/subscriptions/db1ab6f0-4769-4b27-930e-01e2ef9c123c/resourceGroups/testrg8986",
        "name": "testrg8986",
        "type": "Microsoft.Resources/resourceGroups",
        "location": "westus2",
        "tags": {},
        "properties": {
          "provisioningState": "Succeeded"
        }
      }
    }
  ],
  "Variables": {
    "RandomSeed": "1944461243",
    "SUBSCRIPTION_ID": "db1ab6f0-4769-4b27-930e-01e2ef9c123c"
  }
}