{
  "Entries": [
    {
      "RequestUri": "https://management.azure.com/subscriptions/db1ab6f0-4769-4b27-930e-01e2ef9c123c/resourcegroups/IotHub-RG-8844?api-version=2021-04-01",
      "RequestMethod": "GET",
      "RequestHeaders": {
        "Accept": "application/json",
        "Authorization": "Sanitized",
        "traceparent": "00-bfd3e276c0185a4681f1278c6b2f4659-775242b5f5525f4e-00",
        "User-Agent": "azsdk-net-ResourceManager/1.2.0 (.NET Core 3.1.27; Microsoft Windows 10.0.22000)",
        "x-ms-client-request-id": "a3aed2a623d9efa0823f134d6ba66a6a",
        "x-ms-return-client-request-id": "true"
      },
      "RequestBody": null,
      "StatusCode": 200,
      "ResponseHeaders": {
        "Cache-Control": "no-cache",
        "Content-Length": "226",
        "Content-Type": "application/json; charset=utf-8",
        "Date": "Fri, 15 Jul 2022 09:37:05 GMT",
        "Expires": "-1",
        "Pragma": "no-cache",
        "Strict-Transport-Security": "max-age=31536000; includeSubDomains",
        "X-Content-Type-Options": "nosniff",
        "x-ms-correlation-request-id": "055d8679-713c-49de-89f6-b8b4a36b2c0f",
        "x-ms-ratelimit-remaining-subscription-reads": "11998",
        "x-ms-request-id": "055d8679-713c-49de-89f6-b8b4a36b2c0f",
        "x-ms-routing-request-id": "SOUTHEASTASIA:20220715T093705Z:055d8679-713c-49de-89f6-b8b4a36b2c0f"
      },
      "ResponseBody": {
        "id": "/subscriptions/db1ab6f0-4769-4b27-930e-01e2ef9c123c/resourceGroups/IotHub-RG-8844",
        "name": "IotHub-RG-8844",
        "type": "Microsoft.Resources/resourceGroups",
        "location": "westus2",
        "properties": {
          "provisioningState": "Succeeded"
        }
      }
    },
    {
      "RequestUri": "https://management.azure.com/subscriptions/db1ab6f0-4769-4b27-930e-01e2ef9c123c/resourceGroups/IotHub-RG-8844/providers/Microsoft.Devices/IotHubs/IotHub-2760?api-version=2021-07-02",
      "RequestMethod": "PUT",
      "RequestHeaders": {
        "Accept": "application/json",
        "Authorization": "Sanitized",
        "Content-Length": "65",
        "Content-Type": "application/json",
        "traceparent": "00-c39d83929790f046ae1afdf28e2c234d-2dc339e9da2d994c-00",
        "User-Agent": "azsdk-net-ResourceManager.IotHub/1.0.0-alpha.20220715.1 (.NET Core 3.1.27; Microsoft Windows 10.0.22000)",
        "x-ms-client-request-id": "21147d33472fae6fb79141c1d8d31f76",
        "x-ms-return-client-request-id": "true"
      },
      "RequestBody": {
        "sku": {
          "name": "S1",
          "capacity": 1
        },
        "tags": {},
        "location": "westus2"
      },
      "StatusCode": 201,
      "ResponseHeaders": {
        "Azure-AsyncOperation": "https://management.azure.com/subscriptions/db1ab6f0-4769-4b27-930e-01e2ef9c123c/providers/Microsoft.Devices/locations/westus2/operationResults/aWQ9b3NfaWhfZjM0ZDFjZDEtODAyNi00NzZiLWFhNTEtY2YwZjc3ODA1MGZkO3JlZ2lvbj13ZXN0dXMy?api-version=2021-07-02\u0026operationSource=other\u0026asyncinfo",
        "Cache-Control": "no-cache",
        "Content-Length": "666",
        "Content-Type": "application/json; charset=utf-8",
        "Date": "Fri, 15 Jul 2022 09:37:12 GMT",
        "Expires": "-1",
        "Pragma": "no-cache",
        "Server": "Microsoft-HTTPAPI/2.0",
        "Strict-Transport-Security": "max-age=31536000; includeSubDomains",
        "X-Content-Type-Options": "nosniff",
        "x-ms-correlation-request-id": "bca72d76-c265-4b27-a5fc-3dc554a10979",
        "x-ms-ratelimit-remaining-subscription-resource-requests": "4999",
        "x-ms-request-id": "bca72d76-c265-4b27-a5fc-3dc554a10979",
        "x-ms-routing-request-id": "SOUTHEASTASIA:20220715T093713Z:bca72d76-c265-4b27-a5fc-3dc554a10979"
      },
      "ResponseBody": {
        "id": "/subscriptions/db1ab6f0-4769-4b27-930e-01e2ef9c123c/resourceGroups/IotHub-RG-8844/providers/Microsoft.Devices/IotHubs/IotHub-2760",
        "name": "IotHub-2760",
        "type": "Microsoft.Devices/IotHubs",
        "location": "westus2",
        "tags": {},
        "subscriptionid": "db1ab6f0-4769-4b27-930e-01e2ef9c123c",
        "resourcegroup": "IotHub-RG-8844",
        "properties": {
          "state": "Activating",
          "provisioningState": "Accepted",
          "enableFileUploadNotifications": false,
          "cloudToDevice": {
            "maxDeliveryCount": 10,
            "defaultTtlAsIso8601": "PT1H",
            "feedback": {
              "lockDurationAsIso8601": "PT1M",
              "ttlAsIso8601": "PT1H",
              "maxDeliveryCount": 10
            }
          },
          "features": "None",
          "allowedFqdnList": []
        },
        "sku": {
          "name": "S1",
          "tier": "Standard",
          "capacity": 1
        }
      }
    },
    {
      "RequestUri": "https://management.azure.com/subscriptions/db1ab6f0-4769-4b27-930e-01e2ef9c123c/providers/Microsoft.Devices/locations/westus2/operationResults/aWQ9b3NfaWhfZjM0ZDFjZDEtODAyNi00NzZiLWFhNTEtY2YwZjc3ODA1MGZkO3JlZ2lvbj13ZXN0dXMy?api-version=2021-07-02\u0026operationSource=other\u0026asyncinfo",
      "RequestMethod": "GET",
      "RequestHeaders": {
        "Authorization": "Sanitized",
        "traceparent": "00-c39d83929790f046ae1afdf28e2c234d-7fe033cfbe9c6949-00",
        "User-Agent": "azsdk-net-ResourceManager/1.2.0 (.NET Core 3.1.27; Microsoft Windows 10.0.22000)",
        "x-ms-client-request-id": "f859ef34445d8a763ff422915f2da96b",
        "x-ms-return-client-request-id": "true"
      },
      "RequestBody": null,
      "StatusCode": 200,
      "ResponseHeaders": {
        "Cache-Control": "no-cache",
        "Content-Length": "20",
        "Content-Type": "application/json; charset=utf-8",
        "Date": "Fri, 15 Jul 2022 09:37:12 GMT",
        "Expires": "-1",
        "Pragma": "no-cache",
        "Server": "Microsoft-HTTPAPI/2.0",
        "Strict-Transport-Security": "max-age=31536000; includeSubDomains",
        "X-Content-Type-Options": "nosniff",
        "x-ms-correlation-request-id": "bcd11add-2938-47f0-b9ab-ce8e7d8f42f1",
        "x-ms-ratelimit-remaining-subscription-reads": "11997",
        "x-ms-request-id": "bcd11add-2938-47f0-b9ab-ce8e7d8f42f1",
        "x-ms-routing-request-id": "SOUTHEASTASIA:20220715T093713Z:bcd11add-2938-47f0-b9ab-ce8e7d8f42f1"
      },
      "ResponseBody": {
        "status": "Running"
      }
    },
    {
      "RequestUri": "https://management.azure.com/subscriptions/db1ab6f0-4769-4b27-930e-01e2ef9c123c/providers/Microsoft.Devices/locations/westus2/operationResults/aWQ9b3NfaWhfZjM0ZDFjZDEtODAyNi00NzZiLWFhNTEtY2YwZjc3ODA1MGZkO3JlZ2lvbj13ZXN0dXMy?api-version=2021-07-02\u0026operationSource=other\u0026asyncinfo",
      "RequestMethod": "GET",
      "RequestHeaders": {
        "Authorization": "Sanitized",
        "traceparent": "00-c39d83929790f046ae1afdf28e2c234d-76d257c65203644f-00",
        "User-Agent": "azsdk-net-ResourceManager/1.2.0 (.NET Core 3.1.27; Microsoft Windows 10.0.22000)",
        "x-ms-client-request-id": "da3ed6f3609ca1e113d854ae7f7b5e55",
        "x-ms-return-client-request-id": "true"
      },
      "RequestBody": null,
      "StatusCode": 200,
      "ResponseHeaders": {
        "Cache-Control": "no-cache",
        "Content-Length": "20",
        "Content-Type": "application/json; charset=utf-8",
        "Date": "Fri, 15 Jul 2022 09:37:14 GMT",
        "Expires": "-1",
        "Pragma": "no-cache",
        "Server": "Microsoft-HTTPAPI/2.0",
        "Strict-Transport-Security": "max-age=31536000; includeSubDomains",
        "X-Content-Type-Options": "nosniff",
        "x-ms-correlation-request-id": "8e742cc3-db4b-40c5-a887-0929903c6e30",
        "x-ms-ratelimit-remaining-subscription-reads": "11996",
        "x-ms-request-id": "8e742cc3-db4b-40c5-a887-0929903c6e30",
        "x-ms-routing-request-id": "SOUTHEASTASIA:20220715T093715Z:8e742cc3-db4b-40c5-a887-0929903c6e30"
      },
      "ResponseBody": {
        "status": "Running"
      }
    },
    {
      "RequestUri": "https://management.azure.com/subscriptions/db1ab6f0-4769-4b27-930e-01e2ef9c123c/providers/Microsoft.Devices/locations/westus2/operationResults/aWQ9b3NfaWhfZjM0ZDFjZDEtODAyNi00NzZiLWFhNTEtY2YwZjc3ODA1MGZkO3JlZ2lvbj13ZXN0dXMy?api-version=2021-07-02\u0026operationSource=other\u0026asyncinfo",
      "RequestMethod": "GET",
      "RequestHeaders": {
        "Authorization": "Sanitized",
        "traceparent": "00-c39d83929790f046ae1afdf28e2c234d-aeb8ded8cb78a044-00",
        "User-Agent": "azsdk-net-ResourceManager/1.2.0 (.NET Core 3.1.27; Microsoft Windows 10.0.22000)",
        "x-ms-client-request-id": "e98d2145277ae8185542ca586fd8dc9f",
        "x-ms-return-client-request-id": "true"
      },
      "RequestBody": null,
      "StatusCode": 200,
      "ResponseHeaders": {
        "Cache-Control": "no-cache",
        "Content-Length": "20",
        "Content-Type": "application/json; charset=utf-8",
        "Date": "Fri, 15 Jul 2022 09:37:15 GMT",
        "Expires": "-1",
        "Pragma": "no-cache",
        "Server": "Microsoft-HTTPAPI/2.0",
        "Strict-Transport-Security": "max-age=31536000; includeSubDomains",
        "X-Content-Type-Options": "nosniff",
        "x-ms-correlation-request-id": "60c6e15c-a72a-4f0f-8375-ed6bbe498322",
        "x-ms-ratelimit-remaining-subscription-reads": "11995",
        "x-ms-request-id": "60c6e15c-a72a-4f0f-8375-ed6bbe498322",
        "x-ms-routing-request-id": "SOUTHEASTASIA:20220715T093716Z:60c6e15c-a72a-4f0f-8375-ed6bbe498322"
      },
      "ResponseBody": {
        "status": "Running"
      }
    },
    {
      "RequestUri": "https://management.azure.com/subscriptions/db1ab6f0-4769-4b27-930e-01e2ef9c123c/providers/Microsoft.Devices/locations/westus2/operationResults/aWQ9b3NfaWhfZjM0ZDFjZDEtODAyNi00NzZiLWFhNTEtY2YwZjc3ODA1MGZkO3JlZ2lvbj13ZXN0dXMy?api-version=2021-07-02\u0026operationSource=other\u0026asyncinfo",
      "RequestMethod": "GET",
      "RequestHeaders": {
        "Authorization": "Sanitized",
        "traceparent": "00-c39d83929790f046ae1afdf28e2c234d-2c7271372a25d647-00",
        "User-Agent": "azsdk-net-ResourceManager/1.2.0 (.NET Core 3.1.27; Microsoft Windows 10.0.22000)",
        "x-ms-client-request-id": "79005cd77222d3830eb7e585efc80bc3",
        "x-ms-return-client-request-id": "true"
      },
      "RequestBody": null,
      "StatusCode": 200,
      "ResponseHeaders": {
        "Cache-Control": "no-cache",
        "Content-Length": "20",
        "Content-Type": "application/json; charset=utf-8",
        "Date": "Fri, 15 Jul 2022 09:37:16 GMT",
        "Expires": "-1",
        "Pragma": "no-cache",
        "Server": "Microsoft-HTTPAPI/2.0",
        "Strict-Transport-Security": "max-age=31536000; includeSubDomains",
        "X-Content-Type-Options": "nosniff",
        "x-ms-correlation-request-id": "de37bf5c-d1c1-4ded-84be-c56d3387f8d6",
        "x-ms-ratelimit-remaining-subscription-reads": "11994",
        "x-ms-request-id": "de37bf5c-d1c1-4ded-84be-c56d3387f8d6",
        "x-ms-routing-request-id": "SOUTHEASTASIA:20220715T093717Z:de37bf5c-d1c1-4ded-84be-c56d3387f8d6"
      },
      "ResponseBody": {
        "status": "Running"
      }
    },
    {
      "RequestUri": "https://management.azure.com/subscriptions/db1ab6f0-4769-4b27-930e-01e2ef9c123c/providers/Microsoft.Devices/locations/westus2/operationResults/aWQ9b3NfaWhfZjM0ZDFjZDEtODAyNi00NzZiLWFhNTEtY2YwZjc3ODA1MGZkO3JlZ2lvbj13ZXN0dXMy?api-version=2021-07-02\u0026operationSource=other\u0026asyncinfo",
      "RequestMethod": "GET",
      "RequestHeaders": {
        "Authorization": "Sanitized",
        "traceparent": "00-c39d83929790f046ae1afdf28e2c234d-24137df935980e42-00",
        "User-Agent": "azsdk-net-ResourceManager/1.2.0 (.NET Core 3.1.27; Microsoft Windows 10.0.22000)",
        "x-ms-client-request-id": "3d4ccc96c09fccf1bd55855a9688323a",
        "x-ms-return-client-request-id": "true"
      },
      "RequestBody": null,
      "StatusCode": 200,
      "ResponseHeaders": {
        "Cache-Control": "no-cache",
        "Content-Length": "20",
        "Content-Type": "application/json; charset=utf-8",
        "Date": "Fri, 15 Jul 2022 09:37:19 GMT",
        "Expires": "-1",
        "Pragma": "no-cache",
        "Server": "Microsoft-HTTPAPI/2.0",
        "Strict-Transport-Security": "max-age=31536000; includeSubDomains",
        "X-Content-Type-Options": "nosniff",
        "x-ms-correlation-request-id": "21dc9c41-ab2b-444a-825a-e26b6f31c90b",
        "x-ms-ratelimit-remaining-subscription-reads": "11993",
        "x-ms-request-id": "21dc9c41-ab2b-444a-825a-e26b6f31c90b",
        "x-ms-routing-request-id": "SOUTHEASTASIA:20220715T093719Z:21dc9c41-ab2b-444a-825a-e26b6f31c90b"
      },
      "ResponseBody": {
        "status": "Running"
      }
    },
    {
      "RequestUri": "https://management.azure.com/subscriptions/db1ab6f0-4769-4b27-930e-01e2ef9c123c/providers/Microsoft.Devices/locations/westus2/operationResults/aWQ9b3NfaWhfZjM0ZDFjZDEtODAyNi00NzZiLWFhNTEtY2YwZjc3ODA1MGZkO3JlZ2lvbj13ZXN0dXMy?api-version=2021-07-02\u0026operationSource=other\u0026asyncinfo",
      "RequestMethod": "GET",
      "RequestHeaders": {
        "Authorization": "Sanitized",
        "traceparent": "00-c39d83929790f046ae1afdf28e2c234d-1801a5c0880e314e-00",
        "User-Agent": "azsdk-net-ResourceManager/1.2.0 (.NET Core 3.1.27; Microsoft Windows 10.0.22000)",
        "x-ms-client-request-id": "22d6b5fbe47bd3339dbadbc24193f98c",
        "x-ms-return-client-request-id": "true"
      },
      "RequestBody": null,
      "StatusCode": 200,
      "ResponseHeaders": {
        "Cache-Control": "no-cache",
        "Content-Length": "20",
        "Content-Type": "application/json; charset=utf-8",
        "Date": "Fri, 15 Jul 2022 09:37:24 GMT",
        "Expires": "-1",
        "Pragma": "no-cache",
        "Server": "Microsoft-HTTPAPI/2.0",
        "Strict-Transport-Security": "max-age=31536000; includeSubDomains",
        "X-Content-Type-Options": "nosniff",
        "x-ms-correlation-request-id": "6ef3ef23-9a82-4250-beea-7b97d384edb2",
        "x-ms-ratelimit-remaining-subscription-reads": "11992",
        "x-ms-request-id": "6ef3ef23-9a82-4250-beea-7b97d384edb2",
        "x-ms-routing-request-id": "SOUTHEASTASIA:20220715T093724Z:6ef3ef23-9a82-4250-beea-7b97d384edb2"
      },
      "ResponseBody": {
        "status": "Running"
      }
    },
    {
      "RequestUri": "https://management.azure.com/subscriptions/db1ab6f0-4769-4b27-930e-01e2ef9c123c/providers/Microsoft.Devices/locations/westus2/operationResults/aWQ9b3NfaWhfZjM0ZDFjZDEtODAyNi00NzZiLWFhNTEtY2YwZjc3ODA1MGZkO3JlZ2lvbj13ZXN0dXMy?api-version=2021-07-02\u0026operationSource=other\u0026asyncinfo",
      "RequestMethod": "GET",
      "RequestHeaders": {
        "Authorization": "Sanitized",
        "traceparent": "00-c39d83929790f046ae1afdf28e2c234d-cefeecb65fe4ab4f-00",
        "User-Agent": "azsdk-net-ResourceManager/1.2.0 (.NET Core 3.1.27; Microsoft Windows 10.0.22000)",
        "x-ms-client-request-id": "a3c106379f8b17ff6a33bbcded293c85",
        "x-ms-return-client-request-id": "true"
      },
      "RequestBody": null,
      "StatusCode": 200,
      "ResponseHeaders": {
        "Cache-Control": "no-cache",
        "Content-Length": "20",
        "Content-Type": "application/json; charset=utf-8",
        "Date": "Fri, 15 Jul 2022 09:37:32 GMT",
        "Expires": "-1",
        "Pragma": "no-cache",
        "Server": "Microsoft-HTTPAPI/2.0",
        "Strict-Transport-Security": "max-age=31536000; includeSubDomains",
        "X-Content-Type-Options": "nosniff",
        "x-ms-correlation-request-id": "b1c9e14d-b179-4c4a-8024-d3163077575c",
        "x-ms-ratelimit-remaining-subscription-reads": "11991",
        "x-ms-request-id": "b1c9e14d-b179-4c4a-8024-d3163077575c",
        "x-ms-routing-request-id": "SOUTHEASTASIA:20220715T093732Z:b1c9e14d-b179-4c4a-8024-d3163077575c"
      },
      "ResponseBody": {
        "status": "Running"
      }
    },
    {
      "RequestUri": "https://management.azure.com/subscriptions/db1ab6f0-4769-4b27-930e-01e2ef9c123c/providers/Microsoft.Devices/locations/westus2/operationResults/aWQ9b3NfaWhfZjM0ZDFjZDEtODAyNi00NzZiLWFhNTEtY2YwZjc3ODA1MGZkO3JlZ2lvbj13ZXN0dXMy?api-version=2021-07-02\u0026operationSource=other\u0026asyncinfo",
      "RequestMethod": "GET",
      "RequestHeaders": {
        "Authorization": "Sanitized",
        "traceparent": "00-c39d83929790f046ae1afdf28e2c234d-cae140de35bc1c4e-00",
        "User-Agent": "azsdk-net-ResourceManager/1.2.0 (.NET Core 3.1.27; Microsoft Windows 10.0.22000)",
        "x-ms-client-request-id": "3a89aa85e8f2b24899799fe5e42f8a2a",
        "x-ms-return-client-request-id": "true"
      },
      "RequestBody": null,
      "StatusCode": 200,
      "ResponseHeaders": {
        "Cache-Control": "no-cache",
        "Content-Length": "20",
        "Content-Type": "application/json; charset=utf-8",
        "Date": "Fri, 15 Jul 2022 09:37:48 GMT",
        "Expires": "-1",
        "Pragma": "no-cache",
        "Server": "Microsoft-HTTPAPI/2.0",
        "Strict-Transport-Security": "max-age=31536000; includeSubDomains",
        "X-Content-Type-Options": "nosniff",
        "x-ms-correlation-request-id": "7046d1a8-3948-4ddc-8a03-139047c65918",
        "x-ms-ratelimit-remaining-subscription-reads": "11990",
        "x-ms-request-id": "7046d1a8-3948-4ddc-8a03-139047c65918",
        "x-ms-routing-request-id": "SOUTHEASTASIA:20220715T093748Z:7046d1a8-3948-4ddc-8a03-139047c65918"
      },
      "ResponseBody": {
        "status": "Running"
      }
    },
    {
      "RequestUri": "https://management.azure.com/subscriptions/db1ab6f0-4769-4b27-930e-01e2ef9c123c/providers/Microsoft.Devices/locations/westus2/operationResults/aWQ9b3NfaWhfZjM0ZDFjZDEtODAyNi00NzZiLWFhNTEtY2YwZjc3ODA1MGZkO3JlZ2lvbj13ZXN0dXMy?api-version=2021-07-02\u0026operationSource=other\u0026asyncinfo",
      "RequestMethod": "GET",
      "RequestHeaders": {
        "Authorization": "Sanitized",
        "traceparent": "00-c39d83929790f046ae1afdf28e2c234d-caa604eaed666342-00",
        "User-Agent": "azsdk-net-ResourceManager/1.2.0 (.NET Core 3.1.27; Microsoft Windows 10.0.22000)",
        "x-ms-client-request-id": "8f22f85b8fc65cafb5beb7472866e574",
        "x-ms-return-client-request-id": "true"
      },
      "RequestBody": null,
      "StatusCode": 200,
      "ResponseHeaders": {
        "Cache-Control": "no-cache",
        "Content-Length": "20",
        "Content-Type": "application/json; charset=utf-8",
        "Date": "Fri, 15 Jul 2022 09:38:20 GMT",
        "Expires": "-1",
        "Pragma": "no-cache",
        "Server": "Microsoft-HTTPAPI/2.0",
        "Strict-Transport-Security": "max-age=31536000; includeSubDomains",
        "X-Content-Type-Options": "nosniff",
        "x-ms-correlation-request-id": "4be1118a-055c-4d23-b516-621ae6e50b3d",
        "x-ms-ratelimit-remaining-subscription-reads": "11989",
        "x-ms-request-id": "4be1118a-055c-4d23-b516-621ae6e50b3d",
        "x-ms-routing-request-id": "SOUTHEASTASIA:20220715T093820Z:4be1118a-055c-4d23-b516-621ae6e50b3d"
      },
      "ResponseBody": {
        "status": "Running"
      }
    },
    {
      "RequestUri": "https://management.azure.com/subscriptions/db1ab6f0-4769-4b27-930e-01e2ef9c123c/providers/Microsoft.Devices/locations/westus2/operationResults/aWQ9b3NfaWhfZjM0ZDFjZDEtODAyNi00NzZiLWFhNTEtY2YwZjc3ODA1MGZkO3JlZ2lvbj13ZXN0dXMy?api-version=2021-07-02\u0026operationSource=other\u0026asyncinfo",
      "RequestMethod": "GET",
      "RequestHeaders": {
        "Authorization": "Sanitized",
        "traceparent": "00-c39d83929790f046ae1afdf28e2c234d-4586a50ed0b78440-00",
        "User-Agent": "azsdk-net-ResourceManager/1.2.0 (.NET Core 3.1.27; Microsoft Windows 10.0.22000)",
        "x-ms-client-request-id": "973d557dbf0a4e9abd0f0912ff1a333b",
        "x-ms-return-client-request-id": "true"
      },
      "RequestBody": null,
      "StatusCode": 200,
      "ResponseHeaders": {
        "Cache-Control": "no-cache",
        "Content-Length": "20",
        "Content-Type": "application/json; charset=utf-8",
        "Date": "Fri, 15 Jul 2022 09:38:52 GMT",
        "Expires": "-1",
        "Pragma": "no-cache",
        "Server": "Microsoft-HTTPAPI/2.0",
        "Strict-Transport-Security": "max-age=31536000; includeSubDomains",
        "X-Content-Type-Options": "nosniff",
        "x-ms-correlation-request-id": "126372a0-7ee7-47db-a35e-d896a6c8f5f8",
        "x-ms-ratelimit-remaining-subscription-reads": "11988",
        "x-ms-request-id": "126372a0-7ee7-47db-a35e-d896a6c8f5f8",
        "x-ms-routing-request-id": "SOUTHEASTASIA:20220715T093853Z:126372a0-7ee7-47db-a35e-d896a6c8f5f8"
      },
      "ResponseBody": {
        "status": "Running"
      }
    },
    {
      "RequestUri": "https://management.azure.com/subscriptions/db1ab6f0-4769-4b27-930e-01e2ef9c123c/providers/Microsoft.Devices/locations/westus2/operationResults/aWQ9b3NfaWhfZjM0ZDFjZDEtODAyNi00NzZiLWFhNTEtY2YwZjc3ODA1MGZkO3JlZ2lvbj13ZXN0dXMy?api-version=2021-07-02\u0026operationSource=other\u0026asyncinfo",
      "RequestMethod": "GET",
      "RequestHeaders": {
        "Authorization": "Sanitized",
        "traceparent": "00-c39d83929790f046ae1afdf28e2c234d-c36a7dc47da0d540-00",
        "User-Agent": "azsdk-net-ResourceManager/1.2.0 (.NET Core 3.1.27; Microsoft Windows 10.0.22000)",
        "x-ms-client-request-id": "f47191a8ad06f5befb2c843331008933",
        "x-ms-return-client-request-id": "true"
      },
      "RequestBody": null,
      "StatusCode": 200,
      "ResponseHeaders": {
        "Cache-Control": "no-cache",
        "Content-Length": "20",
        "Content-Type": "application/json; charset=utf-8",
        "Date": "Fri, 15 Jul 2022 09:39:24 GMT",
        "Expires": "-1",
        "Pragma": "no-cache",
        "Server": "Microsoft-HTTPAPI/2.0",
        "Strict-Transport-Security": "max-age=31536000; includeSubDomains",
        "X-Content-Type-Options": "nosniff",
        "x-ms-correlation-request-id": "eb14b5dc-b203-4c2c-81e2-1d9259f3f83a",
        "x-ms-ratelimit-remaining-subscription-reads": "11987",
        "x-ms-request-id": "eb14b5dc-b203-4c2c-81e2-1d9259f3f83a",
        "x-ms-routing-request-id": "SOUTHEASTASIA:20220715T093925Z:eb14b5dc-b203-4c2c-81e2-1d9259f3f83a"
      },
      "ResponseBody": {
        "status": "Running"
      }
    },
    {
      "RequestUri": "https://management.azure.com/subscriptions/db1ab6f0-4769-4b27-930e-01e2ef9c123c/providers/Microsoft.Devices/locations/westus2/operationResults/aWQ9b3NfaWhfZjM0ZDFjZDEtODAyNi00NzZiLWFhNTEtY2YwZjc3ODA1MGZkO3JlZ2lvbj13ZXN0dXMy?api-version=2021-07-02\u0026operationSource=other\u0026asyncinfo",
      "RequestMethod": "GET",
      "RequestHeaders": {
        "Authorization": "Sanitized",
        "traceparent": "00-c39d83929790f046ae1afdf28e2c234d-9c4025cfa299ae49-00",
        "User-Agent": "azsdk-net-ResourceManager/1.2.0 (.NET Core 3.1.27; Microsoft Windows 10.0.22000)",
        "x-ms-client-request-id": "8e682b93f3f29c1f5dd4d1b7859c5d9b",
        "x-ms-return-client-request-id": "true"
      },
      "RequestBody": null,
      "StatusCode": 200,
      "ResponseHeaders": {
        "Cache-Control": "no-cache",
        "Content-Length": "22",
        "Content-Type": "application/json; charset=utf-8",
        "Date": "Fri, 15 Jul 2022 09:39:57 GMT",
        "Expires": "-1",
        "Pragma": "no-cache",
        "Server": "Microsoft-HTTPAPI/2.0",
        "Strict-Transport-Security": "max-age=31536000; includeSubDomains",
        "X-Content-Type-Options": "nosniff",
        "x-ms-correlation-request-id": "e74379fa-1f05-4276-86a2-f05afea6291d",
        "x-ms-ratelimit-remaining-subscription-reads": "11986",
        "x-ms-request-id": "e74379fa-1f05-4276-86a2-f05afea6291d",
        "x-ms-routing-request-id": "SOUTHEASTASIA:20220715T093957Z:e74379fa-1f05-4276-86a2-f05afea6291d"
      },
      "ResponseBody": {
        "status": "Succeeded"
      }
    },
    {
      "RequestUri": "https://management.azure.com/subscriptions/db1ab6f0-4769-4b27-930e-01e2ef9c123c/resourceGroups/IotHub-RG-8844/providers/Microsoft.Devices/IotHubs/IotHub-2760?api-version=2021-07-02",
      "RequestMethod": "GET",
      "RequestHeaders": {
        "Authorization": "Sanitized",
        "traceparent": "00-c39d83929790f046ae1afdf28e2c234d-cf9b2805769ba64d-00",
        "User-Agent": "azsdk-net-ResourceManager/1.2.0 (.NET Core 3.1.27; Microsoft Windows 10.0.22000)",
        "x-ms-client-request-id": "979f7c8bf1f4cf6e96479cdd3a661dbd",
        "x-ms-return-client-request-id": "true"
      },
      "RequestBody": null,
      "StatusCode": 200,
      "ResponseHeaders": {
        "Cache-Control": "no-cache",
        "Content-Length": "1638",
        "Content-Type": "application/json; charset=utf-8",
        "Date": "Fri, 15 Jul 2022 09:39:58 GMT",
        "Expires": "-1",
        "Pragma": "no-cache",
        "Server": "Microsoft-HTTPAPI/2.0",
        "Strict-Transport-Security": "max-age=31536000; includeSubDomains",
        "X-Content-Type-Options": "nosniff",
        "x-ms-correlation-request-id": "c79db73f-f69b-4d9c-af07-4a2a752cd7e2",
        "x-ms-ratelimit-remaining-subscription-reads": "11985",
        "x-ms-request-id": "c79db73f-f69b-4d9c-af07-4a2a752cd7e2",
        "x-ms-routing-request-id": "SOUTHEASTASIA:20220715T093958Z:c79db73f-f69b-4d9c-af07-4a2a752cd7e2"
      },
      "ResponseBody": {
        "id": "/subscriptions/db1ab6f0-4769-4b27-930e-01e2ef9c123c/resourceGroups/IotHub-RG-8844/providers/Microsoft.Devices/IotHubs/IotHub-2760",
        "name": "IotHub-2760",
        "type": "Microsoft.Devices/IotHubs",
        "location": "westus2",
        "tags": {},
        "subscriptionid": "db1ab6f0-4769-4b27-930e-01e2ef9c123c",
        "resourcegroup": "IotHub-RG-8844",
        "etag": "AAAADGxRfJs=",
        "properties": {
          "locations": [
            {
              "location": "West US 2",
              "role": "primary"
            },
            {
              "location": "West Central US",
              "role": "secondary"
            }
          ],
          "state": "Active",
          "provisioningState": "Succeeded",
          "ipFilterRules": [],
          "hostName": "IotHub-2760.azure-devices.net",
          "eventHubEndpoints": {
            "events": {
              "retentionTimeInDays": 1,
              "partitionCount": 4,
              "partitionIds": [
                "0",
                "1",
                "2",
                "3"
              ],
              "path": "iothub-2760",
              "endpoint": "sb://iothub-ns-iothub-276-20240790-600b143f43.servicebus.windows.net/"
            }
          },
          "routing": {
            "endpoints": {
              "serviceBusQueues": [],
              "serviceBusTopics": [],
              "eventHubs": [],
              "storageContainers": []
            },
            "routes": [],
            "fallbackRoute": {
              "name": "$fallback",
              "source": "DeviceMessages",
              "condition": "true",
              "endpointNames": [
                "events"
              ],
              "isEnabled": true
            }
          },
          "storageEndpoints": {
            "$default": {
              "sasTtlAsIso8601": "PT1H",
              "connectionString": "",
              "containerName": ""
            }
          },
          "messagingEndpoints": {
            "fileNotifications": {
              "lockDurationAsIso8601": "PT1M",
              "ttlAsIso8601": "PT1H",
              "maxDeliveryCount": 10
            }
          },
          "enableFileUploadNotifications": false,
          "cloudToDevice": {
            "maxDeliveryCount": 10,
            "defaultTtlAsIso8601": "PT1H",
            "feedback": {
              "lockDurationAsIso8601": "PT1M",
              "ttlAsIso8601": "PT1H",
              "maxDeliveryCount": 10
            }
          },
          "features": "None",
          "allowedFqdnList": [],
          "rootCertificate": {}
        },
        "sku": {
          "name": "S1",
          "tier": "Standard",
          "capacity": 1
        },
        "identity": {
          "type": "None"
        },
        "systemData": {
          "createdAt": "2022-07-15T09:37:11.8033333Z"
        }
      }
    },
    {
      "RequestUri": "https://management.azure.com/subscriptions/db1ab6f0-4769-4b27-930e-01e2ef9c123c/resourceGroups/IotHub-RG-8844/providers/Microsoft.Devices/iotHubs/IotHub-2760/privateLinkResources/iotHub?api-version=2021-07-02",
      "RequestMethod": "GET",
      "RequestHeaders": {
        "Accept": "application/json",
        "Authorization": "Sanitized",
        "traceparent": "00-ac97824a1cb5d940aa539ce8cd8449dd-61a29a541d327345-00",
        "User-Agent": "azsdk-net-ResourceManager.IotHub/1.0.0-alpha.20220715.1 (.NET Core 3.1.27; Microsoft Windows 10.0.22000)",
        "x-ms-client-request-id": "d47ed685a4b1b54871d49631db076f5e",
        "x-ms-return-client-request-id": "true"
      },
      "RequestBody": null,
      "StatusCode": 200,
      "ResponseHeaders": {
        "Cache-Control": "no-cache",
        "Content-Length": "403",
        "Content-Type": "application/json; charset=utf-8",
        "Date": "Fri, 15 Jul 2022 09:39:59 GMT",
        "Expires": "-1",
        "Pragma": "no-cache",
        "Server": "Microsoft-HTTPAPI/2.0",
        "Strict-Transport-Security": "max-age=31536000; includeSubDomains",
        "X-Content-Type-Options": "nosniff",
        "x-ms-correlation-request-id": "9f83b5bf-cf6a-4db6-ba99-88939443617c",
        "x-ms-ratelimit-remaining-subscription-reads": "11984",
        "x-ms-request-id": "9f83b5bf-cf6a-4db6-ba99-88939443617c",
        "x-ms-routing-request-id": "SOUTHEASTASIA:20220715T093959Z:9f83b5bf-cf6a-4db6-ba99-88939443617c"
      },
      "ResponseBody": {
        "properties": {
          "groupId": "iotHub",
          "requiredMembers": [
            "iotHub",
            "eventHub"
          ],
          "requiredZoneNames": [
            "privatelink.azure-devices.net",
            "privatelink.servicebus.windows.net"
          ]
        },
        "id": "/subscriptions/db1ab6f0-4769-4b27-930e-01e2ef9c123c/resourceGroups/IotHub-RG-8844/providers/Microsoft.Devices/IotHubs/IotHub-2760/PrivateLinkResources/iotHub",
        "name": "iotHub",
        "type": "Microsoft.Devices/IotHubs/PrivateLinkResources"
      }
    }
  ],
  "Variables": {
    "AZURE_AUTHORITY_HOST": "https://login.microsoftonline.com",
    "RandomSeed": "907316969",
    "RESOURCE_MANAGER_URL": null,
    "SUBSCRIPTION_ID": "db1ab6f0-4769-4b27-930e-01e2ef9c123c"
  }
}
