{
  "Entries": [
    {
      "RequestUri": "https://management.azure.com/subscriptions/db1ab6f0-4769-4b27-930e-01e2ef9c123c?api-version=2021-01-01",
      "RequestMethod": "GET",
      "RequestHeaders": {
        "Accept": "application/json",
        "Authorization": "Sanitized",
        "traceparent": "00-447e542e648964786352d7cb7d751b56-05ddae1dd0ca50d6-00",
        "User-Agent": "azsdk-net-ResourceManager/1.2.0 (.NET 6.0.7; Microsoft Windows 10.0.22621)",
        "x-ms-client-request-id": "bc263431663de11aabc63fc90b806478",
        "x-ms-return-client-request-id": "true"
      },
      "RequestBody": null,
      "StatusCode": 200,
      "ResponseHeaders": {
        "Cache-Control": "no-cache",
        "Content-Length": "747",
        "Content-Type": "application/json; charset=utf-8",
        "Date": "Tue, 19 Jul 2022 03:47:49 GMT",
        "Expires": "-1",
        "Pragma": "no-cache",
        "Strict-Transport-Security": "max-age=31536000; includeSubDomains",
        "X-Content-Type-Options": "nosniff",
        "x-ms-correlation-request-id": "34f47c2b-94d4-46b9-a717-6e29c1c4874b",
        "x-ms-ratelimit-remaining-subscription-reads": "11975",
        "x-ms-request-id": "34f47c2b-94d4-46b9-a717-6e29c1c4874b",
        "x-ms-routing-request-id": "KOREASOUTH:20220719T034750Z:34f47c2b-94d4-46b9-a717-6e29c1c4874b"
      },
      "ResponseBody": {
        "id": "/subscriptions/db1ab6f0-4769-4b27-930e-01e2ef9c123c",
        "authorizationSource": "RoleBased",
        "managedByTenants": [],
        "tags": {
          "TagKey-9823": "TagValue-566",
          "TagKey-3481": "TagValue-320",
          "TagKey-4926": "TagValue-1187",
          "TagKey-751": "TagValue-3921",
          "TagKey-1866": "TagValue-8559",
          "TagKey-3094": "TagValue-9190",
          "TagKey-2449": "TagValue-9",
          "TagKey-8379": "TagValue-164",
          "TagKey-7470": "TagValue-2205",
          "TagKey-4236": "TagValue-3698",
          "TagKey-5316": "TagValue-2725"
        },
        "subscriptionId": "db1ab6f0-4769-4b27-930e-01e2ef9c123c",
        "tenantId": "72f988bf-86f1-41af-91ab-2d7cd011db47",
        "displayName": ".NET Mgmt SDK Test with TTL = 1 Day",
        "state": "Enabled",
        "subscriptionPolicies": {
          "locationPlacementId": "Internal_2014-09-01",
          "quotaId": "Internal_2014-09-01",
          "spendingLimit": "Off"
        }
      }
    },
    {
      "RequestUri": "https://management.azure.com/subscriptions/db1ab6f0-4769-4b27-930e-01e2ef9c123c/resourcegroups/teststorageRG-4415?api-version=2021-04-01",
      "RequestMethod": "PUT",
      "RequestHeaders": {
        "Accept": "application/json",
        "Authorization": "Sanitized",
        "Content-Length": "44",
        "Content-Type": "application/json",
        "traceparent": "00-87fc267c2fc63f5300037b7d4196ad64-b8d53cf1a4879539-00",
        "User-Agent": "azsdk-net-ResourceManager/1.2.0 (.NET 6.0.7; Microsoft Windows 10.0.22621)",
        "x-ms-client-request-id": "3cd2c170347e13e496d455c957c4dc4e",
        "x-ms-return-client-request-id": "true"
      },
      "RequestBody": {
        "tags": {
          "test": "env"
        },
        "location": "eastus2"
      },
      "StatusCode": 201,
      "ResponseHeaders": {
        "Cache-Control": "no-cache",
        "Content-Length": "256",
        "Content-Type": "application/json; charset=utf-8",
        "Date": "Tue, 19 Jul 2022 03:47:51 GMT",
        "Expires": "-1",
        "Pragma": "no-cache",
        "Strict-Transport-Security": "max-age=31536000; includeSubDomains",
        "X-Content-Type-Options": "nosniff",
        "x-ms-correlation-request-id": "eeccb6af-ae22-498e-8f7a-2c00786830f3",
        "x-ms-ratelimit-remaining-subscription-writes": "1189",
        "x-ms-request-id": "eeccb6af-ae22-498e-8f7a-2c00786830f3",
        "x-ms-routing-request-id": "KOREASOUTH:20220719T034752Z:eeccb6af-ae22-498e-8f7a-2c00786830f3"
      },
      "ResponseBody": {
        "id": "/subscriptions/db1ab6f0-4769-4b27-930e-01e2ef9c123c/resourceGroups/teststorageRG-4415",
        "name": "teststorageRG-4415",
        "type": "Microsoft.Resources/resourceGroups",
        "location": "eastus2",
        "tags": {
          "test": "env"
        },
        "properties": {
          "provisioningState": "Succeeded"
        }
      }
    },
    {
      "RequestUri": "https://management.azure.com/subscriptions/db1ab6f0-4769-4b27-930e-01e2ef9c123c/providers/Microsoft.Storage/checkNameAvailability?api-version=2021-09-01",
      "RequestMethod": "POST",
      "RequestHeaders": {
        "Accept": "application/json",
        "Authorization": "Sanitized",
        "Content-Length": "73",
        "Content-Type": "application/json",
        "traceparent": "00-7ba2bd47828669cfd008afd219ffdd3f-5944d15f3dac264c-00",
        "User-Agent": "azsdk-net-ResourceManager.Storage/1.0.0-alpha.20220719.1 (.NET 6.0.7; Microsoft Windows 10.0.22621)",
        "x-ms-client-request-id": "7738e966520c042c4fb92e3cf615fb07",
        "x-ms-return-client-request-id": "true"
      },
      "RequestBody": {
        "name": "teststoragemgmt1104",
        "type": "Microsoft.Storage/storageAccounts"
      },
      "StatusCode": 200,
      "ResponseHeaders": {
        "Cache-Control": "no-cache",
        "Content-Length": "22",
        "Content-Type": "application/json",
        "Date": "Tue, 19 Jul 2022 03:47:52 GMT",
        "Expires": "-1",
        "Pragma": "no-cache",
        "Server": "Microsoft-Azure-Storage-Resource-Provider/1.0,Microsoft-HTTPAPI/2.0 Microsoft-HTTPAPI/2.0",
        "Strict-Transport-Security": "max-age=31536000; includeSubDomains",
        "X-Content-Type-Options": "nosniff",
        "x-ms-client-request-id": "7738e966520c042c4fb92e3cf615fb07",
        "x-ms-correlation-request-id": "a2c0238c-62fa-44ac-a8c6-c0afc7bb46c9",
        "x-ms-ratelimit-remaining-subscription-reads": "11974",
        "x-ms-request-id": "52b24abe-7ec3-4a7f-99e3-389b2c037618",
        "x-ms-routing-request-id": "KOREASOUTH:20220719T034753Z:a2c0238c-62fa-44ac-a8c6-c0afc7bb46c9"
      },
      "ResponseBody": {
        "nameAvailable": true
      }
    },
    {
      "RequestUri": "https://management.azure.com/subscriptions/db1ab6f0-4769-4b27-930e-01e2ef9c123c/resourceGroups/teststorageRG-4415/providers/Microsoft.Storage/storageAccounts/teststoragemgmt1104?api-version=2021-09-01",
      "RequestMethod": "PUT",
      "RequestHeaders": {
        "Accept": "application/json",
        "Authorization": "Sanitized",
        "Content-Length": "126",
        "Content-Type": "application/json",
        "traceparent": "00-f13f43fa7554374d4f38d05fbaa5e34a-60ebb523aadd9398-00",
        "User-Agent": "azsdk-net-ResourceManager.Storage/1.0.0-alpha.20220719.1 (.NET 6.0.7; Microsoft Windows 10.0.22621)",
        "x-ms-client-request-id": "fb659dfcb34c41ffa9a692c518530263",
        "x-ms-return-client-request-id": "true"
      },
      "RequestBody": {
        "sku": {
          "name": "Standard_GRS"
        },
        "kind": "Storage",
        "location": "eastus2",
        "tags": {
          "key1": "value1",
          "key2": "value2"
        },
        "properties": {}
      },
      "StatusCode": 202,
      "ResponseHeaders": {
        "Cache-Control": "no-cache",
        "Content-Length": "0",
        "Content-Type": "text/plain; charset=utf-8",
        "Date": "Tue, 19 Jul 2022 03:47:56 GMT",
        "Expires": "-1",
        "Location": "https://management.azure.com/subscriptions/db1ab6f0-4769-4b27-930e-01e2ef9c123c/providers/Microsoft.Storage/locations/eastus2/asyncoperations/67f1cc0c-2ea0-4f19-a85a-ae293c6e15e6?monitor=true\u0026api-version=2021-09-01",
        "Pragma": "no-cache",
        "Retry-After": "17",
        "Server": "Microsoft-Azure-Storage-Resource-Provider/1.0,Microsoft-HTTPAPI/2.0 Microsoft-HTTPAPI/2.0",
        "Strict-Transport-Security": "max-age=31536000; includeSubDomains",
        "X-Content-Type-Options": "nosniff",
        "x-ms-client-request-id": "fb659dfcb34c41ffa9a692c518530263",
        "x-ms-correlation-request-id": "4824d0a3-92c5-41ee-9328-b69249714753",
        "x-ms-ratelimit-remaining-subscription-writes": "1188",
        "x-ms-request-id": "67f1cc0c-2ea0-4f19-a85a-ae293c6e15e6",
        "x-ms-routing-request-id": "KOREASOUTH:20220719T034757Z:4824d0a3-92c5-41ee-9328-b69249714753"
      },
      "ResponseBody": null
    },
    {
      "RequestUri": "https://management.azure.com/subscriptions/db1ab6f0-4769-4b27-930e-01e2ef9c123c/providers/Microsoft.Storage/locations/eastus2/asyncoperations/67f1cc0c-2ea0-4f19-a85a-ae293c6e15e6?monitor=true\u0026api-version=2021-09-01",
      "RequestMethod": "GET",
      "RequestHeaders": {
        "Authorization": "Sanitized",
        "traceparent": "00-f13f43fa7554374d4f38d05fbaa5e34a-d1be4040767ff2de-00",
        "User-Agent": "azsdk-net-ResourceManager/1.2.0 (.NET 6.0.7; Microsoft Windows 10.0.22621)",
        "x-ms-client-request-id": "275bc1595377b3eae9f7ce65c067ebfb",
        "x-ms-return-client-request-id": "true"
      },
      "RequestBody": null,
      "StatusCode": 202,
      "ResponseHeaders": {
        "Cache-Control": "no-cache",
        "Content-Length": "0",
        "Content-Type": "text/plain; charset=utf-8",
        "Date": "Tue, 19 Jul 2022 03:47:57 GMT",
        "Expires": "-1",
        "Location": "https://management.azure.com/subscriptions/db1ab6f0-4769-4b27-930e-01e2ef9c123c/providers/Microsoft.Storage/locations/eastus2/asyncoperations/67f1cc0c-2ea0-4f19-a85a-ae293c6e15e6?monitor=true\u0026api-version=2021-09-01",
        "Pragma": "no-cache",
        "Retry-After": "17",
        "Server": "Microsoft-Azure-Storage-Resource-Provider/1.0,Microsoft-HTTPAPI/2.0 Microsoft-HTTPAPI/2.0",
        "Strict-Transport-Security": "max-age=31536000; includeSubDomains",
        "X-Content-Type-Options": "nosniff",
        "x-ms-client-request-id": "275bc1595377b3eae9f7ce65c067ebfb",
        "x-ms-correlation-request-id": "96df7ab5-452c-415e-93cd-96f8d8c42687",
        "x-ms-ratelimit-remaining-subscription-reads": "11973",
        "x-ms-request-id": "5007dc2b-e283-4fe7-92c2-b09e7604c7a1",
        "x-ms-routing-request-id": "KOREASOUTH:20220719T034757Z:96df7ab5-452c-415e-93cd-96f8d8c42687"
      },
      "ResponseBody": null
    },
    {
      "RequestUri": "https://management.azure.com/subscriptions/db1ab6f0-4769-4b27-930e-01e2ef9c123c/providers/Microsoft.Storage/locations/eastus2/asyncoperations/67f1cc0c-2ea0-4f19-a85a-ae293c6e15e6?monitor=true\u0026api-version=2021-09-01",
      "RequestMethod": "GET",
      "RequestHeaders": {
        "Authorization": "Sanitized",
        "traceparent": "00-f13f43fa7554374d4f38d05fbaa5e34a-7297f79728fe4f60-00",
        "User-Agent": "azsdk-net-ResourceManager/1.2.0 (.NET 6.0.7; Microsoft Windows 10.0.22621)",
        "x-ms-client-request-id": "22c1cbb781fbdbc838f7551484858bd1",
        "x-ms-return-client-request-id": "true"
      },
      "RequestBody": null,
      "StatusCode": 200,
      "ResponseHeaders": {
        "Cache-Control": "no-cache",
        "Content-Length": "1404",
        "Content-Type": "application/json",
        "Date": "Tue, 19 Jul 2022 03:48:14 GMT",
        "Expires": "-1",
        "Pragma": "no-cache",
        "Server": "Microsoft-Azure-Storage-Resource-Provider/1.0,Microsoft-HTTPAPI/2.0 Microsoft-HTTPAPI/2.0",
        "Strict-Transport-Security": "max-age=31536000; includeSubDomains",
        "X-Content-Type-Options": "nosniff",
        "x-ms-client-request-id": "22c1cbb781fbdbc838f7551484858bd1",
        "x-ms-correlation-request-id": "aebccac1-f010-4847-92cb-d3c767f7a88a",
        "x-ms-ratelimit-remaining-subscription-reads": "11972",
        "x-ms-request-id": "19b89dcf-c527-4eb1-91a4-bfa891c523a4",
        "x-ms-routing-request-id": "KOREASOUTH:20220719T034814Z:aebccac1-f010-4847-92cb-d3c767f7a88a"
      },
      "ResponseBody": {
        "sku": {
          "name": "Standard_GRS",
          "tier": "Standard"
        },
        "kind": "Storage",
        "id": "/subscriptions/db1ab6f0-4769-4b27-930e-01e2ef9c123c/resourceGroups/teststorageRG-4415/providers/Microsoft.Storage/storageAccounts/teststoragemgmt1104",
        "name": "teststoragemgmt1104",
        "type": "Microsoft.Storage/storageAccounts",
        "location": "eastus2",
        "tags": {
          "key1": "value1",
          "key2": "value2"
        },
        "properties": {
          "keyCreationTime": {
            "key1": "2022-07-19T03:47:55.5132960Z",
            "key2": "2022-07-19T03:47:55.5132960Z"
          },
          "privateEndpointConnections": [],
          "minimumTlsVersion": "TLS1_0",
          "allowBlobPublicAccess": true,
          "networkAcls": {
            "bypass": "AzureServices",
            "virtualNetworkRules": [],
            "ipRules": [],
            "defaultAction": "Allow"
          },
          "supportsHttpsTrafficOnly": true,
          "encryption": {
            "services": {
              "file": {
                "keyType": "Account",
                "enabled": true,
                "lastEnabledTime": "2022-07-19T03:47:55.5132960Z"
              },
              "blob": {
                "keyType": "Account",
                "enabled": true,
                "lastEnabledTime": "2022-07-19T03:47:55.5132960Z"
              }
            },
            "keySource": "Microsoft.Storage"
          },
          "provisioningState": "Succeeded",
          "creationTime": "2022-07-19T03:47:55.3726647Z",
          "primaryEndpoints": {
            "blob": "https://teststoragemgmt1104.blob.core.windows.net/",
            "queue": "https://teststoragemgmt1104.queue.core.windows.net/",
            "table": "https://teststoragemgmt1104.table.core.windows.net/",
            "file": "https://teststoragemgmt1104.file.core.windows.net/"
          },
          "primaryLocation": "eastus2",
          "statusOfPrimary": "available",
          "secondaryLocation": "centralus",
          "statusOfSecondary": "available"
        }
      }
    },
    {
      "RequestUri": "https://management.azure.com/subscriptions/db1ab6f0-4769-4b27-930e-01e2ef9c123c/resourceGroups/teststorageRG-4415/providers/Microsoft.Storage/storageAccounts/teststoragemgmt1104/tableServices/default?api-version=2021-09-01",
      "RequestMethod": "GET",
      "RequestHeaders": {
        "Accept": "application/json",
        "Authorization": "Sanitized",
        "traceparent": "00-65beb65b3ae3aff0c9928fcf4d29dfc3-49456e5cd29594ef-00",
        "User-Agent": "azsdk-net-ResourceManager.Storage/1.0.0-alpha.20220719.1 (.NET 6.0.7; Microsoft Windows 10.0.22621)",
        "x-ms-client-request-id": "566bd306daf827ebe967904852ffad3d",
        "x-ms-return-client-request-id": "true"
      },
      "RequestBody": null,
      "StatusCode": 200,
      "ResponseHeaders": {
        "Cache-Control": "no-cache",
        "Content-Length": "293",
        "Content-Type": "application/json",
        "Date": "Tue, 19 Jul 2022 03:48:14 GMT",
        "Expires": "-1",
        "Pragma": "no-cache",
        "Server": "Microsoft-Azure-Storage-Resource-Provider/1.0,Microsoft-HTTPAPI/2.0 Microsoft-HTTPAPI/2.0",
        "Strict-Transport-Security": "max-age=31536000; includeSubDomains",
        "X-Content-Type-Options": "nosniff",
        "x-ms-client-request-id": "566bd306daf827ebe967904852ffad3d",
        "x-ms-correlation-request-id": "26f1bf25-796e-468f-afed-923e9b19e55f",
        "x-ms-ratelimit-remaining-subscription-reads": "11971",
        "x-ms-request-id": "48c27793-571f-4868-a48b-e26604e3a5a9",
        "x-ms-routing-request-id": "KOREASOUTH:20220719T034815Z:26f1bf25-796e-468f-afed-923e9b19e55f"
      },
      "ResponseBody": {
        "id": "/subscriptions/db1ab6f0-4769-4b27-930e-01e2ef9c123c/resourceGroups/teststorageRG-4415/providers/Microsoft.Storage/storageAccounts/teststoragemgmt1104/tableServices/default",
        "name": "default",
        "type": "Microsoft.Storage/storageAccounts/tableServices",
        "properties": {
          "cors": {
            "corsRules": []
          }
        }
      }
    },
    {
      "RequestUri": "https://management.azure.com/subscriptions/db1ab6f0-4769-4b27-930e-01e2ef9c123c/resourceGroups/teststorageRG-4415/providers/Microsoft.Storage/storageAccounts/teststoragemgmt1104/tableServices/default/tables/testtable8966?api-version=2021-09-01",
      "RequestMethod": "PUT",
      "RequestHeaders": {
        "Accept": "application/json",
        "Authorization": "Sanitized",
        "Content-Length": "17",
        "Content-Type": "application/json",
        "traceparent": "00-bbb48f5c1218530f8fb0d3f55d73b822-6bef6a9f23604e37-00",
        "User-Agent": "azsdk-net-ResourceManager.Storage/1.0.0-alpha.20220719.1 (.NET 6.0.7; Microsoft Windows 10.0.22621)",
        "x-ms-client-request-id": "15eac333c37ef8d880ee80fdd62f646b",
        "x-ms-return-client-request-id": "true"
      },
      "RequestBody": {
        "properties": {}
      },
      "StatusCode": 200,
      "ResponseHeaders": {
        "Cache-Control": "no-cache",
        "Content-Length": "331",
        "Content-Type": "application/json",
        "Date": "Tue, 19 Jul 2022 03:48:15 GMT",
        "Expires": "-1",
        "Pragma": "no-cache",
        "Server": "Microsoft-Azure-Storage-Resource-Provider/1.0,Microsoft-HTTPAPI/2.0 Microsoft-HTTPAPI/2.0",
        "Strict-Transport-Security": "max-age=31536000; includeSubDomains",
        "X-Content-Type-Options": "nosniff",
        "x-ms-client-request-id": "15eac333c37ef8d880ee80fdd62f646b",
        "x-ms-correlation-request-id": "eb1d8a99-bd6b-4be8-946e-ca7bd420fe80",
        "x-ms-ratelimit-remaining-subscription-writes": "1187",
        "x-ms-request-id": "1681738f-2f5c-4b29-8903-ff0e974a73ae",
        "x-ms-routing-request-id": "KOREASOUTH:20220719T034815Z:eb1d8a99-bd6b-4be8-946e-ca7bd420fe80"
      },
      "ResponseBody": {
        "id": "/subscriptions/db1ab6f0-4769-4b27-930e-01e2ef9c123c/resourceGroups/teststorageRG-4415/providers/Microsoft.Storage/storageAccounts/teststoragemgmt1104/tableServices/default/tables/testtable8966",
        "name": "testtable8966",
        "type": "Microsoft.Storage/storageAccounts/tableServices/tables",
        "properties": {
          "tableName": "testtable8966"
        }
      }
    },
    {
      "RequestUri": "https://management.azure.com/subscriptions/db1ab6f0-4769-4b27-930e-01e2ef9c123c/resourceGroups/teststorageRG-4415/providers/Microsoft.Storage/storageAccounts/teststoragemgmt1104/tableServices/default/tables/testtable8966?api-version=2021-09-01",
      "RequestMethod": "GET",
      "RequestHeaders": {
        "Accept": "application/json",
        "Authorization": "Sanitized",
        "traceparent": "00-c9df258b938c469987184722a351640f-f3cbcf8f7957da68-00",
        "User-Agent": "azsdk-net-ResourceManager.Storage/1.0.0-alpha.20220719.1 (.NET 6.0.7; Microsoft Windows 10.0.22621)",
        "x-ms-client-request-id": "fbec5efc0395e0dc9a3894f080883849",
        "x-ms-return-client-request-id": "true"
      },
      "RequestBody": null,
      "StatusCode": 200,
      "ResponseHeaders": {
        "Cache-Control": "no-cache",
        "Content-Length": "354",
        "Content-Type": "application/json",
        "Date": "Tue, 19 Jul 2022 03:48:16 GMT",
        "Expires": "-1",
        "Pragma": "no-cache",
        "Server": "Microsoft-Azure-Storage-Resource-Provider/1.0,Microsoft-HTTPAPI/2.0 Microsoft-HTTPAPI/2.0",
        "Strict-Transport-Security": "max-age=31536000; includeSubDomains",
        "X-Content-Type-Options": "nosniff",
        "x-ms-client-request-id": "fbec5efc0395e0dc9a3894f080883849",
        "x-ms-correlation-request-id": "daf44dbb-251e-4b0e-9acd-3033c99c746b",
        "x-ms-ratelimit-remaining-subscription-reads": "11970",
        "x-ms-request-id": "569f3991-f90a-4d82-979b-50a9dac7e180",
        "x-ms-routing-request-id": "KOREASOUTH:20220719T034816Z:daf44dbb-251e-4b0e-9acd-3033c99c746b"
      },
      "ResponseBody": {
        "id": "/subscriptions/db1ab6f0-4769-4b27-930e-01e2ef9c123c/resourceGroups/teststorageRG-4415/providers/Microsoft.Storage/storageAccounts/teststoragemgmt1104/tableServices/default/tables/testtable8966",
        "name": "testtable8966",
        "type": "Microsoft.Storage/storageAccounts/tableServices/tables",
        "properties": {
          "signedIdentifiers": [],
          "tableName": "testtable8966"
        }
      }
    },
    {
      "RequestUri": "https://management.azure.com/subscriptions/db1ab6f0-4769-4b27-930e-01e2ef9c123c/resourceGroups/teststorageRG-4415/providers/Microsoft.Storage/storageAccounts/teststoragemgmt1104/tableServices/default/tables/testtable8966?api-version=2021-09-01",
      "RequestMethod": "GET",
      "RequestHeaders": {
        "Accept": "application/json",
        "Authorization": "Sanitized",
        "traceparent": "00-b87016fdac25db2e9f331454b89372ef-8e930fccae1530c6-00",
        "User-Agent": "azsdk-net-ResourceManager.Storage/1.0.0-alpha.20220719.1 (.NET 6.0.7; Microsoft Windows 10.0.22621)",
        "x-ms-client-request-id": "c250c818bba11088935d77ec6a2a1338",
        "x-ms-return-client-request-id": "true"
      },
      "RequestBody": null,
      "StatusCode": 200,
      "ResponseHeaders": {
        "Cache-Control": "no-cache",
        "Content-Length": "354",
        "Content-Type": "application/json",
        "Date": "Tue, 19 Jul 2022 03:48:16 GMT",
        "Expires": "-1",
        "Pragma": "no-cache",
        "Server": "Microsoft-Azure-Storage-Resource-Provider/1.0,Microsoft-HTTPAPI/2.0 Microsoft-HTTPAPI/2.0",
        "Strict-Transport-Security": "max-age=31536000; includeSubDomains",
        "X-Content-Type-Options": "nosniff",
        "x-ms-client-request-id": "c250c818bba11088935d77ec6a2a1338",
        "x-ms-correlation-request-id": "a4bdcc51-7497-401f-8285-8366664e44bc",
        "x-ms-ratelimit-remaining-subscription-reads": "11969",
        "x-ms-request-id": "ba053a6c-04b7-4bdb-8a5b-471b45a0317f",
        "x-ms-routing-request-id": "KOREASOUTH:20220719T034817Z:a4bdcc51-7497-401f-8285-8366664e44bc"
      },
      "ResponseBody": {
        "id": "/subscriptions/db1ab6f0-4769-4b27-930e-01e2ef9c123c/resourceGroups/teststorageRG-4415/providers/Microsoft.Storage/storageAccounts/teststoragemgmt1104/tableServices/default/tables/testtable8966",
        "name": "testtable8966",
        "type": "Microsoft.Storage/storageAccounts/tableServices/tables",
        "properties": {
          "signedIdentifiers": [],
          "tableName": "testtable8966"
        }
      }
    },
    {
      "RequestUri": "https://management.azure.com/subscriptions/db1ab6f0-4769-4b27-930e-01e2ef9c123c/resourceGroups/teststorageRG-4415/providers/Microsoft.Storage/storageAccounts/teststoragemgmt1104/tableServices/default/tables/testtable89661?api-version=2021-09-01",
      "RequestMethod": "GET",
      "RequestHeaders": {
        "Accept": "application/json",
        "Authorization": "Sanitized",
        "traceparent": "00-03eed4fea6af4e718b4500f78ee85d9b-3aa8a0e1c2c315ba-00",
        "User-Agent": "azsdk-net-ResourceManager.Storage/1.0.0-alpha.20220719.1 (.NET 6.0.7; Microsoft Windows 10.0.22621)",
        "x-ms-client-request-id": "a155dd2b42c130b6e6097b452ee778f8",
        "x-ms-return-client-request-id": "true"
      },
      "RequestBody": null,
      "StatusCode": 404,
      "ResponseHeaders": {
        "Cache-Control": "no-cache",
        "Content-Length": "171",
        "Content-Type": "application/json",
        "Date": "Tue, 19 Jul 2022 03:48:17 GMT",
        "Expires": "-1",
        "Pragma": "no-cache",
        "Server": "Microsoft-Azure-Storage-Resource-Provider/1.0,Microsoft-HTTPAPI/2.0 Microsoft-HTTPAPI/2.0",
        "Strict-Transport-Security": "max-age=31536000; includeSubDomains",
        "X-Content-Type-Options": "nosniff",
        "x-ms-client-request-id": "a155dd2b42c130b6e6097b452ee778f8",
        "x-ms-correlation-request-id": "4aa9f7ad-137d-4705-a052-db23dc7326b8",
        "x-ms-ratelimit-remaining-subscription-reads": "11968",
        "x-ms-request-id": "8826ae04-887c-484f-b012-6f07de288ff4",
        "x-ms-routing-request-id": "KOREASOUTH:20220719T034817Z:4aa9f7ad-137d-4705-a052-db23dc7326b8"
      },
      "ResponseBody": {
        "error": {
          "code": "ResourceNotFound",
          "message": "The specified resource does not exist.\nRequestId:220c98bd-2002-0098-1222-9b0a2d000000\nTime:2022-07-19T03:48:17.6901476Z"
        }
      }
    },
    {
      "RequestUri": "https://management.azure.com/subscriptions/db1ab6f0-4769-4b27-930e-01e2ef9c123c/resourceGroups/teststorageRG-4415/providers/Microsoft.Storage/storageAccounts/teststoragemgmt1104/tableServices/default/tables/testtable8966?api-version=2021-09-01",
      "RequestMethod": "DELETE",
      "RequestHeaders": {
        "Accept": "application/json",
        "Authorization": "Sanitized",
        "traceparent": "00-0d6cf128c6648e7db7059a8e1389039a-2573ac9d453842cc-00",
        "User-Agent": "azsdk-net-ResourceManager.Storage/1.0.0-alpha.20220719.1 (.NET 6.0.7; Microsoft Windows 10.0.22621)",
        "x-ms-client-request-id": "0de537b5a2de41c9d6db68378bf0756f",
        "x-ms-return-client-request-id": "true"
      },
      "RequestBody": null,
      "StatusCode": 204,
      "ResponseHeaders": {
        "Cache-Control": "no-cache",
        "Content-Type": "text/plain; charset=utf-8",
        "Date": "Tue, 19 Jul 2022 03:48:17 GMT",
        "Expires": "-1",
        "Pragma": "no-cache",
        "Server": "Microsoft-Azure-Storage-Resource-Provider/1.0,Microsoft-HTTPAPI/2.0 Microsoft-HTTPAPI/2.0",
        "Strict-Transport-Security": "max-age=31536000; includeSubDomains",
        "X-Content-Type-Options": "nosniff",
        "x-ms-client-request-id": "0de537b5a2de41c9d6db68378bf0756f",
        "x-ms-correlation-request-id": "98b66af2-d2be-42d1-b060-08973e6092c8",
        "x-ms-ratelimit-remaining-subscription-deletes": "14995",
        "x-ms-request-id": "9c95ad90-4cb7-4943-804d-1e3fdf870151",
        "x-ms-routing-request-id": "KOREASOUTH:20220719T034818Z:98b66af2-d2be-42d1-b060-08973e6092c8"
      },
      "ResponseBody": null
    },
    {
      "RequestUri": "https://management.azure.com/subscriptions/db1ab6f0-4769-4b27-930e-01e2ef9c123c/resourceGroups/teststorageRG-4415/providers/Microsoft.Storage/storageAccounts/teststoragemgmt1104/tableServices/default/tables/testtable8966?api-version=2021-09-01",
      "RequestMethod": "GET",
      "RequestHeaders": {
        "Accept": "application/json",
        "Authorization": "Sanitized",
        "traceparent": "00-29bc481b2489dabea7024e10abeb57ca-87e9c9e8f9c5a0e3-00",
        "User-Agent": "azsdk-net-ResourceManager.Storage/1.0.0-alpha.20220719.1 (.NET 6.0.7; Microsoft Windows 10.0.22621)",
        "x-ms-client-request-id": "a3c45c259732d587121fdb974042e1ac",
        "x-ms-return-client-request-id": "true"
      },
      "RequestBody": null,
      "StatusCode": 404,
      "ResponseHeaders": {
        "Cache-Control": "no-cache",
        "Content-Length": "171",
        "Content-Type": "application/json",
        "Date": "Tue, 19 Jul 2022 03:48:18 GMT",
        "Expires": "-1",
        "Pragma": "no-cache",
        "Server": "Microsoft-Azure-Storage-Resource-Provider/1.0,Microsoft-HTTPAPI/2.0 Microsoft-HTTPAPI/2.0",
        "Strict-Transport-Security": "max-age=31536000; includeSubDomains",
        "X-Content-Type-Options": "nosniff",
        "x-ms-client-request-id": "a3c45c259732d587121fdb974042e1ac",
        "x-ms-correlation-request-id": "b219c911-80df-49ee-8c04-1657b8bb8799",
        "x-ms-ratelimit-remaining-subscription-reads": "11967",
        "x-ms-request-id": "e29d1bfe-eba2-4a76-9829-faf0a4a986b2",
        "x-ms-routing-request-id": "KOREASOUTH:20220719T034818Z:b219c911-80df-49ee-8c04-1657b8bb8799"
      },
      "ResponseBody": {
        "error": {
          "code": "ResourceNotFound",
          "message": "The specified resource does not exist.\nRequestId:220c9916-2002-0098-6022-9b0a2d000000\nTime:2022-07-19T03:48:18.8914469Z"
        }
      }
    },
    {
      "RequestUri": "https://management.azure.com/subscriptions/db1ab6f0-4769-4b27-930e-01e2ef9c123c/resourceGroups/teststorageRG-4415/providers/Microsoft.Storage/storageAccounts/teststoragemgmt1104/tableServices/default/tables/testtable8966?api-version=2021-09-01",
      "RequestMethod": "GET",
      "RequestHeaders": {
        "Accept": "application/json",
        "Authorization": "Sanitized",
        "traceparent": "00-85778dd0a73228cdec8223f33197082d-1e7c059656f5b750-00",
        "User-Agent": "azsdk-net-ResourceManager.Storage/1.0.0-alpha.20220719.1 (.NET 6.0.7; Microsoft Windows 10.0.22621)",
        "x-ms-client-request-id": "33367fe5054589591314cae5d97ea4f5",
        "x-ms-return-client-request-id": "true"
      },
      "RequestBody": null,
      "StatusCode": 404,
      "ResponseHeaders": {
        "Cache-Control": "no-cache",
        "Content-Length": "171",
        "Content-Type": "application/json",
        "Date": "Tue, 19 Jul 2022 03:48:18 GMT",
        "Expires": "-1",
        "Pragma": "no-cache",
        "Server": "Microsoft-Azure-Storage-Resource-Provider/1.0,Microsoft-HTTPAPI/2.0 Microsoft-HTTPAPI/2.0",
        "Strict-Transport-Security": "max-age=31536000; includeSubDomains",
        "X-Content-Type-Options": "nosniff",
        "x-ms-client-request-id": "33367fe5054589591314cae5d97ea4f5",
        "x-ms-correlation-request-id": "40c7f81f-0bc8-4de7-969c-8ddb2b45c884",
        "x-ms-ratelimit-remaining-subscription-reads": "11966",
        "x-ms-request-id": "8c16fa71-40b8-4068-a914-10142e9a6640",
        "x-ms-routing-request-id": "KOREASOUTH:20220719T034819Z:40c7f81f-0bc8-4de7-969c-8ddb2b45c884"
      },
      "ResponseBody": {
        "error": {
          "code": "ResourceNotFound",
          "message": "The specified resource does not exist.\nRequestId:220c9940-2002-0098-0822-9b0a2d000000\nTime:2022-07-19T03:48:19.4371307Z"
        }
      }
    },
    {
      "RequestUri": "https://management.azure.com/subscriptions/db1ab6f0-4769-4b27-930e-01e2ef9c123c/resourceGroups/teststorageRG-4415/providers/Microsoft.Storage/storageAccounts?api-version=2021-09-01",
      "RequestMethod": "GET",
      "RequestHeaders": {
        "Accept": "application/json",
        "Authorization": "Sanitized",
        "traceparent": "00-85473284ced0885f8a023504a7aa6f41-6b9f3426c9555f93-00",
        "User-Agent": "azsdk-net-ResourceManager.Storage/1.0.0-alpha.20220719.1 (.NET 6.0.7; Microsoft Windows 10.0.22621)",
        "x-ms-client-request-id": "d2200b94d5221ec5af0ffbbec7310193",
        "x-ms-return-client-request-id": "true"
      },
      "RequestBody": null,
      "StatusCode": 200,
      "ResponseHeaders": {
        "Cache-Control": "no-cache",
        "Content-Length": "1416",
        "Content-Type": "application/json",
        "Date": "Tue, 19 Jul 2022 03:48:19 GMT",
        "Expires": "-1",
        "Pragma": "no-cache",
        "Server": "Microsoft-Azure-Storage-Resource-Provider/1.0,Microsoft-HTTPAPI/2.0 Microsoft-HTTPAPI/2.0",
        "Strict-Transport-Security": "max-age=31536000; includeSubDomains",
        "X-Content-Type-Options": "nosniff",
        "x-ms-client-request-id": "d2200b94d5221ec5af0ffbbec7310193",
        "x-ms-correlation-request-id": "5b620610-29c4-49f5-8255-7b480a757ca1",
        "x-ms-ratelimit-remaining-subscription-reads": "11965",
        "x-ms-request-id": "0f415a0e-e7f2-41a8-8fcc-d035b59ce14c",
        "x-ms-routing-request-id": "KOREASOUTH:20220719T034819Z:5b620610-29c4-49f5-8255-7b480a757ca1"
      },
      "ResponseBody": {
        "value": [
          {
            "sku": {
              "name": "Standard_GRS",
              "tier": "Standard"
            },
            "kind": "Storage",
            "id": "/subscriptions/db1ab6f0-4769-4b27-930e-01e2ef9c123c/resourceGroups/teststorageRG-4415/providers/Microsoft.Storage/storageAccounts/teststoragemgmt1104",
            "name": "teststoragemgmt1104",
            "type": "Microsoft.Storage/storageAccounts",
            "location": "eastus2",
            "tags": {
              "key1": "value1",
              "key2": "value2"
            },
            "properties": {
              "keyCreationTime": {
                "key1": "2022-07-19T03:47:55.5132960Z",
                "key2": "2022-07-19T03:47:55.5132960Z"
              },
              "privateEndpointConnections": [],
              "minimumTlsVersion": "TLS1_0",
              "allowBlobPublicAccess": true,
              "networkAcls": {
                "bypass": "AzureServices",
                "virtualNetworkRules": [],
                "ipRules": [],
                "defaultAction": "Allow"
              },
              "supportsHttpsTrafficOnly": true,
              "encryption": {
                "services": {
                  "file": {
                    "keyType": "Account",
                    "enabled": true,
                    "lastEnabledTime": "2022-07-19T03:47:55.5132960Z"
                  },
                  "blob": {
                    "keyType": "Account",
                    "enabled": true,
                    "lastEnabledTime": "2022-07-19T03:47:55.5132960Z"
                  }
                },
                "keySource": "Microsoft.Storage"
              },
              "provisioningState": "Succeeded",
              "creationTime": "2022-07-19T03:47:55.3726647Z",
              "primaryEndpoints": {
                "blob": "https://teststoragemgmt1104.blob.core.windows.net/",
                "queue": "https://teststoragemgmt1104.queue.core.windows.net/",
                "table": "https://teststoragemgmt1104.table.core.windows.net/",
                "file": "https://teststoragemgmt1104.file.core.windows.net/"
              },
              "primaryLocation": "eastus2",
              "statusOfPrimary": "available",
              "secondaryLocation": "centralus",
              "statusOfSecondary": "available"
            }
          }
        ]
      }
    },
    {
      "RequestUri": "https://management.azure.com/subscriptions/db1ab6f0-4769-4b27-930e-01e2ef9c123c/resourceGroups/teststorageRG-4415/providers/Microsoft.Storage/storageAccounts/teststoragemgmt1104?api-version=2021-09-01",
      "RequestMethod": "DELETE",
      "RequestHeaders": {
        "Authorization": "Sanitized",
        "traceparent": "00-ed8d137332765f315a034b295b361f7c-b09cf50b64b09aa7-00",
        "User-Agent": "azsdk-net-ResourceManager.Storage/1.0.0-alpha.20220719.1 (.NET 6.0.7; Microsoft Windows 10.0.22621)",
        "x-ms-client-request-id": "0c52bbf941ba1f2a023b8f1ecca2fc93",
        "x-ms-return-client-request-id": "true"
      },
      "RequestBody": null,
      "StatusCode": 200,
      "ResponseHeaders": {
        "Cache-Control": "no-cache",
        "Content-Length": "0",
        "Content-Type": "text/plain; charset=utf-8",
        "Date": "Tue, 19 Jul 2022 03:48:25 GMT",
        "Expires": "-1",
        "Pragma": "no-cache",
        "Server": "Microsoft-Azure-Storage-Resource-Provider/1.0,Microsoft-HTTPAPI/2.0 Microsoft-HTTPAPI/2.0",
        "Strict-Transport-Security": "max-age=31536000; includeSubDomains",
        "X-Content-Type-Options": "nosniff",
        "x-ms-client-request-id": "0c52bbf941ba1f2a023b8f1ecca2fc93",
        "x-ms-correlation-request-id": "e9eb0b4d-ea09-4176-8f7a-64467f87db4b",
        "x-ms-ratelimit-remaining-subscription-deletes": "14994",
        "x-ms-request-id": "5b968144-dd9b-4656-995d-682f62e1f864",
        "x-ms-routing-request-id": "KOREASOUTH:20220719T034825Z:e9eb0b4d-ea09-4176-8f7a-64467f87db4b"
      },
      "ResponseBody": null
    }
  ],
  "Variables": {
    "AZURE_AUTHORITY_HOST": "https://login.microsoftonline.com",
    "RandomSeed": "326407922",
    "RESOURCE_MANAGER_URL": null,
    "SUBSCRIPTION_ID": "db1ab6f0-4769-4b27-930e-01e2ef9c123c"
  }
}
