{
  "Entries": [
    {
      "RequestUri": "https://management.azure.com/subscriptions/db1ab6f0-4769-4b27-930e-01e2ef9c123c?api-version=2021-01-01",
      "RequestMethod": "GET",
      "RequestHeaders": {
        "Accept": "application/json",
        "Authorization": "Sanitized",
        "traceparent": "00-cd82f54f6097b534a4191cf1d72dbf7c-34e797c41571346c-00",
        "User-Agent": "azsdk-net-ResourceManager/1.3.0 (.NET 6.0.8; Microsoft Windows 10.0.19044)",
        "x-ms-client-request-id": "a61ac96323597e6c85ad621ccdabc2fa",
        "x-ms-return-client-request-id": "true"
      },
      "RequestBody": null,
      "StatusCode": 200,
      "ResponseHeaders": {
        "Cache-Control": "no-cache",
        "Content-Length": "747",
        "Content-Type": "application/json; charset=utf-8",
        "Date": "Thu, 18 Aug 2022 12:41:45 GMT",
        "Expires": "-1",
        "Pragma": "no-cache",
        "Strict-Transport-Security": "max-age=31536000; includeSubDomains",
        "X-Content-Type-Options": "nosniff",
        "x-ms-correlation-request-id": "338b72c7-e47c-4423-943d-6ad431e22598",
        "x-ms-ratelimit-remaining-subscription-reads": "11964",
        "x-ms-request-id": "338b72c7-e47c-4423-943d-6ad431e22598",
        "x-ms-routing-request-id": "SOUTHEASTASIA:20220818T124145Z:338b72c7-e47c-4423-943d-6ad431e22598"
      },
      "ResponseBody": {
        "id": "/subscriptions/db1ab6f0-4769-4b27-930e-01e2ef9c123c",
        "authorizationSource": "RoleBased",
        "managedByTenants": [],
        "tags": {
          "TagKey-9823": "TagValue-566",
          "TagKey-3481": "TagValue-320",
          "TagKey-4926": "TagValue-1187",
          "TagKey-751": "TagValue-3921",
          "TagKey-1866": "TagValue-8559",
          "TagKey-3094": "TagValue-9190",
          "TagKey-2449": "TagValue-9",
          "TagKey-8379": "TagValue-164",
          "TagKey-7470": "TagValue-2205",
          "TagKey-4236": "TagValue-3698",
          "TagKey-5316": "TagValue-2725"
        },
        "subscriptionId": "db1ab6f0-4769-4b27-930e-01e2ef9c123c",
        "tenantId": "72f988bf-86f1-41af-91ab-2d7cd011db47",
        "displayName": ".NET Mgmt SDK Test with TTL = 1 Day",
        "state": "Enabled",
        "subscriptionPolicies": {
          "locationPlacementId": "Internal_2014-09-01",
          "quotaId": "Internal_2014-09-01",
          "spendingLimit": "Off"
        }
      }
    },
    {
      "RequestUri": "https://management.azure.com/subscriptions/db1ab6f0-4769-4b27-930e-01e2ef9c123c/resourcegroups/teststorageRG-34?api-version=**",
      "RequestMethod": "PUT",
      "RequestHeaders": {
        "Accept": "application/json",
        "Authorization": "Sanitized",
        "Content-Length": "44",
        "Content-Type": "application/json",
        "traceparent": "00-87e648cd4878faa1957af82cf761051a-e41d5aaf9b1da50f-00",
        "User-Agent": "azsdk-net-ResourceManager/1.3.0 (.NET 6.0.8; Microsoft Windows 10.0.19044)",
        "x-ms-client-request-id": "34899afe9656d04da7a4719446972d45",
        "x-ms-return-client-request-id": "true"
      },
      "RequestBody": {
        "tags": {
          "test": "env"
        },
        "location": "eastus2"
      },
      "StatusCode": 201,
      "ResponseHeaders": {
        "Cache-Control": "no-cache",
        "Content-Length": "252",
        "Content-Type": "application/json; charset=utf-8",
        "Date": "Thu, 18 Aug 2022 12:41:46 GMT",
        "Expires": "-1",
        "Pragma": "no-cache",
        "Strict-Transport-Security": "max-age=31536000; includeSubDomains",
        "X-Content-Type-Options": "nosniff",
        "x-ms-correlation-request-id": "13db5e01-099d-46aa-89ee-e85a08bf18d3",
        "x-ms-ratelimit-remaining-subscription-writes": "1186",
        "x-ms-request-id": "13db5e01-099d-46aa-89ee-e85a08bf18d3",
        "x-ms-routing-request-id": "SOUTHEASTASIA:20220818T124146Z:13db5e01-099d-46aa-89ee-e85a08bf18d3"
      },
      "ResponseBody": {
        "id": "/subscriptions/db1ab6f0-4769-4b27-930e-01e2ef9c123c/resourceGroups/teststorageRG-34",
        "name": "teststorageRG-34",
        "type": "Microsoft.Resources/resourceGroups",
        "location": "eastus2",
        "tags": {
          "test": "env"
        },
        "properties": {
          "provisioningState": "Succeeded"
        }
      }
    },
    {
      "RequestUri": "https://management.azure.com/subscriptions/db1ab6f0-4769-4b27-930e-01e2ef9c123c/providers/Microsoft.Storage/checkNameAvailability?api-version=2022-09-01",
      "RequestMethod": "POST",
      "RequestHeaders": {
        "Accept": "application/json",
        "Authorization": "Sanitized",
        "Content-Length": "73",
        "Content-Type": "application/json",
        "traceparent": "00-0bf3ead441bec67d280ade7ec16ebaed-405150e789cabab2-00",
        "User-Agent": "azsdk-net-ResourceManager.Storage/1.0.0-alpha.20220818.1 (.NET 6.0.8; Microsoft Windows 10.0.19044)",
        "x-ms-client-request-id": "cf8f9cfb803fe0a0041972135fd5cb07",
        "x-ms-return-client-request-id": "true"
      },
      "RequestBody": {
        "name": "teststoragemgmt3348",
        "type": "Microsoft.Storage/storageAccounts"
      },
      "StatusCode": 200,
      "ResponseHeaders": {
        "Cache-Control": "no-cache",
        "Content-Length": "22",
        "Content-Type": "application/json",
        "Date": "Thu, 18 Aug 2022 12:41:47 GMT",
        "Expires": "-1",
        "Pragma": "no-cache",
        "Server": "Microsoft-Azure-Storage-Resource-Provider/1.0,Microsoft-HTTPAPI/2.0 Microsoft-HTTPAPI/2.0",
        "Strict-Transport-Security": "max-age=31536000; includeSubDomains",
        "X-Content-Type-Options": "nosniff",
        "x-ms-client-request-id": "cf8f9cfb803fe0a0041972135fd5cb07",
        "x-ms-correlation-request-id": "aa6b919e-adb9-4121-ae6b-51cb7ddad063",
        "x-ms-ratelimit-remaining-subscription-reads": "11963",
        "x-ms-request-id": "34824f9a-ea70-4ea9-a70f-c3b1849365de",
        "x-ms-routing-request-id": "SOUTHEASTASIA:20220818T124148Z:aa6b919e-adb9-4121-ae6b-51cb7ddad063"
      },
      "ResponseBody": {
        "nameAvailable": true
      }
    },
    {
      "RequestUri": "https://management.azure.com/subscriptions/db1ab6f0-4769-4b27-930e-01e2ef9c123c/resourceGroups/teststorageRG-34/providers/Microsoft.Storage/storageAccounts/teststoragemgmt3348?api-version=2022-09-01",
      "RequestMethod": "PUT",
      "RequestHeaders": {
        "Accept": "application/json",
        "Authorization": "Sanitized",
        "Content-Length": "126",
        "Content-Type": "application/json",
        "traceparent": "00-2cc3c45c386c31bdcee3b01a87cd2b55-755d39efef2718f3-00",
        "User-Agent": "azsdk-net-ResourceManager.Storage/1.0.0-alpha.20220818.1 (.NET 6.0.8; Microsoft Windows 10.0.19044)",
        "x-ms-client-request-id": "de85fe070c46cc32d6b17efae93f1634",
        "x-ms-return-client-request-id": "true"
      },
      "RequestBody": {
        "sku": {
          "name": "Standard_GRS"
        },
        "kind": "Storage",
        "location": "eastus2",
        "tags": {
          "key1": "value1",
          "key2": "value2"
        },
        "properties": {}
      },
      "StatusCode": 202,
      "ResponseHeaders": {
        "Cache-Control": "no-cache",
        "Content-Length": "0",
        "Content-Type": "text/plain; charset=utf-8",
        "Date": "Thu, 18 Aug 2022 12:41:53 GMT",
        "Expires": "-1",
        "Location": "https://management.azure.com/subscriptions/db1ab6f0-4769-4b27-930e-01e2ef9c123c/providers/Microsoft.Storage/locations/eastus2/asyncoperations/7ae94035-de8e-4847-bf51-85d242b3d262?monitor=true\u0026api-version=2022-09-01",
        "Pragma": "no-cache",
        "Retry-After": "17",
        "Server": "Microsoft-Azure-Storage-Resource-Provider/1.0,Microsoft-HTTPAPI/2.0 Microsoft-HTTPAPI/2.0",
        "Strict-Transport-Security": "max-age=31536000; includeSubDomains",
        "X-Content-Type-Options": "nosniff",
        "x-ms-client-request-id": "de85fe070c46cc32d6b17efae93f1634",
        "x-ms-correlation-request-id": "1b09a5d5-45de-4dc6-9db7-15b7073d8bcb",
        "x-ms-ratelimit-remaining-subscription-writes": "1185",
        "x-ms-request-id": "7ae94035-de8e-4847-bf51-85d242b3d262",
        "x-ms-routing-request-id": "SOUTHEASTASIA:20220818T124154Z:1b09a5d5-45de-4dc6-9db7-15b7073d8bcb"
      },
      "ResponseBody": null
    },
    {
      "RequestUri": "https://management.azure.com/subscriptions/db1ab6f0-4769-4b27-930e-01e2ef9c123c/providers/Microsoft.Storage/locations/eastus2/asyncoperations/7ae94035-de8e-4847-bf51-85d242b3d262?monitor=true\u0026api-version=2022-09-01",
      "RequestMethod": "GET",
      "RequestHeaders": {
        "Authorization": "Sanitized",
        "traceparent": "00-2cc3c45c386c31bdcee3b01a87cd2b55-ab632f8a23bca2d3-00",
        "User-Agent": "azsdk-net-ResourceManager/1.3.0 (.NET 6.0.8; Microsoft Windows 10.0.19044)",
        "x-ms-client-request-id": "983e8da666a7eee969c2f98d02a6f7c5",
        "x-ms-return-client-request-id": "true"
      },
      "RequestBody": null,
      "StatusCode": 202,
      "ResponseHeaders": {
        "Cache-Control": "no-cache",
        "Content-Length": "0",
        "Content-Type": "text/plain; charset=utf-8",
        "Date": "Thu, 18 Aug 2022 12:41:53 GMT",
        "Expires": "-1",
        "Location": "https://management.azure.com/subscriptions/db1ab6f0-4769-4b27-930e-01e2ef9c123c/providers/Microsoft.Storage/locations/eastus2/asyncoperations/7ae94035-de8e-4847-bf51-85d242b3d262?monitor=true\u0026api-version=2022-09-01",
        "Pragma": "no-cache",
        "Retry-After": "17",
        "Server": "Microsoft-Azure-Storage-Resource-Provider/1.0,Microsoft-HTTPAPI/2.0 Microsoft-HTTPAPI/2.0",
        "Strict-Transport-Security": "max-age=31536000; includeSubDomains",
        "X-Content-Type-Options": "nosniff",
        "x-ms-client-request-id": "983e8da666a7eee969c2f98d02a6f7c5",
        "x-ms-correlation-request-id": "1cf51122-e71a-489e-bc05-fac45f8df7d8",
        "x-ms-ratelimit-remaining-subscription-reads": "11962",
        "x-ms-request-id": "87ae18dd-bd37-4be1-ba8f-72e249b0d80a",
        "x-ms-routing-request-id": "SOUTHEASTASIA:20220818T124154Z:1cf51122-e71a-489e-bc05-fac45f8df7d8"
      },
      "ResponseBody": null
    },
    {
      "RequestUri": "https://management.azure.com/subscriptions/db1ab6f0-4769-4b27-930e-01e2ef9c123c/providers/Microsoft.Storage/locations/eastus2/asyncoperations/7ae94035-de8e-4847-bf51-85d242b3d262?monitor=true\u0026api-version=2022-09-01",
      "RequestMethod": "GET",
      "RequestHeaders": {
        "Authorization": "Sanitized",
        "traceparent": "00-2cc3c45c386c31bdcee3b01a87cd2b55-cb76d0de6daf4e41-00",
        "User-Agent": "azsdk-net-ResourceManager/1.3.0 (.NET 6.0.8; Microsoft Windows 10.0.19044)",
        "x-ms-client-request-id": "c23d3d02a524029c3f6cf6f3bab5f01a",
        "x-ms-return-client-request-id": "true"
      },
      "RequestBody": null,
      "StatusCode": 200,
      "ResponseHeaders": {
        "Cache-Control": "no-cache",
        "Content-Length": "1402",
        "Content-Type": "application/json",
        "Date": "Thu, 18 Aug 2022 12:42:11 GMT",
        "Expires": "-1",
        "Pragma": "no-cache",
        "Server": "Microsoft-Azure-Storage-Resource-Provider/1.0,Microsoft-HTTPAPI/2.0 Microsoft-HTTPAPI/2.0",
        "Strict-Transport-Security": "max-age=31536000; includeSubDomains",
        "X-Content-Type-Options": "nosniff",
        "x-ms-client-request-id": "c23d3d02a524029c3f6cf6f3bab5f01a",
        "x-ms-correlation-request-id": "1d7dd483-8d7b-4486-902c-9704cd65e296",
        "x-ms-ratelimit-remaining-subscription-reads": "11961",
        "x-ms-request-id": "f8f89618-7918-4a01-8c14-053e467fa781",
        "x-ms-routing-request-id": "SOUTHEASTASIA:20220818T124212Z:1d7dd483-8d7b-4486-902c-9704cd65e296"
      },
      "ResponseBody": {
        "sku": {
          "name": "Standard_GRS",
          "tier": "Standard"
        },
        "kind": "Storage",
        "id": "/subscriptions/db1ab6f0-4769-4b27-930e-01e2ef9c123c/resourceGroups/teststorageRG-34/providers/Microsoft.Storage/storageAccounts/teststoragemgmt3348",
        "name": "teststoragemgmt3348",
        "type": "Microsoft.Storage/storageAccounts",
        "location": "eastus2",
        "tags": {
          "key1": "value1",
          "key2": "value2"
        },
        "properties": {
          "keyCreationTime": {
            "key1": "2022-08-18T12:41:51.7356235Z",
            "key2": "2022-08-18T12:41:51.7356235Z"
          },
          "privateEndpointConnections": [],
          "minimumTlsVersion": "TLS1_0",
          "allowBlobPublicAccess": true,
          "networkAcls": {
            "bypass": "AzureServices",
            "virtualNetworkRules": [],
            "ipRules": [],
            "defaultAction": "Allow"
          },
          "supportsHttpsTrafficOnly": true,
          "encryption": {
            "services": {
              "file": {
                "keyType": "Account",
                "enabled": true,
                "lastEnabledTime": "2022-08-18T12:41:52.2199844Z"
              },
              "blob": {
                "keyType": "Account",
                "enabled": true,
                "lastEnabledTime": "2022-08-18T12:41:52.2199844Z"
              }
            },
            "keySource": "Microsoft.Storage"
          },
          "provisioningState": "Succeeded",
          "creationTime": "2022-08-18T12:41:51.6105913Z",
          "primaryEndpoints": {
            "blob": "https://teststoragemgmt3348.blob.core.windows.net/",
            "queue": "https://teststoragemgmt3348.queue.core.windows.net/",
            "table": "https://teststoragemgmt3348.table.core.windows.net/",
            "file": "https://teststoragemgmt3348.file.core.windows.net/"
          },
          "primaryLocation": "eastus2",
          "statusOfPrimary": "available",
          "secondaryLocation": "centralus",
          "statusOfSecondary": "available"
        }
      }
    },
    {
      "RequestUri": "https://management.azure.com/subscriptions/db1ab6f0-4769-4b27-930e-01e2ef9c123c/resourceGroups/teststorageRG-34/providers/Microsoft.Storage/storageAccounts/teststoragemgmt3348/tableServices/default?api-version=2022-09-01",
      "RequestMethod": "GET",
      "RequestHeaders": {
        "Accept": "application/json",
        "Authorization": "Sanitized",
        "traceparent": "00-a14e84242b600aea3c69add58012c334-4ba19a02d7819979-00",
        "User-Agent": "azsdk-net-ResourceManager.Storage/1.0.0-alpha.20220818.1 (.NET 6.0.8; Microsoft Windows 10.0.19044)",
        "x-ms-client-request-id": "5c54af697e006f8db3c2bda80c311741",
        "x-ms-return-client-request-id": "true"
      },
      "RequestBody": null,
      "StatusCode": 200,
      "ResponseHeaders": {
        "Cache-Control": "no-cache",
        "Content-Length": "291",
        "Content-Type": "application/json",
        "Date": "Thu, 18 Aug 2022 12:42:12 GMT",
        "Expires": "-1",
        "Pragma": "no-cache",
        "Server": "Microsoft-Azure-Storage-Resource-Provider/1.0,Microsoft-HTTPAPI/2.0 Microsoft-HTTPAPI/2.0",
        "Strict-Transport-Security": "max-age=31536000; includeSubDomains",
        "X-Content-Type-Options": "nosniff",
        "x-ms-client-request-id": "5c54af697e006f8db3c2bda80c311741",
        "x-ms-correlation-request-id": "3de0e2d0-8a9c-455e-aa10-27b50fb384c5",
        "x-ms-ratelimit-remaining-subscription-reads": "11960",
        "x-ms-request-id": "63257dc0-b3b7-4dcc-8b84-bba4324f7ec4",
        "x-ms-routing-request-id": "SOUTHEASTASIA:20220818T124212Z:3de0e2d0-8a9c-455e-aa10-27b50fb384c5"
      },
      "ResponseBody": {
        "id": "/subscriptions/db1ab6f0-4769-4b27-930e-01e2ef9c123c/resourceGroups/teststorageRG-34/providers/Microsoft.Storage/storageAccounts/teststoragemgmt3348/tableServices/default",
        "name": "default",
        "type": "Microsoft.Storage/storageAccounts/tableServices",
        "properties": {
          "cors": {
            "corsRules": []
          }
        }
      }
    },
    {
      "RequestUri": "https://management.azure.com/subscriptions/db1ab6f0-4769-4b27-930e-01e2ef9c123c/resourceGroups/teststorageRG-34/providers/Microsoft.Storage/storageAccounts/teststoragemgmt3348/tableServices/default/tables/testtable11868?api-version=2022-09-01",
      "RequestMethod": "PUT",
      "RequestHeaders": {
        "Accept": "application/json",
        "Authorization": "Sanitized",
        "Content-Length": "17",
        "Content-Type": "application/json",
        "traceparent": "00-e58e73984cbf09b9d77a972f3b80cab5-64a42f847388105b-00",
        "User-Agent": "azsdk-net-ResourceManager.Storage/1.0.0-alpha.20220818.1 (.NET 6.0.8; Microsoft Windows 10.0.19044)",
        "x-ms-client-request-id": "857e9e7b00aa3cf0593a70f633b3d1de",
        "x-ms-return-client-request-id": "true"
      },
      "RequestBody": {
        "properties": {}
      },
      "StatusCode": 200,
      "ResponseHeaders": {
        "Cache-Control": "no-cache",
        "Content-Length": "332",
        "Content-Type": "application/json",
        "Date": "Thu, 18 Aug 2022 12:42:12 GMT",
        "Expires": "-1",
        "Pragma": "no-cache",
        "Server": "Microsoft-Azure-Storage-Resource-Provider/1.0,Microsoft-HTTPAPI/2.0 Microsoft-HTTPAPI/2.0",
        "Strict-Transport-Security": "max-age=31536000; includeSubDomains",
        "X-Content-Type-Options": "nosniff",
        "x-ms-client-request-id": "857e9e7b00aa3cf0593a70f633b3d1de",
        "x-ms-correlation-request-id": "82af8597-83ed-4b21-b034-9258ad3d778a",
        "x-ms-ratelimit-remaining-subscription-writes": "1184",
        "x-ms-request-id": "0e824cf0-826d-430f-850d-e7c9ef35da74",
        "x-ms-routing-request-id": "SOUTHEASTASIA:20220818T124213Z:82af8597-83ed-4b21-b034-9258ad3d778a"
      },
      "ResponseBody": {
        "id": "/subscriptions/db1ab6f0-4769-4b27-930e-01e2ef9c123c/resourceGroups/teststorageRG-34/providers/Microsoft.Storage/storageAccounts/teststoragemgmt3348/tableServices/default/tables/testtable11868",
        "name": "testtable11868",
        "type": "Microsoft.Storage/storageAccounts/tableServices/tables",
        "properties": {
          "tableName": "testtable11868"
        }
      }
    },
    {
      "RequestUri": "https://management.azure.com/subscriptions/db1ab6f0-4769-4b27-930e-01e2ef9c123c/resourceGroups/teststorageRG-34/providers/Microsoft.Storage/storageAccounts/teststoragemgmt3348/tableServices/default/tables/testtable27390?api-version=2022-09-01",
      "RequestMethod": "PUT",
      "RequestHeaders": {
        "Accept": "application/json",
        "Authorization": "Sanitized",
        "Content-Length": "17",
        "Content-Type": "application/json",
        "traceparent": "00-1518d2c81b9b851c3cfd9a482e28a2b9-da4de42dc95572d0-00",
        "User-Agent": "azsdk-net-ResourceManager.Storage/1.0.0-alpha.20220818.1 (.NET 6.0.8; Microsoft Windows 10.0.19044)",
        "x-ms-client-request-id": "9a52522384c4cdb00e62e7f3f60d55b4",
        "x-ms-return-client-request-id": "true"
      },
      "RequestBody": {
        "properties": {}
      },
      "StatusCode": 200,
      "ResponseHeaders": {
        "Cache-Control": "no-cache",
        "Content-Length": "332",
        "Content-Type": "application/json",
        "Date": "Thu, 18 Aug 2022 12:42:13 GMT",
        "Expires": "-1",
        "Pragma": "no-cache",
        "Server": "Microsoft-Azure-Storage-Resource-Provider/1.0,Microsoft-HTTPAPI/2.0 Microsoft-HTTPAPI/2.0",
        "Strict-Transport-Security": "max-age=31536000; includeSubDomains",
        "X-Content-Type-Options": "nosniff",
        "x-ms-client-request-id": "9a52522384c4cdb00e62e7f3f60d55b4",
        "x-ms-correlation-request-id": "319e6faa-1d27-4937-8164-65077599fccf",
        "x-ms-ratelimit-remaining-subscription-writes": "1183",
        "x-ms-request-id": "b0c21bce-1e95-44db-81d5-ddc9d91323a9",
        "x-ms-routing-request-id": "SOUTHEASTASIA:20220818T124213Z:319e6faa-1d27-4937-8164-65077599fccf"
      },
      "ResponseBody": {
        "id": "/subscriptions/db1ab6f0-4769-4b27-930e-01e2ef9c123c/resourceGroups/teststorageRG-34/providers/Microsoft.Storage/storageAccounts/teststoragemgmt3348/tableServices/default/tables/testtable27390",
        "name": "testtable27390",
        "type": "Microsoft.Storage/storageAccounts/tableServices/tables",
        "properties": {
          "tableName": "testtable27390"
        }
      }
    },
    {
      "RequestUri": "https://management.azure.com/subscriptions/db1ab6f0-4769-4b27-930e-01e2ef9c123c/resourceGroups/teststorageRG-34/providers/Microsoft.Storage/storageAccounts/teststoragemgmt3348/tableServices/default/tables?api-version=2022-09-01",
      "RequestMethod": "GET",
      "RequestHeaders": {
        "Accept": "application/json",
        "Authorization": "Sanitized",
        "traceparent": "00-0466e3aefd3d1af7a89224871f5a2695-5d485f3bdec16b3d-00",
        "User-Agent": "azsdk-net-ResourceManager.Storage/1.0.0-alpha.20220818.1 (.NET 6.0.8; Microsoft Windows 10.0.19044)",
        "x-ms-client-request-id": "523a2d97e39b53056cc42552febd8e09",
        "x-ms-return-client-request-id": "true"
      },
      "RequestBody": null,
      "StatusCode": 200,
      "ResponseHeaders": {
        "Cache-Control": "no-cache",
        "Content-Length": "677",
        "Content-Type": "application/json",
        "Date": "Thu, 18 Aug 2022 12:42:13 GMT",
        "Expires": "-1",
        "Pragma": "no-cache",
        "Server": "Microsoft-Azure-Storage-Resource-Provider/1.0,Microsoft-HTTPAPI/2.0 Microsoft-HTTPAPI/2.0",
        "Strict-Transport-Security": "max-age=31536000; includeSubDomains",
        "X-Content-Type-Options": "nosniff",
        "x-ms-client-request-id": "523a2d97e39b53056cc42552febd8e09",
        "x-ms-correlation-request-id": "67c51eaf-1d1f-40e4-b652-39a85a42e00f",
        "x-ms-ratelimit-remaining-subscription-reads": "11959",
        "x-ms-request-id": "aeb3b8e0-d184-42a0-a734-e0a888a9b356",
        "x-ms-routing-request-id": "SOUTHEASTASIA:20220818T124214Z:67c51eaf-1d1f-40e4-b652-39a85a42e00f"
      },
      "ResponseBody": {
        "value": [
          {
            "id": "/subscriptions/db1ab6f0-4769-4b27-930e-01e2ef9c123c/resourceGroups/teststorageRG-34/providers/Microsoft.Storage/storageAccounts/teststoragemgmt3348/tableServices/default/tables/testtable11868",
            "name": "testtable11868",
            "type": "Microsoft.Storage/storageAccounts/tableServices/tables",
            "properties": {
              "tableName": "testtable11868"
            }
          },
          {
            "id": "/subscriptions/db1ab6f0-4769-4b27-930e-01e2ef9c123c/resourceGroups/teststorageRG-34/providers/Microsoft.Storage/storageAccounts/teststoragemgmt3348/tableServices/default/tables/testtable27390",
            "name": "testtable27390",
            "type": "Microsoft.Storage/storageAccounts/tableServices/tables",
            "properties": {
              "tableName": "testtable27390"
            }
          }
        ]
      }
    },
    {
      "RequestUri": "https://management.azure.com/subscriptions/db1ab6f0-4769-4b27-930e-01e2ef9c123c/resourceGroups/teststorageRG-34/providers/Microsoft.Storage/storageAccounts?api-version=2022-09-01",
      "RequestMethod": "GET",
      "RequestHeaders": {
        "Accept": "application/json",
        "Authorization": "Sanitized",
        "traceparent": "00-0c1040c204f531d43181a2556d2e3a74-4c8481ffb7fe6d43-00",
        "User-Agent": "azsdk-net-ResourceManager.Storage/1.0.0-alpha.20220818.1 (.NET 6.0.8; Microsoft Windows 10.0.19044)",
        "x-ms-client-request-id": "c40e2dd7c1eff6c7eeb0774719fc454b",
        "x-ms-return-client-request-id": "true"
      },
      "RequestBody": null,
      "StatusCode": 200,
      "ResponseHeaders": {
        "Cache-Control": "no-cache",
        "Content-Length": "1414",
        "Content-Type": "application/json",
        "Date": "Thu, 18 Aug 2022 12:42:14 GMT",
        "Expires": "-1",
        "Pragma": "no-cache",
        "Server": "Microsoft-Azure-Storage-Resource-Provider/1.0,Microsoft-HTTPAPI/2.0 Microsoft-HTTPAPI/2.0",
        "Strict-Transport-Security": "max-age=31536000; includeSubDomains",
        "X-Content-Type-Options": "nosniff",
        "x-ms-client-request-id": "c40e2dd7c1eff6c7eeb0774719fc454b",
        "x-ms-correlation-request-id": "834556cf-703b-429d-b2f6-7d85ce3f7c17",
        "x-ms-ratelimit-remaining-subscription-reads": "11958",
        "x-ms-request-id": "069ae3a5-f9f5-4be0-8774-c6830c8c93e3",
        "x-ms-routing-request-id": "SOUTHEASTASIA:20220818T124214Z:834556cf-703b-429d-b2f6-7d85ce3f7c17"
      },
      "ResponseBody": {
        "value": [
          {
            "sku": {
              "name": "Standard_GRS",
              "tier": "Standard"
            },
            "kind": "Storage",
            "id": "/subscriptions/db1ab6f0-4769-4b27-930e-01e2ef9c123c/resourceGroups/teststorageRG-34/providers/Microsoft.Storage/storageAccounts/teststoragemgmt3348",
            "name": "teststoragemgmt3348",
            "type": "Microsoft.Storage/storageAccounts",
            "location": "eastus2",
            "tags": {
              "key1": "value1",
              "key2": "value2"
            },
            "properties": {
              "keyCreationTime": {
                "key1": "2022-08-18T12:41:51.7356235Z",
                "key2": "2022-08-18T12:41:51.7356235Z"
              },
              "privateEndpointConnections": [],
              "minimumTlsVersion": "TLS1_0",
              "allowBlobPublicAccess": true,
              "networkAcls": {
                "bypass": "AzureServices",
                "virtualNetworkRules": [],
                "ipRules": [],
                "defaultAction": "Allow"
              },
              "supportsHttpsTrafficOnly": true,
              "encryption": {
                "services": {
                  "file": {
                    "keyType": "Account",
                    "enabled": true,
                    "lastEnabledTime": "2022-08-18T12:41:52.2199844Z"
                  },
                  "blob": {
                    "keyType": "Account",
                    "enabled": true,
                    "lastEnabledTime": "2022-08-18T12:41:52.2199844Z"
                  }
                },
                "keySource": "Microsoft.Storage"
              },
              "provisioningState": "Succeeded",
              "creationTime": "2022-08-18T12:41:51.6105913Z",
              "primaryEndpoints": {
                "blob": "https://teststoragemgmt3348.blob.core.windows.net/",
                "queue": "https://teststoragemgmt3348.queue.core.windows.net/",
                "table": "https://teststoragemgmt3348.table.core.windows.net/",
                "file": "https://teststoragemgmt3348.file.core.windows.net/"
              },
              "primaryLocation": "eastus2",
              "statusOfPrimary": "available",
              "secondaryLocation": "centralus",
              "statusOfSecondary": "available"
            }
          }
        ]
      }
    },
    {
      "RequestUri": "https://management.azure.com/subscriptions/db1ab6f0-4769-4b27-930e-01e2ef9c123c/resourceGroups/teststorageRG-34/providers/Microsoft.Storage/storageAccounts/teststoragemgmt3348?api-version=2022-09-01",
      "RequestMethod": "DELETE",
      "RequestHeaders": {
        "Authorization": "Sanitized",
        "traceparent": "00-d6ebdb1d1897247cd433d8318d6616fb-c52b4e95972bbd38-00",
        "User-Agent": "azsdk-net-ResourceManager.Storage/1.0.0-alpha.20220818.1 (.NET 6.0.8; Microsoft Windows 10.0.19044)",
        "x-ms-client-request-id": "065fbce57f793f434dff2e005f5dcf51",
        "x-ms-return-client-request-id": "true"
      },
      "RequestBody": null,
      "StatusCode": 200,
      "ResponseHeaders": {
        "Cache-Control": "no-cache",
        "Content-Length": "0",
        "Content-Type": "text/plain; charset=utf-8",
        "Date": "Thu, 18 Aug 2022 12:42:21 GMT",
        "Expires": "-1",
        "Pragma": "no-cache",
        "Server": "Microsoft-Azure-Storage-Resource-Provider/1.0,Microsoft-HTTPAPI/2.0 Microsoft-HTTPAPI/2.0",
        "Strict-Transport-Security": "max-age=31536000; includeSubDomains",
        "X-Content-Type-Options": "nosniff",
        "x-ms-client-request-id": "065fbce57f793f434dff2e005f5dcf51",
        "x-ms-correlation-request-id": "f0b2ec8a-f699-40ec-a78c-b82b6f95c952",
        "x-ms-ratelimit-remaining-subscription-deletes": "14993",
        "x-ms-request-id": "6f47773f-dbec-47cf-863b-f7b29d3fea0c",
        "x-ms-routing-request-id": "SOUTHEASTASIA:20220818T124221Z:f0b2ec8a-f699-40ec-a78c-b82b6f95c952"
      },
      "ResponseBody": null
    }
  ],
  "Variables": {
    "AZURE_AUTHORITY_HOST": "https://login.microsoftonline.com",
    "RandomSeed": "201524918",
    "RESOURCE_MANAGER_URL": null,
    "SUBSCRIPTION_ID": "db1ab6f0-4769-4b27-930e-01e2ef9c123c"
  }
}
