{
  "Entries": [
    {
      "RequestUri": "https://management.azure.com/subscriptions/db1ab6f0-4769-4b27-930e-01e2ef9c123c?api-version=2021-01-01",
      "RequestMethod": "GET",
      "RequestHeaders": {
        "Accept": "application/json",
        "Authorization": "Sanitized",
        "traceparent": "00-5376b980b9263a40ba89baa9531a9da8-fc80d97d004d8846-00",
        "User-Agent": "azsdk-net-ResourceManager/1.0.0-alpha.20220118.1 (.NET Framework 4.8.4420.0; Microsoft Windows 10.0.19043 )",
        "x-ms-client-request-id": "3d020a23e8d59a0e26e5c79f65212b92",
        "x-ms-return-client-request-id": "true"
      },
      "RequestBody": null,
      "StatusCode": 200,
      "ResponseHeaders": {
        "Cache-Control": "no-cache",
        "Content-Length": "468",
        "Content-Type": "application/json; charset=utf-8",
        "Date": "Tue, 18 Jan 2022 05:10:31 GMT",
        "Expires": "-1",
        "Pragma": "no-cache",
        "Strict-Transport-Security": "max-age=31536000; includeSubDomains",
        "X-Content-Type-Options": "nosniff",
        "x-ms-correlation-request-id": "c85aab20-6d4d-4141-a7ab-b064f9faf483",
        "x-ms-ratelimit-remaining-subscription-reads": "11736",
        "x-ms-request-id": "c85aab20-6d4d-4141-a7ab-b064f9faf483",
        "x-ms-routing-request-id": "SOUTHEASTASIA:20220118T051031Z:c85aab20-6d4d-4141-a7ab-b064f9faf483"
      },
      "ResponseBody": {
        "id": "/subscriptions/db1ab6f0-4769-4b27-930e-01e2ef9c123c",
        "authorizationSource": "RoleBased",
        "managedByTenants": [],
        "tags": {
          "tagKey1": "tagValue1",
          "tagKey2": "tagValue2"
        },
        "subscriptionId": "db1ab6f0-4769-4b27-930e-01e2ef9c123c",
        "tenantId": "72f988bf-86f1-41af-91ab-2d7cd011db47",
        "displayName": ".NET Mgmt SDK Test with TTL = 1 Day",
        "state": "Enabled",
        "subscriptionPolicies": {
          "locationPlacementId": "Internal_2014-09-01",
          "quotaId": "Internal_2014-09-01",
          "spendingLimit": "Off"
        }
      }
    },
    {
      "RequestUri": "https://management.azure.com/subscriptions/db1ab6f0-4769-4b27-930e-01e2ef9c123c/resourcegroups/teststorageRG-9133?api-version=2021-04-01",
      "RequestMethod": "PUT",
      "RequestHeaders": {
        "Accept": "application/json",
        "Authorization": "Sanitized",
        "Content-Length": "44",
        "Content-Type": "application/json",
        "User-Agent": "azsdk-net-ResourceManager/1.0.0-alpha.20220118.1 (.NET Framework 4.8.4420.0; Microsoft Windows 10.0.19043 )",
        "x-ms-client-request-id": "2d8707f7d7354cc3291677ca82aeba79",
        "x-ms-return-client-request-id": "true"
      },
      "RequestBody": {
        "tags": {
          "test": "env"
        },
        "location": "eastus2"
      },
      "StatusCode": 201,
      "ResponseHeaders": {
        "Cache-Control": "no-cache",
        "Content-Length": "256",
        "Content-Type": "application/json; charset=utf-8",
        "Date": "Tue, 18 Jan 2022 05:10:32 GMT",
        "Expires": "-1",
        "Pragma": "no-cache",
        "Strict-Transport-Security": "max-age=31536000; includeSubDomains",
        "X-Content-Type-Options": "nosniff",
        "x-ms-correlation-request-id": "f60b64d7-c767-4dd8-9cee-4feb8f4c30ae",
        "x-ms-ratelimit-remaining-subscription-writes": "1190",
        "x-ms-request-id": "f60b64d7-c767-4dd8-9cee-4feb8f4c30ae",
        "x-ms-routing-request-id": "SOUTHEASTASIA:20220118T051032Z:f60b64d7-c767-4dd8-9cee-4feb8f4c30ae"
      },
      "ResponseBody": {
        "id": "/subscriptions/db1ab6f0-4769-4b27-930e-01e2ef9c123c/resourceGroups/teststorageRG-9133",
        "name": "teststorageRG-9133",
        "type": "Microsoft.Resources/resourceGroups",
        "location": "eastus2",
        "tags": {
          "test": "env"
        },
        "properties": {
          "provisioningState": "Succeeded"
        }
      }
    },
    {
      "RequestUri": "https://management.azure.com/subscriptions/db1ab6f0-4769-4b27-930e-01e2ef9c123c/providers/Microsoft.Storage/checkNameAvailability?api-version=2021-08-01",
      "RequestMethod": "POST",
      "RequestHeaders": {
        "Accept": "application/json",
        "Authorization": "Sanitized",
        "Content-Length": "73",
        "Content-Type": "application/json",
        "User-Agent": "azsdk-net-ResourceManager.Storage/1.0.0-alpha.20220118.1 (.NET Framework 4.8.4420.0; Microsoft Windows 10.0.19043 )",
        "x-ms-client-request-id": "06e4387f8fea2b9ca89b25296ed1d686",
        "x-ms-return-client-request-id": "true"
      },
      "RequestBody": {
        "name": "teststoragemgmt3597",
        "type": "Microsoft.Storage/storageAccounts"
      },
      "StatusCode": 200,
      "ResponseHeaders": {
        "Cache-Control": "no-cache",
        "Content-Length": "22",
        "Content-Type": "application/json",
        "Date": "Tue, 18 Jan 2022 05:10:33 GMT",
        "Expires": "-1",
        "Pragma": "no-cache",
        "Server": "Microsoft-Azure-Storage-Resource-Provider/1.0,Microsoft-HTTPAPI/2.0 Microsoft-HTTPAPI/2.0",
        "Strict-Transport-Security": "max-age=31536000; includeSubDomains",
        "X-Content-Type-Options": "nosniff",
        "x-ms-client-request-id": "06e4387f8fea2b9ca89b25296ed1d686",
        "x-ms-correlation-request-id": "7dc7d82c-c5e1-4f0a-b452-aa7edbe246d5",
        "x-ms-ratelimit-remaining-subscription-reads": "11735",
        "x-ms-request-id": "9e058624-36b5-49f3-8281-24303ad158a3",
        "x-ms-routing-request-id": "SOUTHEASTASIA:20220118T051033Z:7dc7d82c-c5e1-4f0a-b452-aa7edbe246d5"
      },
      "ResponseBody": {
        "nameAvailable": true
      }
    },
    {
      "RequestUri": "https://management.azure.com/subscriptions/db1ab6f0-4769-4b27-930e-01e2ef9c123c/resourceGroups/teststorageRG-9133/providers/Microsoft.Storage/storageAccounts/teststoragemgmt3597?api-version=2021-08-01",
      "RequestMethod": "PUT",
      "RequestHeaders": {
        "Accept": "application/json",
        "Authorization": "Sanitized",
        "Content-Length": "126",
        "Content-Type": "application/json",
        "User-Agent": "azsdk-net-ResourceManager.Storage/1.0.0-alpha.20220118.1 (.NET Framework 4.8.4420.0; Microsoft Windows 10.0.19043 )",
        "x-ms-client-request-id": "5ee4bd8aedc83f32f0abd297cfa4370d",
        "x-ms-return-client-request-id": "true"
      },
      "RequestBody": {
        "sku": {
          "name": "Standard_GRS"
        },
        "kind": "Storage",
        "location": "eastus2",
        "tags": {
          "key1": "value1",
          "key2": "value2"
        },
        "properties": {}
      },
      "StatusCode": 202,
      "ResponseHeaders": {
        "Cache-Control": "no-cache",
        "Content-Length": "0",
        "Content-Type": "text/plain; charset=utf-8",
        "Date": "Tue, 18 Jan 2022 05:10:37 GMT",
        "Expires": "-1",
        "Location": "https://management.azure.com/subscriptions/db1ab6f0-4769-4b27-930e-01e2ef9c123c/providers/Microsoft.Storage/locations/eastus2/asyncoperations/ae59d8ed-d510-42e2-85c5-cb30eb14a2ee?monitor=true\u0026api-version=2021-08-01",
        "Pragma": "no-cache",
        "Retry-After": "17",
        "Server": "Microsoft-Azure-Storage-Resource-Provider/1.0,Microsoft-HTTPAPI/2.0 Microsoft-HTTPAPI/2.0",
        "Strict-Transport-Security": "max-age=31536000; includeSubDomains",
        "X-Content-Type-Options": "nosniff",
        "x-ms-client-request-id": "5ee4bd8aedc83f32f0abd297cfa4370d",
        "x-ms-correlation-request-id": "d5e4304c-d9dc-475f-bde2-2343dcc1af8c",
        "x-ms-ratelimit-remaining-subscription-writes": "1189",
        "x-ms-request-id": "ae59d8ed-d510-42e2-85c5-cb30eb14a2ee",
        "x-ms-routing-request-id": "SOUTHEASTASIA:20220118T051037Z:d5e4304c-d9dc-475f-bde2-2343dcc1af8c"
      },
      "ResponseBody": []
    },
    {
      "RequestUri": "https://management.azure.com/subscriptions/db1ab6f0-4769-4b27-930e-01e2ef9c123c/providers/Microsoft.Storage/locations/eastus2/asyncoperations/ae59d8ed-d510-42e2-85c5-cb30eb14a2ee?monitor=true\u0026api-version=2021-08-01",
      "RequestMethod": "GET",
      "RequestHeaders": {
        "Authorization": "Sanitized",
        "User-Agent": "azsdk-net-ResourceManager/1.0.0-alpha.20220118.1 (.NET Framework 4.8.4420.0; Microsoft Windows 10.0.19043 )",
        "x-ms-client-request-id": "f0f744a01ad5911f06a5163ebc045c03",
        "x-ms-return-client-request-id": "true"
      },
      "RequestBody": null,
      "StatusCode": 202,
      "ResponseHeaders": {
        "Cache-Control": "no-cache",
        "Content-Length": "0",
        "Content-Type": "text/plain; charset=utf-8",
        "Date": "Tue, 18 Jan 2022 05:10:37 GMT",
        "Expires": "-1",
        "Location": "https://management.azure.com/subscriptions/db1ab6f0-4769-4b27-930e-01e2ef9c123c/providers/Microsoft.Storage/locations/eastus2/asyncoperations/ae59d8ed-d510-42e2-85c5-cb30eb14a2ee?monitor=true\u0026api-version=2021-08-01",
        "Pragma": "no-cache",
        "Retry-After": "17",
        "Server": "Microsoft-Azure-Storage-Resource-Provider/1.0,Microsoft-HTTPAPI/2.0 Microsoft-HTTPAPI/2.0",
        "Strict-Transport-Security": "max-age=31536000; includeSubDomains",
        "X-Content-Type-Options": "nosniff",
        "x-ms-client-request-id": "f0f744a01ad5911f06a5163ebc045c03",
        "x-ms-correlation-request-id": "37525a71-2df1-49be-bab0-9ee3c89dbef5",
        "x-ms-ratelimit-remaining-subscription-reads": "11734",
        "x-ms-request-id": "bd2dd9d7-8e24-498f-934c-e82a672a14a2",
        "x-ms-routing-request-id": "SOUTHEASTASIA:20220118T051038Z:37525a71-2df1-49be-bab0-9ee3c89dbef5"
      },
      "ResponseBody": []
    },
    {
      "RequestUri": "https://management.azure.com/subscriptions/db1ab6f0-4769-4b27-930e-01e2ef9c123c/providers/Microsoft.Storage/locations/eastus2/asyncoperations/ae59d8ed-d510-42e2-85c5-cb30eb14a2ee?monitor=true\u0026api-version=2021-08-01",
      "RequestMethod": "GET",
      "RequestHeaders": {
        "Authorization": "Sanitized",
        "User-Agent": "azsdk-net-ResourceManager/1.0.0-alpha.20220118.1 (.NET Framework 4.8.4420.0; Microsoft Windows 10.0.19043 )",
        "x-ms-client-request-id": "f1021764e42f9bd9b06b73c65ff7a1cd",
        "x-ms-return-client-request-id": "true"
      },
      "RequestBody": null,
      "StatusCode": 200,
      "ResponseHeaders": {
        "Cache-Control": "no-cache",
        "Content-Length": "1346",
        "Content-Type": "application/json",
        "Date": "Tue, 18 Jan 2022 05:10:54 GMT",
        "Expires": "-1",
        "Pragma": "no-cache",
        "Server": "Microsoft-Azure-Storage-Resource-Provider/1.0,Microsoft-HTTPAPI/2.0 Microsoft-HTTPAPI/2.0",
        "Strict-Transport-Security": "max-age=31536000; includeSubDomains",
        "X-Content-Type-Options": "nosniff",
        "x-ms-client-request-id": "f1021764e42f9bd9b06b73c65ff7a1cd",
        "x-ms-correlation-request-id": "1d388782-f479-4c4b-8fa9-3b9e07e3f909",
        "x-ms-ratelimit-remaining-subscription-reads": "11733",
        "x-ms-request-id": "3ed8e4db-f3b4-4924-a066-fcce928fd36a",
        "x-ms-routing-request-id": "SOUTHEASTASIA:20220118T051055Z:1d388782-f479-4c4b-8fa9-3b9e07e3f909"
      },
      "ResponseBody": {
        "sku": {
          "name": "Standard_GRS",
          "tier": "Standard"
        },
        "kind": "Storage",
        "id": "/subscriptions/db1ab6f0-4769-4b27-930e-01e2ef9c123c/resourceGroups/teststorageRG-9133/providers/Microsoft.Storage/storageAccounts/teststoragemgmt3597",
        "name": "teststoragemgmt3597",
        "type": "Microsoft.Storage/storageAccounts",
        "location": "eastus2",
        "tags": {
          "key1": "value1",
          "key2": "value2"
        },
        "properties": {
          "keyCreationTime": {
            "key1": "2022-01-18T05:10:36.0843140Z",
            "key2": "2022-01-18T05:10:36.0843140Z"
          },
          "privateEndpointConnections": [],
          "networkAcls": {
            "bypass": "AzureServices",
            "virtualNetworkRules": [],
            "ipRules": [],
            "defaultAction": "Allow"
          },
          "supportsHttpsTrafficOnly": true,
          "encryption": {
            "services": {
              "file": {
                "keyType": "Account",
                "enabled": true,
                "lastEnabledTime": "2022-01-18T05:10:36.0999380Z"
              },
              "blob": {
                "keyType": "Account",
                "enabled": true,
                "lastEnabledTime": "2022-01-18T05:10:36.0999380Z"
              }
            },
            "keySource": "Microsoft.Storage"
          },
          "provisioningState": "Succeeded",
          "creationTime": "2022-01-18T05:10:35.9593101Z",
          "primaryEndpoints": {
            "blob": "https://teststoragemgmt3597.blob.core.windows.net/",
            "queue": "https://teststoragemgmt3597.queue.core.windows.net/",
            "table": "https://teststoragemgmt3597.table.core.windows.net/",
            "file": "https://teststoragemgmt3597.file.core.windows.net/"
          },
          "primaryLocation": "eastus2",
          "statusOfPrimary": "available",
          "secondaryLocation": "centralus",
          "statusOfSecondary": "available"
        }
      }
    },
    {
      "RequestUri": "https://management.azure.com/subscriptions/db1ab6f0-4769-4b27-930e-01e2ef9c123c/resourceGroups/teststorageRG-9133/providers/Microsoft.Storage/storageAccounts/teststoragemgmt3597/tableServices/default?api-version=2021-08-01",
      "RequestMethod": "GET",
      "RequestHeaders": {
        "Accept": "application/json",
        "Authorization": "Sanitized",
        "User-Agent": "azsdk-net-ResourceManager.Storage/1.0.0-alpha.20220118.1 (.NET Framework 4.8.4420.0; Microsoft Windows 10.0.19043 )",
        "x-ms-client-request-id": "8bf68def46ac0c375d10ec08d8cebbe6",
        "x-ms-return-client-request-id": "true"
      },
      "RequestBody": null,
      "StatusCode": 200,
      "ResponseHeaders": {
        "Cache-Control": "no-cache",
        "Content-Length": "293",
        "Content-Type": "application/json",
        "Date": "Tue, 18 Jan 2022 05:10:55 GMT",
        "Expires": "-1",
        "Pragma": "no-cache",
        "Server": "Microsoft-Azure-Storage-Resource-Provider/1.0,Microsoft-HTTPAPI/2.0 Microsoft-HTTPAPI/2.0",
        "Strict-Transport-Security": "max-age=31536000; includeSubDomains",
        "X-Content-Type-Options": "nosniff",
        "x-ms-client-request-id": "8bf68def46ac0c375d10ec08d8cebbe6",
        "x-ms-correlation-request-id": "78449ef1-daf3-429d-8613-b0ed838e44e0",
        "x-ms-ratelimit-remaining-subscription-reads": "11732",
        "x-ms-request-id": "d7f754db-cc32-4192-b5f8-835533ec1332",
        "x-ms-routing-request-id": "SOUTHEASTASIA:20220118T051055Z:78449ef1-daf3-429d-8613-b0ed838e44e0"
      },
      "ResponseBody": {
        "id": "/subscriptions/db1ab6f0-4769-4b27-930e-01e2ef9c123c/resourceGroups/teststorageRG-9133/providers/Microsoft.Storage/storageAccounts/teststoragemgmt3597/tableServices/default",
        "name": "default",
        "type": "Microsoft.Storage/storageAccounts/tableServices",
        "properties": {
          "cors": {
            "corsRules": []
          }
        }
      }
    },
    {
      "RequestUri": "https://management.azure.com/subscriptions/db1ab6f0-4769-4b27-930e-01e2ef9c123c/resourceGroups/teststorageRG-9133/providers/Microsoft.Storage/storageAccounts/teststoragemgmt3597/tableServices/default?api-version=2021-08-01",
      "RequestMethod": "PUT",
      "RequestHeaders": {
        "Accept": "application/json",
        "Authorization": "Sanitized",
        "Content-Length": "302",
        "Content-Type": "application/json",
        "User-Agent": "azsdk-net-ResourceManager.Storage/1.0.0-alpha.20220118.1 (.NET Framework 4.8.4420.0; Microsoft Windows 10.0.19043 )",
        "x-ms-client-request-id": "85d68aa4ca21bc156a5c406aa759310e",
        "x-ms-return-client-request-id": "true"
      },
      "RequestBody": {
        "properties": {
          "cors": {
            "corsRules": [
              {
                "allowedOrigins": [
                  "http://www.contoso.com",
                  "http://www.fabrikam.com"
                ],
                "allowedMethods": [
                  "GET",
                  "HEAD",
                  "POST",
                  "OPTIONS",
                  "MERGE",
                  "PUT"
                ],
                "maxAgeInSeconds": 100,
                "exposedHeaders": [
                  "x-ms-meta-*"
                ],
                "allowedHeaders": [
                  "x-ms-meta-abc",
                  "x-ms-meta-data*",
                  "x-ms-meta-target*"
                ]
              }
            ]
          }
        }
      },
      "StatusCode": 200,
      "ResponseHeaders": {
        "Cache-Control": "no-cache",
        "Content-Length": "555",
        "Content-Type": "application/json",
        "Date": "Tue, 18 Jan 2022 05:10:55 GMT",
        "Expires": "-1",
        "Pragma": "no-cache",
        "Server": "Microsoft-Azure-Storage-Resource-Provider/1.0,Microsoft-HTTPAPI/2.0 Microsoft-HTTPAPI/2.0",
        "Strict-Transport-Security": "max-age=31536000; includeSubDomains",
        "X-Content-Type-Options": "nosniff",
        "x-ms-client-request-id": "85d68aa4ca21bc156a5c406aa759310e",
        "x-ms-correlation-request-id": "5d99ca64-c872-495a-8457-aeffc4a38ae2",
        "x-ms-ratelimit-remaining-subscription-writes": "1188",
        "x-ms-request-id": "013f6e6d-9559-4f0a-907d-591e3323cff6",
        "x-ms-routing-request-id": "SOUTHEASTASIA:20220118T051056Z:5d99ca64-c872-495a-8457-aeffc4a38ae2"
      },
      "ResponseBody": {
        "id": "/subscriptions/db1ab6f0-4769-4b27-930e-01e2ef9c123c/resourceGroups/teststorageRG-9133/providers/Microsoft.Storage/storageAccounts/teststoragemgmt3597/tableServices/default",
        "name": "default",
        "type": "Microsoft.Storage/storageAccounts/tableServices",
        "properties": {
          "cors": {
            "corsRules": [
              {
                "allowedOrigins": [
                  "http://www.contoso.com",
                  "http://www.fabrikam.com"
                ],
                "allowedMethods": [
                  "GET",
                  "HEAD",
                  "POST",
                  "OPTIONS",
                  "MERGE",
                  "PUT"
                ],
                "maxAgeInSeconds": 100,
                "exposedHeaders": [
                  "x-ms-meta-*"
                ],
                "allowedHeaders": [
                  "x-ms-meta-abc",
                  "x-ms-meta-data*",
                  "x-ms-meta-target*"
                ]
              }
            ]
          }
        }
      }
    },
    {
      "RequestUri": "https://management.azure.com/subscriptions/db1ab6f0-4769-4b27-930e-01e2ef9c123c/resourceGroups/teststorageRG-9133/providers/Microsoft.Storage/storageAccounts?api-version=2021-08-01",
      "RequestMethod": "GET",
      "RequestHeaders": {
        "Accept": "application/json",
        "Authorization": "Sanitized",
        "User-Agent": "azsdk-net-ResourceManager.Storage/1.0.0-alpha.20220118.1 (.NET Framework 4.8.4420.0; Microsoft Windows 10.0.19043 )",
        "x-ms-client-request-id": "2f4f4903d10e1e56e0f6931ff7d0c2e1",
        "x-ms-return-client-request-id": "true"
      },
      "RequestBody": null,
      "StatusCode": 200,
      "ResponseHeaders": {
        "Cache-Control": "no-cache",
        "Content-Length": "1358",
        "Content-Type": "application/json",
        "Date": "Tue, 18 Jan 2022 05:10:56 GMT",
        "Expires": "-1",
        "Pragma": "no-cache",
        "Server": "Microsoft-Azure-Storage-Resource-Provider/1.0,Microsoft-HTTPAPI/2.0 Microsoft-HTTPAPI/2.0",
        "Strict-Transport-Security": "max-age=31536000; includeSubDomains",
        "X-Content-Type-Options": "nosniff",
        "x-ms-client-request-id": "2f4f4903d10e1e56e0f6931ff7d0c2e1",
        "x-ms-correlation-request-id": "d00af43f-526f-4267-8852-e5697a6ad4af",
        "x-ms-ratelimit-remaining-subscription-reads": "11731",
        "x-ms-request-id": "5dfa378c-3771-478b-833b-f85560eeb76f",
        "x-ms-routing-request-id": "SOUTHEASTASIA:20220118T051056Z:d00af43f-526f-4267-8852-e5697a6ad4af"
      },
      "ResponseBody": {
        "value": [
          {
            "sku": {
              "name": "Standard_GRS",
              "tier": "Standard"
            },
            "kind": "Storage",
            "id": "/subscriptions/db1ab6f0-4769-4b27-930e-01e2ef9c123c/resourceGroups/teststorageRG-9133/providers/Microsoft.Storage/storageAccounts/teststoragemgmt3597",
            "name": "teststoragemgmt3597",
            "type": "Microsoft.Storage/storageAccounts",
            "location": "eastus2",
            "tags": {
              "key1": "value1",
              "key2": "value2"
            },
            "properties": {
              "keyCreationTime": {
                "key1": "2022-01-18T05:10:36.0843140Z",
                "key2": "2022-01-18T05:10:36.0843140Z"
              },
              "privateEndpointConnections": [],
              "networkAcls": {
                "bypass": "AzureServices",
                "virtualNetworkRules": [],
                "ipRules": [],
                "defaultAction": "Allow"
              },
              "supportsHttpsTrafficOnly": true,
              "encryption": {
                "services": {
                  "file": {
                    "keyType": "Account",
                    "enabled": true,
                    "lastEnabledTime": "2022-01-18T05:10:36.0999380Z"
                  },
                  "blob": {
                    "keyType": "Account",
                    "enabled": true,
                    "lastEnabledTime": "2022-01-18T05:10:36.0999380Z"
                  }
                },
                "keySource": "Microsoft.Storage"
              },
              "provisioningState": "Succeeded",
              "creationTime": "2022-01-18T05:10:35.9593101Z",
              "primaryEndpoints": {
                "blob": "https://teststoragemgmt3597.blob.core.windows.net/",
                "queue": "https://teststoragemgmt3597.queue.core.windows.net/",
                "table": "https://teststoragemgmt3597.table.core.windows.net/",
                "file": "https://teststoragemgmt3597.file.core.windows.net/"
              },
              "primaryLocation": "eastus2",
              "statusOfPrimary": "available",
              "secondaryLocation": "centralus",
              "statusOfSecondary": "available"
            }
          }
        ]
      }
    },
    {
      "RequestUri": "https://management.azure.com/subscriptions/db1ab6f0-4769-4b27-930e-01e2ef9c123c/resourceGroups/teststorageRG-9133/providers/Microsoft.Storage/storageAccounts/teststoragemgmt3597?api-version=2021-08-01",
      "RequestMethod": "DELETE",
      "RequestHeaders": {
        "Authorization": "Sanitized",
        "User-Agent": "azsdk-net-ResourceManager.Storage/1.0.0-alpha.20220118.1 (.NET Framework 4.8.4420.0; Microsoft Windows 10.0.19043 )",
        "x-ms-client-request-id": "d5228cb01c2025ac783a205005cd6404",
        "x-ms-return-client-request-id": "true"
      },
      "RequestBody": null,
      "StatusCode": 200,
      "ResponseHeaders": {
        "Cache-Control": "no-cache",
        "Content-Length": "0",
        "Content-Type": "text/plain; charset=utf-8",
        "Date": "Tue, 18 Jan 2022 05:11:01 GMT",
        "Expires": "-1",
        "Pragma": "no-cache",
        "Server": "Microsoft-Azure-Storage-Resource-Provider/1.0,Microsoft-HTTPAPI/2.0 Microsoft-HTTPAPI/2.0",
        "Strict-Transport-Security": "max-age=31536000; includeSubDomains",
        "X-Content-Type-Options": "nosniff",
        "x-ms-client-request-id": "d5228cb01c2025ac783a205005cd6404",
        "x-ms-correlation-request-id": "50a74f03-7058-4948-8a49-201fa10ecaeb",
        "x-ms-ratelimit-remaining-subscription-deletes": "14986",
        "x-ms-request-id": "0966ac67-a15b-48a2-9386-6826963943e1",
        "x-ms-routing-request-id": "SOUTHEASTASIA:20220118T051102Z:50a74f03-7058-4948-8a49-201fa10ecaeb"
      },
      "ResponseBody": []
    }
  ],
  "Variables": {
    "RandomSeed": "1202644496",
    "RESOURCE_MANAGER_URL": null,
    "SUBSCRIPTION_ID": "db1ab6f0-4769-4b27-930e-01e2ef9c123c"
  }
}