{
  "Entries": [
    {
      "RequestUri": "https://management.azure.com/subscriptions/db1ab6f0-4769-4b27-930e-01e2ef9c123c?api-version=2021-01-01",
      "RequestMethod": "GET",
      "RequestHeaders": {
        "Accept": "application/json",
        "Authorization": "Sanitized",
        "traceparent": "00-bbc2cd9158fdc55063637c45e285e05a-9ca2b9e82ee4e294-00",
        "User-Agent": "azsdk-net-ResourceManager/1.3.1 (.NET 6.0.9; Microsoft Windows 10.0.22623)",
        "x-ms-client-request-id": "d353ce832f8419a6be36b96503a6e7a6",
        "x-ms-return-client-request-id": "true"
      },
      "RequestBody": null,
      "StatusCode": 200,
      "ResponseHeaders": {
        "Cache-Control": "no-cache",
        "Content-Length": "747",
        "Content-Type": "application/json; charset=utf-8",
        "Date": "Mon, 03 Oct 2022 03:48:00 GMT",
        "Expires": "-1",
        "Pragma": "no-cache",
        "Strict-Transport-Security": "max-age=31536000; includeSubDomains",
        "X-Content-Type-Options": "nosniff",
        "x-ms-correlation-request-id": "7dc2d275-d55d-4ee3-b114-3e1c59eed543",
        "x-ms-ratelimit-remaining-subscription-reads": "11994",
        "x-ms-request-id": "7dc2d275-d55d-4ee3-b114-3e1c59eed543",
        "x-ms-routing-request-id": "JAPANEAST:20221003T034800Z:7dc2d275-d55d-4ee3-b114-3e1c59eed543"
      },
      "ResponseBody": {
        "id": "/subscriptions/db1ab6f0-4769-4b27-930e-01e2ef9c123c",
        "authorizationSource": "RoleBased",
        "managedByTenants": [],
        "tags": {
          "TagKey-9823": "TagValue-566",
          "TagKey-3481": "TagValue-320",
          "TagKey-4926": "TagValue-1187",
          "TagKey-751": "TagValue-3921",
          "TagKey-1866": "TagValue-8559",
          "TagKey-3094": "TagValue-9190",
          "TagKey-2449": "TagValue-9",
          "TagKey-8379": "TagValue-164",
          "TagKey-7470": "TagValue-2205",
          "TagKey-4236": "TagValue-3698",
          "TagKey-5316": "TagValue-2725"
        },
        "subscriptionId": "db1ab6f0-4769-4b27-930e-01e2ef9c123c",
        "tenantId": "72f988bf-86f1-41af-91ab-2d7cd011db47",
        "displayName": ".NET Mgmt SDK Test with TTL = 1 Day",
        "state": "Enabled",
        "subscriptionPolicies": {
          "locationPlacementId": "Internal_2014-09-01",
          "quotaId": "Internal_2014-09-01",
          "spendingLimit": "Off"
        }
      }
    },
    {
      "RequestUri": "https://management.azure.com/subscriptions/db1ab6f0-4769-4b27-930e-01e2ef9c123c/resourcegroups/testRG-9086?api-version=2021-04-01",
      "RequestMethod": "PUT",
      "RequestHeaders": {
        "Accept": "application/json",
        "Authorization": "Sanitized",
        "Content-Length": "43",
        "Content-Type": "application/json",
        "traceparent": "00-5b9e2aa2cb86662ef6cf1228ce2acde1-4584dfee90532418-00",
        "User-Agent": "azsdk-net-ResourceManager/1.3.1 (.NET 6.0.9; Microsoft Windows 10.0.22623)",
        "x-ms-client-request-id": "f691e2d71eb107fe734ba917a43b92f1",
        "x-ms-return-client-request-id": "true"
      },
      "RequestBody": {
        "tags": {
          "test": "env"
        },
        "location": "eastus"
      },
      "StatusCode": 201,
      "ResponseHeaders": {
        "Cache-Control": "no-cache",
        "Content-Length": "241",
        "Content-Type": "application/json; charset=utf-8",
        "Date": "Mon, 03 Oct 2022 03:48:02 GMT",
        "Expires": "-1",
        "Pragma": "no-cache",
        "Strict-Transport-Security": "max-age=31536000; includeSubDomains",
        "X-Content-Type-Options": "nosniff",
        "x-ms-correlation-request-id": "78b182d5-4715-43a0-b5c8-355e700a4d9d",
        "x-ms-ratelimit-remaining-subscription-writes": "1199",
        "x-ms-request-id": "78b182d5-4715-43a0-b5c8-355e700a4d9d",
        "x-ms-routing-request-id": "JAPANEAST:20221003T034802Z:78b182d5-4715-43a0-b5c8-355e700a4d9d"
      },
      "ResponseBody": {
        "id": "/subscriptions/db1ab6f0-4769-4b27-930e-01e2ef9c123c/resourceGroups/testRG-9086",
        "name": "testRG-9086",
        "type": "Microsoft.Resources/resourceGroups",
        "location": "eastus",
        "tags": {
          "test": "env"
        },
        "properties": {
          "provisioningState": "Succeeded"
        }
      }
    },
    {
      "RequestUri": "https://management.azure.com/subscriptions/db1ab6f0-4769-4b27-930e-01e2ef9c123c/resourceGroups/testRG-9086/providers/Microsoft.Compute/hostGroups/testDHG-6513?api-version=2022-08-01",
      "RequestMethod": "PUT",
      "RequestHeaders": {
        "Accept": "application/json",
        "Authorization": "Sanitized",
        "Content-Length": "75",
        "Content-Type": "application/json",
        "traceparent": "00-181abfdd54abb5c5d3f5e11241fe8b4d-03c530572532921f-00",
        "User-Agent": "azsdk-net-ResourceManager.Compute/1.1.0-alpha.20221003.1 (.NET 6.0.9; Microsoft Windows 10.0.22623)",
        "x-ms-client-request-id": "b610238320afc5872922d56dd2dea23b",
        "x-ms-return-client-request-id": "true"
      },
      "RequestBody": {
        "tags": {},
        "location": "eastus",
        "properties": {
          "platformFaultDomainCount": 2
        }
      },
      "StatusCode": 201,
      "ResponseHeaders": {
        "Cache-Control": "no-cache",
        "Content-Length": "357",
        "Content-Type": "application/json; charset=utf-8",
        "Date": "Mon, 03 Oct 2022 03:48:05 GMT",
        "Expires": "-1",
        "Pragma": "no-cache",
        "Server": [
          "Microsoft-HTTPAPI/2.0",
          "Microsoft-HTTPAPI/2.0"
        ],
        "Strict-Transport-Security": "max-age=31536000; includeSubDomains",
        "X-Content-Type-Options": "nosniff",
        "x-ms-client-request-id": "b610238320afc5872922d56dd2dea23b",
        "x-ms-correlation-request-id": "76acb78c-2205-4460-9fe2-1b7ce6c8306d",
        "x-ms-ratelimit-remaining-resource": "Microsoft.Compute/PutDeleteDedicatedHost3Min;116,Microsoft.Compute/PutDeleteDedicatedHost30Min;544",
        "x-ms-ratelimit-remaining-subscription-writes": "1198",
        "x-ms-request-id": "155f8693-21a2-44f8-81ff-f5d9151363ca",
        "x-ms-routing-request-id": "JAPANEAST:20221003T034806Z:76acb78c-2205-4460-9fe2-1b7ce6c8306d"
      },
      "ResponseBody": {
        "name": "testDHG-6513",
        "id": "/subscriptions/db1ab6f0-4769-4b27-930e-01e2ef9c123c/resourceGroups/TESTRG-9086/providers/Microsoft.Compute/hostGroups/testDHG-6513",
        "type": "Microsoft.Compute/hostGroups",
        "location": "eastus",
        "tags": {},
        "properties": {
          "platformFaultDomainCount": 2,
          "supportAutomaticPlacement": false
        }
      }
    },
    {
      "RequestUri": "https://management.azure.com/subscriptions/db1ab6f0-4769-4b27-930e-01e2ef9c123c/resourceGroups/TESTRG-9086/providers/Microsoft.Compute/hostGroups/testDHG-6513/hosts/testHost-143?api-version=2022-08-01",
      "RequestMethod": "PUT",
      "RequestHeaders": {
        "Accept": "application/json",
        "Authorization": "Sanitized",
        "Content-Length": "98",
        "Content-Type": "application/json",
        "traceparent": "00-968636989e5c2164ff49d149f7f58517-e89ba3b49d9186e7-00",
        "User-Agent": "azsdk-net-ResourceManager.Compute/1.1.0-alpha.20221003.1 (.NET 6.0.9; Microsoft Windows 10.0.22623)",
        "x-ms-client-request-id": "814280871c8cd5347cbb5b6fa6917dd3",
        "x-ms-return-client-request-id": "true"
      },
      "RequestBody": {
        "sku": {
          "name": "DSv3-Type1"
        },
        "tags": {},
        "location": "eastus",
        "properties": {
          "platformFaultDomain": 0
        }
      },
      "StatusCode": 201,
      "ResponseHeaders": {
        "Azure-AsyncNotification": "Enabled",
        "Azure-AsyncOperation": "https://management.azure.com/subscriptions/db1ab6f0-4769-4b27-930e-01e2ef9c123c/providers/Microsoft.Compute/locations/eastus/operations/264f1902-1056-4750-88d5-4d7cda8e1f8b?p=6a5473bf-f845-44a5-b675-411600120563\u0026api-version=2022-08-01",
        "Cache-Control": "no-cache",
        "Content-Length": "565",
        "Content-Type": "application/json; charset=utf-8",
        "Date": "Mon, 03 Oct 2022 03:48:08 GMT",
        "Expires": "-1",
        "Pragma": "no-cache",
        "Server": [
          "Microsoft-HTTPAPI/2.0",
          "Microsoft-HTTPAPI/2.0"
        ],
        "Strict-Transport-Security": "max-age=31536000; includeSubDomains",
        "X-Content-Type-Options": "nosniff",
        "x-ms-client-request-id": "814280871c8cd5347cbb5b6fa6917dd3",
        "x-ms-correlation-request-id": "34b570e0-ebed-459f-90ab-11e91680ec6f",
        "x-ms-ratelimit-remaining-resource": "Microsoft.Compute/PutDeleteDedicatedHost3Min;115,Microsoft.Compute/PutDeleteDedicatedHost30Min;543",
        "x-ms-ratelimit-remaining-subscription-writes": "1197",
        "x-ms-request-id": "264f1902-1056-4750-88d5-4d7cda8e1f8b",
        "x-ms-routing-request-id": "JAPANEAST:20221003T034808Z:34b570e0-ebed-459f-90ab-11e91680ec6f"
      },
      "ResponseBody": {
        "name": "testHost-143",
        "id": "/subscriptions/db1ab6f0-4769-4b27-930e-01e2ef9c123c/resourceGroups/TESTRG-9086/providers/Microsoft.Compute/hostGroups/testDHG-6513/hosts/testHost-143",
        "type": "Microsoft.Compute/hostGroups/hosts",
        "location": "eastus",
        "tags": {},
        "sku": {
          "name": "DSv3-Type1"
        },
        "properties": {
          "platformFaultDomain": 0,
          "autoReplaceOnFailure": true,
          "hostId": "d450738b-8737-488c-a435-0d81acec7498",
          "provisioningState": "Creating",
          "timeCreated": "2022-10-03T03:48:07.9222374\u002B00:00"
        }
      }
    },
    {
      "RequestUri": "https://management.azure.com/subscriptions/db1ab6f0-4769-4b27-930e-01e2ef9c123c/providers/Microsoft.Compute/locations/eastus/operations/264f1902-1056-4750-88d5-4d7cda8e1f8b?p=6a5473bf-f845-44a5-b675-411600120563\u0026api-version=2022-08-01",
      "RequestMethod": "GET",
      "RequestHeaders": {
        "Authorization": "Sanitized",
        "traceparent": "00-968636989e5c2164ff49d149f7f58517-cd21cab6f8c5529c-00",
        "User-Agent": "azsdk-net-ResourceManager/1.3.1 (.NET 6.0.9; Microsoft Windows 10.0.22623)",
        "x-ms-client-request-id": "bb1d776d704f06f6dce132652b568391",
        "x-ms-return-client-request-id": "true"
      },
      "RequestBody": null,
      "StatusCode": 200,
      "ResponseHeaders": {
        "Cache-Control": "no-cache",
        "Content-Length": "134",
        "Content-Type": "application/json; charset=utf-8",
        "Date": "Mon, 03 Oct 2022 03:48:08 GMT",
        "Expires": "-1",
        "Pragma": "no-cache",
        "Server": [
          "Microsoft-HTTPAPI/2.0",
          "Microsoft-HTTPAPI/2.0"
        ],
        "Strict-Transport-Security": "max-age=31536000; includeSubDomains",
        "X-Content-Type-Options": "nosniff",
        "x-ms-client-request-id": "bb1d776d704f06f6dce132652b568391",
        "x-ms-correlation-request-id": "b9677826-4bc1-4973-a726-85275786b35c",
        "x-ms-ratelimit-remaining-resource": "Microsoft.Compute/GetOperation3Min;14997,Microsoft.Compute/GetOperation30Min;29978",
        "x-ms-ratelimit-remaining-subscription-reads": "11993",
        "x-ms-request-id": "7e866d3c-47b5-403b-aaed-925faa239559",
        "x-ms-routing-request-id": "JAPANEAST:20221003T034809Z:b9677826-4bc1-4973-a726-85275786b35c"
      },
      "ResponseBody": {
        "startTime": "2022-10-03T03:48:07.8753601\u002B00:00",
        "status": "InProgress",
        "name": "264f1902-1056-4750-88d5-4d7cda8e1f8b"
      }
    },
    {
      "RequestUri": "https://management.azure.com/subscriptions/db1ab6f0-4769-4b27-930e-01e2ef9c123c/providers/Microsoft.Compute/locations/eastus/operations/264f1902-1056-4750-88d5-4d7cda8e1f8b?p=6a5473bf-f845-44a5-b675-411600120563\u0026api-version=2022-08-01",
      "RequestMethod": "GET",
      "RequestHeaders": {
        "Authorization": "Sanitized",
        "traceparent": "00-968636989e5c2164ff49d149f7f58517-5683287637484665-00",
        "User-Agent": "azsdk-net-ResourceManager/1.3.1 (.NET 6.0.9; Microsoft Windows 10.0.22623)",
        "x-ms-client-request-id": "bcc19957a5dee073cae8b6c08deb4447",
        "x-ms-return-client-request-id": "true"
      },
      "RequestBody": null,
      "StatusCode": 200,
      "ResponseHeaders": {
        "Cache-Control": "no-cache",
        "Content-Length": "183",
        "Content-Type": "application/json; charset=utf-8",
        "Date": "Mon, 03 Oct 2022 03:48:09 GMT",
        "Expires": "-1",
        "Pragma": "no-cache",
        "Server": [
          "Microsoft-HTTPAPI/2.0",
          "Microsoft-HTTPAPI/2.0"
        ],
        "Strict-Transport-Security": "max-age=31536000; includeSubDomains",
        "X-Content-Type-Options": "nosniff",
        "x-ms-client-request-id": "bcc19957a5dee073cae8b6c08deb4447",
        "x-ms-correlation-request-id": "0ef7c524-35da-461f-8c3a-784c3d9278dd",
        "x-ms-ratelimit-remaining-resource": "Microsoft.Compute/GetOperation3Min;14996,Microsoft.Compute/GetOperation30Min;29977",
        "x-ms-ratelimit-remaining-subscription-reads": "11992",
        "x-ms-request-id": "7258182d-2abc-4431-b661-afa7d3af2ff2",
        "x-ms-routing-request-id": "JAPANEAST:20221003T034810Z:0ef7c524-35da-461f-8c3a-784c3d9278dd"
      },
      "ResponseBody": {
        "startTime": "2022-10-03T03:48:07.8753601\u002B00:00",
        "endTime": "2022-10-03T03:48:09.250393\u002B00:00",
        "status": "Succeeded",
        "name": "264f1902-1056-4750-88d5-4d7cda8e1f8b"
      }
    },
    {
      "RequestUri": "https://management.azure.com/subscriptions/db1ab6f0-4769-4b27-930e-01e2ef9c123c/resourceGroups/TESTRG-9086/providers/Microsoft.Compute/hostGroups/testDHG-6513/hosts/testHost-143?api-version=2022-08-01",
      "RequestMethod": "GET",
      "RequestHeaders": {
        "Authorization": "Sanitized",
        "traceparent": "00-968636989e5c2164ff49d149f7f58517-02b0c4b5605847e0-00",
        "User-Agent": "azsdk-net-ResourceManager/1.3.1 (.NET 6.0.9; Microsoft Windows 10.0.22623)",
        "x-ms-client-request-id": "2f01b326c274a1842cbcb94b74512e74",
        "x-ms-return-client-request-id": "true"
      },
      "RequestBody": null,
      "StatusCode": 200,
      "ResponseHeaders": {
        "Cache-Control": "no-cache",
        "Content-Length": "656",
        "Content-Type": "application/json; charset=utf-8",
        "Date": "Mon, 03 Oct 2022 03:48:10 GMT",
        "Expires": "-1",
        "Pragma": "no-cache",
        "Server": [
          "Microsoft-HTTPAPI/2.0",
          "Microsoft-HTTPAPI/2.0"
        ],
        "Strict-Transport-Security": "max-age=31536000; includeSubDomains",
        "X-Content-Type-Options": "nosniff",
        "x-ms-client-request-id": "2f01b326c274a1842cbcb94b74512e74",
        "x-ms-correlation-request-id": "f1a1ded3-7ca6-4735-8d62-35f30d695bfa",
        "x-ms-ratelimit-remaining-resource": "Microsoft.Compute/GetDedicatedHost3Min;191,Microsoft.Compute/GetDedicatedHost30Min;875",
        "x-ms-ratelimit-remaining-subscription-reads": "11991",
        "x-ms-request-id": "ad7eaee8-af4b-4aa7-9ef2-ab57b832cef3",
        "x-ms-routing-request-id": "JAPANEAST:20221003T034810Z:f1a1ded3-7ca6-4735-8d62-35f30d695bfa"
      },
      "ResponseBody": {
        "name": "testHost-143",
        "id": "/subscriptions/db1ab6f0-4769-4b27-930e-01e2ef9c123c/resourceGroups/TESTRG-9086/providers/Microsoft.Compute/hostGroups/testDHG-6513/hosts/testHost-143",
        "type": "Microsoft.Compute/hostGroups/hosts",
        "location": "eastus",
        "tags": {},
        "sku": {
          "name": "DSv3-Type1"
        },
        "properties": {
          "platformFaultDomain": 0,
          "autoReplaceOnFailure": true,
          "hostId": "d450738b-8737-488c-a435-0d81acec7498",
          "virtualMachines": [],
          "provisioningTime": "2022-10-03T03:48:09.1878988\u002B00:00",
          "provisioningState": "Succeeded",
          "timeCreated": "2022-10-03T03:48:07.9222374\u002B00:00"
        }
      }
    }
  ],
  "Variables": {
    "AZURE_AUTHORITY_HOST": "https://login.microsoftonline.com",
    "RandomSeed": "457699066",
    "RESOURCE_MANAGER_URL": null,
    "SUBSCRIPTION_ID": "db1ab6f0-4769-4b27-930e-01e2ef9c123c"
  }
}
