{
  "Entries": [
    {
      "RequestUri": "/subscriptions/2aa30309-3723-4112-bd0b-79e9f65fc52d/resourcegroups/res3994?api-version=2015-11-01",
      "EncodedRequestUri": "L3N1YnNjcmlwdGlvbnMvMmFhMzAzMDktMzcyMy00MTEyLWJkMGItNzllOWY2NWZjNTJkL3Jlc291cmNlZ3JvdXBzL3JlczM5OTQ/YXBpLXZlcnNpb249MjAxNS0xMS0wMQ==",
      "RequestMethod": "PUT",
      "RequestBody": "{\r\n  \"location\": \"eastasia\"\r\n}",
      "RequestHeaders": {
        "Content-Type": [
          "application/json; charset=utf-8"
        ],
        "Content-Length": [
          "30"
        ],
        "x-ms-client-request-id": [
          "7ec58e8b-e6bc-4842-ad6d-9a5fbc8c47fa"
        ],
        "accept-language": [
          "en-US"
        ],
        "User-Agent": [
          "FxVersion/4.6.24410.01",
          "Microsoft.Azure.Management.Resources.ResourceManagementClient/1.0.0-preview"
        ]
      },
      "ResponseBody": "{\r\n  \"id\": \"/subscriptions/2aa30309-3723-4112-bd0b-79e9f65fc52d/resourceGroups/res3994\",\r\n  \"name\": \"res3994\",\r\n  \"location\": \"eastasia\",\r\n  \"properties\": {\r\n    \"provisioningState\": \"Succeeded\"\r\n  }\r\n}",
      "ResponseHeaders": {
        "Content-Length": [
          "169"
        ],
        "Content-Type": [
          "application/json; charset=utf-8"
        ],
        "Expires": [
          "-1"
        ],
        "Cache-Control": [
          "no-cache"
        ],
        "Date": [
          "Wed, 30 Nov 2016 09:03:57 GMT"
        ],
        "Pragma": [
          "no-cache"
        ],
        "x-ms-ratelimit-remaining-subscription-writes": [
          "1199"
        ],
        "x-ms-request-id": [
          "b4b61209-d376-4b47-b4c1-e3e3d2ff69c0"
        ],
        "x-ms-correlation-request-id": [
          "b4b61209-d376-4b47-b4c1-e3e3d2ff69c0"
        ],
        "x-ms-routing-request-id": [
          "SOUTHEASTASIA:20161130T090357Z:b4b61209-d376-4b47-b4c1-e3e3d2ff69c0"
        ],
        "Strict-Transport-Security": [
          "max-age=31536000; includeSubDomains"
        ]
      },
      "StatusCode": 201
    },
    {
      "RequestUri": "/subscriptions/2aa30309-3723-4112-bd0b-79e9f65fc52d/resourceGroups/res3994/providers/Microsoft.Storage/storageAccounts/missingaccount?api-version=2016-05-01",
      "EncodedRequestUri": "L3N1YnNjcmlwdGlvbnMvMmFhMzAzMDktMzcyMy00MTEyLWJkMGItNzllOWY2NWZjNTJkL3Jlc291cmNlR3JvdXBzL3JlczM5OTQvcHJvdmlkZXJzL01pY3Jvc29mdC5TdG9yYWdlL3N0b3JhZ2VBY2NvdW50cy9taXNzaW5nYWNjb3VudD9hcGktdmVyc2lvbj0yMDE2LTA1LTAx",
      "RequestMethod": "DELETE",
      "RequestBody": "",
      "RequestHeaders": {
        "x-ms-client-request-id": [
          "5a8bffc7-f9ab-4f48-bea8-5b0795a8ae13"
        ],
        "accept-language": [
          "en-US"
        ],
        "User-Agent": [
          "FxVersion/4.6.24410.01",
          "Microsoft.Azure.Management.Storage.StorageManagement/6.0.0-preview"
        ]
      },
      "ResponseBody": "",
      "ResponseHeaders": {
        "Expires": [
          "-1"
        ],
        "Cache-Control": [
          "no-cache"
        ],
        "Date": [
          "Wed, 30 Nov 2016 09:03:57 GMT"
        ],
        "Pragma": [
          "no-cache"
        ],
        "x-ms-ratelimit-remaining-subscription-writes": [
          "1198"
        ],
        "x-ms-request-id": [
          "3083eb43-8c1e-4247-b695-39670dbf82db"
        ],
        "x-ms-correlation-request-id": [
          "3083eb43-8c1e-4247-b695-39670dbf82db"
        ],
        "x-ms-routing-request-id": [
          "SOUTHEASTASIA:20161130T090358Z:3083eb43-8c1e-4247-b695-39670dbf82db"
        ],
        "Strict-Transport-Security": [
          "max-age=31536000; includeSubDomains"
        ]
      },
      "StatusCode": 204
    },
    {
      "RequestUri": "/subscriptions/2aa30309-3723-4112-bd0b-79e9f65fc52d/resourceGroups/res3994/providers/Microsoft.Storage/storageAccounts/sto1916?api-version=2016-05-01",
      "EncodedRequestUri": "L3N1YnNjcmlwdGlvbnMvMmFhMzAzMDktMzcyMy00MTEyLWJkMGItNzllOWY2NWZjNTJkL3Jlc291cmNlR3JvdXBzL3JlczM5OTQvcHJvdmlkZXJzL01pY3Jvc29mdC5TdG9yYWdlL3N0b3JhZ2VBY2NvdW50cy9zdG8xOTE2P2FwaS12ZXJzaW9uPTIwMTYtMDUtMDE=",
      "RequestMethod": "PUT",
      "RequestBody": "{\r\n  \"sku\": {\r\n    \"name\": \"Standard_GRS\"\r\n  },\r\n  \"kind\": \"Storage\",\r\n  \"location\": \"eastasia\",\r\n  \"tags\": {\r\n    \"key1\": \"value1\",\r\n    \"key2\": \"value2\"\r\n  }\r\n}",
      "RequestHeaders": {
        "Content-Type": [
          "application/json; charset=utf-8"
        ],
        "Content-Length": [
          "162"
        ],
        "x-ms-client-request-id": [
          "e1674273-99ca-4b05-8949-30574cfd7a24"
        ],
        "accept-language": [
          "en-US"
        ],
        "User-Agent": [
          "FxVersion/4.6.24410.01",
          "Microsoft.Azure.Management.Storage.StorageManagement/6.0.0-preview"
        ]
      },
      "ResponseBody": "",
      "ResponseHeaders": {
        "Content-Length": [
          "0"
        ],
        "Expires": [
          "-1"
        ],
        "Cache-Control": [
          "no-cache"
        ],
        "Date": [
          "Wed, 30 Nov 2016 09:03:59 GMT"
        ],
        "Pragma": [
          "no-cache"
        ],
        "Location": [
          "https://management.azure.com/subscriptions/2aa30309-3723-4112-bd0b-79e9f65fc52d/providers/Microsoft.Storage/operations/409bc604-d4fa-4bb0-a08c-c352a7348152?monitor=true&api-version=2016-05-01"
        ],
        "Retry-After": [
          "17"
        ],
        "Server": [
          "Microsoft-Azure-Storage-Resource-Provider/1.0",
          "Microsoft-HTTPAPI/2.0"
        ],
        "x-ms-ratelimit-remaining-subscription-writes": [
          "1197"
        ],
        "x-ms-request-id": [
          "86d23bb5-f8d5-4ded-8dec-3be64e1f0605"
        ],
        "x-ms-correlation-request-id": [
          "86d23bb5-f8d5-4ded-8dec-3be64e1f0605"
        ],
        "x-ms-routing-request-id": [
          "SOUTHEASTASIA:20161130T090400Z:86d23bb5-f8d5-4ded-8dec-3be64e1f0605"
        ],
        "Strict-Transport-Security": [
          "max-age=31536000; includeSubDomains"
        ]
      },
      "StatusCode": 202
    },
    {
      "RequestUri": "/subscriptions/2aa30309-3723-4112-bd0b-79e9f65fc52d/providers/Microsoft.Storage/operations/409bc604-d4fa-4bb0-a08c-c352a7348152?monitor=true&api-version=2016-05-01",
      "EncodedRequestUri": "L3N1YnNjcmlwdGlvbnMvMmFhMzAzMDktMzcyMy00MTEyLWJkMGItNzllOWY2NWZjNTJkL3Byb3ZpZGVycy9NaWNyb3NvZnQuU3RvcmFnZS9vcGVyYXRpb25zLzQwOWJjNjA0LWQ0ZmEtNGJiMC1hMDhjLWMzNTJhNzM0ODE1Mj9tb25pdG9yPXRydWUmYXBpLXZlcnNpb249MjAxNi0wNS0wMQ==",
      "RequestMethod": "GET",
      "RequestBody": "",
      "RequestHeaders": {
        "User-Agent": [
          "FxVersion/4.6.24410.01",
          "Microsoft.Azure.Management.Storage.StorageManagement/6.0.0-preview"
        ]
      },
      "ResponseBody": "{\r\n  \"id\": \"/subscriptions/2aa30309-3723-4112-bd0b-79e9f65fc52d/resourceGroups/res3994/providers/Microsoft.Storage/storageAccounts/sto1916\",\r\n  \"kind\": \"Storage\",\r\n  \"location\": \"eastasia\",\r\n  \"name\": \"sto1916\",\r\n  \"properties\": {\r\n    \"creationTime\": \"2016-11-30T09:04:00.141725Z\",\r\n    \"primaryEndpoints\": {\r\n      \"blob\": \"https://sto1916.blob.core.windows.net/\",\r\n      \"file\": \"https://sto1916.file.core.windows.net/\",\r\n      \"queue\": \"https://sto1916.queue.core.windows.net/\",\r\n      \"table\": \"https://sto1916.table.core.windows.net/\"\r\n    },\r\n    \"primaryLocation\": \"eastasia\",\r\n    \"provisioningState\": \"Succeeded\",\r\n    \"secondaryLocation\": \"southeastasia\",\r\n    \"statusOfPrimary\": \"available\",\r\n    \"statusOfSecondary\": \"available\"\r\n  },\r\n  \"sku\": {\r\n    \"name\": \"Standard_GRS\",\r\n    \"tier\": \"Standard\"\r\n  },\r\n  \"tags\": {\r\n    \"key1\": \"value1\",\r\n    \"key2\": \"value2\"\r\n  },\r\n  \"type\": \"Microsoft.Storage/storageAccounts\"\r\n}",
      "ResponseHeaders": {
        "Content-Type": [
          "application/json"
        ],
        "Expires": [
          "-1"
        ],
        "Cache-Control": [
          "no-cache"
        ],
        "Date": [
          "Wed, 30 Nov 2016 09:04:30 GMT"
        ],
        "Pragma": [
          "no-cache"
        ],
        "Transfer-Encoding": [
          "chunked"
        ],
        "Server": [
          "Microsoft-Azure-Storage-Resource-Provider/1.0",
          "Microsoft-HTTPAPI/2.0"
        ],
        "Vary": [
          "Accept-Encoding"
        ],
        "x-ms-request-id": [
          "40e6ce48-94c8-4f71-b2dc-08946abbbc50"
        ],
        "x-ms-ratelimit-remaining-subscription-reads": [
          "14999"
        ],
        "x-ms-correlation-request-id": [
          "40e6ce48-94c8-4f71-b2dc-08946abbbc50"
        ],
        "x-ms-routing-request-id": [
          "SOUTHEASTASIA:20161130T090431Z:40e6ce48-94c8-4f71-b2dc-08946abbbc50"
        ],
        "Strict-Transport-Security": [
          "max-age=31536000; includeSubDomains"
        ]
      },
      "StatusCode": 200
    },
    {
      "RequestUri": "/subscriptions/2aa30309-3723-4112-bd0b-79e9f65fc52d/resourceGroups/res3994/providers/Microsoft.Storage/storageAccounts/sto1916?api-version=2016-05-01",
      "EncodedRequestUri": "L3N1YnNjcmlwdGlvbnMvMmFhMzAzMDktMzcyMy00MTEyLWJkMGItNzllOWY2NWZjNTJkL3Jlc291cmNlR3JvdXBzL3JlczM5OTQvcHJvdmlkZXJzL01pY3Jvc29mdC5TdG9yYWdlL3N0b3JhZ2VBY2NvdW50cy9zdG8xOTE2P2FwaS12ZXJzaW9uPTIwMTYtMDUtMDE=",
      "RequestMethod": "DELETE",
      "RequestBody": "",
      "RequestHeaders": {
        "x-ms-client-request-id": [
          "21cbfdee-2253-4137-b16f-0d7b43a0e437"
        ],
        "accept-language": [
          "en-US"
        ],
        "User-Agent": [
          "FxVersion/4.6.24410.01",
          "Microsoft.Azure.Management.Storage.StorageManagement/6.0.0-preview"
        ]
      },
      "ResponseBody": "",
      "ResponseHeaders": {
        "Content-Length": [
          "0"
        ],
        "Expires": [
          "-1"
        ],
        "Cache-Control": [
          "no-cache"
        ],
        "Date": [
          "Wed, 30 Nov 2016 09:04:31 GMT"
        ],
        "Pragma": [
          "no-cache"
        ],
        "Server": [
          "Microsoft-Azure-Storage-Resource-Provider/1.0",
          "Microsoft-HTTPAPI/2.0"
        ],
        "x-ms-ratelimit-remaining-subscription-writes": [
          "1196"
        ],
        "x-ms-request-id": [
          "27867b87-a97c-4602-ba68-582556c4bf6d"
        ],
        "x-ms-correlation-request-id": [
          "27867b87-a97c-4602-ba68-582556c4bf6d"
        ],
        "x-ms-routing-request-id": [
          "SOUTHEASTASIA:20161130T090432Z:27867b87-a97c-4602-ba68-582556c4bf6d"
        ],
        "Strict-Transport-Security": [
          "max-age=31536000; includeSubDomains"
        ]
      },
      "StatusCode": 200
    },
    {
      "RequestUri": "/subscriptions/2aa30309-3723-4112-bd0b-79e9f65fc52d/resourceGroups/res3994/providers/Microsoft.Storage/storageAccounts/sto1916?api-version=2016-05-01",
      "EncodedRequestUri": "L3N1YnNjcmlwdGlvbnMvMmFhMzAzMDktMzcyMy00MTEyLWJkMGItNzllOWY2NWZjNTJkL3Jlc291cmNlR3JvdXBzL3JlczM5OTQvcHJvdmlkZXJzL01pY3Jvc29mdC5TdG9yYWdlL3N0b3JhZ2VBY2NvdW50cy9zdG8xOTE2P2FwaS12ZXJzaW9uPTIwMTYtMDUtMDE=",
      "RequestMethod": "DELETE",
      "RequestBody": "",
      "RequestHeaders": {
        "x-ms-client-request-id": [
          "9596a30d-04b4-4a72-ab4b-f5cee161d2a4"
        ],
        "accept-language": [
          "en-US"
        ],
        "User-Agent": [
          "FxVersion/4.6.24410.01",
          "Microsoft.Azure.Management.Storage.StorageManagement/6.0.0-preview"
        ]
      },
      "ResponseBody": "",
      "ResponseHeaders": {
        "Expires": [
          "-1"
        ],
        "Cache-Control": [
          "no-cache"
        ],
        "Date": [
          "Wed, 30 Nov 2016 09:04:32 GMT"
        ],
        "Pragma": [
          "no-cache"
        ],
        "x-ms-ratelimit-remaining-subscription-writes": [
          "1195"
        ],
        "x-ms-request-id": [
          "8866165c-624c-48cd-b98b-3959506cec1a"
        ],
        "x-ms-correlation-request-id": [
          "8866165c-624c-48cd-b98b-3959506cec1a"
        ],
        "x-ms-routing-request-id": [
          "SOUTHEASTASIA:20161130T090432Z:8866165c-624c-48cd-b98b-3959506cec1a"
        ],
        "Strict-Transport-Security": [
          "max-age=31536000; includeSubDomains"
        ]
      },
      "StatusCode": 204
    }
  ],
  "Names": {
    "CreateResourceGroup": [
      "res3994"
    ],
    "CreateStorageAccount": [
      "sto1916"
    ]
  },
  "Variables": {
    "SubscriptionId": "2aa30309-3723-4112-bd0b-79e9f65fc52d"
  }
}