{
  "Entries": [
    {
      "RequestUri": "/subscriptions/ce4a7590-4722-4bcf-a2c6-e473e9f11778/resourcegroups/res1840?api-version=2015-11-01",
      "EncodedRequestUri": "L3N1YnNjcmlwdGlvbnMvY2U0YTc1OTAtNDcyMi00YmNmLWEyYzYtZTQ3M2U5ZjExNzc4L3Jlc291cmNlZ3JvdXBzL3JlczE4NDA/YXBpLXZlcnNpb249MjAxNS0xMS0wMQ==",
      "RequestMethod": "PUT",
      "RequestBody": "{\r\n  \"location\": \"eastus2euap\"\r\n}",
      "RequestHeaders": {
        "Content-Type": [
          "application/json; charset=utf-8"
        ],
        "Content-Length": [
          "33"
        ],
        "x-ms-client-request-id": [
          "b2c955ab-2d36-4d7a-b2b7-117fc2417b01"
        ],
        "accept-language": [
          "en-US"
        ],
        "User-Agent": [
          "FxVersion/4.6.24410.01",
          "Microsoft.Azure.Management.Resources.ResourceManagementClient/1.0.0-preview"
        ]
      },
      "ResponseBody": "{\r\n  \"id\": \"/subscriptions/ce4a7590-4722-4bcf-a2c6-e473e9f11778/resourceGroups/res1840\",\r\n  \"name\": \"res1840\",\r\n  \"location\": \"eastus2euap\",\r\n  \"properties\": {\r\n    \"provisioningState\": \"Succeeded\"\r\n  }\r\n}",
      "ResponseHeaders": {
        "Content-Length": [
          "172"
        ],
        "Content-Type": [
          "application/json; charset=utf-8"
        ],
        "Expires": [
          "-1"
        ],
        "Cache-Control": [
          "no-cache"
        ],
        "Date": [
          "Thu, 19 Jan 2017 08:24:33 GMT"
        ],
        "Pragma": [
          "no-cache"
        ],
        "x-ms-ratelimit-remaining-subscription-writes": [
          "1195"
        ],
        "x-ms-request-id": [
          "aff3b698-f405-4612-a45d-52e40764ba7e"
        ],
        "x-ms-correlation-request-id": [
          "aff3b698-f405-4612-a45d-52e40764ba7e"
        ],
        "x-ms-routing-request-id": [
          "JAPANEAST:20170119T082433Z:aff3b698-f405-4612-a45d-52e40764ba7e"
        ],
        "Strict-Transport-Security": [
          "max-age=31536000; includeSubDomains"
        ]
      },
      "StatusCode": 201
    },
    {
      "RequestUri": "/subscriptions/ce4a7590-4722-4bcf-a2c6-e473e9f11778/resourceGroups/res1840/providers/Microsoft.Storage/storageAccounts/sto3804?api-version=2016-12-01",
      "EncodedRequestUri": "L3N1YnNjcmlwdGlvbnMvY2U0YTc1OTAtNDcyMi00YmNmLWEyYzYtZTQ3M2U5ZjExNzc4L3Jlc291cmNlR3JvdXBzL3JlczE4NDAvcHJvdmlkZXJzL01pY3Jvc29mdC5TdG9yYWdlL3N0b3JhZ2VBY2NvdW50cy9zdG8zODA0P2FwaS12ZXJzaW9uPTIwMTYtMTItMDE=",
      "RequestMethod": "PUT",
      "RequestBody": "{\r\n  \"sku\": {\r\n    \"name\": \"Standard_GRS\"\r\n  },\r\n  \"kind\": \"Storage\",\r\n  \"location\": \"eastus2euap\",\r\n  \"tags\": {\r\n    \"key1\": \"value1\",\r\n    \"key2\": \"value2\"\r\n  }\r\n}",
      "RequestHeaders": {
        "Content-Type": [
          "application/json; charset=utf-8"
        ],
        "Content-Length": [
          "165"
        ],
        "x-ms-client-request-id": [
          "3e948a1b-9962-4b27-adbb-24f8e8b2b928"
        ],
        "accept-language": [
          "en-US"
        ],
        "User-Agent": [
          "FxVersion/4.6.24410.01",
          "Microsoft.Azure.Management.Storage.StorageManagementClient/6.1.0-preview"
        ]
      },
      "ResponseBody": "",
      "ResponseHeaders": {
        "Content-Length": [
          "0"
        ],
        "Expires": [
          "-1"
        ],
        "Cache-Control": [
          "no-cache"
        ],
        "Date": [
          "Thu, 19 Jan 2017 08:24:34 GMT"
        ],
        "Pragma": [
          "no-cache"
        ],
        "Location": [
          "https://management.azure.com/subscriptions/ce4a7590-4722-4bcf-a2c6-e473e9f11778/providers/Microsoft.Storage/operations/295cbcea-be57-4147-bf0c-52492941c767?monitor=true&api-version=2016-12-01"
        ],
        "Retry-After": [
          "17"
        ],
        "Server": [
          "Microsoft-Azure-Storage-Resource-Provider/1.0",
          "Microsoft-HTTPAPI/2.0"
        ],
        "x-ms-ratelimit-remaining-subscription-writes": [
          "1194"
        ],
        "x-ms-request-id": [
          "b43649fd-dfda-4795-bd25-f71d9202c4d8"
        ],
        "x-ms-correlation-request-id": [
          "b43649fd-dfda-4795-bd25-f71d9202c4d8"
        ],
        "x-ms-routing-request-id": [
          "JAPANEAST:20170119T082434Z:b43649fd-dfda-4795-bd25-f71d9202c4d8"
        ],
        "Strict-Transport-Security": [
          "max-age=31536000; includeSubDomains"
        ]
      },
      "StatusCode": 202
    },
    {
      "RequestUri": "/subscriptions/ce4a7590-4722-4bcf-a2c6-e473e9f11778/providers/Microsoft.Storage/operations/295cbcea-be57-4147-bf0c-52492941c767?monitor=true&api-version=2016-12-01",
      "EncodedRequestUri": "L3N1YnNjcmlwdGlvbnMvY2U0YTc1OTAtNDcyMi00YmNmLWEyYzYtZTQ3M2U5ZjExNzc4L3Byb3ZpZGVycy9NaWNyb3NvZnQuU3RvcmFnZS9vcGVyYXRpb25zLzI5NWNiY2VhLWJlNTctNDE0Ny1iZjBjLTUyNDkyOTQxYzc2Nz9tb25pdG9yPXRydWUmYXBpLXZlcnNpb249MjAxNi0xMi0wMQ==",
      "RequestMethod": "GET",
      "RequestBody": "",
      "RequestHeaders": {
        "User-Agent": [
          "FxVersion/4.6.24410.01",
          "Microsoft.Azure.Management.Storage.StorageManagementClient/6.1.0-preview"
        ]
      },
      "ResponseBody": "{\r\n  \"id\": \"/subscriptions/ce4a7590-4722-4bcf-a2c6-e473e9f11778/resourceGroups/res1840/providers/Microsoft.Storage/storageAccounts/sto3804\",\r\n  \"kind\": \"Storage\",\r\n  \"location\": \"eastus2euap\",\r\n  \"name\": \"sto3804\",\r\n  \"properties\": {\r\n    \"creationTime\": \"2017-01-19T08:24:34.4862276Z\",\r\n    \"primaryEndpoints\": {\r\n      \"blob\": \"https://sto3804.blob.core.windows.net/\",\r\n      \"file\": \"https://sto3804.file.core.windows.net/\",\r\n      \"queue\": \"https://sto3804.queue.core.windows.net/\",\r\n      \"table\": \"https://sto3804.table.core.windows.net/\"\r\n    },\r\n    \"primaryLocation\": \"eastus2euap\",\r\n    \"provisioningState\": \"Succeeded\",\r\n    \"secondaryLocation\": \"centraluseuap\",\r\n    \"statusOfPrimary\": \"available\",\r\n    \"statusOfSecondary\": \"available\",\r\n    \"supportsHttpsTrafficOnly\": false\r\n  },\r\n  \"sku\": {\r\n    \"name\": \"Standard_GRS\",\r\n    \"tier\": \"Standard\"\r\n  },\r\n  \"tags\": {\r\n    \"key1\": \"value1\",\r\n    \"key2\": \"value2\"\r\n  },\r\n  \"type\": \"Microsoft.Storage/storageAccounts\"\r\n}",
      "ResponseHeaders": {
        "Content-Type": [
          "application/json"
        ],
        "Expires": [
          "-1"
        ],
        "Cache-Control": [
          "no-cache"
        ],
        "Date": [
          "Thu, 19 Jan 2017 08:25:05 GMT"
        ],
        "Pragma": [
          "no-cache"
        ],
        "Transfer-Encoding": [
          "chunked"
        ],
        "Server": [
          "Microsoft-Azure-Storage-Resource-Provider/1.0",
          "Microsoft-HTTPAPI/2.0"
        ],
        "Vary": [
          "Accept-Encoding"
        ],
        "x-ms-request-id": [
          "de5169b0-968c-45bb-ae00-00a49d07d803"
        ],
        "x-ms-ratelimit-remaining-subscription-reads": [
          "14936"
        ],
        "x-ms-correlation-request-id": [
          "de5169b0-968c-45bb-ae00-00a49d07d803"
        ],
        "x-ms-routing-request-id": [
          "JAPANEAST:20170119T082505Z:de5169b0-968c-45bb-ae00-00a49d07d803"
        ],
        "Strict-Transport-Security": [
          "max-age=31536000; includeSubDomains"
        ]
      },
      "StatusCode": 200
    },
    {
      "RequestUri": "/subscriptions/ce4a7590-4722-4bcf-a2c6-e473e9f11778/resourceGroups/res1840/providers/Microsoft.Storage/storageAccounts/sto3804/ListAccountSas?api-version=2016-12-01",
      "EncodedRequestUri": "L3N1YnNjcmlwdGlvbnMvY2U0YTc1OTAtNDcyMi00YmNmLWEyYzYtZTQ3M2U5ZjExNzc4L3Jlc291cmNlR3JvdXBzL3JlczE4NDAvcHJvdmlkZXJzL01pY3Jvc29mdC5TdG9yYWdlL3N0b3JhZ2VBY2NvdW50cy9zdG8zODA0L0xpc3RBY2NvdW50U2FzP2FwaS12ZXJzaW9uPTIwMTYtMTItMDE=",
      "RequestMethod": "POST",
      "RequestBody": "{\r\n  \"signedServices\": \"b\",\r\n  \"signedResourceTypes\": \"sco\",\r\n  \"signedPermission\": \"rl\",\r\n  \"signedExpiry\": \"0001-01-01T00:00:00Z\"\r\n}",
      "RequestHeaders": {
        "Content-Type": [
          "application/json; charset=utf-8"
        ],
        "Content-Length": [
          "134"
        ],
        "x-ms-client-request-id": [
          "6fbfbb98-e106-4f73-8dee-910fbea2f2df"
        ],
        "accept-language": [
          "en-US"
        ],
        "User-Agent": [
          "FxVersion/4.6.24410.01",
          "Microsoft.Azure.Management.Storage.StorageManagementClient/6.1.0-preview"
        ]
      },
      "ResponseBody": "{\r\n  \"error\": {\r\n    \"code\": \"InvalidValuesForRequestParameters\",\r\n    \"message\": \"Values for request parameters are invalid: signedExpiry.\"\r\n  }\r\n}",
      "ResponseHeaders": {
        "Content-Length": [
          "123"
        ],
        "Content-Type": [
          "application/json"
        ],
        "Expires": [
          "-1"
        ],
        "Cache-Control": [
          "no-cache"
        ],
        "Date": [
          "Thu, 19 Jan 2017 08:25:06 GMT"
        ],
        "Pragma": [
          "no-cache"
        ],
        "Server": [
          "Microsoft-Azure-Storage-Resource-Provider/1.0",
          "Microsoft-HTTPAPI/2.0"
        ],
        "x-ms-request-id": [
          "f83990e8-8b3a-4aa9-9c65-82abf6d01129"
        ],
        "x-ms-ratelimit-remaining-subscription-writes": [
          "1193"
        ],
        "x-ms-correlation-request-id": [
          "f83990e8-8b3a-4aa9-9c65-82abf6d01129"
        ],
        "x-ms-routing-request-id": [
          "JAPANEAST:20170119T082507Z:f83990e8-8b3a-4aa9-9c65-82abf6d01129"
        ],
        "Strict-Transport-Security": [
          "max-age=31536000; includeSubDomains"
        ]
      },
      "StatusCode": 400
    }
  ],
  "Names": {
    "CreateResourceGroup": [
      "res1840"
    ],
    "StorageAccountListAccountSASWithMissingProperties": [
      "sto3804"
    ]
  },
  "Variables": {
    "SubscriptionId": "ce4a7590-4722-4bcf-a2c6-e473e9f11778"
  }
}